[0.008s][info][gc] Using G1
[0.011s][info][gc,init] Version: 15.0.1+9 (release)
[0.011s][info][gc,init] CPUs: 8 total, 8 available
[0.011s][info][gc,init] Memory: 32768M
[0.011s][info][gc,init] Large Page Support: Disabled
[0.011s][info][gc,init] NUMA Support: Disabled
[0.011s][info][gc,init] Compressed Oops: Enabled (Zero based)
[0.011s][info][gc,init] Heap Region Size: 1M
[0.011s][info][gc,init] Heap Min Capacity: 8M
[0.011s][info][gc,init] Heap Initial Capacity: 512M
[0.011s][info][gc,init] Heap Max Capacity: 512M
[0.011s][info][gc,init] Pre-touch: Disabled
[0.011s][info][gc,init] Parallel Workers: 8
[0.011s][info][gc,init] Concurrent Workers: 2
[0.011s][info][gc,init] Concurrent Refinement Workers: 8
[0.011s][info][gc,init] Periodic GC: Disabled
[0.011s][info][gc,cds ] Mark closed archive regions in map: [0x00000007fff00000, 0x00000007fff78ff8]
[0.011s][info][gc,cds ] Mark open archive regions in map: [0x00000007ffe00000, 0x00000007ffe50ff8]
[0.011s][info][gc,metaspace] CDS archive(s) mapped at: [0x0000000800000000-0x0000000800b2d000-0x0000000800b2d000), size 11718656, SharedBaseAddress: 0x0000000800000000, ArchiveRelocationMode: 0.
[0.011s][info][gc,metaspace] Compressed class space mapped at: 0x0000000800b30000-0x0000000840b30000, size: 1073741824
[0.011s][info][gc,metaspace] Narrow klass base: 0x0000000800000000, Narrow klass shift: 3, Narrow klass range: 0x100000000
[0.309s][info][gc,start    ] GC(0) Pause Young (Normal) (G1 Evacuation Pause)
[0.309s][info][gc,task     ] GC(0) Using 8 workers of 8 for evacuation
[0.311s][info][gc,phases   ] GC(0)   Pre Evacuate Collection Set: 0.1ms
[0.311s][info][gc,phases   ] GC(0)   Merge Heap Roots: 0.0ms
[0.311s][info][gc,phases   ] GC(0)   Evacuate Collection Set: 1.6ms
[0.311s][info][gc,phases   ] GC(0)   Post Evacuate Collection Set: 0.3ms
[0.311s][info][gc,phases   ] GC(0)   Other: 0.4ms
[0.311s][info][gc,heap     ] GC(0) Eden regions: 25->0(42)
[0.311s][info][gc,heap     ] GC(0) Survivor regions: 0->3(4)
[0.311s][info][gc,heap     ] GC(0) Old regions: 0->0
[0.311s][info][gc,heap     ] GC(0) Archive regions: 2->2
[0.311s][info][gc,heap     ] GC(0) Humongous regions: 0->0
[0.311s][info][gc,metaspace] GC(0) Metaspace: 3567K(6272K)->3567K(6272K) NonClass: 3221K(5632K)->3221K(5632K) Class: 345K(640K)->345K(640K)
[0.311s][info][gc          ] GC(0) Pause Young (Normal) (G1 Evacuation Pause) 25M->3M(512M) 2.534ms
[0.311s][info][gc,cpu      ] GC(0) User=0.02s Sys=0.00s Real=0.01s
[0.630s][info][gc,start    ] GC(1) Pause Young (Normal) (G1 Evacuation Pause)
[0.630s][info][gc,task     ] GC(1) Using 8 workers of 8 for evacuation
[0.635s][info][gc,phases   ] GC(1)   Pre Evacuate Collection Set: 0.1ms
[0.635s][info][gc,phases   ] GC(1)   Merge Heap Roots: 0.0ms
[0.635s][info][gc,phases   ] GC(1)   Evacuate Collection Set: 4.3ms
[0.635s][info][gc,phases   ] GC(1)   Post Evacuate Collection Set: 0.3ms
[0.635s][info][gc,phases   ] GC(1)   Other: 0.1ms
[0.635s][info][gc,heap     ] GC(1) Eden regions: 42->0(303)
[0.635s][info][gc,heap     ] GC(1) Survivor regions: 3->4(6)
[0.635s][info][gc,heap     ] GC(1) Old regions: 0->0
[0.635s][info][gc,heap     ] GC(1) Archive regions: 2->2
[0.635s][info][gc,heap     ] GC(1) Humongous regions: 0->0
[0.635s][info][gc,metaspace] GC(1) Metaspace: 8082K(9344K)->8082K(9344K) NonClass: 7116K(8192K)->7116K(8192K) Class: 966K(1152K)->966K(1152K)
[0.635s][info][gc          ] GC(1) Pause Young (Normal) (G1 Evacuation Pause) 45M->4M(512M) 4.968ms
[0.635s][info][gc,cpu      ] GC(1) User=0.02s Sys=0.01s Real=0.00s
[1.993s][info][gc,start    ] GC(2) Pause Young (Concurrent Start) (Metadata GC Threshold)
[1.993s][info][gc,task     ] GC(2) Using 8 workers of 8 for evacuation
[1.999s][info][gc,phases   ] GC(2)   Pre Evacuate Collection Set: 0.1ms
[1.999s][info][gc,phases   ] GC(2)   Merge Heap Roots: 0.0ms
[1.999s][info][gc,phases   ] GC(2)   Evacuate Collection Set: 4.9ms
[1.999s][info][gc,phases   ] GC(2)   Post Evacuate Collection Set: 0.9ms
[1.999s][info][gc,phases   ] GC(2)   Other: 0.2ms
[1.999s][info][gc,heap     ] GC(2) Eden regions: 270->0(298)
[1.999s][info][gc,heap     ] GC(2) Survivor regions: 4->9(39)
[1.999s][info][gc,heap     ] GC(2) Old regions: 0->0
[1.999s][info][gc,heap     ] GC(2) Archive regions: 2->2
[1.999s][info][gc,heap     ] GC(2) Humongous regions: 0->0
[1.999s][info][gc,metaspace] GC(2) Metaspace: 20625K(21296K)->20625K(21296K) NonClass: 18148K(18608K)->18148K(18608K) Class: 2477K(2688K)->2477K(2688K)
[1.999s][info][gc          ] GC(2) Pause Young (Concurrent Start) (Metadata GC Threshold) 273M->9M(512M) 6.218ms
[1.999s][info][gc,cpu      ] GC(2) User=0.03s Sys=0.01s Real=0.00s
[1.999s][info][gc          ] GC(3) Concurrent Cycle
[1.999s][info][gc,marking  ] GC(3) Concurrent Clear Claimed Marks
[1.999s][info][gc,marking  ] GC(3) Concurrent Clear Claimed Marks 0.018ms
[1.999s][info][gc,marking  ] GC(3) Concurrent Scan Root Regions
[2.002s][info][gc,marking  ] GC(3) Concurrent Scan Root Regions 3.440ms
[2.002s][info][gc,marking  ] GC(3) Concurrent Mark (2.002s)
[2.002s][info][gc,marking  ] GC(3) Concurrent Mark From Roots
[2.003s][info][gc,task     ] GC(3) Using 2 workers of 2 for marking
[2.003s][info][gc,marking  ] GC(3) Concurrent Mark From Roots 0.889ms
[2.003s][info][gc,marking  ] GC(3) Concurrent Preclean
[2.003s][info][gc,marking  ] GC(3) Concurrent Preclean 0.023ms
[2.003s][info][gc,marking  ] GC(3) Concurrent Mark (2.002s, 2.003s) 0.943ms
[2.004s][info][gc,start    ] GC(3) Pause Remark
[2.018s][info][gc          ] GC(3) Pause Remark 10M->10M(40M) 13.989ms
[2.018s][info][gc,cpu      ] GC(3) User=0.01s Sys=0.01s Real=0.01s
[2.018s][info][gc,marking  ] GC(3) Concurrent Rebuild Remembered Sets
[2.018s][info][gc,marking  ] GC(3) Concurrent Rebuild Remembered Sets 0.355ms
[2.018s][info][gc,start    ] GC(3) Pause Cleanup
[2.018s][info][gc          ] GC(3) Pause Cleanup 10M->10M(40M) 0.048ms
[2.018s][info][gc,cpu      ] GC(3) User=0.00s Sys=0.00s Real=0.00s
[2.018s][info][gc,marking  ] GC(3) Concurrent Cleanup for Next Mark
[2.019s][info][gc,marking  ] GC(3) Concurrent Cleanup for Next Mark 0.236ms
[2.019s][info][gc          ] GC(3) Concurrent Cycle 19.556ms
[2.152s][info][gc,start    ] GC(4) Pause Young (Normal) (G1 Evacuation Pause)
[2.152s][info][gc,task     ] GC(4) Using 5 workers of 8 for evacuation
[2.160s][info][gc,phases   ] GC(4)   Pre Evacuate Collection Set: 0.0ms
[2.160s][info][gc,phases   ] GC(4)   Merge Heap Roots: 0.0ms
[2.160s][info][gc,phases   ] GC(4)   Evacuate Collection Set: 8.0ms
[2.160s][info][gc,phases   ] GC(4)   Post Evacuate Collection Set: 0.6ms
[2.160s][info][gc,phases   ] GC(4)   Other: 0.1ms
[2.160s][info][gc,heap     ] GC(4) Eden regions: 15->0(19)
[2.160s][info][gc,heap     ] GC(4) Survivor regions: 9->2(3)
[2.160s][info][gc,heap     ] GC(4) Old regions: 0->9
[2.160s][info][gc,heap     ] GC(4) Archive regions: 2->2
[2.160s][info][gc,heap     ] GC(4) Humongous regions: 0->0
[2.160s][info][gc,metaspace] GC(4) Metaspace: 22204K(23088K)->22204K(23088K) NonClass: 19500K(20144K)->19500K(20144K) Class: 2703K(2944K)->2703K(2944K)
[2.160s][info][gc          ] GC(4) Pause Young (Normal) (G1 Evacuation Pause) 24M->10M(40M) 8.787ms
[2.160s][info][gc,cpu      ] GC(4) User=0.04s Sys=0.01s Real=0.01s
[2.323s][info][gc,start    ] GC(5) Pause Young (Normal) (G1 Evacuation Pause)
[2.323s][info][gc,task     ] GC(5) Using 3 workers of 8 for evacuation
[2.326s][info][gc,phases   ] GC(5)   Pre Evacuate Collection Set: 0.0ms
[2.326s][info][gc,phases   ] GC(5)   Merge Heap Roots: 0.0ms
[2.326s][info][gc,phases   ] GC(5)   Evacuate Collection Set: 2.5ms
[2.326s][info][gc,phases   ] GC(5)   Post Evacuate Collection Set: 0.2ms
[2.326s][info][gc,phases   ] GC(5)   Other: 0.2ms
[2.326s][info][gc,heap     ] GC(5) Eden regions: 19->0(18)
[2.326s][info][gc,heap     ] GC(5) Survivor regions: 2->3(3)
[2.326s][info][gc,heap     ] GC(5) Old regions: 9->9
[2.326s][info][gc,heap     ] GC(5) Archive regions: 2->2
[2.326s][info][gc,heap     ] GC(5) Humongous regions: 0->0
[2.326s][info][gc,metaspace] GC(5) Metaspace: 24940K(25904K)->24940K(25904K) NonClass: 21947K(22704K)->21947K(22704K) Class: 2992K(3200K)->2992K(3200K)
[2.326s][info][gc          ] GC(5) Pause Young (Normal) (G1 Evacuation Pause) 29M->11M(40M) 3.071ms
[2.326s][info][gc,cpu      ] GC(5) User=0.01s Sys=0.01s Real=0.00s
[2.480s][info][gc,start    ] GC(6) Pause Young (Normal) (G1 Evacuation Pause)
[2.480s][info][gc,task     ] GC(6) Using 2 workers of 8 for evacuation
[2.485s][info][gc,phases   ] GC(6)   Pre Evacuate Collection Set: 0.0ms
[2.485s][info][gc,phases   ] GC(6)   Merge Heap Roots: 0.0ms
[2.485s][info][gc,phases   ] GC(6)   Evacuate Collection Set: 4.5ms
[2.485s][info][gc,phases   ] GC(6)   Post Evacuate Collection Set: 0.3ms
[2.485s][info][gc,phases   ] GC(6)   Other: 0.1ms
[2.485s][info][gc,heap     ] GC(6) Eden regions: 18->0(19)
[2.485s][info][gc,heap     ] GC(6) Survivor regions: 3->2(3)
[2.485s][info][gc,heap     ] GC(6) Old regions: 9->10
[2.485s][info][gc,heap     ] GC(6) Archive regions: 2->2
[2.485s][info][gc,heap     ] GC(6) Humongous regions: 0->0
[2.485s][info][gc,metaspace] GC(6) Metaspace: 26226K(27056K)->26226K(27056K) NonClass: 23038K(23728K)->23038K(23728K) Class: 3187K(3328K)->3187K(3328K)
[2.485s][info][gc          ] GC(6) Pause Young (Normal) (G1 Evacuation Pause) 29M->12M(40M) 5.058ms
[2.485s][info][gc,cpu      ] GC(6) User=0.02s Sys=0.00s Real=0.00s
[2.592s][info][gc,start    ] GC(7) Pause Young (Normal) (G1 Evacuation Pause)
[2.592s][info][gc,task     ] GC(7) Using 8 workers of 8 for evacuation
[2.595s][info][gc,phases   ] GC(7)   Pre Evacuate Collection Set: 0.0ms
[2.595s][info][gc,phases   ] GC(7)   Merge Heap Roots: 0.0ms
[2.595s][info][gc,phases   ] GC(7)   Evacuate Collection Set: 1.8ms
[2.595s][info][gc,phases   ] GC(7)   Post Evacuate Collection Set: 0.2ms
[2.595s][info][gc,phases   ] GC(7)   Other: 0.1ms
[2.595s][info][gc,heap     ] GC(7) Eden regions: 19->0(18)
[2.595s][info][gc,heap     ] GC(7) Survivor regions: 2->2(3)
[2.595s][info][gc,heap     ] GC(7) Old regions: 10->11
[2.595s][info][gc,heap     ] GC(7) Archive regions: 2->2
[2.595s][info][gc,heap     ] GC(7) Humongous regions: 0->0
[2.595s][info][gc,metaspace] GC(7) Metaspace: 27782K(28592K)->27782K(28592K) NonClass: 24390K(25008K)->24390K(25008K) Class: 3392K(3584K)->3392K(3584K)
[2.595s][info][gc          ] GC(7) Pause Young (Normal) (G1 Evacuation Pause) 31M->12M(40M) 2.339ms
[2.595s][info][gc,cpu      ] GC(7) User=0.02s Sys=0.00s Real=0.00s
[2.755s][info][gc,start    ] GC(8) Pause Young (Normal) (G1 Evacuation Pause)
[2.755s][info][gc,task     ] GC(8) Using 8 workers of 8 for evacuation
[2.758s][info][gc,phases   ] GC(8)   Pre Evacuate Collection Set: 0.0ms
[2.758s][info][gc,phases   ] GC(8)   Merge Heap Roots: 0.0ms
[2.758s][info][gc,phases   ] GC(8)   Evacuate Collection Set: 2.1ms
[2.758s][info][gc,phases   ] GC(8)   Post Evacuate Collection Set: 0.2ms
[2.758s][info][gc,phases   ] GC(8)   Other: 0.1ms
[2.758s][info][gc,heap     ] GC(8) Eden regions: 18->0(17)
[2.758s][info][gc,heap     ] GC(8) Survivor regions: 2->3(3)
[2.758s][info][gc,heap     ] GC(8) Old regions: 11->11
[2.758s][info][gc,heap     ] GC(8) Archive regions: 2->2
[2.758s][info][gc,heap     ] GC(8) Humongous regions: 0->0
[2.758s][info][gc,metaspace] GC(8) Metaspace: 28921K(29744K)->28921K(29744K) NonClass: 25392K(26032K)->25392K(26032K) Class: 3528K(3712K)->3528K(3712K)
[2.758s][info][gc          ] GC(8) Pause Young (Normal) (G1 Evacuation Pause) 30M->13M(40M) 2.641ms
[2.758s][info][gc,cpu      ] GC(8) User=0.03s Sys=0.00s Real=0.00s
[2.904s][info][gc,start    ] GC(9) Pause Young (Normal) (G1 Evacuation Pause)
[2.904s][info][gc,task     ] GC(9) Using 8 workers of 8 for evacuation
[2.909s][info][gc,phases   ] GC(9)   Pre Evacuate Collection Set: 0.0ms
[2.909s][info][gc,phases   ] GC(9)   Merge Heap Roots: 0.1ms
[2.909s][info][gc,phases   ] GC(9)   Evacuate Collection Set: 4.2ms
[2.909s][info][gc,phases   ] GC(9)   Post Evacuate Collection Set: 0.4ms
[2.909s][info][gc,phases   ] GC(9)   Other: 0.1ms
[2.909s][info][gc,heap     ] GC(9) Eden regions: 17->0(17)
[2.909s][info][gc,heap     ] GC(9) Survivor regions: 3->2(3)
[2.909s][info][gc,heap     ] GC(9) Old regions: 11->12
[2.909s][info][gc,heap     ] GC(9) Archive regions: 2->2
[2.909s][info][gc,heap     ] GC(9) Humongous regions: 0->0
[2.909s][info][gc,metaspace] GC(9) Metaspace: 29800K(30640K)->29800K(30640K) NonClass: 26159K(26800K)->26159K(26800K) Class: 3640K(3840K)->3640K(3840K)
[2.909s][info][gc          ] GC(9) Pause Young (Normal) (G1 Evacuation Pause) 30M->14M(40M) 4.943ms
[2.909s][info][gc,cpu      ] GC(9) User=0.03s Sys=0.00s Real=0.00s
[3.007s][info][gc,start    ] GC(10) Pause Young (Normal) (G1 Evacuation Pause)
[3.007s][info][gc,task     ] GC(10) Using 8 workers of 8 for evacuation
[3.011s][info][gc,phases   ] GC(10)   Pre Evacuate Collection Set: 0.0ms
[3.011s][info][gc,phases   ] GC(10)   Merge Heap Roots: 0.0ms
[3.011s][info][gc,phases   ] GC(10)   Evacuate Collection Set: 1.7ms
[3.011s][info][gc,phases   ] GC(10)   Post Evacuate Collection Set: 1.8ms
[3.011s][info][gc,phases   ] GC(10)   Other: 0.1ms
[3.011s][info][gc,heap     ] GC(10) Eden regions: 17->0(163)
[3.011s][info][gc,heap     ] GC(10) Survivor regions: 2->2(3)
[3.011s][info][gc,heap     ] GC(10) Old regions: 12->13
[3.011s][info][gc,heap     ] GC(10) Archive regions: 2->2
[3.011s][info][gc,heap     ] GC(10) Humongous regions: 0->0
[3.011s][info][gc,metaspace] GC(10) Metaspace: 30667K(31536K)->30667K(31536K) NonClass: 26913K(27568K)->26913K(27568K) Class: 3753K(3968K)->3753K(3968K)
[3.011s][info][gc          ] GC(10) Pause Young (Normal) (G1 Evacuation Pause) 31M->14M(276M) 3.775ms
[3.011s][info][gc,cpu      ] GC(10) User=0.02s Sys=0.01s Real=0.01s
[3.622s][info][gc,start    ] GC(11) Pause Young (Concurrent Start) (Metadata GC Threshold)
[3.622s][info][gc,task     ] GC(11) Using 8 workers of 8 for evacuation
[3.627s][info][gc,phases   ] GC(11)   Pre Evacuate Collection Set: 0.1ms
[3.627s][info][gc,phases   ] GC(11)   Merge Heap Roots: 0.0ms
[3.627s][info][gc,phases   ] GC(11)   Evacuate Collection Set: 4.6ms
[3.627s][info][gc,phases   ] GC(11)   Post Evacuate Collection Set: 0.6ms
[3.627s][info][gc,phases   ] GC(11)   Other: 0.1ms
[3.627s][info][gc,heap     ] GC(11) Eden regions: 75->0(161)
[3.627s][info][gc,heap     ] GC(11) Survivor regions: 2->4(21)
[3.627s][info][gc,heap     ] GC(11) Old regions: 13->13
[3.627s][info][gc,heap     ] GC(11) Archive regions: 2->2
[3.627s][info][gc,heap     ] GC(11) Humongous regions: 0->0
[3.627s][info][gc,metaspace] GC(11) Metaspace: 35059K(35920K)->35059K(35920K) NonClass: 30703K(31312K)->30703K(31312K) Class: 4355K(4608K)->4355K(4608K)
[3.627s][info][gc          ] GC(11) Pause Young (Concurrent Start) (Metadata GC Threshold) 89M->17M(276M) 5.638ms
[3.627s][info][gc,cpu      ] GC(11) User=0.03s Sys=0.00s Real=0.00s
[3.627s][info][gc          ] GC(12) Concurrent Cycle
[3.627s][info][gc,marking  ] GC(12) Concurrent Clear Claimed Marks
[3.627s][info][gc,marking  ] GC(12) Concurrent Clear Claimed Marks 0.059ms
[3.627s][info][gc,marking  ] GC(12) Concurrent Scan Root Regions
[3.632s][info][gc,marking  ] GC(12) Concurrent Scan Root Regions 5.038ms
[3.633s][info][gc,marking  ] GC(12) Concurrent Mark (3.633s)
[3.633s][info][gc,marking  ] GC(12) Concurrent Mark From Roots
[3.633s][info][gc,task     ] GC(12) Using 2 workers of 2 for marking
[3.648s][info][gc,marking  ] GC(12) Concurrent Mark From Roots 15.498ms
[3.648s][info][gc,marking  ] GC(12) Concurrent Preclean
[3.648s][info][gc,marking  ] GC(12) Concurrent Preclean 0.079ms
[3.648s][info][gc,marking  ] GC(12) Concurrent Mark (3.633s, 3.648s) 15.651ms
[3.648s][info][gc,start    ] GC(12) Pause Remark
[3.654s][info][gc          ] GC(12) Pause Remark 19M->19M(70M) 5.655ms
[3.654s][info][gc,cpu      ] GC(12) User=0.03s Sys=0.00s Real=0.01s
[3.654s][info][gc,marking  ] GC(12) Concurrent Rebuild Remembered Sets
[3.662s][info][gc,marking  ] GC(12) Concurrent Rebuild Remembered Sets 8.324ms
[3.663s][info][gc,start    ] GC(12) Pause Cleanup
[3.663s][info][gc          ] GC(12) Pause Cleanup 19M->19M(70M) 0.087ms
[3.663s][info][gc,cpu      ] GC(12) User=0.00s Sys=0.00s Real=0.00s
[3.663s][info][gc,marking  ] GC(12) Concurrent Cleanup for Next Mark
[3.663s][info][gc,marking  ] GC(12) Concurrent Cleanup for Next Mark 0.406ms
[3.663s][info][gc          ] GC(12) Concurrent Cycle 35.846ms
[3.896s][info][gc,start    ] GC(13) Pause Young (Normal) (G1 Evacuation Pause)
[3.896s][info][gc,task     ] GC(13) Using 8 workers of 8 for evacuation
[3.900s][info][gc,phases   ] GC(13)   Pre Evacuate Collection Set: 0.0ms
[3.900s][info][gc,phases   ] GC(13)   Merge Heap Roots: 0.1ms
[3.900s][info][gc,phases   ] GC(13)   Evacuate Collection Set: 3.2ms
[3.900s][info][gc,phases   ] GC(13)   Post Evacuate Collection Set: 0.3ms
[3.900s][info][gc,phases   ] GC(13)   Other: 0.1ms
[3.900s][info][gc,heap     ] GC(13) Eden regions: 51->0(40)
[3.900s][info][gc,heap     ] GC(13) Survivor regions: 4->5(21)
[3.900s][info][gc,heap     ] GC(13) Old regions: 13->13
[3.900s][info][gc,heap     ] GC(13) Archive regions: 2->2
[3.900s][info][gc,heap     ] GC(13) Humongous regions: 0->0
[3.900s][info][gc,metaspace] GC(13) Metaspace: 38720K(39760K)->38720K(39760K) NonClass: 33831K(34640K)->33831K(34640K) Class: 4889K(5120K)->4889K(5120K)
[3.900s][info][gc          ] GC(13) Pause Young (Normal) (G1 Evacuation Pause) 68M->18M(75M) 3.776ms
[3.900s][info][gc,cpu      ] GC(13) User=0.02s Sys=0.01s Real=0.00s
[124.135s][info][gc,start    ] GC(14) Pause Young (Normal) (G1 Evacuation Pause)
[124.135s][info][gc,task     ] GC(14) Using 8 workers of 8 for evacuation
[124.139s][info][gc,phases   ] GC(14)   Pre Evacuate Collection Set: 0.0ms
[124.139s][info][gc,phases   ] GC(14)   Merge Heap Roots: 0.0ms
[124.139s][info][gc,phases   ] GC(14)   Evacuate Collection Set: 3.2ms
[124.139s][info][gc,phases   ] GC(14)   Post Evacuate Collection Set: 0.4ms
[124.139s][info][gc,phases   ] GC(14)   Other: 0.1ms
[124.139s][info][gc,heap     ] GC(14) Eden regions: 40->0(42)
[124.139s][info][gc,heap     ] GC(14) Survivor regions: 5->3(6)
[124.139s][info][gc,heap     ] GC(14) Old regions: 13->16
[124.139s][info][gc,heap     ] GC(14) Archive regions: 2->2
[124.139s][info][gc,heap     ] GC(14) Humongous regions: 0->0
[124.139s][info][gc,metaspace] GC(14) Metaspace: 42888K(44112K)->42888K(44112K) NonClass: 37513K(38480K)->37513K(38480K) Class: 5375K(5632K)->5375K(5632K)
[124.139s][info][gc          ] GC(14) Pause Young (Normal) (G1 Evacuation Pause) 58M->19M(75M) 3.907ms
[124.139s][info][gc,cpu      ] GC(14) User=0.03s Sys=0.00s Real=0.00s
[124.250s][info][gc,start    ] GC(15) Pause Young (Normal) (G1 Evacuation Pause)
[124.250s][info][gc,task     ] GC(15) Using 8 workers of 8 for evacuation
[124.253s][info][gc,phases   ] GC(15)   Pre Evacuate Collection Set: 0.0ms
[124.253s][info][gc,phases   ] GC(15)   Merge Heap Roots: 0.0ms
[124.253s][info][gc,phases   ] GC(15)   Evacuate Collection Set: 2.6ms
[124.253s][info][gc,phases   ] GC(15)   Post Evacuate Collection Set: 0.2ms
[124.253s][info][gc,phases   ] GC(15)   Other: 0.1ms
[124.253s][info][gc,heap     ] GC(15) Eden regions: 42->0(30)
[124.253s][info][gc,heap     ] GC(15) Survivor regions: 3->6(6)
[124.253s][info][gc,heap     ] GC(15) Old regions: 16->20
[124.253s][info][gc,heap     ] GC(15) Archive regions: 2->2
[124.253s][info][gc,heap     ] GC(15) Humongous regions: 0->0
[124.253s][info][gc,metaspace] GC(15) Metaspace: 44989K(46160K)->44989K(46160K) NonClass: 39367K(40272K)->39367K(40272K) Class: 5622K(5888K)->5622K(5888K)
[124.253s][info][gc          ] GC(15) Pause Young (Normal) (G1 Evacuation Pause) 61M->25M(75M) 3.133ms
[124.254s][info][gc,cpu      ] GC(15) User=0.02s Sys=0.01s Real=0.00s
[124.874s][info][gc,start    ] GC(16) Pause Young (Normal) (G1 Evacuation Pause)
[124.874s][info][gc,task     ] GC(16) Using 8 workers of 8 for evacuation
[124.877s][info][gc,phases   ] GC(16)   Pre Evacuate Collection Set: 0.0ms
[124.877s][info][gc,phases   ] GC(16)   Merge Heap Roots: 0.0ms
[124.877s][info][gc,phases   ] GC(16)   Evacuate Collection Set: 2.4ms
[124.877s][info][gc,phases   ] GC(16)   Post Evacuate Collection Set: 0.3ms
[124.877s][info][gc,phases   ] GC(16)   Other: 0.1ms
[124.877s][info][gc,heap     ] GC(16) Eden regions: 30->0(26)
[124.877s][info][gc,heap     ] GC(16) Survivor regions: 6->5(5)
[124.877s][info][gc,heap     ] GC(16) Old regions: 20->26
[124.877s][info][gc,heap     ] GC(16) Archive regions: 2->2
[124.877s][info][gc,heap     ] GC(16) Humongous regions: 0->0
[124.877s][info][gc,metaspace] GC(16) Metaspace: 45948K(47184K)->45948K(47184K) NonClass: 40321K(41296K)->40321K(41296K) Class: 5627K(5888K)->5627K(5888K)
[124.877s][info][gc          ] GC(16) Pause Young (Normal) (G1 Evacuation Pause) 55M->30M(75M) 3.070ms
[124.877s][info][gc,cpu      ] GC(16) User=0.02s Sys=0.01s Real=0.00s
[125.134s][info][gc,start    ] GC(17) Pause Young (Normal) (G1 Evacuation Pause)
[125.134s][info][gc,task     ] GC(17) Using 8 workers of 8 for evacuation
[125.136s][info][gc,phases   ] GC(17)   Pre Evacuate Collection Set: 0.0ms
[125.136s][info][gc,phases   ] GC(17)   Merge Heap Roots: 0.0ms
[125.136s][info][gc,phases   ] GC(17)   Evacuate Collection Set: 0.9ms
[125.136s][info][gc,phases   ] GC(17)   Post Evacuate Collection Set: 0.2ms
[125.136s][info][gc,phases   ] GC(17)   Other: 0.1ms
[125.136s][info][gc,heap     ] GC(17) Eden regions: 26->0(27)
[125.136s][info][gc,heap     ] GC(17) Survivor regions: 5->1(4)
[125.136s][info][gc,heap     ] GC(17) Old regions: 26->30
[125.136s][info][gc,heap     ] GC(17) Archive regions: 2->2
[125.136s][info][gc,heap     ] GC(17) Humongous regions: 0->0
[125.136s][info][gc,metaspace] GC(17) Metaspace: 46015K(47184K)->46015K(47184K) NonClass: 40388K(41296K)->40388K(41296K) Class: 5627K(5888K)->5627K(5888K)
[125.136s][info][gc          ] GC(17) Pause Young (Normal) (G1 Evacuation Pause) 56M->30M(75M) 1.317ms
[125.136s][info][gc,cpu      ] GC(17) User=0.00s Sys=0.00s Real=0.00s
[125.388s][info][gc,start    ] GC(18) Pause Young (Normal) (G1 Evacuation Pause)
[125.388s][info][gc,task     ] GC(18) Using 8 workers of 8 for evacuation
[125.389s][info][gc,phases   ] GC(18)   Pre Evacuate Collection Set: 0.0ms
[125.389s][info][gc,phases   ] GC(18)   Merge Heap Roots: 0.0ms
[125.389s][info][gc,phases   ] GC(18)   Evacuate Collection Set: 0.2ms
[125.389s][info][gc,phases   ] GC(18)   Post Evacuate Collection Set: 0.2ms
[125.389s][info][gc,phases   ] GC(18)   Other: 0.1ms
[125.389s][info][gc,heap     ] GC(18) Eden regions: 27->0(28)
[125.389s][info][gc,heap     ] GC(18) Survivor regions: 1->1(4)
[125.389s][info][gc,heap     ] GC(18) Old regions: 30->30
[125.389s][info][gc,heap     ] GC(18) Archive regions: 2->2
[125.389s][info][gc,heap     ] GC(18) Humongous regions: 0->0
[125.389s][info][gc,metaspace] GC(18) Metaspace: 46070K(47440K)->46070K(47440K) NonClass: 40443K(41552K)->40443K(41552K) Class: 5627K(5888K)->5627K(5888K)
[125.389s][info][gc          ] GC(18) Pause Young (Normal) (G1 Evacuation Pause) 57M->30M(75M) 0.593ms
[125.389s][info][gc,cpu      ] GC(18) User=0.00s Sys=0.00s Real=0.00s
[137.271s][info][gc,start    ] GC(19) Pause Young (Normal) (G1 Evacuation Pause)
[137.271s][info][gc,task     ] GC(19) Using 8 workers of 8 for evacuation
[137.271s][info][gc,phases   ] GC(19)   Pre Evacuate Collection Set: 0.0ms
[137.271s][info][gc,phases   ] GC(19)   Merge Heap Roots: 0.0ms
[137.271s][info][gc,phases   ] GC(19)   Evacuate Collection Set: 0.5ms
[137.271s][info][gc,phases   ] GC(19)   Post Evacuate Collection Set: 0.2ms
[137.271s][info][gc,phases   ] GC(19)   Other: 0.1ms
[137.271s][info][gc,heap     ] GC(19) Eden regions: 28->0(28)
[137.271s][info][gc,heap     ] GC(19) Survivor regions: 1->1(4)
[137.271s][info][gc,heap     ] GC(19) Old regions: 30->30
[137.271s][info][gc,heap     ] GC(19) Archive regions: 2->2
[137.271s][info][gc,heap     ] GC(19) Humongous regions: 0->0
[137.271s][info][gc,metaspace] GC(19) Metaspace: 46135K(47440K)->46135K(47440K) NonClass: 40507K(41552K)->40507K(41552K) Class: 5628K(5888K)->5628K(5888K)
[137.271s][info][gc          ] GC(19) Pause Young (Normal) (G1 Evacuation Pause) 58M->30M(75M) 0.879ms
[137.271s][info][gc,cpu      ] GC(19) User=0.01s Sys=0.00s Real=0.00s
[137.541s][info][gc,start    ] GC(20) Pause Young (Normal) (G1 Evacuation Pause)
[137.541s][info][gc,task     ] GC(20) Using 8 workers of 8 for evacuation
[137.542s][info][gc,phases   ] GC(20)   Pre Evacuate Collection Set: 0.0ms
[137.542s][info][gc,phases   ] GC(20)   Merge Heap Roots: 0.0ms
[137.542s][info][gc,phases   ] GC(20)   Evacuate Collection Set: 0.4ms
[137.542s][info][gc,phases   ] GC(20)   Post Evacuate Collection Set: 0.2ms
[137.542s][info][gc,phases   ] GC(20)   Other: 0.1ms
[137.542s][info][gc,heap     ] GC(20) Eden regions: 28->0(29)
[137.542s][info][gc,heap     ] GC(20) Survivor regions: 1->1(4)
[137.542s][info][gc,heap     ] GC(20) Old regions: 30->30
[137.542s][info][gc,heap     ] GC(20) Archive regions: 2->2
[137.542s][info][gc,heap     ] GC(20) Humongous regions: 0->0
[137.542s][info][gc,metaspace] GC(20) Metaspace: 46167K(47440K)->46167K(47440K) NonClass: 40539K(41552K)->40539K(41552K) Class: 5628K(5888K)->5628K(5888K)
[137.542s][info][gc          ] GC(20) Pause Young (Normal) (G1 Evacuation Pause) 58M->30M(75M) 0.810ms
[137.542s][info][gc,cpu      ] GC(20) User=0.01s Sys=0.00s Real=0.00s
[194.080s][info][gc,start    ] GC(21) Pause Young (Normal) (G1 Evacuation Pause)
[194.080s][info][gc,task     ] GC(21) Using 8 workers of 8 for evacuation
[194.081s][info][gc,phases   ] GC(21)   Pre Evacuate Collection Set: 0.1ms
[194.081s][info][gc,phases   ] GC(21)   Merge Heap Roots: 0.0ms
[194.081s][info][gc,phases   ] GC(21)   Evacuate Collection Set: 0.7ms
[194.081s][info][gc,phases   ] GC(21)   Post Evacuate Collection Set: 0.3ms
[194.081s][info][gc,phases   ] GC(21)   Other: 0.2ms
[194.081s][info][gc,heap     ] GC(21) Eden regions: 29->0(30)
[194.081s][info][gc,heap     ] GC(21) Survivor regions: 1->1(4)
[194.081s][info][gc,heap     ] GC(21) Old regions: 30->30
[194.081s][info][gc,heap     ] GC(21) Archive regions: 2->2
[194.081s][info][gc,heap     ] GC(21) Humongous regions: 0->0
[194.081s][info][gc,metaspace] GC(21) Metaspace: 46575K(47696K)->46575K(47696K) NonClass: 40906K(41808K)->40906K(41808K) Class: 5668K(5888K)->5668K(5888K)
[194.081s][info][gc          ] GC(21) Pause Young (Normal) (G1 Evacuation Pause) 59M->30M(75M) 1.320ms
[194.081s][info][gc,cpu      ] GC(21) User=0.00s Sys=0.01s Real=0.01s
[220.105s][info][gc,start    ] GC(22) Pause Young (Normal) (G1 Evacuation Pause)
[220.105s][info][gc,task     ] GC(22) Using 8 workers of 8 for evacuation
[220.108s][info][gc,phases   ] GC(22)   Pre Evacuate Collection Set: 0.1ms
[220.108s][info][gc,phases   ] GC(22)   Merge Heap Roots: 0.0ms
[220.108s][info][gc,phases   ] GC(22)   Evacuate Collection Set: 2.9ms
[220.108s][info][gc,phases   ] GC(22)   Post Evacuate Collection Set: 0.3ms
[220.108s][info][gc,phases   ] GC(22)   Other: 0.2ms
[220.108s][info][gc,heap     ] GC(22) Eden regions: 30->0(20)
[220.108s][info][gc,heap     ] GC(22) Survivor regions: 1->4(4)
[220.108s][info][gc,heap     ] GC(22) Old regions: 30->33
[220.108s][info][gc,heap     ] GC(22) Archive regions: 2->2
[220.108s][info][gc,heap     ] GC(22) Humongous regions: 0->0
[220.108s][info][gc,metaspace] GC(22) Metaspace: 48593K(49616K)->48593K(49616K) NonClass: 42714K(43344K)->42714K(43344K) Class: 5879K(6272K)->5879K(6272K)
[220.108s][info][gc          ] GC(22) Pause Young (Normal) (G1 Evacuation Pause) 60M->37M(75M) 3.513ms
[220.108s][info][gc,cpu      ] GC(22) User=0.03s Sys=0.00s Real=0.00s
[220.244s][info][gc,start    ] GC(23) Pause Young (Concurrent Start) (G1 Evacuation Pause)
[220.244s][info][gc,task     ] GC(23) Using 8 workers of 8 for evacuation
[220.246s][info][gc,phases   ] GC(23)   Pre Evacuate Collection Set: 0.1ms
[220.246s][info][gc,phases   ] GC(23)   Merge Heap Roots: 0.0ms
[220.246s][info][gc,phases   ] GC(23)   Evacuate Collection Set: 1.4ms
[220.246s][info][gc,phases   ] GC(23)   Post Evacuate Collection Set: 0.2ms
[220.246s][info][gc,phases   ] GC(23)   Other: 0.2ms
[220.246s][info][gc,heap     ] GC(23) Eden regions: 20->0(19)
[220.246s][info][gc,heap     ] GC(23) Survivor regions: 4->2(3)
[220.246s][info][gc,heap     ] GC(23) Old regions: 33->37
[220.246s][info][gc,heap     ] GC(23) Archive regions: 2->2
[220.246s][info][gc,heap     ] GC(23) Humongous regions: 0->0
[220.246s][info][gc,metaspace] GC(23) Metaspace: 48613K(49616K)->48613K(49616K) NonClass: 42732K(43344K)->42732K(43344K) Class: 5881K(6272K)->5881K(6272K)
[220.246s][info][gc          ] GC(23) Pause Young (Concurrent Start) (G1 Evacuation Pause) 57M->39M(75M) 2.122ms
[220.246s][info][gc,cpu      ] GC(23) User=0.01s Sys=0.00s Real=0.00s
[220.246s][info][gc          ] GC(24) Concurrent Cycle
[220.246s][info][gc,marking  ] GC(24) Concurrent Clear Claimed Marks
[220.246s][info][gc,marking  ] GC(24) Concurrent Clear Claimed Marks 0.094ms
[220.246s][info][gc,marking  ] GC(24) Concurrent Scan Root Regions
[220.248s][info][gc,marking  ] GC(24) Concurrent Scan Root Regions 1.989ms
[220.248s][info][gc,marking  ] GC(24) Concurrent Mark (220.248s)
[220.248s][info][gc,marking  ] GC(24) Concurrent Mark From Roots
[220.248s][info][gc,task     ] GC(24) Using 2 workers of 2 for marking
[220.275s][info][gc,marking  ] GC(24) Concurrent Mark From Roots 26.584ms
[220.275s][info][gc,marking  ] GC(24) Concurrent Preclean
[220.275s][info][gc,marking  ] GC(24) Concurrent Preclean 0.101ms
[220.275s][info][gc,marking  ] GC(24) Concurrent Mark (220.248s, 220.275s) 26.766ms
[220.275s][info][gc,start    ] GC(24) Pause Remark
[220.278s][info][gc          ] GC(24) Pause Remark 42M->42M(75M) 2.695ms
[220.278s][info][gc,cpu      ] GC(24) User=0.02s Sys=0.00s Real=0.00s
[220.278s][info][gc,marking  ] GC(24) Concurrent Rebuild Remembered Sets
[220.295s][info][gc,marking  ] GC(24) Concurrent Rebuild Remembered Sets 17.277ms
[220.296s][info][gc,start    ] GC(24) Pause Cleanup
[220.296s][info][gc          ] GC(24) Pause Cleanup 44M->44M(75M) 0.084ms
[220.296s][info][gc,cpu      ] GC(24) User=0.00s Sys=0.00s Real=0.00s
[220.296s][info][gc,marking  ] GC(24) Concurrent Cleanup for Next Mark
[220.296s][info][gc,marking  ] GC(24) Concurrent Cleanup for Next Mark 0.612ms
[220.297s][info][gc          ] GC(24) Concurrent Cycle 50.466ms
[220.380s][info][gc,start    ] GC(25) Pause Young (Normal) (G1 Evacuation Pause)
[220.380s][info][gc,task     ] GC(25) Using 8 workers of 8 for evacuation
[220.381s][info][gc,phases   ] GC(25)   Pre Evacuate Collection Set: 0.1ms
[220.381s][info][gc,phases   ] GC(25)   Merge Heap Roots: 0.0ms
[220.381s][info][gc,phases   ] GC(25)   Evacuate Collection Set: 0.8ms
[220.381s][info][gc,phases   ] GC(25)   Post Evacuate Collection Set: 0.2ms
[220.381s][info][gc,phases   ] GC(25)   Other: 0.1ms
[220.381s][info][gc,heap     ] GC(25) Eden regions: 19->0(18)
[220.381s][info][gc,heap     ] GC(25) Survivor regions: 2->3(3)
[220.381s][info][gc,heap     ] GC(25) Old regions: 37->37
[220.381s][info][gc,heap     ] GC(25) Archive regions: 2->2
[220.381s][info][gc,heap     ] GC(25) Humongous regions: 0->0
[220.381s][info][gc,metaspace] GC(25) Metaspace: 48622K(49872K)->48622K(49872K) NonClass: 42740K(43600K)->42740K(43600K) Class: 5881K(6272K)->5881K(6272K)
[220.381s][info][gc          ] GC(25) Pause Young (Normal) (G1 Evacuation Pause) 58M->40M(75M) 1.211ms
[220.381s][info][gc,cpu      ] GC(25) User=0.00s Sys=0.00s Real=0.01s
[220.493s][info][gc,start    ] GC(26) Pause Young (Concurrent Start) (G1 Evacuation Pause)
[220.493s][info][gc,task     ] GC(26) Using 8 workers of 8 for evacuation
[220.494s][info][gc,phases   ] GC(26)   Pre Evacuate Collection Set: 0.1ms
[220.494s][info][gc,phases   ] GC(26)   Merge Heap Roots: 0.0ms
[220.494s][info][gc,phases   ] GC(26)   Evacuate Collection Set: 0.7ms
[220.494s][info][gc,phases   ] GC(26)   Post Evacuate Collection Set: 0.2ms
[220.494s][info][gc,phases   ] GC(26)   Other: 0.1ms
[220.494s][info][gc,heap     ] GC(26) Eden regions: 18->0(19)
[220.494s][info][gc,heap     ] GC(26) Survivor regions: 3->2(3)
[220.494s][info][gc,heap     ] GC(26) Old regions: 37->39
[220.494s][info][gc,heap     ] GC(26) Archive regions: 2->2
[220.494s][info][gc,heap     ] GC(26) Humongous regions: 0->0
[220.494s][info][gc,metaspace] GC(26) Metaspace: 48622K(49872K)->48622K(49872K) NonClass: 42740K(43600K)->42740K(43600K) Class: 5881K(6272K)->5881K(6272K)
[220.494s][info][gc          ] GC(26) Pause Young (Concurrent Start) (G1 Evacuation Pause) 58M->40M(75M) 1.202ms
[220.494s][info][gc,cpu      ] GC(26) User=0.00s Sys=0.00s Real=0.00s
[220.494s][info][gc          ] GC(27) Concurrent Cycle
[220.494s][info][gc,marking  ] GC(27) Concurrent Clear Claimed Marks
[220.494s][info][gc,marking  ] GC(27) Concurrent Clear Claimed Marks 0.057ms
[220.494s][info][gc,marking  ] GC(27) Concurrent Scan Root Regions
[220.495s][info][gc,marking  ] GC(27) Concurrent Scan Root Regions 0.932ms
[220.495s][info][gc,marking  ] GC(27) Concurrent Mark (220.495s)
[220.495s][info][gc,marking  ] GC(27) Concurrent Mark From Roots
[220.495s][info][gc,task     ] GC(27) Using 2 workers of 2 for marking
[220.519s][info][gc,marking  ] GC(27) Concurrent Mark From Roots 23.519ms
[220.519s][info][gc,marking  ] GC(27) Concurrent Preclean
[220.519s][info][gc,marking  ] GC(27) Concurrent Preclean 0.059ms
[220.519s][info][gc,marking  ] GC(27) Concurrent Mark (220.495s, 220.519s) 23.633ms
[220.519s][info][gc,start    ] GC(27) Pause Remark
[220.521s][info][gc          ] GC(27) Pause Remark 42M->42M(77M) 1.659ms
[220.521s][info][gc,cpu      ] GC(27) User=0.01s Sys=0.00s Real=0.00s
[220.521s][info][gc,marking  ] GC(27) Concurrent Rebuild Remembered Sets
[220.536s][info][gc,marking  ] GC(27) Concurrent Rebuild Remembered Sets 15.275ms
[220.536s][info][gc,start    ] GC(27) Pause Cleanup
[220.536s][info][gc          ] GC(27) Pause Cleanup 44M->44M(77M) 0.070ms
[220.536s][info][gc,cpu      ] GC(27) User=0.00s Sys=0.00s Real=0.00s
[220.537s][info][gc,marking  ] GC(27) Concurrent Cleanup for Next Mark
[220.537s][info][gc,marking  ] GC(27) Concurrent Cleanup for Next Mark 0.185ms
[220.537s][info][gc          ] GC(27) Concurrent Cycle 42.375ms
[220.637s][info][gc,start    ] GC(28) Pause Young (Prepare Mixed) (G1 Evacuation Pause)
[220.637s][info][gc,task     ] GC(28) Using 8 workers of 8 for evacuation
[220.638s][info][gc,phases   ] GC(28)   Pre Evacuate Collection Set: 0.0ms
[220.638s][info][gc,phases   ] GC(28)   Merge Heap Roots: 0.0ms
[220.638s][info][gc,phases   ] GC(28)   Evacuate Collection Set: 0.5ms
[220.638s][info][gc,phases   ] GC(28)   Post Evacuate Collection Set: 0.3ms
[220.638s][info][gc,phases   ] GC(28)   Other: 0.1ms
[220.638s][info][gc,heap     ] GC(28) Eden regions: 19->0(1)
[220.638s][info][gc,heap     ] GC(28) Survivor regions: 2->2(3)
[220.638s][info][gc,heap     ] GC(28) Old regions: 39->39
[220.638s][info][gc,heap     ] GC(28) Archive regions: 2->2
[220.638s][info][gc,heap     ] GC(28) Humongous regions: 0->0
[220.638s][info][gc,metaspace] GC(28) Metaspace: 48622K(49872K)->48622K(49872K) NonClass: 42740K(43600K)->42740K(43600K) Class: 5882K(6272K)->5882K(6272K)
[220.638s][info][gc          ] GC(28) Pause Young (Prepare Mixed) (G1 Evacuation Pause) 59M->40M(77M) 1.054ms
[220.638s][info][gc,cpu      ] GC(28) User=0.01s Sys=0.00s Real=0.00s
[220.645s][info][gc,start    ] GC(29) Pause Young (Mixed) (G1 Evacuation Pause)
[220.645s][info][gc,task     ] GC(29) Using 8 workers of 8 for evacuation
[220.646s][info][gc,phases   ] GC(29)   Pre Evacuate Collection Set: 0.0ms
[220.646s][info][gc,phases   ] GC(29)   Merge Heap Roots: 0.0ms
[220.646s][info][gc,phases   ] GC(29)   Evacuate Collection Set: 1.2ms
[220.646s][info][gc,phases   ] GC(29)   Post Evacuate Collection Set: 0.2ms
[220.646s][info][gc,phases   ] GC(29)   Other: 0.1ms
[220.646s][info][gc,heap     ] GC(29) Eden regions: 1->0(2)
[220.646s][info][gc,heap     ] GC(29) Survivor regions: 2->1(1)
[220.646s][info][gc,heap     ] GC(29) Old regions: 39->33
[220.646s][info][gc,heap     ] GC(29) Archive regions: 2->2
[220.646s][info][gc,heap     ] GC(29) Humongous regions: 0->0
[220.646s][info][gc,metaspace] GC(29) Metaspace: 48622K(49872K)->48622K(49872K) NonClass: 42740K(43600K)->42740K(43600K) Class: 5882K(6272K)->5882K(6272K)
[220.646s][info][gc          ] GC(29) Pause Young (Mixed) (G1 Evacuation Pause) 41M->33M(77M) 1.644ms
[220.646s][info][gc,cpu      ] GC(29) User=0.02s Sys=0.00s Real=0.00s
[220.656s][info][gc,start    ] GC(30) Pause Young (Mixed) (G1 Evacuation Pause)
[220.656s][info][gc,task     ] GC(30) Using 8 workers of 8 for evacuation
[220.660s][info][gc,phases   ] GC(30)   Pre Evacuate Collection Set: 0.0ms
[220.660s][info][gc,phases   ] GC(30)   Merge Heap Roots: 0.0ms
[220.660s][info][gc,phases   ] GC(30)   Evacuate Collection Set: 2.8ms
[220.660s][info][gc,phases   ] GC(30)   Post Evacuate Collection Set: 0.3ms
[220.660s][info][gc,phases   ] GC(30)   Other: 0.2ms
[220.660s][info][gc,heap     ] GC(30) Eden regions: 2->0(30)
[220.660s][info][gc,heap     ] GC(30) Survivor regions: 1->1(1)
[220.660s][info][gc,heap     ] GC(30) Old regions: 33->30
[220.660s][info][gc,heap     ] GC(30) Archive regions: 2->2
[220.660s][info][gc,heap     ] GC(30) Humongous regions: 0->0
[220.660s][info][gc,metaspace] GC(30) Metaspace: 48623K(49872K)->48623K(49872K) NonClass: 42741K(43600K)->42741K(43600K) Class: 5882K(6272K)->5882K(6272K)
[220.660s][info][gc          ] GC(30) Pause Young (Mixed) (G1 Evacuation Pause) 35M->30M(77M) 3.469ms
[220.660s][info][gc,cpu      ] GC(30) User=0.02s Sys=0.00s Real=0.00s
[220.873s][info][gc,start    ] GC(31) Pause Young (Normal) (G1 Evacuation Pause)
[220.873s][info][gc,task     ] GC(31) Using 8 workers of 8 for evacuation
[220.874s][info][gc,phases   ] GC(31)   Pre Evacuate Collection Set: 0.0ms
[220.874s][info][gc,phases   ] GC(31)   Merge Heap Roots: 0.0ms
[220.874s][info][gc,phases   ] GC(31)   Evacuate Collection Set: 0.7ms
[220.874s][info][gc,phases   ] GC(31)   Post Evacuate Collection Set: 0.2ms
[220.874s][info][gc,phases   ] GC(31)   Other: 0.1ms
[220.874s][info][gc,heap     ] GC(31) Eden regions: 30->0(31)
[220.874s][info][gc,heap     ] GC(31) Survivor regions: 1->1(4)
[220.874s][info][gc,heap     ] GC(31) Old regions: 30->30
[220.874s][info][gc,heap     ] GC(31) Archive regions: 2->2
[220.874s][info][gc,heap     ] GC(31) Humongous regions: 0->0
[220.874s][info][gc,metaspace] GC(31) Metaspace: 48623K(49872K)->48623K(49872K) NonClass: 42741K(43600K)->42741K(43600K) Class: 5882K(6272K)->5882K(6272K)
[220.874s][info][gc          ] GC(31) Pause Young (Normal) (G1 Evacuation Pause) 60M->30M(77M) 1.091ms
[220.874s][info][gc,cpu      ] GC(31) User=0.00s Sys=0.01s Real=0.00s
[221.070s][info][gc,start    ] GC(32) Pause Young (Normal) (G1 Evacuation Pause)
[221.070s][info][gc,task     ] GC(32) Using 8 workers of 8 for evacuation
[221.071s][info][gc,phases   ] GC(32)   Pre Evacuate Collection Set: 0.0ms
[221.071s][info][gc,phases   ] GC(32)   Merge Heap Roots: 0.0ms
[221.071s][info][gc,phases   ] GC(32)   Evacuate Collection Set: 0.4ms
[221.071s][info][gc,phases   ] GC(32)   Post Evacuate Collection Set: 0.2ms
[221.071s][info][gc,phases   ] GC(32)   Other: 0.1ms
[221.071s][info][gc,heap     ] GC(32) Eden regions: 31->0(31)
[221.071s][info][gc,heap     ] GC(32) Survivor regions: 1->1(4)
[221.071s][info][gc,heap     ] GC(32) Old regions: 30->30
[221.071s][info][gc,heap     ] GC(32) Archive regions: 2->2
[221.071s][info][gc,heap     ] GC(32) Humongous regions: 0->0
[221.071s][info][gc,metaspace] GC(32) Metaspace: 48623K(49872K)->48623K(49872K) NonClass: 42741K(43600K)->42741K(43600K) Class: 5882K(6272K)->5882K(6272K)
[221.071s][info][gc          ] GC(32) Pause Young (Normal) (G1 Evacuation Pause) 61M->30M(77M) 0.873ms
[221.071s][info][gc,cpu      ] GC(32) User=0.01s Sys=0.00s Real=0.00s
[221.272s][info][gc,start    ] GC(33) Pause Young (Normal) (G1 Evacuation Pause)
[221.272s][info][gc,task     ] GC(33) Using 8 workers of 8 for evacuation
[221.272s][info][gc,phases   ] GC(33)   Pre Evacuate Collection Set: 0.0ms
[221.272s][info][gc,phases   ] GC(33)   Merge Heap Roots: 0.0ms
[221.272s][info][gc,phases   ] GC(33)   Evacuate Collection Set: 0.3ms
[221.272s][info][gc,phases   ] GC(33)   Post Evacuate Collection Set: 0.2ms
[221.272s][info][gc,phases   ] GC(33)   Other: 0.1ms
[221.273s][info][gc,heap     ] GC(33) Eden regions: 31->0(32)
[221.273s][info][gc,heap     ] GC(33) Survivor regions: 1->1(4)
[221.273s][info][gc,heap     ] GC(33) Old regions: 30->30
[221.273s][info][gc,heap     ] GC(33) Archive regions: 2->2
[221.273s][info][gc,heap     ] GC(33) Humongous regions: 0->0
[221.273s][info][gc,metaspace] GC(33) Metaspace: 48624K(49872K)->48624K(49872K) NonClass: 42742K(43600K)->42742K(43600K) Class: 5882K(6272K)->5882K(6272K)
[221.273s][info][gc          ] GC(33) Pause Young (Normal) (G1 Evacuation Pause) 61M->30M(77M) 0.702ms
[221.273s][info][gc,cpu      ] GC(33) User=0.00s Sys=0.00s Real=0.00s
[221.461s][info][gc,start    ] GC(34) Pause Young (Normal) (G1 Evacuation Pause)
[221.461s][info][gc,task     ] GC(34) Using 8 workers of 8 for evacuation
[221.462s][info][gc,phases   ] GC(34)   Pre Evacuate Collection Set: 0.0ms
[221.462s][info][gc,phases   ] GC(34)   Merge Heap Roots: 0.0ms
[221.462s][info][gc,phases   ] GC(34)   Evacuate Collection Set: 0.3ms
[221.462s][info][gc,phases   ] GC(34)   Post Evacuate Collection Set: 0.2ms
[221.462s][info][gc,phases   ] GC(34)   Other: 0.2ms
[221.462s][info][gc,heap     ] GC(34) Eden regions: 32->0(33)
[221.462s][info][gc,heap     ] GC(34) Survivor regions: 1->1(5)
[221.462s][info][gc,heap     ] GC(34) Old regions: 30->30
[221.462s][info][gc,heap     ] GC(34) Archive regions: 2->2
[221.462s][info][gc,heap     ] GC(34) Humongous regions: 0->0
[221.462s][info][gc,metaspace] GC(34) Metaspace: 48628K(49872K)->48628K(49872K) NonClass: 42745K(43600K)->42745K(43600K) Class: 5883K(6272K)->5883K(6272K)
[221.462s][info][gc          ] GC(34) Pause Young (Normal) (G1 Evacuation Pause) 62M->30M(77M) 0.847ms
[221.462s][info][gc,cpu      ] GC(34) User=0.00s Sys=0.00s Real=0.01s
[221.660s][info][gc,start    ] GC(35) Pause Young (Normal) (G1 Evacuation Pause)
[221.660s][info][gc,task     ] GC(35) Using 8 workers of 8 for evacuation
[221.661s][info][gc,phases   ] GC(35)   Pre Evacuate Collection Set: 0.0ms
[221.661s][info][gc,phases   ] GC(35)   Merge Heap Roots: 0.0ms
[221.661s][info][gc,phases   ] GC(35)   Evacuate Collection Set: 0.3ms
[221.661s][info][gc,phases   ] GC(35)   Post Evacuate Collection Set: 0.2ms
[221.661s][info][gc,phases   ] GC(35)   Other: 0.1ms
[221.661s][info][gc,heap     ] GC(35) Eden regions: 33->0(33)
[221.661s][info][gc,heap     ] GC(35) Survivor regions: 1->1(5)
[221.661s][info][gc,heap     ] GC(35) Old regions: 30->30
[221.661s][info][gc,heap     ] GC(35) Archive regions: 2->2
[221.661s][info][gc,heap     ] GC(35) Humongous regions: 0->0
[221.661s][info][gc,metaspace] GC(35) Metaspace: 48628K(49872K)->48628K(49872K) NonClass: 42745K(43600K)->42745K(43600K) Class: 5883K(6272K)->5883K(6272K)
[221.661s][info][gc          ] GC(35) Pause Young (Normal) (G1 Evacuation Pause) 63M->30M(77M) 0.793ms
[221.661s][info][gc,cpu      ] GC(35) User=0.00s Sys=0.00s Real=0.00s
[221.887s][info][gc,start    ] GC(36) Pause Young (Normal) (G1 Evacuation Pause)
[221.887s][info][gc,task     ] GC(36) Using 8 workers of 8 for evacuation
[221.888s][info][gc,phases   ] GC(36)   Pre Evacuate Collection Set: 0.0ms
[221.888s][info][gc,phases   ] GC(36)   Merge Heap Roots: 0.0ms
[221.888s][info][gc,phases   ] GC(36)   Evacuate Collection Set: 0.5ms
[221.888s][info][gc,phases   ] GC(36)   Post Evacuate Collection Set: 0.2ms
[221.888s][info][gc,phases   ] GC(36)   Other: 0.1ms
[221.888s][info][gc,heap     ] GC(36) Eden regions: 33->0(34)
[221.888s][info][gc,heap     ] GC(36) Survivor regions: 1->1(5)
[221.888s][info][gc,heap     ] GC(36) Old regions: 30->30
[221.888s][info][gc,heap     ] GC(36) Archive regions: 2->2
[221.888s][info][gc,heap     ] GC(36) Humongous regions: 0->0
[221.888s][info][gc,metaspace] GC(36) Metaspace: 48636K(49872K)->48636K(49872K) NonClass: 42752K(43600K)->42752K(43600K) Class: 5884K(6272K)->5884K(6272K)
[221.888s][info][gc          ] GC(36) Pause Young (Normal) (G1 Evacuation Pause) 63M->30M(77M) 0.883ms
[221.888s][info][gc,cpu      ] GC(36) User=0.00s Sys=0.00s Real=0.00s
[222.105s][info][gc,start    ] GC(37) Pause Young (Normal) (G1 Evacuation Pause)
[222.105s][info][gc,task     ] GC(37) Using 8 workers of 8 for evacuation
[222.105s][info][gc,phases   ] GC(37)   Pre Evacuate Collection Set: 0.0ms
[222.105s][info][gc,phases   ] GC(37)   Merge Heap Roots: 0.0ms
[222.105s][info][gc,phases   ] GC(37)   Evacuate Collection Set: 0.4ms
[222.105s][info][gc,phases   ] GC(37)   Post Evacuate Collection Set: 0.2ms
[222.105s][info][gc,phases   ] GC(37)   Other: 0.1ms
[222.105s][info][gc,heap     ] GC(37) Eden regions: 34->0(34)
[222.105s][info][gc,heap     ] GC(37) Survivor regions: 1->1(5)
[222.105s][info][gc,heap     ] GC(37) Old regions: 30->30
[222.105s][info][gc,heap     ] GC(37) Archive regions: 2->2
[222.106s][info][gc,heap     ] GC(37) Humongous regions: 0->0
[222.106s][info][gc,metaspace] GC(37) Metaspace: 48638K(49872K)->48638K(49872K) NonClass: 42752K(43600K)->42752K(43600K) Class: 5886K(6272K)->5886K(6272K)
[222.106s][info][gc          ] GC(37) Pause Young (Normal) (G1 Evacuation Pause) 64M->30M(77M) 0.881ms
[222.106s][info][gc,cpu      ] GC(37) User=0.00s Sys=0.00s Real=0.00s
[222.295s][info][gc,start    ] GC(38) Pause Young (Normal) (G1 Evacuation Pause)
[222.295s][info][gc,task     ] GC(38) Using 8 workers of 8 for evacuation
[222.296s][info][gc,phases   ] GC(38)   Pre Evacuate Collection Set: 0.0ms
[222.296s][info][gc,phases   ] GC(38)   Merge Heap Roots: 0.0ms
[222.296s][info][gc,phases   ] GC(38)   Evacuate Collection Set: 0.4ms
[222.296s][info][gc,phases   ] GC(38)   Post Evacuate Collection Set: 0.2ms
[222.296s][info][gc,phases   ] GC(38)   Other: 0.1ms
[222.296s][info][gc,heap     ] GC(38) Eden regions: 34->0(34)
[222.296s][info][gc,heap     ] GC(38) Survivor regions: 1->1(5)
[222.296s][info][gc,heap     ] GC(38) Old regions: 30->30
[222.296s][info][gc,heap     ] GC(38) Archive regions: 2->2
[222.296s][info][gc,heap     ] GC(38) Humongous regions: 0->0
[222.296s][info][gc,metaspace] GC(38) Metaspace: 48643K(49872K)->48643K(49872K) NonClass: 42756K(43600K)->42756K(43600K) Class: 5886K(6272K)->5886K(6272K)
[222.296s][info][gc          ] GC(38) Pause Young (Normal) (G1 Evacuation Pause) 64M->30M(77M) 0.862ms
[222.296s][info][gc,cpu      ] GC(38) User=0.01s Sys=0.00s Real=0.00s
[222.474s][info][gc,start    ] GC(39) Pause Young (Normal) (G1 Evacuation Pause)
[222.474s][info][gc,task     ] GC(39) Using 8 workers of 8 for evacuation
[222.475s][info][gc,phases   ] GC(39)   Pre Evacuate Collection Set: 0.0ms
[222.475s][info][gc,phases   ] GC(39)   Merge Heap Roots: 0.0ms
[222.475s][info][gc,phases   ] GC(39)   Evacuate Collection Set: 0.3ms
[222.475s][info][gc,phases   ] GC(39)   Post Evacuate Collection Set: 0.2ms
[222.475s][info][gc,phases   ] GC(39)   Other: 0.1ms
[222.475s][info][gc,heap     ] GC(39) Eden regions: 34->0(34)
[222.475s][info][gc,heap     ] GC(39) Survivor regions: 1->1(5)
[222.475s][info][gc,heap     ] GC(39) Old regions: 30->30
[222.475s][info][gc,heap     ] GC(39) Archive regions: 2->2
[222.475s][info][gc,heap     ] GC(39) Humongous regions: 0->0
[222.475s][info][gc,metaspace] GC(39) Metaspace: 48643K(49872K)->48643K(49872K) NonClass: 42756K(43600K)->42756K(43600K) Class: 5886K(6272K)->5886K(6272K)
[222.475s][info][gc          ] GC(39) Pause Young (Normal) (G1 Evacuation Pause) 64M->30M(77M) 0.810ms
[222.475s][info][gc,cpu      ] GC(39) User=0.00s Sys=0.00s Real=0.00s
[222.636s][info][gc,start    ] GC(40) Pause Young (Normal) (G1 Evacuation Pause)
[222.636s][info][gc,task     ] GC(40) Using 8 workers of 8 for evacuation
[222.637s][info][gc,phases   ] GC(40)   Pre Evacuate Collection Set: 0.0ms
[222.637s][info][gc,phases   ] GC(40)   Merge Heap Roots: 0.0ms
[222.637s][info][gc,phases   ] GC(40)   Evacuate Collection Set: 0.4ms
[222.637s][info][gc,phases   ] GC(40)   Post Evacuate Collection Set: 0.2ms
[222.637s][info][gc,phases   ] GC(40)   Other: 0.1ms
[222.637s][info][gc,heap     ] GC(40) Eden regions: 34->0(34)
[222.637s][info][gc,heap     ] GC(40) Survivor regions: 1->1(5)
[222.637s][info][gc,heap     ] GC(40) Old regions: 30->30
[222.637s][info][gc,heap     ] GC(40) Archive regions: 2->2
[222.637s][info][gc,heap     ] GC(40) Humongous regions: 0->0
[222.637s][info][gc,metaspace] GC(40) Metaspace: 48647K(49872K)->48647K(49872K) NonClass: 42760K(43600K)->42760K(43600K) Class: 5887K(6272K)->5887K(6272K)
[222.637s][info][gc          ] GC(40) Pause Young (Normal) (G1 Evacuation Pause) 64M->30M(77M) 0.785ms
[222.637s][info][gc,cpu      ] GC(40) User=0.00s Sys=0.00s Real=0.00s
[222.842s][info][gc,start    ] GC(41) Pause Young (Normal) (G1 Evacuation Pause)
[222.842s][info][gc,task     ] GC(41) Using 8 workers of 8 for evacuation
[222.843s][info][gc,phases   ] GC(41)   Pre Evacuate Collection Set: 0.1ms
[222.843s][info][gc,phases   ] GC(41)   Merge Heap Roots: 0.0ms
[222.843s][info][gc,phases   ] GC(41)   Evacuate Collection Set: 0.9ms
[222.843s][info][gc,phases   ] GC(41)   Post Evacuate Collection Set: 0.4ms
[222.843s][info][gc,phases   ] GC(41)   Other: 0.3ms
[222.843s][info][gc,heap     ] GC(41) Eden regions: 34->0(35)
[222.843s][info][gc,heap     ] GC(41) Survivor regions: 1->1(5)
[222.843s][info][gc,heap     ] GC(41) Old regions: 30->30
[222.843s][info][gc,heap     ] GC(41) Archive regions: 2->2
[222.843s][info][gc,heap     ] GC(41) Humongous regions: 0->0
[222.843s][info][gc,metaspace] GC(41) Metaspace: 48647K(49872K)->48647K(49872K) NonClass: 42760K(43600K)->42760K(43600K) Class: 5887K(6272K)->5887K(6272K)
[222.844s][info][gc          ] GC(41) Pause Young (Normal) (G1 Evacuation Pause) 64M->30M(77M) 1.784ms
[222.844s][info][gc,cpu      ] GC(41) User=0.01s Sys=0.00s Real=0.00s
[223.075s][info][gc,start    ] GC(42) Pause Young (Normal) (G1 Evacuation Pause)
[223.075s][info][gc,task     ] GC(42) Using 8 workers of 8 for evacuation
[223.075s][info][gc,phases   ] GC(42)   Pre Evacuate Collection Set: 0.0ms
[223.075s][info][gc,phases   ] GC(42)   Merge Heap Roots: 0.0ms
[223.075s][info][gc,phases   ] GC(42)   Evacuate Collection Set: 0.5ms
[223.075s][info][gc,phases   ] GC(42)   Post Evacuate Collection Set: 0.2ms
[223.075s][info][gc,phases   ] GC(42)   Other: 0.1ms
[223.075s][info][gc,heap     ] GC(42) Eden regions: 35->0(35)
[223.075s][info][gc,heap     ] GC(42) Survivor regions: 1->1(5)
[223.075s][info][gc,heap     ] GC(42) Old regions: 30->30
[223.075s][info][gc,heap     ] GC(42) Archive regions: 2->2
[223.075s][info][gc,heap     ] GC(42) Humongous regions: 0->0
[223.075s][info][gc,metaspace] GC(42) Metaspace: 48648K(49872K)->48648K(49872K) NonClass: 42761K(43600K)->42761K(43600K) Class: 5887K(6272K)->5887K(6272K)
[223.075s][info][gc          ] GC(42) Pause Young (Normal) (G1 Evacuation Pause) 65M->30M(77M) 0.909ms
[223.076s][info][gc,cpu      ] GC(42) User=0.00s Sys=0.00s Real=0.00s
[223.227s][info][gc,start    ] GC(43) Pause Young (Normal) (G1 Evacuation Pause)
[223.227s][info][gc,task     ] GC(43) Using 8 workers of 8 for evacuation
[223.228s][info][gc,phases   ] GC(43)   Pre Evacuate Collection Set: 0.0ms
[223.228s][info][gc,phases   ] GC(43)   Merge Heap Roots: 0.0ms
[223.228s][info][gc,phases   ] GC(43)   Evacuate Collection Set: 0.4ms
[223.228s][info][gc,phases   ] GC(43)   Post Evacuate Collection Set: 0.2ms
[223.228s][info][gc,phases   ] GC(43)   Other: 0.1ms
[223.228s][info][gc,heap     ] GC(43) Eden regions: 35->0(35)
[223.228s][info][gc,heap     ] GC(43) Survivor regions: 1->1(5)
[223.228s][info][gc,heap     ] GC(43) Old regions: 30->30
[223.228s][info][gc,heap     ] GC(43) Archive regions: 2->2
[223.228s][info][gc,heap     ] GC(43) Humongous regions: 0->0
[223.228s][info][gc,metaspace] GC(43) Metaspace: 48648K(49872K)->48648K(49872K) NonClass: 42761K(43600K)->42761K(43600K) Class: 5887K(6272K)->5887K(6272K)
[223.228s][info][gc          ] GC(43) Pause Young (Normal) (G1 Evacuation Pause) 65M->30M(77M) 0.789ms
[223.228s][info][gc,cpu      ] GC(43) User=0.00s Sys=0.00s Real=0.00s
[223.396s][info][gc,start    ] GC(44) Pause Young (Normal) (G1 Evacuation Pause)
[223.396s][info][gc,task     ] GC(44) Using 8 workers of 8 for evacuation
[223.397s][info][gc,phases   ] GC(44)   Pre Evacuate Collection Set: 0.1ms
[223.397s][info][gc,phases   ] GC(44)   Merge Heap Roots: 0.1ms
[223.397s][info][gc,phases   ] GC(44)   Evacuate Collection Set: 0.5ms
[223.397s][info][gc,phases   ] GC(44)   Post Evacuate Collection Set: 0.2ms
[223.397s][info][gc,phases   ] GC(44)   Other: 0.1ms
[223.397s][info][gc,heap     ] GC(44) Eden regions: 35->0(35)
[223.397s][info][gc,heap     ] GC(44) Survivor regions: 1->1(5)
[223.397s][info][gc,heap     ] GC(44) Old regions: 30->30
[223.397s][info][gc,heap     ] GC(44) Archive regions: 2->2
[223.397s][info][gc,heap     ] GC(44) Humongous regions: 0->0
[223.397s][info][gc,metaspace] GC(44) Metaspace: 48648K(49872K)->48648K(49872K) NonClass: 42761K(43600K)->42761K(43600K) Class: 5887K(6272K)->5887K(6272K)
[223.397s][info][gc          ] GC(44) Pause Young (Normal) (G1 Evacuation Pause) 65M->30M(77M) 1.095ms
[223.397s][info][gc,cpu      ] GC(44) User=0.00s Sys=0.00s Real=0.00s
[223.521s][info][gc,start    ] GC(45) Pause Young (Normal) (G1 Evacuation Pause)
[223.521s][info][gc,task     ] GC(45) Using 8 workers of 8 for evacuation
[223.521s][info][gc,phases   ] GC(45)   Pre Evacuate Collection Set: 0.0ms
[223.522s][info][gc,phases   ] GC(45)   Merge Heap Roots: 0.0ms
[223.522s][info][gc,phases   ] GC(45)   Evacuate Collection Set: 0.5ms
[223.522s][info][gc,phases   ] GC(45)   Post Evacuate Collection Set: 0.2ms
[223.522s][info][gc,phases   ] GC(45)   Other: 0.1ms
[223.522s][info][gc,heap     ] GC(45) Eden regions: 35->0(35)
[223.522s][info][gc,heap     ] GC(45) Survivor regions: 1->1(5)
[223.522s][info][gc,heap     ] GC(45) Old regions: 30->30
[223.522s][info][gc,heap     ] GC(45) Archive regions: 2->2
[223.522s][info][gc,heap     ] GC(45) Humongous regions: 0->0
[223.522s][info][gc,metaspace] GC(45) Metaspace: 48648K(49872K)->48648K(49872K) NonClass: 42761K(43600K)->42761K(43600K) Class: 5887K(6272K)->5887K(6272K)
[223.522s][info][gc          ] GC(45) Pause Young (Normal) (G1 Evacuation Pause) 65M->30M(77M) 0.983ms
[223.522s][info][gc,cpu      ] GC(45) User=0.00s Sys=0.00s Real=0.01s
[223.658s][info][gc,start    ] GC(46) Pause Young (Normal) (G1 Evacuation Pause)
[223.658s][info][gc,task     ] GC(46) Using 8 workers of 8 for evacuation
[223.659s][info][gc,phases   ] GC(46)   Pre Evacuate Collection Set: 0.0ms
[223.659s][info][gc,phases   ] GC(46)   Merge Heap Roots: 0.0ms
[223.659s][info][gc,phases   ] GC(46)   Evacuate Collection Set: 0.4ms
[223.659s][info][gc,phases   ] GC(46)   Post Evacuate Collection Set: 0.2ms
[223.659s][info][gc,phases   ] GC(46)   Other: 0.1ms
[223.659s][info][gc,heap     ] GC(46) Eden regions: 35->0(35)
[223.659s][info][gc,heap     ] GC(46) Survivor regions: 1->1(5)
[223.659s][info][gc,heap     ] GC(46) Old regions: 30->30
[223.659s][info][gc,heap     ] GC(46) Archive regions: 2->2
[223.659s][info][gc,heap     ] GC(46) Humongous regions: 0->0
[223.659s][info][gc,metaspace] GC(46) Metaspace: 48654K(49872K)->48654K(49872K) NonClass: 42767K(43600K)->42767K(43600K) Class: 5887K(6272K)->5887K(6272K)
[223.659s][info][gc          ] GC(46) Pause Young (Normal) (G1 Evacuation Pause) 65M->30M(77M) 0.821ms
[223.659s][info][gc,cpu      ] GC(46) User=0.00s Sys=0.00s Real=0.00s
[223.819s][info][gc,start    ] GC(47) Pause Young (Normal) (G1 Evacuation Pause)
[223.819s][info][gc,task     ] GC(47) Using 8 workers of 8 for evacuation
[223.820s][info][gc,phases   ] GC(47)   Pre Evacuate Collection Set: 0.0ms
[223.820s][info][gc,phases   ] GC(47)   Merge Heap Roots: 0.0ms
[223.820s][info][gc,phases   ] GC(47)   Evacuate Collection Set: 0.5ms
[223.820s][info][gc,phases   ] GC(47)   Post Evacuate Collection Set: 0.2ms
[223.820s][info][gc,phases   ] GC(47)   Other: 0.1ms
[223.820s][info][gc,heap     ] GC(47) Eden regions: 35->0(35)
[223.820s][info][gc,heap     ] GC(47) Survivor regions: 1->1(5)
[223.820s][info][gc,heap     ] GC(47) Old regions: 30->30
[223.820s][info][gc,heap     ] GC(47) Archive regions: 2->2
[223.820s][info][gc,heap     ] GC(47) Humongous regions: 0->0
[223.820s][info][gc,metaspace] GC(47) Metaspace: 48660K(49872K)->48660K(49872K) NonClass: 42773K(43600K)->42773K(43600K) Class: 5887K(6272K)->5887K(6272K)
[223.820s][info][gc          ] GC(47) Pause Young (Normal) (G1 Evacuation Pause) 65M->30M(77M) 0.893ms
[223.820s][info][gc,cpu      ] GC(47) User=0.01s Sys=0.00s Real=0.00s
[223.982s][info][gc,start    ] GC(48) Pause Young (Normal) (G1 Evacuation Pause)
[223.982s][info][gc,task     ] GC(48) Using 8 workers of 8 for evacuation
[223.982s][info][gc,phases   ] GC(48)   Pre Evacuate Collection Set: 0.1ms
[223.982s][info][gc,phases   ] GC(48)   Merge Heap Roots: 0.0ms
[223.982s][info][gc,phases   ] GC(48)   Evacuate Collection Set: 0.4ms
[223.982s][info][gc,phases   ] GC(48)   Post Evacuate Collection Set: 0.2ms
[223.982s][info][gc,phases   ] GC(48)   Other: 0.1ms
[223.982s][info][gc,heap     ] GC(48) Eden regions: 35->0(35)
[223.982s][info][gc,heap     ] GC(48) Survivor regions: 1->1(5)
[223.982s][info][gc,heap     ] GC(48) Old regions: 30->30
[223.982s][info][gc,heap     ] GC(48) Archive regions: 2->2
[223.982s][info][gc,heap     ] GC(48) Humongous regions: 0->0
[223.982s][info][gc,metaspace] GC(48) Metaspace: 48661K(49872K)->48661K(49872K) NonClass: 42773K(43600K)->42773K(43600K) Class: 5887K(6272K)->5887K(6272K)
[223.982s][info][gc          ] GC(48) Pause Young (Normal) (G1 Evacuation Pause) 65M->30M(77M) 0.843ms
[223.982s][info][gc,cpu      ] GC(48) User=0.00s Sys=0.00s Real=0.00s
[224.133s][info][gc,start    ] GC(49) Pause Young (Normal) (G1 Evacuation Pause)
[224.133s][info][gc,task     ] GC(49) Using 8 workers of 8 for evacuation
[224.134s][info][gc,phases   ] GC(49)   Pre Evacuate Collection Set: 0.0ms
[224.134s][info][gc,phases   ] GC(49)   Merge Heap Roots: 0.0ms
[224.134s][info][gc,phases   ] GC(49)   Evacuate Collection Set: 0.4ms
[224.134s][info][gc,phases   ] GC(49)   Post Evacuate Collection Set: 0.2ms
[224.134s][info][gc,phases   ] GC(49)   Other: 0.1ms
[224.134s][info][gc,heap     ] GC(49) Eden regions: 35->0(35)
[224.134s][info][gc,heap     ] GC(49) Survivor regions: 1->1(5)
[224.134s][info][gc,heap     ] GC(49) Old regions: 30->30
[224.134s][info][gc,heap     ] GC(49) Archive regions: 2->2
[224.134s][info][gc,heap     ] GC(49) Humongous regions: 0->0
[224.134s][info][gc,metaspace] GC(49) Metaspace: 48663K(49872K)->48663K(49872K) NonClass: 42776K(43600K)->42776K(43600K) Class: 5887K(6272K)->5887K(6272K)
[224.134s][info][gc          ] GC(49) Pause Young (Normal) (G1 Evacuation Pause) 65M->30M(77M) 0.865ms
[224.134s][info][gc,cpu      ] GC(49) User=0.00s Sys=0.01s Real=0.00s
[224.282s][info][gc,start    ] GC(50) Pause Young (Normal) (G1 Evacuation Pause)
[224.282s][info][gc,task     ] GC(50) Using 8 workers of 8 for evacuation
[224.283s][info][gc,phases   ] GC(50)   Pre Evacuate Collection Set: 0.0ms
[224.283s][info][gc,phases   ] GC(50)   Merge Heap Roots: 0.0ms
[224.283s][info][gc,phases   ] GC(50)   Evacuate Collection Set: 0.4ms
[224.283s][info][gc,phases   ] GC(50)   Post Evacuate Collection Set: 0.2ms
[224.283s][info][gc,phases   ] GC(50)   Other: 0.1ms
[224.283s][info][gc,heap     ] GC(50) Eden regions: 35->0(35)
[224.283s][info][gc,heap     ] GC(50) Survivor regions: 1->1(5)
[224.283s][info][gc,heap     ] GC(50) Old regions: 30->30
[224.283s][info][gc,heap     ] GC(50) Archive regions: 2->2
[224.283s][info][gc,heap     ] GC(50) Humongous regions: 0->0
[224.283s][info][gc,metaspace] GC(50) Metaspace: 48664K(49872K)->48664K(49872K) NonClass: 42777K(43600K)->42777K(43600K) Class: 5887K(6272K)->5887K(6272K)
[224.283s][info][gc          ] GC(50) Pause Young (Normal) (G1 Evacuation Pause) 65M->30M(77M) 0.843ms
[224.283s][info][gc,cpu      ] GC(50) User=0.01s Sys=0.00s Real=0.00s
[290.969s][info][gc,start    ] GC(51) Pause Young (Normal) (G1 Evacuation Pause)
[290.969s][info][gc,task     ] GC(51) Using 8 workers of 8 for evacuation
[290.972s][info][gc,phases   ] GC(51)   Pre Evacuate Collection Set: 0.1ms
[290.973s][info][gc,phases   ] GC(51)   Merge Heap Roots: 0.0ms
[290.973s][info][gc,phases   ] GC(51)   Evacuate Collection Set: 2.6ms
[290.973s][info][gc,phases   ] GC(51)   Post Evacuate Collection Set: 0.3ms
[290.973s][info][gc,phases   ] GC(51)   Other: 0.1ms
[290.973s][info][gc,heap     ] GC(51) Eden regions: 35->0(31)
[290.973s][info][gc,heap     ] GC(51) Survivor regions: 1->3(5)
[290.973s][info][gc,heap     ] GC(51) Old regions: 30->30
[290.973s][info][gc,heap     ] GC(51) Archive regions: 2->2
[290.973s][info][gc,heap     ] GC(51) Humongous regions: 0->0
[290.973s][info][gc,metaspace] GC(51) Metaspace: 50209K(51280K)->50209K(51280K) NonClass: 44141K(44880K)->44141K(44880K) Class: 6067K(6400K)->6067K(6400K)
[290.973s][info][gc          ] GC(51) Pause Young (Normal) (G1 Evacuation Pause) 65M->32M(77M) 3.299ms
[290.973s][info][gc,cpu      ] GC(51) User=0.02s Sys=0.00s Real=0.01s
[302.333s][info][gc,start    ] GC(52) Pause Young (Normal) (G1 Evacuation Pause)
[302.333s][info][gc,task     ] GC(52) Using 8 workers of 8 for evacuation
[302.335s][info][gc,phases   ] GC(52)   Pre Evacuate Collection Set: 0.0ms
[302.335s][info][gc,phases   ] GC(52)   Merge Heap Roots: 0.0ms
[302.335s][info][gc,phases   ] GC(52)   Evacuate Collection Set: 1.3ms
[302.335s][info][gc,phases   ] GC(52)   Post Evacuate Collection Set: 0.3ms
[302.335s][info][gc,phases   ] GC(52)   Other: 0.2ms
[302.335s][info][gc,heap     ] GC(52) Eden regions: 31->0(27)
[302.335s][info][gc,heap     ] GC(52) Survivor regions: 3->5(5)
[302.335s][info][gc,heap     ] GC(52) Old regions: 30->30
[302.335s][info][gc,heap     ] GC(52) Archive regions: 2->2
[302.335s][info][gc,heap     ] GC(52) Humongous regions: 0->0
[302.335s][info][gc,metaspace] GC(52) Metaspace: 50556K(51536K)->50556K(51536K) NonClass: 44437K(45136K)->44437K(45136K) Class: 6118K(6400K)->6118K(6400K)
[302.335s][info][gc          ] GC(52) Pause Young (Normal) (G1 Evacuation Pause) 63M->34M(77M) 1.864ms
[302.335s][info][gc,cpu      ] GC(52) User=0.01s Sys=0.00s Real=0.00s
[302.640s][info][gc,start    ] GC(53) Pause Young (Normal) (G1 Evacuation Pause)
[302.640s][info][gc,task     ] GC(53) Using 8 workers of 8 for evacuation
[302.642s][info][gc,phases   ] GC(53)   Pre Evacuate Collection Set: 0.0ms
[302.642s][info][gc,phases   ] GC(53)   Merge Heap Roots: 0.0ms
[302.642s][info][gc,phases   ] GC(53)   Evacuate Collection Set: 1.6ms
[302.642s][info][gc,phases   ] GC(53)   Post Evacuate Collection Set: 0.2ms
[302.642s][info][gc,phases   ] GC(53)   Other: 0.1ms
[302.642s][info][gc,heap     ] GC(53) Eden regions: 27->0(28)
[302.642s][info][gc,heap     ] GC(53) Survivor regions: 5->1(4)
[302.642s][info][gc,heap     ] GC(53) Old regions: 30->34
[302.642s][info][gc,heap     ] GC(53) Archive regions: 2->2
[302.642s][info][gc,heap     ] GC(53) Humongous regions: 0->0
[302.642s][info][gc,metaspace] GC(53) Metaspace: 50562K(51536K)->50562K(51536K) NonClass: 44444K(45136K)->44444K(45136K) Class: 6118K(6400K)->6118K(6400K)
[302.642s][info][gc          ] GC(53) Pause Young (Normal) (G1 Evacuation Pause) 61M->34M(77M) 2.108ms
[302.642s][info][gc,cpu      ] GC(53) User=0.01s Sys=0.00s Real=0.01s
[302.938s][info][gc,start    ] GC(54) Pause Young (Concurrent Start) (G1 Evacuation Pause)
[302.938s][info][gc,task     ] GC(54) Using 8 workers of 8 for evacuation
[302.939s][info][gc,phases   ] GC(54)   Pre Evacuate Collection Set: 0.1ms
[302.939s][info][gc,phases   ] GC(54)   Merge Heap Roots: 0.0ms
[302.939s][info][gc,phases   ] GC(54)   Evacuate Collection Set: 0.6ms
[302.939s][info][gc,phases   ] GC(54)   Post Evacuate Collection Set: 0.2ms
[302.939s][info][gc,phases   ] GC(54)   Other: 0.1ms
[302.939s][info][gc,heap     ] GC(54) Eden regions: 28->0(29)
[302.939s][info][gc,heap     ] GC(54) Survivor regions: 1->1(4)
[302.939s][info][gc,heap     ] GC(54) Old regions: 34->34
[302.939s][info][gc,heap     ] GC(54) Archive regions: 2->2
[302.939s][info][gc,heap     ] GC(54) Humongous regions: 0->0
[302.939s][info][gc,metaspace] GC(54) Metaspace: 50563K(51536K)->50563K(51536K) NonClass: 44445K(45136K)->44445K(45136K) Class: 6118K(6400K)->6118K(6400K)
[302.939s][info][gc          ] GC(54) Pause Young (Concurrent Start) (G1 Evacuation Pause) 62M->34M(77M) 1.089ms
[302.939s][info][gc,cpu      ] GC(54) User=0.00s Sys=0.00s Real=0.00s
[302.939s][info][gc          ] GC(55) Concurrent Cycle
[302.939s][info][gc,marking  ] GC(55) Concurrent Clear Claimed Marks
[302.939s][info][gc,marking  ] GC(55) Concurrent Clear Claimed Marks 0.030ms
[302.939s][info][gc,marking  ] GC(55) Concurrent Scan Root Regions
[302.940s][info][gc,marking  ] GC(55) Concurrent Scan Root Regions 0.936ms
[302.940s][info][gc,marking  ] GC(55) Concurrent Mark (302.940s)
[302.940s][info][gc,marking  ] GC(55) Concurrent Mark From Roots
[302.940s][info][gc,task     ] GC(55) Using 2 workers of 2 for marking
[302.965s][info][gc,marking  ] GC(55) Concurrent Mark From Roots 24.903ms
[302.965s][info][gc,marking  ] GC(55) Concurrent Preclean
[302.965s][info][gc,marking  ] GC(55) Concurrent Preclean 0.061ms
[302.965s][info][gc,marking  ] GC(55) Concurrent Mark (302.940s, 302.965s) 25.022ms
[302.965s][info][gc,start    ] GC(55) Pause Remark
[302.967s][info][gc          ] GC(55) Pause Remark 36M->36M(77M) 1.456ms
[302.967s][info][gc,cpu      ] GC(55) User=0.01s Sys=0.00s Real=0.00s
[302.967s][info][gc,marking  ] GC(55) Concurrent Rebuild Remembered Sets
[302.984s][info][gc,marking  ] GC(55) Concurrent Rebuild Remembered Sets 16.891ms
[302.985s][info][gc,start    ] GC(55) Pause Cleanup
[302.985s][info][gc          ] GC(55) Pause Cleanup 37M->37M(77M) 0.083ms
[302.985s][info][gc,cpu      ] GC(55) User=0.00s Sys=0.00s Real=0.00s
[302.985s][info][gc,marking  ] GC(55) Concurrent Cleanup for Next Mark
[302.985s][info][gc,marking  ] GC(55) Concurrent Cleanup for Next Mark 0.137ms
[302.985s][info][gc          ] GC(55) Concurrent Cycle 46.262ms
[303.244s][info][gc,start    ] GC(56) Pause Young (Normal) (G1 Evacuation Pause)
[303.244s][info][gc,task     ] GC(56) Using 8 workers of 8 for evacuation
[303.245s][info][gc,phases   ] GC(56)   Pre Evacuate Collection Set: 0.0ms
[303.245s][info][gc,phases   ] GC(56)   Merge Heap Roots: 0.0ms
[303.245s][info][gc,phases   ] GC(56)   Evacuate Collection Set: 0.6ms
[303.245s][info][gc,phases   ] GC(56)   Post Evacuate Collection Set: 0.2ms
[303.245s][info][gc,phases   ] GC(56)   Other: 0.1ms
[303.245s][info][gc,heap     ] GC(56) Eden regions: 29->0(27)
[303.245s][info][gc,heap     ] GC(56) Survivor regions: 1->2(4)
[303.245s][info][gc,heap     ] GC(56) Old regions: 34->34
[303.245s][info][gc,heap     ] GC(56) Archive regions: 2->2
[303.245s][info][gc,heap     ] GC(56) Humongous regions: 0->0
[303.245s][info][gc,metaspace] GC(56) Metaspace: 50563K(51536K)->50563K(51536K) NonClass: 44445K(45136K)->44445K(45136K) Class: 6118K(6400K)->6118K(6400K)
[303.245s][info][gc          ] GC(56) Pause Young (Normal) (G1 Evacuation Pause) 63M->35M(77M) 1.058ms
[303.245s][info][gc,cpu      ] GC(56) User=0.00s Sys=0.00s Real=0.00s
[303.527s][info][gc,start    ] GC(57) Pause Young (Concurrent Start) (G1 Evacuation Pause)
[303.527s][info][gc,task     ] GC(57) Using 8 workers of 8 for evacuation
[303.528s][info][gc,phases   ] GC(57)   Pre Evacuate Collection Set: 0.1ms
[303.528s][info][gc,phases   ] GC(57)   Merge Heap Roots: 0.0ms
[303.528s][info][gc,phases   ] GC(57)   Evacuate Collection Set: 0.7ms
[303.528s][info][gc,phases   ] GC(57)   Post Evacuate Collection Set: 0.2ms
[303.528s][info][gc,phases   ] GC(57)   Other: 0.1ms
[303.528s][info][gc,heap     ] GC(57) Eden regions: 27->0(26)
[303.528s][info][gc,heap     ] GC(57) Survivor regions: 2->3(4)
[303.528s][info][gc,heap     ] GC(57) Old regions: 34->34
[303.528s][info][gc,heap     ] GC(57) Archive regions: 2->2
[303.528s][info][gc,heap     ] GC(57) Humongous regions: 0->0
[303.528s][info][gc,metaspace] GC(57) Metaspace: 50563K(51536K)->50563K(51536K) NonClass: 44445K(45136K)->44445K(45136K) Class: 6118K(6400K)->6118K(6400K)
[303.528s][info][gc          ] GC(57) Pause Young (Concurrent Start) (G1 Evacuation Pause) 62M->36M(77M) 1.213ms
[303.528s][info][gc,cpu      ] GC(57) User=0.01s Sys=0.00s Real=0.00s
[303.528s][info][gc          ] GC(58) Concurrent Cycle
[303.528s][info][gc,marking  ] GC(58) Concurrent Clear Claimed Marks
[303.528s][info][gc,marking  ] GC(58) Concurrent Clear Claimed Marks 0.038ms
[303.528s][info][gc,marking  ] GC(58) Concurrent Scan Root Regions
[303.529s][info][gc,marking  ] GC(58) Concurrent Scan Root Regions 0.904ms
[303.529s][info][gc,marking  ] GC(58) Concurrent Mark (303.529s)
[303.529s][info][gc,marking  ] GC(58) Concurrent Mark From Roots
[303.529s][info][gc,task     ] GC(58) Using 2 workers of 2 for marking
[303.554s][info][gc,marking  ] GC(58) Concurrent Mark From Roots 25.197ms
[303.554s][info][gc,marking  ] GC(58) Concurrent Preclean
[303.554s][info][gc,marking  ] GC(58) Concurrent Preclean 0.052ms
[303.554s][info][gc,marking  ] GC(58) Concurrent Mark (303.529s, 303.554s) 25.308ms
[303.554s][info][gc,start    ] GC(58) Pause Remark
[303.555s][info][gc          ] GC(58) Pause Remark 38M->38M(77M) 0.885ms
[303.555s][info][gc,cpu      ] GC(58) User=0.01s Sys=0.00s Real=0.00s
[303.555s][info][gc,marking  ] GC(58) Concurrent Rebuild Remembered Sets
[303.571s][info][gc,marking  ] GC(58) Concurrent Rebuild Remembered Sets 15.411ms
[303.572s][info][gc,start    ] GC(58) Pause Cleanup
[303.572s][info][gc          ] GC(58) Pause Cleanup 39M->39M(77M) 0.101ms
[303.572s][info][gc,cpu      ] GC(58) User=0.00s Sys=0.00s Real=0.00s
[303.572s][info][gc,marking  ] GC(58) Concurrent Cleanup for Next Mark
[303.573s][info][gc,marking  ] GC(58) Concurrent Cleanup for Next Mark 0.135ms
[303.573s][info][gc          ] GC(58) Concurrent Cycle 44.656ms
[303.816s][info][gc,start    ] GC(59) Pause Young (Prepare Mixed) (G1 Evacuation Pause)
[303.816s][info][gc,task     ] GC(59) Using 8 workers of 8 for evacuation
[303.817s][info][gc,phases   ] GC(59)   Pre Evacuate Collection Set: 0.0ms
[303.817s][info][gc,phases   ] GC(59)   Merge Heap Roots: 0.0ms
[303.817s][info][gc,phases   ] GC(59)   Evacuate Collection Set: 0.9ms
[303.817s][info][gc,phases   ] GC(59)   Post Evacuate Collection Set: 0.2ms
[303.817s][info][gc,phases   ] GC(59)   Other: 0.1ms
[303.817s][info][gc,heap     ] GC(59) Eden regions: 26->0(2)
[303.817s][info][gc,heap     ] GC(59) Survivor regions: 3->1(4)
[303.817s][info][gc,heap     ] GC(59) Old regions: 34->35
[303.817s][info][gc,heap     ] GC(59) Archive regions: 2->2
[303.817s][info][gc,heap     ] GC(59) Humongous regions: 0->0
[303.817s][info][gc,metaspace] GC(59) Metaspace: 50563K(51536K)->50563K(51536K) NonClass: 44445K(45136K)->44445K(45136K) Class: 6118K(6400K)->6118K(6400K)
[303.817s][info][gc          ] GC(59) Pause Young (Prepare Mixed) (G1 Evacuation Pause) 62M->36M(77M) 1.336ms
[303.817s][info][gc,cpu      ] GC(59) User=0.01s Sys=0.00s Real=0.00s
[303.835s][info][gc,start    ] GC(60) Pause Young (Mixed) (G1 Evacuation Pause)
[303.835s][info][gc,task     ] GC(60) Using 8 workers of 8 for evacuation
[303.837s][info][gc,phases   ] GC(60)   Pre Evacuate Collection Set: 0.0ms
[303.837s][info][gc,phases   ] GC(60)   Merge Heap Roots: 0.0ms
[303.837s][info][gc,phases   ] GC(60)   Evacuate Collection Set: 1.8ms
[303.837s][info][gc,phases   ] GC(60)   Post Evacuate Collection Set: 0.3ms
[303.837s][info][gc,phases   ] GC(60)   Other: 0.1ms
[303.837s][info][gc,heap     ] GC(60) Eden regions: 2->0(32)
[303.837s][info][gc,heap     ] GC(60) Survivor regions: 1->1(1)
[303.837s][info][gc,heap     ] GC(60) Old regions: 35->30
[303.837s][info][gc,heap     ] GC(60) Archive regions: 2->2
[303.837s][info][gc,heap     ] GC(60) Humongous regions: 0->0
[303.837s][info][gc,metaspace] GC(60) Metaspace: 50563K(51536K)->50563K(51536K) NonClass: 44445K(45136K)->44445K(45136K) Class: 6118K(6400K)->6118K(6400K)
[303.837s][info][gc          ] GC(60) Pause Young (Mixed) (G1 Evacuation Pause) 38M->30M(77M) 2.358ms
[303.837s][info][gc,cpu      ] GC(60) User=0.01s Sys=0.00s Real=0.00s
[304.061s][info][gc,start    ] GC(61) Pause Young (Normal) (G1 Evacuation Pause)
[304.061s][info][gc,task     ] GC(61) Using 8 workers of 8 for evacuation
[304.063s][info][gc,phases   ] GC(61)   Pre Evacuate Collection Set: 0.0ms
[304.063s][info][gc,phases   ] GC(61)   Merge Heap Roots: 0.0ms
[304.063s][info][gc,phases   ] GC(61)   Evacuate Collection Set: 0.8ms
[304.063s][info][gc,phases   ] GC(61)   Post Evacuate Collection Set: 0.2ms
[304.063s][info][gc,phases   ] GC(61)   Other: 0.1ms
[304.063s][info][gc,heap     ] GC(61) Eden regions: 32->0(31)
[304.063s][info][gc,heap     ] GC(61) Survivor regions: 1->2(5)
[304.063s][info][gc,heap     ] GC(61) Old regions: 30->30
[304.063s][info][gc,heap     ] GC(61) Archive regions: 2->2
[304.063s][info][gc,heap     ] GC(61) Humongous regions: 0->0
[304.063s][info][gc,metaspace] GC(61) Metaspace: 50563K(51536K)->50563K(51536K) NonClass: 44445K(45136K)->44445K(45136K) Class: 6118K(6400K)->6118K(6400K)
[304.063s][info][gc          ] GC(61) Pause Young (Normal) (G1 Evacuation Pause) 62M->31M(77M) 1.262ms
[304.063s][info][gc,cpu      ] GC(61) User=0.00s Sys=0.00s Real=0.01s
[304.299s][info][gc,start    ] GC(62) Pause Young (Normal) (G1 Evacuation Pause)
[304.299s][info][gc,task     ] GC(62) Using 8 workers of 8 for evacuation
[304.300s][info][gc,phases   ] GC(62)   Pre Evacuate Collection Set: 0.0ms
[304.300s][info][gc,phases   ] GC(62)   Merge Heap Roots: 0.0ms
[304.300s][info][gc,phases   ] GC(62)   Evacuate Collection Set: 0.5ms
[304.300s][info][gc,phases   ] GC(62)   Post Evacuate Collection Set: 0.2ms
[304.300s][info][gc,phases   ] GC(62)   Other: 0.1ms
[304.300s][info][gc,heap     ] GC(62) Eden regions: 31->0(32)
[304.300s][info][gc,heap     ] GC(62) Survivor regions: 2->2(5)
[304.300s][info][gc,heap     ] GC(62) Old regions: 30->30
[304.300s][info][gc,heap     ] GC(62) Archive regions: 2->2
[304.300s][info][gc,heap     ] GC(62) Humongous regions: 0->0
[304.300s][info][gc,metaspace] GC(62) Metaspace: 50565K(51536K)->50565K(51536K) NonClass: 44446K(45136K)->44446K(45136K) Class: 6119K(6400K)->6119K(6400K)
[304.300s][info][gc          ] GC(62) Pause Young (Normal) (G1 Evacuation Pause) 62M->31M(77M) 0.937ms
[304.300s][info][gc,cpu      ] GC(62) User=0.01s Sys=0.01s Real=0.00s
[304.532s][info][gc,start    ] GC(63) Pause Young (Normal) (G1 Evacuation Pause)
[304.532s][info][gc,task     ] GC(63) Using 8 workers of 8 for evacuation
[304.533s][info][gc,phases   ] GC(63)   Pre Evacuate Collection Set: 0.0ms
[304.533s][info][gc,phases   ] GC(63)   Merge Heap Roots: 0.0ms
[304.533s][info][gc,phases   ] GC(63)   Evacuate Collection Set: 0.5ms
[304.533s][info][gc,phases   ] GC(63)   Post Evacuate Collection Set: 0.2ms
[304.533s][info][gc,phases   ] GC(63)   Other: 0.1ms
[304.533s][info][gc,heap     ] GC(63) Eden regions: 32->0(32)
[304.533s][info][gc,heap     ] GC(63) Survivor regions: 2->2(5)
[304.533s][info][gc,heap     ] GC(63) Old regions: 30->30
[304.533s][info][gc,heap     ] GC(63) Archive regions: 2->2
[304.533s][info][gc,heap     ] GC(63) Humongous regions: 0->0
[304.533s][info][gc,metaspace] GC(63) Metaspace: 50565K(51536K)->50565K(51536K) NonClass: 44446K(45136K)->44446K(45136K) Class: 6119K(6400K)->6119K(6400K)
[304.533s][info][gc          ] GC(63) Pause Young (Normal) (G1 Evacuation Pause) 63M->31M(77M) 1.039ms
[304.533s][info][gc,cpu      ] GC(63) User=0.01s Sys=0.00s Real=0.00s
[304.758s][info][gc,start    ] GC(64) Pause Young (Normal) (G1 Evacuation Pause)
[304.758s][info][gc,task     ] GC(64) Using 8 workers of 8 for evacuation
[304.759s][info][gc,phases   ] GC(64)   Pre Evacuate Collection Set: 0.0ms
[304.759s][info][gc,phases   ] GC(64)   Merge Heap Roots: 0.0ms
[304.759s][info][gc,phases   ] GC(64)   Evacuate Collection Set: 0.4ms
[304.759s][info][gc,phases   ] GC(64)   Post Evacuate Collection Set: 0.2ms
[304.759s][info][gc,phases   ] GC(64)   Other: 0.1ms
[304.759s][info][gc,heap     ] GC(64) Eden regions: 32->0(33)
[304.759s][info][gc,heap     ] GC(64) Survivor regions: 2->2(5)
[304.759s][info][gc,heap     ] GC(64) Old regions: 30->30
[304.759s][info][gc,heap     ] GC(64) Archive regions: 2->2
[304.759s][info][gc,heap     ] GC(64) Humongous regions: 0->0
[304.759s][info][gc,metaspace] GC(64) Metaspace: 50566K(51536K)->50566K(51536K) NonClass: 44447K(45136K)->44447K(45136K) Class: 6119K(6400K)->6119K(6400K)
[304.759s][info][gc          ] GC(64) Pause Young (Normal) (G1 Evacuation Pause) 63M->31M(77M) 0.981ms
[304.759s][info][gc,cpu      ] GC(64) User=0.01s Sys=0.00s Real=0.00s
[304.948s][info][gc,start    ] GC(65) Pause Young (Normal) (G1 Evacuation Pause)
[304.948s][info][gc,task     ] GC(65) Using 8 workers of 8 for evacuation
[304.949s][info][gc,phases   ] GC(65)   Pre Evacuate Collection Set: 0.0ms
[304.949s][info][gc,phases   ] GC(65)   Merge Heap Roots: 0.0ms
[304.949s][info][gc,phases   ] GC(65)   Evacuate Collection Set: 0.5ms
[304.949s][info][gc,phases   ] GC(65)   Post Evacuate Collection Set: 0.2ms
[304.949s][info][gc,phases   ] GC(65)   Other: 0.1ms
[304.949s][info][gc,heap     ] GC(65) Eden regions: 33->0(33)
[304.949s][info][gc,heap     ] GC(65) Survivor regions: 2->2(5)
[304.949s][info][gc,heap     ] GC(65) Old regions: 30->30
[304.949s][info][gc,heap     ] GC(65) Archive regions: 2->2
[304.949s][info][gc,heap     ] GC(65) Humongous regions: 0->0
[304.949s][info][gc,metaspace] GC(65) Metaspace: 50566K(51536K)->50566K(51536K) NonClass: 44447K(45136K)->44447K(45136K) Class: 6119K(6400K)->6119K(6400K)
[304.949s][info][gc          ] GC(65) Pause Young (Normal) (G1 Evacuation Pause) 64M->31M(77M) 0.969ms
[304.949s][info][gc,cpu      ] GC(65) User=0.00s Sys=0.00s Real=0.00s
[305.134s][info][gc,start    ] GC(66) Pause Young (Normal) (G1 Evacuation Pause)
[305.134s][info][gc,task     ] GC(66) Using 8 workers of 8 for evacuation
[305.135s][info][gc,phases   ] GC(66)   Pre Evacuate Collection Set: 0.0ms
[305.135s][info][gc,phases   ] GC(66)   Merge Heap Roots: 0.0ms
[305.135s][info][gc,phases   ] GC(66)   Evacuate Collection Set: 0.5ms
[305.135s][info][gc,phases   ] GC(66)   Post Evacuate Collection Set: 0.2ms
[305.135s][info][gc,phases   ] GC(66)   Other: 0.1ms
[305.135s][info][gc,heap     ] GC(66) Eden regions: 33->0(33)
[305.135s][info][gc,heap     ] GC(66) Survivor regions: 2->2(5)
[305.135s][info][gc,heap     ] GC(66) Old regions: 30->30
[305.135s][info][gc,heap     ] GC(66) Archive regions: 2->2
[305.135s][info][gc,heap     ] GC(66) Humongous regions: 0->0
[305.135s][info][gc,metaspace] GC(66) Metaspace: 50566K(51536K)->50566K(51536K) NonClass: 44447K(45136K)->44447K(45136K) Class: 6119K(6400K)->6119K(6400K)
[305.135s][info][gc          ] GC(66) Pause Young (Normal) (G1 Evacuation Pause) 64M->31M(77M) 0.929ms
[305.135s][info][gc,cpu      ] GC(66) User=0.01s Sys=0.00s Real=0.00s
[305.320s][info][gc,start    ] GC(67) Pause Young (Normal) (G1 Evacuation Pause)
[305.320s][info][gc,task     ] GC(67) Using 8 workers of 8 for evacuation
[305.321s][info][gc,phases   ] GC(67)   Pre Evacuate Collection Set: 0.0ms
[305.321s][info][gc,phases   ] GC(67)   Merge Heap Roots: 0.0ms
[305.321s][info][gc,phases   ] GC(67)   Evacuate Collection Set: 0.5ms
[305.321s][info][gc,phases   ] GC(67)   Post Evacuate Collection Set: 0.2ms
[305.321s][info][gc,phases   ] GC(67)   Other: 0.1ms
[305.321s][info][gc,heap     ] GC(67) Eden regions: 33->0(33)
[305.321s][info][gc,heap     ] GC(67) Survivor regions: 2->2(5)
[305.321s][info][gc,heap     ] GC(67) Old regions: 30->30
[305.321s][info][gc,heap     ] GC(67) Archive regions: 2->2
[305.321s][info][gc,heap     ] GC(67) Humongous regions: 0->0
[305.321s][info][gc,metaspace] GC(67) Metaspace: 50608K(51536K)->50608K(51536K) NonClass: 44482K(45136K)->44482K(45136K) Class: 6126K(6400K)->6126K(6400K)
[305.321s][info][gc          ] GC(67) Pause Young (Normal) (G1 Evacuation Pause) 64M->31M(77M) 0.933ms
[305.321s][info][gc,cpu      ] GC(67) User=0.01s Sys=0.00s Real=0.00s
[305.505s][info][gc,start    ] GC(68) Pause Young (Normal) (G1 Evacuation Pause)
[305.505s][info][gc,task     ] GC(68) Using 8 workers of 8 for evacuation
[305.506s][info][gc,phases   ] GC(68)   Pre Evacuate Collection Set: 0.1ms
[305.506s][info][gc,phases   ] GC(68)   Merge Heap Roots: 0.0ms
[305.506s][info][gc,phases   ] GC(68)   Evacuate Collection Set: 0.5ms
[305.506s][info][gc,phases   ] GC(68)   Post Evacuate Collection Set: 0.2ms
[305.506s][info][gc,phases   ] GC(68)   Other: 0.1ms
[305.506s][info][gc,heap     ] GC(68) Eden regions: 33->0(33)
[305.506s][info][gc,heap     ] GC(68) Survivor regions: 2->2(5)
[305.506s][info][gc,heap     ] GC(68) Old regions: 30->30
[305.506s][info][gc,heap     ] GC(68) Archive regions: 2->2
[305.506s][info][gc,heap     ] GC(68) Humongous regions: 0->0
[305.506s][info][gc,metaspace] GC(68) Metaspace: 50608K(51536K)->50608K(51536K) NonClass: 44482K(45136K)->44482K(45136K) Class: 6126K(6400K)->6126K(6400K)
[305.506s][info][gc          ] GC(68) Pause Young (Normal) (G1 Evacuation Pause) 64M->31M(77M) 1.282ms
[305.506s][info][gc,cpu      ] GC(68) User=0.00s Sys=0.00s Real=0.00s
[305.694s][info][gc,start    ] GC(69) Pause Young (Normal) (G1 Evacuation Pause)
[305.694s][info][gc,task     ] GC(69) Using 8 workers of 8 for evacuation
[305.695s][info][gc,phases   ] GC(69)   Pre Evacuate Collection Set: 0.0ms
[305.695s][info][gc,phases   ] GC(69)   Merge Heap Roots: 0.0ms
[305.695s][info][gc,phases   ] GC(69)   Evacuate Collection Set: 0.5ms
[305.695s][info][gc,phases   ] GC(69)   Post Evacuate Collection Set: 0.2ms
[305.695s][info][gc,phases   ] GC(69)   Other: 0.2ms
[305.695s][info][gc,heap     ] GC(69) Eden regions: 33->0(33)
[305.695s][info][gc,heap     ] GC(69) Survivor regions: 2->2(5)
[305.695s][info][gc,heap     ] GC(69) Old regions: 30->30
[305.695s][info][gc,heap     ] GC(69) Archive regions: 2->2
[305.695s][info][gc,heap     ] GC(69) Humongous regions: 0->0
[305.695s][info][gc,metaspace] GC(69) Metaspace: 50608K(51536K)->50608K(51536K) NonClass: 44482K(45136K)->44482K(45136K) Class: 6126K(6400K)->6126K(6400K)
[305.695s][info][gc          ] GC(69) Pause Young (Normal) (G1 Evacuation Pause) 64M->31M(77M) 1.011ms
[305.695s][info][gc,cpu      ] GC(69) User=0.01s Sys=0.01s Real=0.00s
[305.876s][info][gc,start    ] GC(70) Pause Young (Normal) (G1 Evacuation Pause)
[305.876s][info][gc,task     ] GC(70) Using 8 workers of 8 for evacuation
[305.877s][info][gc,phases   ] GC(70)   Pre Evacuate Collection Set: 0.0ms
[305.877s][info][gc,phases   ] GC(70)   Merge Heap Roots: 0.0ms
[305.877s][info][gc,phases   ] GC(70)   Evacuate Collection Set: 0.5ms
[305.877s][info][gc,phases   ] GC(70)   Post Evacuate Collection Set: 0.2ms
[305.877s][info][gc,phases   ] GC(70)   Other: 0.1ms
[305.877s][info][gc,heap     ] GC(70) Eden regions: 33->0(33)
[305.877s][info][gc,heap     ] GC(70) Survivor regions: 2->2(5)
[305.877s][info][gc,heap     ] GC(70) Old regions: 30->30
[305.877s][info][gc,heap     ] GC(70) Archive regions: 2->2
[305.877s][info][gc,heap     ] GC(70) Humongous regions: 0->0
[305.877s][info][gc,metaspace] GC(70) Metaspace: 50608K(51536K)->50608K(51536K) NonClass: 44482K(45136K)->44482K(45136K) Class: 6126K(6400K)->6126K(6400K)
[305.877s][info][gc          ] GC(70) Pause Young (Normal) (G1 Evacuation Pause) 64M->32M(77M) 0.975ms
[305.877s][info][gc,cpu      ] GC(70) User=0.01s Sys=0.00s Real=0.00s
[306.059s][info][gc,start    ] GC(71) Pause Young (Normal) (G1 Evacuation Pause)
[306.059s][info][gc,task     ] GC(71) Using 8 workers of 8 for evacuation
[306.060s][info][gc,phases   ] GC(71)   Pre Evacuate Collection Set: 0.0ms
[306.060s][info][gc,phases   ] GC(71)   Merge Heap Roots: 0.0ms
[306.060s][info][gc,phases   ] GC(71)   Evacuate Collection Set: 0.5ms
[306.060s][info][gc,phases   ] GC(71)   Post Evacuate Collection Set: 0.2ms
[306.060s][info][gc,phases   ] GC(71)   Other: 0.1ms
[306.060s][info][gc,heap     ] GC(71) Eden regions: 33->0(33)
[306.060s][info][gc,heap     ] GC(71) Survivor regions: 2->2(5)
[306.060s][info][gc,heap     ] GC(71) Old regions: 30->30
[306.060s][info][gc,heap     ] GC(71) Archive regions: 2->2
[306.060s][info][gc,heap     ] GC(71) Humongous regions: 0->0
[306.060s][info][gc,metaspace] GC(71) Metaspace: 50609K(51536K)->50609K(51536K) NonClass: 44483K(45136K)->44483K(45136K) Class: 6126K(6400K)->6126K(6400K)
[306.060s][info][gc          ] GC(71) Pause Young (Normal) (G1 Evacuation Pause) 65M->32M(77M) 0.987ms
[306.060s][info][gc,cpu      ] GC(71) User=0.01s Sys=0.00s Real=0.00s
[306.236s][info][gc,start    ] GC(72) Pause Young (Normal) (G1 Evacuation Pause)
[306.236s][info][gc,task     ] GC(72) Using 8 workers of 8 for evacuation
[306.237s][info][gc,phases   ] GC(72)   Pre Evacuate Collection Set: 0.0ms
[306.237s][info][gc,phases   ] GC(72)   Merge Heap Roots: 0.0ms
[306.237s][info][gc,phases   ] GC(72)   Evacuate Collection Set: 0.5ms
[306.237s][info][gc,phases   ] GC(72)   Post Evacuate Collection Set: 0.2ms
[306.237s][info][gc,phases   ] GC(72)   Other: 0.1ms
[306.237s][info][gc,heap     ] GC(72) Eden regions: 33->0(33)
[306.237s][info][gc,heap     ] GC(72) Survivor regions: 2->2(5)
[306.237s][info][gc,heap     ] GC(72) Old regions: 30->30
[306.237s][info][gc,heap     ] GC(72) Archive regions: 2->2
[306.237s][info][gc,heap     ] GC(72) Humongous regions: 0->0
[306.237s][info][gc,metaspace] GC(72) Metaspace: 50609K(51536K)->50609K(51536K) NonClass: 44483K(45136K)->44483K(45136K) Class: 6126K(6400K)->6126K(6400K)
[306.237s][info][gc          ] GC(72) Pause Young (Normal) (G1 Evacuation Pause) 65M->31M(77M) 1.022ms
[306.237s][info][gc,cpu      ] GC(72) User=0.00s Sys=0.00s Real=0.00s
[306.401s][info][gc,start    ] GC(73) Pause Young (Normal) (G1 Evacuation Pause)
[306.401s][info][gc,task     ] GC(73) Using 8 workers of 8 for evacuation
[306.402s][info][gc,phases   ] GC(73)   Pre Evacuate Collection Set: 0.0ms
[306.402s][info][gc,phases   ] GC(73)   Merge Heap Roots: 0.0ms
[306.402s][info][gc,phases   ] GC(73)   Evacuate Collection Set: 0.5ms
[306.402s][info][gc,phases   ] GC(73)   Post Evacuate Collection Set: 0.2ms
[306.402s][info][gc,phases   ] GC(73)   Other: 0.1ms
[306.402s][info][gc,heap     ] GC(73) Eden regions: 33->0(33)
[306.402s][info][gc,heap     ] GC(73) Survivor regions: 2->2(5)
[306.402s][info][gc,heap     ] GC(73) Old regions: 30->30
[306.402s][info][gc,heap     ] GC(73) Archive regions: 2->2
[306.402s][info][gc,heap     ] GC(73) Humongous regions: 0->0
[306.402s][info][gc,metaspace] GC(73) Metaspace: 50610K(51536K)->50610K(51536K) NonClass: 44484K(45136K)->44484K(45136K) Class: 6126K(6400K)->6126K(6400K)
[306.402s][info][gc          ] GC(73) Pause Young (Normal) (G1 Evacuation Pause) 64M->32M(77M) 0.961ms
[306.402s][info][gc,cpu      ] GC(73) User=0.00s Sys=0.00s Real=0.01s
[306.553s][info][gc,start    ] GC(74) Pause Young (Normal) (G1 Evacuation Pause)
[306.553s][info][gc,task     ] GC(74) Using 8 workers of 8 for evacuation
[306.553s][info][gc,phases   ] GC(74)   Pre Evacuate Collection Set: 0.1ms
[306.554s][info][gc,phases   ] GC(74)   Merge Heap Roots: 0.0ms
[306.554s][info][gc,phases   ] GC(74)   Evacuate Collection Set: 0.5ms
[306.554s][info][gc,phases   ] GC(74)   Post Evacuate Collection Set: 0.2ms
[306.554s][info][gc,phases   ] GC(74)   Other: 0.1ms
[306.554s][info][gc,heap     ] GC(74) Eden regions: 33->0(33)
[306.554s][info][gc,heap     ] GC(74) Survivor regions: 2->2(5)
[306.554s][info][gc,heap     ] GC(74) Old regions: 30->30
[306.554s][info][gc,heap     ] GC(74) Archive regions: 2->2
[306.554s][info][gc,heap     ] GC(74) Humongous regions: 0->0
[306.554s][info][gc,metaspace] GC(74) Metaspace: 50610K(51536K)->50610K(51536K) NonClass: 44484K(45136K)->44484K(45136K) Class: 6126K(6400K)->6126K(6400K)
[306.554s][info][gc          ] GC(74) Pause Young (Normal) (G1 Evacuation Pause) 65M->32M(77M) 1.011ms
[306.554s][info][gc,cpu      ] GC(74) User=0.01s Sys=0.00s Real=0.00s
[306.684s][info][gc,start    ] GC(75) Pause Young (Normal) (G1 Evacuation Pause)
[306.684s][info][gc,task     ] GC(75) Using 8 workers of 8 for evacuation
[306.685s][info][gc,phases   ] GC(75)   Pre Evacuate Collection Set: 0.1ms
[306.685s][info][gc,phases   ] GC(75)   Merge Heap Roots: 0.0ms
[306.685s][info][gc,phases   ] GC(75)   Evacuate Collection Set: 0.6ms
[306.685s][info][gc,phases   ] GC(75)   Post Evacuate Collection Set: 0.2ms
[306.685s][info][gc,phases   ] GC(75)   Other: 0.2ms
[306.685s][info][gc,heap     ] GC(75) Eden regions: 33->0(33)
[306.685s][info][gc,heap     ] GC(75) Survivor regions: 2->2(5)
[306.685s][info][gc,heap     ] GC(75) Old regions: 30->30
[306.685s][info][gc,heap     ] GC(75) Archive regions: 2->2
[306.685s][info][gc,heap     ] GC(75) Humongous regions: 0->0
[306.685s][info][gc,metaspace] GC(75) Metaspace: 50610K(51536K)->50610K(51536K) NonClass: 44484K(45136K)->44484K(45136K) Class: 6126K(6400K)->6126K(6400K)
[306.685s][info][gc          ] GC(75) Pause Young (Normal) (G1 Evacuation Pause) 65M->32M(77M) 1.070ms
[306.685s][info][gc,cpu      ] GC(75) User=0.00s Sys=0.01s Real=0.00s
[306.819s][info][gc,start    ] GC(76) Pause Young (Normal) (G1 Evacuation Pause)
[306.819s][info][gc,task     ] GC(76) Using 8 workers of 8 for evacuation
[306.820s][info][gc,phases   ] GC(76)   Pre Evacuate Collection Set: 0.0ms
[306.820s][info][gc,phases   ] GC(76)   Merge Heap Roots: 0.0ms
[306.820s][info][gc,phases   ] GC(76)   Evacuate Collection Set: 0.6ms
[306.820s][info][gc,phases   ] GC(76)   Post Evacuate Collection Set: 0.2ms
[306.820s][info][gc,phases   ] GC(76)   Other: 0.1ms
[306.820s][info][gc,heap     ] GC(76) Eden regions: 33->0(34)
[306.820s][info][gc,heap     ] GC(76) Survivor regions: 2->1(5)
[306.820s][info][gc,heap     ] GC(76) Old regions: 30->31
[306.820s][info][gc,heap     ] GC(76) Archive regions: 2->2
[306.820s][info][gc,heap     ] GC(76) Humongous regions: 0->0
[306.820s][info][gc,metaspace] GC(76) Metaspace: 50610K(51536K)->50610K(51536K) NonClass: 44484K(45136K)->44484K(45136K) Class: 6126K(6400K)->6126K(6400K)
[306.820s][info][gc          ] GC(76) Pause Young (Normal) (G1 Evacuation Pause) 65M->32M(77M) 1.069ms
[306.820s][info][gc,cpu      ] GC(76) User=0.00s Sys=0.00s Real=0.00s
[306.950s][info][gc,start    ] GC(77) Pause Young (Normal) (G1 Evacuation Pause)
[306.950s][info][gc,task     ] GC(77) Using 8 workers of 8 for evacuation
[306.951s][info][gc,phases   ] GC(77)   Pre Evacuate Collection Set: 0.0ms
[306.951s][info][gc,phases   ] GC(77)   Merge Heap Roots: 0.0ms
[306.951s][info][gc,phases   ] GC(77)   Evacuate Collection Set: 0.3ms
[306.951s][info][gc,phases   ] GC(77)   Post Evacuate Collection Set: 0.2ms
[306.951s][info][gc,phases   ] GC(77)   Other: 0.1ms
[306.951s][info][gc,heap     ] GC(77) Eden regions: 34->0(34)
[306.951s][info][gc,heap     ] GC(77) Survivor regions: 1->1(5)
[306.951s][info][gc,heap     ] GC(77) Old regions: 31->31
[306.951s][info][gc,heap     ] GC(77) Archive regions: 2->2
[306.951s][info][gc,heap     ] GC(77) Humongous regions: 0->0
[306.951s][info][gc,metaspace] GC(77) Metaspace: 50610K(51536K)->50610K(51536K) NonClass: 44484K(45136K)->44484K(45136K) Class: 6126K(6400K)->6126K(6400K)
[306.951s][info][gc          ] GC(77) Pause Young (Normal) (G1 Evacuation Pause) 66M->31M(77M) 0.804ms
[306.951s][info][gc,cpu      ] GC(77) User=0.00s Sys=0.00s Real=0.00s
[307.088s][info][gc,start    ] GC(78) Pause Young (Normal) (G1 Evacuation Pause)
[307.088s][info][gc,task     ] GC(78) Using 8 workers of 8 for evacuation
[307.089s][info][gc,phases   ] GC(78)   Pre Evacuate Collection Set: 0.1ms
[307.089s][info][gc,phases   ] GC(78)   Merge Heap Roots: 0.0ms
[307.089s][info][gc,phases   ] GC(78)   Evacuate Collection Set: 0.4ms
[307.089s][info][gc,phases   ] GC(78)   Post Evacuate Collection Set: 0.2ms
[307.089s][info][gc,phases   ] GC(78)   Other: 0.1ms
[307.089s][info][gc,heap     ] GC(78) Eden regions: 34->0(34)
[307.089s][info][gc,heap     ] GC(78) Survivor regions: 1->1(5)
[307.089s][info][gc,heap     ] GC(78) Old regions: 31->31
[307.089s][info][gc,heap     ] GC(78) Archive regions: 2->2
[307.089s][info][gc,heap     ] GC(78) Humongous regions: 0->0
[307.089s][info][gc,metaspace] GC(78) Metaspace: 50610K(51536K)->50610K(51536K) NonClass: 44484K(45136K)->44484K(45136K) Class: 6126K(6400K)->6126K(6400K)
[307.089s][info][gc          ] GC(78) Pause Young (Normal) (G1 Evacuation Pause) 65M->31M(77M) 0.835ms
[307.089s][info][gc,cpu      ] GC(78) User=0.00s Sys=0.00s Real=0.00s
[311.660s][info][gc,start    ] GC(79) Pause Young (Normal) (G1 Evacuation Pause)
[311.660s][info][gc,task     ] GC(79) Using 8 workers of 8 for evacuation
[311.661s][info][gc,phases   ] GC(79)   Pre Evacuate Collection Set: 0.0ms
[311.661s][info][gc,phases   ] GC(79)   Merge Heap Roots: 0.0ms
[311.661s][info][gc,phases   ] GC(79)   Evacuate Collection Set: 0.5ms
[311.661s][info][gc,phases   ] GC(79)   Post Evacuate Collection Set: 0.2ms
[311.661s][info][gc,phases   ] GC(79)   Other: 0.1ms
[311.661s][info][gc,heap     ] GC(79) Eden regions: 34->0(32)
[311.661s][info][gc,heap     ] GC(79) Survivor regions: 1->2(5)
[311.661s][info][gc,heap     ] GC(79) Old regions: 31->31
[311.661s][info][gc,heap     ] GC(79) Archive regions: 2->2
[311.661s][info][gc,heap     ] GC(79) Humongous regions: 0->0
[311.661s][info][gc,metaspace] GC(79) Metaspace: 50611K(51536K)->50611K(51536K) NonClass: 44485K(45136K)->44485K(45136K) Class: 6126K(6400K)->6126K(6400K)
[311.661s][info][gc          ] GC(79) Pause Young (Normal) (G1 Evacuation Pause) 65M->32M(77M) 0.998ms
[311.661s][info][gc,cpu      ] GC(79) User=0.01s Sys=0.00s Real=0.00s
[311.784s][info][gc,start    ] GC(80) Pause Young (Normal) (G1 Evacuation Pause)
[311.784s][info][gc,task     ] GC(80) Using 8 workers of 8 for evacuation
[311.785s][info][gc,phases   ] GC(80)   Pre Evacuate Collection Set: 0.1ms
[311.785s][info][gc,phases   ] GC(80)   Merge Heap Roots: 0.0ms
[311.785s][info][gc,phases   ] GC(80)   Evacuate Collection Set: 0.8ms
[311.785s][info][gc,phases   ] GC(80)   Post Evacuate Collection Set: 0.2ms
[311.785s][info][gc,phases   ] GC(80)   Other: 0.2ms
[311.785s][info][gc,heap     ] GC(80) Eden regions: 32->0(30)
[311.785s][info][gc,heap     ] GC(80) Survivor regions: 2->3(5)
[311.785s][info][gc,heap     ] GC(80) Old regions: 31->31
[311.785s][info][gc,heap     ] GC(80) Archive regions: 2->2
[311.785s][info][gc,heap     ] GC(80) Humongous regions: 0->0
[311.785s][info][gc,metaspace] GC(80) Metaspace: 50616K(51536K)->50616K(51536K) NonClass: 44489K(45136K)->44489K(45136K) Class: 6126K(6400K)->6126K(6400K)
[311.785s][info][gc          ] GC(80) Pause Young (Normal) (G1 Evacuation Pause) 64M->34M(77M) 1.410ms
[311.785s][info][gc,cpu      ] GC(80) User=0.01s Sys=0.00s Real=0.00s
[311.919s][info][gc,start    ] GC(81) Pause Young (Normal) (G1 Evacuation Pause)
[311.919s][info][gc,task     ] GC(81) Using 8 workers of 8 for evacuation
[311.921s][info][gc,phases   ] GC(81)   Pre Evacuate Collection Set: 0.0ms
[311.921s][info][gc,phases   ] GC(81)   Merge Heap Roots: 0.0ms
[311.921s][info][gc,phases   ] GC(81)   Evacuate Collection Set: 1.0ms
[311.921s][info][gc,phases   ] GC(81)   Post Evacuate Collection Set: 0.2ms
[311.921s][info][gc,phases   ] GC(81)   Other: 0.1ms
[311.921s][info][gc,heap     ] GC(81) Eden regions: 30->0(29)
[311.921s][info][gc,heap     ] GC(81) Survivor regions: 3->3(5)
[311.921s][info][gc,heap     ] GC(81) Old regions: 31->32
[311.921s][info][gc,heap     ] GC(81) Archive regions: 2->2
[311.921s][info][gc,heap     ] GC(81) Humongous regions: 0->0
[311.921s][info][gc,metaspace] GC(81) Metaspace: 50616K(51536K)->50616K(51536K) NonClass: 44489K(45136K)->44489K(45136K) Class: 6126K(6400K)->6126K(6400K)
[311.921s][info][gc          ] GC(81) Pause Young (Normal) (G1 Evacuation Pause) 64M->35M(77M) 1.462ms
[311.921s][info][gc,cpu      ] GC(81) User=0.01s Sys=0.00s Real=0.00s
[312.089s][info][gc,start    ] GC(82) Pause Young (Normal) (G1 Evacuation Pause)
[312.089s][info][gc,task     ] GC(82) Using 8 workers of 8 for evacuation
[312.090s][info][gc,phases   ] GC(82)   Pre Evacuate Collection Set: 0.0ms
[312.090s][info][gc,phases   ] GC(82)   Merge Heap Roots: 0.0ms
[312.090s][info][gc,phases   ] GC(82)   Evacuate Collection Set: 0.8ms
[312.090s][info][gc,phases   ] GC(82)   Post Evacuate Collection Set: 0.2ms
[312.090s][info][gc,phases   ] GC(82)   Other: 0.1ms
[312.090s][info][gc,heap     ] GC(82) Eden regions: 29->0(28)
[312.090s][info][gc,heap     ] GC(82) Survivor regions: 3->2(4)
[312.090s][info][gc,heap     ] GC(82) Old regions: 32->34
[312.090s][info][gc,heap     ] GC(82) Archive regions: 2->2
[312.090s][info][gc,heap     ] GC(82) Humongous regions: 0->0
[312.090s][info][gc,metaspace] GC(82) Metaspace: 50616K(51536K)->50616K(51536K) NonClass: 44489K(45136K)->44489K(45136K) Class: 6126K(6400K)->6126K(6400K)
[312.090s][info][gc          ] GC(82) Pause Young (Normal) (G1 Evacuation Pause) 64M->35M(77M) 1.263ms
[312.090s][info][gc,cpu      ] GC(82) User=0.01s Sys=0.00s Real=0.00s
[312.233s][info][gc,start    ] GC(83) Pause Young (Concurrent Start) (G1 Evacuation Pause)
[312.233s][info][gc,task     ] GC(83) Using 8 workers of 8 for evacuation
[312.234s][info][gc,phases   ] GC(83)   Pre Evacuate Collection Set: 0.1ms
[312.234s][info][gc,phases   ] GC(83)   Merge Heap Roots: 0.0ms
[312.234s][info][gc,phases   ] GC(83)   Evacuate Collection Set: 0.6ms
[312.234s][info][gc,phases   ] GC(83)   Post Evacuate Collection Set: 0.2ms
[312.234s][info][gc,phases   ] GC(83)   Other: 0.2ms
[312.234s][info][gc,heap     ] GC(83) Eden regions: 28->0(29)
[312.234s][info][gc,heap     ] GC(83) Survivor regions: 2->2(4)
[312.234s][info][gc,heap     ] GC(83) Old regions: 34->34
[312.234s][info][gc,heap     ] GC(83) Archive regions: 2->2
[312.234s][info][gc,heap     ] GC(83) Humongous regions: 0->0
[312.234s][info][gc,metaspace] GC(83) Metaspace: 50616K(51536K)->50616K(51536K) NonClass: 44489K(45136K)->44489K(45136K) Class: 6126K(6400K)->6126K(6400K)
[312.234s][info][gc          ] GC(83) Pause Young (Concurrent Start) (G1 Evacuation Pause) 63M->35M(77M) 1.095ms
[312.234s][info][gc,cpu      ] GC(83) User=0.00s Sys=0.00s Real=0.00s
[312.234s][info][gc          ] GC(84) Concurrent Cycle
[312.234s][info][gc,marking  ] GC(84) Concurrent Clear Claimed Marks
[312.234s][info][gc,marking  ] GC(84) Concurrent Clear Claimed Marks 0.031ms
[312.234s][info][gc,marking  ] GC(84) Concurrent Scan Root Regions
[312.234s][info][gc,marking  ] GC(84) Concurrent Scan Root Regions 0.609ms
[312.234s][info][gc,marking  ] GC(84) Concurrent Mark (312.234s)
[312.235s][info][gc,marking  ] GC(84) Concurrent Mark From Roots
[312.235s][info][gc,task     ] GC(84) Using 2 workers of 2 for marking
[312.262s][info][gc,marking  ] GC(84) Concurrent Mark From Roots 27.978ms
[312.263s][info][gc,marking  ] GC(84) Concurrent Preclean
[312.263s][info][gc,marking  ] GC(84) Concurrent Preclean 0.086ms
[312.263s][info][gc,marking  ] GC(84) Concurrent Mark (312.234s, 312.263s) 28.126ms
[312.263s][info][gc,start    ] GC(84) Pause Remark
[312.264s][info][gc          ] GC(84) Pause Remark 40M->40M(77M) 1.106ms
[312.264s][info][gc,cpu      ] GC(84) User=0.00s Sys=0.00s Real=0.00s
[312.264s][info][gc,marking  ] GC(84) Concurrent Rebuild Remembered Sets
[312.281s][info][gc,marking  ] GC(84) Concurrent Rebuild Remembered Sets 17.236ms
[312.283s][info][gc,start    ] GC(84) Pause Cleanup
[312.283s][info][gc          ] GC(84) Pause Cleanup 42M->42M(77M) 0.084ms
[312.283s][info][gc,cpu      ] GC(84) User=0.00s Sys=0.00s Real=0.00s
[312.283s][info][gc,marking  ] GC(84) Concurrent Cleanup for Next Mark
[312.283s][info][gc,marking  ] GC(84) Concurrent Cleanup for Next Mark 0.149ms
[312.283s][info][gc          ] GC(84) Concurrent Cycle 49.617ms
[312.394s][info][gc,start    ] GC(85) Pause Young (Normal) (G1 Evacuation Pause)
[312.394s][info][gc,task     ] GC(85) Using 8 workers of 8 for evacuation
[312.395s][info][gc,phases   ] GC(85)   Pre Evacuate Collection Set: 0.1ms
[312.395s][info][gc,phases   ] GC(85)   Merge Heap Roots: 0.0ms
[312.395s][info][gc,phases   ] GC(85)   Evacuate Collection Set: 0.6ms
[312.395s][info][gc,phases   ] GC(85)   Post Evacuate Collection Set: 0.2ms
[312.395s][info][gc,phases   ] GC(85)   Other: 0.1ms
[312.395s][info][gc,heap     ] GC(85) Eden regions: 29->0(29)
[312.395s][info][gc,heap     ] GC(85) Survivor regions: 2->2(4)
[312.395s][info][gc,heap     ] GC(85) Old regions: 34->34
[312.395s][info][gc,heap     ] GC(85) Archive regions: 2->2
[312.395s][info][gc,heap     ] GC(85) Humongous regions: 0->0
[312.395s][info][gc,metaspace] GC(85) Metaspace: 50616K(51536K)->50616K(51536K) NonClass: 44489K(45136K)->44489K(45136K) Class: 6126K(6400K)->6126K(6400K)
[312.395s][info][gc          ] GC(85) Pause Young (Normal) (G1 Evacuation Pause) 64M->35M(77M) 1.040ms
[312.395s][info][gc,cpu      ] GC(85) User=0.00s Sys=0.00s Real=0.00s
[312.530s][info][gc,start    ] GC(86) Pause Young (Concurrent Start) (G1 Evacuation Pause)
[312.530s][info][gc,task     ] GC(86) Using 8 workers of 8 for evacuation
[312.531s][info][gc,phases   ] GC(86)   Pre Evacuate Collection Set: 0.1ms
[312.531s][info][gc,phases   ] GC(86)   Merge Heap Roots: 0.0ms
[312.531s][info][gc,phases   ] GC(86)   Evacuate Collection Set: 0.7ms
[312.531s][info][gc,phases   ] GC(86)   Post Evacuate Collection Set: 0.2ms
[312.531s][info][gc,phases   ] GC(86)   Other: 0.2ms
[312.531s][info][gc,heap     ] GC(86) Eden regions: 29->0(29)
[312.531s][info][gc,heap     ] GC(86) Survivor regions: 2->2(4)
[312.531s][info][gc,heap     ] GC(86) Old regions: 34->34
[312.531s][info][gc,heap     ] GC(86) Archive regions: 2->2
[312.531s][info][gc,heap     ] GC(86) Humongous regions: 0->0
[312.531s][info][gc,metaspace] GC(86) Metaspace: 50617K(51536K)->50617K(51536K) NonClass: 44490K(45136K)->44490K(45136K) Class: 6126K(6400K)->6126K(6400K)
[312.531s][info][gc          ] GC(86) Pause Young (Concurrent Start) (G1 Evacuation Pause) 64M->35M(77M) 1.266ms
[312.531s][info][gc,cpu      ] GC(86) User=0.00s Sys=0.00s Real=0.00s
[312.531s][info][gc          ] GC(87) Concurrent Cycle
[312.531s][info][gc,marking  ] GC(87) Concurrent Clear Claimed Marks
[312.531s][info][gc,marking  ] GC(87) Concurrent Clear Claimed Marks 0.044ms
[312.531s][info][gc,marking  ] GC(87) Concurrent Scan Root Regions
[312.532s][info][gc,marking  ] GC(87) Concurrent Scan Root Regions 0.750ms
[312.532s][info][gc,marking  ] GC(87) Concurrent Mark (312.532s)
[312.532s][info][gc,marking  ] GC(87) Concurrent Mark From Roots
[312.532s][info][gc,task     ] GC(87) Using 2 workers of 2 for marking
[312.561s][info][gc,marking  ] GC(87) Concurrent Mark From Roots 29.197ms
[312.561s][info][gc,marking  ] GC(87) Concurrent Preclean
[312.561s][info][gc,marking  ] GC(87) Concurrent Preclean 0.055ms
[312.561s][info][gc,marking  ] GC(87) Concurrent Mark (312.532s, 312.561s) 29.308ms
[312.561s][info][gc,start    ] GC(87) Pause Remark
[312.562s][info][gc          ] GC(87) Pause Remark 38M->38M(77M) 1.029ms
[312.562s][info][gc,cpu      ] GC(87) User=0.01s Sys=0.00s Real=0.01s
[312.562s][info][gc,marking  ] GC(87) Concurrent Rebuild Remembered Sets
[312.579s][info][gc,marking  ] GC(87) Concurrent Rebuild Remembered Sets 17.063ms
[312.581s][info][gc,start    ] GC(87) Pause Cleanup
[312.581s][info][gc          ] GC(87) Pause Cleanup 41M->41M(77M) 0.096ms
[312.581s][info][gc,cpu      ] GC(87) User=0.00s Sys=0.00s Real=0.00s
[312.581s][info][gc,marking  ] GC(87) Concurrent Cleanup for Next Mark
[312.581s][info][gc,marking  ] GC(87) Concurrent Cleanup for Next Mark 0.113ms
[312.581s][info][gc          ] GC(87) Concurrent Cycle 50.588ms
[312.695s][info][gc,start    ] GC(88) Pause Young (Normal) (G1 Evacuation Pause)
[312.695s][info][gc,task     ] GC(88) Using 8 workers of 8 for evacuation
[312.696s][info][gc,phases   ] GC(88)   Pre Evacuate Collection Set: 0.0ms
[312.696s][info][gc,phases   ] GC(88)   Merge Heap Roots: 0.0ms
[312.696s][info][gc,phases   ] GC(88)   Evacuate Collection Set: 0.5ms
[312.696s][info][gc,phases   ] GC(88)   Post Evacuate Collection Set: 0.2ms
[312.696s][info][gc,phases   ] GC(88)   Other: 0.1ms
[312.696s][info][gc,heap     ] GC(88) Eden regions: 29->0(29)
[312.696s][info][gc,heap     ] GC(88) Survivor regions: 2->2(4)
[312.696s][info][gc,heap     ] GC(88) Old regions: 34->34
[312.696s][info][gc,heap     ] GC(88) Archive regions: 2->2
[312.696s][info][gc,heap     ] GC(88) Humongous regions: 0->0
[312.696s][info][gc,metaspace] GC(88) Metaspace: 50617K(51536K)->50617K(51536K) NonClass: 44490K(45136K)->44490K(45136K) Class: 6126K(6400K)->6126K(6400K)
[312.696s][info][gc          ] GC(88) Pause Young (Normal) (G1 Evacuation Pause) 64M->35M(77M) 1.004ms
[312.696s][info][gc,cpu      ] GC(88) User=0.01s Sys=0.00s Real=0.00s
[312.843s][info][gc,start    ] GC(89) Pause Young (Concurrent Start) (G1 Evacuation Pause)
[312.843s][info][gc,task     ] GC(89) Using 8 workers of 8 for evacuation
[312.844s][info][gc,phases   ] GC(89)   Pre Evacuate Collection Set: 0.1ms
[312.844s][info][gc,phases   ] GC(89)   Merge Heap Roots: 0.0ms
[312.844s][info][gc,phases   ] GC(89)   Evacuate Collection Set: 0.6ms
[312.844s][info][gc,phases   ] GC(89)   Post Evacuate Collection Set: 0.2ms
[312.844s][info][gc,phases   ] GC(89)   Other: 0.2ms
[312.844s][info][gc,heap     ] GC(89) Eden regions: 29->0(29)
[312.844s][info][gc,heap     ] GC(89) Survivor regions: 2->2(4)
[312.844s][info][gc,heap     ] GC(89) Old regions: 34->34
[312.844s][info][gc,heap     ] GC(89) Archive regions: 2->2
[312.844s][info][gc,heap     ] GC(89) Humongous regions: 0->0
[312.844s][info][gc,metaspace] GC(89) Metaspace: 50617K(51536K)->50617K(51536K) NonClass: 44490K(45136K)->44490K(45136K) Class: 6126K(6400K)->6126K(6400K)
[312.844s][info][gc          ] GC(89) Pause Young (Concurrent Start) (G1 Evacuation Pause) 64M->35M(77M) 1.245ms
[312.844s][info][gc,cpu      ] GC(89) User=0.01s Sys=0.00s Real=0.00s
[312.844s][info][gc          ] GC(90) Concurrent Cycle
[312.844s][info][gc,marking  ] GC(90) Concurrent Clear Claimed Marks
[312.844s][info][gc,marking  ] GC(90) Concurrent Clear Claimed Marks 0.040ms
[312.844s][info][gc,marking  ] GC(90) Concurrent Scan Root Regions
[312.845s][info][gc,marking  ] GC(90) Concurrent Scan Root Regions 0.649ms
[312.845s][info][gc,marking  ] GC(90) Concurrent Mark (312.845s)
[312.845s][info][gc,marking  ] GC(90) Concurrent Mark From Roots
[312.845s][info][gc,task     ] GC(90) Using 2 workers of 2 for marking
[312.869s][info][gc,marking  ] GC(90) Concurrent Mark From Roots 24.227ms
[312.869s][info][gc,marking  ] GC(90) Concurrent Preclean
[312.869s][info][gc,marking  ] GC(90) Concurrent Preclean 0.075ms
[312.869s][info][gc,marking  ] GC(90) Concurrent Mark (312.845s, 312.869s) 24.374ms
[312.869s][info][gc,start    ] GC(90) Pause Remark
[312.870s][info][gc          ] GC(90) Pause Remark 39M->39M(77M) 1.091ms
[312.870s][info][gc,cpu      ] GC(90) User=0.00s Sys=0.00s Real=0.00s
[312.870s][info][gc,marking  ] GC(90) Concurrent Rebuild Remembered Sets
[312.887s][info][gc,marking  ] GC(90) Concurrent Rebuild Remembered Sets 16.283ms
[312.888s][info][gc,start    ] GC(90) Pause Cleanup
[312.888s][info][gc          ] GC(90) Pause Cleanup 41M->41M(77M) 0.130ms
[312.888s][info][gc,cpu      ] GC(90) User=0.00s Sys=0.00s Real=0.00s
[312.888s][info][gc,marking  ] GC(90) Concurrent Cleanup for Next Mark
[312.888s][info][gc,marking  ] GC(90) Concurrent Cleanup for Next Mark 0.110ms
[312.888s][info][gc          ] GC(90) Concurrent Cycle 44.215ms
[313.003s][info][gc,start    ] GC(91) Pause Young (Normal) (G1 Evacuation Pause)
[313.003s][info][gc,task     ] GC(91) Using 8 workers of 8 for evacuation
[313.004s][info][gc,phases   ] GC(91)   Pre Evacuate Collection Set: 0.0ms
[313.004s][info][gc,phases   ] GC(91)   Merge Heap Roots: 0.0ms
[313.004s][info][gc,phases   ] GC(91)   Evacuate Collection Set: 0.4ms
[313.004s][info][gc,phases   ] GC(91)   Post Evacuate Collection Set: 0.2ms
[313.004s][info][gc,phases   ] GC(91)   Other: 0.2ms
[313.004s][info][gc,heap     ] GC(91) Eden regions: 29->0(31)
[313.004s][info][gc,heap     ] GC(91) Survivor regions: 2->1(4)
[313.004s][info][gc,heap     ] GC(91) Old regions: 34->34
[313.004s][info][gc,heap     ] GC(91) Archive regions: 2->2
[313.004s][info][gc,heap     ] GC(91) Humongous regions: 0->0
[313.004s][info][gc,metaspace] GC(91) Metaspace: 50617K(51536K)->50617K(51536K) NonClass: 44490K(45136K)->44490K(45136K) Class: 6126K(6400K)->6126K(6400K)
[313.004s][info][gc          ] GC(91) Pause Young (Normal) (G1 Evacuation Pause) 64M->35M(77M) 1.004ms
[313.004s][info][gc,cpu      ] GC(91) User=0.01s Sys=0.00s Real=0.00s
[313.150s][info][gc,start    ] GC(92) Pause Young (Concurrent Start) (G1 Evacuation Pause)
[313.150s][info][gc,task     ] GC(92) Using 8 workers of 8 for evacuation
[313.151s][info][gc,phases   ] GC(92)   Pre Evacuate Collection Set: 0.1ms
[313.151s][info][gc,phases   ] GC(92)   Merge Heap Roots: 0.0ms
[313.151s][info][gc,phases   ] GC(92)   Evacuate Collection Set: 0.7ms
[313.151s][info][gc,phases   ] GC(92)   Post Evacuate Collection Set: 0.2ms
[313.151s][info][gc,phases   ] GC(92)   Other: 0.2ms
[313.151s][info][gc,heap     ] GC(92) Eden regions: 31->0(29)
[313.151s][info][gc,heap     ] GC(92) Survivor regions: 1->2(4)
[313.151s][info][gc,heap     ] GC(92) Old regions: 34->34
[313.151s][info][gc,heap     ] GC(92) Archive regions: 2->2
[313.151s][info][gc,heap     ] GC(92) Humongous regions: 0->0
[313.151s][info][gc,metaspace] GC(92) Metaspace: 50617K(51536K)->50617K(51536K) NonClass: 44490K(45136K)->44490K(45136K) Class: 6126K(6400K)->6126K(6400K)
[313.151s][info][gc          ] GC(92) Pause Young (Concurrent Start) (G1 Evacuation Pause) 66M->35M(77M) 1.527ms
[313.151s][info][gc,cpu      ] GC(92) User=0.00s Sys=0.00s Real=0.00s
[313.151s][info][gc          ] GC(93) Concurrent Cycle
[313.151s][info][gc,marking  ] GC(93) Concurrent Clear Claimed Marks
[313.151s][info][gc,marking  ] GC(93) Concurrent Clear Claimed Marks 0.059ms
[313.151s][info][gc,marking  ] GC(93) Concurrent Scan Root Regions
[313.152s][info][gc,marking  ] GC(93) Concurrent Scan Root Regions 0.641ms
[313.152s][info][gc,marking  ] GC(93) Concurrent Mark (313.152s)
[313.152s][info][gc,marking  ] GC(93) Concurrent Mark From Roots
[313.152s][info][gc,task     ] GC(93) Using 2 workers of 2 for marking
[313.180s][info][gc,marking  ] GC(93) Concurrent Mark From Roots 28.215ms
[313.180s][info][gc,marking  ] GC(93) Concurrent Preclean
[313.181s][info][gc,marking  ] GC(93) Concurrent Preclean 0.086ms
[313.181s][info][gc,marking  ] GC(93) Concurrent Mark (313.152s, 313.181s) 28.382ms
[313.181s][info][gc,start    ] GC(93) Pause Remark
[313.182s][info][gc          ] GC(93) Pause Remark 39M->39M(77M) 1.368ms
[313.182s][info][gc,cpu      ] GC(93) User=0.00s Sys=0.00s Real=0.01s
[313.182s][info][gc,marking  ] GC(93) Concurrent Rebuild Remembered Sets
[313.199s][info][gc,marking  ] GC(93) Concurrent Rebuild Remembered Sets 16.352ms
[313.200s][info][gc,start    ] GC(93) Pause Cleanup
[313.200s][info][gc          ] GC(93) Pause Cleanup 42M->42M(77M) 0.082ms
[313.200s][info][gc,cpu      ] GC(93) User=0.00s Sys=0.00s Real=0.00s
[313.200s][info][gc,marking  ] GC(93) Concurrent Cleanup for Next Mark
[313.200s][info][gc,marking  ] GC(93) Concurrent Cleanup for Next Mark 0.112ms
[313.200s][info][gc          ] GC(93) Concurrent Cycle 48.547ms
[313.304s][info][gc,start    ] GC(94) Pause Young (Normal) (G1 Evacuation Pause)
[313.304s][info][gc,task     ] GC(94) Using 8 workers of 8 for evacuation
[313.305s][info][gc,phases   ] GC(94)   Pre Evacuate Collection Set: 0.0ms
[313.305s][info][gc,phases   ] GC(94)   Merge Heap Roots: 0.0ms
[313.305s][info][gc,phases   ] GC(94)   Evacuate Collection Set: 0.5ms
[313.305s][info][gc,phases   ] GC(94)   Post Evacuate Collection Set: 0.2ms
[313.305s][info][gc,phases   ] GC(94)   Other: 0.1ms
[313.305s][info][gc,heap     ] GC(94) Eden regions: 29->0(29)
[313.305s][info][gc,heap     ] GC(94) Survivor regions: 2->2(4)
[313.305s][info][gc,heap     ] GC(94) Old regions: 34->34
[313.305s][info][gc,heap     ] GC(94) Archive regions: 2->2
[313.305s][info][gc,heap     ] GC(94) Humongous regions: 0->0
[313.305s][info][gc,metaspace] GC(94) Metaspace: 50617K(51536K)->50617K(51536K) NonClass: 44491K(45136K)->44491K(45136K) Class: 6126K(6400K)->6126K(6400K)
[313.305s][info][gc          ] GC(94) Pause Young (Normal) (G1 Evacuation Pause) 64M->35M(77M) 0.970ms
[313.305s][info][gc,cpu      ] GC(94) User=0.00s Sys=0.00s Real=0.00s
[313.451s][info][gc,start    ] GC(95) Pause Young (Concurrent Start) (G1 Evacuation Pause)
[313.451s][info][gc,task     ] GC(95) Using 8 workers of 8 for evacuation
[313.452s][info][gc,phases   ] GC(95)   Pre Evacuate Collection Set: 0.1ms
[313.452s][info][gc,phases   ] GC(95)   Merge Heap Roots: 0.0ms
[313.452s][info][gc,phases   ] GC(95)   Evacuate Collection Set: 0.6ms
[313.452s][info][gc,phases   ] GC(95)   Post Evacuate Collection Set: 0.2ms
[313.452s][info][gc,phases   ] GC(95)   Other: 0.1ms
[313.452s][info][gc,heap     ] GC(95) Eden regions: 29->0(29)
[313.452s][info][gc,heap     ] GC(95) Survivor regions: 2->2(4)
[313.452s][info][gc,heap     ] GC(95) Old regions: 34->34
[313.452s][info][gc,heap     ] GC(95) Archive regions: 2->2
[313.452s][info][gc,heap     ] GC(95) Humongous regions: 0->0
[313.452s][info][gc,metaspace] GC(95) Metaspace: 50617K(51536K)->50617K(51536K) NonClass: 44491K(45136K)->44491K(45136K) Class: 6126K(6400K)->6126K(6400K)
[313.452s][info][gc          ] GC(95) Pause Young (Concurrent Start) (G1 Evacuation Pause) 64M->35M(77M) 1.166ms
[313.452s][info][gc,cpu      ] GC(95) User=0.00s Sys=0.00s Real=0.01s
[313.452s][info][gc          ] GC(96) Concurrent Cycle
[313.452s][info][gc,marking  ] GC(96) Concurrent Clear Claimed Marks
[313.452s][info][gc,marking  ] GC(96) Concurrent Clear Claimed Marks 0.037ms
[313.452s][info][gc,marking  ] GC(96) Concurrent Scan Root Regions
[313.453s][info][gc,marking  ] GC(96) Concurrent Scan Root Regions 0.656ms
[313.453s][info][gc,marking  ] GC(96) Concurrent Mark (313.453s)
[313.453s][info][gc,marking  ] GC(96) Concurrent Mark From Roots
[313.453s][info][gc,task     ] GC(96) Using 2 workers of 2 for marking
[313.479s][info][gc,marking  ] GC(96) Concurrent Mark From Roots 26.413ms
[313.479s][info][gc,marking  ] GC(96) Concurrent Preclean
[313.479s][info][gc,marking  ] GC(96) Concurrent Preclean 0.061ms
[313.479s][info][gc,marking  ] GC(96) Concurrent Mark (313.453s, 313.479s) 26.538ms
[313.479s][info][gc,start    ] GC(96) Pause Remark
[313.480s][info][gc          ] GC(96) Pause Remark 40M->40M(77M) 1.254ms
[313.481s][info][gc,cpu      ] GC(96) User=0.00s Sys=0.00s Real=0.00s
[313.481s][info][gc,marking  ] GC(96) Concurrent Rebuild Remembered Sets
[313.498s][info][gc,marking  ] GC(96) Concurrent Rebuild Remembered Sets 17.319ms
[313.499s][info][gc,start    ] GC(96) Pause Cleanup
[313.499s][info][gc          ] GC(96) Pause Cleanup 43M->43M(77M) 0.083ms
[313.499s][info][gc,cpu      ] GC(96) User=0.00s Sys=0.00s Real=0.00s
[313.499s][info][gc,marking  ] GC(96) Concurrent Cleanup for Next Mark
[313.499s][info][gc,marking  ] GC(96) Concurrent Cleanup for Next Mark 0.102ms
[313.499s][info][gc          ] GC(96) Concurrent Cycle 47.436ms
[313.575s][info][gc,start    ] GC(97) Pause Young (Normal) (G1 Evacuation Pause)
[313.575s][info][gc,task     ] GC(97) Using 8 workers of 8 for evacuation
[313.576s][info][gc,phases   ] GC(97)   Pre Evacuate Collection Set: 0.0ms
[313.576s][info][gc,phases   ] GC(97)   Merge Heap Roots: 0.0ms
[313.576s][info][gc,phases   ] GC(97)   Evacuate Collection Set: 0.6ms
[313.576s][info][gc,phases   ] GC(97)   Post Evacuate Collection Set: 0.2ms
[313.576s][info][gc,phases   ] GC(97)   Other: 0.1ms
[313.576s][info][gc,heap     ] GC(97) Eden regions: 29->0(29)
[313.576s][info][gc,heap     ] GC(97) Survivor regions: 2->2(4)
[313.576s][info][gc,heap     ] GC(97) Old regions: 34->34
[313.576s][info][gc,heap     ] GC(97) Archive regions: 2->2
[313.576s][info][gc,heap     ] GC(97) Humongous regions: 0->0
[313.576s][info][gc,metaspace] GC(97) Metaspace: 50617K(51536K)->50617K(51536K) NonClass: 44491K(45136K)->44491K(45136K) Class: 6126K(6400K)->6126K(6400K)
[313.576s][info][gc          ] GC(97) Pause Young (Normal) (G1 Evacuation Pause) 64M->35M(77M) 1.082ms
[313.576s][info][gc,cpu      ] GC(97) User=0.01s Sys=0.00s Real=0.00s
[313.686s][info][gc,start    ] GC(98) Pause Young (Concurrent Start) (G1 Evacuation Pause)
[313.686s][info][gc,task     ] GC(98) Using 8 workers of 8 for evacuation
[313.687s][info][gc,phases   ] GC(98)   Pre Evacuate Collection Set: 0.1ms
[313.687s][info][gc,phases   ] GC(98)   Merge Heap Roots: 0.0ms
[313.687s][info][gc,phases   ] GC(98)   Evacuate Collection Set: 0.6ms
[313.687s][info][gc,phases   ] GC(98)   Post Evacuate Collection Set: 0.2ms
[313.687s][info][gc,phases   ] GC(98)   Other: 0.1ms
[313.687s][info][gc,heap     ] GC(98) Eden regions: 29->0(29)
[313.687s][info][gc,heap     ] GC(98) Survivor regions: 2->2(4)
[313.687s][info][gc,heap     ] GC(98) Old regions: 34->34
[313.687s][info][gc,heap     ] GC(98) Archive regions: 2->2
[313.687s][info][gc,heap     ] GC(98) Humongous regions: 0->0
[313.687s][info][gc,metaspace] GC(98) Metaspace: 50617K(51536K)->50617K(51536K) NonClass: 44491K(45136K)->44491K(45136K) Class: 6126K(6400K)->6126K(6400K)
[313.687s][info][gc          ] GC(98) Pause Young (Concurrent Start) (G1 Evacuation Pause) 64M->35M(77M) 1.185ms
[313.687s][info][gc,cpu      ] GC(98) User=0.01s Sys=0.00s Real=0.00s
[313.687s][info][gc          ] GC(99) Concurrent Cycle
[313.687s][info][gc,marking  ] GC(99) Concurrent Clear Claimed Marks
[313.687s][info][gc,marking  ] GC(99) Concurrent Clear Claimed Marks 0.025ms
[313.687s][info][gc,marking  ] GC(99) Concurrent Scan Root Regions
[313.688s][info][gc,marking  ] GC(99) Concurrent Scan Root Regions 0.674ms
[313.688s][info][gc,marking  ] GC(99) Concurrent Mark (313.688s)
[313.688s][info][gc,marking  ] GC(99) Concurrent Mark From Roots
[313.688s][info][gc,task     ] GC(99) Using 2 workers of 2 for marking
[313.714s][info][gc,marking  ] GC(99) Concurrent Mark From Roots 25.936ms
[313.714s][info][gc,marking  ] GC(99) Concurrent Preclean
[313.714s][info][gc,marking  ] GC(99) Concurrent Preclean 0.082ms
[313.714s][info][gc,marking  ] GC(99) Concurrent Mark (313.688s, 313.714s) 26.086ms
[313.714s][info][gc,start    ] GC(99) Pause Remark
[313.715s][info][gc          ] GC(99) Pause Remark 39M->39M(77M) 1.081ms
[313.715s][info][gc,cpu      ] GC(99) User=0.01s Sys=0.00s Real=0.00s
[313.715s][info][gc,marking  ] GC(99) Concurrent Rebuild Remembered Sets
[313.732s][info][gc,marking  ] GC(99) Concurrent Rebuild Remembered Sets 16.697ms
[313.733s][info][gc,start    ] GC(99) Pause Cleanup
[313.733s][info][gc          ] GC(99) Pause Cleanup 42M->42M(77M) 0.085ms
[313.733s][info][gc,cpu      ] GC(99) User=0.00s Sys=0.00s Real=0.00s
[313.733s][info][gc,marking  ] GC(99) Concurrent Cleanup for Next Mark
[313.733s][info][gc,marking  ] GC(99) Concurrent Cleanup for Next Mark 0.102ms
[313.733s][info][gc          ] GC(99) Concurrent Cycle 46.147ms
[313.822s][info][gc,start    ] GC(100) Pause Young (Normal) (G1 Evacuation Pause)
[313.822s][info][gc,task     ] GC(100) Using 8 workers of 8 for evacuation
[313.822s][info][gc,phases   ] GC(100)   Pre Evacuate Collection Set: 0.0ms
[313.822s][info][gc,phases   ] GC(100)   Merge Heap Roots: 0.0ms
[313.823s][info][gc,phases   ] GC(100)   Evacuate Collection Set: 0.5ms
[313.823s][info][gc,phases   ] GC(100)   Post Evacuate Collection Set: 0.2ms
[313.823s][info][gc,phases   ] GC(100)   Other: 0.1ms
[313.823s][info][gc,heap     ] GC(100) Eden regions: 29->0(29)
[313.823s][info][gc,heap     ] GC(100) Survivor regions: 2->2(4)
[313.823s][info][gc,heap     ] GC(100) Old regions: 34->34
[313.823s][info][gc,heap     ] GC(100) Archive regions: 2->2
[313.823s][info][gc,heap     ] GC(100) Humongous regions: 0->0
[313.823s][info][gc,metaspace] GC(100) Metaspace: 50617K(51536K)->50617K(51536K) NonClass: 44491K(45136K)->44491K(45136K) Class: 6126K(6400K)->6126K(6400K)
[313.823s][info][gc          ] GC(100) Pause Young (Normal) (G1 Evacuation Pause) 64M->35M(77M) 1.012ms
[313.823s][info][gc,cpu      ] GC(100) User=0.00s Sys=0.00s Real=0.00s
[313.936s][info][gc,start    ] GC(101) Pause Young (Concurrent Start) (G1 Evacuation Pause)
[313.936s][info][gc,task     ] GC(101) Using 8 workers of 8 for evacuation
[313.937s][info][gc,phases   ] GC(101)   Pre Evacuate Collection Set: 0.1ms
[313.937s][info][gc,phases   ] GC(101)   Merge Heap Roots: 0.0ms
[313.937s][info][gc,phases   ] GC(101)   Evacuate Collection Set: 0.6ms
[313.937s][info][gc,phases   ] GC(101)   Post Evacuate Collection Set: 0.2ms
[313.937s][info][gc,phases   ] GC(101)   Other: 0.1ms
[313.937s][info][gc,heap     ] GC(101) Eden regions: 29->0(29)
[313.937s][info][gc,heap     ] GC(101) Survivor regions: 2->2(4)
[313.937s][info][gc,heap     ] GC(101) Old regions: 34->34
[313.937s][info][gc,heap     ] GC(101) Archive regions: 2->2
[313.937s][info][gc,heap     ] GC(101) Humongous regions: 0->0
[313.937s][info][gc,metaspace] GC(101) Metaspace: 50617K(51536K)->50617K(51536K) NonClass: 44491K(45136K)->44491K(45136K) Class: 6126K(6400K)->6126K(6400K)
[313.937s][info][gc          ] GC(101) Pause Young (Concurrent Start) (G1 Evacuation Pause) 64M->35M(77M) 1.220ms
[313.937s][info][gc,cpu      ] GC(101) User=0.00s Sys=0.00s Real=0.00s
[313.937s][info][gc          ] GC(102) Concurrent Cycle
[313.937s][info][gc,marking  ] GC(102) Concurrent Clear Claimed Marks
[313.937s][info][gc,marking  ] GC(102) Concurrent Clear Claimed Marks 0.036ms
[313.937s][info][gc,marking  ] GC(102) Concurrent Scan Root Regions
[313.938s][info][gc,marking  ] GC(102) Concurrent Scan Root Regions 0.707ms
[313.938s][info][gc,marking  ] GC(102) Concurrent Mark (313.938s)
[313.938s][info][gc,marking  ] GC(102) Concurrent Mark From Roots
[313.938s][info][gc,task     ] GC(102) Using 2 workers of 2 for marking
[313.967s][info][gc,marking  ] GC(102) Concurrent Mark From Roots 28.441ms
[313.967s][info][gc,marking  ] GC(102) Concurrent Preclean
[313.967s][info][gc,marking  ] GC(102) Concurrent Preclean 0.075ms
[313.967s][info][gc,marking  ] GC(102) Concurrent Mark (313.938s, 313.967s) 28.592ms
[313.967s][info][gc,start    ] GC(102) Pause Remark
[313.968s][info][gc          ] GC(102) Pause Remark 40M->40M(77M) 1.095ms
[313.968s][info][gc,cpu      ] GC(102) User=0.00s Sys=0.00s Real=0.00s
[313.968s][info][gc,marking  ] GC(102) Concurrent Rebuild Remembered Sets
[313.985s][info][gc,marking  ] GC(102) Concurrent Rebuild Remembered Sets 16.549ms
[313.986s][info][gc,start    ] GC(102) Pause Cleanup
[313.986s][info][gc          ] GC(102) Pause Cleanup 43M->43M(77M) 0.097ms
[313.986s][info][gc,cpu      ] GC(102) User=0.00s Sys=0.00s Real=0.00s
[313.986s][info][gc,marking  ] GC(102) Concurrent Cleanup for Next Mark
[313.986s][info][gc,marking  ] GC(102) Concurrent Cleanup for Next Mark 0.096ms
[313.986s][info][gc          ] GC(102) Concurrent Cycle 48.523ms
[314.068s][info][gc,start    ] GC(103) Pause Young (Normal) (G1 Evacuation Pause)
[314.068s][info][gc,task     ] GC(103) Using 8 workers of 8 for evacuation
[314.069s][info][gc,phases   ] GC(103)   Pre Evacuate Collection Set: 0.0ms
[314.069s][info][gc,phases   ] GC(103)   Merge Heap Roots: 0.0ms
[314.069s][info][gc,phases   ] GC(103)   Evacuate Collection Set: 0.6ms
[314.069s][info][gc,phases   ] GC(103)   Post Evacuate Collection Set: 0.3ms
[314.069s][info][gc,phases   ] GC(103)   Other: 0.1ms
[314.069s][info][gc,heap     ] GC(103) Eden regions: 29->0(30)
[314.069s][info][gc,heap     ] GC(103) Survivor regions: 2->1(4)
[314.069s][info][gc,heap     ] GC(103) Old regions: 34->35
[314.069s][info][gc,heap     ] GC(103) Archive regions: 2->2
[314.069s][info][gc,heap     ] GC(103) Humongous regions: 0->0
[314.069s][info][gc,metaspace] GC(103) Metaspace: 50617K(51536K)->50617K(51536K) NonClass: 44491K(45136K)->44491K(45136K) Class: 6126K(6400K)->6126K(6400K)
[314.069s][info][gc          ] GC(103) Pause Young (Normal) (G1 Evacuation Pause) 64M->35M(77M) 1.119ms
[314.069s][info][gc,cpu      ] GC(103) User=0.00s Sys=0.00s Real=0.00s
[314.183s][info][gc,start    ] GC(104) Pause Young (Concurrent Start) (G1 Evacuation Pause)
[314.183s][info][gc,task     ] GC(104) Using 8 workers of 8 for evacuation
[314.184s][info][gc,phases   ] GC(104)   Pre Evacuate Collection Set: 0.1ms
[314.184s][info][gc,phases   ] GC(104)   Merge Heap Roots: 0.0ms
[314.184s][info][gc,phases   ] GC(104)   Evacuate Collection Set: 0.6ms
[314.184s][info][gc,phases   ] GC(104)   Post Evacuate Collection Set: 0.2ms
[314.184s][info][gc,phases   ] GC(104)   Other: 0.2ms
[314.184s][info][gc,heap     ] GC(104) Eden regions: 30->0(30)
[314.184s][info][gc,heap     ] GC(104) Survivor regions: 1->1(4)
[314.184s][info][gc,heap     ] GC(104) Old regions: 35->35
[314.184s][info][gc,heap     ] GC(104) Archive regions: 2->2
[314.184s][info][gc,heap     ] GC(104) Humongous regions: 0->0
[314.184s][info][gc,metaspace] GC(104) Metaspace: 50618K(51536K)->50618K(51536K) NonClass: 44491K(45136K)->44491K(45136K) Class: 6126K(6400K)->6126K(6400K)
[314.184s][info][gc          ] GC(104) Pause Young (Concurrent Start) (G1 Evacuation Pause) 65M->35M(77M) 1.108ms
[314.184s][info][gc,cpu      ] GC(104) User=0.00s Sys=0.01s Real=0.00s
[314.184s][info][gc          ] GC(105) Concurrent Cycle
[314.184s][info][gc,marking  ] GC(105) Concurrent Clear Claimed Marks
[314.184s][info][gc,marking  ] GC(105) Concurrent Clear Claimed Marks 0.024ms
[314.184s][info][gc,marking  ] GC(105) Concurrent Scan Root Regions
[314.185s][info][gc,marking  ] GC(105) Concurrent Scan Root Regions 0.556ms
[314.185s][info][gc,marking  ] GC(105) Concurrent Mark (314.185s)
[314.185s][info][gc,marking  ] GC(105) Concurrent Mark From Roots
[314.185s][info][gc,task     ] GC(105) Using 2 workers of 2 for marking
[314.209s][info][gc,marking  ] GC(105) Concurrent Mark From Roots 24.213ms
[314.209s][info][gc,marking  ] GC(105) Concurrent Preclean
[314.209s][info][gc,marking  ] GC(105) Concurrent Preclean 0.081ms
[314.209s][info][gc,marking  ] GC(105) Concurrent Mark (314.185s, 314.209s) 24.367ms
[314.209s][info][gc,start    ] GC(105) Pause Remark
[314.211s][info][gc          ] GC(105) Pause Remark 40M->40M(77M) 1.180ms
[314.211s][info][gc,cpu      ] GC(105) User=0.01s Sys=0.00s Real=0.00s
[314.211s][info][gc,marking  ] GC(105) Concurrent Rebuild Remembered Sets
[314.226s][info][gc,marking  ] GC(105) Concurrent Rebuild Remembered Sets 15.246ms
[314.227s][info][gc,start    ] GC(105) Pause Cleanup
[314.227s][info][gc          ] GC(105) Pause Cleanup 44M->44M(77M) 0.089ms
[314.227s][info][gc,cpu      ] GC(105) User=0.00s Sys=0.00s Real=0.00s
[314.227s][info][gc,marking  ] GC(105) Concurrent Cleanup for Next Mark
[314.227s][info][gc,marking  ] GC(105) Concurrent Cleanup for Next Mark 0.098ms
[314.227s][info][gc          ] GC(105) Concurrent Cycle 43.046ms
[314.316s][info][gc,start    ] GC(106) Pause Young (Normal) (G1 Evacuation Pause)
[314.316s][info][gc,task     ] GC(106) Using 8 workers of 8 for evacuation
[314.317s][info][gc,phases   ] GC(106)   Pre Evacuate Collection Set: 0.0ms
[314.317s][info][gc,phases   ] GC(106)   Merge Heap Roots: 0.0ms
[314.317s][info][gc,phases   ] GC(106)   Evacuate Collection Set: 0.5ms
[314.317s][info][gc,phases   ] GC(106)   Post Evacuate Collection Set: 0.2ms
[314.317s][info][gc,phases   ] GC(106)   Other: 0.1ms
[314.317s][info][gc,heap     ] GC(106) Eden regions: 30->0(30)
[314.317s][info][gc,heap     ] GC(106) Survivor regions: 1->1(4)
[314.317s][info][gc,heap     ] GC(106) Old regions: 35->35
[314.317s][info][gc,heap     ] GC(106) Archive regions: 2->2
[314.317s][info][gc,heap     ] GC(106) Humongous regions: 0->0
[314.317s][info][gc,metaspace] GC(106) Metaspace: 50618K(51536K)->50618K(51536K) NonClass: 44491K(45136K)->44491K(45136K) Class: 6126K(6400K)->6126K(6400K)
[314.317s][info][gc          ] GC(106) Pause Young (Normal) (G1 Evacuation Pause) 65M->35M(77M) 0.929ms
[314.317s][info][gc,cpu      ] GC(106) User=0.00s Sys=0.00s Real=0.00s
[314.436s][info][gc,start    ] GC(107) Pause Young (Concurrent Start) (G1 Evacuation Pause)
[314.436s][info][gc,task     ] GC(107) Using 8 workers of 8 for evacuation
[314.437s][info][gc,phases   ] GC(107)   Pre Evacuate Collection Set: 0.1ms
[314.437s][info][gc,phases   ] GC(107)   Merge Heap Roots: 0.0ms
[314.437s][info][gc,phases   ] GC(107)   Evacuate Collection Set: 0.5ms
[314.437s][info][gc,phases   ] GC(107)   Post Evacuate Collection Set: 0.2ms
[314.437s][info][gc,phases   ] GC(107)   Other: 0.1ms
[314.437s][info][gc,heap     ] GC(107) Eden regions: 30->0(30)
[314.437s][info][gc,heap     ] GC(107) Survivor regions: 1->1(4)
[314.437s][info][gc,heap     ] GC(107) Old regions: 35->35
[314.437s][info][gc,heap     ] GC(107) Archive regions: 2->2
[314.437s][info][gc,heap     ] GC(107) Humongous regions: 0->0
[314.437s][info][gc,metaspace] GC(107) Metaspace: 50618K(51536K)->50618K(51536K) NonClass: 44491K(45136K)->44491K(45136K) Class: 6126K(6400K)->6126K(6400K)
[314.437s][info][gc          ] GC(107) Pause Young (Concurrent Start) (G1 Evacuation Pause) 65M->35M(77M) 1.107ms
[314.437s][info][gc,cpu      ] GC(107) User=0.00s Sys=0.00s Real=0.00s
[314.437s][info][gc          ] GC(108) Concurrent Cycle
[314.437s][info][gc,marking  ] GC(108) Concurrent Clear Claimed Marks
[314.437s][info][gc,marking  ] GC(108) Concurrent Clear Claimed Marks 0.020ms
[314.437s][info][gc,marking  ] GC(108) Concurrent Scan Root Regions
[314.437s][info][gc,marking  ] GC(108) Concurrent Scan Root Regions 0.489ms
[314.437s][info][gc,marking  ] GC(108) Concurrent Mark (314.437s)
[314.437s][info][gc,marking  ] GC(108) Concurrent Mark From Roots
[314.437s][info][gc,task     ] GC(108) Using 2 workers of 2 for marking
[314.462s][info][gc,marking  ] GC(108) Concurrent Mark From Roots 24.595ms
[314.462s][info][gc,marking  ] GC(108) Concurrent Preclean
[314.462s][info][gc,marking  ] GC(108) Concurrent Preclean 0.081ms
[314.462s][info][gc,marking  ] GC(108) Concurrent Mark (314.437s, 314.462s) 24.743ms
[314.462s][info][gc,start    ] GC(108) Pause Remark
[314.463s][info][gc          ] GC(108) Pause Remark 40M->40M(77M) 1.116ms
[314.463s][info][gc,cpu      ] GC(108) User=0.00s Sys=0.00s Real=0.00s
[314.464s][info][gc,marking  ] GC(108) Concurrent Rebuild Remembered Sets
[314.479s][info][gc,marking  ] GC(108) Concurrent Rebuild Remembered Sets 15.861ms
[314.480s][info][gc,start    ] GC(108) Pause Cleanup
[314.481s][info][gc          ] GC(108) Pause Cleanup 42M->42M(77M) 0.094ms
[314.481s][info][gc,cpu      ] GC(108) User=0.00s Sys=0.00s Real=0.00s
[314.481s][info][gc,marking  ] GC(108) Concurrent Cleanup for Next Mark
[314.481s][info][gc,marking  ] GC(108) Concurrent Cleanup for Next Mark 0.111ms
[314.481s][info][gc          ] GC(108) Concurrent Cycle 43.930ms
[314.583s][info][gc,start    ] GC(109) Pause Young (Normal) (G1 Evacuation Pause)
[314.583s][info][gc,task     ] GC(109) Using 8 workers of 8 for evacuation
[314.584s][info][gc,phases   ] GC(109)   Pre Evacuate Collection Set: 0.0ms
[314.584s][info][gc,phases   ] GC(109)   Merge Heap Roots: 0.0ms
[314.584s][info][gc,phases   ] GC(109)   Evacuate Collection Set: 0.5ms
[314.584s][info][gc,phases   ] GC(109)   Post Evacuate Collection Set: 0.2ms
[314.584s][info][gc,phases   ] GC(109)   Other: 0.1ms
[314.584s][info][gc,heap     ] GC(109) Eden regions: 30->0(30)
[314.584s][info][gc,heap     ] GC(109) Survivor regions: 1->1(4)
[314.584s][info][gc,heap     ] GC(109) Old regions: 35->35
[314.584s][info][gc,heap     ] GC(109) Archive regions: 2->2
[314.584s][info][gc,heap     ] GC(109) Humongous regions: 0->0
[314.584s][info][gc,metaspace] GC(109) Metaspace: 50618K(51536K)->50618K(51536K) NonClass: 44491K(45136K)->44491K(45136K) Class: 6126K(6400K)->6126K(6400K)
[314.584s][info][gc          ] GC(109) Pause Young (Normal) (G1 Evacuation Pause) 65M->35M(77M) 1.003ms
[314.584s][info][gc,cpu      ] GC(109) User=0.00s Sys=0.00s Real=0.00s
[314.724s][info][gc,start    ] GC(110) Pause Young (Concurrent Start) (G1 Evacuation Pause)
[314.724s][info][gc,task     ] GC(110) Using 8 workers of 8 for evacuation
[314.725s][info][gc,phases   ] GC(110)   Pre Evacuate Collection Set: 0.1ms
[314.725s][info][gc,phases   ] GC(110)   Merge Heap Roots: 0.0ms
[314.725s][info][gc,phases   ] GC(110)   Evacuate Collection Set: 0.5ms
[314.725s][info][gc,phases   ] GC(110)   Post Evacuate Collection Set: 0.2ms
[314.725s][info][gc,phases   ] GC(110)   Other: 0.1ms
[314.725s][info][gc,heap     ] GC(110) Eden regions: 30->0(30)
[314.725s][info][gc,heap     ] GC(110) Survivor regions: 1->1(4)
[314.725s][info][gc,heap     ] GC(110) Old regions: 35->35
[314.725s][info][gc,heap     ] GC(110) Archive regions: 2->2
[314.725s][info][gc,heap     ] GC(110) Humongous regions: 0->0
[314.725s][info][gc,metaspace] GC(110) Metaspace: 50618K(51536K)->50618K(51536K) NonClass: 44491K(45136K)->44491K(45136K) Class: 6126K(6400K)->6126K(6400K)
[314.725s][info][gc          ] GC(110) Pause Young (Concurrent Start) (G1 Evacuation Pause) 65M->35M(77M) 1.079ms
[314.725s][info][gc,cpu      ] GC(110) User=0.00s Sys=0.00s Real=0.00s
[314.725s][info][gc          ] GC(111) Concurrent Cycle
[314.725s][info][gc,marking  ] GC(111) Concurrent Clear Claimed Marks
[314.725s][info][gc,marking  ] GC(111) Concurrent Clear Claimed Marks 0.023ms
[314.725s][info][gc,marking  ] GC(111) Concurrent Scan Root Regions
[314.726s][info][gc,marking  ] GC(111) Concurrent Scan Root Regions 0.992ms
[314.726s][info][gc,marking  ] GC(111) Concurrent Mark (314.726s)
[314.726s][info][gc,marking  ] GC(111) Concurrent Mark From Roots
[314.726s][info][gc,task     ] GC(111) Using 2 workers of 2 for marking
[314.752s][info][gc,marking  ] GC(111) Concurrent Mark From Roots 26.089ms
[314.752s][info][gc,marking  ] GC(111) Concurrent Preclean
[314.753s][info][gc,marking  ] GC(111) Concurrent Preclean 0.076ms
[314.753s][info][gc,marking  ] GC(111) Concurrent Mark (314.726s, 314.753s) 26.230ms
[314.753s][info][gc,start    ] GC(111) Pause Remark
[314.754s][info][gc          ] GC(111) Pause Remark 41M->41M(77M) 1.215ms
[314.754s][info][gc,cpu      ] GC(111) User=0.01s Sys=0.00s Real=0.00s
[314.754s][info][gc,marking  ] GC(111) Concurrent Rebuild Remembered Sets
[314.770s][info][gc,marking  ] GC(111) Concurrent Rebuild Remembered Sets 16.427ms
[314.771s][info][gc,start    ] GC(111) Pause Cleanup
[314.772s][info][gc          ] GC(111) Pause Cleanup 44M->44M(77M) 0.127ms
[314.772s][info][gc,cpu      ] GC(111) User=0.00s Sys=0.00s Real=0.01s
[314.772s][info][gc,marking  ] GC(111) Concurrent Cleanup for Next Mark
[314.772s][info][gc,marking  ] GC(111) Concurrent Cleanup for Next Mark 0.123ms
[314.772s][info][gc          ] GC(111) Concurrent Cycle 46.574ms
[314.869s][info][gc,start    ] GC(112) Pause Young (Normal) (G1 Evacuation Pause)
[314.869s][info][gc,task     ] GC(112) Using 8 workers of 8 for evacuation
[314.870s][info][gc,phases   ] GC(112)   Pre Evacuate Collection Set: 0.0ms
[314.870s][info][gc,phases   ] GC(112)   Merge Heap Roots: 0.0ms
[314.870s][info][gc,phases   ] GC(112)   Evacuate Collection Set: 0.4ms
[314.870s][info][gc,phases   ] GC(112)   Post Evacuate Collection Set: 0.2ms
[314.870s][info][gc,phases   ] GC(112)   Other: 0.2ms
[314.870s][info][gc,heap     ] GC(112) Eden regions: 30->0(30)
[314.870s][info][gc,heap     ] GC(112) Survivor regions: 1->1(4)
[314.870s][info][gc,heap     ] GC(112) Old regions: 35->35
[314.870s][info][gc,heap     ] GC(112) Archive regions: 2->2
[314.870s][info][gc,heap     ] GC(112) Humongous regions: 0->0
[314.870s][info][gc,metaspace] GC(112) Metaspace: 50619K(51536K)->50619K(51536K) NonClass: 44492K(45136K)->44492K(45136K) Class: 6126K(6400K)->6126K(6400K)
[314.870s][info][gc          ] GC(112) Pause Young (Normal) (G1 Evacuation Pause) 65M->35M(77M) 0.895ms
[314.870s][info][gc,cpu      ] GC(112) User=0.00s Sys=0.00s Real=0.00s
[314.984s][info][gc,start    ] GC(113) Pause Young (Concurrent Start) (G1 Evacuation Pause)
[314.984s][info][gc,task     ] GC(113) Using 8 workers of 8 for evacuation
[314.985s][info][gc,phases   ] GC(113)   Pre Evacuate Collection Set: 0.1ms
[314.985s][info][gc,phases   ] GC(113)   Merge Heap Roots: 0.0ms
[314.985s][info][gc,phases   ] GC(113)   Evacuate Collection Set: 0.6ms
[314.985s][info][gc,phases   ] GC(113)   Post Evacuate Collection Set: 0.2ms
[314.985s][info][gc,phases   ] GC(113)   Other: 0.2ms
[314.985s][info][gc,heap     ] GC(113) Eden regions: 30->0(30)
[314.985s][info][gc,heap     ] GC(113) Survivor regions: 1->1(4)
[314.985s][info][gc,heap     ] GC(113) Old regions: 35->35
[314.985s][info][gc,heap     ] GC(113) Archive regions: 2->2
[314.985s][info][gc,heap     ] GC(113) Humongous regions: 0->0
[314.985s][info][gc,metaspace] GC(113) Metaspace: 50619K(51536K)->50619K(51536K) NonClass: 44492K(45136K)->44492K(45136K) Class: 6126K(6400K)->6126K(6400K)
[314.985s][info][gc          ] GC(113) Pause Young (Concurrent Start) (G1 Evacuation Pause) 65M->35M(77M) 1.141ms
[314.985s][info][gc,cpu      ] GC(113) User=0.00s Sys=0.01s Real=0.00s
[314.985s][info][gc          ] GC(114) Concurrent Cycle
[314.985s][info][gc,marking  ] GC(114) Concurrent Clear Claimed Marks
[314.985s][info][gc,marking  ] GC(114) Concurrent Clear Claimed Marks 0.032ms
[314.985s][info][gc,marking  ] GC(114) Concurrent Scan Root Regions
[314.986s][info][gc,marking  ] GC(114) Concurrent Scan Root Regions 0.527ms
[314.986s][info][gc,marking  ] GC(114) Concurrent Mark (314.986s)
[314.986s][info][gc,marking  ] GC(114) Concurrent Mark From Roots
[314.986s][info][gc,task     ] GC(114) Using 2 workers of 2 for marking
[315.010s][info][gc,marking  ] GC(114) Concurrent Mark From Roots 23.774ms
[315.010s][info][gc,marking  ] GC(114) Concurrent Preclean
[315.010s][info][gc,marking  ] GC(114) Concurrent Preclean 0.057ms
[315.010s][info][gc,marking  ] GC(114) Concurrent Mark (314.986s, 315.010s) 23.887ms
[315.010s][info][gc,start    ] GC(114) Pause Remark
[315.011s][info][gc          ] GC(114) Pause Remark 39M->39M(77M) 1.195ms
[315.011s][info][gc,cpu      ] GC(114) User=0.01s Sys=0.00s Real=0.00s
[315.012s][info][gc,marking  ] GC(114) Concurrent Rebuild Remembered Sets
[315.028s][info][gc,marking  ] GC(114) Concurrent Rebuild Remembered Sets 16.519ms
[315.029s][info][gc,start    ] GC(114) Pause Cleanup
[315.029s][info][gc          ] GC(114) Pause Cleanup 42M->42M(77M) 0.096ms
[315.029s][info][gc,cpu      ] GC(114) User=0.00s Sys=0.00s Real=0.00s
[315.030s][info][gc,marking  ] GC(114) Concurrent Cleanup for Next Mark
[315.030s][info][gc,marking  ] GC(114) Concurrent Cleanup for Next Mark 0.137ms
[315.030s][info][gc          ] GC(114) Concurrent Cycle 44.307ms
[315.121s][info][gc,start    ] GC(115) Pause Young (Normal) (G1 Evacuation Pause)
[315.121s][info][gc,task     ] GC(115) Using 8 workers of 8 for evacuation
[315.122s][info][gc,phases   ] GC(115)   Pre Evacuate Collection Set: 0.0ms
[315.122s][info][gc,phases   ] GC(115)   Merge Heap Roots: 0.0ms
[315.122s][info][gc,phases   ] GC(115)   Evacuate Collection Set: 0.4ms
[315.122s][info][gc,phases   ] GC(115)   Post Evacuate Collection Set: 0.2ms
[315.122s][info][gc,phases   ] GC(115)   Other: 0.1ms
[315.122s][info][gc,heap     ] GC(115) Eden regions: 30->0(30)
[315.122s][info][gc,heap     ] GC(115) Survivor regions: 1->1(4)
[315.122s][info][gc,heap     ] GC(115) Old regions: 35->35
[315.122s][info][gc,heap     ] GC(115) Archive regions: 2->2
[315.122s][info][gc,heap     ] GC(115) Humongous regions: 0->0
[315.122s][info][gc,metaspace] GC(115) Metaspace: 50619K(51536K)->50619K(51536K) NonClass: 44492K(45136K)->44492K(45136K) Class: 6126K(6400K)->6126K(6400K)
[315.122s][info][gc          ] GC(115) Pause Young (Normal) (G1 Evacuation Pause) 65M->35M(77M) 0.939ms
[315.122s][info][gc,cpu      ] GC(115) User=0.00s Sys=0.00s Real=0.01s
[315.255s][info][gc,start    ] GC(116) Pause Young (Concurrent Start) (G1 Evacuation Pause)
[315.256s][info][gc,task     ] GC(116) Using 8 workers of 8 for evacuation
[315.256s][info][gc,phases   ] GC(116)   Pre Evacuate Collection Set: 0.1ms
[315.256s][info][gc,phases   ] GC(116)   Merge Heap Roots: 0.0ms
[315.257s][info][gc,phases   ] GC(116)   Evacuate Collection Set: 0.6ms
[315.257s][info][gc,phases   ] GC(116)   Post Evacuate Collection Set: 0.2ms
[315.257s][info][gc,phases   ] GC(116)   Other: 0.1ms
[315.257s][info][gc,heap     ] GC(116) Eden regions: 30->0(30)
[315.257s][info][gc,heap     ] GC(116) Survivor regions: 1->1(4)
[315.257s][info][gc,heap     ] GC(116) Old regions: 35->35
[315.257s][info][gc,heap     ] GC(116) Archive regions: 2->2
[315.257s][info][gc,heap     ] GC(116) Humongous regions: 0->0
[315.257s][info][gc,metaspace] GC(116) Metaspace: 50619K(51536K)->50619K(51536K) NonClass: 44492K(45136K)->44492K(45136K) Class: 6126K(6400K)->6126K(6400K)
[315.257s][info][gc          ] GC(116) Pause Young (Concurrent Start) (G1 Evacuation Pause) 65M->35M(77M) 1.103ms
[315.257s][info][gc,cpu      ] GC(116) User=0.00s Sys=0.00s Real=0.00s
[315.257s][info][gc          ] GC(117) Concurrent Cycle
[315.257s][info][gc,marking  ] GC(117) Concurrent Clear Claimed Marks
[315.257s][info][gc,marking  ] GC(117) Concurrent Clear Claimed Marks 0.026ms
[315.257s][info][gc,marking  ] GC(117) Concurrent Scan Root Regions
[315.257s][info][gc,marking  ] GC(117) Concurrent Scan Root Regions 0.569ms
[315.257s][info][gc,marking  ] GC(117) Concurrent Mark (315.257s)
[315.257s][info][gc,marking  ] GC(117) Concurrent Mark From Roots
[315.257s][info][gc,task     ] GC(117) Using 2 workers of 2 for marking
[315.283s][info][gc,marking  ] GC(117) Concurrent Mark From Roots 25.542ms
[315.283s][info][gc,marking  ] GC(117) Concurrent Preclean
[315.283s][info][gc,marking  ] GC(117) Concurrent Preclean 0.075ms
[315.283s][info][gc,marking  ] GC(117) Concurrent Mark (315.257s, 315.283s) 25.680ms
[315.283s][info][gc,start    ] GC(117) Pause Remark
[315.284s][info][gc          ] GC(117) Pause Remark 39M->39M(77M) 1.238ms
[315.284s][info][gc,cpu      ] GC(117) User=0.00s Sys=0.00s Real=0.00s
[315.284s][info][gc,marking  ] GC(117) Concurrent Rebuild Remembered Sets
[315.301s][info][gc,marking  ] GC(117) Concurrent Rebuild Remembered Sets 16.483ms
[315.302s][info][gc,start    ] GC(117) Pause Cleanup
[315.302s][info][gc          ] GC(117) Pause Cleanup 42M->42M(77M) 0.092ms
[315.302s][info][gc,cpu      ] GC(117) User=0.01s Sys=0.00s Real=0.00s
[315.302s][info][gc,marking  ] GC(117) Concurrent Cleanup for Next Mark
[315.302s][info][gc,marking  ] GC(117) Concurrent Cleanup for Next Mark 0.106ms
[315.302s][info][gc          ] GC(117) Concurrent Cycle 45.588ms
[315.416s][info][gc,start    ] GC(118) Pause Young (Normal) (G1 Evacuation Pause)
[315.416s][info][gc,task     ] GC(118) Using 8 workers of 8 for evacuation
[315.416s][info][gc,phases   ] GC(118)   Pre Evacuate Collection Set: 0.0ms
[315.416s][info][gc,phases   ] GC(118)   Merge Heap Roots: 0.0ms
[315.416s][info][gc,phases   ] GC(118)   Evacuate Collection Set: 0.4ms
[315.416s][info][gc,phases   ] GC(118)   Post Evacuate Collection Set: 0.2ms
[315.416s][info][gc,phases   ] GC(118)   Other: 0.1ms
[315.417s][info][gc,heap     ] GC(118) Eden regions: 30->0(30)
[315.417s][info][gc,heap     ] GC(118) Survivor regions: 1->1(4)
[315.417s][info][gc,heap     ] GC(118) Old regions: 35->35
[315.417s][info][gc,heap     ] GC(118) Archive regions: 2->2
[315.417s][info][gc,heap     ] GC(118) Humongous regions: 0->0
[315.417s][info][gc,metaspace] GC(118) Metaspace: 50619K(51536K)->50619K(51536K) NonClass: 44492K(45136K)->44492K(45136K) Class: 6126K(6400K)->6126K(6400K)
[315.417s][info][gc          ] GC(118) Pause Young (Normal) (G1 Evacuation Pause) 65M->35M(77M) 0.817ms
[315.417s][info][gc,cpu      ] GC(118) User=0.00s Sys=0.00s Real=0.00s
[315.535s][info][gc,start    ] GC(119) Pause Young (Concurrent Start) (G1 Evacuation Pause)
[315.535s][info][gc,task     ] GC(119) Using 8 workers of 8 for evacuation
[315.536s][info][gc,phases   ] GC(119)   Pre Evacuate Collection Set: 0.1ms
[315.536s][info][gc,phases   ] GC(119)   Merge Heap Roots: 0.0ms
[315.536s][info][gc,phases   ] GC(119)   Evacuate Collection Set: 0.5ms
[315.536s][info][gc,phases   ] GC(119)   Post Evacuate Collection Set: 0.2ms
[315.536s][info][gc,phases   ] GC(119)   Other: 0.2ms
[315.536s][info][gc,heap     ] GC(119) Eden regions: 30->0(30)
[315.536s][info][gc,heap     ] GC(119) Survivor regions: 1->1(4)
[315.536s][info][gc,heap     ] GC(119) Old regions: 35->35
[315.536s][info][gc,heap     ] GC(119) Archive regions: 2->2
[315.536s][info][gc,heap     ] GC(119) Humongous regions: 0->0
[315.536s][info][gc,metaspace] GC(119) Metaspace: 50620K(51536K)->50620K(51536K) NonClass: 44493K(45136K)->44493K(45136K) Class: 6126K(6400K)->6126K(6400K)
[315.536s][info][gc          ] GC(119) Pause Young (Concurrent Start) (G1 Evacuation Pause) 65M->35M(77M) 1.131ms
[315.536s][info][gc,cpu      ] GC(119) User=0.01s Sys=0.00s Real=0.00s
[315.536s][info][gc          ] GC(120) Concurrent Cycle
[315.536s][info][gc,marking  ] GC(120) Concurrent Clear Claimed Marks
[315.536s][info][gc,marking  ] GC(120) Concurrent Clear Claimed Marks 0.022ms
[315.536s][info][gc,marking  ] GC(120) Concurrent Scan Root Regions
[315.537s][info][gc,marking  ] GC(120) Concurrent Scan Root Regions 0.734ms
[315.537s][info][gc,marking  ] GC(120) Concurrent Mark (315.537s)
[315.537s][info][gc,marking  ] GC(120) Concurrent Mark From Roots
[315.537s][info][gc,task     ] GC(120) Using 2 workers of 2 for marking
[315.567s][info][gc,marking  ] GC(120) Concurrent Mark From Roots 30.433ms
[315.567s][info][gc,marking  ] GC(120) Concurrent Preclean
[315.568s][info][gc,marking  ] GC(120) Concurrent Preclean 0.098ms
[315.568s][info][gc,marking  ] GC(120) Concurrent Mark (315.537s, 315.568s) 30.609ms
[315.568s][info][gc,start    ] GC(120) Pause Remark
[315.569s][info][gc          ] GC(120) Pause Remark 43M->43M(77M) 1.289ms
[315.569s][info][gc,cpu      ] GC(120) User=0.00s Sys=0.00s Real=0.00s
[315.569s][info][gc,marking  ] GC(120) Concurrent Rebuild Remembered Sets
[315.589s][info][gc,marking  ] GC(120) Concurrent Rebuild Remembered Sets 19.409ms
[315.590s][info][gc,start    ] GC(120) Pause Cleanup
[315.590s][info][gc          ] GC(120) Pause Cleanup 46M->46M(77M) 0.084ms
[315.590s][info][gc,cpu      ] GC(120) User=0.00s Sys=0.00s Real=0.00s
[315.590s][info][gc,marking  ] GC(120) Concurrent Cleanup for Next Mark
[315.590s][info][gc,marking  ] GC(120) Concurrent Cleanup for Next Mark 0.108ms
[315.590s][info][gc          ] GC(120) Concurrent Cycle 53.733ms
[315.653s][info][gc,start    ] GC(121) Pause Young (Normal) (G1 Evacuation Pause)
[315.653s][info][gc,task     ] GC(121) Using 8 workers of 8 for evacuation
[315.654s][info][gc,phases   ] GC(121)   Pre Evacuate Collection Set: 0.0ms
[315.654s][info][gc,phases   ] GC(121)   Merge Heap Roots: 0.0ms
[315.654s][info][gc,phases   ] GC(121)   Evacuate Collection Set: 0.6ms
[315.654s][info][gc,phases   ] GC(121)   Post Evacuate Collection Set: 0.2ms
[315.654s][info][gc,phases   ] GC(121)   Other: 0.1ms
[315.654s][info][gc,heap     ] GC(121) Eden regions: 30->0(30)
[315.654s][info][gc,heap     ] GC(121) Survivor regions: 1->1(4)
[315.654s][info][gc,heap     ] GC(121) Old regions: 35->35
[315.654s][info][gc,heap     ] GC(121) Archive regions: 2->2
[315.654s][info][gc,heap     ] GC(121) Humongous regions: 0->0
[315.654s][info][gc,metaspace] GC(121) Metaspace: 50620K(51536K)->50620K(51536K) NonClass: 44493K(45136K)->44493K(45136K) Class: 6126K(6400K)->6126K(6400K)
[315.654s][info][gc          ] GC(121) Pause Young (Normal) (G1 Evacuation Pause) 65M->36M(77M) 1.084ms
[315.654s][info][gc,cpu      ] GC(121) User=0.01s Sys=0.00s Real=0.00s
[315.765s][info][gc,start    ] GC(122) Pause Young (Concurrent Start) (G1 Evacuation Pause)
[315.765s][info][gc,task     ] GC(122) Using 8 workers of 8 for evacuation
[315.766s][info][gc,phases   ] GC(122)   Pre Evacuate Collection Set: 0.1ms
[315.766s][info][gc,phases   ] GC(122)   Merge Heap Roots: 0.0ms
[315.766s][info][gc,phases   ] GC(122)   Evacuate Collection Set: 0.6ms
[315.766s][info][gc,phases   ] GC(122)   Post Evacuate Collection Set: 0.2ms
[315.766s][info][gc,phases   ] GC(122)   Other: 0.2ms
[315.766s][info][gc,heap     ] GC(122) Eden regions: 30->0(30)
[315.766s][info][gc,heap     ] GC(122) Survivor regions: 1->1(4)
[315.766s][info][gc,heap     ] GC(122) Old regions: 35->35
[315.766s][info][gc,heap     ] GC(122) Archive regions: 2->2
[315.766s][info][gc,heap     ] GC(122) Humongous regions: 0->0
[315.766s][info][gc,metaspace] GC(122) Metaspace: 50620K(51536K)->50620K(51536K) NonClass: 44493K(45136K)->44493K(45136K) Class: 6126K(6400K)->6126K(6400K)
[315.766s][info][gc          ] GC(122) Pause Young (Concurrent Start) (G1 Evacuation Pause) 66M->36M(77M) 1.091ms
[315.766s][info][gc,cpu      ] GC(122) User=0.00s Sys=0.00s Real=0.00s
[315.766s][info][gc          ] GC(123) Concurrent Cycle
[315.766s][info][gc,marking  ] GC(123) Concurrent Clear Claimed Marks
[315.766s][info][gc,marking  ] GC(123) Concurrent Clear Claimed Marks 0.029ms
[315.766s][info][gc,marking  ] GC(123) Concurrent Scan Root Regions
[315.766s][info][gc,marking  ] GC(123) Concurrent Scan Root Regions 0.494ms
[315.766s][info][gc,marking  ] GC(123) Concurrent Mark (315.766s)
[315.766s][info][gc,marking  ] GC(123) Concurrent Mark From Roots
[315.766s][info][gc,task     ] GC(123) Using 2 workers of 2 for marking
[315.794s][info][gc,marking  ] GC(123) Concurrent Mark From Roots 27.890ms
[315.794s][info][gc,marking  ] GC(123) Concurrent Preclean
[315.794s][info][gc,marking  ] GC(123) Concurrent Preclean 0.060ms
[315.794s][info][gc,marking  ] GC(123) Concurrent Mark (315.766s, 315.794s) 28.004ms
[315.794s][info][gc,start    ] GC(123) Pause Remark
[315.795s][info][gc          ] GC(123) Pause Remark 39M->39M(77M) 1.081ms
[315.795s][info][gc,cpu      ] GC(123) User=0.01s Sys=0.00s Real=0.00s
[315.796s][info][gc,marking  ] GC(123) Concurrent Rebuild Remembered Sets
[315.812s][info][gc,marking  ] GC(123) Concurrent Rebuild Remembered Sets 16.501ms
[315.813s][info][gc,start    ] GC(123) Pause Cleanup
[315.813s][info][gc          ] GC(123) Pause Cleanup 43M->43M(77M) 0.107ms
[315.813s][info][gc,cpu      ] GC(123) User=0.00s Sys=0.00s Real=0.00s
[315.813s][info][gc,marking  ] GC(123) Concurrent Cleanup for Next Mark
[315.813s][info][gc,marking  ] GC(123) Concurrent Cleanup for Next Mark 0.142ms
[315.813s][info][gc          ] GC(123) Concurrent Cycle 47.706ms
[315.908s][info][gc,start    ] GC(124) Pause Young (Normal) (G1 Evacuation Pause)
[315.908s][info][gc,task     ] GC(124) Using 8 workers of 8 for evacuation
[315.909s][info][gc,phases   ] GC(124)   Pre Evacuate Collection Set: 0.0ms
[315.909s][info][gc,phases   ] GC(124)   Merge Heap Roots: 0.0ms
[315.909s][info][gc,phases   ] GC(124)   Evacuate Collection Set: 0.4ms
[315.909s][info][gc,phases   ] GC(124)   Post Evacuate Collection Set: 0.2ms
[315.909s][info][gc,phases   ] GC(124)   Other: 0.1ms
[315.909s][info][gc,heap     ] GC(124) Eden regions: 30->0(30)
[315.909s][info][gc,heap     ] GC(124) Survivor regions: 1->1(4)
[315.909s][info][gc,heap     ] GC(124) Old regions: 35->35
[315.909s][info][gc,heap     ] GC(124) Archive regions: 2->2
[315.909s][info][gc,heap     ] GC(124) Humongous regions: 0->0
[315.909s][info][gc,metaspace] GC(124) Metaspace: 50622K(51536K)->50622K(51536K) NonClass: 44496K(45136K)->44496K(45136K) Class: 6126K(6400K)->6126K(6400K)
[315.909s][info][gc          ] GC(124) Pause Young (Normal) (G1 Evacuation Pause) 66M->36M(77M) 0.891ms
[315.909s][info][gc,cpu      ] GC(124) User=0.00s Sys=0.00s Real=0.00s
[316.029s][info][gc,start    ] GC(125) Pause Young (Concurrent Start) (G1 Evacuation Pause)
[316.029s][info][gc,task     ] GC(125) Using 8 workers of 8 for evacuation
[316.030s][info][gc,phases   ] GC(125)   Pre Evacuate Collection Set: 0.1ms
[316.030s][info][gc,phases   ] GC(125)   Merge Heap Roots: 0.0ms
[316.030s][info][gc,phases   ] GC(125)   Evacuate Collection Set: 0.5ms
[316.030s][info][gc,phases   ] GC(125)   Post Evacuate Collection Set: 0.3ms
[316.030s][info][gc,phases   ] GC(125)   Other: 0.2ms
[316.030s][info][gc,heap     ] GC(125) Eden regions: 30->0(30)
[316.030s][info][gc,heap     ] GC(125) Survivor regions: 1->1(4)
[316.030s][info][gc,heap     ] GC(125) Old regions: 35->35
[316.030s][info][gc,heap     ] GC(125) Archive regions: 2->2
[316.030s][info][gc,heap     ] GC(125) Humongous regions: 0->0
[316.030s][info][gc,metaspace] GC(125) Metaspace: 50622K(51536K)->50622K(51536K) NonClass: 44496K(45136K)->44496K(45136K) Class: 6126K(6400K)->6126K(6400K)
[316.030s][info][gc          ] GC(125) Pause Young (Concurrent Start) (G1 Evacuation Pause) 66M->36M(77M) 1.184ms
[316.030s][info][gc,cpu      ] GC(125) User=0.00s Sys=0.00s Real=0.00s
[316.030s][info][gc          ] GC(126) Concurrent Cycle
[316.030s][info][gc,marking  ] GC(126) Concurrent Clear Claimed Marks
[316.030s][info][gc,marking  ] GC(126) Concurrent Clear Claimed Marks 0.041ms
[316.030s][info][gc,marking  ] GC(126) Concurrent Scan Root Regions
[316.031s][info][gc,marking  ] GC(126) Concurrent Scan Root Regions 0.609ms
[316.031s][info][gc,marking  ] GC(126) Concurrent Mark (316.031s)
[316.031s][info][gc,marking  ] GC(126) Concurrent Mark From Roots
[316.031s][info][gc,task     ] GC(126) Using 2 workers of 2 for marking
[316.058s][info][gc,marking  ] GC(126) Concurrent Mark From Roots 26.709ms
[316.058s][info][gc,marking  ] GC(126) Concurrent Preclean
[316.058s][info][gc,marking  ] GC(126) Concurrent Preclean 0.054ms
[316.058s][info][gc,marking  ] GC(126) Concurrent Mark (316.031s, 316.058s) 26.820ms
[316.058s][info][gc,start    ] GC(126) Pause Remark
[316.059s][info][gc          ] GC(126) Pause Remark 40M->40M(77M) 1.081ms
[316.059s][info][gc,cpu      ] GC(126) User=0.01s Sys=0.00s Real=0.00s
[316.059s][info][gc,marking  ] GC(126) Concurrent Rebuild Remembered Sets
[316.077s][info][gc,marking  ] GC(126) Concurrent Rebuild Remembered Sets 17.490ms
[316.078s][info][gc,start    ] GC(126) Pause Cleanup
[316.078s][info][gc          ] GC(126) Pause Cleanup 43M->43M(77M) 0.094ms
[316.078s][info][gc,cpu      ] GC(126) User=0.00s Sys=0.00s Real=0.00s
[316.078s][info][gc,marking  ] GC(126) Concurrent Cleanup for Next Mark
[316.078s][info][gc,marking  ] GC(126) Concurrent Cleanup for Next Mark 0.103ms
[316.078s][info][gc          ] GC(126) Concurrent Cycle 47.599ms
[316.178s][info][gc,start    ] GC(127) Pause Young (Normal) (G1 Evacuation Pause)
[316.178s][info][gc,task     ] GC(127) Using 8 workers of 8 for evacuation
[316.179s][info][gc,phases   ] GC(127)   Pre Evacuate Collection Set: 0.0ms
[316.179s][info][gc,phases   ] GC(127)   Merge Heap Roots: 0.0ms
[316.179s][info][gc,phases   ] GC(127)   Evacuate Collection Set: 0.4ms
[316.179s][info][gc,phases   ] GC(127)   Post Evacuate Collection Set: 0.2ms
[316.179s][info][gc,phases   ] GC(127)   Other: 0.1ms
[316.179s][info][gc,heap     ] GC(127) Eden regions: 30->0(30)
[316.179s][info][gc,heap     ] GC(127) Survivor regions: 1->1(4)
[316.179s][info][gc,heap     ] GC(127) Old regions: 35->35
[316.179s][info][gc,heap     ] GC(127) Archive regions: 2->2
[316.179s][info][gc,heap     ] GC(127) Humongous regions: 0->0
[316.179s][info][gc,metaspace] GC(127) Metaspace: 50624K(51536K)->50624K(51536K) NonClass: 44497K(45136K)->44497K(45136K) Class: 6126K(6400K)->6126K(6400K)
[316.179s][info][gc          ] GC(127) Pause Young (Normal) (G1 Evacuation Pause) 66M->36M(77M) 0.858ms
[316.179s][info][gc,cpu      ] GC(127) User=0.00s Sys=0.00s Real=0.00s
[316.300s][info][gc,start    ] GC(128) Pause Young (Concurrent Start) (G1 Evacuation Pause)
[316.300s][info][gc,task     ] GC(128) Using 8 workers of 8 for evacuation
[316.301s][info][gc,phases   ] GC(128)   Pre Evacuate Collection Set: 0.1ms
[316.301s][info][gc,phases   ] GC(128)   Merge Heap Roots: 0.0ms
[316.301s][info][gc,phases   ] GC(128)   Evacuate Collection Set: 0.6ms
[316.301s][info][gc,phases   ] GC(128)   Post Evacuate Collection Set: 0.2ms
[316.301s][info][gc,phases   ] GC(128)   Other: 0.1ms
[316.301s][info][gc,heap     ] GC(128) Eden regions: 30->0(30)
[316.301s][info][gc,heap     ] GC(128) Survivor regions: 1->1(4)
[316.301s][info][gc,heap     ] GC(128) Old regions: 35->35
[316.301s][info][gc,heap     ] GC(128) Archive regions: 2->2
[316.301s][info][gc,heap     ] GC(128) Humongous regions: 0->0
[316.301s][info][gc,metaspace] GC(128) Metaspace: 50624K(51536K)->50624K(51536K) NonClass: 44497K(45136K)->44497K(45136K) Class: 6126K(6400K)->6126K(6400K)
[316.301s][info][gc          ] GC(128) Pause Young (Concurrent Start) (G1 Evacuation Pause) 66M->36M(77M) 1.112ms
[316.301s][info][gc,cpu      ] GC(128) User=0.00s Sys=0.00s Real=0.00s
[316.301s][info][gc          ] GC(129) Concurrent Cycle
[316.301s][info][gc,marking  ] GC(129) Concurrent Clear Claimed Marks
[316.301s][info][gc,marking  ] GC(129) Concurrent Clear Claimed Marks 0.024ms
[316.301s][info][gc,marking  ] GC(129) Concurrent Scan Root Regions
[316.302s][info][gc,marking  ] GC(129) Concurrent Scan Root Regions 0.540ms
[316.302s][info][gc,marking  ] GC(129) Concurrent Mark (316.302s)
[316.302s][info][gc,marking  ] GC(129) Concurrent Mark From Roots
[316.302s][info][gc,task     ] GC(129) Using 2 workers of 2 for marking
[316.329s][info][gc,marking  ] GC(129) Concurrent Mark From Roots 27.772ms
[316.329s][info][gc,marking  ] GC(129) Concurrent Preclean
[316.330s][info][gc,marking  ] GC(129) Concurrent Preclean 0.068ms
[316.330s][info][gc,marking  ] GC(129) Concurrent Mark (316.302s, 316.330s) 27.908ms
[316.330s][info][gc,start    ] GC(129) Pause Remark
[316.331s][info][gc          ] GC(129) Pause Remark 40M->40M(77M) 1.052ms
[316.331s][info][gc,cpu      ] GC(129) User=0.01s Sys=0.00s Real=0.00s
[316.331s][info][gc,marking  ] GC(129) Concurrent Rebuild Remembered Sets
[316.349s][info][gc,marking  ] GC(129) Concurrent Rebuild Remembered Sets 17.750ms
[316.349s][info][gc,start    ] GC(129) Pause Cleanup
[316.350s][info][gc          ] GC(129) Pause Cleanup 43M->43M(77M) 0.084ms
[316.350s][info][gc,cpu      ] GC(129) User=0.00s Sys=0.00s Real=0.00s
[316.350s][info][gc,marking  ] GC(129) Concurrent Cleanup for Next Mark
[316.350s][info][gc,marking  ] GC(129) Concurrent Cleanup for Next Mark 0.089ms
[316.350s][info][gc          ] GC(129) Concurrent Cycle 48.721ms
[316.437s][info][gc,start    ] GC(130) Pause Young (Normal) (G1 Evacuation Pause)
[316.437s][info][gc,task     ] GC(130) Using 8 workers of 8 for evacuation
[316.437s][info][gc,phases   ] GC(130)   Pre Evacuate Collection Set: 0.0ms
[316.437s][info][gc,phases   ] GC(130)   Merge Heap Roots: 0.0ms
[316.437s][info][gc,phases   ] GC(130)   Evacuate Collection Set: 0.4ms
[316.437s][info][gc,phases   ] GC(130)   Post Evacuate Collection Set: 0.2ms
[316.437s][info][gc,phases   ] GC(130)   Other: 0.1ms
[316.437s][info][gc,heap     ] GC(130) Eden regions: 30->0(30)
[316.437s][info][gc,heap     ] GC(130) Survivor regions: 1->1(4)
[316.437s][info][gc,heap     ] GC(130) Old regions: 35->35
[316.437s][info][gc,heap     ] GC(130) Archive regions: 2->2
[316.437s][info][gc,heap     ] GC(130) Humongous regions: 0->0
[316.438s][info][gc,metaspace] GC(130) Metaspace: 50624K(51536K)->50624K(51536K) NonClass: 44497K(45136K)->44497K(45136K) Class: 6126K(6400K)->6126K(6400K)
[316.438s][info][gc          ] GC(130) Pause Young (Normal) (G1 Evacuation Pause) 66M->36M(77M) 0.846ms
[316.438s][info][gc,cpu      ] GC(130) User=0.00s Sys=0.00s Real=0.00s
[316.552s][info][gc,start    ] GC(131) Pause Young (Concurrent Start) (G1 Evacuation Pause)
[316.552s][info][gc,task     ] GC(131) Using 8 workers of 8 for evacuation
[316.553s][info][gc,phases   ] GC(131)   Pre Evacuate Collection Set: 0.1ms
[316.553s][info][gc,phases   ] GC(131)   Merge Heap Roots: 0.0ms
[316.553s][info][gc,phases   ] GC(131)   Evacuate Collection Set: 0.7ms
[316.553s][info][gc,phases   ] GC(131)   Post Evacuate Collection Set: 0.2ms
[316.553s][info][gc,phases   ] GC(131)   Other: 0.1ms
[316.553s][info][gc,heap     ] GC(131) Eden regions: 30->0(30)
[316.553s][info][gc,heap     ] GC(131) Survivor regions: 1->1(4)
[316.553s][info][gc,heap     ] GC(131) Old regions: 35->35
[316.553s][info][gc,heap     ] GC(131) Archive regions: 2->2
[316.553s][info][gc,heap     ] GC(131) Humongous regions: 0->0
[316.553s][info][gc,metaspace] GC(131) Metaspace: 50624K(51536K)->50624K(51536K) NonClass: 44497K(45136K)->44497K(45136K) Class: 6126K(6400K)->6126K(6400K)
[316.553s][info][gc          ] GC(131) Pause Young (Concurrent Start) (G1 Evacuation Pause) 66M->36M(77M) 1.220ms
[316.553s][info][gc,cpu      ] GC(131) User=0.01s Sys=0.00s Real=0.00s
[316.553s][info][gc          ] GC(132) Concurrent Cycle
[316.553s][info][gc,marking  ] GC(132) Concurrent Clear Claimed Marks
[316.553s][info][gc,marking  ] GC(132) Concurrent Clear Claimed Marks 0.035ms
[316.553s][info][gc,marking  ] GC(132) Concurrent Scan Root Regions
[316.554s][info][gc,marking  ] GC(132) Concurrent Scan Root Regions 0.773ms
[316.554s][info][gc,marking  ] GC(132) Concurrent Mark (316.554s)
[316.554s][info][gc,marking  ] GC(132) Concurrent Mark From Roots
[316.554s][info][gc,task     ] GC(132) Using 2 workers of 2 for marking
[316.580s][info][gc,marking  ] GC(132) Concurrent Mark From Roots 25.406ms
[316.580s][info][gc,marking  ] GC(132) Concurrent Preclean
[316.580s][info][gc,marking  ] GC(132) Concurrent Preclean 0.049ms
[316.580s][info][gc,marking  ] GC(132) Concurrent Mark (316.554s, 316.580s) 25.517ms
[316.580s][info][gc,start    ] GC(132) Pause Remark
[316.581s][info][gc          ] GC(132) Pause Remark 41M->41M(77M) 1.150ms
[316.581s][info][gc,cpu      ] GC(132) User=0.01s Sys=0.00s Real=0.00s
[316.581s][info][gc,marking  ] GC(132) Concurrent Rebuild Remembered Sets
[316.598s][info][gc,marking  ] GC(132) Concurrent Rebuild Remembered Sets 16.800ms
[316.599s][info][gc,start    ] GC(132) Pause Cleanup
[316.599s][info][gc          ] GC(132) Pause Cleanup 44M->44M(77M) 0.091ms
[316.599s][info][gc,cpu      ] GC(132) User=0.00s Sys=0.00s Real=0.00s
[316.599s][info][gc,marking  ] GC(132) Concurrent Cleanup for Next Mark
[316.599s][info][gc,marking  ] GC(132) Concurrent Cleanup for Next Mark 0.109ms
[316.599s][info][gc          ] GC(132) Concurrent Cycle 45.890ms
[316.688s][info][gc,start    ] GC(133) Pause Young (Normal) (G1 Evacuation Pause)
[316.688s][info][gc,task     ] GC(133) Using 8 workers of 8 for evacuation
[316.688s][info][gc,phases   ] GC(133)   Pre Evacuate Collection Set: 0.0ms
[316.688s][info][gc,phases   ] GC(133)   Merge Heap Roots: 0.1ms
[316.688s][info][gc,phases   ] GC(133)   Evacuate Collection Set: 0.4ms
[316.688s][info][gc,phases   ] GC(133)   Post Evacuate Collection Set: 0.2ms
[316.688s][info][gc,phases   ] GC(133)   Other: 0.1ms
[316.688s][info][gc,heap     ] GC(133) Eden regions: 30->0(30)
[316.688s][info][gc,heap     ] GC(133) Survivor regions: 1->1(4)
[316.688s][info][gc,heap     ] GC(133) Old regions: 35->35
[316.688s][info][gc,heap     ] GC(133) Archive regions: 2->2
[316.688s][info][gc,heap     ] GC(133) Humongous regions: 0->0
[316.688s][info][gc,metaspace] GC(133) Metaspace: 50624K(51536K)->50624K(51536K) NonClass: 44497K(45136K)->44497K(45136K) Class: 6126K(6400K)->6126K(6400K)
[316.688s][info][gc          ] GC(133) Pause Young (Normal) (G1 Evacuation Pause) 66M->36M(77M) 0.914ms
[316.688s][info][gc,cpu      ] GC(133) User=0.00s Sys=0.00s Real=0.00s
[316.810s][info][gc,start    ] GC(134) Pause Young (Concurrent Start) (G1 Evacuation Pause)
[316.810s][info][gc,task     ] GC(134) Using 8 workers of 8 for evacuation
[316.811s][info][gc,phases   ] GC(134)   Pre Evacuate Collection Set: 0.1ms
[316.811s][info][gc,phases   ] GC(134)   Merge Heap Roots: 0.0ms
[316.811s][info][gc,phases   ] GC(134)   Evacuate Collection Set: 0.7ms
[316.811s][info][gc,phases   ] GC(134)   Post Evacuate Collection Set: 0.2ms
[316.811s][info][gc,phases   ] GC(134)   Other: 0.2ms
[316.811s][info][gc,heap     ] GC(134) Eden regions: 30->0(30)
[316.811s][info][gc,heap     ] GC(134) Survivor regions: 1->1(4)
[316.811s][info][gc,heap     ] GC(134) Old regions: 35->35
[316.811s][info][gc,heap     ] GC(134) Archive regions: 2->2
[316.811s][info][gc,heap     ] GC(134) Humongous regions: 0->0
[316.811s][info][gc,metaspace] GC(134) Metaspace: 50625K(51536K)->50625K(51536K) NonClass: 44498K(45136K)->44498K(45136K) Class: 6126K(6400K)->6126K(6400K)
[316.811s][info][gc          ] GC(134) Pause Young (Concurrent Start) (G1 Evacuation Pause) 66M->36M(77M) 1.288ms
[316.811s][info][gc,cpu      ] GC(134) User=0.00s Sys=0.00s Real=0.00s
[316.811s][info][gc          ] GC(135) Concurrent Cycle
[316.811s][info][gc,marking  ] GC(135) Concurrent Clear Claimed Marks
[316.811s][info][gc,marking  ] GC(135) Concurrent Clear Claimed Marks 0.025ms
[316.811s][info][gc,marking  ] GC(135) Concurrent Scan Root Regions
[316.812s][info][gc,marking  ] GC(135) Concurrent Scan Root Regions 0.875ms
[316.812s][info][gc,marking  ] GC(135) Concurrent Mark (316.812s)
[316.812s][info][gc,marking  ] GC(135) Concurrent Mark From Roots
[316.812s][info][gc,task     ] GC(135) Using 2 workers of 2 for marking
[316.838s][info][gc,marking  ] GC(135) Concurrent Mark From Roots 25.245ms
[316.838s][info][gc,marking  ] GC(135) Concurrent Preclean
[316.838s][info][gc,marking  ] GC(135) Concurrent Preclean 0.060ms
[316.838s][info][gc,marking  ] GC(135) Concurrent Mark (316.812s, 316.838s) 25.381ms
[316.838s][info][gc,start    ] GC(135) Pause Remark
[316.839s][info][gc          ] GC(135) Pause Remark 40M->40M(77M) 1.108ms
[316.839s][info][gc,cpu      ] GC(135) User=0.00s Sys=0.00s Real=0.00s
[316.839s][info][gc,marking  ] GC(135) Concurrent Rebuild Remembered Sets
[316.855s][info][gc,marking  ] GC(135) Concurrent Rebuild Remembered Sets 16.179ms
[316.856s][info][gc,start    ] GC(135) Pause Cleanup
[316.857s][info][gc          ] GC(135) Pause Cleanup 42M->42M(77M) 0.095ms
[316.857s][info][gc,cpu      ] GC(135) User=0.00s Sys=0.00s Real=0.00s
[316.857s][info][gc,marking  ] GC(135) Concurrent Cleanup for Next Mark
[316.857s][info][gc,marking  ] GC(135) Concurrent Cleanup for Next Mark 0.137ms
[316.857s][info][gc          ] GC(135) Concurrent Cycle 45.540ms
[316.969s][info][gc,start    ] GC(136) Pause Young (Normal) (G1 Evacuation Pause)
[316.969s][info][gc,task     ] GC(136) Using 8 workers of 8 for evacuation
[316.969s][info][gc,phases   ] GC(136)   Pre Evacuate Collection Set: 0.1ms
[316.969s][info][gc,phases   ] GC(136)   Merge Heap Roots: 0.0ms
[316.969s][info][gc,phases   ] GC(136)   Evacuate Collection Set: 0.4ms
[316.969s][info][gc,phases   ] GC(136)   Post Evacuate Collection Set: 0.2ms
[316.969s][info][gc,phases   ] GC(136)   Other: 0.2ms
[316.969s][info][gc,heap     ] GC(136) Eden regions: 30->0(30)
[316.969s][info][gc,heap     ] GC(136) Survivor regions: 1->1(4)
[316.969s][info][gc,heap     ] GC(136) Old regions: 35->35
[316.969s][info][gc,heap     ] GC(136) Archive regions: 2->2
[316.969s][info][gc,heap     ] GC(136) Humongous regions: 0->0
[316.970s][info][gc,metaspace] GC(136) Metaspace: 50625K(51536K)->50625K(51536K) NonClass: 44498K(45136K)->44498K(45136K) Class: 6126K(6400K)->6126K(6400K)
[316.970s][info][gc          ] GC(136) Pause Young (Normal) (G1 Evacuation Pause) 66M->36M(77M) 0.920ms
[316.970s][info][gc,cpu      ] GC(136) User=0.00s Sys=0.00s Real=0.00s
[317.101s][info][gc,start    ] GC(137) Pause Young (Concurrent Start) (G1 Evacuation Pause)
[317.101s][info][gc,task     ] GC(137) Using 8 workers of 8 for evacuation
[317.102s][info][gc,phases   ] GC(137)   Pre Evacuate Collection Set: 0.1ms
[317.102s][info][gc,phases   ] GC(137)   Merge Heap Roots: 0.0ms
[317.102s][info][gc,phases   ] GC(137)   Evacuate Collection Set: 0.6ms
[317.102s][info][gc,phases   ] GC(137)   Post Evacuate Collection Set: 0.2ms
[317.102s][info][gc,phases   ] GC(137)   Other: 0.2ms
[317.102s][info][gc,heap     ] GC(137) Eden regions: 30->0(30)
[317.102s][info][gc,heap     ] GC(137) Survivor regions: 1->1(4)
[317.102s][info][gc,heap     ] GC(137) Old regions: 35->35
[317.102s][info][gc,heap     ] GC(137) Archive regions: 2->2
[317.102s][info][gc,heap     ] GC(137) Humongous regions: 0->0
[317.102s][info][gc,metaspace] GC(137) Metaspace: 50625K(51536K)->50625K(51536K) NonClass: 44498K(45136K)->44498K(45136K) Class: 6126K(6400K)->6126K(6400K)
[317.102s][info][gc          ] GC(137) Pause Young (Concurrent Start) (G1 Evacuation Pause) 66M->36M(77M) 1.112ms
[317.102s][info][gc,cpu      ] GC(137) User=0.01s Sys=0.00s Real=0.01s
[317.102s][info][gc          ] GC(138) Concurrent Cycle
[317.102s][info][gc,marking  ] GC(138) Concurrent Clear Claimed Marks
[317.102s][info][gc,marking  ] GC(138) Concurrent Clear Claimed Marks 0.037ms
[317.102s][info][gc,marking  ] GC(138) Concurrent Scan Root Regions
[317.103s][info][gc,marking  ] GC(138) Concurrent Scan Root Regions 0.575ms
[317.103s][info][gc,marking  ] GC(138) Concurrent Mark (317.103s)
[317.103s][info][gc,marking  ] GC(138) Concurrent Mark From Roots
[317.103s][info][gc,task     ] GC(138) Using 2 workers of 2 for marking
[317.130s][info][gc,marking  ] GC(138) Concurrent Mark From Roots 26.993ms
[317.130s][info][gc,marking  ] GC(138) Concurrent Preclean
[317.130s][info][gc,marking  ] GC(138) Concurrent Preclean 0.047ms
[317.130s][info][gc,marking  ] GC(138) Concurrent Mark (317.103s, 317.130s) 27.104ms
[317.130s][info][gc,start    ] GC(138) Pause Remark
[317.131s][info][gc          ] GC(138) Pause Remark 42M->42M(77M) 1.104ms
[317.131s][info][gc,cpu      ] GC(138) User=0.00s Sys=0.00s Real=0.00s
[317.131s][info][gc,marking  ] GC(138) Concurrent Rebuild Remembered Sets
[317.148s][info][gc,marking  ] GC(138) Concurrent Rebuild Remembered Sets 16.696ms
[317.149s][info][gc,start    ] GC(138) Pause Cleanup
[317.149s][info][gc          ] GC(138) Pause Cleanup 45M->45M(77M) 0.079ms
[317.149s][info][gc,cpu      ] GC(138) User=0.00s Sys=0.00s Real=0.00s
[317.149s][info][gc,marking  ] GC(138) Concurrent Cleanup for Next Mark
[317.149s][info][gc,marking  ] GC(138) Concurrent Cleanup for Next Mark 0.089ms
[317.149s][info][gc          ] GC(138) Concurrent Cycle 46.985ms
[317.236s][info][gc,start    ] GC(139) Pause Young (Normal) (G1 Evacuation Pause)
[317.236s][info][gc,task     ] GC(139) Using 8 workers of 8 for evacuation
[317.236s][info][gc,phases   ] GC(139)   Pre Evacuate Collection Set: 0.0ms
[317.236s][info][gc,phases   ] GC(139)   Merge Heap Roots: 0.0ms
[317.236s][info][gc,phases   ] GC(139)   Evacuate Collection Set: 0.4ms
[317.236s][info][gc,phases   ] GC(139)   Post Evacuate Collection Set: 0.2ms
[317.236s][info][gc,phases   ] GC(139)   Other: 0.1ms
[317.236s][info][gc,heap     ] GC(139) Eden regions: 30->0(30)
[317.236s][info][gc,heap     ] GC(139) Survivor regions: 1->1(4)
[317.236s][info][gc,heap     ] GC(139) Old regions: 35->35
[317.236s][info][gc,heap     ] GC(139) Archive regions: 2->2
[317.236s][info][gc,heap     ] GC(139) Humongous regions: 0->0
[317.236s][info][gc,metaspace] GC(139) Metaspace: 50625K(51536K)->50625K(51536K) NonClass: 44498K(45136K)->44498K(45136K) Class: 6126K(6400K)->6126K(6400K)
[317.236s][info][gc          ] GC(139) Pause Young (Normal) (G1 Evacuation Pause) 66M->36M(77M) 0.931ms
[317.237s][info][gc,cpu      ] GC(139) User=0.01s Sys=0.00s Real=0.00s
[317.352s][info][gc,start    ] GC(140) Pause Young (Concurrent Start) (G1 Evacuation Pause)
[317.352s][info][gc,task     ] GC(140) Using 8 workers of 8 for evacuation
[317.353s][info][gc,phases   ] GC(140)   Pre Evacuate Collection Set: 0.1ms
[317.353s][info][gc,phases   ] GC(140)   Merge Heap Roots: 0.1ms
[317.353s][info][gc,phases   ] GC(140)   Evacuate Collection Set: 0.6ms
[317.353s][info][gc,phases   ] GC(140)   Post Evacuate Collection Set: 0.2ms
[317.353s][info][gc,phases   ] GC(140)   Other: 0.1ms
[317.353s][info][gc,heap     ] GC(140) Eden regions: 30->0(30)
[317.353s][info][gc,heap     ] GC(140) Survivor regions: 1->1(4)
[317.353s][info][gc,heap     ] GC(140) Old regions: 35->35
[317.353s][info][gc,heap     ] GC(140) Archive regions: 2->2
[317.353s][info][gc,heap     ] GC(140) Humongous regions: 0->0
[317.353s][info][gc,metaspace] GC(140) Metaspace: 50625K(51536K)->50625K(51536K) NonClass: 44498K(45136K)->44498K(45136K) Class: 6126K(6400K)->6126K(6400K)
[317.353s][info][gc          ] GC(140) Pause Young (Concurrent Start) (G1 Evacuation Pause) 66M->36M(77M) 1.098ms
[317.353s][info][gc,cpu      ] GC(140) User=0.00s Sys=0.00s Real=0.00s
[317.353s][info][gc          ] GC(141) Concurrent Cycle
[317.353s][info][gc,marking  ] GC(141) Concurrent Clear Claimed Marks
[317.353s][info][gc,marking  ] GC(141) Concurrent Clear Claimed Marks 0.022ms
[317.353s][info][gc,marking  ] GC(141) Concurrent Scan Root Regions
[317.354s][info][gc,marking  ] GC(141) Concurrent Scan Root Regions 0.632ms
[317.354s][info][gc,marking  ] GC(141) Concurrent Mark (317.354s)
[317.354s][info][gc,marking  ] GC(141) Concurrent Mark From Roots
[317.354s][info][gc,task     ] GC(141) Using 2 workers of 2 for marking
[317.381s][info][gc,marking  ] GC(141) Concurrent Mark From Roots 26.985ms
[317.381s][info][gc,marking  ] GC(141) Concurrent Preclean
[317.381s][info][gc,marking  ] GC(141) Concurrent Preclean 0.075ms
[317.381s][info][gc,marking  ] GC(141) Concurrent Mark (317.354s, 317.381s) 27.130ms
[317.381s][info][gc,start    ] GC(141) Pause Remark
[317.382s][info][gc          ] GC(141) Pause Remark 41M->41M(77M) 1.120ms
[317.382s][info][gc,cpu      ] GC(141) User=0.01s Sys=0.00s Real=0.01s
[317.382s][info][gc,marking  ] GC(141) Concurrent Rebuild Remembered Sets
[317.400s][info][gc,marking  ] GC(141) Concurrent Rebuild Remembered Sets 17.411ms
[317.401s][info][gc,start    ] GC(141) Pause Cleanup
[317.401s][info][gc          ] GC(141) Pause Cleanup 44M->44M(77M) 0.102ms
[317.401s][info][gc,cpu      ] GC(141) User=0.00s Sys=0.00s Real=0.00s
[317.402s][info][gc,marking  ] GC(141) Concurrent Cleanup for Next Mark
[317.402s][info][gc,marking  ] GC(141) Concurrent Cleanup for Next Mark 0.160ms
[317.402s][info][gc          ] GC(141) Concurrent Cycle 48.483ms
[317.486s][info][gc,start    ] GC(142) Pause Young (Normal) (G1 Evacuation Pause)
[317.486s][info][gc,task     ] GC(142) Using 8 workers of 8 for evacuation
[317.487s][info][gc,phases   ] GC(142)   Pre Evacuate Collection Set: 0.0ms
[317.487s][info][gc,phases   ] GC(142)   Merge Heap Roots: 0.0ms
[317.487s][info][gc,phases   ] GC(142)   Evacuate Collection Set: 0.5ms
[317.487s][info][gc,phases   ] GC(142)   Post Evacuate Collection Set: 0.2ms
[317.487s][info][gc,phases   ] GC(142)   Other: 0.1ms
[317.487s][info][gc,heap     ] GC(142) Eden regions: 30->0(30)
[317.487s][info][gc,heap     ] GC(142) Survivor regions: 1->1(4)
[317.487s][info][gc,heap     ] GC(142) Old regions: 35->35
[317.487s][info][gc,heap     ] GC(142) Archive regions: 2->2
[317.487s][info][gc,heap     ] GC(142) Humongous regions: 0->0
[317.487s][info][gc,metaspace] GC(142) Metaspace: 50625K(51536K)->50625K(51536K) NonClass: 44498K(45136K)->44498K(45136K) Class: 6126K(6400K)->6126K(6400K)
[317.487s][info][gc          ] GC(142) Pause Young (Normal) (G1 Evacuation Pause) 66M->36M(77M) 0.985ms
[317.487s][info][gc,cpu      ] GC(142) User=0.01s Sys=0.00s Real=0.00s
[317.619s][info][gc,start    ] GC(143) Pause Young (Concurrent Start) (G1 Evacuation Pause)
[317.619s][info][gc,task     ] GC(143) Using 8 workers of 8 for evacuation
[317.620s][info][gc,phases   ] GC(143)   Pre Evacuate Collection Set: 0.1ms
[317.620s][info][gc,phases   ] GC(143)   Merge Heap Roots: 0.0ms
[317.620s][info][gc,phases   ] GC(143)   Evacuate Collection Set: 0.6ms
[317.620s][info][gc,phases   ] GC(143)   Post Evacuate Collection Set: 0.2ms
[317.620s][info][gc,phases   ] GC(143)   Other: 0.1ms
[317.620s][info][gc,heap     ] GC(143) Eden regions: 30->0(29)
[317.620s][info][gc,heap     ] GC(143) Survivor regions: 1->1(4)
[317.620s][info][gc,heap     ] GC(143) Old regions: 35->36
[317.620s][info][gc,heap     ] GC(143) Archive regions: 2->2
[317.620s][info][gc,heap     ] GC(143) Humongous regions: 0->0
[317.620s][info][gc,metaspace] GC(143) Metaspace: 50625K(51536K)->50625K(51536K) NonClass: 44498K(45136K)->44498K(45136K) Class: 6126K(6400K)->6126K(6400K)
[317.620s][info][gc          ] GC(143) Pause Young (Concurrent Start) (G1 Evacuation Pause) 66M->36M(77M) 1.086ms
[317.620s][info][gc,cpu      ] GC(143) User=0.01s Sys=0.00s Real=0.00s
[317.620s][info][gc          ] GC(144) Concurrent Cycle
[317.620s][info][gc,marking  ] GC(144) Concurrent Clear Claimed Marks
[317.620s][info][gc,marking  ] GC(144) Concurrent Clear Claimed Marks 0.023ms
[317.620s][info][gc,marking  ] GC(144) Concurrent Scan Root Regions
[317.621s][info][gc,marking  ] GC(144) Concurrent Scan Root Regions 0.714ms
[317.621s][info][gc,marking  ] GC(144) Concurrent Mark (317.621s)
[317.621s][info][gc,marking  ] GC(144) Concurrent Mark From Roots
[317.621s][info][gc,task     ] GC(144) Using 2 workers of 2 for marking
[317.646s][info][gc,marking  ] GC(144) Concurrent Mark From Roots 25.319ms
[317.646s][info][gc,marking  ] GC(144) Concurrent Preclean
[317.646s][info][gc,marking  ] GC(144) Concurrent Preclean 0.069ms
[317.646s][info][gc,marking  ] GC(144) Concurrent Mark (317.621s, 317.646s) 25.458ms
[317.646s][info][gc,start    ] GC(144) Pause Remark
[317.648s][info][gc          ] GC(144) Pause Remark 41M->41M(77M) 1.352ms
[317.648s][info][gc,cpu      ] GC(144) User=0.01s Sys=0.00s Real=0.00s
[317.648s][info][gc,marking  ] GC(144) Concurrent Rebuild Remembered Sets
[317.664s][info][gc,marking  ] GC(144) Concurrent Rebuild Remembered Sets 16.176ms
[317.665s][info][gc,start    ] GC(144) Pause Cleanup
[317.665s][info][gc          ] GC(144) Pause Cleanup 44M->44M(77M) 0.130ms
[317.665s][info][gc,cpu      ] GC(144) User=0.00s Sys=0.00s Real=0.00s
[317.665s][info][gc,marking  ] GC(144) Concurrent Cleanup for Next Mark
[317.665s][info][gc,marking  ] GC(144) Concurrent Cleanup for Next Mark 0.106ms
[317.665s][info][gc          ] GC(144) Concurrent Cycle 45.383ms
[317.745s][info][gc,start    ] GC(145) Pause Young (Normal) (G1 Evacuation Pause)
[317.745s][info][gc,task     ] GC(145) Using 8 workers of 8 for evacuation
[317.745s][info][gc,phases   ] GC(145)   Pre Evacuate Collection Set: 0.0ms
[317.745s][info][gc,phases   ] GC(145)   Merge Heap Roots: 0.0ms
[317.745s][info][gc,phases   ] GC(145)   Evacuate Collection Set: 0.4ms
[317.745s][info][gc,phases   ] GC(145)   Post Evacuate Collection Set: 0.2ms
[317.745s][info][gc,phases   ] GC(145)   Other: 0.1ms
[317.745s][info][gc,heap     ] GC(145) Eden regions: 29->0(29)
[317.745s][info][gc,heap     ] GC(145) Survivor regions: 1->1(4)
[317.745s][info][gc,heap     ] GC(145) Old regions: 36->36
[317.745s][info][gc,heap     ] GC(145) Archive regions: 2->2
[317.745s][info][gc,heap     ] GC(145) Humongous regions: 0->0
[317.745s][info][gc,metaspace] GC(145) Metaspace: 50625K(51536K)->50625K(51536K) NonClass: 44498K(45136K)->44498K(45136K) Class: 6126K(6400K)->6126K(6400K)
[317.745s][info][gc          ] GC(145) Pause Young (Normal) (G1 Evacuation Pause) 65M->36M(77M) 0.883ms
[317.745s][info][gc,cpu      ] GC(145) User=0.00s Sys=0.00s Real=0.00s
[317.867s][info][gc,start    ] GC(146) Pause Young (Concurrent Start) (G1 Evacuation Pause)
[317.867s][info][gc,task     ] GC(146) Using 8 workers of 8 for evacuation
[317.868s][info][gc,phases   ] GC(146)   Pre Evacuate Collection Set: 0.1ms
[317.868s][info][gc,phases   ] GC(146)   Merge Heap Roots: 0.0ms
[317.868s][info][gc,phases   ] GC(146)   Evacuate Collection Set: 0.6ms
[317.868s][info][gc,phases   ] GC(146)   Post Evacuate Collection Set: 0.2ms
[317.868s][info][gc,phases   ] GC(146)   Other: 0.2ms
[317.868s][info][gc,heap     ] GC(146) Eden regions: 29->0(29)
[317.868s][info][gc,heap     ] GC(146) Survivor regions: 1->1(4)
[317.868s][info][gc,heap     ] GC(146) Old regions: 36->36
[317.868s][info][gc,heap     ] GC(146) Archive regions: 2->2
[317.868s][info][gc,heap     ] GC(146) Humongous regions: 0->0
[317.868s][info][gc,metaspace] GC(146) Metaspace: 50625K(51536K)->50625K(51536K) NonClass: 44498K(45136K)->44498K(45136K) Class: 6126K(6400K)->6126K(6400K)
[317.868s][info][gc          ] GC(146) Pause Young (Concurrent Start) (G1 Evacuation Pause) 65M->36M(77M) 1.192ms
[317.868s][info][gc,cpu      ] GC(146) User=0.00s Sys=0.00s Real=0.00s
[317.868s][info][gc          ] GC(147) Concurrent Cycle
[317.868s][info][gc,marking  ] GC(147) Concurrent Clear Claimed Marks
[317.868s][info][gc,marking  ] GC(147) Concurrent Clear Claimed Marks 0.031ms
[317.868s][info][gc,marking  ] GC(147) Concurrent Scan Root Regions
[317.869s][info][gc,marking  ] GC(147) Concurrent Scan Root Regions 0.510ms
[317.869s][info][gc,marking  ] GC(147) Concurrent Mark (317.869s)
[317.869s][info][gc,marking  ] GC(147) Concurrent Mark From Roots
[317.869s][info][gc,task     ] GC(147) Using 2 workers of 2 for marking
[317.895s][info][gc,marking  ] GC(147) Concurrent Mark From Roots 26.530ms
[317.895s][info][gc,marking  ] GC(147) Concurrent Preclean
[317.895s][info][gc,marking  ] GC(147) Concurrent Preclean 0.063ms
[317.895s][info][gc,marking  ] GC(147) Concurrent Mark (317.869s, 317.895s) 26.660ms
[317.895s][info][gc,start    ] GC(147) Pause Remark
[317.897s][info][gc          ] GC(147) Pause Remark 41M->41M(77M) 1.106ms
[317.897s][info][gc,cpu      ] GC(147) User=0.01s Sys=0.00s Real=0.00s
[317.897s][info][gc,marking  ] GC(147) Concurrent Rebuild Remembered Sets
[317.913s][info][gc,marking  ] GC(147) Concurrent Rebuild Remembered Sets 15.852ms
[317.914s][info][gc,start    ] GC(147) Pause Cleanup
[317.914s][info][gc          ] GC(147) Pause Cleanup 45M->45M(77M) 0.098ms
[317.914s][info][gc,cpu      ] GC(147) User=0.00s Sys=0.00s Real=0.00s
[317.914s][info][gc,marking  ] GC(147) Concurrent Cleanup for Next Mark
[317.914s][info][gc,marking  ] GC(147) Concurrent Cleanup for Next Mark 0.096ms
[317.914s][info][gc          ] GC(147) Concurrent Cycle 45.838ms
[317.993s][info][gc,start    ] GC(148) Pause Young (Normal) (G1 Evacuation Pause)
[317.993s][info][gc,task     ] GC(148) Using 8 workers of 8 for evacuation
[317.994s][info][gc,phases   ] GC(148)   Pre Evacuate Collection Set: 0.0ms
[317.994s][info][gc,phases   ] GC(148)   Merge Heap Roots: 0.0ms
[317.994s][info][gc,phases   ] GC(148)   Evacuate Collection Set: 0.4ms
[317.994s][info][gc,phases   ] GC(148)   Post Evacuate Collection Set: 0.2ms
[317.994s][info][gc,phases   ] GC(148)   Other: 0.1ms
[317.994s][info][gc,heap     ] GC(148) Eden regions: 29->0(29)
[317.994s][info][gc,heap     ] GC(148) Survivor regions: 1->1(4)
[317.994s][info][gc,heap     ] GC(148) Old regions: 36->36
[317.994s][info][gc,heap     ] GC(148) Archive regions: 2->2
[317.994s][info][gc,heap     ] GC(148) Humongous regions: 0->0
[317.994s][info][gc,metaspace] GC(148) Metaspace: 50625K(51536K)->50625K(51536K) NonClass: 44499K(45136K)->44499K(45136K) Class: 6126K(6400K)->6126K(6400K)
[317.994s][info][gc          ] GC(148) Pause Young (Normal) (G1 Evacuation Pause) 65M->36M(77M) 0.868ms
[317.994s][info][gc,cpu      ] GC(148) User=0.00s Sys=0.00s Real=0.00s
[318.112s][info][gc,start    ] GC(149) Pause Young (Concurrent Start) (G1 Evacuation Pause)
[318.112s][info][gc,task     ] GC(149) Using 8 workers of 8 for evacuation
[318.113s][info][gc,phases   ] GC(149)   Pre Evacuate Collection Set: 0.1ms
[318.113s][info][gc,phases   ] GC(149)   Merge Heap Roots: 0.0ms
[318.113s][info][gc,phases   ] GC(149)   Evacuate Collection Set: 0.7ms
[318.113s][info][gc,phases   ] GC(149)   Post Evacuate Collection Set: 0.2ms
[318.113s][info][gc,phases   ] GC(149)   Other: 0.1ms
[318.114s][info][gc,heap     ] GC(149) Eden regions: 29->0(29)
[318.114s][info][gc,heap     ] GC(149) Survivor regions: 1->1(4)
[318.114s][info][gc,heap     ] GC(149) Old regions: 36->36
[318.114s][info][gc,heap     ] GC(149) Archive regions: 2->2
[318.114s][info][gc,heap     ] GC(149) Humongous regions: 0->0
[318.114s][info][gc,metaspace] GC(149) Metaspace: 50625K(51536K)->50625K(51536K) NonClass: 44499K(45136K)->44499K(45136K) Class: 6126K(6400K)->6126K(6400K)
[318.114s][info][gc          ] GC(149) Pause Young (Concurrent Start) (G1 Evacuation Pause) 65M->36M(77M) 1.170ms
[318.114s][info][gc,cpu      ] GC(149) User=0.01s Sys=0.01s Real=0.00s
[318.114s][info][gc          ] GC(150) Concurrent Cycle
[318.114s][info][gc,marking  ] GC(150) Concurrent Clear Claimed Marks
[318.114s][info][gc,marking  ] GC(150) Concurrent Clear Claimed Marks 0.037ms
[318.114s][info][gc,marking  ] GC(150) Concurrent Scan Root Regions
[318.114s][info][gc,marking  ] GC(150) Concurrent Scan Root Regions 0.832ms
[318.115s][info][gc,marking  ] GC(150) Concurrent Mark (318.115s)
[318.115s][info][gc,marking  ] GC(150) Concurrent Mark From Roots
[318.115s][info][gc,task     ] GC(150) Using 2 workers of 2 for marking
[318.139s][info][gc,marking  ] GC(150) Concurrent Mark From Roots 24.829ms
[318.139s][info][gc,marking  ] GC(150) Concurrent Preclean
[318.139s][info][gc,marking  ] GC(150) Concurrent Preclean 0.060ms
[318.139s][info][gc,marking  ] GC(150) Concurrent Mark (318.115s, 318.139s) 24.963ms
[318.140s][info][gc,start    ] GC(150) Pause Remark
[318.141s][info][gc          ] GC(150) Pause Remark 41M->41M(77M) 1.127ms
[318.141s][info][gc,cpu      ] GC(150) User=0.01s Sys=0.00s Real=0.00s
[318.141s][info][gc,marking  ] GC(150) Concurrent Rebuild Remembered Sets
[318.158s][info][gc,marking  ] GC(150) Concurrent Rebuild Remembered Sets 17.540ms
[318.159s][info][gc,start    ] GC(150) Pause Cleanup
[318.159s][info][gc          ] GC(150) Pause Cleanup 43M->43M(77M) 0.091ms
[318.159s][info][gc,cpu      ] GC(150) User=0.00s Sys=0.00s Real=0.00s
[318.160s][info][gc,marking  ] GC(150) Concurrent Cleanup for Next Mark
[318.160s][info][gc,marking  ] GC(150) Concurrent Cleanup for Next Mark 0.122ms
[318.160s][info][gc          ] GC(150) Concurrent Cycle 46.105ms
[318.235s][info][gc,start    ] GC(151) Pause Young (Normal) (G1 Evacuation Pause)
[318.235s][info][gc,task     ] GC(151) Using 8 workers of 8 for evacuation
[318.236s][info][gc,phases   ] GC(151)   Pre Evacuate Collection Set: 0.0ms
[318.236s][info][gc,phases   ] GC(151)   Merge Heap Roots: 0.0ms
[318.236s][info][gc,phases   ] GC(151)   Evacuate Collection Set: 0.4ms
[318.236s][info][gc,phases   ] GC(151)   Post Evacuate Collection Set: 0.2ms
[318.236s][info][gc,phases   ] GC(151)   Other: 0.1ms
[318.236s][info][gc,heap     ] GC(151) Eden regions: 29->0(29)
[318.236s][info][gc,heap     ] GC(151) Survivor regions: 1->1(4)
[318.236s][info][gc,heap     ] GC(151) Old regions: 36->36
[318.236s][info][gc,heap     ] GC(151) Archive regions: 2->2
[318.236s][info][gc,heap     ] GC(151) Humongous regions: 0->0
[318.236s][info][gc,metaspace] GC(151) Metaspace: 50625K(51536K)->50625K(51536K) NonClass: 44499K(45136K)->44499K(45136K) Class: 6126K(6400K)->6126K(6400K)
[318.236s][info][gc          ] GC(151) Pause Young (Normal) (G1 Evacuation Pause) 65M->36M(77M) 0.868ms
[318.236s][info][gc,cpu      ] GC(151) User=0.00s Sys=0.01s Real=0.00s
[318.360s][info][gc,start    ] GC(152) Pause Young (Concurrent Start) (G1 Evacuation Pause)
[318.360s][info][gc,task     ] GC(152) Using 8 workers of 8 for evacuation
[318.361s][info][gc,phases   ] GC(152)   Pre Evacuate Collection Set: 0.1ms
[318.361s][info][gc,phases   ] GC(152)   Merge Heap Roots: 0.1ms
[318.361s][info][gc,phases   ] GC(152)   Evacuate Collection Set: 0.7ms
[318.361s][info][gc,phases   ] GC(152)   Post Evacuate Collection Set: 0.2ms
[318.361s][info][gc,phases   ] GC(152)   Other: 0.1ms
[318.361s][info][gc,heap     ] GC(152) Eden regions: 29->0(29)
[318.361s][info][gc,heap     ] GC(152) Survivor regions: 1->1(4)
[318.361s][info][gc,heap     ] GC(152) Old regions: 36->36
[318.361s][info][gc,heap     ] GC(152) Archive regions: 2->2
[318.361s][info][gc,heap     ] GC(152) Humongous regions: 0->0
[318.361s][info][gc,metaspace] GC(152) Metaspace: 50625K(51536K)->50625K(51536K) NonClass: 44499K(45136K)->44499K(45136K) Class: 6126K(6400K)->6126K(6400K)
[318.361s][info][gc          ] GC(152) Pause Young (Concurrent Start) (G1 Evacuation Pause) 65M->36M(77M) 1.245ms
[318.361s][info][gc,cpu      ] GC(152) User=0.00s Sys=0.00s Real=0.00s
[318.361s][info][gc          ] GC(153) Concurrent Cycle
[318.361s][info][gc,marking  ] GC(153) Concurrent Clear Claimed Marks
[318.361s][info][gc,marking  ] GC(153) Concurrent Clear Claimed Marks 0.031ms
[318.361s][info][gc,marking  ] GC(153) Concurrent Scan Root Regions
[318.362s][info][gc,marking  ] GC(153) Concurrent Scan Root Regions 0.510ms
[318.362s][info][gc,marking  ] GC(153) Concurrent Mark (318.362s)
[318.362s][info][gc,marking  ] GC(153) Concurrent Mark From Roots
[318.362s][info][gc,task     ] GC(153) Using 2 workers of 2 for marking
[318.387s][info][gc,marking  ] GC(153) Concurrent Mark From Roots 25.310ms
[318.387s][info][gc,marking  ] GC(153) Concurrent Preclean
[318.387s][info][gc,marking  ] GC(153) Concurrent Preclean 0.049ms
[318.387s][info][gc,marking  ] GC(153) Concurrent Mark (318.362s, 318.387s) 25.412ms
[318.387s][info][gc,start    ] GC(153) Pause Remark
[318.388s][info][gc          ] GC(153) Pause Remark 41M->41M(77M) 1.085ms
[318.388s][info][gc,cpu      ] GC(153) User=0.01s Sys=0.00s Real=0.00s
[318.389s][info][gc,marking  ] GC(153) Concurrent Rebuild Remembered Sets
[318.405s][info][gc,marking  ] GC(153) Concurrent Rebuild Remembered Sets 16.051ms
[318.406s][info][gc,start    ] GC(153) Pause Cleanup
[318.406s][info][gc          ] GC(153) Pause Cleanup 45M->45M(77M) 0.132ms
[318.406s][info][gc,cpu      ] GC(153) User=0.00s Sys=0.00s Real=0.00s
[318.406s][info][gc,marking  ] GC(153) Concurrent Cleanup for Next Mark
[318.406s][info][gc,marking  ] GC(153) Concurrent Cleanup for Next Mark 0.114ms
[318.406s][info][gc          ] GC(153) Concurrent Cycle 44.830ms
[318.484s][info][gc,start    ] GC(154) Pause Young (Normal) (G1 Evacuation Pause)
[318.484s][info][gc,task     ] GC(154) Using 8 workers of 8 for evacuation
[318.485s][info][gc,phases   ] GC(154)   Pre Evacuate Collection Set: 0.0ms
[318.485s][info][gc,phases   ] GC(154)   Merge Heap Roots: 0.0ms
[318.485s][info][gc,phases   ] GC(154)   Evacuate Collection Set: 0.4ms
[318.485s][info][gc,phases   ] GC(154)   Post Evacuate Collection Set: 0.2ms
[318.485s][info][gc,phases   ] GC(154)   Other: 0.1ms
[318.485s][info][gc,heap     ] GC(154) Eden regions: 29->0(29)
[318.485s][info][gc,heap     ] GC(154) Survivor regions: 1->1(4)
[318.485s][info][gc,heap     ] GC(154) Old regions: 36->36
[318.485s][info][gc,heap     ] GC(154) Archive regions: 2->2
[318.485s][info][gc,heap     ] GC(154) Humongous regions: 0->0
[318.485s][info][gc,metaspace] GC(154) Metaspace: 50625K(51536K)->50625K(51536K) NonClass: 44499K(45136K)->44499K(45136K) Class: 6126K(6400K)->6126K(6400K)
[318.485s][info][gc          ] GC(154) Pause Young (Normal) (G1 Evacuation Pause) 65M->36M(77M) 0.927ms
[318.485s][info][gc,cpu      ] GC(154) User=0.01s Sys=0.00s Real=0.00s
[318.604s][info][gc,start    ] GC(155) Pause Young (Concurrent Start) (G1 Evacuation Pause)
[318.604s][info][gc,task     ] GC(155) Using 8 workers of 8 for evacuation
[318.605s][info][gc,phases   ] GC(155)   Pre Evacuate Collection Set: 0.1ms
[318.605s][info][gc,phases   ] GC(155)   Merge Heap Roots: 0.0ms
[318.605s][info][gc,phases   ] GC(155)   Evacuate Collection Set: 0.6ms
[318.605s][info][gc,phases   ] GC(155)   Post Evacuate Collection Set: 0.2ms
[318.605s][info][gc,phases   ] GC(155)   Other: 0.1ms
[318.605s][info][gc,heap     ] GC(155) Eden regions: 29->0(29)
[318.605s][info][gc,heap     ] GC(155) Survivor regions: 1->1(4)
[318.605s][info][gc,heap     ] GC(155) Old regions: 36->36
[318.605s][info][gc,heap     ] GC(155) Archive regions: 2->2
[318.605s][info][gc,heap     ] GC(155) Humongous regions: 0->0
[318.605s][info][gc,metaspace] GC(155) Metaspace: 50625K(51536K)->50625K(51536K) NonClass: 44499K(45136K)->44499K(45136K) Class: 6126K(6400K)->6126K(6400K)
[318.605s][info][gc          ] GC(155) Pause Young (Concurrent Start) (G1 Evacuation Pause) 65M->36M(77M) 1.143ms
[318.605s][info][gc,cpu      ] GC(155) User=0.00s Sys=0.00s Real=0.00s
[318.605s][info][gc          ] GC(156) Concurrent Cycle
[318.605s][info][gc,marking  ] GC(156) Concurrent Clear Claimed Marks
[318.605s][info][gc,marking  ] GC(156) Concurrent Clear Claimed Marks 0.023ms
[318.605s][info][gc,marking  ] GC(156) Concurrent Scan Root Regions
[318.606s][info][gc,marking  ] GC(156) Concurrent Scan Root Regions 0.847ms
[318.606s][info][gc,marking  ] GC(156) Concurrent Mark (318.606s)
[318.606s][info][gc,marking  ] GC(156) Concurrent Mark From Roots
[318.606s][info][gc,task     ] GC(156) Using 2 workers of 2 for marking
[318.632s][info][gc,marking  ] GC(156) Concurrent Mark From Roots 25.567ms
[318.632s][info][gc,marking  ] GC(156) Concurrent Preclean
[318.632s][info][gc,marking  ] GC(156) Concurrent Preclean 0.060ms
[318.632s][info][gc,marking  ] GC(156) Concurrent Mark (318.606s, 318.632s) 25.694ms
[318.632s][info][gc,start    ] GC(156) Pause Remark
[318.633s][info][gc          ] GC(156) Pause Remark 41M->41M(77M) 1.118ms
[318.633s][info][gc,cpu      ] GC(156) User=0.01s Sys=0.00s Real=0.00s
[318.633s][info][gc,marking  ] GC(156) Concurrent Rebuild Remembered Sets
[318.651s][info][gc,marking  ] GC(156) Concurrent Rebuild Remembered Sets 17.268ms
[318.651s][info][gc,start    ] GC(156) Pause Cleanup
[318.652s][info][gc          ] GC(156) Pause Cleanup 45M->45M(77M) 0.083ms
[318.652s][info][gc,cpu      ] GC(156) User=0.00s Sys=0.00s Real=0.01s
[318.652s][info][gc,marking  ] GC(156) Concurrent Cleanup for Next Mark
[318.652s][info][gc,marking  ] GC(156) Concurrent Cleanup for Next Mark 0.095ms
[318.652s][info][gc          ] GC(156) Concurrent Cycle 46.522ms
[318.734s][info][gc,start    ] GC(157) Pause Young (Normal) (G1 Evacuation Pause)
[318.734s][info][gc,task     ] GC(157) Using 8 workers of 8 for evacuation
[318.735s][info][gc,phases   ] GC(157)   Pre Evacuate Collection Set: 0.0ms
[318.735s][info][gc,phases   ] GC(157)   Merge Heap Roots: 0.0ms
[318.735s][info][gc,phases   ] GC(157)   Evacuate Collection Set: 0.4ms
[318.735s][info][gc,phases   ] GC(157)   Post Evacuate Collection Set: 0.2ms
[318.735s][info][gc,phases   ] GC(157)   Other: 0.1ms
[318.735s][info][gc,heap     ] GC(157) Eden regions: 29->0(29)
[318.735s][info][gc,heap     ] GC(157) Survivor regions: 1->1(4)
[318.735s][info][gc,heap     ] GC(157) Old regions: 36->36
[318.735s][info][gc,heap     ] GC(157) Archive regions: 2->2
[318.735s][info][gc,heap     ] GC(157) Humongous regions: 0->0
[318.735s][info][gc,metaspace] GC(157) Metaspace: 50625K(51536K)->50625K(51536K) NonClass: 44499K(45136K)->44499K(45136K) Class: 6126K(6400K)->6126K(6400K)
[318.735s][info][gc          ] GC(157) Pause Young (Normal) (G1 Evacuation Pause) 65M->36M(77M) 0.913ms
[318.735s][info][gc,cpu      ] GC(157) User=0.01s Sys=0.00s Real=0.00s
[318.843s][info][gc,start    ] GC(158) Pause Young (Concurrent Start) (G1 Evacuation Pause)
[318.843s][info][gc,task     ] GC(158) Using 8 workers of 8 for evacuation
[318.844s][info][gc,phases   ] GC(158)   Pre Evacuate Collection Set: 0.1ms
[318.844s][info][gc,phases   ] GC(158)   Merge Heap Roots: 0.0ms
[318.844s][info][gc,phases   ] GC(158)   Evacuate Collection Set: 0.7ms
[318.844s][info][gc,phases   ] GC(158)   Post Evacuate Collection Set: 0.2ms
[318.844s][info][gc,phases   ] GC(158)   Other: 0.1ms
[318.844s][info][gc,heap     ] GC(158) Eden regions: 29->0(29)
[318.844s][info][gc,heap     ] GC(158) Survivor regions: 1->1(4)
[318.844s][info][gc,heap     ] GC(158) Old regions: 36->36
[318.844s][info][gc,heap     ] GC(158) Archive regions: 2->2
[318.844s][info][gc,heap     ] GC(158) Humongous regions: 0->0
[318.844s][info][gc,metaspace] GC(158) Metaspace: 50625K(51536K)->50625K(51536K) NonClass: 44499K(45136K)->44499K(45136K) Class: 6126K(6400K)->6126K(6400K)
[318.844s][info][gc          ] GC(158) Pause Young (Concurrent Start) (G1 Evacuation Pause) 65M->36M(77M) 1.230ms
[318.844s][info][gc,cpu      ] GC(158) User=0.00s Sys=0.00s Real=0.00s
[318.844s][info][gc          ] GC(159) Concurrent Cycle
[318.844s][info][gc,marking  ] GC(159) Concurrent Clear Claimed Marks
[318.844s][info][gc,marking  ] GC(159) Concurrent Clear Claimed Marks 0.037ms
[318.844s][info][gc,marking  ] GC(159) Concurrent Scan Root Regions
[318.846s][info][gc,marking  ] GC(159) Concurrent Scan Root Regions 1.012ms
[318.846s][info][gc,marking  ] GC(159) Concurrent Mark (318.846s)
[318.846s][info][gc,marking  ] GC(159) Concurrent Mark From Roots
[318.846s][info][gc,task     ] GC(159) Using 2 workers of 2 for marking
[318.875s][info][gc,marking  ] GC(159) Concurrent Mark From Roots 28.982ms
[318.875s][info][gc,marking  ] GC(159) Concurrent Preclean
[318.875s][info][gc,marking  ] GC(159) Concurrent Preclean 0.079ms
[318.875s][info][gc,marking  ] GC(159) Concurrent Mark (318.846s, 318.875s) 29.130ms
[318.875s][info][gc,start    ] GC(159) Pause Remark
[318.876s][info][gc          ] GC(159) Pause Remark 42M->42M(77M) 1.274ms
[318.876s][info][gc,cpu      ] GC(159) User=0.00s Sys=0.00s Real=0.00s
[318.876s][info][gc,marking  ] GC(159) Concurrent Rebuild Remembered Sets
[318.895s][info][gc,marking  ] GC(159) Concurrent Rebuild Remembered Sets 18.244ms
[318.896s][info][gc,start    ] GC(159) Pause Cleanup
[318.896s][info][gc          ] GC(159) Pause Cleanup 45M->45M(77M) 0.139ms
[318.896s][info][gc,cpu      ] GC(159) User=0.00s Sys=0.00s Real=0.00s
[318.896s][info][gc,marking  ] GC(159) Concurrent Cleanup for Next Mark
[318.896s][info][gc,marking  ] GC(159) Concurrent Cleanup for Next Mark 0.126ms
[318.896s][info][gc          ] GC(159) Concurrent Cycle 51.466ms
[318.968s][info][gc,start    ] GC(160) Pause Young (Normal) (G1 Evacuation Pause)
[318.968s][info][gc,task     ] GC(160) Using 8 workers of 8 for evacuation
[318.969s][info][gc,phases   ] GC(160)   Pre Evacuate Collection Set: 0.0ms
[318.969s][info][gc,phases   ] GC(160)   Merge Heap Roots: 0.1ms
[318.969s][info][gc,phases   ] GC(160)   Evacuate Collection Set: 0.4ms
[318.969s][info][gc,phases   ] GC(160)   Post Evacuate Collection Set: 0.2ms
[318.969s][info][gc,phases   ] GC(160)   Other: 0.1ms
[318.969s][info][gc,heap     ] GC(160) Eden regions: 29->0(29)
[318.969s][info][gc,heap     ] GC(160) Survivor regions: 1->1(4)
[318.969s][info][gc,heap     ] GC(160) Old regions: 36->36
[318.969s][info][gc,heap     ] GC(160) Archive regions: 2->2
[318.969s][info][gc,heap     ] GC(160) Humongous regions: 0->0
[318.969s][info][gc,metaspace] GC(160) Metaspace: 50625K(51536K)->50625K(51536K) NonClass: 44499K(45136K)->44499K(45136K) Class: 6126K(6400K)->6126K(6400K)
[318.969s][info][gc          ] GC(160) Pause Young (Normal) (G1 Evacuation Pause) 65M->36M(77M) 0.939ms
[318.969s][info][gc,cpu      ] GC(160) User=0.00s Sys=0.00s Real=0.00s
[319.086s][info][gc,start    ] GC(161) Pause Young (Concurrent Start) (G1 Evacuation Pause)
[319.086s][info][gc,task     ] GC(161) Using 8 workers of 8 for evacuation
[319.087s][info][gc,phases   ] GC(161)   Pre Evacuate Collection Set: 0.1ms
[319.087s][info][gc,phases   ] GC(161)   Merge Heap Roots: 0.0ms
[319.087s][info][gc,phases   ] GC(161)   Evacuate Collection Set: 0.7ms
[319.087s][info][gc,phases   ] GC(161)   Post Evacuate Collection Set: 0.2ms
[319.087s][info][gc,phases   ] GC(161)   Other: 0.1ms
[319.087s][info][gc,heap     ] GC(161) Eden regions: 29->0(29)
[319.087s][info][gc,heap     ] GC(161) Survivor regions: 1->1(4)
[319.087s][info][gc,heap     ] GC(161) Old regions: 36->36
[319.087s][info][gc,heap     ] GC(161) Archive regions: 2->2
[319.087s][info][gc,heap     ] GC(161) Humongous regions: 0->0
[319.087s][info][gc,metaspace] GC(161) Metaspace: 50625K(51536K)->50625K(51536K) NonClass: 44499K(45136K)->44499K(45136K) Class: 6126K(6400K)->6126K(6400K)
[319.087s][info][gc          ] GC(161) Pause Young (Concurrent Start) (G1 Evacuation Pause) 65M->36M(77M) 1.195ms
[319.087s][info][gc,cpu      ] GC(161) User=0.00s Sys=0.00s Real=0.00s
[319.087s][info][gc          ] GC(162) Concurrent Cycle
[319.087s][info][gc,marking  ] GC(162) Concurrent Clear Claimed Marks
[319.087s][info][gc,marking  ] GC(162) Concurrent Clear Claimed Marks 0.025ms
[319.087s][info][gc,marking  ] GC(162) Concurrent Scan Root Regions
[319.088s][info][gc,marking  ] GC(162) Concurrent Scan Root Regions 0.846ms
[319.088s][info][gc,marking  ] GC(162) Concurrent Mark (319.088s)
[319.088s][info][gc,marking  ] GC(162) Concurrent Mark From Roots
[319.088s][info][gc,task     ] GC(162) Using 2 workers of 2 for marking
[319.116s][info][gc,marking  ] GC(162) Concurrent Mark From Roots 28.416ms
[319.116s][info][gc,marking  ] GC(162) Concurrent Preclean
[319.116s][info][gc,marking  ] GC(162) Concurrent Preclean 0.050ms
[319.116s][info][gc,marking  ] GC(162) Concurrent Mark (319.088s, 319.116s) 28.524ms
[319.116s][info][gc,start    ] GC(162) Pause Remark
[319.118s][info][gc          ] GC(162) Pause Remark 43M->43M(77M) 1.131ms
[319.118s][info][gc,cpu      ] GC(162) User=0.01s Sys=0.00s Real=0.00s
[319.118s][info][gc,marking  ] GC(162) Concurrent Rebuild Remembered Sets
[319.135s][info][gc,marking  ] GC(162) Concurrent Rebuild Remembered Sets 17.448ms
[319.136s][info][gc,start    ] GC(162) Pause Cleanup
[319.136s][info][gc          ] GC(162) Pause Cleanup 46M->46M(77M) 0.092ms
[319.136s][info][gc,cpu      ] GC(162) User=0.00s Sys=0.00s Real=0.00s
[319.136s][info][gc,marking  ] GC(162) Concurrent Cleanup for Next Mark
[319.136s][info][gc,marking  ] GC(162) Concurrent Cleanup for Next Mark 0.101ms
[319.136s][info][gc          ] GC(162) Concurrent Cycle 49.463ms
[319.218s][info][gc,start    ] GC(163) Pause Young (Normal) (G1 Evacuation Pause)
[319.219s][info][gc,task     ] GC(163) Using 8 workers of 8 for evacuation
[319.219s][info][gc,phases   ] GC(163)   Pre Evacuate Collection Set: 0.0ms
[319.219s][info][gc,phases   ] GC(163)   Merge Heap Roots: 0.0ms
[319.219s][info][gc,phases   ] GC(163)   Evacuate Collection Set: 0.3ms
[319.219s][info][gc,phases   ] GC(163)   Post Evacuate Collection Set: 0.2ms
[319.219s][info][gc,phases   ] GC(163)   Other: 0.1ms
[319.219s][info][gc,heap     ] GC(163) Eden regions: 29->0(29)
[319.219s][info][gc,heap     ] GC(163) Survivor regions: 1->1(4)
[319.219s][info][gc,heap     ] GC(163) Old regions: 36->36
[319.219s][info][gc,heap     ] GC(163) Archive regions: 2->2
[319.219s][info][gc,heap     ] GC(163) Humongous regions: 0->0
[319.219s][info][gc,metaspace] GC(163) Metaspace: 50634K(51536K)->50634K(51536K) NonClass: 44508K(45136K)->44508K(45136K) Class: 6126K(6400K)->6126K(6400K)
[319.219s][info][gc          ] GC(163) Pause Young (Normal) (G1 Evacuation Pause) 65M->36M(77M) 0.803ms
[319.219s][info][gc,cpu      ] GC(163) User=0.00s Sys=0.00s Real=0.00s
[319.340s][info][gc,start    ] GC(164) Pause Young (Concurrent Start) (G1 Evacuation Pause)
[319.340s][info][gc,task     ] GC(164) Using 8 workers of 8 for evacuation
[319.341s][info][gc,phases   ] GC(164)   Pre Evacuate Collection Set: 0.1ms
[319.341s][info][gc,phases   ] GC(164)   Merge Heap Roots: 0.0ms
[319.341s][info][gc,phases   ] GC(164)   Evacuate Collection Set: 0.7ms
[319.341s][info][gc,phases   ] GC(164)   Post Evacuate Collection Set: 0.2ms
[319.341s][info][gc,phases   ] GC(164)   Other: 0.1ms
[319.341s][info][gc,heap     ] GC(164) Eden regions: 29->0(29)
[319.341s][info][gc,heap     ] GC(164) Survivor regions: 1->1(4)
[319.341s][info][gc,heap     ] GC(164) Old regions: 36->36
[319.341s][info][gc,heap     ] GC(164) Archive regions: 2->2
[319.341s][info][gc,heap     ] GC(164) Humongous regions: 0->0
[319.341s][info][gc,metaspace] GC(164) Metaspace: 50638K(51536K)->50638K(51536K) NonClass: 44512K(45136K)->44512K(45136K) Class: 6126K(6400K)->6126K(6400K)
[319.341s][info][gc          ] GC(164) Pause Young (Concurrent Start) (G1 Evacuation Pause) 65M->36M(77M) 1.214ms
[319.341s][info][gc,cpu      ] GC(164) User=0.01s Sys=0.00s Real=0.00s
[319.341s][info][gc          ] GC(165) Concurrent Cycle
[319.341s][info][gc,marking  ] GC(165) Concurrent Clear Claimed Marks
[319.341s][info][gc,marking  ] GC(165) Concurrent Clear Claimed Marks 0.025ms
[319.341s][info][gc,marking  ] GC(165) Concurrent Scan Root Regions
[319.342s][info][gc,marking  ] GC(165) Concurrent Scan Root Regions 0.857ms
[319.342s][info][gc,marking  ] GC(165) Concurrent Mark (319.342s)
[319.342s][info][gc,marking  ] GC(165) Concurrent Mark From Roots
[319.342s][info][gc,task     ] GC(165) Using 2 workers of 2 for marking
[319.374s][info][gc,marking  ] GC(165) Concurrent Mark From Roots 31.372ms
[319.374s][info][gc,marking  ] GC(165) Concurrent Preclean
[319.374s][info][gc,marking  ] GC(165) Concurrent Preclean 0.070ms
[319.374s][info][gc,marking  ] GC(165) Concurrent Mark (319.342s, 319.374s) 31.511ms
[319.374s][info][gc,start    ] GC(165) Pause Remark
[319.375s][info][gc          ] GC(165) Pause Remark 41M->41M(77M) 1.199ms
[319.375s][info][gc,cpu      ] GC(165) User=0.01s Sys=0.00s Real=0.00s
[319.375s][info][gc,marking  ] GC(165) Concurrent Rebuild Remembered Sets
[319.393s][info][gc,marking  ] GC(165) Concurrent Rebuild Remembered Sets 17.386ms
[319.394s][info][gc,start    ] GC(165) Pause Cleanup
[319.394s][info][gc          ] GC(165) Pause Cleanup 45M->45M(77M) 0.129ms
[319.394s][info][gc,cpu      ] GC(165) User=0.00s Sys=0.00s Real=0.00s
[319.394s][info][gc,marking  ] GC(165) Concurrent Cleanup for Next Mark
[319.394s][info][gc,marking  ] GC(165) Concurrent Cleanup for Next Mark 0.105ms
[319.394s][info][gc          ] GC(165) Concurrent Cycle 52.609ms
[319.471s][info][gc,start    ] GC(166) Pause Young (Normal) (G1 Evacuation Pause)
[319.471s][info][gc,task     ] GC(166) Using 8 workers of 8 for evacuation
[319.472s][info][gc,phases   ] GC(166)   Pre Evacuate Collection Set: 0.0ms
[319.472s][info][gc,phases   ] GC(166)   Merge Heap Roots: 0.1ms
[319.472s][info][gc,phases   ] GC(166)   Evacuate Collection Set: 0.5ms
[319.472s][info][gc,phases   ] GC(166)   Post Evacuate Collection Set: 0.2ms
[319.472s][info][gc,phases   ] GC(166)   Other: 0.2ms
[319.472s][info][gc,heap     ] GC(166) Eden regions: 29->0(29)
[319.472s][info][gc,heap     ] GC(166) Survivor regions: 1->1(4)
[319.472s][info][gc,heap     ] GC(166) Old regions: 36->36
[319.472s][info][gc,heap     ] GC(166) Archive regions: 2->2
[319.472s][info][gc,heap     ] GC(166) Humongous regions: 0->0
[319.472s][info][gc,metaspace] GC(166) Metaspace: 50639K(51536K)->50639K(51536K) NonClass: 44512K(45136K)->44512K(45136K) Class: 6126K(6400K)->6126K(6400K)
[319.472s][info][gc          ] GC(166) Pause Young (Normal) (G1 Evacuation Pause) 65M->36M(77M) 1.051ms
[319.472s][info][gc,cpu      ] GC(166) User=0.00s Sys=0.00s Real=0.01s
[319.598s][info][gc,start    ] GC(167) Pause Young (Concurrent Start) (G1 Evacuation Pause)
[319.598s][info][gc,task     ] GC(167) Using 8 workers of 8 for evacuation
[319.599s][info][gc,phases   ] GC(167)   Pre Evacuate Collection Set: 0.1ms
[319.599s][info][gc,phases   ] GC(167)   Merge Heap Roots: 0.1ms
[319.599s][info][gc,phases   ] GC(167)   Evacuate Collection Set: 0.6ms
[319.599s][info][gc,phases   ] GC(167)   Post Evacuate Collection Set: 0.3ms
[319.599s][info][gc,phases   ] GC(167)   Other: 0.2ms
[319.599s][info][gc,heap     ] GC(167) Eden regions: 29->0(29)
[319.599s][info][gc,heap     ] GC(167) Survivor regions: 1->1(4)
[319.599s][info][gc,heap     ] GC(167) Old regions: 36->36
[319.599s][info][gc,heap     ] GC(167) Archive regions: 2->2
[319.599s][info][gc,heap     ] GC(167) Humongous regions: 0->0
[319.599s][info][gc,metaspace] GC(167) Metaspace: 50639K(51536K)->50639K(51536K) NonClass: 44513K(45136K)->44513K(45136K) Class: 6126K(6400K)->6126K(6400K)
[319.599s][info][gc          ] GC(167) Pause Young (Concurrent Start) (G1 Evacuation Pause) 65M->36M(77M) 1.255ms
[319.599s][info][gc,cpu      ] GC(167) User=0.01s Sys=0.00s Real=0.00s
[319.599s][info][gc          ] GC(168) Concurrent Cycle
[319.599s][info][gc,marking  ] GC(168) Concurrent Clear Claimed Marks
[319.599s][info][gc,marking  ] GC(168) Concurrent Clear Claimed Marks 0.042ms
[319.599s][info][gc,marking  ] GC(168) Concurrent Scan Root Regions
[319.600s][info][gc,marking  ] GC(168) Concurrent Scan Root Regions 1.095ms
[319.600s][info][gc,marking  ] GC(168) Concurrent Mark (319.600s)
[319.600s][info][gc,marking  ] GC(168) Concurrent Mark From Roots
[319.600s][info][gc,task     ] GC(168) Using 2 workers of 2 for marking
[319.633s][info][gc,marking  ] GC(168) Concurrent Mark From Roots 33.395ms
[319.634s][info][gc,marking  ] GC(168) Concurrent Preclean
[319.634s][info][gc,marking  ] GC(168) Concurrent Preclean 0.078ms
[319.634s][info][gc,marking  ] GC(168) Concurrent Mark (319.600s, 319.634s) 33.537ms
[319.634s][info][gc,start    ] GC(168) Pause Remark
[319.635s][info][gc          ] GC(168) Pause Remark 40M->40M(77M) 1.384ms
[319.635s][info][gc,cpu      ] GC(168) User=0.01s Sys=0.00s Real=0.00s
[319.635s][info][gc,marking  ] GC(168) Concurrent Rebuild Remembered Sets
[319.655s][info][gc,marking  ] GC(168) Concurrent Rebuild Remembered Sets 19.894ms
[319.656s][info][gc,start    ] GC(168) Pause Cleanup
[319.656s][info][gc          ] GC(168) Pause Cleanup 42M->42M(77M) 0.090ms
[319.656s][info][gc,cpu      ] GC(168) User=0.00s Sys=0.00s Real=0.00s
[319.656s][info][gc,marking  ] GC(168) Concurrent Cleanup for Next Mark
[319.656s][info][gc,marking  ] GC(168) Concurrent Cleanup for Next Mark 0.100ms
[319.656s][info][gc          ] GC(168) Concurrent Cycle 57.480ms
[319.755s][info][gc,start    ] GC(169) Pause Young (Normal) (G1 Evacuation Pause)
[319.755s][info][gc,task     ] GC(169) Using 8 workers of 8 for evacuation
[319.756s][info][gc,phases   ] GC(169)   Pre Evacuate Collection Set: 0.0ms
[319.756s][info][gc,phases   ] GC(169)   Merge Heap Roots: 0.0ms
[319.756s][info][gc,phases   ] GC(169)   Evacuate Collection Set: 0.4ms
[319.756s][info][gc,phases   ] GC(169)   Post Evacuate Collection Set: 0.2ms
[319.756s][info][gc,phases   ] GC(169)   Other: 0.1ms
[319.756s][info][gc,heap     ] GC(169) Eden regions: 29->0(29)
[319.756s][info][gc,heap     ] GC(169) Survivor regions: 1->1(4)
[319.756s][info][gc,heap     ] GC(169) Old regions: 36->36
[319.756s][info][gc,heap     ] GC(169) Archive regions: 2->2
[319.756s][info][gc,heap     ] GC(169) Humongous regions: 0->0
[319.756s][info][gc,metaspace] GC(169) Metaspace: 50639K(51536K)->50639K(51536K) NonClass: 44513K(45136K)->44513K(45136K) Class: 6126K(6400K)->6126K(6400K)
[319.756s][info][gc          ] GC(169) Pause Young (Normal) (G1 Evacuation Pause) 65M->36M(77M) 0.899ms
[319.756s][info][gc,cpu      ] GC(169) User=0.00s Sys=0.00s Real=0.00s
[319.872s][info][gc,start    ] GC(170) Pause Young (Concurrent Start) (G1 Evacuation Pause)
[319.872s][info][gc,task     ] GC(170) Using 8 workers of 8 for evacuation
[319.873s][info][gc,phases   ] GC(170)   Pre Evacuate Collection Set: 0.1ms
[319.873s][info][gc,phases   ] GC(170)   Merge Heap Roots: 0.0ms
[319.873s][info][gc,phases   ] GC(170)   Evacuate Collection Set: 0.7ms
[319.873s][info][gc,phases   ] GC(170)   Post Evacuate Collection Set: 0.2ms
[319.873s][info][gc,phases   ] GC(170)   Other: 0.2ms
[319.873s][info][gc,heap     ] GC(170) Eden regions: 29->0(29)
[319.873s][info][gc,heap     ] GC(170) Survivor regions: 1->1(4)
[319.873s][info][gc,heap     ] GC(170) Old regions: 36->36
[319.873s][info][gc,heap     ] GC(170) Archive regions: 2->2
[319.873s][info][gc,heap     ] GC(170) Humongous regions: 0->0
[319.873s][info][gc,metaspace] GC(170) Metaspace: 50640K(51536K)->50640K(51536K) NonClass: 44513K(45136K)->44513K(45136K) Class: 6126K(6400K)->6126K(6400K)
[319.873s][info][gc          ] GC(170) Pause Young (Concurrent Start) (G1 Evacuation Pause) 65M->36M(77M) 1.206ms
[319.873s][info][gc,cpu      ] GC(170) User=0.00s Sys=0.00s Real=0.00s
[319.873s][info][gc          ] GC(171) Concurrent Cycle
[319.873s][info][gc,marking  ] GC(171) Concurrent Clear Claimed Marks
[319.873s][info][gc,marking  ] GC(171) Concurrent Clear Claimed Marks 0.028ms
[319.873s][info][gc,marking  ] GC(171) Concurrent Scan Root Regions
[319.874s][info][gc,marking  ] GC(171) Concurrent Scan Root Regions 0.929ms
[319.874s][info][gc,marking  ] GC(171) Concurrent Mark (319.874s)
[319.874s][info][gc,marking  ] GC(171) Concurrent Mark From Roots
[319.874s][info][gc,task     ] GC(171) Using 2 workers of 2 for marking
[319.901s][info][gc,marking  ] GC(171) Concurrent Mark From Roots 27.079ms
[319.901s][info][gc,marking  ] GC(171) Concurrent Preclean
[319.901s][info][gc,marking  ] GC(171) Concurrent Preclean 0.048ms
[319.901s][info][gc,marking  ] GC(171) Concurrent Mark (319.874s, 319.901s) 27.187ms
[319.901s][info][gc,start    ] GC(171) Pause Remark
[319.902s][info][gc          ] GC(171) Pause Remark 42M->42M(77M) 1.146ms
[319.902s][info][gc,cpu      ] GC(171) User=0.00s Sys=0.00s Real=0.01s
[319.903s][info][gc,marking  ] GC(171) Concurrent Rebuild Remembered Sets
[319.920s][info][gc,marking  ] GC(171) Concurrent Rebuild Remembered Sets 17.650ms
[319.921s][info][gc,start    ] GC(171) Pause Cleanup
[319.921s][info][gc          ] GC(171) Pause Cleanup 46M->46M(77M) 0.087ms
[319.921s][info][gc,cpu      ] GC(171) User=0.00s Sys=0.00s Real=0.00s
[319.921s][info][gc,marking  ] GC(171) Concurrent Cleanup for Next Mark
[319.921s][info][gc,marking  ] GC(171) Concurrent Cleanup for Next Mark 0.114ms
[319.921s][info][gc          ] GC(171) Concurrent Cycle 48.507ms
[319.997s][info][gc,start    ] GC(172) Pause Young (Normal) (G1 Evacuation Pause)
[319.997s][info][gc,task     ] GC(172) Using 8 workers of 8 for evacuation
[319.998s][info][gc,phases   ] GC(172)   Pre Evacuate Collection Set: 0.0ms
[319.998s][info][gc,phases   ] GC(172)   Merge Heap Roots: 0.0ms
[319.998s][info][gc,phases   ] GC(172)   Evacuate Collection Set: 0.4ms
[319.998s][info][gc,phases   ] GC(172)   Post Evacuate Collection Set: 0.2ms
[319.998s][info][gc,phases   ] GC(172)   Other: 0.1ms
[319.998s][info][gc,heap     ] GC(172) Eden regions: 29->0(29)
[319.998s][info][gc,heap     ] GC(172) Survivor regions: 1->1(4)
[319.998s][info][gc,heap     ] GC(172) Old regions: 36->36
[319.998s][info][gc,heap     ] GC(172) Archive regions: 2->2
[319.998s][info][gc,heap     ] GC(172) Humongous regions: 0->0
[319.998s][info][gc,metaspace] GC(172) Metaspace: 50640K(51536K)->50640K(51536K) NonClass: 44513K(45136K)->44513K(45136K) Class: 6126K(6400K)->6126K(6400K)
[319.998s][info][gc          ] GC(172) Pause Young (Normal) (G1 Evacuation Pause) 65M->36M(77M) 0.869ms
[319.998s][info][gc,cpu      ] GC(172) User=0.00s Sys=0.00s Real=0.00s
[320.105s][info][gc,start    ] GC(173) Pause Young (Concurrent Start) (G1 Evacuation Pause)
[320.105s][info][gc,task     ] GC(173) Using 8 workers of 8 for evacuation
[320.106s][info][gc,phases   ] GC(173)   Pre Evacuate Collection Set: 0.1ms
[320.106s][info][gc,phases   ] GC(173)   Merge Heap Roots: 0.0ms
[320.106s][info][gc,phases   ] GC(173)   Evacuate Collection Set: 0.7ms
[320.106s][info][gc,phases   ] GC(173)   Post Evacuate Collection Set: 0.2ms
[320.106s][info][gc,phases   ] GC(173)   Other: 0.2ms
[320.106s][info][gc,heap     ] GC(173) Eden regions: 29->0(29)
[320.106s][info][gc,heap     ] GC(173) Survivor regions: 1->1(4)
[320.106s][info][gc,heap     ] GC(173) Old regions: 36->36
[320.106s][info][gc,heap     ] GC(173) Archive regions: 2->2
[320.106s][info][gc,heap     ] GC(173) Humongous regions: 0->0
[320.106s][info][gc,metaspace] GC(173) Metaspace: 50640K(51536K)->50640K(51536K) NonClass: 44513K(45136K)->44513K(45136K) Class: 6126K(6400K)->6126K(6400K)
[320.107s][info][gc          ] GC(173) Pause Young (Concurrent Start) (G1 Evacuation Pause) 65M->36M(77M) 1.200ms
[320.107s][info][gc,cpu      ] GC(173) User=0.00s Sys=0.00s Real=0.00s
[320.107s][info][gc          ] GC(174) Concurrent Cycle
[320.107s][info][gc,marking  ] GC(174) Concurrent Clear Claimed Marks
[320.107s][info][gc,marking  ] GC(174) Concurrent Clear Claimed Marks 0.026ms
[320.107s][info][gc,marking  ] GC(174) Concurrent Scan Root Regions
[320.107s][info][gc,marking  ] GC(174) Concurrent Scan Root Regions 0.717ms
[320.107s][info][gc,marking  ] GC(174) Concurrent Mark (320.107s)
[320.107s][info][gc,marking  ] GC(174) Concurrent Mark From Roots
[320.107s][info][gc,task     ] GC(174) Using 2 workers of 2 for marking
[320.136s][info][gc,marking  ] GC(174) Concurrent Mark From Roots 28.696ms
[320.136s][info][gc,marking  ] GC(174) Concurrent Preclean
[320.136s][info][gc,marking  ] GC(174) Concurrent Preclean 0.072ms
[320.136s][info][gc,marking  ] GC(174) Concurrent Mark (320.107s, 320.136s) 28.836ms
[320.136s][info][gc,start    ] GC(174) Pause Remark
[320.137s][info][gc          ] GC(174) Pause Remark 43M->43M(77M) 1.127ms
[320.138s][info][gc,cpu      ] GC(174) User=0.01s Sys=0.00s Real=0.00s
[320.138s][info][gc,marking  ] GC(174) Concurrent Rebuild Remembered Sets
[320.155s][info][gc,marking  ] GC(174) Concurrent Rebuild Remembered Sets 17.151ms
[320.156s][info][gc,start    ] GC(174) Pause Cleanup
[320.156s][info][gc          ] GC(174) Pause Cleanup 47M->47M(77M) 0.092ms
[320.156s][info][gc,cpu      ] GC(174) User=0.00s Sys=0.00s Real=0.00s
[320.156s][info][gc,marking  ] GC(174) Concurrent Cleanup for Next Mark
[320.156s][info][gc,marking  ] GC(174) Concurrent Cleanup for Next Mark 0.110ms
[320.156s][info][gc          ] GC(174) Concurrent Cycle 49.466ms
[320.230s][info][gc,start    ] GC(175) Pause Young (Normal) (G1 Evacuation Pause)
[320.230s][info][gc,task     ] GC(175) Using 8 workers of 8 for evacuation
[320.231s][info][gc,phases   ] GC(175)   Pre Evacuate Collection Set: 0.0ms
[320.231s][info][gc,phases   ] GC(175)   Merge Heap Roots: 0.0ms
[320.231s][info][gc,phases   ] GC(175)   Evacuate Collection Set: 0.4ms
[320.231s][info][gc,phases   ] GC(175)   Post Evacuate Collection Set: 0.2ms
[320.231s][info][gc,phases   ] GC(175)   Other: 0.1ms
[320.231s][info][gc,heap     ] GC(175) Eden regions: 29->0(29)
[320.231s][info][gc,heap     ] GC(175) Survivor regions: 1->1(4)
[320.231s][info][gc,heap     ] GC(175) Old regions: 36->36
[320.231s][info][gc,heap     ] GC(175) Archive regions: 2->2
[320.231s][info][gc,heap     ] GC(175) Humongous regions: 0->0
[320.231s][info][gc,metaspace] GC(175) Metaspace: 50640K(51536K)->50640K(51536K) NonClass: 44513K(45136K)->44513K(45136K) Class: 6126K(6400K)->6126K(6400K)
[320.231s][info][gc          ] GC(175) Pause Young (Normal) (G1 Evacuation Pause) 65M->36M(77M) 0.848ms
[320.231s][info][gc,cpu      ] GC(175) User=0.00s Sys=0.00s Real=0.00s
[320.339s][info][gc,start    ] GC(176) Pause Young (Concurrent Start) (G1 Evacuation Pause)
[320.339s][info][gc,task     ] GC(176) Using 8 workers of 8 for evacuation
[320.339s][info][gc,phases   ] GC(176)   Pre Evacuate Collection Set: 0.1ms
[320.339s][info][gc,phases   ] GC(176)   Merge Heap Roots: 0.0ms
[320.339s][info][gc,phases   ] GC(176)   Evacuate Collection Set: 0.5ms
[320.339s][info][gc,phases   ] GC(176)   Post Evacuate Collection Set: 0.2ms
[320.339s][info][gc,phases   ] GC(176)   Other: 0.1ms
[320.339s][info][gc,heap     ] GC(176) Eden regions: 29->0(29)
[320.339s][info][gc,heap     ] GC(176) Survivor regions: 1->1(4)
[320.340s][info][gc,heap     ] GC(176) Old regions: 36->36
[320.340s][info][gc,heap     ] GC(176) Archive regions: 2->2
[320.340s][info][gc,heap     ] GC(176) Humongous regions: 0->0
[320.340s][info][gc,metaspace] GC(176) Metaspace: 50640K(51536K)->50640K(51536K) NonClass: 44513K(45136K)->44513K(45136K) Class: 6126K(6400K)->6126K(6400K)
[320.340s][info][gc          ] GC(176) Pause Young (Concurrent Start) (G1 Evacuation Pause) 65M->36M(77M) 1.039ms
[320.340s][info][gc,cpu      ] GC(176) User=0.00s Sys=0.00s Real=0.00s
[320.340s][info][gc          ] GC(177) Concurrent Cycle
[320.340s][info][gc,marking  ] GC(177) Concurrent Clear Claimed Marks
[320.340s][info][gc,marking  ] GC(177) Concurrent Clear Claimed Marks 0.042ms
[320.340s][info][gc,marking  ] GC(177) Concurrent Scan Root Regions
[320.340s][info][gc,marking  ] GC(177) Concurrent Scan Root Regions 0.518ms
[320.340s][info][gc,marking  ] GC(177) Concurrent Mark (320.340s)
[320.340s][info][gc,marking  ] GC(177) Concurrent Mark From Roots
[320.340s][info][gc,task     ] GC(177) Using 2 workers of 2 for marking
[320.370s][info][gc,marking  ] GC(177) Concurrent Mark From Roots 30.038ms
[320.370s][info][gc,marking  ] GC(177) Concurrent Preclean
[320.370s][info][gc,marking  ] GC(177) Concurrent Preclean 0.068ms
[320.370s][info][gc,marking  ] GC(177) Concurrent Mark (320.340s, 320.370s) 30.172ms
[320.371s][info][gc,start    ] GC(177) Pause Remark
[320.372s][info][gc          ] GC(177) Pause Remark 41M->41M(77M) 1.215ms
[320.372s][info][gc,cpu      ] GC(177) User=0.01s Sys=0.00s Real=0.01s
[320.372s][info][gc,marking  ] GC(177) Concurrent Rebuild Remembered Sets
[320.390s][info][gc,marking  ] GC(177) Concurrent Rebuild Remembered Sets 18.418ms
[320.392s][info][gc,start    ] GC(177) Pause Cleanup
[320.392s][info][gc          ] GC(177) Pause Cleanup 45M->45M(77M) 0.107ms
[320.392s][info][gc,cpu      ] GC(177) User=0.00s Sys=0.00s Real=0.00s
[320.392s][info][gc,marking  ] GC(177) Concurrent Cleanup for Next Mark
[320.392s][info][gc,marking  ] GC(177) Concurrent Cleanup for Next Mark 0.170ms
[320.392s][info][gc          ] GC(177) Concurrent Cycle 52.770ms
[320.467s][info][gc,start    ] GC(178) Pause Young (Normal) (G1 Evacuation Pause)
[320.467s][info][gc,task     ] GC(178) Using 8 workers of 8 for evacuation
[320.468s][info][gc,phases   ] GC(178)   Pre Evacuate Collection Set: 0.0ms
[320.468s][info][gc,phases   ] GC(178)   Merge Heap Roots: 0.0ms
[320.468s][info][gc,phases   ] GC(178)   Evacuate Collection Set: 0.4ms
[320.468s][info][gc,phases   ] GC(178)   Post Evacuate Collection Set: 0.2ms
[320.468s][info][gc,phases   ] GC(178)   Other: 0.1ms
[320.468s][info][gc,heap     ] GC(178) Eden regions: 29->0(29)
[320.468s][info][gc,heap     ] GC(178) Survivor regions: 1->1(4)
[320.468s][info][gc,heap     ] GC(178) Old regions: 36->36
[320.468s][info][gc,heap     ] GC(178) Archive regions: 2->2
[320.468s][info][gc,heap     ] GC(178) Humongous regions: 0->0
[320.468s][info][gc,metaspace] GC(178) Metaspace: 50642K(51536K)->50642K(51536K) NonClass: 44515K(45136K)->44515K(45136K) Class: 6126K(6400K)->6126K(6400K)
[320.468s][info][gc          ] GC(178) Pause Young (Normal) (G1 Evacuation Pause) 65M->36M(77M) 0.882ms
[320.468s][info][gc,cpu      ] GC(178) User=0.01s Sys=0.00s Real=0.00s
[320.583s][info][gc,start    ] GC(179) Pause Young (Concurrent Start) (G1 Evacuation Pause)
[320.583s][info][gc,task     ] GC(179) Using 8 workers of 8 for evacuation
[320.584s][info][gc,phases   ] GC(179)   Pre Evacuate Collection Set: 0.1ms
[320.585s][info][gc,phases   ] GC(179)   Merge Heap Roots: 0.0ms
[320.585s][info][gc,phases   ] GC(179)   Evacuate Collection Set: 0.8ms
[320.585s][info][gc,phases   ] GC(179)   Post Evacuate Collection Set: 0.2ms
[320.585s][info][gc,phases   ] GC(179)   Other: 0.2ms
[320.585s][info][gc,heap     ] GC(179) Eden regions: 29->0(29)
[320.585s][info][gc,heap     ] GC(179) Survivor regions: 1->1(4)
[320.585s][info][gc,heap     ] GC(179) Old regions: 36->36
[320.585s][info][gc,heap     ] GC(179) Archive regions: 2->2
[320.585s][info][gc,heap     ] GC(179) Humongous regions: 0->0
[320.585s][info][gc,metaspace] GC(179) Metaspace: 50642K(51536K)->50642K(51536K) NonClass: 44515K(45136K)->44515K(45136K) Class: 6126K(6400K)->6126K(6400K)
[320.585s][info][gc          ] GC(179) Pause Young (Concurrent Start) (G1 Evacuation Pause) 65M->36M(77M) 1.335ms
[320.585s][info][gc,cpu      ] GC(179) User=0.01s Sys=0.00s Real=0.00s
[320.585s][info][gc          ] GC(180) Concurrent Cycle
[320.585s][info][gc,marking  ] GC(180) Concurrent Clear Claimed Marks
[320.585s][info][gc,marking  ] GC(180) Concurrent Clear Claimed Marks 0.045ms
[320.585s][info][gc,marking  ] GC(180) Concurrent Scan Root Regions
[320.586s][info][gc,marking  ] GC(180) Concurrent Scan Root Regions 1.223ms
[320.586s][info][gc,marking  ] GC(180) Concurrent Mark (320.586s)
[320.586s][info][gc,marking  ] GC(180) Concurrent Mark From Roots
[320.586s][info][gc,task     ] GC(180) Using 2 workers of 2 for marking
[320.615s][info][gc,marking  ] GC(180) Concurrent Mark From Roots 29.402ms
[320.615s][info][gc,marking  ] GC(180) Concurrent Preclean
[320.615s][info][gc,marking  ] GC(180) Concurrent Preclean 0.049ms
[320.616s][info][gc,marking  ] GC(180) Concurrent Mark (320.586s, 320.616s) 29.505ms
[320.616s][info][gc,start    ] GC(180) Pause Remark
[320.617s][info][gc          ] GC(180) Pause Remark 42M->42M(77M) 1.116ms
[320.617s][info][gc,cpu      ] GC(180) User=0.00s Sys=0.00s Real=0.00s
[320.617s][info][gc,marking  ] GC(180) Concurrent Rebuild Remembered Sets
[320.634s][info][gc,marking  ] GC(180) Concurrent Rebuild Remembered Sets 17.269ms
[320.635s][info][gc,start    ] GC(180) Pause Cleanup
[320.635s][info][gc          ] GC(180) Pause Cleanup 46M->46M(77M) 0.107ms
[320.635s][info][gc,cpu      ] GC(180) User=0.00s Sys=0.00s Real=0.00s
[320.635s][info][gc,marking  ] GC(180) Concurrent Cleanup for Next Mark
[320.635s][info][gc,marking  ] GC(180) Concurrent Cleanup for Next Mark 0.115ms
[320.635s][info][gc          ] GC(180) Concurrent Cycle 50.849ms
[320.711s][info][gc,start    ] GC(181) Pause Young (Normal) (G1 Evacuation Pause)
[320.711s][info][gc,task     ] GC(181) Using 8 workers of 8 for evacuation
[320.712s][info][gc,phases   ] GC(181)   Pre Evacuate Collection Set: 0.1ms
[320.712s][info][gc,phases   ] GC(181)   Merge Heap Roots: 0.0ms
[320.712s][info][gc,phases   ] GC(181)   Evacuate Collection Set: 0.4ms
[320.712s][info][gc,phases   ] GC(181)   Post Evacuate Collection Set: 0.2ms
[320.712s][info][gc,phases   ] GC(181)   Other: 0.2ms
[320.712s][info][gc,heap     ] GC(181) Eden regions: 29->0(29)
[320.712s][info][gc,heap     ] GC(181) Survivor regions: 1->1(4)
[320.712s][info][gc,heap     ] GC(181) Old regions: 36->36
[320.712s][info][gc,heap     ] GC(181) Archive regions: 2->2
[320.712s][info][gc,heap     ] GC(181) Humongous regions: 0->0
[320.712s][info][gc,metaspace] GC(181) Metaspace: 50642K(51536K)->50642K(51536K) NonClass: 44515K(45136K)->44515K(45136K) Class: 6126K(6400K)->6126K(6400K)
[320.712s][info][gc          ] GC(181) Pause Young (Normal) (G1 Evacuation Pause) 65M->36M(77M) 0.971ms
[320.712s][info][gc,cpu      ] GC(181) User=0.01s Sys=0.00s Real=0.01s
[320.829s][info][gc,start    ] GC(182) Pause Young (Concurrent Start) (G1 Evacuation Pause)
[320.829s][info][gc,task     ] GC(182) Using 8 workers of 8 for evacuation
[320.830s][info][gc,phases   ] GC(182)   Pre Evacuate Collection Set: 0.1ms
[320.830s][info][gc,phases   ] GC(182)   Merge Heap Roots: 0.0ms
[320.830s][info][gc,phases   ] GC(182)   Evacuate Collection Set: 0.5ms
[320.830s][info][gc,phases   ] GC(182)   Post Evacuate Collection Set: 0.2ms
[320.830s][info][gc,phases   ] GC(182)   Other: 0.1ms
[320.830s][info][gc,heap     ] GC(182) Eden regions: 29->0(29)
[320.830s][info][gc,heap     ] GC(182) Survivor regions: 1->1(4)
[320.830s][info][gc,heap     ] GC(182) Old regions: 36->36
[320.830s][info][gc,heap     ] GC(182) Archive regions: 2->2
[320.830s][info][gc,heap     ] GC(182) Humongous regions: 0->0
[320.830s][info][gc,metaspace] GC(182) Metaspace: 50642K(51536K)->50642K(51536K) NonClass: 44515K(45136K)->44515K(45136K) Class: 6126K(6400K)->6126K(6400K)
[320.830s][info][gc          ] GC(182) Pause Young (Concurrent Start) (G1 Evacuation Pause) 65M->36M(77M) 1.052ms
[320.830s][info][gc,cpu      ] GC(182) User=0.00s Sys=0.00s Real=0.00s
[320.830s][info][gc          ] GC(183) Concurrent Cycle
[320.830s][info][gc,marking  ] GC(183) Concurrent Clear Claimed Marks
[320.830s][info][gc,marking  ] GC(183) Concurrent Clear Claimed Marks 0.064ms
[320.830s][info][gc,marking  ] GC(183) Concurrent Scan Root Regions
[320.831s][info][gc,marking  ] GC(183) Concurrent Scan Root Regions 0.670ms
[320.831s][info][gc,marking  ] GC(183) Concurrent Mark (320.831s)
[320.831s][info][gc,marking  ] GC(183) Concurrent Mark From Roots
[320.831s][info][gc,task     ] GC(183) Using 2 workers of 2 for marking
[320.860s][info][gc,marking  ] GC(183) Concurrent Mark From Roots 29.033ms
[320.860s][info][gc,marking  ] GC(183) Concurrent Preclean
[320.860s][info][gc,marking  ] GC(183) Concurrent Preclean 0.050ms
[320.860s][info][gc,marking  ] GC(183) Concurrent Mark (320.831s, 320.860s) 29.137ms
[320.860s][info][gc,start    ] GC(183) Pause Remark
[320.861s][info][gc          ] GC(183) Pause Remark 42M->42M(77M) 1.130ms
[320.861s][info][gc,cpu      ] GC(183) User=0.01s Sys=0.00s Real=0.00s
[320.861s][info][gc,marking  ] GC(183) Concurrent Rebuild Remembered Sets
[320.879s][info][gc,marking  ] GC(183) Concurrent Rebuild Remembered Sets 17.678ms
[320.880s][info][gc,start    ] GC(183) Pause Cleanup
[320.880s][info][gc          ] GC(183) Pause Cleanup 46M->46M(77M) 0.143ms
[320.880s][info][gc,cpu      ] GC(183) User=0.00s Sys=0.00s Real=0.00s
[320.880s][info][gc,marking  ] GC(183) Concurrent Cleanup for Next Mark
[320.880s][info][gc,marking  ] GC(183) Concurrent Cleanup for Next Mark 0.123ms
[320.880s][info][gc          ] GC(183) Concurrent Cycle 50.370ms
[320.955s][info][gc,start    ] GC(184) Pause Young (Normal) (G1 Evacuation Pause)
[320.955s][info][gc,task     ] GC(184) Using 8 workers of 8 for evacuation
[320.956s][info][gc,phases   ] GC(184)   Pre Evacuate Collection Set: 0.0ms
[320.956s][info][gc,phases   ] GC(184)   Merge Heap Roots: 0.1ms
[320.956s][info][gc,phases   ] GC(184)   Evacuate Collection Set: 0.4ms
[320.956s][info][gc,phases   ] GC(184)   Post Evacuate Collection Set: 0.2ms
[320.956s][info][gc,phases   ] GC(184)   Other: 0.2ms
[320.956s][info][gc,heap     ] GC(184) Eden regions: 29->0(29)
[320.956s][info][gc,heap     ] GC(184) Survivor regions: 1->1(4)
[320.956s][info][gc,heap     ] GC(184) Old regions: 36->36
[320.956s][info][gc,heap     ] GC(184) Archive regions: 2->2
[320.956s][info][gc,heap     ] GC(184) Humongous regions: 0->0
[320.956s][info][gc,metaspace] GC(184) Metaspace: 50642K(51536K)->50642K(51536K) NonClass: 44515K(45136K)->44515K(45136K) Class: 6126K(6400K)->6126K(6400K)
[320.956s][info][gc          ] GC(184) Pause Young (Normal) (G1 Evacuation Pause) 65M->36M(77M) 0.905ms
[320.956s][info][gc,cpu      ] GC(184) User=0.00s Sys=0.00s Real=0.00s
[321.064s][info][gc,start    ] GC(185) Pause Young (Concurrent Start) (G1 Evacuation Pause)
[321.064s][info][gc,task     ] GC(185) Using 8 workers of 8 for evacuation
[321.065s][info][gc,phases   ] GC(185)   Pre Evacuate Collection Set: 0.1ms
[321.065s][info][gc,phases   ] GC(185)   Merge Heap Roots: 0.0ms
[321.065s][info][gc,phases   ] GC(185)   Evacuate Collection Set: 0.5ms
[321.065s][info][gc,phases   ] GC(185)   Post Evacuate Collection Set: 0.2ms
[321.065s][info][gc,phases   ] GC(185)   Other: 0.1ms
[321.065s][info][gc,heap     ] GC(185) Eden regions: 29->0(29)
[321.065s][info][gc,heap     ] GC(185) Survivor regions: 1->1(4)
[321.065s][info][gc,heap     ] GC(185) Old regions: 36->36
[321.065s][info][gc,heap     ] GC(185) Archive regions: 2->2
[321.065s][info][gc,heap     ] GC(185) Humongous regions: 0->0
[321.065s][info][gc,metaspace] GC(185) Metaspace: 50642K(51536K)->50642K(51536K) NonClass: 44515K(45136K)->44515K(45136K) Class: 6126K(6400K)->6126K(6400K)
[321.065s][info][gc          ] GC(185) Pause Young (Concurrent Start) (G1 Evacuation Pause) 65M->36M(77M) 1.024ms
[321.065s][info][gc,cpu      ] GC(185) User=0.00s Sys=0.00s Real=0.00s
[321.065s][info][gc          ] GC(186) Concurrent Cycle
[321.065s][info][gc,marking  ] GC(186) Concurrent Clear Claimed Marks
[321.065s][info][gc,marking  ] GC(186) Concurrent Clear Claimed Marks 0.024ms
[321.065s][info][gc,marking  ] GC(186) Concurrent Scan Root Regions
[321.066s][info][gc,marking  ] GC(186) Concurrent Scan Root Regions 0.972ms
[321.066s][info][gc,marking  ] GC(186) Concurrent Mark (321.066s)
[321.066s][info][gc,marking  ] GC(186) Concurrent Mark From Roots
[321.066s][info][gc,task     ] GC(186) Using 2 workers of 2 for marking
[321.096s][info][gc,marking  ] GC(186) Concurrent Mark From Roots 29.551ms
[321.096s][info][gc,marking  ] GC(186) Concurrent Preclean
[321.096s][info][gc,marking  ] GC(186) Concurrent Preclean 0.088ms
[321.096s][info][gc,marking  ] GC(186) Concurrent Mark (321.066s, 321.096s) 29.724ms
[321.096s][info][gc,start    ] GC(186) Pause Remark
[321.097s][info][gc          ] GC(186) Pause Remark 42M->42M(77M) 1.117ms
[321.097s][info][gc,cpu      ] GC(186) User=0.00s Sys=0.00s Real=0.00s
[321.097s][info][gc,marking  ] GC(186) Concurrent Rebuild Remembered Sets
[321.115s][info][gc,marking  ] GC(186) Concurrent Rebuild Remembered Sets 17.493ms
[321.116s][info][gc,start    ] GC(186) Pause Cleanup
[321.116s][info][gc          ] GC(186) Pause Cleanup 46M->46M(77M) 0.098ms
[321.116s][info][gc,cpu      ] GC(186) User=0.00s Sys=0.00s Real=0.00s
[321.116s][info][gc,marking  ] GC(186) Concurrent Cleanup for Next Mark
[321.116s][info][gc,marking  ] GC(186) Concurrent Cleanup for Next Mark 0.147ms
[321.116s][info][gc          ] GC(186) Concurrent Cycle 51.191ms
[321.200s][info][gc,start    ] GC(187) Pause Young (Normal) (G1 Evacuation Pause)
[321.200s][info][gc,task     ] GC(187) Using 8 workers of 8 for evacuation
[321.201s][info][gc,phases   ] GC(187)   Pre Evacuate Collection Set: 0.0ms
[321.201s][info][gc,phases   ] GC(187)   Merge Heap Roots: 0.1ms
[321.201s][info][gc,phases   ] GC(187)   Evacuate Collection Set: 0.4ms
[321.201s][info][gc,phases   ] GC(187)   Post Evacuate Collection Set: 0.2ms
[321.201s][info][gc,phases   ] GC(187)   Other: 0.1ms
[321.201s][info][gc,heap     ] GC(187) Eden regions: 29->0(29)
[321.201s][info][gc,heap     ] GC(187) Survivor regions: 1->1(4)
[321.201s][info][gc,heap     ] GC(187) Old regions: 36->36
[321.201s][info][gc,heap     ] GC(187) Archive regions: 2->2
[321.201s][info][gc,heap     ] GC(187) Humongous regions: 0->0
[321.201s][info][gc,metaspace] GC(187) Metaspace: 50642K(51536K)->50642K(51536K) NonClass: 44515K(45136K)->44515K(45136K) Class: 6126K(6400K)->6126K(6400K)
[321.201s][info][gc          ] GC(187) Pause Young (Normal) (G1 Evacuation Pause) 65M->36M(77M) 0.897ms
[321.201s][info][gc,cpu      ] GC(187) User=0.00s Sys=0.00s Real=0.00s
[321.322s][info][gc,start    ] GC(188) Pause Young (Concurrent Start) (G1 Evacuation Pause)
[321.322s][info][gc,task     ] GC(188) Using 8 workers of 8 for evacuation
[321.323s][info][gc,phases   ] GC(188)   Pre Evacuate Collection Set: 0.1ms
[321.323s][info][gc,phases   ] GC(188)   Merge Heap Roots: 0.0ms
[321.323s][info][gc,phases   ] GC(188)   Evacuate Collection Set: 0.7ms
[321.323s][info][gc,phases   ] GC(188)   Post Evacuate Collection Set: 0.2ms
[321.323s][info][gc,phases   ] GC(188)   Other: 0.1ms
[321.323s][info][gc,heap     ] GC(188) Eden regions: 29->0(29)
[321.323s][info][gc,heap     ] GC(188) Survivor regions: 1->1(4)
[321.323s][info][gc,heap     ] GC(188) Old regions: 36->36
[321.323s][info][gc,heap     ] GC(188) Archive regions: 2->2
[321.323s][info][gc,heap     ] GC(188) Humongous regions: 0->0
[321.323s][info][gc,metaspace] GC(188) Metaspace: 50643K(51536K)->50643K(51536K) NonClass: 44516K(45136K)->44516K(45136K) Class: 6126K(6400K)->6126K(6400K)
[321.323s][info][gc          ] GC(188) Pause Young (Concurrent Start) (G1 Evacuation Pause) 65M->36M(77M) 1.243ms
[321.323s][info][gc,cpu      ] GC(188) User=0.00s Sys=0.00s Real=0.00s
[321.323s][info][gc          ] GC(189) Concurrent Cycle
[321.323s][info][gc,marking  ] GC(189) Concurrent Clear Claimed Marks
[321.323s][info][gc,marking  ] GC(189) Concurrent Clear Claimed Marks 0.028ms
[321.323s][info][gc,marking  ] GC(189) Concurrent Scan Root Regions
[321.324s][info][gc,marking  ] GC(189) Concurrent Scan Root Regions 0.965ms
[321.324s][info][gc,marking  ] GC(189) Concurrent Mark (321.324s)
[321.324s][info][gc,marking  ] GC(189) Concurrent Mark From Roots
[321.324s][info][gc,task     ] GC(189) Using 2 workers of 2 for marking
[321.354s][info][gc,marking  ] GC(189) Concurrent Mark From Roots 29.893ms
[321.354s][info][gc,marking  ] GC(189) Concurrent Preclean
[321.354s][info][gc,marking  ] GC(189) Concurrent Preclean 0.069ms
[321.354s][info][gc,marking  ] GC(189) Concurrent Mark (321.324s, 321.354s) 30.040ms
[321.354s][info][gc,start    ] GC(189) Pause Remark
[321.356s][info][gc          ] GC(189) Pause Remark 41M->41M(77M) 1.100ms
[321.356s][info][gc,cpu      ] GC(189) User=0.01s Sys=0.00s Real=0.00s
[321.356s][info][gc,marking  ] GC(189) Concurrent Rebuild Remembered Sets
[321.376s][info][gc,marking  ] GC(189) Concurrent Rebuild Remembered Sets 20.139ms
[321.377s][info][gc,start    ] GC(189) Pause Cleanup
[321.377s][info][gc          ] GC(189) Pause Cleanup 44M->44M(77M) 0.083ms
[321.377s][info][gc,cpu      ] GC(189) User=0.00s Sys=0.00s Real=0.00s
[321.377s][info][gc,marking  ] GC(189) Concurrent Cleanup for Next Mark
[321.377s][info][gc,marking  ] GC(189) Concurrent Cleanup for Next Mark 0.107ms
[321.377s][info][gc          ] GC(189) Concurrent Cycle 53.899ms
[321.462s][info][gc,start    ] GC(190) Pause Young (Normal) (G1 Evacuation Pause)
[321.462s][info][gc,task     ] GC(190) Using 8 workers of 8 for evacuation
[321.463s][info][gc,phases   ] GC(190)   Pre Evacuate Collection Set: 0.0ms
[321.463s][info][gc,phases   ] GC(190)   Merge Heap Roots: 0.0ms
[321.463s][info][gc,phases   ] GC(190)   Evacuate Collection Set: 0.4ms
[321.463s][info][gc,phases   ] GC(190)   Post Evacuate Collection Set: 0.2ms
[321.463s][info][gc,phases   ] GC(190)   Other: 0.1ms
[321.463s][info][gc,heap     ] GC(190) Eden regions: 29->0(29)
[321.463s][info][gc,heap     ] GC(190) Survivor regions: 1->1(4)
[321.463s][info][gc,heap     ] GC(190) Old regions: 36->36
[321.463s][info][gc,heap     ] GC(190) Archive regions: 2->2
[321.463s][info][gc,heap     ] GC(190) Humongous regions: 0->0
[321.463s][info][gc,metaspace] GC(190) Metaspace: 50646K(51536K)->50646K(51536K) NonClass: 44520K(45136K)->44520K(45136K) Class: 6126K(6400K)->6126K(6400K)
[321.463s][info][gc          ] GC(190) Pause Young (Normal) (G1 Evacuation Pause) 65M->36M(77M) 0.928ms
[321.463s][info][gc,cpu      ] GC(190) User=0.01s Sys=0.00s Real=0.00s
[321.581s][info][gc,start    ] GC(191) Pause Young (Concurrent Start) (G1 Evacuation Pause)
[321.581s][info][gc,task     ] GC(191) Using 8 workers of 8 for evacuation
[321.582s][info][gc,phases   ] GC(191)   Pre Evacuate Collection Set: 0.1ms
[321.582s][info][gc,phases   ] GC(191)   Merge Heap Roots: 0.0ms
[321.582s][info][gc,phases   ] GC(191)   Evacuate Collection Set: 0.6ms
[321.582s][info][gc,phases   ] GC(191)   Post Evacuate Collection Set: 0.2ms
[321.582s][info][gc,phases   ] GC(191)   Other: 0.1ms
[321.582s][info][gc,heap     ] GC(191) Eden regions: 29->0(29)
[321.582s][info][gc,heap     ] GC(191) Survivor regions: 1->1(4)
[321.582s][info][gc,heap     ] GC(191) Old regions: 36->36
[321.582s][info][gc,heap     ] GC(191) Archive regions: 2->2
[321.582s][info][gc,heap     ] GC(191) Humongous regions: 0->0
[321.582s][info][gc,metaspace] GC(191) Metaspace: 50646K(51536K)->50646K(51536K) NonClass: 44520K(45136K)->44520K(45136K) Class: 6126K(6400K)->6126K(6400K)
[321.582s][info][gc          ] GC(191) Pause Young (Concurrent Start) (G1 Evacuation Pause) 65M->36M(77M) 1.150ms
[321.582s][info][gc,cpu      ] GC(191) User=0.00s Sys=0.00s Real=0.01s
[321.582s][info][gc          ] GC(192) Concurrent Cycle
[321.582s][info][gc,marking  ] GC(192) Concurrent Clear Claimed Marks
[321.582s][info][gc,marking  ] GC(192) Concurrent Clear Claimed Marks 0.027ms
[321.582s][info][gc,marking  ] GC(192) Concurrent Scan Root Regions
[321.583s][info][gc,marking  ] GC(192) Concurrent Scan Root Regions 0.594ms
[321.583s][info][gc,marking  ] GC(192) Concurrent Mark (321.583s)
[321.583s][info][gc,marking  ] GC(192) Concurrent Mark From Roots
[321.583s][info][gc,task     ] GC(192) Using 2 workers of 2 for marking
[321.614s][info][gc,marking  ] GC(192) Concurrent Mark From Roots 30.961ms
[321.614s][info][gc,marking  ] GC(192) Concurrent Preclean
[321.614s][info][gc,marking  ] GC(192) Concurrent Preclean 0.076ms
[321.614s][info][gc,marking  ] GC(192) Concurrent Mark (321.583s, 321.614s) 31.106ms
[321.614s][info][gc,start    ] GC(192) Pause Remark
[321.615s][info][gc          ] GC(192) Pause Remark 42M->42M(77M) 1.087ms
[321.615s][info][gc,cpu      ] GC(192) User=0.01s Sys=0.00s Real=0.00s
[321.615s][info][gc,marking  ] GC(192) Concurrent Rebuild Remembered Sets
[321.633s][info][gc,marking  ] GC(192) Concurrent Rebuild Remembered Sets 17.925ms
[321.634s][info][gc,start    ] GC(192) Pause Cleanup
[321.634s][info][gc          ] GC(192) Pause Cleanup 45M->45M(77M) 0.086ms
[321.634s][info][gc,cpu      ] GC(192) User=0.00s Sys=0.00s Real=0.00s
[321.634s][info][gc,marking  ] GC(192) Concurrent Cleanup for Next Mark
[321.634s][info][gc,marking  ] GC(192) Concurrent Cleanup for Next Mark 0.117ms
[321.634s][info][gc          ] GC(192) Concurrent Cycle 52.282ms
[321.722s][info][gc,start    ] GC(193) Pause Young (Normal) (G1 Evacuation Pause)
[321.722s][info][gc,task     ] GC(193) Using 8 workers of 8 for evacuation
[321.723s][info][gc,phases   ] GC(193)   Pre Evacuate Collection Set: 0.0ms
[321.723s][info][gc,phases   ] GC(193)   Merge Heap Roots: 0.0ms
[321.723s][info][gc,phases   ] GC(193)   Evacuate Collection Set: 0.4ms
[321.723s][info][gc,phases   ] GC(193)   Post Evacuate Collection Set: 0.2ms
[321.723s][info][gc,phases   ] GC(193)   Other: 0.2ms
[321.723s][info][gc,heap     ] GC(193) Eden regions: 29->0(29)
[321.723s][info][gc,heap     ] GC(193) Survivor regions: 1->1(4)
[321.723s][info][gc,heap     ] GC(193) Old regions: 36->36
[321.723s][info][gc,heap     ] GC(193) Archive regions: 2->2
[321.723s][info][gc,heap     ] GC(193) Humongous regions: 0->0
[321.723s][info][gc,metaspace] GC(193) Metaspace: 50646K(51536K)->50646K(51536K) NonClass: 44520K(45136K)->44520K(45136K) Class: 6126K(6400K)->6126K(6400K)
[321.723s][info][gc          ] GC(193) Pause Young (Normal) (G1 Evacuation Pause) 65M->36M(77M) 0.903ms
[321.723s][info][gc,cpu      ] GC(193) User=0.00s Sys=0.00s Real=0.00s
[321.836s][info][gc,start    ] GC(194) Pause Young (Concurrent Start) (G1 Evacuation Pause)
[321.836s][info][gc,task     ] GC(194) Using 8 workers of 8 for evacuation
[321.837s][info][gc,phases   ] GC(194)   Pre Evacuate Collection Set: 0.1ms
[321.837s][info][gc,phases   ] GC(194)   Merge Heap Roots: 0.0ms
[321.837s][info][gc,phases   ] GC(194)   Evacuate Collection Set: 0.7ms
[321.837s][info][gc,phases   ] GC(194)   Post Evacuate Collection Set: 0.2ms
[321.837s][info][gc,phases   ] GC(194)   Other: 0.1ms
[321.837s][info][gc,heap     ] GC(194) Eden regions: 29->0(29)
[321.837s][info][gc,heap     ] GC(194) Survivor regions: 1->1(4)
[321.837s][info][gc,heap     ] GC(194) Old regions: 36->36
[321.837s][info][gc,heap     ] GC(194) Archive regions: 2->2
[321.837s][info][gc,heap     ] GC(194) Humongous regions: 0->0
[321.837s][info][gc,metaspace] GC(194) Metaspace: 50648K(51536K)->50648K(51536K) NonClass: 44521K(45136K)->44521K(45136K) Class: 6126K(6400K)->6126K(6400K)
[321.837s][info][gc          ] GC(194) Pause Young (Concurrent Start) (G1 Evacuation Pause) 65M->36M(77M) 1.173ms
[321.837s][info][gc,cpu      ] GC(194) User=0.01s Sys=0.00s Real=0.00s
[321.837s][info][gc          ] GC(195) Concurrent Cycle
[321.837s][info][gc,marking  ] GC(195) Concurrent Clear Claimed Marks
[321.837s][info][gc,marking  ] GC(195) Concurrent Clear Claimed Marks 0.023ms
[321.837s][info][gc,marking  ] GC(195) Concurrent Scan Root Regions
[321.838s][info][gc,marking  ] GC(195) Concurrent Scan Root Regions 0.984ms
[321.838s][info][gc,marking  ] GC(195) Concurrent Mark (321.838s)
[321.838s][info][gc,marking  ] GC(195) Concurrent Mark From Roots
[321.838s][info][gc,task     ] GC(195) Using 2 workers of 2 for marking
[321.868s][info][gc,marking  ] GC(195) Concurrent Mark From Roots 30.411ms
[321.868s][info][gc,marking  ] GC(195) Concurrent Preclean
[321.868s][info][gc,marking  ] GC(195) Concurrent Preclean 0.053ms
[321.868s][info][gc,marking  ] GC(195) Concurrent Mark (321.838s, 321.868s) 30.536ms
[321.869s][info][gc,start    ] GC(195) Pause Remark
[321.870s][info][gc          ] GC(195) Pause Remark 42M->42M(77M) 1.196ms
[321.870s][info][gc,cpu      ] GC(195) User=0.01s Sys=0.00s Real=0.00s
[321.870s][info][gc,marking  ] GC(195) Concurrent Rebuild Remembered Sets
[321.888s][info][gc,marking  ] GC(195) Concurrent Rebuild Remembered Sets 17.687ms
[321.889s][info][gc,start    ] GC(195) Pause Cleanup
[321.889s][info][gc          ] GC(195) Pause Cleanup 45M->45M(77M) 0.091ms
[321.889s][info][gc,cpu      ] GC(195) User=0.00s Sys=0.00s Real=0.00s
[321.889s][info][gc,marking  ] GC(195) Concurrent Cleanup for Next Mark
[321.889s][info][gc,marking  ] GC(195) Concurrent Cleanup for Next Mark 0.141ms
[321.889s][info][gc          ] GC(195) Concurrent Cycle 52.276ms
[321.964s][info][gc,start    ] GC(196) Pause Young (Normal) (G1 Evacuation Pause)
[321.964s][info][gc,task     ] GC(196) Using 8 workers of 8 for evacuation
[321.964s][info][gc,phases   ] GC(196)   Pre Evacuate Collection Set: 0.0ms
[321.964s][info][gc,phases   ] GC(196)   Merge Heap Roots: 0.0ms
[321.964s][info][gc,phases   ] GC(196)   Evacuate Collection Set: 0.3ms
[321.964s][info][gc,phases   ] GC(196)   Post Evacuate Collection Set: 0.2ms
[321.964s][info][gc,phases   ] GC(196)   Other: 0.1ms
[321.964s][info][gc,heap     ] GC(196) Eden regions: 29->0(29)
[321.964s][info][gc,heap     ] GC(196) Survivor regions: 1->1(4)
[321.964s][info][gc,heap     ] GC(196) Old regions: 36->36
[321.964s][info][gc,heap     ] GC(196) Archive regions: 2->2
[321.964s][info][gc,heap     ] GC(196) Humongous regions: 0->0
[321.964s][info][gc,metaspace] GC(196) Metaspace: 50648K(51536K)->50648K(51536K) NonClass: 44521K(45136K)->44521K(45136K) Class: 6126K(6400K)->6126K(6400K)
[321.964s][info][gc          ] GC(196) Pause Young (Normal) (G1 Evacuation Pause) 65M->36M(77M) 0.814ms
[321.964s][info][gc,cpu      ] GC(196) User=0.01s Sys=0.00s Real=0.00s
[322.076s][info][gc,start    ] GC(197) Pause Young (Concurrent Start) (G1 Evacuation Pause)
[322.076s][info][gc,task     ] GC(197) Using 8 workers of 8 for evacuation
[322.077s][info][gc,phases   ] GC(197)   Pre Evacuate Collection Set: 0.1ms
[322.077s][info][gc,phases   ] GC(197)   Merge Heap Roots: 0.0ms
[322.077s][info][gc,phases   ] GC(197)   Evacuate Collection Set: 0.7ms
[322.077s][info][gc,phases   ] GC(197)   Post Evacuate Collection Set: 0.3ms
[322.077s][info][gc,phases   ] GC(197)   Other: 0.1ms
[322.077s][info][gc,heap     ] GC(197) Eden regions: 29->0(29)
[322.077s][info][gc,heap     ] GC(197) Survivor regions: 1->1(4)
[322.077s][info][gc,heap     ] GC(197) Old regions: 36->36
[322.077s][info][gc,heap     ] GC(197) Archive regions: 2->2
[322.077s][info][gc,heap     ] GC(197) Humongous regions: 0->0
[322.077s][info][gc,metaspace] GC(197) Metaspace: 50648K(51536K)->50648K(51536K) NonClass: 44521K(45136K)->44521K(45136K) Class: 6126K(6400K)->6126K(6400K)
[322.077s][info][gc          ] GC(197) Pause Young (Concurrent Start) (G1 Evacuation Pause) 65M->36M(77M) 1.284ms
[322.077s][info][gc,cpu      ] GC(197) User=0.00s Sys=0.00s Real=0.00s
[322.077s][info][gc          ] GC(198) Concurrent Cycle
[322.077s][info][gc,marking  ] GC(198) Concurrent Clear Claimed Marks
[322.077s][info][gc,marking  ] GC(198) Concurrent Clear Claimed Marks 0.026ms
[322.077s][info][gc,marking  ] GC(198) Concurrent Scan Root Regions
[322.078s][info][gc,marking  ] GC(198) Concurrent Scan Root Regions 0.848ms
[322.078s][info][gc,marking  ] GC(198) Concurrent Mark (322.078s)
[322.078s][info][gc,marking  ] GC(198) Concurrent Mark From Roots
[322.078s][info][gc,task     ] GC(198) Using 2 workers of 2 for marking
[322.109s][info][gc,marking  ] GC(198) Concurrent Mark From Roots 30.818ms
[322.109s][info][gc,marking  ] GC(198) Concurrent Preclean
[322.109s][info][gc,marking  ] GC(198) Concurrent Preclean 0.079ms
[322.109s][info][gc,marking  ] GC(198) Concurrent Mark (322.078s, 322.109s) 30.972ms
[322.109s][info][gc,start    ] GC(198) Pause Remark
[322.111s][info][gc          ] GC(198) Pause Remark 42M->42M(77M) 1.301ms
[322.111s][info][gc,cpu      ] GC(198) User=0.00s Sys=0.00s Real=0.00s
[322.111s][info][gc,marking  ] GC(198) Concurrent Rebuild Remembered Sets
[322.130s][info][gc,marking  ] GC(198) Concurrent Rebuild Remembered Sets 18.917ms
[322.131s][info][gc,start    ] GC(198) Pause Cleanup
[322.131s][info][gc          ] GC(198) Pause Cleanup 45M->45M(77M) 0.090ms
[322.131s][info][gc,cpu      ] GC(198) User=0.00s Sys=0.00s Real=0.00s
[322.131s][info][gc,marking  ] GC(198) Concurrent Cleanup for Next Mark
[322.131s][info][gc,marking  ] GC(198) Concurrent Cleanup for Next Mark 0.188ms
[322.131s][info][gc          ] GC(198) Concurrent Cycle 54.014ms
[322.211s][info][gc,start    ] GC(199) Pause Young (Normal) (G1 Evacuation Pause)
[322.211s][info][gc,task     ] GC(199) Using 8 workers of 8 for evacuation
[322.211s][info][gc,phases   ] GC(199)   Pre Evacuate Collection Set: 0.0ms
[322.211s][info][gc,phases   ] GC(199)   Merge Heap Roots: 0.0ms
[322.211s][info][gc,phases   ] GC(199)   Evacuate Collection Set: 0.4ms
[322.211s][info][gc,phases   ] GC(199)   Post Evacuate Collection Set: 0.2ms
[322.211s][info][gc,phases   ] GC(199)   Other: 0.1ms
[322.211s][info][gc,heap     ] GC(199) Eden regions: 29->0(29)
[322.211s][info][gc,heap     ] GC(199) Survivor regions: 1->1(4)
[322.211s][info][gc,heap     ] GC(199) Old regions: 36->36
[322.211s][info][gc,heap     ] GC(199) Archive regions: 2->2
[322.211s][info][gc,heap     ] GC(199) Humongous regions: 0->0
[322.211s][info][gc,metaspace] GC(199) Metaspace: 50648K(51536K)->50648K(51536K) NonClass: 44521K(45136K)->44521K(45136K) Class: 6126K(6400K)->6126K(6400K)
[322.211s][info][gc          ] GC(199) Pause Young (Normal) (G1 Evacuation Pause) 65M->36M(77M) 0.865ms
[322.211s][info][gc,cpu      ] GC(199) User=0.00s Sys=0.00s Real=0.00s
[322.319s][info][gc,start    ] GC(200) Pause Young (Concurrent Start) (G1 Evacuation Pause)
[322.319s][info][gc,task     ] GC(200) Using 8 workers of 8 for evacuation
[322.320s][info][gc,phases   ] GC(200)   Pre Evacuate Collection Set: 0.1ms
[322.320s][info][gc,phases   ] GC(200)   Merge Heap Roots: 0.0ms
[322.320s][info][gc,phases   ] GC(200)   Evacuate Collection Set: 0.6ms
[322.320s][info][gc,phases   ] GC(200)   Post Evacuate Collection Set: 0.2ms
[322.320s][info][gc,phases   ] GC(200)   Other: 0.2ms
[322.320s][info][gc,heap     ] GC(200) Eden regions: 29->0(29)
[322.320s][info][gc,heap     ] GC(200) Survivor regions: 1->1(4)
[322.320s][info][gc,heap     ] GC(200) Old regions: 36->36
[322.320s][info][gc,heap     ] GC(200) Archive regions: 2->2
[322.320s][info][gc,heap     ] GC(200) Humongous regions: 0->0
[322.320s][info][gc,metaspace] GC(200) Metaspace: 50648K(51536K)->50648K(51536K) NonClass: 44521K(45136K)->44521K(45136K) Class: 6126K(6400K)->6126K(6400K)
[322.320s][info][gc          ] GC(200) Pause Young (Concurrent Start) (G1 Evacuation Pause) 65M->36M(77M) 1.160ms
[322.320s][info][gc,cpu      ] GC(200) User=0.01s Sys=0.00s Real=0.00s
[322.320s][info][gc          ] GC(201) Concurrent Cycle
[322.320s][info][gc,marking  ] GC(201) Concurrent Clear Claimed Marks
[322.320s][info][gc,marking  ] GC(201) Concurrent Clear Claimed Marks 0.030ms
[322.320s][info][gc,marking  ] GC(201) Concurrent Scan Root Regions
[322.321s][info][gc,marking  ] GC(201) Concurrent Scan Root Regions 0.879ms
[322.321s][info][gc,marking  ] GC(201) Concurrent Mark (322.321s)
[322.321s][info][gc,marking  ] GC(201) Concurrent Mark From Roots
[322.321s][info][gc,task     ] GC(201) Using 2 workers of 2 for marking
[322.351s][info][gc,marking  ] GC(201) Concurrent Mark From Roots 29.311ms
[322.351s][info][gc,marking  ] GC(201) Concurrent Preclean
[322.351s][info][gc,marking  ] GC(201) Concurrent Preclean 0.085ms
[322.351s][info][gc,marking  ] GC(201) Concurrent Mark (322.321s, 322.351s) 29.466ms
[322.351s][info][gc,start    ] GC(201) Pause Remark
[322.352s][info][gc          ] GC(201) Pause Remark 43M->43M(77M) 1.372ms
[322.352s][info][gc,cpu      ] GC(201) User=0.01s Sys=0.00s Real=0.01s
[322.352s][info][gc,marking  ] GC(201) Concurrent Rebuild Remembered Sets
[322.371s][info][gc,marking  ] GC(201) Concurrent Rebuild Remembered Sets 19.076ms
[322.372s][info][gc,start    ] GC(201) Pause Cleanup
[322.373s][info][gc          ] GC(201) Pause Cleanup 47M->47M(77M) 0.089ms
[322.373s][info][gc,cpu      ] GC(201) User=0.00s Sys=0.00s Real=0.00s
[322.373s][info][gc,marking  ] GC(201) Concurrent Cleanup for Next Mark
[322.373s][info][gc,marking  ] GC(201) Concurrent Cleanup for Next Mark 0.133ms
[322.373s][info][gc          ] GC(201) Concurrent Cycle 52.535ms
[322.444s][info][gc,start    ] GC(202) Pause Young (Normal) (G1 Evacuation Pause)
[322.444s][info][gc,task     ] GC(202) Using 8 workers of 8 for evacuation
[322.445s][info][gc,phases   ] GC(202)   Pre Evacuate Collection Set: 0.0ms
[322.445s][info][gc,phases   ] GC(202)   Merge Heap Roots: 0.0ms
[322.445s][info][gc,phases   ] GC(202)   Evacuate Collection Set: 0.4ms
[322.445s][info][gc,phases   ] GC(202)   Post Evacuate Collection Set: 0.2ms
[322.445s][info][gc,phases   ] GC(202)   Other: 0.1ms
[322.445s][info][gc,heap     ] GC(202) Eden regions: 29->0(29)
[322.445s][info][gc,heap     ] GC(202) Survivor regions: 1->1(4)
[322.445s][info][gc,heap     ] GC(202) Old regions: 36->36
[322.445s][info][gc,heap     ] GC(202) Archive regions: 2->2
[322.445s][info][gc,heap     ] GC(202) Humongous regions: 0->0
[322.445s][info][gc,metaspace] GC(202) Metaspace: 50648K(51536K)->50648K(51536K) NonClass: 44521K(45136K)->44521K(45136K) Class: 6126K(6400K)->6126K(6400K)
[322.445s][info][gc          ] GC(202) Pause Young (Normal) (G1 Evacuation Pause) 65M->36M(77M) 0.900ms
[322.445s][info][gc,cpu      ] GC(202) User=0.00s Sys=0.00s Real=0.00s
[322.556s][info][gc,start    ] GC(203) Pause Young (Concurrent Start) (G1 Evacuation Pause)
[322.556s][info][gc,task     ] GC(203) Using 8 workers of 8 for evacuation
[322.557s][info][gc,phases   ] GC(203)   Pre Evacuate Collection Set: 0.1ms
[322.557s][info][gc,phases   ] GC(203)   Merge Heap Roots: 0.0ms
[322.557s][info][gc,phases   ] GC(203)   Evacuate Collection Set: 0.7ms
[322.557s][info][gc,phases   ] GC(203)   Post Evacuate Collection Set: 0.2ms
[322.557s][info][gc,phases   ] GC(203)   Other: 0.2ms
[322.557s][info][gc,heap     ] GC(203) Eden regions: 29->0(29)
[322.557s][info][gc,heap     ] GC(203) Survivor regions: 1->1(4)
[322.557s][info][gc,heap     ] GC(203) Old regions: 36->36
[322.557s][info][gc,heap     ] GC(203) Archive regions: 2->2
[322.557s][info][gc,heap     ] GC(203) Humongous regions: 0->0
[322.557s][info][gc,metaspace] GC(203) Metaspace: 50648K(51536K)->50648K(51536K) NonClass: 44521K(45136K)->44521K(45136K) Class: 6126K(6400K)->6126K(6400K)
[322.557s][info][gc          ] GC(203) Pause Young (Concurrent Start) (G1 Evacuation Pause) 65M->36M(77M) 1.199ms
[322.557s][info][gc,cpu      ] GC(203) User=0.00s Sys=0.00s Real=0.00s
[322.557s][info][gc          ] GC(204) Concurrent Cycle
[322.557s][info][gc,marking  ] GC(204) Concurrent Clear Claimed Marks
[322.557s][info][gc,marking  ] GC(204) Concurrent Clear Claimed Marks 0.026ms
[322.557s][info][gc,marking  ] GC(204) Concurrent Scan Root Regions
[322.558s][info][gc,marking  ] GC(204) Concurrent Scan Root Regions 0.958ms
[322.558s][info][gc,marking  ] GC(204) Concurrent Mark (322.558s)
[322.558s][info][gc,marking  ] GC(204) Concurrent Mark From Roots
[322.558s][info][gc,task     ] GC(204) Using 2 workers of 2 for marking
[322.586s][info][gc,marking  ] GC(204) Concurrent Mark From Roots 27.687ms
[322.586s][info][gc,marking  ] GC(204) Concurrent Preclean
[322.586s][info][gc,marking  ] GC(204) Concurrent Preclean 0.067ms
[322.586s][info][gc,marking  ] GC(204) Concurrent Mark (322.558s, 322.586s) 27.822ms
[322.586s][info][gc,start    ] GC(204) Pause Remark
[322.587s][info][gc          ] GC(204) Pause Remark 42M->42M(77M) 1.152ms
[322.587s][info][gc,cpu      ] GC(204) User=0.01s Sys=0.00s Real=0.00s
[322.587s][info][gc,marking  ] GC(204) Concurrent Rebuild Remembered Sets
[322.606s][info][gc,marking  ] GC(204) Concurrent Rebuild Remembered Sets 18.584ms
[322.607s][info][gc,start    ] GC(204) Pause Cleanup
[322.607s][info][gc          ] GC(204) Pause Cleanup 47M->47M(77M) 0.098ms
[322.607s][info][gc,cpu      ] GC(204) User=0.00s Sys=0.00s Real=0.00s
[322.607s][info][gc,marking  ] GC(204) Concurrent Cleanup for Next Mark
[322.607s][info][gc,marking  ] GC(204) Concurrent Cleanup for Next Mark 0.116ms
[322.607s][info][gc          ] GC(204) Concurrent Cycle 50.239ms
[322.679s][info][gc,start    ] GC(205) Pause Young (Normal) (G1 Evacuation Pause)
[322.679s][info][gc,task     ] GC(205) Using 8 workers of 8 for evacuation
[322.680s][info][gc,phases   ] GC(205)   Pre Evacuate Collection Set: 0.0ms
[322.680s][info][gc,phases   ] GC(205)   Merge Heap Roots: 0.1ms
[322.680s][info][gc,phases   ] GC(205)   Evacuate Collection Set: 0.5ms
[322.680s][info][gc,phases   ] GC(205)   Post Evacuate Collection Set: 0.2ms
[322.680s][info][gc,phases   ] GC(205)   Other: 0.1ms
[322.680s][info][gc,heap     ] GC(205) Eden regions: 29->0(29)
[322.680s][info][gc,heap     ] GC(205) Survivor regions: 1->1(4)
[322.680s][info][gc,heap     ] GC(205) Old regions: 36->36
[322.680s][info][gc,heap     ] GC(205) Archive regions: 2->2
[322.680s][info][gc,heap     ] GC(205) Humongous regions: 0->0
[322.680s][info][gc,metaspace] GC(205) Metaspace: 50648K(51536K)->50648K(51536K) NonClass: 44521K(45136K)->44521K(45136K) Class: 6126K(6400K)->6126K(6400K)
[322.680s][info][gc          ] GC(205) Pause Young (Normal) (G1 Evacuation Pause) 65M->36M(77M) 1.032ms
[322.680s][info][gc,cpu      ] GC(205) User=0.01s Sys=0.00s Real=0.00s
[322.790s][info][gc,start    ] GC(206) Pause Young (Concurrent Start) (G1 Evacuation Pause)
[322.790s][info][gc,task     ] GC(206) Using 8 workers of 8 for evacuation
[322.791s][info][gc,phases   ] GC(206)   Pre Evacuate Collection Set: 0.1ms
[322.791s][info][gc,phases   ] GC(206)   Merge Heap Roots: 0.0ms
[322.791s][info][gc,phases   ] GC(206)   Evacuate Collection Set: 0.7ms
[322.791s][info][gc,phases   ] GC(206)   Post Evacuate Collection Set: 0.2ms
[322.791s][info][gc,phases   ] GC(206)   Other: 0.2ms
[322.791s][info][gc,heap     ] GC(206) Eden regions: 29->0(29)
[322.791s][info][gc,heap     ] GC(206) Survivor regions: 1->1(4)
[322.791s][info][gc,heap     ] GC(206) Old regions: 36->36
[322.791s][info][gc,heap     ] GC(206) Archive regions: 2->2
[322.791s][info][gc,heap     ] GC(206) Humongous regions: 0->0
[322.791s][info][gc,metaspace] GC(206) Metaspace: 50649K(51536K)->50649K(51536K) NonClass: 44522K(45136K)->44522K(45136K) Class: 6126K(6400K)->6126K(6400K)
[322.791s][info][gc          ] GC(206) Pause Young (Concurrent Start) (G1 Evacuation Pause) 65M->36M(77M) 1.236ms
[322.791s][info][gc,cpu      ] GC(206) User=0.00s Sys=0.00s Real=0.00s
[322.791s][info][gc          ] GC(207) Concurrent Cycle
[322.791s][info][gc,marking  ] GC(207) Concurrent Clear Claimed Marks
[322.791s][info][gc,marking  ] GC(207) Concurrent Clear Claimed Marks 0.035ms
[322.791s][info][gc,marking  ] GC(207) Concurrent Scan Root Regions
[322.792s][info][gc,marking  ] GC(207) Concurrent Scan Root Regions 0.852ms
[322.792s][info][gc,marking  ] GC(207) Concurrent Mark (322.792s)
[322.792s][info][gc,marking  ] GC(207) Concurrent Mark From Roots
[322.792s][info][gc,task     ] GC(207) Using 2 workers of 2 for marking
[322.821s][info][gc,marking  ] GC(207) Concurrent Mark From Roots 28.888ms
[322.821s][info][gc,marking  ] GC(207) Concurrent Preclean
[322.821s][info][gc,marking  ] GC(207) Concurrent Preclean 0.052ms
[322.821s][info][gc,marking  ] GC(207) Concurrent Mark (322.792s, 322.821s) 28.994ms
[322.821s][info][gc,start    ] GC(207) Pause Remark
[322.823s][info][gc          ] GC(207) Pause Remark 42M->42M(77M) 1.098ms
[322.823s][info][gc,cpu      ] GC(207) User=0.01s Sys=0.00s Real=0.01s
[322.823s][info][gc,marking  ] GC(207) Concurrent Rebuild Remembered Sets
[322.841s][info][gc,marking  ] GC(207) Concurrent Rebuild Remembered Sets 17.740ms
[322.842s][info][gc,start    ] GC(207) Pause Cleanup
[322.842s][info][gc          ] GC(207) Pause Cleanup 45M->45M(77M) 0.091ms
[322.842s][info][gc,cpu      ] GC(207) User=0.00s Sys=0.00s Real=0.01s
[322.842s][info][gc,marking  ] GC(207) Concurrent Cleanup for Next Mark
[322.842s][info][gc,marking  ] GC(207) Concurrent Cleanup for Next Mark 0.109ms
[322.842s][info][gc          ] GC(207) Concurrent Cycle 50.414ms
[322.926s][info][gc,start    ] GC(208) Pause Young (Normal) (G1 Evacuation Pause)
[322.926s][info][gc,task     ] GC(208) Using 8 workers of 8 for evacuation
[322.926s][info][gc,phases   ] GC(208)   Pre Evacuate Collection Set: 0.0ms
[322.927s][info][gc,phases   ] GC(208)   Merge Heap Roots: 0.0ms
[322.927s][info][gc,phases   ] GC(208)   Evacuate Collection Set: 0.4ms
[322.927s][info][gc,phases   ] GC(208)   Post Evacuate Collection Set: 0.2ms
[322.927s][info][gc,phases   ] GC(208)   Other: 0.1ms
[322.927s][info][gc,heap     ] GC(208) Eden regions: 29->0(29)
[322.927s][info][gc,heap     ] GC(208) Survivor regions: 1->1(4)
[322.927s][info][gc,heap     ] GC(208) Old regions: 36->36
[322.927s][info][gc,heap     ] GC(208) Archive regions: 2->2
[322.927s][info][gc,heap     ] GC(208) Humongous regions: 0->0
[322.927s][info][gc,metaspace] GC(208) Metaspace: 50650K(51536K)->50650K(51536K) NonClass: 44523K(45136K)->44523K(45136K) Class: 6126K(6400K)->6126K(6400K)
[322.927s][info][gc          ] GC(208) Pause Young (Normal) (G1 Evacuation Pause) 65M->36M(77M) 0.899ms
[322.927s][info][gc,cpu      ] GC(208) User=0.00s Sys=0.00s Real=0.00s
[323.038s][info][gc,start    ] GC(209) Pause Young (Concurrent Start) (G1 Evacuation Pause)
[323.038s][info][gc,task     ] GC(209) Using 8 workers of 8 for evacuation
[323.039s][info][gc,phases   ] GC(209)   Pre Evacuate Collection Set: 0.1ms
[323.039s][info][gc,phases   ] GC(209)   Merge Heap Roots: 0.0ms
[323.039s][info][gc,phases   ] GC(209)   Evacuate Collection Set: 0.6ms
[323.039s][info][gc,phases   ] GC(209)   Post Evacuate Collection Set: 0.2ms
[323.039s][info][gc,phases   ] GC(209)   Other: 0.2ms
[323.039s][info][gc,heap     ] GC(209) Eden regions: 29->0(29)
[323.039s][info][gc,heap     ] GC(209) Survivor regions: 1->1(4)
[323.039s][info][gc,heap     ] GC(209) Old regions: 36->36
[323.039s][info][gc,heap     ] GC(209) Archive regions: 2->2
[323.039s][info][gc,heap     ] GC(209) Humongous regions: 0->0
[323.039s][info][gc,metaspace] GC(209) Metaspace: 50650K(51536K)->50650K(51536K) NonClass: 44523K(45136K)->44523K(45136K) Class: 6126K(6400K)->6126K(6400K)
[323.039s][info][gc          ] GC(209) Pause Young (Concurrent Start) (G1 Evacuation Pause) 65M->37M(77M) 1.227ms
[323.039s][info][gc,cpu      ] GC(209) User=0.01s Sys=0.00s Real=0.00s
[323.039s][info][gc          ] GC(210) Concurrent Cycle
[323.039s][info][gc,marking  ] GC(210) Concurrent Clear Claimed Marks
[323.040s][info][gc,marking  ] GC(210) Concurrent Clear Claimed Marks 0.035ms
[323.040s][info][gc,marking  ] GC(210) Concurrent Scan Root Regions
[323.040s][info][gc,marking  ] GC(210) Concurrent Scan Root Regions 0.782ms
[323.040s][info][gc,marking  ] GC(210) Concurrent Mark (323.040s)
[323.040s][info][gc,marking  ] GC(210) Concurrent Mark From Roots
[323.040s][info][gc,task     ] GC(210) Using 2 workers of 2 for marking
[323.069s][info][gc,marking  ] GC(210) Concurrent Mark From Roots 28.860ms
[323.069s][info][gc,marking  ] GC(210) Concurrent Preclean
[323.069s][info][gc,marking  ] GC(210) Concurrent Preclean 0.080ms
[323.069s][info][gc,marking  ] GC(210) Concurrent Mark (323.040s, 323.069s) 29.022ms
[323.069s][info][gc,start    ] GC(210) Pause Remark
[323.071s][info][gc          ] GC(210) Pause Remark 42M->42M(77M) 1.606ms
[323.071s][info][gc,cpu      ] GC(210) User=0.00s Sys=0.00s Real=0.00s
[323.071s][info][gc,marking  ] GC(210) Concurrent Rebuild Remembered Sets
[323.090s][info][gc,marking  ] GC(210) Concurrent Rebuild Remembered Sets 18.892ms
[323.091s][info][gc,start    ] GC(210) Pause Cleanup
[323.091s][info][gc          ] GC(210) Pause Cleanup 46M->46M(77M) 0.101ms
[323.091s][info][gc,cpu      ] GC(210) User=0.00s Sys=0.00s Real=0.00s
[323.091s][info][gc,marking  ] GC(210) Concurrent Cleanup for Next Mark
[323.092s][info][gc,marking  ] GC(210) Concurrent Cleanup for Next Mark 0.139ms
[323.092s][info][gc          ] GC(210) Concurrent Cycle 52.108ms
[323.172s][info][gc,start    ] GC(211) Pause Young (Normal) (G1 Evacuation Pause)
[323.172s][info][gc,task     ] GC(211) Using 8 workers of 8 for evacuation
[323.173s][info][gc,phases   ] GC(211)   Pre Evacuate Collection Set: 0.0ms
[323.173s][info][gc,phases   ] GC(211)   Merge Heap Roots: 0.0ms
[323.173s][info][gc,phases   ] GC(211)   Evacuate Collection Set: 0.4ms
[323.173s][info][gc,phases   ] GC(211)   Post Evacuate Collection Set: 0.2ms
[323.173s][info][gc,phases   ] GC(211)   Other: 0.1ms
[323.173s][info][gc,heap     ] GC(211) Eden regions: 29->0(29)
[323.173s][info][gc,heap     ] GC(211) Survivor regions: 1->1(4)
[323.173s][info][gc,heap     ] GC(211) Old regions: 36->36
[323.173s][info][gc,heap     ] GC(211) Archive regions: 2->2
[323.173s][info][gc,heap     ] GC(211) Humongous regions: 0->0
[323.173s][info][gc,metaspace] GC(211) Metaspace: 50650K(51536K)->50650K(51536K) NonClass: 44523K(45136K)->44523K(45136K) Class: 6126K(6400K)->6126K(6400K)
[323.173s][info][gc          ] GC(211) Pause Young (Normal) (G1 Evacuation Pause) 66M->36M(77M) 0.933ms
[323.173s][info][gc,cpu      ] GC(211) User=0.00s Sys=0.00s Real=0.00s
[323.293s][info][gc,start    ] GC(212) Pause Young (Concurrent Start) (G1 Evacuation Pause)
[323.293s][info][gc,task     ] GC(212) Using 8 workers of 8 for evacuation
[323.294s][info][gc,phases   ] GC(212)   Pre Evacuate Collection Set: 0.1ms
[323.294s][info][gc,phases   ] GC(212)   Merge Heap Roots: 0.0ms
[323.294s][info][gc,phases   ] GC(212)   Evacuate Collection Set: 0.6ms
[323.294s][info][gc,phases   ] GC(212)   Post Evacuate Collection Set: 0.2ms
[323.294s][info][gc,phases   ] GC(212)   Other: 0.2ms
[323.294s][info][gc,heap     ] GC(212) Eden regions: 29->0(29)
[323.294s][info][gc,heap     ] GC(212) Survivor regions: 1->1(4)
[323.294s][info][gc,heap     ] GC(212) Old regions: 36->36
[323.294s][info][gc,heap     ] GC(212) Archive regions: 2->2
[323.294s][info][gc,heap     ] GC(212) Humongous regions: 0->0
[323.294s][info][gc,metaspace] GC(212) Metaspace: 50650K(51536K)->50650K(51536K) NonClass: 44523K(45136K)->44523K(45136K) Class: 6126K(6400K)->6126K(6400K)
[323.294s][info][gc          ] GC(212) Pause Young (Concurrent Start) (G1 Evacuation Pause) 65M->36M(77M) 1.226ms
[323.295s][info][gc,cpu      ] GC(212) User=0.00s Sys=0.00s Real=0.00s
[323.295s][info][gc          ] GC(213) Concurrent Cycle
[323.295s][info][gc,marking  ] GC(213) Concurrent Clear Claimed Marks
[323.295s][info][gc,marking  ] GC(213) Concurrent Clear Claimed Marks 0.024ms
[323.295s][info][gc,marking  ] GC(213) Concurrent Scan Root Regions
[323.295s][info][gc,marking  ] GC(213) Concurrent Scan Root Regions 0.763ms
[323.295s][info][gc,marking  ] GC(213) Concurrent Mark (323.295s)
[323.295s][info][gc,marking  ] GC(213) Concurrent Mark From Roots
[323.295s][info][gc,task     ] GC(213) Using 2 workers of 2 for marking
[323.324s][info][gc,marking  ] GC(213) Concurrent Mark From Roots 28.938ms
[323.324s][info][gc,marking  ] GC(213) Concurrent Preclean
[323.324s][info][gc,marking  ] GC(213) Concurrent Preclean 0.069ms
[323.324s][info][gc,marking  ] GC(213) Concurrent Mark (323.295s, 323.324s) 29.073ms
[323.325s][info][gc,start    ] GC(213) Pause Remark
[323.326s][info][gc          ] GC(213) Pause Remark 42M->42M(77M) 1.169ms
[323.326s][info][gc,cpu      ] GC(213) User=0.01s Sys=0.00s Real=0.00s
[323.326s][info][gc,marking  ] GC(213) Concurrent Rebuild Remembered Sets
[323.344s][info][gc,marking  ] GC(213) Concurrent Rebuild Remembered Sets 18.046ms
[323.345s][info][gc,start    ] GC(213) Pause Cleanup
[323.345s][info][gc          ] GC(213) Pause Cleanup 46M->46M(77M) 0.097ms
[323.345s][info][gc,cpu      ] GC(213) User=0.00s Sys=0.00s Real=0.00s
[323.345s][info][gc,marking  ] GC(213) Concurrent Cleanup for Next Mark
[323.346s][info][gc,marking  ] GC(213) Concurrent Cleanup for Next Mark 0.117ms
[323.346s][info][gc          ] GC(213) Concurrent Cycle 51.046ms
[323.423s][info][gc,start    ] GC(214) Pause Young (Normal) (G1 Evacuation Pause)
[323.423s][info][gc,task     ] GC(214) Using 8 workers of 8 for evacuation
[323.424s][info][gc,phases   ] GC(214)   Pre Evacuate Collection Set: 0.0ms
[323.424s][info][gc,phases   ] GC(214)   Merge Heap Roots: 0.0ms
[323.424s][info][gc,phases   ] GC(214)   Evacuate Collection Set: 0.4ms
[323.424s][info][gc,phases   ] GC(214)   Post Evacuate Collection Set: 0.2ms
[323.424s][info][gc,phases   ] GC(214)   Other: 0.1ms
[323.424s][info][gc,heap     ] GC(214) Eden regions: 29->0(29)
[323.424s][info][gc,heap     ] GC(214) Survivor regions: 1->1(4)
[323.424s][info][gc,heap     ] GC(214) Old regions: 36->36
[323.424s][info][gc,heap     ] GC(214) Archive regions: 2->2
[323.424s][info][gc,heap     ] GC(214) Humongous regions: 0->0
[323.424s][info][gc,metaspace] GC(214) Metaspace: 50650K(51536K)->50650K(51536K) NonClass: 44523K(45136K)->44523K(45136K) Class: 6126K(6400K)->6126K(6400K)
[323.424s][info][gc          ] GC(214) Pause Young (Normal) (G1 Evacuation Pause) 65M->36M(77M) 0.850ms
[323.424s][info][gc,cpu      ] GC(214) User=0.00s Sys=0.00s Real=0.00s
[323.538s][info][gc,start    ] GC(215) Pause Young (Concurrent Start) (G1 Evacuation Pause)
[323.538s][info][gc,task     ] GC(215) Using 8 workers of 8 for evacuation
[323.539s][info][gc,phases   ] GC(215)   Pre Evacuate Collection Set: 0.1ms
[323.539s][info][gc,phases   ] GC(215)   Merge Heap Roots: 0.0ms
[323.539s][info][gc,phases   ] GC(215)   Evacuate Collection Set: 0.7ms
[323.539s][info][gc,phases   ] GC(215)   Post Evacuate Collection Set: 0.2ms
[323.539s][info][gc,phases   ] GC(215)   Other: 0.1ms
[323.539s][info][gc,heap     ] GC(215) Eden regions: 29->0(29)
[323.539s][info][gc,heap     ] GC(215) Survivor regions: 1->1(4)
[323.539s][info][gc,heap     ] GC(215) Old regions: 36->36
[323.539s][info][gc,heap     ] GC(215) Archive regions: 2->2
[323.539s][info][gc,heap     ] GC(215) Humongous regions: 0->0
[323.539s][info][gc,metaspace] GC(215) Metaspace: 50650K(51536K)->50650K(51536K) NonClass: 44523K(45136K)->44523K(45136K) Class: 6126K(6400K)->6126K(6400K)
[323.539s][info][gc          ] GC(215) Pause Young (Concurrent Start) (G1 Evacuation Pause) 65M->37M(77M) 1.153ms
[323.539s][info][gc,cpu      ] GC(215) User=0.01s Sys=0.00s Real=0.00s
[323.539s][info][gc          ] GC(216) Concurrent Cycle
[323.539s][info][gc,marking  ] GC(216) Concurrent Clear Claimed Marks
[323.539s][info][gc,marking  ] GC(216) Concurrent Clear Claimed Marks 0.026ms
[323.539s][info][gc,marking  ] GC(216) Concurrent Scan Root Regions
[323.540s][info][gc,marking  ] GC(216) Concurrent Scan Root Regions 1.119ms
[323.540s][info][gc,marking  ] GC(216) Concurrent Mark (323.540s)
[323.540s][info][gc,marking  ] GC(216) Concurrent Mark From Roots
[323.540s][info][gc,task     ] GC(216) Using 2 workers of 2 for marking
[323.570s][info][gc,marking  ] GC(216) Concurrent Mark From Roots 29.526ms
[323.570s][info][gc,marking  ] GC(216) Concurrent Preclean
[323.570s][info][gc,marking  ] GC(216) Concurrent Preclean 0.070ms
[323.570s][info][gc,marking  ] GC(216) Concurrent Mark (323.540s, 323.570s) 29.666ms
[323.570s][info][gc,start    ] GC(216) Pause Remark
[323.571s][info][gc          ] GC(216) Pause Remark 41M->41M(77M) 1.108ms
[323.571s][info][gc,cpu      ] GC(216) User=0.01s Sys=0.00s Real=0.00s
[323.571s][info][gc,marking  ] GC(216) Concurrent Rebuild Remembered Sets
[323.589s][info][gc,marking  ] GC(216) Concurrent Rebuild Remembered Sets 18.117ms
[323.590s][info][gc,start    ] GC(216) Pause Cleanup
[323.590s][info][gc          ] GC(216) Pause Cleanup 45M->45M(77M) 0.126ms
[323.591s][info][gc,cpu      ] GC(216) User=0.00s Sys=0.00s Real=0.00s
[323.591s][info][gc,marking  ] GC(216) Concurrent Cleanup for Next Mark
[323.591s][info][gc,marking  ] GC(216) Concurrent Cleanup for Next Mark 0.114ms
[323.591s][info][gc          ] GC(216) Concurrent Cycle 51.614ms
[323.684s][info][gc,start    ] GC(217) Pause Young (Normal) (G1 Evacuation Pause)
[323.684s][info][gc,task     ] GC(217) Using 8 workers of 8 for evacuation
[323.685s][info][gc,phases   ] GC(217)   Pre Evacuate Collection Set: 0.0ms
[323.685s][info][gc,phases   ] GC(217)   Merge Heap Roots: 0.0ms
[323.685s][info][gc,phases   ] GC(217)   Evacuate Collection Set: 0.4ms
[323.685s][info][gc,phases   ] GC(217)   Post Evacuate Collection Set: 0.2ms
[323.685s][info][gc,phases   ] GC(217)   Other: 0.1ms
[323.685s][info][gc,heap     ] GC(217) Eden regions: 29->0(29)
[323.685s][info][gc,heap     ] GC(217) Survivor regions: 1->1(4)
[323.685s][info][gc,heap     ] GC(217) Old regions: 36->36
[323.685s][info][gc,heap     ] GC(217) Archive regions: 2->2
[323.685s][info][gc,heap     ] GC(217) Humongous regions: 0->0
[323.685s][info][gc,metaspace] GC(217) Metaspace: 50650K(51536K)->50650K(51536K) NonClass: 44523K(45136K)->44523K(45136K) Class: 6126K(6400K)->6126K(6400K)
[323.685s][info][gc          ] GC(217) Pause Young (Normal) (G1 Evacuation Pause) 66M->37M(77M) 0.856ms
[323.685s][info][gc,cpu      ] GC(217) User=0.00s Sys=0.00s Real=0.00s
[323.813s][info][gc,start    ] GC(218) Pause Young (Concurrent Start) (G1 Evacuation Pause)
[323.813s][info][gc,task     ] GC(218) Using 8 workers of 8 for evacuation
[323.814s][info][gc,phases   ] GC(218)   Pre Evacuate Collection Set: 0.1ms
[323.814s][info][gc,phases   ] GC(218)   Merge Heap Roots: 0.0ms
[323.814s][info][gc,phases   ] GC(218)   Evacuate Collection Set: 0.7ms
[323.814s][info][gc,phases   ] GC(218)   Post Evacuate Collection Set: 0.2ms
[323.814s][info][gc,phases   ] GC(218)   Other: 0.1ms
[323.814s][info][gc,heap     ] GC(218) Eden regions: 29->0(29)
[323.814s][info][gc,heap     ] GC(218) Survivor regions: 1->1(4)
[323.814s][info][gc,heap     ] GC(218) Old regions: 36->36
[323.814s][info][gc,heap     ] GC(218) Archive regions: 2->2
[323.814s][info][gc,heap     ] GC(218) Humongous regions: 0->0
[323.814s][info][gc,metaspace] GC(218) Metaspace: 50650K(51536K)->50650K(51536K) NonClass: 44523K(45136K)->44523K(45136K) Class: 6126K(6400K)->6126K(6400K)
[323.814s][info][gc          ] GC(218) Pause Young (Concurrent Start) (G1 Evacuation Pause) 66M->37M(77M) 1.183ms
[323.814s][info][gc,cpu      ] GC(218) User=0.00s Sys=0.00s Real=0.00s
[323.814s][info][gc          ] GC(219) Concurrent Cycle
[323.814s][info][gc,marking  ] GC(219) Concurrent Clear Claimed Marks
[323.815s][info][gc,marking  ] GC(219) Concurrent Clear Claimed Marks 0.025ms
[323.815s][info][gc,marking  ] GC(219) Concurrent Scan Root Regions
[323.815s][info][gc,marking  ] GC(219) Concurrent Scan Root Regions 0.827ms
[323.815s][info][gc,marking  ] GC(219) Concurrent Mark (323.815s)
[323.815s][info][gc,marking  ] GC(219) Concurrent Mark From Roots
[323.815s][info][gc,task     ] GC(219) Using 2 workers of 2 for marking
[323.844s][info][gc,marking  ] GC(219) Concurrent Mark From Roots 28.975ms
[323.844s][info][gc,marking  ] GC(219) Concurrent Preclean
[323.844s][info][gc,marking  ] GC(219) Concurrent Preclean 0.049ms
[323.844s][info][gc,marking  ] GC(219) Concurrent Mark (323.815s, 323.844s) 29.077ms
[323.845s][info][gc,start    ] GC(219) Pause Remark
[323.846s][info][gc          ] GC(219) Pause Remark 42M->42M(77M) 1.188ms
[323.846s][info][gc,cpu      ] GC(219) User=0.01s Sys=0.00s Real=0.00s
[323.846s][info][gc,marking  ] GC(219) Concurrent Rebuild Remembered Sets
[323.864s][info][gc,marking  ] GC(219) Concurrent Rebuild Remembered Sets 18.113ms
[323.865s][info][gc,start    ] GC(219) Pause Cleanup
[323.865s][info][gc          ] GC(219) Pause Cleanup 46M->46M(77M) 0.085ms
[323.865s][info][gc,cpu      ] GC(219) User=0.00s Sys=0.00s Real=0.00s
[323.865s][info][gc,marking  ] GC(219) Concurrent Cleanup for Next Mark
[323.865s][info][gc,marking  ] GC(219) Concurrent Cleanup for Next Mark 0.102ms
[323.865s][info][gc          ] GC(219) Concurrent Cycle 50.720ms
[323.961s][info][gc,start    ] GC(220) Pause Young (Normal) (G1 Evacuation Pause)
[323.961s][info][gc,task     ] GC(220) Using 8 workers of 8 for evacuation
[323.961s][info][gc,phases   ] GC(220)   Pre Evacuate Collection Set: 0.0ms
[323.961s][info][gc,phases   ] GC(220)   Merge Heap Roots: 0.0ms
[323.961s][info][gc,phases   ] GC(220)   Evacuate Collection Set: 0.4ms
[323.961s][info][gc,phases   ] GC(220)   Post Evacuate Collection Set: 0.2ms
[323.961s][info][gc,phases   ] GC(220)   Other: 0.1ms
[323.961s][info][gc,heap     ] GC(220) Eden regions: 29->0(29)
[323.961s][info][gc,heap     ] GC(220) Survivor regions: 1->1(4)
[323.961s][info][gc,heap     ] GC(220) Old regions: 36->36
[323.961s][info][gc,heap     ] GC(220) Archive regions: 2->2
[323.961s][info][gc,heap     ] GC(220) Humongous regions: 0->0
[323.961s][info][gc,metaspace] GC(220) Metaspace: 50650K(51536K)->50650K(51536K) NonClass: 44523K(45136K)->44523K(45136K) Class: 6126K(6400K)->6126K(6400K)
[323.961s][info][gc          ] GC(220) Pause Young (Normal) (G1 Evacuation Pause) 66M->37M(77M) 0.777ms
[323.961s][info][gc,cpu      ] GC(220) User=0.01s Sys=0.00s Real=0.00s
[324.087s][info][gc,start    ] GC(221) Pause Young (Concurrent Start) (G1 Evacuation Pause)
[324.087s][info][gc,task     ] GC(221) Using 8 workers of 8 for evacuation
[324.088s][info][gc,phases   ] GC(221)   Pre Evacuate Collection Set: 0.1ms
[324.088s][info][gc,phases   ] GC(221)   Merge Heap Roots: 0.0ms
[324.088s][info][gc,phases   ] GC(221)   Evacuate Collection Set: 0.6ms
[324.088s][info][gc,phases   ] GC(221)   Post Evacuate Collection Set: 0.2ms
[324.088s][info][gc,phases   ] GC(221)   Other: 0.1ms
[324.088s][info][gc,heap     ] GC(221) Eden regions: 29->0(29)
[324.088s][info][gc,heap     ] GC(221) Survivor regions: 1->1(4)
[324.088s][info][gc,heap     ] GC(221) Old regions: 36->36
[324.088s][info][gc,heap     ] GC(221) Archive regions: 2->2
[324.088s][info][gc,heap     ] GC(221) Humongous regions: 0->0
[324.088s][info][gc,metaspace] GC(221) Metaspace: 50650K(51536K)->50650K(51536K) NonClass: 44523K(45136K)->44523K(45136K) Class: 6126K(6400K)->6126K(6400K)
[324.088s][info][gc          ] GC(221) Pause Young (Concurrent Start) (G1 Evacuation Pause) 66M->37M(77M) 1.069ms
[324.088s][info][gc,cpu      ] GC(221) User=0.01s Sys=0.00s Real=0.00s
[324.088s][info][gc          ] GC(222) Concurrent Cycle
[324.088s][info][gc,marking  ] GC(222) Concurrent Clear Claimed Marks
[324.088s][info][gc,marking  ] GC(222) Concurrent Clear Claimed Marks 0.024ms
[324.088s][info][gc,marking  ] GC(222) Concurrent Scan Root Regions
[324.088s][info][gc,marking  ] GC(222) Concurrent Scan Root Regions 0.639ms
[324.088s][info][gc,marking  ] GC(222) Concurrent Mark (324.088s)
[324.088s][info][gc,marking  ] GC(222) Concurrent Mark From Roots
[324.088s][info][gc,task     ] GC(222) Using 2 workers of 2 for marking
[324.114s][info][gc,marking  ] GC(222) Concurrent Mark From Roots 25.690ms
[324.114s][info][gc,marking  ] GC(222) Concurrent Preclean
[324.114s][info][gc,marking  ] GC(222) Concurrent Preclean 0.060ms
[324.114s][info][gc,marking  ] GC(222) Concurrent Mark (324.088s, 324.114s) 25.822ms
[324.114s][info][gc,start    ] GC(222) Pause Remark
[324.116s][info][gc          ] GC(222) Pause Remark 41M->41M(77M) 1.143ms
[324.116s][info][gc,cpu      ] GC(222) User=0.01s Sys=0.00s Real=0.00s
[324.116s][info][gc,marking  ] GC(222) Concurrent Rebuild Remembered Sets
[324.145s][info][gc,marking  ] GC(222) Concurrent Rebuild Remembered Sets 29.424ms
[324.146s][info][gc,start    ] GC(222) Pause Cleanup
[324.146s][info][gc          ] GC(222) Pause Cleanup 47M->47M(77M) 0.097ms
[324.146s][info][gc,cpu      ] GC(222) User=0.00s Sys=0.00s Real=0.00s
[324.146s][info][gc,marking  ] GC(222) Concurrent Cleanup for Next Mark
[324.146s][info][gc,marking  ] GC(222) Concurrent Cleanup for Next Mark 0.145ms
[324.147s][info][gc          ] GC(222) Concurrent Cycle 58.882ms
[324.209s][info][gc,start    ] GC(223) Pause Young (Normal) (G1 Evacuation Pause)
[324.209s][info][gc,task     ] GC(223) Using 8 workers of 8 for evacuation
[324.210s][info][gc,phases   ] GC(223)   Pre Evacuate Collection Set: 0.1ms
[324.210s][info][gc,phases   ] GC(223)   Merge Heap Roots: 0.0ms
[324.210s][info][gc,phases   ] GC(223)   Evacuate Collection Set: 0.4ms
[324.210s][info][gc,phases   ] GC(223)   Post Evacuate Collection Set: 0.2ms
[324.210s][info][gc,phases   ] GC(223)   Other: 0.1ms
[324.210s][info][gc,heap     ] GC(223) Eden regions: 29->0(29)
[324.210s][info][gc,heap     ] GC(223) Survivor regions: 1->1(4)
[324.210s][info][gc,heap     ] GC(223) Old regions: 36->36
[324.210s][info][gc,heap     ] GC(223) Archive regions: 2->2
[324.210s][info][gc,heap     ] GC(223) Humongous regions: 0->0
[324.210s][info][gc,metaspace] GC(223) Metaspace: 50650K(51536K)->50650K(51536K) NonClass: 44523K(45136K)->44523K(45136K) Class: 6126K(6400K)->6126K(6400K)
[324.210s][info][gc          ] GC(223) Pause Young (Normal) (G1 Evacuation Pause) 66M->37M(77M) 0.940ms
[324.210s][info][gc,cpu      ] GC(223) User=0.00s Sys=0.01s Real=0.00s
[324.310s][info][gc,start    ] GC(224) Pause Young (Concurrent Start) (G1 Evacuation Pause)
[324.310s][info][gc,task     ] GC(224) Using 8 workers of 8 for evacuation
[324.311s][info][gc,phases   ] GC(224)   Pre Evacuate Collection Set: 0.1ms
[324.311s][info][gc,phases   ] GC(224)   Merge Heap Roots: 0.0ms
[324.311s][info][gc,phases   ] GC(224)   Evacuate Collection Set: 0.6ms
[324.311s][info][gc,phases   ] GC(224)   Post Evacuate Collection Set: 0.2ms
[324.311s][info][gc,phases   ] GC(224)   Other: 0.2ms
[324.311s][info][gc,heap     ] GC(224) Eden regions: 29->0(29)
[324.311s][info][gc,heap     ] GC(224) Survivor regions: 1->1(4)
[324.311s][info][gc,heap     ] GC(224) Old regions: 36->36
[324.311s][info][gc,heap     ] GC(224) Archive regions: 2->2
[324.311s][info][gc,heap     ] GC(224) Humongous regions: 0->0
[324.311s][info][gc,metaspace] GC(224) Metaspace: 50650K(51536K)->50650K(51536K) NonClass: 44523K(45136K)->44523K(45136K) Class: 6126K(6400K)->6126K(6400K)
[324.311s][info][gc          ] GC(224) Pause Young (Concurrent Start) (G1 Evacuation Pause) 66M->37M(77M) 1.197ms
[324.311s][info][gc,cpu      ] GC(224) User=0.00s Sys=0.00s Real=0.00s
[324.311s][info][gc          ] GC(225) Concurrent Cycle
[324.311s][info][gc,marking  ] GC(225) Concurrent Clear Claimed Marks
[324.311s][info][gc,marking  ] GC(225) Concurrent Clear Claimed Marks 0.049ms
[324.311s][info][gc,marking  ] GC(225) Concurrent Scan Root Regions
[324.312s][info][gc,marking  ] GC(225) Concurrent Scan Root Regions 1.185ms
[324.312s][info][gc,marking  ] GC(225) Concurrent Mark (324.312s)
[324.312s][info][gc,marking  ] GC(225) Concurrent Mark From Roots
[324.312s][info][gc,task     ] GC(225) Using 2 workers of 2 for marking
[324.349s][info][gc,marking  ] GC(225) Concurrent Mark From Roots 37.104ms
[324.349s][info][gc,marking  ] GC(225) Concurrent Preclean
[324.349s][info][gc,marking  ] GC(225) Concurrent Preclean 0.077ms
[324.349s][info][gc,marking  ] GC(225) Concurrent Mark (324.312s, 324.349s) 37.256ms
[324.350s][info][gc,start    ] GC(225) Pause Remark
[324.351s][info][gc          ] GC(225) Pause Remark 47M->47M(84M) 1.517ms
[324.351s][info][gc,cpu      ] GC(225) User=0.00s Sys=0.00s Real=0.00s
[324.351s][info][gc,marking  ] GC(225) Concurrent Rebuild Remembered Sets
[324.371s][info][gc,marking  ] GC(225) Concurrent Rebuild Remembered Sets 20.179ms
[324.372s][info][gc,start    ] GC(225) Pause Cleanup
[324.373s][info][gc          ] GC(225) Pause Cleanup 53M->53M(84M) 0.101ms
[324.373s][info][gc,cpu      ] GC(225) User=0.00s Sys=0.00s Real=0.00s
[324.373s][info][gc,marking  ] GC(225) Concurrent Cleanup for Next Mark
[324.373s][info][gc,marking  ] GC(225) Concurrent Cleanup for Next Mark 0.186ms
[324.373s][info][gc          ] GC(225) Concurrent Cycle 61.973ms
[324.430s][info][gc,start    ] GC(226) Pause Young (Normal) (G1 Evacuation Pause)
[324.430s][info][gc,task     ] GC(226) Using 8 workers of 8 for evacuation
[324.431s][info][gc,phases   ] GC(226)   Pre Evacuate Collection Set: 0.0ms
[324.431s][info][gc,phases   ] GC(226)   Merge Heap Roots: 0.0ms
[324.431s][info][gc,phases   ] GC(226)   Evacuate Collection Set: 0.5ms
[324.431s][info][gc,phases   ] GC(226)   Post Evacuate Collection Set: 0.3ms
[324.431s][info][gc,phases   ] GC(226)   Other: 0.1ms
[324.431s][info][gc,heap     ] GC(226) Eden regions: 29->0(34)
[324.431s][info][gc,heap     ] GC(226) Survivor regions: 1->1(4)
[324.431s][info][gc,heap     ] GC(226) Old regions: 36->37
[324.432s][info][gc,heap     ] GC(226) Archive regions: 2->2
[324.432s][info][gc,heap     ] GC(226) Humongous regions: 0->0
[324.432s][info][gc,metaspace] GC(226) Metaspace: 50650K(51536K)->50650K(51536K) NonClass: 44523K(45136K)->44523K(45136K) Class: 6126K(6400K)->6126K(6400K)
[324.432s][info][gc          ] GC(226) Pause Young (Normal) (G1 Evacuation Pause) 66M->37M(84M) 1.097ms
[324.432s][info][gc,cpu      ] GC(226) User=0.00s Sys=0.00s Real=0.01s
[324.576s][info][gc,start    ] GC(227) Pause Young (Concurrent Start) (G1 Evacuation Pause)
[324.576s][info][gc,task     ] GC(227) Using 8 workers of 8 for evacuation
[324.577s][info][gc,phases   ] GC(227)   Pre Evacuate Collection Set: 0.1ms
[324.577s][info][gc,phases   ] GC(227)   Merge Heap Roots: 0.0ms
[324.577s][info][gc,phases   ] GC(227)   Evacuate Collection Set: 0.6ms
[324.577s][info][gc,phases   ] GC(227)   Post Evacuate Collection Set: 0.2ms
[324.577s][info][gc,phases   ] GC(227)   Other: 0.2ms
[324.577s][info][gc,heap     ] GC(227) Eden regions: 34->0(34)
[324.577s][info][gc,heap     ] GC(227) Survivor regions: 1->1(5)
[324.577s][info][gc,heap     ] GC(227) Old regions: 37->37
[324.577s][info][gc,heap     ] GC(227) Archive regions: 2->2
[324.577s][info][gc,heap     ] GC(227) Humongous regions: 0->0
[324.577s][info][gc,metaspace] GC(227) Metaspace: 50650K(51536K)->50650K(51536K) NonClass: 44523K(45136K)->44523K(45136K) Class: 6126K(6400K)->6126K(6400K)
[324.577s][info][gc          ] GC(227) Pause Young (Concurrent Start) (G1 Evacuation Pause) 71M->37M(84M) 1.250ms
[324.577s][info][gc,cpu      ] GC(227) User=0.01s Sys=0.00s Real=0.00s
[324.577s][info][gc          ] GC(228) Concurrent Cycle
[324.577s][info][gc,marking  ] GC(228) Concurrent Clear Claimed Marks
[324.577s][info][gc,marking  ] GC(228) Concurrent Clear Claimed Marks 0.044ms
[324.577s][info][gc,marking  ] GC(228) Concurrent Scan Root Regions
[324.578s][info][gc,marking  ] GC(228) Concurrent Scan Root Regions 1.140ms
[324.578s][info][gc,marking  ] GC(228) Concurrent Mark (324.578s)
[324.578s][info][gc,marking  ] GC(228) Concurrent Mark From Roots
[324.578s][info][gc,task     ] GC(228) Using 2 workers of 2 for marking
[324.611s][info][gc,marking  ] GC(228) Concurrent Mark From Roots 32.673ms
[324.611s][info][gc,marking  ] GC(228) Concurrent Preclean
[324.611s][info][gc,marking  ] GC(228) Concurrent Preclean 0.078ms
[324.611s][info][gc,marking  ] GC(228) Concurrent Mark (324.578s, 324.611s) 32.819ms
[324.611s][info][gc,start    ] GC(228) Pause Remark
[324.613s][info][gc          ] GC(228) Pause Remark 41M->41M(84M) 1.853ms
[324.613s][info][gc,cpu      ] GC(228) User=0.01s Sys=0.00s Real=0.01s
[324.613s][info][gc,marking  ] GC(228) Concurrent Rebuild Remembered Sets
[324.636s][info][gc,marking  ] GC(228) Concurrent Rebuild Remembered Sets 22.259ms
[324.637s][info][gc,start    ] GC(228) Pause Cleanup
[324.637s][info][gc          ] GC(228) Pause Cleanup 43M->43M(84M) 0.096ms
[324.637s][info][gc,cpu      ] GC(228) User=0.00s Sys=0.00s Real=0.00s
[324.637s][info][gc,marking  ] GC(228) Concurrent Cleanup for Next Mark
[324.637s][info][gc,marking  ] GC(228) Concurrent Cleanup for Next Mark 0.212ms
[324.637s][info][gc          ] GC(228) Concurrent Cycle 59.930ms
[324.759s][info][gc,start    ] GC(229) Pause Young (Normal) (G1 Evacuation Pause)
[324.759s][info][gc,task     ] GC(229) Using 8 workers of 8 for evacuation
[324.760s][info][gc,phases   ] GC(229)   Pre Evacuate Collection Set: 0.0ms
[324.760s][info][gc,phases   ] GC(229)   Merge Heap Roots: 0.0ms
[324.760s][info][gc,phases   ] GC(229)   Evacuate Collection Set: 0.4ms
[324.760s][info][gc,phases   ] GC(229)   Post Evacuate Collection Set: 0.2ms
[324.760s][info][gc,phases   ] GC(229)   Other: 0.1ms
[324.760s][info][gc,heap     ] GC(229) Eden regions: 34->0(34)
[324.760s][info][gc,heap     ] GC(229) Survivor regions: 1->1(5)
[324.760s][info][gc,heap     ] GC(229) Old regions: 37->37
[324.760s][info][gc,heap     ] GC(229) Archive regions: 2->2
[324.760s][info][gc,heap     ] GC(229) Humongous regions: 0->0
[324.760s][info][gc,metaspace] GC(229) Metaspace: 50650K(51536K)->50650K(51536K) NonClass: 44523K(45136K)->44523K(45136K) Class: 6126K(6400K)->6126K(6400K)
[324.760s][info][gc          ] GC(229) Pause Young (Normal) (G1 Evacuation Pause) 71M->37M(84M) 0.917ms
[324.760s][info][gc,cpu      ] GC(229) User=0.01s Sys=0.00s Real=0.00s
[324.898s][info][gc,start    ] GC(230) Pause Young (Concurrent Start) (G1 Evacuation Pause)
[324.898s][info][gc,task     ] GC(230) Using 8 workers of 8 for evacuation
[324.899s][info][gc,phases   ] GC(230)   Pre Evacuate Collection Set: 0.1ms
[324.899s][info][gc,phases   ] GC(230)   Merge Heap Roots: 0.0ms
[324.899s][info][gc,phases   ] GC(230)   Evacuate Collection Set: 0.5ms
[324.899s][info][gc,phases   ] GC(230)   Post Evacuate Collection Set: 0.2ms
[324.899s][info][gc,phases   ] GC(230)   Other: 0.1ms
[324.899s][info][gc,heap     ] GC(230) Eden regions: 34->0(34)
[324.899s][info][gc,heap     ] GC(230) Survivor regions: 1->1(5)
[324.899s][info][gc,heap     ] GC(230) Old regions: 37->37
[324.899s][info][gc,heap     ] GC(230) Archive regions: 2->2
[324.899s][info][gc,heap     ] GC(230) Humongous regions: 0->0
[324.899s][info][gc,metaspace] GC(230) Metaspace: 50654K(51536K)->50654K(51536K) NonClass: 44527K(45136K)->44527K(45136K) Class: 6126K(6400K)->6126K(6400K)
[324.899s][info][gc          ] GC(230) Pause Young (Concurrent Start) (G1 Evacuation Pause) 71M->37M(84M) 1.046ms
[324.899s][info][gc,cpu      ] GC(230) User=0.00s Sys=0.00s Real=0.00s
[324.899s][info][gc          ] GC(231) Concurrent Cycle
[324.899s][info][gc,marking  ] GC(231) Concurrent Clear Claimed Marks
[324.899s][info][gc,marking  ] GC(231) Concurrent Clear Claimed Marks 0.025ms
[324.899s][info][gc,marking  ] GC(231) Concurrent Scan Root Regions
[324.900s][info][gc,marking  ] GC(231) Concurrent Scan Root Regions 0.543ms
[324.900s][info][gc,marking  ] GC(231) Concurrent Mark (324.900s)
[324.900s][info][gc,marking  ] GC(231) Concurrent Mark From Roots
[324.900s][info][gc,task     ] GC(231) Using 2 workers of 2 for marking
[324.928s][info][gc,marking  ] GC(231) Concurrent Mark From Roots 28.379ms
[324.928s][info][gc,marking  ] GC(231) Concurrent Preclean
[324.928s][info][gc,marking  ] GC(231) Concurrent Preclean 0.064ms
[324.928s][info][gc,marking  ] GC(231) Concurrent Mark (324.900s, 324.928s) 28.505ms
[324.929s][info][gc,start    ] GC(231) Pause Remark
[324.930s][info][gc          ] GC(231) Pause Remark 43M->43M(84M) 1.178ms
[324.930s][info][gc,cpu      ] GC(231) User=0.01s Sys=0.00s Real=0.00s
[324.930s][info][gc,marking  ] GC(231) Concurrent Rebuild Remembered Sets
[324.948s][info][gc,marking  ] GC(231) Concurrent Rebuild Remembered Sets 17.838ms
[324.949s][info][gc,start    ] GC(231) Pause Cleanup
[324.949s][info][gc          ] GC(231) Pause Cleanup 47M->47M(84M) 0.128ms
[324.949s][info][gc,cpu      ] GC(231) User=0.00s Sys=0.00s Real=0.00s
[324.949s][info][gc,marking  ] GC(231) Concurrent Cleanup for Next Mark
[324.949s][info][gc,marking  ] GC(231) Concurrent Cleanup for Next Mark 0.137ms
[324.949s][info][gc          ] GC(231) Concurrent Cycle 49.837ms
[325.050s][info][gc,start    ] GC(232) Pause Young (Normal) (G1 Evacuation Pause)
[325.050s][info][gc,task     ] GC(232) Using 8 workers of 8 for evacuation
[325.051s][info][gc,phases   ] GC(232)   Pre Evacuate Collection Set: 0.0ms
[325.051s][info][gc,phases   ] GC(232)   Merge Heap Roots: 0.0ms
[325.051s][info][gc,phases   ] GC(232)   Evacuate Collection Set: 0.5ms
[325.051s][info][gc,phases   ] GC(232)   Post Evacuate Collection Set: 0.2ms
[325.051s][info][gc,phases   ] GC(232)   Other: 0.1ms
[325.051s][info][gc,heap     ] GC(232) Eden regions: 34->0(34)
[325.051s][info][gc,heap     ] GC(232) Survivor regions: 1->1(5)
[325.051s][info][gc,heap     ] GC(232) Old regions: 37->37
[325.051s][info][gc,heap     ] GC(232) Archive regions: 2->2
[325.051s][info][gc,heap     ] GC(232) Humongous regions: 0->0
[325.051s][info][gc,metaspace] GC(232) Metaspace: 50654K(51536K)->50654K(51536K) NonClass: 44527K(45136K)->44527K(45136K) Class: 6126K(6400K)->6126K(6400K)
[325.051s][info][gc          ] GC(232) Pause Young (Normal) (G1 Evacuation Pause) 71M->37M(84M) 1.000ms
[325.051s][info][gc,cpu      ] GC(232) User=0.00s Sys=0.00s Real=0.00s
[325.186s][info][gc,start    ] GC(233) Pause Young (Concurrent Start) (G1 Evacuation Pause)
[325.186s][info][gc,task     ] GC(233) Using 8 workers of 8 for evacuation
[325.187s][info][gc,phases   ] GC(233)   Pre Evacuate Collection Set: 0.1ms
[325.187s][info][gc,phases   ] GC(233)   Merge Heap Roots: 0.0ms
[325.187s][info][gc,phases   ] GC(233)   Evacuate Collection Set: 0.6ms
[325.187s][info][gc,phases   ] GC(233)   Post Evacuate Collection Set: 0.2ms
[325.187s][info][gc,phases   ] GC(233)   Other: 0.2ms
[325.187s][info][gc,heap     ] GC(233) Eden regions: 34->0(34)
[325.187s][info][gc,heap     ] GC(233) Survivor regions: 1->1(5)
[325.187s][info][gc,heap     ] GC(233) Old regions: 37->37
[325.187s][info][gc,heap     ] GC(233) Archive regions: 2->2
[325.187s][info][gc,heap     ] GC(233) Humongous regions: 0->0
[325.187s][info][gc,metaspace] GC(233) Metaspace: 50654K(51536K)->50654K(51536K) NonClass: 44527K(45136K)->44527K(45136K) Class: 6126K(6400K)->6126K(6400K)
[325.187s][info][gc          ] GC(233) Pause Young (Concurrent Start) (G1 Evacuation Pause) 71M->37M(84M) 1.189ms
[325.187s][info][gc,cpu      ] GC(233) User=0.01s Sys=0.00s Real=0.00s
[325.187s][info][gc          ] GC(234) Concurrent Cycle
[325.187s][info][gc,marking  ] GC(234) Concurrent Clear Claimed Marks
[325.187s][info][gc,marking  ] GC(234) Concurrent Clear Claimed Marks 0.041ms
[325.187s][info][gc,marking  ] GC(234) Concurrent Scan Root Regions
[325.188s][info][gc,marking  ] GC(234) Concurrent Scan Root Regions 0.661ms
[325.188s][info][gc,marking  ] GC(234) Concurrent Mark (325.188s)
[325.188s][info][gc,marking  ] GC(234) Concurrent Mark From Roots
[325.188s][info][gc,task     ] GC(234) Using 2 workers of 2 for marking
[325.217s][info][gc,marking  ] GC(234) Concurrent Mark From Roots 29.450ms
[325.217s][info][gc,marking  ] GC(234) Concurrent Preclean
[325.218s][info][gc,marking  ] GC(234) Concurrent Preclean 0.070ms
[325.218s][info][gc,marking  ] GC(234) Concurrent Mark (325.188s, 325.218s) 29.589ms
[325.218s][info][gc,start    ] GC(234) Pause Remark
[325.219s][info][gc          ] GC(234) Pause Remark 42M->42M(84M) 1.206ms
[325.219s][info][gc,cpu      ] GC(234) User=0.00s Sys=0.00s Real=0.00s
[325.219s][info][gc,marking  ] GC(234) Concurrent Rebuild Remembered Sets
[325.236s][info][gc,marking  ] GC(234) Concurrent Rebuild Remembered Sets 16.611ms
[325.237s][info][gc,start    ] GC(234) Pause Cleanup
[325.237s][info][gc          ] GC(234) Pause Cleanup 45M->45M(84M) 0.097ms
[325.237s][info][gc,cpu      ] GC(234) User=0.00s Sys=0.00s Real=0.00s
[325.237s][info][gc,marking  ] GC(234) Concurrent Cleanup for Next Mark
[325.237s][info][gc,marking  ] GC(234) Concurrent Cleanup for Next Mark 0.126ms
[325.237s][info][gc          ] GC(234) Concurrent Cycle 49.807ms
[325.350s][info][gc,start    ] GC(235) Pause Young (Normal) (G1 Evacuation Pause)
[325.350s][info][gc,task     ] GC(235) Using 8 workers of 8 for evacuation
[325.350s][info][gc,phases   ] GC(235)   Pre Evacuate Collection Set: 0.0ms
[325.350s][info][gc,phases   ] GC(235)   Merge Heap Roots: 0.0ms
[325.350s][info][gc,phases   ] GC(235)   Evacuate Collection Set: 0.4ms
[325.350s][info][gc,phases   ] GC(235)   Post Evacuate Collection Set: 0.2ms
[325.350s][info][gc,phases   ] GC(235)   Other: 0.1ms
[325.350s][info][gc,heap     ] GC(235) Eden regions: 34->0(34)
[325.350s][info][gc,heap     ] GC(235) Survivor regions: 1->1(5)
[325.350s][info][gc,heap     ] GC(235) Old regions: 37->37
[325.350s][info][gc,heap     ] GC(235) Archive regions: 2->2
[325.350s][info][gc,heap     ] GC(235) Humongous regions: 0->0
[325.350s][info][gc,metaspace] GC(235) Metaspace: 50654K(51536K)->50654K(51536K) NonClass: 44527K(45136K)->44527K(45136K) Class: 6126K(6400K)->6126K(6400K)
[325.350s][info][gc          ] GC(235) Pause Young (Normal) (G1 Evacuation Pause) 71M->37M(84M) 0.880ms
[325.350s][info][gc,cpu      ] GC(235) User=0.00s Sys=0.00s Real=0.00s
[325.485s][info][gc,start    ] GC(236) Pause Young (Concurrent Start) (G1 Evacuation Pause)
[325.485s][info][gc,task     ] GC(236) Using 8 workers of 8 for evacuation
[325.486s][info][gc,phases   ] GC(236)   Pre Evacuate Collection Set: 0.1ms
[325.486s][info][gc,phases   ] GC(236)   Merge Heap Roots: 0.0ms
[325.486s][info][gc,phases   ] GC(236)   Evacuate Collection Set: 0.6ms
[325.486s][info][gc,phases   ] GC(236)   Post Evacuate Collection Set: 0.3ms
[325.487s][info][gc,phases   ] GC(236)   Other: 0.2ms
[325.487s][info][gc,heap     ] GC(236) Eden regions: 34->0(34)
[325.487s][info][gc,heap     ] GC(236) Survivor regions: 1->1(5)
[325.487s][info][gc,heap     ] GC(236) Old regions: 37->37
[325.487s][info][gc,heap     ] GC(236) Archive regions: 2->2
[325.487s][info][gc,heap     ] GC(236) Humongous regions: 0->0
[325.487s][info][gc,metaspace] GC(236) Metaspace: 50654K(51536K)->50654K(51536K) NonClass: 44527K(45136K)->44527K(45136K) Class: 6126K(6400K)->6126K(6400K)
[325.487s][info][gc          ] GC(236) Pause Young (Concurrent Start) (G1 Evacuation Pause) 71M->37M(84M) 1.291ms
[325.487s][info][gc,cpu      ] GC(236) User=0.01s Sys=0.00s Real=0.00s
[325.487s][info][gc          ] GC(237) Concurrent Cycle
[325.487s][info][gc,marking  ] GC(237) Concurrent Clear Claimed Marks
[325.487s][info][gc,marking  ] GC(237) Concurrent Clear Claimed Marks 0.035ms
[325.487s][info][gc,marking  ] GC(237) Concurrent Scan Root Regions
[325.487s][info][gc,marking  ] GC(237) Concurrent Scan Root Regions 0.540ms
[325.487s][info][gc,marking  ] GC(237) Concurrent Mark (325.487s)
[325.487s][info][gc,marking  ] GC(237) Concurrent Mark From Roots
[325.487s][info][gc,task     ] GC(237) Using 2 workers of 2 for marking
[325.514s][info][gc,marking  ] GC(237) Concurrent Mark From Roots 26.597ms
[325.514s][info][gc,marking  ] GC(237) Concurrent Preclean
[325.514s][info][gc,marking  ] GC(237) Concurrent Preclean 0.050ms
[325.514s][info][gc,marking  ] GC(237) Concurrent Mark (325.487s, 325.514s) 26.700ms
[325.514s][info][gc,start    ] GC(237) Pause Remark
[325.515s][info][gc          ] GC(237) Pause Remark 42M->42M(84M) 1.141ms
[325.515s][info][gc,cpu      ] GC(237) User=0.01s Sys=0.01s Real=0.00s
[325.515s][info][gc,marking  ] GC(237) Concurrent Rebuild Remembered Sets
[325.534s][info][gc,marking  ] GC(237) Concurrent Rebuild Remembered Sets 19.055ms
[325.535s][info][gc,start    ] GC(237) Pause Cleanup
[325.535s][info][gc          ] GC(237) Pause Cleanup 45M->45M(84M) 0.089ms
[325.535s][info][gc,cpu      ] GC(237) User=0.00s Sys=0.00s Real=0.00s
[325.536s][info][gc,marking  ] GC(237) Concurrent Cleanup for Next Mark
[325.536s][info][gc,marking  ] GC(237) Concurrent Cleanup for Next Mark 0.184ms
[325.536s][info][gc          ] GC(237) Concurrent Cycle 49.150ms
[325.635s][info][gc,start    ] GC(238) Pause Young (Normal) (G1 Evacuation Pause)
[325.635s][info][gc,task     ] GC(238) Using 8 workers of 8 for evacuation
[325.635s][info][gc,phases   ] GC(238)   Pre Evacuate Collection Set: 0.0ms
[325.635s][info][gc,phases   ] GC(238)   Merge Heap Roots: 0.0ms
[325.635s][info][gc,phases   ] GC(238)   Evacuate Collection Set: 0.4ms
[325.635s][info][gc,phases   ] GC(238)   Post Evacuate Collection Set: 0.2ms
[325.635s][info][gc,phases   ] GC(238)   Other: 0.2ms
[325.636s][info][gc,heap     ] GC(238) Eden regions: 34->0(34)
[325.636s][info][gc,heap     ] GC(238) Survivor regions: 1->1(5)
[325.636s][info][gc,heap     ] GC(238) Old regions: 37->37
[325.636s][info][gc,heap     ] GC(238) Archive regions: 2->2
[325.636s][info][gc,heap     ] GC(238) Humongous regions: 0->0
[325.636s][info][gc,metaspace] GC(238) Metaspace: 50654K(51536K)->50654K(51536K) NonClass: 44528K(45136K)->44528K(45136K) Class: 6126K(6400K)->6126K(6400K)
[325.636s][info][gc          ] GC(238) Pause Young (Normal) (G1 Evacuation Pause) 71M->37M(84M) 0.934ms
[325.636s][info][gc,cpu      ] GC(238) User=0.01s Sys=0.00s Real=0.00s
[325.769s][info][gc,start    ] GC(239) Pause Young (Concurrent Start) (G1 Evacuation Pause)
[325.769s][info][gc,task     ] GC(239) Using 8 workers of 8 for evacuation
[325.770s][info][gc,phases   ] GC(239)   Pre Evacuate Collection Set: 0.1ms
[325.770s][info][gc,phases   ] GC(239)   Merge Heap Roots: 0.1ms
[325.770s][info][gc,phases   ] GC(239)   Evacuate Collection Set: 0.6ms
[325.770s][info][gc,phases   ] GC(239)   Post Evacuate Collection Set: 0.2ms
[325.770s][info][gc,phases   ] GC(239)   Other: 0.1ms
[325.770s][info][gc,heap     ] GC(239) Eden regions: 34->0(34)
[325.770s][info][gc,heap     ] GC(239) Survivor regions: 1->1(5)
[325.770s][info][gc,heap     ] GC(239) Old regions: 37->37
[325.770s][info][gc,heap     ] GC(239) Archive regions: 2->2
[325.770s][info][gc,heap     ] GC(239) Humongous regions: 0->0
[325.770s][info][gc,metaspace] GC(239) Metaspace: 50654K(51536K)->50654K(51536K) NonClass: 44528K(45136K)->44528K(45136K) Class: 6126K(6400K)->6126K(6400K)
[325.770s][info][gc          ] GC(239) Pause Young (Concurrent Start) (G1 Evacuation Pause) 71M->37M(84M) 1.107ms
[325.770s][info][gc,cpu      ] GC(239) User=0.01s Sys=0.00s Real=0.00s
[325.770s][info][gc          ] GC(240) Concurrent Cycle
[325.770s][info][gc,marking  ] GC(240) Concurrent Clear Claimed Marks
[325.770s][info][gc,marking  ] GC(240) Concurrent Clear Claimed Marks 0.028ms
[325.770s][info][gc,marking  ] GC(240) Concurrent Scan Root Regions
[325.771s][info][gc,marking  ] GC(240) Concurrent Scan Root Regions 0.633ms
[325.771s][info][gc,marking  ] GC(240) Concurrent Mark (325.771s)
[325.771s][info][gc,marking  ] GC(240) Concurrent Mark From Roots
[325.771s][info][gc,task     ] GC(240) Using 2 workers of 2 for marking
[325.800s][info][gc,marking  ] GC(240) Concurrent Mark From Roots 29.073ms
[325.800s][info][gc,marking  ] GC(240) Concurrent Preclean
[325.800s][info][gc,marking  ] GC(240) Concurrent Preclean 0.048ms
[325.800s][info][gc,marking  ] GC(240) Concurrent Mark (325.771s, 325.800s) 29.185ms
[325.800s][info][gc,start    ] GC(240) Pause Remark
[325.801s][info][gc          ] GC(240) Pause Remark 43M->43M(84M) 1.225ms
[325.801s][info][gc,cpu      ] GC(240) User=0.01s Sys=0.00s Real=0.00s
[325.801s][info][gc,marking  ] GC(240) Concurrent Rebuild Remembered Sets
[325.819s][info][gc,marking  ] GC(240) Concurrent Rebuild Remembered Sets 17.904ms
[325.820s][info][gc,start    ] GC(240) Pause Cleanup
[325.820s][info][gc          ] GC(240) Pause Cleanup 47M->47M(84M) 0.087ms
[325.820s][info][gc,cpu      ] GC(240) User=0.00s Sys=0.00s Real=0.00s
[325.820s][info][gc,marking  ] GC(240) Concurrent Cleanup for Next Mark
[325.820s][info][gc,marking  ] GC(240) Concurrent Cleanup for Next Mark 0.145ms
[325.820s][info][gc          ] GC(240) Concurrent Cycle 50.524ms
[325.919s][info][gc,start    ] GC(241) Pause Young (Normal) (G1 Evacuation Pause)
[325.919s][info][gc,task     ] GC(241) Using 8 workers of 8 for evacuation
[325.919s][info][gc,phases   ] GC(241)   Pre Evacuate Collection Set: 0.0ms
[325.919s][info][gc,phases   ] GC(241)   Merge Heap Roots: 0.0ms
[325.919s][info][gc,phases   ] GC(241)   Evacuate Collection Set: 0.4ms
[325.919s][info][gc,phases   ] GC(241)   Post Evacuate Collection Set: 0.2ms
[325.919s][info][gc,phases   ] GC(241)   Other: 0.2ms
[325.919s][info][gc,heap     ] GC(241) Eden regions: 34->0(34)
[325.919s][info][gc,heap     ] GC(241) Survivor regions: 1->1(5)
[325.920s][info][gc,heap     ] GC(241) Old regions: 37->37
[325.920s][info][gc,heap     ] GC(241) Archive regions: 2->2
[325.920s][info][gc,heap     ] GC(241) Humongous regions: 0->0
[325.920s][info][gc,metaspace] GC(241) Metaspace: 50655K(51536K)->50655K(51536K) NonClass: 44529K(45136K)->44529K(45136K) Class: 6126K(6400K)->6126K(6400K)
[325.920s][info][gc          ] GC(241) Pause Young (Normal) (G1 Evacuation Pause) 71M->37M(84M) 0.923ms
[325.920s][info][gc,cpu      ] GC(241) User=0.01s Sys=0.00s Real=0.00s
[326.058s][info][gc,start    ] GC(242) Pause Young (Concurrent Start) (G1 Evacuation Pause)
[326.058s][info][gc,task     ] GC(242) Using 8 workers of 8 for evacuation
[326.059s][info][gc,phases   ] GC(242)   Pre Evacuate Collection Set: 0.1ms
[326.059s][info][gc,phases   ] GC(242)   Merge Heap Roots: 0.0ms
[326.059s][info][gc,phases   ] GC(242)   Evacuate Collection Set: 0.6ms
[326.059s][info][gc,phases   ] GC(242)   Post Evacuate Collection Set: 0.2ms
[326.059s][info][gc,phases   ] GC(242)   Other: 0.1ms
[326.059s][info][gc,heap     ] GC(242) Eden regions: 34->0(34)
[326.059s][info][gc,heap     ] GC(242) Survivor regions: 1->1(5)
[326.059s][info][gc,heap     ] GC(242) Old regions: 37->37
[326.059s][info][gc,heap     ] GC(242) Archive regions: 2->2
[326.059s][info][gc,heap     ] GC(242) Humongous regions: 0->0
[326.059s][info][gc,metaspace] GC(242) Metaspace: 50655K(51536K)->50655K(51536K) NonClass: 44529K(45136K)->44529K(45136K) Class: 6126K(6400K)->6126K(6400K)
[326.059s][info][gc          ] GC(242) Pause Young (Concurrent Start) (G1 Evacuation Pause) 71M->37M(84M) 1.102ms
[326.059s][info][gc,cpu      ] GC(242) User=0.00s Sys=0.00s Real=0.00s
[326.059s][info][gc          ] GC(243) Concurrent Cycle
[326.059s][info][gc,marking  ] GC(243) Concurrent Clear Claimed Marks
[326.059s][info][gc,marking  ] GC(243) Concurrent Clear Claimed Marks 0.034ms
[326.059s][info][gc,marking  ] GC(243) Concurrent Scan Root Regions
[326.060s][info][gc,marking  ] GC(243) Concurrent Scan Root Regions 1.009ms
[326.060s][info][gc,marking  ] GC(243) Concurrent Mark (326.060s)
[326.060s][info][gc,marking  ] GC(243) Concurrent Mark From Roots
[326.060s][info][gc,task     ] GC(243) Using 2 workers of 2 for marking
[326.089s][info][gc,marking  ] GC(243) Concurrent Mark From Roots 29.176ms
[326.089s][info][gc,marking  ] GC(243) Concurrent Preclean
[326.089s][info][gc,marking  ] GC(243) Concurrent Preclean 0.051ms
[326.089s][info][gc,marking  ] GC(243) Concurrent Mark (326.060s, 326.089s) 29.281ms
[326.090s][info][gc,start    ] GC(243) Pause Remark
[326.091s][info][gc          ] GC(243) Pause Remark 43M->43M(84M) 1.129ms
[326.091s][info][gc,cpu      ] GC(243) User=0.01s Sys=0.00s Real=0.00s
[326.091s][info][gc,marking  ] GC(243) Concurrent Rebuild Remembered Sets
[326.111s][info][gc,marking  ] GC(243) Concurrent Rebuild Remembered Sets 19.797ms
[326.112s][info][gc,start    ] GC(243) Pause Cleanup
[326.112s][info][gc          ] GC(243) Pause Cleanup 47M->47M(84M) 0.136ms
[326.112s][info][gc,cpu      ] GC(243) User=0.00s Sys=0.00s Real=0.00s
[326.112s][info][gc,marking  ] GC(243) Concurrent Cleanup for Next Mark
[326.112s][info][gc,marking  ] GC(243) Concurrent Cleanup for Next Mark 0.109ms
[326.112s][info][gc          ] GC(243) Concurrent Cycle 53.008ms
[326.201s][info][gc,start    ] GC(244) Pause Young (Normal) (G1 Evacuation Pause)
[326.201s][info][gc,task     ] GC(244) Using 8 workers of 8 for evacuation
[326.202s][info][gc,phases   ] GC(244)   Pre Evacuate Collection Set: 0.0ms
[326.202s][info][gc,phases   ] GC(244)   Merge Heap Roots: 0.0ms
[326.202s][info][gc,phases   ] GC(244)   Evacuate Collection Set: 0.5ms
[326.202s][info][gc,phases   ] GC(244)   Post Evacuate Collection Set: 0.2ms
[326.202s][info][gc,phases   ] GC(244)   Other: 0.1ms
[326.202s][info][gc,heap     ] GC(244) Eden regions: 34->0(34)
[326.202s][info][gc,heap     ] GC(244) Survivor regions: 1->1(5)
[326.202s][info][gc,heap     ] GC(244) Old regions: 37->37
[326.202s][info][gc,heap     ] GC(244) Archive regions: 2->2
[326.202s][info][gc,heap     ] GC(244) Humongous regions: 0->0
[326.202s][info][gc,metaspace] GC(244) Metaspace: 50655K(51536K)->50655K(51536K) NonClass: 44529K(45136K)->44529K(45136K) Class: 6126K(6400K)->6126K(6400K)
[326.202s][info][gc          ] GC(244) Pause Young (Normal) (G1 Evacuation Pause) 71M->37M(84M) 0.944ms
[326.202s][info][gc,cpu      ] GC(244) User=0.01s Sys=0.00s Real=0.01s
[326.337s][info][gc,start    ] GC(245) Pause Young (Concurrent Start) (G1 Evacuation Pause)
[326.337s][info][gc,task     ] GC(245) Using 8 workers of 8 for evacuation
[326.339s][info][gc,phases   ] GC(245)   Pre Evacuate Collection Set: 0.1ms
[326.339s][info][gc,phases   ] GC(245)   Merge Heap Roots: 0.0ms
[326.339s][info][gc,phases   ] GC(245)   Evacuate Collection Set: 0.8ms
[326.339s][info][gc,phases   ] GC(245)   Post Evacuate Collection Set: 0.2ms
[326.339s][info][gc,phases   ] GC(245)   Other: 0.2ms
[326.339s][info][gc,heap     ] GC(245) Eden regions: 34->0(34)
[326.339s][info][gc,heap     ] GC(245) Survivor regions: 1->1(5)
[326.339s][info][gc,heap     ] GC(245) Old regions: 37->37
[326.339s][info][gc,heap     ] GC(245) Archive regions: 2->2
[326.339s][info][gc,heap     ] GC(245) Humongous regions: 0->0
[326.339s][info][gc,metaspace] GC(245) Metaspace: 50655K(51536K)->50655K(51536K) NonClass: 44529K(45136K)->44529K(45136K) Class: 6126K(6400K)->6126K(6400K)
[326.339s][info][gc          ] GC(245) Pause Young (Concurrent Start) (G1 Evacuation Pause) 71M->37M(84M) 1.440ms
[326.339s][info][gc,cpu      ] GC(245) User=0.00s Sys=0.00s Real=0.00s
[326.339s][info][gc          ] GC(246) Concurrent Cycle
[326.339s][info][gc,marking  ] GC(246) Concurrent Clear Claimed Marks
[326.339s][info][gc,marking  ] GC(246) Concurrent Clear Claimed Marks 0.037ms
[326.339s][info][gc,marking  ] GC(246) Concurrent Scan Root Regions
[326.340s][info][gc,marking  ] GC(246) Concurrent Scan Root Regions 0.777ms
[326.340s][info][gc,marking  ] GC(246) Concurrent Mark (326.340s)
[326.340s][info][gc,marking  ] GC(246) Concurrent Mark From Roots
[326.340s][info][gc,task     ] GC(246) Using 2 workers of 2 for marking
[326.371s][info][gc,marking  ] GC(246) Concurrent Mark From Roots 30.800ms
[326.371s][info][gc,marking  ] GC(246) Concurrent Preclean
[326.371s][info][gc,marking  ] GC(246) Concurrent Preclean 0.067ms
[326.371s][info][gc,marking  ] GC(246) Concurrent Mark (326.340s, 326.371s) 30.935ms
[326.371s][info][gc,start    ] GC(246) Pause Remark
[326.372s][info][gc          ] GC(246) Pause Remark 43M->43M(84M) 1.213ms
[326.372s][info][gc,cpu      ] GC(246) User=0.01s Sys=0.00s Real=0.01s
[326.372s][info][gc,marking  ] GC(246) Concurrent Rebuild Remembered Sets
[326.391s][info][gc,marking  ] GC(246) Concurrent Rebuild Remembered Sets 19.018ms
[326.392s][info][gc,start    ] GC(246) Pause Cleanup
[326.392s][info][gc          ] GC(246) Pause Cleanup 46M->46M(84M) 0.091ms
[326.392s][info][gc,cpu      ] GC(246) User=0.00s Sys=0.00s Real=0.00s
[326.392s][info][gc,marking  ] GC(246) Concurrent Cleanup for Next Mark
[326.393s][info][gc,marking  ] GC(246) Concurrent Cleanup for Next Mark 0.120ms
[326.393s][info][gc          ] GC(246) Concurrent Cycle 53.714ms
[326.500s][info][gc,start    ] GC(247) Pause Young (Normal) (G1 Evacuation Pause)
[326.500s][info][gc,task     ] GC(247) Using 8 workers of 8 for evacuation
[326.501s][info][gc,phases   ] GC(247)   Pre Evacuate Collection Set: 0.0ms
[326.501s][info][gc,phases   ] GC(247)   Merge Heap Roots: 0.0ms
[326.501s][info][gc,phases   ] GC(247)   Evacuate Collection Set: 0.4ms
[326.501s][info][gc,phases   ] GC(247)   Post Evacuate Collection Set: 0.2ms
[326.501s][info][gc,phases   ] GC(247)   Other: 0.1ms
[326.501s][info][gc,heap     ] GC(247) Eden regions: 34->0(34)
[326.501s][info][gc,heap     ] GC(247) Survivor regions: 1->1(5)
[326.501s][info][gc,heap     ] GC(247) Old regions: 37->37
[326.501s][info][gc,heap     ] GC(247) Archive regions: 2->2
[326.501s][info][gc,heap     ] GC(247) Humongous regions: 0->0
[326.501s][info][gc,metaspace] GC(247) Metaspace: 50655K(51536K)->50655K(51536K) NonClass: 44529K(45136K)->44529K(45136K) Class: 6126K(6400K)->6126K(6400K)
[326.501s][info][gc          ] GC(247) Pause Young (Normal) (G1 Evacuation Pause) 71M->37M(84M) 0.897ms
[326.501s][info][gc,cpu      ] GC(247) User=0.01s Sys=0.00s Real=0.00s
[326.631s][info][gc,start    ] GC(248) Pause Young (Concurrent Start) (G1 Evacuation Pause)
[326.632s][info][gc,task     ] GC(248) Using 8 workers of 8 for evacuation
[326.633s][info][gc,phases   ] GC(248)   Pre Evacuate Collection Set: 0.1ms
[326.633s][info][gc,phases   ] GC(248)   Merge Heap Roots: 0.0ms
[326.633s][info][gc,phases   ] GC(248)   Evacuate Collection Set: 0.7ms
[326.633s][info][gc,phases   ] GC(248)   Post Evacuate Collection Set: 0.2ms
[326.633s][info][gc,phases   ] GC(248)   Other: 0.1ms
[326.633s][info][gc,heap     ] GC(248) Eden regions: 34->0(34)
[326.633s][info][gc,heap     ] GC(248) Survivor regions: 1->1(5)
[326.633s][info][gc,heap     ] GC(248) Old regions: 37->37
[326.633s][info][gc,heap     ] GC(248) Archive regions: 2->2
[326.633s][info][gc,heap     ] GC(248) Humongous regions: 0->0
[326.633s][info][gc,metaspace] GC(248) Metaspace: 50660K(51536K)->50660K(51536K) NonClass: 44533K(45136K)->44533K(45136K) Class: 6126K(6400K)->6126K(6400K)
[326.633s][info][gc          ] GC(248) Pause Young (Concurrent Start) (G1 Evacuation Pause) 71M->37M(84M) 1.177ms
[326.633s][info][gc,cpu      ] GC(248) User=0.00s Sys=0.00s Real=0.01s
[326.633s][info][gc          ] GC(249) Concurrent Cycle
[326.633s][info][gc,marking  ] GC(249) Concurrent Clear Claimed Marks
[326.633s][info][gc,marking  ] GC(249) Concurrent Clear Claimed Marks 0.031ms
[326.633s][info][gc,marking  ] GC(249) Concurrent Scan Root Regions
[326.633s][info][gc,marking  ] GC(249) Concurrent Scan Root Regions 0.657ms
[326.633s][info][gc,marking  ] GC(249) Concurrent Mark (326.633s)
[326.633s][info][gc,marking  ] GC(249) Concurrent Mark From Roots
[326.633s][info][gc,task     ] GC(249) Using 2 workers of 2 for marking
[326.663s][info][gc,marking  ] GC(249) Concurrent Mark From Roots 29.254ms
[326.663s][info][gc,marking  ] GC(249) Concurrent Preclean
[326.663s][info][gc,marking  ] GC(249) Concurrent Preclean 0.073ms
[326.663s][info][gc,marking  ] GC(249) Concurrent Mark (326.633s, 326.663s) 29.398ms
[326.663s][info][gc,start    ] GC(249) Pause Remark
[326.664s][info][gc          ] GC(249) Pause Remark 43M->43M(84M) 1.289ms
[326.664s][info][gc,cpu      ] GC(249) User=0.01s Sys=0.00s Real=0.00s
[326.664s][info][gc,marking  ] GC(249) Concurrent Rebuild Remembered Sets
[326.685s][info][gc,marking  ] GC(249) Concurrent Rebuild Remembered Sets 20.715ms
[326.686s][info][gc,start    ] GC(249) Pause Cleanup
[326.686s][info][gc          ] GC(249) Pause Cleanup 46M->46M(84M) 0.090ms
[326.686s][info][gc,cpu      ] GC(249) User=0.00s Sys=0.00s Real=0.00s
[326.686s][info][gc,marking  ] GC(249) Concurrent Cleanup for Next Mark
[326.686s][info][gc,marking  ] GC(249) Concurrent Cleanup for Next Mark 0.153ms
[326.687s][info][gc          ] GC(249) Concurrent Cycle 53.801ms
[326.795s][info][gc,start    ] GC(250) Pause Young (Normal) (G1 Evacuation Pause)
[326.795s][info][gc,task     ] GC(250) Using 8 workers of 8 for evacuation
[326.796s][info][gc,phases   ] GC(250)   Pre Evacuate Collection Set: 0.1ms
[326.796s][info][gc,phases   ] GC(250)   Merge Heap Roots: 0.0ms
[326.796s][info][gc,phases   ] GC(250)   Evacuate Collection Set: 0.4ms
[326.796s][info][gc,phases   ] GC(250)   Post Evacuate Collection Set: 0.2ms
[326.796s][info][gc,phases   ] GC(250)   Other: 0.2ms
[326.796s][info][gc,heap     ] GC(250) Eden regions: 34->0(34)
[326.796s][info][gc,heap     ] GC(250) Survivor regions: 1->1(5)
[326.796s][info][gc,heap     ] GC(250) Old regions: 37->37
[326.796s][info][gc,heap     ] GC(250) Archive regions: 2->2
[326.796s][info][gc,heap     ] GC(250) Humongous regions: 0->0
[326.796s][info][gc,metaspace] GC(250) Metaspace: 50661K(51536K)->50661K(51536K) NonClass: 44534K(45136K)->44534K(45136K) Class: 6126K(6400K)->6126K(6400K)
[326.796s][info][gc          ] GC(250) Pause Young (Normal) (G1 Evacuation Pause) 71M->37M(84M) 0.913ms
[326.796s][info][gc,cpu      ] GC(250) User=0.00s Sys=0.00s Real=0.00s
[326.947s][info][gc,start    ] GC(251) Pause Young (Concurrent Start) (G1 Evacuation Pause)
[326.947s][info][gc,task     ] GC(251) Using 8 workers of 8 for evacuation
[326.948s][info][gc,phases   ] GC(251)   Pre Evacuate Collection Set: 0.1ms
[326.948s][info][gc,phases   ] GC(251)   Merge Heap Roots: 0.0ms
[326.948s][info][gc,phases   ] GC(251)   Evacuate Collection Set: 0.7ms
[326.948s][info][gc,phases   ] GC(251)   Post Evacuate Collection Set: 0.2ms
[326.948s][info][gc,phases   ] GC(251)   Other: 0.2ms
[326.948s][info][gc,heap     ] GC(251) Eden regions: 34->0(34)
[326.948s][info][gc,heap     ] GC(251) Survivor regions: 1->1(5)
[326.948s][info][gc,heap     ] GC(251) Old regions: 37->37
[326.948s][info][gc,heap     ] GC(251) Archive regions: 2->2
[326.948s][info][gc,heap     ] GC(251) Humongous regions: 0->0
[326.948s][info][gc,metaspace] GC(251) Metaspace: 50662K(51536K)->50662K(51536K) NonClass: 44535K(45136K)->44535K(45136K) Class: 6126K(6400K)->6126K(6400K)
[326.948s][info][gc          ] GC(251) Pause Young (Concurrent Start) (G1 Evacuation Pause) 71M->37M(84M) 1.312ms
[326.948s][info][gc,cpu      ] GC(251) User=0.00s Sys=0.00s Real=0.00s
[326.948s][info][gc          ] GC(252) Concurrent Cycle
[326.948s][info][gc,marking  ] GC(252) Concurrent Clear Claimed Marks
[326.948s][info][gc,marking  ] GC(252) Concurrent Clear Claimed Marks 0.045ms
[326.948s][info][gc,marking  ] GC(252) Concurrent Scan Root Regions
[326.949s][info][gc,marking  ] GC(252) Concurrent Scan Root Regions 0.585ms
[326.949s][info][gc,marking  ] GC(252) Concurrent Mark (326.949s)
[326.949s][info][gc,marking  ] GC(252) Concurrent Mark From Roots
[326.949s][info][gc,task     ] GC(252) Using 2 workers of 2 for marking
[326.980s][info][gc,marking  ] GC(252) Concurrent Mark From Roots 31.144ms
[326.980s][info][gc,marking  ] GC(252) Concurrent Preclean
[326.980s][info][gc,marking  ] GC(252) Concurrent Preclean 0.074ms
[326.980s][info][gc,marking  ] GC(252) Concurrent Mark (326.949s, 326.980s) 31.285ms
[326.980s][info][gc,start    ] GC(252) Pause Remark
[326.982s][info][gc          ] GC(252) Pause Remark 43M->43M(84M) 1.151ms
[326.982s][info][gc,cpu      ] GC(252) User=0.01s Sys=0.00s Real=0.01s
[326.982s][info][gc,marking  ] GC(252) Concurrent Rebuild Remembered Sets
[327.000s][info][gc,marking  ] GC(252) Concurrent Rebuild Remembered Sets 18.194ms
[327.001s][info][gc,start    ] GC(252) Pause Cleanup
[327.001s][info][gc          ] GC(252) Pause Cleanup 46M->46M(84M) 0.102ms
[327.001s][info][gc,cpu      ] GC(252) User=0.00s Sys=0.00s Real=0.00s
[327.001s][info][gc,marking  ] GC(252) Concurrent Cleanup for Next Mark
[327.001s][info][gc,marking  ] GC(252) Concurrent Cleanup for Next Mark 0.146ms
[327.001s][info][gc          ] GC(252) Concurrent Cycle 53.011ms
[327.100s][info][gc,start    ] GC(253) Pause Young (Normal) (G1 Evacuation Pause)
[327.100s][info][gc,task     ] GC(253) Using 8 workers of 8 for evacuation
[327.101s][info][gc,phases   ] GC(253)   Pre Evacuate Collection Set: 0.0ms
[327.101s][info][gc,phases   ] GC(253)   Merge Heap Roots: 0.0ms
[327.101s][info][gc,phases   ] GC(253)   Evacuate Collection Set: 0.3ms
[327.101s][info][gc,phases   ] GC(253)   Post Evacuate Collection Set: 0.2ms
[327.101s][info][gc,phases   ] GC(253)   Other: 0.2ms
[327.101s][info][gc,heap     ] GC(253) Eden regions: 34->0(34)
[327.101s][info][gc,heap     ] GC(253) Survivor regions: 1->1(5)
[327.101s][info][gc,heap     ] GC(253) Old regions: 37->37
[327.101s][info][gc,heap     ] GC(253) Archive regions: 2->2
[327.101s][info][gc,heap     ] GC(253) Humongous regions: 0->0
[327.101s][info][gc,metaspace] GC(253) Metaspace: 50662K(51536K)->50662K(51536K) NonClass: 44535K(45136K)->44535K(45136K) Class: 6126K(6400K)->6126K(6400K)
[327.101s][info][gc          ] GC(253) Pause Young (Normal) (G1 Evacuation Pause) 71M->37M(84M) 0.896ms
[327.101s][info][gc,cpu      ] GC(253) User=0.00s Sys=0.00s Real=0.00s
[327.236s][info][gc,start    ] GC(254) Pause Young (Concurrent Start) (G1 Evacuation Pause)
[327.236s][info][gc,task     ] GC(254) Using 8 workers of 8 for evacuation
[327.237s][info][gc,phases   ] GC(254)   Pre Evacuate Collection Set: 0.1ms
[327.237s][info][gc,phases   ] GC(254)   Merge Heap Roots: 0.0ms
[327.237s][info][gc,phases   ] GC(254)   Evacuate Collection Set: 0.6ms
[327.237s][info][gc,phases   ] GC(254)   Post Evacuate Collection Set: 0.2ms
[327.237s][info][gc,phases   ] GC(254)   Other: 0.1ms
[327.238s][info][gc,heap     ] GC(254) Eden regions: 34->0(34)
[327.238s][info][gc,heap     ] GC(254) Survivor regions: 1->1(5)
[327.238s][info][gc,heap     ] GC(254) Old regions: 37->37
[327.238s][info][gc,heap     ] GC(254) Archive regions: 2->2
[327.238s][info][gc,heap     ] GC(254) Humongous regions: 0->0
[327.238s][info][gc,metaspace] GC(254) Metaspace: 50662K(51536K)->50662K(51536K) NonClass: 44535K(45136K)->44535K(45136K) Class: 6126K(6400K)->6126K(6400K)
[327.238s][info][gc          ] GC(254) Pause Young (Concurrent Start) (G1 Evacuation Pause) 71M->37M(84M) 1.150ms
[327.238s][info][gc,cpu      ] GC(254) User=0.01s Sys=0.00s Real=0.00s
[327.238s][info][gc          ] GC(255) Concurrent Cycle
[327.238s][info][gc,marking  ] GC(255) Concurrent Clear Claimed Marks
[327.238s][info][gc,marking  ] GC(255) Concurrent Clear Claimed Marks 0.024ms
[327.238s][info][gc,marking  ] GC(255) Concurrent Scan Root Regions
[327.238s][info][gc,marking  ] GC(255) Concurrent Scan Root Regions 0.587ms
[327.238s][info][gc,marking  ] GC(255) Concurrent Mark (327.238s)
[327.238s][info][gc,marking  ] GC(255) Concurrent Mark From Roots
[327.238s][info][gc,task     ] GC(255) Using 2 workers of 2 for marking
[327.269s][info][gc,marking  ] GC(255) Concurrent Mark From Roots 31.153ms
[327.269s][info][gc,marking  ] GC(255) Concurrent Preclean
[327.269s][info][gc,marking  ] GC(255) Concurrent Preclean 0.055ms
[327.270s][info][gc,marking  ] GC(255) Concurrent Mark (327.238s, 327.270s) 31.262ms
[327.270s][info][gc,start    ] GC(255) Pause Remark
[327.271s][info][gc          ] GC(255) Pause Remark 44M->44M(84M) 1.370ms
[327.271s][info][gc,cpu      ] GC(255) User=0.00s Sys=0.00s Real=0.00s
[327.271s][info][gc,marking  ] GC(255) Concurrent Rebuild Remembered Sets
[327.288s][info][gc,marking  ] GC(255) Concurrent Rebuild Remembered Sets 17.047ms
[327.289s][info][gc,start    ] GC(255) Pause Cleanup
[327.289s][info][gc          ] GC(255) Pause Cleanup 47M->47M(84M) 0.130ms
[327.289s][info][gc,cpu      ] GC(255) User=0.00s Sys=0.00s Real=0.00s
[327.289s][info][gc,marking  ] GC(255) Concurrent Cleanup for Next Mark
[327.289s][info][gc,marking  ] GC(255) Concurrent Cleanup for Next Mark 0.154ms
[327.290s][info][gc          ] GC(255) Concurrent Cycle 51.909ms
[327.379s][info][gc,start    ] GC(256) Pause Young (Normal) (G1 Evacuation Pause)
[327.379s][info][gc,task     ] GC(256) Using 8 workers of 8 for evacuation
[327.380s][info][gc,phases   ] GC(256)   Pre Evacuate Collection Set: 0.0ms
[327.380s][info][gc,phases   ] GC(256)   Merge Heap Roots: 0.0ms
[327.380s][info][gc,phases   ] GC(256)   Evacuate Collection Set: 0.4ms
[327.380s][info][gc,phases   ] GC(256)   Post Evacuate Collection Set: 0.3ms
[327.380s][info][gc,phases   ] GC(256)   Other: 0.2ms
[327.380s][info][gc,heap     ] GC(256) Eden regions: 34->0(34)
[327.380s][info][gc,heap     ] GC(256) Survivor regions: 1->1(5)
[327.380s][info][gc,heap     ] GC(256) Old regions: 37->37
[327.380s][info][gc,heap     ] GC(256) Archive regions: 2->2
[327.380s][info][gc,heap     ] GC(256) Humongous regions: 0->0
[327.380s][info][gc,metaspace] GC(256) Metaspace: 50662K(51536K)->50662K(51536K) NonClass: 44535K(45136K)->44535K(45136K) Class: 6126K(6400K)->6126K(6400K)
[327.380s][info][gc          ] GC(256) Pause Young (Normal) (G1 Evacuation Pause) 71M->37M(84M) 1.037ms
[327.380s][info][gc,cpu      ] GC(256) User=0.01s Sys=0.00s Real=0.00s
[327.523s][info][gc,start    ] GC(257) Pause Young (Concurrent Start) (G1 Evacuation Pause)
[327.523s][info][gc,task     ] GC(257) Using 8 workers of 8 for evacuation
[327.524s][info][gc,phases   ] GC(257)   Pre Evacuate Collection Set: 0.1ms
[327.524s][info][gc,phases   ] GC(257)   Merge Heap Roots: 0.0ms
[327.524s][info][gc,phases   ] GC(257)   Evacuate Collection Set: 0.7ms
[327.524s][info][gc,phases   ] GC(257)   Post Evacuate Collection Set: 0.2ms
[327.525s][info][gc,phases   ] GC(257)   Other: 0.2ms
[327.525s][info][gc,heap     ] GC(257) Eden regions: 34->0(34)
[327.525s][info][gc,heap     ] GC(257) Survivor regions: 1->1(5)
[327.525s][info][gc,heap     ] GC(257) Old regions: 37->37
[327.525s][info][gc,heap     ] GC(257) Archive regions: 2->2
[327.525s][info][gc,heap     ] GC(257) Humongous regions: 0->0
[327.525s][info][gc,metaspace] GC(257) Metaspace: 50666K(51536K)->50666K(51536K) NonClass: 44539K(45136K)->44539K(45136K) Class: 6126K(6400K)->6126K(6400K)
[327.525s][info][gc          ] GC(257) Pause Young (Concurrent Start) (G1 Evacuation Pause) 71M->37M(84M) 1.239ms
[327.525s][info][gc,cpu      ] GC(257) User=0.01s Sys=0.00s Real=0.00s
[327.525s][info][gc          ] GC(258) Concurrent Cycle
[327.525s][info][gc,marking  ] GC(258) Concurrent Clear Claimed Marks
[327.525s][info][gc,marking  ] GC(258) Concurrent Clear Claimed Marks 0.038ms
[327.525s][info][gc,marking  ] GC(258) Concurrent Scan Root Regions
[327.525s][info][gc,marking  ] GC(258) Concurrent Scan Root Regions 0.491ms
[327.525s][info][gc,marking  ] GC(258) Concurrent Mark (327.525s)
[327.525s][info][gc,marking  ] GC(258) Concurrent Mark From Roots
[327.525s][info][gc,task     ] GC(258) Using 2 workers of 2 for marking
[327.554s][info][gc,marking  ] GC(258) Concurrent Mark From Roots 28.506ms
[327.554s][info][gc,marking  ] GC(258) Concurrent Preclean
[327.554s][info][gc,marking  ] GC(258) Concurrent Preclean 0.077ms
[327.554s][info][gc,marking  ] GC(258) Concurrent Mark (327.525s, 327.554s) 28.654ms
[327.554s][info][gc,start    ] GC(258) Pause Remark
[327.555s][info][gc          ] GC(258) Pause Remark 43M->43M(84M) 1.185ms
[327.555s][info][gc,cpu      ] GC(258) User=0.00s Sys=0.00s Real=0.00s
[327.555s][info][gc,marking  ] GC(258) Concurrent Rebuild Remembered Sets
[327.572s][info][gc,marking  ] GC(258) Concurrent Rebuild Remembered Sets 17.186ms
[327.573s][info][gc,start    ] GC(258) Pause Cleanup
[327.573s][info][gc          ] GC(258) Pause Cleanup 46M->46M(84M) 0.090ms
[327.573s][info][gc,cpu      ] GC(258) User=0.00s Sys=0.00s Real=0.00s
[327.574s][info][gc,marking  ] GC(258) Concurrent Cleanup for Next Mark
[327.574s][info][gc,marking  ] GC(258) Concurrent Cleanup for Next Mark 0.159ms
[327.574s][info][gc          ] GC(258) Concurrent Cycle 49.134ms
[327.671s][info][gc,start    ] GC(259) Pause Young (Normal) (G1 Evacuation Pause)
[327.671s][info][gc,task     ] GC(259) Using 8 workers of 8 for evacuation
[327.672s][info][gc,phases   ] GC(259)   Pre Evacuate Collection Set: 0.0ms
[327.672s][info][gc,phases   ] GC(259)   Merge Heap Roots: 0.0ms
[327.672s][info][gc,phases   ] GC(259)   Evacuate Collection Set: 0.4ms
[327.672s][info][gc,phases   ] GC(259)   Post Evacuate Collection Set: 0.2ms
[327.672s][info][gc,phases   ] GC(259)   Other: 0.1ms
[327.672s][info][gc,heap     ] GC(259) Eden regions: 34->0(34)
[327.672s][info][gc,heap     ] GC(259) Survivor regions: 1->1(5)
[327.672s][info][gc,heap     ] GC(259) Old regions: 37->37
[327.672s][info][gc,heap     ] GC(259) Archive regions: 2->2
[327.672s][info][gc,heap     ] GC(259) Humongous regions: 0->0
[327.672s][info][gc,metaspace] GC(259) Metaspace: 50666K(51536K)->50666K(51536K) NonClass: 44539K(45136K)->44539K(45136K) Class: 6126K(6400K)->6126K(6400K)
[327.672s][info][gc          ] GC(259) Pause Young (Normal) (G1 Evacuation Pause) 71M->37M(84M) 0.875ms
[327.672s][info][gc,cpu      ] GC(259) User=0.01s Sys=0.00s Real=0.01s
[327.809s][info][gc,start    ] GC(260) Pause Young (Concurrent Start) (G1 Evacuation Pause)
[327.809s][info][gc,task     ] GC(260) Using 8 workers of 8 for evacuation
[327.810s][info][gc,phases   ] GC(260)   Pre Evacuate Collection Set: 0.1ms
[327.810s][info][gc,phases   ] GC(260)   Merge Heap Roots: 0.0ms
[327.810s][info][gc,phases   ] GC(260)   Evacuate Collection Set: 0.6ms
[327.810s][info][gc,phases   ] GC(260)   Post Evacuate Collection Set: 0.2ms
[327.810s][info][gc,phases   ] GC(260)   Other: 0.1ms
[327.810s][info][gc,heap     ] GC(260) Eden regions: 34->0(34)
[327.810s][info][gc,heap     ] GC(260) Survivor regions: 1->1(5)
[327.810s][info][gc,heap     ] GC(260) Old regions: 37->37
[327.810s][info][gc,heap     ] GC(260) Archive regions: 2->2
[327.810s][info][gc,heap     ] GC(260) Humongous regions: 0->0
[327.810s][info][gc,metaspace] GC(260) Metaspace: 50667K(51536K)->50667K(51536K) NonClass: 44540K(45136K)->44540K(45136K) Class: 6126K(6400K)->6126K(6400K)
[327.810s][info][gc          ] GC(260) Pause Young (Concurrent Start) (G1 Evacuation Pause) 71M->37M(84M) 1.087ms
[327.810s][info][gc,cpu      ] GC(260) User=0.01s Sys=0.00s Real=0.00s
[327.810s][info][gc          ] GC(261) Concurrent Cycle
[327.810s][info][gc,marking  ] GC(261) Concurrent Clear Claimed Marks
[327.810s][info][gc,marking  ] GC(261) Concurrent Clear Claimed Marks 0.023ms
[327.810s][info][gc,marking  ] GC(261) Concurrent Scan Root Regions
[327.811s][info][gc,marking  ] GC(261) Concurrent Scan Root Regions 0.929ms
[327.811s][info][gc,marking  ] GC(261) Concurrent Mark (327.811s)
[327.811s][info][gc,marking  ] GC(261) Concurrent Mark From Roots
[327.811s][info][gc,task     ] GC(261) Using 2 workers of 2 for marking
[327.841s][info][gc,marking  ] GC(261) Concurrent Mark From Roots 29.642ms
[327.841s][info][gc,marking  ] GC(261) Concurrent Preclean
[327.841s][info][gc,marking  ] GC(261) Concurrent Preclean 0.074ms
[327.841s][info][gc,marking  ] GC(261) Concurrent Mark (327.811s, 327.841s) 29.791ms
[327.841s][info][gc,start    ] GC(261) Pause Remark
[327.843s][info][gc          ] GC(261) Pause Remark 42M->42M(84M) 1.262ms
[327.843s][info][gc,cpu      ] GC(261) User=0.01s Sys=0.00s Real=0.01s
[327.843s][info][gc,marking  ] GC(261) Concurrent Rebuild Remembered Sets
[327.863s][info][gc,marking  ] GC(261) Concurrent Rebuild Remembered Sets 20.250ms
[327.864s][info][gc,start    ] GC(261) Pause Cleanup
[327.864s][info][gc          ] GC(261) Pause Cleanup 45M->45M(84M) 0.132ms
[327.864s][info][gc,cpu      ] GC(261) User=0.00s Sys=0.00s Real=0.00s
[327.864s][info][gc,marking  ] GC(261) Concurrent Cleanup for Next Mark
[327.864s][info][gc,marking  ] GC(261) Concurrent Cleanup for Next Mark 0.098ms
[327.864s][info][gc          ] GC(261) Concurrent Cycle 53.905ms
[327.963s][info][gc,start    ] GC(262) Pause Young (Normal) (G1 Evacuation Pause)
[327.963s][info][gc,task     ] GC(262) Using 8 workers of 8 for evacuation
[327.964s][info][gc,phases   ] GC(262)   Pre Evacuate Collection Set: 0.0ms
[327.964s][info][gc,phases   ] GC(262)   Merge Heap Roots: 0.0ms
[327.964s][info][gc,phases   ] GC(262)   Evacuate Collection Set: 0.4ms
[327.964s][info][gc,phases   ] GC(262)   Post Evacuate Collection Set: 0.2ms
[327.964s][info][gc,phases   ] GC(262)   Other: 0.1ms
[327.964s][info][gc,heap     ] GC(262) Eden regions: 34->0(34)
[327.964s][info][gc,heap     ] GC(262) Survivor regions: 1->1(5)
[327.964s][info][gc,heap     ] GC(262) Old regions: 37->37
[327.964s][info][gc,heap     ] GC(262) Archive regions: 2->2
[327.964s][info][gc,heap     ] GC(262) Humongous regions: 0->0
[327.964s][info][gc,metaspace] GC(262) Metaspace: 50667K(51536K)->50667K(51536K) NonClass: 44540K(45136K)->44540K(45136K) Class: 6126K(6400K)->6126K(6400K)
[327.964s][info][gc          ] GC(262) Pause Young (Normal) (G1 Evacuation Pause) 71M->37M(84M) 0.930ms
[327.964s][info][gc,cpu      ] GC(262) User=0.00s Sys=0.00s Real=0.00s
[328.100s][info][gc,start    ] GC(263) Pause Young (Concurrent Start) (G1 Evacuation Pause)
[328.100s][info][gc,task     ] GC(263) Using 8 workers of 8 for evacuation
[328.101s][info][gc,phases   ] GC(263)   Pre Evacuate Collection Set: 0.1ms
[328.102s][info][gc,phases   ] GC(263)   Merge Heap Roots: 0.0ms
[328.102s][info][gc,phases   ] GC(263)   Evacuate Collection Set: 0.7ms
[328.102s][info][gc,phases   ] GC(263)   Post Evacuate Collection Set: 0.2ms
[328.102s][info][gc,phases   ] GC(263)   Other: 0.2ms
[328.102s][info][gc,heap     ] GC(263) Eden regions: 34->0(34)
[328.102s][info][gc,heap     ] GC(263) Survivor regions: 1->1(5)
[328.102s][info][gc,heap     ] GC(263) Old regions: 37->37
[328.102s][info][gc,heap     ] GC(263) Archive regions: 2->2
[328.102s][info][gc,heap     ] GC(263) Humongous regions: 0->0
[328.102s][info][gc,metaspace] GC(263) Metaspace: 50672K(51536K)->50672K(51536K) NonClass: 44545K(45136K)->44545K(45136K) Class: 6126K(6400K)->6126K(6400K)
[328.102s][info][gc          ] GC(263) Pause Young (Concurrent Start) (G1 Evacuation Pause) 71M->37M(84M) 1.178ms
[328.102s][info][gc,cpu      ] GC(263) User=0.00s Sys=0.00s Real=0.01s
[328.102s][info][gc          ] GC(264) Concurrent Cycle
[328.102s][info][gc,marking  ] GC(264) Concurrent Clear Claimed Marks
[328.102s][info][gc,marking  ] GC(264) Concurrent Clear Claimed Marks 0.030ms
[328.102s][info][gc,marking  ] GC(264) Concurrent Scan Root Regions
[328.102s][info][gc,marking  ] GC(264) Concurrent Scan Root Regions 0.516ms
[328.102s][info][gc,marking  ] GC(264) Concurrent Mark (328.102s)
[328.102s][info][gc,marking  ] GC(264) Concurrent Mark From Roots
[328.102s][info][gc,task     ] GC(264) Using 2 workers of 2 for marking
[328.133s][info][gc,marking  ] GC(264) Concurrent Mark From Roots 30.396ms
[328.133s][info][gc,marking  ] GC(264) Concurrent Preclean
[328.133s][info][gc,marking  ] GC(264) Concurrent Preclean 0.051ms
[328.133s][info][gc,marking  ] GC(264) Concurrent Mark (328.102s, 328.133s) 30.503ms
[328.133s][info][gc,start    ] GC(264) Pause Remark
[328.134s][info][gc          ] GC(264) Pause Remark 44M->44M(84M) 1.182ms
[328.134s][info][gc,cpu      ] GC(264) User=0.00s Sys=0.00s Real=0.00s
[328.134s][info][gc,marking  ] GC(264) Concurrent Rebuild Remembered Sets
[328.152s][info][gc,marking  ] GC(264) Concurrent Rebuild Remembered Sets 17.763ms
[328.153s][info][gc,start    ] GC(264) Pause Cleanup
[328.153s][info][gc          ] GC(264) Pause Cleanup 48M->48M(84M) 0.086ms
[328.153s][info][gc,cpu      ] GC(264) User=0.00s Sys=0.00s Real=0.00s
[328.153s][info][gc,marking  ] GC(264) Concurrent Cleanup for Next Mark
[328.153s][info][gc,marking  ] GC(264) Concurrent Cleanup for Next Mark 0.120ms
[328.153s][info][gc          ] GC(264) Concurrent Cycle 51.591ms
[328.244s][info][gc,start    ] GC(265) Pause Young (Normal) (G1 Evacuation Pause)
[328.244s][info][gc,task     ] GC(265) Using 8 workers of 8 for evacuation
[328.245s][info][gc,phases   ] GC(265)   Pre Evacuate Collection Set: 0.0ms
[328.245s][info][gc,phases   ] GC(265)   Merge Heap Roots: 0.1ms
[328.245s][info][gc,phases   ] GC(265)   Evacuate Collection Set: 0.4ms
[328.245s][info][gc,phases   ] GC(265)   Post Evacuate Collection Set: 0.2ms
[328.245s][info][gc,phases   ] GC(265)   Other: 0.1ms
[328.245s][info][gc,heap     ] GC(265) Eden regions: 34->0(34)
[328.245s][info][gc,heap     ] GC(265) Survivor regions: 1->1(5)
[328.245s][info][gc,heap     ] GC(265) Old regions: 37->37
[328.245s][info][gc,heap     ] GC(265) Archive regions: 2->2
[328.245s][info][gc,heap     ] GC(265) Humongous regions: 0->0
[328.245s][info][gc,metaspace] GC(265) Metaspace: 50672K(51536K)->50672K(51536K) NonClass: 44545K(45136K)->44545K(45136K) Class: 6126K(6400K)->6126K(6400K)
[328.245s][info][gc          ] GC(265) Pause Young (Normal) (G1 Evacuation Pause) 71M->37M(84M) 0.940ms
[328.245s][info][gc,cpu      ] GC(265) User=0.00s Sys=0.00s Real=0.00s
[328.378s][info][gc,start    ] GC(266) Pause Young (Concurrent Start) (G1 Evacuation Pause)
[328.378s][info][gc,task     ] GC(266) Using 8 workers of 8 for evacuation
[328.379s][info][gc,phases   ] GC(266)   Pre Evacuate Collection Set: 0.1ms
[328.379s][info][gc,phases   ] GC(266)   Merge Heap Roots: 0.0ms
[328.379s][info][gc,phases   ] GC(266)   Evacuate Collection Set: 0.7ms
[328.379s][info][gc,phases   ] GC(266)   Post Evacuate Collection Set: 0.2ms
[328.379s][info][gc,phases   ] GC(266)   Other: 0.2ms
[328.379s][info][gc,heap     ] GC(266) Eden regions: 34->0(34)
[328.379s][info][gc,heap     ] GC(266) Survivor regions: 1->1(5)
[328.379s][info][gc,heap     ] GC(266) Old regions: 37->37
[328.379s][info][gc,heap     ] GC(266) Archive regions: 2->2
[328.379s][info][gc,heap     ] GC(266) Humongous regions: 0->0
[328.379s][info][gc,metaspace] GC(266) Metaspace: 50672K(51536K)->50672K(51536K) NonClass: 44546K(45136K)->44546K(45136K) Class: 6126K(6400K)->6126K(6400K)
[328.379s][info][gc          ] GC(266) Pause Young (Concurrent Start) (G1 Evacuation Pause) 71M->37M(84M) 1.234ms
[328.379s][info][gc,cpu      ] GC(266) User=0.01s Sys=0.00s Real=0.00s
[328.379s][info][gc          ] GC(267) Concurrent Cycle
[328.379s][info][gc,marking  ] GC(267) Concurrent Clear Claimed Marks
[328.379s][info][gc,marking  ] GC(267) Concurrent Clear Claimed Marks 0.031ms
[328.379s][info][gc,marking  ] GC(267) Concurrent Scan Root Regions
[328.380s][info][gc,marking  ] GC(267) Concurrent Scan Root Regions 1.069ms
[328.380s][info][gc,marking  ] GC(267) Concurrent Mark (328.380s)
[328.380s][info][gc,marking  ] GC(267) Concurrent Mark From Roots
[328.380s][info][gc,task     ] GC(267) Using 2 workers of 2 for marking
[328.411s][info][gc,marking  ] GC(267) Concurrent Mark From Roots 30.871ms
[328.411s][info][gc,marking  ] GC(267) Concurrent Preclean
[328.411s][info][gc,marking  ] GC(267) Concurrent Preclean 0.069ms
[328.411s][info][gc,marking  ] GC(267) Concurrent Mark (328.380s, 328.411s) 31.014ms
[328.411s][info][gc,start    ] GC(267) Pause Remark
[328.412s][info][gc          ] GC(267) Pause Remark 43M->43M(84M) 1.150ms
[328.412s][info][gc,cpu      ] GC(267) User=0.01s Sys=0.00s Real=0.01s
[328.412s][info][gc,marking  ] GC(267) Concurrent Rebuild Remembered Sets
[328.430s][info][gc,marking  ] GC(267) Concurrent Rebuild Remembered Sets 17.623ms
[328.431s][info][gc,start    ] GC(267) Pause Cleanup
[328.431s][info][gc          ] GC(267) Pause Cleanup 46M->46M(84M) 0.104ms
[328.431s][info][gc,cpu      ] GC(267) User=0.00s Sys=0.00s Real=0.00s
[328.431s][info][gc,marking  ] GC(267) Concurrent Cleanup for Next Mark
[328.431s][info][gc,marking  ] GC(267) Concurrent Cleanup for Next Mark 0.159ms
[328.431s][info][gc          ] GC(267) Concurrent Cycle 52.578ms
[328.536s][info][gc,start    ] GC(268) Pause Young (Normal) (G1 Evacuation Pause)
[328.536s][info][gc,task     ] GC(268) Using 8 workers of 8 for evacuation
[328.537s][info][gc,phases   ] GC(268)   Pre Evacuate Collection Set: 0.0ms
[328.537s][info][gc,phases   ] GC(268)   Merge Heap Roots: 0.0ms
[328.537s][info][gc,phases   ] GC(268)   Evacuate Collection Set: 0.4ms
[328.537s][info][gc,phases   ] GC(268)   Post Evacuate Collection Set: 0.2ms
[328.537s][info][gc,phases   ] GC(268)   Other: 0.1ms
[328.537s][info][gc,heap     ] GC(268) Eden regions: 34->0(34)
[328.537s][info][gc,heap     ] GC(268) Survivor regions: 1->1(5)
[328.537s][info][gc,heap     ] GC(268) Old regions: 37->37
[328.537s][info][gc,heap     ] GC(268) Archive regions: 2->2
[328.537s][info][gc,heap     ] GC(268) Humongous regions: 0->0
[328.537s][info][gc,metaspace] GC(268) Metaspace: 50672K(51536K)->50672K(51536K) NonClass: 44546K(45136K)->44546K(45136K) Class: 6126K(6400K)->6126K(6400K)
[328.537s][info][gc          ] GC(268) Pause Young (Normal) (G1 Evacuation Pause) 71M->37M(84M) 0.860ms
[328.537s][info][gc,cpu      ] GC(268) User=0.00s Sys=0.00s Real=0.00s
[328.667s][info][gc,start    ] GC(269) Pause Young (Concurrent Start) (G1 Evacuation Pause)
[328.667s][info][gc,task     ] GC(269) Using 8 workers of 8 for evacuation
[328.668s][info][gc,phases   ] GC(269)   Pre Evacuate Collection Set: 0.1ms
[328.668s][info][gc,phases   ] GC(269)   Merge Heap Roots: 0.0ms
[328.668s][info][gc,phases   ] GC(269)   Evacuate Collection Set: 0.5ms
[328.668s][info][gc,phases   ] GC(269)   Post Evacuate Collection Set: 0.2ms
[328.668s][info][gc,phases   ] GC(269)   Other: 0.1ms
[328.668s][info][gc,heap     ] GC(269) Eden regions: 34->0(34)
[328.668s][info][gc,heap     ] GC(269) Survivor regions: 1->1(5)
[328.668s][info][gc,heap     ] GC(269) Old regions: 37->37
[328.668s][info][gc,heap     ] GC(269) Archive regions: 2->2
[328.668s][info][gc,heap     ] GC(269) Humongous regions: 0->0
[328.668s][info][gc,metaspace] GC(269) Metaspace: 50672K(51536K)->50672K(51536K) NonClass: 44546K(45136K)->44546K(45136K) Class: 6126K(6400K)->6126K(6400K)
[328.668s][info][gc          ] GC(269) Pause Young (Concurrent Start) (G1 Evacuation Pause) 71M->37M(84M) 1.110ms
[328.668s][info][gc,cpu      ] GC(269) User=0.00s Sys=0.00s Real=0.00s
[328.668s][info][gc          ] GC(270) Concurrent Cycle
[328.668s][info][gc,marking  ] GC(270) Concurrent Clear Claimed Marks
[328.668s][info][gc,marking  ] GC(270) Concurrent Clear Claimed Marks 0.025ms
[328.668s][info][gc,marking  ] GC(270) Concurrent Scan Root Regions
[328.669s][info][gc,marking  ] GC(270) Concurrent Scan Root Regions 0.591ms
[328.669s][info][gc,marking  ] GC(270) Concurrent Mark (328.669s)
[328.669s][info][gc,marking  ] GC(270) Concurrent Mark From Roots
[328.669s][info][gc,task     ] GC(270) Using 2 workers of 2 for marking
[328.702s][info][gc,marking  ] GC(270) Concurrent Mark From Roots 32.963ms
[328.702s][info][gc,marking  ] GC(270) Concurrent Preclean
[328.702s][info][gc,marking  ] GC(270) Concurrent Preclean 0.077ms
[328.702s][info][gc,marking  ] GC(270) Concurrent Mark (328.669s, 328.702s) 33.114ms
[328.702s][info][gc,start    ] GC(270) Pause Remark
[328.703s][info][gc          ] GC(270) Pause Remark 42M->42M(84M) 1.289ms
[328.703s][info][gc,cpu      ] GC(270) User=0.01s Sys=0.00s Real=0.00s
[328.703s][info][gc,marking  ] GC(270) Concurrent Rebuild Remembered Sets
[328.722s][info][gc,marking  ] GC(270) Concurrent Rebuild Remembered Sets 18.653ms
[328.723s][info][gc,start    ] GC(270) Pause Cleanup
[328.723s][info][gc          ] GC(270) Pause Cleanup 46M->46M(84M) 0.084ms
[328.723s][info][gc,cpu      ] GC(270) User=0.00s Sys=0.00s Real=0.00s
[328.723s][info][gc,marking  ] GC(270) Concurrent Cleanup for Next Mark
[328.723s][info][gc,marking  ] GC(270) Concurrent Cleanup for Next Mark 0.123ms
[328.723s][info][gc          ] GC(270) Concurrent Cycle 55.295ms
[328.827s][info][gc,start    ] GC(271) Pause Young (Normal) (G1 Evacuation Pause)
[328.827s][info][gc,task     ] GC(271) Using 8 workers of 8 for evacuation
[328.828s][info][gc,phases   ] GC(271)   Pre Evacuate Collection Set: 0.0ms
[328.828s][info][gc,phases   ] GC(271)   Merge Heap Roots: 0.0ms
[328.828s][info][gc,phases   ] GC(271)   Evacuate Collection Set: 0.4ms
[328.828s][info][gc,phases   ] GC(271)   Post Evacuate Collection Set: 0.2ms
[328.828s][info][gc,phases   ] GC(271)   Other: 0.1ms
[328.828s][info][gc,heap     ] GC(271) Eden regions: 34->0(34)
[328.828s][info][gc,heap     ] GC(271) Survivor regions: 1->1(5)
[328.828s][info][gc,heap     ] GC(271) Old regions: 37->37
[328.828s][info][gc,heap     ] GC(271) Archive regions: 2->2
[328.828s][info][gc,heap     ] GC(271) Humongous regions: 0->0
[328.828s][info][gc,metaspace] GC(271) Metaspace: 50672K(51536K)->50672K(51536K) NonClass: 44546K(45136K)->44546K(45136K) Class: 6126K(6400K)->6126K(6400K)
[328.828s][info][gc          ] GC(271) Pause Young (Normal) (G1 Evacuation Pause) 71M->37M(84M) 0.906ms
[328.828s][info][gc,cpu      ] GC(271) User=0.00s Sys=0.00s Real=0.00s
[328.958s][info][gc,start    ] GC(272) Pause Young (Concurrent Start) (G1 Evacuation Pause)
[328.958s][info][gc,task     ] GC(272) Using 8 workers of 8 for evacuation
[328.959s][info][gc,phases   ] GC(272)   Pre Evacuate Collection Set: 0.1ms
[328.959s][info][gc,phases   ] GC(272)   Merge Heap Roots: 0.0ms
[328.959s][info][gc,phases   ] GC(272)   Evacuate Collection Set: 0.5ms
[328.959s][info][gc,phases   ] GC(272)   Post Evacuate Collection Set: 0.2ms
[328.959s][info][gc,phases   ] GC(272)   Other: 0.2ms
[328.959s][info][gc,heap     ] GC(272) Eden regions: 34->0(34)
[328.959s][info][gc,heap     ] GC(272) Survivor regions: 1->1(5)
[328.959s][info][gc,heap     ] GC(272) Old regions: 37->37
[328.959s][info][gc,heap     ] GC(272) Archive regions: 2->2
[328.959s][info][gc,heap     ] GC(272) Humongous regions: 0->0
[328.959s][info][gc,metaspace] GC(272) Metaspace: 50673K(51536K)->50673K(51536K) NonClass: 44547K(45136K)->44547K(45136K) Class: 6126K(6400K)->6126K(6400K)
[328.959s][info][gc          ] GC(272) Pause Young (Concurrent Start) (G1 Evacuation Pause) 71M->37M(84M) 1.111ms
[328.959s][info][gc,cpu      ] GC(272) User=0.00s Sys=0.00s Real=0.00s
[328.959s][info][gc          ] GC(273) Concurrent Cycle
[328.959s][info][gc,marking  ] GC(273) Concurrent Clear Claimed Marks
[328.959s][info][gc,marking  ] GC(273) Concurrent Clear Claimed Marks 0.028ms
[328.959s][info][gc,marking  ] GC(273) Concurrent Scan Root Regions
[328.960s][info][gc,marking  ] GC(273) Concurrent Scan Root Regions 0.847ms
[328.960s][info][gc,marking  ] GC(273) Concurrent Mark (328.960s)
[328.960s][info][gc,marking  ] GC(273) Concurrent Mark From Roots
[328.960s][info][gc,task     ] GC(273) Using 2 workers of 2 for marking
[328.988s][info][gc,marking  ] GC(273) Concurrent Mark From Roots 28.597ms
[328.988s][info][gc,marking  ] GC(273) Concurrent Preclean
[328.988s][info][gc,marking  ] GC(273) Concurrent Preclean 0.052ms
[328.988s][info][gc,marking  ] GC(273) Concurrent Mark (328.960s, 328.988s) 28.707ms
[328.989s][info][gc,start    ] GC(273) Pause Remark
[328.990s][info][gc          ] GC(273) Pause Remark 43M->43M(84M) 1.199ms
[328.990s][info][gc,cpu      ] GC(273) User=0.01s Sys=0.00s Real=0.00s
[328.990s][info][gc,marking  ] GC(273) Concurrent Rebuild Remembered Sets
[329.010s][info][gc,marking  ] GC(273) Concurrent Rebuild Remembered Sets 20.019ms
[329.011s][info][gc,start    ] GC(273) Pause Cleanup
[329.011s][info][gc          ] GC(273) Pause Cleanup 46M->46M(84M) 0.081ms
[329.011s][info][gc,cpu      ] GC(273) User=0.00s Sys=0.00s Real=0.00s
[329.011s][info][gc,marking  ] GC(273) Concurrent Cleanup for Next Mark
[329.011s][info][gc,marking  ] GC(273) Concurrent Cleanup for Next Mark 0.126ms
[329.011s][info][gc          ] GC(273) Concurrent Cycle 52.338ms
[329.121s][info][gc,start    ] GC(274) Pause Young (Normal) (G1 Evacuation Pause)
[329.121s][info][gc,task     ] GC(274) Using 8 workers of 8 for evacuation
[329.122s][info][gc,phases   ] GC(274)   Pre Evacuate Collection Set: 0.0ms
[329.122s][info][gc,phases   ] GC(274)   Merge Heap Roots: 0.0ms
[329.122s][info][gc,phases   ] GC(274)   Evacuate Collection Set: 0.4ms
[329.122s][info][gc,phases   ] GC(274)   Post Evacuate Collection Set: 0.2ms
[329.122s][info][gc,phases   ] GC(274)   Other: 0.1ms
[329.122s][info][gc,heap     ] GC(274) Eden regions: 34->0(34)
[329.122s][info][gc,heap     ] GC(274) Survivor regions: 1->1(5)
[329.122s][info][gc,heap     ] GC(274) Old regions: 37->37
[329.122s][info][gc,heap     ] GC(274) Archive regions: 2->2
[329.122s][info][gc,heap     ] GC(274) Humongous regions: 0->0
[329.122s][info][gc,metaspace] GC(274) Metaspace: 50673K(51536K)->50673K(51536K) NonClass: 44547K(45136K)->44547K(45136K) Class: 6126K(6400K)->6126K(6400K)
[329.122s][info][gc          ] GC(274) Pause Young (Normal) (G1 Evacuation Pause) 71M->37M(84M) 0.902ms
[329.122s][info][gc,cpu      ] GC(274) User=0.00s Sys=0.00s Real=0.01s
[329.237s][info][gc,start    ] GC(275) Pause Young (Concurrent Start) (G1 Evacuation Pause)
[329.237s][info][gc,task     ] GC(275) Using 8 workers of 8 for evacuation
[329.238s][info][gc,phases   ] GC(275)   Pre Evacuate Collection Set: 0.1ms
[329.238s][info][gc,phases   ] GC(275)   Merge Heap Roots: 0.0ms
[329.238s][info][gc,phases   ] GC(275)   Evacuate Collection Set: 0.5ms
[329.238s][info][gc,phases   ] GC(275)   Post Evacuate Collection Set: 0.2ms
[329.238s][info][gc,phases   ] GC(275)   Other: 0.2ms
[329.238s][info][gc,heap     ] GC(275) Eden regions: 34->0(34)
[329.238s][info][gc,heap     ] GC(275) Survivor regions: 1->1(5)
[329.238s][info][gc,heap     ] GC(275) Old regions: 37->37
[329.238s][info][gc,heap     ] GC(275) Archive regions: 2->2
[329.238s][info][gc,heap     ] GC(275) Humongous regions: 0->0
[329.238s][info][gc,metaspace] GC(275) Metaspace: 50674K(51536K)->50674K(51536K) NonClass: 44547K(45136K)->44547K(45136K) Class: 6126K(6400K)->6126K(6400K)
[329.238s][info][gc          ] GC(275) Pause Young (Concurrent Start) (G1 Evacuation Pause) 71M->37M(84M) 1.083ms
[329.238s][info][gc,cpu      ] GC(275) User=0.00s Sys=0.00s Real=0.00s
[329.238s][info][gc          ] GC(276) Concurrent Cycle
[329.238s][info][gc,marking  ] GC(276) Concurrent Clear Claimed Marks
[329.238s][info][gc,marking  ] GC(276) Concurrent Clear Claimed Marks 0.024ms
[329.238s][info][gc,marking  ] GC(276) Concurrent Scan Root Regions
[329.239s][info][gc,marking  ] GC(276) Concurrent Scan Root Regions 0.828ms
[329.239s][info][gc,marking  ] GC(276) Concurrent Mark (329.239s)
[329.239s][info][gc,marking  ] GC(276) Concurrent Mark From Roots
[329.239s][info][gc,task     ] GC(276) Using 2 workers of 2 for marking
[329.268s][info][gc,marking  ] GC(276) Concurrent Mark From Roots 29.595ms
[329.268s][info][gc,marking  ] GC(276) Concurrent Preclean
[329.268s][info][gc,marking  ] GC(276) Concurrent Preclean 0.071ms
[329.268s][info][gc,marking  ] GC(276) Concurrent Mark (329.239s, 329.268s) 29.737ms
[329.269s][info][gc,start    ] GC(276) Pause Remark
[329.270s][info][gc          ] GC(276) Pause Remark 44M->44M(84M) 1.263ms
[329.270s][info][gc,cpu      ] GC(276) User=0.01s Sys=0.00s Real=0.00s
[329.270s][info][gc,marking  ] GC(276) Concurrent Rebuild Remembered Sets
[329.289s][info][gc,marking  ] GC(276) Concurrent Rebuild Remembered Sets 19.217ms
[329.290s][info][gc,start    ] GC(276) Pause Cleanup
[329.290s][info][gc          ] GC(276) Pause Cleanup 48M->48M(84M) 0.085ms
[329.290s][info][gc,cpu      ] GC(276) User=0.00s Sys=0.00s Real=0.00s
[329.290s][info][gc,marking  ] GC(276) Concurrent Cleanup for Next Mark
[329.290s][info][gc,marking  ] GC(276) Concurrent Cleanup for Next Mark 0.128ms
[329.290s][info][gc          ] GC(276) Concurrent Cycle 52.521ms
[329.383s][info][gc,start    ] GC(277) Pause Young (Normal) (G1 Evacuation Pause)
[329.383s][info][gc,task     ] GC(277) Using 8 workers of 8 for evacuation
[329.383s][info][gc,phases   ] GC(277)   Pre Evacuate Collection Set: 0.0ms
[329.383s][info][gc,phases   ] GC(277)   Merge Heap Roots: 0.0ms
[329.383s][info][gc,phases   ] GC(277)   Evacuate Collection Set: 0.4ms
[329.383s][info][gc,phases   ] GC(277)   Post Evacuate Collection Set: 0.2ms
[329.384s][info][gc,phases   ] GC(277)   Other: 0.1ms
[329.384s][info][gc,heap     ] GC(277) Eden regions: 34->0(34)
[329.384s][info][gc,heap     ] GC(277) Survivor regions: 1->1(5)
[329.384s][info][gc,heap     ] GC(277) Old regions: 37->37
[329.384s][info][gc,heap     ] GC(277) Archive regions: 2->2
[329.384s][info][gc,heap     ] GC(277) Humongous regions: 0->0
[329.384s][info][gc,metaspace] GC(277) Metaspace: 50674K(51536K)->50674K(51536K) NonClass: 44547K(45136K)->44547K(45136K) Class: 6126K(6400K)->6126K(6400K)
[329.384s][info][gc          ] GC(277) Pause Young (Normal) (G1 Evacuation Pause) 71M->37M(84M) 0.855ms
[329.384s][info][gc,cpu      ] GC(277) User=0.01s Sys=0.01s Real=0.00s
[329.526s][info][gc,start    ] GC(278) Pause Young (Concurrent Start) (G1 Evacuation Pause)
[329.526s][info][gc,task     ] GC(278) Using 8 workers of 8 for evacuation
[329.527s][info][gc,phases   ] GC(278)   Pre Evacuate Collection Set: 0.1ms
[329.527s][info][gc,phases   ] GC(278)   Merge Heap Roots: 0.0ms
[329.527s][info][gc,phases   ] GC(278)   Evacuate Collection Set: 0.5ms
[329.527s][info][gc,phases   ] GC(278)   Post Evacuate Collection Set: 0.2ms
[329.527s][info][gc,phases   ] GC(278)   Other: 0.1ms
[329.527s][info][gc,heap     ] GC(278) Eden regions: 34->0(34)
[329.527s][info][gc,heap     ] GC(278) Survivor regions: 1->1(5)
[329.527s][info][gc,heap     ] GC(278) Old regions: 37->37
[329.527s][info][gc,heap     ] GC(278) Archive regions: 2->2
[329.527s][info][gc,heap     ] GC(278) Humongous regions: 0->0
[329.527s][info][gc,metaspace] GC(278) Metaspace: 50674K(51536K)->50674K(51536K) NonClass: 44547K(45136K)->44547K(45136K) Class: 6126K(6400K)->6126K(6400K)
[329.527s][info][gc          ] GC(278) Pause Young (Concurrent Start) (G1 Evacuation Pause) 71M->37M(84M) 1.061ms
[329.527s][info][gc,cpu      ] GC(278) User=0.00s Sys=0.00s Real=0.00s
[329.528s][info][gc          ] GC(279) Concurrent Cycle
[329.528s][info][gc,marking  ] GC(279) Concurrent Clear Claimed Marks
[329.528s][info][gc,marking  ] GC(279) Concurrent Clear Claimed Marks 0.027ms
[329.528s][info][gc,marking  ] GC(279) Concurrent Scan Root Regions
[329.529s][info][gc,marking  ] GC(279) Concurrent Scan Root Regions 0.946ms
[329.529s][info][gc,marking  ] GC(279) Concurrent Mark (329.529s)
[329.529s][info][gc,marking  ] GC(279) Concurrent Mark From Roots
[329.529s][info][gc,task     ] GC(279) Using 2 workers of 2 for marking
[329.560s][info][gc,marking  ] GC(279) Concurrent Mark From Roots 31.715ms
[329.560s][info][gc,marking  ] GC(279) Concurrent Preclean
[329.560s][info][gc,marking  ] GC(279) Concurrent Preclean 0.076ms
[329.560s][info][gc,marking  ] GC(279) Concurrent Mark (329.529s, 329.560s) 31.866ms
[329.561s][info][gc,start    ] GC(279) Pause Remark
[329.562s][info][gc          ] GC(279) Pause Remark 44M->44M(84M) 1.282ms
[329.562s][info][gc,cpu      ] GC(279) User=0.01s Sys=0.00s Real=0.01s
[329.562s][info][gc,marking  ] GC(279) Concurrent Rebuild Remembered Sets
[329.583s][info][gc,marking  ] GC(279) Concurrent Rebuild Remembered Sets 20.918ms
[329.584s][info][gc,start    ] GC(279) Pause Cleanup
[329.584s][info][gc          ] GC(279) Pause Cleanup 46M->46M(84M) 0.100ms
[329.584s][info][gc,cpu      ] GC(279) User=0.00s Sys=0.00s Real=0.00s
[329.584s][info][gc,marking  ] GC(279) Concurrent Cleanup for Next Mark
[329.584s][info][gc,marking  ] GC(279) Concurrent Cleanup for Next Mark 0.147ms
[329.584s][info][gc          ] GC(279) Concurrent Cycle 56.706ms
[329.711s][info][gc,start    ] GC(280) Pause Young (Normal) (G1 Evacuation Pause)
[329.711s][info][gc,task     ] GC(280) Using 8 workers of 8 for evacuation
[329.712s][info][gc,phases   ] GC(280)   Pre Evacuate Collection Set: 0.1ms
[329.712s][info][gc,phases   ] GC(280)   Merge Heap Roots: 0.1ms
[329.712s][info][gc,phases   ] GC(280)   Evacuate Collection Set: 0.4ms
[329.712s][info][gc,phases   ] GC(280)   Post Evacuate Collection Set: 0.2ms
[329.712s][info][gc,phases   ] GC(280)   Other: 0.1ms
[329.712s][info][gc,heap     ] GC(280) Eden regions: 34->0(34)
[329.712s][info][gc,heap     ] GC(280) Survivor regions: 1->1(5)
[329.712s][info][gc,heap     ] GC(280) Old regions: 37->37
[329.712s][info][gc,heap     ] GC(280) Archive regions: 2->2
[329.712s][info][gc,heap     ] GC(280) Humongous regions: 0->0
[329.712s][info][gc,metaspace] GC(280) Metaspace: 50674K(51536K)->50674K(51536K) NonClass: 44547K(45136K)->44547K(45136K) Class: 6126K(6400K)->6126K(6400K)
[329.712s][info][gc          ] GC(280) Pause Young (Normal) (G1 Evacuation Pause) 71M->37M(84M) 0.947ms
[329.712s][info][gc,cpu      ] GC(280) User=0.01s Sys=0.00s Real=0.01s
[329.840s][info][gc,start    ] GC(281) Pause Young (Concurrent Start) (G1 Evacuation Pause)
[329.840s][info][gc,task     ] GC(281) Using 8 workers of 8 for evacuation
[329.841s][info][gc,phases   ] GC(281)   Pre Evacuate Collection Set: 0.1ms
[329.841s][info][gc,phases   ] GC(281)   Merge Heap Roots: 0.0ms
[329.841s][info][gc,phases   ] GC(281)   Evacuate Collection Set: 0.7ms
[329.841s][info][gc,phases   ] GC(281)   Post Evacuate Collection Set: 0.2ms
[329.841s][info][gc,phases   ] GC(281)   Other: 0.1ms
[329.841s][info][gc,heap     ] GC(281) Eden regions: 34->0(34)
[329.841s][info][gc,heap     ] GC(281) Survivor regions: 1->1(5)
[329.841s][info][gc,heap     ] GC(281) Old regions: 37->37
[329.841s][info][gc,heap     ] GC(281) Archive regions: 2->2
[329.841s][info][gc,heap     ] GC(281) Humongous regions: 0->0
[329.841s][info][gc,metaspace] GC(281) Metaspace: 50676K(51536K)->50676K(51536K) NonClass: 44549K(45136K)->44549K(45136K) Class: 6126K(6400K)->6126K(6400K)
[329.841s][info][gc          ] GC(281) Pause Young (Concurrent Start) (G1 Evacuation Pause) 71M->37M(84M) 1.226ms
[329.841s][info][gc,cpu      ] GC(281) User=0.00s Sys=0.00s Real=0.00s
[329.841s][info][gc          ] GC(282) Concurrent Cycle
[329.841s][info][gc,marking  ] GC(282) Concurrent Clear Claimed Marks
[329.841s][info][gc,marking  ] GC(282) Concurrent Clear Claimed Marks 0.032ms
[329.841s][info][gc,marking  ] GC(282) Concurrent Scan Root Regions
[329.842s][info][gc,marking  ] GC(282) Concurrent Scan Root Regions 0.986ms
[329.842s][info][gc,marking  ] GC(282) Concurrent Mark (329.842s)
[329.842s][info][gc,marking  ] GC(282) Concurrent Mark From Roots
[329.842s][info][gc,task     ] GC(282) Using 2 workers of 2 for marking
[329.874s][info][gc,marking  ] GC(282) Concurrent Mark From Roots 31.540ms
[329.874s][info][gc,marking  ] GC(282) Concurrent Preclean
[329.874s][info][gc,marking  ] GC(282) Concurrent Preclean 0.074ms
[329.874s][info][gc,marking  ] GC(282) Concurrent Mark (329.842s, 329.874s) 31.679ms
[329.874s][info][gc,start    ] GC(282) Pause Remark
[329.875s][info][gc          ] GC(282) Pause Remark 43M->43M(84M) 1.169ms
[329.875s][info][gc,cpu      ] GC(282) User=0.01s Sys=0.00s Real=0.00s
[329.875s][info][gc,marking  ] GC(282) Concurrent Rebuild Remembered Sets
[329.894s][info][gc,marking  ] GC(282) Concurrent Rebuild Remembered Sets 18.164ms
[329.895s][info][gc,start    ] GC(282) Pause Cleanup
[329.895s][info][gc          ] GC(282) Pause Cleanup 47M->47M(84M) 0.086ms
[329.895s][info][gc,cpu      ] GC(282) User=0.00s Sys=0.00s Real=0.00s
[329.895s][info][gc,marking  ] GC(282) Concurrent Cleanup for Next Mark
[329.895s][info][gc,marking  ] GC(282) Concurrent Cleanup for Next Mark 0.142ms
[329.895s][info][gc          ] GC(282) Concurrent Cycle 53.543ms
[329.991s][info][gc,start    ] GC(283) Pause Young (Normal) (G1 Evacuation Pause)
[329.991s][info][gc,task     ] GC(283) Using 8 workers of 8 for evacuation
[329.991s][info][gc,phases   ] GC(283)   Pre Evacuate Collection Set: 0.0ms
[329.991s][info][gc,phases   ] GC(283)   Merge Heap Roots: 0.0ms
[329.991s][info][gc,phases   ] GC(283)   Evacuate Collection Set: 0.4ms
[329.991s][info][gc,phases   ] GC(283)   Post Evacuate Collection Set: 0.2ms
[329.991s][info][gc,phases   ] GC(283)   Other: 0.1ms
[329.991s][info][gc,heap     ] GC(283) Eden regions: 34->0(34)
[329.991s][info][gc,heap     ] GC(283) Survivor regions: 1->1(5)
[329.991s][info][gc,heap     ] GC(283) Old regions: 37->37
[329.991s][info][gc,heap     ] GC(283) Archive regions: 2->2
[329.991s][info][gc,heap     ] GC(283) Humongous regions: 0->0
[329.991s][info][gc,metaspace] GC(283) Metaspace: 50676K(51536K)->50676K(51536K) NonClass: 44549K(45136K)->44549K(45136K) Class: 6126K(6400K)->6126K(6400K)
[329.992s][info][gc          ] GC(283) Pause Young (Normal) (G1 Evacuation Pause) 71M->37M(84M) 0.857ms
[329.992s][info][gc,cpu      ] GC(283) User=0.00s Sys=0.00s Real=0.00s
[330.125s][info][gc,start    ] GC(284) Pause Young (Concurrent Start) (G1 Evacuation Pause)
[330.125s][info][gc,task     ] GC(284) Using 8 workers of 8 for evacuation
[330.126s][info][gc,phases   ] GC(284)   Pre Evacuate Collection Set: 0.1ms
[330.126s][info][gc,phases   ] GC(284)   Merge Heap Roots: 0.0ms
[330.126s][info][gc,phases   ] GC(284)   Evacuate Collection Set: 0.6ms
[330.126s][info][gc,phases   ] GC(284)   Post Evacuate Collection Set: 0.2ms
[330.126s][info][gc,phases   ] GC(284)   Other: 0.1ms
[330.126s][info][gc,heap     ] GC(284) Eden regions: 34->0(34)
[330.126s][info][gc,heap     ] GC(284) Survivor regions: 1->1(5)
[330.126s][info][gc,heap     ] GC(284) Old regions: 37->37
[330.126s][info][gc,heap     ] GC(284) Archive regions: 2->2
[330.126s][info][gc,heap     ] GC(284) Humongous regions: 0->0
[330.126s][info][gc,metaspace] GC(284) Metaspace: 50676K(51536K)->50676K(51536K) NonClass: 44549K(45136K)->44549K(45136K) Class: 6126K(6400K)->6126K(6400K)
[330.126s][info][gc          ] GC(284) Pause Young (Concurrent Start) (G1 Evacuation Pause) 71M->37M(84M) 1.133ms
[330.126s][info][gc,cpu      ] GC(284) User=0.00s Sys=0.00s Real=0.00s
[330.126s][info][gc          ] GC(285) Concurrent Cycle
[330.126s][info][gc,marking  ] GC(285) Concurrent Clear Claimed Marks
[330.126s][info][gc,marking  ] GC(285) Concurrent Clear Claimed Marks 0.037ms
[330.126s][info][gc,marking  ] GC(285) Concurrent Scan Root Regions
[330.127s][info][gc,marking  ] GC(285) Concurrent Scan Root Regions 0.984ms
[330.127s][info][gc,marking  ] GC(285) Concurrent Mark (330.127s)
[330.127s][info][gc,marking  ] GC(285) Concurrent Mark From Roots
[330.127s][info][gc,task     ] GC(285) Using 2 workers of 2 for marking
[330.155s][info][gc,marking  ] GC(285) Concurrent Mark From Roots 28.295ms
[330.156s][info][gc,marking  ] GC(285) Concurrent Preclean
[330.156s][info][gc,marking  ] GC(285) Concurrent Preclean 0.076ms
[330.156s][info][gc,marking  ] GC(285) Concurrent Mark (330.127s, 330.156s) 28.452ms
[330.156s][info][gc,start    ] GC(285) Pause Remark
[330.157s][info][gc          ] GC(285) Pause Remark 44M->44M(84M) 1.218ms
[330.157s][info][gc,cpu      ] GC(285) User=0.00s Sys=0.00s Real=0.00s
[330.157s][info][gc,marking  ] GC(285) Concurrent Rebuild Remembered Sets
[330.176s][info][gc,marking  ] GC(285) Concurrent Rebuild Remembered Sets 19.164ms
[330.177s][info][gc,start    ] GC(285) Pause Cleanup
[330.177s][info][gc          ] GC(285) Pause Cleanup 46M->46M(84M) 0.099ms
[330.177s][info][gc,cpu      ] GC(285) User=0.00s Sys=0.00s Real=0.00s
[330.177s][info][gc,marking  ] GC(285) Concurrent Cleanup for Next Mark
[330.178s][info][gc,marking  ] GC(285) Concurrent Cleanup for Next Mark 0.115ms
[330.178s][info][gc          ] GC(285) Concurrent Cycle 51.476ms
[330.274s][info][gc,start    ] GC(286) Pause Young (Normal) (G1 Evacuation Pause)
[330.274s][info][gc,task     ] GC(286) Using 8 workers of 8 for evacuation
[330.275s][info][gc,phases   ] GC(286)   Pre Evacuate Collection Set: 0.0ms
[330.275s][info][gc,phases   ] GC(286)   Merge Heap Roots: 0.0ms
[330.275s][info][gc,phases   ] GC(286)   Evacuate Collection Set: 0.4ms
[330.275s][info][gc,phases   ] GC(286)   Post Evacuate Collection Set: 0.2ms
[330.275s][info][gc,phases   ] GC(286)   Other: 0.1ms
[330.275s][info][gc,heap     ] GC(286) Eden regions: 34->0(34)
[330.275s][info][gc,heap     ] GC(286) Survivor regions: 1->1(5)
[330.275s][info][gc,heap     ] GC(286) Old regions: 37->37
[330.275s][info][gc,heap     ] GC(286) Archive regions: 2->2
[330.275s][info][gc,heap     ] GC(286) Humongous regions: 0->0
[330.275s][info][gc,metaspace] GC(286) Metaspace: 50676K(51536K)->50676K(51536K) NonClass: 44549K(45136K)->44549K(45136K) Class: 6126K(6400K)->6126K(6400K)
[330.275s][info][gc          ] GC(286) Pause Young (Normal) (G1 Evacuation Pause) 71M->37M(84M) 0.872ms
[330.275s][info][gc,cpu      ] GC(286) User=0.00s Sys=0.00s Real=0.00s
[330.408s][info][gc,start    ] GC(287) Pause Young (Concurrent Start) (G1 Evacuation Pause)
[330.408s][info][gc,task     ] GC(287) Using 8 workers of 8 for evacuation
[330.409s][info][gc,phases   ] GC(287)   Pre Evacuate Collection Set: 0.1ms
[330.409s][info][gc,phases   ] GC(287)   Merge Heap Roots: 0.0ms
[330.409s][info][gc,phases   ] GC(287)   Evacuate Collection Set: 0.7ms
[330.409s][info][gc,phases   ] GC(287)   Post Evacuate Collection Set: 0.2ms
[330.409s][info][gc,phases   ] GC(287)   Other: 0.1ms
[330.409s][info][gc,heap     ] GC(287) Eden regions: 34->0(34)
[330.409s][info][gc,heap     ] GC(287) Survivor regions: 1->1(5)
[330.409s][info][gc,heap     ] GC(287) Old regions: 37->37
[330.409s][info][gc,heap     ] GC(287) Archive regions: 2->2
[330.409s][info][gc,heap     ] GC(287) Humongous regions: 0->0
[330.409s][info][gc,metaspace] GC(287) Metaspace: 50676K(51536K)->50676K(51536K) NonClass: 44549K(45136K)->44549K(45136K) Class: 6126K(6400K)->6126K(6400K)
[330.409s][info][gc          ] GC(287) Pause Young (Concurrent Start) (G1 Evacuation Pause) 71M->37M(84M) 1.209ms
[330.409s][info][gc,cpu      ] GC(287) User=0.00s Sys=0.00s Real=0.00s
[330.409s][info][gc          ] GC(288) Concurrent Cycle
[330.409s][info][gc,marking  ] GC(288) Concurrent Clear Claimed Marks
[330.409s][info][gc,marking  ] GC(288) Concurrent Clear Claimed Marks 0.032ms
[330.409s][info][gc,marking  ] GC(288) Concurrent Scan Root Regions
[330.410s][info][gc,marking  ] GC(288) Concurrent Scan Root Regions 0.972ms
[330.410s][info][gc,marking  ] GC(288) Concurrent Mark (330.410s)
[330.410s][info][gc,marking  ] GC(288) Concurrent Mark From Roots
[330.410s][info][gc,task     ] GC(288) Using 2 workers of 2 for marking
[330.439s][info][gc,marking  ] GC(288) Concurrent Mark From Roots 29.007ms
[330.439s][info][gc,marking  ] GC(288) Concurrent Preclean
[330.439s][info][gc,marking  ] GC(288) Concurrent Preclean 0.053ms
[330.439s][info][gc,marking  ] GC(288) Concurrent Mark (330.410s, 330.439s) 29.117ms
[330.440s][info][gc,start    ] GC(288) Pause Remark
[330.441s][info][gc          ] GC(288) Pause Remark 43M->43M(84M) 1.204ms
[330.441s][info][gc,cpu      ] GC(288) User=0.00s Sys=0.01s Real=0.00s
[330.441s][info][gc,marking  ] GC(288) Concurrent Rebuild Remembered Sets
[330.460s][info][gc,marking  ] GC(288) Concurrent Rebuild Remembered Sets 19.093ms
[330.461s][info][gc,start    ] GC(288) Pause Cleanup
[330.461s][info][gc          ] GC(288) Pause Cleanup 47M->47M(84M) 0.082ms
[330.461s][info][gc,cpu      ] GC(288) User=0.00s Sys=0.00s Real=0.00s
[330.461s][info][gc,marking  ] GC(288) Concurrent Cleanup for Next Mark
[330.461s][info][gc,marking  ] GC(288) Concurrent Cleanup for Next Mark 0.104ms
[330.461s][info][gc          ] GC(288) Concurrent Cycle 51.915ms
[330.554s][info][gc,start    ] GC(289) Pause Young (Normal) (G1 Evacuation Pause)
[330.554s][info][gc,task     ] GC(289) Using 8 workers of 8 for evacuation
[330.555s][info][gc,phases   ] GC(289)   Pre Evacuate Collection Set: 0.0ms
[330.555s][info][gc,phases   ] GC(289)   Merge Heap Roots: 0.0ms
[330.555s][info][gc,phases   ] GC(289)   Evacuate Collection Set: 0.4ms
[330.555s][info][gc,phases   ] GC(289)   Post Evacuate Collection Set: 0.2ms
[330.555s][info][gc,phases   ] GC(289)   Other: 0.1ms
[330.555s][info][gc,heap     ] GC(289) Eden regions: 34->0(34)
[330.555s][info][gc,heap     ] GC(289) Survivor regions: 1->1(5)
[330.555s][info][gc,heap     ] GC(289) Old regions: 37->37
[330.555s][info][gc,heap     ] GC(289) Archive regions: 2->2
[330.555s][info][gc,heap     ] GC(289) Humongous regions: 0->0
[330.555s][info][gc,metaspace] GC(289) Metaspace: 50676K(51536K)->50676K(51536K) NonClass: 44549K(45136K)->44549K(45136K) Class: 6126K(6400K)->6126K(6400K)
[330.555s][info][gc          ] GC(289) Pause Young (Normal) (G1 Evacuation Pause) 71M->37M(84M) 0.920ms
[330.555s][info][gc,cpu      ] GC(289) User=0.00s Sys=0.00s Real=0.00s
[330.697s][info][gc,start    ] GC(290) Pause Young (Concurrent Start) (G1 Evacuation Pause)
[330.697s][info][gc,task     ] GC(290) Using 8 workers of 8 for evacuation
[330.698s][info][gc,phases   ] GC(290)   Pre Evacuate Collection Set: 0.1ms
[330.698s][info][gc,phases   ] GC(290)   Merge Heap Roots: 0.0ms
[330.698s][info][gc,phases   ] GC(290)   Evacuate Collection Set: 0.7ms
[330.698s][info][gc,phases   ] GC(290)   Post Evacuate Collection Set: 0.2ms
[330.698s][info][gc,phases   ] GC(290)   Other: 0.1ms
[330.698s][info][gc,heap     ] GC(290) Eden regions: 34->0(34)
[330.698s][info][gc,heap     ] GC(290) Survivor regions: 1->1(5)
[330.698s][info][gc,heap     ] GC(290) Old regions: 37->37
[330.698s][info][gc,heap     ] GC(290) Archive regions: 2->2
[330.698s][info][gc,heap     ] GC(290) Humongous regions: 0->0
[330.698s][info][gc,metaspace] GC(290) Metaspace: 50676K(51536K)->50676K(51536K) NonClass: 44549K(45136K)->44549K(45136K) Class: 6126K(6400K)->6126K(6400K)
[330.698s][info][gc          ] GC(290) Pause Young (Concurrent Start) (G1 Evacuation Pause) 71M->37M(84M) 1.225ms
[330.698s][info][gc,cpu      ] GC(290) User=0.00s Sys=0.00s Real=0.00s
[330.698s][info][gc          ] GC(291) Concurrent Cycle
[330.698s][info][gc,marking  ] GC(291) Concurrent Clear Claimed Marks
[330.698s][info][gc,marking  ] GC(291) Concurrent Clear Claimed Marks 0.026ms
[330.698s][info][gc,marking  ] GC(291) Concurrent Scan Root Regions
[330.699s][info][gc,marking  ] GC(291) Concurrent Scan Root Regions 0.808ms
[330.699s][info][gc,marking  ] GC(291) Concurrent Mark (330.699s)
[330.699s][info][gc,marking  ] GC(291) Concurrent Mark From Roots
[330.699s][info][gc,task     ] GC(291) Using 2 workers of 2 for marking
[330.730s][info][gc,marking  ] GC(291) Concurrent Mark From Roots 30.364ms
[330.730s][info][gc,marking  ] GC(291) Concurrent Preclean
[330.730s][info][gc,marking  ] GC(291) Concurrent Preclean 0.047ms
[330.730s][info][gc,marking  ] GC(291) Concurrent Mark (330.699s, 330.730s) 30.468ms
[330.730s][info][gc,start    ] GC(291) Pause Remark
[330.731s][info][gc          ] GC(291) Pause Remark 44M->44M(84M) 1.203ms
[330.731s][info][gc,cpu      ] GC(291) User=0.01s Sys=0.00s Real=0.00s
[330.731s][info][gc,marking  ] GC(291) Concurrent Rebuild Remembered Sets
[330.750s][info][gc,marking  ] GC(291) Concurrent Rebuild Remembered Sets 18.927ms
[330.751s][info][gc,start    ] GC(291) Pause Cleanup
[330.751s][info][gc          ] GC(291) Pause Cleanup 47M->47M(84M) 0.109ms
[330.751s][info][gc,cpu      ] GC(291) User=0.00s Sys=0.00s Real=0.00s
[330.751s][info][gc,marking  ] GC(291) Concurrent Cleanup for Next Mark
[330.752s][info][gc,marking  ] GC(291) Concurrent Cleanup for Next Mark 0.122ms
[330.752s][info][gc          ] GC(291) Concurrent Cycle 53.199ms
[330.859s][info][gc,start    ] GC(292) Pause Young (Normal) (G1 Evacuation Pause)
[330.859s][info][gc,task     ] GC(292) Using 8 workers of 8 for evacuation
[330.860s][info][gc,phases   ] GC(292)   Pre Evacuate Collection Set: 0.0ms
[330.860s][info][gc,phases   ] GC(292)   Merge Heap Roots: 0.1ms
[330.860s][info][gc,phases   ] GC(292)   Evacuate Collection Set: 0.4ms
[330.860s][info][gc,phases   ] GC(292)   Post Evacuate Collection Set: 0.3ms
[330.860s][info][gc,phases   ] GC(292)   Other: 0.1ms
[330.860s][info][gc,heap     ] GC(292) Eden regions: 34->0(34)
[330.860s][info][gc,heap     ] GC(292) Survivor regions: 1->1(5)
[330.860s][info][gc,heap     ] GC(292) Old regions: 37->37
[330.860s][info][gc,heap     ] GC(292) Archive regions: 2->2
[330.860s][info][gc,heap     ] GC(292) Humongous regions: 0->0
[330.860s][info][gc,metaspace] GC(292) Metaspace: 50676K(51536K)->50676K(51536K) NonClass: 44549K(45136K)->44549K(45136K) Class: 6126K(6400K)->6126K(6400K)
[330.860s][info][gc          ] GC(292) Pause Young (Normal) (G1 Evacuation Pause) 71M->37M(84M) 0.906ms
[330.860s][info][gc,cpu      ] GC(292) User=0.01s Sys=0.00s Real=0.00s
[331.000s][info][gc,start    ] GC(293) Pause Young (Concurrent Start) (G1 Evacuation Pause)
[331.000s][info][gc,task     ] GC(293) Using 8 workers of 8 for evacuation
[331.001s][info][gc,phases   ] GC(293)   Pre Evacuate Collection Set: 0.1ms
[331.001s][info][gc,phases   ] GC(293)   Merge Heap Roots: 0.0ms
[331.001s][info][gc,phases   ] GC(293)   Evacuate Collection Set: 0.6ms
[331.001s][info][gc,phases   ] GC(293)   Post Evacuate Collection Set: 0.2ms
[331.001s][info][gc,phases   ] GC(293)   Other: 0.2ms
[331.001s][info][gc,heap     ] GC(293) Eden regions: 34->0(34)
[331.001s][info][gc,heap     ] GC(293) Survivor regions: 1->1(5)
[331.001s][info][gc,heap     ] GC(293) Old regions: 37->37
[331.001s][info][gc,heap     ] GC(293) Archive regions: 2->2
[331.001s][info][gc,heap     ] GC(293) Humongous regions: 0->0
[331.001s][info][gc,metaspace] GC(293) Metaspace: 50676K(51536K)->50676K(51536K) NonClass: 44549K(45136K)->44549K(45136K) Class: 6126K(6400K)->6126K(6400K)
[331.001s][info][gc          ] GC(293) Pause Young (Concurrent Start) (G1 Evacuation Pause) 71M->38M(84M) 1.113ms
[331.001s][info][gc,cpu      ] GC(293) User=0.00s Sys=0.00s Real=0.00s
[331.001s][info][gc          ] GC(294) Concurrent Cycle
[331.001s][info][gc,marking  ] GC(294) Concurrent Clear Claimed Marks
[331.001s][info][gc,marking  ] GC(294) Concurrent Clear Claimed Marks 0.033ms
[331.001s][info][gc,marking  ] GC(294) Concurrent Scan Root Regions
[331.002s][info][gc,marking  ] GC(294) Concurrent Scan Root Regions 0.883ms
[331.002s][info][gc,marking  ] GC(294) Concurrent Mark (331.002s)
[331.002s][info][gc,marking  ] GC(294) Concurrent Mark From Roots
[331.002s][info][gc,task     ] GC(294) Using 2 workers of 2 for marking
[331.029s][info][gc,marking  ] GC(294) Concurrent Mark From Roots 27.015ms
[331.029s][info][gc,marking  ] GC(294) Concurrent Preclean
[331.029s][info][gc,marking  ] GC(294) Concurrent Preclean 0.076ms
[331.029s][info][gc,marking  ] GC(294) Concurrent Mark (331.002s, 331.029s) 27.164ms
[331.029s][info][gc,start    ] GC(294) Pause Remark
[331.030s][info][gc          ] GC(294) Pause Remark 43M->43M(84M) 1.185ms
[331.030s][info][gc,cpu      ] GC(294) User=0.00s Sys=0.00s Real=0.00s
[331.031s][info][gc,marking  ] GC(294) Concurrent Rebuild Remembered Sets
[331.048s][info][gc,marking  ] GC(294) Concurrent Rebuild Remembered Sets 17.568ms
[331.049s][info][gc,start    ] GC(294) Pause Cleanup
[331.049s][info][gc          ] GC(294) Pause Cleanup 47M->47M(84M) 0.097ms
[331.049s][info][gc,cpu      ] GC(294) User=0.00s Sys=0.00s Real=0.00s
[331.049s][info][gc,marking  ] GC(294) Concurrent Cleanup for Next Mark
[331.049s][info][gc,marking  ] GC(294) Concurrent Cleanup for Next Mark 0.100ms
[331.050s][info][gc          ] GC(294) Concurrent Cycle 48.557ms
[331.145s][info][gc,start    ] GC(295) Pause Young (Normal) (G1 Evacuation Pause)
[331.145s][info][gc,task     ] GC(295) Using 8 workers of 8 for evacuation
[331.146s][info][gc,phases   ] GC(295)   Pre Evacuate Collection Set: 0.0ms
[331.146s][info][gc,phases   ] GC(295)   Merge Heap Roots: 0.0ms
[331.146s][info][gc,phases   ] GC(295)   Evacuate Collection Set: 0.4ms
[331.146s][info][gc,phases   ] GC(295)   Post Evacuate Collection Set: 0.2ms
[331.146s][info][gc,phases   ] GC(295)   Other: 0.1ms
[331.146s][info][gc,heap     ] GC(295) Eden regions: 34->0(34)
[331.146s][info][gc,heap     ] GC(295) Survivor regions: 1->1(5)
[331.146s][info][gc,heap     ] GC(295) Old regions: 37->37
[331.146s][info][gc,heap     ] GC(295) Archive regions: 2->2
[331.146s][info][gc,heap     ] GC(295) Humongous regions: 0->0
[331.146s][info][gc,metaspace] GC(295) Metaspace: 50676K(51536K)->50676K(51536K) NonClass: 44549K(45136K)->44549K(45136K) Class: 6126K(6400K)->6126K(6400K)
[331.146s][info][gc          ] GC(295) Pause Young (Normal) (G1 Evacuation Pause) 72M->38M(84M) 0.898ms
[331.146s][info][gc,cpu      ] GC(295) User=0.01s Sys=0.00s Real=0.00s
[331.278s][info][gc,start    ] GC(296) Pause Young (Concurrent Start) (G1 Evacuation Pause)
[331.278s][info][gc,task     ] GC(296) Using 8 workers of 8 for evacuation
[331.279s][info][gc,phases   ] GC(296)   Pre Evacuate Collection Set: 0.1ms
[331.279s][info][gc,phases   ] GC(296)   Merge Heap Roots: 0.0ms
[331.279s][info][gc,phases   ] GC(296)   Evacuate Collection Set: 0.7ms
[331.279s][info][gc,phases   ] GC(296)   Post Evacuate Collection Set: 0.2ms
[331.279s][info][gc,phases   ] GC(296)   Other: 0.1ms
[331.279s][info][gc,heap     ] GC(296) Eden regions: 34->0(34)
[331.279s][info][gc,heap     ] GC(296) Survivor regions: 1->1(5)
[331.279s][info][gc,heap     ] GC(296) Old regions: 37->37
[331.279s][info][gc,heap     ] GC(296) Archive regions: 2->2
[331.279s][info][gc,heap     ] GC(296) Humongous regions: 0->0
[331.279s][info][gc,metaspace] GC(296) Metaspace: 50676K(51536K)->50676K(51536K) NonClass: 44549K(45136K)->44549K(45136K) Class: 6126K(6400K)->6126K(6400K)
[331.279s][info][gc          ] GC(296) Pause Young (Concurrent Start) (G1 Evacuation Pause) 72M->38M(84M) 1.217ms
[331.279s][info][gc,cpu      ] GC(296) User=0.00s Sys=0.00s Real=0.00s
[331.279s][info][gc          ] GC(297) Concurrent Cycle
[331.279s][info][gc,marking  ] GC(297) Concurrent Clear Claimed Marks
[331.279s][info][gc,marking  ] GC(297) Concurrent Clear Claimed Marks 0.032ms
[331.279s][info][gc,marking  ] GC(297) Concurrent Scan Root Regions
[331.280s][info][gc,marking  ] GC(297) Concurrent Scan Root Regions 0.914ms
[331.280s][info][gc,marking  ] GC(297) Concurrent Mark (331.280s)
[331.280s][info][gc,marking  ] GC(297) Concurrent Mark From Roots
[331.280s][info][gc,task     ] GC(297) Using 2 workers of 2 for marking
[331.307s][info][gc,marking  ] GC(297) Concurrent Mark From Roots 27.015ms
[331.307s][info][gc,marking  ] GC(297) Concurrent Preclean
[331.307s][info][gc,marking  ] GC(297) Concurrent Preclean 0.055ms
[331.307s][info][gc,marking  ] GC(297) Concurrent Mark (331.280s, 331.307s) 27.134ms
[331.307s][info][gc,start    ] GC(297) Pause Remark
[331.309s][info][gc          ] GC(297) Pause Remark 43M->43M(84M) 1.172ms
[331.309s][info][gc,cpu      ] GC(297) User=0.01s Sys=0.00s Real=0.00s
[331.309s][info][gc,marking  ] GC(297) Concurrent Rebuild Remembered Sets
[331.328s][info][gc,marking  ] GC(297) Concurrent Rebuild Remembered Sets 19.658ms
[331.329s][info][gc,start    ] GC(297) Pause Cleanup
[331.329s][info][gc          ] GC(297) Pause Cleanup 45M->45M(84M) 0.089ms
[331.329s][info][gc,cpu      ] GC(297) User=0.00s Sys=0.00s Real=0.00s
[331.329s][info][gc,marking  ] GC(297) Concurrent Cleanup for Next Mark
[331.330s][info][gc,marking  ] GC(297) Concurrent Cleanup for Next Mark 0.100ms
[331.330s][info][gc          ] GC(297) Concurrent Cycle 50.502ms
[331.447s][info][gc,start    ] GC(298) Pause Young (Normal) (G1 Evacuation Pause)
[331.447s][info][gc,task     ] GC(298) Using 8 workers of 8 for evacuation
[331.448s][info][gc,phases   ] GC(298)   Pre Evacuate Collection Set: 0.0ms
[331.448s][info][gc,phases   ] GC(298)   Merge Heap Roots: 0.0ms
[331.448s][info][gc,phases   ] GC(298)   Evacuate Collection Set: 0.4ms
[331.448s][info][gc,phases   ] GC(298)   Post Evacuate Collection Set: 0.2ms
[331.448s][info][gc,phases   ] GC(298)   Other: 0.1ms
[331.448s][info][gc,heap     ] GC(298) Eden regions: 34->0(34)
[331.448s][info][gc,heap     ] GC(298) Survivor regions: 1->1(5)
[331.448s][info][gc,heap     ] GC(298) Old regions: 37->37
[331.448s][info][gc,heap     ] GC(298) Archive regions: 2->2
[331.448s][info][gc,heap     ] GC(298) Humongous regions: 0->0
[331.448s][info][gc,metaspace] GC(298) Metaspace: 50676K(51536K)->50676K(51536K) NonClass: 44549K(45136K)->44549K(45136K) Class: 6126K(6400K)->6126K(6400K)
[331.448s][info][gc          ] GC(298) Pause Young (Normal) (G1 Evacuation Pause) 72M->38M(84M) 0.886ms
[331.448s][info][gc,cpu      ] GC(298) User=0.00s Sys=0.00s Real=0.00s
[331.593s][info][gc,start    ] GC(299) Pause Young (Concurrent Start) (G1 Evacuation Pause)
[331.593s][info][gc,task     ] GC(299) Using 8 workers of 8 for evacuation
[331.594s][info][gc,phases   ] GC(299)   Pre Evacuate Collection Set: 0.1ms
[331.594s][info][gc,phases   ] GC(299)   Merge Heap Roots: 0.0ms
[331.594s][info][gc,phases   ] GC(299)   Evacuate Collection Set: 0.7ms
[331.594s][info][gc,phases   ] GC(299)   Post Evacuate Collection Set: 0.2ms
[331.594s][info][gc,phases   ] GC(299)   Other: 0.2ms
[331.595s][info][gc,heap     ] GC(299) Eden regions: 34->0(34)
[331.595s][info][gc,heap     ] GC(299) Survivor regions: 1->1(5)
[331.595s][info][gc,heap     ] GC(299) Old regions: 37->37
[331.595s][info][gc,heap     ] GC(299) Archive regions: 2->2
[331.595s][info][gc,heap     ] GC(299) Humongous regions: 0->0
[331.595s][info][gc,metaspace] GC(299) Metaspace: 50676K(51536K)->50676K(51536K) NonClass: 44549K(45136K)->44549K(45136K) Class: 6126K(6400K)->6126K(6400K)
[331.595s][info][gc          ] GC(299) Pause Young (Concurrent Start) (G1 Evacuation Pause) 72M->38M(84M) 1.206ms
[331.595s][info][gc,cpu      ] GC(299) User=0.00s Sys=0.01s Real=0.00s
[331.595s][info][gc          ] GC(300) Concurrent Cycle
[331.595s][info][gc,marking  ] GC(300) Concurrent Clear Claimed Marks
[331.595s][info][gc,marking  ] GC(300) Concurrent Clear Claimed Marks 0.030ms
[331.595s][info][gc,marking  ] GC(300) Concurrent Scan Root Regions
[331.595s][info][gc,marking  ] GC(300) Concurrent Scan Root Regions 0.812ms
[331.595s][info][gc,marking  ] GC(300) Concurrent Mark (331.595s)
[331.596s][info][gc,marking  ] GC(300) Concurrent Mark From Roots
[331.596s][info][gc,task     ] GC(300) Using 2 workers of 2 for marking
[331.623s][info][gc,marking  ] GC(300) Concurrent Mark From Roots 27.936ms
[331.623s][info][gc,marking  ] GC(300) Concurrent Preclean
[331.624s][info][gc,marking  ] GC(300) Concurrent Preclean 0.048ms
[331.624s][info][gc,marking  ] GC(300) Concurrent Mark (331.595s, 331.624s) 28.035ms
[331.624s][info][gc,start    ] GC(300) Pause Remark
[331.625s][info][gc          ] GC(300) Pause Remark 43M->43M(84M) 1.174ms
[331.625s][info][gc,cpu      ] GC(300) User=0.01s Sys=0.00s Real=0.00s
[331.625s][info][gc,marking  ] GC(300) Concurrent Rebuild Remembered Sets
[331.643s][info][gc,marking  ] GC(300) Concurrent Rebuild Remembered Sets 18.196ms
[331.644s][info][gc,start    ] GC(300) Pause Cleanup
[331.644s][info][gc          ] GC(300) Pause Cleanup 47M->47M(84M) 0.087ms
[331.644s][info][gc,cpu      ] GC(300) User=0.00s Sys=0.00s Real=0.00s
[331.644s][info][gc,marking  ] GC(300) Concurrent Cleanup for Next Mark
[331.644s][info][gc,marking  ] GC(300) Concurrent Cleanup for Next Mark 0.147ms
[331.644s][info][gc          ] GC(300) Concurrent Cycle 49.812ms
[331.739s][info][gc,start    ] GC(301) Pause Young (Normal) (G1 Evacuation Pause)
[331.739s][info][gc,task     ] GC(301) Using 8 workers of 8 for evacuation
[331.740s][info][gc,phases   ] GC(301)   Pre Evacuate Collection Set: 0.0ms
[331.740s][info][gc,phases   ] GC(301)   Merge Heap Roots: 0.0ms
[331.740s][info][gc,phases   ] GC(301)   Evacuate Collection Set: 0.4ms
[331.740s][info][gc,phases   ] GC(301)   Post Evacuate Collection Set: 0.2ms
[331.740s][info][gc,phases   ] GC(301)   Other: 0.1ms
[331.740s][info][gc,heap     ] GC(301) Eden regions: 34->0(34)
[331.740s][info][gc,heap     ] GC(301) Survivor regions: 1->1(5)
[331.740s][info][gc,heap     ] GC(301) Old regions: 37->37
[331.740s][info][gc,heap     ] GC(301) Archive regions: 2->2
[331.740s][info][gc,heap     ] GC(301) Humongous regions: 0->0
[331.740s][info][gc,metaspace] GC(301) Metaspace: 50676K(51536K)->50676K(51536K) NonClass: 44549K(45136K)->44549K(45136K) Class: 6126K(6400K)->6126K(6400K)
[331.740s][info][gc          ] GC(301) Pause Young (Normal) (G1 Evacuation Pause) 72M->38M(84M) 0.847ms
[331.740s][info][gc,cpu      ] GC(301) User=0.00s Sys=0.00s Real=0.00s
[331.884s][info][gc,start    ] GC(302) Pause Young (Concurrent Start) (G1 Evacuation Pause)
[331.884s][info][gc,task     ] GC(302) Using 8 workers of 8 for evacuation
[331.885s][info][gc,phases   ] GC(302)   Pre Evacuate Collection Set: 0.1ms
[331.885s][info][gc,phases   ] GC(302)   Merge Heap Roots: 0.0ms
[331.885s][info][gc,phases   ] GC(302)   Evacuate Collection Set: 0.5ms
[331.885s][info][gc,phases   ] GC(302)   Post Evacuate Collection Set: 0.2ms
[331.885s][info][gc,phases   ] GC(302)   Other: 0.2ms
[331.885s][info][gc,heap     ] GC(302) Eden regions: 34->0(34)
[331.885s][info][gc,heap     ] GC(302) Survivor regions: 1->1(5)
[331.885s][info][gc,heap     ] GC(302) Old regions: 37->37
[331.885s][info][gc,heap     ] GC(302) Archive regions: 2->2
[331.885s][info][gc,heap     ] GC(302) Humongous regions: 0->0
[331.885s][info][gc,metaspace] GC(302) Metaspace: 50676K(51536K)->50676K(51536K) NonClass: 44549K(45136K)->44549K(45136K) Class: 6126K(6400K)->6126K(6400K)
[331.885s][info][gc          ] GC(302) Pause Young (Concurrent Start) (G1 Evacuation Pause) 72M->38M(84M) 1.133ms
[331.885s][info][gc,cpu      ] GC(302) User=0.01s Sys=0.00s Real=0.00s
[331.885s][info][gc          ] GC(303) Concurrent Cycle
[331.885s][info][gc,marking  ] GC(303) Concurrent Clear Claimed Marks
[331.885s][info][gc,marking  ] GC(303) Concurrent Clear Claimed Marks 0.027ms
[331.885s][info][gc,marking  ] GC(303) Concurrent Scan Root Regions
[331.886s][info][gc,marking  ] GC(303) Concurrent Scan Root Regions 1.006ms
[331.886s][info][gc,marking  ] GC(303) Concurrent Mark (331.886s)
[331.886s][info][gc,marking  ] GC(303) Concurrent Mark From Roots
[331.886s][info][gc,task     ] GC(303) Using 2 workers of 2 for marking
[331.917s][info][gc,marking  ] GC(303) Concurrent Mark From Roots 30.565ms
[331.917s][info][gc,marking  ] GC(303) Concurrent Preclean
[331.917s][info][gc,marking  ] GC(303) Concurrent Preclean 0.054ms
[331.917s][info][gc,marking  ] GC(303) Concurrent Mark (331.886s, 331.917s) 30.679ms
[331.917s][info][gc,start    ] GC(303) Pause Remark
[331.918s][info][gc          ] GC(303) Pause Remark 44M->44M(84M) 1.195ms
[331.918s][info][gc,cpu      ] GC(303) User=0.01s Sys=0.00s Real=0.00s
[331.918s][info][gc,marking  ] GC(303) Concurrent Rebuild Remembered Sets
[331.939s][info][gc,marking  ] GC(303) Concurrent Rebuild Remembered Sets 20.924ms
[331.940s][info][gc,start    ] GC(303) Pause Cleanup
[331.940s][info][gc          ] GC(303) Pause Cleanup 48M->48M(84M) 0.134ms
[331.940s][info][gc,cpu      ] GC(303) User=0.00s Sys=0.00s Real=0.00s
[331.940s][info][gc,marking  ] GC(303) Concurrent Cleanup for Next Mark
[331.940s][info][gc,marking  ] GC(303) Concurrent Cleanup for Next Mark 0.117ms
[331.941s][info][gc          ] GC(303) Concurrent Cycle 55.354ms
[332.036s][info][gc,start    ] GC(304) Pause Young (Normal) (G1 Evacuation Pause)
[332.036s][info][gc,task     ] GC(304) Using 8 workers of 8 for evacuation
[332.037s][info][gc,phases   ] GC(304)   Pre Evacuate Collection Set: 0.0ms
[332.037s][info][gc,phases   ] GC(304)   Merge Heap Roots: 0.0ms
[332.037s][info][gc,phases   ] GC(304)   Evacuate Collection Set: 0.4ms
[332.037s][info][gc,phases   ] GC(304)   Post Evacuate Collection Set: 0.2ms
[332.037s][info][gc,phases   ] GC(304)   Other: 0.1ms
[332.037s][info][gc,heap     ] GC(304) Eden regions: 34->0(33)
[332.037s][info][gc,heap     ] GC(304) Survivor regions: 1->1(5)
[332.037s][info][gc,heap     ] GC(304) Old regions: 37->38
[332.037s][info][gc,heap     ] GC(304) Archive regions: 2->2
[332.037s][info][gc,heap     ] GC(304) Humongous regions: 0->0
[332.037s][info][gc,metaspace] GC(304) Metaspace: 50677K(51536K)->50677K(51536K) NonClass: 44551K(45136K)->44551K(45136K) Class: 6126K(6400K)->6126K(6400K)
[332.037s][info][gc          ] GC(304) Pause Young (Normal) (G1 Evacuation Pause) 72M->38M(84M) 0.841ms
[332.037s][info][gc,cpu      ] GC(304) User=0.00s Sys=0.00s Real=0.00s
[332.170s][info][gc,start    ] GC(305) Pause Young (Concurrent Start) (G1 Evacuation Pause)
[332.170s][info][gc,task     ] GC(305) Using 8 workers of 8 for evacuation
[332.171s][info][gc,phases   ] GC(305)   Pre Evacuate Collection Set: 0.1ms
[332.171s][info][gc,phases   ] GC(305)   Merge Heap Roots: 0.0ms
[332.171s][info][gc,phases   ] GC(305)   Evacuate Collection Set: 0.8ms
[332.171s][info][gc,phases   ] GC(305)   Post Evacuate Collection Set: 0.2ms
[332.171s][info][gc,phases   ] GC(305)   Other: 0.2ms
[332.171s][info][gc,heap     ] GC(305) Eden regions: 33->0(33)
[332.171s][info][gc,heap     ] GC(305) Survivor regions: 1->1(5)
[332.171s][info][gc,heap     ] GC(305) Old regions: 38->38
[332.171s][info][gc,heap     ] GC(305) Archive regions: 2->2
[332.171s][info][gc,heap     ] GC(305) Humongous regions: 0->0
[332.171s][info][gc,metaspace] GC(305) Metaspace: 50677K(51536K)->50677K(51536K) NonClass: 44551K(45136K)->44551K(45136K) Class: 6126K(6400K)->6126K(6400K)
[332.171s][info][gc          ] GC(305) Pause Young (Concurrent Start) (G1 Evacuation Pause) 71M->38M(84M) 1.421ms
[332.171s][info][gc,cpu      ] GC(305) User=0.01s Sys=0.00s Real=0.00s
[332.171s][info][gc          ] GC(306) Concurrent Cycle
[332.171s][info][gc,marking  ] GC(306) Concurrent Clear Claimed Marks
[332.171s][info][gc,marking  ] GC(306) Concurrent Clear Claimed Marks 0.041ms
[332.171s][info][gc,marking  ] GC(306) Concurrent Scan Root Regions
[332.172s][info][gc,marking  ] GC(306) Concurrent Scan Root Regions 1.019ms
[332.172s][info][gc,marking  ] GC(306) Concurrent Mark (332.172s)
[332.172s][info][gc,marking  ] GC(306) Concurrent Mark From Roots
[332.172s][info][gc,task     ] GC(306) Using 2 workers of 2 for marking
[332.203s][info][gc,marking  ] GC(306) Concurrent Mark From Roots 30.876ms
[332.203s][info][gc,marking  ] GC(306) Concurrent Preclean
[332.203s][info][gc,marking  ] GC(306) Concurrent Preclean 0.068ms
[332.203s][info][gc,marking  ] GC(306) Concurrent Mark (332.172s, 332.203s) 31.016ms
[332.204s][info][gc,start    ] GC(306) Pause Remark
[332.205s][info][gc          ] GC(306) Pause Remark 45M->45M(84M) 1.207ms
[332.205s][info][gc,cpu      ] GC(306) User=0.00s Sys=0.01s Real=0.00s
[332.205s][info][gc,marking  ] GC(306) Concurrent Rebuild Remembered Sets
[332.223s][info][gc,marking  ] GC(306) Concurrent Rebuild Remembered Sets 18.268ms
[332.224s][info][gc,start    ] GC(306) Pause Cleanup
[332.224s][info][gc          ] GC(306) Pause Cleanup 48M->48M(84M) 0.083ms
[332.224s][info][gc,cpu      ] GC(306) User=0.00s Sys=0.00s Real=0.00s
[332.224s][info][gc,marking  ] GC(306) Concurrent Cleanup for Next Mark
[332.224s][info][gc,marking  ] GC(306) Concurrent Cleanup for Next Mark 0.108ms
[332.224s][info][gc          ] GC(306) Concurrent Cycle 53.025ms
[332.313s][info][gc,start    ] GC(307) Pause Young (Normal) (G1 Evacuation Pause)
[332.313s][info][gc,task     ] GC(307) Using 8 workers of 8 for evacuation
[332.314s][info][gc,phases   ] GC(307)   Pre Evacuate Collection Set: 0.0ms
[332.314s][info][gc,phases   ] GC(307)   Merge Heap Roots: 0.0ms
[332.314s][info][gc,phases   ] GC(307)   Evacuate Collection Set: 0.5ms
[332.314s][info][gc,phases   ] GC(307)   Post Evacuate Collection Set: 0.2ms
[332.314s][info][gc,phases   ] GC(307)   Other: 0.1ms
[332.314s][info][gc,heap     ] GC(307) Eden regions: 33->0(33)
[332.314s][info][gc,heap     ] GC(307) Survivor regions: 1->1(5)
[332.314s][info][gc,heap     ] GC(307) Old regions: 38->38
[332.314s][info][gc,heap     ] GC(307) Archive regions: 2->2
[332.314s][info][gc,heap     ] GC(307) Humongous regions: 0->0
[332.314s][info][gc,metaspace] GC(307) Metaspace: 50677K(51536K)->50677K(51536K) NonClass: 44551K(45136K)->44551K(45136K) Class: 6126K(6400K)->6126K(6400K)
[332.314s][info][gc          ] GC(307) Pause Young (Normal) (G1 Evacuation Pause) 71M->38M(84M) 0.992ms
[332.314s][info][gc,cpu      ] GC(307) User=0.01s Sys=0.00s Real=0.00s
[332.439s][info][gc,start    ] GC(308) Pause Young (Concurrent Start) (G1 Evacuation Pause)
[332.439s][info][gc,task     ] GC(308) Using 8 workers of 8 for evacuation
[332.440s][info][gc,phases   ] GC(308)   Pre Evacuate Collection Set: 0.1ms
[332.440s][info][gc,phases   ] GC(308)   Merge Heap Roots: 0.0ms
[332.440s][info][gc,phases   ] GC(308)   Evacuate Collection Set: 0.7ms
[332.440s][info][gc,phases   ] GC(308)   Post Evacuate Collection Set: 0.2ms
[332.440s][info][gc,phases   ] GC(308)   Other: 0.1ms
[332.440s][info][gc,heap     ] GC(308) Eden regions: 33->0(33)
[332.440s][info][gc,heap     ] GC(308) Survivor regions: 1->1(5)
[332.440s][info][gc,heap     ] GC(308) Old regions: 38->38
[332.440s][info][gc,heap     ] GC(308) Archive regions: 2->2
[332.440s][info][gc,heap     ] GC(308) Humongous regions: 0->0
[332.440s][info][gc,metaspace] GC(308) Metaspace: 50677K(51536K)->50677K(51536K) NonClass: 44551K(45136K)->44551K(45136K) Class: 6126K(6400K)->6126K(6400K)
[332.440s][info][gc          ] GC(308) Pause Young (Concurrent Start) (G1 Evacuation Pause) 71M->38M(84M) 1.188ms
[332.440s][info][gc,cpu      ] GC(308) User=0.00s Sys=0.00s Real=0.00s
[332.440s][info][gc          ] GC(309) Concurrent Cycle
[332.440s][info][gc,marking  ] GC(309) Concurrent Clear Claimed Marks
[332.440s][info][gc,marking  ] GC(309) Concurrent Clear Claimed Marks 0.031ms
[332.440s][info][gc,marking  ] GC(309) Concurrent Scan Root Regions
[332.441s][info][gc,marking  ] GC(309) Concurrent Scan Root Regions 0.916ms
[332.441s][info][gc,marking  ] GC(309) Concurrent Mark (332.441s)
[332.441s][info][gc,marking  ] GC(309) Concurrent Mark From Roots
[332.441s][info][gc,task     ] GC(309) Using 2 workers of 2 for marking
[332.471s][info][gc,marking  ] GC(309) Concurrent Mark From Roots 29.638ms
[332.471s][info][gc,marking  ] GC(309) Concurrent Preclean
[332.471s][info][gc,marking  ] GC(309) Concurrent Preclean 0.072ms
[332.471s][info][gc,marking  ] GC(309) Concurrent Mark (332.441s, 332.471s) 29.784ms
[332.471s][info][gc,start    ] GC(309) Pause Remark
[332.473s][info][gc          ] GC(309) Pause Remark 44M->44M(84M) 1.215ms
[332.473s][info][gc,cpu      ] GC(309) User=0.01s Sys=0.00s Real=0.01s
[332.473s][info][gc,marking  ] GC(309) Concurrent Rebuild Remembered Sets
[332.492s][info][gc,marking  ] GC(309) Concurrent Rebuild Remembered Sets 19.528ms
[332.493s][info][gc,start    ] GC(309) Pause Cleanup
[332.493s][info][gc          ] GC(309) Pause Cleanup 47M->47M(84M) 0.102ms
[332.493s][info][gc,cpu      ] GC(309) User=0.00s Sys=0.00s Real=0.00s
[332.493s][info][gc,marking  ] GC(309) Concurrent Cleanup for Next Mark
[332.494s][info][gc,marking  ] GC(309) Concurrent Cleanup for Next Mark 0.173ms
[332.494s][info][gc          ] GC(309) Concurrent Cycle 53.390ms
[332.579s][info][gc,start    ] GC(310) Pause Young (Normal) (G1 Evacuation Pause)
[332.579s][info][gc,task     ] GC(310) Using 8 workers of 8 for evacuation
[332.580s][info][gc,phases   ] GC(310)   Pre Evacuate Collection Set: 0.0ms
[332.580s][info][gc,phases   ] GC(310)   Merge Heap Roots: 0.0ms
[332.580s][info][gc,phases   ] GC(310)   Evacuate Collection Set: 0.5ms
[332.580s][info][gc,phases   ] GC(310)   Post Evacuate Collection Set: 0.2ms
[332.580s][info][gc,phases   ] GC(310)   Other: 0.2ms
[332.580s][info][gc,heap     ] GC(310) Eden regions: 33->0(33)
[332.580s][info][gc,heap     ] GC(310) Survivor regions: 1->1(5)
[332.580s][info][gc,heap     ] GC(310) Old regions: 38->38
[332.580s][info][gc,heap     ] GC(310) Archive regions: 2->2
[332.580s][info][gc,heap     ] GC(310) Humongous regions: 0->0
[332.580s][info][gc,metaspace] GC(310) Metaspace: 50677K(51536K)->50677K(51536K) NonClass: 44551K(45136K)->44551K(45136K) Class: 6126K(6400K)->6126K(6400K)
[332.580s][info][gc          ] GC(310) Pause Young (Normal) (G1 Evacuation Pause) 71M->38M(84M) 1.112ms
[332.580s][info][gc,cpu      ] GC(310) User=0.00s Sys=0.00s Real=0.00s
[332.718s][info][gc,start    ] GC(311) Pause Young (Concurrent Start) (G1 Evacuation Pause)
[332.718s][info][gc,task     ] GC(311) Using 8 workers of 8 for evacuation
[332.719s][info][gc,phases   ] GC(311)   Pre Evacuate Collection Set: 0.1ms
[332.719s][info][gc,phases   ] GC(311)   Merge Heap Roots: 0.0ms
[332.719s][info][gc,phases   ] GC(311)   Evacuate Collection Set: 0.5ms
[332.719s][info][gc,phases   ] GC(311)   Post Evacuate Collection Set: 0.2ms
[332.719s][info][gc,phases   ] GC(311)   Other: 0.2ms
[332.719s][info][gc,heap     ] GC(311) Eden regions: 33->0(33)
[332.719s][info][gc,heap     ] GC(311) Survivor regions: 1->1(5)
[332.719s][info][gc,heap     ] GC(311) Old regions: 38->38
[332.719s][info][gc,heap     ] GC(311) Archive regions: 2->2
[332.719s][info][gc,heap     ] GC(311) Humongous regions: 0->0
[332.719s][info][gc,metaspace] GC(311) Metaspace: 50677K(51536K)->50677K(51536K) NonClass: 44551K(45136K)->44551K(45136K) Class: 6126K(6400K)->6126K(6400K)
[332.719s][info][gc          ] GC(311) Pause Young (Concurrent Start) (G1 Evacuation Pause) 71M->38M(84M) 1.060ms
[332.719s][info][gc,cpu      ] GC(311) User=0.00s Sys=0.00s Real=0.00s
[332.719s][info][gc          ] GC(312) Concurrent Cycle
[332.719s][info][gc,marking  ] GC(312) Concurrent Clear Claimed Marks
[332.719s][info][gc,marking  ] GC(312) Concurrent Clear Claimed Marks 0.039ms
[332.719s][info][gc,marking  ] GC(312) Concurrent Scan Root Regions
[332.720s][info][gc,marking  ] GC(312) Concurrent Scan Root Regions 0.917ms
[332.720s][info][gc,marking  ] GC(312) Concurrent Mark (332.720s)
[332.720s][info][gc,marking  ] GC(312) Concurrent Mark From Roots
[332.720s][info][gc,task     ] GC(312) Using 2 workers of 2 for marking
[332.750s][info][gc,marking  ] GC(312) Concurrent Mark From Roots 30.266ms
[332.750s][info][gc,marking  ] GC(312) Concurrent Preclean
[332.750s][info][gc,marking  ] GC(312) Concurrent Preclean 0.061ms
[332.750s][info][gc,marking  ] GC(312) Concurrent Mark (332.720s, 332.750s) 30.394ms
[332.750s][info][gc,start    ] GC(312) Pause Remark
[332.752s][info][gc          ] GC(312) Pause Remark 44M->44M(84M) 1.351ms
[332.752s][info][gc,cpu      ] GC(312) User=0.01s Sys=0.00s Real=0.01s
[332.752s][info][gc,marking  ] GC(312) Concurrent Rebuild Remembered Sets
[332.771s][info][gc,marking  ] GC(312) Concurrent Rebuild Remembered Sets 19.207ms
[332.772s][info][gc,start    ] GC(312) Pause Cleanup
[332.772s][info][gc          ] GC(312) Pause Cleanup 48M->48M(84M) 0.079ms
[332.772s][info][gc,cpu      ] GC(312) User=0.00s Sys=0.00s Real=0.00s
[332.772s][info][gc,marking  ] GC(312) Concurrent Cleanup for Next Mark
[332.772s][info][gc,marking  ] GC(312) Concurrent Cleanup for Next Mark 0.098ms
[332.772s][info][gc          ] GC(312) Concurrent Cycle 53.421ms
[332.875s][info][gc,start    ] GC(313) Pause Young (Normal) (G1 Evacuation Pause)
[332.875s][info][gc,task     ] GC(313) Using 8 workers of 8 for evacuation
[332.876s][info][gc,phases   ] GC(313)   Pre Evacuate Collection Set: 0.0ms
[332.876s][info][gc,phases   ] GC(313)   Merge Heap Roots: 0.0ms
[332.876s][info][gc,phases   ] GC(313)   Evacuate Collection Set: 0.4ms
[332.876s][info][gc,phases   ] GC(313)   Post Evacuate Collection Set: 0.2ms
[332.876s][info][gc,phases   ] GC(313)   Other: 0.1ms
[332.876s][info][gc,heap     ] GC(313) Eden regions: 33->0(33)
[332.876s][info][gc,heap     ] GC(313) Survivor regions: 1->1(5)
[332.876s][info][gc,heap     ] GC(313) Old regions: 38->38
[332.876s][info][gc,heap     ] GC(313) Archive regions: 2->2
[332.876s][info][gc,heap     ] GC(313) Humongous regions: 0->0
[332.876s][info][gc,metaspace] GC(313) Metaspace: 50678K(51536K)->50678K(51536K) NonClass: 44551K(45136K)->44551K(45136K) Class: 6126K(6400K)->6126K(6400K)
[332.876s][info][gc          ] GC(313) Pause Young (Normal) (G1 Evacuation Pause) 71M->38M(84M) 0.875ms
[332.876s][info][gc,cpu      ] GC(313) User=0.00s Sys=0.00s Real=0.00s
[333.014s][info][gc,start    ] GC(314) Pause Young (Concurrent Start) (G1 Evacuation Pause)
[333.014s][info][gc,task     ] GC(314) Using 8 workers of 8 for evacuation
[333.015s][info][gc,phases   ] GC(314)   Pre Evacuate Collection Set: 0.1ms
[333.015s][info][gc,phases   ] GC(314)   Merge Heap Roots: 0.0ms
[333.015s][info][gc,phases   ] GC(314)   Evacuate Collection Set: 0.7ms
[333.015s][info][gc,phases   ] GC(314)   Post Evacuate Collection Set: 0.2ms
[333.015s][info][gc,phases   ] GC(314)   Other: 0.2ms
[333.015s][info][gc,heap     ] GC(314) Eden regions: 33->0(33)
[333.015s][info][gc,heap     ] GC(314) Survivor regions: 1->1(5)
[333.015s][info][gc,heap     ] GC(314) Old regions: 38->38
[333.015s][info][gc,heap     ] GC(314) Archive regions: 2->2
[333.015s][info][gc,heap     ] GC(314) Humongous regions: 0->0
[333.015s][info][gc,metaspace] GC(314) Metaspace: 50678K(51536K)->50678K(51536K) NonClass: 44551K(45136K)->44551K(45136K) Class: 6126K(6400K)->6126K(6400K)
[333.015s][info][gc          ] GC(314) Pause Young (Concurrent Start) (G1 Evacuation Pause) 71M->38M(84M) 1.203ms
[333.015s][info][gc,cpu      ] GC(314) User=0.01s Sys=0.00s Real=0.00s
[333.015s][info][gc          ] GC(315) Concurrent Cycle
[333.015s][info][gc,marking  ] GC(315) Concurrent Clear Claimed Marks
[333.015s][info][gc,marking  ] GC(315) Concurrent Clear Claimed Marks 0.023ms
[333.015s][info][gc,marking  ] GC(315) Concurrent Scan Root Regions
[333.016s][info][gc,marking  ] GC(315) Concurrent Scan Root Regions 0.682ms
[333.016s][info][gc,marking  ] GC(315) Concurrent Mark (333.016s)
[333.016s][info][gc,marking  ] GC(315) Concurrent Mark From Roots
[333.016s][info][gc,task     ] GC(315) Using 2 workers of 2 for marking
[333.046s][info][gc,marking  ] GC(315) Concurrent Mark From Roots 30.564ms
[333.046s][info][gc,marking  ] GC(315) Concurrent Preclean
[333.046s][info][gc,marking  ] GC(315) Concurrent Preclean 0.048ms
[333.046s][info][gc,marking  ] GC(315) Concurrent Mark (333.016s, 333.046s) 30.669ms
[333.047s][info][gc,start    ] GC(315) Pause Remark
[333.048s][info][gc          ] GC(315) Pause Remark 43M->43M(84M) 1.191ms
[333.048s][info][gc,cpu      ] GC(315) User=0.01s Sys=0.00s Real=0.00s
[333.048s][info][gc,marking  ] GC(315) Concurrent Rebuild Remembered Sets
[333.067s][info][gc,marking  ] GC(315) Concurrent Rebuild Remembered Sets 18.890ms
[333.068s][info][gc,start    ] GC(315) Pause Cleanup
[333.068s][info][gc          ] GC(315) Pause Cleanup 47M->47M(84M) 0.097ms
[333.068s][info][gc,cpu      ] GC(315) User=0.00s Sys=0.00s Real=0.00s
[333.068s][info][gc,marking  ] GC(315) Concurrent Cleanup for Next Mark
[333.068s][info][gc,marking  ] GC(315) Concurrent Cleanup for Next Mark 0.122ms
[333.068s][info][gc          ] GC(315) Concurrent Cycle 53.272ms
[333.170s][info][gc,start    ] GC(316) Pause Young (Normal) (G1 Evacuation Pause)
[333.170s][info][gc,task     ] GC(316) Using 8 workers of 8 for evacuation
[333.171s][info][gc,phases   ] GC(316)   Pre Evacuate Collection Set: 0.0ms
[333.171s][info][gc,phases   ] GC(316)   Merge Heap Roots: 0.0ms
[333.171s][info][gc,phases   ] GC(316)   Evacuate Collection Set: 0.4ms
[333.171s][info][gc,phases   ] GC(316)   Post Evacuate Collection Set: 0.2ms
[333.171s][info][gc,phases   ] GC(316)   Other: 0.1ms
[333.171s][info][gc,heap     ] GC(316) Eden regions: 33->0(33)
[333.171s][info][gc,heap     ] GC(316) Survivor regions: 1->1(5)
[333.171s][info][gc,heap     ] GC(316) Old regions: 38->38
[333.171s][info][gc,heap     ] GC(316) Archive regions: 2->2
[333.171s][info][gc,heap     ] GC(316) Humongous regions: 0->0
[333.171s][info][gc,metaspace] GC(316) Metaspace: 50678K(51536K)->50678K(51536K) NonClass: 44552K(45136K)->44552K(45136K) Class: 6126K(6400K)->6126K(6400K)
[333.171s][info][gc          ] GC(316) Pause Young (Normal) (G1 Evacuation Pause) 71M->38M(84M) 0.842ms
[333.171s][info][gc,cpu      ] GC(316) User=0.00s Sys=0.00s Real=0.00s
[333.316s][info][gc,start    ] GC(317) Pause Young (Concurrent Start) (G1 Evacuation Pause)
[333.316s][info][gc,task     ] GC(317) Using 8 workers of 8 for evacuation
[333.317s][info][gc,phases   ] GC(317)   Pre Evacuate Collection Set: 0.1ms
[333.317s][info][gc,phases   ] GC(317)   Merge Heap Roots: 0.0ms
[333.317s][info][gc,phases   ] GC(317)   Evacuate Collection Set: 0.8ms
[333.317s][info][gc,phases   ] GC(317)   Post Evacuate Collection Set: 0.2ms
[333.317s][info][gc,phases   ] GC(317)   Other: 0.2ms
[333.317s][info][gc,heap     ] GC(317) Eden regions: 33->0(33)
[333.317s][info][gc,heap     ] GC(317) Survivor regions: 1->1(5)
[333.317s][info][gc,heap     ] GC(317) Old regions: 38->38
[333.317s][info][gc,heap     ] GC(317) Archive regions: 2->2
[333.317s][info][gc,heap     ] GC(317) Humongous regions: 0->0
[333.317s][info][gc,metaspace] GC(317) Metaspace: 50678K(51536K)->50678K(51536K) NonClass: 44552K(45136K)->44552K(45136K) Class: 6126K(6400K)->6126K(6400K)
[333.317s][info][gc          ] GC(317) Pause Young (Concurrent Start) (G1 Evacuation Pause) 71M->38M(84M) 1.371ms
[333.317s][info][gc,cpu      ] GC(317) User=0.01s Sys=0.00s Real=0.00s
[333.317s][info][gc          ] GC(318) Concurrent Cycle
[333.317s][info][gc,marking  ] GC(318) Concurrent Clear Claimed Marks
[333.317s][info][gc,marking  ] GC(318) Concurrent Clear Claimed Marks 0.037ms
[333.317s][info][gc,marking  ] GC(318) Concurrent Scan Root Regions
[333.318s][info][gc,marking  ] GC(318) Concurrent Scan Root Regions 0.714ms
[333.318s][info][gc,marking  ] GC(318) Concurrent Mark (333.318s)
[333.318s][info][gc,marking  ] GC(318) Concurrent Mark From Roots
[333.318s][info][gc,task     ] GC(318) Using 2 workers of 2 for marking
[333.344s][info][gc,marking  ] GC(318) Concurrent Mark From Roots 26.365ms
[333.344s][info][gc,marking  ] GC(318) Concurrent Preclean
[333.345s][info][gc,marking  ] GC(318) Concurrent Preclean 0.074ms
[333.345s][info][gc,marking  ] GC(318) Concurrent Mark (333.318s, 333.345s) 26.511ms
[333.345s][info][gc,start    ] GC(318) Pause Remark
[333.346s][info][gc          ] GC(318) Pause Remark 42M->42M(84M) 1.230ms
[333.346s][info][gc,cpu      ] GC(318) User=0.00s Sys=0.00s Real=0.00s
[333.346s][info][gc,marking  ] GC(318) Concurrent Rebuild Remembered Sets
[333.364s][info][gc,marking  ] GC(318) Concurrent Rebuild Remembered Sets 17.709ms
[333.365s][info][gc,start    ] GC(318) Pause Cleanup
[333.365s][info][gc          ] GC(318) Pause Cleanup 45M->45M(84M) 0.100ms
[333.365s][info][gc,cpu      ] GC(318) User=0.00s Sys=0.00s Real=0.00s
[333.365s][info][gc,marking  ] GC(318) Concurrent Cleanup for Next Mark
[333.365s][info][gc,marking  ] GC(318) Concurrent Cleanup for Next Mark 0.114ms
[333.365s][info][gc          ] GC(318) Concurrent Cycle 47.706ms
[333.495s][info][gc,start    ] GC(319) Pause Young (Normal) (G1 Evacuation Pause)
[333.495s][info][gc,task     ] GC(319) Using 8 workers of 8 for evacuation
[333.496s][info][gc,phases   ] GC(319)   Pre Evacuate Collection Set: 0.1ms
[333.496s][info][gc,phases   ] GC(319)   Merge Heap Roots: 0.0ms
[333.496s][info][gc,phases   ] GC(319)   Evacuate Collection Set: 0.4ms
[333.496s][info][gc,phases   ] GC(319)   Post Evacuate Collection Set: 0.2ms
[333.496s][info][gc,phases   ] GC(319)   Other: 0.1ms
[333.496s][info][gc,heap     ] GC(319) Eden regions: 33->0(33)
[333.496s][info][gc,heap     ] GC(319) Survivor regions: 1->1(5)
[333.496s][info][gc,heap     ] GC(319) Old regions: 38->38
[333.496s][info][gc,heap     ] GC(319) Archive regions: 2->2
[333.496s][info][gc,heap     ] GC(319) Humongous regions: 0->0
[333.496s][info][gc,metaspace] GC(319) Metaspace: 50679K(51536K)->50679K(51536K) NonClass: 44552K(45136K)->44552K(45136K) Class: 6126K(6400K)->6126K(6400K)
[333.496s][info][gc          ] GC(319) Pause Young (Normal) (G1 Evacuation Pause) 71M->38M(84M) 0.984ms
[333.496s][info][gc,cpu      ] GC(319) User=0.00s Sys=0.00s Real=0.00s
[333.614s][info][gc,start    ] GC(320) Pause Young (Concurrent Start) (G1 Evacuation Pause)
[333.615s][info][gc,task     ] GC(320) Using 8 workers of 8 for evacuation
[333.616s][info][gc,phases   ] GC(320)   Pre Evacuate Collection Set: 0.1ms
[333.616s][info][gc,phases   ] GC(320)   Merge Heap Roots: 0.1ms
[333.616s][info][gc,phases   ] GC(320)   Evacuate Collection Set: 0.6ms
[333.616s][info][gc,phases   ] GC(320)   Post Evacuate Collection Set: 0.3ms
[333.616s][info][gc,phases   ] GC(320)   Other: 0.2ms
[333.616s][info][gc,heap     ] GC(320) Eden regions: 33->0(33)
[333.616s][info][gc,heap     ] GC(320) Survivor regions: 1->1(5)
[333.616s][info][gc,heap     ] GC(320) Old regions: 38->38
[333.616s][info][gc,heap     ] GC(320) Archive regions: 2->2
[333.616s][info][gc,heap     ] GC(320) Humongous regions: 0->0
[333.616s][info][gc,metaspace] GC(320) Metaspace: 50679K(51536K)->50679K(51536K) NonClass: 44552K(45136K)->44552K(45136K) Class: 6126K(6400K)->6126K(6400K)
[333.616s][info][gc          ] GC(320) Pause Young (Concurrent Start) (G1 Evacuation Pause) 71M->38M(84M) 1.284ms
[333.616s][info][gc,cpu      ] GC(320) User=0.00s Sys=0.00s Real=0.00s
[333.616s][info][gc          ] GC(321) Concurrent Cycle
[333.616s][info][gc,marking  ] GC(321) Concurrent Clear Claimed Marks
[333.616s][info][gc,marking  ] GC(321) Concurrent Clear Claimed Marks 0.030ms
[333.616s][info][gc,marking  ] GC(321) Concurrent Scan Root Regions
[333.617s][info][gc,marking  ] GC(321) Concurrent Scan Root Regions 1.180ms
[333.617s][info][gc,marking  ] GC(321) Concurrent Mark (333.617s)
[333.617s][info][gc,marking  ] GC(321) Concurrent Mark From Roots
[333.617s][info][gc,task     ] GC(321) Using 2 workers of 2 for marking
[333.646s][info][gc,marking  ] GC(321) Concurrent Mark From Roots 28.469ms
[333.646s][info][gc,marking  ] GC(321) Concurrent Preclean
[333.646s][info][gc,marking  ] GC(321) Concurrent Preclean 0.069ms
[333.646s][info][gc,marking  ] GC(321) Concurrent Mark (333.617s, 333.646s) 28.609ms
[333.646s][info][gc,start    ] GC(321) Pause Remark
[333.647s][info][gc          ] GC(321) Pause Remark 44M->44M(84M) 1.411ms
[333.647s][info][gc,cpu      ] GC(321) User=0.01s Sys=0.00s Real=0.00s
[333.647s][info][gc,marking  ] GC(321) Concurrent Rebuild Remembered Sets
[333.667s][info][gc,marking  ] GC(321) Concurrent Rebuild Remembered Sets 19.979ms
[333.668s][info][gc,start    ] GC(321) Pause Cleanup
[333.668s][info][gc          ] GC(321) Pause Cleanup 48M->48M(84M) 0.083ms
[333.668s][info][gc,cpu      ] GC(321) User=0.00s Sys=0.00s Real=0.00s
[333.668s][info][gc,marking  ] GC(321) Concurrent Cleanup for Next Mark
[333.669s][info][gc,marking  ] GC(321) Concurrent Cleanup for Next Mark 0.101ms
[333.669s][info][gc          ] GC(321) Concurrent Cycle 52.755ms
[333.767s][info][gc,start    ] GC(322) Pause Young (Normal) (G1 Evacuation Pause)
[333.767s][info][gc,task     ] GC(322) Using 8 workers of 8 for evacuation
[333.768s][info][gc,phases   ] GC(322)   Pre Evacuate Collection Set: 0.0ms
[333.768s][info][gc,phases   ] GC(322)   Merge Heap Roots: 0.0ms
[333.768s][info][gc,phases   ] GC(322)   Evacuate Collection Set: 0.4ms
[333.768s][info][gc,phases   ] GC(322)   Post Evacuate Collection Set: 0.2ms
[333.768s][info][gc,phases   ] GC(322)   Other: 0.1ms
[333.768s][info][gc,heap     ] GC(322) Eden regions: 33->0(33)
[333.768s][info][gc,heap     ] GC(322) Survivor regions: 1->1(5)
[333.768s][info][gc,heap     ] GC(322) Old regions: 38->38
[333.768s][info][gc,heap     ] GC(322) Archive regions: 2->2
[333.768s][info][gc,heap     ] GC(322) Humongous regions: 0->0
[333.768s][info][gc,metaspace] GC(322) Metaspace: 50679K(51536K)->50679K(51536K) NonClass: 44552K(45136K)->44552K(45136K) Class: 6126K(6400K)->6126K(6400K)
[333.768s][info][gc          ] GC(322) Pause Young (Normal) (G1 Evacuation Pause) 71M->38M(84M) 0.923ms
[333.768s][info][gc,cpu      ] GC(322) User=0.00s Sys=0.00s Real=0.00s
[333.903s][info][gc,start    ] GC(323) Pause Young (Concurrent Start) (G1 Evacuation Pause)
[333.903s][info][gc,task     ] GC(323) Using 8 workers of 8 for evacuation
[333.904s][info][gc,phases   ] GC(323)   Pre Evacuate Collection Set: 0.1ms
[333.904s][info][gc,phases   ] GC(323)   Merge Heap Roots: 0.0ms
[333.904s][info][gc,phases   ] GC(323)   Evacuate Collection Set: 0.6ms
[333.904s][info][gc,phases   ] GC(323)   Post Evacuate Collection Set: 0.2ms
[333.904s][info][gc,phases   ] GC(323)   Other: 0.1ms
[333.904s][info][gc,heap     ] GC(323) Eden regions: 33->0(33)
[333.904s][info][gc,heap     ] GC(323) Survivor regions: 1->1(5)
[333.904s][info][gc,heap     ] GC(323) Old regions: 38->38
[333.904s][info][gc,heap     ] GC(323) Archive regions: 2->2
[333.904s][info][gc,heap     ] GC(323) Humongous regions: 0->0
[333.904s][info][gc,metaspace] GC(323) Metaspace: 50679K(51536K)->50679K(51536K) NonClass: 44552K(45136K)->44552K(45136K) Class: 6126K(6400K)->6126K(6400K)
[333.904s][info][gc          ] GC(323) Pause Young (Concurrent Start) (G1 Evacuation Pause) 71M->38M(84M) 1.108ms
[333.905s][info][gc,cpu      ] GC(323) User=0.00s Sys=0.00s Real=0.00s
[333.905s][info][gc          ] GC(324) Concurrent Cycle
[333.905s][info][gc,marking  ] GC(324) Concurrent Clear Claimed Marks
[333.905s][info][gc,marking  ] GC(324) Concurrent Clear Claimed Marks 0.027ms
[333.905s][info][gc,marking  ] GC(324) Concurrent Scan Root Regions
[333.906s][info][gc,marking  ] GC(324) Concurrent Scan Root Regions 1.138ms
[333.906s][info][gc,marking  ] GC(324) Concurrent Mark (333.906s)
[333.906s][info][gc,marking  ] GC(324) Concurrent Mark From Roots
[333.906s][info][gc,task     ] GC(324) Using 2 workers of 2 for marking
[333.939s][info][gc,marking  ] GC(324) Concurrent Mark From Roots 33.509ms
[333.939s][info][gc,marking  ] GC(324) Concurrent Preclean
[333.939s][info][gc,marking  ] GC(324) Concurrent Preclean 0.059ms
[333.939s][info][gc,marking  ] GC(324) Concurrent Mark (333.906s, 333.939s) 33.629ms
[333.940s][info][gc,start    ] GC(324) Pause Remark
[333.941s][info][gc          ] GC(324) Pause Remark 43M->43M(84M) 1.187ms
[333.941s][info][gc,cpu      ] GC(324) User=0.00s Sys=0.00s Real=0.00s
[333.941s][info][gc,marking  ] GC(324) Concurrent Rebuild Remembered Sets
[333.962s][info][gc,marking  ] GC(324) Concurrent Rebuild Remembered Sets 20.949ms
[333.963s][info][gc,start    ] GC(324) Pause Cleanup
[333.963s][info][gc          ] GC(324) Pause Cleanup 46M->46M(84M) 0.097ms
[333.963s][info][gc,cpu      ] GC(324) User=0.00s Sys=0.00s Real=0.00s
[333.963s][info][gc,marking  ] GC(324) Concurrent Cleanup for Next Mark
[333.963s][info][gc,marking  ] GC(324) Concurrent Cleanup for Next Mark 0.137ms
[333.963s][info][gc          ] GC(324) Concurrent Cycle 58.598ms
[334.064s][info][gc,start    ] GC(325) Pause Young (Normal) (G1 Evacuation Pause)
[334.064s][info][gc,task     ] GC(325) Using 8 workers of 8 for evacuation
[334.064s][info][gc,phases   ] GC(325)   Pre Evacuate Collection Set: 0.0ms
[334.064s][info][gc,phases   ] GC(325)   Merge Heap Roots: 0.0ms
[334.064s][info][gc,phases   ] GC(325)   Evacuate Collection Set: 0.4ms
[334.064s][info][gc,phases   ] GC(325)   Post Evacuate Collection Set: 0.2ms
[334.064s][info][gc,phases   ] GC(325)   Other: 0.2ms
[334.064s][info][gc,heap     ] GC(325) Eden regions: 33->0(33)
[334.064s][info][gc,heap     ] GC(325) Survivor regions: 1->1(5)
[334.064s][info][gc,heap     ] GC(325) Old regions: 38->38
[334.064s][info][gc,heap     ] GC(325) Archive regions: 2->2
[334.064s][info][gc,heap     ] GC(325) Humongous regions: 0->0
[334.065s][info][gc,metaspace] GC(325) Metaspace: 50679K(51536K)->50679K(51536K) NonClass: 44552K(45136K)->44552K(45136K) Class: 6126K(6400K)->6126K(6400K)
[334.065s][info][gc          ] GC(325) Pause Young (Normal) (G1 Evacuation Pause) 71M->38M(84M) 0.978ms
[334.065s][info][gc,cpu      ] GC(325) User=0.00s Sys=0.00s Real=0.00s
[334.202s][info][gc,start    ] GC(326) Pause Young (Concurrent Start) (G1 Evacuation Pause)
[334.202s][info][gc,task     ] GC(326) Using 8 workers of 8 for evacuation
[334.203s][info][gc,phases   ] GC(326)   Pre Evacuate Collection Set: 0.1ms
[334.203s][info][gc,phases   ] GC(326)   Merge Heap Roots: 0.0ms
[334.203s][info][gc,phases   ] GC(326)   Evacuate Collection Set: 0.6ms
[334.203s][info][gc,phases   ] GC(326)   Post Evacuate Collection Set: 0.2ms
[334.203s][info][gc,phases   ] GC(326)   Other: 0.1ms
[334.203s][info][gc,heap     ] GC(326) Eden regions: 33->0(33)
[334.203s][info][gc,heap     ] GC(326) Survivor regions: 1->1(5)
[334.203s][info][gc,heap     ] GC(326) Old regions: 38->38
[334.203s][info][gc,heap     ] GC(326) Archive regions: 2->2
[334.203s][info][gc,heap     ] GC(326) Humongous regions: 0->0
[334.203s][info][gc,metaspace] GC(326) Metaspace: 50679K(51536K)->50679K(51536K) NonClass: 44553K(45136K)->44553K(45136K) Class: 6126K(6400K)->6126K(6400K)
[334.203s][info][gc          ] GC(326) Pause Young (Concurrent Start) (G1 Evacuation Pause) 71M->38M(84M) 1.155ms
[334.203s][info][gc,cpu      ] GC(326) User=0.01s Sys=0.00s Real=0.00s
[334.203s][info][gc          ] GC(327) Concurrent Cycle
[334.203s][info][gc,marking  ] GC(327) Concurrent Clear Claimed Marks
[334.203s][info][gc,marking  ] GC(327) Concurrent Clear Claimed Marks 0.029ms
[334.203s][info][gc,marking  ] GC(327) Concurrent Scan Root Regions
[334.204s][info][gc,marking  ] GC(327) Concurrent Scan Root Regions 1.033ms
[334.204s][info][gc,marking  ] GC(327) Concurrent Mark (334.204s)
[334.204s][info][gc,marking  ] GC(327) Concurrent Mark From Roots
[334.204s][info][gc,task     ] GC(327) Using 2 workers of 2 for marking
[334.236s][info][gc,marking  ] GC(327) Concurrent Mark From Roots 32.233ms
[334.237s][info][gc,marking  ] GC(327) Concurrent Preclean
[334.237s][info][gc,marking  ] GC(327) Concurrent Preclean 0.080ms
[334.237s][info][gc,marking  ] GC(327) Concurrent Mark (334.204s, 334.237s) 32.397ms
[334.237s][info][gc,start    ] GC(327) Pause Remark
[334.238s][info][gc          ] GC(327) Pause Remark 44M->44M(84M) 1.257ms
[334.238s][info][gc,cpu      ] GC(327) User=0.01s Sys=0.00s Real=0.00s
[334.238s][info][gc,marking  ] GC(327) Concurrent Rebuild Remembered Sets
[334.260s][info][gc,marking  ] GC(327) Concurrent Rebuild Remembered Sets 21.457ms
[334.261s][info][gc,start    ] GC(327) Pause Cleanup
[334.261s][info][gc          ] GC(327) Pause Cleanup 47M->47M(84M) 0.089ms
[334.261s][info][gc,cpu      ] GC(327) User=0.00s Sys=0.00s Real=0.00s
[334.261s][info][gc,marking  ] GC(327) Concurrent Cleanup for Next Mark
[334.261s][info][gc,marking  ] GC(327) Concurrent Cleanup for Next Mark 0.135ms
[334.261s][info][gc          ] GC(327) Concurrent Cycle 57.972ms
[334.358s][info][gc,start    ] GC(328) Pause Young (Normal) (G1 Evacuation Pause)
[334.358s][info][gc,task     ] GC(328) Using 8 workers of 8 for evacuation
[334.359s][info][gc,phases   ] GC(328)   Pre Evacuate Collection Set: 0.0ms
[334.359s][info][gc,phases   ] GC(328)   Merge Heap Roots: 0.0ms
[334.359s][info][gc,phases   ] GC(328)   Evacuate Collection Set: 0.5ms
[334.359s][info][gc,phases   ] GC(328)   Post Evacuate Collection Set: 0.2ms
[334.359s][info][gc,phases   ] GC(328)   Other: 0.1ms
[334.359s][info][gc,heap     ] GC(328) Eden regions: 33->0(33)
[334.359s][info][gc,heap     ] GC(328) Survivor regions: 1->1(5)
[334.359s][info][gc,heap     ] GC(328) Old regions: 38->38
[334.359s][info][gc,heap     ] GC(328) Archive regions: 2->2
[334.359s][info][gc,heap     ] GC(328) Humongous regions: 0->0
[334.359s][info][gc,metaspace] GC(328) Metaspace: 50679K(51536K)->50679K(51536K) NonClass: 44553K(45136K)->44553K(45136K) Class: 6126K(6400K)->6126K(6400K)
[334.359s][info][gc          ] GC(328) Pause Young (Normal) (G1 Evacuation Pause) 71M->38M(84M) 0.950ms
[334.359s][info][gc,cpu      ] GC(328) User=0.01s Sys=0.00s Real=0.00s
[334.501s][info][gc,start    ] GC(329) Pause Young (Concurrent Start) (G1 Evacuation Pause)
[334.501s][info][gc,task     ] GC(329) Using 8 workers of 8 for evacuation
[334.502s][info][gc,phases   ] GC(329)   Pre Evacuate Collection Set: 0.1ms
[334.502s][info][gc,phases   ] GC(329)   Merge Heap Roots: 0.1ms
[334.502s][info][gc,phases   ] GC(329)   Evacuate Collection Set: 0.6ms
[334.502s][info][gc,phases   ] GC(329)   Post Evacuate Collection Set: 0.2ms
[334.502s][info][gc,phases   ] GC(329)   Other: 0.1ms
[334.502s][info][gc,heap     ] GC(329) Eden regions: 33->0(33)
[334.502s][info][gc,heap     ] GC(329) Survivor regions: 1->1(5)
[334.502s][info][gc,heap     ] GC(329) Old regions: 38->38
[334.502s][info][gc,heap     ] GC(329) Archive regions: 2->2
[334.502s][info][gc,heap     ] GC(329) Humongous regions: 0->0
[334.502s][info][gc,metaspace] GC(329) Metaspace: 50679K(51536K)->50679K(51536K) NonClass: 44553K(45136K)->44553K(45136K) Class: 6126K(6400K)->6126K(6400K)
[334.502s][info][gc          ] GC(329) Pause Young (Concurrent Start) (G1 Evacuation Pause) 71M->38M(84M) 1.105ms
[334.503s][info][gc,cpu      ] GC(329) User=0.00s Sys=0.00s Real=0.01s
[334.503s][info][gc          ] GC(330) Concurrent Cycle
[334.503s][info][gc,marking  ] GC(330) Concurrent Clear Claimed Marks
[334.503s][info][gc,marking  ] GC(330) Concurrent Clear Claimed Marks 0.023ms
[334.503s][info][gc,marking  ] GC(330) Concurrent Scan Root Regions
[334.504s][info][gc,marking  ] GC(330) Concurrent Scan Root Regions 1.055ms
[334.504s][info][gc,marking  ] GC(330) Concurrent Mark (334.504s)
[334.504s][info][gc,marking  ] GC(330) Concurrent Mark From Roots
[334.504s][info][gc,task     ] GC(330) Using 2 workers of 2 for marking
[334.534s][info][gc,marking  ] GC(330) Concurrent Mark From Roots 30.594ms
[334.534s][info][gc,marking  ] GC(330) Concurrent Preclean
[334.534s][info][gc,marking  ] GC(330) Concurrent Preclean 0.066ms
[334.534s][info][gc,marking  ] GC(330) Concurrent Mark (334.504s, 334.534s) 30.730ms
[334.535s][info][gc,start    ] GC(330) Pause Remark
[334.536s][info][gc          ] GC(330) Pause Remark 44M->44M(84M) 1.243ms
[334.536s][info][gc,cpu      ] GC(330) User=0.00s Sys=0.00s Real=0.00s
[334.536s][info][gc,marking  ] GC(330) Concurrent Rebuild Remembered Sets
[334.561s][info][gc,marking  ] GC(330) Concurrent Rebuild Remembered Sets 24.940ms
[334.562s][info][gc,start    ] GC(330) Pause Cleanup
[334.562s][info][gc          ] GC(330) Pause Cleanup 48M->48M(84M) 0.103ms
[334.562s][info][gc,cpu      ] GC(330) User=0.00s Sys=0.00s Real=0.00s
[334.562s][info][gc,marking  ] GC(330) Concurrent Cleanup for Next Mark
[334.562s][info][gc,marking  ] GC(330) Concurrent Cleanup for Next Mark 0.116ms
[334.562s][info][gc          ] GC(330) Concurrent Cycle 59.598ms
[334.695s][info][gc,start    ] GC(331) Pause Young (Normal) (G1 Evacuation Pause)
[334.695s][info][gc,task     ] GC(331) Using 8 workers of 8 for evacuation
[334.696s][info][gc,phases   ] GC(331)   Pre Evacuate Collection Set: 0.0ms
[334.696s][info][gc,phases   ] GC(331)   Merge Heap Roots: 0.0ms
[334.696s][info][gc,phases   ] GC(331)   Evacuate Collection Set: 0.4ms
[334.696s][info][gc,phases   ] GC(331)   Post Evacuate Collection Set: 0.2ms
[334.696s][info][gc,phases   ] GC(331)   Other: 0.1ms
[334.696s][info][gc,heap     ] GC(331) Eden regions: 33->0(33)
[334.696s][info][gc,heap     ] GC(331) Survivor regions: 1->1(5)
[334.696s][info][gc,heap     ] GC(331) Old regions: 38->38
[334.696s][info][gc,heap     ] GC(331) Archive regions: 2->2
[334.696s][info][gc,heap     ] GC(331) Humongous regions: 0->0
[334.696s][info][gc,metaspace] GC(331) Metaspace: 50679K(51536K)->50679K(51536K) NonClass: 44553K(45136K)->44553K(45136K) Class: 6126K(6400K)->6126K(6400K)
[334.696s][info][gc          ] GC(331) Pause Young (Normal) (G1 Evacuation Pause) 71M->38M(84M) 0.923ms
[334.696s][info][gc,cpu      ] GC(331) User=0.00s Sys=0.00s Real=0.00s
[334.827s][info][gc,start    ] GC(332) Pause Young (Concurrent Start) (G1 Evacuation Pause)
[334.827s][info][gc,task     ] GC(332) Using 8 workers of 8 for evacuation
[334.828s][info][gc,phases   ] GC(332)   Pre Evacuate Collection Set: 0.1ms
[334.828s][info][gc,phases   ] GC(332)   Merge Heap Roots: 0.0ms
[334.828s][info][gc,phases   ] GC(332)   Evacuate Collection Set: 0.6ms
[334.828s][info][gc,phases   ] GC(332)   Post Evacuate Collection Set: 0.2ms
[334.828s][info][gc,phases   ] GC(332)   Other: 0.1ms
[334.828s][info][gc,heap     ] GC(332) Eden regions: 33->0(33)
[334.828s][info][gc,heap     ] GC(332) Survivor regions: 1->1(5)
[334.828s][info][gc,heap     ] GC(332) Old regions: 38->38
[334.828s][info][gc,heap     ] GC(332) Archive regions: 2->2
[334.828s][info][gc,heap     ] GC(332) Humongous regions: 0->0
[334.828s][info][gc,metaspace] GC(332) Metaspace: 50679K(51536K)->50679K(51536K) NonClass: 44553K(45136K)->44553K(45136K) Class: 6126K(6400K)->6126K(6400K)
[334.828s][info][gc          ] GC(332) Pause Young (Concurrent Start) (G1 Evacuation Pause) 71M->38M(84M) 1.091ms
[334.828s][info][gc,cpu      ] GC(332) User=0.01s Sys=0.00s Real=0.00s
[334.828s][info][gc          ] GC(333) Concurrent Cycle
[334.828s][info][gc,marking  ] GC(333) Concurrent Clear Claimed Marks
[334.828s][info][gc,marking  ] GC(333) Concurrent Clear Claimed Marks 0.028ms
[334.828s][info][gc,marking  ] GC(333) Concurrent Scan Root Regions
[334.828s][info][gc,marking  ] GC(333) Concurrent Scan Root Regions 0.546ms
[334.828s][info][gc,marking  ] GC(333) Concurrent Mark (334.828s)
[334.828s][info][gc,marking  ] GC(333) Concurrent Mark From Roots
[334.828s][info][gc,task     ] GC(333) Using 2 workers of 2 for marking
[334.860s][info][gc,marking  ] GC(333) Concurrent Mark From Roots 31.621ms
[334.860s][info][gc,marking  ] GC(333) Concurrent Preclean
[334.860s][info][gc,marking  ] GC(333) Concurrent Preclean 0.075ms
[334.860s][info][gc,marking  ] GC(333) Concurrent Mark (334.828s, 334.860s) 31.767ms
[334.860s][info][gc,start    ] GC(333) Pause Remark
[334.862s][info][gc          ] GC(333) Pause Remark 43M->43M(84M) 1.183ms
[334.862s][info][gc,cpu      ] GC(333) User=0.01s Sys=0.00s Real=0.01s
[334.862s][info][gc,marking  ] GC(333) Concurrent Rebuild Remembered Sets
[334.881s][info][gc,marking  ] GC(333) Concurrent Rebuild Remembered Sets 19.386ms
[334.882s][info][gc,start    ] GC(333) Pause Cleanup
[334.882s][info][gc          ] GC(333) Pause Cleanup 47M->47M(84M) 0.140ms
[334.882s][info][gc,cpu      ] GC(333) User=0.01s Sys=0.00s Real=0.00s
[334.882s][info][gc,marking  ] GC(333) Concurrent Cleanup for Next Mark
[334.882s][info][gc,marking  ] GC(333) Concurrent Cleanup for Next Mark 0.132ms
[334.882s][info][gc          ] GC(333) Concurrent Cycle 54.627ms
[334.987s][info][gc,start    ] GC(334) Pause Young (Normal) (G1 Evacuation Pause)
[334.987s][info][gc,task     ] GC(334) Using 8 workers of 8 for evacuation
[334.988s][info][gc,phases   ] GC(334)   Pre Evacuate Collection Set: 0.0ms
[334.988s][info][gc,phases   ] GC(334)   Merge Heap Roots: 0.0ms
[334.988s][info][gc,phases   ] GC(334)   Evacuate Collection Set: 0.4ms
[334.988s][info][gc,phases   ] GC(334)   Post Evacuate Collection Set: 0.2ms
[334.988s][info][gc,phases   ] GC(334)   Other: 0.2ms
[334.988s][info][gc,heap     ] GC(334) Eden regions: 33->0(33)
[334.988s][info][gc,heap     ] GC(334) Survivor regions: 1->1(5)
[334.988s][info][gc,heap     ] GC(334) Old regions: 38->38
[334.988s][info][gc,heap     ] GC(334) Archive regions: 2->2
[334.988s][info][gc,heap     ] GC(334) Humongous regions: 0->0
[334.988s][info][gc,metaspace] GC(334) Metaspace: 50679K(51536K)->50679K(51536K) NonClass: 44553K(45136K)->44553K(45136K) Class: 6126K(6400K)->6126K(6400K)
[334.988s][info][gc          ] GC(334) Pause Young (Normal) (G1 Evacuation Pause) 71M->38M(84M) 0.899ms
[334.988s][info][gc,cpu      ] GC(334) User=0.01s Sys=0.00s Real=0.00s
[335.110s][info][gc,start    ] GC(335) Pause Young (Concurrent Start) (G1 Evacuation Pause)
[335.110s][info][gc,task     ] GC(335) Using 8 workers of 8 for evacuation
[335.111s][info][gc,phases   ] GC(335)   Pre Evacuate Collection Set: 0.1ms
[335.111s][info][gc,phases   ] GC(335)   Merge Heap Roots: 0.0ms
[335.111s][info][gc,phases   ] GC(335)   Evacuate Collection Set: 0.6ms
[335.111s][info][gc,phases   ] GC(335)   Post Evacuate Collection Set: 0.2ms
[335.111s][info][gc,phases   ] GC(335)   Other: 0.1ms
[335.111s][info][gc,heap     ] GC(335) Eden regions: 33->0(33)
[335.111s][info][gc,heap     ] GC(335) Survivor regions: 1->1(5)
[335.111s][info][gc,heap     ] GC(335) Old regions: 38->38
[335.111s][info][gc,heap     ] GC(335) Archive regions: 2->2
[335.111s][info][gc,heap     ] GC(335) Humongous regions: 0->0
[335.111s][info][gc,metaspace] GC(335) Metaspace: 50679K(51536K)->50679K(51536K) NonClass: 44553K(45136K)->44553K(45136K) Class: 6126K(6400K)->6126K(6400K)
[335.111s][info][gc          ] GC(335) Pause Young (Concurrent Start) (G1 Evacuation Pause) 71M->38M(84M) 1.123ms
[335.112s][info][gc,cpu      ] GC(335) User=0.00s Sys=0.01s Real=0.00s
[335.112s][info][gc          ] GC(336) Concurrent Cycle
[335.112s][info][gc,marking  ] GC(336) Concurrent Clear Claimed Marks
[335.112s][info][gc,marking  ] GC(336) Concurrent Clear Claimed Marks 0.028ms
[335.112s][info][gc,marking  ] GC(336) Concurrent Scan Root Regions
[335.113s][info][gc,marking  ] GC(336) Concurrent Scan Root Regions 1.220ms
[335.113s][info][gc,marking  ] GC(336) Concurrent Mark (335.113s)
[335.113s][info][gc,marking  ] GC(336) Concurrent Mark From Roots
[335.113s][info][gc,task     ] GC(336) Using 2 workers of 2 for marking
[335.143s][info][gc,marking  ] GC(336) Concurrent Mark From Roots 30.133ms
[335.143s][info][gc,marking  ] GC(336) Concurrent Preclean
[335.143s][info][gc,marking  ] GC(336) Concurrent Preclean 0.050ms
[335.143s][info][gc,marking  ] GC(336) Concurrent Mark (335.113s, 335.143s) 30.243ms
[335.143s][info][gc,start    ] GC(336) Pause Remark
[335.144s][info][gc          ] GC(336) Pause Remark 44M->44M(84M) 1.223ms
[335.144s][info][gc,cpu      ] GC(336) User=0.01s Sys=0.00s Real=0.00s
[335.145s][info][gc,marking  ] GC(336) Concurrent Rebuild Remembered Sets
[335.165s][info][gc,marking  ] GC(336) Concurrent Rebuild Remembered Sets 20.056ms
[335.165s][info][gc,start    ] GC(336) Pause Cleanup
[335.166s][info][gc          ] GC(336) Pause Cleanup 46M->46M(84M) 0.083ms
[335.166s][info][gc,cpu      ] GC(336) User=0.00s Sys=0.00s Real=0.00s
[335.166s][info][gc,marking  ] GC(336) Concurrent Cleanup for Next Mark
[335.166s][info][gc,marking  ] GC(336) Concurrent Cleanup for Next Mark 0.176ms
[335.166s][info][gc          ] GC(336) Concurrent Cycle 54.345ms
[335.270s][info][gc,start    ] GC(337) Pause Young (Normal) (G1 Evacuation Pause)
[335.270s][info][gc,task     ] GC(337) Using 8 workers of 8 for evacuation
[335.271s][info][gc,phases   ] GC(337)   Pre Evacuate Collection Set: 0.1ms
[335.271s][info][gc,phases   ] GC(337)   Merge Heap Roots: 0.0ms
[335.271s][info][gc,phases   ] GC(337)   Evacuate Collection Set: 0.4ms
[335.271s][info][gc,phases   ] GC(337)   Post Evacuate Collection Set: 0.2ms
[335.271s][info][gc,phases   ] GC(337)   Other: 0.2ms
[335.271s][info][gc,heap     ] GC(337) Eden regions: 33->0(33)
[335.271s][info][gc,heap     ] GC(337) Survivor regions: 1->1(5)
[335.271s][info][gc,heap     ] GC(337) Old regions: 38->38
[335.271s][info][gc,heap     ] GC(337) Archive regions: 2->2
[335.271s][info][gc,heap     ] GC(337) Humongous regions: 0->0
[335.271s][info][gc,metaspace] GC(337) Metaspace: 50679K(51536K)->50679K(51536K) NonClass: 44553K(45136K)->44553K(45136K) Class: 6126K(6400K)->6126K(6400K)
[335.271s][info][gc          ] GC(337) Pause Young (Normal) (G1 Evacuation Pause) 71M->38M(84M) 0.924ms
[335.271s][info][gc,cpu      ] GC(337) User=0.01s Sys=0.00s Real=0.00s
[335.414s][info][gc,start    ] GC(338) Pause Young (Concurrent Start) (G1 Evacuation Pause)
[335.414s][info][gc,task     ] GC(338) Using 8 workers of 8 for evacuation
[335.415s][info][gc,phases   ] GC(338)   Pre Evacuate Collection Set: 0.1ms
[335.415s][info][gc,phases   ] GC(338)   Merge Heap Roots: 0.0ms
[335.415s][info][gc,phases   ] GC(338)   Evacuate Collection Set: 0.6ms
[335.415s][info][gc,phases   ] GC(338)   Post Evacuate Collection Set: 0.2ms
[335.415s][info][gc,phases   ] GC(338)   Other: 0.2ms
[335.415s][info][gc,heap     ] GC(338) Eden regions: 33->0(33)
[335.415s][info][gc,heap     ] GC(338) Survivor regions: 1->1(5)
[335.415s][info][gc,heap     ] GC(338) Old regions: 38->38
[335.415s][info][gc,heap     ] GC(338) Archive regions: 2->2
[335.415s][info][gc,heap     ] GC(338) Humongous regions: 0->0
[335.415s][info][gc,metaspace] GC(338) Metaspace: 50680K(51536K)->50680K(51536K) NonClass: 44553K(45136K)->44553K(45136K) Class: 6126K(6400K)->6126K(6400K)
[335.415s][info][gc          ] GC(338) Pause Young (Concurrent Start) (G1 Evacuation Pause) 71M->38M(84M) 1.105ms
[335.415s][info][gc,cpu      ] GC(338) User=0.01s Sys=0.00s Real=0.00s
[335.415s][info][gc          ] GC(339) Concurrent Cycle
[335.415s][info][gc,marking  ] GC(339) Concurrent Clear Claimed Marks
[335.415s][info][gc,marking  ] GC(339) Concurrent Clear Claimed Marks 0.028ms
[335.415s][info][gc,marking  ] GC(339) Concurrent Scan Root Regions
[335.415s][info][gc,marking  ] GC(339) Concurrent Scan Root Regions 0.566ms
[335.416s][info][gc,marking  ] GC(339) Concurrent Mark (335.416s)
[335.416s][info][gc,marking  ] GC(339) Concurrent Mark From Roots
[335.416s][info][gc,task     ] GC(339) Using 2 workers of 2 for marking
[335.448s][info][gc,marking  ] GC(339) Concurrent Mark From Roots 32.332ms
[335.448s][info][gc,marking  ] GC(339) Concurrent Preclean
[335.448s][info][gc,marking  ] GC(339) Concurrent Preclean 0.062ms
[335.448s][info][gc,marking  ] GC(339) Concurrent Mark (335.416s, 335.448s) 32.459ms
[335.448s][info][gc,start    ] GC(339) Pause Remark
[335.449s][info][gc          ] GC(339) Pause Remark 43M->43M(84M) 1.140ms
[335.449s][info][gc,cpu      ] GC(339) User=0.00s Sys=0.00s Real=0.00s
[335.449s][info][gc,marking  ] GC(339) Concurrent Rebuild Remembered Sets
[335.472s][info][gc,marking  ] GC(339) Concurrent Rebuild Remembered Sets 22.684ms
[335.473s][info][gc,start    ] GC(339) Pause Cleanup
[335.473s][info][gc          ] GC(339) Pause Cleanup 47M->47M(84M) 0.088ms
[335.473s][info][gc,cpu      ] GC(339) User=0.00s Sys=0.00s Real=0.00s
[335.473s][info][gc,marking  ] GC(339) Concurrent Cleanup for Next Mark
[335.473s][info][gc,marking  ] GC(339) Concurrent Cleanup for Next Mark 0.124ms
[335.473s][info][gc          ] GC(339) Concurrent Cycle 58.531ms
[335.578s][info][gc,start    ] GC(340) Pause Young (Normal) (G1 Evacuation Pause)
[335.578s][info][gc,task     ] GC(340) Using 8 workers of 8 for evacuation
[335.578s][info][gc,phases   ] GC(340)   Pre Evacuate Collection Set: 0.0ms
[335.579s][info][gc,phases   ] GC(340)   Merge Heap Roots: 0.0ms
[335.579s][info][gc,phases   ] GC(340)   Evacuate Collection Set: 0.5ms
[335.579s][info][gc,phases   ] GC(340)   Post Evacuate Collection Set: 0.2ms
[335.579s][info][gc,phases   ] GC(340)   Other: 0.1ms
[335.579s][info][gc,heap     ] GC(340) Eden regions: 33->0(33)
[335.579s][info][gc,heap     ] GC(340) Survivor regions: 1->1(5)
[335.579s][info][gc,heap     ] GC(340) Old regions: 38->38
[335.579s][info][gc,heap     ] GC(340) Archive regions: 2->2
[335.579s][info][gc,heap     ] GC(340) Humongous regions: 0->0
[335.579s][info][gc,metaspace] GC(340) Metaspace: 50682K(51536K)->50682K(51536K) NonClass: 44555K(45136K)->44555K(45136K) Class: 6126K(6400K)->6126K(6400K)
[335.579s][info][gc          ] GC(340) Pause Young (Normal) (G1 Evacuation Pause) 71M->38M(84M) 0.971ms
[335.579s][info][gc,cpu      ] GC(340) User=0.00s Sys=0.00s Real=0.00s
[335.723s][info][gc,start    ] GC(341) Pause Young (Concurrent Start) (G1 Evacuation Pause)
[335.723s][info][gc,task     ] GC(341) Using 8 workers of 8 for evacuation
[335.724s][info][gc,phases   ] GC(341)   Pre Evacuate Collection Set: 0.1ms
[335.724s][info][gc,phases   ] GC(341)   Merge Heap Roots: 0.0ms
[335.724s][info][gc,phases   ] GC(341)   Evacuate Collection Set: 0.6ms
[335.724s][info][gc,phases   ] GC(341)   Post Evacuate Collection Set: 0.2ms
[335.724s][info][gc,phases   ] GC(341)   Other: 0.2ms
[335.724s][info][gc,heap     ] GC(341) Eden regions: 33->0(33)
[335.724s][info][gc,heap     ] GC(341) Survivor regions: 1->1(5)
[335.724s][info][gc,heap     ] GC(341) Old regions: 38->38
[335.724s][info][gc,heap     ] GC(341) Archive regions: 2->2
[335.724s][info][gc,heap     ] GC(341) Humongous regions: 0->0
[335.724s][info][gc,metaspace] GC(341) Metaspace: 50682K(51536K)->50682K(51536K) NonClass: 44555K(45136K)->44555K(45136K) Class: 6126K(6400K)->6126K(6400K)
[335.724s][info][gc          ] GC(341) Pause Young (Concurrent Start) (G1 Evacuation Pause) 71M->38M(84M) 1.216ms
[335.724s][info][gc,cpu      ] GC(341) User=0.00s Sys=0.00s Real=0.00s
[335.724s][info][gc          ] GC(342) Concurrent Cycle
[335.724s][info][gc,marking  ] GC(342) Concurrent Clear Claimed Marks
[335.724s][info][gc,marking  ] GC(342) Concurrent Clear Claimed Marks 0.043ms
[335.724s][info][gc,marking  ] GC(342) Concurrent Scan Root Regions
[335.725s][info][gc,marking  ] GC(342) Concurrent Scan Root Regions 0.663ms
[335.725s][info][gc,marking  ] GC(342) Concurrent Mark (335.725s)
[335.725s][info][gc,marking  ] GC(342) Concurrent Mark From Roots
[335.725s][info][gc,task     ] GC(342) Using 2 workers of 2 for marking
[335.756s][info][gc,marking  ] GC(342) Concurrent Mark From Roots 30.847ms
[335.756s][info][gc,marking  ] GC(342) Concurrent Preclean
[335.756s][info][gc,marking  ] GC(342) Concurrent Preclean 0.074ms
[335.756s][info][gc,marking  ] GC(342) Concurrent Mark (335.725s, 335.756s) 30.992ms
[335.756s][info][gc,start    ] GC(342) Pause Remark
[335.757s][info][gc          ] GC(342) Pause Remark 45M->45M(84M) 1.171ms
[335.757s][info][gc,cpu      ] GC(342) User=0.00s Sys=0.00s Real=0.00s
[335.757s][info][gc,marking  ] GC(342) Concurrent Rebuild Remembered Sets
[335.776s][info][gc,marking  ] GC(342) Concurrent Rebuild Remembered Sets 18.813ms
[335.777s][info][gc,start    ] GC(342) Pause Cleanup
[335.777s][info][gc          ] GC(342) Pause Cleanup 50M->50M(84M) 0.130ms
[335.777s][info][gc,cpu      ] GC(342) User=0.00s Sys=0.00s Real=0.00s
[335.777s][info][gc,marking  ] GC(342) Concurrent Cleanup for Next Mark
[335.777s][info][gc,marking  ] GC(342) Concurrent Cleanup for Next Mark 0.109ms
[335.777s][info][gc          ] GC(342) Concurrent Cycle 53.280ms
[335.862s][info][gc,start    ] GC(343) Pause Young (Normal) (G1 Evacuation Pause)
[335.862s][info][gc,task     ] GC(343) Using 8 workers of 8 for evacuation
[335.863s][info][gc,phases   ] GC(343)   Pre Evacuate Collection Set: 0.0ms
[335.863s][info][gc,phases   ] GC(343)   Merge Heap Roots: 0.0ms
[335.863s][info][gc,phases   ] GC(343)   Evacuate Collection Set: 0.5ms
[335.863s][info][gc,phases   ] GC(343)   Post Evacuate Collection Set: 0.2ms
[335.863s][info][gc,phases   ] GC(343)   Other: 0.1ms
[335.863s][info][gc,heap     ] GC(343) Eden regions: 33->0(33)
[335.863s][info][gc,heap     ] GC(343) Survivor regions: 1->1(5)
[335.863s][info][gc,heap     ] GC(343) Old regions: 38->38
[335.863s][info][gc,heap     ] GC(343) Archive regions: 2->2
[335.863s][info][gc,heap     ] GC(343) Humongous regions: 0->0
[335.863s][info][gc,metaspace] GC(343) Metaspace: 50682K(51536K)->50682K(51536K) NonClass: 44555K(45136K)->44555K(45136K) Class: 6126K(6400K)->6126K(6400K)
[335.863s][info][gc          ] GC(343) Pause Young (Normal) (G1 Evacuation Pause) 71M->38M(84M) 0.915ms
[335.863s][info][gc,cpu      ] GC(343) User=0.01s Sys=0.00s Real=0.00s
[335.997s][info][gc,start    ] GC(344) Pause Young (Concurrent Start) (G1 Evacuation Pause)
[335.997s][info][gc,task     ] GC(344) Using 8 workers of 8 for evacuation
[335.998s][info][gc,phases   ] GC(344)   Pre Evacuate Collection Set: 0.1ms
[335.998s][info][gc,phases   ] GC(344)   Merge Heap Roots: 0.0ms
[335.998s][info][gc,phases   ] GC(344)   Evacuate Collection Set: 0.6ms
[335.998s][info][gc,phases   ] GC(344)   Post Evacuate Collection Set: 0.2ms
[335.998s][info][gc,phases   ] GC(344)   Other: 0.2ms
[335.998s][info][gc,heap     ] GC(344) Eden regions: 33->0(33)
[335.998s][info][gc,heap     ] GC(344) Survivor regions: 1->1(5)
[335.998s][info][gc,heap     ] GC(344) Old regions: 38->38
[335.998s][info][gc,heap     ] GC(344) Archive regions: 2->2
[335.998s][info][gc,heap     ] GC(344) Humongous regions: 0->0
[335.998s][info][gc,metaspace] GC(344) Metaspace: 50683K(51536K)->50683K(51536K) NonClass: 44556K(45136K)->44556K(45136K) Class: 6126K(6400K)->6126K(6400K)
[335.998s][info][gc          ] GC(344) Pause Young (Concurrent Start) (G1 Evacuation Pause) 71M->38M(84M) 1.194ms
[335.998s][info][gc,cpu      ] GC(344) User=0.00s Sys=0.00s Real=0.00s
[335.998s][info][gc          ] GC(345) Concurrent Cycle
[335.998s][info][gc,marking  ] GC(345) Concurrent Clear Claimed Marks
[335.998s][info][gc,marking  ] GC(345) Concurrent Clear Claimed Marks 0.035ms
[335.998s][info][gc,marking  ] GC(345) Concurrent Scan Root Regions
[335.998s][info][gc,marking  ] GC(345) Concurrent Scan Root Regions 0.498ms
[335.998s][info][gc,marking  ] GC(345) Concurrent Mark (335.998s)
[335.998s][info][gc,marking  ] GC(345) Concurrent Mark From Roots
[335.998s][info][gc,task     ] GC(345) Using 2 workers of 2 for marking
[336.027s][info][gc,marking  ] GC(345) Concurrent Mark From Roots 28.821ms
[336.027s][info][gc,marking  ] GC(345) Concurrent Preclean
[336.027s][info][gc,marking  ] GC(345) Concurrent Preclean 0.072ms
[336.027s][info][gc,marking  ] GC(345) Concurrent Mark (335.998s, 336.027s) 28.961ms
[336.027s][info][gc,start    ] GC(345) Pause Remark
[336.029s][info][gc          ] GC(345) Pause Remark 43M->43M(84M) 1.351ms
[336.029s][info][gc,cpu      ] GC(345) User=0.01s Sys=0.00s Real=0.00s
[336.029s][info][gc,marking  ] GC(345) Concurrent Rebuild Remembered Sets
[336.049s][info][gc,marking  ] GC(345) Concurrent Rebuild Remembered Sets 20.357ms
[336.050s][info][gc,start    ] GC(345) Pause Cleanup
[336.050s][info][gc          ] GC(345) Pause Cleanup 46M->46M(84M) 0.141ms
[336.050s][info][gc,cpu      ] GC(345) User=0.00s Sys=0.00s Real=0.00s
[336.051s][info][gc,marking  ] GC(345) Concurrent Cleanup for Next Mark
[336.051s][info][gc,marking  ] GC(345) Concurrent Cleanup for Next Mark 0.139ms
[336.051s][info][gc          ] GC(345) Concurrent Cycle 52.965ms
[336.156s][info][gc,start    ] GC(346) Pause Young (Normal) (G1 Evacuation Pause)
[336.156s][info][gc,task     ] GC(346) Using 8 workers of 8 for evacuation
[336.157s][info][gc,phases   ] GC(346)   Pre Evacuate Collection Set: 0.0ms
[336.157s][info][gc,phases   ] GC(346)   Merge Heap Roots: 0.0ms
[336.157s][info][gc,phases   ] GC(346)   Evacuate Collection Set: 0.4ms
[336.157s][info][gc,phases   ] GC(346)   Post Evacuate Collection Set: 0.2ms
[336.157s][info][gc,phases   ] GC(346)   Other: 0.1ms
[336.157s][info][gc,heap     ] GC(346) Eden regions: 33->0(33)
[336.157s][info][gc,heap     ] GC(346) Survivor regions: 1->1(5)
[336.157s][info][gc,heap     ] GC(346) Old regions: 38->38
[336.157s][info][gc,heap     ] GC(346) Archive regions: 2->2
[336.157s][info][gc,heap     ] GC(346) Humongous regions: 0->0
[336.157s][info][gc,metaspace] GC(346) Metaspace: 50683K(51536K)->50683K(51536K) NonClass: 44556K(45136K)->44556K(45136K) Class: 6126K(6400K)->6126K(6400K)
[336.157s][info][gc          ] GC(346) Pause Young (Normal) (G1 Evacuation Pause) 71M->38M(84M) 0.919ms
[336.157s][info][gc,cpu      ] GC(346) User=0.00s Sys=0.00s Real=0.00s
[336.293s][info][gc,start    ] GC(347) Pause Young (Concurrent Start) (G1 Evacuation Pause)
[336.293s][info][gc,task     ] GC(347) Using 8 workers of 8 for evacuation
[336.294s][info][gc,phases   ] GC(347)   Pre Evacuate Collection Set: 0.1ms
[336.294s][info][gc,phases   ] GC(347)   Merge Heap Roots: 0.0ms
[336.294s][info][gc,phases   ] GC(347)   Evacuate Collection Set: 0.7ms
[336.294s][info][gc,phases   ] GC(347)   Post Evacuate Collection Set: 0.2ms
[336.294s][info][gc,phases   ] GC(347)   Other: 0.1ms
[336.294s][info][gc,heap     ] GC(347) Eden regions: 33->0(33)
[336.294s][info][gc,heap     ] GC(347) Survivor regions: 1->1(5)
[336.294s][info][gc,heap     ] GC(347) Old regions: 38->38
[336.294s][info][gc,heap     ] GC(347) Archive regions: 2->2
[336.294s][info][gc,heap     ] GC(347) Humongous regions: 0->0
[336.294s][info][gc,metaspace] GC(347) Metaspace: 50683K(51536K)->50683K(51536K) NonClass: 44556K(45136K)->44556K(45136K) Class: 6126K(6400K)->6126K(6400K)
[336.294s][info][gc          ] GC(347) Pause Young (Concurrent Start) (G1 Evacuation Pause) 71M->38M(84M) 1.167ms
[336.294s][info][gc,cpu      ] GC(347) User=0.00s Sys=0.00s Real=0.00s
[336.294s][info][gc          ] GC(348) Concurrent Cycle
[336.294s][info][gc,marking  ] GC(348) Concurrent Clear Claimed Marks
[336.294s][info][gc,marking  ] GC(348) Concurrent Clear Claimed Marks 0.020ms
[336.294s][info][gc,marking  ] GC(348) Concurrent Scan Root Regions
[336.295s][info][gc,marking  ] GC(348) Concurrent Scan Root Regions 0.547ms
[336.295s][info][gc,marking  ] GC(348) Concurrent Mark (336.295s)
[336.295s][info][gc,marking  ] GC(348) Concurrent Mark From Roots
[336.295s][info][gc,task     ] GC(348) Using 2 workers of 2 for marking
[336.323s][info][gc,marking  ] GC(348) Concurrent Mark From Roots 27.839ms
[336.323s][info][gc,marking  ] GC(348) Concurrent Preclean
[336.323s][info][gc,marking  ] GC(348) Concurrent Preclean 0.053ms
[336.323s][info][gc,marking  ] GC(348) Concurrent Mark (336.295s, 336.323s) 27.955ms
[336.323s][info][gc,start    ] GC(348) Pause Remark
[336.324s][info][gc          ] GC(348) Pause Remark 44M->44M(84M) 1.181ms
[336.324s][info][gc,cpu      ] GC(348) User=0.01s Sys=0.00s Real=0.00s
[336.324s][info][gc,marking  ] GC(348) Concurrent Rebuild Remembered Sets
[336.342s][info][gc,marking  ] GC(348) Concurrent Rebuild Remembered Sets 17.459ms
[336.343s][info][gc,start    ] GC(348) Pause Cleanup
[336.343s][info][gc          ] GC(348) Pause Cleanup 47M->47M(84M) 0.094ms
[336.343s][info][gc,cpu      ] GC(348) User=0.00s Sys=0.00s Real=0.00s
[336.343s][info][gc,marking  ] GC(348) Concurrent Cleanup for Next Mark
[336.343s][info][gc,marking  ] GC(348) Concurrent Cleanup for Next Mark 0.112ms
[336.343s][info][gc          ] GC(348) Concurrent Cycle 48.807ms
[336.451s][info][gc,start    ] GC(349) Pause Young (Normal) (G1 Evacuation Pause)
[336.451s][info][gc,task     ] GC(349) Using 8 workers of 8 for evacuation
[336.452s][info][gc,phases   ] GC(349)   Pre Evacuate Collection Set: 0.0ms
[336.452s][info][gc,phases   ] GC(349)   Merge Heap Roots: 0.0ms
[336.452s][info][gc,phases   ] GC(349)   Evacuate Collection Set: 0.4ms
[336.452s][info][gc,phases   ] GC(349)   Post Evacuate Collection Set: 0.2ms
[336.452s][info][gc,phases   ] GC(349)   Other: 0.1ms
[336.452s][info][gc,heap     ] GC(349) Eden regions: 33->0(33)
[336.452s][info][gc,heap     ] GC(349) Survivor regions: 1->1(5)
[336.452s][info][gc,heap     ] GC(349) Old regions: 38->38
[336.452s][info][gc,heap     ] GC(349) Archive regions: 2->2
[336.452s][info][gc,heap     ] GC(349) Humongous regions: 0->0
[336.452s][info][gc,metaspace] GC(349) Metaspace: 50683K(51536K)->50683K(51536K) NonClass: 44556K(45136K)->44556K(45136K) Class: 6126K(6400K)->6126K(6400K)
[336.452s][info][gc          ] GC(349) Pause Young (Normal) (G1 Evacuation Pause) 71M->38M(84M) 0.822ms
[336.452s][info][gc,cpu      ] GC(349) User=0.00s Sys=0.00s Real=0.01s
[336.603s][info][gc,start    ] GC(350) Pause Young (Concurrent Start) (G1 Evacuation Pause)
[336.603s][info][gc,task     ] GC(350) Using 8 workers of 8 for evacuation
[336.604s][info][gc,phases   ] GC(350)   Pre Evacuate Collection Set: 0.1ms
[336.604s][info][gc,phases   ] GC(350)   Merge Heap Roots: 0.0ms
[336.604s][info][gc,phases   ] GC(350)   Evacuate Collection Set: 0.7ms
[336.604s][info][gc,phases   ] GC(350)   Post Evacuate Collection Set: 0.2ms
[336.604s][info][gc,phases   ] GC(350)   Other: 0.2ms
[336.604s][info][gc,heap     ] GC(350) Eden regions: 33->0(33)
[336.604s][info][gc,heap     ] GC(350) Survivor regions: 1->1(5)
[336.604s][info][gc,heap     ] GC(350) Old regions: 38->38
[336.604s][info][gc,heap     ] GC(350) Archive regions: 2->2
[336.604s][info][gc,heap     ] GC(350) Humongous regions: 0->0
[336.604s][info][gc,metaspace] GC(350) Metaspace: 50683K(51536K)->50683K(51536K) NonClass: 44557K(45136K)->44557K(45136K) Class: 6126K(6400K)->6126K(6400K)
[336.604s][info][gc          ] GC(350) Pause Young (Concurrent Start) (G1 Evacuation Pause) 71M->38M(84M) 1.219ms
[336.604s][info][gc,cpu      ] GC(350) User=0.00s Sys=0.00s Real=0.00s
[336.604s][info][gc          ] GC(351) Concurrent Cycle
[336.605s][info][gc,marking  ] GC(351) Concurrent Clear Claimed Marks
[336.605s][info][gc,marking  ] GC(351) Concurrent Clear Claimed Marks 0.025ms
[336.605s][info][gc,marking  ] GC(351) Concurrent Scan Root Regions
[336.605s][info][gc,marking  ] GC(351) Concurrent Scan Root Regions 0.738ms
[336.605s][info][gc,marking  ] GC(351) Concurrent Mark (336.605s)
[336.605s][info][gc,marking  ] GC(351) Concurrent Mark From Roots
[336.605s][info][gc,task     ] GC(351) Using 2 workers of 2 for marking
[336.633s][info][gc,marking  ] GC(351) Concurrent Mark From Roots 27.468ms
[336.633s][info][gc,marking  ] GC(351) Concurrent Preclean
[336.633s][info][gc,marking  ] GC(351) Concurrent Preclean 0.053ms
[336.633s][info][gc,marking  ] GC(351) Concurrent Mark (336.605s, 336.633s) 27.575ms
[336.633s][info][gc,start    ] GC(351) Pause Remark
[336.634s][info][gc          ] GC(351) Pause Remark 43M->43M(84M) 1.184ms
[336.634s][info][gc,cpu      ] GC(351) User=0.01s Sys=0.00s Real=0.00s
[336.634s][info][gc,marking  ] GC(351) Concurrent Rebuild Remembered Sets
[336.657s][info][gc,marking  ] GC(351) Concurrent Rebuild Remembered Sets 22.322ms
[336.658s][info][gc,start    ] GC(351) Pause Cleanup
[336.658s][info][gc          ] GC(351) Pause Cleanup 47M->47M(84M) 0.137ms
[336.658s][info][gc,cpu      ] GC(351) User=0.00s Sys=0.00s Real=0.00s
[336.658s][info][gc,marking  ] GC(351) Concurrent Cleanup for Next Mark
[336.658s][info][gc,marking  ] GC(351) Concurrent Cleanup for Next Mark 0.124ms
[336.658s][info][gc          ] GC(351) Concurrent Cycle 53.420ms
[336.767s][info][gc,start    ] GC(352) Pause Young (Normal) (G1 Evacuation Pause)
[336.767s][info][gc,task     ] GC(352) Using 8 workers of 8 for evacuation
[336.768s][info][gc,phases   ] GC(352)   Pre Evacuate Collection Set: 0.0ms
[336.768s][info][gc,phases   ] GC(352)   Merge Heap Roots: 0.0ms
[336.768s][info][gc,phases   ] GC(352)   Evacuate Collection Set: 0.4ms
[336.768s][info][gc,phases   ] GC(352)   Post Evacuate Collection Set: 0.2ms
[336.768s][info][gc,phases   ] GC(352)   Other: 0.1ms
[336.768s][info][gc,heap     ] GC(352) Eden regions: 33->0(33)
[336.768s][info][gc,heap     ] GC(352) Survivor regions: 1->1(5)
[336.768s][info][gc,heap     ] GC(352) Old regions: 38->38
[336.768s][info][gc,heap     ] GC(352) Archive regions: 2->2
[336.768s][info][gc,heap     ] GC(352) Humongous regions: 0->0
[336.768s][info][gc,metaspace] GC(352) Metaspace: 50684K(51536K)->50684K(51536K) NonClass: 44558K(45136K)->44558K(45136K) Class: 6126K(6400K)->6126K(6400K)
[336.768s][info][gc          ] GC(352) Pause Young (Normal) (G1 Evacuation Pause) 71M->38M(84M) 0.858ms
[336.768s][info][gc,cpu      ] GC(352) User=0.00s Sys=0.01s Real=0.00s
[336.899s][info][gc,start    ] GC(353) Pause Young (Concurrent Start) (G1 Evacuation Pause)
[336.899s][info][gc,task     ] GC(353) Using 8 workers of 8 for evacuation
[336.901s][info][gc,phases   ] GC(353)   Pre Evacuate Collection Set: 0.1ms
[336.901s][info][gc,phases   ] GC(353)   Merge Heap Roots: 0.0ms
[336.901s][info][gc,phases   ] GC(353)   Evacuate Collection Set: 0.7ms
[336.901s][info][gc,phases   ] GC(353)   Post Evacuate Collection Set: 0.2ms
[336.901s][info][gc,phases   ] GC(353)   Other: 0.2ms
[336.901s][info][gc,heap     ] GC(353) Eden regions: 33->0(33)
[336.901s][info][gc,heap     ] GC(353) Survivor regions: 1->1(5)
[336.901s][info][gc,heap     ] GC(353) Old regions: 38->38
[336.901s][info][gc,heap     ] GC(353) Archive regions: 2->2
[336.901s][info][gc,heap     ] GC(353) Humongous regions: 0->0
[336.901s][info][gc,metaspace] GC(353) Metaspace: 50684K(51536K)->50684K(51536K) NonClass: 44558K(45136K)->44558K(45136K) Class: 6126K(6400K)->6126K(6400K)
[336.901s][info][gc          ] GC(353) Pause Young (Concurrent Start) (G1 Evacuation Pause) 71M->38M(84M) 1.283ms
[336.901s][info][gc,cpu      ] GC(353) User=0.01s Sys=0.00s Real=0.00s
[336.901s][info][gc          ] GC(354) Concurrent Cycle
[336.901s][info][gc,marking  ] GC(354) Concurrent Clear Claimed Marks
[336.901s][info][gc,marking  ] GC(354) Concurrent Clear Claimed Marks 0.029ms
[336.901s][info][gc,marking  ] GC(354) Concurrent Scan Root Regions
[336.901s][info][gc,marking  ] GC(354) Concurrent Scan Root Regions 0.449ms
[336.901s][info][gc,marking  ] GC(354) Concurrent Mark (336.901s)
[336.901s][info][gc,marking  ] GC(354) Concurrent Mark From Roots
[336.901s][info][gc,task     ] GC(354) Using 2 workers of 2 for marking
[336.933s][info][gc,marking  ] GC(354) Concurrent Mark From Roots 31.316ms
[336.933s][info][gc,marking  ] GC(354) Concurrent Preclean
[336.933s][info][gc,marking  ] GC(354) Concurrent Preclean 0.076ms
[336.933s][info][gc,marking  ] GC(354) Concurrent Mark (336.901s, 336.933s) 31.462ms
[336.933s][info][gc,start    ] GC(354) Pause Remark
[336.934s][info][gc          ] GC(354) Pause Remark 44M->44M(84M) 1.269ms
[336.934s][info][gc,cpu      ] GC(354) User=0.01s Sys=0.00s Real=0.00s
[336.934s][info][gc,marking  ] GC(354) Concurrent Rebuild Remembered Sets
[336.955s][info][gc,marking  ] GC(354) Concurrent Rebuild Remembered Sets 20.727ms
[336.956s][info][gc,start    ] GC(354) Pause Cleanup
[336.956s][info][gc          ] GC(354) Pause Cleanup 47M->47M(84M) 0.090ms
[336.956s][info][gc,cpu      ] GC(354) User=0.00s Sys=0.00s Real=0.00s
[336.956s][info][gc,marking  ] GC(354) Concurrent Cleanup for Next Mark
[336.956s][info][gc,marking  ] GC(354) Concurrent Cleanup for Next Mark 0.119ms
[336.956s][info][gc          ] GC(354) Concurrent Cycle 55.588ms
[337.054s][info][gc,start    ] GC(355) Pause Young (Normal) (G1 Evacuation Pause)
[337.054s][info][gc,task     ] GC(355) Using 8 workers of 8 for evacuation
[337.055s][info][gc,phases   ] GC(355)   Pre Evacuate Collection Set: 0.0ms
[337.055s][info][gc,phases   ] GC(355)   Merge Heap Roots: 0.0ms
[337.055s][info][gc,phases   ] GC(355)   Evacuate Collection Set: 0.4ms
[337.055s][info][gc,phases   ] GC(355)   Post Evacuate Collection Set: 0.2ms
[337.055s][info][gc,phases   ] GC(355)   Other: 0.2ms
[337.055s][info][gc,heap     ] GC(355) Eden regions: 33->0(33)
[337.055s][info][gc,heap     ] GC(355) Survivor regions: 1->1(5)
[337.055s][info][gc,heap     ] GC(355) Old regions: 38->38
[337.055s][info][gc,heap     ] GC(355) Archive regions: 2->2
[337.055s][info][gc,heap     ] GC(355) Humongous regions: 0->0
[337.055s][info][gc,metaspace] GC(355) Metaspace: 50684K(51536K)->50684K(51536K) NonClass: 44558K(45136K)->44558K(45136K) Class: 6126K(6400K)->6126K(6400K)
[337.055s][info][gc          ] GC(355) Pause Young (Normal) (G1 Evacuation Pause) 71M->38M(84M) 0.935ms
[337.055s][info][gc,cpu      ] GC(355) User=0.00s Sys=0.00s Real=0.00s
[337.195s][info][gc,start    ] GC(356) Pause Young (Concurrent Start) (G1 Evacuation Pause)
[337.195s][info][gc,task     ] GC(356) Using 8 workers of 8 for evacuation
[337.196s][info][gc,phases   ] GC(356)   Pre Evacuate Collection Set: 0.1ms
[337.196s][info][gc,phases   ] GC(356)   Merge Heap Roots: 0.0ms
[337.196s][info][gc,phases   ] GC(356)   Evacuate Collection Set: 0.7ms
[337.196s][info][gc,phases   ] GC(356)   Post Evacuate Collection Set: 0.2ms
[337.196s][info][gc,phases   ] GC(356)   Other: 0.2ms
[337.196s][info][gc,heap     ] GC(356) Eden regions: 33->0(33)
[337.196s][info][gc,heap     ] GC(356) Survivor regions: 1->1(5)
[337.196s][info][gc,heap     ] GC(356) Old regions: 38->38
[337.196s][info][gc,heap     ] GC(356) Archive regions: 2->2
[337.196s][info][gc,heap     ] GC(356) Humongous regions: 0->0
[337.196s][info][gc,metaspace] GC(356) Metaspace: 50685K(51792K)->50685K(51792K) NonClass: 44558K(45392K)->44558K(45392K) Class: 6126K(6400K)->6126K(6400K)
[337.196s][info][gc          ] GC(356) Pause Young (Concurrent Start) (G1 Evacuation Pause) 71M->38M(84M) 1.263ms
[337.196s][info][gc,cpu      ] GC(356) User=0.00s Sys=0.00s Real=0.00s
[337.196s][info][gc          ] GC(357) Concurrent Cycle
[337.196s][info][gc,marking  ] GC(357) Concurrent Clear Claimed Marks
[337.196s][info][gc,marking  ] GC(357) Concurrent Clear Claimed Marks 0.034ms
[337.196s][info][gc,marking  ] GC(357) Concurrent Scan Root Regions
[337.197s][info][gc,marking  ] GC(357) Concurrent Scan Root Regions 0.936ms
[337.197s][info][gc,marking  ] GC(357) Concurrent Mark (337.197s)
[337.197s][info][gc,marking  ] GC(357) Concurrent Mark From Roots
[337.197s][info][gc,task     ] GC(357) Using 2 workers of 2 for marking
[337.228s][info][gc,marking  ] GC(357) Concurrent Mark From Roots 30.540ms
[337.228s][info][gc,marking  ] GC(357) Concurrent Preclean
[337.228s][info][gc,marking  ] GC(357) Concurrent Preclean 0.088ms
[337.228s][info][gc,marking  ] GC(357) Concurrent Mark (337.197s, 337.228s) 30.706ms
[337.228s][info][gc,start    ] GC(357) Pause Remark
[337.229s][info][gc          ] GC(357) Pause Remark 44M->44M(84M) 1.216ms
[337.229s][info][gc,cpu      ] GC(357) User=0.00s Sys=0.00s Real=0.00s
[337.229s][info][gc,marking  ] GC(357) Concurrent Rebuild Remembered Sets
[337.249s][info][gc,marking  ] GC(357) Concurrent Rebuild Remembered Sets 19.446ms
[337.250s][info][gc,start    ] GC(357) Pause Cleanup
[337.250s][info][gc          ] GC(357) Pause Cleanup 48M->48M(84M) 0.107ms
[337.250s][info][gc,cpu      ] GC(357) User=0.00s Sys=0.00s Real=0.00s
[337.250s][info][gc,marking  ] GC(357) Concurrent Cleanup for Next Mark
[337.250s][info][gc,marking  ] GC(357) Concurrent Cleanup for Next Mark 0.131ms
[337.250s][info][gc          ] GC(357) Concurrent Cycle 53.949ms
[337.342s][info][gc,start    ] GC(358) Pause Young (Normal) (G1 Evacuation Pause)
[337.342s][info][gc,task     ] GC(358) Using 8 workers of 8 for evacuation
[337.343s][info][gc,phases   ] GC(358)   Pre Evacuate Collection Set: 0.0ms
[337.343s][info][gc,phases   ] GC(358)   Merge Heap Roots: 0.0ms
[337.343s][info][gc,phases   ] GC(358)   Evacuate Collection Set: 0.4ms
[337.343s][info][gc,phases   ] GC(358)   Post Evacuate Collection Set: 0.2ms
[337.343s][info][gc,phases   ] GC(358)   Other: 0.1ms
[337.343s][info][gc,heap     ] GC(358) Eden regions: 33->0(33)
[337.343s][info][gc,heap     ] GC(358) Survivor regions: 1->1(5)
[337.343s][info][gc,heap     ] GC(358) Old regions: 38->38
[337.343s][info][gc,heap     ] GC(358) Archive regions: 2->2
[337.343s][info][gc,heap     ] GC(358) Humongous regions: 0->0
[337.343s][info][gc,metaspace] GC(358) Metaspace: 50686K(51792K)->50686K(51792K) NonClass: 44559K(45392K)->44559K(45392K) Class: 6126K(6400K)->6126K(6400K)
[337.343s][info][gc          ] GC(358) Pause Young (Normal) (G1 Evacuation Pause) 71M->38M(84M) 0.874ms
[337.343s][info][gc,cpu      ] GC(358) User=0.00s Sys=0.00s Real=0.00s
[337.491s][info][gc,start    ] GC(359) Pause Young (Concurrent Start) (G1 Evacuation Pause)
[337.491s][info][gc,task     ] GC(359) Using 8 workers of 8 for evacuation
[337.492s][info][gc,phases   ] GC(359)   Pre Evacuate Collection Set: 0.1ms
[337.492s][info][gc,phases   ] GC(359)   Merge Heap Roots: 0.0ms
[337.492s][info][gc,phases   ] GC(359)   Evacuate Collection Set: 0.5ms
[337.492s][info][gc,phases   ] GC(359)   Post Evacuate Collection Set: 0.2ms
[337.492s][info][gc,phases   ] GC(359)   Other: 0.1ms
[337.492s][info][gc,heap     ] GC(359) Eden regions: 33->0(33)
[337.492s][info][gc,heap     ] GC(359) Survivor regions: 1->1(5)
[337.492s][info][gc,heap     ] GC(359) Old regions: 38->38
[337.492s][info][gc,heap     ] GC(359) Archive regions: 2->2
[337.492s][info][gc,heap     ] GC(359) Humongous regions: 0->0
[337.492s][info][gc,metaspace] GC(359) Metaspace: 50689K(51792K)->50689K(51792K) NonClass: 44562K(45392K)->44562K(45392K) Class: 6126K(6400K)->6126K(6400K)
[337.492s][info][gc          ] GC(359) Pause Young (Concurrent Start) (G1 Evacuation Pause) 71M->38M(84M) 1.089ms
[337.492s][info][gc,cpu      ] GC(359) User=0.01s Sys=0.01s Real=0.01s
[337.492s][info][gc          ] GC(360) Concurrent Cycle
[337.492s][info][gc,marking  ] GC(360) Concurrent Clear Claimed Marks
[337.492s][info][gc,marking  ] GC(360) Concurrent Clear Claimed Marks 0.024ms
[337.492s][info][gc,marking  ] GC(360) Concurrent Scan Root Regions
[337.492s][info][gc,marking  ] GC(360) Concurrent Scan Root Regions 0.555ms
[337.492s][info][gc,marking  ] GC(360) Concurrent Mark (337.492s)
[337.492s][info][gc,marking  ] GC(360) Concurrent Mark From Roots
[337.492s][info][gc,task     ] GC(360) Using 2 workers of 2 for marking
[337.521s][info][gc,marking  ] GC(360) Concurrent Mark From Roots 28.750ms
[337.521s][info][gc,marking  ] GC(360) Concurrent Preclean
[337.521s][info][gc,marking  ] GC(360) Concurrent Preclean 0.062ms
[337.521s][info][gc,marking  ] GC(360) Concurrent Mark (337.492s, 337.521s) 28.871ms
[337.521s][info][gc,start    ] GC(360) Pause Remark
[337.523s][info][gc          ] GC(360) Pause Remark 44M->44M(84M) 1.277ms
[337.523s][info][gc,cpu      ] GC(360) User=0.01s Sys=0.00s Real=0.01s
[337.523s][info][gc,marking  ] GC(360) Concurrent Rebuild Remembered Sets
[337.542s][info][gc,marking  ] GC(360) Concurrent Rebuild Remembered Sets 18.962ms
[337.543s][info][gc,start    ] GC(360) Pause Cleanup
[337.543s][info][gc          ] GC(360) Pause Cleanup 49M->49M(84M) 0.094ms
[337.543s][info][gc,cpu      ] GC(360) User=0.00s Sys=0.00s Real=0.00s
[337.543s][info][gc,marking  ] GC(360) Concurrent Cleanup for Next Mark
[337.543s][info][gc,marking  ] GC(360) Concurrent Cleanup for Next Mark 0.114ms
[337.543s][info][gc          ] GC(360) Concurrent Cycle 51.265ms
[337.632s][info][gc,start    ] GC(361) Pause Young (Normal) (G1 Evacuation Pause)
[337.632s][info][gc,task     ] GC(361) Using 8 workers of 8 for evacuation
[337.633s][info][gc,phases   ] GC(361)   Pre Evacuate Collection Set: 0.0ms
[337.633s][info][gc,phases   ] GC(361)   Merge Heap Roots: 0.0ms
[337.633s][info][gc,phases   ] GC(361)   Evacuate Collection Set: 0.4ms
[337.633s][info][gc,phases   ] GC(361)   Post Evacuate Collection Set: 0.2ms
[337.633s][info][gc,phases   ] GC(361)   Other: 0.1ms
[337.633s][info][gc,heap     ] GC(361) Eden regions: 33->0(33)
[337.633s][info][gc,heap     ] GC(361) Survivor regions: 1->1(5)
[337.633s][info][gc,heap     ] GC(361) Old regions: 38->38
[337.633s][info][gc,heap     ] GC(361) Archive regions: 2->2
[337.633s][info][gc,heap     ] GC(361) Humongous regions: 0->0
[337.633s][info][gc,metaspace] GC(361) Metaspace: 50689K(51792K)->50689K(51792K) NonClass: 44562K(45392K)->44562K(45392K) Class: 6126K(6400K)->6126K(6400K)
[337.633s][info][gc          ] GC(361) Pause Young (Normal) (G1 Evacuation Pause) 71M->38M(84M) 0.962ms
[337.633s][info][gc,cpu      ] GC(361) User=0.00s Sys=0.00s Real=0.00s
[337.770s][info][gc,start    ] GC(362) Pause Young (Concurrent Start) (G1 Evacuation Pause)
[337.770s][info][gc,task     ] GC(362) Using 8 workers of 8 for evacuation
[337.771s][info][gc,phases   ] GC(362)   Pre Evacuate Collection Set: 0.1ms
[337.771s][info][gc,phases   ] GC(362)   Merge Heap Roots: 0.0ms
[337.771s][info][gc,phases   ] GC(362)   Evacuate Collection Set: 0.7ms
[337.771s][info][gc,phases   ] GC(362)   Post Evacuate Collection Set: 0.2ms
[337.771s][info][gc,phases   ] GC(362)   Other: 0.1ms
[337.771s][info][gc,heap     ] GC(362) Eden regions: 33->0(33)
[337.771s][info][gc,heap     ] GC(362) Survivor regions: 1->1(5)
[337.771s][info][gc,heap     ] GC(362) Old regions: 38->38
[337.771s][info][gc,heap     ] GC(362) Archive regions: 2->2
[337.771s][info][gc,heap     ] GC(362) Humongous regions: 0->0
[337.771s][info][gc,metaspace] GC(362) Metaspace: 50689K(51792K)->50689K(51792K) NonClass: 44562K(45392K)->44562K(45392K) Class: 6126K(6400K)->6126K(6400K)
[337.771s][info][gc          ] GC(362) Pause Young (Concurrent Start) (G1 Evacuation Pause) 71M->38M(84M) 1.208ms
[337.771s][info][gc,cpu      ] GC(362) User=0.00s Sys=0.00s Real=0.00s
[337.771s][info][gc          ] GC(363) Concurrent Cycle
[337.771s][info][gc,marking  ] GC(363) Concurrent Clear Claimed Marks
[337.771s][info][gc,marking  ] GC(363) Concurrent Clear Claimed Marks 0.037ms
[337.771s][info][gc,marking  ] GC(363) Concurrent Scan Root Regions
[337.772s][info][gc,marking  ] GC(363) Concurrent Scan Root Regions 0.894ms
[337.772s][info][gc,marking  ] GC(363) Concurrent Mark (337.772s)
[337.772s][info][gc,marking  ] GC(363) Concurrent Mark From Roots
[337.772s][info][gc,task     ] GC(363) Using 2 workers of 2 for marking
[337.805s][info][gc,marking  ] GC(363) Concurrent Mark From Roots 32.691ms
[337.805s][info][gc,marking  ] GC(363) Concurrent Preclean
[337.805s][info][gc,marking  ] GC(363) Concurrent Preclean 0.053ms
[337.805s][info][gc,marking  ] GC(363) Concurrent Mark (337.772s, 337.805s) 32.821ms
[337.805s][info][gc,start    ] GC(363) Pause Remark
[337.807s][info][gc          ] GC(363) Pause Remark 44M->44M(84M) 1.303ms
[337.807s][info][gc,cpu      ] GC(363) User=0.01s Sys=0.00s Real=0.00s
[337.807s][info][gc,marking  ] GC(363) Concurrent Rebuild Remembered Sets
[337.828s][info][gc,marking  ] GC(363) Concurrent Rebuild Remembered Sets 20.925ms
[337.829s][info][gc,start    ] GC(363) Pause Cleanup
[337.829s][info][gc          ] GC(363) Pause Cleanup 46M->46M(84M) 0.138ms
[337.829s][info][gc,cpu      ] GC(363) User=0.00s Sys=0.00s Real=0.00s
[337.829s][info][gc,marking  ] GC(363) Concurrent Cleanup for Next Mark
[337.829s][info][gc,marking  ] GC(363) Concurrent Cleanup for Next Mark 0.144ms
[337.829s][info][gc          ] GC(363) Concurrent Cycle 57.753ms
[337.933s][info][gc,start    ] GC(364) Pause Young (Normal) (G1 Evacuation Pause)
[337.933s][info][gc,task     ] GC(364) Using 8 workers of 8 for evacuation
[337.934s][info][gc,phases   ] GC(364)   Pre Evacuate Collection Set: 0.0ms
[337.934s][info][gc,phases   ] GC(364)   Merge Heap Roots: 0.0ms
[337.934s][info][gc,phases   ] GC(364)   Evacuate Collection Set: 0.4ms
[337.934s][info][gc,phases   ] GC(364)   Post Evacuate Collection Set: 0.2ms
[337.934s][info][gc,phases   ] GC(364)   Other: 0.2ms
[337.934s][info][gc,heap     ] GC(364) Eden regions: 33->0(33)
[337.934s][info][gc,heap     ] GC(364) Survivor regions: 1->1(5)
[337.934s][info][gc,heap     ] GC(364) Old regions: 38->38
[337.934s][info][gc,heap     ] GC(364) Archive regions: 2->2
[337.934s][info][gc,heap     ] GC(364) Humongous regions: 0->0
[337.934s][info][gc,metaspace] GC(364) Metaspace: 50690K(51792K)->50690K(51792K) NonClass: 44563K(45392K)->44563K(45392K) Class: 6126K(6400K)->6126K(6400K)
[337.934s][info][gc          ] GC(364) Pause Young (Normal) (G1 Evacuation Pause) 71M->38M(84M) 0.874ms
[337.934s][info][gc,cpu      ] GC(364) User=0.01s Sys=0.00s Real=0.00s
[338.066s][info][gc,start    ] GC(365) Pause Young (Concurrent Start) (G1 Evacuation Pause)
[338.066s][info][gc,task     ] GC(365) Using 8 workers of 8 for evacuation
[338.067s][info][gc,phases   ] GC(365)   Pre Evacuate Collection Set: 0.1ms
[338.067s][info][gc,phases   ] GC(365)   Merge Heap Roots: 0.0ms
[338.067s][info][gc,phases   ] GC(365)   Evacuate Collection Set: 0.6ms
[338.067s][info][gc,phases   ] GC(365)   Post Evacuate Collection Set: 0.2ms
[338.067s][info][gc,phases   ] GC(365)   Other: 0.1ms
[338.067s][info][gc,heap     ] GC(365) Eden regions: 33->0(33)
[338.067s][info][gc,heap     ] GC(365) Survivor regions: 1->1(5)
[338.067s][info][gc,heap     ] GC(365) Old regions: 38->38
[338.067s][info][gc,heap     ] GC(365) Archive regions: 2->2
[338.067s][info][gc,heap     ] GC(365) Humongous regions: 0->0
[338.067s][info][gc,metaspace] GC(365) Metaspace: 50690K(51792K)->50690K(51792K) NonClass: 44563K(45392K)->44563K(45392K) Class: 6126K(6400K)->6126K(6400K)
[338.067s][info][gc          ] GC(365) Pause Young (Concurrent Start) (G1 Evacuation Pause) 71M->38M(84M) 1.170ms
[338.067s][info][gc,cpu      ] GC(365) User=0.00s Sys=0.00s Real=0.00s
[338.067s][info][gc          ] GC(366) Concurrent Cycle
[338.067s][info][gc,marking  ] GC(366) Concurrent Clear Claimed Marks
[338.068s][info][gc,marking  ] GC(366) Concurrent Clear Claimed Marks 0.025ms
[338.068s][info][gc,marking  ] GC(366) Concurrent Scan Root Regions
[338.068s][info][gc,marking  ] GC(366) Concurrent Scan Root Regions 0.481ms
[338.068s][info][gc,marking  ] GC(366) Concurrent Mark (338.068s)
[338.068s][info][gc,marking  ] GC(366) Concurrent Mark From Roots
[338.068s][info][gc,task     ] GC(366) Using 2 workers of 2 for marking
[338.098s][info][gc,marking  ] GC(366) Concurrent Mark From Roots 30.327ms
[338.098s][info][gc,marking  ] GC(366) Concurrent Preclean
[338.098s][info][gc,marking  ] GC(366) Concurrent Preclean 0.053ms
[338.098s][info][gc,marking  ] GC(366) Concurrent Mark (338.068s, 338.098s) 30.432ms
[338.099s][info][gc,start    ] GC(366) Pause Remark
[338.100s][info][gc          ] GC(366) Pause Remark 45M->45M(84M) 1.208ms
[338.100s][info][gc,cpu      ] GC(366) User=0.01s Sys=0.00s Real=0.00s
[338.100s][info][gc,marking  ] GC(366) Concurrent Rebuild Remembered Sets
[338.120s][info][gc,marking  ] GC(366) Concurrent Rebuild Remembered Sets 19.789ms
[338.121s][info][gc,start    ] GC(366) Pause Cleanup
[338.121s][info][gc          ] GC(366) Pause Cleanup 49M->49M(84M) 0.099ms
[338.121s][info][gc,cpu      ] GC(366) User=0.00s Sys=0.00s Real=0.00s
[338.121s][info][gc,marking  ] GC(366) Concurrent Cleanup for Next Mark
[338.121s][info][gc,marking  ] GC(366) Concurrent Cleanup for Next Mark 0.131ms
[338.121s][info][gc          ] GC(366) Concurrent Cycle 53.468ms
[338.208s][info][gc,start    ] GC(367) Pause Young (Normal) (G1 Evacuation Pause)
[338.208s][info][gc,task     ] GC(367) Using 8 workers of 8 for evacuation
[338.209s][info][gc,phases   ] GC(367)   Pre Evacuate Collection Set: 0.0ms
[338.209s][info][gc,phases   ] GC(367)   Merge Heap Roots: 0.1ms
[338.209s][info][gc,phases   ] GC(367)   Evacuate Collection Set: 0.4ms
[338.209s][info][gc,phases   ] GC(367)   Post Evacuate Collection Set: 0.2ms
[338.209s][info][gc,phases   ] GC(367)   Other: 0.1ms
[338.209s][info][gc,heap     ] GC(367) Eden regions: 33->0(33)
[338.209s][info][gc,heap     ] GC(367) Survivor regions: 1->1(5)
[338.209s][info][gc,heap     ] GC(367) Old regions: 38->38
[338.209s][info][gc,heap     ] GC(367) Archive regions: 2->2
[338.209s][info][gc,heap     ] GC(367) Humongous regions: 0->0
[338.209s][info][gc,metaspace] GC(367) Metaspace: 50690K(51792K)->50690K(51792K) NonClass: 44563K(45392K)->44563K(45392K) Class: 6126K(6400K)->6126K(6400K)
[338.209s][info][gc          ] GC(367) Pause Young (Normal) (G1 Evacuation Pause) 71M->38M(84M) 0.886ms
[338.209s][info][gc,cpu      ] GC(367) User=0.00s Sys=0.00s Real=0.00s
[338.349s][info][gc,start    ] GC(368) Pause Young (Concurrent Start) (G1 Evacuation Pause)
[338.349s][info][gc,task     ] GC(368) Using 8 workers of 8 for evacuation
[338.350s][info][gc,phases   ] GC(368)   Pre Evacuate Collection Set: 0.1ms
[338.350s][info][gc,phases   ] GC(368)   Merge Heap Roots: 0.0ms
[338.350s][info][gc,phases   ] GC(368)   Evacuate Collection Set: 0.5ms
[338.350s][info][gc,phases   ] GC(368)   Post Evacuate Collection Set: 0.2ms
[338.350s][info][gc,phases   ] GC(368)   Other: 0.1ms
[338.350s][info][gc,heap     ] GC(368) Eden regions: 33->0(33)
[338.350s][info][gc,heap     ] GC(368) Survivor regions: 1->1(5)
[338.350s][info][gc,heap     ] GC(368) Old regions: 38->38
[338.350s][info][gc,heap     ] GC(368) Archive regions: 2->2
[338.350s][info][gc,heap     ] GC(368) Humongous regions: 0->0
[338.350s][info][gc,metaspace] GC(368) Metaspace: 50690K(51792K)->50690K(51792K) NonClass: 44563K(45392K)->44563K(45392K) Class: 6126K(6400K)->6126K(6400K)
[338.350s][info][gc          ] GC(368) Pause Young (Concurrent Start) (G1 Evacuation Pause) 71M->38M(84M) 1.034ms
[338.350s][info][gc,cpu      ] GC(368) User=0.01s Sys=0.00s Real=0.00s
[338.350s][info][gc          ] GC(369) Concurrent Cycle
[338.350s][info][gc,marking  ] GC(369) Concurrent Clear Claimed Marks
[338.350s][info][gc,marking  ] GC(369) Concurrent Clear Claimed Marks 0.030ms
[338.350s][info][gc,marking  ] GC(369) Concurrent Scan Root Regions
[338.351s][info][gc,marking  ] GC(369) Concurrent Scan Root Regions 0.767ms
[338.351s][info][gc,marking  ] GC(369) Concurrent Mark (338.351s)
[338.351s][info][gc,marking  ] GC(369) Concurrent Mark From Roots
[338.351s][info][gc,task     ] GC(369) Using 2 workers of 2 for marking
[338.381s][info][gc,marking  ] GC(369) Concurrent Mark From Roots 30.581ms
[338.381s][info][gc,marking  ] GC(369) Concurrent Preclean
[338.381s][info][gc,marking  ] GC(369) Concurrent Preclean 0.065ms
[338.381s][info][gc,marking  ] GC(369) Concurrent Mark (338.351s, 338.381s) 30.704ms
[338.381s][info][gc,start    ] GC(369) Pause Remark
[338.383s][info][gc          ] GC(369) Pause Remark 45M->45M(84M) 1.208ms
[338.383s][info][gc,cpu      ] GC(369) User=0.01s Sys=0.00s Real=0.01s
[338.383s][info][gc,marking  ] GC(369) Concurrent Rebuild Remembered Sets
[338.402s][info][gc,marking  ] GC(369) Concurrent Rebuild Remembered Sets 19.724ms
[338.403s][info][gc,start    ] GC(369) Pause Cleanup
[338.404s][info][gc          ] GC(369) Pause Cleanup 49M->49M(84M) 0.155ms
[338.404s][info][gc,cpu      ] GC(369) User=0.00s Sys=0.00s Real=0.00s
[338.404s][info][gc,marking  ] GC(369) Concurrent Cleanup for Next Mark
[338.404s][info][gc,marking  ] GC(369) Concurrent Cleanup for Next Mark 0.136ms
[338.404s][info][gc          ] GC(369) Concurrent Cycle 54.159ms
[338.496s][info][gc,start    ] GC(370) Pause Young (Normal) (G1 Evacuation Pause)
[338.496s][info][gc,task     ] GC(370) Using 8 workers of 8 for evacuation
[338.496s][info][gc,phases   ] GC(370)   Pre Evacuate Collection Set: 0.0ms
[338.496s][info][gc,phases   ] GC(370)   Merge Heap Roots: 0.0ms
[338.496s][info][gc,phases   ] GC(370)   Evacuate Collection Set: 0.4ms
[338.496s][info][gc,phases   ] GC(370)   Post Evacuate Collection Set: 0.2ms
[338.497s][info][gc,phases   ] GC(370)   Other: 0.1ms
[338.497s][info][gc,heap     ] GC(370) Eden regions: 33->0(33)
[338.497s][info][gc,heap     ] GC(370) Survivor regions: 1->1(5)
[338.497s][info][gc,heap     ] GC(370) Old regions: 38->38
[338.497s][info][gc,heap     ] GC(370) Archive regions: 2->2
[338.497s][info][gc,heap     ] GC(370) Humongous regions: 0->0
[338.497s][info][gc,metaspace] GC(370) Metaspace: 50690K(51792K)->50690K(51792K) NonClass: 44563K(45392K)->44563K(45392K) Class: 6126K(6400K)->6126K(6400K)
[338.497s][info][gc          ] GC(370) Pause Young (Normal) (G1 Evacuation Pause) 71M->39M(84M) 0.897ms
[338.497s][info][gc,cpu      ] GC(370) User=0.01s Sys=0.00s Real=0.00s
[338.624s][info][gc,start    ] GC(371) Pause Young (Concurrent Start) (G1 Evacuation Pause)
[338.624s][info][gc,task     ] GC(371) Using 8 workers of 8 for evacuation
[338.625s][info][gc,phases   ] GC(371)   Pre Evacuate Collection Set: 0.1ms
[338.625s][info][gc,phases   ] GC(371)   Merge Heap Roots: 0.0ms
[338.625s][info][gc,phases   ] GC(371)   Evacuate Collection Set: 0.5ms
[338.625s][info][gc,phases   ] GC(371)   Post Evacuate Collection Set: 0.2ms
[338.625s][info][gc,phases   ] GC(371)   Other: 0.2ms
[338.625s][info][gc,heap     ] GC(371) Eden regions: 33->0(33)
[338.625s][info][gc,heap     ] GC(371) Survivor regions: 1->1(5)
[338.625s][info][gc,heap     ] GC(371) Old regions: 38->38
[338.625s][info][gc,heap     ] GC(371) Archive regions: 2->2
[338.625s][info][gc,heap     ] GC(371) Humongous regions: 0->0
[338.625s][info][gc,metaspace] GC(371) Metaspace: 50690K(51792K)->50690K(51792K) NonClass: 44563K(45392K)->44563K(45392K) Class: 6126K(6400K)->6126K(6400K)
[338.625s][info][gc          ] GC(371) Pause Young (Concurrent Start) (G1 Evacuation Pause) 72M->38M(84M) 1.077ms
[338.625s][info][gc,cpu      ] GC(371) User=0.00s Sys=0.00s Real=0.00s
[338.625s][info][gc          ] GC(372) Concurrent Cycle
[338.625s][info][gc,marking  ] GC(372) Concurrent Clear Claimed Marks
[338.625s][info][gc,marking  ] GC(372) Concurrent Clear Claimed Marks 0.027ms
[338.625s][info][gc,marking  ] GC(372) Concurrent Scan Root Regions
[338.626s][info][gc,marking  ] GC(372) Concurrent Scan Root Regions 0.914ms
[338.626s][info][gc,marking  ] GC(372) Concurrent Mark (338.626s)
[338.626s][info][gc,marking  ] GC(372) Concurrent Mark From Roots
[338.626s][info][gc,task     ] GC(372) Using 2 workers of 2 for marking
[338.660s][info][gc,marking  ] GC(372) Concurrent Mark From Roots 33.420ms
[338.660s][info][gc,marking  ] GC(372) Concurrent Preclean
[338.660s][info][gc,marking  ] GC(372) Concurrent Preclean 0.078ms
[338.660s][info][gc,marking  ] GC(372) Concurrent Mark (338.626s, 338.660s) 33.568ms
[338.660s][info][gc,start    ] GC(372) Pause Remark
[338.661s][info][gc          ] GC(372) Pause Remark 45M->45M(84M) 1.283ms
[338.661s][info][gc,cpu      ] GC(372) User=0.01s Sys=0.00s Real=0.00s
[338.662s][info][gc,marking  ] GC(372) Concurrent Rebuild Remembered Sets
[338.681s][info][gc,marking  ] GC(372) Concurrent Rebuild Remembered Sets 19.266ms
[338.682s][info][gc,start    ] GC(372) Pause Cleanup
[338.682s][info][gc          ] GC(372) Pause Cleanup 48M->48M(84M) 0.133ms
[338.682s][info][gc,cpu      ] GC(372) User=0.00s Sys=0.00s Real=0.00s
[338.682s][info][gc,marking  ] GC(372) Concurrent Cleanup for Next Mark
[338.682s][info][gc,marking  ] GC(372) Concurrent Cleanup for Next Mark 0.119ms
[338.682s][info][gc          ] GC(372) Concurrent Cycle 56.784ms
[338.775s][info][gc,start    ] GC(373) Pause Young (Normal) (G1 Evacuation Pause)
[338.775s][info][gc,task     ] GC(373) Using 8 workers of 8 for evacuation
[338.776s][info][gc,phases   ] GC(373)   Pre Evacuate Collection Set: 0.0ms
[338.776s][info][gc,phases   ] GC(373)   Merge Heap Roots: 0.0ms
[338.776s][info][gc,phases   ] GC(373)   Evacuate Collection Set: 0.5ms
[338.776s][info][gc,phases   ] GC(373)   Post Evacuate Collection Set: 0.2ms
[338.776s][info][gc,phases   ] GC(373)   Other: 0.1ms
[338.776s][info][gc,heap     ] GC(373) Eden regions: 33->0(33)
[338.776s][info][gc,heap     ] GC(373) Survivor regions: 1->1(5)
[338.776s][info][gc,heap     ] GC(373) Old regions: 38->38
[338.776s][info][gc,heap     ] GC(373) Archive regions: 2->2
[338.776s][info][gc,heap     ] GC(373) Humongous regions: 0->0
[338.776s][info][gc,metaspace] GC(373) Metaspace: 50690K(51792K)->50690K(51792K) NonClass: 44563K(45392K)->44563K(45392K) Class: 6126K(6400K)->6126K(6400K)
[338.776s][info][gc          ] GC(373) Pause Young (Normal) (G1 Evacuation Pause) 71M->39M(84M) 1.028ms
[338.776s][info][gc,cpu      ] GC(373) User=0.00s Sys=0.00s Real=0.00s
[338.905s][info][gc,start    ] GC(374) Pause Young (Concurrent Start) (G1 Evacuation Pause)
[338.905s][info][gc,task     ] GC(374) Using 8 workers of 8 for evacuation
[338.906s][info][gc,phases   ] GC(374)   Pre Evacuate Collection Set: 0.1ms
[338.906s][info][gc,phases   ] GC(374)   Merge Heap Roots: 0.0ms
[338.906s][info][gc,phases   ] GC(374)   Evacuate Collection Set: 0.5ms
[338.906s][info][gc,phases   ] GC(374)   Post Evacuate Collection Set: 0.2ms
[338.906s][info][gc,phases   ] GC(374)   Other: 0.1ms
[338.906s][info][gc,heap     ] GC(374) Eden regions: 33->0(33)
[338.906s][info][gc,heap     ] GC(374) Survivor regions: 1->1(5)
[338.906s][info][gc,heap     ] GC(374) Old regions: 38->38
[338.906s][info][gc,heap     ] GC(374) Archive regions: 2->2
[338.906s][info][gc,heap     ] GC(374) Humongous regions: 0->0
[338.906s][info][gc,metaspace] GC(374) Metaspace: 50690K(51792K)->50690K(51792K) NonClass: 44563K(45392K)->44563K(45392K) Class: 6126K(6400K)->6126K(6400K)
[338.906s][info][gc          ] GC(374) Pause Young (Concurrent Start) (G1 Evacuation Pause) 72M->39M(84M) 1.084ms
[338.906s][info][gc,cpu      ] GC(374) User=0.00s Sys=0.00s Real=0.00s
[338.906s][info][gc          ] GC(375) Concurrent Cycle
[338.906s][info][gc,marking  ] GC(375) Concurrent Clear Claimed Marks
[338.906s][info][gc,marking  ] GC(375) Concurrent Clear Claimed Marks 0.034ms
[338.906s][info][gc,marking  ] GC(375) Concurrent Scan Root Regions
[338.907s][info][gc,marking  ] GC(375) Concurrent Scan Root Regions 0.831ms
[338.907s][info][gc,marking  ] GC(375) Concurrent Mark (338.907s)
[338.907s][info][gc,marking  ] GC(375) Concurrent Mark From Roots
[338.907s][info][gc,task     ] GC(375) Using 2 workers of 2 for marking
[338.938s][info][gc,marking  ] GC(375) Concurrent Mark From Roots 30.650ms
[338.938s][info][gc,marking  ] GC(375) Concurrent Preclean
[338.938s][info][gc,marking  ] GC(375) Concurrent Preclean 0.069ms
[338.938s][info][gc,marking  ] GC(375) Concurrent Mark (338.907s, 338.938s) 30.787ms
[338.938s][info][gc,start    ] GC(375) Pause Remark
[338.939s][info][gc          ] GC(375) Pause Remark 45M->45M(84M) 1.208ms
[338.939s][info][gc,cpu      ] GC(375) User=0.01s Sys=0.00s Real=0.00s
[338.939s][info][gc,marking  ] GC(375) Concurrent Rebuild Remembered Sets
[338.961s][info][gc,marking  ] GC(375) Concurrent Rebuild Remembered Sets 21.318ms
[338.962s][info][gc,start    ] GC(375) Pause Cleanup
[338.962s][info][gc          ] GC(375) Pause Cleanup 49M->49M(84M) 0.099ms
[338.962s][info][gc,cpu      ] GC(375) User=0.00s Sys=0.00s Real=0.00s
[338.962s][info][gc,marking  ] GC(375) Concurrent Cleanup for Next Mark
[338.962s][info][gc,marking  ] GC(375) Concurrent Cleanup for Next Mark 0.124ms
[338.962s][info][gc          ] GC(375) Concurrent Cycle 55.794ms
[339.056s][info][gc,start    ] GC(376) Pause Young (Normal) (G1 Evacuation Pause)
[339.056s][info][gc,task     ] GC(376) Using 8 workers of 8 for evacuation
[339.056s][info][gc,phases   ] GC(376)   Pre Evacuate Collection Set: 0.0ms
[339.056s][info][gc,phases   ] GC(376)   Merge Heap Roots: 0.0ms
[339.056s][info][gc,phases   ] GC(376)   Evacuate Collection Set: 0.4ms
[339.056s][info][gc,phases   ] GC(376)   Post Evacuate Collection Set: 0.2ms
[339.056s][info][gc,phases   ] GC(376)   Other: 0.1ms
[339.056s][info][gc,heap     ] GC(376) Eden regions: 33->0(33)
[339.056s][info][gc,heap     ] GC(376) Survivor regions: 1->1(5)
[339.056s][info][gc,heap     ] GC(376) Old regions: 38->38
[339.056s][info][gc,heap     ] GC(376) Archive regions: 2->2
[339.056s][info][gc,heap     ] GC(376) Humongous regions: 0->0
[339.056s][info][gc,metaspace] GC(376) Metaspace: 50690K(51792K)->50690K(51792K) NonClass: 44563K(45392K)->44563K(45392K) Class: 6126K(6400K)->6126K(6400K)
[339.056s][info][gc          ] GC(376) Pause Young (Normal) (G1 Evacuation Pause) 72M->39M(84M) 0.833ms
[339.056s][info][gc,cpu      ] GC(376) User=0.01s Sys=0.00s Real=0.00s
[339.190s][info][gc,start    ] GC(377) Pause Young (Concurrent Start) (G1 Evacuation Pause)
[339.190s][info][gc,task     ] GC(377) Using 8 workers of 8 for evacuation
[339.191s][info][gc,phases   ] GC(377)   Pre Evacuate Collection Set: 0.1ms
[339.191s][info][gc,phases   ] GC(377)   Merge Heap Roots: 0.0ms
[339.191s][info][gc,phases   ] GC(377)   Evacuate Collection Set: 0.7ms
[339.191s][info][gc,phases   ] GC(377)   Post Evacuate Collection Set: 0.2ms
[339.191s][info][gc,phases   ] GC(377)   Other: 0.2ms
[339.191s][info][gc,heap     ] GC(377) Eden regions: 33->0(33)
[339.191s][info][gc,heap     ] GC(377) Survivor regions: 1->1(5)
[339.191s][info][gc,heap     ] GC(377) Old regions: 38->38
[339.191s][info][gc,heap     ] GC(377) Archive regions: 2->2
[339.191s][info][gc,heap     ] GC(377) Humongous regions: 0->0
[339.191s][info][gc,metaspace] GC(377) Metaspace: 50692K(51792K)->50692K(51792K) NonClass: 44565K(45392K)->44565K(45392K) Class: 6126K(6400K)->6126K(6400K)
[339.191s][info][gc          ] GC(377) Pause Young (Concurrent Start) (G1 Evacuation Pause) 72M->39M(84M) 1.287ms
[339.191s][info][gc,cpu      ] GC(377) User=0.00s Sys=0.00s Real=0.00s
[339.191s][info][gc          ] GC(378) Concurrent Cycle
[339.191s][info][gc,marking  ] GC(378) Concurrent Clear Claimed Marks
[339.191s][info][gc,marking  ] GC(378) Concurrent Clear Claimed Marks 0.030ms
[339.191s][info][gc,marking  ] GC(378) Concurrent Scan Root Regions
[339.192s][info][gc,marking  ] GC(378) Concurrent Scan Root Regions 0.976ms
[339.192s][info][gc,marking  ] GC(378) Concurrent Mark (339.192s)
[339.192s][info][gc,marking  ] GC(378) Concurrent Mark From Roots
[339.192s][info][gc,task     ] GC(378) Using 2 workers of 2 for marking
[339.223s][info][gc,marking  ] GC(378) Concurrent Mark From Roots 31.290ms
[339.223s][info][gc,marking  ] GC(378) Concurrent Preclean
[339.223s][info][gc,marking  ] GC(378) Concurrent Preclean 0.065ms
[339.223s][info][gc,marking  ] GC(378) Concurrent Mark (339.192s, 339.223s) 31.414ms
[339.224s][info][gc,start    ] GC(378) Pause Remark
[339.225s][info][gc          ] GC(378) Pause Remark 45M->45M(84M) 1.196ms
[339.225s][info][gc,cpu      ] GC(378) User=0.00s Sys=0.00s Real=0.00s
[339.225s][info][gc,marking  ] GC(378) Concurrent Rebuild Remembered Sets
[339.245s][info][gc,marking  ] GC(378) Concurrent Rebuild Remembered Sets 20.197ms
[339.246s][info][gc,start    ] GC(378) Pause Cleanup
[339.246s][info][gc          ] GC(378) Pause Cleanup 50M->50M(84M) 0.134ms
[339.246s][info][gc,cpu      ] GC(378) User=0.00s Sys=0.00s Real=0.00s
[339.246s][info][gc,marking  ] GC(378) Concurrent Cleanup for Next Mark
[339.246s][info][gc,marking  ] GC(378) Concurrent Cleanup for Next Mark 0.128ms
[339.246s][info][gc          ] GC(378) Concurrent Cycle 55.406ms
[339.339s][info][gc,start    ] GC(379) Pause Young (Normal) (G1 Evacuation Pause)
[339.339s][info][gc,task     ] GC(379) Using 8 workers of 8 for evacuation
[339.340s][info][gc,phases   ] GC(379)   Pre Evacuate Collection Set: 0.0ms
[339.340s][info][gc,phases   ] GC(379)   Merge Heap Roots: 0.0ms
[339.340s][info][gc,phases   ] GC(379)   Evacuate Collection Set: 0.4ms
[339.340s][info][gc,phases   ] GC(379)   Post Evacuate Collection Set: 0.2ms
[339.340s][info][gc,phases   ] GC(379)   Other: 0.2ms
[339.340s][info][gc,heap     ] GC(379) Eden regions: 33->0(33)
[339.340s][info][gc,heap     ] GC(379) Survivor regions: 1->1(5)
[339.340s][info][gc,heap     ] GC(379) Old regions: 38->38
[339.340s][info][gc,heap     ] GC(379) Archive regions: 2->2
[339.340s][info][gc,heap     ] GC(379) Humongous regions: 0->0
[339.340s][info][gc,metaspace] GC(379) Metaspace: 50693K(51792K)->50693K(51792K) NonClass: 44567K(45392K)->44567K(45392K) Class: 6126K(6400K)->6126K(6400K)
[339.340s][info][gc          ] GC(379) Pause Young (Normal) (G1 Evacuation Pause) 72M->39M(84M) 0.927ms
[339.340s][info][gc,cpu      ] GC(379) User=0.00s Sys=0.00s Real=0.00s
[339.485s][info][gc,start    ] GC(380) Pause Young (Concurrent Start) (G1 Evacuation Pause)
[339.485s][info][gc,task     ] GC(380) Using 8 workers of 8 for evacuation
[339.486s][info][gc,phases   ] GC(380)   Pre Evacuate Collection Set: 0.1ms
[339.486s][info][gc,phases   ] GC(380)   Merge Heap Roots: 0.0ms
[339.486s][info][gc,phases   ] GC(380)   Evacuate Collection Set: 0.5ms
[339.486s][info][gc,phases   ] GC(380)   Post Evacuate Collection Set: 0.2ms
[339.486s][info][gc,phases   ] GC(380)   Other: 0.1ms
[339.486s][info][gc,heap     ] GC(380) Eden regions: 33->0(33)
[339.486s][info][gc,heap     ] GC(380) Survivor regions: 1->1(5)
[339.486s][info][gc,heap     ] GC(380) Old regions: 38->38
[339.486s][info][gc,heap     ] GC(380) Archive regions: 2->2
[339.486s][info][gc,heap     ] GC(380) Humongous regions: 0->0
[339.486s][info][gc,metaspace] GC(380) Metaspace: 50698K(51792K)->50698K(51792K) NonClass: 44572K(45392K)->44572K(45392K) Class: 6126K(6400K)->6126K(6400K)
[339.486s][info][gc          ] GC(380) Pause Young (Concurrent Start) (G1 Evacuation Pause) 72M->39M(84M) 0.979ms
[339.486s][info][gc,cpu      ] GC(380) User=0.00s Sys=0.00s Real=0.00s
[339.486s][info][gc          ] GC(381) Concurrent Cycle
[339.486s][info][gc,marking  ] GC(381) Concurrent Clear Claimed Marks
[339.486s][info][gc,marking  ] GC(381) Concurrent Clear Claimed Marks 0.023ms
[339.486s][info][gc,marking  ] GC(381) Concurrent Scan Root Regions
[339.487s][info][gc,marking  ] GC(381) Concurrent Scan Root Regions 1.081ms
[339.487s][info][gc,marking  ] GC(381) Concurrent Mark (339.487s)
[339.487s][info][gc,marking  ] GC(381) Concurrent Mark From Roots
[339.487s][info][gc,task     ] GC(381) Using 2 workers of 2 for marking
[339.517s][info][gc,marking  ] GC(381) Concurrent Mark From Roots 29.551ms
[339.517s][info][gc,marking  ] GC(381) Concurrent Preclean
[339.517s][info][gc,marking  ] GC(381) Concurrent Preclean 0.048ms
[339.517s][info][gc,marking  ] GC(381) Concurrent Mark (339.487s, 339.517s) 29.654ms
[339.517s][info][gc,start    ] GC(381) Pause Remark
[339.519s][info][gc          ] GC(381) Pause Remark 45M->45M(84M) 1.365ms
[339.519s][info][gc,cpu      ] GC(381) User=0.01s Sys=0.00s Real=0.00s
[339.519s][info][gc,marking  ] GC(381) Concurrent Rebuild Remembered Sets
[339.539s][info][gc,marking  ] GC(381) Concurrent Rebuild Remembered Sets 20.535ms
[339.540s][info][gc,start    ] GC(381) Pause Cleanup
[339.541s][info][gc          ] GC(381) Pause Cleanup 47M->47M(84M) 0.108ms
[339.541s][info][gc,cpu      ] GC(381) User=0.00s Sys=0.00s Real=0.00s
[339.541s][info][gc,marking  ] GC(381) Concurrent Cleanup for Next Mark
[339.541s][info][gc,marking  ] GC(381) Concurrent Cleanup for Next Mark 0.155ms
[339.541s][info][gc          ] GC(381) Concurrent Cycle 54.613ms
[339.688s][info][gc,start    ] GC(382) Pause Young (Normal) (G1 Evacuation Pause)
[339.688s][info][gc,task     ] GC(382) Using 8 workers of 8 for evacuation
[339.689s][info][gc,phases   ] GC(382)   Pre Evacuate Collection Set: 0.0ms
[339.689s][info][gc,phases   ] GC(382)   Merge Heap Roots: 0.0ms
[339.689s][info][gc,phases   ] GC(382)   Evacuate Collection Set: 0.4ms
[339.689s][info][gc,phases   ] GC(382)   Post Evacuate Collection Set: 0.2ms
[339.689s][info][gc,phases   ] GC(382)   Other: 0.1ms
[339.689s][info][gc,heap     ] GC(382) Eden regions: 33->0(32)
[339.689s][info][gc,heap     ] GC(382) Survivor regions: 1->1(5)
[339.689s][info][gc,heap     ] GC(382) Old regions: 38->39
[339.689s][info][gc,heap     ] GC(382) Archive regions: 2->2
[339.689s][info][gc,heap     ] GC(382) Humongous regions: 0->0
[339.689s][info][gc,metaspace] GC(382) Metaspace: 50699K(51792K)->50699K(51792K) NonClass: 44572K(45392K)->44572K(45392K) Class: 6126K(6400K)->6126K(6400K)
[339.689s][info][gc          ] GC(382) Pause Young (Normal) (G1 Evacuation Pause) 72M->39M(84M) 0.895ms
[339.689s][info][gc,cpu      ] GC(382) User=0.01s Sys=0.00s Real=0.00s
[339.822s][info][gc,start    ] GC(383) Pause Young (Concurrent Start) (G1 Evacuation Pause)
[339.822s][info][gc,task     ] GC(383) Using 8 workers of 8 for evacuation
[339.823s][info][gc,phases   ] GC(383)   Pre Evacuate Collection Set: 0.1ms
[339.823s][info][gc,phases   ] GC(383)   Merge Heap Roots: 0.0ms
[339.823s][info][gc,phases   ] GC(383)   Evacuate Collection Set: 0.5ms
[339.823s][info][gc,phases   ] GC(383)   Post Evacuate Collection Set: 0.2ms
[339.823s][info][gc,phases   ] GC(383)   Other: 0.1ms
[339.823s][info][gc,heap     ] GC(383) Eden regions: 32->0(32)
[339.823s][info][gc,heap     ] GC(383) Survivor regions: 1->1(5)
[339.823s][info][gc,heap     ] GC(383) Old regions: 39->39
[339.823s][info][gc,heap     ] GC(383) Archive regions: 2->2
[339.823s][info][gc,heap     ] GC(383) Humongous regions: 0->0
[339.823s][info][gc,metaspace] GC(383) Metaspace: 50699K(51792K)->50699K(51792K) NonClass: 44572K(45392K)->44572K(45392K) Class: 6126K(6400K)->6126K(6400K)
[339.823s][info][gc          ] GC(383) Pause Young (Concurrent Start) (G1 Evacuation Pause) 71M->39M(84M) 1.073ms
[339.823s][info][gc,cpu      ] GC(383) User=0.00s Sys=0.00s Real=0.00s
[339.823s][info][gc          ] GC(384) Concurrent Cycle
[339.823s][info][gc,marking  ] GC(384) Concurrent Clear Claimed Marks
[339.823s][info][gc,marking  ] GC(384) Concurrent Clear Claimed Marks 0.024ms
[339.823s][info][gc,marking  ] GC(384) Concurrent Scan Root Regions
[339.824s][info][gc,marking  ] GC(384) Concurrent Scan Root Regions 0.716ms
[339.824s][info][gc,marking  ] GC(384) Concurrent Mark (339.824s)
[339.824s][info][gc,marking  ] GC(384) Concurrent Mark From Roots
[339.824s][info][gc,task     ] GC(384) Using 2 workers of 2 for marking
[339.854s][info][gc,marking  ] GC(384) Concurrent Mark From Roots 30.614ms
[339.854s][info][gc,marking  ] GC(384) Concurrent Preclean
[339.855s][info][gc,marking  ] GC(384) Concurrent Preclean 0.098ms
[339.855s][info][gc,marking  ] GC(384) Concurrent Mark (339.824s, 339.855s) 30.783ms
[339.855s][info][gc,start    ] GC(384) Pause Remark
[339.856s][info][gc          ] GC(384) Pause Remark 45M->45M(84M) 1.254ms
[339.856s][info][gc,cpu      ] GC(384) User=0.01s Sys=0.00s Real=0.00s
[339.856s][info][gc,marking  ] GC(384) Concurrent Rebuild Remembered Sets
[339.876s][info][gc,marking  ] GC(384) Concurrent Rebuild Remembered Sets 20.218ms
[339.877s][info][gc,start    ] GC(384) Pause Cleanup
[339.877s][info][gc          ] GC(384) Pause Cleanup 49M->49M(84M) 0.110ms
[339.877s][info][gc,cpu      ] GC(384) User=0.00s Sys=0.00s Real=0.00s
[339.878s][info][gc,marking  ] GC(384) Concurrent Cleanup for Next Mark
[339.878s][info][gc,marking  ] GC(384) Concurrent Cleanup for Next Mark 0.126ms
[339.878s][info][gc          ] GC(384) Concurrent Cycle 54.621ms
[339.966s][info][gc,start    ] GC(385) Pause Young (Normal) (G1 Evacuation Pause)
[339.966s][info][gc,task     ] GC(385) Using 8 workers of 8 for evacuation
[339.967s][info][gc,phases   ] GC(385)   Pre Evacuate Collection Set: 0.0ms
[339.967s][info][gc,phases   ] GC(385)   Merge Heap Roots: 0.0ms
[339.967s][info][gc,phases   ] GC(385)   Evacuate Collection Set: 0.4ms
[339.967s][info][gc,phases   ] GC(385)   Post Evacuate Collection Set: 0.2ms
[339.967s][info][gc,phases   ] GC(385)   Other: 0.1ms
[339.967s][info][gc,heap     ] GC(385) Eden regions: 32->0(32)
[339.967s][info][gc,heap     ] GC(385) Survivor regions: 1->1(5)
[339.967s][info][gc,heap     ] GC(385) Old regions: 39->39
[339.967s][info][gc,heap     ] GC(385) Archive regions: 2->2
[339.967s][info][gc,heap     ] GC(385) Humongous regions: 0->0
[339.967s][info][gc,metaspace] GC(385) Metaspace: 50699K(51792K)->50699K(51792K) NonClass: 44572K(45392K)->44572K(45392K) Class: 6126K(6400K)->6126K(6400K)
[339.967s][info][gc          ] GC(385) Pause Young (Normal) (G1 Evacuation Pause) 71M->39M(84M) 0.961ms
[339.967s][info][gc,cpu      ] GC(385) User=0.00s Sys=0.00s Real=0.00s
[340.111s][info][gc,start    ] GC(386) Pause Young (Concurrent Start) (G1 Evacuation Pause)
[340.111s][info][gc,task     ] GC(386) Using 8 workers of 8 for evacuation
[340.112s][info][gc,phases   ] GC(386)   Pre Evacuate Collection Set: 0.1ms
[340.112s][info][gc,phases   ] GC(386)   Merge Heap Roots: 0.0ms
[340.112s][info][gc,phases   ] GC(386)   Evacuate Collection Set: 0.8ms
[340.112s][info][gc,phases   ] GC(386)   Post Evacuate Collection Set: 0.2ms
[340.112s][info][gc,phases   ] GC(386)   Other: 0.2ms
[340.112s][info][gc,heap     ] GC(386) Eden regions: 32->0(32)
[340.112s][info][gc,heap     ] GC(386) Survivor regions: 1->1(5)
[340.112s][info][gc,heap     ] GC(386) Old regions: 39->39
[340.112s][info][gc,heap     ] GC(386) Archive regions: 2->2
[340.112s][info][gc,heap     ] GC(386) Humongous regions: 0->0
[340.112s][info][gc,metaspace] GC(386) Metaspace: 50699K(51792K)->50699K(51792K) NonClass: 44572K(45392K)->44572K(45392K) Class: 6126K(6400K)->6126K(6400K)
[340.112s][info][gc          ] GC(386) Pause Young (Concurrent Start) (G1 Evacuation Pause) 71M->39M(84M) 1.344ms
[340.112s][info][gc,cpu      ] GC(386) User=0.01s Sys=0.00s Real=0.01s
[340.112s][info][gc          ] GC(387) Concurrent Cycle
[340.112s][info][gc,marking  ] GC(387) Concurrent Clear Claimed Marks
[340.113s][info][gc,marking  ] GC(387) Concurrent Clear Claimed Marks 0.051ms
[340.113s][info][gc,marking  ] GC(387) Concurrent Scan Root Regions
[340.113s][info][gc,marking  ] GC(387) Concurrent Scan Root Regions 0.666ms
[340.113s][info][gc,marking  ] GC(387) Concurrent Mark (340.113s)
[340.113s][info][gc,marking  ] GC(387) Concurrent Mark From Roots
[340.113s][info][gc,task     ] GC(387) Using 2 workers of 2 for marking
[340.147s][info][gc,marking  ] GC(387) Concurrent Mark From Roots 34.186ms
[340.147s][info][gc,marking  ] GC(387) Concurrent Preclean
[340.148s][info][gc,marking  ] GC(387) Concurrent Preclean 0.050ms
[340.148s][info][gc,marking  ] GC(387) Concurrent Mark (340.113s, 340.148s) 34.291ms
[340.148s][info][gc,start    ] GC(387) Pause Remark
[340.149s][info][gc          ] GC(387) Pause Remark 43M->43M(84M) 1.200ms
[340.149s][info][gc,cpu      ] GC(387) User=0.00s Sys=0.00s Real=0.00s
[340.149s][info][gc,marking  ] GC(387) Concurrent Rebuild Remembered Sets
[340.170s][info][gc,marking  ] GC(387) Concurrent Rebuild Remembered Sets 20.871ms
[340.171s][info][gc,start    ] GC(387) Pause Cleanup
[340.171s][info][gc          ] GC(387) Pause Cleanup 48M->48M(84M) 0.086ms
[340.171s][info][gc,cpu      ] GC(387) User=0.00s Sys=0.00s Real=0.00s
[340.171s][info][gc,marking  ] GC(387) Concurrent Cleanup for Next Mark
[340.171s][info][gc,marking  ] GC(387) Concurrent Cleanup for Next Mark 0.115ms
[340.171s][info][gc          ] GC(387) Concurrent Cycle 58.620ms
[340.263s][info][gc,start    ] GC(388) Pause Young (Normal) (G1 Evacuation Pause)
[340.263s][info][gc,task     ] GC(388) Using 8 workers of 8 for evacuation
[340.264s][info][gc,phases   ] GC(388)   Pre Evacuate Collection Set: 0.0ms
[340.264s][info][gc,phases   ] GC(388)   Merge Heap Roots: 0.0ms
[340.264s][info][gc,phases   ] GC(388)   Evacuate Collection Set: 0.4ms
[340.264s][info][gc,phases   ] GC(388)   Post Evacuate Collection Set: 0.2ms
[340.264s][info][gc,phases   ] GC(388)   Other: 0.1ms
[340.264s][info][gc,heap     ] GC(388) Eden regions: 32->0(32)
[340.264s][info][gc,heap     ] GC(388) Survivor regions: 1->1(5)
[340.264s][info][gc,heap     ] GC(388) Old regions: 39->39
[340.264s][info][gc,heap     ] GC(388) Archive regions: 2->2
[340.264s][info][gc,heap     ] GC(388) Humongous regions: 0->0
[340.264s][info][gc,metaspace] GC(388) Metaspace: 50699K(51792K)->50699K(51792K) NonClass: 44572K(45392K)->44572K(45392K) Class: 6126K(6400K)->6126K(6400K)
[340.264s][info][gc          ] GC(388) Pause Young (Normal) (G1 Evacuation Pause) 71M->39M(84M) 0.869ms
[340.264s][info][gc,cpu      ] GC(388) User=0.00s Sys=0.00s Real=0.00s
[340.386s][info][gc,start    ] GC(389) Pause Young (Concurrent Start) (G1 Evacuation Pause)
[340.386s][info][gc,task     ] GC(389) Using 8 workers of 8 for evacuation
[340.387s][info][gc,phases   ] GC(389)   Pre Evacuate Collection Set: 0.1ms
[340.387s][info][gc,phases   ] GC(389)   Merge Heap Roots: 0.0ms
[340.387s][info][gc,phases   ] GC(389)   Evacuate Collection Set: 0.6ms
[340.387s][info][gc,phases   ] GC(389)   Post Evacuate Collection Set: 0.2ms
[340.387s][info][gc,phases   ] GC(389)   Other: 0.1ms
[340.387s][info][gc,heap     ] GC(389) Eden regions: 32->0(32)
[340.387s][info][gc,heap     ] GC(389) Survivor regions: 1->1(5)
[340.387s][info][gc,heap     ] GC(389) Old regions: 39->39
[340.387s][info][gc,heap     ] GC(389) Archive regions: 2->2
[340.387s][info][gc,heap     ] GC(389) Humongous regions: 0->0
[340.387s][info][gc,metaspace] GC(389) Metaspace: 50699K(51792K)->50699K(51792K) NonClass: 44572K(45392K)->44572K(45392K) Class: 6126K(6400K)->6126K(6400K)
[340.387s][info][gc          ] GC(389) Pause Young (Concurrent Start) (G1 Evacuation Pause) 71M->39M(84M) 1.077ms
[340.387s][info][gc,cpu      ] GC(389) User=0.00s Sys=0.01s Real=0.00s
[340.387s][info][gc          ] GC(390) Concurrent Cycle
[340.387s][info][gc,marking  ] GC(390) Concurrent Clear Claimed Marks
[340.387s][info][gc,marking  ] GC(390) Concurrent Clear Claimed Marks 0.023ms
[340.387s][info][gc,marking  ] GC(390) Concurrent Scan Root Regions
[340.388s][info][gc,marking  ] GC(390) Concurrent Scan Root Regions 0.509ms
[340.388s][info][gc,marking  ] GC(390) Concurrent Mark (340.388s)
[340.388s][info][gc,marking  ] GC(390) Concurrent Mark From Roots
[340.388s][info][gc,task     ] GC(390) Using 2 workers of 2 for marking
[340.419s][info][gc,marking  ] GC(390) Concurrent Mark From Roots 31.498ms
[340.419s][info][gc,marking  ] GC(390) Concurrent Preclean
[340.419s][info][gc,marking  ] GC(390) Concurrent Preclean 0.046ms
[340.419s][info][gc,marking  ] GC(390) Concurrent Mark (340.388s, 340.419s) 31.594ms
[340.420s][info][gc,start    ] GC(390) Pause Remark
[340.421s][info][gc          ] GC(390) Pause Remark 45M->45M(84M) 1.169ms
[340.421s][info][gc,cpu      ] GC(390) User=0.01s Sys=0.00s Real=0.00s
[340.421s][info][gc,marking  ] GC(390) Concurrent Rebuild Remembered Sets
[340.441s][info][gc,marking  ] GC(390) Concurrent Rebuild Remembered Sets 19.875ms
[340.442s][info][gc,start    ] GC(390) Pause Cleanup
[340.442s][info][gc          ] GC(390) Pause Cleanup 49M->49M(84M) 0.091ms
[340.442s][info][gc,cpu      ] GC(390) User=0.00s Sys=0.00s Real=0.00s
[340.442s][info][gc,marking  ] GC(390) Concurrent Cleanup for Next Mark
[340.442s][info][gc,marking  ] GC(390) Concurrent Cleanup for Next Mark 0.110ms
[340.442s][info][gc          ] GC(390) Concurrent Cycle 54.790ms
[340.536s][info][gc,start    ] GC(391) Pause Young (Normal) (G1 Evacuation Pause)
[340.536s][info][gc,task     ] GC(391) Using 8 workers of 8 for evacuation
[340.537s][info][gc,phases   ] GC(391)   Pre Evacuate Collection Set: 0.0ms
[340.537s][info][gc,phases   ] GC(391)   Merge Heap Roots: 0.0ms
[340.537s][info][gc,phases   ] GC(391)   Evacuate Collection Set: 0.4ms
[340.537s][info][gc,phases   ] GC(391)   Post Evacuate Collection Set: 0.2ms
[340.537s][info][gc,phases   ] GC(391)   Other: 0.1ms
[340.537s][info][gc,heap     ] GC(391) Eden regions: 32->0(32)
[340.537s][info][gc,heap     ] GC(391) Survivor regions: 1->1(5)
[340.537s][info][gc,heap     ] GC(391) Old regions: 39->39
[340.537s][info][gc,heap     ] GC(391) Archive regions: 2->2
[340.537s][info][gc,heap     ] GC(391) Humongous regions: 0->0
[340.537s][info][gc,metaspace] GC(391) Metaspace: 50699K(51792K)->50699K(51792K) NonClass: 44572K(45392K)->44572K(45392K) Class: 6126K(6400K)->6126K(6400K)
[340.537s][info][gc          ] GC(391) Pause Young (Normal) (G1 Evacuation Pause) 71M->39M(84M) 0.830ms
[340.537s][info][gc,cpu      ] GC(391) User=0.01s Sys=0.00s Real=0.00s
[340.676s][info][gc,start    ] GC(392) Pause Young (Concurrent Start) (G1 Evacuation Pause)
[340.676s][info][gc,task     ] GC(392) Using 8 workers of 8 for evacuation
[340.677s][info][gc,phases   ] GC(392)   Pre Evacuate Collection Set: 0.1ms
[340.677s][info][gc,phases   ] GC(392)   Merge Heap Roots: 0.0ms
[340.677s][info][gc,phases   ] GC(392)   Evacuate Collection Set: 0.7ms
[340.677s][info][gc,phases   ] GC(392)   Post Evacuate Collection Set: 0.2ms
[340.677s][info][gc,phases   ] GC(392)   Other: 0.2ms
[340.677s][info][gc,heap     ] GC(392) Eden regions: 32->0(32)
[340.677s][info][gc,heap     ] GC(392) Survivor regions: 1->1(5)
[340.677s][info][gc,heap     ] GC(392) Old regions: 39->39
[340.677s][info][gc,heap     ] GC(392) Archive regions: 2->2
[340.677s][info][gc,heap     ] GC(392) Humongous regions: 0->0
[340.677s][info][gc,metaspace] GC(392) Metaspace: 50699K(51792K)->50699K(51792K) NonClass: 44572K(45392K)->44572K(45392K) Class: 6126K(6400K)->6126K(6400K)
[340.677s][info][gc          ] GC(392) Pause Young (Concurrent Start) (G1 Evacuation Pause) 71M->39M(84M) 1.256ms
[340.677s][info][gc,cpu      ] GC(392) User=0.00s Sys=0.00s Real=0.00s
[340.677s][info][gc          ] GC(393) Concurrent Cycle
[340.677s][info][gc,marking  ] GC(393) Concurrent Clear Claimed Marks
[340.677s][info][gc,marking  ] GC(393) Concurrent Clear Claimed Marks 0.039ms
[340.677s][info][gc,marking  ] GC(393) Concurrent Scan Root Regions
[340.678s][info][gc,marking  ] GC(393) Concurrent Scan Root Regions 0.864ms
[340.678s][info][gc,marking  ] GC(393) Concurrent Mark (340.678s)
[340.678s][info][gc,marking  ] GC(393) Concurrent Mark From Roots
[340.678s][info][gc,task     ] GC(393) Using 2 workers of 2 for marking
[340.709s][info][gc,marking  ] GC(393) Concurrent Mark From Roots 30.955ms
[340.709s][info][gc,marking  ] GC(393) Concurrent Preclean
[340.709s][info][gc,marking  ] GC(393) Concurrent Preclean 0.053ms
[340.709s][info][gc,marking  ] GC(393) Concurrent Mark (340.678s, 340.709s) 31.065ms
[340.709s][info][gc,start    ] GC(393) Pause Remark
[340.710s][info][gc          ] GC(393) Pause Remark 45M->45M(84M) 1.230ms
[340.710s][info][gc,cpu      ] GC(393) User=0.01s Sys=0.00s Real=0.00s
[340.711s][info][gc,marking  ] GC(393) Concurrent Rebuild Remembered Sets
[340.730s][info][gc,marking  ] GC(393) Concurrent Rebuild Remembered Sets 19.683ms
[340.731s][info][gc,start    ] GC(393) Pause Cleanup
[340.731s][info][gc          ] GC(393) Pause Cleanup 49M->49M(84M) 0.091ms
[340.731s][info][gc,cpu      ] GC(393) User=0.00s Sys=0.00s Real=0.00s
[340.731s][info][gc,marking  ] GC(393) Concurrent Cleanup for Next Mark
[340.732s][info][gc,marking  ] GC(393) Concurrent Cleanup for Next Mark 0.099ms
[340.732s][info][gc          ] GC(393) Concurrent Cycle 54.535ms
[340.822s][info][gc,start    ] GC(394) Pause Young (Normal) (G1 Evacuation Pause)
[340.822s][info][gc,task     ] GC(394) Using 8 workers of 8 for evacuation
[340.823s][info][gc,phases   ] GC(394)   Pre Evacuate Collection Set: 0.0ms
[340.823s][info][gc,phases   ] GC(394)   Merge Heap Roots: 0.0ms
[340.823s][info][gc,phases   ] GC(394)   Evacuate Collection Set: 0.4ms
[340.823s][info][gc,phases   ] GC(394)   Post Evacuate Collection Set: 0.2ms
[340.823s][info][gc,phases   ] GC(394)   Other: 0.1ms
[340.823s][info][gc,heap     ] GC(394) Eden regions: 32->0(32)
[340.823s][info][gc,heap     ] GC(394) Survivor regions: 1->1(5)
[340.823s][info][gc,heap     ] GC(394) Old regions: 39->39
[340.823s][info][gc,heap     ] GC(394) Archive regions: 2->2
[340.823s][info][gc,heap     ] GC(394) Humongous regions: 0->0
[340.823s][info][gc,metaspace] GC(394) Metaspace: 50699K(51792K)->50699K(51792K) NonClass: 44572K(45392K)->44572K(45392K) Class: 6126K(6400K)->6126K(6400K)
[340.823s][info][gc          ] GC(394) Pause Young (Normal) (G1 Evacuation Pause) 71M->39M(84M) 0.820ms
[340.823s][info][gc,cpu      ] GC(394) User=0.00s Sys=0.00s Real=0.00s
[340.950s][info][gc,start    ] GC(395) Pause Young (Concurrent Start) (G1 Evacuation Pause)
[340.950s][info][gc,task     ] GC(395) Using 8 workers of 8 for evacuation
[340.951s][info][gc,phases   ] GC(395)   Pre Evacuate Collection Set: 0.1ms
[340.952s][info][gc,phases   ] GC(395)   Merge Heap Roots: 0.0ms
[340.952s][info][gc,phases   ] GC(395)   Evacuate Collection Set: 0.6ms
[340.952s][info][gc,phases   ] GC(395)   Post Evacuate Collection Set: 0.2ms
[340.952s][info][gc,phases   ] GC(395)   Other: 0.1ms
[340.952s][info][gc,heap     ] GC(395) Eden regions: 32->0(32)
[340.952s][info][gc,heap     ] GC(395) Survivor regions: 1->1(5)
[340.952s][info][gc,heap     ] GC(395) Old regions: 39->39
[340.952s][info][gc,heap     ] GC(395) Archive regions: 2->2
[340.952s][info][gc,heap     ] GC(395) Humongous regions: 0->0
[340.952s][info][gc,metaspace] GC(395) Metaspace: 50699K(51792K)->50699K(51792K) NonClass: 44572K(45392K)->44572K(45392K) Class: 6126K(6400K)->6126K(6400K)
[340.952s][info][gc          ] GC(395) Pause Young (Concurrent Start) (G1 Evacuation Pause) 71M->39M(84M) 1.159ms
[340.952s][info][gc,cpu      ] GC(395) User=0.01s Sys=0.00s Real=0.01s
[340.952s][info][gc          ] GC(396) Concurrent Cycle
[340.952s][info][gc,marking  ] GC(396) Concurrent Clear Claimed Marks
[340.952s][info][gc,marking  ] GC(396) Concurrent Clear Claimed Marks 0.042ms
[340.952s][info][gc,marking  ] GC(396) Concurrent Scan Root Regions
[340.952s][info][gc,marking  ] GC(396) Concurrent Scan Root Regions 0.474ms
[340.952s][info][gc,marking  ] GC(396) Concurrent Mark (340.952s)
[340.952s][info][gc,marking  ] GC(396) Concurrent Mark From Roots
[340.952s][info][gc,task     ] GC(396) Using 2 workers of 2 for marking
[340.981s][info][gc,marking  ] GC(396) Concurrent Mark From Roots 29.082ms
[340.981s][info][gc,marking  ] GC(396) Concurrent Preclean
[340.981s][info][gc,marking  ] GC(396) Concurrent Preclean 0.080ms
[340.981s][info][gc,marking  ] GC(396) Concurrent Mark (340.952s, 340.981s) 29.234ms
[340.982s][info][gc,start    ] GC(396) Pause Remark
[340.983s][info][gc          ] GC(396) Pause Remark 43M->43M(84M) 1.289ms
[340.983s][info][gc,cpu      ] GC(396) User=0.00s Sys=0.00s Real=0.00s
[340.983s][info][gc,marking  ] GC(396) Concurrent Rebuild Remembered Sets
[341.001s][info][gc,marking  ] GC(396) Concurrent Rebuild Remembered Sets 18.159ms
[341.002s][info][gc,start    ] GC(396) Pause Cleanup
[341.002s][info][gc          ] GC(396) Pause Cleanup 47M->47M(84M) 0.112ms
[341.002s][info][gc,cpu      ] GC(396) User=0.00s Sys=0.00s Real=0.00s
[341.002s][info][gc,marking  ] GC(396) Concurrent Cleanup for Next Mark
[341.002s][info][gc,marking  ] GC(396) Concurrent Cleanup for Next Mark 0.104ms
[341.002s][info][gc          ] GC(396) Concurrent Cycle 50.794ms
[341.104s][info][gc,start    ] GC(397) Pause Young (Normal) (G1 Evacuation Pause)
[341.104s][info][gc,task     ] GC(397) Using 8 workers of 8 for evacuation
[341.105s][info][gc,phases   ] GC(397)   Pre Evacuate Collection Set: 0.0ms
[341.105s][info][gc,phases   ] GC(397)   Merge Heap Roots: 0.0ms
[341.105s][info][gc,phases   ] GC(397)   Evacuate Collection Set: 0.4ms
[341.105s][info][gc,phases   ] GC(397)   Post Evacuate Collection Set: 0.2ms
[341.105s][info][gc,phases   ] GC(397)   Other: 0.1ms
[341.105s][info][gc,heap     ] GC(397) Eden regions: 32->0(32)
[341.105s][info][gc,heap     ] GC(397) Survivor regions: 1->1(5)
[341.105s][info][gc,heap     ] GC(397) Old regions: 39->39
[341.105s][info][gc,heap     ] GC(397) Archive regions: 2->2
[341.105s][info][gc,heap     ] GC(397) Humongous regions: 0->0
[341.105s][info][gc,metaspace] GC(397) Metaspace: 50699K(51792K)->50699K(51792K) NonClass: 44572K(45392K)->44572K(45392K) Class: 6126K(6400K)->6126K(6400K)
[341.105s][info][gc          ] GC(397) Pause Young (Normal) (G1 Evacuation Pause) 71M->39M(84M) 0.865ms
[341.105s][info][gc,cpu      ] GC(397) User=0.00s Sys=0.00s Real=0.00s
[341.251s][info][gc,start    ] GC(398) Pause Young (Concurrent Start) (G1 Evacuation Pause)
[341.251s][info][gc,task     ] GC(398) Using 8 workers of 8 for evacuation
[341.252s][info][gc,phases   ] GC(398)   Pre Evacuate Collection Set: 0.1ms
[341.252s][info][gc,phases   ] GC(398)   Merge Heap Roots: 0.0ms
[341.252s][info][gc,phases   ] GC(398)   Evacuate Collection Set: 0.8ms
[341.252s][info][gc,phases   ] GC(398)   Post Evacuate Collection Set: 0.2ms
[341.252s][info][gc,phases   ] GC(398)   Other: 0.2ms
[341.252s][info][gc,heap     ] GC(398) Eden regions: 32->0(32)
[341.252s][info][gc,heap     ] GC(398) Survivor regions: 1->1(5)
[341.252s][info][gc,heap     ] GC(398) Old regions: 39->39
[341.252s][info][gc,heap     ] GC(398) Archive regions: 2->2
[341.252s][info][gc,heap     ] GC(398) Humongous regions: 0->0
[341.252s][info][gc,metaspace] GC(398) Metaspace: 50700K(51792K)->50700K(51792K) NonClass: 44573K(45392K)->44573K(45392K) Class: 6126K(6400K)->6126K(6400K)
[341.252s][info][gc          ] GC(398) Pause Young (Concurrent Start) (G1 Evacuation Pause) 71M->39M(84M) 1.372ms
[341.252s][info][gc,cpu      ] GC(398) User=0.00s Sys=0.00s Real=0.01s
[341.252s][info][gc          ] GC(399) Concurrent Cycle
[341.252s][info][gc,marking  ] GC(399) Concurrent Clear Claimed Marks
[341.252s][info][gc,marking  ] GC(399) Concurrent Clear Claimed Marks 0.034ms
[341.252s][info][gc,marking  ] GC(399) Concurrent Scan Root Regions
[341.253s][info][gc,marking  ] GC(399) Concurrent Scan Root Regions 0.745ms
[341.253s][info][gc,marking  ] GC(399) Concurrent Mark (341.253s)
[341.253s][info][gc,marking  ] GC(399) Concurrent Mark From Roots
[341.253s][info][gc,task     ] GC(399) Using 2 workers of 2 for marking
[341.282s][info][gc,marking  ] GC(399) Concurrent Mark From Roots 28.809ms
[341.282s][info][gc,marking  ] GC(399) Concurrent Preclean
[341.282s][info][gc,marking  ] GC(399) Concurrent Preclean 0.057ms
[341.282s][info][gc,marking  ] GC(399) Concurrent Mark (341.253s, 341.282s) 28.919ms
[341.282s][info][gc,start    ] GC(399) Pause Remark
[341.283s][info][gc          ] GC(399) Pause Remark 44M->44M(84M) 1.198ms
[341.283s][info][gc,cpu      ] GC(399) User=0.01s Sys=0.00s Real=0.00s
[341.284s][info][gc,marking  ] GC(399) Concurrent Rebuild Remembered Sets
[341.304s][info][gc,marking  ] GC(399) Concurrent Rebuild Remembered Sets 20.482ms
[341.305s][info][gc,start    ] GC(399) Pause Cleanup
[341.305s][info][gc          ] GC(399) Pause Cleanup 48M->48M(84M) 0.136ms
[341.305s][info][gc,cpu      ] GC(399) User=0.00s Sys=0.00s Real=0.00s
[341.305s][info][gc,marking  ] GC(399) Concurrent Cleanup for Next Mark
[341.305s][info][gc,marking  ] GC(399) Concurrent Cleanup for Next Mark 0.123ms
[341.305s][info][gc          ] GC(399) Concurrent Cycle 53.020ms
[341.406s][info][gc,start    ] GC(400) Pause Young (Normal) (G1 Evacuation Pause)
[341.406s][info][gc,task     ] GC(400) Using 8 workers of 8 for evacuation
[341.407s][info][gc,phases   ] GC(400)   Pre Evacuate Collection Set: 0.0ms
[341.407s][info][gc,phases   ] GC(400)   Merge Heap Roots: 0.0ms
[341.407s][info][gc,phases   ] GC(400)   Evacuate Collection Set: 0.4ms
[341.407s][info][gc,phases   ] GC(400)   Post Evacuate Collection Set: 0.2ms
[341.407s][info][gc,phases   ] GC(400)   Other: 0.1ms
[341.407s][info][gc,heap     ] GC(400) Eden regions: 32->0(32)
[341.407s][info][gc,heap     ] GC(400) Survivor regions: 1->1(5)
[341.407s][info][gc,heap     ] GC(400) Old regions: 39->39
[341.407s][info][gc,heap     ] GC(400) Archive regions: 2->2
[341.407s][info][gc,heap     ] GC(400) Humongous regions: 0->0
[341.407s][info][gc,metaspace] GC(400) Metaspace: 50700K(51792K)->50700K(51792K) NonClass: 44573K(45392K)->44573K(45392K) Class: 6126K(6400K)->6126K(6400K)
[341.407s][info][gc          ] GC(400) Pause Young (Normal) (G1 Evacuation Pause) 71M->39M(84M) 0.818ms
[341.407s][info][gc,cpu      ] GC(400) User=0.01s Sys=0.00s Real=0.00s
[341.543s][info][gc,start    ] GC(401) Pause Young (Concurrent Start) (G1 Evacuation Pause)
[341.543s][info][gc,task     ] GC(401) Using 8 workers of 8 for evacuation
[341.544s][info][gc,phases   ] GC(401)   Pre Evacuate Collection Set: 0.1ms
[341.544s][info][gc,phases   ] GC(401)   Merge Heap Roots: 0.0ms
[341.544s][info][gc,phases   ] GC(401)   Evacuate Collection Set: 0.6ms
[341.544s][info][gc,phases   ] GC(401)   Post Evacuate Collection Set: 0.2ms
[341.544s][info][gc,phases   ] GC(401)   Other: 0.1ms
[341.544s][info][gc,heap     ] GC(401) Eden regions: 32->0(32)
[341.544s][info][gc,heap     ] GC(401) Survivor regions: 1->1(5)
[341.544s][info][gc,heap     ] GC(401) Old regions: 39->39
[341.544s][info][gc,heap     ] GC(401) Archive regions: 2->2
[341.544s][info][gc,heap     ] GC(401) Humongous regions: 0->0
[341.544s][info][gc,metaspace] GC(401) Metaspace: 50705K(51792K)->50705K(51792K) NonClass: 44578K(45392K)->44578K(45392K) Class: 6126K(6400K)->6126K(6400K)
[341.544s][info][gc          ] GC(401) Pause Young (Concurrent Start) (G1 Evacuation Pause) 71M->39M(84M) 1.153ms
[341.544s][info][gc,cpu      ] GC(401) User=0.01s Sys=0.01s Real=0.00s
[341.544s][info][gc          ] GC(402) Concurrent Cycle
[341.544s][info][gc,marking  ] GC(402) Concurrent Clear Claimed Marks
[341.544s][info][gc,marking  ] GC(402) Concurrent Clear Claimed Marks 0.022ms
[341.544s][info][gc,marking  ] GC(402) Concurrent Scan Root Regions
[341.545s][info][gc,marking  ] GC(402) Concurrent Scan Root Regions 0.711ms
[341.545s][info][gc,marking  ] GC(402) Concurrent Mark (341.545s)
[341.545s][info][gc,marking  ] GC(402) Concurrent Mark From Roots
[341.545s][info][gc,task     ] GC(402) Using 2 workers of 2 for marking
[341.575s][info][gc,marking  ] GC(402) Concurrent Mark From Roots 30.325ms
[341.575s][info][gc,marking  ] GC(402) Concurrent Preclean
[341.575s][info][gc,marking  ] GC(402) Concurrent Preclean 0.062ms
[341.575s][info][gc,marking  ] GC(402) Concurrent Mark (341.545s, 341.575s) 30.447ms
[341.575s][info][gc,start    ] GC(402) Pause Remark
[341.577s][info][gc          ] GC(402) Pause Remark 44M->44M(84M) 1.171ms
[341.577s][info][gc,cpu      ] GC(402) User=0.00s Sys=0.00s Real=0.00s
[341.577s][info][gc,marking  ] GC(402) Concurrent Rebuild Remembered Sets
[341.608s][info][gc,marking  ] GC(402) Concurrent Rebuild Remembered Sets 31.046ms
[341.609s][info][gc,start    ] GC(402) Pause Cleanup
[341.609s][info][gc          ] GC(402) Pause Cleanup 49M->49M(84M) 0.090ms
[341.609s][info][gc,cpu      ] GC(402) User=0.00s Sys=0.00s Real=0.00s
[341.609s][info][gc,marking  ] GC(402) Concurrent Cleanup for Next Mark
[341.609s][info][gc,marking  ] GC(402) Concurrent Cleanup for Next Mark 0.110ms
[341.609s][info][gc          ] GC(402) Concurrent Cycle 65.165ms
[341.695s][info][gc,start    ] GC(403) Pause Young (Normal) (G1 Evacuation Pause)
[341.695s][info][gc,task     ] GC(403) Using 8 workers of 8 for evacuation
[341.696s][info][gc,phases   ] GC(403)   Pre Evacuate Collection Set: 0.0ms
[341.696s][info][gc,phases   ] GC(403)   Merge Heap Roots: 0.0ms
[341.696s][info][gc,phases   ] GC(403)   Evacuate Collection Set: 0.4ms
[341.696s][info][gc,phases   ] GC(403)   Post Evacuate Collection Set: 0.2ms
[341.696s][info][gc,phases   ] GC(403)   Other: 0.1ms
[341.696s][info][gc,heap     ] GC(403) Eden regions: 32->0(32)
[341.696s][info][gc,heap     ] GC(403) Survivor regions: 1->1(5)
[341.696s][info][gc,heap     ] GC(403) Old regions: 39->39
[341.696s][info][gc,heap     ] GC(403) Archive regions: 2->2
[341.696s][info][gc,heap     ] GC(403) Humongous regions: 0->0
[341.696s][info][gc,metaspace] GC(403) Metaspace: 50705K(51792K)->50705K(51792K) NonClass: 44578K(45392K)->44578K(45392K) Class: 6126K(6400K)->6126K(6400K)
[341.696s][info][gc          ] GC(403) Pause Young (Normal) (G1 Evacuation Pause) 71M->39M(84M) 0.862ms
[341.696s][info][gc,cpu      ] GC(403) User=0.00s Sys=0.00s Real=0.00s
[341.834s][info][gc,start    ] GC(404) Pause Young (Concurrent Start) (G1 Evacuation Pause)
[341.834s][info][gc,task     ] GC(404) Using 8 workers of 8 for evacuation
[341.835s][info][gc,phases   ] GC(404)   Pre Evacuate Collection Set: 0.1ms
[341.835s][info][gc,phases   ] GC(404)   Merge Heap Roots: 0.0ms
[341.835s][info][gc,phases   ] GC(404)   Evacuate Collection Set: 0.6ms
[341.835s][info][gc,phases   ] GC(404)   Post Evacuate Collection Set: 0.2ms
[341.835s][info][gc,phases   ] GC(404)   Other: 0.2ms
[341.835s][info][gc,heap     ] GC(404) Eden regions: 32->0(32)
[341.835s][info][gc,heap     ] GC(404) Survivor regions: 1->1(5)
[341.835s][info][gc,heap     ] GC(404) Old regions: 39->39
[341.835s][info][gc,heap     ] GC(404) Archive regions: 2->2
[341.835s][info][gc,heap     ] GC(404) Humongous regions: 0->0
[341.835s][info][gc,metaspace] GC(404) Metaspace: 50705K(51792K)->50705K(51792K) NonClass: 44578K(45392K)->44578K(45392K) Class: 6126K(6400K)->6126K(6400K)
[341.836s][info][gc          ] GC(404) Pause Young (Concurrent Start) (G1 Evacuation Pause) 71M->39M(84M) 1.202ms
[341.836s][info][gc,cpu      ] GC(404) User=0.00s Sys=0.00s Real=0.00s
[341.836s][info][gc          ] GC(405) Concurrent Cycle
[341.836s][info][gc,marking  ] GC(405) Concurrent Clear Claimed Marks
[341.836s][info][gc,marking  ] GC(405) Concurrent Clear Claimed Marks 0.042ms
[341.836s][info][gc,marking  ] GC(405) Concurrent Scan Root Regions
[341.837s][info][gc,marking  ] GC(405) Concurrent Scan Root Regions 1.096ms
[341.837s][info][gc,marking  ] GC(405) Concurrent Mark (341.837s)
[341.837s][info][gc,marking  ] GC(405) Concurrent Mark From Roots
[341.837s][info][gc,task     ] GC(405) Using 2 workers of 2 for marking
[341.870s][info][gc,marking  ] GC(405) Concurrent Mark From Roots 33.385ms
[341.870s][info][gc,marking  ] GC(405) Concurrent Preclean
[341.870s][info][gc,marking  ] GC(405) Concurrent Preclean 0.068ms
[341.870s][info][gc,marking  ] GC(405) Concurrent Mark (341.837s, 341.870s) 33.522ms
[341.870s][info][gc,start    ] GC(405) Pause Remark
[341.872s][info][gc          ] GC(405) Pause Remark 45M->45M(84M) 1.371ms
[341.872s][info][gc,cpu      ] GC(405) User=0.01s Sys=0.00s Real=0.01s
[341.872s][info][gc,marking  ] GC(405) Concurrent Rebuild Remembered Sets
[341.892s][info][gc,marking  ] GC(405) Concurrent Rebuild Remembered Sets 19.939ms
[341.893s][info][gc,start    ] GC(405) Pause Cleanup
[341.893s][info][gc          ] GC(405) Pause Cleanup 49M->49M(84M) 0.155ms
[341.893s][info][gc,cpu      ] GC(405) User=0.00s Sys=0.00s Real=0.00s
[341.893s][info][gc,marking  ] GC(405) Concurrent Cleanup for Next Mark
[341.893s][info][gc,marking  ] GC(405) Concurrent Cleanup for Next Mark 0.124ms
[341.893s][info][gc          ] GC(405) Concurrent Cycle 57.676ms
[341.996s][info][gc,start    ] GC(406) Pause Young (Normal) (G1 Evacuation Pause)
[341.996s][info][gc,task     ] GC(406) Using 8 workers of 8 for evacuation
[341.997s][info][gc,phases   ] GC(406)   Pre Evacuate Collection Set: 0.0ms
[341.997s][info][gc,phases   ] GC(406)   Merge Heap Roots: 0.0ms
[341.997s][info][gc,phases   ] GC(406)   Evacuate Collection Set: 0.4ms
[341.997s][info][gc,phases   ] GC(406)   Post Evacuate Collection Set: 0.2ms
[341.997s][info][gc,phases   ] GC(406)   Other: 0.1ms
[341.997s][info][gc,heap     ] GC(406) Eden regions: 32->0(32)
[341.997s][info][gc,heap     ] GC(406) Survivor regions: 1->1(5)
[341.997s][info][gc,heap     ] GC(406) Old regions: 39->39
[341.997s][info][gc,heap     ] GC(406) Archive regions: 2->2
[341.997s][info][gc,heap     ] GC(406) Humongous regions: 0->0
[341.997s][info][gc,metaspace] GC(406) Metaspace: 50705K(51792K)->50705K(51792K) NonClass: 44578K(45392K)->44578K(45392K) Class: 6126K(6400K)->6126K(6400K)
[341.997s][info][gc          ] GC(406) Pause Young (Normal) (G1 Evacuation Pause) 71M->39M(84M) 0.857ms
[341.997s][info][gc,cpu      ] GC(406) User=0.01s Sys=0.00s Real=0.00s
[342.119s][info][gc,start    ] GC(407) Pause Young (Concurrent Start) (G1 Evacuation Pause)
[342.119s][info][gc,task     ] GC(407) Using 8 workers of 8 for evacuation
[342.120s][info][gc,phases   ] GC(407)   Pre Evacuate Collection Set: 0.1ms
[342.120s][info][gc,phases   ] GC(407)   Merge Heap Roots: 0.0ms
[342.120s][info][gc,phases   ] GC(407)   Evacuate Collection Set: 0.6ms
[342.120s][info][gc,phases   ] GC(407)   Post Evacuate Collection Set: 0.2ms
[342.120s][info][gc,phases   ] GC(407)   Other: 0.2ms
[342.120s][info][gc,heap     ] GC(407) Eden regions: 32->0(32)
[342.120s][info][gc,heap     ] GC(407) Survivor regions: 1->1(5)
[342.120s][info][gc,heap     ] GC(407) Old regions: 39->39
[342.120s][info][gc,heap     ] GC(407) Archive regions: 2->2
[342.120s][info][gc,heap     ] GC(407) Humongous regions: 0->0
[342.120s][info][gc,metaspace] GC(407) Metaspace: 50705K(51792K)->50705K(51792K) NonClass: 44578K(45392K)->44578K(45392K) Class: 6126K(6400K)->6126K(6400K)
[342.120s][info][gc          ] GC(407) Pause Young (Concurrent Start) (G1 Evacuation Pause) 71M->39M(84M) 1.198ms
[342.120s][info][gc,cpu      ] GC(407) User=0.01s Sys=0.00s Real=0.00s
[342.120s][info][gc          ] GC(408) Concurrent Cycle
[342.120s][info][gc,marking  ] GC(408) Concurrent Clear Claimed Marks
[342.120s][info][gc,marking  ] GC(408) Concurrent Clear Claimed Marks 0.038ms
[342.120s][info][gc,marking  ] GC(408) Concurrent Scan Root Regions
[342.121s][info][gc,marking  ] GC(408) Concurrent Scan Root Regions 0.899ms
[342.121s][info][gc,marking  ] GC(408) Concurrent Mark (342.121s)
[342.121s][info][gc,marking  ] GC(408) Concurrent Mark From Roots
[342.121s][info][gc,task     ] GC(408) Using 2 workers of 2 for marking
[342.151s][info][gc,marking  ] GC(408) Concurrent Mark From Roots 29.657ms
[342.151s][info][gc,marking  ] GC(408) Concurrent Preclean
[342.151s][info][gc,marking  ] GC(408) Concurrent Preclean 0.072ms
[342.151s][info][gc,marking  ] GC(408) Concurrent Mark (342.121s, 342.151s) 29.782ms
[342.151s][info][gc,start    ] GC(408) Pause Remark
[342.152s][info][gc          ] GC(408) Pause Remark 45M->45M(84M) 1.347ms
[342.152s][info][gc,cpu      ] GC(408) User=0.01s Sys=0.00s Real=0.01s
[342.152s][info][gc,marking  ] GC(408) Concurrent Rebuild Remembered Sets
[342.173s][info][gc,marking  ] GC(408) Concurrent Rebuild Remembered Sets 20.423ms
[342.174s][info][gc,start    ] GC(408) Pause Cleanup
[342.174s][info][gc          ] GC(408) Pause Cleanup 47M->47M(84M) 0.084ms
[342.174s][info][gc,cpu      ] GC(408) User=0.00s Sys=0.00s Real=0.00s
[342.174s][info][gc,marking  ] GC(408) Concurrent Cleanup for Next Mark
[342.174s][info][gc,marking  ] GC(408) Concurrent Cleanup for Next Mark 0.111ms
[342.174s][info][gc          ] GC(408) Concurrent Cycle 54.057ms
[342.278s][info][gc,start    ] GC(409) Pause Young (Normal) (G1 Evacuation Pause)
[342.278s][info][gc,task     ] GC(409) Using 8 workers of 8 for evacuation
[342.279s][info][gc,phases   ] GC(409)   Pre Evacuate Collection Set: 0.0ms
[342.279s][info][gc,phases   ] GC(409)   Merge Heap Roots: 0.0ms
[342.279s][info][gc,phases   ] GC(409)   Evacuate Collection Set: 0.4ms
[342.279s][info][gc,phases   ] GC(409)   Post Evacuate Collection Set: 0.2ms
[342.279s][info][gc,phases   ] GC(409)   Other: 0.1ms
[342.279s][info][gc,heap     ] GC(409) Eden regions: 32->0(32)
[342.279s][info][gc,heap     ] GC(409) Survivor regions: 1->1(5)
[342.279s][info][gc,heap     ] GC(409) Old regions: 39->39
[342.279s][info][gc,heap     ] GC(409) Archive regions: 2->2
[342.279s][info][gc,heap     ] GC(409) Humongous regions: 0->0
[342.279s][info][gc,metaspace] GC(409) Metaspace: 50705K(51792K)->50705K(51792K) NonClass: 44578K(45392K)->44578K(45392K) Class: 6126K(6400K)->6126K(6400K)
[342.279s][info][gc          ] GC(409) Pause Young (Normal) (G1 Evacuation Pause) 71M->39M(84M) 0.885ms
[342.279s][info][gc,cpu      ] GC(409) User=0.00s Sys=0.00s Real=0.00s
[342.424s][info][gc,start    ] GC(410) Pause Young (Concurrent Start) (G1 Evacuation Pause)
[342.424s][info][gc,task     ] GC(410) Using 8 workers of 8 for evacuation
[342.425s][info][gc,phases   ] GC(410)   Pre Evacuate Collection Set: 0.1ms
[342.425s][info][gc,phases   ] GC(410)   Merge Heap Roots: 0.0ms
[342.425s][info][gc,phases   ] GC(410)   Evacuate Collection Set: 0.7ms
[342.425s][info][gc,phases   ] GC(410)   Post Evacuate Collection Set: 0.2ms
[342.425s][info][gc,phases   ] GC(410)   Other: 0.1ms
[342.425s][info][gc,heap     ] GC(410) Eden regions: 32->0(32)
[342.425s][info][gc,heap     ] GC(410) Survivor regions: 1->1(5)
[342.425s][info][gc,heap     ] GC(410) Old regions: 39->39
[342.425s][info][gc,heap     ] GC(410) Archive regions: 2->2
[342.425s][info][gc,heap     ] GC(410) Humongous regions: 0->0
[342.425s][info][gc,metaspace] GC(410) Metaspace: 50705K(51792K)->50705K(51792K) NonClass: 44578K(45392K)->44578K(45392K) Class: 6126K(6400K)->6126K(6400K)
[342.425s][info][gc          ] GC(410) Pause Young (Concurrent Start) (G1 Evacuation Pause) 71M->39M(84M) 1.195ms
[342.425s][info][gc,cpu      ] GC(410) User=0.01s Sys=0.00s Real=0.00s
[342.425s][info][gc          ] GC(411) Concurrent Cycle
[342.425s][info][gc,marking  ] GC(411) Concurrent Clear Claimed Marks
[342.425s][info][gc,marking  ] GC(411) Concurrent Clear Claimed Marks 0.028ms
[342.425s][info][gc,marking  ] GC(411) Concurrent Scan Root Regions
[342.426s][info][gc,marking  ] GC(411) Concurrent Scan Root Regions 0.836ms
[342.426s][info][gc,marking  ] GC(411) Concurrent Mark (342.426s)
[342.426s][info][gc,marking  ] GC(411) Concurrent Mark From Roots
[342.426s][info][gc,task     ] GC(411) Using 2 workers of 2 for marking
[342.454s][info][gc,marking  ] GC(411) Concurrent Mark From Roots 28.046ms
[342.454s][info][gc,marking  ] GC(411) Concurrent Preclean
[342.454s][info][gc,marking  ] GC(411) Concurrent Preclean 0.088ms
[342.454s][info][gc,marking  ] GC(411) Concurrent Mark (342.426s, 342.454s) 28.206ms
[342.454s][info][gc,start    ] GC(411) Pause Remark
[342.455s][info][gc          ] GC(411) Pause Remark 43M->43M(84M) 1.201ms
[342.455s][info][gc,cpu      ] GC(411) User=0.01s Sys=0.00s Real=0.00s
[342.455s][info][gc,marking  ] GC(411) Concurrent Rebuild Remembered Sets
[342.475s][info][gc,marking  ] GC(411) Concurrent Rebuild Remembered Sets 19.082ms
[342.476s][info][gc,start    ] GC(411) Pause Cleanup
[342.476s][info][gc          ] GC(411) Pause Cleanup 46M->46M(84M) 0.085ms
[342.476s][info][gc,cpu      ] GC(411) User=0.00s Sys=0.00s Real=0.00s
[342.476s][info][gc,marking  ] GC(411) Concurrent Cleanup for Next Mark
[342.476s][info][gc,marking  ] GC(411) Concurrent Cleanup for Next Mark 0.116ms
[342.476s][info][gc          ] GC(411) Concurrent Cycle 50.964ms
[342.595s][info][gc,start    ] GC(412) Pause Young (Normal) (G1 Evacuation Pause)
[342.595s][info][gc,task     ] GC(412) Using 8 workers of 8 for evacuation
[342.595s][info][gc,phases   ] GC(412)   Pre Evacuate Collection Set: 0.0ms
[342.595s][info][gc,phases   ] GC(412)   Merge Heap Roots: 0.0ms
[342.595s][info][gc,phases   ] GC(412)   Evacuate Collection Set: 0.4ms
[342.595s][info][gc,phases   ] GC(412)   Post Evacuate Collection Set: 0.2ms
[342.595s][info][gc,phases   ] GC(412)   Other: 0.1ms
[342.595s][info][gc,heap     ] GC(412) Eden regions: 32->0(32)
[342.595s][info][gc,heap     ] GC(412) Survivor regions: 1->1(5)
[342.595s][info][gc,heap     ] GC(412) Old regions: 39->39
[342.595s][info][gc,heap     ] GC(412) Archive regions: 2->2
[342.595s][info][gc,heap     ] GC(412) Humongous regions: 0->0
[342.595s][info][gc,metaspace] GC(412) Metaspace: 50705K(51792K)->50705K(51792K) NonClass: 44578K(45392K)->44578K(45392K) Class: 6126K(6400K)->6126K(6400K)
[342.595s][info][gc          ] GC(412) Pause Young (Normal) (G1 Evacuation Pause) 71M->39M(84M) 0.826ms
[342.595s][info][gc,cpu      ] GC(412) User=0.00s Sys=0.00s Real=0.00s
[342.716s][info][gc,start    ] GC(413) Pause Young (Concurrent Start) (G1 Evacuation Pause)
[342.716s][info][gc,task     ] GC(413) Using 8 workers of 8 for evacuation
[342.719s][info][gc,phases   ] GC(413)   Pre Evacuate Collection Set: 0.4ms
[342.719s][info][gc,phases   ] GC(413)   Merge Heap Roots: 0.1ms
[342.719s][info][gc,phases   ] GC(413)   Evacuate Collection Set: 1.2ms
[342.719s][info][gc,phases   ] GC(413)   Post Evacuate Collection Set: 1.0ms
[342.719s][info][gc,phases   ] GC(413)   Other: 0.2ms
[342.719s][info][gc,heap     ] GC(413) Eden regions: 32->0(32)
[342.719s][info][gc,heap     ] GC(413) Survivor regions: 1->1(5)
[342.719s][info][gc,heap     ] GC(413) Old regions: 39->39
[342.719s][info][gc,heap     ] GC(413) Archive regions: 2->2
[342.719s][info][gc,heap     ] GC(413) Humongous regions: 0->0
[342.719s][info][gc,metaspace] GC(413) Metaspace: 50705K(51792K)->50705K(51792K) NonClass: 44578K(45392K)->44578K(45392K) Class: 6126K(6400K)->6126K(6400K)
[342.719s][info][gc          ] GC(413) Pause Young (Concurrent Start) (G1 Evacuation Pause) 71M->39M(84M) 3.203ms
[342.719s][info][gc,cpu      ] GC(413) User=0.00s Sys=0.00s Real=0.00s
[342.719s][info][gc          ] GC(414) Concurrent Cycle
[342.719s][info][gc,marking  ] GC(414) Concurrent Clear Claimed Marks
[342.719s][info][gc,marking  ] GC(414) Concurrent Clear Claimed Marks 0.080ms
[342.719s][info][gc,marking  ] GC(414) Concurrent Scan Root Regions
[342.721s][info][gc,marking  ] GC(414) Concurrent Scan Root Regions 1.284ms
[342.721s][info][gc,marking  ] GC(414) Concurrent Mark (342.721s)
[342.721s][info][gc,marking  ] GC(414) Concurrent Mark From Roots
[342.721s][info][gc,task     ] GC(414) Using 2 workers of 2 for marking
[342.764s][info][gc,marking  ] GC(414) Concurrent Mark From Roots 43.322ms
[342.764s][info][gc,marking  ] GC(414) Concurrent Preclean
[342.764s][info][gc,marking  ] GC(414) Concurrent Preclean 0.048ms
[342.764s][info][gc,marking  ] GC(414) Concurrent Mark (342.721s, 342.764s) 43.460ms
[342.764s][info][gc,start    ] GC(414) Pause Remark
[342.766s][info][gc          ] GC(414) Pause Remark 48M->48M(85M) 1.297ms
[342.766s][info][gc,cpu      ] GC(414) User=0.00s Sys=0.00s Real=0.00s
[342.766s][info][gc,marking  ] GC(414) Concurrent Rebuild Remembered Sets
[342.786s][info][gc,marking  ] GC(414) Concurrent Rebuild Remembered Sets 20.631ms
[342.787s][info][gc,start    ] GC(414) Pause Cleanup
[342.787s][info][gc          ] GC(414) Pause Cleanup 52M->52M(85M) 0.099ms
[342.788s][info][gc,cpu      ] GC(414) User=0.00s Sys=0.00s Real=0.00s
[342.788s][info][gc,marking  ] GC(414) Concurrent Cleanup for Next Mark
[342.788s][info][gc,marking  ] GC(414) Concurrent Cleanup for Next Mark 0.126ms
[342.788s][info][gc          ] GC(414) Concurrent Cycle 68.656ms
[342.875s][info][gc,start    ] GC(415) Pause Young (Normal) (G1 Evacuation Pause)
[342.875s][info][gc,task     ] GC(415) Using 8 workers of 8 for evacuation
[342.876s][info][gc,phases   ] GC(415)   Pre Evacuate Collection Set: 0.1ms
[342.876s][info][gc,phases   ] GC(415)   Merge Heap Roots: 0.0ms
[342.876s][info][gc,phases   ] GC(415)   Evacuate Collection Set: 0.6ms
[342.876s][info][gc,phases   ] GC(415)   Post Evacuate Collection Set: 0.2ms
[342.876s][info][gc,phases   ] GC(415)   Other: 0.1ms
[342.876s][info][gc,heap     ] GC(415) Eden regions: 32->0(33)
[342.876s][info][gc,heap     ] GC(415) Survivor regions: 1->1(5)
[342.876s][info][gc,heap     ] GC(415) Old regions: 39->39
[342.876s][info][gc,heap     ] GC(415) Archive regions: 2->2
[342.876s][info][gc,heap     ] GC(415) Humongous regions: 0->0
[342.876s][info][gc,metaspace] GC(415) Metaspace: 50705K(51792K)->50705K(51792K) NonClass: 44578K(45392K)->44578K(45392K) Class: 6126K(6400K)->6126K(6400K)
[342.876s][info][gc          ] GC(415) Pause Young (Normal) (G1 Evacuation Pause) 71M->39M(85M) 1.058ms
[342.876s][info][gc,cpu      ] GC(415) User=0.01s Sys=0.00s Real=0.00s
[343.033s][info][gc,start    ] GC(416) Pause Young (Concurrent Start) (G1 Evacuation Pause)
[343.033s][info][gc,task     ] GC(416) Using 8 workers of 8 for evacuation
[343.035s][info][gc,phases   ] GC(416)   Pre Evacuate Collection Set: 0.1ms
[343.035s][info][gc,phases   ] GC(416)   Merge Heap Roots: 0.0ms
[343.035s][info][gc,phases   ] GC(416)   Evacuate Collection Set: 0.7ms
[343.035s][info][gc,phases   ] GC(416)   Post Evacuate Collection Set: 0.2ms
[343.035s][info][gc,phases   ] GC(416)   Other: 0.2ms
[343.035s][info][gc,heap     ] GC(416) Eden regions: 33->0(33)
[343.035s][info][gc,heap     ] GC(416) Survivor regions: 1->1(5)
[343.035s][info][gc,heap     ] GC(416) Old regions: 39->39
[343.035s][info][gc,heap     ] GC(416) Archive regions: 2->2
[343.035s][info][gc,heap     ] GC(416) Humongous regions: 0->0
[343.035s][info][gc,metaspace] GC(416) Metaspace: 50705K(51792K)->50705K(51792K) NonClass: 44578K(45392K)->44578K(45392K) Class: 6126K(6400K)->6126K(6400K)
[343.035s][info][gc          ] GC(416) Pause Young (Concurrent Start) (G1 Evacuation Pause) 72M->39M(85M) 1.248ms
[343.035s][info][gc,cpu      ] GC(416) User=0.00s Sys=0.00s Real=0.00s
[343.035s][info][gc          ] GC(417) Concurrent Cycle
[343.035s][info][gc,marking  ] GC(417) Concurrent Clear Claimed Marks
[343.035s][info][gc,marking  ] GC(417) Concurrent Clear Claimed Marks 0.033ms
[343.035s][info][gc,marking  ] GC(417) Concurrent Scan Root Regions
[343.036s][info][gc,marking  ] GC(417) Concurrent Scan Root Regions 1.106ms
[343.036s][info][gc,marking  ] GC(417) Concurrent Mark (343.036s)
[343.036s][info][gc,marking  ] GC(417) Concurrent Mark From Roots
[343.036s][info][gc,task     ] GC(417) Using 2 workers of 2 for marking
[343.068s][info][gc,marking  ] GC(417) Concurrent Mark From Roots 32.562ms
[343.069s][info][gc,marking  ] GC(417) Concurrent Preclean
[343.069s][info][gc,marking  ] GC(417) Concurrent Preclean 0.069ms
[343.069s][info][gc,marking  ] GC(417) Concurrent Mark (343.036s, 343.069s) 32.695ms
[343.069s][info][gc,start    ] GC(417) Pause Remark
[343.070s][info][gc          ] GC(417) Pause Remark 45M->45M(85M) 1.388ms
[343.070s][info][gc,cpu      ] GC(417) User=0.00s Sys=0.00s Real=0.00s
[343.070s][info][gc,marking  ] GC(417) Concurrent Rebuild Remembered Sets
[343.091s][info][gc,marking  ] GC(417) Concurrent Rebuild Remembered Sets 20.832ms
[343.092s][info][gc,start    ] GC(417) Pause Cleanup
[343.092s][info][gc          ] GC(417) Pause Cleanup 48M->48M(85M) 0.091ms
[343.092s][info][gc,cpu      ] GC(417) User=0.00s Sys=0.00s Real=0.00s
[343.092s][info][gc,marking  ] GC(417) Concurrent Cleanup for Next Mark
[343.092s][info][gc,marking  ] GC(417) Concurrent Cleanup for Next Mark 0.172ms
[343.092s][info][gc          ] GC(417) Concurrent Cycle 57.709ms
[343.199s][info][gc,start    ] GC(418) Pause Young (Normal) (G1 Evacuation Pause)
[343.199s][info][gc,task     ] GC(418) Using 8 workers of 8 for evacuation
[343.200s][info][gc,phases   ] GC(418)   Pre Evacuate Collection Set: 0.0ms
[343.200s][info][gc,phases   ] GC(418)   Merge Heap Roots: 0.0ms
[343.200s][info][gc,phases   ] GC(418)   Evacuate Collection Set: 0.5ms
[343.200s][info][gc,phases   ] GC(418)   Post Evacuate Collection Set: 0.2ms
[343.200s][info][gc,phases   ] GC(418)   Other: 0.1ms
[343.200s][info][gc,heap     ] GC(418) Eden regions: 33->0(33)
[343.200s][info][gc,heap     ] GC(418) Survivor regions: 1->1(5)
[343.200s][info][gc,heap     ] GC(418) Old regions: 39->39
[343.200s][info][gc,heap     ] GC(418) Archive regions: 2->2
[343.200s][info][gc,heap     ] GC(418) Humongous regions: 0->0
[343.200s][info][gc,metaspace] GC(418) Metaspace: 50705K(51792K)->50705K(51792K) NonClass: 44578K(45392K)->44578K(45392K) Class: 6126K(6400K)->6126K(6400K)
[343.200s][info][gc          ] GC(418) Pause Young (Normal) (G1 Evacuation Pause) 72M->39M(85M) 0.970ms
[343.200s][info][gc,cpu      ] GC(418) User=0.00s Sys=0.00s Real=0.00s
[343.347s][info][gc,start    ] GC(419) Pause Young (Concurrent Start) (G1 Evacuation Pause)
[343.347s][info][gc,task     ] GC(419) Using 8 workers of 8 for evacuation
[343.348s][info][gc,phases   ] GC(419)   Pre Evacuate Collection Set: 0.1ms
[343.348s][info][gc,phases   ] GC(419)   Merge Heap Roots: 0.0ms
[343.348s][info][gc,phases   ] GC(419)   Evacuate Collection Set: 0.6ms
[343.348s][info][gc,phases   ] GC(419)   Post Evacuate Collection Set: 0.2ms
[343.348s][info][gc,phases   ] GC(419)   Other: 0.2ms
[343.348s][info][gc,heap     ] GC(419) Eden regions: 33->0(33)
[343.348s][info][gc,heap     ] GC(419) Survivor regions: 1->1(5)
[343.348s][info][gc,heap     ] GC(419) Old regions: 39->39
[343.348s][info][gc,heap     ] GC(419) Archive regions: 2->2
[343.348s][info][gc,heap     ] GC(419) Humongous regions: 0->0
[343.348s][info][gc,metaspace] GC(419) Metaspace: 50705K(51792K)->50705K(51792K) NonClass: 44578K(45392K)->44578K(45392K) Class: 6126K(6400K)->6126K(6400K)
[343.348s][info][gc          ] GC(419) Pause Young (Concurrent Start) (G1 Evacuation Pause) 72M->39M(85M) 1.095ms
[343.348s][info][gc,cpu      ] GC(419) User=0.00s Sys=0.00s Real=0.00s
[343.348s][info][gc          ] GC(420) Concurrent Cycle
[343.348s][info][gc,marking  ] GC(420) Concurrent Clear Claimed Marks
[343.348s][info][gc,marking  ] GC(420) Concurrent Clear Claimed Marks 0.025ms
[343.348s][info][gc,marking  ] GC(420) Concurrent Scan Root Regions
[343.349s][info][gc,marking  ] GC(420) Concurrent Scan Root Regions 0.921ms
[343.349s][info][gc,marking  ] GC(420) Concurrent Mark (343.349s)
[343.349s][info][gc,marking  ] GC(420) Concurrent Mark From Roots
[343.349s][info][gc,task     ] GC(420) Using 2 workers of 2 for marking
[343.377s][info][gc,marking  ] GC(420) Concurrent Mark From Roots 27.681ms
[343.377s][info][gc,marking  ] GC(420) Concurrent Preclean
[343.377s][info][gc,marking  ] GC(420) Concurrent Preclean 0.072ms
[343.377s][info][gc,marking  ] GC(420) Concurrent Mark (343.349s, 343.377s) 27.826ms
[343.377s][info][gc,start    ] GC(420) Pause Remark
[343.379s][info][gc          ] GC(420) Pause Remark 44M->44M(85M) 1.183ms
[343.379s][info][gc,cpu      ] GC(420) User=0.01s Sys=0.00s Real=0.00s
[343.379s][info][gc,marking  ] GC(420) Concurrent Rebuild Remembered Sets
[343.397s][info][gc,marking  ] GC(420) Concurrent Rebuild Remembered Sets 18.355ms
[343.398s][info][gc,start    ] GC(420) Pause Cleanup
[343.398s][info][gc          ] GC(420) Pause Cleanup 47M->47M(85M) 0.087ms
[343.398s][info][gc,cpu      ] GC(420) User=0.00s Sys=0.00s Real=0.00s
[343.398s][info][gc,marking  ] GC(420) Concurrent Cleanup for Next Mark
[343.398s][info][gc,marking  ] GC(420) Concurrent Cleanup for Next Mark 0.115ms
[343.398s][info][gc          ] GC(420) Concurrent Cycle 49.836ms
[343.526s][info][gc,start    ] GC(421) Pause Young (Normal) (G1 Evacuation Pause)
[343.526s][info][gc,task     ] GC(421) Using 8 workers of 8 for evacuation
[343.527s][info][gc,phases   ] GC(421)   Pre Evacuate Collection Set: 0.0ms
[343.527s][info][gc,phases   ] GC(421)   Merge Heap Roots: 0.0ms
[343.527s][info][gc,phases   ] GC(421)   Evacuate Collection Set: 0.5ms
[343.527s][info][gc,phases   ] GC(421)   Post Evacuate Collection Set: 0.2ms
[343.527s][info][gc,phases   ] GC(421)   Other: 0.1ms
[343.527s][info][gc,heap     ] GC(421) Eden regions: 33->0(33)
[343.527s][info][gc,heap     ] GC(421) Survivor regions: 1->1(5)
[343.527s][info][gc,heap     ] GC(421) Old regions: 39->39
[343.527s][info][gc,heap     ] GC(421) Archive regions: 2->2
[343.527s][info][gc,heap     ] GC(421) Humongous regions: 0->0
[343.527s][info][gc,metaspace] GC(421) Metaspace: 50705K(51792K)->50705K(51792K) NonClass: 44578K(45392K)->44578K(45392K) Class: 6126K(6400K)->6126K(6400K)
[343.527s][info][gc          ] GC(421) Pause Young (Normal) (G1 Evacuation Pause) 72M->40M(85M) 0.900ms
[343.527s][info][gc,cpu      ] GC(421) User=0.00s Sys=0.00s Real=0.00s
[343.666s][info][gc,start    ] GC(422) Pause Young (Concurrent Start) (G1 Evacuation Pause)
[343.666s][info][gc,task     ] GC(422) Using 8 workers of 8 for evacuation
[343.667s][info][gc,phases   ] GC(422)   Pre Evacuate Collection Set: 0.1ms
[343.667s][info][gc,phases   ] GC(422)   Merge Heap Roots: 0.0ms
[343.667s][info][gc,phases   ] GC(422)   Evacuate Collection Set: 0.6ms
[343.667s][info][gc,phases   ] GC(422)   Post Evacuate Collection Set: 0.2ms
[343.667s][info][gc,phases   ] GC(422)   Other: 0.2ms
[343.667s][info][gc,heap     ] GC(422) Eden regions: 33->0(33)
[343.667s][info][gc,heap     ] GC(422) Survivor regions: 1->1(5)
[343.667s][info][gc,heap     ] GC(422) Old regions: 39->39
[343.667s][info][gc,heap     ] GC(422) Archive regions: 2->2
[343.667s][info][gc,heap     ] GC(422) Humongous regions: 0->0
[343.667s][info][gc,metaspace] GC(422) Metaspace: 50705K(51792K)->50705K(51792K) NonClass: 44578K(45392K)->44578K(45392K) Class: 6126K(6400K)->6126K(6400K)
[343.667s][info][gc          ] GC(422) Pause Young (Concurrent Start) (G1 Evacuation Pause) 73M->39M(85M) 1.158ms
[343.667s][info][gc,cpu      ] GC(422) User=0.00s Sys=0.00s Real=0.00s
[343.667s][info][gc          ] GC(423) Concurrent Cycle
[343.667s][info][gc,marking  ] GC(423) Concurrent Clear Claimed Marks
[343.667s][info][gc,marking  ] GC(423) Concurrent Clear Claimed Marks 0.029ms
[343.667s][info][gc,marking  ] GC(423) Concurrent Scan Root Regions
[343.668s][info][gc,marking  ] GC(423) Concurrent Scan Root Regions 0.638ms
[343.668s][info][gc,marking  ] GC(423) Concurrent Mark (343.668s)
[343.668s][info][gc,marking  ] GC(423) Concurrent Mark From Roots
[343.668s][info][gc,task     ] GC(423) Using 2 workers of 2 for marking
[343.706s][info][gc,marking  ] GC(423) Concurrent Mark From Roots 38.242ms
[343.706s][info][gc,marking  ] GC(423) Concurrent Preclean
[343.706s][info][gc,marking  ] GC(423) Concurrent Preclean 0.095ms
[343.706s][info][gc,marking  ] GC(423) Concurrent Mark (343.668s, 343.706s) 38.411ms
[343.706s][info][gc,start    ] GC(423) Pause Remark
[343.707s][info][gc          ] GC(423) Pause Remark 47M->47M(85M) 1.238ms
[343.707s][info][gc,cpu      ] GC(423) User=0.01s Sys=0.00s Real=0.00s
[343.708s][info][gc,marking  ] GC(423) Concurrent Rebuild Remembered Sets
[343.730s][info][gc,marking  ] GC(423) Concurrent Rebuild Remembered Sets 22.738ms
[343.731s][info][gc,start    ] GC(423) Pause Cleanup
[343.731s][info][gc          ] GC(423) Pause Cleanup 52M->52M(85M) 0.096ms
[343.731s][info][gc,cpu      ] GC(423) User=0.00s Sys=0.00s Real=0.00s
[343.731s][info][gc,marking  ] GC(423) Concurrent Cleanup for Next Mark
[343.732s][info][gc,marking  ] GC(423) Concurrent Cleanup for Next Mark 0.135ms
[343.732s][info][gc          ] GC(423) Concurrent Cycle 64.674ms
[343.828s][info][gc,start    ] GC(424) Pause Young (Normal) (G1 Evacuation Pause)
[343.828s][info][gc,task     ] GC(424) Using 8 workers of 8 for evacuation
[343.829s][info][gc,phases   ] GC(424)   Pre Evacuate Collection Set: 0.0ms
[343.829s][info][gc,phases   ] GC(424)   Merge Heap Roots: 0.0ms
[343.829s][info][gc,phases   ] GC(424)   Evacuate Collection Set: 0.5ms
[343.829s][info][gc,phases   ] GC(424)   Post Evacuate Collection Set: 0.2ms
[343.829s][info][gc,phases   ] GC(424)   Other: 0.1ms
[343.829s][info][gc,heap     ] GC(424) Eden regions: 33->0(31)
[343.829s][info][gc,heap     ] GC(424) Survivor regions: 1->2(5)
[343.829s][info][gc,heap     ] GC(424) Old regions: 39->39
[343.829s][info][gc,heap     ] GC(424) Archive regions: 2->2
[343.829s][info][gc,heap     ] GC(424) Humongous regions: 0->0
[343.829s][info][gc,metaspace] GC(424) Metaspace: 50706K(51792K)->50706K(51792K) NonClass: 44580K(45392K)->44580K(45392K) Class: 6126K(6400K)->6126K(6400K)
[343.829s][info][gc          ] GC(424) Pause Young (Normal) (G1 Evacuation Pause) 72M->40M(85M) 0.998ms
[343.829s][info][gc,cpu      ] GC(424) User=0.01s Sys=0.00s Real=0.00s
[343.957s][info][gc,start    ] GC(425) Pause Young (Concurrent Start) (G1 Evacuation Pause)
[343.957s][info][gc,task     ] GC(425) Using 8 workers of 8 for evacuation
[343.959s][info][gc,phases   ] GC(425)   Pre Evacuate Collection Set: 0.1ms
[343.959s][info][gc,phases   ] GC(425)   Merge Heap Roots: 0.0ms
[343.959s][info][gc,phases   ] GC(425)   Evacuate Collection Set: 0.7ms
[343.959s][info][gc,phases   ] GC(425)   Post Evacuate Collection Set: 0.2ms
[343.959s][info][gc,phases   ] GC(425)   Other: 0.1ms
[343.959s][info][gc,heap     ] GC(425) Eden regions: 31->0(31)
[343.959s][info][gc,heap     ] GC(425) Survivor regions: 2->2(5)
[343.959s][info][gc,heap     ] GC(425) Old regions: 39->39
[343.959s][info][gc,heap     ] GC(425) Archive regions: 2->2
[343.959s][info][gc,heap     ] GC(425) Humongous regions: 0->0
[343.959s][info][gc,metaspace] GC(425) Metaspace: 50706K(51792K)->50706K(51792K) NonClass: 44580K(45392K)->44580K(45392K) Class: 6126K(6400K)->6126K(6400K)
[343.959s][info][gc          ] GC(425) Pause Young (Concurrent Start) (G1 Evacuation Pause) 71M->40M(85M) 1.211ms
[343.959s][info][gc,cpu      ] GC(425) User=0.01s Sys=0.00s Real=0.00s
[343.959s][info][gc          ] GC(426) Concurrent Cycle
[343.959s][info][gc,marking  ] GC(426) Concurrent Clear Claimed Marks
[343.959s][info][gc,marking  ] GC(426) Concurrent Clear Claimed Marks 0.032ms
[343.959s][info][gc,marking  ] GC(426) Concurrent Scan Root Regions
[343.959s][info][gc,marking  ] GC(426) Concurrent Scan Root Regions 0.502ms
[343.959s][info][gc,marking  ] GC(426) Concurrent Mark (343.959s)
[343.959s][info][gc,marking  ] GC(426) Concurrent Mark From Roots
[343.959s][info][gc,task     ] GC(426) Using 2 workers of 2 for marking
[343.989s][info][gc,marking  ] GC(426) Concurrent Mark From Roots 29.537ms
[343.989s][info][gc,marking  ] GC(426) Concurrent Preclean
[343.989s][info][gc,marking  ] GC(426) Concurrent Preclean 0.064ms
[343.989s][info][gc,marking  ] GC(426) Concurrent Mark (343.959s, 343.989s) 29.660ms
[343.989s][info][gc,start    ] GC(426) Pause Remark
[343.990s][info][gc          ] GC(426) Pause Remark 45M->45M(85M) 1.237ms
[343.990s][info][gc,cpu      ] GC(426) User=0.01s Sys=0.00s Real=0.00s
[343.990s][info][gc,marking  ] GC(426) Concurrent Rebuild Remembered Sets
[344.009s][info][gc,marking  ] GC(426) Concurrent Rebuild Remembered Sets 18.346ms
[344.010s][info][gc,start    ] GC(426) Pause Cleanup
[344.010s][info][gc          ] GC(426) Pause Cleanup 49M->49M(85M) 0.094ms
[344.010s][info][gc,cpu      ] GC(426) User=0.00s Sys=0.00s Real=0.00s
[344.010s][info][gc,marking  ] GC(426) Concurrent Cleanup for Next Mark
[344.010s][info][gc,marking  ] GC(426) Concurrent Cleanup for Next Mark 0.107ms
[344.010s][info][gc          ] GC(426) Concurrent Cycle 51.430ms
[344.107s][info][gc,start    ] GC(427) Pause Young (Normal) (G1 Evacuation Pause)
[344.107s][info][gc,task     ] GC(427) Using 8 workers of 8 for evacuation
[344.108s][info][gc,phases   ] GC(427)   Pre Evacuate Collection Set: 0.0ms
[344.108s][info][gc,phases   ] GC(427)   Merge Heap Roots: 0.0ms
[344.108s][info][gc,phases   ] GC(427)   Evacuate Collection Set: 0.5ms
[344.108s][info][gc,phases   ] GC(427)   Post Evacuate Collection Set: 0.2ms
[344.108s][info][gc,phases   ] GC(427)   Other: 0.1ms
[344.108s][info][gc,heap     ] GC(427) Eden regions: 31->0(31)
[344.108s][info][gc,heap     ] GC(427) Survivor regions: 2->2(5)
[344.108s][info][gc,heap     ] GC(427) Old regions: 39->39
[344.108s][info][gc,heap     ] GC(427) Archive regions: 2->2
[344.108s][info][gc,heap     ] GC(427) Humongous regions: 0->0
[344.108s][info][gc,metaspace] GC(427) Metaspace: 50706K(51792K)->50706K(51792K) NonClass: 44580K(45392K)->44580K(45392K) Class: 6126K(6400K)->6126K(6400K)
[344.108s][info][gc          ] GC(427) Pause Young (Normal) (G1 Evacuation Pause) 71M->40M(85M) 1.013ms
[344.108s][info][gc,cpu      ] GC(427) User=0.00s Sys=0.01s Real=0.00s
[344.236s][info][gc,start    ] GC(428) Pause Young (Concurrent Start) (G1 Evacuation Pause)
[344.236s][info][gc,task     ] GC(428) Using 8 workers of 8 for evacuation
[344.237s][info][gc,phases   ] GC(428)   Pre Evacuate Collection Set: 0.1ms
[344.237s][info][gc,phases   ] GC(428)   Merge Heap Roots: 0.0ms
[344.237s][info][gc,phases   ] GC(428)   Evacuate Collection Set: 0.6ms
[344.237s][info][gc,phases   ] GC(428)   Post Evacuate Collection Set: 0.2ms
[344.237s][info][gc,phases   ] GC(428)   Other: 0.2ms
[344.237s][info][gc,heap     ] GC(428) Eden regions: 31->0(31)
[344.237s][info][gc,heap     ] GC(428) Survivor regions: 2->2(5)
[344.237s][info][gc,heap     ] GC(428) Old regions: 39->39
[344.237s][info][gc,heap     ] GC(428) Archive regions: 2->2
[344.237s][info][gc,heap     ] GC(428) Humongous regions: 0->0
[344.237s][info][gc,metaspace] GC(428) Metaspace: 50706K(51792K)->50706K(51792K) NonClass: 44580K(45392K)->44580K(45392K) Class: 6126K(6400K)->6126K(6400K)
[344.237s][info][gc          ] GC(428) Pause Young (Concurrent Start) (G1 Evacuation Pause) 71M->40M(85M) 1.116ms
[344.237s][info][gc,cpu      ] GC(428) User=0.01s Sys=0.01s Real=0.00s
[344.237s][info][gc          ] GC(429) Concurrent Cycle
[344.237s][info][gc,marking  ] GC(429) Concurrent Clear Claimed Marks
[344.237s][info][gc,marking  ] GC(429) Concurrent Clear Claimed Marks 0.027ms
[344.237s][info][gc,marking  ] GC(429) Concurrent Scan Root Regions
[344.238s][info][gc,marking  ] GC(429) Concurrent Scan Root Regions 0.679ms
[344.238s][info][gc,marking  ] GC(429) Concurrent Mark (344.238s)
[344.238s][info][gc,marking  ] GC(429) Concurrent Mark From Roots
[344.238s][info][gc,task     ] GC(429) Using 2 workers of 2 for marking
[344.271s][info][gc,marking  ] GC(429) Concurrent Mark From Roots 32.546ms
[344.271s][info][gc,marking  ] GC(429) Concurrent Preclean
[344.271s][info][gc,marking  ] GC(429) Concurrent Preclean 0.064ms
[344.271s][info][gc,marking  ] GC(429) Concurrent Mark (344.238s, 344.271s) 32.705ms
[344.271s][info][gc,start    ] GC(429) Pause Remark
[344.272s][info][gc          ] GC(429) Pause Remark 45M->45M(85M) 1.402ms
[344.272s][info][gc,cpu      ] GC(429) User=0.01s Sys=0.00s Real=0.01s
[344.272s][info][gc,marking  ] GC(429) Concurrent Rebuild Remembered Sets
[344.293s][info][gc,marking  ] GC(429) Concurrent Rebuild Remembered Sets 20.604ms
[344.294s][info][gc,start    ] GC(429) Pause Cleanup
[344.294s][info][gc          ] GC(429) Pause Cleanup 49M->49M(85M) 0.132ms
[344.294s][info][gc,cpu      ] GC(429) User=0.00s Sys=0.00s Real=0.00s
[344.294s][info][gc,marking  ] GC(429) Concurrent Cleanup for Next Mark
[344.294s][info][gc,marking  ] GC(429) Concurrent Cleanup for Next Mark 0.123ms
[344.294s][info][gc          ] GC(429) Concurrent Cycle 57.134ms
[344.388s][info][gc,start    ] GC(430) Pause Young (Normal) (G1 Evacuation Pause)
[344.388s][info][gc,task     ] GC(430) Using 8 workers of 8 for evacuation
[344.389s][info][gc,phases   ] GC(430)   Pre Evacuate Collection Set: 0.0ms
[344.389s][info][gc,phases   ] GC(430)   Merge Heap Roots: 0.0ms
[344.389s][info][gc,phases   ] GC(430)   Evacuate Collection Set: 0.6ms
[344.389s][info][gc,phases   ] GC(430)   Post Evacuate Collection Set: 0.2ms
[344.389s][info][gc,phases   ] GC(430)   Other: 0.1ms
[344.389s][info][gc,heap     ] GC(430) Eden regions: 31->0(31)
[344.389s][info][gc,heap     ] GC(430) Survivor regions: 2->2(5)
[344.389s][info][gc,heap     ] GC(430) Old regions: 39->39
[344.389s][info][gc,heap     ] GC(430) Archive regions: 2->2
[344.389s][info][gc,heap     ] GC(430) Humongous regions: 0->0
[344.389s][info][gc,metaspace] GC(430) Metaspace: 50706K(51792K)->50706K(51792K) NonClass: 44580K(45392K)->44580K(45392K) Class: 6126K(6400K)->6126K(6400K)
[344.389s][info][gc          ] GC(430) Pause Young (Normal) (G1 Evacuation Pause) 71M->40M(85M) 1.112ms
[344.389s][info][gc,cpu      ] GC(430) User=0.00s Sys=0.00s Real=0.00s
[344.511s][info][gc,start    ] GC(431) Pause Young (Concurrent Start) (G1 Evacuation Pause)
[344.511s][info][gc,task     ] GC(431) Using 8 workers of 8 for evacuation
[344.512s][info][gc,phases   ] GC(431)   Pre Evacuate Collection Set: 0.1ms
[344.512s][info][gc,phases   ] GC(431)   Merge Heap Roots: 0.0ms
[344.512s][info][gc,phases   ] GC(431)   Evacuate Collection Set: 0.7ms
[344.512s][info][gc,phases   ] GC(431)   Post Evacuate Collection Set: 0.2ms
[344.512s][info][gc,phases   ] GC(431)   Other: 0.2ms
[344.512s][info][gc,heap     ] GC(431) Eden regions: 31->0(31)
[344.512s][info][gc,heap     ] GC(431) Survivor regions: 2->2(5)
[344.512s][info][gc,heap     ] GC(431) Old regions: 39->39
[344.512s][info][gc,heap     ] GC(431) Archive regions: 2->2
[344.512s][info][gc,heap     ] GC(431) Humongous regions: 0->0
[344.512s][info][gc,metaspace] GC(431) Metaspace: 50706K(51792K)->50706K(51792K) NonClass: 44580K(45392K)->44580K(45392K) Class: 6126K(6400K)->6126K(6400K)
[344.512s][info][gc          ] GC(431) Pause Young (Concurrent Start) (G1 Evacuation Pause) 71M->40M(85M) 1.309ms
[344.512s][info][gc,cpu      ] GC(431) User=0.01s Sys=0.00s Real=0.01s
[344.512s][info][gc          ] GC(432) Concurrent Cycle
[344.512s][info][gc,marking  ] GC(432) Concurrent Clear Claimed Marks
[344.512s][info][gc,marking  ] GC(432) Concurrent Clear Claimed Marks 0.031ms
[344.512s][info][gc,marking  ] GC(432) Concurrent Scan Root Regions
[344.513s][info][gc,marking  ] GC(432) Concurrent Scan Root Regions 0.603ms
[344.513s][info][gc,marking  ] GC(432) Concurrent Mark (344.513s)
[344.513s][info][gc,marking  ] GC(432) Concurrent Mark From Roots
[344.513s][info][gc,task     ] GC(432) Using 2 workers of 2 for marking
[344.546s][info][gc,marking  ] GC(432) Concurrent Mark From Roots 32.465ms
[344.546s][info][gc,marking  ] GC(432) Concurrent Preclean
[344.546s][info][gc,marking  ] GC(432) Concurrent Preclean 0.069ms
[344.546s][info][gc,marking  ] GC(432) Concurrent Mark (344.513s, 344.546s) 32.596ms
[344.546s][info][gc,start    ] GC(432) Pause Remark
[344.547s][info][gc          ] GC(432) Pause Remark 46M->46M(85M) 1.450ms
[344.547s][info][gc,cpu      ] GC(432) User=0.01s Sys=0.00s Real=0.00s
[344.547s][info][gc,marking  ] GC(432) Concurrent Rebuild Remembered Sets
[344.569s][info][gc,marking  ] GC(432) Concurrent Rebuild Remembered Sets 21.416ms
[344.570s][info][gc,start    ] GC(432) Pause Cleanup
[344.570s][info][gc          ] GC(432) Pause Cleanup 50M->50M(85M) 0.104ms
[344.570s][info][gc,cpu      ] GC(432) User=0.00s Sys=0.00s Real=0.00s
[344.570s][info][gc,marking  ] GC(432) Concurrent Cleanup for Next Mark
[344.570s][info][gc,marking  ] GC(432) Concurrent Cleanup for Next Mark 0.139ms
[344.570s][info][gc          ] GC(432) Concurrent Cycle 57.875ms
[344.704s][info][gc,start    ] GC(433) Pause Young (Normal) (G1 Evacuation Pause)
[344.704s][info][gc,task     ] GC(433) Using 8 workers of 8 for evacuation
[344.705s][info][gc,phases   ] GC(433)   Pre Evacuate Collection Set: 0.0ms
[344.705s][info][gc,phases   ] GC(433)   Merge Heap Roots: 0.0ms
[344.705s][info][gc,phases   ] GC(433)   Evacuate Collection Set: 0.5ms
[344.705s][info][gc,phases   ] GC(433)   Post Evacuate Collection Set: 0.2ms
[344.705s][info][gc,phases   ] GC(433)   Other: 0.1ms
[344.705s][info][gc,heap     ] GC(433) Eden regions: 31->0(31)
[344.705s][info][gc,heap     ] GC(433) Survivor regions: 2->2(5)
[344.705s][info][gc,heap     ] GC(433) Old regions: 39->39
[344.705s][info][gc,heap     ] GC(433) Archive regions: 2->2
[344.705s][info][gc,heap     ] GC(433) Humongous regions: 0->0
[344.705s][info][gc,metaspace] GC(433) Metaspace: 50706K(51792K)->50706K(51792K) NonClass: 44580K(45392K)->44580K(45392K) Class: 6126K(6400K)->6126K(6400K)
[344.705s][info][gc          ] GC(433) Pause Young (Normal) (G1 Evacuation Pause) 71M->40M(85M) 0.986ms
[344.705s][info][gc,cpu      ] GC(433) User=0.00s Sys=0.00s Real=0.00s
[351.557s][info][gc,start    ] GC(434) Pause Young (Concurrent Start) (G1 Evacuation Pause)
[351.557s][info][gc,task     ] GC(434) Using 8 workers of 8 for evacuation
[351.558s][info][gc,phases   ] GC(434)   Pre Evacuate Collection Set: 0.1ms
[351.558s][info][gc,phases   ] GC(434)   Merge Heap Roots: 0.0ms
[351.558s][info][gc,phases   ] GC(434)   Evacuate Collection Set: 0.6ms
[351.558s][info][gc,phases   ] GC(434)   Post Evacuate Collection Set: 0.2ms
[351.558s][info][gc,phases   ] GC(434)   Other: 0.1ms
[351.558s][info][gc,heap     ] GC(434) Eden regions: 31->0(31)
[351.558s][info][gc,heap     ] GC(434) Survivor regions: 2->2(5)
[351.558s][info][gc,heap     ] GC(434) Old regions: 39->39
[351.558s][info][gc,heap     ] GC(434) Archive regions: 2->2
[351.558s][info][gc,heap     ] GC(434) Humongous regions: 0->0
[351.558s][info][gc,metaspace] GC(434) Metaspace: 50739K(51792K)->50739K(51792K) NonClass: 44607K(45392K)->44607K(45392K) Class: 6131K(6400K)->6131K(6400K)
[351.558s][info][gc          ] GC(434) Pause Young (Concurrent Start) (G1 Evacuation Pause) 71M->40M(85M) 1.061ms
[351.558s][info][gc,cpu      ] GC(434) User=0.00s Sys=0.00s Real=0.00s
[351.558s][info][gc          ] GC(435) Concurrent Cycle
[351.558s][info][gc,marking  ] GC(435) Concurrent Clear Claimed Marks
[351.558s][info][gc,marking  ] GC(435) Concurrent Clear Claimed Marks 0.024ms
[351.558s][info][gc,marking  ] GC(435) Concurrent Scan Root Regions
[351.559s][info][gc,marking  ] GC(435) Concurrent Scan Root Regions 0.517ms
[351.559s][info][gc,marking  ] GC(435) Concurrent Mark (351.559s)
[351.559s][info][gc,marking  ] GC(435) Concurrent Mark From Roots
[351.559s][info][gc,task     ] GC(435) Using 2 workers of 2 for marking
[351.579s][info][gc,marking  ] GC(435) Concurrent Mark From Roots 20.151ms
[351.579s][info][gc,marking  ] GC(435) Concurrent Preclean
[351.579s][info][gc,marking  ] GC(435) Concurrent Preclean 0.040ms
[351.579s][info][gc,marking  ] GC(435) Concurrent Mark (351.559s, 351.579s) 20.228ms
[351.579s][info][gc,start    ] GC(435) Pause Remark
[351.580s][info][gc          ] GC(435) Pause Remark 40M->40M(85M) 1.368ms
[351.580s][info][gc,cpu      ] GC(435) User=0.01s Sys=0.00s Real=0.00s
[351.580s][info][gc,marking  ] GC(435) Concurrent Rebuild Remembered Sets
[351.593s][info][gc,marking  ] GC(435) Concurrent Rebuild Remembered Sets 12.663ms
[351.594s][info][gc,start    ] GC(435) Pause Cleanup
[351.594s][info][gc          ] GC(435) Pause Cleanup 41M->41M(85M) 0.124ms
[351.594s][info][gc,cpu      ] GC(435) User=0.01s Sys=0.00s Real=0.00s
[351.594s][info][gc,marking  ] GC(435) Concurrent Cleanup for Next Mark
[351.594s][info][gc,marking  ] GC(435) Concurrent Cleanup for Next Mark 0.097ms
[351.594s][info][gc          ] GC(435) Concurrent Cycle 36.198ms
[531.769s][info][gc,start    ] GC(436) Pause Young (Normal) (G1 Evacuation Pause)
[531.769s][info][gc,task     ] GC(436) Using 8 workers of 8 for evacuation
[531.770s][info][gc,phases   ] GC(436)   Pre Evacuate Collection Set: 0.0ms
[531.770s][info][gc,phases   ] GC(436)   Merge Heap Roots: 0.0ms
[531.770s][info][gc,phases   ] GC(436)   Evacuate Collection Set: 0.4ms
[531.770s][info][gc,phases   ] GC(436)   Post Evacuate Collection Set: 0.3ms
[531.770s][info][gc,phases   ] GC(436)   Other: 0.1ms
[531.770s][info][gc,heap     ] GC(436) Eden regions: 31->0(31)
[531.770s][info][gc,heap     ] GC(436) Survivor regions: 2->2(5)
[531.770s][info][gc,heap     ] GC(436) Old regions: 39->39
[531.770s][info][gc,heap     ] GC(436) Archive regions: 2->2
[531.770s][info][gc,heap     ] GC(436) Humongous regions: 0->0
[531.770s][info][gc,metaspace] GC(436) Metaspace: 50787K(51792K)->50787K(51792K) NonClass: 44655K(45392K)->44655K(45392K) Class: 6132K(6400K)->6132K(6400K)
[531.770s][info][gc          ] GC(436) Pause Young (Normal) (G1 Evacuation Pause) 71M->40M(85M) 0.963ms
[531.770s][info][gc,cpu      ] GC(436) User=0.00s Sys=0.00s Real=0.00s
[695.773s][info][gc,start    ] GC(437) Pause Young (Concurrent Start) (G1 Evacuation Pause)
[695.773s][info][gc,task     ] GC(437) Using 8 workers of 8 for evacuation
[695.774s][info][gc,phases   ] GC(437)   Pre Evacuate Collection Set: 0.1ms
[695.774s][info][gc,phases   ] GC(437)   Merge Heap Roots: 0.0ms
[695.774s][info][gc,phases   ] GC(437)   Evacuate Collection Set: 0.6ms
[695.774s][info][gc,phases   ] GC(437)   Post Evacuate Collection Set: 0.2ms
[695.774s][info][gc,phases   ] GC(437)   Other: 0.1ms
[695.774s][info][gc,heap     ] GC(437) Eden regions: 31->0(33)
[695.774s][info][gc,heap     ] GC(437) Survivor regions: 2->1(5)
[695.774s][info][gc,heap     ] GC(437) Old regions: 39->39
[695.774s][info][gc,heap     ] GC(437) Archive regions: 2->2
[695.774s][info][gc,heap     ] GC(437) Humongous regions: 0->0
[695.774s][info][gc,metaspace] GC(437) Metaspace: 50788K(51792K)->50788K(51792K) NonClass: 44656K(45392K)->44656K(45392K) Class: 6132K(6400K)->6132K(6400K)
[695.774s][info][gc          ] GC(437) Pause Young (Concurrent Start) (G1 Evacuation Pause) 71M->40M(85M) 1.099ms
[695.774s][info][gc,cpu      ] GC(437) User=0.00s Sys=0.01s Real=0.00s
[695.774s][info][gc          ] GC(438) Concurrent Cycle
[695.774s][info][gc,marking  ] GC(438) Concurrent Clear Claimed Marks
[695.774s][info][gc,marking  ] GC(438) Concurrent Clear Claimed Marks 0.022ms
[695.774s][info][gc,marking  ] GC(438) Concurrent Scan Root Regions
[695.775s][info][gc,marking  ] GC(438) Concurrent Scan Root Regions 0.446ms
[695.775s][info][gc,marking  ] GC(438) Concurrent Mark (695.775s)
[695.775s][info][gc,marking  ] GC(438) Concurrent Mark From Roots
[695.775s][info][gc,task     ] GC(438) Using 2 workers of 2 for marking
[695.790s][info][gc,marking  ] GC(438) Concurrent Mark From Roots 15.606ms
[695.790s][info][gc,marking  ] GC(438) Concurrent Preclean
[695.791s][info][gc,marking  ] GC(438) Concurrent Preclean 0.271ms
[695.791s][info][gc,marking  ] GC(438) Concurrent Mark (695.775s, 695.791s) 15.941ms
[695.791s][info][gc,start    ] GC(438) Pause Remark
[695.795s][info][gc          ] GC(438) Pause Remark 40M->40M(85M) 4.422ms
[695.795s][info][gc,cpu      ] GC(438) User=0.03s Sys=0.00s Real=0.01s
[695.795s][info][gc,marking  ] GC(438) Concurrent Rebuild Remembered Sets
[695.807s][info][gc,marking  ] GC(438) Concurrent Rebuild Remembered Sets 11.269ms
[695.807s][info][gc,start    ] GC(438) Pause Cleanup
[695.807s][info][gc          ] GC(438) Pause Cleanup 40M->40M(85M) 0.081ms
[695.807s][info][gc,cpu      ] GC(438) User=0.00s Sys=0.00s Real=0.00s
[695.807s][info][gc,marking  ] GC(438) Concurrent Cleanup for Next Mark
[695.808s][info][gc,marking  ] GC(438) Concurrent Cleanup for Next Mark 0.095ms
[695.808s][info][gc          ] GC(438) Concurrent Cycle 33.364ms
[911.772s][info][gc,start    ] GC(439) Pause Young (Prepare Mixed) (G1 Evacuation Pause)
[911.772s][info][gc,task     ] GC(439) Using 8 workers of 8 for evacuation
[911.774s][info][gc,phases   ] GC(439)   Pre Evacuate Collection Set: 0.0ms
[911.774s][info][gc,phases   ] GC(439)   Merge Heap Roots: 0.0ms
[911.774s][info][gc,phases   ] GC(439)   Evacuate Collection Set: 1.2ms
[911.774s][info][gc,phases   ] GC(439)   Post Evacuate Collection Set: 0.4ms
[911.774s][info][gc,phases   ] GC(439)   Other: 0.2ms
[911.774s][info][gc,heap     ] GC(439) Eden regions: 33->0(3)
[911.774s][info][gc,heap     ] GC(439) Survivor regions: 1->1(5)
[911.774s][info][gc,heap     ] GC(439) Old regions: 39->39
[911.774s][info][gc,heap     ] GC(439) Archive regions: 2->2
[911.774s][info][gc,heap     ] GC(439) Humongous regions: 0->0
[911.774s][info][gc,metaspace] GC(439) Metaspace: 50571K(51792K)->50571K(51792K) NonClass: 44479K(45392K)->44479K(45392K) Class: 6092K(6400K)->6092K(6400K)
[911.774s][info][gc          ] GC(439) Pause Young (Prepare Mixed) (G1 Evacuation Pause) 73M->39M(85M) 2.002ms
[911.774s][info][gc,cpu      ] GC(439) User=0.01s Sys=0.00s Real=0.00s
[931.769s][info][gc,start    ] GC(440) Pause Young (Mixed) (G1 Evacuation Pause)
[931.769s][info][gc,task     ] GC(440) Using 8 workers of 8 for evacuation
[931.772s][info][gc,phases   ] GC(440)   Pre Evacuate Collection Set: 0.0ms
[931.772s][info][gc,phases   ] GC(440)   Merge Heap Roots: 0.0ms
[931.772s][info][gc,phases   ] GC(440)   Evacuate Collection Set: 2.8ms
[931.772s][info][gc,phases   ] GC(440)   Post Evacuate Collection Set: 0.4ms
[931.772s][info][gc,phases   ] GC(440)   Other: 0.1ms
[931.772s][info][gc,heap     ] GC(440) Eden regions: 3->0(36)
[931.772s][info][gc,heap     ] GC(440) Survivor regions: 1->1(1)
[931.772s][info][gc,heap     ] GC(440) Old regions: 39->36
[931.772s][info][gc,heap     ] GC(440) Archive regions: 2->2
[931.772s][info][gc,heap     ] GC(440) Humongous regions: 0->0
[931.772s][info][gc,metaspace] GC(440) Metaspace: 50572K(51792K)->50572K(51792K) NonClass: 44479K(45392K)->44479K(45392K) Class: 6092K(6400K)->6092K(6400K)
[931.772s][info][gc          ] GC(440) Pause Young (Mixed) (G1 Evacuation Pause) 42M->36M(85M) 3.549ms
[931.772s][info][gc,cpu      ] GC(440) User=0.02s Sys=0.00s Real=0.01s
[1168.772s][info][gc,start    ] GC(441) Pause Young (Normal) (G1 Evacuation Pause)
[1168.772s][info][gc,task     ] GC(441) Using 8 workers of 8 for evacuation
[1168.773s][info][gc,phases   ] GC(441)   Pre Evacuate Collection Set: 0.0ms
[1168.773s][info][gc,phases   ] GC(441)   Merge Heap Roots: 0.0ms
[1168.773s][info][gc,phases   ] GC(441)   Evacuate Collection Set: 0.6ms
[1168.773s][info][gc,phases   ] GC(441)   Post Evacuate Collection Set: 0.2ms
[1168.773s][info][gc,phases   ] GC(441)   Other: 0.1ms
[1168.773s][info][gc,heap     ] GC(441) Eden regions: 36->0(36)
[1168.773s][info][gc,heap     ] GC(441) Survivor regions: 1->1(5)
[1168.773s][info][gc,heap     ] GC(441) Old regions: 36->36
[1168.773s][info][gc,heap     ] GC(441) Archive regions: 2->2
[1168.773s][info][gc,heap     ] GC(441) Humongous regions: 0->0
[1168.773s][info][gc,metaspace] GC(441) Metaspace: 50575K(51792K)->50575K(51792K) NonClass: 44482K(45392K)->44482K(45392K) Class: 6093K(6400K)->6093K(6400K)
[1168.773s][info][gc          ] GC(441) Pause Young (Normal) (G1 Evacuation Pause) 72M->36M(85M) 1.104ms
[1168.773s][info][gc,cpu      ] GC(441) User=0.00s Sys=0.00s Real=0.00s
[1401.462s][info][gc,start    ] GC(442) Pause Young (Normal) (G1 Evacuation Pause)
[1401.462s][info][gc,task     ] GC(442) Using 8 workers of 8 for evacuation
[1401.464s][info][gc,phases   ] GC(442)   Pre Evacuate Collection Set: 0.0ms
[1401.464s][info][gc,phases   ] GC(442)   Merge Heap Roots: 0.0ms
[1401.464s][info][gc,phases   ] GC(442)   Evacuate Collection Set: 0.8ms
[1401.464s][info][gc,phases   ] GC(442)   Post Evacuate Collection Set: 0.2ms
[1401.464s][info][gc,phases   ] GC(442)   Other: 0.1ms
[1401.464s][info][gc,heap     ] GC(442) Eden regions: 36->0(36)
[1401.464s][info][gc,heap     ] GC(442) Survivor regions: 1->1(5)
[1401.464s][info][gc,heap     ] GC(442) Old regions: 36->36
[1401.464s][info][gc,heap     ] GC(442) Archive regions: 2->2
[1401.464s][info][gc,heap     ] GC(442) Humongous regions: 0->0
[1401.464s][info][gc,metaspace] GC(442) Metaspace: 50725K(52176K)->50725K(52176K) NonClass: 44608K(45648K)->44608K(45648K) Class: 6117K(6528K)->6117K(6528K)
[1401.464s][info][gc          ] GC(442) Pause Young (Normal) (G1 Evacuation Pause) 72M->36M(85M) 1.390ms
[1401.464s][info][gc,cpu      ] GC(442) User=0.01s Sys=0.00s Real=0.00s
[1401.523s][info][gc,heap,exit] Heap
[1401.523s][info][gc,heap,exit]  garbage-first heap   total 87040K, used 38424K [0x00000007e0000000, 0x0000000800000000)
[1401.523s][info][gc,heap,exit]   region size 1024K, 3 young (3072K), 1 survivors (1024K)
[1401.523s][info][gc,heap,exit]  Metaspace       used 50807K, capacity 51551K, committed 52176K, reserved 1095680K
[1401.523s][info][gc,heap,exit]   class space    used 6128K, capacity 6360K, committed 6528K, reserved 1048576K
