[0.007s][info][gc] Using G1
[0.009s][info][gc,init] Version: 15.0.1+9 (release)
[0.009s][info][gc,init] CPUs: 8 total, 8 available
[0.010s][info][gc,init] Memory: 32768M
[0.010s][info][gc,init] Large Page Support: Disabled
[0.010s][info][gc,init] NUMA Support: Disabled
[0.010s][info][gc,init] Compressed Oops: Enabled (Zero based)
[0.010s][info][gc,init] Heap Region Size: 1M
[0.010s][info][gc,init] Heap Min Capacity: 8M
[0.010s][info][gc,init] Heap Initial Capacity: 512M
[0.010s][info][gc,init] Heap Max Capacity: 512M
[0.010s][info][gc,init] Pre-touch: Disabled
[0.010s][info][gc,init] Parallel Workers: 8
[0.010s][info][gc,init] Concurrent Workers: 2
[0.010s][info][gc,init] Concurrent Refinement Workers: 8
[0.010s][info][gc,init] Periodic GC: Disabled
[0.010s][info][gc,cds ] Mark closed archive regions in map: [0x00000007fff00000, 0x00000007fff78ff8]
[0.010s][info][gc,cds ] Mark open archive regions in map: [0x00000007ffe00000, 0x00000007ffe50ff8]
[0.010s][info][gc,metaspace] CDS archive(s) mapped at: [0x0000000800000000-0x0000000800b2d000-0x0000000800b2d000), size 11718656, SharedBaseAddress: 0x0000000800000000, ArchiveRelocationMode: 0.
[0.010s][info][gc,metaspace] Compressed class space mapped at: 0x0000000800b30000-0x0000000840b30000, size: 1073741824
[0.010s][info][gc,metaspace] Narrow klass base: 0x0000000800000000, Narrow klass shift: 3, Narrow klass range: 0x100000000
[0.312s][info][gc,start    ] GC(0) Pause Young (Normal) (G1 Evacuation Pause)
[0.313s][info][gc,task     ] GC(0) Using 8 workers of 8 for evacuation
[0.315s][info][gc,phases   ] GC(0)   Pre Evacuate Collection Set: 0.1ms
[0.315s][info][gc,phases   ] GC(0)   Merge Heap Roots: 0.1ms
[0.315s][info][gc,phases   ] GC(0)   Evacuate Collection Set: 1.8ms
[0.315s][info][gc,phases   ] GC(0)   Post Evacuate Collection Set: 0.3ms
[0.315s][info][gc,phases   ] GC(0)   Other: 0.5ms
[0.315s][info][gc,heap     ] GC(0) Eden regions: 25->0(42)
[0.315s][info][gc,heap     ] GC(0) Survivor regions: 0->3(4)
[0.315s][info][gc,heap     ] GC(0) Old regions: 0->0
[0.315s][info][gc,heap     ] GC(0) Archive regions: 2->2
[0.315s][info][gc,heap     ] GC(0) Humongous regions: 0->0
[0.315s][info][gc,metaspace] GC(0) Metaspace: 3616K(6272K)->3616K(6272K) NonClass: 3263K(5632K)->3263K(5632K) Class: 352K(640K)->352K(640K)
[0.315s][info][gc          ] GC(0) Pause Young (Normal) (G1 Evacuation Pause) 25M->3M(512M) 2.790ms
[0.315s][info][gc,cpu      ] GC(0) User=0.01s Sys=0.00s Real=0.00s
[0.615s][info][gc,start    ] GC(1) Pause Young (Normal) (G1 Evacuation Pause)
[0.615s][info][gc,task     ] GC(1) Using 8 workers of 8 for evacuation
[0.619s][info][gc,phases   ] GC(1)   Pre Evacuate Collection Set: 0.1ms
[0.619s][info][gc,phases   ] GC(1)   Merge Heap Roots: 0.0ms
[0.619s][info][gc,phases   ] GC(1)   Evacuate Collection Set: 3.2ms
[0.619s][info][gc,phases   ] GC(1)   Post Evacuate Collection Set: 0.3ms
[0.619s][info][gc,phases   ] GC(1)   Other: 0.1ms
[0.619s][info][gc,heap     ] GC(1) Eden regions: 42->0(303)
[0.619s][info][gc,heap     ] GC(1) Survivor regions: 3->4(6)
[0.619s][info][gc,heap     ] GC(1) Old regions: 0->0
[0.619s][info][gc,heap     ] GC(1) Archive regions: 2->2
[0.619s][info][gc,heap     ] GC(1) Humongous regions: 0->0
[0.619s][info][gc,metaspace] GC(1) Metaspace: 7384K(8704K)->7384K(8704K) NonClass: 6491K(7680K)->6491K(7680K) Class: 893K(1024K)->893K(1024K)
[0.619s][info][gc          ] GC(1) Pause Young (Normal) (G1 Evacuation Pause) 45M->4M(512M) 3.896ms
[0.619s][info][gc,cpu      ] GC(1) User=0.02s Sys=0.00s Real=0.01s
[1.716s][info][gc,start    ] GC(2) Pause Young (Concurrent Start) (Metadata GC Threshold)
[1.716s][info][gc,task     ] GC(2) Using 8 workers of 8 for evacuation
[1.721s][info][gc,phases   ] GC(2)   Pre Evacuate Collection Set: 0.1ms
[1.721s][info][gc,phases   ] GC(2)   Merge Heap Roots: 0.0ms
[1.721s][info][gc,phases   ] GC(2)   Evacuate Collection Set: 4.5ms
[1.721s][info][gc,phases   ] GC(2)   Post Evacuate Collection Set: 0.8ms
[1.721s][info][gc,phases   ] GC(2)   Other: 0.2ms
[1.722s][info][gc,heap     ] GC(2) Eden regions: 227->0(298)
[1.722s][info][gc,heap     ] GC(2) Survivor regions: 4->9(39)
[1.722s][info][gc,heap     ] GC(2) Old regions: 0->0
[1.722s][info][gc,heap     ] GC(2) Archive regions: 2->2
[1.722s][info][gc,heap     ] GC(2) Humongous regions: 0->0
[1.722s][info][gc,metaspace] GC(2) Metaspace: 20681K(21248K)->20681K(21248K) NonClass: 18211K(18688K)->18211K(18688K) Class: 2470K(2560K)->2470K(2560K)
[1.722s][info][gc          ] GC(2) Pause Young (Concurrent Start) (Metadata GC Threshold) 230M->8M(512M) 5.817ms
[1.722s][info][gc,cpu      ] GC(2) User=0.03s Sys=0.01s Real=0.01s
[1.722s][info][gc          ] GC(3) Concurrent Cycle
[1.722s][info][gc,marking  ] GC(3) Concurrent Clear Claimed Marks
[1.722s][info][gc,marking  ] GC(3) Concurrent Clear Claimed Marks 0.018ms
[1.722s][info][gc,marking  ] GC(3) Concurrent Scan Root Regions
[1.725s][info][gc,marking  ] GC(3) Concurrent Scan Root Regions 2.845ms
[1.725s][info][gc,marking  ] GC(3) Concurrent Mark (1.725s)
[1.725s][info][gc,marking  ] GC(3) Concurrent Mark From Roots
[1.725s][info][gc,task     ] GC(3) Using 2 workers of 2 for marking
[1.725s][info][gc,marking  ] GC(3) Concurrent Mark From Roots 0.713ms
[1.725s][info][gc,marking  ] GC(3) Concurrent Preclean
[1.725s][info][gc,marking  ] GC(3) Concurrent Preclean 0.021ms
[1.725s][info][gc,marking  ] GC(3) Concurrent Mark (1.725s, 1.725s) 0.758ms
[1.725s][info][gc,start    ] GC(3) Pause Remark
[1.732s][info][gc          ] GC(3) Pause Remark 9M->9M(40M) 6.529ms
[1.732s][info][gc,cpu      ] GC(3) User=0.01s Sys=0.00s Real=0.01s
[1.732s][info][gc,marking  ] GC(3) Concurrent Rebuild Remembered Sets
[1.732s][info][gc,marking  ] GC(3) Concurrent Rebuild Remembered Sets 0.266ms
[1.732s][info][gc,start    ] GC(3) Pause Cleanup
[1.733s][info][gc          ] GC(3) Pause Cleanup 9M->9M(40M) 0.039ms
[1.733s][info][gc,cpu      ] GC(3) User=0.00s Sys=0.00s Real=0.00s
[1.733s][info][gc,marking  ] GC(3) Concurrent Cleanup for Next Mark
[1.733s][info][gc,marking  ] GC(3) Concurrent Cleanup for Next Mark 0.269ms
[1.733s][info][gc          ] GC(3) Concurrent Cycle 11.215ms
[1.883s][info][gc,start    ] GC(4) Pause Young (Normal) (G1 Evacuation Pause)
[1.883s][info][gc,task     ] GC(4) Using 5 workers of 8 for evacuation
[1.892s][info][gc,phases   ] GC(4)   Pre Evacuate Collection Set: 0.0ms
[1.892s][info][gc,phases   ] GC(4)   Merge Heap Roots: 0.0ms
[1.892s][info][gc,phases   ] GC(4)   Evacuate Collection Set: 8.3ms
[1.892s][info][gc,phases   ] GC(4)   Post Evacuate Collection Set: 0.6ms
[1.892s][info][gc,phases   ] GC(4)   Other: 0.1ms
[1.892s][info][gc,heap     ] GC(4) Eden regions: 15->0(19)
[1.892s][info][gc,heap     ] GC(4) Survivor regions: 9->2(3)
[1.892s][info][gc,heap     ] GC(4) Old regions: 0->8
[1.892s][info][gc,heap     ] GC(4) Archive regions: 2->2
[1.892s][info][gc,heap     ] GC(4) Humongous regions: 0->0
[1.892s][info][gc,metaspace] GC(4) Metaspace: 22697K(23420K)->22697K(23420K) NonClass: 19957K(20476K)->19957K(20476K) Class: 2739K(2944K)->2739K(2944K)
[1.892s][info][gc          ] GC(4) Pause Young (Normal) (G1 Evacuation Pause) 23M->10M(40M) 9.195ms
[1.892s][info][gc,cpu      ] GC(4) User=0.05s Sys=0.01s Real=0.01s
[2.064s][info][gc,start    ] GC(5) Pause Young (Normal) (G1 Evacuation Pause)
[2.064s][info][gc,task     ] GC(5) Using 8 workers of 8 for evacuation
[2.066s][info][gc,phases   ] GC(5)   Pre Evacuate Collection Set: 0.0ms
[2.066s][info][gc,phases   ] GC(5)   Merge Heap Roots: 0.0ms
[2.066s][info][gc,phases   ] GC(5)   Evacuate Collection Set: 1.5ms
[2.066s][info][gc,phases   ] GC(5)   Post Evacuate Collection Set: 0.2ms
[2.066s][info][gc,phases   ] GC(5)   Other: 0.1ms
[2.066s][info][gc,heap     ] GC(5) Eden regions: 19->0(19)
[2.066s][info][gc,heap     ] GC(5) Survivor regions: 2->3(3)
[2.066s][info][gc,heap     ] GC(5) Old regions: 8->8
[2.066s][info][gc,heap     ] GC(5) Archive regions: 2->2
[2.066s][info][gc,heap     ] GC(5) Humongous regions: 0->0
[2.066s][info][gc,metaspace] GC(5) Metaspace: 24834K(25724K)->24834K(25724K) NonClass: 21862K(22524K)->21862K(22524K) Class: 2972K(3200K)->2972K(3200K)
[2.066s][info][gc          ] GC(5) Pause Young (Normal) (G1 Evacuation Pause) 29M->10M(40M) 2.037ms
[2.066s][info][gc,cpu      ] GC(5) User=0.01s Sys=0.00s Real=0.00s
[2.205s][info][gc,start    ] GC(6) Pause Young (Normal) (G1 Evacuation Pause)
[2.205s][info][gc,task     ] GC(6) Using 8 workers of 8 for evacuation
[2.208s][info][gc,phases   ] GC(6)   Pre Evacuate Collection Set: 0.0ms
[2.208s][info][gc,phases   ] GC(6)   Merge Heap Roots: 0.0ms
[2.208s][info][gc,phases   ] GC(6)   Evacuate Collection Set: 2.6ms
[2.208s][info][gc,phases   ] GC(6)   Post Evacuate Collection Set: 0.2ms
[2.208s][info][gc,phases   ] GC(6)   Other: 0.1ms
[2.208s][info][gc,heap     ] GC(6) Eden regions: 19->0(19)
[2.208s][info][gc,heap     ] GC(6) Survivor regions: 3->2(3)
[2.208s][info][gc,heap     ] GC(6) Old regions: 8->9
[2.208s][info][gc,heap     ] GC(6) Archive regions: 2->2
[2.208s][info][gc,heap     ] GC(6) Humongous regions: 0->0
[2.208s][info][gc,metaspace] GC(6) Metaspace: 26137K(26876K)->26137K(26876K) NonClass: 23006K(23548K)->23006K(23548K) Class: 3131K(3328K)->3131K(3328K)
[2.208s][info][gc          ] GC(6) Pause Young (Normal) (G1 Evacuation Pause) 29M->11M(40M) 3.073ms
[2.208s][info][gc,cpu      ] GC(6) User=0.02s Sys=0.00s Real=0.01s
[2.383s][info][gc,start    ] GC(7) Pause Young (Normal) (G1 Evacuation Pause)
[2.383s][info][gc,task     ] GC(7) Using 8 workers of 8 for evacuation
[2.386s][info][gc,phases   ] GC(7)   Pre Evacuate Collection Set: 0.0ms
[2.386s][info][gc,phases   ] GC(7)   Merge Heap Roots: 0.0ms
[2.386s][info][gc,phases   ] GC(7)   Evacuate Collection Set: 2.7ms
[2.386s][info][gc,phases   ] GC(7)   Post Evacuate Collection Set: 0.3ms
[2.386s][info][gc,phases   ] GC(7)   Other: 0.1ms
[2.386s][info][gc,heap     ] GC(7) Eden regions: 19->0(17)
[2.386s][info][gc,heap     ] GC(7) Survivor regions: 2->3(3)
[2.386s][info][gc,heap     ] GC(7) Old regions: 9->10
[2.386s][info][gc,heap     ] GC(7) Archive regions: 2->2
[2.386s][info][gc,heap     ] GC(7) Humongous regions: 0->0
[2.386s][info][gc,metaspace] GC(7) Metaspace: 27396K(28284K)->27396K(28284K) NonClass: 24131K(24828K)->24131K(24828K) Class: 3264K(3456K)->3264K(3456K)
[2.386s][info][gc          ] GC(7) Pause Young (Normal) (G1 Evacuation Pause) 30M->12M(40M) 3.266ms
[2.386s][info][gc,cpu      ] GC(7) User=0.01s Sys=0.00s Real=0.00s
[2.507s][info][gc,start    ] GC(8) Pause Young (Normal) (G1 Evacuation Pause)
[2.507s][info][gc,task     ] GC(8) Using 8 workers of 8 for evacuation
[2.510s][info][gc,phases   ] GC(8)   Pre Evacuate Collection Set: 0.0ms
[2.510s][info][gc,phases   ] GC(8)   Merge Heap Roots: 0.0ms
[2.510s][info][gc,phases   ] GC(8)   Evacuate Collection Set: 2.2ms
[2.510s][info][gc,phases   ] GC(8)   Post Evacuate Collection Set: 0.3ms
[2.510s][info][gc,phases   ] GC(8)   Other: 0.1ms
[2.510s][info][gc,heap     ] GC(8) Eden regions: 17->0(17)
[2.510s][info][gc,heap     ] GC(8) Survivor regions: 3->3(3)
[2.510s][info][gc,heap     ] GC(8) Old regions: 10->11
[2.510s][info][gc,heap     ] GC(8) Archive regions: 2->2
[2.510s][info][gc,heap     ] GC(8) Humongous regions: 0->0
[2.510s][info][gc,metaspace] GC(8) Metaspace: 28516K(29436K)->28516K(29436K) NonClass: 25100K(25852K)->25100K(25852K) Class: 3415K(3584K)->3415K(3584K)
[2.510s][info][gc          ] GC(8) Pause Young (Normal) (G1 Evacuation Pause) 29M->13M(40M) 2.756ms
[2.510s][info][gc,cpu      ] GC(8) User=0.02s Sys=0.00s Real=0.01s
[2.679s][info][gc,start    ] GC(9) Pause Young (Normal) (G1 Evacuation Pause)
[2.679s][info][gc,task     ] GC(9) Using 8 workers of 8 for evacuation
[2.682s][info][gc,phases   ] GC(9)   Pre Evacuate Collection Set: 0.0ms
[2.682s][info][gc,phases   ] GC(9)   Merge Heap Roots: 0.0ms
[2.682s][info][gc,phases   ] GC(9)   Evacuate Collection Set: 1.9ms
[2.682s][info][gc,phases   ] GC(9)   Post Evacuate Collection Set: 0.2ms
[2.682s][info][gc,phases   ] GC(9)   Other: 0.1ms
[2.682s][info][gc,heap     ] GC(9) Eden regions: 17->0(17)
[2.682s][info][gc,heap     ] GC(9) Survivor regions: 3->2(3)
[2.682s][info][gc,heap     ] GC(9) Old regions: 11->12
[2.682s][info][gc,heap     ] GC(9) Archive regions: 2->2
[2.682s][info][gc,heap     ] GC(9) Humongous regions: 0->0
[2.682s][info][gc,metaspace] GC(9) Metaspace: 29498K(30332K)->29498K(30332K) NonClass: 25953K(26620K)->25953K(26620K) Class: 3545K(3712K)->3545K(3712K)
[2.682s][info][gc          ] GC(9) Pause Young (Normal) (G1 Evacuation Pause) 30M->14M(40M) 2.434ms
[2.682s][info][gc,cpu      ] GC(9) User=0.02s Sys=0.00s Real=0.00s
[2.772s][info][gc,start    ] GC(10) Pause Young (Normal) (G1 Evacuation Pause)
[2.772s][info][gc,task     ] GC(10) Using 8 workers of 8 for evacuation
[2.774s][info][gc,phases   ] GC(10)   Pre Evacuate Collection Set: 0.0ms
[2.774s][info][gc,phases   ] GC(10)   Merge Heap Roots: 0.0ms
[2.774s][info][gc,phases   ] GC(10)   Evacuate Collection Set: 1.2ms
[2.774s][info][gc,phases   ] GC(10)   Post Evacuate Collection Set: 0.2ms
[2.774s][info][gc,phases   ] GC(10)   Other: 0.1ms
[2.774s][info][gc,heap     ] GC(10) Eden regions: 17->0(17)
[2.774s][info][gc,heap     ] GC(10) Survivor regions: 2->2(3)
[2.774s][info][gc,heap     ] GC(10) Old regions: 12->12
[2.774s][info][gc,heap     ] GC(10) Archive regions: 2->2
[2.774s][info][gc,heap     ] GC(10) Humongous regions: 0->0
[2.774s][info][gc,metaspace] GC(10) Metaspace: 30510K(31484K)->30510K(31484K) NonClass: 26829K(27644K)->26829K(27644K) Class: 3680K(3840K)->3680K(3840K)
[2.774s][info][gc          ] GC(10) Pause Young (Normal) (G1 Evacuation Pause) 31M->14M(40M) 1.671ms
[2.774s][info][gc,cpu      ] GC(10) User=0.02s Sys=0.00s Real=0.00s
[2.904s][info][gc,start    ] GC(11) Pause Young (Normal) (G1 Evacuation Pause)
[2.904s][info][gc,task     ] GC(11) Using 8 workers of 8 for evacuation
[2.907s][info][gc,phases   ] GC(11)   Pre Evacuate Collection Set: 0.0ms
[2.907s][info][gc,phases   ] GC(11)   Merge Heap Roots: 0.0ms
[2.907s][info][gc,phases   ] GC(11)   Evacuate Collection Set: 2.3ms
[2.907s][info][gc,phases   ] GC(11)   Post Evacuate Collection Set: 0.4ms
[2.907s][info][gc,phases   ] GC(11)   Other: 0.1ms
[2.907s][info][gc,heap     ] GC(11) Eden regions: 17->0(16)
[2.907s][info][gc,heap     ] GC(11) Survivor regions: 2->2(3)
[2.907s][info][gc,heap     ] GC(11) Old regions: 12->13
[2.907s][info][gc,heap     ] GC(11) Archive regions: 2->2
[2.907s][info][gc,heap     ] GC(11) Humongous regions: 0->0
[2.907s][info][gc,metaspace] GC(11) Metaspace: 31734K(32764K)->31734K(32764K) NonClass: 27899K(28668K)->27899K(28668K) Class: 3835K(4096K)->3835K(4096K)
[2.907s][info][gc          ] GC(11) Pause Young (Normal) (G1 Evacuation Pause) 31M->15M(40M) 2.960ms
[2.907s][info][gc,cpu      ] GC(11) User=0.02s Sys=0.00s Real=0.00s
[3.027s][info][gc,start    ] GC(12) Pause Young (Normal) (G1 Evacuation Pause)
[3.027s][info][gc,task     ] GC(12) Using 8 workers of 8 for evacuation
[3.029s][info][gc,phases   ] GC(12)   Pre Evacuate Collection Set: 0.0ms
[3.029s][info][gc,phases   ] GC(12)   Merge Heap Roots: 0.0ms
[3.029s][info][gc,phases   ] GC(12)   Evacuate Collection Set: 1.5ms
[3.029s][info][gc,phases   ] GC(12)   Post Evacuate Collection Set: 0.3ms
[3.029s][info][gc,phases   ] GC(12)   Other: 0.1ms
[3.029s][info][gc,heap     ] GC(12) Eden regions: 16->0(17)
[3.029s][info][gc,heap     ] GC(12) Survivor regions: 2->2(3)
[3.029s][info][gc,heap     ] GC(12) Old regions: 13->13
[3.029s][info][gc,heap     ] GC(12) Archive regions: 2->2
[3.029s][info][gc,heap     ] GC(12) Humongous regions: 0->0
[3.029s][info][gc,metaspace] GC(12) Metaspace: 33024K(34044K)->33024K(34044K) NonClass: 28947K(29692K)->28947K(29692K) Class: 4076K(4352K)->4076K(4352K)
[3.029s][info][gc          ] GC(12) Pause Young (Normal) (G1 Evacuation Pause) 31M->15M(40M) 1.979ms
[3.029s][info][gc,cpu      ] GC(12) User=0.02s Sys=0.01s Real=0.01s
[3.082s][info][gc,start    ] GC(13) Pause Young (Normal) (G1 Evacuation Pause)
[3.082s][info][gc,task     ] GC(13) Using 8 workers of 8 for evacuation
[3.084s][info][gc,phases   ] GC(13)   Pre Evacuate Collection Set: 0.0ms
[3.084s][info][gc,phases   ] GC(13)   Merge Heap Roots: 0.0ms
[3.084s][info][gc,phases   ] GC(13)   Evacuate Collection Set: 1.4ms
[3.084s][info][gc,phases   ] GC(13)   Post Evacuate Collection Set: 0.2ms
[3.084s][info][gc,phases   ] GC(13)   Other: 0.1ms
[3.084s][info][gc,heap     ] GC(13) Eden regions: 17->0(16)
[3.084s][info][gc,heap     ] GC(13) Survivor regions: 2->2(3)
[3.084s][info][gc,heap     ] GC(13) Old regions: 13->14
[3.084s][info][gc,heap     ] GC(13) Archive regions: 2->2
[3.084s][info][gc,heap     ] GC(13) Humongous regions: 0->0
[3.084s][info][gc,metaspace] GC(13) Metaspace: 34008K(34940K)->34008K(34940K) NonClass: 29797K(30460K)->29797K(30460K) Class: 4210K(4480K)->4210K(4480K)
[3.084s][info][gc          ] GC(13) Pause Young (Normal) (G1 Evacuation Pause) 32M->15M(40M) 1.884ms
[3.084s][info][gc,cpu      ] GC(13) User=0.01s Sys=0.00s Real=0.00s
[3.141s][info][gc,start    ] GC(14) Pause Young (Concurrent Start) (Metadata GC Threshold)
[3.141s][info][gc,task     ] GC(14) Using 8 workers of 8 for evacuation
[3.144s][info][gc,phases   ] GC(14)   Pre Evacuate Collection Set: 0.1ms
[3.144s][info][gc,phases   ] GC(14)   Merge Heap Roots: 0.0ms
[3.144s][info][gc,phases   ] GC(14)   Evacuate Collection Set: 1.3ms
[3.144s][info][gc,phases   ] GC(14)   Post Evacuate Collection Set: 1.0ms
[3.144s][info][gc,phases   ] GC(14)   Other: 0.1ms
[3.144s][info][gc,heap     ] GC(14) Eden regions: 15->0(163)
[3.144s][info][gc,heap     ] GC(14) Survivor regions: 2->2(3)
[3.144s][info][gc,heap     ] GC(14) Old regions: 14->14
[3.144s][info][gc,heap     ] GC(14) Archive regions: 2->2
[3.144s][info][gc,heap     ] GC(14) Humongous regions: 0->0
[3.144s][info][gc,metaspace] GC(14) Metaspace: 35153K(36048K)->35153K(36048K) NonClass: 30800K(31440K)->30800K(31440K) Class: 4353K(4608K)->4353K(4608K)
[3.144s][info][gc          ] GC(14) Pause Young (Concurrent Start) (Metadata GC Threshold) 30M->16M(276M) 2.536ms
[3.144s][info][gc,cpu      ] GC(14) User=0.02s Sys=0.00s Real=0.00s
[3.144s][info][gc          ] GC(15) Concurrent Cycle
[3.144s][info][gc,marking  ] GC(15) Concurrent Clear Claimed Marks
[3.144s][info][gc,marking  ] GC(15) Concurrent Clear Claimed Marks 0.023ms
[3.144s][info][gc,marking  ] GC(15) Concurrent Scan Root Regions
[3.145s][info][gc,marking  ] GC(15) Concurrent Scan Root Regions 1.092ms
[3.145s][info][gc,marking  ] GC(15) Concurrent Mark (3.145s)
[3.145s][info][gc,marking  ] GC(15) Concurrent Mark From Roots
[3.145s][info][gc,task     ] GC(15) Using 2 workers of 2 for marking
[3.159s][info][gc,marking  ] GC(15) Concurrent Mark From Roots 13.857ms
[3.159s][info][gc,marking  ] GC(15) Concurrent Preclean
[3.159s][info][gc,marking  ] GC(15) Concurrent Preclean 0.065ms
[3.159s][info][gc,marking  ] GC(15) Concurrent Mark (3.145s, 3.159s) 13.967ms
[3.159s][info][gc,start    ] GC(15) Pause Remark
[3.161s][info][gc          ] GC(15) Pause Remark 19M->19M(74M) 1.870ms
[3.161s][info][gc,cpu      ] GC(15) User=0.01s Sys=0.01s Real=0.00s
[3.161s][info][gc,marking  ] GC(15) Concurrent Rebuild Remembered Sets
[3.170s][info][gc,marking  ] GC(15) Concurrent Rebuild Remembered Sets 8.970ms
[3.170s][info][gc,start    ] GC(15) Pause Cleanup
[3.170s][info][gc          ] GC(15) Pause Cleanup 21M->21M(74M) 0.060ms
[3.170s][info][gc,cpu      ] GC(15) User=0.00s Sys=0.00s Real=0.00s
[3.170s][info][gc,marking  ] GC(15) Concurrent Cleanup for Next Mark
[3.171s][info][gc,marking  ] GC(15) Concurrent Cleanup for Next Mark 0.348ms
[3.171s][info][gc          ] GC(15) Concurrent Cycle 26.832ms
[64.811s][info][gc,start    ] GC(16) Pause Young (Concurrent Start) (G1 Evacuation Pause)
[64.811s][info][gc,task     ] GC(16) Using 8 workers of 8 for evacuation
[64.814s][info][gc,phases   ] GC(16)   Pre Evacuate Collection Set: 0.1ms
[64.814s][info][gc,phases   ] GC(16)   Merge Heap Roots: 0.0ms
[64.814s][info][gc,phases   ] GC(16)   Evacuate Collection Set: 2.8ms
[64.814s][info][gc,phases   ] GC(16)   Post Evacuate Collection Set: 0.4ms
[64.814s][info][gc,phases   ] GC(16)   Other: 0.1ms
[64.814s][info][gc,heap     ] GC(16) Eden regions: 42->0(40)
[64.814s][info][gc,heap     ] GC(16) Survivor regions: 2->4(6)
[64.814s][info][gc,heap     ] GC(16) Old regions: 14->14
[64.814s][info][gc,heap     ] GC(16) Archive regions: 2->2
[64.814s][info][gc,heap     ] GC(16) Humongous regions: 0->0
[64.814s][info][gc,metaspace] GC(16) Metaspace: 40550K(41552K)->40550K(41552K) NonClass: 35561K(36304K)->35561K(36304K) Class: 4989K(5248K)->4989K(5248K)
[64.814s][info][gc          ] GC(16) Pause Young (Concurrent Start) (G1 Evacuation Pause) 58M->17M(74M) 3.650ms
[64.814s][info][gc,cpu      ] GC(16) User=0.02s Sys=0.00s Real=0.00s
[64.814s][info][gc          ] GC(17) Concurrent Cycle
[64.814s][info][gc,marking  ] GC(17) Concurrent Clear Claimed Marks
[64.814s][info][gc,marking  ] GC(17) Concurrent Clear Claimed Marks 0.044ms
[64.815s][info][gc,marking  ] GC(17) Concurrent Scan Root Regions
[64.817s][info][gc,marking  ] GC(17) Concurrent Scan Root Regions 2.450ms
[64.817s][info][gc,marking  ] GC(17) Concurrent Mark (64.817s)
[64.817s][info][gc,marking  ] GC(17) Concurrent Mark From Roots
[64.817s][info][gc,task     ] GC(17) Using 2 workers of 2 for marking
[64.830s][info][gc,marking  ] GC(17) Concurrent Mark From Roots 13.316ms
[64.830s][info][gc,marking  ] GC(17) Concurrent Preclean
[64.830s][info][gc,marking  ] GC(17) Concurrent Preclean 0.067ms
[64.830s][info][gc,marking  ] GC(17) Concurrent Mark (64.817s, 64.830s) 13.426ms
[64.831s][info][gc,start    ] GC(17) Pause Remark
[64.832s][info][gc          ] GC(17) Pause Remark 21M->21M(74M) 1.431ms
[64.832s][info][gc,cpu      ] GC(17) User=0.01s Sys=0.00s Real=0.00s
[64.832s][info][gc,marking  ] GC(17) Concurrent Rebuild Remembered Sets
[64.841s][info][gc,marking  ] GC(17) Concurrent Rebuild Remembered Sets 8.567ms
[64.841s][info][gc,start    ] GC(17) Pause Cleanup
[64.841s][info][gc          ] GC(17) Pause Cleanup 23M->23M(74M) 0.070ms
[64.841s][info][gc,cpu      ] GC(17) User=0.00s Sys=0.00s Real=0.00s
[64.841s][info][gc,marking  ] GC(17) Concurrent Cleanup for Next Mark
[64.841s][info][gc,marking  ] GC(17) Concurrent Cleanup for Next Mark 0.280ms
[64.841s][info][gc          ] GC(17) Concurrent Cycle 26.943ms
[64.965s][info][gc,start    ] GC(18) Pause Young (Normal) (G1 Evacuation Pause)
[64.966s][info][gc,task     ] GC(18) Using 8 workers of 8 for evacuation
[64.968s][info][gc,phases   ] GC(18)   Pre Evacuate Collection Set: 0.0ms
[64.968s][info][gc,phases   ] GC(18)   Merge Heap Roots: 0.0ms
[64.968s][info][gc,phases   ] GC(18)   Evacuate Collection Set: 2.2ms
[64.968s][info][gc,phases   ] GC(18)   Post Evacuate Collection Set: 0.3ms
[64.968s][info][gc,phases   ] GC(18)   Other: 0.1ms
[64.968s][info][gc,heap     ] GC(18) Eden regions: 40->0(40)
[64.968s][info][gc,heap     ] GC(18) Survivor regions: 4->4(6)
[64.968s][info][gc,heap     ] GC(18) Old regions: 14->14
[64.968s][info][gc,heap     ] GC(18) Archive regions: 2->2
[64.968s][info][gc,heap     ] GC(18) Humongous regions: 0->0
[64.968s][info][gc,metaspace] GC(18) Metaspace: 42907K(43984K)->42907K(43984K) NonClass: 37640K(38352K)->37640K(38352K) Class: 5266K(5632K)->5266K(5632K)
[64.968s][info][gc          ] GC(18) Pause Young (Normal) (G1 Evacuation Pause) 57M->18M(74M) 2.840ms
[64.968s][info][gc,cpu      ] GC(18) User=0.02s Sys=0.00s Real=0.01s
[65.519s][info][gc,start    ] GC(19) Pause Young (Normal) (G1 Evacuation Pause)
[65.519s][info][gc,task     ] GC(19) Using 8 workers of 8 for evacuation
[65.524s][info][gc,phases   ] GC(19)   Pre Evacuate Collection Set: 0.0ms
[65.524s][info][gc,phases   ] GC(19)   Merge Heap Roots: 0.0ms
[65.524s][info][gc,phases   ] GC(19)   Evacuate Collection Set: 4.0ms
[65.524s][info][gc,phases   ] GC(19)   Post Evacuate Collection Set: 0.4ms
[65.524s][info][gc,phases   ] GC(19)   Other: 0.1ms
[65.524s][info][gc,heap     ] GC(19) Eden regions: 40->0(30)
[65.524s][info][gc,heap     ] GC(19) Survivor regions: 4->6(6)
[65.524s][info][gc,heap     ] GC(19) Old regions: 14->22
[65.524s][info][gc,heap     ] GC(19) Archive regions: 2->2
[65.524s][info][gc,heap     ] GC(19) Humongous regions: 0->0
[65.524s][info][gc,metaspace] GC(19) Metaspace: 43988K(45008K)->43988K(45008K) NonClass: 38706K(39376K)->38706K(39376K) Class: 5282K(5632K)->5282K(5632K)
[65.524s][info][gc          ] GC(19) Pause Young (Normal) (G1 Evacuation Pause) 58M->27M(74M) 4.718ms
[65.524s][info][gc,cpu      ] GC(19) User=0.03s Sys=0.01s Real=0.00s
[65.849s][info][gc,start    ] GC(20) Pause Young (Normal) (G1 Evacuation Pause)
[65.849s][info][gc,task     ] GC(20) Using 8 workers of 8 for evacuation
[65.851s][info][gc,phases   ] GC(20)   Pre Evacuate Collection Set: 0.0ms
[65.851s][info][gc,phases   ] GC(20)   Merge Heap Roots: 0.0ms
[65.851s][info][gc,phases   ] GC(20)   Evacuate Collection Set: 1.6ms
[65.851s][info][gc,phases   ] GC(20)   Post Evacuate Collection Set: 0.2ms
[65.851s][info][gc,phases   ] GC(20)   Other: 0.1ms
[65.851s][info][gc,heap     ] GC(20) Eden regions: 30->0(30)
[65.851s][info][gc,heap     ] GC(20) Survivor regions: 6->1(5)
[65.851s][info][gc,heap     ] GC(20) Old regions: 22->28
[65.851s][info][gc,heap     ] GC(20) Archive regions: 2->2
[65.851s][info][gc,heap     ] GC(20) Humongous regions: 0->0
[65.851s][info][gc,metaspace] GC(20) Metaspace: 44049K(45264K)->44049K(45264K) NonClass: 38766K(39632K)->38766K(39632K) Class: 5282K(5632K)->5282K(5632K)
[65.851s][info][gc          ] GC(20) Pause Young (Normal) (G1 Evacuation Pause) 57M->28M(74M) 2.057ms
[65.851s][info][gc,cpu      ] GC(20) User=0.01s Sys=0.00s Real=0.00s
[66.117s][info][gc,start    ] GC(21) Pause Young (Normal) (G1 Evacuation Pause)
[66.117s][info][gc,task     ] GC(21) Using 8 workers of 8 for evacuation
[66.118s][info][gc,phases   ] GC(21)   Pre Evacuate Collection Set: 0.1ms
[66.118s][info][gc,phases   ] GC(21)   Merge Heap Roots: 0.0ms
[66.118s][info][gc,phases   ] GC(21)   Evacuate Collection Set: 0.5ms
[66.118s][info][gc,phases   ] GC(21)   Post Evacuate Collection Set: 0.2ms
[66.118s][info][gc,phases   ] GC(21)   Other: 0.1ms
[66.118s][info][gc,heap     ] GC(21) Eden regions: 30->0(30)
[66.118s][info][gc,heap     ] GC(21) Survivor regions: 1->1(4)
[66.118s][info][gc,heap     ] GC(21) Old regions: 28->28
[66.118s][info][gc,heap     ] GC(21) Archive regions: 2->2
[66.118s][info][gc,heap     ] GC(21) Humongous regions: 0->0
[66.118s][info][gc,metaspace] GC(21) Metaspace: 44103K(45264K)->44103K(45264K) NonClass: 38820K(39632K)->38820K(39632K) Class: 5282K(5632K)->5282K(5632K)
[66.118s][info][gc          ] GC(21) Pause Young (Normal) (G1 Evacuation Pause) 58M->28M(74M) 0.943ms
[66.118s][info][gc,cpu      ] GC(21) User=0.01s Sys=0.00s Real=0.01s
[66.355s][info][gc,start    ] GC(22) Pause Young (Normal) (G1 Evacuation Pause)
[66.355s][info][gc,task     ] GC(22) Using 8 workers of 8 for evacuation
[66.356s][info][gc,phases   ] GC(22)   Pre Evacuate Collection Set: 0.1ms
[66.356s][info][gc,phases   ] GC(22)   Merge Heap Roots: 0.0ms
[66.356s][info][gc,phases   ] GC(22)   Evacuate Collection Set: 0.5ms
[66.356s][info][gc,phases   ] GC(22)   Post Evacuate Collection Set: 0.2ms
[66.356s][info][gc,phases   ] GC(22)   Other: 0.1ms
[66.356s][info][gc,heap     ] GC(22) Eden regions: 30->0(31)
[66.356s][info][gc,heap     ] GC(22) Survivor regions: 1->1(4)
[66.356s][info][gc,heap     ] GC(22) Old regions: 28->28
[66.356s][info][gc,heap     ] GC(22) Archive regions: 2->2
[66.356s][info][gc,heap     ] GC(22) Humongous regions: 0->0
[66.356s][info][gc,metaspace] GC(22) Metaspace: 44157K(45264K)->44157K(45264K) NonClass: 38874K(39632K)->38874K(39632K) Class: 5282K(5632K)->5282K(5632K)
[66.356s][info][gc          ] GC(22) Pause Young (Normal) (G1 Evacuation Pause) 58M->28M(74M) 1.002ms
[66.356s][info][gc,cpu      ] GC(22) User=0.00s Sys=0.00s Real=0.00s
[66.571s][info][gc,start    ] GC(23) Pause Young (Normal) (G1 Evacuation Pause)
[66.571s][info][gc,task     ] GC(23) Using 8 workers of 8 for evacuation
[66.572s][info][gc,phases   ] GC(23)   Pre Evacuate Collection Set: 0.0ms
[66.572s][info][gc,phases   ] GC(23)   Merge Heap Roots: 0.0ms
[66.572s][info][gc,phases   ] GC(23)   Evacuate Collection Set: 0.4ms
[66.572s][info][gc,phases   ] GC(23)   Post Evacuate Collection Set: 0.2ms
[66.572s][info][gc,phases   ] GC(23)   Other: 0.1ms
[66.572s][info][gc,heap     ] GC(23) Eden regions: 31->0(31)
[66.572s][info][gc,heap     ] GC(23) Survivor regions: 1->1(4)
[66.572s][info][gc,heap     ] GC(23) Old regions: 28->28
[66.572s][info][gc,heap     ] GC(23) Archive regions: 2->2
[66.572s][info][gc,heap     ] GC(23) Humongous regions: 0->0
[66.572s][info][gc,metaspace] GC(23) Metaspace: 44189K(45264K)->44189K(45264K) NonClass: 38905K(39632K)->38905K(39632K) Class: 5283K(5632K)->5283K(5632K)
[66.572s][info][gc          ] GC(23) Pause Young (Normal) (G1 Evacuation Pause) 59M->28M(74M) 0.840ms
[66.572s][info][gc,cpu      ] GC(23) User=0.01s Sys=0.00s Real=0.00s
[66.785s][info][gc,start    ] GC(24) Pause Young (Normal) (G1 Evacuation Pause)
[66.785s][info][gc,task     ] GC(24) Using 8 workers of 8 for evacuation
[66.786s][info][gc,phases   ] GC(24)   Pre Evacuate Collection Set: 0.1ms
[66.786s][info][gc,phases   ] GC(24)   Merge Heap Roots: 0.0ms
[66.786s][info][gc,phases   ] GC(24)   Evacuate Collection Set: 0.4ms
[66.786s][info][gc,phases   ] GC(24)   Post Evacuate Collection Set: 0.2ms
[66.786s][info][gc,phases   ] GC(24)   Other: 0.1ms
[66.786s][info][gc,heap     ] GC(24) Eden regions: 31->0(32)
[66.786s][info][gc,heap     ] GC(24) Survivor regions: 1->1(4)
[66.786s][info][gc,heap     ] GC(24) Old regions: 28->28
[66.786s][info][gc,heap     ] GC(24) Archive regions: 2->2
[66.786s][info][gc,heap     ] GC(24) Humongous regions: 0->0
[66.786s][info][gc,metaspace] GC(24) Metaspace: 44192K(45264K)->44192K(45264K) NonClass: 38908K(39632K)->38908K(39632K) Class: 5283K(5632K)->5283K(5632K)
[66.786s][info][gc          ] GC(24) Pause Young (Normal) (G1 Evacuation Pause) 59M->28M(74M) 0.876ms
[66.786s][info][gc,cpu      ] GC(24) User=0.01s Sys=0.00s Real=0.00s
[66.995s][info][gc,start    ] GC(25) Pause Young (Normal) (G1 Evacuation Pause)
[66.995s][info][gc,task     ] GC(25) Using 8 workers of 8 for evacuation
[66.996s][info][gc,phases   ] GC(25)   Pre Evacuate Collection Set: 0.0ms
[66.996s][info][gc,phases   ] GC(25)   Merge Heap Roots: 0.0ms
[66.996s][info][gc,phases   ] GC(25)   Evacuate Collection Set: 0.5ms
[66.996s][info][gc,phases   ] GC(25)   Post Evacuate Collection Set: 0.2ms
[66.996s][info][gc,phases   ] GC(25)   Other: 0.1ms
[66.996s][info][gc,heap     ] GC(25) Eden regions: 32->0(32)
[66.996s][info][gc,heap     ] GC(25) Survivor regions: 1->1(5)
[66.996s][info][gc,heap     ] GC(25) Old regions: 28->28
[66.996s][info][gc,heap     ] GC(25) Archive regions: 2->2
[66.996s][info][gc,heap     ] GC(25) Humongous regions: 0->0
[66.996s][info][gc,metaspace] GC(25) Metaspace: 44200K(45264K)->44200K(45264K) NonClass: 38915K(39632K)->38915K(39632K) Class: 5284K(5632K)->5284K(5632K)
[66.996s][info][gc          ] GC(25) Pause Young (Normal) (G1 Evacuation Pause) 60M->28M(74M) 0.988ms
[66.996s][info][gc,cpu      ] GC(25) User=0.01s Sys=0.00s Real=0.00s
[67.221s][info][gc,start    ] GC(26) Pause Young (Normal) (G1 Evacuation Pause)
[67.221s][info][gc,task     ] GC(26) Using 8 workers of 8 for evacuation
[67.222s][info][gc,phases   ] GC(26)   Pre Evacuate Collection Set: 0.0ms
[67.222s][info][gc,phases   ] GC(26)   Merge Heap Roots: 0.0ms
[67.222s][info][gc,phases   ] GC(26)   Evacuate Collection Set: 0.5ms
[67.222s][info][gc,phases   ] GC(26)   Post Evacuate Collection Set: 0.2ms
[67.222s][info][gc,phases   ] GC(26)   Other: 0.2ms
[67.222s][info][gc,heap     ] GC(26) Eden regions: 32->0(33)
[67.222s][info][gc,heap     ] GC(26) Survivor regions: 1->1(5)
[67.222s][info][gc,heap     ] GC(26) Old regions: 28->28
[67.222s][info][gc,heap     ] GC(26) Archive regions: 2->2
[67.222s][info][gc,heap     ] GC(26) Humongous regions: 0->0
[67.222s][info][gc,metaspace] GC(26) Metaspace: 44203K(45264K)->44203K(45264K) NonClass: 38918K(39632K)->38918K(39632K) Class: 5285K(5632K)->5285K(5632K)
[67.222s][info][gc          ] GC(26) Pause Young (Normal) (G1 Evacuation Pause) 60M->28M(74M) 1.064ms
[67.222s][info][gc,cpu      ] GC(26) User=0.00s Sys=0.00s Real=0.00s
[67.429s][info][gc,start    ] GC(27) Pause Young (Normal) (G1 Evacuation Pause)
[67.429s][info][gc,task     ] GC(27) Using 8 workers of 8 for evacuation
[67.430s][info][gc,phases   ] GC(27)   Pre Evacuate Collection Set: 0.1ms
[67.430s][info][gc,phases   ] GC(27)   Merge Heap Roots: 0.0ms
[67.430s][info][gc,phases   ] GC(27)   Evacuate Collection Set: 0.6ms
[67.430s][info][gc,phases   ] GC(27)   Post Evacuate Collection Set: 0.2ms
[67.430s][info][gc,phases   ] GC(27)   Other: 0.1ms
[67.430s][info][gc,heap     ] GC(27) Eden regions: 33->0(33)
[67.430s][info][gc,heap     ] GC(27) Survivor regions: 1->1(5)
[67.430s][info][gc,heap     ] GC(27) Old regions: 28->28
[67.430s][info][gc,heap     ] GC(27) Archive regions: 2->2
[67.430s][info][gc,heap     ] GC(27) Humongous regions: 0->0
[67.430s][info][gc,metaspace] GC(27) Metaspace: 44204K(45264K)->44204K(45264K) NonClass: 38919K(39632K)->38919K(39632K) Class: 5285K(5632K)->5285K(5632K)
[67.430s][info][gc          ] GC(27) Pause Young (Normal) (G1 Evacuation Pause) 61M->28M(74M) 1.134ms
[67.430s][info][gc,cpu      ] GC(27) User=0.01s Sys=0.00s Real=0.00s
[67.643s][info][gc,start    ] GC(28) Pause Young (Normal) (G1 Evacuation Pause)
[67.643s][info][gc,task     ] GC(28) Using 8 workers of 8 for evacuation
[67.644s][info][gc,phases   ] GC(28)   Pre Evacuate Collection Set: 0.0ms
[67.644s][info][gc,phases   ] GC(28)   Merge Heap Roots: 0.0ms
[67.644s][info][gc,phases   ] GC(28)   Evacuate Collection Set: 0.5ms
[67.644s][info][gc,phases   ] GC(28)   Post Evacuate Collection Set: 0.2ms
[67.644s][info][gc,phases   ] GC(28)   Other: 0.1ms
[67.644s][info][gc,heap     ] GC(28) Eden regions: 33->0(33)
[67.644s][info][gc,heap     ] GC(28) Survivor regions: 1->1(5)
[67.644s][info][gc,heap     ] GC(28) Old regions: 28->28
[67.644s][info][gc,heap     ] GC(28) Archive regions: 2->2
[67.644s][info][gc,heap     ] GC(28) Humongous regions: 0->0
[67.644s][info][gc,metaspace] GC(28) Metaspace: 44206K(45264K)->44206K(45264K) NonClass: 38920K(39632K)->38920K(39632K) Class: 5285K(5632K)->5285K(5632K)
[67.644s][info][gc          ] GC(28) Pause Young (Normal) (G1 Evacuation Pause) 61M->28M(74M) 0.906ms
[67.644s][info][gc,cpu      ] GC(28) User=0.00s Sys=0.00s Real=0.00s
[67.851s][info][gc,start    ] GC(29) Pause Young (Normal) (G1 Evacuation Pause)
[67.851s][info][gc,task     ] GC(29) Using 8 workers of 8 for evacuation
[67.852s][info][gc,phases   ] GC(29)   Pre Evacuate Collection Set: 0.0ms
[67.852s][info][gc,phases   ] GC(29)   Merge Heap Roots: 0.0ms
[67.852s][info][gc,phases   ] GC(29)   Evacuate Collection Set: 0.4ms
[67.852s][info][gc,phases   ] GC(29)   Post Evacuate Collection Set: 0.2ms
[67.852s][info][gc,phases   ] GC(29)   Other: 0.2ms
[67.852s][info][gc,heap     ] GC(29) Eden regions: 33->0(33)
[67.852s][info][gc,heap     ] GC(29) Survivor regions: 1->1(5)
[67.852s][info][gc,heap     ] GC(29) Old regions: 28->28
[67.852s][info][gc,heap     ] GC(29) Archive regions: 2->2
[67.852s][info][gc,heap     ] GC(29) Humongous regions: 0->0
[67.852s][info][gc,metaspace] GC(29) Metaspace: 44213K(45264K)->44213K(45264K) NonClass: 38927K(39632K)->38927K(39632K) Class: 5285K(5632K)->5285K(5632K)
[67.852s][info][gc          ] GC(29) Pause Young (Normal) (G1 Evacuation Pause) 61M->28M(74M) 0.959ms
[67.852s][info][gc,cpu      ] GC(29) User=0.01s Sys=0.00s Real=0.00s
[68.076s][info][gc,start    ] GC(30) Pause Young (Normal) (G1 Evacuation Pause)
[68.076s][info][gc,task     ] GC(30) Using 8 workers of 8 for evacuation
[68.077s][info][gc,phases   ] GC(30)   Pre Evacuate Collection Set: 0.0ms
[68.077s][info][gc,phases   ] GC(30)   Merge Heap Roots: 0.0ms
[68.077s][info][gc,phases   ] GC(30)   Evacuate Collection Set: 0.4ms
[68.077s][info][gc,phases   ] GC(30)   Post Evacuate Collection Set: 0.2ms
[68.077s][info][gc,phases   ] GC(30)   Other: 0.1ms
[68.077s][info][gc,heap     ] GC(30) Eden regions: 33->0(33)
[68.077s][info][gc,heap     ] GC(30) Survivor regions: 1->1(5)
[68.077s][info][gc,heap     ] GC(30) Old regions: 28->28
[68.077s][info][gc,heap     ] GC(30) Archive regions: 2->2
[68.077s][info][gc,heap     ] GC(30) Humongous regions: 0->0
[68.077s][info][gc,metaspace] GC(30) Metaspace: 44220K(45264K)->44220K(45264K) NonClass: 38934K(39632K)->38934K(39632K) Class: 5285K(5632K)->5285K(5632K)
[68.077s][info][gc          ] GC(30) Pause Young (Normal) (G1 Evacuation Pause) 61M->28M(74M) 0.912ms
[68.077s][info][gc,cpu      ] GC(30) User=0.01s Sys=0.00s Real=0.00s
[68.257s][info][gc,start    ] GC(31) Pause Young (Normal) (G1 Evacuation Pause)
[68.257s][info][gc,task     ] GC(31) Using 8 workers of 8 for evacuation
[68.258s][info][gc,phases   ] GC(31)   Pre Evacuate Collection Set: 0.0ms
[68.258s][info][gc,phases   ] GC(31)   Merge Heap Roots: 0.0ms
[68.258s][info][gc,phases   ] GC(31)   Evacuate Collection Set: 0.7ms
[68.258s][info][gc,phases   ] GC(31)   Post Evacuate Collection Set: 0.2ms
[68.258s][info][gc,phases   ] GC(31)   Other: 0.2ms
[68.258s][info][gc,heap     ] GC(31) Eden regions: 33->0(32)
[68.258s][info][gc,heap     ] GC(31) Survivor regions: 1->2(5)
[68.258s][info][gc,heap     ] GC(31) Old regions: 28->28
[68.258s][info][gc,heap     ] GC(31) Archive regions: 2->2
[68.258s][info][gc,heap     ] GC(31) Humongous regions: 0->0
[68.258s][info][gc,metaspace] GC(31) Metaspace: 44225K(45264K)->44225K(45264K) NonClass: 38939K(39632K)->38939K(39632K) Class: 5286K(5632K)->5286K(5632K)
[68.258s][info][gc          ] GC(31) Pause Young (Normal) (G1 Evacuation Pause) 61M->28M(74M) 1.152ms
[68.258s][info][gc,cpu      ] GC(31) User=0.00s Sys=0.00s Real=0.01s
[68.442s][info][gc,start    ] GC(32) Pause Young (Normal) (G1 Evacuation Pause)
[68.442s][info][gc,task     ] GC(32) Using 8 workers of 8 for evacuation
[68.442s][info][gc,phases   ] GC(32)   Pre Evacuate Collection Set: 0.1ms
[68.442s][info][gc,phases   ] GC(32)   Merge Heap Roots: 0.0ms
[68.442s][info][gc,phases   ] GC(32)   Evacuate Collection Set: 0.5ms
[68.442s][info][gc,phases   ] GC(32)   Post Evacuate Collection Set: 0.2ms
[68.443s][info][gc,phases   ] GC(32)   Other: 0.2ms
[68.443s][info][gc,heap     ] GC(32) Eden regions: 32->0(32)
[68.443s][info][gc,heap     ] GC(32) Survivor regions: 2->2(5)
[68.443s][info][gc,heap     ] GC(32) Old regions: 28->28
[68.443s][info][gc,heap     ] GC(32) Archive regions: 2->2
[68.443s][info][gc,heap     ] GC(32) Humongous regions: 0->0
[68.443s][info][gc,metaspace] GC(32) Metaspace: 44228K(45264K)->44228K(45264K) NonClass: 38942K(39632K)->38942K(39632K) Class: 5286K(5632K)->5286K(5632K)
[68.443s][info][gc          ] GC(32) Pause Young (Normal) (G1 Evacuation Pause) 60M->28M(74M) 0.998ms
[68.443s][info][gc,cpu      ] GC(32) User=0.01s Sys=0.00s Real=0.00s
[68.603s][info][gc,start    ] GC(33) Pause Young (Normal) (G1 Evacuation Pause)
[68.603s][info][gc,task     ] GC(33) Using 8 workers of 8 for evacuation
[68.604s][info][gc,phases   ] GC(33)   Pre Evacuate Collection Set: 0.0ms
[68.604s][info][gc,phases   ] GC(33)   Merge Heap Roots: 0.0ms
[68.604s][info][gc,phases   ] GC(33)   Evacuate Collection Set: 0.6ms
[68.604s][info][gc,phases   ] GC(33)   Post Evacuate Collection Set: 0.2ms
[68.604s][info][gc,phases   ] GC(33)   Other: 0.1ms
[68.604s][info][gc,heap     ] GC(33) Eden regions: 32->0(32)
[68.604s][info][gc,heap     ] GC(33) Survivor regions: 2->2(5)
[68.604s][info][gc,heap     ] GC(33) Old regions: 28->28
[68.604s][info][gc,heap     ] GC(33) Archive regions: 2->2
[68.604s][info][gc,heap     ] GC(33) Humongous regions: 0->0
[68.604s][info][gc,metaspace] GC(33) Metaspace: 44233K(45264K)->44233K(45264K) NonClass: 38946K(39632K)->38946K(39632K) Class: 5287K(5632K)->5287K(5632K)
[68.604s][info][gc          ] GC(33) Pause Young (Normal) (G1 Evacuation Pause) 60M->28M(74M) 1.038ms
[68.604s][info][gc,cpu      ] GC(33) User=0.01s Sys=0.00s Real=0.00s
[68.753s][info][gc,start    ] GC(34) Pause Young (Normal) (G1 Evacuation Pause)
[68.753s][info][gc,task     ] GC(34) Using 8 workers of 8 for evacuation
[68.754s][info][gc,phases   ] GC(34)   Pre Evacuate Collection Set: 0.0ms
[68.754s][info][gc,phases   ] GC(34)   Merge Heap Roots: 0.0ms
[68.754s][info][gc,phases   ] GC(34)   Evacuate Collection Set: 0.6ms
[68.754s][info][gc,phases   ] GC(34)   Post Evacuate Collection Set: 0.2ms
[68.754s][info][gc,phases   ] GC(34)   Other: 0.1ms
[68.754s][info][gc,heap     ] GC(34) Eden regions: 32->0(32)
[68.754s][info][gc,heap     ] GC(34) Survivor regions: 2->2(5)
[68.754s][info][gc,heap     ] GC(34) Old regions: 28->28
[68.754s][info][gc,heap     ] GC(34) Archive regions: 2->2
[68.754s][info][gc,heap     ] GC(34) Humongous regions: 0->0
[68.754s][info][gc,metaspace] GC(34) Metaspace: 44233K(45264K)->44233K(45264K) NonClass: 38946K(39632K)->38946K(39632K) Class: 5287K(5632K)->5287K(5632K)
[68.754s][info][gc          ] GC(34) Pause Young (Normal) (G1 Evacuation Pause) 60M->28M(74M) 1.007ms
[68.754s][info][gc,cpu      ] GC(34) User=0.01s Sys=0.00s Real=0.00s
[68.885s][info][gc,start    ] GC(35) Pause Young (Normal) (G1 Evacuation Pause)
[68.885s][info][gc,task     ] GC(35) Using 8 workers of 8 for evacuation
[68.886s][info][gc,phases   ] GC(35)   Pre Evacuate Collection Set: 0.0ms
[68.886s][info][gc,phases   ] GC(35)   Merge Heap Roots: 0.0ms
[68.886s][info][gc,phases   ] GC(35)   Evacuate Collection Set: 0.5ms
[68.886s][info][gc,phases   ] GC(35)   Post Evacuate Collection Set: 0.2ms
[68.886s][info][gc,phases   ] GC(35)   Other: 0.2ms
[68.886s][info][gc,heap     ] GC(35) Eden regions: 32->0(32)
[68.886s][info][gc,heap     ] GC(35) Survivor regions: 2->2(5)
[68.886s][info][gc,heap     ] GC(35) Old regions: 28->28
[68.886s][info][gc,heap     ] GC(35) Archive regions: 2->2
[68.886s][info][gc,heap     ] GC(35) Humongous regions: 0->0
[68.886s][info][gc,metaspace] GC(35) Metaspace: 44234K(45264K)->44234K(45264K) NonClass: 38947K(39632K)->38947K(39632K) Class: 5287K(5632K)->5287K(5632K)
[68.886s][info][gc          ] GC(35) Pause Young (Normal) (G1 Evacuation Pause) 60M->28M(74M) 1.067ms
[68.886s][info][gc,cpu      ] GC(35) User=0.01s Sys=0.00s Real=0.00s
[69.063s][info][gc,start    ] GC(36) Pause Young (Normal) (G1 Evacuation Pause)
[69.063s][info][gc,task     ] GC(36) Using 8 workers of 8 for evacuation
[69.064s][info][gc,phases   ] GC(36)   Pre Evacuate Collection Set: 0.1ms
[69.064s][info][gc,phases   ] GC(36)   Merge Heap Roots: 0.0ms
[69.064s][info][gc,phases   ] GC(36)   Evacuate Collection Set: 0.5ms
[69.064s][info][gc,phases   ] GC(36)   Post Evacuate Collection Set: 0.2ms
[69.064s][info][gc,phases   ] GC(36)   Other: 0.1ms
[69.064s][info][gc,heap     ] GC(36) Eden regions: 32->0(33)
[69.064s][info][gc,heap     ] GC(36) Survivor regions: 2->1(5)
[69.064s][info][gc,heap     ] GC(36) Old regions: 28->29
[69.064s][info][gc,heap     ] GC(36) Archive regions: 2->2
[69.064s][info][gc,heap     ] GC(36) Humongous regions: 0->0
[69.064s][info][gc,metaspace] GC(36) Metaspace: 44235K(45264K)->44235K(45264K) NonClass: 38948K(39632K)->38948K(39632K) Class: 5287K(5632K)->5287K(5632K)
[69.064s][info][gc          ] GC(36) Pause Young (Normal) (G1 Evacuation Pause) 60M->28M(74M) 0.970ms
[69.064s][info][gc,cpu      ] GC(36) User=0.00s Sys=0.00s Real=0.00s
[69.273s][info][gc,start    ] GC(37) Pause Young (Normal) (G1 Evacuation Pause)
[69.273s][info][gc,task     ] GC(37) Using 8 workers of 8 for evacuation
[69.274s][info][gc,phases   ] GC(37)   Pre Evacuate Collection Set: 0.0ms
[69.274s][info][gc,phases   ] GC(37)   Merge Heap Roots: 0.0ms
[69.274s][info][gc,phases   ] GC(37)   Evacuate Collection Set: 0.4ms
[69.274s][info][gc,phases   ] GC(37)   Post Evacuate Collection Set: 0.2ms
[69.274s][info][gc,phases   ] GC(37)   Other: 0.1ms
[69.274s][info][gc,heap     ] GC(37) Eden regions: 33->0(33)
[69.274s][info][gc,heap     ] GC(37) Survivor regions: 1->1(5)
[69.274s][info][gc,heap     ] GC(37) Old regions: 29->29
[69.274s][info][gc,heap     ] GC(37) Archive regions: 2->2
[69.274s][info][gc,heap     ] GC(37) Humongous regions: 0->0
[69.274s][info][gc,metaspace] GC(37) Metaspace: 44237K(45264K)->44237K(45264K) NonClass: 38950K(39632K)->38950K(39632K) Class: 5287K(5632K)->5287K(5632K)
[69.274s][info][gc          ] GC(37) Pause Young (Normal) (G1 Evacuation Pause) 61M->28M(74M) 0.826ms
[69.274s][info][gc,cpu      ] GC(37) User=0.00s Sys=0.00s Real=0.00s
[69.450s][info][gc,start    ] GC(38) Pause Young (Normal) (G1 Evacuation Pause)
[69.450s][info][gc,task     ] GC(38) Using 8 workers of 8 for evacuation
[69.450s][info][gc,phases   ] GC(38)   Pre Evacuate Collection Set: 0.0ms
[69.450s][info][gc,phases   ] GC(38)   Merge Heap Roots: 0.0ms
[69.450s][info][gc,phases   ] GC(38)   Evacuate Collection Set: 0.3ms
[69.450s][info][gc,phases   ] GC(38)   Post Evacuate Collection Set: 0.2ms
[69.450s][info][gc,phases   ] GC(38)   Other: 0.1ms
[69.450s][info][gc,heap     ] GC(38) Eden regions: 33->0(33)
[69.450s][info][gc,heap     ] GC(38) Survivor regions: 1->1(5)
[69.450s][info][gc,heap     ] GC(38) Old regions: 29->29
[69.450s][info][gc,heap     ] GC(38) Archive regions: 2->2
[69.450s][info][gc,heap     ] GC(38) Humongous regions: 0->0
[69.450s][info][gc,metaspace] GC(38) Metaspace: 44238K(45264K)->44238K(45264K) NonClass: 38951K(39632K)->38951K(39632K) Class: 5287K(5632K)->5287K(5632K)
[69.450s][info][gc          ] GC(38) Pause Young (Normal) (G1 Evacuation Pause) 61M->28M(74M) 0.802ms
[69.450s][info][gc,cpu      ] GC(38) User=0.01s Sys=0.00s Real=0.00s
[69.593s][info][gc,start    ] GC(39) Pause Young (Normal) (G1 Evacuation Pause)
[69.593s][info][gc,task     ] GC(39) Using 8 workers of 8 for evacuation
[69.594s][info][gc,phases   ] GC(39)   Pre Evacuate Collection Set: 0.0ms
[69.594s][info][gc,phases   ] GC(39)   Merge Heap Roots: 0.0ms
[69.594s][info][gc,phases   ] GC(39)   Evacuate Collection Set: 0.4ms
[69.594s][info][gc,phases   ] GC(39)   Post Evacuate Collection Set: 0.2ms
[69.594s][info][gc,phases   ] GC(39)   Other: 0.1ms
[69.594s][info][gc,heap     ] GC(39) Eden regions: 33->0(33)
[69.594s][info][gc,heap     ] GC(39) Survivor regions: 1->1(5)
[69.594s][info][gc,heap     ] GC(39) Old regions: 29->29
[69.594s][info][gc,heap     ] GC(39) Archive regions: 2->2
[69.594s][info][gc,heap     ] GC(39) Humongous regions: 0->0
[69.594s][info][gc,metaspace] GC(39) Metaspace: 44239K(45264K)->44239K(45264K) NonClass: 38952K(39632K)->38952K(39632K) Class: 5287K(5632K)->5287K(5632K)
[69.594s][info][gc          ] GC(39) Pause Young (Normal) (G1 Evacuation Pause) 61M->28M(74M) 0.829ms
[69.594s][info][gc,cpu      ] GC(39) User=0.00s Sys=0.00s Real=0.00s
[69.739s][info][gc,start    ] GC(40) Pause Young (Normal) (G1 Evacuation Pause)
[69.739s][info][gc,task     ] GC(40) Using 8 workers of 8 for evacuation
[69.740s][info][gc,phases   ] GC(40)   Pre Evacuate Collection Set: 0.0ms
[69.740s][info][gc,phases   ] GC(40)   Merge Heap Roots: 0.0ms
[69.740s][info][gc,phases   ] GC(40)   Evacuate Collection Set: 0.3ms
[69.740s][info][gc,phases   ] GC(40)   Post Evacuate Collection Set: 0.2ms
[69.740s][info][gc,phases   ] GC(40)   Other: 0.1ms
[69.740s][info][gc,heap     ] GC(40) Eden regions: 33->0(33)
[69.740s][info][gc,heap     ] GC(40) Survivor regions: 1->1(5)
[69.740s][info][gc,heap     ] GC(40) Old regions: 29->29
[69.740s][info][gc,heap     ] GC(40) Archive regions: 2->2
[69.740s][info][gc,heap     ] GC(40) Humongous regions: 0->0
[69.740s][info][gc,metaspace] GC(40) Metaspace: 44240K(45264K)->44240K(45264K) NonClass: 38953K(39632K)->38953K(39632K) Class: 5287K(5632K)->5287K(5632K)
[69.740s][info][gc          ] GC(40) Pause Young (Normal) (G1 Evacuation Pause) 61M->28M(74M) 0.787ms
[69.740s][info][gc,cpu      ] GC(40) User=0.00s Sys=0.00s Real=0.00s
[69.879s][info][gc,start    ] GC(41) Pause Young (Normal) (G1 Evacuation Pause)
[69.879s][info][gc,task     ] GC(41) Using 8 workers of 8 for evacuation
[69.880s][info][gc,phases   ] GC(41)   Pre Evacuate Collection Set: 0.0ms
[69.880s][info][gc,phases   ] GC(41)   Merge Heap Roots: 0.1ms
[69.880s][info][gc,phases   ] GC(41)   Evacuate Collection Set: 0.4ms
[69.880s][info][gc,phases   ] GC(41)   Post Evacuate Collection Set: 0.2ms
[69.880s][info][gc,phases   ] GC(41)   Other: 0.1ms
[69.880s][info][gc,heap     ] GC(41) Eden regions: 33->0(33)
[69.880s][info][gc,heap     ] GC(41) Survivor regions: 1->1(5)
[69.880s][info][gc,heap     ] GC(41) Old regions: 29->29
[69.880s][info][gc,heap     ] GC(41) Archive regions: 2->2
[69.880s][info][gc,heap     ] GC(41) Humongous regions: 0->0
[69.880s][info][gc,metaspace] GC(41) Metaspace: 44240K(45264K)->44240K(45264K) NonClass: 38953K(39632K)->38953K(39632K) Class: 5287K(5632K)->5287K(5632K)
[69.880s][info][gc          ] GC(41) Pause Young (Normal) (G1 Evacuation Pause) 61M->28M(74M) 0.877ms
[69.880s][info][gc,cpu      ] GC(41) User=0.00s Sys=0.00s Real=0.00s
[71.562s][info][gc,start    ] GC(42) Pause Young (Normal) (G1 Evacuation Pause)
[71.562s][info][gc,task     ] GC(42) Using 8 workers of 8 for evacuation
[71.563s][info][gc,phases   ] GC(42)   Pre Evacuate Collection Set: 0.0ms
[71.563s][info][gc,phases   ] GC(42)   Merge Heap Roots: 0.0ms
[71.563s][info][gc,phases   ] GC(42)   Evacuate Collection Set: 0.6ms
[71.563s][info][gc,phases   ] GC(42)   Post Evacuate Collection Set: 0.2ms
[71.563s][info][gc,phases   ] GC(42)   Other: 0.1ms
[71.563s][info][gc,heap     ] GC(42) Eden regions: 33->0(33)
[71.563s][info][gc,heap     ] GC(42) Survivor regions: 1->1(5)
[71.563s][info][gc,heap     ] GC(42) Old regions: 29->29
[71.563s][info][gc,heap     ] GC(42) Archive regions: 2->2
[71.563s][info][gc,heap     ] GC(42) Humongous regions: 0->0
[71.563s][info][gc,metaspace] GC(42) Metaspace: 44254K(45264K)->44254K(45264K) NonClass: 38966K(39632K)->38966K(39632K) Class: 5288K(5632K)->5288K(5632K)
[71.563s][info][gc          ] GC(42) Pause Young (Normal) (G1 Evacuation Pause) 61M->29M(74M) 1.029ms
[71.563s][info][gc,cpu      ] GC(42) User=0.00s Sys=0.00s Real=0.00s
[71.733s][info][gc,start    ] GC(43) Pause Young (Normal) (G1 Evacuation Pause)
[71.733s][info][gc,task     ] GC(43) Using 8 workers of 8 for evacuation
[71.734s][info][gc,phases   ] GC(43)   Pre Evacuate Collection Set: 0.0ms
[71.734s][info][gc,phases   ] GC(43)   Merge Heap Roots: 0.0ms
[71.734s][info][gc,phases   ] GC(43)   Evacuate Collection Set: 0.4ms
[71.734s][info][gc,phases   ] GC(43)   Post Evacuate Collection Set: 0.2ms
[71.734s][info][gc,phases   ] GC(43)   Other: 0.1ms
[71.734s][info][gc,heap     ] GC(43) Eden regions: 33->0(33)
[71.734s][info][gc,heap     ] GC(43) Survivor regions: 1->1(5)
[71.734s][info][gc,heap     ] GC(43) Old regions: 29->29
[71.734s][info][gc,heap     ] GC(43) Archive regions: 2->2
[71.734s][info][gc,heap     ] GC(43) Humongous regions: 0->0
[71.734s][info][gc,metaspace] GC(43) Metaspace: 44258K(45264K)->44258K(45264K) NonClass: 38970K(39632K)->38970K(39632K) Class: 5288K(5632K)->5288K(5632K)
[71.734s][info][gc          ] GC(43) Pause Young (Normal) (G1 Evacuation Pause) 62M->29M(74M) 0.866ms
[71.734s][info][gc,cpu      ] GC(43) User=0.00s Sys=0.00s Real=0.00s
[71.900s][info][gc,start    ] GC(44) Pause Young (Normal) (G1 Evacuation Pause)
[71.900s][info][gc,task     ] GC(44) Using 8 workers of 8 for evacuation
[71.901s][info][gc,phases   ] GC(44)   Pre Evacuate Collection Set: 0.0ms
[71.901s][info][gc,phases   ] GC(44)   Merge Heap Roots: 0.0ms
[71.901s][info][gc,phases   ] GC(44)   Evacuate Collection Set: 0.5ms
[71.901s][info][gc,phases   ] GC(44)   Post Evacuate Collection Set: 0.2ms
[71.901s][info][gc,phases   ] GC(44)   Other: 0.1ms
[71.901s][info][gc,heap     ] GC(44) Eden regions: 33->0(33)
[71.901s][info][gc,heap     ] GC(44) Survivor regions: 1->1(5)
[71.901s][info][gc,heap     ] GC(44) Old regions: 29->29
[71.901s][info][gc,heap     ] GC(44) Archive regions: 2->2
[71.901s][info][gc,heap     ] GC(44) Humongous regions: 0->0
[71.901s][info][gc,metaspace] GC(44) Metaspace: 44258K(45264K)->44258K(45264K) NonClass: 38970K(39632K)->38970K(39632K) Class: 5288K(5632K)->5288K(5632K)
[71.901s][info][gc          ] GC(44) Pause Young (Normal) (G1 Evacuation Pause) 62M->29M(74M) 0.890ms
[71.901s][info][gc,cpu      ] GC(44) User=0.00s Sys=0.00s Real=0.00s
[72.055s][info][gc,start    ] GC(45) Pause Young (Normal) (G1 Evacuation Pause)
[72.055s][info][gc,task     ] GC(45) Using 8 workers of 8 for evacuation
[72.056s][info][gc,phases   ] GC(45)   Pre Evacuate Collection Set: 0.0ms
[72.056s][info][gc,phases   ] GC(45)   Merge Heap Roots: 0.0ms
[72.056s][info][gc,phases   ] GC(45)   Evacuate Collection Set: 0.4ms
[72.056s][info][gc,phases   ] GC(45)   Post Evacuate Collection Set: 0.2ms
[72.056s][info][gc,phases   ] GC(45)   Other: 0.1ms
[72.056s][info][gc,heap     ] GC(45) Eden regions: 33->0(33)
[72.056s][info][gc,heap     ] GC(45) Survivor regions: 1->1(5)
[72.056s][info][gc,heap     ] GC(45) Old regions: 29->29
[72.056s][info][gc,heap     ] GC(45) Archive regions: 2->2
[72.056s][info][gc,heap     ] GC(45) Humongous regions: 0->0
[72.056s][info][gc,metaspace] GC(45) Metaspace: 44259K(45264K)->44259K(45264K) NonClass: 38971K(39632K)->38971K(39632K) Class: 5288K(5632K)->5288K(5632K)
[72.056s][info][gc          ] GC(45) Pause Young (Normal) (G1 Evacuation Pause) 62M->29M(74M) 0.876ms
[72.056s][info][gc,cpu      ] GC(45) User=0.00s Sys=0.00s Real=0.00s
[72.187s][info][gc,start    ] GC(46) Pause Young (Normal) (G1 Evacuation Pause)
[72.187s][info][gc,task     ] GC(46) Using 8 workers of 8 for evacuation
[72.188s][info][gc,phases   ] GC(46)   Pre Evacuate Collection Set: 0.0ms
[72.188s][info][gc,phases   ] GC(46)   Merge Heap Roots: 0.0ms
[72.188s][info][gc,phases   ] GC(46)   Evacuate Collection Set: 0.4ms
[72.188s][info][gc,phases   ] GC(46)   Post Evacuate Collection Set: 0.2ms
[72.188s][info][gc,phases   ] GC(46)   Other: 0.1ms
[72.188s][info][gc,heap     ] GC(46) Eden regions: 33->0(33)
[72.188s][info][gc,heap     ] GC(46) Survivor regions: 1->1(5)
[72.188s][info][gc,heap     ] GC(46) Old regions: 29->29
[72.188s][info][gc,heap     ] GC(46) Archive regions: 2->2
[72.188s][info][gc,heap     ] GC(46) Humongous regions: 0->0
[72.188s][info][gc,metaspace] GC(46) Metaspace: 44259K(45264K)->44259K(45264K) NonClass: 38971K(39632K)->38971K(39632K) Class: 5288K(5632K)->5288K(5632K)
[72.188s][info][gc          ] GC(46) Pause Young (Normal) (G1 Evacuation Pause) 62M->29M(74M) 0.897ms
[72.188s][info][gc,cpu      ] GC(46) User=0.01s Sys=0.00s Real=0.01s
[72.326s][info][gc,start    ] GC(47) Pause Young (Normal) (G1 Evacuation Pause)
[72.326s][info][gc,task     ] GC(47) Using 8 workers of 8 for evacuation
[72.327s][info][gc,phases   ] GC(47)   Pre Evacuate Collection Set: 0.0ms
[72.327s][info][gc,phases   ] GC(47)   Merge Heap Roots: 0.0ms
[72.327s][info][gc,phases   ] GC(47)   Evacuate Collection Set: 0.4ms
[72.327s][info][gc,phases   ] GC(47)   Post Evacuate Collection Set: 0.2ms
[72.327s][info][gc,phases   ] GC(47)   Other: 0.1ms
[72.327s][info][gc,heap     ] GC(47) Eden regions: 33->0(33)
[72.327s][info][gc,heap     ] GC(47) Survivor regions: 1->1(5)
[72.327s][info][gc,heap     ] GC(47) Old regions: 29->29
[72.327s][info][gc,heap     ] GC(47) Archive regions: 2->2
[72.327s][info][gc,heap     ] GC(47) Humongous regions: 0->0
[72.327s][info][gc,metaspace] GC(47) Metaspace: 44259K(45264K)->44259K(45264K) NonClass: 38971K(39632K)->38971K(39632K) Class: 5288K(5632K)->5288K(5632K)
[72.327s][info][gc          ] GC(47) Pause Young (Normal) (G1 Evacuation Pause) 62M->29M(74M) 0.897ms
[72.327s][info][gc,cpu      ] GC(47) User=0.00s Sys=0.00s Real=0.00s
[72.457s][info][gc,start    ] GC(48) Pause Young (Normal) (G1 Evacuation Pause)
[72.457s][info][gc,task     ] GC(48) Using 8 workers of 8 for evacuation
[72.457s][info][gc,phases   ] GC(48)   Pre Evacuate Collection Set: 0.0ms
[72.457s][info][gc,phases   ] GC(48)   Merge Heap Roots: 0.0ms
[72.457s][info][gc,phases   ] GC(48)   Evacuate Collection Set: 0.5ms
[72.457s][info][gc,phases   ] GC(48)   Post Evacuate Collection Set: 0.2ms
[72.457s][info][gc,phases   ] GC(48)   Other: 0.1ms
[72.457s][info][gc,heap     ] GC(48) Eden regions: 33->0(33)
[72.457s][info][gc,heap     ] GC(48) Survivor regions: 1->1(5)
[72.457s][info][gc,heap     ] GC(48) Old regions: 29->29
[72.457s][info][gc,heap     ] GC(48) Archive regions: 2->2
[72.457s][info][gc,heap     ] GC(48) Humongous regions: 0->0
[72.457s][info][gc,metaspace] GC(48) Metaspace: 44266K(45264K)->44266K(45264K) NonClass: 38978K(39632K)->38978K(39632K) Class: 5288K(5632K)->5288K(5632K)
[72.458s][info][gc          ] GC(48) Pause Young (Normal) (G1 Evacuation Pause) 62M->29M(74M) 0.914ms
[72.458s][info][gc,cpu      ] GC(48) User=0.00s Sys=0.00s Real=0.00s
[72.604s][info][gc,start    ] GC(49) Pause Young (Normal) (G1 Evacuation Pause)
[72.604s][info][gc,task     ] GC(49) Using 8 workers of 8 for evacuation
[72.605s][info][gc,phases   ] GC(49)   Pre Evacuate Collection Set: 0.0ms
[72.605s][info][gc,phases   ] GC(49)   Merge Heap Roots: 0.0ms
[72.605s][info][gc,phases   ] GC(49)   Evacuate Collection Set: 0.4ms
[72.605s][info][gc,phases   ] GC(49)   Post Evacuate Collection Set: 0.2ms
[72.605s][info][gc,phases   ] GC(49)   Other: 0.1ms
[72.605s][info][gc,heap     ] GC(49) Eden regions: 33->0(33)
[72.605s][info][gc,heap     ] GC(49) Survivor regions: 1->1(5)
[72.605s][info][gc,heap     ] GC(49) Old regions: 29->29
[72.605s][info][gc,heap     ] GC(49) Archive regions: 2->2
[72.605s][info][gc,heap     ] GC(49) Humongous regions: 0->0
[72.605s][info][gc,metaspace] GC(49) Metaspace: 44266K(45264K)->44266K(45264K) NonClass: 38978K(39632K)->38978K(39632K) Class: 5288K(5632K)->5288K(5632K)
[72.605s][info][gc          ] GC(49) Pause Young (Normal) (G1 Evacuation Pause) 62M->29M(74M) 0.910ms
[72.605s][info][gc,cpu      ] GC(49) User=0.01s Sys=0.00s Real=0.00s
[72.747s][info][gc,start    ] GC(50) Pause Young (Normal) (G1 Evacuation Pause)
[72.747s][info][gc,task     ] GC(50) Using 8 workers of 8 for evacuation
[72.747s][info][gc,phases   ] GC(50)   Pre Evacuate Collection Set: 0.0ms
[72.747s][info][gc,phases   ] GC(50)   Merge Heap Roots: 0.0ms
[72.747s][info][gc,phases   ] GC(50)   Evacuate Collection Set: 0.4ms
[72.747s][info][gc,phases   ] GC(50)   Post Evacuate Collection Set: 0.2ms
[72.747s][info][gc,phases   ] GC(50)   Other: 0.1ms
[72.747s][info][gc,heap     ] GC(50) Eden regions: 33->0(33)
[72.748s][info][gc,heap     ] GC(50) Survivor regions: 1->1(5)
[72.748s][info][gc,heap     ] GC(50) Old regions: 29->29
[72.748s][info][gc,heap     ] GC(50) Archive regions: 2->2
[72.748s][info][gc,heap     ] GC(50) Humongous regions: 0->0
[72.748s][info][gc,metaspace] GC(50) Metaspace: 44266K(45264K)->44266K(45264K) NonClass: 38978K(39632K)->38978K(39632K) Class: 5288K(5632K)->5288K(5632K)
[72.748s][info][gc          ] GC(50) Pause Young (Normal) (G1 Evacuation Pause) 62M->29M(74M) 0.885ms
[72.748s][info][gc,cpu      ] GC(50) User=0.00s Sys=0.01s Real=0.00s
[72.885s][info][gc,start    ] GC(51) Pause Young (Normal) (G1 Evacuation Pause)
[72.885s][info][gc,task     ] GC(51) Using 8 workers of 8 for evacuation
[72.886s][info][gc,phases   ] GC(51)   Pre Evacuate Collection Set: 0.0ms
[72.886s][info][gc,phases   ] GC(51)   Merge Heap Roots: 0.0ms
[72.886s][info][gc,phases   ] GC(51)   Evacuate Collection Set: 0.4ms
[72.886s][info][gc,phases   ] GC(51)   Post Evacuate Collection Set: 0.2ms
[72.886s][info][gc,phases   ] GC(51)   Other: 0.1ms
[72.886s][info][gc,heap     ] GC(51) Eden regions: 33->0(33)
[72.886s][info][gc,heap     ] GC(51) Survivor regions: 1->1(5)
[72.886s][info][gc,heap     ] GC(51) Old regions: 29->29
[72.886s][info][gc,heap     ] GC(51) Archive regions: 2->2
[72.886s][info][gc,heap     ] GC(51) Humongous regions: 0->0
[72.886s][info][gc,metaspace] GC(51) Metaspace: 44266K(45264K)->44266K(45264K) NonClass: 38978K(39632K)->38978K(39632K) Class: 5288K(5632K)->5288K(5632K)
[72.886s][info][gc          ] GC(51) Pause Young (Normal) (G1 Evacuation Pause) 62M->29M(74M) 0.856ms
[72.886s][info][gc,cpu      ] GC(51) User=0.01s Sys=0.00s Real=0.00s
[73.053s][info][gc,start    ] GC(52) Pause Young (Normal) (G1 Evacuation Pause)
[73.053s][info][gc,task     ] GC(52) Using 8 workers of 8 for evacuation
[73.054s][info][gc,phases   ] GC(52)   Pre Evacuate Collection Set: 0.0ms
[73.054s][info][gc,phases   ] GC(52)   Merge Heap Roots: 0.0ms
[73.054s][info][gc,phases   ] GC(52)   Evacuate Collection Set: 0.6ms
[73.054s][info][gc,phases   ] GC(52)   Post Evacuate Collection Set: 0.2ms
[73.054s][info][gc,phases   ] GC(52)   Other: 0.1ms
[73.054s][info][gc,heap     ] GC(52) Eden regions: 33->0(33)
[73.054s][info][gc,heap     ] GC(52) Survivor regions: 1->1(5)
[73.054s][info][gc,heap     ] GC(52) Old regions: 29->29
[73.054s][info][gc,heap     ] GC(52) Archive regions: 2->2
[73.054s][info][gc,heap     ] GC(52) Humongous regions: 0->0
[73.054s][info][gc,metaspace] GC(52) Metaspace: 44267K(45264K)->44267K(45264K) NonClass: 38979K(39632K)->38979K(39632K) Class: 5288K(5632K)->5288K(5632K)
[73.054s][info][gc          ] GC(52) Pause Young (Normal) (G1 Evacuation Pause) 62M->29M(74M) 1.029ms
[73.054s][info][gc,cpu      ] GC(52) User=0.00s Sys=0.00s Real=0.00s
[73.191s][info][gc,start    ] GC(53) Pause Young (Normal) (G1 Evacuation Pause)
[73.191s][info][gc,task     ] GC(53) Using 8 workers of 8 for evacuation
[73.192s][info][gc,phases   ] GC(53)   Pre Evacuate Collection Set: 0.0ms
[73.192s][info][gc,phases   ] GC(53)   Merge Heap Roots: 0.0ms
[73.192s][info][gc,phases   ] GC(53)   Evacuate Collection Set: 0.5ms
[73.192s][info][gc,phases   ] GC(53)   Post Evacuate Collection Set: 0.2ms
[73.192s][info][gc,phases   ] GC(53)   Other: 0.2ms
[73.192s][info][gc,heap     ] GC(53) Eden regions: 33->0(33)
[73.192s][info][gc,heap     ] GC(53) Survivor regions: 1->1(5)
[73.192s][info][gc,heap     ] GC(53) Old regions: 29->29
[73.192s][info][gc,heap     ] GC(53) Archive regions: 2->2
[73.192s][info][gc,heap     ] GC(53) Humongous regions: 0->0
[73.192s][info][gc,metaspace] GC(53) Metaspace: 44267K(45264K)->44267K(45264K) NonClass: 38979K(39632K)->38979K(39632K) Class: 5288K(5632K)->5288K(5632K)
[73.192s][info][gc          ] GC(53) Pause Young (Normal) (G1 Evacuation Pause) 62M->29M(74M) 0.911ms
[73.192s][info][gc,cpu      ] GC(53) User=0.00s Sys=0.00s Real=0.00s
[73.340s][info][gc,start    ] GC(54) Pause Young (Normal) (G1 Evacuation Pause)
[73.340s][info][gc,task     ] GC(54) Using 8 workers of 8 for evacuation
[73.341s][info][gc,phases   ] GC(54)   Pre Evacuate Collection Set: 0.0ms
[73.342s][info][gc,phases   ] GC(54)   Merge Heap Roots: 0.0ms
[73.342s][info][gc,phases   ] GC(54)   Evacuate Collection Set: 0.7ms
[73.342s][info][gc,phases   ] GC(54)   Post Evacuate Collection Set: 0.2ms
[73.342s][info][gc,phases   ] GC(54)   Other: 0.2ms
[73.342s][info][gc,heap     ] GC(54) Eden regions: 33->0(33)
[73.342s][info][gc,heap     ] GC(54) Survivor regions: 1->1(5)
[73.342s][info][gc,heap     ] GC(54) Old regions: 29->29
[73.342s][info][gc,heap     ] GC(54) Archive regions: 2->2
[73.342s][info][gc,heap     ] GC(54) Humongous regions: 0->0
[73.342s][info][gc,metaspace] GC(54) Metaspace: 44268K(45264K)->44268K(45264K) NonClass: 38979K(39632K)->38979K(39632K) Class: 5288K(5632K)->5288K(5632K)
[73.342s][info][gc          ] GC(54) Pause Young (Normal) (G1 Evacuation Pause) 62M->29M(74M) 1.831ms
[73.342s][info][gc,cpu      ] GC(54) User=0.01s Sys=0.01s Real=0.00s
[73.480s][info][gc,start    ] GC(55) Pause Young (Normal) (G1 Evacuation Pause)
[73.480s][info][gc,task     ] GC(55) Using 8 workers of 8 for evacuation
[73.481s][info][gc,phases   ] GC(55)   Pre Evacuate Collection Set: 0.0ms
[73.481s][info][gc,phases   ] GC(55)   Merge Heap Roots: 0.0ms
[73.481s][info][gc,phases   ] GC(55)   Evacuate Collection Set: 0.4ms
[73.481s][info][gc,phases   ] GC(55)   Post Evacuate Collection Set: 0.2ms
[73.481s][info][gc,phases   ] GC(55)   Other: 0.1ms
[73.481s][info][gc,heap     ] GC(55) Eden regions: 33->0(33)
[73.481s][info][gc,heap     ] GC(55) Survivor regions: 1->1(5)
[73.481s][info][gc,heap     ] GC(55) Old regions: 29->29
[73.481s][info][gc,heap     ] GC(55) Archive regions: 2->2
[73.481s][info][gc,heap     ] GC(55) Humongous regions: 0->0
[73.481s][info][gc,metaspace] GC(55) Metaspace: 44268K(45264K)->44268K(45264K) NonClass: 38979K(39632K)->38979K(39632K) Class: 5288K(5632K)->5288K(5632K)
[73.481s][info][gc          ] GC(55) Pause Young (Normal) (G1 Evacuation Pause) 62M->29M(74M) 0.869ms
[73.481s][info][gc,cpu      ] GC(55) User=0.01s Sys=0.00s Real=0.00s
[73.617s][info][gc,start    ] GC(56) Pause Young (Normal) (G1 Evacuation Pause)
[73.617s][info][gc,task     ] GC(56) Using 8 workers of 8 for evacuation
[73.618s][info][gc,phases   ] GC(56)   Pre Evacuate Collection Set: 0.1ms
[73.618s][info][gc,phases   ] GC(56)   Merge Heap Roots: 0.0ms
[73.618s][info][gc,phases   ] GC(56)   Evacuate Collection Set: 0.6ms
[73.618s][info][gc,phases   ] GC(56)   Post Evacuate Collection Set: 0.2ms
[73.618s][info][gc,phases   ] GC(56)   Other: 0.2ms
[73.618s][info][gc,heap     ] GC(56) Eden regions: 33->0(33)
[73.618s][info][gc,heap     ] GC(56) Survivor regions: 1->1(5)
[73.618s][info][gc,heap     ] GC(56) Old regions: 29->29
[73.618s][info][gc,heap     ] GC(56) Archive regions: 2->2
[73.618s][info][gc,heap     ] GC(56) Humongous regions: 0->0
[73.618s][info][gc,metaspace] GC(56) Metaspace: 44268K(45264K)->44268K(45264K) NonClass: 38980K(39632K)->38980K(39632K) Class: 5288K(5632K)->5288K(5632K)
[73.618s][info][gc          ] GC(56) Pause Young (Normal) (G1 Evacuation Pause) 62M->29M(74M) 1.178ms
[73.618s][info][gc,cpu      ] GC(56) User=0.01s Sys=0.01s Real=0.00s
[73.748s][info][gc,start    ] GC(57) Pause Young (Normal) (G1 Evacuation Pause)
[73.748s][info][gc,task     ] GC(57) Using 8 workers of 8 for evacuation
[73.749s][info][gc,phases   ] GC(57)   Pre Evacuate Collection Set: 0.0ms
[73.749s][info][gc,phases   ] GC(57)   Merge Heap Roots: 0.0ms
[73.749s][info][gc,phases   ] GC(57)   Evacuate Collection Set: 0.4ms
[73.749s][info][gc,phases   ] GC(57)   Post Evacuate Collection Set: 0.2ms
[73.749s][info][gc,phases   ] GC(57)   Other: 0.1ms
[73.749s][info][gc,heap     ] GC(57) Eden regions: 33->0(33)
[73.749s][info][gc,heap     ] GC(57) Survivor regions: 1->1(5)
[73.749s][info][gc,heap     ] GC(57) Old regions: 29->29
[73.749s][info][gc,heap     ] GC(57) Archive regions: 2->2
[73.749s][info][gc,heap     ] GC(57) Humongous regions: 0->0
[73.749s][info][gc,metaspace] GC(57) Metaspace: 44268K(45264K)->44268K(45264K) NonClass: 38980K(39632K)->38980K(39632K) Class: 5288K(5632K)->5288K(5632K)
[73.749s][info][gc          ] GC(57) Pause Young (Normal) (G1 Evacuation Pause) 62M->29M(74M) 0.919ms
[73.749s][info][gc,cpu      ] GC(57) User=0.01s Sys=0.00s Real=0.00s
[73.897s][info][gc,start    ] GC(58) Pause Young (Normal) (G1 Evacuation Pause)
[73.897s][info][gc,task     ] GC(58) Using 8 workers of 8 for evacuation
[73.898s][info][gc,phases   ] GC(58)   Pre Evacuate Collection Set: 0.0ms
[73.898s][info][gc,phases   ] GC(58)   Merge Heap Roots: 0.0ms
[73.898s][info][gc,phases   ] GC(58)   Evacuate Collection Set: 0.3ms
[73.898s][info][gc,phases   ] GC(58)   Post Evacuate Collection Set: 0.2ms
[73.898s][info][gc,phases   ] GC(58)   Other: 0.1ms
[73.898s][info][gc,heap     ] GC(58) Eden regions: 33->0(33)
[73.898s][info][gc,heap     ] GC(58) Survivor regions: 1->1(5)
[73.898s][info][gc,heap     ] GC(58) Old regions: 29->29
[73.898s][info][gc,heap     ] GC(58) Archive regions: 2->2
[73.898s][info][gc,heap     ] GC(58) Humongous regions: 0->0
[73.898s][info][gc,metaspace] GC(58) Metaspace: 44268K(45264K)->44268K(45264K) NonClass: 38980K(39632K)->38980K(39632K) Class: 5288K(5632K)->5288K(5632K)
[73.898s][info][gc          ] GC(58) Pause Young (Normal) (G1 Evacuation Pause) 62M->29M(74M) 0.753ms
[73.898s][info][gc,cpu      ] GC(58) User=0.00s Sys=0.00s Real=0.00s
[74.075s][info][gc,start    ] GC(59) Pause Young (Normal) (G1 Evacuation Pause)
[74.075s][info][gc,task     ] GC(59) Using 8 workers of 8 for evacuation
[74.076s][info][gc,phases   ] GC(59)   Pre Evacuate Collection Set: 0.0ms
[74.076s][info][gc,phases   ] GC(59)   Merge Heap Roots: 0.0ms
[74.076s][info][gc,phases   ] GC(59)   Evacuate Collection Set: 0.4ms
[74.076s][info][gc,phases   ] GC(59)   Post Evacuate Collection Set: 0.2ms
[74.076s][info][gc,phases   ] GC(59)   Other: 0.1ms
[74.076s][info][gc,heap     ] GC(59) Eden regions: 33->0(32)
[74.076s][info][gc,heap     ] GC(59) Survivor regions: 1->1(5)
[74.076s][info][gc,heap     ] GC(59) Old regions: 29->30
[74.076s][info][gc,heap     ] GC(59) Archive regions: 2->2
[74.076s][info][gc,heap     ] GC(59) Humongous regions: 0->0
[74.076s][info][gc,metaspace] GC(59) Metaspace: 44268K(45264K)->44268K(45264K) NonClass: 38980K(39632K)->38980K(39632K) Class: 5288K(5632K)->5288K(5632K)
[74.076s][info][gc          ] GC(59) Pause Young (Normal) (G1 Evacuation Pause) 62M->29M(74M) 0.905ms
[74.076s][info][gc,cpu      ] GC(59) User=0.00s Sys=0.00s Real=0.00s
[74.310s][info][gc,start    ] GC(60) Pause Young (Normal) (G1 Evacuation Pause)
[74.310s][info][gc,task     ] GC(60) Using 8 workers of 8 for evacuation
[74.311s][info][gc,phases   ] GC(60)   Pre Evacuate Collection Set: 0.0ms
[74.311s][info][gc,phases   ] GC(60)   Merge Heap Roots: 0.0ms
[74.311s][info][gc,phases   ] GC(60)   Evacuate Collection Set: 0.3ms
[74.311s][info][gc,phases   ] GC(60)   Post Evacuate Collection Set: 0.2ms
[74.311s][info][gc,phases   ] GC(60)   Other: 0.1ms
[74.311s][info][gc,heap     ] GC(60) Eden regions: 32->0(32)
[74.311s][info][gc,heap     ] GC(60) Survivor regions: 1->1(5)
[74.311s][info][gc,heap     ] GC(60) Old regions: 30->30
[74.311s][info][gc,heap     ] GC(60) Archive regions: 2->2
[74.311s][info][gc,heap     ] GC(60) Humongous regions: 0->0
[74.311s][info][gc,metaspace] GC(60) Metaspace: 44271K(45264K)->44271K(45264K) NonClass: 38983K(39632K)->38983K(39632K) Class: 5288K(5632K)->5288K(5632K)
[74.311s][info][gc          ] GC(60) Pause Young (Normal) (G1 Evacuation Pause) 61M->29M(74M) 0.784ms
[74.311s][info][gc,cpu      ] GC(60) User=0.01s Sys=0.00s Real=0.00s
[74.472s][info][gc,start    ] GC(61) Pause Young (Normal) (G1 Evacuation Pause)
[74.472s][info][gc,task     ] GC(61) Using 8 workers of 8 for evacuation
[74.472s][info][gc,phases   ] GC(61)   Pre Evacuate Collection Set: 0.0ms
[74.472s][info][gc,phases   ] GC(61)   Merge Heap Roots: 0.0ms
[74.472s][info][gc,phases   ] GC(61)   Evacuate Collection Set: 0.3ms
[74.472s][info][gc,phases   ] GC(61)   Post Evacuate Collection Set: 0.2ms
[74.472s][info][gc,phases   ] GC(61)   Other: 0.1ms
[74.472s][info][gc,heap     ] GC(61) Eden regions: 32->0(32)
[74.472s][info][gc,heap     ] GC(61) Survivor regions: 1->1(5)
[74.472s][info][gc,heap     ] GC(61) Old regions: 30->30
[74.472s][info][gc,heap     ] GC(61) Archive regions: 2->2
[74.472s][info][gc,heap     ] GC(61) Humongous regions: 0->0
[74.472s][info][gc,metaspace] GC(61) Metaspace: 44271K(45264K)->44271K(45264K) NonClass: 38983K(39632K)->38983K(39632K) Class: 5288K(5632K)->5288K(5632K)
[74.472s][info][gc          ] GC(61) Pause Young (Normal) (G1 Evacuation Pause) 61M->29M(74M) 0.773ms
[74.472s][info][gc,cpu      ] GC(61) User=0.00s Sys=0.00s Real=0.00s
[74.610s][info][gc,start    ] GC(62) Pause Young (Normal) (G1 Evacuation Pause)
[74.610s][info][gc,task     ] GC(62) Using 8 workers of 8 for evacuation
[74.610s][info][gc,phases   ] GC(62)   Pre Evacuate Collection Set: 0.0ms
[74.610s][info][gc,phases   ] GC(62)   Merge Heap Roots: 0.0ms
[74.610s][info][gc,phases   ] GC(62)   Evacuate Collection Set: 0.3ms
[74.610s][info][gc,phases   ] GC(62)   Post Evacuate Collection Set: 0.2ms
[74.610s][info][gc,phases   ] GC(62)   Other: 0.1ms
[74.610s][info][gc,heap     ] GC(62) Eden regions: 32->0(32)
[74.610s][info][gc,heap     ] GC(62) Survivor regions: 1->1(5)
[74.610s][info][gc,heap     ] GC(62) Old regions: 30->30
[74.610s][info][gc,heap     ] GC(62) Archive regions: 2->2
[74.610s][info][gc,heap     ] GC(62) Humongous regions: 0->0
[74.610s][info][gc,metaspace] GC(62) Metaspace: 44271K(45264K)->44271K(45264K) NonClass: 38983K(39632K)->38983K(39632K) Class: 5288K(5632K)->5288K(5632K)
[74.610s][info][gc          ] GC(62) Pause Young (Normal) (G1 Evacuation Pause) 61M->29M(74M) 0.797ms
[74.610s][info][gc,cpu      ] GC(62) User=0.01s Sys=0.00s Real=0.00s
[74.751s][info][gc,start    ] GC(63) Pause Young (Normal) (G1 Evacuation Pause)
[74.751s][info][gc,task     ] GC(63) Using 8 workers of 8 for evacuation
[74.751s][info][gc,phases   ] GC(63)   Pre Evacuate Collection Set: 0.0ms
[74.751s][info][gc,phases   ] GC(63)   Merge Heap Roots: 0.0ms
[74.751s][info][gc,phases   ] GC(63)   Evacuate Collection Set: 0.3ms
[74.751s][info][gc,phases   ] GC(63)   Post Evacuate Collection Set: 0.2ms
[74.751s][info][gc,phases   ] GC(63)   Other: 0.1ms
[74.751s][info][gc,heap     ] GC(63) Eden regions: 32->0(32)
[74.751s][info][gc,heap     ] GC(63) Survivor regions: 1->1(5)
[74.751s][info][gc,heap     ] GC(63) Old regions: 30->30
[74.751s][info][gc,heap     ] GC(63) Archive regions: 2->2
[74.751s][info][gc,heap     ] GC(63) Humongous regions: 0->0
[74.751s][info][gc,metaspace] GC(63) Metaspace: 44271K(45264K)->44271K(45264K) NonClass: 38983K(39632K)->38983K(39632K) Class: 5288K(5632K)->5288K(5632K)
[74.751s][info][gc          ] GC(63) Pause Young (Normal) (G1 Evacuation Pause) 61M->29M(74M) 0.694ms
[74.751s][info][gc,cpu      ] GC(63) User=0.00s Sys=0.00s Real=0.00s
[85.576s][info][gc,start    ] GC(64) Pause Young (Normal) (G1 Evacuation Pause)
[85.576s][info][gc,task     ] GC(64) Using 8 workers of 8 for evacuation
[85.577s][info][gc,phases   ] GC(64)   Pre Evacuate Collection Set: 0.0ms
[85.577s][info][gc,phases   ] GC(64)   Merge Heap Roots: 0.0ms
[85.577s][info][gc,phases   ] GC(64)   Evacuate Collection Set: 0.5ms
[85.577s][info][gc,phases   ] GC(64)   Post Evacuate Collection Set: 0.2ms
[85.577s][info][gc,phases   ] GC(64)   Other: 0.1ms
[85.577s][info][gc,heap     ] GC(64) Eden regions: 32->0(32)
[85.577s][info][gc,heap     ] GC(64) Survivor regions: 1->1(5)
[85.577s][info][gc,heap     ] GC(64) Old regions: 30->30
[85.577s][info][gc,heap     ] GC(64) Archive regions: 2->2
[85.577s][info][gc,heap     ] GC(64) Humongous regions: 0->0
[85.577s][info][gc,metaspace] GC(64) Metaspace: 44280K(45264K)->44280K(45264K) NonClass: 38992K(39632K)->38992K(39632K) Class: 5288K(5632K)->5288K(5632K)
[85.577s][info][gc          ] GC(64) Pause Young (Normal) (G1 Evacuation Pause) 61M->30M(74M) 0.978ms
[85.577s][info][gc,cpu      ] GC(64) User=0.00s Sys=0.00s Real=0.00s
[85.716s][info][gc,start    ] GC(65) Pause Young (Normal) (G1 Evacuation Pause)
[85.716s][info][gc,task     ] GC(65) Using 8 workers of 8 for evacuation
[85.717s][info][gc,phases   ] GC(65)   Pre Evacuate Collection Set: 0.0ms
[85.717s][info][gc,phases   ] GC(65)   Merge Heap Roots: 0.0ms
[85.717s][info][gc,phases   ] GC(65)   Evacuate Collection Set: 0.5ms
[85.717s][info][gc,phases   ] GC(65)   Post Evacuate Collection Set: 0.2ms
[85.717s][info][gc,phases   ] GC(65)   Other: 0.1ms
[85.717s][info][gc,heap     ] GC(65) Eden regions: 32->0(32)
[85.717s][info][gc,heap     ] GC(65) Survivor regions: 1->1(5)
[85.717s][info][gc,heap     ] GC(65) Old regions: 30->30
[85.717s][info][gc,heap     ] GC(65) Archive regions: 2->2
[85.717s][info][gc,heap     ] GC(65) Humongous regions: 0->0
[85.717s][info][gc,metaspace] GC(65) Metaspace: 44282K(45264K)->44282K(45264K) NonClass: 38994K(39632K)->38994K(39632K) Class: 5288K(5632K)->5288K(5632K)
[85.717s][info][gc          ] GC(65) Pause Young (Normal) (G1 Evacuation Pause) 62M->30M(74M) 0.922ms
[85.717s][info][gc,cpu      ] GC(65) User=0.01s Sys=0.00s Real=0.00s
[85.830s][info][gc,start    ] GC(66) Pause Young (Normal) (G1 Evacuation Pause)
[85.830s][info][gc,task     ] GC(66) Using 8 workers of 8 for evacuation
[85.831s][info][gc,phases   ] GC(66)   Pre Evacuate Collection Set: 0.0ms
[85.831s][info][gc,phases   ] GC(66)   Merge Heap Roots: 0.0ms
[85.831s][info][gc,phases   ] GC(66)   Evacuate Collection Set: 0.4ms
[85.831s][info][gc,phases   ] GC(66)   Post Evacuate Collection Set: 0.2ms
[85.831s][info][gc,phases   ] GC(66)   Other: 0.1ms
[85.831s][info][gc,heap     ] GC(66) Eden regions: 32->0(32)
[85.831s][info][gc,heap     ] GC(66) Survivor regions: 1->1(5)
[85.831s][info][gc,heap     ] GC(66) Old regions: 30->30
[85.831s][info][gc,heap     ] GC(66) Archive regions: 2->2
[85.831s][info][gc,heap     ] GC(66) Humongous regions: 0->0
[85.831s][info][gc,metaspace] GC(66) Metaspace: 44283K(45264K)->44283K(45264K) NonClass: 38995K(39632K)->38995K(39632K) Class: 5288K(5632K)->5288K(5632K)
[85.831s][info][gc          ] GC(66) Pause Young (Normal) (G1 Evacuation Pause) 62M->30M(74M) 0.881ms
[85.831s][info][gc,cpu      ] GC(66) User=0.00s Sys=0.00s Real=0.00s
[85.941s][info][gc,start    ] GC(67) Pause Young (Normal) (G1 Evacuation Pause)
[85.941s][info][gc,task     ] GC(67) Using 8 workers of 8 for evacuation
[85.943s][info][gc,phases   ] GC(67)   Pre Evacuate Collection Set: 0.1ms
[85.943s][info][gc,phases   ] GC(67)   Merge Heap Roots: 0.1ms
[85.943s][info][gc,phases   ] GC(67)   Evacuate Collection Set: 0.7ms
[85.943s][info][gc,phases   ] GC(67)   Post Evacuate Collection Set: 0.2ms
[85.943s][info][gc,phases   ] GC(67)   Other: 0.1ms
[85.943s][info][gc,heap     ] GC(67) Eden regions: 32->0(32)
[85.943s][info][gc,heap     ] GC(67) Survivor regions: 1->1(5)
[85.943s][info][gc,heap     ] GC(67) Old regions: 30->30
[85.943s][info][gc,heap     ] GC(67) Archive regions: 2->2
[85.943s][info][gc,heap     ] GC(67) Humongous regions: 0->0
[85.943s][info][gc,metaspace] GC(67) Metaspace: 44283K(45264K)->44283K(45264K) NonClass: 38995K(39632K)->38995K(39632K) Class: 5288K(5632K)->5288K(5632K)
[85.943s][info][gc          ] GC(67) Pause Young (Normal) (G1 Evacuation Pause) 62M->30M(74M) 1.276ms
[85.943s][info][gc,cpu      ] GC(67) User=0.00s Sys=0.01s Real=0.00s
[86.073s][info][gc,start    ] GC(68) Pause Young (Normal) (G1 Evacuation Pause)
[86.073s][info][gc,task     ] GC(68) Using 8 workers of 8 for evacuation
[86.074s][info][gc,phases   ] GC(68)   Pre Evacuate Collection Set: 0.0ms
[86.074s][info][gc,phases   ] GC(68)   Merge Heap Roots: 0.0ms
[86.074s][info][gc,phases   ] GC(68)   Evacuate Collection Set: 0.4ms
[86.074s][info][gc,phases   ] GC(68)   Post Evacuate Collection Set: 0.2ms
[86.074s][info][gc,phases   ] GC(68)   Other: 0.2ms
[86.074s][info][gc,heap     ] GC(68) Eden regions: 32->0(32)
[86.074s][info][gc,heap     ] GC(68) Survivor regions: 1->1(5)
[86.074s][info][gc,heap     ] GC(68) Old regions: 30->30
[86.074s][info][gc,heap     ] GC(68) Archive regions: 2->2
[86.074s][info][gc,heap     ] GC(68) Humongous regions: 0->0
[86.074s][info][gc,metaspace] GC(68) Metaspace: 44283K(45264K)->44283K(45264K) NonClass: 38995K(39632K)->38995K(39632K) Class: 5288K(5632K)->5288K(5632K)
[86.074s][info][gc          ] GC(68) Pause Young (Normal) (G1 Evacuation Pause) 62M->30M(74M) 0.906ms
[86.074s][info][gc,cpu      ] GC(68) User=0.00s Sys=0.00s Real=0.00s
[86.179s][info][gc,start    ] GC(69) Pause Young (Normal) (G1 Evacuation Pause)
[86.179s][info][gc,task     ] GC(69) Using 8 workers of 8 for evacuation
[86.180s][info][gc,phases   ] GC(69)   Pre Evacuate Collection Set: 0.1ms
[86.180s][info][gc,phases   ] GC(69)   Merge Heap Roots: 0.0ms
[86.180s][info][gc,phases   ] GC(69)   Evacuate Collection Set: 0.4ms
[86.180s][info][gc,phases   ] GC(69)   Post Evacuate Collection Set: 0.2ms
[86.180s][info][gc,phases   ] GC(69)   Other: 0.1ms
[86.180s][info][gc,heap     ] GC(69) Eden regions: 32->0(32)
[86.180s][info][gc,heap     ] GC(69) Survivor regions: 1->1(5)
[86.180s][info][gc,heap     ] GC(69) Old regions: 30->30
[86.180s][info][gc,heap     ] GC(69) Archive regions: 2->2
[86.180s][info][gc,heap     ] GC(69) Humongous regions: 0->0
[86.180s][info][gc,metaspace] GC(69) Metaspace: 44286K(45264K)->44286K(45264K) NonClass: 38998K(39632K)->38998K(39632K) Class: 5288K(5632K)->5288K(5632K)
[86.180s][info][gc          ] GC(69) Pause Young (Normal) (G1 Evacuation Pause) 62M->30M(74M) 0.866ms
[86.180s][info][gc,cpu      ] GC(69) User=0.01s Sys=0.00s Real=0.00s
[86.310s][info][gc,start    ] GC(70) Pause Young (Normal) (G1 Evacuation Pause)
[86.310s][info][gc,task     ] GC(70) Using 8 workers of 8 for evacuation
[86.311s][info][gc,phases   ] GC(70)   Pre Evacuate Collection Set: 0.0ms
[86.311s][info][gc,phases   ] GC(70)   Merge Heap Roots: 0.0ms
[86.311s][info][gc,phases   ] GC(70)   Evacuate Collection Set: 0.4ms
[86.311s][info][gc,phases   ] GC(70)   Post Evacuate Collection Set: 0.2ms
[86.311s][info][gc,phases   ] GC(70)   Other: 0.2ms
[86.311s][info][gc,heap     ] GC(70) Eden regions: 32->0(32)
[86.311s][info][gc,heap     ] GC(70) Survivor regions: 1->1(5)
[86.311s][info][gc,heap     ] GC(70) Old regions: 30->30
[86.311s][info][gc,heap     ] GC(70) Archive regions: 2->2
[86.311s][info][gc,heap     ] GC(70) Humongous regions: 0->0
[86.311s][info][gc,metaspace] GC(70) Metaspace: 44286K(45264K)->44286K(45264K) NonClass: 38998K(39632K)->38998K(39632K) Class: 5288K(5632K)->5288K(5632K)
[86.311s][info][gc          ] GC(70) Pause Young (Normal) (G1 Evacuation Pause) 62M->30M(74M) 0.954ms
[86.311s][info][gc,cpu      ] GC(70) User=0.00s Sys=0.00s Real=0.00s
[86.433s][info][gc,start    ] GC(71) Pause Young (Normal) (G1 Evacuation Pause)
[86.433s][info][gc,task     ] GC(71) Using 8 workers of 8 for evacuation
[86.434s][info][gc,phases   ] GC(71)   Pre Evacuate Collection Set: 0.0ms
[86.434s][info][gc,phases   ] GC(71)   Merge Heap Roots: 0.0ms
[86.434s][info][gc,phases   ] GC(71)   Evacuate Collection Set: 0.4ms
[86.434s][info][gc,phases   ] GC(71)   Post Evacuate Collection Set: 0.2ms
[86.434s][info][gc,phases   ] GC(71)   Other: 0.1ms
[86.434s][info][gc,heap     ] GC(71) Eden regions: 32->0(32)
[86.434s][info][gc,heap     ] GC(71) Survivor regions: 1->1(5)
[86.434s][info][gc,heap     ] GC(71) Old regions: 30->30
[86.434s][info][gc,heap     ] GC(71) Archive regions: 2->2
[86.434s][info][gc,heap     ] GC(71) Humongous regions: 0->0
[86.434s][info][gc,metaspace] GC(71) Metaspace: 44286K(45264K)->44286K(45264K) NonClass: 38998K(39632K)->38998K(39632K) Class: 5288K(5632K)->5288K(5632K)
[86.434s][info][gc          ] GC(71) Pause Young (Normal) (G1 Evacuation Pause) 62M->30M(74M) 0.887ms
[86.434s][info][gc,cpu      ] GC(71) User=0.00s Sys=0.00s Real=0.00s
[86.557s][info][gc,start    ] GC(72) Pause Young (Normal) (G1 Evacuation Pause)
[86.557s][info][gc,task     ] GC(72) Using 8 workers of 8 for evacuation
[86.558s][info][gc,phases   ] GC(72)   Pre Evacuate Collection Set: 0.0ms
[86.558s][info][gc,phases   ] GC(72)   Merge Heap Roots: 0.0ms
[86.558s][info][gc,phases   ] GC(72)   Evacuate Collection Set: 0.4ms
[86.558s][info][gc,phases   ] GC(72)   Post Evacuate Collection Set: 0.2ms
[86.558s][info][gc,phases   ] GC(72)   Other: 0.2ms
[86.558s][info][gc,heap     ] GC(72) Eden regions: 32->0(32)
[86.558s][info][gc,heap     ] GC(72) Survivor regions: 1->1(5)
[86.558s][info][gc,heap     ] GC(72) Old regions: 30->30
[86.558s][info][gc,heap     ] GC(72) Archive regions: 2->2
[86.558s][info][gc,heap     ] GC(72) Humongous regions: 0->0
[86.558s][info][gc,metaspace] GC(72) Metaspace: 44286K(45264K)->44286K(45264K) NonClass: 38998K(39632K)->38998K(39632K) Class: 5288K(5632K)->5288K(5632K)
[86.558s][info][gc          ] GC(72) Pause Young (Normal) (G1 Evacuation Pause) 62M->30M(74M) 0.922ms
[86.558s][info][gc,cpu      ] GC(72) User=0.00s Sys=0.00s Real=0.00s
[86.680s][info][gc,start    ] GC(73) Pause Young (Normal) (G1 Evacuation Pause)
[86.680s][info][gc,task     ] GC(73) Using 8 workers of 8 for evacuation
[86.681s][info][gc,phases   ] GC(73)   Pre Evacuate Collection Set: 0.1ms
[86.681s][info][gc,phases   ] GC(73)   Merge Heap Roots: 0.0ms
[86.681s][info][gc,phases   ] GC(73)   Evacuate Collection Set: 0.6ms
[86.681s][info][gc,phases   ] GC(73)   Post Evacuate Collection Set: 0.2ms
[86.681s][info][gc,phases   ] GC(73)   Other: 0.1ms
[86.681s][info][gc,heap     ] GC(73) Eden regions: 32->0(32)
[86.681s][info][gc,heap     ] GC(73) Survivor regions: 1->1(5)
[86.681s][info][gc,heap     ] GC(73) Old regions: 30->30
[86.681s][info][gc,heap     ] GC(73) Archive regions: 2->2
[86.681s][info][gc,heap     ] GC(73) Humongous regions: 0->0
[86.681s][info][gc,metaspace] GC(73) Metaspace: 44286K(45264K)->44286K(45264K) NonClass: 38998K(39632K)->38998K(39632K) Class: 5288K(5632K)->5288K(5632K)
[86.681s][info][gc          ] GC(73) Pause Young (Normal) (G1 Evacuation Pause) 62M->30M(74M) 1.073ms
[86.681s][info][gc,cpu      ] GC(73) User=0.01s Sys=0.00s Real=0.00s
[86.802s][info][gc,start    ] GC(74) Pause Young (Normal) (G1 Evacuation Pause)
[86.802s][info][gc,task     ] GC(74) Using 8 workers of 8 for evacuation
[86.803s][info][gc,phases   ] GC(74)   Pre Evacuate Collection Set: 0.0ms
[86.803s][info][gc,phases   ] GC(74)   Merge Heap Roots: 0.0ms
[86.803s][info][gc,phases   ] GC(74)   Evacuate Collection Set: 0.4ms
[86.803s][info][gc,phases   ] GC(74)   Post Evacuate Collection Set: 0.2ms
[86.803s][info][gc,phases   ] GC(74)   Other: 0.1ms
[86.803s][info][gc,heap     ] GC(74) Eden regions: 32->0(32)
[86.803s][info][gc,heap     ] GC(74) Survivor regions: 1->1(5)
[86.803s][info][gc,heap     ] GC(74) Old regions: 30->30
[86.803s][info][gc,heap     ] GC(74) Archive regions: 2->2
[86.803s][info][gc,heap     ] GC(74) Humongous regions: 0->0
[86.803s][info][gc,metaspace] GC(74) Metaspace: 44288K(45264K)->44288K(45264K) NonClass: 39000K(39632K)->39000K(39632K) Class: 5288K(5632K)->5288K(5632K)
[86.803s][info][gc          ] GC(74) Pause Young (Normal) (G1 Evacuation Pause) 62M->30M(74M) 0.896ms
[86.803s][info][gc,cpu      ] GC(74) User=0.01s Sys=0.00s Real=0.00s
[86.927s][info][gc,start    ] GC(75) Pause Young (Normal) (G1 Evacuation Pause)
[86.927s][info][gc,task     ] GC(75) Using 8 workers of 8 for evacuation
[86.927s][info][gc,phases   ] GC(75)   Pre Evacuate Collection Set: 0.1ms
[86.927s][info][gc,phases   ] GC(75)   Merge Heap Roots: 0.0ms
[86.927s][info][gc,phases   ] GC(75)   Evacuate Collection Set: 0.4ms
[86.927s][info][gc,phases   ] GC(75)   Post Evacuate Collection Set: 0.2ms
[86.927s][info][gc,phases   ] GC(75)   Other: 0.1ms
[86.927s][info][gc,heap     ] GC(75) Eden regions: 32->0(32)
[86.927s][info][gc,heap     ] GC(75) Survivor regions: 1->1(5)
[86.927s][info][gc,heap     ] GC(75) Old regions: 30->30
[86.927s][info][gc,heap     ] GC(75) Archive regions: 2->2
[86.927s][info][gc,heap     ] GC(75) Humongous regions: 0->0
[86.927s][info][gc,metaspace] GC(75) Metaspace: 44288K(45264K)->44288K(45264K) NonClass: 39000K(39632K)->39000K(39632K) Class: 5288K(5632K)->5288K(5632K)
[86.927s][info][gc          ] GC(75) Pause Young (Normal) (G1 Evacuation Pause) 62M->30M(74M) 0.952ms
[86.927s][info][gc,cpu      ] GC(75) User=0.00s Sys=0.00s Real=0.00s
[87.079s][info][gc,start    ] GC(76) Pause Young (Normal) (G1 Evacuation Pause)
[87.079s][info][gc,task     ] GC(76) Using 8 workers of 8 for evacuation
[87.080s][info][gc,phases   ] GC(76)   Pre Evacuate Collection Set: 0.0ms
[87.080s][info][gc,phases   ] GC(76)   Merge Heap Roots: 0.0ms
[87.080s][info][gc,phases   ] GC(76)   Evacuate Collection Set: 0.6ms
[87.080s][info][gc,phases   ] GC(76)   Post Evacuate Collection Set: 0.2ms
[87.080s][info][gc,phases   ] GC(76)   Other: 0.1ms
[87.080s][info][gc,heap     ] GC(76) Eden regions: 32->0(32)
[87.080s][info][gc,heap     ] GC(76) Survivor regions: 1->1(5)
[87.080s][info][gc,heap     ] GC(76) Old regions: 30->30
[87.080s][info][gc,heap     ] GC(76) Archive regions: 2->2
[87.080s][info][gc,heap     ] GC(76) Humongous regions: 0->0
[87.080s][info][gc,metaspace] GC(76) Metaspace: 44292K(45264K)->44292K(45264K) NonClass: 39004K(39632K)->39004K(39632K) Class: 5288K(5632K)->5288K(5632K)
[87.080s][info][gc          ] GC(76) Pause Young (Normal) (G1 Evacuation Pause) 62M->30M(74M) 1.068ms
[87.080s][info][gc,cpu      ] GC(76) User=0.00s Sys=0.00s Real=0.00s
[87.221s][info][gc,start    ] GC(77) Pause Young (Normal) (G1 Evacuation Pause)
[87.221s][info][gc,task     ] GC(77) Using 8 workers of 8 for evacuation
[87.222s][info][gc,phases   ] GC(77)   Pre Evacuate Collection Set: 0.0ms
[87.222s][info][gc,phases   ] GC(77)   Merge Heap Roots: 0.0ms
[87.222s][info][gc,phases   ] GC(77)   Evacuate Collection Set: 0.5ms
[87.222s][info][gc,phases   ] GC(77)   Post Evacuate Collection Set: 0.2ms
[87.222s][info][gc,phases   ] GC(77)   Other: 0.1ms
[87.222s][info][gc,heap     ] GC(77) Eden regions: 32->0(32)
[87.222s][info][gc,heap     ] GC(77) Survivor regions: 1->1(5)
[87.222s][info][gc,heap     ] GC(77) Old regions: 30->30
[87.222s][info][gc,heap     ] GC(77) Archive regions: 2->2
[87.222s][info][gc,heap     ] GC(77) Humongous regions: 0->0
[87.222s][info][gc,metaspace] GC(77) Metaspace: 44292K(45264K)->44292K(45264K) NonClass: 39004K(39632K)->39004K(39632K) Class: 5288K(5632K)->5288K(5632K)
[87.222s][info][gc          ] GC(77) Pause Young (Normal) (G1 Evacuation Pause) 62M->30M(74M) 0.912ms
[87.222s][info][gc,cpu      ] GC(77) User=0.00s Sys=0.00s Real=0.00s
[87.357s][info][gc,start    ] GC(78) Pause Young (Normal) (G1 Evacuation Pause)
[87.357s][info][gc,task     ] GC(78) Using 8 workers of 8 for evacuation
[87.357s][info][gc,phases   ] GC(78)   Pre Evacuate Collection Set: 0.0ms
[87.357s][info][gc,phases   ] GC(78)   Merge Heap Roots: 0.0ms
[87.357s][info][gc,phases   ] GC(78)   Evacuate Collection Set: 0.5ms
[87.357s][info][gc,phases   ] GC(78)   Post Evacuate Collection Set: 0.2ms
[87.357s][info][gc,phases   ] GC(78)   Other: 0.1ms
[87.357s][info][gc,heap     ] GC(78) Eden regions: 32->0(32)
[87.357s][info][gc,heap     ] GC(78) Survivor regions: 1->1(5)
[87.357s][info][gc,heap     ] GC(78) Old regions: 30->30
[87.357s][info][gc,heap     ] GC(78) Archive regions: 2->2
[87.357s][info][gc,heap     ] GC(78) Humongous regions: 0->0
[87.357s][info][gc,metaspace] GC(78) Metaspace: 44292K(45264K)->44292K(45264K) NonClass: 39004K(39632K)->39004K(39632K) Class: 5288K(5632K)->5288K(5632K)
[87.357s][info][gc          ] GC(78) Pause Young (Normal) (G1 Evacuation Pause) 62M->30M(74M) 0.920ms
[87.358s][info][gc,cpu      ] GC(78) User=0.00s Sys=0.00s Real=0.00s
[87.489s][info][gc,start    ] GC(79) Pause Young (Normal) (G1 Evacuation Pause)
[87.489s][info][gc,task     ] GC(79) Using 8 workers of 8 for evacuation
[87.490s][info][gc,phases   ] GC(79)   Pre Evacuate Collection Set: 0.0ms
[87.490s][info][gc,phases   ] GC(79)   Merge Heap Roots: 0.0ms
[87.490s][info][gc,phases   ] GC(79)   Evacuate Collection Set: 0.5ms
[87.490s][info][gc,phases   ] GC(79)   Post Evacuate Collection Set: 0.2ms
[87.490s][info][gc,phases   ] GC(79)   Other: 0.1ms
[87.490s][info][gc,heap     ] GC(79) Eden regions: 32->0(32)
[87.490s][info][gc,heap     ] GC(79) Survivor regions: 1->1(5)
[87.490s][info][gc,heap     ] GC(79) Old regions: 30->30
[87.490s][info][gc,heap     ] GC(79) Archive regions: 2->2
[87.490s][info][gc,heap     ] GC(79) Humongous regions: 0->0
[87.490s][info][gc,metaspace] GC(79) Metaspace: 44292K(45264K)->44292K(45264K) NonClass: 39004K(39632K)->39004K(39632K) Class: 5288K(5632K)->5288K(5632K)
[87.490s][info][gc          ] GC(79) Pause Young (Normal) (G1 Evacuation Pause) 62M->30M(74M) 0.976ms
[87.490s][info][gc,cpu      ] GC(79) User=0.01s Sys=0.00s Real=0.00s
[87.634s][info][gc,start    ] GC(80) Pause Young (Normal) (G1 Evacuation Pause)
[87.634s][info][gc,task     ] GC(80) Using 8 workers of 8 for evacuation
[87.635s][info][gc,phases   ] GC(80)   Pre Evacuate Collection Set: 0.0ms
[87.635s][info][gc,phases   ] GC(80)   Merge Heap Roots: 0.0ms
[87.635s][info][gc,phases   ] GC(80)   Evacuate Collection Set: 0.4ms
[87.635s][info][gc,phases   ] GC(80)   Post Evacuate Collection Set: 0.2ms
[87.635s][info][gc,phases   ] GC(80)   Other: 0.2ms
[87.635s][info][gc,heap     ] GC(80) Eden regions: 32->0(32)
[87.635s][info][gc,heap     ] GC(80) Survivor regions: 1->1(5)
[87.635s][info][gc,heap     ] GC(80) Old regions: 30->30
[87.635s][info][gc,heap     ] GC(80) Archive regions: 2->2
[87.635s][info][gc,heap     ] GC(80) Humongous regions: 0->0
[87.635s][info][gc,metaspace] GC(80) Metaspace: 44292K(45264K)->44292K(45264K) NonClass: 39004K(39632K)->39004K(39632K) Class: 5288K(5632K)->5288K(5632K)
[87.635s][info][gc          ] GC(80) Pause Young (Normal) (G1 Evacuation Pause) 62M->30M(74M) 0.848ms
[87.635s][info][gc,cpu      ] GC(80) User=0.00s Sys=0.00s Real=0.00s
[87.762s][info][gc,start    ] GC(81) Pause Young (Normal) (G1 Evacuation Pause)
[87.762s][info][gc,task     ] GC(81) Using 8 workers of 8 for evacuation
[87.763s][info][gc,phases   ] GC(81)   Pre Evacuate Collection Set: 0.0ms
[87.763s][info][gc,phases   ] GC(81)   Merge Heap Roots: 0.0ms
[87.763s][info][gc,phases   ] GC(81)   Evacuate Collection Set: 0.3ms
[87.763s][info][gc,phases   ] GC(81)   Post Evacuate Collection Set: 0.2ms
[87.763s][info][gc,phases   ] GC(81)   Other: 0.1ms
[87.763s][info][gc,heap     ] GC(81) Eden regions: 32->0(32)
[87.763s][info][gc,heap     ] GC(81) Survivor regions: 1->1(5)
[87.763s][info][gc,heap     ] GC(81) Old regions: 30->30
[87.763s][info][gc,heap     ] GC(81) Archive regions: 2->2
[87.763s][info][gc,heap     ] GC(81) Humongous regions: 0->0
[87.763s][info][gc,metaspace] GC(81) Metaspace: 44292K(45264K)->44292K(45264K) NonClass: 39004K(39632K)->39004K(39632K) Class: 5288K(5632K)->5288K(5632K)
[87.763s][info][gc          ] GC(81) Pause Young (Normal) (G1 Evacuation Pause) 62M->30M(74M) 0.738ms
[87.763s][info][gc,cpu      ] GC(81) User=0.00s Sys=0.00s Real=0.00s
[87.896s][info][gc,start    ] GC(82) Pause Young (Normal) (G1 Evacuation Pause)
[87.896s][info][gc,task     ] GC(82) Using 8 workers of 8 for evacuation
[87.897s][info][gc,phases   ] GC(82)   Pre Evacuate Collection Set: 0.0ms
[87.897s][info][gc,phases   ] GC(82)   Merge Heap Roots: 0.0ms
[87.897s][info][gc,phases   ] GC(82)   Evacuate Collection Set: 0.3ms
[87.897s][info][gc,phases   ] GC(82)   Post Evacuate Collection Set: 0.2ms
[87.897s][info][gc,phases   ] GC(82)   Other: 0.1ms
[87.897s][info][gc,heap     ] GC(82) Eden regions: 32->0(32)
[87.897s][info][gc,heap     ] GC(82) Survivor regions: 1->1(5)
[87.897s][info][gc,heap     ] GC(82) Old regions: 30->30
[87.897s][info][gc,heap     ] GC(82) Archive regions: 2->2
[87.897s][info][gc,heap     ] GC(82) Humongous regions: 0->0
[87.897s][info][gc,metaspace] GC(82) Metaspace: 44292K(45264K)->44292K(45264K) NonClass: 39004K(39632K)->39004K(39632K) Class: 5288K(5632K)->5288K(5632K)
[87.897s][info][gc          ] GC(82) Pause Young (Normal) (G1 Evacuation Pause) 62M->30M(74M) 0.795ms
[87.897s][info][gc,cpu      ] GC(82) User=0.00s Sys=0.00s Real=0.00s
[88.042s][info][gc,start    ] GC(83) Pause Young (Normal) (G1 Evacuation Pause)
[88.042s][info][gc,task     ] GC(83) Using 8 workers of 8 for evacuation
[88.043s][info][gc,phases   ] GC(83)   Pre Evacuate Collection Set: 0.1ms
[88.043s][info][gc,phases   ] GC(83)   Merge Heap Roots: 0.0ms
[88.043s][info][gc,phases   ] GC(83)   Evacuate Collection Set: 0.5ms
[88.043s][info][gc,phases   ] GC(83)   Post Evacuate Collection Set: 0.2ms
[88.043s][info][gc,phases   ] GC(83)   Other: 0.1ms
[88.043s][info][gc,heap     ] GC(83) Eden regions: 32->0(32)
[88.043s][info][gc,heap     ] GC(83) Survivor regions: 1->1(5)
[88.043s][info][gc,heap     ] GC(83) Old regions: 30->30
[88.043s][info][gc,heap     ] GC(83) Archive regions: 2->2
[88.043s][info][gc,heap     ] GC(83) Humongous regions: 0->0
[88.043s][info][gc,metaspace] GC(83) Metaspace: 44293K(45264K)->44293K(45264K) NonClass: 39005K(39632K)->39005K(39632K) Class: 5288K(5632K)->5288K(5632K)
[88.043s][info][gc          ] GC(83) Pause Young (Normal) (G1 Evacuation Pause) 62M->30M(74M) 0.950ms
[88.043s][info][gc,cpu      ] GC(83) User=0.00s Sys=0.00s Real=0.00s
[88.173s][info][gc,start    ] GC(84) Pause Young (Normal) (G1 Evacuation Pause)
[88.173s][info][gc,task     ] GC(84) Using 8 workers of 8 for evacuation
[88.173s][info][gc,phases   ] GC(84)   Pre Evacuate Collection Set: 0.0ms
[88.173s][info][gc,phases   ] GC(84)   Merge Heap Roots: 0.0ms
[88.173s][info][gc,phases   ] GC(84)   Evacuate Collection Set: 0.3ms
[88.173s][info][gc,phases   ] GC(84)   Post Evacuate Collection Set: 0.2ms
[88.173s][info][gc,phases   ] GC(84)   Other: 0.2ms
[88.173s][info][gc,heap     ] GC(84) Eden regions: 32->0(32)
[88.173s][info][gc,heap     ] GC(84) Survivor regions: 1->1(5)
[88.173s][info][gc,heap     ] GC(84) Old regions: 30->30
[88.173s][info][gc,heap     ] GC(84) Archive regions: 2->2
[88.173s][info][gc,heap     ] GC(84) Humongous regions: 0->0
[88.173s][info][gc,metaspace] GC(84) Metaspace: 44293K(45264K)->44293K(45264K) NonClass: 39005K(39632K)->39005K(39632K) Class: 5288K(5632K)->5288K(5632K)
[88.173s][info][gc          ] GC(84) Pause Young (Normal) (G1 Evacuation Pause) 62M->30M(74M) 0.799ms
[88.173s][info][gc,cpu      ] GC(84) User=0.00s Sys=0.00s Real=0.00s
[88.305s][info][gc,start    ] GC(85) Pause Young (Normal) (G1 Evacuation Pause)
[88.305s][info][gc,task     ] GC(85) Using 8 workers of 8 for evacuation
[88.306s][info][gc,phases   ] GC(85)   Pre Evacuate Collection Set: 0.0ms
[88.306s][info][gc,phases   ] GC(85)   Merge Heap Roots: 0.0ms
[88.306s][info][gc,phases   ] GC(85)   Evacuate Collection Set: 0.3ms
[88.306s][info][gc,phases   ] GC(85)   Post Evacuate Collection Set: 0.2ms
[88.306s][info][gc,phases   ] GC(85)   Other: 0.1ms
[88.306s][info][gc,heap     ] GC(85) Eden regions: 32->0(32)
[88.306s][info][gc,heap     ] GC(85) Survivor regions: 1->1(5)
[88.306s][info][gc,heap     ] GC(85) Old regions: 30->30
[88.306s][info][gc,heap     ] GC(85) Archive regions: 2->2
[88.306s][info][gc,heap     ] GC(85) Humongous regions: 0->0
[88.306s][info][gc,metaspace] GC(85) Metaspace: 44293K(45264K)->44293K(45264K) NonClass: 39005K(39632K)->39005K(39632K) Class: 5288K(5632K)->5288K(5632K)
[88.306s][info][gc          ] GC(85) Pause Young (Normal) (G1 Evacuation Pause) 62M->30M(74M) 0.790ms
[88.306s][info][gc,cpu      ] GC(85) User=0.00s Sys=0.00s Real=0.00s
[88.471s][info][gc,start    ] GC(86) Pause Young (Normal) (G1 Evacuation Pause)
[88.471s][info][gc,task     ] GC(86) Using 8 workers of 8 for evacuation
[88.471s][info][gc,phases   ] GC(86)   Pre Evacuate Collection Set: 0.0ms
[88.471s][info][gc,phases   ] GC(86)   Merge Heap Roots: 0.0ms
[88.471s][info][gc,phases   ] GC(86)   Evacuate Collection Set: 0.3ms
[88.471s][info][gc,phases   ] GC(86)   Post Evacuate Collection Set: 0.2ms
[88.471s][info][gc,phases   ] GC(86)   Other: 0.1ms
[88.471s][info][gc,heap     ] GC(86) Eden regions: 32->0(31)
[88.471s][info][gc,heap     ] GC(86) Survivor regions: 1->1(5)
[88.471s][info][gc,heap     ] GC(86) Old regions: 30->31
[88.471s][info][gc,heap     ] GC(86) Archive regions: 2->2
[88.471s][info][gc,heap     ] GC(86) Humongous regions: 0->0
[88.471s][info][gc,metaspace] GC(86) Metaspace: 44293K(45264K)->44293K(45264K) NonClass: 39005K(39632K)->39005K(39632K) Class: 5288K(5632K)->5288K(5632K)
[88.471s][info][gc          ] GC(86) Pause Young (Normal) (G1 Evacuation Pause) 62M->30M(74M) 0.839ms
[88.472s][info][gc,cpu      ] GC(86) User=0.00s Sys=0.00s Real=0.00s
[88.611s][info][gc,start    ] GC(87) Pause Young (Normal) (G1 Evacuation Pause)
[88.611s][info][gc,task     ] GC(87) Using 8 workers of 8 for evacuation
[88.612s][info][gc,phases   ] GC(87)   Pre Evacuate Collection Set: 0.0ms
[88.612s][info][gc,phases   ] GC(87)   Merge Heap Roots: 0.0ms
[88.612s][info][gc,phases   ] GC(87)   Evacuate Collection Set: 0.3ms
[88.612s][info][gc,phases   ] GC(87)   Post Evacuate Collection Set: 0.2ms
[88.612s][info][gc,phases   ] GC(87)   Other: 0.2ms
[88.612s][info][gc,heap     ] GC(87) Eden regions: 31->0(31)
[88.612s][info][gc,heap     ] GC(87) Survivor regions: 1->1(4)
[88.612s][info][gc,heap     ] GC(87) Old regions: 31->31
[88.612s][info][gc,heap     ] GC(87) Archive regions: 2->2
[88.612s][info][gc,heap     ] GC(87) Humongous regions: 0->0
[88.612s][info][gc,metaspace] GC(87) Metaspace: 44293K(45264K)->44293K(45264K) NonClass: 39005K(39632K)->39005K(39632K) Class: 5288K(5632K)->5288K(5632K)
[88.612s][info][gc          ] GC(87) Pause Young (Normal) (G1 Evacuation Pause) 61M->30M(74M) 0.844ms
[88.612s][info][gc,cpu      ] GC(87) User=0.00s Sys=0.00s Real=0.00s
[90.160s][info][gc,start    ] GC(88) Pause Young (Normal) (G1 Evacuation Pause)
[90.160s][info][gc,task     ] GC(88) Using 8 workers of 8 for evacuation
[90.161s][info][gc,phases   ] GC(88)   Pre Evacuate Collection Set: 0.0ms
[90.161s][info][gc,phases   ] GC(88)   Merge Heap Roots: 0.0ms
[90.161s][info][gc,phases   ] GC(88)   Evacuate Collection Set: 0.6ms
[90.161s][info][gc,phases   ] GC(88)   Post Evacuate Collection Set: 0.2ms
[90.161s][info][gc,phases   ] GC(88)   Other: 0.1ms
[90.161s][info][gc,heap     ] GC(88) Eden regions: 31->0(31)
[90.161s][info][gc,heap     ] GC(88) Survivor regions: 1->1(4)
[90.161s][info][gc,heap     ] GC(88) Old regions: 31->31
[90.161s][info][gc,heap     ] GC(88) Archive regions: 2->2
[90.161s][info][gc,heap     ] GC(88) Humongous regions: 0->0
[90.161s][info][gc,metaspace] GC(88) Metaspace: 44296K(45264K)->44296K(45264K) NonClass: 39007K(39632K)->39007K(39632K) Class: 5288K(5632K)->5288K(5632K)
[90.161s][info][gc          ] GC(88) Pause Young (Normal) (G1 Evacuation Pause) 61M->31M(74M) 1.140ms
[90.161s][info][gc,cpu      ] GC(88) User=0.00s Sys=0.00s Real=0.00s
[90.277s][info][gc,start    ] GC(89) Pause Young (Normal) (G1 Evacuation Pause)
[90.277s][info][gc,task     ] GC(89) Using 8 workers of 8 for evacuation
[90.277s][info][gc,phases   ] GC(89)   Pre Evacuate Collection Set: 0.0ms
[90.277s][info][gc,phases   ] GC(89)   Merge Heap Roots: 0.0ms
[90.277s][info][gc,phases   ] GC(89)   Evacuate Collection Set: 0.4ms
[90.277s][info][gc,phases   ] GC(89)   Post Evacuate Collection Set: 0.2ms
[90.277s][info][gc,phases   ] GC(89)   Other: 0.2ms
[90.277s][info][gc,heap     ] GC(89) Eden regions: 31->0(31)
[90.277s][info][gc,heap     ] GC(89) Survivor regions: 1->1(4)
[90.277s][info][gc,heap     ] GC(89) Old regions: 31->31
[90.277s][info][gc,heap     ] GC(89) Archive regions: 2->2
[90.277s][info][gc,heap     ] GC(89) Humongous regions: 0->0
[90.277s][info][gc,metaspace] GC(89) Metaspace: 44296K(45264K)->44296K(45264K) NonClass: 39007K(39632K)->39007K(39632K) Class: 5288K(5632K)->5288K(5632K)
[90.278s][info][gc          ] GC(89) Pause Young (Normal) (G1 Evacuation Pause) 62M->31M(74M) 0.935ms
[90.278s][info][gc,cpu      ] GC(89) User=0.00s Sys=0.00s Real=0.00s
[90.416s][info][gc,start    ] GC(90) Pause Young (Normal) (G1 Evacuation Pause)
[90.416s][info][gc,task     ] GC(90) Using 8 workers of 8 for evacuation
[90.417s][info][gc,phases   ] GC(90)   Pre Evacuate Collection Set: 0.0ms
[90.417s][info][gc,phases   ] GC(90)   Merge Heap Roots: 0.0ms
[90.417s][info][gc,phases   ] GC(90)   Evacuate Collection Set: 0.4ms
[90.417s][info][gc,phases   ] GC(90)   Post Evacuate Collection Set: 0.2ms
[90.417s][info][gc,phases   ] GC(90)   Other: 0.1ms
[90.417s][info][gc,heap     ] GC(90) Eden regions: 31->0(31)
[90.417s][info][gc,heap     ] GC(90) Survivor regions: 1->1(4)
[90.417s][info][gc,heap     ] GC(90) Old regions: 31->31
[90.417s][info][gc,heap     ] GC(90) Archive regions: 2->2
[90.417s][info][gc,heap     ] GC(90) Humongous regions: 0->0
[90.417s][info][gc,metaspace] GC(90) Metaspace: 44296K(45264K)->44296K(45264K) NonClass: 39007K(39632K)->39007K(39632K) Class: 5288K(5632K)->5288K(5632K)
[90.417s][info][gc          ] GC(90) Pause Young (Normal) (G1 Evacuation Pause) 62M->31M(74M) 0.865ms
[90.417s][info][gc,cpu      ] GC(90) User=0.01s Sys=0.00s Real=0.00s
[90.539s][info][gc,start    ] GC(91) Pause Young (Normal) (G1 Evacuation Pause)
[90.539s][info][gc,task     ] GC(91) Using 8 workers of 8 for evacuation
[90.539s][info][gc,phases   ] GC(91)   Pre Evacuate Collection Set: 0.0ms
[90.539s][info][gc,phases   ] GC(91)   Merge Heap Roots: 0.0ms
[90.539s][info][gc,phases   ] GC(91)   Evacuate Collection Set: 0.4ms
[90.539s][info][gc,phases   ] GC(91)   Post Evacuate Collection Set: 0.2ms
[90.539s][info][gc,phases   ] GC(91)   Other: 0.1ms
[90.539s][info][gc,heap     ] GC(91) Eden regions: 31->0(31)
[90.539s][info][gc,heap     ] GC(91) Survivor regions: 1->1(4)
[90.539s][info][gc,heap     ] GC(91) Old regions: 31->31
[90.539s][info][gc,heap     ] GC(91) Archive regions: 2->2
[90.539s][info][gc,heap     ] GC(91) Humongous regions: 0->0
[90.539s][info][gc,metaspace] GC(91) Metaspace: 44296K(45264K)->44296K(45264K) NonClass: 39007K(39632K)->39007K(39632K) Class: 5288K(5632K)->5288K(5632K)
[90.539s][info][gc          ] GC(91) Pause Young (Normal) (G1 Evacuation Pause) 62M->31M(74M) 0.808ms
[90.539s][info][gc,cpu      ] GC(91) User=0.00s Sys=0.00s Real=0.00s
[90.666s][info][gc,start    ] GC(92) Pause Young (Normal) (G1 Evacuation Pause)
[90.666s][info][gc,task     ] GC(92) Using 8 workers of 8 for evacuation
[90.666s][info][gc,phases   ] GC(92)   Pre Evacuate Collection Set: 0.0ms
[90.666s][info][gc,phases   ] GC(92)   Merge Heap Roots: 0.0ms
[90.666s][info][gc,phases   ] GC(92)   Evacuate Collection Set: 0.4ms
[90.666s][info][gc,phases   ] GC(92)   Post Evacuate Collection Set: 0.2ms
[90.666s][info][gc,phases   ] GC(92)   Other: 0.1ms
[90.666s][info][gc,heap     ] GC(92) Eden regions: 31->0(31)
[90.666s][info][gc,heap     ] GC(92) Survivor regions: 1->1(4)
[90.666s][info][gc,heap     ] GC(92) Old regions: 31->31
[90.666s][info][gc,heap     ] GC(92) Archive regions: 2->2
[90.666s][info][gc,heap     ] GC(92) Humongous regions: 0->0
[90.666s][info][gc,metaspace] GC(92) Metaspace: 44296K(45264K)->44296K(45264K) NonClass: 39007K(39632K)->39007K(39632K) Class: 5288K(5632K)->5288K(5632K)
[90.666s][info][gc          ] GC(92) Pause Young (Normal) (G1 Evacuation Pause) 62M->31M(74M) 0.837ms
[90.666s][info][gc,cpu      ] GC(92) User=0.01s Sys=0.00s Real=0.00s
[90.789s][info][gc,start    ] GC(93) Pause Young (Normal) (G1 Evacuation Pause)
[90.789s][info][gc,task     ] GC(93) Using 8 workers of 8 for evacuation
[90.790s][info][gc,phases   ] GC(93)   Pre Evacuate Collection Set: 0.0ms
[90.790s][info][gc,phases   ] GC(93)   Merge Heap Roots: 0.0ms
[90.790s][info][gc,phases   ] GC(93)   Evacuate Collection Set: 0.4ms
[90.790s][info][gc,phases   ] GC(93)   Post Evacuate Collection Set: 0.2ms
[90.790s][info][gc,phases   ] GC(93)   Other: 0.1ms
[90.790s][info][gc,heap     ] GC(93) Eden regions: 31->0(31)
[90.790s][info][gc,heap     ] GC(93) Survivor regions: 1->1(4)
[90.790s][info][gc,heap     ] GC(93) Old regions: 31->31
[90.790s][info][gc,heap     ] GC(93) Archive regions: 2->2
[90.790s][info][gc,heap     ] GC(93) Humongous regions: 0->0
[90.790s][info][gc,metaspace] GC(93) Metaspace: 44296K(45264K)->44296K(45264K) NonClass: 39007K(39632K)->39007K(39632K) Class: 5288K(5632K)->5288K(5632K)
[90.790s][info][gc          ] GC(93) Pause Young (Normal) (G1 Evacuation Pause) 62M->31M(74M) 0.863ms
[90.790s][info][gc,cpu      ] GC(93) User=0.00s Sys=0.00s Real=0.00s
[90.913s][info][gc,start    ] GC(94) Pause Young (Normal) (G1 Evacuation Pause)
[90.913s][info][gc,task     ] GC(94) Using 8 workers of 8 for evacuation
[90.914s][info][gc,phases   ] GC(94)   Pre Evacuate Collection Set: 0.0ms
[90.914s][info][gc,phases   ] GC(94)   Merge Heap Roots: 0.0ms
[90.914s][info][gc,phases   ] GC(94)   Evacuate Collection Set: 0.6ms
[90.914s][info][gc,phases   ] GC(94)   Post Evacuate Collection Set: 0.2ms
[90.914s][info][gc,phases   ] GC(94)   Other: 0.1ms
[90.914s][info][gc,heap     ] GC(94) Eden regions: 31->0(31)
[90.914s][info][gc,heap     ] GC(94) Survivor regions: 1->1(4)
[90.914s][info][gc,heap     ] GC(94) Old regions: 31->31
[90.914s][info][gc,heap     ] GC(94) Archive regions: 2->2
[90.914s][info][gc,heap     ] GC(94) Humongous regions: 0->0
[90.914s][info][gc,metaspace] GC(94) Metaspace: 44296K(45264K)->44296K(45264K) NonClass: 39007K(39632K)->39007K(39632K) Class: 5288K(5632K)->5288K(5632K)
[90.914s][info][gc          ] GC(94) Pause Young (Normal) (G1 Evacuation Pause) 62M->31M(74M) 1.026ms
[90.914s][info][gc,cpu      ] GC(94) User=0.00s Sys=0.00s Real=0.00s
[91.051s][info][gc,start    ] GC(95) Pause Young (Normal) (G1 Evacuation Pause)
[91.051s][info][gc,task     ] GC(95) Using 8 workers of 8 for evacuation
[91.052s][info][gc,phases   ] GC(95)   Pre Evacuate Collection Set: 0.0ms
[91.052s][info][gc,phases   ] GC(95)   Merge Heap Roots: 0.0ms
[91.052s][info][gc,phases   ] GC(95)   Evacuate Collection Set: 0.5ms
[91.052s][info][gc,phases   ] GC(95)   Post Evacuate Collection Set: 0.2ms
[91.052s][info][gc,phases   ] GC(95)   Other: 0.1ms
[91.052s][info][gc,heap     ] GC(95) Eden regions: 31->0(31)
[91.052s][info][gc,heap     ] GC(95) Survivor regions: 1->1(4)
[91.052s][info][gc,heap     ] GC(95) Old regions: 31->31
[91.052s][info][gc,heap     ] GC(95) Archive regions: 2->2
[91.052s][info][gc,heap     ] GC(95) Humongous regions: 0->0
[91.052s][info][gc,metaspace] GC(95) Metaspace: 44296K(45264K)->44296K(45264K) NonClass: 39007K(39632K)->39007K(39632K) Class: 5288K(5632K)->5288K(5632K)
[91.052s][info][gc          ] GC(95) Pause Young (Normal) (G1 Evacuation Pause) 62M->31M(74M) 0.963ms
[91.052s][info][gc,cpu      ] GC(95) User=0.00s Sys=0.00s Real=0.00s
[91.186s][info][gc,start    ] GC(96) Pause Young (Normal) (G1 Evacuation Pause)
[91.186s][info][gc,task     ] GC(96) Using 8 workers of 8 for evacuation
[91.187s][info][gc,phases   ] GC(96)   Pre Evacuate Collection Set: 0.1ms
[91.187s][info][gc,phases   ] GC(96)   Merge Heap Roots: 0.0ms
[91.187s][info][gc,phases   ] GC(96)   Evacuate Collection Set: 0.4ms
[91.187s][info][gc,phases   ] GC(96)   Post Evacuate Collection Set: 0.2ms
[91.187s][info][gc,phases   ] GC(96)   Other: 0.1ms
[91.187s][info][gc,heap     ] GC(96) Eden regions: 31->0(31)
[91.187s][info][gc,heap     ] GC(96) Survivor regions: 1->1(4)
[91.187s][info][gc,heap     ] GC(96) Old regions: 31->31
[91.187s][info][gc,heap     ] GC(96) Archive regions: 2->2
[91.187s][info][gc,heap     ] GC(96) Humongous regions: 0->0
[91.187s][info][gc,metaspace] GC(96) Metaspace: 44296K(45264K)->44296K(45264K) NonClass: 39007K(39632K)->39007K(39632K) Class: 5288K(5632K)->5288K(5632K)
[91.187s][info][gc          ] GC(96) Pause Young (Normal) (G1 Evacuation Pause) 62M->31M(74M) 0.920ms
[91.187s][info][gc,cpu      ] GC(96) User=0.00s Sys=0.00s Real=0.00s
[91.309s][info][gc,start    ] GC(97) Pause Young (Normal) (G1 Evacuation Pause)
[91.309s][info][gc,task     ] GC(97) Using 8 workers of 8 for evacuation
[91.310s][info][gc,phases   ] GC(97)   Pre Evacuate Collection Set: 0.0ms
[91.310s][info][gc,phases   ] GC(97)   Merge Heap Roots: 0.1ms
[91.310s][info][gc,phases   ] GC(97)   Evacuate Collection Set: 0.5ms
[91.310s][info][gc,phases   ] GC(97)   Post Evacuate Collection Set: 0.2ms
[91.310s][info][gc,phases   ] GC(97)   Other: 0.1ms
[91.310s][info][gc,heap     ] GC(97) Eden regions: 31->0(31)
[91.310s][info][gc,heap     ] GC(97) Survivor regions: 1->1(4)
[91.310s][info][gc,heap     ] GC(97) Old regions: 31->31
[91.310s][info][gc,heap     ] GC(97) Archive regions: 2->2
[91.310s][info][gc,heap     ] GC(97) Humongous regions: 0->0
[91.310s][info][gc,metaspace] GC(97) Metaspace: 44296K(45264K)->44296K(45264K) NonClass: 39007K(39632K)->39007K(39632K) Class: 5288K(5632K)->5288K(5632K)
[91.310s][info][gc          ] GC(97) Pause Young (Normal) (G1 Evacuation Pause) 62M->31M(74M) 0.974ms
[91.310s][info][gc,cpu      ] GC(97) User=0.00s Sys=0.00s Real=0.00s
[91.429s][info][gc,start    ] GC(98) Pause Young (Normal) (G1 Evacuation Pause)
[91.429s][info][gc,task     ] GC(98) Using 8 workers of 8 for evacuation
[91.430s][info][gc,phases   ] GC(98)   Pre Evacuate Collection Set: 0.0ms
[91.430s][info][gc,phases   ] GC(98)   Merge Heap Roots: 0.0ms
[91.430s][info][gc,phases   ] GC(98)   Evacuate Collection Set: 0.4ms
[91.430s][info][gc,phases   ] GC(98)   Post Evacuate Collection Set: 0.2ms
[91.430s][info][gc,phases   ] GC(98)   Other: 0.1ms
[91.430s][info][gc,heap     ] GC(98) Eden regions: 31->0(31)
[91.430s][info][gc,heap     ] GC(98) Survivor regions: 1->1(4)
[91.430s][info][gc,heap     ] GC(98) Old regions: 31->31
[91.430s][info][gc,heap     ] GC(98) Archive regions: 2->2
[91.430s][info][gc,heap     ] GC(98) Humongous regions: 0->0
[91.430s][info][gc,metaspace] GC(98) Metaspace: 44296K(45264K)->44296K(45264K) NonClass: 39007K(39632K)->39007K(39632K) Class: 5288K(5632K)->5288K(5632K)
[91.430s][info][gc          ] GC(98) Pause Young (Normal) (G1 Evacuation Pause) 62M->31M(74M) 0.873ms
[91.430s][info][gc,cpu      ] GC(98) User=0.00s Sys=0.00s Real=0.00s
[91.550s][info][gc,start    ] GC(99) Pause Young (Normal) (G1 Evacuation Pause)
[91.550s][info][gc,task     ] GC(99) Using 8 workers of 8 for evacuation
[91.551s][info][gc,phases   ] GC(99)   Pre Evacuate Collection Set: 0.0ms
[91.551s][info][gc,phases   ] GC(99)   Merge Heap Roots: 0.0ms
[91.551s][info][gc,phases   ] GC(99)   Evacuate Collection Set: 0.4ms
[91.551s][info][gc,phases   ] GC(99)   Post Evacuate Collection Set: 0.2ms
[91.551s][info][gc,phases   ] GC(99)   Other: 0.2ms
[91.551s][info][gc,heap     ] GC(99) Eden regions: 31->0(31)
[91.551s][info][gc,heap     ] GC(99) Survivor regions: 1->1(4)
[91.551s][info][gc,heap     ] GC(99) Old regions: 31->31
[91.551s][info][gc,heap     ] GC(99) Archive regions: 2->2
[91.551s][info][gc,heap     ] GC(99) Humongous regions: 0->0
[91.551s][info][gc,metaspace] GC(99) Metaspace: 44296K(45264K)->44296K(45264K) NonClass: 39007K(39632K)->39007K(39632K) Class: 5288K(5632K)->5288K(5632K)
[91.551s][info][gc          ] GC(99) Pause Young (Normal) (G1 Evacuation Pause) 62M->31M(74M) 0.875ms
[91.551s][info][gc,cpu      ] GC(99) User=0.00s Sys=0.00s Real=0.00s
[91.675s][info][gc,start    ] GC(100) Pause Young (Normal) (G1 Evacuation Pause)
[91.675s][info][gc,task     ] GC(100) Using 8 workers of 8 for evacuation
[91.676s][info][gc,phases   ] GC(100)   Pre Evacuate Collection Set: 0.0ms
[91.676s][info][gc,phases   ] GC(100)   Merge Heap Roots: 0.0ms
[91.676s][info][gc,phases   ] GC(100)   Evacuate Collection Set: 0.4ms
[91.676s][info][gc,phases   ] GC(100)   Post Evacuate Collection Set: 0.2ms
[91.676s][info][gc,phases   ] GC(100)   Other: 0.1ms
[91.676s][info][gc,heap     ] GC(100) Eden regions: 31->0(31)
[91.676s][info][gc,heap     ] GC(100) Survivor regions: 1->1(4)
[91.676s][info][gc,heap     ] GC(100) Old regions: 31->31
[91.676s][info][gc,heap     ] GC(100) Archive regions: 2->2
[91.676s][info][gc,heap     ] GC(100) Humongous regions: 0->0
[91.676s][info][gc,metaspace] GC(100) Metaspace: 44296K(45264K)->44296K(45264K) NonClass: 39007K(39632K)->39007K(39632K) Class: 5288K(5632K)->5288K(5632K)
[91.676s][info][gc          ] GC(100) Pause Young (Normal) (G1 Evacuation Pause) 62M->31M(74M) 0.828ms
[91.676s][info][gc,cpu      ] GC(100) User=0.01s Sys=0.00s Real=0.00s
[91.821s][info][gc,start    ] GC(101) Pause Young (Normal) (G1 Evacuation Pause)
[91.821s][info][gc,task     ] GC(101) Using 8 workers of 8 for evacuation
[91.822s][info][gc,phases   ] GC(101)   Pre Evacuate Collection Set: 0.0ms
[91.822s][info][gc,phases   ] GC(101)   Merge Heap Roots: 0.0ms
[91.822s][info][gc,phases   ] GC(101)   Evacuate Collection Set: 0.6ms
[91.822s][info][gc,phases   ] GC(101)   Post Evacuate Collection Set: 0.2ms
[91.822s][info][gc,phases   ] GC(101)   Other: 0.1ms
[91.822s][info][gc,heap     ] GC(101) Eden regions: 31->0(31)
[91.822s][info][gc,heap     ] GC(101) Survivor regions: 1->1(4)
[91.822s][info][gc,heap     ] GC(101) Old regions: 31->31
[91.822s][info][gc,heap     ] GC(101) Archive regions: 2->2
[91.822s][info][gc,heap     ] GC(101) Humongous regions: 0->0
[91.822s][info][gc,metaspace] GC(101) Metaspace: 44296K(45264K)->44296K(45264K) NonClass: 39008K(39632K)->39008K(39632K) Class: 5288K(5632K)->5288K(5632K)
[91.822s][info][gc          ] GC(101) Pause Young (Normal) (G1 Evacuation Pause) 62M->31M(74M) 1.113ms
[91.822s][info][gc,cpu      ] GC(101) User=0.00s Sys=0.00s Real=0.00s
[91.982s][info][gc,start    ] GC(102) Pause Young (Normal) (G1 Evacuation Pause)
[91.982s][info][gc,task     ] GC(102) Using 8 workers of 8 for evacuation
[91.983s][info][gc,phases   ] GC(102)   Pre Evacuate Collection Set: 0.0ms
[91.983s][info][gc,phases   ] GC(102)   Merge Heap Roots: 0.0ms
[91.983s][info][gc,phases   ] GC(102)   Evacuate Collection Set: 0.4ms
[91.983s][info][gc,phases   ] GC(102)   Post Evacuate Collection Set: 0.2ms
[91.983s][info][gc,phases   ] GC(102)   Other: 0.1ms
[91.983s][info][gc,heap     ] GC(102) Eden regions: 31->0(31)
[91.983s][info][gc,heap     ] GC(102) Survivor regions: 1->1(4)
[91.983s][info][gc,heap     ] GC(102) Old regions: 31->31
[91.983s][info][gc,heap     ] GC(102) Archive regions: 2->2
[91.983s][info][gc,heap     ] GC(102) Humongous regions: 0->0
[91.983s][info][gc,metaspace] GC(102) Metaspace: 44296K(45264K)->44296K(45264K) NonClass: 39008K(39632K)->39008K(39632K) Class: 5288K(5632K)->5288K(5632K)
[91.983s][info][gc          ] GC(102) Pause Young (Normal) (G1 Evacuation Pause) 62M->31M(74M) 0.881ms
[91.983s][info][gc,cpu      ] GC(102) User=0.00s Sys=0.00s Real=0.00s
[92.147s][info][gc,start    ] GC(103) Pause Young (Normal) (G1 Evacuation Pause)
[92.147s][info][gc,task     ] GC(103) Using 8 workers of 8 for evacuation
[92.148s][info][gc,phases   ] GC(103)   Pre Evacuate Collection Set: 0.0ms
[92.148s][info][gc,phases   ] GC(103)   Merge Heap Roots: 0.0ms
[92.148s][info][gc,phases   ] GC(103)   Evacuate Collection Set: 0.4ms
[92.148s][info][gc,phases   ] GC(103)   Post Evacuate Collection Set: 0.2ms
[92.148s][info][gc,phases   ] GC(103)   Other: 0.1ms
[92.148s][info][gc,heap     ] GC(103) Eden regions: 31->0(31)
[92.148s][info][gc,heap     ] GC(103) Survivor regions: 1->1(4)
[92.148s][info][gc,heap     ] GC(103) Old regions: 31->31
[92.148s][info][gc,heap     ] GC(103) Archive regions: 2->2
[92.148s][info][gc,heap     ] GC(103) Humongous regions: 0->0
[92.148s][info][gc,metaspace] GC(103) Metaspace: 44299K(45264K)->44299K(45264K) NonClass: 39011K(39632K)->39011K(39632K) Class: 5288K(5632K)->5288K(5632K)
[92.148s][info][gc          ] GC(103) Pause Young (Normal) (G1 Evacuation Pause) 62M->31M(74M) 0.870ms
[92.148s][info][gc,cpu      ] GC(103) User=0.00s Sys=0.00s Real=0.01s
[92.290s][info][gc,start    ] GC(104) Pause Young (Normal) (G1 Evacuation Pause)
[92.290s][info][gc,task     ] GC(104) Using 8 workers of 8 for evacuation
[92.291s][info][gc,phases   ] GC(104)   Pre Evacuate Collection Set: 0.0ms
[92.291s][info][gc,phases   ] GC(104)   Merge Heap Roots: 0.0ms
[92.291s][info][gc,phases   ] GC(104)   Evacuate Collection Set: 0.3ms
[92.291s][info][gc,phases   ] GC(104)   Post Evacuate Collection Set: 0.2ms
[92.291s][info][gc,phases   ] GC(104)   Other: 0.1ms
[92.291s][info][gc,heap     ] GC(104) Eden regions: 31->0(31)
[92.291s][info][gc,heap     ] GC(104) Survivor regions: 1->1(4)
[92.291s][info][gc,heap     ] GC(104) Old regions: 31->31
[92.291s][info][gc,heap     ] GC(104) Archive regions: 2->2
[92.291s][info][gc,heap     ] GC(104) Humongous regions: 0->0
[92.291s][info][gc,metaspace] GC(104) Metaspace: 44299K(45264K)->44299K(45264K) NonClass: 39011K(39632K)->39011K(39632K) Class: 5288K(5632K)->5288K(5632K)
[92.291s][info][gc          ] GC(104) Pause Young (Normal) (G1 Evacuation Pause) 62M->31M(74M) 0.736ms
[92.291s][info][gc,cpu      ] GC(104) User=0.00s Sys=0.00s Real=0.00s
[92.442s][info][gc,start    ] GC(105) Pause Young (Normal) (G1 Evacuation Pause)
[92.442s][info][gc,task     ] GC(105) Using 8 workers of 8 for evacuation
[92.442s][info][gc,phases   ] GC(105)   Pre Evacuate Collection Set: 0.0ms
[92.442s][info][gc,phases   ] GC(105)   Merge Heap Roots: 0.0ms
[92.442s][info][gc,phases   ] GC(105)   Evacuate Collection Set: 0.3ms
[92.442s][info][gc,phases   ] GC(105)   Post Evacuate Collection Set: 0.1ms
[92.442s][info][gc,phases   ] GC(105)   Other: 0.1ms
[92.442s][info][gc,heap     ] GC(105) Eden regions: 31->0(31)
[92.442s][info][gc,heap     ] GC(105) Survivor regions: 1->1(4)
[92.442s][info][gc,heap     ] GC(105) Old regions: 31->31
[92.442s][info][gc,heap     ] GC(105) Archive regions: 2->2
[92.442s][info][gc,heap     ] GC(105) Humongous regions: 0->0
[92.442s][info][gc,metaspace] GC(105) Metaspace: 44299K(45264K)->44299K(45264K) NonClass: 39011K(39632K)->39011K(39632K) Class: 5288K(5632K)->5288K(5632K)
[92.443s][info][gc          ] GC(105) Pause Young (Normal) (G1 Evacuation Pause) 62M->31M(74M) 0.721ms
[92.443s][info][gc,cpu      ] GC(105) User=0.01s Sys=0.00s Real=0.00s
[92.574s][info][gc,start    ] GC(106) Pause Young (Normal) (G1 Evacuation Pause)
[92.574s][info][gc,task     ] GC(106) Using 8 workers of 8 for evacuation
[92.575s][info][gc,phases   ] GC(106)   Pre Evacuate Collection Set: 0.0ms
[92.575s][info][gc,phases   ] GC(106)   Merge Heap Roots: 0.0ms
[92.575s][info][gc,phases   ] GC(106)   Evacuate Collection Set: 0.3ms
[92.575s][info][gc,phases   ] GC(106)   Post Evacuate Collection Set: 0.2ms
[92.575s][info][gc,phases   ] GC(106)   Other: 0.1ms
[92.575s][info][gc,heap     ] GC(106) Eden regions: 31->0(31)
[92.575s][info][gc,heap     ] GC(106) Survivor regions: 1->1(4)
[92.575s][info][gc,heap     ] GC(106) Old regions: 31->31
[92.575s][info][gc,heap     ] GC(106) Archive regions: 2->2
[92.575s][info][gc,heap     ] GC(106) Humongous regions: 0->0
[92.575s][info][gc,metaspace] GC(106) Metaspace: 44300K(45264K)->44300K(45264K) NonClass: 39011K(39632K)->39011K(39632K) Class: 5288K(5632K)->5288K(5632K)
[92.575s][info][gc          ] GC(106) Pause Young (Normal) (G1 Evacuation Pause) 62M->31M(74M) 0.708ms
[92.575s][info][gc,cpu      ] GC(106) User=0.00s Sys=0.00s Real=0.00s
[92.697s][info][gc,start    ] GC(107) Pause Young (Normal) (G1 Evacuation Pause)
[92.697s][info][gc,task     ] GC(107) Using 8 workers of 8 for evacuation
[92.698s][info][gc,phases   ] GC(107)   Pre Evacuate Collection Set: 0.0ms
[92.698s][info][gc,phases   ] GC(107)   Merge Heap Roots: 0.0ms
[92.698s][info][gc,phases   ] GC(107)   Evacuate Collection Set: 0.4ms
[92.698s][info][gc,phases   ] GC(107)   Post Evacuate Collection Set: 0.2ms
[92.698s][info][gc,phases   ] GC(107)   Other: 0.1ms
[92.698s][info][gc,heap     ] GC(107) Eden regions: 31->0(31)
[92.698s][info][gc,heap     ] GC(107) Survivor regions: 1->1(4)
[92.698s][info][gc,heap     ] GC(107) Old regions: 31->31
[92.698s][info][gc,heap     ] GC(107) Archive regions: 2->2
[92.698s][info][gc,heap     ] GC(107) Humongous regions: 0->0
[92.698s][info][gc,metaspace] GC(107) Metaspace: 44300K(45264K)->44300K(45264K) NonClass: 39011K(39632K)->39011K(39632K) Class: 5288K(5632K)->5288K(5632K)
[92.698s][info][gc          ] GC(107) Pause Young (Normal) (G1 Evacuation Pause) 62M->31M(74M) 0.793ms
[92.698s][info][gc,cpu      ] GC(107) User=0.00s Sys=0.00s Real=0.01s
[92.831s][info][gc,start    ] GC(108) Pause Young (Normal) (G1 Evacuation Pause)
[92.831s][info][gc,task     ] GC(108) Using 8 workers of 8 for evacuation
[92.831s][info][gc,phases   ] GC(108)   Pre Evacuate Collection Set: 0.0ms
[92.831s][info][gc,phases   ] GC(108)   Merge Heap Roots: 0.0ms
[92.832s][info][gc,phases   ] GC(108)   Evacuate Collection Set: 0.3ms
[92.832s][info][gc,phases   ] GC(108)   Post Evacuate Collection Set: 0.2ms
[92.832s][info][gc,phases   ] GC(108)   Other: 0.1ms
[92.832s][info][gc,heap     ] GC(108) Eden regions: 31->0(31)
[92.832s][info][gc,heap     ] GC(108) Survivor regions: 1->1(4)
[92.832s][info][gc,heap     ] GC(108) Old regions: 31->31
[92.832s][info][gc,heap     ] GC(108) Archive regions: 2->2
[92.832s][info][gc,heap     ] GC(108) Humongous regions: 0->0
[92.832s][info][gc,metaspace] GC(108) Metaspace: 44300K(45264K)->44300K(45264K) NonClass: 39011K(39632K)->39011K(39632K) Class: 5288K(5632K)->5288K(5632K)
[92.832s][info][gc          ] GC(108) Pause Young (Normal) (G1 Evacuation Pause) 62M->31M(74M) 0.736ms
[92.832s][info][gc,cpu      ] GC(108) User=0.00s Sys=0.00s Real=0.00s
[92.959s][info][gc,start    ] GC(109) Pause Young (Normal) (G1 Evacuation Pause)
[92.959s][info][gc,task     ] GC(109) Using 8 workers of 8 for evacuation
[92.960s][info][gc,phases   ] GC(109)   Pre Evacuate Collection Set: 0.0ms
[92.960s][info][gc,phases   ] GC(109)   Merge Heap Roots: 0.0ms
[92.960s][info][gc,phases   ] GC(109)   Evacuate Collection Set: 0.4ms
[92.960s][info][gc,phases   ] GC(109)   Post Evacuate Collection Set: 0.2ms
[92.960s][info][gc,phases   ] GC(109)   Other: 0.1ms
[92.960s][info][gc,heap     ] GC(109) Eden regions: 31->0(31)
[92.960s][info][gc,heap     ] GC(109) Survivor regions: 1->1(4)
[92.960s][info][gc,heap     ] GC(109) Old regions: 31->31
[92.960s][info][gc,heap     ] GC(109) Archive regions: 2->2
[92.960s][info][gc,heap     ] GC(109) Humongous regions: 0->0
[92.960s][info][gc,metaspace] GC(109) Metaspace: 44304K(45264K)->44304K(45264K) NonClass: 39016K(39632K)->39016K(39632K) Class: 5288K(5632K)->5288K(5632K)
[92.960s][info][gc          ] GC(109) Pause Young (Normal) (G1 Evacuation Pause) 62M->31M(74M) 0.783ms
[92.960s][info][gc,cpu      ] GC(109) User=0.00s Sys=0.00s Real=0.00s
[93.101s][info][gc,start    ] GC(110) Pause Young (Normal) (G1 Evacuation Pause)
[93.101s][info][gc,task     ] GC(110) Using 8 workers of 8 for evacuation
[93.101s][info][gc,phases   ] GC(110)   Pre Evacuate Collection Set: 0.1ms
[93.101s][info][gc,phases   ] GC(110)   Merge Heap Roots: 0.0ms
[93.101s][info][gc,phases   ] GC(110)   Evacuate Collection Set: 0.4ms
[93.101s][info][gc,phases   ] GC(110)   Post Evacuate Collection Set: 0.2ms
[93.101s][info][gc,phases   ] GC(110)   Other: 0.1ms
[93.101s][info][gc,heap     ] GC(110) Eden regions: 31->0(31)
[93.101s][info][gc,heap     ] GC(110) Survivor regions: 1->1(4)
[93.101s][info][gc,heap     ] GC(110) Old regions: 31->31
[93.101s][info][gc,heap     ] GC(110) Archive regions: 2->2
[93.101s][info][gc,heap     ] GC(110) Humongous regions: 0->0
[93.101s][info][gc,metaspace] GC(110) Metaspace: 44304K(45264K)->44304K(45264K) NonClass: 39016K(39632K)->39016K(39632K) Class: 5288K(5632K)->5288K(5632K)
[93.101s][info][gc          ] GC(110) Pause Young (Normal) (G1 Evacuation Pause) 62M->31M(74M) 0.872ms
[93.101s][info][gc,cpu      ] GC(110) User=0.01s Sys=0.01s Real=0.00s
[100.885s][info][gc,start    ] GC(111) Pause Young (Normal) (G1 Evacuation Pause)
[100.885s][info][gc,task     ] GC(111) Using 8 workers of 8 for evacuation
[100.886s][info][gc,phases   ] GC(111)   Pre Evacuate Collection Set: 0.0ms
[100.886s][info][gc,phases   ] GC(111)   Merge Heap Roots: 0.0ms
[100.886s][info][gc,phases   ] GC(111)   Evacuate Collection Set: 0.5ms
[100.886s][info][gc,phases   ] GC(111)   Post Evacuate Collection Set: 0.2ms
[100.886s][info][gc,phases   ] GC(111)   Other: 0.2ms
[100.886s][info][gc,heap     ] GC(111) Eden regions: 31->0(31)
[100.886s][info][gc,heap     ] GC(111) Survivor regions: 1->1(4)
[100.886s][info][gc,heap     ] GC(111) Old regions: 31->31
[100.886s][info][gc,heap     ] GC(111) Archive regions: 2->2
[100.886s][info][gc,heap     ] GC(111) Humongous regions: 0->0
[100.886s][info][gc,metaspace] GC(111) Metaspace: 44308K(45264K)->44308K(45264K) NonClass: 39020K(39632K)->39020K(39632K) Class: 5288K(5632K)->5288K(5632K)
[100.886s][info][gc          ] GC(111) Pause Young (Normal) (G1 Evacuation Pause) 62M->31M(74M) 0.913ms
[100.886s][info][gc,cpu      ] GC(111) User=0.00s Sys=0.00s Real=0.00s
[101.017s][info][gc,start    ] GC(112) Pause Young (Normal) (G1 Evacuation Pause)
[101.017s][info][gc,task     ] GC(112) Using 8 workers of 8 for evacuation
[101.018s][info][gc,phases   ] GC(112)   Pre Evacuate Collection Set: 0.0ms
[101.018s][info][gc,phases   ] GC(112)   Merge Heap Roots: 0.0ms
[101.018s][info][gc,phases   ] GC(112)   Evacuate Collection Set: 0.5ms
[101.018s][info][gc,phases   ] GC(112)   Post Evacuate Collection Set: 0.2ms
[101.018s][info][gc,phases   ] GC(112)   Other: 0.1ms
[101.018s][info][gc,heap     ] GC(112) Eden regions: 31->0(31)
[101.018s][info][gc,heap     ] GC(112) Survivor regions: 1->1(4)
[101.018s][info][gc,heap     ] GC(112) Old regions: 31->31
[101.018s][info][gc,heap     ] GC(112) Archive regions: 2->2
[101.018s][info][gc,heap     ] GC(112) Humongous regions: 0->0
[101.018s][info][gc,metaspace] GC(112) Metaspace: 44308K(45264K)->44308K(45264K) NonClass: 39020K(39632K)->39020K(39632K) Class: 5288K(5632K)->5288K(5632K)
[101.018s][info][gc          ] GC(112) Pause Young (Normal) (G1 Evacuation Pause) 62M->31M(74M) 0.959ms
[101.018s][info][gc,cpu      ] GC(112) User=0.01s Sys=0.00s Real=0.01s
[101.128s][info][gc,start    ] GC(113) Pause Young (Normal) (G1 Evacuation Pause)
[101.128s][info][gc,task     ] GC(113) Using 8 workers of 8 for evacuation
[101.128s][info][gc,phases   ] GC(113)   Pre Evacuate Collection Set: 0.0ms
[101.128s][info][gc,phases   ] GC(113)   Merge Heap Roots: 0.0ms
[101.128s][info][gc,phases   ] GC(113)   Evacuate Collection Set: 0.4ms
[101.128s][info][gc,phases   ] GC(113)   Post Evacuate Collection Set: 0.2ms
[101.128s][info][gc,phases   ] GC(113)   Other: 0.1ms
[101.128s][info][gc,heap     ] GC(113) Eden regions: 31->0(31)
[101.128s][info][gc,heap     ] GC(113) Survivor regions: 1->1(4)
[101.128s][info][gc,heap     ] GC(113) Old regions: 31->31
[101.128s][info][gc,heap     ] GC(113) Archive regions: 2->2
[101.128s][info][gc,heap     ] GC(113) Humongous regions: 0->0
[101.128s][info][gc,metaspace] GC(113) Metaspace: 44308K(45264K)->44308K(45264K) NonClass: 39020K(39632K)->39020K(39632K) Class: 5288K(5632K)->5288K(5632K)
[101.128s][info][gc          ] GC(113) Pause Young (Normal) (G1 Evacuation Pause) 62M->31M(74M) 0.852ms
[101.128s][info][gc,cpu      ] GC(113) User=0.01s Sys=0.00s Real=0.01s
[101.256s][info][gc,start    ] GC(114) Pause Young (Normal) (G1 Evacuation Pause)
[101.256s][info][gc,task     ] GC(114) Using 8 workers of 8 for evacuation
[101.257s][info][gc,phases   ] GC(114)   Pre Evacuate Collection Set: 0.0ms
[101.257s][info][gc,phases   ] GC(114)   Merge Heap Roots: 0.0ms
[101.257s][info][gc,phases   ] GC(114)   Evacuate Collection Set: 0.4ms
[101.257s][info][gc,phases   ] GC(114)   Post Evacuate Collection Set: 0.2ms
[101.257s][info][gc,phases   ] GC(114)   Other: 0.2ms
[101.257s][info][gc,heap     ] GC(114) Eden regions: 31->0(31)
[101.257s][info][gc,heap     ] GC(114) Survivor regions: 1->1(4)
[101.257s][info][gc,heap     ] GC(114) Old regions: 31->31
[101.257s][info][gc,heap     ] GC(114) Archive regions: 2->2
[101.257s][info][gc,heap     ] GC(114) Humongous regions: 0->0
[101.257s][info][gc,metaspace] GC(114) Metaspace: 44308K(45264K)->44308K(45264K) NonClass: 39020K(39632K)->39020K(39632K) Class: 5288K(5632K)->5288K(5632K)
[101.257s][info][gc          ] GC(114) Pause Young (Normal) (G1 Evacuation Pause) 62M->32M(74M) 0.862ms
[101.257s][info][gc,cpu      ] GC(114) User=0.00s Sys=0.00s Real=0.00s
[101.374s][info][gc,start    ] GC(115) Pause Young (Normal) (G1 Evacuation Pause)
[101.374s][info][gc,task     ] GC(115) Using 8 workers of 8 for evacuation
[101.375s][info][gc,phases   ] GC(115)   Pre Evacuate Collection Set: 0.0ms
[101.375s][info][gc,phases   ] GC(115)   Merge Heap Roots: 0.0ms
[101.375s][info][gc,phases   ] GC(115)   Evacuate Collection Set: 0.5ms
[101.375s][info][gc,phases   ] GC(115)   Post Evacuate Collection Set: 0.2ms
[101.375s][info][gc,phases   ] GC(115)   Other: 0.1ms
[101.375s][info][gc,heap     ] GC(115) Eden regions: 31->0(31)
[101.375s][info][gc,heap     ] GC(115) Survivor regions: 1->1(4)
[101.375s][info][gc,heap     ] GC(115) Old regions: 31->31
[101.375s][info][gc,heap     ] GC(115) Archive regions: 2->2
[101.375s][info][gc,heap     ] GC(115) Humongous regions: 0->0
[101.375s][info][gc,metaspace] GC(115) Metaspace: 44308K(45264K)->44308K(45264K) NonClass: 39020K(39632K)->39020K(39632K) Class: 5288K(5632K)->5288K(5632K)
[101.375s][info][gc          ] GC(115) Pause Young (Normal) (G1 Evacuation Pause) 63M->32M(74M) 0.900ms
[101.375s][info][gc,cpu      ] GC(115) User=0.01s Sys=0.00s Real=0.00s
[101.510s][info][gc,start    ] GC(116) Pause Young (Normal) (G1 Evacuation Pause)
[101.510s][info][gc,task     ] GC(116) Using 8 workers of 8 for evacuation
[101.510s][info][gc,phases   ] GC(116)   Pre Evacuate Collection Set: 0.0ms
[101.511s][info][gc,phases   ] GC(116)   Merge Heap Roots: 0.0ms
[101.511s][info][gc,phases   ] GC(116)   Evacuate Collection Set: 0.5ms
[101.511s][info][gc,phases   ] GC(116)   Post Evacuate Collection Set: 0.2ms
[101.511s][info][gc,phases   ] GC(116)   Other: 0.2ms
[101.511s][info][gc,heap     ] GC(116) Eden regions: 31->0(31)
[101.511s][info][gc,heap     ] GC(116) Survivor regions: 1->1(4)
[101.511s][info][gc,heap     ] GC(116) Old regions: 31->31
[101.511s][info][gc,heap     ] GC(116) Archive regions: 2->2
[101.511s][info][gc,heap     ] GC(116) Humongous regions: 0->0
[101.511s][info][gc,metaspace] GC(116) Metaspace: 44308K(45264K)->44308K(45264K) NonClass: 39020K(39632K)->39020K(39632K) Class: 5288K(5632K)->5288K(5632K)
[101.511s][info][gc          ] GC(116) Pause Young (Normal) (G1 Evacuation Pause) 63M->32M(74M) 0.970ms
[101.511s][info][gc,cpu      ] GC(116) User=0.00s Sys=0.00s Real=0.00s
[101.626s][info][gc,start    ] GC(117) Pause Young (Normal) (G1 Evacuation Pause)
[101.626s][info][gc,task     ] GC(117) Using 8 workers of 8 for evacuation
[101.627s][info][gc,phases   ] GC(117)   Pre Evacuate Collection Set: 0.0ms
[101.627s][info][gc,phases   ] GC(117)   Merge Heap Roots: 0.0ms
[101.627s][info][gc,phases   ] GC(117)   Evacuate Collection Set: 0.4ms
[101.627s][info][gc,phases   ] GC(117)   Post Evacuate Collection Set: 0.2ms
[101.627s][info][gc,phases   ] GC(117)   Other: 0.1ms
[101.627s][info][gc,heap     ] GC(117) Eden regions: 31->0(31)
[101.627s][info][gc,heap     ] GC(117) Survivor regions: 1->1(4)
[101.627s][info][gc,heap     ] GC(117) Old regions: 31->31
[101.627s][info][gc,heap     ] GC(117) Archive regions: 2->2
[101.627s][info][gc,heap     ] GC(117) Humongous regions: 0->0
[101.627s][info][gc,metaspace] GC(117) Metaspace: 44308K(45264K)->44308K(45264K) NonClass: 39020K(39632K)->39020K(39632K) Class: 5288K(5632K)->5288K(5632K)
[101.627s][info][gc          ] GC(117) Pause Young (Normal) (G1 Evacuation Pause) 63M->32M(74M) 0.866ms
[101.627s][info][gc,cpu      ] GC(117) User=0.00s Sys=0.00s Real=0.00s
[101.742s][info][gc,start    ] GC(118) Pause Young (Normal) (G1 Evacuation Pause)
[101.742s][info][gc,task     ] GC(118) Using 8 workers of 8 for evacuation
[101.743s][info][gc,phases   ] GC(118)   Pre Evacuate Collection Set: 0.0ms
[101.743s][info][gc,phases   ] GC(118)   Merge Heap Roots: 0.0ms
[101.743s][info][gc,phases   ] GC(118)   Evacuate Collection Set: 0.4ms
[101.743s][info][gc,phases   ] GC(118)   Post Evacuate Collection Set: 0.2ms
[101.743s][info][gc,phases   ] GC(118)   Other: 0.1ms
[101.743s][info][gc,heap     ] GC(118) Eden regions: 31->0(31)
[101.743s][info][gc,heap     ] GC(118) Survivor regions: 1->1(4)
[101.743s][info][gc,heap     ] GC(118) Old regions: 31->31
[101.743s][info][gc,heap     ] GC(118) Archive regions: 2->2
[101.743s][info][gc,heap     ] GC(118) Humongous regions: 0->0
[101.743s][info][gc,metaspace] GC(118) Metaspace: 44308K(45264K)->44308K(45264K) NonClass: 39020K(39632K)->39020K(39632K) Class: 5288K(5632K)->5288K(5632K)
[101.743s][info][gc          ] GC(118) Pause Young (Normal) (G1 Evacuation Pause) 63M->32M(74M) 0.888ms
[101.743s][info][gc,cpu      ] GC(118) User=0.01s Sys=0.00s Real=0.00s
[101.861s][info][gc,start    ] GC(119) Pause Young (Normal) (G1 Evacuation Pause)
[101.861s][info][gc,task     ] GC(119) Using 8 workers of 8 for evacuation
[101.861s][info][gc,phases   ] GC(119)   Pre Evacuate Collection Set: 0.0ms
[101.861s][info][gc,phases   ] GC(119)   Merge Heap Roots: 0.0ms
[101.861s][info][gc,phases   ] GC(119)   Evacuate Collection Set: 0.4ms
[101.861s][info][gc,phases   ] GC(119)   Post Evacuate Collection Set: 0.2ms
[101.861s][info][gc,phases   ] GC(119)   Other: 0.1ms
[101.861s][info][gc,heap     ] GC(119) Eden regions: 31->0(31)
[101.861s][info][gc,heap     ] GC(119) Survivor regions: 1->1(4)
[101.861s][info][gc,heap     ] GC(119) Old regions: 31->31
[101.861s][info][gc,heap     ] GC(119) Archive regions: 2->2
[101.861s][info][gc,heap     ] GC(119) Humongous regions: 0->0
[101.861s][info][gc,metaspace] GC(119) Metaspace: 44308K(45264K)->44308K(45264K) NonClass: 39020K(39632K)->39020K(39632K) Class: 5288K(5632K)->5288K(5632K)
[101.861s][info][gc          ] GC(119) Pause Young (Normal) (G1 Evacuation Pause) 63M->32M(74M) 0.840ms
[101.861s][info][gc,cpu      ] GC(119) User=0.00s Sys=0.00s Real=0.00s
[102.001s][info][gc,start    ] GC(120) Pause Young (Normal) (G1 Evacuation Pause)
[102.001s][info][gc,task     ] GC(120) Using 8 workers of 8 for evacuation
[102.002s][info][gc,phases   ] GC(120)   Pre Evacuate Collection Set: 0.0ms
[102.002s][info][gc,phases   ] GC(120)   Merge Heap Roots: 0.0ms
[102.002s][info][gc,phases   ] GC(120)   Evacuate Collection Set: 0.5ms
[102.002s][info][gc,phases   ] GC(120)   Post Evacuate Collection Set: 0.2ms
[102.002s][info][gc,phases   ] GC(120)   Other: 0.1ms
[102.002s][info][gc,heap     ] GC(120) Eden regions: 31->0(31)
[102.002s][info][gc,heap     ] GC(120) Survivor regions: 1->1(4)
[102.002s][info][gc,heap     ] GC(120) Old regions: 31->31
[102.002s][info][gc,heap     ] GC(120) Archive regions: 2->2
[102.002s][info][gc,heap     ] GC(120) Humongous regions: 0->0
[102.002s][info][gc,metaspace] GC(120) Metaspace: 44310K(45264K)->44310K(45264K) NonClass: 39022K(39632K)->39022K(39632K) Class: 5288K(5632K)->5288K(5632K)
[102.002s][info][gc          ] GC(120) Pause Young (Normal) (G1 Evacuation Pause) 63M->32M(74M) 0.948ms
[102.002s][info][gc,cpu      ] GC(120) User=0.00s Sys=0.00s Real=0.00s
[102.140s][info][gc,start    ] GC(121) Pause Young (Normal) (G1 Evacuation Pause)
[102.140s][info][gc,task     ] GC(121) Using 8 workers of 8 for evacuation
[102.141s][info][gc,phases   ] GC(121)   Pre Evacuate Collection Set: 0.1ms
[102.141s][info][gc,phases   ] GC(121)   Merge Heap Roots: 0.0ms
[102.141s][info][gc,phases   ] GC(121)   Evacuate Collection Set: 0.5ms
[102.141s][info][gc,phases   ] GC(121)   Post Evacuate Collection Set: 0.2ms
[102.141s][info][gc,phases   ] GC(121)   Other: 0.1ms
[102.141s][info][gc,heap     ] GC(121) Eden regions: 31->0(31)
[102.141s][info][gc,heap     ] GC(121) Survivor regions: 1->1(4)
[102.141s][info][gc,heap     ] GC(121) Old regions: 31->31
[102.141s][info][gc,heap     ] GC(121) Archive regions: 2->2
[102.141s][info][gc,heap     ] GC(121) Humongous regions: 0->0
[102.141s][info][gc,metaspace] GC(121) Metaspace: 44310K(45264K)->44310K(45264K) NonClass: 39022K(39632K)->39022K(39632K) Class: 5288K(5632K)->5288K(5632K)
[102.141s][info][gc          ] GC(121) Pause Young (Normal) (G1 Evacuation Pause) 63M->32M(74M) 0.917ms
[102.141s][info][gc,cpu      ] GC(121) User=0.01s Sys=0.00s Real=0.00s
[102.280s][info][gc,start    ] GC(122) Pause Young (Normal) (G1 Evacuation Pause)
[102.280s][info][gc,task     ] GC(122) Using 8 workers of 8 for evacuation
[102.281s][info][gc,phases   ] GC(122)   Pre Evacuate Collection Set: 0.0ms
[102.281s][info][gc,phases   ] GC(122)   Merge Heap Roots: 0.0ms
[102.281s][info][gc,phases   ] GC(122)   Evacuate Collection Set: 0.5ms
[102.281s][info][gc,phases   ] GC(122)   Post Evacuate Collection Set: 0.2ms
[102.281s][info][gc,phases   ] GC(122)   Other: 0.1ms
[102.281s][info][gc,heap     ] GC(122) Eden regions: 31->0(31)
[102.281s][info][gc,heap     ] GC(122) Survivor regions: 1->1(4)
[102.281s][info][gc,heap     ] GC(122) Old regions: 31->31
[102.281s][info][gc,heap     ] GC(122) Archive regions: 2->2
[102.281s][info][gc,heap     ] GC(122) Humongous regions: 0->0
[102.281s][info][gc,metaspace] GC(122) Metaspace: 44310K(45264K)->44310K(45264K) NonClass: 39022K(39632K)->39022K(39632K) Class: 5288K(5632K)->5288K(5632K)
[102.281s][info][gc          ] GC(122) Pause Young (Normal) (G1 Evacuation Pause) 63M->32M(74M) 0.938ms
[102.281s][info][gc,cpu      ] GC(122) User=0.00s Sys=0.00s Real=0.00s
[102.409s][info][gc,start    ] GC(123) Pause Young (Normal) (G1 Evacuation Pause)
[102.409s][info][gc,task     ] GC(123) Using 8 workers of 8 for evacuation
[102.410s][info][gc,phases   ] GC(123)   Pre Evacuate Collection Set: 0.0ms
[102.410s][info][gc,phases   ] GC(123)   Merge Heap Roots: 0.0ms
[102.410s][info][gc,phases   ] GC(123)   Evacuate Collection Set: 0.4ms
[102.410s][info][gc,phases   ] GC(123)   Post Evacuate Collection Set: 0.2ms
[102.410s][info][gc,phases   ] GC(123)   Other: 0.2ms
[102.410s][info][gc,heap     ] GC(123) Eden regions: 31->0(31)
[102.410s][info][gc,heap     ] GC(123) Survivor regions: 1->1(4)
[102.410s][info][gc,heap     ] GC(123) Old regions: 31->31
[102.410s][info][gc,heap     ] GC(123) Archive regions: 2->2
[102.410s][info][gc,heap     ] GC(123) Humongous regions: 0->0
[102.410s][info][gc,metaspace] GC(123) Metaspace: 44311K(45264K)->44311K(45264K) NonClass: 39023K(39632K)->39023K(39632K) Class: 5288K(5632K)->5288K(5632K)
[102.410s][info][gc          ] GC(123) Pause Young (Normal) (G1 Evacuation Pause) 63M->32M(74M) 0.904ms
[102.410s][info][gc,cpu      ] GC(123) User=0.01s Sys=0.00s Real=0.00s
[102.532s][info][gc,start    ] GC(124) Pause Young (Normal) (G1 Evacuation Pause)
[102.532s][info][gc,task     ] GC(124) Using 8 workers of 8 for evacuation
[102.533s][info][gc,phases   ] GC(124)   Pre Evacuate Collection Set: 0.0ms
[102.533s][info][gc,phases   ] GC(124)   Merge Heap Roots: 0.0ms
[102.533s][info][gc,phases   ] GC(124)   Evacuate Collection Set: 0.5ms
[102.533s][info][gc,phases   ] GC(124)   Post Evacuate Collection Set: 0.2ms
[102.533s][info][gc,phases   ] GC(124)   Other: 0.1ms
[102.533s][info][gc,heap     ] GC(124) Eden regions: 31->0(31)
[102.533s][info][gc,heap     ] GC(124) Survivor regions: 1->1(4)
[102.533s][info][gc,heap     ] GC(124) Old regions: 31->31
[102.533s][info][gc,heap     ] GC(124) Archive regions: 2->2
[102.533s][info][gc,heap     ] GC(124) Humongous regions: 0->0
[102.533s][info][gc,metaspace] GC(124) Metaspace: 44311K(45264K)->44311K(45264K) NonClass: 39023K(39632K)->39023K(39632K) Class: 5288K(5632K)->5288K(5632K)
[102.533s][info][gc          ] GC(124) Pause Young (Normal) (G1 Evacuation Pause) 63M->32M(74M) 0.963ms
[102.533s][info][gc,cpu      ] GC(124) User=0.00s Sys=0.00s Real=0.00s
[102.655s][info][gc,start    ] GC(125) Pause Young (Normal) (G1 Evacuation Pause)
[102.655s][info][gc,task     ] GC(125) Using 8 workers of 8 for evacuation
[102.656s][info][gc,phases   ] GC(125)   Pre Evacuate Collection Set: 0.0ms
[102.656s][info][gc,phases   ] GC(125)   Merge Heap Roots: 0.0ms
[102.656s][info][gc,phases   ] GC(125)   Evacuate Collection Set: 0.5ms
[102.656s][info][gc,phases   ] GC(125)   Post Evacuate Collection Set: 0.2ms
[102.656s][info][gc,phases   ] GC(125)   Other: 0.2ms
[102.656s][info][gc,heap     ] GC(125) Eden regions: 31->0(31)
[102.656s][info][gc,heap     ] GC(125) Survivor regions: 1->1(4)
[102.656s][info][gc,heap     ] GC(125) Old regions: 31->31
[102.656s][info][gc,heap     ] GC(125) Archive regions: 2->2
[102.656s][info][gc,heap     ] GC(125) Humongous regions: 0->0
[102.656s][info][gc,metaspace] GC(125) Metaspace: 44311K(45264K)->44311K(45264K) NonClass: 39023K(39632K)->39023K(39632K) Class: 5288K(5632K)->5288K(5632K)
[102.656s][info][gc          ] GC(125) Pause Young (Normal) (G1 Evacuation Pause) 63M->32M(74M) 1.031ms
[102.656s][info][gc,cpu      ] GC(125) User=0.00s Sys=0.00s Real=0.00s
[102.785s][info][gc,start    ] GC(126) Pause Young (Normal) (G1 Evacuation Pause)
[102.785s][info][gc,task     ] GC(126) Using 8 workers of 8 for evacuation
[102.786s][info][gc,phases   ] GC(126)   Pre Evacuate Collection Set: 0.0ms
[102.786s][info][gc,phases   ] GC(126)   Merge Heap Roots: 0.0ms
[102.786s][info][gc,phases   ] GC(126)   Evacuate Collection Set: 0.4ms
[102.786s][info][gc,phases   ] GC(126)   Post Evacuate Collection Set: 0.2ms
[102.786s][info][gc,phases   ] GC(126)   Other: 0.1ms
[102.786s][info][gc,heap     ] GC(126) Eden regions: 31->0(30)
[102.786s][info][gc,heap     ] GC(126) Survivor regions: 1->1(4)
[102.786s][info][gc,heap     ] GC(126) Old regions: 31->32
[102.786s][info][gc,heap     ] GC(126) Archive regions: 2->2
[102.786s][info][gc,heap     ] GC(126) Humongous regions: 0->0
[102.786s][info][gc,metaspace] GC(126) Metaspace: 44311K(45264K)->44311K(45264K) NonClass: 39023K(39632K)->39023K(39632K) Class: 5288K(5632K)->5288K(5632K)
[102.786s][info][gc          ] GC(126) Pause Young (Normal) (G1 Evacuation Pause) 63M->32M(74M) 0.868ms
[102.786s][info][gc,cpu      ] GC(126) User=0.01s Sys=0.00s Real=0.00s
[102.916s][info][gc,start    ] GC(127) Pause Young (Concurrent Start) (G1 Evacuation Pause)
[102.917s][info][gc,task     ] GC(127) Using 8 workers of 8 for evacuation
[102.917s][info][gc,phases   ] GC(127)   Pre Evacuate Collection Set: 0.1ms
[102.917s][info][gc,phases   ] GC(127)   Merge Heap Roots: 0.0ms
[102.917s][info][gc,phases   ] GC(127)   Evacuate Collection Set: 0.6ms
[102.917s][info][gc,phases   ] GC(127)   Post Evacuate Collection Set: 0.2ms
[102.918s][info][gc,phases   ] GC(127)   Other: 0.2ms
[102.918s][info][gc,heap     ] GC(127) Eden regions: 30->0(30)
[102.918s][info][gc,heap     ] GC(127) Survivor regions: 1->1(4)
[102.918s][info][gc,heap     ] GC(127) Old regions: 32->32
[102.918s][info][gc,heap     ] GC(127) Archive regions: 2->2
[102.918s][info][gc,heap     ] GC(127) Humongous regions: 0->0
[102.918s][info][gc,metaspace] GC(127) Metaspace: 44311K(45264K)->44311K(45264K) NonClass: 39023K(39632K)->39023K(39632K) Class: 5288K(5632K)->5288K(5632K)
[102.918s][info][gc          ] GC(127) Pause Young (Concurrent Start) (G1 Evacuation Pause) 62M->32M(74M) 1.135ms
[102.918s][info][gc,cpu      ] GC(127) User=0.00s Sys=0.00s Real=0.00s
[102.918s][info][gc          ] GC(128) Concurrent Cycle
[102.918s][info][gc,marking  ] GC(128) Concurrent Clear Claimed Marks
[102.918s][info][gc,marking  ] GC(128) Concurrent Clear Claimed Marks 0.031ms
[102.918s][info][gc,marking  ] GC(128) Concurrent Scan Root Regions
[102.918s][info][gc,marking  ] GC(128) Concurrent Scan Root Regions 0.701ms
[102.918s][info][gc,marking  ] GC(128) Concurrent Mark (102.918s)
[102.918s][info][gc,marking  ] GC(128) Concurrent Mark From Roots
[102.918s][info][gc,task     ] GC(128) Using 2 workers of 2 for marking
[102.941s][info][gc,marking  ] GC(128) Concurrent Mark From Roots 22.103ms
[102.941s][info][gc,marking  ] GC(128) Concurrent Preclean
[102.941s][info][gc,marking  ] GC(128) Concurrent Preclean 0.054ms
[102.941s][info][gc,marking  ] GC(128) Concurrent Mark (102.918s, 102.941s) 22.229ms
[102.941s][info][gc,start    ] GC(128) Pause Remark
[102.944s][info][gc          ] GC(128) Pause Remark 35M->35M(74M) 3.170ms
[102.944s][info][gc,cpu      ] GC(128) User=0.02s Sys=0.00s Real=0.00s
[102.944s][info][gc,marking  ] GC(128) Concurrent Rebuild Remembered Sets
[102.957s][info][gc,marking  ] GC(128) Concurrent Rebuild Remembered Sets 13.021ms
[102.958s][info][gc,start    ] GC(128) Pause Cleanup
[102.958s][info][gc          ] GC(128) Pause Cleanup 37M->37M(74M) 0.081ms
[102.958s][info][gc,cpu      ] GC(128) User=0.00s Sys=0.00s Real=0.00s
[102.958s][info][gc,marking  ] GC(128) Concurrent Cleanup for Next Mark
[102.958s][info][gc,marking  ] GC(128) Concurrent Cleanup for Next Mark 0.131ms
[102.958s][info][gc          ] GC(128) Concurrent Cycle 40.282ms
[103.097s][info][gc,start    ] GC(129) Pause Young (Normal) (G1 Evacuation Pause)
[103.097s][info][gc,task     ] GC(129) Using 8 workers of 8 for evacuation
[103.098s][info][gc,phases   ] GC(129)   Pre Evacuate Collection Set: 0.0ms
[103.098s][info][gc,phases   ] GC(129)   Merge Heap Roots: 0.0ms
[103.098s][info][gc,phases   ] GC(129)   Evacuate Collection Set: 0.5ms
[103.098s][info][gc,phases   ] GC(129)   Post Evacuate Collection Set: 0.2ms
[103.098s][info][gc,phases   ] GC(129)   Other: 0.1ms
[103.098s][info][gc,heap     ] GC(129) Eden regions: 30->0(30)
[103.098s][info][gc,heap     ] GC(129) Survivor regions: 1->1(4)
[103.098s][info][gc,heap     ] GC(129) Old regions: 32->32
[103.098s][info][gc,heap     ] GC(129) Archive regions: 2->2
[103.098s][info][gc,heap     ] GC(129) Humongous regions: 0->0
[103.098s][info][gc,metaspace] GC(129) Metaspace: 44307K(45264K)->44307K(45264K) NonClass: 39019K(39632K)->39019K(39632K) Class: 5288K(5632K)->5288K(5632K)
[103.098s][info][gc          ] GC(129) Pause Young (Normal) (G1 Evacuation Pause) 62M->32M(74M) 1.018ms
[103.098s][info][gc,cpu      ] GC(129) User=0.00s Sys=0.01s Real=0.01s
[103.251s][info][gc,start    ] GC(130) Pause Young (Concurrent Start) (G1 Evacuation Pause)
[103.251s][info][gc,task     ] GC(130) Using 8 workers of 8 for evacuation
[103.252s][info][gc,phases   ] GC(130)   Pre Evacuate Collection Set: 0.1ms
[103.252s][info][gc,phases   ] GC(130)   Merge Heap Roots: 0.0ms
[103.252s][info][gc,phases   ] GC(130)   Evacuate Collection Set: 0.5ms
[103.252s][info][gc,phases   ] GC(130)   Post Evacuate Collection Set: 0.2ms
[103.252s][info][gc,phases   ] GC(130)   Other: 0.2ms
[103.252s][info][gc,heap     ] GC(130) Eden regions: 30->0(30)
[103.252s][info][gc,heap     ] GC(130) Survivor regions: 1->1(4)
[103.252s][info][gc,heap     ] GC(130) Old regions: 32->32
[103.252s][info][gc,heap     ] GC(130) Archive regions: 2->2
[103.252s][info][gc,heap     ] GC(130) Humongous regions: 0->0
[103.252s][info][gc,metaspace] GC(130) Metaspace: 44307K(45264K)->44307K(45264K) NonClass: 39019K(39632K)->39019K(39632K) Class: 5288K(5632K)->5288K(5632K)
[103.252s][info][gc          ] GC(130) Pause Young (Concurrent Start) (G1 Evacuation Pause) 62M->32M(74M) 1.019ms
[103.252s][info][gc,cpu      ] GC(130) User=0.00s Sys=0.00s Real=0.00s
[103.252s][info][gc          ] GC(131) Concurrent Cycle
[103.252s][info][gc,marking  ] GC(131) Concurrent Clear Claimed Marks
[103.252s][info][gc,marking  ] GC(131) Concurrent Clear Claimed Marks 0.027ms
[103.252s][info][gc,marking  ] GC(131) Concurrent Scan Root Regions
[103.252s][info][gc,marking  ] GC(131) Concurrent Scan Root Regions 0.450ms
[103.252s][info][gc,marking  ] GC(131) Concurrent Mark (103.252s)
[103.252s][info][gc,marking  ] GC(131) Concurrent Mark From Roots
[103.252s][info][gc,task     ] GC(131) Using 2 workers of 2 for marking
[103.276s][info][gc,marking  ] GC(131) Concurrent Mark From Roots 23.593ms
[103.276s][info][gc,marking  ] GC(131) Concurrent Preclean
[103.276s][info][gc,marking  ] GC(131) Concurrent Preclean 0.096ms
[103.276s][info][gc,marking  ] GC(131) Concurrent Mark (103.252s, 103.276s) 23.769ms
[103.276s][info][gc,start    ] GC(131) Pause Remark
[103.278s][info][gc          ] GC(131) Pause Remark 35M->35M(74M) 1.700ms
[103.278s][info][gc,cpu      ] GC(131) User=0.01s Sys=0.00s Real=0.01s
[103.278s][info][gc,marking  ] GC(131) Concurrent Rebuild Remembered Sets
[103.291s][info][gc,marking  ] GC(131) Concurrent Rebuild Remembered Sets 13.393ms
[103.292s][info][gc,start    ] GC(131) Pause Cleanup
[103.292s][info][gc          ] GC(131) Pause Cleanup 37M->37M(74M) 0.094ms
[103.292s][info][gc,cpu      ] GC(131) User=0.00s Sys=0.00s Real=0.00s
[103.292s][info][gc,marking  ] GC(131) Concurrent Cleanup for Next Mark
[103.293s][info][gc,marking  ] GC(131) Concurrent Cleanup for Next Mark 0.135ms
[103.293s][info][gc          ] GC(131) Concurrent Cycle 40.801ms
[103.394s][info][gc,start    ] GC(132) Pause Young (Normal) (G1 Evacuation Pause)
[103.394s][info][gc,task     ] GC(132) Using 8 workers of 8 for evacuation
[103.395s][info][gc,phases   ] GC(132)   Pre Evacuate Collection Set: 0.0ms
[103.395s][info][gc,phases   ] GC(132)   Merge Heap Roots: 0.0ms
[103.395s][info][gc,phases   ] GC(132)   Evacuate Collection Set: 0.4ms
[103.395s][info][gc,phases   ] GC(132)   Post Evacuate Collection Set: 0.2ms
[103.395s][info][gc,phases   ] GC(132)   Other: 0.2ms
[103.395s][info][gc,heap     ] GC(132) Eden regions: 30->0(30)
[103.395s][info][gc,heap     ] GC(132) Survivor regions: 1->1(4)
[103.395s][info][gc,heap     ] GC(132) Old regions: 32->32
[103.395s][info][gc,heap     ] GC(132) Archive regions: 2->2
[103.395s][info][gc,heap     ] GC(132) Humongous regions: 0->0
[103.395s][info][gc,metaspace] GC(132) Metaspace: 44307K(45264K)->44307K(45264K) NonClass: 39019K(39632K)->39019K(39632K) Class: 5288K(5632K)->5288K(5632K)
[103.395s][info][gc          ] GC(132) Pause Young (Normal) (G1 Evacuation Pause) 62M->32M(74M) 1.046ms
[103.395s][info][gc,cpu      ] GC(132) User=0.00s Sys=0.00s Real=0.00s
[103.528s][info][gc,start    ] GC(133) Pause Young (Concurrent Start) (G1 Evacuation Pause)
[103.528s][info][gc,task     ] GC(133) Using 8 workers of 8 for evacuation
[103.529s][info][gc,phases   ] GC(133)   Pre Evacuate Collection Set: 0.1ms
[103.529s][info][gc,phases   ] GC(133)   Merge Heap Roots: 0.0ms
[103.529s][info][gc,phases   ] GC(133)   Evacuate Collection Set: 0.6ms
[103.529s][info][gc,phases   ] GC(133)   Post Evacuate Collection Set: 0.3ms
[103.529s][info][gc,phases   ] GC(133)   Other: 0.2ms
[103.529s][info][gc,heap     ] GC(133) Eden regions: 30->0(30)
[103.529s][info][gc,heap     ] GC(133) Survivor regions: 1->1(4)
[103.529s][info][gc,heap     ] GC(133) Old regions: 32->32
[103.529s][info][gc,heap     ] GC(133) Archive regions: 2->2
[103.529s][info][gc,heap     ] GC(133) Humongous regions: 0->0
[103.529s][info][gc,metaspace] GC(133) Metaspace: 44307K(45264K)->44307K(45264K) NonClass: 39019K(39632K)->39019K(39632K) Class: 5288K(5632K)->5288K(5632K)
[103.529s][info][gc          ] GC(133) Pause Young (Concurrent Start) (G1 Evacuation Pause) 62M->32M(74M) 1.191ms
[103.529s][info][gc,cpu      ] GC(133) User=0.00s Sys=0.00s Real=0.00s
[103.529s][info][gc          ] GC(134) Concurrent Cycle
[103.529s][info][gc,marking  ] GC(134) Concurrent Clear Claimed Marks
[103.529s][info][gc,marking  ] GC(134) Concurrent Clear Claimed Marks 0.038ms
[103.529s][info][gc,marking  ] GC(134) Concurrent Scan Root Regions
[103.530s][info][gc,marking  ] GC(134) Concurrent Scan Root Regions 0.636ms
[103.530s][info][gc,marking  ] GC(134) Concurrent Mark (103.530s)
[103.530s][info][gc,marking  ] GC(134) Concurrent Mark From Roots
[103.530s][info][gc,task     ] GC(134) Using 2 workers of 2 for marking
[103.555s][info][gc,marking  ] GC(134) Concurrent Mark From Roots 25.053ms
[103.555s][info][gc,marking  ] GC(134) Concurrent Preclean
[103.555s][info][gc,marking  ] GC(134) Concurrent Preclean 0.062ms
[103.555s][info][gc,marking  ] GC(134) Concurrent Mark (103.530s, 103.555s) 25.191ms
[103.555s][info][gc,start    ] GC(134) Pause Remark
[103.557s][info][gc          ] GC(134) Pause Remark 36M->36M(74M) 1.556ms
[103.557s][info][gc,cpu      ] GC(134) User=0.01s Sys=0.00s Real=0.00s
[103.557s][info][gc,marking  ] GC(134) Concurrent Rebuild Remembered Sets
[103.571s][info][gc,marking  ] GC(134) Concurrent Rebuild Remembered Sets 14.312ms
[103.571s][info][gc,start    ] GC(134) Pause Cleanup
[103.572s][info][gc          ] GC(134) Pause Cleanup 38M->38M(74M) 0.076ms
[103.572s][info][gc,cpu      ] GC(134) User=0.00s Sys=0.00s Real=0.00s
[103.572s][info][gc,marking  ] GC(134) Concurrent Cleanup for Next Mark
[103.572s][info][gc,marking  ] GC(134) Concurrent Cleanup for Next Mark 0.139ms
[103.572s][info][gc          ] GC(134) Concurrent Cycle 42.661ms
[103.670s][info][gc,start    ] GC(135) Pause Young (Normal) (G1 Evacuation Pause)
[103.671s][info][gc,task     ] GC(135) Using 8 workers of 8 for evacuation
[103.671s][info][gc,phases   ] GC(135)   Pre Evacuate Collection Set: 0.0ms
[103.671s][info][gc,phases   ] GC(135)   Merge Heap Roots: 0.0ms
[103.671s][info][gc,phases   ] GC(135)   Evacuate Collection Set: 0.4ms
[103.671s][info][gc,phases   ] GC(135)   Post Evacuate Collection Set: 0.2ms
[103.671s][info][gc,phases   ] GC(135)   Other: 0.2ms
[103.671s][info][gc,heap     ] GC(135) Eden regions: 30->0(30)
[103.671s][info][gc,heap     ] GC(135) Survivor regions: 1->1(4)
[103.671s][info][gc,heap     ] GC(135) Old regions: 32->32
[103.671s][info][gc,heap     ] GC(135) Archive regions: 2->2
[103.671s][info][gc,heap     ] GC(135) Humongous regions: 0->0
[103.671s][info][gc,metaspace] GC(135) Metaspace: 44307K(45264K)->44307K(45264K) NonClass: 39019K(39632K)->39019K(39632K) Class: 5288K(5632K)->5288K(5632K)
[103.671s][info][gc          ] GC(135) Pause Young (Normal) (G1 Evacuation Pause) 62M->32M(74M) 0.920ms
[103.671s][info][gc,cpu      ] GC(135) User=0.00s Sys=0.00s Real=0.00s
[103.796s][info][gc,start    ] GC(136) Pause Young (Concurrent Start) (G1 Evacuation Pause)
[103.796s][info][gc,task     ] GC(136) Using 8 workers of 8 for evacuation
[103.797s][info][gc,phases   ] GC(136)   Pre Evacuate Collection Set: 0.1ms
[103.797s][info][gc,phases   ] GC(136)   Merge Heap Roots: 0.0ms
[103.797s][info][gc,phases   ] GC(136)   Evacuate Collection Set: 0.6ms
[103.797s][info][gc,phases   ] GC(136)   Post Evacuate Collection Set: 0.2ms
[103.797s][info][gc,phases   ] GC(136)   Other: 0.2ms
[103.797s][info][gc,heap     ] GC(136) Eden regions: 30->0(30)
[103.797s][info][gc,heap     ] GC(136) Survivor regions: 1->1(4)
[103.797s][info][gc,heap     ] GC(136) Old regions: 32->32
[103.797s][info][gc,heap     ] GC(136) Archive regions: 2->2
[103.797s][info][gc,heap     ] GC(136) Humongous regions: 0->0
[103.797s][info][gc,metaspace] GC(136) Metaspace: 44307K(45264K)->44307K(45264K) NonClass: 39019K(39632K)->39019K(39632K) Class: 5288K(5632K)->5288K(5632K)
[103.797s][info][gc          ] GC(136) Pause Young (Concurrent Start) (G1 Evacuation Pause) 62M->32M(74M) 1.096ms
[103.797s][info][gc,cpu      ] GC(136) User=0.01s Sys=0.00s Real=0.00s
[103.797s][info][gc          ] GC(137) Concurrent Cycle
[103.797s][info][gc,marking  ] GC(137) Concurrent Clear Claimed Marks
[103.797s][info][gc,marking  ] GC(137) Concurrent Clear Claimed Marks 0.022ms
[103.797s][info][gc,marking  ] GC(137) Concurrent Scan Root Regions
[103.798s][info][gc,marking  ] GC(137) Concurrent Scan Root Regions 0.912ms
[103.798s][info][gc,marking  ] GC(137) Concurrent Mark (103.798s)
[103.798s][info][gc,marking  ] GC(137) Concurrent Mark From Roots
[103.798s][info][gc,task     ] GC(137) Using 2 workers of 2 for marking
[103.823s][info][gc,marking  ] GC(137) Concurrent Mark From Roots 24.128ms
[103.823s][info][gc,marking  ] GC(137) Concurrent Preclean
[103.823s][info][gc,marking  ] GC(137) Concurrent Preclean 0.065ms
[103.823s][info][gc,marking  ] GC(137) Concurrent Mark (103.798s, 103.823s) 24.261ms
[103.823s][info][gc,start    ] GC(137) Pause Remark
[103.824s][info][gc          ] GC(137) Pause Remark 36M->36M(74M) 1.536ms
[103.824s][info][gc,cpu      ] GC(137) User=0.01s Sys=0.00s Real=0.00s
[103.824s][info][gc,marking  ] GC(137) Concurrent Rebuild Remembered Sets
[103.839s][info][gc,marking  ] GC(137) Concurrent Rebuild Remembered Sets 14.178ms
[103.839s][info][gc,start    ] GC(137) Pause Cleanup
[103.839s][info][gc          ] GC(137) Pause Cleanup 38M->38M(74M) 0.077ms
[103.839s][info][gc,cpu      ] GC(137) User=0.00s Sys=0.00s Real=0.00s
[103.839s][info][gc,marking  ] GC(137) Concurrent Cleanup for Next Mark
[103.839s][info][gc,marking  ] GC(137) Concurrent Cleanup for Next Mark 0.113ms
[103.839s][info][gc          ] GC(137) Concurrent Cycle 41.743ms
[103.952s][info][gc,start    ] GC(138) Pause Young (Normal) (G1 Evacuation Pause)
[103.952s][info][gc,task     ] GC(138) Using 8 workers of 8 for evacuation
[103.953s][info][gc,phases   ] GC(138)   Pre Evacuate Collection Set: 0.0ms
[103.953s][info][gc,phases   ] GC(138)   Merge Heap Roots: 0.0ms
[103.953s][info][gc,phases   ] GC(138)   Evacuate Collection Set: 0.4ms
[103.953s][info][gc,phases   ] GC(138)   Post Evacuate Collection Set: 0.2ms
[103.953s][info][gc,phases   ] GC(138)   Other: 0.1ms
[103.953s][info][gc,heap     ] GC(138) Eden regions: 30->0(30)
[103.953s][info][gc,heap     ] GC(138) Survivor regions: 1->1(4)
[103.953s][info][gc,heap     ] GC(138) Old regions: 32->32
[103.953s][info][gc,heap     ] GC(138) Archive regions: 2->2
[103.953s][info][gc,heap     ] GC(138) Humongous regions: 0->0
[103.953s][info][gc,metaspace] GC(138) Metaspace: 44308K(45264K)->44308K(45264K) NonClass: 39020K(39632K)->39020K(39632K) Class: 5288K(5632K)->5288K(5632K)
[103.953s][info][gc          ] GC(138) Pause Young (Normal) (G1 Evacuation Pause) 62M->32M(74M) 0.935ms
[103.953s][info][gc,cpu      ] GC(138) User=0.00s Sys=0.00s Real=0.00s
[104.172s][info][gc,start    ] GC(139) Pause Young (Concurrent Start) (G1 Evacuation Pause)
[104.172s][info][gc,task     ] GC(139) Using 8 workers of 8 for evacuation
[104.173s][info][gc,phases   ] GC(139)   Pre Evacuate Collection Set: 0.1ms
[104.174s][info][gc,phases   ] GC(139)   Merge Heap Roots: 0.0ms
[104.174s][info][gc,phases   ] GC(139)   Evacuate Collection Set: 0.6ms
[104.174s][info][gc,phases   ] GC(139)   Post Evacuate Collection Set: 0.2ms
[104.174s][info][gc,phases   ] GC(139)   Other: 0.2ms
[104.174s][info][gc,heap     ] GC(139) Eden regions: 30->0(30)
[104.174s][info][gc,heap     ] GC(139) Survivor regions: 1->1(4)
[104.174s][info][gc,heap     ] GC(139) Old regions: 32->32
[104.174s][info][gc,heap     ] GC(139) Archive regions: 2->2
[104.174s][info][gc,heap     ] GC(139) Humongous regions: 0->0
[104.174s][info][gc,metaspace] GC(139) Metaspace: 44308K(45264K)->44308K(45264K) NonClass: 39020K(39632K)->39020K(39632K) Class: 5288K(5632K)->5288K(5632K)
[104.174s][info][gc          ] GC(139) Pause Young (Concurrent Start) (G1 Evacuation Pause) 62M->32M(74M) 1.742ms
[104.174s][info][gc,cpu      ] GC(139) User=0.00s Sys=0.00s Real=0.00s
[104.174s][info][gc          ] GC(140) Concurrent Cycle
[104.174s][info][gc,marking  ] GC(140) Concurrent Clear Claimed Marks
[104.174s][info][gc,marking  ] GC(140) Concurrent Clear Claimed Marks 0.046ms
[104.174s][info][gc,marking  ] GC(140) Concurrent Scan Root Regions
[104.175s][info][gc,marking  ] GC(140) Concurrent Scan Root Regions 0.929ms
[104.175s][info][gc,marking  ] GC(140) Concurrent Mark (104.175s)
[104.175s][info][gc,marking  ] GC(140) Concurrent Mark From Roots
[104.175s][info][gc,task     ] GC(140) Using 2 workers of 2 for marking
[104.199s][info][gc,marking  ] GC(140) Concurrent Mark From Roots 24.166ms
[104.199s][info][gc,marking  ] GC(140) Concurrent Preclean
[104.199s][info][gc,marking  ] GC(140) Concurrent Preclean 0.125ms
[104.199s][info][gc,marking  ] GC(140) Concurrent Mark (104.175s, 104.199s) 24.363ms
[104.199s][info][gc,start    ] GC(140) Pause Remark
[104.201s][info][gc          ] GC(140) Pause Remark 33M->33M(74M) 1.856ms
[104.201s][info][gc,cpu      ] GC(140) User=0.01s Sys=0.00s Real=0.00s
[104.201s][info][gc,marking  ] GC(140) Concurrent Rebuild Remembered Sets
[104.216s][info][gc,marking  ] GC(140) Concurrent Rebuild Remembered Sets 14.547ms
[104.216s][info][gc,start    ] GC(140) Pause Cleanup
[104.216s][info][gc          ] GC(140) Pause Cleanup 33M->33M(74M) 0.105ms
[104.216s][info][gc,cpu      ] GC(140) User=0.00s Sys=0.00s Real=0.00s
[104.216s][info][gc,marking  ] GC(140) Concurrent Cleanup for Next Mark
[104.217s][info][gc,marking  ] GC(140) Concurrent Cleanup for Next Mark 0.116ms
[104.217s][info][gc          ] GC(140) Concurrent Cycle 42.752ms
[109.726s][info][gc,start    ] GC(141) Pause Young (Normal) (G1 Evacuation Pause)
[109.726s][info][gc,task     ] GC(141) Using 8 workers of 8 for evacuation
[109.727s][info][gc,phases   ] GC(141)   Pre Evacuate Collection Set: 0.0ms
[109.727s][info][gc,phases   ] GC(141)   Merge Heap Roots: 0.0ms
[109.727s][info][gc,phases   ] GC(141)   Evacuate Collection Set: 0.6ms
[109.727s][info][gc,phases   ] GC(141)   Post Evacuate Collection Set: 0.2ms
[109.727s][info][gc,phases   ] GC(141)   Other: 0.2ms
[109.727s][info][gc,heap     ] GC(141) Eden regions: 30->0(30)
[109.727s][info][gc,heap     ] GC(141) Survivor regions: 1->1(4)
[109.727s][info][gc,heap     ] GC(141) Old regions: 32->32
[109.727s][info][gc,heap     ] GC(141) Archive regions: 2->2
[109.727s][info][gc,heap     ] GC(141) Humongous regions: 0->0
[109.727s][info][gc,metaspace] GC(141) Metaspace: 44311K(45264K)->44311K(45264K) NonClass: 39023K(39632K)->39023K(39632K) Class: 5288K(5632K)->5288K(5632K)
[109.727s][info][gc          ] GC(141) Pause Young (Normal) (G1 Evacuation Pause) 62M->32M(74M) 1.177ms
[109.727s][info][gc,cpu      ] GC(141) User=0.00s Sys=0.00s Real=0.00s
[109.861s][info][gc,start    ] GC(142) Pause Young (Concurrent Start) (G1 Evacuation Pause)
[109.861s][info][gc,task     ] GC(142) Using 8 workers of 8 for evacuation
[109.862s][info][gc,phases   ] GC(142)   Pre Evacuate Collection Set: 0.1ms
[109.862s][info][gc,phases   ] GC(142)   Merge Heap Roots: 0.0ms
[109.862s][info][gc,phases   ] GC(142)   Evacuate Collection Set: 0.5ms
[109.862s][info][gc,phases   ] GC(142)   Post Evacuate Collection Set: 0.2ms
[109.862s][info][gc,phases   ] GC(142)   Other: 0.2ms
[109.862s][info][gc,heap     ] GC(142) Eden regions: 30->0(30)
[109.862s][info][gc,heap     ] GC(142) Survivor regions: 1->1(4)
[109.862s][info][gc,heap     ] GC(142) Old regions: 32->32
[109.862s][info][gc,heap     ] GC(142) Archive regions: 2->2
[109.862s][info][gc,heap     ] GC(142) Humongous regions: 0->0
[109.862s][info][gc,metaspace] GC(142) Metaspace: 44311K(45264K)->44311K(45264K) NonClass: 39023K(39632K)->39023K(39632K) Class: 5288K(5632K)->5288K(5632K)
[109.862s][info][gc          ] GC(142) Pause Young (Concurrent Start) (G1 Evacuation Pause) 62M->32M(74M) 1.025ms
[109.862s][info][gc,cpu      ] GC(142) User=0.00s Sys=0.00s Real=0.00s
[109.862s][info][gc          ] GC(143) Concurrent Cycle
[109.862s][info][gc,marking  ] GC(143) Concurrent Clear Claimed Marks
[109.862s][info][gc,marking  ] GC(143) Concurrent Clear Claimed Marks 0.030ms
[109.862s][info][gc,marking  ] GC(143) Concurrent Scan Root Regions
[109.863s][info][gc,marking  ] GC(143) Concurrent Scan Root Regions 0.844ms
[109.863s][info][gc,marking  ] GC(143) Concurrent Mark (109.863s)
[109.863s][info][gc,marking  ] GC(143) Concurrent Mark From Roots
[109.863s][info][gc,task     ] GC(143) Using 2 workers of 2 for marking
[109.885s][info][gc,marking  ] GC(143) Concurrent Mark From Roots 21.239ms
[109.885s][info][gc,marking  ] GC(143) Concurrent Preclean
[109.885s][info][gc,marking  ] GC(143) Concurrent Preclean 0.079ms
[109.885s][info][gc,marking  ] GC(143) Concurrent Mark (109.863s, 109.885s) 21.407ms
[109.885s][info][gc,start    ] GC(143) Pause Remark
[109.886s][info][gc          ] GC(143) Pause Remark 36M->36M(74M) 1.473ms
[109.886s][info][gc,cpu      ] GC(143) User=0.01s Sys=0.00s Real=0.00s
[109.886s][info][gc,marking  ] GC(143) Concurrent Rebuild Remembered Sets
[109.900s][info][gc,marking  ] GC(143) Concurrent Rebuild Remembered Sets 13.773ms
[109.900s][info][gc,start    ] GC(143) Pause Cleanup
[109.900s][info][gc          ] GC(143) Pause Cleanup 39M->39M(74M) 0.091ms
[109.901s][info][gc,cpu      ] GC(143) User=0.00s Sys=0.00s Real=0.00s
[109.901s][info][gc,marking  ] GC(143) Concurrent Cleanup for Next Mark
[109.901s][info][gc,marking  ] GC(143) Concurrent Cleanup for Next Mark 0.136ms
[109.901s][info][gc          ] GC(143) Concurrent Cycle 38.345ms
[109.993s][info][gc,start    ] GC(144) Pause Young (Normal) (G1 Evacuation Pause)
[109.993s][info][gc,task     ] GC(144) Using 8 workers of 8 for evacuation
[109.994s][info][gc,phases   ] GC(144)   Pre Evacuate Collection Set: 0.0ms
[109.994s][info][gc,phases   ] GC(144)   Merge Heap Roots: 0.0ms
[109.994s][info][gc,phases   ] GC(144)   Evacuate Collection Set: 0.5ms
[109.994s][info][gc,phases   ] GC(144)   Post Evacuate Collection Set: 0.2ms
[109.994s][info][gc,phases   ] GC(144)   Other: 0.1ms
[109.994s][info][gc,heap     ] GC(144) Eden regions: 30->0(30)
[109.994s][info][gc,heap     ] GC(144) Survivor regions: 1->1(4)
[109.994s][info][gc,heap     ] GC(144) Old regions: 32->32
[109.994s][info][gc,heap     ] GC(144) Archive regions: 2->2
[109.994s][info][gc,heap     ] GC(144) Humongous regions: 0->0
[109.994s][info][gc,metaspace] GC(144) Metaspace: 44311K(45264K)->44311K(45264K) NonClass: 39023K(39632K)->39023K(39632K) Class: 5288K(5632K)->5288K(5632K)
[109.994s][info][gc          ] GC(144) Pause Young (Normal) (G1 Evacuation Pause) 62M->32M(74M) 0.987ms
[109.994s][info][gc,cpu      ] GC(144) User=0.00s Sys=0.00s Real=0.00s
[110.143s][info][gc,start    ] GC(145) Pause Young (Concurrent Start) (G1 Evacuation Pause)
[110.143s][info][gc,task     ] GC(145) Using 8 workers of 8 for evacuation
[110.144s][info][gc,phases   ] GC(145)   Pre Evacuate Collection Set: 0.1ms
[110.144s][info][gc,phases   ] GC(145)   Merge Heap Roots: 0.0ms
[110.144s][info][gc,phases   ] GC(145)   Evacuate Collection Set: 0.6ms
[110.144s][info][gc,phases   ] GC(145)   Post Evacuate Collection Set: 0.2ms
[110.144s][info][gc,phases   ] GC(145)   Other: 0.2ms
[110.144s][info][gc,heap     ] GC(145) Eden regions: 30->0(30)
[110.144s][info][gc,heap     ] GC(145) Survivor regions: 1->1(4)
[110.144s][info][gc,heap     ] GC(145) Old regions: 32->32
[110.144s][info][gc,heap     ] GC(145) Archive regions: 2->2
[110.144s][info][gc,heap     ] GC(145) Humongous regions: 0->0
[110.144s][info][gc,metaspace] GC(145) Metaspace: 44311K(45264K)->44311K(45264K) NonClass: 39023K(39632K)->39023K(39632K) Class: 5288K(5632K)->5288K(5632K)
[110.144s][info][gc          ] GC(145) Pause Young (Concurrent Start) (G1 Evacuation Pause) 62M->32M(74M) 1.247ms
[110.144s][info][gc,cpu      ] GC(145) User=0.00s Sys=0.00s Real=0.00s
[110.144s][info][gc          ] GC(146) Concurrent Cycle
[110.144s][info][gc,marking  ] GC(146) Concurrent Clear Claimed Marks
[110.144s][info][gc,marking  ] GC(146) Concurrent Clear Claimed Marks 0.039ms
[110.144s][info][gc,marking  ] GC(146) Concurrent Scan Root Regions
[110.145s][info][gc,marking  ] GC(146) Concurrent Scan Root Regions 1.169ms
[110.145s][info][gc,marking  ] GC(146) Concurrent Mark (110.145s)
[110.145s][info][gc,marking  ] GC(146) Concurrent Mark From Roots
[110.145s][info][gc,task     ] GC(146) Using 2 workers of 2 for marking
[110.168s][info][gc,marking  ] GC(146) Concurrent Mark From Roots 22.978ms
[110.168s][info][gc,marking  ] GC(146) Concurrent Preclean
[110.168s][info][gc,marking  ] GC(146) Concurrent Preclean 0.086ms
[110.169s][info][gc,marking  ] GC(146) Concurrent Mark (110.145s, 110.169s) 23.149ms
[110.169s][info][gc,start    ] GC(146) Pause Remark
[110.170s][info][gc          ] GC(146) Pause Remark 37M->37M(74M) 1.522ms
[110.170s][info][gc,cpu      ] GC(146) User=0.01s Sys=0.00s Real=0.00s
[110.171s][info][gc,marking  ] GC(146) Concurrent Rebuild Remembered Sets
[110.185s][info][gc,marking  ] GC(146) Concurrent Rebuild Remembered Sets 14.608ms
[110.185s][info][gc,start    ] GC(146) Pause Cleanup
[110.185s][info][gc          ] GC(146) Pause Cleanup 39M->39M(74M) 0.087ms
[110.185s][info][gc,cpu      ] GC(146) User=0.00s Sys=0.00s Real=0.00s
[110.186s][info][gc,marking  ] GC(146) Concurrent Cleanup for Next Mark
[110.186s][info][gc,marking  ] GC(146) Concurrent Cleanup for Next Mark 0.141ms
[110.186s][info][gc          ] GC(146) Concurrent Cycle 41.663ms
[110.279s][info][gc,start    ] GC(147) Pause Young (Normal) (G1 Evacuation Pause)
[110.279s][info][gc,task     ] GC(147) Using 8 workers of 8 for evacuation
[110.280s][info][gc,phases   ] GC(147)   Pre Evacuate Collection Set: 0.0ms
[110.280s][info][gc,phases   ] GC(147)   Merge Heap Roots: 0.0ms
[110.280s][info][gc,phases   ] GC(147)   Evacuate Collection Set: 0.5ms
[110.280s][info][gc,phases   ] GC(147)   Post Evacuate Collection Set: 0.2ms
[110.280s][info][gc,phases   ] GC(147)   Other: 0.2ms
[110.280s][info][gc,heap     ] GC(147) Eden regions: 30->0(30)
[110.280s][info][gc,heap     ] GC(147) Survivor regions: 1->1(4)
[110.280s][info][gc,heap     ] GC(147) Old regions: 32->32
[110.280s][info][gc,heap     ] GC(147) Archive regions: 2->2
[110.280s][info][gc,heap     ] GC(147) Humongous regions: 0->0
[110.280s][info][gc,metaspace] GC(147) Metaspace: 44311K(45264K)->44311K(45264K) NonClass: 39023K(39632K)->39023K(39632K) Class: 5288K(5632K)->5288K(5632K)
[110.280s][info][gc          ] GC(147) Pause Young (Normal) (G1 Evacuation Pause) 62M->32M(74M) 1.022ms
[110.280s][info][gc,cpu      ] GC(147) User=0.01s Sys=0.00s Real=0.00s
[110.392s][info][gc,start    ] GC(148) Pause Young (Concurrent Start) (G1 Evacuation Pause)
[110.392s][info][gc,task     ] GC(148) Using 8 workers of 8 for evacuation
[110.393s][info][gc,phases   ] GC(148)   Pre Evacuate Collection Set: 0.1ms
[110.393s][info][gc,phases   ] GC(148)   Merge Heap Roots: 0.0ms
[110.393s][info][gc,phases   ] GC(148)   Evacuate Collection Set: 0.6ms
[110.393s][info][gc,phases   ] GC(148)   Post Evacuate Collection Set: 0.2ms
[110.393s][info][gc,phases   ] GC(148)   Other: 0.2ms
[110.393s][info][gc,heap     ] GC(148) Eden regions: 30->0(30)
[110.393s][info][gc,heap     ] GC(148) Survivor regions: 1->1(4)
[110.393s][info][gc,heap     ] GC(148) Old regions: 32->32
[110.393s][info][gc,heap     ] GC(148) Archive regions: 2->2
[110.393s][info][gc,heap     ] GC(148) Humongous regions: 0->0
[110.393s][info][gc,metaspace] GC(148) Metaspace: 44311K(45264K)->44311K(45264K) NonClass: 39023K(39632K)->39023K(39632K) Class: 5288K(5632K)->5288K(5632K)
[110.393s][info][gc          ] GC(148) Pause Young (Concurrent Start) (G1 Evacuation Pause) 62M->32M(74M) 1.097ms
[110.393s][info][gc,cpu      ] GC(148) User=0.00s Sys=0.01s Real=0.00s
[110.393s][info][gc          ] GC(149) Concurrent Cycle
[110.393s][info][gc,marking  ] GC(149) Concurrent Clear Claimed Marks
[110.393s][info][gc,marking  ] GC(149) Concurrent Clear Claimed Marks 0.030ms
[110.393s][info][gc,marking  ] GC(149) Concurrent Scan Root Regions
[110.394s][info][gc,marking  ] GC(149) Concurrent Scan Root Regions 0.672ms
[110.394s][info][gc,marking  ] GC(149) Concurrent Mark (110.394s)
[110.394s][info][gc,marking  ] GC(149) Concurrent Mark From Roots
[110.394s][info][gc,task     ] GC(149) Using 2 workers of 2 for marking
[110.417s][info][gc,marking  ] GC(149) Concurrent Mark From Roots 23.121ms
[110.417s][info][gc,marking  ] GC(149) Concurrent Preclean
[110.417s][info][gc,marking  ] GC(149) Concurrent Preclean 0.056ms
[110.417s][info][gc,marking  ] GC(149) Concurrent Mark (110.394s, 110.417s) 23.242ms
[110.417s][info][gc,start    ] GC(149) Pause Remark
[110.419s][info][gc          ] GC(149) Pause Remark 36M->36M(74M) 1.642ms
[110.419s][info][gc,cpu      ] GC(149) User=0.01s Sys=0.00s Real=0.01s
[110.419s][info][gc,marking  ] GC(149) Concurrent Rebuild Remembered Sets
[110.433s][info][gc,marking  ] GC(149) Concurrent Rebuild Remembered Sets 13.931ms
[110.433s][info][gc,start    ] GC(149) Pause Cleanup
[110.433s][info][gc          ] GC(149) Pause Cleanup 39M->39M(74M) 0.084ms
[110.433s][info][gc,cpu      ] GC(149) User=0.00s Sys=0.00s Real=0.00s
[110.434s][info][gc,marking  ] GC(149) Concurrent Cleanup for Next Mark
[110.434s][info][gc,marking  ] GC(149) Concurrent Cleanup for Next Mark 0.106ms
[110.434s][info][gc          ] GC(149) Concurrent Cycle 40.378ms
[110.519s][info][gc,start    ] GC(150) Pause Young (Normal) (G1 Evacuation Pause)
[110.520s][info][gc,task     ] GC(150) Using 8 workers of 8 for evacuation
[110.520s][info][gc,phases   ] GC(150)   Pre Evacuate Collection Set: 0.0ms
[110.520s][info][gc,phases   ] GC(150)   Merge Heap Roots: 0.0ms
[110.520s][info][gc,phases   ] GC(150)   Evacuate Collection Set: 0.5ms
[110.520s][info][gc,phases   ] GC(150)   Post Evacuate Collection Set: 0.2ms
[110.520s][info][gc,phases   ] GC(150)   Other: 0.1ms
[110.520s][info][gc,heap     ] GC(150) Eden regions: 30->0(30)
[110.520s][info][gc,heap     ] GC(150) Survivor regions: 1->1(4)
[110.520s][info][gc,heap     ] GC(150) Old regions: 32->32
[110.520s][info][gc,heap     ] GC(150) Archive regions: 2->2
[110.520s][info][gc,heap     ] GC(150) Humongous regions: 0->0
[110.520s][info][gc,metaspace] GC(150) Metaspace: 44311K(45264K)->44311K(45264K) NonClass: 39023K(39632K)->39023K(39632K) Class: 5288K(5632K)->5288K(5632K)
[110.520s][info][gc          ] GC(150) Pause Young (Normal) (G1 Evacuation Pause) 62M->32M(74M) 0.942ms
[110.520s][info][gc,cpu      ] GC(150) User=0.00s Sys=0.00s Real=0.00s
[110.636s][info][gc,start    ] GC(151) Pause Young (Concurrent Start) (G1 Evacuation Pause)
[110.636s][info][gc,task     ] GC(151) Using 8 workers of 8 for evacuation
[110.637s][info][gc,phases   ] GC(151)   Pre Evacuate Collection Set: 0.1ms
[110.637s][info][gc,phases   ] GC(151)   Merge Heap Roots: 0.0ms
[110.637s][info][gc,phases   ] GC(151)   Evacuate Collection Set: 0.5ms
[110.637s][info][gc,phases   ] GC(151)   Post Evacuate Collection Set: 0.2ms
[110.637s][info][gc,phases   ] GC(151)   Other: 0.2ms
[110.637s][info][gc,heap     ] GC(151) Eden regions: 30->0(30)
[110.637s][info][gc,heap     ] GC(151) Survivor regions: 1->1(4)
[110.637s][info][gc,heap     ] GC(151) Old regions: 32->32
[110.637s][info][gc,heap     ] GC(151) Archive regions: 2->2
[110.637s][info][gc,heap     ] GC(151) Humongous regions: 0->0
[110.637s][info][gc,metaspace] GC(151) Metaspace: 44311K(45264K)->44311K(45264K) NonClass: 39023K(39632K)->39023K(39632K) Class: 5288K(5632K)->5288K(5632K)
[110.637s][info][gc          ] GC(151) Pause Young (Concurrent Start) (G1 Evacuation Pause) 62M->32M(74M) 1.029ms
[110.637s][info][gc,cpu      ] GC(151) User=0.00s Sys=0.00s Real=0.00s
[110.637s][info][gc          ] GC(152) Concurrent Cycle
[110.637s][info][gc,marking  ] GC(152) Concurrent Clear Claimed Marks
[110.637s][info][gc,marking  ] GC(152) Concurrent Clear Claimed Marks 0.026ms
[110.637s][info][gc,marking  ] GC(152) Concurrent Scan Root Regions
[110.638s][info][gc,marking  ] GC(152) Concurrent Scan Root Regions 1.121ms
[110.638s][info][gc,marking  ] GC(152) Concurrent Mark (110.638s)
[110.638s][info][gc,marking  ] GC(152) Concurrent Mark From Roots
[110.638s][info][gc,task     ] GC(152) Using 2 workers of 2 for marking
[110.663s][info][gc,marking  ] GC(152) Concurrent Mark From Roots 24.310ms
[110.663s][info][gc,marking  ] GC(152) Concurrent Preclean
[110.663s][info][gc,marking  ] GC(152) Concurrent Preclean 0.062ms
[110.663s][info][gc,marking  ] GC(152) Concurrent Mark (110.638s, 110.663s) 24.445ms
[110.663s][info][gc,start    ] GC(152) Pause Remark
[110.665s][info][gc          ] GC(152) Pause Remark 38M->38M(74M) 1.774ms
[110.665s][info][gc,cpu      ] GC(152) User=0.01s Sys=0.00s Real=0.00s
[110.665s][info][gc,marking  ] GC(152) Concurrent Rebuild Remembered Sets
[110.679s][info][gc,marking  ] GC(152) Concurrent Rebuild Remembered Sets 14.342ms
[110.679s][info][gc,start    ] GC(152) Pause Cleanup
[110.680s][info][gc          ] GC(152) Pause Cleanup 40M->40M(74M) 0.082ms
[110.680s][info][gc,cpu      ] GC(152) User=0.00s Sys=0.00s Real=0.00s
[110.680s][info][gc,marking  ] GC(152) Concurrent Cleanup for Next Mark
[110.680s][info][gc,marking  ] GC(152) Concurrent Cleanup for Next Mark 0.140ms
[110.680s][info][gc          ] GC(152) Concurrent Cycle 42.533ms
[110.764s][info][gc,start    ] GC(153) Pause Young (Normal) (G1 Evacuation Pause)
[110.764s][info][gc,task     ] GC(153) Using 8 workers of 8 for evacuation
[110.764s][info][gc,phases   ] GC(153)   Pre Evacuate Collection Set: 0.0ms
[110.764s][info][gc,phases   ] GC(153)   Merge Heap Roots: 0.0ms
[110.764s][info][gc,phases   ] GC(153)   Evacuate Collection Set: 0.5ms
[110.764s][info][gc,phases   ] GC(153)   Post Evacuate Collection Set: 0.2ms
[110.764s][info][gc,phases   ] GC(153)   Other: 0.1ms
[110.764s][info][gc,heap     ] GC(153) Eden regions: 30->0(30)
[110.764s][info][gc,heap     ] GC(153) Survivor regions: 1->1(4)
[110.764s][info][gc,heap     ] GC(153) Old regions: 32->32
[110.764s][info][gc,heap     ] GC(153) Archive regions: 2->2
[110.764s][info][gc,heap     ] GC(153) Humongous regions: 0->0
[110.765s][info][gc,metaspace] GC(153) Metaspace: 44311K(45264K)->44311K(45264K) NonClass: 39023K(39632K)->39023K(39632K) Class: 5288K(5632K)->5288K(5632K)
[110.765s][info][gc          ] GC(153) Pause Young (Normal) (G1 Evacuation Pause) 62M->32M(74M) 0.925ms
[110.765s][info][gc,cpu      ] GC(153) User=0.00s Sys=0.00s Real=0.00s
[110.884s][info][gc,start    ] GC(154) Pause Young (Concurrent Start) (G1 Evacuation Pause)
[110.885s][info][gc,task     ] GC(154) Using 8 workers of 8 for evacuation
[110.886s][info][gc,phases   ] GC(154)   Pre Evacuate Collection Set: 0.1ms
[110.886s][info][gc,phases   ] GC(154)   Merge Heap Roots: 0.0ms
[110.886s][info][gc,phases   ] GC(154)   Evacuate Collection Set: 0.6ms
[110.886s][info][gc,phases   ] GC(154)   Post Evacuate Collection Set: 0.2ms
[110.886s][info][gc,phases   ] GC(154)   Other: 0.2ms
[110.886s][info][gc,heap     ] GC(154) Eden regions: 30->0(30)
[110.886s][info][gc,heap     ] GC(154) Survivor regions: 1->1(4)
[110.886s][info][gc,heap     ] GC(154) Old regions: 32->32
[110.886s][info][gc,heap     ] GC(154) Archive regions: 2->2
[110.886s][info][gc,heap     ] GC(154) Humongous regions: 0->0
[110.886s][info][gc,metaspace] GC(154) Metaspace: 44312K(45264K)->44312K(45264K) NonClass: 39024K(39632K)->39024K(39632K) Class: 5288K(5632K)->5288K(5632K)
[110.886s][info][gc          ] GC(154) Pause Young (Concurrent Start) (G1 Evacuation Pause) 62M->32M(74M) 1.187ms
[110.886s][info][gc,cpu      ] GC(154) User=0.01s Sys=0.00s Real=0.00s
[110.886s][info][gc          ] GC(155) Concurrent Cycle
[110.886s][info][gc,marking  ] GC(155) Concurrent Clear Claimed Marks
[110.886s][info][gc,marking  ] GC(155) Concurrent Clear Claimed Marks 0.034ms
[110.886s][info][gc,marking  ] GC(155) Concurrent Scan Root Regions
[110.887s][info][gc,marking  ] GC(155) Concurrent Scan Root Regions 0.799ms
[110.887s][info][gc,marking  ] GC(155) Concurrent Mark (110.887s)
[110.887s][info][gc,marking  ] GC(155) Concurrent Mark From Roots
[110.887s][info][gc,task     ] GC(155) Using 2 workers of 2 for marking
[110.910s][info][gc,marking  ] GC(155) Concurrent Mark From Roots 23.509ms
[110.910s][info][gc,marking  ] GC(155) Concurrent Preclean
[110.910s][info][gc,marking  ] GC(155) Concurrent Preclean 0.055ms
[110.910s][info][gc,marking  ] GC(155) Concurrent Mark (110.887s, 110.910s) 23.632ms
[110.910s][info][gc,start    ] GC(155) Pause Remark
[110.912s][info][gc          ] GC(155) Pause Remark 37M->37M(74M) 1.711ms
[110.912s][info][gc,cpu      ] GC(155) User=0.01s Sys=0.00s Real=0.00s
[110.912s][info][gc,marking  ] GC(155) Concurrent Rebuild Remembered Sets
[110.926s][info][gc,marking  ] GC(155) Concurrent Rebuild Remembered Sets 13.933ms
[110.926s][info][gc,start    ] GC(155) Pause Cleanup
[110.926s][info][gc          ] GC(155) Pause Cleanup 40M->40M(74M) 0.076ms
[110.926s][info][gc,cpu      ] GC(155) User=0.00s Sys=0.00s Real=0.00s
[110.926s][info][gc,marking  ] GC(155) Concurrent Cleanup for Next Mark
[110.927s][info][gc,marking  ] GC(155) Concurrent Cleanup for Next Mark 0.162ms
[110.927s][info][gc          ] GC(155) Concurrent Cycle 40.932ms
[111.036s][info][gc,start    ] GC(156) Pause Young (Normal) (G1 Evacuation Pause)
[111.036s][info][gc,task     ] GC(156) Using 8 workers of 8 for evacuation
[111.037s][info][gc,phases   ] GC(156)   Pre Evacuate Collection Set: 0.0ms
[111.037s][info][gc,phases   ] GC(156)   Merge Heap Roots: 0.0ms
[111.037s][info][gc,phases   ] GC(156)   Evacuate Collection Set: 0.6ms
[111.037s][info][gc,phases   ] GC(156)   Post Evacuate Collection Set: 0.2ms
[111.037s][info][gc,phases   ] GC(156)   Other: 0.1ms
[111.037s][info][gc,heap     ] GC(156) Eden regions: 30->0(30)
[111.037s][info][gc,heap     ] GC(156) Survivor regions: 1->1(4)
[111.037s][info][gc,heap     ] GC(156) Old regions: 32->32
[111.037s][info][gc,heap     ] GC(156) Archive regions: 2->2
[111.037s][info][gc,heap     ] GC(156) Humongous regions: 0->0
[111.037s][info][gc,metaspace] GC(156) Metaspace: 44312K(45264K)->44312K(45264K) NonClass: 39024K(39632K)->39024K(39632K) Class: 5288K(5632K)->5288K(5632K)
[111.037s][info][gc          ] GC(156) Pause Young (Normal) (G1 Evacuation Pause) 62M->32M(74M) 1.106ms
[111.037s][info][gc,cpu      ] GC(156) User=0.01s Sys=0.00s Real=0.00s
[111.178s][info][gc,start    ] GC(157) Pause Young (Concurrent Start) (G1 Evacuation Pause)
[111.178s][info][gc,task     ] GC(157) Using 8 workers of 8 for evacuation
[111.179s][info][gc,phases   ] GC(157)   Pre Evacuate Collection Set: 0.1ms
[111.179s][info][gc,phases   ] GC(157)   Merge Heap Roots: 0.0ms
[111.179s][info][gc,phases   ] GC(157)   Evacuate Collection Set: 0.6ms
[111.179s][info][gc,phases   ] GC(157)   Post Evacuate Collection Set: 0.2ms
[111.179s][info][gc,phases   ] GC(157)   Other: 0.2ms
[111.179s][info][gc,heap     ] GC(157) Eden regions: 30->0(30)
[111.179s][info][gc,heap     ] GC(157) Survivor regions: 1->1(4)
[111.179s][info][gc,heap     ] GC(157) Old regions: 32->32
[111.179s][info][gc,heap     ] GC(157) Archive regions: 2->2
[111.179s][info][gc,heap     ] GC(157) Humongous regions: 0->0
[111.179s][info][gc,metaspace] GC(157) Metaspace: 44312K(45264K)->44312K(45264K) NonClass: 39024K(39632K)->39024K(39632K) Class: 5288K(5632K)->5288K(5632K)
[111.179s][info][gc          ] GC(157) Pause Young (Concurrent Start) (G1 Evacuation Pause) 62M->32M(74M) 1.106ms
[111.179s][info][gc,cpu      ] GC(157) User=0.00s Sys=0.00s Real=0.01s
[111.179s][info][gc          ] GC(158) Concurrent Cycle
[111.179s][info][gc,marking  ] GC(158) Concurrent Clear Claimed Marks
[111.179s][info][gc,marking  ] GC(158) Concurrent Clear Claimed Marks 0.031ms
[111.179s][info][gc,marking  ] GC(158) Concurrent Scan Root Regions
[111.180s][info][gc,marking  ] GC(158) Concurrent Scan Root Regions 1.204ms
[111.180s][info][gc,marking  ] GC(158) Concurrent Mark (111.180s)
[111.180s][info][gc,marking  ] GC(158) Concurrent Mark From Roots
[111.180s][info][gc,task     ] GC(158) Using 2 workers of 2 for marking
[111.205s][info][gc,marking  ] GC(158) Concurrent Mark From Roots 25.059ms
[111.205s][info][gc,marking  ] GC(158) Concurrent Preclean
[111.205s][info][gc,marking  ] GC(158) Concurrent Preclean 0.125ms
[111.205s][info][gc,marking  ] GC(158) Concurrent Mark (111.180s, 111.205s) 25.310ms
[111.206s][info][gc,start    ] GC(158) Pause Remark
[111.207s][info][gc          ] GC(158) Pause Remark 37M->37M(74M) 1.662ms
[111.207s][info][gc,cpu      ] GC(158) User=0.01s Sys=0.00s Real=0.00s
[111.207s][info][gc,marking  ] GC(158) Concurrent Rebuild Remembered Sets
[111.222s][info][gc,marking  ] GC(158) Concurrent Rebuild Remembered Sets 15.055ms
[111.223s][info][gc,start    ] GC(158) Pause Cleanup
[111.223s][info][gc          ] GC(158) Pause Cleanup 40M->40M(74M) 0.094ms
[111.223s][info][gc,cpu      ] GC(158) User=0.00s Sys=0.00s Real=0.00s
[111.223s][info][gc,marking  ] GC(158) Concurrent Cleanup for Next Mark
[111.223s][info][gc,marking  ] GC(158) Concurrent Cleanup for Next Mark 0.141ms
[111.223s][info][gc          ] GC(158) Concurrent Cycle 44.110ms
[111.312s][info][gc,start    ] GC(159) Pause Young (Normal) (G1 Evacuation Pause)
[111.312s][info][gc,task     ] GC(159) Using 8 workers of 8 for evacuation
[111.313s][info][gc,phases   ] GC(159)   Pre Evacuate Collection Set: 0.0ms
[111.313s][info][gc,phases   ] GC(159)   Merge Heap Roots: 0.0ms
[111.313s][info][gc,phases   ] GC(159)   Evacuate Collection Set: 0.4ms
[111.313s][info][gc,phases   ] GC(159)   Post Evacuate Collection Set: 0.2ms
[111.313s][info][gc,phases   ] GC(159)   Other: 0.2ms
[111.313s][info][gc,heap     ] GC(159) Eden regions: 30->0(30)
[111.313s][info][gc,heap     ] GC(159) Survivor regions: 1->1(4)
[111.313s][info][gc,heap     ] GC(159) Old regions: 32->32
[111.313s][info][gc,heap     ] GC(159) Archive regions: 2->2
[111.313s][info][gc,heap     ] GC(159) Humongous regions: 0->0
[111.313s][info][gc,metaspace] GC(159) Metaspace: 44312K(45264K)->44312K(45264K) NonClass: 39024K(39632K)->39024K(39632K) Class: 5288K(5632K)->5288K(5632K)
[111.313s][info][gc          ] GC(159) Pause Young (Normal) (G1 Evacuation Pause) 62M->32M(74M) 0.950ms
[111.313s][info][gc,cpu      ] GC(159) User=0.01s Sys=0.00s Real=0.00s
[111.429s][info][gc,start    ] GC(160) Pause Young (Concurrent Start) (G1 Evacuation Pause)
[111.429s][info][gc,task     ] GC(160) Using 8 workers of 8 for evacuation
[111.430s][info][gc,phases   ] GC(160)   Pre Evacuate Collection Set: 0.1ms
[111.430s][info][gc,phases   ] GC(160)   Merge Heap Roots: 0.0ms
[111.430s][info][gc,phases   ] GC(160)   Evacuate Collection Set: 0.6ms
[111.430s][info][gc,phases   ] GC(160)   Post Evacuate Collection Set: 0.2ms
[111.430s][info][gc,phases   ] GC(160)   Other: 0.2ms
[111.430s][info][gc,heap     ] GC(160) Eden regions: 30->0(30)
[111.430s][info][gc,heap     ] GC(160) Survivor regions: 1->1(4)
[111.430s][info][gc,heap     ] GC(160) Old regions: 32->32
[111.430s][info][gc,heap     ] GC(160) Archive regions: 2->2
[111.430s][info][gc,heap     ] GC(160) Humongous regions: 0->0
[111.430s][info][gc,metaspace] GC(160) Metaspace: 44312K(45264K)->44312K(45264K) NonClass: 39024K(39632K)->39024K(39632K) Class: 5288K(5632K)->5288K(5632K)
[111.430s][info][gc          ] GC(160) Pause Young (Concurrent Start) (G1 Evacuation Pause) 62M->32M(74M) 1.212ms
[111.430s][info][gc,cpu      ] GC(160) User=0.00s Sys=0.00s Real=0.00s
[111.430s][info][gc          ] GC(161) Concurrent Cycle
[111.430s][info][gc,marking  ] GC(161) Concurrent Clear Claimed Marks
[111.430s][info][gc,marking  ] GC(161) Concurrent Clear Claimed Marks 0.040ms
[111.430s][info][gc,marking  ] GC(161) Concurrent Scan Root Regions
[111.431s][info][gc,marking  ] GC(161) Concurrent Scan Root Regions 0.620ms
[111.431s][info][gc,marking  ] GC(161) Concurrent Mark (111.431s)
[111.431s][info][gc,marking  ] GC(161) Concurrent Mark From Roots
[111.431s][info][gc,task     ] GC(161) Using 2 workers of 2 for marking
[111.455s][info][gc,marking  ] GC(161) Concurrent Mark From Roots 24.299ms
[111.455s][info][gc,marking  ] GC(161) Concurrent Preclean
[111.455s][info][gc,marking  ] GC(161) Concurrent Preclean 0.057ms
[111.455s][info][gc,marking  ] GC(161) Concurrent Mark (111.431s, 111.455s) 24.428ms
[111.455s][info][gc,start    ] GC(161) Pause Remark
[111.457s][info][gc          ] GC(161) Pause Remark 37M->37M(74M) 1.649ms
[111.457s][info][gc,cpu      ] GC(161) User=0.01s Sys=0.00s Real=0.00s
[111.457s][info][gc,marking  ] GC(161) Concurrent Rebuild Remembered Sets
[111.471s][info][gc,marking  ] GC(161) Concurrent Rebuild Remembered Sets 14.084ms
[111.471s][info][gc,start    ] GC(161) Pause Cleanup
[111.471s][info][gc          ] GC(161) Pause Cleanup 40M->40M(74M) 0.085ms
[111.471s][info][gc,cpu      ] GC(161) User=0.00s Sys=0.00s Real=0.00s
[111.471s][info][gc,marking  ] GC(161) Concurrent Cleanup for Next Mark
[111.472s][info][gc,marking  ] GC(161) Concurrent Cleanup for Next Mark 0.137ms
[111.472s][info][gc          ] GC(161) Concurrent Cycle 41.634ms
[111.569s][info][gc,start    ] GC(162) Pause Young (Normal) (G1 Evacuation Pause)
[111.569s][info][gc,task     ] GC(162) Using 8 workers of 8 for evacuation
[111.570s][info][gc,phases   ] GC(162)   Pre Evacuate Collection Set: 0.0ms
[111.570s][info][gc,phases   ] GC(162)   Merge Heap Roots: 0.0ms
[111.570s][info][gc,phases   ] GC(162)   Evacuate Collection Set: 0.4ms
[111.570s][info][gc,phases   ] GC(162)   Post Evacuate Collection Set: 0.2ms
[111.570s][info][gc,phases   ] GC(162)   Other: 0.2ms
[111.570s][info][gc,heap     ] GC(162) Eden regions: 30->0(30)
[111.570s][info][gc,heap     ] GC(162) Survivor regions: 1->1(4)
[111.570s][info][gc,heap     ] GC(162) Old regions: 32->32
[111.570s][info][gc,heap     ] GC(162) Archive regions: 2->2
[111.570s][info][gc,heap     ] GC(162) Humongous regions: 0->0
[111.570s][info][gc,metaspace] GC(162) Metaspace: 44312K(45264K)->44312K(45264K) NonClass: 39024K(39632K)->39024K(39632K) Class: 5288K(5632K)->5288K(5632K)
[111.570s][info][gc          ] GC(162) Pause Young (Normal) (G1 Evacuation Pause) 62M->32M(74M) 0.913ms
[111.570s][info][gc,cpu      ] GC(162) User=0.01s Sys=0.00s Real=0.00s
[111.692s][info][gc,start    ] GC(163) Pause Young (Concurrent Start) (G1 Evacuation Pause)
[111.692s][info][gc,task     ] GC(163) Using 8 workers of 8 for evacuation
[111.693s][info][gc,phases   ] GC(163)   Pre Evacuate Collection Set: 0.1ms
[111.693s][info][gc,phases   ] GC(163)   Merge Heap Roots: 0.0ms
[111.693s][info][gc,phases   ] GC(163)   Evacuate Collection Set: 0.6ms
[111.693s][info][gc,phases   ] GC(163)   Post Evacuate Collection Set: 0.2ms
[111.693s][info][gc,phases   ] GC(163)   Other: 0.1ms
[111.693s][info][gc,heap     ] GC(163) Eden regions: 30->0(29)
[111.693s][info][gc,heap     ] GC(163) Survivor regions: 1->1(4)
[111.693s][info][gc,heap     ] GC(163) Old regions: 32->33
[111.693s][info][gc,heap     ] GC(163) Archive regions: 2->2
[111.693s][info][gc,heap     ] GC(163) Humongous regions: 0->0
[111.693s][info][gc,metaspace] GC(163) Metaspace: 44312K(45264K)->44312K(45264K) NonClass: 39024K(39632K)->39024K(39632K) Class: 5288K(5632K)->5288K(5632K)
[111.693s][info][gc          ] GC(163) Pause Young (Concurrent Start) (G1 Evacuation Pause) 62M->32M(74M) 1.094ms
[111.693s][info][gc,cpu      ] GC(163) User=0.00s Sys=0.00s Real=0.00s
[111.693s][info][gc          ] GC(164) Concurrent Cycle
[111.693s][info][gc,marking  ] GC(164) Concurrent Clear Claimed Marks
[111.693s][info][gc,marking  ] GC(164) Concurrent Clear Claimed Marks 0.034ms
[111.693s][info][gc,marking  ] GC(164) Concurrent Scan Root Regions
[111.693s][info][gc,marking  ] GC(164) Concurrent Scan Root Regions 0.458ms
[111.693s][info][gc,marking  ] GC(164) Concurrent Mark (111.693s)
[111.693s][info][gc,marking  ] GC(164) Concurrent Mark From Roots
[111.693s][info][gc,task     ] GC(164) Using 2 workers of 2 for marking
[111.716s][info][gc,marking  ] GC(164) Concurrent Mark From Roots 22.898ms
[111.716s][info][gc,marking  ] GC(164) Concurrent Preclean
[111.716s][info][gc,marking  ] GC(164) Concurrent Preclean 0.057ms
[111.716s][info][gc,marking  ] GC(164) Concurrent Mark (111.693s, 111.716s) 23.018ms
[111.717s][info][gc,start    ] GC(164) Pause Remark
[111.718s][info][gc          ] GC(164) Pause Remark 37M->37M(74M) 1.585ms
[111.718s][info][gc,cpu      ] GC(164) User=0.01s Sys=0.00s Real=0.01s
[111.718s][info][gc,marking  ] GC(164) Concurrent Rebuild Remembered Sets
[111.733s][info][gc,marking  ] GC(164) Concurrent Rebuild Remembered Sets 14.221ms
[111.733s][info][gc,start    ] GC(164) Pause Cleanup
[111.733s][info][gc          ] GC(164) Pause Cleanup 40M->40M(74M) 0.084ms
[111.733s][info][gc,cpu      ] GC(164) User=0.00s Sys=0.00s Real=0.00s
[111.733s][info][gc,marking  ] GC(164) Concurrent Cleanup for Next Mark
[111.733s][info][gc,marking  ] GC(164) Concurrent Cleanup for Next Mark 0.123ms
[111.733s][info][gc          ] GC(164) Concurrent Cycle 40.167ms
[111.826s][info][gc,start    ] GC(165) Pause Young (Normal) (G1 Evacuation Pause)
[111.826s][info][gc,task     ] GC(165) Using 8 workers of 8 for evacuation
[111.827s][info][gc,phases   ] GC(165)   Pre Evacuate Collection Set: 0.0ms
[111.827s][info][gc,phases   ] GC(165)   Merge Heap Roots: 0.0ms
[111.827s][info][gc,phases   ] GC(165)   Evacuate Collection Set: 0.4ms
[111.827s][info][gc,phases   ] GC(165)   Post Evacuate Collection Set: 0.2ms
[111.827s][info][gc,phases   ] GC(165)   Other: 0.2ms
[111.827s][info][gc,heap     ] GC(165) Eden regions: 29->0(29)
[111.827s][info][gc,heap     ] GC(165) Survivor regions: 1->1(4)
[111.827s][info][gc,heap     ] GC(165) Old regions: 33->33
[111.827s][info][gc,heap     ] GC(165) Archive regions: 2->2
[111.827s][info][gc,heap     ] GC(165) Humongous regions: 0->0
[111.827s][info][gc,metaspace] GC(165) Metaspace: 44313K(45264K)->44313K(45264K) NonClass: 39025K(39632K)->39025K(39632K) Class: 5288K(5632K)->5288K(5632K)
[111.827s][info][gc          ] GC(165) Pause Young (Normal) (G1 Evacuation Pause) 61M->32M(74M) 0.889ms
[111.827s][info][gc,cpu      ] GC(165) User=0.00s Sys=0.00s Real=0.00s
[111.938s][info][gc,start    ] GC(166) Pause Young (Concurrent Start) (G1 Evacuation Pause)
[111.938s][info][gc,task     ] GC(166) Using 8 workers of 8 for evacuation
[111.938s][info][gc,phases   ] GC(166)   Pre Evacuate Collection Set: 0.1ms
[111.938s][info][gc,phases   ] GC(166)   Merge Heap Roots: 0.0ms
[111.938s][info][gc,phases   ] GC(166)   Evacuate Collection Set: 0.4ms
[111.938s][info][gc,phases   ] GC(166)   Post Evacuate Collection Set: 0.2ms
[111.939s][info][gc,phases   ] GC(166)   Other: 0.2ms
[111.939s][info][gc,heap     ] GC(166) Eden regions: 29->0(29)
[111.939s][info][gc,heap     ] GC(166) Survivor regions: 1->1(4)
[111.939s][info][gc,heap     ] GC(166) Old regions: 33->33
[111.939s][info][gc,heap     ] GC(166) Archive regions: 2->2
[111.939s][info][gc,heap     ] GC(166) Humongous regions: 0->0
[111.939s][info][gc,metaspace] GC(166) Metaspace: 44313K(45264K)->44313K(45264K) NonClass: 39025K(39632K)->39025K(39632K) Class: 5288K(5632K)->5288K(5632K)
[111.939s][info][gc          ] GC(166) Pause Young (Concurrent Start) (G1 Evacuation Pause) 61M->32M(74M) 0.958ms
[111.939s][info][gc,cpu      ] GC(166) User=0.01s Sys=0.00s Real=0.01s
[111.939s][info][gc          ] GC(167) Concurrent Cycle
[111.939s][info][gc,marking  ] GC(167) Concurrent Clear Claimed Marks
[111.939s][info][gc,marking  ] GC(167) Concurrent Clear Claimed Marks 0.021ms
[111.939s][info][gc,marking  ] GC(167) Concurrent Scan Root Regions
[111.939s][info][gc,marking  ] GC(167) Concurrent Scan Root Regions 0.455ms
[111.939s][info][gc,marking  ] GC(167) Concurrent Mark (111.939s)
[111.939s][info][gc,marking  ] GC(167) Concurrent Mark From Roots
[111.939s][info][gc,task     ] GC(167) Using 2 workers of 2 for marking
[111.963s][info][gc,marking  ] GC(167) Concurrent Mark From Roots 23.905ms
[111.963s][info][gc,marking  ] GC(167) Concurrent Preclean
[111.963s][info][gc,marking  ] GC(167) Concurrent Preclean 0.077ms
[111.963s][info][gc,marking  ] GC(167) Concurrent Mark (111.939s, 111.963s) 24.057ms
[111.963s][info][gc,start    ] GC(167) Pause Remark
[111.965s][info][gc          ] GC(167) Pause Remark 37M->37M(74M) 1.900ms
[111.965s][info][gc,cpu      ] GC(167) User=0.01s Sys=0.00s Real=0.00s
[111.966s][info][gc,marking  ] GC(167) Concurrent Rebuild Remembered Sets
[111.982s][info][gc,marking  ] GC(167) Concurrent Rebuild Remembered Sets 16.255ms
[111.982s][info][gc,start    ] GC(167) Pause Cleanup
[111.983s][info][gc          ] GC(167) Pause Cleanup 40M->40M(74M) 0.098ms
[111.983s][info][gc,cpu      ] GC(167) User=0.00s Sys=0.00s Real=0.00s
[111.983s][info][gc,marking  ] GC(167) Concurrent Cleanup for Next Mark
[111.983s][info][gc,marking  ] GC(167) Concurrent Cleanup for Next Mark 0.142ms
[111.983s][info][gc          ] GC(167) Concurrent Cycle 44.165ms
[112.088s][info][gc,start    ] GC(168) Pause Young (Normal) (G1 Evacuation Pause)
[112.088s][info][gc,task     ] GC(168) Using 8 workers of 8 for evacuation
[112.089s][info][gc,phases   ] GC(168)   Pre Evacuate Collection Set: 0.0ms
[112.089s][info][gc,phases   ] GC(168)   Merge Heap Roots: 0.0ms
[112.089s][info][gc,phases   ] GC(168)   Evacuate Collection Set: 0.4ms
[112.089s][info][gc,phases   ] GC(168)   Post Evacuate Collection Set: 0.2ms
[112.089s][info][gc,phases   ] GC(168)   Other: 0.1ms
[112.089s][info][gc,heap     ] GC(168) Eden regions: 29->0(29)
[112.089s][info][gc,heap     ] GC(168) Survivor regions: 1->1(4)
[112.089s][info][gc,heap     ] GC(168) Old regions: 33->33
[112.089s][info][gc,heap     ] GC(168) Archive regions: 2->2
[112.089s][info][gc,heap     ] GC(168) Humongous regions: 0->0
[112.089s][info][gc,metaspace] GC(168) Metaspace: 44313K(45264K)->44313K(45264K) NonClass: 39025K(39632K)->39025K(39632K) Class: 5288K(5632K)->5288K(5632K)
[112.089s][info][gc          ] GC(168) Pause Young (Normal) (G1 Evacuation Pause) 61M->32M(74M) 0.884ms
[112.089s][info][gc,cpu      ] GC(168) User=0.00s Sys=0.00s Real=0.01s
[112.208s][info][gc,start    ] GC(169) Pause Young (Concurrent Start) (G1 Evacuation Pause)
[112.208s][info][gc,task     ] GC(169) Using 8 workers of 8 for evacuation
[112.209s][info][gc,phases   ] GC(169)   Pre Evacuate Collection Set: 0.1ms
[112.209s][info][gc,phases   ] GC(169)   Merge Heap Roots: 0.0ms
[112.209s][info][gc,phases   ] GC(169)   Evacuate Collection Set: 0.5ms
[112.209s][info][gc,phases   ] GC(169)   Post Evacuate Collection Set: 0.2ms
[112.209s][info][gc,phases   ] GC(169)   Other: 0.2ms
[112.209s][info][gc,heap     ] GC(169) Eden regions: 29->0(29)
[112.209s][info][gc,heap     ] GC(169) Survivor regions: 1->1(4)
[112.209s][info][gc,heap     ] GC(169) Old regions: 33->33
[112.209s][info][gc,heap     ] GC(169) Archive regions: 2->2
[112.209s][info][gc,heap     ] GC(169) Humongous regions: 0->0
[112.209s][info][gc,metaspace] GC(169) Metaspace: 44313K(45264K)->44313K(45264K) NonClass: 39025K(39632K)->39025K(39632K) Class: 5288K(5632K)->5288K(5632K)
[112.209s][info][gc          ] GC(169) Pause Young (Concurrent Start) (G1 Evacuation Pause) 61M->32M(74M) 1.052ms
[112.209s][info][gc,cpu      ] GC(169) User=0.01s Sys=0.00s Real=0.01s
[112.209s][info][gc          ] GC(170) Concurrent Cycle
[112.209s][info][gc,marking  ] GC(170) Concurrent Clear Claimed Marks
[112.209s][info][gc,marking  ] GC(170) Concurrent Clear Claimed Marks 0.049ms
[112.209s][info][gc,marking  ] GC(170) Concurrent Scan Root Regions
[112.210s][info][gc,marking  ] GC(170) Concurrent Scan Root Regions 0.739ms
[112.210s][info][gc,marking  ] GC(170) Concurrent Mark (112.210s)
[112.210s][info][gc,marking  ] GC(170) Concurrent Mark From Roots
[112.210s][info][gc,task     ] GC(170) Using 2 workers of 2 for marking
[112.235s][info][gc,marking  ] GC(170) Concurrent Mark From Roots 25.111ms
[112.235s][info][gc,marking  ] GC(170) Concurrent Preclean
[112.235s][info][gc,marking  ] GC(170) Concurrent Preclean 0.082ms
[112.235s][info][gc,marking  ] GC(170) Concurrent Mark (112.210s, 112.235s) 25.288ms
[112.235s][info][gc,start    ] GC(170) Pause Remark
[112.237s][info][gc          ] GC(170) Pause Remark 37M->37M(74M) 1.534ms
[112.237s][info][gc,cpu      ] GC(170) User=0.01s Sys=0.00s Real=0.00s
[112.237s][info][gc,marking  ] GC(170) Concurrent Rebuild Remembered Sets
[112.254s][info][gc,marking  ] GC(170) Concurrent Rebuild Remembered Sets 17.090ms
[112.254s][info][gc,start    ] GC(170) Pause Cleanup
[112.254s][info][gc          ] GC(170) Pause Cleanup 40M->40M(74M) 0.073ms
[112.254s][info][gc,cpu      ] GC(170) User=0.00s Sys=0.00s Real=0.00s
[112.254s][info][gc,marking  ] GC(170) Concurrent Cleanup for Next Mark
[112.254s][info][gc,marking  ] GC(170) Concurrent Cleanup for Next Mark 0.107ms
[112.254s][info][gc          ] GC(170) Concurrent Cycle 45.452ms
[112.342s][info][gc,start    ] GC(171) Pause Young (Normal) (G1 Evacuation Pause)
[112.342s][info][gc,task     ] GC(171) Using 8 workers of 8 for evacuation
[112.343s][info][gc,phases   ] GC(171)   Pre Evacuate Collection Set: 0.0ms
[112.343s][info][gc,phases   ] GC(171)   Merge Heap Roots: 0.0ms
[112.343s][info][gc,phases   ] GC(171)   Evacuate Collection Set: 0.4ms
[112.343s][info][gc,phases   ] GC(171)   Post Evacuate Collection Set: 0.2ms
[112.343s][info][gc,phases   ] GC(171)   Other: 0.2ms
[112.343s][info][gc,heap     ] GC(171) Eden regions: 29->0(29)
[112.343s][info][gc,heap     ] GC(171) Survivor regions: 1->1(4)
[112.343s][info][gc,heap     ] GC(171) Old regions: 33->33
[112.343s][info][gc,heap     ] GC(171) Archive regions: 2->2
[112.343s][info][gc,heap     ] GC(171) Humongous regions: 0->0
[112.343s][info][gc,metaspace] GC(171) Metaspace: 44313K(45264K)->44313K(45264K) NonClass: 39025K(39632K)->39025K(39632K) Class: 5288K(5632K)->5288K(5632K)
[112.343s][info][gc          ] GC(171) Pause Young (Normal) (G1 Evacuation Pause) 61M->32M(74M) 0.872ms
[112.343s][info][gc,cpu      ] GC(171) User=0.00s Sys=0.00s Real=0.00s
[112.457s][info][gc,start    ] GC(172) Pause Young (Concurrent Start) (G1 Evacuation Pause)
[112.457s][info][gc,task     ] GC(172) Using 8 workers of 8 for evacuation
[112.457s][info][gc,phases   ] GC(172)   Pre Evacuate Collection Set: 0.1ms
[112.457s][info][gc,phases   ] GC(172)   Merge Heap Roots: 0.0ms
[112.457s][info][gc,phases   ] GC(172)   Evacuate Collection Set: 0.5ms
[112.457s][info][gc,phases   ] GC(172)   Post Evacuate Collection Set: 0.2ms
[112.457s][info][gc,phases   ] GC(172)   Other: 0.2ms
[112.457s][info][gc,heap     ] GC(172) Eden regions: 29->0(29)
[112.457s][info][gc,heap     ] GC(172) Survivor regions: 1->1(4)
[112.457s][info][gc,heap     ] GC(172) Old regions: 33->33
[112.457s][info][gc,heap     ] GC(172) Archive regions: 2->2
[112.458s][info][gc,heap     ] GC(172) Humongous regions: 0->0
[112.458s][info][gc,metaspace] GC(172) Metaspace: 44313K(45264K)->44313K(45264K) NonClass: 39025K(39632K)->39025K(39632K) Class: 5288K(5632K)->5288K(5632K)
[112.458s][info][gc          ] GC(172) Pause Young (Concurrent Start) (G1 Evacuation Pause) 61M->33M(74M) 0.959ms
[112.458s][info][gc,cpu      ] GC(172) User=0.00s Sys=0.00s Real=0.00s
[112.458s][info][gc          ] GC(173) Concurrent Cycle
[112.458s][info][gc,marking  ] GC(173) Concurrent Clear Claimed Marks
[112.458s][info][gc,marking  ] GC(173) Concurrent Clear Claimed Marks 0.030ms
[112.458s][info][gc,marking  ] GC(173) Concurrent Scan Root Regions
[112.458s][info][gc,marking  ] GC(173) Concurrent Scan Root Regions 0.702ms
[112.458s][info][gc,marking  ] GC(173) Concurrent Mark (112.458s)
[112.458s][info][gc,marking  ] GC(173) Concurrent Mark From Roots
[112.458s][info][gc,task     ] GC(173) Using 2 workers of 2 for marking
[112.482s][info][gc,marking  ] GC(173) Concurrent Mark From Roots 23.854ms
[112.482s][info][gc,marking  ] GC(173) Concurrent Preclean
[112.482s][info][gc,marking  ] GC(173) Concurrent Preclean 0.086ms
[112.482s][info][gc,marking  ] GC(173) Concurrent Mark (112.458s, 112.482s) 24.019ms
[112.483s][info][gc,start    ] GC(173) Pause Remark
[112.484s][info][gc          ] GC(173) Pause Remark 37M->37M(74M) 1.605ms
[112.484s][info][gc,cpu      ] GC(173) User=0.01s Sys=0.00s Real=0.00s
[112.484s][info][gc,marking  ] GC(173) Concurrent Rebuild Remembered Sets
[112.499s][info][gc,marking  ] GC(173) Concurrent Rebuild Remembered Sets 14.532ms
[112.499s][info][gc,start    ] GC(173) Pause Cleanup
[112.499s][info][gc          ] GC(173) Pause Cleanup 40M->40M(74M) 0.074ms
[112.499s][info][gc,cpu      ] GC(173) User=0.00s Sys=0.00s Real=0.00s
[112.499s][info][gc,marking  ] GC(173) Concurrent Cleanup for Next Mark
[112.499s][info][gc,marking  ] GC(173) Concurrent Cleanup for Next Mark 0.124ms
[112.499s][info][gc          ] GC(173) Concurrent Cycle 41.746ms
[112.590s][info][gc,start    ] GC(174) Pause Young (Normal) (G1 Evacuation Pause)
[112.590s][info][gc,task     ] GC(174) Using 8 workers of 8 for evacuation
[112.591s][info][gc,phases   ] GC(174)   Pre Evacuate Collection Set: 0.0ms
[112.591s][info][gc,phases   ] GC(174)   Merge Heap Roots: 0.0ms
[112.591s][info][gc,phases   ] GC(174)   Evacuate Collection Set: 0.4ms
[112.591s][info][gc,phases   ] GC(174)   Post Evacuate Collection Set: 0.2ms
[112.591s][info][gc,phases   ] GC(174)   Other: 0.1ms
[112.591s][info][gc,heap     ] GC(174) Eden regions: 29->0(29)
[112.591s][info][gc,heap     ] GC(174) Survivor regions: 1->1(4)
[112.591s][info][gc,heap     ] GC(174) Old regions: 33->33
[112.591s][info][gc,heap     ] GC(174) Archive regions: 2->2
[112.591s][info][gc,heap     ] GC(174) Humongous regions: 0->0
[112.591s][info][gc,metaspace] GC(174) Metaspace: 44313K(45264K)->44313K(45264K) NonClass: 39025K(39632K)->39025K(39632K) Class: 5288K(5632K)->5288K(5632K)
[112.591s][info][gc          ] GC(174) Pause Young (Normal) (G1 Evacuation Pause) 62M->33M(74M) 0.848ms
[112.591s][info][gc,cpu      ] GC(174) User=0.00s Sys=0.00s Real=0.00s
[112.707s][info][gc,start    ] GC(175) Pause Young (Concurrent Start) (G1 Evacuation Pause)
[112.707s][info][gc,task     ] GC(175) Using 8 workers of 8 for evacuation
[112.708s][info][gc,phases   ] GC(175)   Pre Evacuate Collection Set: 0.1ms
[112.708s][info][gc,phases   ] GC(175)   Merge Heap Roots: 0.0ms
[112.708s][info][gc,phases   ] GC(175)   Evacuate Collection Set: 0.4ms
[112.708s][info][gc,phases   ] GC(175)   Post Evacuate Collection Set: 0.2ms
[112.708s][info][gc,phases   ] GC(175)   Other: 0.1ms
[112.708s][info][gc,heap     ] GC(175) Eden regions: 29->0(29)
[112.708s][info][gc,heap     ] GC(175) Survivor regions: 1->1(4)
[112.708s][info][gc,heap     ] GC(175) Old regions: 33->33
[112.708s][info][gc,heap     ] GC(175) Archive regions: 2->2
[112.708s][info][gc,heap     ] GC(175) Humongous regions: 0->0
[112.708s][info][gc,metaspace] GC(175) Metaspace: 44313K(45264K)->44313K(45264K) NonClass: 39025K(39632K)->39025K(39632K) Class: 5288K(5632K)->5288K(5632K)
[112.708s][info][gc          ] GC(175) Pause Young (Concurrent Start) (G1 Evacuation Pause) 62M->33M(74M) 0.982ms
[112.708s][info][gc,cpu      ] GC(175) User=0.00s Sys=0.00s Real=0.01s
[112.708s][info][gc          ] GC(176) Concurrent Cycle
[112.708s][info][gc,marking  ] GC(176) Concurrent Clear Claimed Marks
[112.708s][info][gc,marking  ] GC(176) Concurrent Clear Claimed Marks 0.020ms
[112.708s][info][gc,marking  ] GC(176) Concurrent Scan Root Regions
[112.709s][info][gc,marking  ] GC(176) Concurrent Scan Root Regions 0.866ms
[112.709s][info][gc,marking  ] GC(176) Concurrent Mark (112.709s)
[112.709s][info][gc,marking  ] GC(176) Concurrent Mark From Roots
[112.709s][info][gc,task     ] GC(176) Using 2 workers of 2 for marking
[112.734s][info][gc,marking  ] GC(176) Concurrent Mark From Roots 24.906ms
[112.734s][info][gc,marking  ] GC(176) Concurrent Preclean
[112.734s][info][gc,marking  ] GC(176) Concurrent Preclean 0.093ms
[112.734s][info][gc,marking  ] GC(176) Concurrent Mark (112.709s, 112.734s) 25.082ms
[112.734s][info][gc,start    ] GC(176) Pause Remark
[112.736s][info][gc          ] GC(176) Pause Remark 38M->38M(74M) 1.568ms
[112.736s][info][gc,cpu      ] GC(176) User=0.01s Sys=0.00s Real=0.00s
[112.736s][info][gc,marking  ] GC(176) Concurrent Rebuild Remembered Sets
[112.751s][info][gc,marking  ] GC(176) Concurrent Rebuild Remembered Sets 15.137ms
[112.751s][info][gc,start    ] GC(176) Pause Cleanup
[112.752s][info][gc          ] GC(176) Pause Cleanup 40M->40M(74M) 0.094ms
[112.752s][info][gc,cpu      ] GC(176) User=0.00s Sys=0.00s Real=0.00s
[112.752s][info][gc,marking  ] GC(176) Concurrent Cleanup for Next Mark
[112.752s][info][gc,marking  ] GC(176) Concurrent Cleanup for Next Mark 0.169ms
[112.752s][info][gc          ] GC(176) Concurrent Cycle 43.704ms
[112.855s][info][gc,start    ] GC(177) Pause Young (Normal) (G1 Evacuation Pause)
[112.855s][info][gc,task     ] GC(177) Using 8 workers of 8 for evacuation
[112.855s][info][gc,phases   ] GC(177)   Pre Evacuate Collection Set: 0.0ms
[112.855s][info][gc,phases   ] GC(177)   Merge Heap Roots: 0.0ms
[112.855s][info][gc,phases   ] GC(177)   Evacuate Collection Set: 0.4ms
[112.855s][info][gc,phases   ] GC(177)   Post Evacuate Collection Set: 0.2ms
[112.855s][info][gc,phases   ] GC(177)   Other: 0.1ms
[112.856s][info][gc,heap     ] GC(177) Eden regions: 29->0(29)
[112.856s][info][gc,heap     ] GC(177) Survivor regions: 1->1(4)
[112.856s][info][gc,heap     ] GC(177) Old regions: 33->33
[112.856s][info][gc,heap     ] GC(177) Archive regions: 2->2
[112.856s][info][gc,heap     ] GC(177) Humongous regions: 0->0
[112.856s][info][gc,metaspace] GC(177) Metaspace: 44313K(45264K)->44313K(45264K) NonClass: 39025K(39632K)->39025K(39632K) Class: 5288K(5632K)->5288K(5632K)
[112.856s][info][gc          ] GC(177) Pause Young (Normal) (G1 Evacuation Pause) 62M->32M(74M) 0.850ms
[112.856s][info][gc,cpu      ] GC(177) User=0.00s Sys=0.00s Real=0.00s
[117.445s][info][gc,start    ] GC(178) Pause Young (Concurrent Start) (G1 Evacuation Pause)
[117.445s][info][gc,task     ] GC(178) Using 8 workers of 8 for evacuation
[117.446s][info][gc,phases   ] GC(178)   Pre Evacuate Collection Set: 0.1ms
[117.446s][info][gc,phases   ] GC(178)   Merge Heap Roots: 0.0ms
[117.446s][info][gc,phases   ] GC(178)   Evacuate Collection Set: 0.5ms
[117.446s][info][gc,phases   ] GC(178)   Post Evacuate Collection Set: 0.2ms
[117.446s][info][gc,phases   ] GC(178)   Other: 0.2ms
[117.446s][info][gc,heap     ] GC(178) Eden regions: 29->0(29)
[117.446s][info][gc,heap     ] GC(178) Survivor regions: 1->1(4)
[117.446s][info][gc,heap     ] GC(178) Old regions: 33->33
[117.446s][info][gc,heap     ] GC(178) Archive regions: 2->2
[117.446s][info][gc,heap     ] GC(178) Humongous regions: 0->0
[117.446s][info][gc,metaspace] GC(178) Metaspace: 44313K(45264K)->44313K(45264K) NonClass: 39025K(39632K)->39025K(39632K) Class: 5288K(5632K)->5288K(5632K)
[117.446s][info][gc          ] GC(178) Pause Young (Concurrent Start) (G1 Evacuation Pause) 61M->33M(74M) 1.017ms
[117.446s][info][gc,cpu      ] GC(178) User=0.01s Sys=0.00s Real=0.00s
[117.446s][info][gc          ] GC(179) Concurrent Cycle
[117.446s][info][gc,marking  ] GC(179) Concurrent Clear Claimed Marks
[117.446s][info][gc,marking  ] GC(179) Concurrent Clear Claimed Marks 0.038ms
[117.446s][info][gc,marking  ] GC(179) Concurrent Scan Root Regions
[117.447s][info][gc,marking  ] GC(179) Concurrent Scan Root Regions 1.400ms
[117.447s][info][gc,marking  ] GC(179) Concurrent Mark (117.447s)
[117.447s][info][gc,marking  ] GC(179) Concurrent Mark From Roots
[117.447s][info][gc,task     ] GC(179) Using 2 workers of 2 for marking
[117.477s][info][gc,marking  ] GC(179) Concurrent Mark From Roots 29.475ms
[117.477s][info][gc,marking  ] GC(179) Concurrent Preclean
[117.477s][info][gc,marking  ] GC(179) Concurrent Preclean 0.096ms
[117.477s][info][gc,marking  ] GC(179) Concurrent Mark (117.447s, 117.477s) 29.712ms
[117.478s][info][gc,start    ] GC(179) Pause Remark
[117.479s][info][gc          ] GC(179) Pause Remark 41M->41M(74M) 1.538ms
[117.479s][info][gc,cpu      ] GC(179) User=0.01s Sys=0.00s Real=0.01s
[117.479s][info][gc,marking  ] GC(179) Concurrent Rebuild Remembered Sets
[117.534s][info][gc,marking  ] GC(179) Concurrent Rebuild Remembered Sets 54.648ms
[117.534s][info][gc,start    ] GC(179) Pause Cleanup
[117.534s][info][gc          ] GC(179) Pause Cleanup 57M->57M(74M) 0.148ms
[117.534s][info][gc,cpu      ] GC(179) User=0.00s Sys=0.00s Real=0.00s
[117.535s][info][gc,marking  ] GC(179) Concurrent Cleanup for Next Mark
[117.535s][info][gc,marking  ] GC(179) Concurrent Cleanup for Next Mark 0.181ms
[117.535s][info][gc          ] GC(179) Concurrent Cycle 89.015ms
[117.559s][info][gc,start    ] GC(180) Pause Young (Normal) (G1 Evacuation Pause)
[117.559s][info][gc,task     ] GC(180) Using 8 workers of 8 for evacuation
[117.560s][info][gc,phases   ] GC(180)   Pre Evacuate Collection Set: 0.1ms
[117.560s][info][gc,phases   ] GC(180)   Merge Heap Roots: 0.1ms
[117.560s][info][gc,phases   ] GC(180)   Evacuate Collection Set: 0.5ms
[117.560s][info][gc,phases   ] GC(180)   Post Evacuate Collection Set: 0.2ms
[117.560s][info][gc,phases   ] GC(180)   Other: 0.1ms
[117.560s][info][gc,heap     ] GC(180) Eden regions: 29->0(29)
[117.560s][info][gc,heap     ] GC(180) Survivor regions: 1->1(4)
[117.560s][info][gc,heap     ] GC(180) Old regions: 33->33
[117.560s][info][gc,heap     ] GC(180) Archive regions: 2->2
[117.560s][info][gc,heap     ] GC(180) Humongous regions: 0->0
[117.560s][info][gc,metaspace] GC(180) Metaspace: 44313K(45264K)->44313K(45264K) NonClass: 39025K(39632K)->39025K(39632K) Class: 5288K(5632K)->5288K(5632K)
[117.560s][info][gc          ] GC(180) Pause Young (Normal) (G1 Evacuation Pause) 62M->33M(74M) 1.031ms
[117.560s][info][gc,cpu      ] GC(180) User=0.00s Sys=0.00s Real=0.00s
[117.679s][info][gc,start    ] GC(181) Pause Young (Concurrent Start) (G1 Evacuation Pause)
[117.679s][info][gc,task     ] GC(181) Using 8 workers of 8 for evacuation
[117.680s][info][gc,phases   ] GC(181)   Pre Evacuate Collection Set: 0.1ms
[117.680s][info][gc,phases   ] GC(181)   Merge Heap Roots: 0.0ms
[117.680s][info][gc,phases   ] GC(181)   Evacuate Collection Set: 0.5ms
[117.680s][info][gc,phases   ] GC(181)   Post Evacuate Collection Set: 0.2ms
[117.680s][info][gc,phases   ] GC(181)   Other: 0.2ms
[117.680s][info][gc,heap     ] GC(181) Eden regions: 29->0(29)
[117.680s][info][gc,heap     ] GC(181) Survivor regions: 1->1(4)
[117.680s][info][gc,heap     ] GC(181) Old regions: 33->33
[117.680s][info][gc,heap     ] GC(181) Archive regions: 2->2
[117.680s][info][gc,heap     ] GC(181) Humongous regions: 0->0
[117.680s][info][gc,metaspace] GC(181) Metaspace: 44313K(45264K)->44313K(45264K) NonClass: 39025K(39632K)->39025K(39632K) Class: 5288K(5632K)->5288K(5632K)
[117.680s][info][gc          ] GC(181) Pause Young (Concurrent Start) (G1 Evacuation Pause) 62M->33M(74M) 0.964ms
[117.680s][info][gc,cpu      ] GC(181) User=0.01s Sys=0.00s Real=0.00s
[117.680s][info][gc          ] GC(182) Concurrent Cycle
[117.680s][info][gc,marking  ] GC(182) Concurrent Clear Claimed Marks
[117.680s][info][gc,marking  ] GC(182) Concurrent Clear Claimed Marks 0.035ms
[117.680s][info][gc,marking  ] GC(182) Concurrent Scan Root Regions
[117.681s][info][gc,marking  ] GC(182) Concurrent Scan Root Regions 1.039ms
[117.681s][info][gc,marking  ] GC(182) Concurrent Mark (117.681s)
[117.681s][info][gc,marking  ] GC(182) Concurrent Mark From Roots
[117.681s][info][gc,task     ] GC(182) Using 2 workers of 2 for marking
[117.704s][info][gc,marking  ] GC(182) Concurrent Mark From Roots 23.500ms
[117.704s][info][gc,marking  ] GC(182) Concurrent Preclean
[117.704s][info][gc,marking  ] GC(182) Concurrent Preclean 0.057ms
[117.704s][info][gc,marking  ] GC(182) Concurrent Mark (117.681s, 117.704s) 23.608ms
[117.705s][info][gc,start    ] GC(182) Pause Remark
[117.706s][info][gc          ] GC(182) Pause Remark 38M->38M(74M) 1.549ms
[117.706s][info][gc,cpu      ] GC(182) User=0.01s Sys=0.00s Real=0.00s
[117.706s][info][gc,marking  ] GC(182) Concurrent Rebuild Remembered Sets
[117.721s][info][gc,marking  ] GC(182) Concurrent Rebuild Remembered Sets 14.298ms
[117.721s][info][gc,start    ] GC(182) Pause Cleanup
[117.721s][info][gc          ] GC(182) Pause Cleanup 42M->42M(74M) 0.072ms
[117.721s][info][gc,cpu      ] GC(182) User=0.00s Sys=0.00s Real=0.00s
[117.721s][info][gc,marking  ] GC(182) Concurrent Cleanup for Next Mark
[117.721s][info][gc,marking  ] GC(182) Concurrent Cleanup for Next Mark 0.101ms
[117.721s][info][gc          ] GC(182) Concurrent Cycle 41.519ms
[117.798s][info][gc,start    ] GC(183) Pause Young (Normal) (G1 Evacuation Pause)
[117.798s][info][gc,task     ] GC(183) Using 8 workers of 8 for evacuation
[117.799s][info][gc,phases   ] GC(183)   Pre Evacuate Collection Set: 0.0ms
[117.799s][info][gc,phases   ] GC(183)   Merge Heap Roots: 0.0ms
[117.799s][info][gc,phases   ] GC(183)   Evacuate Collection Set: 0.4ms
[117.799s][info][gc,phases   ] GC(183)   Post Evacuate Collection Set: 0.2ms
[117.799s][info][gc,phases   ] GC(183)   Other: 0.1ms
[117.799s][info][gc,heap     ] GC(183) Eden regions: 29->0(29)
[117.799s][info][gc,heap     ] GC(183) Survivor regions: 1->1(4)
[117.799s][info][gc,heap     ] GC(183) Old regions: 33->33
[117.799s][info][gc,heap     ] GC(183) Archive regions: 2->2
[117.799s][info][gc,heap     ] GC(183) Humongous regions: 0->0
[117.799s][info][gc,metaspace] GC(183) Metaspace: 44313K(45264K)->44313K(45264K) NonClass: 39025K(39632K)->39025K(39632K) Class: 5288K(5632K)->5288K(5632K)
[117.799s][info][gc          ] GC(183) Pause Young (Normal) (G1 Evacuation Pause) 62M->33M(74M) 0.888ms
[117.799s][info][gc,cpu      ] GC(183) User=0.01s Sys=0.00s Real=0.00s
[117.912s][info][gc,start    ] GC(184) Pause Young (Concurrent Start) (G1 Evacuation Pause)
[117.912s][info][gc,task     ] GC(184) Using 8 workers of 8 for evacuation
[117.913s][info][gc,phases   ] GC(184)   Pre Evacuate Collection Set: 0.1ms
[117.913s][info][gc,phases   ] GC(184)   Merge Heap Roots: 0.0ms
[117.913s][info][gc,phases   ] GC(184)   Evacuate Collection Set: 0.5ms
[117.913s][info][gc,phases   ] GC(184)   Post Evacuate Collection Set: 0.2ms
[117.913s][info][gc,phases   ] GC(184)   Other: 0.2ms
[117.913s][info][gc,heap     ] GC(184) Eden regions: 29->0(29)
[117.913s][info][gc,heap     ] GC(184) Survivor regions: 1->1(4)
[117.913s][info][gc,heap     ] GC(184) Old regions: 33->33
[117.913s][info][gc,heap     ] GC(184) Archive regions: 2->2
[117.913s][info][gc,heap     ] GC(184) Humongous regions: 0->0
[117.913s][info][gc,metaspace] GC(184) Metaspace: 44313K(45264K)->44313K(45264K) NonClass: 39025K(39632K)->39025K(39632K) Class: 5288K(5632K)->5288K(5632K)
[117.913s][info][gc          ] GC(184) Pause Young (Concurrent Start) (G1 Evacuation Pause) 62M->33M(74M) 1.088ms
[117.913s][info][gc,cpu      ] GC(184) User=0.01s Sys=0.00s Real=0.00s
[117.913s][info][gc          ] GC(185) Concurrent Cycle
[117.913s][info][gc,marking  ] GC(185) Concurrent Clear Claimed Marks
[117.913s][info][gc,marking  ] GC(185) Concurrent Clear Claimed Marks 0.043ms
[117.913s][info][gc,marking  ] GC(185) Concurrent Scan Root Regions
[117.915s][info][gc,marking  ] GC(185) Concurrent Scan Root Regions 1.504ms
[117.915s][info][gc,marking  ] GC(185) Concurrent Mark (117.915s)
[117.915s][info][gc,marking  ] GC(185) Concurrent Mark From Roots
[117.915s][info][gc,task     ] GC(185) Using 2 workers of 2 for marking
[117.938s][info][gc,marking  ] GC(185) Concurrent Mark From Roots 23.039ms
[117.938s][info][gc,marking  ] GC(185) Concurrent Preclean
[117.938s][info][gc,marking  ] GC(185) Concurrent Preclean 0.050ms
[117.938s][info][gc,marking  ] GC(185) Concurrent Mark (117.915s, 117.938s) 23.143ms
[117.938s][info][gc,start    ] GC(185) Pause Remark
[117.940s][info][gc          ] GC(185) Pause Remark 38M->38M(74M) 1.540ms
[117.940s][info][gc,cpu      ] GC(185) User=0.01s Sys=0.00s Real=0.00s
[117.940s][info][gc,marking  ] GC(185) Concurrent Rebuild Remembered Sets
[117.954s][info][gc,marking  ] GC(185) Concurrent Rebuild Remembered Sets 13.960ms
[117.954s][info][gc,start    ] GC(185) Pause Cleanup
[117.954s][info][gc          ] GC(185) Pause Cleanup 41M->41M(74M) 0.084ms
[117.954s][info][gc,cpu      ] GC(185) User=0.00s Sys=0.00s Real=0.00s
[117.954s][info][gc,marking  ] GC(185) Concurrent Cleanup for Next Mark
[117.955s][info][gc,marking  ] GC(185) Concurrent Cleanup for Next Mark 0.133ms
[117.955s][info][gc          ] GC(185) Concurrent Cycle 41.244ms
[118.051s][info][gc,start    ] GC(186) Pause Young (Normal) (G1 Evacuation Pause)
[118.051s][info][gc,task     ] GC(186) Using 8 workers of 8 for evacuation
[118.052s][info][gc,phases   ] GC(186)   Pre Evacuate Collection Set: 0.0ms
[118.052s][info][gc,phases   ] GC(186)   Merge Heap Roots: 0.0ms
[118.052s][info][gc,phases   ] GC(186)   Evacuate Collection Set: 0.5ms
[118.052s][info][gc,phases   ] GC(186)   Post Evacuate Collection Set: 0.2ms
[118.052s][info][gc,phases   ] GC(186)   Other: 0.1ms
[118.052s][info][gc,heap     ] GC(186) Eden regions: 29->0(29)
[118.052s][info][gc,heap     ] GC(186) Survivor regions: 1->1(4)
[118.052s][info][gc,heap     ] GC(186) Old regions: 33->33
[118.052s][info][gc,heap     ] GC(186) Archive regions: 2->2
[118.052s][info][gc,heap     ] GC(186) Humongous regions: 0->0
[118.052s][info][gc,metaspace] GC(186) Metaspace: 44313K(45264K)->44313K(45264K) NonClass: 39025K(39632K)->39025K(39632K) Class: 5288K(5632K)->5288K(5632K)
[118.052s][info][gc          ] GC(186) Pause Young (Normal) (G1 Evacuation Pause) 62M->33M(74M) 0.957ms
[118.052s][info][gc,cpu      ] GC(186) User=0.00s Sys=0.00s Real=0.00s
[118.167s][info][gc,start    ] GC(187) Pause Young (Concurrent Start) (G1 Evacuation Pause)
[118.167s][info][gc,task     ] GC(187) Using 8 workers of 8 for evacuation
[118.168s][info][gc,phases   ] GC(187)   Pre Evacuate Collection Set: 0.1ms
[118.168s][info][gc,phases   ] GC(187)   Merge Heap Roots: 0.0ms
[118.168s][info][gc,phases   ] GC(187)   Evacuate Collection Set: 0.5ms
[118.168s][info][gc,phases   ] GC(187)   Post Evacuate Collection Set: 0.2ms
[118.168s][info][gc,phases   ] GC(187)   Other: 0.1ms
[118.168s][info][gc,heap     ] GC(187) Eden regions: 29->0(29)
[118.168s][info][gc,heap     ] GC(187) Survivor regions: 1->1(4)
[118.168s][info][gc,heap     ] GC(187) Old regions: 33->33
[118.168s][info][gc,heap     ] GC(187) Archive regions: 2->2
[118.168s][info][gc,heap     ] GC(187) Humongous regions: 0->0
[118.168s][info][gc,metaspace] GC(187) Metaspace: 44322K(45264K)->44322K(45264K) NonClass: 39034K(39632K)->39034K(39632K) Class: 5288K(5632K)->5288K(5632K)
[118.168s][info][gc          ] GC(187) Pause Young (Concurrent Start) (G1 Evacuation Pause) 62M->33M(74M) 0.974ms
[118.168s][info][gc,cpu      ] GC(187) User=0.00s Sys=0.00s Real=0.00s
[118.168s][info][gc          ] GC(188) Concurrent Cycle
[118.168s][info][gc,marking  ] GC(188) Concurrent Clear Claimed Marks
[118.168s][info][gc,marking  ] GC(188) Concurrent Clear Claimed Marks 0.027ms
[118.168s][info][gc,marking  ] GC(188) Concurrent Scan Root Regions
[118.168s][info][gc,marking  ] GC(188) Concurrent Scan Root Regions 0.648ms
[118.168s][info][gc,marking  ] GC(188) Concurrent Mark (118.168s)
[118.168s][info][gc,marking  ] GC(188) Concurrent Mark From Roots
[118.168s][info][gc,task     ] GC(188) Using 2 workers of 2 for marking
[118.193s][info][gc,marking  ] GC(188) Concurrent Mark From Roots 24.334ms
[118.193s][info][gc,marking  ] GC(188) Concurrent Preclean
[118.193s][info][gc,marking  ] GC(188) Concurrent Preclean 0.075ms
[118.193s][info][gc,marking  ] GC(188) Concurrent Mark (118.168s, 118.193s) 24.476ms
[118.193s][info][gc,start    ] GC(188) Pause Remark
[118.195s][info][gc          ] GC(188) Pause Remark 38M->38M(74M) 1.561ms
[118.195s][info][gc,cpu      ] GC(188) User=0.01s Sys=0.00s Real=0.00s
[118.195s][info][gc,marking  ] GC(188) Concurrent Rebuild Remembered Sets
[118.209s][info][gc,marking  ] GC(188) Concurrent Rebuild Remembered Sets 14.225ms
[118.209s][info][gc,start    ] GC(188) Pause Cleanup
[118.209s][info][gc          ] GC(188) Pause Cleanup 41M->41M(74M) 0.077ms
[118.209s][info][gc,cpu      ] GC(188) User=0.00s Sys=0.00s Real=0.00s
[118.209s][info][gc,marking  ] GC(188) Concurrent Cleanup for Next Mark
[118.209s][info][gc,marking  ] GC(188) Concurrent Cleanup for Next Mark 0.115ms
[118.209s][info][gc          ] GC(188) Concurrent Cycle 41.744ms
[118.291s][info][gc,start    ] GC(189) Pause Young (Normal) (G1 Evacuation Pause)
[118.291s][info][gc,task     ] GC(189) Using 8 workers of 8 for evacuation
[118.292s][info][gc,phases   ] GC(189)   Pre Evacuate Collection Set: 0.0ms
[118.292s][info][gc,phases   ] GC(189)   Merge Heap Roots: 0.0ms
[118.292s][info][gc,phases   ] GC(189)   Evacuate Collection Set: 0.4ms
[118.292s][info][gc,phases   ] GC(189)   Post Evacuate Collection Set: 0.2ms
[118.292s][info][gc,phases   ] GC(189)   Other: 0.1ms
[118.292s][info][gc,heap     ] GC(189) Eden regions: 29->0(29)
[118.292s][info][gc,heap     ] GC(189) Survivor regions: 1->1(4)
[118.292s][info][gc,heap     ] GC(189) Old regions: 33->33
[118.292s][info][gc,heap     ] GC(189) Archive regions: 2->2
[118.292s][info][gc,heap     ] GC(189) Humongous regions: 0->0
[118.292s][info][gc,metaspace] GC(189) Metaspace: 44327K(45264K)->44327K(45264K) NonClass: 39039K(39632K)->39039K(39632K) Class: 5288K(5632K)->5288K(5632K)
[118.292s][info][gc          ] GC(189) Pause Young (Normal) (G1 Evacuation Pause) 62M->33M(74M) 0.927ms
[118.292s][info][gc,cpu      ] GC(189) User=0.01s Sys=0.00s Real=0.00s
[118.411s][info][gc,start    ] GC(190) Pause Young (Concurrent Start) (G1 Evacuation Pause)
[118.411s][info][gc,task     ] GC(190) Using 8 workers of 8 for evacuation
[118.412s][info][gc,phases   ] GC(190)   Pre Evacuate Collection Set: 0.1ms
[118.412s][info][gc,phases   ] GC(190)   Merge Heap Roots: 0.0ms
[118.412s][info][gc,phases   ] GC(190)   Evacuate Collection Set: 0.5ms
[118.412s][info][gc,phases   ] GC(190)   Post Evacuate Collection Set: 0.2ms
[118.412s][info][gc,phases   ] GC(190)   Other: 0.2ms
[118.412s][info][gc,heap     ] GC(190) Eden regions: 29->0(29)
[118.412s][info][gc,heap     ] GC(190) Survivor regions: 1->1(4)
[118.412s][info][gc,heap     ] GC(190) Old regions: 33->33
[118.412s][info][gc,heap     ] GC(190) Archive regions: 2->2
[118.412s][info][gc,heap     ] GC(190) Humongous regions: 0->0
[118.412s][info][gc,metaspace] GC(190) Metaspace: 44327K(45264K)->44327K(45264K) NonClass: 39039K(39632K)->39039K(39632K) Class: 5288K(5632K)->5288K(5632K)
[118.412s][info][gc          ] GC(190) Pause Young (Concurrent Start) (G1 Evacuation Pause) 62M->33M(74M) 1.047ms
[118.412s][info][gc,cpu      ] GC(190) User=0.01s Sys=0.00s Real=0.00s
[118.412s][info][gc          ] GC(191) Concurrent Cycle
[118.412s][info][gc,marking  ] GC(191) Concurrent Clear Claimed Marks
[118.412s][info][gc,marking  ] GC(191) Concurrent Clear Claimed Marks 0.022ms
[118.412s][info][gc,marking  ] GC(191) Concurrent Scan Root Regions
[118.413s][info][gc,marking  ] GC(191) Concurrent Scan Root Regions 1.086ms
[118.413s][info][gc,marking  ] GC(191) Concurrent Mark (118.413s)
[118.413s][info][gc,marking  ] GC(191) Concurrent Mark From Roots
[118.413s][info][gc,task     ] GC(191) Using 2 workers of 2 for marking
[118.436s][info][gc,marking  ] GC(191) Concurrent Mark From Roots 23.138ms
[118.436s][info][gc,marking  ] GC(191) Concurrent Preclean
[118.436s][info][gc,marking  ] GC(191) Concurrent Preclean 0.082ms
[118.436s][info][gc,marking  ] GC(191) Concurrent Mark (118.413s, 118.436s) 23.286ms
[118.436s][info][gc,start    ] GC(191) Pause Remark
[118.438s][info][gc          ] GC(191) Pause Remark 37M->37M(74M) 1.530ms
[118.438s][info][gc,cpu      ] GC(191) User=0.01s Sys=0.00s Real=0.00s
[118.438s][info][gc,marking  ] GC(191) Concurrent Rebuild Remembered Sets
[118.451s][info][gc,marking  ] GC(191) Concurrent Rebuild Remembered Sets 13.451ms
[118.452s][info][gc,start    ] GC(191) Pause Cleanup
[118.452s][info][gc          ] GC(191) Pause Cleanup 41M->41M(74M) 0.091ms
[118.452s][info][gc,cpu      ] GC(191) User=0.00s Sys=0.00s Real=0.00s
[118.452s][info][gc,marking  ] GC(191) Concurrent Cleanup for Next Mark
[118.452s][info][gc,marking  ] GC(191) Concurrent Cleanup for Next Mark 0.187ms
[118.452s][info][gc          ] GC(191) Concurrent Cycle 40.164ms
[118.541s][info][gc,start    ] GC(192) Pause Young (Normal) (G1 Evacuation Pause)
[118.541s][info][gc,task     ] GC(192) Using 8 workers of 8 for evacuation
[118.542s][info][gc,phases   ] GC(192)   Pre Evacuate Collection Set: 0.0ms
[118.542s][info][gc,phases   ] GC(192)   Merge Heap Roots: 0.0ms
[118.542s][info][gc,phases   ] GC(192)   Evacuate Collection Set: 0.5ms
[118.542s][info][gc,phases   ] GC(192)   Post Evacuate Collection Set: 0.2ms
[118.542s][info][gc,phases   ] GC(192)   Other: 0.1ms
[118.542s][info][gc,heap     ] GC(192) Eden regions: 29->0(29)
[118.542s][info][gc,heap     ] GC(192) Survivor regions: 1->1(4)
[118.542s][info][gc,heap     ] GC(192) Old regions: 33->33
[118.542s][info][gc,heap     ] GC(192) Archive regions: 2->2
[118.542s][info][gc,heap     ] GC(192) Humongous regions: 0->0
[118.542s][info][gc,metaspace] GC(192) Metaspace: 44327K(45264K)->44327K(45264K) NonClass: 39039K(39632K)->39039K(39632K) Class: 5288K(5632K)->5288K(5632K)
[118.542s][info][gc          ] GC(192) Pause Young (Normal) (G1 Evacuation Pause) 62M->33M(74M) 0.959ms
[118.542s][info][gc,cpu      ] GC(192) User=0.01s Sys=0.00s Real=0.00s
[118.664s][info][gc,start    ] GC(193) Pause Young (Concurrent Start) (G1 Evacuation Pause)
[118.664s][info][gc,task     ] GC(193) Using 8 workers of 8 for evacuation
[118.665s][info][gc,phases   ] GC(193)   Pre Evacuate Collection Set: 0.1ms
[118.665s][info][gc,phases   ] GC(193)   Merge Heap Roots: 0.0ms
[118.665s][info][gc,phases   ] GC(193)   Evacuate Collection Set: 0.5ms
[118.665s][info][gc,phases   ] GC(193)   Post Evacuate Collection Set: 0.2ms
[118.665s][info][gc,phases   ] GC(193)   Other: 0.2ms
[118.665s][info][gc,heap     ] GC(193) Eden regions: 29->0(29)
[118.665s][info][gc,heap     ] GC(193) Survivor regions: 1->1(4)
[118.665s][info][gc,heap     ] GC(193) Old regions: 33->33
[118.665s][info][gc,heap     ] GC(193) Archive regions: 2->2
[118.665s][info][gc,heap     ] GC(193) Humongous regions: 0->0
[118.665s][info][gc,metaspace] GC(193) Metaspace: 44327K(45264K)->44327K(45264K) NonClass: 39039K(39632K)->39039K(39632K) Class: 5288K(5632K)->5288K(5632K)
[118.665s][info][gc          ] GC(193) Pause Young (Concurrent Start) (G1 Evacuation Pause) 62M->33M(74M) 1.073ms
[118.665s][info][gc,cpu      ] GC(193) User=0.01s Sys=0.00s Real=0.00s
[118.665s][info][gc          ] GC(194) Concurrent Cycle
[118.665s][info][gc,marking  ] GC(194) Concurrent Clear Claimed Marks
[118.665s][info][gc,marking  ] GC(194) Concurrent Clear Claimed Marks 0.032ms
[118.665s][info][gc,marking  ] GC(194) Concurrent Scan Root Regions
[118.666s][info][gc,marking  ] GC(194) Concurrent Scan Root Regions 1.094ms
[118.666s][info][gc,marking  ] GC(194) Concurrent Mark (118.666s)
[118.666s][info][gc,marking  ] GC(194) Concurrent Mark From Roots
[118.666s][info][gc,task     ] GC(194) Using 2 workers of 2 for marking
[118.690s][info][gc,marking  ] GC(194) Concurrent Mark From Roots 23.826ms
[118.690s][info][gc,marking  ] GC(194) Concurrent Preclean
[118.690s][info][gc,marking  ] GC(194) Concurrent Preclean 0.140ms
[118.690s][info][gc,marking  ] GC(194) Concurrent Mark (118.666s, 118.690s) 24.061ms
[118.690s][info][gc,start    ] GC(194) Pause Remark
[118.692s][info][gc          ] GC(194) Pause Remark 38M->38M(74M) 1.754ms
[118.692s][info][gc,cpu      ] GC(194) User=0.01s Sys=0.00s Real=0.00s
[118.692s][info][gc,marking  ] GC(194) Concurrent Rebuild Remembered Sets
[118.707s][info][gc,marking  ] GC(194) Concurrent Rebuild Remembered Sets 14.508ms
[118.707s][info][gc,start    ] GC(194) Pause Cleanup
[118.707s][info][gc          ] GC(194) Pause Cleanup 41M->41M(74M) 0.077ms
[118.707s][info][gc,cpu      ] GC(194) User=0.00s Sys=0.00s Real=0.00s
[118.707s][info][gc,marking  ] GC(194) Concurrent Cleanup for Next Mark
[118.707s][info][gc,marking  ] GC(194) Concurrent Cleanup for Next Mark 0.160ms
[118.707s][info][gc          ] GC(194) Concurrent Cycle 42.337ms
[118.801s][info][gc,start    ] GC(195) Pause Young (Normal) (G1 Evacuation Pause)
[118.801s][info][gc,task     ] GC(195) Using 8 workers of 8 for evacuation
[118.802s][info][gc,phases   ] GC(195)   Pre Evacuate Collection Set: 0.0ms
[118.802s][info][gc,phases   ] GC(195)   Merge Heap Roots: 0.0ms
[118.802s][info][gc,phases   ] GC(195)   Evacuate Collection Set: 0.5ms
[118.802s][info][gc,phases   ] GC(195)   Post Evacuate Collection Set: 0.2ms
[118.802s][info][gc,phases   ] GC(195)   Other: 0.1ms
[118.802s][info][gc,heap     ] GC(195) Eden regions: 29->0(29)
[118.802s][info][gc,heap     ] GC(195) Survivor regions: 1->1(4)
[118.802s][info][gc,heap     ] GC(195) Old regions: 33->33
[118.802s][info][gc,heap     ] GC(195) Archive regions: 2->2
[118.802s][info][gc,heap     ] GC(195) Humongous regions: 0->0
[118.802s][info][gc,metaspace] GC(195) Metaspace: 44327K(45264K)->44327K(45264K) NonClass: 39039K(39632K)->39039K(39632K) Class: 5288K(5632K)->5288K(5632K)
[118.802s][info][gc          ] GC(195) Pause Young (Normal) (G1 Evacuation Pause) 62M->33M(74M) 0.913ms
[118.802s][info][gc,cpu      ] GC(195) User=0.00s Sys=0.00s Real=0.00s
[118.913s][info][gc,start    ] GC(196) Pause Young (Concurrent Start) (G1 Evacuation Pause)
[118.913s][info][gc,task     ] GC(196) Using 8 workers of 8 for evacuation
[118.914s][info][gc,phases   ] GC(196)   Pre Evacuate Collection Set: 0.1ms
[118.914s][info][gc,phases   ] GC(196)   Merge Heap Roots: 0.0ms
[118.914s][info][gc,phases   ] GC(196)   Evacuate Collection Set: 0.5ms
[118.914s][info][gc,phases   ] GC(196)   Post Evacuate Collection Set: 0.2ms
[118.914s][info][gc,phases   ] GC(196)   Other: 0.2ms
[118.914s][info][gc,heap     ] GC(196) Eden regions: 29->0(29)
[118.914s][info][gc,heap     ] GC(196) Survivor regions: 1->1(4)
[118.914s][info][gc,heap     ] GC(196) Old regions: 33->33
[118.914s][info][gc,heap     ] GC(196) Archive regions: 2->2
[118.914s][info][gc,heap     ] GC(196) Humongous regions: 0->0
[118.914s][info][gc,metaspace] GC(196) Metaspace: 44327K(45264K)->44327K(45264K) NonClass: 39039K(39632K)->39039K(39632K) Class: 5288K(5632K)->5288K(5632K)
[118.914s][info][gc          ] GC(196) Pause Young (Concurrent Start) (G1 Evacuation Pause) 62M->33M(74M) 1.047ms
[118.914s][info][gc,cpu      ] GC(196) User=0.00s Sys=0.00s Real=0.00s
[118.914s][info][gc          ] GC(197) Concurrent Cycle
[118.914s][info][gc,marking  ] GC(197) Concurrent Clear Claimed Marks
[118.914s][info][gc,marking  ] GC(197) Concurrent Clear Claimed Marks 0.025ms
[118.914s][info][gc,marking  ] GC(197) Concurrent Scan Root Regions
[118.915s][info][gc,marking  ] GC(197) Concurrent Scan Root Regions 0.603ms
[118.915s][info][gc,marking  ] GC(197) Concurrent Mark (118.915s)
[118.915s][info][gc,marking  ] GC(197) Concurrent Mark From Roots
[118.915s][info][gc,task     ] GC(197) Using 2 workers of 2 for marking
[118.939s][info][gc,marking  ] GC(197) Concurrent Mark From Roots 24.361ms
[118.939s][info][gc,marking  ] GC(197) Concurrent Preclean
[118.939s][info][gc,marking  ] GC(197) Concurrent Preclean 0.082ms
[118.939s][info][gc,marking  ] GC(197) Concurrent Mark (118.915s, 118.939s) 24.512ms
[118.939s][info][gc,start    ] GC(197) Pause Remark
[118.941s][info][gc          ] GC(197) Pause Remark 39M->39M(74M) 1.569ms
[118.941s][info][gc,cpu      ] GC(197) User=0.01s Sys=0.00s Real=0.00s
[118.941s][info][gc,marking  ] GC(197) Concurrent Rebuild Remembered Sets
[118.955s][info][gc,marking  ] GC(197) Concurrent Rebuild Remembered Sets 14.261ms
[118.956s][info][gc,start    ] GC(197) Pause Cleanup
[118.956s][info][gc          ] GC(197) Pause Cleanup 41M->41M(74M) 0.080ms
[118.956s][info][gc,cpu      ] GC(197) User=0.00s Sys=0.00s Real=0.00s
[118.956s][info][gc,marking  ] GC(197) Concurrent Cleanup for Next Mark
[118.956s][info][gc,marking  ] GC(197) Concurrent Cleanup for Next Mark 0.133ms
[118.956s][info][gc          ] GC(197) Concurrent Cycle 41.931ms
[119.053s][info][gc,start    ] GC(198) Pause Young (Normal) (G1 Evacuation Pause)
[119.053s][info][gc,task     ] GC(198) Using 8 workers of 8 for evacuation
[119.054s][info][gc,phases   ] GC(198)   Pre Evacuate Collection Set: 0.0ms
[119.054s][info][gc,phases   ] GC(198)   Merge Heap Roots: 0.0ms
[119.054s][info][gc,phases   ] GC(198)   Evacuate Collection Set: 0.6ms
[119.054s][info][gc,phases   ] GC(198)   Post Evacuate Collection Set: 0.2ms
[119.054s][info][gc,phases   ] GC(198)   Other: 0.1ms
[119.054s][info][gc,heap     ] GC(198) Eden regions: 29->0(29)
[119.054s][info][gc,heap     ] GC(198) Survivor regions: 1->1(4)
[119.054s][info][gc,heap     ] GC(198) Old regions: 33->33
[119.054s][info][gc,heap     ] GC(198) Archive regions: 2->2
[119.054s][info][gc,heap     ] GC(198) Humongous regions: 0->0
[119.054s][info][gc,metaspace] GC(198) Metaspace: 44327K(45264K)->44327K(45264K) NonClass: 39039K(39632K)->39039K(39632K) Class: 5288K(5632K)->5288K(5632K)
[119.054s][info][gc          ] GC(198) Pause Young (Normal) (G1 Evacuation Pause) 62M->33M(74M) 1.027ms
[119.054s][info][gc,cpu      ] GC(198) User=0.00s Sys=0.00s Real=0.00s
[119.241s][info][gc,start    ] GC(199) Pause Young (Concurrent Start) (G1 Evacuation Pause)
[119.241s][info][gc,task     ] GC(199) Using 8 workers of 8 for evacuation
[119.242s][info][gc,phases   ] GC(199)   Pre Evacuate Collection Set: 0.1ms
[119.242s][info][gc,phases   ] GC(199)   Merge Heap Roots: 0.0ms
[119.242s][info][gc,phases   ] GC(199)   Evacuate Collection Set: 0.7ms
[119.242s][info][gc,phases   ] GC(199)   Post Evacuate Collection Set: 0.2ms
[119.242s][info][gc,phases   ] GC(199)   Other: 0.2ms
[119.242s][info][gc,heap     ] GC(199) Eden regions: 29->0(29)
[119.242s][info][gc,heap     ] GC(199) Survivor regions: 1->1(4)
[119.242s][info][gc,heap     ] GC(199) Old regions: 33->33
[119.242s][info][gc,heap     ] GC(199) Archive regions: 2->2
[119.242s][info][gc,heap     ] GC(199) Humongous regions: 0->0
[119.242s][info][gc,metaspace] GC(199) Metaspace: 44327K(45264K)->44327K(45264K) NonClass: 39039K(39632K)->39039K(39632K) Class: 5288K(5632K)->5288K(5632K)
[119.242s][info][gc          ] GC(199) Pause Young (Concurrent Start) (G1 Evacuation Pause) 62M->33M(74M) 1.277ms
[119.242s][info][gc,cpu      ] GC(199) User=0.00s Sys=0.00s Real=0.00s
[119.242s][info][gc          ] GC(200) Concurrent Cycle
[119.242s][info][gc,marking  ] GC(200) Concurrent Clear Claimed Marks
[119.242s][info][gc,marking  ] GC(200) Concurrent Clear Claimed Marks 0.039ms
[119.242s][info][gc,marking  ] GC(200) Concurrent Scan Root Regions
[119.243s][info][gc,marking  ] GC(200) Concurrent Scan Root Regions 0.802ms
[119.243s][info][gc,marking  ] GC(200) Concurrent Mark (119.243s)
[119.243s][info][gc,marking  ] GC(200) Concurrent Mark From Roots
[119.243s][info][gc,task     ] GC(200) Using 2 workers of 2 for marking
[119.270s][info][gc,marking  ] GC(200) Concurrent Mark From Roots 27.311ms
[119.270s][info][gc,marking  ] GC(200) Concurrent Preclean
[119.271s][info][gc,marking  ] GC(200) Concurrent Preclean 0.079ms
[119.271s][info][gc,marking  ] GC(200) Concurrent Mark (119.243s, 119.271s) 27.465ms
[119.271s][info][gc,start    ] GC(200) Pause Remark
[119.273s][info][gc          ] GC(200) Pause Remark 37M->37M(74M) 1.843ms
[119.273s][info][gc,cpu      ] GC(200) User=0.01s Sys=0.00s Real=0.00s
[119.273s][info][gc,marking  ] GC(200) Concurrent Rebuild Remembered Sets
[119.288s][info][gc,marking  ] GC(200) Concurrent Rebuild Remembered Sets 15.302ms
[119.288s][info][gc,start    ] GC(200) Pause Cleanup
[119.288s][info][gc          ] GC(200) Pause Cleanup 39M->39M(74M) 0.076ms
[119.288s][info][gc,cpu      ] GC(200) User=0.00s Sys=0.00s Real=0.00s
[119.289s][info][gc,marking  ] GC(200) Concurrent Cleanup for Next Mark
[119.289s][info][gc,marking  ] GC(200) Concurrent Cleanup for Next Mark 0.246ms
[119.289s][info][gc          ] GC(200) Concurrent Cycle 46.555ms
[119.411s][info][gc,start    ] GC(201) Pause Young (Normal) (G1 Evacuation Pause)
[119.411s][info][gc,task     ] GC(201) Using 8 workers of 8 for evacuation
[119.412s][info][gc,phases   ] GC(201)   Pre Evacuate Collection Set: 0.0ms
[119.412s][info][gc,phases   ] GC(201)   Merge Heap Roots: 0.0ms
[119.412s][info][gc,phases   ] GC(201)   Evacuate Collection Set: 0.5ms
[119.412s][info][gc,phases   ] GC(201)   Post Evacuate Collection Set: 0.2ms
[119.412s][info][gc,phases   ] GC(201)   Other: 0.1ms
[119.412s][info][gc,heap     ] GC(201) Eden regions: 29->0(29)
[119.412s][info][gc,heap     ] GC(201) Survivor regions: 1->1(4)
[119.412s][info][gc,heap     ] GC(201) Old regions: 33->33
[119.412s][info][gc,heap     ] GC(201) Archive regions: 2->2
[119.412s][info][gc,heap     ] GC(201) Humongous regions: 0->0
[119.412s][info][gc,metaspace] GC(201) Metaspace: 44327K(45264K)->44327K(45264K) NonClass: 39039K(39632K)->39039K(39632K) Class: 5288K(5632K)->5288K(5632K)
[119.412s][info][gc          ] GC(201) Pause Young (Normal) (G1 Evacuation Pause) 62M->33M(74M) 0.938ms
[119.412s][info][gc,cpu      ] GC(201) User=0.00s Sys=0.00s Real=0.00s
[119.539s][info][gc,start    ] GC(202) Pause Young (Concurrent Start) (G1 Evacuation Pause)
[119.539s][info][gc,task     ] GC(202) Using 8 workers of 8 for evacuation
[119.540s][info][gc,phases   ] GC(202)   Pre Evacuate Collection Set: 0.1ms
[119.540s][info][gc,phases   ] GC(202)   Merge Heap Roots: 0.0ms
[119.540s][info][gc,phases   ] GC(202)   Evacuate Collection Set: 0.5ms
[119.540s][info][gc,phases   ] GC(202)   Post Evacuate Collection Set: 0.2ms
[119.540s][info][gc,phases   ] GC(202)   Other: 0.1ms
[119.540s][info][gc,heap     ] GC(202) Eden regions: 29->0(28)
[119.540s][info][gc,heap     ] GC(202) Survivor regions: 1->1(4)
[119.540s][info][gc,heap     ] GC(202) Old regions: 33->34
[119.540s][info][gc,heap     ] GC(202) Archive regions: 2->2
[119.540s][info][gc,heap     ] GC(202) Humongous regions: 0->0
[119.540s][info][gc,metaspace] GC(202) Metaspace: 44327K(45264K)->44327K(45264K) NonClass: 39039K(39632K)->39039K(39632K) Class: 5288K(5632K)->5288K(5632K)
[119.540s][info][gc          ] GC(202) Pause Young (Concurrent Start) (G1 Evacuation Pause) 62M->33M(74M) 1.060ms
[119.540s][info][gc,cpu      ] GC(202) User=0.01s Sys=0.00s Real=0.00s
[119.540s][info][gc          ] GC(203) Concurrent Cycle
[119.541s][info][gc,marking  ] GC(203) Concurrent Clear Claimed Marks
[119.541s][info][gc,marking  ] GC(203) Concurrent Clear Claimed Marks 0.025ms
[119.541s][info][gc,marking  ] GC(203) Concurrent Scan Root Regions
[119.541s][info][gc,marking  ] GC(203) Concurrent Scan Root Regions 0.855ms
[119.541s][info][gc,marking  ] GC(203) Concurrent Mark (119.541s)
[119.541s][info][gc,marking  ] GC(203) Concurrent Mark From Roots
[119.541s][info][gc,task     ] GC(203) Using 2 workers of 2 for marking
[119.567s][info][gc,marking  ] GC(203) Concurrent Mark From Roots 25.254ms
[119.567s][info][gc,marking  ] GC(203) Concurrent Preclean
[119.567s][info][gc,marking  ] GC(203) Concurrent Preclean 0.107ms
[119.567s][info][gc,marking  ] GC(203) Concurrent Mark (119.541s, 119.567s) 25.436ms
[119.567s][info][gc,start    ] GC(203) Pause Remark
[119.569s][info][gc          ] GC(203) Pause Remark 38M->38M(74M) 2.228ms
[119.569s][info][gc,cpu      ] GC(203) User=0.01s Sys=0.00s Real=0.01s
[119.569s][info][gc,marking  ] GC(203) Concurrent Rebuild Remembered Sets
[119.584s][info][gc,marking  ] GC(203) Concurrent Rebuild Remembered Sets 14.859ms
[119.584s][info][gc,start    ] GC(203) Pause Cleanup
[119.584s][info][gc          ] GC(203) Pause Cleanup 41M->41M(74M) 0.071ms
[119.584s][info][gc,cpu      ] GC(203) User=0.00s Sys=0.00s Real=0.00s
[119.585s][info][gc,marking  ] GC(203) Concurrent Cleanup for Next Mark
[119.585s][info][gc,marking  ] GC(203) Concurrent Cleanup for Next Mark 0.122ms
[119.585s][info][gc          ] GC(203) Concurrent Cycle 44.204ms
[119.679s][info][gc,start    ] GC(204) Pause Young (Normal) (G1 Evacuation Pause)
[119.679s][info][gc,task     ] GC(204) Using 8 workers of 8 for evacuation
[119.680s][info][gc,phases   ] GC(204)   Pre Evacuate Collection Set: 0.0ms
[119.680s][info][gc,phases   ] GC(204)   Merge Heap Roots: 0.0ms
[119.680s][info][gc,phases   ] GC(204)   Evacuate Collection Set: 0.4ms
[119.680s][info][gc,phases   ] GC(204)   Post Evacuate Collection Set: 0.2ms
[119.680s][info][gc,phases   ] GC(204)   Other: 0.1ms
[119.680s][info][gc,heap     ] GC(204) Eden regions: 28->0(28)
[119.680s][info][gc,heap     ] GC(204) Survivor regions: 1->1(4)
[119.680s][info][gc,heap     ] GC(204) Old regions: 34->34
[119.680s][info][gc,heap     ] GC(204) Archive regions: 2->2
[119.680s][info][gc,heap     ] GC(204) Humongous regions: 0->0
[119.680s][info][gc,metaspace] GC(204) Metaspace: 44327K(45264K)->44327K(45264K) NonClass: 39039K(39632K)->39039K(39632K) Class: 5288K(5632K)->5288K(5632K)
[119.680s][info][gc          ] GC(204) Pause Young (Normal) (G1 Evacuation Pause) 61M->33M(74M) 0.849ms
[119.680s][info][gc,cpu      ] GC(204) User=0.00s Sys=0.00s Real=0.00s
[119.787s][info][gc,start    ] GC(205) Pause Young (Concurrent Start) (G1 Evacuation Pause)
[119.787s][info][gc,task     ] GC(205) Using 8 workers of 8 for evacuation
[119.788s][info][gc,phases   ] GC(205)   Pre Evacuate Collection Set: 0.1ms
[119.788s][info][gc,phases   ] GC(205)   Merge Heap Roots: 0.0ms
[119.788s][info][gc,phases   ] GC(205)   Evacuate Collection Set: 0.6ms
[119.788s][info][gc,phases   ] GC(205)   Post Evacuate Collection Set: 0.2ms
[119.788s][info][gc,phases   ] GC(205)   Other: 0.2ms
[119.788s][info][gc,heap     ] GC(205) Eden regions: 28->0(28)
[119.788s][info][gc,heap     ] GC(205) Survivor regions: 1->1(4)
[119.788s][info][gc,heap     ] GC(205) Old regions: 34->34
[119.788s][info][gc,heap     ] GC(205) Archive regions: 2->2
[119.788s][info][gc,heap     ] GC(205) Humongous regions: 0->0
[119.788s][info][gc,metaspace] GC(205) Metaspace: 44327K(45264K)->44327K(45264K) NonClass: 39039K(39632K)->39039K(39632K) Class: 5288K(5632K)->5288K(5632K)
[119.788s][info][gc          ] GC(205) Pause Young (Concurrent Start) (G1 Evacuation Pause) 61M->33M(74M) 1.132ms
[119.788s][info][gc,cpu      ] GC(205) User=0.01s Sys=0.00s Real=0.00s
[119.788s][info][gc          ] GC(206) Concurrent Cycle
[119.788s][info][gc,marking  ] GC(206) Concurrent Clear Claimed Marks
[119.788s][info][gc,marking  ] GC(206) Concurrent Clear Claimed Marks 0.042ms
[119.788s][info][gc,marking  ] GC(206) Concurrent Scan Root Regions
[119.789s][info][gc,marking  ] GC(206) Concurrent Scan Root Regions 0.643ms
[119.789s][info][gc,marking  ] GC(206) Concurrent Mark (119.789s)
[119.789s][info][gc,marking  ] GC(206) Concurrent Mark From Roots
[119.789s][info][gc,task     ] GC(206) Using 2 workers of 2 for marking
[119.812s][info][gc,marking  ] GC(206) Concurrent Mark From Roots 22.868ms
[119.812s][info][gc,marking  ] GC(206) Concurrent Preclean
[119.812s][info][gc,marking  ] GC(206) Concurrent Preclean 0.060ms
[119.812s][info][gc,marking  ] GC(206) Concurrent Mark (119.789s, 119.812s) 22.979ms
[119.812s][info][gc,start    ] GC(206) Pause Remark
[119.813s][info][gc          ] GC(206) Pause Remark 38M->38M(74M) 1.584ms
[119.813s][info][gc,cpu      ] GC(206) User=0.01s Sys=0.00s Real=0.00s
[119.813s][info][gc,marking  ] GC(206) Concurrent Rebuild Remembered Sets
[119.828s][info][gc,marking  ] GC(206) Concurrent Rebuild Remembered Sets 14.315ms
[119.828s][info][gc,start    ] GC(206) Pause Cleanup
[119.828s][info][gc          ] GC(206) Pause Cleanup 41M->41M(74M) 0.084ms
[119.828s][info][gc,cpu      ] GC(206) User=0.00s Sys=0.00s Real=0.00s
[119.828s][info][gc,marking  ] GC(206) Concurrent Cleanup for Next Mark
[119.828s][info][gc,marking  ] GC(206) Concurrent Cleanup for Next Mark 0.141ms
[119.829s][info][gc          ] GC(206) Concurrent Cycle 40.597ms
[119.910s][info][gc,start    ] GC(207) Pause Young (Normal) (G1 Evacuation Pause)
[119.910s][info][gc,task     ] GC(207) Using 8 workers of 8 for evacuation
[119.911s][info][gc,phases   ] GC(207)   Pre Evacuate Collection Set: 0.0ms
[119.911s][info][gc,phases   ] GC(207)   Merge Heap Roots: 0.0ms
[119.911s][info][gc,phases   ] GC(207)   Evacuate Collection Set: 0.4ms
[119.911s][info][gc,phases   ] GC(207)   Post Evacuate Collection Set: 0.2ms
[119.911s][info][gc,phases   ] GC(207)   Other: 0.1ms
[119.911s][info][gc,heap     ] GC(207) Eden regions: 28->0(28)
[119.911s][info][gc,heap     ] GC(207) Survivor regions: 1->1(4)
[119.911s][info][gc,heap     ] GC(207) Old regions: 34->34
[119.911s][info][gc,heap     ] GC(207) Archive regions: 2->2
[119.911s][info][gc,heap     ] GC(207) Humongous regions: 0->0
[119.911s][info][gc,metaspace] GC(207) Metaspace: 44329K(45264K)->44329K(45264K) NonClass: 39041K(39632K)->39041K(39632K) Class: 5288K(5632K)->5288K(5632K)
[119.911s][info][gc          ] GC(207) Pause Young (Normal) (G1 Evacuation Pause) 61M->33M(74M) 0.848ms
[119.911s][info][gc,cpu      ] GC(207) User=0.00s Sys=0.00s Real=0.00s
[120.028s][info][gc,start    ] GC(208) Pause Young (Concurrent Start) (G1 Evacuation Pause)
[120.028s][info][gc,task     ] GC(208) Using 8 workers of 8 for evacuation
[120.029s][info][gc,phases   ] GC(208)   Pre Evacuate Collection Set: 0.1ms
[120.029s][info][gc,phases   ] GC(208)   Merge Heap Roots: 0.0ms
[120.029s][info][gc,phases   ] GC(208)   Evacuate Collection Set: 0.6ms
[120.029s][info][gc,phases   ] GC(208)   Post Evacuate Collection Set: 0.2ms
[120.029s][info][gc,phases   ] GC(208)   Other: 0.1ms
[120.029s][info][gc,heap     ] GC(208) Eden regions: 28->0(28)
[120.029s][info][gc,heap     ] GC(208) Survivor regions: 1->1(4)
[120.029s][info][gc,heap     ] GC(208) Old regions: 34->34
[120.029s][info][gc,heap     ] GC(208) Archive regions: 2->2
[120.029s][info][gc,heap     ] GC(208) Humongous regions: 0->0
[120.029s][info][gc,metaspace] GC(208) Metaspace: 44329K(45264K)->44329K(45264K) NonClass: 39041K(39632K)->39041K(39632K) Class: 5288K(5632K)->5288K(5632K)
[120.029s][info][gc          ] GC(208) Pause Young (Concurrent Start) (G1 Evacuation Pause) 61M->33M(74M) 1.121ms
[120.029s][info][gc,cpu      ] GC(208) User=0.01s Sys=0.00s Real=0.01s
[120.029s][info][gc          ] GC(209) Concurrent Cycle
[120.029s][info][gc,marking  ] GC(209) Concurrent Clear Claimed Marks
[120.029s][info][gc,marking  ] GC(209) Concurrent Clear Claimed Marks 0.025ms
[120.029s][info][gc,marking  ] GC(209) Concurrent Scan Root Regions
[120.030s][info][gc,marking  ] GC(209) Concurrent Scan Root Regions 0.574ms
[120.030s][info][gc,marking  ] GC(209) Concurrent Mark (120.030s)
[120.030s][info][gc,marking  ] GC(209) Concurrent Mark From Roots
[120.030s][info][gc,task     ] GC(209) Using 2 workers of 2 for marking
[120.056s][info][gc,marking  ] GC(209) Concurrent Mark From Roots 26.355ms
[120.056s][info][gc,marking  ] GC(209) Concurrent Preclean
[120.056s][info][gc,marking  ] GC(209) Concurrent Preclean 0.071ms
[120.056s][info][gc,marking  ] GC(209) Concurrent Mark (120.030s, 120.056s) 26.481ms
[120.056s][info][gc,start    ] GC(209) Pause Remark
[120.058s][info][gc          ] GC(209) Pause Remark 37M->37M(74M) 2.096ms
[120.058s][info][gc,cpu      ] GC(209) User=0.01s Sys=0.00s Real=0.01s
[120.060s][info][gc,marking  ] GC(209) Concurrent Rebuild Remembered Sets
[120.076s][info][gc,marking  ] GC(209) Concurrent Rebuild Remembered Sets 15.705ms
[120.076s][info][gc,start    ] GC(209) Pause Cleanup
[120.076s][info][gc          ] GC(209) Pause Cleanup 40M->40M(74M) 0.084ms
[120.076s][info][gc,cpu      ] GC(209) User=0.00s Sys=0.00s Real=0.00s
[120.077s][info][gc,marking  ] GC(209) Concurrent Cleanup for Next Mark
[120.077s][info][gc,marking  ] GC(209) Concurrent Cleanup for Next Mark 0.123ms
[120.077s][info][gc          ] GC(209) Concurrent Cycle 48.242ms
[120.166s][info][gc,start    ] GC(210) Pause Young (Normal) (G1 Evacuation Pause)
[120.167s][info][gc,task     ] GC(210) Using 8 workers of 8 for evacuation
[120.167s][info][gc,phases   ] GC(210)   Pre Evacuate Collection Set: 0.0ms
[120.167s][info][gc,phases   ] GC(210)   Merge Heap Roots: 0.0ms
[120.167s][info][gc,phases   ] GC(210)   Evacuate Collection Set: 0.4ms
[120.167s][info][gc,phases   ] GC(210)   Post Evacuate Collection Set: 0.2ms
[120.167s][info][gc,phases   ] GC(210)   Other: 0.1ms
[120.167s][info][gc,heap     ] GC(210) Eden regions: 28->0(28)
[120.167s][info][gc,heap     ] GC(210) Survivor regions: 1->1(4)
[120.167s][info][gc,heap     ] GC(210) Old regions: 34->34
[120.167s][info][gc,heap     ] GC(210) Archive regions: 2->2
[120.167s][info][gc,heap     ] GC(210) Humongous regions: 0->0
[120.167s][info][gc,metaspace] GC(210) Metaspace: 44329K(45264K)->44329K(45264K) NonClass: 39041K(39632K)->39041K(39632K) Class: 5288K(5632K)->5288K(5632K)
[120.167s][info][gc          ] GC(210) Pause Young (Normal) (G1 Evacuation Pause) 61M->33M(74M) 0.824ms
[120.167s][info][gc,cpu      ] GC(210) User=0.00s Sys=0.00s Real=0.00s
[120.277s][info][gc,start    ] GC(211) Pause Young (Concurrent Start) (G1 Evacuation Pause)
[120.278s][info][gc,task     ] GC(211) Using 8 workers of 8 for evacuation
[120.278s][info][gc,phases   ] GC(211)   Pre Evacuate Collection Set: 0.1ms
[120.278s][info][gc,phases   ] GC(211)   Merge Heap Roots: 0.0ms
[120.278s][info][gc,phases   ] GC(211)   Evacuate Collection Set: 0.4ms
[120.278s][info][gc,phases   ] GC(211)   Post Evacuate Collection Set: 0.2ms
[120.278s][info][gc,phases   ] GC(211)   Other: 0.2ms
[120.278s][info][gc,heap     ] GC(211) Eden regions: 28->0(28)
[120.278s][info][gc,heap     ] GC(211) Survivor regions: 1->1(4)
[120.278s][info][gc,heap     ] GC(211) Old regions: 34->34
[120.278s][info][gc,heap     ] GC(211) Archive regions: 2->2
[120.278s][info][gc,heap     ] GC(211) Humongous regions: 0->0
[120.278s][info][gc,metaspace] GC(211) Metaspace: 44330K(45264K)->44330K(45264K) NonClass: 39042K(39632K)->39042K(39632K) Class: 5288K(5632K)->5288K(5632K)
[120.278s][info][gc          ] GC(211) Pause Young (Concurrent Start) (G1 Evacuation Pause) 61M->33M(74M) 0.953ms
[120.278s][info][gc,cpu      ] GC(211) User=0.00s Sys=0.00s Real=0.01s
[120.278s][info][gc          ] GC(212) Concurrent Cycle
[120.278s][info][gc,marking  ] GC(212) Concurrent Clear Claimed Marks
[120.279s][info][gc,marking  ] GC(212) Concurrent Clear Claimed Marks 0.015ms
[120.279s][info][gc,marking  ] GC(212) Concurrent Scan Root Regions
[120.279s][info][gc,marking  ] GC(212) Concurrent Scan Root Regions 0.667ms
[120.279s][info][gc,marking  ] GC(212) Concurrent Mark (120.279s)
[120.279s][info][gc,marking  ] GC(212) Concurrent Mark From Roots
[120.279s][info][gc,task     ] GC(212) Using 2 workers of 2 for marking
[120.304s][info][gc,marking  ] GC(212) Concurrent Mark From Roots 25.171ms
[120.304s][info][gc,marking  ] GC(212) Concurrent Preclean
[120.305s][info][gc,marking  ] GC(212) Concurrent Preclean 0.086ms
[120.305s][info][gc,marking  ] GC(212) Concurrent Mark (120.279s, 120.305s) 25.324ms
[120.305s][info][gc,start    ] GC(212) Pause Remark
[120.306s][info][gc          ] GC(212) Pause Remark 38M->38M(74M) 1.552ms
[120.306s][info][gc,cpu      ] GC(212) User=0.01s Sys=0.00s Real=0.00s
[120.307s][info][gc,marking  ] GC(212) Concurrent Rebuild Remembered Sets
[120.322s][info][gc,marking  ] GC(212) Concurrent Rebuild Remembered Sets 15.227ms
[120.323s][info][gc,start    ] GC(212) Pause Cleanup
[120.323s][info][gc          ] GC(212) Pause Cleanup 41M->41M(74M) 0.099ms
[120.323s][info][gc,cpu      ] GC(212) User=0.00s Sys=0.00s Real=0.00s
[120.323s][info][gc,marking  ] GC(212) Concurrent Cleanup for Next Mark
[120.323s][info][gc,marking  ] GC(212) Concurrent Cleanup for Next Mark 0.125ms
[120.323s][info][gc          ] GC(212) Concurrent Cycle 44.632ms
[120.411s][info][gc,start    ] GC(213) Pause Young (Normal) (G1 Evacuation Pause)
[120.411s][info][gc,task     ] GC(213) Using 8 workers of 8 for evacuation
[120.411s][info][gc,phases   ] GC(213)   Pre Evacuate Collection Set: 0.0ms
[120.411s][info][gc,phases   ] GC(213)   Merge Heap Roots: 0.0ms
[120.411s][info][gc,phases   ] GC(213)   Evacuate Collection Set: 0.4ms
[120.411s][info][gc,phases   ] GC(213)   Post Evacuate Collection Set: 0.2ms
[120.411s][info][gc,phases   ] GC(213)   Other: 0.1ms
[120.411s][info][gc,heap     ] GC(213) Eden regions: 28->0(28)
[120.411s][info][gc,heap     ] GC(213) Survivor regions: 1->1(4)
[120.411s][info][gc,heap     ] GC(213) Old regions: 34->34
[120.411s][info][gc,heap     ] GC(213) Archive regions: 2->2
[120.411s][info][gc,heap     ] GC(213) Humongous regions: 0->0
[120.411s][info][gc,metaspace] GC(213) Metaspace: 44330K(45264K)->44330K(45264K) NonClass: 39042K(39632K)->39042K(39632K) Class: 5288K(5632K)->5288K(5632K)
[120.412s][info][gc          ] GC(213) Pause Young (Normal) (G1 Evacuation Pause) 61M->34M(74M) 0.790ms
[120.412s][info][gc,cpu      ] GC(213) User=0.00s Sys=0.00s Real=0.00s
[120.523s][info][gc,start    ] GC(214) Pause Young (Concurrent Start) (G1 Evacuation Pause)
[120.523s][info][gc,task     ] GC(214) Using 8 workers of 8 for evacuation
[120.524s][info][gc,phases   ] GC(214)   Pre Evacuate Collection Set: 0.1ms
[120.524s][info][gc,phases   ] GC(214)   Merge Heap Roots: 0.0ms
[120.524s][info][gc,phases   ] GC(214)   Evacuate Collection Set: 0.5ms
[120.524s][info][gc,phases   ] GC(214)   Post Evacuate Collection Set: 0.2ms
[120.524s][info][gc,phases   ] GC(214)   Other: 0.2ms
[120.524s][info][gc,heap     ] GC(214) Eden regions: 28->0(28)
[120.524s][info][gc,heap     ] GC(214) Survivor regions: 1->1(4)
[120.524s][info][gc,heap     ] GC(214) Old regions: 34->34
[120.524s][info][gc,heap     ] GC(214) Archive regions: 2->2
[120.524s][info][gc,heap     ] GC(214) Humongous regions: 0->0
[120.524s][info][gc,metaspace] GC(214) Metaspace: 44330K(45264K)->44330K(45264K) NonClass: 39042K(39632K)->39042K(39632K) Class: 5288K(5632K)->5288K(5632K)
[120.524s][info][gc          ] GC(214) Pause Young (Concurrent Start) (G1 Evacuation Pause) 62M->33M(74M) 1.043ms
[120.524s][info][gc,cpu      ] GC(214) User=0.00s Sys=0.00s Real=0.00s
[120.524s][info][gc          ] GC(215) Concurrent Cycle
[120.524s][info][gc,marking  ] GC(215) Concurrent Clear Claimed Marks
[120.524s][info][gc,marking  ] GC(215) Concurrent Clear Claimed Marks 0.030ms
[120.524s][info][gc,marking  ] GC(215) Concurrent Scan Root Regions
[120.524s][info][gc,marking  ] GC(215) Concurrent Scan Root Regions 0.684ms
[120.524s][info][gc,marking  ] GC(215) Concurrent Mark (120.524s)
[120.524s][info][gc,marking  ] GC(215) Concurrent Mark From Roots
[120.524s][info][gc,task     ] GC(215) Using 2 workers of 2 for marking
[120.548s][info][gc,marking  ] GC(215) Concurrent Mark From Roots 23.505ms
[120.548s][info][gc,marking  ] GC(215) Concurrent Preclean
[120.548s][info][gc,marking  ] GC(215) Concurrent Preclean 0.061ms
[120.548s][info][gc,marking  ] GC(215) Concurrent Mark (120.524s, 120.548s) 23.620ms
[120.548s][info][gc,start    ] GC(215) Pause Remark
[120.550s][info][gc          ] GC(215) Pause Remark 39M->39M(74M) 1.563ms
[120.550s][info][gc,cpu      ] GC(215) User=0.01s Sys=0.00s Real=0.00s
[120.550s][info][gc,marking  ] GC(215) Concurrent Rebuild Remembered Sets
[120.565s][info][gc,marking  ] GC(215) Concurrent Rebuild Remembered Sets 15.233ms
[120.565s][info][gc,start    ] GC(215) Pause Cleanup
[120.565s][info][gc          ] GC(215) Pause Cleanup 41M->41M(74M) 0.078ms
[120.565s][info][gc,cpu      ] GC(215) User=0.00s Sys=0.00s Real=0.00s
[120.565s][info][gc,marking  ] GC(215) Concurrent Cleanup for Next Mark
[120.566s][info][gc,marking  ] GC(215) Concurrent Cleanup for Next Mark 0.121ms
[120.566s][info][gc          ] GC(215) Concurrent Cycle 41.861ms
[121.904s][info][gc,start    ] GC(216) Pause Young (Normal) (G1 Evacuation Pause)
[121.904s][info][gc,task     ] GC(216) Using 8 workers of 8 for evacuation
[121.905s][info][gc,phases   ] GC(216)   Pre Evacuate Collection Set: 0.1ms
[121.905s][info][gc,phases   ] GC(216)   Merge Heap Roots: 0.0ms
[121.905s][info][gc,phases   ] GC(216)   Evacuate Collection Set: 0.5ms
[121.905s][info][gc,phases   ] GC(216)   Post Evacuate Collection Set: 0.2ms
[121.905s][info][gc,phases   ] GC(216)   Other: 0.2ms
[121.905s][info][gc,heap     ] GC(216) Eden regions: 28->0(28)
[121.905s][info][gc,heap     ] GC(216) Survivor regions: 1->1(4)
[121.905s][info][gc,heap     ] GC(216) Old regions: 34->34
[121.905s][info][gc,heap     ] GC(216) Archive regions: 2->2
[121.905s][info][gc,heap     ] GC(216) Humongous regions: 0->0
[121.905s][info][gc,metaspace] GC(216) Metaspace: 44331K(45264K)->44331K(45264K) NonClass: 39043K(39632K)->39043K(39632K) Class: 5288K(5632K)->5288K(5632K)
[121.905s][info][gc          ] GC(216) Pause Young (Normal) (G1 Evacuation Pause) 61M->34M(74M) 1.044ms
[121.905s][info][gc,cpu      ] GC(216) User=0.01s Sys=0.00s Real=0.00s
[122.016s][info][gc,start    ] GC(217) Pause Young (Concurrent Start) (G1 Evacuation Pause)
[122.016s][info][gc,task     ] GC(217) Using 8 workers of 8 for evacuation
[122.017s][info][gc,phases   ] GC(217)   Pre Evacuate Collection Set: 0.1ms
[122.017s][info][gc,phases   ] GC(217)   Merge Heap Roots: 0.0ms
[122.017s][info][gc,phases   ] GC(217)   Evacuate Collection Set: 0.6ms
[122.017s][info][gc,phases   ] GC(217)   Post Evacuate Collection Set: 0.2ms
[122.017s][info][gc,phases   ] GC(217)   Other: 0.2ms
[122.017s][info][gc,heap     ] GC(217) Eden regions: 28->0(28)
[122.017s][info][gc,heap     ] GC(217) Survivor regions: 1->1(4)
[122.017s][info][gc,heap     ] GC(217) Old regions: 34->34
[122.017s][info][gc,heap     ] GC(217) Archive regions: 2->2
[122.017s][info][gc,heap     ] GC(217) Humongous regions: 0->0
[122.017s][info][gc,metaspace] GC(217) Metaspace: 44331K(45264K)->44331K(45264K) NonClass: 39043K(39632K)->39043K(39632K) Class: 5288K(5632K)->5288K(5632K)
[122.017s][info][gc          ] GC(217) Pause Young (Concurrent Start) (G1 Evacuation Pause) 62M->34M(74M) 1.168ms
[122.017s][info][gc,cpu      ] GC(217) User=0.01s Sys=0.00s Real=0.00s
[122.017s][info][gc          ] GC(218) Concurrent Cycle
[122.017s][info][gc,marking  ] GC(218) Concurrent Clear Claimed Marks
[122.017s][info][gc,marking  ] GC(218) Concurrent Clear Claimed Marks 0.037ms
[122.017s][info][gc,marking  ] GC(218) Concurrent Scan Root Regions
[122.018s][info][gc,marking  ] GC(218) Concurrent Scan Root Regions 1.187ms
[122.018s][info][gc,marking  ] GC(218) Concurrent Mark (122.018s)
[122.018s][info][gc,marking  ] GC(218) Concurrent Mark From Roots
[122.018s][info][gc,task     ] GC(218) Using 2 workers of 2 for marking
[122.048s][info][gc,marking  ] GC(218) Concurrent Mark From Roots 29.235ms
[122.048s][info][gc,marking  ] GC(218) Concurrent Preclean
[122.048s][info][gc,marking  ] GC(218) Concurrent Preclean 0.088ms
[122.048s][info][gc,marking  ] GC(218) Concurrent Mark (122.018s, 122.048s) 29.439ms
[122.048s][info][gc,start    ] GC(218) Pause Remark
[122.050s][info][gc          ] GC(218) Pause Remark 39M->39M(74M) 1.670ms
[122.050s][info][gc,cpu      ] GC(218) User=0.01s Sys=0.00s Real=0.00s
[122.050s][info][gc,marking  ] GC(218) Concurrent Rebuild Remembered Sets
[122.067s][info][gc,marking  ] GC(218) Concurrent Rebuild Remembered Sets 17.028ms
[122.067s][info][gc,start    ] GC(218) Pause Cleanup
[122.067s][info][gc          ] GC(218) Pause Cleanup 43M->43M(74M) 0.069ms
[122.067s][info][gc,cpu      ] GC(218) User=0.00s Sys=0.00s Real=0.00s
[122.067s][info][gc,marking  ] GC(218) Concurrent Cleanup for Next Mark
[122.067s][info][gc,marking  ] GC(218) Concurrent Cleanup for Next Mark 0.113ms
[122.067s][info][gc          ] GC(218) Concurrent Cycle 50.426ms
[122.135s][info][gc,start    ] GC(219) Pause Young (Normal) (G1 Evacuation Pause)
[122.135s][info][gc,task     ] GC(219) Using 8 workers of 8 for evacuation
[122.136s][info][gc,phases   ] GC(219)   Pre Evacuate Collection Set: 0.0ms
[122.136s][info][gc,phases   ] GC(219)   Merge Heap Roots: 0.0ms
[122.136s][info][gc,phases   ] GC(219)   Evacuate Collection Set: 0.5ms
[122.136s][info][gc,phases   ] GC(219)   Post Evacuate Collection Set: 0.2ms
[122.136s][info][gc,phases   ] GC(219)   Other: 0.1ms
[122.136s][info][gc,heap     ] GC(219) Eden regions: 28->0(28)
[122.136s][info][gc,heap     ] GC(219) Survivor regions: 1->1(4)
[122.136s][info][gc,heap     ] GC(219) Old regions: 34->34
[122.136s][info][gc,heap     ] GC(219) Archive regions: 2->2
[122.136s][info][gc,heap     ] GC(219) Humongous regions: 0->0
[122.136s][info][gc,metaspace] GC(219) Metaspace: 44334K(45264K)->44334K(45264K) NonClass: 39046K(39632K)->39046K(39632K) Class: 5288K(5632K)->5288K(5632K)
[122.136s][info][gc          ] GC(219) Pause Young (Normal) (G1 Evacuation Pause) 62M->34M(74M) 0.987ms
[122.136s][info][gc,cpu      ] GC(219) User=0.00s Sys=0.00s Real=0.00s
[122.233s][info][gc,start    ] GC(220) Pause Young (Concurrent Start) (G1 Evacuation Pause)
[122.233s][info][gc,task     ] GC(220) Using 8 workers of 8 for evacuation
[122.235s][info][gc,phases   ] GC(220)   Pre Evacuate Collection Set: 0.4ms
[122.235s][info][gc,phases   ] GC(220)   Merge Heap Roots: 0.3ms
[122.235s][info][gc,phases   ] GC(220)   Evacuate Collection Set: 1.1ms
[122.235s][info][gc,phases   ] GC(220)   Post Evacuate Collection Set: 0.2ms
[122.235s][info][gc,phases   ] GC(220)   Other: 0.2ms
[122.235s][info][gc,heap     ] GC(220) Eden regions: 28->0(26)
[122.235s][info][gc,heap     ] GC(220) Survivor regions: 1->2(4)
[122.235s][info][gc,heap     ] GC(220) Old regions: 34->34
[122.235s][info][gc,heap     ] GC(220) Archive regions: 2->2
[122.235s][info][gc,heap     ] GC(220) Humongous regions: 0->0
[122.235s][info][gc,metaspace] GC(220) Metaspace: 44336K(45264K)->44336K(45264K) NonClass: 39048K(39632K)->39048K(39632K) Class: 5288K(5632K)->5288K(5632K)
[122.235s][info][gc          ] GC(220) Pause Young (Concurrent Start) (G1 Evacuation Pause) 62M->34M(74M) 2.385ms
[122.235s][info][gc,cpu      ] GC(220) User=0.00s Sys=0.00s Real=0.00s
[122.235s][info][gc          ] GC(221) Concurrent Cycle
[122.235s][info][gc,marking  ] GC(221) Concurrent Clear Claimed Marks
[122.235s][info][gc,marking  ] GC(221) Concurrent Clear Claimed Marks 0.038ms
[122.235s][info][gc,marking  ] GC(221) Concurrent Scan Root Regions
[122.236s][info][gc,marking  ] GC(221) Concurrent Scan Root Regions 1.087ms
[122.236s][info][gc,marking  ] GC(221) Concurrent Mark (122.236s)
[122.236s][info][gc,marking  ] GC(221) Concurrent Mark From Roots
[122.236s][info][gc,task     ] GC(221) Using 2 workers of 2 for marking
[122.277s][info][gc,marking  ] GC(221) Concurrent Mark From Roots 40.491ms
[122.277s][info][gc,marking  ] GC(221) Concurrent Preclean
[122.277s][info][gc,marking  ] GC(221) Concurrent Preclean 0.085ms
[122.277s][info][gc,marking  ] GC(221) Concurrent Mark (122.236s, 122.277s) 40.661ms
[122.277s][info][gc,start    ] GC(221) Pause Remark
[122.279s][info][gc          ] GC(221) Pause Remark 44M->44M(80M) 2.369ms
[122.279s][info][gc,cpu      ] GC(221) User=0.01s Sys=0.00s Real=0.01s
[122.280s][info][gc,marking  ] GC(221) Concurrent Rebuild Remembered Sets
[122.312s][info][gc,marking  ] GC(221) Concurrent Rebuild Remembered Sets 32.540ms
[122.312s][info][gc,start    ] GC(221) Pause Cleanup
[122.312s][info][gc          ] GC(221) Pause Cleanup 51M->51M(80M) 0.081ms
[122.312s][info][gc,cpu      ] GC(221) User=0.01s Sys=0.00s Real=0.00s
[122.312s][info][gc,marking  ] GC(221) Concurrent Cleanup for Next Mark
[122.313s][info][gc,marking  ] GC(221) Concurrent Cleanup for Next Mark 0.125ms
[122.313s][info][gc          ] GC(221) Concurrent Cycle 77.674ms
[122.356s][info][gc,start    ] GC(222) Pause Young (Normal) (G1 Evacuation Pause)
[122.356s][info][gc,task     ] GC(222) Using 8 workers of 8 for evacuation
[122.357s][info][gc,phases   ] GC(222)   Pre Evacuate Collection Set: 0.0ms
[122.357s][info][gc,phases   ] GC(222)   Merge Heap Roots: 0.0ms
[122.357s][info][gc,phases   ] GC(222)   Evacuate Collection Set: 0.6ms
[122.357s][info][gc,phases   ] GC(222)   Post Evacuate Collection Set: 0.2ms
[122.357s][info][gc,phases   ] GC(222)   Other: 0.2ms
[122.357s][info][gc,heap     ] GC(222) Eden regions: 26->0(32)
[122.357s][info][gc,heap     ] GC(222) Survivor regions: 2->2(4)
[122.357s][info][gc,heap     ] GC(222) Old regions: 34->34
[122.357s][info][gc,heap     ] GC(222) Archive regions: 2->2
[122.357s][info][gc,heap     ] GC(222) Humongous regions: 0->0
[122.357s][info][gc,metaspace] GC(222) Metaspace: 44336K(45264K)->44336K(45264K) NonClass: 39048K(39632K)->39048K(39632K) Class: 5288K(5632K)->5288K(5632K)
[122.357s][info][gc          ] GC(222) Pause Young (Normal) (G1 Evacuation Pause) 60M->34M(80M) 1.081ms
[122.358s][info][gc,cpu      ] GC(222) User=0.00s Sys=0.00s Real=0.00s
[122.489s][info][gc,start    ] GC(223) Pause Young (Normal) (G1 Evacuation Pause)
[122.489s][info][gc,task     ] GC(223) Using 8 workers of 8 for evacuation
[122.490s][info][gc,phases   ] GC(223)   Pre Evacuate Collection Set: 0.0ms
[122.490s][info][gc,phases   ] GC(223)   Merge Heap Roots: 0.0ms
[122.490s][info][gc,phases   ] GC(223)   Evacuate Collection Set: 0.5ms
[122.490s][info][gc,phases   ] GC(223)   Post Evacuate Collection Set: 0.2ms
[122.490s][info][gc,phases   ] GC(223)   Other: 0.2ms
[122.490s][info][gc,heap     ] GC(223) Eden regions: 32->0(32)
[122.490s][info][gc,heap     ] GC(223) Survivor regions: 2->2(5)
[122.490s][info][gc,heap     ] GC(223) Old regions: 34->34
[122.490s][info][gc,heap     ] GC(223) Archive regions: 2->2
[122.490s][info][gc,heap     ] GC(223) Humongous regions: 0->0
[122.490s][info][gc,metaspace] GC(223) Metaspace: 44336K(45264K)->44336K(45264K) NonClass: 39048K(39632K)->39048K(39632K) Class: 5288K(5632K)->5288K(5632K)
[122.490s][info][gc          ] GC(223) Pause Young (Normal) (G1 Evacuation Pause) 66M->34M(80M) 1.083ms
[122.490s][info][gc,cpu      ] GC(223) User=0.00s Sys=0.00s Real=0.00s
[122.615s][info][gc,start    ] GC(224) Pause Young (Normal) (G1 Evacuation Pause)
[122.615s][info][gc,task     ] GC(224) Using 8 workers of 8 for evacuation
[122.615s][info][gc,phases   ] GC(224)   Pre Evacuate Collection Set: 0.0ms
[122.615s][info][gc,phases   ] GC(224)   Merge Heap Roots: 0.0ms
[122.615s][info][gc,phases   ] GC(224)   Evacuate Collection Set: 0.4ms
[122.615s][info][gc,phases   ] GC(224)   Post Evacuate Collection Set: 0.2ms
[122.615s][info][gc,phases   ] GC(224)   Other: 0.1ms
[122.615s][info][gc,heap     ] GC(224) Eden regions: 32->0(32)
[122.615s][info][gc,heap     ] GC(224) Survivor regions: 2->2(5)
[122.616s][info][gc,heap     ] GC(224) Old regions: 34->34
[122.616s][info][gc,heap     ] GC(224) Archive regions: 2->2
[122.616s][info][gc,heap     ] GC(224) Humongous regions: 0->0
[122.616s][info][gc,metaspace] GC(224) Metaspace: 44336K(45264K)->44336K(45264K) NonClass: 39048K(39632K)->39048K(39632K) Class: 5288K(5632K)->5288K(5632K)
[122.616s][info][gc          ] GC(224) Pause Young (Normal) (G1 Evacuation Pause) 66M->34M(80M) 1.030ms
[122.616s][info][gc,cpu      ] GC(224) User=0.00s Sys=0.00s Real=0.00s
[122.744s][info][gc,start    ] GC(225) Pause Young (Normal) (G1 Evacuation Pause)
[122.744s][info][gc,task     ] GC(225) Using 8 workers of 8 for evacuation
[122.745s][info][gc,phases   ] GC(225)   Pre Evacuate Collection Set: 0.0ms
[122.745s][info][gc,phases   ] GC(225)   Merge Heap Roots: 0.0ms
[122.745s][info][gc,phases   ] GC(225)   Evacuate Collection Set: 0.8ms
[122.745s][info][gc,phases   ] GC(225)   Post Evacuate Collection Set: 0.2ms
[122.745s][info][gc,phases   ] GC(225)   Other: 0.2ms
[122.745s][info][gc,heap     ] GC(225) Eden regions: 32->0(32)
[122.745s][info][gc,heap     ] GC(225) Survivor regions: 2->2(5)
[122.745s][info][gc,heap     ] GC(225) Old regions: 34->34
[122.745s][info][gc,heap     ] GC(225) Archive regions: 2->2
[122.745s][info][gc,heap     ] GC(225) Humongous regions: 0->0
[122.745s][info][gc,metaspace] GC(225) Metaspace: 44336K(45264K)->44336K(45264K) NonClass: 39048K(39632K)->39048K(39632K) Class: 5288K(5632K)->5288K(5632K)
[122.745s][info][gc          ] GC(225) Pause Young (Normal) (G1 Evacuation Pause) 66M->34M(80M) 1.294ms
[122.746s][info][gc,cpu      ] GC(225) User=0.00s Sys=0.00s Real=0.00s
[122.880s][info][gc,start    ] GC(226) Pause Young (Normal) (G1 Evacuation Pause)
[122.880s][info][gc,task     ] GC(226) Using 8 workers of 8 for evacuation
[122.881s][info][gc,phases   ] GC(226)   Pre Evacuate Collection Set: 0.0ms
[122.881s][info][gc,phases   ] GC(226)   Merge Heap Roots: 0.0ms
[122.881s][info][gc,phases   ] GC(226)   Evacuate Collection Set: 0.5ms
[122.881s][info][gc,phases   ] GC(226)   Post Evacuate Collection Set: 0.3ms
[122.881s][info][gc,phases   ] GC(226)   Other: 0.1ms
[122.881s][info][gc,heap     ] GC(226) Eden regions: 32->0(32)
[122.881s][info][gc,heap     ] GC(226) Survivor regions: 2->2(5)
[122.881s][info][gc,heap     ] GC(226) Old regions: 34->34
[122.881s][info][gc,heap     ] GC(226) Archive regions: 2->2
[122.881s][info][gc,heap     ] GC(226) Humongous regions: 0->0
[122.881s][info][gc,metaspace] GC(226) Metaspace: 44336K(45264K)->44336K(45264K) NonClass: 39048K(39632K)->39048K(39632K) Class: 5288K(5632K)->5288K(5632K)
[122.882s][info][gc          ] GC(226) Pause Young (Normal) (G1 Evacuation Pause) 66M->35M(80M) 1.064ms
[122.882s][info][gc,cpu      ] GC(226) User=0.00s Sys=0.00s Real=0.00s
[123.039s][info][gc,start    ] GC(227) Pause Young (Normal) (G1 Evacuation Pause)
[123.039s][info][gc,task     ] GC(227) Using 8 workers of 8 for evacuation
[123.040s][info][gc,phases   ] GC(227)   Pre Evacuate Collection Set: 0.0ms
[123.040s][info][gc,phases   ] GC(227)   Merge Heap Roots: 0.0ms
[123.040s][info][gc,phases   ] GC(227)   Evacuate Collection Set: 0.5ms
[123.040s][info][gc,phases   ] GC(227)   Post Evacuate Collection Set: 0.2ms
[123.040s][info][gc,phases   ] GC(227)   Other: 0.1ms
[123.040s][info][gc,heap     ] GC(227) Eden regions: 32->0(32)
[123.040s][info][gc,heap     ] GC(227) Survivor regions: 2->2(5)
[123.040s][info][gc,heap     ] GC(227) Old regions: 34->34
[123.040s][info][gc,heap     ] GC(227) Archive regions: 2->2
[123.040s][info][gc,heap     ] GC(227) Humongous regions: 0->0
[123.040s][info][gc,metaspace] GC(227) Metaspace: 44336K(45264K)->44336K(45264K) NonClass: 39048K(39632K)->39048K(39632K) Class: 5288K(5632K)->5288K(5632K)
[123.040s][info][gc          ] GC(227) Pause Young (Normal) (G1 Evacuation Pause) 67M->35M(80M) 0.962ms
[123.040s][info][gc,cpu      ] GC(227) User=0.00s Sys=0.01s Real=0.00s
[123.180s][info][gc,start    ] GC(228) Pause Young (Normal) (G1 Evacuation Pause)
[123.180s][info][gc,task     ] GC(228) Using 8 workers of 8 for evacuation
[123.181s][info][gc,phases   ] GC(228)   Pre Evacuate Collection Set: 0.0ms
[123.181s][info][gc,phases   ] GC(228)   Merge Heap Roots: 0.0ms
[123.181s][info][gc,phases   ] GC(228)   Evacuate Collection Set: 0.5ms
[123.181s][info][gc,phases   ] GC(228)   Post Evacuate Collection Set: 0.2ms
[123.181s][info][gc,phases   ] GC(228)   Other: 0.1ms
[123.181s][info][gc,heap     ] GC(228) Eden regions: 32->0(32)
[123.181s][info][gc,heap     ] GC(228) Survivor regions: 2->2(5)
[123.181s][info][gc,heap     ] GC(228) Old regions: 34->34
[123.181s][info][gc,heap     ] GC(228) Archive regions: 2->2
[123.181s][info][gc,heap     ] GC(228) Humongous regions: 0->0
[123.181s][info][gc,metaspace] GC(228) Metaspace: 44336K(45264K)->44336K(45264K) NonClass: 39048K(39632K)->39048K(39632K) Class: 5288K(5632K)->5288K(5632K)
[123.181s][info][gc          ] GC(228) Pause Young (Normal) (G1 Evacuation Pause) 67M->34M(80M) 0.955ms
[123.181s][info][gc,cpu      ] GC(228) User=0.00s Sys=0.00s Real=0.00s
[123.341s][info][gc,start    ] GC(229) Pause Young (Normal) (G1 Evacuation Pause)
[123.341s][info][gc,task     ] GC(229) Using 8 workers of 8 for evacuation
[123.342s][info][gc,phases   ] GC(229)   Pre Evacuate Collection Set: 0.1ms
[123.342s][info][gc,phases   ] GC(229)   Merge Heap Roots: 0.0ms
[123.342s][info][gc,phases   ] GC(229)   Evacuate Collection Set: 0.5ms
[123.342s][info][gc,phases   ] GC(229)   Post Evacuate Collection Set: 0.2ms
[123.342s][info][gc,phases   ] GC(229)   Other: 0.1ms
[123.342s][info][gc,heap     ] GC(229) Eden regions: 32->0(32)
[123.342s][info][gc,heap     ] GC(229) Survivor regions: 2->2(5)
[123.342s][info][gc,heap     ] GC(229) Old regions: 34->34
[123.342s][info][gc,heap     ] GC(229) Archive regions: 2->2
[123.342s][info][gc,heap     ] GC(229) Humongous regions: 0->0
[123.342s][info][gc,metaspace] GC(229) Metaspace: 44336K(45264K)->44336K(45264K) NonClass: 39048K(39632K)->39048K(39632K) Class: 5288K(5632K)->5288K(5632K)
[123.342s][info][gc          ] GC(229) Pause Young (Normal) (G1 Evacuation Pause) 66M->35M(80M) 0.965ms
[123.342s][info][gc,cpu      ] GC(229) User=0.01s Sys=0.00s Real=0.00s
[123.493s][info][gc,start    ] GC(230) Pause Young (Normal) (G1 Evacuation Pause)
[123.493s][info][gc,task     ] GC(230) Using 8 workers of 8 for evacuation
[123.494s][info][gc,phases   ] GC(230)   Pre Evacuate Collection Set: 0.0ms
[123.494s][info][gc,phases   ] GC(230)   Merge Heap Roots: 0.0ms
[123.494s][info][gc,phases   ] GC(230)   Evacuate Collection Set: 0.7ms
[123.494s][info][gc,phases   ] GC(230)   Post Evacuate Collection Set: 0.2ms
[123.494s][info][gc,phases   ] GC(230)   Other: 0.1ms
[123.494s][info][gc,heap     ] GC(230) Eden regions: 32->0(32)
[123.494s][info][gc,heap     ] GC(230) Survivor regions: 2->2(5)
[123.494s][info][gc,heap     ] GC(230) Old regions: 34->34
[123.494s][info][gc,heap     ] GC(230) Archive regions: 2->2
[123.494s][info][gc,heap     ] GC(230) Humongous regions: 0->0
[123.494s][info][gc,metaspace] GC(230) Metaspace: 44336K(45264K)->44336K(45264K) NonClass: 39048K(39632K)->39048K(39632K) Class: 5288K(5632K)->5288K(5632K)
[123.494s][info][gc          ] GC(230) Pause Young (Normal) (G1 Evacuation Pause) 67M->35M(80M) 1.185ms
[123.494s][info][gc,cpu      ] GC(230) User=0.00s Sys=0.00s Real=0.00s
[123.666s][info][gc,start    ] GC(231) Pause Young (Normal) (G1 Evacuation Pause)
[123.666s][info][gc,task     ] GC(231) Using 8 workers of 8 for evacuation
[123.667s][info][gc,phases   ] GC(231)   Pre Evacuate Collection Set: 0.0ms
[123.667s][info][gc,phases   ] GC(231)   Merge Heap Roots: 0.0ms
[123.667s][info][gc,phases   ] GC(231)   Evacuate Collection Set: 0.5ms
[123.667s][info][gc,phases   ] GC(231)   Post Evacuate Collection Set: 0.2ms
[123.667s][info][gc,phases   ] GC(231)   Other: 0.1ms
[123.667s][info][gc,heap     ] GC(231) Eden regions: 32->0(32)
[123.667s][info][gc,heap     ] GC(231) Survivor regions: 2->2(5)
[123.667s][info][gc,heap     ] GC(231) Old regions: 34->34
[123.667s][info][gc,heap     ] GC(231) Archive regions: 2->2
[123.667s][info][gc,heap     ] GC(231) Humongous regions: 0->0
[123.667s][info][gc,metaspace] GC(231) Metaspace: 44336K(45264K)->44336K(45264K) NonClass: 39048K(39632K)->39048K(39632K) Class: 5288K(5632K)->5288K(5632K)
[123.667s][info][gc          ] GC(231) Pause Young (Normal) (G1 Evacuation Pause) 67M->34M(80M) 0.886ms
[123.667s][info][gc,cpu      ] GC(231) User=0.00s Sys=0.00s Real=0.00s
[123.808s][info][gc,start    ] GC(232) Pause Young (Normal) (G1 Evacuation Pause)
[123.808s][info][gc,task     ] GC(232) Using 8 workers of 8 for evacuation
[123.808s][info][gc,phases   ] GC(232)   Pre Evacuate Collection Set: 0.0ms
[123.808s][info][gc,phases   ] GC(232)   Merge Heap Roots: 0.0ms
[123.808s][info][gc,phases   ] GC(232)   Evacuate Collection Set: 0.5ms
[123.808s][info][gc,phases   ] GC(232)   Post Evacuate Collection Set: 0.2ms
[123.808s][info][gc,phases   ] GC(232)   Other: 0.2ms
[123.808s][info][gc,heap     ] GC(232) Eden regions: 32->0(32)
[123.808s][info][gc,heap     ] GC(232) Survivor regions: 2->2(5)
[123.808s][info][gc,heap     ] GC(232) Old regions: 34->34
[123.808s][info][gc,heap     ] GC(232) Archive regions: 2->2
[123.808s][info][gc,heap     ] GC(232) Humongous regions: 0->0
[123.808s][info][gc,metaspace] GC(232) Metaspace: 44336K(45264K)->44336K(45264K) NonClass: 39048K(39632K)->39048K(39632K) Class: 5288K(5632K)->5288K(5632K)
[123.808s][info][gc          ] GC(232) Pause Young (Normal) (G1 Evacuation Pause) 66M->35M(80M) 0.916ms
[123.809s][info][gc,cpu      ] GC(232) User=0.01s Sys=0.00s Real=0.01s
[123.939s][info][gc,start    ] GC(233) Pause Young (Normal) (G1 Evacuation Pause)
[123.940s][info][gc,task     ] GC(233) Using 8 workers of 8 for evacuation
[123.940s][info][gc,phases   ] GC(233)   Pre Evacuate Collection Set: 0.0ms
[123.940s][info][gc,phases   ] GC(233)   Merge Heap Roots: 0.0ms
[123.940s][info][gc,phases   ] GC(233)   Evacuate Collection Set: 0.5ms
[123.940s][info][gc,phases   ] GC(233)   Post Evacuate Collection Set: 0.2ms
[123.940s][info][gc,phases   ] GC(233)   Other: 0.1ms
[123.940s][info][gc,heap     ] GC(233) Eden regions: 32->0(34)
[123.940s][info][gc,heap     ] GC(233) Survivor regions: 2->1(5)
[123.940s][info][gc,heap     ] GC(233) Old regions: 34->34
[123.940s][info][gc,heap     ] GC(233) Archive regions: 2->2
[123.940s][info][gc,heap     ] GC(233) Humongous regions: 0->0
[123.940s][info][gc,metaspace] GC(233) Metaspace: 44336K(45264K)->44336K(45264K) NonClass: 39048K(39632K)->39048K(39632K) Class: 5288K(5632K)->5288K(5632K)
[123.940s][info][gc          ] GC(233) Pause Young (Normal) (G1 Evacuation Pause) 67M->35M(80M) 0.978ms
[123.940s][info][gc,cpu      ] GC(233) User=0.00s Sys=0.00s Real=0.00s
[124.177s][info][gc,start    ] GC(234) Pause Young (Normal) (G1 Evacuation Pause)
[124.177s][info][gc,task     ] GC(234) Using 8 workers of 8 for evacuation
[124.178s][info][gc,phases   ] GC(234)   Pre Evacuate Collection Set: 0.0ms
[124.178s][info][gc,phases   ] GC(234)   Merge Heap Roots: 0.0ms
[124.178s][info][gc,phases   ] GC(234)   Evacuate Collection Set: 0.6ms
[124.178s][info][gc,phases   ] GC(234)   Post Evacuate Collection Set: 0.2ms
[124.178s][info][gc,phases   ] GC(234)   Other: 0.2ms
[124.178s][info][gc,heap     ] GC(234) Eden regions: 34->0(33)
[124.178s][info][gc,heap     ] GC(234) Survivor regions: 1->1(5)
[124.178s][info][gc,heap     ] GC(234) Old regions: 34->35
[124.178s][info][gc,heap     ] GC(234) Archive regions: 2->2
[124.178s][info][gc,heap     ] GC(234) Humongous regions: 0->0
[124.178s][info][gc,metaspace] GC(234) Metaspace: 44336K(45264K)->44336K(45264K) NonClass: 39048K(39632K)->39048K(39632K) Class: 5288K(5632K)->5288K(5632K)
[124.178s][info][gc          ] GC(234) Pause Young (Normal) (G1 Evacuation Pause) 69M->35M(80M) 1.165ms
[124.178s][info][gc,cpu      ] GC(234) User=0.00s Sys=0.00s Real=0.01s
[124.408s][info][gc,start    ] GC(235) Pause Young (Concurrent Start) (G1 Evacuation Pause)
[124.408s][info][gc,task     ] GC(235) Using 8 workers of 8 for evacuation
[124.409s][info][gc,phases   ] GC(235)   Pre Evacuate Collection Set: 0.1ms
[124.409s][info][gc,phases   ] GC(235)   Merge Heap Roots: 0.0ms
[124.409s][info][gc,phases   ] GC(235)   Evacuate Collection Set: 0.6ms
[124.409s][info][gc,phases   ] GC(235)   Post Evacuate Collection Set: 0.2ms
[124.409s][info][gc,phases   ] GC(235)   Other: 0.1ms
[124.409s][info][gc,heap     ] GC(235) Eden regions: 33->0(33)
[124.409s][info][gc,heap     ] GC(235) Survivor regions: 1->1(5)
[124.409s][info][gc,heap     ] GC(235) Old regions: 35->35
[124.409s][info][gc,heap     ] GC(235) Archive regions: 2->2
[124.409s][info][gc,heap     ] GC(235) Humongous regions: 0->0
[124.409s][info][gc,metaspace] GC(235) Metaspace: 44336K(45264K)->44336K(45264K) NonClass: 39048K(39632K)->39048K(39632K) Class: 5288K(5632K)->5288K(5632K)
[124.409s][info][gc          ] GC(235) Pause Young (Concurrent Start) (G1 Evacuation Pause) 68M->35M(80M) 1.045ms
[124.409s][info][gc,cpu      ] GC(235) User=0.00s Sys=0.00s Real=0.00s
[124.409s][info][gc          ] GC(236) Concurrent Cycle
[124.409s][info][gc,marking  ] GC(236) Concurrent Clear Claimed Marks
[124.409s][info][gc,marking  ] GC(236) Concurrent Clear Claimed Marks 0.025ms
[124.409s][info][gc,marking  ] GC(236) Concurrent Scan Root Regions
[124.410s][info][gc,marking  ] GC(236) Concurrent Scan Root Regions 0.447ms
[124.410s][info][gc,marking  ] GC(236) Concurrent Mark (124.410s)
[124.410s][info][gc,marking  ] GC(236) Concurrent Mark From Roots
[124.410s][info][gc,task     ] GC(236) Using 2 workers of 2 for marking
[124.438s][info][gc,marking  ] GC(236) Concurrent Mark From Roots 27.801ms
[124.438s][info][gc,marking  ] GC(236) Concurrent Preclean
[124.438s][info][gc,marking  ] GC(236) Concurrent Preclean 0.100ms
[124.438s][info][gc,marking  ] GC(236) Concurrent Mark (124.410s, 124.438s) 27.972ms
[124.438s][info][gc,start    ] GC(236) Pause Remark
[124.440s][info][gc          ] GC(236) Pause Remark 38M->38M(80M) 2.009ms
[124.440s][info][gc,cpu      ] GC(236) User=0.01s Sys=0.00s Real=0.00s
[124.440s][info][gc,marking  ] GC(236) Concurrent Rebuild Remembered Sets
[124.458s][info][gc,marking  ] GC(236) Concurrent Rebuild Remembered Sets 17.378ms
[124.458s][info][gc,start    ] GC(236) Pause Cleanup
[124.458s][info][gc          ] GC(236) Pause Cleanup 38M->38M(80M) 0.108ms
[124.458s][info][gc,cpu      ] GC(236) User=0.00s Sys=0.00s Real=0.01s
[124.458s][info][gc,marking  ] GC(236) Concurrent Cleanup for Next Mark
[124.458s][info][gc,marking  ] GC(236) Concurrent Cleanup for Next Mark 0.165ms
[124.458s][info][gc          ] GC(236) Concurrent Cycle 48.981ms
[124.613s][info][gc,start    ] GC(237) Pause Young (Normal) (G1 Evacuation Pause)
[124.613s][info][gc,task     ] GC(237) Using 8 workers of 8 for evacuation
[124.614s][info][gc,phases   ] GC(237)   Pre Evacuate Collection Set: 0.0ms
[124.614s][info][gc,phases   ] GC(237)   Merge Heap Roots: 0.0ms
[124.614s][info][gc,phases   ] GC(237)   Evacuate Collection Set: 0.4ms
[124.614s][info][gc,phases   ] GC(237)   Post Evacuate Collection Set: 0.2ms
[124.614s][info][gc,phases   ] GC(237)   Other: 0.1ms
[124.614s][info][gc,heap     ] GC(237) Eden regions: 33->0(33)
[124.614s][info][gc,heap     ] GC(237) Survivor regions: 1->1(5)
[124.614s][info][gc,heap     ] GC(237) Old regions: 35->35
[124.614s][info][gc,heap     ] GC(237) Archive regions: 2->2
[124.614s][info][gc,heap     ] GC(237) Humongous regions: 0->0
[124.614s][info][gc,metaspace] GC(237) Metaspace: 44336K(45264K)->44336K(45264K) NonClass: 39048K(39632K)->39048K(39632K) Class: 5288K(5632K)->5288K(5632K)
[124.614s][info][gc          ] GC(237) Pause Young (Normal) (G1 Evacuation Pause) 68M->35M(80M) 0.866ms
[124.614s][info][gc,cpu      ] GC(237) User=0.01s Sys=0.00s Real=0.00s
[124.761s][info][gc,start    ] GC(238) Pause Young (Concurrent Start) (G1 Evacuation Pause)
[124.761s][info][gc,task     ] GC(238) Using 8 workers of 8 for evacuation
[124.762s][info][gc,phases   ] GC(238)   Pre Evacuate Collection Set: 0.1ms
[124.762s][info][gc,phases   ] GC(238)   Merge Heap Roots: 0.0ms
[124.762s][info][gc,phases   ] GC(238)   Evacuate Collection Set: 0.5ms
[124.762s][info][gc,phases   ] GC(238)   Post Evacuate Collection Set: 0.2ms
[124.762s][info][gc,phases   ] GC(238)   Other: 0.2ms
[124.762s][info][gc,heap     ] GC(238) Eden regions: 33->0(33)
[124.762s][info][gc,heap     ] GC(238) Survivor regions: 1->1(5)
[124.762s][info][gc,heap     ] GC(238) Old regions: 35->35
[124.762s][info][gc,heap     ] GC(238) Archive regions: 2->2
[124.762s][info][gc,heap     ] GC(238) Humongous regions: 0->0
[124.762s][info][gc,metaspace] GC(238) Metaspace: 44336K(45264K)->44336K(45264K) NonClass: 39048K(39632K)->39048K(39632K) Class: 5288K(5632K)->5288K(5632K)
[124.762s][info][gc          ] GC(238) Pause Young (Concurrent Start) (G1 Evacuation Pause) 68M->35M(80M) 0.992ms
[124.762s][info][gc,cpu      ] GC(238) User=0.00s Sys=0.00s Real=0.00s
[124.762s][info][gc          ] GC(239) Concurrent Cycle
[124.762s][info][gc,marking  ] GC(239) Concurrent Clear Claimed Marks
[124.762s][info][gc,marking  ] GC(239) Concurrent Clear Claimed Marks 0.024ms
[124.762s][info][gc,marking  ] GC(239) Concurrent Scan Root Regions
[124.763s][info][gc,marking  ] GC(239) Concurrent Scan Root Regions 0.404ms
[124.763s][info][gc,marking  ] GC(239) Concurrent Mark (124.763s)
[124.763s][info][gc,marking  ] GC(239) Concurrent Mark From Roots
[124.763s][info][gc,task     ] GC(239) Using 2 workers of 2 for marking
[124.786s][info][gc,marking  ] GC(239) Concurrent Mark From Roots 23.726ms
[124.786s][info][gc,marking  ] GC(239) Concurrent Preclean
[124.787s][info][gc,marking  ] GC(239) Concurrent Preclean 0.064ms
[124.787s][info][gc,marking  ] GC(239) Concurrent Mark (124.763s, 124.787s) 23.843ms
[124.787s][info][gc,start    ] GC(239) Pause Remark
[124.788s][info][gc          ] GC(239) Pause Remark 39M->39M(80M) 1.639ms
[124.788s][info][gc,cpu      ] GC(239) User=0.01s Sys=0.00s Real=0.01s
[124.789s][info][gc,marking  ] GC(239) Concurrent Rebuild Remembered Sets
[124.803s][info][gc,marking  ] GC(239) Concurrent Rebuild Remembered Sets 14.833ms
[124.804s][info][gc,start    ] GC(239) Pause Cleanup
[124.804s][info][gc          ] GC(239) Pause Cleanup 41M->41M(80M) 0.087ms
[124.804s][info][gc,cpu      ] GC(239) User=0.00s Sys=0.00s Real=0.00s
[124.804s][info][gc,marking  ] GC(239) Concurrent Cleanup for Next Mark
[124.804s][info][gc,marking  ] GC(239) Concurrent Cleanup for Next Mark 0.135ms
[124.804s][info][gc          ] GC(239) Concurrent Cycle 41.682ms
[124.932s][info][gc,start    ] GC(240) Pause Young (Normal) (G1 Evacuation Pause)
[124.932s][info][gc,task     ] GC(240) Using 8 workers of 8 for evacuation
[124.933s][info][gc,phases   ] GC(240)   Pre Evacuate Collection Set: 0.0ms
[124.933s][info][gc,phases   ] GC(240)   Merge Heap Roots: 0.0ms
[124.933s][info][gc,phases   ] GC(240)   Evacuate Collection Set: 0.3ms
[124.933s][info][gc,phases   ] GC(240)   Post Evacuate Collection Set: 0.2ms
[124.933s][info][gc,phases   ] GC(240)   Other: 0.2ms
[124.933s][info][gc,heap     ] GC(240) Eden regions: 33->0(33)
[124.933s][info][gc,heap     ] GC(240) Survivor regions: 1->1(5)
[124.933s][info][gc,heap     ] GC(240) Old regions: 35->35
[124.933s][info][gc,heap     ] GC(240) Archive regions: 2->2
[124.933s][info][gc,heap     ] GC(240) Humongous regions: 0->0
[124.933s][info][gc,metaspace] GC(240) Metaspace: 44336K(45264K)->44336K(45264K) NonClass: 39048K(39632K)->39048K(39632K) Class: 5288K(5632K)->5288K(5632K)
[124.933s][info][gc          ] GC(240) Pause Young (Normal) (G1 Evacuation Pause) 68M->35M(80M) 0.799ms
[124.933s][info][gc,cpu      ] GC(240) User=0.00s Sys=0.00s Real=0.00s
[125.140s][info][gc,start    ] GC(241) Pause Young (Concurrent Start) (G1 Evacuation Pause)
[125.140s][info][gc,task     ] GC(241) Using 8 workers of 8 for evacuation
[125.140s][info][gc,phases   ] GC(241)   Pre Evacuate Collection Set: 0.1ms
[125.140s][info][gc,phases   ] GC(241)   Merge Heap Roots: 0.0ms
[125.140s][info][gc,phases   ] GC(241)   Evacuate Collection Set: 0.5ms
[125.140s][info][gc,phases   ] GC(241)   Post Evacuate Collection Set: 0.2ms
[125.140s][info][gc,phases   ] GC(241)   Other: 0.2ms
[125.140s][info][gc,heap     ] GC(241) Eden regions: 33->0(33)
[125.140s][info][gc,heap     ] GC(241) Survivor regions: 1->1(5)
[125.140s][info][gc,heap     ] GC(241) Old regions: 35->35
[125.140s][info][gc,heap     ] GC(241) Archive regions: 2->2
[125.140s][info][gc,heap     ] GC(241) Humongous regions: 0->0
[125.140s][info][gc,metaspace] GC(241) Metaspace: 44336K(45264K)->44336K(45264K) NonClass: 39048K(39632K)->39048K(39632K) Class: 5288K(5632K)->5288K(5632K)
[125.141s][info][gc          ] GC(241) Pause Young (Concurrent Start) (G1 Evacuation Pause) 68M->35M(80M) 1.001ms
[125.141s][info][gc,cpu      ] GC(241) User=0.01s Sys=0.00s Real=0.00s
[125.141s][info][gc          ] GC(242) Concurrent Cycle
[125.141s][info][gc,marking  ] GC(242) Concurrent Clear Claimed Marks
[125.141s][info][gc,marking  ] GC(242) Concurrent Clear Claimed Marks 0.030ms
[125.141s][info][gc,marking  ] GC(242) Concurrent Scan Root Regions
[125.141s][info][gc,marking  ] GC(242) Concurrent Scan Root Regions 0.883ms
[125.142s][info][gc,marking  ] GC(242) Concurrent Mark (125.142s)
[125.142s][info][gc,marking  ] GC(242) Concurrent Mark From Roots
[125.142s][info][gc,task     ] GC(242) Using 2 workers of 2 for marking
[125.169s][info][gc,marking  ] GC(242) Concurrent Mark From Roots 27.389ms
[125.169s][info][gc,marking  ] GC(242) Concurrent Preclean
[125.169s][info][gc,marking  ] GC(242) Concurrent Preclean 0.061ms
[125.169s][info][gc,marking  ] GC(242) Concurrent Mark (125.142s, 125.169s) 27.523ms
[125.169s][info][gc,start    ] GC(242) Pause Remark
[125.171s][info][gc          ] GC(242) Pause Remark 39M->39M(80M) 1.888ms
[125.171s][info][gc,cpu      ] GC(242) User=0.01s Sys=0.00s Real=0.00s
[125.171s][info][gc,marking  ] GC(242) Concurrent Rebuild Remembered Sets
[125.189s][info][gc,marking  ] GC(242) Concurrent Rebuild Remembered Sets 17.513ms
[125.189s][info][gc,start    ] GC(242) Pause Cleanup
[125.189s][info][gc          ] GC(242) Pause Cleanup 42M->42M(80M) 0.135ms
[125.189s][info][gc,cpu      ] GC(242) User=0.00s Sys=0.00s Real=0.00s
[125.189s][info][gc,marking  ] GC(242) Concurrent Cleanup for Next Mark
[125.189s][info][gc,marking  ] GC(242) Concurrent Cleanup for Next Mark 0.161ms
[125.189s][info][gc          ] GC(242) Concurrent Cycle 48.802ms
[125.303s][info][gc,start    ] GC(243) Pause Young (Normal) (G1 Evacuation Pause)
[125.303s][info][gc,task     ] GC(243) Using 8 workers of 8 for evacuation
[125.303s][info][gc,phases   ] GC(243)   Pre Evacuate Collection Set: 0.0ms
[125.303s][info][gc,phases   ] GC(243)   Merge Heap Roots: 0.0ms
[125.304s][info][gc,phases   ] GC(243)   Evacuate Collection Set: 0.3ms
[125.304s][info][gc,phases   ] GC(243)   Post Evacuate Collection Set: 0.2ms
[125.304s][info][gc,phases   ] GC(243)   Other: 0.2ms
[125.304s][info][gc,heap     ] GC(243) Eden regions: 33->0(33)
[125.304s][info][gc,heap     ] GC(243) Survivor regions: 1->1(5)
[125.304s][info][gc,heap     ] GC(243) Old regions: 35->35
[125.304s][info][gc,heap     ] GC(243) Archive regions: 2->2
[125.304s][info][gc,heap     ] GC(243) Humongous regions: 0->0
[125.304s][info][gc,metaspace] GC(243) Metaspace: 44336K(45264K)->44336K(45264K) NonClass: 39048K(39632K)->39048K(39632K) Class: 5288K(5632K)->5288K(5632K)
[125.304s][info][gc          ] GC(243) Pause Young (Normal) (G1 Evacuation Pause) 68M->35M(80M) 0.916ms
[125.304s][info][gc,cpu      ] GC(243) User=0.00s Sys=0.00s Real=0.00s
[125.437s][info][gc,start    ] GC(244) Pause Young (Concurrent Start) (G1 Evacuation Pause)
[125.437s][info][gc,task     ] GC(244) Using 8 workers of 8 for evacuation
[125.438s][info][gc,phases   ] GC(244)   Pre Evacuate Collection Set: 0.1ms
[125.438s][info][gc,phases   ] GC(244)   Merge Heap Roots: 0.0ms
[125.438s][info][gc,phases   ] GC(244)   Evacuate Collection Set: 0.7ms
[125.438s][info][gc,phases   ] GC(244)   Post Evacuate Collection Set: 0.2ms
[125.438s][info][gc,phases   ] GC(244)   Other: 0.1ms
[125.438s][info][gc,heap     ] GC(244) Eden regions: 33->0(33)
[125.438s][info][gc,heap     ] GC(244) Survivor regions: 1->1(5)
[125.438s][info][gc,heap     ] GC(244) Old regions: 35->35
[125.438s][info][gc,heap     ] GC(244) Archive regions: 2->2
[125.438s][info][gc,heap     ] GC(244) Humongous regions: 0->0
[125.438s][info][gc,metaspace] GC(244) Metaspace: 44336K(45264K)->44336K(45264K) NonClass: 39048K(39632K)->39048K(39632K) Class: 5288K(5632K)->5288K(5632K)
[125.438s][info][gc          ] GC(244) Pause Young (Concurrent Start) (G1 Evacuation Pause) 68M->35M(80M) 1.228ms
[125.438s][info][gc,cpu      ] GC(244) User=0.01s Sys=0.00s Real=0.01s
[125.438s][info][gc          ] GC(245) Concurrent Cycle
[125.438s][info][gc,marking  ] GC(245) Concurrent Clear Claimed Marks
[125.438s][info][gc,marking  ] GC(245) Concurrent Clear Claimed Marks 0.030ms
[125.438s][info][gc,marking  ] GC(245) Concurrent Scan Root Regions
[125.439s][info][gc,marking  ] GC(245) Concurrent Scan Root Regions 0.826ms
[125.439s][info][gc,marking  ] GC(245) Concurrent Mark (125.439s)
[125.439s][info][gc,marking  ] GC(245) Concurrent Mark From Roots
[125.439s][info][gc,task     ] GC(245) Using 2 workers of 2 for marking
[125.465s][info][gc,marking  ] GC(245) Concurrent Mark From Roots 25.616ms
[125.465s][info][gc,marking  ] GC(245) Concurrent Preclean
[125.465s][info][gc,marking  ] GC(245) Concurrent Preclean 0.078ms
[125.465s][info][gc,marking  ] GC(245) Concurrent Mark (125.439s, 125.465s) 25.766ms
[125.465s][info][gc,start    ] GC(245) Pause Remark
[125.466s][info][gc          ] GC(245) Pause Remark 39M->39M(80M) 1.578ms
[125.466s][info][gc,cpu      ] GC(245) User=0.01s Sys=0.00s Real=0.00s
[125.467s][info][gc,marking  ] GC(245) Concurrent Rebuild Remembered Sets
[125.482s][info][gc,marking  ] GC(245) Concurrent Rebuild Remembered Sets 15.794ms
[125.483s][info][gc,start    ] GC(245) Pause Cleanup
[125.483s][info][gc          ] GC(245) Pause Cleanup 42M->42M(80M) 0.097ms
[125.483s][info][gc,cpu      ] GC(245) User=0.00s Sys=0.00s Real=0.00s
[125.483s][info][gc,marking  ] GC(245) Concurrent Cleanup for Next Mark
[125.483s][info][gc,marking  ] GC(245) Concurrent Cleanup for Next Mark 0.172ms
[125.483s][info][gc          ] GC(245) Concurrent Cycle 44.943ms
[232.955s][info][gc,start    ] GC(246) Pause Young (Normal) (G1 Evacuation Pause)
[232.956s][info][gc,task     ] GC(246) Using 8 workers of 8 for evacuation
[232.956s][info][gc,phases   ] GC(246)   Pre Evacuate Collection Set: 0.0ms
[232.956s][info][gc,phases   ] GC(246)   Merge Heap Roots: 0.0ms
[232.956s][info][gc,phases   ] GC(246)   Evacuate Collection Set: 0.3ms
[232.956s][info][gc,phases   ] GC(246)   Post Evacuate Collection Set: 0.2ms
[232.956s][info][gc,phases   ] GC(246)   Other: 0.1ms
[232.956s][info][gc,heap     ] GC(246) Eden regions: 33->0(33)
[232.956s][info][gc,heap     ] GC(246) Survivor regions: 1->1(5)
[232.956s][info][gc,heap     ] GC(246) Old regions: 35->35
[232.956s][info][gc,heap     ] GC(246) Archive regions: 2->2
[232.956s][info][gc,heap     ] GC(246) Humongous regions: 0->0
[232.956s][info][gc,metaspace] GC(246) Metaspace: 44374K(45520K)->44374K(45520K) NonClass: 39086K(39888K)->39086K(39888K) Class: 5288K(5632K)->5288K(5632K)
[232.956s][info][gc          ] GC(246) Pause Young (Normal) (G1 Evacuation Pause) 68M->35M(80M) 0.813ms
[232.956s][info][gc,cpu      ] GC(246) User=0.01s Sys=0.01s Real=0.00s
[251.866s][info][gc,start    ] GC(247) Pause Young (Concurrent Start) (G1 Evacuation Pause)
[251.866s][info][gc,task     ] GC(247) Using 8 workers of 8 for evacuation
[251.869s][info][gc,phases   ] GC(247)   Pre Evacuate Collection Set: 0.1ms
[251.869s][info][gc,phases   ] GC(247)   Merge Heap Roots: 0.0ms
[251.869s][info][gc,phases   ] GC(247)   Evacuate Collection Set: 2.5ms
[251.869s][info][gc,phases   ] GC(247)   Post Evacuate Collection Set: 0.3ms
[251.869s][info][gc,phases   ] GC(247)   Other: 0.2ms
[251.869s][info][gc,heap     ] GC(247) Eden regions: 33->0(22)
[251.869s][info][gc,heap     ] GC(247) Survivor regions: 1->5(5)
[251.869s][info][gc,heap     ] GC(247) Old regions: 35->38
[251.869s][info][gc,heap     ] GC(247) Archive regions: 2->2
[251.869s][info][gc,heap     ] GC(247) Humongous regions: 0->0
[251.869s][info][gc,metaspace] GC(247) Metaspace: 44381K(45520K)->44381K(45520K) NonClass: 39093K(39888K)->39093K(39888K) Class: 5288K(5632K)->5288K(5632K)
[251.869s][info][gc          ] GC(247) Pause Young (Concurrent Start) (G1 Evacuation Pause) 68M->42M(80M) 3.152ms
[251.869s][info][gc,cpu      ] GC(247) User=0.02s Sys=0.00s Real=0.01s
[251.869s][info][gc          ] GC(248) Concurrent Cycle
[251.869s][info][gc,marking  ] GC(248) Concurrent Clear Claimed Marks
[251.869s][info][gc,marking  ] GC(248) Concurrent Clear Claimed Marks 0.077ms
[251.869s][info][gc,marking  ] GC(248) Concurrent Scan Root Regions
[251.871s][info][gc,marking  ] GC(248) Concurrent Scan Root Regions 1.901ms
[251.871s][info][gc,marking  ] GC(248) Concurrent Mark (251.871s)
[251.871s][info][gc,marking  ] GC(248) Concurrent Mark From Roots
[251.871s][info][gc,task     ] GC(248) Using 2 workers of 2 for marking
[251.969s][info][gc,start    ] GC(249) Pause Young (Normal) (G1 Evacuation Pause)
[251.969s][info][gc,task     ] GC(249) Using 8 workers of 8 for evacuation
[251.971s][info][gc,phases   ] GC(249)   Pre Evacuate Collection Set: 0.0ms
[251.971s][info][gc,phases   ] GC(249)   Merge Heap Roots: 0.0ms
[251.971s][info][gc,phases   ] GC(249)   Evacuate Collection Set: 1.4ms
[251.971s][info][gc,phases   ] GC(249)   Post Evacuate Collection Set: 0.2ms
[251.971s][info][gc,phases   ] GC(249)   Other: 0.1ms
[251.971s][info][gc,heap     ] GC(249) Eden regions: 22->0(22)
[251.971s][info][gc,heap     ] GC(249) Survivor regions: 5->1(4)
[251.971s][info][gc,heap     ] GC(249) Old regions: 38->43
[251.971s][info][gc,heap     ] GC(249) Archive regions: 2->2
[251.971s][info][gc,heap     ] GC(249) Humongous regions: 0->0
[251.971s][info][gc,metaspace] GC(249) Metaspace: 44381K(45520K)->44381K(45520K) NonClass: 39093K(39888K)->39093K(39888K) Class: 5288K(5632K)->5288K(5632K)
[251.971s][info][gc          ] GC(249) Pause Young (Normal) (G1 Evacuation Pause) 64M->43M(80M) 1.867ms
[251.971s][info][gc,cpu      ] GC(249) User=0.01s Sys=0.00s Real=0.00s
[251.974s][info][gc,marking  ] GC(248) Concurrent Mark From Roots 102.467ms
[251.974s][info][gc,marking  ] GC(248) Concurrent Preclean
[251.974s][info][gc,marking  ] GC(248) Concurrent Preclean 0.116ms
[251.974s][info][gc,marking  ] GC(248) Concurrent Mark (251.871s, 251.974s) 102.665ms
[251.974s][info][gc,start    ] GC(248) Pause Remark
[251.977s][info][gc          ] GC(248) Pause Remark 43M->43M(80M) 3.199ms
[251.977s][info][gc,cpu      ] GC(248) User=0.02s Sys=0.00s Real=0.00s
[251.977s][info][gc,marking  ] GC(248) Concurrent Rebuild Remembered Sets
[251.997s][info][gc,marking  ] GC(248) Concurrent Rebuild Remembered Sets 19.778ms
[251.998s][info][gc,start    ] GC(248) Pause Cleanup
[251.998s][info][gc          ] GC(248) Pause Cleanup 45M->45M(80M) 0.102ms
[251.998s][info][gc,cpu      ] GC(248) User=0.00s Sys=0.00s Real=0.00s
[251.998s][info][gc,marking  ] GC(248) Concurrent Cleanup for Next Mark
[251.998s][info][gc,marking  ] GC(248) Concurrent Cleanup for Next Mark 0.139ms
[251.998s][info][gc          ] GC(248) Concurrent Cycle 129.435ms
[252.107s][info][gc,start    ] GC(250) Pause Young (Normal) (G1 Evacuation Pause)
[252.107s][info][gc,task     ] GC(250) Using 8 workers of 8 for evacuation
[252.107s][info][gc,phases   ] GC(250)   Pre Evacuate Collection Set: 0.0ms
[252.108s][info][gc,phases   ] GC(250)   Merge Heap Roots: 0.0ms
[252.108s][info][gc,phases   ] GC(250)   Evacuate Collection Set: 0.3ms
[252.108s][info][gc,phases   ] GC(250)   Post Evacuate Collection Set: 0.2ms
[252.108s][info][gc,phases   ] GC(250)   Other: 0.1ms
[252.108s][info][gc,heap     ] GC(250) Eden regions: 22->0(22)
[252.108s][info][gc,heap     ] GC(250) Survivor regions: 1->1(3)
[252.108s][info][gc,heap     ] GC(250) Old regions: 43->43
[252.108s][info][gc,heap     ] GC(250) Archive regions: 2->2
[252.108s][info][gc,heap     ] GC(250) Humongous regions: 0->0
[252.108s][info][gc,metaspace] GC(250) Metaspace: 44383K(45520K)->44383K(45520K) NonClass: 39095K(39888K)->39095K(39888K) Class: 5288K(5632K)->5288K(5632K)
[252.108s][info][gc          ] GC(250) Pause Young (Normal) (G1 Evacuation Pause) 65M->43M(80M) 0.789ms
[252.108s][info][gc,cpu      ] GC(250) User=0.00s Sys=0.00s Real=0.00s
[261.541s][info][gc,start    ] GC(251) Pause Young (Concurrent Start) (G1 Evacuation Pause)
[261.541s][info][gc,task     ] GC(251) Using 8 workers of 8 for evacuation
[261.542s][info][gc,phases   ] GC(251)   Pre Evacuate Collection Set: 0.1ms
[261.542s][info][gc,phases   ] GC(251)   Merge Heap Roots: 0.0ms
[261.542s][info][gc,phases   ] GC(251)   Evacuate Collection Set: 0.5ms
[261.542s][info][gc,phases   ] GC(251)   Post Evacuate Collection Set: 0.2ms
[261.542s][info][gc,phases   ] GC(251)   Other: 0.2ms
[261.542s][info][gc,heap     ] GC(251) Eden regions: 22->0(23)
[261.542s][info][gc,heap     ] GC(251) Survivor regions: 1->1(3)
[261.542s][info][gc,heap     ] GC(251) Old regions: 43->43
[261.542s][info][gc,heap     ] GC(251) Archive regions: 2->2
[261.542s][info][gc,heap     ] GC(251) Humongous regions: 0->0
[261.542s][info][gc,metaspace] GC(251) Metaspace: 44392K(45520K)->44392K(45520K) NonClass: 39104K(39888K)->39104K(39888K) Class: 5288K(5632K)->5288K(5632K)
[261.542s][info][gc          ] GC(251) Pause Young (Concurrent Start) (G1 Evacuation Pause) 65M->43M(80M) 1.060ms
[261.542s][info][gc,cpu      ] GC(251) User=0.01s Sys=0.01s Real=0.00s
[261.542s][info][gc          ] GC(252) Concurrent Cycle
[261.542s][info][gc,marking  ] GC(252) Concurrent Clear Claimed Marks
[261.542s][info][gc,marking  ] GC(252) Concurrent Clear Claimed Marks 0.037ms
[261.542s][info][gc,marking  ] GC(252) Concurrent Scan Root Regions
[261.543s][info][gc,marking  ] GC(252) Concurrent Scan Root Regions 1.152ms
[261.543s][info][gc,marking  ] GC(252) Concurrent Mark (261.543s)
[261.543s][info][gc,marking  ] GC(252) Concurrent Mark From Roots
[261.543s][info][gc,task     ] GC(252) Using 2 workers of 2 for marking
[261.626s][info][gc,marking  ] GC(252) Concurrent Mark From Roots 82.591ms
[261.626s][info][gc,marking  ] GC(252) Concurrent Preclean
[261.626s][info][gc,marking  ] GC(252) Concurrent Preclean 0.056ms
[261.626s][info][gc,marking  ] GC(252) Concurrent Mark (261.543s, 261.626s) 82.754ms
[261.626s][info][gc,start    ] GC(252) Pause Remark
[261.628s][info][gc          ] GC(252) Pause Remark 62M->62M(110M) 2.038ms
[261.628s][info][gc,cpu      ] GC(252) User=0.01s Sys=0.00s Real=0.01s
[261.628s][info][gc,marking  ] GC(252) Concurrent Rebuild Remembered Sets
[261.642s][info][gc,start    ] GC(253) Pause Young (Normal) (G1 Evacuation Pause)
[261.642s][info][gc,task     ] GC(253) Using 8 workers of 8 for evacuation
[261.643s][info][gc,phases   ] GC(253)   Pre Evacuate Collection Set: 0.1ms
[261.643s][info][gc,phases   ] GC(253)   Merge Heap Roots: 0.1ms
[261.643s][info][gc,phases   ] GC(253)   Evacuate Collection Set: 0.7ms
[261.643s][info][gc,phases   ] GC(253)   Post Evacuate Collection Set: 0.2ms
[261.643s][info][gc,phases   ] GC(253)   Other: 0.1ms
[261.643s][info][gc,heap     ] GC(253) Eden regions: 23->0(46)
[261.643s][info][gc,heap     ] GC(253) Survivor regions: 1->2(3)
[261.643s][info][gc,heap     ] GC(253) Old regions: 43->43
[261.643s][info][gc,heap     ] GC(253) Archive regions: 2->2
[261.643s][info][gc,heap     ] GC(253) Humongous regions: 0->0
[261.643s][info][gc,metaspace] GC(253) Metaspace: 44393K(45520K)->44393K(45520K) NonClass: 39105K(39888K)->39105K(39888K) Class: 5288K(5632K)->5288K(5632K)
[261.643s][info][gc          ] GC(253) Pause Young (Normal) (G1 Evacuation Pause) 66M->43M(110M) 1.224ms
[261.643s][info][gc,cpu      ] GC(253) User=0.00s Sys=0.01s Real=0.00s
[261.667s][info][gc,marking  ] GC(252) Concurrent Rebuild Remembered Sets 38.892ms
[261.668s][info][gc,start    ] GC(252) Pause Cleanup
[261.668s][info][gc          ] GC(252) Pause Cleanup 49M->49M(110M) 0.065ms
[261.668s][info][gc,cpu      ] GC(252) User=0.00s Sys=0.00s Real=0.00s
[261.668s][info][gc,marking  ] GC(252) Concurrent Cleanup for Next Mark
[261.668s][info][gc,marking  ] GC(252) Concurrent Cleanup for Next Mark 0.291ms
[261.668s][info][gc          ] GC(252) Concurrent Cycle 125.899ms
[261.845s][info][gc,start    ] GC(254) Pause Young (Prepare Mixed) (G1 Evacuation Pause)
[261.845s][info][gc,task     ] GC(254) Using 8 workers of 8 for evacuation
[261.846s][info][gc,phases   ] GC(254)   Pre Evacuate Collection Set: 0.0ms
[261.846s][info][gc,phases   ] GC(254)   Merge Heap Roots: 0.0ms
[261.846s][info][gc,phases   ] GC(254)   Evacuate Collection Set: 0.5ms
[261.846s][info][gc,phases   ] GC(254)   Post Evacuate Collection Set: 0.2ms
[261.846s][info][gc,phases   ] GC(254)   Other: 0.1ms
[261.846s][info][gc,heap     ] GC(254) Eden regions: 46->0(3)
[261.846s][info][gc,heap     ] GC(254) Survivor regions: 2->2(6)
[261.846s][info][gc,heap     ] GC(254) Old regions: 43->43
[261.846s][info][gc,heap     ] GC(254) Archive regions: 2->2
[261.846s][info][gc,heap     ] GC(254) Humongous regions: 0->0
[261.846s][info][gc,metaspace] GC(254) Metaspace: 44393K(45520K)->44393K(45520K) NonClass: 39105K(39888K)->39105K(39888K) Class: 5288K(5632K)->5288K(5632K)
[261.846s][info][gc          ] GC(254) Pause Young (Prepare Mixed) (G1 Evacuation Pause) 89M->44M(110M) 0.990ms
[261.846s][info][gc,cpu      ] GC(254) User=0.00s Sys=0.00s Real=0.00s
[261.856s][info][gc,start    ] GC(255) Pause Young (Mixed) (G1 Evacuation Pause)
[261.856s][info][gc,task     ] GC(255) Using 8 workers of 8 for evacuation
[261.859s][info][gc,phases   ] GC(255)   Pre Evacuate Collection Set: 0.1ms
[261.859s][info][gc,phases   ] GC(255)   Merge Heap Roots: 0.1ms
[261.859s][info][gc,phases   ] GC(255)   Evacuate Collection Set: 2.3ms
[261.859s][info][gc,phases   ] GC(255)   Post Evacuate Collection Set: 0.3ms
[261.859s][info][gc,phases   ] GC(255)   Other: 0.1ms
[261.859s][info][gc,heap     ] GC(255) Eden regions: 3->0(56)
[261.859s][info][gc,heap     ] GC(255) Survivor regions: 2->1(1)
[261.859s][info][gc,heap     ] GC(255) Old regions: 43->35
[261.859s][info][gc,heap     ] GC(255) Archive regions: 2->2
[261.859s][info][gc,heap     ] GC(255) Humongous regions: 0->0
[261.859s][info][gc,metaspace] GC(255) Metaspace: 44393K(45520K)->44393K(45520K) NonClass: 39105K(39888K)->39105K(39888K) Class: 5288K(5632K)->5288K(5632K)
[261.859s][info][gc          ] GC(255) Pause Young (Mixed) (G1 Evacuation Pause) 47M->36M(110M) 2.925ms
[261.859s][info][gc,cpu      ] GC(255) User=0.02s Sys=0.00s Real=0.01s
[262.097s][info][gc,start    ] GC(256) Pause Young (Normal) (G1 Evacuation Pause)
[262.097s][info][gc,task     ] GC(256) Using 8 workers of 8 for evacuation
[262.098s][info][gc,phases   ] GC(256)   Pre Evacuate Collection Set: 0.0ms
[262.098s][info][gc,phases   ] GC(256)   Merge Heap Roots: 0.0ms
[262.098s][info][gc,phases   ] GC(256)   Evacuate Collection Set: 0.6ms
[262.098s][info][gc,phases   ] GC(256)   Post Evacuate Collection Set: 0.2ms
[262.098s][info][gc,phases   ] GC(256)   Other: 0.1ms
[262.098s][info][gc,heap     ] GC(256) Eden regions: 56->0(57)
[262.098s][info][gc,heap     ] GC(256) Survivor regions: 1->1(8)
[262.098s][info][gc,heap     ] GC(256) Old regions: 35->35
[262.098s][info][gc,heap     ] GC(256) Archive regions: 2->2
[262.098s][info][gc,heap     ] GC(256) Humongous regions: 0->0
[262.098s][info][gc,metaspace] GC(256) Metaspace: 44397K(45520K)->44397K(45520K) NonClass: 39109K(39888K)->39109K(39888K) Class: 5288K(5632K)->5288K(5632K)
[262.098s][info][gc          ] GC(256) Pause Young (Normal) (G1 Evacuation Pause) 92M->35M(110M) 1.119ms
[262.098s][info][gc,cpu      ] GC(256) User=0.00s Sys=0.00s Real=0.01s
[262.331s][info][gc,start    ] GC(257) Pause Young (Normal) (G1 Evacuation Pause)
[262.331s][info][gc,task     ] GC(257) Using 8 workers of 8 for evacuation
[262.332s][info][gc,phases   ] GC(257)   Pre Evacuate Collection Set: 0.0ms
[262.332s][info][gc,phases   ] GC(257)   Merge Heap Roots: 0.0ms
[262.332s][info][gc,phases   ] GC(257)   Evacuate Collection Set: 0.4ms
[262.332s][info][gc,phases   ] GC(257)   Post Evacuate Collection Set: 0.2ms
[262.332s][info][gc,phases   ] GC(257)   Other: 0.1ms
[262.332s][info][gc,heap     ] GC(257) Eden regions: 57->0(57)
[262.332s][info][gc,heap     ] GC(257) Survivor regions: 1->1(8)
[262.332s][info][gc,heap     ] GC(257) Old regions: 35->35
[262.332s][info][gc,heap     ] GC(257) Archive regions: 2->2
[262.332s][info][gc,heap     ] GC(257) Humongous regions: 0->0
[262.332s][info][gc,metaspace] GC(257) Metaspace: 44397K(45520K)->44397K(45520K) NonClass: 39109K(39888K)->39109K(39888K) Class: 5288K(5632K)->5288K(5632K)
[262.332s][info][gc          ] GC(257) Pause Young (Normal) (G1 Evacuation Pause) 92M->36M(110M) 0.931ms
[262.332s][info][gc,cpu      ] GC(257) User=0.00s Sys=0.00s Real=0.00s
[262.580s][info][gc,start    ] GC(258) Pause Young (Normal) (G1 Evacuation Pause)
[262.580s][info][gc,task     ] GC(258) Using 8 workers of 8 for evacuation
[262.580s][info][gc,phases   ] GC(258)   Pre Evacuate Collection Set: 0.0ms
[262.580s][info][gc,phases   ] GC(258)   Merge Heap Roots: 0.0ms
[262.580s][info][gc,phases   ] GC(258)   Evacuate Collection Set: 0.3ms
[262.580s][info][gc,phases   ] GC(258)   Post Evacuate Collection Set: 0.2ms
[262.580s][info][gc,phases   ] GC(258)   Other: 0.1ms
[262.580s][info][gc,heap     ] GC(258) Eden regions: 57->0(58)
[262.580s][info][gc,heap     ] GC(258) Survivor regions: 1->1(8)
[262.580s][info][gc,heap     ] GC(258) Old regions: 35->35
[262.580s][info][gc,heap     ] GC(258) Archive regions: 2->2
[262.580s][info][gc,heap     ] GC(258) Humongous regions: 0->0
[262.580s][info][gc,metaspace] GC(258) Metaspace: 44397K(45520K)->44397K(45520K) NonClass: 39109K(39888K)->39109K(39888K) Class: 5288K(5632K)->5288K(5632K)
[262.580s][info][gc          ] GC(258) Pause Young (Normal) (G1 Evacuation Pause) 93M->35M(110M) 0.762ms
[262.580s][info][gc,cpu      ] GC(258) User=0.01s Sys=0.01s Real=0.00s
[262.828s][info][gc,start    ] GC(259) Pause Young (Normal) (G1 Evacuation Pause)
[262.828s][info][gc,task     ] GC(259) Using 8 workers of 8 for evacuation
[262.829s][info][gc,phases   ] GC(259)   Pre Evacuate Collection Set: 0.0ms
[262.829s][info][gc,phases   ] GC(259)   Merge Heap Roots: 0.0ms
[262.829s][info][gc,phases   ] GC(259)   Evacuate Collection Set: 0.3ms
[262.829s][info][gc,phases   ] GC(259)   Post Evacuate Collection Set: 0.2ms
[262.829s][info][gc,phases   ] GC(259)   Other: 0.1ms
[262.829s][info][gc,heap     ] GC(259) Eden regions: 58->0(58)
[262.829s][info][gc,heap     ] GC(259) Survivor regions: 1->1(8)
[262.829s][info][gc,heap     ] GC(259) Old regions: 35->35
[262.829s][info][gc,heap     ] GC(259) Archive regions: 2->2
[262.829s][info][gc,heap     ] GC(259) Humongous regions: 0->0
[262.829s][info][gc,metaspace] GC(259) Metaspace: 44397K(45520K)->44397K(45520K) NonClass: 39109K(39888K)->39109K(39888K) Class: 5288K(5632K)->5288K(5632K)
[262.829s][info][gc          ] GC(259) Pause Young (Normal) (G1 Evacuation Pause) 93M->35M(110M) 0.793ms
[262.829s][info][gc,cpu      ] GC(259) User=0.00s Sys=0.00s Real=0.00s
[263.075s][info][gc,start    ] GC(260) Pause Young (Normal) (G1 Evacuation Pause)
[263.075s][info][gc,task     ] GC(260) Using 8 workers of 8 for evacuation
[263.076s][info][gc,phases   ] GC(260)   Pre Evacuate Collection Set: 0.1ms
[263.076s][info][gc,phases   ] GC(260)   Merge Heap Roots: 0.0ms
[263.076s][info][gc,phases   ] GC(260)   Evacuate Collection Set: 0.4ms
[263.076s][info][gc,phases   ] GC(260)   Post Evacuate Collection Set: 0.2ms
[263.076s][info][gc,phases   ] GC(260)   Other: 0.2ms
[263.076s][info][gc,heap     ] GC(260) Eden regions: 58->0(59)
[263.076s][info][gc,heap     ] GC(260) Survivor regions: 1->1(8)
[263.076s][info][gc,heap     ] GC(260) Old regions: 35->35
[263.076s][info][gc,heap     ] GC(260) Archive regions: 2->2
[263.076s][info][gc,heap     ] GC(260) Humongous regions: 0->0
[263.076s][info][gc,metaspace] GC(260) Metaspace: 44397K(45520K)->44397K(45520K) NonClass: 39109K(39888K)->39109K(39888K) Class: 5288K(5632K)->5288K(5632K)
[263.076s][info][gc          ] GC(260) Pause Young (Normal) (G1 Evacuation Pause) 93M->36M(110M) 1.002ms
[263.076s][info][gc,cpu      ] GC(260) User=0.01s Sys=0.00s Real=0.00s
[263.321s][info][gc,start    ] GC(261) Pause Young (Normal) (G1 Evacuation Pause)
[263.321s][info][gc,task     ] GC(261) Using 8 workers of 8 for evacuation
[263.322s][info][gc,phases   ] GC(261)   Pre Evacuate Collection Set: 0.0ms
[263.322s][info][gc,phases   ] GC(261)   Merge Heap Roots: 0.0ms
[263.322s][info][gc,phases   ] GC(261)   Evacuate Collection Set: 0.3ms
[263.322s][info][gc,phases   ] GC(261)   Post Evacuate Collection Set: 0.2ms
[263.322s][info][gc,phases   ] GC(261)   Other: 0.1ms
[263.322s][info][gc,heap     ] GC(261) Eden regions: 59->0(59)
[263.322s][info][gc,heap     ] GC(261) Survivor regions: 1->1(8)
[263.322s][info][gc,heap     ] GC(261) Old regions: 35->35
[263.322s][info][gc,heap     ] GC(261) Archive regions: 2->2
[263.322s][info][gc,heap     ] GC(261) Humongous regions: 0->0
[263.322s][info][gc,metaspace] GC(261) Metaspace: 44397K(45520K)->44397K(45520K) NonClass: 39109K(39888K)->39109K(39888K) Class: 5288K(5632K)->5288K(5632K)
[263.322s][info][gc          ] GC(261) Pause Young (Normal) (G1 Evacuation Pause) 95M->35M(110M) 0.774ms
[263.322s][info][gc,cpu      ] GC(261) User=0.00s Sys=0.00s Real=0.00s
[263.555s][info][gc,start    ] GC(262) Pause Young (Normal) (G1 Evacuation Pause)
[263.555s][info][gc,task     ] GC(262) Using 8 workers of 8 for evacuation
[263.555s][info][gc,phases   ] GC(262)   Pre Evacuate Collection Set: 0.0ms
[263.555s][info][gc,phases   ] GC(262)   Merge Heap Roots: 0.0ms
[263.555s][info][gc,phases   ] GC(262)   Evacuate Collection Set: 0.4ms
[263.555s][info][gc,phases   ] GC(262)   Post Evacuate Collection Set: 0.2ms
[263.555s][info][gc,phases   ] GC(262)   Other: 0.1ms
[263.555s][info][gc,heap     ] GC(262) Eden regions: 59->0(59)
[263.555s][info][gc,heap     ] GC(262) Survivor regions: 1->1(8)
[263.555s][info][gc,heap     ] GC(262) Old regions: 35->35
[263.555s][info][gc,heap     ] GC(262) Archive regions: 2->2
[263.555s][info][gc,heap     ] GC(262) Humongous regions: 0->0
[263.555s][info][gc,metaspace] GC(262) Metaspace: 44397K(45520K)->44397K(45520K) NonClass: 39109K(39888K)->39109K(39888K) Class: 5288K(5632K)->5288K(5632K)
[263.555s][info][gc          ] GC(262) Pause Young (Normal) (G1 Evacuation Pause) 94M->36M(110M) 0.818ms
[263.555s][info][gc,cpu      ] GC(262) User=0.00s Sys=0.01s Real=0.00s
[263.805s][info][gc,start    ] GC(263) Pause Young (Normal) (G1 Evacuation Pause)
[263.805s][info][gc,task     ] GC(263) Using 8 workers of 8 for evacuation
[263.806s][info][gc,phases   ] GC(263)   Pre Evacuate Collection Set: 0.0ms
[263.806s][info][gc,phases   ] GC(263)   Merge Heap Roots: 0.0ms
[263.806s][info][gc,phases   ] GC(263)   Evacuate Collection Set: 0.4ms
[263.806s][info][gc,phases   ] GC(263)   Post Evacuate Collection Set: 0.2ms
[263.806s][info][gc,phases   ] GC(263)   Other: 0.1ms
[263.806s][info][gc,heap     ] GC(263) Eden regions: 59->0(59)
[263.806s][info][gc,heap     ] GC(263) Survivor regions: 1->1(8)
[263.806s][info][gc,heap     ] GC(263) Old regions: 35->35
[263.806s][info][gc,heap     ] GC(263) Archive regions: 2->2
[263.806s][info][gc,heap     ] GC(263) Humongous regions: 0->0
[263.806s][info][gc,metaspace] GC(263) Metaspace: 44397K(45520K)->44397K(45520K) NonClass: 39109K(39888K)->39109K(39888K) Class: 5288K(5632K)->5288K(5632K)
[263.806s][info][gc          ] GC(263) Pause Young (Normal) (G1 Evacuation Pause) 95M->36M(110M) 0.858ms
[263.806s][info][gc,cpu      ] GC(263) User=0.00s Sys=0.00s Real=0.00s
[264.092s][info][gc,start    ] GC(264) Pause Young (Normal) (G1 Evacuation Pause)
[264.092s][info][gc,task     ] GC(264) Using 8 workers of 8 for evacuation
[264.093s][info][gc,phases   ] GC(264)   Pre Evacuate Collection Set: 0.0ms
[264.093s][info][gc,phases   ] GC(264)   Merge Heap Roots: 0.0ms
[264.093s][info][gc,phases   ] GC(264)   Evacuate Collection Set: 0.3ms
[264.093s][info][gc,phases   ] GC(264)   Post Evacuate Collection Set: 0.2ms
[264.093s][info][gc,phases   ] GC(264)   Other: 0.1ms
[264.093s][info][gc,heap     ] GC(264) Eden regions: 59->0(60)
[264.093s][info][gc,heap     ] GC(264) Survivor regions: 1->1(8)
[264.093s][info][gc,heap     ] GC(264) Old regions: 35->35
[264.093s][info][gc,heap     ] GC(264) Archive regions: 2->2
[264.093s][info][gc,heap     ] GC(264) Humongous regions: 0->0
[264.093s][info][gc,metaspace] GC(264) Metaspace: 44397K(45520K)->44397K(45520K) NonClass: 39109K(39888K)->39109K(39888K) Class: 5288K(5632K)->5288K(5632K)
[264.093s][info][gc          ] GC(264) Pause Young (Normal) (G1 Evacuation Pause) 95M->36M(110M) 0.789ms
[264.093s][info][gc,cpu      ] GC(264) User=0.00s Sys=0.00s Real=0.00s
[264.447s][info][gc,start    ] GC(265) Pause Young (Normal) (G1 Evacuation Pause)
[264.447s][info][gc,task     ] GC(265) Using 8 workers of 8 for evacuation
[264.448s][info][gc,phases   ] GC(265)   Pre Evacuate Collection Set: 0.1ms
[264.448s][info][gc,phases   ] GC(265)   Merge Heap Roots: 0.0ms
[264.448s][info][gc,phases   ] GC(265)   Evacuate Collection Set: 0.5ms
[264.448s][info][gc,phases   ] GC(265)   Post Evacuate Collection Set: 0.2ms
[264.448s][info][gc,phases   ] GC(265)   Other: 0.2ms
[264.448s][info][gc,heap     ] GC(265) Eden regions: 60->0(58)
[264.448s][info][gc,heap     ] GC(265) Survivor regions: 1->2(8)
[264.448s][info][gc,heap     ] GC(265) Old regions: 35->35
[264.448s][info][gc,heap     ] GC(265) Archive regions: 2->2
[264.448s][info][gc,heap     ] GC(265) Humongous regions: 0->0
[264.448s][info][gc,metaspace] GC(265) Metaspace: 44401K(45520K)->44401K(45520K) NonClass: 39113K(39888K)->39113K(39888K) Class: 5288K(5632K)->5288K(5632K)
[264.448s][info][gc          ] GC(265) Pause Young (Normal) (G1 Evacuation Pause) 96M->36M(110M) 1.031ms
[264.448s][info][gc,cpu      ] GC(265) User=0.01s Sys=0.00s Real=0.01s
[264.706s][info][gc,start    ] GC(266) Pause Young (Normal) (G1 Evacuation Pause)
[264.706s][info][gc,task     ] GC(266) Using 8 workers of 8 for evacuation
[264.707s][info][gc,phases   ] GC(266)   Pre Evacuate Collection Set: 0.0ms
[264.707s][info][gc,phases   ] GC(266)   Merge Heap Roots: 0.0ms
[264.707s][info][gc,phases   ] GC(266)   Evacuate Collection Set: 0.5ms
[264.707s][info][gc,phases   ] GC(266)   Post Evacuate Collection Set: 0.2ms
[264.707s][info][gc,phases   ] GC(266)   Other: 0.2ms
[264.707s][info][gc,heap     ] GC(266) Eden regions: 58->0(58)
[264.707s][info][gc,heap     ] GC(266) Survivor regions: 2->2(8)
[264.707s][info][gc,heap     ] GC(266) Old regions: 35->35
[264.707s][info][gc,heap     ] GC(266) Archive regions: 2->2
[264.707s][info][gc,heap     ] GC(266) Humongous regions: 0->0
[264.707s][info][gc,metaspace] GC(266) Metaspace: 44402K(45520K)->44402K(45520K) NonClass: 39114K(39888K)->39114K(39888K) Class: 5288K(5632K)->5288K(5632K)
[264.707s][info][gc          ] GC(266) Pause Young (Normal) (G1 Evacuation Pause) 94M->36M(110M) 1.181ms
[264.708s][info][gc,cpu      ] GC(266) User=0.00s Sys=0.00s Real=0.00s
[264.957s][info][gc,start    ] GC(267) Pause Young (Normal) (G1 Evacuation Pause)
[264.957s][info][gc,task     ] GC(267) Using 8 workers of 8 for evacuation
[264.958s][info][gc,phases   ] GC(267)   Pre Evacuate Collection Set: 0.0ms
[264.958s][info][gc,phases   ] GC(267)   Merge Heap Roots: 0.0ms
[264.958s][info][gc,phases   ] GC(267)   Evacuate Collection Set: 0.5ms
[264.958s][info][gc,phases   ] GC(267)   Post Evacuate Collection Set: 0.2ms
[264.958s][info][gc,phases   ] GC(267)   Other: 0.1ms
[264.958s][info][gc,heap     ] GC(267) Eden regions: 58->0(58)
[264.958s][info][gc,heap     ] GC(267) Survivor regions: 2->2(8)
[264.958s][info][gc,heap     ] GC(267) Old regions: 35->35
[264.958s][info][gc,heap     ] GC(267) Archive regions: 2->2
[264.958s][info][gc,heap     ] GC(267) Humongous regions: 0->0
[264.958s][info][gc,metaspace] GC(267) Metaspace: 44402K(45520K)->44402K(45520K) NonClass: 39114K(39888K)->39114K(39888K) Class: 5288K(5632K)->5288K(5632K)
[264.958s][info][gc          ] GC(267) Pause Young (Normal) (G1 Evacuation Pause) 94M->37M(110M) 0.967ms
[264.958s][info][gc,cpu      ] GC(267) User=0.00s Sys=0.00s Real=0.01s
[265.216s][info][gc,start    ] GC(268) Pause Young (Normal) (G1 Evacuation Pause)
[265.216s][info][gc,task     ] GC(268) Using 8 workers of 8 for evacuation
[265.217s][info][gc,phases   ] GC(268)   Pre Evacuate Collection Set: 0.1ms
[265.217s][info][gc,phases   ] GC(268)   Merge Heap Roots: 0.1ms
[265.217s][info][gc,phases   ] GC(268)   Evacuate Collection Set: 0.5ms
[265.217s][info][gc,phases   ] GC(268)   Post Evacuate Collection Set: 0.2ms
[265.217s][info][gc,phases   ] GC(268)   Other: 0.2ms
[265.217s][info][gc,heap     ] GC(268) Eden regions: 58->0(58)
[265.217s][info][gc,heap     ] GC(268) Survivor regions: 2->2(8)
[265.217s][info][gc,heap     ] GC(268) Old regions: 35->35
[265.217s][info][gc,heap     ] GC(268) Archive regions: 2->2
[265.217s][info][gc,heap     ] GC(268) Humongous regions: 0->0
[265.217s][info][gc,metaspace] GC(268) Metaspace: 44402K(45520K)->44402K(45520K) NonClass: 39114K(39888K)->39114K(39888K) Class: 5288K(5632K)->5288K(5632K)
[265.217s][info][gc          ] GC(268) Pause Young (Normal) (G1 Evacuation Pause) 95M->37M(110M) 1.082ms
[265.217s][info][gc,cpu      ] GC(268) User=0.00s Sys=0.00s Real=0.00s
[265.450s][info][gc,start    ] GC(269) Pause Young (Normal) (G1 Evacuation Pause)
[265.450s][info][gc,task     ] GC(269) Using 8 workers of 8 for evacuation
[265.451s][info][gc,phases   ] GC(269)   Pre Evacuate Collection Set: 0.0ms
[265.451s][info][gc,phases   ] GC(269)   Merge Heap Roots: 0.0ms
[265.451s][info][gc,phases   ] GC(269)   Evacuate Collection Set: 0.5ms
[265.451s][info][gc,phases   ] GC(269)   Post Evacuate Collection Set: 0.2ms
[265.451s][info][gc,phases   ] GC(269)   Other: 0.1ms
[265.451s][info][gc,heap     ] GC(269) Eden regions: 58->0(58)
[265.451s][info][gc,heap     ] GC(269) Survivor regions: 2->2(8)
[265.451s][info][gc,heap     ] GC(269) Old regions: 35->35
[265.451s][info][gc,heap     ] GC(269) Archive regions: 2->2
[265.451s][info][gc,heap     ] GC(269) Humongous regions: 0->0
[265.451s][info][gc,metaspace] GC(269) Metaspace: 44402K(45520K)->44402K(45520K) NonClass: 39114K(39888K)->39114K(39888K) Class: 5288K(5632K)->5288K(5632K)
[265.451s][info][gc          ] GC(269) Pause Young (Normal) (G1 Evacuation Pause) 95M->37M(110M) 0.966ms
[265.451s][info][gc,cpu      ] GC(269) User=0.01s Sys=0.01s Real=0.00s
[265.699s][info][gc,start    ] GC(270) Pause Young (Normal) (G1 Evacuation Pause)
[265.699s][info][gc,task     ] GC(270) Using 8 workers of 8 for evacuation
[265.700s][info][gc,phases   ] GC(270)   Pre Evacuate Collection Set: 0.1ms
[265.700s][info][gc,phases   ] GC(270)   Merge Heap Roots: 0.0ms
[265.700s][info][gc,phases   ] GC(270)   Evacuate Collection Set: 0.5ms
[265.700s][info][gc,phases   ] GC(270)   Post Evacuate Collection Set: 0.2ms
[265.700s][info][gc,phases   ] GC(270)   Other: 0.2ms
[265.700s][info][gc,heap     ] GC(270) Eden regions: 58->0(57)
[265.700s][info][gc,heap     ] GC(270) Survivor regions: 2->2(8)
[265.700s][info][gc,heap     ] GC(270) Old regions: 35->36
[265.700s][info][gc,heap     ] GC(270) Archive regions: 2->2
[265.700s][info][gc,heap     ] GC(270) Humongous regions: 0->0
[265.700s][info][gc,metaspace] GC(270) Metaspace: 44402K(45520K)->44402K(45520K) NonClass: 39114K(39888K)->39114K(39888K) Class: 5288K(5632K)->5288K(5632K)
[265.700s][info][gc          ] GC(270) Pause Young (Normal) (G1 Evacuation Pause) 95M->36M(110M) 1.110ms
[265.700s][info][gc,cpu      ] GC(270) User=0.00s Sys=0.00s Real=0.00s
[265.957s][info][gc,start    ] GC(271) Pause Young (Normal) (G1 Evacuation Pause)
[265.957s][info][gc,task     ] GC(271) Using 8 workers of 8 for evacuation
[265.958s][info][gc,phases   ] GC(271)   Pre Evacuate Collection Set: 0.0ms
[265.958s][info][gc,phases   ] GC(271)   Merge Heap Roots: 0.0ms
[265.958s][info][gc,phases   ] GC(271)   Evacuate Collection Set: 0.5ms
[265.958s][info][gc,phases   ] GC(271)   Post Evacuate Collection Set: 0.2ms
[265.958s][info][gc,phases   ] GC(271)   Other: 0.1ms
[265.958s][info][gc,heap     ] GC(271) Eden regions: 57->0(57)
[265.958s][info][gc,heap     ] GC(271) Survivor regions: 2->2(8)
[265.958s][info][gc,heap     ] GC(271) Old regions: 36->36
[265.958s][info][gc,heap     ] GC(271) Archive regions: 2->2
[265.958s][info][gc,heap     ] GC(271) Humongous regions: 0->0
[265.958s][info][gc,metaspace] GC(271) Metaspace: 44402K(45520K)->44402K(45520K) NonClass: 39114K(39888K)->39114K(39888K) Class: 5288K(5632K)->5288K(5632K)
[265.958s][info][gc          ] GC(271) Pause Young (Normal) (G1 Evacuation Pause) 93M->37M(110M) 0.970ms
[265.958s][info][gc,cpu      ] GC(271) User=0.00s Sys=0.00s Real=0.01s
[266.218s][info][gc,start    ] GC(272) Pause Young (Normal) (G1 Evacuation Pause)
[266.218s][info][gc,task     ] GC(272) Using 8 workers of 8 for evacuation
[266.219s][info][gc,phases   ] GC(272)   Pre Evacuate Collection Set: 0.0ms
[266.219s][info][gc,phases   ] GC(272)   Merge Heap Roots: 0.0ms
[266.219s][info][gc,phases   ] GC(272)   Evacuate Collection Set: 0.4ms
[266.219s][info][gc,phases   ] GC(272)   Post Evacuate Collection Set: 0.2ms
[266.219s][info][gc,phases   ] GC(272)   Other: 0.1ms
[266.219s][info][gc,heap     ] GC(272) Eden regions: 57->0(57)
[266.219s][info][gc,heap     ] GC(272) Survivor regions: 2->2(8)
[266.219s][info][gc,heap     ] GC(272) Old regions: 36->36
[266.219s][info][gc,heap     ] GC(272) Archive regions: 2->2
[266.219s][info][gc,heap     ] GC(272) Humongous regions: 0->0
[266.219s][info][gc,metaspace] GC(272) Metaspace: 44403K(45520K)->44403K(45520K) NonClass: 39115K(39888K)->39115K(39888K) Class: 5288K(5632K)->5288K(5632K)
[266.219s][info][gc          ] GC(272) Pause Young (Normal) (G1 Evacuation Pause) 94M->37M(110M) 0.907ms
[266.219s][info][gc,cpu      ] GC(272) User=0.00s Sys=0.00s Real=0.01s
[266.459s][info][gc,start    ] GC(273) Pause Young (Normal) (G1 Evacuation Pause)
[266.459s][info][gc,task     ] GC(273) Using 8 workers of 8 for evacuation
[266.460s][info][gc,phases   ] GC(273)   Pre Evacuate Collection Set: 0.0ms
[266.460s][info][gc,phases   ] GC(273)   Merge Heap Roots: 0.0ms
[266.460s][info][gc,phases   ] GC(273)   Evacuate Collection Set: 0.4ms
[266.460s][info][gc,phases   ] GC(273)   Post Evacuate Collection Set: 0.2ms
[266.460s][info][gc,phases   ] GC(273)   Other: 0.1ms
[266.460s][info][gc,heap     ] GC(273) Eden regions: 57->0(57)
[266.460s][info][gc,heap     ] GC(273) Survivor regions: 2->2(8)
[266.460s][info][gc,heap     ] GC(273) Old regions: 36->36
[266.460s][info][gc,heap     ] GC(273) Archive regions: 2->2
[266.460s][info][gc,heap     ] GC(273) Humongous regions: 0->0
[266.460s][info][gc,metaspace] GC(273) Metaspace: 44403K(45520K)->44403K(45520K) NonClass: 39115K(39888K)->39115K(39888K) Class: 5288K(5632K)->5288K(5632K)
[266.460s][info][gc          ] GC(273) Pause Young (Normal) (G1 Evacuation Pause) 94M->37M(110M) 0.879ms
[266.460s][info][gc,cpu      ] GC(273) User=0.01s Sys=0.00s Real=0.00s
[266.696s][info][gc,start    ] GC(274) Pause Young (Normal) (G1 Evacuation Pause)
[266.696s][info][gc,task     ] GC(274) Using 8 workers of 8 for evacuation
[266.697s][info][gc,phases   ] GC(274)   Pre Evacuate Collection Set: 0.0ms
[266.697s][info][gc,phases   ] GC(274)   Merge Heap Roots: 0.0ms
[266.697s][info][gc,phases   ] GC(274)   Evacuate Collection Set: 0.5ms
[266.697s][info][gc,phases   ] GC(274)   Post Evacuate Collection Set: 0.2ms
[266.697s][info][gc,phases   ] GC(274)   Other: 0.1ms
[266.697s][info][gc,heap     ] GC(274) Eden regions: 57->0(57)
[266.697s][info][gc,heap     ] GC(274) Survivor regions: 2->2(8)
[266.697s][info][gc,heap     ] GC(274) Old regions: 36->36
[266.697s][info][gc,heap     ] GC(274) Archive regions: 2->2
[266.697s][info][gc,heap     ] GC(274) Humongous regions: 0->0
[266.697s][info][gc,metaspace] GC(274) Metaspace: 44403K(45520K)->44403K(45520K) NonClass: 39115K(39888K)->39115K(39888K) Class: 5288K(5632K)->5288K(5632K)
[266.697s][info][gc          ] GC(274) Pause Young (Normal) (G1 Evacuation Pause) 94M->37M(110M) 1.021ms
[266.697s][info][gc,cpu      ] GC(274) User=0.01s Sys=0.00s Real=0.00s
[266.922s][info][gc,start    ] GC(275) Pause Young (Normal) (G1 Evacuation Pause)
[266.922s][info][gc,task     ] GC(275) Using 8 workers of 8 for evacuation
[266.923s][info][gc,phases   ] GC(275)   Pre Evacuate Collection Set: 0.0ms
[266.923s][info][gc,phases   ] GC(275)   Merge Heap Roots: 0.0ms
[266.923s][info][gc,phases   ] GC(275)   Evacuate Collection Set: 0.4ms
[266.923s][info][gc,phases   ] GC(275)   Post Evacuate Collection Set: 0.2ms
[266.923s][info][gc,phases   ] GC(275)   Other: 0.1ms
[266.923s][info][gc,heap     ] GC(275) Eden regions: 57->0(57)
[266.923s][info][gc,heap     ] GC(275) Survivor regions: 2->2(8)
[266.923s][info][gc,heap     ] GC(275) Old regions: 36->36
[266.923s][info][gc,heap     ] GC(275) Archive regions: 2->2
[266.923s][info][gc,heap     ] GC(275) Humongous regions: 0->0
[266.923s][info][gc,metaspace] GC(275) Metaspace: 44403K(45520K)->44403K(45520K) NonClass: 39115K(39888K)->39115K(39888K) Class: 5288K(5632K)->5288K(5632K)
[266.923s][info][gc          ] GC(275) Pause Young (Normal) (G1 Evacuation Pause) 94M->37M(110M) 0.897ms
[266.923s][info][gc,cpu      ] GC(275) User=0.00s Sys=0.00s Real=0.00s
[267.180s][info][gc,start    ] GC(276) Pause Young (Normal) (G1 Evacuation Pause)
[267.180s][info][gc,task     ] GC(276) Using 8 workers of 8 for evacuation
[267.181s][info][gc,phases   ] GC(276)   Pre Evacuate Collection Set: 0.1ms
[267.181s][info][gc,phases   ] GC(276)   Merge Heap Roots: 0.0ms
[267.181s][info][gc,phases   ] GC(276)   Evacuate Collection Set: 0.6ms
[267.181s][info][gc,phases   ] GC(276)   Post Evacuate Collection Set: 0.2ms
[267.181s][info][gc,phases   ] GC(276)   Other: 0.2ms
[267.181s][info][gc,heap     ] GC(276) Eden regions: 57->0(57)
[267.181s][info][gc,heap     ] GC(276) Survivor regions: 2->2(8)
[267.181s][info][gc,heap     ] GC(276) Old regions: 36->36
[267.181s][info][gc,heap     ] GC(276) Archive regions: 2->2
[267.181s][info][gc,heap     ] GC(276) Humongous regions: 0->0
[267.181s][info][gc,metaspace] GC(276) Metaspace: 44406K(45520K)->44406K(45520K) NonClass: 39118K(39888K)->39118K(39888K) Class: 5288K(5632K)->5288K(5632K)
[267.181s][info][gc          ] GC(276) Pause Young (Normal) (G1 Evacuation Pause) 94M->37M(110M) 1.109ms
[267.181s][info][gc,cpu      ] GC(276) User=0.00s Sys=0.00s Real=0.00s
[267.411s][info][gc,start    ] GC(277) Pause Young (Normal) (G1 Evacuation Pause)
[267.411s][info][gc,task     ] GC(277) Using 8 workers of 8 for evacuation
[267.412s][info][gc,phases   ] GC(277)   Pre Evacuate Collection Set: 0.0ms
[267.412s][info][gc,phases   ] GC(277)   Merge Heap Roots: 0.0ms
[267.412s][info][gc,phases   ] GC(277)   Evacuate Collection Set: 0.4ms
[267.412s][info][gc,phases   ] GC(277)   Post Evacuate Collection Set: 0.2ms
[267.412s][info][gc,phases   ] GC(277)   Other: 0.1ms
[267.412s][info][gc,heap     ] GC(277) Eden regions: 57->0(57)
[267.412s][info][gc,heap     ] GC(277) Survivor regions: 2->2(8)
[267.412s][info][gc,heap     ] GC(277) Old regions: 36->36
[267.412s][info][gc,heap     ] GC(277) Archive regions: 2->2
[267.412s][info][gc,heap     ] GC(277) Humongous regions: 0->0
[267.412s][info][gc,metaspace] GC(277) Metaspace: 44406K(45520K)->44406K(45520K) NonClass: 39118K(39888K)->39118K(39888K) Class: 5288K(5632K)->5288K(5632K)
[267.412s][info][gc          ] GC(277) Pause Young (Normal) (G1 Evacuation Pause) 94M->37M(110M) 0.931ms
[267.412s][info][gc,cpu      ] GC(277) User=0.01s Sys=0.00s Real=0.00s
[267.654s][info][gc,start    ] GC(278) Pause Young (Normal) (G1 Evacuation Pause)
[267.654s][info][gc,task     ] GC(278) Using 8 workers of 8 for evacuation
[267.655s][info][gc,phases   ] GC(278)   Pre Evacuate Collection Set: 0.0ms
[267.655s][info][gc,phases   ] GC(278)   Merge Heap Roots: 0.0ms
[267.655s][info][gc,phases   ] GC(278)   Evacuate Collection Set: 0.4ms
[267.655s][info][gc,phases   ] GC(278)   Post Evacuate Collection Set: 0.2ms
[267.655s][info][gc,phases   ] GC(278)   Other: 0.1ms
[267.655s][info][gc,heap     ] GC(278) Eden regions: 57->0(57)
[267.655s][info][gc,heap     ] GC(278) Survivor regions: 2->2(8)
[267.655s][info][gc,heap     ] GC(278) Old regions: 36->36
[267.655s][info][gc,heap     ] GC(278) Archive regions: 2->2
[267.655s][info][gc,heap     ] GC(278) Humongous regions: 0->0
[267.655s][info][gc,metaspace] GC(278) Metaspace: 44406K(45520K)->44406K(45520K) NonClass: 39118K(39888K)->39118K(39888K) Class: 5288K(5632K)->5288K(5632K)
[267.655s][info][gc          ] GC(278) Pause Young (Normal) (G1 Evacuation Pause) 94M->37M(110M) 0.830ms
[267.655s][info][gc,cpu      ] GC(278) User=0.00s Sys=0.00s Real=0.00s
[267.912s][info][gc,start    ] GC(279) Pause Young (Normal) (G1 Evacuation Pause)
[267.912s][info][gc,task     ] GC(279) Using 8 workers of 8 for evacuation
[267.912s][info][gc,phases   ] GC(279)   Pre Evacuate Collection Set: 0.0ms
[267.913s][info][gc,phases   ] GC(279)   Merge Heap Roots: 0.0ms
[267.913s][info][gc,phases   ] GC(279)   Evacuate Collection Set: 0.4ms
[267.913s][info][gc,phases   ] GC(279)   Post Evacuate Collection Set: 0.2ms
[267.913s][info][gc,phases   ] GC(279)   Other: 0.1ms
[267.913s][info][gc,heap     ] GC(279) Eden regions: 57->0(57)
[267.913s][info][gc,heap     ] GC(279) Survivor regions: 2->2(8)
[267.913s][info][gc,heap     ] GC(279) Old regions: 36->36
[267.913s][info][gc,heap     ] GC(279) Archive regions: 2->2
[267.913s][info][gc,heap     ] GC(279) Humongous regions: 0->0
[267.913s][info][gc,metaspace] GC(279) Metaspace: 44406K(45520K)->44406K(45520K) NonClass: 39118K(39888K)->39118K(39888K) Class: 5288K(5632K)->5288K(5632K)
[267.913s][info][gc          ] GC(279) Pause Young (Normal) (G1 Evacuation Pause) 94M->37M(110M) 0.885ms
[267.913s][info][gc,cpu      ] GC(279) User=0.00s Sys=0.00s Real=0.00s
[268.170s][info][gc,start    ] GC(280) Pause Young (Normal) (G1 Evacuation Pause)
[268.170s][info][gc,task     ] GC(280) Using 8 workers of 8 for evacuation
[268.171s][info][gc,phases   ] GC(280)   Pre Evacuate Collection Set: 0.0ms
[268.171s][info][gc,phases   ] GC(280)   Merge Heap Roots: 0.0ms
[268.171s][info][gc,phases   ] GC(280)   Evacuate Collection Set: 0.7ms
[268.171s][info][gc,phases   ] GC(280)   Post Evacuate Collection Set: 0.2ms
[268.171s][info][gc,phases   ] GC(280)   Other: 0.2ms
[268.171s][info][gc,heap     ] GC(280) Eden regions: 57->0(59)
[268.171s][info][gc,heap     ] GC(280) Survivor regions: 2->1(8)
[268.171s][info][gc,heap     ] GC(280) Old regions: 36->36
[268.171s][info][gc,heap     ] GC(280) Archive regions: 2->2
[268.171s][info][gc,heap     ] GC(280) Humongous regions: 0->0
[268.171s][info][gc,metaspace] GC(280) Metaspace: 44406K(45520K)->44406K(45520K) NonClass: 39118K(39888K)->39118K(39888K) Class: 5288K(5632K)->5288K(5632K)
[268.171s][info][gc          ] GC(280) Pause Young (Normal) (G1 Evacuation Pause) 94M->37M(110M) 1.134ms
[268.171s][info][gc,cpu      ] GC(280) User=0.01s Sys=0.00s Real=0.00s
[268.414s][info][gc,start    ] GC(281) Pause Young (Normal) (G1 Evacuation Pause)
[268.414s][info][gc,task     ] GC(281) Using 8 workers of 8 for evacuation
[268.414s][info][gc,phases   ] GC(281)   Pre Evacuate Collection Set: 0.0ms
[268.414s][info][gc,phases   ] GC(281)   Merge Heap Roots: 0.0ms
[268.414s][info][gc,phases   ] GC(281)   Evacuate Collection Set: 0.3ms
[268.414s][info][gc,phases   ] GC(281)   Post Evacuate Collection Set: 0.2ms
[268.414s][info][gc,phases   ] GC(281)   Other: 0.1ms
[268.414s][info][gc,heap     ] GC(281) Eden regions: 59->0(59)
[268.414s][info][gc,heap     ] GC(281) Survivor regions: 1->1(8)
[268.414s][info][gc,heap     ] GC(281) Old regions: 36->36
[268.414s][info][gc,heap     ] GC(281) Archive regions: 2->2
[268.414s][info][gc,heap     ] GC(281) Humongous regions: 0->0
[268.414s][info][gc,metaspace] GC(281) Metaspace: 44406K(45520K)->44406K(45520K) NonClass: 39118K(39888K)->39118K(39888K) Class: 5288K(5632K)->5288K(5632K)
[268.414s][info][gc          ] GC(281) Pause Young (Normal) (G1 Evacuation Pause) 96M->37M(110M) 0.767ms
[268.414s][info][gc,cpu      ] GC(281) User=0.00s Sys=0.00s Real=0.00s
[268.674s][info][gc,start    ] GC(282) Pause Young (Normal) (G1 Evacuation Pause)
[268.674s][info][gc,task     ] GC(282) Using 8 workers of 8 for evacuation
[268.674s][info][gc,phases   ] GC(282)   Pre Evacuate Collection Set: 0.0ms
[268.674s][info][gc,phases   ] GC(282)   Merge Heap Roots: 0.0ms
[268.674s][info][gc,phases   ] GC(282)   Evacuate Collection Set: 0.3ms
[268.674s][info][gc,phases   ] GC(282)   Post Evacuate Collection Set: 0.2ms
[268.674s][info][gc,phases   ] GC(282)   Other: 0.1ms
[268.674s][info][gc,heap     ] GC(282) Eden regions: 59->0(58)
[268.674s][info][gc,heap     ] GC(282) Survivor regions: 1->1(8)
[268.674s][info][gc,heap     ] GC(282) Old regions: 36->37
[268.674s][info][gc,heap     ] GC(282) Archive regions: 2->2
[268.674s][info][gc,heap     ] GC(282) Humongous regions: 0->0
[268.675s][info][gc,metaspace] GC(282) Metaspace: 44406K(45520K)->44406K(45520K) NonClass: 39118K(39888K)->39118K(39888K) Class: 5288K(5632K)->5288K(5632K)
[268.675s][info][gc          ] GC(282) Pause Young (Normal) (G1 Evacuation Pause) 96M->37M(110M) 0.823ms
[268.675s][info][gc,cpu      ] GC(282) User=0.00s Sys=0.00s Real=0.00s
[268.917s][info][gc,start    ] GC(283) Pause Young (Normal) (G1 Evacuation Pause)
[268.917s][info][gc,task     ] GC(283) Using 8 workers of 8 for evacuation
[268.918s][info][gc,phases   ] GC(283)   Pre Evacuate Collection Set: 0.1ms
[268.918s][info][gc,phases   ] GC(283)   Merge Heap Roots: 0.0ms
[268.918s][info][gc,phases   ] GC(283)   Evacuate Collection Set: 0.3ms
[268.918s][info][gc,phases   ] GC(283)   Post Evacuate Collection Set: 0.2ms
[268.918s][info][gc,phases   ] GC(283)   Other: 0.1ms
[268.918s][info][gc,heap     ] GC(283) Eden regions: 58->0(58)
[268.918s][info][gc,heap     ] GC(283) Survivor regions: 1->1(8)
[268.918s][info][gc,heap     ] GC(283) Old regions: 37->37
[268.918s][info][gc,heap     ] GC(283) Archive regions: 2->2
[268.918s][info][gc,heap     ] GC(283) Humongous regions: 0->0
[268.918s][info][gc,metaspace] GC(283) Metaspace: 44408K(45520K)->44408K(45520K) NonClass: 39120K(39888K)->39120K(39888K) Class: 5288K(5632K)->5288K(5632K)
[268.918s][info][gc          ] GC(283) Pause Young (Normal) (G1 Evacuation Pause) 95M->37M(110M) 0.757ms
[268.918s][info][gc,cpu      ] GC(283) User=0.00s Sys=0.00s Real=0.01s
[269.220s][info][gc,start    ] GC(284) Pause Young (Normal) (G1 Evacuation Pause)
[269.220s][info][gc,task     ] GC(284) Using 8 workers of 8 for evacuation
[269.221s][info][gc,phases   ] GC(284)   Pre Evacuate Collection Set: 0.0ms
[269.221s][info][gc,phases   ] GC(284)   Merge Heap Roots: 0.0ms
[269.221s][info][gc,phases   ] GC(284)   Evacuate Collection Set: 0.4ms
[269.221s][info][gc,phases   ] GC(284)   Post Evacuate Collection Set: 0.2ms
[269.221s][info][gc,phases   ] GC(284)   Other: 0.1ms
[269.221s][info][gc,heap     ] GC(284) Eden regions: 58->0(58)
[269.221s][info][gc,heap     ] GC(284) Survivor regions: 1->1(8)
[269.221s][info][gc,heap     ] GC(284) Old regions: 37->37
[269.221s][info][gc,heap     ] GC(284) Archive regions: 2->2
[269.221s][info][gc,heap     ] GC(284) Humongous regions: 0->0
[269.221s][info][gc,metaspace] GC(284) Metaspace: 44412K(45520K)->44412K(45520K) NonClass: 39124K(39888K)->39124K(39888K) Class: 5288K(5632K)->5288K(5632K)
[269.221s][info][gc          ] GC(284) Pause Young (Normal) (G1 Evacuation Pause) 95M->37M(110M) 0.877ms
[269.221s][info][gc,cpu      ] GC(284) User=0.01s Sys=0.00s Real=0.00s
[269.588s][info][gc,start    ] GC(285) Pause Young (Normal) (G1 Evacuation Pause)
[269.588s][info][gc,task     ] GC(285) Using 8 workers of 8 for evacuation
[269.589s][info][gc,phases   ] GC(285)   Pre Evacuate Collection Set: 0.1ms
[269.589s][info][gc,phases   ] GC(285)   Merge Heap Roots: 0.0ms
[269.589s][info][gc,phases   ] GC(285)   Evacuate Collection Set: 0.4ms
[269.589s][info][gc,phases   ] GC(285)   Post Evacuate Collection Set: 0.2ms
[269.589s][info][gc,phases   ] GC(285)   Other: 0.1ms
[269.589s][info][gc,heap     ] GC(285) Eden regions: 58->0(58)
[269.589s][info][gc,heap     ] GC(285) Survivor regions: 1->1(8)
[269.589s][info][gc,heap     ] GC(285) Old regions: 37->37
[269.589s][info][gc,heap     ] GC(285) Archive regions: 2->2
[269.589s][info][gc,heap     ] GC(285) Humongous regions: 0->0
[269.589s][info][gc,metaspace] GC(285) Metaspace: 44412K(45520K)->44412K(45520K) NonClass: 39124K(39888K)->39124K(39888K) Class: 5288K(5632K)->5288K(5632K)
[269.589s][info][gc          ] GC(285) Pause Young (Normal) (G1 Evacuation Pause) 95M->37M(110M) 0.827ms
[269.589s][info][gc,cpu      ] GC(285) User=0.00s Sys=0.00s Real=0.00s
[269.889s][info][gc,start    ] GC(286) Pause Young (Normal) (G1 Evacuation Pause)
[269.889s][info][gc,task     ] GC(286) Using 8 workers of 8 for evacuation
[269.890s][info][gc,phases   ] GC(286)   Pre Evacuate Collection Set: 0.0ms
[269.890s][info][gc,phases   ] GC(286)   Merge Heap Roots: 0.0ms
[269.890s][info][gc,phases   ] GC(286)   Evacuate Collection Set: 0.3ms
[269.890s][info][gc,phases   ] GC(286)   Post Evacuate Collection Set: 0.2ms
[269.890s][info][gc,phases   ] GC(286)   Other: 0.1ms
[269.890s][info][gc,heap     ] GC(286) Eden regions: 58->0(58)
[269.890s][info][gc,heap     ] GC(286) Survivor regions: 1->1(8)
[269.890s][info][gc,heap     ] GC(286) Old regions: 37->37
[269.890s][info][gc,heap     ] GC(286) Archive regions: 2->2
[269.890s][info][gc,heap     ] GC(286) Humongous regions: 0->0
[269.890s][info][gc,metaspace] GC(286) Metaspace: 44412K(45520K)->44412K(45520K) NonClass: 39124K(39888K)->39124K(39888K) Class: 5288K(5632K)->5288K(5632K)
[269.890s][info][gc          ] GC(286) Pause Young (Normal) (G1 Evacuation Pause) 95M->37M(110M) 0.689ms
[269.890s][info][gc,cpu      ] GC(286) User=0.00s Sys=0.00s Real=0.00s
[270.187s][info][gc,start    ] GC(287) Pause Young (Normal) (G1 Evacuation Pause)
[270.187s][info][gc,task     ] GC(287) Using 8 workers of 8 for evacuation
[270.188s][info][gc,phases   ] GC(287)   Pre Evacuate Collection Set: 0.0ms
[270.188s][info][gc,phases   ] GC(287)   Merge Heap Roots: 0.0ms
[270.188s][info][gc,phases   ] GC(287)   Evacuate Collection Set: 0.3ms
[270.188s][info][gc,phases   ] GC(287)   Post Evacuate Collection Set: 0.2ms
[270.188s][info][gc,phases   ] GC(287)   Other: 0.2ms
[270.188s][info][gc,heap     ] GC(287) Eden regions: 58->0(58)
[270.188s][info][gc,heap     ] GC(287) Survivor regions: 1->1(8)
[270.188s][info][gc,heap     ] GC(287) Old regions: 37->37
[270.188s][info][gc,heap     ] GC(287) Archive regions: 2->2
[270.188s][info][gc,heap     ] GC(287) Humongous regions: 0->0
[270.188s][info][gc,metaspace] GC(287) Metaspace: 44415K(45520K)->44415K(45520K) NonClass: 39127K(39888K)->39127K(39888K) Class: 5288K(5632K)->5288K(5632K)
[270.188s][info][gc          ] GC(287) Pause Young (Normal) (G1 Evacuation Pause) 95M->37M(110M) 0.825ms
[270.188s][info][gc,cpu      ] GC(287) User=0.01s Sys=0.00s Real=0.00s
[270.501s][info][gc,start    ] GC(288) Pause Young (Normal) (G1 Evacuation Pause)
[270.501s][info][gc,task     ] GC(288) Using 8 workers of 8 for evacuation
[270.502s][info][gc,phases   ] GC(288)   Pre Evacuate Collection Set: 0.0ms
[270.502s][info][gc,phases   ] GC(288)   Merge Heap Roots: 0.0ms
[270.502s][info][gc,phases   ] GC(288)   Evacuate Collection Set: 0.3ms
[270.502s][info][gc,phases   ] GC(288)   Post Evacuate Collection Set: 0.2ms
[270.502s][info][gc,phases   ] GC(288)   Other: 0.2ms
[270.502s][info][gc,heap     ] GC(288) Eden regions: 58->0(58)
[270.502s][info][gc,heap     ] GC(288) Survivor regions: 1->1(8)
[270.502s][info][gc,heap     ] GC(288) Old regions: 37->37
[270.502s][info][gc,heap     ] GC(288) Archive regions: 2->2
[270.502s][info][gc,heap     ] GC(288) Humongous regions: 0->0
[270.502s][info][gc,metaspace] GC(288) Metaspace: 44415K(45520K)->44415K(45520K) NonClass: 39127K(39888K)->39127K(39888K) Class: 5288K(5632K)->5288K(5632K)
[270.502s][info][gc          ] GC(288) Pause Young (Normal) (G1 Evacuation Pause) 95M->37M(110M) 0.877ms
[270.502s][info][gc,cpu      ] GC(288) User=0.00s Sys=0.00s Real=0.00s
[270.771s][info][gc,start    ] GC(289) Pause Young (Normal) (G1 Evacuation Pause)
[270.771s][info][gc,task     ] GC(289) Using 8 workers of 8 for evacuation
[270.771s][info][gc,phases   ] GC(289)   Pre Evacuate Collection Set: 0.0ms
[270.771s][info][gc,phases   ] GC(289)   Merge Heap Roots: 0.0ms
[270.771s][info][gc,phases   ] GC(289)   Evacuate Collection Set: 0.3ms
[270.771s][info][gc,phases   ] GC(289)   Post Evacuate Collection Set: 0.2ms
[270.771s][info][gc,phases   ] GC(289)   Other: 0.2ms
[270.771s][info][gc,heap     ] GC(289) Eden regions: 58->0(58)
[270.771s][info][gc,heap     ] GC(289) Survivor regions: 1->1(8)
[270.771s][info][gc,heap     ] GC(289) Old regions: 37->37
[270.771s][info][gc,heap     ] GC(289) Archive regions: 2->2
[270.771s][info][gc,heap     ] GC(289) Humongous regions: 0->0
[270.771s][info][gc,metaspace] GC(289) Metaspace: 44415K(45520K)->44415K(45520K) NonClass: 39127K(39888K)->39127K(39888K) Class: 5288K(5632K)->5288K(5632K)
[270.771s][info][gc          ] GC(289) Pause Young (Normal) (G1 Evacuation Pause) 95M->37M(110M) 0.830ms
[270.771s][info][gc,cpu      ] GC(289) User=0.00s Sys=0.00s Real=0.00s
[271.051s][info][gc,start    ] GC(290) Pause Young (Normal) (G1 Evacuation Pause)
[271.051s][info][gc,task     ] GC(290) Using 8 workers of 8 for evacuation
[271.052s][info][gc,phases   ] GC(290)   Pre Evacuate Collection Set: 0.0ms
[271.052s][info][gc,phases   ] GC(290)   Merge Heap Roots: 0.0ms
[271.052s][info][gc,phases   ] GC(290)   Evacuate Collection Set: 0.3ms
[271.052s][info][gc,phases   ] GC(290)   Post Evacuate Collection Set: 0.2ms
[271.052s][info][gc,phases   ] GC(290)   Other: 0.1ms
[271.052s][info][gc,heap     ] GC(290) Eden regions: 58->0(58)
[271.052s][info][gc,heap     ] GC(290) Survivor regions: 1->1(8)
[271.052s][info][gc,heap     ] GC(290) Old regions: 37->37
[271.052s][info][gc,heap     ] GC(290) Archive regions: 2->2
[271.052s][info][gc,heap     ] GC(290) Humongous regions: 0->0
[271.052s][info][gc,metaspace] GC(290) Metaspace: 44415K(45520K)->44415K(45520K) NonClass: 39127K(39888K)->39127K(39888K) Class: 5288K(5632K)->5288K(5632K)
[271.052s][info][gc          ] GC(290) Pause Young (Normal) (G1 Evacuation Pause) 95M->37M(110M) 0.873ms
[271.052s][info][gc,cpu      ] GC(290) User=0.00s Sys=0.00s Real=0.00s
[271.303s][info][gc,start    ] GC(291) Pause Young (Normal) (G1 Evacuation Pause)
[271.303s][info][gc,task     ] GC(291) Using 8 workers of 8 for evacuation
[271.304s][info][gc,phases   ] GC(291)   Pre Evacuate Collection Set: 0.1ms
[271.304s][info][gc,phases   ] GC(291)   Merge Heap Roots: 0.0ms
[271.304s][info][gc,phases   ] GC(291)   Evacuate Collection Set: 0.6ms
[271.304s][info][gc,phases   ] GC(291)   Post Evacuate Collection Set: 0.3ms
[271.304s][info][gc,phases   ] GC(291)   Other: 0.2ms
[271.304s][info][gc,heap     ] GC(291) Eden regions: 58->0(58)
[271.304s][info][gc,heap     ] GC(291) Survivor regions: 1->1(8)
[271.304s][info][gc,heap     ] GC(291) Old regions: 37->37
[271.304s][info][gc,heap     ] GC(291) Archive regions: 2->2
[271.304s][info][gc,heap     ] GC(291) Humongous regions: 0->0
[271.304s][info][gc,metaspace] GC(291) Metaspace: 44415K(45520K)->44415K(45520K) NonClass: 39127K(39888K)->39127K(39888K) Class: 5288K(5632K)->5288K(5632K)
[271.304s][info][gc          ] GC(291) Pause Young (Normal) (G1 Evacuation Pause) 95M->37M(110M) 1.221ms
[271.304s][info][gc,cpu      ] GC(291) User=0.00s Sys=0.00s Real=0.00s
[271.584s][info][gc,start    ] GC(292) Pause Young (Normal) (G1 Evacuation Pause)
[271.584s][info][gc,task     ] GC(292) Using 8 workers of 8 for evacuation
[271.584s][info][gc,phases   ] GC(292)   Pre Evacuate Collection Set: 0.0ms
[271.584s][info][gc,phases   ] GC(292)   Merge Heap Roots: 0.0ms
[271.584s][info][gc,phases   ] GC(292)   Evacuate Collection Set: 0.3ms
[271.584s][info][gc,phases   ] GC(292)   Post Evacuate Collection Set: 0.2ms
[271.585s][info][gc,phases   ] GC(292)   Other: 0.2ms
[271.585s][info][gc,heap     ] GC(292) Eden regions: 58->0(58)
[271.585s][info][gc,heap     ] GC(292) Survivor regions: 1->1(8)
[271.585s][info][gc,heap     ] GC(292) Old regions: 37->37
[271.585s][info][gc,heap     ] GC(292) Archive regions: 2->2
[271.585s][info][gc,heap     ] GC(292) Humongous regions: 0->0
[271.585s][info][gc,metaspace] GC(292) Metaspace: 44415K(45520K)->44415K(45520K) NonClass: 39127K(39888K)->39127K(39888K) Class: 5288K(5632K)->5288K(5632K)
[271.585s][info][gc          ] GC(292) Pause Young (Normal) (G1 Evacuation Pause) 95M->37M(110M) 0.865ms
[271.585s][info][gc,cpu      ] GC(292) User=0.01s Sys=0.00s Real=0.00s
[271.820s][info][gc,start    ] GC(293) Pause Young (Normal) (G1 Evacuation Pause)
[271.820s][info][gc,task     ] GC(293) Using 8 workers of 8 for evacuation
[271.820s][info][gc,phases   ] GC(293)   Pre Evacuate Collection Set: 0.0ms
[271.820s][info][gc,phases   ] GC(293)   Merge Heap Roots: 0.0ms
[271.820s][info][gc,phases   ] GC(293)   Evacuate Collection Set: 0.4ms
[271.820s][info][gc,phases   ] GC(293)   Post Evacuate Collection Set: 0.2ms
[271.820s][info][gc,phases   ] GC(293)   Other: 0.1ms
[271.820s][info][gc,heap     ] GC(293) Eden regions: 58->0(58)
[271.820s][info][gc,heap     ] GC(293) Survivor regions: 1->1(8)
[271.820s][info][gc,heap     ] GC(293) Old regions: 37->37
[271.820s][info][gc,heap     ] GC(293) Archive regions: 2->2
[271.820s][info][gc,heap     ] GC(293) Humongous regions: 0->0
[271.820s][info][gc,metaspace] GC(293) Metaspace: 44417K(45520K)->44417K(45520K) NonClass: 39129K(39888K)->39129K(39888K) Class: 5288K(5632K)->5288K(5632K)
[271.820s][info][gc          ] GC(293) Pause Young (Normal) (G1 Evacuation Pause) 95M->37M(110M) 0.812ms
[271.820s][info][gc,cpu      ] GC(293) User=0.01s Sys=0.00s Real=0.00s
[272.070s][info][gc,start    ] GC(294) Pause Young (Normal) (G1 Evacuation Pause)
[272.070s][info][gc,task     ] GC(294) Using 8 workers of 8 for evacuation
[272.071s][info][gc,phases   ] GC(294)   Pre Evacuate Collection Set: 0.0ms
[272.071s][info][gc,phases   ] GC(294)   Merge Heap Roots: 0.0ms
[272.071s][info][gc,phases   ] GC(294)   Evacuate Collection Set: 0.4ms
[272.071s][info][gc,phases   ] GC(294)   Post Evacuate Collection Set: 0.3ms
[272.071s][info][gc,phases   ] GC(294)   Other: 0.1ms
[272.071s][info][gc,heap     ] GC(294) Eden regions: 58->0(58)
[272.071s][info][gc,heap     ] GC(294) Survivor regions: 1->1(8)
[272.071s][info][gc,heap     ] GC(294) Old regions: 37->37
[272.071s][info][gc,heap     ] GC(294) Archive regions: 2->2
[272.071s][info][gc,heap     ] GC(294) Humongous regions: 0->0
[272.071s][info][gc,metaspace] GC(294) Metaspace: 44417K(45520K)->44417K(45520K) NonClass: 39129K(39888K)->39129K(39888K) Class: 5288K(5632K)->5288K(5632K)
[272.071s][info][gc          ] GC(294) Pause Young (Normal) (G1 Evacuation Pause) 95M->37M(110M) 0.919ms
[272.071s][info][gc,cpu      ] GC(294) User=0.00s Sys=0.00s Real=0.00s
[272.314s][info][gc,start    ] GC(295) Pause Young (Normal) (G1 Evacuation Pause)
[272.314s][info][gc,task     ] GC(295) Using 8 workers of 8 for evacuation
[272.314s][info][gc,phases   ] GC(295)   Pre Evacuate Collection Set: 0.0ms
[272.314s][info][gc,phases   ] GC(295)   Merge Heap Roots: 0.0ms
[272.314s][info][gc,phases   ] GC(295)   Evacuate Collection Set: 0.4ms
[272.314s][info][gc,phases   ] GC(295)   Post Evacuate Collection Set: 0.2ms
[272.314s][info][gc,phases   ] GC(295)   Other: 0.1ms
[272.314s][info][gc,heap     ] GC(295) Eden regions: 58->0(58)
[272.314s][info][gc,heap     ] GC(295) Survivor regions: 1->1(8)
[272.314s][info][gc,heap     ] GC(295) Old regions: 37->37
[272.314s][info][gc,heap     ] GC(295) Archive regions: 2->2
[272.314s][info][gc,heap     ] GC(295) Humongous regions: 0->0
[272.314s][info][gc,metaspace] GC(295) Metaspace: 44417K(45520K)->44417K(45520K) NonClass: 39129K(39888K)->39129K(39888K) Class: 5288K(5632K)->5288K(5632K)
[272.314s][info][gc          ] GC(295) Pause Young (Normal) (G1 Evacuation Pause) 95M->37M(110M) 0.830ms
[272.314s][info][gc,cpu      ] GC(295) User=0.00s Sys=0.00s Real=0.00s
[272.596s][info][gc,start    ] GC(296) Pause Young (Normal) (G1 Evacuation Pause)
[272.596s][info][gc,task     ] GC(296) Using 8 workers of 8 for evacuation
[272.597s][info][gc,phases   ] GC(296)   Pre Evacuate Collection Set: 0.0ms
[272.597s][info][gc,phases   ] GC(296)   Merge Heap Roots: 0.0ms
[272.597s][info][gc,phases   ] GC(296)   Evacuate Collection Set: 0.3ms
[272.597s][info][gc,phases   ] GC(296)   Post Evacuate Collection Set: 0.2ms
[272.597s][info][gc,phases   ] GC(296)   Other: 0.1ms
[272.597s][info][gc,heap     ] GC(296) Eden regions: 58->0(58)
[272.597s][info][gc,heap     ] GC(296) Survivor regions: 1->1(8)
[272.597s][info][gc,heap     ] GC(296) Old regions: 37->37
[272.597s][info][gc,heap     ] GC(296) Archive regions: 2->2
[272.597s][info][gc,heap     ] GC(296) Humongous regions: 0->0
[272.597s][info][gc,metaspace] GC(296) Metaspace: 44417K(45520K)->44417K(45520K) NonClass: 39129K(39888K)->39129K(39888K) Class: 5288K(5632K)->5288K(5632K)
[272.597s][info][gc          ] GC(296) Pause Young (Normal) (G1 Evacuation Pause) 95M->37M(110M) 0.852ms
[272.597s][info][gc,cpu      ] GC(296) User=0.00s Sys=0.00s Real=0.00s
[272.862s][info][gc,start    ] GC(297) Pause Young (Normal) (G1 Evacuation Pause)
[272.862s][info][gc,task     ] GC(297) Using 8 workers of 8 for evacuation
[272.863s][info][gc,phases   ] GC(297)   Pre Evacuate Collection Set: 0.0ms
[272.863s][info][gc,phases   ] GC(297)   Merge Heap Roots: 0.0ms
[272.863s][info][gc,phases   ] GC(297)   Evacuate Collection Set: 0.3ms
[272.863s][info][gc,phases   ] GC(297)   Post Evacuate Collection Set: 0.2ms
[272.863s][info][gc,phases   ] GC(297)   Other: 0.2ms
[272.863s][info][gc,heap     ] GC(297) Eden regions: 58->0(58)
[272.863s][info][gc,heap     ] GC(297) Survivor regions: 1->1(8)
[272.863s][info][gc,heap     ] GC(297) Old regions: 37->37
[272.863s][info][gc,heap     ] GC(297) Archive regions: 2->2
[272.863s][info][gc,heap     ] GC(297) Humongous regions: 0->0
[272.863s][info][gc,metaspace] GC(297) Metaspace: 44417K(45520K)->44417K(45520K) NonClass: 39129K(39888K)->39129K(39888K) Class: 5288K(5632K)->5288K(5632K)
[272.863s][info][gc          ] GC(297) Pause Young (Normal) (G1 Evacuation Pause) 95M->37M(110M) 0.856ms
[272.863s][info][gc,cpu      ] GC(297) User=0.01s Sys=0.00s Real=0.00s
[273.139s][info][gc,start    ] GC(298) Pause Young (Normal) (G1 Evacuation Pause)
[273.139s][info][gc,task     ] GC(298) Using 8 workers of 8 for evacuation
[273.139s][info][gc,phases   ] GC(298)   Pre Evacuate Collection Set: 0.0ms
[273.139s][info][gc,phases   ] GC(298)   Merge Heap Roots: 0.0ms
[273.139s][info][gc,phases   ] GC(298)   Evacuate Collection Set: 0.3ms
[273.139s][info][gc,phases   ] GC(298)   Post Evacuate Collection Set: 0.2ms
[273.139s][info][gc,phases   ] GC(298)   Other: 0.1ms
[273.139s][info][gc,heap     ] GC(298) Eden regions: 58->0(58)
[273.139s][info][gc,heap     ] GC(298) Survivor regions: 1->1(8)
[273.139s][info][gc,heap     ] GC(298) Old regions: 37->37
[273.139s][info][gc,heap     ] GC(298) Archive regions: 2->2
[273.139s][info][gc,heap     ] GC(298) Humongous regions: 0->0
[273.139s][info][gc,metaspace] GC(298) Metaspace: 44417K(45520K)->44417K(45520K) NonClass: 39129K(39888K)->39129K(39888K) Class: 5288K(5632K)->5288K(5632K)
[273.139s][info][gc          ] GC(298) Pause Young (Normal) (G1 Evacuation Pause) 95M->37M(110M) 0.814ms
[273.140s][info][gc,cpu      ] GC(298) User=0.00s Sys=0.00s Real=0.00s
[273.445s][info][gc,start    ] GC(299) Pause Young (Normal) (G1 Evacuation Pause)
[273.445s][info][gc,task     ] GC(299) Using 8 workers of 8 for evacuation
[273.446s][info][gc,phases   ] GC(299)   Pre Evacuate Collection Set: 0.0ms
[273.446s][info][gc,phases   ] GC(299)   Merge Heap Roots: 0.0ms
[273.446s][info][gc,phases   ] GC(299)   Evacuate Collection Set: 0.3ms
[273.446s][info][gc,phases   ] GC(299)   Post Evacuate Collection Set: 0.2ms
[273.446s][info][gc,phases   ] GC(299)   Other: 0.1ms
[273.446s][info][gc,heap     ] GC(299) Eden regions: 58->0(58)
[273.446s][info][gc,heap     ] GC(299) Survivor regions: 1->1(8)
[273.446s][info][gc,heap     ] GC(299) Old regions: 37->37
[273.446s][info][gc,heap     ] GC(299) Archive regions: 2->2
[273.446s][info][gc,heap     ] GC(299) Humongous regions: 0->0
[273.446s][info][gc,metaspace] GC(299) Metaspace: 44417K(45520K)->44417K(45520K) NonClass: 39129K(39888K)->39129K(39888K) Class: 5288K(5632K)->5288K(5632K)
[273.446s][info][gc          ] GC(299) Pause Young (Normal) (G1 Evacuation Pause) 95M->37M(110M) 0.809ms
[273.446s][info][gc,cpu      ] GC(299) User=0.00s Sys=0.00s Real=0.00s
[273.700s][info][gc,start    ] GC(300) Pause Young (Normal) (G1 Evacuation Pause)
[273.700s][info][gc,task     ] GC(300) Using 8 workers of 8 for evacuation
[273.701s][info][gc,phases   ] GC(300)   Pre Evacuate Collection Set: 0.1ms
[273.701s][info][gc,phases   ] GC(300)   Merge Heap Roots: 0.0ms
[273.701s][info][gc,phases   ] GC(300)   Evacuate Collection Set: 0.5ms
[273.701s][info][gc,phases   ] GC(300)   Post Evacuate Collection Set: 0.2ms
[273.701s][info][gc,phases   ] GC(300)   Other: 0.1ms
[273.701s][info][gc,heap     ] GC(300) Eden regions: 58->0(58)
[273.701s][info][gc,heap     ] GC(300) Survivor regions: 1->1(8)
[273.701s][info][gc,heap     ] GC(300) Old regions: 37->37
[273.701s][info][gc,heap     ] GC(300) Archive regions: 2->2
[273.701s][info][gc,heap     ] GC(300) Humongous regions: 0->0
[273.701s][info][gc,metaspace] GC(300) Metaspace: 44421K(45520K)->44421K(45520K) NonClass: 39133K(39888K)->39133K(39888K) Class: 5288K(5632K)->5288K(5632K)
[273.701s][info][gc          ] GC(300) Pause Young (Normal) (G1 Evacuation Pause) 95M->37M(110M) 0.939ms
[273.701s][info][gc,cpu      ] GC(300) User=0.00s Sys=0.00s Real=0.00s
[273.979s][info][gc,start    ] GC(301) Pause Young (Normal) (G1 Evacuation Pause)
[273.980s][info][gc,task     ] GC(301) Using 8 workers of 8 for evacuation
[273.980s][info][gc,phases   ] GC(301)   Pre Evacuate Collection Set: 0.1ms
[273.980s][info][gc,phases   ] GC(301)   Merge Heap Roots: 0.0ms
[273.980s][info][gc,phases   ] GC(301)   Evacuate Collection Set: 0.4ms
[273.980s][info][gc,phases   ] GC(301)   Post Evacuate Collection Set: 0.2ms
[273.980s][info][gc,phases   ] GC(301)   Other: 0.1ms
[273.980s][info][gc,heap     ] GC(301) Eden regions: 58->0(58)
[273.980s][info][gc,heap     ] GC(301) Survivor regions: 1->1(8)
[273.980s][info][gc,heap     ] GC(301) Old regions: 37->37
[273.980s][info][gc,heap     ] GC(301) Archive regions: 2->2
[273.980s][info][gc,heap     ] GC(301) Humongous regions: 0->0
[273.980s][info][gc,metaspace] GC(301) Metaspace: 44421K(45520K)->44421K(45520K) NonClass: 39133K(39888K)->39133K(39888K) Class: 5288K(5632K)->5288K(5632K)
[273.980s][info][gc          ] GC(301) Pause Young (Normal) (G1 Evacuation Pause) 95M->37M(110M) 0.909ms
[273.980s][info][gc,cpu      ] GC(301) User=0.00s Sys=0.00s Real=0.00s
[274.319s][info][gc,start    ] GC(302) Pause Young (Normal) (G1 Evacuation Pause)
[274.319s][info][gc,task     ] GC(302) Using 8 workers of 8 for evacuation
[274.320s][info][gc,phases   ] GC(302)   Pre Evacuate Collection Set: 0.0ms
[274.320s][info][gc,phases   ] GC(302)   Merge Heap Roots: 0.0ms
[274.320s][info][gc,phases   ] GC(302)   Evacuate Collection Set: 0.4ms
[274.320s][info][gc,phases   ] GC(302)   Post Evacuate Collection Set: 0.2ms
[274.320s][info][gc,phases   ] GC(302)   Other: 0.1ms
[274.320s][info][gc,heap     ] GC(302) Eden regions: 58->0(58)
[274.320s][info][gc,heap     ] GC(302) Survivor regions: 1->1(8)
[274.320s][info][gc,heap     ] GC(302) Old regions: 37->37
[274.320s][info][gc,heap     ] GC(302) Archive regions: 2->2
[274.320s][info][gc,heap     ] GC(302) Humongous regions: 0->0
[274.320s][info][gc,metaspace] GC(302) Metaspace: 44421K(45520K)->44421K(45520K) NonClass: 39133K(39888K)->39133K(39888K) Class: 5288K(5632K)->5288K(5632K)
[274.320s][info][gc          ] GC(302) Pause Young (Normal) (G1 Evacuation Pause) 95M->37M(110M) 0.956ms
[274.320s][info][gc,cpu      ] GC(302) User=0.00s Sys=0.00s Real=0.00s
[274.633s][info][gc,start    ] GC(303) Pause Young (Normal) (G1 Evacuation Pause)
[274.633s][info][gc,task     ] GC(303) Using 8 workers of 8 for evacuation
[274.633s][info][gc,phases   ] GC(303)   Pre Evacuate Collection Set: 0.0ms
[274.633s][info][gc,phases   ] GC(303)   Merge Heap Roots: 0.0ms
[274.633s][info][gc,phases   ] GC(303)   Evacuate Collection Set: 0.4ms
[274.633s][info][gc,phases   ] GC(303)   Post Evacuate Collection Set: 0.2ms
[274.633s][info][gc,phases   ] GC(303)   Other: 0.1ms
[274.633s][info][gc,heap     ] GC(303) Eden regions: 58->0(58)
[274.634s][info][gc,heap     ] GC(303) Survivor regions: 1->1(8)
[274.634s][info][gc,heap     ] GC(303) Old regions: 37->37
[274.634s][info][gc,heap     ] GC(303) Archive regions: 2->2
[274.634s][info][gc,heap     ] GC(303) Humongous regions: 0->0
[274.634s][info][gc,metaspace] GC(303) Metaspace: 44421K(45520K)->44421K(45520K) NonClass: 39133K(39888K)->39133K(39888K) Class: 5288K(5632K)->5288K(5632K)
[274.634s][info][gc          ] GC(303) Pause Young (Normal) (G1 Evacuation Pause) 95M->37M(110M) 0.964ms
[274.634s][info][gc,cpu      ] GC(303) User=0.00s Sys=0.00s Real=0.00s
[274.891s][info][gc,start    ] GC(304) Pause Young (Normal) (G1 Evacuation Pause)
[274.892s][info][gc,task     ] GC(304) Using 8 workers of 8 for evacuation
[274.892s][info][gc,phases   ] GC(304)   Pre Evacuate Collection Set: 0.0ms
[274.892s][info][gc,phases   ] GC(304)   Merge Heap Roots: 0.0ms
[274.892s][info][gc,phases   ] GC(304)   Evacuate Collection Set: 0.5ms
[274.892s][info][gc,phases   ] GC(304)   Post Evacuate Collection Set: 0.2ms
[274.892s][info][gc,phases   ] GC(304)   Other: 0.1ms
[274.892s][info][gc,heap     ] GC(304) Eden regions: 58->0(58)
[274.892s][info][gc,heap     ] GC(304) Survivor regions: 1->1(8)
[274.892s][info][gc,heap     ] GC(304) Old regions: 37->37
[274.892s][info][gc,heap     ] GC(304) Archive regions: 2->2
[274.892s][info][gc,heap     ] GC(304) Humongous regions: 0->0
[274.892s][info][gc,metaspace] GC(304) Metaspace: 44421K(45520K)->44421K(45520K) NonClass: 39133K(39888K)->39133K(39888K) Class: 5288K(5632K)->5288K(5632K)
[274.892s][info][gc          ] GC(304) Pause Young (Normal) (G1 Evacuation Pause) 95M->37M(110M) 0.939ms
[274.892s][info][gc,cpu      ] GC(304) User=0.00s Sys=0.00s Real=0.00s
[275.202s][info][gc,start    ] GC(305) Pause Young (Normal) (G1 Evacuation Pause)
[275.202s][info][gc,task     ] GC(305) Using 8 workers of 8 for evacuation
[275.203s][info][gc,phases   ] GC(305)   Pre Evacuate Collection Set: 0.0ms
[275.203s][info][gc,phases   ] GC(305)   Merge Heap Roots: 0.0ms
[275.203s][info][gc,phases   ] GC(305)   Evacuate Collection Set: 0.4ms
[275.203s][info][gc,phases   ] GC(305)   Post Evacuate Collection Set: 0.2ms
[275.203s][info][gc,phases   ] GC(305)   Other: 0.1ms
[275.203s][info][gc,heap     ] GC(305) Eden regions: 58->0(58)
[275.203s][info][gc,heap     ] GC(305) Survivor regions: 1->1(8)
[275.203s][info][gc,heap     ] GC(305) Old regions: 37->37
[275.203s][info][gc,heap     ] GC(305) Archive regions: 2->2
[275.203s][info][gc,heap     ] GC(305) Humongous regions: 0->0
[275.203s][info][gc,metaspace] GC(305) Metaspace: 44422K(45520K)->44422K(45520K) NonClass: 39134K(39888K)->39134K(39888K) Class: 5288K(5632K)->5288K(5632K)
[275.203s][info][gc          ] GC(305) Pause Young (Normal) (G1 Evacuation Pause) 95M->37M(110M) 0.900ms
[275.203s][info][gc,cpu      ] GC(305) User=0.00s Sys=0.00s Real=0.00s
[275.476s][info][gc,start    ] GC(306) Pause Young (Normal) (G1 Evacuation Pause)
[275.476s][info][gc,task     ] GC(306) Using 8 workers of 8 for evacuation
[275.477s][info][gc,phases   ] GC(306)   Pre Evacuate Collection Set: 0.0ms
[275.477s][info][gc,phases   ] GC(306)   Merge Heap Roots: 0.0ms
[275.477s][info][gc,phases   ] GC(306)   Evacuate Collection Set: 0.5ms
[275.477s][info][gc,phases   ] GC(306)   Post Evacuate Collection Set: 0.2ms
[275.477s][info][gc,phases   ] GC(306)   Other: 0.1ms
[275.477s][info][gc,heap     ] GC(306) Eden regions: 58->0(58)
[275.477s][info][gc,heap     ] GC(306) Survivor regions: 1->1(8)
[275.477s][info][gc,heap     ] GC(306) Old regions: 37->37
[275.477s][info][gc,heap     ] GC(306) Archive regions: 2->2
[275.477s][info][gc,heap     ] GC(306) Humongous regions: 0->0
[275.477s][info][gc,metaspace] GC(306) Metaspace: 44422K(45520K)->44422K(45520K) NonClass: 39134K(39888K)->39134K(39888K) Class: 5288K(5632K)->5288K(5632K)
[275.477s][info][gc          ] GC(306) Pause Young (Normal) (G1 Evacuation Pause) 95M->37M(110M) 0.961ms
[275.477s][info][gc,cpu      ] GC(306) User=0.00s Sys=0.00s Real=0.00s
[275.742s][info][gc,start    ] GC(307) Pause Young (Normal) (G1 Evacuation Pause)
[275.742s][info][gc,task     ] GC(307) Using 8 workers of 8 for evacuation
[275.743s][info][gc,phases   ] GC(307)   Pre Evacuate Collection Set: 0.0ms
[275.743s][info][gc,phases   ] GC(307)   Merge Heap Roots: 0.0ms
[275.743s][info][gc,phases   ] GC(307)   Evacuate Collection Set: 0.5ms
[275.743s][info][gc,phases   ] GC(307)   Post Evacuate Collection Set: 0.2ms
[275.743s][info][gc,phases   ] GC(307)   Other: 0.2ms
[275.743s][info][gc,heap     ] GC(307) Eden regions: 58->0(58)
[275.743s][info][gc,heap     ] GC(307) Survivor regions: 1->1(8)
[275.743s][info][gc,heap     ] GC(307) Old regions: 37->37
[275.743s][info][gc,heap     ] GC(307) Archive regions: 2->2
[275.743s][info][gc,heap     ] GC(307) Humongous regions: 0->0
[275.743s][info][gc,metaspace] GC(307) Metaspace: 44422K(45520K)->44422K(45520K) NonClass: 39134K(39888K)->39134K(39888K) Class: 5288K(5632K)->5288K(5632K)
[275.743s][info][gc          ] GC(307) Pause Young (Normal) (G1 Evacuation Pause) 95M->37M(110M) 0.993ms
[275.743s][info][gc,cpu      ] GC(307) User=0.00s Sys=0.00s Real=0.00s
[275.985s][info][gc,start    ] GC(308) Pause Young (Normal) (G1 Evacuation Pause)
[275.985s][info][gc,task     ] GC(308) Using 8 workers of 8 for evacuation
[275.986s][info][gc,phases   ] GC(308)   Pre Evacuate Collection Set: 0.0ms
[275.986s][info][gc,phases   ] GC(308)   Merge Heap Roots: 0.0ms
[275.986s][info][gc,phases   ] GC(308)   Evacuate Collection Set: 0.5ms
[275.986s][info][gc,phases   ] GC(308)   Post Evacuate Collection Set: 0.2ms
[275.986s][info][gc,phases   ] GC(308)   Other: 0.1ms
[275.986s][info][gc,heap     ] GC(308) Eden regions: 58->0(58)
[275.986s][info][gc,heap     ] GC(308) Survivor regions: 1->1(8)
[275.986s][info][gc,heap     ] GC(308) Old regions: 37->37
[275.986s][info][gc,heap     ] GC(308) Archive regions: 2->2
[275.986s][info][gc,heap     ] GC(308) Humongous regions: 0->0
[275.986s][info][gc,metaspace] GC(308) Metaspace: 44425K(45520K)->44425K(45520K) NonClass: 39137K(39888K)->39137K(39888K) Class: 5288K(5632K)->5288K(5632K)
[275.986s][info][gc          ] GC(308) Pause Young (Normal) (G1 Evacuation Pause) 95M->37M(110M) 0.978ms
[275.986s][info][gc,cpu      ] GC(308) User=0.00s Sys=0.00s Real=0.00s
[276.239s][info][gc,start    ] GC(309) Pause Young (Normal) (G1 Evacuation Pause)
[276.239s][info][gc,task     ] GC(309) Using 8 workers of 8 for evacuation
[276.239s][info][gc,phases   ] GC(309)   Pre Evacuate Collection Set: 0.0ms
[276.239s][info][gc,phases   ] GC(309)   Merge Heap Roots: 0.0ms
[276.240s][info][gc,phases   ] GC(309)   Evacuate Collection Set: 0.4ms
[276.240s][info][gc,phases   ] GC(309)   Post Evacuate Collection Set: 0.2ms
[276.240s][info][gc,phases   ] GC(309)   Other: 0.1ms
[276.240s][info][gc,heap     ] GC(309) Eden regions: 58->0(58)
[276.240s][info][gc,heap     ] GC(309) Survivor regions: 1->1(8)
[276.240s][info][gc,heap     ] GC(309) Old regions: 37->37
[276.240s][info][gc,heap     ] GC(309) Archive regions: 2->2
[276.240s][info][gc,heap     ] GC(309) Humongous regions: 0->0
[276.240s][info][gc,metaspace] GC(309) Metaspace: 44426K(45520K)->44426K(45520K) NonClass: 39138K(39888K)->39138K(39888K) Class: 5288K(5632K)->5288K(5632K)
[276.240s][info][gc          ] GC(309) Pause Young (Normal) (G1 Evacuation Pause) 95M->37M(110M) 0.885ms
[276.240s][info][gc,cpu      ] GC(309) User=0.00s Sys=0.00s Real=0.00s
[276.475s][info][gc,start    ] GC(310) Pause Young (Normal) (G1 Evacuation Pause)
[276.475s][info][gc,task     ] GC(310) Using 8 workers of 8 for evacuation
[276.476s][info][gc,phases   ] GC(310)   Pre Evacuate Collection Set: 0.0ms
[276.476s][info][gc,phases   ] GC(310)   Merge Heap Roots: 0.0ms
[276.476s][info][gc,phases   ] GC(310)   Evacuate Collection Set: 0.4ms
[276.476s][info][gc,phases   ] GC(310)   Post Evacuate Collection Set: 0.2ms
[276.476s][info][gc,phases   ] GC(310)   Other: 0.1ms
[276.476s][info][gc,heap     ] GC(310) Eden regions: 58->0(58)
[276.476s][info][gc,heap     ] GC(310) Survivor regions: 1->1(8)
[276.476s][info][gc,heap     ] GC(310) Old regions: 37->37
[276.476s][info][gc,heap     ] GC(310) Archive regions: 2->2
[276.476s][info][gc,heap     ] GC(310) Humongous regions: 0->0
[276.476s][info][gc,metaspace] GC(310) Metaspace: 44428K(45520K)->44428K(45520K) NonClass: 39140K(39888K)->39140K(39888K) Class: 5288K(5632K)->5288K(5632K)
[276.476s][info][gc          ] GC(310) Pause Young (Normal) (G1 Evacuation Pause) 95M->37M(110M) 0.897ms
[276.476s][info][gc,cpu      ] GC(310) User=0.01s Sys=0.00s Real=0.00s
[276.720s][info][gc,start    ] GC(311) Pause Young (Normal) (G1 Evacuation Pause)
[276.720s][info][gc,task     ] GC(311) Using 8 workers of 8 for evacuation
[276.721s][info][gc,phases   ] GC(311)   Pre Evacuate Collection Set: 0.0ms
[276.721s][info][gc,phases   ] GC(311)   Merge Heap Roots: 0.0ms
[276.721s][info][gc,phases   ] GC(311)   Evacuate Collection Set: 0.4ms
[276.721s][info][gc,phases   ] GC(311)   Post Evacuate Collection Set: 0.2ms
[276.721s][info][gc,phases   ] GC(311)   Other: 0.1ms
[276.721s][info][gc,heap     ] GC(311) Eden regions: 58->0(58)
[276.721s][info][gc,heap     ] GC(311) Survivor regions: 1->1(8)
[276.721s][info][gc,heap     ] GC(311) Old regions: 37->37
[276.721s][info][gc,heap     ] GC(311) Archive regions: 2->2
[276.721s][info][gc,heap     ] GC(311) Humongous regions: 0->0
[276.721s][info][gc,metaspace] GC(311) Metaspace: 44432K(45520K)->44432K(45520K) NonClass: 39144K(39888K)->39144K(39888K) Class: 5288K(5632K)->5288K(5632K)
[276.721s][info][gc          ] GC(311) Pause Young (Normal) (G1 Evacuation Pause) 95M->37M(110M) 0.989ms
[276.721s][info][gc,cpu      ] GC(311) User=0.01s Sys=0.00s Real=0.00s
[276.989s][info][gc,start    ] GC(312) Pause Young (Normal) (G1 Evacuation Pause)
[276.989s][info][gc,task     ] GC(312) Using 8 workers of 8 for evacuation
[276.990s][info][gc,phases   ] GC(312)   Pre Evacuate Collection Set: 0.0ms
[276.990s][info][gc,phases   ] GC(312)   Merge Heap Roots: 0.0ms
[276.990s][info][gc,phases   ] GC(312)   Evacuate Collection Set: 0.5ms
[276.990s][info][gc,phases   ] GC(312)   Post Evacuate Collection Set: 0.2ms
[276.990s][info][gc,phases   ] GC(312)   Other: 0.2ms
[276.990s][info][gc,heap     ] GC(312) Eden regions: 58->0(58)
[276.990s][info][gc,heap     ] GC(312) Survivor regions: 1->1(8)
[276.990s][info][gc,heap     ] GC(312) Old regions: 37->37
[276.990s][info][gc,heap     ] GC(312) Archive regions: 2->2
[276.990s][info][gc,heap     ] GC(312) Humongous regions: 0->0
[276.990s][info][gc,metaspace] GC(312) Metaspace: 44432K(45520K)->44432K(45520K) NonClass: 39144K(39888K)->39144K(39888K) Class: 5288K(5632K)->5288K(5632K)
[276.990s][info][gc          ] GC(312) Pause Young (Normal) (G1 Evacuation Pause) 95M->37M(110M) 1.070ms
[276.990s][info][gc,cpu      ] GC(312) User=0.00s Sys=0.00s Real=0.00s
[277.281s][info][gc,start    ] GC(313) Pause Young (Normal) (G1 Evacuation Pause)
[277.281s][info][gc,task     ] GC(313) Using 8 workers of 8 for evacuation
[277.282s][info][gc,phases   ] GC(313)   Pre Evacuate Collection Set: 0.0ms
[277.282s][info][gc,phases   ] GC(313)   Merge Heap Roots: 0.0ms
[277.282s][info][gc,phases   ] GC(313)   Evacuate Collection Set: 0.5ms
[277.282s][info][gc,phases   ] GC(313)   Post Evacuate Collection Set: 0.2ms
[277.282s][info][gc,phases   ] GC(313)   Other: 0.1ms
[277.282s][info][gc,heap     ] GC(313) Eden regions: 58->0(58)
[277.282s][info][gc,heap     ] GC(313) Survivor regions: 1->1(8)
[277.282s][info][gc,heap     ] GC(313) Old regions: 37->37
[277.282s][info][gc,heap     ] GC(313) Archive regions: 2->2
[277.282s][info][gc,heap     ] GC(313) Humongous regions: 0->0
[277.282s][info][gc,metaspace] GC(313) Metaspace: 44432K(45520K)->44432K(45520K) NonClass: 39144K(39888K)->39144K(39888K) Class: 5288K(5632K)->5288K(5632K)
[277.282s][info][gc          ] GC(313) Pause Young (Normal) (G1 Evacuation Pause) 95M->38M(110M) 0.944ms
[277.282s][info][gc,cpu      ] GC(313) User=0.01s Sys=0.00s Real=0.00s
[277.569s][info][gc,start    ] GC(314) Pause Young (Normal) (G1 Evacuation Pause)
[277.569s][info][gc,task     ] GC(314) Using 8 workers of 8 for evacuation
[277.570s][info][gc,phases   ] GC(314)   Pre Evacuate Collection Set: 0.0ms
[277.570s][info][gc,phases   ] GC(314)   Merge Heap Roots: 0.0ms
[277.570s][info][gc,phases   ] GC(314)   Evacuate Collection Set: 0.4ms
[277.570s][info][gc,phases   ] GC(314)   Post Evacuate Collection Set: 0.2ms
[277.570s][info][gc,phases   ] GC(314)   Other: 0.1ms
[277.570s][info][gc,heap     ] GC(314) Eden regions: 58->0(58)
[277.570s][info][gc,heap     ] GC(314) Survivor regions: 1->1(8)
[277.570s][info][gc,heap     ] GC(314) Old regions: 37->37
[277.570s][info][gc,heap     ] GC(314) Archive regions: 2->2
[277.570s][info][gc,heap     ] GC(314) Humongous regions: 0->0
[277.570s][info][gc,metaspace] GC(314) Metaspace: 44432K(45520K)->44432K(45520K) NonClass: 39144K(39888K)->39144K(39888K) Class: 5288K(5632K)->5288K(5632K)
[277.570s][info][gc          ] GC(314) Pause Young (Normal) (G1 Evacuation Pause) 96M->38M(110M) 0.910ms
[277.570s][info][gc,cpu      ] GC(314) User=0.00s Sys=0.00s Real=0.00s
[277.877s][info][gc,start    ] GC(315) Pause Young (Normal) (G1 Evacuation Pause)
[277.877s][info][gc,task     ] GC(315) Using 8 workers of 8 for evacuation
[277.878s][info][gc,phases   ] GC(315)   Pre Evacuate Collection Set: 0.0ms
[277.878s][info][gc,phases   ] GC(315)   Merge Heap Roots: 0.0ms
[277.878s][info][gc,phases   ] GC(315)   Evacuate Collection Set: 0.5ms
[277.878s][info][gc,phases   ] GC(315)   Post Evacuate Collection Set: 0.2ms
[277.878s][info][gc,phases   ] GC(315)   Other: 0.1ms
[277.878s][info][gc,heap     ] GC(315) Eden regions: 58->0(58)
[277.878s][info][gc,heap     ] GC(315) Survivor regions: 1->1(8)
[277.878s][info][gc,heap     ] GC(315) Old regions: 37->37
[277.878s][info][gc,heap     ] GC(315) Archive regions: 2->2
[277.878s][info][gc,heap     ] GC(315) Humongous regions: 0->0
[277.878s][info][gc,metaspace] GC(315) Metaspace: 44432K(45520K)->44432K(45520K) NonClass: 39144K(39888K)->39144K(39888K) Class: 5288K(5632K)->5288K(5632K)
[277.878s][info][gc          ] GC(315) Pause Young (Normal) (G1 Evacuation Pause) 96M->38M(110M) 0.906ms
[277.878s][info][gc,cpu      ] GC(315) User=0.00s Sys=0.00s Real=0.00s
[278.168s][info][gc,start    ] GC(316) Pause Young (Normal) (G1 Evacuation Pause)
[278.168s][info][gc,task     ] GC(316) Using 8 workers of 8 for evacuation
[278.168s][info][gc,phases   ] GC(316)   Pre Evacuate Collection Set: 0.0ms
[278.168s][info][gc,phases   ] GC(316)   Merge Heap Roots: 0.0ms
[278.168s][info][gc,phases   ] GC(316)   Evacuate Collection Set: 0.3ms
[278.168s][info][gc,phases   ] GC(316)   Post Evacuate Collection Set: 0.2ms
[278.168s][info][gc,phases   ] GC(316)   Other: 0.1ms
[278.168s][info][gc,heap     ] GC(316) Eden regions: 58->0(58)
[278.168s][info][gc,heap     ] GC(316) Survivor regions: 1->1(8)
[278.168s][info][gc,heap     ] GC(316) Old regions: 37->37
[278.168s][info][gc,heap     ] GC(316) Archive regions: 2->2
[278.168s][info][gc,heap     ] GC(316) Humongous regions: 0->0
[278.168s][info][gc,metaspace] GC(316) Metaspace: 44432K(45520K)->44432K(45520K) NonClass: 39144K(39888K)->39144K(39888K) Class: 5288K(5632K)->5288K(5632K)
[278.168s][info][gc          ] GC(316) Pause Young (Normal) (G1 Evacuation Pause) 96M->38M(110M) 0.831ms
[278.168s][info][gc,cpu      ] GC(316) User=0.00s Sys=0.00s Real=0.01s
[278.430s][info][gc,start    ] GC(317) Pause Young (Normal) (G1 Evacuation Pause)
[278.430s][info][gc,task     ] GC(317) Using 8 workers of 8 for evacuation
[278.431s][info][gc,phases   ] GC(317)   Pre Evacuate Collection Set: 0.1ms
[278.431s][info][gc,phases   ] GC(317)   Merge Heap Roots: 0.1ms
[278.431s][info][gc,phases   ] GC(317)   Evacuate Collection Set: 0.4ms
[278.431s][info][gc,phases   ] GC(317)   Post Evacuate Collection Set: 0.2ms
[278.431s][info][gc,phases   ] GC(317)   Other: 0.1ms
[278.431s][info][gc,heap     ] GC(317) Eden regions: 58->0(58)
[278.431s][info][gc,heap     ] GC(317) Survivor regions: 1->1(8)
[278.431s][info][gc,heap     ] GC(317) Old regions: 37->37
[278.431s][info][gc,heap     ] GC(317) Archive regions: 2->2
[278.431s][info][gc,heap     ] GC(317) Humongous regions: 0->0
[278.431s][info][gc,metaspace] GC(317) Metaspace: 44432K(45520K)->44432K(45520K) NonClass: 39144K(39888K)->39144K(39888K) Class: 5288K(5632K)->5288K(5632K)
[278.431s][info][gc          ] GC(317) Pause Young (Normal) (G1 Evacuation Pause) 96M->38M(110M) 0.952ms
[278.431s][info][gc,cpu      ] GC(317) User=0.00s Sys=0.00s Real=0.00s
[278.694s][info][gc,start    ] GC(318) Pause Young (Normal) (G1 Evacuation Pause)
[278.695s][info][gc,task     ] GC(318) Using 8 workers of 8 for evacuation
[278.695s][info][gc,phases   ] GC(318)   Pre Evacuate Collection Set: 0.0ms
[278.695s][info][gc,phases   ] GC(318)   Merge Heap Roots: 0.0ms
[278.695s][info][gc,phases   ] GC(318)   Evacuate Collection Set: 0.4ms
[278.695s][info][gc,phases   ] GC(318)   Post Evacuate Collection Set: 0.2ms
[278.695s][info][gc,phases   ] GC(318)   Other: 0.1ms
[278.695s][info][gc,heap     ] GC(318) Eden regions: 58->0(58)
[278.695s][info][gc,heap     ] GC(318) Survivor regions: 1->1(8)
[278.695s][info][gc,heap     ] GC(318) Old regions: 37->37
[278.695s][info][gc,heap     ] GC(318) Archive regions: 2->2
[278.695s][info][gc,heap     ] GC(318) Humongous regions: 0->0
[278.695s][info][gc,metaspace] GC(318) Metaspace: 44432K(45520K)->44432K(45520K) NonClass: 39144K(39888K)->39144K(39888K) Class: 5288K(5632K)->5288K(5632K)
[278.695s][info][gc          ] GC(318) Pause Young (Normal) (G1 Evacuation Pause) 96M->38M(110M) 0.864ms
[278.695s][info][gc,cpu      ] GC(318) User=0.01s Sys=0.00s Real=0.00s
[278.965s][info][gc,start    ] GC(319) Pause Young (Normal) (G1 Evacuation Pause)
[278.965s][info][gc,task     ] GC(319) Using 8 workers of 8 for evacuation
[278.966s][info][gc,phases   ] GC(319)   Pre Evacuate Collection Set: 0.1ms
[278.966s][info][gc,phases   ] GC(319)   Merge Heap Roots: 0.0ms
[278.966s][info][gc,phases   ] GC(319)   Evacuate Collection Set: 0.4ms
[278.966s][info][gc,phases   ] GC(319)   Post Evacuate Collection Set: 0.2ms
[278.966s][info][gc,phases   ] GC(319)   Other: 0.1ms
[278.966s][info][gc,heap     ] GC(319) Eden regions: 58->0(58)
[278.966s][info][gc,heap     ] GC(319) Survivor regions: 1->1(8)
[278.966s][info][gc,heap     ] GC(319) Old regions: 37->37
[278.966s][info][gc,heap     ] GC(319) Archive regions: 2->2
[278.966s][info][gc,heap     ] GC(319) Humongous regions: 0->0
[278.966s][info][gc,metaspace] GC(319) Metaspace: 44432K(45520K)->44432K(45520K) NonClass: 39144K(39888K)->39144K(39888K) Class: 5288K(5632K)->5288K(5632K)
[278.966s][info][gc          ] GC(319) Pause Young (Normal) (G1 Evacuation Pause) 96M->38M(110M) 0.866ms
[278.966s][info][gc,cpu      ] GC(319) User=0.00s Sys=0.00s Real=0.00s
[279.275s][info][gc,start    ] GC(320) Pause Young (Normal) (G1 Evacuation Pause)
[279.275s][info][gc,task     ] GC(320) Using 8 workers of 8 for evacuation
[279.276s][info][gc,phases   ] GC(320)   Pre Evacuate Collection Set: 0.0ms
[279.276s][info][gc,phases   ] GC(320)   Merge Heap Roots: 0.0ms
[279.276s][info][gc,phases   ] GC(320)   Evacuate Collection Set: 0.4ms
[279.276s][info][gc,phases   ] GC(320)   Post Evacuate Collection Set: 0.2ms
[279.276s][info][gc,phases   ] GC(320)   Other: 0.1ms
[279.276s][info][gc,heap     ] GC(320) Eden regions: 58->0(58)
[279.276s][info][gc,heap     ] GC(320) Survivor regions: 1->1(8)
[279.276s][info][gc,heap     ] GC(320) Old regions: 37->37
[279.276s][info][gc,heap     ] GC(320) Archive regions: 2->2
[279.276s][info][gc,heap     ] GC(320) Humongous regions: 0->0
[279.276s][info][gc,metaspace] GC(320) Metaspace: 44432K(45520K)->44432K(45520K) NonClass: 39144K(39888K)->39144K(39888K) Class: 5288K(5632K)->5288K(5632K)
[279.276s][info][gc          ] GC(320) Pause Young (Normal) (G1 Evacuation Pause) 96M->38M(110M) 0.997ms
[279.276s][info][gc,cpu      ] GC(320) User=0.00s Sys=0.00s Real=0.00s
[279.611s][info][gc,start    ] GC(321) Pause Young (Normal) (G1 Evacuation Pause)
[279.611s][info][gc,task     ] GC(321) Using 8 workers of 8 for evacuation
[279.612s][info][gc,phases   ] GC(321)   Pre Evacuate Collection Set: 0.1ms
[279.612s][info][gc,phases   ] GC(321)   Merge Heap Roots: 0.0ms
[279.612s][info][gc,phases   ] GC(321)   Evacuate Collection Set: 0.4ms
[279.612s][info][gc,phases   ] GC(321)   Post Evacuate Collection Set: 0.3ms
[279.612s][info][gc,phases   ] GC(321)   Other: 0.1ms
[279.612s][info][gc,heap     ] GC(321) Eden regions: 58->0(57)
[279.612s][info][gc,heap     ] GC(321) Survivor regions: 1->1(8)
[279.612s][info][gc,heap     ] GC(321) Old regions: 37->38
[279.612s][info][gc,heap     ] GC(321) Archive regions: 2->2
[279.612s][info][gc,heap     ] GC(321) Humongous regions: 0->0
[279.612s][info][gc,metaspace] GC(321) Metaspace: 44432K(45520K)->44432K(45520K) NonClass: 39144K(39888K)->39144K(39888K) Class: 5288K(5632K)->5288K(5632K)
[279.612s][info][gc          ] GC(321) Pause Young (Normal) (G1 Evacuation Pause) 96M->38M(110M) 0.980ms
[279.612s][info][gc,cpu      ] GC(321) User=0.00s Sys=0.00s Real=0.00s
[279.898s][info][gc,start    ] GC(322) Pause Young (Normal) (G1 Evacuation Pause)
[279.898s][info][gc,task     ] GC(322) Using 8 workers of 8 for evacuation
[279.899s][info][gc,phases   ] GC(322)   Pre Evacuate Collection Set: 0.1ms
[279.899s][info][gc,phases   ] GC(322)   Merge Heap Roots: 0.0ms
[279.899s][info][gc,phases   ] GC(322)   Evacuate Collection Set: 0.4ms
[279.899s][info][gc,phases   ] GC(322)   Post Evacuate Collection Set: 0.2ms
[279.899s][info][gc,phases   ] GC(322)   Other: 0.2ms
[279.899s][info][gc,heap     ] GC(322) Eden regions: 57->0(57)
[279.899s][info][gc,heap     ] GC(322) Survivor regions: 1->1(8)
[279.899s][info][gc,heap     ] GC(322) Old regions: 38->38
[279.899s][info][gc,heap     ] GC(322) Archive regions: 2->2
[279.899s][info][gc,heap     ] GC(322) Humongous regions: 0->0
[279.899s][info][gc,metaspace] GC(322) Metaspace: 44432K(45520K)->44432K(45520K) NonClass: 39144K(39888K)->39144K(39888K) Class: 5288K(5632K)->5288K(5632K)
[279.899s][info][gc          ] GC(322) Pause Young (Normal) (G1 Evacuation Pause) 95M->38M(110M) 1.090ms
[279.899s][info][gc,cpu      ] GC(322) User=0.00s Sys=0.00s Real=0.01s
[280.185s][info][gc,start    ] GC(323) Pause Young (Normal) (G1 Evacuation Pause)
[280.185s][info][gc,task     ] GC(323) Using 8 workers of 8 for evacuation
[280.185s][info][gc,phases   ] GC(323)   Pre Evacuate Collection Set: 0.0ms
[280.185s][info][gc,phases   ] GC(323)   Merge Heap Roots: 0.0ms
[280.185s][info][gc,phases   ] GC(323)   Evacuate Collection Set: 0.4ms
[280.186s][info][gc,phases   ] GC(323)   Post Evacuate Collection Set: 0.2ms
[280.186s][info][gc,phases   ] GC(323)   Other: 0.2ms
[280.186s][info][gc,heap     ] GC(323) Eden regions: 57->0(57)
[280.186s][info][gc,heap     ] GC(323) Survivor regions: 1->1(8)
[280.186s][info][gc,heap     ] GC(323) Old regions: 38->38
[280.186s][info][gc,heap     ] GC(323) Archive regions: 2->2
[280.186s][info][gc,heap     ] GC(323) Humongous regions: 0->0
[280.186s][info][gc,metaspace] GC(323) Metaspace: 44432K(45520K)->44432K(45520K) NonClass: 39144K(39888K)->39144K(39888K) Class: 5288K(5632K)->5288K(5632K)
[280.186s][info][gc          ] GC(323) Pause Young (Normal) (G1 Evacuation Pause) 95M->38M(110M) 0.926ms
[280.186s][info][gc,cpu      ] GC(323) User=0.00s Sys=0.00s Real=0.00s
[280.458s][info][gc,start    ] GC(324) Pause Young (Normal) (G1 Evacuation Pause)
[280.458s][info][gc,task     ] GC(324) Using 8 workers of 8 for evacuation
[280.459s][info][gc,phases   ] GC(324)   Pre Evacuate Collection Set: 0.0ms
[280.459s][info][gc,phases   ] GC(324)   Merge Heap Roots: 0.0ms
[280.459s][info][gc,phases   ] GC(324)   Evacuate Collection Set: 0.5ms
[280.459s][info][gc,phases   ] GC(324)   Post Evacuate Collection Set: 0.2ms
[280.459s][info][gc,phases   ] GC(324)   Other: 0.2ms
[280.459s][info][gc,heap     ] GC(324) Eden regions: 57->0(57)
[280.459s][info][gc,heap     ] GC(324) Survivor regions: 1->1(8)
[280.459s][info][gc,heap     ] GC(324) Old regions: 38->38
[280.459s][info][gc,heap     ] GC(324) Archive regions: 2->2
[280.459s][info][gc,heap     ] GC(324) Humongous regions: 0->0
[280.459s][info][gc,metaspace] GC(324) Metaspace: 44437K(45520K)->44437K(45520K) NonClass: 39149K(39888K)->39149K(39888K) Class: 5288K(5632K)->5288K(5632K)
[280.459s][info][gc          ] GC(324) Pause Young (Normal) (G1 Evacuation Pause) 95M->38M(110M) 1.150ms
[280.459s][info][gc,cpu      ] GC(324) User=0.01s Sys=0.00s Real=0.01s
[280.704s][info][gc,start    ] GC(325) Pause Young (Normal) (G1 Evacuation Pause)
[280.704s][info][gc,task     ] GC(325) Using 8 workers of 8 for evacuation
[280.704s][info][gc,phases   ] GC(325)   Pre Evacuate Collection Set: 0.0ms
[280.704s][info][gc,phases   ] GC(325)   Merge Heap Roots: 0.0ms
[280.704s][info][gc,phases   ] GC(325)   Evacuate Collection Set: 0.4ms
[280.704s][info][gc,phases   ] GC(325)   Post Evacuate Collection Set: 0.2ms
[280.704s][info][gc,phases   ] GC(325)   Other: 0.1ms
[280.704s][info][gc,heap     ] GC(325) Eden regions: 57->0(57)
[280.704s][info][gc,heap     ] GC(325) Survivor regions: 1->1(8)
[280.704s][info][gc,heap     ] GC(325) Old regions: 38->38
[280.704s][info][gc,heap     ] GC(325) Archive regions: 2->2
[280.705s][info][gc,heap     ] GC(325) Humongous regions: 0->0
[280.705s][info][gc,metaspace] GC(325) Metaspace: 44437K(45520K)->44437K(45520K) NonClass: 39149K(39888K)->39149K(39888K) Class: 5288K(5632K)->5288K(5632K)
[280.705s][info][gc          ] GC(325) Pause Young (Normal) (G1 Evacuation Pause) 95M->38M(110M) 0.845ms
[280.705s][info][gc,cpu      ] GC(325) User=0.00s Sys=0.00s Real=0.00s
[280.975s][info][gc,start    ] GC(326) Pause Young (Normal) (G1 Evacuation Pause)
[280.975s][info][gc,task     ] GC(326) Using 8 workers of 8 for evacuation
[280.976s][info][gc,phases   ] GC(326)   Pre Evacuate Collection Set: 0.0ms
[280.976s][info][gc,phases   ] GC(326)   Merge Heap Roots: 0.0ms
[280.976s][info][gc,phases   ] GC(326)   Evacuate Collection Set: 0.4ms
[280.976s][info][gc,phases   ] GC(326)   Post Evacuate Collection Set: 0.2ms
[280.976s][info][gc,phases   ] GC(326)   Other: 0.2ms
[280.976s][info][gc,heap     ] GC(326) Eden regions: 57->0(57)
[280.976s][info][gc,heap     ] GC(326) Survivor regions: 1->1(8)
[280.976s][info][gc,heap     ] GC(326) Old regions: 38->38
[280.976s][info][gc,heap     ] GC(326) Archive regions: 2->2
[280.976s][info][gc,heap     ] GC(326) Humongous regions: 0->0
[280.976s][info][gc,metaspace] GC(326) Metaspace: 44437K(45520K)->44437K(45520K) NonClass: 39149K(39888K)->39149K(39888K) Class: 5288K(5632K)->5288K(5632K)
[280.976s][info][gc          ] GC(326) Pause Young (Normal) (G1 Evacuation Pause) 95M->38M(110M) 0.923ms
[280.976s][info][gc,cpu      ] GC(326) User=0.01s Sys=0.00s Real=0.00s
[281.270s][info][gc,start    ] GC(327) Pause Young (Normal) (G1 Evacuation Pause)
[281.270s][info][gc,task     ] GC(327) Using 8 workers of 8 for evacuation
[281.271s][info][gc,phases   ] GC(327)   Pre Evacuate Collection Set: 0.0ms
[281.271s][info][gc,phases   ] GC(327)   Merge Heap Roots: 0.0ms
[281.271s][info][gc,phases   ] GC(327)   Evacuate Collection Set: 0.4ms
[281.271s][info][gc,phases   ] GC(327)   Post Evacuate Collection Set: 0.2ms
[281.271s][info][gc,phases   ] GC(327)   Other: 0.2ms
[281.271s][info][gc,heap     ] GC(327) Eden regions: 57->0(57)
[281.271s][info][gc,heap     ] GC(327) Survivor regions: 1->1(8)
[281.271s][info][gc,heap     ] GC(327) Old regions: 38->38
[281.271s][info][gc,heap     ] GC(327) Archive regions: 2->2
[281.271s][info][gc,heap     ] GC(327) Humongous regions: 0->0
[281.271s][info][gc,metaspace] GC(327) Metaspace: 44438K(45520K)->44438K(45520K) NonClass: 39150K(39888K)->39150K(39888K) Class: 5288K(5632K)->5288K(5632K)
[281.271s][info][gc          ] GC(327) Pause Young (Normal) (G1 Evacuation Pause) 95M->38M(110M) 0.887ms
[281.271s][info][gc,cpu      ] GC(327) User=0.00s Sys=0.00s Real=0.00s
[281.534s][info][gc,start    ] GC(328) Pause Young (Normal) (G1 Evacuation Pause)
[281.534s][info][gc,task     ] GC(328) Using 8 workers of 8 for evacuation
[281.535s][info][gc,phases   ] GC(328)   Pre Evacuate Collection Set: 0.0ms
[281.535s][info][gc,phases   ] GC(328)   Merge Heap Roots: 0.0ms
[281.535s][info][gc,phases   ] GC(328)   Evacuate Collection Set: 0.5ms
[281.535s][info][gc,phases   ] GC(328)   Post Evacuate Collection Set: 0.2ms
[281.535s][info][gc,phases   ] GC(328)   Other: 0.1ms
[281.535s][info][gc,heap     ] GC(328) Eden regions: 57->0(57)
[281.535s][info][gc,heap     ] GC(328) Survivor regions: 1->1(8)
[281.535s][info][gc,heap     ] GC(328) Old regions: 38->38
[281.535s][info][gc,heap     ] GC(328) Archive regions: 2->2
[281.535s][info][gc,heap     ] GC(328) Humongous regions: 0->0
[281.535s][info][gc,metaspace] GC(328) Metaspace: 44438K(45520K)->44438K(45520K) NonClass: 39150K(39888K)->39150K(39888K) Class: 5288K(5632K)->5288K(5632K)
[281.535s][info][gc          ] GC(328) Pause Young (Normal) (G1 Evacuation Pause) 95M->38M(110M) 1.026ms
[281.535s][info][gc,cpu      ] GC(328) User=0.00s Sys=0.00s Real=0.00s
[281.802s][info][gc,start    ] GC(329) Pause Young (Normal) (G1 Evacuation Pause)
[281.802s][info][gc,task     ] GC(329) Using 8 workers of 8 for evacuation
[281.803s][info][gc,phases   ] GC(329)   Pre Evacuate Collection Set: 0.0ms
[281.803s][info][gc,phases   ] GC(329)   Merge Heap Roots: 0.0ms
[281.803s][info][gc,phases   ] GC(329)   Evacuate Collection Set: 0.4ms
[281.803s][info][gc,phases   ] GC(329)   Post Evacuate Collection Set: 0.2ms
[281.803s][info][gc,phases   ] GC(329)   Other: 0.1ms
[281.803s][info][gc,heap     ] GC(329) Eden regions: 57->0(57)
[281.803s][info][gc,heap     ] GC(329) Survivor regions: 1->1(8)
[281.803s][info][gc,heap     ] GC(329) Old regions: 38->38
[281.803s][info][gc,heap     ] GC(329) Archive regions: 2->2
[281.803s][info][gc,heap     ] GC(329) Humongous regions: 0->0
[281.803s][info][gc,metaspace] GC(329) Metaspace: 44438K(45520K)->44438K(45520K) NonClass: 39150K(39888K)->39150K(39888K) Class: 5288K(5632K)->5288K(5632K)
[281.803s][info][gc          ] GC(329) Pause Young (Normal) (G1 Evacuation Pause) 95M->38M(110M) 0.832ms
[281.803s][info][gc,cpu      ] GC(329) User=0.01s Sys=0.00s Real=0.00s
[282.120s][info][gc,start    ] GC(330) Pause Young (Normal) (G1 Evacuation Pause)
[282.120s][info][gc,task     ] GC(330) Using 8 workers of 8 for evacuation
[282.120s][info][gc,phases   ] GC(330)   Pre Evacuate Collection Set: 0.0ms
[282.121s][info][gc,phases   ] GC(330)   Merge Heap Roots: 0.0ms
[282.121s][info][gc,phases   ] GC(330)   Evacuate Collection Set: 0.4ms
[282.121s][info][gc,phases   ] GC(330)   Post Evacuate Collection Set: 0.2ms
[282.121s][info][gc,phases   ] GC(330)   Other: 0.2ms
[282.121s][info][gc,heap     ] GC(330) Eden regions: 57->0(57)
[282.121s][info][gc,heap     ] GC(330) Survivor regions: 1->1(8)
[282.121s][info][gc,heap     ] GC(330) Old regions: 38->38
[282.121s][info][gc,heap     ] GC(330) Archive regions: 2->2
[282.121s][info][gc,heap     ] GC(330) Humongous regions: 0->0
[282.121s][info][gc,metaspace] GC(330) Metaspace: 44438K(45520K)->44438K(45520K) NonClass: 39150K(39888K)->39150K(39888K) Class: 5288K(5632K)->5288K(5632K)
[282.121s][info][gc          ] GC(330) Pause Young (Normal) (G1 Evacuation Pause) 95M->38M(110M) 0.882ms
[282.121s][info][gc,cpu      ] GC(330) User=0.00s Sys=0.00s Real=0.00s
[282.446s][info][gc,start    ] GC(331) Pause Young (Normal) (G1 Evacuation Pause)
[282.446s][info][gc,task     ] GC(331) Using 8 workers of 8 for evacuation
[282.447s][info][gc,phases   ] GC(331)   Pre Evacuate Collection Set: 0.0ms
[282.447s][info][gc,phases   ] GC(331)   Merge Heap Roots: 0.0ms
[282.447s][info][gc,phases   ] GC(331)   Evacuate Collection Set: 0.9ms
[282.447s][info][gc,phases   ] GC(331)   Post Evacuate Collection Set: 0.2ms
[282.447s][info][gc,phases   ] GC(331)   Other: 0.1ms
[282.447s][info][gc,heap     ] GC(331) Eden regions: 57->0(57)
[282.447s][info][gc,heap     ] GC(331) Survivor regions: 1->1(8)
[282.447s][info][gc,heap     ] GC(331) Old regions: 38->38
[282.447s][info][gc,heap     ] GC(331) Archive regions: 2->2
[282.448s][info][gc,heap     ] GC(331) Humongous regions: 0->0
[282.448s][info][gc,metaspace] GC(331) Metaspace: 44449K(45520K)->44449K(45520K) NonClass: 39161K(39888K)->39161K(39888K) Class: 5288K(5632K)->5288K(5632K)
[282.448s][info][gc          ] GC(331) Pause Young (Normal) (G1 Evacuation Pause) 95M->38M(110M) 1.578ms
[282.448s][info][gc,cpu      ] GC(331) User=0.00s Sys=0.00s Real=0.00s
[282.755s][info][gc,start    ] GC(332) Pause Young (Normal) (G1 Evacuation Pause)
[282.755s][info][gc,task     ] GC(332) Using 8 workers of 8 for evacuation
[282.756s][info][gc,phases   ] GC(332)   Pre Evacuate Collection Set: 0.0ms
[282.756s][info][gc,phases   ] GC(332)   Merge Heap Roots: 0.0ms
[282.756s][info][gc,phases   ] GC(332)   Evacuate Collection Set: 0.3ms
[282.756s][info][gc,phases   ] GC(332)   Post Evacuate Collection Set: 0.1ms
[282.756s][info][gc,phases   ] GC(332)   Other: 0.2ms
[282.756s][info][gc,heap     ] GC(332) Eden regions: 57->0(57)
[282.756s][info][gc,heap     ] GC(332) Survivor regions: 1->1(8)
[282.756s][info][gc,heap     ] GC(332) Old regions: 38->38
[282.756s][info][gc,heap     ] GC(332) Archive regions: 2->2
[282.756s][info][gc,heap     ] GC(332) Humongous regions: 0->0
[282.756s][info][gc,metaspace] GC(332) Metaspace: 44449K(45520K)->44449K(45520K) NonClass: 39161K(39888K)->39161K(39888K) Class: 5288K(5632K)->5288K(5632K)
[282.756s][info][gc          ] GC(332) Pause Young (Normal) (G1 Evacuation Pause) 95M->38M(110M) 0.765ms
[282.756s][info][gc,cpu      ] GC(332) User=0.00s Sys=0.00s Real=0.00s
[283.041s][info][gc,start    ] GC(333) Pause Young (Normal) (G1 Evacuation Pause)
[283.041s][info][gc,task     ] GC(333) Using 8 workers of 8 for evacuation
[283.042s][info][gc,phases   ] GC(333)   Pre Evacuate Collection Set: 0.1ms
[283.042s][info][gc,phases   ] GC(333)   Merge Heap Roots: 0.0ms
[283.042s][info][gc,phases   ] GC(333)   Evacuate Collection Set: 0.5ms
[283.042s][info][gc,phases   ] GC(333)   Post Evacuate Collection Set: 0.2ms
[283.042s][info][gc,phases   ] GC(333)   Other: 0.1ms
[283.042s][info][gc,heap     ] GC(333) Eden regions: 57->0(57)
[283.042s][info][gc,heap     ] GC(333) Survivor regions: 1->1(8)
[283.042s][info][gc,heap     ] GC(333) Old regions: 38->38
[283.042s][info][gc,heap     ] GC(333) Archive regions: 2->2
[283.042s][info][gc,heap     ] GC(333) Humongous regions: 0->0
[283.042s][info][gc,metaspace] GC(333) Metaspace: 44449K(45520K)->44449K(45520K) NonClass: 39161K(39888K)->39161K(39888K) Class: 5288K(5632K)->5288K(5632K)
[283.042s][info][gc          ] GC(333) Pause Young (Normal) (G1 Evacuation Pause) 95M->38M(110M) 1.030ms
[283.042s][info][gc,cpu      ] GC(333) User=0.00s Sys=0.00s Real=0.00s
[283.347s][info][gc,start    ] GC(334) Pause Young (Normal) (G1 Evacuation Pause)
[283.347s][info][gc,task     ] GC(334) Using 8 workers of 8 for evacuation
[283.348s][info][gc,phases   ] GC(334)   Pre Evacuate Collection Set: 0.0ms
[283.348s][info][gc,phases   ] GC(334)   Merge Heap Roots: 0.0ms
[283.348s][info][gc,phases   ] GC(334)   Evacuate Collection Set: 0.3ms
[283.348s][info][gc,phases   ] GC(334)   Post Evacuate Collection Set: 0.2ms
[283.348s][info][gc,phases   ] GC(334)   Other: 0.2ms
[283.348s][info][gc,heap     ] GC(334) Eden regions: 57->0(57)
[283.348s][info][gc,heap     ] GC(334) Survivor regions: 1->1(8)
[283.348s][info][gc,heap     ] GC(334) Old regions: 38->38
[283.348s][info][gc,heap     ] GC(334) Archive regions: 2->2
[283.348s][info][gc,heap     ] GC(334) Humongous regions: 0->0
[283.348s][info][gc,metaspace] GC(334) Metaspace: 44449K(45520K)->44449K(45520K) NonClass: 39161K(39888K)->39161K(39888K) Class: 5288K(5632K)->5288K(5632K)
[283.348s][info][gc          ] GC(334) Pause Young (Normal) (G1 Evacuation Pause) 95M->38M(110M) 0.918ms
[283.348s][info][gc,cpu      ] GC(334) User=0.00s Sys=0.00s Real=0.00s
[283.594s][info][gc,start    ] GC(335) Pause Young (Normal) (G1 Evacuation Pause)
[283.594s][info][gc,task     ] GC(335) Using 8 workers of 8 for evacuation
[283.595s][info][gc,phases   ] GC(335)   Pre Evacuate Collection Set: 0.0ms
[283.595s][info][gc,phases   ] GC(335)   Merge Heap Roots: 0.0ms
[283.595s][info][gc,phases   ] GC(335)   Evacuate Collection Set: 0.4ms
[283.595s][info][gc,phases   ] GC(335)   Post Evacuate Collection Set: 0.2ms
[283.595s][info][gc,phases   ] GC(335)   Other: 0.1ms
[283.595s][info][gc,heap     ] GC(335) Eden regions: 57->0(57)
[283.595s][info][gc,heap     ] GC(335) Survivor regions: 1->1(8)
[283.595s][info][gc,heap     ] GC(335) Old regions: 38->38
[283.595s][info][gc,heap     ] GC(335) Archive regions: 2->2
[283.595s][info][gc,heap     ] GC(335) Humongous regions: 0->0
[283.595s][info][gc,metaspace] GC(335) Metaspace: 44449K(45520K)->44449K(45520K) NonClass: 39161K(39888K)->39161K(39888K) Class: 5288K(5632K)->5288K(5632K)
[283.595s][info][gc          ] GC(335) Pause Young (Normal) (G1 Evacuation Pause) 95M->38M(110M) 0.889ms
[283.595s][info][gc,cpu      ] GC(335) User=0.01s Sys=0.00s Real=0.00s
[283.847s][info][gc,start    ] GC(336) Pause Young (Normal) (G1 Evacuation Pause)
[283.847s][info][gc,task     ] GC(336) Using 8 workers of 8 for evacuation
[283.847s][info][gc,phases   ] GC(336)   Pre Evacuate Collection Set: 0.0ms
[283.847s][info][gc,phases   ] GC(336)   Merge Heap Roots: 0.0ms
[283.847s][info][gc,phases   ] GC(336)   Evacuate Collection Set: 0.4ms
[283.847s][info][gc,phases   ] GC(336)   Post Evacuate Collection Set: 0.2ms
[283.847s][info][gc,phases   ] GC(336)   Other: 0.1ms
[283.847s][info][gc,heap     ] GC(336) Eden regions: 57->0(57)
[283.847s][info][gc,heap     ] GC(336) Survivor regions: 1->1(8)
[283.847s][info][gc,heap     ] GC(336) Old regions: 38->38
[283.847s][info][gc,heap     ] GC(336) Archive regions: 2->2
[283.847s][info][gc,heap     ] GC(336) Humongous regions: 0->0
[283.847s][info][gc,metaspace] GC(336) Metaspace: 44449K(45520K)->44449K(45520K) NonClass: 39161K(39888K)->39161K(39888K) Class: 5288K(5632K)->5288K(5632K)
[283.847s][info][gc          ] GC(336) Pause Young (Normal) (G1 Evacuation Pause) 95M->38M(110M) 0.875ms
[283.847s][info][gc,cpu      ] GC(336) User=0.01s Sys=0.00s Real=0.00s
[284.112s][info][gc,start    ] GC(337) Pause Young (Normal) (G1 Evacuation Pause)
[284.112s][info][gc,task     ] GC(337) Using 8 workers of 8 for evacuation
[284.112s][info][gc,phases   ] GC(337)   Pre Evacuate Collection Set: 0.0ms
[284.112s][info][gc,phases   ] GC(337)   Merge Heap Roots: 0.0ms
[284.112s][info][gc,phases   ] GC(337)   Evacuate Collection Set: 0.4ms
[284.112s][info][gc,phases   ] GC(337)   Post Evacuate Collection Set: 0.2ms
[284.112s][info][gc,phases   ] GC(337)   Other: 0.1ms
[284.112s][info][gc,heap     ] GC(337) Eden regions: 57->0(57)
[284.112s][info][gc,heap     ] GC(337) Survivor regions: 1->1(8)
[284.112s][info][gc,heap     ] GC(337) Old regions: 38->38
[284.112s][info][gc,heap     ] GC(337) Archive regions: 2->2
[284.112s][info][gc,heap     ] GC(337) Humongous regions: 0->0
[284.112s][info][gc,metaspace] GC(337) Metaspace: 44450K(45520K)->44450K(45520K) NonClass: 39162K(39888K)->39162K(39888K) Class: 5288K(5632K)->5288K(5632K)
[284.112s][info][gc          ] GC(337) Pause Young (Normal) (G1 Evacuation Pause) 95M->38M(110M) 0.875ms
[284.113s][info][gc,cpu      ] GC(337) User=0.00s Sys=0.00s Real=0.00s
[284.462s][info][gc,start    ] GC(338) Pause Young (Normal) (G1 Evacuation Pause)
[284.462s][info][gc,task     ] GC(338) Using 8 workers of 8 for evacuation
[284.463s][info][gc,phases   ] GC(338)   Pre Evacuate Collection Set: 0.0ms
[284.463s][info][gc,phases   ] GC(338)   Merge Heap Roots: 0.0ms
[284.463s][info][gc,phases   ] GC(338)   Evacuate Collection Set: 0.4ms
[284.463s][info][gc,phases   ] GC(338)   Post Evacuate Collection Set: 0.2ms
[284.463s][info][gc,phases   ] GC(338)   Other: 0.1ms
[284.463s][info][gc,heap     ] GC(338) Eden regions: 57->0(57)
[284.463s][info][gc,heap     ] GC(338) Survivor regions: 1->1(8)
[284.463s][info][gc,heap     ] GC(338) Old regions: 38->38
[284.463s][info][gc,heap     ] GC(338) Archive regions: 2->2
[284.463s][info][gc,heap     ] GC(338) Humongous regions: 0->0
[284.463s][info][gc,metaspace] GC(338) Metaspace: 44450K(45520K)->44450K(45520K) NonClass: 39162K(39888K)->39162K(39888K) Class: 5288K(5632K)->5288K(5632K)
[284.463s][info][gc          ] GC(338) Pause Young (Normal) (G1 Evacuation Pause) 95M->38M(110M) 0.858ms
[284.463s][info][gc,cpu      ] GC(338) User=0.00s Sys=0.00s Real=0.00s
[284.732s][info][gc,start    ] GC(339) Pause Young (Normal) (G1 Evacuation Pause)
[284.732s][info][gc,task     ] GC(339) Using 8 workers of 8 for evacuation
[284.733s][info][gc,phases   ] GC(339)   Pre Evacuate Collection Set: 0.0ms
[284.733s][info][gc,phases   ] GC(339)   Merge Heap Roots: 0.0ms
[284.733s][info][gc,phases   ] GC(339)   Evacuate Collection Set: 0.4ms
[284.733s][info][gc,phases   ] GC(339)   Post Evacuate Collection Set: 0.2ms
[284.733s][info][gc,phases   ] GC(339)   Other: 0.1ms
[284.733s][info][gc,heap     ] GC(339) Eden regions: 57->0(57)
[284.733s][info][gc,heap     ] GC(339) Survivor regions: 1->1(8)
[284.733s][info][gc,heap     ] GC(339) Old regions: 38->38
[284.733s][info][gc,heap     ] GC(339) Archive regions: 2->2
[284.733s][info][gc,heap     ] GC(339) Humongous regions: 0->0
[284.733s][info][gc,metaspace] GC(339) Metaspace: 44450K(45520K)->44450K(45520K) NonClass: 39162K(39888K)->39162K(39888K) Class: 5288K(5632K)->5288K(5632K)
[284.733s][info][gc          ] GC(339) Pause Young (Normal) (G1 Evacuation Pause) 95M->38M(110M) 0.908ms
[284.733s][info][gc,cpu      ] GC(339) User=0.00s Sys=0.00s Real=0.00s
[285.022s][info][gc,start    ] GC(340) Pause Young (Normal) (G1 Evacuation Pause)
[285.022s][info][gc,task     ] GC(340) Using 8 workers of 8 for evacuation
[285.022s][info][gc,phases   ] GC(340)   Pre Evacuate Collection Set: 0.0ms
[285.022s][info][gc,phases   ] GC(340)   Merge Heap Roots: 0.0ms
[285.022s][info][gc,phases   ] GC(340)   Evacuate Collection Set: 0.4ms
[285.023s][info][gc,phases   ] GC(340)   Post Evacuate Collection Set: 0.3ms
[285.023s][info][gc,phases   ] GC(340)   Other: 0.2ms
[285.023s][info][gc,heap     ] GC(340) Eden regions: 57->0(57)
[285.023s][info][gc,heap     ] GC(340) Survivor regions: 1->1(8)
[285.023s][info][gc,heap     ] GC(340) Old regions: 38->38
[285.023s][info][gc,heap     ] GC(340) Archive regions: 2->2
[285.023s][info][gc,heap     ] GC(340) Humongous regions: 0->0
[285.023s][info][gc,metaspace] GC(340) Metaspace: 44451K(45520K)->44451K(45520K) NonClass: 39163K(39888K)->39163K(39888K) Class: 5288K(5632K)->5288K(5632K)
[285.023s][info][gc          ] GC(340) Pause Young (Normal) (G1 Evacuation Pause) 95M->38M(110M) 1.003ms
[285.023s][info][gc,cpu      ] GC(340) User=0.00s Sys=0.00s Real=0.00s
[285.291s][info][gc,start    ] GC(341) Pause Young (Normal) (G1 Evacuation Pause)
[285.291s][info][gc,task     ] GC(341) Using 8 workers of 8 for evacuation
[285.292s][info][gc,phases   ] GC(341)   Pre Evacuate Collection Set: 0.0ms
[285.292s][info][gc,phases   ] GC(341)   Merge Heap Roots: 0.0ms
[285.292s][info][gc,phases   ] GC(341)   Evacuate Collection Set: 0.4ms
[285.292s][info][gc,phases   ] GC(341)   Post Evacuate Collection Set: 0.2ms
[285.292s][info][gc,phases   ] GC(341)   Other: 0.2ms
[285.292s][info][gc,heap     ] GC(341) Eden regions: 57->0(57)
[285.292s][info][gc,heap     ] GC(341) Survivor regions: 1->1(8)
[285.292s][info][gc,heap     ] GC(341) Old regions: 38->38
[285.292s][info][gc,heap     ] GC(341) Archive regions: 2->2
[285.292s][info][gc,heap     ] GC(341) Humongous regions: 0->0
[285.292s][info][gc,metaspace] GC(341) Metaspace: 44451K(45520K)->44451K(45520K) NonClass: 39163K(39888K)->39163K(39888K) Class: 5288K(5632K)->5288K(5632K)
[285.292s][info][gc          ] GC(341) Pause Young (Normal) (G1 Evacuation Pause) 95M->38M(110M) 0.975ms
[285.292s][info][gc,cpu      ] GC(341) User=0.00s Sys=0.00s Real=0.00s
[285.539s][info][gc,start    ] GC(342) Pause Young (Normal) (G1 Evacuation Pause)
[285.539s][info][gc,task     ] GC(342) Using 8 workers of 8 for evacuation
[285.540s][info][gc,phases   ] GC(342)   Pre Evacuate Collection Set: 0.0ms
[285.540s][info][gc,phases   ] GC(342)   Merge Heap Roots: 0.0ms
[285.540s][info][gc,phases   ] GC(342)   Evacuate Collection Set: 0.4ms
[285.540s][info][gc,phases   ] GC(342)   Post Evacuate Collection Set: 0.2ms
[285.540s][info][gc,phases   ] GC(342)   Other: 0.2ms
[285.540s][info][gc,heap     ] GC(342) Eden regions: 57->0(57)
[285.540s][info][gc,heap     ] GC(342) Survivor regions: 1->1(8)
[285.540s][info][gc,heap     ] GC(342) Old regions: 38->38
[285.540s][info][gc,heap     ] GC(342) Archive regions: 2->2
[285.540s][info][gc,heap     ] GC(342) Humongous regions: 0->0
[285.540s][info][gc,metaspace] GC(342) Metaspace: 44451K(45520K)->44451K(45520K) NonClass: 39163K(39888K)->39163K(39888K) Class: 5288K(5632K)->5288K(5632K)
[285.540s][info][gc          ] GC(342) Pause Young (Normal) (G1 Evacuation Pause) 95M->38M(110M) 0.924ms
[285.540s][info][gc,cpu      ] GC(342) User=0.00s Sys=0.00s Real=0.00s
[285.782s][info][gc,start    ] GC(343) Pause Young (Normal) (G1 Evacuation Pause)
[285.782s][info][gc,task     ] GC(343) Using 8 workers of 8 for evacuation
[285.782s][info][gc,phases   ] GC(343)   Pre Evacuate Collection Set: 0.0ms
[285.782s][info][gc,phases   ] GC(343)   Merge Heap Roots: 0.0ms
[285.782s][info][gc,phases   ] GC(343)   Evacuate Collection Set: 0.4ms
[285.782s][info][gc,phases   ] GC(343)   Post Evacuate Collection Set: 0.2ms
[285.782s][info][gc,phases   ] GC(343)   Other: 0.2ms
[285.782s][info][gc,heap     ] GC(343) Eden regions: 57->0(57)
[285.782s][info][gc,heap     ] GC(343) Survivor regions: 1->1(8)
[285.782s][info][gc,heap     ] GC(343) Old regions: 38->38
[285.782s][info][gc,heap     ] GC(343) Archive regions: 2->2
[285.782s][info][gc,heap     ] GC(343) Humongous regions: 0->0
[285.782s][info][gc,metaspace] GC(343) Metaspace: 44451K(45520K)->44451K(45520K) NonClass: 39163K(39888K)->39163K(39888K) Class: 5288K(5632K)->5288K(5632K)
[285.782s][info][gc          ] GC(343) Pause Young (Normal) (G1 Evacuation Pause) 95M->38M(110M) 0.866ms
[285.782s][info][gc,cpu      ] GC(343) User=0.00s Sys=0.00s Real=0.00s
[286.040s][info][gc,start    ] GC(344) Pause Young (Normal) (G1 Evacuation Pause)
[286.041s][info][gc,task     ] GC(344) Using 8 workers of 8 for evacuation
[286.041s][info][gc,phases   ] GC(344)   Pre Evacuate Collection Set: 0.1ms
[286.042s][info][gc,phases   ] GC(344)   Merge Heap Roots: 0.0ms
[286.042s][info][gc,phases   ] GC(344)   Evacuate Collection Set: 0.5ms
[286.042s][info][gc,phases   ] GC(344)   Post Evacuate Collection Set: 0.2ms
[286.042s][info][gc,phases   ] GC(344)   Other: 0.2ms
[286.042s][info][gc,heap     ] GC(344) Eden regions: 57->0(57)
[286.042s][info][gc,heap     ] GC(344) Survivor regions: 1->1(8)
[286.042s][info][gc,heap     ] GC(344) Old regions: 38->38
[286.042s][info][gc,heap     ] GC(344) Archive regions: 2->2
[286.042s][info][gc,heap     ] GC(344) Humongous regions: 0->0
[286.042s][info][gc,metaspace] GC(344) Metaspace: 44453K(45520K)->44453K(45520K) NonClass: 39165K(39888K)->39165K(39888K) Class: 5288K(5632K)->5288K(5632K)
[286.042s][info][gc          ] GC(344) Pause Young (Normal) (G1 Evacuation Pause) 95M->38M(110M) 1.220ms
[286.042s][info][gc,cpu      ] GC(344) User=0.01s Sys=0.01s Real=0.00s
[286.286s][info][gc,start    ] GC(345) Pause Young (Normal) (G1 Evacuation Pause)
[286.286s][info][gc,task     ] GC(345) Using 8 workers of 8 for evacuation
[286.287s][info][gc,phases   ] GC(345)   Pre Evacuate Collection Set: 0.1ms
[286.287s][info][gc,phases   ] GC(345)   Merge Heap Roots: 0.0ms
[286.287s][info][gc,phases   ] GC(345)   Evacuate Collection Set: 0.4ms
[286.287s][info][gc,phases   ] GC(345)   Post Evacuate Collection Set: 0.3ms
[286.287s][info][gc,phases   ] GC(345)   Other: 0.2ms
[286.287s][info][gc,heap     ] GC(345) Eden regions: 57->0(57)
[286.287s][info][gc,heap     ] GC(345) Survivor regions: 1->1(8)
[286.287s][info][gc,heap     ] GC(345) Old regions: 38->38
[286.287s][info][gc,heap     ] GC(345) Archive regions: 2->2
[286.287s][info][gc,heap     ] GC(345) Humongous regions: 0->0
[286.287s][info][gc,metaspace] GC(345) Metaspace: 44453K(45520K)->44453K(45520K) NonClass: 39165K(39888K)->39165K(39888K) Class: 5288K(5632K)->5288K(5632K)
[286.287s][info][gc          ] GC(345) Pause Young (Normal) (G1 Evacuation Pause) 95M->38M(110M) 1.057ms
[286.287s][info][gc,cpu      ] GC(345) User=0.00s Sys=0.00s Real=0.00s
[286.528s][info][gc,start    ] GC(346) Pause Young (Normal) (G1 Evacuation Pause)
[286.528s][info][gc,task     ] GC(346) Using 8 workers of 8 for evacuation
[286.529s][info][gc,phases   ] GC(346)   Pre Evacuate Collection Set: 0.0ms
[286.529s][info][gc,phases   ] GC(346)   Merge Heap Roots: 0.0ms
[286.529s][info][gc,phases   ] GC(346)   Evacuate Collection Set: 0.4ms
[286.529s][info][gc,phases   ] GC(346)   Post Evacuate Collection Set: 0.2ms
[286.529s][info][gc,phases   ] GC(346)   Other: 0.1ms
[286.529s][info][gc,heap     ] GC(346) Eden regions: 57->0(57)
[286.529s][info][gc,heap     ] GC(346) Survivor regions: 1->1(8)
[286.529s][info][gc,heap     ] GC(346) Old regions: 38->38
[286.529s][info][gc,heap     ] GC(346) Archive regions: 2->2
[286.529s][info][gc,heap     ] GC(346) Humongous regions: 0->0
[286.529s][info][gc,metaspace] GC(346) Metaspace: 44453K(45520K)->44453K(45520K) NonClass: 39165K(39888K)->39165K(39888K) Class: 5288K(5632K)->5288K(5632K)
[286.529s][info][gc          ] GC(346) Pause Young (Normal) (G1 Evacuation Pause) 95M->38M(110M) 0.916ms
[286.529s][info][gc,cpu      ] GC(346) User=0.00s Sys=0.00s Real=0.00s
[286.784s][info][gc,start    ] GC(347) Pause Young (Normal) (G1 Evacuation Pause)
[286.784s][info][gc,task     ] GC(347) Using 8 workers of 8 for evacuation
[286.785s][info][gc,phases   ] GC(347)   Pre Evacuate Collection Set: 0.0ms
[286.785s][info][gc,phases   ] GC(347)   Merge Heap Roots: 0.0ms
[286.785s][info][gc,phases   ] GC(347)   Evacuate Collection Set: 0.4ms
[286.785s][info][gc,phases   ] GC(347)   Post Evacuate Collection Set: 0.2ms
[286.785s][info][gc,phases   ] GC(347)   Other: 0.1ms
[286.785s][info][gc,heap     ] GC(347) Eden regions: 57->0(57)
[286.785s][info][gc,heap     ] GC(347) Survivor regions: 1->1(8)
[286.785s][info][gc,heap     ] GC(347) Old regions: 38->38
[286.785s][info][gc,heap     ] GC(347) Archive regions: 2->2
[286.785s][info][gc,heap     ] GC(347) Humongous regions: 0->0
[286.785s][info][gc,metaspace] GC(347) Metaspace: 44453K(45520K)->44453K(45520K) NonClass: 39165K(39888K)->39165K(39888K) Class: 5288K(5632K)->5288K(5632K)
[286.785s][info][gc          ] GC(347) Pause Young (Normal) (G1 Evacuation Pause) 95M->38M(110M) 0.905ms
[286.785s][info][gc,cpu      ] GC(347) User=0.01s Sys=0.00s Real=0.00s
[287.050s][info][gc,start    ] GC(348) Pause Young (Normal) (G1 Evacuation Pause)
[287.050s][info][gc,task     ] GC(348) Using 8 workers of 8 for evacuation
[287.051s][info][gc,phases   ] GC(348)   Pre Evacuate Collection Set: 0.0ms
[287.051s][info][gc,phases   ] GC(348)   Merge Heap Roots: 0.0ms
[287.051s][info][gc,phases   ] GC(348)   Evacuate Collection Set: 0.5ms
[287.051s][info][gc,phases   ] GC(348)   Post Evacuate Collection Set: 0.2ms
[287.051s][info][gc,phases   ] GC(348)   Other: 0.1ms
[287.051s][info][gc,heap     ] GC(348) Eden regions: 57->0(57)
[287.051s][info][gc,heap     ] GC(348) Survivor regions: 1->1(8)
[287.051s][info][gc,heap     ] GC(348) Old regions: 38->38
[287.051s][info][gc,heap     ] GC(348) Archive regions: 2->2
[287.051s][info][gc,heap     ] GC(348) Humongous regions: 0->0
[287.051s][info][gc,metaspace] GC(348) Metaspace: 44453K(45520K)->44453K(45520K) NonClass: 39165K(39888K)->39165K(39888K) Class: 5288K(5632K)->5288K(5632K)
[287.051s][info][gc          ] GC(348) Pause Young (Normal) (G1 Evacuation Pause) 95M->38M(110M) 1.058ms
[287.051s][info][gc,cpu      ] GC(348) User=0.00s Sys=0.00s Real=0.00s
[287.320s][info][gc,start    ] GC(349) Pause Young (Normal) (G1 Evacuation Pause)
[287.320s][info][gc,task     ] GC(349) Using 8 workers of 8 for evacuation
[287.320s][info][gc,phases   ] GC(349)   Pre Evacuate Collection Set: 0.0ms
[287.320s][info][gc,phases   ] GC(349)   Merge Heap Roots: 0.0ms
[287.320s][info][gc,phases   ] GC(349)   Evacuate Collection Set: 0.4ms
[287.320s][info][gc,phases   ] GC(349)   Post Evacuate Collection Set: 0.2ms
[287.320s][info][gc,phases   ] GC(349)   Other: 0.1ms
[287.320s][info][gc,heap     ] GC(349) Eden regions: 57->0(57)
[287.320s][info][gc,heap     ] GC(349) Survivor regions: 1->1(8)
[287.320s][info][gc,heap     ] GC(349) Old regions: 38->38
[287.320s][info][gc,heap     ] GC(349) Archive regions: 2->2
[287.320s][info][gc,heap     ] GC(349) Humongous regions: 0->0
[287.320s][info][gc,metaspace] GC(349) Metaspace: 44453K(45520K)->44453K(45520K) NonClass: 39165K(39888K)->39165K(39888K) Class: 5288K(5632K)->5288K(5632K)
[287.320s][info][gc          ] GC(349) Pause Young (Normal) (G1 Evacuation Pause) 95M->38M(110M) 0.884ms
[287.320s][info][gc,cpu      ] GC(349) User=0.00s Sys=0.00s Real=0.00s
[287.585s][info][gc,start    ] GC(350) Pause Young (Normal) (G1 Evacuation Pause)
[287.585s][info][gc,task     ] GC(350) Using 8 workers of 8 for evacuation
[287.586s][info][gc,phases   ] GC(350)   Pre Evacuate Collection Set: 0.0ms
[287.586s][info][gc,phases   ] GC(350)   Merge Heap Roots: 0.0ms
[287.586s][info][gc,phases   ] GC(350)   Evacuate Collection Set: 0.3ms
[287.586s][info][gc,phases   ] GC(350)   Post Evacuate Collection Set: 0.3ms
[287.586s][info][gc,phases   ] GC(350)   Other: 0.1ms
[287.586s][info][gc,heap     ] GC(350) Eden regions: 57->0(57)
[287.586s][info][gc,heap     ] GC(350) Survivor regions: 1->1(8)
[287.586s][info][gc,heap     ] GC(350) Old regions: 38->38
[287.586s][info][gc,heap     ] GC(350) Archive regions: 2->2
[287.586s][info][gc,heap     ] GC(350) Humongous regions: 0->0
[287.586s][info][gc,metaspace] GC(350) Metaspace: 44453K(45520K)->44453K(45520K) NonClass: 39165K(39888K)->39165K(39888K) Class: 5288K(5632K)->5288K(5632K)
[287.586s][info][gc          ] GC(350) Pause Young (Normal) (G1 Evacuation Pause) 95M->38M(110M) 0.934ms
[287.586s][info][gc,cpu      ] GC(350) User=0.01s Sys=0.00s Real=0.00s
[287.868s][info][gc,start    ] GC(351) Pause Young (Normal) (G1 Evacuation Pause)
[287.868s][info][gc,task     ] GC(351) Using 8 workers of 8 for evacuation
[287.869s][info][gc,phases   ] GC(351)   Pre Evacuate Collection Set: 0.0ms
[287.869s][info][gc,phases   ] GC(351)   Merge Heap Roots: 0.0ms
[287.869s][info][gc,phases   ] GC(351)   Evacuate Collection Set: 0.3ms
[287.869s][info][gc,phases   ] GC(351)   Post Evacuate Collection Set: 0.2ms
[287.869s][info][gc,phases   ] GC(351)   Other: 0.1ms
[287.869s][info][gc,heap     ] GC(351) Eden regions: 57->0(57)
[287.869s][info][gc,heap     ] GC(351) Survivor regions: 1->1(8)
[287.869s][info][gc,heap     ] GC(351) Old regions: 38->38
[287.869s][info][gc,heap     ] GC(351) Archive regions: 2->2
[287.869s][info][gc,heap     ] GC(351) Humongous regions: 0->0
[287.869s][info][gc,metaspace] GC(351) Metaspace: 44453K(45520K)->44453K(45520K) NonClass: 39165K(39888K)->39165K(39888K) Class: 5288K(5632K)->5288K(5632K)
[287.869s][info][gc          ] GC(351) Pause Young (Normal) (G1 Evacuation Pause) 95M->38M(110M) 0.848ms
[287.869s][info][gc,cpu      ] GC(351) User=0.01s Sys=0.00s Real=0.01s
[288.158s][info][gc,start    ] GC(352) Pause Young (Normal) (G1 Evacuation Pause)
[288.158s][info][gc,task     ] GC(352) Using 8 workers of 8 for evacuation
[288.159s][info][gc,phases   ] GC(352)   Pre Evacuate Collection Set: 0.0ms
[288.159s][info][gc,phases   ] GC(352)   Merge Heap Roots: 0.0ms
[288.159s][info][gc,phases   ] GC(352)   Evacuate Collection Set: 0.3ms
[288.159s][info][gc,phases   ] GC(352)   Post Evacuate Collection Set: 0.2ms
[288.159s][info][gc,phases   ] GC(352)   Other: 0.2ms
[288.159s][info][gc,heap     ] GC(352) Eden regions: 57->0(57)
[288.159s][info][gc,heap     ] GC(352) Survivor regions: 1->1(8)
[288.159s][info][gc,heap     ] GC(352) Old regions: 38->38
[288.159s][info][gc,heap     ] GC(352) Archive regions: 2->2
[288.159s][info][gc,heap     ] GC(352) Humongous regions: 0->0
[288.159s][info][gc,metaspace] GC(352) Metaspace: 44453K(45520K)->44453K(45520K) NonClass: 39165K(39888K)->39165K(39888K) Class: 5288K(5632K)->5288K(5632K)
[288.159s][info][gc          ] GC(352) Pause Young (Normal) (G1 Evacuation Pause) 95M->39M(110M) 0.858ms
[288.159s][info][gc,cpu      ] GC(352) User=0.00s Sys=0.00s Real=0.00s
[288.433s][info][gc,start    ] GC(353) Pause Young (Normal) (G1 Evacuation Pause)
[288.433s][info][gc,task     ] GC(353) Using 8 workers of 8 for evacuation
[288.433s][info][gc,phases   ] GC(353)   Pre Evacuate Collection Set: 0.0ms
[288.433s][info][gc,phases   ] GC(353)   Merge Heap Roots: 0.1ms
[288.433s][info][gc,phases   ] GC(353)   Evacuate Collection Set: 0.5ms
[288.433s][info][gc,phases   ] GC(353)   Post Evacuate Collection Set: 0.2ms
[288.433s][info][gc,phases   ] GC(353)   Other: 0.1ms
[288.433s][info][gc,heap     ] GC(353) Eden regions: 57->0(57)
[288.433s][info][gc,heap     ] GC(353) Survivor regions: 1->1(8)
[288.433s][info][gc,heap     ] GC(353) Old regions: 38->38
[288.433s][info][gc,heap     ] GC(353) Archive regions: 2->2
[288.434s][info][gc,heap     ] GC(353) Humongous regions: 0->0
[288.434s][info][gc,metaspace] GC(353) Metaspace: 44453K(45520K)->44453K(45520K) NonClass: 39165K(39888K)->39165K(39888K) Class: 5288K(5632K)->5288K(5632K)
[288.434s][info][gc          ] GC(353) Pause Young (Normal) (G1 Evacuation Pause) 96M->39M(110M) 0.973ms
[288.434s][info][gc,cpu      ] GC(353) User=0.01s Sys=0.00s Real=0.00s
[288.696s][info][gc,start    ] GC(354) Pause Young (Normal) (G1 Evacuation Pause)
[288.696s][info][gc,task     ] GC(354) Using 8 workers of 8 for evacuation
[288.696s][info][gc,phases   ] GC(354)   Pre Evacuate Collection Set: 0.0ms
[288.697s][info][gc,phases   ] GC(354)   Merge Heap Roots: 0.0ms
[288.697s][info][gc,phases   ] GC(354)   Evacuate Collection Set: 0.4ms
[288.697s][info][gc,phases   ] GC(354)   Post Evacuate Collection Set: 0.2ms
[288.697s][info][gc,phases   ] GC(354)   Other: 0.1ms
[288.697s][info][gc,heap     ] GC(354) Eden regions: 57->0(57)
[288.697s][info][gc,heap     ] GC(354) Survivor regions: 1->1(8)
[288.697s][info][gc,heap     ] GC(354) Old regions: 38->38
[288.697s][info][gc,heap     ] GC(354) Archive regions: 2->2
[288.697s][info][gc,heap     ] GC(354) Humongous regions: 0->0
[288.697s][info][gc,metaspace] GC(354) Metaspace: 44453K(45520K)->44453K(45520K) NonClass: 39165K(39888K)->39165K(39888K) Class: 5288K(5632K)->5288K(5632K)
[288.697s][info][gc          ] GC(354) Pause Young (Normal) (G1 Evacuation Pause) 96M->39M(110M) 0.883ms
[288.697s][info][gc,cpu      ] GC(354) User=0.00s Sys=0.00s Real=0.00s
[288.949s][info][gc,start    ] GC(355) Pause Young (Normal) (G1 Evacuation Pause)
[288.949s][info][gc,task     ] GC(355) Using 8 workers of 8 for evacuation
[288.950s][info][gc,phases   ] GC(355)   Pre Evacuate Collection Set: 0.0ms
[288.950s][info][gc,phases   ] GC(355)   Merge Heap Roots: 0.0ms
[288.950s][info][gc,phases   ] GC(355)   Evacuate Collection Set: 0.4ms
[288.950s][info][gc,phases   ] GC(355)   Post Evacuate Collection Set: 0.2ms
[288.950s][info][gc,phases   ] GC(355)   Other: 0.2ms
[288.950s][info][gc,heap     ] GC(355) Eden regions: 57->0(57)
[288.950s][info][gc,heap     ] GC(355) Survivor regions: 1->1(8)
[288.950s][info][gc,heap     ] GC(355) Old regions: 38->38
[288.950s][info][gc,heap     ] GC(355) Archive regions: 2->2
[288.950s][info][gc,heap     ] GC(355) Humongous regions: 0->0
[288.950s][info][gc,metaspace] GC(355) Metaspace: 44454K(45520K)->44454K(45520K) NonClass: 39166K(39888K)->39166K(39888K) Class: 5288K(5632K)->5288K(5632K)
[288.950s][info][gc          ] GC(355) Pause Young (Normal) (G1 Evacuation Pause) 96M->39M(110M) 0.872ms
[288.950s][info][gc,cpu      ] GC(355) User=0.00s Sys=0.00s Real=0.00s
[289.307s][info][gc,start    ] GC(356) Pause Young (Normal) (G1 Evacuation Pause)
[289.307s][info][gc,task     ] GC(356) Using 8 workers of 8 for evacuation
[289.307s][info][gc,phases   ] GC(356)   Pre Evacuate Collection Set: 0.0ms
[289.308s][info][gc,phases   ] GC(356)   Merge Heap Roots: 0.0ms
[289.308s][info][gc,phases   ] GC(356)   Evacuate Collection Set: 0.5ms
[289.308s][info][gc,phases   ] GC(356)   Post Evacuate Collection Set: 0.2ms
[289.308s][info][gc,phases   ] GC(356)   Other: 0.1ms
[289.308s][info][gc,heap     ] GC(356) Eden regions: 57->0(57)
[289.308s][info][gc,heap     ] GC(356) Survivor regions: 1->1(8)
[289.308s][info][gc,heap     ] GC(356) Old regions: 38->38
[289.308s][info][gc,heap     ] GC(356) Archive regions: 2->2
[289.308s][info][gc,heap     ] GC(356) Humongous regions: 0->0
[289.308s][info][gc,metaspace] GC(356) Metaspace: 44454K(45520K)->44454K(45520K) NonClass: 39166K(39888K)->39166K(39888K) Class: 5288K(5632K)->5288K(5632K)
[289.308s][info][gc          ] GC(356) Pause Young (Normal) (G1 Evacuation Pause) 96M->39M(110M) 1.107ms
[289.308s][info][gc,cpu      ] GC(356) User=0.00s Sys=0.00s Real=0.00s
[289.650s][info][gc,start    ] GC(357) Pause Young (Normal) (G1 Evacuation Pause)
[289.650s][info][gc,task     ] GC(357) Using 8 workers of 8 for evacuation
[289.651s][info][gc,phases   ] GC(357)   Pre Evacuate Collection Set: 0.0ms
[289.651s][info][gc,phases   ] GC(357)   Merge Heap Roots: 0.0ms
[289.651s][info][gc,phases   ] GC(357)   Evacuate Collection Set: 0.5ms
[289.651s][info][gc,phases   ] GC(357)   Post Evacuate Collection Set: 0.2ms
[289.651s][info][gc,phases   ] GC(357)   Other: 0.1ms
[289.651s][info][gc,heap     ] GC(357) Eden regions: 57->0(57)
[289.651s][info][gc,heap     ] GC(357) Survivor regions: 1->1(8)
[289.651s][info][gc,heap     ] GC(357) Old regions: 38->38
[289.651s][info][gc,heap     ] GC(357) Archive regions: 2->2
[289.651s][info][gc,heap     ] GC(357) Humongous regions: 0->0
[289.651s][info][gc,metaspace] GC(357) Metaspace: 44454K(45520K)->44454K(45520K) NonClass: 39166K(39888K)->39166K(39888K) Class: 5288K(5632K)->5288K(5632K)
[289.651s][info][gc          ] GC(357) Pause Young (Normal) (G1 Evacuation Pause) 96M->39M(110M) 1.011ms
[289.651s][info][gc,cpu      ] GC(357) User=0.01s Sys=0.00s Real=0.00s
[289.953s][info][gc,start    ] GC(358) Pause Young (Normal) (G1 Evacuation Pause)
[289.953s][info][gc,task     ] GC(358) Using 8 workers of 8 for evacuation
[289.954s][info][gc,phases   ] GC(358)   Pre Evacuate Collection Set: 0.0ms
[289.954s][info][gc,phases   ] GC(358)   Merge Heap Roots: 0.0ms
[289.954s][info][gc,phases   ] GC(358)   Evacuate Collection Set: 0.4ms
[289.954s][info][gc,phases   ] GC(358)   Post Evacuate Collection Set: 0.2ms
[289.954s][info][gc,phases   ] GC(358)   Other: 0.1ms
[289.954s][info][gc,heap     ] GC(358) Eden regions: 57->0(57)
[289.954s][info][gc,heap     ] GC(358) Survivor regions: 1->1(8)
[289.954s][info][gc,heap     ] GC(358) Old regions: 38->38
[289.954s][info][gc,heap     ] GC(358) Archive regions: 2->2
[289.954s][info][gc,heap     ] GC(358) Humongous regions: 0->0
[289.954s][info][gc,metaspace] GC(358) Metaspace: 44454K(45520K)->44454K(45520K) NonClass: 39166K(39888K)->39166K(39888K) Class: 5288K(5632K)->5288K(5632K)
[289.954s][info][gc          ] GC(358) Pause Young (Normal) (G1 Evacuation Pause) 96M->39M(110M) 0.939ms
[289.954s][info][gc,cpu      ] GC(358) User=0.00s Sys=0.00s Real=0.00s
[290.249s][info][gc,start    ] GC(359) Pause Young (Normal) (G1 Evacuation Pause)
[290.249s][info][gc,task     ] GC(359) Using 8 workers of 8 for evacuation
[290.249s][info][gc,phases   ] GC(359)   Pre Evacuate Collection Set: 0.0ms
[290.249s][info][gc,phases   ] GC(359)   Merge Heap Roots: 0.0ms
[290.249s][info][gc,phases   ] GC(359)   Evacuate Collection Set: 0.3ms
[290.249s][info][gc,phases   ] GC(359)   Post Evacuate Collection Set: 0.2ms
[290.249s][info][gc,phases   ] GC(359)   Other: 0.2ms
[290.249s][info][gc,heap     ] GC(359) Eden regions: 57->0(56)
[290.249s][info][gc,heap     ] GC(359) Survivor regions: 1->1(8)
[290.249s][info][gc,heap     ] GC(359) Old regions: 38->39
[290.249s][info][gc,heap     ] GC(359) Archive regions: 2->2
[290.249s][info][gc,heap     ] GC(359) Humongous regions: 0->0
[290.249s][info][gc,metaspace] GC(359) Metaspace: 44454K(45520K)->44454K(45520K) NonClass: 39166K(39888K)->39166K(39888K) Class: 5288K(5632K)->5288K(5632K)
[290.249s][info][gc          ] GC(359) Pause Young (Normal) (G1 Evacuation Pause) 96M->39M(110M) 0.871ms
[290.249s][info][gc,cpu      ] GC(359) User=0.01s Sys=0.00s Real=0.00s
[290.511s][info][gc,start    ] GC(360) Pause Young (Normal) (G1 Evacuation Pause)
[290.511s][info][gc,task     ] GC(360) Using 8 workers of 8 for evacuation
[290.512s][info][gc,phases   ] GC(360)   Pre Evacuate Collection Set: 0.0ms
[290.512s][info][gc,phases   ] GC(360)   Merge Heap Roots: 0.0ms
[290.512s][info][gc,phases   ] GC(360)   Evacuate Collection Set: 0.4ms
[290.512s][info][gc,phases   ] GC(360)   Post Evacuate Collection Set: 0.2ms
[290.512s][info][gc,phases   ] GC(360)   Other: 0.1ms
[290.512s][info][gc,heap     ] GC(360) Eden regions: 56->0(56)
[290.512s][info][gc,heap     ] GC(360) Survivor regions: 1->1(8)
[290.512s][info][gc,heap     ] GC(360) Old regions: 39->39
[290.512s][info][gc,heap     ] GC(360) Archive regions: 2->2
[290.512s][info][gc,heap     ] GC(360) Humongous regions: 0->0
[290.512s][info][gc,metaspace] GC(360) Metaspace: 44454K(45520K)->44454K(45520K) NonClass: 39166K(39888K)->39166K(39888K) Class: 5288K(5632K)->5288K(5632K)
[290.512s][info][gc          ] GC(360) Pause Young (Normal) (G1 Evacuation Pause) 95M->39M(110M) 0.971ms
[290.512s][info][gc,cpu      ] GC(360) User=0.00s Sys=0.00s Real=0.00s
[290.771s][info][gc,start    ] GC(361) Pause Young (Normal) (G1 Evacuation Pause)
[290.771s][info][gc,task     ] GC(361) Using 8 workers of 8 for evacuation
[290.772s][info][gc,phases   ] GC(361)   Pre Evacuate Collection Set: 0.0ms
[290.772s][info][gc,phases   ] GC(361)   Merge Heap Roots: 0.0ms
[290.772s][info][gc,phases   ] GC(361)   Evacuate Collection Set: 0.4ms
[290.772s][info][gc,phases   ] GC(361)   Post Evacuate Collection Set: 0.2ms
[290.772s][info][gc,phases   ] GC(361)   Other: 0.1ms
[290.772s][info][gc,heap     ] GC(361) Eden regions: 56->0(56)
[290.772s][info][gc,heap     ] GC(361) Survivor regions: 1->1(8)
[290.772s][info][gc,heap     ] GC(361) Old regions: 39->39
[290.772s][info][gc,heap     ] GC(361) Archive regions: 2->2
[290.772s][info][gc,heap     ] GC(361) Humongous regions: 0->0
[290.772s][info][gc,metaspace] GC(361) Metaspace: 44454K(45520K)->44454K(45520K) NonClass: 39166K(39888K)->39166K(39888K) Class: 5288K(5632K)->5288K(5632K)
[290.772s][info][gc          ] GC(361) Pause Young (Normal) (G1 Evacuation Pause) 95M->39M(110M) 0.973ms
[290.772s][info][gc,cpu      ] GC(361) User=0.00s Sys=0.00s Real=0.00s
[291.057s][info][gc,start    ] GC(362) Pause Young (Normal) (G1 Evacuation Pause)
[291.058s][info][gc,task     ] GC(362) Using 8 workers of 8 for evacuation
[291.058s][info][gc,phases   ] GC(362)   Pre Evacuate Collection Set: 0.0ms
[291.058s][info][gc,phases   ] GC(362)   Merge Heap Roots: 0.0ms
[291.058s][info][gc,phases   ] GC(362)   Evacuate Collection Set: 0.4ms
[291.058s][info][gc,phases   ] GC(362)   Post Evacuate Collection Set: 0.2ms
[291.058s][info][gc,phases   ] GC(362)   Other: 0.1ms
[291.058s][info][gc,heap     ] GC(362) Eden regions: 56->0(56)
[291.058s][info][gc,heap     ] GC(362) Survivor regions: 1->1(8)
[291.058s][info][gc,heap     ] GC(362) Old regions: 39->39
[291.058s][info][gc,heap     ] GC(362) Archive regions: 2->2
[291.058s][info][gc,heap     ] GC(362) Humongous regions: 0->0
[291.058s][info][gc,metaspace] GC(362) Metaspace: 44454K(45520K)->44454K(45520K) NonClass: 39166K(39888K)->39166K(39888K) Class: 5288K(5632K)->5288K(5632K)
[291.058s][info][gc          ] GC(362) Pause Young (Normal) (G1 Evacuation Pause) 95M->39M(110M) 0.917ms
[291.058s][info][gc,cpu      ] GC(362) User=0.00s Sys=0.00s Real=0.01s
[291.329s][info][gc,start    ] GC(363) Pause Young (Normal) (G1 Evacuation Pause)
[291.330s][info][gc,task     ] GC(363) Using 8 workers of 8 for evacuation
[291.330s][info][gc,phases   ] GC(363)   Pre Evacuate Collection Set: 0.1ms
[291.330s][info][gc,phases   ] GC(363)   Merge Heap Roots: 0.0ms
[291.330s][info][gc,phases   ] GC(363)   Evacuate Collection Set: 0.5ms
[291.330s][info][gc,phases   ] GC(363)   Post Evacuate Collection Set: 0.2ms
[291.330s][info][gc,phases   ] GC(363)   Other: 0.1ms
[291.330s][info][gc,heap     ] GC(363) Eden regions: 56->0(56)
[291.330s][info][gc,heap     ] GC(363) Survivor regions: 1->1(8)
[291.330s][info][gc,heap     ] GC(363) Old regions: 39->39
[291.330s][info][gc,heap     ] GC(363) Archive regions: 2->2
[291.330s][info][gc,heap     ] GC(363) Humongous regions: 0->0
[291.330s][info][gc,metaspace] GC(363) Metaspace: 44454K(45520K)->44454K(45520K) NonClass: 39166K(39888K)->39166K(39888K) Class: 5288K(5632K)->5288K(5632K)
[291.330s][info][gc          ] GC(363) Pause Young (Normal) (G1 Evacuation Pause) 95M->39M(110M) 0.990ms
[291.330s][info][gc,cpu      ] GC(363) User=0.00s Sys=0.00s Real=0.00s
[291.581s][info][gc,start    ] GC(364) Pause Young (Normal) (G1 Evacuation Pause)
[291.581s][info][gc,task     ] GC(364) Using 8 workers of 8 for evacuation
[291.581s][info][gc,phases   ] GC(364)   Pre Evacuate Collection Set: 0.1ms
[291.581s][info][gc,phases   ] GC(364)   Merge Heap Roots: 0.0ms
[291.582s][info][gc,phases   ] GC(364)   Evacuate Collection Set: 0.4ms
[291.582s][info][gc,phases   ] GC(364)   Post Evacuate Collection Set: 0.2ms
[291.582s][info][gc,phases   ] GC(364)   Other: 0.1ms
[291.582s][info][gc,heap     ] GC(364) Eden regions: 56->0(56)
[291.582s][info][gc,heap     ] GC(364) Survivor regions: 1->1(8)
[291.582s][info][gc,heap     ] GC(364) Old regions: 39->39
[291.582s][info][gc,heap     ] GC(364) Archive regions: 2->2
[291.582s][info][gc,heap     ] GC(364) Humongous regions: 0->0
[291.582s][info][gc,metaspace] GC(364) Metaspace: 44454K(45520K)->44454K(45520K) NonClass: 39166K(39888K)->39166K(39888K) Class: 5288K(5632K)->5288K(5632K)
[291.582s][info][gc          ] GC(364) Pause Young (Normal) (G1 Evacuation Pause) 95M->39M(110M) 0.944ms
[291.582s][info][gc,cpu      ] GC(364) User=0.00s Sys=0.00s Real=0.00s
[291.834s][info][gc,start    ] GC(365) Pause Young (Normal) (G1 Evacuation Pause)
[291.834s][info][gc,task     ] GC(365) Using 8 workers of 8 for evacuation
[291.835s][info][gc,phases   ] GC(365)   Pre Evacuate Collection Set: 0.1ms
[291.835s][info][gc,phases   ] GC(365)   Merge Heap Roots: 0.0ms
[291.835s][info][gc,phases   ] GC(365)   Evacuate Collection Set: 0.6ms
[291.835s][info][gc,phases   ] GC(365)   Post Evacuate Collection Set: 0.2ms
[291.835s][info][gc,phases   ] GC(365)   Other: 0.2ms
[291.835s][info][gc,heap     ] GC(365) Eden regions: 56->0(56)
[291.835s][info][gc,heap     ] GC(365) Survivor regions: 1->1(8)
[291.835s][info][gc,heap     ] GC(365) Old regions: 39->39
[291.835s][info][gc,heap     ] GC(365) Archive regions: 2->2
[291.835s][info][gc,heap     ] GC(365) Humongous regions: 0->0
[291.835s][info][gc,metaspace] GC(365) Metaspace: 44454K(45520K)->44454K(45520K) NonClass: 39166K(39888K)->39166K(39888K) Class: 5288K(5632K)->5288K(5632K)
[291.835s][info][gc          ] GC(365) Pause Young (Normal) (G1 Evacuation Pause) 95M->39M(110M) 1.219ms
[291.835s][info][gc,cpu      ] GC(365) User=0.01s Sys=0.00s Real=0.00s
[292.108s][info][gc,start    ] GC(366) Pause Young (Normal) (G1 Evacuation Pause)
[292.108s][info][gc,task     ] GC(366) Using 8 workers of 8 for evacuation
[292.108s][info][gc,phases   ] GC(366)   Pre Evacuate Collection Set: 0.0ms
[292.108s][info][gc,phases   ] GC(366)   Merge Heap Roots: 0.0ms
[292.108s][info][gc,phases   ] GC(366)   Evacuate Collection Set: 0.4ms
[292.108s][info][gc,phases   ] GC(366)   Post Evacuate Collection Set: 0.2ms
[292.108s][info][gc,phases   ] GC(366)   Other: 0.1ms
[292.108s][info][gc,heap     ] GC(366) Eden regions: 56->0(56)
[292.108s][info][gc,heap     ] GC(366) Survivor regions: 1->1(8)
[292.108s][info][gc,heap     ] GC(366) Old regions: 39->39
[292.108s][info][gc,heap     ] GC(366) Archive regions: 2->2
[292.108s][info][gc,heap     ] GC(366) Humongous regions: 0->0
[292.108s][info][gc,metaspace] GC(366) Metaspace: 44454K(45520K)->44454K(45520K) NonClass: 39166K(39888K)->39166K(39888K) Class: 5288K(5632K)->5288K(5632K)
[292.108s][info][gc          ] GC(366) Pause Young (Normal) (G1 Evacuation Pause) 95M->39M(110M) 0.941ms
[292.108s][info][gc,cpu      ] GC(366) User=0.00s Sys=0.00s Real=0.01s
[292.385s][info][gc,start    ] GC(367) Pause Young (Normal) (G1 Evacuation Pause)
[292.385s][info][gc,task     ] GC(367) Using 8 workers of 8 for evacuation
[292.386s][info][gc,phases   ] GC(367)   Pre Evacuate Collection Set: 0.0ms
[292.386s][info][gc,phases   ] GC(367)   Merge Heap Roots: 0.0ms
[292.386s][info][gc,phases   ] GC(367)   Evacuate Collection Set: 0.5ms
[292.386s][info][gc,phases   ] GC(367)   Post Evacuate Collection Set: 0.3ms
[292.386s][info][gc,phases   ] GC(367)   Other: 0.1ms
[292.386s][info][gc,heap     ] GC(367) Eden regions: 56->0(56)
[292.386s][info][gc,heap     ] GC(367) Survivor regions: 1->1(8)
[292.386s][info][gc,heap     ] GC(367) Old regions: 39->39
[292.386s][info][gc,heap     ] GC(367) Archive regions: 2->2
[292.386s][info][gc,heap     ] GC(367) Humongous regions: 0->0
[292.386s][info][gc,metaspace] GC(367) Metaspace: 44454K(45520K)->44454K(45520K) NonClass: 39166K(39888K)->39166K(39888K) Class: 5288K(5632K)->5288K(5632K)
[292.386s][info][gc          ] GC(367) Pause Young (Normal) (G1 Evacuation Pause) 95M->39M(110M) 1.084ms
[292.387s][info][gc,cpu      ] GC(367) User=0.00s Sys=0.00s Real=0.00s
[292.610s][info][gc,start    ] GC(368) Pause Young (Normal) (G1 Evacuation Pause)
[292.610s][info][gc,task     ] GC(368) Using 8 workers of 8 for evacuation
[292.611s][info][gc,phases   ] GC(368)   Pre Evacuate Collection Set: 0.1ms
[292.611s][info][gc,phases   ] GC(368)   Merge Heap Roots: 0.0ms
[292.611s][info][gc,phases   ] GC(368)   Evacuate Collection Set: 0.5ms
[292.611s][info][gc,phases   ] GC(368)   Post Evacuate Collection Set: 0.2ms
[292.611s][info][gc,phases   ] GC(368)   Other: 0.2ms
[292.611s][info][gc,heap     ] GC(368) Eden regions: 56->0(56)
[292.611s][info][gc,heap     ] GC(368) Survivor regions: 1->1(8)
[292.611s][info][gc,heap     ] GC(368) Old regions: 39->39
[292.611s][info][gc,heap     ] GC(368) Archive regions: 2->2
[292.611s][info][gc,heap     ] GC(368) Humongous regions: 0->0
[292.611s][info][gc,metaspace] GC(368) Metaspace: 44454K(45520K)->44454K(45520K) NonClass: 39166K(39888K)->39166K(39888K) Class: 5288K(5632K)->5288K(5632K)
[292.611s][info][gc          ] GC(368) Pause Young (Normal) (G1 Evacuation Pause) 95M->39M(110M) 1.057ms
[292.611s][info][gc,cpu      ] GC(368) User=0.01s Sys=0.00s Real=0.00s
[292.831s][info][gc,start    ] GC(369) Pause Young (Normal) (G1 Evacuation Pause)
[292.831s][info][gc,task     ] GC(369) Using 8 workers of 8 for evacuation
[292.831s][info][gc,phases   ] GC(369)   Pre Evacuate Collection Set: 0.1ms
[292.831s][info][gc,phases   ] GC(369)   Merge Heap Roots: 0.0ms
[292.831s][info][gc,phases   ] GC(369)   Evacuate Collection Set: 0.4ms
[292.831s][info][gc,phases   ] GC(369)   Post Evacuate Collection Set: 0.2ms
[292.831s][info][gc,phases   ] GC(369)   Other: 0.1ms
[292.831s][info][gc,heap     ] GC(369) Eden regions: 56->0(56)
[292.831s][info][gc,heap     ] GC(369) Survivor regions: 1->1(8)
[292.831s][info][gc,heap     ] GC(369) Old regions: 39->39
[292.831s][info][gc,heap     ] GC(369) Archive regions: 2->2
[292.831s][info][gc,heap     ] GC(369) Humongous regions: 0->0
[292.831s][info][gc,metaspace] GC(369) Metaspace: 44454K(45520K)->44454K(45520K) NonClass: 39166K(39888K)->39166K(39888K) Class: 5288K(5632K)->5288K(5632K)
[292.831s][info][gc          ] GC(369) Pause Young (Normal) (G1 Evacuation Pause) 95M->39M(110M) 0.938ms
[292.831s][info][gc,cpu      ] GC(369) User=0.01s Sys=0.00s Real=0.00s
[293.095s][info][gc,start    ] GC(370) Pause Young (Normal) (G1 Evacuation Pause)
[293.095s][info][gc,task     ] GC(370) Using 8 workers of 8 for evacuation
[293.096s][info][gc,phases   ] GC(370)   Pre Evacuate Collection Set: 0.0ms
[293.096s][info][gc,phases   ] GC(370)   Merge Heap Roots: 0.0ms
[293.096s][info][gc,phases   ] GC(370)   Evacuate Collection Set: 0.4ms
[293.096s][info][gc,phases   ] GC(370)   Post Evacuate Collection Set: 0.2ms
[293.096s][info][gc,phases   ] GC(370)   Other: 0.2ms
[293.096s][info][gc,heap     ] GC(370) Eden regions: 56->0(56)
[293.096s][info][gc,heap     ] GC(370) Survivor regions: 1->1(8)
[293.096s][info][gc,heap     ] GC(370) Old regions: 39->39
[293.096s][info][gc,heap     ] GC(370) Archive regions: 2->2
[293.096s][info][gc,heap     ] GC(370) Humongous regions: 0->0
[293.096s][info][gc,metaspace] GC(370) Metaspace: 44454K(45520K)->44454K(45520K) NonClass: 39166K(39888K)->39166K(39888K) Class: 5288K(5632K)->5288K(5632K)
[293.096s][info][gc          ] GC(370) Pause Young (Normal) (G1 Evacuation Pause) 95M->39M(110M) 0.918ms
[293.096s][info][gc,cpu      ] GC(370) User=0.00s Sys=0.00s Real=0.00s
[293.314s][info][gc,start    ] GC(371) Pause Young (Normal) (G1 Evacuation Pause)
[293.314s][info][gc,task     ] GC(371) Using 8 workers of 8 for evacuation
[293.314s][info][gc,phases   ] GC(371)   Pre Evacuate Collection Set: 0.0ms
[293.314s][info][gc,phases   ] GC(371)   Merge Heap Roots: 0.0ms
[293.314s][info][gc,phases   ] GC(371)   Evacuate Collection Set: 0.4ms
[293.314s][info][gc,phases   ] GC(371)   Post Evacuate Collection Set: 0.2ms
[293.314s][info][gc,phases   ] GC(371)   Other: 0.2ms
[293.314s][info][gc,heap     ] GC(371) Eden regions: 56->0(56)
[293.314s][info][gc,heap     ] GC(371) Survivor regions: 1->1(8)
[293.314s][info][gc,heap     ] GC(371) Old regions: 39->39
[293.314s][info][gc,heap     ] GC(371) Archive regions: 2->2
[293.314s][info][gc,heap     ] GC(371) Humongous regions: 0->0
[293.314s][info][gc,metaspace] GC(371) Metaspace: 44454K(45520K)->44454K(45520K) NonClass: 39166K(39888K)->39166K(39888K) Class: 5288K(5632K)->5288K(5632K)
[293.314s][info][gc          ] GC(371) Pause Young (Normal) (G1 Evacuation Pause) 95M->39M(110M) 0.912ms
[293.314s][info][gc,cpu      ] GC(371) User=0.00s Sys=0.00s Real=0.00s
[293.543s][info][gc,start    ] GC(372) Pause Young (Normal) (G1 Evacuation Pause)
[293.544s][info][gc,task     ] GC(372) Using 8 workers of 8 for evacuation
[293.544s][info][gc,phases   ] GC(372)   Pre Evacuate Collection Set: 0.1ms
[293.545s][info][gc,phases   ] GC(372)   Merge Heap Roots: 0.0ms
[293.545s][info][gc,phases   ] GC(372)   Evacuate Collection Set: 0.6ms
[293.545s][info][gc,phases   ] GC(372)   Post Evacuate Collection Set: 0.2ms
[293.545s][info][gc,phases   ] GC(372)   Other: 0.2ms
[293.545s][info][gc,heap     ] GC(372) Eden regions: 56->0(56)
[293.545s][info][gc,heap     ] GC(372) Survivor regions: 1->1(8)
[293.545s][info][gc,heap     ] GC(372) Old regions: 39->39
[293.545s][info][gc,heap     ] GC(372) Archive regions: 2->2
[293.545s][info][gc,heap     ] GC(372) Humongous regions: 0->0
[293.545s][info][gc,metaspace] GC(372) Metaspace: 44454K(45520K)->44454K(45520K) NonClass: 39166K(39888K)->39166K(39888K) Class: 5288K(5632K)->5288K(5632K)
[293.545s][info][gc          ] GC(372) Pause Young (Normal) (G1 Evacuation Pause) 95M->39M(110M) 1.171ms
[293.545s][info][gc,cpu      ] GC(372) User=0.00s Sys=0.00s Real=0.00s
[293.810s][info][gc,start    ] GC(373) Pause Young (Normal) (G1 Evacuation Pause)
[293.810s][info][gc,task     ] GC(373) Using 8 workers of 8 for evacuation
[293.810s][info][gc,phases   ] GC(373)   Pre Evacuate Collection Set: 0.1ms
[293.810s][info][gc,phases   ] GC(373)   Merge Heap Roots: 0.0ms
[293.810s][info][gc,phases   ] GC(373)   Evacuate Collection Set: 0.5ms
[293.810s][info][gc,phases   ] GC(373)   Post Evacuate Collection Set: 0.2ms
[293.811s][info][gc,phases   ] GC(373)   Other: 0.2ms
[293.811s][info][gc,heap     ] GC(373) Eden regions: 56->0(56)
[293.811s][info][gc,heap     ] GC(373) Survivor regions: 1->1(8)
[293.811s][info][gc,heap     ] GC(373) Old regions: 39->39
[293.811s][info][gc,heap     ] GC(373) Archive regions: 2->2
[293.811s][info][gc,heap     ] GC(373) Humongous regions: 0->0
[293.811s][info][gc,metaspace] GC(373) Metaspace: 44454K(45520K)->44454K(45520K) NonClass: 39166K(39888K)->39166K(39888K) Class: 5288K(5632K)->5288K(5632K)
[293.811s][info][gc          ] GC(373) Pause Young (Normal) (G1 Evacuation Pause) 95M->39M(110M) 1.123ms
[293.811s][info][gc,cpu      ] GC(373) User=0.00s Sys=0.00s Real=0.00s
[294.087s][info][gc,start    ] GC(374) Pause Young (Normal) (G1 Evacuation Pause)
[294.087s][info][gc,task     ] GC(374) Using 8 workers of 8 for evacuation
[294.088s][info][gc,phases   ] GC(374)   Pre Evacuate Collection Set: 0.0ms
[294.088s][info][gc,phases   ] GC(374)   Merge Heap Roots: 0.0ms
[294.088s][info][gc,phases   ] GC(374)   Evacuate Collection Set: 0.4ms
[294.088s][info][gc,phases   ] GC(374)   Post Evacuate Collection Set: 0.2ms
[294.088s][info][gc,phases   ] GC(374)   Other: 0.2ms
[294.088s][info][gc,heap     ] GC(374) Eden regions: 56->0(56)
[294.088s][info][gc,heap     ] GC(374) Survivor regions: 1->1(8)
[294.088s][info][gc,heap     ] GC(374) Old regions: 39->39
[294.088s][info][gc,heap     ] GC(374) Archive regions: 2->2
[294.088s][info][gc,heap     ] GC(374) Humongous regions: 0->0
[294.088s][info][gc,metaspace] GC(374) Metaspace: 44454K(45520K)->44454K(45520K) NonClass: 39166K(39888K)->39166K(39888K) Class: 5288K(5632K)->5288K(5632K)
[294.088s][info][gc          ] GC(374) Pause Young (Normal) (G1 Evacuation Pause) 95M->39M(110M) 0.947ms
[294.088s][info][gc,cpu      ] GC(374) User=0.01s Sys=0.00s Real=0.00s
[294.440s][info][gc,start    ] GC(375) Pause Young (Normal) (G1 Evacuation Pause)
[294.440s][info][gc,task     ] GC(375) Using 8 workers of 8 for evacuation
[294.441s][info][gc,phases   ] GC(375)   Pre Evacuate Collection Set: 0.0ms
[294.441s][info][gc,phases   ] GC(375)   Merge Heap Roots: 0.0ms
[294.441s][info][gc,phases   ] GC(375)   Evacuate Collection Set: 0.5ms
[294.441s][info][gc,phases   ] GC(375)   Post Evacuate Collection Set: 0.2ms
[294.441s][info][gc,phases   ] GC(375)   Other: 0.2ms
[294.441s][info][gc,heap     ] GC(375) Eden regions: 56->0(56)
[294.441s][info][gc,heap     ] GC(375) Survivor regions: 1->1(8)
[294.441s][info][gc,heap     ] GC(375) Old regions: 39->39
[294.441s][info][gc,heap     ] GC(375) Archive regions: 2->2
[294.441s][info][gc,heap     ] GC(375) Humongous regions: 0->0
[294.441s][info][gc,metaspace] GC(375) Metaspace: 44454K(45520K)->44454K(45520K) NonClass: 39166K(39888K)->39166K(39888K) Class: 5288K(5632K)->5288K(5632K)
[294.441s][info][gc          ] GC(375) Pause Young (Normal) (G1 Evacuation Pause) 95M->39M(110M) 1.149ms
[294.441s][info][gc,cpu      ] GC(375) User=0.00s Sys=0.01s Real=0.00s
[294.700s][info][gc,start    ] GC(376) Pause Young (Normal) (G1 Evacuation Pause)
[294.700s][info][gc,task     ] GC(376) Using 8 workers of 8 for evacuation
[294.701s][info][gc,phases   ] GC(376)   Pre Evacuate Collection Set: 0.0ms
[294.701s][info][gc,phases   ] GC(376)   Merge Heap Roots: 0.0ms
[294.701s][info][gc,phases   ] GC(376)   Evacuate Collection Set: 0.4ms
[294.701s][info][gc,phases   ] GC(376)   Post Evacuate Collection Set: 0.2ms
[294.701s][info][gc,phases   ] GC(376)   Other: 0.2ms
[294.701s][info][gc,heap     ] GC(376) Eden regions: 56->0(56)
[294.701s][info][gc,heap     ] GC(376) Survivor regions: 1->1(8)
[294.701s][info][gc,heap     ] GC(376) Old regions: 39->39
[294.701s][info][gc,heap     ] GC(376) Archive regions: 2->2
[294.701s][info][gc,heap     ] GC(376) Humongous regions: 0->0
[294.701s][info][gc,metaspace] GC(376) Metaspace: 44454K(45520K)->44454K(45520K) NonClass: 39166K(39888K)->39166K(39888K) Class: 5288K(5632K)->5288K(5632K)
[294.701s][info][gc          ] GC(376) Pause Young (Normal) (G1 Evacuation Pause) 95M->39M(110M) 0.942ms
[294.701s][info][gc,cpu      ] GC(376) User=0.01s Sys=0.00s Real=0.00s
[294.945s][info][gc,start    ] GC(377) Pause Young (Normal) (G1 Evacuation Pause)
[294.945s][info][gc,task     ] GC(377) Using 8 workers of 8 for evacuation
[294.946s][info][gc,phases   ] GC(377)   Pre Evacuate Collection Set: 0.0ms
[294.946s][info][gc,phases   ] GC(377)   Merge Heap Roots: 0.0ms
[294.946s][info][gc,phases   ] GC(377)   Evacuate Collection Set: 0.5ms
[294.946s][info][gc,phases   ] GC(377)   Post Evacuate Collection Set: 0.2ms
[294.946s][info][gc,phases   ] GC(377)   Other: 0.1ms
[294.946s][info][gc,heap     ] GC(377) Eden regions: 56->0(56)
[294.946s][info][gc,heap     ] GC(377) Survivor regions: 1->1(8)
[294.946s][info][gc,heap     ] GC(377) Old regions: 39->39
[294.946s][info][gc,heap     ] GC(377) Archive regions: 2->2
[294.946s][info][gc,heap     ] GC(377) Humongous regions: 0->0
[294.946s][info][gc,metaspace] GC(377) Metaspace: 44454K(45520K)->44454K(45520K) NonClass: 39166K(39888K)->39166K(39888K) Class: 5288K(5632K)->5288K(5632K)
[294.946s][info][gc          ] GC(377) Pause Young (Normal) (G1 Evacuation Pause) 95M->39M(110M) 0.969ms
[294.946s][info][gc,cpu      ] GC(377) User=0.01s Sys=0.00s Real=0.00s
[295.199s][info][gc,start    ] GC(378) Pause Young (Normal) (G1 Evacuation Pause)
[295.199s][info][gc,task     ] GC(378) Using 8 workers of 8 for evacuation
[295.200s][info][gc,phases   ] GC(378)   Pre Evacuate Collection Set: 0.0ms
[295.200s][info][gc,phases   ] GC(378)   Merge Heap Roots: 0.0ms
[295.200s][info][gc,phases   ] GC(378)   Evacuate Collection Set: 0.4ms
[295.200s][info][gc,phases   ] GC(378)   Post Evacuate Collection Set: 0.2ms
[295.200s][info][gc,phases   ] GC(378)   Other: 0.2ms
[295.200s][info][gc,heap     ] GC(378) Eden regions: 56->0(56)
[295.200s][info][gc,heap     ] GC(378) Survivor regions: 1->1(8)
[295.200s][info][gc,heap     ] GC(378) Old regions: 39->39
[295.200s][info][gc,heap     ] GC(378) Archive regions: 2->2
[295.200s][info][gc,heap     ] GC(378) Humongous regions: 0->0
[295.200s][info][gc,metaspace] GC(378) Metaspace: 44454K(45520K)->44454K(45520K) NonClass: 39166K(39888K)->39166K(39888K) Class: 5288K(5632K)->5288K(5632K)
[295.200s][info][gc          ] GC(378) Pause Young (Normal) (G1 Evacuation Pause) 95M->39M(110M) 0.932ms
[295.200s][info][gc,cpu      ] GC(378) User=0.00s Sys=0.00s Real=0.00s
[295.456s][info][gc,start    ] GC(379) Pause Young (Normal) (G1 Evacuation Pause)
[295.457s][info][gc,task     ] GC(379) Using 8 workers of 8 for evacuation
[295.457s][info][gc,phases   ] GC(379)   Pre Evacuate Collection Set: 0.0ms
[295.457s][info][gc,phases   ] GC(379)   Merge Heap Roots: 0.0ms
[295.457s][info][gc,phases   ] GC(379)   Evacuate Collection Set: 0.4ms
[295.457s][info][gc,phases   ] GC(379)   Post Evacuate Collection Set: 0.2ms
[295.457s][info][gc,phases   ] GC(379)   Other: 0.1ms
[295.457s][info][gc,heap     ] GC(379) Eden regions: 56->0(56)
[295.457s][info][gc,heap     ] GC(379) Survivor regions: 1->1(8)
[295.457s][info][gc,heap     ] GC(379) Old regions: 39->39
[295.457s][info][gc,heap     ] GC(379) Archive regions: 2->2
[295.457s][info][gc,heap     ] GC(379) Humongous regions: 0->0
[295.457s][info][gc,metaspace] GC(379) Metaspace: 44454K(45520K)->44454K(45520K) NonClass: 39166K(39888K)->39166K(39888K) Class: 5288K(5632K)->5288K(5632K)
[295.457s][info][gc          ] GC(379) Pause Young (Normal) (G1 Evacuation Pause) 95M->39M(110M) 0.861ms
[295.457s][info][gc,cpu      ] GC(379) User=0.00s Sys=0.00s Real=0.00s
[295.718s][info][gc,start    ] GC(380) Pause Young (Normal) (G1 Evacuation Pause)
[295.718s][info][gc,task     ] GC(380) Using 8 workers of 8 for evacuation
[295.719s][info][gc,phases   ] GC(380)   Pre Evacuate Collection Set: 0.0ms
[295.719s][info][gc,phases   ] GC(380)   Merge Heap Roots: 0.0ms
[295.719s][info][gc,phases   ] GC(380)   Evacuate Collection Set: 0.4ms
[295.719s][info][gc,phases   ] GC(380)   Post Evacuate Collection Set: 0.2ms
[295.719s][info][gc,phases   ] GC(380)   Other: 0.1ms
[295.719s][info][gc,heap     ] GC(380) Eden regions: 56->0(56)
[295.719s][info][gc,heap     ] GC(380) Survivor regions: 1->1(8)
[295.719s][info][gc,heap     ] GC(380) Old regions: 39->39
[295.719s][info][gc,heap     ] GC(380) Archive regions: 2->2
[295.719s][info][gc,heap     ] GC(380) Humongous regions: 0->0
[295.719s][info][gc,metaspace] GC(380) Metaspace: 44454K(45520K)->44454K(45520K) NonClass: 39166K(39888K)->39166K(39888K) Class: 5288K(5632K)->5288K(5632K)
[295.719s][info][gc          ] GC(380) Pause Young (Normal) (G1 Evacuation Pause) 95M->39M(110M) 0.859ms
[295.719s][info][gc,cpu      ] GC(380) User=0.01s Sys=0.00s Real=0.00s
[378.702s][info][gc,heap,exit] Heap
[378.702s][info][gc,heap,exit]  garbage-first heap   total 112640K, used 92108K [0x00000007e0000000, 0x0000000800000000)
[378.702s][info][gc,heap,exit]   region size 1024K, 52 young (53248K), 1 survivors (1024K)
[378.702s][info][gc,heap,exit]  Metaspace       used 44659K, capacity 45310K, committed 45520K, reserved 1089536K
[378.702s][info][gc,heap,exit]   class space    used 5317K, capacity 5545K, committed 5632K, reserved 1048576K
