[0.010s][info][gc] Using G1
[0.013s][info][gc,init] Version: 15.0.1+9 (release)
[0.013s][info][gc,init] CPUs: 8 total, 8 available
[0.014s][info][gc,init] Memory: 32768M
[0.014s][info][gc,init] Large Page Support: Disabled
[0.014s][info][gc,init] NUMA Support: Disabled
[0.014s][info][gc,init] Compressed Oops: Enabled (Zero based)
[0.014s][info][gc,init] Heap Region Size: 1M
[0.014s][info][gc,init] Heap Min Capacity: 8M
[0.014s][info][gc,init] Heap Initial Capacity: 512M
[0.014s][info][gc,init] Heap Max Capacity: 512M
[0.014s][info][gc,init] Pre-touch: Disabled
[0.014s][info][gc,init] Parallel Workers: 8
[0.014s][info][gc,init] Concurrent Workers: 2
[0.014s][info][gc,init] Concurrent Refinement Workers: 8
[0.014s][info][gc,init] Periodic GC: Disabled
[0.014s][info][gc,cds ] Mark closed archive regions in map: [0x00000007fff00000, 0x00000007fff78ff8]
[0.014s][info][gc,cds ] Mark open archive regions in map: [0x00000007ffe00000, 0x00000007ffe50ff8]
[0.014s][info][gc,metaspace] CDS archive(s) mapped at: [0x0000000800000000-0x0000000800b2d000-0x0000000800b2d000), size 11718656, SharedBaseAddress: 0x0000000800000000, ArchiveRelocationMode: 0.
[0.014s][info][gc,metaspace] Compressed class space mapped at: 0x0000000800b30000-0x0000000840b30000, size: 1073741824
[0.014s][info][gc,metaspace] Narrow klass base: 0x0000000800000000, Narrow klass shift: 3, Narrow klass range: 0x100000000
[0.438s][info][gc,start    ] GC(0) Pause Young (Normal) (G1 Evacuation Pause)
[0.438s][info][gc,task     ] GC(0) Using 8 workers of 8 for evacuation
[0.442s][info][gc,phases   ] GC(0)   Pre Evacuate Collection Set: 0.1ms
[0.442s][info][gc,phases   ] GC(0)   Merge Heap Roots: 0.1ms
[0.443s][info][gc,phases   ] GC(0)   Evacuate Collection Set: 3.4ms
[0.443s][info][gc,phases   ] GC(0)   Post Evacuate Collection Set: 0.3ms
[0.443s][info][gc,phases   ] GC(0)   Other: 0.5ms
[0.443s][info][gc,heap     ] GC(0) Eden regions: 25->0(42)
[0.443s][info][gc,heap     ] GC(0) Survivor regions: 0->3(4)
[0.443s][info][gc,heap     ] GC(0) Old regions: 0->0
[0.443s][info][gc,heap     ] GC(0) Archive regions: 2->2
[0.443s][info][gc,heap     ] GC(0) Humongous regions: 0->0
[0.443s][info][gc,metaspace] GC(0) Metaspace: 3585K(6272K)->3585K(6272K) NonClass: 3237K(5632K)->3237K(5632K) Class: 348K(640K)->348K(640K)
[0.443s][info][gc          ] GC(0) Pause Young (Normal) (G1 Evacuation Pause) 25M->3M(512M) 4.503ms
[0.443s][info][gc,cpu      ] GC(0) User=0.02s Sys=0.01s Real=0.00s
[0.933s][info][gc,start    ] GC(1) Pause Young (Normal) (G1 Evacuation Pause)
[0.933s][info][gc,task     ] GC(1) Using 8 workers of 8 for evacuation
[0.937s][info][gc,phases   ] GC(1)   Pre Evacuate Collection Set: 0.1ms
[0.937s][info][gc,phases   ] GC(1)   Merge Heap Roots: 0.0ms
[0.937s][info][gc,phases   ] GC(1)   Evacuate Collection Set: 2.8ms
[0.937s][info][gc,phases   ] GC(1)   Post Evacuate Collection Set: 0.6ms
[0.937s][info][gc,phases   ] GC(1)   Other: 0.2ms
[0.937s][info][gc,heap     ] GC(1) Eden regions: 42->0(303)
[0.937s][info][gc,heap     ] GC(1) Survivor regions: 3->4(6)
[0.937s][info][gc,heap     ] GC(1) Old regions: 0->0
[0.937s][info][gc,heap     ] GC(1) Archive regions: 2->2
[0.937s][info][gc,heap     ] GC(1) Humongous regions: 0->0
[0.937s][info][gc,metaspace] GC(1) Metaspace: 8094K(9344K)->8094K(9344K) NonClass: 7125K(8192K)->7125K(8192K) Class: 968K(1152K)->968K(1152K)
[0.937s][info][gc          ] GC(1) Pause Young (Normal) (G1 Evacuation Pause) 45M->4M(512M) 3.973ms
[0.937s][info][gc,cpu      ] GC(1) User=0.01s Sys=0.01s Real=0.01s
[3.004s][info][gc,start    ] GC(2) Pause Young (Concurrent Start) (Metadata GC Threshold)
[3.004s][info][gc,task     ] GC(2) Using 8 workers of 8 for evacuation
[3.013s][info][gc,phases   ] GC(2)   Pre Evacuate Collection Set: 0.1ms
[3.013s][info][gc,phases   ] GC(2)   Merge Heap Roots: 0.0ms
[3.013s][info][gc,phases   ] GC(2)   Evacuate Collection Set: 7.7ms
[3.013s][info][gc,phases   ] GC(2)   Post Evacuate Collection Set: 1.1ms
[3.013s][info][gc,phases   ] GC(2)   Other: 0.2ms
[3.013s][info][gc,heap     ] GC(2) Eden regions: 272->0(298)
[3.013s][info][gc,heap     ] GC(2) Survivor regions: 4->9(39)
[3.013s][info][gc,heap     ] GC(2) Old regions: 0->0
[3.013s][info][gc,heap     ] GC(2) Archive regions: 2->2
[3.013s][info][gc,heap     ] GC(2) Humongous regions: 0->0
[3.013s][info][gc,metaspace] GC(2) Metaspace: 20629K(21296K)->20629K(21296K) NonClass: 18152K(18608K)->18152K(18608K) Class: 2477K(2688K)->2477K(2688K)
[3.013s][info][gc          ] GC(2) Pause Young (Concurrent Start) (Metadata GC Threshold) 276M->9M(512M) 9.285ms
[3.013s][info][gc,cpu      ] GC(2) User=0.04s Sys=0.01s Real=0.01s
[3.013s][info][gc          ] GC(3) Concurrent Cycle
[3.013s][info][gc,marking  ] GC(3) Concurrent Clear Claimed Marks
[3.014s][info][gc,marking  ] GC(3) Concurrent Clear Claimed Marks 0.042ms
[3.014s][info][gc,marking  ] GC(3) Concurrent Scan Root Regions
[3.018s][info][gc,marking  ] GC(3) Concurrent Scan Root Regions 3.973ms
[3.018s][info][gc,marking  ] GC(3) Concurrent Mark (3.018s)
[3.018s][info][gc,marking  ] GC(3) Concurrent Mark From Roots
[3.018s][info][gc,task     ] GC(3) Using 2 workers of 2 for marking
[3.019s][info][gc,marking  ] GC(3) Concurrent Mark From Roots 1.150ms
[3.019s][info][gc,marking  ] GC(3) Concurrent Preclean
[3.019s][info][gc,marking  ] GC(3) Concurrent Preclean 0.033ms
[3.019s][info][gc,marking  ] GC(3) Concurrent Mark (3.018s, 3.019s) 1.242ms
[3.019s][info][gc,start    ] GC(3) Pause Remark
[3.038s][info][gc          ] GC(3) Pause Remark 9M->9M(40M) 18.701ms
[3.038s][info][gc,cpu      ] GC(3) User=0.01s Sys=0.02s Real=0.02s
[3.038s][info][gc,marking  ] GC(3) Concurrent Rebuild Remembered Sets
[3.038s][info][gc,marking  ] GC(3) Concurrent Rebuild Remembered Sets 0.384ms
[3.038s][info][gc,start    ] GC(3) Pause Cleanup
[3.038s][info][gc          ] GC(3) Pause Cleanup 9M->9M(40M) 0.052ms
[3.038s][info][gc,cpu      ] GC(3) User=0.00s Sys=0.00s Real=0.00s
[3.038s][info][gc,marking  ] GC(3) Concurrent Cleanup for Next Mark
[3.039s][info][gc,marking  ] GC(3) Concurrent Cleanup for Next Mark 0.379ms
[3.039s][info][gc          ] GC(3) Concurrent Cycle 25.430ms
[3.241s][info][gc,start    ] GC(4) Pause Young (Normal) (G1 Evacuation Pause)
[3.241s][info][gc,task     ] GC(4) Using 5 workers of 8 for evacuation
[3.252s][info][gc,phases   ] GC(4)   Pre Evacuate Collection Set: 0.0ms
[3.252s][info][gc,phases   ] GC(4)   Merge Heap Roots: 0.1ms
[3.252s][info][gc,phases   ] GC(4)   Evacuate Collection Set: 10.4ms
[3.252s][info][gc,phases   ] GC(4)   Post Evacuate Collection Set: 0.7ms
[3.252s][info][gc,phases   ] GC(4)   Other: 0.1ms
[3.252s][info][gc,heap     ] GC(4) Eden regions: 15->0(19)
[3.252s][info][gc,heap     ] GC(4) Survivor regions: 9->2(3)
[3.252s][info][gc,heap     ] GC(4) Old regions: 0->9
[3.252s][info][gc,heap     ] GC(4) Archive regions: 2->2
[3.252s][info][gc,heap     ] GC(4) Humongous regions: 0->0
[3.252s][info][gc,metaspace] GC(4) Metaspace: 22225K(23088K)->22225K(23088K) NonClass: 19501K(20144K)->19501K(20144K) Class: 2724K(2944K)->2724K(2944K)
[3.252s][info][gc          ] GC(4) Pause Young (Normal) (G1 Evacuation Pause) 24M->10M(40M) 11.456ms
[3.253s][info][gc,cpu      ] GC(4) User=0.04s Sys=0.01s Real=0.01s
[3.497s][info][gc,start    ] GC(5) Pause Young (Normal) (G1 Evacuation Pause)
[3.497s][info][gc,task     ] GC(5) Using 3 workers of 8 for evacuation
[3.501s][info][gc,phases   ] GC(5)   Pre Evacuate Collection Set: 0.0ms
[3.501s][info][gc,phases   ] GC(5)   Merge Heap Roots: 0.0ms
[3.501s][info][gc,phases   ] GC(5)   Evacuate Collection Set: 3.4ms
[3.501s][info][gc,phases   ] GC(5)   Post Evacuate Collection Set: 0.3ms
[3.501s][info][gc,phases   ] GC(5)   Other: 0.2ms
[3.502s][info][gc,heap     ] GC(5) Eden regions: 19->0(18)
[3.502s][info][gc,heap     ] GC(5) Survivor regions: 2->3(3)
[3.502s][info][gc,heap     ] GC(5) Old regions: 9->9
[3.502s][info][gc,heap     ] GC(5) Archive regions: 2->2
[3.502s][info][gc,heap     ] GC(5) Humongous regions: 0->0
[3.502s][info][gc,metaspace] GC(5) Metaspace: 25038K(25904K)->25038K(25904K) NonClass: 22028K(22704K)->22028K(22704K) Class: 3010K(3200K)->3010K(3200K)
[3.502s][info][gc          ] GC(5) Pause Young (Normal) (G1 Evacuation Pause) 29M->11M(40M) 4.121ms
[3.502s][info][gc,cpu      ] GC(5) User=0.02s Sys=0.00s Real=0.00s
[3.721s][info][gc,start    ] GC(6) Pause Young (Normal) (G1 Evacuation Pause)
[3.721s][info][gc,task     ] GC(6) Using 2 workers of 8 for evacuation
[3.729s][info][gc,phases   ] GC(6)   Pre Evacuate Collection Set: 0.0ms
[3.729s][info][gc,phases   ] GC(6)   Merge Heap Roots: 0.0ms
[3.729s][info][gc,phases   ] GC(6)   Evacuate Collection Set: 7.3ms
[3.729s][info][gc,phases   ] GC(6)   Post Evacuate Collection Set: 0.4ms
[3.729s][info][gc,phases   ] GC(6)   Other: 0.2ms
[3.729s][info][gc,heap     ] GC(6) Eden regions: 18->0(18)
[3.729s][info][gc,heap     ] GC(6) Survivor regions: 3->2(3)
[3.729s][info][gc,heap     ] GC(6) Old regions: 9->10
[3.729s][info][gc,heap     ] GC(6) Archive regions: 2->2
[3.729s][info][gc,heap     ] GC(6) Humongous regions: 0->0
[3.729s][info][gc,metaspace] GC(6) Metaspace: 26286K(27184K)->26286K(27184K) NonClass: 23086K(23728K)->23086K(23728K) Class: 3200K(3456K)->3200K(3456K)
[3.729s][info][gc          ] GC(6) Pause Young (Normal) (G1 Evacuation Pause) 29M->12M(40M) 8.020ms
[3.729s][info][gc,cpu      ] GC(6) User=0.03s Sys=0.00s Real=0.01s
[3.901s][info][gc,start    ] GC(7) Pause Young (Normal) (G1 Evacuation Pause)
[3.901s][info][gc,task     ] GC(7) Using 8 workers of 8 for evacuation
[3.904s][info][gc,phases   ] GC(7)   Pre Evacuate Collection Set: 0.0ms
[3.904s][info][gc,phases   ] GC(7)   Merge Heap Roots: 0.0ms
[3.904s][info][gc,phases   ] GC(7)   Evacuate Collection Set: 2.8ms
[3.904s][info][gc,phases   ] GC(7)   Post Evacuate Collection Set: 0.4ms
[3.904s][info][gc,phases   ] GC(7)   Other: 0.1ms
[3.904s][info][gc,heap     ] GC(7) Eden regions: 18->0(18)
[3.904s][info][gc,heap     ] GC(7) Survivor regions: 2->2(3)
[3.904s][info][gc,heap     ] GC(7) Old regions: 10->11
[3.904s][info][gc,heap     ] GC(7) Archive regions: 2->2
[3.904s][info][gc,heap     ] GC(7) Humongous regions: 0->0
[3.904s][info][gc,metaspace] GC(7) Metaspace: 27838K(28592K)->27838K(28592K) NonClass: 24438K(25008K)->24438K(25008K) Class: 3400K(3584K)->3400K(3584K)
[3.904s][info][gc          ] GC(7) Pause Young (Normal) (G1 Evacuation Pause) 30M->12M(40M) 3.479ms
[3.904s][info][gc,cpu      ] GC(7) User=0.02s Sys=0.00s Real=0.00s
[4.150s][info][gc,start    ] GC(8) Pause Young (Normal) (G1 Evacuation Pause)
[4.150s][info][gc,task     ] GC(8) Using 8 workers of 8 for evacuation
[4.153s][info][gc,phases   ] GC(8)   Pre Evacuate Collection Set: 0.0ms
[4.153s][info][gc,phases   ] GC(8)   Merge Heap Roots: 0.0ms
[4.153s][info][gc,phases   ] GC(8)   Evacuate Collection Set: 2.2ms
[4.153s][info][gc,phases   ] GC(8)   Post Evacuate Collection Set: 0.3ms
[4.153s][info][gc,phases   ] GC(8)   Other: 0.1ms
[4.153s][info][gc,heap     ] GC(8) Eden regions: 18->0(17)
[4.153s][info][gc,heap     ] GC(8) Survivor regions: 2->3(3)
[4.153s][info][gc,heap     ] GC(8) Old regions: 11->11
[4.153s][info][gc,heap     ] GC(8) Archive regions: 2->2
[4.153s][info][gc,heap     ] GC(8) Humongous regions: 0->0
[4.153s][info][gc,metaspace] GC(8) Metaspace: 28919K(29744K)->28919K(29744K) NonClass: 25391K(26032K)->25391K(26032K) Class: 3528K(3712K)->3528K(3712K)
[4.153s][info][gc          ] GC(8) Pause Young (Normal) (G1 Evacuation Pause) 30M->13M(40M) 2.761ms
[4.153s][info][gc,cpu      ] GC(8) User=0.01s Sys=0.00s Real=0.00s
[4.373s][info][gc,start    ] GC(9) Pause Young (Normal) (G1 Evacuation Pause)
[4.373s][info][gc,task     ] GC(9) Using 8 workers of 8 for evacuation
[4.378s][info][gc,phases   ] GC(9)   Pre Evacuate Collection Set: 0.7ms
[4.378s][info][gc,phases   ] GC(9)   Merge Heap Roots: 0.4ms
[4.378s][info][gc,phases   ] GC(9)   Evacuate Collection Set: 3.7ms
[4.378s][info][gc,phases   ] GC(9)   Post Evacuate Collection Set: 0.6ms
[4.379s][info][gc,phases   ] GC(9)   Other: 0.2ms
[4.379s][info][gc,heap     ] GC(9) Eden regions: 17->0(16)
[4.379s][info][gc,heap     ] GC(9) Survivor regions: 3->3(3)
[4.379s][info][gc,heap     ] GC(9) Old regions: 11->12
[4.379s][info][gc,heap     ] GC(9) Archive regions: 2->2
[4.379s][info][gc,heap     ] GC(9) Humongous regions: 0->0
[4.379s][info][gc,metaspace] GC(9) Metaspace: 29838K(30640K)->29838K(30640K) NonClass: 26191K(26800K)->26191K(26800K) Class: 3646K(3840K)->3646K(3840K)
[4.379s][info][gc          ] GC(9) Pause Young (Normal) (G1 Evacuation Pause) 30M->14M(40M) 5.657ms
[4.379s][info][gc,cpu      ] GC(9) User=0.03s Sys=0.01s Real=0.01s
[4.554s][info][gc,start    ] GC(10) Pause Young (Normal) (G1 Evacuation Pause)
[4.554s][info][gc,task     ] GC(10) Using 8 workers of 8 for evacuation
[4.558s][info][gc,phases   ] GC(10)   Pre Evacuate Collection Set: 0.0ms
[4.558s][info][gc,phases   ] GC(10)   Merge Heap Roots: 0.0ms
[4.558s][info][gc,phases   ] GC(10)   Evacuate Collection Set: 2.4ms
[4.558s][info][gc,phases   ] GC(10)   Post Evacuate Collection Set: 1.9ms
[4.558s][info][gc,phases   ] GC(10)   Other: 0.1ms
[4.558s][info][gc,heap     ] GC(10) Eden regions: 16->0(163)
[4.558s][info][gc,heap     ] GC(10) Survivor regions: 3->2(3)
[4.558s][info][gc,heap     ] GC(10) Old regions: 12->13
[4.558s][info][gc,heap     ] GC(10) Archive regions: 2->2
[4.558s][info][gc,heap     ] GC(10) Humongous regions: 0->0
[4.558s][info][gc,metaspace] GC(10) Metaspace: 30653K(31536K)->30653K(31536K) NonClass: 26901K(27568K)->26901K(27568K) Class: 3752K(3968K)->3752K(3968K)
[4.558s][info][gc          ] GC(10) Pause Young (Normal) (G1 Evacuation Pause) 30M->14M(276M) 4.696ms
[4.558s][info][gc,cpu      ] GC(10) User=0.02s Sys=0.00s Real=0.01s
[5.533s][info][gc,start    ] GC(11) Pause Young (Concurrent Start) (Metadata GC Threshold)
[5.533s][info][gc,task     ] GC(11) Using 8 workers of 8 for evacuation
[5.539s][info][gc,phases   ] GC(11)   Pre Evacuate Collection Set: 0.1ms
[5.539s][info][gc,phases   ] GC(11)   Merge Heap Roots: 0.1ms
[5.539s][info][gc,phases   ] GC(11)   Evacuate Collection Set: 4.6ms
[5.539s][info][gc,phases   ] GC(11)   Post Evacuate Collection Set: 0.5ms
[5.539s][info][gc,phases   ] GC(11)   Other: 0.2ms
[5.539s][info][gc,heap     ] GC(11) Eden regions: 75->0(161)
[5.539s][info][gc,heap     ] GC(11) Survivor regions: 2->4(21)
[5.539s][info][gc,heap     ] GC(11) Old regions: 13->13
[5.539s][info][gc,heap     ] GC(11) Archive regions: 2->2
[5.539s][info][gc,heap     ] GC(11) Humongous regions: 0->0
[5.539s][info][gc,metaspace] GC(11) Metaspace: 35055K(35920K)->35055K(35920K) NonClass: 30705K(31312K)->30705K(31312K) Class: 4349K(4608K)->4349K(4608K)
[5.539s][info][gc          ] GC(11) Pause Young (Concurrent Start) (Metadata GC Threshold) 89M->17M(276M) 5.569ms
[5.539s][info][gc,cpu      ] GC(11) User=0.02s Sys=0.00s Real=0.01s
[5.539s][info][gc          ] GC(12) Concurrent Cycle
[5.539s][info][gc,marking  ] GC(12) Concurrent Clear Claimed Marks
[5.539s][info][gc,marking  ] GC(12) Concurrent Clear Claimed Marks 0.046ms
[5.539s][info][gc,marking  ] GC(12) Concurrent Scan Root Regions
[5.542s][info][gc,marking  ] GC(12) Concurrent Scan Root Regions 3.606ms
[5.542s][info][gc,marking  ] GC(12) Concurrent Mark (5.542s)
[5.542s][info][gc,marking  ] GC(12) Concurrent Mark From Roots
[5.542s][info][gc,task     ] GC(12) Using 2 workers of 2 for marking
[5.561s][info][gc,marking  ] GC(12) Concurrent Mark From Roots 18.296ms
[5.561s][info][gc,marking  ] GC(12) Concurrent Preclean
[5.561s][info][gc,marking  ] GC(12) Concurrent Preclean 0.147ms
[5.561s][info][gc,marking  ] GC(12) Concurrent Mark (5.542s, 5.561s) 18.537ms
[5.561s][info][gc,start    ] GC(12) Pause Remark
[5.567s][info][gc          ] GC(12) Pause Remark 18M->18M(70M) 5.967ms
[5.567s][info][gc,cpu      ] GC(12) User=0.01s Sys=0.00s Real=0.01s
[5.567s][info][gc,marking  ] GC(12) Concurrent Rebuild Remembered Sets
[5.578s][info][gc,marking  ] GC(12) Concurrent Rebuild Remembered Sets 10.327ms
[5.578s][info][gc,start    ] GC(12) Pause Cleanup
[5.578s][info][gc          ] GC(12) Pause Cleanup 19M->19M(70M) 0.107ms
[5.578s][info][gc,cpu      ] GC(12) User=0.00s Sys=0.00s Real=0.00s
[5.578s][info][gc,marking  ] GC(12) Concurrent Cleanup for Next Mark
[5.579s][info][gc,marking  ] GC(12) Concurrent Cleanup for Next Mark 0.476ms
[5.579s][info][gc          ] GC(12) Concurrent Cycle 40.027ms
[5.836s][info][gc,start    ] GC(13) Pause Young (Normal) (G1 Evacuation Pause)
[5.836s][info][gc,task     ] GC(13) Using 8 workers of 8 for evacuation
[5.839s][info][gc,phases   ] GC(13)   Pre Evacuate Collection Set: 0.0ms
[5.839s][info][gc,phases   ] GC(13)   Merge Heap Roots: 0.1ms
[5.839s][info][gc,phases   ] GC(13)   Evacuate Collection Set: 2.7ms
[5.839s][info][gc,phases   ] GC(13)   Post Evacuate Collection Set: 0.3ms
[5.839s][info][gc,phases   ] GC(13)   Other: 0.1ms
[5.839s][info][gc,heap     ] GC(13) Eden regions: 38->0(38)
[5.839s][info][gc,heap     ] GC(13) Survivor regions: 4->4(6)
[5.839s][info][gc,heap     ] GC(13) Old regions: 13->14
[5.839s][info][gc,heap     ] GC(13) Archive regions: 2->2
[5.839s][info][gc,heap     ] GC(13) Humongous regions: 0->0
[5.839s][info][gc,metaspace] GC(13) Metaspace: 37434K(38608K)->37434K(38608K) NonClass: 32689K(33616K)->32689K(33616K) Class: 4744K(4992K)->4744K(4992K)
[5.839s][info][gc          ] GC(13) Pause Young (Normal) (G1 Evacuation Pause) 55M->18M(70M) 3.472ms
[5.839s][info][gc,cpu      ] GC(13) User=0.02s Sys=0.00s Real=0.00s
[41.276s][info][gc,start    ] GC(14) Pause Young (Normal) (G1 Evacuation Pause)
[41.276s][info][gc,task     ] GC(14) Using 8 workers of 8 for evacuation
[41.281s][info][gc,phases   ] GC(14)   Pre Evacuate Collection Set: 0.1ms
[41.281s][info][gc,phases   ] GC(14)   Merge Heap Roots: 0.1ms
[41.281s][info][gc,phases   ] GC(14)   Evacuate Collection Set: 4.1ms
[41.281s][info][gc,phases   ] GC(14)   Post Evacuate Collection Set: 0.6ms
[41.281s][info][gc,phases   ] GC(14)   Other: 0.1ms
[41.281s][info][gc,heap     ] GC(14) Eden regions: 38->0(36)
[41.281s][info][gc,heap     ] GC(14) Survivor regions: 4->3(6)
[41.281s][info][gc,heap     ] GC(14) Old regions: 14->17
[41.281s][info][gc,heap     ] GC(14) Archive regions: 2->2
[41.281s][info][gc,heap     ] GC(14) Humongous regions: 0->0
[41.281s][info][gc,metaspace] GC(14) Metaspace: 42797K(43856K)->42797K(43856K) NonClass: 37449K(38224K)->37449K(38224K) Class: 5347K(5632K)->5347K(5632K)
[41.281s][info][gc          ] GC(14) Pause Young (Normal) (G1 Evacuation Pause) 56M->19M(70M) 5.202ms
[41.281s][info][gc,cpu      ] GC(14) User=0.02s Sys=0.00s Real=0.00s
[41.478s][info][gc,start    ] GC(15) Pause Young (Normal) (G1 Evacuation Pause)
[41.478s][info][gc,task     ] GC(15) Using 8 workers of 8 for evacuation
[41.482s][info][gc,phases   ] GC(15)   Pre Evacuate Collection Set: 0.1ms
[41.482s][info][gc,phases   ] GC(15)   Merge Heap Roots: 0.1ms
[41.482s][info][gc,phases   ] GC(15)   Evacuate Collection Set: 3.0ms
[41.482s][info][gc,phases   ] GC(15)   Post Evacuate Collection Set: 0.4ms
[41.482s][info][gc,phases   ] GC(15)   Other: 0.2ms
[41.482s][info][gc,heap     ] GC(15) Eden regions: 36->0(36)
[41.482s][info][gc,heap     ] GC(15) Survivor regions: 3->4(5)
[41.482s][info][gc,heap     ] GC(15) Old regions: 17->17
[41.482s][info][gc,heap     ] GC(15) Archive regions: 2->2
[41.482s][info][gc,heap     ] GC(15) Humongous regions: 0->0
[41.482s][info][gc,metaspace] GC(15) Metaspace: 45036K(46160K)->45036K(46160K) NonClass: 39420K(40272K)->39420K(40272K) Class: 5615K(5888K)->5615K(5888K)
[41.482s][info][gc          ] GC(15) Pause Young (Normal) (G1 Evacuation Pause) 55M->19M(70M) 4.019ms
[41.482s][info][gc,cpu      ] GC(15) User=0.02s Sys=0.00s Real=0.00s
[42.253s][info][gc,start    ] GC(16) Pause Young (Normal) (G1 Evacuation Pause)
[42.253s][info][gc,task     ] GC(16) Using 8 workers of 8 for evacuation
[42.258s][info][gc,phases   ] GC(16)   Pre Evacuate Collection Set: 0.1ms
[42.258s][info][gc,phases   ] GC(16)   Merge Heap Roots: 0.0ms
[42.258s][info][gc,phases   ] GC(16)   Evacuate Collection Set: 4.3ms
[42.258s][info][gc,phases   ] GC(16)   Post Evacuate Collection Set: 0.5ms
[42.258s][info][gc,phases   ] GC(16)   Other: 0.2ms
[42.258s][info][gc,heap     ] GC(16) Eden regions: 36->0(25)
[42.258s][info][gc,heap     ] GC(16) Survivor regions: 4->5(5)
[42.258s][info][gc,heap     ] GC(16) Old regions: 17->25
[42.258s][info][gc,heap     ] GC(16) Archive regions: 2->2
[42.258s][info][gc,heap     ] GC(16) Humongous regions: 0->0
[42.258s][info][gc,metaspace] GC(16) Metaspace: 46305K(47568K)->46305K(47568K) NonClass: 40661K(41552K)->40661K(41552K) Class: 5644K(6016K)->5644K(6016K)
[42.258s][info][gc          ] GC(16) Pause Young (Normal) (G1 Evacuation Pause) 55M->29M(72M) 5.252ms
[42.258s][info][gc,cpu      ] GC(16) User=0.03s Sys=0.00s Real=0.01s
[42.644s][info][gc,start    ] GC(17) Pause Young (Normal) (G1 Evacuation Pause)
[42.644s][info][gc,task     ] GC(17) Using 8 workers of 8 for evacuation
[42.648s][info][gc,phases   ] GC(17)   Pre Evacuate Collection Set: 0.0ms
[42.648s][info][gc,phases   ] GC(17)   Merge Heap Roots: 0.0ms
[42.648s][info][gc,phases   ] GC(17)   Evacuate Collection Set: 2.9ms
[42.648s][info][gc,phases   ] GC(17)   Post Evacuate Collection Set: 0.4ms
[42.648s][info][gc,phases   ] GC(17)   Other: 0.2ms
[42.648s][info][gc,heap     ] GC(17) Eden regions: 25->0(24)
[42.648s][info][gc,heap     ] GC(17) Survivor regions: 5->2(4)
[42.648s][info][gc,heap     ] GC(17) Old regions: 25->30
[42.648s][info][gc,heap     ] GC(17) Archive regions: 2->2
[42.648s][info][gc,heap     ] GC(17) Humongous regions: 0->0
[42.648s][info][gc,metaspace] GC(17) Metaspace: 46364K(47568K)->46364K(47568K) NonClass: 40719K(41552K)->40719K(41552K) Class: 5644K(6016K)->5644K(6016K)
[42.648s][info][gc          ] GC(17) Pause Young (Normal) (G1 Evacuation Pause) 54M->31M(72M) 3.679ms
[42.648s][info][gc,cpu      ] GC(17) User=0.01s Sys=0.01s Real=0.01s
[42.994s][info][gc,start    ] GC(18) Pause Young (Normal) (G1 Evacuation Pause)
[42.994s][info][gc,task     ] GC(18) Using 8 workers of 8 for evacuation
[42.996s][info][gc,phases   ] GC(18)   Pre Evacuate Collection Set: 0.1ms
[42.996s][info][gc,phases   ] GC(18)   Merge Heap Roots: 0.1ms
[42.996s][info][gc,phases   ] GC(18)   Evacuate Collection Set: 1.4ms
[42.996s][info][gc,phases   ] GC(18)   Post Evacuate Collection Set: 0.2ms
[42.996s][info][gc,phases   ] GC(18)   Other: 0.2ms
[42.996s][info][gc,heap     ] GC(18) Eden regions: 24->0(25)
[42.996s][info][gc,heap     ] GC(18) Survivor regions: 2->2(4)
[42.996s][info][gc,heap     ] GC(18) Old regions: 30->30
[42.996s][info][gc,heap     ] GC(18) Archive regions: 2->2
[42.996s][info][gc,heap     ] GC(18) Humongous regions: 0->0
[42.996s][info][gc,metaspace] GC(18) Metaspace: 46402K(47568K)->46402K(47568K) NonClass: 40757K(41552K)->40757K(41552K) Class: 5645K(6016K)->5645K(6016K)
[42.996s][info][gc          ] GC(18) Pause Young (Normal) (G1 Evacuation Pause) 55M->31M(72M) 2.107ms
[42.996s][info][gc,cpu      ] GC(18) User=0.00s Sys=0.00s Real=0.01s
[49.134s][info][gc,start    ] GC(19) Pause Young (Normal) (G1 Evacuation Pause)
[49.134s][info][gc,task     ] GC(19) Using 8 workers of 8 for evacuation
[49.136s][info][gc,phases   ] GC(19)   Pre Evacuate Collection Set: 0.1ms
[49.136s][info][gc,phases   ] GC(19)   Merge Heap Roots: 0.0ms
[49.136s][info][gc,phases   ] GC(19)   Evacuate Collection Set: 1.6ms
[49.136s][info][gc,phases   ] GC(19)   Post Evacuate Collection Set: 0.3ms
[49.136s][info][gc,phases   ] GC(19)   Other: 0.2ms
[49.136s][info][gc,heap     ] GC(19) Eden regions: 25->0(24)
[49.136s][info][gc,heap     ] GC(19) Survivor regions: 2->3(4)
[49.136s][info][gc,heap     ] GC(19) Old regions: 30->30
[49.136s][info][gc,heap     ] GC(19) Archive regions: 2->2
[49.136s][info][gc,heap     ] GC(19) Humongous regions: 0->0
[49.136s][info][gc,metaspace] GC(19) Metaspace: 46483K(47568K)->46483K(47568K) NonClass: 40836K(41552K)->40836K(41552K) Class: 5647K(6016K)->5647K(6016K)
[49.136s][info][gc          ] GC(19) Pause Young (Normal) (G1 Evacuation Pause) 56M->32M(72M) 2.470ms
[49.136s][info][gc,cpu      ] GC(19) User=0.01s Sys=0.00s Real=0.01s
[49.573s][info][gc,start    ] GC(20) Pause Young (Normal) (G1 Evacuation Pause)
[49.573s][info][gc,task     ] GC(20) Using 8 workers of 8 for evacuation
[49.575s][info][gc,phases   ] GC(20)   Pre Evacuate Collection Set: 0.1ms
[49.575s][info][gc,phases   ] GC(20)   Merge Heap Roots: 0.0ms
[49.575s][info][gc,phases   ] GC(20)   Evacuate Collection Set: 1.5ms
[49.575s][info][gc,phases   ] GC(20)   Post Evacuate Collection Set: 0.3ms
[49.575s][info][gc,phases   ] GC(20)   Other: 0.2ms
[49.575s][info][gc,heap     ] GC(20) Eden regions: 24->0(25)
[49.575s][info][gc,heap     ] GC(20) Survivor regions: 3->3(4)
[49.575s][info][gc,heap     ] GC(20) Old regions: 30->30
[49.575s][info][gc,heap     ] GC(20) Archive regions: 2->2
[49.575s][info][gc,heap     ] GC(20) Humongous regions: 0->0
[49.575s][info][gc,metaspace] GC(20) Metaspace: 46528K(47824K)->46528K(47824K) NonClass: 40881K(41808K)->40881K(41808K) Class: 5647K(6016K)->5647K(6016K)
[49.575s][info][gc          ] GC(20) Pause Young (Normal) (G1 Evacuation Pause) 56M->32M(72M) 2.297ms
[49.575s][info][gc,cpu      ] GC(20) User=0.01s Sys=0.00s Real=0.00s
[49.973s][info][gc,start    ] GC(21) Pause Young (Normal) (G1 Evacuation Pause)
[49.973s][info][gc,task     ] GC(21) Using 8 workers of 8 for evacuation
[49.977s][info][gc,phases   ] GC(21)   Pre Evacuate Collection Set: 0.1ms
[49.977s][info][gc,phases   ] GC(21)   Merge Heap Roots: 0.0ms
[49.977s][info][gc,phases   ] GC(21)   Evacuate Collection Set: 3.3ms
[49.977s][info][gc,phases   ] GC(21)   Post Evacuate Collection Set: 0.4ms
[49.977s][info][gc,phases   ] GC(21)   Other: 0.2ms
[49.977s][info][gc,heap     ] GC(21) Eden regions: 25->0(24)
[49.977s][info][gc,heap     ] GC(21) Survivor regions: 3->3(4)
[49.977s][info][gc,heap     ] GC(21) Old regions: 30->31
[49.977s][info][gc,heap     ] GC(21) Archive regions: 2->2
[49.977s][info][gc,heap     ] GC(21) Humongous regions: 0->0
[49.977s][info][gc,metaspace] GC(21) Metaspace: 46555K(47824K)->46555K(47824K) NonClass: 40907K(41808K)->40907K(41808K) Class: 5647K(6016K)->5647K(6016K)
[49.977s][info][gc          ] GC(21) Pause Young (Normal) (G1 Evacuation Pause) 57M->33M(72M) 4.252ms
[49.977s][info][gc,cpu      ] GC(21) User=0.02s Sys=0.00s Real=0.01s
[66.732s][info][gc,start    ] GC(22) Pause Young (Concurrent Start) (G1 Evacuation Pause)
[66.732s][info][gc,task     ] GC(22) Using 8 workers of 8 for evacuation
[66.734s][info][gc,phases   ] GC(22)   Pre Evacuate Collection Set: 0.1ms
[66.734s][info][gc,phases   ] GC(22)   Merge Heap Roots: 0.0ms
[66.734s][info][gc,phases   ] GC(22)   Evacuate Collection Set: 1.1ms
[66.734s][info][gc,phases   ] GC(22)   Post Evacuate Collection Set: 0.2ms
[66.734s][info][gc,phases   ] GC(22)   Other: 0.1ms
[66.734s][info][gc,heap     ] GC(22) Eden regions: 24->0(25)
[66.734s][info][gc,heap     ] GC(22) Survivor regions: 3->2(4)
[66.734s][info][gc,heap     ] GC(22) Old regions: 31->32
[66.734s][info][gc,heap     ] GC(22) Archive regions: 2->2
[66.734s][info][gc,heap     ] GC(22) Humongous regions: 0->0
[66.734s][info][gc,metaspace] GC(22) Metaspace: 46570K(47824K)->46570K(47824K) NonClass: 40922K(41808K)->40922K(41808K) Class: 5647K(6016K)->5647K(6016K)
[66.734s][info][gc          ] GC(22) Pause Young (Concurrent Start) (G1 Evacuation Pause) 57M->33M(72M) 1.709ms
[66.734s][info][gc,cpu      ] GC(22) User=0.01s Sys=0.00s Real=0.00s
[66.734s][info][gc          ] GC(23) Concurrent Cycle
[66.734s][info][gc,marking  ] GC(23) Concurrent Clear Claimed Marks
[66.734s][info][gc,marking  ] GC(23) Concurrent Clear Claimed Marks 0.050ms
[66.734s][info][gc,marking  ] GC(23) Concurrent Scan Root Regions
[66.736s][info][gc,marking  ] GC(23) Concurrent Scan Root Regions 2.060ms
[66.736s][info][gc,marking  ] GC(23) Concurrent Mark (66.736s)
[66.736s][info][gc,marking  ] GC(23) Concurrent Mark From Roots
[66.736s][info][gc,task     ] GC(23) Using 2 workers of 2 for marking
[66.761s][info][gc,marking  ] GC(23) Concurrent Mark From Roots 25.157ms
[66.761s][info][gc,marking  ] GC(23) Concurrent Preclean
[66.762s][info][gc,marking  ] GC(23) Concurrent Preclean 0.054ms
[66.762s][info][gc,marking  ] GC(23) Concurrent Mark (66.736s, 66.762s) 25.262ms
[66.762s][info][gc,start    ] GC(23) Pause Remark
[66.766s][info][gc          ] GC(23) Pause Remark 34M->34M(72M) 4.552ms
[66.766s][info][gc,cpu      ] GC(23) User=0.02s Sys=0.00s Real=0.01s
[66.767s][info][gc,marking  ] GC(23) Concurrent Rebuild Remembered Sets
[66.782s][info][gc,marking  ] GC(23) Concurrent Rebuild Remembered Sets 15.273ms
[66.782s][info][gc,start    ] GC(23) Pause Cleanup
[66.782s][info][gc          ] GC(23) Pause Cleanup 34M->34M(72M) 0.080ms
[66.782s][info][gc,cpu      ] GC(23) User=0.00s Sys=0.00s Real=0.00s
[66.782s][info][gc,marking  ] GC(23) Concurrent Cleanup for Next Mark
[66.782s][info][gc,marking  ] GC(23) Concurrent Cleanup for Next Mark 0.258ms
[66.783s][info][gc          ] GC(23) Concurrent Cycle 48.399ms
[74.135s][info][gc,start    ] GC(24) Pause Young (Normal) (G1 Evacuation Pause)
[74.136s][info][gc,task     ] GC(24) Using 8 workers of 8 for evacuation
[74.139s][info][gc,phases   ] GC(24)   Pre Evacuate Collection Set: 0.1ms
[74.139s][info][gc,phases   ] GC(24)   Merge Heap Roots: 0.1ms
[74.139s][info][gc,phases   ] GC(24)   Evacuate Collection Set: 2.3ms
[74.139s][info][gc,phases   ] GC(24)   Post Evacuate Collection Set: 0.4ms
[74.139s][info][gc,phases   ] GC(24)   Other: 0.3ms
[74.139s][info][gc,heap     ] GC(24) Eden regions: 25->0(22)
[74.139s][info][gc,heap     ] GC(24) Survivor regions: 2->4(4)
[74.139s][info][gc,heap     ] GC(24) Old regions: 32->32
[74.139s][info][gc,heap     ] GC(24) Archive regions: 2->2
[74.139s][info][gc,heap     ] GC(24) Humongous regions: 0->0
[74.139s][info][gc,metaspace] GC(24) Metaspace: 46575K(47824K)->46575K(47824K) NonClass: 40927K(41808K)->40927K(41808K) Class: 5647K(6016K)->5647K(6016K)
[74.139s][info][gc          ] GC(24) Pause Young (Normal) (G1 Evacuation Pause) 58M->35M(72M) 3.389ms
[74.139s][info][gc,cpu      ] GC(24) User=0.01s Sys=0.00s Real=0.01s
[74.393s][info][gc,start    ] GC(25) Pause Young (Concurrent Start) (G1 Evacuation Pause)
[74.393s][info][gc,task     ] GC(25) Using 8 workers of 8 for evacuation
[74.395s][info][gc,phases   ] GC(25)   Pre Evacuate Collection Set: 0.1ms
[74.395s][info][gc,phases   ] GC(25)   Merge Heap Roots: 0.0ms
[74.396s][info][gc,phases   ] GC(25)   Evacuate Collection Set: 1.8ms
[74.396s][info][gc,phases   ] GC(25)   Post Evacuate Collection Set: 0.4ms
[74.396s][info][gc,phases   ] GC(25)   Other: 0.3ms
[74.396s][info][gc,heap     ] GC(25) Eden regions: 22->0(23)
[74.396s][info][gc,heap     ] GC(25) Survivor regions: 4->3(4)
[74.396s][info][gc,heap     ] GC(25) Old regions: 32->33
[74.396s][info][gc,heap     ] GC(25) Archive regions: 2->2
[74.396s][info][gc,heap     ] GC(25) Humongous regions: 0->0
[74.396s][info][gc,metaspace] GC(25) Metaspace: 46577K(47824K)->46577K(47824K) NonClass: 40930K(41808K)->40930K(41808K) Class: 5647K(6016K)->5647K(6016K)
[74.396s][info][gc          ] GC(25) Pause Young (Concurrent Start) (G1 Evacuation Pause) 57M->35M(72M) 2.860ms
[74.396s][info][gc,cpu      ] GC(25) User=0.01s Sys=0.00s Real=0.01s
[74.396s][info][gc          ] GC(26) Concurrent Cycle
[74.396s][info][gc,marking  ] GC(26) Concurrent Clear Claimed Marks
[74.396s][info][gc,marking  ] GC(26) Concurrent Clear Claimed Marks 0.052ms
[74.396s][info][gc,marking  ] GC(26) Concurrent Scan Root Regions
[74.400s][info][gc,marking  ] GC(26) Concurrent Scan Root Regions 3.750ms
[74.400s][info][gc,marking  ] GC(26) Concurrent Mark (74.400s)
[74.400s][info][gc,marking  ] GC(26) Concurrent Mark From Roots
[74.400s][info][gc,task     ] GC(26) Using 2 workers of 2 for marking
[74.441s][info][gc,marking  ] GC(26) Concurrent Mark From Roots 41.795ms
[74.441s][info][gc,marking  ] GC(26) Concurrent Preclean
[74.442s][info][gc,marking  ] GC(26) Concurrent Preclean 0.157ms
[74.442s][info][gc,marking  ] GC(26) Concurrent Mark (74.400s, 74.442s) 42.031ms
[74.442s][info][gc,start    ] GC(26) Pause Remark
[74.445s][info][gc          ] GC(26) Pause Remark 37M->37M(72M) 3.471ms
[74.445s][info][gc,cpu      ] GC(26) User=0.01s Sys=0.00s Real=0.00s
[74.446s][info][gc,marking  ] GC(26) Concurrent Rebuild Remembered Sets
[74.472s][info][gc,marking  ] GC(26) Concurrent Rebuild Remembered Sets 25.984ms
[74.472s][info][gc,start    ] GC(26) Pause Cleanup
[74.472s][info][gc          ] GC(26) Pause Cleanup 37M->37M(72M) 0.109ms
[74.472s][info][gc,cpu      ] GC(26) User=0.00s Sys=0.00s Real=0.00s
[74.482s][info][gc,marking  ] GC(26) Concurrent Cleanup for Next Mark
[74.483s][info][gc,marking  ] GC(26) Concurrent Cleanup for Next Mark 1.014ms
[74.484s][info][gc          ] GC(26) Concurrent Cycle 87.750ms
[74.695s][info][gc,start    ] GC(27) Pause Young (Normal) (G1 Evacuation Pause)
[74.695s][info][gc,task     ] GC(27) Using 8 workers of 8 for evacuation
[74.697s][info][gc,phases   ] GC(27)   Pre Evacuate Collection Set: 0.1ms
[74.697s][info][gc,phases   ] GC(27)   Merge Heap Roots: 0.0ms
[74.697s][info][gc,phases   ] GC(27)   Evacuate Collection Set: 1.6ms
[74.697s][info][gc,phases   ] GC(27)   Post Evacuate Collection Set: 0.2ms
[74.697s][info][gc,phases   ] GC(27)   Other: 0.2ms
[74.697s][info][gc,heap     ] GC(27) Eden regions: 23->0(20)
[74.697s][info][gc,heap     ] GC(27) Survivor regions: 3->4(4)
[74.697s][info][gc,heap     ] GC(27) Old regions: 33->34
[74.697s][info][gc,heap     ] GC(27) Archive regions: 2->2
[74.697s][info][gc,heap     ] GC(27) Humongous regions: 0->0
[74.697s][info][gc,metaspace] GC(27) Metaspace: 46578K(47824K)->46578K(47824K) NonClass: 40930K(41808K)->40930K(41808K) Class: 5647K(6016K)->5647K(6016K)
[74.697s][info][gc          ] GC(27) Pause Young (Normal) (G1 Evacuation Pause) 58M->37M(72M) 2.225ms
[74.697s][info][gc,cpu      ] GC(27) User=0.01s Sys=0.01s Real=0.01s
[74.938s][info][gc,start    ] GC(28) Pause Young (Concurrent Start) (G1 Evacuation Pause)
[74.938s][info][gc,task     ] GC(28) Using 8 workers of 8 for evacuation
[74.940s][info][gc,phases   ] GC(28)   Pre Evacuate Collection Set: 0.1ms
[74.940s][info][gc,phases   ] GC(28)   Merge Heap Roots: 0.0ms
[74.940s][info][gc,phases   ] GC(28)   Evacuate Collection Set: 1.7ms
[74.940s][info][gc,phases   ] GC(28)   Post Evacuate Collection Set: 0.3ms
[74.940s][info][gc,phases   ] GC(28)   Other: 0.3ms
[74.940s][info][gc,heap     ] GC(28) Eden regions: 20->0(20)
[74.940s][info][gc,heap     ] GC(28) Survivor regions: 4->1(3)
[74.940s][info][gc,heap     ] GC(28) Old regions: 34->38
[74.940s][info][gc,heap     ] GC(28) Archive regions: 2->2
[74.940s][info][gc,heap     ] GC(28) Humongous regions: 0->0
[74.940s][info][gc,metaspace] GC(28) Metaspace: 46581K(47824K)->46581K(47824K) NonClass: 40933K(41808K)->40933K(41808K) Class: 5648K(6016K)->5648K(6016K)
[74.940s][info][gc          ] GC(28) Pause Young (Concurrent Start) (G1 Evacuation Pause) 57M->38M(72M) 2.522ms
[74.940s][info][gc,cpu      ] GC(28) User=0.01s Sys=0.00s Real=0.00s
[74.941s][info][gc          ] GC(29) Concurrent Cycle
[74.941s][info][gc,marking  ] GC(29) Concurrent Clear Claimed Marks
[74.941s][info][gc,marking  ] GC(29) Concurrent Clear Claimed Marks 0.078ms
[74.941s][info][gc,marking  ] GC(29) Concurrent Scan Root Regions
[74.945s][info][gc,marking  ] GC(29) Concurrent Scan Root Regions 3.998ms
[74.945s][info][gc,marking  ] GC(29) Concurrent Mark (74.945s)
[74.945s][info][gc,marking  ] GC(29) Concurrent Mark From Roots
[74.945s][info][gc,task     ] GC(29) Using 2 workers of 2 for marking
[74.985s][info][gc,marking  ] GC(29) Concurrent Mark From Roots 40.122ms
[74.985s][info][gc,marking  ] GC(29) Concurrent Preclean
[74.985s][info][gc,marking  ] GC(29) Concurrent Preclean 0.137ms
[74.985s][info][gc,marking  ] GC(29) Concurrent Mark (74.945s, 74.985s) 40.353ms
[74.985s][info][gc,start    ] GC(29) Pause Remark
[74.988s][info][gc          ] GC(29) Pause Remark 39M->39M(72M) 2.324ms
[74.988s][info][gc,cpu      ] GC(29) User=0.01s Sys=0.01s Real=0.01s
[74.988s][info][gc,marking  ] GC(29) Concurrent Rebuild Remembered Sets
[75.011s][info][gc,marking  ] GC(29) Concurrent Rebuild Remembered Sets 22.411ms
[75.011s][info][gc,start    ] GC(29) Pause Cleanup
[75.011s][info][gc          ] GC(29) Pause Cleanup 41M->41M(72M) 0.112ms
[75.011s][info][gc,cpu      ] GC(29) User=0.00s Sys=0.00s Real=0.00s
[75.019s][info][gc,marking  ] GC(29) Concurrent Cleanup for Next Mark
[75.019s][info][gc,marking  ] GC(29) Concurrent Cleanup for Next Mark 0.228ms
[75.019s][info][gc          ] GC(29) Concurrent Cycle 78.254ms
[75.177s][info][gc,start    ] GC(30) Pause Young (Normal) (G1 Evacuation Pause)
[75.177s][info][gc,task     ] GC(30) Using 8 workers of 8 for evacuation
[75.179s][info][gc,phases   ] GC(30)   Pre Evacuate Collection Set: 0.1ms
[75.180s][info][gc,phases   ] GC(30)   Merge Heap Roots: 0.0ms
[75.180s][info][gc,phases   ] GC(30)   Evacuate Collection Set: 1.6ms
[75.180s][info][gc,phases   ] GC(30)   Post Evacuate Collection Set: 0.3ms
[75.180s][info][gc,phases   ] GC(30)   Other: 0.3ms
[75.180s][info][gc,heap     ] GC(30) Eden regions: 20->0(19)
[75.180s][info][gc,heap     ] GC(30) Survivor regions: 1->2(3)
[75.180s][info][gc,heap     ] GC(30) Old regions: 38->38
[75.180s][info][gc,heap     ] GC(30) Archive regions: 2->2
[75.180s][info][gc,heap     ] GC(30) Humongous regions: 0->0
[75.180s][info][gc,metaspace] GC(30) Metaspace: 46582K(47824K)->46582K(47824K) NonClass: 40933K(41808K)->40933K(41808K) Class: 5649K(6016K)->5649K(6016K)
[75.180s][info][gc          ] GC(30) Pause Young (Normal) (G1 Evacuation Pause) 58M->38M(72M) 3.055ms
[75.180s][info][gc,cpu      ] GC(30) User=0.01s Sys=0.00s Real=0.00s
[75.356s][info][gc,start    ] GC(31) Pause Young (Concurrent Start) (G1 Evacuation Pause)
[75.356s][info][gc,task     ] GC(31) Using 8 workers of 8 for evacuation
[75.358s][info][gc,phases   ] GC(31)   Pre Evacuate Collection Set: 0.1ms
[75.358s][info][gc,phases   ] GC(31)   Merge Heap Roots: 0.0ms
[75.358s][info][gc,phases   ] GC(31)   Evacuate Collection Set: 1.6ms
[75.358s][info][gc,phases   ] GC(31)   Post Evacuate Collection Set: 0.3ms
[75.358s][info][gc,phases   ] GC(31)   Other: 0.4ms
[75.358s][info][gc,heap     ] GC(31) Eden regions: 19->0(19)
[75.358s][info][gc,heap     ] GC(31) Survivor regions: 2->2(3)
[75.358s][info][gc,heap     ] GC(31) Old regions: 38->38
[75.358s][info][gc,heap     ] GC(31) Archive regions: 2->2
[75.358s][info][gc,heap     ] GC(31) Humongous regions: 0->0
[75.358s][info][gc,metaspace] GC(31) Metaspace: 46587K(47824K)->46587K(47824K) NonClass: 40937K(41808K)->40937K(41808K) Class: 5650K(6016K)->5650K(6016K)
[75.358s][info][gc          ] GC(31) Pause Young (Concurrent Start) (G1 Evacuation Pause) 57M->39M(72M) 2.693ms
[75.358s][info][gc,cpu      ] GC(31) User=0.01s Sys=0.00s Real=0.00s
[75.358s][info][gc          ] GC(32) Concurrent Cycle
[75.359s][info][gc,marking  ] GC(32) Concurrent Clear Claimed Marks
[75.359s][info][gc,marking  ] GC(32) Concurrent Clear Claimed Marks 0.087ms
[75.359s][info][gc,marking  ] GC(32) Concurrent Scan Root Regions
[75.363s][info][gc,marking  ] GC(32) Concurrent Scan Root Regions 4.785ms
[75.363s][info][gc,marking  ] GC(32) Concurrent Mark (75.363s)
[75.363s][info][gc,marking  ] GC(32) Concurrent Mark From Roots
[75.363s][info][gc,task     ] GC(32) Using 2 workers of 2 for marking
[75.404s][info][gc,marking  ] GC(32) Concurrent Mark From Roots 40.417ms
[75.404s][info][gc,marking  ] GC(32) Concurrent Preclean
[75.404s][info][gc,marking  ] GC(32) Concurrent Preclean 0.119ms
[75.404s][info][gc,marking  ] GC(32) Concurrent Mark (75.363s, 75.404s) 40.620ms
[75.404s][info][gc,start    ] GC(32) Pause Remark
[75.406s][info][gc          ] GC(32) Pause Remark 42M->42M(77M) 2.208ms
[75.407s][info][gc,cpu      ] GC(32) User=0.01s Sys=0.00s Real=0.01s
[75.407s][info][gc,marking  ] GC(32) Concurrent Rebuild Remembered Sets
[75.435s][info][gc,marking  ] GC(32) Concurrent Rebuild Remembered Sets 28.460ms
[75.435s][info][gc,start    ] GC(32) Pause Cleanup
[75.435s][info][gc          ] GC(32) Pause Cleanup 45M->45M(77M) 0.085ms
[75.436s][info][gc,cpu      ] GC(32) User=0.00s Sys=0.00s Real=0.00s
[75.436s][info][gc,marking  ] GC(32) Concurrent Cleanup for Next Mark
[75.436s][info][gc,marking  ] GC(32) Concurrent Cleanup for Next Mark 0.168ms
[75.436s][info][gc          ] GC(32) Concurrent Cycle 77.242ms
[75.569s][info][gc,start    ] GC(33) Pause Young (Normal) (G1 Evacuation Pause)
[75.569s][info][gc,task     ] GC(33) Using 8 workers of 8 for evacuation
[75.572s][info][gc,phases   ] GC(33)   Pre Evacuate Collection Set: 0.1ms
[75.572s][info][gc,phases   ] GC(33)   Merge Heap Roots: 0.0ms
[75.572s][info][gc,phases   ] GC(33)   Evacuate Collection Set: 2.1ms
[75.572s][info][gc,phases   ] GC(33)   Post Evacuate Collection Set: 0.3ms
[75.572s][info][gc,phases   ] GC(33)   Other: 0.2ms
[75.572s][info][gc,heap     ] GC(33) Eden regions: 19->0(24)
[75.572s][info][gc,heap     ] GC(33) Survivor regions: 2->2(3)
[75.572s][info][gc,heap     ] GC(33) Old regions: 38->38
[75.572s][info][gc,heap     ] GC(33) Archive regions: 2->2
[75.572s][info][gc,heap     ] GC(33) Humongous regions: 0->0
[75.572s][info][gc,metaspace] GC(33) Metaspace: 46588K(47824K)->46588K(47824K) NonClass: 40937K(41808K)->40937K(41808K) Class: 5650K(6016K)->5650K(6016K)
[75.572s][info][gc          ] GC(33) Pause Young (Normal) (G1 Evacuation Pause) 58M->39M(77M) 2.857ms
[75.572s][info][gc,cpu      ] GC(33) User=0.01s Sys=0.00s Real=0.00s
[75.841s][info][gc,start    ] GC(34) Pause Young (Concurrent Start) (G1 Evacuation Pause)
[75.841s][info][gc,task     ] GC(34) Using 8 workers of 8 for evacuation
[75.844s][info][gc,phases   ] GC(34)   Pre Evacuate Collection Set: 0.1ms
[75.844s][info][gc,phases   ] GC(34)   Merge Heap Roots: 0.0ms
[75.844s][info][gc,phases   ] GC(34)   Evacuate Collection Set: 2.2ms
[75.844s][info][gc,phases   ] GC(34)   Post Evacuate Collection Set: 0.3ms
[75.844s][info][gc,phases   ] GC(34)   Other: 0.2ms
[75.844s][info][gc,heap     ] GC(34) Eden regions: 24->0(23)
[75.844s][info][gc,heap     ] GC(34) Survivor regions: 2->3(4)
[75.844s][info][gc,heap     ] GC(34) Old regions: 38->38
[75.844s][info][gc,heap     ] GC(34) Archive regions: 2->2
[75.844s][info][gc,heap     ] GC(34) Humongous regions: 0->0
[75.844s][info][gc,metaspace] GC(34) Metaspace: 46594K(47824K)->46594K(47824K) NonClass: 40942K(41808K)->40942K(41808K) Class: 5651K(6016K)->5651K(6016K)
[75.844s][info][gc          ] GC(34) Pause Young (Concurrent Start) (G1 Evacuation Pause) 63M->40M(77M) 2.988ms
[75.844s][info][gc,cpu      ] GC(34) User=0.01s Sys=0.00s Real=0.00s
[75.844s][info][gc          ] GC(35) Concurrent Cycle
[75.844s][info][gc,marking  ] GC(35) Concurrent Clear Claimed Marks
[75.844s][info][gc,marking  ] GC(35) Concurrent Clear Claimed Marks 0.080ms
[75.844s][info][gc,marking  ] GC(35) Concurrent Scan Root Regions
[75.848s][info][gc,marking  ] GC(35) Concurrent Scan Root Regions 4.047ms
[75.848s][info][gc,marking  ] GC(35) Concurrent Mark (75.848s)
[75.848s][info][gc,marking  ] GC(35) Concurrent Mark From Roots
[75.848s][info][gc,task     ] GC(35) Using 2 workers of 2 for marking
[75.897s][info][gc,marking  ] GC(35) Concurrent Mark From Roots 48.464ms
[75.897s][info][gc,marking  ] GC(35) Concurrent Preclean
[75.897s][info][gc,marking  ] GC(35) Concurrent Preclean 0.065ms
[75.897s][info][gc,marking  ] GC(35) Concurrent Mark (75.848s, 75.897s) 48.599ms
[75.897s][info][gc,start    ] GC(35) Pause Remark
[75.899s][info][gc          ] GC(35) Pause Remark 43M->43M(79M) 1.882ms
[75.899s][info][gc,cpu      ] GC(35) User=0.01s Sys=0.00s Real=0.00s
[75.899s][info][gc,marking  ] GC(35) Concurrent Rebuild Remembered Sets
[75.931s][info][gc,marking  ] GC(35) Concurrent Rebuild Remembered Sets 32.186ms
[75.931s][info][gc,start    ] GC(35) Pause Cleanup
[75.931s][info][gc          ] GC(35) Pause Cleanup 46M->46M(79M) 0.077ms
[75.931s][info][gc,cpu      ] GC(35) User=0.00s Sys=0.00s Real=0.00s
[75.931s][info][gc,marking  ] GC(35) Concurrent Cleanup for Next Mark
[75.932s][info][gc,marking  ] GC(35) Concurrent Cleanup for Next Mark 0.375ms
[75.932s][info][gc          ] GC(35) Concurrent Cycle 88.033ms
[76.094s][info][gc,start    ] GC(36) Pause Young (Normal) (G1 Evacuation Pause)
[76.094s][info][gc,task     ] GC(36) Using 8 workers of 8 for evacuation
[76.096s][info][gc,phases   ] GC(36)   Pre Evacuate Collection Set: 0.0ms
[76.096s][info][gc,phases   ] GC(36)   Merge Heap Roots: 0.0ms
[76.096s][info][gc,phases   ] GC(36)   Evacuate Collection Set: 1.5ms
[76.096s][info][gc,phases   ] GC(36)   Post Evacuate Collection Set: 0.2ms
[76.096s][info][gc,phases   ] GC(36)   Other: 0.2ms
[76.096s][info][gc,heap     ] GC(36) Eden regions: 23->0(24)
[76.096s][info][gc,heap     ] GC(36) Survivor regions: 3->3(4)
[76.096s][info][gc,heap     ] GC(36) Old regions: 38->39
[76.096s][info][gc,heap     ] GC(36) Archive regions: 2->2
[76.096s][info][gc,heap     ] GC(36) Humongous regions: 0->0
[76.096s][info][gc,metaspace] GC(36) Metaspace: 46598K(47824K)->46598K(47824K) NonClass: 40947K(41808K)->40947K(41808K) Class: 5651K(6016K)->5651K(6016K)
[76.096s][info][gc          ] GC(36) Pause Young (Normal) (G1 Evacuation Pause) 63M->40M(79M) 2.102ms
[76.096s][info][gc,cpu      ] GC(36) User=0.01s Sys=0.01s Real=0.01s
[76.284s][info][gc,start    ] GC(37) Pause Young (Concurrent Start) (G1 Evacuation Pause)
[76.284s][info][gc,task     ] GC(37) Using 8 workers of 8 for evacuation
[76.287s][info][gc,phases   ] GC(37)   Pre Evacuate Collection Set: 0.1ms
[76.287s][info][gc,phases   ] GC(37)   Merge Heap Roots: 0.1ms
[76.287s][info][gc,phases   ] GC(37)   Evacuate Collection Set: 2.7ms
[76.287s][info][gc,phases   ] GC(37)   Post Evacuate Collection Set: 0.3ms
[76.287s][info][gc,phases   ] GC(37)   Other: 0.2ms
[76.287s][info][gc,heap     ] GC(37) Eden regions: 24->0(24)
[76.287s][info][gc,heap     ] GC(37) Survivor regions: 3->3(4)
[76.288s][info][gc,heap     ] GC(37) Old regions: 39->39
[76.288s][info][gc,heap     ] GC(37) Archive regions: 2->2
[76.288s][info][gc,heap     ] GC(37) Humongous regions: 0->0
[76.288s][info][gc,metaspace] GC(37) Metaspace: 46599K(47824K)->46599K(47824K) NonClass: 40947K(41808K)->40947K(41808K) Class: 5651K(6016K)->5651K(6016K)
[76.288s][info][gc          ] GC(37) Pause Young (Concurrent Start) (G1 Evacuation Pause) 64M->41M(79M) 3.573ms
[76.288s][info][gc,cpu      ] GC(37) User=0.01s Sys=0.00s Real=0.01s
[76.288s][info][gc          ] GC(38) Concurrent Cycle
[76.288s][info][gc,marking  ] GC(38) Concurrent Clear Claimed Marks
[76.288s][info][gc,marking  ] GC(38) Concurrent Clear Claimed Marks 0.100ms
[76.288s][info][gc,marking  ] GC(38) Concurrent Scan Root Regions
[76.291s][info][gc,marking  ] GC(38) Concurrent Scan Root Regions 2.856ms
[76.291s][info][gc,marking  ] GC(38) Concurrent Mark (76.291s)
[76.291s][info][gc,marking  ] GC(38) Concurrent Mark From Roots
[76.291s][info][gc,task     ] GC(38) Using 2 workers of 2 for marking
[76.331s][info][gc,marking  ] GC(38) Concurrent Mark From Roots 40.643ms
[76.331s][info][gc,marking  ] GC(38) Concurrent Preclean
[76.332s][info][gc,marking  ] GC(38) Concurrent Preclean 0.100ms
[76.332s][info][gc,marking  ] GC(38) Concurrent Mark (76.291s, 76.332s) 40.831ms
[76.332s][info][gc,start    ] GC(38) Pause Remark
[76.335s][info][gc          ] GC(38) Pause Remark 45M->45M(82M) 2.500ms
[76.335s][info][gc,cpu      ] GC(38) User=0.01s Sys=0.00s Real=0.00s
[76.335s][info][gc,marking  ] GC(38) Concurrent Rebuild Remembered Sets
[76.356s][info][gc,marking  ] GC(38) Concurrent Rebuild Remembered Sets 21.453ms
[76.356s][info][gc,start    ] GC(38) Pause Cleanup
[76.357s][info][gc          ] GC(38) Pause Cleanup 48M->48M(82M) 0.123ms
[76.357s][info][gc,cpu      ] GC(38) User=0.00s Sys=0.00s Real=0.00s
[76.357s][info][gc,marking  ] GC(38) Concurrent Cleanup for Next Mark
[76.357s][info][gc,marking  ] GC(38) Concurrent Cleanup for Next Mark 0.246ms
[76.357s][info][gc          ] GC(38) Concurrent Cycle 69.747ms
[76.501s][info][gc,start    ] GC(39) Pause Young (Normal) (G1 Evacuation Pause)
[76.501s][info][gc,task     ] GC(39) Using 8 workers of 8 for evacuation
[76.504s][info][gc,phases   ] GC(39)   Pre Evacuate Collection Set: 0.0ms
[76.504s][info][gc,phases   ] GC(39)   Merge Heap Roots: 0.0ms
[76.504s][info][gc,phases   ] GC(39)   Evacuate Collection Set: 2.5ms
[76.504s][info][gc,phases   ] GC(39)   Post Evacuate Collection Set: 0.3ms
[76.504s][info][gc,phases   ] GC(39)   Other: 0.2ms
[76.504s][info][gc,heap     ] GC(39) Eden regions: 24->0(25)
[76.504s][info][gc,heap     ] GC(39) Survivor regions: 3->3(4)
[76.504s][info][gc,heap     ] GC(39) Old regions: 39->40
[76.504s][info][gc,heap     ] GC(39) Archive regions: 2->2
[76.504s][info][gc,heap     ] GC(39) Humongous regions: 0->0
[76.504s][info][gc,metaspace] GC(39) Metaspace: 46599K(47824K)->46599K(47824K) NonClass: 40948K(41808K)->40948K(41808K) Class: 5651K(6016K)->5651K(6016K)
[76.504s][info][gc          ] GC(39) Pause Young (Normal) (G1 Evacuation Pause) 65M->42M(82M) 3.342ms
[76.504s][info][gc,cpu      ] GC(39) User=0.02s Sys=0.00s Real=0.00s
[76.723s][info][gc,start    ] GC(40) Pause Young (Concurrent Start) (G1 Evacuation Pause)
[76.723s][info][gc,task     ] GC(40) Using 8 workers of 8 for evacuation
[76.725s][info][gc,phases   ] GC(40)   Pre Evacuate Collection Set: 0.1ms
[76.725s][info][gc,phases   ] GC(40)   Merge Heap Roots: 0.0ms
[76.725s][info][gc,phases   ] GC(40)   Evacuate Collection Set: 1.9ms
[76.725s][info][gc,phases   ] GC(40)   Post Evacuate Collection Set: 0.3ms
[76.725s][info][gc,phases   ] GC(40)   Other: 0.2ms
[76.725s][info][gc,heap     ] GC(40) Eden regions: 25->0(25)
[76.725s][info][gc,heap     ] GC(40) Survivor regions: 3->3(4)
[76.725s][info][gc,heap     ] GC(40) Old regions: 40->40
[76.725s][info][gc,heap     ] GC(40) Archive regions: 2->2
[76.725s][info][gc,heap     ] GC(40) Humongous regions: 0->0
[76.725s][info][gc,metaspace] GC(40) Metaspace: 46599K(47824K)->46599K(47824K) NonClass: 40948K(41808K)->40948K(41808K) Class: 5651K(6016K)->5651K(6016K)
[76.725s][info][gc          ] GC(40) Pause Young (Concurrent Start) (G1 Evacuation Pause) 67M->43M(82M) 2.589ms
[76.725s][info][gc,cpu      ] GC(40) User=0.01s Sys=0.00s Real=0.00s
[76.725s][info][gc          ] GC(41) Concurrent Cycle
[76.725s][info][gc,marking  ] GC(41) Concurrent Clear Claimed Marks
[76.725s][info][gc,marking  ] GC(41) Concurrent Clear Claimed Marks 0.056ms
[76.725s][info][gc,marking  ] GC(41) Concurrent Scan Root Regions
[76.730s][info][gc,marking  ] GC(41) Concurrent Scan Root Regions 4.338ms
[76.730s][info][gc,marking  ] GC(41) Concurrent Mark (76.730s)
[76.730s][info][gc,marking  ] GC(41) Concurrent Mark From Roots
[76.730s][info][gc,task     ] GC(41) Using 2 workers of 2 for marking
[76.769s][info][gc,marking  ] GC(41) Concurrent Mark From Roots 39.398ms
[76.769s][info][gc,marking  ] GC(41) Concurrent Preclean
[76.769s][info][gc,marking  ] GC(41) Concurrent Preclean 0.118ms
[76.769s][info][gc,marking  ] GC(41) Concurrent Mark (76.730s, 76.769s) 39.595ms
[76.770s][info][gc,start    ] GC(41) Pause Remark
[76.772s][info][gc          ] GC(41) Pause Remark 46M->46M(82M) 2.535ms
[76.772s][info][gc,cpu      ] GC(41) User=0.02s Sys=0.00s Real=0.00s
[76.772s][info][gc,marking  ] GC(41) Concurrent Rebuild Remembered Sets
[76.795s][info][gc,marking  ] GC(41) Concurrent Rebuild Remembered Sets 22.480ms
[76.795s][info][gc,start    ] GC(41) Pause Cleanup
[76.796s][info][gc          ] GC(41) Pause Cleanup 49M->49M(82M) 0.092ms
[76.796s][info][gc,cpu      ] GC(41) User=0.00s Sys=0.00s Real=0.00s
[76.796s][info][gc,marking  ] GC(41) Concurrent Cleanup for Next Mark
[76.796s][info][gc,marking  ] GC(41) Concurrent Cleanup for Next Mark 0.175ms
[76.796s][info][gc          ] GC(41) Concurrent Cycle 70.406ms
[77.013s][info][gc,start    ] GC(42) Pause Young (Normal) (G1 Evacuation Pause)
[77.013s][info][gc,task     ] GC(42) Using 8 workers of 8 for evacuation
[77.016s][info][gc,phases   ] GC(42)   Pre Evacuate Collection Set: 0.1ms
[77.016s][info][gc,phases   ] GC(42)   Merge Heap Roots: 0.0ms
[77.016s][info][gc,phases   ] GC(42)   Evacuate Collection Set: 2.7ms
[77.016s][info][gc,phases   ] GC(42)   Post Evacuate Collection Set: 0.3ms
[77.016s][info][gc,phases   ] GC(42)   Other: 0.2ms
[77.016s][info][gc,heap     ] GC(42) Eden regions: 25->0(24)
[77.016s][info][gc,heap     ] GC(42) Survivor regions: 3->3(4)
[77.016s][info][gc,heap     ] GC(42) Old regions: 40->41
[77.016s][info][gc,heap     ] GC(42) Archive regions: 2->2
[77.016s][info][gc,heap     ] GC(42) Humongous regions: 0->0
[77.016s][info][gc,metaspace] GC(42) Metaspace: 46606K(47824K)->46606K(47824K) NonClass: 40954K(41808K)->40954K(41808K) Class: 5651K(6016K)->5651K(6016K)
[77.016s][info][gc          ] GC(42) Pause Young (Normal) (G1 Evacuation Pause) 68M->43M(82M) 3.449ms
[77.016s][info][gc,cpu      ] GC(42) User=0.01s Sys=0.00s Real=0.01s
[77.215s][info][gc,start    ] GC(43) Pause Young (Concurrent Start) (G1 Evacuation Pause)
[77.215s][info][gc,task     ] GC(43) Using 8 workers of 8 for evacuation
[77.218s][info][gc,phases   ] GC(43)   Pre Evacuate Collection Set: 0.1ms
[77.218s][info][gc,phases   ] GC(43)   Merge Heap Roots: 0.0ms
[77.218s][info][gc,phases   ] GC(43)   Evacuate Collection Set: 2.0ms
[77.218s][info][gc,phases   ] GC(43)   Post Evacuate Collection Set: 0.4ms
[77.218s][info][gc,phases   ] GC(43)   Other: 0.3ms
[77.218s][info][gc,heap     ] GC(43) Eden regions: 24->0(25)
[77.218s][info][gc,heap     ] GC(43) Survivor regions: 3->2(4)
[77.218s][info][gc,heap     ] GC(43) Old regions: 41->42
[77.218s][info][gc,heap     ] GC(43) Archive regions: 2->2
[77.218s][info][gc,heap     ] GC(43) Humongous regions: 0->0
[77.218s][info][gc,metaspace] GC(43) Metaspace: 46606K(47824K)->46606K(47824K) NonClass: 40954K(41808K)->40954K(41808K) Class: 5651K(6016K)->5651K(6016K)
[77.218s][info][gc          ] GC(43) Pause Young (Concurrent Start) (G1 Evacuation Pause) 67M->44M(82M) 3.098ms
[77.218s][info][gc,cpu      ] GC(43) User=0.01s Sys=0.00s Real=0.01s
[77.219s][info][gc          ] GC(44) Concurrent Cycle
[77.219s][info][gc,marking  ] GC(44) Concurrent Clear Claimed Marks
[77.219s][info][gc,marking  ] GC(44) Concurrent Clear Claimed Marks 0.085ms
[77.219s][info][gc,marking  ] GC(44) Concurrent Scan Root Regions
[77.224s][info][gc,marking  ] GC(44) Concurrent Scan Root Regions 5.634ms
[77.224s][info][gc,marking  ] GC(44) Concurrent Mark (77.224s)
[77.224s][info][gc,marking  ] GC(44) Concurrent Mark From Roots
[77.224s][info][gc,task     ] GC(44) Using 2 workers of 2 for marking
[77.266s][info][gc,marking  ] GC(44) Concurrent Mark From Roots 41.837ms
[77.266s][info][gc,marking  ] GC(44) Concurrent Preclean
[77.266s][info][gc,marking  ] GC(44) Concurrent Preclean 0.157ms
[77.266s][info][gc,marking  ] GC(44) Concurrent Mark (77.224s, 77.266s) 42.125ms
[77.267s][info][gc,start    ] GC(44) Pause Remark
[77.270s][info][gc          ] GC(44) Pause Remark 47M->47M(84M) 2.973ms
[77.270s][info][gc,cpu      ] GC(44) User=0.01s Sys=0.00s Real=0.00s
[77.270s][info][gc,marking  ] GC(44) Concurrent Rebuild Remembered Sets
[77.294s][info][gc,marking  ] GC(44) Concurrent Rebuild Remembered Sets 23.845ms
[77.294s][info][gc,start    ] GC(44) Pause Cleanup
[77.295s][info][gc          ] GC(44) Pause Cleanup 49M->49M(84M) 0.119ms
[77.295s][info][gc,cpu      ] GC(44) User=0.00s Sys=0.00s Real=0.00s
[77.295s][info][gc,marking  ] GC(44) Concurrent Cleanup for Next Mark
[77.295s][info][gc,marking  ] GC(44) Concurrent Cleanup for Next Mark 0.161ms
[77.295s][info][gc          ] GC(44) Concurrent Cycle 76.317ms
[77.454s][info][gc,start    ] GC(45) Pause Young (Normal) (G1 Evacuation Pause)
[77.454s][info][gc,task     ] GC(45) Using 8 workers of 8 for evacuation
[77.456s][info][gc,phases   ] GC(45)   Pre Evacuate Collection Set: 0.0ms
[77.456s][info][gc,phases   ] GC(45)   Merge Heap Roots: 0.0ms
[77.456s][info][gc,phases   ] GC(45)   Evacuate Collection Set: 2.0ms
[77.456s][info][gc,phases   ] GC(45)   Post Evacuate Collection Set: 0.3ms
[77.456s][info][gc,phases   ] GC(45)   Other: 0.2ms
[77.456s][info][gc,heap     ] GC(45) Eden regions: 25->0(25)
[77.456s][info][gc,heap     ] GC(45) Survivor regions: 2->3(4)
[77.456s][info][gc,heap     ] GC(45) Old regions: 42->42
[77.456s][info][gc,heap     ] GC(45) Archive regions: 2->2
[77.456s][info][gc,heap     ] GC(45) Humongous regions: 0->0
[77.456s][info][gc,metaspace] GC(45) Metaspace: 46606K(47824K)->46606K(47824K) NonClass: 40954K(41808K)->40954K(41808K) Class: 5651K(6016K)->5651K(6016K)
[77.457s][info][gc          ] GC(45) Pause Young (Normal) (G1 Evacuation Pause) 69M->44M(84M) 2.665ms
[77.457s][info][gc,cpu      ] GC(45) User=0.01s Sys=0.00s Real=0.01s
[77.639s][info][gc,start    ] GC(46) Pause Young (Concurrent Start) (G1 Evacuation Pause)
[77.639s][info][gc,task     ] GC(46) Using 8 workers of 8 for evacuation
[77.642s][info][gc,phases   ] GC(46)   Pre Evacuate Collection Set: 0.1ms
[77.642s][info][gc,phases   ] GC(46)   Merge Heap Roots: 0.0ms
[77.642s][info][gc,phases   ] GC(46)   Evacuate Collection Set: 2.3ms
[77.642s][info][gc,phases   ] GC(46)   Post Evacuate Collection Set: 0.2ms
[77.642s][info][gc,phases   ] GC(46)   Other: 0.2ms
[77.642s][info][gc,heap     ] GC(46) Eden regions: 25->0(24)
[77.642s][info][gc,heap     ] GC(46) Survivor regions: 3->3(4)
[77.642s][info][gc,heap     ] GC(46) Old regions: 42->43
[77.642s][info][gc,heap     ] GC(46) Archive regions: 2->2
[77.642s][info][gc,heap     ] GC(46) Humongous regions: 0->0
[77.642s][info][gc,metaspace] GC(46) Metaspace: 46606K(47824K)->46606K(47824K) NonClass: 40955K(41808K)->40955K(41808K) Class: 5651K(6016K)->5651K(6016K)
[77.642s][info][gc          ] GC(46) Pause Young (Concurrent Start) (G1 Evacuation Pause) 69M->45M(84M) 2.908ms
[77.642s][info][gc,cpu      ] GC(46) User=0.02s Sys=0.00s Real=0.00s
[77.642s][info][gc          ] GC(47) Concurrent Cycle
[77.642s][info][gc,marking  ] GC(47) Concurrent Clear Claimed Marks
[77.642s][info][gc,marking  ] GC(47) Concurrent Clear Claimed Marks 0.048ms
[77.642s][info][gc,marking  ] GC(47) Concurrent Scan Root Regions
[77.645s][info][gc,marking  ] GC(47) Concurrent Scan Root Regions 2.497ms
[77.645s][info][gc,marking  ] GC(47) Concurrent Mark (77.645s)
[77.645s][info][gc,marking  ] GC(47) Concurrent Mark From Roots
[77.645s][info][gc,task     ] GC(47) Using 2 workers of 2 for marking
[77.691s][info][gc,marking  ] GC(47) Concurrent Mark From Roots 46.632ms
[77.692s][info][gc,marking  ] GC(47) Concurrent Preclean
[77.692s][info][gc,marking  ] GC(47) Concurrent Preclean 0.067ms
[77.692s][info][gc,marking  ] GC(47) Concurrent Mark (77.645s, 77.692s) 46.773ms
[77.692s][info][gc,start    ] GC(47) Pause Remark
[77.695s][info][gc          ] GC(47) Pause Remark 48M->48M(85M) 3.297ms
[77.695s][info][gc,cpu      ] GC(47) User=0.01s Sys=0.00s Real=0.00s
[77.695s][info][gc,marking  ] GC(47) Concurrent Rebuild Remembered Sets
[77.719s][info][gc,marking  ] GC(47) Concurrent Rebuild Remembered Sets 24.196ms
[77.720s][info][gc,start    ] GC(47) Pause Cleanup
[77.720s][info][gc          ] GC(47) Pause Cleanup 50M->50M(85M) 0.092ms
[77.720s][info][gc,cpu      ] GC(47) User=0.00s Sys=0.00s Real=0.00s
[77.720s][info][gc,marking  ] GC(47) Concurrent Cleanup for Next Mark
[77.720s][info][gc,marking  ] GC(47) Concurrent Cleanup for Next Mark 0.199ms
[77.720s][info][gc          ] GC(47) Concurrent Cycle 77.739ms
[77.878s][info][gc,start    ] GC(48) Pause Young (Normal) (G1 Evacuation Pause)
[77.879s][info][gc,task     ] GC(48) Using 8 workers of 8 for evacuation
[77.882s][info][gc,phases   ] GC(48)   Pre Evacuate Collection Set: 0.1ms
[77.882s][info][gc,phases   ] GC(48)   Merge Heap Roots: 0.0ms
[77.882s][info][gc,phases   ] GC(48)   Evacuate Collection Set: 2.6ms
[77.882s][info][gc,phases   ] GC(48)   Post Evacuate Collection Set: 0.4ms
[77.882s][info][gc,phases   ] GC(48)   Other: 0.4ms
[77.882s][info][gc,heap     ] GC(48) Eden regions: 24->0(25)
[77.882s][info][gc,heap     ] GC(48) Survivor regions: 3->3(4)
[77.882s][info][gc,heap     ] GC(48) Old regions: 43->43
[77.882s][info][gc,heap     ] GC(48) Archive regions: 2->2
[77.882s][info][gc,heap     ] GC(48) Humongous regions: 0->0
[77.882s][info][gc,metaspace] GC(48) Metaspace: 46607K(47824K)->46607K(47824K) NonClass: 40956K(41808K)->40956K(41808K) Class: 5651K(6016K)->5651K(6016K)
[77.882s][info][gc          ] GC(48) Pause Young (Normal) (G1 Evacuation Pause) 69M->46M(85M) 3.619ms
[77.882s][info][gc,cpu      ] GC(48) User=0.02s Sys=0.00s Real=0.00s
[78.042s][info][gc,start    ] GC(49) Pause Young (Concurrent Start) (G1 Evacuation Pause)
[78.042s][info][gc,task     ] GC(49) Using 8 workers of 8 for evacuation
[78.045s][info][gc,phases   ] GC(49)   Pre Evacuate Collection Set: 0.1ms
[78.045s][info][gc,phases   ] GC(49)   Merge Heap Roots: 0.0ms
[78.045s][info][gc,phases   ] GC(49)   Evacuate Collection Set: 2.3ms
[78.045s][info][gc,phases   ] GC(49)   Post Evacuate Collection Set: 0.3ms
[78.045s][info][gc,phases   ] GC(49)   Other: 0.2ms
[78.045s][info][gc,heap     ] GC(49) Eden regions: 25->0(24)
[78.045s][info][gc,heap     ] GC(49) Survivor regions: 3->3(4)
[78.045s][info][gc,heap     ] GC(49) Old regions: 43->44
[78.045s][info][gc,heap     ] GC(49) Archive regions: 2->2
[78.045s][info][gc,heap     ] GC(49) Humongous regions: 0->0
[78.045s][info][gc,metaspace] GC(49) Metaspace: 46608K(47824K)->46608K(47824K) NonClass: 40957K(41808K)->40957K(41808K) Class: 5651K(6016K)->5651K(6016K)
[78.045s][info][gc          ] GC(49) Pause Young (Concurrent Start) (G1 Evacuation Pause) 71M->47M(85M) 2.963ms
[78.045s][info][gc,cpu      ] GC(49) User=0.02s Sys=0.00s Real=0.00s
[78.045s][info][gc          ] GC(50) Concurrent Cycle
[78.045s][info][gc,marking  ] GC(50) Concurrent Clear Claimed Marks
[78.045s][info][gc,marking  ] GC(50) Concurrent Clear Claimed Marks 0.053ms
[78.045s][info][gc,marking  ] GC(50) Concurrent Scan Root Regions
[78.050s][info][gc,marking  ] GC(50) Concurrent Scan Root Regions 4.953ms
[78.050s][info][gc,marking  ] GC(50) Concurrent Mark (78.050s)
[78.050s][info][gc,marking  ] GC(50) Concurrent Mark From Roots
[78.050s][info][gc,task     ] GC(50) Using 2 workers of 2 for marking
[78.094s][info][gc,marking  ] GC(50) Concurrent Mark From Roots 43.763ms
[78.094s][info][gc,marking  ] GC(50) Concurrent Preclean
[78.094s][info][gc,marking  ] GC(50) Concurrent Preclean 0.088ms
[78.094s][info][gc,marking  ] GC(50) Concurrent Mark (78.050s, 78.094s) 43.918ms
[78.094s][info][gc,start    ] GC(50) Pause Remark
[78.096s][info][gc          ] GC(50) Pause Remark 52M->52M(92M) 2.228ms
[78.096s][info][gc,cpu      ] GC(50) User=0.01s Sys=0.00s Real=0.01s
[78.096s][info][gc,marking  ] GC(50) Concurrent Rebuild Remembered Sets
[78.124s][info][gc,marking  ] GC(50) Concurrent Rebuild Remembered Sets 27.632ms
[78.124s][info][gc,start    ] GC(50) Pause Cleanup
[78.124s][info][gc          ] GC(50) Pause Cleanup 55M->55M(92M) 0.131ms
[78.124s][info][gc,cpu      ] GC(50) User=0.00s Sys=0.00s Real=0.00s
[78.124s][info][gc,marking  ] GC(50) Concurrent Cleanup for Next Mark
[78.125s][info][gc,marking  ] GC(50) Concurrent Cleanup for Next Mark 0.234ms
[78.125s][info][gc          ] GC(50) Concurrent Cycle 79.839ms
[78.255s][info][gc,start    ] GC(51) Pause Young (Normal) (G1 Evacuation Pause)
[78.255s][info][gc,task     ] GC(51) Using 8 workers of 8 for evacuation
[78.258s][info][gc,phases   ] GC(51)   Pre Evacuate Collection Set: 0.0ms
[78.258s][info][gc,phases   ] GC(51)   Merge Heap Roots: 0.0ms
[78.258s][info][gc,phases   ] GC(51)   Evacuate Collection Set: 2.7ms
[78.258s][info][gc,phases   ] GC(51)   Post Evacuate Collection Set: 0.3ms
[78.258s][info][gc,phases   ] GC(51)   Other: 0.2ms
[78.258s][info][gc,heap     ] GC(51) Eden regions: 24->0(29)
[78.258s][info][gc,heap     ] GC(51) Survivor regions: 3->3(4)
[78.258s][info][gc,heap     ] GC(51) Old regions: 44->45
[78.258s][info][gc,heap     ] GC(51) Archive regions: 2->2
[78.258s][info][gc,heap     ] GC(51) Humongous regions: 0->0
[78.258s][info][gc,metaspace] GC(51) Metaspace: 46608K(47824K)->46608K(47824K) NonClass: 40957K(41808K)->40957K(41808K) Class: 5651K(6016K)->5651K(6016K)
[78.258s][info][gc          ] GC(51) Pause Young (Normal) (G1 Evacuation Pause) 71M->47M(92M) 3.416ms
[78.258s][info][gc,cpu      ] GC(51) User=0.01s Sys=0.00s Real=0.01s
[78.450s][info][gc,start    ] GC(52) Pause Young (Concurrent Start) (G1 Evacuation Pause)
[78.450s][info][gc,task     ] GC(52) Using 8 workers of 8 for evacuation
[78.452s][info][gc,phases   ] GC(52)   Pre Evacuate Collection Set: 0.1ms
[78.452s][info][gc,phases   ] GC(52)   Merge Heap Roots: 0.0ms
[78.452s][info][gc,phases   ] GC(52)   Evacuate Collection Set: 1.7ms
[78.452s][info][gc,phases   ] GC(52)   Post Evacuate Collection Set: 0.2ms
[78.452s][info][gc,phases   ] GC(52)   Other: 0.2ms
[78.452s][info][gc,heap     ] GC(52) Eden regions: 29->0(28)
[78.452s][info][gc,heap     ] GC(52) Survivor regions: 3->3(4)
[78.452s][info][gc,heap     ] GC(52) Old regions: 45->46
[78.452s][info][gc,heap     ] GC(52) Archive regions: 2->2
[78.452s][info][gc,heap     ] GC(52) Humongous regions: 0->0
[78.452s][info][gc,metaspace] GC(52) Metaspace: 46609K(47824K)->46609K(47824K) NonClass: 40957K(41808K)->40957K(41808K) Class: 5651K(6016K)->5651K(6016K)
[78.452s][info][gc          ] GC(52) Pause Young (Concurrent Start) (G1 Evacuation Pause) 76M->48M(92M) 2.316ms
[78.452s][info][gc,cpu      ] GC(52) User=0.01s Sys=0.00s Real=0.00s
[78.452s][info][gc          ] GC(53) Concurrent Cycle
[78.453s][info][gc,marking  ] GC(53) Concurrent Clear Claimed Marks
[78.453s][info][gc,marking  ] GC(53) Concurrent Clear Claimed Marks 0.059ms
[78.453s][info][gc,marking  ] GC(53) Concurrent Scan Root Regions
[78.458s][info][gc,marking  ] GC(53) Concurrent Scan Root Regions 5.372ms
[78.458s][info][gc,marking  ] GC(53) Concurrent Mark (78.458s)
[78.458s][info][gc,marking  ] GC(53) Concurrent Mark From Roots
[78.458s][info][gc,task     ] GC(53) Using 2 workers of 2 for marking
[78.510s][info][gc,marking  ] GC(53) Concurrent Mark From Roots 52.130ms
[78.510s][info][gc,marking  ] GC(53) Concurrent Preclean
[78.510s][info][gc,marking  ] GC(53) Concurrent Preclean 0.152ms
[78.510s][info][gc,marking  ] GC(53) Concurrent Mark (78.458s, 78.510s) 52.433ms
[78.511s][info][gc,start    ] GC(53) Pause Remark
[78.514s][info][gc          ] GC(53) Pause Remark 52M->52M(94M) 2.326ms
[78.514s][info][gc,cpu      ] GC(53) User=0.01s Sys=0.00s Real=0.00s
[78.514s][info][gc,marking  ] GC(53) Concurrent Rebuild Remembered Sets
[78.541s][info][gc,marking  ] GC(53) Concurrent Rebuild Remembered Sets 27.373ms
[78.542s][info][gc,start    ] GC(53) Pause Cleanup
[78.542s][info][gc          ] GC(53) Pause Cleanup 54M->54M(94M) 0.106ms
[78.542s][info][gc,cpu      ] GC(53) User=0.00s Sys=0.00s Real=0.00s
[78.542s][info][gc,marking  ] GC(53) Concurrent Cleanup for Next Mark
[78.542s][info][gc,marking  ] GC(53) Concurrent Cleanup for Next Mark 0.245ms
[78.542s][info][gc          ] GC(53) Concurrent Cycle 89.788ms
[78.677s][info][gc,start    ] GC(54) Pause Young (Normal) (G1 Evacuation Pause)
[78.677s][info][gc,task     ] GC(54) Using 8 workers of 8 for evacuation
[78.680s][info][gc,phases   ] GC(54)   Pre Evacuate Collection Set: 0.1ms
[78.680s][info][gc,phases   ] GC(54)   Merge Heap Roots: 0.0ms
[78.680s][info][gc,phases   ] GC(54)   Evacuate Collection Set: 2.6ms
[78.680s][info][gc,phases   ] GC(54)   Post Evacuate Collection Set: 0.2ms
[78.680s][info][gc,phases   ] GC(54)   Other: 0.2ms
[78.680s][info][gc,heap     ] GC(54) Eden regions: 28->0(29)
[78.680s][info][gc,heap     ] GC(54) Survivor regions: 3->3(4)
[78.680s][info][gc,heap     ] GC(54) Old regions: 46->47
[78.680s][info][gc,heap     ] GC(54) Archive regions: 2->2
[78.680s][info][gc,heap     ] GC(54) Humongous regions: 0->0
[78.680s][info][gc,metaspace] GC(54) Metaspace: 46609K(47824K)->46609K(47824K) NonClass: 40957K(41808K)->40957K(41808K) Class: 5651K(6016K)->5651K(6016K)
[78.680s][info][gc          ] GC(54) Pause Young (Normal) (G1 Evacuation Pause) 76M->49M(94M) 3.196ms
[78.680s][info][gc,cpu      ] GC(54) User=0.01s Sys=0.00s Real=0.00s
[78.899s][info][gc,start    ] GC(55) Pause Young (Concurrent Start) (G1 Evacuation Pause)
[78.899s][info][gc,task     ] GC(55) Using 8 workers of 8 for evacuation
[78.902s][info][gc,phases   ] GC(55)   Pre Evacuate Collection Set: 0.1ms
[78.902s][info][gc,phases   ] GC(55)   Merge Heap Roots: 0.0ms
[78.902s][info][gc,phases   ] GC(55)   Evacuate Collection Set: 2.1ms
[78.902s][info][gc,phases   ] GC(55)   Post Evacuate Collection Set: 0.3ms
[78.902s][info][gc,phases   ] GC(55)   Other: 0.2ms
[78.902s][info][gc,heap     ] GC(55) Eden regions: 29->0(29)
[78.902s][info][gc,heap     ] GC(55) Survivor regions: 3->3(4)
[78.902s][info][gc,heap     ] GC(55) Old regions: 47->47
[78.902s][info][gc,heap     ] GC(55) Archive regions: 2->2
[78.902s][info][gc,heap     ] GC(55) Humongous regions: 0->0
[78.902s][info][gc,metaspace] GC(55) Metaspace: 46614K(47824K)->46614K(47824K) NonClass: 40962K(41808K)->40962K(41808K) Class: 5651K(6016K)->5651K(6016K)
[78.902s][info][gc          ] GC(55) Pause Young (Concurrent Start) (G1 Evacuation Pause) 78M->49M(94M) 2.900ms
[78.902s][info][gc,cpu      ] GC(55) User=0.02s Sys=0.00s Real=0.00s
[78.902s][info][gc          ] GC(56) Concurrent Cycle
[78.902s][info][gc,marking  ] GC(56) Concurrent Clear Claimed Marks
[78.902s][info][gc,marking  ] GC(56) Concurrent Clear Claimed Marks 0.056ms
[78.902s][info][gc,marking  ] GC(56) Concurrent Scan Root Regions
[78.904s][info][gc,marking  ] GC(56) Concurrent Scan Root Regions 2.442ms
[78.904s][info][gc,marking  ] GC(56) Concurrent Mark (78.904s)
[78.904s][info][gc,marking  ] GC(56) Concurrent Mark From Roots
[78.904s][info][gc,task     ] GC(56) Using 2 workers of 2 for marking
[78.955s][info][gc,marking  ] GC(56) Concurrent Mark From Roots 50.313ms
[78.955s][info][gc,marking  ] GC(56) Concurrent Preclean
[78.955s][info][gc,marking  ] GC(56) Concurrent Preclean 0.094ms
[78.955s][info][gc,marking  ] GC(56) Concurrent Mark (78.904s, 78.955s) 50.474ms
[78.955s][info][gc,start    ] GC(56) Pause Remark
[78.957s][info][gc          ] GC(56) Pause Remark 53M->53M(94M) 2.327ms
[78.957s][info][gc,cpu      ] GC(56) User=0.01s Sys=0.00s Real=0.01s
[78.958s][info][gc,marking  ] GC(56) Concurrent Rebuild Remembered Sets
[78.984s][info][gc,marking  ] GC(56) Concurrent Rebuild Remembered Sets 26.338ms
[78.984s][info][gc,start    ] GC(56) Pause Cleanup
[78.984s][info][gc          ] GC(56) Pause Cleanup 57M->57M(94M) 0.082ms
[78.984s][info][gc,cpu      ] GC(56) User=0.00s Sys=0.00s Real=0.00s
[78.984s][info][gc,marking  ] GC(56) Concurrent Cleanup for Next Mark
[78.984s][info][gc,marking  ] GC(56) Concurrent Cleanup for Next Mark 0.197ms
[78.984s][info][gc          ] GC(56) Concurrent Cycle 82.630ms
[79.127s][info][gc,start    ] GC(57) Pause Young (Normal) (G1 Evacuation Pause)
[79.127s][info][gc,task     ] GC(57) Using 8 workers of 8 for evacuation
[79.130s][info][gc,phases   ] GC(57)   Pre Evacuate Collection Set: 0.1ms
[79.130s][info][gc,phases   ] GC(57)   Merge Heap Roots: 0.0ms
[79.130s][info][gc,phases   ] GC(57)   Evacuate Collection Set: 2.8ms
[79.130s][info][gc,phases   ] GC(57)   Post Evacuate Collection Set: 0.3ms
[79.130s][info][gc,phases   ] GC(57)   Other: 0.2ms
[79.130s][info][gc,heap     ] GC(57) Eden regions: 29->0(28)
[79.130s][info][gc,heap     ] GC(57) Survivor regions: 3->3(4)
[79.130s][info][gc,heap     ] GC(57) Old regions: 47->48
[79.130s][info][gc,heap     ] GC(57) Archive regions: 2->2
[79.130s][info][gc,heap     ] GC(57) Humongous regions: 0->0
[79.130s][info][gc,metaspace] GC(57) Metaspace: 46619K(47824K)->46619K(47824K) NonClass: 40968K(41808K)->40968K(41808K) Class: 5651K(6016K)->5651K(6016K)
[79.130s][info][gc          ] GC(57) Pause Young (Normal) (G1 Evacuation Pause) 78M->50M(94M) 3.476ms
[79.130s][info][gc,cpu      ] GC(57) User=0.01s Sys=0.00s Real=0.00s
[79.317s][info][gc,start    ] GC(58) Pause Young (Concurrent Start) (G1 Evacuation Pause)
[79.317s][info][gc,task     ] GC(58) Using 8 workers of 8 for evacuation
[79.320s][info][gc,phases   ] GC(58)   Pre Evacuate Collection Set: 0.1ms
[79.320s][info][gc,phases   ] GC(58)   Merge Heap Roots: 0.0ms
[79.320s][info][gc,phases   ] GC(58)   Evacuate Collection Set: 2.4ms
[79.320s][info][gc,phases   ] GC(58)   Post Evacuate Collection Set: 0.3ms
[79.320s][info][gc,phases   ] GC(58)   Other: 0.2ms
[79.320s][info][gc,heap     ] GC(58) Eden regions: 28->0(27)
[79.320s][info][gc,heap     ] GC(58) Survivor regions: 3->3(4)
[79.320s][info][gc,heap     ] GC(58) Old regions: 48->49
[79.320s][info][gc,heap     ] GC(58) Archive regions: 2->2
[79.320s][info][gc,heap     ] GC(58) Humongous regions: 0->0
[79.320s][info][gc,metaspace] GC(58) Metaspace: 46620K(47824K)->46620K(47824K) NonClass: 40969K(41808K)->40969K(41808K) Class: 5651K(6016K)->5651K(6016K)
[79.320s][info][gc          ] GC(58) Pause Young (Concurrent Start) (G1 Evacuation Pause) 78M->51M(94M) 3.158ms
[79.320s][info][gc,cpu      ] GC(58) User=0.01s Sys=0.00s Real=0.00s
[79.320s][info][gc          ] GC(59) Concurrent Cycle
[79.320s][info][gc,marking  ] GC(59) Concurrent Clear Claimed Marks
[79.320s][info][gc,marking  ] GC(59) Concurrent Clear Claimed Marks 0.049ms
[79.320s][info][gc,marking  ] GC(59) Concurrent Scan Root Regions
[79.322s][info][gc,marking  ] GC(59) Concurrent Scan Root Regions 2.143ms
[79.323s][info][gc,marking  ] GC(59) Concurrent Mark (79.323s)
[79.323s][info][gc,marking  ] GC(59) Concurrent Mark From Roots
[79.323s][info][gc,task     ] GC(59) Using 2 workers of 2 for marking
[79.392s][info][gc,marking  ] GC(59) Concurrent Mark From Roots 69.076ms
[79.392s][info][gc,marking  ] GC(59) Concurrent Preclean
[79.392s][info][gc,marking  ] GC(59) Concurrent Preclean 0.075ms
[79.392s][info][gc,marking  ] GC(59) Concurrent Mark (79.323s, 79.392s) 69.242ms
[79.392s][info][gc,start    ] GC(59) Pause Remark
[79.395s][info][gc          ] GC(59) Pause Remark 53M->53M(95M) 2.663ms
[79.395s][info][gc,cpu      ] GC(59) User=0.01s Sys=0.00s Real=0.00s
[79.395s][info][gc,marking  ] GC(59) Concurrent Rebuild Remembered Sets
[79.451s][info][gc,marking  ] GC(59) Concurrent Rebuild Remembered Sets 56.375ms
[79.452s][info][gc,start    ] GC(59) Pause Cleanup
[79.452s][info][gc          ] GC(59) Pause Cleanup 54M->54M(95M) 0.195ms
[79.452s][info][gc,cpu      ] GC(59) User=0.00s Sys=0.00s Real=0.00s
[79.452s][info][gc,marking  ] GC(59) Concurrent Cleanup for Next Mark
[79.453s][info][gc,marking  ] GC(59) Concurrent Cleanup for Next Mark 0.402ms
[79.453s][info][gc          ] GC(59) Concurrent Cycle 132.485ms
[79.697s][info][gc,start    ] GC(60) Pause Young (Normal) (G1 Evacuation Pause)
[79.697s][info][gc,task     ] GC(60) Using 8 workers of 8 for evacuation
[79.700s][info][gc,phases   ] GC(60)   Pre Evacuate Collection Set: 0.1ms
[79.700s][info][gc,phases   ] GC(60)   Merge Heap Roots: 0.0ms
[79.700s][info][gc,phases   ] GC(60)   Evacuate Collection Set: 2.2ms
[79.700s][info][gc,phases   ] GC(60)   Post Evacuate Collection Set: 0.3ms
[79.700s][info][gc,phases   ] GC(60)   Other: 0.3ms
[79.700s][info][gc,heap     ] GC(60) Eden regions: 27->0(27)
[79.700s][info][gc,heap     ] GC(60) Survivor regions: 3->3(4)
[79.700s][info][gc,heap     ] GC(60) Old regions: 49->50
[79.700s][info][gc,heap     ] GC(60) Archive regions: 2->2
[79.700s][info][gc,heap     ] GC(60) Humongous regions: 0->0
[79.700s][info][gc,metaspace] GC(60) Metaspace: 46622K(47824K)->46622K(47824K) NonClass: 40971K(41808K)->40971K(41808K) Class: 5651K(6016K)->5651K(6016K)
[79.700s][info][gc          ] GC(60) Pause Young (Normal) (G1 Evacuation Pause) 78M->51M(95M) 3.183ms
[79.701s][info][gc,cpu      ] GC(60) User=0.02s Sys=0.00s Real=0.00s
[79.961s][info][gc,start    ] GC(61) Pause Young (Concurrent Start) (G1 Evacuation Pause)
[79.961s][info][gc,task     ] GC(61) Using 8 workers of 8 for evacuation
[79.964s][info][gc,phases   ] GC(61)   Pre Evacuate Collection Set: 0.1ms
[79.964s][info][gc,phases   ] GC(61)   Merge Heap Roots: 0.0ms
[79.964s][info][gc,phases   ] GC(61)   Evacuate Collection Set: 2.5ms
[79.964s][info][gc,phases   ] GC(61)   Post Evacuate Collection Set: 0.4ms
[79.964s][info][gc,phases   ] GC(61)   Other: 0.2ms
[79.964s][info][gc,heap     ] GC(61) Eden regions: 27->0(27)
[79.964s][info][gc,heap     ] GC(61) Survivor regions: 3->3(4)
[79.964s][info][gc,heap     ] GC(61) Old regions: 50->50
[79.964s][info][gc,heap     ] GC(61) Archive regions: 2->2
[79.964s][info][gc,heap     ] GC(61) Humongous regions: 0->0
[79.964s][info][gc,metaspace] GC(61) Metaspace: 46622K(47824K)->46622K(47824K) NonClass: 40971K(41808K)->40971K(41808K) Class: 5651K(6016K)->5651K(6016K)
[79.964s][info][gc          ] GC(61) Pause Young (Concurrent Start) (G1 Evacuation Pause) 78M->52M(95M) 3.290ms
[79.964s][info][gc,cpu      ] GC(61) User=0.01s Sys=0.01s Real=0.00s
[79.964s][info][gc          ] GC(62) Concurrent Cycle
[79.964s][info][gc,marking  ] GC(62) Concurrent Clear Claimed Marks
[79.964s][info][gc,marking  ] GC(62) Concurrent Clear Claimed Marks 0.073ms
[79.964s][info][gc,marking  ] GC(62) Concurrent Scan Root Regions
[79.967s][info][gc,marking  ] GC(62) Concurrent Scan Root Regions 2.812ms
[79.967s][info][gc,marking  ] GC(62) Concurrent Mark (79.967s)
[79.967s][info][gc,marking  ] GC(62) Concurrent Mark From Roots
[79.967s][info][gc,task     ] GC(62) Using 2 workers of 2 for marking
[80.024s][info][gc,marking  ] GC(62) Concurrent Mark From Roots 56.428ms
[80.024s][info][gc,marking  ] GC(62) Concurrent Preclean
[80.024s][info][gc,marking  ] GC(62) Concurrent Preclean 0.087ms
[80.024s][info][gc,marking  ] GC(62) Concurrent Mark (79.967s, 80.024s) 56.639ms
[80.024s][info][gc,start    ] GC(62) Pause Remark
[80.026s][info][gc          ] GC(62) Pause Remark 57M->57M(102M) 2.032ms
[80.026s][info][gc,cpu      ] GC(62) User=0.01s Sys=0.00s Real=0.01s
[80.026s][info][gc,marking  ] GC(62) Concurrent Rebuild Remembered Sets
[80.072s][info][gc,marking  ] GC(62) Concurrent Rebuild Remembered Sets 45.766ms
[80.072s][info][gc,start    ] GC(62) Pause Cleanup
[80.072s][info][gc          ] GC(62) Pause Cleanup 60M->60M(102M) 0.108ms
[80.072s][info][gc,cpu      ] GC(62) User=0.00s Sys=0.00s Real=0.00s
[80.072s][info][gc,marking  ] GC(62) Concurrent Cleanup for Next Mark
[80.072s][info][gc,marking  ] GC(62) Concurrent Cleanup for Next Mark 0.188ms
[80.072s][info][gc          ] GC(62) Concurrent Cycle 108.219ms
[80.178s][info][gc,start    ] GC(63) Pause Young (Normal) (G1 Evacuation Pause)
[80.178s][info][gc,task     ] GC(63) Using 8 workers of 8 for evacuation
[80.182s][info][gc,phases   ] GC(63)   Pre Evacuate Collection Set: 0.1ms
[80.182s][info][gc,phases   ] GC(63)   Merge Heap Roots: 0.0ms
[80.182s][info][gc,phases   ] GC(63)   Evacuate Collection Set: 3.0ms
[80.182s][info][gc,phases   ] GC(63)   Post Evacuate Collection Set: 0.7ms
[80.182s][info][gc,phases   ] GC(63)   Other: 0.2ms
[80.182s][info][gc,heap     ] GC(63) Eden regions: 27->0(32)
[80.182s][info][gc,heap     ] GC(63) Survivor regions: 3->3(4)
[80.182s][info][gc,heap     ] GC(63) Old regions: 50->51
[80.182s][info][gc,heap     ] GC(63) Archive regions: 2->2
[80.182s][info][gc,heap     ] GC(63) Humongous regions: 0->0
[80.182s][info][gc,metaspace] GC(63) Metaspace: 46624K(47824K)->46624K(47824K) NonClass: 40972K(41808K)->40972K(41808K) Class: 5651K(6016K)->5651K(6016K)
[80.182s][info][gc          ] GC(63) Pause Young (Normal) (G1 Evacuation Pause) 79M->52M(102M) 4.174ms
[80.182s][info][gc,cpu      ] GC(63) User=0.01s Sys=0.00s Real=0.00s
[80.300s][info][gc,start    ] GC(64) Pause Young (Concurrent Start) (G1 Humongous Allocation)
[80.300s][info][gc,task     ] GC(64) Using 8 workers of 8 for evacuation
[80.303s][info][gc,phases   ] GC(64)   Pre Evacuate Collection Set: 0.1ms
[80.303s][info][gc,phases   ] GC(64)   Merge Heap Roots: 0.1ms
[80.303s][info][gc,phases   ] GC(64)   Evacuate Collection Set: 2.0ms
[80.303s][info][gc,phases   ] GC(64)   Post Evacuate Collection Set: 0.3ms
[80.303s][info][gc,phases   ] GC(64)   Other: 0.4ms
[80.303s][info][gc,heap     ] GC(64) Eden regions: 16->0(32)
[80.303s][info][gc,heap     ] GC(64) Survivor regions: 3->3(5)
[80.303s][info][gc,heap     ] GC(64) Old regions: 51->51
[80.303s][info][gc,heap     ] GC(64) Archive regions: 2->2
[80.303s][info][gc,heap     ] GC(64) Humongous regions: 0->0
[80.303s][info][gc,metaspace] GC(64) Metaspace: 46624K(47824K)->46624K(47824K) NonClass: 40972K(41808K)->40972K(41808K) Class: 5651K(6016K)->5651K(6016K)
[80.303s][info][gc          ] GC(64) Pause Young (Concurrent Start) (G1 Humongous Allocation) 68M->53M(102M) 2.988ms
[80.303s][info][gc,cpu      ] GC(64) User=0.01s Sys=0.00s Real=0.00s
[80.303s][info][gc          ] GC(65) Concurrent Cycle
[80.303s][info][gc,marking  ] GC(65) Concurrent Clear Claimed Marks
[80.303s][info][gc,marking  ] GC(65) Concurrent Clear Claimed Marks 0.074ms
[80.303s][info][gc,marking  ] GC(65) Concurrent Scan Root Regions
[80.306s][info][gc,marking  ] GC(65) Concurrent Scan Root Regions 2.439ms
[80.306s][info][gc,marking  ] GC(65) Concurrent Mark (80.306s)
[80.306s][info][gc,marking  ] GC(65) Concurrent Mark From Roots
[80.306s][info][gc,task     ] GC(65) Using 2 workers of 2 for marking
[80.363s][info][gc,marking  ] GC(65) Concurrent Mark From Roots 57.004ms
[80.363s][info][gc,marking  ] GC(65) Concurrent Preclean
[80.363s][info][gc,marking  ] GC(65) Concurrent Preclean 0.088ms
[80.363s][info][gc,marking  ] GC(65) Concurrent Mark (80.306s, 80.363s) 57.168ms
[80.363s][info][gc,start    ] GC(65) Pause Remark
[80.366s][info][gc          ] GC(65) Pause Remark 63M->63M(112M) 2.916ms
[80.366s][info][gc,cpu      ] GC(65) User=0.02s Sys=0.00s Real=0.01s
[80.366s][info][gc,marking  ] GC(65) Concurrent Rebuild Remembered Sets
[80.407s][info][gc,marking  ] GC(65) Concurrent Rebuild Remembered Sets 40.793ms
[80.407s][info][gc,start    ] GC(65) Pause Cleanup
[80.408s][info][gc          ] GC(65) Pause Cleanup 68M->68M(112M) 0.109ms
[80.408s][info][gc,cpu      ] GC(65) User=0.00s Sys=0.00s Real=0.00s
[80.408s][info][gc,marking  ] GC(65) Concurrent Cleanup for Next Mark
[80.408s][info][gc,marking  ] GC(65) Concurrent Cleanup for Next Mark 0.347ms
[80.408s][info][gc          ] GC(65) Concurrent Cycle 104.738ms
[80.586s][info][gc,start    ] GC(66) Pause Young (Normal) (G1 Evacuation Pause)
[80.586s][info][gc,task     ] GC(66) Using 8 workers of 8 for evacuation
[80.590s][info][gc,phases   ] GC(66)   Pre Evacuate Collection Set: 0.1ms
[80.590s][info][gc,phases   ] GC(66)   Merge Heap Roots: 0.1ms
[80.590s][info][gc,phases   ] GC(66)   Evacuate Collection Set: 3.3ms
[80.590s][info][gc,phases   ] GC(66)   Post Evacuate Collection Set: 0.2ms
[80.590s][info][gc,phases   ] GC(66)   Other: 0.2ms
[80.590s][info][gc,heap     ] GC(66) Eden regions: 31->0(35)
[80.590s][info][gc,heap     ] GC(66) Survivor regions: 3->4(5)
[80.590s][info][gc,heap     ] GC(66) Old regions: 51->51
[80.590s][info][gc,heap     ] GC(66) Archive regions: 2->2
[80.590s][info][gc,heap     ] GC(66) Humongous regions: 4->4
[80.590s][info][gc,metaspace] GC(66) Metaspace: 46624K(47824K)->46624K(47824K) NonClass: 40972K(41808K)->40972K(41808K) Class: 5651K(6016K)->5651K(6016K)
[80.590s][info][gc          ] GC(66) Pause Young (Normal) (G1 Evacuation Pause) 88M->58M(112M) 3.858ms
[80.590s][info][gc,cpu      ] GC(66) User=0.02s Sys=0.00s Real=0.00s
[80.830s][info][gc,start    ] GC(67) Pause Young (Concurrent Start) (G1 Evacuation Pause)
[80.830s][info][gc,task     ] GC(67) Using 8 workers of 8 for evacuation
[80.836s][info][gc,phases   ] GC(67)   Pre Evacuate Collection Set: 0.1ms
[80.836s][info][gc,phases   ] GC(67)   Merge Heap Roots: 0.0ms
[80.836s][info][gc,phases   ] GC(67)   Evacuate Collection Set: 4.8ms
[80.836s][info][gc,phases   ] GC(67)   Post Evacuate Collection Set: 0.6ms
[80.836s][info][gc,phases   ] GC(67)   Other: 0.3ms
[80.836s][info][gc,heap     ] GC(67) Eden regions: 35->0(35)
[80.836s][info][gc,heap     ] GC(67) Survivor regions: 4->4(5)
[80.836s][info][gc,heap     ] GC(67) Old regions: 51->51
[80.836s][info][gc,heap     ] GC(67) Archive regions: 2->2
[80.836s][info][gc,heap     ] GC(67) Humongous regions: 4->4
[80.836s][info][gc,metaspace] GC(67) Metaspace: 46624K(47824K)->46624K(47824K) NonClass: 40972K(41808K)->40972K(41808K) Class: 5651K(6016K)->5651K(6016K)
[80.836s][info][gc          ] GC(67) Pause Young (Concurrent Start) (G1 Evacuation Pause) 93M->58M(112M) 6.025ms
[80.836s][info][gc,cpu      ] GC(67) User=0.02s Sys=0.00s Real=0.01s
[80.836s][info][gc          ] GC(68) Concurrent Cycle
[80.836s][info][gc,marking  ] GC(68) Concurrent Clear Claimed Marks
[80.837s][info][gc,marking  ] GC(68) Concurrent Clear Claimed Marks 0.103ms
[80.837s][info][gc,marking  ] GC(68) Concurrent Scan Root Regions
[80.841s][info][gc,marking  ] GC(68) Concurrent Scan Root Regions 3.982ms
[80.841s][info][gc,marking  ] GC(68) Concurrent Mark (80.841s)
[80.841s][info][gc,marking  ] GC(68) Concurrent Mark From Roots
[80.841s][info][gc,task     ] GC(68) Using 2 workers of 2 for marking
[80.894s][info][gc,marking  ] GC(68) Concurrent Mark From Roots 53.512ms
[80.894s][info][gc,marking  ] GC(68) Concurrent Preclean
[80.894s][info][gc,marking  ] GC(68) Concurrent Preclean 0.089ms
[80.894s][info][gc,marking  ] GC(68) Concurrent Mark (80.841s, 80.894s) 53.673ms
[80.895s][info][gc,start    ] GC(68) Pause Remark
[80.897s][info][gc          ] GC(68) Pause Remark 64M->61M(112M) 2.231ms
[80.897s][info][gc,cpu      ] GC(68) User=0.01s Sys=0.00s Real=0.01s
[80.897s][info][gc,marking  ] GC(68) Concurrent Rebuild Remembered Sets
[80.931s][info][gc,marking  ] GC(68) Concurrent Rebuild Remembered Sets 33.868ms
[80.932s][info][gc,start    ] GC(68) Pause Cleanup
[80.932s][info][gc          ] GC(68) Pause Cleanup 64M->64M(112M) 0.137ms
[80.932s][info][gc,cpu      ] GC(68) User=0.00s Sys=0.00s Real=0.00s
[80.932s][info][gc,marking  ] GC(68) Concurrent Cleanup for Next Mark
[80.932s][info][gc,marking  ] GC(68) Concurrent Cleanup for Next Mark 0.318ms
[80.932s][info][gc          ] GC(68) Concurrent Cycle 95.768ms
[81.120s][info][gc,start    ] GC(69) Pause Young (Normal) (G1 Evacuation Pause)
[81.120s][info][gc,task     ] GC(69) Using 8 workers of 8 for evacuation
[81.124s][info][gc,phases   ] GC(69)   Pre Evacuate Collection Set: 0.1ms
[81.124s][info][gc,phases   ] GC(69)   Merge Heap Roots: 0.0ms
[81.124s][info][gc,phases   ] GC(69)   Evacuate Collection Set: 3.2ms
[81.124s][info][gc,phases   ] GC(69)   Post Evacuate Collection Set: 0.3ms
[81.124s][info][gc,phases   ] GC(69)   Other: 0.1ms
[81.124s][info][gc,heap     ] GC(69) Eden regions: 35->0(36)
[81.124s][info][gc,heap     ] GC(69) Survivor regions: 4->4(5)
[81.124s][info][gc,heap     ] GC(69) Old regions: 51->53
[81.124s][info][gc,heap     ] GC(69) Archive regions: 2->2
[81.124s][info][gc,heap     ] GC(69) Humongous regions: 1->1
[81.124s][info][gc,metaspace] GC(69) Metaspace: 46624K(47824K)->46624K(47824K) NonClass: 40973K(41808K)->40973K(41808K) Class: 5651K(6016K)->5651K(6016K)
[81.124s][info][gc          ] GC(69) Pause Young (Normal) (G1 Evacuation Pause) 90M->56M(112M) 3.778ms
[81.124s][info][gc,cpu      ] GC(69) User=0.02s Sys=0.00s Real=0.00s
[81.431s][info][gc,start    ] GC(70) Pause Young (Concurrent Start) (G1 Evacuation Pause)
[81.431s][info][gc,task     ] GC(70) Using 8 workers of 8 for evacuation
[81.435s][info][gc,phases   ] GC(70)   Pre Evacuate Collection Set: 0.1ms
[81.435s][info][gc,phases   ] GC(70)   Merge Heap Roots: 0.0ms
[81.435s][info][gc,phases   ] GC(70)   Evacuate Collection Set: 3.1ms
[81.435s][info][gc,phases   ] GC(70)   Post Evacuate Collection Set: 0.2ms
[81.435s][info][gc,phases   ] GC(70)   Other: 0.3ms
[81.435s][info][gc,heap     ] GC(70) Eden regions: 36->0(36)
[81.435s][info][gc,heap     ] GC(70) Survivor regions: 4->4(5)
[81.435s][info][gc,heap     ] GC(70) Old regions: 53->53
[81.435s][info][gc,heap     ] GC(70) Archive regions: 2->2
[81.435s][info][gc,heap     ] GC(70) Humongous regions: 1->1
[81.435s][info][gc,metaspace] GC(70) Metaspace: 46624K(47824K)->46624K(47824K) NonClass: 40973K(41808K)->40973K(41808K) Class: 5651K(6016K)->5651K(6016K)
[81.435s][info][gc          ] GC(70) Pause Young (Concurrent Start) (G1 Evacuation Pause) 92M->57M(112M) 3.903ms
[81.435s][info][gc,cpu      ] GC(70) User=0.02s Sys=0.00s Real=0.00s
[81.435s][info][gc          ] GC(71) Concurrent Cycle
[81.435s][info][gc,marking  ] GC(71) Concurrent Clear Claimed Marks
[81.435s][info][gc,marking  ] GC(71) Concurrent Clear Claimed Marks 0.063ms
[81.435s][info][gc,marking  ] GC(71) Concurrent Scan Root Regions
[81.439s][info][gc,marking  ] GC(71) Concurrent Scan Root Regions 3.390ms
[81.439s][info][gc,marking  ] GC(71) Concurrent Mark (81.439s)
[81.439s][info][gc,marking  ] GC(71) Concurrent Mark From Roots
[81.439s][info][gc,task     ] GC(71) Using 2 workers of 2 for marking
[81.499s][info][gc,marking  ] GC(71) Concurrent Mark From Roots 60.061ms
[81.499s][info][gc,marking  ] GC(71) Concurrent Preclean
[81.499s][info][gc,marking  ] GC(71) Concurrent Preclean 0.090ms
[81.499s][info][gc,marking  ] GC(71) Concurrent Mark (81.439s, 81.499s) 60.235ms
[81.499s][info][gc,start    ] GC(71) Pause Remark
[81.501s][info][gc          ] GC(71) Pause Remark 63M->63M(112M) 2.050ms
[81.501s][info][gc,cpu      ] GC(71) User=0.01s Sys=0.00s Real=0.00s
[81.501s][info][gc,marking  ] GC(71) Concurrent Rebuild Remembered Sets
[81.556s][info][gc,marking  ] GC(71) Concurrent Rebuild Remembered Sets 54.342ms
[81.556s][info][gc,start    ] GC(71) Pause Cleanup
[81.556s][info][gc          ] GC(71) Pause Cleanup 70M->70M(112M) 0.079ms
[81.556s][info][gc,cpu      ] GC(71) User=0.00s Sys=0.00s Real=0.00s
[81.556s][info][gc,marking  ] GC(71) Concurrent Cleanup for Next Mark
[81.556s][info][gc,marking  ] GC(71) Concurrent Cleanup for Next Mark 0.189ms
[81.556s][info][gc          ] GC(71) Concurrent Cycle 120.945ms
[81.714s][info][gc,start    ] GC(72) Pause Young (Normal) (G1 Evacuation Pause)
[81.714s][info][gc,task     ] GC(72) Using 8 workers of 8 for evacuation
[81.718s][info][gc,phases   ] GC(72)   Pre Evacuate Collection Set: 0.0ms
[81.718s][info][gc,phases   ] GC(72)   Merge Heap Roots: 0.0ms
[81.718s][info][gc,phases   ] GC(72)   Evacuate Collection Set: 3.1ms
[81.718s][info][gc,phases   ] GC(72)   Post Evacuate Collection Set: 0.2ms
[81.718s][info][gc,phases   ] GC(72)   Other: 0.1ms
[81.718s][info][gc,heap     ] GC(72) Eden regions: 36->0(35)
[81.718s][info][gc,heap     ] GC(72) Survivor regions: 4->4(5)
[81.718s][info][gc,heap     ] GC(72) Old regions: 53->54
[81.718s][info][gc,heap     ] GC(72) Archive regions: 2->2
[81.718s][info][gc,heap     ] GC(72) Humongous regions: 1->1
[81.718s][info][gc,metaspace] GC(72) Metaspace: 46624K(47824K)->46624K(47824K) NonClass: 40973K(41808K)->40973K(41808K) Class: 5651K(6016K)->5651K(6016K)
[81.718s][info][gc          ] GC(72) Pause Young (Normal) (G1 Evacuation Pause) 93M->58M(112M) 3.693ms
[81.718s][info][gc,cpu      ] GC(72) User=0.02s Sys=0.00s Real=0.01s
[81.984s][info][gc,start    ] GC(73) Pause Young (Concurrent Start) (G1 Evacuation Pause)
[81.984s][info][gc,task     ] GC(73) Using 8 workers of 8 for evacuation
[81.988s][info][gc,phases   ] GC(73)   Pre Evacuate Collection Set: 0.1ms
[81.988s][info][gc,phases   ] GC(73)   Merge Heap Roots: 0.0ms
[81.988s][info][gc,phases   ] GC(73)   Evacuate Collection Set: 3.1ms
[81.988s][info][gc,phases   ] GC(73)   Post Evacuate Collection Set: 0.3ms
[81.988s][info][gc,phases   ] GC(73)   Other: 0.2ms
[81.988s][info][gc,heap     ] GC(73) Eden regions: 35->0(35)
[81.988s][info][gc,heap     ] GC(73) Survivor regions: 4->3(5)
[81.988s][info][gc,heap     ] GC(73) Old regions: 54->56
[81.988s][info][gc,heap     ] GC(73) Archive regions: 2->2
[81.988s][info][gc,heap     ] GC(73) Humongous regions: 1->1
[81.988s][info][gc,metaspace] GC(73) Metaspace: 46625K(47824K)->46625K(47824K) NonClass: 40974K(41808K)->40974K(41808K) Class: 5651K(6016K)->5651K(6016K)
[81.988s][info][gc          ] GC(73) Pause Young (Concurrent Start) (G1 Evacuation Pause) 93M->59M(112M) 3.703ms
[81.988s][info][gc,cpu      ] GC(73) User=0.02s Sys=0.00s Real=0.01s
[81.988s][info][gc          ] GC(74) Concurrent Cycle
[81.988s][info][gc,marking  ] GC(74) Concurrent Clear Claimed Marks
[81.988s][info][gc,marking  ] GC(74) Concurrent Clear Claimed Marks 0.058ms
[81.988s][info][gc,marking  ] GC(74) Concurrent Scan Root Regions
[81.991s][info][gc,marking  ] GC(74) Concurrent Scan Root Regions 2.930ms
[81.991s][info][gc,marking  ] GC(74) Concurrent Mark (81.991s)
[81.991s][info][gc,marking  ] GC(74) Concurrent Mark From Roots
[81.991s][info][gc,task     ] GC(74) Using 2 workers of 2 for marking
[82.046s][info][gc,marking  ] GC(74) Concurrent Mark From Roots 54.695ms
[82.046s][info][gc,marking  ] GC(74) Concurrent Preclean
[82.046s][info][gc,marking  ] GC(74) Concurrent Preclean 0.086ms
[82.046s][info][gc,marking  ] GC(74) Concurrent Mark (81.991s, 82.046s) 54.883ms
[82.046s][info][gc,start    ] GC(74) Pause Remark
[82.048s][info][gc          ] GC(74) Pause Remark 66M->66M(115M) 2.128ms
[82.048s][info][gc,cpu      ] GC(74) User=0.01s Sys=0.00s Real=0.00s
[82.049s][info][gc,marking  ] GC(74) Concurrent Rebuild Remembered Sets
[82.082s][info][gc,marking  ] GC(74) Concurrent Rebuild Remembered Sets 33.312ms
[82.082s][info][gc,start    ] GC(74) Pause Cleanup
[82.082s][info][gc          ] GC(74) Pause Cleanup 69M->69M(115M) 0.099ms
[82.082s][info][gc,cpu      ] GC(74) User=0.00s Sys=0.00s Real=0.00s
[82.082s][info][gc,marking  ] GC(74) Concurrent Cleanup for Next Mark
[82.082s][info][gc,marking  ] GC(74) Concurrent Cleanup for Next Mark 0.174ms
[82.082s][info][gc          ] GC(74) Concurrent Cycle 94.481ms
[82.264s][info][gc,start    ] GC(75) Pause Young (Normal) (G1 Evacuation Pause)
[82.264s][info][gc,task     ] GC(75) Using 8 workers of 8 for evacuation
[82.267s][info][gc,phases   ] GC(75)   Pre Evacuate Collection Set: 0.0ms
[82.267s][info][gc,phases   ] GC(75)   Merge Heap Roots: 0.0ms
[82.267s][info][gc,phases   ] GC(75)   Evacuate Collection Set: 2.3ms
[82.267s][info][gc,phases   ] GC(75)   Post Evacuate Collection Set: 0.3ms
[82.267s][info][gc,phases   ] GC(75)   Other: 0.2ms
[82.267s][info][gc,heap     ] GC(75) Eden regions: 35->0(38)
[82.267s][info][gc,heap     ] GC(75) Survivor regions: 3->3(5)
[82.267s][info][gc,heap     ] GC(75) Old regions: 56->56
[82.267s][info][gc,heap     ] GC(75) Archive regions: 2->2
[82.267s][info][gc,heap     ] GC(75) Humongous regions: 1->1
[82.267s][info][gc,metaspace] GC(75) Metaspace: 46625K(47824K)->46625K(47824K) NonClass: 40974K(41808K)->40974K(41808K) Class: 5651K(6016K)->5651K(6016K)
[82.267s][info][gc          ] GC(75) Pause Young (Normal) (G1 Evacuation Pause) 94M->60M(115M) 2.950ms
[82.267s][info][gc,cpu      ] GC(75) User=0.02s Sys=0.00s Real=0.01s
[82.542s][info][gc,start    ] GC(76) Pause Young (Concurrent Start) (G1 Evacuation Pause)
[82.542s][info][gc,task     ] GC(76) Using 8 workers of 8 for evacuation
[82.545s][info][gc,phases   ] GC(76)   Pre Evacuate Collection Set: 0.1ms
[82.545s][info][gc,phases   ] GC(76)   Merge Heap Roots: 0.0ms
[82.545s][info][gc,phases   ] GC(76)   Evacuate Collection Set: 2.3ms
[82.545s][info][gc,phases   ] GC(76)   Post Evacuate Collection Set: 0.2ms
[82.545s][info][gc,phases   ] GC(76)   Other: 0.2ms
[82.545s][info][gc,heap     ] GC(76) Eden regions: 38->0(36)
[82.545s][info][gc,heap     ] GC(76) Survivor regions: 3->4(6)
[82.545s][info][gc,heap     ] GC(76) Old regions: 56->56
[82.545s][info][gc,heap     ] GC(76) Archive regions: 2->2
[82.545s][info][gc,heap     ] GC(76) Humongous regions: 1->1
[82.545s][info][gc,metaspace] GC(76) Metaspace: 46625K(47824K)->46625K(47824K) NonClass: 40974K(41808K)->40974K(41808K) Class: 5651K(6016K)->5651K(6016K)
[82.545s][info][gc          ] GC(76) Pause Young (Concurrent Start) (G1 Evacuation Pause) 98M->61M(115M) 2.959ms
[82.545s][info][gc,cpu      ] GC(76) User=0.01s Sys=0.01s Real=0.00s
[82.545s][info][gc          ] GC(77) Concurrent Cycle
[82.545s][info][gc,marking  ] GC(77) Concurrent Clear Claimed Marks
[82.545s][info][gc,marking  ] GC(77) Concurrent Clear Claimed Marks 0.044ms
[82.545s][info][gc,marking  ] GC(77) Concurrent Scan Root Regions
[82.548s][info][gc,marking  ] GC(77) Concurrent Scan Root Regions 2.979ms
[82.548s][info][gc,marking  ] GC(77) Concurrent Mark (82.548s)
[82.548s][info][gc,marking  ] GC(77) Concurrent Mark From Roots
[82.548s][info][gc,task     ] GC(77) Using 2 workers of 2 for marking
[82.629s][info][gc,marking  ] GC(77) Concurrent Mark From Roots 80.188ms
[82.629s][info][gc,marking  ] GC(77) Concurrent Preclean
[82.629s][info][gc,marking  ] GC(77) Concurrent Preclean 0.137ms
[82.629s][info][gc,marking  ] GC(77) Concurrent Mark (82.548s, 82.629s) 80.489ms
[82.629s][info][gc,start    ] GC(77) Pause Remark
[82.632s][info][gc          ] GC(77) Pause Remark 70M->70M(122M) 3.009ms
[82.632s][info][gc,cpu      ] GC(77) User=0.01s Sys=0.01s Real=0.00s
[82.632s][info][gc,marking  ] GC(77) Concurrent Rebuild Remembered Sets
[82.676s][info][gc,marking  ] GC(77) Concurrent Rebuild Remembered Sets 43.993ms
[82.677s][info][gc,start    ] GC(77) Pause Cleanup
[82.677s][info][gc          ] GC(77) Pause Cleanup 75M->75M(122M) 0.130ms
[82.677s][info][gc,cpu      ] GC(77) User=0.00s Sys=0.00s Real=0.00s
[82.677s][info][gc,marking  ] GC(77) Concurrent Cleanup for Next Mark
[82.678s][info][gc,marking  ] GC(77) Concurrent Cleanup for Next Mark 0.296ms
[82.678s][info][gc          ] GC(77) Concurrent Cycle 132.311ms
[82.849s][info][gc,start    ] GC(78) Pause Young (Normal) (G1 Evacuation Pause)
[82.849s][info][gc,task     ] GC(78) Using 8 workers of 8 for evacuation
[82.852s][info][gc,phases   ] GC(78)   Pre Evacuate Collection Set: 0.0ms
[82.852s][info][gc,phases   ] GC(78)   Merge Heap Roots: 0.0ms
[82.852s][info][gc,phases   ] GC(78)   Evacuate Collection Set: 3.1ms
[82.852s][info][gc,phases   ] GC(78)   Post Evacuate Collection Set: 0.3ms
[82.853s][info][gc,phases   ] GC(78)   Other: 0.1ms
[82.853s][info][gc,heap     ] GC(78) Eden regions: 36->0(42)
[82.853s][info][gc,heap     ] GC(78) Survivor regions: 4->3(5)
[82.853s][info][gc,heap     ] GC(78) Old regions: 56->58
[82.853s][info][gc,heap     ] GC(78) Archive regions: 2->2
[82.853s][info][gc,heap     ] GC(78) Humongous regions: 1->1
[82.853s][info][gc,metaspace] GC(78) Metaspace: 46625K(47824K)->46625K(47824K) NonClass: 40974K(41808K)->40974K(41808K) Class: 5651K(6016K)->5651K(6016K)
[82.853s][info][gc          ] GC(78) Pause Young (Normal) (G1 Evacuation Pause) 97M->62M(122M) 3.735ms
[82.853s][info][gc,cpu      ] GC(78) User=0.02s Sys=0.00s Real=0.00s
[83.168s][info][gc,start    ] GC(79) Pause Young (Concurrent Start) (G1 Evacuation Pause)
[83.168s][info][gc,task     ] GC(79) Using 8 workers of 8 for evacuation
[83.171s][info][gc,phases   ] GC(79)   Pre Evacuate Collection Set: 0.1ms
[83.171s][info][gc,phases   ] GC(79)   Merge Heap Roots: 0.0ms
[83.171s][info][gc,phases   ] GC(79)   Evacuate Collection Set: 3.1ms
[83.171s][info][gc,phases   ] GC(79)   Post Evacuate Collection Set: 0.3ms
[83.171s][info][gc,phases   ] GC(79)   Other: 0.2ms
[83.171s][info][gc,heap     ] GC(79) Eden regions: 42->0(40)
[83.171s][info][gc,heap     ] GC(79) Survivor regions: 3->4(6)
[83.171s][info][gc,heap     ] GC(79) Old regions: 58->58
[83.171s][info][gc,heap     ] GC(79) Archive regions: 2->2
[83.171s][info][gc,heap     ] GC(79) Humongous regions: 1->1
[83.171s][info][gc,metaspace] GC(79) Metaspace: 46625K(47824K)->46625K(47824K) NonClass: 40974K(41808K)->40974K(41808K) Class: 5651K(6016K)->5651K(6016K)
[83.172s][info][gc          ] GC(79) Pause Young (Concurrent Start) (G1 Evacuation Pause) 104M->62M(122M) 3.876ms
[83.172s][info][gc,cpu      ] GC(79) User=0.02s Sys=0.00s Real=0.00s
[83.172s][info][gc          ] GC(80) Concurrent Cycle
[83.172s][info][gc,marking  ] GC(80) Concurrent Clear Claimed Marks
[83.172s][info][gc,marking  ] GC(80) Concurrent Clear Claimed Marks 0.059ms
[83.172s][info][gc,marking  ] GC(80) Concurrent Scan Root Regions
[83.175s][info][gc,marking  ] GC(80) Concurrent Scan Root Regions 2.909ms
[83.175s][info][gc,marking  ] GC(80) Concurrent Mark (83.175s)
[83.175s][info][gc,marking  ] GC(80) Concurrent Mark From Roots
[83.175s][info][gc,task     ] GC(80) Using 2 workers of 2 for marking
[83.241s][info][gc,marking  ] GC(80) Concurrent Mark From Roots 66.268ms
[83.241s][info][gc,marking  ] GC(80) Concurrent Preclean
[83.241s][info][gc,marking  ] GC(80) Concurrent Preclean 0.095ms
[83.241s][info][gc,marking  ] GC(80) Concurrent Mark (83.175s, 83.241s) 66.435ms
[83.241s][info][gc,start    ] GC(80) Pause Remark
[83.243s][info][gc          ] GC(80) Pause Remark 68M->68M(122M) 2.017ms
[83.243s][info][gc,cpu      ] GC(80) User=0.01s Sys=0.00s Real=0.00s
[83.243s][info][gc,marking  ] GC(80) Concurrent Rebuild Remembered Sets
[83.284s][info][gc,marking  ] GC(80) Concurrent Rebuild Remembered Sets 40.339ms
[83.284s][info][gc,start    ] GC(80) Pause Cleanup
[83.284s][info][gc          ] GC(80) Pause Cleanup 74M->74M(122M) 0.092ms
[83.284s][info][gc,cpu      ] GC(80) User=0.00s Sys=0.00s Real=0.00s
[83.284s][info][gc,marking  ] GC(80) Concurrent Cleanup for Next Mark
[83.284s][info][gc,marking  ] GC(80) Concurrent Cleanup for Next Mark 0.253ms
[83.284s][info][gc          ] GC(80) Concurrent Cycle 112.890ms
[83.480s][info][gc,start    ] GC(81) Pause Young (Normal) (G1 Evacuation Pause)
[83.480s][info][gc,task     ] GC(81) Using 8 workers of 8 for evacuation
[83.484s][info][gc,phases   ] GC(81)   Pre Evacuate Collection Set: 0.1ms
[83.484s][info][gc,phases   ] GC(81)   Merge Heap Roots: 0.0ms
[83.484s][info][gc,phases   ] GC(81)   Evacuate Collection Set: 3.6ms
[83.484s][info][gc,phases   ] GC(81)   Post Evacuate Collection Set: 0.4ms
[83.484s][info][gc,phases   ] GC(81)   Other: 0.2ms
[83.484s][info][gc,heap     ] GC(81) Eden regions: 40->0(39)
[83.484s][info][gc,heap     ] GC(81) Survivor regions: 4->4(6)
[83.484s][info][gc,heap     ] GC(81) Old regions: 58->59
[83.484s][info][gc,heap     ] GC(81) Archive regions: 2->2
[83.484s][info][gc,heap     ] GC(81) Humongous regions: 1->1
[83.484s][info][gc,metaspace] GC(81) Metaspace: 46627K(47824K)->46627K(47824K) NonClass: 40976K(41808K)->40976K(41808K) Class: 5651K(6016K)->5651K(6016K)
[83.484s][info][gc          ] GC(81) Pause Young (Normal) (G1 Evacuation Pause) 102M->63M(122M) 4.432ms
[83.484s][info][gc,cpu      ] GC(81) User=0.03s Sys=0.00s Real=0.00s
[83.513s][info][gc,start    ] GC(82) Pause Young (Concurrent Start) (G1 Humongous Allocation)
[83.513s][info][gc,task     ] GC(82) Using 8 workers of 8 for evacuation
[83.517s][info][gc,phases   ] GC(82)   Pre Evacuate Collection Set: 0.1ms
[83.517s][info][gc,phases   ] GC(82)   Merge Heap Roots: 0.0ms
[83.517s][info][gc,phases   ] GC(82)   Evacuate Collection Set: 3.2ms
[83.517s][info][gc,phases   ] GC(82)   Post Evacuate Collection Set: 0.3ms
[83.517s][info][gc,phases   ] GC(82)   Other: 0.2ms
[83.517s][info][gc,heap     ] GC(82) Eden regions: 5->0(38)
[83.517s][info][gc,heap     ] GC(82) Survivor regions: 4->4(6)
[83.517s][info][gc,heap     ] GC(82) Old regions: 59->60
[83.517s][info][gc,heap     ] GC(82) Archive regions: 2->2
[83.517s][info][gc,heap     ] GC(82) Humongous regions: 1->1
[83.517s][info][gc,metaspace] GC(82) Metaspace: 46628K(47824K)->46628K(47824K) NonClass: 40977K(41808K)->40977K(41808K) Class: 5651K(6016K)->5651K(6016K)
[83.517s][info][gc          ] GC(82) Pause Young (Concurrent Start) (G1 Humongous Allocation) 67M->64M(122M) 3.810ms
[83.517s][info][gc,cpu      ] GC(82) User=0.01s Sys=0.00s Real=0.01s
[83.517s][info][gc          ] GC(83) Concurrent Cycle
[83.517s][info][gc,marking  ] GC(83) Concurrent Clear Claimed Marks
[83.517s][info][gc,marking  ] GC(83) Concurrent Clear Claimed Marks 0.200ms
[83.517s][info][gc,marking  ] GC(83) Concurrent Scan Root Regions
[83.521s][info][gc,marking  ] GC(83) Concurrent Scan Root Regions 3.729ms
[83.521s][info][gc,marking  ] GC(83) Concurrent Mark (83.521s)
[83.521s][info][gc,marking  ] GC(83) Concurrent Mark From Roots
[83.521s][info][gc,task     ] GC(83) Using 2 workers of 2 for marking
[83.597s][info][gc,marking  ] GC(83) Concurrent Mark From Roots 75.657ms
[83.597s][info][gc,marking  ] GC(83) Concurrent Preclean
[83.597s][info][gc,marking  ] GC(83) Concurrent Preclean 0.094ms
[83.597s][info][gc,marking  ] GC(83) Concurrent Mark (83.521s, 83.597s) 75.875ms
[83.597s][info][gc,start    ] GC(83) Pause Remark
[83.599s][info][gc          ] GC(83) Pause Remark 76M->76M(132M) 2.006ms
[83.599s][info][gc,cpu      ] GC(83) User=0.01s Sys=0.00s Real=0.00s
[83.599s][info][gc,marking  ] GC(83) Concurrent Rebuild Remembered Sets
[83.645s][info][gc,marking  ] GC(83) Concurrent Rebuild Remembered Sets 45.826ms
[83.645s][info][gc,start    ] GC(83) Pause Cleanup
[83.645s][info][gc          ] GC(83) Pause Cleanup 82M->82M(132M) 0.093ms
[83.645s][info][gc,cpu      ] GC(83) User=0.00s Sys=0.00s Real=0.00s
[83.645s][info][gc,marking  ] GC(83) Concurrent Cleanup for Next Mark
[83.646s][info][gc,marking  ] GC(83) Concurrent Cleanup for Next Mark 0.306ms
[83.646s][info][gc          ] GC(83) Concurrent Cycle 128.722ms
[83.823s][info][gc,start    ] GC(84) Pause Young (Normal) (G1 Evacuation Pause)
[83.823s][info][gc,task     ] GC(84) Using 8 workers of 8 for evacuation
[83.828s][info][gc,phases   ] GC(84)   Pre Evacuate Collection Set: 0.0ms
[83.828s][info][gc,phases   ] GC(84)   Merge Heap Roots: 0.0ms
[83.828s][info][gc,phases   ] GC(84)   Evacuate Collection Set: 4.6ms
[83.828s][info][gc,phases   ] GC(84)   Post Evacuate Collection Set: 0.5ms
[83.828s][info][gc,phases   ] GC(84)   Other: 0.2ms
[83.828s][info][gc,heap     ] GC(84) Eden regions: 38->0(41)
[83.828s][info][gc,heap     ] GC(84) Survivor regions: 4->5(6)
[83.828s][info][gc,heap     ] GC(84) Old regions: 60->60
[83.828s][info][gc,heap     ] GC(84) Archive regions: 2->2
[83.828s][info][gc,heap     ] GC(84) Humongous regions: 5->5
[83.828s][info][gc,metaspace] GC(84) Metaspace: 46632K(47824K)->46632K(47824K) NonClass: 40980K(41808K)->40980K(41808K) Class: 5651K(6016K)->5651K(6016K)
[83.828s][info][gc          ] GC(84) Pause Young (Normal) (G1 Evacuation Pause) 106M->68M(132M) 5.434ms
[83.828s][info][gc,cpu      ] GC(84) User=0.03s Sys=0.01s Real=0.01s
[84.116s][info][gc,start    ] GC(85) Pause Young (Concurrent Start) (G1 Evacuation Pause)
[84.116s][info][gc,task     ] GC(85) Using 8 workers of 8 for evacuation
[84.120s][info][gc,phases   ] GC(85)   Pre Evacuate Collection Set: 0.2ms
[84.120s][info][gc,phases   ] GC(85)   Merge Heap Roots: 0.1ms
[84.120s][info][gc,phases   ] GC(85)   Evacuate Collection Set: 3.6ms
[84.120s][info][gc,phases   ] GC(85)   Post Evacuate Collection Set: 0.2ms
[84.120s][info][gc,phases   ] GC(85)   Other: 0.3ms
[84.120s][info][gc,heap     ] GC(85) Eden regions: 41->0(40)
[84.120s][info][gc,heap     ] GC(85) Survivor regions: 5->5(6)
[84.120s][info][gc,heap     ] GC(85) Old regions: 60->61
[84.120s][info][gc,heap     ] GC(85) Archive regions: 2->2
[84.120s][info][gc,heap     ] GC(85) Humongous regions: 5->5
[84.120s][info][gc,metaspace] GC(85) Metaspace: 46635K(47824K)->46635K(47824K) NonClass: 40984K(41808K)->40984K(41808K) Class: 5651K(6016K)->5651K(6016K)
[84.120s][info][gc          ] GC(85) Pause Young (Concurrent Start) (G1 Evacuation Pause) 109M->69M(132M) 4.486ms
[84.121s][info][gc,cpu      ] GC(85) User=0.02s Sys=0.01s Real=0.00s
[84.121s][info][gc          ] GC(86) Concurrent Cycle
[84.121s][info][gc,marking  ] GC(86) Concurrent Clear Claimed Marks
[84.121s][info][gc,marking  ] GC(86) Concurrent Clear Claimed Marks 0.057ms
[84.121s][info][gc,marking  ] GC(86) Concurrent Scan Root Regions
[84.124s][info][gc,marking  ] GC(86) Concurrent Scan Root Regions 3.593ms
[84.124s][info][gc,marking  ] GC(86) Concurrent Mark (84.124s)
[84.124s][info][gc,marking  ] GC(86) Concurrent Mark From Roots
[84.124s][info][gc,task     ] GC(86) Using 2 workers of 2 for marking
[84.195s][info][gc,marking  ] GC(86) Concurrent Mark From Roots 70.848ms
[84.195s][info][gc,marking  ] GC(86) Concurrent Preclean
[84.195s][info][gc,marking  ] GC(86) Concurrent Preclean 0.086ms
[84.195s][info][gc,marking  ] GC(86) Concurrent Mark (84.124s, 84.195s) 71.000ms
[84.195s][info][gc,start    ] GC(86) Pause Remark
[84.197s][info][gc          ] GC(86) Pause Remark 79M->75M(132M) 1.756ms
[84.197s][info][gc,cpu      ] GC(86) User=0.01s Sys=0.00s Real=0.01s
[84.197s][info][gc,marking  ] GC(86) Concurrent Rebuild Remembered Sets
[84.250s][info][gc,marking  ] GC(86) Concurrent Rebuild Remembered Sets 52.659ms
[84.250s][info][gc,start    ] GC(86) Pause Cleanup
[84.250s][info][gc          ] GC(86) Pause Cleanup 82M->82M(132M) 0.112ms
[84.250s][info][gc,cpu      ] GC(86) User=0.00s Sys=0.00s Real=0.00s
[84.250s][info][gc,marking  ] GC(86) Concurrent Cleanup for Next Mark
[84.251s][info][gc,marking  ] GC(86) Concurrent Cleanup for Next Mark 0.231ms
[84.251s][info][gc          ] GC(86) Concurrent Cycle 130.005ms
[84.436s][info][gc,start    ] GC(87) Pause Young (Normal) (G1 Evacuation Pause)
[84.436s][info][gc,task     ] GC(87) Using 8 workers of 8 for evacuation
[84.441s][info][gc,phases   ] GC(87)   Pre Evacuate Collection Set: 0.1ms
[84.441s][info][gc,phases   ] GC(87)   Merge Heap Roots: 0.0ms
[84.441s][info][gc,phases   ] GC(87)   Evacuate Collection Set: 4.3ms
[84.441s][info][gc,phases   ] GC(87)   Post Evacuate Collection Set: 0.6ms
[84.441s][info][gc,phases   ] GC(87)   Other: 0.3ms
[84.441s][info][gc,heap     ] GC(87) Eden regions: 40->0(43)
[84.441s][info][gc,heap     ] GC(87) Survivor regions: 5->5(6)
[84.441s][info][gc,heap     ] GC(87) Old regions: 61->62
[84.441s][info][gc,heap     ] GC(87) Archive regions: 2->2
[84.441s][info][gc,heap     ] GC(87) Humongous regions: 1->1
[84.441s][info][gc,metaspace] GC(87) Metaspace: 46635K(47824K)->46635K(47824K) NonClass: 40984K(41808K)->40984K(41808K) Class: 5651K(6016K)->5651K(6016K)
[84.442s][info][gc          ] GC(87) Pause Young (Normal) (G1 Evacuation Pause) 105M->66M(132M) 5.425ms
[84.442s][info][gc,cpu      ] GC(87) User=0.02s Sys=0.01s Real=0.00s
[84.763s][info][gc,start    ] GC(88) Pause Young (Concurrent Start) (G1 Evacuation Pause)
[84.763s][info][gc,task     ] GC(88) Using 8 workers of 8 for evacuation
[84.768s][info][gc,phases   ] GC(88)   Pre Evacuate Collection Set: 0.1ms
[84.768s][info][gc,phases   ] GC(88)   Merge Heap Roots: 0.0ms
[84.768s][info][gc,phases   ] GC(88)   Evacuate Collection Set: 4.4ms
[84.768s][info][gc,phases   ] GC(88)   Post Evacuate Collection Set: 0.5ms
[84.768s][info][gc,phases   ] GC(88)   Other: 0.2ms
[84.768s][info][gc,heap     ] GC(88) Eden regions: 43->0(42)
[84.768s][info][gc,heap     ] GC(88) Survivor regions: 5->5(6)
[84.768s][info][gc,heap     ] GC(88) Old regions: 62->63
[84.768s][info][gc,heap     ] GC(88) Archive regions: 2->2
[84.768s][info][gc,heap     ] GC(88) Humongous regions: 1->1
[84.768s][info][gc,metaspace] GC(88) Metaspace: 46635K(47824K)->46635K(47824K) NonClass: 40984K(41808K)->40984K(41808K) Class: 5651K(6016K)->5651K(6016K)
[84.768s][info][gc          ] GC(88) Pause Young (Concurrent Start) (G1 Evacuation Pause) 109M->67M(132M) 5.456ms
[84.768s][info][gc,cpu      ] GC(88) User=0.03s Sys=0.01s Real=0.01s
[84.768s][info][gc          ] GC(89) Concurrent Cycle
[84.768s][info][gc,marking  ] GC(89) Concurrent Clear Claimed Marks
[84.768s][info][gc,marking  ] GC(89) Concurrent Clear Claimed Marks 0.056ms
[84.768s][info][gc,marking  ] GC(89) Concurrent Scan Root Regions
[84.773s][info][gc,marking  ] GC(89) Concurrent Scan Root Regions 4.484ms
[84.773s][info][gc,marking  ] GC(89) Concurrent Mark (84.773s)
[84.773s][info][gc,marking  ] GC(89) Concurrent Mark From Roots
[84.773s][info][gc,task     ] GC(89) Using 2 workers of 2 for marking
[84.852s][info][gc,marking  ] GC(89) Concurrent Mark From Roots 79.057ms
[84.852s][info][gc,marking  ] GC(89) Concurrent Preclean
[84.852s][info][gc,marking  ] GC(89) Concurrent Preclean 0.088ms
[84.852s][info][gc,marking  ] GC(89) Concurrent Mark (84.773s, 84.852s) 79.229ms
[84.853s][info][gc,start    ] GC(89) Pause Remark
[84.855s][info][gc          ] GC(89) Pause Remark 74M->74M(132M) 2.204ms
[84.855s][info][gc,cpu      ] GC(89) User=0.01s Sys=0.00s Real=0.00s
[84.855s][info][gc,marking  ] GC(89) Concurrent Rebuild Remembered Sets
[84.895s][info][gc,marking  ] GC(89) Concurrent Rebuild Remembered Sets 40.172ms
[84.895s][info][gc,start    ] GC(89) Pause Cleanup
[84.895s][info][gc          ] GC(89) Pause Cleanup 77M->77M(132M) 0.108ms
[84.895s][info][gc,cpu      ] GC(89) User=0.00s Sys=0.00s Real=0.00s
[84.895s][info][gc,marking  ] GC(89) Concurrent Cleanup for Next Mark
[84.896s][info][gc,marking  ] GC(89) Concurrent Cleanup for Next Mark 0.228ms
[84.896s][info][gc          ] GC(89) Concurrent Cycle 127.508ms
[85.115s][info][gc,start    ] GC(90) Pause Young (Normal) (G1 Evacuation Pause)
[85.115s][info][gc,task     ] GC(90) Using 8 workers of 8 for evacuation
[85.118s][info][gc,phases   ] GC(90)   Pre Evacuate Collection Set: 0.0ms
[85.118s][info][gc,phases   ] GC(90)   Merge Heap Roots: 0.0ms
[85.118s][info][gc,phases   ] GC(90)   Evacuate Collection Set: 3.4ms
[85.119s][info][gc,phases   ] GC(90)   Post Evacuate Collection Set: 0.2ms
[85.119s][info][gc,phases   ] GC(90)   Other: 0.2ms
[85.119s][info][gc,heap     ] GC(90) Eden regions: 42->0(41)
[85.119s][info][gc,heap     ] GC(90) Survivor regions: 5->5(6)
[85.119s][info][gc,heap     ] GC(90) Old regions: 63->64
[85.119s][info][gc,heap     ] GC(90) Archive regions: 2->2
[85.119s][info][gc,heap     ] GC(90) Humongous regions: 1->1
[85.119s][info][gc,metaspace] GC(90) Metaspace: 46635K(47824K)->46635K(47824K) NonClass: 40984K(41808K)->40984K(41808K) Class: 5651K(6016K)->5651K(6016K)
[85.119s][info][gc          ] GC(90) Pause Young (Normal) (G1 Evacuation Pause) 109M->68M(132M) 3.987ms
[85.119s][info][gc,cpu      ] GC(90) User=0.03s Sys=0.00s Real=0.01s
[85.381s][info][gc,start    ] GC(91) Pause Young (Concurrent Start) (G1 Evacuation Pause)
[85.381s][info][gc,task     ] GC(91) Using 8 workers of 8 for evacuation
[85.386s][info][gc,phases   ] GC(91)   Pre Evacuate Collection Set: 0.1ms
[85.386s][info][gc,phases   ] GC(91)   Merge Heap Roots: 0.0ms
[85.386s][info][gc,phases   ] GC(91)   Evacuate Collection Set: 3.8ms
[85.386s][info][gc,phases   ] GC(91)   Post Evacuate Collection Set: 0.3ms
[85.386s][info][gc,phases   ] GC(91)   Other: 0.3ms
[85.386s][info][gc,heap     ] GC(91) Eden regions: 41->0(40)
[85.386s][info][gc,heap     ] GC(91) Survivor regions: 5->5(6)
[85.386s][info][gc,heap     ] GC(91) Old regions: 64->65
[85.386s][info][gc,heap     ] GC(91) Archive regions: 2->2
[85.386s][info][gc,heap     ] GC(91) Humongous regions: 1->1
[85.386s][info][gc,metaspace] GC(91) Metaspace: 46635K(47824K)->46635K(47824K) NonClass: 40984K(41808K)->40984K(41808K) Class: 5651K(6016K)->5651K(6016K)
[85.386s][info][gc          ] GC(91) Pause Young (Concurrent Start) (G1 Evacuation Pause) 109M->70M(132M) 4.676ms
[85.386s][info][gc,cpu      ] GC(91) User=0.02s Sys=0.00s Real=0.01s
[85.386s][info][gc          ] GC(92) Concurrent Cycle
[85.386s][info][gc,marking  ] GC(92) Concurrent Clear Claimed Marks
[85.386s][info][gc,marking  ] GC(92) Concurrent Clear Claimed Marks 0.058ms
[85.386s][info][gc,marking  ] GC(92) Concurrent Scan Root Regions
[85.390s][info][gc,marking  ] GC(92) Concurrent Scan Root Regions 3.802ms
[85.390s][info][gc,marking  ] GC(92) Concurrent Mark (85.390s)
[85.390s][info][gc,marking  ] GC(92) Concurrent Mark From Roots
[85.390s][info][gc,task     ] GC(92) Using 2 workers of 2 for marking
[85.466s][info][gc,marking  ] GC(92) Concurrent Mark From Roots 75.962ms
[85.466s][info][gc,marking  ] GC(92) Concurrent Preclean
[85.466s][info][gc,marking  ] GC(92) Concurrent Preclean 0.064ms
[85.466s][info][gc,marking  ] GC(92) Concurrent Mark (85.390s, 85.466s) 76.082ms
[85.466s][info][gc,start    ] GC(92) Pause Remark
[85.468s][info][gc          ] GC(92) Pause Remark 79M->79M(139M) 2.329ms
[85.468s][info][gc,cpu      ] GC(92) User=0.01s Sys=0.00s Real=0.00s
[85.468s][info][gc,marking  ] GC(92) Concurrent Rebuild Remembered Sets
[85.520s][info][gc,marking  ] GC(92) Concurrent Rebuild Remembered Sets 51.571ms
[85.520s][info][gc,start    ] GC(92) Pause Cleanup
[85.520s][info][gc          ] GC(92) Pause Cleanup 85M->85M(139M) 0.104ms
[85.520s][info][gc,cpu      ] GC(92) User=0.00s Sys=0.00s Real=0.00s
[85.520s][info][gc,marking  ] GC(92) Concurrent Cleanup for Next Mark
[85.521s][info][gc,marking  ] GC(92) Concurrent Cleanup for Next Mark 0.304ms
[85.521s][info][gc          ] GC(92) Concurrent Cycle 134.849ms
[85.680s][info][gc,start    ] GC(93) Pause Young (Normal) (G1 Evacuation Pause)
[85.680s][info][gc,task     ] GC(93) Using 8 workers of 8 for evacuation
[85.684s][info][gc,phases   ] GC(93)   Pre Evacuate Collection Set: 0.0ms
[85.684s][info][gc,phases   ] GC(93)   Merge Heap Roots: 0.0ms
[85.684s][info][gc,phases   ] GC(93)   Evacuate Collection Set: 3.7ms
[85.685s][info][gc,phases   ] GC(93)   Post Evacuate Collection Set: 0.2ms
[85.685s][info][gc,phases   ] GC(93)   Other: 0.1ms
[85.685s][info][gc,heap     ] GC(93) Eden regions: 40->0(46)
[85.685s][info][gc,heap     ] GC(93) Survivor regions: 5->5(6)
[85.685s][info][gc,heap     ] GC(93) Old regions: 65->66
[85.685s][info][gc,heap     ] GC(93) Archive regions: 2->2
[85.685s][info][gc,heap     ] GC(93) Humongous regions: 1->1
[85.685s][info][gc,metaspace] GC(93) Metaspace: 46635K(47824K)->46635K(47824K) NonClass: 40984K(41808K)->40984K(41808K) Class: 5651K(6016K)->5651K(6016K)
[85.685s][info][gc          ] GC(93) Pause Young (Normal) (G1 Evacuation Pause) 110M->71M(139M) 4.204ms
[85.685s][info][gc,cpu      ] GC(93) User=0.03s Sys=0.00s Real=0.00s
[85.999s][info][gc,start    ] GC(94) Pause Young (Concurrent Start) (G1 Evacuation Pause)
[85.999s][info][gc,task     ] GC(94) Using 8 workers of 8 for evacuation
[86.004s][info][gc,phases   ] GC(94)   Pre Evacuate Collection Set: 0.1ms
[86.004s][info][gc,phases   ] GC(94)   Merge Heap Roots: 0.0ms
[86.004s][info][gc,phases   ] GC(94)   Evacuate Collection Set: 3.6ms
[86.004s][info][gc,phases   ] GC(94)   Post Evacuate Collection Set: 0.4ms
[86.004s][info][gc,phases   ] GC(94)   Other: 0.3ms
[86.004s][info][gc,heap     ] GC(94) Eden regions: 46->0(45)
[86.004s][info][gc,heap     ] GC(94) Survivor regions: 5->5(7)
[86.004s][info][gc,heap     ] GC(94) Old regions: 66->67
[86.004s][info][gc,heap     ] GC(94) Archive regions: 2->2
[86.004s][info][gc,heap     ] GC(94) Humongous regions: 1->1
[86.004s][info][gc,metaspace] GC(94) Metaspace: 46636K(47824K)->46636K(47824K) NonClass: 40985K(41808K)->40985K(41808K) Class: 5651K(6016K)->5651K(6016K)
[86.004s][info][gc          ] GC(94) Pause Young (Concurrent Start) (G1 Evacuation Pause) 117M->72M(139M) 4.677ms
[86.004s][info][gc,cpu      ] GC(94) User=0.02s Sys=0.00s Real=0.00s
[86.004s][info][gc          ] GC(95) Concurrent Cycle
[86.004s][info][gc,marking  ] GC(95) Concurrent Clear Claimed Marks
[86.004s][info][gc,marking  ] GC(95) Concurrent Clear Claimed Marks 0.089ms
[86.004s][info][gc,marking  ] GC(95) Concurrent Scan Root Regions
[86.008s][info][gc,marking  ] GC(95) Concurrent Scan Root Regions 3.680ms
[86.008s][info][gc,marking  ] GC(95) Concurrent Mark (86.008s)
[86.008s][info][gc,marking  ] GC(95) Concurrent Mark From Roots
[86.008s][info][gc,task     ] GC(95) Using 2 workers of 2 for marking
[86.094s][info][gc,marking  ] GC(95) Concurrent Mark From Roots 86.510ms
[86.094s][info][gc,marking  ] GC(95) Concurrent Preclean
[86.094s][info][gc,marking  ] GC(95) Concurrent Preclean 0.101ms
[86.094s][info][gc,marking  ] GC(95) Concurrent Mark (86.008s, 86.094s) 86.692ms
[86.095s][info][gc,start    ] GC(95) Pause Remark
[86.097s][info][gc          ] GC(95) Pause Remark 84M->84M(145M) 2.033ms
[86.097s][info][gc,cpu      ] GC(95) User=0.02s Sys=0.00s Real=0.01s
[86.097s][info][gc,marking  ] GC(95) Concurrent Rebuild Remembered Sets
[86.154s][info][gc,marking  ] GC(95) Concurrent Rebuild Remembered Sets 57.345ms
[86.154s][info][gc,start    ] GC(95) Pause Cleanup
[86.155s][info][gc          ] GC(95) Pause Cleanup 91M->91M(145M) 0.137ms
[86.155s][info][gc,cpu      ] GC(95) User=0.00s Sys=0.00s Real=0.00s
[86.155s][info][gc,marking  ] GC(95) Concurrent Cleanup for Next Mark
[86.155s][info][gc,marking  ] GC(95) Concurrent Cleanup for Next Mark 0.340ms
[86.155s][info][gc          ] GC(95) Concurrent Cycle 151.053ms
[86.313s][info][gc,start    ] GC(96) Pause Young (Normal) (G1 Evacuation Pause)
[86.313s][info][gc,task     ] GC(96) Using 8 workers of 8 for evacuation
[86.318s][info][gc,phases   ] GC(96)   Pre Evacuate Collection Set: 0.0ms
[86.318s][info][gc,phases   ] GC(96)   Merge Heap Roots: 0.0ms
[86.318s][info][gc,phases   ] GC(96)   Evacuate Collection Set: 4.5ms
[86.318s][info][gc,phases   ] GC(96)   Post Evacuate Collection Set: 0.4ms
[86.318s][info][gc,phases   ] GC(96)   Other: 0.2ms
[86.318s][info][gc,heap     ] GC(96) Eden regions: 44->0(49)
[86.318s][info][gc,heap     ] GC(96) Survivor regions: 5->5(7)
[86.318s][info][gc,heap     ] GC(96) Old regions: 67->68
[86.318s][info][gc,heap     ] GC(96) Archive regions: 2->2
[86.318s][info][gc,heap     ] GC(96) Humongous regions: 1->1
[86.318s][info][gc,metaspace] GC(96) Metaspace: 46636K(47824K)->46636K(47824K) NonClass: 40985K(41808K)->40985K(41808K) Class: 5651K(6016K)->5651K(6016K)
[86.318s][info][gc          ] GC(96) Pause Young (Normal) (G1 Evacuation Pause) 116M->73M(145M) 5.266ms
[86.318s][info][gc,cpu      ] GC(96) User=0.03s Sys=0.00s Real=0.01s
[86.652s][info][gc,start    ] GC(97) Pause Young (Concurrent Start) (G1 Evacuation Pause)
[86.652s][info][gc,task     ] GC(97) Using 8 workers of 8 for evacuation
[86.656s][info][gc,phases   ] GC(97)   Pre Evacuate Collection Set: 0.1ms
[86.656s][info][gc,phases   ] GC(97)   Merge Heap Roots: 0.0ms
[86.656s][info][gc,phases   ] GC(97)   Evacuate Collection Set: 3.4ms
[86.656s][info][gc,phases   ] GC(97)   Post Evacuate Collection Set: 0.3ms
[86.656s][info][gc,phases   ] GC(97)   Other: 0.2ms
[86.656s][info][gc,heap     ] GC(97) Eden regions: 49->0(48)
[86.656s][info][gc,heap     ] GC(97) Survivor regions: 5->5(7)
[86.656s][info][gc,heap     ] GC(97) Old regions: 68->69
[86.656s][info][gc,heap     ] GC(97) Archive regions: 2->2
[86.656s][info][gc,heap     ] GC(97) Humongous regions: 1->1
[86.656s][info][gc,metaspace] GC(97) Metaspace: 46636K(47824K)->46636K(47824K) NonClass: 40985K(41808K)->40985K(41808K) Class: 5651K(6016K)->5651K(6016K)
[86.656s][info][gc          ] GC(97) Pause Young (Concurrent Start) (G1 Evacuation Pause) 122M->74M(145M) 4.164ms
[86.656s][info][gc,cpu      ] GC(97) User=0.03s Sys=0.01s Real=0.01s
[86.656s][info][gc          ] GC(98) Concurrent Cycle
[86.656s][info][gc,marking  ] GC(98) Concurrent Clear Claimed Marks
[86.656s][info][gc,marking  ] GC(98) Concurrent Clear Claimed Marks 0.108ms
[86.656s][info][gc,marking  ] GC(98) Concurrent Scan Root Regions
[86.660s][info][gc,marking  ] GC(98) Concurrent Scan Root Regions 3.950ms
[86.660s][info][gc,marking  ] GC(98) Concurrent Mark (86.660s)
[86.660s][info][gc,marking  ] GC(98) Concurrent Mark From Roots
[86.660s][info][gc,task     ] GC(98) Using 2 workers of 2 for marking
[86.753s][info][gc,marking  ] GC(98) Concurrent Mark From Roots 93.348ms
[86.753s][info][gc,marking  ] GC(98) Concurrent Preclean
[86.753s][info][gc,marking  ] GC(98) Concurrent Preclean 0.079ms
[86.753s][info][gc,marking  ] GC(98) Concurrent Mark (86.660s, 86.753s) 93.496ms
[86.754s][info][gc,start    ] GC(98) Pause Remark
[86.756s][info][gc          ] GC(98) Pause Remark 85M->85M(147M) 2.003ms
[86.756s][info][gc,cpu      ] GC(98) User=0.01s Sys=0.00s Real=0.01s
[86.756s][info][gc,marking  ] GC(98) Concurrent Rebuild Remembered Sets
[86.837s][info][gc,marking  ] GC(98) Concurrent Rebuild Remembered Sets 81.484ms
[86.838s][info][gc,start    ] GC(98) Pause Cleanup
[86.838s][info][gc          ] GC(98) Pause Cleanup 94M->94M(147M) 0.138ms
[86.838s][info][gc,cpu      ] GC(98) User=0.00s Sys=0.00s Real=0.00s
[86.838s][info][gc,marking  ] GC(98) Concurrent Cleanup for Next Mark
[86.838s][info][gc,marking  ] GC(98) Concurrent Cleanup for Next Mark 0.333ms
[86.838s][info][gc          ] GC(98) Concurrent Cycle 182.361ms
[87.039s][info][gc,start    ] GC(99) Pause Young (Normal) (G1 Evacuation Pause)
[87.039s][info][gc,task     ] GC(99) Using 8 workers of 8 for evacuation
[87.044s][info][gc,phases   ] GC(99)   Pre Evacuate Collection Set: 0.1ms
[87.044s][info][gc,phases   ] GC(99)   Merge Heap Roots: 0.1ms
[87.044s][info][gc,phases   ] GC(99)   Evacuate Collection Set: 4.2ms
[87.044s][info][gc,phases   ] GC(99)   Post Evacuate Collection Set: 0.3ms
[87.044s][info][gc,phases   ] GC(99)   Other: 0.3ms
[87.044s][info][gc,heap     ] GC(99) Eden regions: 48->0(49)
[87.044s][info][gc,heap     ] GC(99) Survivor regions: 5->5(7)
[87.044s][info][gc,heap     ] GC(99) Old regions: 69->70
[87.044s][info][gc,heap     ] GC(99) Archive regions: 2->2
[87.044s][info][gc,heap     ] GC(99) Humongous regions: 1->1
[87.044s][info][gc,metaspace] GC(99) Metaspace: 46637K(47824K)->46637K(47824K) NonClass: 40986K(41808K)->40986K(41808K) Class: 5651K(6016K)->5651K(6016K)
[87.044s][info][gc          ] GC(99) Pause Young (Normal) (G1 Evacuation Pause) 122M->75M(147M) 5.024ms
[87.044s][info][gc,cpu      ] GC(99) User=0.03s Sys=0.00s Real=0.00s
[87.325s][info][gc,start    ] GC(100) Pause Young (Concurrent Start) (G1 Evacuation Pause)
[87.325s][info][gc,task     ] GC(100) Using 8 workers of 8 for evacuation
[87.330s][info][gc,phases   ] GC(100)   Pre Evacuate Collection Set: 0.1ms
[87.330s][info][gc,phases   ] GC(100)   Merge Heap Roots: 0.0ms
[87.330s][info][gc,phases   ] GC(100)   Evacuate Collection Set: 4.5ms
[87.330s][info][gc,phases   ] GC(100)   Post Evacuate Collection Set: 0.2ms
[87.330s][info][gc,phases   ] GC(100)   Other: 0.2ms
[87.330s][info][gc,heap     ] GC(100) Eden regions: 49->0(48)
[87.330s][info][gc,heap     ] GC(100) Survivor regions: 5->5(7)
[87.330s][info][gc,heap     ] GC(100) Old regions: 70->71
[87.330s][info][gc,heap     ] GC(100) Archive regions: 2->2
[87.330s][info][gc,heap     ] GC(100) Humongous regions: 1->1
[87.330s][info][gc,metaspace] GC(100) Metaspace: 46637K(47824K)->46637K(47824K) NonClass: 40986K(41808K)->40986K(41808K) Class: 5651K(6016K)->5651K(6016K)
[87.330s][info][gc          ] GC(100) Pause Young (Concurrent Start) (G1 Evacuation Pause) 124M->76M(147M) 5.100ms
[87.330s][info][gc,cpu      ] GC(100) User=0.03s Sys=0.00s Real=0.01s
[87.330s][info][gc          ] GC(101) Concurrent Cycle
[87.330s][info][gc,marking  ] GC(101) Concurrent Clear Claimed Marks
[87.331s][info][gc,marking  ] GC(101) Concurrent Clear Claimed Marks 0.056ms
[87.331s][info][gc,marking  ] GC(101) Concurrent Scan Root Regions
[87.334s][info][gc,marking  ] GC(101) Concurrent Scan Root Regions 3.534ms
[87.334s][info][gc,marking  ] GC(101) Concurrent Mark (87.334s)
[87.334s][info][gc,marking  ] GC(101) Concurrent Mark From Roots
[87.334s][info][gc,task     ] GC(101) Using 2 workers of 2 for marking
[87.417s][info][gc,marking  ] GC(101) Concurrent Mark From Roots 82.973ms
[87.417s][info][gc,marking  ] GC(101) Concurrent Preclean
[87.417s][info][gc,marking  ] GC(101) Concurrent Preclean 0.089ms
[87.417s][info][gc,marking  ] GC(101) Concurrent Mark (87.334s, 87.417s) 83.181ms
[87.417s][info][gc,start    ] GC(101) Pause Remark
[87.419s][info][gc          ] GC(101) Pause Remark 84M->84M(147M) 1.944ms
[87.419s][info][gc,cpu      ] GC(101) User=0.02s Sys=0.00s Real=0.00s
[87.419s][info][gc,marking  ] GC(101) Concurrent Rebuild Remembered Sets
[87.468s][info][gc,marking  ] GC(101) Concurrent Rebuild Remembered Sets 48.300ms
[87.468s][info][gc,start    ] GC(101) Pause Cleanup
[87.468s][info][gc          ] GC(101) Pause Cleanup 90M->90M(147M) 0.109ms
[87.468s][info][gc,cpu      ] GC(101) User=0.00s Sys=0.00s Real=0.00s
[87.469s][info][gc,marking  ] GC(101) Concurrent Cleanup for Next Mark
[87.469s][info][gc,marking  ] GC(101) Concurrent Cleanup for Next Mark 0.366ms
[87.469s][info][gc          ] GC(101) Concurrent Cycle 138.869ms
[87.716s][info][gc,start    ] GC(102) Pause Young (Normal) (G1 Evacuation Pause)
[87.716s][info][gc,task     ] GC(102) Using 8 workers of 8 for evacuation
[87.720s][info][gc,phases   ] GC(102)   Pre Evacuate Collection Set: 0.1ms
[87.720s][info][gc,phases   ] GC(102)   Merge Heap Roots: 0.0ms
[87.720s][info][gc,phases   ] GC(102)   Evacuate Collection Set: 3.7ms
[87.720s][info][gc,phases   ] GC(102)   Post Evacuate Collection Set: 0.3ms
[87.720s][info][gc,phases   ] GC(102)   Other: 0.2ms
[87.720s][info][gc,heap     ] GC(102) Eden regions: 48->0(48)
[87.720s][info][gc,heap     ] GC(102) Survivor regions: 5->4(7)
[87.720s][info][gc,heap     ] GC(102) Old regions: 71->73
[87.720s][info][gc,heap     ] GC(102) Archive regions: 2->2
[87.720s][info][gc,heap     ] GC(102) Humongous regions: 1->1
[87.720s][info][gc,metaspace] GC(102) Metaspace: 46637K(47824K)->46637K(47824K) NonClass: 40986K(41808K)->40986K(41808K) Class: 5651K(6016K)->5651K(6016K)
[87.720s][info][gc          ] GC(102) Pause Young (Normal) (G1 Evacuation Pause) 124M->78M(147M) 4.351ms
[87.720s][info][gc,cpu      ] GC(102) User=0.03s Sys=0.00s Real=0.00s
[87.963s][info][gc,start    ] GC(103) Pause Young (Concurrent Start) (G1 Humongous Allocation)
[87.964s][info][gc,task     ] GC(103) Using 8 workers of 8 for evacuation
[87.967s][info][gc,phases   ] GC(103)   Pre Evacuate Collection Set: 0.1ms
[87.967s][info][gc,phases   ] GC(103)   Merge Heap Roots: 0.0ms
[87.967s][info][gc,phases   ] GC(103)   Evacuate Collection Set: 2.7ms
[87.967s][info][gc,phases   ] GC(103)   Post Evacuate Collection Set: 0.2ms
[87.967s][info][gc,phases   ] GC(103)   Other: 0.2ms
[87.967s][info][gc,heap     ] GC(103) Eden regions: 32->0(46)
[87.967s][info][gc,heap     ] GC(103) Survivor regions: 4->5(7)
[87.967s][info][gc,heap     ] GC(103) Old regions: 73->73
[87.967s][info][gc,heap     ] GC(103) Archive regions: 2->2
[87.967s][info][gc,heap     ] GC(103) Humongous regions: 1->1
[87.967s][info][gc,metaspace] GC(103) Metaspace: 46638K(47824K)->46638K(47824K) NonClass: 40986K(41808K)->40986K(41808K) Class: 5651K(6016K)->5651K(6016K)
[87.967s][info][gc          ] GC(103) Pause Young (Concurrent Start) (G1 Humongous Allocation) 109M->78M(147M) 3.291ms
[87.967s][info][gc,cpu      ] GC(103) User=0.02s Sys=0.00s Real=0.01s
[87.967s][info][gc          ] GC(104) Concurrent Cycle
[87.967s][info][gc,marking  ] GC(104) Concurrent Clear Claimed Marks
[87.967s][info][gc,marking  ] GC(104) Concurrent Clear Claimed Marks 0.069ms
[87.967s][info][gc,marking  ] GC(104) Concurrent Scan Root Regions
[87.971s][info][gc,marking  ] GC(104) Concurrent Scan Root Regions 3.756ms
[87.971s][info][gc,marking  ] GC(104) Concurrent Mark (87.971s)
[87.971s][info][gc,marking  ] GC(104) Concurrent Mark From Roots
[87.971s][info][gc,task     ] GC(104) Using 2 workers of 2 for marking
[88.070s][info][gc,marking  ] GC(104) Concurrent Mark From Roots 99.252ms
[88.070s][info][gc,marking  ] GC(104) Concurrent Preclean
[88.070s][info][gc,marking  ] GC(104) Concurrent Preclean 0.105ms
[88.070s][info][gc,marking  ] GC(104) Concurrent Mark (87.971s, 88.070s) 99.454ms
[88.070s][info][gc,start    ] GC(104) Pause Remark
[88.073s][info][gc          ] GC(104) Pause Remark 94M->94M(162M) 2.485ms
[88.073s][info][gc,cpu      ] GC(104) User=0.01s Sys=0.00s Real=0.00s
[88.073s][info][gc,marking  ] GC(104) Concurrent Rebuild Remembered Sets
[88.135s][info][gc,marking  ] GC(104) Concurrent Rebuild Remembered Sets 62.012ms
[88.135s][info][gc,start    ] GC(104) Pause Cleanup
[88.135s][info][gc          ] GC(104) Pause Cleanup 103M->103M(162M) 0.112ms
[88.135s][info][gc,cpu      ] GC(104) User=0.00s Sys=0.00s Real=0.00s
[88.136s][info][gc,marking  ] GC(104) Concurrent Cleanup for Next Mark
[88.136s][info][gc,marking  ] GC(104) Concurrent Cleanup for Next Mark 0.390ms
[88.136s][info][gc          ] GC(104) Concurrent Cycle 169.088ms
[88.289s][info][gc,start    ] GC(105) Pause Young (Normal) (G1 Evacuation Pause)
[88.289s][info][gc,task     ] GC(105) Using 8 workers of 8 for evacuation
[88.294s][info][gc,phases   ] GC(105)   Pre Evacuate Collection Set: 0.0ms
[88.294s][info][gc,phases   ] GC(105)   Merge Heap Roots: 0.1ms
[88.294s][info][gc,phases   ] GC(105)   Evacuate Collection Set: 5.1ms
[88.294s][info][gc,phases   ] GC(105)   Post Evacuate Collection Set: 0.3ms
[88.294s][info][gc,phases   ] GC(105)   Other: 0.2ms
[88.294s][info][gc,heap     ] GC(105) Eden regions: 44->0(54)
[88.294s][info][gc,heap     ] GC(105) Survivor regions: 5->5(7)
[88.294s][info][gc,heap     ] GC(105) Old regions: 73->74
[88.294s][info][gc,heap     ] GC(105) Archive regions: 2->2
[88.294s][info][gc,heap     ] GC(105) Humongous regions: 5->5
[88.294s][info][gc,metaspace] GC(105) Metaspace: 46638K(47824K)->46638K(47824K) NonClass: 40986K(41808K)->40986K(41808K) Class: 5651K(6016K)->5651K(6016K)
[88.295s][info][gc          ] GC(105) Pause Young (Normal) (G1 Evacuation Pause) 126M->83M(162M) 5.749ms
[88.295s][info][gc,cpu      ] GC(105) User=0.03s Sys=0.00s Real=0.00s
[88.648s][info][gc,start    ] GC(106) Pause Young (Concurrent Start) (G1 Evacuation Pause)
[88.648s][info][gc,task     ] GC(106) Using 8 workers of 8 for evacuation
[88.653s][info][gc,phases   ] GC(106)   Pre Evacuate Collection Set: 0.1ms
[88.653s][info][gc,phases   ] GC(106)   Merge Heap Roots: 0.0ms
[88.653s][info][gc,phases   ] GC(106)   Evacuate Collection Set: 4.5ms
[88.653s][info][gc,phases   ] GC(106)   Post Evacuate Collection Set: 0.3ms
[88.653s][info][gc,phases   ] GC(106)   Other: 0.2ms
[88.653s][info][gc,heap     ] GC(106) Eden regions: 54->0(52)
[88.653s][info][gc,heap     ] GC(106) Survivor regions: 5->5(8)
[88.653s][info][gc,heap     ] GC(106) Old regions: 74->76
[88.653s][info][gc,heap     ] GC(106) Archive regions: 2->2
[88.653s][info][gc,heap     ] GC(106) Humongous regions: 5->5
[88.653s][info][gc,metaspace] GC(106) Metaspace: 46639K(47824K)->46639K(47824K) NonClass: 40988K(41808K)->40988K(41808K) Class: 5651K(6016K)->5651K(6016K)
[88.653s][info][gc          ] GC(106) Pause Young (Concurrent Start) (G1 Evacuation Pause) 137M->85M(162M) 5.141ms
[88.653s][info][gc,cpu      ] GC(106) User=0.03s Sys=0.00s Real=0.00s
[88.653s][info][gc          ] GC(107) Concurrent Cycle
[88.653s][info][gc,marking  ] GC(107) Concurrent Clear Claimed Marks
[88.653s][info][gc,marking  ] GC(107) Concurrent Clear Claimed Marks 0.068ms
[88.653s][info][gc,marking  ] GC(107) Concurrent Scan Root Regions
[88.657s][info][gc,marking  ] GC(107) Concurrent Scan Root Regions 4.263ms
[88.657s][info][gc,marking  ] GC(107) Concurrent Mark (88.657s)
[88.657s][info][gc,marking  ] GC(107) Concurrent Mark From Roots
[88.657s][info][gc,task     ] GC(107) Using 2 workers of 2 for marking
[88.761s][info][gc,marking  ] GC(107) Concurrent Mark From Roots 103.636ms
[88.761s][info][gc,marking  ] GC(107) Concurrent Preclean
[88.761s][info][gc,marking  ] GC(107) Concurrent Preclean 0.125ms
[88.761s][info][gc,marking  ] GC(107) Concurrent Mark (88.657s, 88.761s) 103.851ms
[88.762s][info][gc,start    ] GC(107) Pause Remark
[88.764s][info][gc          ] GC(107) Pause Remark 96M->93M(162M) 2.519ms
[88.764s][info][gc,cpu      ] GC(107) User=0.01s Sys=0.01s Real=0.00s
[88.764s][info][gc,marking  ] GC(107) Concurrent Rebuild Remembered Sets
[88.826s][info][gc,marking  ] GC(107) Concurrent Rebuild Remembered Sets 61.909ms
[88.830s][info][gc,start    ] GC(107) Pause Cleanup
[88.830s][info][gc          ] GC(107) Pause Cleanup 98M->98M(162M) 0.238ms
[88.830s][info][gc,cpu      ] GC(107) User=0.00s Sys=0.00s Real=0.00s
[88.830s][info][gc,marking  ] GC(107) Concurrent Cleanup for Next Mark
[88.831s][info][gc,marking  ] GC(107) Concurrent Cleanup for Next Mark 0.602ms
[88.831s][info][gc          ] GC(107) Concurrent Cycle 178.167ms
[89.069s][info][gc,start    ] GC(108) Pause Young (Normal) (G1 Evacuation Pause)
[89.069s][info][gc,task     ] GC(108) Using 8 workers of 8 for evacuation
[89.074s][info][gc,phases   ] GC(108)   Pre Evacuate Collection Set: 0.1ms
[89.074s][info][gc,phases   ] GC(108)   Merge Heap Roots: 0.1ms
[89.074s][info][gc,phases   ] GC(108)   Evacuate Collection Set: 4.3ms
[89.074s][info][gc,phases   ] GC(108)   Post Evacuate Collection Set: 0.4ms
[89.074s][info][gc,phases   ] GC(108)   Other: 0.2ms
[89.074s][info][gc,heap     ] GC(108) Eden regions: 52->0(54)
[89.074s][info][gc,heap     ] GC(108) Survivor regions: 5->5(8)
[89.074s][info][gc,heap     ] GC(108) Old regions: 76->77
[89.074s][info][gc,heap     ] GC(108) Archive regions: 2->2
[89.074s][info][gc,heap     ] GC(108) Humongous regions: 2->2
[89.074s][info][gc,metaspace] GC(108) Metaspace: 46643K(47824K)->46643K(47824K) NonClass: 40991K(41808K)->40991K(41808K) Class: 5652K(6016K)->5652K(6016K)
[89.074s][info][gc          ] GC(108) Pause Young (Normal) (G1 Evacuation Pause) 134M->83M(162M) 5.155ms
[89.074s][info][gc,cpu      ] GC(108) User=0.03s Sys=0.00s Real=0.00s
[89.460s][info][gc,start    ] GC(109) Pause Young (Concurrent Start) (G1 Evacuation Pause)
[89.460s][info][gc,task     ] GC(109) Using 8 workers of 8 for evacuation
[89.465s][info][gc,phases   ] GC(109)   Pre Evacuate Collection Set: 0.1ms
[89.465s][info][gc,phases   ] GC(109)   Merge Heap Roots: 0.0ms
[89.465s][info][gc,phases   ] GC(109)   Evacuate Collection Set: 4.5ms
[89.465s][info][gc,phases   ] GC(109)   Post Evacuate Collection Set: 0.4ms
[89.465s][info][gc,phases   ] GC(109)   Other: 0.2ms
[89.465s][info][gc,heap     ] GC(109) Eden regions: 54->0(51)
[89.465s][info][gc,heap     ] GC(109) Survivor regions: 5->6(8)
[89.465s][info][gc,heap     ] GC(109) Old regions: 77->78
[89.465s][info][gc,heap     ] GC(109) Archive regions: 2->2
[89.465s][info][gc,heap     ] GC(109) Humongous regions: 2->2
[89.465s][info][gc,metaspace] GC(109) Metaspace: 46643K(47824K)->46643K(47824K) NonClass: 40991K(41808K)->40991K(41808K) Class: 5652K(6016K)->5652K(6016K)
[89.465s][info][gc          ] GC(109) Pause Young (Concurrent Start) (G1 Evacuation Pause) 137M->84M(162M) 5.257ms
[89.465s][info][gc,cpu      ] GC(109) User=0.03s Sys=0.00s Real=0.00s
[89.465s][info][gc          ] GC(110) Concurrent Cycle
[89.465s][info][gc,marking  ] GC(110) Concurrent Clear Claimed Marks
[89.465s][info][gc,marking  ] GC(110) Concurrent Clear Claimed Marks 0.065ms
[89.466s][info][gc,marking  ] GC(110) Concurrent Scan Root Regions
[89.470s][info][gc,marking  ] GC(110) Concurrent Scan Root Regions 4.529ms
[89.470s][info][gc,marking  ] GC(110) Concurrent Mark (89.470s)
[89.470s][info][gc,marking  ] GC(110) Concurrent Mark From Roots
[89.470s][info][gc,task     ] GC(110) Using 2 workers of 2 for marking
[89.577s][info][gc,marking  ] GC(110) Concurrent Mark From Roots 107.276ms
[89.577s][info][gc,marking  ] GC(110) Concurrent Preclean
[89.578s][info][gc,marking  ] GC(110) Concurrent Preclean 0.086ms
[89.578s][info][gc,marking  ] GC(110) Concurrent Mark (89.470s, 89.578s) 107.433ms
[89.578s][info][gc,start    ] GC(110) Pause Remark
[89.580s][info][gc          ] GC(110) Pause Remark 91M->91M(162M) 2.323ms
[89.580s][info][gc,cpu      ] GC(110) User=0.01s Sys=0.00s Real=0.00s
[89.580s][info][gc,marking  ] GC(110) Concurrent Rebuild Remembered Sets
[89.633s][info][gc,marking  ] GC(110) Concurrent Rebuild Remembered Sets 52.470ms
[89.633s][info][gc,start    ] GC(110) Pause Cleanup
[89.633s][info][gc          ] GC(110) Pause Cleanup 96M->96M(162M) 0.116ms
[89.633s][info][gc,cpu      ] GC(110) User=0.00s Sys=0.00s Real=0.00s
[89.633s][info][gc,marking  ] GC(110) Concurrent Cleanup for Next Mark
[89.633s][info][gc,marking  ] GC(110) Concurrent Cleanup for Next Mark 0.282ms
[89.633s][info][gc          ] GC(110) Concurrent Cycle 167.829ms
[89.941s][info][gc,start    ] GC(111) Pause Young (Normal) (G1 Evacuation Pause)
[89.941s][info][gc,task     ] GC(111) Using 8 workers of 8 for evacuation
[89.946s][info][gc,phases   ] GC(111)   Pre Evacuate Collection Set: 0.1ms
[89.946s][info][gc,phases   ] GC(111)   Merge Heap Roots: 0.0ms
[89.946s][info][gc,phases   ] GC(111)   Evacuate Collection Set: 4.2ms
[89.946s][info][gc,phases   ] GC(111)   Post Evacuate Collection Set: 0.3ms
[89.946s][info][gc,phases   ] GC(111)   Other: 0.2ms
[89.946s][info][gc,heap     ] GC(111) Eden regions: 51->0(50)
[89.946s][info][gc,heap     ] GC(111) Survivor regions: 6->6(8)
[89.946s][info][gc,heap     ] GC(111) Old regions: 78->79
[89.946s][info][gc,heap     ] GC(111) Archive regions: 2->2
[89.946s][info][gc,heap     ] GC(111) Humongous regions: 2->2
[89.946s][info][gc,metaspace] GC(111) Metaspace: 46643K(47824K)->46643K(47824K) NonClass: 40991K(41808K)->40991K(41808K) Class: 5652K(6016K)->5652K(6016K)
[89.946s][info][gc          ] GC(111) Pause Young (Normal) (G1 Evacuation Pause) 135M->86M(162M) 4.840ms
[89.946s][info][gc,cpu      ] GC(111) User=0.03s Sys=0.00s Real=0.01s
[90.287s][info][gc,start    ] GC(112) Pause Young (Concurrent Start) (G1 Evacuation Pause)
[90.287s][info][gc,task     ] GC(112) Using 8 workers of 8 for evacuation
[90.292s][info][gc,phases   ] GC(112)   Pre Evacuate Collection Set: 0.1ms
[90.292s][info][gc,phases   ] GC(112)   Merge Heap Roots: 0.1ms
[90.292s][info][gc,phases   ] GC(112)   Evacuate Collection Set: 4.1ms
[90.292s][info][gc,phases   ] GC(112)   Post Evacuate Collection Set: 0.3ms
[90.292s][info][gc,phases   ] GC(112)   Other: 0.3ms
[90.292s][info][gc,heap     ] GC(112) Eden regions: 50->0(50)
[90.292s][info][gc,heap     ] GC(112) Survivor regions: 6->5(7)
[90.292s][info][gc,heap     ] GC(112) Old regions: 79->81
[90.292s][info][gc,heap     ] GC(112) Archive regions: 2->2
[90.292s][info][gc,heap     ] GC(112) Humongous regions: 2->2
[90.292s][info][gc,metaspace] GC(112) Metaspace: 46643K(47824K)->46643K(47824K) NonClass: 40991K(41808K)->40991K(41808K) Class: 5652K(6016K)->5652K(6016K)
[90.292s][info][gc          ] GC(112) Pause Young (Concurrent Start) (G1 Evacuation Pause) 136M->87M(162M) 4.998ms
[90.292s][info][gc,cpu      ] GC(112) User=0.03s Sys=0.00s Real=0.00s
[90.292s][info][gc          ] GC(113) Concurrent Cycle
[90.292s][info][gc,marking  ] GC(113) Concurrent Clear Claimed Marks
[90.292s][info][gc,marking  ] GC(113) Concurrent Clear Claimed Marks 0.056ms
[90.292s][info][gc,marking  ] GC(113) Concurrent Scan Root Regions
[90.296s][info][gc,marking  ] GC(113) Concurrent Scan Root Regions 4.393ms
[90.297s][info][gc,marking  ] GC(113) Concurrent Mark (90.297s)
[90.297s][info][gc,marking  ] GC(113) Concurrent Mark From Roots
[90.297s][info][gc,task     ] GC(113) Using 2 workers of 2 for marking
[90.390s][info][gc,marking  ] GC(113) Concurrent Mark From Roots 93.693ms
[90.390s][info][gc,marking  ] GC(113) Concurrent Preclean
[90.390s][info][gc,marking  ] GC(113) Concurrent Preclean 0.076ms
[90.390s][info][gc,marking  ] GC(113) Concurrent Mark (90.297s, 90.390s) 93.833ms
[90.390s][info][gc,start    ] GC(113) Pause Remark
[90.392s][info][gc          ] GC(113) Pause Remark 100M->100M(174M) 1.881ms
[90.392s][info][gc,cpu      ] GC(113) User=0.02s Sys=0.00s Real=0.00s
[90.392s][info][gc,marking  ] GC(113) Concurrent Rebuild Remembered Sets
[90.483s][info][gc,marking  ] GC(113) Concurrent Rebuild Remembered Sets 90.764ms
[90.483s][info][gc,start    ] GC(113) Pause Cleanup
[90.484s][info][gc          ] GC(113) Pause Cleanup 110M->110M(174M) 0.105ms
[90.484s][info][gc,cpu      ] GC(113) User=0.00s Sys=0.00s Real=0.00s
[90.484s][info][gc,marking  ] GC(113) Concurrent Cleanup for Next Mark
[90.484s][info][gc,marking  ] GC(113) Concurrent Cleanup for Next Mark 0.323ms
[90.484s][info][gc          ] GC(113) Concurrent Cycle 191.955ms
[90.664s][info][gc,start    ] GC(114) Pause Young (Normal) (G1 Evacuation Pause)
[90.664s][info][gc,task     ] GC(114) Using 8 workers of 8 for evacuation
[90.669s][info][gc,phases   ] GC(114)   Pre Evacuate Collection Set: 0.1ms
[90.669s][info][gc,phases   ] GC(114)   Merge Heap Roots: 0.0ms
[90.669s][info][gc,phases   ] GC(114)   Evacuate Collection Set: 4.0ms
[90.669s][info][gc,phases   ] GC(114)   Post Evacuate Collection Set: 0.4ms
[90.669s][info][gc,phases   ] GC(114)   Other: 0.2ms
[90.669s][info][gc,heap     ] GC(114) Eden regions: 49->0(61)
[90.669s][info][gc,heap     ] GC(114) Survivor regions: 5->4(7)
[90.669s][info][gc,heap     ] GC(114) Old regions: 81->83
[90.669s][info][gc,heap     ] GC(114) Archive regions: 2->2
[90.669s][info][gc,heap     ] GC(114) Humongous regions: 2->2
[90.669s][info][gc,metaspace] GC(114) Metaspace: 46644K(47824K)->46644K(47824K) NonClass: 40992K(41808K)->40992K(41808K) Class: 5652K(6016K)->5652K(6016K)
[90.669s][info][gc          ] GC(114) Pause Young (Normal) (G1 Evacuation Pause) 136M->88M(174M) 4.760ms
[90.669s][info][gc,cpu      ] GC(114) User=0.03s Sys=0.01s Real=0.01s
[91.125s][info][gc,start    ] GC(115) Pause Young (Concurrent Start) (G1 Evacuation Pause)
[91.125s][info][gc,task     ] GC(115) Using 8 workers of 8 for evacuation
[91.130s][info][gc,phases   ] GC(115)   Pre Evacuate Collection Set: 0.1ms
[91.130s][info][gc,phases   ] GC(115)   Merge Heap Roots: 0.0ms
[91.130s][info][gc,phases   ] GC(115)   Evacuate Collection Set: 4.4ms
[91.130s][info][gc,phases   ] GC(115)   Post Evacuate Collection Set: 0.3ms
[91.130s][info][gc,phases   ] GC(115)   Other: 0.3ms
[91.130s][info][gc,heap     ] GC(115) Eden regions: 61->0(57)
[91.130s][info][gc,heap     ] GC(115) Survivor regions: 4->6(9)
[91.130s][info][gc,heap     ] GC(115) Old regions: 83->83
[91.130s][info][gc,heap     ] GC(115) Archive regions: 2->2
[91.130s][info][gc,heap     ] GC(115) Humongous regions: 2->2
[91.130s][info][gc,metaspace] GC(115) Metaspace: 46644K(47824K)->46644K(47824K) NonClass: 40992K(41808K)->40992K(41808K) Class: 5652K(6016K)->5652K(6016K)
[91.130s][info][gc          ] GC(115) Pause Young (Concurrent Start) (G1 Evacuation Pause) 149M->89M(174M) 5.279ms
[91.130s][info][gc,cpu      ] GC(115) User=0.03s Sys=0.01s Real=0.01s
[91.130s][info][gc          ] GC(116) Concurrent Cycle
[91.130s][info][gc,marking  ] GC(116) Concurrent Clear Claimed Marks
[91.130s][info][gc,marking  ] GC(116) Concurrent Clear Claimed Marks 0.067ms
[91.130s][info][gc,marking  ] GC(116) Concurrent Scan Root Regions
[91.134s][info][gc,marking  ] GC(116) Concurrent Scan Root Regions 3.701ms
[91.134s][info][gc,marking  ] GC(116) Concurrent Mark (91.134s)
[91.134s][info][gc,marking  ] GC(116) Concurrent Mark From Roots
[91.134s][info][gc,task     ] GC(116) Using 2 workers of 2 for marking
[91.237s][info][gc,marking  ] GC(116) Concurrent Mark From Roots 102.512ms
[91.237s][info][gc,marking  ] GC(116) Concurrent Preclean
[91.237s][info][gc,marking  ] GC(116) Concurrent Preclean 0.110ms
[91.237s][info][gc,marking  ] GC(116) Concurrent Mark (91.134s, 91.237s) 102.709ms
[91.237s][info][gc,start    ] GC(116) Pause Remark
[91.239s][info][gc          ] GC(116) Pause Remark 98M->98M(174M) 2.004ms
[91.239s][info][gc,cpu      ] GC(116) User=0.01s Sys=0.00s Real=0.00s
[91.240s][info][gc,marking  ] GC(116) Concurrent Rebuild Remembered Sets
[91.297s][info][gc,marking  ] GC(116) Concurrent Rebuild Remembered Sets 57.201ms
[91.297s][info][gc,start    ] GC(116) Pause Cleanup
[91.297s][info][gc          ] GC(116) Pause Cleanup 103M->103M(174M) 0.171ms
[91.297s][info][gc,cpu      ] GC(116) User=0.00s Sys=0.00s Real=0.00s
[91.297s][info][gc,marking  ] GC(116) Concurrent Cleanup for Next Mark
[91.298s][info][gc,marking  ] GC(116) Concurrent Cleanup for Next Mark 0.354ms
[91.298s][info][gc          ] GC(116) Concurrent Cycle 167.263ms
[91.625s][info][gc,start    ] GC(117) Pause Young (Normal) (G1 Evacuation Pause)
[91.625s][info][gc,task     ] GC(117) Using 8 workers of 8 for evacuation
[91.630s][info][gc,phases   ] GC(117)   Pre Evacuate Collection Set: 0.1ms
[91.630s][info][gc,phases   ] GC(117)   Merge Heap Roots: 0.1ms
[91.630s][info][gc,phases   ] GC(117)   Evacuate Collection Set: 4.8ms
[91.630s][info][gc,phases   ] GC(117)   Post Evacuate Collection Set: 0.3ms
[91.630s][info][gc,phases   ] GC(117)   Other: 0.2ms
[91.630s][info][gc,heap     ] GC(117) Eden regions: 57->0(56)
[91.630s][info][gc,heap     ] GC(117) Survivor regions: 6->6(8)
[91.630s][info][gc,heap     ] GC(117) Old regions: 83->84
[91.630s][info][gc,heap     ] GC(117) Archive regions: 2->2
[91.630s][info][gc,heap     ] GC(117) Humongous regions: 2->2
[91.630s][info][gc,metaspace] GC(117) Metaspace: 46644K(47824K)->46644K(47824K) NonClass: 40992K(41808K)->40992K(41808K) Class: 5652K(6016K)->5652K(6016K)
[91.630s][info][gc          ] GC(117) Pause Young (Normal) (G1 Evacuation Pause) 146M->91M(174M) 5.547ms
[91.630s][info][gc,cpu      ] GC(117) User=0.03s Sys=0.00s Real=0.01s
[91.981s][info][gc,start    ] GC(118) Pause Young (Concurrent Start) (G1 Evacuation Pause)
[91.981s][info][gc,task     ] GC(118) Using 8 workers of 8 for evacuation
[91.987s][info][gc,phases   ] GC(118)   Pre Evacuate Collection Set: 0.1ms
[91.987s][info][gc,phases   ] GC(118)   Merge Heap Roots: 0.1ms
[91.987s][info][gc,phases   ] GC(118)   Evacuate Collection Set: 4.9ms
[91.987s][info][gc,phases   ] GC(118)   Post Evacuate Collection Set: 0.3ms
[91.987s][info][gc,phases   ] GC(118)   Other: 0.3ms
[91.987s][info][gc,heap     ] GC(118) Eden regions: 56->0(56)
[91.987s][info][gc,heap     ] GC(118) Survivor regions: 6->5(8)
[91.987s][info][gc,heap     ] GC(118) Old regions: 84->86
[91.987s][info][gc,heap     ] GC(118) Archive regions: 2->2
[91.987s][info][gc,heap     ] GC(118) Humongous regions: 2->2
[91.987s][info][gc,metaspace] GC(118) Metaspace: 46644K(47824K)->46644K(47824K) NonClass: 40992K(41808K)->40992K(41808K) Class: 5652K(6016K)->5652K(6016K)
[91.987s][info][gc          ] GC(118) Pause Young (Concurrent Start) (G1 Evacuation Pause) 147M->92M(174M) 5.891ms
[91.987s][info][gc,cpu      ] GC(118) User=0.03s Sys=0.00s Real=0.01s
[91.987s][info][gc          ] GC(119) Concurrent Cycle
[91.987s][info][gc,marking  ] GC(119) Concurrent Clear Claimed Marks
[91.987s][info][gc,marking  ] GC(119) Concurrent Clear Claimed Marks 0.093ms
[91.987s][info][gc,marking  ] GC(119) Concurrent Scan Root Regions
[91.992s][info][gc,marking  ] GC(119) Concurrent Scan Root Regions 4.620ms
[91.992s][info][gc,marking  ] GC(119) Concurrent Mark (91.992s)
[91.992s][info][gc,marking  ] GC(119) Concurrent Mark From Roots
[91.992s][info][gc,task     ] GC(119) Using 2 workers of 2 for marking
[92.121s][info][gc,marking  ] GC(119) Concurrent Mark From Roots 129.081ms
[92.121s][info][gc,marking  ] GC(119) Concurrent Preclean
[92.121s][info][gc,marking  ] GC(119) Concurrent Preclean 0.066ms
[92.121s][info][gc,marking  ] GC(119) Concurrent Mark (91.992s, 92.121s) 129.207ms
[92.121s][info][gc,start    ] GC(119) Pause Remark
[92.123s][info][gc          ] GC(119) Pause Remark 107M->107M(184M) 1.956ms
[92.123s][info][gc,cpu      ] GC(119) User=0.01s Sys=0.00s Real=0.00s
[92.124s][info][gc,marking  ] GC(119) Concurrent Rebuild Remembered Sets
[92.211s][info][gc,marking  ] GC(119) Concurrent Rebuild Remembered Sets 87.331ms
[92.211s][info][gc,start    ] GC(119) Pause Cleanup
[92.211s][info][gc          ] GC(119) Pause Cleanup 118M->118M(184M) 0.131ms
[92.211s][info][gc,cpu      ] GC(119) User=0.00s Sys=0.00s Real=0.00s
[92.211s][info][gc,marking  ] GC(119) Concurrent Cleanup for Next Mark
[92.212s][info][gc,marking  ] GC(119) Concurrent Cleanup for Next Mark 0.406ms
[92.212s][info][gc          ] GC(119) Concurrent Cycle 224.541ms
[92.408s][info][gc,start    ] GC(120) Pause Young (Normal) (G1 Evacuation Pause)
[92.408s][info][gc,task     ] GC(120) Using 8 workers of 8 for evacuation
[92.413s][info][gc,phases   ] GC(120)   Pre Evacuate Collection Set: 0.1ms
[92.413s][info][gc,phases   ] GC(120)   Merge Heap Roots: 0.0ms
[92.413s][info][gc,phases   ] GC(120)   Evacuate Collection Set: 4.2ms
[92.413s][info][gc,phases   ] GC(120)   Post Evacuate Collection Set: 0.5ms
[92.413s][info][gc,phases   ] GC(120)   Other: 0.3ms
[92.413s][info][gc,heap     ] GC(120) Eden regions: 55->0(63)
[92.413s][info][gc,heap     ] GC(120) Survivor regions: 5->5(8)
[92.413s][info][gc,heap     ] GC(120) Old regions: 86->88
[92.413s][info][gc,heap     ] GC(120) Archive regions: 2->2
[92.413s][info][gc,heap     ] GC(120) Humongous regions: 2->2
[92.413s][info][gc,metaspace] GC(120) Metaspace: 46644K(47824K)->46644K(47824K) NonClass: 40992K(41808K)->40992K(41808K) Class: 5652K(6016K)->5652K(6016K)
[92.413s][info][gc          ] GC(120) Pause Young (Normal) (G1 Evacuation Pause) 147M->94M(184M) 5.266ms
[92.413s][info][gc,cpu      ] GC(120) User=0.03s Sys=0.00s Real=0.00s
[92.858s][info][gc,start    ] GC(121) Pause Young (Concurrent Start) (G1 Evacuation Pause)
[92.858s][info][gc,task     ] GC(121) Using 8 workers of 8 for evacuation
[92.863s][info][gc,phases   ] GC(121)   Pre Evacuate Collection Set: 0.1ms
[92.863s][info][gc,phases   ] GC(121)   Merge Heap Roots: 0.0ms
[92.863s][info][gc,phases   ] GC(121)   Evacuate Collection Set: 4.2ms
[92.863s][info][gc,phases   ] GC(121)   Post Evacuate Collection Set: 0.2ms
[92.863s][info][gc,phases   ] GC(121)   Other: 0.2ms
[92.863s][info][gc,heap     ] GC(121) Eden regions: 63->0(61)
[92.863s][info][gc,heap     ] GC(121) Survivor regions: 5->6(9)
[92.863s][info][gc,heap     ] GC(121) Old regions: 88->88
[92.863s][info][gc,heap     ] GC(121) Archive regions: 2->2
[92.863s][info][gc,heap     ] GC(121) Humongous regions: 2->2
[92.863s][info][gc,metaspace] GC(121) Metaspace: 46644K(47824K)->46644K(47824K) NonClass: 40992K(41808K)->40992K(41808K) Class: 5652K(6016K)->5652K(6016K)
[92.863s][info][gc          ] GC(121) Pause Young (Concurrent Start) (G1 Evacuation Pause) 157M->95M(184M) 4.874ms
[92.863s][info][gc,cpu      ] GC(121) User=0.03s Sys=0.00s Real=0.00s
[92.863s][info][gc          ] GC(122) Concurrent Cycle
[92.863s][info][gc,marking  ] GC(122) Concurrent Clear Claimed Marks
[92.863s][info][gc,marking  ] GC(122) Concurrent Clear Claimed Marks 0.052ms
[92.863s][info][gc,marking  ] GC(122) Concurrent Scan Root Regions
[92.867s][info][gc,marking  ] GC(122) Concurrent Scan Root Regions 3.891ms
[92.867s][info][gc,marking  ] GC(122) Concurrent Mark (92.867s)
[92.867s][info][gc,marking  ] GC(122) Concurrent Mark From Roots
[92.867s][info][gc,task     ] GC(122) Using 2 workers of 2 for marking
[93.017s][info][gc,marking  ] GC(122) Concurrent Mark From Roots 149.637ms
[93.017s][info][gc,marking  ] GC(122) Concurrent Preclean
[93.017s][info][gc,marking  ] GC(122) Concurrent Preclean 0.134ms
[93.017s][info][gc,marking  ] GC(122) Concurrent Mark (92.867s, 93.017s) 149.877ms
[93.017s][info][gc,start    ] GC(122) Pause Remark
[93.020s][info][gc          ] GC(122) Pause Remark 111M->111M(190M) 2.604ms
[93.020s][info][gc,cpu      ] GC(122) User=0.02s Sys=0.00s Real=0.00s
[93.020s][info][gc,marking  ] GC(122) Concurrent Rebuild Remembered Sets
[93.107s][info][gc,marking  ] GC(122) Concurrent Rebuild Remembered Sets 86.720ms
[93.107s][info][gc,start    ] GC(122) Pause Cleanup
[93.107s][info][gc          ] GC(122) Pause Cleanup 123M->123M(190M) 0.145ms
[93.107s][info][gc,cpu      ] GC(122) User=0.00s Sys=0.00s Real=0.00s
[93.107s][info][gc,marking  ] GC(122) Concurrent Cleanup for Next Mark
[93.108s][info][gc,marking  ] GC(122) Concurrent Cleanup for Next Mark 1.037ms
[93.108s][info][gc          ] GC(122) Concurrent Cycle 245.184ms
[93.324s][info][gc,start    ] GC(123) Pause Young (Normal) (G1 Evacuation Pause)
[93.324s][info][gc,task     ] GC(123) Using 8 workers of 8 for evacuation
[93.330s][info][gc,phases   ] GC(123)   Pre Evacuate Collection Set: 0.1ms
[93.330s][info][gc,phases   ] GC(123)   Merge Heap Roots: 0.0ms
[93.330s][info][gc,phases   ] GC(123)   Evacuate Collection Set: 4.9ms
[93.330s][info][gc,phases   ] GC(123)   Post Evacuate Collection Set: 0.4ms
[93.330s][info][gc,phases   ] GC(123)   Other: 0.2ms
[93.330s][info][gc,heap     ] GC(123) Eden regions: 61->0(64)
[93.330s][info][gc,heap     ] GC(123) Survivor regions: 6->7(9)
[93.330s][info][gc,heap     ] GC(123) Old regions: 88->89
[93.330s][info][gc,heap     ] GC(123) Archive regions: 2->2
[93.330s][info][gc,heap     ] GC(123) Humongous regions: 2->2
[93.330s][info][gc,metaspace] GC(123) Metaspace: 46645K(47824K)->46645K(47824K) NonClass: 40993K(41808K)->40993K(41808K) Class: 5652K(6016K)->5652K(6016K)
[93.330s][info][gc          ] GC(123) Pause Young (Normal) (G1 Evacuation Pause) 156M->97M(190M) 5.758ms
[93.330s][info][gc,cpu      ] GC(123) User=0.03s Sys=0.00s Real=0.01s
[93.739s][info][gc,start    ] GC(124) Pause Young (Concurrent Start) (G1 Evacuation Pause)
[93.739s][info][gc,task     ] GC(124) Using 8 workers of 8 for evacuation
[93.747s][info][gc,phases   ] GC(124)   Pre Evacuate Collection Set: 0.1ms
[93.747s][info][gc,phases   ] GC(124)   Merge Heap Roots: 0.0ms
[93.747s][info][gc,phases   ] GC(124)   Evacuate Collection Set: 6.7ms
[93.747s][info][gc,phases   ] GC(124)   Post Evacuate Collection Set: 0.6ms
[93.747s][info][gc,phases   ] GC(124)   Other: 0.2ms
[93.747s][info][gc,heap     ] GC(124) Eden regions: 64->0(63)
[93.747s][info][gc,heap     ] GC(124) Survivor regions: 7->7(9)
[93.747s][info][gc,heap     ] GC(124) Old regions: 89->90
[93.747s][info][gc,heap     ] GC(124) Archive regions: 2->2
[93.747s][info][gc,heap     ] GC(124) Humongous regions: 2->2
[93.747s][info][gc,metaspace] GC(124) Metaspace: 46645K(47824K)->46645K(47824K) NonClass: 40993K(41808K)->40993K(41808K) Class: 5652K(6016K)->5652K(6016K)
[93.747s][info][gc          ] GC(124) Pause Young (Concurrent Start) (G1 Evacuation Pause) 161M->98M(190M) 8.074ms
[93.747s][info][gc,cpu      ] GC(124) User=0.03s Sys=0.00s Real=0.01s
[93.748s][info][gc          ] GC(125) Concurrent Cycle
[93.748s][info][gc,marking  ] GC(125) Concurrent Clear Claimed Marks
[93.748s][info][gc,marking  ] GC(125) Concurrent Clear Claimed Marks 0.265ms
[93.748s][info][gc,marking  ] GC(125) Concurrent Scan Root Regions
[93.755s][info][gc,marking  ] GC(125) Concurrent Scan Root Regions 6.695ms
[93.755s][info][gc,marking  ] GC(125) Concurrent Mark (93.755s)
[93.755s][info][gc,marking  ] GC(125) Concurrent Mark From Roots
[93.755s][info][gc,task     ] GC(125) Using 2 workers of 2 for marking
[93.874s][info][gc,marking  ] GC(125) Concurrent Mark From Roots 118.958ms
[93.874s][info][gc,marking  ] GC(125) Concurrent Preclean
[93.874s][info][gc,marking  ] GC(125) Concurrent Preclean 0.120ms
[93.874s][info][gc,marking  ] GC(125) Concurrent Mark (93.755s, 93.874s) 119.166ms
[93.874s][info][gc,start    ] GC(125) Pause Remark
[93.876s][info][gc          ] GC(125) Pause Remark 108M->108M(190M) 2.364ms
[93.876s][info][gc,cpu      ] GC(125) User=0.01s Sys=0.00s Real=0.01s
[93.877s][info][gc,marking  ] GC(125) Concurrent Rebuild Remembered Sets
[93.939s][info][gc,marking  ] GC(125) Concurrent Rebuild Remembered Sets 62.835ms
[93.940s][info][gc,start    ] GC(125) Pause Cleanup
[93.940s][info][gc          ] GC(125) Pause Cleanup 116M->116M(190M) 0.130ms
[93.940s][info][gc,cpu      ] GC(125) User=0.00s Sys=0.00s Real=0.00s
[93.940s][info][gc,marking  ] GC(125) Concurrent Cleanup for Next Mark
[93.940s][info][gc,marking  ] GC(125) Concurrent Cleanup for Next Mark 0.367ms
[93.940s][info][gc          ] GC(125) Concurrent Cycle 192.623ms
[94.195s][info][gc,start    ] GC(126) Pause Young (Normal) (G1 Evacuation Pause)
[94.195s][info][gc,task     ] GC(126) Using 8 workers of 8 for evacuation
[94.200s][info][gc,phases   ] GC(126)   Pre Evacuate Collection Set: 0.1ms
[94.200s][info][gc,phases   ] GC(126)   Merge Heap Roots: 0.0ms
[94.200s][info][gc,phases   ] GC(126)   Evacuate Collection Set: 4.8ms
[94.200s][info][gc,phases   ] GC(126)   Post Evacuate Collection Set: 0.4ms
[94.200s][info][gc,phases   ] GC(126)   Other: 0.2ms
[94.200s][info][gc,heap     ] GC(126) Eden regions: 63->0(61)
[94.200s][info][gc,heap     ] GC(126) Survivor regions: 7->7(9)
[94.200s][info][gc,heap     ] GC(126) Old regions: 90->92
[94.200s][info][gc,heap     ] GC(126) Archive regions: 2->2
[94.200s][info][gc,heap     ] GC(126) Humongous regions: 2->2
[94.200s][info][gc,metaspace] GC(126) Metaspace: 46645K(47824K)->46645K(47824K) NonClass: 40993K(41808K)->40993K(41808K) Class: 5652K(6016K)->5652K(6016K)
[94.201s][info][gc          ] GC(126) Pause Young (Normal) (G1 Evacuation Pause) 161M->100M(190M) 5.550ms
[94.201s][info][gc,cpu      ] GC(126) User=0.03s Sys=0.01s Real=0.01s
[94.642s][info][gc,start    ] GC(127) Pause Young (Concurrent Start) (G1 Evacuation Pause)
[94.642s][info][gc,task     ] GC(127) Using 8 workers of 8 for evacuation
[94.648s][info][gc,phases   ] GC(127)   Pre Evacuate Collection Set: 0.1ms
[94.648s][info][gc,phases   ] GC(127)   Merge Heap Roots: 0.0ms
[94.648s][info][gc,phases   ] GC(127)   Evacuate Collection Set: 5.2ms
[94.648s][info][gc,phases   ] GC(127)   Post Evacuate Collection Set: 0.2ms
[94.648s][info][gc,phases   ] GC(127)   Other: 0.2ms
[94.648s][info][gc,heap     ] GC(127) Eden regions: 61->0(60)
[94.648s][info][gc,heap     ] GC(127) Survivor regions: 7->7(9)
[94.648s][info][gc,heap     ] GC(127) Old regions: 92->93
[94.648s][info][gc,heap     ] GC(127) Archive regions: 2->2
[94.648s][info][gc,heap     ] GC(127) Humongous regions: 2->2
[94.648s][info][gc,metaspace] GC(127) Metaspace: 46645K(47824K)->46645K(47824K) NonClass: 40993K(41808K)->40993K(41808K) Class: 5652K(6016K)->5652K(6016K)
[94.648s][info][gc          ] GC(127) Pause Young (Concurrent Start) (G1 Evacuation Pause) 161M->101M(190M) 5.875ms
[94.648s][info][gc,cpu      ] GC(127) User=0.04s Sys=0.00s Real=0.01s
[94.648s][info][gc          ] GC(128) Concurrent Cycle
[94.648s][info][gc,marking  ] GC(128) Concurrent Clear Claimed Marks
[94.648s][info][gc,marking  ] GC(128) Concurrent Clear Claimed Marks 0.063ms
[94.648s][info][gc,marking  ] GC(128) Concurrent Scan Root Regions
[94.654s][info][gc,marking  ] GC(128) Concurrent Scan Root Regions 5.879ms
[94.654s][info][gc,marking  ] GC(128) Concurrent Mark (94.654s)
[94.654s][info][gc,marking  ] GC(128) Concurrent Mark From Roots
[94.654s][info][gc,task     ] GC(128) Using 2 workers of 2 for marking
[94.691s][info][gc,marking  ] GC(128) Concurrent Mark From Roots 36.847ms
[94.691s][info][gc,marking  ] GC(128) Concurrent Preclean
[94.691s][info][gc,marking  ] GC(128) Concurrent Preclean 0.088ms
[94.691s][info][gc,marking  ] GC(128) Concurrent Mark (94.654s, 94.691s) 37.042ms
[94.691s][info][gc,start    ] GC(128) Pause Remark
[94.723s][info][gc          ] GC(128) Pause Remark 114M->114M(195M) 31.522ms
[94.723s][info][gc,cpu      ] GC(128) User=0.21s Sys=0.00s Real=0.03s
[94.723s][info][gc,marking  ] GC(128) Concurrent Rebuild Remembered Sets
[94.820s][info][gc,marking  ] GC(128) Concurrent Rebuild Remembered Sets 96.978ms
[94.820s][info][gc,start    ] GC(128) Pause Cleanup
[94.820s][info][gc          ] GC(128) Pause Cleanup 126M->126M(195M) 0.125ms
[94.820s][info][gc,cpu      ] GC(128) User=0.00s Sys=0.00s Real=0.00s
[94.820s][info][gc,marking  ] GC(128) Concurrent Cleanup for Next Mark
[94.821s][info][gc,marking  ] GC(128) Concurrent Cleanup for Next Mark 0.374ms
[94.821s][info][gc          ] GC(128) Concurrent Cycle 172.743ms
[95.116s][info][gc,start    ] GC(129) Pause Young (Normal) (G1 Evacuation Pause)
[95.116s][info][gc,task     ] GC(129) Using 8 workers of 8 for evacuation
[95.123s][info][gc,phases   ] GC(129)   Pre Evacuate Collection Set: 0.0ms
[95.123s][info][gc,phases   ] GC(129)   Merge Heap Roots: 0.0ms
[95.123s][info][gc,phases   ] GC(129)   Evacuate Collection Set: 5.9ms
[95.123s][info][gc,phases   ] GC(129)   Post Evacuate Collection Set: 0.3ms
[95.123s][info][gc,phases   ] GC(129)   Other: 0.2ms
[95.123s][info][gc,heap     ] GC(129) Eden regions: 59->0(53)
[95.123s][info][gc,heap     ] GC(129) Survivor regions: 7->7(9)
[95.123s][info][gc,heap     ] GC(129) Old regions: 93->95
[95.123s][info][gc,heap     ] GC(129) Archive regions: 2->2
[95.123s][info][gc,heap     ] GC(129) Humongous regions: 11->11
[95.123s][info][gc,metaspace] GC(129) Metaspace: 46646K(47824K)->46646K(47824K) NonClass: 40994K(41808K)->40994K(41808K) Class: 5652K(6016K)->5652K(6016K)
[95.123s][info][gc          ] GC(129) Pause Young (Normal) (G1 Evacuation Pause) 169M->112M(195M) 6.599ms
[95.123s][info][gc,cpu      ] GC(129) User=0.04s Sys=0.00s Real=0.00s
[95.476s][info][gc,start    ] GC(130) Pause Young (Concurrent Start) (G1 Evacuation Pause)
[95.476s][info][gc,task     ] GC(130) Using 8 workers of 8 for evacuation
[95.482s][info][gc,phases   ] GC(130)   Pre Evacuate Collection Set: 0.1ms
[95.482s][info][gc,phases   ] GC(130)   Merge Heap Roots: 0.1ms
[95.482s][info][gc,phases   ] GC(130)   Evacuate Collection Set: 5.3ms
[95.482s][info][gc,phases   ] GC(130)   Post Evacuate Collection Set: 0.3ms
[95.482s][info][gc,phases   ] GC(130)   Other: 0.2ms
[95.482s][info][gc,heap     ] GC(130) Eden regions: 53->0(54)
[95.482s][info][gc,heap     ] GC(130) Survivor regions: 7->5(8)
[95.482s][info][gc,heap     ] GC(130) Old regions: 95->98
[95.482s][info][gc,heap     ] GC(130) Archive regions: 2->2
[95.482s][info][gc,heap     ] GC(130) Humongous regions: 11->11
[95.482s][info][gc,metaspace] GC(130) Metaspace: 46646K(47824K)->46646K(47824K) NonClass: 40994K(41808K)->40994K(41808K) Class: 5652K(6016K)->5652K(6016K)
[95.482s][info][gc          ] GC(130) Pause Young (Concurrent Start) (G1 Evacuation Pause) 165M->113M(195M) 6.115ms
[95.482s][info][gc,cpu      ] GC(130) User=0.04s Sys=0.00s Real=0.00s
[95.482s][info][gc          ] GC(131) Concurrent Cycle
[95.482s][info][gc,marking  ] GC(131) Concurrent Clear Claimed Marks
[95.482s][info][gc,marking  ] GC(131) Concurrent Clear Claimed Marks 0.062ms
[95.482s][info][gc,marking  ] GC(131) Concurrent Scan Root Regions
[95.487s][info][gc,marking  ] GC(131) Concurrent Scan Root Regions 4.545ms
[95.487s][info][gc,marking  ] GC(131) Concurrent Mark (95.487s)
[95.487s][info][gc,marking  ] GC(131) Concurrent Mark From Roots
[95.487s][info][gc,task     ] GC(131) Using 2 workers of 2 for marking
[95.604s][info][gc,marking  ] GC(131) Concurrent Mark From Roots 116.694ms
[95.604s][info][gc,marking  ] GC(131) Concurrent Preclean
[95.604s][info][gc,marking  ] GC(131) Concurrent Preclean 0.115ms
[95.604s][info][gc,marking  ] GC(131) Concurrent Mark (95.487s, 95.604s) 116.888ms
[95.604s][info][gc,start    ] GC(131) Pause Remark
[95.606s][info][gc          ] GC(131) Pause Remark 126M->118M(202M) 2.242ms
[95.606s][info][gc,cpu      ] GC(131) User=0.01s Sys=0.00s Real=0.01s
[95.607s][info][gc,marking  ] GC(131) Concurrent Rebuild Remembered Sets
[95.684s][info][gc,marking  ] GC(131) Concurrent Rebuild Remembered Sets 77.248ms
[95.684s][info][gc,start    ] GC(131) Pause Cleanup
[95.684s][info][gc          ] GC(131) Pause Cleanup 127M->127M(202M) 0.109ms
[95.684s][info][gc,cpu      ] GC(131) User=0.00s Sys=0.00s Real=0.00s
[95.684s][info][gc,marking  ] GC(131) Concurrent Cleanup for Next Mark
[95.685s][info][gc,marking  ] GC(131) Concurrent Cleanup for Next Mark 0.494ms
[95.685s][info][gc          ] GC(131) Concurrent Cycle 202.436ms
[95.925s][info][gc,start    ] GC(132) Pause Young (Normal) (G1 Evacuation Pause)
[95.925s][info][gc,task     ] GC(132) Using 8 workers of 8 for evacuation
[95.929s][info][gc,phases   ] GC(132)   Pre Evacuate Collection Set: 0.1ms
[95.930s][info][gc,phases   ] GC(132)   Merge Heap Roots: 0.0ms
[95.930s][info][gc,phases   ] GC(132)   Evacuate Collection Set: 4.1ms
[95.930s][info][gc,phases   ] GC(132)   Post Evacuate Collection Set: 0.4ms
[95.930s][info][gc,phases   ] GC(132)   Other: 0.2ms
[95.930s][info][gc,heap     ] GC(132) Eden regions: 54->0(67)
[95.930s][info][gc,heap     ] GC(132) Survivor regions: 5->5(8)
[95.930s][info][gc,heap     ] GC(132) Old regions: 98->99
[95.930s][info][gc,heap     ] GC(132) Archive regions: 2->2
[95.930s][info][gc,heap     ] GC(132) Humongous regions: 3->3
[95.930s][info][gc,metaspace] GC(132) Metaspace: 46647K(47824K)->46647K(47824K) NonClass: 40995K(41808K)->40995K(41808K) Class: 5652K(6016K)->5652K(6016K)
[95.930s][info][gc          ] GC(132) Pause Young (Normal) (G1 Evacuation Pause) 159M->106M(202M) 5.025ms
[95.930s][info][gc,cpu      ] GC(132) User=0.03s Sys=0.00s Real=0.01s
[96.353s][info][gc,start    ] GC(133) Pause Young (Concurrent Start) (G1 Evacuation Pause)
[96.353s][info][gc,task     ] GC(133) Using 8 workers of 8 for evacuation
[96.358s][info][gc,phases   ] GC(133)   Pre Evacuate Collection Set: 0.1ms
[96.358s][info][gc,phases   ] GC(133)   Merge Heap Roots: 0.1ms
[96.358s][info][gc,phases   ] GC(133)   Evacuate Collection Set: 4.2ms
[96.358s][info][gc,phases   ] GC(133)   Post Evacuate Collection Set: 0.3ms
[96.358s][info][gc,phases   ] GC(133)   Other: 0.3ms
[96.358s][info][gc,heap     ] GC(133) Eden regions: 67->0(65)
[96.358s][info][gc,heap     ] GC(133) Survivor regions: 5->6(9)
[96.358s][info][gc,heap     ] GC(133) Old regions: 99->99
[96.358s][info][gc,heap     ] GC(133) Archive regions: 2->2
[96.358s][info][gc,heap     ] GC(133) Humongous regions: 3->3
[96.358s][info][gc,metaspace] GC(133) Metaspace: 46647K(47824K)->46647K(47824K) NonClass: 40995K(41808K)->40995K(41808K) Class: 5652K(6016K)->5652K(6016K)
[96.358s][info][gc          ] GC(133) Pause Young (Concurrent Start) (G1 Evacuation Pause) 173M->108M(202M) 5.073ms
[96.358s][info][gc,cpu      ] GC(133) User=0.03s Sys=0.01s Real=0.01s
[96.358s][info][gc          ] GC(134) Concurrent Cycle
[96.358s][info][gc,marking  ] GC(134) Concurrent Clear Claimed Marks
[96.358s][info][gc,marking  ] GC(134) Concurrent Clear Claimed Marks 0.081ms
[96.358s][info][gc,marking  ] GC(134) Concurrent Scan Root Regions
[96.363s][info][gc,marking  ] GC(134) Concurrent Scan Root Regions 4.784ms
[96.363s][info][gc,marking  ] GC(134) Concurrent Mark (96.363s)
[96.363s][info][gc,marking  ] GC(134) Concurrent Mark From Roots
[96.363s][info][gc,task     ] GC(134) Using 2 workers of 2 for marking
[96.489s][info][gc,marking  ] GC(134) Concurrent Mark From Roots 125.754ms
[96.489s][info][gc,marking  ] GC(134) Concurrent Preclean
[96.489s][info][gc,marking  ] GC(134) Concurrent Preclean 0.088ms
[96.489s][info][gc,marking  ] GC(134) Concurrent Mark (96.363s, 96.489s) 125.963ms
[96.489s][info][gc,start    ] GC(134) Pause Remark
[96.491s][info][gc          ] GC(134) Pause Remark 121M->121M(207M) 2.106ms
[96.491s][info][gc,cpu      ] GC(134) User=0.01s Sys=0.00s Real=0.00s
[96.491s][info][gc,marking  ] GC(134) Concurrent Rebuild Remembered Sets
[96.573s][info][gc,marking  ] GC(134) Concurrent Rebuild Remembered Sets 81.274ms
[96.573s][info][gc,start    ] GC(134) Pause Cleanup
[96.573s][info][gc          ] GC(134) Pause Cleanup 131M->131M(207M) 0.126ms
[96.573s][info][gc,cpu      ] GC(134) User=0.00s Sys=0.00s Real=0.00s
[96.573s][info][gc,marking  ] GC(134) Concurrent Cleanup for Next Mark
[96.574s][info][gc,marking  ] GC(134) Concurrent Cleanup for Next Mark 0.484ms
[96.574s][info][gc          ] GC(134) Concurrent Cycle 215.502ms
[96.886s][info][gc,start    ] GC(135) Pause Young (Normal) (G1 Evacuation Pause)
[96.886s][info][gc,task     ] GC(135) Using 8 workers of 8 for evacuation
[96.891s][info][gc,phases   ] GC(135)   Pre Evacuate Collection Set: 0.1ms
[96.891s][info][gc,phases   ] GC(135)   Merge Heap Roots: 0.0ms
[96.891s][info][gc,phases   ] GC(135)   Evacuate Collection Set: 5.0ms
[96.891s][info][gc,phases   ] GC(135)   Post Evacuate Collection Set: 0.3ms
[96.891s][info][gc,phases   ] GC(135)   Other: 0.1ms
[96.891s][info][gc,heap     ] GC(135) Eden regions: 65->0(68)
[96.891s][info][gc,heap     ] GC(135) Survivor regions: 6->6(9)
[96.891s][info][gc,heap     ] GC(135) Old regions: 99->101
[96.891s][info][gc,heap     ] GC(135) Archive regions: 2->2
[96.891s][info][gc,heap     ] GC(135) Humongous regions: 3->3
[96.891s][info][gc,metaspace] GC(135) Metaspace: 46652K(47824K)->46652K(47824K) NonClass: 41000K(41808K)->41000K(41808K) Class: 5652K(6016K)->5652K(6016K)
[96.891s][info][gc          ] GC(135) Pause Young (Normal) (G1 Evacuation Pause) 173M->109M(207M) 5.591ms
[96.891s][info][gc,cpu      ] GC(135) User=0.04s Sys=0.00s Real=0.01s
[97.372s][info][gc,start    ] GC(136) Pause Young (Concurrent Start) (G1 Evacuation Pause)
[97.372s][info][gc,task     ] GC(136) Using 8 workers of 8 for evacuation
[97.379s][info][gc,phases   ] GC(136)   Pre Evacuate Collection Set: 0.1ms
[97.379s][info][gc,phases   ] GC(136)   Merge Heap Roots: 0.1ms
[97.379s][info][gc,phases   ] GC(136)   Evacuate Collection Set: 6.1ms
[97.379s][info][gc,phases   ] GC(136)   Post Evacuate Collection Set: 0.4ms
[97.379s][info][gc,phases   ] GC(136)   Other: 0.3ms
[97.379s][info][gc,heap     ] GC(136) Eden regions: 68->0(65)
[97.379s][info][gc,heap     ] GC(136) Survivor regions: 6->7(10)
[97.379s][info][gc,heap     ] GC(136) Old regions: 101->102
[97.379s][info][gc,heap     ] GC(136) Archive regions: 2->2
[97.379s][info][gc,heap     ] GC(136) Humongous regions: 3->3
[97.379s][info][gc,metaspace] GC(136) Metaspace: 46653K(47824K)->46653K(47824K) NonClass: 41001K(41808K)->41001K(41808K) Class: 5652K(6016K)->5652K(6016K)
[97.380s][info][gc          ] GC(136) Pause Young (Concurrent Start) (G1 Evacuation Pause) 177M->111M(207M) 7.151ms
[97.380s][info][gc,cpu      ] GC(136) User=0.04s Sys=0.00s Real=0.01s
[97.380s][info][gc          ] GC(137) Concurrent Cycle
[97.380s][info][gc,marking  ] GC(137) Concurrent Clear Claimed Marks
[97.380s][info][gc,marking  ] GC(137) Concurrent Clear Claimed Marks 0.122ms
[97.380s][info][gc,marking  ] GC(137) Concurrent Scan Root Regions
[97.386s][info][gc,marking  ] GC(137) Concurrent Scan Root Regions 6.109ms
[97.386s][info][gc,marking  ] GC(137) Concurrent Mark (97.386s)
[97.386s][info][gc,marking  ] GC(137) Concurrent Mark From Roots
[97.386s][info][gc,task     ] GC(137) Using 2 workers of 2 for marking
[97.516s][info][gc,marking  ] GC(137) Concurrent Mark From Roots 130.062ms
[97.516s][info][gc,marking  ] GC(137) Concurrent Preclean
[97.516s][info][gc,marking  ] GC(137) Concurrent Preclean 0.095ms
[97.516s][info][gc,marking  ] GC(137) Concurrent Mark (97.386s, 97.516s) 130.235ms
[97.517s][info][gc,start    ] GC(137) Pause Remark
[97.519s][info][gc          ] GC(137) Pause Remark 124M->124M(212M) 2.008ms
[97.519s][info][gc,cpu      ] GC(137) User=0.01s Sys=0.00s Real=0.00s
[97.519s][info][gc,marking  ] GC(137) Concurrent Rebuild Remembered Sets
[97.590s][info][gc,marking  ] GC(137) Concurrent Rebuild Remembered Sets 70.853ms
[97.591s][info][gc,start    ] GC(137) Pause Cleanup
[97.591s][info][gc          ] GC(137) Pause Cleanup 130M->130M(212M) 0.215ms
[97.591s][info][gc,cpu      ] GC(137) User=0.00s Sys=0.00s Real=0.00s
[97.591s][info][gc,marking  ] GC(137) Concurrent Cleanup for Next Mark
[97.592s][info][gc,marking  ] GC(137) Concurrent Cleanup for Next Mark 0.565ms
[97.592s][info][gc          ] GC(137) Concurrent Cycle 212.300ms
[97.890s][info][gc,start    ] GC(138) Pause Young (Normal) (G1 Evacuation Pause)
[97.890s][info][gc,task     ] GC(138) Using 8 workers of 8 for evacuation
[97.896s][info][gc,phases   ] GC(138)   Pre Evacuate Collection Set: 0.1ms
[97.896s][info][gc,phases   ] GC(138)   Merge Heap Roots: 0.1ms
[97.896s][info][gc,phases   ] GC(138)   Evacuate Collection Set: 4.9ms
[97.896s][info][gc,phases   ] GC(138)   Post Evacuate Collection Set: 0.3ms
[97.896s][info][gc,phases   ] GC(138)   Other: 0.2ms
[97.896s][info][gc,heap     ] GC(138) Eden regions: 64->0(68)
[97.896s][info][gc,heap     ] GC(138) Survivor regions: 7->6(9)
[97.896s][info][gc,heap     ] GC(138) Old regions: 102->105
[97.896s][info][gc,heap     ] GC(138) Archive regions: 2->2
[97.896s][info][gc,heap     ] GC(138) Humongous regions: 3->3
[97.896s][info][gc,metaspace] GC(138) Metaspace: 46653K(47824K)->46653K(47824K) NonClass: 41001K(41808K)->41001K(41808K) Class: 5652K(6016K)->5652K(6016K)
[97.896s][info][gc          ] GC(138) Pause Young (Normal) (G1 Evacuation Pause) 175M->112M(212M) 5.565ms
[97.896s][info][gc,cpu      ] GC(138) User=0.04s Sys=0.01s Real=0.01s
[98.331s][info][gc,start    ] GC(139) Pause Young (Concurrent Start) (G1 Evacuation Pause)
[98.331s][info][gc,task     ] GC(139) Using 8 workers of 8 for evacuation
[98.337s][info][gc,phases   ] GC(139)   Pre Evacuate Collection Set: 0.1ms
[98.337s][info][gc,phases   ] GC(139)   Merge Heap Roots: 0.1ms
[98.337s][info][gc,phases   ] GC(139)   Evacuate Collection Set: 5.5ms
[98.337s][info][gc,phases   ] GC(139)   Post Evacuate Collection Set: 0.4ms
[98.337s][info][gc,phases   ] GC(139)   Other: 0.2ms
[98.337s][info][gc,heap     ] GC(139) Eden regions: 68->0(66)
[98.337s][info][gc,heap     ] GC(139) Survivor regions: 6->7(10)
[98.337s][info][gc,heap     ] GC(139) Old regions: 105->105
[98.337s][info][gc,heap     ] GC(139) Archive regions: 2->2
[98.337s][info][gc,heap     ] GC(139) Humongous regions: 3->3
[98.337s][info][gc,metaspace] GC(139) Metaspace: 46655K(47824K)->46655K(47824K) NonClass: 41003K(41808K)->41003K(41808K) Class: 5652K(6016K)->5652K(6016K)
[98.337s][info][gc          ] GC(139) Pause Young (Concurrent Start) (G1 Evacuation Pause) 180M->114M(212M) 6.347ms
[98.337s][info][gc,cpu      ] GC(139) User=0.03s Sys=0.00s Real=0.01s
[98.337s][info][gc          ] GC(140) Concurrent Cycle
[98.337s][info][gc,marking  ] GC(140) Concurrent Clear Claimed Marks
[98.337s][info][gc,marking  ] GC(140) Concurrent Clear Claimed Marks 0.077ms
[98.337s][info][gc,marking  ] GC(140) Concurrent Scan Root Regions
[98.342s][info][gc,marking  ] GC(140) Concurrent Scan Root Regions 4.963ms
[98.342s][info][gc,marking  ] GC(140) Concurrent Mark (98.342s)
[98.342s][info][gc,marking  ] GC(140) Concurrent Mark From Roots
[98.342s][info][gc,task     ] GC(140) Using 2 workers of 2 for marking
[98.494s][info][gc,marking  ] GC(140) Concurrent Mark From Roots 151.569ms
[98.494s][info][gc,marking  ] GC(140) Concurrent Preclean
[98.494s][info][gc,marking  ] GC(140) Concurrent Preclean 0.122ms
[98.494s][info][gc,marking  ] GC(140) Concurrent Mark (98.342s, 98.494s) 151.768ms
[98.495s][info][gc,start    ] GC(140) Pause Remark
[98.499s][info][gc          ] GC(140) Pause Remark 133M->133M(229M) 4.334ms
[98.499s][info][gc,cpu      ] GC(140) User=0.01s Sys=0.00s Real=0.01s
[98.501s][info][gc,marking  ] GC(140) Concurrent Rebuild Remembered Sets
[98.589s][info][gc,marking  ] GC(140) Concurrent Rebuild Remembered Sets 88.473ms
[98.590s][info][gc,start    ] GC(140) Pause Cleanup
[98.590s][info][gc          ] GC(140) Pause Cleanup 145M->145M(229M) 0.131ms
[98.590s][info][gc,cpu      ] GC(140) User=0.00s Sys=0.00s Real=0.00s
[98.590s][info][gc,marking  ] GC(140) Concurrent Cleanup for Next Mark
[98.591s][info][gc,marking  ] GC(140) Concurrent Cleanup for Next Mark 0.493ms
[98.591s][info][gc          ] GC(140) Concurrent Cycle 253.381ms
[98.835s][info][gc,start    ] GC(141) Pause Young (Normal) (G1 Evacuation Pause)
[98.835s][info][gc,task     ] GC(141) Using 8 workers of 8 for evacuation
[98.842s][info][gc,phases   ] GC(141)   Pre Evacuate Collection Set: 0.1ms
[98.842s][info][gc,phases   ] GC(141)   Merge Heap Roots: 0.1ms
[98.842s][info][gc,phases   ] GC(141)   Evacuate Collection Set: 6.1ms
[98.842s][info][gc,phases   ] GC(141)   Post Evacuate Collection Set: 0.3ms
[98.842s][info][gc,phases   ] GC(141)   Other: 0.2ms
[98.842s][info][gc,heap     ] GC(141) Eden regions: 65->0(82)
[98.842s][info][gc,heap     ] GC(141) Survivor regions: 7->5(9)
[98.842s][info][gc,heap     ] GC(141) Old regions: 105->108
[98.842s][info][gc,heap     ] GC(141) Archive regions: 2->2
[98.842s][info][gc,heap     ] GC(141) Humongous regions: 3->3
[98.842s][info][gc,metaspace] GC(141) Metaspace: 46655K(47824K)->46655K(47824K) NonClass: 41003K(41808K)->41003K(41808K) Class: 5652K(6016K)->5652K(6016K)
[98.842s][info][gc          ] GC(141) Pause Young (Normal) (G1 Evacuation Pause) 179M->115M(229M) 6.919ms
[98.842s][info][gc,cpu      ] GC(141) User=0.03s Sys=0.00s Real=0.01s
[99.375s][info][gc,start    ] GC(142) Pause Young (Concurrent Start) (G1 Evacuation Pause)
[99.375s][info][gc,task     ] GC(142) Using 8 workers of 8 for evacuation
[99.381s][info][gc,phases   ] GC(142)   Pre Evacuate Collection Set: 0.2ms
[99.382s][info][gc,phases   ] GC(142)   Merge Heap Roots: 0.1ms
[99.382s][info][gc,phases   ] GC(142)   Evacuate Collection Set: 5.5ms
[99.382s][info][gc,phases   ] GC(142)   Post Evacuate Collection Set: 0.7ms
[99.382s][info][gc,phases   ] GC(142)   Other: 0.4ms
[99.382s][info][gc,heap     ] GC(142) Eden regions: 82->0(79)
[99.382s][info][gc,heap     ] GC(142) Survivor regions: 5->7(11)
[99.382s][info][gc,heap     ] GC(142) Old regions: 108->108
[99.382s][info][gc,heap     ] GC(142) Archive regions: 2->2
[99.382s][info][gc,heap     ] GC(142) Humongous regions: 3->3
[99.382s][info][gc,metaspace] GC(142) Metaspace: 46655K(47824K)->46655K(47824K) NonClass: 41003K(41808K)->41003K(41808K) Class: 5652K(6016K)->5652K(6016K)
[99.382s][info][gc          ] GC(142) Pause Young (Concurrent Start) (G1 Evacuation Pause) 197M->117M(229M) 7.171ms
[99.382s][info][gc,cpu      ] GC(142) User=0.03s Sys=0.00s Real=0.01s
[99.382s][info][gc          ] GC(143) Concurrent Cycle
[99.382s][info][gc,marking  ] GC(143) Concurrent Clear Claimed Marks
[99.382s][info][gc,marking  ] GC(143) Concurrent Clear Claimed Marks 0.153ms
[99.382s][info][gc,marking  ] GC(143) Concurrent Scan Root Regions
[99.388s][info][gc,marking  ] GC(143) Concurrent Scan Root Regions 5.763ms
[99.388s][info][gc,marking  ] GC(143) Concurrent Mark (99.388s)
[99.388s][info][gc,marking  ] GC(143) Concurrent Mark From Roots
[99.388s][info][gc,task     ] GC(143) Using 2 workers of 2 for marking
[99.548s][info][gc,marking  ] GC(143) Concurrent Mark From Roots 160.414ms
[99.548s][info][gc,marking  ] GC(143) Concurrent Preclean
[99.549s][info][gc,marking  ] GC(143) Concurrent Preclean 0.103ms
[99.549s][info][gc,marking  ] GC(143) Concurrent Mark (99.388s, 99.549s) 160.589ms
[99.549s][info][gc,start    ] GC(143) Pause Remark
[99.551s][info][gc          ] GC(143) Pause Remark 122M->122M(229M) 2.737ms
[99.552s][info][gc,cpu      ] GC(143) User=0.02s Sys=0.00s Real=0.00s
[99.552s][info][gc,marking  ] GC(143) Concurrent Rebuild Remembered Sets
[99.642s][info][gc,marking  ] GC(143) Concurrent Rebuild Remembered Sets 90.111ms
[99.642s][info][gc,start    ] GC(143) Pause Cleanup
[99.642s][info][gc          ] GC(143) Pause Cleanup 126M->126M(229M) 0.194ms
[99.642s][info][gc,cpu      ] GC(143) User=0.00s Sys=0.00s Real=0.00s
[99.642s][info][gc,marking  ] GC(143) Concurrent Cleanup for Next Mark
[99.643s][info][gc,marking  ] GC(143) Concurrent Cleanup for Next Mark 0.566ms
[99.643s][info][gc          ] GC(143) Concurrent Cycle 260.953ms
[100.164s][info][gc,start    ] GC(144) Pause Young (Normal) (G1 Evacuation Pause)
[100.164s][info][gc,task     ] GC(144) Using 8 workers of 8 for evacuation
[100.170s][info][gc,phases   ] GC(144)   Pre Evacuate Collection Set: 0.1ms
[100.170s][info][gc,phases   ] GC(144)   Merge Heap Roots: 0.1ms
[100.170s][info][gc,phases   ] GC(144)   Evacuate Collection Set: 6.1ms
[100.170s][info][gc,phases   ] GC(144)   Post Evacuate Collection Set: 0.3ms
[100.170s][info][gc,phases   ] GC(144)   Other: 0.2ms
[100.170s][info][gc,heap     ] GC(144) Eden regions: 79->0(76)
[100.170s][info][gc,heap     ] GC(144) Survivor regions: 7->8(11)
[100.170s][info][gc,heap     ] GC(144) Old regions: 108->109
[100.170s][info][gc,heap     ] GC(144) Archive regions: 2->2
[100.170s][info][gc,heap     ] GC(144) Humongous regions: 3->3
[100.171s][info][gc,metaspace] GC(144) Metaspace: 46655K(47824K)->46655K(47824K) NonClass: 41003K(41808K)->41003K(41808K) Class: 5652K(6016K)->5652K(6016K)
[100.171s][info][gc          ] GC(144) Pause Young (Normal) (G1 Evacuation Pause) 196M->119M(229M) 6.732ms
[100.171s][info][gc,cpu      ] GC(144) User=0.04s Sys=0.00s Real=0.01s
[100.660s][info][gc,start    ] GC(145) Pause Young (Concurrent Start) (G1 Evacuation Pause)
[100.660s][info][gc,task     ] GC(145) Using 8 workers of 8 for evacuation
[100.666s][info][gc,phases   ] GC(145)   Pre Evacuate Collection Set: 0.1ms
[100.666s][info][gc,phases   ] GC(145)   Merge Heap Roots: 0.0ms
[100.666s][info][gc,phases   ] GC(145)   Evacuate Collection Set: 5.4ms
[100.666s][info][gc,phases   ] GC(145)   Post Evacuate Collection Set: 0.3ms
[100.666s][info][gc,phases   ] GC(145)   Other: 0.2ms
[100.666s][info][gc,heap     ] GC(145) Eden regions: 76->0(74)
[100.666s][info][gc,heap     ] GC(145) Survivor regions: 8->8(11)
[100.666s][info][gc,heap     ] GC(145) Old regions: 109->111
[100.666s][info][gc,heap     ] GC(145) Archive regions: 2->2
[100.666s][info][gc,heap     ] GC(145) Humongous regions: 3->3
[100.666s][info][gc,metaspace] GC(145) Metaspace: 46655K(47824K)->46655K(47824K) NonClass: 41003K(41808K)->41003K(41808K) Class: 5652K(6016K)->5652K(6016K)
[100.666s][info][gc          ] GC(145) Pause Young (Concurrent Start) (G1 Evacuation Pause) 195M->121M(229M) 6.037ms
[100.666s][info][gc,cpu      ] GC(145) User=0.04s Sys=0.00s Real=0.01s
[100.666s][info][gc          ] GC(146) Concurrent Cycle
[100.666s][info][gc,marking  ] GC(146) Concurrent Clear Claimed Marks
[100.666s][info][gc,marking  ] GC(146) Concurrent Clear Claimed Marks 0.062ms
[100.666s][info][gc,marking  ] GC(146) Concurrent Scan Root Regions
[100.672s][info][gc,marking  ] GC(146) Concurrent Scan Root Regions 5.667ms
[100.672s][info][gc,marking  ] GC(146) Concurrent Mark (100.672s)
[100.672s][info][gc,marking  ] GC(146) Concurrent Mark From Roots
[100.672s][info][gc,task     ] GC(146) Using 2 workers of 2 for marking
[100.882s][info][gc,marking  ] GC(146) Concurrent Mark From Roots 210.082ms
[100.882s][info][gc,marking  ] GC(146) Concurrent Preclean
[100.882s][info][gc,marking  ] GC(146) Concurrent Preclean 0.067ms
[100.882s][info][gc,marking  ] GC(146) Concurrent Mark (100.672s, 100.882s) 210.209ms
[100.882s][info][gc,start    ] GC(146) Pause Remark
[100.885s][info][gc          ] GC(146) Pause Remark 138M->138M(235M) 2.520ms
[100.885s][info][gc,cpu      ] GC(146) User=0.01s Sys=0.00s Real=0.00s
[100.885s][info][gc,marking  ] GC(146) Concurrent Rebuild Remembered Sets
[101.016s][info][gc,marking  ] GC(146) Concurrent Rebuild Remembered Sets 130.795ms
[101.016s][info][gc,start    ] GC(146) Pause Cleanup
[101.016s][info][gc          ] GC(146) Pause Cleanup 156M->156M(235M) 0.134ms
[101.016s][info][gc,cpu      ] GC(146) User=0.00s Sys=0.00s Real=0.00s
[101.016s][info][gc,marking  ] GC(146) Concurrent Cleanup for Next Mark
[101.017s][info][gc,marking  ] GC(146) Concurrent Cleanup for Next Mark 1.081ms
[101.017s][info][gc          ] GC(146) Concurrent Cycle 351.113ms
[101.252s][info][gc,start    ] GC(147) Pause Young (Normal) (G1 Evacuation Pause)
[101.252s][info][gc,task     ] GC(147) Using 8 workers of 8 for evacuation
[101.259s][info][gc,phases   ] GC(147)   Pre Evacuate Collection Set: 0.1ms
[101.259s][info][gc,phases   ] GC(147)   Merge Heap Roots: 0.1ms
[101.259s][info][gc,phases   ] GC(147)   Evacuate Collection Set: 6.2ms
[101.259s][info][gc,phases   ] GC(147)   Post Evacuate Collection Set: 0.4ms
[101.259s][info][gc,phases   ] GC(147)   Other: 0.2ms
[101.259s][info][gc,heap     ] GC(147) Eden regions: 73->0(79)
[101.259s][info][gc,heap     ] GC(147) Survivor regions: 8->6(11)
[101.259s][info][gc,heap     ] GC(147) Old regions: 111->115
[101.259s][info][gc,heap     ] GC(147) Archive regions: 2->2
[101.259s][info][gc,heap     ] GC(147) Humongous regions: 3->3
[101.259s][info][gc,metaspace] GC(147) Metaspace: 46655K(47824K)->46655K(47824K) NonClass: 41003K(41808K)->41003K(41808K) Class: 5652K(6016K)->5652K(6016K)
[101.259s][info][gc          ] GC(147) Pause Young (Normal) (G1 Evacuation Pause) 194M->123M(235M) 7.204ms
[101.259s][info][gc,cpu      ] GC(147) User=0.04s Sys=0.00s Real=0.01s
[101.824s][info][gc,start    ] GC(148) Pause Young (Concurrent Start) (G1 Evacuation Pause)
[101.824s][info][gc,task     ] GC(148) Using 8 workers of 8 for evacuation
[101.833s][info][gc,phases   ] GC(148)   Pre Evacuate Collection Set: 0.2ms
[101.833s][info][gc,phases   ] GC(148)   Merge Heap Roots: 0.1ms
[101.833s][info][gc,phases   ] GC(148)   Evacuate Collection Set: 8.2ms
[101.833s][info][gc,phases   ] GC(148)   Post Evacuate Collection Set: 0.3ms
[101.833s][info][gc,phases   ] GC(148)   Other: 0.3ms
[101.833s][info][gc,heap     ] GC(148) Eden regions: 79->0(75)
[101.833s][info][gc,heap     ] GC(148) Survivor regions: 6->8(11)
[101.833s][info][gc,heap     ] GC(148) Old regions: 115->115
[101.833s][info][gc,heap     ] GC(148) Archive regions: 2->2
[101.833s][info][gc,heap     ] GC(148) Humongous regions: 3->3
[101.833s][info][gc,metaspace] GC(148) Metaspace: 46655K(47824K)->46655K(47824K) NonClass: 41003K(41808K)->41003K(41808K) Class: 5652K(6016K)->5652K(6016K)
[101.833s][info][gc          ] GC(148) Pause Young (Concurrent Start) (G1 Evacuation Pause) 202M->125M(235M) 9.257ms
[101.833s][info][gc,cpu      ] GC(148) User=0.03s Sys=0.00s Real=0.01s
[101.833s][info][gc          ] GC(149) Concurrent Cycle
[101.833s][info][gc,marking  ] GC(149) Concurrent Clear Claimed Marks
[101.833s][info][gc,marking  ] GC(149) Concurrent Clear Claimed Marks 0.056ms
[101.833s][info][gc,marking  ] GC(149) Concurrent Scan Root Regions
[101.839s][info][gc,marking  ] GC(149) Concurrent Scan Root Regions 5.876ms
[101.839s][info][gc,marking  ] GC(149) Concurrent Mark (101.839s)
[101.839s][info][gc,marking  ] GC(149) Concurrent Mark From Roots
[101.839s][info][gc,task     ] GC(149) Using 2 workers of 2 for marking
[102.041s][info][gc,marking  ] GC(149) Concurrent Mark From Roots 202.278ms
[102.042s][info][gc,marking  ] GC(149) Concurrent Preclean
[102.042s][info][gc,marking  ] GC(149) Concurrent Preclean 0.084ms
[102.042s][info][gc,marking  ] GC(149) Concurrent Mark (101.839s, 102.042s) 202.435ms
[102.042s][info][gc,start    ] GC(149) Pause Remark
[102.044s][info][gc          ] GC(149) Pause Remark 147M->147M(252M) 2.467ms
[102.044s][info][gc,cpu      ] GC(149) User=0.01s Sys=0.00s Real=0.00s
[102.044s][info][gc,marking  ] GC(149) Concurrent Rebuild Remembered Sets
[102.167s][info][gc,marking  ] GC(149) Concurrent Rebuild Remembered Sets 122.673ms
[102.167s][info][gc,start    ] GC(149) Pause Cleanup
[102.167s][info][gc          ] GC(149) Pause Cleanup 163M->163M(252M) 0.168ms
[102.167s][info][gc,cpu      ] GC(149) User=0.00s Sys=0.00s Real=0.00s
[102.167s][info][gc,marking  ] GC(149) Concurrent Cleanup for Next Mark
[102.168s][info][gc,marking  ] GC(149) Concurrent Cleanup for Next Mark 0.514ms
[102.168s][info][gc          ] GC(149) Concurrent Cycle 334.874ms
[102.389s][info][gc,start    ] GC(150) Pause Young (Normal) (G1 Evacuation Pause)
[102.389s][info][gc,task     ] GC(150) Using 8 workers of 8 for evacuation
[102.395s][info][gc,phases   ] GC(150)   Pre Evacuate Collection Set: 0.1ms
[102.395s][info][gc,phases   ] GC(150)   Merge Heap Roots: 0.1ms
[102.395s][info][gc,phases   ] GC(150)   Evacuate Collection Set: 5.7ms
[102.395s][info][gc,phases   ] GC(150)   Post Evacuate Collection Set: 0.4ms
[102.395s][info][gc,phases   ] GC(150)   Other: 0.2ms
[102.395s][info][gc,heap     ] GC(150) Eden regions: 73->0(89)
[102.395s][info][gc,heap     ] GC(150) Survivor regions: 8->8(11)
[102.395s][info][gc,heap     ] GC(150) Old regions: 115->116
[102.395s][info][gc,heap     ] GC(150) Archive regions: 2->2
[102.395s][info][gc,heap     ] GC(150) Humongous regions: 3->3
[102.395s][info][gc,metaspace] GC(150) Metaspace: 46655K(47824K)->46655K(47824K) NonClass: 41003K(41808K)->41003K(41808K) Class: 5652K(6016K)->5652K(6016K)
[102.395s][info][gc          ] GC(150) Pause Young (Normal) (G1 Evacuation Pause) 198M->127M(252M) 6.519ms
[102.395s][info][gc,cpu      ] GC(150) User=0.04s Sys=0.00s Real=0.00s
[102.963s][info][gc,start    ] GC(151) Pause Young (Concurrent Start) (G1 Evacuation Pause)
[102.963s][info][gc,task     ] GC(151) Using 8 workers of 8 for evacuation
[102.970s][info][gc,phases   ] GC(151)   Pre Evacuate Collection Set: 0.1ms
[102.970s][info][gc,phases   ] GC(151)   Merge Heap Roots: 0.1ms
[102.970s][info][gc,phases   ] GC(151)   Evacuate Collection Set: 6.1ms
[102.970s][info][gc,phases   ] GC(151)   Post Evacuate Collection Set: 0.4ms
[102.970s][info][gc,phases   ] GC(151)   Other: 0.2ms
[102.970s][info][gc,heap     ] GC(151) Eden regions: 89->0(87)
[102.970s][info][gc,heap     ] GC(151) Survivor regions: 8->8(13)
[102.970s][info][gc,heap     ] GC(151) Old regions: 116->118
[102.970s][info][gc,heap     ] GC(151) Archive regions: 2->2
[102.970s][info][gc,heap     ] GC(151) Humongous regions: 3->3
[102.970s][info][gc,metaspace] GC(151) Metaspace: 46655K(47824K)->46655K(47824K) NonClass: 41003K(41808K)->41003K(41808K) Class: 5652K(6016K)->5652K(6016K)
[102.970s][info][gc          ] GC(151) Pause Young (Concurrent Start) (G1 Evacuation Pause) 216M->129M(252M) 6.925ms
[102.970s][info][gc,cpu      ] GC(151) User=0.04s Sys=0.00s Real=0.01s
[102.970s][info][gc          ] GC(152) Concurrent Cycle
[102.970s][info][gc,marking  ] GC(152) Concurrent Clear Claimed Marks
[102.970s][info][gc,marking  ] GC(152) Concurrent Clear Claimed Marks 0.071ms
[102.970s][info][gc,marking  ] GC(152) Concurrent Scan Root Regions
[102.976s][info][gc,marking  ] GC(152) Concurrent Scan Root Regions 6.056ms
[102.976s][info][gc,marking  ] GC(152) Concurrent Mark (102.976s)
[102.976s][info][gc,marking  ] GC(152) Concurrent Mark From Roots
[102.977s][info][gc,task     ] GC(152) Using 2 workers of 2 for marking
[103.175s][info][gc,marking  ] GC(152) Concurrent Mark From Roots 198.382ms
[103.175s][info][gc,marking  ] GC(152) Concurrent Preclean
[103.175s][info][gc,marking  ] GC(152) Concurrent Preclean 0.083ms
[103.175s][info][gc,marking  ] GC(152) Concurrent Mark (102.976s, 103.175s) 198.537ms
[103.175s][info][gc,start    ] GC(152) Pause Remark
[103.177s][info][gc          ] GC(152) Pause Remark 156M->156M(264M) 2.220ms
[103.177s][info][gc,cpu      ] GC(152) User=0.01s Sys=0.00s Real=0.01s
[103.178s][info][gc,marking  ] GC(152) Concurrent Rebuild Remembered Sets
[103.285s][info][gc,marking  ] GC(152) Concurrent Rebuild Remembered Sets 107.323ms
[103.285s][info][gc,start    ] GC(152) Pause Cleanup
[103.285s][info][gc          ] GC(152) Pause Cleanup 173M->173M(264M) 0.162ms
[103.285s][info][gc,cpu      ] GC(152) User=0.00s Sys=0.00s Real=0.00s
[103.285s][info][gc,marking  ] GC(152) Concurrent Cleanup for Next Mark
[103.286s][info][gc,marking  ] GC(152) Concurrent Cleanup for Next Mark 0.935ms
[103.286s][info][gc          ] GC(152) Concurrent Cycle 316.038ms
[103.522s][info][gc,start    ] GC(153) Pause Young (Normal) (G1 Evacuation Pause)
[103.522s][info][gc,task     ] GC(153) Using 8 workers of 8 for evacuation
[103.530s][info][gc,phases   ] GC(153)   Pre Evacuate Collection Set: 0.1ms
[103.530s][info][gc,phases   ] GC(153)   Merge Heap Roots: 0.1ms
[103.530s][info][gc,phases   ] GC(153)   Evacuate Collection Set: 7.0ms
[103.530s][info][gc,phases   ] GC(153)   Post Evacuate Collection Set: 0.5ms
[103.530s][info][gc,phases   ] GC(153)   Other: 0.2ms
[103.530s][info][gc,heap     ] GC(153) Eden regions: 86->0(94)
[103.530s][info][gc,heap     ] GC(153) Survivor regions: 8->9(12)
[103.530s][info][gc,heap     ] GC(153) Old regions: 118->120
[103.530s][info][gc,heap     ] GC(153) Archive regions: 2->2
[103.530s][info][gc,heap     ] GC(153) Humongous regions: 3->3
[103.530s][info][gc,metaspace] GC(153) Metaspace: 46655K(47824K)->46655K(47824K) NonClass: 41003K(41808K)->41003K(41808K) Class: 5652K(6016K)->5652K(6016K)
[103.530s][info][gc          ] GC(153) Pause Young (Normal) (G1 Evacuation Pause) 215M->131M(264M) 8.076ms
[103.531s][info][gc,cpu      ] GC(153) User=0.04s Sys=0.00s Real=0.01s
[104.110s][info][gc,start    ] GC(154) Pause Young (Concurrent Start) (G1 Evacuation Pause)
[104.110s][info][gc,task     ] GC(154) Using 8 workers of 8 for evacuation
[104.118s][info][gc,phases   ] GC(154)   Pre Evacuate Collection Set: 0.2ms
[104.118s][info][gc,phases   ] GC(154)   Merge Heap Roots: 0.1ms
[104.118s][info][gc,phases   ] GC(154)   Evacuate Collection Set: 7.4ms
[104.118s][info][gc,phases   ] GC(154)   Post Evacuate Collection Set: 0.4ms
[104.118s][info][gc,phases   ] GC(154)   Other: 0.3ms
[104.118s][info][gc,heap     ] GC(154) Eden regions: 94->0(92)
[104.118s][info][gc,heap     ] GC(154) Survivor regions: 9->9(13)
[104.118s][info][gc,heap     ] GC(154) Old regions: 120->122
[104.118s][info][gc,heap     ] GC(154) Archive regions: 2->2
[104.118s][info][gc,heap     ] GC(154) Humongous regions: 3->3
[104.118s][info][gc,metaspace] GC(154) Metaspace: 46655K(47824K)->46655K(47824K) NonClass: 41003K(41808K)->41003K(41808K) Class: 5652K(6016K)->5652K(6016K)
[104.118s][info][gc          ] GC(154) Pause Young (Concurrent Start) (G1 Evacuation Pause) 225M->133M(264M) 8.417ms
[104.118s][info][gc,cpu      ] GC(154) User=0.05s Sys=0.00s Real=0.01s
[104.118s][info][gc          ] GC(155) Concurrent Cycle
[104.118s][info][gc,marking  ] GC(155) Concurrent Clear Claimed Marks
[104.118s][info][gc,marking  ] GC(155) Concurrent Clear Claimed Marks 0.073ms
[104.118s][info][gc,marking  ] GC(155) Concurrent Scan Root Regions
[104.125s][info][gc,marking  ] GC(155) Concurrent Scan Root Regions 7.197ms
[104.125s][info][gc,marking  ] GC(155) Concurrent Mark (104.125s)
[104.126s][info][gc,marking  ] GC(155) Concurrent Mark From Roots
[104.126s][info][gc,task     ] GC(155) Using 2 workers of 2 for marking
[104.291s][info][gc,marking  ] GC(155) Concurrent Mark From Roots 165.769ms
[104.291s][info][gc,marking  ] GC(155) Concurrent Preclean
[104.291s][info][gc,marking  ] GC(155) Concurrent Preclean 0.065ms
[104.291s][info][gc,marking  ] GC(155) Concurrent Mark (104.125s, 104.291s) 165.890ms
[104.292s][info][gc,start    ] GC(155) Pause Remark
[104.294s][info][gc          ] GC(155) Pause Remark 150M->150M(264M) 2.277ms
[104.294s][info][gc,cpu      ] GC(155) User=0.01s Sys=0.00s Real=0.00s
[104.294s][info][gc,marking  ] GC(155) Concurrent Rebuild Remembered Sets
[104.422s][info][gc,marking  ] GC(155) Concurrent Rebuild Remembered Sets 128.086ms
[104.422s][info][gc,start    ] GC(155) Pause Cleanup
[104.422s][info][gc          ] GC(155) Pause Cleanup 166M->166M(264M) 0.198ms
[104.423s][info][gc,cpu      ] GC(155) User=0.00s Sys=0.00s Real=0.00s
[104.424s][info][gc,marking  ] GC(155) Concurrent Cleanup for Next Mark
[104.425s][info][gc,marking  ] GC(155) Concurrent Cleanup for Next Mark 0.628ms
[104.425s][info][gc          ] GC(155) Concurrent Cycle 306.649ms
[104.497s][info][gc,start    ] GC(156) Pause Young (Concurrent Start) (G1 Humongous Allocation)
[104.497s][info][gc,task     ] GC(156) Using 8 workers of 8 for evacuation
[104.504s][info][gc,phases   ] GC(156)   Pre Evacuate Collection Set: 0.2ms
[104.505s][info][gc,phases   ] GC(156)   Merge Heap Roots: 0.1ms
[104.505s][info][gc,phases   ] GC(156)   Evacuate Collection Set: 6.5ms
[104.505s][info][gc,phases   ] GC(156)   Post Evacuate Collection Set: 0.6ms
[104.505s][info][gc,phases   ] GC(156)   Other: 0.3ms
[104.505s][info][gc,heap     ] GC(156) Eden regions: 41->0(92)
[104.505s][info][gc,heap     ] GC(156) Survivor regions: 9->8(13)
[104.505s][info][gc,heap     ] GC(156) Old regions: 122->124
[104.505s][info][gc,heap     ] GC(156) Archive regions: 2->2
[104.505s][info][gc,heap     ] GC(156) Humongous regions: 3->3
[104.505s][info][gc,metaspace] GC(156) Metaspace: 46657K(47824K)->46657K(47824K) NonClass: 41005K(41808K)->41005K(41808K) Class: 5652K(6016K)->5652K(6016K)
[104.505s][info][gc          ] GC(156) Pause Young (Concurrent Start) (G1 Humongous Allocation) 174M->134M(264M) 7.861ms
[104.505s][info][gc,cpu      ] GC(156) User=0.04s Sys=0.00s Real=0.00s
[104.505s][info][gc          ] GC(157) Concurrent Cycle
[104.505s][info][gc,marking  ] GC(157) Concurrent Clear Claimed Marks
[104.505s][info][gc,marking  ] GC(157) Concurrent Clear Claimed Marks 0.083ms
[104.505s][info][gc,marking  ] GC(157) Concurrent Scan Root Regions
[104.520s][info][gc,marking  ] GC(157) Concurrent Scan Root Regions 15.323ms
[104.520s][info][gc,marking  ] GC(157) Concurrent Mark (104.520s)
[104.520s][info][gc,marking  ] GC(157) Concurrent Mark From Roots
[104.520s][info][gc,task     ] GC(157) Using 2 workers of 2 for marking
[104.776s][info][gc,marking  ] GC(157) Concurrent Mark From Roots 256.012ms
[104.776s][info][gc,marking  ] GC(157) Concurrent Preclean
[104.776s][info][gc,marking  ] GC(157) Concurrent Preclean 0.096ms
[104.776s][info][gc,marking  ] GC(157) Concurrent Mark (104.520s, 104.776s) 256.183ms
[104.777s][info][gc,start    ] GC(157) Pause Remark
[104.779s][info][gc          ] GC(157) Pause Remark 195M->195M(330M) 2.255ms
[104.779s][info][gc,cpu      ] GC(157) User=0.01s Sys=0.00s Real=0.00s
[104.779s][info][gc,marking  ] GC(157) Concurrent Rebuild Remembered Sets
[104.930s][info][gc,marking  ] GC(157) Concurrent Rebuild Remembered Sets 151.490ms
[104.931s][info][gc,start    ] GC(157) Pause Cleanup
[104.931s][info][gc          ] GC(157) Pause Cleanup 217M->217M(330M) 0.131ms
[104.931s][info][gc,cpu      ] GC(157) User=0.00s Sys=0.00s Real=0.00s
[104.931s][info][gc,marking  ] GC(157) Concurrent Cleanup for Next Mark
[104.932s][info][gc,marking  ] GC(157) Concurrent Cleanup for Next Mark 0.625ms
[104.932s][info][gc          ] GC(157) Concurrent Cycle 426.760ms
[105.164s][info][gc,start    ] GC(158) Pause Young (Normal) (G1 Evacuation Pause)
[105.164s][info][gc,task     ] GC(158) Using 8 workers of 8 for evacuation
[105.176s][info][gc,phases   ] GC(158)   Pre Evacuate Collection Set: 0.1ms
[105.176s][info][gc,phases   ] GC(158)   Merge Heap Roots: 0.1ms
[105.176s][info][gc,phases   ] GC(158)   Evacuate Collection Set: 10.6ms
[105.176s][info][gc,phases   ] GC(158)   Post Evacuate Collection Set: 0.4ms
[105.176s][info][gc,phases   ] GC(158)   Other: 0.2ms
[105.176s][info][gc,heap     ] GC(158) Eden regions: 86->0(121)
[105.176s][info][gc,heap     ] GC(158) Survivor regions: 8->8(12)
[105.176s][info][gc,heap     ] GC(158) Old regions: 124->126
[105.176s][info][gc,heap     ] GC(158) Archive regions: 2->2
[105.176s][info][gc,heap     ] GC(158) Humongous regions: 31->31
[105.176s][info][gc,metaspace] GC(158) Metaspace: 46657K(47824K)->46657K(47824K) NonClass: 41005K(41808K)->41005K(41808K) Class: 5652K(6016K)->5652K(6016K)
[105.176s][info][gc          ] GC(158) Pause Young (Normal) (G1 Evacuation Pause) 248M->164M(330M) 11.431ms
[105.176s][info][gc,cpu      ] GC(158) User=0.07s Sys=0.01s Real=0.02s
[105.954s][info][gc,start    ] GC(159) Pause Young (Concurrent Start) (G1 Evacuation Pause)
[105.954s][info][gc,task     ] GC(159) Using 8 workers of 8 for evacuation
[105.962s][info][gc,phases   ] GC(159)   Pre Evacuate Collection Set: 0.1ms
[105.962s][info][gc,phases   ] GC(159)   Merge Heap Roots: 0.1ms
[105.962s][info][gc,phases   ] GC(159)   Evacuate Collection Set: 7.8ms
[105.962s][info][gc,phases   ] GC(159)   Post Evacuate Collection Set: 0.3ms
[105.962s][info][gc,phases   ] GC(159)   Other: 0.2ms
[105.962s][info][gc,heap     ] GC(159) Eden regions: 121->0(116)
[105.962s][info][gc,heap     ] GC(159) Survivor regions: 8->11(17)
[105.962s][info][gc,heap     ] GC(159) Old regions: 126->126
[105.962s][info][gc,heap     ] GC(159) Archive regions: 2->2
[105.962s][info][gc,heap     ] GC(159) Humongous regions: 31->31
[105.962s][info][gc,metaspace] GC(159) Metaspace: 46657K(47824K)->46657K(47824K) NonClass: 41005K(41808K)->41005K(41808K) Class: 5652K(6016K)->5652K(6016K)
[105.962s][info][gc          ] GC(159) Pause Young (Concurrent Start) (G1 Evacuation Pause) 285M->167M(330M) 8.614ms
[105.962s][info][gc,cpu      ] GC(159) User=0.06s Sys=0.00s Real=0.01s
[105.962s][info][gc          ] GC(160) Concurrent Cycle
[105.962s][info][gc,marking  ] GC(160) Concurrent Clear Claimed Marks
[105.962s][info][gc,marking  ] GC(160) Concurrent Clear Claimed Marks 0.056ms
[105.962s][info][gc,marking  ] GC(160) Concurrent Scan Root Regions
[105.969s][info][gc,marking  ] GC(160) Concurrent Scan Root Regions 6.659ms
[105.969s][info][gc,marking  ] GC(160) Concurrent Mark (105.969s)
[105.969s][info][gc,marking  ] GC(160) Concurrent Mark From Roots
[105.969s][info][gc,task     ] GC(160) Using 2 workers of 2 for marking
[106.126s][info][gc,marking  ] GC(160) Concurrent Mark From Roots 157.076ms
[106.126s][info][gc,marking  ] GC(160) Concurrent Preclean
[106.126s][info][gc,marking  ] GC(160) Concurrent Preclean 0.097ms
[106.126s][info][gc,marking  ] GC(160) Concurrent Mark (105.969s, 106.126s) 157.271ms
[106.127s][info][gc,start    ] GC(160) Pause Remark
[106.129s][info][gc          ] GC(160) Pause Remark 184M->157M(330M) 2.357ms
[106.129s][info][gc,cpu      ] GC(160) User=0.02s Sys=0.00s Real=0.00s
[106.131s][info][gc,marking  ] GC(160) Concurrent Rebuild Remembered Sets
[106.256s][info][gc,marking  ] GC(160) Concurrent Rebuild Remembered Sets 125.558ms
[106.256s][info][gc,start    ] GC(160) Pause Cleanup
[106.256s][info][gc          ] GC(160) Pause Cleanup 173M->173M(330M) 0.123ms
[106.256s][info][gc,cpu      ] GC(160) User=0.00s Sys=0.00s Real=0.00s
[106.257s][info][gc,marking  ] GC(160) Concurrent Cleanup for Next Mark
[106.258s][info][gc,marking  ] GC(160) Concurrent Cleanup for Next Mark 1.067ms
[106.258s][info][gc          ] GC(160) Concurrent Cycle 295.440ms
[106.800s][info][gc,start    ] GC(161) Pause Young (Normal) (G1 Evacuation Pause)
[106.800s][info][gc,task     ] GC(161) Using 8 workers of 8 for evacuation
[106.810s][info][gc,phases   ] GC(161)   Pre Evacuate Collection Set: 0.1ms
[106.810s][info][gc,phases   ] GC(161)   Merge Heap Roots: 0.1ms
[106.810s][info][gc,phases   ] GC(161)   Evacuate Collection Set: 8.5ms
[106.810s][info][gc,phases   ] GC(161)   Post Evacuate Collection Set: 0.6ms
[106.810s][info][gc,phases   ] GC(161)   Other: 0.2ms
[106.810s][info][gc,heap     ] GC(161) Eden regions: 116->0(141)
[106.810s][info][gc,heap     ] GC(161) Survivor regions: 11->10(16)
[106.810s][info][gc,heap     ] GC(161) Old regions: 126->130
[106.810s][info][gc,heap     ] GC(161) Archive regions: 2->2
[106.810s][info][gc,heap     ] GC(161) Humongous regions: 4->4
[106.810s][info][gc,metaspace] GC(161) Metaspace: 46657K(47824K)->46657K(47824K) NonClass: 41005K(41808K)->41005K(41808K) Class: 5652K(6016K)->5652K(6016K)
[106.810s][info][gc          ] GC(161) Pause Young (Normal) (G1 Evacuation Pause) 256M->143M(330M) 9.683ms
[106.810s][info][gc,cpu      ] GC(161) User=0.06s Sys=0.00s Real=0.01s
[107.719s][info][gc,start    ] GC(162) Pause Young (Normal) (G1 Evacuation Pause)
[107.719s][info][gc,task     ] GC(162) Using 8 workers of 8 for evacuation
[107.726s][info][gc,phases   ] GC(162)   Pre Evacuate Collection Set: 0.1ms
[107.727s][info][gc,phases   ] GC(162)   Merge Heap Roots: 0.0ms
[107.727s][info][gc,phases   ] GC(162)   Evacuate Collection Set: 7.0ms
[107.727s][info][gc,phases   ] GC(162)   Post Evacuate Collection Set: 0.5ms
[107.727s][info][gc,phases   ] GC(162)   Other: 0.3ms
[107.727s][info][gc,heap     ] GC(162) Eden regions: 141->0(135)
[107.727s][info][gc,heap     ] GC(162) Survivor regions: 10->13(19)
[107.727s][info][gc,heap     ] GC(162) Old regions: 130->130
[107.727s][info][gc,heap     ] GC(162) Archive regions: 2->2
[107.727s][info][gc,heap     ] GC(162) Humongous regions: 4->4
[107.727s][info][gc,metaspace] GC(162) Metaspace: 46658K(47824K)->46658K(47824K) NonClass: 41006K(41808K)->41006K(41808K) Class: 5652K(6016K)->5652K(6016K)
[107.727s][info][gc          ] GC(162) Pause Young (Normal) (G1 Evacuation Pause) 284M->146M(330M) 8.146ms
[107.727s][info][gc,cpu      ] GC(162) User=0.05s Sys=0.00s Real=0.01s
[108.563s][info][gc,start    ] GC(163) Pause Young (Normal) (G1 Evacuation Pause)
[108.563s][info][gc,task     ] GC(163) Using 8 workers of 8 for evacuation
[108.573s][info][gc,phases   ] GC(163)   Pre Evacuate Collection Set: 0.1ms
[108.573s][info][gc,phases   ] GC(163)   Merge Heap Roots: 0.1ms
[108.573s][info][gc,phases   ] GC(163)   Evacuate Collection Set: 9.1ms
[108.573s][info][gc,phases   ] GC(163)   Post Evacuate Collection Set: 0.5ms
[108.573s][info][gc,phases   ] GC(163)   Other: 0.3ms
[108.573s][info][gc,heap     ] GC(163) Eden regions: 135->0(132)
[108.573s][info][gc,heap     ] GC(163) Survivor regions: 13->13(19)
[108.573s][info][gc,heap     ] GC(163) Old regions: 130->133
[108.573s][info][gc,heap     ] GC(163) Archive regions: 2->2
[108.573s][info][gc,heap     ] GC(163) Humongous regions: 4->4
[108.573s][info][gc,metaspace] GC(163) Metaspace: 46658K(47824K)->46658K(47824K) NonClass: 41006K(41808K)->41006K(41808K) Class: 5652K(6016K)->5652K(6016K)
[108.573s][info][gc          ] GC(163) Pause Young (Normal) (G1 Evacuation Pause) 281M->150M(330M) 10.080ms
[108.573s][info][gc,cpu      ] GC(163) User=0.06s Sys=0.00s Real=0.01s
[109.345s][info][gc,start    ] GC(164) Pause Young (Normal) (G1 Evacuation Pause)
[109.345s][info][gc,task     ] GC(164) Using 8 workers of 8 for evacuation
[109.355s][info][gc,phases   ] GC(164)   Pre Evacuate Collection Set: 0.1ms
[109.355s][info][gc,phases   ] GC(164)   Merge Heap Roots: 0.1ms
[109.355s][info][gc,phases   ] GC(164)   Evacuate Collection Set: 9.2ms
[109.355s][info][gc,phases   ] GC(164)   Post Evacuate Collection Set: 0.4ms
[109.355s][info][gc,phases   ] GC(164)   Other: 0.2ms
[109.355s][info][gc,heap     ] GC(164) Eden regions: 132->0(129)
[109.355s][info][gc,heap     ] GC(164) Survivor regions: 13->13(19)
[109.355s][info][gc,heap     ] GC(164) Old regions: 133->136
[109.355s][info][gc,heap     ] GC(164) Archive regions: 2->2
[109.355s][info][gc,heap     ] GC(164) Humongous regions: 4->4
[109.355s][info][gc,metaspace] GC(164) Metaspace: 46658K(47824K)->46658K(47824K) NonClass: 41006K(41808K)->41006K(41808K) Class: 5652K(6016K)->5652K(6016K)
[109.355s][info][gc          ] GC(164) Pause Young (Normal) (G1 Evacuation Pause) 282M->153M(330M) 10.078ms
[109.355s][info][gc,cpu      ] GC(164) User=0.06s Sys=0.00s Real=0.01s
[110.192s][info][gc,start    ] GC(165) Pause Young (Normal) (G1 Evacuation Pause)
[110.192s][info][gc,task     ] GC(165) Using 8 workers of 8 for evacuation
[110.202s][info][gc,phases   ] GC(165)   Pre Evacuate Collection Set: 0.1ms
[110.202s][info][gc,phases   ] GC(165)   Merge Heap Roots: 0.1ms
[110.202s][info][gc,phases   ] GC(165)   Evacuate Collection Set: 9.4ms
[110.202s][info][gc,phases   ] GC(165)   Post Evacuate Collection Set: 0.4ms
[110.202s][info][gc,phases   ] GC(165)   Other: 0.2ms
[110.202s][info][gc,heap     ] GC(165) Eden regions: 129->0(127)
[110.202s][info][gc,heap     ] GC(165) Survivor regions: 13->11(18)
[110.202s][info][gc,heap     ] GC(165) Old regions: 136->142
[110.202s][info][gc,heap     ] GC(165) Archive regions: 2->2
[110.202s][info][gc,heap     ] GC(165) Humongous regions: 4->4
[110.202s][info][gc,metaspace] GC(165) Metaspace: 46659K(47824K)->46659K(47824K) NonClass: 41007K(41808K)->41007K(41808K) Class: 5652K(6016K)->5652K(6016K)
[110.202s][info][gc          ] GC(165) Pause Young (Normal) (G1 Evacuation Pause) 282M->156M(330M) 10.292ms
[110.202s][info][gc,cpu      ] GC(165) User=0.06s Sys=0.00s Real=0.01s
[111.001s][info][gc,start    ] GC(166) Pause Young (Normal) (G1 Evacuation Pause)
[111.002s][info][gc,task     ] GC(166) Using 8 workers of 8 for evacuation
[111.010s][info][gc,phases   ] GC(166)   Pre Evacuate Collection Set: 0.1ms
[111.010s][info][gc,phases   ] GC(166)   Merge Heap Roots: 0.1ms
[111.010s][info][gc,phases   ] GC(166)   Evacuate Collection Set: 7.4ms
[111.010s][info][gc,phases   ] GC(166)   Post Evacuate Collection Set: 0.4ms
[111.010s][info][gc,phases   ] GC(166)   Other: 0.2ms
[111.010s][info][gc,heap     ] GC(166) Eden regions: 127->0(125)
[111.010s][info][gc,heap     ] GC(166) Survivor regions: 11->10(18)
[111.010s][info][gc,heap     ] GC(166) Old regions: 142->146
[111.010s][info][gc,heap     ] GC(166) Archive regions: 2->2
[111.010s][info][gc,heap     ] GC(166) Humongous regions: 4->4
[111.010s][info][gc,metaspace] GC(166) Metaspace: 46659K(47824K)->46659K(47824K) NonClass: 41007K(41808K)->41007K(41808K) Class: 5652K(6016K)->5652K(6016K)
[111.010s][info][gc          ] GC(166) Pause Young (Normal) (G1 Evacuation Pause) 283M->159M(330M) 8.297ms
[111.010s][info][gc,cpu      ] GC(166) User=0.05s Sys=0.00s Real=0.01s
[111.763s][info][gc,start    ] GC(167) Pause Young (Concurrent Start) (G1 Evacuation Pause)
[111.763s][info][gc,task     ] GC(167) Using 8 workers of 8 for evacuation
[111.772s][info][gc,phases   ] GC(167)   Pre Evacuate Collection Set: 0.1ms
[111.772s][info][gc,phases   ] GC(167)   Merge Heap Roots: 0.1ms
[111.772s][info][gc,phases   ] GC(167)   Evacuate Collection Set: 7.9ms
[111.772s][info][gc,phases   ] GC(167)   Post Evacuate Collection Set: 0.6ms
[111.772s][info][gc,phases   ] GC(167)   Other: 0.2ms
[111.772s][info][gc,heap     ] GC(167) Eden regions: 125->0(122)
[111.772s][info][gc,heap     ] GC(167) Survivor regions: 10->10(17)
[111.772s][info][gc,heap     ] GC(167) Old regions: 146->149
[111.772s][info][gc,heap     ] GC(167) Archive regions: 2->2
[111.772s][info][gc,heap     ] GC(167) Humongous regions: 4->4
[111.772s][info][gc,metaspace] GC(167) Metaspace: 46659K(47824K)->46659K(47824K) NonClass: 41007K(41808K)->41007K(41808K) Class: 5652K(6016K)->5652K(6016K)
[111.772s][info][gc          ] GC(167) Pause Young (Concurrent Start) (G1 Evacuation Pause) 284M->163M(330M) 9.020ms
[111.772s][info][gc,cpu      ] GC(167) User=0.05s Sys=0.00s Real=0.01s
[111.772s][info][gc          ] GC(168) Concurrent Cycle
[111.772s][info][gc,marking  ] GC(168) Concurrent Clear Claimed Marks
[111.772s][info][gc,marking  ] GC(168) Concurrent Clear Claimed Marks 0.062ms
[111.772s][info][gc,marking  ] GC(168) Concurrent Scan Root Regions
[111.780s][info][gc,marking  ] GC(168) Concurrent Scan Root Regions 7.768ms
[111.780s][info][gc,marking  ] GC(168) Concurrent Mark (111.780s)
[111.780s][info][gc,marking  ] GC(168) Concurrent Mark From Roots
[111.780s][info][gc,task     ] GC(168) Using 2 workers of 2 for marking
[112.042s][info][gc,marking  ] GC(168) Concurrent Mark From Roots 261.263ms
[112.042s][info][gc,marking  ] GC(168) Concurrent Preclean
[112.042s][info][gc,marking  ] GC(168) Concurrent Preclean 0.094ms
[112.042s][info][gc,marking  ] GC(168) Concurrent Mark (111.780s, 112.042s) 261.452ms
[112.042s][info][gc,start    ] GC(168) Pause Remark
[112.044s][info][gc          ] GC(168) Pause Remark 199M->199M(337M) 1.931ms
[112.044s][info][gc,cpu      ] GC(168) User=0.01s Sys=0.00s Real=0.00s
[112.044s][info][gc,marking  ] GC(168) Concurrent Rebuild Remembered Sets
[112.191s][info][gc,marking  ] GC(168) Concurrent Rebuild Remembered Sets 146.902ms
[112.191s][info][gc,start    ] GC(168) Pause Cleanup
[112.191s][info][gc          ] GC(168) Pause Cleanup 220M->220M(337M) 0.160ms
[112.191s][info][gc,cpu      ] GC(168) User=0.00s Sys=0.00s Real=0.00s
[112.191s][info][gc,marking  ] GC(168) Concurrent Cleanup for Next Mark
[112.192s][info][gc,marking  ] GC(168) Concurrent Cleanup for Next Mark 0.600ms
[112.192s][info][gc          ] GC(168) Concurrent Cycle 419.817ms
[112.620s][info][gc,start    ] GC(169) Pause Young (Normal) (G1 Evacuation Pause)
[112.620s][info][gc,task     ] GC(169) Using 8 workers of 8 for evacuation
[112.628s][info][gc,phases   ] GC(169)   Pre Evacuate Collection Set: 0.1ms
[112.628s][info][gc,phases   ] GC(169)   Merge Heap Roots: 0.1ms
[112.628s][info][gc,phases   ] GC(169)   Evacuate Collection Set: 6.9ms
[112.628s][info][gc,phases   ] GC(169)   Post Evacuate Collection Set: 0.5ms
[112.628s][info][gc,phases   ] GC(169)   Other: 0.2ms
[112.628s][info][gc,heap     ] GC(169) Eden regions: 121->0(125)
[112.628s][info][gc,heap     ] GC(169) Survivor regions: 10->10(17)
[112.628s][info][gc,heap     ] GC(169) Old regions: 149->152
[112.628s][info][gc,heap     ] GC(169) Archive regions: 2->2
[112.628s][info][gc,heap     ] GC(169) Humongous regions: 4->4
[112.628s][info][gc,metaspace] GC(169) Metaspace: 46659K(47824K)->46659K(47824K) NonClass: 41007K(41808K)->41007K(41808K) Class: 5652K(6016K)->5652K(6016K)
[112.628s][info][gc          ] GC(169) Pause Young (Normal) (G1 Evacuation Pause) 284M->166M(337M) 7.890ms
[112.628s][info][gc,cpu      ] GC(169) User=0.06s Sys=0.00s Real=0.01s
[113.438s][info][gc,start    ] GC(170) Pause Young (Concurrent Start) (G1 Evacuation Pause)
[113.438s][info][gc,task     ] GC(170) Using 8 workers of 8 for evacuation
[113.446s][info][gc,phases   ] GC(170)   Pre Evacuate Collection Set: 0.1ms
[113.446s][info][gc,phases   ] GC(170)   Merge Heap Roots: 0.1ms
[113.446s][info][gc,phases   ] GC(170)   Evacuate Collection Set: 7.2ms
[113.446s][info][gc,phases   ] GC(170)   Post Evacuate Collection Set: 0.6ms
[113.446s][info][gc,phases   ] GC(170)   Other: 0.2ms
[113.446s][info][gc,heap     ] GC(170) Eden regions: 125->0(121)
[113.446s][info][gc,heap     ] GC(170) Survivor regions: 10->10(17)
[113.446s][info][gc,heap     ] GC(170) Old regions: 152->156
[113.446s][info][gc,heap     ] GC(170) Archive regions: 2->2
[113.446s][info][gc,heap     ] GC(170) Humongous regions: 4->4
[113.446s][info][gc,metaspace] GC(170) Metaspace: 46659K(47824K)->46659K(47824K) NonClass: 41007K(41808K)->41007K(41808K) Class: 5652K(6016K)->5652K(6016K)
[113.446s][info][gc          ] GC(170) Pause Young (Concurrent Start) (G1 Evacuation Pause) 291M->168M(337M) 8.501ms
[113.446s][info][gc,cpu      ] GC(170) User=0.05s Sys=0.00s Real=0.01s
[113.446s][info][gc          ] GC(171) Concurrent Cycle
[113.446s][info][gc,marking  ] GC(171) Concurrent Clear Claimed Marks
[113.446s][info][gc,marking  ] GC(171) Concurrent Clear Claimed Marks 0.060ms
[113.446s][info][gc,marking  ] GC(171) Concurrent Scan Root Regions
[113.454s][info][gc,marking  ] GC(171) Concurrent Scan Root Regions 7.742ms
[113.454s][info][gc,marking  ] GC(171) Concurrent Mark (113.454s)
[113.454s][info][gc,marking  ] GC(171) Concurrent Mark From Roots
[113.454s][info][gc,task     ] GC(171) Using 2 workers of 2 for marking
[113.728s][info][gc,marking  ] GC(171) Concurrent Mark From Roots 274.167ms
[113.728s][info][gc,marking  ] GC(171) Concurrent Preclean
[113.728s][info][gc,marking  ] GC(171) Concurrent Preclean 0.125ms
[113.729s][info][gc,marking  ] GC(171) Concurrent Mark (113.454s, 113.729s) 274.402ms
[113.729s][info][gc,start    ] GC(171) Pause Remark
[113.732s][info][gc          ] GC(171) Pause Remark 201M->201M(342M) 2.832ms
[113.732s][info][gc,cpu      ] GC(171) User=0.02s Sys=0.00s Real=0.00s
[113.732s][info][gc,marking  ] GC(171) Concurrent Rebuild Remembered Sets
[113.931s][info][gc,marking  ] GC(171) Concurrent Rebuild Remembered Sets 199.831ms
[113.932s][info][gc,start    ] GC(171) Pause Cleanup
[113.932s][info][gc          ] GC(171) Pause Cleanup 226M->226M(342M) 0.136ms
[113.932s][info][gc,cpu      ] GC(171) User=0.01s Sys=0.00s Real=0.00s
[113.932s][info][gc,marking  ] GC(171) Concurrent Cleanup for Next Mark
[113.933s][info][gc,marking  ] GC(171) Concurrent Cleanup for Next Mark 0.618ms
[113.933s][info][gc          ] GC(171) Concurrent Cycle 486.490ms
[114.346s][info][gc,start    ] GC(172) Pause Young (Normal) (G1 Evacuation Pause)
[114.346s][info][gc,task     ] GC(172) Using 8 workers of 8 for evacuation
[114.354s][info][gc,phases   ] GC(172)   Pre Evacuate Collection Set: 0.1ms
[114.354s][info][gc,phases   ] GC(172)   Merge Heap Roots: 0.1ms
[114.354s][info][gc,phases   ] GC(172)   Evacuate Collection Set: 7.1ms
[114.354s][info][gc,phases   ] GC(172)   Post Evacuate Collection Set: 0.7ms
[114.354s][info][gc,phases   ] GC(172)   Other: 0.3ms
[114.354s][info][gc,heap     ] GC(172) Eden regions: 120->0(122)
[114.354s][info][gc,heap     ] GC(172) Survivor regions: 10->10(17)
[114.354s][info][gc,heap     ] GC(172) Old regions: 156->159
[114.354s][info][gc,heap     ] GC(172) Archive regions: 2->2
[114.354s][info][gc,heap     ] GC(172) Humongous regions: 4->4
[114.354s][info][gc,metaspace] GC(172) Metaspace: 46659K(47824K)->46659K(47824K) NonClass: 41007K(41808K)->41007K(41808K) Class: 5652K(6016K)->5652K(6016K)
[114.354s][info][gc          ] GC(172) Pause Young (Normal) (G1 Evacuation Pause) 288M->171M(342M) 8.416ms
[114.354s][info][gc,cpu      ] GC(172) User=0.05s Sys=0.00s Real=0.00s
[115.175s][info][gc,start    ] GC(173) Pause Young (Concurrent Start) (G1 Evacuation Pause)
[115.175s][info][gc,task     ] GC(173) Using 8 workers of 8 for evacuation
[115.184s][info][gc,phases   ] GC(173)   Pre Evacuate Collection Set: 0.1ms
[115.184s][info][gc,phases   ] GC(173)   Merge Heap Roots: 0.1ms
[115.184s][info][gc,phases   ] GC(173)   Evacuate Collection Set: 7.7ms
[115.184s][info][gc,phases   ] GC(173)   Post Evacuate Collection Set: 0.3ms
[115.184s][info][gc,phases   ] GC(173)   Other: 0.3ms
[115.184s][info][gc,heap     ] GC(173) Eden regions: 122->0(120)
[115.184s][info][gc,heap     ] GC(173) Survivor regions: 10->10(17)
[115.184s][info][gc,heap     ] GC(173) Old regions: 159->161
[115.184s][info][gc,heap     ] GC(173) Archive regions: 2->2
[115.184s][info][gc,heap     ] GC(173) Humongous regions: 4->4
[115.184s][info][gc,metaspace] GC(173) Metaspace: 46659K(47824K)->46659K(47824K) NonClass: 41007K(41808K)->41007K(41808K) Class: 5652K(6016K)->5652K(6016K)
[115.184s][info][gc          ] GC(173) Pause Young (Concurrent Start) (G1 Evacuation Pause) 293M->174M(342M) 8.727ms
[115.184s][info][gc,cpu      ] GC(173) User=0.05s Sys=0.00s Real=0.01s
[115.184s][info][gc          ] GC(174) Concurrent Cycle
[115.184s][info][gc,marking  ] GC(174) Concurrent Clear Claimed Marks
[115.184s][info][gc,marking  ] GC(174) Concurrent Clear Claimed Marks 0.080ms
[115.184s][info][gc,marking  ] GC(174) Concurrent Scan Root Regions
[115.192s][info][gc,marking  ] GC(174) Concurrent Scan Root Regions 7.821ms
[115.192s][info][gc,marking  ] GC(174) Concurrent Mark (115.192s)
[115.192s][info][gc,marking  ] GC(174) Concurrent Mark From Roots
[115.192s][info][gc,task     ] GC(174) Using 2 workers of 2 for marking
[115.466s][info][gc,marking  ] GC(174) Concurrent Mark From Roots 273.799ms
[115.466s][info][gc,marking  ] GC(174) Concurrent Preclean
[115.466s][info][gc,marking  ] GC(174) Concurrent Preclean 0.065ms
[115.466s][info][gc,marking  ] GC(174) Concurrent Mark (115.192s, 115.466s) 273.926ms
[115.466s][info][gc,start    ] GC(174) Pause Remark
[115.468s][info][gc          ] GC(174) Pause Remark 212M->212M(359M) 2.088ms
[115.468s][info][gc,cpu      ] GC(174) User=0.01s Sys=0.00s Real=0.00s
[115.468s][info][gc,marking  ] GC(174) Concurrent Rebuild Remembered Sets
[115.661s][info][gc,marking  ] GC(174) Concurrent Rebuild Remembered Sets 192.637ms
[115.661s][info][gc,start    ] GC(174) Pause Cleanup
[115.661s][info][gc          ] GC(174) Pause Cleanup 236M->236M(359M) 0.177ms
[115.661s][info][gc,cpu      ] GC(174) User=0.00s Sys=0.00s Real=0.00s
[115.661s][info][gc,marking  ] GC(174) Concurrent Cleanup for Next Mark
[115.662s][info][gc,marking  ] GC(174) Concurrent Cleanup for Next Mark 0.791ms
[115.662s][info][gc          ] GC(174) Concurrent Cycle 478.273ms
[116.008s][info][gc,start    ] GC(175) Pause Young (Normal) (G1 Evacuation Pause)
[116.008s][info][gc,task     ] GC(175) Using 8 workers of 8 for evacuation
[116.016s][info][gc,phases   ] GC(175)   Pre Evacuate Collection Set: 0.1ms
[116.016s][info][gc,phases   ] GC(175)   Merge Heap Roots: 0.1ms
[116.016s][info][gc,phases   ] GC(175)   Evacuate Collection Set: 7.1ms
[116.016s][info][gc,phases   ] GC(175)   Post Evacuate Collection Set: 0.3ms
[116.016s][info][gc,phases   ] GC(175)   Other: 0.2ms
[116.016s][info][gc,heap     ] GC(175) Eden regions: 119->0(132)
[116.016s][info][gc,heap     ] GC(175) Survivor regions: 10->10(17)
[116.016s][info][gc,heap     ] GC(175) Old regions: 161->165
[116.016s][info][gc,heap     ] GC(175) Archive regions: 2->2
[116.016s][info][gc,heap     ] GC(175) Humongous regions: 4->4
[116.016s][info][gc,metaspace] GC(175) Metaspace: 46659K(47824K)->46659K(47824K) NonClass: 41007K(41808K)->41007K(41808K) Class: 5652K(6016K)->5652K(6016K)
[116.016s][info][gc          ] GC(175) Pause Young (Normal) (G1 Evacuation Pause) 293M->177M(359M) 7.771ms
[116.016s][info][gc,cpu      ] GC(175) User=0.04s Sys=0.00s Real=0.01s
[116.946s][info][gc,start    ] GC(176) Pause Young (Concurrent Start) (G1 Evacuation Pause)
[116.946s][info][gc,task     ] GC(176) Using 8 workers of 8 for evacuation
[116.955s][info][gc,phases   ] GC(176)   Pre Evacuate Collection Set: 0.1ms
[116.955s][info][gc,phases   ] GC(176)   Merge Heap Roots: 0.1ms
[116.955s][info][gc,phases   ] GC(176)   Evacuate Collection Set: 8.1ms
[116.955s][info][gc,phases   ] GC(176)   Post Evacuate Collection Set: 0.4ms
[116.955s][info][gc,phases   ] GC(176)   Other: 0.2ms
[116.955s][info][gc,heap     ] GC(176) Eden regions: 132->0(126)
[116.955s][info][gc,heap     ] GC(176) Survivor regions: 10->13(18)
[116.955s][info][gc,heap     ] GC(176) Old regions: 165->165
[116.955s][info][gc,heap     ] GC(176) Archive regions: 2->2
[116.955s][info][gc,heap     ] GC(176) Humongous regions: 4->4
[116.955s][info][gc,metaspace] GC(176) Metaspace: 46659K(47824K)->46659K(47824K) NonClass: 41007K(41808K)->41007K(41808K) Class: 5652K(6016K)->5652K(6016K)
[116.955s][info][gc          ] GC(176) Pause Young (Concurrent Start) (G1 Evacuation Pause) 309M->180M(359M) 9.032ms
[116.955s][info][gc,cpu      ] GC(176) User=0.06s Sys=0.00s Real=0.00s
[116.955s][info][gc          ] GC(177) Concurrent Cycle
[116.955s][info][gc,marking  ] GC(177) Concurrent Clear Claimed Marks
[116.955s][info][gc,marking  ] GC(177) Concurrent Clear Claimed Marks 0.122ms
[116.955s][info][gc,marking  ] GC(177) Concurrent Scan Root Regions
[116.963s][info][gc,marking  ] GC(177) Concurrent Scan Root Regions 7.737ms
[116.963s][info][gc,marking  ] GC(177) Concurrent Mark (116.963s)
[116.963s][info][gc,marking  ] GC(177) Concurrent Mark From Roots
[116.963s][info][gc,task     ] GC(177) Using 2 workers of 2 for marking
[117.209s][info][gc,marking  ] GC(177) Concurrent Mark From Roots 245.952ms
[117.209s][info][gc,marking  ] GC(177) Concurrent Preclean
[117.209s][info][gc,marking  ] GC(177) Concurrent Preclean 0.096ms
[117.209s][info][gc,marking  ] GC(177) Concurrent Mark (116.963s, 117.209s) 246.131ms
[117.209s][info][gc,start    ] GC(177) Pause Remark
[117.211s][info][gc          ] GC(177) Pause Remark 209M->209M(359M) 1.813ms
[117.211s][info][gc,cpu      ] GC(177) User=0.01s Sys=0.00s Real=0.00s
[117.211s][info][gc,marking  ] GC(177) Concurrent Rebuild Remembered Sets
[117.401s][info][gc,marking  ] GC(177) Concurrent Rebuild Remembered Sets 190.421ms
[117.402s][info][gc,start    ] GC(177) Pause Cleanup
[117.402s][info][gc          ] GC(177) Pause Cleanup 236M->236M(359M) 0.149ms
[117.402s][info][gc,cpu      ] GC(177) User=0.00s Sys=0.00s Real=0.00s
[117.402s][info][gc,marking  ] GC(177) Concurrent Cleanup for Next Mark
[117.403s][info][gc,marking  ] GC(177) Concurrent Cleanup for Next Mark 0.658ms
[117.403s][info][gc          ] GC(177) Concurrent Cycle 447.750ms
[117.847s][info][gc,start    ] GC(178) Pause Young (Normal) (G1 Evacuation Pause)
[117.847s][info][gc,task     ] GC(178) Using 8 workers of 8 for evacuation
[117.856s][info][gc,phases   ] GC(178)   Pre Evacuate Collection Set: 0.1ms
[117.856s][info][gc,phases   ] GC(178)   Merge Heap Roots: 0.1ms
[117.856s][info][gc,phases   ] GC(178)   Evacuate Collection Set: 8.5ms
[117.856s][info][gc,phases   ] GC(178)   Post Evacuate Collection Set: 0.4ms
[117.856s][info][gc,phases   ] GC(178)   Other: 0.2ms
[117.856s][info][gc,heap     ] GC(178) Eden regions: 126->0(124)
[117.856s][info][gc,heap     ] GC(178) Survivor regions: 13->13(18)
[117.856s][info][gc,heap     ] GC(178) Old regions: 165->167
[117.856s][info][gc,heap     ] GC(178) Archive regions: 2->2
[117.856s][info][gc,heap     ] GC(178) Humongous regions: 4->4
[117.856s][info][gc,metaspace] GC(178) Metaspace: 46659K(47824K)->46659K(47824K) NonClass: 41007K(41808K)->41007K(41808K) Class: 5652K(6016K)->5652K(6016K)
[117.857s][info][gc          ] GC(178) Pause Young (Normal) (G1 Evacuation Pause) 306M->183M(359M) 9.279ms
[117.857s][info][gc,cpu      ] GC(178) User=0.06s Sys=0.00s Real=0.01s
[117.970s][info][gc,start    ] GC(179) Pause Young (Concurrent Start) (G1 Humongous Allocation)
[117.970s][info][gc,task     ] GC(179) Using 8 workers of 8 for evacuation
[117.978s][info][gc,phases   ] GC(179)   Pre Evacuate Collection Set: 0.1ms
[117.979s][info][gc,phases   ] GC(179)   Merge Heap Roots: 0.1ms
[117.979s][info][gc,phases   ] GC(179)   Evacuate Collection Set: 7.6ms
[117.979s][info][gc,phases   ] GC(179)   Post Evacuate Collection Set: 0.3ms
[117.979s][info][gc,phases   ] GC(179)   Other: 0.2ms
[117.979s][info][gc,heap     ] GC(179) Eden regions: 17->0(125)
[117.979s][info][gc,heap     ] GC(179) Survivor regions: 13->11(18)
[117.979s][info][gc,heap     ] GC(179) Old regions: 167->170
[117.979s][info][gc,heap     ] GC(179) Archive regions: 2->2
[117.979s][info][gc,heap     ] GC(179) Humongous regions: 4->4
[117.979s][info][gc,metaspace] GC(179) Metaspace: 46659K(47824K)->46659K(47824K) NonClass: 41007K(41808K)->41007K(41808K) Class: 5652K(6016K)->5652K(6016K)
[117.979s][info][gc          ] GC(179) Pause Young (Concurrent Start) (G1 Humongous Allocation) 200M->184M(359M) 8.476ms
[117.979s][info][gc,cpu      ] GC(179) User=0.05s Sys=0.00s Real=0.01s
[117.979s][info][gc          ] GC(180) Concurrent Cycle
[117.979s][info][gc,marking  ] GC(180) Concurrent Clear Claimed Marks
[117.979s][info][gc,marking  ] GC(180) Concurrent Clear Claimed Marks 0.100ms
[117.979s][info][gc,marking  ] GC(180) Concurrent Scan Root Regions
[118.001s][info][gc,marking  ] GC(180) Concurrent Scan Root Regions 22.082ms
[118.001s][info][gc,marking  ] GC(180) Concurrent Mark (118.001s)
[118.001s][info][gc,marking  ] GC(180) Concurrent Mark From Roots
[118.001s][info][gc,task     ] GC(180) Using 2 workers of 2 for marking
[118.350s][info][gc,marking  ] GC(180) Concurrent Mark From Roots 348.443ms
[118.350s][info][gc,marking  ] GC(180) Concurrent Preclean
[118.350s][info][gc,marking  ] GC(180) Concurrent Preclean 0.127ms
[118.350s][info][gc,marking  ] GC(180) Concurrent Mark (118.001s, 118.350s) 348.693ms
[118.350s][info][gc,start    ] GC(180) Pause Remark
[118.353s][info][gc          ] GC(180) Pause Remark 296M->296M(499M) 3.031ms
[118.353s][info][gc,cpu      ] GC(180) User=0.01s Sys=0.00s Real=0.00s
[118.353s][info][gc,marking  ] GC(180) Concurrent Rebuild Remembered Sets
[118.405s][info][gc,task     ] GC(181) Using 8 workers of 8 for full compaction
[118.405s][info][gc,start    ] GC(181) Pause Full (Heap Inspection Initiated GC)
[118.407s][info][gc,phases,start] GC(181) Phase 1: Mark live objects
[118.504s][info][gc,phases      ] GC(181) Phase 1: Mark live objects 97.265ms
[118.504s][info][gc,phases,start] GC(181) Phase 2: Prepare for compaction
[118.522s][info][gc,phases      ] GC(181) Phase 2: Prepare for compaction 18.132ms
[118.522s][info][gc,phases,start] GC(181) Phase 3: Adjust pointers
[118.562s][info][gc,phases      ] GC(181) Phase 3: Adjust pointers 39.241ms
[118.562s][info][gc,phases,start] GC(181) Phase 4: Compact heap
[118.594s][info][gc,phases      ] GC(181) Phase 4: Compact heap 32.428ms
[118.600s][info][gc,heap        ] GC(181) Eden regions: 46->0(252)
[118.600s][info][gc,heap        ] GC(181) Survivor regions: 11->0(18)
[118.600s][info][gc,heap        ] GC(181) Old regions: 170->171
[118.600s][info][gc,heap        ] GC(181) Archive regions: 2->2
[118.600s][info][gc,heap        ] GC(181) Humongous regions: 74->5
[118.600s][info][gc,metaspace   ] GC(181) Metaspace: 46660K(47824K)->46660K(47824K) NonClass: 41008K(41808K)->41008K(41808K) Class: 5652K(6016K)->5652K(6016K)
[118.600s][info][gc             ] GC(181) Pause Full (Heap Inspection Initiated GC) 300M->172M(499M) 194.985ms
[118.601s][info][gc,cpu         ] GC(181) User=0.98s Sys=0.02s Real=0.20s
[118.710s][info][gc,marking     ] GC(180) Concurrent Rebuild Remembered Sets 356.767ms
[118.710s][info][gc,marking     ] GC(180) Concurrent Mark Abort
[118.710s][info][gc             ] GC(180) Concurrent Cycle 731.442ms
[120.719s][info][gc,start       ] GC(182) Pause Young (Normal) (G1 Evacuation Pause)
[120.719s][info][gc,task        ] GC(182) Using 8 workers of 8 for evacuation
[120.728s][info][gc,phases      ] GC(182)   Pre Evacuate Collection Set: 0.1ms
[120.729s][info][gc,phases      ] GC(182)   Merge Heap Roots: 0.1ms
[120.729s][info][gc,phases      ] GC(182)   Evacuate Collection Set: 7.1ms
[120.729s][info][gc,phases      ] GC(182)   Post Evacuate Collection Set: 2.0ms
[120.729s][info][gc,phases      ] GC(182)   Other: 0.3ms
[120.729s][info][gc,heap        ] GC(182) Eden regions: 252->0(245)
[120.729s][info][gc,heap        ] GC(182) Survivor regions: 0->8(32)
[120.729s][info][gc,heap        ] GC(182) Old regions: 171->171
[120.729s][info][gc,heap        ] GC(182) Archive regions: 2->2
[120.729s][info][gc,heap        ] GC(182) Humongous regions: 5->5
[120.729s][info][gc,metaspace   ] GC(182) Metaspace: 46660K(47824K)->46660K(47824K) NonClass: 41008K(41808K)->41008K(41808K) Class: 5652K(6016K)->5652K(6016K)
[120.729s][info][gc             ] GC(182) Pause Young (Normal) (G1 Evacuation Pause) 424M->179M(499M) 9.825ms
[120.729s][info][gc,cpu         ] GC(182) User=0.03s Sys=0.00s Real=0.01s
[122.669s][info][gc,start       ] GC(183) Pause Young (Normal) (G1 Evacuation Pause)
[122.669s][info][gc,task        ] GC(183) Using 8 workers of 8 for evacuation
[122.679s][info][gc,phases      ] GC(183)   Pre Evacuate Collection Set: 0.1ms
[122.679s][info][gc,phases      ] GC(183)   Merge Heap Roots: 0.1ms
[122.679s][info][gc,phases      ] GC(183)   Evacuate Collection Set: 8.8ms
[122.679s][info][gc,phases      ] GC(183)   Post Evacuate Collection Set: 0.5ms
[122.679s][info][gc,phases      ] GC(183)   Other: 0.3ms
[122.679s][info][gc,heap        ] GC(183) Eden regions: 245->0(242)
[122.679s][info][gc,heap        ] GC(183) Survivor regions: 8->13(32)
[122.679s][info][gc,heap        ] GC(183) Old regions: 171->171
[122.679s][info][gc,heap        ] GC(183) Archive regions: 2->2
[122.679s][info][gc,heap        ] GC(183) Humongous regions: 5->5
[122.679s][info][gc,metaspace   ] GC(183) Metaspace: 46661K(47824K)->46661K(47824K) NonClass: 41009K(41808K)->41009K(41808K) Class: 5652K(6016K)->5652K(6016K)
[122.679s][info][gc             ] GC(183) Pause Young (Normal) (G1 Evacuation Pause) 424M->184M(499M) 10.006ms
[122.679s][info][gc,cpu         ] GC(183) User=0.06s Sys=0.00s Real=0.01s
[124.727s][info][gc,start       ] GC(184) Pause Young (Normal) (G1 Evacuation Pause)
[124.727s][info][gc,task        ] GC(184) Using 8 workers of 8 for evacuation
[124.739s][info][gc,phases      ] GC(184)   Pre Evacuate Collection Set: 0.1ms
[124.739s][info][gc,phases      ] GC(184)   Merge Heap Roots: 0.1ms
[124.739s][info][gc,phases      ] GC(184)   Evacuate Collection Set: 10.9ms
[124.739s][info][gc,phases      ] GC(184)   Post Evacuate Collection Set: 0.5ms
[124.739s][info][gc,phases      ] GC(184)   Other: 0.2ms
[124.739s][info][gc,heap        ] GC(184) Eden regions: 242->0(233)
[124.739s][info][gc,heap        ] GC(184) Survivor regions: 13->19(32)
[124.739s][info][gc,heap        ] GC(184) Old regions: 171->171
[124.739s][info][gc,heap        ] GC(184) Archive regions: 2->2
[124.739s][info][gc,heap        ] GC(184) Humongous regions: 5->5
[124.739s][info][gc,metaspace   ] GC(184) Metaspace: 46661K(47824K)->46661K(47824K) NonClass: 41009K(41808K)->41009K(41808K) Class: 5652K(6016K)->5652K(6016K)
[124.739s][info][gc             ] GC(184) Pause Young (Normal) (G1 Evacuation Pause) 426M->190M(499M) 12.000ms
[124.739s][info][gc,cpu         ] GC(184) User=0.08s Sys=0.00s Real=0.01s
[126.225s][info][gc,start       ] GC(185) Pause Young (Normal) (G1 Evacuation Pause)
[126.225s][info][gc,task        ] GC(185) Using 8 workers of 8 for evacuation
[126.241s][info][gc,phases      ] GC(185)   Pre Evacuate Collection Set: 0.1ms
[126.241s][info][gc,phases      ] GC(185)   Merge Heap Roots: 0.1ms
[126.241s][info][gc,phases      ] GC(185)   Evacuate Collection Set: 15.0ms
[126.241s][info][gc,phases      ] GC(185)   Post Evacuate Collection Set: 0.4ms
[126.241s][info][gc,phases      ] GC(185)   Other: 0.2ms
[126.241s][info][gc,heap        ] GC(185) Eden regions: 233->0(228)
[126.241s][info][gc,heap        ] GC(185) Survivor regions: 19->18(32)
[126.241s][info][gc,heap        ] GC(185) Old regions: 171->178
[126.241s][info][gc,heap        ] GC(185) Archive regions: 2->2
[126.241s][info][gc,heap        ] GC(185) Humongous regions: 5->5
[126.241s][info][gc,metaspace   ] GC(185) Metaspace: 46662K(47824K)->46662K(47824K) NonClass: 41010K(41808K)->41010K(41808K) Class: 5652K(6016K)->5652K(6016K)
[126.241s][info][gc             ] GC(185) Pause Young (Normal) (G1 Evacuation Pause) 423M->196M(499M) 15.996ms
[126.241s][info][gc,cpu         ] GC(185) User=0.09s Sys=0.00s Real=0.02s
[127.733s][info][gc,start       ] GC(186) Pause Young (Normal) (G1 Evacuation Pause)
[127.733s][info][gc,task        ] GC(186) Using 8 workers of 8 for evacuation
[127.748s][info][gc,phases      ] GC(186)   Pre Evacuate Collection Set: 0.1ms
[127.748s][info][gc,phases      ] GC(186)   Merge Heap Roots: 0.1ms
[127.748s][info][gc,phases      ] GC(186)   Evacuate Collection Set: 13.8ms
[127.748s][info][gc,phases      ] GC(186)   Post Evacuate Collection Set: 1.2ms
[127.748s][info][gc,phases      ] GC(186)   Other: 0.3ms
[127.748s][info][gc,heap        ] GC(186) Eden regions: 228->0(222)
[127.748s][info][gc,heap        ] GC(186) Survivor regions: 18->18(31)
[127.748s][info][gc,heap        ] GC(186) Old regions: 178->184
[127.748s][info][gc,heap        ] GC(186) Archive regions: 2->2
[127.748s][info][gc,heap        ] GC(186) Humongous regions: 5->5
[127.748s][info][gc,metaspace   ] GC(186) Metaspace: 46662K(47824K)->46662K(47824K) NonClass: 41010K(41808K)->41010K(41808K) Class: 5652K(6016K)->5652K(6016K)
[127.748s][info][gc             ] GC(186) Pause Young (Normal) (G1 Evacuation Pause) 424M->202M(499M) 15.589ms
[127.748s][info][gc,cpu         ] GC(186) User=0.09s Sys=0.00s Real=0.02s
[129.127s][info][gc,start       ] GC(187) Pause Young (Normal) (G1 Evacuation Pause)
[129.127s][info][gc,task        ] GC(187) Using 8 workers of 8 for evacuation
[129.139s][info][gc,phases      ] GC(187)   Pre Evacuate Collection Set: 0.1ms
[129.139s][info][gc,phases      ] GC(187)   Merge Heap Roots: 0.1ms
[129.139s][info][gc,phases      ] GC(187)   Evacuate Collection Set: 11.9ms
[129.139s][info][gc,phases      ] GC(187)   Post Evacuate Collection Set: 0.4ms
[129.139s][info][gc,phases      ] GC(187)   Other: 0.2ms
[129.139s][info][gc,heap        ] GC(187) Eden regions: 222->0(216)
[129.139s][info][gc,heap        ] GC(187) Survivor regions: 18->18(30)
[129.139s][info][gc,heap        ] GC(187) Old regions: 184->190
[129.139s][info][gc,heap        ] GC(187) Archive regions: 2->2
[129.139s][info][gc,heap        ] GC(187) Humongous regions: 5->5
[129.139s][info][gc,metaspace   ] GC(187) Metaspace: 46677K(47824K)->46677K(47824K) NonClass: 41025K(41808K)->41025K(41808K) Class: 5652K(6016K)->5652K(6016K)
[129.139s][info][gc             ] GC(187) Pause Young (Normal) (G1 Evacuation Pause) 424M->208M(499M) 12.888ms
[129.139s][info][gc,cpu         ] GC(187) User=0.08s Sys=0.00s Real=0.01s
[206.365s][info][gc,start       ] GC(188) Pause Young (Normal) (G1 Evacuation Pause)
[206.365s][info][gc,task        ] GC(188) Using 8 workers of 8 for evacuation
[206.381s][info][gc,phases      ] GC(188)   Pre Evacuate Collection Set: 0.1ms
[206.381s][info][gc,phases      ] GC(188)   Merge Heap Roots: 0.1ms
[206.381s][info][gc,phases      ] GC(188)   Evacuate Collection Set: 15.1ms
[206.381s][info][gc,phases      ] GC(188)   Post Evacuate Collection Set: 0.6ms
[206.381s][info][gc,phases      ] GC(188)   Other: 0.3ms
[206.381s][info][gc,heap        ] GC(188) Eden regions: 216->0(194)
[206.381s][info][gc,heap        ] GC(188) Survivor regions: 18->26(30)
[206.381s][info][gc,heap        ] GC(188) Old regions: 190->196
[206.381s][info][gc,heap        ] GC(188) Archive regions: 2->2
[206.381s][info][gc,heap        ] GC(188) Humongous regions: 5->5
[206.381s][info][gc,metaspace   ] GC(188) Metaspace: 46708K(47824K)->46708K(47824K) NonClass: 41056K(41808K)->41056K(41808K) Class: 5652K(6016K)->5652K(6016K)
[206.381s][info][gc             ] GC(188) Pause Young (Normal) (G1 Evacuation Pause) 424M->222M(499M) 16.378ms
[206.381s][info][gc,cpu         ] GC(188) User=0.09s Sys=0.00s Real=0.02s
[207.624s][info][gc,start       ] GC(189) Pause Young (Normal) (G1 Evacuation Pause)
[207.624s][info][gc,task        ] GC(189) Using 8 workers of 8 for evacuation
[207.638s][info][gc,phases      ] GC(189)   Pre Evacuate Collection Set: 0.1ms
[207.638s][info][gc,phases      ] GC(189)   Merge Heap Roots: 0.1ms
[207.638s][info][gc,phases      ] GC(189)   Evacuate Collection Set: 13.0ms
[207.638s][info][gc,phases      ] GC(189)   Post Evacuate Collection Set: 0.4ms
[207.638s][info][gc,phases      ] GC(189)   Other: 0.2ms
[207.638s][info][gc,heap        ] GC(189) Eden regions: 194->0(193)
[207.638s][info][gc,heap        ] GC(189) Survivor regions: 26->21(28)
[207.638s][info][gc,heap        ] GC(189) Old regions: 196->207
[207.638s][info][gc,heap        ] GC(189) Archive regions: 2->2
[207.638s][info][gc,heap        ] GC(189) Humongous regions: 5->5
[207.638s][info][gc,metaspace   ] GC(189) Metaspace: 46713K(47824K)->46713K(47824K) NonClass: 41061K(41808K)->41061K(41808K) Class: 5652K(6016K)->5652K(6016K)
[207.638s][info][gc             ] GC(189) Pause Young (Normal) (G1 Evacuation Pause) 416M->228M(499M) 13.998ms
[207.638s][info][gc,cpu         ] GC(189) User=0.09s Sys=0.00s Real=0.02s
[209.060s][info][gc,start       ] GC(190) Pause Young (Normal) (G1 Evacuation Pause)
[209.060s][info][gc,task        ] GC(190) Using 8 workers of 8 for evacuation
[209.072s][info][gc,phases      ] GC(190)   Pre Evacuate Collection Set: 0.1ms
[209.072s][info][gc,phases      ] GC(190)   Merge Heap Roots: 0.1ms
[209.072s][info][gc,phases      ] GC(190)   Evacuate Collection Set: 10.8ms
[209.072s][info][gc,phases      ] GC(190)   Post Evacuate Collection Set: 0.5ms
[209.072s][info][gc,phases      ] GC(190)   Other: 0.3ms
[209.072s][info][gc,heap        ] GC(190) Eden regions: 193->0(191)
[209.072s][info][gc,heap        ] GC(190) Survivor regions: 21->12(27)
[209.072s][info][gc,heap        ] GC(190) Old regions: 207->221
[209.072s][info][gc,heap        ] GC(190) Archive regions: 2->2
[209.072s][info][gc,heap        ] GC(190) Humongous regions: 5->5
[209.072s][info][gc,metaspace   ] GC(190) Metaspace: 46714K(47824K)->46714K(47824K) NonClass: 41062K(41808K)->41062K(41808K) Class: 5652K(6016K)->5652K(6016K)
[209.072s][info][gc             ] GC(190) Pause Young (Normal) (G1 Evacuation Pause) 421M->234M(499M) 11.862ms
[209.072s][info][gc,cpu         ] GC(190) User=0.07s Sys=0.00s Real=0.01s
[210.523s][info][gc,start       ] GC(191) Pause Young (Concurrent Start) (G1 Evacuation Pause)
[210.524s][info][gc,task        ] GC(191) Using 8 workers of 8 for evacuation
[210.532s][info][gc,phases      ] GC(191)   Pre Evacuate Collection Set: 0.1ms
[210.532s][info][gc,phases      ] GC(191)   Merge Heap Roots: 0.1ms
[210.532s][info][gc,phases      ] GC(191)   Evacuate Collection Set: 8.1ms
[210.532s][info][gc,phases      ] GC(191)   Post Evacuate Collection Set: 0.4ms
[210.532s][info][gc,phases      ] GC(191)   Other: 0.2ms
[210.532s][info][gc,heap        ] GC(191) Eden regions: 191->0(190)
[210.532s][info][gc,heap        ] GC(191) Survivor regions: 12->15(26)
[210.532s][info][gc,heap        ] GC(191) Old regions: 221->221
[210.532s][info][gc,heap        ] GC(191) Archive regions: 2->2
[210.532s][info][gc,heap        ] GC(191) Humongous regions: 5->5
[210.532s][info][gc,metaspace   ] GC(191) Metaspace: 46723K(47824K)->46723K(47824K) NonClass: 41070K(41808K)->41070K(41808K) Class: 5652K(6016K)->5652K(6016K)
[210.533s][info][gc             ] GC(191) Pause Young (Concurrent Start) (G1 Evacuation Pause) 425M->237M(499M) 9.051ms
[210.533s][info][gc,cpu         ] GC(191) User=0.06s Sys=0.00s Real=0.01s
[210.533s][info][gc             ] GC(192) Concurrent Cycle
[210.533s][info][gc,marking     ] GC(192) Concurrent Clear Claimed Marks
[210.533s][info][gc,marking     ] GC(192) Concurrent Clear Claimed Marks 0.061ms
[210.533s][info][gc,marking     ] GC(192) Concurrent Scan Root Regions
[210.542s][info][gc,marking     ] GC(192) Concurrent Scan Root Regions 9.022ms
[210.542s][info][gc,marking     ] GC(192) Concurrent Mark (210.542s)
[210.542s][info][gc,marking     ] GC(192) Concurrent Mark From Roots
[210.542s][info][gc,task        ] GC(192) Using 2 workers of 2 for marking
[211.039s][info][gc,marking     ] GC(192) Concurrent Mark From Roots 497.021ms
[211.039s][info][gc,marking     ] GC(192) Concurrent Preclean
[211.039s][info][gc,marking     ] GC(192) Concurrent Preclean 0.089ms
[211.039s][info][gc,marking     ] GC(192) Concurrent Mark (210.542s, 211.039s) 497.194ms
[211.039s][info][gc,start       ] GC(192) Pause Remark
[211.044s][info][gc             ] GC(192) Pause Remark 295M->295M(502M) 4.740ms
[211.044s][info][gc,cpu         ] GC(192) User=0.02s Sys=0.00s Real=0.00s
[211.044s][info][gc,marking     ] GC(192) Concurrent Rebuild Remembered Sets
[211.497s][info][gc,marking     ] GC(192) Concurrent Rebuild Remembered Sets 453.288ms
[211.498s][info][gc,start       ] GC(192) Pause Cleanup
[211.498s][info][gc             ] GC(192) Pause Cleanup 344M->344M(502M) 0.261ms
[211.498s][info][gc,cpu         ] GC(192) User=0.00s Sys=0.00s Real=0.00s
[211.498s][info][gc,marking     ] GC(192) Concurrent Cleanup for Next Mark
[211.502s][info][gc,marking     ] GC(192) Concurrent Cleanup for Next Mark 3.760ms
[211.502s][info][gc             ] GC(192) Concurrent Cycle 969.732ms
[212.562s][info][gc,start       ] GC(193) Pause Young (Normal) (G1 Evacuation Pause)
[212.562s][info][gc,task        ] GC(193) Using 8 workers of 8 for evacuation
[212.576s][info][gc,phases      ] GC(193)   Pre Evacuate Collection Set: 0.1ms
[212.576s][info][gc,phases      ] GC(193)   Merge Heap Roots: 0.1ms
[212.576s][info][gc,phases      ] GC(193)   Evacuate Collection Set: 13.9ms
[212.576s][info][gc,phases      ] GC(193)   Post Evacuate Collection Set: 0.4ms
[212.576s][info][gc,phases      ] GC(193)   Other: 0.2ms
[212.576s][info][gc,heap        ] GC(193) Eden regions: 189->0(186)
[212.576s][info][gc,heap        ] GC(193) Survivor regions: 15->16(26)
[212.576s][info][gc,heap        ] GC(193) Old regions: 221->226
[212.576s][info][gc,heap        ] GC(193) Archive regions: 2->2
[212.576s][info][gc,heap        ] GC(193) Humongous regions: 5->5
[212.576s][info][gc,metaspace   ] GC(193) Metaspace: 47736K(48720K)->47736K(48720K) NonClass: 41949K(42576K)->41949K(42576K) Class: 5786K(6144K)->5786K(6144K)
[212.577s][info][gc             ] GC(193) Pause Young (Normal) (G1 Evacuation Pause) 426M->242M(502M) 14.823ms
[212.577s][info][gc,cpu         ] GC(193) User=0.07s Sys=0.00s Real=0.02s
[216.082s][info][gc,start       ] GC(194) Pause Young (Concurrent Start) (G1 Evacuation Pause)
[216.082s][info][gc,task        ] GC(194) Using 8 workers of 8 for evacuation
[216.097s][info][gc,phases      ] GC(194)   Pre Evacuate Collection Set: 0.2ms
[216.097s][info][gc,phases      ] GC(194)   Merge Heap Roots: 0.1ms
[216.097s][info][gc,phases      ] GC(194)   Evacuate Collection Set: 13.0ms
[216.097s][info][gc,phases      ] GC(194)   Post Evacuate Collection Set: 0.7ms
[216.097s][info][gc,phases      ] GC(194)   Other: 0.4ms
[216.097s][info][gc,heap        ] GC(194) Eden regions: 186->0(183)
[216.097s][info][gc,heap        ] GC(194) Survivor regions: 16->15(26)
[216.097s][info][gc,heap        ] GC(194) Old regions: 226->231
[216.097s][info][gc,heap        ] GC(194) Archive regions: 2->2
[216.097s][info][gc,heap        ] GC(194) Humongous regions: 5->5
[216.097s][info][gc,metaspace   ] GC(194) Metaspace: 48573K(49616K)->48573K(49616K) NonClass: 42690K(43344K)->42690K(43344K) Class: 5883K(6272K)->5883K(6272K)
[216.097s][info][gc             ] GC(194) Pause Young (Concurrent Start) (G1 Evacuation Pause) 428M->247M(502M) 14.622ms
[216.097s][info][gc,cpu         ] GC(194) User=0.07s Sys=0.00s Real=0.02s
[216.097s][info][gc             ] GC(195) Concurrent Cycle
[216.097s][info][gc,marking     ] GC(195) Concurrent Clear Claimed Marks
[216.097s][info][gc,marking     ] GC(195) Concurrent Clear Claimed Marks 0.129ms
[216.097s][info][gc,marking     ] GC(195) Concurrent Scan Root Regions
[216.110s][info][gc,marking     ] GC(195) Concurrent Scan Root Regions 12.714ms
[216.110s][info][gc,marking     ] GC(195) Concurrent Mark (216.110s)
[216.110s][info][gc,marking     ] GC(195) Concurrent Mark From Roots
[216.110s][info][gc,task        ] GC(195) Using 2 workers of 2 for marking
[216.437s][info][gc,marking     ] GC(195) Concurrent Mark From Roots 326.614ms
[216.437s][info][gc,marking     ] GC(195) Concurrent Preclean
[216.437s][info][gc,marking     ] GC(195) Concurrent Preclean 0.064ms
[216.437s][info][gc,marking     ] GC(195) Concurrent Mark (216.110s, 216.437s) 326.752ms
[216.437s][info][gc,start       ] GC(195) Pause Remark
[216.440s][info][gc             ] GC(195) Pause Remark 263M->263M(502M) 2.592ms
[216.440s][info][gc,cpu         ] GC(195) User=0.02s Sys=0.00s Real=0.00s
[216.440s][info][gc,marking     ] GC(195) Concurrent Rebuild Remembered Sets
[216.687s][info][gc,marking     ] GC(195) Concurrent Rebuild Remembered Sets 246.855ms
[216.689s][info][gc,start       ] GC(195) Pause Cleanup
[216.690s][info][gc             ] GC(195) Pause Cleanup 274M->274M(502M) 0.287ms
[216.690s][info][gc,cpu         ] GC(195) User=0.00s Sys=0.00s Real=0.00s
[216.690s][info][gc,marking     ] GC(195) Concurrent Cleanup for Next Mark
[216.691s][info][gc,marking     ] GC(195) Concurrent Cleanup for Next Mark 1.164ms
[216.691s][info][gc             ] GC(195) Concurrent Cycle 593.997ms
[219.651s][info][gc,start       ] GC(196) Pause Young (Normal) (G1 Evacuation Pause)
[219.651s][info][gc,task        ] GC(196) Using 8 workers of 8 for evacuation
[219.665s][info][gc,phases      ] GC(196)   Pre Evacuate Collection Set: 0.1ms
[219.665s][info][gc,phases      ] GC(196)   Merge Heap Roots: 0.1ms
[219.665s][info][gc,phases      ] GC(196)   Evacuate Collection Set: 12.5ms
[219.665s][info][gc,phases      ] GC(196)   Post Evacuate Collection Set: 0.7ms
[219.665s][info][gc,phases      ] GC(196)   Other: 0.4ms
[219.665s][info][gc,heap        ] GC(196) Eden regions: 183->0(178)
[219.665s][info][gc,heap        ] GC(196) Survivor regions: 15->15(25)
[219.665s][info][gc,heap        ] GC(196) Old regions: 231->236
[219.665s][info][gc,heap        ] GC(196) Archive regions: 2->2
[219.665s][info][gc,heap        ] GC(196) Humongous regions: 5->5
[219.665s][info][gc,metaspace   ] GC(196) Metaspace: 48576K(49616K)->48576K(49616K) NonClass: 42693K(43344K)->42693K(43344K) Class: 5883K(6272K)->5883K(6272K)
[219.665s][info][gc             ] GC(196) Pause Young (Normal) (G1 Evacuation Pause) 430M->252M(502M) 13.851ms
[219.665s][info][gc,cpu         ] GC(196) User=0.07s Sys=0.00s Real=0.01s
[222.695s][info][gc,start       ] GC(197) Pause Young (Concurrent Start) (G1 Evacuation Pause)
[222.695s][info][gc,task        ] GC(197) Using 8 workers of 8 for evacuation
[222.706s][info][gc,phases      ] GC(197)   Pre Evacuate Collection Set: 0.1ms
[222.706s][info][gc,phases      ] GC(197)   Merge Heap Roots: 0.1ms
[222.706s][info][gc,phases      ] GC(197)   Evacuate Collection Set: 10.6ms
[222.706s][info][gc,phases      ] GC(197)   Post Evacuate Collection Set: 0.4ms
[222.706s][info][gc,phases      ] GC(197)   Other: 0.3ms
[222.706s][info][gc,heap        ] GC(197) Eden regions: 178->0(174)
[222.706s][info][gc,heap        ] GC(197) Survivor regions: 15->14(25)
[222.706s][info][gc,heap        ] GC(197) Old regions: 236->242
[222.706s][info][gc,heap        ] GC(197) Archive regions: 2->2
[222.706s][info][gc,heap        ] GC(197) Humongous regions: 5->5
[222.706s][info][gc,metaspace   ] GC(197) Metaspace: 48581K(49616K)->48581K(49616K) NonClass: 42698K(43344K)->42698K(43344K) Class: 5883K(6272K)->5883K(6272K)
[222.706s][info][gc             ] GC(197) Pause Young (Concurrent Start) (G1 Evacuation Pause) 430M->256M(502M) 11.645ms
[222.706s][info][gc,cpu         ] GC(197) User=0.07s Sys=0.00s Real=0.02s
[222.706s][info][gc             ] GC(198) Concurrent Cycle
[222.706s][info][gc,marking     ] GC(198) Concurrent Clear Claimed Marks
[222.706s][info][gc,marking     ] GC(198) Concurrent Clear Claimed Marks 0.054ms
[222.706s][info][gc,marking     ] GC(198) Concurrent Scan Root Regions
[222.719s][info][gc,marking     ] GC(198) Concurrent Scan Root Regions 12.274ms
[222.719s][info][gc,marking     ] GC(198) Concurrent Mark (222.719s)
[222.719s][info][gc,marking     ] GC(198) Concurrent Mark From Roots
[222.719s][info][gc,task        ] GC(198) Using 2 workers of 2 for marking
[223.151s][info][gc,marking     ] GC(198) Concurrent Mark From Roots 432.047ms
[223.151s][info][gc,marking     ] GC(198) Concurrent Preclean
[223.151s][info][gc,marking     ] GC(198) Concurrent Preclean 0.118ms
[223.151s][info][gc,marking     ] GC(198) Concurrent Mark (222.719s, 223.151s) 432.287ms
[223.151s][info][gc,start       ] GC(198) Pause Remark
[223.153s][info][gc             ] GC(198) Pause Remark 278M->278M(502M) 1.368ms
[223.153s][info][gc,cpu         ] GC(198) User=0.00s Sys=0.00s Real=0.00s
[223.153s][info][gc,marking     ] GC(198) Concurrent Rebuild Remembered Sets
[223.446s][info][gc,marking     ] GC(198) Concurrent Rebuild Remembered Sets 292.973ms
[223.448s][info][gc,start       ] GC(198) Pause Cleanup
[223.448s][info][gc             ] GC(198) Pause Cleanup 300M->300M(502M) 0.311ms
[223.448s][info][gc,cpu         ] GC(198) User=0.00s Sys=0.00s Real=0.00s
[223.448s][info][gc,marking     ] GC(198) Concurrent Cleanup for Next Mark
[223.450s][info][gc,marking     ] GC(198) Concurrent Cleanup for Next Mark 1.406ms
[223.450s][info][gc             ] GC(198) Concurrent Cycle 743.451ms
[224.176s][info][gc,start       ] GC(199) Pause Young (Concurrent Start) (G1 Humongous Allocation)
[224.176s][info][gc,task        ] GC(199) Using 8 workers of 8 for evacuation
[224.187s][info][gc,phases      ] GC(199)   Pre Evacuate Collection Set: 0.1ms
[224.187s][info][gc,phases      ] GC(199)   Merge Heap Roots: 0.1ms
[224.188s][info][gc,phases      ] GC(199)   Evacuate Collection Set: 10.4ms
[224.188s][info][gc,phases      ] GC(199)   Post Evacuate Collection Set: 0.7ms
[224.188s][info][gc,phases      ] GC(199)   Other: 0.3ms
[224.188s][info][gc,heap        ] GC(199) Eden regions: 97->0(174)
[224.188s][info][gc,heap        ] GC(199) Survivor regions: 14->12(24)
[224.188s][info][gc,heap        ] GC(199) Old regions: 242->246
[224.188s][info][gc,heap        ] GC(199) Archive regions: 2->2
[224.188s][info][gc,heap        ] GC(199) Humongous regions: 5->5
[224.188s][info][gc,metaspace   ] GC(199) Metaspace: 48581K(49616K)->48581K(49616K) NonClass: 42698K(43344K)->42698K(43344K) Class: 5883K(6272K)->5883K(6272K)
[224.188s][info][gc             ] GC(199) Pause Young (Concurrent Start) (G1 Humongous Allocation) 353M->258M(502M) 11.821ms
[224.188s][info][gc,cpu         ] GC(199) User=0.06s Sys=0.00s Real=0.01s
[224.188s][info][gc             ] GC(200) Concurrent Cycle
[224.188s][info][gc,marking     ] GC(200) Concurrent Clear Claimed Marks
[224.188s][info][gc,marking     ] GC(200) Concurrent Clear Claimed Marks 0.182ms
[224.188s][info][gc,marking     ] GC(200) Concurrent Scan Root Regions
[224.201s][info][gc,marking     ] GC(200) Concurrent Scan Root Regions 13.109ms
[224.201s][info][gc,marking     ] GC(200) Concurrent Mark (224.201s)
[224.201s][info][gc,marking     ] GC(200) Concurrent Mark From Roots
[224.201s][info][gc,task        ] GC(200) Using 2 workers of 2 for marking
[224.749s][info][gc,marking     ] GC(200) Concurrent Mark From Roots 547.541ms
[224.749s][info][gc,marking     ] GC(200) Concurrent Preclean
[224.749s][info][gc,marking     ] GC(200) Concurrent Preclean 0.108ms
[224.749s][info][gc,marking     ] GC(200) Concurrent Mark (224.201s, 224.749s) 547.748ms
[224.749s][info][gc,start       ] GC(200) Pause Remark
[224.751s][info][gc             ] GC(200) Pause Remark 312M->312M(512M) 1.749ms
[224.751s][info][gc,cpu         ] GC(200) User=0.01s Sys=0.00s Real=0.00s
[224.761s][info][gc,marking     ] GC(200) Concurrent Rebuild Remembered Sets
[225.116s][info][gc,marking     ] GC(200) Concurrent Rebuild Remembered Sets 354.774ms
[225.119s][info][gc,start       ] GC(200) Pause Cleanup
[225.119s][info][gc             ] GC(200) Pause Cleanup 331M->331M(512M) 0.392ms
[225.119s][info][gc,cpu         ] GC(200) User=0.00s Sys=0.00s Real=0.00s
[225.119s][info][gc,marking     ] GC(200) Concurrent Cleanup for Next Mark
[225.121s][info][gc,marking     ] GC(200) Concurrent Cleanup for Next Mark 2.238ms
[225.122s][info][gc             ] GC(200) Concurrent Cycle 933.796ms
[226.873s][info][gc,start       ] GC(201) Pause Young (Normal) (G1 Evacuation Pause)
[226.873s][info][gc,task        ] GC(201) Using 8 workers of 8 for evacuation
[226.886s][info][gc,phases      ] GC(201)   Pre Evacuate Collection Set: 0.1ms
[226.886s][info][gc,phases      ] GC(201)   Merge Heap Roots: 0.1ms
[226.886s][info][gc,phases      ] GC(201)   Evacuate Collection Set: 11.8ms
[226.886s][info][gc,phases      ] GC(201)   Post Evacuate Collection Set: 0.9ms
[226.886s][info][gc,phases      ] GC(201)   Other: 0.4ms
[226.886s][info][gc,heap        ] GC(201) Eden regions: 173->0(149)
[226.886s][info][gc,heap        ] GC(201) Survivor regions: 12->15(24)
[226.886s][info][gc,heap        ] GC(201) Old regions: 246->246
[226.886s][info][gc,heap        ] GC(201) Archive regions: 2->2
[226.886s][info][gc,heap        ] GC(201) Humongous regions: 33->33
[226.886s][info][gc,metaspace   ] GC(201) Metaspace: 48585K(49616K)->48585K(49616K) NonClass: 42701K(43344K)->42701K(43344K) Class: 5883K(6272K)->5883K(6272K)
[226.886s][info][gc             ] GC(201) Pause Young (Normal) (G1 Evacuation Pause) 459M->290M(512M) 13.693ms
[226.886s][info][gc,cpu         ] GC(201) User=0.08s Sys=0.00s Real=0.02s
[228.485s][info][gc,start       ] GC(202) Pause Young (Concurrent Start) (G1 Evacuation Pause)
[228.485s][info][gc,task        ] GC(202) Using 8 workers of 8 for evacuation
[228.499s][info][gc,phases      ] GC(202)   Pre Evacuate Collection Set: 0.4ms
[228.500s][info][gc,phases      ] GC(202)   Merge Heap Roots: 0.1ms
[228.500s][info][gc,phases      ] GC(202)   Evacuate Collection Set: 13.1ms
[228.500s][info][gc,phases      ] GC(202)   Post Evacuate Collection Set: 0.9ms
[228.500s][info][gc,phases      ] GC(202)   Other: 0.4ms
[228.500s][info][gc,heap        ] GC(202) Eden regions: 149->0(145)
[228.500s][info][gc,heap        ] GC(202) Survivor regions: 15->15(21)
[228.500s][info][gc,heap        ] GC(202) Old regions: 246->250
[228.500s][info][gc,heap        ] GC(202) Archive regions: 2->2
[228.500s][info][gc,heap        ] GC(202) Humongous regions: 33->33
[228.500s][info][gc,metaspace   ] GC(202) Metaspace: 48627K(49616K)->48627K(49616K) NonClass: 42737K(43344K)->42737K(43344K) Class: 5890K(6272K)->5890K(6272K)
[228.500s][info][gc             ] GC(202) Pause Young (Concurrent Start) (G1 Evacuation Pause) 439M->293M(512M) 15.063ms
[228.500s][info][gc,cpu         ] GC(202) User=0.10s Sys=0.00s Real=0.02s
[228.500s][info][gc             ] GC(203) Concurrent Cycle
[228.500s][info][gc,marking     ] GC(203) Concurrent Clear Claimed Marks
[228.500s][info][gc,marking     ] GC(203) Concurrent Clear Claimed Marks 0.116ms
[228.500s][info][gc,marking     ] GC(203) Concurrent Scan Root Regions
[228.518s][info][gc,marking     ] GC(203) Concurrent Scan Root Regions 17.729ms
[228.518s][info][gc,marking     ] GC(203) Concurrent Mark (228.518s)
[228.518s][info][gc,marking     ] GC(203) Concurrent Mark From Roots
[228.518s][info][gc,task        ] GC(203) Using 2 workers of 2 for marking
[229.244s][info][gc,marking     ] GC(203) Concurrent Mark From Roots 726.559ms
[229.244s][info][gc,marking     ] GC(203) Concurrent Preclean
[229.245s][info][gc,marking     ] GC(203) Concurrent Preclean 0.405ms
[229.245s][info][gc,marking     ] GC(203) Concurrent Mark (228.518s, 229.245s) 727.058ms
[229.245s][info][gc,start       ] GC(203) Pause Remark
[229.250s][info][gc             ] GC(203) Pause Remark 353M->327M(512M) 4.946ms
[229.250s][info][gc,cpu         ] GC(203) User=0.02s Sys=0.00s Real=0.01s
[229.260s][info][gc,marking     ] GC(203) Concurrent Rebuild Remembered Sets
[229.720s][info][gc,marking     ] GC(203) Concurrent Rebuild Remembered Sets 459.617ms
[229.722s][info][gc,start       ] GC(203) Pause Cleanup
[229.722s][info][gc             ] GC(203) Pause Cleanup 367M->367M(512M) 0.357ms
[229.723s][info][gc,cpu         ] GC(203) User=0.00s Sys=0.00s Real=0.00s
[229.723s][info][gc,marking     ] GC(203) Concurrent Cleanup for Next Mark
[229.724s][info][gc,marking     ] GC(203) Concurrent Cleanup for Next Mark 1.194ms
[229.724s][info][gc             ] GC(203) Concurrent Cycle 1224.074ms
[230.164s][info][gc,start       ] GC(204) Pause Young (Normal) (G1 Evacuation Pause)
[230.164s][info][gc,task        ] GC(204) Using 8 workers of 8 for evacuation
[230.175s][info][gc,phases      ] GC(204)   Pre Evacuate Collection Set: 0.1ms
[230.175s][info][gc,phases      ] GC(204)   Merge Heap Roots: 0.1ms
[230.175s][info][gc,phases      ] GC(204)   Evacuate Collection Set: 10.4ms
[230.175s][info][gc,phases      ] GC(204)   Post Evacuate Collection Set: 0.4ms
[230.175s][info][gc,phases      ] GC(204)   Other: 0.2ms
[230.175s][info][gc,heap        ] GC(204) Eden regions: 145->0(169)
[230.175s][info][gc,heap        ] GC(204) Survivor regions: 15->14(20)
[230.175s][info][gc,heap        ] GC(204) Old regions: 250->254
[230.175s][info][gc,heap        ] GC(204) Archive regions: 2->2
[230.175s][info][gc,heap        ] GC(204) Humongous regions: 7->7
[230.175s][info][gc,metaspace   ] GC(204) Metaspace: 48424K(49616K)->48424K(49616K) NonClass: 42570K(43344K)->42570K(43344K) Class: 5854K(6272K)->5854K(6272K)
[230.175s][info][gc             ] GC(204) Pause Young (Normal) (G1 Evacuation Pause) 412M->271M(512M) 11.432ms
[230.175s][info][gc,cpu         ] GC(204) User=0.07s Sys=0.01s Real=0.01s
[231.634s][info][gc,start       ] GC(205) Pause Young (Concurrent Start) (G1 Evacuation Pause)
[231.634s][info][gc,task        ] GC(205) Using 8 workers of 8 for evacuation
[231.647s][info][gc,phases      ] GC(205)   Pre Evacuate Collection Set: 0.1ms
[231.647s][info][gc,phases      ] GC(205)   Merge Heap Roots: 0.1ms
[231.647s][info][gc,phases      ] GC(205)   Evacuate Collection Set: 11.4ms
[231.647s][info][gc,phases      ] GC(205)   Post Evacuate Collection Set: 0.7ms
[231.647s][info][gc,phases      ] GC(205)   Other: 0.3ms
[231.647s][info][gc,heap        ] GC(205) Eden regions: 169->0(162)
[231.647s][info][gc,heap        ] GC(205) Survivor regions: 14->16(23)
[231.647s][info][gc,heap        ] GC(205) Old regions: 254->257
[231.647s][info][gc,heap        ] GC(205) Archive regions: 2->2
[231.647s][info][gc,heap        ] GC(205) Humongous regions: 7->7
[231.647s][info][gc,metaspace   ] GC(205) Metaspace: 48424K(49616K)->48424K(49616K) NonClass: 42570K(43344K)->42570K(43344K) Class: 5854K(6272K)->5854K(6272K)
[231.647s][info][gc             ] GC(205) Pause Young (Concurrent Start) (G1 Evacuation Pause) 440M->274M(512M) 12.844ms
[231.647s][info][gc,cpu         ] GC(205) User=0.06s Sys=0.00s Real=0.02s
[231.647s][info][gc             ] GC(206) Concurrent Cycle
[231.647s][info][gc,marking     ] GC(206) Concurrent Clear Claimed Marks
[231.647s][info][gc,marking     ] GC(206) Concurrent Clear Claimed Marks 0.068ms
[231.647s][info][gc,marking     ] GC(206) Concurrent Scan Root Regions
[231.659s][info][gc,marking     ] GC(206) Concurrent Scan Root Regions 12.271ms
[231.659s][info][gc,marking     ] GC(206) Concurrent Mark (231.659s)
[231.659s][info][gc,marking     ] GC(206) Concurrent Mark From Roots
[231.659s][info][gc,task        ] GC(206) Using 2 workers of 2 for marking
[232.272s][info][gc,marking     ] GC(206) Concurrent Mark From Roots 612.098ms
[232.272s][info][gc,marking     ] GC(206) Concurrent Preclean
[232.272s][info][gc,marking     ] GC(206) Concurrent Preclean 0.102ms
[232.272s][info][gc,marking     ] GC(206) Concurrent Mark (231.659s, 232.272s) 612.307ms
[232.272s][info][gc,start       ] GC(206) Pause Remark
[232.273s][info][gc             ] GC(206) Pause Remark 337M->337M(512M) 1.066ms
[232.273s][info][gc,cpu         ] GC(206) User=0.00s Sys=0.00s Real=0.00s
[232.273s][info][gc,marking     ] GC(206) Concurrent Rebuild Remembered Sets
[232.605s][info][gc,marking     ] GC(206) Concurrent Rebuild Remembered Sets 331.985ms
[232.606s][info][gc,start       ] GC(206) Pause Cleanup
[232.607s][info][gc             ] GC(206) Pause Cleanup 381M->381M(512M) 0.281ms
[232.607s][info][gc,cpu         ] GC(206) User=0.00s Sys=0.00s Real=0.00s
[232.607s][info][gc,marking     ] GC(206) Concurrent Cleanup for Next Mark
[232.608s][info][gc,marking     ] GC(206) Concurrent Cleanup for Next Mark 0.926ms
[232.608s][info][gc             ] GC(206) Concurrent Cycle 960.775ms
[232.984s][info][gc,start       ] GC(207) Pause Young (Normal) (G1 Evacuation Pause)
[232.984s][info][gc,task        ] GC(207) Using 8 workers of 8 for evacuation
[232.999s][info][gc,phases      ] GC(207)   Pre Evacuate Collection Set: 0.1ms
[232.999s][info][gc,phases      ] GC(207)   Merge Heap Roots: 0.1ms
[232.999s][info][gc,phases      ] GC(207)   Evacuate Collection Set: 13.5ms
[232.999s][info][gc,phases      ] GC(207)   Post Evacuate Collection Set: 1.2ms
[232.999s][info][gc,phases      ] GC(207)   Other: 0.4ms
[232.999s][info][gc,heap        ] GC(207) Eden regions: 162->0(158)
[232.999s][info][gc,heap        ] GC(207) Survivor regions: 16->16(23)
[232.999s][info][gc,heap        ] GC(207) Old regions: 257->261
[232.999s][info][gc,heap        ] GC(207) Archive regions: 2->2
[232.999s][info][gc,heap        ] GC(207) Humongous regions: 7->7
[232.999s][info][gc,metaspace   ] GC(207) Metaspace: 48429K(49872K)->48429K(49872K) NonClass: 42575K(43600K)->42575K(43600K) Class: 5854K(6272K)->5854K(6272K)
[232.999s][info][gc             ] GC(207) Pause Young (Normal) (G1 Evacuation Pause) 436M->279M(512M) 15.589ms
[232.999s][info][gc,cpu         ] GC(207) User=0.07s Sys=0.00s Real=0.02s
[233.962s][info][gc,start       ] GC(208) Pause Young (Concurrent Start) (G1 Evacuation Pause)
[233.962s][info][gc,task        ] GC(208) Using 8 workers of 8 for evacuation
[233.974s][info][gc,phases      ] GC(208)   Pre Evacuate Collection Set: 0.1ms
[233.974s][info][gc,phases      ] GC(208)   Merge Heap Roots: 0.1ms
[233.974s][info][gc,phases      ] GC(208)   Evacuate Collection Set: 11.6ms
[233.974s][info][gc,phases      ] GC(208)   Post Evacuate Collection Set: 0.5ms
[233.974s][info][gc,phases      ] GC(208)   Other: 0.3ms
[233.974s][info][gc,heap        ] GC(208) Eden regions: 158->0(155)
[233.974s][info][gc,heap        ] GC(208) Survivor regions: 16->16(22)
[233.974s][info][gc,heap        ] GC(208) Old regions: 261->264
[233.974s][info][gc,heap        ] GC(208) Archive regions: 2->2
[233.974s][info][gc,heap        ] GC(208) Humongous regions: 7->7
[233.974s][info][gc,metaspace   ] GC(208) Metaspace: 48431K(49872K)->48431K(49872K) NonClass: 42577K(43600K)->42577K(43600K) Class: 5854K(6272K)->5854K(6272K)
[233.974s][info][gc             ] GC(208) Pause Young (Concurrent Start) (G1 Evacuation Pause) 437M->282M(512M) 12.844ms
[233.974s][info][gc,cpu         ] GC(208) User=0.07s Sys=0.00s Real=0.01s
[233.974s][info][gc             ] GC(209) Concurrent Cycle
[233.974s][info][gc,marking     ] GC(209) Concurrent Clear Claimed Marks
[233.975s][info][gc,marking     ] GC(209) Concurrent Clear Claimed Marks 0.097ms
[233.975s][info][gc,marking     ] GC(209) Concurrent Scan Root Regions
[233.988s][info][gc,marking     ] GC(209) Concurrent Scan Root Regions 12.946ms
[233.988s][info][gc,marking     ] GC(209) Concurrent Mark (233.988s)
[233.988s][info][gc,marking     ] GC(209) Concurrent Mark From Roots
[233.988s][info][gc,task        ] GC(209) Using 2 workers of 2 for marking
[234.624s][info][gc,marking     ] GC(209) Concurrent Mark From Roots 636.286ms
[234.624s][info][gc,marking     ] GC(209) Concurrent Preclean
[234.624s][info][gc,marking     ] GC(209) Concurrent Preclean 0.091ms
[234.624s][info][gc,marking     ] GC(209) Concurrent Mark (233.988s, 234.624s) 636.442ms
[234.624s][info][gc,start       ] GC(209) Pause Remark
[234.626s][info][gc             ] GC(209) Pause Remark 353M->353M(512M) 1.985ms
[234.626s][info][gc,cpu         ] GC(209) User=0.00s Sys=0.00s Real=0.01s
[234.627s][info][gc,marking     ] GC(209) Concurrent Rebuild Remembered Sets
[234.999s][info][gc,marking     ] GC(209) Concurrent Rebuild Remembered Sets 372.743ms
[235.001s][info][gc,start       ] GC(209) Pause Cleanup
[235.001s][info][gc             ] GC(209) Pause Cleanup 396M->396M(512M) 0.393ms
[235.001s][info][gc,cpu         ] GC(209) User=0.00s Sys=0.00s Real=0.00s
[235.001s][info][gc,marking     ] GC(209) Concurrent Cleanup for Next Mark
[235.003s][info][gc,marking     ] GC(209) Concurrent Cleanup for Next Mark 1.446ms
[235.003s][info][gc             ] GC(209) Concurrent Cycle 1028.384ms
[235.315s][info][gc,start       ] GC(210) Pause Young (Normal) (G1 Evacuation Pause)
[235.315s][info][gc,task        ] GC(210) Using 8 workers of 8 for evacuation
[235.327s][info][gc,phases      ] GC(210)   Pre Evacuate Collection Set: 0.1ms
[235.327s][info][gc,phases      ] GC(210)   Merge Heap Roots: 0.1ms
[235.327s][info][gc,phases      ] GC(210)   Evacuate Collection Set: 11.5ms
[235.327s][info][gc,phases      ] GC(210)   Post Evacuate Collection Set: 0.6ms
[235.327s][info][gc,phases      ] GC(210)   Other: 0.3ms
[235.327s][info][gc,heap        ] GC(210) Eden regions: 155->0(153)
[235.327s][info][gc,heap        ] GC(210) Survivor regions: 16->13(22)
[235.327s][info][gc,heap        ] GC(210) Old regions: 264->272
[235.327s][info][gc,heap        ] GC(210) Archive regions: 2->2
[235.327s][info][gc,heap        ] GC(210) Humongous regions: 7->7
[235.327s][info][gc,metaspace   ] GC(210) Metaspace: 48431K(49872K)->48431K(49872K) NonClass: 42577K(43600K)->42577K(43600K) Class: 5854K(6272K)->5854K(6272K)
[235.327s][info][gc             ] GC(210) Pause Young (Normal) (G1 Evacuation Pause) 437M->287M(512M) 12.662ms
[235.327s][info][gc,cpu         ] GC(210) User=0.07s Sys=0.00s Real=0.02s
[236.395s][info][gc,start       ] GC(211) Pause Young (Concurrent Start) (G1 Evacuation Pause)
[236.395s][info][gc,task        ] GC(211) Using 8 workers of 8 for evacuation
[236.405s][info][gc,phases      ] GC(211)   Pre Evacuate Collection Set: 0.2ms
[236.405s][info][gc,phases      ] GC(211)   Merge Heap Roots: 0.1ms
[236.405s][info][gc,phases      ] GC(211)   Evacuate Collection Set: 8.9ms
[236.405s][info][gc,phases      ] GC(211)   Post Evacuate Collection Set: 0.4ms
[236.405s][info][gc,phases      ] GC(211)   Other: 0.4ms
[236.405s][info][gc,heap        ] GC(211) Eden regions: 153->0(151)
[236.405s][info][gc,heap        ] GC(211) Survivor regions: 13->12(21)
[236.405s][info][gc,heap        ] GC(211) Old regions: 272->276
[236.405s][info][gc,heap        ] GC(211) Archive regions: 2->2
[236.405s][info][gc,heap        ] GC(211) Humongous regions: 7->7
[236.405s][info][gc,metaspace   ] GC(211) Metaspace: 48431K(49872K)->48431K(49872K) NonClass: 42577K(43600K)->42577K(43600K) Class: 5854K(6272K)->5854K(6272K)
[236.405s][info][gc             ] GC(211) Pause Young (Concurrent Start) (G1 Evacuation Pause) 440M->290M(512M) 10.028ms
[236.405s][info][gc,cpu         ] GC(211) User=0.05s Sys=0.00s Real=0.01s
[236.405s][info][gc             ] GC(212) Concurrent Cycle
[236.405s][info][gc,marking     ] GC(212) Concurrent Clear Claimed Marks
[236.405s][info][gc,marking     ] GC(212) Concurrent Clear Claimed Marks 0.053ms
[236.405s][info][gc,marking     ] GC(212) Concurrent Scan Root Regions
[236.415s][info][gc,marking     ] GC(212) Concurrent Scan Root Regions 9.454ms
[236.415s][info][gc,marking     ] GC(212) Concurrent Mark (236.415s)
[236.415s][info][gc,marking     ] GC(212) Concurrent Mark From Roots
[236.415s][info][gc,task        ] GC(212) Using 2 workers of 2 for marking
[236.916s][info][gc,marking     ] GC(212) Concurrent Mark From Roots 500.881ms
[236.916s][info][gc,marking     ] GC(212) Concurrent Preclean
[236.916s][info][gc,marking     ] GC(212) Concurrent Preclean 0.098ms
[236.916s][info][gc,marking     ] GC(212) Concurrent Mark (236.415s, 236.916s) 501.045ms
[236.916s][info][gc,start       ] GC(212) Pause Remark
[236.918s][info][gc             ] GC(212) Pause Remark 342M->342M(512M) 1.715ms
[236.918s][info][gc,cpu         ] GC(212) User=0.00s Sys=0.00s Real=0.00s
[236.918s][info][gc,marking     ] GC(212) Concurrent Rebuild Remembered Sets
[237.210s][info][gc,marking     ] GC(212) Concurrent Rebuild Remembered Sets 292.213ms
[237.211s][info][gc,start       ] GC(212) Pause Cleanup
[237.211s][info][gc             ] GC(212) Pause Cleanup 378M->378M(512M) 0.229ms
[237.211s][info][gc,cpu         ] GC(212) User=0.00s Sys=0.00s Real=0.00s
[237.211s][info][gc,marking     ] GC(212) Concurrent Cleanup for Next Mark
[237.212s][info][gc,marking     ] GC(212) Concurrent Cleanup for Next Mark 0.974ms
[237.212s][info][gc             ] GC(212) Concurrent Cycle 807.233ms
[237.695s][info][gc,start       ] GC(213) Pause Young (Normal) (G1 Evacuation Pause)
[237.695s][info][gc,task        ] GC(213) Using 8 workers of 8 for evacuation
[237.705s][info][gc,phases      ] GC(213)   Pre Evacuate Collection Set: 0.1ms
[237.706s][info][gc,phases      ] GC(213)   Merge Heap Roots: 0.1ms
[237.706s][info][gc,phases      ] GC(213)   Evacuate Collection Set: 9.0ms
[237.706s][info][gc,phases      ] GC(213)   Post Evacuate Collection Set: 0.7ms
[237.706s][info][gc,phases      ] GC(213)   Other: 0.3ms
[237.706s][info][gc,heap        ] GC(213) Eden regions: 151->0(147)
[237.706s][info][gc,heap        ] GC(213) Survivor regions: 12->12(21)
[237.706s][info][gc,heap        ] GC(213) Old regions: 276->280
[237.706s][info][gc,heap        ] GC(213) Archive regions: 2->2
[237.706s][info][gc,heap        ] GC(213) Humongous regions: 7->7
[237.706s][info][gc,metaspace   ] GC(213) Metaspace: 48431K(49872K)->48431K(49872K) NonClass: 42577K(43600K)->42577K(43600K) Class: 5854K(6272K)->5854K(6272K)
[237.706s][info][gc             ] GC(213) Pause Young (Normal) (G1 Evacuation Pause) 441M->294M(512M) 10.333ms
[237.706s][info][gc,cpu         ] GC(213) User=0.06s Sys=0.00s Real=0.02s
[238.796s][info][gc,start       ] GC(214) Pause Young (Concurrent Start) (G1 Evacuation Pause)
[238.796s][info][gc,task        ] GC(214) Using 8 workers of 8 for evacuation
[238.806s][info][gc,phases      ] GC(214)   Pre Evacuate Collection Set: 0.1ms
[238.806s][info][gc,phases      ] GC(214)   Merge Heap Roots: 0.1ms
[238.806s][info][gc,phases      ] GC(214)   Evacuate Collection Set: 9.4ms
[238.806s][info][gc,phases      ] GC(214)   Post Evacuate Collection Set: 0.7ms
[238.807s][info][gc,phases      ] GC(214)   Other: 0.2ms
[238.807s][info][gc,heap        ] GC(214) Eden regions: 147->0(143)
[238.807s][info][gc,heap        ] GC(214) Survivor regions: 12->12(20)
[238.807s][info][gc,heap        ] GC(214) Old regions: 280->284
[238.807s][info][gc,heap        ] GC(214) Archive regions: 2->2
[238.807s][info][gc,heap        ] GC(214) Humongous regions: 7->7
[238.807s][info][gc,metaspace   ] GC(214) Metaspace: 48432K(49872K)->48432K(49872K) NonClass: 42578K(43600K)->42578K(43600K) Class: 5854K(6272K)->5854K(6272K)
[238.807s][info][gc             ] GC(214) Pause Young (Concurrent Start) (G1 Evacuation Pause) 441M->298M(512M) 10.770ms
[238.807s][info][gc,cpu         ] GC(214) User=0.06s Sys=0.00s Real=0.01s
[238.807s][info][gc             ] GC(215) Concurrent Cycle
[238.807s][info][gc,marking     ] GC(215) Concurrent Clear Claimed Marks
[238.807s][info][gc,marking     ] GC(215) Concurrent Clear Claimed Marks 0.085ms
[238.807s][info][gc,marking     ] GC(215) Concurrent Scan Root Regions
[238.817s][info][gc,marking     ] GC(215) Concurrent Scan Root Regions 10.064ms
[238.817s][info][gc,marking     ] GC(215) Concurrent Mark (238.817s)
[238.817s][info][gc,marking     ] GC(215) Concurrent Mark From Roots
[238.817s][info][gc,task        ] GC(215) Using 2 workers of 2 for marking
[239.284s][info][gc,marking     ] GC(215) Concurrent Mark From Roots 466.688ms
[239.284s][info][gc,marking     ] GC(215) Concurrent Preclean
[239.284s][info][gc,marking     ] GC(215) Concurrent Preclean 0.074ms
[239.284s][info][gc,marking     ] GC(215) Concurrent Mark (238.817s, 239.284s) 466.836ms
[239.284s][info][gc,start       ] GC(215) Pause Remark
[239.285s][info][gc             ] GC(215) Pause Remark 355M->355M(512M) 1.343ms
[239.285s][info][gc,cpu         ] GC(215) User=0.00s Sys=0.00s Real=0.00s
[239.285s][info][gc,marking     ] GC(215) Concurrent Rebuild Remembered Sets
[239.680s][info][gc,marking     ] GC(215) Concurrent Rebuild Remembered Sets 394.666ms
[239.681s][info][gc,start       ] GC(215) Pause Cleanup
[239.682s][info][gc             ] GC(215) Pause Cleanup 408M->408M(512M) 0.215ms
[239.682s][info][gc,cpu         ] GC(215) User=0.00s Sys=0.00s Real=0.00s
[239.682s][info][gc,marking     ] GC(215) Concurrent Cleanup for Next Mark
[239.682s][info][gc,marking     ] GC(215) Concurrent Cleanup for Next Mark 0.640ms
[239.682s][info][gc             ] GC(215) Concurrent Cycle 875.619ms
[239.943s][info][gc,start       ] GC(216) Pause Young (Normal) (G1 Evacuation Pause)
[239.943s][info][gc,task        ] GC(216) Using 8 workers of 8 for evacuation
[239.954s][info][gc,phases      ] GC(216)   Pre Evacuate Collection Set: 0.1ms
[239.954s][info][gc,phases      ] GC(216)   Merge Heap Roots: 0.1ms
[239.954s][info][gc,phases      ] GC(216)   Evacuate Collection Set: 9.8ms
[239.954s][info][gc,phases      ] GC(216)   Post Evacuate Collection Set: 1.5ms
[239.954s][info][gc,phases      ] GC(216)   Other: 0.2ms
[239.954s][info][gc,heap        ] GC(216) Eden regions: 143->0(142)
[239.954s][info][gc,heap        ] GC(216) Survivor regions: 12->11(20)
[239.954s][info][gc,heap        ] GC(216) Old regions: 284->287
[239.954s][info][gc,heap        ] GC(216) Archive regions: 2->2
[239.955s][info][gc,heap        ] GC(216) Humongous regions: 7->7
[239.955s][info][gc,metaspace   ] GC(216) Metaspace: 48432K(49872K)->48432K(49872K) NonClass: 42578K(43600K)->42578K(43600K) Class: 5854K(6272K)->5854K(6272K)
[239.955s][info][gc             ] GC(216) Pause Young (Normal) (G1 Evacuation Pause) 441M->301M(512M) 11.848ms
[239.955s][info][gc,cpu         ] GC(216) User=0.06s Sys=0.00s Real=0.01s
[240.963s][info][gc,start       ] GC(217) Pause Young (Concurrent Start) (G1 Evacuation Pause)
[240.963s][info][gc,task        ] GC(217) Using 8 workers of 8 for evacuation
[240.973s][info][gc,phases      ] GC(217)   Pre Evacuate Collection Set: 0.1ms
[240.973s][info][gc,phases      ] GC(217)   Merge Heap Roots: 0.1ms
[240.973s][info][gc,phases      ] GC(217)   Evacuate Collection Set: 8.6ms
[240.973s][info][gc,phases      ] GC(217)   Post Evacuate Collection Set: 0.5ms
[240.973s][info][gc,phases      ] GC(217)   Other: 0.3ms
[240.973s][info][gc,heap        ] GC(217) Eden regions: 142->0(138)
[240.973s][info][gc,heap        ] GC(217) Survivor regions: 11->11(20)
[240.973s][info][gc,heap        ] GC(217) Old regions: 287->291
[240.973s][info][gc,heap        ] GC(217) Archive regions: 2->2
[240.973s][info][gc,heap        ] GC(217) Humongous regions: 7->7
[240.973s][info][gc,metaspace   ] GC(217) Metaspace: 48432K(49872K)->48432K(49872K) NonClass: 42578K(43600K)->42578K(43600K) Class: 5854K(6272K)->5854K(6272K)
[240.973s][info][gc             ] GC(217) Pause Young (Concurrent Start) (G1 Evacuation Pause) 443M->305M(512M) 9.789ms
[240.973s][info][gc,cpu         ] GC(217) User=0.06s Sys=0.00s Real=0.01s
[240.973s][info][gc             ] GC(218) Concurrent Cycle
[240.973s][info][gc,marking     ] GC(218) Concurrent Clear Claimed Marks
[240.973s][info][gc,marking     ] GC(218) Concurrent Clear Claimed Marks 0.072ms
[240.973s][info][gc,marking     ] GC(218) Concurrent Scan Root Regions
[240.982s][info][gc,marking     ] GC(218) Concurrent Scan Root Regions 9.149ms
[240.982s][info][gc,marking     ] GC(218) Concurrent Mark (240.982s)
[240.982s][info][gc,marking     ] GC(218) Concurrent Mark From Roots
[240.982s][info][gc,task        ] GC(218) Using 2 workers of 2 for marking
[241.531s][info][gc,marking     ] GC(218) Concurrent Mark From Roots 548.540ms
[241.531s][info][gc,marking     ] GC(218) Concurrent Preclean
[241.531s][info][gc,marking     ] GC(218) Concurrent Preclean 0.095ms
[241.531s][info][gc,marking     ] GC(218) Concurrent Mark (240.982s, 241.531s) 548.703ms
[241.531s][info][gc,start       ] GC(218) Pause Remark
[241.532s][info][gc             ] GC(218) Pause Remark 367M->367M(512M) 1.221ms
[241.532s][info][gc,cpu         ] GC(218) User=0.01s Sys=0.00s Real=0.00s
[241.533s][info][gc,marking     ] GC(218) Concurrent Rebuild Remembered Sets
[241.978s][info][gc,marking     ] GC(218) Concurrent Rebuild Remembered Sets 444.951ms
[241.979s][info][gc,start       ] GC(218) Pause Cleanup
[241.979s][info][gc             ] GC(218) Pause Cleanup 418M->418M(512M) 0.192ms
[241.979s][info][gc,cpu         ] GC(218) User=0.00s Sys=0.00s Real=0.00s
[241.979s][info][gc,marking     ] GC(218) Concurrent Cleanup for Next Mark
[241.980s][info][gc,marking     ] GC(218) Concurrent Cleanup for Next Mark 0.765ms
[241.980s][info][gc             ] GC(218) Concurrent Cycle 1006.561ms
[242.156s][info][gc,start       ] GC(219) Pause Young (Normal) (G1 Evacuation Pause)
[242.156s][info][gc,task        ] GC(219) Using 8 workers of 8 for evacuation
[242.165s][info][gc,phases      ] GC(219)   Pre Evacuate Collection Set: 0.1ms
[242.165s][info][gc,phases      ] GC(219)   Merge Heap Roots: 0.1ms
[242.165s][info][gc,phases      ] GC(219)   Evacuate Collection Set: 8.1ms
[242.165s][info][gc,phases      ] GC(219)   Post Evacuate Collection Set: 0.7ms
[242.165s][info][gc,phases      ] GC(219)   Other: 0.3ms
[242.165s][info][gc,heap        ] GC(219) Eden regions: 138->0(134)
[242.165s][info][gc,heap        ] GC(219) Survivor regions: 11->11(19)
[242.165s][info][gc,heap        ] GC(219) Old regions: 291->295
[242.165s][info][gc,heap        ] GC(219) Archive regions: 2->2
[242.165s][info][gc,heap        ] GC(219) Humongous regions: 7->7
[242.165s][info][gc,metaspace   ] GC(219) Metaspace: 48435K(49872K)->48435K(49872K) NonClass: 42580K(43600K)->42580K(43600K) Class: 5854K(6272K)->5854K(6272K)
[242.165s][info][gc             ] GC(219) Pause Young (Normal) (G1 Evacuation Pause) 443M->308M(512M) 9.343ms
[242.166s][info][gc,cpu         ] GC(219) User=0.05s Sys=0.00s Real=0.00s
[243.222s][info][gc,start       ] GC(220) Pause Young (Concurrent Start) (G1 Evacuation Pause)
[243.222s][info][gc,task        ] GC(220) Using 8 workers of 8 for evacuation
[243.235s][info][gc,phases      ] GC(220)   Pre Evacuate Collection Set: 0.8ms
[243.235s][info][gc,phases      ] GC(220)   Merge Heap Roots: 0.3ms
[243.235s][info][gc,phases      ] GC(220)   Evacuate Collection Set: 9.9ms
[243.235s][info][gc,phases      ] GC(220)   Post Evacuate Collection Set: 1.3ms
[243.235s][info][gc,phases      ] GC(220)   Other: 0.3ms
[243.235s][info][gc,heap        ] GC(220) Eden regions: 134->0(131)
[243.235s][info][gc,heap        ] GC(220) Survivor regions: 11->11(19)
[243.235s][info][gc,heap        ] GC(220) Old regions: 295->298
[243.235s][info][gc,heap        ] GC(220) Archive regions: 2->2
[243.235s][info][gc,heap        ] GC(220) Humongous regions: 7->7
[243.235s][info][gc,metaspace   ] GC(220) Metaspace: 48435K(49872K)->48435K(49872K) NonClass: 42580K(43600K)->42580K(43600K) Class: 5854K(6272K)->5854K(6272K)
[243.235s][info][gc             ] GC(220) Pause Young (Concurrent Start) (G1 Evacuation Pause) 442M->312M(512M) 13.044ms
[243.235s][info][gc,cpu         ] GC(220) User=0.06s Sys=0.00s Real=0.01s
[243.236s][info][gc             ] GC(221) Concurrent Cycle
[243.236s][info][gc,marking     ] GC(221) Concurrent Clear Claimed Marks
[243.236s][info][gc,marking     ] GC(221) Concurrent Clear Claimed Marks 0.055ms
[243.236s][info][gc,marking     ] GC(221) Concurrent Scan Root Regions
[243.248s][info][gc,marking     ] GC(221) Concurrent Scan Root Regions 11.606ms
[243.248s][info][gc,marking     ] GC(221) Concurrent Mark (243.248s)
[243.248s][info][gc,marking     ] GC(221) Concurrent Mark From Roots
[243.248s][info][gc,task        ] GC(221) Using 2 workers of 2 for marking
[243.842s][info][gc,marking     ] GC(221) Concurrent Mark From Roots 594.295ms
[243.842s][info][gc,marking     ] GC(221) Concurrent Preclean
[243.843s][info][gc,marking     ] GC(221) Concurrent Preclean 0.109ms
[243.843s][info][gc,marking     ] GC(221) Concurrent Mark (243.248s, 243.843s) 594.498ms
[243.847s][info][gc,start       ] GC(221) Pause Remark
[243.849s][info][gc             ] GC(221) Pause Remark 386M->386M(512M) 1.377ms
[243.849s][info][gc,cpu         ] GC(221) User=0.01s Sys=0.00s Real=0.00s
[243.849s][info][gc,marking     ] GC(221) Concurrent Rebuild Remembered Sets
[244.258s][info][gc,marking     ] GC(221) Concurrent Rebuild Remembered Sets 409.638ms
[244.259s][info][gc,start       ] GC(221) Pause Cleanup
[244.260s][info][gc             ] GC(221) Pause Cleanup 435M->435M(512M) 0.196ms
[244.260s][info][gc,cpu         ] GC(221) User=0.00s Sys=0.00s Real=0.00s
[244.260s][info][gc,marking     ] GC(221) Concurrent Cleanup for Next Mark
[244.261s][info][gc,marking     ] GC(221) Concurrent Cleanup for Next Mark 1.160ms
[244.261s][info][gc             ] GC(221) Concurrent Cycle 1024.605ms
[244.297s][info][gc,start       ] GC(222) Pause Young (Prepare Mixed) (G1 Evacuation Pause)
[244.297s][info][gc,task        ] GC(222) Using 8 workers of 8 for evacuation
[244.307s][info][gc,phases      ] GC(222)   Pre Evacuate Collection Set: 0.1ms
[244.307s][info][gc,phases      ] GC(222)   Merge Heap Roots: 0.1ms
[244.307s][info][gc,phases      ] GC(222)   Evacuate Collection Set: 8.3ms
[244.307s][info][gc,phases      ] GC(222)   Post Evacuate Collection Set: 0.5ms
[244.307s][info][gc,phases      ] GC(222)   Other: 0.3ms
[244.307s][info][gc,heap        ] GC(222) Eden regions: 131->0(13)
[244.307s][info][gc,heap        ] GC(222) Survivor regions: 11->12(18)
[244.307s][info][gc,heap        ] GC(222) Old regions: 298->302
[244.307s][info][gc,heap        ] GC(222) Archive regions: 2->2
[244.307s][info][gc,heap        ] GC(222) Humongous regions: 7->7
[244.307s][info][gc,metaspace   ] GC(222) Metaspace: 48435K(49872K)->48435K(49872K) NonClass: 42580K(43600K)->42580K(43600K) Class: 5854K(6272K)->5854K(6272K)
[244.307s][info][gc             ] GC(222) Pause Young (Prepare Mixed) (G1 Evacuation Pause) 443M->316M(512M) 9.500ms
[244.307s][info][gc,cpu         ] GC(222) User=0.06s Sys=0.00s Real=0.01s
[244.406s][info][gc,start       ] GC(223) Pause Young (Mixed) (G1 Evacuation Pause)
[244.406s][info][gc,task        ] GC(223) Using 8 workers of 8 for evacuation
[244.435s][info][gc,phases      ] GC(223)   Pre Evacuate Collection Set: 0.1ms
[244.435s][info][gc,phases      ] GC(223)   Merge Heap Roots: 0.1ms
[244.435s][info][gc,phases      ] GC(223)   Evacuate Collection Set: 25.8ms
[244.435s][info][gc,phases      ] GC(223)   Post Evacuate Collection Set: 2.6ms
[244.435s][info][gc,phases      ] GC(223)   Other: 0.2ms
[244.435s][info][gc,heap        ] GC(223) Eden regions: 13->0(150)
[244.435s][info][gc,heap        ] GC(223) Survivor regions: 12->3(4)
[244.435s][info][gc,heap        ] GC(223) Old regions: 302->288
[244.435s][info][gc,heap        ] GC(223) Archive regions: 2->2
[244.435s][info][gc,heap        ] GC(223) Humongous regions: 7->7
[244.435s][info][gc,metaspace   ] GC(223) Metaspace: 48435K(49872K)->48435K(49872K) NonClass: 42580K(43600K)->42580K(43600K) Class: 5854K(6272K)->5854K(6272K)
[244.435s][info][gc             ] GC(223) Pause Young (Mixed) (G1 Evacuation Pause) 329M->297M(512M) 29.107ms
[244.435s][info][gc,cpu         ] GC(223) User=0.16s Sys=0.00s Real=0.02s
[245.491s][info][gc,start       ] GC(224) Pause Young (Concurrent Start) (G1 Evacuation Pause)
[245.491s][info][gc,task        ] GC(224) Using 8 workers of 8 for evacuation
[245.496s][info][gc,phases      ] GC(224)   Pre Evacuate Collection Set: 0.1ms
[245.496s][info][gc,phases      ] GC(224)   Merge Heap Roots: 0.1ms
[245.496s][info][gc,phases      ] GC(224)   Evacuate Collection Set: 3.9ms
[245.496s][info][gc,phases      ] GC(224)   Post Evacuate Collection Set: 0.4ms
[245.496s][info][gc,phases      ] GC(224)   Other: 0.2ms
[245.496s][info][gc,heap        ] GC(224) Eden regions: 150->0(149)
[245.496s][info][gc,heap        ] GC(224) Survivor regions: 3->4(20)
[245.496s][info][gc,heap        ] GC(224) Old regions: 288->288
[245.496s][info][gc,heap        ] GC(224) Archive regions: 2->2
[245.496s][info][gc,heap        ] GC(224) Humongous regions: 7->7
[245.496s][info][gc,metaspace   ] GC(224) Metaspace: 48435K(49872K)->48435K(49872K) NonClass: 42580K(43600K)->42580K(43600K) Class: 5854K(6272K)->5854K(6272K)
[245.496s][info][gc             ] GC(224) Pause Young (Concurrent Start) (G1 Evacuation Pause) 447M->299M(512M) 4.802ms
[245.496s][info][gc,cpu         ] GC(224) User=0.03s Sys=0.00s Real=0.01s
[245.496s][info][gc             ] GC(225) Concurrent Cycle
[245.496s][info][gc,marking     ] GC(225) Concurrent Clear Claimed Marks
[245.496s][info][gc,marking     ] GC(225) Concurrent Clear Claimed Marks 0.051ms
[245.496s][info][gc,marking     ] GC(225) Concurrent Scan Root Regions
[245.499s][info][gc,marking     ] GC(225) Concurrent Scan Root Regions 3.014ms
[245.499s][info][gc,marking     ] GC(225) Concurrent Mark (245.499s)
[245.499s][info][gc,marking     ] GC(225) Concurrent Mark From Roots
[245.499s][info][gc,task        ] GC(225) Using 2 workers of 2 for marking
[246.144s][info][gc,marking     ] GC(225) Concurrent Mark From Roots 644.397ms
[246.144s][info][gc,marking     ] GC(225) Concurrent Preclean
[246.144s][info][gc,marking     ] GC(225) Concurrent Preclean 0.081ms
[246.144s][info][gc,marking     ] GC(225) Concurrent Mark (245.499s, 246.144s) 644.537ms
[246.144s][info][gc,start       ] GC(225) Pause Remark
[246.145s][info][gc             ] GC(225) Pause Remark 380M->380M(512M) 1.155ms
[246.145s][info][gc,cpu         ] GC(225) User=0.01s Sys=0.00s Real=0.00s
[246.145s][info][gc,marking     ] GC(225) Concurrent Rebuild Remembered Sets
[246.526s][info][gc,marking     ] GC(225) Concurrent Rebuild Remembered Sets 380.310ms
[246.527s][info][gc,start       ] GC(225) Pause Cleanup
[246.527s][info][gc             ] GC(225) Pause Cleanup 436M->436M(512M) 0.178ms
[246.527s][info][gc,cpu         ] GC(225) User=0.00s Sys=0.00s Real=0.00s
[246.527s][info][gc,marking     ] GC(225) Concurrent Cleanup for Next Mark
[246.528s][info][gc,marking     ] GC(225) Concurrent Cleanup for Next Mark 0.940ms
[246.528s][info][gc             ] GC(225) Concurrent Cycle 1031.806ms
[246.604s][info][gc,start       ] GC(226) Pause Young (Normal) (G1 Evacuation Pause)
[246.604s][info][gc,task        ] GC(226) Using 8 workers of 8 for evacuation
[246.611s][info][gc,phases      ] GC(226)   Pre Evacuate Collection Set: 0.1ms
[246.611s][info][gc,phases      ] GC(226)   Merge Heap Roots: 0.1ms
[246.611s][info][gc,phases      ] GC(226)   Evacuate Collection Set: 5.8ms
[246.611s][info][gc,phases      ] GC(226)   Post Evacuate Collection Set: 0.7ms
[246.611s][info][gc,phases      ] GC(226)   Other: 0.2ms
[246.611s][info][gc,heap        ] GC(226) Eden regions: 149->0(146)
[246.611s][info][gc,heap        ] GC(226) Survivor regions: 4->8(20)
[246.611s][info][gc,heap        ] GC(226) Old regions: 288->288
[246.611s][info][gc,heap        ] GC(226) Archive regions: 2->2
[246.611s][info][gc,heap        ] GC(226) Humongous regions: 7->7
[246.611s][info][gc,metaspace   ] GC(226) Metaspace: 48435K(49872K)->48435K(49872K) NonClass: 42580K(43600K)->42580K(43600K) Class: 5854K(6272K)->5854K(6272K)
[246.611s][info][gc             ] GC(226) Pause Young (Normal) (G1 Evacuation Pause) 448M->303M(512M) 7.127ms
[246.611s][info][gc,cpu         ] GC(226) User=0.04s Sys=0.00s Real=0.01s
[247.582s][info][gc,start       ] GC(227) Pause Young (Concurrent Start) (G1 Evacuation Pause)
[247.582s][info][gc,task        ] GC(227) Using 8 workers of 8 for evacuation
[247.589s][info][gc,phases      ] GC(227)   Pre Evacuate Collection Set: 0.1ms
[247.589s][info][gc,phases      ] GC(227)   Merge Heap Roots: 0.0ms
[247.589s][info][gc,phases      ] GC(227)   Evacuate Collection Set: 6.1ms
[247.589s][info][gc,phases      ] GC(227)   Post Evacuate Collection Set: 0.4ms
[247.589s][info][gc,phases      ] GC(227)   Other: 0.2ms
[247.589s][info][gc,heap        ] GC(227) Eden regions: 146->0(139)
[247.589s][info][gc,heap        ] GC(227) Survivor regions: 8->12(20)
[247.589s][info][gc,heap        ] GC(227) Old regions: 288->288
[247.589s][info][gc,heap        ] GC(227) Archive regions: 2->2
[247.589s][info][gc,heap        ] GC(227) Humongous regions: 7->7
[247.589s][info][gc,metaspace   ] GC(227) Metaspace: 48439K(49872K)->48439K(49872K) NonClass: 42584K(43600K)->42584K(43600K) Class: 5854K(6272K)->5854K(6272K)
[247.589s][info][gc             ] GC(227) Pause Young (Concurrent Start) (G1 Evacuation Pause) 449M->306M(512M) 7.104ms
[247.589s][info][gc,cpu         ] GC(227) User=0.05s Sys=0.00s Real=0.01s
[247.589s][info][gc             ] GC(228) Concurrent Cycle
[247.589s][info][gc,marking     ] GC(228) Concurrent Clear Claimed Marks
[247.589s][info][gc,marking     ] GC(228) Concurrent Clear Claimed Marks 0.066ms
[247.589s][info][gc,marking     ] GC(228) Concurrent Scan Root Regions
[247.596s][info][gc,marking     ] GC(228) Concurrent Scan Root Regions 7.077ms
[247.596s][info][gc,marking     ] GC(228) Concurrent Mark (247.596s)
[247.596s][info][gc,marking     ] GC(228) Concurrent Mark From Roots
[247.596s][info][gc,task        ] GC(228) Using 2 workers of 2 for marking
[248.179s][info][gc,marking     ] GC(228) Concurrent Mark From Roots 583.094ms
[248.179s][info][gc,marking     ] GC(228) Concurrent Preclean
[248.179s][info][gc,marking     ] GC(228) Concurrent Preclean 0.101ms
[248.179s][info][gc,marking     ] GC(228) Concurrent Mark (247.596s, 248.179s) 583.295ms
[248.179s][info][gc,start       ] GC(228) Pause Remark
[248.181s][info][gc             ] GC(228) Pause Remark 376M->376M(512M) 1.076ms
[248.181s][info][gc,cpu         ] GC(228) User=0.01s Sys=0.00s Real=0.00s
[248.181s][info][gc,marking     ] GC(228) Concurrent Rebuild Remembered Sets
[248.562s][info][gc,marking     ] GC(228) Concurrent Rebuild Remembered Sets 381.317ms
[248.563s][info][gc,start       ] GC(228) Pause Cleanup
[248.563s][info][gc             ] GC(228) Pause Cleanup 436M->436M(512M) 0.184ms
[248.563s][info][gc,cpu         ] GC(228) User=0.00s Sys=0.00s Real=0.00s
[248.563s][info][gc,marking     ] GC(228) Concurrent Cleanup for Next Mark
[248.564s][info][gc,marking     ] GC(228) Concurrent Cleanup for Next Mark 0.885ms
[248.564s][info][gc             ] GC(228) Concurrent Cycle 975.319ms
[248.636s][info][gc,start       ] GC(229) Pause Young (Normal) (G1 Evacuation Pause)
[248.636s][info][gc,task        ] GC(229) Using 8 workers of 8 for evacuation
[248.647s][info][gc,phases      ] GC(229)   Pre Evacuate Collection Set: 0.1ms
[248.647s][info][gc,phases      ] GC(229)   Merge Heap Roots: 0.1ms
[248.647s][info][gc,phases      ] GC(229)   Evacuate Collection Set: 10.0ms
[248.647s][info][gc,phases      ] GC(229)   Post Evacuate Collection Set: 0.5ms
[248.647s][info][gc,phases      ] GC(229)   Other: 0.3ms
[248.647s][info][gc,heap        ] GC(229) Eden regions: 139->0(137)
[248.647s][info][gc,heap        ] GC(229) Survivor regions: 12->11(19)
[248.647s][info][gc,heap        ] GC(229) Old regions: 288->292
[248.647s][info][gc,heap        ] GC(229) Archive regions: 2->2
[248.647s][info][gc,heap        ] GC(229) Humongous regions: 7->7
[248.647s][info][gc,metaspace   ] GC(229) Metaspace: 48439K(49872K)->48439K(49872K) NonClass: 42584K(43600K)->42584K(43600K) Class: 5854K(6272K)->5854K(6272K)
[248.647s][info][gc             ] GC(229) Pause Young (Normal) (G1 Evacuation Pause) 445M->310M(512M) 11.264ms
[248.648s][info][gc,cpu         ] GC(229) User=0.06s Sys=0.00s Real=0.01s
[249.565s][info][gc,start       ] GC(230) Pause Young (Concurrent Start) (G1 Evacuation Pause)
[249.565s][info][gc,task        ] GC(230) Using 8 workers of 8 for evacuation
[249.575s][info][gc,phases      ] GC(230)   Pre Evacuate Collection Set: 0.1ms
[249.575s][info][gc,phases      ] GC(230)   Merge Heap Roots: 0.1ms
[249.575s][info][gc,phases      ] GC(230)   Evacuate Collection Set: 9.1ms
[249.575s][info][gc,phases      ] GC(230)   Post Evacuate Collection Set: 0.4ms
[249.575s][info][gc,phases      ] GC(230)   Other: 0.4ms
[249.575s][info][gc,heap        ] GC(230) Eden regions: 137->0(133)
[249.575s][info][gc,heap        ] GC(230) Survivor regions: 11->11(19)
[249.575s][info][gc,heap        ] GC(230) Old regions: 292->296
[249.575s][info][gc,heap        ] GC(230) Archive regions: 2->2
[249.575s][info][gc,heap        ] GC(230) Humongous regions: 7->7
[249.575s][info][gc,metaspace   ] GC(230) Metaspace: 48439K(49872K)->48439K(49872K) NonClass: 42584K(43600K)->42584K(43600K) Class: 5854K(6272K)->5854K(6272K)
[249.575s][info][gc             ] GC(230) Pause Young (Concurrent Start) (G1 Evacuation Pause) 447M->313M(512M) 10.066ms
[249.575s][info][gc,cpu         ] GC(230) User=0.05s Sys=0.00s Real=0.01s
[249.576s][info][gc             ] GC(231) Concurrent Cycle
[249.576s][info][gc,marking     ] GC(231) Concurrent Clear Claimed Marks
[249.576s][info][gc,marking     ] GC(231) Concurrent Clear Claimed Marks 0.057ms
[249.576s][info][gc,marking     ] GC(231) Concurrent Scan Root Regions
[249.585s][info][gc,marking     ] GC(231) Concurrent Scan Root Regions 9.486ms
[249.585s][info][gc,marking     ] GC(231) Concurrent Mark (249.585s)
[249.585s][info][gc,marking     ] GC(231) Concurrent Mark From Roots
[249.585s][info][gc,task        ] GC(231) Using 2 workers of 2 for marking
[250.262s][info][gc,marking     ] GC(231) Concurrent Mark From Roots 676.554ms
[250.262s][info][gc,marking     ] GC(231) Concurrent Preclean
[250.262s][info][gc,marking     ] GC(231) Concurrent Preclean 0.104ms
[250.262s][info][gc,marking     ] GC(231) Concurrent Mark (249.585s, 250.262s) 676.730ms
[250.262s][info][gc,start       ] GC(231) Pause Remark
[250.265s][info][gc             ] GC(231) Pause Remark 390M->390M(512M) 3.332ms
[250.265s][info][gc,cpu         ] GC(231) User=0.02s Sys=0.00s Real=0.00s
[250.266s][info][gc,marking     ] GC(231) Concurrent Rebuild Remembered Sets
[250.692s][info][gc,start       ] GC(232) Pause Young (Normal) (G1 Evacuation Pause)
[250.692s][info][gc,task        ] GC(232) Using 8 workers of 8 for evacuation
[250.701s][info][gc,phases      ] GC(232)   Pre Evacuate Collection Set: 0.1ms
[250.701s][info][gc,phases      ] GC(232)   Merge Heap Roots: 0.1ms
[250.701s][info][gc,phases      ] GC(232)   Evacuate Collection Set: 7.5ms
[250.701s][info][gc,phases      ] GC(232)   Post Evacuate Collection Set: 0.6ms
[250.701s][info][gc,phases      ] GC(232)   Other: 0.2ms
[250.701s][info][gc,heap        ] GC(232) Eden regions: 133->0(130)
[250.701s][info][gc,heap        ] GC(232) Survivor regions: 11->11(18)
[250.701s][info][gc,heap        ] GC(232) Old regions: 296->299
[250.701s][info][gc,heap        ] GC(232) Archive regions: 2->2
[250.701s][info][gc,heap        ] GC(232) Humongous regions: 7->7
[250.701s][info][gc,metaspace   ] GC(232) Metaspace: 48427K(49872K)->48427K(49872K) NonClass: 42574K(43600K)->42574K(43600K) Class: 5853K(6272K)->5853K(6272K)
[250.701s][info][gc             ] GC(232) Pause Young (Normal) (G1 Evacuation Pause) 446M->317M(512M) 8.514ms
[250.701s][info][gc,cpu         ] GC(232) User=0.05s Sys=0.01s Real=0.01s
[250.718s][info][gc,marking     ] GC(231) Concurrent Rebuild Remembered Sets 452.600ms
[250.718s][info][gc,start       ] GC(231) Pause Cleanup
[250.719s][info][gc             ] GC(231) Pause Cleanup 318M->318M(512M) 0.223ms
[250.719s][info][gc,cpu         ] GC(231) User=0.00s Sys=0.00s Real=0.00s
[250.719s][info][gc,marking     ] GC(231) Concurrent Cleanup for Next Mark
[250.720s][info][gc,marking     ] GC(231) Concurrent Cleanup for Next Mark 1.414ms
[250.720s][info][gc             ] GC(231) Concurrent Cycle 1144.548ms
[251.637s][info][gc,start       ] GC(233) Pause Young (Normal) (G1 Evacuation Pause)
[251.637s][info][gc,task        ] GC(233) Using 8 workers of 8 for evacuation
[251.647s][info][gc,phases      ] GC(233)   Pre Evacuate Collection Set: 0.1ms
[251.647s][info][gc,phases      ] GC(233)   Merge Heap Roots: 0.1ms
[251.647s][info][gc,phases      ] GC(233)   Evacuate Collection Set: 8.5ms
[251.647s][info][gc,phases      ] GC(233)   Post Evacuate Collection Set: 0.6ms
[251.647s][info][gc,phases      ] GC(233)   Other: 0.2ms
[251.647s][info][gc,heap        ] GC(233) Eden regions: 130->0(128)
[251.647s][info][gc,heap        ] GC(233) Survivor regions: 11->10(18)
[251.647s][info][gc,heap        ] GC(233) Old regions: 299->303
[251.647s][info][gc,heap        ] GC(233) Archive regions: 2->2
[251.647s][info][gc,heap        ] GC(233) Humongous regions: 7->7
[251.647s][info][gc,metaspace   ] GC(233) Metaspace: 48427K(49872K)->48427K(49872K) NonClass: 42574K(43600K)->42574K(43600K) Class: 5853K(6272K)->5853K(6272K)
[251.647s][info][gc             ] GC(233) Pause Young (Normal) (G1 Evacuation Pause) 447M->320M(512M) 9.612ms
[251.647s][info][gc,cpu         ] GC(233) User=0.06s Sys=0.00s Real=0.01s
[252.562s][info][gc,start       ] GC(234) Pause Young (Concurrent Start) (G1 Evacuation Pause)
[252.562s][info][gc,task        ] GC(234) Using 8 workers of 8 for evacuation
[252.570s][info][gc,phases      ] GC(234)   Pre Evacuate Collection Set: 0.2ms
[252.570s][info][gc,phases      ] GC(234)   Merge Heap Roots: 0.1ms
[252.570s][info][gc,phases      ] GC(234)   Evacuate Collection Set: 6.9ms
[252.570s][info][gc,phases      ] GC(234)   Post Evacuate Collection Set: 0.4ms
[252.570s][info][gc,phases      ] GC(234)   Other: 0.2ms
[252.570s][info][gc,heap        ] GC(234) Eden regions: 128->0(125)
[252.570s][info][gc,heap        ] GC(234) Survivor regions: 10->10(18)
[252.570s][info][gc,heap        ] GC(234) Old regions: 303->306
[252.570s][info][gc,heap        ] GC(234) Archive regions: 2->2
[252.570s][info][gc,heap        ] GC(234) Humongous regions: 7->7
[252.570s][info][gc,metaspace   ] GC(234) Metaspace: 48427K(49872K)->48427K(49872K) NonClass: 42574K(43600K)->42574K(43600K) Class: 5853K(6272K)->5853K(6272K)
[252.570s][info][gc             ] GC(234) Pause Young (Concurrent Start) (G1 Evacuation Pause) 448M->323M(512M) 7.896ms
[252.570s][info][gc,cpu         ] GC(234) User=0.05s Sys=0.00s Real=0.01s
[252.570s][info][gc             ] GC(235) Concurrent Cycle
[252.570s][info][gc,marking     ] GC(235) Concurrent Clear Claimed Marks
[252.570s][info][gc,marking     ] GC(235) Concurrent Clear Claimed Marks 0.053ms
[252.570s][info][gc,marking     ] GC(235) Concurrent Scan Root Regions
[252.578s][info][gc,marking     ] GC(235) Concurrent Scan Root Regions 8.129ms
[252.578s][info][gc,marking     ] GC(235) Concurrent Mark (252.578s)
[252.578s][info][gc,marking     ] GC(235) Concurrent Mark From Roots
[252.578s][info][gc,task        ] GC(235) Using 2 workers of 2 for marking
[253.191s][info][gc,marking     ] GC(235) Concurrent Mark From Roots 612.681ms
[253.191s][info][gc,marking     ] GC(235) Concurrent Preclean
[253.191s][info][gc,marking     ] GC(235) Concurrent Preclean 0.263ms
[253.192s][info][gc,marking     ] GC(235) Concurrent Mark (252.578s, 253.192s) 613.073ms
[253.192s][info][gc,start       ] GC(235) Pause Remark
[253.193s][info][gc             ] GC(235) Pause Remark 398M->398M(512M) 1.677ms
[253.194s][info][gc,cpu         ] GC(235) User=0.00s Sys=0.00s Real=0.00s
[253.194s][info][gc,marking     ] GC(235) Concurrent Rebuild Remembered Sets
[253.536s][info][gc,start       ] GC(236) Pause Young (Normal) (G1 Evacuation Pause)
[253.536s][info][gc,task        ] GC(236) Using 8 workers of 8 for evacuation
[253.545s][info][gc,phases      ] GC(236)   Pre Evacuate Collection Set: 0.1ms
[253.545s][info][gc,phases      ] GC(236)   Merge Heap Roots: 0.1ms
[253.545s][info][gc,phases      ] GC(236)   Evacuate Collection Set: 7.9ms
[253.545s][info][gc,phases      ] GC(236)   Post Evacuate Collection Set: 0.4ms
[253.545s][info][gc,phases      ] GC(236)   Other: 0.2ms
[253.545s][info][gc,heap        ] GC(236) Eden regions: 125->0(122)
[253.545s][info][gc,heap        ] GC(236) Survivor regions: 10->10(17)
[253.545s][info][gc,heap        ] GC(236) Old regions: 306->309
[253.545s][info][gc,heap        ] GC(236) Archive regions: 2->2
[253.545s][info][gc,heap        ] GC(236) Humongous regions: 7->7
[253.545s][info][gc,metaspace   ] GC(236) Metaspace: 48428K(49872K)->48428K(49872K) NonClass: 42575K(43600K)->42575K(43600K) Class: 5853K(6272K)->5853K(6272K)
[253.545s][info][gc             ] GC(236) Pause Young (Normal) (G1 Evacuation Pause) 448M->326M(512M) 8.748ms
[253.545s][info][gc,cpu         ] GC(236) User=0.05s Sys=0.00s Real=0.00s
[253.626s][info][gc,marking     ] GC(235) Concurrent Rebuild Remembered Sets 432.048ms
[253.626s][info][gc,start       ] GC(235) Pause Cleanup
[253.626s][info][gc             ] GC(235) Pause Cleanup 339M->339M(512M) 0.227ms
[253.626s][info][gc,cpu         ] GC(235) User=0.00s Sys=0.00s Real=0.00s
[253.626s][info][gc,marking     ] GC(235) Concurrent Cleanup for Next Mark
[253.627s][info][gc,marking     ] GC(235) Concurrent Cleanup for Next Mark 0.872ms
[253.627s][info][gc             ] GC(235) Concurrent Cycle 1056.891ms
[254.346s][info][gc,start       ] GC(237) Pause Young (Normal) (G1 Evacuation Pause)
[254.346s][info][gc,task        ] GC(237) Using 8 workers of 8 for evacuation
[254.355s][info][gc,phases      ] GC(237)   Pre Evacuate Collection Set: 0.1ms
[254.355s][info][gc,phases      ] GC(237)   Merge Heap Roots: 0.1ms
[254.355s][info][gc,phases      ] GC(237)   Evacuate Collection Set: 7.9ms
[254.355s][info][gc,phases      ] GC(237)   Post Evacuate Collection Set: 0.6ms
[254.355s][info][gc,phases      ] GC(237)   Other: 0.2ms
[254.355s][info][gc,heap        ] GC(237) Eden regions: 122->0(118)
[254.355s][info][gc,heap        ] GC(237) Survivor regions: 10->10(17)
[254.355s][info][gc,heap        ] GC(237) Old regions: 309->313
[254.355s][info][gc,heap        ] GC(237) Archive regions: 2->2
[254.355s][info][gc,heap        ] GC(237) Humongous regions: 7->7
[254.355s][info][gc,metaspace   ] GC(237) Metaspace: 48429K(49872K)->48429K(49872K) NonClass: 42575K(43600K)->42575K(43600K) Class: 5853K(6272K)->5853K(6272K)
[254.355s][info][gc             ] GC(237) Pause Young (Normal) (G1 Evacuation Pause) 448M->329M(512M) 9.129ms
[254.355s][info][gc,cpu         ] GC(237) User=0.06s Sys=0.00s Real=0.00s
[255.208s][info][gc,start       ] GC(238) Pause Young (Concurrent Start) (G1 Evacuation Pause)
[255.208s][info][gc,task        ] GC(238) Using 8 workers of 8 for evacuation
[255.216s][info][gc,phases      ] GC(238)   Pre Evacuate Collection Set: 0.1ms
[255.216s][info][gc,phases      ] GC(238)   Merge Heap Roots: 0.1ms
[255.216s][info][gc,phases      ] GC(238)   Evacuate Collection Set: 6.9ms
[255.216s][info][gc,phases      ] GC(238)   Post Evacuate Collection Set: 0.5ms
[255.216s][info][gc,phases      ] GC(238)   Other: 0.3ms
[255.216s][info][gc,heap        ] GC(238) Eden regions: 118->0(117)
[255.216s][info][gc,heap        ] GC(238) Survivor regions: 10->9(16)
[255.216s][info][gc,heap        ] GC(238) Old regions: 313->316
[255.216s][info][gc,heap        ] GC(238) Archive regions: 2->2
[255.216s][info][gc,heap        ] GC(238) Humongous regions: 7->7
[255.216s][info][gc,metaspace   ] GC(238) Metaspace: 48430K(49872K)->48430K(49872K) NonClass: 42576K(43600K)->42576K(43600K) Class: 5853K(6272K)->5853K(6272K)
[255.216s][info][gc             ] GC(238) Pause Young (Concurrent Start) (G1 Evacuation Pause) 447M->332M(512M) 7.957ms
[255.216s][info][gc,cpu         ] GC(238) User=0.05s Sys=0.00s Real=0.01s
[255.216s][info][gc             ] GC(239) Concurrent Cycle
[255.216s][info][gc,marking     ] GC(239) Concurrent Clear Claimed Marks
[255.216s][info][gc,marking     ] GC(239) Concurrent Clear Claimed Marks 0.071ms
[255.216s][info][gc,marking     ] GC(239) Concurrent Scan Root Regions
[255.224s][info][gc,marking     ] GC(239) Concurrent Scan Root Regions 7.406ms
[255.224s][info][gc,marking     ] GC(239) Concurrent Mark (255.224s)
[255.224s][info][gc,marking     ] GC(239) Concurrent Mark From Roots
[255.224s][info][gc,task        ] GC(239) Using 2 workers of 2 for marking
[255.903s][info][gc,marking     ] GC(239) Concurrent Mark From Roots 679.648ms
[255.903s][info][gc,marking     ] GC(239) Concurrent Preclean
[255.904s][info][gc,marking     ] GC(239) Concurrent Preclean 0.075ms
[255.904s][info][gc,marking     ] GC(239) Concurrent Mark (255.224s, 255.904s) 679.793ms
[255.904s][info][gc,start       ] GC(239) Pause Remark
[255.905s][info][gc             ] GC(239) Pause Remark 417M->417M(512M) 1.379ms
[255.905s][info][gc,cpu         ] GC(239) User=0.01s Sys=0.00s Real=0.00s
[255.905s][info][gc,marking     ] GC(239) Concurrent Rebuild Remembered Sets
[256.129s][info][gc,start       ] GC(240) Pause Young (Normal) (G1 Evacuation Pause)
[256.129s][info][gc,task        ] GC(240) Using 8 workers of 8 for evacuation
[256.137s][info][gc,phases      ] GC(240)   Pre Evacuate Collection Set: 0.1ms
[256.137s][info][gc,phases      ] GC(240)   Merge Heap Roots: 0.1ms
[256.137s][info][gc,phases      ] GC(240)   Evacuate Collection Set: 7.6ms
[256.137s][info][gc,phases      ] GC(240)   Post Evacuate Collection Set: 0.4ms
[256.137s][info][gc,phases      ] GC(240)   Other: 0.2ms
[256.137s][info][gc,heap        ] GC(240) Eden regions: 117->0(114)
[256.137s][info][gc,heap        ] GC(240) Survivor regions: 9->9(16)
[256.137s][info][gc,heap        ] GC(240) Old regions: 316->319
[256.137s][info][gc,heap        ] GC(240) Archive regions: 2->2
[256.137s][info][gc,heap        ] GC(240) Humongous regions: 7->7
[256.137s][info][gc,metaspace   ] GC(240) Metaspace: 48441K(49872K)->48441K(49872K) NonClass: 42587K(43600K)->42587K(43600K) Class: 5853K(6272K)->5853K(6272K)
[256.137s][info][gc             ] GC(240) Pause Young (Normal) (G1 Evacuation Pause) 449M->334M(512M) 8.534ms
[256.138s][info][gc,cpu         ] GC(240) User=0.05s Sys=0.00s Real=0.01s
[256.338s][info][gc,marking     ] GC(239) Concurrent Rebuild Remembered Sets 433.151ms
[256.339s][info][gc,start       ] GC(239) Pause Cleanup
[256.339s][info][gc             ] GC(239) Pause Cleanup 363M->363M(512M) 0.230ms
[256.339s][info][gc,cpu         ] GC(239) User=0.00s Sys=0.00s Real=0.00s
[256.339s][info][gc,marking     ] GC(239) Concurrent Cleanup for Next Mark
[256.340s][info][gc,marking     ] GC(239) Concurrent Cleanup for Next Mark 1.093ms
[256.340s][info][gc             ] GC(239) Concurrent Cycle 1123.901ms
[256.928s][info][gc,start       ] GC(241) Pause Young (Normal) (G1 Evacuation Pause)
[256.928s][info][gc,task        ] GC(241) Using 8 workers of 8 for evacuation
[256.936s][info][gc,phases      ] GC(241)   Pre Evacuate Collection Set: 0.1ms
[256.936s][info][gc,phases      ] GC(241)   Merge Heap Roots: 0.1ms
[256.936s][info][gc,phases      ] GC(241)   Evacuate Collection Set: 7.0ms
[256.936s][info][gc,phases      ] GC(241)   Post Evacuate Collection Set: 0.4ms
[256.936s][info][gc,phases      ] GC(241)   Other: 0.2ms
[256.936s][info][gc,heap        ] GC(241) Eden regions: 114->0(111)
[256.936s][info][gc,heap        ] GC(241) Survivor regions: 9->9(16)
[256.936s][info][gc,heap        ] GC(241) Old regions: 319->322
[256.936s][info][gc,heap        ] GC(241) Archive regions: 2->2
[256.936s][info][gc,heap        ] GC(241) Humongous regions: 7->7
[256.936s][info][gc,metaspace   ] GC(241) Metaspace: 48441K(49872K)->48441K(49872K) NonClass: 42587K(43600K)->42587K(43600K) Class: 5853K(6272K)->5853K(6272K)
[256.936s][info][gc             ] GC(241) Pause Young (Normal) (G1 Evacuation Pause) 448M->337M(512M) 8.048ms
[256.936s][info][gc,cpu         ] GC(241) User=0.06s Sys=0.00s Real=0.01s
[257.650s][info][gc,start       ] GC(242) Pause Young (Concurrent Start) (G1 Evacuation Pause)
[257.650s][info][gc,task        ] GC(242) Using 8 workers of 8 for evacuation
[257.657s][info][gc,phases      ] GC(242)   Pre Evacuate Collection Set: 0.1ms
[257.657s][info][gc,phases      ] GC(242)   Merge Heap Roots: 0.1ms
[257.657s][info][gc,phases      ] GC(242)   Evacuate Collection Set: 6.6ms
[257.657s][info][gc,phases      ] GC(242)   Post Evacuate Collection Set: 0.4ms
[257.657s][info][gc,phases      ] GC(242)   Other: 0.2ms
[257.657s][info][gc,heap        ] GC(242) Eden regions: 111->0(108)
[257.657s][info][gc,heap        ] GC(242) Survivor regions: 9->9(15)
[257.657s][info][gc,heap        ] GC(242) Old regions: 322->325
[257.657s][info][gc,heap        ] GC(242) Archive regions: 2->2
[257.657s][info][gc,heap        ] GC(242) Humongous regions: 7->7
[257.657s][info][gc,metaspace   ] GC(242) Metaspace: 48441K(49872K)->48441K(49872K) NonClass: 42587K(43600K)->42587K(43600K) Class: 5853K(6272K)->5853K(6272K)
[257.657s][info][gc             ] GC(242) Pause Young (Concurrent Start) (G1 Evacuation Pause) 448M->340M(512M) 7.609ms
[257.657s][info][gc,cpu         ] GC(242) User=0.05s Sys=0.00s Real=0.01s
[257.657s][info][gc             ] GC(243) Concurrent Cycle
[257.657s][info][gc,marking     ] GC(243) Concurrent Clear Claimed Marks
[257.658s][info][gc,marking     ] GC(243) Concurrent Clear Claimed Marks 0.058ms
[257.658s][info][gc,marking     ] GC(243) Concurrent Scan Root Regions
[257.664s][info][gc,marking     ] GC(243) Concurrent Scan Root Regions 6.663ms
[257.664s][info][gc,marking     ] GC(243) Concurrent Mark (257.664s)
[257.664s][info][gc,marking     ] GC(243) Concurrent Mark From Roots
[257.664s][info][gc,task        ] GC(243) Using 2 workers of 2 for marking
[258.290s][info][gc,marking     ] GC(243) Concurrent Mark From Roots 625.730ms
[258.290s][info][gc,marking     ] GC(243) Concurrent Preclean
[258.290s][info][gc,marking     ] GC(243) Concurrent Preclean 0.109ms
[258.290s][info][gc,marking     ] GC(243) Concurrent Mark (257.664s, 258.290s) 625.926ms
[258.290s][info][gc,start       ] GC(243) Pause Remark
[258.292s][info][gc             ] GC(243) Pause Remark 410M->410M(512M) 1.654ms
[258.292s][info][gc,cpu         ] GC(243) User=0.00s Sys=0.00s Real=0.00s
[258.293s][info][gc,marking     ] GC(243) Concurrent Rebuild Remembered Sets
[258.558s][info][gc,start       ] GC(244) Pause Young (Normal) (G1 Evacuation Pause)
[258.558s][info][gc,task        ] GC(244) Using 8 workers of 8 for evacuation
[258.566s][info][gc,phases      ] GC(244)   Pre Evacuate Collection Set: 0.1ms
[258.566s][info][gc,phases      ] GC(244)   Merge Heap Roots: 0.1ms
[258.566s][info][gc,phases      ] GC(244)   Evacuate Collection Set: 7.0ms
[258.566s][info][gc,phases      ] GC(244)   Post Evacuate Collection Set: 0.6ms
[258.566s][info][gc,phases      ] GC(244)   Other: 0.2ms
[258.566s][info][gc,heap        ] GC(244) Eden regions: 108->0(105)
[258.566s][info][gc,heap        ] GC(244) Survivor regions: 9->9(15)
[258.566s][info][gc,heap        ] GC(244) Old regions: 325->328
[258.566s][info][gc,heap        ] GC(244) Archive regions: 2->2
[258.566s][info][gc,heap        ] GC(244) Humongous regions: 7->7
[258.566s][info][gc,metaspace   ] GC(244) Metaspace: 48441K(49872K)->48441K(49872K) NonClass: 42587K(43600K)->42587K(43600K) Class: 5853K(6272K)->5853K(6272K)
[258.566s][info][gc             ] GC(244) Pause Young (Normal) (G1 Evacuation Pause) 448M->343M(512M) 8.142ms
[258.566s][info][gc,cpu         ] GC(244) User=0.05s Sys=0.00s Real=0.01s
[258.730s][info][gc,marking     ] GC(243) Concurrent Rebuild Remembered Sets 437.310ms
[258.730s][info][gc,start       ] GC(243) Pause Cleanup
[258.731s][info][gc             ] GC(243) Pause Cleanup 368M->368M(512M) 0.286ms
[258.731s][info][gc,cpu         ] GC(243) User=0.00s Sys=0.00s Real=0.00s
[258.731s][info][gc,marking     ] GC(243) Concurrent Cleanup for Next Mark
[258.732s][info][gc,marking     ] GC(243) Concurrent Cleanup for Next Mark 0.942ms
[258.732s][info][gc             ] GC(243) Concurrent Cycle 1074.216ms
[259.339s][info][gc,start       ] GC(245) Pause Young (Normal) (G1 Evacuation Pause)
[259.339s][info][gc,task        ] GC(245) Using 8 workers of 8 for evacuation
[259.346s][info][gc,phases      ] GC(245)   Pre Evacuate Collection Set: 0.1ms
[259.346s][info][gc,phases      ] GC(245)   Merge Heap Roots: 0.1ms
[259.346s][info][gc,phases      ] GC(245)   Evacuate Collection Set: 6.6ms
[259.346s][info][gc,phases      ] GC(245)   Post Evacuate Collection Set: 0.4ms
[259.346s][info][gc,phases      ] GC(245)   Other: 0.2ms
[259.346s][info][gc,heap        ] GC(245) Eden regions: 105->0(103)
[259.346s][info][gc,heap        ] GC(245) Survivor regions: 9->9(15)
[259.346s][info][gc,heap        ] GC(245) Old regions: 328->330
[259.346s][info][gc,heap        ] GC(245) Archive regions: 2->2
[259.346s][info][gc,heap        ] GC(245) Humongous regions: 7->7
[259.346s][info][gc,metaspace   ] GC(245) Metaspace: 48441K(49872K)->48441K(49872K) NonClass: 42587K(43600K)->42587K(43600K) Class: 5853K(6272K)->5853K(6272K)
[259.346s][info][gc             ] GC(245) Pause Young (Normal) (G1 Evacuation Pause) 448M->346M(512M) 7.466ms
[259.346s][info][gc,cpu         ] GC(245) User=0.04s Sys=0.00s Real=0.01s
[260.044s][info][gc,start       ] GC(246) Pause Young (Concurrent Start) (G1 Evacuation Pause)
[260.044s][info][gc,task        ] GC(246) Using 8 workers of 8 for evacuation
[260.051s][info][gc,phases      ] GC(246)   Pre Evacuate Collection Set: 0.1ms
[260.051s][info][gc,phases      ] GC(246)   Merge Heap Roots: 0.1ms
[260.051s][info][gc,phases      ] GC(246)   Evacuate Collection Set: 6.6ms
[260.051s][info][gc,phases      ] GC(246)   Post Evacuate Collection Set: 0.4ms
[260.051s][info][gc,phases      ] GC(246)   Other: 0.3ms
[260.051s][info][gc,heap        ] GC(246) Eden regions: 103->0(102)
[260.051s][info][gc,heap        ] GC(246) Survivor regions: 9->8(14)
[260.051s][info][gc,heap        ] GC(246) Old regions: 330->333
[260.051s][info][gc,heap        ] GC(246) Archive regions: 2->2
[260.051s][info][gc,heap        ] GC(246) Humongous regions: 7->7
[260.051s][info][gc,metaspace   ] GC(246) Metaspace: 48441K(49872K)->48441K(49872K) NonClass: 42587K(43600K)->42587K(43600K) Class: 5853K(6272K)->5853K(6272K)
[260.051s][info][gc             ] GC(246) Pause Young (Concurrent Start) (G1 Evacuation Pause) 449M->348M(512M) 7.699ms
[260.051s][info][gc,cpu         ] GC(246) User=0.05s Sys=0.00s Real=0.01s
[260.051s][info][gc             ] GC(247) Concurrent Cycle
[260.051s][info][gc,marking     ] GC(247) Concurrent Clear Claimed Marks
[260.052s][info][gc,marking     ] GC(247) Concurrent Clear Claimed Marks 0.070ms
[260.052s][info][gc,marking     ] GC(247) Concurrent Scan Root Regions
[260.060s][info][gc,marking     ] GC(247) Concurrent Scan Root Regions 8.083ms
[260.060s][info][gc,marking     ] GC(247) Concurrent Mark (260.060s)
[260.060s][info][gc,marking     ] GC(247) Concurrent Mark From Roots
[260.060s][info][gc,task        ] GC(247) Using 2 workers of 2 for marking
[260.716s][info][gc,marking     ] GC(247) Concurrent Mark From Roots 656.658ms
[260.716s][info][gc,marking     ] GC(247) Concurrent Preclean
[260.716s][info][gc,marking     ] GC(247) Concurrent Preclean 0.088ms
[260.716s][info][gc,marking     ] GC(247) Concurrent Mark (260.060s, 260.716s) 656.825ms
[260.717s][info][gc,start       ] GC(247) Pause Remark
[260.718s][info][gc             ] GC(247) Pause Remark 430M->430M(512M) 1.518ms
[260.718s][info][gc,cpu         ] GC(247) User=0.01s Sys=0.00s Real=0.00s
[260.718s][info][gc,marking     ] GC(247) Concurrent Rebuild Remembered Sets
[260.864s][info][gc,start       ] GC(248) Pause Young (Normal) (G1 Evacuation Pause)
[260.864s][info][gc,task        ] GC(248) Using 8 workers of 8 for evacuation
[260.871s][info][gc,phases      ] GC(248)   Pre Evacuate Collection Set: 0.1ms
[260.871s][info][gc,phases      ] GC(248)   Merge Heap Roots: 0.1ms
[260.871s][info][gc,phases      ] GC(248)   Evacuate Collection Set: 5.9ms
[260.871s][info][gc,phases      ] GC(248)   Post Evacuate Collection Set: 0.8ms
[260.871s][info][gc,phases      ] GC(248)   Other: 0.3ms
[260.871s][info][gc,heap        ] GC(248) Eden regions: 102->0(99)
[260.871s][info][gc,heap        ] GC(248) Survivor regions: 8->8(14)
[260.871s][info][gc,heap        ] GC(248) Old regions: 333->336
[260.871s][info][gc,heap        ] GC(248) Archive regions: 2->2
[260.871s][info][gc,heap        ] GC(248) Humongous regions: 7->7
[260.871s][info][gc,metaspace   ] GC(248) Metaspace: 48441K(49872K)->48441K(49872K) NonClass: 42587K(43600K)->42587K(43600K) Class: 5853K(6272K)->5853K(6272K)
[260.871s][info][gc             ] GC(248) Pause Young (Normal) (G1 Evacuation Pause) 450M->350M(512M) 7.559ms
[260.871s][info][gc,cpu         ] GC(248) User=0.04s Sys=0.00s Real=0.01s
[261.177s][info][gc,marking     ] GC(247) Concurrent Rebuild Remembered Sets 459.099ms
[261.178s][info][gc,start       ] GC(247) Pause Cleanup
[261.178s][info][gc             ] GC(247) Pause Cleanup 395M->395M(512M) 0.221ms
[261.178s][info][gc,cpu         ] GC(247) User=0.00s Sys=0.00s Real=0.00s
[261.178s][info][gc,marking     ] GC(247) Concurrent Cleanup for Next Mark
[261.179s][info][gc,marking     ] GC(247) Concurrent Cleanup for Next Mark 0.866ms
[261.179s][info][gc             ] GC(247) Concurrent Cycle 1127.694ms
[261.312s][info][gc,start       ] GC(249) Pause Young (Concurrent Start) (G1 Humongous Allocation)
[261.312s][info][gc,task        ] GC(249) Using 8 workers of 8 for evacuation
[261.319s][info][gc,phases      ] GC(249)   Pre Evacuate Collection Set: 0.1ms
[261.319s][info][gc,phases      ] GC(249)   Merge Heap Roots: 0.1ms
[261.319s][info][gc,phases      ] GC(249)   Evacuate Collection Set: 6.6ms
[261.319s][info][gc,phases      ] GC(249)   Post Evacuate Collection Set: 0.4ms
[261.320s][info][gc,phases      ] GC(249)   Other: 0.2ms
[261.320s][info][gc,heap        ] GC(249) Eden regions: 66->0(99)
[261.320s][info][gc,heap        ] GC(249) Survivor regions: 8->7(14)
[261.320s][info][gc,heap        ] GC(249) Old regions: 336->338
[261.320s][info][gc,heap        ] GC(249) Archive regions: 2->2
[261.320s][info][gc,heap        ] GC(249) Humongous regions: 7->7
[261.320s][info][gc,metaspace   ] GC(249) Metaspace: 48442K(49872K)->48442K(49872K) NonClass: 42588K(43600K)->42588K(43600K) Class: 5853K(6272K)->5853K(6272K)
[261.320s][info][gc             ] GC(249) Pause Young (Concurrent Start) (G1 Humongous Allocation) 416M->352M(512M) 7.566ms
[261.320s][info][gc,cpu         ] GC(249) User=0.05s Sys=0.00s Real=0.01s
[261.320s][info][gc             ] GC(250) Concurrent Cycle
[261.320s][info][gc,marking     ] GC(250) Concurrent Clear Claimed Marks
[261.320s][info][gc,marking     ] GC(250) Concurrent Clear Claimed Marks 0.056ms
[261.320s][info][gc,marking     ] GC(250) Concurrent Scan Root Regions
[261.349s][info][gc,marking     ] GC(250) Concurrent Scan Root Regions 29.443ms
[261.349s][info][gc,marking     ] GC(250) Concurrent Mark (261.349s)
[261.349s][info][gc,marking     ] GC(250) Concurrent Mark From Roots
[261.349s][info][gc,task        ] GC(250) Using 2 workers of 2 for marking
[261.349s][info][gc,start       ] GC(251) Pause Young (Normal) (G1 Humongous Allocation)
[261.349s][info][gc,task        ] GC(251) Using 8 workers of 8 for evacuation
[261.406s][info][gc,phases      ] GC(251)   Pre Evacuate Collection Set: 6.4ms
[261.406s][info][gc,phases      ] GC(251)   Merge Heap Roots: 1.4ms
[261.406s][info][gc,phases      ] GC(251)   Evacuate Collection Set: 53.3ms
[261.406s][info][gc,phases      ] GC(251)   Post Evacuate Collection Set: 0.3ms
[261.406s][info][gc,phases      ] GC(251)   Other: 0.3ms
[261.406s][info][gc,heap        ] GC(251) Eden regions: 2->0(17)
[261.406s][info][gc,heap        ] GC(251) Survivor regions: 7->8(13)
[261.406s][info][gc,heap        ] GC(251) Old regions: 338->338
[261.406s][info][gc,heap        ] GC(251) Archive regions: 2->2
[261.406s][info][gc,heap        ] GC(251) Humongous regions: 150->150
[261.406s][info][gc,metaspace   ] GC(251) Metaspace: 48442K(49872K)->48442K(49872K) NonClass: 42589K(43600K)->42589K(43600K) Class: 5853K(6272K)->5853K(6272K)
[261.406s][info][gc             ] GC(251) Pause Young (Normal) (G1 Humongous Allocation) 496M->496M(512M) 56.766ms
[261.406s][info][gc,cpu         ] GC(251) User=0.31s Sys=0.01s Real=0.06s
[261.406s][info][gc,task        ] GC(252) Using 8 workers of 8 for full compaction
[261.406s][info][gc,start       ] GC(252) Pause Full (G1 Humongous Allocation)
[261.407s][info][gc,phases,start] GC(252) Phase 1: Mark live objects
[261.603s][info][gc,phases      ] GC(252) Phase 1: Mark live objects 196.441ms
[261.603s][info][gc,phases,start] GC(252) Phase 2: Prepare for compaction
[261.646s][info][gc,phases      ] GC(252) Phase 2: Prepare for compaction 42.428ms
[261.646s][info][gc,phases,start] GC(252) Phase 3: Adjust pointers
[261.737s][info][gc,phases      ] GC(252) Phase 3: Adjust pointers 91.626ms
[261.738s][info][gc,phases,start] GC(252) Phase 4: Compact heap
[261.796s][info][gc,phases      ] GC(252) Phase 4: Compact heap 58.356ms
[261.799s][info][gc,heap        ] GC(252) Eden regions: 0->0(84)
[261.799s][info][gc,heap        ] GC(252) Survivor regions: 8->0(13)
[261.799s][info][gc,heap        ] GC(252) Old regions: 338->339
[261.799s][info][gc,heap        ] GC(252) Archive regions: 2->2
[261.799s][info][gc,heap        ] GC(252) Humongous regions: 150->29
[261.799s][info][gc,metaspace   ] GC(252) Metaspace: 48442K(49872K)->48356K(49872K) NonClass: 42589K(43600K)->42517K(43600K) Class: 5853K(6272K)->5838K(6272K)
[261.799s][info][gc             ] GC(252) Pause Full (G1 Humongous Allocation) 496M->364M(512M) 392.980ms
[261.801s][info][gc,cpu         ] GC(252) User=2.01s Sys=0.03s Real=0.39s
[261.837s][info][gc,marking     ] GC(250) Concurrent Mark From Roots 487.289ms
[261.837s][info][gc,marking     ] GC(250) Concurrent Mark Abort
[261.837s][info][gc             ] GC(250) Concurrent Cycle 517.001ms
[261.840s][info][gc,start       ] GC(253) Pause Young (Normal) (G1 Humongous Allocation)
[261.840s][info][gc,task        ] GC(253) Using 8 workers of 8 for evacuation
[261.847s][info][gc,phases      ] GC(253)   Pre Evacuate Collection Set: 0.1ms
[261.847s][info][gc,phases      ] GC(253)   Merge Heap Roots: 0.1ms
[261.847s][info][gc,phases      ] GC(253)   Evacuate Collection Set: 5.7ms
[261.847s][info][gc,phases      ] GC(253)   Post Evacuate Collection Set: 0.7ms
[261.847s][info][gc,phases      ] GC(253)   Other: 0.2ms
[261.847s][info][gc,heap        ] GC(253) Eden regions: 1->0(24)
[261.847s][info][gc,heap        ] GC(253) Survivor regions: 0->1(11)
[261.847s][info][gc,heap        ] GC(253) Old regions: 339->339
[261.847s][info][gc,heap        ] GC(253) Archive regions: 2->2
[261.847s][info][gc,heap        ] GC(253) Humongous regions: 128->128
[261.847s][info][gc,metaspace   ] GC(253) Metaspace: 48356K(49872K)->48356K(49872K) NonClass: 42517K(43600K)->42517K(43600K) Class: 5838K(6272K)->5838K(6272K)
[261.847s][info][gc             ] GC(253) Pause Young (Normal) (G1 Humongous Allocation) 464M->464M(512M) 6.971ms
[261.847s][info][gc,cpu         ] GC(253) User=0.03s Sys=0.00s Real=0.01s
[261.847s][info][gc,task        ] GC(254) Using 8 workers of 8 for full compaction
[261.847s][info][gc,start       ] GC(254) Pause Full (G1 Humongous Allocation)
[261.847s][info][gc,phases,start] GC(254) Phase 1: Mark live objects
[262.073s][info][gc,phases      ] GC(254) Phase 1: Mark live objects 226.374ms
[262.073s][info][gc,phases,start] GC(254) Phase 2: Prepare for compaction
[262.104s][info][gc,phases      ] GC(254) Phase 2: Prepare for compaction 30.120ms
[262.104s][info][gc,phases,start] GC(254) Phase 3: Adjust pointers
[262.193s][info][gc,phases      ] GC(254) Phase 3: Adjust pointers 89.484ms
[262.193s][info][gc,phases,start] GC(254) Phase 4: Compact heap
[262.224s][info][gc,phases      ] GC(254) Phase 4: Compact heap 31.057ms
[262.227s][info][gc,heap        ] GC(254) Eden regions: 0->0(93)
[262.228s][info][gc,heap        ] GC(254) Survivor regions: 1->0(11)
[262.228s][info][gc,heap        ] GC(254) Old regions: 339->337
[262.228s][info][gc,heap        ] GC(254) Archive regions: 2->2
[262.228s][info][gc,heap        ] GC(254) Humongous regions: 128->18
[262.228s][info][gc,metaspace   ] GC(254) Metaspace: 48356K(49872K)->48356K(49872K) NonClass: 42517K(43600K)->42517K(43600K) Class: 5838K(6272K)->5838K(6272K)
[262.228s][info][gc             ] GC(254) Pause Full (G1 Humongous Allocation) 464M->353M(512M) 380.604ms
[262.228s][info][gc,cpu         ] GC(254) User=1.81s Sys=0.03s Real=0.38s
[262.797s][info][gc,start       ] GC(255) Pause Young (Concurrent Start) (G1 Evacuation Pause)
[262.797s][info][gc,task        ] GC(255) Using 8 workers of 8 for evacuation
[262.801s][info][gc,phases      ] GC(255)   Pre Evacuate Collection Set: 0.2ms
[262.801s][info][gc,phases      ] GC(255)   Merge Heap Roots: 0.1ms
[262.801s][info][gc,phases      ] GC(255)   Evacuate Collection Set: 3.1ms
[262.801s][info][gc,phases      ] GC(255)   Post Evacuate Collection Set: 0.4ms
[262.801s][info][gc,phases      ] GC(255)   Other: 0.3ms
[262.801s][info][gc,heap        ] GC(255) Eden regions: 93->0(81)
[262.801s][info][gc,heap        ] GC(255) Survivor regions: 0->3(12)
[262.801s][info][gc,heap        ] GC(255) Old regions: 337->337
[262.801s][info][gc,heap        ] GC(255) Archive regions: 2->2
[262.801s][info][gc,heap        ] GC(255) Humongous regions: 29->29
[262.801s][info][gc,metaspace   ] GC(255) Metaspace: 48364K(49872K)->48364K(49872K) NonClass: 42525K(43600K)->42525K(43600K) Class: 5838K(6272K)->5838K(6272K)
[262.801s][info][gc             ] GC(255) Pause Young (Concurrent Start) (G1 Evacuation Pause) 457M->366M(512M) 4.078ms
[262.801s][info][gc,cpu         ] GC(255) User=0.03s Sys=0.00s Real=0.00s
[262.801s][info][gc             ] GC(256) Concurrent Cycle
[262.801s][info][gc,marking     ] GC(256) Concurrent Clear Claimed Marks
[262.801s][info][gc,marking     ] GC(256) Concurrent Clear Claimed Marks 0.046ms
[262.801s][info][gc,marking     ] GC(256) Concurrent Scan Root Regions
[262.804s][info][gc,marking     ] GC(256) Concurrent Scan Root Regions 2.277ms
[262.804s][info][gc,marking     ] GC(256) Concurrent Mark (262.804s)
[262.804s][info][gc,marking     ] GC(256) Concurrent Mark From Roots
[262.804s][info][gc,task        ] GC(256) Using 2 workers of 2 for marking
[263.519s][info][gc,start       ] GC(257) Pause Young (Normal) (G1 Evacuation Pause)
[263.519s][info][gc,task        ] GC(257) Using 8 workers of 8 for evacuation
[263.522s][info][gc,phases      ] GC(257)   Pre Evacuate Collection Set: 0.1ms
[263.522s][info][gc,phases      ] GC(257)   Merge Heap Roots: 0.0ms
[263.522s][info][gc,phases      ] GC(257)   Evacuate Collection Set: 2.7ms
[263.522s][info][gc,phases      ] GC(257)   Post Evacuate Collection Set: 0.2ms
[263.522s][info][gc,phases      ] GC(257)   Other: 0.2ms
[263.522s][info][gc,heap        ] GC(257) Eden regions: 81->0(80)
[263.522s][info][gc,heap        ] GC(257) Survivor regions: 3->5(11)
[263.522s][info][gc,heap        ] GC(257) Old regions: 337->337
[263.522s][info][gc,heap        ] GC(257) Archive regions: 2->2
[263.522s][info][gc,heap        ] GC(257) Humongous regions: 29->29
[263.523s][info][gc,metaspace   ] GC(257) Metaspace: 48367K(49872K)->48367K(49872K) NonClass: 42528K(43600K)->42528K(43600K) Class: 5838K(6272K)->5838K(6272K)
[263.523s][info][gc             ] GC(257) Pause Young (Normal) (G1 Evacuation Pause) 447M->368M(512M) 3.321ms
[263.523s][info][gc,cpu         ] GC(257) User=0.02s Sys=0.00s Real=0.00s
[263.535s][info][gc,marking     ] GC(256) Concurrent Mark From Roots 731.713ms
[263.535s][info][gc,marking     ] GC(256) Concurrent Preclean
[263.536s][info][gc,marking     ] GC(256) Concurrent Preclean 0.114ms
[263.536s][info][gc,marking     ] GC(256) Concurrent Mark (262.804s, 263.536s) 731.945ms
[263.536s][info][gc,start       ] GC(256) Pause Remark
[263.538s][info][gc             ] GC(256) Pause Remark 370M->352M(512M) 1.955ms
[263.538s][info][gc,cpu         ] GC(256) User=0.01s Sys=0.01s Real=0.00s
[263.538s][info][gc,marking     ] GC(256) Concurrent Rebuild Remembered Sets
[264.009s][info][gc,marking     ] GC(256) Concurrent Rebuild Remembered Sets 470.876ms
[264.010s][info][gc,start       ] GC(256) Pause Cleanup
[264.010s][info][gc             ] GC(256) Pause Cleanup 415M->415M(512M) 0.268ms
[264.010s][info][gc,cpu         ] GC(256) User=0.00s Sys=0.00s Real=0.00s
[264.010s][info][gc,marking     ] GC(256) Concurrent Cleanup for Next Mark
[264.011s][info][gc,marking     ] GC(256) Concurrent Cleanup for Next Mark 1.164ms
[264.011s][info][gc             ] GC(256) Concurrent Cycle 1210.185ms
[264.121s][info][gc,start       ] GC(258) Pause Young (Normal) (G1 Evacuation Pause)
[264.121s][info][gc,task        ] GC(258) Using 8 workers of 8 for evacuation
[264.127s][info][gc,phases      ] GC(258)   Pre Evacuate Collection Set: 0.1ms
[264.127s][info][gc,phases      ] GC(258)   Merge Heap Roots: 0.0ms
[264.127s][info][gc,phases      ] GC(258)   Evacuate Collection Set: 4.7ms
[264.127s][info][gc,phases      ] GC(258)   Post Evacuate Collection Set: 0.8ms
[264.127s][info][gc,phases      ] GC(258)   Other: 0.4ms
[264.127s][info][gc,heap        ] GC(258) Eden regions: 80->0(95)
[264.127s][info][gc,heap        ] GC(258) Survivor regions: 5->7(11)
[264.127s][info][gc,heap        ] GC(258) Old regions: 337->337
[264.127s][info][gc,heap        ] GC(258) Archive regions: 2->2
[264.127s][info][gc,heap        ] GC(258) Humongous regions: 11->11
[264.127s][info][gc,metaspace   ] GC(258) Metaspace: 48367K(49872K)->48367K(49872K) NonClass: 42528K(43600K)->42528K(43600K) Class: 5838K(6272K)->5838K(6272K)
[264.127s][info][gc             ] GC(258) Pause Young (Normal) (G1 Evacuation Pause) 430M->352M(512M) 6.111ms
[264.127s][info][gc,cpu         ] GC(258) User=0.03s Sys=0.00s Real=0.01s
[264.856s][info][gc,start       ] GC(259) Pause Young (Concurrent Start) (G1 Evacuation Pause)
[264.856s][info][gc,task        ] GC(259) Using 8 workers of 8 for evacuation
[264.862s][info][gc,phases      ] GC(259)   Pre Evacuate Collection Set: 0.1ms
[264.862s][info][gc,phases      ] GC(259)   Merge Heap Roots: 0.1ms
[264.862s][info][gc,phases      ] GC(259)   Evacuate Collection Set: 5.7ms
[264.862s][info][gc,phases      ] GC(259)   Post Evacuate Collection Set: 0.4ms
[264.862s][info][gc,phases      ] GC(259)   Other: 0.2ms
[264.862s][info][gc,heap        ] GC(259) Eden regions: 95->0(92)
[264.862s][info][gc,heap        ] GC(259) Survivor regions: 7->9(13)
[264.862s][info][gc,heap        ] GC(259) Old regions: 337->337
[264.862s][info][gc,heap        ] GC(259) Archive regions: 2->2
[264.862s][info][gc,heap        ] GC(259) Humongous regions: 11->11
[264.862s][info][gc,metaspace   ] GC(259) Metaspace: 48367K(49872K)->48367K(49872K) NonClass: 42528K(43600K)->42528K(43600K) Class: 5838K(6272K)->5838K(6272K)
[264.862s][info][gc             ] GC(259) Pause Young (Concurrent Start) (G1 Evacuation Pause) 447M->354M(512M) 6.715ms
[264.862s][info][gc,cpu         ] GC(259) User=0.04s Sys=0.00s Real=0.00s
[264.863s][info][gc             ] GC(260) Concurrent Cycle
[264.863s][info][gc,marking     ] GC(260) Concurrent Clear Claimed Marks
[264.863s][info][gc,marking     ] GC(260) Concurrent Clear Claimed Marks 0.048ms
[264.863s][info][gc,marking     ] GC(260) Concurrent Scan Root Regions
[264.868s][info][gc,marking     ] GC(260) Concurrent Scan Root Regions 5.034ms
[264.868s][info][gc,marking     ] GC(260) Concurrent Mark (264.868s)
[264.868s][info][gc,marking     ] GC(260) Concurrent Mark From Roots
[264.868s][info][gc,task        ] GC(260) Using 2 workers of 2 for marking
[265.664s][info][gc,marking     ] GC(260) Concurrent Mark From Roots 795.956ms
[265.664s][info][gc,marking     ] GC(260) Concurrent Preclean
[265.664s][info][gc,marking     ] GC(260) Concurrent Preclean 0.100ms
[265.664s][info][gc,marking     ] GC(260) Concurrent Mark (264.868s, 265.664s) 796.144ms
[265.664s][info][gc,start       ] GC(260) Pause Remark
[265.666s][info][gc             ] GC(260) Pause Remark 424M->424M(512M) 1.508ms
[265.666s][info][gc,cpu         ] GC(260) User=0.01s Sys=0.00s Real=0.01s
[265.666s][info][gc,marking     ] GC(260) Concurrent Rebuild Remembered Sets
[265.906s][info][gc,start       ] GC(261) Pause Young (Normal) (G1 Evacuation Pause)
[265.906s][info][gc,task        ] GC(261) Using 8 workers of 8 for evacuation
[265.914s][info][gc,phases      ] GC(261)   Pre Evacuate Collection Set: 0.1ms
[265.914s][info][gc,phases      ] GC(261)   Merge Heap Roots: 0.1ms
[265.914s][info][gc,phases      ] GC(261)   Evacuate Collection Set: 7.0ms
[265.914s][info][gc,phases      ] GC(261)   Post Evacuate Collection Set: 0.4ms
[265.914s][info][gc,phases      ] GC(261)   Other: 0.2ms
[265.914s][info][gc,heap        ] GC(261) Eden regions: 92->0(89)
[265.914s][info][gc,heap        ] GC(261) Survivor regions: 9->9(13)
[265.914s][info][gc,heap        ] GC(261) Old regions: 337->340
[265.914s][info][gc,heap        ] GC(261) Archive regions: 2->2
[265.914s][info][gc,heap        ] GC(261) Humongous regions: 11->11
[265.914s][info][gc,metaspace   ] GC(261) Metaspace: 48367K(49872K)->48367K(49872K) NonClass: 42528K(43600K)->42528K(43600K) Class: 5838K(6272K)->5838K(6272K)
[265.914s][info][gc             ] GC(261) Pause Young (Normal) (G1 Evacuation Pause) 446M->357M(512M) 7.767ms
[265.914s][info][gc,cpu         ] GC(261) User=0.04s Sys=0.00s Real=0.00s
[266.243s][info][gc,marking     ] GC(260) Concurrent Rebuild Remembered Sets 576.879ms
[266.243s][info][gc,start       ] GC(260) Pause Cleanup
[266.243s][info][gc             ] GC(260) Pause Cleanup 396M->396M(512M) 0.238ms
[266.243s][info][gc,cpu         ] GC(260) User=0.00s Sys=0.00s Real=0.00s
[266.244s][info][gc,marking     ] GC(260) Concurrent Cleanup for Next Mark
[266.245s][info][gc,marking     ] GC(260) Concurrent Cleanup for Next Mark 1.031ms
[266.245s][info][gc             ] GC(260) Concurrent Cycle 1382.103ms
[266.638s][info][gc,start       ] GC(262) Pause Young (Normal) (G1 Evacuation Pause)
[266.638s][info][gc,task        ] GC(262) Using 8 workers of 8 for evacuation
[266.647s][info][gc,phases      ] GC(262)   Pre Evacuate Collection Set: 0.1ms
[266.647s][info][gc,phases      ] GC(262)   Merge Heap Roots: 0.1ms
[266.647s][info][gc,phases      ] GC(262)   Evacuate Collection Set: 8.0ms
[266.647s][info][gc,phases      ] GC(262)   Post Evacuate Collection Set: 0.3ms
[266.647s][info][gc,phases      ] GC(262)   Other: 0.2ms
[266.647s][info][gc,heap        ] GC(262) Eden regions: 89->0(88)
[266.647s][info][gc,heap        ] GC(262) Survivor regions: 9->9(13)
[266.647s][info][gc,heap        ] GC(262) Old regions: 340->341
[266.647s][info][gc,heap        ] GC(262) Archive regions: 2->2
[266.647s][info][gc,heap        ] GC(262) Humongous regions: 11->11
[266.647s][info][gc,metaspace   ] GC(262) Metaspace: 48367K(49872K)->48367K(49872K) NonClass: 42528K(43600K)->42528K(43600K) Class: 5838K(6272K)->5838K(6272K)
[266.647s][info][gc             ] GC(262) Pause Young (Normal) (G1 Evacuation Pause) 446M->359M(512M) 8.909ms
[266.647s][info][gc,cpu         ] GC(262) User=0.05s Sys=0.00s Real=0.01s
[267.298s][info][gc,start       ] GC(263) Pause Young (Concurrent Start) (G1 Evacuation Pause)
[267.298s][info][gc,task        ] GC(263) Using 8 workers of 8 for evacuation
[267.305s][info][gc,phases      ] GC(263)   Pre Evacuate Collection Set: 0.1ms
[267.305s][info][gc,phases      ] GC(263)   Merge Heap Roots: 0.0ms
[267.305s][info][gc,phases      ] GC(263)   Evacuate Collection Set: 6.5ms
[267.305s][info][gc,phases      ] GC(263)   Post Evacuate Collection Set: 0.4ms
[267.305s][info][gc,phases      ] GC(263)   Other: 0.3ms
[267.305s][info][gc,heap        ] GC(263) Eden regions: 88->0(84)
[267.305s][info][gc,heap        ] GC(263) Survivor regions: 9->10(13)
[267.305s][info][gc,heap        ] GC(263) Old regions: 341->343
[267.305s][info][gc,heap        ] GC(263) Archive regions: 2->2
[267.305s][info][gc,heap        ] GC(263) Humongous regions: 11->11
[267.305s][info][gc,metaspace   ] GC(263) Metaspace: 48367K(49872K)->48367K(49872K) NonClass: 42528K(43600K)->42528K(43600K) Class: 5838K(6272K)->5838K(6272K)
[267.306s][info][gc             ] GC(263) Pause Young (Concurrent Start) (G1 Evacuation Pause) 447M->361M(512M) 7.449ms
[267.306s][info][gc,cpu         ] GC(263) User=0.05s Sys=0.00s Real=0.00s
[267.306s][info][gc             ] GC(264) Concurrent Cycle
[267.306s][info][gc,marking     ] GC(264) Concurrent Clear Claimed Marks
[267.306s][info][gc,marking     ] GC(264) Concurrent Clear Claimed Marks 0.046ms
[267.306s][info][gc,marking     ] GC(264) Concurrent Scan Root Regions
[267.314s][info][gc,marking     ] GC(264) Concurrent Scan Root Regions 8.203ms
[267.314s][info][gc,marking     ] GC(264) Concurrent Mark (267.314s)
[267.314s][info][gc,marking     ] GC(264) Concurrent Mark From Roots
[267.314s][info][gc,task        ] GC(264) Using 2 workers of 2 for marking
[268.009s][info][gc,marking     ] GC(264) Concurrent Mark From Roots 694.637ms
[268.009s][info][gc,marking     ] GC(264) Concurrent Preclean
[268.009s][info][gc,marking     ] GC(264) Concurrent Preclean 0.111ms
[268.009s][info][gc,marking     ] GC(264) Concurrent Mark (267.314s, 268.009s) 694.830ms
[268.009s][info][gc,start       ] GC(264) Pause Remark
[268.011s][info][gc             ] GC(264) Pause Remark 440M->440M(512M) 1.660ms
[268.011s][info][gc,cpu         ] GC(264) User=0.01s Sys=0.00s Real=0.00s
[268.011s][info][gc,marking     ] GC(264) Concurrent Rebuild Remembered Sets
[268.062s][info][gc,start       ] GC(265) Pause Young (Normal) (G1 Evacuation Pause)
[268.062s][info][gc,task        ] GC(265) Using 8 workers of 8 for evacuation
[268.070s][info][gc,phases      ] GC(265)   Pre Evacuate Collection Set: 0.1ms
[268.070s][info][gc,phases      ] GC(265)   Merge Heap Roots: 0.1ms
[268.070s][info][gc,phases      ] GC(265)   Evacuate Collection Set: 6.6ms
[268.070s][info][gc,phases      ] GC(265)   Post Evacuate Collection Set: 0.5ms
[268.070s][info][gc,phases      ] GC(265)   Other: 0.2ms
[268.070s][info][gc,heap        ] GC(265) Eden regions: 84->0(85)
[268.070s][info][gc,heap        ] GC(265) Survivor regions: 10->7(12)
[268.070s][info][gc,heap        ] GC(265) Old regions: 343->348
[268.070s][info][gc,heap        ] GC(265) Archive regions: 2->2
[268.070s][info][gc,heap        ] GC(265) Humongous regions: 11->11
[268.070s][info][gc,metaspace   ] GC(265) Metaspace: 48367K(49872K)->48367K(49872K) NonClass: 42528K(43600K)->42528K(43600K) Class: 5838K(6272K)->5838K(6272K)
[268.070s][info][gc             ] GC(265) Pause Young (Normal) (G1 Evacuation Pause) 445M->363M(512M) 7.618ms
[268.070s][info][gc,cpu         ] GC(265) User=0.04s Sys=0.00s Real=0.01s
[268.480s][info][gc,marking     ] GC(264) Concurrent Rebuild Remembered Sets 468.326ms
[268.480s][info][gc,start       ] GC(264) Pause Cleanup
[268.480s][info][gc             ] GC(264) Pause Cleanup 420M->420M(512M) 0.303ms
[268.480s][info][gc,cpu         ] GC(264) User=0.00s Sys=0.00s Real=0.00s
[268.480s][info][gc,marking     ] GC(264) Concurrent Cleanup for Next Mark
[268.482s][info][gc,marking     ] GC(264) Concurrent Cleanup for Next Mark 1.303ms
[268.482s][info][gc             ] GC(264) Concurrent Cycle 1176.118ms
[268.680s][info][gc,start       ] GC(266) Pause Young (Normal) (G1 Evacuation Pause)
[268.680s][info][gc,task        ] GC(266) Using 8 workers of 8 for evacuation
[268.688s][info][gc,phases      ] GC(266)   Pre Evacuate Collection Set: 0.1ms
[268.688s][info][gc,phases      ] GC(266)   Merge Heap Roots: 0.2ms
[268.688s][info][gc,phases      ] GC(266)   Evacuate Collection Set: 6.7ms
[268.688s][info][gc,phases      ] GC(266)   Post Evacuate Collection Set: 0.4ms
[268.688s][info][gc,phases      ] GC(266)   Other: 0.2ms
[268.688s][info][gc,heap        ] GC(266) Eden regions: 85->0(83)
[268.688s][info][gc,heap        ] GC(266) Survivor regions: 7->7(12)
[268.688s][info][gc,heap        ] GC(266) Old regions: 348->350
[268.688s][info][gc,heap        ] GC(266) Archive regions: 2->2
[268.688s][info][gc,heap        ] GC(266) Humongous regions: 11->11
[268.688s][info][gc,metaspace   ] GC(266) Metaspace: 48367K(49872K)->48367K(49872K) NonClass: 42528K(43600K)->42528K(43600K) Class: 5838K(6272K)->5838K(6272K)
[268.688s][info][gc             ] GC(266) Pause Young (Normal) (G1 Evacuation Pause) 448M->365M(512M) 7.630ms
[268.688s][info][gc,cpu         ] GC(266) User=0.04s Sys=0.00s Real=0.01s
[269.326s][info][gc,start       ] GC(267) Pause Young (Concurrent Start) (G1 Evacuation Pause)
[269.326s][info][gc,task        ] GC(267) Using 8 workers of 8 for evacuation
[269.334s][info][gc,phases      ] GC(267)   Pre Evacuate Collection Set: 0.1ms
[269.334s][info][gc,phases      ] GC(267)   Merge Heap Roots: 0.0ms
[269.334s][info][gc,phases      ] GC(267)   Evacuate Collection Set: 7.2ms
[269.334s][info][gc,phases      ] GC(267)   Post Evacuate Collection Set: 0.5ms
[269.334s][info][gc,phases      ] GC(267)   Other: 0.3ms
[269.334s][info][gc,heap        ] GC(267) Eden regions: 83->0(81)
[269.334s][info][gc,heap        ] GC(267) Survivor regions: 7->8(12)
[269.334s][info][gc,heap        ] GC(267) Old regions: 350->350
[269.334s][info][gc,heap        ] GC(267) Archive regions: 2->2
[269.334s][info][gc,heap        ] GC(267) Humongous regions: 11->11
[269.334s][info][gc,metaspace   ] GC(267) Metaspace: 48372K(49872K)->48372K(49872K) NonClass: 42533K(43600K)->42533K(43600K) Class: 5838K(6272K)->5838K(6272K)
[269.334s][info][gc             ] GC(267) Pause Young (Concurrent Start) (G1 Evacuation Pause) 448M->367M(512M) 8.254ms
[269.334s][info][gc,cpu         ] GC(267) User=0.03s Sys=0.00s Real=0.00s
[269.334s][info][gc             ] GC(268) Concurrent Cycle
[269.334s][info][gc,marking     ] GC(268) Concurrent Clear Claimed Marks
[269.334s][info][gc,marking     ] GC(268) Concurrent Clear Claimed Marks 0.049ms
[269.334s][info][gc,marking     ] GC(268) Concurrent Scan Root Regions
[269.341s][info][gc,marking     ] GC(268) Concurrent Scan Root Regions 6.403ms
[269.341s][info][gc,marking     ] GC(268) Concurrent Mark (269.341s)
[269.341s][info][gc,marking     ] GC(268) Concurrent Mark From Roots
[269.341s][info][gc,task        ] GC(268) Using 2 workers of 2 for marking
[270.165s][info][gc,marking     ] GC(268) Concurrent Mark From Roots 824.002ms
[270.165s][info][gc,marking     ] GC(268) Concurrent Preclean
[270.165s][info][gc,marking     ] GC(268) Concurrent Preclean 0.090ms
[270.165s][info][gc,marking     ] GC(268) Concurrent Mark (269.341s, 270.165s) 824.163ms
[270.165s][info][gc,start       ] GC(268) Pause Remark
[270.167s][info][gc             ] GC(268) Pause Remark 445M->445M(512M) 1.317ms
[270.167s][info][gc,cpu         ] GC(268) User=0.01s Sys=0.00s Real=0.01s
[270.167s][info][gc,marking     ] GC(268) Concurrent Rebuild Remembered Sets
[270.184s][info][gc,start       ] GC(269) Pause Young (Normal) (G1 Evacuation Pause)
[270.184s][info][gc,task        ] GC(269) Using 8 workers of 8 for evacuation
[270.190s][info][gc,phases      ] GC(269)   Pre Evacuate Collection Set: 0.1ms
[270.191s][info][gc,phases      ] GC(269)   Merge Heap Roots: 0.1ms
[270.191s][info][gc,phases      ] GC(269)   Evacuate Collection Set: 5.6ms
[270.191s][info][gc,phases      ] GC(269)   Post Evacuate Collection Set: 0.3ms
[270.191s][info][gc,phases      ] GC(269)   Other: 0.2ms
[270.191s][info][gc,heap        ] GC(269) Eden regions: 81->0(77)
[270.191s][info][gc,heap        ] GC(269) Survivor regions: 8->9(12)
[270.191s][info][gc,heap        ] GC(269) Old regions: 350->352
[270.191s][info][gc,heap        ] GC(269) Archive regions: 2->2
[270.191s][info][gc,heap        ] GC(269) Humongous regions: 11->11
[270.191s][info][gc,metaspace   ] GC(269) Metaspace: 48373K(49872K)->48373K(49872K) NonClass: 42534K(43600K)->42534K(43600K) Class: 5838K(6272K)->5838K(6272K)
[270.191s][info][gc             ] GC(269) Pause Young (Normal) (G1 Evacuation Pause) 448M->369M(512M) 6.287ms
[270.191s][info][gc,cpu         ] GC(269) User=0.05s Sys=0.00s Real=0.01s
[270.655s][info][gc,marking     ] GC(268) Concurrent Rebuild Remembered Sets 488.803ms
[270.656s][info][gc,start       ] GC(268) Pause Cleanup
[270.656s][info][gc             ] GC(268) Pause Cleanup 434M->434M(512M) 0.349ms
[270.656s][info][gc,cpu         ] GC(268) User=0.00s Sys=0.00s Real=0.00s
[270.656s][info][gc,marking     ] GC(268) Concurrent Cleanup for Next Mark
[270.664s][info][gc,marking     ] GC(268) Concurrent Cleanup for Next Mark 7.582ms
[270.664s][info][gc             ] GC(268) Concurrent Cycle 1329.451ms
[270.746s][info][gc,start       ] GC(270) Pause Young (Normal) (G1 Evacuation Pause)
[270.746s][info][gc,task        ] GC(270) Using 8 workers of 8 for evacuation
[270.754s][info][gc,phases      ] GC(270)   Pre Evacuate Collection Set: 0.1ms
[270.755s][info][gc,phases      ] GC(270)   Merge Heap Roots: 0.1ms
[270.755s][info][gc,phases      ] GC(270)   Evacuate Collection Set: 7.3ms
[270.755s][info][gc,phases      ] GC(270)   Post Evacuate Collection Set: 0.5ms
[270.755s][info][gc,phases      ] GC(270)   Other: 0.2ms
[270.755s][info][gc,heap        ] GC(270) Eden regions: 77->0(77)
[270.755s][info][gc,heap        ] GC(270) Survivor regions: 9->7(11)
[270.755s][info][gc,heap        ] GC(270) Old regions: 352->356
[270.755s][info][gc,heap        ] GC(270) Archive regions: 2->2
[270.755s][info][gc,heap        ] GC(270) Humongous regions: 11->11
[270.755s][info][gc,metaspace   ] GC(270) Metaspace: 48373K(49872K)->48373K(49872K) NonClass: 42534K(43600K)->42534K(43600K) Class: 5838K(6272K)->5838K(6272K)
[270.755s][info][gc             ] GC(270) Pause Young (Normal) (G1 Evacuation Pause) 446M->371M(512M) 8.256ms
[270.755s][info][gc,cpu         ] GC(270) User=0.05s Sys=0.00s Real=0.00s
[271.357s][info][gc,start       ] GC(271) Pause Young (Concurrent Start) (G1 Evacuation Pause)
[271.357s][info][gc,task        ] GC(271) Using 8 workers of 8 for evacuation
[271.363s][info][gc,phases      ] GC(271)   Pre Evacuate Collection Set: 0.1ms
[271.363s][info][gc,phases      ] GC(271)   Merge Heap Roots: 0.0ms
[271.363s][info][gc,phases      ] GC(271)   Evacuate Collection Set: 5.6ms
[271.363s][info][gc,phases      ] GC(271)   Post Evacuate Collection Set: 0.5ms
[271.363s][info][gc,phases      ] GC(271)   Other: 0.3ms
[271.363s][info][gc,heap        ] GC(271) Eden regions: 77->0(77)
[271.363s][info][gc,heap        ] GC(271) Survivor regions: 7->6(11)
[271.363s][info][gc,heap        ] GC(271) Old regions: 356->358
[271.363s][info][gc,heap        ] GC(271) Archive regions: 2->2
[271.363s][info][gc,heap        ] GC(271) Humongous regions: 11->11
[271.363s][info][gc,metaspace   ] GC(271) Metaspace: 48373K(49872K)->48373K(49872K) NonClass: 42534K(43600K)->42534K(43600K) Class: 5838K(6272K)->5838K(6272K)
[271.363s][info][gc             ] GC(271) Pause Young (Concurrent Start) (G1 Evacuation Pause) 448M->373M(512M) 6.806ms
[271.363s][info][gc,cpu         ] GC(271) User=0.03s Sys=0.00s Real=0.00s
[271.363s][info][gc             ] GC(272) Concurrent Cycle
[271.363s][info][gc,marking     ] GC(272) Concurrent Clear Claimed Marks
[271.364s][info][gc,marking     ] GC(272) Concurrent Clear Claimed Marks 0.078ms
[271.364s][info][gc,marking     ] GC(272) Concurrent Scan Root Regions
[271.369s][info][gc,marking     ] GC(272) Concurrent Scan Root Regions 5.794ms
[271.369s][info][gc,marking     ] GC(272) Concurrent Mark (271.369s)
[271.369s][info][gc,marking     ] GC(272) Concurrent Mark From Roots
[271.369s][info][gc,task        ] GC(272) Using 2 workers of 2 for marking
[272.217s][info][gc,marking     ] GC(272) Concurrent Mark From Roots 847.517ms
[272.217s][info][gc,marking     ] GC(272) Concurrent Preclean
[272.217s][info][gc,marking     ] GC(272) Concurrent Preclean 0.151ms
[272.217s][info][gc,marking     ] GC(272) Concurrent Mark (271.369s, 272.217s) 847.756ms
[272.217s][info][gc,start       ] GC(272) Pause Remark
[272.219s][info][gc             ] GC(272) Pause Remark 443M->443M(512M) 1.622ms
[272.219s][info][gc,cpu         ] GC(272) User=0.00s Sys=0.00s Real=0.00s
[272.219s][info][gc,marking     ] GC(272) Concurrent Rebuild Remembered Sets
[272.284s][info][gc,start       ] GC(273) Pause Young (Normal) (G1 Evacuation Pause)
[272.284s][info][gc,task        ] GC(273) Using 8 workers of 8 for evacuation
[272.291s][info][gc,phases      ] GC(273)   Pre Evacuate Collection Set: 0.1ms
[272.291s][info][gc,phases      ] GC(273)   Merge Heap Roots: 0.0ms
[272.291s][info][gc,phases      ] GC(273)   Evacuate Collection Set: 5.1ms
[272.291s][info][gc,phases      ] GC(273)   Post Evacuate Collection Set: 0.7ms
[272.291s][info][gc,phases      ] GC(273)   Other: 0.3ms
[272.291s][info][gc,heap        ] GC(273) Eden regions: 77->0(73)
[272.291s][info][gc,heap        ] GC(273) Survivor regions: 6->8(11)
[272.291s][info][gc,heap        ] GC(273) Old regions: 358->358
[272.291s][info][gc,heap        ] GC(273) Archive regions: 2->2
[272.291s][info][gc,heap        ] GC(273) Humongous regions: 11->11
[272.291s][info][gc,metaspace   ] GC(273) Metaspace: 48376K(49872K)->48376K(49872K) NonClass: 42537K(43600K)->42537K(43600K) Class: 5838K(6272K)->5838K(6272K)
[272.291s][info][gc             ] GC(273) Pause Young (Normal) (G1 Evacuation Pause) 450M->375M(512M) 6.467ms
[272.291s][info][gc,cpu         ] GC(273) User=0.03s Sys=0.00s Real=0.01s
[272.748s][info][gc,marking     ] GC(272) Concurrent Rebuild Remembered Sets 529.243ms
[272.749s][info][gc,start       ] GC(272) Pause Cleanup
[272.749s][info][gc             ] GC(272) Pause Cleanup 432M->432M(512M) 0.222ms
[272.749s][info][gc,cpu         ] GC(272) User=0.00s Sys=0.00s Real=0.00s
[272.749s][info][gc,marking     ] GC(272) Concurrent Cleanup for Next Mark
[272.750s][info][gc,marking     ] GC(272) Concurrent Cleanup for Next Mark 1.182ms
[272.750s][info][gc             ] GC(272) Concurrent Cycle 1386.750ms
[272.878s][info][gc,start       ] GC(274) Pause Young (Normal) (G1 Evacuation Pause)
[272.878s][info][gc,task        ] GC(274) Using 8 workers of 8 for evacuation
[272.885s][info][gc,phases      ] GC(274)   Pre Evacuate Collection Set: 0.1ms
[272.886s][info][gc,phases      ] GC(274)   Merge Heap Roots: 0.1ms
[272.886s][info][gc,phases      ] GC(274)   Evacuate Collection Set: 6.2ms
[272.886s][info][gc,phases      ] GC(274)   Post Evacuate Collection Set: 0.5ms
[272.886s][info][gc,phases      ] GC(274)   Other: 0.2ms
[272.886s][info][gc,heap        ] GC(274) Eden regions: 73->0(71)
[272.886s][info][gc,heap        ] GC(274) Survivor regions: 8->8(11)
[272.886s][info][gc,heap        ] GC(274) Old regions: 358->360
[272.886s][info][gc,heap        ] GC(274) Archive regions: 2->2
[272.886s][info][gc,heap        ] GC(274) Humongous regions: 11->11
[272.886s][info][gc,metaspace   ] GC(274) Metaspace: 48379K(49872K)->48379K(49872K) NonClass: 42540K(43600K)->42540K(43600K) Class: 5838K(6272K)->5838K(6272K)
[272.886s][info][gc             ] GC(274) Pause Young (Normal) (G1 Evacuation Pause) 448M->376M(512M) 7.189ms
[272.886s][info][gc,cpu         ] GC(274) User=0.04s Sys=0.00s Real=0.01s
[273.422s][info][gc,start       ] GC(275) Pause Young (Concurrent Start) (G1 Evacuation Pause)
[273.422s][info][gc,task        ] GC(275) Using 8 workers of 8 for evacuation
[273.429s][info][gc,phases      ] GC(275)   Pre Evacuate Collection Set: 0.1ms
[273.429s][info][gc,phases      ] GC(275)   Merge Heap Roots: 0.1ms
[273.429s][info][gc,phases      ] GC(275)   Evacuate Collection Set: 6.2ms
[273.429s][info][gc,phases      ] GC(275)   Post Evacuate Collection Set: 0.6ms
[273.429s][info][gc,phases      ] GC(275)   Other: 0.3ms
[273.429s][info][gc,heap        ] GC(275) Eden regions: 71->0(69)
[273.429s][info][gc,heap        ] GC(275) Survivor regions: 8->7(10)
[273.429s][info][gc,heap        ] GC(275) Old regions: 360->364
[273.429s][info][gc,heap        ] GC(275) Archive regions: 2->2
[273.429s][info][gc,heap        ] GC(275) Humongous regions: 11->11
[273.429s][info][gc,metaspace   ] GC(275) Metaspace: 48467K(49872K)->48467K(49872K) NonClass: 42617K(43600K)->42617K(43600K) Class: 5850K(6272K)->5850K(6272K)
[273.429s][info][gc             ] GC(275) Pause Young (Concurrent Start) (G1 Evacuation Pause) 447M->379M(512M) 7.375ms
[273.429s][info][gc,cpu         ] GC(275) User=0.04s Sys=0.00s Real=0.01s
[273.429s][info][gc             ] GC(276) Concurrent Cycle
[273.429s][info][gc,marking     ] GC(276) Concurrent Clear Claimed Marks
[273.429s][info][gc,marking     ] GC(276) Concurrent Clear Claimed Marks 0.081ms
[273.429s][info][gc,marking     ] GC(276) Concurrent Scan Root Regions
[273.436s][info][gc,marking     ] GC(276) Concurrent Scan Root Regions 6.833ms
[273.436s][info][gc,marking     ] GC(276) Concurrent Mark (273.436s)
[273.436s][info][gc,marking     ] GC(276) Concurrent Mark From Roots
[273.436s][info][gc,task        ] GC(276) Using 2 workers of 2 for marking
[274.264s][info][gc,marking     ] GC(276) Concurrent Mark From Roots 827.404ms
[274.264s][info][gc,marking     ] GC(276) Concurrent Preclean
[274.264s][info][gc,marking     ] GC(276) Concurrent Preclean 0.125ms
[274.264s][info][gc,marking     ] GC(276) Concurrent Mark (273.436s, 274.264s) 827.625ms
[274.264s][info][gc,start       ] GC(276) Pause Remark
[274.266s][info][gc             ] GC(276) Pause Remark 401M->401M(512M) 1.764ms
[274.266s][info][gc,cpu         ] GC(276) User=0.01s Sys=0.01s Real=0.01s
[274.266s][info][gc,marking     ] GC(276) Concurrent Rebuild Remembered Sets
[274.734s][info][gc,marking     ] GC(276) Concurrent Rebuild Remembered Sets 467.807ms
[274.735s][info][gc,start       ] GC(276) Pause Cleanup
[274.735s][info][gc             ] GC(276) Pause Cleanup 401M->401M(512M) 0.358ms
[274.735s][info][gc,cpu         ] GC(276) User=0.00s Sys=0.00s Real=0.00s
[274.735s][info][gc,marking     ] GC(276) Concurrent Cleanup for Next Mark
[274.736s][info][gc,marking     ] GC(276) Concurrent Cleanup for Next Mark 0.825ms
[274.736s][info][gc             ] GC(276) Concurrent Cycle 1307.149ms
[287.898s][info][gc,start       ] GC(277) Pause Young (Normal) (G1 Evacuation Pause)
[287.898s][info][gc,task        ] GC(277) Using 8 workers of 8 for evacuation
[287.905s][info][gc,phases      ] GC(277)   Pre Evacuate Collection Set: 0.1ms
[287.905s][info][gc,phases      ] GC(277)   Merge Heap Roots: 0.0ms
[287.905s][info][gc,phases      ] GC(277)   Evacuate Collection Set: 5.6ms
[287.905s][info][gc,phases      ] GC(277)   Post Evacuate Collection Set: 0.6ms
[287.905s][info][gc,phases      ] GC(277)   Other: 0.2ms
[287.905s][info][gc,heap        ] GC(277) Eden regions: 69->0(69)
[287.905s][info][gc,heap        ] GC(277) Survivor regions: 7->6(10)
[287.905s][info][gc,heap        ] GC(277) Old regions: 364->366
[287.905s][info][gc,heap        ] GC(277) Archive regions: 2->2
[287.905s][info][gc,heap        ] GC(277) Humongous regions: 11->11
[287.905s][info][gc,metaspace   ] GC(277) Metaspace: 48491K(49872K)->48491K(49872K) NonClass: 42640K(43600K)->42640K(43600K) Class: 5850K(6272K)->5850K(6272K)
[287.905s][info][gc             ] GC(277) Pause Young (Normal) (G1 Evacuation Pause) 448M->380M(512M) 6.926ms
[287.905s][info][gc,cpu         ] GC(277) User=0.03s Sys=0.00s Real=0.00s
[288.423s][info][gc,start       ] GC(278) Pause Young (Concurrent Start) (G1 Evacuation Pause)
[288.423s][info][gc,task        ] GC(278) Using 8 workers of 8 for evacuation
[288.429s][info][gc,phases      ] GC(278)   Pre Evacuate Collection Set: 0.1ms
[288.429s][info][gc,phases      ] GC(278)   Merge Heap Roots: 0.0ms
[288.429s][info][gc,phases      ] GC(278)   Evacuate Collection Set: 4.6ms
[288.429s][info][gc,phases      ] GC(278)   Post Evacuate Collection Set: 0.5ms
[288.429s][info][gc,phases      ] GC(278)   Other: 0.3ms
[288.429s][info][gc,heap        ] GC(278) Eden regions: 69->0(67)
[288.429s][info][gc,heap        ] GC(278) Survivor regions: 6->6(10)
[288.429s][info][gc,heap        ] GC(278) Old regions: 366->368
[288.429s][info][gc,heap        ] GC(278) Archive regions: 2->2
[288.429s][info][gc,heap        ] GC(278) Humongous regions: 11->11
[288.429s][info][gc,metaspace   ] GC(278) Metaspace: 48491K(49872K)->48491K(49872K) NonClass: 42640K(43600K)->42640K(43600K) Class: 5850K(6272K)->5850K(6272K)
[288.429s][info][gc             ] GC(278) Pause Young (Concurrent Start) (G1 Evacuation Pause) 449M->382M(512M) 5.723ms
[288.429s][info][gc,cpu         ] GC(278) User=0.04s Sys=0.00s Real=0.01s
[288.429s][info][gc             ] GC(279) Concurrent Cycle
[288.429s][info][gc,marking     ] GC(279) Concurrent Clear Claimed Marks
[288.429s][info][gc,marking     ] GC(279) Concurrent Clear Claimed Marks 0.076ms
[288.429s][info][gc,marking     ] GC(279) Concurrent Scan Root Regions
[288.434s][info][gc,marking     ] GC(279) Concurrent Scan Root Regions 4.818ms
[288.434s][info][gc,marking     ] GC(279) Concurrent Mark (288.434s)
[288.434s][info][gc,marking     ] GC(279) Concurrent Mark From Roots
[288.434s][info][gc,task        ] GC(279) Using 2 workers of 2 for marking
[289.032s][info][gc,start       ] GC(280) Pause Young (Normal) (G1 Evacuation Pause)
[289.032s][info][gc,task        ] GC(280) Using 8 workers of 8 for evacuation
[289.037s][info][gc,phases      ] GC(280)   Pre Evacuate Collection Set: 0.1ms
[289.037s][info][gc,phases      ] GC(280)   Merge Heap Roots: 0.0ms
[289.037s][info][gc,phases      ] GC(280)   Evacuate Collection Set: 4.4ms
[289.037s][info][gc,phases      ] GC(280)   Post Evacuate Collection Set: 0.3ms
[289.037s][info][gc,phases      ] GC(280)   Other: 0.2ms
[289.037s][info][gc,heap        ] GC(280) Eden regions: 67->0(65)
[289.037s][info][gc,heap        ] GC(280) Survivor regions: 6->6(10)
[289.037s][info][gc,heap        ] GC(280) Old regions: 368->370
[289.037s][info][gc,heap        ] GC(280) Archive regions: 2->2
[289.037s][info][gc,heap        ] GC(280) Humongous regions: 11->11
[289.037s][info][gc,metaspace   ] GC(280) Metaspace: 48493K(49872K)->48493K(49872K) NonClass: 42642K(43600K)->42642K(43600K) Class: 5850K(6272K)->5850K(6272K)
[289.037s][info][gc             ] GC(280) Pause Young (Normal) (G1 Evacuation Pause) 449M->384M(512M) 5.294ms
[289.037s][info][gc,cpu         ] GC(280) User=0.03s Sys=0.00s Real=0.01s
[289.301s][info][gc,marking     ] GC(279) Concurrent Mark From Roots 866.785ms
[289.301s][info][gc,marking     ] GC(279) Concurrent Preclean
[289.301s][info][gc,marking     ] GC(279) Concurrent Preclean 0.081ms
[289.301s][info][gc,marking     ] GC(279) Concurrent Mark (288.434s, 289.301s) 866.945ms
[289.301s][info][gc,start       ] GC(279) Pause Remark
[289.303s][info][gc             ] GC(279) Pause Remark 417M->417M(512M) 1.615ms
[289.303s][info][gc,cpu         ] GC(279) User=0.01s Sys=0.00s Real=0.00s
[289.303s][info][gc,marking     ] GC(279) Concurrent Rebuild Remembered Sets
[289.591s][info][gc,start       ] GC(281) Pause Young (Normal) (G1 Evacuation Pause)
[289.591s][info][gc,task        ] GC(281) Using 8 workers of 8 for evacuation
[289.596s][info][gc,phases      ] GC(281)   Pre Evacuate Collection Set: 0.1ms
[289.596s][info][gc,phases      ] GC(281)   Merge Heap Roots: 0.0ms
[289.596s][info][gc,phases      ] GC(281)   Evacuate Collection Set: 4.8ms
[289.596s][info][gc,phases      ] GC(281)   Post Evacuate Collection Set: 0.4ms
[289.596s][info][gc,phases      ] GC(281)   Other: 0.2ms
[289.596s][info][gc,heap        ] GC(281) Eden regions: 65->0(63)
[289.596s][info][gc,heap        ] GC(281) Survivor regions: 6->6(9)
[289.596s][info][gc,heap        ] GC(281) Old regions: 370->372
[289.596s][info][gc,heap        ] GC(281) Archive regions: 2->2
[289.596s][info][gc,heap        ] GC(281) Humongous regions: 11->11
[289.596s][info][gc,metaspace   ] GC(281) Metaspace: 48493K(49872K)->48493K(49872K) NonClass: 42643K(43600K)->42643K(43600K) Class: 5850K(6272K)->5850K(6272K)
[289.596s][info][gc             ] GC(281) Pause Young (Normal) (G1 Evacuation Pause) 449M->385M(512M) 5.593ms
[289.597s][info][gc,cpu         ] GC(281) User=0.03s Sys=0.00s Real=0.01s
[289.939s][info][gc,marking     ] GC(279) Concurrent Rebuild Remembered Sets 635.938ms
[289.939s][info][gc,start       ] GC(279) Pause Cleanup
[289.939s][info][gc             ] GC(279) Pause Cleanup 423M->423M(512M) 0.265ms
[289.939s][info][gc,cpu         ] GC(279) User=0.01s Sys=0.00s Real=0.00s
[289.940s][info][gc,marking     ] GC(279) Concurrent Cleanup for Next Mark
[289.941s][info][gc,marking     ] GC(279) Concurrent Cleanup for Next Mark 1.218ms
[289.941s][info][gc             ] GC(279) Concurrent Cycle 1511.769ms
[290.111s][info][gc,start       ] GC(282) Pause Young (Normal) (G1 Evacuation Pause)
[290.111s][info][gc,task        ] GC(282) Using 8 workers of 8 for evacuation
[290.118s][info][gc,phases      ] GC(282)   Pre Evacuate Collection Set: 0.1ms
[290.118s][info][gc,phases      ] GC(282)   Merge Heap Roots: 0.1ms
[290.118s][info][gc,phases      ] GC(282)   Evacuate Collection Set: 5.3ms
[290.118s][info][gc,phases      ] GC(282)   Post Evacuate Collection Set: 0.6ms
[290.118s][info][gc,phases      ] GC(282)   Other: 0.2ms
[290.118s][info][gc,heap        ] GC(282) Eden regions: 63->0(64)
[290.118s][info][gc,heap        ] GC(282) Survivor regions: 6->5(9)
[290.118s][info][gc,heap        ] GC(282) Old regions: 372->373
[290.118s][info][gc,heap        ] GC(282) Archive regions: 2->2
[290.118s][info][gc,heap        ] GC(282) Humongous regions: 11->11
[290.118s][info][gc,metaspace   ] GC(282) Metaspace: 48494K(49872K)->48494K(49872K) NonClass: 42643K(43600K)->42643K(43600K) Class: 5850K(6272K)->5850K(6272K)
[290.118s][info][gc             ] GC(282) Pause Young (Normal) (G1 Evacuation Pause) 448M->387M(512M) 6.477ms
[290.118s][info][gc,cpu         ] GC(282) User=0.03s Sys=0.00s Real=0.01s
[290.549s][info][gc,start       ] GC(283) Pause Young (Concurrent Start) (G1 Evacuation Pause)
[290.549s][info][gc,task        ] GC(283) Using 8 workers of 8 for evacuation
[290.554s][info][gc,phases      ] GC(283)   Pre Evacuate Collection Set: 0.1ms
[290.554s][info][gc,phases      ] GC(283)   Merge Heap Roots: 0.0ms
[290.554s][info][gc,phases      ] GC(283)   Evacuate Collection Set: 4.0ms
[290.554s][info][gc,phases      ] GC(283)   Post Evacuate Collection Set: 0.3ms
[290.554s][info][gc,phases      ] GC(283)   Other: 0.2ms
[290.554s][info][gc,heap        ] GC(283) Eden regions: 64->0(62)
[290.554s][info][gc,heap        ] GC(283) Survivor regions: 5->5(9)
[290.554s][info][gc,heap        ] GC(283) Old regions: 373->375
[290.554s][info][gc,heap        ] GC(283) Archive regions: 2->2
[290.554s][info][gc,heap        ] GC(283) Humongous regions: 11->11
[290.554s][info][gc,metaspace   ] GC(283) Metaspace: 48494K(49872K)->48494K(49872K) NonClass: 42643K(43600K)->42643K(43600K) Class: 5850K(6272K)->5850K(6272K)
[290.554s][info][gc             ] GC(283) Pause Young (Concurrent Start) (G1 Evacuation Pause) 451M->388M(512M) 4.795ms
[290.554s][info][gc,cpu         ] GC(283) User=0.03s Sys=0.00s Real=0.00s
[290.554s][info][gc             ] GC(284) Concurrent Cycle
[290.554s][info][gc,marking     ] GC(284) Concurrent Clear Claimed Marks
[290.554s][info][gc,marking     ] GC(284) Concurrent Clear Claimed Marks 0.060ms
[290.554s][info][gc,marking     ] GC(284) Concurrent Scan Root Regions
[290.558s][info][gc,marking     ] GC(284) Concurrent Scan Root Regions 3.940ms
[290.558s][info][gc,marking     ] GC(284) Concurrent Mark (290.558s)
[290.558s][info][gc,marking     ] GC(284) Concurrent Mark From Roots
[290.558s][info][gc,task        ] GC(284) Using 2 workers of 2 for marking
[291.066s][info][gc,start       ] GC(285) Pause Young (Normal) (G1 Evacuation Pause)
[291.066s][info][gc,task        ] GC(285) Using 8 workers of 8 for evacuation
[291.070s][info][gc,phases      ] GC(285)   Pre Evacuate Collection Set: 0.1ms
[291.070s][info][gc,phases      ] GC(285)   Merge Heap Roots: 0.0ms
[291.070s][info][gc,phases      ] GC(285)   Evacuate Collection Set: 4.1ms
[291.070s][info][gc,phases      ] GC(285)   Post Evacuate Collection Set: 0.3ms
[291.070s][info][gc,phases      ] GC(285)   Other: 0.2ms
[291.070s][info][gc,heap        ] GC(285) Eden regions: 62->0(58)
[291.070s][info][gc,heap        ] GC(285) Survivor regions: 5->7(9)
[291.070s][info][gc,heap        ] GC(285) Old regions: 375->375
[291.071s][info][gc,heap        ] GC(285) Archive regions: 2->2
[291.071s][info][gc,heap        ] GC(285) Humongous regions: 11->11
[291.071s][info][gc,metaspace   ] GC(285) Metaspace: 48494K(49872K)->48494K(49872K) NonClass: 42643K(43600K)->42643K(43600K) Class: 5850K(6272K)->5850K(6272K)
[291.071s][info][gc             ] GC(285) Pause Young (Normal) (G1 Evacuation Pause) 450M->390M(512M) 5.012ms
[291.071s][info][gc,cpu         ] GC(285) User=0.03s Sys=0.00s Real=0.01s
[291.409s][info][gc,marking     ] GC(284) Concurrent Mark From Roots 850.647ms
[291.409s][info][gc,marking     ] GC(284) Concurrent Preclean
[291.409s][info][gc,marking     ] GC(284) Concurrent Preclean 0.125ms
[291.409s][info][gc,marking     ] GC(284) Concurrent Mark (290.558s, 291.409s) 850.874ms
[291.409s][info][gc,start       ] GC(284) Pause Remark
[291.411s][info][gc             ] GC(284) Pause Remark 436M->436M(512M) 1.538ms
[291.411s][info][gc,cpu         ] GC(284) User=0.00s Sys=0.00s Real=0.00s
[291.411s][info][gc,marking     ] GC(284) Concurrent Rebuild Remembered Sets
[291.479s][info][gc,start       ] GC(286) Pause Young (Normal) (G1 Evacuation Pause)
[291.479s][info][gc,task        ] GC(286) Using 8 workers of 8 for evacuation
[291.485s][info][gc,phases      ] GC(286)   Pre Evacuate Collection Set: 0.1ms
[291.485s][info][gc,phases      ] GC(286)   Merge Heap Roots: 0.1ms
[291.485s][info][gc,phases      ] GC(286)   Evacuate Collection Set: 5.5ms
[291.485s][info][gc,phases      ] GC(286)   Post Evacuate Collection Set: 0.4ms
[291.485s][info][gc,phases      ] GC(286)   Other: 0.2ms
[291.485s][info][gc,heap        ] GC(286) Eden regions: 58->0(59)
[291.485s][info][gc,heap        ] GC(286) Survivor regions: 7->6(9)
[291.485s][info][gc,heap        ] GC(286) Old regions: 375->376
[291.485s][info][gc,heap        ] GC(286) Archive regions: 2->2
[291.485s][info][gc,heap        ] GC(286) Humongous regions: 11->11
[291.485s][info][gc,metaspace   ] GC(286) Metaspace: 48494K(49872K)->48494K(49872K) NonClass: 42643K(43600K)->42643K(43600K) Class: 5850K(6272K)->5850K(6272K)
[291.485s][info][gc             ] GC(286) Pause Young (Normal) (G1 Evacuation Pause) 448M->391M(512M) 6.398ms
[291.485s][info][gc,cpu         ] GC(286) User=0.03s Sys=0.00s Real=0.00s
[291.909s][info][gc,marking     ] GC(284) Concurrent Rebuild Remembered Sets 497.934ms
[291.909s][info][gc,start       ] GC(284) Pause Cleanup
[291.909s][info][gc             ] GC(284) Pause Cleanup 450M->450M(512M) 0.413ms
[291.910s][info][gc,cpu         ] GC(284) User=0.00s Sys=0.00s Real=0.00s
[291.914s][info][gc,marking     ] GC(284) Concurrent Cleanup for Next Mark
[291.914s][info][gc,start       ] GC(287) Pause Young (Normal) (G1 Evacuation Pause)
[291.914s][info][gc,task        ] GC(287) Using 8 workers of 8 for evacuation
[291.921s][info][gc,phases      ] GC(287)   Pre Evacuate Collection Set: 0.1ms
[291.921s][info][gc,phases      ] GC(287)   Merge Heap Roots: 0.1ms
[291.921s][info][gc,phases      ] GC(287)   Evacuate Collection Set: 5.7ms
[291.921s][info][gc,phases      ] GC(287)   Post Evacuate Collection Set: 0.4ms
[291.921s][info][gc,phases      ] GC(287)   Other: 0.2ms
[291.921s][info][gc,heap        ] GC(287) Eden regions: 59->0(55)
[291.921s][info][gc,heap        ] GC(287) Survivor regions: 6->7(9)
[291.921s][info][gc,heap        ] GC(287) Old regions: 376->378
[291.921s][info][gc,heap        ] GC(287) Archive regions: 2->2
[291.921s][info][gc,heap        ] GC(287) Humongous regions: 11->11
[291.921s][info][gc,metaspace   ] GC(287) Metaspace: 48494K(49872K)->48494K(49872K) NonClass: 42643K(43600K)->42643K(43600K) Class: 5850K(6272K)->5850K(6272K)
[291.921s][info][gc             ] GC(287) Pause Young (Normal) (G1 Evacuation Pause) 450M->392M(512M) 6.576ms
[291.921s][info][gc,cpu         ] GC(287) User=0.03s Sys=0.00s Real=0.01s
[291.923s][info][gc,marking     ] GC(284) Concurrent Cleanup for Next Mark 8.917ms
[291.923s][info][gc             ] GC(284) Concurrent Cycle 1369.090ms
[292.280s][info][gc,start       ] GC(288) Pause Young (Normal) (G1 Evacuation Pause)
[292.280s][info][gc,task        ] GC(288) Using 8 workers of 8 for evacuation
[292.285s][info][gc,phases      ] GC(288)   Pre Evacuate Collection Set: 0.1ms
[292.285s][info][gc,phases      ] GC(288)   Merge Heap Roots: 0.0ms
[292.285s][info][gc,phases      ] GC(288)   Evacuate Collection Set: 4.4ms
[292.285s][info][gc,phases      ] GC(288)   Post Evacuate Collection Set: 0.4ms
[292.285s][info][gc,phases      ] GC(288)   Other: 0.3ms
[292.285s][info][gc,heap        ] GC(288) Eden regions: 55->0(56)
[292.285s][info][gc,heap        ] GC(288) Survivor regions: 7->5(8)
[292.285s][info][gc,heap        ] GC(288) Old regions: 378->381
[292.285s][info][gc,heap        ] GC(288) Archive regions: 2->2
[292.285s][info][gc,heap        ] GC(288) Humongous regions: 11->11
[292.285s][info][gc,metaspace   ] GC(288) Metaspace: 48494K(49872K)->48494K(49872K) NonClass: 42644K(43600K)->42644K(43600K) Class: 5850K(6272K)->5850K(6272K)
[292.285s][info][gc             ] GC(288) Pause Young (Normal) (G1 Evacuation Pause) 447M->394M(512M) 5.315ms
[292.285s][info][gc,cpu         ] GC(288) User=0.04s Sys=0.00s Real=0.00s
[292.871s][info][gc,start       ] GC(289) Pause Young (Concurrent Start) (G1 Evacuation Pause)
[292.871s][info][gc,task        ] GC(289) Using 8 workers of 8 for evacuation
[292.877s][info][gc,phases      ] GC(289)   Pre Evacuate Collection Set: 0.2ms
[292.877s][info][gc,phases      ] GC(289)   Merge Heap Roots: 0.1ms
[292.877s][info][gc,phases      ] GC(289)   Evacuate Collection Set: 5.0ms
[292.877s][info][gc,phases      ] GC(289)   Post Evacuate Collection Set: 0.5ms
[292.877s][info][gc,phases      ] GC(289)   Other: 0.3ms
[292.877s][info][gc,heap        ] GC(289) Eden regions: 56->0(55)
[292.877s][info][gc,heap        ] GC(289) Survivor regions: 5->5(8)
[292.877s][info][gc,heap        ] GC(289) Old regions: 381->382
[292.877s][info][gc,heap        ] GC(289) Archive regions: 2->2
[292.877s][info][gc,heap        ] GC(289) Humongous regions: 11->11
[292.877s][info][gc,metaspace   ] GC(289) Metaspace: 48505K(49872K)->48505K(49872K) NonClass: 42654K(43600K)->42654K(43600K) Class: 5851K(6272K)->5851K(6272K)
[292.877s][info][gc             ] GC(289) Pause Young (Concurrent Start) (G1 Evacuation Pause) 450M->395M(512M) 6.323ms
[292.877s][info][gc,cpu         ] GC(289) User=0.03s Sys=0.00s Real=0.01s
[292.877s][info][gc             ] GC(290) Concurrent Cycle
[292.877s][info][gc,marking     ] GC(290) Concurrent Clear Claimed Marks
[292.877s][info][gc,marking     ] GC(290) Concurrent Clear Claimed Marks 0.063ms
[292.877s][info][gc,marking     ] GC(290) Concurrent Scan Root Regions
[292.883s][info][gc,marking     ] GC(290) Concurrent Scan Root Regions 5.289ms
[292.883s][info][gc,marking     ] GC(290) Concurrent Mark (292.883s)
[292.883s][info][gc,marking     ] GC(290) Concurrent Mark From Roots
[292.883s][info][gc,task        ] GC(290) Using 2 workers of 2 for marking
[293.585s][info][gc,start       ] GC(291) Pause Young (Normal) (G1 Evacuation Pause)
[293.585s][info][gc,task        ] GC(291) Using 8 workers of 8 for evacuation
[293.590s][info][gc,phases      ] GC(291)   Pre Evacuate Collection Set: 0.1ms
[293.590s][info][gc,phases      ] GC(291)   Merge Heap Roots: 0.1ms
[293.590s][info][gc,phases      ] GC(291)   Evacuate Collection Set: 4.8ms
[293.590s][info][gc,phases      ] GC(291)   Post Evacuate Collection Set: 0.4ms
[293.590s][info][gc,phases      ] GC(291)   Other: 0.2ms
[293.590s][info][gc,heap        ] GC(291) Eden regions: 55->0(53)
[293.591s][info][gc,heap        ] GC(291) Survivor regions: 5->6(8)
[293.591s][info][gc,heap        ] GC(291) Old regions: 382->382
[293.591s][info][gc,heap        ] GC(291) Archive regions: 2->2
[293.591s][info][gc,heap        ] GC(291) Humongous regions: 11->11
[293.591s][info][gc,metaspace   ] GC(291) Metaspace: 48505K(49872K)->48505K(49872K) NonClass: 42654K(43600K)->42654K(43600K) Class: 5851K(6272K)->5851K(6272K)
[293.591s][info][gc             ] GC(291) Pause Young (Normal) (G1 Evacuation Pause) 450M->396M(512M) 5.672ms
[293.591s][info][gc,cpu         ] GC(291) User=0.03s Sys=0.00s Real=0.01s
[293.846s][info][gc,marking     ] GC(290) Concurrent Mark From Roots 963.004ms
[293.846s][info][gc,marking     ] GC(290) Concurrent Preclean
[293.846s][info][gc,marking     ] GC(290) Concurrent Preclean 0.178ms
[293.846s][info][gc,marking     ] GC(290) Concurrent Mark (292.883s, 293.846s) 963.315ms
[293.847s][info][gc,start       ] GC(290) Pause Remark
[293.849s][info][gc             ] GC(290) Pause Remark 417M->417M(512M) 1.572ms
[293.849s][info][gc,cpu         ] GC(290) User=0.01s Sys=0.00s Real=0.00s
[293.849s][info][gc,marking     ] GC(290) Concurrent Rebuild Remembered Sets
[294.271s][info][gc,start       ] GC(292) Pause Young (Normal) (G1 Evacuation Pause)
[294.271s][info][gc,task        ] GC(292) Using 8 workers of 8 for evacuation
[294.279s][info][gc,phases      ] GC(292)   Pre Evacuate Collection Set: 0.1ms
[294.279s][info][gc,phases      ] GC(292)   Merge Heap Roots: 0.4ms
[294.279s][info][gc,phases      ] GC(292)   Evacuate Collection Set: 6.5ms
[294.279s][info][gc,phases      ] GC(292)   Post Evacuate Collection Set: 0.8ms
[294.279s][info][gc,phases      ] GC(292)   Other: 0.3ms
[294.279s][info][gc,heap        ] GC(292) Eden regions: 53->0(51)
[294.279s][info][gc,heap        ] GC(292) Survivor regions: 6->6(8)
[294.279s][info][gc,heap        ] GC(292) Old regions: 382->384
[294.279s][info][gc,heap        ] GC(292) Archive regions: 2->2
[294.279s][info][gc,heap        ] GC(292) Humongous regions: 11->11
[294.279s][info][gc,metaspace   ] GC(292) Metaspace: 48533K(49872K)->48533K(49872K) NonClass: 42682K(43600K)->42682K(43600K) Class: 5851K(6272K)->5851K(6272K)
[294.279s][info][gc             ] GC(292) Pause Young (Normal) (G1 Evacuation Pause) 449M->398M(512M) 8.241ms
[294.279s][info][gc,cpu         ] GC(292) User=0.04s Sys=0.00s Real=0.01s
[294.573s][info][gc,marking     ] GC(290) Concurrent Rebuild Remembered Sets 723.792ms
[294.573s][info][gc,start       ] GC(290) Pause Cleanup
[294.573s][info][gc             ] GC(290) Pause Cleanup 426M->426M(512M) 0.282ms
[294.573s][info][gc,cpu         ] GC(290) User=0.00s Sys=0.00s Real=0.00s
[294.573s][info][gc,marking     ] GC(290) Concurrent Cleanup for Next Mark
[294.576s][info][gc,marking     ] GC(290) Concurrent Cleanup for Next Mark 2.551ms
[294.576s][info][gc             ] GC(290) Concurrent Cycle 1698.746ms
[294.789s][info][gc,start       ] GC(293) Pause Young (Normal) (G1 Evacuation Pause)
[294.789s][info][gc,task        ] GC(293) Using 8 workers of 8 for evacuation
[294.796s][info][gc,phases      ] GC(293)   Pre Evacuate Collection Set: 0.1ms
[294.796s][info][gc,phases      ] GC(293)   Merge Heap Roots: 0.1ms
[294.796s][info][gc,phases      ] GC(293)   Evacuate Collection Set: 6.7ms
[294.796s][info][gc,phases      ] GC(293)   Post Evacuate Collection Set: 0.6ms
[294.796s][info][gc,phases      ] GC(293)   Other: 0.2ms
[294.796s][info][gc,heap        ] GC(293) Eden regions: 51->0(53)
[294.796s][info][gc,heap        ] GC(293) Survivor regions: 6->4(8)
[294.796s][info][gc,heap        ] GC(293) Old regions: 384->386
[294.796s][info][gc,heap        ] GC(293) Archive regions: 2->2
[294.796s][info][gc,heap        ] GC(293) Humongous regions: 11->11
[294.796s][info][gc,metaspace   ] GC(293) Metaspace: 48533K(49872K)->48533K(49872K) NonClass: 42682K(43600K)->42682K(43600K) Class: 5851K(6272K)->5851K(6272K)
[294.796s][info][gc             ] GC(293) Pause Young (Normal) (G1 Evacuation Pause) 449M->398M(512M) 7.842ms
[294.797s][info][gc,cpu         ] GC(293) User=0.03s Sys=0.00s Real=0.01s
[295.228s][info][gc,start       ] GC(294) Pause Young (Concurrent Start) (G1 Evacuation Pause)
[295.228s][info][gc,task        ] GC(294) Using 8 workers of 8 for evacuation
[295.233s][info][gc,phases      ] GC(294)   Pre Evacuate Collection Set: 0.1ms
[295.233s][info][gc,phases      ] GC(294)   Merge Heap Roots: 0.0ms
[295.233s][info][gc,phases      ] GC(294)   Evacuate Collection Set: 3.7ms
[295.233s][info][gc,phases      ] GC(294)   Post Evacuate Collection Set: 0.3ms
[295.233s][info][gc,phases      ] GC(294)   Other: 0.2ms
[295.233s][info][gc,heap        ] GC(294) Eden regions: 53->0(49)
[295.233s][info][gc,heap        ] GC(294) Survivor regions: 4->6(8)
[295.233s][info][gc,heap        ] GC(294) Old regions: 386->386
[295.233s][info][gc,heap        ] GC(294) Archive regions: 2->2
[295.233s][info][gc,heap        ] GC(294) Humongous regions: 11->11
[295.233s][info][gc,metaspace   ] GC(294) Metaspace: 48533K(49872K)->48533K(49872K) NonClass: 42682K(43600K)->42682K(43600K) Class: 5851K(6272K)->5851K(6272K)
[295.233s][info][gc             ] GC(294) Pause Young (Concurrent Start) (G1 Evacuation Pause) 451M->400M(512M) 4.547ms
[295.233s][info][gc,cpu         ] GC(294) User=0.03s Sys=0.00s Real=0.00s
[295.233s][info][gc             ] GC(295) Concurrent Cycle
[295.233s][info][gc,marking     ] GC(295) Concurrent Clear Claimed Marks
[295.233s][info][gc,marking     ] GC(295) Concurrent Clear Claimed Marks 0.048ms
[295.233s][info][gc,marking     ] GC(295) Concurrent Scan Root Regions
[295.236s][info][gc,marking     ] GC(295) Concurrent Scan Root Regions 3.286ms
[295.236s][info][gc,marking     ] GC(295) Concurrent Mark (295.236s)
[295.236s][info][gc,marking     ] GC(295) Concurrent Mark From Roots
[295.236s][info][gc,task        ] GC(295) Using 2 workers of 2 for marking
[295.737s][info][gc,start       ] GC(296) Pause Young (Normal) (G1 Evacuation Pause)
[295.737s][info][gc,task        ] GC(296) Using 8 workers of 8 for evacuation
[295.743s][info][gc,phases      ] GC(296)   Pre Evacuate Collection Set: 0.2ms
[295.743s][info][gc,phases      ] GC(296)   Merge Heap Roots: 0.1ms
[295.743s][info][gc,phases      ] GC(296)   Evacuate Collection Set: 4.9ms
[295.743s][info][gc,phases      ] GC(296)   Post Evacuate Collection Set: 0.6ms
[295.743s][info][gc,phases      ] GC(296)   Other: 0.2ms
[295.743s][info][gc,heap        ] GC(296) Eden regions: 49->0(48)
[295.743s][info][gc,heap        ] GC(296) Survivor regions: 6->5(7)
[295.743s][info][gc,heap        ] GC(296) Old regions: 386->389
[295.743s][info][gc,heap        ] GC(296) Archive regions: 2->2
[295.743s][info][gc,heap        ] GC(296) Humongous regions: 11->11
[295.743s][info][gc,metaspace   ] GC(296) Metaspace: 48533K(49872K)->48533K(49872K) NonClass: 42682K(43600K)->42682K(43600K) Class: 5851K(6272K)->5851K(6272K)
[295.743s][info][gc             ] GC(296) Pause Young (Normal) (G1 Evacuation Pause) 449M->401M(512M) 6.329ms
[295.743s][info][gc,cpu         ] GC(296) User=0.03s Sys=0.00s Real=0.00s
[296.163s][info][gc,start       ] GC(297) Pause Young (Normal) (G1 Evacuation Pause)
[296.163s][info][gc,task        ] GC(297) Using 8 workers of 8 for evacuation
[296.168s][info][gc,phases      ] GC(297)   Pre Evacuate Collection Set: 0.1ms
[296.168s][info][gc,phases      ] GC(297)   Merge Heap Roots: 0.0ms
[296.168s][info][gc,phases      ] GC(297)   Evacuate Collection Set: 3.7ms
[296.168s][info][gc,phases      ] GC(297)   Post Evacuate Collection Set: 0.3ms
[296.168s][info][gc,phases      ] GC(297)   Other: 0.2ms
[296.168s][info][gc,heap        ] GC(297) Eden regions: 48->0(49)
[296.168s][info][gc,heap        ] GC(297) Survivor regions: 5->4(7)
[296.168s][info][gc,heap        ] GC(297) Old regions: 389->390
[296.168s][info][gc,heap        ] GC(297) Archive regions: 2->2
[296.168s][info][gc,heap        ] GC(297) Humongous regions: 11->11
[296.168s][info][gc,metaspace   ] GC(297) Metaspace: 48533K(49872K)->48533K(49872K) NonClass: 42682K(43600K)->42682K(43600K) Class: 5851K(6272K)->5851K(6272K)
[296.168s][info][gc             ] GC(297) Pause Young (Normal) (G1 Evacuation Pause) 449M->402M(512M) 4.397ms
[296.168s][info][gc,cpu         ] GC(297) User=0.03s Sys=0.00s Real=0.01s
[296.180s][info][gc,marking     ] GC(295) Concurrent Mark From Roots 943.975ms
[296.180s][info][gc,marking     ] GC(295) Concurrent Preclean
[296.180s][info][gc,marking     ] GC(295) Concurrent Preclean 0.102ms
[296.180s][info][gc,marking     ] GC(295) Concurrent Mark (295.236s, 296.180s) 944.162ms
[296.180s][info][gc,start       ] GC(295) Pause Remark
[296.182s][info][gc             ] GC(295) Pause Remark 404M->404M(512M) 1.151ms
[296.182s][info][gc,cpu         ] GC(295) User=0.01s Sys=0.00s Real=0.00s
[296.182s][info][gc,marking     ] GC(295) Concurrent Rebuild Remembered Sets
[296.533s][info][gc,start       ] GC(298) Pause Young (Normal) (G1 Evacuation Pause)
[296.533s][info][gc,task        ] GC(298) Using 8 workers of 8 for evacuation
[296.538s][info][gc,phases      ] GC(298)   Pre Evacuate Collection Set: 0.1ms
[296.538s][info][gc,phases      ] GC(298)   Merge Heap Roots: 0.1ms
[296.538s][info][gc,phases      ] GC(298)   Evacuate Collection Set: 4.5ms
[296.538s][info][gc,phases      ] GC(298)   Post Evacuate Collection Set: 0.7ms
[296.538s][info][gc,phases      ] GC(298)   Other: 0.4ms
[296.538s][info][gc,heap        ] GC(298) Eden regions: 49->0(48)
[296.538s][info][gc,heap        ] GC(298) Survivor regions: 4->4(7)
[296.538s][info][gc,heap        ] GC(298) Old regions: 390->391
[296.538s][info][gc,heap        ] GC(298) Archive regions: 2->2
[296.538s][info][gc,heap        ] GC(298) Humongous regions: 11->11
[296.538s][info][gc,metaspace   ] GC(298) Metaspace: 48533K(49872K)->48533K(49872K) NonClass: 42682K(43600K)->42682K(43600K) Class: 5851K(6272K)->5851K(6272K)
[296.539s][info][gc             ] GC(298) Pause Young (Normal) (G1 Evacuation Pause) 451M->403M(512M) 5.885ms
[296.539s][info][gc,cpu         ] GC(298) User=0.03s Sys=0.00s Real=0.01s
[296.792s][info][gc,marking     ] GC(295) Concurrent Rebuild Remembered Sets 610.122ms
[296.792s][info][gc,start       ] GC(295) Pause Cleanup
[296.792s][info][gc             ] GC(295) Pause Cleanup 436M->436M(512M) 0.242ms
[296.792s][info][gc,cpu         ] GC(295) User=0.00s Sys=0.00s Real=0.00s
[296.792s][info][gc,marking     ] GC(295) Concurrent Cleanup for Next Mark
[296.795s][info][gc,marking     ] GC(295) Concurrent Cleanup for Next Mark 2.621ms
[296.795s][info][gc             ] GC(295) Concurrent Cycle 1562.347ms
[296.936s][info][gc,start       ] GC(299) Pause Young (Normal) (G1 Evacuation Pause)
[296.936s][info][gc,task        ] GC(299) Using 8 workers of 8 for evacuation
[296.941s][info][gc,phases      ] GC(299)   Pre Evacuate Collection Set: 0.1ms
[296.941s][info][gc,phases      ] GC(299)   Merge Heap Roots: 0.1ms
[296.941s][info][gc,phases      ] GC(299)   Evacuate Collection Set: 3.7ms
[296.941s][info][gc,phases      ] GC(299)   Post Evacuate Collection Set: 0.4ms
[296.941s][info][gc,phases      ] GC(299)   Other: 0.3ms
[296.941s][info][gc,heap        ] GC(299) Eden regions: 48->0(46)
[296.941s][info][gc,heap        ] GC(299) Survivor regions: 4->5(7)
[296.941s][info][gc,heap        ] GC(299) Old regions: 391->391
[296.941s][info][gc,heap        ] GC(299) Archive regions: 2->2
[296.941s][info][gc,heap        ] GC(299) Humongous regions: 11->11
[296.941s][info][gc,metaspace   ] GC(299) Metaspace: 48533K(49872K)->48533K(49872K) NonClass: 42682K(43600K)->42682K(43600K) Class: 5851K(6272K)->5851K(6272K)
[296.941s][info][gc             ] GC(299) Pause Young (Normal) (G1 Evacuation Pause) 451M->405M(512M) 4.922ms
[296.941s][info][gc,cpu         ] GC(299) User=0.03s Sys=0.00s Real=0.00s
[297.259s][info][gc,start       ] GC(300) Pause Young (Concurrent Start) (G1 Evacuation Pause)
[297.259s][info][gc,task        ] GC(300) Using 8 workers of 8 for evacuation
[297.264s][info][gc,phases      ] GC(300)   Pre Evacuate Collection Set: 0.1ms
[297.264s][info][gc,phases      ] GC(300)   Merge Heap Roots: 0.0ms
[297.264s][info][gc,phases      ] GC(300)   Evacuate Collection Set: 4.3ms
[297.264s][info][gc,phases      ] GC(300)   Post Evacuate Collection Set: 0.4ms
[297.265s][info][gc,phases      ] GC(300)   Other: 0.3ms
[297.265s][info][gc,heap        ] GC(300) Eden regions: 46->0(45)
[297.265s][info][gc,heap        ] GC(300) Survivor regions: 5->5(7)
[297.265s][info][gc,heap        ] GC(300) Old regions: 391->392
[297.265s][info][gc,heap        ] GC(300) Archive regions: 2->2
[297.265s][info][gc,heap        ] GC(300) Humongous regions: 11->11
[297.265s][info][gc,metaspace   ] GC(300) Metaspace: 48534K(49872K)->48534K(49872K) NonClass: 42683K(43600K)->42683K(43600K) Class: 5851K(6272K)->5851K(6272K)
[297.265s][info][gc             ] GC(300) Pause Young (Concurrent Start) (G1 Evacuation Pause) 451M->406M(512M) 5.380ms
[297.265s][info][gc,cpu         ] GC(300) User=0.02s Sys=0.00s Real=0.00s
[297.265s][info][gc             ] GC(301) Concurrent Cycle
[297.265s][info][gc,marking     ] GC(301) Concurrent Clear Claimed Marks
[297.265s][info][gc,marking     ] GC(301) Concurrent Clear Claimed Marks 0.055ms
[297.265s][info][gc,marking     ] GC(301) Concurrent Scan Root Regions
[297.270s][info][gc,marking     ] GC(301) Concurrent Scan Root Regions 4.755ms
[297.270s][info][gc,marking     ] GC(301) Concurrent Mark (297.270s)
[297.270s][info][gc,marking     ] GC(301) Concurrent Mark From Roots
[297.270s][info][gc,task        ] GC(301) Using 2 workers of 2 for marking
[297.756s][info][gc,start       ] GC(302) Pause Young (Normal) (G1 Evacuation Pause)
[297.756s][info][gc,task        ] GC(302) Using 8 workers of 8 for evacuation
[297.761s][info][gc,phases      ] GC(302)   Pre Evacuate Collection Set: 0.1ms
[297.761s][info][gc,phases      ] GC(302)   Merge Heap Roots: 0.0ms
[297.761s][info][gc,phases      ] GC(302)   Evacuate Collection Set: 4.2ms
[297.761s][info][gc,phases      ] GC(302)   Post Evacuate Collection Set: 0.3ms
[297.761s][info][gc,phases      ] GC(302)   Other: 0.3ms
[297.761s][info][gc,heap        ] GC(302) Eden regions: 45->0(43)
[297.761s][info][gc,heap        ] GC(302) Survivor regions: 5->5(7)
[297.761s][info][gc,heap        ] GC(302) Old regions: 392->394
[297.761s][info][gc,heap        ] GC(302) Archive regions: 2->2
[297.761s][info][gc,heap        ] GC(302) Humongous regions: 11->11
[297.761s][info][gc,metaspace   ] GC(302) Metaspace: 48534K(49872K)->48534K(49872K) NonClass: 42683K(43600K)->42683K(43600K) Class: 5851K(6272K)->5851K(6272K)
[297.761s][info][gc             ] GC(302) Pause Young (Normal) (G1 Evacuation Pause) 451M->407M(512M) 5.125ms
[297.761s][info][gc,cpu         ] GC(302) User=0.03s Sys=0.00s Real=0.00s
[298.059s][info][gc,marking     ] GC(301) Concurrent Mark From Roots 789.450ms
[298.059s][info][gc,marking     ] GC(301) Concurrent Preclean
[298.059s][info][gc,marking     ] GC(301) Concurrent Preclean 0.081ms
[298.059s][info][gc,marking     ] GC(301) Concurrent Mark (297.270s, 298.059s) 789.602ms
[298.059s][info][gc,start       ] GC(301) Pause Remark
[298.061s][info][gc             ] GC(301) Pause Remark 439M->439M(512M) 1.916ms
[298.061s][info][gc,cpu         ] GC(301) User=0.00s Sys=0.00s Real=0.00s
[298.062s][info][gc,marking     ] GC(301) Concurrent Rebuild Remembered Sets
[298.150s][info][gc,start       ] GC(303) Pause Young (Normal) (G1 Evacuation Pause)
[298.150s][info][gc,task        ] GC(303) Using 8 workers of 8 for evacuation
[298.156s][info][gc,phases      ] GC(303)   Pre Evacuate Collection Set: 0.1ms
[298.156s][info][gc,phases      ] GC(303)   Merge Heap Roots: 0.0ms
[298.156s][info][gc,phases      ] GC(303)   Evacuate Collection Set: 4.7ms
[298.156s][info][gc,phases      ] GC(303)   Post Evacuate Collection Set: 0.5ms
[298.156s][info][gc,phases      ] GC(303)   Other: 0.3ms
[298.156s][info][gc,heap        ] GC(303) Eden regions: 43->0(43)
[298.156s][info][gc,heap        ] GC(303) Survivor regions: 5->4(6)
[298.156s][info][gc,heap        ] GC(303) Old regions: 394->396
[298.156s][info][gc,heap        ] GC(303) Archive regions: 2->2
[298.156s][info][gc,heap        ] GC(303) Humongous regions: 11->11
[298.156s][info][gc,metaspace   ] GC(303) Metaspace: 48534K(49872K)->48534K(49872K) NonClass: 42683K(43600K)->42683K(43600K) Class: 5851K(6272K)->5851K(6272K)
[298.156s][info][gc             ] GC(303) Pause Young (Normal) (G1 Evacuation Pause) 450M->408M(512M) 5.843ms
[298.156s][info][gc,cpu         ] GC(303) User=0.03s Sys=0.00s Real=0.01s
[298.496s][info][gc,start       ] GC(304) Pause Young (Normal) (G1 Evacuation Pause)
[298.496s][info][gc,task        ] GC(304) Using 8 workers of 8 for evacuation
[298.502s][info][gc,phases      ] GC(304)   Pre Evacuate Collection Set: 0.1ms
[298.502s][info][gc,phases      ] GC(304)   Merge Heap Roots: 0.1ms
[298.503s][info][gc,phases      ] GC(304)   Evacuate Collection Set: 4.4ms
[298.503s][info][gc,phases      ] GC(304)   Post Evacuate Collection Set: 1.4ms
[298.503s][info][gc,phases      ] GC(304)   Other: 0.4ms
[298.503s][info][gc,heap        ] GC(304) Eden regions: 43->0(42)
[298.503s][info][gc,heap        ] GC(304) Survivor regions: 4->4(6)
[298.503s][info][gc,heap        ] GC(304) Old regions: 396->397
[298.503s][info][gc,heap        ] GC(304) Archive regions: 2->2
[298.503s][info][gc,heap        ] GC(304) Humongous regions: 11->11
[298.503s][info][gc,metaspace   ] GC(304) Metaspace: 48534K(49872K)->48534K(49872K) NonClass: 42683K(43600K)->42683K(43600K) Class: 5851K(6272K)->5851K(6272K)
[298.503s][info][gc             ] GC(304) Pause Young (Normal) (G1 Evacuation Pause) 451M->409M(512M) 6.625ms
[298.503s][info][gc,cpu         ] GC(304) User=0.03s Sys=0.00s Real=0.00s
[298.696s][info][gc,marking     ] GC(301) Concurrent Rebuild Remembered Sets 633.433ms
[298.696s][info][gc,start       ] GC(301) Pause Cleanup
[298.696s][info][gc             ] GC(301) Pause Cleanup 434M->434M(512M) 0.315ms
[298.696s][info][gc,cpu         ] GC(301) User=0.00s Sys=0.00s Real=0.00s
[298.696s][info][gc,marking     ] GC(301) Concurrent Cleanup for Next Mark
[298.698s][info][gc,marking     ] GC(301) Concurrent Cleanup for Next Mark 1.969ms
[298.698s][info][gc             ] GC(301) Concurrent Cycle 1433.567ms
[298.818s][info][gc,start       ] GC(305) Pause Young (Normal) (G1 Evacuation Pause)
[298.819s][info][gc,task        ] GC(305) Using 8 workers of 8 for evacuation
[298.823s][info][gc,phases      ] GC(305)   Pre Evacuate Collection Set: 0.1ms
[298.823s][info][gc,phases      ] GC(305)   Merge Heap Roots: 0.1ms
[298.823s][info][gc,phases      ] GC(305)   Evacuate Collection Set: 4.2ms
[298.823s][info][gc,phases      ] GC(305)   Post Evacuate Collection Set: 0.3ms
[298.823s][info][gc,phases      ] GC(305)   Other: 0.2ms
[298.823s][info][gc,heap        ] GC(305) Eden regions: 42->0(41)
[298.823s][info][gc,heap        ] GC(305) Survivor regions: 4->4(6)
[298.823s][info][gc,heap        ] GC(305) Old regions: 397->398
[298.823s][info][gc,heap        ] GC(305) Archive regions: 2->2
[298.823s][info][gc,heap        ] GC(305) Humongous regions: 11->11
[298.823s][info][gc,metaspace   ] GC(305) Metaspace: 48534K(49872K)->48534K(49872K) NonClass: 42683K(43600K)->42683K(43600K) Class: 5851K(6272K)->5851K(6272K)
[298.823s][info][gc             ] GC(305) Pause Young (Normal) (G1 Evacuation Pause) 451M->410M(512M) 4.934ms
[298.823s][info][gc,cpu         ] GC(305) User=0.02s Sys=0.00s Real=0.00s
[299.218s][info][gc,start       ] GC(306) Pause Young (Concurrent Start) (G1 Evacuation Pause)
[299.218s][info][gc,task        ] GC(306) Using 8 workers of 8 for evacuation
[299.222s][info][gc,phases      ] GC(306)   Pre Evacuate Collection Set: 0.1ms
[299.222s][info][gc,phases      ] GC(306)   Merge Heap Roots: 0.0ms
[299.222s][info][gc,phases      ] GC(306)   Evacuate Collection Set: 2.8ms
[299.222s][info][gc,phases      ] GC(306)   Post Evacuate Collection Set: 0.4ms
[299.222s][info][gc,phases      ] GC(306)   Other: 0.2ms
[299.222s][info][gc,heap        ] GC(306) Eden regions: 41->0(40)
[299.222s][info][gc,heap        ] GC(306) Survivor regions: 4->4(6)
[299.222s][info][gc,heap        ] GC(306) Old regions: 398->399
[299.222s][info][gc,heap        ] GC(306) Archive regions: 2->2
[299.222s][info][gc,heap        ] GC(306) Humongous regions: 11->11
[299.222s][info][gc,metaspace   ] GC(306) Metaspace: 48534K(49872K)->48534K(49872K) NonClass: 42683K(43600K)->42683K(43600K) Class: 5851K(6272K)->5851K(6272K)
[299.222s][info][gc             ] GC(306) Pause Young (Concurrent Start) (G1 Evacuation Pause) 451M->411M(512M) 3.677ms
[299.222s][info][gc,cpu         ] GC(306) User=0.02s Sys=0.00s Real=0.00s
[299.222s][info][gc             ] GC(307) Concurrent Cycle
[299.222s][info][gc,marking     ] GC(307) Concurrent Clear Claimed Marks
[299.222s][info][gc,marking     ] GC(307) Concurrent Clear Claimed Marks 0.065ms
[299.222s][info][gc,marking     ] GC(307) Concurrent Scan Root Regions
[299.226s][info][gc,marking     ] GC(307) Concurrent Scan Root Regions 4.229ms
[299.226s][info][gc,marking     ] GC(307) Concurrent Mark (299.226s)
[299.226s][info][gc,marking     ] GC(307) Concurrent Mark From Roots
[299.226s][info][gc,task        ] GC(307) Using 2 workers of 2 for marking
[299.682s][info][gc,start       ] GC(308) Pause Young (Normal) (G1 Evacuation Pause)
[299.682s][info][gc,task        ] GC(308) Using 8 workers of 8 for evacuation
[299.685s][info][gc,phases      ] GC(308)   Pre Evacuate Collection Set: 0.1ms
[299.685s][info][gc,phases      ] GC(308)   Merge Heap Roots: 0.0ms
[299.685s][info][gc,phases      ] GC(308)   Evacuate Collection Set: 3.1ms
[299.685s][info][gc,phases      ] GC(308)   Post Evacuate Collection Set: 0.4ms
[299.685s][info][gc,phases      ] GC(308)   Other: 0.2ms
[299.685s][info][gc,heap        ] GC(308) Eden regions: 40->0(38)
[299.685s][info][gc,heap        ] GC(308) Survivor regions: 4->5(6)
[299.685s][info][gc,heap        ] GC(308) Old regions: 399->399
[299.686s][info][gc,heap        ] GC(308) Archive regions: 2->2
[299.686s][info][gc,heap        ] GC(308) Humongous regions: 11->11
[299.686s][info][gc,metaspace   ] GC(308) Metaspace: 48535K(49872K)->48535K(49872K) NonClass: 42684K(43600K)->42684K(43600K) Class: 5851K(6272K)->5851K(6272K)
[299.686s][info][gc             ] GC(308) Pause Young (Normal) (G1 Evacuation Pause) 451M->412M(512M) 4.004ms
[299.686s][info][gc,cpu         ] GC(308) User=0.02s Sys=0.00s Real=0.00s
[300.128s][info][gc,start       ] GC(309) Pause Young (Normal) (G1 Evacuation Pause)
[300.128s][info][gc,task        ] GC(309) Using 8 workers of 8 for evacuation
[300.134s][info][gc,phases      ] GC(309)   Pre Evacuate Collection Set: 0.1ms
[300.134s][info][gc,phases      ] GC(309)   Merge Heap Roots: 0.1ms
[300.134s][info][gc,phases      ] GC(309)   Evacuate Collection Set: 4.9ms
[300.134s][info][gc,phases      ] GC(309)   Post Evacuate Collection Set: 0.4ms
[300.134s][info][gc,phases      ] GC(309)   Other: 0.3ms
[300.134s][info][gc,heap        ] GC(309) Eden regions: 38->0(39)
[300.134s][info][gc,heap        ] GC(309) Survivor regions: 5->4(6)
[300.134s][info][gc,heap        ] GC(309) Old regions: 399->400
[300.134s][info][gc,heap        ] GC(309) Archive regions: 2->2
[300.134s][info][gc,heap        ] GC(309) Humongous regions: 11->11
[300.134s][info][gc,metaspace   ] GC(309) Metaspace: 48535K(49872K)->48535K(49872K) NonClass: 42684K(43600K)->42684K(43600K) Class: 5851K(6272K)->5851K(6272K)
[300.134s][info][gc             ] GC(309) Pause Young (Normal) (G1 Evacuation Pause) 450M->412M(512M) 5.823ms
[300.134s][info][gc,cpu         ] GC(309) User=0.03s Sys=0.00s Real=0.00s
[300.305s][info][gc,marking     ] GC(307) Concurrent Mark From Roots 1078.591ms
[300.305s][info][gc,marking     ] GC(307) Concurrent Preclean
[300.305s][info][gc,marking     ] GC(307) Concurrent Preclean 0.120ms
[300.305s][info][gc,marking     ] GC(307) Concurrent Mark (299.226s, 300.305s) 1078.784ms
[300.305s][info][gc,start       ] GC(307) Pause Remark
[300.307s][info][gc             ] GC(307) Pause Remark 430M->430M(512M) 1.317ms
[300.307s][info][gc,cpu         ] GC(307) User=0.01s Sys=0.00s Real=0.01s
[300.307s][info][gc,marking     ] GC(307) Concurrent Rebuild Remembered Sets
[300.444s][info][gc,start       ] GC(310) Pause Young (Normal) (G1 Evacuation Pause)
[300.444s][info][gc,task        ] GC(310) Using 8 workers of 8 for evacuation
[300.451s][info][gc,phases      ] GC(310)   Pre Evacuate Collection Set: 0.2ms
[300.451s][info][gc,phases      ] GC(310)   Merge Heap Roots: 0.1ms
[300.451s][info][gc,phases      ] GC(310)   Evacuate Collection Set: 5.9ms
[300.451s][info][gc,phases      ] GC(310)   Post Evacuate Collection Set: 0.9ms
[300.451s][info][gc,phases      ] GC(310)   Other: 0.3ms
[300.451s][info][gc,heap        ] GC(310) Eden regions: 39->0(38)
[300.451s][info][gc,heap        ] GC(310) Survivor regions: 4->4(6)
[300.451s][info][gc,heap        ] GC(310) Old regions: 400->401
[300.451s][info][gc,heap        ] GC(310) Archive regions: 2->2
[300.451s][info][gc,heap        ] GC(310) Humongous regions: 11->11
[300.451s][info][gc,metaspace   ] GC(310) Metaspace: 48535K(49872K)->48535K(49872K) NonClass: 42684K(43600K)->42684K(43600K) Class: 5851K(6272K)->5851K(6272K)
[300.451s][info][gc             ] GC(310) Pause Young (Normal) (G1 Evacuation Pause) 451M->414M(512M) 7.622ms
[300.451s][info][gc,cpu         ] GC(310) User=0.02s Sys=0.00s Real=0.01s
[300.824s][info][gc,start       ] GC(311) Pause Young (Normal) (G1 Evacuation Pause)
[300.824s][info][gc,task        ] GC(311) Using 8 workers of 8 for evacuation
[300.829s][info][gc,phases      ] GC(311)   Pre Evacuate Collection Set: 0.1ms
[300.829s][info][gc,phases      ] GC(311)   Merge Heap Roots: 0.1ms
[300.829s][info][gc,phases      ] GC(311)   Evacuate Collection Set: 4.5ms
[300.829s][info][gc,phases      ] GC(311)   Post Evacuate Collection Set: 0.4ms
[300.829s][info][gc,phases      ] GC(311)   Other: 0.2ms
[300.829s][info][gc,heap        ] GC(311) Eden regions: 38->0(35)
[300.829s][info][gc,heap        ] GC(311) Survivor regions: 4->5(6)
[300.829s][info][gc,heap        ] GC(311) Old regions: 401->402
[300.829s][info][gc,heap        ] GC(311) Archive regions: 2->2
[300.829s][info][gc,heap        ] GC(311) Humongous regions: 11->11
[300.829s][info][gc,metaspace   ] GC(311) Metaspace: 48535K(49872K)->48535K(49872K) NonClass: 42684K(43600K)->42684K(43600K) Class: 5851K(6272K)->5851K(6272K)
[300.829s][info][gc             ] GC(311) Pause Young (Normal) (G1 Evacuation Pause) 452M->415M(512M) 5.357ms
[300.829s][info][gc,cpu         ] GC(311) User=0.03s Sys=0.00s Real=0.01s
[300.957s][info][gc,marking     ] GC(307) Concurrent Rebuild Remembered Sets 650.152ms
[300.958s][info][gc,start       ] GC(307) Pause Cleanup
[300.958s][info][gc             ] GC(307) Pause Cleanup 431M->431M(512M) 0.305ms
[300.958s][info][gc,cpu         ] GC(307) User=0.00s Sys=0.00s Real=0.00s
[300.958s][info][gc,marking     ] GC(307) Concurrent Cleanup for Next Mark
[300.961s][info][gc,marking     ] GC(307) Concurrent Cleanup for Next Mark 2.689ms
[300.961s][info][gc             ] GC(307) Concurrent Cycle 1738.750ms
[301.104s][info][gc,start       ] GC(312) Pause Young (Normal) (G1 Evacuation Pause)
[301.104s][info][gc,task        ] GC(312) Using 8 workers of 8 for evacuation
[301.109s][info][gc,phases      ] GC(312)   Pre Evacuate Collection Set: 0.1ms
[301.109s][info][gc,phases      ] GC(312)   Merge Heap Roots: 0.1ms
[301.109s][info][gc,phases      ] GC(312)   Evacuate Collection Set: 4.1ms
[301.109s][info][gc,phases      ] GC(312)   Post Evacuate Collection Set: 0.7ms
[301.109s][info][gc,phases      ] GC(312)   Other: 0.3ms
[301.109s][info][gc,heap        ] GC(312) Eden regions: 35->0(37)
[301.109s][info][gc,heap        ] GC(312) Survivor regions: 5->3(5)
[301.109s][info][gc,heap        ] GC(312) Old regions: 402->404
[301.109s][info][gc,heap        ] GC(312) Archive regions: 2->2
[301.109s][info][gc,heap        ] GC(312) Humongous regions: 11->11
[301.109s][info][gc,metaspace   ] GC(312) Metaspace: 48535K(49872K)->48535K(49872K) NonClass: 42684K(43600K)->42684K(43600K) Class: 5851K(6272K)->5851K(6272K)
[301.109s][info][gc             ] GC(312) Pause Young (Normal) (G1 Evacuation Pause) 450M->415M(512M) 5.409ms
[301.109s][info][gc,cpu         ] GC(312) User=0.03s Sys=0.00s Real=0.01s
[301.379s][info][gc,start       ] GC(313) Pause Young (Concurrent Start) (G1 Evacuation Pause)
[301.379s][info][gc,task        ] GC(313) Using 8 workers of 8 for evacuation
[301.383s][info][gc,phases      ] GC(313)   Pre Evacuate Collection Set: 0.1ms
[301.383s][info][gc,phases      ] GC(313)   Merge Heap Roots: 0.1ms
[301.383s][info][gc,phases      ] GC(313)   Evacuate Collection Set: 2.8ms
[301.383s][info][gc,phases      ] GC(313)   Post Evacuate Collection Set: 0.2ms
[301.383s][info][gc,phases      ] GC(313)   Other: 0.2ms
[301.383s][info][gc,heap        ] GC(313) Eden regions: 37->0(36)
[301.383s][info][gc,heap        ] GC(313) Survivor regions: 3->3(5)
[301.383s][info][gc,heap        ] GC(313) Old regions: 404->405
[301.383s][info][gc,heap        ] GC(313) Archive regions: 2->2
[301.383s][info][gc,heap        ] GC(313) Humongous regions: 11->11
[301.383s][info][gc,metaspace   ] GC(313) Metaspace: 48535K(49872K)->48535K(49872K) NonClass: 42684K(43600K)->42684K(43600K) Class: 5851K(6272K)->5851K(6272K)
[301.383s][info][gc             ] GC(313) Pause Young (Concurrent Start) (G1 Evacuation Pause) 452M->416M(512M) 3.522ms
[301.383s][info][gc,cpu         ] GC(313) User=0.01s Sys=0.00s Real=0.00s
[301.383s][info][gc             ] GC(314) Concurrent Cycle
[301.383s][info][gc,marking     ] GC(314) Concurrent Clear Claimed Marks
[301.383s][info][gc,marking     ] GC(314) Concurrent Clear Claimed Marks 0.043ms
[301.383s][info][gc,marking     ] GC(314) Concurrent Scan Root Regions
[301.386s][info][gc,marking     ] GC(314) Concurrent Scan Root Regions 3.037ms
[301.386s][info][gc,marking     ] GC(314) Concurrent Mark (301.386s)
[301.386s][info][gc,marking     ] GC(314) Concurrent Mark From Roots
[301.386s][info][gc,task        ] GC(314) Using 2 workers of 2 for marking
[301.745s][info][gc,start       ] GC(315) Pause Young (Normal) (G1 Evacuation Pause)
[301.745s][info][gc,task        ] GC(315) Using 8 workers of 8 for evacuation
[301.750s][info][gc,phases      ] GC(315)   Pre Evacuate Collection Set: 0.1ms
[301.750s][info][gc,phases      ] GC(315)   Merge Heap Roots: 0.0ms
[301.750s][info][gc,phases      ] GC(315)   Evacuate Collection Set: 3.7ms
[301.750s][info][gc,phases      ] GC(315)   Post Evacuate Collection Set: 0.8ms
[301.750s][info][gc,phases      ] GC(315)   Other: 0.3ms
[301.750s][info][gc,heap        ] GC(315) Eden regions: 36->0(35)
[301.750s][info][gc,heap        ] GC(315) Survivor regions: 3->3(5)
[301.750s][info][gc,heap        ] GC(315) Old regions: 405->406
[301.750s][info][gc,heap        ] GC(315) Archive regions: 2->2
[301.750s][info][gc,heap        ] GC(315) Humongous regions: 11->11
[301.750s][info][gc,metaspace   ] GC(315) Metaspace: 48535K(49872K)->48535K(49872K) NonClass: 42684K(43600K)->42684K(43600K) Class: 5851K(6272K)->5851K(6272K)
[301.750s][info][gc             ] GC(315) Pause Young (Normal) (G1 Evacuation Pause) 452M->417M(512M) 5.040ms
[301.750s][info][gc,cpu         ] GC(315) User=0.02s Sys=0.00s Real=0.01s
[302.071s][info][gc,start       ] GC(316) Pause Young (Normal) (G1 Evacuation Pause)
[302.071s][info][gc,task        ] GC(316) Using 8 workers of 8 for evacuation
[302.074s][info][gc,phases      ] GC(316)   Pre Evacuate Collection Set: 0.1ms
[302.074s][info][gc,phases      ] GC(316)   Merge Heap Roots: 0.0ms
[302.074s][info][gc,phases      ] GC(316)   Evacuate Collection Set: 2.9ms
[302.074s][info][gc,phases      ] GC(316)   Post Evacuate Collection Set: 0.3ms
[302.074s][info][gc,phases      ] GC(316)   Other: 0.2ms
[302.074s][info][gc,heap        ] GC(316) Eden regions: 35->0(34)
[302.074s][info][gc,heap        ] GC(316) Survivor regions: 3->3(5)
[302.074s][info][gc,heap        ] GC(316) Old regions: 406->407
[302.074s][info][gc,heap        ] GC(316) Archive regions: 2->2
[302.074s][info][gc,heap        ] GC(316) Humongous regions: 11->11
[302.074s][info][gc,metaspace   ] GC(316) Metaspace: 48535K(49872K)->48535K(49872K) NonClass: 42684K(43600K)->42684K(43600K) Class: 5851K(6272K)->5851K(6272K)
[302.075s][info][gc             ] GC(316) Pause Young (Normal) (G1 Evacuation Pause) 452M->418M(512M) 3.681ms
[302.075s][info][gc,cpu         ] GC(316) User=0.01s Sys=0.00s Real=0.00s
[302.215s][info][gc,marking     ] GC(314) Concurrent Mark From Roots 829.205ms
[302.215s][info][gc,marking     ] GC(314) Concurrent Preclean
[302.216s][info][gc,marking     ] GC(314) Concurrent Preclean 0.093ms
[302.216s][info][gc,marking     ] GC(314) Concurrent Mark (301.386s, 302.216s) 829.364ms
[302.216s][info][gc,start       ] GC(314) Pause Remark
[302.217s][info][gc             ] GC(314) Pause Remark 436M->436M(512M) 1.317ms
[302.217s][info][gc,cpu         ] GC(314) User=0.00s Sys=0.00s Real=0.00s
[302.217s][info][gc,marking     ] GC(314) Concurrent Rebuild Remembered Sets
[302.346s][info][gc,start       ] GC(317) Pause Young (Normal) (G1 Evacuation Pause)
[302.346s][info][gc,task        ] GC(317) Using 8 workers of 8 for evacuation
[302.349s][info][gc,phases      ] GC(317)   Pre Evacuate Collection Set: 0.1ms
[302.349s][info][gc,phases      ] GC(317)   Merge Heap Roots: 0.0ms
[302.349s][info][gc,phases      ] GC(317)   Evacuate Collection Set: 2.8ms
[302.349s][info][gc,phases      ] GC(317)   Post Evacuate Collection Set: 0.4ms
[302.349s][info][gc,phases      ] GC(317)   Other: 0.2ms
[302.349s][info][gc,heap        ] GC(317) Eden regions: 34->0(33)
[302.349s][info][gc,heap        ] GC(317) Survivor regions: 3->3(5)
[302.349s][info][gc,heap        ] GC(317) Old regions: 407->408
[302.349s][info][gc,heap        ] GC(317) Archive regions: 2->2
[302.349s][info][gc,heap        ] GC(317) Humongous regions: 11->11
[302.349s][info][gc,metaspace   ] GC(317) Metaspace: 48537K(49872K)->48537K(49872K) NonClass: 42686K(43600K)->42686K(43600K) Class: 5851K(6272K)->5851K(6272K)
[302.349s][info][gc             ] GC(317) Pause Young (Normal) (G1 Evacuation Pause) 452M->419M(512M) 3.669ms
[302.349s][info][gc,cpu         ] GC(317) User=0.02s Sys=0.00s Real=0.01s
[302.574s][info][gc,start       ] GC(318) Pause Young (Normal) (G1 Evacuation Pause)
[302.574s][info][gc,task        ] GC(318) Using 8 workers of 8 for evacuation
[302.578s][info][gc,phases      ] GC(318)   Pre Evacuate Collection Set: 0.1ms
[302.578s][info][gc,phases      ] GC(318)   Merge Heap Roots: 0.1ms
[302.578s][info][gc,phases      ] GC(318)   Evacuate Collection Set: 3.3ms
[302.578s][info][gc,phases      ] GC(318)   Post Evacuate Collection Set: 0.5ms
[302.578s][info][gc,phases      ] GC(318)   Other: 0.2ms
[302.578s][info][gc,heap        ] GC(318) Eden regions: 33->0(32)
[302.578s][info][gc,heap        ] GC(318) Survivor regions: 3->3(5)
[302.578s][info][gc,heap        ] GC(318) Old regions: 408->409
[302.578s][info][gc,heap        ] GC(318) Archive regions: 2->2
[302.578s][info][gc,heap        ] GC(318) Humongous regions: 11->11
[302.578s][info][gc,metaspace   ] GC(318) Metaspace: 48537K(49872K)->48537K(49872K) NonClass: 42686K(43600K)->42686K(43600K) Class: 5851K(6272K)->5851K(6272K)
[302.578s][info][gc             ] GC(318) Pause Young (Normal) (G1 Evacuation Pause) 452M->420M(512M) 4.330ms
[302.579s][info][gc,cpu         ] GC(318) User=0.02s Sys=0.00s Real=0.01s
[302.804s][info][gc,start       ] GC(319) Pause Young (Normal) (G1 Evacuation Pause)
[302.804s][info][gc,task        ] GC(319) Using 8 workers of 8 for evacuation
[302.807s][info][gc,phases      ] GC(319)   Pre Evacuate Collection Set: 0.1ms
[302.807s][info][gc,phases      ] GC(319)   Merge Heap Roots: 0.0ms
[302.807s][info][gc,phases      ] GC(319)   Evacuate Collection Set: 2.8ms
[302.807s][info][gc,phases      ] GC(319)   Post Evacuate Collection Set: 0.3ms
[302.808s][info][gc,phases      ] GC(319)   Other: 0.2ms
[302.808s][info][gc,heap        ] GC(319) Eden regions: 32->0(30)
[302.808s][info][gc,heap        ] GC(319) Survivor regions: 3->4(5)
[302.808s][info][gc,heap        ] GC(319) Old regions: 409->409
[302.808s][info][gc,heap        ] GC(319) Archive regions: 2->2
[302.808s][info][gc,heap        ] GC(319) Humongous regions: 11->11
[302.808s][info][gc,metaspace   ] GC(319) Metaspace: 48537K(49872K)->48537K(49872K) NonClass: 42686K(43600K)->42686K(43600K) Class: 5851K(6272K)->5851K(6272K)
[302.808s][info][gc             ] GC(319) Pause Young (Normal) (G1 Evacuation Pause) 452M->420M(512M) 3.502ms
[302.808s][info][gc,cpu         ] GC(319) User=0.02s Sys=0.00s Real=0.01s
[302.813s][info][gc,marking     ] GC(314) Concurrent Rebuild Remembered Sets 595.581ms
[302.813s][info][gc,start       ] GC(314) Pause Cleanup
[302.813s][info][gc             ] GC(314) Pause Cleanup 421M->421M(512M) 0.225ms
[302.813s][info][gc,cpu         ] GC(314) User=0.00s Sys=0.00s Real=0.00s
[302.813s][info][gc,marking     ] GC(314) Concurrent Cleanup for Next Mark
[302.814s][info][gc,marking     ] GC(314) Concurrent Cleanup for Next Mark 0.796ms
[302.814s][info][gc             ] GC(314) Concurrent Cycle 1431.031ms
[302.977s][info][gc,start       ] GC(320) Pause Young (Normal) (G1 Evacuation Pause)
[302.977s][info][gc,task        ] GC(320) Using 8 workers of 8 for evacuation
[302.981s][info][gc,phases      ] GC(320)   Pre Evacuate Collection Set: 0.1ms
[302.981s][info][gc,phases      ] GC(320)   Merge Heap Roots: 0.1ms
[302.981s][info][gc,phases      ] GC(320)   Evacuate Collection Set: 3.4ms
[302.981s][info][gc,phases      ] GC(320)   Post Evacuate Collection Set: 0.3ms
[302.981s][info][gc,phases      ] GC(320)   Other: 0.2ms
[302.981s][info][gc,heap        ] GC(320) Eden regions: 30->0(30)
[302.981s][info][gc,heap        ] GC(320) Survivor regions: 4->4(5)
[302.981s][info][gc,heap        ] GC(320) Old regions: 409->409
[302.981s][info][gc,heap        ] GC(320) Archive regions: 2->2
[302.981s][info][gc,heap        ] GC(320) Humongous regions: 11->11
[302.981s][info][gc,metaspace   ] GC(320) Metaspace: 48537K(49872K)->48537K(49872K) NonClass: 42686K(43600K)->42686K(43600K) Class: 5851K(6272K)->5851K(6272K)
[302.981s][info][gc             ] GC(320) Pause Young (Normal) (G1 Evacuation Pause) 450M->421M(512M) 4.014ms
[302.981s][info][gc,cpu         ] GC(320) User=0.02s Sys=0.00s Real=0.00s
[303.171s][info][gc,start       ] GC(321) Pause Young (Concurrent Start) (G1 Evacuation Pause)
[303.171s][info][gc,task        ] GC(321) Using 8 workers of 8 for evacuation
[303.174s][info][gc,phases      ] GC(321)   Pre Evacuate Collection Set: 0.1ms
[303.174s][info][gc,phases      ] GC(321)   Merge Heap Roots: 0.0ms
[303.174s][info][gc,phases      ] GC(321)   Evacuate Collection Set: 2.7ms
[303.174s][info][gc,phases      ] GC(321)   Post Evacuate Collection Set: 0.4ms
[303.174s][info][gc,phases      ] GC(321)   Other: 0.3ms
[303.175s][info][gc,heap        ] GC(321) Eden regions: 30->0(29)
[303.175s][info][gc,heap        ] GC(321) Survivor regions: 4->4(5)
[303.175s][info][gc,heap        ] GC(321) Old regions: 409->410
[303.175s][info][gc,heap        ] GC(321) Archive regions: 2->2
[303.175s][info][gc,heap        ] GC(321) Humongous regions: 11->11
[303.175s][info][gc,metaspace   ] GC(321) Metaspace: 48538K(49872K)->48538K(49872K) NonClass: 42687K(43600K)->42687K(43600K) Class: 5851K(6272K)->5851K(6272K)
[303.175s][info][gc             ] GC(321) Pause Young (Concurrent Start) (G1 Evacuation Pause) 451M->422M(512M) 3.716ms
[303.175s][info][gc,cpu         ] GC(321) User=0.02s Sys=0.00s Real=0.00s
[303.175s][info][gc             ] GC(322) Concurrent Cycle
[303.175s][info][gc,marking     ] GC(322) Concurrent Clear Claimed Marks
[303.175s][info][gc,marking     ] GC(322) Concurrent Clear Claimed Marks 0.047ms
[303.175s][info][gc,marking     ] GC(322) Concurrent Scan Root Regions
[303.179s][info][gc,marking     ] GC(322) Concurrent Scan Root Regions 3.850ms
[303.179s][info][gc,marking     ] GC(322) Concurrent Mark (303.179s)
[303.179s][info][gc,marking     ] GC(322) Concurrent Mark From Roots
[303.179s][info][gc,task        ] GC(322) Using 2 workers of 2 for marking
[303.402s][info][gc,start       ] GC(323) Pause Young (Normal) (G1 Evacuation Pause)
[303.403s][info][gc,task        ] GC(323) Using 8 workers of 8 for evacuation
[303.405s][info][gc,phases      ] GC(323)   Pre Evacuate Collection Set: 0.1ms
[303.405s][info][gc,phases      ] GC(323)   Merge Heap Roots: 0.0ms
[303.405s][info][gc,phases      ] GC(323)   Evacuate Collection Set: 2.3ms
[303.405s][info][gc,phases      ] GC(323)   Post Evacuate Collection Set: 0.3ms
[303.405s][info][gc,phases      ] GC(323)   Other: 0.2ms
[303.405s][info][gc,heap        ] GC(323) Eden regions: 29->0(28)
[303.405s][info][gc,heap        ] GC(323) Survivor regions: 4->4(5)
[303.406s][info][gc,heap        ] GC(323) Old regions: 410->411
[303.406s][info][gc,heap        ] GC(323) Archive regions: 2->2
[303.406s][info][gc,heap        ] GC(323) Humongous regions: 11->11
[303.406s][info][gc,metaspace   ] GC(323) Metaspace: 48538K(49872K)->48538K(49872K) NonClass: 42687K(43600K)->42687K(43600K) Class: 5851K(6272K)->5851K(6272K)
[303.406s][info][gc             ] GC(323) Pause Young (Normal) (G1 Evacuation Pause) 451M->422M(512M) 3.060ms
[303.406s][info][gc,cpu         ] GC(323) User=0.02s Sys=0.00s Real=0.00s
[303.627s][info][gc,start       ] GC(324) Pause Young (Normal) (G1 Evacuation Pause)
[303.627s][info][gc,task        ] GC(324) Using 8 workers of 8 for evacuation
[303.630s][info][gc,phases      ] GC(324)   Pre Evacuate Collection Set: 0.1ms
[303.630s][info][gc,phases      ] GC(324)   Merge Heap Roots: 0.0ms
[303.630s][info][gc,phases      ] GC(324)   Evacuate Collection Set: 2.9ms
[303.630s][info][gc,phases      ] GC(324)   Post Evacuate Collection Set: 0.6ms
[303.630s][info][gc,phases      ] GC(324)   Other: 0.2ms
[303.630s][info][gc,heap        ] GC(324) Eden regions: 28->0(29)
[303.630s][info][gc,heap        ] GC(324) Survivor regions: 4->3(4)
[303.630s][info][gc,heap        ] GC(324) Old regions: 411->412
[303.630s][info][gc,heap        ] GC(324) Archive regions: 2->2
[303.630s][info][gc,heap        ] GC(324) Humongous regions: 11->11
[303.630s][info][gc,metaspace   ] GC(324) Metaspace: 48538K(49872K)->48538K(49872K) NonClass: 42687K(43600K)->42687K(43600K) Class: 5851K(6272K)->5851K(6272K)
[303.630s][info][gc             ] GC(324) Pause Young (Normal) (G1 Evacuation Pause) 450M->423M(512M) 3.957ms
[303.631s][info][gc,cpu         ] GC(324) User=0.01s Sys=0.00s Real=0.00s
[303.837s][info][gc,start       ] GC(325) Pause Young (Normal) (G1 Evacuation Pause)
[303.837s][info][gc,task        ] GC(325) Using 8 workers of 8 for evacuation
[303.840s][info][gc,phases      ] GC(325)   Pre Evacuate Collection Set: 0.1ms
[303.840s][info][gc,phases      ] GC(325)   Merge Heap Roots: 0.0ms
[303.840s][info][gc,phases      ] GC(325)   Evacuate Collection Set: 2.4ms
[303.840s][info][gc,phases      ] GC(325)   Post Evacuate Collection Set: 0.3ms
[303.840s][info][gc,phases      ] GC(325)   Other: 0.3ms
[303.840s][info][gc,heap        ] GC(325) Eden regions: 29->0(28)
[303.840s][info][gc,heap        ] GC(325) Survivor regions: 3->3(4)
[303.840s][info][gc,heap        ] GC(325) Old regions: 412->413
[303.840s][info][gc,heap        ] GC(325) Archive regions: 2->2
[303.840s][info][gc,heap        ] GC(325) Humongous regions: 11->11
[303.840s][info][gc,metaspace   ] GC(325) Metaspace: 48538K(49872K)->48538K(49872K) NonClass: 42687K(43600K)->42687K(43600K) Class: 5851K(6272K)->5851K(6272K)
[303.840s][info][gc             ] GC(325) Pause Young (Normal) (G1 Evacuation Pause) 452M->424M(512M) 3.284ms
[303.840s][info][gc,cpu         ] GC(325) User=0.02s Sys=0.00s Real=0.00s
[304.057s][info][gc,start       ] GC(326) Pause Young (Normal) (G1 Evacuation Pause)
[304.057s][info][gc,task        ] GC(326) Using 8 workers of 8 for evacuation
[304.060s][info][gc,phases      ] GC(326)   Pre Evacuate Collection Set: 0.1ms
[304.060s][info][gc,phases      ] GC(326)   Merge Heap Roots: 0.0ms
[304.060s][info][gc,phases      ] GC(326)   Evacuate Collection Set: 2.1ms
[304.060s][info][gc,phases      ] GC(326)   Post Evacuate Collection Set: 0.3ms
[304.060s][info][gc,phases      ] GC(326)   Other: 0.2ms
[304.060s][info][gc,heap        ] GC(326) Eden regions: 28->0(27)
[304.060s][info][gc,heap        ] GC(326) Survivor regions: 3->3(4)
[304.060s][info][gc,heap        ] GC(326) Old regions: 413->414
[304.060s][info][gc,heap        ] GC(326) Archive regions: 2->2
[304.060s][info][gc,heap        ] GC(326) Humongous regions: 11->11
[304.060s][info][gc,metaspace   ] GC(326) Metaspace: 48539K(49872K)->48539K(49872K) NonClass: 42688K(43600K)->42688K(43600K) Class: 5851K(6272K)->5851K(6272K)
[304.060s][info][gc             ] GC(326) Pause Young (Normal) (G1 Evacuation Pause) 452M->425M(512M) 2.805ms
[304.060s][info][gc,cpu         ] GC(326) User=0.01s Sys=0.00s Real=0.00s
[304.138s][info][gc,marking     ] GC(322) Concurrent Mark From Roots 959.731ms
[304.138s][info][gc,marking     ] GC(322) Concurrent Preclean
[304.139s][info][gc,marking     ] GC(322) Concurrent Preclean 0.099ms
[304.139s][info][gc,marking     ] GC(322) Concurrent Mark (303.179s, 304.139s) 959.899ms
[304.139s][info][gc,start       ] GC(322) Pause Remark
[304.140s][info][gc             ] GC(322) Pause Remark 435M->435M(512M) 1.320ms
[304.140s][info][gc,cpu         ] GC(322) User=0.00s Sys=0.00s Real=0.00s
[304.141s][info][gc,marking     ] GC(322) Concurrent Rebuild Remembered Sets
[304.249s][info][gc,start       ] GC(327) Pause Young (Normal) (G1 Evacuation Pause)
[304.249s][info][gc,task        ] GC(327) Using 8 workers of 8 for evacuation
[304.252s][info][gc,phases      ] GC(327)   Pre Evacuate Collection Set: 0.1ms
[304.252s][info][gc,phases      ] GC(327)   Merge Heap Roots: 0.0ms
[304.252s][info][gc,phases      ] GC(327)   Evacuate Collection Set: 2.8ms
[304.252s][info][gc,phases      ] GC(327)   Post Evacuate Collection Set: 0.4ms
[304.252s][info][gc,phases      ] GC(327)   Other: 0.2ms
[304.252s][info][gc,heap        ] GC(327) Eden regions: 27->0(27)
[304.252s][info][gc,heap        ] GC(327) Survivor regions: 3->3(4)
[304.252s][info][gc,heap        ] GC(327) Old regions: 414->414
[304.252s][info][gc,heap        ] GC(327) Archive regions: 2->2
[304.252s][info][gc,heap        ] GC(327) Humongous regions: 11->11
[304.252s][info][gc,metaspace   ] GC(327) Metaspace: 48541K(49872K)->48541K(49872K) NonClass: 42690K(43600K)->42690K(43600K) Class: 5851K(6272K)->5851K(6272K)
[304.252s][info][gc             ] GC(327) Pause Young (Normal) (G1 Evacuation Pause) 452M->425M(512M) 3.713ms
[304.252s][info][gc,cpu         ] GC(327) User=0.01s Sys=0.00s Real=0.00s
[304.429s][info][gc,start       ] GC(328) Pause Young (Normal) (G1 Evacuation Pause)
[304.429s][info][gc,task        ] GC(328) Using 8 workers of 8 for evacuation
[304.433s][info][gc,phases      ] GC(328)   Pre Evacuate Collection Set: 0.1ms
[304.433s][info][gc,phases      ] GC(328)   Merge Heap Roots: 0.0ms
[304.433s][info][gc,phases      ] GC(328)   Evacuate Collection Set: 2.9ms
[304.433s][info][gc,phases      ] GC(328)   Post Evacuate Collection Set: 0.3ms
[304.433s][info][gc,phases      ] GC(328)   Other: 0.2ms
[304.433s][info][gc,heap        ] GC(328) Eden regions: 27->0(26)
[304.433s][info][gc,heap        ] GC(328) Survivor regions: 3->3(4)
[304.433s][info][gc,heap        ] GC(328) Old regions: 414->415
[304.433s][info][gc,heap        ] GC(328) Archive regions: 2->2
[304.433s][info][gc,heap        ] GC(328) Humongous regions: 11->11
[304.433s][info][gc,metaspace   ] GC(328) Metaspace: 48542K(49872K)->48542K(49872K) NonClass: 42691K(43600K)->42691K(43600K) Class: 5851K(6272K)->5851K(6272K)
[304.433s][info][gc             ] GC(328) Pause Young (Normal) (G1 Evacuation Pause) 452M->426M(512M) 3.800ms
[304.433s][info][gc,cpu         ] GC(328) User=0.02s Sys=0.00s Real=0.00s
[304.623s][info][gc,start       ] GC(329) Pause Young (Normal) (G1 Evacuation Pause)
[304.623s][info][gc,task        ] GC(329) Using 8 workers of 8 for evacuation
[304.627s][info][gc,phases      ] GC(329)   Pre Evacuate Collection Set: 0.1ms
[304.627s][info][gc,phases      ] GC(329)   Merge Heap Roots: 0.1ms
[304.627s][info][gc,phases      ] GC(329)   Evacuate Collection Set: 3.1ms
[304.627s][info][gc,phases      ] GC(329)   Post Evacuate Collection Set: 0.6ms
[304.627s][info][gc,phases      ] GC(329)   Other: 0.2ms
[304.627s][info][gc,heap        ] GC(329) Eden regions: 26->0(25)
[304.627s][info][gc,heap        ] GC(329) Survivor regions: 3->3(4)
[304.627s][info][gc,heap        ] GC(329) Old regions: 415->416
[304.628s][info][gc,heap        ] GC(329) Archive regions: 2->2
[304.628s][info][gc,heap        ] GC(329) Humongous regions: 11->11
[304.628s][info][gc,metaspace   ] GC(329) Metaspace: 48542K(49872K)->48542K(49872K) NonClass: 42691K(43600K)->42691K(43600K) Class: 5851K(6272K)->5851K(6272K)
[304.628s][info][gc             ] GC(329) Pause Young (Normal) (G1 Evacuation Pause) 452M->427M(512M) 4.317ms
[304.628s][info][gc,cpu         ] GC(329) User=0.02s Sys=0.00s Real=0.01s
[304.774s][info][gc,marking     ] GC(322) Concurrent Rebuild Remembered Sets 632.753ms
[304.774s][info][gc,start       ] GC(322) Pause Cleanup
[304.774s][info][gc             ] GC(322) Pause Cleanup 443M->443M(512M) 0.477ms
[304.774s][info][gc,cpu         ] GC(322) User=0.00s Sys=0.00s Real=0.00s
[304.775s][info][gc,marking     ] GC(322) Concurrent Cleanup for Next Mark
[304.777s][info][gc,marking     ] GC(322) Concurrent Cleanup for Next Mark 1.557ms
[304.777s][info][gc             ] GC(322) Concurrent Cycle 1602.112ms
[304.828s][info][gc,start       ] GC(330) Pause Young (Normal) (G1 Evacuation Pause)
[304.828s][info][gc,task        ] GC(330) Using 8 workers of 8 for evacuation
[304.832s][info][gc,phases      ] GC(330)   Pre Evacuate Collection Set: 0.1ms
[304.832s][info][gc,phases      ] GC(330)   Merge Heap Roots: 0.1ms
[304.832s][info][gc,phases      ] GC(330)   Evacuate Collection Set: 3.1ms
[304.832s][info][gc,phases      ] GC(330)   Post Evacuate Collection Set: 0.3ms
[304.832s][info][gc,phases      ] GC(330)   Other: 0.2ms
[304.832s][info][gc,heap        ] GC(330) Eden regions: 25->0(24)
[304.832s][info][gc,heap        ] GC(330) Survivor regions: 3->3(4)
[304.832s][info][gc,heap        ] GC(330) Old regions: 416->417
[304.832s][info][gc,heap        ] GC(330) Archive regions: 2->2
[304.832s][info][gc,heap        ] GC(330) Humongous regions: 11->11
[304.832s][info][gc,metaspace   ] GC(330) Metaspace: 48542K(49872K)->48542K(49872K) NonClass: 42691K(43600K)->42691K(43600K) Class: 5851K(6272K)->5851K(6272K)
[304.832s][info][gc             ] GC(330) Pause Young (Normal) (G1 Evacuation Pause) 452M->427M(512M) 3.730ms
[304.832s][info][gc,cpu         ] GC(330) User=0.02s Sys=0.00s Real=0.00s
[304.974s][info][gc,start       ] GC(331) Pause Young (Concurrent Start) (G1 Evacuation Pause)
[304.974s][info][gc,task        ] GC(331) Using 8 workers of 8 for evacuation
[304.977s][info][gc,phases      ] GC(331)   Pre Evacuate Collection Set: 0.2ms
[304.977s][info][gc,phases      ] GC(331)   Merge Heap Roots: 0.0ms
[304.977s][info][gc,phases      ] GC(331)   Evacuate Collection Set: 2.2ms
[304.977s][info][gc,phases      ] GC(331)   Post Evacuate Collection Set: 0.3ms
[304.977s][info][gc,phases      ] GC(331)   Other: 0.3ms
[304.977s][info][gc,heap        ] GC(331) Eden regions: 24->0(24)
[304.977s][info][gc,heap        ] GC(331) Survivor regions: 3->3(4)
[304.977s][info][gc,heap        ] GC(331) Old regions: 417->417
[304.977s][info][gc,heap        ] GC(331) Archive regions: 2->2
[304.977s][info][gc,heap        ] GC(331) Humongous regions: 11->11
[304.977s][info][gc,metaspace   ] GC(331) Metaspace: 48542K(49872K)->48542K(49872K) NonClass: 42691K(43600K)->42691K(43600K) Class: 5851K(6272K)->5851K(6272K)
[304.977s][info][gc             ] GC(331) Pause Young (Concurrent Start) (G1 Evacuation Pause) 451M->428M(512M) 3.116ms
[304.977s][info][gc,cpu         ] GC(331) User=0.01s Sys=0.00s Real=0.01s
[304.977s][info][gc             ] GC(332) Concurrent Cycle
[304.977s][info][gc,marking     ] GC(332) Concurrent Clear Claimed Marks
[304.977s][info][gc,marking     ] GC(332) Concurrent Clear Claimed Marks 0.093ms
[304.977s][info][gc,marking     ] GC(332) Concurrent Scan Root Regions
[304.979s][info][gc,marking     ] GC(332) Concurrent Scan Root Regions 2.264ms
[304.979s][info][gc,marking     ] GC(332) Concurrent Mark (304.979s)
[304.979s][info][gc,marking     ] GC(332) Concurrent Mark From Roots
[304.979s][info][gc,task        ] GC(332) Using 2 workers of 2 for marking
[305.185s][info][gc,start       ] GC(333) Pause Young (Normal) (G1 Evacuation Pause)
[305.185s][info][gc,task        ] GC(333) Using 8 workers of 8 for evacuation
[305.187s][info][gc,phases      ] GC(333)   Pre Evacuate Collection Set: 0.1ms
[305.187s][info][gc,phases      ] GC(333)   Merge Heap Roots: 0.1ms
[305.187s][info][gc,phases      ] GC(333)   Evacuate Collection Set: 2.1ms
[305.187s][info][gc,phases      ] GC(333)   Post Evacuate Collection Set: 0.2ms
[305.187s][info][gc,phases      ] GC(333)   Other: 0.2ms
[305.187s][info][gc,heap        ] GC(333) Eden regions: 24->0(24)
[305.187s][info][gc,heap        ] GC(333) Survivor regions: 3->3(4)
[305.187s][info][gc,heap        ] GC(333) Old regions: 417->417
[305.187s][info][gc,heap        ] GC(333) Archive regions: 2->2
[305.187s][info][gc,heap        ] GC(333) Humongous regions: 11->11
[305.187s][info][gc,metaspace   ] GC(333) Metaspace: 48542K(49872K)->48542K(49872K) NonClass: 42691K(43600K)->42691K(43600K) Class: 5851K(6272K)->5851K(6272K)
[305.187s][info][gc             ] GC(333) Pause Young (Normal) (G1 Evacuation Pause) 452M->428M(512M) 2.739ms
[305.187s][info][gc,cpu         ] GC(333) User=0.02s Sys=0.01s Real=0.01s
[305.381s][info][gc,start       ] GC(334) Pause Young (Normal) (G1 Evacuation Pause)
[305.381s][info][gc,task        ] GC(334) Using 8 workers of 8 for evacuation
[305.384s][info][gc,phases      ] GC(334)   Pre Evacuate Collection Set: 0.1ms
[305.384s][info][gc,phases      ] GC(334)   Merge Heap Roots: 0.0ms
[305.384s][info][gc,phases      ] GC(334)   Evacuate Collection Set: 2.1ms
[305.384s][info][gc,phases      ] GC(334)   Post Evacuate Collection Set: 0.2ms
[305.384s][info][gc,phases      ] GC(334)   Other: 0.1ms
[305.384s][info][gc,heap        ] GC(334) Eden regions: 24->0(23)
[305.384s][info][gc,heap        ] GC(334) Survivor regions: 3->3(4)
[305.384s][info][gc,heap        ] GC(334) Old regions: 417->418
[305.384s][info][gc,heap        ] GC(334) Archive regions: 2->2
[305.384s][info][gc,heap        ] GC(334) Humongous regions: 11->11
[305.384s][info][gc,metaspace   ] GC(334) Metaspace: 48542K(49872K)->48542K(49872K) NonClass: 42691K(43600K)->42691K(43600K) Class: 5851K(6272K)->5851K(6272K)
[305.384s][info][gc             ] GC(334) Pause Young (Normal) (G1 Evacuation Pause) 452M->429M(512M) 2.687ms
[305.384s][info][gc,cpu         ] GC(334) User=0.01s Sys=0.00s Real=0.00s
[305.566s][info][gc,start       ] GC(335) Pause Young (Normal) (G1 Evacuation Pause)
[305.566s][info][gc,task        ] GC(335) Using 8 workers of 8 for evacuation
[305.569s][info][gc,phases      ] GC(335)   Pre Evacuate Collection Set: 0.1ms
[305.569s][info][gc,phases      ] GC(335)   Merge Heap Roots: 0.0ms
[305.569s][info][gc,phases      ] GC(335)   Evacuate Collection Set: 2.3ms
[305.569s][info][gc,phases      ] GC(335)   Post Evacuate Collection Set: 0.2ms
[305.569s][info][gc,phases      ] GC(335)   Other: 0.2ms
[305.569s][info][gc,heap        ] GC(335) Eden regions: 23->0(22)
[305.569s][info][gc,heap        ] GC(335) Survivor regions: 3->3(4)
[305.569s][info][gc,heap        ] GC(335) Old regions: 418->419
[305.569s][info][gc,heap        ] GC(335) Archive regions: 2->2
[305.569s][info][gc,heap        ] GC(335) Humongous regions: 11->11
[305.569s][info][gc,metaspace   ] GC(335) Metaspace: 48542K(49872K)->48542K(49872K) NonClass: 42691K(43600K)->42691K(43600K) Class: 5851K(6272K)->5851K(6272K)
[305.569s][info][gc             ] GC(335) Pause Young (Normal) (G1 Evacuation Pause) 452M->430M(512M) 2.858ms
[305.569s][info][gc,cpu         ] GC(335) User=0.01s Sys=0.00s Real=0.00s
[305.741s][info][gc,start       ] GC(336) Pause Young (Normal) (G1 Evacuation Pause)
[305.741s][info][gc,task        ] GC(336) Using 8 workers of 8 for evacuation
[305.744s][info][gc,phases      ] GC(336)   Pre Evacuate Collection Set: 0.1ms
[305.744s][info][gc,phases      ] GC(336)   Merge Heap Roots: 0.0ms
[305.744s][info][gc,phases      ] GC(336)   Evacuate Collection Set: 2.6ms
[305.744s][info][gc,phases      ] GC(336)   Post Evacuate Collection Set: 0.4ms
[305.744s][info][gc,phases      ] GC(336)   Other: 0.2ms
[305.744s][info][gc,heap        ] GC(336) Eden regions: 22->0(22)
[305.744s][info][gc,heap        ] GC(336) Survivor regions: 3->3(4)
[305.744s][info][gc,heap        ] GC(336) Old regions: 419->419
[305.744s][info][gc,heap        ] GC(336) Archive regions: 2->2
[305.744s][info][gc,heap        ] GC(336) Humongous regions: 11->11
[305.744s][info][gc,metaspace   ] GC(336) Metaspace: 48543K(49872K)->48543K(49872K) NonClass: 42691K(43600K)->42691K(43600K) Class: 5851K(6272K)->5851K(6272K)
[305.744s][info][gc             ] GC(336) Pause Young (Normal) (G1 Evacuation Pause) 452M->430M(512M) 3.480ms
[305.744s][info][gc,cpu         ] GC(336) User=0.01s Sys=0.01s Real=0.00s
[305.892s][info][gc,marking     ] GC(332) Concurrent Mark From Roots 912.709ms
[305.892s][info][gc,marking     ] GC(332) Concurrent Preclean
[305.892s][info][gc,marking     ] GC(332) Concurrent Preclean 0.101ms
[305.892s][info][gc,marking     ] GC(332) Concurrent Mark (304.979s, 305.892s) 912.885ms
[305.892s][info][gc,start       ] GC(332) Pause Remark
[305.894s][info][gc             ] GC(332) Pause Remark 449M->449M(512M) 1.844ms
[305.894s][info][gc,cpu         ] GC(332) User=0.01s Sys=0.00s Real=0.00s
[305.895s][info][gc,marking     ] GC(332) Concurrent Rebuild Remembered Sets
[305.917s][info][gc,start       ] GC(337) Pause Young (Normal) (G1 Evacuation Pause)
[305.917s][info][gc,task        ] GC(337) Using 8 workers of 8 for evacuation
[305.920s][info][gc,phases      ] GC(337)   Pre Evacuate Collection Set: 0.1ms
[305.920s][info][gc,phases      ] GC(337)   Merge Heap Roots: 0.1ms
[305.920s][info][gc,phases      ] GC(337)   Evacuate Collection Set: 2.5ms
[305.920s][info][gc,phases      ] GC(337)   Post Evacuate Collection Set: 0.3ms
[305.920s][info][gc,phases      ] GC(337)   Other: 0.3ms
[305.920s][info][gc,heap        ] GC(337) Eden regions: 22->0(22)
[305.920s][info][gc,heap        ] GC(337) Survivor regions: 3->3(4)
[305.920s][info][gc,heap        ] GC(337) Old regions: 419->420
[305.920s][info][gc,heap        ] GC(337) Archive regions: 2->2
[305.920s][info][gc,heap        ] GC(337) Humongous regions: 11->11
[305.920s][info][gc,metaspace   ] GC(337) Metaspace: 48543K(49872K)->48543K(49872K) NonClass: 42691K(43600K)->42691K(43600K) Class: 5851K(6272K)->5851K(6272K)
[305.920s][info][gc             ] GC(337) Pause Young (Normal) (G1 Evacuation Pause) 452M->431M(512M) 3.416ms
[305.920s][info][gc,cpu         ] GC(337) User=0.02s Sys=0.01s Real=0.00s
[306.059s][info][gc,start       ] GC(338) Pause Young (Normal) (G1 Evacuation Pause)
[306.059s][info][gc,task        ] GC(338) Using 8 workers of 8 for evacuation
[306.062s][info][gc,phases      ] GC(338)   Pre Evacuate Collection Set: 0.1ms
[306.062s][info][gc,phases      ] GC(338)   Merge Heap Roots: 0.1ms
[306.062s][info][gc,phases      ] GC(338)   Evacuate Collection Set: 2.3ms
[306.062s][info][gc,phases      ] GC(338)   Post Evacuate Collection Set: 0.2ms
[306.062s][info][gc,phases      ] GC(338)   Other: 0.2ms
[306.062s][info][gc,heap        ] GC(338) Eden regions: 22->0(22)
[306.062s][info][gc,heap        ] GC(338) Survivor regions: 3->3(4)
[306.062s][info][gc,heap        ] GC(338) Old regions: 420->420
[306.062s][info][gc,heap        ] GC(338) Archive regions: 2->2
[306.062s][info][gc,heap        ] GC(338) Humongous regions: 11->11
[306.062s][info][gc,metaspace   ] GC(338) Metaspace: 48543K(49872K)->48543K(49872K) NonClass: 42691K(43600K)->42691K(43600K) Class: 5851K(6272K)->5851K(6272K)
[306.062s][info][gc             ] GC(338) Pause Young (Normal) (G1 Evacuation Pause) 453M->431M(512M) 2.951ms
[306.062s][info][gc,cpu         ] GC(338) User=0.02s Sys=0.00s Real=0.00s
[306.216s][info][gc,start       ] GC(339) Pause Young (Normal) (G1 Evacuation Pause)
[306.216s][info][gc,task        ] GC(339) Using 8 workers of 8 for evacuation
[306.218s][info][gc,phases      ] GC(339)   Pre Evacuate Collection Set: 0.1ms
[306.219s][info][gc,phases      ] GC(339)   Merge Heap Roots: 0.0ms
[306.219s][info][gc,phases      ] GC(339)   Evacuate Collection Set: 2.4ms
[306.219s][info][gc,phases      ] GC(339)   Post Evacuate Collection Set: 0.3ms
[306.219s][info][gc,phases      ] GC(339)   Other: 0.2ms
[306.219s][info][gc,heap        ] GC(339) Eden regions: 22->0(22)
[306.219s][info][gc,heap        ] GC(339) Survivor regions: 3->3(4)
[306.219s][info][gc,heap        ] GC(339) Old regions: 420->421
[306.219s][info][gc,heap        ] GC(339) Archive regions: 2->2
[306.219s][info][gc,heap        ] GC(339) Humongous regions: 11->11
[306.219s][info][gc,metaspace   ] GC(339) Metaspace: 48543K(49872K)->48543K(49872K) NonClass: 42692K(43600K)->42692K(43600K) Class: 5851K(6272K)->5851K(6272K)
[306.219s][info][gc             ] GC(339) Pause Young (Normal) (G1 Evacuation Pause) 453M->432M(512M) 3.095ms
[306.219s][info][gc,cpu         ] GC(339) User=0.02s Sys=0.00s Real=0.01s
[306.382s][info][gc,start       ] GC(340) Pause Young (Normal) (G1 Evacuation Pause)
[306.382s][info][gc,task        ] GC(340) Using 8 workers of 8 for evacuation
[306.385s][info][gc,phases      ] GC(340)   Pre Evacuate Collection Set: 0.1ms
[306.385s][info][gc,phases      ] GC(340)   Merge Heap Roots: 0.1ms
[306.385s][info][gc,phases      ] GC(340)   Evacuate Collection Set: 2.6ms
[306.385s][info][gc,phases      ] GC(340)   Post Evacuate Collection Set: 0.3ms
[306.385s][info][gc,phases      ] GC(340)   Other: 0.1ms
[306.385s][info][gc,heap        ] GC(340) Eden regions: 22->0(22)
[306.385s][info][gc,heap        ] GC(340) Survivor regions: 3->3(4)
[306.385s][info][gc,heap        ] GC(340) Old regions: 421->422
[306.385s][info][gc,heap        ] GC(340) Archive regions: 2->2
[306.385s][info][gc,heap        ] GC(340) Humongous regions: 11->11
[306.385s][info][gc,metaspace   ] GC(340) Metaspace: 48543K(49872K)->48543K(49872K) NonClass: 42692K(43600K)->42692K(43600K) Class: 5851K(6272K)->5851K(6272K)
[306.385s][info][gc             ] GC(340) Pause Young (Normal) (G1 Evacuation Pause) 454M->432M(512M) 3.320ms
[306.385s][info][gc,cpu         ] GC(340) User=0.02s Sys=0.00s Real=0.00s
[306.526s][info][gc,marking     ] GC(332) Concurrent Rebuild Remembered Sets 631.717ms
[306.527s][info][gc,start       ] GC(332) Pause Cleanup
[306.527s][info][gc             ] GC(332) Pause Cleanup 452M->452M(512M) 0.296ms
[306.527s][info][gc,cpu         ] GC(332) User=0.01s Sys=0.00s Real=0.00s
[306.527s][info][gc,marking     ] GC(332) Concurrent Cleanup for Next Mark
[306.528s][info][gc,marking     ] GC(332) Concurrent Cleanup for Next Mark 1.027ms
[306.528s][info][gc             ] GC(332) Concurrent Cycle 1551.163ms
[306.544s][info][gc,start       ] GC(341) Pause Young (Normal) (G1 Evacuation Pause)
[306.544s][info][gc,task        ] GC(341) Using 8 workers of 8 for evacuation
[306.549s][info][gc,phases      ] GC(341)   Pre Evacuate Collection Set: 0.5ms
[306.549s][info][gc,phases      ] GC(341)   Merge Heap Roots: 0.2ms
[306.549s][info][gc,phases      ] GC(341)   Evacuate Collection Set: 3.8ms
[306.549s][info][gc,phases      ] GC(341)   Post Evacuate Collection Set: 0.3ms
[306.549s][info][gc,phases      ] GC(341)   Other: 0.3ms
[306.549s][info][gc,heap        ] GC(341) Eden regions: 22->0(22)
[306.549s][info][gc,heap        ] GC(341) Survivor regions: 3->3(4)
[306.549s][info][gc,heap        ] GC(341) Old regions: 422->422
[306.549s][info][gc,heap        ] GC(341) Archive regions: 2->2
[306.549s][info][gc,heap        ] GC(341) Humongous regions: 11->11
[306.549s][info][gc,metaspace   ] GC(341) Metaspace: 48543K(49872K)->48543K(49872K) NonClass: 42692K(43600K)->42692K(43600K) Class: 5851K(6272K)->5851K(6272K)
[306.549s][info][gc             ] GC(341) Pause Young (Normal) (G1 Evacuation Pause) 454M->433M(512M) 5.318ms
[306.549s][info][gc,cpu         ] GC(341) User=0.02s Sys=0.00s Real=0.01s
[306.692s][info][gc,start       ] GC(342) Pause Young (Concurrent Start) (G1 Evacuation Pause)
[306.692s][info][gc,task        ] GC(342) Using 8 workers of 8 for evacuation
[306.695s][info][gc,phases      ] GC(342)   Pre Evacuate Collection Set: 0.1ms
[306.695s][info][gc,phases      ] GC(342)   Merge Heap Roots: 0.0ms
[306.695s][info][gc,phases      ] GC(342)   Evacuate Collection Set: 2.3ms
[306.695s][info][gc,phases      ] GC(342)   Post Evacuate Collection Set: 0.3ms
[306.695s][info][gc,phases      ] GC(342)   Other: 0.2ms
[306.695s][info][gc,heap        ] GC(342) Eden regions: 22->0(22)
[306.695s][info][gc,heap        ] GC(342) Survivor regions: 3->3(4)
[306.695s][info][gc,heap        ] GC(342) Old regions: 422->423
[306.695s][info][gc,heap        ] GC(342) Archive regions: 2->2
[306.695s][info][gc,heap        ] GC(342) Humongous regions: 11->11
[306.695s][info][gc,metaspace   ] GC(342) Metaspace: 48543K(49872K)->48543K(49872K) NonClass: 42692K(43600K)->42692K(43600K) Class: 5851K(6272K)->5851K(6272K)
[306.695s][info][gc             ] GC(342) Pause Young (Concurrent Start) (G1 Evacuation Pause) 455M->433M(512M) 3.088ms
[306.695s][info][gc,cpu         ] GC(342) User=0.02s Sys=0.00s Real=0.00s
[306.695s][info][gc             ] GC(343) Concurrent Cycle
[306.695s][info][gc,marking     ] GC(343) Concurrent Clear Claimed Marks
[306.695s][info][gc,marking     ] GC(343) Concurrent Clear Claimed Marks 0.054ms
[306.695s][info][gc,marking     ] GC(343) Concurrent Scan Root Regions
[306.698s][info][gc,marking     ] GC(343) Concurrent Scan Root Regions 3.112ms
[306.698s][info][gc,marking     ] GC(343) Concurrent Mark (306.698s)
[306.698s][info][gc,marking     ] GC(343) Concurrent Mark From Roots
[306.698s][info][gc,task        ] GC(343) Using 2 workers of 2 for marking
[306.893s][info][gc,start       ] GC(344) Pause Young (Normal) (G1 Evacuation Pause)
[306.893s][info][gc,task        ] GC(344) Using 8 workers of 8 for evacuation
[306.896s][info][gc,phases      ] GC(344)   Pre Evacuate Collection Set: 0.1ms
[306.896s][info][gc,phases      ] GC(344)   Merge Heap Roots: 0.0ms
[306.896s][info][gc,phases      ] GC(344)   Evacuate Collection Set: 2.1ms
[306.896s][info][gc,phases      ] GC(344)   Post Evacuate Collection Set: 0.3ms
[306.896s][info][gc,phases      ] GC(344)   Other: 0.3ms
[306.896s][info][gc,heap        ] GC(344) Eden regions: 22->0(22)
[306.896s][info][gc,heap        ] GC(344) Survivor regions: 3->3(4)
[306.896s][info][gc,heap        ] GC(344) Old regions: 423->423
[306.896s][info][gc,heap        ] GC(344) Archive regions: 2->2
[306.896s][info][gc,heap        ] GC(344) Humongous regions: 11->11
[306.896s][info][gc,metaspace   ] GC(344) Metaspace: 48543K(49872K)->48543K(49872K) NonClass: 42692K(43600K)->42692K(43600K) Class: 5851K(6272K)->5851K(6272K)
[306.896s][info][gc             ] GC(344) Pause Young (Normal) (G1 Evacuation Pause) 455M->434M(512M) 3.006ms
[306.896s][info][gc,cpu         ] GC(344) User=0.02s Sys=0.00s Real=0.01s
[307.059s][info][gc,start       ] GC(345) Pause Young (Normal) (G1 Evacuation Pause)
[307.059s][info][gc,task        ] GC(345) Using 8 workers of 8 for evacuation
[307.062s][info][gc,phases      ] GC(345)   Pre Evacuate Collection Set: 0.1ms
[307.062s][info][gc,phases      ] GC(345)   Merge Heap Roots: 0.0ms
[307.062s][info][gc,phases      ] GC(345)   Evacuate Collection Set: 2.3ms
[307.062s][info][gc,phases      ] GC(345)   Post Evacuate Collection Set: 0.3ms
[307.062s][info][gc,phases      ] GC(345)   Other: 0.3ms
[307.062s][info][gc,heap        ] GC(345) Eden regions: 22->0(22)
[307.062s][info][gc,heap        ] GC(345) Survivor regions: 3->3(4)
[307.062s][info][gc,heap        ] GC(345) Old regions: 423->424
[307.062s][info][gc,heap        ] GC(345) Archive regions: 2->2
[307.062s][info][gc,heap        ] GC(345) Humongous regions: 11->11
[307.062s][info][gc,metaspace   ] GC(345) Metaspace: 48544K(49872K)->48544K(49872K) NonClass: 42693K(43600K)->42693K(43600K) Class: 5851K(6272K)->5851K(6272K)
[307.062s][info][gc             ] GC(345) Pause Young (Normal) (G1 Evacuation Pause) 456M->434M(512M) 3.416ms
[307.062s][info][gc,cpu         ] GC(345) User=0.02s Sys=0.00s Real=0.00s
[307.223s][info][gc,start       ] GC(346) Pause Young (Normal) (G1 Evacuation Pause)
[307.223s][info][gc,task        ] GC(346) Using 8 workers of 8 for evacuation
[307.226s][info][gc,phases      ] GC(346)   Pre Evacuate Collection Set: 0.1ms
[307.226s][info][gc,phases      ] GC(346)   Merge Heap Roots: 0.0ms
[307.226s][info][gc,phases      ] GC(346)   Evacuate Collection Set: 1.8ms
[307.226s][info][gc,phases      ] GC(346)   Post Evacuate Collection Set: 0.3ms
[307.226s][info][gc,phases      ] GC(346)   Other: 0.2ms
[307.226s][info][gc,heap        ] GC(346) Eden regions: 22->0(22)
[307.226s][info][gc,heap        ] GC(346) Survivor regions: 3->3(4)
[307.226s][info][gc,heap        ] GC(346) Old regions: 424->424
[307.226s][info][gc,heap        ] GC(346) Archive regions: 2->2
[307.226s][info][gc,heap        ] GC(346) Humongous regions: 11->11
[307.226s][info][gc,metaspace   ] GC(346) Metaspace: 48544K(49872K)->48544K(49872K) NonClass: 42693K(43600K)->42693K(43600K) Class: 5851K(6272K)->5851K(6272K)
[307.226s][info][gc             ] GC(346) Pause Young (Normal) (G1 Evacuation Pause) 456M->435M(512M) 2.534ms
[307.226s][info][gc,cpu         ] GC(346) User=0.02s Sys=0.00s Real=0.01s
[307.404s][info][gc,start       ] GC(347) Pause Young (Normal) (G1 Evacuation Pause)
[307.404s][info][gc,task        ] GC(347) Using 8 workers of 8 for evacuation
[307.407s][info][gc,phases      ] GC(347)   Pre Evacuate Collection Set: 0.1ms
[307.407s][info][gc,phases      ] GC(347)   Merge Heap Roots: 0.0ms
[307.407s][info][gc,phases      ] GC(347)   Evacuate Collection Set: 2.2ms
[307.407s][info][gc,phases      ] GC(347)   Post Evacuate Collection Set: 0.2ms
[307.407s][info][gc,phases      ] GC(347)   Other: 0.2ms
[307.407s][info][gc,heap        ] GC(347) Eden regions: 22->0(22)
[307.407s][info][gc,heap        ] GC(347) Survivor regions: 3->3(4)
[307.407s][info][gc,heap        ] GC(347) Old regions: 424->425
[307.407s][info][gc,heap        ] GC(347) Archive regions: 2->2
[307.407s][info][gc,heap        ] GC(347) Humongous regions: 11->11
[307.407s][info][gc,metaspace   ] GC(347) Metaspace: 48544K(49872K)->48544K(49872K) NonClass: 42693K(43600K)->42693K(43600K) Class: 5851K(6272K)->5851K(6272K)
[307.407s][info][gc             ] GC(347) Pause Young (Normal) (G1 Evacuation Pause) 457M->435M(512M) 2.872ms
[307.407s][info][gc,cpu         ] GC(347) User=0.02s Sys=0.00s Real=0.01s
[307.560s][info][gc,start       ] GC(348) Pause Young (Normal) (G1 Evacuation Pause)
[307.560s][info][gc,task        ] GC(348) Using 8 workers of 8 for evacuation
[307.563s][info][gc,phases      ] GC(348)   Pre Evacuate Collection Set: 0.1ms
[307.563s][info][gc,phases      ] GC(348)   Merge Heap Roots: 0.0ms
[307.563s][info][gc,phases      ] GC(348)   Evacuate Collection Set: 2.2ms
[307.563s][info][gc,phases      ] GC(348)   Post Evacuate Collection Set: 0.4ms
[307.563s][info][gc,phases      ] GC(348)   Other: 0.2ms
[307.563s][info][gc,heap        ] GC(348) Eden regions: 22->0(22)
[307.563s][info][gc,heap        ] GC(348) Survivor regions: 3->3(4)
[307.563s][info][gc,heap        ] GC(348) Old regions: 425->425
[307.563s][info][gc,heap        ] GC(348) Archive regions: 2->2
[307.563s][info][gc,heap        ] GC(348) Humongous regions: 11->11
[307.563s][info][gc,metaspace   ] GC(348) Metaspace: 48544K(49872K)->48544K(49872K) NonClass: 42693K(43600K)->42693K(43600K) Class: 5851K(6272K)->5851K(6272K)
[307.563s][info][gc             ] GC(348) Pause Young (Normal) (G1 Evacuation Pause) 457M->436M(512M) 3.104ms
[307.563s][info][gc,cpu         ] GC(348) User=0.01s Sys=0.00s Real=0.00s
[307.694s][info][gc,marking     ] GC(343) Concurrent Mark From Roots 996.113ms
[307.694s][info][gc,marking     ] GC(343) Concurrent Preclean
[307.694s][info][gc,marking     ] GC(343) Concurrent Preclean 0.079ms
[307.694s][info][gc,marking     ] GC(343) Concurrent Mark (306.698s, 307.694s) 996.263ms
[307.694s][info][gc,start       ] GC(343) Pause Remark
[307.696s][info][gc             ] GC(343) Pause Remark 453M->453M(512M) 1.597ms
[307.696s][info][gc,cpu         ] GC(343) User=0.01s Sys=0.01s Real=0.01s
[307.696s][info][gc,marking     ] GC(343) Concurrent Rebuild Remembered Sets
[307.727s][info][gc,start       ] GC(349) Pause Young (Normal) (G1 Evacuation Pause)
[307.727s][info][gc,task        ] GC(349) Using 8 workers of 8 for evacuation
[307.730s][info][gc,phases      ] GC(349)   Pre Evacuate Collection Set: 0.1ms
[307.730s][info][gc,phases      ] GC(349)   Merge Heap Roots: 0.0ms
[307.730s][info][gc,phases      ] GC(349)   Evacuate Collection Set: 2.3ms
[307.730s][info][gc,phases      ] GC(349)   Post Evacuate Collection Set: 0.4ms
[307.730s][info][gc,phases      ] GC(349)   Other: 0.2ms
[307.730s][info][gc,heap        ] GC(349) Eden regions: 22->0(22)
[307.730s][info][gc,heap        ] GC(349) Survivor regions: 3->3(4)
[307.730s][info][gc,heap        ] GC(349) Old regions: 425->426
[307.730s][info][gc,heap        ] GC(349) Archive regions: 2->2
[307.730s][info][gc,heap        ] GC(349) Humongous regions: 11->11
[307.730s][info][gc,metaspace   ] GC(349) Metaspace: 48545K(49872K)->48545K(49872K) NonClass: 42694K(43600K)->42694K(43600K) Class: 5851K(6272K)->5851K(6272K)
[307.730s][info][gc             ] GC(349) Pause Young (Normal) (G1 Evacuation Pause) 458M->436M(512M) 3.087ms
[307.730s][info][gc,cpu         ] GC(349) User=0.01s Sys=0.00s Real=0.00s
[307.890s][info][gc,start       ] GC(350) Pause Young (Normal) (G1 Evacuation Pause)
[307.890s][info][gc,task        ] GC(350) Using 8 workers of 8 for evacuation
[307.893s][info][gc,phases      ] GC(350)   Pre Evacuate Collection Set: 0.1ms
[307.893s][info][gc,phases      ] GC(350)   Merge Heap Roots: 0.0ms
[307.893s][info][gc,phases      ] GC(350)   Evacuate Collection Set: 2.6ms
[307.893s][info][gc,phases      ] GC(350)   Post Evacuate Collection Set: 0.3ms
[307.893s][info][gc,phases      ] GC(350)   Other: 0.2ms
[307.893s][info][gc,heap        ] GC(350) Eden regions: 22->0(22)
[307.893s][info][gc,heap        ] GC(350) Survivor regions: 3->3(4)
[307.893s][info][gc,heap        ] GC(350) Old regions: 426->426
[307.893s][info][gc,heap        ] GC(350) Archive regions: 2->2
[307.893s][info][gc,heap        ] GC(350) Humongous regions: 11->11
[307.893s][info][gc,metaspace   ] GC(350) Metaspace: 48549K(49872K)->48549K(49872K) NonClass: 42698K(43600K)->42698K(43600K) Class: 5851K(6272K)->5851K(6272K)
[307.893s][info][gc             ] GC(350) Pause Young (Normal) (G1 Evacuation Pause) 458M->437M(512M) 3.343ms
[307.893s][info][gc,cpu         ] GC(350) User=0.02s Sys=0.00s Real=0.00s
[308.035s][info][gc,start       ] GC(351) Pause Young (Normal) (G1 Evacuation Pause)
[308.035s][info][gc,task        ] GC(351) Using 8 workers of 8 for evacuation
[308.038s][info][gc,phases      ] GC(351)   Pre Evacuate Collection Set: 0.1ms
[308.038s][info][gc,phases      ] GC(351)   Merge Heap Roots: 0.0ms
[308.038s][info][gc,phases      ] GC(351)   Evacuate Collection Set: 2.3ms
[308.038s][info][gc,phases      ] GC(351)   Post Evacuate Collection Set: 0.2ms
[308.038s][info][gc,phases      ] GC(351)   Other: 0.2ms
[308.038s][info][gc,heap        ] GC(351) Eden regions: 22->0(22)
[308.038s][info][gc,heap        ] GC(351) Survivor regions: 3->3(4)
[308.038s][info][gc,heap        ] GC(351) Old regions: 426->427
[308.038s][info][gc,heap        ] GC(351) Archive regions: 2->2
[308.038s][info][gc,heap        ] GC(351) Humongous regions: 11->11
[308.038s][info][gc,metaspace   ] GC(351) Metaspace: 48549K(49872K)->48549K(49872K) NonClass: 42698K(43600K)->42698K(43600K) Class: 5851K(6272K)->5851K(6272K)
[308.038s][info][gc             ] GC(351) Pause Young (Normal) (G1 Evacuation Pause) 459M->438M(512M) 2.949ms
[308.038s][info][gc,cpu         ] GC(351) User=0.02s Sys=0.00s Real=0.01s
[308.186s][info][gc,start       ] GC(352) Pause Young (Normal) (G1 Evacuation Pause)
[308.186s][info][gc,task        ] GC(352) Using 8 workers of 8 for evacuation
[308.189s][info][gc,phases      ] GC(352)   Pre Evacuate Collection Set: 0.1ms
[308.189s][info][gc,phases      ] GC(352)   Merge Heap Roots: 0.1ms
[308.189s][info][gc,phases      ] GC(352)   Evacuate Collection Set: 2.6ms
[308.189s][info][gc,phases      ] GC(352)   Post Evacuate Collection Set: 0.3ms
[308.189s][info][gc,phases      ] GC(352)   Other: 0.2ms
[308.189s][info][gc,heap        ] GC(352) Eden regions: 22->0(22)
[308.189s][info][gc,heap        ] GC(352) Survivor regions: 3->3(4)
[308.189s][info][gc,heap        ] GC(352) Old regions: 427->427
[308.189s][info][gc,heap        ] GC(352) Archive regions: 2->2
[308.189s][info][gc,heap        ] GC(352) Humongous regions: 11->11
[308.189s][info][gc,metaspace   ] GC(352) Metaspace: 48549K(49872K)->48549K(49872K) NonClass: 42698K(43600K)->42698K(43600K) Class: 5851K(6272K)->5851K(6272K)
[308.189s][info][gc             ] GC(352) Pause Young (Normal) (G1 Evacuation Pause) 460M->438M(512M) 3.361ms
[308.189s][info][gc,cpu         ] GC(352) User=0.01s Sys=0.00s Real=0.00s
[308.278s][info][gc,marking     ] GC(343) Concurrent Rebuild Remembered Sets 581.733ms
[308.278s][info][gc,start       ] GC(343) Pause Cleanup
[308.278s][info][gc             ] GC(343) Pause Cleanup 453M->453M(512M) 0.271ms
[308.278s][info][gc,cpu         ] GC(343) User=0.00s Sys=0.00s Real=0.00s
[308.278s][info][gc,marking     ] GC(343) Concurrent Cleanup for Next Mark
[308.280s][info][gc,marking     ] GC(343) Concurrent Cleanup for Next Mark 1.088ms
[308.280s][info][gc             ] GC(343) Concurrent Cycle 1584.868ms
[308.334s][info][gc,start       ] GC(353) Pause Young (Normal) (G1 Evacuation Pause)
[308.334s][info][gc,task        ] GC(353) Using 8 workers of 8 for evacuation
[308.337s][info][gc,phases      ] GC(353)   Pre Evacuate Collection Set: 0.1ms
[308.337s][info][gc,phases      ] GC(353)   Merge Heap Roots: 0.1ms
[308.337s][info][gc,phases      ] GC(353)   Evacuate Collection Set: 2.6ms
[308.337s][info][gc,phases      ] GC(353)   Post Evacuate Collection Set: 0.4ms
[308.337s][info][gc,phases      ] GC(353)   Other: 0.4ms
[308.337s][info][gc,heap        ] GC(353) Eden regions: 22->0(22)
[308.337s][info][gc,heap        ] GC(353) Survivor regions: 3->3(4)
[308.337s][info][gc,heap        ] GC(353) Old regions: 427->428
[308.337s][info][gc,heap        ] GC(353) Archive regions: 2->2
[308.337s][info][gc,heap        ] GC(353) Humongous regions: 11->11
[308.337s][info][gc,metaspace   ] GC(353) Metaspace: 48552K(49872K)->48552K(49872K) NonClass: 42701K(43600K)->42701K(43600K) Class: 5851K(6272K)->5851K(6272K)
[308.337s][info][gc             ] GC(353) Pause Young (Normal) (G1 Evacuation Pause) 460M->439M(512M) 3.636ms
[308.337s][info][gc,cpu         ] GC(353) User=0.02s Sys=0.00s Real=0.01s
[308.489s][info][gc,start       ] GC(354) Pause Young (Concurrent Start) (G1 Evacuation Pause)
[308.489s][info][gc,task        ] GC(354) Using 8 workers of 8 for evacuation
[308.493s][info][gc,phases      ] GC(354)   Pre Evacuate Collection Set: 0.1ms
[308.493s][info][gc,phases      ] GC(354)   Merge Heap Roots: 0.0ms
[308.493s][info][gc,phases      ] GC(354)   Evacuate Collection Set: 2.5ms
[308.493s][info][gc,phases      ] GC(354)   Post Evacuate Collection Set: 0.3ms
[308.493s][info][gc,phases      ] GC(354)   Other: 0.3ms
[308.493s][info][gc,heap        ] GC(354) Eden regions: 22->0(22)
[308.493s][info][gc,heap        ] GC(354) Survivor regions: 3->3(4)
[308.493s][info][gc,heap        ] GC(354) Old regions: 428->428
[308.493s][info][gc,heap        ] GC(354) Archive regions: 2->2
[308.493s][info][gc,heap        ] GC(354) Humongous regions: 11->11
[308.493s][info][gc,metaspace   ] GC(354) Metaspace: 48553K(49872K)->48553K(49872K) NonClass: 42701K(43600K)->42701K(43600K) Class: 5851K(6272K)->5851K(6272K)
[308.493s][info][gc             ] GC(354) Pause Young (Concurrent Start) (G1 Evacuation Pause) 461M->439M(512M) 3.404ms
[308.493s][info][gc,cpu         ] GC(354) User=0.01s Sys=0.00s Real=0.00s
[308.493s][info][gc             ] GC(355) Concurrent Cycle
[308.493s][info][gc,marking     ] GC(355) Concurrent Clear Claimed Marks
[308.493s][info][gc,marking     ] GC(355) Concurrent Clear Claimed Marks 0.048ms
[308.493s][info][gc,marking     ] GC(355) Concurrent Scan Root Regions
[308.495s][info][gc,marking     ] GC(355) Concurrent Scan Root Regions 2.394ms
[308.495s][info][gc,marking     ] GC(355) Concurrent Mark (308.495s)
[308.495s][info][gc,marking     ] GC(355) Concurrent Mark From Roots
[308.495s][info][gc,task        ] GC(355) Using 2 workers of 2 for marking
[308.676s][info][gc,start       ] GC(356) Pause Young (Normal) (G1 Evacuation Pause)
[308.676s][info][gc,task        ] GC(356) Using 8 workers of 8 for evacuation
[308.679s][info][gc,phases      ] GC(356)   Pre Evacuate Collection Set: 0.1ms
[308.679s][info][gc,phases      ] GC(356)   Merge Heap Roots: 0.0ms
[308.679s][info][gc,phases      ] GC(356)   Evacuate Collection Set: 2.4ms
[308.679s][info][gc,phases      ] GC(356)   Post Evacuate Collection Set: 0.4ms
[308.679s][info][gc,phases      ] GC(356)   Other: 0.2ms
[308.679s][info][gc,heap        ] GC(356) Eden regions: 22->0(22)
[308.679s][info][gc,heap        ] GC(356) Survivor regions: 3->3(4)
[308.679s][info][gc,heap        ] GC(356) Old regions: 428->429
[308.679s][info][gc,heap        ] GC(356) Archive regions: 2->2
[308.679s][info][gc,heap        ] GC(356) Humongous regions: 11->11
[308.679s][info][gc,metaspace   ] GC(356) Metaspace: 48557K(49872K)->48557K(49872K) NonClass: 42706K(43600K)->42706K(43600K) Class: 5851K(6272K)->5851K(6272K)
[308.679s][info][gc             ] GC(356) Pause Young (Normal) (G1 Evacuation Pause) 461M->440M(512M) 3.173ms
[308.679s][info][gc,cpu         ] GC(356) User=0.02s Sys=0.00s Real=0.00s
[308.850s][info][gc,start       ] GC(357) Pause Young (Normal) (G1 Evacuation Pause)
[308.850s][info][gc,task        ] GC(357) Using 8 workers of 8 for evacuation
[308.852s][info][gc,phases      ] GC(357)   Pre Evacuate Collection Set: 0.1ms
[308.852s][info][gc,phases      ] GC(357)   Merge Heap Roots: 0.0ms
[308.852s][info][gc,phases      ] GC(357)   Evacuate Collection Set: 2.0ms
[308.852s][info][gc,phases      ] GC(357)   Post Evacuate Collection Set: 0.3ms
[308.852s][info][gc,phases      ] GC(357)   Other: 0.2ms
[308.852s][info][gc,heap        ] GC(357) Eden regions: 22->0(22)
[308.852s][info][gc,heap        ] GC(357) Survivor regions: 3->3(4)
[308.852s][info][gc,heap        ] GC(357) Old regions: 429->430
[308.852s][info][gc,heap        ] GC(357) Archive regions: 2->2
[308.852s][info][gc,heap        ] GC(357) Humongous regions: 11->11
[308.852s][info][gc,metaspace   ] GC(357) Metaspace: 48558K(49872K)->48558K(49872K) NonClass: 42707K(43600K)->42707K(43600K) Class: 5851K(6272K)->5851K(6272K)
[308.852s][info][gc             ] GC(357) Pause Young (Normal) (G1 Evacuation Pause) 462M->440M(512M) 2.729ms
[308.852s][info][gc,cpu         ] GC(357) User=0.02s Sys=0.00s Real=0.00s
[309.000s][info][gc,start       ] GC(358) Pause Young (Normal) (G1 Evacuation Pause)
[309.000s][info][gc,task        ] GC(358) Using 8 workers of 8 for evacuation
[309.002s][info][gc,phases      ] GC(358)   Pre Evacuate Collection Set: 0.1ms
[309.002s][info][gc,phases      ] GC(358)   Merge Heap Roots: 0.0ms
[309.002s][info][gc,phases      ] GC(358)   Evacuate Collection Set: 1.8ms
[309.002s][info][gc,phases      ] GC(358)   Post Evacuate Collection Set: 0.2ms
[309.002s][info][gc,phases      ] GC(358)   Other: 0.1ms
[309.002s][info][gc,heap        ] GC(358) Eden regions: 22->0(22)
[309.002s][info][gc,heap        ] GC(358) Survivor regions: 3->3(4)
[309.002s][info][gc,heap        ] GC(358) Old regions: 430->430
[309.002s][info][gc,heap        ] GC(358) Archive regions: 2->2
[309.002s][info][gc,heap        ] GC(358) Humongous regions: 11->11
[309.002s][info][gc,metaspace   ] GC(358) Metaspace: 48559K(49872K)->48559K(49872K) NonClass: 42708K(43600K)->42708K(43600K) Class: 5851K(6272K)->5851K(6272K)
[309.002s][info][gc             ] GC(358) Pause Young (Normal) (G1 Evacuation Pause) 462M->441M(512M) 2.324ms
[309.002s][info][gc,cpu         ] GC(358) User=0.01s Sys=0.00s Real=0.00s
[309.153s][info][gc,start       ] GC(359) Pause Young (Normal) (G1 Evacuation Pause)
[309.153s][info][gc,task        ] GC(359) Using 8 workers of 8 for evacuation
[309.155s][info][gc,phases      ] GC(359)   Pre Evacuate Collection Set: 0.1ms
[309.155s][info][gc,phases      ] GC(359)   Merge Heap Roots: 0.1ms
[309.155s][info][gc,phases      ] GC(359)   Evacuate Collection Set: 2.0ms
[309.155s][info][gc,phases      ] GC(359)   Post Evacuate Collection Set: 0.3ms
[309.155s][info][gc,phases      ] GC(359)   Other: 0.2ms
[309.155s][info][gc,heap        ] GC(359) Eden regions: 22->0(22)
[309.155s][info][gc,heap        ] GC(359) Survivor regions: 3->3(4)
[309.155s][info][gc,heap        ] GC(359) Old regions: 430->431
[309.155s][info][gc,heap        ] GC(359) Archive regions: 2->2
[309.155s][info][gc,heap        ] GC(359) Humongous regions: 11->11
[309.155s][info][gc,metaspace   ] GC(359) Metaspace: 48559K(49872K)->48559K(49872K) NonClass: 42708K(43600K)->42708K(43600K) Class: 5851K(6272K)->5851K(6272K)
[309.155s][info][gc             ] GC(359) Pause Young (Normal) (G1 Evacuation Pause) 463M->441M(512M) 2.653ms
[309.155s][info][gc,cpu         ] GC(359) User=0.02s Sys=0.00s Real=0.00s
[309.315s][info][gc,start       ] GC(360) Pause Young (Normal) (G1 Evacuation Pause)
[309.315s][info][gc,task        ] GC(360) Using 8 workers of 8 for evacuation
[309.318s][info][gc,phases      ] GC(360)   Pre Evacuate Collection Set: 0.1ms
[309.318s][info][gc,phases      ] GC(360)   Merge Heap Roots: 0.0ms
[309.318s][info][gc,phases      ] GC(360)   Evacuate Collection Set: 2.2ms
[309.318s][info][gc,phases      ] GC(360)   Post Evacuate Collection Set: 0.4ms
[309.318s][info][gc,phases      ] GC(360)   Other: 0.3ms
[309.318s][info][gc,heap        ] GC(360) Eden regions: 22->0(22)
[309.318s][info][gc,heap        ] GC(360) Survivor regions: 3->3(4)
[309.318s][info][gc,heap        ] GC(360) Old regions: 431->431
[309.318s][info][gc,heap        ] GC(360) Archive regions: 2->2
[309.318s][info][gc,heap        ] GC(360) Humongous regions: 11->11
[309.318s][info][gc,metaspace   ] GC(360) Metaspace: 48559K(49872K)->48559K(49872K) NonClass: 42708K(43600K)->42708K(43600K) Class: 5851K(6272K)->5851K(6272K)
[309.318s][info][gc             ] GC(360) Pause Young (Normal) (G1 Evacuation Pause) 463M->442M(512M) 3.244ms
[309.318s][info][gc,cpu         ] GC(360) User=0.02s Sys=0.00s Real=0.01s
[309.487s][info][gc,start       ] GC(361) Pause Young (Normal) (G1 Evacuation Pause)
[309.487s][info][gc,task        ] GC(361) Using 8 workers of 8 for evacuation
[309.490s][info][gc,phases      ] GC(361)   Pre Evacuate Collection Set: 0.1ms
[309.490s][info][gc,phases      ] GC(361)   Merge Heap Roots: 0.0ms
[309.490s][info][gc,phases      ] GC(361)   Evacuate Collection Set: 2.7ms
[309.490s][info][gc,phases      ] GC(361)   Post Evacuate Collection Set: 0.3ms
[309.490s][info][gc,phases      ] GC(361)   Other: 0.2ms
[309.490s][info][gc,heap        ] GC(361) Eden regions: 22->0(22)
[309.490s][info][gc,heap        ] GC(361) Survivor regions: 3->3(4)
[309.490s][info][gc,heap        ] GC(361) Old regions: 431->432
[309.490s][info][gc,heap        ] GC(361) Archive regions: 2->2
[309.490s][info][gc,heap        ] GC(361) Humongous regions: 11->11
[309.490s][info][gc,metaspace   ] GC(361) Metaspace: 48559K(49872K)->48559K(49872K) NonClass: 42708K(43600K)->42708K(43600K) Class: 5851K(6272K)->5851K(6272K)
[309.490s][info][gc             ] GC(361) Pause Young (Normal) (G1 Evacuation Pause) 464M->442M(512M) 3.529ms
[309.491s][info][gc,cpu         ] GC(361) User=0.01s Sys=0.00s Real=0.00s
[309.522s][info][gc,marking     ] GC(355) Concurrent Mark From Roots 1026.706ms
[309.522s][info][gc,marking     ] GC(355) Concurrent Preclean
[309.522s][info][gc,marking     ] GC(355) Concurrent Preclean 0.079ms
[309.522s][info][gc,marking     ] GC(355) Concurrent Mark (308.495s, 309.522s) 1026.847ms
[309.522s][info][gc,start       ] GC(355) Pause Remark
[309.524s][info][gc             ] GC(355) Pause Remark 447M->447M(512M) 1.356ms
[309.524s][info][gc,cpu         ] GC(355) User=0.01s Sys=0.00s Real=0.00s
[309.524s][info][gc,marking     ] GC(355) Concurrent Rebuild Remembered Sets
[309.714s][info][gc,start       ] GC(362) Pause Young (Normal) (G1 Evacuation Pause)
[309.714s][info][gc,task        ] GC(362) Using 8 workers of 8 for evacuation
[309.717s][info][gc,phases      ] GC(362)   Pre Evacuate Collection Set: 0.1ms
[309.717s][info][gc,phases      ] GC(362)   Merge Heap Roots: 0.0ms
[309.717s][info][gc,phases      ] GC(362)   Evacuate Collection Set: 2.3ms
[309.717s][info][gc,phases      ] GC(362)   Post Evacuate Collection Set: 0.3ms
[309.717s][info][gc,phases      ] GC(362)   Other: 0.2ms
[309.717s][info][gc,heap        ] GC(362) Eden regions: 22->0(22)
[309.717s][info][gc,heap        ] GC(362) Survivor regions: 3->3(4)
[309.717s][info][gc,heap        ] GC(362) Old regions: 432->432
[309.717s][info][gc,heap        ] GC(362) Archive regions: 2->2
[309.717s][info][gc,heap        ] GC(362) Humongous regions: 11->11
[309.717s][info][gc,metaspace   ] GC(362) Metaspace: 48559K(49872K)->48559K(49872K) NonClass: 42708K(43600K)->42708K(43600K) Class: 5851K(6272K)->5851K(6272K)
[309.717s][info][gc             ] GC(362) Pause Young (Normal) (G1 Evacuation Pause) 464M->443M(512M) 2.979ms
[309.717s][info][gc,cpu         ] GC(362) User=0.01s Sys=0.00s Real=0.01s
[309.891s][info][gc,start       ] GC(363) Pause Young (Normal) (G1 Evacuation Pause)
[309.891s][info][gc,task        ] GC(363) Using 8 workers of 8 for evacuation
[309.894s][info][gc,phases      ] GC(363)   Pre Evacuate Collection Set: 0.1ms
[309.894s][info][gc,phases      ] GC(363)   Merge Heap Roots: 0.1ms
[309.894s][info][gc,phases      ] GC(363)   Evacuate Collection Set: 2.5ms
[309.894s][info][gc,phases      ] GC(363)   Post Evacuate Collection Set: 0.4ms
[309.894s][info][gc,phases      ] GC(363)   Other: 0.2ms
[309.894s][info][gc,heap        ] GC(363) Eden regions: 22->0(22)
[309.894s][info][gc,heap        ] GC(363) Survivor regions: 3->3(4)
[309.894s][info][gc,heap        ] GC(363) Old regions: 432->433
[309.894s][info][gc,heap        ] GC(363) Archive regions: 2->2
[309.894s][info][gc,heap        ] GC(363) Humongous regions: 11->11
[309.894s][info][gc,metaspace   ] GC(363) Metaspace: 48561K(49872K)->48561K(49872K) NonClass: 42710K(43600K)->42710K(43600K) Class: 5851K(6272K)->5851K(6272K)
[309.894s][info][gc             ] GC(363) Pause Young (Normal) (G1 Evacuation Pause) 465M->444M(512M) 3.529ms
[309.894s][info][gc,cpu         ] GC(363) User=0.02s Sys=0.00s Real=0.00s
[310.043s][info][gc,start       ] GC(364) Pause Young (Normal) (G1 Evacuation Pause)
[310.043s][info][gc,task        ] GC(364) Using 8 workers of 8 for evacuation
[310.047s][info][gc,phases      ] GC(364)   Pre Evacuate Collection Set: 0.1ms
[310.047s][info][gc,phases      ] GC(364)   Merge Heap Roots: 0.1ms
[310.047s][info][gc,phases      ] GC(364)   Evacuate Collection Set: 2.7ms
[310.047s][info][gc,phases      ] GC(364)   Post Evacuate Collection Set: 0.4ms
[310.047s][info][gc,phases      ] GC(364)   Other: 0.2ms
[310.047s][info][gc,heap        ] GC(364) Eden regions: 22->0(22)
[310.047s][info][gc,heap        ] GC(364) Survivor regions: 3->3(4)
[310.047s][info][gc,heap        ] GC(364) Old regions: 433->433
[310.047s][info][gc,heap        ] GC(364) Archive regions: 2->2
[310.047s][info][gc,heap        ] GC(364) Humongous regions: 11->11
[310.047s][info][gc,metaspace   ] GC(364) Metaspace: 48561K(49872K)->48561K(49872K) NonClass: 42710K(43600K)->42710K(43600K) Class: 5851K(6272K)->5851K(6272K)
[310.047s][info][gc             ] GC(364) Pause Young (Normal) (G1 Evacuation Pause) 466M->444M(512M) 3.569ms
[310.047s][info][gc,cpu         ] GC(364) User=0.02s Sys=0.01s Real=0.01s
[310.192s][info][gc,start       ] GC(365) Pause Young (Normal) (G1 Evacuation Pause)
[310.192s][info][gc,task        ] GC(365) Using 8 workers of 8 for evacuation
[310.195s][info][gc,phases      ] GC(365)   Pre Evacuate Collection Set: 0.1ms
[310.195s][info][gc,phases      ] GC(365)   Merge Heap Roots: 0.1ms
[310.195s][info][gc,phases      ] GC(365)   Evacuate Collection Set: 2.9ms
[310.195s][info][gc,phases      ] GC(365)   Post Evacuate Collection Set: 0.5ms
[310.195s][info][gc,phases      ] GC(365)   Other: 0.2ms
[310.195s][info][gc,heap        ] GC(365) Eden regions: 22->0(22)
[310.195s][info][gc,heap        ] GC(365) Survivor regions: 3->3(4)
[310.195s][info][gc,heap        ] GC(365) Old regions: 433->434
[310.195s][info][gc,heap        ] GC(365) Archive regions: 2->2
[310.196s][info][gc,heap        ] GC(365) Humongous regions: 11->11
[310.196s][info][gc,metaspace   ] GC(365) Metaspace: 48561K(49872K)->48561K(49872K) NonClass: 42710K(43600K)->42710K(43600K) Class: 5851K(6272K)->5851K(6272K)
[310.196s][info][gc             ] GC(365) Pause Young (Normal) (G1 Evacuation Pause) 466M->445M(512M) 3.939ms
[310.196s][info][gc,cpu         ] GC(365) User=0.02s Sys=0.00s Real=0.00s
[310.218s][info][gc,marking     ] GC(355) Concurrent Rebuild Remembered Sets 694.463ms
[310.218s][info][gc,start       ] GC(355) Pause Cleanup
[310.219s][info][gc             ] GC(355) Pause Cleanup 448M->448M(512M) 0.302ms
[310.219s][info][gc,cpu         ] GC(355) User=0.00s Sys=0.00s Real=0.00s
[310.219s][info][gc,marking     ] GC(355) Concurrent Cleanup for Next Mark
[310.221s][info][gc,marking     ] GC(355) Concurrent Cleanup for Next Mark 2.264ms
[310.221s][info][gc             ] GC(355) Concurrent Cycle 1728.434ms
[310.344s][info][gc,start       ] GC(366) Pause Young (Normal) (G1 Evacuation Pause)
[310.344s][info][gc,task        ] GC(366) Using 8 workers of 8 for evacuation
[310.347s][info][gc,phases      ] GC(366)   Pre Evacuate Collection Set: 0.1ms
[310.347s][info][gc,phases      ] GC(366)   Merge Heap Roots: 0.0ms
[310.347s][info][gc,phases      ] GC(366)   Evacuate Collection Set: 2.7ms
[310.347s][info][gc,phases      ] GC(366)   Post Evacuate Collection Set: 0.3ms
[310.347s][info][gc,phases      ] GC(366)   Other: 0.2ms
[310.347s][info][gc,heap        ] GC(366) Eden regions: 22->0(22)
[310.347s][info][gc,heap        ] GC(366) Survivor regions: 3->3(4)
[310.347s][info][gc,heap        ] GC(366) Old regions: 434->434
[310.347s][info][gc,heap        ] GC(366) Archive regions: 2->2
[310.347s][info][gc,heap        ] GC(366) Humongous regions: 11->11
[310.347s][info][gc,metaspace   ] GC(366) Metaspace: 48561K(49872K)->48561K(49872K) NonClass: 42710K(43600K)->42710K(43600K) Class: 5851K(6272K)->5851K(6272K)
[310.347s][info][gc             ] GC(366) Pause Young (Normal) (G1 Evacuation Pause) 467M->445M(512M) 3.384ms
[310.347s][info][gc,cpu         ] GC(366) User=0.02s Sys=0.00s Real=0.01s
[310.486s][info][gc,start       ] GC(367) Pause Young (Concurrent Start) (G1 Evacuation Pause)
[310.486s][info][gc,task        ] GC(367) Using 8 workers of 8 for evacuation
[310.489s][info][gc,phases      ] GC(367)   Pre Evacuate Collection Set: 0.1ms
[310.489s][info][gc,phases      ] GC(367)   Merge Heap Roots: 0.0ms
[310.489s][info][gc,phases      ] GC(367)   Evacuate Collection Set: 2.1ms
[310.489s][info][gc,phases      ] GC(367)   Post Evacuate Collection Set: 0.5ms
[310.489s][info][gc,phases      ] GC(367)   Other: 0.2ms
[310.489s][info][gc,heap        ] GC(367) Eden regions: 22->0(22)
[310.489s][info][gc,heap        ] GC(367) Survivor regions: 3->3(4)
[310.489s][info][gc,heap        ] GC(367) Old regions: 434->435
[310.489s][info][gc,heap        ] GC(367) Archive regions: 2->2
[310.489s][info][gc,heap        ] GC(367) Humongous regions: 11->11
[310.489s][info][gc,metaspace   ] GC(367) Metaspace: 48561K(49872K)->48561K(49872K) NonClass: 42710K(43600K)->42710K(43600K) Class: 5851K(6272K)->5851K(6272K)
[310.489s][info][gc             ] GC(367) Pause Young (Concurrent Start) (G1 Evacuation Pause) 467M->446M(512M) 3.097ms
[310.489s][info][gc,cpu         ] GC(367) User=0.02s Sys=0.01s Real=0.00s
[310.489s][info][gc             ] GC(368) Concurrent Cycle
[310.489s][info][gc,marking     ] GC(368) Concurrent Clear Claimed Marks
[310.489s][info][gc,marking     ] GC(368) Concurrent Clear Claimed Marks 0.089ms
[310.489s][info][gc,marking     ] GC(368) Concurrent Scan Root Regions
[310.493s][info][gc,marking     ] GC(368) Concurrent Scan Root Regions 3.750ms
[310.493s][info][gc,marking     ] GC(368) Concurrent Mark (310.493s)
[310.493s][info][gc,marking     ] GC(368) Concurrent Mark From Roots
[310.493s][info][gc,task        ] GC(368) Using 2 workers of 2 for marking
[310.660s][info][gc,start       ] GC(369) Pause Young (Normal) (G1 Evacuation Pause)
[310.660s][info][gc,task        ] GC(369) Using 8 workers of 8 for evacuation
[310.663s][info][gc,phases      ] GC(369)   Pre Evacuate Collection Set: 0.1ms
[310.663s][info][gc,phases      ] GC(369)   Merge Heap Roots: 0.0ms
[310.663s][info][gc,phases      ] GC(369)   Evacuate Collection Set: 1.9ms
[310.663s][info][gc,phases      ] GC(369)   Post Evacuate Collection Set: 0.6ms
[310.663s][info][gc,phases      ] GC(369)   Other: 0.2ms
[310.663s][info][gc,heap        ] GC(369) Eden regions: 22->0(22)
[310.663s][info][gc,heap        ] GC(369) Survivor regions: 3->3(4)
[310.663s][info][gc,heap        ] GC(369) Old regions: 435->435
[310.663s][info][gc,heap        ] GC(369) Archive regions: 2->2
[310.663s][info][gc,heap        ] GC(369) Humongous regions: 11->11
[310.663s][info][gc,metaspace   ] GC(369) Metaspace: 48561K(49872K)->48561K(49872K) NonClass: 42710K(43600K)->42710K(43600K) Class: 5851K(6272K)->5851K(6272K)
[310.663s][info][gc             ] GC(369) Pause Young (Normal) (G1 Evacuation Pause) 468M->446M(512M) 3.081ms
[310.663s][info][gc,cpu         ] GC(369) User=0.01s Sys=0.00s Real=0.00s
[310.834s][info][gc,start       ] GC(370) Pause Young (Normal) (G1 Evacuation Pause)
[310.834s][info][gc,task        ] GC(370) Using 8 workers of 8 for evacuation
[310.836s][info][gc,phases      ] GC(370)   Pre Evacuate Collection Set: 0.1ms
[310.836s][info][gc,phases      ] GC(370)   Merge Heap Roots: 0.0ms
[310.836s][info][gc,phases      ] GC(370)   Evacuate Collection Set: 1.7ms
[310.836s][info][gc,phases      ] GC(370)   Post Evacuate Collection Set: 0.2ms
[310.836s][info][gc,phases      ] GC(370)   Other: 0.1ms
[310.836s][info][gc,heap        ] GC(370) Eden regions: 22->0(22)
[310.836s][info][gc,heap        ] GC(370) Survivor regions: 3->3(4)
[310.836s][info][gc,heap        ] GC(370) Old regions: 435->436
[310.836s][info][gc,heap        ] GC(370) Archive regions: 2->2
[310.836s][info][gc,heap        ] GC(370) Humongous regions: 11->11
[310.836s][info][gc,metaspace   ] GC(370) Metaspace: 48561K(49872K)->48561K(49872K) NonClass: 42710K(43600K)->42710K(43600K) Class: 5851K(6272K)->5851K(6272K)
[310.836s][info][gc             ] GC(370) Pause Young (Normal) (G1 Evacuation Pause) 468M->447M(512M) 2.249ms
[310.836s][info][gc,cpu         ] GC(370) User=0.01s Sys=0.00s Real=0.01s
[310.999s][info][gc,start       ] GC(371) Pause Young (Normal) (G1 Evacuation Pause)
[310.999s][info][gc,task        ] GC(371) Using 8 workers of 8 for evacuation
[311.001s][info][gc,phases      ] GC(371)   Pre Evacuate Collection Set: 0.1ms
[311.001s][info][gc,phases      ] GC(371)   Merge Heap Roots: 0.0ms
[311.001s][info][gc,phases      ] GC(371)   Evacuate Collection Set: 1.7ms
[311.001s][info][gc,phases      ] GC(371)   Post Evacuate Collection Set: 0.2ms
[311.001s][info][gc,phases      ] GC(371)   Other: 0.1ms
[311.001s][info][gc,heap        ] GC(371) Eden regions: 22->0(22)
[311.001s][info][gc,heap        ] GC(371) Survivor regions: 3->3(4)
[311.001s][info][gc,heap        ] GC(371) Old regions: 436->436
[311.001s][info][gc,heap        ] GC(371) Archive regions: 2->2
[311.001s][info][gc,heap        ] GC(371) Humongous regions: 11->11
[311.001s][info][gc,metaspace   ] GC(371) Metaspace: 48561K(49872K)->48561K(49872K) NonClass: 42710K(43600K)->42710K(43600K) Class: 5851K(6272K)->5851K(6272K)
[311.001s][info][gc             ] GC(371) Pause Young (Normal) (G1 Evacuation Pause) 469M->447M(512M) 2.268ms
[311.001s][info][gc,cpu         ] GC(371) User=0.01s Sys=0.00s Real=0.00s
[311.159s][info][gc,start       ] GC(372) Pause Young (Normal) (G1 Evacuation Pause)
[311.159s][info][gc,task        ] GC(372) Using 8 workers of 8 for evacuation
[311.162s][info][gc,phases      ] GC(372)   Pre Evacuate Collection Set: 0.1ms
[311.162s][info][gc,phases      ] GC(372)   Merge Heap Roots: 0.0ms
[311.162s][info][gc,phases      ] GC(372)   Evacuate Collection Set: 2.2ms
[311.162s][info][gc,phases      ] GC(372)   Post Evacuate Collection Set: 0.5ms
[311.162s][info][gc,phases      ] GC(372)   Other: 0.3ms
[311.162s][info][gc,heap        ] GC(372) Eden regions: 22->0(22)
[311.162s][info][gc,heap        ] GC(372) Survivor regions: 3->3(4)
[311.162s][info][gc,heap        ] GC(372) Old regions: 436->437
[311.162s][info][gc,heap        ] GC(372) Archive regions: 2->2
[311.162s][info][gc,heap        ] GC(372) Humongous regions: 11->11
[311.162s][info][gc,metaspace   ] GC(372) Metaspace: 48561K(49872K)->48561K(49872K) NonClass: 42710K(43600K)->42710K(43600K) Class: 5851K(6272K)->5851K(6272K)
[311.162s][info][gc             ] GC(372) Pause Young (Normal) (G1 Evacuation Pause) 469M->448M(512M) 3.238ms
[311.162s][info][gc,cpu         ] GC(372) User=0.01s Sys=0.00s Real=0.00s
[311.338s][info][gc,start       ] GC(373) Pause Young (Normal) (G1 Evacuation Pause)
[311.338s][info][gc,task        ] GC(373) Using 8 workers of 8 for evacuation
[311.340s][info][gc,phases      ] GC(373)   Pre Evacuate Collection Set: 0.1ms
[311.340s][info][gc,phases      ] GC(373)   Merge Heap Roots: 0.0ms
[311.340s][info][gc,phases      ] GC(373)   Evacuate Collection Set: 2.0ms
[311.340s][info][gc,phases      ] GC(373)   Post Evacuate Collection Set: 0.2ms
[311.340s][info][gc,phases      ] GC(373)   Other: 0.2ms
[311.340s][info][gc,heap        ] GC(373) Eden regions: 22->0(22)
[311.340s][info][gc,heap        ] GC(373) Survivor regions: 3->3(4)
[311.340s][info][gc,heap        ] GC(373) Old regions: 437->438
[311.340s][info][gc,heap        ] GC(373) Archive regions: 2->2
[311.340s][info][gc,heap        ] GC(373) Humongous regions: 11->11
[311.340s][info][gc,metaspace   ] GC(373) Metaspace: 48567K(49872K)->48567K(49872K) NonClass: 42715K(43600K)->42715K(43600K) Class: 5851K(6272K)->5851K(6272K)
[311.340s][info][gc             ] GC(373) Pause Young (Normal) (G1 Evacuation Pause) 470M->448M(512M) 2.629ms
[311.340s][info][gc,cpu         ] GC(373) User=0.02s Sys=0.00s Real=0.00s
[311.506s][info][gc,start       ] GC(374) Pause Young (Normal) (G1 Evacuation Pause)
[311.506s][info][gc,task        ] GC(374) Using 8 workers of 8 for evacuation
[311.508s][info][gc,phases      ] GC(374)   Pre Evacuate Collection Set: 0.1ms
[311.508s][info][gc,phases      ] GC(374)   Merge Heap Roots: 0.0ms
[311.508s][info][gc,phases      ] GC(374)   Evacuate Collection Set: 2.0ms
[311.508s][info][gc,phases      ] GC(374)   Post Evacuate Collection Set: 0.2ms
[311.508s][info][gc,phases      ] GC(374)   Other: 0.2ms
[311.508s][info][gc,heap        ] GC(374) Eden regions: 22->0(22)
[311.508s][info][gc,heap        ] GC(374) Survivor regions: 3->3(4)
[311.508s][info][gc,heap        ] GC(374) Old regions: 438->438
[311.508s][info][gc,heap        ] GC(374) Archive regions: 2->2
[311.508s][info][gc,heap        ] GC(374) Humongous regions: 11->11
[311.508s][info][gc,metaspace   ] GC(374) Metaspace: 48567K(49872K)->48567K(49872K) NonClass: 42715K(43600K)->42715K(43600K) Class: 5851K(6272K)->5851K(6272K)
[311.508s][info][gc             ] GC(374) Pause Young (Normal) (G1 Evacuation Pause) 470M->449M(512M) 2.565ms
[311.508s][info][gc,cpu         ] GC(374) User=0.02s Sys=0.00s Real=0.01s
[311.552s][info][gc,marking     ] GC(368) Concurrent Mark From Roots 1059.355ms
[311.552s][info][gc,marking     ] GC(368) Concurrent Preclean
[311.552s][info][gc,marking     ] GC(368) Concurrent Preclean 0.105ms
[311.552s][info][gc,marking     ] GC(368) Concurrent Mark (310.493s, 311.552s) 1059.533ms
[311.552s][info][gc,start       ] GC(368) Pause Remark
[311.554s][info][gc             ] GC(368) Pause Remark 455M->455M(512M) 1.216ms
[311.554s][info][gc,cpu         ] GC(368) User=0.01s Sys=0.00s Real=0.00s
[311.554s][info][gc,marking     ] GC(368) Concurrent Rebuild Remembered Sets
[311.661s][info][gc,start       ] GC(375) Pause Young (Normal) (G1 Evacuation Pause)
[311.661s][info][gc,task        ] GC(375) Using 8 workers of 8 for evacuation
[311.665s][info][gc,phases      ] GC(375)   Pre Evacuate Collection Set: 0.1ms
[311.665s][info][gc,phases      ] GC(375)   Merge Heap Roots: 0.0ms
[311.665s][info][gc,phases      ] GC(375)   Evacuate Collection Set: 2.8ms
[311.665s][info][gc,phases      ] GC(375)   Post Evacuate Collection Set: 0.3ms
[311.665s][info][gc,phases      ] GC(375)   Other: 0.3ms
[311.665s][info][gc,heap        ] GC(375) Eden regions: 22->0(22)
[311.665s][info][gc,heap        ] GC(375) Survivor regions: 3->3(4)
[311.665s][info][gc,heap        ] GC(375) Old regions: 438->439
[311.665s][info][gc,heap        ] GC(375) Archive regions: 2->2
[311.665s][info][gc,heap        ] GC(375) Humongous regions: 11->11
[311.665s][info][gc,metaspace   ] GC(375) Metaspace: 48567K(49872K)->48567K(49872K) NonClass: 42716K(43600K)->42716K(43600K) Class: 5851K(6272K)->5851K(6272K)
[311.665s][info][gc             ] GC(375) Pause Young (Normal) (G1 Evacuation Pause) 471M->449M(512M) 3.678ms
[311.665s][info][gc,cpu         ] GC(375) User=0.02s Sys=0.00s Real=0.00s
[311.824s][info][gc,start       ] GC(376) Pause Young (Normal) (G1 Evacuation Pause)
[311.824s][info][gc,task        ] GC(376) Using 8 workers of 8 for evacuation
[311.827s][info][gc,phases      ] GC(376)   Pre Evacuate Collection Set: 0.1ms
[311.828s][info][gc,phases      ] GC(376)   Merge Heap Roots: 0.1ms
[311.828s][info][gc,phases      ] GC(376)   Evacuate Collection Set: 2.6ms
[311.828s][info][gc,phases      ] GC(376)   Post Evacuate Collection Set: 0.6ms
[311.828s][info][gc,phases      ] GC(376)   Other: 0.3ms
[311.828s][info][gc,heap        ] GC(376) Eden regions: 22->0(22)
[311.828s][info][gc,heap        ] GC(376) Survivor regions: 3->3(4)
[311.828s][info][gc,heap        ] GC(376) Old regions: 439->439
[311.828s][info][gc,heap        ] GC(376) Archive regions: 2->2
[311.828s][info][gc,heap        ] GC(376) Humongous regions: 11->11
[311.828s][info][gc,metaspace   ] GC(376) Metaspace: 48567K(49872K)->48567K(49872K) NonClass: 42716K(43600K)->42716K(43600K) Class: 5851K(6272K)->5851K(6272K)
[311.828s][info][gc             ] GC(376) Pause Young (Normal) (G1 Evacuation Pause) 471M->450M(512M) 3.912ms
[311.828s][info][gc,cpu         ] GC(376) User=0.01s Sys=0.00s Real=0.01s
[311.975s][info][gc,start       ] GC(377) Pause Young (Normal) (G1 Evacuation Pause)
[311.975s][info][gc,task        ] GC(377) Using 8 workers of 8 for evacuation
[311.978s][info][gc,phases      ] GC(377)   Pre Evacuate Collection Set: 0.1ms
[311.978s][info][gc,phases      ] GC(377)   Merge Heap Roots: 0.1ms
[311.978s][info][gc,phases      ] GC(377)   Evacuate Collection Set: 2.5ms
[311.978s][info][gc,phases      ] GC(377)   Post Evacuate Collection Set: 0.3ms
[311.978s][info][gc,phases      ] GC(377)   Other: 0.2ms
[311.978s][info][gc,heap        ] GC(377) Eden regions: 22->0(22)
[311.978s][info][gc,heap        ] GC(377) Survivor regions: 3->3(4)
[311.978s][info][gc,heap        ] GC(377) Old regions: 439->440
[311.978s][info][gc,heap        ] GC(377) Archive regions: 2->2
[311.978s][info][gc,heap        ] GC(377) Humongous regions: 11->11
[311.978s][info][gc,metaspace   ] GC(377) Metaspace: 48567K(49872K)->48567K(49872K) NonClass: 42716K(43600K)->42716K(43600K) Class: 5851K(6272K)->5851K(6272K)
[311.978s][info][gc             ] GC(377) Pause Young (Normal) (G1 Evacuation Pause) 472M->450M(512M) 3.206ms
[311.978s][info][gc,cpu         ] GC(377) User=0.02s Sys=0.01s Real=0.01s
[312.121s][info][gc,start       ] GC(378) Pause Young (Normal) (G1 Evacuation Pause)
[312.121s][info][gc,task        ] GC(378) Using 8 workers of 8 for evacuation
[312.124s][info][gc,phases      ] GC(378)   Pre Evacuate Collection Set: 0.1ms
[312.124s][info][gc,phases      ] GC(378)   Merge Heap Roots: 0.1ms
[312.124s][info][gc,phases      ] GC(378)   Evacuate Collection Set: 2.4ms
[312.124s][info][gc,phases      ] GC(378)   Post Evacuate Collection Set: 0.2ms
[312.124s][info][gc,phases      ] GC(378)   Other: 0.1ms
[312.124s][info][gc,heap        ] GC(378) Eden regions: 22->0(22)
[312.124s][info][gc,heap        ] GC(378) Survivor regions: 3->3(4)
[312.124s][info][gc,heap        ] GC(378) Old regions: 440->440
[312.124s][info][gc,heap        ] GC(378) Archive regions: 2->2
[312.124s][info][gc,heap        ] GC(378) Humongous regions: 11->11
[312.124s][info][gc,metaspace   ] GC(378) Metaspace: 48567K(49872K)->48567K(49872K) NonClass: 42716K(43600K)->42716K(43600K) Class: 5851K(6272K)->5851K(6272K)
[312.124s][info][gc             ] GC(378) Pause Young (Normal) (G1 Evacuation Pause) 472M->451M(512M) 3.032ms
[312.124s][info][gc,cpu         ] GC(378) User=0.02s Sys=0.00s Real=0.00s
[312.178s][info][gc,marking     ] GC(368) Concurrent Rebuild Remembered Sets 624.268ms
[312.178s][info][gc,start       ] GC(368) Pause Cleanup
[312.179s][info][gc             ] GC(368) Pause Cleanup 459M->459M(512M) 0.231ms
[312.179s][info][gc,cpu         ] GC(368) User=0.00s Sys=0.00s Real=0.00s
[312.179s][info][gc,marking     ] GC(368) Concurrent Cleanup for Next Mark
[312.180s][info][gc,marking     ] GC(368) Concurrent Cleanup for Next Mark 1.437ms
[312.180s][info][gc             ] GC(368) Concurrent Cycle 1691.157ms
[312.268s][info][gc,start       ] GC(379) Pause Young (Normal) (G1 Evacuation Pause)
[312.268s][info][gc,task        ] GC(379) Using 8 workers of 8 for evacuation
[312.272s][info][gc,phases      ] GC(379)   Pre Evacuate Collection Set: 0.1ms
[312.272s][info][gc,phases      ] GC(379)   Merge Heap Roots: 0.1ms
[312.272s][info][gc,phases      ] GC(379)   Evacuate Collection Set: 3.4ms
[312.272s][info][gc,phases      ] GC(379)   Post Evacuate Collection Set: 0.4ms
[312.272s][info][gc,phases      ] GC(379)   Other: 0.3ms
[312.272s][info][gc,heap        ] GC(379) Eden regions: 22->0(22)
[312.272s][info][gc,heap        ] GC(379) Survivor regions: 3->3(4)
[312.272s][info][gc,heap        ] GC(379) Old regions: 440->441
[312.272s][info][gc,heap        ] GC(379) Archive regions: 2->2
[312.272s][info][gc,heap        ] GC(379) Humongous regions: 11->11
[312.272s][info][gc,metaspace   ] GC(379) Metaspace: 48567K(49872K)->48567K(49872K) NonClass: 42716K(43600K)->42716K(43600K) Class: 5851K(6272K)->5851K(6272K)
[312.273s][info][gc             ] GC(379) Pause Young (Normal) (G1 Evacuation Pause) 473M->452M(512M) 4.306ms
[312.273s][info][gc,cpu         ] GC(379) User=0.02s Sys=0.00s Real=0.00s
[312.417s][info][gc,start       ] GC(380) Pause Young (Concurrent Start) (G1 Evacuation Pause)
[312.417s][info][gc,task        ] GC(380) Using 8 workers of 8 for evacuation
[312.420s][info][gc,phases      ] GC(380)   Pre Evacuate Collection Set: 0.2ms
[312.420s][info][gc,phases      ] GC(380)   Merge Heap Roots: 0.0ms
[312.420s][info][gc,phases      ] GC(380)   Evacuate Collection Set: 2.0ms
[312.420s][info][gc,phases      ] GC(380)   Post Evacuate Collection Set: 0.3ms
[312.420s][info][gc,phases      ] GC(380)   Other: 0.4ms
[312.420s][info][gc,heap        ] GC(380) Eden regions: 22->0(22)
[312.420s][info][gc,heap        ] GC(380) Survivor regions: 3->3(4)
[312.420s][info][gc,heap        ] GC(380) Old regions: 441->441
[312.420s][info][gc,heap        ] GC(380) Archive regions: 2->2
[312.420s][info][gc,heap        ] GC(380) Humongous regions: 11->11
[312.420s][info][gc,metaspace   ] GC(380) Metaspace: 48567K(49872K)->48567K(49872K) NonClass: 42716K(43600K)->42716K(43600K) Class: 5851K(6272K)->5851K(6272K)
[312.420s][info][gc             ] GC(380) Pause Young (Concurrent Start) (G1 Evacuation Pause) 474M->452M(512M) 3.041ms
[312.420s][info][gc,cpu         ] GC(380) User=0.01s Sys=0.00s Real=0.00s
[312.420s][info][gc             ] GC(381) Concurrent Cycle
[312.420s][info][gc,marking     ] GC(381) Concurrent Clear Claimed Marks
[312.420s][info][gc,marking     ] GC(381) Concurrent Clear Claimed Marks 0.112ms
[312.420s][info][gc,marking     ] GC(381) Concurrent Scan Root Regions
[312.424s][info][gc,marking     ] GC(381) Concurrent Scan Root Regions 4.326ms
[312.424s][info][gc,marking     ] GC(381) Concurrent Mark (312.424s)
[312.425s][info][gc,marking     ] GC(381) Concurrent Mark From Roots
[312.425s][info][gc,task        ] GC(381) Using 2 workers of 2 for marking
[312.602s][info][gc,start       ] GC(382) Pause Young (Normal) (G1 Evacuation Pause)
[312.602s][info][gc,task        ] GC(382) Using 8 workers of 8 for evacuation
[312.604s][info][gc,phases      ] GC(382)   Pre Evacuate Collection Set: 0.1ms
[312.604s][info][gc,phases      ] GC(382)   Merge Heap Roots: 0.1ms
[312.604s][info][gc,phases      ] GC(382)   Evacuate Collection Set: 2.0ms
[312.604s][info][gc,phases      ] GC(382)   Post Evacuate Collection Set: 0.3ms
[312.604s][info][gc,phases      ] GC(382)   Other: 0.2ms
[312.604s][info][gc,heap        ] GC(382) Eden regions: 22->0(22)
[312.604s][info][gc,heap        ] GC(382) Survivor regions: 3->3(4)
[312.604s][info][gc,heap        ] GC(382) Old regions: 441->442
[312.604s][info][gc,heap        ] GC(382) Archive regions: 2->2
[312.604s][info][gc,heap        ] GC(382) Humongous regions: 11->11
[312.604s][info][gc,metaspace   ] GC(382) Metaspace: 48567K(49872K)->48567K(49872K) NonClass: 42716K(43600K)->42716K(43600K) Class: 5851K(6272K)->5851K(6272K)
[312.604s][info][gc             ] GC(382) Pause Young (Normal) (G1 Evacuation Pause) 474M->452M(512M) 2.632ms
[312.604s][info][gc,cpu         ] GC(382) User=0.01s Sys=0.00s Real=0.00s
[312.799s][info][gc,start       ] GC(383) Pause Young (Normal) (G1 Evacuation Pause)
[312.799s][info][gc,task        ] GC(383) Using 8 workers of 8 for evacuation
[312.802s][info][gc,phases      ] GC(383)   Pre Evacuate Collection Set: 0.1ms
[312.802s][info][gc,phases      ] GC(383)   Merge Heap Roots: 0.0ms
[312.802s][info][gc,phases      ] GC(383)   Evacuate Collection Set: 1.7ms
[312.802s][info][gc,phases      ] GC(383)   Post Evacuate Collection Set: 0.3ms
[312.802s][info][gc,phases      ] GC(383)   Other: 0.2ms
[312.802s][info][gc,heap        ] GC(383) Eden regions: 22->0(22)
[312.802s][info][gc,heap        ] GC(383) Survivor regions: 3->3(4)
[312.802s][info][gc,heap        ] GC(383) Old regions: 442->442
[312.802s][info][gc,heap        ] GC(383) Archive regions: 2->2
[312.802s][info][gc,heap        ] GC(383) Humongous regions: 11->11
[312.802s][info][gc,metaspace   ] GC(383) Metaspace: 48567K(49872K)->48567K(49872K) NonClass: 42716K(43600K)->42716K(43600K) Class: 5851K(6272K)->5851K(6272K)
[312.802s][info][gc             ] GC(383) Pause Young (Normal) (G1 Evacuation Pause) 474M->453M(512M) 2.506ms
[312.802s][info][gc,cpu         ] GC(383) User=0.01s Sys=0.00s Real=0.00s
[312.974s][info][gc,start       ] GC(384) Pause Young (Normal) (G1 Evacuation Pause)
[312.974s][info][gc,task        ] GC(384) Using 8 workers of 8 for evacuation
[312.977s][info][gc,phases      ] GC(384)   Pre Evacuate Collection Set: 0.1ms
[312.977s][info][gc,phases      ] GC(384)   Merge Heap Roots: 0.0ms
[312.977s][info][gc,phases      ] GC(384)   Evacuate Collection Set: 2.0ms
[312.977s][info][gc,phases      ] GC(384)   Post Evacuate Collection Set: 0.2ms
[312.977s][info][gc,phases      ] GC(384)   Other: 0.2ms
[312.977s][info][gc,heap        ] GC(384) Eden regions: 22->0(22)
[312.977s][info][gc,heap        ] GC(384) Survivor regions: 3->3(4)
[312.977s][info][gc,heap        ] GC(384) Old regions: 442->443
[312.977s][info][gc,heap        ] GC(384) Archive regions: 2->2
[312.977s][info][gc,heap        ] GC(384) Humongous regions: 11->11
[312.977s][info][gc,metaspace   ] GC(384) Metaspace: 48567K(49872K)->48567K(49872K) NonClass: 42716K(43600K)->42716K(43600K) Class: 5851K(6272K)->5851K(6272K)
[312.977s][info][gc             ] GC(384) Pause Young (Normal) (G1 Evacuation Pause) 475M->453M(512M) 2.547ms
[312.977s][info][gc,cpu         ] GC(384) User=0.01s Sys=0.00s Real=0.01s
[313.144s][info][gc,start       ] GC(385) Pause Young (Normal) (G1 Evacuation Pause)
[313.144s][info][gc,task        ] GC(385) Using 8 workers of 8 for evacuation
[313.146s][info][gc,phases      ] GC(385)   Pre Evacuate Collection Set: 0.1ms
[313.146s][info][gc,phases      ] GC(385)   Merge Heap Roots: 0.0ms
[313.146s][info][gc,phases      ] GC(385)   Evacuate Collection Set: 2.3ms
[313.146s][info][gc,phases      ] GC(385)   Post Evacuate Collection Set: 0.2ms
[313.146s][info][gc,phases      ] GC(385)   Other: 0.2ms
[313.146s][info][gc,heap        ] GC(385) Eden regions: 22->0(22)
[313.146s][info][gc,heap        ] GC(385) Survivor regions: 3->3(4)
[313.146s][info][gc,heap        ] GC(385) Old regions: 443->443
[313.146s][info][gc,heap        ] GC(385) Archive regions: 2->2
[313.146s][info][gc,heap        ] GC(385) Humongous regions: 11->11
[313.146s][info][gc,metaspace   ] GC(385) Metaspace: 48567K(49872K)->48567K(49872K) NonClass: 42716K(43600K)->42716K(43600K) Class: 5851K(6272K)->5851K(6272K)
[313.147s][info][gc             ] GC(385) Pause Young (Normal) (G1 Evacuation Pause) 475M->454M(512M) 2.933ms
[313.147s][info][gc,cpu         ] GC(385) User=0.02s Sys=0.00s Real=0.01s
[313.321s][info][gc,start       ] GC(386) Pause Young (Normal) (G1 Evacuation Pause)
[313.321s][info][gc,task        ] GC(386) Using 8 workers of 8 for evacuation
[313.324s][info][gc,phases      ] GC(386)   Pre Evacuate Collection Set: 0.1ms
[313.324s][info][gc,phases      ] GC(386)   Merge Heap Roots: 0.0ms
[313.324s][info][gc,phases      ] GC(386)   Evacuate Collection Set: 2.2ms
[313.324s][info][gc,phases      ] GC(386)   Post Evacuate Collection Set: 0.3ms
[313.324s][info][gc,phases      ] GC(386)   Other: 0.3ms
[313.324s][info][gc,heap        ] GC(386) Eden regions: 22->0(22)
[313.324s][info][gc,heap        ] GC(386) Survivor regions: 3->3(4)
[313.324s][info][gc,heap        ] GC(386) Old regions: 443->444
[313.324s][info][gc,heap        ] GC(386) Archive regions: 2->2
[313.324s][info][gc,heap        ] GC(386) Humongous regions: 11->11
[313.324s][info][gc,metaspace   ] GC(386) Metaspace: 48567K(49872K)->48567K(49872K) NonClass: 42716K(43600K)->42716K(43600K) Class: 5851K(6272K)->5851K(6272K)
[313.324s][info][gc             ] GC(386) Pause Young (Normal) (G1 Evacuation Pause) 476M->455M(512M) 2.957ms
[313.324s][info][gc,cpu         ] GC(386) User=0.01s Sys=0.01s Real=0.00s
[313.472s][info][gc,marking     ] GC(381) Concurrent Mark From Roots 1047.054ms
[313.472s][info][gc,marking     ] GC(381) Concurrent Preclean
[313.472s][info][gc,marking     ] GC(381) Concurrent Preclean 0.083ms
[313.472s][info][gc,marking     ] GC(381) Concurrent Mark (312.424s, 313.472s) 1047.213ms
[313.472s][info][gc,start       ] GC(381) Pause Remark
[313.474s][info][gc             ] GC(381) Pause Remark 472M->472M(512M) 2.225ms
[313.474s][info][gc,cpu         ] GC(381) User=0.00s Sys=0.00s Real=0.00s
[313.474s][info][gc,marking     ] GC(381) Concurrent Rebuild Remembered Sets
[313.512s][info][gc,start       ] GC(387) Pause Young (Normal) (G1 Evacuation Pause)
[313.512s][info][gc,task        ] GC(387) Using 8 workers of 8 for evacuation
[313.515s][info][gc,phases      ] GC(387)   Pre Evacuate Collection Set: 0.1ms
[313.515s][info][gc,phases      ] GC(387)   Merge Heap Roots: 0.0ms
[313.515s][info][gc,phases      ] GC(387)   Evacuate Collection Set: 2.2ms
[313.515s][info][gc,phases      ] GC(387)   Post Evacuate Collection Set: 0.2ms
[313.515s][info][gc,phases      ] GC(387)   Other: 0.2ms
[313.515s][info][gc,heap        ] GC(387) Eden regions: 22->0(22)
[313.515s][info][gc,heap        ] GC(387) Survivor regions: 3->3(4)
[313.515s][info][gc,heap        ] GC(387) Old regions: 444->444
[313.515s][info][gc,heap        ] GC(387) Archive regions: 2->2
[313.515s][info][gc,heap        ] GC(387) Humongous regions: 11->11
[313.515s][info][gc,metaspace   ] GC(387) Metaspace: 48567K(49872K)->48567K(49872K) NonClass: 42716K(43600K)->42716K(43600K) Class: 5851K(6272K)->5851K(6272K)
[313.515s][info][gc             ] GC(387) Pause Young (Normal) (G1 Evacuation Pause) 477M->455M(512M) 2.843ms
[313.515s][info][gc,cpu         ] GC(387) User=0.02s Sys=0.00s Real=0.00s
[313.662s][info][gc,start       ] GC(388) Pause Young (Normal) (G1 Evacuation Pause)
[313.662s][info][gc,task        ] GC(388) Using 8 workers of 8 for evacuation
[313.665s][info][gc,phases      ] GC(388)   Pre Evacuate Collection Set: 0.1ms
[313.665s][info][gc,phases      ] GC(388)   Merge Heap Roots: 0.1ms
[313.665s][info][gc,phases      ] GC(388)   Evacuate Collection Set: 2.4ms
[313.665s][info][gc,phases      ] GC(388)   Post Evacuate Collection Set: 0.3ms
[313.665s][info][gc,phases      ] GC(388)   Other: 0.2ms
[313.665s][info][gc,heap        ] GC(388) Eden regions: 22->0(22)
[313.666s][info][gc,heap        ] GC(388) Survivor regions: 3->3(4)
[313.666s][info][gc,heap        ] GC(388) Old regions: 444->445
[313.666s][info][gc,heap        ] GC(388) Archive regions: 2->2
[313.666s][info][gc,heap        ] GC(388) Humongous regions: 11->11
[313.666s][info][gc,metaspace   ] GC(388) Metaspace: 48567K(49872K)->48567K(49872K) NonClass: 42716K(43600K)->42716K(43600K) Class: 5851K(6272K)->5851K(6272K)
[313.666s][info][gc             ] GC(388) Pause Young (Normal) (G1 Evacuation Pause) 477M->456M(512M) 3.219ms
[313.666s][info][gc,cpu         ] GC(388) User=0.01s Sys=0.00s Real=0.00s
[313.843s][info][gc,start       ] GC(389) Pause Young (Normal) (G1 Evacuation Pause)
[313.843s][info][gc,task        ] GC(389) Using 8 workers of 8 for evacuation
[313.846s][info][gc,phases      ] GC(389)   Pre Evacuate Collection Set: 0.1ms
[313.847s][info][gc,phases      ] GC(389)   Merge Heap Roots: 0.1ms
[313.847s][info][gc,phases      ] GC(389)   Evacuate Collection Set: 3.0ms
[313.847s][info][gc,phases      ] GC(389)   Post Evacuate Collection Set: 0.3ms
[313.847s][info][gc,phases      ] GC(389)   Other: 0.3ms
[313.847s][info][gc,heap        ] GC(389) Eden regions: 22->0(22)
[313.847s][info][gc,heap        ] GC(389) Survivor regions: 3->3(4)
[313.847s][info][gc,heap        ] GC(389) Old regions: 445->446
[313.847s][info][gc,heap        ] GC(389) Archive regions: 2->2
[313.847s][info][gc,heap        ] GC(389) Humongous regions: 11->11
[313.847s][info][gc,metaspace   ] GC(389) Metaspace: 48567K(49872K)->48567K(49872K) NonClass: 42716K(43600K)->42716K(43600K) Class: 5851K(6272K)->5851K(6272K)
[313.847s][info][gc             ] GC(389) Pause Young (Normal) (G1 Evacuation Pause) 478M->456M(512M) 3.881ms
[313.847s][info][gc,cpu         ] GC(389) User=0.01s Sys=0.00s Real=0.01s
[314.002s][info][gc,start       ] GC(390) Pause Young (Normal) (G1 Evacuation Pause)
[314.002s][info][gc,task        ] GC(390) Using 8 workers of 8 for evacuation
[314.005s][info][gc,phases      ] GC(390)   Pre Evacuate Collection Set: 0.1ms
[314.005s][info][gc,phases      ] GC(390)   Merge Heap Roots: 0.0ms
[314.005s][info][gc,phases      ] GC(390)   Evacuate Collection Set: 2.5ms
[314.005s][info][gc,phases      ] GC(390)   Post Evacuate Collection Set: 0.3ms
[314.005s][info][gc,phases      ] GC(390)   Other: 0.2ms
[314.005s][info][gc,heap        ] GC(390) Eden regions: 22->0(22)
[314.005s][info][gc,heap        ] GC(390) Survivor regions: 3->3(4)
[314.005s][info][gc,heap        ] GC(390) Old regions: 446->446
[314.005s][info][gc,heap        ] GC(390) Archive regions: 2->2
[314.005s][info][gc,heap        ] GC(390) Humongous regions: 11->11
[314.005s][info][gc,metaspace   ] GC(390) Metaspace: 48567K(49872K)->48567K(49872K) NonClass: 42716K(43600K)->42716K(43600K) Class: 5851K(6272K)->5851K(6272K)
[314.005s][info][gc             ] GC(390) Pause Young (Normal) (G1 Evacuation Pause) 478M->457M(512M) 3.264ms
[314.005s][info][gc,cpu         ] GC(390) User=0.01s Sys=0.01s Real=0.00s
[314.149s][info][gc,start       ] GC(391) Pause Young (Normal) (G1 Evacuation Pause)
[314.149s][info][gc,task        ] GC(391) Using 8 workers of 8 for evacuation
[314.152s][info][gc,phases      ] GC(391)   Pre Evacuate Collection Set: 0.1ms
[314.152s][info][gc,phases      ] GC(391)   Merge Heap Roots: 0.1ms
[314.152s][info][gc,phases      ] GC(391)   Evacuate Collection Set: 2.7ms
[314.152s][info][gc,phases      ] GC(391)   Post Evacuate Collection Set: 0.3ms
[314.152s][info][gc,phases      ] GC(391)   Other: 0.2ms
[314.152s][info][gc,heap        ] GC(391) Eden regions: 22->0(22)
[314.152s][info][gc,heap        ] GC(391) Survivor regions: 3->3(4)
[314.152s][info][gc,heap        ] GC(391) Old regions: 446->447
[314.152s][info][gc,heap        ] GC(391) Archive regions: 2->2
[314.152s][info][gc,heap        ] GC(391) Humongous regions: 11->11
[314.152s][info][gc,metaspace   ] GC(391) Metaspace: 48567K(49872K)->48567K(49872K) NonClass: 42716K(43600K)->42716K(43600K) Class: 5851K(6272K)->5851K(6272K)
[314.152s][info][gc             ] GC(391) Pause Young (Normal) (G1 Evacuation Pause) 479M->457M(512M) 3.372ms
[314.152s][info][gc,cpu         ] GC(391) User=0.02s Sys=0.00s Real=0.00s
[314.173s][info][gc,marking     ] GC(381) Concurrent Rebuild Remembered Sets 698.367ms
[314.173s][info][gc,start       ] GC(381) Pause Cleanup
[314.173s][info][gc             ] GC(381) Pause Cleanup 460M->460M(512M) 0.238ms
[314.173s][info][gc,cpu         ] GC(381) User=0.00s Sys=0.00s Real=0.00s
[314.173s][info][gc,marking     ] GC(381) Concurrent Cleanup for Next Mark
[314.174s][info][gc,marking     ] GC(381) Concurrent Cleanup for Next Mark 0.783ms
[314.174s][info][gc             ] GC(381) Concurrent Cycle 1754.051ms
[314.297s][info][gc,start       ] GC(392) Pause Young (Normal) (G1 Evacuation Pause)
[314.297s][info][gc,task        ] GC(392) Using 8 workers of 8 for evacuation
[314.300s][info][gc,phases      ] GC(392)   Pre Evacuate Collection Set: 0.1ms
[314.300s][info][gc,phases      ] GC(392)   Merge Heap Roots: 0.1ms
[314.300s][info][gc,phases      ] GC(392)   Evacuate Collection Set: 2.7ms
[314.300s][info][gc,phases      ] GC(392)   Post Evacuate Collection Set: 0.3ms
[314.300s][info][gc,phases      ] GC(392)   Other: 0.2ms
[314.300s][info][gc,heap        ] GC(392) Eden regions: 22->0(22)
[314.300s][info][gc,heap        ] GC(392) Survivor regions: 3->3(4)
[314.300s][info][gc,heap        ] GC(392) Old regions: 447->447
[314.300s][info][gc,heap        ] GC(392) Archive regions: 2->2
[314.300s][info][gc,heap        ] GC(392) Humongous regions: 11->11
[314.300s][info][gc,metaspace   ] GC(392) Metaspace: 48567K(49872K)->48567K(49872K) NonClass: 42716K(43600K)->42716K(43600K) Class: 5851K(6272K)->5851K(6272K)
[314.300s][info][gc             ] GC(392) Pause Young (Normal) (G1 Evacuation Pause) 479M->458M(512M) 3.425ms
[314.300s][info][gc,cpu         ] GC(392) User=0.02s Sys=0.00s Real=0.00s
[314.444s][info][gc,start       ] GC(393) Pause Young (Concurrent Start) (G1 Evacuation Pause)
[314.444s][info][gc,task        ] GC(393) Using 8 workers of 8 for evacuation
[314.447s][info][gc,phases      ] GC(393)   Pre Evacuate Collection Set: 0.1ms
[314.447s][info][gc,phases      ] GC(393)   Merge Heap Roots: 0.0ms
[314.447s][info][gc,phases      ] GC(393)   Evacuate Collection Set: 2.1ms
[314.447s][info][gc,phases      ] GC(393)   Post Evacuate Collection Set: 0.2ms
[314.447s][info][gc,phases      ] GC(393)   Other: 0.2ms
[314.447s][info][gc,heap        ] GC(393) Eden regions: 22->0(22)
[314.447s][info][gc,heap        ] GC(393) Survivor regions: 3->3(4)
[314.447s][info][gc,heap        ] GC(393) Old regions: 447->448
[314.447s][info][gc,heap        ] GC(393) Archive regions: 2->2
[314.447s][info][gc,heap        ] GC(393) Humongous regions: 11->11
[314.447s][info][gc,metaspace   ] GC(393) Metaspace: 48567K(49872K)->48567K(49872K) NonClass: 42716K(43600K)->42716K(43600K) Class: 5851K(6272K)->5851K(6272K)
[314.447s][info][gc             ] GC(393) Pause Young (Concurrent Start) (G1 Evacuation Pause) 480M->458M(512M) 2.831ms
[314.447s][info][gc,cpu         ] GC(393) User=0.01s Sys=0.00s Real=0.01s
[314.447s][info][gc             ] GC(394) Concurrent Cycle
[314.447s][info][gc,marking     ] GC(394) Concurrent Clear Claimed Marks
[314.447s][info][gc,marking     ] GC(394) Concurrent Clear Claimed Marks 0.064ms
[314.447s][info][gc,marking     ] GC(394) Concurrent Scan Root Regions
[314.450s][info][gc,marking     ] GC(394) Concurrent Scan Root Regions 2.510ms
[314.450s][info][gc,marking     ] GC(394) Concurrent Mark (314.450s)
[314.450s][info][gc,marking     ] GC(394) Concurrent Mark From Roots
[314.450s][info][gc,task        ] GC(394) Using 2 workers of 2 for marking
[314.683s][info][gc,start       ] GC(395) Pause Young (Normal) (G1 Evacuation Pause)
[314.683s][info][gc,task        ] GC(395) Using 8 workers of 8 for evacuation
[314.686s][info][gc,phases      ] GC(395)   Pre Evacuate Collection Set: 0.1ms
[314.686s][info][gc,phases      ] GC(395)   Merge Heap Roots: 0.0ms
[314.686s][info][gc,phases      ] GC(395)   Evacuate Collection Set: 2.1ms
[314.686s][info][gc,phases      ] GC(395)   Post Evacuate Collection Set: 0.4ms
[314.686s][info][gc,phases      ] GC(395)   Other: 0.2ms
[314.686s][info][gc,heap        ] GC(395) Eden regions: 22->0(22)
[314.686s][info][gc,heap        ] GC(395) Survivor regions: 3->3(4)
[314.686s][info][gc,heap        ] GC(395) Old regions: 448->448
[314.686s][info][gc,heap        ] GC(395) Archive regions: 2->2
[314.686s][info][gc,heap        ] GC(395) Humongous regions: 11->11
[314.686s][info][gc,metaspace   ] GC(395) Metaspace: 48567K(49872K)->48567K(49872K) NonClass: 42716K(43600K)->42716K(43600K) Class: 5851K(6272K)->5851K(6272K)
[314.686s][info][gc             ] GC(395) Pause Young (Normal) (G1 Evacuation Pause) 480M->459M(512M) 3.073ms
[314.686s][info][gc,cpu         ] GC(395) User=0.02s Sys=0.00s Real=0.01s
[314.871s][info][gc,start       ] GC(396) Pause Young (Normal) (G1 Evacuation Pause)
[314.871s][info][gc,task        ] GC(396) Using 8 workers of 8 for evacuation
[314.874s][info][gc,phases      ] GC(396)   Pre Evacuate Collection Set: 0.1ms
[314.874s][info][gc,phases      ] GC(396)   Merge Heap Roots: 0.0ms
[314.874s][info][gc,phases      ] GC(396)   Evacuate Collection Set: 2.1ms
[314.874s][info][gc,phases      ] GC(396)   Post Evacuate Collection Set: 0.3ms
[314.874s][info][gc,phases      ] GC(396)   Other: 0.2ms
[314.874s][info][gc,heap        ] GC(396) Eden regions: 22->0(22)
[314.874s][info][gc,heap        ] GC(396) Survivor regions: 3->3(4)
[314.874s][info][gc,heap        ] GC(396) Old regions: 448->449
[314.874s][info][gc,heap        ] GC(396) Archive regions: 2->2
[314.874s][info][gc,heap        ] GC(396) Humongous regions: 11->11
[314.874s][info][gc,metaspace   ] GC(396) Metaspace: 48567K(49872K)->48567K(49872K) NonClass: 42716K(43600K)->42716K(43600K) Class: 5851K(6272K)->5851K(6272K)
[314.874s][info][gc             ] GC(396) Pause Young (Normal) (G1 Evacuation Pause) 481M->460M(512M) 2.790ms
[314.874s][info][gc,cpu         ] GC(396) User=0.02s Sys=0.00s Real=0.00s
[315.033s][info][gc,start       ] GC(397) Pause Young (Normal) (G1 Evacuation Pause)
[315.033s][info][gc,task        ] GC(397) Using 8 workers of 8 for evacuation
[315.037s][info][gc,phases      ] GC(397)   Pre Evacuate Collection Set: 0.2ms
[315.037s][info][gc,phases      ] GC(397)   Merge Heap Roots: 0.1ms
[315.037s][info][gc,phases      ] GC(397)   Evacuate Collection Set: 3.1ms
[315.037s][info][gc,phases      ] GC(397)   Post Evacuate Collection Set: 0.4ms
[315.037s][info][gc,phases      ] GC(397)   Other: 0.3ms
[315.037s][info][gc,heap        ] GC(397) Eden regions: 22->0(22)
[315.037s][info][gc,heap        ] GC(397) Survivor regions: 3->3(4)
[315.037s][info][gc,heap        ] GC(397) Old regions: 449->449
[315.037s][info][gc,heap        ] GC(397) Archive regions: 2->2
[315.037s][info][gc,heap        ] GC(397) Humongous regions: 11->11
[315.037s][info][gc,metaspace   ] GC(397) Metaspace: 48567K(49872K)->48567K(49872K) NonClass: 42716K(43600K)->42716K(43600K) Class: 5851K(6272K)->5851K(6272K)
[315.037s][info][gc             ] GC(397) Pause Young (Normal) (G1 Evacuation Pause) 482M->460M(512M) 4.456ms
[315.037s][info][gc,cpu         ] GC(397) User=0.01s Sys=0.00s Real=0.01s
[315.217s][info][gc,start       ] GC(398) Pause Young (Normal) (G1 Evacuation Pause)
[315.217s][info][gc,task        ] GC(398) Using 8 workers of 8 for evacuation
[315.220s][info][gc,phases      ] GC(398)   Pre Evacuate Collection Set: 0.1ms
[315.220s][info][gc,phases      ] GC(398)   Merge Heap Roots: 0.0ms
[315.220s][info][gc,phases      ] GC(398)   Evacuate Collection Set: 2.1ms
[315.220s][info][gc,phases      ] GC(398)   Post Evacuate Collection Set: 0.3ms
[315.220s][info][gc,phases      ] GC(398)   Other: 0.2ms
[315.220s][info][gc,heap        ] GC(398) Eden regions: 22->0(22)
[315.220s][info][gc,heap        ] GC(398) Survivor regions: 3->3(4)
[315.220s][info][gc,heap        ] GC(398) Old regions: 449->450
[315.220s][info][gc,heap        ] GC(398) Archive regions: 2->2
[315.220s][info][gc,heap        ] GC(398) Humongous regions: 11->11
[315.220s][info][gc,metaspace   ] GC(398) Metaspace: 48567K(49872K)->48567K(49872K) NonClass: 42716K(43600K)->42716K(43600K) Class: 5851K(6272K)->5851K(6272K)
[315.220s][info][gc             ] GC(398) Pause Young (Normal) (G1 Evacuation Pause) 482M->461M(512M) 2.915ms
[315.220s][info][gc,cpu         ] GC(398) User=0.02s Sys=0.00s Real=0.00s
[315.390s][info][gc,start       ] GC(399) Pause Young (Normal) (G1 Evacuation Pause)
[315.390s][info][gc,task        ] GC(399) Using 8 workers of 8 for evacuation
[315.393s][info][gc,phases      ] GC(399)   Pre Evacuate Collection Set: 0.1ms
[315.393s][info][gc,phases      ] GC(399)   Merge Heap Roots: 0.0ms
[315.393s][info][gc,phases      ] GC(399)   Evacuate Collection Set: 2.2ms
[315.393s][info][gc,phases      ] GC(399)   Post Evacuate Collection Set: 0.3ms
[315.393s][info][gc,phases      ] GC(399)   Other: 0.2ms
[315.393s][info][gc,heap        ] GC(399) Eden regions: 22->0(22)
[315.393s][info][gc,heap        ] GC(399) Survivor regions: 3->3(4)
[315.393s][info][gc,heap        ] GC(399) Old regions: 450->450
[315.393s][info][gc,heap        ] GC(399) Archive regions: 2->2
[315.393s][info][gc,heap        ] GC(399) Humongous regions: 11->11
[315.393s][info][gc,metaspace   ] GC(399) Metaspace: 48567K(49872K)->48567K(49872K) NonClass: 42716K(43600K)->42716K(43600K) Class: 5851K(6272K)->5851K(6272K)
[315.393s][info][gc             ] GC(399) Pause Young (Normal) (G1 Evacuation Pause) 483M->461M(512M) 2.936ms
[315.393s][info][gc,cpu         ] GC(399) User=0.02s Sys=0.00s Real=0.00s
[315.559s][info][gc,start       ] GC(400) Pause Young (Normal) (G1 Evacuation Pause)
[315.559s][info][gc,task        ] GC(400) Using 8 workers of 8 for evacuation
[315.562s][info][gc,phases      ] GC(400)   Pre Evacuate Collection Set: 0.1ms
[315.562s][info][gc,phases      ] GC(400)   Merge Heap Roots: 0.0ms
[315.562s][info][gc,phases      ] GC(400)   Evacuate Collection Set: 2.2ms
[315.562s][info][gc,phases      ] GC(400)   Post Evacuate Collection Set: 0.4ms
[315.562s][info][gc,phases      ] GC(400)   Other: 0.2ms
[315.562s][info][gc,heap        ] GC(400) Eden regions: 22->0(22)
[315.562s][info][gc,heap        ] GC(400) Survivor regions: 3->3(4)
[315.562s][info][gc,heap        ] GC(400) Old regions: 450->451
[315.562s][info][gc,heap        ] GC(400) Archive regions: 2->2
[315.562s][info][gc,heap        ] GC(400) Humongous regions: 11->11
[315.562s][info][gc,metaspace   ] GC(400) Metaspace: 48567K(49872K)->48567K(49872K) NonClass: 42716K(43600K)->42716K(43600K) Class: 5851K(6272K)->5851K(6272K)
[315.562s][info][gc             ] GC(400) Pause Young (Normal) (G1 Evacuation Pause) 483M->462M(512M) 3.038ms
[315.562s][info][gc,cpu         ] GC(400) User=0.01s Sys=0.00s Real=0.00s
[315.570s][info][gc,marking     ] GC(394) Concurrent Mark From Roots 1119.688ms
[315.570s][info][gc,marking     ] GC(394) Concurrent Preclean
[315.570s][info][gc,marking     ] GC(394) Concurrent Preclean 0.074ms
[315.570s][info][gc,marking     ] GC(394) Concurrent Mark (314.450s, 315.570s) 1119.829ms
[315.570s][info][gc,start       ] GC(394) Pause Remark
[315.571s][info][gc             ] GC(394) Pause Remark 463M->463M(512M) 1.554ms
[315.571s][info][gc,cpu         ] GC(394) User=0.01s Sys=0.00s Real=0.00s
[315.572s][info][gc,marking     ] GC(394) Concurrent Rebuild Remembered Sets
[315.708s][info][gc,start       ] GC(401) Pause Young (Normal) (G1 Evacuation Pause)
[315.708s][info][gc,task        ] GC(401) Using 8 workers of 8 for evacuation
[315.710s][info][gc,phases      ] GC(401)   Pre Evacuate Collection Set: 0.1ms
[315.710s][info][gc,phases      ] GC(401)   Merge Heap Roots: 0.0ms
[315.710s][info][gc,phases      ] GC(401)   Evacuate Collection Set: 2.0ms
[315.710s][info][gc,phases      ] GC(401)   Post Evacuate Collection Set: 0.2ms
[315.710s][info][gc,phases      ] GC(401)   Other: 0.2ms
[315.710s][info][gc,heap        ] GC(401) Eden regions: 22->0(22)
[315.710s][info][gc,heap        ] GC(401) Survivor regions: 3->3(4)
[315.710s][info][gc,heap        ] GC(401) Old regions: 451->452
[315.710s][info][gc,heap        ] GC(401) Archive regions: 2->2
[315.710s][info][gc,heap        ] GC(401) Humongous regions: 11->11
[315.710s][info][gc,metaspace   ] GC(401) Metaspace: 48567K(49872K)->48567K(49872K) NonClass: 42716K(43600K)->42716K(43600K) Class: 5851K(6272K)->5851K(6272K)
[315.710s][info][gc             ] GC(401) Pause Young (Normal) (G1 Evacuation Pause) 484M->462M(512M) 2.736ms
[315.710s][info][gc,cpu         ] GC(401) User=0.02s Sys=0.00s Real=0.00s
[315.875s][info][gc,start       ] GC(402) Pause Young (Normal) (G1 Evacuation Pause)
[315.875s][info][gc,task        ] GC(402) Using 8 workers of 8 for evacuation
[315.878s][info][gc,phases      ] GC(402)   Pre Evacuate Collection Set: 0.1ms
[315.878s][info][gc,phases      ] GC(402)   Merge Heap Roots: 0.1ms
[315.878s][info][gc,phases      ] GC(402)   Evacuate Collection Set: 2.5ms
[315.878s][info][gc,phases      ] GC(402)   Post Evacuate Collection Set: 0.3ms
[315.878s][info][gc,phases      ] GC(402)   Other: 0.2ms
[315.878s][info][gc,heap        ] GC(402) Eden regions: 22->0(22)
[315.878s][info][gc,heap        ] GC(402) Survivor regions: 3->3(4)
[315.878s][info][gc,heap        ] GC(402) Old regions: 452->452
[315.878s][info][gc,heap        ] GC(402) Archive regions: 2->2
[315.878s][info][gc,heap        ] GC(402) Humongous regions: 11->11
[315.878s][info][gc,metaspace   ] GC(402) Metaspace: 48567K(49872K)->48567K(49872K) NonClass: 42716K(43600K)->42716K(43600K) Class: 5851K(6272K)->5851K(6272K)
[315.878s][info][gc             ] GC(402) Pause Young (Normal) (G1 Evacuation Pause) 484M->463M(512M) 3.226ms
[315.878s][info][gc,cpu         ] GC(402) User=0.02s Sys=0.00s Real=0.01s
[316.022s][info][gc,start       ] GC(403) Pause Young (Normal) (G1 Evacuation Pause)
[316.022s][info][gc,task        ] GC(403) Using 8 workers of 8 for evacuation
[316.025s][info][gc,phases      ] GC(403)   Pre Evacuate Collection Set: 0.1ms
[316.025s][info][gc,phases      ] GC(403)   Merge Heap Roots: 0.1ms
[316.025s][info][gc,phases      ] GC(403)   Evacuate Collection Set: 2.3ms
[316.025s][info][gc,phases      ] GC(403)   Post Evacuate Collection Set: 0.2ms
[316.025s][info][gc,phases      ] GC(403)   Other: 0.2ms
[316.025s][info][gc,heap        ] GC(403) Eden regions: 22->0(22)
[316.025s][info][gc,heap        ] GC(403) Survivor regions: 3->3(4)
[316.025s][info][gc,heap        ] GC(403) Old regions: 452->453
[316.025s][info][gc,heap        ] GC(403) Archive regions: 2->2
[316.025s][info][gc,heap        ] GC(403) Humongous regions: 11->11
[316.025s][info][gc,metaspace   ] GC(403) Metaspace: 48568K(49872K)->48568K(49872K) NonClass: 42716K(43600K)->42716K(43600K) Class: 5851K(6272K)->5851K(6272K)
[316.025s][info][gc             ] GC(403) Pause Young (Normal) (G1 Evacuation Pause) 485M->463M(512M) 2.953ms
[316.025s][info][gc,cpu         ] GC(403) User=0.01s Sys=0.00s Real=0.00s
[316.186s][info][gc,start       ] GC(404) Pause Young (Normal) (G1 Evacuation Pause)
[316.186s][info][gc,task        ] GC(404) Using 8 workers of 8 for evacuation
[316.189s][info][gc,phases      ] GC(404)   Pre Evacuate Collection Set: 0.1ms
[316.189s][info][gc,phases      ] GC(404)   Merge Heap Roots: 0.1ms
[316.189s][info][gc,phases      ] GC(404)   Evacuate Collection Set: 2.6ms
[316.189s][info][gc,phases      ] GC(404)   Post Evacuate Collection Set: 0.4ms
[316.190s][info][gc,phases      ] GC(404)   Other: 0.2ms
[316.190s][info][gc,heap        ] GC(404) Eden regions: 22->0(22)
[316.190s][info][gc,heap        ] GC(404) Survivor regions: 3->3(4)
[316.190s][info][gc,heap        ] GC(404) Old regions: 453->453
[316.190s][info][gc,heap        ] GC(404) Archive regions: 2->2
[316.190s][info][gc,heap        ] GC(404) Humongous regions: 11->11
[316.190s][info][gc,metaspace   ] GC(404) Metaspace: 48568K(49872K)->48568K(49872K) NonClass: 42716K(43600K)->42716K(43600K) Class: 5851K(6272K)->5851K(6272K)
[316.190s][info][gc             ] GC(404) Pause Young (Normal) (G1 Evacuation Pause) 485M->464M(512M) 3.650ms
[316.190s][info][gc,cpu         ] GC(404) User=0.01s Sys=0.01s Real=0.00s
[316.216s][info][gc,marking     ] GC(394) Concurrent Rebuild Remembered Sets 643.711ms
[316.216s][info][gc,start       ] GC(394) Pause Cleanup
[316.216s][info][gc             ] GC(394) Pause Cleanup 469M->469M(512M) 0.267ms
[316.216s][info][gc,cpu         ] GC(394) User=0.01s Sys=0.00s Real=0.00s
[316.216s][info][gc,marking     ] GC(394) Concurrent Cleanup for Next Mark
[316.218s][info][gc,marking     ] GC(394) Concurrent Cleanup for Next Mark 1.369ms
[316.218s][info][gc             ] GC(394) Concurrent Cycle 1770.522ms
[316.340s][info][gc,start       ] GC(405) Pause Young (Normal) (G1 Evacuation Pause)
[316.340s][info][gc,task        ] GC(405) Using 8 workers of 8 for evacuation
[316.344s][info][gc,phases      ] GC(405)   Pre Evacuate Collection Set: 0.1ms
[316.344s][info][gc,phases      ] GC(405)   Merge Heap Roots: 0.1ms
[316.344s][info][gc,phases      ] GC(405)   Evacuate Collection Set: 2.5ms
[316.344s][info][gc,phases      ] GC(405)   Post Evacuate Collection Set: 0.4ms
[316.344s][info][gc,phases      ] GC(405)   Other: 0.3ms
[316.344s][info][gc,heap        ] GC(405) Eden regions: 22->0(22)
[316.344s][info][gc,heap        ] GC(405) Survivor regions: 3->3(4)
[316.344s][info][gc,heap        ] GC(405) Old regions: 453->454
[316.344s][info][gc,heap        ] GC(405) Archive regions: 2->2
[316.344s][info][gc,heap        ] GC(405) Humongous regions: 11->11
[316.344s][info][gc,metaspace   ] GC(405) Metaspace: 48568K(49872K)->48568K(49872K) NonClass: 42716K(43600K)->42716K(43600K) Class: 5851K(6272K)->5851K(6272K)
[316.344s][info][gc             ] GC(405) Pause Young (Normal) (G1 Evacuation Pause) 486M->464M(512M) 3.627ms
[316.344s][info][gc,cpu         ] GC(405) User=0.01s Sys=0.00s Real=0.00s
[316.503s][info][gc,start       ] GC(406) Pause Young (Concurrent Start) (G1 Evacuation Pause)
[316.503s][info][gc,task        ] GC(406) Using 8 workers of 8 for evacuation
[316.506s][info][gc,phases      ] GC(406)   Pre Evacuate Collection Set: 0.1ms
[316.506s][info][gc,phases      ] GC(406)   Merge Heap Roots: 0.0ms
[316.506s][info][gc,phases      ] GC(406)   Evacuate Collection Set: 2.6ms
[316.506s][info][gc,phases      ] GC(406)   Post Evacuate Collection Set: 0.4ms
[316.506s][info][gc,phases      ] GC(406)   Other: 0.3ms
[316.506s][info][gc,heap        ] GC(406) Eden regions: 22->0(22)
[316.507s][info][gc,heap        ] GC(406) Survivor regions: 3->3(4)
[316.507s][info][gc,heap        ] GC(406) Old regions: 454->454
[316.507s][info][gc,heap        ] GC(406) Archive regions: 2->2
[316.507s][info][gc,heap        ] GC(406) Humongous regions: 11->11
[316.507s][info][gc,metaspace   ] GC(406) Metaspace: 48568K(49872K)->48568K(49872K) NonClass: 42716K(43600K)->42716K(43600K) Class: 5851K(6272K)->5851K(6272K)
[316.507s][info][gc             ] GC(406) Pause Young (Concurrent Start) (G1 Evacuation Pause) 486M->465M(512M) 3.566ms
[316.507s][info][gc,cpu         ] GC(406) User=0.01s Sys=0.00s Real=0.01s
[316.507s][info][gc             ] GC(407) Concurrent Cycle
[316.507s][info][gc,marking     ] GC(407) Concurrent Clear Claimed Marks
[316.507s][info][gc,marking     ] GC(407) Concurrent Clear Claimed Marks 0.075ms
[316.507s][info][gc,marking     ] GC(407) Concurrent Scan Root Regions
[316.510s][info][gc,marking     ] GC(407) Concurrent Scan Root Regions 3.143ms
[316.510s][info][gc,marking     ] GC(407) Concurrent Mark (316.510s)
[316.510s][info][gc,marking     ] GC(407) Concurrent Mark From Roots
[316.510s][info][gc,task        ] GC(407) Using 2 workers of 2 for marking
[316.705s][info][gc,start       ] GC(408) Pause Young (Normal) (G1 Evacuation Pause)
[316.705s][info][gc,task        ] GC(408) Using 8 workers of 8 for evacuation
[316.707s][info][gc,phases      ] GC(408)   Pre Evacuate Collection Set: 0.1ms
[316.707s][info][gc,phases      ] GC(408)   Merge Heap Roots: 0.0ms
[316.707s][info][gc,phases      ] GC(408)   Evacuate Collection Set: 1.9ms
[316.707s][info][gc,phases      ] GC(408)   Post Evacuate Collection Set: 0.2ms
[316.707s][info][gc,phases      ] GC(408)   Other: 0.2ms
[316.707s][info][gc,heap        ] GC(408) Eden regions: 22->0(22)
[316.707s][info][gc,heap        ] GC(408) Survivor regions: 3->3(4)
[316.707s][info][gc,heap        ] GC(408) Old regions: 454->455
[316.707s][info][gc,heap        ] GC(408) Archive regions: 2->2
[316.707s][info][gc,heap        ] GC(408) Humongous regions: 11->11
[316.707s][info][gc,metaspace   ] GC(408) Metaspace: 48568K(49872K)->48568K(49872K) NonClass: 42716K(43600K)->42716K(43600K) Class: 5851K(6272K)->5851K(6272K)
[316.707s][info][gc             ] GC(408) Pause Young (Normal) (G1 Evacuation Pause) 487M->465M(512M) 2.755ms
[316.707s][info][gc,cpu         ] GC(408) User=0.01s Sys=0.00s Real=0.01s
[316.912s][info][gc,start       ] GC(409) Pause Young (Normal) (G1 Evacuation Pause)
[316.912s][info][gc,task        ] GC(409) Using 8 workers of 8 for evacuation
[316.915s][info][gc,phases      ] GC(409)   Pre Evacuate Collection Set: 0.1ms
[316.915s][info][gc,phases      ] GC(409)   Merge Heap Roots: 0.1ms
[316.915s][info][gc,phases      ] GC(409)   Evacuate Collection Set: 3.0ms
[316.915s][info][gc,phases      ] GC(409)   Post Evacuate Collection Set: 0.5ms
[316.915s][info][gc,phases      ] GC(409)   Other: 0.2ms
[316.915s][info][gc,heap        ] GC(409) Eden regions: 22->0(22)
[316.915s][info][gc,heap        ] GC(409) Survivor regions: 3->3(4)
[316.915s][info][gc,heap        ] GC(409) Old regions: 455->455
[316.915s][info][gc,heap        ] GC(409) Archive regions: 2->2
[316.915s][info][gc,heap        ] GC(409) Humongous regions: 11->11
[316.916s][info][gc,metaspace   ] GC(409) Metaspace: 48568K(49872K)->48568K(49872K) NonClass: 42716K(43600K)->42716K(43600K) Class: 5851K(6272K)->5851K(6272K)
[316.916s][info][gc             ] GC(409) Pause Young (Normal) (G1 Evacuation Pause) 487M->466M(512M) 3.999ms
[316.916s][info][gc,cpu         ] GC(409) User=0.02s Sys=0.00s Real=0.00s
[317.092s][info][gc,start       ] GC(410) Pause Young (Normal) (G1 Evacuation Pause)
[317.092s][info][gc,task        ] GC(410) Using 8 workers of 8 for evacuation
[317.095s][info][gc,phases      ] GC(410)   Pre Evacuate Collection Set: 0.1ms
[317.095s][info][gc,phases      ] GC(410)   Merge Heap Roots: 0.0ms
[317.095s][info][gc,phases      ] GC(410)   Evacuate Collection Set: 2.2ms
[317.095s][info][gc,phases      ] GC(410)   Post Evacuate Collection Set: 0.3ms
[317.095s][info][gc,phases      ] GC(410)   Other: 0.2ms
[317.095s][info][gc,heap        ] GC(410) Eden regions: 22->0(22)
[317.095s][info][gc,heap        ] GC(410) Survivor regions: 3->3(4)
[317.095s][info][gc,heap        ] GC(410) Old regions: 455->456
[317.095s][info][gc,heap        ] GC(410) Archive regions: 2->2
[317.095s][info][gc,heap        ] GC(410) Humongous regions: 11->11
[317.095s][info][gc,metaspace   ] GC(410) Metaspace: 48568K(49872K)->48568K(49872K) NonClass: 42716K(43600K)->42716K(43600K) Class: 5851K(6272K)->5851K(6272K)
[317.095s][info][gc             ] GC(410) Pause Young (Normal) (G1 Evacuation Pause) 488M->467M(512M) 3.029ms
[317.095s][info][gc,cpu         ] GC(410) User=0.01s Sys=0.00s Real=0.00s
[317.265s][info][gc,start       ] GC(411) Pause Young (Normal) (G1 Evacuation Pause)
[317.265s][info][gc,task        ] GC(411) Using 8 workers of 8 for evacuation
[317.268s][info][gc,phases      ] GC(411)   Pre Evacuate Collection Set: 0.1ms
[317.268s][info][gc,phases      ] GC(411)   Merge Heap Roots: 0.1ms
[317.268s][info][gc,phases      ] GC(411)   Evacuate Collection Set: 2.0ms
[317.268s][info][gc,phases      ] GC(411)   Post Evacuate Collection Set: 0.2ms
[317.268s][info][gc,phases      ] GC(411)   Other: 0.2ms
[317.268s][info][gc,heap        ] GC(411) Eden regions: 22->0(22)
[317.268s][info][gc,heap        ] GC(411) Survivor regions: 3->3(4)
[317.268s][info][gc,heap        ] GC(411) Old regions: 456->456
[317.268s][info][gc,heap        ] GC(411) Archive regions: 2->2
[317.268s][info][gc,heap        ] GC(411) Humongous regions: 11->11
[317.268s][info][gc,metaspace   ] GC(411) Metaspace: 48568K(49872K)->48568K(49872K) NonClass: 42716K(43600K)->42716K(43600K) Class: 5851K(6272K)->5851K(6272K)
[317.268s][info][gc             ] GC(411) Pause Young (Normal) (G1 Evacuation Pause) 489M->467M(512M) 2.724ms
[317.268s][info][gc,cpu         ] GC(411) User=0.01s Sys=0.00s Real=0.01s
[317.429s][info][gc,start       ] GC(412) Pause Young (Normal) (G1 Evacuation Pause)
[317.429s][info][gc,task        ] GC(412) Using 8 workers of 8 for evacuation
[317.432s][info][gc,phases      ] GC(412)   Pre Evacuate Collection Set: 0.1ms
[317.432s][info][gc,phases      ] GC(412)   Merge Heap Roots: 0.0ms
[317.432s][info][gc,phases      ] GC(412)   Evacuate Collection Set: 2.2ms
[317.432s][info][gc,phases      ] GC(412)   Post Evacuate Collection Set: 0.2ms
[317.432s][info][gc,phases      ] GC(412)   Other: 0.2ms
[317.432s][info][gc,heap        ] GC(412) Eden regions: 22->0(22)
[317.432s][info][gc,heap        ] GC(412) Survivor regions: 3->3(4)
[317.432s][info][gc,heap        ] GC(412) Old regions: 456->457
[317.432s][info][gc,heap        ] GC(412) Archive regions: 2->2
[317.432s][info][gc,heap        ] GC(412) Humongous regions: 11->11
[317.432s][info][gc,metaspace   ] GC(412) Metaspace: 48568K(49872K)->48568K(49872K) NonClass: 42716K(43600K)->42716K(43600K) Class: 5851K(6272K)->5851K(6272K)
[317.432s][info][gc             ] GC(412) Pause Young (Normal) (G1 Evacuation Pause) 489M->468M(512M) 2.924ms
[317.432s][info][gc,cpu         ] GC(412) User=0.02s Sys=0.00s Real=0.00s
[317.522s][info][gc,marking     ] GC(407) Concurrent Mark From Roots 1012.210ms
[317.522s][info][gc,marking     ] GC(407) Concurrent Preclean
[317.522s][info][gc,marking     ] GC(407) Concurrent Preclean 0.095ms
[317.522s][info][gc,marking     ] GC(407) Concurrent Mark (316.510s, 317.522s) 1012.420ms
[317.523s][info][gc,start       ] GC(407) Pause Remark
[317.524s][info][gc             ] GC(407) Pause Remark 480M->480M(512M) 1.518ms
[317.524s][info][gc,cpu         ] GC(407) User=0.01s Sys=0.00s Real=0.00s
[317.524s][info][gc,marking     ] GC(407) Concurrent Rebuild Remembered Sets
[317.591s][info][gc,start       ] GC(413) Pause Young (Normal) (G1 Evacuation Pause)
[317.591s][info][gc,task        ] GC(413) Using 8 workers of 8 for evacuation
[317.594s][info][gc,phases      ] GC(413)   Pre Evacuate Collection Set: 0.1ms
[317.594s][info][gc,phases      ] GC(413)   Merge Heap Roots: 0.0ms
[317.594s][info][gc,phases      ] GC(413)   Evacuate Collection Set: 2.2ms
[317.594s][info][gc,phases      ] GC(413)   Post Evacuate Collection Set: 0.3ms
[317.594s][info][gc,phases      ] GC(413)   Other: 0.2ms
[317.594s][info][gc,heap        ] GC(413) Eden regions: 22->0(22)
[317.594s][info][gc,heap        ] GC(413) Survivor regions: 3->3(4)
[317.594s][info][gc,heap        ] GC(413) Old regions: 457->457
[317.594s][info][gc,heap        ] GC(413) Archive regions: 2->2
[317.594s][info][gc,heap        ] GC(413) Humongous regions: 11->11
[317.594s][info][gc,metaspace   ] GC(413) Metaspace: 48569K(49872K)->48569K(49872K) NonClass: 42718K(43600K)->42718K(43600K) Class: 5851K(6272K)->5851K(6272K)
[317.594s][info][gc             ] GC(413) Pause Young (Normal) (G1 Evacuation Pause) 490M->468M(512M) 2.971ms
[317.594s][info][gc,cpu         ] GC(413) User=0.02s Sys=0.00s Real=0.00s
[317.748s][info][gc,start       ] GC(414) Pause Young (Normal) (G1 Evacuation Pause)
[317.748s][info][gc,task        ] GC(414) Using 8 workers of 8 for evacuation
[317.751s][info][gc,phases      ] GC(414)   Pre Evacuate Collection Set: 0.1ms
[317.751s][info][gc,phases      ] GC(414)   Merge Heap Roots: 0.1ms
[317.751s][info][gc,phases      ] GC(414)   Evacuate Collection Set: 2.8ms
[317.751s][info][gc,phases      ] GC(414)   Post Evacuate Collection Set: 0.5ms
[317.751s][info][gc,phases      ] GC(414)   Other: 0.2ms
[317.751s][info][gc,heap        ] GC(414) Eden regions: 22->0(22)
[317.751s][info][gc,heap        ] GC(414) Survivor regions: 3->3(4)
[317.751s][info][gc,heap        ] GC(414) Old regions: 457->458
[317.751s][info][gc,heap        ] GC(414) Archive regions: 2->2
[317.751s][info][gc,heap        ] GC(414) Humongous regions: 11->11
[317.751s][info][gc,metaspace   ] GC(414) Metaspace: 48569K(49872K)->48569K(49872K) NonClass: 42718K(43600K)->42718K(43600K) Class: 5851K(6272K)->5851K(6272K)
[317.752s][info][gc             ] GC(414) Pause Young (Normal) (G1 Evacuation Pause) 490M->469M(512M) 3.848ms
[317.752s][info][gc,cpu         ] GC(414) User=0.02s Sys=0.00s Real=0.00s
[317.896s][info][gc,start       ] GC(415) Pause Young (Normal) (G1 Evacuation Pause)
[317.896s][info][gc,task        ] GC(415) Using 8 workers of 8 for evacuation
[317.899s][info][gc,phases      ] GC(415)   Pre Evacuate Collection Set: 0.1ms
[317.899s][info][gc,phases      ] GC(415)   Merge Heap Roots: 0.1ms
[317.899s][info][gc,phases      ] GC(415)   Evacuate Collection Set: 2.7ms
[317.899s][info][gc,phases      ] GC(415)   Post Evacuate Collection Set: 0.3ms
[317.899s][info][gc,phases      ] GC(415)   Other: 0.1ms
[317.899s][info][gc,heap        ] GC(415) Eden regions: 22->0(22)
[317.899s][info][gc,heap        ] GC(415) Survivor regions: 3->3(4)
[317.899s][info][gc,heap        ] GC(415) Old regions: 458->458
[317.899s][info][gc,heap        ] GC(415) Archive regions: 2->2
[317.899s][info][gc,heap        ] GC(415) Humongous regions: 11->11
[317.899s][info][gc,metaspace   ] GC(415) Metaspace: 48569K(49872K)->48569K(49872K) NonClass: 42718K(43600K)->42718K(43600K) Class: 5851K(6272K)->5851K(6272K)
[317.899s][info][gc             ] GC(415) Pause Young (Normal) (G1 Evacuation Pause) 491M->469M(512M) 3.360ms
[317.899s][info][gc,cpu         ] GC(415) User=0.01s Sys=0.00s Real=0.00s
[318.037s][info][gc,start       ] GC(416) Pause Young (Normal) (G1 Evacuation Pause)
[318.037s][info][gc,task        ] GC(416) Using 8 workers of 8 for evacuation
[318.040s][info][gc,phases      ] GC(416)   Pre Evacuate Collection Set: 0.1ms
[318.040s][info][gc,phases      ] GC(416)   Merge Heap Roots: 0.0ms
[318.040s][info][gc,phases      ] GC(416)   Evacuate Collection Set: 2.4ms
[318.040s][info][gc,phases      ] GC(416)   Post Evacuate Collection Set: 0.2ms
[318.040s][info][gc,phases      ] GC(416)   Other: 0.2ms
[318.040s][info][gc,heap        ] GC(416) Eden regions: 22->0(22)
[318.040s][info][gc,heap        ] GC(416) Survivor regions: 3->3(4)
[318.040s][info][gc,heap        ] GC(416) Old regions: 458->459
[318.040s][info][gc,heap        ] GC(416) Archive regions: 2->2
[318.040s][info][gc,heap        ] GC(416) Humongous regions: 11->11
[318.040s][info][gc,metaspace   ] GC(416) Metaspace: 48569K(49872K)->48569K(49872K) NonClass: 42718K(43600K)->42718K(43600K) Class: 5851K(6272K)->5851K(6272K)
[318.040s][info][gc             ] GC(416) Pause Young (Normal) (G1 Evacuation Pause) 491M->470M(512M) 3.086ms
[318.040s][info][gc,cpu         ] GC(416) User=0.02s Sys=0.00s Real=0.00s
[318.217s][info][gc,marking     ] GC(407) Concurrent Rebuild Remembered Sets 692.340ms
[318.217s][info][gc,start       ] GC(407) Pause Cleanup
[318.217s][info][gc             ] GC(407) Pause Cleanup 489M->489M(512M) 0.335ms
[318.217s][info][gc,cpu         ] GC(407) User=0.00s Sys=0.00s Real=0.00s
[318.217s][info][gc,marking     ] GC(407) Concurrent Cleanup for Next Mark
[318.219s][info][gc,marking     ] GC(407) Concurrent Cleanup for Next Mark 1.164ms
[318.219s][info][gc             ] GC(407) Concurrent Cycle 1711.929ms
[318.236s][info][gc,start       ] GC(417) Pause Young (Normal) (G1 Evacuation Pause)
[318.236s][info][gc,task        ] GC(417) Using 8 workers of 8 for evacuation
[318.239s][info][gc,phases      ] GC(417)   Pre Evacuate Collection Set: 0.1ms
[318.240s][info][gc,phases      ] GC(417)   Merge Heap Roots: 0.0ms
[318.240s][info][gc,phases      ] GC(417)   Evacuate Collection Set: 3.0ms
[318.240s][info][gc,phases      ] GC(417)   Post Evacuate Collection Set: 0.3ms
[318.240s][info][gc,phases      ] GC(417)   Other: 0.4ms
[318.240s][info][gc,heap        ] GC(417) Eden regions: 22->0(22)
[318.240s][info][gc,heap        ] GC(417) Survivor regions: 3->3(4)
[318.240s][info][gc,heap        ] GC(417) Old regions: 459->460
[318.240s][info][gc,heap        ] GC(417) Archive regions: 2->2
[318.240s][info][gc,heap        ] GC(417) Humongous regions: 11->11
[318.240s][info][gc,metaspace   ] GC(417) Metaspace: 48570K(49872K)->48570K(49872K) NonClass: 42719K(43600K)->42719K(43600K) Class: 5851K(6272K)->5851K(6272K)
[318.240s][info][gc             ] GC(417) Pause Young (Normal) (G1 Evacuation Pause) 492M->470M(512M) 4.039ms
[318.240s][info][gc,cpu         ] GC(417) User=0.02s Sys=0.00s Real=0.01s
[318.395s][info][gc,start       ] GC(418) Pause Young (Concurrent Start) (G1 Evacuation Pause)
[318.395s][info][gc,task        ] GC(418) Using 8 workers of 8 for evacuation
[318.398s][info][gc,phases      ] GC(418)   Pre Evacuate Collection Set: 0.1ms
[318.398s][info][gc,phases      ] GC(418)   Merge Heap Roots: 0.1ms
[318.398s][info][gc,phases      ] GC(418)   Evacuate Collection Set: 2.4ms
[318.398s][info][gc,phases      ] GC(418)   Post Evacuate Collection Set: 0.2ms
[318.398s][info][gc,phases      ] GC(418)   Other: 0.2ms
[318.398s][info][gc,heap        ] GC(418) Eden regions: 22->0(22)
[318.398s][info][gc,heap        ] GC(418) Survivor regions: 3->3(4)
[318.398s][info][gc,heap        ] GC(418) Old regions: 460->460
[318.398s][info][gc,heap        ] GC(418) Archive regions: 2->2
[318.398s][info][gc,heap        ] GC(418) Humongous regions: 11->11
[318.398s][info][gc,metaspace   ] GC(418) Metaspace: 48570K(49872K)->48570K(49872K) NonClass: 42719K(43600K)->42719K(43600K) Class: 5851K(6272K)->5851K(6272K)
[318.398s][info][gc             ] GC(418) Pause Young (Concurrent Start) (G1 Evacuation Pause) 492M->471M(512M) 3.161ms
[318.398s][info][gc,cpu         ] GC(418) User=0.01s Sys=0.00s Real=0.01s
[318.398s][info][gc             ] GC(419) Concurrent Cycle
[318.398s][info][gc,marking     ] GC(419) Concurrent Clear Claimed Marks
[318.398s][info][gc,marking     ] GC(419) Concurrent Clear Claimed Marks 0.049ms
[318.398s][info][gc,marking     ] GC(419) Concurrent Scan Root Regions
[318.401s][info][gc,marking     ] GC(419) Concurrent Scan Root Regions 2.406ms
[318.401s][info][gc,marking     ] GC(419) Concurrent Mark (318.401s)
[318.401s][info][gc,marking     ] GC(419) Concurrent Mark From Roots
[318.401s][info][gc,task        ] GC(419) Using 2 workers of 2 for marking
[318.576s][info][gc,start       ] GC(420) Pause Young (Normal) (G1 Evacuation Pause)
[318.576s][info][gc,task        ] GC(420) Using 8 workers of 8 for evacuation
[318.578s][info][gc,phases      ] GC(420)   Pre Evacuate Collection Set: 0.1ms
[318.578s][info][gc,phases      ] GC(420)   Merge Heap Roots: 0.0ms
[318.578s][info][gc,phases      ] GC(420)   Evacuate Collection Set: 2.1ms
[318.578s][info][gc,phases      ] GC(420)   Post Evacuate Collection Set: 0.2ms
[318.578s][info][gc,phases      ] GC(420)   Other: 0.2ms
[318.578s][info][gc,heap        ] GC(420) Eden regions: 22->0(22)
[318.578s][info][gc,heap        ] GC(420) Survivor regions: 3->3(4)
[318.578s][info][gc,heap        ] GC(420) Old regions: 460->461
[318.578s][info][gc,heap        ] GC(420) Archive regions: 2->2
[318.578s][info][gc,heap        ] GC(420) Humongous regions: 11->11
[318.578s][info][gc,metaspace   ] GC(420) Metaspace: 48570K(49872K)->48570K(49872K) NonClass: 42719K(43600K)->42719K(43600K) Class: 5851K(6272K)->5851K(6272K)
[318.579s][info][gc             ] GC(420) Pause Young (Normal) (G1 Evacuation Pause) 493M->471M(512M) 2.687ms
[318.579s][info][gc,cpu         ] GC(420) User=0.02s Sys=0.00s Real=0.00s
[318.754s][info][gc,start       ] GC(421) Pause Young (Normal) (G1 Evacuation Pause)
[318.754s][info][gc,task        ] GC(421) Using 8 workers of 8 for evacuation
[318.757s][info][gc,phases      ] GC(421)   Pre Evacuate Collection Set: 0.1ms
[318.757s][info][gc,phases      ] GC(421)   Merge Heap Roots: 0.0ms
[318.757s][info][gc,phases      ] GC(421)   Evacuate Collection Set: 2.3ms
[318.757s][info][gc,phases      ] GC(421)   Post Evacuate Collection Set: 0.5ms
[318.757s][info][gc,phases      ] GC(421)   Other: 0.2ms
[318.757s][info][gc,heap        ] GC(421) Eden regions: 22->0(22)
[318.757s][info][gc,heap        ] GC(421) Survivor regions: 3->3(4)
[318.757s][info][gc,heap        ] GC(421) Old regions: 461->461
[318.757s][info][gc,heap        ] GC(421) Archive regions: 2->2
[318.757s][info][gc,heap        ] GC(421) Humongous regions: 11->11
[318.757s][info][gc,metaspace   ] GC(421) Metaspace: 48570K(49872K)->48570K(49872K) NonClass: 42719K(43600K)->42719K(43600K) Class: 5851K(6272K)->5851K(6272K)
[318.757s][info][gc             ] GC(421) Pause Young (Normal) (G1 Evacuation Pause) 493M->472M(512M) 3.265ms
[318.757s][info][gc,cpu         ] GC(421) User=0.02s Sys=0.00s Real=0.01s
[318.957s][info][gc,start       ] GC(422) Pause Young (Normal) (G1 Evacuation Pause)
[318.957s][info][gc,task        ] GC(422) Using 8 workers of 8 for evacuation
[318.960s][info][gc,phases      ] GC(422)   Pre Evacuate Collection Set: 0.1ms
[318.960s][info][gc,phases      ] GC(422)   Merge Heap Roots: 0.0ms
[318.960s][info][gc,phases      ] GC(422)   Evacuate Collection Set: 2.2ms
[318.960s][info][gc,phases      ] GC(422)   Post Evacuate Collection Set: 0.2ms
[318.960s][info][gc,phases      ] GC(422)   Other: 0.2ms
[318.960s][info][gc,heap        ] GC(422) Eden regions: 22->0(22)
[318.960s][info][gc,heap        ] GC(422) Survivor regions: 3->3(4)
[318.960s][info][gc,heap        ] GC(422) Old regions: 461->462
[318.960s][info][gc,heap        ] GC(422) Archive regions: 2->2
[318.960s][info][gc,heap        ] GC(422) Humongous regions: 11->11
[318.960s][info][gc,metaspace   ] GC(422) Metaspace: 48570K(49872K)->48570K(49872K) NonClass: 42719K(43600K)->42719K(43600K) Class: 5851K(6272K)->5851K(6272K)
[318.960s][info][gc             ] GC(422) Pause Young (Normal) (G1 Evacuation Pause) 494M->473M(512M) 2.814ms
[318.960s][info][gc,cpu         ] GC(422) User=0.02s Sys=0.00s Real=0.00s
[319.124s][info][gc,start       ] GC(423) Pause Young (Normal) (G1 Evacuation Pause)
[319.124s][info][gc,task        ] GC(423) Using 8 workers of 8 for evacuation
[319.127s][info][gc,phases      ] GC(423)   Pre Evacuate Collection Set: 0.1ms
[319.127s][info][gc,phases      ] GC(423)   Merge Heap Roots: 0.0ms
[319.127s][info][gc,phases      ] GC(423)   Evacuate Collection Set: 2.1ms
[319.127s][info][gc,phases      ] GC(423)   Post Evacuate Collection Set: 0.2ms
[319.127s][info][gc,phases      ] GC(423)   Other: 0.2ms
[319.127s][info][gc,heap        ] GC(423) Eden regions: 22->0(22)
[319.127s][info][gc,heap        ] GC(423) Survivor regions: 3->3(4)
[319.127s][info][gc,heap        ] GC(423) Old regions: 462->462
[319.127s][info][gc,heap        ] GC(423) Archive regions: 2->2
[319.127s][info][gc,heap        ] GC(423) Humongous regions: 11->11
[319.127s][info][gc,metaspace   ] GC(423) Metaspace: 48570K(49872K)->48570K(49872K) NonClass: 42719K(43600K)->42719K(43600K) Class: 5851K(6272K)->5851K(6272K)
[319.127s][info][gc             ] GC(423) Pause Young (Normal) (G1 Evacuation Pause) 495M->473M(512M) 2.782ms
[319.127s][info][gc,cpu         ] GC(423) User=0.02s Sys=0.00s Real=0.01s
[319.285s][info][gc,start       ] GC(424) Pause Young (Normal) (G1 Evacuation Pause)
[319.285s][info][gc,task        ] GC(424) Using 8 workers of 8 for evacuation
[319.288s][info][gc,phases      ] GC(424)   Pre Evacuate Collection Set: 0.1ms
[319.288s][info][gc,phases      ] GC(424)   Merge Heap Roots: 0.0ms
[319.288s][info][gc,phases      ] GC(424)   Evacuate Collection Set: 2.3ms
[319.288s][info][gc,phases      ] GC(424)   Post Evacuate Collection Set: 0.4ms
[319.288s][info][gc,phases      ] GC(424)   Other: 0.2ms
[319.288s][info][gc,heap        ] GC(424) Eden regions: 22->0(22)
[319.288s][info][gc,heap        ] GC(424) Survivor regions: 3->3(4)
[319.288s][info][gc,heap        ] GC(424) Old regions: 462->463
[319.288s][info][gc,heap        ] GC(424) Archive regions: 2->2
[319.288s][info][gc,heap        ] GC(424) Humongous regions: 11->11
[319.288s][info][gc,metaspace   ] GC(424) Metaspace: 48570K(49872K)->48570K(49872K) NonClass: 42719K(43600K)->42719K(43600K) Class: 5851K(6272K)->5851K(6272K)
[319.288s][info][gc             ] GC(424) Pause Young (Normal) (G1 Evacuation Pause) 495M->474M(512M) 3.137ms
[319.289s][info][gc,cpu         ] GC(424) User=0.02s Sys=0.00s Real=0.01s
[319.470s][info][gc,start       ] GC(425) Pause Young (Normal) (G1 Evacuation Pause)
[319.470s][info][gc,task        ] GC(425) Using 8 workers of 8 for evacuation
[319.472s][info][gc,phases      ] GC(425)   Pre Evacuate Collection Set: 0.1ms
[319.472s][info][gc,phases      ] GC(425)   Merge Heap Roots: 0.1ms
[319.472s][info][gc,phases      ] GC(425)   Evacuate Collection Set: 2.3ms
[319.472s][info][gc,phases      ] GC(425)   Post Evacuate Collection Set: 0.2ms
[319.472s][info][gc,phases      ] GC(425)   Other: 0.2ms
[319.472s][info][gc,heap        ] GC(425) Eden regions: 22->0(22)
[319.472s][info][gc,heap        ] GC(425) Survivor regions: 3->3(4)
[319.472s][info][gc,heap        ] GC(425) Old regions: 463->463
[319.472s][info][gc,heap        ] GC(425) Archive regions: 2->2
[319.472s][info][gc,heap        ] GC(425) Humongous regions: 11->11
[319.472s][info][gc,metaspace   ] GC(425) Metaspace: 48570K(49872K)->48570K(49872K) NonClass: 42719K(43600K)->42719K(43600K) Class: 5851K(6272K)->5851K(6272K)
[319.472s][info][gc             ] GC(425) Pause Young (Normal) (G1 Evacuation Pause) 496M->474M(512M) 2.895ms
[319.472s][info][gc,cpu         ] GC(425) User=0.02s Sys=0.00s Real=0.00s
[319.518s][info][gc,marking     ] GC(419) Concurrent Mark From Roots 1117.246ms
[319.518s][info][gc,marking     ] GC(419) Concurrent Preclean
[319.518s][info][gc,marking     ] GC(419) Concurrent Preclean 0.174ms
[319.518s][info][gc,marking     ] GC(419) Concurrent Mark (318.401s, 319.518s) 1117.527ms
[319.519s][info][gc,start       ] GC(419) Pause Remark
[319.520s][info][gc             ] GC(419) Pause Remark 481M->481M(512M) 1.340ms
[319.520s][info][gc,cpu         ] GC(419) User=0.01s Sys=0.00s Real=0.00s
[319.520s][info][gc,marking     ] GC(419) Concurrent Rebuild Remembered Sets
[319.658s][info][gc,start       ] GC(426) Pause Young (Normal) (G1 Evacuation Pause)
[319.658s][info][gc,task        ] GC(426) Using 8 workers of 8 for evacuation
[319.661s][info][gc,phases      ] GC(426)   Pre Evacuate Collection Set: 0.1ms
[319.661s][info][gc,phases      ] GC(426)   Merge Heap Roots: 0.0ms
[319.661s][info][gc,phases      ] GC(426)   Evacuate Collection Set: 2.1ms
[319.661s][info][gc,phases      ] GC(426)   Post Evacuate Collection Set: 0.2ms
[319.661s][info][gc,phases      ] GC(426)   Other: 0.2ms
[319.661s][info][gc,heap        ] GC(426) Eden regions: 22->0(22)
[319.661s][info][gc,heap        ] GC(426) Survivor regions: 3->3(4)
[319.661s][info][gc,heap        ] GC(426) Old regions: 463->464
[319.661s][info][gc,heap        ] GC(426) Archive regions: 2->2
[319.661s][info][gc,heap        ] GC(426) Humongous regions: 11->11
[319.661s][info][gc,metaspace   ] GC(426) Metaspace: 48570K(49872K)->48570K(49872K) NonClass: 42719K(43600K)->42719K(43600K) Class: 5851K(6272K)->5851K(6272K)
[319.661s][info][gc             ] GC(426) Pause Young (Normal) (G1 Evacuation Pause) 496M->475M(512M) 2.678ms
[319.661s][info][gc,cpu         ] GC(426) User=0.02s Sys=0.00s Real=0.00s
[319.836s][info][gc,start       ] GC(427) Pause Young (Normal) (G1 Evacuation Pause)
[319.837s][info][gc,task        ] GC(427) Using 8 workers of 8 for evacuation
[319.840s][info][gc,phases      ] GC(427)   Pre Evacuate Collection Set: 0.1ms
[319.840s][info][gc,phases      ] GC(427)   Merge Heap Roots: 0.0ms
[319.840s][info][gc,phases      ] GC(427)   Evacuate Collection Set: 2.7ms
[319.840s][info][gc,phases      ] GC(427)   Post Evacuate Collection Set: 0.4ms
[319.840s][info][gc,phases      ] GC(427)   Other: 0.2ms
[319.840s][info][gc,heap        ] GC(427) Eden regions: 22->0(22)
[319.840s][info][gc,heap        ] GC(427) Survivor regions: 3->3(4)
[319.840s][info][gc,heap        ] GC(427) Old regions: 464->464
[319.840s][info][gc,heap        ] GC(427) Archive regions: 2->2
[319.840s][info][gc,heap        ] GC(427) Humongous regions: 11->11
[319.840s][info][gc,metaspace   ] GC(427) Metaspace: 48570K(49872K)->48570K(49872K) NonClass: 42719K(43600K)->42719K(43600K) Class: 5851K(6272K)->5851K(6272K)
[319.840s][info][gc             ] GC(427) Pause Young (Normal) (G1 Evacuation Pause) 497M->475M(512M) 3.570ms
[319.840s][info][gc,cpu         ] GC(427) User=0.02s Sys=0.00s Real=0.00s
[319.980s][info][gc,start       ] GC(428) Pause Young (Normal) (G1 Evacuation Pause)
[319.980s][info][gc,task        ] GC(428) Using 8 workers of 8 for evacuation
[319.983s][info][gc,phases      ] GC(428)   Pre Evacuate Collection Set: 0.1ms
[319.983s][info][gc,phases      ] GC(428)   Merge Heap Roots: 0.0ms
[319.983s][info][gc,phases      ] GC(428)   Evacuate Collection Set: 2.6ms
[319.983s][info][gc,phases      ] GC(428)   Post Evacuate Collection Set: 0.4ms
[319.983s][info][gc,phases      ] GC(428)   Other: 0.2ms
[319.983s][info][gc,heap        ] GC(428) Eden regions: 22->0(22)
[319.983s][info][gc,heap        ] GC(428) Survivor regions: 3->3(4)
[319.983s][info][gc,heap        ] GC(428) Old regions: 464->465
[319.983s][info][gc,heap        ] GC(428) Archive regions: 2->2
[319.983s][info][gc,heap        ] GC(428) Humongous regions: 11->11
[319.983s][info][gc,metaspace   ] GC(428) Metaspace: 48584K(49872K)->48584K(49872K) NonClass: 42730K(43600K)->42730K(43600K) Class: 5853K(6272K)->5853K(6272K)
[319.983s][info][gc             ] GC(428) Pause Young (Normal) (G1 Evacuation Pause) 497M->476M(512M) 3.397ms
[319.983s][info][gc,cpu         ] GC(428) User=0.02s Sys=0.00s Real=0.00s
[320.134s][info][gc,start       ] GC(429) Pause Young (Normal) (G1 Evacuation Pause)
[320.134s][info][gc,task        ] GC(429) Using 8 workers of 8 for evacuation
[320.137s][info][gc,phases      ] GC(429)   Pre Evacuate Collection Set: 0.1ms
[320.137s][info][gc,phases      ] GC(429)   Merge Heap Roots: 0.1ms
[320.137s][info][gc,phases      ] GC(429)   Evacuate Collection Set: 2.4ms
[320.137s][info][gc,phases      ] GC(429)   Post Evacuate Collection Set: 0.2ms
[320.137s][info][gc,phases      ] GC(429)   Other: 0.1ms
[320.137s][info][gc,heap        ] GC(429) Eden regions: 22->0(22)
[320.137s][info][gc,heap        ] GC(429) Survivor regions: 3->3(4)
[320.137s][info][gc,heap        ] GC(429) Old regions: 465->465
[320.137s][info][gc,heap        ] GC(429) Archive regions: 2->2
[320.137s][info][gc,heap        ] GC(429) Humongous regions: 11->11
[320.137s][info][gc,metaspace   ] GC(429) Metaspace: 48584K(49872K)->48584K(49872K) NonClass: 42730K(43600K)->42730K(43600K) Class: 5853K(6272K)->5853K(6272K)
[320.137s][info][gc             ] GC(429) Pause Young (Normal) (G1 Evacuation Pause) 498M->476M(512M) 2.959ms
[320.137s][info][gc,cpu         ] GC(429) User=0.02s Sys=0.00s Real=0.01s
[320.218s][info][gc,marking     ] GC(419) Concurrent Rebuild Remembered Sets 697.854ms
[320.218s][info][gc,start       ] GC(419) Pause Cleanup
[320.219s][info][gc             ] GC(419) Pause Cleanup 489M->489M(512M) 0.295ms
[320.219s][info][gc,cpu         ] GC(419) User=0.00s Sys=0.00s Real=0.00s
[320.219s][info][gc,marking     ] GC(419) Concurrent Cleanup for Next Mark
[320.220s][info][gc,marking     ] GC(419) Concurrent Cleanup for Next Mark 1.130ms
[320.220s][info][gc             ] GC(419) Concurrent Cycle 1821.699ms
[320.277s][info][gc,start       ] GC(430) Pause Young (Normal) (G1 Evacuation Pause)
[320.277s][info][gc,task        ] GC(430) Using 8 workers of 8 for evacuation
[320.281s][info][gc,phases      ] GC(430)   Pre Evacuate Collection Set: 0.1ms
[320.281s][info][gc,phases      ] GC(430)   Merge Heap Roots: 0.1ms
[320.281s][info][gc,phases      ] GC(430)   Evacuate Collection Set: 3.2ms
[320.281s][info][gc,phases      ] GC(430)   Post Evacuate Collection Set: 0.3ms
[320.281s][info][gc,phases      ] GC(430)   Other: 0.2ms
[320.281s][info][gc,heap        ] GC(430) Eden regions: 22->0(22)
[320.281s][info][gc,heap        ] GC(430) Survivor regions: 3->3(4)
[320.281s][info][gc,heap        ] GC(430) Old regions: 465->466
[320.281s][info][gc,heap        ] GC(430) Archive regions: 2->2
[320.281s][info][gc,heap        ] GC(430) Humongous regions: 11->11
[320.281s][info][gc,metaspace   ] GC(430) Metaspace: 48584K(49872K)->48584K(49872K) NonClass: 42730K(43600K)->42730K(43600K) Class: 5853K(6272K)->5853K(6272K)
[320.281s][info][gc             ] GC(430) Pause Young (Normal) (G1 Evacuation Pause) 498M->477M(512M) 3.886ms
[320.281s][info][gc,cpu         ] GC(430) User=0.01s Sys=0.00s Real=0.00s
[320.417s][info][gc,start       ] GC(431) Pause Young (Concurrent Start) (G1 Evacuation Pause)
[320.417s][info][gc,task        ] GC(431) Using 8 workers of 8 for evacuation
[320.420s][info][gc,phases      ] GC(431)   Pre Evacuate Collection Set: 0.1ms
[320.420s][info][gc,phases      ] GC(431)   Merge Heap Roots: 0.1ms
[320.420s][info][gc,phases      ] GC(431)   Evacuate Collection Set: 2.1ms
[320.420s][info][gc,phases      ] GC(431)   Post Evacuate Collection Set: 0.5ms
[320.420s][info][gc,phases      ] GC(431)   Other: 0.4ms
[320.420s][info][gc,heap        ] GC(431) Eden regions: 22->0(22)
[320.420s][info][gc,heap        ] GC(431) Survivor regions: 3->3(4)
[320.420s][info][gc,heap        ] GC(431) Old regions: 466->467
[320.420s][info][gc,heap        ] GC(431) Archive regions: 2->2
[320.420s][info][gc,heap        ] GC(431) Humongous regions: 11->11
[320.420s][info][gc,metaspace   ] GC(431) Metaspace: 48584K(49872K)->48584K(49872K) NonClass: 42730K(43600K)->42730K(43600K) Class: 5853K(6272K)->5853K(6272K)
[320.420s][info][gc             ] GC(431) Pause Young (Concurrent Start) (G1 Evacuation Pause) 499M->477M(512M) 3.478ms
[320.420s][info][gc,cpu         ] GC(431) User=0.02s Sys=0.00s Real=0.00s
[320.420s][info][gc             ] GC(432) Concurrent Cycle
[320.420s][info][gc,marking     ] GC(432) Concurrent Clear Claimed Marks
[320.420s][info][gc,marking     ] GC(432) Concurrent Clear Claimed Marks 0.081ms
[320.420s][info][gc,marking     ] GC(432) Concurrent Scan Root Regions
[320.427s][info][gc,marking     ] GC(432) Concurrent Scan Root Regions 6.255ms
[320.427s][info][gc,marking     ] GC(432) Concurrent Mark (320.427s)
[320.427s][info][gc,marking     ] GC(432) Concurrent Mark From Roots
[320.427s][info][gc,task        ] GC(432) Using 2 workers of 2 for marking
[320.589s][info][gc,start       ] GC(433) Pause Young (Normal) (G1 Evacuation Pause)
[320.589s][info][gc,task        ] GC(433) Using 8 workers of 8 for evacuation
[320.592s][info][gc,phases      ] GC(433)   Pre Evacuate Collection Set: 0.1ms
[320.592s][info][gc,phases      ] GC(433)   Merge Heap Roots: 0.0ms
[320.592s][info][gc,phases      ] GC(433)   Evacuate Collection Set: 2.1ms
[320.592s][info][gc,phases      ] GC(433)   Post Evacuate Collection Set: 0.3ms
[320.592s][info][gc,phases      ] GC(433)   Other: 0.4ms
[320.592s][info][gc,heap        ] GC(433) Eden regions: 22->0(22)
[320.592s][info][gc,heap        ] GC(433) Survivor regions: 3->3(4)
[320.592s][info][gc,heap        ] GC(433) Old regions: 467->467
[320.592s][info][gc,heap        ] GC(433) Archive regions: 2->2
[320.592s][info][gc,heap        ] GC(433) Humongous regions: 11->11
[320.592s][info][gc,metaspace   ] GC(433) Metaspace: 48584K(49872K)->48584K(49872K) NonClass: 42730K(43600K)->42730K(43600K) Class: 5853K(6272K)->5853K(6272K)
[320.592s][info][gc             ] GC(433) Pause Young (Normal) (G1 Evacuation Pause) 499M->478M(512M) 3.213ms
[320.592s][info][gc,cpu         ] GC(433) User=0.02s Sys=0.00s Real=0.00s
[320.756s][info][gc,start       ] GC(434) Pause Young (Normal) (G1 Evacuation Pause)
[320.756s][info][gc,task        ] GC(434) Using 8 workers of 8 for evacuation
[320.758s][info][gc,phases      ] GC(434)   Pre Evacuate Collection Set: 0.1ms
[320.759s][info][gc,phases      ] GC(434)   Merge Heap Roots: 0.0ms
[320.759s][info][gc,phases      ] GC(434)   Evacuate Collection Set: 2.2ms
[320.759s][info][gc,phases      ] GC(434)   Post Evacuate Collection Set: 0.3ms
[320.759s][info][gc,phases      ] GC(434)   Other: 0.2ms
[320.759s][info][gc,heap        ] GC(434) Eden regions: 22->0(22)
[320.759s][info][gc,heap        ] GC(434) Survivor regions: 3->3(4)
[320.759s][info][gc,heap        ] GC(434) Old regions: 467->468
[320.759s][info][gc,heap        ] GC(434) Archive regions: 2->2
[320.759s][info][gc,heap        ] GC(434) Humongous regions: 11->11
[320.759s][info][gc,metaspace   ] GC(434) Metaspace: 48584K(49872K)->48584K(49872K) NonClass: 42730K(43600K)->42730K(43600K) Class: 5853K(6272K)->5853K(6272K)
[320.759s][info][gc             ] GC(434) Pause Young (Normal) (G1 Evacuation Pause) 500M->478M(512M) 2.947ms
[320.759s][info][gc,cpu         ] GC(434) User=0.01s Sys=0.00s Real=0.00s
[320.933s][info][gc,start       ] GC(435) Pause Young (Normal) (G1 Evacuation Pause)
[320.933s][info][gc,task        ] GC(435) Using 8 workers of 8 for evacuation
[320.936s][info][gc,phases      ] GC(435)   Pre Evacuate Collection Set: 0.1ms
[320.936s][info][gc,phases      ] GC(435)   Merge Heap Roots: 0.0ms
[320.936s][info][gc,phases      ] GC(435)   Evacuate Collection Set: 2.4ms
[320.936s][info][gc,phases      ] GC(435)   Post Evacuate Collection Set: 0.3ms
[320.936s][info][gc,phases      ] GC(435)   Other: 0.2ms
[320.936s][info][gc,heap        ] GC(435) Eden regions: 22->0(22)
[320.936s][info][gc,heap        ] GC(435) Survivor regions: 3->3(4)
[320.936s][info][gc,heap        ] GC(435) Old regions: 468->468
[320.936s][info][gc,heap        ] GC(435) Archive regions: 2->2
[320.936s][info][gc,heap        ] GC(435) Humongous regions: 11->11
[320.936s][info][gc,metaspace   ] GC(435) Metaspace: 48584K(49872K)->48584K(49872K) NonClass: 42730K(43600K)->42730K(43600K) Class: 5853K(6272K)->5853K(6272K)
[320.936s][info][gc             ] GC(435) Pause Young (Normal) (G1 Evacuation Pause) 500M->479M(512M) 3.120ms
[320.936s][info][gc,cpu         ] GC(435) User=0.01s Sys=0.00s Real=0.01s
[321.096s][info][gc,start       ] GC(436) Pause Young (Normal) (G1 Evacuation Pause)
[321.096s][info][gc,task        ] GC(436) Using 8 workers of 8 for evacuation
[321.099s][info][gc,phases      ] GC(436)   Pre Evacuate Collection Set: 0.1ms
[321.099s][info][gc,phases      ] GC(436)   Merge Heap Roots: 0.0ms
[321.099s][info][gc,phases      ] GC(436)   Evacuate Collection Set: 2.3ms
[321.099s][info][gc,phases      ] GC(436)   Post Evacuate Collection Set: 0.2ms
[321.099s][info][gc,phases      ] GC(436)   Other: 0.2ms
[321.099s][info][gc,heap        ] GC(436) Eden regions: 22->0(22)
[321.099s][info][gc,heap        ] GC(436) Survivor regions: 3->3(4)
[321.099s][info][gc,heap        ] GC(436) Old regions: 468->469
[321.099s][info][gc,heap        ] GC(436) Archive regions: 2->2
[321.099s][info][gc,heap        ] GC(436) Humongous regions: 11->11
[321.099s][info][gc,metaspace   ] GC(436) Metaspace: 48584K(49872K)->48584K(49872K) NonClass: 42730K(43600K)->42730K(43600K) Class: 5853K(6272K)->5853K(6272K)
[321.099s][info][gc             ] GC(436) Pause Young (Normal) (G1 Evacuation Pause) 501M->479M(512M) 2.985ms
[321.099s][info][gc,cpu         ] GC(436) User=0.01s Sys=0.00s Real=0.00s
[321.252s][info][gc,start       ] GC(437) Pause Young (Normal) (G1 Evacuation Pause)
[321.252s][info][gc,task        ] GC(437) Using 8 workers of 8 for evacuation
[321.255s][info][gc,phases      ] GC(437)   Pre Evacuate Collection Set: 0.1ms
[321.255s][info][gc,phases      ] GC(437)   Merge Heap Roots: 0.1ms
[321.255s][info][gc,phases      ] GC(437)   Evacuate Collection Set: 2.1ms
[321.255s][info][gc,phases      ] GC(437)   Post Evacuate Collection Set: 0.3ms
[321.255s][info][gc,phases      ] GC(437)   Other: 0.2ms
[321.255s][info][gc,heap        ] GC(437) Eden regions: 22->0(22)
[321.255s][info][gc,heap        ] GC(437) Survivor regions: 3->3(4)
[321.255s][info][gc,heap        ] GC(437) Old regions: 469->469
[321.255s][info][gc,heap        ] GC(437) Archive regions: 2->2
[321.255s][info][gc,heap        ] GC(437) Humongous regions: 11->11
[321.255s][info][gc,metaspace   ] GC(437) Metaspace: 48584K(49872K)->48584K(49872K) NonClass: 42730K(43600K)->42730K(43600K) Class: 5853K(6272K)->5853K(6272K)
[321.255s][info][gc             ] GC(437) Pause Young (Normal) (G1 Evacuation Pause) 501M->480M(512M) 2.754ms
[321.255s][info][gc,cpu         ] GC(437) User=0.01s Sys=0.00s Real=0.00s
[321.428s][info][gc,start       ] GC(438) Pause Young (Normal) (G1 Evacuation Pause)
[321.428s][info][gc,task        ] GC(438) Using 8 workers of 8 for evacuation
[321.432s][info][gc,phases      ] GC(438)   Pre Evacuate Collection Set: 0.1ms
[321.432s][info][gc,phases      ] GC(438)   Merge Heap Roots: 0.0ms
[321.432s][info][gc,phases      ] GC(438)   Evacuate Collection Set: 3.0ms
[321.432s][info][gc,phases      ] GC(438)   Post Evacuate Collection Set: 0.5ms
[321.432s][info][gc,phases      ] GC(438)   Other: 0.3ms
[321.432s][info][gc,heap        ] GC(438) Eden regions: 22->0(22)
[321.432s][info][gc,heap        ] GC(438) Survivor regions: 3->3(4)
[321.432s][info][gc,heap        ] GC(438) Old regions: 469->470
[321.432s][info][gc,heap        ] GC(438) Archive regions: 2->2
[321.432s][info][gc,heap        ] GC(438) Humongous regions: 11->11
[321.432s][info][gc,metaspace   ] GC(438) Metaspace: 48584K(49872K)->48584K(49872K) NonClass: 42730K(43600K)->42730K(43600K) Class: 5853K(6272K)->5853K(6272K)
[321.432s][info][gc             ] GC(438) Pause Young (Normal) (G1 Evacuation Pause) 502M->480M(512M) 4.103ms
[321.432s][info][gc,cpu         ] GC(438) User=0.02s Sys=0.00s Real=0.00s
[321.555s][info][gc,marking     ] GC(432) Concurrent Mark From Roots 1128.053ms
[321.555s][info][gc,marking     ] GC(432) Concurrent Preclean
[321.555s][info][gc,marking     ] GC(432) Concurrent Preclean 0.098ms
[321.555s][info][gc,marking     ] GC(432) Concurrent Mark (320.427s, 321.555s) 1128.221ms
[321.555s][info][gc,start       ] GC(432) Pause Remark
[321.556s][info][gc             ] GC(432) Pause Remark 497M->497M(512M) 1.084ms
[321.556s][info][gc,cpu         ] GC(432) User=0.01s Sys=0.00s Real=0.01s
[321.557s][info][gc,marking     ] GC(432) Concurrent Rebuild Remembered Sets
[321.591s][info][gc,start       ] GC(439) Pause Young (Normal) (G1 Evacuation Pause)
[321.591s][info][gc,task        ] GC(439) Using 8 workers of 8 for evacuation
[321.595s][info][gc,phases      ] GC(439)   Pre Evacuate Collection Set: 0.2ms
[321.595s][info][gc,phases      ] GC(439)   Merge Heap Roots: 0.0ms
[321.595s][info][gc,phases      ] GC(439)   Evacuate Collection Set: 2.8ms
[321.595s][info][gc,phases      ] GC(439)   Post Evacuate Collection Set: 0.5ms
[321.595s][info][gc,phases      ] GC(439)   Other: 0.4ms
[321.595s][info][gc,heap        ] GC(439) Eden regions: 22->0(22)
[321.595s][info][gc,heap        ] GC(439) Survivor regions: 3->3(4)
[321.595s][info][gc,heap        ] GC(439) Old regions: 470->470
[321.595s][info][gc,heap        ] GC(439) Archive regions: 2->2
[321.595s][info][gc,heap        ] GC(439) Humongous regions: 11->11
[321.595s][info][gc,metaspace   ] GC(439) Metaspace: 48584K(49872K)->48584K(49872K) NonClass: 42730K(43600K)->42730K(43600K) Class: 5853K(6272K)->5853K(6272K)
[321.595s][info][gc             ] GC(439) Pause Young (Normal) (G1 Evacuation Pause) 502M->481M(512M) 4.192ms
[321.595s][info][gc,cpu         ] GC(439) User=0.02s Sys=0.00s Real=0.00s
[321.736s][info][gc,start       ] GC(440) Pause Young (Normal) (G1 Evacuation Pause)
[321.736s][info][gc,task        ] GC(440) Using 8 workers of 8 for evacuation
[321.739s][info][gc,phases      ] GC(440)   Pre Evacuate Collection Set: 0.1ms
[321.739s][info][gc,phases      ] GC(440)   Merge Heap Roots: 0.1ms
[321.739s][info][gc,phases      ] GC(440)   Evacuate Collection Set: 2.3ms
[321.739s][info][gc,phases      ] GC(440)   Post Evacuate Collection Set: 0.2ms
[321.739s][info][gc,phases      ] GC(440)   Other: 0.1ms
[321.739s][info][gc,heap        ] GC(440) Eden regions: 22->0(22)
[321.739s][info][gc,heap        ] GC(440) Survivor regions: 3->3(4)
[321.739s][info][gc,heap        ] GC(440) Old regions: 470->471
[321.739s][info][gc,heap        ] GC(440) Archive regions: 2->2
[321.739s][info][gc,heap        ] GC(440) Humongous regions: 11->11
[321.739s][info][gc,metaspace   ] GC(440) Metaspace: 48584K(49872K)->48584K(49872K) NonClass: 42730K(43600K)->42730K(43600K) Class: 5853K(6272K)->5853K(6272K)
[321.739s][info][gc             ] GC(440) Pause Young (Normal) (G1 Evacuation Pause) 503M->482M(512M) 2.909ms
[321.739s][info][gc,cpu         ] GC(440) User=0.02s Sys=0.00s Real=0.00s
[321.902s][info][gc,start       ] GC(441) Pause Young (Normal) (G1 Evacuation Pause)
[321.903s][info][gc,task        ] GC(441) Using 8 workers of 8 for evacuation
[321.905s][info][gc,phases      ] GC(441)   Pre Evacuate Collection Set: 0.1ms
[321.905s][info][gc,phases      ] GC(441)   Merge Heap Roots: 0.0ms
[321.905s][info][gc,phases      ] GC(441)   Evacuate Collection Set: 2.3ms
[321.905s][info][gc,phases      ] GC(441)   Post Evacuate Collection Set: 0.4ms
[321.905s][info][gc,phases      ] GC(441)   Other: 0.2ms
[321.905s][info][gc,heap        ] GC(441) Eden regions: 22->0(22)
[321.905s][info][gc,heap        ] GC(441) Survivor regions: 3->3(3)
[321.905s][info][gc,heap        ] GC(441) Old regions: 471->471
[321.905s][info][gc,heap        ] GC(441) Archive regions: 2->2
[321.905s][info][gc,heap        ] GC(441) Humongous regions: 11->11
[321.905s][info][gc,metaspace   ] GC(441) Metaspace: 48584K(49872K)->48584K(49872K) NonClass: 42730K(43600K)->42730K(43600K) Class: 5853K(6272K)->5853K(6272K)
[321.906s][info][gc             ] GC(441) Pause Young (Normal) (G1 Evacuation Pause) 504M->482M(512M) 3.051ms
[321.906s][info][gc,cpu         ] GC(441) User=0.02s Sys=0.00s Real=0.00s
[322.059s][info][gc,start       ] GC(442) Pause Young (Normal) (G1 Evacuation Pause)
[322.059s][info][gc,task        ] GC(442) Using 8 workers of 8 for evacuation
[322.062s][info][gc,phases      ] GC(442)   Pre Evacuate Collection Set: 0.1ms
[322.062s][info][gc,phases      ] GC(442)   Merge Heap Roots: 0.1ms
[322.062s][info][gc,phases      ] GC(442)   Evacuate Collection Set: 2.4ms
[322.062s][info][gc,phases      ] GC(442)   Post Evacuate Collection Set: 0.2ms
[322.062s][info][gc,phases      ] GC(442)   Other: 0.2ms
[322.062s][info][gc,heap        ] GC(442) Eden regions: 22->0(23)
[322.062s][info][gc,heap        ] GC(442) Survivor regions: 3->2(3)
[322.062s][info][gc,heap        ] GC(442) Old regions: 471->472
[322.062s][info][gc,heap        ] GC(442) Archive regions: 2->2
[322.062s][info][gc,heap        ] GC(442) Humongous regions: 11->11
[322.062s][info][gc,metaspace   ] GC(442) Metaspace: 48584K(49872K)->48584K(49872K) NonClass: 42730K(43600K)->42730K(43600K) Class: 5853K(6272K)->5853K(6272K)
[322.062s][info][gc             ] GC(442) Pause Young (Normal) (G1 Evacuation Pause) 504M->482M(512M) 3.039ms
[322.062s][info][gc,cpu         ] GC(442) User=0.02s Sys=0.00s Real=0.00s
[322.222s][info][gc,start       ] GC(443) Pause Young (Normal) (G1 Evacuation Pause)
[322.222s][info][gc,task        ] GC(443) Using 8 workers of 8 for evacuation
[322.225s][info][gc             ] GC(443) To-space exhausted
[322.225s][info][gc,phases      ] GC(443)   Pre Evacuate Collection Set: 0.1ms
[322.225s][info][gc,phases      ] GC(443)   Merge Heap Roots: 0.1ms
[322.225s][info][gc,phases      ] GC(443)   Evacuate Collection Set: 2.4ms
[322.225s][info][gc,phases      ] GC(443)   Post Evacuate Collection Set: 0.8ms
[322.225s][info][gc,phases      ] GC(443)   Other: 0.2ms
[322.225s][info][gc,heap        ] GC(443) Eden regions: 23->0(23)
[322.225s][info][gc,heap        ] GC(443) Survivor regions: 2->2(2)
[322.225s][info][gc,heap        ] GC(443) Old regions: 472->473
[322.225s][info][gc,heap        ] GC(443) Archive regions: 2->2
[322.225s][info][gc,heap        ] GC(443) Humongous regions: 11->11
[322.225s][info][gc,metaspace   ] GC(443) Metaspace: 48584K(49872K)->48584K(49872K) NonClass: 42730K(43600K)->42730K(43600K) Class: 5853K(6272K)->5853K(6272K)
[322.225s][info][gc             ] GC(443) Pause Young (Normal) (G1 Evacuation Pause) 505M->484M(512M) 3.744ms
[322.225s][info][gc,cpu         ] GC(443) User=0.02s Sys=0.00s Real=0.00s
[322.228s][info][gc,marking     ] GC(432) Concurrent Rebuild Remembered Sets 671.694ms
[322.231s][info][gc,start       ] GC(432) Pause Cleanup
[322.231s][info][gc             ] GC(432) Pause Cleanup 485M->485M(512M) 0.307ms
[322.231s][info][gc,cpu         ] GC(432) User=0.01s Sys=0.00s Real=0.00s
[322.231s][info][gc,marking     ] GC(432) Concurrent Cleanup for Next Mark
[322.232s][info][gc,marking     ] GC(432) Concurrent Cleanup for Next Mark 0.893ms
[322.232s][info][gc             ] GC(432) Concurrent Cycle 1811.705ms
[322.368s][info][gc,start       ] GC(444) Pause Young (Normal) (G1 Evacuation Pause)
[322.368s][info][gc,task        ] GC(444) Using 8 workers of 8 for evacuation
[322.373s][info][gc             ] GC(444) To-space exhausted
[322.373s][info][gc,phases      ] GC(444)   Pre Evacuate Collection Set: 0.1ms
[322.373s][info][gc,phases      ] GC(444)   Merge Heap Roots: 0.1ms
[322.373s][info][gc,phases      ] GC(444)   Evacuate Collection Set: 2.6ms
[322.373s][info][gc,phases      ] GC(444)   Post Evacuate Collection Set: 2.5ms
[322.373s][info][gc,phases      ] GC(444)   Other: 0.2ms
[322.373s][info][gc,heap        ] GC(444) Eden regions: 23->0(24)
[322.373s][info][gc,heap        ] GC(444) Survivor regions: 2->1(1)
[322.373s][info][gc,heap        ] GC(444) Old regions: 473->487
[322.373s][info][gc,heap        ] GC(444) Archive regions: 2->2
[322.373s][info][gc,heap        ] GC(444) Humongous regions: 11->11
[322.373s][info][gc,metaspace   ] GC(444) Metaspace: 48584K(49872K)->48584K(49872K) NonClass: 42730K(43600K)->42730K(43600K) Class: 5853K(6272K)->5853K(6272K)
[322.373s][info][gc             ] GC(444) Pause Young (Normal) (G1 Evacuation Pause) 507M->497M(512M) 5.518ms
[322.373s][info][gc,cpu         ] GC(444) User=0.02s Sys=0.00s Real=0.00s
[322.447s][info][gc,start       ] GC(445) Pause Young (Concurrent Start) (G1 Evacuation Pause)
[322.448s][info][gc,task        ] GC(445) Using 8 workers of 8 for evacuation
[322.452s][info][gc             ] GC(445) To-space exhausted
[322.452s][info][gc,phases      ] GC(445)   Pre Evacuate Collection Set: 0.1ms
[322.452s][info][gc,phases      ] GC(445)   Merge Heap Roots: 0.1ms
[322.453s][info][gc,phases      ] GC(445)   Evacuate Collection Set: 2.0ms
[322.453s][info][gc,phases      ] GC(445)   Post Evacuate Collection Set: 2.6ms
[322.453s][info][gc,phases      ] GC(445)   Other: 0.4ms
[322.453s][info][gc,heap        ] GC(445) Eden regions: 11->0(25)
[322.453s][info][gc,heap        ] GC(445) Survivor regions: 1->0(0)
[322.453s][info][gc,heap        ] GC(445) Old regions: 487->499
[322.453s][info][gc,heap        ] GC(445) Archive regions: 2->2
[322.453s][info][gc,heap        ] GC(445) Humongous regions: 11->11
[322.453s][info][gc,metaspace   ] GC(445) Metaspace: 48584K(49872K)->48584K(49872K) NonClass: 42730K(43600K)->42730K(43600K) Class: 5853K(6272K)->5853K(6272K)
[322.453s][info][gc             ] GC(445) Pause Young (Concurrent Start) (G1 Evacuation Pause) 508M->508M(512M) 5.130ms
[322.453s][info][gc,cpu         ] GC(445) User=0.02s Sys=0.00s Real=0.00s
[322.453s][info][gc,ergo        ] Attempting maximally compacting collection
[322.453s][info][gc,task        ] GC(446) Using 8 workers of 8 for full compaction
[322.453s][info][gc,start       ] GC(446) Pause Full (G1 Evacuation Pause)
[322.453s][info][gc             ] GC(447) Concurrent Cycle
[322.453s][info][gc,marking     ] GC(447) Concurrent Clear Claimed Marks
[322.453s][info][gc,marking     ] GC(447) Concurrent Clear Claimed Marks 0.224ms
[322.453s][info][gc,marking     ] GC(447) Concurrent Scan Root Regions
[322.453s][info][gc,marking     ] GC(447) Concurrent Scan Root Regions 0.016ms
[322.453s][info][gc,marking     ] GC(447) Concurrent Mark (322.453s)
[322.453s][info][gc,marking     ] GC(447) Concurrent Mark From Roots
[322.453s][info][gc,task        ] GC(447) Using 2 workers of 2 for marking
[322.454s][info][gc,phases,start] GC(446) Phase 1: Mark live objects
[322.721s][info][gc,phases      ] GC(446) Phase 1: Mark live objects 267.292ms
[322.721s][info][gc,phases,start] GC(446) Phase 2: Prepare for compaction
[322.771s][info][gc,phases      ] GC(446) Phase 2: Prepare for compaction 50.299ms
[322.771s][info][gc,phases,start] GC(446) Phase 3: Adjust pointers
[322.886s][info][gc,phases      ] GC(446) Phase 3: Adjust pointers 114.512ms
[322.886s][info][gc,phases,start] GC(446) Phase 4: Compact heap
[322.948s][info][gc,phases      ] GC(446) Phase 4: Compact heap 62.234ms
[322.951s][info][gc,heap        ] GC(446) Eden regions: 0->0(25)
[322.952s][info][gc,heap        ] GC(446) Survivor regions: 0->0(0)
[322.952s][info][gc,heap        ] GC(446) Old regions: 499->464
[322.952s][info][gc,heap        ] GC(446) Archive regions: 2->2
[322.952s][info][gc,heap        ] GC(446) Humongous regions: 11->11
[322.952s][info][gc,metaspace   ] GC(446) Metaspace: 48584K(49872K)->48368K(49872K) NonClass: 42730K(43600K)->42545K(43600K) Class: 5853K(6272K)->5823K(6272K)
[322.952s][info][gc             ] GC(446) Pause Full (G1 Evacuation Pause) 508M->472M(512M) 498.860ms
[322.952s][info][gc,cpu         ] GC(446) User=2.56s Sys=0.05s Real=0.50s
[322.952s][info][gc,marking     ] GC(447) Concurrent Mark From Roots 499.379ms
[322.952s][info][gc,marking     ] GC(447) Concurrent Mark Abort
[322.952s][info][gc             ] GC(447) Concurrent Cycle 499.752ms
[323.151s][info][gc,start       ] GC(448) Pause Young (Normal) (G1 Evacuation Pause)
[323.151s][info][gc,task        ] GC(448) Using 8 workers of 8 for evacuation
[323.153s][info][gc,phases      ] GC(448)   Pre Evacuate Collection Set: 0.1ms
[323.153s][info][gc,phases      ] GC(448)   Merge Heap Roots: 0.1ms
[323.153s][info][gc,phases      ] GC(448)   Evacuate Collection Set: 1.3ms
[323.153s][info][gc,phases      ] GC(448)   Post Evacuate Collection Set: 0.6ms
[323.153s][info][gc,phases      ] GC(448)   Other: 0.2ms
[323.153s][info][gc,heap        ] GC(448) Eden regions: 25->0(23)
[323.153s][info][gc,heap        ] GC(448) Survivor regions: 0->2(4)
[323.153s][info][gc,heap        ] GC(448) Old regions: 464->464
[323.153s][info][gc,heap        ] GC(448) Archive regions: 2->2
[323.153s][info][gc,heap        ] GC(448) Humongous regions: 11->11
[323.153s][info][gc,metaspace   ] GC(448) Metaspace: 48484K(49872K)->48484K(49872K) NonClass: 42644K(43600K)->42644K(43600K) Class: 5840K(6272K)->5840K(6272K)
[323.153s][info][gc             ] GC(448) Pause Young (Normal) (G1 Evacuation Pause) 497M->473M(512M) 2.313ms
[323.153s][info][gc,cpu         ] GC(448) User=0.01s Sys=0.00s Real=0.00s
[323.287s][info][gc,start       ] GC(449) Pause Young (Concurrent Start) (G1 Evacuation Pause)
[323.287s][info][gc,task        ] GC(449) Using 8 workers of 8 for evacuation
[323.289s][info][gc,phases      ] GC(449)   Pre Evacuate Collection Set: 0.1ms
[323.290s][info][gc,phases      ] GC(449)   Merge Heap Roots: 0.1ms
[323.290s][info][gc,phases      ] GC(449)   Evacuate Collection Set: 1.7ms
[323.290s][info][gc,phases      ] GC(449)   Post Evacuate Collection Set: 0.3ms
[323.290s][info][gc,phases      ] GC(449)   Other: 0.2ms
[323.290s][info][gc,heap        ] GC(449) Eden regions: 23->0(23)
[323.290s][info][gc,heap        ] GC(449) Survivor regions: 2->2(4)
[323.290s][info][gc,heap        ] GC(449) Old regions: 464->464
[323.290s][info][gc,heap        ] GC(449) Archive regions: 2->2
[323.290s][info][gc,heap        ] GC(449) Humongous regions: 11->11
[323.290s][info][gc,metaspace   ] GC(449) Metaspace: 48494K(49872K)->48494K(49872K) NonClass: 42653K(43600K)->42653K(43600K) Class: 5841K(6272K)->5841K(6272K)
[323.290s][info][gc             ] GC(449) Pause Young (Concurrent Start) (G1 Evacuation Pause) 496M->474M(512M) 2.416ms
[323.290s][info][gc,cpu         ] GC(449) User=0.01s Sys=0.00s Real=0.00s
[323.290s][info][gc             ] GC(450) Concurrent Cycle
[323.290s][info][gc,marking     ] GC(450) Concurrent Clear Claimed Marks
[323.290s][info][gc,marking     ] GC(450) Concurrent Clear Claimed Marks 0.038ms
[323.290s][info][gc,marking     ] GC(450) Concurrent Scan Root Regions
[323.291s][info][gc,marking     ] GC(450) Concurrent Scan Root Regions 1.466ms
[323.291s][info][gc,marking     ] GC(450) Concurrent Mark (323.291s)
[323.291s][info][gc,marking     ] GC(450) Concurrent Mark From Roots
[323.291s][info][gc,task        ] GC(450) Using 2 workers of 2 for marking
[323.494s][info][gc,start       ] GC(451) Pause Young (Normal) (G1 Evacuation Pause)
[323.494s][info][gc,task        ] GC(451) Using 8 workers of 8 for evacuation
[323.497s][info][gc,phases      ] GC(451)   Pre Evacuate Collection Set: 0.1ms
[323.497s][info][gc,phases      ] GC(451)   Merge Heap Roots: 0.0ms
[323.497s][info][gc,phases      ] GC(451)   Evacuate Collection Set: 2.3ms
[323.497s][info][gc,phases      ] GC(451)   Post Evacuate Collection Set: 0.3ms
[323.497s][info][gc,phases      ] GC(451)   Other: 0.2ms
[323.497s][info][gc,heap        ] GC(451) Eden regions: 23->0(22)
[323.497s][info][gc,heap        ] GC(451) Survivor regions: 2->3(4)
[323.497s][info][gc,heap        ] GC(451) Old regions: 464->464
[323.497s][info][gc,heap        ] GC(451) Archive regions: 2->2
[323.497s][info][gc,heap        ] GC(451) Humongous regions: 11->11
[323.497s][info][gc,metaspace   ] GC(451) Metaspace: 48498K(49872K)->48498K(49872K) NonClass: 42656K(43600K)->42656K(43600K) Class: 5842K(6272K)->5842K(6272K)
[323.497s][info][gc             ] GC(451) Pause Young (Normal) (G1 Evacuation Pause) 497M->475M(512M) 2.996ms
[323.497s][info][gc,cpu         ] GC(451) User=0.01s Sys=0.00s Real=0.01s
[323.654s][info][gc,start       ] GC(452) Pause Young (Normal) (G1 Evacuation Pause)
[323.654s][info][gc,task        ] GC(452) Using 8 workers of 8 for evacuation
[323.658s][info][gc,phases      ] GC(452)   Pre Evacuate Collection Set: 0.1ms
[323.658s][info][gc,phases      ] GC(452)   Merge Heap Roots: 0.1ms
[323.658s][info][gc,phases      ] GC(452)   Evacuate Collection Set: 2.8ms
[323.658s][info][gc,phases      ] GC(452)   Post Evacuate Collection Set: 0.3ms
[323.658s][info][gc,phases      ] GC(452)   Other: 0.2ms
[323.658s][info][gc,heap        ] GC(452) Eden regions: 22->0(23)
[323.658s][info][gc,heap        ] GC(452) Survivor regions: 3->2(4)
[323.658s][info][gc,heap        ] GC(452) Old regions: 464->466
[323.658s][info][gc,heap        ] GC(452) Archive regions: 2->2
[323.658s][info][gc,heap        ] GC(452) Humongous regions: 11->11
[323.658s][info][gc,metaspace   ] GC(452) Metaspace: 48500K(49872K)->48500K(49872K) NonClass: 42658K(43600K)->42658K(43600K) Class: 5842K(6272K)->5842K(6272K)
[323.658s][info][gc             ] GC(452) Pause Young (Normal) (G1 Evacuation Pause) 497M->475M(512M) 3.506ms
[323.658s][info][gc,cpu         ] GC(452) User=0.02s Sys=0.00s Real=0.01s
[323.831s][info][gc,start       ] GC(453) Pause Young (Normal) (G1 Evacuation Pause)
[323.831s][info][gc,task        ] GC(453) Using 8 workers of 8 for evacuation
[323.834s][info][gc,phases      ] GC(453)   Pre Evacuate Collection Set: 0.1ms
[323.834s][info][gc,phases      ] GC(453)   Merge Heap Roots: 0.0ms
[323.834s][info][gc,phases      ] GC(453)   Evacuate Collection Set: 2.3ms
[323.834s][info][gc,phases      ] GC(453)   Post Evacuate Collection Set: 0.4ms
[323.834s][info][gc,phases      ] GC(453)   Other: 0.3ms
[323.834s][info][gc,heap        ] GC(453) Eden regions: 23->0(22)
[323.834s][info][gc,heap        ] GC(453) Survivor regions: 2->3(4)
[323.834s][info][gc,heap        ] GC(453) Old regions: 466->466
[323.834s][info][gc,heap        ] GC(453) Archive regions: 2->2
[323.834s][info][gc,heap        ] GC(453) Humongous regions: 11->11
[323.834s][info][gc,metaspace   ] GC(453) Metaspace: 48504K(49872K)->48504K(49872K) NonClass: 42661K(43600K)->42661K(43600K) Class: 5842K(6272K)->5842K(6272K)
[323.834s][info][gc             ] GC(453) Pause Young (Normal) (G1 Evacuation Pause) 498M->476M(512M) 3.394ms
[323.834s][info][gc,cpu         ] GC(453) User=0.02s Sys=0.00s Real=0.00s
[323.994s][info][gc,start       ] GC(454) Pause Young (Normal) (G1 Evacuation Pause)
[323.994s][info][gc,task        ] GC(454) Using 8 workers of 8 for evacuation
[323.998s][info][gc,phases      ] GC(454)   Pre Evacuate Collection Set: 0.1ms
[323.998s][info][gc,phases      ] GC(454)   Merge Heap Roots: 0.0ms
[323.998s][info][gc,phases      ] GC(454)   Evacuate Collection Set: 3.2ms
[323.998s][info][gc,phases      ] GC(454)   Post Evacuate Collection Set: 0.4ms
[323.998s][info][gc,phases      ] GC(454)   Other: 0.2ms
[323.998s][info][gc,heap        ] GC(454) Eden regions: 22->0(22)
[323.998s][info][gc,heap        ] GC(454) Survivor regions: 3->3(4)
[323.998s][info][gc,heap        ] GC(454) Old regions: 466->466
[323.998s][info][gc,heap        ] GC(454) Archive regions: 2->2
[323.998s][info][gc,heap        ] GC(454) Humongous regions: 11->11
[323.998s][info][gc,metaspace   ] GC(454) Metaspace: 48504K(49872K)->48504K(49872K) NonClass: 42661K(43600K)->42661K(43600K) Class: 5842K(6272K)->5842K(6272K)
[323.998s][info][gc             ] GC(454) Pause Young (Normal) (G1 Evacuation Pause) 498M->476M(512M) 4.154ms
[323.998s][info][gc,cpu         ] GC(454) User=0.01s Sys=0.00s Real=0.01s
[324.181s][info][gc,start       ] GC(455) Pause Young (Normal) (G1 Evacuation Pause)
[324.181s][info][gc,task        ] GC(455) Using 8 workers of 8 for evacuation
[324.184s][info][gc,phases      ] GC(455)   Pre Evacuate Collection Set: 0.1ms
[324.184s][info][gc,phases      ] GC(455)   Merge Heap Roots: 0.0ms
[324.184s][info][gc,phases      ] GC(455)   Evacuate Collection Set: 2.3ms
[324.184s][info][gc,phases      ] GC(455)   Post Evacuate Collection Set: 0.2ms
[324.184s][info][gc,phases      ] GC(455)   Other: 0.1ms
[324.184s][info][gc,heap        ] GC(455) Eden regions: 22->0(22)
[324.184s][info][gc,heap        ] GC(455) Survivor regions: 3->3(4)
[324.184s][info][gc,heap        ] GC(455) Old regions: 466->467
[324.184s][info][gc,heap        ] GC(455) Archive regions: 2->2
[324.184s][info][gc,heap        ] GC(455) Humongous regions: 11->11
[324.184s][info][gc,metaspace   ] GC(455) Metaspace: 48504K(49872K)->48504K(49872K) NonClass: 42661K(43600K)->42661K(43600K) Class: 5842K(6272K)->5842K(6272K)
[324.184s][info][gc             ] GC(455) Pause Young (Normal) (G1 Evacuation Pause) 498M->477M(512M) 2.852ms
[324.184s][info][gc,cpu         ] GC(455) User=0.01s Sys=0.00s Real=0.00s
[324.364s][info][gc,start       ] GC(456) Pause Young (Normal) (G1 Evacuation Pause)
[324.364s][info][gc,task        ] GC(456) Using 8 workers of 8 for evacuation
[324.366s][info][gc,phases      ] GC(456)   Pre Evacuate Collection Set: 0.1ms
[324.366s][info][gc,phases      ] GC(456)   Merge Heap Roots: 0.1ms
[324.366s][info][gc,phases      ] GC(456)   Evacuate Collection Set: 2.2ms
[324.366s][info][gc,phases      ] GC(456)   Post Evacuate Collection Set: 0.2ms
[324.366s][info][gc,phases      ] GC(456)   Other: 0.2ms
[324.367s][info][gc,heap        ] GC(456) Eden regions: 22->0(22)
[324.367s][info][gc,heap        ] GC(456) Survivor regions: 3->3(4)
[324.367s][info][gc,heap        ] GC(456) Old regions: 467->467
[324.367s][info][gc,heap        ] GC(456) Archive regions: 2->2
[324.367s][info][gc,heap        ] GC(456) Humongous regions: 11->11
[324.367s][info][gc,metaspace   ] GC(456) Metaspace: 48504K(49872K)->48504K(49872K) NonClass: 42661K(43600K)->42661K(43600K) Class: 5842K(6272K)->5842K(6272K)
[324.367s][info][gc             ] GC(456) Pause Young (Normal) (G1 Evacuation Pause) 499M->477M(512M) 2.817ms
[324.367s][info][gc,cpu         ] GC(456) User=0.02s Sys=0.00s Real=0.01s
[324.424s][info][gc,marking     ] GC(450) Concurrent Mark From Roots 1133.209ms
[324.425s][info][gc,marking     ] GC(450) Concurrent Preclean
[324.425s][info][gc,marking     ] GC(450) Concurrent Preclean 0.076ms
[324.425s][info][gc,marking     ] GC(450) Concurrent Mark (323.291s, 324.425s) 1133.364ms
[324.425s][info][gc,start       ] GC(450) Pause Remark
[324.426s][info][gc             ] GC(450) Pause Remark 486M->486M(512M) 1.255ms
[324.426s][info][gc,cpu         ] GC(450) User=0.00s Sys=0.00s Real=0.01s
[324.426s][info][gc,marking     ] GC(450) Concurrent Rebuild Remembered Sets
[324.530s][info][gc,start       ] GC(457) Pause Young (Normal) (G1 Evacuation Pause)
[324.530s][info][gc,task        ] GC(457) Using 8 workers of 8 for evacuation
[324.534s][info][gc,phases      ] GC(457)   Pre Evacuate Collection Set: 0.1ms
[324.534s][info][gc,phases      ] GC(457)   Merge Heap Roots: 0.0ms
[324.534s][info][gc,phases      ] GC(457)   Evacuate Collection Set: 2.9ms
[324.534s][info][gc,phases      ] GC(457)   Post Evacuate Collection Set: 0.4ms
[324.534s][info][gc,phases      ] GC(457)   Other: 0.2ms
[324.534s][info][gc,heap        ] GC(457) Eden regions: 22->0(22)
[324.534s][info][gc,heap        ] GC(457) Survivor regions: 3->3(4)
[324.534s][info][gc,heap        ] GC(457) Old regions: 467->468
[324.534s][info][gc,heap        ] GC(457) Archive regions: 2->2
[324.534s][info][gc,heap        ] GC(457) Humongous regions: 11->11
[324.534s][info][gc,metaspace   ] GC(457) Metaspace: 48504K(49872K)->48504K(49872K) NonClass: 42661K(43600K)->42661K(43600K) Class: 5842K(6272K)->5842K(6272K)
[324.534s][info][gc             ] GC(457) Pause Young (Normal) (G1 Evacuation Pause) 499M->478M(512M) 3.614ms
[324.534s][info][gc,cpu         ] GC(457) User=0.02s Sys=0.00s Real=0.00s
[324.745s][info][gc,start       ] GC(458) Pause Young (Normal) (G1 Evacuation Pause)
[324.745s][info][gc,task        ] GC(458) Using 8 workers of 8 for evacuation
[324.748s][info][gc,phases      ] GC(458)   Pre Evacuate Collection Set: 0.1ms
[324.748s][info][gc,phases      ] GC(458)   Merge Heap Roots: 0.1ms
[324.748s][info][gc,phases      ] GC(458)   Evacuate Collection Set: 2.5ms
[324.748s][info][gc,phases      ] GC(458)   Post Evacuate Collection Set: 0.3ms
[324.748s][info][gc,phases      ] GC(458)   Other: 0.3ms
[324.748s][info][gc,heap        ] GC(458) Eden regions: 22->0(22)
[324.748s][info][gc,heap        ] GC(458) Survivor regions: 3->3(4)
[324.748s][info][gc,heap        ] GC(458) Old regions: 468->468
[324.748s][info][gc,heap        ] GC(458) Archive regions: 2->2
[324.748s][info][gc,heap        ] GC(458) Humongous regions: 11->11
[324.749s][info][gc,metaspace   ] GC(458) Metaspace: 48504K(49872K)->48504K(49872K) NonClass: 42661K(43600K)->42661K(43600K) Class: 5842K(6272K)->5842K(6272K)
[324.749s][info][gc             ] GC(458) Pause Young (Normal) (G1 Evacuation Pause) 500M->478M(512M) 3.385ms
[324.749s][info][gc,cpu         ] GC(458) User=0.01s Sys=0.00s Real=0.01s
[324.907s][info][gc,start       ] GC(459) Pause Young (Normal) (G1 Evacuation Pause)
[324.907s][info][gc,task        ] GC(459) Using 8 workers of 8 for evacuation
[324.910s][info][gc,phases      ] GC(459)   Pre Evacuate Collection Set: 0.1ms
[324.910s][info][gc,phases      ] GC(459)   Merge Heap Roots: 0.1ms
[324.910s][info][gc,phases      ] GC(459)   Evacuate Collection Set: 2.4ms
[324.910s][info][gc,phases      ] GC(459)   Post Evacuate Collection Set: 0.3ms
[324.910s][info][gc,phases      ] GC(459)   Other: 0.2ms
[324.910s][info][gc,heap        ] GC(459) Eden regions: 22->0(22)
[324.910s][info][gc,heap        ] GC(459) Survivor regions: 3->3(4)
[324.910s][info][gc,heap        ] GC(459) Old regions: 468->469
[324.910s][info][gc,heap        ] GC(459) Archive regions: 2->2
[324.910s][info][gc,heap        ] GC(459) Humongous regions: 11->11
[324.910s][info][gc,metaspace   ] GC(459) Metaspace: 48504K(49872K)->48504K(49872K) NonClass: 42661K(43600K)->42661K(43600K) Class: 5842K(6272K)->5842K(6272K)
[324.910s][info][gc             ] GC(459) Pause Young (Normal) (G1 Evacuation Pause) 500M->479M(512M) 3.105ms
[324.910s][info][gc,cpu         ] GC(459) User=0.01s Sys=0.00s Real=0.00s
[325.056s][info][gc,start       ] GC(460) Pause Young (Normal) (G1 Evacuation Pause)
[325.056s][info][gc,task        ] GC(460) Using 8 workers of 8 for evacuation
[325.059s][info][gc,phases      ] GC(460)   Pre Evacuate Collection Set: 0.1ms
[325.059s][info][gc,phases      ] GC(460)   Merge Heap Roots: 0.1ms
[325.059s][info][gc,phases      ] GC(460)   Evacuate Collection Set: 2.2ms
[325.059s][info][gc,phases      ] GC(460)   Post Evacuate Collection Set: 0.2ms
[325.059s][info][gc,phases      ] GC(460)   Other: 0.1ms
[325.059s][info][gc,heap        ] GC(460) Eden regions: 22->0(22)
[325.059s][info][gc,heap        ] GC(460) Survivor regions: 3->3(4)
[325.059s][info][gc,heap        ] GC(460) Old regions: 469->469
[325.059s][info][gc,heap        ] GC(460) Archive regions: 2->2
[325.059s][info][gc,heap        ] GC(460) Humongous regions: 11->11
[325.059s][info][gc,metaspace   ] GC(460) Metaspace: 48504K(49872K)->48504K(49872K) NonClass: 42661K(43600K)->42661K(43600K) Class: 5842K(6272K)->5842K(6272K)
[325.059s][info][gc             ] GC(460) Pause Young (Normal) (G1 Evacuation Pause) 501M->480M(512M) 2.853ms
[325.059s][info][gc,cpu         ] GC(460) User=0.02s Sys=0.00s Real=0.00s
[325.106s][info][gc,marking     ] GC(450) Concurrent Rebuild Remembered Sets 679.408ms
[325.106s][info][gc,start       ] GC(450) Pause Cleanup
[325.106s][info][gc             ] GC(450) Pause Cleanup 485M->485M(512M) 0.321ms
[325.106s][info][gc,cpu         ] GC(450) User=0.01s Sys=0.00s Real=0.00s
[325.106s][info][gc,marking     ] GC(450) Concurrent Cleanup for Next Mark
[325.107s][info][gc,marking     ] GC(450) Concurrent Cleanup for Next Mark 0.972ms
[325.107s][info][gc             ] GC(450) Concurrent Cycle 1817.495ms
[325.205s][info][gc,start       ] GC(461) Pause Young (Normal) (G1 Evacuation Pause)
[325.205s][info][gc,task        ] GC(461) Using 8 workers of 8 for evacuation
[325.208s][info][gc,phases      ] GC(461)   Pre Evacuate Collection Set: 0.1ms
[325.208s][info][gc,phases      ] GC(461)   Merge Heap Roots: 0.1ms
[325.208s][info][gc,phases      ] GC(461)   Evacuate Collection Set: 2.5ms
[325.208s][info][gc,phases      ] GC(461)   Post Evacuate Collection Set: 0.2ms
[325.208s][info][gc,phases      ] GC(461)   Other: 0.1ms
[325.208s][info][gc,heap        ] GC(461) Eden regions: 22->0(22)
[325.208s][info][gc,heap        ] GC(461) Survivor regions: 3->3(4)
[325.208s][info][gc,heap        ] GC(461) Old regions: 469->470
[325.208s][info][gc,heap        ] GC(461) Archive regions: 2->2
[325.208s][info][gc,heap        ] GC(461) Humongous regions: 11->11
[325.208s][info][gc,metaspace   ] GC(461) Metaspace: 48504K(49872K)->48504K(49872K) NonClass: 42661K(43600K)->42661K(43600K) Class: 5842K(6272K)->5842K(6272K)
[325.208s][info][gc             ] GC(461) Pause Young (Normal) (G1 Evacuation Pause) 502M->480M(512M) 3.070ms
[325.208s][info][gc,cpu         ] GC(461) User=0.02s Sys=0.00s Real=0.01s
[325.358s][info][gc,start       ] GC(462) Pause Young (Concurrent Start) (G1 Evacuation Pause)
[325.358s][info][gc,task        ] GC(462) Using 8 workers of 8 for evacuation
[325.361s][info][gc,phases      ] GC(462)   Pre Evacuate Collection Set: 0.1ms
[325.361s][info][gc,phases      ] GC(462)   Merge Heap Roots: 0.0ms
[325.361s][info][gc,phases      ] GC(462)   Evacuate Collection Set: 2.2ms
[325.361s][info][gc,phases      ] GC(462)   Post Evacuate Collection Set: 0.4ms
[325.361s][info][gc,phases      ] GC(462)   Other: 0.2ms
[325.361s][info][gc,heap        ] GC(462) Eden regions: 22->0(22)
[325.361s][info][gc,heap        ] GC(462) Survivor regions: 3->3(4)
[325.361s][info][gc,heap        ] GC(462) Old regions: 470->470
[325.361s][info][gc,heap        ] GC(462) Archive regions: 2->2
[325.361s][info][gc,heap        ] GC(462) Humongous regions: 11->11
[325.361s][info][gc,metaspace   ] GC(462) Metaspace: 48504K(49872K)->48504K(49872K) NonClass: 42661K(43600K)->42661K(43600K) Class: 5842K(6272K)->5842K(6272K)
[325.361s][info][gc             ] GC(462) Pause Young (Concurrent Start) (G1 Evacuation Pause) 502M->481M(512M) 3.081ms
[325.361s][info][gc,cpu         ] GC(462) User=0.02s Sys=0.00s Real=0.00s
[325.362s][info][gc             ] GC(463) Concurrent Cycle
[325.362s][info][gc,marking     ] GC(463) Concurrent Clear Claimed Marks
[325.362s][info][gc,marking     ] GC(463) Concurrent Clear Claimed Marks 0.052ms
[325.362s][info][gc,marking     ] GC(463) Concurrent Scan Root Regions
[325.364s][info][gc,marking     ] GC(463) Concurrent Scan Root Regions 2.432ms
[325.364s][info][gc,marking     ] GC(463) Concurrent Mark (325.364s)
[325.364s][info][gc,marking     ] GC(463) Concurrent Mark From Roots
[325.364s][info][gc,task        ] GC(463) Using 2 workers of 2 for marking
[325.561s][info][gc,start       ] GC(464) Pause Young (Normal) (G1 Evacuation Pause)
[325.561s][info][gc,task        ] GC(464) Using 8 workers of 8 for evacuation
[325.564s][info][gc,phases      ] GC(464)   Pre Evacuate Collection Set: 0.1ms
[325.564s][info][gc,phases      ] GC(464)   Merge Heap Roots: 0.0ms
[325.564s][info][gc,phases      ] GC(464)   Evacuate Collection Set: 2.3ms
[325.564s][info][gc,phases      ] GC(464)   Post Evacuate Collection Set: 0.3ms
[325.564s][info][gc,phases      ] GC(464)   Other: 0.2ms
[325.564s][info][gc,heap        ] GC(464) Eden regions: 22->0(22)
[325.564s][info][gc,heap        ] GC(464) Survivor regions: 3->3(4)
[325.564s][info][gc,heap        ] GC(464) Old regions: 470->471
[325.564s][info][gc,heap        ] GC(464) Archive regions: 2->2
[325.564s][info][gc,heap        ] GC(464) Humongous regions: 11->11
[325.564s][info][gc,metaspace   ] GC(464) Metaspace: 48512K(49872K)->48512K(49872K) NonClass: 42668K(43600K)->42668K(43600K) Class: 5843K(6272K)->5843K(6272K)
[325.564s][info][gc             ] GC(464) Pause Young (Normal) (G1 Evacuation Pause) 503M->481M(512M) 3.067ms
[325.564s][info][gc,cpu         ] GC(464) User=0.02s Sys=0.00s Real=0.00s
[325.762s][info][gc,start       ] GC(465) Pause Young (Normal) (G1 Evacuation Pause)
[325.762s][info][gc,task        ] GC(465) Using 8 workers of 8 for evacuation
[325.766s][info][gc,phases      ] GC(465)   Pre Evacuate Collection Set: 0.1ms
[325.766s][info][gc,phases      ] GC(465)   Merge Heap Roots: 0.0ms
[325.766s][info][gc,phases      ] GC(465)   Evacuate Collection Set: 2.8ms
[325.766s][info][gc,phases      ] GC(465)   Post Evacuate Collection Set: 0.2ms
[325.766s][info][gc,phases      ] GC(465)   Other: 0.2ms
[325.766s][info][gc,heap        ] GC(465) Eden regions: 22->0(22)
[325.766s][info][gc,heap        ] GC(465) Survivor regions: 3->3(3)
[325.766s][info][gc,heap        ] GC(465) Old regions: 471->471
[325.766s][info][gc,heap        ] GC(465) Archive regions: 2->2
[325.766s][info][gc,heap        ] GC(465) Humongous regions: 11->11
[325.766s][info][gc,metaspace   ] GC(465) Metaspace: 48512K(49872K)->48512K(49872K) NonClass: 42668K(43600K)->42668K(43600K) Class: 5843K(6272K)->5843K(6272K)
[325.766s][info][gc             ] GC(465) Pause Young (Normal) (G1 Evacuation Pause) 503M->482M(512M) 3.448ms
[325.766s][info][gc,cpu         ] GC(465) User=0.01s Sys=0.00s Real=0.01s
[325.945s][info][gc,start       ] GC(466) Pause Young (Normal) (G1 Evacuation Pause)
[325.945s][info][gc,task        ] GC(466) Using 8 workers of 8 for evacuation
[325.948s][info][gc,phases      ] GC(466)   Pre Evacuate Collection Set: 0.1ms
[325.948s][info][gc,phases      ] GC(466)   Merge Heap Roots: 0.0ms
[325.948s][info][gc,phases      ] GC(466)   Evacuate Collection Set: 2.3ms
[325.948s][info][gc,phases      ] GC(466)   Post Evacuate Collection Set: 0.2ms
[325.948s][info][gc,phases      ] GC(466)   Other: 0.2ms
[325.948s][info][gc,heap        ] GC(466) Eden regions: 22->0(23)
[325.948s][info][gc,heap        ] GC(466) Survivor regions: 3->2(3)
[325.948s][info][gc,heap        ] GC(466) Old regions: 471->472
[325.948s][info][gc,heap        ] GC(466) Archive regions: 2->2
[325.948s][info][gc,heap        ] GC(466) Humongous regions: 11->11
[325.948s][info][gc,metaspace   ] GC(466) Metaspace: 48512K(49872K)->48512K(49872K) NonClass: 42668K(43600K)->42668K(43600K) Class: 5843K(6272K)->5843K(6272K)
[325.948s][info][gc             ] GC(466) Pause Young (Normal) (G1 Evacuation Pause) 504M->482M(512M) 2.888ms
[325.948s][info][gc,cpu         ] GC(466) User=0.02s Sys=0.00s Real=0.01s
[326.125s][info][gc,start       ] GC(467) Pause Young (Normal) (G1 Evacuation Pause)
[326.125s][info][gc,task        ] GC(467) Using 8 workers of 8 for evacuation
[326.128s][info][gc             ] GC(467) To-space exhausted
[326.128s][info][gc,phases      ] GC(467)   Pre Evacuate Collection Set: 0.1ms
[326.128s][info][gc,phases      ] GC(467)   Merge Heap Roots: 0.0ms
[326.128s][info][gc,phases      ] GC(467)   Evacuate Collection Set: 2.2ms
[326.128s][info][gc,phases      ] GC(467)   Post Evacuate Collection Set: 1.3ms
[326.128s][info][gc,phases      ] GC(467)   Other: 0.2ms
[326.128s][info][gc,heap        ] GC(467) Eden regions: 23->0(23)
[326.128s][info][gc,heap        ] GC(467) Survivor regions: 2->2(2)
[326.128s][info][gc,heap        ] GC(467) Old regions: 472->482
[326.128s][info][gc,heap        ] GC(467) Archive regions: 2->2
[326.128s][info][gc,heap        ] GC(467) Humongous regions: 11->11
[326.128s][info][gc,metaspace   ] GC(467) Metaspace: 48512K(49872K)->48512K(49872K) NonClass: 42668K(43600K)->42668K(43600K) Class: 5843K(6272K)->5843K(6272K)
[326.128s][info][gc             ] GC(467) Pause Young (Normal) (G1 Evacuation Pause) 505M->492M(512M) 3.900ms
[326.128s][info][gc,cpu         ] GC(467) User=0.02s Sys=0.01s Real=0.01s
[326.247s][info][gc,start       ] GC(468) Pause Young (Normal) (G1 Evacuation Pause)
[326.247s][info][gc,task        ] GC(468) Using 8 workers of 8 for evacuation
[326.252s][info][gc             ] GC(468) To-space exhausted
[326.252s][info][gc,phases      ] GC(468)   Pre Evacuate Collection Set: 0.1ms
[326.252s][info][gc,phases      ] GC(468)   Merge Heap Roots: 0.0ms
[326.252s][info][gc,phases      ] GC(468)   Evacuate Collection Set: 2.2ms
[326.252s][info][gc,phases      ] GC(468)   Post Evacuate Collection Set: 2.8ms
[326.252s][info][gc,phases      ] GC(468)   Other: 0.3ms
[326.252s][info][gc,heap        ] GC(468) Eden regions: 15->0(25)
[326.252s][info][gc,heap        ] GC(468) Survivor regions: 2->0(0)
[326.252s][info][gc,heap        ] GC(468) Old regions: 482->499
[326.252s][info][gc,heap        ] GC(468) Archive regions: 2->2
[326.252s][info][gc,heap        ] GC(468) Humongous regions: 11->11
[326.252s][info][gc,metaspace   ] GC(468) Metaspace: 48512K(49872K)->48512K(49872K) NonClass: 42668K(43600K)->42668K(43600K) Class: 5843K(6272K)->5843K(6272K)
[326.252s][info][gc             ] GC(468) Pause Young (Normal) (G1 Evacuation Pause) 507M->507M(512M) 5.435ms
[326.253s][info][gc,cpu         ] GC(468) User=0.03s Sys=0.00s Real=0.00s
[326.253s][info][gc,ergo        ] Attempting maximally compacting collection
[326.253s][info][gc,task        ] GC(469) Using 8 workers of 8 for full compaction
[326.253s][info][gc,start       ] GC(469) Pause Full (G1 Evacuation Pause)
[326.253s][info][gc,phases,start] GC(469) Phase 1: Mark live objects
[326.537s][info][gc,phases      ] GC(469) Phase 1: Mark live objects 283.513ms
[326.537s][info][gc,phases,start] GC(469) Phase 2: Prepare for compaction
[326.587s][info][gc,phases      ] GC(469) Phase 2: Prepare for compaction 49.605ms
[326.587s][info][gc,phases,start] GC(469) Phase 3: Adjust pointers
[326.690s][info][gc,phases      ] GC(469) Phase 3: Adjust pointers 103.466ms
[326.690s][info][gc,phases,start] GC(469) Phase 4: Compact heap
[326.753s][info][gc,phases      ] GC(469) Phase 4: Compact heap 63.213ms
[326.756s][info][gc,heap        ] GC(469) Eden regions: 0->0(25)
[326.756s][info][gc,heap        ] GC(469) Survivor regions: 0->0(0)
[326.756s][info][gc,heap        ] GC(469) Old regions: 499->474
[326.756s][info][gc,heap        ] GC(469) Archive regions: 2->2
[326.756s][info][gc,heap        ] GC(469) Humongous regions: 11->11
[326.756s][info][gc,metaspace   ] GC(469) Metaspace: 48512K(49872K)->48372K(49872K) NonClass: 42668K(43600K)->42549K(43600K) Class: 5843K(6272K)->5823K(6272K)
[326.756s][info][gc             ] GC(469) Pause Full (G1 Evacuation Pause) 507M->482M(512M) 503.801ms
[326.758s][info][gc,cpu         ] GC(469) User=2.48s Sys=0.04s Real=0.51s
[326.759s][info][gc,marking     ] GC(463) Concurrent Mark From Roots 1394.467ms
[326.759s][info][gc,marking     ] GC(463) Concurrent Mark Abort
[326.759s][info][gc             ] GC(463) Concurrent Cycle 1397.120ms
[326.944s][info][gc,start       ] GC(470) Pause Young (Normal) (G1 Evacuation Pause)
[326.944s][info][gc,task        ] GC(470) Using 8 workers of 8 for evacuation
[326.949s][info][gc             ] GC(470) To-space exhausted
[326.949s][info][gc,phases      ] GC(470)   Pre Evacuate Collection Set: 0.1ms
[326.949s][info][gc,phases      ] GC(470)   Merge Heap Roots: 0.0ms
[326.949s][info][gc,phases      ] GC(470)   Evacuate Collection Set: 0.9ms
[326.949s][info][gc,phases      ] GC(470)   Post Evacuate Collection Set: 3.3ms
[326.949s][info][gc,phases      ] GC(470)   Other: 0.2ms
[326.949s][info][gc,heap        ] GC(470) Eden regions: 25->0(25)
[326.949s][info][gc,heap        ] GC(470) Survivor regions: 0->0(0)
[326.949s][info][gc,heap        ] GC(470) Old regions: 474->499
[326.949s][info][gc,heap        ] GC(470) Archive regions: 2->2
[326.949s][info][gc,heap        ] GC(470) Humongous regions: 11->11
[326.949s][info][gc,metaspace   ] GC(470) Metaspace: 48503K(49872K)->48503K(49872K) NonClass: 42660K(43600K)->42660K(43600K) Class: 5842K(6272K)->5842K(6272K)
[326.949s][info][gc             ] GC(470) Pause Young (Normal) (G1 Evacuation Pause) 507M->507M(512M) 4.551ms
[326.949s][info][gc,cpu         ] GC(470) User=0.02s Sys=0.00s Real=0.01s
[326.949s][info][gc,ergo        ] Attempting maximally compacting collection
[326.949s][info][gc,task        ] GC(471) Using 8 workers of 8 for full compaction
[326.949s][info][gc,start       ] GC(471) Pause Full (G1 Evacuation Pause)
[326.949s][info][gc,phases,start] GC(471) Phase 1: Mark live objects
[327.249s][info][gc,phases      ] GC(471) Phase 1: Mark live objects 299.613ms
[327.249s][info][gc,phases,start] GC(471) Phase 2: Prepare for compaction
[327.294s][info][gc,phases      ] GC(471) Phase 2: Prepare for compaction 45.731ms
[327.294s][info][gc,phases,start] GC(471) Phase 3: Adjust pointers
[327.405s][info][gc,phases      ] GC(471) Phase 3: Adjust pointers 110.231ms
[327.405s][info][gc,phases,start] GC(471) Phase 4: Compact heap
[327.467s][info][gc,phases      ] GC(471) Phase 4: Compact heap 62.103ms
[327.470s][info][gc,heap        ] GC(471) Eden regions: 0->0(25)
[327.470s][info][gc,heap        ] GC(471) Survivor regions: 0->0(0)
[327.470s][info][gc,heap        ] GC(471) Old regions: 499->475
[327.470s][info][gc,heap        ] GC(471) Archive regions: 2->2
[327.470s][info][gc,heap        ] GC(471) Humongous regions: 11->11
[327.470s][info][gc,metaspace   ] GC(471) Metaspace: 48503K(49872K)->48438K(49872K) NonClass: 42660K(43600K)->42605K(43600K) Class: 5842K(6272K)->5832K(6272K)
[327.470s][info][gc             ] GC(471) Pause Full (G1 Evacuation Pause) 507M->482M(512M) 521.244ms
[327.471s][info][gc,cpu         ] GC(471) User=2.43s Sys=0.05s Real=0.52s
[327.622s][info][gc,start       ] GC(472) Pause Young (Concurrent Start) (G1 Evacuation Pause)
[327.622s][info][gc,task        ] GC(472) Using 8 workers of 8 for evacuation
[327.626s][info][gc             ] GC(472) To-space exhausted
[327.626s][info][gc,phases      ] GC(472)   Pre Evacuate Collection Set: 0.1ms
[327.626s][info][gc,phases      ] GC(472)   Merge Heap Roots: 0.1ms
[327.626s][info][gc,phases      ] GC(472)   Evacuate Collection Set: 1.2ms
[327.626s][info][gc,phases      ] GC(472)   Post Evacuate Collection Set: 3.0ms
[327.626s][info][gc,phases      ] GC(472)   Other: 0.2ms
[327.626s][info][gc,heap        ] GC(472) Eden regions: 24->0(25)
[327.626s][info][gc,heap        ] GC(472) Survivor regions: 0->0(0)
[327.626s][info][gc,heap        ] GC(472) Old regions: 475->499
[327.626s][info][gc,heap        ] GC(472) Archive regions: 2->2
[327.626s][info][gc,heap        ] GC(472) Humongous regions: 11->11
[327.626s][info][gc,metaspace   ] GC(472) Metaspace: 48488K(49872K)->48488K(49872K) NonClass: 42650K(43600K)->42650K(43600K) Class: 5838K(6272K)->5838K(6272K)
[327.626s][info][gc             ] GC(472) Pause Young (Concurrent Start) (G1 Evacuation Pause) 506M->506M(512M) 4.625ms
[327.626s][info][gc,cpu         ] GC(472) User=0.02s Sys=0.00s Real=0.01s
[327.626s][info][gc,ergo        ] Attempting maximally compacting collection
[327.626s][info][gc,task        ] GC(473) Using 8 workers of 8 for full compaction
[327.626s][info][gc,start       ] GC(473) Pause Full (G1 Evacuation Pause)
[327.626s][info][gc             ] GC(474) Concurrent Cycle
[327.626s][info][gc,marking     ] GC(474) Concurrent Clear Claimed Marks
[327.626s][info][gc,marking     ] GC(474) Concurrent Clear Claimed Marks 0.167ms
[327.626s][info][gc,marking     ] GC(474) Concurrent Scan Root Regions
[327.627s][info][gc,marking     ] GC(474) Concurrent Scan Root Regions 0.032ms
[327.627s][info][gc,marking     ] GC(474) Concurrent Mark (327.627s)
[327.627s][info][gc,marking     ] GC(474) Concurrent Mark From Roots
[327.627s][info][gc,task        ] GC(474) Using 2 workers of 2 for marking
[327.627s][info][gc,phases,start] GC(473) Phase 1: Mark live objects
[327.925s][info][gc,phases      ] GC(473) Phase 1: Mark live objects 298.465ms
[327.925s][info][gc,phases,start] GC(473) Phase 2: Prepare for compaction
[327.984s][info][gc,phases      ] GC(473) Phase 2: Prepare for compaction 58.849ms
[327.984s][info][gc,phases,start] GC(473) Phase 3: Adjust pointers
[328.083s][info][gc,phases      ] GC(473) Phase 3: Adjust pointers 98.447ms
[328.083s][info][gc,phases,start] GC(473) Phase 4: Compact heap
[328.132s][info][gc,phases      ] GC(473) Phase 4: Compact heap 49.636ms
[328.137s][info][gc,heap        ] GC(473) Eden regions: 0->0(25)
[328.137s][info][gc,heap        ] GC(473) Survivor regions: 0->0(0)
[328.137s][info][gc,heap        ] GC(473) Old regions: 499->476
[328.137s][info][gc,heap        ] GC(473) Archive regions: 2->2
[328.137s][info][gc,heap        ] GC(473) Humongous regions: 11->11
[328.137s][info][gc,metaspace   ] GC(473) Metaspace: 48488K(49872K)->48389K(49872K) NonClass: 42650K(43600K)->42565K(43600K) Class: 5838K(6272K)->5824K(6272K)
[328.137s][info][gc             ] GC(473) Pause Full (G1 Evacuation Pause) 506M->483M(512M) 510.664ms
[328.138s][info][gc,cpu         ] GC(473) User=2.52s Sys=0.05s Real=0.51s
[328.138s][info][gc,marking     ] GC(474) Concurrent Mark From Roots 511.746ms
[328.138s][info][gc,marking     ] GC(474) Concurrent Mark Abort
[328.138s][info][gc             ] GC(474) Concurrent Cycle 512.085ms
[328.324s][info][gc,start       ] GC(475) Pause Young (Normal) (G1 Evacuation Pause)
[328.324s][info][gc,task        ] GC(475) Using 8 workers of 8 for evacuation
[328.329s][info][gc             ] GC(475) To-space exhausted
[328.329s][info][gc,phases      ] GC(475)   Pre Evacuate Collection Set: 0.1ms
[328.329s][info][gc,phases      ] GC(475)   Merge Heap Roots: 0.1ms
[328.329s][info][gc,phases      ] GC(475)   Evacuate Collection Set: 1.1ms
[328.329s][info][gc,phases      ] GC(475)   Post Evacuate Collection Set: 4.3ms
[328.329s][info][gc,phases      ] GC(475)   Other: 0.2ms
[328.329s][info][gc,heap        ] GC(475) Eden regions: 23->0(25)
[328.330s][info][gc,heap        ] GC(475) Survivor regions: 0->0(0)
[328.330s][info][gc,heap        ] GC(475) Old regions: 476->499
[328.330s][info][gc,heap        ] GC(475) Archive regions: 2->2
[328.330s][info][gc,heap        ] GC(475) Humongous regions: 11->11
[328.330s][info][gc,metaspace   ] GC(475) Metaspace: 48540K(49872K)->48540K(49872K) NonClass: 42697K(43600K)->42697K(43600K) Class: 5842K(6272K)->5842K(6272K)
[328.330s][info][gc             ] GC(475) Pause Young (Normal) (G1 Evacuation Pause) 506M->506M(512M) 5.946ms
[328.330s][info][gc,cpu         ] GC(475) User=0.03s Sys=0.00s Real=0.01s
[328.330s][info][gc,ergo        ] Attempting maximally compacting collection
[328.330s][info][gc,task        ] GC(476) Using 8 workers of 8 for full compaction
[328.330s][info][gc,start       ] GC(476) Pause Full (G1 Evacuation Pause)
[328.330s][info][gc,phases,start] GC(476) Phase 1: Mark live objects
[328.618s][info][gc,phases      ] GC(476) Phase 1: Mark live objects 288.124ms
[328.618s][info][gc,phases,start] GC(476) Phase 2: Prepare for compaction
[328.671s][info][gc,phases      ] GC(476) Phase 2: Prepare for compaction 53.408ms
[328.671s][info][gc,phases,start] GC(476) Phase 3: Adjust pointers
[328.772s][info][gc,phases      ] GC(476) Phase 3: Adjust pointers 100.990ms
[328.773s][info][gc,phases,start] GC(476) Phase 4: Compact heap
[328.818s][info][gc,phases      ] GC(476) Phase 4: Compact heap 45.067ms
[328.821s][info][gc,heap        ] GC(476) Eden regions: 0->0(25)
[328.821s][info][gc,heap        ] GC(476) Survivor regions: 0->0(0)
[328.821s][info][gc,heap        ] GC(476) Old regions: 499->475
[328.821s][info][gc,heap        ] GC(476) Archive regions: 2->2
[328.821s][info][gc,heap        ] GC(476) Humongous regions: 11->11
[328.821s][info][gc,metaspace   ] GC(476) Metaspace: 48540K(49872K)->48475K(49872K) NonClass: 42697K(43600K)->42642K(43600K) Class: 5842K(6272K)->5832K(6272K)
[328.821s][info][gc             ] GC(476) Pause Full (G1 Evacuation Pause) 506M->483M(512M) 490.890ms
[328.822s][info][gc,cpu         ] GC(476) User=2.52s Sys=0.05s Real=0.49s
[329.016s][info][gc,start       ] GC(477) Pause Young (Concurrent Start) (G1 Evacuation Pause)
[329.016s][info][gc,task        ] GC(477) Using 8 workers of 8 for evacuation
[329.021s][info][gc             ] GC(477) To-space exhausted
[329.021s][info][gc,phases      ] GC(477)   Pre Evacuate Collection Set: 0.2ms
[329.021s][info][gc,phases      ] GC(477)   Merge Heap Roots: 0.0ms
[329.021s][info][gc,phases      ] GC(477)   Evacuate Collection Set: 1.4ms
[329.021s][info][gc,phases      ] GC(477)   Post Evacuate Collection Set: 3.7ms
[329.021s][info][gc,phases      ] GC(477)   Other: 0.6ms
[329.021s][info][gc,heap        ] GC(477) Eden regions: 24->0(25)
[329.022s][info][gc,heap        ] GC(477) Survivor regions: 0->0(0)
[329.022s][info][gc,heap        ] GC(477) Old regions: 475->499
[329.022s][info][gc,heap        ] GC(477) Archive regions: 2->2
[329.022s][info][gc,heap        ] GC(477) Humongous regions: 11->11
[329.022s][info][gc,metaspace   ] GC(477) Metaspace: 48511K(49872K)->48511K(49872K) NonClass: 42673K(43600K)->42673K(43600K) Class: 5837K(6272K)->5837K(6272K)
[329.022s][info][gc             ] GC(477) Pause Young (Concurrent Start) (G1 Evacuation Pause) 507M->507M(512M) 6.066ms
[329.022s][info][gc,cpu         ] GC(477) User=0.03s Sys=0.00s Real=0.01s
[329.022s][info][gc             ] GC(478) Concurrent Cycle
[329.022s][info][gc,marking     ] GC(478) Concurrent Clear Claimed Marks
[329.022s][info][gc,ergo        ] Attempting maximally compacting collection
[329.022s][info][gc,marking     ] GC(478) Concurrent Clear Claimed Marks 0.064ms
[329.022s][info][gc,marking     ] GC(478) Concurrent Scan Root Regions
[329.022s][info][gc,marking     ] GC(478) Concurrent Scan Root Regions 0.008ms
[329.022s][info][gc,marking     ] GC(478) Concurrent Mark (329.022s)
[329.022s][info][gc,marking     ] GC(478) Concurrent Mark From Roots
[329.022s][info][gc,task        ] GC(479) Using 8 workers of 8 for full compaction
[329.022s][info][gc,task        ] GC(478) Using 2 workers of 2 for marking
[329.022s][info][gc,start       ] GC(479) Pause Full (G1 Evacuation Pause)
[329.023s][info][gc,phases,start] GC(479) Phase 1: Mark live objects
[329.315s][info][gc,phases      ] GC(479) Phase 1: Mark live objects 291.809ms
[329.315s][info][gc,phases,start] GC(479) Phase 2: Prepare for compaction
[329.362s][info][gc,phases      ] GC(479) Phase 2: Prepare for compaction 46.913ms
[329.362s][info][gc,phases,start] GC(479) Phase 3: Adjust pointers
[329.474s][info][gc,phases      ] GC(479) Phase 3: Adjust pointers 112.015ms
[329.474s][info][gc,phases,start] GC(479) Phase 4: Compact heap
[329.514s][info][gc,phases      ] GC(479) Phase 4: Compact heap 40.585ms
[329.518s][info][gc,heap        ] GC(479) Eden regions: 0->0(25)
[329.518s][info][gc,heap        ] GC(479) Survivor regions: 0->0(0)
[329.518s][info][gc,heap        ] GC(479) Old regions: 499->475
[329.518s][info][gc,heap        ] GC(479) Archive regions: 2->2
[329.518s][info][gc,heap        ] GC(479) Humongous regions: 11->11
[329.518s][info][gc,metaspace   ] GC(479) Metaspace: 48511K(49872K)->48416K(49872K) NonClass: 42673K(43600K)->42592K(43600K) Class: 5837K(6272K)->5824K(6272K)
[329.518s][info][gc             ] GC(479) Pause Full (G1 Evacuation Pause) 507M->484M(512M) 495.795ms
[329.519s][info][gc,cpu         ] GC(479) User=2.51s Sys=0.03s Real=0.50s
[329.519s][info][gc,marking     ] GC(478) Concurrent Mark From Roots 497.420ms
[329.519s][info][gc,marking     ] GC(478) Concurrent Mark Abort
[329.519s][info][gc             ] GC(478) Concurrent Cycle 497.577ms
[329.750s][info][gc,start       ] GC(480) Pause Young (Normal) (G1 Evacuation Pause)
[329.750s][info][gc,task        ] GC(480) Using 8 workers of 8 for evacuation
[329.759s][info][gc             ] GC(480) To-space exhausted
[329.759s][info][gc,phases      ] GC(480)   Pre Evacuate Collection Set: 0.2ms
[329.759s][info][gc,phases      ] GC(480)   Merge Heap Roots: 0.1ms
[329.759s][info][gc,phases      ] GC(480)   Evacuate Collection Set: 3.2ms
[329.759s][info][gc,phases      ] GC(480)   Post Evacuate Collection Set: 5.1ms
[329.759s][info][gc,phases      ] GC(480)   Other: 0.3ms
[329.759s][info][gc,heap        ] GC(480) Eden regions: 24->0(25)
[329.759s][info][gc,heap        ] GC(480) Survivor regions: 0->0(0)
[329.759s][info][gc,heap        ] GC(480) Old regions: 475->499
[329.759s][info][gc,heap        ] GC(480) Archive regions: 2->2
[329.759s][info][gc,heap        ] GC(480) Humongous regions: 11->11
[329.759s][info][gc,metaspace   ] GC(480) Metaspace: 48553K(49872K)->48553K(49872K) NonClass: 42709K(43600K)->42709K(43600K) Class: 5843K(6272K)->5843K(6272K)
[329.759s][info][gc             ] GC(480) Pause Young (Normal) (G1 Evacuation Pause) 508M->508M(512M) 8.936ms
[329.759s][info][gc,cpu         ] GC(480) User=0.03s Sys=0.00s Real=0.01s
[329.759s][info][gc,ergo        ] Attempting maximally compacting collection
[329.759s][info][gc,task        ] GC(481) Using 8 workers of 8 for full compaction
[329.759s][info][gc,start       ] GC(481) Pause Full (G1 Evacuation Pause)
[329.759s][info][gc,phases,start] GC(481) Phase 1: Mark live objects
[330.097s][info][gc,phases      ] GC(481) Phase 1: Mark live objects 338.511ms
[330.097s][info][gc,phases,start] GC(481) Phase 2: Prepare for compaction
[330.151s][info][gc,phases      ] GC(481) Phase 2: Prepare for compaction 53.130ms
[330.151s][info][gc,phases,start] GC(481) Phase 3: Adjust pointers
[330.254s][info][gc,phases      ] GC(481) Phase 3: Adjust pointers 103.158ms
[330.254s][info][gc,phases,start] GC(481) Phase 4: Compact heap
[330.302s][info][gc,phases      ] GC(481) Phase 4: Compact heap 47.815ms
[330.308s][info][gc,heap        ] GC(481) Eden regions: 0->0(25)
[330.308s][info][gc,heap        ] GC(481) Survivor regions: 0->0(0)
[330.308s][info][gc,heap        ] GC(481) Old regions: 499->476
[330.308s][info][gc,heap        ] GC(481) Archive regions: 2->2
[330.308s][info][gc,heap        ] GC(481) Humongous regions: 11->11
[330.308s][info][gc,metaspace   ] GC(481) Metaspace: 48553K(49872K)->48480K(49872K) NonClass: 42709K(43600K)->42647K(43600K) Class: 5843K(6272K)->5832K(6272K)
[330.308s][info][gc             ] GC(481) Pause Full (G1 Evacuation Pause) 508M->484M(512M) 548.885ms
[330.309s][info][gc,cpu         ] GC(481) User=2.76s Sys=0.05s Real=0.55s
[330.488s][info][gc,start       ] GC(482) Pause Young (Concurrent Start) (G1 Evacuation Pause)
[330.488s][info][gc,task        ] GC(482) Using 8 workers of 8 for evacuation
[330.493s][info][gc             ] GC(482) To-space exhausted
[330.493s][info][gc,phases      ] GC(482)   Pre Evacuate Collection Set: 0.1ms
[330.493s][info][gc,phases      ] GC(482)   Merge Heap Roots: 0.1ms
[330.493s][info][gc,phases      ] GC(482)   Evacuate Collection Set: 1.3ms
[330.493s][info][gc,phases      ] GC(482)   Post Evacuate Collection Set: 3.1ms
[330.493s][info][gc,phases      ] GC(482)   Other: 0.2ms
[330.493s][info][gc,heap        ] GC(482) Eden regions: 23->0(25)
[330.493s][info][gc,heap        ] GC(482) Survivor regions: 0->0(0)
[330.493s][info][gc,heap        ] GC(482) Old regions: 476->499
[330.493s][info][gc,heap        ] GC(482) Archive regions: 2->2
[330.493s][info][gc,heap        ] GC(482) Humongous regions: 11->11
[330.493s][info][gc,metaspace   ] GC(482) Metaspace: 48558K(50128K)->48558K(50128K) NonClass: 42716K(43856K)->42716K(43856K) Class: 5841K(6272K)->5841K(6272K)
[330.493s][info][gc             ] GC(482) Pause Young (Concurrent Start) (G1 Evacuation Pause) 507M->507M(512M) 4.884ms
[330.493s][info][gc,cpu         ] GC(482) User=0.02s Sys=0.00s Real=0.00s
[330.493s][info][gc,ergo        ] Attempting maximally compacting collection
[330.493s][info][gc,task        ] GC(483) Using 8 workers of 8 for full compaction
[330.493s][info][gc             ] GC(484) Concurrent Cycle
[330.493s][info][gc,start       ] GC(483) Pause Full (G1 Evacuation Pause)
[330.493s][info][gc,marking     ] GC(484) Concurrent Clear Claimed Marks
[330.493s][info][gc,marking     ] GC(484) Concurrent Clear Claimed Marks 0.088ms
[330.493s][info][gc,marking     ] GC(484) Concurrent Scan Root Regions
[330.493s][info][gc,marking     ] GC(484) Concurrent Scan Root Regions 0.005ms
[330.493s][info][gc,marking     ] GC(484) Concurrent Mark (330.493s)
[330.493s][info][gc,marking     ] GC(484) Concurrent Mark From Roots
[330.493s][info][gc,task        ] GC(484) Using 2 workers of 2 for marking
[330.493s][info][gc,phases,start] GC(483) Phase 1: Mark live objects
[330.794s][info][gc,phases      ] GC(483) Phase 1: Mark live objects 300.479ms
[330.794s][info][gc,phases,start] GC(483) Phase 2: Prepare for compaction
[330.839s][info][gc,phases      ] GC(483) Phase 2: Prepare for compaction 44.802ms
[330.839s][info][gc,phases,start] GC(483) Phase 3: Adjust pointers
[330.950s][info][gc,phases      ] GC(483) Phase 3: Adjust pointers 110.985ms
[330.950s][info][gc,phases,start] GC(483) Phase 4: Compact heap
[330.993s][info][gc,phases      ] GC(483) Phase 4: Compact heap 42.822ms
[330.996s][info][gc,heap        ] GC(483) Eden regions: 0->0(25)
[330.996s][info][gc,heap        ] GC(483) Survivor regions: 0->0(0)
[330.996s][info][gc,heap        ] GC(483) Old regions: 499->478
[330.996s][info][gc,heap        ] GC(483) Archive regions: 2->2
[330.996s][info][gc,heap        ] GC(483) Humongous regions: 11->11
[330.996s][info][gc,metaspace   ] GC(483) Metaspace: 48558K(50128K)->48447K(50128K) NonClass: 42716K(43856K)->42621K(43856K) Class: 5841K(6272K)->5825K(6272K)
[330.996s][info][gc             ] GC(483) Pause Full (G1 Evacuation Pause) 507M->485M(512M) 503.138ms
[330.998s][info][gc,cpu         ] GC(483) User=2.50s Sys=0.04s Real=0.51s
[330.998s][info][gc,marking     ] GC(484) Concurrent Mark From Roots 504.997ms
[330.998s][info][gc,marking     ] GC(484) Concurrent Mark Abort
[330.998s][info][gc             ] GC(484) Concurrent Cycle 505.168ms
[331.170s][info][gc,start       ] GC(485) Pause Young (Normal) (G1 Evacuation Pause)
[331.170s][info][gc,task        ] GC(485) Using 8 workers of 8 for evacuation
[331.175s][info][gc             ] GC(485) To-space exhausted
[331.175s][info][gc,phases      ] GC(485)   Pre Evacuate Collection Set: 0.1ms
[331.175s][info][gc,phases      ] GC(485)   Merge Heap Roots: 0.0ms
[331.175s][info][gc,phases      ] GC(485)   Evacuate Collection Set: 1.1ms
[331.175s][info][gc,phases      ] GC(485)   Post Evacuate Collection Set: 3.6ms
[331.175s][info][gc,phases      ] GC(485)   Other: 0.2ms
[331.175s][info][gc,heap        ] GC(485) Eden regions: 21->0(25)
[331.175s][info][gc,heap        ] GC(485) Survivor regions: 0->0(0)
[331.175s][info][gc,heap        ] GC(485) Old regions: 478->499
[331.175s][info][gc,heap        ] GC(485) Archive regions: 2->2
[331.175s][info][gc,heap        ] GC(485) Humongous regions: 11->11
[331.175s][info][gc,metaspace   ] GC(485) Metaspace: 48557K(50128K)->48557K(50128K) NonClass: 42715K(43856K)->42715K(43856K) Class: 5842K(6272K)->5842K(6272K)
[331.175s][info][gc             ] GC(485) Pause Young (Normal) (G1 Evacuation Pause) 506M->506M(512M) 5.133ms
[331.175s][info][gc,cpu         ] GC(485) User=0.01s Sys=0.00s Real=0.00s
[331.175s][info][gc,ergo        ] Attempting maximally compacting collection
[331.175s][info][gc,task        ] GC(486) Using 8 workers of 8 for full compaction
[331.175s][info][gc,start       ] GC(486) Pause Full (G1 Evacuation Pause)
[331.176s][info][gc,phases,start] GC(486) Phase 1: Mark live objects
[331.489s][info][gc,phases      ] GC(486) Phase 1: Mark live objects 313.614ms
[331.489s][info][gc,phases,start] GC(486) Phase 2: Prepare for compaction
[331.531s][info][gc,phases      ] GC(486) Phase 2: Prepare for compaction 42.256ms
[331.531s][info][gc,phases,start] GC(486) Phase 3: Adjust pointers
[331.637s][info][gc,phases      ] GC(486) Phase 3: Adjust pointers 105.205ms
[331.637s][info][gc,phases,start] GC(486) Phase 4: Compact heap
[331.681s][info][gc,phases      ] GC(486) Phase 4: Compact heap 43.925ms
[331.684s][info][gc,heap        ] GC(486) Eden regions: 0->0(25)
[331.684s][info][gc,heap        ] GC(486) Survivor regions: 0->0(0)
[331.684s][info][gc,heap        ] GC(486) Old regions: 499->477
[331.684s][info][gc,heap        ] GC(486) Archive regions: 2->2
[331.684s][info][gc,heap        ] GC(486) Humongous regions: 11->11
[331.684s][info][gc,metaspace   ] GC(486) Metaspace: 48557K(50128K)->48493K(50128K) NonClass: 42715K(43856K)->42661K(43856K) Class: 5842K(6272K)->5832K(6272K)
[331.684s][info][gc             ] GC(486) Pause Full (G1 Evacuation Pause) 506M->485M(512M) 508.701ms
[331.686s][info][gc,cpu         ] GC(486) User=2.42s Sys=0.05s Real=0.52s
[331.837s][info][gc,start       ] GC(487) Pause Young (Concurrent Start) (G1 Evacuation Pause)
[331.837s][info][gc,task        ] GC(487) Using 8 workers of 8 for evacuation
[331.842s][info][gc             ] GC(487) To-space exhausted
[331.842s][info][gc,phases      ] GC(487)   Pre Evacuate Collection Set: 0.1ms
[331.842s][info][gc,phases      ] GC(487)   Merge Heap Roots: 0.1ms
[331.842s][info][gc,phases      ] GC(487)   Evacuate Collection Set: 1.2ms
[331.842s][info][gc,phases      ] GC(487)   Post Evacuate Collection Set: 2.9ms
[331.842s][info][gc,phases      ] GC(487)   Other: 0.2ms
[331.842s][info][gc,heap        ] GC(487) Eden regions: 22->0(25)
[331.842s][info][gc,heap        ] GC(487) Survivor regions: 0->0(0)
[331.842s][info][gc,heap        ] GC(487) Old regions: 477->499
[331.842s][info][gc,heap        ] GC(487) Archive regions: 2->2
[331.842s][info][gc,heap        ] GC(487) Humongous regions: 11->11
[331.842s][info][gc,metaspace   ] GC(487) Metaspace: 48543K(50128K)->48543K(50128K) NonClass: 42705K(43856K)->42705K(43856K) Class: 5838K(6272K)->5838K(6272K)
[331.842s][info][gc             ] GC(487) Pause Young (Concurrent Start) (G1 Evacuation Pause) 507M->507M(512M) 4.552ms
[331.842s][info][gc,cpu         ] GC(487) User=0.02s Sys=0.00s Real=0.00s
[331.842s][info][gc,ergo        ] Attempting maximally compacting collection
[331.842s][info][gc             ] GC(489) Concurrent Cycle
[331.842s][info][gc,task        ] GC(488) Using 8 workers of 8 for full compaction
[331.842s][info][gc,marking     ] GC(489) Concurrent Clear Claimed Marks
[331.842s][info][gc,start       ] GC(488) Pause Full (G1 Evacuation Pause)
[331.842s][info][gc,marking     ] GC(489) Concurrent Clear Claimed Marks 0.092ms
[331.842s][info][gc,marking     ] GC(489) Concurrent Scan Root Regions
[331.842s][info][gc,marking     ] GC(489) Concurrent Scan Root Regions 0.027ms
[331.842s][info][gc,marking     ] GC(489) Concurrent Mark (331.842s)
[331.842s][info][gc,marking     ] GC(489) Concurrent Mark From Roots
[331.842s][info][gc,task        ] GC(489) Using 2 workers of 2 for marking
[331.843s][info][gc,phases,start] GC(488) Phase 1: Mark live objects
[332.148s][info][gc,phases      ] GC(488) Phase 1: Mark live objects 304.730ms
[332.148s][info][gc,phases,start] GC(488) Phase 2: Prepare for compaction
[332.187s][info][gc,phases      ] GC(488) Phase 2: Prepare for compaction 39.223ms
[332.187s][info][gc,phases,start] GC(488) Phase 3: Adjust pointers
[332.283s][info][gc,phases      ] GC(488) Phase 3: Adjust pointers 95.878ms
[332.283s][info][gc,phases,start] GC(488) Phase 4: Compact heap
[332.331s][info][gc,phases      ] GC(488) Phase 4: Compact heap 47.677ms
[332.335s][info][gc,heap        ] GC(488) Eden regions: 0->0(25)
[332.335s][info][gc,heap        ] GC(488) Survivor regions: 0->0(0)
[332.335s][info][gc,heap        ] GC(488) Old regions: 499->479
[332.335s][info][gc,heap        ] GC(488) Archive regions: 2->2
[332.335s][info][gc,heap        ] GC(488) Humongous regions: 11->11
[332.335s][info][gc,metaspace   ] GC(488) Metaspace: 48543K(50128K)->48444K(50128K) NonClass: 42705K(43856K)->42620K(43856K) Class: 5838K(6272K)->5824K(6272K)
[332.335s][info][gc             ] GC(488) Pause Full (G1 Evacuation Pause) 507M->486M(512M) 492.999ms
[332.336s][info][gc,cpu         ] GC(488) User=2.40s Sys=0.04s Real=0.50s
[332.338s][info][gc,marking     ] GC(489) Concurrent Mark From Roots 495.626ms
[332.338s][info][gc,marking     ] GC(489) Concurrent Mark Abort
[332.338s][info][gc             ] GC(489) Concurrent Cycle 496.089ms
[332.447s][info][gc,start       ] GC(490) Pause Young (Normal) (G1 Evacuation Pause)
[332.447s][info][gc,task        ] GC(490) Using 8 workers of 8 for evacuation
[332.452s][info][gc             ] GC(490) To-space exhausted
[332.452s][info][gc,phases      ] GC(490)   Pre Evacuate Collection Set: 0.1ms
[332.452s][info][gc,phases      ] GC(490)   Merge Heap Roots: 0.1ms
[332.452s][info][gc,phases      ] GC(490)   Evacuate Collection Set: 1.1ms
[332.452s][info][gc,phases      ] GC(490)   Post Evacuate Collection Set: 3.9ms
[332.452s][info][gc,phases      ] GC(490)   Other: 0.3ms
[332.452s][info][gc,heap        ] GC(490) Eden regions: 20->0(25)
[332.452s][info][gc,heap        ] GC(490) Survivor regions: 0->0(0)
[332.452s][info][gc,heap        ] GC(490) Old regions: 479->499
[332.452s][info][gc,heap        ] GC(490) Archive regions: 2->2
[332.452s][info][gc,heap        ] GC(490) Humongous regions: 11->11
[332.452s][info][gc,metaspace   ] GC(490) Metaspace: 48586K(50128K)->48586K(50128K) NonClass: 42743K(43856K)->42743K(43856K) Class: 5842K(6272K)->5842K(6272K)
[332.452s][info][gc             ] GC(490) Pause Young (Normal) (G1 Evacuation Pause) 506M->506M(512M) 5.603ms
[332.452s][info][gc,cpu         ] GC(490) User=0.02s Sys=0.00s Real=0.00s
[332.452s][info][gc,ergo        ] Attempting maximally compacting collection
[332.452s][info][gc,task        ] GC(491) Using 8 workers of 8 for full compaction
[332.452s][info][gc,start       ] GC(491) Pause Full (G1 Evacuation Pause)
[332.452s][info][gc,phases,start] GC(491) Phase 1: Mark live objects
[332.753s][info][gc,phases      ] GC(491) Phase 1: Mark live objects 300.888ms
[332.753s][info][gc,phases,start] GC(491) Phase 2: Prepare for compaction
[332.818s][info][gc,phases      ] GC(491) Phase 2: Prepare for compaction 64.234ms
[332.818s][info][gc,phases,start] GC(491) Phase 3: Adjust pointers
[332.988s][info][gc,phases      ] GC(491) Phase 3: Adjust pointers 170.783ms
[332.989s][info][gc,phases,start] GC(491) Phase 4: Compact heap
[333.042s][info][gc,phases      ] GC(491) Phase 4: Compact heap 53.088ms
[333.045s][info][gc,heap        ] GC(491) Eden regions: 0->0(25)
[333.045s][info][gc,heap        ] GC(491) Survivor regions: 0->0(0)
[333.045s][info][gc,heap        ] GC(491) Old regions: 499->478
[333.045s][info][gc,heap        ] GC(491) Archive regions: 2->2
[333.045s][info][gc,heap        ] GC(491) Humongous regions: 11->11
[333.045s][info][gc,metaspace   ] GC(491) Metaspace: 48586K(50128K)->48532K(50128K) NonClass: 42743K(43856K)->42698K(43856K) Class: 5842K(6272K)->5834K(6272K)
[333.045s][info][gc             ] GC(491) Pause Full (G1 Evacuation Pause) 506M->486M(512M) 593.056ms
[333.047s][info][gc,cpu         ] GC(491) User=2.57s Sys=0.06s Real=0.60s
[333.198s][info][gc,start       ] GC(492) Pause Young (Concurrent Start) (G1 Evacuation Pause)
[333.198s][info][gc,task        ] GC(492) Using 8 workers of 8 for evacuation
[333.204s][info][gc             ] GC(492) To-space exhausted
[333.205s][info][gc,phases      ] GC(492)   Pre Evacuate Collection Set: 0.2ms
[333.205s][info][gc,phases      ] GC(492)   Merge Heap Roots: 0.1ms
[333.205s][info][gc,phases      ] GC(492)   Evacuate Collection Set: 1.4ms
[333.205s][info][gc,phases      ] GC(492)   Post Evacuate Collection Set: 4.2ms
[333.205s][info][gc,phases      ] GC(492)   Other: 0.4ms
[333.205s][info][gc,heap        ] GC(492) Eden regions: 21->0(25)
[333.205s][info][gc,heap        ] GC(492) Survivor regions: 0->0(0)
[333.205s][info][gc,heap        ] GC(492) Old regions: 478->499
[333.205s][info][gc,heap        ] GC(492) Archive regions: 2->2
[333.205s][info][gc,heap        ] GC(492) Humongous regions: 11->11
[333.205s][info][gc,metaspace   ] GC(492) Metaspace: 48563K(50128K)->48563K(50128K) NonClass: 42725K(43856K)->42725K(43856K) Class: 5838K(6272K)->5838K(6272K)
[333.205s][info][gc             ] GC(492) Pause Young (Concurrent Start) (G1 Evacuation Pause) 507M->507M(512M) 6.200ms
[333.205s][info][gc,cpu         ] GC(492) User=0.02s Sys=0.00s Real=0.00s
[333.205s][info][gc,ergo        ] Attempting maximally compacting collection
[333.205s][info][gc             ] GC(493) Concurrent Cycle
[333.205s][info][gc,task        ] GC(494) Using 8 workers of 8 for full compaction
[333.205s][info][gc,marking     ] GC(493) Concurrent Clear Claimed Marks
[333.205s][info][gc,start       ] GC(494) Pause Full (G1 Evacuation Pause)
[333.205s][info][gc,marking     ] GC(493) Concurrent Clear Claimed Marks 0.123ms
[333.205s][info][gc,marking     ] GC(493) Concurrent Scan Root Regions
[333.205s][info][gc,marking     ] GC(493) Concurrent Scan Root Regions 0.017ms
[333.205s][info][gc,marking     ] GC(493) Concurrent Mark (333.205s)
[333.205s][info][gc,marking     ] GC(493) Concurrent Mark From Roots
[333.205s][info][gc,task        ] GC(493) Using 2 workers of 2 for marking
[333.206s][info][gc,phases,start] GC(494) Phase 1: Mark live objects
[333.547s][info][gc,phases      ] GC(494) Phase 1: Mark live objects 341.803ms
[333.547s][info][gc,phases,start] GC(494) Phase 2: Prepare for compaction
[333.592s][info][gc,phases      ] GC(494) Phase 2: Prepare for compaction 44.739ms
[333.592s][info][gc,phases,start] GC(494) Phase 3: Adjust pointers
[333.703s][info][gc,phases      ] GC(494) Phase 3: Adjust pointers 110.879ms
[333.703s][info][gc,phases,start] GC(494) Phase 4: Compact heap
[333.744s][info][gc,phases      ] GC(494) Phase 4: Compact heap 41.127ms
[333.748s][info][gc,heap        ] GC(494) Eden regions: 0->0(25)
[333.748s][info][gc,heap        ] GC(494) Survivor regions: 0->0(0)
[333.748s][info][gc,heap        ] GC(494) Old regions: 499->480
[333.748s][info][gc,heap        ] GC(494) Archive regions: 2->2
[333.748s][info][gc,heap        ] GC(494) Humongous regions: 11->11
[333.748s][info][gc,metaspace   ] GC(494) Metaspace: 48563K(50128K)->48465K(50128K) NonClass: 42725K(43856K)->42641K(43856K) Class: 5838K(6272K)->5824K(6272K)
[333.748s][info][gc             ] GC(494) Pause Full (G1 Evacuation Pause) 507M->487M(512M) 543.103ms
[333.749s][info][gc,cpu         ] GC(494) User=2.50s Sys=0.04s Real=0.55s
[333.750s][info][gc,marking     ] GC(493) Concurrent Mark From Roots 544.811ms
[333.750s][info][gc,marking     ] GC(493) Concurrent Mark Abort
[333.750s][info][gc             ] GC(493) Concurrent Cycle 545.102ms
[333.857s][info][gc,start       ] GC(495) Pause Young (Normal) (G1 Evacuation Pause)
[333.857s][info][gc,task        ] GC(495) Using 8 workers of 8 for evacuation
[333.861s][info][gc             ] GC(495) To-space exhausted
[333.861s][info][gc,phases      ] GC(495)   Pre Evacuate Collection Set: 0.1ms
[333.861s][info][gc,phases      ] GC(495)   Merge Heap Roots: 0.0ms
[333.861s][info][gc,phases      ] GC(495)   Evacuate Collection Set: 1.0ms
[333.861s][info][gc,phases      ] GC(495)   Post Evacuate Collection Set: 2.9ms
[333.861s][info][gc,phases      ] GC(495)   Other: 0.2ms
[333.861s][info][gc,heap        ] GC(495) Eden regions: 19->0(25)
[333.861s][info][gc,heap        ] GC(495) Survivor regions: 0->0(0)
[333.861s][info][gc,heap        ] GC(495) Old regions: 480->499
[333.861s][info][gc,heap        ] GC(495) Archive regions: 2->2
[333.861s][info][gc,heap        ] GC(495) Humongous regions: 11->11
[333.861s][info][gc,metaspace   ] GC(495) Metaspace: 48587K(50128K)->48587K(50128K) NonClass: 42745K(43856K)->42745K(43856K) Class: 5842K(6272K)->5842K(6272K)
[333.861s][info][gc             ] GC(495) Pause Young (Normal) (G1 Evacuation Pause) 506M->506M(512M) 4.202ms
[333.861s][info][gc,cpu         ] GC(495) User=0.02s Sys=0.00s Real=0.00s
[333.861s][info][gc,ergo        ] Attempting maximally compacting collection
[333.861s][info][gc,task        ] GC(496) Using 8 workers of 8 for full compaction
[333.861s][info][gc,start       ] GC(496) Pause Full (G1 Evacuation Pause)
[333.861s][info][gc,phases,start] GC(496) Phase 1: Mark live objects
[334.195s][info][gc,phases      ] GC(496) Phase 1: Mark live objects 333.198ms
[334.195s][info][gc,phases,start] GC(496) Phase 2: Prepare for compaction
[334.239s][info][gc,phases      ] GC(496) Phase 2: Prepare for compaction 43.847ms
[334.239s][info][gc,phases,start] GC(496) Phase 3: Adjust pointers
[334.345s][info][gc,phases      ] GC(496) Phase 3: Adjust pointers 106.782ms
[334.345s][info][gc,phases,start] GC(496) Phase 4: Compact heap
[334.401s][info][gc,phases      ] GC(496) Phase 4: Compact heap 55.106ms
[334.404s][info][gc,heap        ] GC(496) Eden regions: 0->0(25)
[334.404s][info][gc,heap        ] GC(496) Survivor regions: 0->0(0)
[334.404s][info][gc,heap        ] GC(496) Old regions: 499->481
[334.404s][info][gc,heap        ] GC(496) Archive regions: 2->2
[334.404s][info][gc,heap        ] GC(496) Humongous regions: 11->11
[334.404s][info][gc,metaspace   ] GC(496) Metaspace: 48587K(50128K)->48530K(50128K) NonClass: 42745K(43856K)->42696K(43856K) Class: 5842K(6272K)->5833K(6272K)
[334.404s][info][gc             ] GC(496) Pause Full (G1 Evacuation Pause) 506M->487M(512M) 542.551ms
[334.405s][info][gc,cpu         ] GC(496) User=2.47s Sys=0.04s Real=0.54s
[334.515s][info][gc,start       ] GC(497) Pause Young (Concurrent Start) (G1 Evacuation Pause)
[334.515s][info][gc,task        ] GC(497) Using 8 workers of 8 for evacuation
[334.521s][info][gc             ] GC(497) To-space exhausted
[334.521s][info][gc,phases      ] GC(497)   Pre Evacuate Collection Set: 0.2ms
[334.521s][info][gc,phases      ] GC(497)   Merge Heap Roots: 0.1ms
[334.521s][info][gc,phases      ] GC(497)   Evacuate Collection Set: 1.8ms
[334.521s][info][gc,phases      ] GC(497)   Post Evacuate Collection Set: 3.6ms
[334.521s][info][gc,phases      ] GC(497)   Other: 0.4ms
[334.521s][info][gc,heap        ] GC(497) Eden regions: 18->0(25)
[334.521s][info][gc,heap        ] GC(497) Survivor regions: 0->0(0)
[334.521s][info][gc,heap        ] GC(497) Old regions: 481->499
[334.521s][info][gc,heap        ] GC(497) Archive regions: 2->2
[334.521s][info][gc,heap        ] GC(497) Humongous regions: 11->11
[334.521s][info][gc,metaspace   ] GC(497) Metaspace: 48597K(50128K)->48597K(50128K) NonClass: 42755K(43856K)->42755K(43856K) Class: 5842K(6272K)->5842K(6272K)
[334.521s][info][gc             ] GC(497) Pause Young (Concurrent Start) (G1 Evacuation Pause) 505M->505M(512M) 6.078ms
[334.521s][info][gc,cpu         ] GC(497) User=0.02s Sys=0.01s Real=0.01s
[334.521s][info][gc,ergo        ] Attempting maximally compacting collection
[334.521s][info][gc             ] GC(498) Concurrent Cycle
[334.521s][info][gc,task        ] GC(499) Using 8 workers of 8 for full compaction
[334.521s][info][gc,marking     ] GC(498) Concurrent Clear Claimed Marks
[334.521s][info][gc,start       ] GC(499) Pause Full (G1 Evacuation Pause)
[334.521s][info][gc,marking     ] GC(498) Concurrent Clear Claimed Marks 0.089ms
[334.521s][info][gc,marking     ] GC(498) Concurrent Scan Root Regions
[334.521s][info][gc,marking     ] GC(498) Concurrent Scan Root Regions 0.009ms
[334.521s][info][gc,marking     ] GC(498) Concurrent Mark (334.521s)
[334.521s][info][gc,marking     ] GC(498) Concurrent Mark From Roots
[334.521s][info][gc,task        ] GC(498) Using 2 workers of 2 for marking
[334.522s][info][gc,phases,start] GC(499) Phase 1: Mark live objects
[334.911s][info][gc,phases      ] GC(499) Phase 1: Mark live objects 389.402ms
[334.911s][info][gc,phases,start] GC(499) Phase 2: Prepare for compaction
[334.962s][info][gc,phases      ] GC(499) Phase 2: Prepare for compaction 50.914ms
[334.962s][info][gc,phases,start] GC(499) Phase 3: Adjust pointers
[335.071s][info][gc,phases      ] GC(499) Phase 3: Adjust pointers 108.701ms
[335.071s][info][gc,phases,start] GC(499) Phase 4: Compact heap
[335.141s][info][gc,phases      ] GC(499) Phase 4: Compact heap 69.673ms
[335.144s][info][gc,heap        ] GC(499) Eden regions: 0->0(25)
[335.144s][info][gc,heap        ] GC(499) Survivor regions: 0->0(0)
[335.145s][info][gc,heap        ] GC(499) Old regions: 499->481
[335.145s][info][gc,heap        ] GC(499) Archive regions: 2->2
[335.145s][info][gc,heap        ] GC(499) Humongous regions: 11->11
[335.145s][info][gc,metaspace   ] GC(499) Metaspace: 48597K(50128K)->48479K(50128K) NonClass: 42755K(43856K)->42653K(43856K) Class: 5842K(6272K)->5825K(6272K)
[335.145s][info][gc             ] GC(499) Pause Full (G1 Evacuation Pause) 505M->488M(512M) 623.250ms
[335.146s][info][gc,cpu         ] GC(499) User=2.48s Sys=0.05s Real=0.63s
[335.147s][info][gc,marking     ] GC(498) Concurrent Mark From Roots 625.206ms
[335.147s][info][gc,marking     ] GC(498) Concurrent Mark Abort
[335.147s][info][gc             ] GC(498) Concurrent Cycle 625.488ms
[335.258s][info][gc,start       ] GC(500) Pause Young (Normal) (G1 Evacuation Pause)
[335.258s][info][gc,task        ] GC(500) Using 8 workers of 8 for evacuation
[335.264s][info][gc             ] GC(500) To-space exhausted
[335.264s][info][gc,phases      ] GC(500)   Pre Evacuate Collection Set: 0.1ms
[335.264s][info][gc,phases      ] GC(500)   Merge Heap Roots: 0.1ms
[335.264s][info][gc,phases      ] GC(500)   Evacuate Collection Set: 1.5ms
[335.264s][info][gc,phases      ] GC(500)   Post Evacuate Collection Set: 4.0ms
[335.264s][info][gc,phases      ] GC(500)   Other: 0.2ms
[335.264s][info][gc,heap        ] GC(500) Eden regions: 18->0(25)
[335.264s][info][gc,heap        ] GC(500) Survivor regions: 0->0(0)
[335.264s][info][gc,heap        ] GC(500) Old regions: 481->499
[335.264s][info][gc,heap        ] GC(500) Archive regions: 2->2
[335.264s][info][gc,heap        ] GC(500) Humongous regions: 11->11
[335.264s][info][gc,metaspace   ] GC(500) Metaspace: 48589K(50128K)->48589K(50128K) NonClass: 42748K(43856K)->42748K(43856K) Class: 5841K(6272K)->5841K(6272K)
[335.264s][info][gc             ] GC(500) Pause Young (Normal) (G1 Evacuation Pause) 506M->506M(512M) 5.898ms
[335.264s][info][gc,cpu         ] GC(500) User=0.02s Sys=0.00s Real=0.00s
[335.264s][info][gc,ergo        ] Attempting maximally compacting collection
[335.264s][info][gc,task        ] GC(501) Using 8 workers of 8 for full compaction
[335.264s][info][gc,start       ] GC(501) Pause Full (G1 Evacuation Pause)
[335.264s][info][gc,phases,start] GC(501) Phase 1: Mark live objects
[335.665s][info][gc,phases      ] GC(501) Phase 1: Mark live objects 400.790ms
[335.665s][info][gc,phases,start] GC(501) Phase 2: Prepare for compaction
[335.727s][info][gc,phases      ] GC(501) Phase 2: Prepare for compaction 61.916ms
[335.727s][info][gc,phases,start] GC(501) Phase 3: Adjust pointers
[335.821s][info][gc,phases      ] GC(501) Phase 3: Adjust pointers 93.842ms
[335.821s][info][gc,phases,start] GC(501) Phase 4: Compact heap
[335.870s][info][gc,phases      ] GC(501) Phase 4: Compact heap 48.671ms
[335.874s][info][gc,heap        ] GC(501) Eden regions: 0->0(25)
[335.874s][info][gc,heap        ] GC(501) Survivor regions: 0->0(0)
[335.874s][info][gc,heap        ] GC(501) Old regions: 499->479
[335.874s][info][gc,heap        ] GC(501) Archive regions: 2->2
[335.874s][info][gc,heap        ] GC(501) Humongous regions: 11->11
[335.874s][info][gc,metaspace   ] GC(501) Metaspace: 48589K(50128K)->48514K(50128K) NonClass: 42748K(43856K)->42684K(43856K) Class: 5841K(6272K)->5830K(6272K)
[335.874s][info][gc             ] GC(501) Pause Full (G1 Evacuation Pause) 506M->488M(512M) 609.645ms
[335.875s][info][gc,cpu         ] GC(501) User=2.42s Sys=0.05s Real=0.61s
[335.982s][info][gc,start       ] GC(502) Pause Young (Concurrent Start) (G1 Evacuation Pause)
[335.982s][info][gc,task        ] GC(502) Using 8 workers of 8 for evacuation
[335.986s][info][gc             ] GC(502) To-space exhausted
[335.986s][info][gc,phases      ] GC(502)   Pre Evacuate Collection Set: 0.1ms
[335.986s][info][gc,phases      ] GC(502)   Merge Heap Roots: 0.1ms
[335.986s][info][gc,phases      ] GC(502)   Evacuate Collection Set: 1.1ms
[335.986s][info][gc,phases      ] GC(502)   Post Evacuate Collection Set: 3.0ms
[335.986s][info][gc,phases      ] GC(502)   Other: 0.2ms
[335.986s][info][gc,heap        ] GC(502) Eden regions: 20->0(25)
[335.986s][info][gc,heap        ] GC(502) Survivor regions: 0->0(0)
[335.986s][info][gc,heap        ] GC(502) Old regions: 479->499
[335.986s][info][gc,heap        ] GC(502) Archive regions: 2->2
[335.986s][info][gc,heap        ] GC(502) Humongous regions: 11->11
[335.986s][info][gc,metaspace   ] GC(502) Metaspace: 48568K(50128K)->48568K(50128K) NonClass: 42729K(43856K)->42729K(43856K) Class: 5838K(6272K)->5838K(6272K)
[335.986s][info][gc             ] GC(502) Pause Young (Concurrent Start) (G1 Evacuation Pause) 508M->508M(512M) 4.540ms
[335.986s][info][gc,cpu         ] GC(502) User=0.02s Sys=0.00s Real=0.01s
[335.986s][info][gc,ergo        ] Attempting maximally compacting collection
[335.986s][info][gc,task        ] GC(503) Using 8 workers of 8 for full compaction
[335.986s][info][gc,start       ] GC(503) Pause Full (G1 Evacuation Pause)
[335.986s][info][gc             ] GC(504) Concurrent Cycle
[335.986s][info][gc,marking     ] GC(504) Concurrent Clear Claimed Marks
[335.986s][info][gc,marking     ] GC(504) Concurrent Clear Claimed Marks 0.138ms
[335.986s][info][gc,marking     ] GC(504) Concurrent Scan Root Regions
[335.986s][info][gc,marking     ] GC(504) Concurrent Scan Root Regions 0.018ms
[335.986s][info][gc,marking     ] GC(504) Concurrent Mark (335.986s)
[335.986s][info][gc,marking     ] GC(504) Concurrent Mark From Roots
[335.986s][info][gc,task        ] GC(504) Using 2 workers of 2 for marking
[335.987s][info][gc,phases,start] GC(503) Phase 1: Mark live objects
[336.280s][info][gc,phases      ] GC(503) Phase 1: Mark live objects 293.042ms
[336.280s][info][gc,phases,start] GC(503) Phase 2: Prepare for compaction
[336.330s][info][gc,phases      ] GC(503) Phase 2: Prepare for compaction 50.082ms
[336.330s][info][gc,phases,start] GC(503) Phase 3: Adjust pointers
[336.425s][info][gc,phases      ] GC(503) Phase 3: Adjust pointers 94.548ms
[336.425s][info][gc,phases,start] GC(503) Phase 4: Compact heap
[336.477s][info][gc,phases      ] GC(503) Phase 4: Compact heap 52.732ms
[336.482s][info][gc,heap        ] GC(503) Eden regions: 0->0(25)
[336.482s][info][gc,heap        ] GC(503) Survivor regions: 0->0(0)
[336.482s][info][gc,heap        ] GC(503) Old regions: 499->482
[336.482s][info][gc,heap        ] GC(503) Archive regions: 2->2
[336.482s][info][gc,heap        ] GC(503) Humongous regions: 11->11
[336.482s][info][gc,metaspace   ] GC(503) Metaspace: 48568K(50128K)->48470K(50128K) NonClass: 42729K(43856K)->42645K(43856K) Class: 5838K(6272K)->5824K(6272K)
[336.482s][info][gc             ] GC(503) Pause Full (G1 Evacuation Pause) 508M->489M(512M) 496.221ms
[336.484s][info][gc,cpu         ] GC(503) User=2.50s Sys=0.05s Real=0.49s
[336.484s][info][gc,marking     ] GC(504) Concurrent Mark From Roots 497.822ms
[336.484s][info][gc,marking     ] GC(504) Concurrent Mark Abort
[336.484s][info][gc             ] GC(504) Concurrent Cycle 498.130ms
[336.605s][info][gc,start       ] GC(505) Pause Young (Normal) (G1 Evacuation Pause)
[336.605s][info][gc,task        ] GC(505) Using 8 workers of 8 for evacuation
[336.608s][info][gc             ] GC(505) To-space exhausted
[336.608s][info][gc,phases      ] GC(505)   Pre Evacuate Collection Set: 0.1ms
[336.609s][info][gc,phases      ] GC(505)   Merge Heap Roots: 0.1ms
[336.609s][info][gc,phases      ] GC(505)   Evacuate Collection Set: 0.7ms
[336.609s][info][gc,phases      ] GC(505)   Post Evacuate Collection Set: 2.7ms
[336.609s][info][gc,phases      ] GC(505)   Other: 0.2ms
[336.609s][info][gc,heap        ] GC(505) Eden regions: 17->0(25)
[336.609s][info][gc,heap        ] GC(505) Survivor regions: 0->0(0)
[336.609s][info][gc,heap        ] GC(505) Old regions: 482->499
[336.609s][info][gc,heap        ] GC(505) Archive regions: 2->2
[336.609s][info][gc,heap        ] GC(505) Humongous regions: 11->11
[336.609s][info][gc,metaspace   ] GC(505) Metaspace: 48602K(50128K)->48602K(50128K) NonClass: 42760K(43856K)->42760K(43856K) Class: 5842K(6272K)->5842K(6272K)
[336.609s][info][gc             ] GC(505) Pause Young (Normal) (G1 Evacuation Pause) 506M->506M(512M) 3.801ms
[336.609s][info][gc,cpu         ] GC(505) User=0.01s Sys=0.00s Real=0.01s
[336.609s][info][gc,ergo        ] Attempting maximally compacting collection
[336.609s][info][gc,task        ] GC(506) Using 8 workers of 8 for full compaction
[336.609s][info][gc,start       ] GC(506) Pause Full (G1 Evacuation Pause)
[336.609s][info][gc,phases,start] GC(506) Phase 1: Mark live objects
[336.903s][info][gc,phases      ] GC(506) Phase 1: Mark live objects 293.982ms
[336.903s][info][gc,phases,start] GC(506) Phase 2: Prepare for compaction
[336.950s][info][gc,phases      ] GC(506) Phase 2: Prepare for compaction 46.689ms
[336.950s][info][gc,phases,start] GC(506) Phase 3: Adjust pointers
[337.043s][info][gc,phases      ] GC(506) Phase 3: Adjust pointers 93.319ms
[337.043s][info][gc,phases,start] GC(506) Phase 4: Compact heap
[337.084s][info][gc,phases      ] GC(506) Phase 4: Compact heap 40.674ms
[337.087s][info][gc,heap        ] GC(506) Eden regions: 0->0(25)
[337.087s][info][gc,heap        ] GC(506) Survivor regions: 0->0(0)
[337.087s][info][gc,heap        ] GC(506) Old regions: 499->482
[337.087s][info][gc,heap        ] GC(506) Archive regions: 2->2
[337.087s][info][gc,heap        ] GC(506) Humongous regions: 11->11
[337.087s][info][gc,metaspace   ] GC(506) Metaspace: 48602K(50128K)->48534K(50128K) NonClass: 42760K(43856K)->42701K(43856K) Class: 5842K(6272K)->5832K(6272K)
[337.087s][info][gc             ] GC(506) Pause Full (G1 Evacuation Pause) 506M->489M(512M) 478.524ms
[337.088s][info][gc,cpu         ] GC(506) User=2.47s Sys=0.05s Real=0.48s
[337.178s][info][gc,start       ] GC(507) Pause Young (Concurrent Start) (G1 Evacuation Pause)
[337.178s][info][gc,task        ] GC(507) Using 8 workers of 8 for evacuation
[337.182s][info][gc             ] GC(507) To-space exhausted
[337.183s][info][gc,phases      ] GC(507)   Pre Evacuate Collection Set: 0.2ms
[337.183s][info][gc,phases      ] GC(507)   Merge Heap Roots: 0.0ms
[337.183s][info][gc,phases      ] GC(507)   Evacuate Collection Set: 1.7ms
[337.183s][info][gc,phases      ] GC(507)   Post Evacuate Collection Set: 2.3ms
[337.183s][info][gc,phases      ] GC(507)   Other: 0.3ms
[337.183s][info][gc,heap        ] GC(507) Eden regions: 17->0(25)
[337.183s][info][gc,heap        ] GC(507) Survivor regions: 0->0(0)
[337.183s][info][gc,heap        ] GC(507) Old regions: 482->499
[337.183s][info][gc,heap        ] GC(507) Archive regions: 2->2
[337.183s][info][gc,heap        ] GC(507) Humongous regions: 11->11
[337.183s][info][gc,metaspace   ] GC(507) Metaspace: 48576K(50128K)->48576K(50128K) NonClass: 42737K(43856K)->42737K(43856K) Class: 5838K(6272K)->5838K(6272K)
[337.183s][info][gc             ] GC(507) Pause Young (Concurrent Start) (G1 Evacuation Pause) 506M->506M(512M) 4.578ms
[337.183s][info][gc,cpu         ] GC(507) User=0.01s Sys=0.00s Real=0.00s
[337.183s][info][gc,ergo        ] Attempting maximally compacting collection
[337.183s][info][gc             ] GC(508) Concurrent Cycle
[337.183s][info][gc,task        ] GC(509) Using 8 workers of 8 for full compaction
[337.183s][info][gc,marking     ] GC(508) Concurrent Clear Claimed Marks
[337.183s][info][gc,start       ] GC(509) Pause Full (G1 Evacuation Pause)
[337.183s][info][gc,marking     ] GC(508) Concurrent Clear Claimed Marks 0.071ms
[337.183s][info][gc,marking     ] GC(508) Concurrent Scan Root Regions
[337.183s][info][gc,marking     ] GC(508) Concurrent Scan Root Regions 0.015ms
[337.183s][info][gc,marking     ] GC(508) Concurrent Mark (337.183s)
[337.183s][info][gc,marking     ] GC(508) Concurrent Mark From Roots
[337.183s][info][gc,task        ] GC(508) Using 2 workers of 2 for marking
[337.183s][info][gc,phases,start] GC(509) Phase 1: Mark live objects
[337.496s][info][gc,phases      ] GC(509) Phase 1: Mark live objects 312.440ms
[337.496s][info][gc,phases,start] GC(509) Phase 2: Prepare for compaction
[337.544s][info][gc,phases      ] GC(509) Phase 2: Prepare for compaction 47.954ms
[337.544s][info][gc,phases,start] GC(509) Phase 3: Adjust pointers
[337.636s][info][gc,phases      ] GC(509) Phase 3: Adjust pointers 92.465ms
[337.636s][info][gc,phases,start] GC(509) Phase 4: Compact heap
[337.678s][info][gc,phases      ] GC(509) Phase 4: Compact heap 41.995ms
[337.685s][info][gc,heap        ] GC(509) Eden regions: 0->0(25)
[337.685s][info][gc,heap        ] GC(509) Survivor regions: 0->0(0)
[337.685s][info][gc,heap        ] GC(509) Old regions: 499->482
[337.685s][info][gc,heap        ] GC(509) Archive regions: 2->2
[337.685s][info][gc,heap        ] GC(509) Humongous regions: 11->11
[337.685s][info][gc,metaspace   ] GC(509) Metaspace: 48576K(50128K)->48477K(50128K) NonClass: 42737K(43856K)->42652K(43856K) Class: 5838K(6272K)->5824K(6272K)
[337.685s][info][gc             ] GC(509) Pause Full (G1 Evacuation Pause) 506M->489M(512M) 502.402ms
[337.687s][info][gc,cpu         ] GC(509) User=2.47s Sys=0.05s Real=0.51s
[337.688s][info][gc,marking     ] GC(508) Concurrent Mark From Roots 505.409ms
[337.688s][info][gc,marking     ] GC(508) Concurrent Mark Abort
[337.688s][info][gc             ] GC(508) Concurrent Cycle 505.633ms
[337.796s][info][gc,start       ] GC(510) Pause Young (Normal) (G1 Evacuation Pause)
[337.796s][info][gc,task        ] GC(510) Using 8 workers of 8 for evacuation
[337.800s][info][gc             ] GC(510) To-space exhausted
[337.800s][info][gc,phases      ] GC(510)   Pre Evacuate Collection Set: 0.2ms
[337.800s][info][gc,phases      ] GC(510)   Merge Heap Roots: 0.1ms
[337.800s][info][gc,phases      ] GC(510)   Evacuate Collection Set: 1.6ms
[337.800s][info][gc,phases      ] GC(510)   Post Evacuate Collection Set: 2.8ms
[337.800s][info][gc,phases      ] GC(510)   Other: 0.3ms
[337.800s][info][gc,heap        ] GC(510) Eden regions: 17->0(25)
[337.800s][info][gc,heap        ] GC(510) Survivor regions: 0->0(0)
[337.800s][info][gc,heap        ] GC(510) Old regions: 482->499
[337.800s][info][gc,heap        ] GC(510) Archive regions: 2->2
[337.800s][info][gc,heap        ] GC(510) Humongous regions: 11->11
[337.800s][info][gc,metaspace   ] GC(510) Metaspace: 48607K(50128K)->48607K(50128K) NonClass: 42763K(43856K)->42763K(43856K) Class: 5843K(6272K)->5843K(6272K)
[337.800s][info][gc             ] GC(510) Pause Young (Normal) (G1 Evacuation Pause) 506M->506M(512M) 4.925ms
[337.801s][info][gc,cpu         ] GC(510) User=0.02s Sys=0.00s Real=0.01s
[337.801s][info][gc,ergo        ] Attempting maximally compacting collection
[337.801s][info][gc,task        ] GC(511) Using 8 workers of 8 for full compaction
[337.801s][info][gc,start       ] GC(511) Pause Full (G1 Evacuation Pause)
[337.801s][info][gc,phases,start] GC(511) Phase 1: Mark live objects
[338.148s][info][gc,phases      ] GC(511) Phase 1: Mark live objects 347.512ms
[338.148s][info][gc,phases,start] GC(511) Phase 2: Prepare for compaction
[338.195s][info][gc,phases      ] GC(511) Phase 2: Prepare for compaction 47.117ms
[338.195s][info][gc,phases,start] GC(511) Phase 3: Adjust pointers
[338.292s][info][gc,phases      ] GC(511) Phase 3: Adjust pointers 96.329ms
[338.292s][info][gc,phases,start] GC(511) Phase 4: Compact heap
[338.330s][info][gc,phases      ] GC(511) Phase 4: Compact heap 37.931ms
[338.333s][info][gc,heap        ] GC(511) Eden regions: 0->0(25)
[338.333s][info][gc,heap        ] GC(511) Survivor regions: 0->0(0)
[338.333s][info][gc,heap        ] GC(511) Old regions: 499->483
[338.334s][info][gc,heap        ] GC(511) Archive regions: 2->2
[338.334s][info][gc,heap        ] GC(511) Humongous regions: 11->11
[338.334s][info][gc,metaspace   ] GC(511) Metaspace: 48607K(50128K)->48542K(50128K) NonClass: 42763K(43856K)->42708K(43856K) Class: 5843K(6272K)->5833K(6272K)
[338.334s][info][gc             ] GC(511) Pause Full (G1 Evacuation Pause) 506M->490M(512M) 532.983ms
[338.335s][info][gc,cpu         ] GC(511) User=2.47s Sys=0.04s Real=0.53s
[338.434s][info][gc,start       ] GC(512) Pause Young (Concurrent Start) (G1 Evacuation Pause)
[338.434s][info][gc,task        ] GC(512) Using 8 workers of 8 for evacuation
[338.440s][info][gc             ] GC(512) To-space exhausted
[338.440s][info][gc,phases      ] GC(512)   Pre Evacuate Collection Set: 0.2ms
[338.440s][info][gc,phases      ] GC(512)   Merge Heap Roots: 0.1ms
[338.440s][info][gc,phases      ] GC(512)   Evacuate Collection Set: 1.5ms
[338.440s][info][gc,phases      ] GC(512)   Post Evacuate Collection Set: 4.0ms
[338.440s][info][gc,phases      ] GC(512)   Other: 0.4ms
[338.440s][info][gc,heap        ] GC(512) Eden regions: 16->0(25)
[338.440s][info][gc,heap        ] GC(512) Survivor regions: 0->0(0)
[338.440s][info][gc,heap        ] GC(512) Old regions: 483->499
[338.440s][info][gc,heap        ] GC(512) Archive regions: 2->2
[338.440s][info][gc,heap        ] GC(512) Humongous regions: 11->11
[338.440s][info][gc,metaspace   ] GC(512) Metaspace: 48601K(50128K)->48601K(50128K) NonClass: 42760K(43856K)->42760K(43856K) Class: 5841K(6272K)->5841K(6272K)
[338.440s][info][gc             ] GC(512) Pause Young (Concurrent Start) (G1 Evacuation Pause) 506M->506M(512M) 6.343ms
[338.440s][info][gc,cpu         ] GC(512) User=0.02s Sys=0.00s Real=0.01s
[338.440s][info][gc,ergo        ] Attempting maximally compacting collection
[338.440s][info][gc             ] GC(514) Concurrent Cycle
[338.440s][info][gc,task        ] GC(513) Using 8 workers of 8 for full compaction
[338.440s][info][gc,marking     ] GC(514) Concurrent Clear Claimed Marks
[338.440s][info][gc,start       ] GC(513) Pause Full (G1 Evacuation Pause)
[338.440s][info][gc,marking     ] GC(514) Concurrent Clear Claimed Marks 0.075ms
[338.440s][info][gc,marking     ] GC(514) Concurrent Scan Root Regions
[338.440s][info][gc,marking     ] GC(514) Concurrent Scan Root Regions 0.017ms
[338.440s][info][gc,marking     ] GC(514) Concurrent Mark (338.440s)
[338.440s][info][gc,marking     ] GC(514) Concurrent Mark From Roots
[338.440s][info][gc,task        ] GC(514) Using 2 workers of 2 for marking
[338.441s][info][gc,phases,start] GC(513) Phase 1: Mark live objects
[338.753s][info][gc,phases      ] GC(513) Phase 1: Mark live objects 312.025ms
[338.753s][info][gc,phases,start] GC(513) Phase 2: Prepare for compaction
[338.794s][info][gc,phases      ] GC(513) Phase 2: Prepare for compaction 40.707ms
[338.794s][info][gc,phases,start] GC(513) Phase 3: Adjust pointers
[338.892s][info][gc,phases      ] GC(513) Phase 3: Adjust pointers 97.809ms
[338.892s][info][gc,phases,start] GC(513) Phase 4: Compact heap
[338.929s][info][gc,phases      ] GC(513) Phase 4: Compact heap 37.228ms
[338.933s][info][gc,heap        ] GC(513) Eden regions: 0->0(25)
[338.933s][info][gc,heap        ] GC(513) Survivor regions: 0->0(0)
[338.933s][info][gc,heap        ] GC(513) Old regions: 499->481
[338.933s][info][gc,heap        ] GC(513) Archive regions: 2->2
[338.933s][info][gc,heap        ] GC(513) Humongous regions: 11->11
[338.933s][info][gc,metaspace   ] GC(513) Metaspace: 48601K(50128K)->48487K(50128K) NonClass: 42760K(43856K)->42662K(43856K) Class: 5841K(6272K)->5825K(6272K)
[338.933s][info][gc             ] GC(513) Pause Full (G1 Evacuation Pause) 506M->490M(512M) 493.042ms
[338.934s][info][gc,cpu         ] GC(513) User=2.48s Sys=0.04s Real=0.49s
[338.935s][info][gc,marking     ] GC(514) Concurrent Mark From Roots 494.336ms
[338.935s][info][gc,marking     ] GC(514) Concurrent Mark Abort
[338.935s][info][gc             ] GC(514) Concurrent Cycle 494.557ms
[339.069s][info][gc,start       ] GC(515) Pause Young (Normal) (G1 Evacuation Pause)
[339.069s][info][gc,task        ] GC(515) Using 8 workers of 8 for evacuation
[339.074s][info][gc             ] GC(515) To-space exhausted
[339.074s][info][gc,phases      ] GC(515)   Pre Evacuate Collection Set: 0.1ms
[339.074s][info][gc,phases      ] GC(515)   Merge Heap Roots: 0.1ms
[339.074s][info][gc,phases      ] GC(515)   Evacuate Collection Set: 1.3ms
[339.074s][info][gc,phases      ] GC(515)   Post Evacuate Collection Set: 3.5ms
[339.074s][info][gc,phases      ] GC(515)   Other: 0.2ms
[339.074s][info][gc,heap        ] GC(515) Eden regions: 18->0(25)
[339.074s][info][gc,heap        ] GC(515) Survivor regions: 0->0(0)
[339.074s][info][gc,heap        ] GC(515) Old regions: 481->499
[339.074s][info][gc,heap        ] GC(515) Archive regions: 2->2
[339.074s][info][gc,heap        ] GC(515) Humongous regions: 11->11
[339.074s][info][gc,metaspace   ] GC(515) Metaspace: 48607K(50128K)->48607K(50128K) NonClass: 42765K(43856K)->42765K(43856K) Class: 5842K(6272K)->5842K(6272K)
[339.074s][info][gc             ] GC(515) Pause Young (Normal) (G1 Evacuation Pause) 508M->508M(512M) 5.324ms
[339.074s][info][gc,cpu         ] GC(515) User=0.01s Sys=0.00s Real=0.00s
[339.074s][info][gc,ergo        ] Attempting maximally compacting collection
[339.074s][info][gc,task        ] GC(516) Using 8 workers of 8 for full compaction
[339.074s][info][gc,start       ] GC(516) Pause Full (G1 Evacuation Pause)
[339.074s][info][gc,phases,start] GC(516) Phase 1: Mark live objects
[339.366s][info][gc,phases      ] GC(516) Phase 1: Mark live objects 291.991ms
[339.366s][info][gc,phases,start] GC(516) Phase 2: Prepare for compaction
[339.408s][info][gc,phases      ] GC(516) Phase 2: Prepare for compaction 41.644ms
[339.408s][info][gc,phases,start] GC(516) Phase 3: Adjust pointers
[339.510s][info][gc,phases      ] GC(516) Phase 3: Adjust pointers 102.357ms
[339.510s][info][gc,phases,start] GC(516) Phase 4: Compact heap
[339.555s][info][gc,phases      ] GC(516) Phase 4: Compact heap 45.000ms
[339.559s][info][gc,heap        ] GC(516) Eden regions: 0->0(25)
[339.559s][info][gc,heap        ] GC(516) Survivor regions: 0->0(0)
[339.559s][info][gc,heap        ] GC(516) Old regions: 499->483
[339.559s][info][gc,heap        ] GC(516) Archive regions: 2->2
[339.559s][info][gc,heap        ] GC(516) Humongous regions: 11->11
[339.559s][info][gc,metaspace   ] GC(516) Metaspace: 48607K(50128K)->48537K(50128K) NonClass: 42765K(43856K)->42704K(43856K) Class: 5842K(6272K)->5832K(6272K)
[339.559s][info][gc             ] GC(516) Pause Full (G1 Evacuation Pause) 508M->490M(512M) 485.200ms
[339.560s][info][gc,cpu         ] GC(516) User=2.49s Sys=0.04s Real=0.49s
[339.675s][info][gc,start       ] GC(517) Pause Young (Concurrent Start) (G1 Evacuation Pause)
[339.675s][info][gc,task        ] GC(517) Using 8 workers of 8 for evacuation
[339.684s][info][gc             ] GC(517) To-space exhausted
[339.684s][info][gc,phases      ] GC(517)   Pre Evacuate Collection Set: 0.1ms
[339.684s][info][gc,phases      ] GC(517)   Merge Heap Roots: 0.1ms
[339.684s][info][gc,phases      ] GC(517)   Evacuate Collection Set: 2.4ms
[339.684s][info][gc,phases      ] GC(517)   Post Evacuate Collection Set: 6.0ms
[339.684s][info][gc,phases      ] GC(517)   Other: 0.2ms
[339.684s][info][gc,heap        ] GC(517) Eden regions: 16->0(25)
[339.684s][info][gc,heap        ] GC(517) Survivor regions: 0->0(0)
[339.684s][info][gc,heap        ] GC(517) Old regions: 483->499
[339.684s][info][gc,heap        ] GC(517) Archive regions: 2->2
[339.684s][info][gc,heap        ] GC(517) Humongous regions: 11->11
[339.684s][info][gc,metaspace   ] GC(517) Metaspace: 48579K(50128K)->48579K(50128K) NonClass: 42740K(43856K)->42740K(43856K) Class: 5838K(6272K)->5838K(6272K)
[339.684s][info][gc             ] GC(517) Pause Young (Concurrent Start) (G1 Evacuation Pause) 506M->506M(512M) 9.032ms
[339.684s][info][gc,cpu         ] GC(517) User=0.01s Sys=0.00s Real=0.01s
[339.684s][info][gc,ergo        ] Attempting maximally compacting collection
[339.684s][info][gc             ] GC(518) Concurrent Cycle
[339.684s][info][gc,task        ] GC(519) Using 8 workers of 8 for full compaction
[339.684s][info][gc,marking     ] GC(518) Concurrent Clear Claimed Marks
[339.684s][info][gc,start       ] GC(519) Pause Full (G1 Evacuation Pause)
[339.684s][info][gc,marking     ] GC(518) Concurrent Clear Claimed Marks 0.068ms
[339.684s][info][gc,marking     ] GC(518) Concurrent Scan Root Regions
[339.684s][info][gc,marking     ] GC(518) Concurrent Scan Root Regions 0.009ms
[339.684s][info][gc,marking     ] GC(518) Concurrent Mark (339.684s)
[339.684s][info][gc,marking     ] GC(518) Concurrent Mark From Roots
[339.684s][info][gc,task        ] GC(518) Using 2 workers of 2 for marking
[339.685s][info][gc,phases,start] GC(519) Phase 1: Mark live objects
[339.991s][info][gc,phases      ] GC(519) Phase 1: Mark live objects 305.871ms
[339.991s][info][gc,phases,start] GC(519) Phase 2: Prepare for compaction
[340.030s][info][gc,phases      ] GC(519) Phase 2: Prepare for compaction 39.038ms
[340.030s][info][gc,phases,start] GC(519) Phase 3: Adjust pointers
[340.137s][info][gc,phases      ] GC(519) Phase 3: Adjust pointers 106.402ms
[340.137s][info][gc,phases,start] GC(519) Phase 4: Compact heap
[340.172s][info][gc,phases      ] GC(519) Phase 4: Compact heap 35.420ms
[340.176s][info][gc,heap        ] GC(519) Eden regions: 0->0(25)
[340.176s][info][gc,heap        ] GC(519) Survivor regions: 0->0(0)
[340.176s][info][gc,heap        ] GC(519) Old regions: 499->482
[340.176s][info][gc,heap        ] GC(519) Archive regions: 2->2
[340.176s][info][gc,heap        ] GC(519) Humongous regions: 11->11
[340.176s][info][gc,metaspace   ] GC(519) Metaspace: 48579K(50128K)->48480K(50128K) NonClass: 42740K(43856K)->42655K(43856K) Class: 5838K(6272K)->5824K(6272K)
[340.176s][info][gc             ] GC(519) Pause Full (G1 Evacuation Pause) 506M->491M(512M) 491.631ms
[340.177s][info][gc,cpu         ] GC(519) User=2.48s Sys=0.04s Real=0.50s
[340.177s][info][gc,marking     ] GC(518) Concurrent Mark From Roots 493.403ms
[340.178s][info][gc,marking     ] GC(518) Concurrent Mark Abort
[340.178s][info][gc             ] GC(518) Concurrent Cycle 493.629ms
[340.301s][info][gc,start       ] GC(520) Pause Young (Normal) (G1 Evacuation Pause)
[340.301s][info][gc,task        ] GC(520) Using 8 workers of 8 for evacuation
[340.304s][info][gc             ] GC(520) To-space exhausted
[340.304s][info][gc,phases      ] GC(520)   Pre Evacuate Collection Set: 0.1ms
[340.304s][info][gc,phases      ] GC(520)   Merge Heap Roots: 0.0ms
[340.304s][info][gc,phases      ] GC(520)   Evacuate Collection Set: 0.7ms
[340.304s][info][gc,phases      ] GC(520)   Post Evacuate Collection Set: 2.6ms
[340.304s][info][gc,phases      ] GC(520)   Other: 0.2ms
[340.304s][info][gc,heap        ] GC(520) Eden regions: 17->0(25)
[340.304s][info][gc,heap        ] GC(520) Survivor regions: 0->0(0)
[340.304s][info][gc,heap        ] GC(520) Old regions: 482->499
[340.304s][info][gc,heap        ] GC(520) Archive regions: 2->2
[340.304s][info][gc,heap        ] GC(520) Humongous regions: 11->11
[340.304s][info][gc,metaspace   ] GC(520) Metaspace: 48610K(50128K)->48610K(50128K) NonClass: 42767K(43856K)->42767K(43856K) Class: 5843K(6272K)->5843K(6272K)
[340.304s][info][gc             ] GC(520) Pause Young (Normal) (G1 Evacuation Pause) 508M->508M(512M) 3.737ms
[340.304s][info][gc,cpu         ] GC(520) User=0.02s Sys=0.00s Real=0.00s
[340.304s][info][gc,ergo        ] Attempting maximally compacting collection
[340.304s][info][gc,task        ] GC(521) Using 8 workers of 8 for full compaction
[340.304s][info][gc,start       ] GC(521) Pause Full (G1 Evacuation Pause)
[340.304s][info][gc,phases,start] GC(521) Phase 1: Mark live objects
[340.603s][info][gc,phases      ] GC(521) Phase 1: Mark live objects 298.929ms
[340.603s][info][gc,phases,start] GC(521) Phase 2: Prepare for compaction
[340.649s][info][gc,phases      ] GC(521) Phase 2: Prepare for compaction 45.602ms
[340.649s][info][gc,phases,start] GC(521) Phase 3: Adjust pointers
[340.744s][info][gc,phases      ] GC(521) Phase 3: Adjust pointers 94.962ms
[340.744s][info][gc,phases,start] GC(521) Phase 4: Compact heap
[340.780s][info][gc,phases      ] GC(521) Phase 4: Compact heap 35.928ms
[340.784s][info][gc,heap        ] GC(521) Eden regions: 0->0(25)
[340.784s][info][gc,heap        ] GC(521) Survivor regions: 0->0(0)
[340.784s][info][gc,heap        ] GC(521) Old regions: 499->484
[340.784s][info][gc,heap        ] GC(521) Archive regions: 2->2
[340.784s][info][gc,heap        ] GC(521) Humongous regions: 11->11
[340.784s][info][gc,metaspace   ] GC(521) Metaspace: 48610K(50128K)->48545K(50128K) NonClass: 42767K(43856K)->42712K(43856K) Class: 5843K(6272K)->5833K(6272K)
[340.784s][info][gc             ] GC(521) Pause Full (G1 Evacuation Pause) 508M->491M(512M) 479.207ms
[340.785s][info][gc,cpu         ] GC(521) User=2.45s Sys=0.04s Real=0.48s
[340.867s][info][gc,start       ] GC(522) Pause Young (Concurrent Start) (G1 Evacuation Pause)
[340.867s][info][gc,task        ] GC(522) Using 8 workers of 8 for evacuation
[340.870s][info][gc             ] GC(522) To-space exhausted
[340.870s][info][gc,phases      ] GC(522)   Pre Evacuate Collection Set: 0.1ms
[340.870s][info][gc,phases      ] GC(522)   Merge Heap Roots: 0.1ms
[340.870s][info][gc,phases      ] GC(522)   Evacuate Collection Set: 0.8ms
[340.870s][info][gc,phases      ] GC(522)   Post Evacuate Collection Set: 2.4ms
[340.870s][info][gc,phases      ] GC(522)   Other: 0.2ms
[340.870s][info][gc,heap        ] GC(522) Eden regions: 15->0(25)
[340.870s][info][gc,heap        ] GC(522) Survivor regions: 0->0(0)
[340.870s][info][gc,heap        ] GC(522) Old regions: 484->499
[340.870s][info][gc,heap        ] GC(522) Archive regions: 2->2
[340.870s][info][gc,heap        ] GC(522) Humongous regions: 11->11
[340.870s][info][gc,metaspace   ] GC(522) Metaspace: 48576K(50128K)->48576K(50128K) NonClass: 42738K(43856K)->42738K(43856K) Class: 5837K(6272K)->5837K(6272K)
[340.870s][info][gc             ] GC(522) Pause Young (Concurrent Start) (G1 Evacuation Pause) 506M->506M(512M) 3.611ms
[340.870s][info][gc,cpu         ] GC(522) User=0.02s Sys=0.00s Real=0.00s
[340.870s][info][gc,ergo        ] Attempting maximally compacting collection
[340.870s][info][gc             ] GC(523) Concurrent Cycle
[340.870s][info][gc,task        ] GC(524) Using 8 workers of 8 for full compaction
[340.870s][info][gc,marking     ] GC(523) Concurrent Clear Claimed Marks
[340.870s][info][gc,start       ] GC(524) Pause Full (G1 Evacuation Pause)
[340.870s][info][gc,marking     ] GC(523) Concurrent Clear Claimed Marks 0.068ms
[340.870s][info][gc,marking     ] GC(523) Concurrent Scan Root Regions
[340.870s][info][gc,marking     ] GC(523) Concurrent Scan Root Regions 0.010ms
[340.870s][info][gc,marking     ] GC(523) Concurrent Mark (340.870s)
[340.870s][info][gc,marking     ] GC(523) Concurrent Mark From Roots
[340.870s][info][gc,task        ] GC(523) Using 2 workers of 2 for marking
[340.871s][info][gc,phases,start] GC(524) Phase 1: Mark live objects
[341.160s][info][gc,phases      ] GC(524) Phase 1: Mark live objects 288.430ms
[341.160s][info][gc,phases,start] GC(524) Phase 2: Prepare for compaction
[341.207s][info][gc,phases      ] GC(524) Phase 2: Prepare for compaction 47.086ms
[341.207s][info][gc,phases,start] GC(524) Phase 3: Adjust pointers
[341.302s][info][gc,phases      ] GC(524) Phase 3: Adjust pointers 95.516ms
[341.302s][info][gc,phases,start] GC(524) Phase 4: Compact heap
[341.339s][info][gc,phases      ] GC(524) Phase 4: Compact heap 37.103ms
[341.343s][info][gc,heap        ] GC(524) Eden regions: 0->0(25)
[341.343s][info][gc,heap        ] GC(524) Survivor regions: 0->0(0)
[341.343s][info][gc,heap        ] GC(524) Old regions: 499->485
[341.343s][info][gc,heap        ] GC(524) Archive regions: 2->2
[341.343s][info][gc,heap        ] GC(524) Humongous regions: 11->11
[341.343s][info][gc,metaspace   ] GC(524) Metaspace: 48576K(50128K)->48481K(50128K) NonClass: 42738K(43856K)->42656K(43856K) Class: 5837K(6272K)->5824K(6272K)
[341.343s][info][gc             ] GC(524) Pause Full (G1 Evacuation Pause) 506M->491M(512M) 472.246ms
[341.344s][info][gc,cpu         ] GC(524) User=2.45s Sys=0.04s Real=0.47s
[341.344s][info][gc,marking     ] GC(523) Concurrent Mark From Roots 473.503ms
[341.344s][info][gc,marking     ] GC(523) Concurrent Mark Abort
[341.344s][info][gc             ] GC(523) Concurrent Cycle 473.738ms
[341.410s][info][gc,start       ] GC(525) Pause Young (Normal) (G1 Evacuation Pause)
[341.410s][info][gc,task        ] GC(525) Using 8 workers of 8 for evacuation
[341.416s][info][gc             ] GC(525) To-space exhausted
[341.416s][info][gc,phases      ] GC(525)   Pre Evacuate Collection Set: 0.2ms
[341.416s][info][gc,phases      ] GC(525)   Merge Heap Roots: 0.1ms
[341.416s][info][gc,phases      ] GC(525)   Evacuate Collection Set: 1.7ms
[341.416s][info][gc,phases      ] GC(525)   Post Evacuate Collection Set: 3.9ms
[341.416s][info][gc,phases      ] GC(525)   Other: 0.2ms
[341.416s][info][gc,heap        ] GC(525) Eden regions: 14->0(25)
[341.416s][info][gc,heap        ] GC(525) Survivor regions: 0->0(0)
[341.416s][info][gc,heap        ] GC(525) Old regions: 485->499
[341.416s][info][gc,heap        ] GC(525) Archive regions: 2->2
[341.416s][info][gc,heap        ] GC(525) Humongous regions: 11->11
[341.416s][info][gc,metaspace   ] GC(525) Metaspace: 48609K(50128K)->48609K(50128K) NonClass: 42767K(43856K)->42767K(43856K) Class: 5842K(6272K)->5842K(6272K)
[341.416s][info][gc             ] GC(525) Pause Young (Normal) (G1 Evacuation Pause) 505M->505M(512M) 6.184ms
[341.416s][info][gc,cpu         ] GC(525) User=0.01s Sys=0.00s Real=0.01s
[341.416s][info][gc,ergo        ] Attempting maximally compacting collection
[341.416s][info][gc,task        ] GC(526) Using 8 workers of 8 for full compaction
[341.416s][info][gc,start       ] GC(526) Pause Full (G1 Evacuation Pause)
[341.416s][info][gc,phases,start] GC(526) Phase 1: Mark live objects
[341.762s][info][gc,phases      ] GC(526) Phase 1: Mark live objects 345.574ms
[341.762s][info][gc,phases,start] GC(526) Phase 2: Prepare for compaction
[341.810s][info][gc,phases      ] GC(526) Phase 2: Prepare for compaction 48.624ms
[341.810s][info][gc,phases,start] GC(526) Phase 3: Adjust pointers
[341.906s][info][gc,phases      ] GC(526) Phase 3: Adjust pointers 95.247ms
[341.906s][info][gc,phases,start] GC(526) Phase 4: Compact heap
[341.950s][info][gc,phases      ] GC(526) Phase 4: Compact heap 43.867ms
[341.954s][info][gc,heap        ] GC(526) Eden regions: 0->0(25)
[341.954s][info][gc,heap        ] GC(526) Survivor regions: 0->0(0)
[341.954s][info][gc,heap        ] GC(526) Old regions: 499->485
[341.954s][info][gc,heap        ] GC(526) Archive regions: 2->2
[341.954s][info][gc,heap        ] GC(526) Humongous regions: 11->11
[341.954s][info][gc,metaspace   ] GC(526) Metaspace: 48609K(50128K)->48552K(50128K) NonClass: 42767K(43856K)->42718K(43856K) Class: 5842K(6272K)->5833K(6272K)
[341.954s][info][gc             ] GC(526) Pause Full (G1 Evacuation Pause) 505M->492M(512M) 538.109ms
[341.957s][info][gc,cpu         ] GC(526) User=2.50s Sys=0.04s Real=0.54s
[342.027s][info][gc,start       ] GC(527) Pause Young (Concurrent Start) (G1 Evacuation Pause)
[342.027s][info][gc,task        ] GC(527) Using 8 workers of 8 for evacuation
[342.032s][info][gc             ] GC(527) To-space exhausted
[342.033s][info][gc,phases      ] GC(527)   Pre Evacuate Collection Set: 0.1ms
[342.033s][info][gc,phases      ] GC(527)   Merge Heap Roots: 0.0ms
[342.033s][info][gc,phases      ] GC(527)   Evacuate Collection Set: 1.2ms
[342.033s][info][gc,phases      ] GC(527)   Post Evacuate Collection Set: 3.9ms
[342.033s][info][gc,phases      ] GC(527)   Other: 0.3ms
[342.033s][info][gc,heap        ] GC(527) Eden regions: 14->0(25)
[342.033s][info][gc,heap        ] GC(527) Survivor regions: 0->0(0)
[342.033s][info][gc,heap        ] GC(527) Old regions: 485->499
[342.033s][info][gc,heap        ] GC(527) Archive regions: 2->2
[342.033s][info][gc,heap        ] GC(527) Humongous regions: 11->11
[342.033s][info][gc,metaspace   ] GC(527) Metaspace: 48583K(50128K)->48583K(50128K) NonClass: 42745K(43856K)->42745K(43856K) Class: 5838K(6272K)->5838K(6272K)
[342.033s][info][gc             ] GC(527) Pause Young (Concurrent Start) (G1 Evacuation Pause) 506M->506M(512M) 5.595ms
[342.033s][info][gc,cpu         ] GC(527) User=0.02s Sys=0.00s Real=0.00s
[342.033s][info][gc,ergo        ] Attempting maximally compacting collection
[342.033s][info][gc             ] GC(528) Concurrent Cycle
[342.033s][info][gc,task        ] GC(529) Using 8 workers of 8 for full compaction
[342.033s][info][gc,marking     ] GC(528) Concurrent Clear Claimed Marks
[342.033s][info][gc,start       ] GC(529) Pause Full (G1 Evacuation Pause)
[342.033s][info][gc,marking     ] GC(528) Concurrent Clear Claimed Marks 0.073ms
[342.033s][info][gc,marking     ] GC(528) Concurrent Scan Root Regions
[342.033s][info][gc,marking     ] GC(528) Concurrent Scan Root Regions 0.016ms
[342.033s][info][gc,marking     ] GC(528) Concurrent Mark (342.033s)
[342.033s][info][gc,marking     ] GC(528) Concurrent Mark From Roots
[342.033s][info][gc,task        ] GC(528) Using 2 workers of 2 for marking
[342.033s][info][gc,phases,start] GC(529) Phase 1: Mark live objects
[342.324s][info][gc,phases      ] GC(529) Phase 1: Mark live objects 290.955ms
[342.324s][info][gc,phases,start] GC(529) Phase 2: Prepare for compaction
[342.367s][info][gc,phases      ] GC(529) Phase 2: Prepare for compaction 42.118ms
[342.367s][info][gc,phases,start] GC(529) Phase 3: Adjust pointers
[342.460s][info][gc,phases      ] GC(529) Phase 3: Adjust pointers 93.184ms
[342.460s][info][gc,phases,start] GC(529) Phase 4: Compact heap
[342.507s][info][gc,phases      ] GC(529) Phase 4: Compact heap 47.150ms
[342.511s][info][gc,heap        ] GC(529) Eden regions: 0->0(25)
[342.511s][info][gc,heap        ] GC(529) Survivor regions: 0->0(0)
[342.511s][info][gc,heap        ] GC(529) Old regions: 499->483
[342.511s][info][gc,heap        ] GC(529) Archive regions: 2->2
[342.511s][info][gc,heap        ] GC(529) Humongous regions: 11->11
[342.511s][info][gc,metaspace   ] GC(529) Metaspace: 48583K(50128K)->48484K(50128K) NonClass: 42745K(43856K)->42660K(43856K) Class: 5838K(6272K)->5824K(6272K)
[342.511s][info][gc             ] GC(529) Pause Full (G1 Evacuation Pause) 506M->492M(512M) 477.947ms
[342.512s][info][gc,cpu         ] GC(529) User=2.47s Sys=0.05s Real=0.48s
[342.515s][info][gc,marking     ] GC(528) Concurrent Mark From Roots 482.635ms
[342.516s][info][gc,marking     ] GC(528) Concurrent Mark Abort
[342.516s][info][gc             ] GC(528) Concurrent Cycle 482.913ms
[342.623s][info][gc,start       ] GC(530) Pause Young (Normal) (G1 Evacuation Pause)
[342.624s][info][gc,task        ] GC(530) Using 8 workers of 8 for evacuation
[342.628s][info][gc             ] GC(530) To-space exhausted
[342.628s][info][gc,phases      ] GC(530)   Pre Evacuate Collection Set: 0.1ms
[342.628s][info][gc,phases      ] GC(530)   Merge Heap Roots: 0.0ms
[342.628s][info][gc,phases      ] GC(530)   Evacuate Collection Set: 0.9ms
[342.628s][info][gc,phases      ] GC(530)   Post Evacuate Collection Set: 2.8ms
[342.628s][info][gc,phases      ] GC(530)   Other: 0.2ms
[342.628s][info][gc,heap        ] GC(530) Eden regions: 16->0(25)
[342.628s][info][gc,heap        ] GC(530) Survivor regions: 0->0(0)
[342.628s][info][gc,heap        ] GC(530) Old regions: 483->499
[342.628s][info][gc,heap        ] GC(530) Archive regions: 2->2
[342.628s][info][gc,heap        ] GC(530) Humongous regions: 11->11
[342.628s][info][gc,metaspace   ] GC(530) Metaspace: 48605K(50128K)->48605K(50128K) NonClass: 42764K(43856K)->42764K(43856K) Class: 5841K(6272K)->5841K(6272K)
[342.628s][info][gc             ] GC(530) Pause Young (Normal) (G1 Evacuation Pause) 508M->508M(512M) 4.142ms
[342.628s][info][gc,cpu         ] GC(530) User=0.01s Sys=0.00s Real=0.01s
[342.628s][info][gc,ergo        ] Attempting maximally compacting collection
[342.628s][info][gc,task        ] GC(531) Using 8 workers of 8 for full compaction
[342.628s][info][gc,start       ] GC(531) Pause Full (G1 Evacuation Pause)
[342.628s][info][gc,phases,start] GC(531) Phase 1: Mark live objects
[342.926s][info][gc,phases      ] GC(531) Phase 1: Mark live objects 298.309ms
[342.926s][info][gc,phases,start] GC(531) Phase 2: Prepare for compaction
[342.969s][info][gc,phases      ] GC(531) Phase 2: Prepare for compaction 42.468ms
[342.969s][info][gc,phases,start] GC(531) Phase 3: Adjust pointers
[343.076s][info][gc,phases      ] GC(531) Phase 3: Adjust pointers 106.919ms
[343.076s][info][gc,phases,start] GC(531) Phase 4: Compact heap
[343.110s][info][gc,phases      ] GC(531) Phase 4: Compact heap 34.777ms
[343.115s][info][gc,heap        ] GC(531) Eden regions: 0->0(25)
[343.115s][info][gc,heap        ] GC(531) Survivor regions: 0->0(0)
[343.115s][info][gc,heap        ] GC(531) Old regions: 499->485
[343.115s][info][gc,heap        ] GC(531) Archive regions: 2->2
[343.115s][info][gc,heap        ] GC(531) Humongous regions: 11->11
[343.115s][info][gc,metaspace   ] GC(531) Metaspace: 48605K(50128K)->48526K(50128K) NonClass: 42764K(43856K)->42696K(43856K) Class: 5841K(6272K)->5830K(6272K)
[343.115s][info][gc             ] GC(531) Pause Full (G1 Evacuation Pause) 508M->492M(512M) 487.163ms
[343.119s][info][gc,cpu         ] GC(531) User=2.52s Sys=0.05s Real=0.49s
[343.193s][info][gc,start       ] GC(532) Pause Young (Concurrent Start) (G1 Evacuation Pause)
[343.193s][info][gc,task        ] GC(532) Using 8 workers of 8 for evacuation
[343.197s][info][gc             ] GC(532) To-space exhausted
[343.197s][info][gc,phases      ] GC(532)   Pre Evacuate Collection Set: 0.1ms
[343.197s][info][gc,phases      ] GC(532)   Merge Heap Roots: 0.0ms
[343.197s][info][gc,phases      ] GC(532)   Evacuate Collection Set: 1.0ms
[343.197s][info][gc,phases      ] GC(532)   Post Evacuate Collection Set: 3.1ms
[343.197s][info][gc,phases      ] GC(532)   Other: 0.2ms
[343.197s][info][gc,heap        ] GC(532) Eden regions: 14->0(25)
[343.197s][info][gc,heap        ] GC(532) Survivor regions: 0->0(0)
[343.197s][info][gc,heap        ] GC(532) Old regions: 485->499
[343.197s][info][gc,heap        ] GC(532) Archive regions: 2->2
[343.197s][info][gc,heap        ] GC(532) Humongous regions: 11->11
[343.197s][info][gc,metaspace   ] GC(532) Metaspace: 48587K(50128K)->48587K(50128K) NonClass: 42748K(43856K)->42748K(43856K) Class: 5838K(6272K)->5838K(6272K)
[343.197s][info][gc             ] GC(532) Pause Young (Concurrent Start) (G1 Evacuation Pause) 506M->506M(512M) 4.759ms
[343.197s][info][gc,cpu         ] GC(532) User=0.02s Sys=0.00s Real=0.01s
[343.197s][info][gc,ergo        ] Attempting maximally compacting collection
[343.197s][info][gc             ] GC(533) Concurrent Cycle
[343.197s][info][gc,marking     ] GC(533) Concurrent Clear Claimed Marks
[343.197s][info][gc,task        ] GC(534) Using 8 workers of 8 for full compaction
[343.198s][info][gc,start       ] GC(534) Pause Full (G1 Evacuation Pause)
[343.198s][info][gc,marking     ] GC(533) Concurrent Clear Claimed Marks 0.081ms
[343.198s][info][gc,marking     ] GC(533) Concurrent Scan Root Regions
[343.198s][info][gc,marking     ] GC(533) Concurrent Scan Root Regions 0.042ms
[343.198s][info][gc,marking     ] GC(533) Concurrent Mark (343.198s)
[343.198s][info][gc,marking     ] GC(533) Concurrent Mark From Roots
[343.198s][info][gc,task        ] GC(533) Using 2 workers of 2 for marking
[343.198s][info][gc,phases,start] GC(534) Phase 1: Mark live objects
[343.486s][info][gc,phases      ] GC(534) Phase 1: Mark live objects 287.681ms
[343.486s][info][gc,phases,start] GC(534) Phase 2: Prepare for compaction
[343.530s][info][gc,phases      ] GC(534) Phase 2: Prepare for compaction 44.419ms
[343.530s][info][gc,phases,start] GC(534) Phase 3: Adjust pointers
[343.629s][info][gc,phases      ] GC(534) Phase 3: Adjust pointers 98.313ms
[343.629s][info][gc,phases,start] GC(534) Phase 4: Compact heap
[343.666s][info][gc,phases      ] GC(534) Phase 4: Compact heap 37.398ms
[343.669s][info][gc,heap        ] GC(534) Eden regions: 0->0(25)
[343.669s][info][gc,heap        ] GC(534) Survivor regions: 0->0(0)
[343.669s][info][gc,heap        ] GC(534) Old regions: 499->484
[343.669s][info][gc,heap        ] GC(534) Archive regions: 2->2
[343.669s][info][gc,heap        ] GC(534) Humongous regions: 11->11
[343.669s][info][gc,metaspace   ] GC(534) Metaspace: 48587K(50128K)->48484K(50128K) NonClass: 42748K(43856K)->42660K(43856K) Class: 5838K(6272K)->5824K(6272K)
[343.669s][info][gc             ] GC(534) Pause Full (G1 Evacuation Pause) 506M->493M(512M) 471.863ms
[343.671s][info][gc,cpu         ] GC(534) User=2.49s Sys=0.04s Real=0.47s
[343.671s][info][gc,marking     ] GC(533) Concurrent Mark From Roots 473.663ms
[343.671s][info][gc,marking     ] GC(533) Concurrent Mark Abort
[343.671s][info][gc             ] GC(533) Concurrent Cycle 473.957ms
[343.767s][info][gc,start       ] GC(535) Pause Young (Normal) (G1 Evacuation Pause)
[343.767s][info][gc,task        ] GC(535) Using 8 workers of 8 for evacuation
[343.770s][info][gc             ] GC(535) To-space exhausted
[343.770s][info][gc,phases      ] GC(535)   Pre Evacuate Collection Set: 0.1ms
[343.770s][info][gc,phases      ] GC(535)   Merge Heap Roots: 0.0ms
[343.770s][info][gc,phases      ] GC(535)   Evacuate Collection Set: 0.7ms
[343.770s][info][gc,phases      ] GC(535)   Post Evacuate Collection Set: 2.2ms
[343.770s][info][gc,phases      ] GC(535)   Other: 0.2ms
[343.770s][info][gc,heap        ] GC(535) Eden regions: 15->0(25)
[343.770s][info][gc,heap        ] GC(535) Survivor regions: 0->0(0)
[343.770s][info][gc,heap        ] GC(535) Old regions: 484->499
[343.770s][info][gc,heap        ] GC(535) Archive regions: 2->2
[343.770s][info][gc,heap        ] GC(535) Humongous regions: 11->11
[343.770s][info][gc,metaspace   ] GC(535) Metaspace: 48609K(50128K)->48609K(50128K) NonClass: 42767K(43856K)->42767K(43856K) Class: 5842K(6272K)->5842K(6272K)
[343.770s][info][gc             ] GC(535) Pause Young (Normal) (G1 Evacuation Pause) 508M->508M(512M) 3.314ms
[343.770s][info][gc,cpu         ] GC(535) User=0.02s Sys=0.01s Real=0.00s
[343.770s][info][gc,ergo        ] Attempting maximally compacting collection
[343.770s][info][gc,task        ] GC(536) Using 8 workers of 8 for full compaction
[343.770s][info][gc,start       ] GC(536) Pause Full (G1 Evacuation Pause)
[343.770s][info][gc,phases,start] GC(536) Phase 1: Mark live objects
[344.076s][info][gc,phases      ] GC(536) Phase 1: Mark live objects 306.224ms
[344.076s][info][gc,phases,start] GC(536) Phase 2: Prepare for compaction
[344.143s][info][gc,phases      ] GC(536) Phase 2: Prepare for compaction 66.559ms
[344.143s][info][gc,phases,start] GC(536) Phase 3: Adjust pointers
[344.244s][info][gc,phases      ] GC(536) Phase 3: Adjust pointers 100.698ms
[344.244s][info][gc,phases,start] GC(536) Phase 4: Compact heap
[344.282s][info][gc,phases      ] GC(536) Phase 4: Compact heap 38.176ms
[344.285s][info][gc,heap        ] GC(536) Eden regions: 0->0(25)
[344.285s][info][gc,heap        ] GC(536) Survivor regions: 0->0(0)
[344.285s][info][gc,heap        ] GC(536) Old regions: 499->484
[344.285s][info][gc,heap        ] GC(536) Archive regions: 2->2
[344.285s][info][gc,heap        ] GC(536) Humongous regions: 11->11
[344.285s][info][gc,metaspace   ] GC(536) Metaspace: 48609K(50128K)->48545K(50128K) NonClass: 42767K(43856K)->42712K(43856K) Class: 5842K(6272K)->5832K(6272K)
[344.286s][info][gc             ] GC(536) Pause Full (G1 Evacuation Pause) 508M->493M(512M) 515.367ms
[344.286s][info][gc,cpu         ] GC(536) User=2.48s Sys=0.05s Real=0.52s
[344.392s][info][gc,start       ] GC(537) Pause Young (Concurrent Start) (G1 Evacuation Pause)
[344.392s][info][gc,task        ] GC(537) Using 8 workers of 8 for evacuation
[344.398s][info][gc             ] GC(537) To-space exhausted
[344.398s][info][gc,phases      ] GC(537)   Pre Evacuate Collection Set: 0.1ms
[344.398s][info][gc,phases      ] GC(537)   Merge Heap Roots: 0.1ms
[344.398s][info][gc,phases      ] GC(537)   Evacuate Collection Set: 1.9ms
[344.398s][info][gc,phases      ] GC(537)   Post Evacuate Collection Set: 3.8ms
[344.398s][info][gc,phases      ] GC(537)   Other: 0.3ms
[344.398s][info][gc,heap        ] GC(537) Eden regions: 15->0(25)
[344.398s][info][gc,heap        ] GC(537) Survivor regions: 0->0(0)
[344.398s][info][gc,heap        ] GC(537) Old regions: 484->499
[344.398s][info][gc,heap        ] GC(537) Archive regions: 2->2
[344.398s][info][gc,heap        ] GC(537) Humongous regions: 11->11
[344.398s][info][gc,metaspace   ] GC(537) Metaspace: 48610K(50128K)->48610K(50128K) NonClass: 42768K(43856K)->42768K(43856K) Class: 5842K(6272K)->5842K(6272K)
[344.398s][info][gc             ] GC(537) Pause Young (Concurrent Start) (G1 Evacuation Pause) 508M->508M(512M) 6.256ms
[344.398s][info][gc,cpu         ] GC(537) User=0.02s Sys=0.00s Real=0.01s
[344.398s][info][gc,ergo        ] Attempting maximally compacting collection
[344.398s][info][gc             ] GC(538) Concurrent Cycle
[344.398s][info][gc,task        ] GC(539) Using 8 workers of 8 for full compaction
[344.398s][info][gc,marking     ] GC(538) Concurrent Clear Claimed Marks
[344.398s][info][gc,start       ] GC(539) Pause Full (G1 Evacuation Pause)
[344.398s][info][gc,marking     ] GC(538) Concurrent Clear Claimed Marks 0.085ms
[344.399s][info][gc,marking     ] GC(538) Concurrent Scan Root Regions
[344.399s][info][gc,marking     ] GC(538) Concurrent Scan Root Regions 0.019ms
[344.399s][info][gc,marking     ] GC(538) Concurrent Mark (344.399s)
[344.399s][info][gc,marking     ] GC(538) Concurrent Mark From Roots
[344.399s][info][gc,task        ] GC(538) Using 2 workers of 2 for marking
[344.399s][info][gc,phases,start] GC(539) Phase 1: Mark live objects
[344.765s][info][gc,phases      ] GC(539) Phase 1: Mark live objects 366.116ms
[344.765s][info][gc,phases,start] GC(539) Phase 2: Prepare for compaction
[344.811s][info][gc,phases      ] GC(539) Phase 2: Prepare for compaction 45.947ms
[344.811s][info][gc,phases,start] GC(539) Phase 3: Adjust pointers
[344.913s][info][gc,phases      ] GC(539) Phase 3: Adjust pointers 101.309ms
[344.913s][info][gc,phases,start] GC(539) Phase 4: Compact heap
[344.947s][info][gc,phases      ] GC(539) Phase 4: Compact heap 34.087ms
[344.950s][info][gc,heap        ] GC(539) Eden regions: 0->0(25)
[344.950s][info][gc,heap        ] GC(539) Survivor regions: 0->0(0)
[344.950s][info][gc,heap        ] GC(539) Old regions: 499->485
[344.950s][info][gc,heap        ] GC(539) Archive regions: 2->2
[344.950s][info][gc,heap        ] GC(539) Humongous regions: 11->11
[344.950s][info][gc,metaspace   ] GC(539) Metaspace: 48610K(50128K)->48492K(50128K) NonClass: 42768K(43856K)->42666K(43856K) Class: 5842K(6272K)->5825K(6272K)
[344.950s][info][gc             ] GC(539) Pause Full (G1 Evacuation Pause) 508M->493M(512M) 551.815ms
[344.951s][info][gc,cpu         ] GC(539) User=2.51s Sys=0.05s Real=0.55s
[344.955s][info][gc,marking     ] GC(538) Concurrent Mark From Roots 556.103ms
[344.955s][info][gc,marking     ] GC(538) Concurrent Mark Abort
[344.955s][info][gc             ] GC(538) Concurrent Cycle 556.427ms
[345.069s][info][gc,start       ] GC(540) Pause Young (Normal) (G1 Evacuation Pause)
[345.069s][info][gc,task        ] GC(540) Using 8 workers of 8 for evacuation
[345.075s][info][gc             ] GC(540) To-space exhausted
[345.075s][info][gc,phases      ] GC(540)   Pre Evacuate Collection Set: 0.1ms
[345.075s][info][gc,phases      ] GC(540)   Merge Heap Roots: 0.1ms
[345.075s][info][gc,phases      ] GC(540)   Evacuate Collection Set: 1.3ms
[345.075s][info][gc,phases      ] GC(540)   Post Evacuate Collection Set: 4.6ms
[345.075s][info][gc,phases      ] GC(540)   Other: 0.3ms
[345.075s][info][gc,heap        ] GC(540) Eden regions: 14->0(25)
[345.075s][info][gc,heap        ] GC(540) Survivor regions: 0->0(0)
[345.076s][info][gc,heap        ] GC(540) Old regions: 485->499
[345.076s][info][gc,heap        ] GC(540) Archive regions: 2->2
[345.076s][info][gc,heap        ] GC(540) Humongous regions: 11->11
[345.076s][info][gc,metaspace   ] GC(540) Metaspace: 48610K(50128K)->48610K(50128K) NonClass: 42767K(43856K)->42767K(43856K) Class: 5842K(6272K)->5842K(6272K)
[345.076s][info][gc             ] GC(540) Pause Young (Normal) (G1 Evacuation Pause) 507M->507M(512M) 6.515ms
[345.076s][info][gc,cpu         ] GC(540) User=0.02s Sys=0.00s Real=0.01s
[345.076s][info][gc,ergo        ] Attempting maximally compacting collection
[345.076s][info][gc,task        ] GC(541) Using 8 workers of 8 for full compaction
[345.076s][info][gc,start       ] GC(541) Pause Full (G1 Evacuation Pause)
[345.076s][info][gc,phases,start] GC(541) Phase 1: Mark live objects
[345.353s][info][gc,phases      ] GC(541) Phase 1: Mark live objects 277.432ms
[345.353s][info][gc,phases,start] GC(541) Phase 2: Prepare for compaction
[345.396s][info][gc,phases      ] GC(541) Phase 2: Prepare for compaction 42.998ms
[345.396s][info][gc,phases,start] GC(541) Phase 3: Adjust pointers
[345.498s][info][gc,phases      ] GC(541) Phase 3: Adjust pointers 101.522ms
[345.498s][info][gc,phases,start] GC(541) Phase 4: Compact heap
[345.539s][info][gc,phases      ] GC(541) Phase 4: Compact heap 40.707ms
[345.542s][info][gc,heap        ] GC(541) Eden regions: 0->0(25)
[345.542s][info][gc,heap        ] GC(541) Survivor regions: 0->0(0)
[345.542s][info][gc,heap        ] GC(541) Old regions: 499->484
[345.542s][info][gc,heap        ] GC(541) Archive regions: 2->2
[345.542s][info][gc,heap        ] GC(541) Humongous regions: 11->11
[345.542s][info][gc,metaspace   ] GC(541) Metaspace: 48610K(50128K)->48484K(50128K) NonClass: 42767K(43856K)->42660K(43856K) Class: 5842K(6272K)->5824K(6272K)
[345.542s][info][gc             ] GC(541) Pause Full (G1 Evacuation Pause) 507M->494M(512M) 466.203ms
[345.544s][info][gc,cpu         ] GC(541) User=2.49s Sys=0.04s Real=0.46s
[345.645s][info][gc,start       ] GC(542) Pause Young (Concurrent Start) (G1 Evacuation Pause)
[345.645s][info][gc,task        ] GC(542) Using 8 workers of 8 for evacuation
[345.649s][info][gc             ] GC(542) To-space exhausted
[345.649s][info][gc,phases      ] GC(542)   Pre Evacuate Collection Set: 0.1ms
[345.649s][info][gc,phases      ] GC(542)   Merge Heap Roots: 0.0ms
[345.649s][info][gc,phases      ] GC(542)   Evacuate Collection Set: 1.1ms
[345.649s][info][gc,phases      ] GC(542)   Post Evacuate Collection Set: 3.0ms
[345.649s][info][gc,phases      ] GC(542)   Other: 0.3ms
[345.649s][info][gc,heap        ] GC(542) Eden regions: 15->0(25)
[345.649s][info][gc,heap        ] GC(542) Survivor regions: 0->0(0)
[345.649s][info][gc,heap        ] GC(542) Old regions: 484->499
[345.649s][info][gc,heap        ] GC(542) Archive regions: 2->2
[345.649s][info][gc,heap        ] GC(542) Humongous regions: 11->11
[345.649s][info][gc,metaspace   ] GC(542) Metaspace: 48578K(50128K)->48578K(50128K) NonClass: 42740K(43856K)->42740K(43856K) Class: 5837K(6272K)->5837K(6272K)
[345.649s][info][gc             ] GC(542) Pause Young (Concurrent Start) (G1 Evacuation Pause) 509M->509M(512M) 4.691ms
[345.650s][info][gc,cpu         ] GC(542) User=0.02s Sys=0.00s Real=0.01s
[345.650s][info][gc,ergo        ] Attempting maximally compacting collection
[345.650s][info][gc             ] GC(543) Concurrent Cycle
[345.650s][info][gc,marking     ] GC(543) Concurrent Clear Claimed Marks
[345.650s][info][gc,task        ] GC(544) Using 8 workers of 8 for full compaction
[345.650s][info][gc,marking     ] GC(543) Concurrent Clear Claimed Marks 0.044ms
[345.650s][info][gc,start       ] GC(544) Pause Full (G1 Evacuation Pause)
[345.650s][info][gc,marking     ] GC(543) Concurrent Scan Root Regions
[345.650s][info][gc,marking     ] GC(543) Concurrent Scan Root Regions 0.051ms
[345.650s][info][gc,marking     ] GC(543) Concurrent Mark (345.650s)
[345.650s][info][gc,marking     ] GC(543) Concurrent Mark From Roots
[345.650s][info][gc,task        ] GC(543) Using 2 workers of 2 for marking
[345.650s][info][gc,phases,start] GC(544) Phase 1: Mark live objects
[345.946s][info][gc,phases      ] GC(544) Phase 1: Mark live objects 295.898ms
[345.946s][info][gc,phases,start] GC(544) Phase 2: Prepare for compaction
[345.985s][info][gc,phases      ] GC(544) Phase 2: Prepare for compaction 38.502ms
[345.985s][info][gc,phases,start] GC(544) Phase 3: Adjust pointers
[346.084s][info][gc,phases      ] GC(544) Phase 3: Adjust pointers 99.016ms
[346.084s][info][gc,phases,start] GC(544) Phase 4: Compact heap
[346.120s][info][gc,phases      ] GC(544) Phase 4: Compact heap 35.563ms
[346.123s][info][gc,heap        ] GC(544) Eden regions: 0->0(25)
[346.123s][info][gc,heap        ] GC(544) Survivor regions: 0->0(0)
[346.123s][info][gc,heap        ] GC(544) Old regions: 499->488
[346.123s][info][gc,heap        ] GC(544) Archive regions: 2->2
[346.124s][info][gc,heap        ] GC(544) Humongous regions: 11->11
[346.124s][info][gc,metaspace   ] GC(544) Metaspace: 48578K(50128K)->48484K(50128K) NonClass: 42740K(43856K)->42660K(43856K) Class: 5837K(6272K)->5824K(6272K)
[346.124s][info][gc             ] GC(544) Pause Full (G1 Evacuation Pause) 509M->494M(512M) 473.861ms
[346.125s][info][gc,cpu         ] GC(544) User=2.47s Sys=0.04s Real=0.47s
[346.125s][info][gc,marking     ] GC(543) Concurrent Mark From Roots 475.077ms
[346.125s][info][gc,marking     ] GC(543) Concurrent Mark Abort
[346.125s][info][gc             ] GC(543) Concurrent Cycle 475.435ms
[346.178s][info][gc,start       ] GC(545) Pause Young (Normal) (G1 Evacuation Pause)
[346.178s][info][gc,task        ] GC(545) Using 8 workers of 8 for evacuation
[346.182s][info][gc             ] GC(545) To-space exhausted
[346.182s][info][gc,phases      ] GC(545)   Pre Evacuate Collection Set: 0.1ms
[346.182s][info][gc,phases      ] GC(545)   Merge Heap Roots: 0.0ms
[346.182s][info][gc,phases      ] GC(545)   Evacuate Collection Set: 0.9ms
[346.182s][info][gc,phases      ] GC(545)   Post Evacuate Collection Set: 2.9ms
[346.182s][info][gc,phases      ] GC(545)   Other: 0.3ms
[346.182s][info][gc,heap        ] GC(545) Eden regions: 11->0(25)
[346.182s][info][gc,heap        ] GC(545) Survivor regions: 0->0(0)
[346.182s][info][gc,heap        ] GC(545) Old regions: 488->499
[346.182s][info][gc,heap        ] GC(545) Archive regions: 2->2
[346.182s][info][gc,heap        ] GC(545) Humongous regions: 11->11
[346.182s][info][gc,metaspace   ] GC(545) Metaspace: 48614K(50128K)->48614K(50128K) NonClass: 42771K(43856K)->42771K(43856K) Class: 5843K(6272K)->5843K(6272K)
[346.182s][info][gc             ] GC(545) Pause Young (Normal) (G1 Evacuation Pause) 505M->505M(512M) 4.366ms
[346.182s][info][gc,cpu         ] GC(545) User=0.02s Sys=0.00s Real=0.00s
[346.182s][info][gc,ergo        ] Attempting maximally compacting collection
[346.182s][info][gc,task        ] GC(546) Using 8 workers of 8 for full compaction
[346.182s][info][gc,start       ] GC(546) Pause Full (G1 Evacuation Pause)
[346.182s][info][gc,phases,start] GC(546) Phase 1: Mark live objects
[346.529s][info][gc,phases      ] GC(546) Phase 1: Mark live objects 346.698ms
[346.529s][info][gc,phases,start] GC(546) Phase 2: Prepare for compaction
[346.570s][info][gc,phases      ] GC(546) Phase 2: Prepare for compaction 40.303ms
[346.570s][info][gc,phases,start] GC(546) Phase 3: Adjust pointers
[346.666s][info][gc,phases      ] GC(546) Phase 3: Adjust pointers 96.540ms
[346.666s][info][gc,phases,start] GC(546) Phase 4: Compact heap
[346.698s][info][gc,phases      ] GC(546) Phase 4: Compact heap 31.747ms
[346.701s][info][gc,heap        ] GC(546) Eden regions: 0->0(25)
[346.701s][info][gc,heap        ] GC(546) Survivor regions: 0->0(0)
[346.701s][info][gc,heap        ] GC(546) Old regions: 499->486
[346.701s][info][gc,heap        ] GC(546) Archive regions: 2->2
[346.701s][info][gc,heap        ] GC(546) Humongous regions: 11->11
[346.701s][info][gc,metaspace   ] GC(546) Metaspace: 48614K(50128K)->48545K(50128K) NonClass: 42771K(43856K)->42712K(43856K) Class: 5843K(6272K)->5832K(6272K)
[346.701s][info][gc             ] GC(546) Pause Full (G1 Evacuation Pause) 505M->494M(512M) 518.849ms
[346.702s][info][gc,cpu         ] GC(546) User=2.47s Sys=0.04s Real=0.52s
[346.797s][info][gc,start       ] GC(547) Pause Young (Concurrent Start) (G1 Evacuation Pause)
[346.797s][info][gc,task        ] GC(547) Using 8 workers of 8 for evacuation
[346.800s][info][gc             ] GC(547) To-space exhausted
[346.800s][info][gc,phases      ] GC(547)   Pre Evacuate Collection Set: 0.2ms
[346.800s][info][gc,phases      ] GC(547)   Merge Heap Roots: 0.2ms
[346.800s][info][gc,phases      ] GC(547)   Evacuate Collection Set: 1.2ms
[346.800s][info][gc,phases      ] GC(547)   Post Evacuate Collection Set: 1.8ms
[346.800s][info][gc,phases      ] GC(547)   Other: 0.3ms
[346.800s][info][gc,heap        ] GC(547) Eden regions: 13->0(25)
[346.800s][info][gc,heap        ] GC(547) Survivor regions: 0->0(0)
[346.800s][info][gc,heap        ] GC(547) Old regions: 486->499
[346.800s][info][gc,heap        ] GC(547) Archive regions: 2->2
[346.800s][info][gc,heap        ] GC(547) Humongous regions: 11->11
[346.800s][info][gc,metaspace   ] GC(547) Metaspace: 48583K(50128K)->48583K(50128K) NonClass: 42745K(43856K)->42745K(43856K) Class: 5838K(6272K)->5838K(6272K)
[346.800s][info][gc             ] GC(547) Pause Young (Concurrent Start) (G1 Evacuation Pause) 507M->507M(512M) 3.716ms
[346.800s][info][gc,cpu         ] GC(547) User=0.02s Sys=0.00s Real=0.00s
[346.800s][info][gc,ergo        ] Attempting maximally compacting collection
[346.801s][info][gc,task        ] GC(548) Using 8 workers of 8 for full compaction
[346.801s][info][gc,start       ] GC(548) Pause Full (G1 Evacuation Pause)
[346.801s][info][gc             ] GC(549) Concurrent Cycle
[346.801s][info][gc,marking     ] GC(549) Concurrent Clear Claimed Marks
[346.801s][info][gc,marking     ] GC(549) Concurrent Clear Claimed Marks 0.172ms
[346.801s][info][gc,marking     ] GC(549) Concurrent Scan Root Regions
[346.801s][info][gc,marking     ] GC(549) Concurrent Scan Root Regions 0.025ms
[346.801s][info][gc,marking     ] GC(549) Concurrent Mark (346.801s)
[346.801s][info][gc,marking     ] GC(549) Concurrent Mark From Roots
[346.801s][info][gc,task        ] GC(549) Using 2 workers of 2 for marking
[346.801s][info][gc,phases,start] GC(548) Phase 1: Mark live objects
[347.097s][info][gc,phases      ] GC(548) Phase 1: Mark live objects 295.582ms
[347.097s][info][gc,phases,start] GC(548) Phase 2: Prepare for compaction
[347.143s][info][gc,phases      ] GC(548) Phase 2: Prepare for compaction 46.328ms
[347.143s][info][gc,phases,start] GC(548) Phase 3: Adjust pointers
[347.239s][info][gc,phases      ] GC(548) Phase 3: Adjust pointers 95.665ms
[347.239s][info][gc,phases,start] GC(548) Phase 4: Compact heap
[347.273s][info][gc,phases      ] GC(548) Phase 4: Compact heap 34.472ms
[347.277s][info][gc,heap        ] GC(548) Eden regions: 0->0(25)
[347.277s][info][gc,heap        ] GC(548) Survivor regions: 0->0(0)
[347.277s][info][gc,heap        ] GC(548) Old regions: 499->486
[347.277s][info][gc,heap        ] GC(548) Archive regions: 2->2
[347.277s][info][gc,heap        ] GC(548) Humongous regions: 11->11
[347.277s][info][gc,metaspace   ] GC(548) Metaspace: 48583K(50128K)->48484K(50128K) NonClass: 42745K(43856K)->42660K(43856K) Class: 5838K(6272K)->5824K(6272K)
[347.277s][info][gc             ] GC(548) Pause Full (G1 Evacuation Pause) 507M->495M(512M) 476.226ms
[347.278s][info][gc,cpu         ] GC(548) User=2.50s Sys=0.04s Real=0.48s
[347.278s][info][gc,marking     ] GC(549) Concurrent Mark From Roots 477.346ms
[347.278s][info][gc,marking     ] GC(549) Concurrent Mark Abort
[347.278s][info][gc             ] GC(549) Concurrent Cycle 477.771ms
[347.369s][info][gc,start       ] GC(550) Pause Young (Normal) (G1 Evacuation Pause)
[347.369s][info][gc,task        ] GC(550) Using 8 workers of 8 for evacuation
[347.373s][info][gc             ] GC(550) To-space exhausted
[347.373s][info][gc,phases      ] GC(550)   Pre Evacuate Collection Set: 0.1ms
[347.373s][info][gc,phases      ] GC(550)   Merge Heap Roots: 0.0ms
[347.373s][info][gc,phases      ] GC(550)   Evacuate Collection Set: 0.7ms
[347.373s][info][gc,phases      ] GC(550)   Post Evacuate Collection Set: 3.0ms
[347.373s][info][gc,phases      ] GC(550)   Other: 0.2ms
[347.373s][info][gc,heap        ] GC(550) Eden regions: 13->0(25)
[347.373s][info][gc,heap        ] GC(550) Survivor regions: 0->0(0)
[347.373s][info][gc,heap        ] GC(550) Old regions: 486->499
[347.373s][info][gc,heap        ] GC(550) Archive regions: 2->2
[347.373s][info][gc,heap        ] GC(550) Humongous regions: 11->11
[347.373s][info][gc,metaspace   ] GC(550) Metaspace: 48612K(50128K)->48612K(50128K) NonClass: 42770K(43856K)->42770K(43856K) Class: 5842K(6272K)->5842K(6272K)
[347.373s][info][gc             ] GC(550) Pause Young (Normal) (G1 Evacuation Pause) 508M->508M(512M) 4.224ms
[347.373s][info][gc,cpu         ] GC(550) User=0.02s Sys=0.00s Real=0.00s
[347.373s][info][gc,ergo        ] Attempting maximally compacting collection
[347.373s][info][gc,task        ] GC(551) Using 8 workers of 8 for full compaction
[347.373s][info][gc,start       ] GC(551) Pause Full (G1 Evacuation Pause)
[347.373s][info][gc,phases,start] GC(551) Phase 1: Mark live objects
[347.674s][info][gc,phases      ] GC(551) Phase 1: Mark live objects 301.152ms
[347.674s][info][gc,phases,start] GC(551) Phase 2: Prepare for compaction
[347.730s][info][gc,phases      ] GC(551) Phase 2: Prepare for compaction 55.307ms
[347.730s][info][gc,phases,start] GC(551) Phase 3: Adjust pointers
[347.825s][info][gc,phases      ] GC(551) Phase 3: Adjust pointers 94.710ms
[347.825s][info][gc,phases,start] GC(551) Phase 4: Compact heap
[347.867s][info][gc,phases      ] GC(551) Phase 4: Compact heap 42.171ms
[347.870s][info][gc,heap        ] GC(551) Eden regions: 0->0(25)
[347.870s][info][gc,heap        ] GC(551) Survivor regions: 0->0(0)
[347.870s][info][gc,heap        ] GC(551) Old regions: 499->486
[347.870s][info][gc,heap        ] GC(551) Archive regions: 2->2
[347.870s][info][gc,heap        ] GC(551) Humongous regions: 11->11
[347.870s][info][gc,metaspace   ] GC(551) Metaspace: 48612K(50128K)->48549K(50128K) NonClass: 42770K(43856K)->42716K(43856K) Class: 5842K(6272K)->5833K(6272K)
[347.870s][info][gc             ] GC(551) Pause Full (G1 Evacuation Pause) 508M->495M(512M) 497.241ms
[347.874s][info][gc,cpu         ] GC(551) User=2.56s Sys=0.05s Real=0.50s
[347.941s][info][gc,start       ] GC(552) Pause Young (Concurrent Start) (G1 Evacuation Pause)
[347.941s][info][gc,task        ] GC(552) Using 8 workers of 8 for evacuation
[347.945s][info][gc             ] GC(552) To-space exhausted
[347.945s][info][gc,phases      ] GC(552)   Pre Evacuate Collection Set: 0.1ms
[347.945s][info][gc,phases      ] GC(552)   Merge Heap Roots: 0.0ms
[347.945s][info][gc,phases      ] GC(552)   Evacuate Collection Set: 0.8ms
[347.945s][info][gc,phases      ] GC(552)   Post Evacuate Collection Set: 2.5ms
[347.945s][info][gc,phases      ] GC(552)   Other: 0.3ms
[347.945s][info][gc,heap        ] GC(552) Eden regions: 13->0(25)
[347.945s][info][gc,heap        ] GC(552) Survivor regions: 0->0(0)
[347.945s][info][gc,heap        ] GC(552) Old regions: 486->499
[347.945s][info][gc,heap        ] GC(552) Archive regions: 2->2
[347.945s][info][gc,heap        ] GC(552) Humongous regions: 11->11
[347.945s][info][gc,metaspace   ] GC(552) Metaspace: 48584K(50128K)->48584K(50128K) NonClass: 42745K(43856K)->42745K(43856K) Class: 5838K(6272K)->5838K(6272K)
[347.945s][info][gc             ] GC(552) Pause Young (Concurrent Start) (G1 Evacuation Pause) 508M->508M(512M) 3.926ms
[347.945s][info][gc,cpu         ] GC(552) User=0.01s Sys=0.00s Real=0.00s
[347.945s][info][gc,ergo        ] Attempting maximally compacting collection
[347.945s][info][gc             ] GC(553) Concurrent Cycle
[347.945s][info][gc,task        ] GC(554) Using 8 workers of 8 for full compaction
[347.945s][info][gc,marking     ] GC(553) Concurrent Clear Claimed Marks
[347.945s][info][gc,start       ] GC(554) Pause Full (G1 Evacuation Pause)
[347.945s][info][gc,marking     ] GC(553) Concurrent Clear Claimed Marks 0.071ms
[347.945s][info][gc,marking     ] GC(553) Concurrent Scan Root Regions
[347.945s][info][gc,marking     ] GC(553) Concurrent Scan Root Regions 0.026ms
[347.945s][info][gc,marking     ] GC(553) Concurrent Mark (347.945s)
[347.945s][info][gc,marking     ] GC(553) Concurrent Mark From Roots
[347.945s][info][gc,task        ] GC(553) Using 2 workers of 2 for marking
[347.946s][info][gc,phases,start] GC(554) Phase 1: Mark live objects
[348.247s][info][gc,phases      ] GC(554) Phase 1: Mark live objects 300.612ms
[348.247s][info][gc,phases,start] GC(554) Phase 2: Prepare for compaction
[348.283s][info][gc,phases      ] GC(554) Phase 2: Prepare for compaction 36.079ms
[348.283s][info][gc,phases,start] GC(554) Phase 3: Adjust pointers
[348.381s][info][gc,phases      ] GC(554) Phase 3: Adjust pointers 97.745ms
[348.381s][info][gc,phases,start] GC(554) Phase 4: Compact heap
[348.411s][info][gc,phases      ] GC(554) Phase 4: Compact heap 30.386ms
[348.415s][info][gc,heap        ] GC(554) Eden regions: 0->0(25)
[348.415s][info][gc,heap        ] GC(554) Survivor regions: 0->0(0)
[348.415s][info][gc,heap        ] GC(554) Old regions: 499->488
[348.415s][info][gc,heap        ] GC(554) Archive regions: 2->2
[348.415s][info][gc,heap        ] GC(554) Humongous regions: 11->11
[348.415s][info][gc,metaspace   ] GC(554) Metaspace: 48584K(50128K)->48485K(50128K) NonClass: 42745K(43856K)->42661K(43856K) Class: 5838K(6272K)->5824K(6272K)
[348.415s][info][gc             ] GC(554) Pause Full (G1 Evacuation Pause) 508M->495M(512M) 469.538ms
[348.416s][info][gc,cpu         ] GC(554) User=2.47s Sys=0.04s Real=0.48s
[348.416s][info][gc,marking     ] GC(553) Concurrent Mark From Roots 470.791ms
[348.416s][info][gc,marking     ] GC(553) Concurrent Mark Abort
[348.416s][info][gc             ] GC(553) Concurrent Cycle 471.054ms
[348.471s][info][gc,start       ] GC(555) Pause Young (Normal) (G1 Evacuation Pause)
[348.471s][info][gc,task        ] GC(555) Using 8 workers of 8 for evacuation
[348.477s][info][gc             ] GC(555) To-space exhausted
[348.477s][info][gc,phases      ] GC(555)   Pre Evacuate Collection Set: 0.5ms
[348.477s][info][gc,phases      ] GC(555)   Merge Heap Roots: 0.1ms
[348.477s][info][gc,phases      ] GC(555)   Evacuate Collection Set: 2.1ms
[348.477s][info][gc,phases      ] GC(555)   Post Evacuate Collection Set: 2.6ms
[348.477s][info][gc,phases      ] GC(555)   Other: 0.3ms
[348.477s][info][gc,heap        ] GC(555) Eden regions: 11->0(25)
[348.477s][info][gc,heap        ] GC(555) Survivor regions: 0->0(0)
[348.477s][info][gc,heap        ] GC(555) Old regions: 488->499
[348.477s][info][gc,heap        ] GC(555) Archive regions: 2->2
[348.477s][info][gc,heap        ] GC(555) Humongous regions: 11->11
[348.477s][info][gc,metaspace   ] GC(555) Metaspace: 48615K(50128K)->48615K(50128K) NonClass: 42771K(43856K)->42771K(43856K) Class: 5843K(6272K)->5843K(6272K)
[348.477s][info][gc             ] GC(555) Pause Young (Normal) (G1 Evacuation Pause) 506M->506M(512M) 5.719ms
[348.477s][info][gc,cpu         ] GC(555) User=0.01s Sys=0.00s Real=0.01s
[348.477s][info][gc,ergo        ] Attempting maximally compacting collection
[348.477s][info][gc,task        ] GC(556) Using 8 workers of 8 for full compaction
[348.477s][info][gc,start       ] GC(556) Pause Full (G1 Evacuation Pause)
[348.477s][info][gc,phases,start] GC(556) Phase 1: Mark live objects
[348.791s][info][gc,phases      ] GC(556) Phase 1: Mark live objects 314.115ms
[348.791s][info][gc,phases,start] GC(556) Phase 2: Prepare for compaction
[348.850s][info][gc,phases      ] GC(556) Phase 2: Prepare for compaction 59.212ms
[348.850s][info][gc,phases,start] GC(556) Phase 3: Adjust pointers
[348.942s][info][gc,phases      ] GC(556) Phase 3: Adjust pointers 91.536ms
[348.942s][info][gc,phases,start] GC(556) Phase 4: Compact heap
[348.979s][info][gc,phases      ] GC(556) Phase 4: Compact heap 36.815ms
[348.982s][info][gc,heap        ] GC(556) Eden regions: 0->0(25)
[348.982s][info][gc,heap        ] GC(556) Survivor regions: 0->0(0)
[348.982s][info][gc,heap        ] GC(556) Old regions: 499->487
[348.982s][info][gc,heap        ] GC(556) Archive regions: 2->2
[348.982s][info][gc,heap        ] GC(556) Humongous regions: 11->11
[348.982s][info][gc,metaspace   ] GC(556) Metaspace: 48615K(50128K)->48554K(50128K) NonClass: 42771K(43856K)->42720K(43856K) Class: 5843K(6272K)->5833K(6272K)
[348.982s][info][gc             ] GC(556) Pause Full (G1 Evacuation Pause) 506M->495M(512M) 505.340ms
[348.984s][info][gc,cpu         ] GC(556) User=2.54s Sys=0.04s Real=0.50s
[349.033s][info][gc,start       ] GC(557) Pause Young (Concurrent Start) (G1 Evacuation Pause)
[349.033s][info][gc,task        ] GC(557) Using 8 workers of 8 for evacuation
[349.038s][info][gc             ] GC(557) To-space exhausted
[349.038s][info][gc,phases      ] GC(557)   Pre Evacuate Collection Set: 0.2ms
[349.038s][info][gc,phases      ] GC(557)   Merge Heap Roots: 0.1ms
[349.038s][info][gc,phases      ] GC(557)   Evacuate Collection Set: 1.3ms
[349.038s][info][gc,phases      ] GC(557)   Post Evacuate Collection Set: 3.2ms
[349.038s][info][gc,phases      ] GC(557)   Other: 0.3ms
[349.038s][info][gc,heap        ] GC(557) Eden regions: 12->0(25)
[349.038s][info][gc,heap        ] GC(557) Survivor regions: 0->0(0)
[349.038s][info][gc,heap        ] GC(557) Old regions: 487->499
[349.038s][info][gc,heap        ] GC(557) Archive regions: 2->2
[349.038s][info][gc,heap        ] GC(557) Humongous regions: 11->11
[349.038s][info][gc,metaspace   ] GC(557) Metaspace: 48584K(50128K)->48584K(50128K) NonClass: 42746K(43856K)->42746K(43856K) Class: 5838K(6272K)->5838K(6272K)
[349.038s][info][gc             ] GC(557) Pause Young (Concurrent Start) (G1 Evacuation Pause) 507M->507M(512M) 5.113ms
[349.038s][info][gc,cpu         ] GC(557) User=0.01s Sys=0.00s Real=0.01s
[349.038s][info][gc,ergo        ] Attempting maximally compacting collection
[349.038s][info][gc             ] GC(558) Concurrent Cycle
[349.038s][info][gc,task        ] GC(559) Using 8 workers of 8 for full compaction
[349.038s][info][gc,marking     ] GC(558) Concurrent Clear Claimed Marks
[349.038s][info][gc,start       ] GC(559) Pause Full (G1 Evacuation Pause)
[349.038s][info][gc,marking     ] GC(558) Concurrent Clear Claimed Marks 0.072ms
[349.038s][info][gc,marking     ] GC(558) Concurrent Scan Root Regions
[349.038s][info][gc,marking     ] GC(558) Concurrent Scan Root Regions 0.022ms
[349.038s][info][gc,marking     ] GC(558) Concurrent Mark (349.038s)
[349.039s][info][gc,marking     ] GC(558) Concurrent Mark From Roots
[349.039s][info][gc,task        ] GC(558) Using 2 workers of 2 for marking
[349.039s][info][gc,phases,start] GC(559) Phase 1: Mark live objects
[349.334s][info][gc,phases      ] GC(559) Phase 1: Mark live objects 294.532ms
[349.334s][info][gc,phases,start] GC(559) Phase 2: Prepare for compaction
[349.378s][info][gc,phases      ] GC(559) Phase 2: Prepare for compaction 44.337ms
[349.378s][info][gc,phases,start] GC(559) Phase 3: Adjust pointers
[349.470s][info][gc,phases      ] GC(559) Phase 3: Adjust pointers 92.105ms
[349.470s][info][gc,phases,start] GC(559) Phase 4: Compact heap
[349.505s][info][gc,phases      ] GC(559) Phase 4: Compact heap 34.342ms
[349.508s][info][gc,heap        ] GC(559) Eden regions: 0->0(25)
[349.508s][info][gc,heap        ] GC(559) Survivor regions: 0->0(0)
[349.508s][info][gc,heap        ] GC(559) Old regions: 499->488
[349.508s][info][gc,heap        ] GC(559) Archive regions: 2->2
[349.508s][info][gc,heap        ] GC(559) Humongous regions: 11->11
[349.508s][info][gc,metaspace   ] GC(559) Metaspace: 48584K(50128K)->48485K(50128K) NonClass: 42746K(43856K)->42661K(43856K) Class: 5838K(6272K)->5824K(6272K)
[349.508s][info][gc             ] GC(559) Pause Full (G1 Evacuation Pause) 507M->496M(512M) 469.908ms
[349.509s][info][gc,cpu         ] GC(559) User=2.47s Sys=0.04s Real=0.47s
[349.509s][info][gc,marking     ] GC(558) Concurrent Mark From Roots 470.985ms
[349.510s][info][gc,marking     ] GC(558) Concurrent Mark Abort
[349.510s][info][gc             ] GC(558) Concurrent Cycle 471.229ms
[349.588s][info][gc,start       ] GC(560) Pause Young (Normal) (G1 Evacuation Pause)
[349.588s][info][gc,task        ] GC(560) Using 8 workers of 8 for evacuation
[349.597s][info][gc             ] GC(560) To-space exhausted
[349.597s][info][gc,phases      ] GC(560)   Pre Evacuate Collection Set: 0.1ms
[349.597s][info][gc,phases      ] GC(560)   Merge Heap Roots: 0.1ms
[349.597s][info][gc,phases      ] GC(560)   Evacuate Collection Set: 1.1ms
[349.598s][info][gc,phases      ] GC(560)   Post Evacuate Collection Set: 6.4ms
[349.598s][info][gc,phases      ] GC(560)   Other: 1.2ms
[349.598s][info][gc,heap        ] GC(560) Eden regions: 11->0(25)
[349.598s][info][gc,heap        ] GC(560) Survivor regions: 0->0(0)
[349.598s][info][gc,heap        ] GC(560) Old regions: 488->499
[349.598s][info][gc,heap        ] GC(560) Archive regions: 2->2
[349.598s][info][gc,heap        ] GC(560) Humongous regions: 11->11
[349.598s][info][gc,metaspace   ] GC(560) Metaspace: 48613K(50128K)->48613K(50128K) NonClass: 42770K(43856K)->42770K(43856K) Class: 5842K(6272K)->5842K(6272K)
[349.598s][info][gc             ] GC(560) Pause Young (Normal) (G1 Evacuation Pause) 507M->507M(512M) 9.504ms
[349.598s][info][gc,cpu         ] GC(560) User=0.02s Sys=0.00s Real=0.01s
[349.598s][info][gc,ergo        ] Attempting maximally compacting collection
[349.598s][info][gc,task        ] GC(561) Using 8 workers of 8 for full compaction
[349.598s][info][gc,start       ] GC(561) Pause Full (G1 Evacuation Pause)
[349.598s][info][gc,phases,start] GC(561) Phase 1: Mark live objects
[349.957s][info][gc,phases      ] GC(561) Phase 1: Mark live objects 358.799ms
[349.957s][info][gc,phases,start] GC(561) Phase 2: Prepare for compaction
[350.002s][info][gc,phases      ] GC(561) Phase 2: Prepare for compaction 44.943ms
[350.002s][info][gc,phases,start] GC(561) Phase 3: Adjust pointers
[350.103s][info][gc,phases      ] GC(561) Phase 3: Adjust pointers 101.006ms
[350.103s][info][gc,phases,start] GC(561) Phase 4: Compact heap
[350.140s][info][gc,phases      ] GC(561) Phase 4: Compact heap 37.446ms
[350.144s][info][gc,heap        ] GC(561) Eden regions: 0->0(25)
[350.144s][info][gc,heap        ] GC(561) Survivor regions: 0->0(0)
[350.144s][info][gc,heap        ] GC(561) Old regions: 499->489
[350.144s][info][gc,heap        ] GC(561) Archive regions: 2->2
[350.144s][info][gc,heap        ] GC(561) Humongous regions: 11->11
[350.144s][info][gc,metaspace   ] GC(561) Metaspace: 48613K(50128K)->48546K(50128K) NonClass: 42770K(43856K)->42713K(43856K) Class: 5842K(6272K)->5832K(6272K)
[350.144s][info][gc             ] GC(561) Pause Full (G1 Evacuation Pause) 507M->496M(512M) 545.857ms
[350.145s][info][gc,cpu         ] GC(561) User=2.52s Sys=0.04s Real=0.54s
[350.199s][info][gc,start       ] GC(562) Pause Young (Concurrent Start) (G1 Evacuation Pause)
[350.199s][info][gc,task        ] GC(562) Using 8 workers of 8 for evacuation
[350.203s][info][gc             ] GC(562) To-space exhausted
[350.203s][info][gc,phases      ] GC(562)   Pre Evacuate Collection Set: 0.1ms
[350.203s][info][gc,phases      ] GC(562)   Merge Heap Roots: 0.1ms
[350.203s][info][gc,phases      ] GC(562)   Evacuate Collection Set: 0.9ms
[350.203s][info][gc,phases      ] GC(562)   Post Evacuate Collection Set: 2.4ms
[350.203s][info][gc,phases      ] GC(562)   Other: 0.3ms
[350.203s][info][gc,heap        ] GC(562) Eden regions: 10->0(25)
[350.203s][info][gc,heap        ] GC(562) Survivor regions: 0->0(0)
[350.203s][info][gc,heap        ] GC(562) Old regions: 489->499
[350.203s][info][gc,heap        ] GC(562) Archive regions: 2->2
[350.203s][info][gc,heap        ] GC(562) Humongous regions: 11->11
[350.203s][info][gc,metaspace   ] GC(562) Metaspace: 48607K(50128K)->48607K(50128K) NonClass: 42765K(43856K)->42765K(43856K) Class: 5841K(6272K)->5841K(6272K)
[350.203s][info][gc             ] GC(562) Pause Young (Concurrent Start) (G1 Evacuation Pause) 506M->506M(512M) 3.916ms
[350.203s][info][gc,cpu         ] GC(562) User=0.01s Sys=0.00s Real=0.00s
[350.203s][info][gc,ergo        ] Attempting maximally compacting collection
[350.203s][info][gc             ] GC(563) Concurrent Cycle
[350.203s][info][gc,task        ] GC(564) Using 8 workers of 8 for full compaction
[350.203s][info][gc,marking     ] GC(563) Concurrent Clear Claimed Marks
[350.203s][info][gc,start       ] GC(564) Pause Full (G1 Evacuation Pause)
[350.204s][info][gc,marking     ] GC(563) Concurrent Clear Claimed Marks 0.066ms
[350.204s][info][gc,marking     ] GC(563) Concurrent Scan Root Regions
[350.204s][info][gc,marking     ] GC(563) Concurrent Scan Root Regions 0.011ms
[350.204s][info][gc,marking     ] GC(563) Concurrent Mark (350.204s)
[350.204s][info][gc,marking     ] GC(563) Concurrent Mark From Roots
[350.204s][info][gc,task        ] GC(563) Using 2 workers of 2 for marking
[350.205s][info][gc,phases,start] GC(564) Phase 1: Mark live objects
[350.518s][info][gc,phases      ] GC(564) Phase 1: Mark live objects 313.666ms
[350.518s][info][gc,phases,start] GC(564) Phase 2: Prepare for compaction
[350.562s][info][gc,phases      ] GC(564) Phase 2: Prepare for compaction 44.181ms
[350.563s][info][gc,phases,start] GC(564) Phase 3: Adjust pointers
[350.659s][info][gc,phases      ] GC(564) Phase 3: Adjust pointers 96.615ms
[350.659s][info][gc,phases,start] GC(564) Phase 4: Compact heap
[350.696s][info][gc,phases      ] GC(564) Phase 4: Compact heap 36.548ms
[350.700s][info][gc,heap        ] GC(564) Eden regions: 0->0(25)
[350.700s][info][gc,heap        ] GC(564) Survivor regions: 0->0(0)
[350.700s][info][gc,heap        ] GC(564) Old regions: 499->489
[350.700s][info][gc,heap        ] GC(564) Archive regions: 2->2
[350.700s][info][gc,heap        ] GC(564) Humongous regions: 11->11
[350.700s][info][gc,metaspace   ] GC(564) Metaspace: 48607K(50128K)->48493K(50128K) NonClass: 42765K(43856K)->42667K(43856K) Class: 5841K(6272K)->5825K(6272K)
[350.700s][info][gc             ] GC(564) Pause Full (G1 Evacuation Pause) 506M->496M(512M) 496.435ms
[350.702s][info][gc,cpu         ] GC(564) User=2.49s Sys=0.05s Real=0.50s
[350.702s][info][gc,marking     ] GC(563) Concurrent Mark From Roots 498.572ms
[350.702s][info][gc,marking     ] GC(563) Concurrent Mark Abort
[350.702s][info][gc             ] GC(563) Concurrent Cycle 498.769ms
[350.761s][info][gc,start       ] GC(565) Pause Young (Normal) (G1 Evacuation Pause)
[350.761s][info][gc,task        ] GC(565) Using 8 workers of 8 for evacuation
[350.765s][info][gc             ] GC(565) To-space exhausted
[350.765s][info][gc,phases      ] GC(565)   Pre Evacuate Collection Set: 0.1ms
[350.765s][info][gc,phases      ] GC(565)   Merge Heap Roots: 0.1ms
[350.765s][info][gc,phases      ] GC(565)   Evacuate Collection Set: 1.0ms
[350.765s][info][gc,phases      ] GC(565)   Post Evacuate Collection Set: 3.3ms
[350.765s][info][gc,phases      ] GC(565)   Other: 0.2ms
[350.765s][info][gc,heap        ] GC(565) Eden regions: 10->0(25)
[350.765s][info][gc,heap        ] GC(565) Survivor regions: 0->0(0)
[350.765s][info][gc,heap        ] GC(565) Old regions: 489->499
[350.765s][info][gc,heap        ] GC(565) Archive regions: 2->2
[350.765s][info][gc,heap        ] GC(565) Humongous regions: 11->11
[350.765s][info][gc,metaspace   ] GC(565) Metaspace: 48590K(50128K)->48590K(50128K) NonClass: 42750K(43856K)->42750K(43856K) Class: 5839K(6272K)->5839K(6272K)
[350.766s][info][gc             ] GC(565) Pause Young (Normal) (G1 Evacuation Pause) 506M->506M(512M) 4.858ms
[350.766s][info][gc,cpu         ] GC(565) User=0.01s Sys=0.01s Real=0.00s
[350.766s][info][gc,ergo        ] Attempting maximally compacting collection
[350.766s][info][gc,task        ] GC(566) Using 8 workers of 8 for full compaction
[350.766s][info][gc,start       ] GC(566) Pause Full (G1 Evacuation Pause)
[350.766s][info][gc,phases,start] GC(566) Phase 1: Mark live objects
[351.075s][info][gc,phases      ] GC(566) Phase 1: Mark live objects 309.530ms
[351.075s][info][gc,phases,start] GC(566) Phase 2: Prepare for compaction
[351.122s][info][gc,phases      ] GC(566) Phase 2: Prepare for compaction 46.279ms
[351.122s][info][gc,phases,start] GC(566) Phase 3: Adjust pointers
[351.218s][info][gc,phases      ] GC(566) Phase 3: Adjust pointers 96.609ms
[351.218s][info][gc,phases,start] GC(566) Phase 4: Compact heap
[351.259s][info][gc,phases      ] GC(566) Phase 4: Compact heap 40.279ms
[351.263s][info][gc,heap        ] GC(566) Eden regions: 0->0(25)
[351.263s][info][gc,heap        ] GC(566) Survivor regions: 0->0(0)
[351.263s][info][gc,heap        ] GC(566) Old regions: 499->490
[351.263s][info][gc,heap        ] GC(566) Archive regions: 2->2
[351.263s][info][gc,heap        ] GC(566) Humongous regions: 11->11
[351.263s][info][gc,metaspace   ] GC(566) Metaspace: 48590K(50128K)->48546K(50128K) NonClass: 42750K(43856K)->42713K(43856K) Class: 5839K(6272K)->5832K(6272K)
[351.263s][info][gc             ] GC(566) Pause Full (G1 Evacuation Pause) 506M->496M(512M) 497.201ms
[351.265s][info][gc,cpu         ] GC(566) User=2.53s Sys=0.04s Real=0.50s
[351.325s][info][gc,start       ] GC(567) Pause Young (Concurrent Start) (G1 Evacuation Pause)
[351.325s][info][gc,task        ] GC(567) Using 8 workers of 8 for evacuation
[351.328s][info][gc             ] GC(567) To-space exhausted
[351.328s][info][gc,phases      ] GC(567)   Pre Evacuate Collection Set: 0.2ms
[351.328s][info][gc,phases      ] GC(567)   Merge Heap Roots: 0.0ms
[351.328s][info][gc,phases      ] GC(567)   Evacuate Collection Set: 0.9ms
[351.328s][info][gc,phases      ] GC(567)   Post Evacuate Collection Set: 2.2ms
[351.328s][info][gc,phases      ] GC(567)   Other: 0.3ms
[351.328s][info][gc,heap        ] GC(567) Eden regions: 9->0(25)
[351.328s][info][gc,heap        ] GC(567) Survivor regions: 0->0(0)
[351.328s][info][gc,heap        ] GC(567) Old regions: 490->499
[351.328s][info][gc,heap        ] GC(567) Archive regions: 2->2
[351.328s][info][gc,heap        ] GC(567) Humongous regions: 11->11
[351.328s][info][gc,metaspace   ] GC(567) Metaspace: 48607K(50128K)->48607K(50128K) NonClass: 42765K(43856K)->42765K(43856K) Class: 5841K(6272K)->5841K(6272K)
[351.328s][info][gc             ] GC(567) Pause Young (Concurrent Start) (G1 Evacuation Pause) 505M->505M(512M) 3.637ms
[351.328s][info][gc,cpu         ] GC(567) User=0.01s Sys=0.00s Real=0.01s
[351.328s][info][gc,ergo        ] Attempting maximally compacting collection
[351.328s][info][gc,task        ] GC(568) Using 8 workers of 8 for full compaction
[351.328s][info][gc,start       ] GC(568) Pause Full (G1 Evacuation Pause)
[351.328s][info][gc             ] GC(569) Concurrent Cycle
[351.328s][info][gc,marking     ] GC(569) Concurrent Clear Claimed Marks
[351.329s][info][gc,marking     ] GC(569) Concurrent Clear Claimed Marks 0.124ms
[351.329s][info][gc,marking     ] GC(569) Concurrent Scan Root Regions
[351.329s][info][gc,marking     ] GC(569) Concurrent Scan Root Regions 0.011ms
[351.329s][info][gc,marking     ] GC(569) Concurrent Mark (351.329s)
[351.329s][info][gc,marking     ] GC(569) Concurrent Mark From Roots
[351.329s][info][gc,task        ] GC(569) Using 2 workers of 2 for marking
[351.329s][info][gc,phases,start] GC(568) Phase 1: Mark live objects
[351.666s][info][gc,phases      ] GC(568) Phase 1: Mark live objects 336.179ms
[351.666s][info][gc,phases,start] GC(568) Phase 2: Prepare for compaction
[351.707s][info][gc,phases      ] GC(568) Phase 2: Prepare for compaction 41.210ms
[351.707s][info][gc,phases,start] GC(568) Phase 3: Adjust pointers
[351.811s][info][gc,phases      ] GC(568) Phase 3: Adjust pointers 103.869ms
[351.811s][info][gc,phases,start] GC(568) Phase 4: Compact heap
[351.854s][info][gc,phases      ] GC(568) Phase 4: Compact heap 42.714ms
[351.857s][info][gc,heap        ] GC(568) Eden regions: 0->0(25)
[351.857s][info][gc,heap        ] GC(568) Survivor regions: 0->0(0)
[351.857s][info][gc,heap        ] GC(568) Old regions: 499->489
[351.857s][info][gc,heap        ] GC(568) Archive regions: 2->2
[351.857s][info][gc,heap        ] GC(568) Humongous regions: 11->11
[351.857s][info][gc,metaspace   ] GC(568) Metaspace: 48607K(50128K)->48493K(50128K) NonClass: 42765K(43856K)->42667K(43856K) Class: 5841K(6272K)->5825K(6272K)
[351.857s][info][gc             ] GC(568) Pause Full (G1 Evacuation Pause) 505M->496M(512M) 528.457ms
[351.858s][info][gc,cpu         ] GC(568) User=2.57s Sys=0.04s Real=0.53s
[351.858s][info][gc,marking     ] GC(569) Concurrent Mark From Roots 529.697ms
[351.858s][info][gc,marking     ] GC(569) Concurrent Mark Abort
[351.858s][info][gc             ] GC(569) Concurrent Cycle 529.978ms
[351.916s][info][gc,start       ] GC(570) Pause Young (Normal) (G1 Evacuation Pause)
[351.916s][info][gc,task        ] GC(570) Using 8 workers of 8 for evacuation
[351.920s][info][gc             ] GC(570) To-space exhausted
[351.920s][info][gc,phases      ] GC(570)   Pre Evacuate Collection Set: 0.1ms
[351.920s][info][gc,phases      ] GC(570)   Merge Heap Roots: 0.0ms
[351.920s][info][gc,phases      ] GC(570)   Evacuate Collection Set: 1.2ms
[351.920s][info][gc,phases      ] GC(570)   Post Evacuate Collection Set: 2.1ms
[351.920s][info][gc,phases      ] GC(570)   Other: 0.3ms
[351.920s][info][gc,heap        ] GC(570) Eden regions: 10->0(25)
[351.920s][info][gc,heap        ] GC(570) Survivor regions: 0->0(0)
[351.920s][info][gc,heap        ] GC(570) Old regions: 489->499
[351.920s][info][gc,heap        ] GC(570) Archive regions: 2->2
[351.920s][info][gc,heap        ] GC(570) Humongous regions: 11->11
[351.920s][info][gc,metaspace   ] GC(570) Metaspace: 48590K(50128K)->48590K(50128K) NonClass: 42750K(43856K)->42750K(43856K) Class: 5839K(6272K)->5839K(6272K)
[351.920s][info][gc             ] GC(570) Pause Young (Normal) (G1 Evacuation Pause) 506M->506M(512M) 3.780ms
[351.920s][info][gc,cpu         ] GC(570) User=0.01s Sys=0.00s Real=0.00s
[351.920s][info][gc,ergo        ] Attempting maximally compacting collection
[351.920s][info][gc,task        ] GC(571) Using 8 workers of 8 for full compaction
[351.920s][info][gc,start       ] GC(571) Pause Full (G1 Evacuation Pause)
[351.920s][info][gc,phases,start] GC(571) Phase 1: Mark live objects
[352.331s][info][gc,phases      ] GC(571) Phase 1: Mark live objects 410.721ms
[352.331s][info][gc,phases,start] GC(571) Phase 2: Prepare for compaction
[352.393s][info][gc,phases      ] GC(571) Phase 2: Prepare for compaction 62.398ms
[352.393s][info][gc,phases,start] GC(571) Phase 3: Adjust pointers
[352.522s][info][gc,phases      ] GC(571) Phase 3: Adjust pointers 128.648ms
[352.522s][info][gc,phases,start] GC(571) Phase 4: Compact heap
[352.571s][info][gc,phases      ] GC(571) Phase 4: Compact heap 48.871ms
[352.576s][info][gc,heap        ] GC(571) Eden regions: 0->0(25)
[352.576s][info][gc,heap        ] GC(571) Survivor regions: 0->0(0)
[352.576s][info][gc,heap        ] GC(571) Old regions: 499->489
[352.576s][info][gc,heap        ] GC(571) Archive regions: 2->2
[352.576s][info][gc,heap        ] GC(571) Humongous regions: 11->11
[352.576s][info][gc,metaspace   ] GC(571) Metaspace: 48590K(50128K)->48542K(50128K) NonClass: 42750K(43856K)->42710K(43856K) Class: 5839K(6272K)->5832K(6272K)
[352.576s][info][gc             ] GC(571) Pause Full (G1 Evacuation Pause) 506M->497M(512M) 655.664ms
[352.577s][info][gc,cpu         ] GC(571) User=2.54s Sys=0.05s Real=0.66s
[352.640s][info][gc,start       ] GC(572) Pause Young (Concurrent Start) (G1 Evacuation Pause)
[352.640s][info][gc,task        ] GC(572) Using 8 workers of 8 for evacuation
[352.644s][info][gc             ] GC(572) To-space exhausted
[352.644s][info][gc,phases      ] GC(572)   Pre Evacuate Collection Set: 0.1ms
[352.644s][info][gc,phases      ] GC(572)   Merge Heap Roots: 0.0ms
[352.644s][info][gc,phases      ] GC(572)   Evacuate Collection Set: 1.2ms
[352.644s][info][gc,phases      ] GC(572)   Post Evacuate Collection Set: 2.4ms
[352.644s][info][gc,phases      ] GC(572)   Other: 0.2ms
[352.644s][info][gc,heap        ] GC(572) Eden regions: 10->0(25)
[352.644s][info][gc,heap        ] GC(572) Survivor regions: 0->0(0)
[352.644s][info][gc,heap        ] GC(572) Old regions: 489->499
[352.644s][info][gc,heap        ] GC(572) Archive regions: 2->2
[352.644s][info][gc,heap        ] GC(572) Humongous regions: 11->11
[352.644s][info][gc,metaspace   ] GC(572) Metaspace: 48603K(50128K)->48603K(50128K) NonClass: 42762K(43856K)->42762K(43856K) Class: 5841K(6272K)->5841K(6272K)
[352.644s][info][gc             ] GC(572) Pause Young (Concurrent Start) (G1 Evacuation Pause) 507M->507M(512M) 4.104ms
[352.645s][info][gc,cpu         ] GC(572) User=0.01s Sys=0.00s Real=0.00s
[352.645s][info][gc,ergo        ] Attempting maximally compacting collection
[352.645s][info][gc             ] GC(573) Concurrent Cycle
[352.645s][info][gc,task        ] GC(574) Using 8 workers of 8 for full compaction
[352.645s][info][gc,marking     ] GC(573) Concurrent Clear Claimed Marks
[352.645s][info][gc,start       ] GC(574) Pause Full (G1 Evacuation Pause)
[352.645s][info][gc,marking     ] GC(573) Concurrent Clear Claimed Marks 0.067ms
[352.645s][info][gc,marking     ] GC(573) Concurrent Scan Root Regions
[352.645s][info][gc,marking     ] GC(573) Concurrent Scan Root Regions 0.008ms
[352.645s][info][gc,marking     ] GC(573) Concurrent Mark (352.645s)
[352.645s][info][gc,marking     ] GC(573) Concurrent Mark From Roots
[352.645s][info][gc,task        ] GC(573) Using 2 workers of 2 for marking
[352.645s][info][gc,phases,start] GC(574) Phase 1: Mark live objects
[352.971s][info][gc,phases      ] GC(574) Phase 1: Mark live objects 325.499ms
[352.971s][info][gc,phases,start] GC(574) Phase 2: Prepare for compaction
[353.011s][info][gc,phases      ] GC(574) Phase 2: Prepare for compaction 40.372ms
[353.011s][info][gc,phases,start] GC(574) Phase 3: Adjust pointers
[353.111s][info][gc,phases      ] GC(574) Phase 3: Adjust pointers 99.166ms
[353.111s][info][gc,phases,start] GC(574) Phase 4: Compact heap
[353.154s][info][gc,phases      ] GC(574) Phase 4: Compact heap 43.791ms
[353.159s][info][gc,heap        ] GC(574) Eden regions: 0->0(25)
[353.159s][info][gc,heap        ] GC(574) Survivor regions: 0->0(0)
[353.159s][info][gc,heap        ] GC(574) Old regions: 499->491
[353.159s][info][gc,heap        ] GC(574) Archive regions: 2->2
[353.159s][info][gc,heap        ] GC(574) Humongous regions: 11->11
[353.159s][info][gc,metaspace   ] GC(574) Metaspace: 48603K(50128K)->48493K(50128K) NonClass: 42762K(43856K)->42667K(43856K) Class: 5841K(6272K)->5825K(6272K)
[353.159s][info][gc             ] GC(574) Pause Full (G1 Evacuation Pause) 507M->497M(512M) 514.030ms
[353.160s][info][gc,cpu         ] GC(574) User=2.51s Sys=0.04s Real=0.52s
[353.160s][info][gc,marking     ] GC(573) Concurrent Mark From Roots 515.446ms
[353.160s][info][gc,marking     ] GC(573) Concurrent Mark Abort
[353.160s][info][gc             ] GC(573) Concurrent Cycle 515.645ms
[353.216s][info][gc,start       ] GC(575) Pause Young (Normal) (G1 Evacuation Pause)
[353.216s][info][gc,task        ] GC(575) Using 8 workers of 8 for evacuation
[353.221s][info][gc             ] GC(575) To-space exhausted
[353.221s][info][gc,phases      ] GC(575)   Pre Evacuate Collection Set: 0.3ms
[353.221s][info][gc,phases      ] GC(575)   Merge Heap Roots: 0.1ms
[353.221s][info][gc,phases      ] GC(575)   Evacuate Collection Set: 1.6ms
[353.221s][info][gc,phases      ] GC(575)   Post Evacuate Collection Set: 3.4ms
[353.221s][info][gc,phases      ] GC(575)   Other: 0.3ms
[353.221s][info][gc,heap        ] GC(575) Eden regions: 8->0(25)
[353.221s][info][gc,heap        ] GC(575) Survivor regions: 0->0(0)
[353.221s][info][gc,heap        ] GC(575) Old regions: 491->499
[353.221s][info][gc,heap        ] GC(575) Archive regions: 2->2
[353.221s][info][gc,heap        ] GC(575) Humongous regions: 11->11
[353.221s][info][gc,metaspace   ] GC(575) Metaspace: 48605K(50128K)->48605K(50128K) NonClass: 42763K(43856K)->42763K(43856K) Class: 5841K(6272K)->5841K(6272K)
[353.221s][info][gc             ] GC(575) Pause Young (Normal) (G1 Evacuation Pause) 505M->505M(512M) 5.803ms
[353.222s][info][gc,cpu         ] GC(575) User=0.01s Sys=0.00s Real=0.00s
[353.222s][info][gc,ergo        ] Attempting maximally compacting collection
[353.222s][info][gc,task        ] GC(576) Using 8 workers of 8 for full compaction
[353.222s][info][gc,start       ] GC(576) Pause Full (G1 Evacuation Pause)
[353.222s][info][gc,phases,start] GC(576) Phase 1: Mark live objects
[353.564s][info][gc,phases      ] GC(576) Phase 1: Mark live objects 342.784ms
[353.564s][info][gc,phases,start] GC(576) Phase 2: Prepare for compaction
[353.610s][info][gc,phases      ] GC(576) Phase 2: Prepare for compaction 45.918ms
[353.610s][info][gc,phases,start] GC(576) Phase 3: Adjust pointers
[353.713s][info][gc,phases      ] GC(576) Phase 3: Adjust pointers 102.383ms
[353.713s][info][gc,phases,start] GC(576) Phase 4: Compact heap
[353.746s][info][gc,phases      ] GC(576) Phase 4: Compact heap 33.234ms
[353.750s][info][gc,heap        ] GC(576) Eden regions: 0->0(25)
[353.750s][info][gc,heap        ] GC(576) Survivor regions: 0->0(0)
[353.750s][info][gc,heap        ] GC(576) Old regions: 499->491
[353.750s][info][gc,heap        ] GC(576) Archive regions: 2->2
[353.750s][info][gc,heap        ] GC(576) Humongous regions: 11->11
[353.750s][info][gc,metaspace   ] GC(576) Metaspace: 48605K(50128K)->48538K(50128K) NonClass: 42763K(43856K)->42707K(43856K) Class: 5841K(6272K)->5831K(6272K)
[353.750s][info][gc             ] GC(576) Pause Full (G1 Evacuation Pause) 505M->497M(512M) 528.814ms
[353.752s][info][gc,cpu         ] GC(576) User=2.51s Sys=0.04s Real=0.53s
[353.793s][info][gc,start       ] GC(577) Pause Young (Concurrent Start) (G1 Evacuation Pause)
[353.793s][info][gc,task        ] GC(577) Using 8 workers of 8 for evacuation
[353.795s][info][gc             ] GC(577) To-space exhausted
[353.795s][info][gc,phases      ] GC(577)   Pre Evacuate Collection Set: 0.1ms
[353.795s][info][gc,phases      ] GC(577)   Merge Heap Roots: 0.1ms
[353.795s][info][gc,phases      ] GC(577)   Evacuate Collection Set: 0.8ms
[353.795s][info][gc,phases      ] GC(577)   Post Evacuate Collection Set: 1.5ms
[353.795s][info][gc,phases      ] GC(577)   Other: 0.2ms
[353.795s][info][gc,heap        ] GC(577) Eden regions: 8->0(25)
[353.795s][info][gc,heap        ] GC(577) Survivor regions: 0->0(0)
[353.796s][info][gc,heap        ] GC(577) Old regions: 491->499
[353.796s][info][gc,heap        ] GC(577) Archive regions: 2->2
[353.796s][info][gc,heap        ] GC(577) Humongous regions: 11->11
[353.796s][info][gc,metaspace   ] GC(577) Metaspace: 48584K(50128K)->48584K(50128K) NonClass: 42746K(43856K)->42746K(43856K) Class: 5838K(6272K)->5838K(6272K)
[353.796s][info][gc             ] GC(577) Pause Young (Concurrent Start) (G1 Evacuation Pause) 505M->505M(512M) 2.812ms
[353.796s][info][gc,cpu         ] GC(577) User=0.01s Sys=0.00s Real=0.00s
[353.796s][info][gc,ergo        ] Attempting maximally compacting collection
[353.796s][info][gc             ] GC(578) Concurrent Cycle
[353.796s][info][gc,task        ] GC(579) Using 8 workers of 8 for full compaction
[353.796s][info][gc,marking     ] GC(578) Concurrent Clear Claimed Marks
[353.796s][info][gc,start       ] GC(579) Pause Full (G1 Evacuation Pause)
[353.796s][info][gc,marking     ] GC(578) Concurrent Clear Claimed Marks 0.136ms
[353.796s][info][gc,marking     ] GC(578) Concurrent Scan Root Regions
[353.796s][info][gc,marking     ] GC(578) Concurrent Scan Root Regions 0.016ms
[353.796s][info][gc,marking     ] GC(578) Concurrent Mark (353.796s)
[353.796s][info][gc,marking     ] GC(578) Concurrent Mark From Roots
[353.796s][info][gc,task        ] GC(578) Using 2 workers of 2 for marking
[353.796s][info][gc,phases,start] GC(579) Phase 1: Mark live objects
[354.109s][info][gc,phases      ] GC(579) Phase 1: Mark live objects 312.301ms
[354.109s][info][gc,phases,start] GC(579) Phase 2: Prepare for compaction
[354.147s][info][gc,phases      ] GC(579) Phase 2: Prepare for compaction 38.570ms
[354.147s][info][gc,phases,start] GC(579) Phase 3: Adjust pointers
[354.243s][info][gc,phases      ] GC(579) Phase 3: Adjust pointers 95.995ms
[354.243s][info][gc,phases,start] GC(579) Phase 4: Compact heap
[354.279s][info][gc,phases      ] GC(579) Phase 4: Compact heap 35.167ms
[354.283s][info][gc,heap        ] GC(579) Eden regions: 0->0(25)
[354.283s][info][gc,heap        ] GC(579) Survivor regions: 0->0(0)
[354.283s][info][gc,heap        ] GC(579) Old regions: 499->490
[354.283s][info][gc,heap        ] GC(579) Archive regions: 2->2
[354.283s][info][gc,heap        ] GC(579) Humongous regions: 11->11
[354.283s][info][gc,metaspace   ] GC(579) Metaspace: 48584K(50128K)->48485K(50128K) NonClass: 42746K(43856K)->42661K(43856K) Class: 5838K(6272K)->5824K(6272K)
[354.283s][info][gc             ] GC(579) Pause Full (G1 Evacuation Pause) 505M->497M(512M) 487.517ms
[354.285s][info][gc,cpu         ] GC(579) User=2.49s Sys=0.06s Real=0.49s
[354.295s][info][gc,marking     ] GC(578) Concurrent Mark From Roots 498.728ms
[354.296s][info][gc,marking     ] GC(578) Concurrent Mark Abort
[354.296s][info][gc             ] GC(578) Concurrent Cycle 500.861ms
[354.340s][info][gc,start       ] GC(580) Pause Young (Normal) (G1 Evacuation Pause)
[354.340s][info][gc,task        ] GC(580) Using 8 workers of 8 for evacuation
[354.344s][info][gc             ] GC(580) To-space exhausted
[354.344s][info][gc,phases      ] GC(580)   Pre Evacuate Collection Set: 0.1ms
[354.344s][info][gc,phases      ] GC(580)   Merge Heap Roots: 0.0ms
[354.344s][info][gc,phases      ] GC(580)   Evacuate Collection Set: 1.4ms
[354.344s][info][gc,phases      ] GC(580)   Post Evacuate Collection Set: 1.9ms
[354.344s][info][gc,phases      ] GC(580)   Other: 0.2ms
[354.344s][info][gc,heap        ] GC(580) Eden regions: 9->0(25)
[354.344s][info][gc,heap        ] GC(580) Survivor regions: 0->0(0)
[354.344s][info][gc,heap        ] GC(580) Old regions: 490->499
[354.344s][info][gc,heap        ] GC(580) Archive regions: 2->2
[354.344s][info][gc,heap        ] GC(580) Humongous regions: 11->11
[354.344s][info][gc,metaspace   ] GC(580) Metaspace: 48663K(50128K)->48663K(50128K) NonClass: 42814K(43856K)->42814K(43856K) Class: 5849K(6272K)->5849K(6272K)
[354.344s][info][gc             ] GC(580) Pause Young (Normal) (G1 Evacuation Pause) 506M->506M(512M) 3.703ms
[354.344s][info][gc,cpu         ] GC(580) User=0.01s Sys=0.00s Real=0.00s
[354.344s][info][gc,ergo        ] Attempting maximally compacting collection
[354.344s][info][gc,task        ] GC(581) Using 8 workers of 8 for full compaction
[354.344s][info][gc,start       ] GC(581) Pause Full (G1 Evacuation Pause)
[354.344s][info][gc,phases,start] GC(581) Phase 1: Mark live objects
[354.714s][info][gc,phases      ] GC(581) Phase 1: Mark live objects 370.196ms
[354.714s][info][gc,phases,start] GC(581) Phase 2: Prepare for compaction
[354.773s][info][gc,phases      ] GC(581) Phase 2: Prepare for compaction 58.720ms
[354.773s][info][gc,phases,start] GC(581) Phase 3: Adjust pointers
[354.870s][info][gc,phases      ] GC(581) Phase 3: Adjust pointers 96.662ms
[354.870s][info][gc,phases,start] GC(581) Phase 4: Compact heap
[354.911s][info][gc,phases      ] GC(581) Phase 4: Compact heap 40.769ms
[354.915s][info][gc,heap        ] GC(581) Eden regions: 0->0(25)
[354.915s][info][gc,heap        ] GC(581) Survivor regions: 0->0(0)
[354.915s][info][gc,heap        ] GC(581) Old regions: 499->489
[354.915s][info][gc,heap        ] GC(581) Archive regions: 2->2
[354.915s][info][gc,heap        ] GC(581) Humongous regions: 11->11
[354.915s][info][gc,metaspace   ] GC(581) Metaspace: 48663K(50128K)->48549K(50128K) NonClass: 42814K(43856K)->42716K(43856K) Class: 5849K(6272K)->5832K(6272K)
[354.915s][info][gc             ] GC(581) Pause Full (G1 Evacuation Pause) 506M->498M(512M) 570.708ms
[354.916s][info][gc,cpu         ] GC(581) User=2.49s Sys=0.04s Real=0.58s
[354.964s][info][gc,start       ] GC(582) Pause Young (Concurrent Start) (G1 Evacuation Pause)
[354.964s][info][gc,task        ] GC(582) Using 8 workers of 8 for evacuation
[354.968s][info][gc             ] GC(582) To-space exhausted
[354.968s][info][gc,phases      ] GC(582)   Pre Evacuate Collection Set: 0.1ms
[354.968s][info][gc,phases      ] GC(582)   Merge Heap Roots: 0.1ms
[354.968s][info][gc,phases      ] GC(582)   Evacuate Collection Set: 0.9ms
[354.968s][info][gc,phases      ] GC(582)   Post Evacuate Collection Set: 2.0ms
[354.968s][info][gc,phases      ] GC(582)   Other: 0.2ms
[354.968s][info][gc,heap        ] GC(582) Eden regions: 10->0(25)
[354.968s][info][gc,heap        ] GC(582) Survivor regions: 0->0(0)
[354.968s][info][gc,heap        ] GC(582) Old regions: 489->499
[354.968s][info][gc,heap        ] GC(582) Archive regions: 2->2
[354.968s][info][gc,heap        ] GC(582) Humongous regions: 11->11
[354.968s][info][gc,metaspace   ] GC(582) Metaspace: 48592K(50128K)->48592K(50128K) NonClass: 42753K(43856K)->42753K(43856K) Class: 5838K(6272K)->5838K(6272K)
[354.968s][info][gc             ] GC(582) Pause Young (Concurrent Start) (G1 Evacuation Pause) 508M->508M(512M) 3.401ms
[354.968s][info][gc,cpu         ] GC(582) User=0.01s Sys=0.00s Real=0.01s
[354.968s][info][gc,ergo        ] Attempting maximally compacting collection
[354.968s][info][gc,task        ] GC(583) Using 8 workers of 8 for full compaction
[354.968s][info][gc,start       ] GC(583) Pause Full (G1 Evacuation Pause)
[354.968s][info][gc             ] GC(584) Concurrent Cycle
[354.968s][info][gc,marking     ] GC(584) Concurrent Clear Claimed Marks
[354.968s][info][gc,marking     ] GC(584) Concurrent Clear Claimed Marks 0.138ms
[354.968s][info][gc,marking     ] GC(584) Concurrent Scan Root Regions
[354.968s][info][gc,marking     ] GC(584) Concurrent Scan Root Regions 0.019ms
[354.968s][info][gc,marking     ] GC(584) Concurrent Mark (354.968s)
[354.968s][info][gc,marking     ] GC(584) Concurrent Mark From Roots
[354.968s][info][gc,task        ] GC(584) Using 2 workers of 2 for marking
[354.968s][info][gc,phases,start] GC(583) Phase 1: Mark live objects
[355.274s][info][gc,phases      ] GC(583) Phase 1: Mark live objects 305.992ms
[355.274s][info][gc,phases,start] GC(583) Phase 2: Prepare for compaction
[355.317s][info][gc,phases      ] GC(583) Phase 2: Prepare for compaction 42.674ms
[355.317s][info][gc,phases,start] GC(583) Phase 3: Adjust pointers
[355.411s][info][gc,phases      ] GC(583) Phase 3: Adjust pointers 93.824ms
[355.411s][info][gc,phases,start] GC(583) Phase 4: Compact heap
[355.446s][info][gc,phases      ] GC(583) Phase 4: Compact heap 34.589ms
[355.450s][info][gc,heap        ] GC(583) Eden regions: 0->0(25)
[355.450s][info][gc,heap        ] GC(583) Survivor regions: 0->0(0)
[355.450s][info][gc,heap        ] GC(583) Old regions: 499->490
[355.450s][info][gc,heap        ] GC(583) Archive regions: 2->2
[355.450s][info][gc,heap        ] GC(583) Humongous regions: 11->11
[355.450s][info][gc,metaspace   ] GC(583) Metaspace: 48592K(50128K)->48488K(50128K) NonClass: 42753K(43856K)->42664K(43856K) Class: 5838K(6272K)->5824K(6272K)
[355.450s][info][gc             ] GC(583) Pause Full (G1 Evacuation Pause) 508M->498M(512M) 481.846ms
[355.451s][info][gc,cpu         ] GC(583) User=2.51s Sys=0.06s Real=0.48s
[355.451s][info][gc,marking     ] GC(584) Concurrent Mark From Roots 482.858ms
[355.451s][info][gc,marking     ] GC(584) Concurrent Mark Abort
[355.451s][info][gc             ] GC(584) Concurrent Cycle 483.148ms
[355.550s][info][gc,start       ] GC(585) Pause Young (Normal) (G1 Evacuation Pause)
[355.550s][info][gc,task        ] GC(585) Using 8 workers of 8 for evacuation
[355.554s][info][gc             ] GC(585) To-space exhausted
[355.554s][info][gc,phases      ] GC(585)   Pre Evacuate Collection Set: 0.1ms
[355.554s][info][gc,phases      ] GC(585)   Merge Heap Roots: 0.0ms
[355.554s][info][gc,phases      ] GC(585)   Evacuate Collection Set: 0.8ms
[355.554s][info][gc,phases      ] GC(585)   Post Evacuate Collection Set: 2.8ms
[355.554s][info][gc,phases      ] GC(585)   Other: 0.4ms
[355.554s][info][gc,heap        ] GC(585) Eden regions: 9->0(25)
[355.554s][info][gc,heap        ] GC(585) Survivor regions: 0->0(0)
[355.554s][info][gc,heap        ] GC(585) Old regions: 490->499
[355.554s][info][gc,heap        ] GC(585) Archive regions: 2->2
[355.554s][info][gc,heap        ] GC(585) Humongous regions: 11->11
[355.554s][info][gc,metaspace   ] GC(585) Metaspace: 48615K(50128K)->48615K(50128K) NonClass: 42773K(43856K)->42773K(43856K) Class: 5842K(6272K)->5842K(6272K)
[355.554s][info][gc             ] GC(585) Pause Young (Normal) (G1 Evacuation Pause) 507M->507M(512M) 4.265ms
[355.554s][info][gc,cpu         ] GC(585) User=0.02s Sys=0.00s Real=0.00s
[355.554s][info][gc,ergo        ] Attempting maximally compacting collection
[355.554s][info][gc,task        ] GC(586) Using 8 workers of 8 for full compaction
[355.554s][info][gc,start       ] GC(586) Pause Full (G1 Evacuation Pause)
[355.554s][info][gc,phases,start] GC(586) Phase 1: Mark live objects
[355.870s][info][gc,phases      ] GC(586) Phase 1: Mark live objects 315.547ms
[355.870s][info][gc,phases,start] GC(586) Phase 2: Prepare for compaction
[355.917s][info][gc,phases      ] GC(586) Phase 2: Prepare for compaction 46.717ms
[355.917s][info][gc,phases,start] GC(586) Phase 3: Adjust pointers
[356.010s][info][gc,phases      ] GC(586) Phase 3: Adjust pointers 93.563ms
[356.010s][info][gc,phases,start] GC(586) Phase 4: Compact heap
[356.045s][info][gc,phases      ] GC(586) Phase 4: Compact heap 35.180ms
[356.049s][info][gc,heap        ] GC(586) Eden regions: 0->0(25)
[356.049s][info][gc,heap        ] GC(586) Survivor regions: 0->0(0)
[356.049s][info][gc,heap        ] GC(586) Old regions: 499->489
[356.049s][info][gc,heap        ] GC(586) Archive regions: 2->2
[356.049s][info][gc,heap        ] GC(586) Humongous regions: 11->11
[356.049s][info][gc,metaspace   ] GC(586) Metaspace: 48615K(50128K)->48539K(50128K) NonClass: 42773K(43856K)->42707K(43856K) Class: 5842K(6272K)->5831K(6272K)
[356.049s][info][gc             ] GC(586) Pause Full (G1 Evacuation Pause) 507M->498M(512M) 494.812ms
[356.050s][info][gc,cpu         ] GC(586) User=2.50s Sys=0.05s Real=0.50s
[356.117s][info][gc,start       ] GC(587) Pause Young (Concurrent Start) (G1 Evacuation Pause)
[356.117s][info][gc,task        ] GC(587) Using 8 workers of 8 for evacuation
[356.121s][info][gc             ] GC(587) To-space exhausted
[356.121s][info][gc,phases      ] GC(587)   Pre Evacuate Collection Set: 0.1ms
[356.121s][info][gc,phases      ] GC(587)   Merge Heap Roots: 0.1ms
[356.121s][info][gc,phases      ] GC(587)   Evacuate Collection Set: 0.8ms
[356.121s][info][gc,phases      ] GC(587)   Post Evacuate Collection Set: 2.2ms
[356.121s][info][gc,phases      ] GC(587)   Other: 0.2ms
[356.121s][info][gc,heap        ] GC(587) Eden regions: 10->0(25)
[356.121s][info][gc,heap        ] GC(587) Survivor regions: 0->0(0)
[356.121s][info][gc,heap        ] GC(587) Old regions: 489->499
[356.121s][info][gc,heap        ] GC(587) Archive regions: 2->2
[356.121s][info][gc,heap        ] GC(587) Humongous regions: 11->11
[356.121s][info][gc,metaspace   ] GC(587) Metaspace: 48615K(50128K)->48615K(50128K) NonClass: 42773K(43856K)->42773K(43856K) Class: 5841K(6272K)->5841K(6272K)
[356.121s][info][gc             ] GC(587) Pause Young (Concurrent Start) (G1 Evacuation Pause) 508M->508M(512M) 3.472ms
[356.121s][info][gc,cpu         ] GC(587) User=0.01s Sys=0.00s Real=0.00s
[356.121s][info][gc,ergo        ] Attempting maximally compacting collection
[356.121s][info][gc             ] GC(588) Concurrent Cycle
[356.121s][info][gc,task        ] GC(589) Using 8 workers of 8 for full compaction
[356.121s][info][gc,marking     ] GC(588) Concurrent Clear Claimed Marks
[356.121s][info][gc,start       ] GC(589) Pause Full (G1 Evacuation Pause)
[356.121s][info][gc,marking     ] GC(588) Concurrent Clear Claimed Marks 0.066ms
[356.121s][info][gc,marking     ] GC(588) Concurrent Scan Root Regions
[356.121s][info][gc,marking     ] GC(588) Concurrent Scan Root Regions 0.015ms
[356.121s][info][gc,marking     ] GC(588) Concurrent Mark (356.121s)
[356.121s][info][gc,marking     ] GC(588) Concurrent Mark From Roots
[356.121s][info][gc,task        ] GC(588) Using 2 workers of 2 for marking
[356.122s][info][gc,phases,start] GC(589) Phase 1: Mark live objects
[356.430s][info][gc,phases      ] GC(589) Phase 1: Mark live objects 308.198ms
[356.430s][info][gc,phases,start] GC(589) Phase 2: Prepare for compaction
[356.473s][info][gc,phases      ] GC(589) Phase 2: Prepare for compaction 43.098ms
[356.473s][info][gc,phases,start] GC(589) Phase 3: Adjust pointers
[356.575s][info][gc,phases      ] GC(589) Phase 3: Adjust pointers 101.720ms
[356.575s][info][gc,phases,start] GC(589) Phase 4: Compact heap
[356.621s][info][gc,phases      ] GC(589) Phase 4: Compact heap 45.966ms
[356.624s][info][gc,heap        ] GC(589) Eden regions: 0->0(25)
[356.624s][info][gc,heap        ] GC(589) Survivor regions: 0->0(0)
[356.624s][info][gc,heap        ] GC(589) Old regions: 499->489
[356.624s][info][gc,heap        ] GC(589) Archive regions: 2->2
[356.624s][info][gc,heap        ] GC(589) Humongous regions: 11->11
[356.624s][info][gc,metaspace   ] GC(589) Metaspace: 48615K(50128K)->48498K(50128K) NonClass: 42773K(43856K)->42673K(43856K) Class: 5841K(6272K)->5824K(6272K)
[356.624s][info][gc             ] GC(589) Pause Full (G1 Evacuation Pause) 508M->498M(512M) 503.637ms
[356.626s][info][gc,cpu         ] GC(589) User=2.51s Sys=0.04s Real=0.51s
[356.626s][info][gc,marking     ] GC(588) Concurrent Mark From Roots 504.889ms
[356.626s][info][gc,marking     ] GC(588) Concurrent Mark Abort
[356.626s][info][gc             ] GC(588) Concurrent Cycle 505.093ms
[356.687s][info][gc,start       ] GC(590) Pause Young (Normal) (G1 Evacuation Pause)
[356.687s][info][gc,task        ] GC(590) Using 8 workers of 8 for evacuation
[356.690s][info][gc             ] GC(590) To-space exhausted
[356.690s][info][gc,phases      ] GC(590)   Pre Evacuate Collection Set: 0.1ms
[356.690s][info][gc,phases      ] GC(590)   Merge Heap Roots: 0.0ms
[356.690s][info][gc,phases      ] GC(590)   Evacuate Collection Set: 0.5ms
[356.690s][info][gc,phases      ] GC(590)   Post Evacuate Collection Set: 1.9ms
[356.690s][info][gc,phases      ] GC(590)   Other: 0.2ms
[356.690s][info][gc,heap        ] GC(590) Eden regions: 10->0(25)
[356.690s][info][gc,heap        ] GC(590) Survivor regions: 0->0(0)
[356.690s][info][gc,heap        ] GC(590) Old regions: 489->499
[356.690s][info][gc,heap        ] GC(590) Archive regions: 2->2
[356.690s][info][gc,heap        ] GC(590) Humongous regions: 11->11
[356.690s][info][gc,metaspace   ] GC(590) Metaspace: 48606K(50128K)->48606K(50128K) NonClass: 42767K(43856K)->42767K(43856K) Class: 5839K(6272K)->5839K(6272K)
[356.690s][info][gc             ] GC(590) Pause Young (Normal) (G1 Evacuation Pause) 508M->508M(512M) 2.775ms
[356.690s][info][gc,cpu         ] GC(590) User=0.01s Sys=0.01s Real=0.00s
[356.690s][info][gc,ergo        ] Attempting maximally compacting collection
[356.690s][info][gc,task        ] GC(591) Using 8 workers of 8 for full compaction
[356.690s][info][gc,start       ] GC(591) Pause Full (G1 Evacuation Pause)
[356.690s][info][gc,phases,start] GC(591) Phase 1: Mark live objects
[357.006s][info][gc,phases      ] GC(591) Phase 1: Mark live objects 316.322ms
[357.006s][info][gc,phases,start] GC(591) Phase 2: Prepare for compaction
[357.046s][info][gc,phases      ] GC(591) Phase 2: Prepare for compaction 39.428ms
[357.046s][info][gc,phases,start] GC(591) Phase 3: Adjust pointers
[357.142s][info][gc,phases      ] GC(591) Phase 3: Adjust pointers 95.924ms
[357.142s][info][gc,phases,start] GC(591) Phase 4: Compact heap
[357.173s][info][gc,phases      ] GC(591) Phase 4: Compact heap 30.906ms
[357.176s][info][gc,heap        ] GC(591) Eden regions: 0->0(25)
[357.176s][info][gc,heap        ] GC(591) Survivor regions: 0->0(0)
[357.176s][info][gc,heap        ] GC(591) Old regions: 499->490
[357.176s][info][gc,heap        ] GC(591) Archive regions: 2->2
[357.176s][info][gc,heap        ] GC(591) Humongous regions: 11->11
[357.176s][info][gc,metaspace   ] GC(591) Metaspace: 48606K(50128K)->48498K(50128K) NonClass: 42767K(43856K)->42673K(43856K) Class: 5839K(6272K)->5824K(6272K)
[357.176s][info][gc             ] GC(591) Pause Full (G1 Evacuation Pause) 508M->498M(512M) 486.413ms
[357.180s][info][gc,cpu         ] GC(591) User=2.48s Sys=0.05s Real=0.49s
[357.247s][info][gc,start       ] GC(592) Pause Young (Concurrent Start) (G1 Evacuation Pause)
[357.247s][info][gc,task        ] GC(592) Using 8 workers of 8 for evacuation
[357.251s][info][gc             ] GC(592) To-space exhausted
[357.251s][info][gc,phases      ] GC(592)   Pre Evacuate Collection Set: 0.2ms
[357.251s][info][gc,phases      ] GC(592)   Merge Heap Roots: 0.1ms
[357.251s][info][gc,phases      ] GC(592)   Evacuate Collection Set: 1.2ms
[357.251s][info][gc,phases      ] GC(592)   Post Evacuate Collection Set: 2.2ms
[357.251s][info][gc,phases      ] GC(592)   Other: 0.3ms
[357.251s][info][gc,heap        ] GC(592) Eden regions: 9->0(25)
[357.251s][info][gc,heap        ] GC(592) Survivor regions: 0->0(0)
[357.251s][info][gc,heap        ] GC(592) Old regions: 490->499
[357.251s][info][gc,heap        ] GC(592) Archive regions: 2->2
[357.251s][info][gc,heap        ] GC(592) Humongous regions: 11->11
[357.251s][info][gc,metaspace   ] GC(592) Metaspace: 48621K(50128K)->48621K(50128K) NonClass: 42779K(43856K)->42779K(43856K) Class: 5842K(6272K)->5842K(6272K)
[357.251s][info][gc             ] GC(592) Pause Young (Concurrent Start) (G1 Evacuation Pause) 507M->507M(512M) 4.058ms
[357.252s][info][gc,cpu         ] GC(592) User=0.01s Sys=0.00s Real=0.00s
[357.252s][info][gc,ergo        ] Attempting maximally compacting collection
[357.252s][info][gc             ] GC(593) Concurrent Cycle
[357.252s][info][gc,marking     ] GC(593) Concurrent Clear Claimed Marks
[357.252s][info][gc,task        ] GC(594) Using 8 workers of 8 for full compaction
[357.252s][info][gc,start       ] GC(594) Pause Full (G1 Evacuation Pause)
[357.252s][info][gc,marking     ] GC(593) Concurrent Clear Claimed Marks 0.050ms
[357.252s][info][gc,marking     ] GC(593) Concurrent Scan Root Regions
[357.252s][info][gc,marking     ] GC(593) Concurrent Scan Root Regions 0.008ms
[357.252s][info][gc,marking     ] GC(593) Concurrent Mark (357.252s)
[357.252s][info][gc,marking     ] GC(593) Concurrent Mark From Roots
[357.252s][info][gc,task        ] GC(593) Using 2 workers of 2 for marking
[357.253s][info][gc,phases,start] GC(594) Phase 1: Mark live objects
[357.564s][info][gc,phases      ] GC(594) Phase 1: Mark live objects 311.326ms
[357.564s][info][gc,phases,start] GC(594) Phase 2: Prepare for compaction
[357.611s][info][gc,phases      ] GC(594) Phase 2: Prepare for compaction 47.464ms
[357.612s][info][gc,phases,start] GC(594) Phase 3: Adjust pointers
[357.712s][info][gc,phases      ] GC(594) Phase 3: Adjust pointers 100.305ms
[357.712s][info][gc,phases,start] GC(594) Phase 4: Compact heap
[357.748s][info][gc,phases      ] GC(594) Phase 4: Compact heap 36.527ms
[357.752s][info][gc,heap        ] GC(594) Eden regions: 0->0(25)
[357.752s][info][gc,heap        ] GC(594) Survivor regions: 0->0(0)
[357.752s][info][gc,heap        ] GC(594) Old regions: 499->490
[357.752s][info][gc,heap        ] GC(594) Archive regions: 2->2
[357.752s][info][gc,heap        ] GC(594) Humongous regions: 11->11
[357.752s][info][gc,metaspace   ] GC(594) Metaspace: 48621K(50128K)->48558K(50128K) NonClass: 42779K(43856K)->42725K(43856K) Class: 5842K(6272K)->5832K(6272K)
[357.752s][info][gc             ] GC(594) Pause Full (G1 Evacuation Pause) 507M->499M(512M) 500.707ms
[357.754s][info][gc,cpu         ] GC(594) User=2.50s Sys=0.05s Real=0.50s
[357.755s][info][gc,marking     ] GC(593) Concurrent Mark From Roots 503.054ms
[357.755s][info][gc,marking     ] GC(593) Concurrent Mark Abort
[357.755s][info][gc             ] GC(593) Concurrent Cycle 503.243ms
[357.799s][info][gc,start       ] GC(595) Pause Young (Normal) (G1 Evacuation Pause)
[357.799s][info][gc,task        ] GC(595) Using 8 workers of 8 for evacuation
[357.803s][info][gc             ] GC(595) To-space exhausted
[357.803s][info][gc,phases      ] GC(595)   Pre Evacuate Collection Set: 0.1ms
[357.803s][info][gc,phases      ] GC(595)   Merge Heap Roots: 0.1ms
[357.803s][info][gc,phases      ] GC(595)   Evacuate Collection Set: 1.5ms
[357.803s][info][gc,phases      ] GC(595)   Post Evacuate Collection Set: 2.2ms
[357.803s][info][gc,phases      ] GC(595)   Other: 0.2ms
[357.803s][info][gc,heap        ] GC(595) Eden regions: 9->0(25)
[357.803s][info][gc,heap        ] GC(595) Survivor regions: 0->0(0)
[357.803s][info][gc,heap        ] GC(595) Old regions: 490->499
[357.803s][info][gc,heap        ] GC(595) Archive regions: 2->2
[357.803s][info][gc,heap        ] GC(595) Humongous regions: 11->11
[357.803s][info][gc,metaspace   ] GC(595) Metaspace: 48601K(50128K)->48601K(50128K) NonClass: 42762K(43856K)->42762K(43856K) Class: 5838K(6272K)->5838K(6272K)
[357.803s][info][gc             ] GC(595) Pause Young (Normal) (G1 Evacuation Pause) 508M->508M(512M) 4.201ms
[357.803s][info][gc,cpu         ] GC(595) User=0.01s Sys=0.00s Real=0.00s
[357.803s][info][gc,ergo        ] Attempting maximally compacting collection
[357.803s][info][gc,task        ] GC(596) Using 8 workers of 8 for full compaction
[357.803s][info][gc,start       ] GC(596) Pause Full (G1 Evacuation Pause)
[357.803s][info][gc,phases,start] GC(596) Phase 1: Mark live objects
[358.097s][info][gc,phases      ] GC(596) Phase 1: Mark live objects 293.362ms
[358.097s][info][gc,phases,start] GC(596) Phase 2: Prepare for compaction
[358.140s][info][gc,phases      ] GC(596) Phase 2: Prepare for compaction 42.962ms
[358.140s][info][gc,phases,start] GC(596) Phase 3: Adjust pointers
[358.243s][info][gc,phases      ] GC(596) Phase 3: Adjust pointers 103.002ms
[358.243s][info][gc,phases,start] GC(596) Phase 4: Compact heap
[358.276s][info][gc,phases      ] GC(596) Phase 4: Compact heap 32.950ms
[358.279s][info][gc,heap        ] GC(596) Eden regions: 0->0(25)
[358.279s][info][gc,heap        ] GC(596) Survivor regions: 0->0(0)
[358.279s][info][gc,heap        ] GC(596) Old regions: 499->492
[358.279s][info][gc,heap        ] GC(596) Archive regions: 2->2
[358.279s][info][gc,heap        ] GC(596) Humongous regions: 11->11
[358.279s][info][gc,metaspace   ] GC(596) Metaspace: 48601K(50128K)->48499K(50128K) NonClass: 42762K(43856K)->42675K(43856K) Class: 5838K(6272K)->5824K(6272K)
[358.279s][info][gc             ] GC(596) Pause Full (G1 Evacuation Pause) 508M->499M(512M) 476.071ms
[358.280s][info][gc,cpu         ] GC(596) User=2.50s Sys=0.04s Real=0.48s
[358.320s][info][gc,start       ] GC(597) Pause Young (Concurrent Start) (G1 Evacuation Pause)
[358.320s][info][gc,task        ] GC(597) Using 8 workers of 8 for evacuation
[358.326s][info][gc             ] GC(597) To-space exhausted
[358.326s][info][gc,phases      ] GC(597)   Pre Evacuate Collection Set: 0.8ms
[358.326s][info][gc,phases      ] GC(597)   Merge Heap Roots: 0.7ms
[358.326s][info][gc,phases      ] GC(597)   Evacuate Collection Set: 1.3ms
[358.326s][info][gc,phases      ] GC(597)   Post Evacuate Collection Set: 2.8ms
[358.326s][info][gc,phases      ] GC(597)   Other: 0.3ms
[358.326s][info][gc,heap        ] GC(597) Eden regions: 7->0(25)
[358.326s][info][gc,heap        ] GC(597) Survivor regions: 0->0(0)
[358.326s][info][gc,heap        ] GC(597) Old regions: 492->499
[358.326s][info][gc,heap        ] GC(597) Archive regions: 2->2
[358.326s][info][gc,heap        ] GC(597) Humongous regions: 11->11
[358.326s][info][gc,metaspace   ] GC(597) Metaspace: 48621K(50128K)->48621K(50128K) NonClass: 42779K(43856K)->42779K(43856K) Class: 5842K(6272K)->5842K(6272K)
[358.326s][info][gc             ] GC(597) Pause Young (Concurrent Start) (G1 Evacuation Pause) 506M->506M(512M) 6.019ms
[358.326s][info][gc,cpu         ] GC(597) User=0.01s Sys=0.00s Real=0.01s
[358.326s][info][gc,ergo        ] Attempting maximally compacting collection
[358.326s][info][gc             ] GC(598) Concurrent Cycle
[358.326s][info][gc,marking     ] GC(598) Concurrent Clear Claimed Marks
[358.326s][info][gc,task        ] GC(599) Using 8 workers of 8 for full compaction
[358.326s][info][gc,marking     ] GC(598) Concurrent Clear Claimed Marks 0.046ms
[358.326s][info][gc,marking     ] GC(598) Concurrent Scan Root Regions
[358.326s][info][gc,start       ] GC(599) Pause Full (G1 Evacuation Pause)
[358.326s][info][gc,marking     ] GC(598) Concurrent Scan Root Regions 0.011ms
[358.326s][info][gc,marking     ] GC(598) Concurrent Mark (358.326s)
[358.326s][info][gc,marking     ] GC(598) Concurrent Mark From Roots
[358.326s][info][gc,task        ] GC(598) Using 2 workers of 2 for marking
[358.328s][info][gc,phases,start] GC(599) Phase 1: Mark live objects
[358.673s][info][gc,phases      ] GC(599) Phase 1: Mark live objects 344.895ms
[358.673s][info][gc,phases,start] GC(599) Phase 2: Prepare for compaction
[358.709s][info][gc,phases      ] GC(599) Phase 2: Prepare for compaction 36.598ms
[358.709s][info][gc,phases,start] GC(599) Phase 3: Adjust pointers
[358.803s][info][gc,phases      ] GC(599) Phase 3: Adjust pointers 93.379ms
[358.803s][info][gc,phases,start] GC(599) Phase 4: Compact heap
[358.846s][info][gc,phases      ] GC(599) Phase 4: Compact heap 42.849ms
[358.850s][info][gc,heap        ] GC(599) Eden regions: 0->0(25)
[358.850s][info][gc,heap        ] GC(599) Survivor regions: 0->0(0)
[358.850s][info][gc,heap        ] GC(599) Old regions: 499->491
[358.850s][info][gc,heap        ] GC(599) Archive regions: 2->2
[358.850s][info][gc,heap        ] GC(599) Humongous regions: 11->11
[358.850s][info][gc,metaspace   ] GC(599) Metaspace: 48621K(50128K)->48535K(50128K) NonClass: 42779K(43856K)->42705K(43856K) Class: 5842K(6272K)->5829K(6272K)
[358.850s][info][gc             ] GC(599) Pause Full (G1 Evacuation Pause) 506M->499M(512M) 523.730ms
[358.851s][info][gc,cpu         ] GC(599) User=2.51s Sys=0.05s Real=0.52s
[358.851s][info][gc,marking     ] GC(598) Concurrent Mark From Roots 524.860ms
[358.851s][info][gc,marking     ] GC(598) Concurrent Mark Abort
[358.851s][info][gc             ] GC(598) Concurrent Cycle 525.076ms
[358.884s][info][gc,start       ] GC(600) Pause Young (Normal) (G1 Evacuation Pause)
[358.884s][info][gc,task        ] GC(600) Using 8 workers of 8 for evacuation
[358.887s][info][gc             ] GC(600) To-space exhausted
[358.887s][info][gc,phases      ] GC(600)   Pre Evacuate Collection Set: 0.1ms
[358.887s][info][gc,phases      ] GC(600)   Merge Heap Roots: 0.0ms
[358.887s][info][gc,phases      ] GC(600)   Evacuate Collection Set: 0.5ms
[358.887s][info][gc,phases      ] GC(600)   Post Evacuate Collection Set: 1.5ms
[358.887s][info][gc,phases      ] GC(600)   Other: 0.2ms
[358.887s][info][gc,heap        ] GC(600) Eden regions: 8->0(25)
[358.887s][info][gc,heap        ] GC(600) Survivor regions: 0->0(0)
[358.887s][info][gc,heap        ] GC(600) Old regions: 491->499
[358.887s][info][gc,heap        ] GC(600) Archive regions: 2->2
[358.887s][info][gc,heap        ] GC(600) Humongous regions: 11->11
[358.887s][info][gc,metaspace   ] GC(600) Metaspace: 48597K(50128K)->48597K(50128K) NonClass: 42758K(43856K)->42758K(43856K) Class: 5838K(6272K)->5838K(6272K)
[358.887s][info][gc             ] GC(600) Pause Young (Normal) (G1 Evacuation Pause) 507M->507M(512M) 2.358ms
[358.887s][info][gc,cpu         ] GC(600) User=0.01s Sys=0.01s Real=0.01s
[358.887s][info][gc,ergo        ] Attempting maximally compacting collection
[358.887s][info][gc,task        ] GC(601) Using 8 workers of 8 for full compaction
[358.887s][info][gc,start       ] GC(601) Pause Full (G1 Evacuation Pause)
[358.887s][info][gc,phases,start] GC(601) Phase 1: Mark live objects
[359.187s][info][gc,phases      ] GC(601) Phase 1: Mark live objects 300.475ms
[359.187s][info][gc,phases,start] GC(601) Phase 2: Prepare for compaction
[359.224s][info][gc,phases      ] GC(601) Phase 2: Prepare for compaction 36.379ms
[359.224s][info][gc,phases,start] GC(601) Phase 3: Adjust pointers
[359.318s][info][gc,phases      ] GC(601) Phase 3: Adjust pointers 94.436ms
[359.318s][info][gc,phases,start] GC(601) Phase 4: Compact heap
[359.369s][info][gc,phases      ] GC(601) Phase 4: Compact heap 50.865ms
[359.375s][info][gc,heap        ] GC(601) Eden regions: 0->0(25)
[359.375s][info][gc,heap        ] GC(601) Survivor regions: 0->0(0)
[359.375s][info][gc,heap        ] GC(601) Old regions: 499->493
[359.375s][info][gc,heap        ] GC(601) Archive regions: 2->2
[359.375s][info][gc,heap        ] GC(601) Humongous regions: 11->11
[359.375s][info][gc,metaspace   ] GC(601) Metaspace: 48597K(50128K)->48499K(50128K) NonClass: 42758K(43856K)->42675K(43856K) Class: 5838K(6272K)->5824K(6272K)
[359.375s][info][gc             ] GC(601) Pause Full (G1 Evacuation Pause) 507M->499M(512M) 488.088ms
[359.376s][info][gc,cpu         ] GC(601) User=2.49s Sys=0.05s Real=0.49s
[359.413s][info][gc,start       ] GC(602) Pause Young (Concurrent Start) (G1 Evacuation Pause)
[359.413s][info][gc,task        ] GC(602) Using 8 workers of 8 for evacuation
[359.415s][info][gc             ] GC(602) To-space exhausted
[359.415s][info][gc,phases      ] GC(602)   Pre Evacuate Collection Set: 0.2ms
[359.415s][info][gc,phases      ] GC(602)   Merge Heap Roots: 0.0ms
[359.415s][info][gc,phases      ] GC(602)   Evacuate Collection Set: 0.9ms
[359.415s][info][gc,phases      ] GC(602)   Post Evacuate Collection Set: 1.4ms
[359.415s][info][gc,phases      ] GC(602)   Other: 0.3ms
[359.416s][info][gc,heap        ] GC(602) Eden regions: 6->0(25)
[359.416s][info][gc,heap        ] GC(602) Survivor regions: 0->0(0)
[359.416s][info][gc,heap        ] GC(602) Old regions: 493->499
[359.416s][info][gc,heap        ] GC(602) Archive regions: 2->2
[359.416s][info][gc,heap        ] GC(602) Humongous regions: 11->11
[359.416s][info][gc,metaspace   ] GC(602) Metaspace: 48622K(50128K)->48622K(50128K) NonClass: 42781K(43856K)->42781K(43856K) Class: 5841K(6272K)->5841K(6272K)
[359.416s][info][gc             ] GC(602) Pause Young (Concurrent Start) (G1 Evacuation Pause) 505M->505M(512M) 2.978ms
[359.416s][info][gc,cpu         ] GC(602) User=0.01s Sys=0.00s Real=0.01s
[359.416s][info][gc,ergo        ] Attempting maximally compacting collection
[359.416s][info][gc             ] GC(603) Concurrent Cycle
[359.416s][info][gc,task        ] GC(604) Using 8 workers of 8 for full compaction
[359.416s][info][gc,marking     ] GC(603) Concurrent Clear Claimed Marks
[359.416s][info][gc,start       ] GC(604) Pause Full (G1 Evacuation Pause)
[359.416s][info][gc,marking     ] GC(603) Concurrent Clear Claimed Marks 0.063ms
[359.416s][info][gc,marking     ] GC(603) Concurrent Scan Root Regions
[359.416s][info][gc,marking     ] GC(603) Concurrent Scan Root Regions 0.008ms
[359.416s][info][gc,marking     ] GC(603) Concurrent Mark (359.416s)
[359.416s][info][gc,marking     ] GC(603) Concurrent Mark From Roots
[359.416s][info][gc,task        ] GC(603) Using 2 workers of 2 for marking
[359.417s][info][gc,phases,start] GC(604) Phase 1: Mark live objects
[359.797s][info][gc,phases      ] GC(604) Phase 1: Mark live objects 380.121ms
[359.797s][info][gc,phases,start] GC(604) Phase 2: Prepare for compaction
[359.836s][info][gc,phases      ] GC(604) Phase 2: Prepare for compaction 39.556ms
[359.836s][info][gc,phases,start] GC(604) Phase 3: Adjust pointers
[359.928s][info][gc,phases      ] GC(604) Phase 3: Adjust pointers 91.940ms
[359.928s][info][gc,phases,start] GC(604) Phase 4: Compact heap
[359.964s][info][gc,phases      ] GC(604) Phase 4: Compact heap 36.090ms
[359.969s][info][gc,heap        ] GC(604) Eden regions: 0->0(25)
[359.969s][info][gc,heap        ] GC(604) Survivor regions: 0->0(0)
[359.969s][info][gc,heap        ] GC(604) Old regions: 499->490
[359.969s][info][gc,heap        ] GC(604) Archive regions: 2->2
[359.969s][info][gc,heap        ] GC(604) Humongous regions: 11->11
[359.969s][info][gc,metaspace   ] GC(604) Metaspace: 48622K(50128K)->48537K(50128K) NonClass: 42781K(43856K)->42707K(43856K) Class: 5841K(6272K)->5829K(6272K)
[359.969s][info][gc             ] GC(604) Pause Full (G1 Evacuation Pause) 505M->499M(512M) 552.882ms
[359.971s][info][gc,cpu         ] GC(604) User=2.49s Sys=0.05s Real=0.55s
[359.971s][info][gc,marking     ] GC(603) Concurrent Mark From Roots 555.501ms
[359.971s][info][gc,marking     ] GC(603) Concurrent Mark Abort
[359.971s][info][gc             ] GC(603) Concurrent Cycle 555.687ms
[360.020s][info][gc,start       ] GC(605) Pause Young (Normal) (G1 Evacuation Pause)
[360.020s][info][gc,task        ] GC(605) Using 8 workers of 8 for evacuation
[360.023s][info][gc             ] GC(605) To-space exhausted
[360.023s][info][gc,phases      ] GC(605)   Pre Evacuate Collection Set: 0.1ms
[360.023s][info][gc,phases      ] GC(605)   Merge Heap Roots: 0.0ms
[360.023s][info][gc,phases      ] GC(605)   Evacuate Collection Set: 0.6ms
[360.023s][info][gc,phases      ] GC(605)   Post Evacuate Collection Set: 2.1ms
[360.023s][info][gc,phases      ] GC(605)   Other: 0.2ms
[360.023s][info][gc,heap        ] GC(605) Eden regions: 9->0(25)
[360.023s][info][gc,heap        ] GC(605) Survivor regions: 0->0(0)
[360.023s][info][gc,heap        ] GC(605) Old regions: 490->499
[360.023s][info][gc,heap        ] GC(605) Archive regions: 2->2
[360.023s][info][gc,heap        ] GC(605) Humongous regions: 11->11
[360.023s][info][gc,metaspace   ] GC(605) Metaspace: 48619K(50128K)->48619K(50128K) NonClass: 42778K(43856K)->42778K(43856K) Class: 5841K(6272K)->5841K(6272K)
[360.023s][info][gc             ] GC(605) Pause Young (Normal) (G1 Evacuation Pause) 508M->508M(512M) 3.068ms
[360.023s][info][gc,cpu         ] GC(605) User=0.01s Sys=0.00s Real=0.00s
[360.023s][info][gc,ergo        ] Attempting maximally compacting collection
[360.023s][info][gc,task        ] GC(606) Using 8 workers of 8 for full compaction
[360.023s][info][gc,start       ] GC(606) Pause Full (G1 Evacuation Pause)
[360.023s][info][gc,phases,start] GC(606) Phase 1: Mark live objects
[360.344s][info][gc,phases      ] GC(606) Phase 1: Mark live objects 321.238ms
[360.344s][info][gc,phases,start] GC(606) Phase 2: Prepare for compaction
[360.384s][info][gc,phases      ] GC(606) Phase 2: Prepare for compaction 39.820ms
[360.384s][info][gc,phases,start] GC(606) Phase 3: Adjust pointers
[360.477s][info][gc,phases      ] GC(606) Phase 3: Adjust pointers 92.701ms
[360.477s][info][gc,phases,start] GC(606) Phase 4: Compact heap
[360.513s][info][gc,phases      ] GC(606) Phase 4: Compact heap 35.754ms
[360.516s][info][gc,heap        ] GC(606) Eden regions: 0->0(25)
[360.516s][info][gc,heap        ] GC(606) Survivor regions: 0->0(0)
[360.516s][info][gc,heap        ] GC(606) Old regions: 499->492
[360.516s][info][gc,heap        ] GC(606) Archive regions: 2->2
[360.516s][info][gc,heap        ] GC(606) Humongous regions: 11->11
[360.516s][info][gc,metaspace   ] GC(606) Metaspace: 48619K(50128K)->48531K(50128K) NonClass: 42778K(43856K)->42702K(43856K) Class: 5841K(6272K)->5828K(6272K)
[360.516s][info][gc             ] GC(606) Pause Full (G1 Evacuation Pause) 508M->499M(512M) 493.563ms
[360.518s][info][gc,cpu         ] GC(606) User=2.51s Sys=0.05s Real=0.50s
[360.563s][info][gc,start       ] GC(607) Pause Young (Concurrent Start) (G1 Evacuation Pause)
[360.563s][info][gc,task        ] GC(607) Using 8 workers of 8 for evacuation
[360.566s][info][gc             ] GC(607) To-space exhausted
[360.566s][info][gc,phases      ] GC(607)   Pre Evacuate Collection Set: 0.1ms
[360.566s][info][gc,phases      ] GC(607)   Merge Heap Roots: 0.0ms
[360.566s][info][gc,phases      ] GC(607)   Evacuate Collection Set: 0.9ms
[360.566s][info][gc,phases      ] GC(607)   Post Evacuate Collection Set: 1.6ms
[360.566s][info][gc,phases      ] GC(607)   Other: 0.2ms
[360.566s][info][gc,heap        ] GC(607) Eden regions: 7->0(25)
[360.566s][info][gc,heap        ] GC(607) Survivor regions: 0->0(0)
[360.566s][info][gc,heap        ] GC(607) Old regions: 492->499
[360.566s][info][gc,heap        ] GC(607) Archive regions: 2->2
[360.566s][info][gc,heap        ] GC(607) Humongous regions: 11->11
[360.566s][info][gc,metaspace   ] GC(607) Metaspace: 48606K(50128K)->48606K(50128K) NonClass: 42768K(43856K)->42768K(43856K) Class: 5838K(6272K)->5838K(6272K)
[360.566s][info][gc             ] GC(607) Pause Young (Concurrent Start) (G1 Evacuation Pause) 506M->506M(512M) 2.934ms
[360.566s][info][gc,cpu         ] GC(607) User=0.01s Sys=0.00s Real=0.01s
[360.566s][info][gc,ergo        ] Attempting maximally compacting collection
[360.566s][info][gc             ] GC(608) Concurrent Cycle
[360.566s][info][gc,task        ] GC(609) Using 8 workers of 8 for full compaction
[360.566s][info][gc,marking     ] GC(608) Concurrent Clear Claimed Marks
[360.566s][info][gc,start       ] GC(609) Pause Full (G1 Evacuation Pause)
[360.566s][info][gc,marking     ] GC(608) Concurrent Clear Claimed Marks 0.098ms
[360.566s][info][gc,marking     ] GC(608) Concurrent Scan Root Regions
[360.566s][info][gc,marking     ] GC(608) Concurrent Scan Root Regions 0.009ms
[360.566s][info][gc,marking     ] GC(608) Concurrent Mark (360.566s)
[360.566s][info][gc,marking     ] GC(608) Concurrent Mark From Roots
[360.566s][info][gc,task        ] GC(608) Using 2 workers of 2 for marking
[360.567s][info][gc,phases,start] GC(609) Phase 1: Mark live objects
[360.866s][info][gc,phases      ] GC(609) Phase 1: Mark live objects 299.187ms
[360.866s][info][gc,phases,start] GC(609) Phase 2: Prepare for compaction
[360.904s][info][gc,phases      ] GC(609) Phase 2: Prepare for compaction 37.281ms
[360.904s][info][gc,phases,start] GC(609) Phase 3: Adjust pointers
[360.999s][info][gc,phases      ] GC(609) Phase 3: Adjust pointers 95.694ms
[360.999s][info][gc,phases,start] GC(609) Phase 4: Compact heap
[361.036s][info][gc,phases      ] GC(609) Phase 4: Compact heap 36.329ms
[361.042s][info][gc,heap        ] GC(609) Eden regions: 0->0(25)
[361.042s][info][gc,heap        ] GC(609) Survivor regions: 0->0(0)
[361.042s][info][gc,heap        ] GC(609) Old regions: 499->493
[361.042s][info][gc,heap        ] GC(609) Archive regions: 2->2
[361.042s][info][gc,heap        ] GC(609) Humongous regions: 11->11
[361.042s][info][gc,metaspace   ] GC(609) Metaspace: 48606K(50128K)->48509K(50128K) NonClass: 42768K(43856K)->42685K(43856K) Class: 5838K(6272K)->5824K(6272K)
[361.042s][info][gc             ] GC(609) Pause Full (G1 Evacuation Pause) 506M->499M(512M) 475.448ms
[361.044s][info][gc,cpu         ] GC(609) User=2.50s Sys=0.05s Real=0.47s
[361.045s][info][gc,marking     ] GC(608) Concurrent Mark From Roots 478.127ms
[361.045s][info][gc,marking     ] GC(608) Concurrent Mark Abort
[361.045s][info][gc             ] GC(608) Concurrent Cycle 478.323ms
[361.068s][info][gc,start       ] GC(610) Pause Young (Normal) (G1 Evacuation Pause)
[361.068s][info][gc,task        ] GC(610) Using 8 workers of 8 for evacuation
[361.071s][info][gc             ] GC(610) To-space exhausted
[361.071s][info][gc,phases      ] GC(610)   Pre Evacuate Collection Set: 0.1ms
[361.071s][info][gc,phases      ] GC(610)   Merge Heap Roots: 0.1ms
[361.071s][info][gc,phases      ] GC(610)   Evacuate Collection Set: 0.7ms
[361.071s][info][gc,phases      ] GC(610)   Post Evacuate Collection Set: 1.7ms
[361.071s][info][gc,phases      ] GC(610)   Other: 0.2ms
[361.071s][info][gc,heap        ] GC(610) Eden regions: 6->0(25)
[361.071s][info][gc,heap        ] GC(610) Survivor regions: 0->0(0)
[361.071s][info][gc,heap        ] GC(610) Old regions: 493->499
[361.071s][info][gc,heap        ] GC(610) Archive regions: 2->2
[361.071s][info][gc,heap        ] GC(610) Humongous regions: 11->11
[361.071s][info][gc,metaspace   ] GC(610) Metaspace: 48623K(50128K)->48623K(50128K) NonClass: 42782K(43856K)->42782K(43856K) Class: 5841K(6272K)->5841K(6272K)
[361.071s][info][gc             ] GC(610) Pause Young (Normal) (G1 Evacuation Pause) 505M->505M(512M) 2.843ms
[361.071s][info][gc,cpu         ] GC(610) User=0.00s Sys=0.00s Real=0.00s
[361.071s][info][gc,ergo        ] Attempting maximally compacting collection
[361.071s][info][gc,task        ] GC(611) Using 8 workers of 8 for full compaction
[361.071s][info][gc,start       ] GC(611) Pause Full (G1 Evacuation Pause)
[361.071s][info][gc,phases,start] GC(611) Phase 1: Mark live objects
[361.367s][info][gc,phases      ] GC(611) Phase 1: Mark live objects 295.671ms
[361.367s][info][gc,phases,start] GC(611) Phase 2: Prepare for compaction
[361.406s][info][gc,phases      ] GC(611) Phase 2: Prepare for compaction 39.504ms
[361.406s][info][gc,phases,start] GC(611) Phase 3: Adjust pointers
[361.502s][info][gc,phases      ] GC(611) Phase 3: Adjust pointers 95.904ms
[361.502s][info][gc,phases,start] GC(611) Phase 4: Compact heap
[361.540s][info][gc,phases      ] GC(611) Phase 4: Compact heap 38.125ms
[361.544s][info][gc,heap        ] GC(611) Eden regions: 0->0(25)
[361.544s][info][gc,heap        ] GC(611) Survivor regions: 0->0(0)
[361.544s][info][gc,heap        ] GC(611) Old regions: 499->492
[361.544s][info][gc,heap        ] GC(611) Archive regions: 2->2
[361.544s][info][gc,heap        ] GC(611) Humongous regions: 11->11
[361.544s][info][gc,metaspace   ] GC(611) Metaspace: 48623K(50128K)->48598K(50128K) NonClass: 42782K(43856K)->42761K(43856K) Class: 5841K(6272K)->5837K(6272K)
[361.544s][info][gc             ] GC(611) Pause Full (G1 Evacuation Pause) 505M->500M(512M) 473.336ms
[361.546s][info][gc,cpu         ] GC(611) User=2.50s Sys=0.05s Real=0.48s
[361.588s][info][gc,start       ] GC(612) Pause Young (Concurrent Start) (G1 Evacuation Pause)
[361.588s][info][gc,task        ] GC(612) Using 8 workers of 8 for evacuation
[361.591s][info][gc             ] GC(612) To-space exhausted
[361.591s][info][gc,phases      ] GC(612)   Pre Evacuate Collection Set: 0.2ms
[361.591s][info][gc,phases      ] GC(612)   Merge Heap Roots: 0.2ms
[361.591s][info][gc,phases      ] GC(612)   Evacuate Collection Set: 1.3ms
[361.591s][info][gc,phases      ] GC(612)   Post Evacuate Collection Set: 1.6ms
[361.591s][info][gc,phases      ] GC(612)   Other: 0.2ms
[361.591s][info][gc,heap        ] GC(612) Eden regions: 7->0(25)
[361.591s][info][gc,heap        ] GC(612) Survivor regions: 0->0(0)
[361.591s][info][gc,heap        ] GC(612) Old regions: 492->499
[361.591s][info][gc,heap        ] GC(612) Archive regions: 2->2
[361.591s][info][gc,heap        ] GC(612) Humongous regions: 11->11
[361.591s][info][gc,metaspace   ] GC(612) Metaspace: 48635K(50128K)->48635K(50128K) NonClass: 42794K(43856K)->42794K(43856K) Class: 5841K(6272K)->5841K(6272K)
[361.591s][info][gc             ] GC(612) Pause Young (Concurrent Start) (G1 Evacuation Pause) 507M->507M(512M) 3.560ms
[361.591s][info][gc,cpu         ] GC(612) User=0.00s Sys=0.00s Real=0.00s
[361.591s][info][gc,ergo        ] Attempting maximally compacting collection
[361.591s][info][gc             ] GC(613) Concurrent Cycle
[361.591s][info][gc,marking     ] GC(613) Concurrent Clear Claimed Marks
[361.591s][info][gc,task        ] GC(614) Using 8 workers of 8 for full compaction
[361.591s][info][gc,marking     ] GC(613) Concurrent Clear Claimed Marks 0.036ms
[361.591s][info][gc,marking     ] GC(613) Concurrent Scan Root Regions
[361.591s][info][gc,marking     ] GC(613) Concurrent Scan Root Regions 0.006ms
[361.591s][info][gc,start       ] GC(614) Pause Full (G1 Evacuation Pause)
[361.591s][info][gc,marking     ] GC(613) Concurrent Mark (361.591s)
[361.591s][info][gc,marking     ] GC(613) Concurrent Mark From Roots
[361.591s][info][gc,task        ] GC(613) Using 2 workers of 2 for marking
[361.592s][info][gc,phases,start] GC(614) Phase 1: Mark live objects
[361.950s][info][gc,phases      ] GC(614) Phase 1: Mark live objects 358.034ms
[361.950s][info][gc,phases,start] GC(614) Phase 2: Prepare for compaction
[361.985s][info][gc,phases      ] GC(614) Phase 2: Prepare for compaction 35.337ms
[361.986s][info][gc,phases,start] GC(614) Phase 3: Adjust pointers
[362.084s][info][gc,phases      ] GC(614) Phase 3: Adjust pointers 98.114ms
[362.084s][info][gc,phases,start] GC(614) Phase 4: Compact heap
[362.117s][info][gc,phases      ] GC(614) Phase 4: Compact heap 33.301ms
[362.121s][info][gc,heap        ] GC(614) Eden regions: 0->0(25)
[362.121s][info][gc,heap        ] GC(614) Survivor regions: 0->0(0)
[362.121s][info][gc,heap        ] GC(614) Old regions: 499->493
[362.121s][info][gc,heap        ] GC(614) Archive regions: 2->2
[362.121s][info][gc,heap        ] GC(614) Humongous regions: 11->11
[362.121s][info][gc,metaspace   ] GC(614) Metaspace: 48635K(50128K)->48515K(50128K) NonClass: 42794K(43856K)->42691K(43856K) Class: 5841K(6272K)->5824K(6272K)
[362.121s][info][gc             ] GC(614) Pause Full (G1 Evacuation Pause) 507M->500M(512M) 529.732ms
[362.123s][info][gc,cpu         ] GC(614) User=2.50s Sys=0.04s Real=0.53s
[362.123s][info][gc,marking     ] GC(613) Concurrent Mark From Roots 532.170ms
[362.123s][info][gc,marking     ] GC(613) Concurrent Mark Abort
[362.123s][info][gc             ] GC(613) Concurrent Cycle 532.329ms
[362.156s][info][gc,start       ] GC(615) Pause Young (Normal) (G1 Evacuation Pause)
[362.156s][info][gc,task        ] GC(615) Using 8 workers of 8 for evacuation
[362.158s][info][gc             ] GC(615) To-space exhausted
[362.158s][info][gc,phases      ] GC(615)   Pre Evacuate Collection Set: 0.1ms
[362.158s][info][gc,phases      ] GC(615)   Merge Heap Roots: 0.1ms
[362.158s][info][gc,phases      ] GC(615)   Evacuate Collection Set: 0.6ms
[362.158s][info][gc,phases      ] GC(615)   Post Evacuate Collection Set: 1.3ms
[362.158s][info][gc,phases      ] GC(615)   Other: 0.2ms
[362.159s][info][gc,heap        ] GC(615) Eden regions: 6->0(25)
[362.159s][info][gc,heap        ] GC(615) Survivor regions: 0->0(0)
[362.159s][info][gc,heap        ] GC(615) Old regions: 493->499
[362.159s][info][gc,heap        ] GC(615) Archive regions: 2->2
[362.159s][info][gc,heap        ] GC(615) Humongous regions: 11->11
[362.159s][info][gc,metaspace   ] GC(615) Metaspace: 48612K(50128K)->48612K(50128K) NonClass: 42774K(43856K)->42774K(43856K) Class: 5838K(6272K)->5838K(6272K)
[362.159s][info][gc             ] GC(615) Pause Young (Normal) (G1 Evacuation Pause) 506M->506M(512M) 2.266ms
[362.159s][info][gc,cpu         ] GC(615) User=0.01s Sys=0.01s Real=0.00s
[362.159s][info][gc,ergo        ] Attempting maximally compacting collection
[362.159s][info][gc,task        ] GC(616) Using 8 workers of 8 for full compaction
[362.159s][info][gc,start       ] GC(616) Pause Full (G1 Evacuation Pause)
[362.159s][info][gc,phases,start] GC(616) Phase 1: Mark live objects
[362.458s][info][gc,phases      ] GC(616) Phase 1: Mark live objects 299.126ms
[362.458s][info][gc,phases,start] GC(616) Phase 2: Prepare for compaction
[362.495s][info][gc,phases      ] GC(616) Phase 2: Prepare for compaction 36.825ms
[362.495s][info][gc,phases,start] GC(616) Phase 3: Adjust pointers
[362.599s][info][gc,phases      ] GC(616) Phase 3: Adjust pointers 104.740ms
[362.599s][info][gc,phases,start] GC(616) Phase 4: Compact heap
[362.634s][info][gc,phases      ] GC(616) Phase 4: Compact heap 34.769ms
[362.638s][info][gc,heap        ] GC(616) Eden regions: 0->0(25)
[362.638s][info][gc,heap        ] GC(616) Survivor regions: 0->0(0)
[362.638s][info][gc,heap        ] GC(616) Old regions: 499->493
[362.638s][info][gc,heap        ] GC(616) Archive regions: 2->2
[362.638s][info][gc,heap        ] GC(616) Humongous regions: 11->11
[362.638s][info][gc,metaspace   ] GC(616) Metaspace: 48612K(50128K)->48519K(50128K) NonClass: 42774K(43856K)->42694K(43856K) Class: 5838K(6272K)->5824K(6272K)
[362.638s][info][gc             ] GC(616) Pause Full (G1 Evacuation Pause) 506M->500M(512M) 479.197ms
[362.639s][info][gc,cpu         ] GC(616) User=2.50s Sys=0.04s Real=0.48s
[362.668s][info][gc,start       ] GC(617) Pause Young (Concurrent Start) (G1 Evacuation Pause)
[362.668s][info][gc,task        ] GC(617) Using 8 workers of 8 for evacuation
[362.671s][info][gc             ] GC(617) To-space exhausted
[362.671s][info][gc,phases      ] GC(617)   Pre Evacuate Collection Set: 0.2ms
[362.671s][info][gc,phases      ] GC(617)   Merge Heap Roots: 0.0ms
[362.671s][info][gc,phases      ] GC(617)   Evacuate Collection Set: 0.9ms
[362.671s][info][gc,phases      ] GC(617)   Post Evacuate Collection Set: 1.7ms
[362.671s][info][gc,phases      ] GC(617)   Other: 0.2ms
[362.671s][info][gc,heap        ] GC(617) Eden regions: 6->0(25)
[362.671s][info][gc,heap        ] GC(617) Survivor regions: 0->0(0)
[362.671s][info][gc,heap        ] GC(617) Old regions: 493->499
[362.671s][info][gc,heap        ] GC(617) Archive regions: 2->2
[362.671s][info][gc,heap        ] GC(617) Humongous regions: 11->11
[362.671s][info][gc,metaspace   ] GC(617) Metaspace: 48646K(50128K)->48646K(50128K) NonClass: 42803K(43856K)->42803K(43856K) Class: 5843K(6272K)->5843K(6272K)
[362.671s][info][gc             ] GC(617) Pause Young (Concurrent Start) (G1 Evacuation Pause) 506M->506M(512M) 3.127ms
[362.671s][info][gc,cpu         ] GC(617) User=0.01s Sys=0.00s Real=0.00s
[362.672s][info][gc             ] GC(618) Concurrent Cycle
[362.672s][info][gc,ergo        ] Attempting maximally compacting collection
[362.672s][info][gc,marking     ] GC(618) Concurrent Clear Claimed Marks
[362.672s][info][gc,task        ] GC(619) Using 8 workers of 8 for full compaction
[362.672s][info][gc,start       ] GC(619) Pause Full (G1 Evacuation Pause)
[362.672s][info][gc,marking     ] GC(618) Concurrent Clear Claimed Marks 0.159ms
[362.672s][info][gc,marking     ] GC(618) Concurrent Scan Root Regions
[362.672s][info][gc,marking     ] GC(618) Concurrent Scan Root Regions 0.014ms
[362.672s][info][gc,marking     ] GC(618) Concurrent Mark (362.672s)
[362.672s][info][gc,marking     ] GC(618) Concurrent Mark From Roots
[362.672s][info][gc,task        ] GC(618) Using 2 workers of 2 for marking
[362.673s][info][gc,phases,start] GC(619) Phase 1: Mark live objects
[362.968s][info][gc,phases      ] GC(619) Phase 1: Mark live objects 294.836ms
[362.968s][info][gc,phases,start] GC(619) Phase 2: Prepare for compaction
[363.008s][info][gc,phases      ] GC(619) Phase 2: Prepare for compaction 40.774ms
[363.008s][info][gc,phases,start] GC(619) Phase 3: Adjust pointers
[363.111s][info][gc,phases      ] GC(619) Phase 3: Adjust pointers 102.882ms
[363.111s][info][gc,phases,start] GC(619) Phase 4: Compact heap
[363.144s][info][gc,phases      ] GC(619) Phase 4: Compact heap 32.728ms
[363.147s][info][gc,heap        ] GC(619) Eden regions: 0->0(25)
[363.147s][info][gc,heap        ] GC(619) Survivor regions: 0->0(0)
[363.147s][info][gc,heap        ] GC(619) Old regions: 499->492
[363.147s][info][gc,heap        ] GC(619) Archive regions: 2->2
[363.147s][info][gc,heap        ] GC(619) Humongous regions: 11->11
[363.147s][info][gc,metaspace   ] GC(619) Metaspace: 48646K(50128K)->48568K(50128K) NonClass: 42803K(43856K)->42736K(43856K) Class: 5843K(6272K)->5831K(6272K)
[363.147s][info][gc             ] GC(619) Pause Full (G1 Evacuation Pause) 506M->500M(512M) 475.783ms
[363.149s][info][gc,cpu         ] GC(619) User=2.49s Sys=0.04s Real=0.48s
[363.150s][info][gc,marking     ] GC(618) Concurrent Mark From Roots 477.872ms
[363.150s][info][gc,marking     ] GC(618) Concurrent Mark Abort
[363.150s][info][gc             ] GC(618) Concurrent Cycle 478.165ms
[363.194s][info][gc,start       ] GC(620) Pause Young (Normal) (G1 Evacuation Pause)
[363.194s][info][gc,task        ] GC(620) Using 8 workers of 8 for evacuation
[363.198s][info][gc             ] GC(620) To-space exhausted
[363.198s][info][gc,phases      ] GC(620)   Pre Evacuate Collection Set: 0.1ms
[363.198s][info][gc,phases      ] GC(620)   Merge Heap Roots: 0.0ms
[363.198s][info][gc,phases      ] GC(620)   Evacuate Collection Set: 1.0ms
[363.198s][info][gc,phases      ] GC(620)   Post Evacuate Collection Set: 2.0ms
[363.198s][info][gc,phases      ] GC(620)   Other: 0.3ms
[363.198s][info][gc,heap        ] GC(620) Eden regions: 7->0(25)
[363.198s][info][gc,heap        ] GC(620) Survivor regions: 0->0(0)
[363.198s][info][gc,heap        ] GC(620) Old regions: 492->499
[363.198s][info][gc,heap        ] GC(620) Archive regions: 2->2
[363.198s][info][gc,heap        ] GC(620) Humongous regions: 11->11
[363.198s][info][gc,metaspace   ] GC(620) Metaspace: 48628K(50128K)->48628K(50128K) NonClass: 42789K(43856K)->42789K(43856K) Class: 5839K(6272K)->5839K(6272K)
[363.198s][info][gc             ] GC(620) Pause Young (Normal) (G1 Evacuation Pause) 507M->507M(512M) 3.471ms
[363.198s][info][gc,cpu         ] GC(620) User=0.02s Sys=0.00s Real=0.01s
[363.198s][info][gc,ergo        ] Attempting maximally compacting collection
[363.198s][info][gc,task        ] GC(621) Using 8 workers of 8 for full compaction
[363.198s][info][gc,start       ] GC(621) Pause Full (G1 Evacuation Pause)
[363.198s][info][gc,phases,start] GC(621) Phase 1: Mark live objects
[363.489s][info][gc,phases      ] GC(621) Phase 1: Mark live objects 290.929ms
[363.489s][info][gc,phases,start] GC(621) Phase 2: Prepare for compaction
[363.527s][info][gc,phases      ] GC(621) Phase 2: Prepare for compaction 38.491ms
[363.527s][info][gc,phases,start] GC(621) Phase 3: Adjust pointers
[363.624s][info][gc,phases      ] GC(621) Phase 3: Adjust pointers 96.194ms
[363.624s][info][gc,phases,start] GC(621) Phase 4: Compact heap
[363.661s][info][gc,phases      ] GC(621) Phase 4: Compact heap 37.324ms
[363.665s][info][gc,heap        ] GC(621) Eden regions: 0->0(25)
[363.665s][info][gc,heap        ] GC(621) Survivor regions: 0->0(0)
[363.665s][info][gc,heap        ] GC(621) Old regions: 499->493
[363.665s][info][gc,heap        ] GC(621) Archive regions: 2->2
[363.665s][info][gc,heap        ] GC(621) Humongous regions: 11->11
[363.665s][info][gc,metaspace   ] GC(621) Metaspace: 48628K(50128K)->48526K(50128K) NonClass: 42789K(43856K)->42702K(43856K) Class: 5839K(6272K)->5824K(6272K)
[363.665s][info][gc             ] GC(621) Pause Full (G1 Evacuation Pause) 507M->500M(512M) 467.392ms
[363.667s][info][gc,cpu         ] GC(621) User=2.51s Sys=0.04s Real=0.47s
[363.701s][info][gc,start       ] GC(622) Pause Young (Concurrent Start) (G1 Evacuation Pause)
[363.701s][info][gc,task        ] GC(622) Using 8 workers of 8 for evacuation
[363.705s][info][gc             ] GC(622) To-space exhausted
[363.705s][info][gc,phases      ] GC(622)   Pre Evacuate Collection Set: 0.1ms
[363.705s][info][gc,phases      ] GC(622)   Merge Heap Roots: 0.1ms
[363.705s][info][gc,phases      ] GC(622)   Evacuate Collection Set: 0.9ms
[363.705s][info][gc,phases      ] GC(622)   Post Evacuate Collection Set: 3.0ms
[363.705s][info][gc,phases      ] GC(622)   Other: 0.3ms
[363.705s][info][gc,heap        ] GC(622) Eden regions: 6->0(25)
[363.705s][info][gc,heap        ] GC(622) Survivor regions: 0->0(0)
[363.705s][info][gc,heap        ] GC(622) Old regions: 493->499
[363.705s][info][gc,heap        ] GC(622) Archive regions: 2->2
[363.705s][info][gc,heap        ] GC(622) Humongous regions: 11->11
[363.705s][info][gc,metaspace   ] GC(622) Metaspace: 48651K(50128K)->48651K(50128K) NonClass: 42809K(43856K)->42809K(43856K) Class: 5842K(6272K)->5842K(6272K)
[363.705s][info][gc             ] GC(622) Pause Young (Concurrent Start) (G1 Evacuation Pause) 506M->506M(512M) 4.466ms
[363.705s][info][gc,cpu         ] GC(622) User=0.01s Sys=0.01s Real=0.00s
[363.705s][info][gc,ergo        ] Attempting maximally compacting collection
[363.705s][info][gc             ] GC(623) Concurrent Cycle
[363.705s][info][gc,task        ] GC(624) Using 8 workers of 8 for full compaction
[363.705s][info][gc,marking     ] GC(623) Concurrent Clear Claimed Marks
[363.705s][info][gc,start       ] GC(624) Pause Full (G1 Evacuation Pause)
[363.705s][info][gc,marking     ] GC(623) Concurrent Clear Claimed Marks 0.110ms
[363.705s][info][gc,marking     ] GC(623) Concurrent Scan Root Regions
[363.705s][info][gc,marking     ] GC(623) Concurrent Scan Root Regions 0.008ms
[363.705s][info][gc,marking     ] GC(623) Concurrent Mark (363.705s)
[363.705s][info][gc,marking     ] GC(623) Concurrent Mark From Roots
[363.705s][info][gc,task        ] GC(623) Using 2 workers of 2 for marking
[363.706s][info][gc,phases,start] GC(624) Phase 1: Mark live objects
[364.034s][info][gc,phases      ] GC(624) Phase 1: Mark live objects 328.077ms
[364.034s][info][gc,phases,start] GC(624) Phase 2: Prepare for compaction
[364.095s][info][gc,phases      ] GC(624) Phase 2: Prepare for compaction 61.151ms
[364.096s][info][gc,phases,start] GC(624) Phase 3: Adjust pointers
[364.192s][info][gc,phases      ] GC(624) Phase 3: Adjust pointers 96.502ms
[364.192s][info][gc,phases,start] GC(624) Phase 4: Compact heap
[364.237s][info][gc,phases      ] GC(624) Phase 4: Compact heap 44.505ms
[364.241s][info][gc,heap        ] GC(624) Eden regions: 0->0(25)
[364.241s][info][gc,heap        ] GC(624) Survivor regions: 0->0(0)
[364.241s][info][gc,heap        ] GC(624) Old regions: 499->494
[364.241s][info][gc,heap        ] GC(624) Archive regions: 2->2
[364.241s][info][gc,heap        ] GC(624) Humongous regions: 11->11
[364.241s][info][gc,metaspace   ] GC(624) Metaspace: 48651K(50128K)->48585K(50128K) NonClass: 42809K(43856K)->42752K(43856K) Class: 5842K(6272K)->5832K(6272K)
[364.241s][info][gc             ] GC(624) Pause Full (G1 Evacuation Pause) 506M->500M(512M) 535.900ms
[364.242s][info][gc,cpu         ] GC(624) User=2.58s Sys=0.05s Real=0.54s
[364.243s][info][gc,marking     ] GC(623) Concurrent Mark From Roots 537.141ms
[364.243s][info][gc,marking     ] GC(623) Concurrent Mark Abort
[364.243s][info][gc             ] GC(623) Concurrent Cycle 537.354ms
[364.269s][info][gc,start       ] GC(625) Pause Young (Normal) (G1 Evacuation Pause)
[364.269s][info][gc,task        ] GC(625) Using 8 workers of 8 for evacuation
[364.271s][info][gc             ] GC(625) To-space exhausted
[364.271s][info][gc,phases      ] GC(625)   Pre Evacuate Collection Set: 0.1ms
[364.271s][info][gc,phases      ] GC(625)   Merge Heap Roots: 0.1ms
[364.271s][info][gc,phases      ] GC(625)   Evacuate Collection Set: 0.8ms
[364.271s][info][gc,phases      ] GC(625)   Post Evacuate Collection Set: 1.6ms
[364.271s][info][gc,phases      ] GC(625)   Other: 0.3ms
[364.271s][info][gc,heap        ] GC(625) Eden regions: 5->0(25)
[364.271s][info][gc,heap        ] GC(625) Survivor regions: 0->0(0)
[364.271s][info][gc,heap        ] GC(625) Old regions: 494->499
[364.271s][info][gc,heap        ] GC(625) Archive regions: 2->2
[364.271s][info][gc,heap        ] GC(625) Humongous regions: 11->11
[364.271s][info][gc,metaspace   ] GC(625) Metaspace: 48654K(50128K)->48654K(50128K) NonClass: 42813K(43856K)->42813K(43856K) Class: 5841K(6272K)->5841K(6272K)
[364.271s][info][gc             ] GC(625) Pause Young (Normal) (G1 Evacuation Pause) 505M->505M(512M) 2.854ms
[364.271s][info][gc,cpu         ] GC(625) User=0.01s Sys=0.00s Real=0.00s
[364.271s][info][gc,ergo        ] Attempting maximally compacting collection
[364.271s][info][gc,task        ] GC(626) Using 8 workers of 8 for full compaction
[364.272s][info][gc,start       ] GC(626) Pause Full (G1 Evacuation Pause)
[364.272s][info][gc,phases,start] GC(626) Phase 1: Mark live objects
[364.575s][info][gc,phases      ] GC(626) Phase 1: Mark live objects 302.961ms
[364.575s][info][gc,phases,start] GC(626) Phase 2: Prepare for compaction
[364.623s][info][gc,phases      ] GC(626) Phase 2: Prepare for compaction 48.715ms
[364.623s][info][gc,phases,start] GC(626) Phase 3: Adjust pointers
[364.780s][info][gc,phases      ] GC(626) Phase 3: Adjust pointers 156.903ms
[364.780s][info][gc,phases,start] GC(626) Phase 4: Compact heap
[364.812s][info][gc,phases      ] GC(626) Phase 4: Compact heap 31.826ms
[364.816s][info][gc,heap        ] GC(626) Eden regions: 0->0(25)
[364.816s][info][gc,heap        ] GC(626) Survivor regions: 0->0(0)
[364.816s][info][gc,heap        ] GC(626) Old regions: 499->492
[364.816s][info][gc,heap        ] GC(626) Archive regions: 2->2
[364.816s][info][gc,heap        ] GC(626) Humongous regions: 11->11
[364.816s][info][gc,metaspace   ] GC(626) Metaspace: 48654K(50128K)->48541K(50128K) NonClass: 42813K(43856K)->42716K(43856K) Class: 5841K(6272K)->5825K(6272K)
[364.816s][info][gc             ] GC(626) Pause Full (G1 Evacuation Pause) 505M->501M(512M) 544.627ms
[364.818s][info][gc,cpu         ] GC(626) User=2.49s Sys=0.06s Real=0.55s
[364.872s][info][gc,start       ] GC(627) Pause Young (Concurrent Start) (G1 Evacuation Pause)
[364.872s][info][gc,task        ] GC(627) Using 8 workers of 8 for evacuation
[364.879s][info][gc             ] GC(627) To-space exhausted
[364.879s][info][gc,phases      ] GC(627)   Pre Evacuate Collection Set: 0.7ms
[364.879s][info][gc,phases      ] GC(627)   Merge Heap Roots: 0.2ms
[364.879s][info][gc,phases      ] GC(627)   Evacuate Collection Set: 1.5ms
[364.879s][info][gc,phases      ] GC(627)   Post Evacuate Collection Set: 3.8ms
[364.879s][info][gc,phases      ] GC(627)   Other: 0.3ms
[364.879s][info][gc,heap        ] GC(627) Eden regions: 7->0(25)
[364.879s][info][gc,heap        ] GC(627) Survivor regions: 0->0(0)
[364.879s][info][gc,heap        ] GC(627) Old regions: 492->499
[364.879s][info][gc,heap        ] GC(627) Archive regions: 2->2
[364.879s][info][gc,heap        ] GC(627) Humongous regions: 11->11
[364.879s][info][gc,metaspace   ] GC(627) Metaspace: 48662K(50128K)->48662K(50128K) NonClass: 42821K(43856K)->42821K(43856K) Class: 5841K(6272K)->5841K(6272K)
[364.879s][info][gc             ] GC(627) Pause Young (Concurrent Start) (G1 Evacuation Pause) 508M->508M(512M) 6.585ms
[364.879s][info][gc,cpu         ] GC(627) User=0.01s Sys=0.00s Real=0.01s
[364.879s][info][gc,ergo        ] Attempting maximally compacting collection
[364.879s][info][gc             ] GC(628) Concurrent Cycle
[364.879s][info][gc,task        ] GC(628) Using 8 workers of 8 for full compaction
[364.879s][info][gc,marking     ] GC(628) Concurrent Clear Claimed Marks
[364.879s][info][gc,start       ] GC(628) Pause Full (G1 Evacuation Pause)
[364.879s][info][gc,marking     ] GC(628) Concurrent Clear Claimed Marks 0.082ms
[364.879s][info][gc,marking     ] GC(628) Concurrent Scan Root Regions
[364.879s][info][gc,marking     ] GC(628) Concurrent Scan Root Regions 0.011ms
[364.879s][info][gc,marking     ] GC(628) Concurrent Mark (364.879s)
[364.879s][info][gc,marking     ] GC(628) Concurrent Mark From Roots
[364.879s][info][gc,task        ] GC(628) Using 2 workers of 2 for marking
[364.880s][info][gc,phases,start] GC(628) Phase 1: Mark live objects
[365.221s][info][gc,phases      ] GC(628) Phase 1: Mark live objects 341.315ms
[365.221s][info][gc,phases,start] GC(628) Phase 2: Prepare for compaction
[365.262s][info][gc,phases      ] GC(628) Phase 2: Prepare for compaction 40.414ms
[365.262s][info][gc,phases,start] GC(628) Phase 3: Adjust pointers
[365.361s][info][gc,phases      ] GC(628) Phase 3: Adjust pointers 99.703ms
[365.361s][info][gc,phases,start] GC(628) Phase 4: Compact heap
[365.398s][info][gc,phases      ] GC(628) Phase 4: Compact heap 36.145ms
[365.402s][info][gc,heap        ] GC(628) Eden regions: 0->0(25)
[365.402s][info][gc,heap        ] GC(628) Survivor regions: 0->0(0)
[365.402s][info][gc,heap        ] GC(628) Old regions: 499->492
[365.402s][info][gc,heap        ] GC(628) Archive regions: 2->2
[365.402s][info][gc,heap        ] GC(628) Humongous regions: 11->11
[365.402s][info][gc,metaspace   ] GC(628) Metaspace: 48662K(50128K)->48561K(50128K) NonClass: 42821K(43856K)->42735K(43856K) Class: 5841K(6272K)->5826K(6272K)
[365.402s][info][gc             ] GC(628) Pause Full (G1 Evacuation Pause) 508M->501M(512M) 522.665ms
[365.403s][info][gc,cpu         ] GC(628) User=2.51s Sys=0.04s Real=0.52s
[365.403s][info][gc,marking     ] GC(628) Concurrent Mark From Roots 523.802ms
[365.403s][info][gc,marking     ] GC(628) Concurrent Mark Abort
[365.403s][info][gc             ] GC(628) Concurrent Cycle 524.029ms
[365.439s][info][gc,start       ] GC(629) Pause Young (Normal) (G1 Evacuation Pause)
[365.439s][info][gc,task        ] GC(629) Using 8 workers of 8 for evacuation
[365.441s][info][gc             ] GC(629) To-space exhausted
[365.441s][info][gc,phases      ] GC(629)   Pre Evacuate Collection Set: 0.1ms
[365.441s][info][gc,phases      ] GC(629)   Merge Heap Roots: 0.0ms
[365.441s][info][gc,phases      ] GC(629)   Evacuate Collection Set: 0.6ms
[365.441s][info][gc,phases      ] GC(629)   Post Evacuate Collection Set: 1.3ms
[365.441s][info][gc,phases      ] GC(629)   Other: 0.3ms
[365.441s][info][gc,heap        ] GC(629) Eden regions: 7->0(25)
[365.441s][info][gc,heap        ] GC(629) Survivor regions: 0->0(0)
[365.441s][info][gc,heap        ] GC(629) Old regions: 492->499
[365.441s][info][gc,heap        ] GC(629) Archive regions: 2->2
[365.441s][info][gc,heap        ] GC(629) Humongous regions: 11->11
[365.441s][info][gc,metaspace   ] GC(629) Metaspace: 48644K(50128K)->48644K(50128K) NonClass: 42805K(43856K)->42805K(43856K) Class: 5838K(6272K)->5838K(6272K)
[365.441s][info][gc             ] GC(629) Pause Young (Normal) (G1 Evacuation Pause) 508M->508M(512M) 2.520ms
[365.441s][info][gc,cpu         ] GC(629) User=0.01s Sys=0.00s Real=0.00s
[365.441s][info][gc,ergo        ] Attempting maximally compacting collection
[365.441s][info][gc,task        ] GC(630) Using 8 workers of 8 for full compaction
[365.441s][info][gc,start       ] GC(630) Pause Full (G1 Evacuation Pause)
[365.442s][info][gc,phases,start] GC(630) Phase 1: Mark live objects
[365.749s][info][gc,phases      ] GC(630) Phase 1: Mark live objects 307.832ms
[365.749s][info][gc,phases,start] GC(630) Phase 2: Prepare for compaction
[365.784s][info][gc,phases      ] GC(630) Phase 2: Prepare for compaction 34.829ms
[365.784s][info][gc,phases,start] GC(630) Phase 3: Adjust pointers
[365.883s][info][gc,phases      ] GC(630) Phase 3: Adjust pointers 98.365ms
[365.883s][info][gc,phases,start] GC(630) Phase 4: Compact heap
[365.916s][info][gc,phases      ] GC(630) Phase 4: Compact heap 32.781ms
[365.920s][info][gc,heap        ] GC(630) Eden regions: 0->0(25)
[365.920s][info][gc,heap        ] GC(630) Survivor regions: 0->0(0)
[365.920s][info][gc,heap        ] GC(630) Old regions: 499->493
[365.920s][info][gc,heap        ] GC(630) Archive regions: 2->2
[365.920s][info][gc,heap        ] GC(630) Humongous regions: 11->11
[365.920s][info][gc,metaspace   ] GC(630) Metaspace: 48644K(50128K)->48547K(50128K) NonClass: 42805K(43856K)->42722K(43856K) Class: 5838K(6272K)->5824K(6272K)
[365.920s][info][gc             ] GC(630) Pause Full (G1 Evacuation Pause) 508M->501M(512M) 478.638ms
[365.922s][info][gc,cpu         ] GC(630) User=2.52s Sys=0.05s Real=0.48s
[365.951s][info][gc,start       ] GC(631) Pause Young (Concurrent Start) (G1 Evacuation Pause)
[365.951s][info][gc,task        ] GC(631) Using 8 workers of 8 for evacuation
[365.956s][info][gc             ] GC(631) To-space exhausted
[365.956s][info][gc,phases      ] GC(631)   Pre Evacuate Collection Set: 0.2ms
[365.956s][info][gc,phases      ] GC(631)   Merge Heap Roots: 0.1ms
[365.956s][info][gc,phases      ] GC(631)   Evacuate Collection Set: 1.6ms
[365.956s][info][gc,phases      ] GC(631)   Post Evacuate Collection Set: 3.6ms
[365.957s][info][gc,phases      ] GC(631)   Other: 0.4ms
[365.957s][info][gc,heap        ] GC(631) Eden regions: 6->0(25)
[365.957s][info][gc,heap        ] GC(631) Survivor regions: 0->0(0)
[365.957s][info][gc,heap        ] GC(631) Old regions: 493->499
[365.957s][info][gc,heap        ] GC(631) Archive regions: 2->2
[365.957s][info][gc,heap        ] GC(631) Humongous regions: 11->11
[365.957s][info][gc,metaspace   ] GC(631) Metaspace: 48667K(50128K)->48667K(50128K) NonClass: 42825K(43856K)->42825K(43856K) Class: 5841K(6272K)->5841K(6272K)
[365.957s][info][gc             ] GC(631) Pause Young (Concurrent Start) (G1 Evacuation Pause) 507M->507M(512M) 5.906ms
[365.957s][info][gc,cpu         ] GC(631) User=0.01s Sys=0.00s Real=0.01s
[365.957s][info][gc,ergo        ] Attempting maximally compacting collection
[365.957s][info][gc             ] GC(632) Concurrent Cycle
[365.957s][info][gc,task        ] GC(633) Using 8 workers of 8 for full compaction
[365.957s][info][gc,marking     ] GC(632) Concurrent Clear Claimed Marks
[365.957s][info][gc,start       ] GC(633) Pause Full (G1 Evacuation Pause)
[365.957s][info][gc,marking     ] GC(632) Concurrent Clear Claimed Marks 0.093ms
[365.957s][info][gc,marking     ] GC(632) Concurrent Scan Root Regions
[365.957s][info][gc,marking     ] GC(632) Concurrent Scan Root Regions 0.020ms
[365.957s][info][gc,marking     ] GC(632) Concurrent Mark (365.957s)
[365.957s][info][gc,marking     ] GC(632) Concurrent Mark From Roots
[365.957s][info][gc,task        ] GC(632) Using 2 workers of 2 for marking
[365.958s][info][gc,phases,start] GC(633) Phase 1: Mark live objects
[366.278s][info][gc,phases      ] GC(633) Phase 1: Mark live objects 320.277ms
[366.278s][info][gc,phases,start] GC(633) Phase 2: Prepare for compaction
[366.316s][info][gc,phases      ] GC(633) Phase 2: Prepare for compaction 38.166ms
[366.316s][info][gc,phases,start] GC(633) Phase 3: Adjust pointers
[366.415s][info][gc,phases      ] GC(633) Phase 3: Adjust pointers 98.584ms
[366.415s][info][gc,phases,start] GC(633) Phase 4: Compact heap
[366.461s][info][gc,phases      ] GC(633) Phase 4: Compact heap 45.676ms
[366.464s][info][gc,heap        ] GC(633) Eden regions: 0->0(25)
[366.464s][info][gc,heap        ] GC(633) Survivor regions: 0->0(0)
[366.464s][info][gc,heap        ] GC(633) Old regions: 499->492
[366.464s][info][gc,heap        ] GC(633) Archive regions: 2->2
[366.464s][info][gc,heap        ] GC(633) Humongous regions: 11->11
[366.464s][info][gc,metaspace   ] GC(633) Metaspace: 48667K(50128K)->48565K(50128K) NonClass: 42825K(43856K)->42738K(43856K) Class: 5841K(6272K)->5826K(6272K)
[366.464s][info][gc             ] GC(633) Pause Full (G1 Evacuation Pause) 507M->501M(512M) 507.668ms
[366.466s][info][gc,cpu         ] GC(633) User=2.51s Sys=0.04s Real=0.51s
[366.466s][info][gc,marking     ] GC(632) Concurrent Mark From Roots 509.371ms
[366.466s][info][gc,marking     ] GC(632) Concurrent Mark Abort
[366.466s][info][gc             ] GC(632) Concurrent Cycle 509.626ms
[366.498s][info][gc,start       ] GC(634) Pause Young (Normal) (G1 Evacuation Pause)
[366.498s][info][gc,task        ] GC(634) Using 8 workers of 8 for evacuation
[366.501s][info][gc             ] GC(634) To-space exhausted
[366.501s][info][gc,phases      ] GC(634)   Pre Evacuate Collection Set: 0.1ms
[366.501s][info][gc,phases      ] GC(634)   Merge Heap Roots: 0.0ms
[366.501s][info][gc,phases      ] GC(634)   Evacuate Collection Set: 0.9ms
[366.501s][info][gc,phases      ] GC(634)   Post Evacuate Collection Set: 1.8ms
[366.501s][info][gc,phases      ] GC(634)   Other: 0.2ms
[366.501s][info][gc,heap        ] GC(634) Eden regions: 7->0(25)
[366.501s][info][gc,heap        ] GC(634) Survivor regions: 0->0(0)
[366.501s][info][gc,heap        ] GC(634) Old regions: 492->499
[366.501s][info][gc,heap        ] GC(634) Archive regions: 2->2
[366.501s][info][gc,heap        ] GC(634) Humongous regions: 11->11
[366.501s][info][gc,metaspace   ] GC(634) Metaspace: 48674K(50128K)->48674K(50128K) NonClass: 42832K(43856K)->42832K(43856K) Class: 5842K(6272K)->5842K(6272K)
[366.501s][info][gc             ] GC(634) Pause Young (Normal) (G1 Evacuation Pause) 508M->508M(512M) 3.206ms
[366.501s][info][gc,cpu         ] GC(634) User=0.00s Sys=0.00s Real=0.00s
[366.501s][info][gc,ergo        ] Attempting maximally compacting collection
[366.501s][info][gc,task        ] GC(635) Using 8 workers of 8 for full compaction
[366.501s][info][gc,start       ] GC(635) Pause Full (G1 Evacuation Pause)
[366.501s][info][gc,phases,start] GC(635) Phase 1: Mark live objects
[366.884s][info][gc,phases      ] GC(635) Phase 1: Mark live objects 383.408ms
[366.884s][info][gc,phases,start] GC(635) Phase 2: Prepare for compaction
[366.923s][info][gc,phases      ] GC(635) Phase 2: Prepare for compaction 38.964ms
[366.923s][info][gc,phases,start] GC(635) Phase 3: Adjust pointers
[367.040s][info][gc,phases      ] GC(635) Phase 3: Adjust pointers 117.046ms
[367.041s][info][gc,phases,start] GC(635) Phase 4: Compact heap
[367.075s][info][gc,phases      ] GC(635) Phase 4: Compact heap 34.320ms
[367.078s][info][gc,heap        ] GC(635) Eden regions: 0->0(25)
[367.078s][info][gc,heap        ] GC(635) Survivor regions: 0->0(0)
[367.078s][info][gc,heap        ] GC(635) Old regions: 499->493
[367.078s][info][gc,heap        ] GC(635) Archive regions: 2->2
[367.078s][info][gc,heap        ] GC(635) Humongous regions: 11->11
[367.078s][info][gc,metaspace   ] GC(635) Metaspace: 48674K(50128K)->48591K(50128K) NonClass: 42832K(43856K)->42760K(43856K) Class: 5842K(6272K)->5830K(6272K)
[367.079s][info][gc             ] GC(635) Pause Full (G1 Evacuation Pause) 508M->501M(512M) 577.608ms
[367.080s][info][gc,cpu         ] GC(635) User=2.49s Sys=0.04s Real=0.58s
[367.108s][info][gc,start       ] GC(636) Pause Young (Concurrent Start) (G1 Evacuation Pause)
[367.108s][info][gc,task        ] GC(636) Using 8 workers of 8 for evacuation
[367.112s][info][gc             ] GC(636) To-space exhausted
[367.112s][info][gc,phases      ] GC(636)   Pre Evacuate Collection Set: 0.1ms
[367.112s][info][gc,phases      ] GC(636)   Merge Heap Roots: 0.1ms
[367.113s][info][gc,phases      ] GC(636)   Evacuate Collection Set: 1.6ms
[367.113s][info][gc,phases      ] GC(636)   Post Evacuate Collection Set: 2.7ms
[367.113s][info][gc,phases      ] GC(636)   Other: 0.5ms
[367.113s][info][gc,heap        ] GC(636) Eden regions: 6->0(25)
[367.113s][info][gc,heap        ] GC(636) Survivor regions: 0->0(0)
[367.113s][info][gc,heap        ] GC(636) Old regions: 493->499
[367.113s][info][gc,heap        ] GC(636) Archive regions: 2->2
[367.113s][info][gc,heap        ] GC(636) Humongous regions: 11->11
[367.113s][info][gc,metaspace   ] GC(636) Metaspace: 48667K(50128K)->48667K(50128K) NonClass: 42826K(43856K)->42826K(43856K) Class: 5841K(6272K)->5841K(6272K)
[367.113s][info][gc             ] GC(636) Pause Young (Concurrent Start) (G1 Evacuation Pause) 507M->507M(512M) 5.234ms
[367.113s][info][gc,cpu         ] GC(636) User=0.01s Sys=0.00s Real=0.00s
[367.113s][info][gc,ergo        ] Attempting maximally compacting collection
[367.113s][info][gc             ] GC(637) Concurrent Cycle
[367.113s][info][gc,marking     ] GC(637) Concurrent Clear Claimed Marks
[367.113s][info][gc,task        ] GC(638) Using 8 workers of 8 for full compaction
[367.113s][info][gc,start       ] GC(638) Pause Full (G1 Evacuation Pause)
[367.113s][info][gc,marking     ] GC(637) Concurrent Clear Claimed Marks 0.172ms
[367.113s][info][gc,marking     ] GC(637) Concurrent Scan Root Regions
[367.113s][info][gc,marking     ] GC(637) Concurrent Scan Root Regions 0.018ms
[367.113s][info][gc,marking     ] GC(637) Concurrent Mark (367.113s)
[367.113s][info][gc,marking     ] GC(637) Concurrent Mark From Roots
[367.113s][info][gc,task        ] GC(637) Using 2 workers of 2 for marking
[367.115s][info][gc,phases,start] GC(638) Phase 1: Mark live objects
[367.475s][info][gc,phases      ] GC(638) Phase 1: Mark live objects 360.107ms
[367.475s][info][gc,phases,start] GC(638) Phase 2: Prepare for compaction
[367.515s][info][gc,phases      ] GC(638) Phase 2: Prepare for compaction 39.729ms
[367.515s][info][gc,phases,start] GC(638) Phase 3: Adjust pointers
[367.629s][info][gc,phases      ] GC(638) Phase 3: Adjust pointers 113.906ms
[367.629s][info][gc,phases,start] GC(638) Phase 4: Compact heap
[367.678s][info][gc,phases      ] GC(638) Phase 4: Compact heap 49.093ms
[367.683s][info][gc,heap        ] GC(638) Eden regions: 0->0(25)
[367.683s][info][gc,heap        ] GC(638) Survivor regions: 0->0(0)
[367.683s][info][gc,heap        ] GC(638) Old regions: 499->494
[367.683s][info][gc,heap        ] GC(638) Archive regions: 2->2
[367.683s][info][gc,heap        ] GC(638) Humongous regions: 11->11
[367.683s][info][gc,metaspace   ] GC(638) Metaspace: 48667K(50128K)->48565K(50128K) NonClass: 42826K(43856K)->42738K(43856K) Class: 5841K(6272K)->5826K(6272K)
[367.683s][info][gc             ] GC(638) Pause Full (G1 Evacuation Pause) 507M->501M(512M) 570.210ms
[367.686s][info][gc,cpu         ] GC(638) User=2.52s Sys=0.05s Real=0.58s
[367.686s][info][gc,marking     ] GC(637) Concurrent Mark From Roots 572.955ms
[367.686s][info][gc,marking     ] GC(637) Concurrent Mark Abort
[367.686s][info][gc             ] GC(637) Concurrent Cycle 573.389ms
[367.709s][info][gc,start       ] GC(639) Pause Young (Normal) (G1 Evacuation Pause)
[367.709s][info][gc,task        ] GC(639) Using 8 workers of 8 for evacuation
[367.715s][info][gc             ] GC(639) To-space exhausted
[367.715s][info][gc,phases      ] GC(639)   Pre Evacuate Collection Set: 0.1ms
[367.715s][info][gc,phases      ] GC(639)   Merge Heap Roots: 0.1ms
[367.715s][info][gc,phases      ] GC(639)   Evacuate Collection Set: 2.4ms
[367.715s][info][gc,phases      ] GC(639)   Post Evacuate Collection Set: 2.9ms
[367.715s][info][gc,phases      ] GC(639)   Other: 0.3ms
[367.715s][info][gc,heap        ] GC(639) Eden regions: 5->0(25)
[367.715s][info][gc,heap        ] GC(639) Survivor regions: 0->0(0)
[367.715s][info][gc,heap        ] GC(639) Old regions: 494->499
[367.715s][info][gc,heap        ] GC(639) Archive regions: 2->2
[367.715s][info][gc,heap        ] GC(639) Humongous regions: 11->11
[367.715s][info][gc,metaspace   ] GC(639) Metaspace: 48644K(50128K)->48644K(50128K) NonClass: 42805K(43856K)->42805K(43856K) Class: 5838K(6272K)->5838K(6272K)
[367.715s][info][gc             ] GC(639) Pause Young (Normal) (G1 Evacuation Pause) 506M->506M(512M) 5.892ms
[367.715s][info][gc,cpu         ] GC(639) User=0.01s Sys=0.00s Real=0.00s
[367.715s][info][gc,ergo        ] Attempting maximally compacting collection
[367.715s][info][gc,task        ] GC(640) Using 8 workers of 8 for full compaction
[367.715s][info][gc,start       ] GC(640) Pause Full (G1 Evacuation Pause)
[367.715s][info][gc,phases,start] GC(640) Phase 1: Mark live objects
[368.065s][info][gc,phases      ] GC(640) Phase 1: Mark live objects 349.667ms
[368.065s][info][gc,phases,start] GC(640) Phase 2: Prepare for compaction
[368.106s][info][gc,phases      ] GC(640) Phase 2: Prepare for compaction 40.888ms
[368.106s][info][gc,phases,start] GC(640) Phase 3: Adjust pointers
[368.213s][info][gc,phases      ] GC(640) Phase 3: Adjust pointers 106.719ms
[368.213s][info][gc,phases,start] GC(640) Phase 4: Compact heap
[368.258s][info][gc,phases      ] GC(640) Phase 4: Compact heap 44.851ms
[368.261s][info][gc,heap        ] GC(640) Eden regions: 0->0(25)
[368.261s][info][gc,heap        ] GC(640) Survivor regions: 0->0(0)
[368.261s][info][gc,heap        ] GC(640) Old regions: 499->493
[368.261s][info][gc,heap        ] GC(640) Archive regions: 2->2
[368.261s][info][gc,heap        ] GC(640) Humongous regions: 11->11
[368.261s][info][gc,metaspace   ] GC(640) Metaspace: 48644K(50128K)->48547K(50128K) NonClass: 42805K(43856K)->42722K(43856K) Class: 5838K(6272K)->5824K(6272K)
[368.261s][info][gc             ] GC(640) Pause Full (G1 Evacuation Pause) 506M->502M(512M) 545.929ms
[368.264s][info][gc,cpu         ] GC(640) User=2.49s Sys=0.04s Real=0.55s
[368.295s][info][gc,start       ] GC(641) Pause Young (Concurrent Start) (G1 Evacuation Pause)
[368.295s][info][gc,task        ] GC(641) Using 8 workers of 8 for evacuation
[368.300s][info][gc             ] GC(641) To-space exhausted
[368.300s][info][gc,phases      ] GC(641)   Pre Evacuate Collection Set: 0.2ms
[368.300s][info][gc,phases      ] GC(641)   Merge Heap Roots: 0.1ms
[368.300s][info][gc,phases      ] GC(641)   Evacuate Collection Set: 1.6ms
[368.300s][info][gc,phases      ] GC(641)   Post Evacuate Collection Set: 2.3ms
[368.300s][info][gc,phases      ] GC(641)   Other: 0.4ms
[368.300s][info][gc,heap        ] GC(641) Eden regions: 6->0(25)
[368.300s][info][gc,heap        ] GC(641) Survivor regions: 0->0(0)
[368.300s][info][gc,heap        ] GC(641) Old regions: 493->499
[368.300s][info][gc,heap        ] GC(641) Archive regions: 2->2
[368.300s][info][gc,heap        ] GC(641) Humongous regions: 11->11
[368.300s][info][gc,metaspace   ] GC(641) Metaspace: 48659K(50128K)->48659K(50128K) NonClass: 42818K(43856K)->42818K(43856K) Class: 5840K(6272K)->5840K(6272K)
[368.300s][info][gc             ] GC(641) Pause Young (Concurrent Start) (G1 Evacuation Pause) 508M->508M(512M) 4.629ms
[368.300s][info][gc,cpu         ] GC(641) User=0.01s Sys=0.00s Real=0.01s
[368.300s][info][gc,ergo        ] Attempting maximally compacting collection
[368.300s][info][gc             ] GC(642) Concurrent Cycle
[368.300s][info][gc,marking     ] GC(642) Concurrent Clear Claimed Marks
[368.300s][info][gc,task        ] GC(643) Using 8 workers of 8 for full compaction
[368.300s][info][gc,start       ] GC(643) Pause Full (G1 Evacuation Pause)
[368.300s][info][gc,marking     ] GC(642) Concurrent Clear Claimed Marks 0.054ms
[368.300s][info][gc,marking     ] GC(642) Concurrent Scan Root Regions
[368.300s][info][gc,marking     ] GC(642) Concurrent Scan Root Regions 0.016ms
[368.300s][info][gc,marking     ] GC(642) Concurrent Mark (368.300s)
[368.300s][info][gc,marking     ] GC(642) Concurrent Mark From Roots
[368.300s][info][gc,task        ] GC(642) Using 2 workers of 2 for marking
[368.301s][info][gc,phases,start] GC(643) Phase 1: Mark live objects
[368.642s][info][gc,phases      ] GC(643) Phase 1: Mark live objects 340.616ms
[368.642s][info][gc,phases,start] GC(643) Phase 2: Prepare for compaction
[368.682s][info][gc,phases      ] GC(643) Phase 2: Prepare for compaction 40.495ms
[368.682s][info][gc,phases,start] GC(643) Phase 3: Adjust pointers
[368.779s][info][gc,phases      ] GC(643) Phase 3: Adjust pointers 97.074ms
[368.779s][info][gc,phases,start] GC(643) Phase 4: Compact heap
[368.814s][info][gc,phases      ] GC(643) Phase 4: Compact heap 34.555ms
[368.818s][info][gc,heap        ] GC(643) Eden regions: 0->0(25)
[368.818s][info][gc,heap        ] GC(643) Survivor regions: 0->0(0)
[368.818s][info][gc,heap        ] GC(643) Old regions: 499->496
[368.818s][info][gc,heap        ] GC(643) Archive regions: 2->2
[368.818s][info][gc,heap        ] GC(643) Humongous regions: 11->11
[368.818s][info][gc,metaspace   ] GC(643) Metaspace: 48659K(50128K)->48594K(50128K) NonClass: 42818K(43856K)->42763K(43856K) Class: 5840K(6272K)->5831K(6272K)
[368.818s][info][gc             ] GC(643) Pause Full (G1 Evacuation Pause) 508M->502M(512M) 517.884ms
[368.819s][info][gc,cpu         ] GC(643) User=2.56s Sys=0.06s Real=0.52s
[368.820s][info][gc,marking     ] GC(642) Concurrent Mark From Roots 519.699ms
[368.820s][info][gc,marking     ] GC(642) Concurrent Mark Abort
[368.820s][info][gc             ] GC(642) Concurrent Cycle 519.870ms
[368.837s][info][gc,start       ] GC(644) Pause Young (Normal) (G1 Evacuation Pause)
[368.837s][info][gc,task        ] GC(644) Using 8 workers of 8 for evacuation
[368.841s][info][gc             ] GC(644) To-space exhausted
[368.841s][info][gc,phases      ] GC(644)   Pre Evacuate Collection Set: 0.3ms
[368.841s][info][gc,phases      ] GC(644)   Merge Heap Roots: 0.1ms
[368.842s][info][gc,phases      ] GC(644)   Evacuate Collection Set: 1.5ms
[368.842s][info][gc,phases      ] GC(644)   Post Evacuate Collection Set: 2.2ms
[368.842s][info][gc,phases      ] GC(644)   Other: 0.3ms
[368.842s][info][gc,heap        ] GC(644) Eden regions: 3->0(25)
[368.842s][info][gc,heap        ] GC(644) Survivor regions: 0->0(0)
[368.842s][info][gc,heap        ] GC(644) Old regions: 496->499
[368.842s][info][gc,heap        ] GC(644) Archive regions: 2->2
[368.842s][info][gc,heap        ] GC(644) Humongous regions: 11->11
[368.842s][info][gc,metaspace   ] GC(644) Metaspace: 48655K(50128K)->48655K(50128K) NonClass: 42815K(43856K)->42815K(43856K) Class: 5839K(6272K)->5839K(6272K)
[368.842s][info][gc             ] GC(644) Pause Young (Normal) (G1 Evacuation Pause) 505M->505M(512M) 4.618ms
[368.842s][info][gc,cpu         ] GC(644) User=0.01s Sys=0.00s Real=0.00s
[368.842s][info][gc,ergo        ] Attempting maximally compacting collection
[368.842s][info][gc,task        ] GC(645) Using 8 workers of 8 for full compaction
[368.842s][info][gc,start       ] GC(645) Pause Full (G1 Evacuation Pause)
[368.842s][info][gc,phases,start] GC(645) Phase 1: Mark live objects
[369.140s][info][gc,phases      ] GC(645) Phase 1: Mark live objects 297.922ms
[369.140s][info][gc,phases,start] GC(645) Phase 2: Prepare for compaction
[369.178s][info][gc,phases      ] GC(645) Phase 2: Prepare for compaction 38.007ms
[369.178s][info][gc,phases,start] GC(645) Phase 3: Adjust pointers
[369.272s][info][gc,phases      ] GC(645) Phase 3: Adjust pointers 94.473ms
[369.272s][info][gc,phases,start] GC(645) Phase 4: Compact heap
[369.303s][info][gc,phases      ] GC(645) Phase 4: Compact heap 30.709ms
[369.306s][info][gc,heap        ] GC(645) Eden regions: 0->0(25)
[369.306s][info][gc,heap        ] GC(645) Survivor regions: 0->0(0)
[369.306s][info][gc,heap        ] GC(645) Old regions: 499->494
[369.306s][info][gc,heap        ] GC(645) Archive regions: 2->2
[369.306s][info][gc,heap        ] GC(645) Humongous regions: 11->11
[369.306s][info][gc,metaspace   ] GC(645) Metaspace: 48655K(50128K)->48565K(50128K) NonClass: 42815K(43856K)->42738K(43856K) Class: 5839K(6272K)->5826K(6272K)
[369.306s][info][gc             ] GC(645) Pause Full (G1 Evacuation Pause) 505M->502M(512M) 464.484ms
[369.307s][info][gc,cpu         ] GC(645) User=2.50s Sys=0.05s Real=0.47s
[369.329s][info][gc,start       ] GC(646) Pause Young (Concurrent Start) (G1 Evacuation Pause)
[369.329s][info][gc,task        ] GC(646) Using 8 workers of 8 for evacuation
[369.337s][info][gc             ] GC(646) To-space exhausted
[369.337s][info][gc,phases      ] GC(646)   Pre Evacuate Collection Set: 0.2ms
[369.337s][info][gc,phases      ] GC(646)   Merge Heap Roots: 0.1ms
[369.337s][info][gc,phases      ] GC(646)   Evacuate Collection Set: 4.8ms
[369.337s][info][gc,phases      ] GC(646)   Post Evacuate Collection Set: 2.3ms
[369.337s][info][gc,phases      ] GC(646)   Other: 0.3ms
[369.337s][info][gc,heap        ] GC(646) Eden regions: 5->0(25)
[369.337s][info][gc,heap        ] GC(646) Survivor regions: 0->0(0)
[369.337s][info][gc,heap        ] GC(646) Old regions: 494->499
[369.337s][info][gc,heap        ] GC(646) Archive regions: 2->2
[369.337s][info][gc,heap        ] GC(646) Humongous regions: 11->11
[369.337s][info][gc,metaspace   ] GC(646) Metaspace: 48655K(50128K)->48655K(50128K) NonClass: 42815K(43856K)->42815K(43856K) Class: 5839K(6272K)->5839K(6272K)
[369.337s][info][gc             ] GC(646) Pause Young (Concurrent Start) (G1 Evacuation Pause) 507M->507M(512M) 7.712ms
[369.337s][info][gc,cpu         ] GC(646) User=0.01s Sys=0.00s Real=0.01s
[369.337s][info][gc,ergo        ] Attempting maximally compacting collection
[369.337s][info][gc,task        ] GC(647) Using 8 workers of 8 for full compaction
[369.337s][info][gc             ] GC(648) Concurrent Cycle
[369.337s][info][gc,marking     ] GC(648) Concurrent Clear Claimed Marks
[369.337s][info][gc,start       ] GC(647) Pause Full (G1 Evacuation Pause)
[369.337s][info][gc,marking     ] GC(648) Concurrent Clear Claimed Marks 0.050ms
[369.337s][info][gc,marking     ] GC(648) Concurrent Scan Root Regions
[369.337s][info][gc,marking     ] GC(648) Concurrent Scan Root Regions 0.017ms
[369.337s][info][gc,marking     ] GC(648) Concurrent Mark (369.337s)
[369.337s][info][gc,marking     ] GC(648) Concurrent Mark From Roots
[369.337s][info][gc,task        ] GC(648) Using 2 workers of 2 for marking
[369.338s][info][gc,phases,start] GC(647) Phase 1: Mark live objects
[369.695s][info][gc,phases      ] GC(647) Phase 1: Mark live objects 357.548ms
[369.696s][info][gc,phases,start] GC(647) Phase 2: Prepare for compaction
[369.758s][info][gc,phases      ] GC(647) Phase 2: Prepare for compaction 62.185ms
[369.758s][info][gc,phases,start] GC(647) Phase 3: Adjust pointers
[369.852s][info][gc,phases      ] GC(647) Phase 3: Adjust pointers 94.574ms
[369.852s][info][gc,phases,start] GC(647) Phase 4: Compact heap
[369.887s][info][gc,phases      ] GC(647) Phase 4: Compact heap 34.833ms
[369.891s][info][gc,heap        ] GC(647) Eden regions: 0->0(25)
[369.891s][info][gc,heap        ] GC(647) Survivor regions: 0->0(0)
[369.891s][info][gc,heap        ] GC(647) Old regions: 499->494
[369.891s][info][gc,heap        ] GC(647) Archive regions: 2->2
[369.891s][info][gc,heap        ] GC(647) Humongous regions: 11->11
[369.891s][info][gc,metaspace   ] GC(647) Metaspace: 48655K(50128K)->48630K(50128K) NonClass: 42815K(43856K)->42794K(43856K) Class: 5839K(6272K)->5836K(6272K)
[369.891s][info][gc             ] GC(647) Pause Full (G1 Evacuation Pause) 507M->502M(512M) 553.408ms
[369.892s][info][gc,cpu         ] GC(647) User=2.51s Sys=0.04s Real=0.55s
[369.892s][info][gc,marking     ] GC(648) Concurrent Mark From Roots 554.992ms
[369.892s][info][gc,marking     ] GC(648) Concurrent Mark Abort
[369.892s][info][gc             ] GC(648) Concurrent Cycle 555.230ms
[369.921s][info][gc,start       ] GC(649) Pause Young (Normal) (G1 Evacuation Pause)
[369.921s][info][gc,task        ] GC(649) Using 8 workers of 8 for evacuation
[369.924s][info][gc             ] GC(649) To-space exhausted
[369.924s][info][gc,phases      ] GC(649)   Pre Evacuate Collection Set: 0.1ms
[369.924s][info][gc,phases      ] GC(649)   Merge Heap Roots: 0.0ms
[369.924s][info][gc,phases      ] GC(649)   Evacuate Collection Set: 0.8ms
[369.924s][info][gc,phases      ] GC(649)   Post Evacuate Collection Set: 1.1ms
[369.924s][info][gc,phases      ] GC(649)   Other: 0.2ms
[369.924s][info][gc,heap        ] GC(649) Eden regions: 5->0(25)
[369.924s][info][gc,heap        ] GC(649) Survivor regions: 0->0(0)
[369.924s][info][gc,heap        ] GC(649) Old regions: 494->499
[369.924s][info][gc,heap        ] GC(649) Archive regions: 2->2
[369.924s][info][gc,heap        ] GC(649) Humongous regions: 11->11
[369.924s][info][gc,metaspace   ] GC(649) Metaspace: 48648K(50128K)->48648K(50128K) NonClass: 42809K(43856K)->42809K(43856K) Class: 5838K(6272K)->5838K(6272K)
[369.924s][info][gc             ] GC(649) Pause Young (Normal) (G1 Evacuation Pause) 507M->507M(512M) 2.382ms
[369.924s][info][gc,cpu         ] GC(649) User=0.01s Sys=0.00s Real=0.00s
[369.924s][info][gc,ergo        ] Attempting maximally compacting collection
[369.924s][info][gc,task        ] GC(650) Using 8 workers of 8 for full compaction
[369.924s][info][gc,start       ] GC(650) Pause Full (G1 Evacuation Pause)
[369.924s][info][gc,phases,start] GC(650) Phase 1: Mark live objects
[370.228s][info][gc,phases      ] GC(650) Phase 1: Mark live objects 303.955ms
[370.228s][info][gc,phases,start] GC(650) Phase 2: Prepare for compaction
[370.272s][info][gc,phases      ] GC(650) Phase 2: Prepare for compaction 44.069ms
[370.272s][info][gc,phases,start] GC(650) Phase 3: Adjust pointers
[370.367s][info][gc,phases      ] GC(650) Phase 3: Adjust pointers 94.877ms
[370.367s][info][gc,phases,start] GC(650) Phase 4: Compact heap
[370.399s][info][gc,phases      ] GC(650) Phase 4: Compact heap 31.576ms
[370.402s][info][gc,heap        ] GC(650) Eden regions: 0->0(25)
[370.402s][info][gc,heap        ] GC(650) Survivor regions: 0->0(0)
[370.402s][info][gc,heap        ] GC(650) Old regions: 499->494
[370.402s][info][gc,heap        ] GC(650) Archive regions: 2->2
[370.402s][info][gc,heap        ] GC(650) Humongous regions: 11->11
[370.402s][info][gc,metaspace   ] GC(650) Metaspace: 48648K(50128K)->48547K(50128K) NonClass: 42809K(43856K)->42723K(43856K) Class: 5838K(6272K)->5824K(6272K)
[370.402s][info][gc             ] GC(650) Pause Full (G1 Evacuation Pause) 507M->502M(512M) 478.214ms
[370.404s][info][gc,cpu         ] GC(650) User=2.50s Sys=0.05s Real=0.48s
[370.430s][info][gc,start       ] GC(651) Pause Young (Concurrent Start) (G1 Evacuation Pause)
[370.430s][info][gc,task        ] GC(651) Using 8 workers of 8 for evacuation
[370.438s][info][gc             ] GC(651) To-space exhausted
[370.438s][info][gc,phases      ] GC(651)   Pre Evacuate Collection Set: 0.2ms
[370.438s][info][gc,phases      ] GC(651)   Merge Heap Roots: 0.0ms
[370.438s][info][gc,phases      ] GC(651)   Evacuate Collection Set: 1.2ms
[370.438s][info][gc,phases      ] GC(651)   Post Evacuate Collection Set: 6.3ms
[370.438s][info][gc,phases      ] GC(651)   Other: 0.5ms
[370.438s][info][gc,heap        ] GC(651) Eden regions: 5->0(25)
[370.438s][info][gc,heap        ] GC(651) Survivor regions: 0->0(0)
[370.438s][info][gc,heap        ] GC(651) Old regions: 494->499
[370.438s][info][gc,heap        ] GC(651) Archive regions: 2->2
[370.438s][info][gc,heap        ] GC(651) Humongous regions: 11->11
[370.438s][info][gc,metaspace   ] GC(651) Metaspace: 48670K(50128K)->48670K(50128K) NonClass: 42831K(43856K)->42831K(43856K) Class: 5839K(6272K)->5839K(6272K)
[370.438s][info][gc             ] GC(651) Pause Young (Concurrent Start) (G1 Evacuation Pause) 507M->507M(512M) 8.504ms
[370.438s][info][gc,cpu         ] GC(651) User=0.01s Sys=0.01s Real=0.01s
[370.438s][info][gc,ergo        ] Attempting maximally compacting collection
[370.438s][info][gc             ] GC(652) Concurrent Cycle
[370.438s][info][gc,marking     ] GC(652) Concurrent Clear Claimed Marks
[370.438s][info][gc,task        ] GC(653) Using 8 workers of 8 for full compaction
[370.438s][info][gc,start       ] GC(653) Pause Full (G1 Evacuation Pause)
[370.438s][info][gc,marking     ] GC(652) Concurrent Clear Claimed Marks 0.052ms
[370.438s][info][gc,marking     ] GC(652) Concurrent Scan Root Regions
[370.438s][info][gc,marking     ] GC(652) Concurrent Scan Root Regions 0.009ms
[370.438s][info][gc,marking     ] GC(652) Concurrent Mark (370.438s)
[370.438s][info][gc,marking     ] GC(652) Concurrent Mark From Roots
[370.438s][info][gc,task        ] GC(652) Using 2 workers of 2 for marking
[370.440s][info][gc,phases,start] GC(653) Phase 1: Mark live objects
[370.757s][info][gc,phases      ] GC(653) Phase 1: Mark live objects 317.007ms
[370.757s][info][gc,phases,start] GC(653) Phase 2: Prepare for compaction
[370.792s][info][gc,phases      ] GC(653) Phase 2: Prepare for compaction 34.887ms
[370.792s][info][gc,phases,start] GC(653) Phase 3: Adjust pointers
[370.887s][info][gc,phases      ] GC(653) Phase 3: Adjust pointers 94.430ms
[370.887s][info][gc,phases,start] GC(653) Phase 4: Compact heap
[370.923s][info][gc,phases      ] GC(653) Phase 4: Compact heap 36.011ms
[370.927s][info][gc,heap        ] GC(653) Eden regions: 0->0(25)
[370.927s][info][gc,heap        ] GC(653) Survivor regions: 0->0(0)
[370.927s][info][gc,heap        ] GC(653) Old regions: 499->493
[370.927s][info][gc,heap        ] GC(653) Archive regions: 2->2
[370.927s][info][gc,heap        ] GC(653) Humongous regions: 11->11
[370.927s][info][gc,metaspace   ] GC(653) Metaspace: 48670K(50128K)->48596K(50128K) NonClass: 42831K(43856K)->42768K(43856K) Class: 5839K(6272K)->5828K(6272K)
[370.927s][info][gc             ] GC(653) Pause Full (G1 Evacuation Pause) 507M->502M(512M) 488.846ms
[370.928s][info][gc,cpu         ] GC(653) User=2.54s Sys=0.05s Real=0.49s
[370.937s][info][gc,marking     ] GC(652) Concurrent Mark From Roots 498.391ms
[370.937s][info][gc,marking     ] GC(652) Concurrent Mark Abort
[370.937s][info][gc             ] GC(652) Concurrent Cycle 498.621ms
[370.964s][info][gc,start       ] GC(654) Pause Young (Normal) (G1 Evacuation Pause)
[370.964s][info][gc,task        ] GC(654) Using 8 workers of 8 for evacuation
[370.967s][info][gc             ] GC(654) To-space exhausted
[370.967s][info][gc,phases      ] GC(654)   Pre Evacuate Collection Set: 0.1ms
[370.967s][info][gc,phases      ] GC(654)   Merge Heap Roots: 0.0ms
[370.967s][info][gc,phases      ] GC(654)   Evacuate Collection Set: 0.8ms
[370.967s][info][gc,phases      ] GC(654)   Post Evacuate Collection Set: 1.8ms
[370.967s][info][gc,phases      ] GC(654)   Other: 0.2ms
[370.967s][info][gc,heap        ] GC(654) Eden regions: 6->0(25)
[370.967s][info][gc,heap        ] GC(654) Survivor regions: 0->0(0)
[370.967s][info][gc,heap        ] GC(654) Old regions: 493->499
[370.967s][info][gc,heap        ] GC(654) Archive regions: 2->2
[370.967s][info][gc,heap        ] GC(654) Humongous regions: 11->11
[370.967s][info][gc,metaspace   ] GC(654) Metaspace: 48687K(50128K)->48687K(50128K) NonClass: 42845K(43856K)->42845K(43856K) Class: 5841K(6272K)->5841K(6272K)
[370.967s][info][gc             ] GC(654) Pause Young (Normal) (G1 Evacuation Pause) 508M->508M(512M) 3.046ms
[370.967s][info][gc,cpu         ] GC(654) User=0.01s Sys=0.00s Real=0.01s
[370.967s][info][gc,ergo        ] Attempting maximally compacting collection
[370.967s][info][gc,task        ] GC(655) Using 8 workers of 8 for full compaction
[370.967s][info][gc,start       ] GC(655) Pause Full (G1 Evacuation Pause)
[370.967s][info][gc,phases,start] GC(655) Phase 1: Mark live objects
[371.292s][info][gc,phases      ] GC(655) Phase 1: Mark live objects 325.295ms
[371.292s][info][gc,phases,start] GC(655) Phase 2: Prepare for compaction
[371.329s][info][gc,phases      ] GC(655) Phase 2: Prepare for compaction 36.366ms
[371.329s][info][gc,phases,start] GC(655) Phase 3: Adjust pointers
[371.411s][info][gc,phases      ] GC(655) Phase 3: Adjust pointers 82.053ms
[371.411s][info][gc,phases,start] GC(655) Phase 4: Compact heap
[371.451s][info][gc,phases      ] GC(655) Phase 4: Compact heap 40.315ms
[371.455s][info][gc,heap        ] GC(655) Eden regions: 0->0(25)
[371.455s][info][gc,heap        ] GC(655) Survivor regions: 0->0(0)
[371.455s][info][gc,heap        ] GC(655) Old regions: 499->495
[371.455s][info][gc,heap        ] GC(655) Archive regions: 2->2
[371.455s][info][gc,heap        ] GC(655) Humongous regions: 11->11
[371.455s][info][gc,metaspace   ] GC(655) Metaspace: 48687K(50128K)->48598K(50128K) NonClass: 42845K(43856K)->42769K(43856K) Class: 5841K(6272K)->5829K(6272K)
[371.455s][info][gc             ] GC(655) Pause Full (G1 Evacuation Pause) 508M->502M(512M) 488.261ms
[371.457s][info][gc,cpu         ] GC(655) User=2.50s Sys=0.04s Real=0.49s
[371.481s][info][gc,start       ] GC(656) Pause Young (Concurrent Start) (G1 Evacuation Pause)
[371.481s][info][gc,task        ] GC(656) Using 8 workers of 8 for evacuation
[371.483s][info][gc             ] GC(656) To-space exhausted
[371.483s][info][gc,phases      ] GC(656)   Pre Evacuate Collection Set: 0.1ms
[371.483s][info][gc,phases      ] GC(656)   Merge Heap Roots: 0.0ms
[371.483s][info][gc,phases      ] GC(656)   Evacuate Collection Set: 0.7ms
[371.483s][info][gc,phases      ] GC(656)   Post Evacuate Collection Set: 1.1ms
[371.483s][info][gc,phases      ] GC(656)   Other: 0.2ms
[371.483s][info][gc,heap        ] GC(656) Eden regions: 4->0(25)
[371.483s][info][gc,heap        ] GC(656) Survivor regions: 0->0(0)
[371.483s][info][gc,heap        ] GC(656) Old regions: 495->499
[371.483s][info][gc,heap        ] GC(656) Archive regions: 2->2
[371.483s][info][gc,heap        ] GC(656) Humongous regions: 11->11
[371.483s][info][gc,metaspace   ] GC(656) Metaspace: 48678K(50128K)->48678K(50128K) NonClass: 42838K(43856K)->42838K(43856K) Class: 5840K(6272K)->5840K(6272K)
[371.483s][info][gc             ] GC(656) Pause Young (Concurrent Start) (G1 Evacuation Pause) 506M->506M(512M) 2.230ms
[371.483s][info][gc,cpu         ] GC(656) User=0.01s Sys=0.00s Real=0.00s
[371.483s][info][gc,ergo        ] Attempting maximally compacting collection
[371.483s][info][gc             ] GC(657) Concurrent Cycle
[371.483s][info][gc,task        ] GC(658) Using 8 workers of 8 for full compaction
[371.483s][info][gc,marking     ] GC(657) Concurrent Clear Claimed Marks
[371.483s][info][gc,marking     ] GC(657) Concurrent Clear Claimed Marks 0.045ms
[371.483s][info][gc,start       ] GC(658) Pause Full (G1 Evacuation Pause)
[371.483s][info][gc,marking     ] GC(657) Concurrent Scan Root Regions
[371.483s][info][gc,marking     ] GC(657) Concurrent Scan Root Regions 0.038ms
[371.483s][info][gc,marking     ] GC(657) Concurrent Mark (371.483s)
[371.483s][info][gc,marking     ] GC(657) Concurrent Mark From Roots
[371.483s][info][gc,task        ] GC(657) Using 2 workers of 2 for marking
[371.484s][info][gc,phases,start] GC(658) Phase 1: Mark live objects
[371.771s][info][gc,phases      ] GC(658) Phase 1: Mark live objects 286.759ms
[371.771s][info][gc,phases,start] GC(658) Phase 2: Prepare for compaction
[371.806s][info][gc,phases      ] GC(658) Phase 2: Prepare for compaction 35.358ms
[371.806s][info][gc,phases,start] GC(658) Phase 3: Adjust pointers
[371.896s][info][gc,phases      ] GC(658) Phase 3: Adjust pointers 89.564ms
[371.896s][info][gc,phases,start] GC(658) Phase 4: Compact heap
[371.926s][info][gc,phases      ] GC(658) Phase 4: Compact heap 30.587ms
[371.930s][info][gc,heap        ] GC(658) Eden regions: 0->0(25)
[371.930s][info][gc,heap        ] GC(658) Survivor regions: 0->0(0)
[371.930s][info][gc,heap        ] GC(658) Old regions: 499->495
[371.930s][info][gc,heap        ] GC(658) Archive regions: 2->2
[371.930s][info][gc,heap        ] GC(658) Humongous regions: 11->11
[371.930s][info][gc,metaspace   ] GC(658) Metaspace: 48678K(50128K)->48597K(50128K) NonClass: 42838K(43856K)->42768K(43856K) Class: 5840K(6272K)->5828K(6272K)
[371.930s][info][gc             ] GC(658) Pause Full (G1 Evacuation Pause) 506M->502M(512M) 447.303ms
[371.934s][info][gc,cpu         ] GC(658) User=2.51s Sys=0.05s Real=0.45s
[371.934s][info][gc,marking     ] GC(657) Concurrent Mark From Roots 450.802ms
[371.934s][info][gc,marking     ] GC(657) Concurrent Mark Abort
[371.934s][info][gc             ] GC(657) Concurrent Cycle 450.982ms
[371.956s][info][gc,start       ] GC(659) Pause Young (Normal) (G1 Evacuation Pause)
[371.956s][info][gc,task        ] GC(659) Using 8 workers of 8 for evacuation
[371.958s][info][gc             ] GC(659) To-space exhausted
[371.958s][info][gc,phases      ] GC(659)   Pre Evacuate Collection Set: 0.1ms
[371.958s][info][gc,phases      ] GC(659)   Merge Heap Roots: 0.0ms
[371.958s][info][gc,phases      ] GC(659)   Evacuate Collection Set: 0.6ms
[371.958s][info][gc,phases      ] GC(659)   Post Evacuate Collection Set: 1.3ms
[371.958s][info][gc,phases      ] GC(659)   Other: 0.2ms
[371.958s][info][gc,heap        ] GC(659) Eden regions: 4->0(25)
[371.958s][info][gc,heap        ] GC(659) Survivor regions: 0->0(0)
[371.958s][info][gc,heap        ] GC(659) Old regions: 495->499
[371.958s][info][gc,heap        ] GC(659) Archive regions: 2->2
[371.958s][info][gc,heap        ] GC(659) Humongous regions: 11->11
[371.958s][info][gc,metaspace   ] GC(659) Metaspace: 48685K(50128K)->48685K(50128K) NonClass: 42844K(43856K)->42844K(43856K) Class: 5841K(6272K)->5841K(6272K)
[371.958s][info][gc             ] GC(659) Pause Young (Normal) (G1 Evacuation Pause) 506M->506M(512M) 2.359ms
[371.958s][info][gc,cpu         ] GC(659) User=0.01s Sys=0.00s Real=0.00s
[371.958s][info][gc,ergo        ] Attempting maximally compacting collection
[371.958s][info][gc,task        ] GC(660) Using 8 workers of 8 for full compaction
[371.959s][info][gc,start       ] GC(660) Pause Full (G1 Evacuation Pause)
[371.959s][info][gc,phases,start] GC(660) Phase 1: Mark live objects
[372.255s][info][gc,phases      ] GC(660) Phase 1: Mark live objects 296.412ms
[372.255s][info][gc,phases,start] GC(660) Phase 2: Prepare for compaction
[372.290s][info][gc,phases      ] GC(660) Phase 2: Prepare for compaction 34.535ms
[372.290s][info][gc,phases,start] GC(660) Phase 3: Adjust pointers
[372.377s][info][gc,phases      ] GC(660) Phase 3: Adjust pointers 87.104ms
[372.377s][info][gc,phases,start] GC(660) Phase 4: Compact heap
[372.405s][info][gc,phases      ] GC(660) Phase 4: Compact heap 28.246ms
[372.409s][info][gc,heap        ] GC(660) Eden regions: 0->0(25)
[372.409s][info][gc,heap        ] GC(660) Survivor regions: 0->0(0)
[372.409s][info][gc,heap        ] GC(660) Old regions: 499->495
[372.409s][info][gc,heap        ] GC(660) Archive regions: 2->2
[372.409s][info][gc,heap        ] GC(660) Humongous regions: 11->11
[372.410s][info][gc,metaspace   ] GC(660) Metaspace: 48685K(50128K)->48594K(50128K) NonClass: 42844K(43856K)->42766K(43856K) Class: 5841K(6272K)->5828K(6272K)
[372.410s][info][gc             ] GC(660) Pause Full (G1 Evacuation Pause) 506M->502M(512M) 451.011ms
[372.411s][info][gc,cpu         ] GC(660) User=2.50s Sys=0.05s Real=0.45s
[372.438s][info][gc,start       ] GC(661) Pause Young (Concurrent Start) (G1 Evacuation Pause)
[372.438s][info][gc,task        ] GC(661) Using 8 workers of 8 for evacuation
[372.441s][info][gc             ] GC(661) To-space exhausted
[372.441s][info][gc,phases      ] GC(661)   Pre Evacuate Collection Set: 0.2ms
[372.441s][info][gc,phases      ] GC(661)   Merge Heap Roots: 0.0ms
[372.441s][info][gc,phases      ] GC(661)   Evacuate Collection Set: 0.8ms
[372.441s][info][gc,phases      ] GC(661)   Post Evacuate Collection Set: 1.4ms
[372.441s][info][gc,phases      ] GC(661)   Other: 0.3ms
[372.441s][info][gc,heap        ] GC(661) Eden regions: 4->0(25)
[372.441s][info][gc,heap        ] GC(661) Survivor regions: 0->0(0)
[372.441s][info][gc,heap        ] GC(661) Old regions: 495->499
[372.441s][info][gc,heap        ] GC(661) Archive regions: 2->2
[372.441s][info][gc,heap        ] GC(661) Humongous regions: 11->11
[372.441s][info][gc,metaspace   ] GC(661) Metaspace: 48683K(50128K)->48683K(50128K) NonClass: 42842K(43856K)->42842K(43856K) Class: 5841K(6272K)->5841K(6272K)
[372.441s][info][gc             ] GC(661) Pause Young (Concurrent Start) (G1 Evacuation Pause) 506M->506M(512M) 2.745ms
[372.441s][info][gc,cpu         ] GC(661) User=0.01s Sys=0.00s Real=0.00s
[372.441s][info][gc,ergo        ] Attempting maximally compacting collection
[372.441s][info][gc             ] GC(662) Concurrent Cycle
[372.441s][info][gc,task        ] GC(663) Using 8 workers of 8 for full compaction
[372.441s][info][gc,marking     ] GC(662) Concurrent Clear Claimed Marks
[372.441s][info][gc,start       ] GC(663) Pause Full (G1 Evacuation Pause)
[372.441s][info][gc,marking     ] GC(662) Concurrent Clear Claimed Marks 0.112ms
[372.441s][info][gc,marking     ] GC(662) Concurrent Scan Root Regions
[372.441s][info][gc,marking     ] GC(662) Concurrent Scan Root Regions 0.012ms
[372.441s][info][gc,marking     ] GC(662) Concurrent Mark (372.441s)
[372.441s][info][gc,marking     ] GC(662) Concurrent Mark From Roots
[372.441s][info][gc,task        ] GC(662) Using 2 workers of 2 for marking
[372.442s][info][gc,phases,start] GC(663) Phase 1: Mark live objects
[372.760s][info][gc,phases      ] GC(663) Phase 1: Mark live objects 318.189ms
[372.760s][info][gc,phases,start] GC(663) Phase 2: Prepare for compaction
[372.798s][info][gc,phases      ] GC(663) Phase 2: Prepare for compaction 37.838ms
[372.798s][info][gc,phases,start] GC(663) Phase 3: Adjust pointers
[372.889s][info][gc,phases      ] GC(663) Phase 3: Adjust pointers 91.378ms
[372.889s][info][gc,phases,start] GC(663) Phase 4: Compact heap
[372.925s][info][gc,phases      ] GC(663) Phase 4: Compact heap 35.606ms
[372.928s][info][gc,heap        ] GC(663) Eden regions: 0->0(25)
[372.928s][info][gc,heap        ] GC(663) Survivor regions: 0->0(0)
[372.928s][info][gc,heap        ] GC(663) Old regions: 499->495
[372.928s][info][gc,heap        ] GC(663) Archive regions: 2->2
[372.928s][info][gc,heap        ] GC(663) Humongous regions: 11->11
[372.928s][info][gc,metaspace   ] GC(663) Metaspace: 48683K(50128K)->48567K(50128K) NonClass: 42842K(43856K)->42743K(43856K) Class: 5841K(6272K)->5824K(6272K)
[372.928s][info][gc             ] GC(663) Pause Full (G1 Evacuation Pause) 506M->503M(512M) 487.559ms
[372.930s][info][gc,cpu         ] GC(663) User=2.52s Sys=0.05s Real=0.49s
[372.931s][info][gc,marking     ] GC(662) Concurrent Mark From Roots 489.906ms
[372.931s][info][gc,marking     ] GC(662) Concurrent Mark Abort
[372.931s][info][gc             ] GC(662) Concurrent Cycle 490.188ms
[372.952s][info][gc,start       ] GC(664) Pause Young (Normal) (G1 Evacuation Pause)
[372.952s][info][gc,task        ] GC(664) Using 8 workers of 8 for evacuation
[372.954s][info][gc             ] GC(664) To-space exhausted
[372.954s][info][gc,phases      ] GC(664)   Pre Evacuate Collection Set: 0.1ms
[372.954s][info][gc,phases      ] GC(664)   Merge Heap Roots: 0.0ms
[372.954s][info][gc,phases      ] GC(664)   Evacuate Collection Set: 0.5ms
[372.954s][info][gc,phases      ] GC(664)   Post Evacuate Collection Set: 1.2ms
[372.954s][info][gc,phases      ] GC(664)   Other: 0.2ms
[372.954s][info][gc,heap        ] GC(664) Eden regions: 4->0(25)
[372.954s][info][gc,heap        ] GC(664) Survivor regions: 0->0(0)
[372.954s][info][gc,heap        ] GC(664) Old regions: 495->499
[372.954s][info][gc,heap        ] GC(664) Archive regions: 2->2
[372.954s][info][gc,heap        ] GC(664) Humongous regions: 11->11
[372.954s][info][gc,metaspace   ] GC(664) Metaspace: 48681K(50128K)->48681K(50128K) NonClass: 42840K(43856K)->42840K(43856K) Class: 5841K(6272K)->5841K(6272K)
[372.954s][info][gc             ] GC(664) Pause Young (Normal) (G1 Evacuation Pause) 507M->507M(512M) 2.094ms
[372.954s][info][gc,cpu         ] GC(664) User=0.00s Sys=0.00s Real=0.00s
[372.954s][info][gc,ergo        ] Attempting maximally compacting collection
[372.954s][info][gc,task        ] GC(665) Using 8 workers of 8 for full compaction
[372.954s][info][gc,start       ] GC(665) Pause Full (G1 Evacuation Pause)
[372.954s][info][gc,phases,start] GC(665) Phase 1: Mark live objects
[373.250s][info][gc,phases      ] GC(665) Phase 1: Mark live objects 296.164ms
[373.250s][info][gc,phases,start] GC(665) Phase 2: Prepare for compaction
[373.288s][info][gc,phases      ] GC(665) Phase 2: Prepare for compaction 37.857ms
[373.288s][info][gc,phases,start] GC(665) Phase 3: Adjust pointers
[373.370s][info][gc,phases      ] GC(665) Phase 3: Adjust pointers 82.014ms
[373.370s][info][gc,phases,start] GC(665) Phase 4: Compact heap
[373.405s][info][gc,phases      ] GC(665) Phase 4: Compact heap 34.999ms
[373.408s][info][gc,heap        ] GC(665) Eden regions: 0->0(25)
[373.409s][info][gc,heap        ] GC(665) Survivor regions: 0->0(0)
[373.409s][info][gc,heap        ] GC(665) Old regions: 499->495
[373.409s][info][gc,heap        ] GC(665) Archive regions: 2->2
[373.409s][info][gc,heap        ] GC(665) Humongous regions: 11->11
[373.409s][info][gc,metaspace   ] GC(665) Metaspace: 48681K(50128K)->48594K(50128K) NonClass: 42840K(43856K)->42766K(43856K) Class: 5841K(6272K)->5828K(6272K)
[373.409s][info][gc             ] GC(665) Pause Full (G1 Evacuation Pause) 507M->503M(512M) 454.398ms
[373.410s][info][gc,cpu         ] GC(665) User=2.50s Sys=0.05s Real=0.46s
[373.438s][info][gc,start       ] GC(666) Pause Young (Concurrent Start) (G1 Evacuation Pause)
[373.438s][info][gc,task        ] GC(666) Using 8 workers of 8 for evacuation
[373.440s][info][gc             ] GC(666) To-space exhausted
[373.440s][info][gc,phases      ] GC(666)   Pre Evacuate Collection Set: 0.2ms
[373.440s][info][gc,phases      ] GC(666)   Merge Heap Roots: 0.1ms
[373.440s][info][gc,phases      ] GC(666)   Evacuate Collection Set: 0.8ms
[373.440s][info][gc,phases      ] GC(666)   Post Evacuate Collection Set: 1.2ms
[373.440s][info][gc,phases      ] GC(666)   Other: 0.2ms
[373.440s][info][gc,heap        ] GC(666) Eden regions: 4->0(25)
[373.440s][info][gc,heap        ] GC(666) Survivor regions: 0->0(0)
[373.440s][info][gc,heap        ] GC(666) Old regions: 495->499
[373.440s][info][gc,heap        ] GC(666) Archive regions: 2->2
[373.440s][info][gc,heap        ] GC(666) Humongous regions: 11->11
[373.440s][info][gc,metaspace   ] GC(666) Metaspace: 48683K(50128K)->48683K(50128K) NonClass: 42842K(43856K)->42842K(43856K) Class: 5841K(6272K)->5841K(6272K)
[373.440s][info][gc             ] GC(666) Pause Young (Concurrent Start) (G1 Evacuation Pause) 507M->507M(512M) 2.511ms
[373.440s][info][gc,cpu         ] GC(666) User=0.01s Sys=0.00s Real=0.00s
[373.440s][info][gc,ergo        ] Attempting maximally compacting collection
[373.440s][info][gc,task        ] GC(667) Using 8 workers of 8 for full compaction
[373.440s][info][gc,start       ] GC(667) Pause Full (G1 Evacuation Pause)
[373.440s][info][gc             ] GC(668) Concurrent Cycle
[373.440s][info][gc,marking     ] GC(668) Concurrent Clear Claimed Marks
[373.440s][info][gc,marking     ] GC(668) Concurrent Clear Claimed Marks 0.161ms
[373.440s][info][gc,marking     ] GC(668) Concurrent Scan Root Regions
[373.440s][info][gc,marking     ] GC(668) Concurrent Scan Root Regions 0.021ms
[373.440s][info][gc,marking     ] GC(668) Concurrent Mark (373.440s)
[373.440s][info][gc,marking     ] GC(668) Concurrent Mark From Roots
[373.440s][info][gc,task        ] GC(668) Using 2 workers of 2 for marking
[373.441s][info][gc,phases,start] GC(667) Phase 1: Mark live objects
[373.725s][info][gc,phases      ] GC(667) Phase 1: Mark live objects 283.734ms
[373.725s][info][gc,phases,start] GC(667) Phase 2: Prepare for compaction
[373.763s][info][gc,phases      ] GC(667) Phase 2: Prepare for compaction 37.914ms
[373.763s][info][gc,phases,start] GC(667) Phase 3: Adjust pointers
[373.856s][info][gc,phases      ] GC(667) Phase 3: Adjust pointers 92.965ms
[373.856s][info][gc,phases,start] GC(667) Phase 4: Compact heap
[373.884s][info][gc,phases      ] GC(667) Phase 4: Compact heap 28.312ms
[373.887s][info][gc,heap        ] GC(667) Eden regions: 0->0(25)
[373.887s][info][gc,heap        ] GC(667) Survivor regions: 0->0(0)
[373.887s][info][gc,heap        ] GC(667) Old regions: 499->496
[373.887s][info][gc,heap        ] GC(667) Archive regions: 2->2
[373.887s][info][gc,heap        ] GC(667) Humongous regions: 11->11
[373.887s][info][gc,metaspace   ] GC(667) Metaspace: 48683K(50128K)->48603K(50128K) NonClass: 42842K(43856K)->42774K(43856K) Class: 5841K(6272K)->5829K(6272K)
[373.887s][info][gc             ] GC(667) Pause Full (G1 Evacuation Pause) 507M->503M(512M) 447.309ms
[373.889s][info][gc,cpu         ] GC(667) User=2.52s Sys=0.04s Real=0.45s
[373.889s][info][gc,marking     ] GC(668) Concurrent Mark From Roots 448.260ms
[373.889s][info][gc,marking     ] GC(668) Concurrent Mark Abort
[373.889s][info][gc             ] GC(668) Concurrent Cycle 448.586ms
[373.905s][info][gc,start       ] GC(669) Pause Young (Normal) (G1 Evacuation Pause)
[373.905s][info][gc,task        ] GC(669) Using 8 workers of 8 for evacuation
[373.906s][info][gc             ] GC(669) To-space exhausted
[373.906s][info][gc,phases      ] GC(669)   Pre Evacuate Collection Set: 0.1ms
[373.906s][info][gc,phases      ] GC(669)   Merge Heap Roots: 0.0ms
[373.906s][info][gc,phases      ] GC(669)   Evacuate Collection Set: 0.5ms
[373.906s][info][gc,phases      ] GC(669)   Post Evacuate Collection Set: 0.9ms
[373.907s][info][gc,phases      ] GC(669)   Other: 0.2ms
[373.907s][info][gc,heap        ] GC(669) Eden regions: 3->0(25)
[373.907s][info][gc,heap        ] GC(669) Survivor regions: 0->0(0)
[373.907s][info][gc,heap        ] GC(669) Old regions: 496->499
[373.907s][info][gc,heap        ] GC(669) Archive regions: 2->2
[373.907s][info][gc,heap        ] GC(669) Humongous regions: 11->11
[373.907s][info][gc,metaspace   ] GC(669) Metaspace: 48667K(50128K)->48667K(50128K) NonClass: 42828K(43856K)->42828K(43856K) Class: 5838K(6272K)->5838K(6272K)
[373.907s][info][gc             ] GC(669) Pause Young (Normal) (G1 Evacuation Pause) 506M->506M(512M) 1.737ms
[373.907s][info][gc,cpu         ] GC(669) User=0.00s Sys=0.00s Real=0.01s
[373.907s][info][gc,ergo        ] Attempting maximally compacting collection
[373.907s][info][gc,task        ] GC(670) Using 8 workers of 8 for full compaction
[373.907s][info][gc,start       ] GC(670) Pause Full (G1 Evacuation Pause)
[373.907s][info][gc,phases,start] GC(670) Phase 1: Mark live objects
[374.184s][info][gc,phases      ] GC(670) Phase 1: Mark live objects 276.926ms
[374.184s][info][gc,phases,start] GC(670) Phase 2: Prepare for compaction
[374.219s][info][gc,phases      ] GC(670) Phase 2: Prepare for compaction 34.887ms
[374.219s][info][gc,phases,start] GC(670) Phase 3: Adjust pointers
[374.312s][info][gc,phases      ] GC(670) Phase 3: Adjust pointers 93.466ms
[374.312s][info][gc,phases,start] GC(670) Phase 4: Compact heap
[374.346s][info][gc,phases      ] GC(670) Phase 4: Compact heap 34.000ms
[374.350s][info][gc,heap        ] GC(670) Eden regions: 0->0(25)
[374.350s][info][gc,heap        ] GC(670) Survivor regions: 0->0(0)
[374.350s][info][gc,heap        ] GC(670) Old regions: 499->495
[374.350s][info][gc,heap        ] GC(670) Archive regions: 2->2
[374.350s][info][gc,heap        ] GC(670) Humongous regions: 11->11
[374.350s][info][gc,metaspace   ] GC(670) Metaspace: 48667K(50128K)->48597K(50128K) NonClass: 42828K(43856K)->42768K(43856K) Class: 5838K(6272K)->5828K(6272K)
[374.350s][info][gc             ] GC(670) Pause Full (G1 Evacuation Pause) 506M->503M(512M) 443.823ms
[374.353s][info][gc,cpu         ] GC(670) User=2.51s Sys=0.05s Real=0.44s
[374.375s][info][gc,start       ] GC(671) Pause Young (Concurrent Start) (G1 Evacuation Pause)
[374.376s][info][gc,task        ] GC(671) Using 8 workers of 8 for evacuation
[374.379s][info][gc             ] GC(671) To-space exhausted
[374.379s][info][gc,phases      ] GC(671)   Pre Evacuate Collection Set: 0.1ms
[374.379s][info][gc,phases      ] GC(671)   Merge Heap Roots: 0.0ms
[374.379s][info][gc,phases      ] GC(671)   Evacuate Collection Set: 1.7ms
[374.379s][info][gc,phases      ] GC(671)   Post Evacuate Collection Set: 1.3ms
[374.379s][info][gc,phases      ] GC(671)   Other: 0.2ms
[374.379s][info][gc,heap        ] GC(671) Eden regions: 4->0(25)
[374.379s][info][gc,heap        ] GC(671) Survivor regions: 0->0(0)
[374.379s][info][gc,heap        ] GC(671) Old regions: 495->499
[374.379s][info][gc,heap        ] GC(671) Archive regions: 2->2
[374.379s][info][gc,heap        ] GC(671) Humongous regions: 11->11
[374.379s][info][gc,metaspace   ] GC(671) Metaspace: 48672K(50128K)->48672K(50128K) NonClass: 42832K(43856K)->42832K(43856K) Class: 5839K(6272K)->5839K(6272K)
[374.379s][info][gc             ] GC(671) Pause Young (Concurrent Start) (G1 Evacuation Pause) 507M->507M(512M) 3.428ms
[374.379s][info][gc,cpu         ] GC(671) User=0.01s Sys=0.00s Real=0.01s
[374.379s][info][gc,ergo        ] Attempting maximally compacting collection
[374.379s][info][gc             ] GC(673) Concurrent Cycle
[374.379s][info][gc,task        ] GC(672) Using 8 workers of 8 for full compaction
[374.379s][info][gc,marking     ] GC(673) Concurrent Clear Claimed Marks
[374.379s][info][gc,start       ] GC(672) Pause Full (G1 Evacuation Pause)
[374.379s][info][gc,marking     ] GC(673) Concurrent Clear Claimed Marks 0.092ms
[374.379s][info][gc,marking     ] GC(673) Concurrent Scan Root Regions
[374.379s][info][gc,marking     ] GC(673) Concurrent Scan Root Regions 0.010ms
[374.379s][info][gc,marking     ] GC(673) Concurrent Mark (374.379s)
[374.379s][info][gc,marking     ] GC(673) Concurrent Mark From Roots
[374.379s][info][gc,task        ] GC(673) Using 2 workers of 2 for marking
[374.380s][info][gc,phases,start] GC(672) Phase 1: Mark live objects
[374.745s][info][gc,phases      ] GC(672) Phase 1: Mark live objects 365.176ms
[374.745s][info][gc,phases,start] GC(672) Phase 2: Prepare for compaction
[374.789s][info][gc,phases      ] GC(672) Phase 2: Prepare for compaction 43.420ms
[374.789s][info][gc,phases,start] GC(672) Phase 3: Adjust pointers
[374.877s][info][gc,phases      ] GC(672) Phase 3: Adjust pointers 88.608ms
[374.877s][info][gc,phases,start] GC(672) Phase 4: Compact heap
[374.915s][info][gc,phases      ] GC(672) Phase 4: Compact heap 38.056ms
[374.920s][info][gc,heap        ] GC(672) Eden regions: 0->0(25)
[374.920s][info][gc,heap        ] GC(672) Survivor regions: 0->0(0)
[374.920s][info][gc,heap        ] GC(672) Old regions: 499->494
[374.920s][info][gc,heap        ] GC(672) Archive regions: 2->2
[374.920s][info][gc,heap        ] GC(672) Humongous regions: 11->11
[374.920s][info][gc,metaspace   ] GC(672) Metaspace: 48672K(50128K)->48582K(50128K) NonClass: 42832K(43856K)->42756K(43856K) Class: 5839K(6272K)->5826K(6272K)
[374.920s][info][gc             ] GC(672) Pause Full (G1 Evacuation Pause) 507M->503M(512M) 540.626ms
[374.922s][info][gc,cpu         ] GC(672) User=2.51s Sys=0.06s Real=0.54s
[374.922s][info][gc,marking     ] GC(673) Concurrent Mark From Roots 542.621ms
[374.922s][info][gc,marking     ] GC(673) Concurrent Mark Abort
[374.922s][info][gc             ] GC(673) Concurrent Cycle 542.839ms
[374.943s][info][gc,start       ] GC(674) Pause Young (Normal) (G1 Evacuation Pause)
[374.943s][info][gc,task        ] GC(674) Using 8 workers of 8 for evacuation
[374.945s][info][gc             ] GC(674) To-space exhausted
[374.945s][info][gc,phases      ] GC(674)   Pre Evacuate Collection Set: 0.1ms
[374.945s][info][gc,phases      ] GC(674)   Merge Heap Roots: 0.0ms
[374.945s][info][gc,phases      ] GC(674)   Evacuate Collection Set: 0.7ms
[374.945s][info][gc,phases      ] GC(674)   Post Evacuate Collection Set: 1.1ms
[374.945s][info][gc,phases      ] GC(674)   Other: 0.2ms
[374.945s][info][gc,heap        ] GC(674) Eden regions: 5->0(25)
[374.945s][info][gc,heap        ] GC(674) Survivor regions: 0->0(0)
[374.945s][info][gc,heap        ] GC(674) Old regions: 494->499
[374.945s][info][gc,heap        ] GC(674) Archive regions: 2->2
[374.945s][info][gc,heap        ] GC(674) Humongous regions: 11->11
[374.945s][info][gc,metaspace   ] GC(674) Metaspace: 48664K(50128K)->48664K(50128K) NonClass: 42826K(43856K)->42826K(43856K) Class: 5838K(6272K)->5838K(6272K)
[374.945s][info][gc             ] GC(674) Pause Young (Normal) (G1 Evacuation Pause) 508M->508M(512M) 2.177ms
[374.945s][info][gc,cpu         ] GC(674) User=0.01s Sys=0.00s Real=0.00s
[374.945s][info][gc,ergo        ] Attempting maximally compacting collection
[374.945s][info][gc,task        ] GC(675) Using 8 workers of 8 for full compaction
[374.945s][info][gc,start       ] GC(675) Pause Full (G1 Evacuation Pause)
[374.945s][info][gc,phases,start] GC(675) Phase 1: Mark live objects
[375.260s][info][gc,phases      ] GC(675) Phase 1: Mark live objects 314.925ms
[375.260s][info][gc,phases,start] GC(675) Phase 2: Prepare for compaction
[375.300s][info][gc,phases      ] GC(675) Phase 2: Prepare for compaction 40.171ms
[375.300s][info][gc,phases,start] GC(675) Phase 3: Adjust pointers
[375.386s][info][gc,phases      ] GC(675) Phase 3: Adjust pointers 85.562ms
[375.386s][info][gc,phases,start] GC(675) Phase 4: Compact heap
[375.418s][info][gc,phases      ] GC(675) Phase 4: Compact heap 31.696ms
[375.422s][info][gc,heap        ] GC(675) Eden regions: 0->0(25)
[375.422s][info][gc,heap        ] GC(675) Survivor regions: 0->0(0)
[375.422s][info][gc,heap        ] GC(675) Old regions: 499->494
[375.422s][info][gc,heap        ] GC(675) Archive regions: 2->2
[375.422s][info][gc,heap        ] GC(675) Humongous regions: 11->11
[375.422s][info][gc,metaspace   ] GC(675) Metaspace: 48664K(50128K)->48575K(50128K) NonClass: 42826K(43856K)->42749K(43856K) Class: 5838K(6272K)->5825K(6272K)
[375.422s][info][gc             ] GC(675) Pause Full (G1 Evacuation Pause) 508M->503M(512M) 476.929ms
[375.424s][info][gc,cpu         ] GC(675) User=2.50s Sys=0.05s Real=0.48s
[375.450s][info][gc,start       ] GC(676) Pause Young (Concurrent Start) (G1 Evacuation Pause)
[375.450s][info][gc,task        ] GC(676) Using 8 workers of 8 for evacuation
[375.453s][info][gc             ] GC(676) To-space exhausted
[375.453s][info][gc,phases      ] GC(676)   Pre Evacuate Collection Set: 0.2ms
[375.453s][info][gc,phases      ] GC(676)   Merge Heap Roots: 0.0ms
[375.453s][info][gc,phases      ] GC(676)   Evacuate Collection Set: 0.8ms
[375.453s][info][gc,phases      ] GC(676)   Post Evacuate Collection Set: 1.9ms
[375.453s][info][gc,phases      ] GC(676)   Other: 0.3ms
[375.453s][info][gc,heap        ] GC(676) Eden regions: 5->0(25)
[375.453s][info][gc,heap        ] GC(676) Survivor regions: 0->0(0)
[375.453s][info][gc,heap        ] GC(676) Old regions: 494->499
[375.453s][info][gc,heap        ] GC(676) Archive regions: 2->2
[375.453s][info][gc,heap        ] GC(676) Humongous regions: 11->11
[375.453s][info][gc,metaspace   ] GC(676) Metaspace: 48687K(50128K)->48687K(50128K) NonClass: 42846K(43856K)->42846K(43856K) Class: 5841K(6272K)->5841K(6272K)
[375.453s][info][gc             ] GC(676) Pause Young (Concurrent Start) (G1 Evacuation Pause) 508M->508M(512M) 3.601ms
[375.453s][info][gc,cpu         ] GC(676) User=0.01s Sys=0.00s Real=0.00s
[375.453s][info][gc,ergo        ] Attempting maximally compacting collection
[375.453s][info][gc             ] GC(677) Concurrent Cycle
[375.453s][info][gc,marking     ] GC(677) Concurrent Clear Claimed Marks
[375.453s][info][gc,task        ] GC(678) Using 8 workers of 8 for full compaction
[375.453s][info][gc,start       ] GC(678) Pause Full (G1 Evacuation Pause)
[375.453s][info][gc,marking     ] GC(677) Concurrent Clear Claimed Marks 0.062ms
[375.453s][info][gc,marking     ] GC(677) Concurrent Scan Root Regions
[375.453s][info][gc,marking     ] GC(677) Concurrent Scan Root Regions 0.017ms
[375.453s][info][gc,marking     ] GC(677) Concurrent Mark (375.453s)
[375.453s][info][gc,marking     ] GC(677) Concurrent Mark From Roots
[375.454s][info][gc,task        ] GC(677) Using 2 workers of 2 for marking
[375.454s][info][gc,phases,start] GC(678) Phase 1: Mark live objects
[375.754s][info][gc,phases      ] GC(678) Phase 1: Mark live objects 299.573ms
[375.754s][info][gc,phases,start] GC(678) Phase 2: Prepare for compaction
[375.792s][info][gc,phases      ] GC(678) Phase 2: Prepare for compaction 37.819ms
[375.792s][info][gc,phases,start] GC(678) Phase 3: Adjust pointers
[375.882s][info][gc,phases      ] GC(678) Phase 3: Adjust pointers 90.612ms
[375.882s][info][gc,phases,start] GC(678) Phase 4: Compact heap
[375.918s][info][gc,phases      ] GC(678) Phase 4: Compact heap 35.276ms
[375.922s][info][gc,heap        ] GC(678) Eden regions: 0->0(25)
[375.922s][info][gc,heap        ] GC(678) Survivor regions: 0->0(0)
[375.922s][info][gc,heap        ] GC(678) Old regions: 499->496
[375.922s][info][gc,heap        ] GC(678) Archive regions: 2->2
[375.922s][info][gc,heap        ] GC(678) Humongous regions: 11->11
[375.922s][info][gc,metaspace   ] GC(678) Metaspace: 48687K(50128K)->48623K(50128K) NonClass: 42846K(43856K)->42790K(43856K) Class: 5841K(6272K)->5832K(6272K)
[375.922s][info][gc             ] GC(678) Pause Full (G1 Evacuation Pause) 508M->503M(512M) 468.508ms
[375.923s][info][gc,cpu         ] GC(678) User=2.52s Sys=0.04s Real=0.47s
[375.924s][info][gc,marking     ] GC(677) Concurrent Mark From Roots 470.008ms
[375.924s][info][gc,marking     ] GC(677) Concurrent Mark Abort
[375.924s][info][gc             ] GC(677) Concurrent Cycle 470.264ms
[375.988s][info][gc,start       ] GC(679) Pause Young (Normal) (G1 Evacuation Pause)
[375.988s][info][gc,task        ] GC(679) Using 8 workers of 8 for evacuation
[376.031s][info][gc             ] GC(679) To-space exhausted
[376.031s][info][gc,phases      ] GC(679)   Pre Evacuate Collection Set: 10.1ms
[376.031s][info][gc,phases      ] GC(679)   Merge Heap Roots: 0.2ms
[376.031s][info][gc,phases      ] GC(679)   Evacuate Collection Set: 30.7ms
[376.031s][info][gc,phases      ] GC(679)   Post Evacuate Collection Set: 2.4ms
[376.032s][info][gc,phases      ] GC(679)   Other: 0.3ms
[376.032s][info][gc,heap        ] GC(679) Eden regions: 3->0(25)
[376.032s][info][gc,heap        ] GC(679) Survivor regions: 0->0(0)
[376.032s][info][gc,heap        ] GC(679) Old regions: 496->499
[376.032s][info][gc,heap        ] GC(679) Archive regions: 2->2
[376.032s][info][gc,heap        ] GC(679) Humongous regions: 11->11
[376.032s][info][gc,metaspace   ] GC(679) Metaspace: 48673K(50128K)->48673K(50128K) NonClass: 42836K(43856K)->42836K(43856K) Class: 5836K(6272K)->5836K(6272K)
[376.032s][info][gc             ] GC(679) Pause Young (Normal) (G1 Evacuation Pause) 506M->506M(512M) 43.832ms
[376.032s][info][gc,cpu         ] GC(679) User=0.01s Sys=0.00s Real=0.04s
[376.032s][info][gc,ergo        ] Attempting maximally compacting collection
[376.032s][info][gc,task        ] GC(680) Using 8 workers of 8 for full compaction
[376.032s][info][gc,start       ] GC(680) Pause Full (G1 Evacuation Pause)
[376.032s][info][gc,phases,start] GC(680) Phase 1: Mark live objects
[376.461s][info][gc,phases      ] GC(680) Phase 1: Mark live objects 429.053ms
[376.461s][info][gc,phases,start] GC(680) Phase 2: Prepare for compaction
[376.504s][info][gc,phases      ] GC(680) Phase 2: Prepare for compaction 42.517ms
[376.504s][info][gc,phases,start] GC(680) Phase 3: Adjust pointers
[376.611s][info][gc,phases      ] GC(680) Phase 3: Adjust pointers 106.914ms
[376.611s][info][gc,phases,start] GC(680) Phase 4: Compact heap
[376.654s][info][gc,phases      ] GC(680) Phase 4: Compact heap 43.642ms
[376.659s][info][gc,heap        ] GC(680) Eden regions: 0->0(25)
[376.659s][info][gc,heap        ] GC(680) Survivor regions: 0->0(0)
[376.659s][info][gc,heap        ] GC(680) Old regions: 499->495
[376.659s][info][gc,heap        ] GC(680) Archive regions: 2->2
[376.659s][info][gc,heap        ] GC(680) Humongous regions: 11->11
[376.659s][info][gc,metaspace   ] GC(680) Metaspace: 48673K(50128K)->48595K(50128K) NonClass: 42836K(43856K)->42769K(43856K) Class: 5836K(6272K)->5825K(6272K)
[376.659s][info][gc             ] GC(680) Pause Full (G1 Evacuation Pause) 506M->503M(512M) 627.666ms
[376.661s][info][gc,cpu         ] GC(680) User=2.55s Sys=0.04s Real=0.63s
[376.680s][info][gc,start       ] GC(681) Pause Young (Concurrent Start) (G1 Evacuation Pause)
[376.680s][info][gc,task        ] GC(681) Using 8 workers of 8 for evacuation
[376.682s][info][gc             ] GC(681) To-space exhausted
[376.682s][info][gc,phases      ] GC(681)   Pre Evacuate Collection Set: 0.1ms
[376.682s][info][gc,phases      ] GC(681)   Merge Heap Roots: 0.0ms
[376.682s][info][gc,phases      ] GC(681)   Evacuate Collection Set: 0.8ms
[376.682s][info][gc,phases      ] GC(681)   Post Evacuate Collection Set: 1.5ms
[376.682s][info][gc,phases      ] GC(681)   Other: 0.3ms
[376.682s][info][gc,heap        ] GC(681) Eden regions: 4->0(25)
[376.682s][info][gc,heap        ] GC(681) Survivor regions: 0->0(0)
[376.682s][info][gc,heap        ] GC(681) Old regions: 495->499
[376.682s][info][gc,heap        ] GC(681) Archive regions: 2->2
[376.682s][info][gc,heap        ] GC(681) Humongous regions: 11->11
[376.682s][info][gc,metaspace   ] GC(681) Metaspace: 48671K(50128K)->48671K(50128K) NonClass: 42835K(43856K)->42835K(43856K) Class: 5836K(6272K)->5836K(6272K)
[376.682s][info][gc             ] GC(681) Pause Young (Concurrent Start) (G1 Evacuation Pause) 507M->507M(512M) 2.855ms
[376.682s][info][gc,cpu         ] GC(681) User=0.01s Sys=0.00s Real=0.00s
[376.683s][info][gc,ergo        ] Attempting maximally compacting collection
[376.683s][info][gc             ] GC(682) Concurrent Cycle
[376.683s][info][gc,task        ] GC(683) Using 8 workers of 8 for full compaction
[376.683s][info][gc,marking     ] GC(682) Concurrent Clear Claimed Marks
[376.683s][info][gc,start       ] GC(683) Pause Full (G1 Evacuation Pause)
[376.683s][info][gc,marking     ] GC(682) Concurrent Clear Claimed Marks 0.069ms
[376.683s][info][gc,marking     ] GC(682) Concurrent Scan Root Regions
[376.683s][info][gc,marking     ] GC(682) Concurrent Scan Root Regions 0.013ms
[376.683s][info][gc,marking     ] GC(682) Concurrent Mark (376.683s)
[376.683s][info][gc,marking     ] GC(682) Concurrent Mark From Roots
[376.683s][info][gc,task        ] GC(682) Using 2 workers of 2 for marking
[376.683s][info][gc,phases,start] GC(683) Phase 1: Mark live objects
[377.127s][info][gc,phases      ] GC(683) Phase 1: Mark live objects 443.862ms
[377.127s][info][gc,phases,start] GC(683) Phase 2: Prepare for compaction
[377.175s][info][gc,phases      ] GC(683) Phase 2: Prepare for compaction 47.171ms
[377.175s][info][gc,phases,start] GC(683) Phase 3: Adjust pointers
[377.562s][info][gc,phases      ] GC(683) Phase 3: Adjust pointers 386.959ms
[377.562s][info][gc,phases,start] GC(683) Phase 4: Compact heap
[377.619s][info][gc,phases      ] GC(683) Phase 4: Compact heap 56.951ms
[377.627s][info][gc,heap        ] GC(683) Eden regions: 0->0(25)
[377.627s][info][gc,heap        ] GC(683) Survivor regions: 0->0(0)
[377.627s][info][gc,heap        ] GC(683) Old regions: 499->495
[377.627s][info][gc,heap        ] GC(683) Archive regions: 2->2
[377.627s][info][gc,heap        ] GC(683) Humongous regions: 11->11
[377.627s][info][gc,metaspace   ] GC(683) Metaspace: 48671K(50128K)->48663K(50128K) NonClass: 42835K(43856K)->42828K(43856K) Class: 5836K(6272K)->5835K(6272K)
[377.627s][info][gc             ] GC(683) Pause Full (G1 Evacuation Pause) 507M->503M(512M) 944.372ms
[377.629s][info][gc,cpu         ] GC(683) User=2.57s Sys=0.05s Real=0.95s
[377.630s][info][gc,marking     ] GC(682) Concurrent Mark From Roots 947.320ms
[377.630s][info][gc,marking     ] GC(682) Concurrent Mark Abort
[377.630s][info][gc             ] GC(682) Concurrent Cycle 947.608ms
[377.660s][info][gc,start       ] GC(684) Pause Young (Normal) (G1 Evacuation Pause)
[377.660s][info][gc,task        ] GC(684) Using 8 workers of 8 for evacuation
[377.664s][info][gc             ] GC(684) To-space exhausted
[377.664s][info][gc,phases      ] GC(684)   Pre Evacuate Collection Set: 0.1ms
[377.664s][info][gc,phases      ] GC(684)   Merge Heap Roots: 0.1ms
[377.664s][info][gc,phases      ] GC(684)   Evacuate Collection Set: 1.1ms
[377.664s][info][gc,phases      ] GC(684)   Post Evacuate Collection Set: 2.2ms
[377.664s][info][gc,phases      ] GC(684)   Other: 0.3ms
[377.664s][info][gc,heap        ] GC(684) Eden regions: 4->0(25)
[377.664s][info][gc,heap        ] GC(684) Survivor regions: 0->0(0)
[377.664s][info][gc,heap        ] GC(684) Old regions: 495->499
[377.664s][info][gc,heap        ] GC(684) Archive regions: 2->2
[377.664s][info][gc,heap        ] GC(684) Humongous regions: 11->11
[377.664s][info][gc,metaspace   ] GC(684) Metaspace: 48696K(50128K)->48696K(50128K) NonClass: 42857K(43856K)->42857K(43856K) Class: 5839K(6272K)->5839K(6272K)
[377.664s][info][gc             ] GC(684) Pause Young (Normal) (G1 Evacuation Pause) 507M->507M(512M) 3.982ms
[377.664s][info][gc,cpu         ] GC(684) User=0.00s Sys=0.00s Real=0.00s
[377.664s][info][gc,ergo        ] Attempting maximally compacting collection
[377.664s][info][gc,task        ] GC(685) Using 8 workers of 8 for full compaction
[377.664s][info][gc,start       ] GC(685) Pause Full (G1 Evacuation Pause)
[377.664s][info][gc,phases,start] GC(685) Phase 1: Mark live objects
[378.343s][info][gc,phases      ] GC(685) Phase 1: Mark live objects 678.642ms
[378.343s][info][gc,phases,start] GC(685) Phase 2: Prepare for compaction
[378.476s][info][gc,phases      ] GC(685) Phase 2: Prepare for compaction 133.619ms
[378.476s][info][gc,phases,start] GC(685) Phase 3: Adjust pointers
[378.748s][info][gc,phases      ] GC(685) Phase 3: Adjust pointers 271.167ms
[378.748s][info][gc,phases,start] GC(685) Phase 4: Compact heap
[378.816s][info][gc,phases      ] GC(685) Phase 4: Compact heap 68.633ms
[378.823s][info][gc,heap        ] GC(685) Eden regions: 0->0(25)
[378.823s][info][gc,heap        ] GC(685) Survivor regions: 0->0(0)
[378.823s][info][gc,heap        ] GC(685) Old regions: 499->494
[378.823s][info][gc,heap        ] GC(685) Archive regions: 2->2
[378.823s][info][gc,heap        ] GC(685) Humongous regions: 11->11
[378.823s][info][gc,metaspace   ] GC(685) Metaspace: 48696K(50128K)->48587K(50128K) NonClass: 42857K(43856K)->42763K(43856K) Class: 5839K(6272K)->5824K(6272K)
[378.823s][info][gc             ] GC(685) Pause Full (G1 Evacuation Pause) 507M->503M(512M) 1158.686ms
[378.824s][info][gc,cpu         ] GC(685) User=2.55s Sys=0.04s Real=1.16s
[378.848s][info][gc,start       ] GC(686) Pause Young (Concurrent Start) (G1 Evacuation Pause)
[378.848s][info][gc,task        ] GC(686) Using 8 workers of 8 for evacuation
[378.852s][info][gc             ] GC(686) To-space exhausted
[378.853s][info][gc,phases      ] GC(686)   Pre Evacuate Collection Set: 0.3ms
[378.853s][info][gc,phases      ] GC(686)   Merge Heap Roots: 0.1ms
[378.853s][info][gc,phases      ] GC(686)   Evacuate Collection Set: 1.6ms
[378.853s][info][gc,phases      ] GC(686)   Post Evacuate Collection Set: 2.1ms
[378.853s][info][gc,phases      ] GC(686)   Other: 0.4ms
[378.853s][info][gc,heap        ] GC(686) Eden regions: 5->0(25)
[378.853s][info][gc,heap        ] GC(686) Survivor regions: 0->0(0)
[378.853s][info][gc,heap        ] GC(686) Old regions: 494->499
[378.853s][info][gc,heap        ] GC(686) Archive regions: 2->2
[378.853s][info][gc,heap        ] GC(686) Humongous regions: 11->11
[378.853s][info][gc,metaspace   ] GC(686) Metaspace: 48698K(50128K)->48698K(50128K) NonClass: 42857K(43856K)->42857K(43856K) Class: 5840K(6272K)->5840K(6272K)
[378.853s][info][gc             ] GC(686) Pause Young (Concurrent Start) (G1 Evacuation Pause) 508M->508M(512M) 4.803ms
[378.853s][info][gc,cpu         ] GC(686) User=0.01s Sys=0.00s Real=0.00s
[378.853s][info][gc,ergo        ] Attempting maximally compacting collection
[378.853s][info][gc             ] GC(687) Concurrent Cycle
[378.853s][info][gc,task        ] GC(688) Using 8 workers of 8 for full compaction
[378.853s][info][gc,marking     ] GC(687) Concurrent Clear Claimed Marks
[378.853s][info][gc,start       ] GC(688) Pause Full (G1 Evacuation Pause)
[378.853s][info][gc,marking     ] GC(687) Concurrent Clear Claimed Marks 0.137ms
[378.853s][info][gc,marking     ] GC(687) Concurrent Scan Root Regions
[378.853s][info][gc,marking     ] GC(687) Concurrent Scan Root Regions 0.013ms
[378.853s][info][gc,marking     ] GC(687) Concurrent Mark (378.853s)
[378.853s][info][gc,marking     ] GC(687) Concurrent Mark From Roots
[378.853s][info][gc,task        ] GC(687) Using 2 workers of 2 for marking
[378.854s][info][gc,phases,start] GC(688) Phase 1: Mark live objects
[379.511s][info][gc,phases      ] GC(688) Phase 1: Mark live objects 657.066ms
[379.511s][info][gc,phases,start] GC(688) Phase 2: Prepare for compaction
[379.576s][info][gc,phases      ] GC(688) Phase 2: Prepare for compaction 64.693ms
[379.576s][info][gc,phases,start] GC(688) Phase 3: Adjust pointers
[379.819s][info][gc,phases      ] GC(688) Phase 3: Adjust pointers 243.463ms
[379.819s][info][gc,phases,start] GC(688) Phase 4: Compact heap
[379.876s][info][gc,phases      ] GC(688) Phase 4: Compact heap 56.643ms
[379.881s][info][gc,heap        ] GC(688) Eden regions: 0->0(25)
[379.881s][info][gc,heap        ] GC(688) Survivor regions: 0->0(0)
[379.881s][info][gc,heap        ] GC(688) Old regions: 499->495
[379.881s][info][gc,heap        ] GC(688) Archive regions: 2->2
[379.881s][info][gc,heap        ] GC(688) Humongous regions: 11->11
[379.881s][info][gc,metaspace   ] GC(688) Metaspace: 48698K(50128K)->48595K(50128K) NonClass: 42857K(43856K)->42770K(43856K) Class: 5840K(6272K)->5825K(6272K)
[379.881s][info][gc             ] GC(688) Pause Full (G1 Evacuation Pause) 508M->503M(512M) 1028.326ms
[379.883s][info][gc,cpu         ] GC(688) User=2.51s Sys=0.04s Real=1.03s
[379.883s][info][gc,marking     ] GC(687) Concurrent Mark From Roots 1030.165ms
[379.883s][info][gc,marking     ] GC(687) Concurrent Mark Abort
[379.883s][info][gc             ] GC(687) Concurrent Cycle 1030.478ms
[379.903s][info][gc,start       ] GC(689) Pause Young (Normal) (G1 Evacuation Pause)
[379.904s][info][gc,task        ] GC(689) Using 8 workers of 8 for evacuation
[379.907s][info][gc             ] GC(689) To-space exhausted
[379.907s][info][gc,phases      ] GC(689)   Pre Evacuate Collection Set: 0.1ms
[379.907s][info][gc,phases      ] GC(689)   Merge Heap Roots: 0.1ms
[379.907s][info][gc,phases      ] GC(689)   Evacuate Collection Set: 1.5ms
[379.907s][info][gc,phases      ] GC(689)   Post Evacuate Collection Set: 2.0ms
[379.907s][info][gc,phases      ] GC(689)   Other: 0.3ms
[379.907s][info][gc,heap        ] GC(689) Eden regions: 4->0(25)
[379.907s][info][gc,heap        ] GC(689) Survivor regions: 0->0(0)
[379.907s][info][gc,heap        ] GC(689) Old regions: 495->499
[379.907s][info][gc,heap        ] GC(689) Archive regions: 2->2
[379.907s][info][gc,heap        ] GC(689) Humongous regions: 11->11
[379.907s][info][gc,metaspace   ] GC(689) Metaspace: 48675K(50128K)->48675K(50128K) NonClass: 42838K(43856K)->42838K(43856K) Class: 5836K(6272K)->5836K(6272K)
[379.907s][info][gc             ] GC(689) Pause Young (Normal) (G1 Evacuation Pause) 507M->507M(512M) 4.031ms
[379.908s][info][gc,cpu         ] GC(689) User=0.01s Sys=0.00s Real=0.01s
[379.908s][info][gc,ergo        ] Attempting maximally compacting collection
[379.908s][info][gc,task        ] GC(690) Using 8 workers of 8 for full compaction
[379.908s][info][gc,start       ] GC(690) Pause Full (G1 Evacuation Pause)
[379.908s][info][gc,phases,start] GC(690) Phase 1: Mark live objects
[380.315s][info][gc,phases      ] GC(690) Phase 1: Mark live objects 407.112ms
[380.315s][info][gc,phases,start] GC(690) Phase 2: Prepare for compaction
[380.364s][info][gc,phases      ] GC(690) Phase 2: Prepare for compaction 48.906ms
[380.364s][info][gc,phases,start] GC(690) Phase 3: Adjust pointers
[380.530s][info][gc,phases      ] GC(690) Phase 3: Adjust pointers 166.177ms
[380.530s][info][gc,phases,start] GC(690) Phase 4: Compact heap
[380.628s][info][gc,phases      ] GC(690) Phase 4: Compact heap 97.578ms
[380.638s][info][gc,heap        ] GC(690) Eden regions: 0->0(25)
[380.638s][info][gc,heap        ] GC(690) Survivor regions: 0->0(0)
[380.638s][info][gc,heap        ] GC(690) Old regions: 499->495
[380.638s][info][gc,heap        ] GC(690) Archive regions: 2->2
[380.638s][info][gc,heap        ] GC(690) Humongous regions: 11->11
[380.638s][info][gc,metaspace   ] GC(690) Metaspace: 48675K(50128K)->48659K(50128K) NonClass: 42838K(43856K)->42825K(43856K) Class: 5836K(6272K)->5834K(6272K)
[380.638s][info][gc             ] GC(690) Pause Full (G1 Evacuation Pause) 507M->504M(512M) 730.386ms
[380.640s][info][gc,cpu         ] GC(690) User=2.54s Sys=0.04s Real=0.73s
[380.666s][info][gc,start       ] GC(691) Pause Young (Concurrent Start) (G1 Evacuation Pause)
[380.666s][info][gc,task        ] GC(691) Using 8 workers of 8 for evacuation
[380.670s][info][gc             ] GC(691) To-space exhausted
[380.670s][info][gc,phases      ] GC(691)   Pre Evacuate Collection Set: 0.3ms
[380.670s][info][gc,phases      ] GC(691)   Merge Heap Roots: 0.1ms
[380.670s][info][gc,phases      ] GC(691)   Evacuate Collection Set: 1.2ms
[380.670s][info][gc,phases      ] GC(691)   Post Evacuate Collection Set: 2.3ms
[380.670s][info][gc,phases      ] GC(691)   Other: 0.4ms
[380.670s][info][gc,heap        ] GC(691) Eden regions: 4->0(25)
[380.670s][info][gc,heap        ] GC(691) Survivor regions: 0->0(0)
[380.670s][info][gc,heap        ] GC(691) Old regions: 495->499
[380.670s][info][gc,heap        ] GC(691) Archive regions: 2->2
[380.670s][info][gc,heap        ] GC(691) Humongous regions: 11->11
[380.670s][info][gc,metaspace   ] GC(691) Metaspace: 48690K(50128K)->48690K(50128K) NonClass: 42851K(43856K)->42851K(43856K) Class: 5839K(6272K)->5839K(6272K)
[380.670s][info][gc             ] GC(691) Pause Young (Concurrent Start) (G1 Evacuation Pause) 508M->508M(512M) 4.409ms
[380.670s][info][gc,cpu         ] GC(691) User=0.00s Sys=0.00s Real=0.00s
[380.670s][info][gc,ergo        ] Attempting maximally compacting collection
[380.670s][info][gc,task        ] GC(692) Using 8 workers of 8 for full compaction
[380.670s][info][gc,start       ] GC(692) Pause Full (G1 Evacuation Pause)
[380.670s][info][gc             ] GC(693) Concurrent Cycle
[380.670s][info][gc,marking     ] GC(693) Concurrent Clear Claimed Marks
[380.670s][info][gc,marking     ] GC(693) Concurrent Clear Claimed Marks 0.076ms
[380.670s][info][gc,marking     ] GC(693) Concurrent Scan Root Regions
[380.670s][info][gc,marking     ] GC(693) Concurrent Scan Root Regions 0.012ms
[380.670s][info][gc,marking     ] GC(693) Concurrent Mark (380.670s)
[380.670s][info][gc,marking     ] GC(693) Concurrent Mark From Roots
[380.670s][info][gc,task        ] GC(693) Using 2 workers of 2 for marking
[380.671s][info][gc,phases,start] GC(692) Phase 1: Mark live objects
[381.045s][info][gc,phases      ] GC(692) Phase 1: Mark live objects 373.659ms
[381.045s][info][gc,phases,start] GC(692) Phase 2: Prepare for compaction
[381.091s][info][gc,phases      ] GC(692) Phase 2: Prepare for compaction 45.565ms
[381.091s][info][gc,phases,start] GC(692) Phase 3: Adjust pointers
[381.191s][info][gc,phases      ] GC(692) Phase 3: Adjust pointers 99.836ms
[381.191s][info][gc,phases,start] GC(692) Phase 4: Compact heap
[381.238s][info][gc,phases      ] GC(692) Phase 4: Compact heap 47.077ms
[381.243s][info][gc,heap        ] GC(692) Eden regions: 0->0(25)
[381.243s][info][gc,heap        ] GC(692) Survivor regions: 0->0(0)
[381.243s][info][gc,heap        ] GC(692) Old regions: 499->497
[381.243s][info][gc,heap        ] GC(692) Archive regions: 2->2
[381.243s][info][gc,heap        ] GC(692) Humongous regions: 11->11
[381.243s][info][gc,metaspace   ] GC(692) Metaspace: 48690K(50128K)->48603K(50128K) NonClass: 42851K(43856K)->42776K(43856K) Class: 5839K(6272K)->5826K(6272K)
[381.243s][info][gc             ] GC(692) Pause Full (G1 Evacuation Pause) 508M->504M(512M) 572.881ms
[381.245s][info][gc,cpu         ] GC(692) User=2.55s Sys=0.04s Real=0.57s
[381.245s][info][gc,marking     ] GC(693) Concurrent Mark From Roots 574.639ms
[381.245s][info][gc,marking     ] GC(693) Concurrent Mark Abort
[381.245s][info][gc             ] GC(693) Concurrent Cycle 574.843ms
[381.263s][info][gc,start       ] GC(694) Pause Young (Normal) (G1 Evacuation Pause)
[381.263s][info][gc,task        ] GC(694) Using 8 workers of 8 for evacuation
[381.266s][info][gc             ] GC(694) To-space exhausted
[381.266s][info][gc,phases      ] GC(694)   Pre Evacuate Collection Set: 0.2ms
[381.266s][info][gc,phases      ] GC(694)   Merge Heap Roots: 0.2ms
[381.266s][info][gc,phases      ] GC(694)   Evacuate Collection Set: 0.7ms
[381.266s][info][gc,phases      ] GC(694)   Post Evacuate Collection Set: 1.9ms
[381.266s][info][gc,phases      ] GC(694)   Other: 0.5ms
[381.267s][info][gc,heap        ] GC(694) Eden regions: 2->0(25)
[381.267s][info][gc,heap        ] GC(694) Survivor regions: 0->0(0)
[381.267s][info][gc,heap        ] GC(694) Old regions: 497->499
[381.267s][info][gc,heap        ] GC(694) Archive regions: 2->2
[381.267s][info][gc,heap        ] GC(694) Humongous regions: 11->11
[381.267s][info][gc,metaspace   ] GC(694) Metaspace: 48610K(50128K)->48610K(50128K) NonClass: 42783K(43856K)->42783K(43856K) Class: 5827K(6272K)->5827K(6272K)
[381.267s][info][gc             ] GC(694) Pause Young (Normal) (G1 Evacuation Pause) 506M->506M(512M) 3.617ms
[381.267s][info][gc,cpu         ] GC(694) User=0.00s Sys=0.00s Real=0.01s
[381.267s][info][gc,ergo        ] Attempting maximally compacting collection
[381.267s][info][gc,task        ] GC(695) Using 8 workers of 8 for full compaction
[381.267s][info][gc,start       ] GC(695) Pause Full (G1 Evacuation Pause)
[381.267s][info][gc,phases,start] GC(695) Phase 1: Mark live objects
[381.750s][info][gc,phases      ] GC(695) Phase 1: Mark live objects 483.207ms
[381.750s][info][gc,phases,start] GC(695) Phase 2: Prepare for compaction
[381.795s][info][gc,phases      ] GC(695) Phase 2: Prepare for compaction 44.659ms
[381.795s][info][gc,phases,start] GC(695) Phase 3: Adjust pointers
[381.911s][info][gc,phases      ] GC(695) Phase 3: Adjust pointers 116.257ms
[381.911s][info][gc,phases,start] GC(695) Phase 4: Compact heap
[381.959s][info][gc,phases      ] GC(695) Phase 4: Compact heap 47.441ms
[381.964s][info][gc,heap        ] GC(695) Eden regions: 0->0(25)
[381.964s][info][gc,heap        ] GC(695) Survivor regions: 0->0(0)
[381.964s][info][gc,heap        ] GC(695) Old regions: 499->494
[381.964s][info][gc,heap        ] GC(695) Archive regions: 2->2
[381.964s][info][gc,heap        ] GC(695) Humongous regions: 11->11
[381.964s][info][gc,metaspace   ] GC(695) Metaspace: 48610K(50128K)->48595K(50128K) NonClass: 42783K(43856K)->42770K(43856K) Class: 5827K(6272K)->5825K(6272K)
[381.964s][info][gc             ] GC(695) Pause Full (G1 Evacuation Pause) 506M->504M(512M) 697.491ms
[381.968s][info][gc,cpu         ] GC(695) User=2.58s Sys=0.06s Real=0.70s
[381.993s][info][gc,start       ] GC(696) Pause Young (Concurrent Start) (G1 Evacuation Pause)
[381.993s][info][gc,task        ] GC(696) Using 8 workers of 8 for evacuation
[381.996s][info][gc             ] GC(696) To-space exhausted
[381.996s][info][gc,phases      ] GC(696)   Pre Evacuate Collection Set: 0.2ms
[381.996s][info][gc,phases      ] GC(696)   Merge Heap Roots: 0.1ms
[381.996s][info][gc,phases      ] GC(696)   Evacuate Collection Set: 1.0ms
[381.996s][info][gc,phases      ] GC(696)   Post Evacuate Collection Set: 2.2ms
[381.996s][info][gc,phases      ] GC(696)   Other: 0.3ms
[381.996s][info][gc,heap        ] GC(696) Eden regions: 5->0(25)
[381.996s][info][gc,heap        ] GC(696) Survivor regions: 0->0(0)
[381.996s][info][gc,heap        ] GC(696) Old regions: 494->499
[381.996s][info][gc,heap        ] GC(696) Archive regions: 2->2
[381.996s][info][gc,heap        ] GC(696) Humongous regions: 11->11
[381.996s][info][gc,metaspace   ] GC(696) Metaspace: 48692K(50128K)->48692K(50128K) NonClass: 42853K(43856K)->42853K(43856K) Class: 5839K(6272K)->5839K(6272K)
[381.996s][info][gc             ] GC(696) Pause Young (Concurrent Start) (G1 Evacuation Pause) 509M->509M(512M) 3.873ms
[381.997s][info][gc,cpu         ] GC(696) User=0.01s Sys=0.00s Real=0.01s
[381.997s][info][gc,ergo        ] Attempting maximally compacting collection
[381.997s][info][gc,task        ] GC(697) Using 8 workers of 8 for full compaction
[381.997s][info][gc             ] GC(698) Concurrent Cycle
[381.997s][info][gc,start       ] GC(697) Pause Full (G1 Evacuation Pause)
[381.997s][info][gc,marking     ] GC(698) Concurrent Clear Claimed Marks
[381.997s][info][gc,marking     ] GC(698) Concurrent Clear Claimed Marks 0.200ms
[381.997s][info][gc,marking     ] GC(698) Concurrent Scan Root Regions
[381.997s][info][gc,marking     ] GC(698) Concurrent Scan Root Regions 0.030ms
[381.997s][info][gc,marking     ] GC(698) Concurrent Mark (381.997s)
[381.997s][info][gc,marking     ] GC(698) Concurrent Mark From Roots
[381.997s][info][gc,task        ] GC(698) Using 2 workers of 2 for marking
[381.997s][info][gc,phases,start] GC(697) Phase 1: Mark live objects
[382.404s][info][gc,phases      ] GC(697) Phase 1: Mark live objects 406.151ms
[382.404s][info][gc,phases,start] GC(697) Phase 2: Prepare for compaction
[382.466s][info][gc,phases      ] GC(697) Phase 2: Prepare for compaction 62.819ms
[382.467s][info][gc,phases,start] GC(697) Phase 3: Adjust pointers
[382.614s][info][gc,phases      ] GC(697) Phase 3: Adjust pointers 147.954ms
[382.615s][info][gc,phases,start] GC(697) Phase 4: Compact heap
[382.663s][info][gc,phases      ] GC(697) Phase 4: Compact heap 48.264ms
[382.671s][info][gc,heap        ] GC(697) Eden regions: 0->0(25)
[382.671s][info][gc,heap        ] GC(697) Survivor regions: 0->0(0)
[382.671s][info][gc,heap        ] GC(697) Old regions: 499->495
[382.671s][info][gc,heap        ] GC(697) Archive regions: 2->2
[382.671s][info][gc,heap        ] GC(697) Humongous regions: 11->11
[382.671s][info][gc,metaspace   ] GC(697) Metaspace: 48692K(50128K)->48591K(50128K) NonClass: 42853K(43856K)->42766K(43856K) Class: 5839K(6272K)->5824K(6272K)
[382.671s][info][gc             ] GC(697) Pause Full (G1 Evacuation Pause) 509M->504M(512M) 674.423ms
[382.677s][info][gc,cpu         ] GC(697) User=2.52s Sys=0.04s Real=0.68s
[382.678s][info][gc,marking     ] GC(698) Concurrent Mark From Roots 680.603ms
[382.678s][info][gc,marking     ] GC(698) Concurrent Mark Abort
[382.678s][info][gc             ] GC(698) Concurrent Cycle 681.040ms
[382.700s][info][gc,start       ] GC(699) Pause Young (Normal) (G1 Evacuation Pause)
[382.700s][info][gc,task        ] GC(699) Using 8 workers of 8 for evacuation
[382.703s][info][gc             ] GC(699) To-space exhausted
[382.703s][info][gc,phases      ] GC(699)   Pre Evacuate Collection Set: 0.2ms
[382.703s][info][gc,phases      ] GC(699)   Merge Heap Roots: 0.0ms
[382.703s][info][gc,phases      ] GC(699)   Evacuate Collection Set: 0.7ms
[382.703s][info][gc,phases      ] GC(699)   Post Evacuate Collection Set: 1.6ms
[382.703s][info][gc,phases      ] GC(699)   Other: 0.3ms
[382.703s][info][gc,heap        ] GC(699) Eden regions: 4->0(25)
[382.703s][info][gc,heap        ] GC(699) Survivor regions: 0->0(0)
[382.703s][info][gc,heap        ] GC(699) Old regions: 495->499
[382.703s][info][gc,heap        ] GC(699) Archive regions: 2->2
[382.703s][info][gc,heap        ] GC(699) Humongous regions: 11->11
[382.703s][info][gc,metaspace   ] GC(699) Metaspace: 48656K(50128K)->48656K(50128K) NonClass: 42822K(43856K)->42822K(43856K) Class: 5833K(6272K)->5833K(6272K)
[382.703s][info][gc             ] GC(699) Pause Young (Normal) (G1 Evacuation Pause) 508M->508M(512M) 3.008ms
[382.703s][info][gc,cpu         ] GC(699) User=0.00s Sys=0.00s Real=0.00s
[382.703s][info][gc,ergo        ] Attempting maximally compacting collection
[382.703s][info][gc,task        ] GC(700) Using 8 workers of 8 for full compaction
[382.704s][info][gc,start       ] GC(700) Pause Full (G1 Evacuation Pause)
[382.704s][info][gc,phases,start] GC(700) Phase 1: Mark live objects
[383.065s][info][gc,phases      ] GC(700) Phase 1: Mark live objects 361.862ms
[383.066s][info][gc,phases,start] GC(700) Phase 2: Prepare for compaction
[383.106s][info][gc,phases      ] GC(700) Phase 2: Prepare for compaction 40.526ms
[383.106s][info][gc,phases,start] GC(700) Phase 3: Adjust pointers
[383.213s][info][gc,phases      ] GC(700) Phase 3: Adjust pointers 106.737ms
[383.213s][info][gc,phases,start] GC(700) Phase 4: Compact heap
[383.263s][info][gc,phases      ] GC(700) Phase 4: Compact heap 49.871ms
[383.267s][info][gc,heap        ] GC(700) Eden regions: 0->0(25)
[383.267s][info][gc,heap        ] GC(700) Survivor regions: 0->0(0)
[383.267s][info][gc,heap        ] GC(700) Old regions: 499->495
[383.267s][info][gc,heap        ] GC(700) Archive regions: 2->2
[383.267s][info][gc,heap        ] GC(700) Humongous regions: 11->11
[383.267s][info][gc,metaspace   ] GC(700) Metaspace: 48656K(50128K)->48618K(50128K) NonClass: 42822K(43856K)->42789K(43856K) Class: 5833K(6272K)->5828K(6272K)
[383.267s][info][gc             ] GC(700) Pause Full (G1 Evacuation Pause) 508M->504M(512M) 563.687ms
[383.269s][info][gc,cpu         ] GC(700) User=2.50s Sys=0.05s Real=0.57s
[383.294s][info][gc,start       ] GC(701) Pause Young (Concurrent Start) (G1 Evacuation Pause)
[383.294s][info][gc,task        ] GC(701) Using 8 workers of 8 for evacuation
[383.297s][info][gc             ] GC(701) To-space exhausted
[383.297s][info][gc,phases      ] GC(701)   Pre Evacuate Collection Set: 0.2ms
[383.297s][info][gc,phases      ] GC(701)   Merge Heap Roots: 0.0ms
[383.297s][info][gc,phases      ] GC(701)   Evacuate Collection Set: 0.9ms
[383.297s][info][gc,phases      ] GC(701)   Post Evacuate Collection Set: 1.3ms
[383.297s][info][gc,phases      ] GC(701)   Other: 0.3ms
[383.297s][info][gc,heap        ] GC(701) Eden regions: 4->0(25)
[383.297s][info][gc,heap        ] GC(701) Survivor regions: 0->0(0)
[383.297s][info][gc,heap        ] GC(701) Old regions: 495->499
[383.297s][info][gc,heap        ] GC(701) Archive regions: 2->2
[383.297s][info][gc,heap        ] GC(701) Humongous regions: 11->11
[383.297s][info][gc,metaspace   ] GC(701) Metaspace: 48696K(50128K)->48696K(50128K) NonClass: 42856K(43856K)->42856K(43856K) Class: 5839K(6272K)->5839K(6272K)
[383.297s][info][gc             ] GC(701) Pause Young (Concurrent Start) (G1 Evacuation Pause) 508M->508M(512M) 2.749ms
[383.297s][info][gc,cpu         ] GC(701) User=0.01s Sys=0.00s Real=0.01s
[383.297s][info][gc,ergo        ] Attempting maximally compacting collection
[383.297s][info][gc,task        ] GC(702) Using 8 workers of 8 for full compaction
[383.297s][info][gc             ] GC(703) Concurrent Cycle
[383.297s][info][gc,start       ] GC(702) Pause Full (G1 Evacuation Pause)
[383.297s][info][gc,marking     ] GC(703) Concurrent Clear Claimed Marks
[383.297s][info][gc,marking     ] GC(703) Concurrent Clear Claimed Marks 0.138ms
[383.297s][info][gc,marking     ] GC(703) Concurrent Scan Root Regions
[383.297s][info][gc,marking     ] GC(703) Concurrent Scan Root Regions 0.079ms
[383.297s][info][gc,marking     ] GC(703) Concurrent Mark (383.297s)
[383.297s][info][gc,marking     ] GC(703) Concurrent Mark From Roots
[383.297s][info][gc,task        ] GC(703) Using 2 workers of 2 for marking
[383.298s][info][gc,phases,start] GC(702) Phase 1: Mark live objects
[383.616s][info][gc,phases      ] GC(702) Phase 1: Mark live objects 318.395ms
[383.616s][info][gc,phases,start] GC(702) Phase 2: Prepare for compaction
[383.670s][info][gc,phases      ] GC(702) Phase 2: Prepare for compaction 53.398ms
[383.670s][info][gc,phases,start] GC(702) Phase 3: Adjust pointers
[383.775s][info][gc,phases      ] GC(702) Phase 3: Adjust pointers 104.986ms
[383.775s][info][gc,phases,start] GC(702) Phase 4: Compact heap
[383.813s][info][gc,phases      ] GC(702) Phase 4: Compact heap 38.284ms
[383.821s][info][gc,heap        ] GC(702) Eden regions: 0->0(25)
[383.821s][info][gc,heap        ] GC(702) Survivor regions: 0->0(0)
[383.821s][info][gc,heap        ] GC(702) Old regions: 499->497
[383.821s][info][gc,heap        ] GC(702) Archive regions: 2->2
[383.821s][info][gc,heap        ] GC(702) Humongous regions: 11->11
[383.821s][info][gc,metaspace   ] GC(702) Metaspace: 48696K(50128K)->48639K(50128K) NonClass: 42856K(43856K)->42807K(43856K) Class: 5839K(6272K)->5831K(6272K)
[383.821s][info][gc             ] GC(702) Pause Full (G1 Evacuation Pause) 508M->504M(512M) 524.555ms
[383.823s][info][gc,cpu         ] GC(702) User=2.54s Sys=0.06s Real=0.52s
[383.824s][info][gc,marking     ] GC(703) Concurrent Mark From Roots 526.449ms
[383.824s][info][gc,marking     ] GC(703) Concurrent Mark Abort
[383.824s][info][gc             ] GC(703) Concurrent Cycle 526.850ms
[383.836s][info][gc,start       ] GC(704) Pause Young (Normal) (G1 Evacuation Pause)
[383.836s][info][gc,task        ] GC(704) Using 8 workers of 8 for evacuation
[383.838s][info][gc             ] GC(704) To-space exhausted
[383.838s][info][gc,phases      ] GC(704)   Pre Evacuate Collection Set: 0.1ms
[383.838s][info][gc,phases      ] GC(704)   Merge Heap Roots: 0.0ms
[383.838s][info][gc,phases      ] GC(704)   Evacuate Collection Set: 0.6ms
[383.838s][info][gc,phases      ] GC(704)   Post Evacuate Collection Set: 1.2ms
[383.838s][info][gc,phases      ] GC(704)   Other: 0.3ms
[383.838s][info][gc,heap        ] GC(704) Eden regions: 2->0(25)
[383.838s][info][gc,heap        ] GC(704) Survivor regions: 0->0(0)
[383.838s][info][gc,heap        ] GC(704) Old regions: 497->499
[383.838s][info][gc,heap        ] GC(704) Archive regions: 2->2
[383.838s][info][gc,heap        ] GC(704) Humongous regions: 11->11
[383.838s][info][gc,metaspace   ] GC(704) Metaspace: 48643K(50128K)->48643K(50128K) NonClass: 42810K(43856K)->42810K(43856K) Class: 5832K(6272K)->5832K(6272K)
[383.839s][info][gc             ] GC(704) Pause Young (Normal) (G1 Evacuation Pause) 506M->506M(512M) 2.343ms
[383.839s][info][gc,cpu         ] GC(704) User=0.00s Sys=0.00s Real=0.00s
[383.839s][info][gc,ergo        ] Attempting maximally compacting collection
[383.839s][info][gc,task        ] GC(705) Using 8 workers of 8 for full compaction
[383.839s][info][gc,start       ] GC(705) Pause Full (G1 Evacuation Pause)
[383.839s][info][gc,phases,start] GC(705) Phase 1: Mark live objects
[384.146s][info][gc,phases      ] GC(705) Phase 1: Mark live objects 306.907ms
[384.146s][info][gc,phases,start] GC(705) Phase 2: Prepare for compaction
[384.184s][info][gc,phases      ] GC(705) Phase 2: Prepare for compaction 38.815ms
[384.184s][info][gc,phases,start] GC(705) Phase 3: Adjust pointers
[384.276s][info][gc,phases      ] GC(705) Phase 3: Adjust pointers 91.377ms
[384.276s][info][gc,phases,start] GC(705) Phase 4: Compact heap
[384.317s][info][gc,phases      ] GC(705) Phase 4: Compact heap 41.078ms
[384.324s][info][gc,heap        ] GC(705) Eden regions: 0->0(25)
[384.324s][info][gc,heap        ] GC(705) Survivor regions: 0->0(0)
[384.324s][info][gc,heap        ] GC(705) Old regions: 499->497
[384.324s][info][gc,heap        ] GC(705) Archive regions: 2->2
[384.324s][info][gc,heap        ] GC(705) Humongous regions: 11->11
[384.324s][info][gc,metaspace   ] GC(705) Metaspace: 48643K(50128K)->48591K(50128K) NonClass: 42810K(43856K)->42766K(43856K) Class: 5832K(6272K)->5824K(6272K)
[384.324s][info][gc             ] GC(705) Pause Full (G1 Evacuation Pause) 506M->504M(512M) 485.207ms
[384.327s][info][gc,cpu         ] GC(705) User=2.54s Sys=0.04s Real=0.49s
[384.336s][info][gc,start       ] GC(706) Pause Young (Concurrent Start) (G1 Evacuation Pause)
[384.336s][info][gc,task        ] GC(706) Using 8 workers of 8 for evacuation
[384.339s][info][gc             ] GC(706) To-space exhausted
[384.339s][info][gc,phases      ] GC(706)   Pre Evacuate Collection Set: 0.1ms
[384.339s][info][gc,phases      ] GC(706)   Merge Heap Roots: 0.0ms
[384.339s][info][gc,phases      ] GC(706)   Evacuate Collection Set: 0.9ms
[384.339s][info][gc,phases      ] GC(706)   Post Evacuate Collection Set: 1.0ms
[384.339s][info][gc,phases      ] GC(706)   Other: 0.3ms
[384.339s][info][gc,heap        ] GC(706) Eden regions: 2->0(25)
[384.339s][info][gc,heap        ] GC(706) Survivor regions: 0->0(0)
[384.339s][info][gc,heap        ] GC(706) Old regions: 497->499
[384.339s][info][gc,heap        ] GC(706) Archive regions: 2->2
[384.339s][info][gc,heap        ] GC(706) Humongous regions: 11->11
[384.339s][info][gc,metaspace   ] GC(706) Metaspace: 48671K(50128K)->48671K(50128K) NonClass: 42835K(43856K)->42835K(43856K) Class: 5836K(6272K)->5836K(6272K)
[384.339s][info][gc             ] GC(706) Pause Young (Concurrent Start) (G1 Evacuation Pause) 506M->506M(512M) 2.410ms
[384.339s][info][gc,cpu         ] GC(706) User=0.00s Sys=0.00s Real=0.00s
[384.339s][info][gc,ergo        ] Attempting maximally compacting collection
[384.339s][info][gc,task        ] GC(707) Using 8 workers of 8 for full compaction
[384.339s][info][gc,start       ] GC(707) Pause Full (G1 Evacuation Pause)
[384.339s][info][gc             ] GC(708) Concurrent Cycle
[384.339s][info][gc,marking     ] GC(708) Concurrent Clear Claimed Marks
[384.339s][info][gc,marking     ] GC(708) Concurrent Clear Claimed Marks 0.083ms
[384.339s][info][gc,marking     ] GC(708) Concurrent Scan Root Regions
[384.339s][info][gc,marking     ] GC(708) Concurrent Scan Root Regions 0.018ms
[384.339s][info][gc,marking     ] GC(708) Concurrent Mark (384.339s)
[384.339s][info][gc,marking     ] GC(708) Concurrent Mark From Roots
[384.339s][info][gc,task        ] GC(708) Using 2 workers of 2 for marking
[384.340s][info][gc,phases,start] GC(707) Phase 1: Mark live objects
[384.693s][info][gc,phases      ] GC(707) Phase 1: Mark live objects 353.351ms
[384.693s][info][gc,phases,start] GC(707) Phase 2: Prepare for compaction
[384.739s][info][gc,phases      ] GC(707) Phase 2: Prepare for compaction 46.127ms
[384.739s][info][gc,phases,start] GC(707) Phase 3: Adjust pointers
[384.877s][info][gc,phases      ] GC(707) Phase 3: Adjust pointers 138.174ms
[384.877s][info][gc,phases,start] GC(707) Phase 4: Compact heap
[384.918s][info][gc,phases      ] GC(707) Phase 4: Compact heap 40.426ms
[384.924s][info][gc,heap        ] GC(707) Eden regions: 0->0(25)
[384.924s][info][gc,heap        ] GC(707) Survivor regions: 0->0(0)
[384.924s][info][gc,heap        ] GC(707) Old regions: 499->496
[384.924s][info][gc,heap        ] GC(707) Archive regions: 2->2
[384.924s][info][gc,heap        ] GC(707) Humongous regions: 11->11
[384.924s][info][gc,metaspace   ] GC(707) Metaspace: 48671K(50128K)->48656K(50128K) NonClass: 42835K(43856K)->42822K(43856K) Class: 5836K(6272K)->5833K(6272K)
[384.924s][info][gc             ] GC(707) Pause Full (G1 Evacuation Pause) 506M->504M(512M) 584.997ms
[384.926s][info][gc,cpu         ] GC(707) User=2.52s Sys=0.05s Real=0.59s
[384.926s][info][gc,marking     ] GC(708) Concurrent Mark From Roots 586.913ms
[384.926s][info][gc,marking     ] GC(708) Concurrent Mark Abort
[384.926s][info][gc             ] GC(708) Concurrent Cycle 587.226ms
[384.943s][info][gc,start       ] GC(709) Pause Young (Normal) (G1 Evacuation Pause)
[384.943s][info][gc,task        ] GC(709) Using 8 workers of 8 for evacuation
[384.945s][info][gc             ] GC(709) To-space exhausted
[384.945s][info][gc,phases      ] GC(709)   Pre Evacuate Collection Set: 0.1ms
[384.945s][info][gc,phases      ] GC(709)   Merge Heap Roots: 0.0ms
[384.945s][info][gc,phases      ] GC(709)   Evacuate Collection Set: 0.5ms
[384.945s][info][gc,phases      ] GC(709)   Post Evacuate Collection Set: 1.3ms
[384.945s][info][gc,phases      ] GC(709)   Other: 0.3ms
[384.945s][info][gc,heap        ] GC(709) Eden regions: 3->0(25)
[384.945s][info][gc,heap        ] GC(709) Survivor regions: 0->0(0)
[384.945s][info][gc,heap        ] GC(709) Old regions: 496->499
[384.945s][info][gc,heap        ] GC(709) Archive regions: 2->2
[384.945s][info][gc,heap        ] GC(709) Humongous regions: 11->11
[384.945s][info][gc,metaspace   ] GC(709) Metaspace: 48678K(50128K)->48678K(50128K) NonClass: 42841K(43856K)->42841K(43856K) Class: 5837K(6272K)->5837K(6272K)
[384.945s][info][gc             ] GC(709) Pause Young (Normal) (G1 Evacuation Pause) 507M->507M(512M) 2.313ms
[384.945s][info][gc,cpu         ] GC(709) User=0.01s Sys=0.00s Real=0.00s
[384.945s][info][gc,ergo        ] Attempting maximally compacting collection
[384.945s][info][gc,task        ] GC(710) Using 8 workers of 8 for full compaction
[384.945s][info][gc,start       ] GC(710) Pause Full (G1 Evacuation Pause)
[384.945s][info][gc,phases,start] GC(710) Phase 1: Mark live objects
[385.231s][info][gc,phases      ] GC(710) Phase 1: Mark live objects 285.920ms
[385.231s][info][gc,phases,start] GC(710) Phase 2: Prepare for compaction
[385.275s][info][gc,phases      ] GC(710) Phase 2: Prepare for compaction 43.994ms
[385.276s][info][gc,phases,start] GC(710) Phase 3: Adjust pointers
[385.388s][info][gc,phases      ] GC(710) Phase 3: Adjust pointers 112.454ms
[385.388s][info][gc,phases,start] GC(710) Phase 4: Compact heap
[385.435s][info][gc,phases      ] GC(710) Phase 4: Compact heap 47.254ms
[385.439s][info][gc,heap        ] GC(710) Eden regions: 0->0(25)
[385.439s][info][gc,heap        ] GC(710) Survivor regions: 0->0(0)
[385.439s][info][gc,heap        ] GC(710) Old regions: 499->495
[385.439s][info][gc,heap        ] GC(710) Archive regions: 2->2
[385.439s][info][gc,heap        ] GC(710) Humongous regions: 11->11
[385.439s][info][gc,metaspace   ] GC(710) Metaspace: 48678K(50128K)->48674K(50128K) NonClass: 42841K(43856K)->42837K(43856K) Class: 5837K(6272K)->5836K(6272K)
[385.439s][info][gc             ] GC(710) Pause Full (G1 Evacuation Pause) 507M->504M(512M) 493.926ms
[385.441s][info][gc,cpu         ] GC(710) User=2.52s Sys=0.04s Real=0.50s
[385.461s][info][gc,start       ] GC(711) Pause Young (Concurrent Start) (G1 Evacuation Pause)
[385.461s][info][gc,task        ] GC(711) Using 8 workers of 8 for evacuation
[385.464s][info][gc             ] GC(711) To-space exhausted
[385.464s][info][gc,phases      ] GC(711)   Pre Evacuate Collection Set: 0.2ms
[385.464s][info][gc,phases      ] GC(711)   Merge Heap Roots: 0.1ms
[385.464s][info][gc,phases      ] GC(711)   Evacuate Collection Set: 0.8ms
[385.464s][info][gc,phases      ] GC(711)   Post Evacuate Collection Set: 1.5ms
[385.464s][info][gc,phases      ] GC(711)   Other: 0.3ms
[385.464s][info][gc,heap        ] GC(711) Eden regions: 4->0(25)
[385.464s][info][gc,heap        ] GC(711) Survivor regions: 0->0(0)
[385.464s][info][gc,heap        ] GC(711) Old regions: 495->499
[385.464s][info][gc,heap        ] GC(711) Archive regions: 2->2
[385.464s][info][gc,heap        ] GC(711) Humongous regions: 11->11
[385.464s][info][gc,metaspace   ] GC(711) Metaspace: 48695K(50128K)->48695K(50128K) NonClass: 42855K(43856K)->42855K(43856K) Class: 5839K(6272K)->5839K(6272K)
[385.464s][info][gc             ] GC(711) Pause Young (Concurrent Start) (G1 Evacuation Pause) 508M->508M(512M) 3.016ms
[385.464s][info][gc,cpu         ] GC(711) User=0.01s Sys=0.00s Real=0.00s
[385.464s][info][gc,ergo        ] Attempting maximally compacting collection
[385.464s][info][gc             ] GC(712) Concurrent Cycle
[385.464s][info][gc,task        ] GC(713) Using 8 workers of 8 for full compaction
[385.464s][info][gc,marking     ] GC(712) Concurrent Clear Claimed Marks
[385.465s][info][gc,start       ] GC(713) Pause Full (G1 Evacuation Pause)
[385.465s][info][gc,marking     ] GC(712) Concurrent Clear Claimed Marks 0.072ms
[385.465s][info][gc,marking     ] GC(712) Concurrent Scan Root Regions
[385.465s][info][gc,marking     ] GC(712) Concurrent Scan Root Regions 0.019ms
[385.465s][info][gc,marking     ] GC(712) Concurrent Mark (385.465s)
[385.465s][info][gc,marking     ] GC(712) Concurrent Mark From Roots
[385.465s][info][gc,task        ] GC(712) Using 2 workers of 2 for marking
[385.465s][info][gc,phases,start] GC(713) Phase 1: Mark live objects
[385.791s][info][gc,phases      ] GC(713) Phase 1: Mark live objects 325.780ms
[385.791s][info][gc,phases,start] GC(713) Phase 2: Prepare for compaction
[385.842s][info][gc,phases      ] GC(713) Phase 2: Prepare for compaction 50.814ms
[385.842s][info][gc,phases,start] GC(713) Phase 3: Adjust pointers
[385.937s][info][gc,phases      ] GC(713) Phase 3: Adjust pointers 95.256ms
[385.937s][info][gc,phases,start] GC(713) Phase 4: Compact heap
[385.969s][info][gc,phases      ] GC(713) Phase 4: Compact heap 31.364ms
[385.974s][info][gc,heap        ] GC(713) Eden regions: 0->0(25)
[385.974s][info][gc,heap        ] GC(713) Survivor regions: 0->0(0)
[385.974s][info][gc,heap        ] GC(713) Old regions: 499->496
[385.974s][info][gc,heap        ] GC(713) Archive regions: 2->2
[385.974s][info][gc,heap        ] GC(713) Humongous regions: 11->11
[385.974s][info][gc,metaspace   ] GC(713) Metaspace: 48695K(50128K)->48587K(50128K) NonClass: 42855K(43856K)->42763K(43856K) Class: 5839K(6272K)->5824K(6272K)
[385.974s][info][gc             ] GC(713) Pause Full (G1 Evacuation Pause) 508M->504M(512M) 509.780ms
[385.976s][info][gc,cpu         ] GC(713) User=2.52s Sys=0.05s Real=0.52s
[385.976s][info][gc,marking     ] GC(712) Concurrent Mark From Roots 511.265ms
[385.976s][info][gc,marking     ] GC(712) Concurrent Mark Abort
[385.976s][info][gc             ] GC(712) Concurrent Cycle 511.493ms
[385.989s][info][gc,start       ] GC(714) Pause Young (Normal) (G1 Evacuation Pause)
[385.989s][info][gc,task        ] GC(714) Using 8 workers of 8 for evacuation
[385.991s][info][gc             ] GC(714) To-space exhausted
[385.991s][info][gc,phases      ] GC(714)   Pre Evacuate Collection Set: 0.1ms
[385.991s][info][gc,phases      ] GC(714)   Merge Heap Roots: 0.0ms
[385.991s][info][gc,phases      ] GC(714)   Evacuate Collection Set: 0.6ms
[385.991s][info][gc,phases      ] GC(714)   Post Evacuate Collection Set: 0.9ms
[385.991s][info][gc,phases      ] GC(714)   Other: 0.2ms
[385.991s][info][gc,heap        ] GC(714) Eden regions: 3->0(25)
[385.991s][info][gc,heap        ] GC(714) Survivor regions: 0->0(0)
[385.991s][info][gc,heap        ] GC(714) Old regions: 496->499
[385.991s][info][gc,heap        ] GC(714) Archive regions: 2->2
[385.991s][info][gc,heap        ] GC(714) Humongous regions: 11->11
[385.991s][info][gc,metaspace   ] GC(714) Metaspace: 48633K(50128K)->48633K(50128K) NonClass: 42802K(43856K)->42802K(43856K) Class: 5830K(6272K)->5830K(6272K)
[385.991s][info][gc             ] GC(714) Pause Young (Normal) (G1 Evacuation Pause) 507M->507M(512M) 1.928ms
[385.991s][info][gc,cpu         ] GC(714) User=0.00s Sys=0.00s Real=0.00s
[385.991s][info][gc,ergo        ] Attempting maximally compacting collection
[385.991s][info][gc,task        ] GC(715) Using 8 workers of 8 for full compaction
[385.991s][info][gc,start       ] GC(715) Pause Full (G1 Evacuation Pause)
[385.991s][info][gc,phases,start] GC(715) Phase 1: Mark live objects
[386.316s][info][gc,phases      ] GC(715) Phase 1: Mark live objects 324.773ms
[386.316s][info][gc,phases,start] GC(715) Phase 2: Prepare for compaction
[386.362s][info][gc,phases      ] GC(715) Phase 2: Prepare for compaction 46.127ms
[386.362s][info][gc,phases,start] GC(715) Phase 3: Adjust pointers
[386.461s][info][gc,phases      ] GC(715) Phase 3: Adjust pointers 99.010ms
[386.462s][info][gc,phases,start] GC(715) Phase 4: Compact heap
[386.493s][info][gc,phases      ] GC(715) Phase 4: Compact heap 31.185ms
[386.496s][info][gc,heap        ] GC(715) Eden regions: 0->0(25)
[386.496s][info][gc,heap        ] GC(715) Survivor regions: 0->0(0)
[386.496s][info][gc,heap        ] GC(715) Old regions: 499->496
[386.496s][info][gc,heap        ] GC(715) Archive regions: 2->2
[386.496s][info][gc,heap        ] GC(715) Humongous regions: 11->11
[386.496s][info][gc,metaspace   ] GC(715) Metaspace: 48633K(50128K)->48629K(50128K) NonClass: 42802K(43856K)->42799K(43856K) Class: 5830K(6272K)->5830K(6272K)
[386.496s][info][gc             ] GC(715) Pause Full (G1 Evacuation Pause) 507M->504M(512M) 504.766ms
[386.499s][info][gc,cpu         ] GC(715) User=2.52s Sys=0.04s Real=0.51s
[386.514s][info][gc,start       ] GC(716) Pause Young (Concurrent Start) (G1 Evacuation Pause)
[386.514s][info][gc,task        ] GC(716) Using 8 workers of 8 for evacuation
[386.516s][info][gc             ] GC(716) To-space exhausted
[386.516s][info][gc,phases      ] GC(716)   Pre Evacuate Collection Set: 0.1ms
[386.516s][info][gc,phases      ] GC(716)   Merge Heap Roots: 0.0ms
[386.516s][info][gc,phases      ] GC(716)   Evacuate Collection Set: 0.7ms
[386.516s][info][gc,phases      ] GC(716)   Post Evacuate Collection Set: 1.2ms
[386.516s][info][gc,phases      ] GC(716)   Other: 0.3ms
[386.516s][info][gc,heap        ] GC(716) Eden regions: 3->0(25)
[386.516s][info][gc,heap        ] GC(716) Survivor regions: 0->0(0)
[386.516s][info][gc,heap        ] GC(716) Old regions: 496->499
[386.516s][info][gc,heap        ] GC(716) Archive regions: 2->2
[386.516s][info][gc,heap        ] GC(716) Humongous regions: 11->11
[386.516s][info][gc,metaspace   ] GC(716) Metaspace: 48660K(50128K)->48660K(50128K) NonClass: 42825K(43856K)->42825K(43856K) Class: 5834K(6272K)->5834K(6272K)
[386.516s][info][gc             ] GC(716) Pause Young (Concurrent Start) (G1 Evacuation Pause) 507M->507M(512M) 2.457ms
[386.516s][info][gc,cpu         ] GC(716) User=0.01s Sys=0.00s Real=0.01s
[386.516s][info][gc,ergo        ] Attempting maximally compacting collection
[386.516s][info][gc             ] GC(717) Concurrent Cycle
[386.516s][info][gc,task        ] GC(718) Using 8 workers of 8 for full compaction
[386.516s][info][gc,marking     ] GC(717) Concurrent Clear Claimed Marks
[386.516s][info][gc,start       ] GC(718) Pause Full (G1 Evacuation Pause)
[386.516s][info][gc,marking     ] GC(717) Concurrent Clear Claimed Marks 0.069ms
[386.516s][info][gc,marking     ] GC(717) Concurrent Scan Root Regions
[386.516s][info][gc,marking     ] GC(717) Concurrent Scan Root Regions 0.012ms
[386.516s][info][gc,marking     ] GC(717) Concurrent Mark (386.516s)
[386.516s][info][gc,marking     ] GC(717) Concurrent Mark From Roots
[386.516s][info][gc,task        ] GC(717) Using 2 workers of 2 for marking
[386.517s][info][gc,phases,start] GC(718) Phase 1: Mark live objects
[386.809s][info][gc,phases      ] GC(718) Phase 1: Mark live objects 291.907ms
[386.809s][info][gc,phases,start] GC(718) Phase 2: Prepare for compaction
[386.865s][info][gc,phases      ] GC(718) Phase 2: Prepare for compaction 55.866ms
[386.865s][info][gc,phases,start] GC(718) Phase 3: Adjust pointers
[386.964s][info][gc,phases      ] GC(718) Phase 3: Adjust pointers 99.147ms
[386.964s][info][gc,phases,start] GC(718) Phase 4: Compact heap
[386.997s][info][gc,phases      ] GC(718) Phase 4: Compact heap 32.607ms
[387.001s][info][gc,heap        ] GC(718) Eden regions: 0->0(25)
[387.001s][info][gc,heap        ] GC(718) Survivor regions: 0->0(0)
[387.001s][info][gc,heap        ] GC(718) Old regions: 499->496
[387.001s][info][gc,heap        ] GC(718) Archive regions: 2->2
[387.001s][info][gc,heap        ] GC(718) Humongous regions: 11->11
[387.001s][info][gc,metaspace   ] GC(718) Metaspace: 48660K(50128K)->48622K(50128K) NonClass: 42825K(43856K)->42793K(43856K) Class: 5834K(6272K)->5829K(6272K)
[387.001s][info][gc             ] GC(718) Pause Full (G1 Evacuation Pause) 507M->504M(512M) 484.747ms
[387.004s][info][gc,cpu         ] GC(718) User=2.52s Sys=0.05s Real=0.48s
[387.004s][info][gc,marking     ] GC(717) Concurrent Mark From Roots 487.533ms
[387.004s][info][gc,marking     ] GC(717) Concurrent Mark Abort
[387.004s][info][gc             ] GC(717) Concurrent Cycle 487.762ms
[387.018s][info][gc,start       ] GC(719) Pause Young (Normal) (G1 Evacuation Pause)
[387.018s][info][gc,task        ] GC(719) Using 8 workers of 8 for evacuation
[387.020s][info][gc             ] GC(719) To-space exhausted
[387.020s][info][gc,phases      ] GC(719)   Pre Evacuate Collection Set: 0.1ms
[387.020s][info][gc,phases      ] GC(719)   Merge Heap Roots: 0.0ms
[387.020s][info][gc,phases      ] GC(719)   Evacuate Collection Set: 0.6ms
[387.020s][info][gc,phases      ] GC(719)   Post Evacuate Collection Set: 1.1ms
[387.020s][info][gc,phases      ] GC(719)   Other: 0.2ms
[387.020s][info][gc,heap        ] GC(719) Eden regions: 3->0(25)
[387.020s][info][gc,heap        ] GC(719) Survivor regions: 0->0(0)
[387.020s][info][gc,heap        ] GC(719) Old regions: 496->499
[387.020s][info][gc,heap        ] GC(719) Archive regions: 2->2
[387.020s][info][gc,heap        ] GC(719) Humongous regions: 11->11
[387.020s][info][gc,metaspace   ] GC(719) Metaspace: 48663K(50128K)->48663K(50128K) NonClass: 42828K(43856K)->42828K(43856K) Class: 5835K(6272K)->5835K(6272K)
[387.020s][info][gc             ] GC(719) Pause Young (Normal) (G1 Evacuation Pause) 507M->507M(512M) 2.186ms
[387.020s][info][gc,cpu         ] GC(719) User=0.00s Sys=0.00s Real=0.00s
[387.020s][info][gc,ergo        ] Attempting maximally compacting collection
[387.020s][info][gc,task        ] GC(720) Using 8 workers of 8 for full compaction
[387.020s][info][gc,start       ] GC(720) Pause Full (G1 Evacuation Pause)
[387.020s][info][gc,phases,start] GC(720) Phase 1: Mark live objects
[387.336s][info][gc,phases      ] GC(720) Phase 1: Mark live objects 315.946ms
[387.336s][info][gc,phases,start] GC(720) Phase 2: Prepare for compaction
[387.382s][info][gc,phases      ] GC(720) Phase 2: Prepare for compaction 45.742ms
[387.382s][info][gc,phases,start] GC(720) Phase 3: Adjust pointers
[387.477s][info][gc,phases      ] GC(720) Phase 3: Adjust pointers 95.357ms
[387.477s][info][gc,phases,start] GC(720) Phase 4: Compact heap
[387.511s][info][gc,phases      ] GC(720) Phase 4: Compact heap 33.633ms
[387.516s][info][gc,heap        ] GC(720) Eden regions: 0->0(25)
[387.516s][info][gc,heap        ] GC(720) Survivor regions: 0->0(0)
[387.516s][info][gc,heap        ] GC(720) Old regions: 499->497
[387.516s][info][gc,heap        ] GC(720) Archive regions: 2->2
[387.516s][info][gc,heap        ] GC(720) Humongous regions: 11->11
[387.516s][info][gc,metaspace   ] GC(720) Metaspace: 48663K(50128K)->48660K(50128K) NonClass: 42828K(43856K)->42825K(43856K) Class: 5835K(6272K)->5834K(6272K)
[387.516s][info][gc             ] GC(720) Pause Full (G1 Evacuation Pause) 507M->505M(512M) 496.025ms
[387.518s][info][gc,cpu         ] GC(720) User=2.54s Sys=0.05s Real=0.50s
[387.530s][info][gc,start       ] GC(721) Pause Young (Concurrent Start) (G1 Evacuation Pause)
[387.530s][info][gc,task        ] GC(721) Using 8 workers of 8 for evacuation
[387.532s][info][gc             ] GC(721) To-space exhausted
[387.532s][info][gc,phases      ] GC(721)   Pre Evacuate Collection Set: 0.1ms
[387.532s][info][gc,phases      ] GC(721)   Merge Heap Roots: 0.0ms
[387.532s][info][gc,phases      ] GC(721)   Evacuate Collection Set: 0.8ms
[387.532s][info][gc,phases      ] GC(721)   Post Evacuate Collection Set: 0.8ms
[387.532s][info][gc,phases      ] GC(721)   Other: 0.3ms
[387.532s][info][gc,heap        ] GC(721) Eden regions: 2->0(25)
[387.532s][info][gc,heap        ] GC(721) Survivor regions: 0->0(0)
[387.532s][info][gc,heap        ] GC(721) Old regions: 497->499
[387.532s][info][gc,heap        ] GC(721) Archive regions: 2->2
[387.532s][info][gc,heap        ] GC(721) Humongous regions: 11->11
[387.532s][info][gc,metaspace   ] GC(721) Metaspace: 48663K(50128K)->48663K(50128K) NonClass: 42828K(43856K)->42828K(43856K) Class: 5835K(6272K)->5835K(6272K)
[387.532s][info][gc             ] GC(721) Pause Young (Concurrent Start) (G1 Evacuation Pause) 507M->507M(512M) 2.183ms
[387.532s][info][gc,cpu         ] GC(721) User=0.00s Sys=0.00s Real=0.00s
[387.532s][info][gc,ergo        ] Attempting maximally compacting collection
[387.532s][info][gc             ] GC(722) Concurrent Cycle
[387.532s][info][gc,task        ] GC(723) Using 8 workers of 8 for full compaction
[387.532s][info][gc,marking     ] GC(722) Concurrent Clear Claimed Marks
[387.532s][info][gc,start       ] GC(723) Pause Full (G1 Evacuation Pause)
[387.532s][info][gc,marking     ] GC(722) Concurrent Clear Claimed Marks 0.060ms
[387.532s][info][gc,marking     ] GC(722) Concurrent Scan Root Regions
[387.532s][info][gc,marking     ] GC(722) Concurrent Scan Root Regions 0.009ms
[387.532s][info][gc,marking     ] GC(722) Concurrent Mark (387.532s)
[387.532s][info][gc,marking     ] GC(722) Concurrent Mark From Roots
[387.532s][info][gc,task        ] GC(722) Using 2 workers of 2 for marking
[387.533s][info][gc,phases,start] GC(723) Phase 1: Mark live objects
[387.859s][info][gc,phases      ] GC(723) Phase 1: Mark live objects 326.219ms
[387.859s][info][gc,phases,start] GC(723) Phase 2: Prepare for compaction
[387.897s][info][gc,phases      ] GC(723) Phase 2: Prepare for compaction 38.008ms
[387.897s][info][gc,phases,start] GC(723) Phase 3: Adjust pointers
[387.990s][info][gc,phases      ] GC(723) Phase 3: Adjust pointers 92.509ms
[387.990s][info][gc,phases,start] GC(723) Phase 4: Compact heap
[388.025s][info][gc,phases      ] GC(723) Phase 4: Compact heap 34.951ms
[388.028s][info][gc,heap        ] GC(723) Eden regions: 0->0(25)
[388.028s][info][gc,heap        ] GC(723) Survivor regions: 0->0(0)
[388.028s][info][gc,heap        ] GC(723) Old regions: 499->496
[388.028s][info][gc,heap        ] GC(723) Archive regions: 2->2
[388.028s][info][gc,heap        ] GC(723) Humongous regions: 11->11
[388.028s][info][gc,metaspace   ] GC(723) Metaspace: 48663K(50128K)->48663K(50128K) NonClass: 42828K(43856K)->42828K(43856K) Class: 5835K(6272K)->5835K(6272K)
[388.028s][info][gc             ] GC(723) Pause Full (G1 Evacuation Pause) 507M->505M(512M) 495.932ms
[388.029s][info][gc,cpu         ] GC(723) User=2.55s Sys=0.05s Real=0.50s
[388.029s][info][gc,marking     ] GC(722) Concurrent Mark From Roots 497.161ms
[388.029s][info][gc,marking     ] GC(722) Concurrent Mark Abort
[388.029s][info][gc             ] GC(722) Concurrent Cycle 497.378ms
[388.042s][info][gc,start       ] GC(724) Pause Young (Normal) (G1 Evacuation Pause)
[388.042s][info][gc,task        ] GC(724) Using 8 workers of 8 for evacuation
[388.044s][info][gc             ] GC(724) To-space exhausted
[388.044s][info][gc,phases      ] GC(724)   Pre Evacuate Collection Set: 0.1ms
[388.044s][info][gc,phases      ] GC(724)   Merge Heap Roots: 0.0ms
[388.044s][info][gc,phases      ] GC(724)   Evacuate Collection Set: 0.6ms
[388.044s][info][gc,phases      ] GC(724)   Post Evacuate Collection Set: 1.2ms
[388.044s][info][gc,phases      ] GC(724)   Other: 0.2ms
[388.044s][info][gc,heap        ] GC(724) Eden regions: 3->0(25)
[388.044s][info][gc,heap        ] GC(724) Survivor regions: 0->0(0)
[388.044s][info][gc,heap        ] GC(724) Old regions: 496->499
[388.044s][info][gc,heap        ] GC(724) Archive regions: 2->2
[388.044s][info][gc,heap        ] GC(724) Humongous regions: 11->11
[388.044s][info][gc,metaspace   ] GC(724) Metaspace: 48712K(50128K)->48712K(50128K) NonClass: 42870K(43856K)->42870K(43856K) Class: 5842K(6272K)->5842K(6272K)
[388.044s][info][gc             ] GC(724) Pause Young (Normal) (G1 Evacuation Pause) 508M->508M(512M) 2.277ms
[388.044s][info][gc,cpu         ] GC(724) User=0.01s Sys=0.01s Real=0.00s
[388.044s][info][gc,ergo        ] Attempting maximally compacting collection
[388.044s][info][gc,task        ] GC(725) Using 8 workers of 8 for full compaction
[388.044s][info][gc,start       ] GC(725) Pause Full (G1 Evacuation Pause)
[388.044s][info][gc,phases,start] GC(725) Phase 1: Mark live objects
[388.500s][info][gc,phases      ] GC(725) Phase 1: Mark live objects 455.389ms
[388.500s][info][gc,phases,start] GC(725) Phase 2: Prepare for compaction
[388.538s][info][gc,phases      ] GC(725) Phase 2: Prepare for compaction 37.987ms
[388.538s][info][gc,phases,start] GC(725) Phase 3: Adjust pointers
[388.643s][info][gc,phases      ] GC(725) Phase 3: Adjust pointers 104.868ms
[388.643s][info][gc,phases,start] GC(725) Phase 4: Compact heap
[388.692s][info][gc,phases      ] GC(725) Phase 4: Compact heap 48.869ms
[388.696s][info][gc,heap        ] GC(725) Eden regions: 0->0(25)
[388.696s][info][gc,heap        ] GC(725) Survivor regions: 0->0(0)
[388.696s][info][gc,heap        ] GC(725) Old regions: 499->496
[388.696s][info][gc,heap        ] GC(725) Archive regions: 2->2
[388.696s][info][gc,heap        ] GC(725) Humongous regions: 11->11
[388.696s][info][gc,metaspace   ] GC(725) Metaspace: 48712K(50128K)->48683K(50128K) NonClass: 42870K(43856K)->42846K(43856K) Class: 5842K(6272K)->5837K(6272K)
[388.696s][info][gc             ] GC(725) Pause Full (G1 Evacuation Pause) 508M->505M(512M) 651.779ms
[388.698s][info][gc,cpu         ] GC(725) User=2.62s Sys=0.05s Real=0.66s
[388.713s][info][gc,start       ] GC(726) Pause Young (Concurrent Start) (G1 Evacuation Pause)
[388.713s][info][gc,task        ] GC(726) Using 8 workers of 8 for evacuation
[388.716s][info][gc             ] GC(726) To-space exhausted
[388.716s][info][gc,phases      ] GC(726)   Pre Evacuate Collection Set: 0.2ms
[388.716s][info][gc,phases      ] GC(726)   Merge Heap Roots: 0.1ms
[388.716s][info][gc,phases      ] GC(726)   Evacuate Collection Set: 1.1ms
[388.716s][info][gc,phases      ] GC(726)   Post Evacuate Collection Set: 1.4ms
[388.716s][info][gc,phases      ] GC(726)   Other: 0.4ms
[388.716s][info][gc,heap        ] GC(726) Eden regions: 3->0(25)
[388.716s][info][gc,heap        ] GC(726) Survivor regions: 0->0(0)
[388.716s][info][gc,heap        ] GC(726) Old regions: 496->499
[388.716s][info][gc,heap        ] GC(726) Archive regions: 2->2
[388.716s][info][gc,heap        ] GC(726) Humongous regions: 11->11
[388.716s][info][gc,metaspace   ] GC(726) Metaspace: 48693K(50128K)->48693K(50128K) NonClass: 42854K(43856K)->42854K(43856K) Class: 5839K(6272K)->5839K(6272K)
[388.716s][info][gc             ] GC(726) Pause Young (Concurrent Start) (G1 Evacuation Pause) 508M->508M(512M) 3.213ms
[388.716s][info][gc,cpu         ] GC(726) User=0.00s Sys=0.00s Real=0.01s
[388.716s][info][gc,ergo        ] Attempting maximally compacting collection
[388.716s][info][gc             ] GC(727) Concurrent Cycle
[388.716s][info][gc,task        ] GC(728) Using 8 workers of 8 for full compaction
[388.716s][info][gc,marking     ] GC(727) Concurrent Clear Claimed Marks
[388.716s][info][gc,start       ] GC(728) Pause Full (G1 Evacuation Pause)
[388.716s][info][gc,marking     ] GC(727) Concurrent Clear Claimed Marks 0.100ms
[388.716s][info][gc,marking     ] GC(727) Concurrent Scan Root Regions
[388.716s][info][gc,marking     ] GC(727) Concurrent Scan Root Regions 0.018ms
[388.716s][info][gc,marking     ] GC(727) Concurrent Mark (388.716s)
[388.716s][info][gc,marking     ] GC(727) Concurrent Mark From Roots
[388.716s][info][gc,task        ] GC(727) Using 2 workers of 2 for marking
[388.717s][info][gc,phases,start] GC(728) Phase 1: Mark live objects
[389.028s][info][gc,phases      ] GC(728) Phase 1: Mark live objects 310.467ms
[389.028s][info][gc,phases,start] GC(728) Phase 2: Prepare for compaction
[389.067s][info][gc,phases      ] GC(728) Phase 2: Prepare for compaction 39.409ms
[389.067s][info][gc,phases,start] GC(728) Phase 3: Adjust pointers
[389.172s][info][gc,phases      ] GC(728) Phase 3: Adjust pointers 104.479ms
[389.172s][info][gc,phases,start] GC(728) Phase 4: Compact heap
[389.212s][info][gc,phases      ] GC(728) Phase 4: Compact heap 40.089ms
[389.217s][info][gc,heap        ] GC(728) Eden regions: 0->0(25)
[389.217s][info][gc,heap        ] GC(728) Survivor regions: 0->0(0)
[389.217s][info][gc,heap        ] GC(728) Old regions: 499->497
[389.217s][info][gc,heap        ] GC(728) Archive regions: 2->2
[389.217s][info][gc,heap        ] GC(728) Humongous regions: 11->11
[389.217s][info][gc,metaspace   ] GC(728) Metaspace: 48693K(50128K)->48595K(50128K) NonClass: 42854K(43856K)->42770K(43856K) Class: 5839K(6272K)->5825K(6272K)
[389.217s][info][gc             ] GC(728) Pause Full (G1 Evacuation Pause) 508M->505M(512M) 500.442ms
[389.221s][info][gc,cpu         ] GC(728) User=2.56s Sys=0.06s Real=0.50s
[389.221s][info][gc,marking     ] GC(727) Concurrent Mark From Roots 504.664ms
[389.221s][info][gc,marking     ] GC(727) Concurrent Mark Abort
[389.221s][info][gc             ] GC(727) Concurrent Cycle 504.927ms
[389.230s][info][gc,start       ] GC(729) Pause Young (Normal) (G1 Evacuation Pause)
[389.230s][info][gc,task        ] GC(729) Using 8 workers of 8 for evacuation
[389.232s][info][gc             ] GC(729) To-space exhausted
[389.232s][info][gc,phases      ] GC(729)   Pre Evacuate Collection Set: 0.1ms
[389.232s][info][gc,phases      ] GC(729)   Merge Heap Roots: 0.1ms
[389.232s][info][gc,phases      ] GC(729)   Evacuate Collection Set: 0.6ms
[389.232s][info][gc,phases      ] GC(729)   Post Evacuate Collection Set: 1.0ms
[389.232s][info][gc,phases      ] GC(729)   Other: 0.3ms
[389.232s][info][gc,heap        ] GC(729) Eden regions: 2->0(25)
[389.232s][info][gc,heap        ] GC(729) Survivor regions: 0->0(0)
[389.232s][info][gc,heap        ] GC(729) Old regions: 497->499
[389.232s][info][gc,heap        ] GC(729) Archive regions: 2->2
[389.232s][info][gc,heap        ] GC(729) Humongous regions: 11->11
[389.232s][info][gc,metaspace   ] GC(729) Metaspace: 48614K(50128K)->48614K(50128K) NonClass: 42786K(43856K)->42786K(43856K) Class: 5828K(6272K)->5828K(6272K)
[389.232s][info][gc             ] GC(729) Pause Young (Normal) (G1 Evacuation Pause) 507M->507M(512M) 2.139ms
[389.232s][info][gc,cpu         ] GC(729) User=0.00s Sys=0.00s Real=0.00s
[389.232s][info][gc,ergo        ] Attempting maximally compacting collection
[389.232s][info][gc,task        ] GC(730) Using 8 workers of 8 for full compaction
[389.232s][info][gc,start       ] GC(730) Pause Full (G1 Evacuation Pause)
[389.233s][info][gc,phases,start] GC(730) Phase 1: Mark live objects
[389.552s][info][gc,phases      ] GC(730) Phase 1: Mark live objects 319.894ms
[389.552s][info][gc,phases,start] GC(730) Phase 2: Prepare for compaction
[389.591s][info][gc,phases      ] GC(730) Phase 2: Prepare for compaction 38.103ms
[389.591s][info][gc,phases,start] GC(730) Phase 3: Adjust pointers
[389.728s][info][gc,phases      ] GC(730) Phase 3: Adjust pointers 137.027ms
[389.728s][info][gc,phases,start] GC(730) Phase 4: Compact heap
[389.782s][info][gc,phases      ] GC(730) Phase 4: Compact heap 54.481ms
[389.787s][info][gc,heap        ] GC(730) Eden regions: 0->0(25)
[389.787s][info][gc,heap        ] GC(730) Survivor regions: 0->0(0)
[389.787s][info][gc,heap        ] GC(730) Old regions: 499->496
[389.787s][info][gc,heap        ] GC(730) Archive regions: 2->2
[389.787s][info][gc,heap        ] GC(730) Humongous regions: 11->11
[389.787s][info][gc,metaspace   ] GC(730) Metaspace: 48614K(50128K)->48610K(50128K) NonClass: 42786K(43856K)->42783K(43856K) Class: 5828K(6272K)->5827K(6272K)
[389.787s][info][gc             ] GC(730) Pause Full (G1 Evacuation Pause) 507M->505M(512M) 554.251ms
[389.789s][info][gc,cpu         ] GC(730) User=2.52s Sys=0.04s Real=0.56s
[389.809s][info][gc,start       ] GC(731) Pause Young (Concurrent Start) (G1 Evacuation Pause)
[389.809s][info][gc,task        ] GC(731) Using 8 workers of 8 for evacuation
[389.813s][info][gc             ] GC(731) To-space exhausted
[389.813s][info][gc,phases      ] GC(731)   Pre Evacuate Collection Set: 0.2ms
[389.813s][info][gc,phases      ] GC(731)   Merge Heap Roots: 0.1ms
[389.813s][info][gc,phases      ] GC(731)   Evacuate Collection Set: 1.3ms
[389.813s][info][gc,phases      ] GC(731)   Post Evacuate Collection Set: 2.4ms
[389.813s][info][gc,phases      ] GC(731)   Other: 0.4ms
[389.813s][info][gc,heap        ] GC(731) Eden regions: 3->0(25)
[389.813s][info][gc,heap        ] GC(731) Survivor regions: 0->0(0)
[389.813s][info][gc,heap        ] GC(731) Old regions: 496->499
[389.813s][info][gc,heap        ] GC(731) Archive regions: 2->2
[389.813s][info][gc,heap        ] GC(731) Humongous regions: 11->11
[389.813s][info][gc,metaspace   ] GC(731) Metaspace: 48656K(50128K)->48656K(50128K) NonClass: 42822K(43856K)->42822K(43856K) Class: 5833K(6272K)->5833K(6272K)
[389.813s][info][gc             ] GC(731) Pause Young (Concurrent Start) (G1 Evacuation Pause) 508M->508M(512M) 4.358ms
[389.813s][info][gc,cpu         ] GC(731) User=0.00s Sys=0.00s Real=0.00s
[389.813s][info][gc,ergo        ] Attempting maximally compacting collection
[389.813s][info][gc             ] GC(732) Concurrent Cycle
[389.814s][info][gc,task        ] GC(733) Using 8 workers of 8 for full compaction
[389.814s][info][gc,marking     ] GC(732) Concurrent Clear Claimed Marks
[389.814s][info][gc,start       ] GC(733) Pause Full (G1 Evacuation Pause)
[389.814s][info][gc,marking     ] GC(732) Concurrent Clear Claimed Marks 0.063ms
[389.814s][info][gc,marking     ] GC(732) Concurrent Scan Root Regions
[389.814s][info][gc,marking     ] GC(732) Concurrent Scan Root Regions 0.009ms
[389.814s][info][gc,marking     ] GC(732) Concurrent Mark (389.814s)
[389.814s][info][gc,marking     ] GC(732) Concurrent Mark From Roots
[389.814s][info][gc,task        ] GC(732) Using 2 workers of 2 for marking
[389.815s][info][gc,phases,start] GC(733) Phase 1: Mark live objects
[390.132s][info][gc,phases      ] GC(733) Phase 1: Mark live objects 317.558ms
[390.132s][info][gc,phases,start] GC(733) Phase 2: Prepare for compaction
[390.175s][info][gc,phases      ] GC(733) Phase 2: Prepare for compaction 43.106ms
[390.175s][info][gc,phases,start] GC(733) Phase 3: Adjust pointers
[390.289s][info][gc,phases      ] GC(733) Phase 3: Adjust pointers 113.130ms
[390.289s][info][gc,phases,start] GC(733) Phase 4: Compact heap
[390.329s][info][gc,phases      ] GC(733) Phase 4: Compact heap 40.941ms
[390.334s][info][gc,heap        ] GC(733) Eden regions: 0->0(25)
[390.334s][info][gc,heap        ] GC(733) Survivor regions: 0->0(0)
[390.334s][info][gc,heap        ] GC(733) Old regions: 499->496
[390.334s][info][gc,heap        ] GC(733) Archive regions: 2->2
[390.334s][info][gc,heap        ] GC(733) Humongous regions: 11->11
[390.334s][info][gc,metaspace   ] GC(733) Metaspace: 48656K(50128K)->48652K(50128K) NonClass: 42822K(43856K)->42818K(43856K) Class: 5833K(6272K)->5833K(6272K)
[390.334s][info][gc             ] GC(733) Pause Full (G1 Evacuation Pause) 508M->505M(512M) 520.516ms
[390.335s][info][gc,cpu         ] GC(733) User=2.54s Sys=0.04s Real=0.52s
[390.335s][info][gc,marking     ] GC(732) Concurrent Mark From Roots 521.746ms
[390.335s][info][gc,marking     ] GC(732) Concurrent Mark Abort
[390.335s][info][gc             ] GC(732) Concurrent Cycle 521.935ms
[390.350s][info][gc,start       ] GC(734) Pause Young (Normal) (G1 Evacuation Pause)
[390.350s][info][gc,task        ] GC(734) Using 8 workers of 8 for evacuation
[390.353s][info][gc             ] GC(734) To-space exhausted
[390.353s][info][gc,phases      ] GC(734)   Pre Evacuate Collection Set: 0.1ms
[390.353s][info][gc,phases      ] GC(734)   Merge Heap Roots: 0.0ms
[390.353s][info][gc,phases      ] GC(734)   Evacuate Collection Set: 0.7ms
[390.353s][info][gc,phases      ] GC(734)   Post Evacuate Collection Set: 1.4ms
[390.353s][info][gc,phases      ] GC(734)   Other: 0.3ms
[390.353s][info][gc,heap        ] GC(734) Eden regions: 3->0(25)
[390.353s][info][gc,heap        ] GC(734) Survivor regions: 0->0(0)
[390.353s][info][gc,heap        ] GC(734) Old regions: 496->499
[390.353s][info][gc,heap        ] GC(734) Archive regions: 2->2
[390.353s][info][gc,heap        ] GC(734) Humongous regions: 11->11
[390.353s][info][gc,metaspace   ] GC(734) Metaspace: 48700K(50128K)->48700K(50128K) NonClass: 42859K(43856K)->42859K(43856K) Class: 5840K(6272K)->5840K(6272K)
[390.353s][info][gc             ] GC(734) Pause Young (Normal) (G1 Evacuation Pause) 508M->508M(512M) 2.638ms
[390.353s][info][gc,cpu         ] GC(734) User=0.01s Sys=0.00s Real=0.00s
[390.353s][info][gc,ergo        ] Attempting maximally compacting collection
[390.353s][info][gc,task        ] GC(735) Using 8 workers of 8 for full compaction
[390.353s][info][gc,start       ] GC(735) Pause Full (G1 Evacuation Pause)
[390.353s][info][gc,phases,start] GC(735) Phase 1: Mark live objects
[390.652s][info][gc,phases      ] GC(735) Phase 1: Mark live objects 298.949ms
[390.652s][info][gc,phases,start] GC(735) Phase 2: Prepare for compaction
[390.700s][info][gc,phases      ] GC(735) Phase 2: Prepare for compaction 48.096ms
[390.700s][info][gc,phases,start] GC(735) Phase 3: Adjust pointers
[390.807s][info][gc,phases      ] GC(735) Phase 3: Adjust pointers 106.687ms
[390.807s][info][gc,phases,start] GC(735) Phase 4: Compact heap
[390.862s][info][gc,phases      ] GC(735) Phase 4: Compact heap 54.858ms
[390.866s][info][gc,heap        ] GC(735) Eden regions: 0->0(25)
[390.866s][info][gc,heap        ] GC(735) Survivor regions: 0->0(0)
[390.866s][info][gc,heap        ] GC(735) Old regions: 499->496
[390.866s][info][gc,heap        ] GC(735) Archive regions: 2->2
[390.866s][info][gc,heap        ] GC(735) Humongous regions: 11->11
[390.866s][info][gc,metaspace   ] GC(735) Metaspace: 48700K(50128K)->48591K(50128K) NonClass: 42859K(43856K)->42766K(43856K) Class: 5840K(6272K)->5824K(6272K)
[390.866s][info][gc             ] GC(735) Pause Full (G1 Evacuation Pause) 508M->505M(512M) 513.198ms
[390.870s][info][gc,cpu         ] GC(735) User=2.52s Sys=0.04s Real=0.52s
[390.891s][info][gc,start       ] GC(736) Pause Young (Concurrent Start) (G1 Evacuation Pause)
[390.891s][info][gc,task        ] GC(736) Using 8 workers of 8 for evacuation
[390.895s][info][gc             ] GC(736) To-space exhausted
[390.895s][info][gc,phases      ] GC(736)   Pre Evacuate Collection Set: 0.4ms
[390.895s][info][gc,phases      ] GC(736)   Merge Heap Roots: 0.1ms
[390.895s][info][gc,phases      ] GC(736)   Evacuate Collection Set: 1.6ms
[390.895s][info][gc,phases      ] GC(736)   Post Evacuate Collection Set: 1.5ms
[390.895s][info][gc,phases      ] GC(736)   Other: 0.6ms
[390.895s][info][gc,heap        ] GC(736) Eden regions: 3->0(25)
[390.895s][info][gc,heap        ] GC(736) Survivor regions: 0->0(0)
[390.895s][info][gc,heap        ] GC(736) Old regions: 496->499
[390.895s][info][gc,heap        ] GC(736) Archive regions: 2->2
[390.895s][info][gc,heap        ] GC(736) Humongous regions: 11->11
[390.895s][info][gc,metaspace   ] GC(736) Metaspace: 48637K(50128K)->48637K(50128K) NonClass: 42806K(43856K)->42806K(43856K) Class: 5831K(6272K)->5831K(6272K)
[390.895s][info][gc             ] GC(736) Pause Young (Concurrent Start) (G1 Evacuation Pause) 508M->508M(512M) 4.049ms
[390.895s][info][gc,cpu         ] GC(736) User=0.01s Sys=0.00s Real=0.00s
[390.895s][info][gc,ergo        ] Attempting maximally compacting collection
[390.895s][info][gc             ] GC(737) Concurrent Cycle
[390.895s][info][gc,task        ] GC(738) Using 8 workers of 8 for full compaction
[390.895s][info][gc,marking     ] GC(737) Concurrent Clear Claimed Marks
[390.895s][info][gc,start       ] GC(738) Pause Full (G1 Evacuation Pause)
[390.895s][info][gc,marking     ] GC(737) Concurrent Clear Claimed Marks 0.077ms
[390.895s][info][gc,marking     ] GC(737) Concurrent Scan Root Regions
[390.895s][info][gc,marking     ] GC(737) Concurrent Scan Root Regions 0.007ms
[390.895s][info][gc,marking     ] GC(737) Concurrent Mark (390.895s)
[390.895s][info][gc,marking     ] GC(737) Concurrent Mark From Roots
[390.895s][info][gc,task        ] GC(737) Using 2 workers of 2 for marking
[390.896s][info][gc,phases,start] GC(738) Phase 1: Mark live objects
[391.181s][info][gc,phases      ] GC(738) Phase 1: Mark live objects 285.852ms
[391.181s][info][gc,phases,start] GC(738) Phase 2: Prepare for compaction
[391.251s][info][gc,phases      ] GC(738) Phase 2: Prepare for compaction 69.324ms
[391.251s][info][gc,phases,start] GC(738) Phase 3: Adjust pointers
[391.463s][info][gc,phases      ] GC(738) Phase 3: Adjust pointers 211.796ms
[391.463s][info][gc,phases,start] GC(738) Phase 4: Compact heap
[391.504s][info][gc,phases      ] GC(738) Phase 4: Compact heap 41.162ms
[391.512s][info][gc,heap        ] GC(738) Eden regions: 0->0(25)
[391.512s][info][gc,heap        ] GC(738) Survivor regions: 0->0(0)
[391.512s][info][gc,heap        ] GC(738) Old regions: 499->495
[391.512s][info][gc,heap        ] GC(738) Archive regions: 2->2
[391.512s][info][gc,heap        ] GC(738) Humongous regions: 11->11
[391.512s][info][gc,metaspace   ] GC(738) Metaspace: 48637K(50128K)->48615K(50128K) NonClass: 42806K(43856K)->42786K(43856K) Class: 5831K(6272K)->5828K(6272K)
[391.512s][info][gc             ] GC(738) Pause Full (G1 Evacuation Pause) 508M->505M(512M) 616.845ms
[391.514s][info][gc,cpu         ] GC(738) User=2.54s Sys=0.05s Real=0.62s
[391.525s][info][gc,marking     ] GC(737) Concurrent Mark From Roots 629.741ms
[391.525s][info][gc,marking     ] GC(737) Concurrent Mark Abort
[391.525s][info][gc             ] GC(737) Concurrent Cycle 630.169ms
[391.566s][info][gc,start       ] GC(739) Pause Young (Normal) (G1 Evacuation Pause)
[391.566s][info][gc,task        ] GC(739) Using 8 workers of 8 for evacuation
[391.584s][info][gc             ] GC(739) To-space exhausted
[391.584s][info][gc,phases      ] GC(739)   Pre Evacuate Collection Set: 0.4ms
[391.584s][info][gc,phases      ] GC(739)   Merge Heap Roots: 0.1ms
[391.584s][info][gc,phases      ] GC(739)   Evacuate Collection Set: 12.3ms
[391.584s][info][gc,phases      ] GC(739)   Post Evacuate Collection Set: 4.9ms
[391.584s][info][gc,phases      ] GC(739)   Other: 0.6ms
[391.584s][info][gc,heap        ] GC(739) Eden regions: 4->0(25)
[391.584s][info][gc,heap        ] GC(739) Survivor regions: 0->0(0)
[391.584s][info][gc,heap        ] GC(739) Old regions: 495->499
[391.584s][info][gc,heap        ] GC(739) Archive regions: 2->2
[391.584s][info][gc,heap        ] GC(739) Humongous regions: 11->11
[391.584s][info][gc,metaspace   ] GC(739) Metaspace: 48693K(50128K)->48693K(50128K) NonClass: 42854K(43856K)->42854K(43856K) Class: 5839K(6272K)->5839K(6272K)
[391.584s][info][gc             ] GC(739) Pause Young (Normal) (G1 Evacuation Pause) 509M->509M(512M) 18.375ms
[391.584s][info][gc,cpu         ] GC(739) User=0.00s Sys=0.00s Real=0.02s
[391.584s][info][gc,ergo        ] Attempting maximally compacting collection
[391.584s][info][gc,task        ] GC(740) Using 8 workers of 8 for full compaction
[391.584s][info][gc,start       ] GC(740) Pause Full (G1 Evacuation Pause)
[391.584s][info][gc,phases,start] GC(740) Phase 1: Mark live objects
[391.973s][info][gc,phases      ] GC(740) Phase 1: Mark live objects 389.144ms
[391.973s][info][gc,phases,start] GC(740) Phase 2: Prepare for compaction
[392.011s][info][gc,phases      ] GC(740) Phase 2: Prepare for compaction 37.811ms
[392.011s][info][gc,phases,start] GC(740) Phase 3: Adjust pointers
[392.105s][info][gc,phases      ] GC(740) Phase 3: Adjust pointers 93.531ms
[392.105s][info][gc,phases,start] GC(740) Phase 4: Compact heap
[392.139s][info][gc,phases      ] GC(740) Phase 4: Compact heap 34.058ms
[392.143s][info][gc,heap        ] GC(740) Eden regions: 0->0(25)
[392.143s][info][gc,heap        ] GC(740) Survivor regions: 0->0(0)
[392.143s][info][gc,heap        ] GC(740) Old regions: 499->497
[392.143s][info][gc,heap        ] GC(740) Archive regions: 2->2
[392.143s][info][gc,heap        ] GC(740) Humongous regions: 11->11
[392.143s][info][gc,metaspace   ] GC(740) Metaspace: 48693K(50128K)->48595K(50128K) NonClass: 42854K(43856K)->42770K(43856K) Class: 5839K(6272K)->5825K(6272K)
[392.143s][info][gc             ] GC(740) Pause Full (G1 Evacuation Pause) 509M->505M(512M) 559.101ms
[392.144s][info][gc,cpu         ] GC(740) User=2.53s Sys=0.05s Real=0.56s
[392.159s][info][gc,start       ] GC(741) Pause Young (Concurrent Start) (G1 Evacuation Pause)
[392.159s][info][gc,task        ] GC(741) Using 8 workers of 8 for evacuation
[392.162s][info][gc             ] GC(741) To-space exhausted
[392.162s][info][gc,phases      ] GC(741)   Pre Evacuate Collection Set: 0.2ms
[392.162s][info][gc,phases      ] GC(741)   Merge Heap Roots: 0.1ms
[392.162s][info][gc,phases      ] GC(741)   Evacuate Collection Set: 1.1ms
[392.162s][info][gc,phases      ] GC(741)   Post Evacuate Collection Set: 1.4ms
[392.162s][info][gc,phases      ] GC(741)   Other: 0.3ms
[392.162s][info][gc,heap        ] GC(741) Eden regions: 2->0(25)
[392.162s][info][gc,heap        ] GC(741) Survivor regions: 0->0(0)
[392.162s][info][gc,heap        ] GC(741) Old regions: 497->499
[392.162s][info][gc,heap        ] GC(741) Archive regions: 2->2
[392.162s][info][gc,heap        ] GC(741) Humongous regions: 11->11
[392.162s][info][gc,metaspace   ] GC(741) Metaspace: 48599K(50128K)->48599K(50128K) NonClass: 42773K(43856K)->42773K(43856K) Class: 5825K(6272K)->5825K(6272K)
[392.162s][info][gc             ] GC(741) Pause Young (Concurrent Start) (G1 Evacuation Pause) 507M->507M(512M) 2.979ms
[392.162s][info][gc,cpu         ] GC(741) User=0.00s Sys=0.00s Real=0.00s
[392.162s][info][gc,ergo        ] Attempting maximally compacting collection
[392.162s][info][gc             ] GC(742) Concurrent Cycle
[392.162s][info][gc,task        ] GC(743) Using 8 workers of 8 for full compaction
[392.162s][info][gc,marking     ] GC(742) Concurrent Clear Claimed Marks
[392.162s][info][gc,start       ] GC(743) Pause Full (G1 Evacuation Pause)
[392.162s][info][gc,marking     ] GC(742) Concurrent Clear Claimed Marks 0.077ms
[392.162s][info][gc,marking     ] GC(742) Concurrent Scan Root Regions
[392.162s][info][gc,marking     ] GC(742) Concurrent Scan Root Regions 0.017ms
[392.162s][info][gc,marking     ] GC(742) Concurrent Mark (392.162s)
[392.162s][info][gc,marking     ] GC(742) Concurrent Mark From Roots
[392.162s][info][gc,task        ] GC(742) Using 2 workers of 2 for marking
[392.163s][info][gc,phases,start] GC(743) Phase 1: Mark live objects
[392.517s][info][gc,phases      ] GC(743) Phase 1: Mark live objects 354.431ms
[392.517s][info][gc,phases,start] GC(743) Phase 2: Prepare for compaction
[392.560s][info][gc,phases      ] GC(743) Phase 2: Prepare for compaction 42.766ms
[392.560s][info][gc,phases,start] GC(743) Phase 3: Adjust pointers
[392.657s][info][gc,phases      ] GC(743) Phase 3: Adjust pointers 96.982ms
[392.657s][info][gc,phases,start] GC(743) Phase 4: Compact heap
[392.696s][info][gc,phases      ] GC(743) Phase 4: Compact heap 38.825ms
[392.702s][info][gc,heap        ] GC(743) Eden regions: 0->0(25)
[392.702s][info][gc,heap        ] GC(743) Survivor regions: 0->0(0)
[392.702s][info][gc,heap        ] GC(743) Old regions: 499->498
[392.702s][info][gc,heap        ] GC(743) Archive regions: 2->2
[392.702s][info][gc,heap        ] GC(743) Humongous regions: 11->11
[392.702s][info][gc,metaspace   ] GC(743) Metaspace: 48599K(50128K)->48592K(50128K) NonClass: 42773K(43856K)->42767K(43856K) Class: 5825K(6272K)->5824K(6272K)
[392.702s][info][gc             ] GC(743) Pause Full (G1 Evacuation Pause) 507M->505M(512M) 539.948ms
[392.704s][info][gc,cpu         ] GC(743) User=2.54s Sys=0.05s Real=0.54s
[392.705s][info][gc,marking     ] GC(742) Concurrent Mark From Roots 542.374ms
[392.705s][info][gc,marking     ] GC(742) Concurrent Mark Abort
[392.705s][info][gc             ] GC(742) Concurrent Cycle 542.652ms
[392.714s][info][gc,start       ] GC(744) Pause Young (Normal) (G1 Evacuation Pause)
[392.714s][info][gc,task        ] GC(744) Using 8 workers of 8 for evacuation
[392.716s][info][gc             ] GC(744) To-space exhausted
[392.716s][info][gc,phases      ] GC(744)   Pre Evacuate Collection Set: 0.1ms
[392.716s][info][gc,phases      ] GC(744)   Merge Heap Roots: 0.0ms
[392.716s][info][gc,phases      ] GC(744)   Evacuate Collection Set: 0.5ms
[392.716s][info][gc,phases      ] GC(744)   Post Evacuate Collection Set: 1.1ms
[392.716s][info][gc,phases      ] GC(744)   Other: 0.3ms
[392.716s][info][gc,heap        ] GC(744) Eden regions: 1->0(25)
[392.716s][info][gc,heap        ] GC(744) Survivor regions: 0->0(0)
[392.716s][info][gc,heap        ] GC(744) Old regions: 498->499
[392.716s][info][gc,heap        ] GC(744) Archive regions: 2->2
[392.716s][info][gc,heap        ] GC(744) Humongous regions: 11->11
[392.716s][info][gc,metaspace   ] GC(744) Metaspace: 48596K(50128K)->48596K(50128K) NonClass: 42770K(43856K)->42770K(43856K) Class: 5825K(6272K)->5825K(6272K)
[392.716s][info][gc             ] GC(744) Pause Young (Normal) (G1 Evacuation Pause) 506M->506M(512M) 2.133ms
[392.716s][info][gc,cpu         ] GC(744) User=0.01s Sys=0.00s Real=0.01s
[392.716s][info][gc,ergo        ] Attempting maximally compacting collection
[392.716s][info][gc,task        ] GC(745) Using 8 workers of 8 for full compaction
[392.716s][info][gc,start       ] GC(745) Pause Full (G1 Evacuation Pause)
[392.716s][info][gc,phases,start] GC(745) Phase 1: Mark live objects
[393.040s][info][gc,phases      ] GC(745) Phase 1: Mark live objects 323.450ms
[393.040s][info][gc,phases,start] GC(745) Phase 2: Prepare for compaction
[393.080s][info][gc,phases      ] GC(745) Phase 2: Prepare for compaction 40.227ms
[393.080s][info][gc,phases,start] GC(745) Phase 3: Adjust pointers
[393.184s][info][gc,phases      ] GC(745) Phase 3: Adjust pointers 103.653ms
[393.184s][info][gc,phases,start] GC(745) Phase 4: Compact heap
[393.219s][info][gc,phases      ] GC(745) Phase 4: Compact heap 35.887ms
[393.225s][info][gc,heap        ] GC(745) Eden regions: 0->0(25)
[393.226s][info][gc,heap        ] GC(745) Survivor regions: 0->0(0)
[393.226s][info][gc,heap        ] GC(745) Old regions: 499->496
[393.226s][info][gc,heap        ] GC(745) Archive regions: 2->2
[393.226s][info][gc,heap        ] GC(745) Humongous regions: 11->11
[393.226s][info][gc,metaspace   ] GC(745) Metaspace: 48596K(50128K)->48596K(50128K) NonClass: 42770K(43856K)->42770K(43856K) Class: 5825K(6272K)->5825K(6272K)
[393.226s][info][gc             ] GC(745) Pause Full (G1 Evacuation Pause) 506M->505M(512M) 509.485ms
[393.227s][info][gc,cpu         ] GC(745) User=2.52s Sys=0.05s Real=0.51s
[393.242s][info][gc,start       ] GC(746) Pause Young (Concurrent Start) (G1 Evacuation Pause)
[393.242s][info][gc,task        ] GC(746) Using 8 workers of 8 for evacuation
[393.244s][info][gc             ] GC(746) To-space exhausted
[393.244s][info][gc,phases      ] GC(746)   Pre Evacuate Collection Set: 0.1ms
[393.244s][info][gc,phases      ] GC(746)   Merge Heap Roots: 0.0ms
[393.244s][info][gc,phases      ] GC(746)   Evacuate Collection Set: 0.7ms
[393.244s][info][gc,phases      ] GC(746)   Post Evacuate Collection Set: 1.3ms
[393.244s][info][gc,phases      ] GC(746)   Other: 0.3ms
[393.244s][info][gc,heap        ] GC(746) Eden regions: 3->0(25)
[393.244s][info][gc,heap        ] GC(746) Survivor regions: 0->0(0)
[393.244s][info][gc,heap        ] GC(746) Old regions: 496->499
[393.244s][info][gc,heap        ] GC(746) Archive regions: 2->2
[393.244s][info][gc,heap        ] GC(746) Humongous regions: 11->11
[393.244s][info][gc,metaspace   ] GC(746) Metaspace: 48645K(50128K)->48645K(50128K) NonClass: 42813K(43856K)->42813K(43856K) Class: 5832K(6272K)->5832K(6272K)
[393.244s][info][gc             ] GC(746) Pause Young (Concurrent Start) (G1 Evacuation Pause) 508M->508M(512M) 2.568ms
[393.244s][info][gc,cpu         ] GC(746) User=0.01s Sys=0.00s Real=0.00s
[393.244s][info][gc,ergo        ] Attempting maximally compacting collection
[393.244s][info][gc             ] GC(747) Concurrent Cycle
[393.244s][info][gc,task        ] GC(748) Using 8 workers of 8 for full compaction
[393.244s][info][gc,marking     ] GC(747) Concurrent Clear Claimed Marks
[393.244s][info][gc,start       ] GC(748) Pause Full (G1 Evacuation Pause)
[393.245s][info][gc,marking     ] GC(747) Concurrent Clear Claimed Marks 0.066ms
[393.245s][info][gc,marking     ] GC(747) Concurrent Scan Root Regions
[393.245s][info][gc,marking     ] GC(747) Concurrent Scan Root Regions 0.009ms
[393.245s][info][gc,marking     ] GC(747) Concurrent Mark (393.245s)
[393.245s][info][gc,marking     ] GC(747) Concurrent Mark From Roots
[393.245s][info][gc,task        ] GC(747) Using 2 workers of 2 for marking
[393.245s][info][gc,phases,start] GC(748) Phase 1: Mark live objects
[393.563s][info][gc,phases      ] GC(748) Phase 1: Mark live objects 317.979ms
[393.563s][info][gc,phases,start] GC(748) Phase 2: Prepare for compaction
[393.601s][info][gc,phases      ] GC(748) Phase 2: Prepare for compaction 37.949ms
[393.601s][info][gc,phases,start] GC(748) Phase 3: Adjust pointers
[393.706s][info][gc,phases      ] GC(748) Phase 3: Adjust pointers 104.906ms
[393.706s][info][gc,phases,start] GC(748) Phase 4: Compact heap
[393.743s][info][gc,phases      ] GC(748) Phase 4: Compact heap 37.071ms
[393.747s][info][gc,heap        ] GC(748) Eden regions: 0->0(25)
[393.747s][info][gc,heap        ] GC(748) Survivor regions: 0->0(0)
[393.747s][info][gc,heap        ] GC(748) Old regions: 499->496
[393.747s][info][gc,heap        ] GC(748) Archive regions: 2->2
[393.747s][info][gc,heap        ] GC(748) Humongous regions: 11->11
[393.747s][info][gc,metaspace   ] GC(748) Metaspace: 48645K(50128K)->48607K(50128K) NonClass: 42813K(43856K)->42780K(43856K) Class: 5832K(6272K)->5826K(6272K)
[393.747s][info][gc             ] GC(748) Pause Full (G1 Evacuation Pause) 508M->505M(512M) 502.771ms
[393.749s][info][gc,cpu         ] GC(748) User=2.53s Sys=0.04s Real=0.51s
[393.749s][info][gc,marking     ] GC(747) Concurrent Mark From Roots 504.664ms
[393.749s][info][gc,marking     ] GC(747) Concurrent Mark Abort
[393.749s][info][gc             ] GC(747) Concurrent Cycle 504.874ms
[393.764s][info][gc,start       ] GC(749) Pause Young (Normal) (G1 Evacuation Pause)
[393.764s][info][gc,task        ] GC(749) Using 8 workers of 8 for evacuation
[393.766s][info][gc             ] GC(749) To-space exhausted
[393.766s][info][gc,phases      ] GC(749)   Pre Evacuate Collection Set: 0.1ms
[393.766s][info][gc,phases      ] GC(749)   Merge Heap Roots: 0.1ms
[393.766s][info][gc,phases      ] GC(749)   Evacuate Collection Set: 0.7ms
[393.766s][info][gc,phases      ] GC(749)   Post Evacuate Collection Set: 1.1ms
[393.766s][info][gc,phases      ] GC(749)   Other: 0.2ms
[393.766s][info][gc,heap        ] GC(749) Eden regions: 3->0(25)
[393.766s][info][gc,heap        ] GC(749) Survivor regions: 0->0(0)
[393.766s][info][gc,heap        ] GC(749) Old regions: 496->499
[393.766s][info][gc,heap        ] GC(749) Archive regions: 2->2
[393.766s][info][gc,heap        ] GC(749) Humongous regions: 11->11
[393.766s][info][gc,metaspace   ] GC(749) Metaspace: 48656K(50128K)->48656K(50128K) NonClass: 42822K(43856K)->42822K(43856K) Class: 5833K(6272K)->5833K(6272K)
[393.766s][info][gc             ] GC(749) Pause Young (Normal) (G1 Evacuation Pause) 508M->508M(512M) 2.380ms
[393.766s][info][gc,cpu         ] GC(749) User=0.00s Sys=0.01s Real=0.01s
[393.766s][info][gc,ergo        ] Attempting maximally compacting collection
[393.766s][info][gc,task        ] GC(750) Using 8 workers of 8 for full compaction
[393.766s][info][gc,start       ] GC(750) Pause Full (G1 Evacuation Pause)
[393.767s][info][gc,phases,start] GC(750) Phase 1: Mark live objects
[394.074s][info][gc,phases      ] GC(750) Phase 1: Mark live objects 307.007ms
[394.074s][info][gc,phases,start] GC(750) Phase 2: Prepare for compaction
[394.120s][info][gc,phases      ] GC(750) Phase 2: Prepare for compaction 46.301ms
[394.120s][info][gc,phases,start] GC(750) Phase 3: Adjust pointers
[394.228s][info][gc,phases      ] GC(750) Phase 3: Adjust pointers 107.765ms
[394.228s][info][gc,phases,start] GC(750) Phase 4: Compact heap
[394.263s][info][gc,phases      ] GC(750) Phase 4: Compact heap 35.556ms
[394.267s][info][gc,heap        ] GC(750) Eden regions: 0->0(25)
[394.267s][info][gc,heap        ] GC(750) Survivor regions: 0->0(0)
[394.267s][info][gc,heap        ] GC(750) Old regions: 499->497
[394.267s][info][gc,heap        ] GC(750) Archive regions: 2->2
[394.267s][info][gc,heap        ] GC(750) Humongous regions: 11->11
[394.267s][info][gc,metaspace   ] GC(750) Metaspace: 48656K(50128K)->48634K(50128K) NonClass: 42822K(43856K)->42803K(43856K) Class: 5833K(6272K)->5830K(6272K)
[394.267s][info][gc             ] GC(750) Pause Full (G1 Evacuation Pause) 508M->505M(512M) 500.348ms
[394.268s][info][gc,cpu         ] GC(750) User=2.53s Sys=0.05s Real=0.50s
[394.280s][info][gc,start       ] GC(751) Pause Young (Concurrent Start) (G1 Evacuation Pause)
[394.280s][info][gc,task        ] GC(751) Using 8 workers of 8 for evacuation
[394.282s][info][gc             ] GC(751) To-space exhausted
[394.282s][info][gc,phases      ] GC(751)   Pre Evacuate Collection Set: 0.1ms
[394.282s][info][gc,phases      ] GC(751)   Merge Heap Roots: 0.0ms
[394.282s][info][gc,phases      ] GC(751)   Evacuate Collection Set: 0.8ms
[394.282s][info][gc,phases      ] GC(751)   Post Evacuate Collection Set: 1.3ms
[394.282s][info][gc,phases      ] GC(751)   Other: 0.2ms
[394.282s][info][gc,heap        ] GC(751) Eden regions: 2->0(25)
[394.282s][info][gc,heap        ] GC(751) Survivor regions: 0->0(0)
[394.282s][info][gc,heap        ] GC(751) Old regions: 497->499
[394.282s][info][gc,heap        ] GC(751) Archive regions: 2->2
[394.282s][info][gc,heap        ] GC(751) Humongous regions: 11->11
[394.282s][info][gc,metaspace   ] GC(751) Metaspace: 48641K(50128K)->48641K(50128K) NonClass: 42809K(43856K)->42809K(43856K) Class: 5831K(6272K)->5831K(6272K)
[394.282s][info][gc             ] GC(751) Pause Young (Concurrent Start) (G1 Evacuation Pause) 507M->507M(512M) 2.555ms
[394.282s][info][gc,cpu         ] GC(751) User=0.00s Sys=0.00s Real=0.00s
[394.282s][info][gc,ergo        ] Attempting maximally compacting collection
[394.282s][info][gc             ] GC(752) Concurrent Cycle
[394.282s][info][gc,task        ] GC(753) Using 8 workers of 8 for full compaction
[394.282s][info][gc,marking     ] GC(752) Concurrent Clear Claimed Marks
[394.282s][info][gc,start       ] GC(753) Pause Full (G1 Evacuation Pause)
[394.282s][info][gc,marking     ] GC(752) Concurrent Clear Claimed Marks 0.058ms
[394.282s][info][gc,marking     ] GC(752) Concurrent Scan Root Regions
[394.282s][info][gc,marking     ] GC(752) Concurrent Scan Root Regions 0.005ms
[394.282s][info][gc,marking     ] GC(752) Concurrent Mark (394.282s)
[394.282s][info][gc,marking     ] GC(752) Concurrent Mark From Roots
[394.282s][info][gc,task        ] GC(752) Using 2 workers of 2 for marking
[394.283s][info][gc,phases,start] GC(753) Phase 1: Mark live objects
[394.636s][info][gc,phases      ] GC(753) Phase 1: Mark live objects 353.015ms
[394.636s][info][gc,phases,start] GC(753) Phase 2: Prepare for compaction
[394.704s][info][gc,phases      ] GC(753) Phase 2: Prepare for compaction 67.801ms
[394.704s][info][gc,phases,start] GC(753) Phase 3: Adjust pointers
[394.844s][info][gc,phases      ] GC(753) Phase 3: Adjust pointers 139.724ms
[394.844s][info][gc,phases,start] GC(753) Phase 4: Compact heap
[394.885s][info][gc,phases      ] GC(753) Phase 4: Compact heap 41.795ms
[394.890s][info][gc,heap        ] GC(753) Eden regions: 0->0(25)
[394.890s][info][gc,heap        ] GC(753) Survivor regions: 0->0(0)
[394.890s][info][gc,heap        ] GC(753) Old regions: 499->496
[394.890s][info][gc,heap        ] GC(753) Archive regions: 2->2
[394.890s][info][gc,heap        ] GC(753) Humongous regions: 11->11
[394.890s][info][gc,metaspace   ] GC(753) Metaspace: 48641K(50128K)->48634K(50128K) NonClass: 42809K(43856K)->42803K(43856K) Class: 5831K(6272K)->5830K(6272K)
[394.890s][info][gc             ] GC(753) Pause Full (G1 Evacuation Pause) 507M->505M(512M) 607.753ms
[394.892s][info][gc,cpu         ] GC(753) User=2.53s Sys=0.05s Real=0.61s
[394.892s][info][gc,marking     ] GC(752) Concurrent Mark From Roots 609.577ms
[394.892s][info][gc,marking     ] GC(752) Concurrent Mark Abort
[394.892s][info][gc             ] GC(752) Concurrent Cycle 609.733ms
[394.907s][info][gc,start       ] GC(754) Pause Young (Normal) (G1 Evacuation Pause)
[394.907s][info][gc,task        ] GC(754) Using 8 workers of 8 for evacuation
[394.910s][info][gc             ] GC(754) To-space exhausted
[394.910s][info][gc,phases      ] GC(754)   Pre Evacuate Collection Set: 0.1ms
[394.910s][info][gc,phases      ] GC(754)   Merge Heap Roots: 0.1ms
[394.910s][info][gc,phases      ] GC(754)   Evacuate Collection Set: 1.4ms
[394.910s][info][gc,phases      ] GC(754)   Post Evacuate Collection Set: 1.6ms
[394.910s][info][gc,phases      ] GC(754)   Other: 0.3ms
[394.910s][info][gc,heap        ] GC(754) Eden regions: 3->0(25)
[394.910s][info][gc,heap        ] GC(754) Survivor regions: 0->0(0)
[394.910s][info][gc,heap        ] GC(754) Old regions: 496->499
[394.910s][info][gc,heap        ] GC(754) Archive regions: 2->2
[394.910s][info][gc,heap        ] GC(754) Humongous regions: 11->11
[394.910s][info][gc,metaspace   ] GC(754) Metaspace: 48707K(50128K)->48707K(50128K) NonClass: 42866K(43856K)->42866K(43856K) Class: 5841K(6272K)->5841K(6272K)
[394.910s][info][gc             ] GC(754) Pause Young (Normal) (G1 Evacuation Pause) 508M->508M(512M) 3.606ms
[394.910s][info][gc,cpu         ] GC(754) User=0.01s Sys=0.00s Real=0.00s
[394.910s][info][gc,ergo        ] Attempting maximally compacting collection
[394.910s][info][gc,task        ] GC(755) Using 8 workers of 8 for full compaction
[394.910s][info][gc,start       ] GC(755) Pause Full (G1 Evacuation Pause)
[394.910s][info][gc,phases,start] GC(755) Phase 1: Mark live objects
[395.233s][info][gc,phases      ] GC(755) Phase 1: Mark live objects 322.123ms
[395.233s][info][gc,phases,start] GC(755) Phase 2: Prepare for compaction
[395.273s][info][gc,phases      ] GC(755) Phase 2: Prepare for compaction 40.842ms
[395.273s][info][gc,phases,start] GC(755) Phase 3: Adjust pointers
[395.364s][info][gc,phases      ] GC(755) Phase 3: Adjust pointers 90.890ms
[395.364s][info][gc,phases,start] GC(755) Phase 4: Compact heap
[395.401s][info][gc,phases      ] GC(755) Phase 4: Compact heap 36.341ms
[395.405s][info][gc,heap        ] GC(755) Eden regions: 0->0(25)
[395.405s][info][gc,heap        ] GC(755) Survivor regions: 0->0(0)
[395.405s][info][gc,heap        ] GC(755) Old regions: 499->497
[395.405s][info][gc,heap        ] GC(755) Archive regions: 2->2
[395.405s][info][gc,heap        ] GC(755) Humongous regions: 11->11
[395.405s][info][gc,metaspace   ] GC(755) Metaspace: 48707K(50128K)->48695K(50128K) NonClass: 42866K(43856K)->42856K(43856K) Class: 5841K(6272K)->5839K(6272K)
[395.405s][info][gc             ] GC(755) Pause Full (G1 Evacuation Pause) 508M->505M(512M) 494.831ms
[395.407s][info][gc,cpu         ] GC(755) User=2.56s Sys=0.05s Real=0.50s
[395.419s][info][gc,start       ] GC(756) Pause Young (Concurrent Start) (G1 Evacuation Pause)
[395.419s][info][gc,task        ] GC(756) Using 8 workers of 8 for evacuation
[395.423s][info][gc             ] GC(756) To-space exhausted
[395.423s][info][gc,phases      ] GC(756)   Pre Evacuate Collection Set: 0.2ms
[395.423s][info][gc,phases      ] GC(756)   Merge Heap Roots: 0.1ms
[395.423s][info][gc,phases      ] GC(756)   Evacuate Collection Set: 1.7ms
[395.423s][info][gc,phases      ] GC(756)   Post Evacuate Collection Set: 1.6ms
[395.423s][info][gc,phases      ] GC(756)   Other: 0.3ms
[395.423s][info][gc,heap        ] GC(756) Eden regions: 2->0(25)
[395.423s][info][gc,heap        ] GC(756) Survivor regions: 0->0(0)
[395.423s][info][gc,heap        ] GC(756) Old regions: 497->499
[395.423s][info][gc,heap        ] GC(756) Archive regions: 2->2
[395.423s][info][gc,heap        ] GC(756) Humongous regions: 11->11
[395.423s][info][gc,metaspace   ] GC(756) Metaspace: 48703K(50128K)->48703K(50128K) NonClass: 42862K(43856K)->42862K(43856K) Class: 5840K(6272K)->5840K(6272K)
[395.423s][info][gc             ] GC(756) Pause Young (Concurrent Start) (G1 Evacuation Pause) 507M->507M(512M) 3.910ms
[395.423s][info][gc,cpu         ] GC(756) User=0.01s Sys=0.00s Real=0.00s
[395.423s][info][gc,ergo        ] Attempting maximally compacting collection
[395.423s][info][gc,task        ] GC(757) Using 8 workers of 8 for full compaction
[395.423s][info][gc             ] GC(758) Concurrent Cycle
[395.423s][info][gc,start       ] GC(757) Pause Full (G1 Evacuation Pause)
[395.423s][info][gc,marking     ] GC(758) Concurrent Clear Claimed Marks
[395.423s][info][gc,marking     ] GC(758) Concurrent Clear Claimed Marks 0.173ms
[395.423s][info][gc,marking     ] GC(758) Concurrent Scan Root Regions
[395.423s][info][gc,marking     ] GC(758) Concurrent Scan Root Regions 0.021ms
[395.423s][info][gc,marking     ] GC(758) Concurrent Mark (395.423s)
[395.423s][info][gc,marking     ] GC(758) Concurrent Mark From Roots
[395.423s][info][gc,task        ] GC(758) Using 2 workers of 2 for marking
[395.424s][info][gc,phases,start] GC(757) Phase 1: Mark live objects
[395.739s][info][gc,phases      ] GC(757) Phase 1: Mark live objects 314.652ms
[395.739s][info][gc,phases,start] GC(757) Phase 2: Prepare for compaction
[395.779s][info][gc,phases      ] GC(757) Phase 2: Prepare for compaction 39.952ms
[395.779s][info][gc,phases,start] GC(757) Phase 3: Adjust pointers
[395.899s][info][gc,phases      ] GC(757) Phase 3: Adjust pointers 120.634ms
[395.900s][info][gc,phases,start] GC(757) Phase 4: Compact heap
[395.941s][info][gc,phases      ] GC(757) Phase 4: Compact heap 41.389ms
[395.945s][info][gc,heap        ] GC(757) Eden regions: 0->0(25)
[395.945s][info][gc,heap        ] GC(757) Survivor regions: 0->0(0)
[395.945s][info][gc,heap        ] GC(757) Old regions: 499->497
[395.945s][info][gc,heap        ] GC(757) Archive regions: 2->2
[395.945s][info][gc,heap        ] GC(757) Humongous regions: 11->11
[395.945s][info][gc,metaspace   ] GC(757) Metaspace: 48703K(50128K)->48703K(50128K) NonClass: 42862K(43856K)->42862K(43856K) Class: 5840K(6272K)->5840K(6272K)
[395.945s][info][gc             ] GC(757) Pause Full (G1 Evacuation Pause) 507M->506M(512M) 521.495ms
[395.946s][info][gc,cpu         ] GC(757) User=2.52s Sys=0.06s Real=0.53s
[395.946s][info][gc,marking     ] GC(758) Concurrent Mark From Roots 523.033ms
[395.946s][info][gc,marking     ] GC(758) Concurrent Mark Abort
[395.947s][info][gc             ] GC(758) Concurrent Cycle 523.353ms
[395.958s][info][gc,start       ] GC(759) Pause Young (Normal) (G1 Evacuation Pause)
[395.958s][info][gc,task        ] GC(759) Using 8 workers of 8 for evacuation
[395.961s][info][gc             ] GC(759) To-space exhausted
[395.961s][info][gc,phases      ] GC(759)   Pre Evacuate Collection Set: 0.4ms
[395.961s][info][gc,phases      ] GC(759)   Merge Heap Roots: 0.1ms
[395.961s][info][gc,phases      ] GC(759)   Evacuate Collection Set: 0.9ms
[395.961s][info][gc,phases      ] GC(759)   Post Evacuate Collection Set: 1.4ms
[395.961s][info][gc,phases      ] GC(759)   Other: 0.3ms
[395.961s][info][gc,heap        ] GC(759) Eden regions: 2->0(25)
[395.962s][info][gc,heap        ] GC(759) Survivor regions: 0->0(0)
[395.962s][info][gc,heap        ] GC(759) Old regions: 497->499
[395.962s][info][gc,heap        ] GC(759) Archive regions: 2->2
[395.962s][info][gc,heap        ] GC(759) Humongous regions: 11->11
[395.962s][info][gc,metaspace   ] GC(759) Metaspace: 48732K(50128K)->48732K(50128K) NonClass: 42888K(43856K)->42888K(43856K) Class: 5844K(6272K)->5844K(6272K)
[395.962s][info][gc             ] GC(759) Pause Young (Normal) (G1 Evacuation Pause) 508M->508M(512M) 3.219ms
[395.962s][info][gc,cpu         ] GC(759) User=0.01s Sys=0.00s Real=0.00s
[395.962s][info][gc,ergo        ] Attempting maximally compacting collection
[395.962s][info][gc,task        ] GC(760) Using 8 workers of 8 for full compaction
[395.962s][info][gc,start       ] GC(760) Pause Full (G1 Evacuation Pause)
[395.962s][info][gc,phases,start] GC(760) Phase 1: Mark live objects
[396.280s][info][gc,phases      ] GC(760) Phase 1: Mark live objects 318.082ms
[396.280s][info][gc,phases,start] GC(760) Phase 2: Prepare for compaction
[396.322s][info][gc,phases      ] GC(760) Phase 2: Prepare for compaction 41.719ms
[396.322s][info][gc,phases,start] GC(760) Phase 3: Adjust pointers
[396.443s][info][gc,phases      ] GC(760) Phase 3: Adjust pointers 121.694ms
[396.443s][info][gc,phases,start] GC(760) Phase 4: Compact heap
[396.479s][info][gc,phases      ] GC(760) Phase 4: Compact heap 35.104ms
[396.482s][info][gc,heap        ] GC(760) Eden regions: 0->0(25)
[396.482s][info][gc,heap        ] GC(760) Survivor regions: 0->0(0)
[396.482s][info][gc,heap        ] GC(760) Old regions: 499->497
[396.482s][info][gc,heap        ] GC(760) Archive regions: 2->2
[396.482s][info][gc,heap        ] GC(760) Humongous regions: 11->11
[396.482s][info][gc,metaspace   ] GC(760) Metaspace: 48732K(50128K)->48597K(50128K) NonClass: 42888K(43856K)->42771K(43856K) Class: 5844K(6272K)->5825K(6272K)
[396.482s][info][gc             ] GC(760) Pause Full (G1 Evacuation Pause) 508M->506M(512M) 520.474ms
[396.484s][info][gc,cpu         ] GC(760) User=2.52s Sys=0.06s Real=0.52s
[396.497s][info][gc,start       ] GC(761) Pause Young (Concurrent Start) (G1 Evacuation Pause)
[396.497s][info][gc,task        ] GC(761) Using 8 workers of 8 for evacuation
[396.500s][info][gc             ] GC(761) To-space exhausted
[396.500s][info][gc,phases      ] GC(761)   Pre Evacuate Collection Set: 0.2ms
[396.500s][info][gc,phases      ] GC(761)   Merge Heap Roots: 0.0ms
[396.500s][info][gc,phases      ] GC(761)   Evacuate Collection Set: 0.9ms
[396.500s][info][gc,phases      ] GC(761)   Post Evacuate Collection Set: 1.8ms
[396.500s][info][gc,phases      ] GC(761)   Other: 0.3ms
[396.500s][info][gc,heap        ] GC(761) Eden regions: 2->0(25)
[396.500s][info][gc,heap        ] GC(761) Survivor regions: 0->0(0)
[396.500s][info][gc,heap        ] GC(761) Old regions: 497->499
[396.500s][info][gc,heap        ] GC(761) Archive regions: 2->2
[396.500s][info][gc,heap        ] GC(761) Humongous regions: 11->11
[396.500s][info][gc,metaspace   ] GC(761) Metaspace: 48623K(50128K)->48623K(50128K) NonClass: 42794K(43856K)->42794K(43856K) Class: 5829K(6272K)->5829K(6272K)
[396.500s][info][gc             ] GC(761) Pause Young (Concurrent Start) (G1 Evacuation Pause) 508M->508M(512M) 3.362ms
[396.500s][info][gc,cpu         ] GC(761) User=0.01s Sys=0.00s Real=0.00s
[396.500s][info][gc             ] GC(762) Concurrent Cycle
[396.500s][info][gc,marking     ] GC(762) Concurrent Clear Claimed Marks
[396.500s][info][gc,marking     ] GC(762) Concurrent Clear Claimed Marks 0.050ms
[396.500s][info][gc,marking     ] GC(762) Concurrent Scan Root Regions
[396.500s][info][gc,marking     ] GC(762) Concurrent Scan Root Regions 0.009ms
[396.500s][info][gc,marking     ] GC(762) Concurrent Mark (396.500s)
[396.500s][info][gc,marking     ] GC(762) Concurrent Mark From Roots
[396.500s][info][gc,ergo        ] Attempting maximally compacting collection
[396.501s][info][gc,task        ] GC(762) Using 2 workers of 2 for marking
[396.501s][info][gc,task        ] GC(763) Using 8 workers of 8 for full compaction
[396.501s][info][gc,start       ] GC(763) Pause Full (G1 Evacuation Pause)
[396.502s][info][gc,phases,start] GC(763) Phase 1: Mark live objects
[396.865s][info][gc,phases      ] GC(763) Phase 1: Mark live objects 362.908ms
[396.865s][info][gc,phases,start] GC(763) Phase 2: Prepare for compaction
[396.914s][info][gc,phases      ] GC(763) Phase 2: Prepare for compaction 48.954ms
[396.914s][info][gc,phases,start] GC(763) Phase 3: Adjust pointers
[397.022s][info][gc,phases      ] GC(763) Phase 3: Adjust pointers 107.975ms
[397.022s][info][gc,phases,start] GC(763) Phase 4: Compact heap
[397.058s][info][gc,phases      ] GC(763) Phase 4: Compact heap 35.880ms
[397.061s][info][gc,heap        ] GC(763) Eden regions: 0->0(25)
[397.061s][info][gc,heap        ] GC(763) Survivor regions: 0->0(0)
[397.061s][info][gc,heap        ] GC(763) Old regions: 499->497
[397.061s][info][gc,heap        ] GC(763) Archive regions: 2->2
[397.061s][info][gc,heap        ] GC(763) Humongous regions: 11->11
[397.061s][info][gc,metaspace   ] GC(763) Metaspace: 48623K(50128K)->48604K(50128K) NonClass: 42794K(43856K)->42778K(43856K) Class: 5829K(6272K)->5826K(6272K)
[397.061s][info][gc             ] GC(763) Pause Full (G1 Evacuation Pause) 508M->506M(512M) 560.729ms
[397.062s][info][gc,cpu         ] GC(763) User=2.72s Sys=0.06s Real=0.56s
[397.063s][info][gc,marking     ] GC(762) Concurrent Mark From Roots 562.694ms
[397.063s][info][gc,marking     ] GC(762) Concurrent Mark Abort
[397.063s][info][gc             ] GC(762) Concurrent Cycle 562.910ms
[397.070s][info][gc,start       ] GC(764) Pause Young (Normal) (G1 Evacuation Pause)
[397.070s][info][gc,task        ] GC(764) Using 8 workers of 8 for evacuation
[397.073s][info][gc             ] GC(764) To-space exhausted
[397.073s][info][gc,phases      ] GC(764)   Pre Evacuate Collection Set: 0.1ms
[397.073s][info][gc,phases      ] GC(764)   Merge Heap Roots: 0.1ms
[397.073s][info][gc,phases      ] GC(764)   Evacuate Collection Set: 1.3ms
[397.074s][info][gc,phases      ] GC(764)   Post Evacuate Collection Set: 1.9ms
[397.074s][info][gc,phases      ] GC(764)   Other: 0.4ms
[397.074s][info][gc,heap        ] GC(764) Eden regions: 2->0(25)
[397.074s][info][gc,heap        ] GC(764) Survivor regions: 0->0(0)
[397.074s][info][gc,heap        ] GC(764) Old regions: 497->499
[397.074s][info][gc,heap        ] GC(764) Archive regions: 2->2
[397.074s][info][gc,heap        ] GC(764) Humongous regions: 11->11
[397.074s][info][gc,metaspace   ] GC(764) Metaspace: 48678K(50128K)->48678K(50128K) NonClass: 42841K(43856K)->42841K(43856K) Class: 5837K(6272K)->5837K(6272K)
[397.074s][info][gc             ] GC(764) Pause Young (Normal) (G1 Evacuation Pause) 508M->508M(512M) 3.931ms
[397.074s][info][gc,cpu         ] GC(764) User=0.01s Sys=0.00s Real=0.00s
[397.074s][info][gc,ergo        ] Attempting maximally compacting collection
[397.074s][info][gc,task        ] GC(765) Using 8 workers of 8 for full compaction
[397.074s][info][gc,start       ] GC(765) Pause Full (G1 Evacuation Pause)
[397.074s][info][gc,phases,start] GC(765) Phase 1: Mark live objects
[397.415s][info][gc,phases      ] GC(765) Phase 1: Mark live objects 340.932ms
[397.415s][info][gc,phases,start] GC(765) Phase 2: Prepare for compaction
[397.461s][info][gc,phases      ] GC(765) Phase 2: Prepare for compaction 45.826ms
[397.461s][info][gc,phases,start] GC(765) Phase 3: Adjust pointers
[397.570s][info][gc,phases      ] GC(765) Phase 3: Adjust pointers 109.363ms
[397.570s][info][gc,phases,start] GC(765) Phase 4: Compact heap
[397.601s][info][gc,phases      ] GC(765) Phase 4: Compact heap 31.192ms
[397.605s][info][gc,heap        ] GC(765) Eden regions: 0->0(25)
[397.605s][info][gc,heap        ] GC(765) Survivor regions: 0->0(0)
[397.605s][info][gc,heap        ] GC(765) Old regions: 499->497
[397.605s][info][gc,heap        ] GC(765) Archive regions: 2->2
[397.605s][info][gc,heap        ] GC(765) Humongous regions: 11->11
[397.605s][info][gc,metaspace   ] GC(765) Metaspace: 48678K(50128K)->48600K(50128K) NonClass: 42841K(43856K)->42774K(43856K) Class: 5837K(6272K)->5825K(6272K)
[397.605s][info][gc             ] GC(765) Pause Full (G1 Evacuation Pause) 508M->506M(512M) 531.500ms
[397.606s][info][gc,cpu         ] GC(765) User=2.61s Sys=0.06s Real=0.54s
[397.618s][info][gc,start       ] GC(766) Pause Young (Concurrent Start) (G1 Evacuation Pause)
[397.618s][info][gc,task        ] GC(766) Using 8 workers of 8 for evacuation
[397.620s][info][gc             ] GC(766) To-space exhausted
[397.620s][info][gc,phases      ] GC(766)   Pre Evacuate Collection Set: 0.1ms
[397.620s][info][gc,phases      ] GC(766)   Merge Heap Roots: 0.0ms
[397.620s][info][gc,phases      ] GC(766)   Evacuate Collection Set: 1.1ms
[397.620s][info][gc,phases      ] GC(766)   Post Evacuate Collection Set: 0.9ms
[397.620s][info][gc,phases      ] GC(766)   Other: 0.2ms
[397.620s][info][gc,heap        ] GC(766) Eden regions: 2->0(25)
[397.620s][info][gc,heap        ] GC(766) Survivor regions: 0->0(0)
[397.620s][info][gc,heap        ] GC(766) Old regions: 497->499
[397.620s][info][gc,heap        ] GC(766) Archive regions: 2->2
[397.620s][info][gc,heap        ] GC(766) Humongous regions: 11->11
[397.620s][info][gc,metaspace   ] GC(766) Metaspace: 48604K(50128K)->48604K(50128K) NonClass: 42778K(43856K)->42778K(43856K) Class: 5826K(6272K)->5826K(6272K)
[397.620s][info][gc             ] GC(766) Pause Young (Concurrent Start) (G1 Evacuation Pause) 508M->508M(512M) 2.412ms
[397.620s][info][gc,cpu         ] GC(766) User=0.00s Sys=0.00s Real=0.00s
[397.620s][info][gc,ergo        ] Attempting maximally compacting collection
[397.620s][info][gc,task        ] GC(767) Using 8 workers of 8 for full compaction
[397.620s][info][gc,start       ] GC(767) Pause Full (G1 Evacuation Pause)
[397.620s][info][gc             ] GC(768) Concurrent Cycle
[397.620s][info][gc,marking     ] GC(768) Concurrent Clear Claimed Marks
[397.620s][info][gc,marking     ] GC(768) Concurrent Clear Claimed Marks 0.060ms
[397.620s][info][gc,marking     ] GC(768) Concurrent Scan Root Regions
[397.620s][info][gc,marking     ] GC(768) Concurrent Scan Root Regions 0.005ms
[397.620s][info][gc,marking     ] GC(768) Concurrent Mark (397.620s)
[397.620s][info][gc,marking     ] GC(768) Concurrent Mark From Roots
[397.620s][info][gc,task        ] GC(768) Using 2 workers of 2 for marking
[397.621s][info][gc,phases,start] GC(767) Phase 1: Mark live objects
[397.943s][info][gc,phases      ] GC(767) Phase 1: Mark live objects 321.790ms
[397.943s][info][gc,phases,start] GC(767) Phase 2: Prepare for compaction
[397.978s][info][gc,phases      ] GC(767) Phase 2: Prepare for compaction 34.712ms
[397.978s][info][gc,phases,start] GC(767) Phase 3: Adjust pointers
[398.080s][info][gc,phases      ] GC(767) Phase 3: Adjust pointers 102.552ms
[398.080s][info][gc,phases,start] GC(767) Phase 4: Compact heap
[398.122s][info][gc,phases      ] GC(767) Phase 4: Compact heap 41.500ms
[398.126s][info][gc,heap        ] GC(767) Eden regions: 0->0(25)
[398.126s][info][gc,heap        ] GC(767) Survivor regions: 0->0(0)
[398.126s][info][gc,heap        ] GC(767) Old regions: 499->497
[398.126s][info][gc,heap        ] GC(767) Archive regions: 2->2
[398.126s][info][gc,heap        ] GC(767) Humongous regions: 11->11
[398.126s][info][gc,metaspace   ] GC(767) Metaspace: 48604K(50128K)->48593K(50128K) NonClass: 42778K(43856K)->42768K(43856K) Class: 5826K(6272K)->5824K(6272K)
[398.126s][info][gc             ] GC(767) Pause Full (G1 Evacuation Pause) 508M->506M(512M) 505.739ms
[398.128s][info][gc,cpu         ] GC(767) User=2.56s Sys=0.05s Real=0.51s
[398.128s][info][gc,marking     ] GC(768) Concurrent Mark From Roots 507.374ms
[398.128s][info][gc,marking     ] GC(768) Concurrent Mark Abort
[398.128s][info][gc             ] GC(768) Concurrent Cycle 507.523ms
[398.146s][info][gc,start       ] GC(769) Pause Young (Normal) (G1 Evacuation Pause)
[398.146s][info][gc,task        ] GC(769) Using 8 workers of 8 for evacuation
[398.148s][info][gc             ] GC(769) To-space exhausted
[398.148s][info][gc,phases      ] GC(769)   Pre Evacuate Collection Set: 0.1ms
[398.148s][info][gc,phases      ] GC(769)   Merge Heap Roots: 0.0ms
[398.148s][info][gc,phases      ] GC(769)   Evacuate Collection Set: 0.6ms
[398.148s][info][gc,phases      ] GC(769)   Post Evacuate Collection Set: 1.2ms
[398.148s][info][gc,phases      ] GC(769)   Other: 0.2ms
[398.148s][info][gc,heap        ] GC(769) Eden regions: 2->0(25)
[398.148s][info][gc,heap        ] GC(769) Survivor regions: 0->0(0)
[398.148s][info][gc,heap        ] GC(769) Old regions: 497->499
[398.148s][info][gc,heap        ] GC(769) Archive regions: 2->2
[398.148s][info][gc,heap        ] GC(769) Humongous regions: 11->11
[398.148s][info][gc,metaspace   ] GC(769) Metaspace: 48650K(50128K)->48650K(50128K) NonClass: 42817K(43856K)->42817K(43856K) Class: 5832K(6272K)->5832K(6272K)
[398.148s][info][gc             ] GC(769) Pause Young (Normal) (G1 Evacuation Pause) 508M->508M(512M) 2.127ms
[398.148s][info][gc,cpu         ] GC(769) User=0.01s Sys=0.00s Real=0.00s
[398.148s][info][gc,ergo        ] Attempting maximally compacting collection
[398.148s][info][gc,task        ] GC(770) Using 8 workers of 8 for full compaction
[398.148s][info][gc,start       ] GC(770) Pause Full (G1 Evacuation Pause)
[398.148s][info][gc,phases,start] GC(770) Phase 1: Mark live objects
[398.459s][info][gc,phases      ] GC(770) Phase 1: Mark live objects 310.531ms
[398.459s][info][gc,phases,start] GC(770) Phase 2: Prepare for compaction
[398.509s][info][gc,phases      ] GC(770) Phase 2: Prepare for compaction 50.486ms
[398.509s][info][gc,phases,start] GC(770) Phase 3: Adjust pointers
[398.624s][info][gc,phases      ] GC(770) Phase 3: Adjust pointers 114.889ms
[398.624s][info][gc,phases,start] GC(770) Phase 4: Compact heap
[398.666s][info][gc,phases      ] GC(770) Phase 4: Compact heap 41.706ms
[398.671s][info][gc,heap        ] GC(770) Eden regions: 0->0(25)
[398.671s][info][gc,heap        ] GC(770) Survivor regions: 0->0(0)
[398.671s][info][gc,heap        ] GC(770) Old regions: 499->497
[398.671s][info][gc,heap        ] GC(770) Archive regions: 2->2
[398.671s][info][gc,heap        ] GC(770) Humongous regions: 11->11
[398.671s][info][gc,metaspace   ] GC(770) Metaspace: 48650K(50128K)->48631K(50128K) NonClass: 42817K(43856K)->42800K(43856K) Class: 5832K(6272K)->5830K(6272K)
[398.671s][info][gc             ] GC(770) Pause Full (G1 Evacuation Pause) 508M->506M(512M) 522.600ms
[398.673s][info][gc,cpu         ] GC(770) User=2.53s Sys=0.05s Real=0.52s
[398.683s][info][gc,start       ] GC(771) Pause Young (Concurrent Start) (G1 Evacuation Pause)
[398.683s][info][gc,task        ] GC(771) Using 8 workers of 8 for evacuation
[398.685s][info][gc             ] GC(771) To-space exhausted
[398.685s][info][gc,phases      ] GC(771)   Pre Evacuate Collection Set: 0.1ms
[398.685s][info][gc,phases      ] GC(771)   Merge Heap Roots: 0.0ms
[398.685s][info][gc,phases      ] GC(771)   Evacuate Collection Set: 0.8ms
[398.685s][info][gc,phases      ] GC(771)   Post Evacuate Collection Set: 1.2ms
[398.685s][info][gc,phases      ] GC(771)   Other: 0.2ms
[398.685s][info][gc,heap        ] GC(771) Eden regions: 2->0(25)
[398.685s][info][gc,heap        ] GC(771) Survivor regions: 0->0(0)
[398.685s][info][gc,heap        ] GC(771) Old regions: 497->499
[398.685s][info][gc,heap        ] GC(771) Archive regions: 2->2
[398.685s][info][gc,heap        ] GC(771) Humongous regions: 11->11
[398.685s][info][gc,metaspace   ] GC(771) Metaspace: 48646K(50128K)->48646K(50128K) NonClass: 42814K(43856K)->42814K(43856K) Class: 5832K(6272K)->5832K(6272K)
[398.685s][info][gc             ] GC(771) Pause Young (Concurrent Start) (G1 Evacuation Pause) 508M->508M(512M) 2.385ms
[398.685s][info][gc,cpu         ] GC(771) User=0.00s Sys=0.00s Real=0.00s
[398.685s][info][gc,ergo        ] Attempting maximally compacting collection
[398.685s][info][gc,task        ] GC(772) Using 8 workers of 8 for full compaction
[398.685s][info][gc             ] GC(773) Concurrent Cycle
[398.685s][info][gc,start       ] GC(772) Pause Full (G1 Evacuation Pause)
[398.685s][info][gc,marking     ] GC(773) Concurrent Clear Claimed Marks
[398.686s][info][gc,marking     ] GC(773) Concurrent Clear Claimed Marks 0.093ms
[398.686s][info][gc,marking     ] GC(773) Concurrent Scan Root Regions
[398.686s][info][gc,marking     ] GC(773) Concurrent Scan Root Regions 0.006ms
[398.686s][info][gc,marking     ] GC(773) Concurrent Mark (398.686s)
[398.686s][info][gc,marking     ] GC(773) Concurrent Mark From Roots
[398.686s][info][gc,task        ] GC(773) Using 2 workers of 2 for marking
[398.686s][info][gc,phases,start] GC(772) Phase 1: Mark live objects
[399.008s][info][gc,phases      ] GC(772) Phase 1: Mark live objects 321.391ms
[399.008s][info][gc,phases,start] GC(772) Phase 2: Prepare for compaction
[399.050s][info][gc,phases      ] GC(772) Phase 2: Prepare for compaction 42.262ms
[399.050s][info][gc,phases,start] GC(772) Phase 3: Adjust pointers
[399.156s][info][gc,phases      ] GC(772) Phase 3: Adjust pointers 106.417ms
[399.157s][info][gc,phases,start] GC(772) Phase 4: Compact heap
[399.191s][info][gc,phases      ] GC(772) Phase 4: Compact heap 34.487ms
[399.195s][info][gc,heap        ] GC(772) Eden regions: 0->0(25)
[399.195s][info][gc,heap        ] GC(772) Survivor regions: 0->0(0)
[399.195s][info][gc,heap        ] GC(772) Old regions: 499->497
[399.195s][info][gc,heap        ] GC(772) Archive regions: 2->2
[399.195s][info][gc,heap        ] GC(772) Humongous regions: 11->11
[399.195s][info][gc,metaspace   ] GC(772) Metaspace: 48646K(50128K)->48642K(50128K) NonClass: 42814K(43856K)->42810K(43856K) Class: 5832K(6272K)->5831K(6272K)
[399.195s][info][gc             ] GC(772) Pause Full (G1 Evacuation Pause) 508M->506M(512M) 509.487ms
[399.197s][info][gc,cpu         ] GC(772) User=2.53s Sys=0.05s Real=0.52s
[399.197s][info][gc,marking     ] GC(773) Concurrent Mark From Roots 511.572ms
[399.197s][info][gc,marking     ] GC(773) Concurrent Mark Abort
[399.197s][info][gc             ] GC(773) Concurrent Cycle 511.758ms
[399.211s][info][gc,start       ] GC(774) Pause Young (Normal) (G1 Evacuation Pause)
[399.211s][info][gc,task        ] GC(774) Using 8 workers of 8 for evacuation
[399.213s][info][gc             ] GC(774) To-space exhausted
[399.213s][info][gc,phases      ] GC(774)   Pre Evacuate Collection Set: 0.1ms
[399.213s][info][gc,phases      ] GC(774)   Merge Heap Roots: 0.0ms
[399.213s][info][gc,phases      ] GC(774)   Evacuate Collection Set: 0.9ms
[399.213s][info][gc,phases      ] GC(774)   Post Evacuate Collection Set: 1.1ms
[399.213s][info][gc,phases      ] GC(774)   Other: 0.3ms
[399.213s][info][gc,heap        ] GC(774) Eden regions: 2->0(25)
[399.213s][info][gc,heap        ] GC(774) Survivor regions: 0->0(0)
[399.213s][info][gc,heap        ] GC(774) Old regions: 497->499
[399.213s][info][gc,heap        ] GC(774) Archive regions: 2->2
[399.213s][info][gc,heap        ] GC(774) Humongous regions: 11->11
[399.213s][info][gc,metaspace   ] GC(774) Metaspace: 48661K(50128K)->48661K(50128K) NonClass: 42827K(43856K)->42827K(43856K) Class: 5834K(6272K)->5834K(6272K)
[399.213s][info][gc             ] GC(774) Pause Young (Normal) (G1 Evacuation Pause) 508M->508M(512M) 2.599ms
[399.213s][info][gc,cpu         ] GC(774) User=0.01s Sys=0.00s Real=0.00s
[399.213s][info][gc,ergo        ] Attempting maximally compacting collection
[399.213s][info][gc,task        ] GC(775) Using 8 workers of 8 for full compaction
[399.213s][info][gc,start       ] GC(775) Pause Full (G1 Evacuation Pause)
[399.213s][info][gc,phases,start] GC(775) Phase 1: Mark live objects
[399.565s][info][gc,phases      ] GC(775) Phase 1: Mark live objects 351.079ms
[399.565s][info][gc,phases,start] GC(775) Phase 2: Prepare for compaction
[399.614s][info][gc,phases      ] GC(775) Phase 2: Prepare for compaction 49.072ms
[399.614s][info][gc,phases,start] GC(775) Phase 3: Adjust pointers
[399.749s][info][gc,phases      ] GC(775) Phase 3: Adjust pointers 135.286ms
[399.749s][info][gc,phases,start] GC(775) Phase 4: Compact heap
[399.793s][info][gc,phases      ] GC(775) Phase 4: Compact heap 44.023ms
[399.797s][info][gc,heap        ] GC(775) Eden regions: 0->0(25)
[399.797s][info][gc,heap        ] GC(775) Survivor regions: 0->0(0)
[399.797s][info][gc,heap        ] GC(775) Old regions: 499->497
[399.797s][info][gc,heap        ] GC(775) Archive regions: 2->2
[399.797s][info][gc,heap        ] GC(775) Humongous regions: 11->11
[399.797s][info][gc,metaspace   ] GC(775) Metaspace: 48661K(50128K)->48631K(50128K) NonClass: 42827K(43856K)->42801K(43856K) Class: 5834K(6272K)->5830K(6272K)
[399.797s][info][gc             ] GC(775) Pause Full (G1 Evacuation Pause) 508M->506M(512M) 583.572ms
[399.798s][info][gc,cpu         ] GC(775) User=2.50s Sys=0.05s Real=0.59s
[399.808s][info][gc,start       ] GC(776) Pause Young (Concurrent Start) (G1 Evacuation Pause)
[399.808s][info][gc,task        ] GC(776) Using 8 workers of 8 for evacuation
[399.810s][info][gc             ] GC(776) To-space exhausted
[399.810s][info][gc,phases      ] GC(776)   Pre Evacuate Collection Set: 0.1ms
[399.810s][info][gc,phases      ] GC(776)   Merge Heap Roots: 0.0ms
[399.810s][info][gc,phases      ] GC(776)   Evacuate Collection Set: 0.6ms
[399.810s][info][gc,phases      ] GC(776)   Post Evacuate Collection Set: 0.8ms
[399.810s][info][gc,phases      ] GC(776)   Other: 0.2ms
[399.810s][info][gc,heap        ] GC(776) Eden regions: 2->0(25)
[399.810s][info][gc,heap        ] GC(776) Survivor regions: 0->0(0)
[399.810s][info][gc,heap        ] GC(776) Old regions: 497->499
[399.810s][info][gc,heap        ] GC(776) Archive regions: 2->2
[399.810s][info][gc,heap        ] GC(776) Humongous regions: 11->11
[399.810s][info][gc,metaspace   ] GC(776) Metaspace: 48646K(50128K)->48646K(50128K) NonClass: 42814K(43856K)->42814K(43856K) Class: 5832K(6272K)->5832K(6272K)
[399.810s][info][gc             ] GC(776) Pause Young (Concurrent Start) (G1 Evacuation Pause) 508M->508M(512M) 1.908ms
[399.810s][info][gc,cpu         ] GC(776) User=0.00s Sys=0.00s Real=0.00s
[399.810s][info][gc,ergo        ] Attempting maximally compacting collection
[399.810s][info][gc,task        ] GC(777) Using 8 workers of 8 for full compaction
[399.810s][info][gc             ] GC(778) Concurrent Cycle
[399.810s][info][gc,start       ] GC(777) Pause Full (G1 Evacuation Pause)
[399.810s][info][gc,marking     ] GC(778) Concurrent Clear Claimed Marks
[399.811s][info][gc,marking     ] GC(778) Concurrent Clear Claimed Marks 0.084ms
[399.811s][info][gc,marking     ] GC(778) Concurrent Scan Root Regions
[399.811s][info][gc,marking     ] GC(778) Concurrent Scan Root Regions 0.009ms
[399.811s][info][gc,marking     ] GC(778) Concurrent Mark (399.811s)
[399.811s][info][gc,marking     ] GC(778) Concurrent Mark From Roots
[399.811s][info][gc,task        ] GC(778) Using 2 workers of 2 for marking
[399.811s][info][gc,phases,start] GC(777) Phase 1: Mark live objects
[400.135s][info][gc,phases      ] GC(777) Phase 1: Mark live objects 323.736ms
[400.135s][info][gc,phases,start] GC(777) Phase 2: Prepare for compaction
[400.171s][info][gc,phases      ] GC(777) Phase 2: Prepare for compaction 35.905ms
[400.171s][info][gc,phases,start] GC(777) Phase 3: Adjust pointers
[400.281s][info][gc,phases      ] GC(777) Phase 3: Adjust pointers 109.829ms
[400.281s][info][gc,phases,start] GC(777) Phase 4: Compact heap
[400.320s][info][gc,phases      ] GC(777) Phase 4: Compact heap 38.647ms
[400.324s][info][gc,heap        ] GC(777) Eden regions: 0->0(25)
[400.324s][info][gc,heap        ] GC(777) Survivor regions: 0->0(0)
[400.324s][info][gc,heap        ] GC(777) Old regions: 499->498
[400.324s][info][gc,heap        ] GC(777) Archive regions: 2->2
[400.324s][info][gc,heap        ] GC(777) Humongous regions: 11->11
[400.324s][info][gc,metaspace   ] GC(777) Metaspace: 48646K(50128K)->48642K(50128K) NonClass: 42814K(43856K)->42810K(43856K) Class: 5832K(6272K)->5831K(6272K)
[400.324s][info][gc             ] GC(777) Pause Full (G1 Evacuation Pause) 508M->506M(512M) 513.805ms
[400.326s][info][gc,cpu         ] GC(777) User=2.57s Sys=0.05s Real=0.52s
[400.326s][info][gc,marking     ] GC(778) Concurrent Mark From Roots 515.500ms
[400.326s][info][gc,marking     ] GC(778) Concurrent Mark Abort
[400.326s][info][gc             ] GC(778) Concurrent Cycle 515.712ms
[400.330s][info][gc,start       ] GC(779) Pause Young (Normal) (G1 Evacuation Pause)
[400.330s][info][gc,task        ] GC(779) Using 8 workers of 8 for evacuation
[400.332s][info][gc             ] GC(779) To-space exhausted
[400.332s][info][gc,phases      ] GC(779)   Pre Evacuate Collection Set: 0.1ms
[400.332s][info][gc,phases      ] GC(779)   Merge Heap Roots: 0.1ms
[400.332s][info][gc,phases      ] GC(779)   Evacuate Collection Set: 0.6ms
[400.332s][info][gc,phases      ] GC(779)   Post Evacuate Collection Set: 1.1ms
[400.332s][info][gc,phases      ] GC(779)   Other: 0.3ms
[400.332s][info][gc,heap        ] GC(779) Eden regions: 1->0(25)
[400.332s][info][gc,heap        ] GC(779) Survivor regions: 0->0(0)
[400.332s][info][gc,heap        ] GC(779) Old regions: 498->499
[400.332s][info][gc,heap        ] GC(779) Archive regions: 2->2
[400.332s][info][gc,heap        ] GC(779) Humongous regions: 11->11
[400.332s][info][gc,metaspace   ] GC(779) Metaspace: 48657K(50128K)->48657K(50128K) NonClass: 42823K(43856K)->42823K(43856K) Class: 5833K(6272K)->5833K(6272K)
[400.332s][info][gc             ] GC(779) Pause Young (Normal) (G1 Evacuation Pause) 507M->507M(512M) 2.098ms
[400.332s][info][gc,cpu         ] GC(779) User=0.00s Sys=0.00s Real=0.00s
[400.332s][info][gc,ergo        ] Attempting maximally compacting collection
[400.332s][info][gc,task        ] GC(780) Using 8 workers of 8 for full compaction
[400.332s][info][gc,start       ] GC(780) Pause Full (G1 Evacuation Pause)
[400.332s][info][gc,phases,start] GC(780) Phase 1: Mark live objects
[400.634s][info][gc,phases      ] GC(780) Phase 1: Mark live objects 301.156ms
[400.634s][info][gc,phases,start] GC(780) Phase 2: Prepare for compaction
[400.679s][info][gc,phases      ] GC(780) Phase 2: Prepare for compaction 45.782ms
[400.679s][info][gc,phases,start] GC(780) Phase 3: Adjust pointers
[400.769s][info][gc,phases      ] GC(780) Phase 3: Adjust pointers 89.869ms
[400.769s][info][gc,phases,start] GC(780) Phase 4: Compact heap
[400.807s][info][gc,phases      ] GC(780) Phase 4: Compact heap 37.369ms
[400.810s][info][gc,heap        ] GC(780) Eden regions: 0->0(25)
[400.810s][info][gc,heap        ] GC(780) Survivor regions: 0->0(0)
[400.810s][info][gc,heap        ] GC(780) Old regions: 499->497
[400.810s][info][gc,heap        ] GC(780) Archive regions: 2->2
[400.810s][info][gc,heap        ] GC(780) Humongous regions: 11->11
[400.810s][info][gc,metaspace   ] GC(780) Metaspace: 48657K(50128K)->48654K(50128K) NonClass: 42823K(43856K)->42820K(43856K) Class: 5833K(6272K)->5833K(6272K)
[400.810s][info][gc             ] GC(780) Pause Full (G1 Evacuation Pause) 507M->506M(512M) 477.989ms
[400.812s][info][gc,cpu         ] GC(780) User=2.54s Sys=0.04s Real=0.48s
[400.818s][info][gc,start       ] GC(781) Pause Young (Concurrent Start) (G1 Humongous Allocation)
[400.819s][info][gc,task        ] GC(781) Using 8 workers of 8 for evacuation
[400.820s][info][gc             ] GC(781) To-space exhausted
[400.820s][info][gc,phases      ] GC(781)   Pre Evacuate Collection Set: 0.1ms
[400.820s][info][gc,phases      ] GC(781)   Merge Heap Roots: 0.1ms
[400.820s][info][gc,phases      ] GC(781)   Evacuate Collection Set: 0.7ms
[400.820s][info][gc,phases      ] GC(781)   Post Evacuate Collection Set: 0.9ms
[400.820s][info][gc,phases      ] GC(781)   Other: 0.2ms
[400.821s][info][gc,heap        ] GC(781) Eden regions: 2->0(25)
[400.821s][info][gc,heap        ] GC(781) Survivor regions: 0->0(0)
[400.821s][info][gc,heap        ] GC(781) Old regions: 497->499
[400.821s][info][gc,heap        ] GC(781) Archive regions: 2->2
[400.821s][info][gc,heap        ] GC(781) Humongous regions: 11->11
[400.821s][info][gc,metaspace   ] GC(781) Metaspace: 48665K(50128K)->48665K(50128K) NonClass: 42830K(43856K)->42830K(43856K) Class: 5835K(6272K)->5835K(6272K)
[400.821s][info][gc             ] GC(781) Pause Young (Concurrent Start) (G1 Humongous Allocation) 507M->507M(512M) 2.087ms
[400.821s][info][gc,cpu         ] GC(781) User=0.01s Sys=0.00s Real=0.00s
[400.821s][info][gc             ] GC(782) Concurrent Cycle
[400.821s][info][gc,marking     ] GC(782) Concurrent Clear Claimed Marks
[400.821s][info][gc,marking     ] GC(782) Concurrent Clear Claimed Marks 0.029ms
[400.821s][info][gc,marking     ] GC(782) Concurrent Scan Root Regions
[400.821s][info][gc,marking     ] GC(782) Concurrent Scan Root Regions 0.007ms
[400.821s][info][gc,marking     ] GC(782) Concurrent Mark (400.821s)
[400.821s][info][gc,marking     ] GC(782) Concurrent Mark From Roots
[400.821s][info][gc,task        ] GC(782) Using 2 workers of 2 for marking
[400.822s][info][gc,start       ] GC(783) Pause Young (Normal) (G1 Humongous Allocation)
[400.822s][info][gc,task        ] GC(783) Using 8 workers of 8 for evacuation
[400.823s][info][gc,phases      ] GC(783)   Pre Evacuate Collection Set: 0.1ms
[400.823s][info][gc,phases      ] GC(783)   Merge Heap Roots: 0.0ms
[400.823s][info][gc,phases      ] GC(783)   Evacuate Collection Set: 0.4ms
[400.823s][info][gc,phases      ] GC(783)   Post Evacuate Collection Set: 0.3ms
[400.823s][info][gc,phases      ] GC(783)   Other: 0.1ms
[400.823s][info][gc,heap        ] GC(783) Eden regions: 0->0(25)
[400.823s][info][gc,heap        ] GC(783) Survivor regions: 0->0(0)
[400.823s][info][gc,heap        ] GC(783) Old regions: 499->499
[400.823s][info][gc,heap        ] GC(783) Archive regions: 2->2
[400.823s][info][gc,heap        ] GC(783) Humongous regions: 11->11
[400.823s][info][gc,metaspace   ] GC(783) Metaspace: 48665K(50128K)->48665K(50128K) NonClass: 42830K(43856K)->42830K(43856K) Class: 5835K(6272K)->5835K(6272K)
[400.823s][info][gc             ] GC(783) Pause Young (Normal) (G1 Humongous Allocation) 507M->507M(512M) 1.001ms
[400.823s][info][gc,cpu         ] GC(783) User=0.00s Sys=0.00s Real=0.00s
[400.823s][info][gc,task        ] GC(784) Using 8 workers of 8 for full compaction
[400.823s][info][gc,start       ] GC(784) Pause Full (G1 Humongous Allocation)
[400.823s][info][gc,phases,start] GC(784) Phase 1: Mark live objects
[401.141s][info][gc,phases      ] GC(784) Phase 1: Mark live objects 317.157ms
[401.141s][info][gc,phases,start] GC(784) Phase 2: Prepare for compaction
[401.180s][info][gc,phases      ] GC(784) Phase 2: Prepare for compaction 39.712ms
[401.180s][info][gc,phases,start] GC(784) Phase 3: Adjust pointers
[401.271s][info][gc,phases      ] GC(784) Phase 3: Adjust pointers 90.488ms
[401.271s][info][gc,phases,start] GC(784) Phase 4: Compact heap
[401.301s][info][gc,phases      ] GC(784) Phase 4: Compact heap 29.750ms
[401.305s][info][gc,heap        ] GC(784) Eden regions: 0->0(25)
[401.305s][info][gc,heap        ] GC(784) Survivor regions: 0->0(0)
[401.305s][info][gc,heap        ] GC(784) Old regions: 499->497
[401.305s][info][gc,heap        ] GC(784) Archive regions: 2->2
[401.305s][info][gc,heap        ] GC(784) Humongous regions: 11->11
[401.305s][info][gc,metaspace   ] GC(784) Metaspace: 48665K(50128K)->48665K(50128K) NonClass: 42830K(43856K)->42830K(43856K) Class: 5835K(6272K)->5835K(6272K)
[401.305s][info][gc             ] GC(784) Pause Full (G1 Humongous Allocation) 507M->506M(512M) 482.529ms
[401.307s][info][gc,cpu         ] GC(784) User=2.52s Sys=0.04s Real=0.49s
[401.307s][info][gc,task        ] GC(785) Using 8 workers of 8 for full compaction
[401.307s][info][gc,start       ] GC(785) Pause Full (G1 Humongous Allocation)
[401.307s][info][gc,phases,start] GC(785) Phase 1: Mark live objects
[401.626s][info][gc,phases      ] GC(785) Phase 1: Mark live objects 318.697ms
[401.626s][info][gc,phases,start] GC(785) Phase 2: Prepare for compaction
[401.663s][info][gc,phases      ] GC(785) Phase 2: Prepare for compaction 36.591ms
[401.663s][info][gc,phases,start] GC(785) Phase 3: Adjust pointers
[401.770s][info][gc,phases      ] GC(785) Phase 3: Adjust pointers 106.782ms
[401.770s][info][gc,phases,start] GC(785) Phase 4: Compact heap
[401.809s][info][gc,phases      ] GC(785) Phase 4: Compact heap 39.236ms
[401.814s][info][gc,heap        ] GC(785) Eden regions: 0->0(25)
[401.814s][info][gc,heap        ] GC(785) Survivor regions: 0->0(0)
[401.814s][info][gc,heap        ] GC(785) Old regions: 497->496
[401.814s][info][gc,heap        ] GC(785) Archive regions: 2->2
[401.814s][info][gc,heap        ] GC(785) Humongous regions: 11->11
[401.814s][info][gc,metaspace   ] GC(785) Metaspace: 48665K(50128K)->48665K(50128K) NonClass: 42830K(43856K)->42830K(43856K) Class: 5835K(6272K)->5835K(6272K)
[401.814s][info][gc             ] GC(785) Pause Full (G1 Humongous Allocation) 506M->506M(512M) 506.540ms
[401.817s][info][gc,cpu         ] GC(785) User=2.55s Sys=0.06s Real=0.51s
[401.817s][info][gc,marking     ] GC(782) Concurrent Mark From Roots 996.226ms
[401.817s][info][gc,marking     ] GC(782) Concurrent Mark Abort
[401.817s][info][gc             ] GC(782) Concurrent Cycle 996.364ms
[401.818s][info][gc,start       ] GC(786) Pause Young (Concurrent Start) (G1 Humongous Allocation)
[401.818s][info][gc,task        ] GC(786) Using 8 workers of 8 for evacuation
[401.819s][info][gc,phases      ] GC(786)   Pre Evacuate Collection Set: 0.1ms
[401.819s][info][gc,phases      ] GC(786)   Merge Heap Roots: 0.0ms
[401.819s][info][gc,phases      ] GC(786)   Evacuate Collection Set: 0.6ms
[401.819s][info][gc,phases      ] GC(786)   Post Evacuate Collection Set: 0.2ms
[401.819s][info][gc,phases      ] GC(786)   Other: 0.2ms
[401.819s][info][gc,heap        ] GC(786) Eden regions: 1->0(24)
[401.819s][info][gc,heap        ] GC(786) Survivor regions: 0->1(2)
[401.819s][info][gc,heap        ] GC(786) Old regions: 496->496
[401.819s][info][gc,heap        ] GC(786) Archive regions: 2->2
[401.819s][info][gc,heap        ] GC(786) Humongous regions: 11->11
[401.819s][info][gc,metaspace   ] GC(786) Metaspace: 48665K(50128K)->48665K(50128K) NonClass: 42830K(43856K)->42830K(43856K) Class: 5835K(6272K)->5835K(6272K)
[401.819s][info][gc             ] GC(786) Pause Young (Concurrent Start) (G1 Humongous Allocation) 506M->506M(512M) 1.202ms
[401.819s][info][gc,cpu         ] GC(786) User=0.01s Sys=0.00s Real=0.00s
[401.819s][info][gc             ] GC(787) Concurrent Cycle
[401.819s][info][gc,marking     ] GC(787) Concurrent Clear Claimed Marks
[401.819s][info][gc,marking     ] GC(787) Concurrent Clear Claimed Marks 0.024ms
[401.819s][info][gc,marking     ] GC(787) Concurrent Scan Root Regions
[401.820s][info][gc,marking     ] GC(787) Concurrent Scan Root Regions 0.510ms
[401.820s][info][gc,start       ] GC(788) Pause Young (Normal) (G1 Humongous Allocation)
[401.820s][info][gc,marking     ] GC(787) Concurrent Mark (401.820s)
[401.820s][info][gc,task        ] GC(788) Using 8 workers of 8 for evacuation
[401.820s][info][gc,marking     ] GC(787) Concurrent Mark From Roots
[401.820s][info][gc,task        ] GC(787) Using 2 workers of 2 for marking
[401.821s][info][gc,phases      ] GC(788)   Pre Evacuate Collection Set: 0.5ms
[401.821s][info][gc,phases      ] GC(788)   Merge Heap Roots: 0.0ms
[401.821s][info][gc,phases      ] GC(788)   Evacuate Collection Set: 0.2ms
[401.821s][info][gc,phases      ] GC(788)   Post Evacuate Collection Set: 0.2ms
[401.821s][info][gc,phases      ] GC(788)   Other: 0.1ms
[401.821s][info][gc,heap        ] GC(788) Eden regions: 0->0(24)
[401.821s][info][gc,heap        ] GC(788) Survivor regions: 1->1(2)
[401.821s][info][gc,heap        ] GC(788) Old regions: 496->496
[401.821s][info][gc,heap        ] GC(788) Archive regions: 2->2
[401.821s][info][gc,heap        ] GC(788) Humongous regions: 11->11
[401.821s][info][gc,metaspace   ] GC(788) Metaspace: 48665K(50128K)->48665K(50128K) NonClass: 42830K(43856K)->42830K(43856K) Class: 5835K(6272K)->5835K(6272K)
[401.821s][info][gc             ] GC(788) Pause Young (Normal) (G1 Humongous Allocation) 506M->506M(512M) 0.681ms
[401.821s][info][gc,cpu         ] GC(788) User=0.00s Sys=0.00s Real=0.00s
[401.821s][info][gc,task        ] GC(789) Using 8 workers of 8 for full compaction
[401.821s][info][gc,start       ] GC(789) Pause Full (G1 Humongous Allocation)
[401.821s][info][gc,phases,start] GC(789) Phase 1: Mark live objects
[402.122s][info][gc,phases      ] GC(789) Phase 1: Mark live objects 300.305ms
[402.122s][info][gc,phases,start] GC(789) Phase 2: Prepare for compaction
[402.168s][info][gc,phases      ] GC(789) Phase 2: Prepare for compaction 45.801ms
[402.168s][info][gc,phases,start] GC(789) Phase 3: Adjust pointers
[402.279s][info][gc,phases      ] GC(789) Phase 3: Adjust pointers 111.716ms
[402.279s][info][gc,phases,start] GC(789) Phase 4: Compact heap
[402.320s][info][gc,phases      ] GC(789) Phase 4: Compact heap 40.913ms
[402.324s][info][gc,heap        ] GC(789) Eden regions: 0->0(25)
[402.324s][info][gc,heap        ] GC(789) Survivor regions: 1->0(2)
[402.324s][info][gc,heap        ] GC(789) Old regions: 496->496
[402.324s][info][gc,heap        ] GC(789) Archive regions: 2->2
[402.324s][info][gc,heap        ] GC(789) Humongous regions: 11->11
[402.324s][info][gc,metaspace   ] GC(789) Metaspace: 48665K(50128K)->48665K(50128K) NonClass: 42830K(43856K)->42830K(43856K) Class: 5835K(6272K)->5835K(6272K)
[402.324s][info][gc             ] GC(789) Pause Full (G1 Humongous Allocation) 506M->506M(512M) 503.094ms
[402.325s][info][gc,cpu         ] GC(789) User=2.54s Sys=0.03s Real=0.50s
[402.325s][info][gc,task        ] GC(790) Using 8 workers of 8 for full compaction
[402.325s][info][gc,start       ] GC(790) Pause Full (G1 Humongous Allocation)
[402.325s][info][gc,phases,start] GC(790) Phase 1: Mark live objects
[402.625s][info][gc,phases      ] GC(790) Phase 1: Mark live objects 300.310ms
[402.625s][info][gc,phases,start] GC(790) Phase 2: Prepare for compaction
[402.679s][info][gc,phases      ] GC(790) Phase 2: Prepare for compaction 53.303ms
[402.679s][info][gc,phases,start] GC(790) Phase 3: Adjust pointers
[402.789s][info][gc,phases      ] GC(790) Phase 3: Adjust pointers 109.825ms
[402.789s][info][gc,phases,start] GC(790) Phase 4: Compact heap
[402.824s][info][gc,phases      ] GC(790) Phase 4: Compact heap 35.650ms
[402.828s][info][gc,heap        ] GC(790) Eden regions: 0->0(25)
[402.828s][info][gc,heap        ] GC(790) Survivor regions: 0->0(2)
[402.828s][info][gc,heap        ] GC(790) Old regions: 496->496
[402.828s][info][gc,heap        ] GC(790) Archive regions: 2->2
[402.828s][info][gc,heap        ] GC(790) Humongous regions: 11->11
[402.828s][info][gc,metaspace   ] GC(790) Metaspace: 48665K(50128K)->48661K(50128K) NonClass: 42830K(43856K)->42827K(43856K) Class: 5835K(6272K)->5834K(6272K)
[402.828s][info][gc             ] GC(790) Pause Full (G1 Humongous Allocation) 506M->506M(512M) 502.924ms
[402.830s][info][gc,cpu         ] GC(790) User=2.52s Sys=0.04s Real=0.51s
[402.830s][info][gc,marking     ] GC(787) Concurrent Mark From Roots 1010.386ms
[402.830s][info][gc,marking     ] GC(787) Concurrent Mark Abort
[402.830s][info][gc             ] GC(787) Concurrent Cycle 1011.049ms
[402.832s][info][gc,start       ] GC(791) Pause Young (Concurrent Start) (G1 Humongous Allocation)
[402.832s][info][gc,task        ] GC(791) Using 8 workers of 8 for evacuation
[402.835s][info][gc,phases      ] GC(791)   Pre Evacuate Collection Set: 0.1ms
[402.835s][info][gc,phases      ] GC(791)   Merge Heap Roots: 0.0ms
[402.835s][info][gc,phases      ] GC(791)   Evacuate Collection Set: 1.6ms
[402.835s][info][gc,phases      ] GC(791)   Post Evacuate Collection Set: 1.7ms
[402.836s][info][gc,phases      ] GC(791)   Other: 0.2ms
[402.836s][info][gc,heap        ] GC(791) Eden regions: 1->0(24)
[402.836s][info][gc,heap        ] GC(791) Survivor regions: 0->1(2)
[402.836s][info][gc,heap        ] GC(791) Old regions: 496->496
[402.836s][info][gc,heap        ] GC(791) Archive regions: 2->2
[402.836s][info][gc,heap        ] GC(791) Humongous regions: 11->11
[402.836s][info][gc,metaspace   ] GC(791) Metaspace: 48661K(50128K)->48661K(50128K) NonClass: 42827K(43856K)->42827K(43856K) Class: 5834K(6272K)->5834K(6272K)
[402.836s][info][gc             ] GC(791) Pause Young (Concurrent Start) (G1 Humongous Allocation) 506M->506M(512M) 3.945ms
[402.836s][info][gc,cpu         ] GC(791) User=0.00s Sys=0.00s Real=0.01s
[402.836s][info][gc             ] GC(792) Concurrent Cycle
[402.836s][info][gc,marking     ] GC(792) Concurrent Clear Claimed Marks
[402.836s][info][gc,marking     ] GC(792) Concurrent Clear Claimed Marks 0.045ms
[402.836s][info][gc,marking     ] GC(792) Concurrent Scan Root Regions
[402.837s][info][gc,marking     ] GC(792) Concurrent Scan Root Regions 1.413ms
[402.837s][info][gc,marking     ] GC(792) Concurrent Mark (402.837s)
[402.837s][info][gc,marking     ] GC(792) Concurrent Mark From Roots
[402.837s][info][gc,task        ] GC(792) Using 2 workers of 2 for marking
[402.838s][info][gc,start       ] GC(793) Pause Young (Normal) (G1 Humongous Allocation)
[402.839s][info][gc,task        ] GC(793) Using 8 workers of 8 for evacuation
[402.839s][info][gc,phases      ] GC(793)   Pre Evacuate Collection Set: 0.1ms
[402.839s][info][gc,phases      ] GC(793)   Merge Heap Roots: 0.1ms
[402.839s][info][gc,phases      ] GC(793)   Evacuate Collection Set: 0.3ms
[402.839s][info][gc,phases      ] GC(793)   Post Evacuate Collection Set: 0.3ms
[402.839s][info][gc,phases      ] GC(793)   Other: 0.1ms
[402.839s][info][gc,heap        ] GC(793) Eden regions: 1->0(24)
[402.839s][info][gc,heap        ] GC(793) Survivor regions: 1->1(1)
[402.839s][info][gc,heap        ] GC(793) Old regions: 496->496
[402.839s][info][gc,heap        ] GC(793) Archive regions: 2->2
[402.839s][info][gc,heap        ] GC(793) Humongous regions: 11->11
[402.839s][info][gc,metaspace   ] GC(793) Metaspace: 48661K(50128K)->48661K(50128K) NonClass: 42827K(43856K)->42827K(43856K) Class: 5834K(6272K)->5834K(6272K)
[402.839s][info][gc             ] GC(793) Pause Young (Normal) (G1 Humongous Allocation) 506M->506M(512M) 0.991ms
[402.840s][info][gc,cpu         ] GC(793) User=0.01s Sys=0.00s Real=0.00s
[402.840s][info][gc,task        ] GC(794) Using 8 workers of 8 for full compaction
[402.840s][info][gc,start       ] GC(794) Pause Full (G1 Humongous Allocation)
[402.840s][info][gc,phases,start] GC(794) Phase 1: Mark live objects
[403.141s][info][gc,phases      ] GC(794) Phase 1: Mark live objects 300.977ms
[403.141s][info][gc,phases,start] GC(794) Phase 2: Prepare for compaction
[403.178s][info][gc,phases      ] GC(794) Phase 2: Prepare for compaction 37.012ms
[403.178s][info][gc,phases,start] GC(794) Phase 3: Adjust pointers
[403.279s][info][gc,phases      ] GC(794) Phase 3: Adjust pointers 100.241ms
[403.279s][info][gc,phases,start] GC(794) Phase 4: Compact heap
[403.310s][info][gc,phases      ] GC(794) Phase 4: Compact heap 31.855ms
[403.315s][info][gc,heap        ] GC(794) Eden regions: 0->0(25)
[403.315s][info][gc,heap        ] GC(794) Survivor regions: 1->0(1)
[403.315s][info][gc,heap        ] GC(794) Old regions: 496->496
[403.315s][info][gc,heap        ] GC(794) Archive regions: 2->2
[403.315s][info][gc,heap        ] GC(794) Humongous regions: 11->11
[403.315s][info][gc,metaspace   ] GC(794) Metaspace: 48661K(50128K)->48661K(50128K) NonClass: 42827K(43856K)->42827K(43856K) Class: 5834K(6272K)->5834K(6272K)
[403.315s][info][gc             ] GC(794) Pause Full (G1 Humongous Allocation) 506M->506M(512M) 475.030ms
[403.316s][info][gc,cpu         ] GC(794) User=2.55s Sys=0.03s Real=0.48s
[403.316s][info][gc,task        ] GC(795) Using 8 workers of 8 for full compaction
[403.316s][info][gc,start       ] GC(795) Pause Full (G1 Humongous Allocation)
[403.316s][info][gc,phases,start] GC(795) Phase 1: Mark live objects
[403.627s][info][gc,phases      ] GC(795) Phase 1: Mark live objects 310.740ms
[403.627s][info][gc,phases,start] GC(795) Phase 2: Prepare for compaction
[403.679s][info][gc,phases      ] GC(795) Phase 2: Prepare for compaction 52.052ms
[403.679s][info][gc,phases,start] GC(795) Phase 3: Adjust pointers
[403.795s][info][gc,phases      ] GC(795) Phase 3: Adjust pointers 116.137ms
[403.795s][info][gc,phases,start] GC(795) Phase 4: Compact heap
[403.831s][info][gc,phases      ] GC(795) Phase 4: Compact heap 35.625ms
[403.838s][info][gc,heap        ] GC(795) Eden regions: 0->0(25)
[403.838s][info][gc,heap        ] GC(795) Survivor regions: 0->0(1)
[403.838s][info][gc,heap        ] GC(795) Old regions: 496->496
[403.838s][info][gc,heap        ] GC(795) Archive regions: 2->2
[403.838s][info][gc,heap        ] GC(795) Humongous regions: 11->11
[403.838s][info][gc,metaspace   ] GC(795) Metaspace: 48661K(50128K)->48661K(50128K) NonClass: 42827K(43856K)->42827K(43856K) Class: 5834K(6272K)->5834K(6272K)
[403.838s][info][gc             ] GC(795) Pause Full (G1 Humongous Allocation) 506M->506M(512M) 521.433ms
[403.839s][info][gc,cpu         ] GC(795) User=2.61s Sys=0.06s Real=0.52s
[403.839s][info][gc,marking     ] GC(792) Concurrent Mark From Roots 1001.898ms
[403.841s][info][gc,marking     ] GC(792) Concurrent Mark Abort
[403.841s][info][gc             ] GC(792) Concurrent Cycle 1005.263ms
[403.842s][info][gc,start       ] GC(796) Pause Young (Normal) (G1 Humongous Allocation)
[403.842s][info][gc,task        ] GC(796) Using 8 workers of 8 for evacuation
[403.843s][info][gc,phases      ] GC(796)   Pre Evacuate Collection Set: 0.1ms
[403.843s][info][gc,phases      ] GC(796)   Merge Heap Roots: 0.0ms
[403.843s][info][gc,phases      ] GC(796)   Evacuate Collection Set: 0.5ms
[403.843s][info][gc,phases      ] GC(796)   Post Evacuate Collection Set: 0.3ms
[403.843s][info][gc,phases      ] GC(796)   Other: 0.1ms
[403.843s][info][gc,heap        ] GC(796) Eden regions: 1->0(24)
[403.843s][info][gc,heap        ] GC(796) Survivor regions: 0->1(2)
[403.843s][info][gc,heap        ] GC(796) Old regions: 496->496
[403.843s][info][gc,heap        ] GC(796) Archive regions: 2->2
[403.843s][info][gc,heap        ] GC(796) Humongous regions: 11->11
[403.843s][info][gc,metaspace   ] GC(796) Metaspace: 48661K(50128K)->48661K(50128K) NonClass: 42827K(43856K)->42827K(43856K) Class: 5834K(6272K)->5834K(6272K)
[403.843s][info][gc             ] GC(796) Pause Young (Normal) (G1 Humongous Allocation) 506M->506M(512M) 1.162ms
[403.843s][info][gc,cpu         ] GC(796) User=0.01s Sys=0.01s Real=0.00s
[403.843s][info][gc,task        ] GC(797) Using 8 workers of 8 for full compaction
[403.843s][info][gc,start       ] GC(797) Pause Full (G1 Humongous Allocation)
[403.843s][info][gc,phases,start] GC(797) Phase 1: Mark live objects
[404.166s][info][gc,phases      ] GC(797) Phase 1: Mark live objects 322.438ms
[404.166s][info][gc,phases,start] GC(797) Phase 2: Prepare for compaction
[404.212s][info][gc,phases      ] GC(797) Phase 2: Prepare for compaction 45.986ms
[404.212s][info][gc,phases,start] GC(797) Phase 3: Adjust pointers
[404.307s][info][gc,phases      ] GC(797) Phase 3: Adjust pointers 95.602ms
[404.307s][info][gc,phases,start] GC(797) Phase 4: Compact heap
[404.343s][info][gc,phases      ] GC(797) Phase 4: Compact heap 35.303ms
[404.347s][info][gc,heap        ] GC(797) Eden regions: 0->0(25)
[404.347s][info][gc,heap        ] GC(797) Survivor regions: 1->0(2)
[404.347s][info][gc,heap        ] GC(797) Old regions: 496->496
[404.347s][info][gc,heap        ] GC(797) Archive regions: 2->2
[404.347s][info][gc,heap        ] GC(797) Humongous regions: 11->11
[404.347s][info][gc,metaspace   ] GC(797) Metaspace: 48661K(50128K)->48661K(50128K) NonClass: 42827K(43856K)->42827K(43856K) Class: 5834K(6272K)->5834K(6272K)
[404.347s][info][gc             ] GC(797) Pause Full (G1 Humongous Allocation) 506M->506M(512M) 504.073ms
[404.351s][info][gc,cpu         ] GC(797) User=2.58s Sys=0.05s Real=0.51s
[404.351s][info][gc,task        ] GC(798) Using 8 workers of 8 for full compaction
[404.351s][info][gc,start       ] GC(798) Pause Full (G1 Humongous Allocation)
[404.351s][info][gc,phases,start] GC(798) Phase 1: Mark live objects
[404.718s][info][gc,phases      ] GC(798) Phase 1: Mark live objects 367.033ms
[404.718s][info][gc,phases,start] GC(798) Phase 2: Prepare for compaction
[404.765s][info][gc,phases      ] GC(798) Phase 2: Prepare for compaction 46.664ms
[404.765s][info][gc,phases,start] GC(798) Phase 3: Adjust pointers
[404.874s][info][gc,phases      ] GC(798) Phase 3: Adjust pointers 109.577ms
[404.874s][info][gc,phases,start] GC(798) Phase 4: Compact heap
[404.911s][info][gc,phases      ] GC(798) Phase 4: Compact heap 36.561ms
[404.915s][info][gc,heap        ] GC(798) Eden regions: 0->0(25)
[404.915s][info][gc,heap        ] GC(798) Survivor regions: 0->0(2)
[404.915s][info][gc,heap        ] GC(798) Old regions: 496->496
[404.915s][info][gc,heap        ] GC(798) Archive regions: 2->2
[404.915s][info][gc,heap        ] GC(798) Humongous regions: 11->11
[404.915s][info][gc,metaspace   ] GC(798) Metaspace: 48661K(50128K)->48650K(50128K) NonClass: 42827K(43856K)->42817K(43856K) Class: 5834K(6272K)->5832K(6272K)
[404.915s][info][gc             ] GC(798) Pause Full (G1 Humongous Allocation) 506M->506M(512M) 564.356ms
[404.917s][info][gc,cpu         ] GC(798) User=2.53s Sys=0.05s Real=0.57s
[404.919s][info][gc,start       ] GC(799) Pause Young (Concurrent Start) (G1 Humongous Allocation)
[404.919s][info][gc,task        ] GC(799) Using 8 workers of 8 for evacuation
[404.920s][info][gc,phases      ] GC(799)   Pre Evacuate Collection Set: 0.1ms
[404.920s][info][gc,phases      ] GC(799)   Merge Heap Roots: 0.0ms
[404.920s][info][gc,phases      ] GC(799)   Evacuate Collection Set: 0.7ms
[404.920s][info][gc,phases      ] GC(799)   Post Evacuate Collection Set: 0.2ms
[404.920s][info][gc,phases      ] GC(799)   Other: 0.1ms
[404.920s][info][gc,heap        ] GC(799) Eden regions: 0->0(25)
[404.920s][info][gc,heap        ] GC(799) Survivor regions: 0->0(3)
[404.920s][info][gc,heap        ] GC(799) Old regions: 496->496
[404.920s][info][gc,heap        ] GC(799) Archive regions: 2->2
[404.920s][info][gc,heap        ] GC(799) Humongous regions: 11->11
[404.920s][info][gc,metaspace   ] GC(799) Metaspace: 48650K(50128K)->48650K(50128K) NonClass: 42817K(43856K)->42817K(43856K) Class: 5832K(6272K)->5832K(6272K)
[404.920s][info][gc             ] GC(799) Pause Young (Concurrent Start) (G1 Humongous Allocation) 506M->506M(512M) 1.220ms
[404.920s][info][gc,cpu         ] GC(799) User=0.01s Sys=0.00s Real=0.00s
[404.921s][info][gc             ] GC(800) Concurrent Cycle
[404.921s][info][gc,marking     ] GC(800) Concurrent Clear Claimed Marks
[404.921s][info][gc,marking     ] GC(800) Concurrent Clear Claimed Marks 0.017ms
[404.921s][info][gc,marking     ] GC(800) Concurrent Scan Root Regions
[404.921s][info][gc,marking     ] GC(800) Concurrent Scan Root Regions 0.006ms
[404.921s][info][gc,marking     ] GC(800) Concurrent Mark (404.921s)
[404.921s][info][gc,marking     ] GC(800) Concurrent Mark From Roots
[404.921s][info][gc,task        ] GC(800) Using 2 workers of 2 for marking
[404.921s][info][gc,start       ] GC(801) Pause Young (Normal) (G1 Humongous Allocation)
[404.921s][info][gc,task        ] GC(801) Using 8 workers of 8 for evacuation
[404.922s][info][gc,phases      ] GC(801)   Pre Evacuate Collection Set: 0.1ms
[404.922s][info][gc,phases      ] GC(801)   Merge Heap Roots: 0.0ms
[404.922s][info][gc,phases      ] GC(801)   Evacuate Collection Set: 0.3ms
[404.922s][info][gc,phases      ] GC(801)   Post Evacuate Collection Set: 0.2ms
[404.922s][info][gc,phases      ] GC(801)   Other: 0.2ms
[404.922s][info][gc,heap        ] GC(801) Eden regions: 0->0(25)
[404.922s][info][gc,heap        ] GC(801) Survivor regions: 0->0(3)
[404.922s][info][gc,heap        ] GC(801) Old regions: 496->496
[404.922s][info][gc,heap        ] GC(801) Archive regions: 2->2
[404.922s][info][gc,heap        ] GC(801) Humongous regions: 11->11
[404.922s][info][gc,metaspace   ] GC(801) Metaspace: 48650K(50128K)->48650K(50128K) NonClass: 42817K(43856K)->42817K(43856K) Class: 5832K(6272K)->5832K(6272K)
[404.922s][info][gc             ] GC(801) Pause Young (Normal) (G1 Humongous Allocation) 506M->506M(512M) 0.873ms
[404.922s][info][gc,cpu         ] GC(801) User=0.00s Sys=0.00s Real=0.00s
[404.922s][info][gc,task        ] GC(802) Using 8 workers of 8 for full compaction
[404.922s][info][gc,start       ] GC(802) Pause Full (G1 Humongous Allocation)
[404.923s][info][gc,phases,start] GC(802) Phase 1: Mark live objects
[405.240s][info][gc,phases      ] GC(802) Phase 1: Mark live objects 316.895ms
[405.240s][info][gc,phases,start] GC(802) Phase 2: Prepare for compaction
[405.299s][info][gc,phases      ] GC(802) Phase 2: Prepare for compaction 58.969ms
[405.299s][info][gc,phases,start] GC(802) Phase 3: Adjust pointers
[405.421s][info][gc,phases      ] GC(802) Phase 3: Adjust pointers 122.060ms
[405.421s][info][gc,phases,start] GC(802) Phase 4: Compact heap
[405.472s][info][gc,phases      ] GC(802) Phase 4: Compact heap 50.660ms
[405.477s][info][gc,heap        ] GC(802) Eden regions: 0->0(25)
[405.477s][info][gc,heap        ] GC(802) Survivor regions: 0->0(3)
[405.477s][info][gc,heap        ] GC(802) Old regions: 496->496
[405.477s][info][gc,heap        ] GC(802) Archive regions: 2->2
[405.477s][info][gc,heap        ] GC(802) Humongous regions: 11->11
[405.477s][info][gc,metaspace   ] GC(802) Metaspace: 48650K(50128K)->48650K(50128K) NonClass: 42817K(43856K)->42817K(43856K) Class: 5832K(6272K)->5832K(6272K)
[405.477s][info][gc             ] GC(802) Pause Full (G1 Humongous Allocation) 506M->506M(512M) 555.044ms
[405.479s][info][gc,cpu         ] GC(802) User=2.51s Sys=0.05s Real=0.56s
[405.479s][info][gc,task        ] GC(803) Using 8 workers of 8 for full compaction
[405.479s][info][gc,start       ] GC(803) Pause Full (G1 Humongous Allocation)
[405.479s][info][gc,phases,start] GC(803) Phase 1: Mark live objects
[405.826s][info][gc,phases      ] GC(803) Phase 1: Mark live objects 346.450ms
[405.826s][info][gc,phases,start] GC(803) Phase 2: Prepare for compaction
[405.872s][info][gc,phases      ] GC(803) Phase 2: Prepare for compaction 46.499ms
[405.872s][info][gc,phases,start] GC(803) Phase 3: Adjust pointers
[405.967s][info][gc,phases      ] GC(803) Phase 3: Adjust pointers 94.639ms
[405.967s][info][gc,phases,start] GC(803) Phase 4: Compact heap
[406.006s][info][gc,phases      ] GC(803) Phase 4: Compact heap 38.765ms
[406.010s][info][gc,heap        ] GC(803) Eden regions: 0->0(25)
[406.010s][info][gc,heap        ] GC(803) Survivor regions: 0->0(3)
[406.010s][info][gc,heap        ] GC(803) Old regions: 496->496
[406.010s][info][gc,heap        ] GC(803) Archive regions: 2->2
[406.010s][info][gc,heap        ] GC(803) Humongous regions: 11->11
[406.010s][info][gc,metaspace   ] GC(803) Metaspace: 48650K(50128K)->48650K(50128K) NonClass: 42817K(43856K)->42817K(43856K) Class: 5832K(6272K)->5832K(6272K)
[406.010s][info][gc             ] GC(803) Pause Full (G1 Humongous Allocation) 506M->506M(512M) 530.673ms
[406.012s][info][gc,cpu         ] GC(803) User=2.55s Sys=0.06s Real=0.53s
[406.012s][info][gc,marking     ] GC(800) Concurrent Mark From Roots 1091.410ms
[406.015s][info][gc,marking     ] GC(800) Concurrent Mark Abort
[406.015s][info][gc             ] GC(800) Concurrent Cycle 1094.309ms
[406.016s][info][gc,start       ] GC(804) Pause Young (Normal) (G1 Humongous Allocation)
[406.016s][info][gc,task        ] GC(804) Using 8 workers of 8 for evacuation
[406.017s][info][gc,phases      ] GC(804)   Pre Evacuate Collection Set: 0.1ms
[406.017s][info][gc,phases      ] GC(804)   Merge Heap Roots: 0.0ms
[406.017s][info][gc,phases      ] GC(804)   Evacuate Collection Set: 0.3ms
[406.017s][info][gc,phases      ] GC(804)   Post Evacuate Collection Set: 0.3ms
[406.017s][info][gc,phases      ] GC(804)   Other: 0.1ms
[406.017s][info][gc,heap        ] GC(804) Eden regions: 0->0(25)
[406.017s][info][gc,heap        ] GC(804) Survivor regions: 0->0(3)
[406.017s][info][gc,heap        ] GC(804) Old regions: 496->496
[406.017s][info][gc,heap        ] GC(804) Archive regions: 2->2
[406.017s][info][gc,heap        ] GC(804) Humongous regions: 11->11
[406.017s][info][gc,metaspace   ] GC(804) Metaspace: 48650K(50128K)->48650K(50128K) NonClass: 42817K(43856K)->42817K(43856K) Class: 5832K(6272K)->5832K(6272K)
[406.017s][info][gc             ] GC(804) Pause Young (Normal) (G1 Humongous Allocation) 506M->506M(512M) 0.880ms
[406.017s][info][gc,cpu         ] GC(804) User=0.00s Sys=0.00s Real=0.00s
[406.017s][info][gc,task        ] GC(805) Using 8 workers of 8 for full compaction
[406.017s][info][gc,start       ] GC(805) Pause Full (G1 Humongous Allocation)
[406.017s][info][gc,phases,start] GC(805) Phase 1: Mark live objects
[406.327s][info][gc,phases      ] GC(805) Phase 1: Mark live objects 310.461ms
[406.327s][info][gc,phases,start] GC(805) Phase 2: Prepare for compaction
[406.367s][info][gc,phases      ] GC(805) Phase 2: Prepare for compaction 40.196ms
[406.368s][info][gc,phases,start] GC(805) Phase 3: Adjust pointers
[406.493s][info][gc,phases      ] GC(805) Phase 3: Adjust pointers 125.887ms
[406.493s][info][gc,phases,start] GC(805) Phase 4: Compact heap
[406.533s][info][gc,phases      ] GC(805) Phase 4: Compact heap 39.320ms
[406.538s][info][gc,heap        ] GC(805) Eden regions: 0->0(25)
[406.538s][info][gc,heap        ] GC(805) Survivor regions: 0->0(3)
[406.538s][info][gc,heap        ] GC(805) Old regions: 496->496
[406.538s][info][gc,heap        ] GC(805) Archive regions: 2->2
[406.538s][info][gc,heap        ] GC(805) Humongous regions: 11->11
[406.538s][info][gc,metaspace   ] GC(805) Metaspace: 48650K(50128K)->48650K(50128K) NonClass: 42817K(43856K)->42817K(43856K) Class: 5832K(6272K)->5832K(6272K)
[406.538s][info][gc             ] GC(805) Pause Full (G1 Humongous Allocation) 506M->506M(512M) 521.153ms
[406.539s][info][gc,cpu         ] GC(805) User=2.53s Sys=0.04s Real=0.52s
[406.539s][info][gc,task        ] GC(806) Using 8 workers of 8 for full compaction
[406.539s][info][gc,start       ] GC(806) Pause Full (G1 Humongous Allocation)
[406.539s][info][gc,phases,start] GC(806) Phase 1: Mark live objects
[406.876s][info][gc,phases      ] GC(806) Phase 1: Mark live objects 337.427ms
[406.876s][info][gc,phases,start] GC(806) Phase 2: Prepare for compaction
[406.920s][info][gc,phases      ] GC(806) Phase 2: Prepare for compaction 43.625ms
[406.920s][info][gc,phases,start] GC(806) Phase 3: Adjust pointers
[407.081s][info][gc,phases      ] GC(806) Phase 3: Adjust pointers 160.547ms
[407.081s][info][gc,phases,start] GC(806) Phase 4: Compact heap
[407.131s][info][gc,phases      ] GC(806) Phase 4: Compact heap 50.312ms
[407.136s][info][gc,heap        ] GC(806) Eden regions: 0->0(25)
[407.136s][info][gc,heap        ] GC(806) Survivor regions: 0->0(3)
[407.136s][info][gc,heap        ] GC(806) Old regions: 496->496
[407.136s][info][gc,heap        ] GC(806) Archive regions: 2->2
[407.136s][info][gc,heap        ] GC(806) Humongous regions: 11->11
[407.136s][info][gc,metaspace   ] GC(806) Metaspace: 48650K(50128K)->48650K(50128K) NonClass: 42817K(43856K)->42817K(43856K) Class: 5832K(6272K)->5832K(6272K)
[407.136s][info][gc             ] GC(806) Pause Full (G1 Humongous Allocation) 506M->506M(512M) 597.451ms
[407.138s][info][gc,cpu         ] GC(806) User=2.51s Sys=0.06s Real=0.60s
[407.140s][info][gc,start       ] GC(807) Pause Young (Concurrent Start) (G1 Humongous Allocation)
[407.140s][info][gc,task        ] GC(807) Using 8 workers of 8 for evacuation
[407.142s][info][gc,phases      ] GC(807)   Pre Evacuate Collection Set: 0.1ms
[407.142s][info][gc,phases      ] GC(807)   Merge Heap Roots: 0.0ms
[407.142s][info][gc,phases      ] GC(807)   Evacuate Collection Set: 1.1ms
[407.142s][info][gc,phases      ] GC(807)   Post Evacuate Collection Set: 0.2ms
[407.142s][info][gc,phases      ] GC(807)   Other: 0.2ms
[407.142s][info][gc,heap        ] GC(807) Eden regions: 1->0(24)
[407.142s][info][gc,heap        ] GC(807) Survivor regions: 0->1(2)
[407.142s][info][gc,heap        ] GC(807) Old regions: 496->496
[407.142s][info][gc,heap        ] GC(807) Archive regions: 2->2
[407.142s][info][gc,heap        ] GC(807) Humongous regions: 11->11
[407.142s][info][gc,metaspace   ] GC(807) Metaspace: 48650K(50128K)->48650K(50128K) NonClass: 42817K(43856K)->42817K(43856K) Class: 5832K(6272K)->5832K(6272K)
[407.142s][info][gc             ] GC(807) Pause Young (Concurrent Start) (G1 Humongous Allocation) 506M->506M(512M) 1.878ms
[407.142s][info][gc,cpu         ] GC(807) User=0.00s Sys=0.00s Real=0.00s
[407.142s][info][gc             ] GC(809) Concurrent Cycle
[407.142s][info][gc,marking     ] GC(809) Concurrent Clear Claimed Marks
[407.142s][info][gc,task        ] GC(808) Using 8 workers of 8 for full compaction
[407.142s][info][gc,marking     ] GC(809) Concurrent Clear Claimed Marks 0.057ms
[407.142s][info][gc,marking     ] GC(809) Concurrent Scan Root Regions
[407.142s][info][gc,start       ] GC(808) Pause Full (G1 Humongous Allocation)
[407.143s][info][gc,marking     ] GC(809) Concurrent Scan Root Regions 0.943ms
[407.143s][info][gc,marking     ] GC(809) Concurrent Mark (407.143s)
[407.143s][info][gc,marking     ] GC(809) Concurrent Mark From Roots
[407.143s][info][gc,task        ] GC(809) Using 2 workers of 2 for marking
[407.144s][info][gc,phases,start] GC(808) Phase 1: Mark live objects
[407.469s][info][gc,phases      ] GC(808) Phase 1: Mark live objects 325.011ms
[407.469s][info][gc,phases,start] GC(808) Phase 2: Prepare for compaction
[407.512s][info][gc,phases      ] GC(808) Phase 2: Prepare for compaction 42.987ms
[407.512s][info][gc,phases,start] GC(808) Phase 3: Adjust pointers
[407.622s][info][gc,phases      ] GC(808) Phase 3: Adjust pointers 109.183ms
[407.622s][info][gc,phases,start] GC(808) Phase 4: Compact heap
[407.662s][info][gc,phases      ] GC(808) Phase 4: Compact heap 40.750ms
[407.667s][info][gc,heap        ] GC(808) Eden regions: 0->0(25)
[407.667s][info][gc,heap        ] GC(808) Survivor regions: 1->0(2)
[407.667s][info][gc,heap        ] GC(808) Old regions: 496->496
[407.667s][info][gc,heap        ] GC(808) Archive regions: 2->2
[407.667s][info][gc,heap        ] GC(808) Humongous regions: 11->11
[407.667s][info][gc,metaspace   ] GC(808) Metaspace: 48650K(50128K)->48650K(50128K) NonClass: 42817K(43856K)->42817K(43856K) Class: 5832K(6272K)->5832K(6272K)
[407.667s][info][gc             ] GC(808) Pause Full (G1 Humongous Allocation) 506M->506M(512M) 524.941ms
[407.669s][info][gc,cpu         ] GC(808) User=2.54s Sys=0.05s Real=0.53s
[407.669s][info][gc,task        ] GC(810) Using 8 workers of 8 for full compaction
[407.669s][info][gc,start       ] GC(810) Pause Full (G1 Humongous Allocation)
[407.669s][info][gc,phases,start] GC(810) Phase 1: Mark live objects
[407.982s][info][gc,phases      ] GC(810) Phase 1: Mark live objects 312.799ms
[407.982s][info][gc,phases,start] GC(810) Phase 2: Prepare for compaction
[408.017s][info][gc,phases      ] GC(810) Phase 2: Prepare for compaction 34.908ms
[408.017s][info][gc,phases,start] GC(810) Phase 3: Adjust pointers
[408.115s][info][gc,phases      ] GC(810) Phase 3: Adjust pointers 98.606ms
[408.115s][info][gc,phases,start] GC(810) Phase 4: Compact heap
[408.147s][info][gc,phases      ] GC(810) Phase 4: Compact heap 31.539ms
[408.151s][info][gc,heap        ] GC(810) Eden regions: 0->0(25)
[408.151s][info][gc,heap        ] GC(810) Survivor regions: 0->0(2)
[408.151s][info][gc,heap        ] GC(810) Old regions: 496->496
[408.151s][info][gc,heap        ] GC(810) Archive regions: 2->2
[408.151s][info][gc,heap        ] GC(810) Humongous regions: 11->11
[408.151s][info][gc,metaspace   ] GC(810) Metaspace: 48650K(50128K)->48650K(50128K) NonClass: 42817K(43856K)->42817K(43856K) Class: 5832K(6272K)->5832K(6272K)
[408.151s][info][gc             ] GC(810) Pause Full (G1 Humongous Allocation) 506M->506M(512M) 482.378ms
[408.154s][info][gc,cpu         ] GC(810) User=2.51s Sys=0.05s Real=0.48s
[408.154s][info][gc,marking     ] GC(809) Concurrent Mark From Roots 1010.721ms
[408.154s][info][gc,marking     ] GC(809) Concurrent Mark Abort
[408.154s][info][gc             ] GC(809) Concurrent Cycle 1011.864ms
[408.156s][info][gc,start       ] GC(811) Pause Young (Concurrent Start) (G1 Humongous Allocation)
[408.156s][info][gc,task        ] GC(811) Using 8 workers of 8 for evacuation
[408.159s][info][gc,phases      ] GC(811)   Pre Evacuate Collection Set: 0.3ms
[408.159s][info][gc,phases      ] GC(811)   Merge Heap Roots: 0.1ms
[408.159s][info][gc,phases      ] GC(811)   Evacuate Collection Set: 1.4ms
[408.159s][info][gc,phases      ] GC(811)   Post Evacuate Collection Set: 0.4ms
[408.159s][info][gc,phases      ] GC(811)   Other: 0.3ms
[408.159s][info][gc,heap        ] GC(811) Eden regions: 0->0(25)
[408.159s][info][gc,heap        ] GC(811) Survivor regions: 0->0(3)
[408.159s][info][gc,heap        ] GC(811) Old regions: 496->496
[408.159s][info][gc,heap        ] GC(811) Archive regions: 2->2
[408.159s][info][gc,heap        ] GC(811) Humongous regions: 11->11
[408.159s][info][gc,metaspace   ] GC(811) Metaspace: 48650K(50128K)->48650K(50128K) NonClass: 42817K(43856K)->42817K(43856K) Class: 5832K(6272K)->5832K(6272K)
[408.159s][info][gc             ] GC(811) Pause Young (Concurrent Start) (G1 Humongous Allocation) 506M->506M(512M) 2.494ms
[408.159s][info][gc,cpu         ] GC(811) User=0.01s Sys=0.00s Real=0.00s
[408.159s][info][gc             ] GC(812) Concurrent Cycle
[408.159s][info][gc,marking     ] GC(812) Concurrent Clear Claimed Marks
[408.159s][info][gc,marking     ] GC(812) Concurrent Clear Claimed Marks 0.052ms
[408.159s][info][gc,marking     ] GC(812) Concurrent Scan Root Regions
[408.159s][info][gc,marking     ] GC(812) Concurrent Scan Root Regions 0.013ms
[408.159s][info][gc,marking     ] GC(812) Concurrent Mark (408.159s)
[408.159s][info][gc,marking     ] GC(812) Concurrent Mark From Roots
[408.159s][info][gc,task        ] GC(812) Using 2 workers of 2 for marking
[408.160s][info][gc,start       ] GC(813) Pause Young (Normal) (G1 Humongous Allocation)
[408.160s][info][gc,task        ] GC(813) Using 8 workers of 8 for evacuation
[408.160s][info][gc,phases      ] GC(813)   Pre Evacuate Collection Set: 0.1ms
[408.160s][info][gc,phases      ] GC(813)   Merge Heap Roots: 0.0ms
[408.160s][info][gc,phases      ] GC(813)   Evacuate Collection Set: 0.2ms
[408.160s][info][gc,phases      ] GC(813)   Post Evacuate Collection Set: 0.2ms
[408.160s][info][gc,phases      ] GC(813)   Other: 0.1ms
[408.160s][info][gc,heap        ] GC(813) Eden regions: 0->0(25)
[408.160s][info][gc,heap        ] GC(813) Survivor regions: 0->0(3)
[408.160s][info][gc,heap        ] GC(813) Old regions: 496->496
[408.160s][info][gc,heap        ] GC(813) Archive regions: 2->2
[408.160s][info][gc,heap        ] GC(813) Humongous regions: 11->11
[408.160s][info][gc,metaspace   ] GC(813) Metaspace: 48650K(50128K)->48650K(50128K) NonClass: 42817K(43856K)->42817K(43856K) Class: 5832K(6272K)->5832K(6272K)
[408.160s][info][gc             ] GC(813) Pause Young (Normal) (G1 Humongous Allocation) 506M->506M(512M) 0.705ms
[408.160s][info][gc,cpu         ] GC(813) User=0.00s Sys=0.00s Real=0.00s
[408.160s][info][gc,task        ] GC(814) Using 8 workers of 8 for full compaction
[408.160s][info][gc,start       ] GC(814) Pause Full (G1 Humongous Allocation)
[408.161s][info][gc,phases,start] GC(814) Phase 1: Mark live objects
[408.427s][info][gc,phases      ] GC(814) Phase 1: Mark live objects 265.415ms
[408.427s][info][gc,phases,start] GC(814) Phase 2: Prepare for compaction
[408.471s][info][gc,phases      ] GC(814) Phase 2: Prepare for compaction 44.508ms
[408.471s][info][gc,phases,start] GC(814) Phase 3: Adjust pointers
[408.571s][info][gc,phases      ] GC(814) Phase 3: Adjust pointers 99.689ms
[408.571s][info][gc,phases,start] GC(814) Phase 4: Compact heap
[408.605s][info][gc,phases      ] GC(814) Phase 4: Compact heap 34.357ms
[408.610s][info][gc,heap        ] GC(814) Eden regions: 0->0(25)
[408.610s][info][gc,heap        ] GC(814) Survivor regions: 0->0(3)
[408.610s][info][gc,heap        ] GC(814) Old regions: 496->496
[408.610s][info][gc,heap        ] GC(814) Archive regions: 2->2
[408.610s][info][gc,heap        ] GC(814) Humongous regions: 11->11
[408.610s][info][gc,metaspace   ] GC(814) Metaspace: 48650K(50128K)->48650K(50128K) NonClass: 42817K(43856K)->42817K(43856K) Class: 5832K(6272K)->5832K(6272K)
[408.610s][info][gc             ] GC(814) Pause Full (G1 Humongous Allocation) 506M->506M(512M) 449.302ms
[408.612s][info][gc,cpu         ] GC(814) User=2.52s Sys=0.06s Real=0.45s
[408.612s][info][gc,task        ] GC(815) Using 8 workers of 8 for full compaction
[408.612s][info][gc,start       ] GC(815) Pause Full (G1 Humongous Allocation)
[408.612s][info][gc,phases,start] GC(815) Phase 1: Mark live objects
[408.889s][info][gc,phases      ] GC(815) Phase 1: Mark live objects 277.496ms
[408.889s][info][gc,phases,start] GC(815) Phase 2: Prepare for compaction
[408.932s][info][gc,phases      ] GC(815) Phase 2: Prepare for compaction 42.898ms
[408.932s][info][gc,phases,start] GC(815) Phase 3: Adjust pointers
[409.026s][info][gc,phases      ] GC(815) Phase 3: Adjust pointers 94.093ms
[409.026s][info][gc,phases,start] GC(815) Phase 4: Compact heap
[409.056s][info][gc,phases      ] GC(815) Phase 4: Compact heap 29.186ms
[409.060s][info][gc,heap        ] GC(815) Eden regions: 0->0(25)
[409.060s][info][gc,heap        ] GC(815) Survivor regions: 0->0(3)
[409.060s][info][gc,heap        ] GC(815) Old regions: 496->496
[409.060s][info][gc,heap        ] GC(815) Archive regions: 2->2
[409.060s][info][gc,heap        ] GC(815) Humongous regions: 11->11
[409.060s][info][gc,metaspace   ] GC(815) Metaspace: 48650K(50128K)->48650K(50128K) NonClass: 42817K(43856K)->42817K(43856K) Class: 5832K(6272K)->5832K(6272K)
[409.060s][info][gc             ] GC(815) Pause Full (G1 Humongous Allocation) 506M->506M(512M) 448.104ms
[409.061s][info][gc,cpu         ] GC(815) User=2.51s Sys=0.05s Real=0.45s
[409.061s][info][gc,marking     ] GC(812) Concurrent Mark From Roots 902.316ms
[409.061s][info][gc,marking     ] GC(812) Concurrent Mark Abort
[409.061s][info][gc             ] GC(812) Concurrent Cycle 902.511ms
[409.063s][info][gc,start       ] GC(816) Pause Young (Concurrent Start) (G1 Humongous Allocation)
[409.063s][info][gc,task        ] GC(816) Using 8 workers of 8 for evacuation
[409.064s][info][gc,phases      ] GC(816)   Pre Evacuate Collection Set: 0.1ms
[409.064s][info][gc,phases      ] GC(816)   Merge Heap Roots: 0.0ms
[409.064s][info][gc,phases      ] GC(816)   Evacuate Collection Set: 0.7ms
[409.064s][info][gc,phases      ] GC(816)   Post Evacuate Collection Set: 0.2ms
[409.064s][info][gc,phases      ] GC(816)   Other: 0.2ms
[409.064s][info][gc,heap        ] GC(816) Eden regions: 1->0(24)
[409.064s][info][gc,heap        ] GC(816) Survivor regions: 0->1(2)
[409.064s][info][gc,heap        ] GC(816) Old regions: 496->496
[409.064s][info][gc,heap        ] GC(816) Archive regions: 2->2
[409.064s][info][gc,heap        ] GC(816) Humongous regions: 11->11
[409.064s][info][gc,metaspace   ] GC(816) Metaspace: 48650K(50128K)->48650K(50128K) NonClass: 42817K(43856K)->42817K(43856K) Class: 5832K(6272K)->5832K(6272K)
[409.064s][info][gc             ] GC(816) Pause Young (Concurrent Start) (G1 Humongous Allocation) 506M->506M(512M) 1.396ms
[409.064s][info][gc,cpu         ] GC(816) User=0.00s Sys=0.01s Real=0.00s
[409.064s][info][gc             ] GC(817) Concurrent Cycle
[409.064s][info][gc,marking     ] GC(817) Concurrent Clear Claimed Marks
[409.064s][info][gc,marking     ] GC(817) Concurrent Clear Claimed Marks 0.032ms
[409.064s][info][gc,marking     ] GC(817) Concurrent Scan Root Regions
[409.065s][info][gc,marking     ] GC(817) Concurrent Scan Root Regions 0.504ms
[409.065s][info][gc,marking     ] GC(817) Concurrent Mark (409.065s)
[409.065s][info][gc,start       ] GC(818) Pause Young (Normal) (G1 Humongous Allocation)
[409.065s][info][gc,marking     ] GC(817) Concurrent Mark From Roots
[409.065s][info][gc,task        ] GC(818) Using 8 workers of 8 for evacuation
[409.065s][info][gc,task        ] GC(817) Using 2 workers of 2 for marking
[409.066s][info][gc,phases      ] GC(818)   Pre Evacuate Collection Set: 0.5ms
[409.066s][info][gc,phases      ] GC(818)   Merge Heap Roots: 0.0ms
[409.066s][info][gc,phases      ] GC(818)   Evacuate Collection Set: 0.5ms
[409.066s][info][gc,phases      ] GC(818)   Post Evacuate Collection Set: 0.2ms
[409.066s][info][gc,phases      ] GC(818)   Other: 0.1ms
[409.066s][info][gc,heap        ] GC(818) Eden regions: 0->0(24)
[409.066s][info][gc,heap        ] GC(818) Survivor regions: 1->1(2)
[409.066s][info][gc,heap        ] GC(818) Old regions: 496->496
[409.066s][info][gc,heap        ] GC(818) Archive regions: 2->2
[409.066s][info][gc,heap        ] GC(818) Humongous regions: 11->11
[409.066s][info][gc,metaspace   ] GC(818) Metaspace: 48650K(50128K)->48650K(50128K) NonClass: 42817K(43856K)->42817K(43856K) Class: 5832K(6272K)->5832K(6272K)
[409.066s][info][gc             ] GC(818) Pause Young (Normal) (G1 Humongous Allocation) 506M->506M(512M) 1.019ms
[409.066s][info][gc,cpu         ] GC(818) User=0.00s Sys=0.00s Real=0.01s
[409.066s][info][gc,task        ] GC(819) Using 8 workers of 8 for full compaction
[409.066s][info][gc,start       ] GC(819) Pause Full (G1 Humongous Allocation)
[409.067s][info][gc,phases,start] GC(819) Phase 1: Mark live objects
[409.357s][info][gc,phases      ] GC(819) Phase 1: Mark live objects 290.150ms
[409.357s][info][gc,phases,start] GC(819) Phase 2: Prepare for compaction
[409.400s][info][gc,phases      ] GC(819) Phase 2: Prepare for compaction 43.436ms
[409.400s][info][gc,phases,start] GC(819) Phase 3: Adjust pointers
[409.496s][info][gc,phases      ] GC(819) Phase 3: Adjust pointers 96.176ms
[409.496s][info][gc,phases,start] GC(819) Phase 4: Compact heap
[409.531s][info][gc,phases      ] GC(819) Phase 4: Compact heap 34.520ms
[409.535s][info][gc,heap        ] GC(819) Eden regions: 0->0(25)
[409.535s][info][gc,heap        ] GC(819) Survivor regions: 1->0(2)
[409.535s][info][gc,heap        ] GC(819) Old regions: 496->496
[409.535s][info][gc,heap        ] GC(819) Archive regions: 2->2
[409.535s][info][gc,heap        ] GC(819) Humongous regions: 11->11
[409.535s][info][gc,metaspace   ] GC(819) Metaspace: 48650K(50128K)->48650K(50128K) NonClass: 42817K(43856K)->42817K(43856K) Class: 5832K(6272K)->5832K(6272K)
[409.535s][info][gc             ] GC(819) Pause Full (G1 Humongous Allocation) 506M->506M(512M) 468.943ms
[409.537s][info][gc,cpu         ] GC(819) User=2.51s Sys=0.05s Real=0.47s
[409.537s][info][gc,task        ] GC(820) Using 8 workers of 8 for full compaction
[409.537s][info][gc,start       ] GC(820) Pause Full (G1 Humongous Allocation)
[409.537s][info][gc,phases,start] GC(820) Phase 1: Mark live objects
[409.898s][info][gc,phases      ] GC(820) Phase 1: Mark live objects 361.151ms
[409.898s][info][gc,phases,start] GC(820) Phase 2: Prepare for compaction
[409.940s][info][gc,phases      ] GC(820) Phase 2: Prepare for compaction 41.932ms
[409.940s][info][gc,phases,start] GC(820) Phase 3: Adjust pointers
[410.026s][info][gc,phases      ] GC(820) Phase 3: Adjust pointers 85.328ms
[410.026s][info][gc,phases,start] GC(820) Phase 4: Compact heap
[410.062s][info][gc,phases      ] GC(820) Phase 4: Compact heap 35.996ms
[410.065s][info][gc,heap        ] GC(820) Eden regions: 0->0(25)
[410.065s][info][gc,heap        ] GC(820) Survivor regions: 0->0(2)
[410.065s][info][gc,heap        ] GC(820) Old regions: 496->496
[410.065s][info][gc,heap        ] GC(820) Archive regions: 2->2
[410.065s][info][gc,heap        ] GC(820) Humongous regions: 11->11
[410.065s][info][gc,metaspace   ] GC(820) Metaspace: 48650K(50128K)->48650K(50128K) NonClass: 42817K(43856K)->42817K(43856K) Class: 5832K(6272K)->5832K(6272K)
[410.065s][info][gc             ] GC(820) Pause Full (G1 Humongous Allocation) 506M->506M(512M) 528.494ms
[410.067s][info][gc,cpu         ] GC(820) User=2.50s Sys=0.07s Real=0.53s
[410.067s][info][gc,marking     ] GC(817) Concurrent Mark From Roots 1002.342ms
[410.067s][info][gc,marking     ] GC(817) Concurrent Mark Abort
[410.067s][info][gc             ] GC(817) Concurrent Cycle 1003.073ms
[410.068s][info][gc,start       ] GC(821) Pause Young (Concurrent Start) (G1 Humongous Allocation)
[410.068s][info][gc,task        ] GC(821) Using 8 workers of 8 for evacuation
[410.069s][info][gc,phases      ] GC(821)   Pre Evacuate Collection Set: 0.1ms
[410.070s][info][gc,phases      ] GC(821)   Merge Heap Roots: 0.0ms
[410.070s][info][gc,phases      ] GC(821)   Evacuate Collection Set: 0.8ms
[410.070s][info][gc,phases      ] GC(821)   Post Evacuate Collection Set: 0.2ms
[410.070s][info][gc,phases      ] GC(821)   Other: 0.2ms
[410.070s][info][gc,heap        ] GC(821) Eden regions: 0->0(25)
[410.070s][info][gc,heap        ] GC(821) Survivor regions: 0->0(3)
[410.070s][info][gc,heap        ] GC(821) Old regions: 496->496
[410.070s][info][gc,heap        ] GC(821) Archive regions: 2->2
[410.070s][info][gc,heap        ] GC(821) Humongous regions: 11->11
[410.070s][info][gc,metaspace   ] GC(821) Metaspace: 48650K(50128K)->48650K(50128K) NonClass: 42817K(43856K)->42817K(43856K) Class: 5832K(6272K)->5832K(6272K)
[410.070s][info][gc             ] GC(821) Pause Young (Concurrent Start) (G1 Humongous Allocation) 506M->506M(512M) 1.400ms
[410.070s][info][gc,cpu         ] GC(821) User=0.00s Sys=0.00s Real=0.00s
[410.070s][info][gc             ] GC(822) Concurrent Cycle
[410.070s][info][gc,marking     ] GC(822) Concurrent Clear Claimed Marks
[410.070s][info][gc,marking     ] GC(822) Concurrent Clear Claimed Marks 0.035ms
[410.070s][info][gc,marking     ] GC(822) Concurrent Scan Root Regions
[410.070s][info][gc,marking     ] GC(822) Concurrent Scan Root Regions 0.013ms
[410.070s][info][gc,marking     ] GC(822) Concurrent Mark (410.070s)
[410.070s][info][gc,marking     ] GC(822) Concurrent Mark From Roots
[410.070s][info][gc,task        ] GC(822) Using 2 workers of 2 for marking
[410.070s][info][gc,start       ] GC(823) Pause Young (Normal) (G1 Humongous Allocation)
[410.070s][info][gc,task        ] GC(823) Using 8 workers of 8 for evacuation
[410.070s][info][gc,phases      ] GC(823)   Pre Evacuate Collection Set: 0.1ms
[410.070s][info][gc,phases      ] GC(823)   Merge Heap Roots: 0.0ms
[410.071s][info][gc,phases      ] GC(823)   Evacuate Collection Set: 0.2ms
[410.071s][info][gc,phases      ] GC(823)   Post Evacuate Collection Set: 0.3ms
[410.071s][info][gc,phases      ] GC(823)   Other: 0.1ms
[410.071s][info][gc,heap        ] GC(823) Eden regions: 0->0(25)
[410.071s][info][gc,heap        ] GC(823) Survivor regions: 0->0(3)
[410.071s][info][gc,heap        ] GC(823) Old regions: 496->496
[410.071s][info][gc,heap        ] GC(823) Archive regions: 2->2
[410.071s][info][gc,heap        ] GC(823) Humongous regions: 11->11
[410.071s][info][gc,metaspace   ] GC(823) Metaspace: 48650K(50128K)->48650K(50128K) NonClass: 42817K(43856K)->42817K(43856K) Class: 5832K(6272K)->5832K(6272K)
[410.071s][info][gc             ] GC(823) Pause Young (Normal) (G1 Humongous Allocation) 506M->506M(512M) 0.761ms
[410.071s][info][gc,cpu         ] GC(823) User=0.00s Sys=0.00s Real=0.00s
[410.071s][info][gc,task        ] GC(824) Using 8 workers of 8 for full compaction
[410.071s][info][gc,start       ] GC(824) Pause Full (G1 Humongous Allocation)
[410.071s][info][gc,phases,start] GC(824) Phase 1: Mark live objects
[410.341s][info][gc,phases      ] GC(824) Phase 1: Mark live objects 270.023ms
[410.341s][info][gc,phases,start] GC(824) Phase 2: Prepare for compaction
[410.378s][info][gc,phases      ] GC(824) Phase 2: Prepare for compaction 36.237ms
[410.378s][info][gc,phases,start] GC(824) Phase 3: Adjust pointers
[410.466s][info][gc,phases      ] GC(824) Phase 3: Adjust pointers 88.752ms
[410.467s][info][gc,phases,start] GC(824) Phase 4: Compact heap
[410.502s][info][gc,phases      ] GC(824) Phase 4: Compact heap 35.882ms
[410.506s][info][gc,heap        ] GC(824) Eden regions: 0->0(25)
[410.506s][info][gc,heap        ] GC(824) Survivor regions: 0->0(3)
[410.506s][info][gc,heap        ] GC(824) Old regions: 496->496
[410.506s][info][gc,heap        ] GC(824) Archive regions: 2->2
[410.506s][info][gc,heap        ] GC(824) Humongous regions: 11->11
[410.506s][info][gc,metaspace   ] GC(824) Metaspace: 48650K(50128K)->48650K(50128K) NonClass: 42817K(43856K)->42817K(43856K) Class: 5832K(6272K)->5832K(6272K)
[410.506s][info][gc             ] GC(824) Pause Full (G1 Humongous Allocation) 506M->506M(512M) 435.443ms
[410.508s][info][gc,cpu         ] GC(824) User=2.50s Sys=0.05s Real=0.44s
[410.508s][info][gc,task        ] GC(825) Using 8 workers of 8 for full compaction
[410.508s][info][gc,start       ] GC(825) Pause Full (G1 Humongous Allocation)
[410.508s][info][gc,phases,start] GC(825) Phase 1: Mark live objects
[410.805s][info][gc,phases      ] GC(825) Phase 1: Mark live objects 296.814ms
[410.805s][info][gc,phases,start] GC(825) Phase 2: Prepare for compaction
[410.848s][info][gc,phases      ] GC(825) Phase 2: Prepare for compaction 43.425ms
[410.848s][info][gc,phases,start] GC(825) Phase 3: Adjust pointers
[410.938s][info][gc,phases      ] GC(825) Phase 3: Adjust pointers 89.984ms
[410.938s][info][gc,phases,start] GC(825) Phase 4: Compact heap
[410.977s][info][gc,phases      ] GC(825) Phase 4: Compact heap 38.470ms
[410.981s][info][gc,heap        ] GC(825) Eden regions: 0->0(25)
[410.981s][info][gc,heap        ] GC(825) Survivor regions: 0->0(3)
[410.981s][info][gc,heap        ] GC(825) Old regions: 496->496
[410.981s][info][gc,heap        ] GC(825) Archive regions: 2->2
[410.981s][info][gc,heap        ] GC(825) Humongous regions: 11->11
[410.981s][info][gc,metaspace   ] GC(825) Metaspace: 48650K(50128K)->48650K(50128K) NonClass: 42817K(43856K)->42817K(43856K) Class: 5832K(6272K)->5832K(6272K)
[410.981s][info][gc             ] GC(825) Pause Full (G1 Humongous Allocation) 506M->506M(512M) 473.337ms
[410.984s][info][gc,cpu         ] GC(825) User=2.52s Sys=0.06s Real=0.47s
[410.985s][info][gc,marking     ] GC(822) Concurrent Mark From Roots 914.725ms
[410.985s][info][gc,marking     ] GC(822) Concurrent Mark Abort
[410.985s][info][gc             ] GC(822) Concurrent Cycle 914.886ms
[410.990s][info][gc,start       ] GC(826) Pause Young (Normal) (G1 Humongous Allocation)
[410.990s][info][gc,task        ] GC(826) Using 8 workers of 8 for evacuation
[410.991s][info][gc,phases      ] GC(826)   Pre Evacuate Collection Set: 0.1ms
[410.991s][info][gc,phases      ] GC(826)   Merge Heap Roots: 0.0ms
[410.991s][info][gc,phases      ] GC(826)   Evacuate Collection Set: 0.5ms
[410.991s][info][gc,phases      ] GC(826)   Post Evacuate Collection Set: 0.4ms
[410.991s][info][gc,phases      ] GC(826)   Other: 0.2ms
[410.991s][info][gc,heap        ] GC(826) Eden regions: 1->0(24)
[410.991s][info][gc,heap        ] GC(826) Survivor regions: 0->1(2)
[410.991s][info][gc,heap        ] GC(826) Old regions: 496->496
[410.991s][info][gc,heap        ] GC(826) Archive regions: 2->2
[410.991s][info][gc,heap        ] GC(826) Humongous regions: 11->11
[410.991s][info][gc,metaspace   ] GC(826) Metaspace: 48654K(50128K)->48654K(50128K) NonClass: 42821K(43856K)->42821K(43856K) Class: 5833K(6272K)->5833K(6272K)
[410.991s][info][gc             ] GC(826) Pause Young (Normal) (G1 Humongous Allocation) 506M->506M(512M) 1.305ms
[410.991s][info][gc,cpu         ] GC(826) User=0.01s Sys=0.00s Real=0.00s
[410.991s][info][gc,task        ] GC(827) Using 8 workers of 8 for full compaction
[410.991s][info][gc,start       ] GC(827) Pause Full (G1 Humongous Allocation)
[410.991s][info][gc,phases,start] GC(827) Phase 1: Mark live objects
[411.279s][info][gc,phases      ] GC(827) Phase 1: Mark live objects 287.940ms
[411.279s][info][gc,phases,start] GC(827) Phase 2: Prepare for compaction
[411.316s][info][gc,phases      ] GC(827) Phase 2: Prepare for compaction 36.704ms
[411.316s][info][gc,phases,start] GC(827) Phase 3: Adjust pointers
[411.484s][info][gc,phases      ] GC(827) Phase 3: Adjust pointers 167.838ms
[411.484s][info][gc,phases,start] GC(827) Phase 4: Compact heap
[411.523s][info][gc,phases      ] GC(827) Phase 4: Compact heap 39.923ms
[411.528s][info][gc,heap        ] GC(827) Eden regions: 0->0(25)
[411.528s][info][gc,heap        ] GC(827) Survivor regions: 1->0(2)
[411.528s][info][gc,heap        ] GC(827) Old regions: 496->497
[411.528s][info][gc,heap        ] GC(827) Archive regions: 2->2
[411.528s][info][gc,heap        ] GC(827) Humongous regions: 11->11
[411.528s][info][gc,metaspace   ] GC(827) Metaspace: 48654K(50128K)->48654K(50128K) NonClass: 42821K(43856K)->42821K(43856K) Class: 5833K(6272K)->5833K(6272K)
[411.528s][info][gc             ] GC(827) Pause Full (G1 Humongous Allocation) 506M->506M(512M) 537.207ms
[411.530s][info][gc,cpu         ] GC(827) User=2.50s Sys=0.05s Real=0.54s
[411.530s][info][gc,task        ] GC(828) Using 8 workers of 8 for full compaction
[411.530s][info][gc,start       ] GC(828) Pause Full (G1 Humongous Allocation)
[411.530s][info][gc,phases,start] GC(828) Phase 1: Mark live objects
[411.809s][info][gc,phases      ] GC(828) Phase 1: Mark live objects 279.485ms
[411.809s][info][gc,phases,start] GC(828) Phase 2: Prepare for compaction
[411.849s][info][gc,phases      ] GC(828) Phase 2: Prepare for compaction 40.064ms
[411.849s][info][gc,phases,start] GC(828) Phase 3: Adjust pointers
[411.941s][info][gc,phases      ] GC(828) Phase 3: Adjust pointers 91.342ms
[411.941s][info][gc,phases,start] GC(828) Phase 4: Compact heap
[411.977s][info][gc,phases      ] GC(828) Phase 4: Compact heap 36.139ms
[411.980s][info][gc,heap        ] GC(828) Eden regions: 0->0(25)
[411.980s][info][gc,heap        ] GC(828) Survivor regions: 0->0(2)
[411.980s][info][gc,heap        ] GC(828) Old regions: 497->496
[411.980s][info][gc,heap        ] GC(828) Archive regions: 2->2
[411.980s][info][gc,heap        ] GC(828) Humongous regions: 11->11
[411.980s][info][gc,metaspace   ] GC(828) Metaspace: 48654K(50128K)->48650K(50128K) NonClass: 42821K(43856K)->42818K(43856K) Class: 5833K(6272K)->5832K(6272K)
[411.980s][info][gc             ] GC(828) Pause Full (G1 Humongous Allocation) 506M->506M(512M) 450.661ms
[411.982s][info][gc,cpu         ] GC(828) User=2.53s Sys=0.05s Real=0.45s
[411.983s][info][gc,start       ] GC(829) Pause Young (Concurrent Start) (G1 Humongous Allocation)
[411.983s][info][gc,task        ] GC(829) Using 8 workers of 8 for evacuation
[411.984s][info][gc,phases      ] GC(829)   Pre Evacuate Collection Set: 0.1ms
[411.984s][info][gc,phases      ] GC(829)   Merge Heap Roots: 0.0ms
[411.984s][info][gc,phases      ] GC(829)   Evacuate Collection Set: 0.6ms
[411.984s][info][gc,phases      ] GC(829)   Post Evacuate Collection Set: 0.2ms
[411.984s][info][gc,phases      ] GC(829)   Other: 0.2ms
[411.984s][info][gc,heap        ] GC(829) Eden regions: 0->0(25)
[411.985s][info][gc,heap        ] GC(829) Survivor regions: 0->0(3)
[411.985s][info][gc,heap        ] GC(829) Old regions: 496->496
[411.985s][info][gc,heap        ] GC(829) Archive regions: 2->2
[411.985s][info][gc,heap        ] GC(829) Humongous regions: 11->11
[411.985s][info][gc,metaspace   ] GC(829) Metaspace: 48651K(50128K)->48651K(50128K) NonClass: 42818K(43856K)->42818K(43856K) Class: 5833K(6272K)->5833K(6272K)
[411.985s][info][gc             ] GC(829) Pause Young (Concurrent Start) (G1 Humongous Allocation) 506M->506M(512M) 1.185ms
[411.985s][info][gc,cpu         ] GC(829) User=0.00s Sys=0.00s Real=0.00s
[411.985s][info][gc             ] GC(830) Concurrent Cycle
[411.985s][info][gc,marking     ] GC(830) Concurrent Clear Claimed Marks
[411.985s][info][gc,marking     ] GC(830) Concurrent Clear Claimed Marks 0.038ms
[411.985s][info][gc,marking     ] GC(830) Concurrent Scan Root Regions
[411.985s][info][gc,marking     ] GC(830) Concurrent Scan Root Regions 0.014ms
[411.985s][info][gc,marking     ] GC(830) Concurrent Mark (411.985s)
[411.985s][info][gc,marking     ] GC(830) Concurrent Mark From Roots
[411.985s][info][gc,task        ] GC(830) Using 2 workers of 2 for marking
[411.986s][info][gc,start       ] GC(831) Pause Young (Normal) (G1 Humongous Allocation)
[411.986s][info][gc,task        ] GC(831) Using 8 workers of 8 for evacuation
[411.986s][info][gc,phases      ] GC(831)   Pre Evacuate Collection Set: 0.1ms
[411.986s][info][gc,phases      ] GC(831)   Merge Heap Roots: 0.0ms
[411.986s][info][gc,phases      ] GC(831)   Evacuate Collection Set: 0.2ms
[411.986s][info][gc,phases      ] GC(831)   Post Evacuate Collection Set: 0.2ms
[411.986s][info][gc,phases      ] GC(831)   Other: 0.1ms
[411.986s][info][gc,heap        ] GC(831) Eden regions: 0->0(25)
[411.986s][info][gc,heap        ] GC(831) Survivor regions: 0->0(3)
[411.986s][info][gc,heap        ] GC(831) Old regions: 496->496
[411.986s][info][gc,heap        ] GC(831) Archive regions: 2->2
[411.986s][info][gc,heap        ] GC(831) Humongous regions: 11->11
[411.986s][info][gc,metaspace   ] GC(831) Metaspace: 48651K(50128K)->48651K(50128K) NonClass: 42818K(43856K)->42818K(43856K) Class: 5833K(6272K)->5833K(6272K)
[411.986s][info][gc             ] GC(831) Pause Young (Normal) (G1 Humongous Allocation) 506M->506M(512M) 0.732ms
[411.986s][info][gc,cpu         ] GC(831) User=0.00s Sys=0.00s Real=0.01s
[411.986s][info][gc,task        ] GC(832) Using 8 workers of 8 for full compaction
[411.986s][info][gc,start       ] GC(832) Pause Full (G1 Humongous Allocation)
[411.987s][info][gc,phases,start] GC(832) Phase 1: Mark live objects
[412.275s][info][gc,phases      ] GC(832) Phase 1: Mark live objects 288.144ms
[412.275s][info][gc,phases,start] GC(832) Phase 2: Prepare for compaction
[412.311s][info][gc,phases      ] GC(832) Phase 2: Prepare for compaction 36.132ms
[412.311s][info][gc,phases,start] GC(832) Phase 3: Adjust pointers
[412.407s][info][gc,phases      ] GC(832) Phase 3: Adjust pointers 95.656ms
[412.407s][info][gc,phases,start] GC(832) Phase 4: Compact heap
[412.446s][info][gc,phases      ] GC(832) Phase 4: Compact heap 38.946ms
[412.449s][info][gc,heap        ] GC(832) Eden regions: 0->0(25)
[412.449s][info][gc,heap        ] GC(832) Survivor regions: 0->0(3)
[412.449s][info][gc,heap        ] GC(832) Old regions: 496->496
[412.449s][info][gc,heap        ] GC(832) Archive regions: 2->2
[412.449s][info][gc,heap        ] GC(832) Humongous regions: 11->11
[412.449s][info][gc,metaspace   ] GC(832) Metaspace: 48651K(50128K)->48651K(50128K) NonClass: 42818K(43856K)->42818K(43856K) Class: 5833K(6272K)->5833K(6272K)
[412.449s][info][gc             ] GC(832) Pause Full (G1 Humongous Allocation) 506M->506M(512M) 463.084ms
[412.451s][info][gc,cpu         ] GC(832) User=2.53s Sys=0.05s Real=0.46s
[412.452s][info][gc,task        ] GC(833) Using 8 workers of 8 for full compaction
[412.452s][info][gc,start       ] GC(833) Pause Full (G1 Humongous Allocation)
[412.452s][info][gc,phases,start] GC(833) Phase 1: Mark live objects
[412.746s][info][gc,phases      ] GC(833) Phase 1: Mark live objects 293.900ms
[412.746s][info][gc,phases,start] GC(833) Phase 2: Prepare for compaction
[412.783s][info][gc,phases      ] GC(833) Phase 2: Prepare for compaction 36.892ms
[412.783s][info][gc,phases,start] GC(833) Phase 3: Adjust pointers
[412.884s][info][gc,phases      ] GC(833) Phase 3: Adjust pointers 101.588ms
[412.884s][info][gc,phases,start] GC(833) Phase 4: Compact heap
[412.916s][info][gc,phases      ] GC(833) Phase 4: Compact heap 31.859ms
[412.920s][info][gc,heap        ] GC(833) Eden regions: 0->0(25)
[412.920s][info][gc,heap        ] GC(833) Survivor regions: 0->0(3)
[412.920s][info][gc,heap        ] GC(833) Old regions: 496->496
[412.920s][info][gc,heap        ] GC(833) Archive regions: 2->2
[412.920s][info][gc,heap        ] GC(833) Humongous regions: 11->11
[412.920s][info][gc,metaspace   ] GC(833) Metaspace: 48651K(50128K)->48651K(50128K) NonClass: 42818K(43856K)->42818K(43856K) Class: 5833K(6272K)->5833K(6272K)
[412.920s][info][gc             ] GC(833) Pause Full (G1 Humongous Allocation) 506M->506M(512M) 468.619ms
[412.922s][info][gc,cpu         ] GC(833) User=2.52s Sys=0.06s Real=0.47s
[412.922s][info][gc,marking     ] GC(830) Concurrent Mark From Roots 937.537ms
[412.922s][info][gc,marking     ] GC(830) Concurrent Mark Abort
[412.922s][info][gc             ] GC(830) Concurrent Cycle 937.704ms
[412.924s][info][gc,start       ] GC(834) Pause Young (Concurrent Start) (G1 Humongous Allocation)
[412.924s][info][gc,task        ] GC(834) Using 8 workers of 8 for evacuation
[412.925s][info][gc,phases      ] GC(834)   Pre Evacuate Collection Set: 0.1ms
[412.925s][info][gc,phases      ] GC(834)   Merge Heap Roots: 0.0ms
[412.925s][info][gc,phases      ] GC(834)   Evacuate Collection Set: 0.5ms
[412.925s][info][gc,phases      ] GC(834)   Post Evacuate Collection Set: 0.2ms
[412.925s][info][gc,phases      ] GC(834)   Other: 0.2ms
[412.925s][info][gc,heap        ] GC(834) Eden regions: 0->0(25)
[412.925s][info][gc,heap        ] GC(834) Survivor regions: 0->0(3)
[412.925s][info][gc,heap        ] GC(834) Old regions: 496->496
[412.925s][info][gc,heap        ] GC(834) Archive regions: 2->2
[412.925s][info][gc,heap        ] GC(834) Humongous regions: 11->11
[412.925s][info][gc,metaspace   ] GC(834) Metaspace: 48651K(50128K)->48651K(50128K) NonClass: 42818K(43856K)->42818K(43856K) Class: 5833K(6272K)->5833K(6272K)
[412.925s][info][gc             ] GC(834) Pause Young (Concurrent Start) (G1 Humongous Allocation) 506M->506M(512M) 1.102ms
[412.925s][info][gc,cpu         ] GC(834) User=0.00s Sys=0.00s Real=0.00s
[412.925s][info][gc             ] GC(835) Concurrent Cycle
[412.925s][info][gc,marking     ] GC(835) Concurrent Clear Claimed Marks
[412.925s][info][gc,marking     ] GC(835) Concurrent Clear Claimed Marks 0.020ms
[412.925s][info][gc,marking     ] GC(835) Concurrent Scan Root Regions
[412.925s][info][gc,marking     ] GC(835) Concurrent Scan Root Regions 0.008ms
[412.925s][info][gc,marking     ] GC(835) Concurrent Mark (412.925s)
[412.925s][info][gc,marking     ] GC(835) Concurrent Mark From Roots
[412.925s][info][gc,task        ] GC(835) Using 2 workers of 2 for marking
[412.926s][info][gc,start       ] GC(836) Pause Young (Normal) (G1 Humongous Allocation)
[412.926s][info][gc,task        ] GC(836) Using 8 workers of 8 for evacuation
[412.927s][info][gc,phases      ] GC(836)   Pre Evacuate Collection Set: 0.1ms
[412.927s][info][gc,phases      ] GC(836)   Merge Heap Roots: 0.0ms
[412.927s][info][gc,phases      ] GC(836)   Evacuate Collection Set: 0.2ms
[412.927s][info][gc,phases      ] GC(836)   Post Evacuate Collection Set: 0.2ms
[412.927s][info][gc,phases      ] GC(836)   Other: 0.1ms
[412.927s][info][gc,heap        ] GC(836) Eden regions: 0->0(25)
[412.927s][info][gc,heap        ] GC(836) Survivor regions: 0->0(3)
[412.927s][info][gc,heap        ] GC(836) Old regions: 496->496
[412.927s][info][gc,heap        ] GC(836) Archive regions: 2->2
[412.927s][info][gc,heap        ] GC(836) Humongous regions: 11->11
[412.927s][info][gc,metaspace   ] GC(836) Metaspace: 48651K(50128K)->48651K(50128K) NonClass: 42818K(43856K)->42818K(43856K) Class: 5833K(6272K)->5833K(6272K)
[412.927s][info][gc             ] GC(836) Pause Young (Normal) (G1 Humongous Allocation) 506M->506M(512M) 0.698ms
[412.927s][info][gc,cpu         ] GC(836) User=0.00s Sys=0.00s Real=0.00s
[412.927s][info][gc,task        ] GC(837) Using 8 workers of 8 for full compaction
[412.927s][info][gc,start       ] GC(837) Pause Full (G1 Humongous Allocation)
[412.927s][info][gc,phases,start] GC(837) Phase 1: Mark live objects
[413.226s][info][gc,phases      ] GC(837) Phase 1: Mark live objects 298.927ms
[413.226s][info][gc,phases,start] GC(837) Phase 2: Prepare for compaction
[413.263s][info][gc,phases      ] GC(837) Phase 2: Prepare for compaction 36.956ms
[413.263s][info][gc,phases,start] GC(837) Phase 3: Adjust pointers
[413.348s][info][gc,phases      ] GC(837) Phase 3: Adjust pointers 84.259ms
[413.348s][info][gc,phases,start] GC(837) Phase 4: Compact heap
[413.391s][info][gc,phases      ] GC(837) Phase 4: Compact heap 43.499ms
[413.395s][info][gc,heap        ] GC(837) Eden regions: 0->0(25)
[413.396s][info][gc,heap        ] GC(837) Survivor regions: 0->0(3)
[413.396s][info][gc,heap        ] GC(837) Old regions: 496->496
[413.396s][info][gc,heap        ] GC(837) Archive regions: 2->2
[413.396s][info][gc,heap        ] GC(837) Humongous regions: 11->11
[413.396s][info][gc,metaspace   ] GC(837) Metaspace: 48651K(50128K)->48651K(50128K) NonClass: 42818K(43856K)->42818K(43856K) Class: 5833K(6272K)->5833K(6272K)
[413.396s][info][gc             ] GC(837) Pause Full (G1 Humongous Allocation) 506M->506M(512M) 468.908ms
[413.396s][info][gc,cpu         ] GC(837) User=2.55s Sys=0.06s Real=0.47s
[413.396s][info][gc,task        ] GC(838) Using 8 workers of 8 for full compaction
[413.396s][info][gc,start       ] GC(838) Pause Full (G1 Humongous Allocation)
[413.396s][info][gc,phases,start] GC(838) Phase 1: Mark live objects
[413.677s][info][gc,phases      ] GC(838) Phase 1: Mark live objects 280.317ms
[413.677s][info][gc,phases,start] GC(838) Phase 2: Prepare for compaction
[413.712s][info][gc,phases      ] GC(838) Phase 2: Prepare for compaction 34.697ms
[413.712s][info][gc,phases,start] GC(838) Phase 3: Adjust pointers
[413.797s][info][gc,phases      ] GC(838) Phase 3: Adjust pointers 85.633ms
[413.797s][info][gc,phases,start] GC(838) Phase 4: Compact heap
[413.832s][info][gc,phases      ] GC(838) Phase 4: Compact heap 34.550ms
[413.838s][info][gc,heap        ] GC(838) Eden regions: 0->0(25)
[413.838s][info][gc,heap        ] GC(838) Survivor regions: 0->0(3)
[413.838s][info][gc,heap        ] GC(838) Old regions: 496->496
[413.838s][info][gc,heap        ] GC(838) Archive regions: 2->2
[413.838s][info][gc,heap        ] GC(838) Humongous regions: 11->11
[413.838s][info][gc,metaspace   ] GC(838) Metaspace: 48651K(50128K)->48651K(50128K) NonClass: 42818K(43856K)->42818K(43856K) Class: 5833K(6272K)->5833K(6272K)
[413.838s][info][gc             ] GC(838) Pause Full (G1 Humongous Allocation) 506M->506M(512M) 441.975ms
[413.841s][info][gc,cpu         ] GC(838) User=2.52s Sys=0.05s Real=0.44s
[413.841s][info][gc,marking     ] GC(835) Concurrent Mark From Roots 915.721ms
[413.841s][info][gc,marking     ] GC(835) Concurrent Mark Abort
[413.841s][info][gc             ] GC(835) Concurrent Cycle 915.857ms
[413.843s][info][gc,start       ] GC(839) Pause Young (Normal) (G1 Humongous Allocation)
[413.843s][info][gc,task        ] GC(839) Using 8 workers of 8 for evacuation
[413.843s][info][gc,phases      ] GC(839)   Pre Evacuate Collection Set: 0.1ms
[413.843s][info][gc,phases      ] GC(839)   Merge Heap Roots: 0.0ms
[413.843s][info][gc,phases      ] GC(839)   Evacuate Collection Set: 0.2ms
[413.843s][info][gc,phases      ] GC(839)   Post Evacuate Collection Set: 0.2ms
[413.843s][info][gc,phases      ] GC(839)   Other: 0.1ms
[413.843s][info][gc,heap        ] GC(839) Eden regions: 0->0(25)
[413.843s][info][gc,heap        ] GC(839) Survivor regions: 0->0(3)
[413.843s][info][gc,heap        ] GC(839) Old regions: 496->496
[413.843s][info][gc,heap        ] GC(839) Archive regions: 2->2
[413.843s][info][gc,heap        ] GC(839) Humongous regions: 11->11
[413.843s][info][gc,metaspace   ] GC(839) Metaspace: 48651K(50128K)->48651K(50128K) NonClass: 42818K(43856K)->42818K(43856K) Class: 5833K(6272K)->5833K(6272K)
[413.843s][info][gc             ] GC(839) Pause Young (Normal) (G1 Humongous Allocation) 506M->506M(512M) 0.739ms
[413.843s][info][gc,cpu         ] GC(839) User=0.00s Sys=0.00s Real=0.00s
[413.843s][info][gc,task        ] GC(840) Using 8 workers of 8 for full compaction
[413.843s][info][gc,start       ] GC(840) Pause Full (G1 Humongous Allocation)
[413.843s][info][gc,phases,start] GC(840) Phase 1: Mark live objects
[414.129s][info][gc,phases      ] GC(840) Phase 1: Mark live objects 285.923ms
[414.129s][info][gc,phases,start] GC(840) Phase 2: Prepare for compaction
[414.164s][info][gc,phases      ] GC(840) Phase 2: Prepare for compaction 34.183ms
[414.164s][info][gc,phases,start] GC(840) Phase 3: Adjust pointers
[414.239s][info][gc,phases      ] GC(840) Phase 3: Adjust pointers 75.079ms
[414.239s][info][gc,phases,start] GC(840) Phase 4: Compact heap
[414.269s][info][gc,phases      ] GC(840) Phase 4: Compact heap 30.589ms
[414.273s][info][gc,heap        ] GC(840) Eden regions: 0->0(25)
[414.273s][info][gc,heap        ] GC(840) Survivor regions: 0->0(3)
[414.273s][info][gc,heap        ] GC(840) Old regions: 496->496
[414.273s][info][gc,heap        ] GC(840) Archive regions: 2->2
[414.273s][info][gc,heap        ] GC(840) Humongous regions: 11->11
[414.273s][info][gc,metaspace   ] GC(840) Metaspace: 48651K(50128K)->48651K(50128K) NonClass: 42818K(43856K)->42818K(43856K) Class: 5833K(6272K)->5833K(6272K)
[414.273s][info][gc             ] GC(840) Pause Full (G1 Humongous Allocation) 506M->506M(512M) 429.802ms
[414.275s][info][gc,cpu         ] GC(840) User=2.51s Sys=0.05s Real=0.43s
[414.275s][info][gc,task        ] GC(841) Using 8 workers of 8 for full compaction
[414.275s][info][gc,start       ] GC(841) Pause Full (G1 Humongous Allocation)
[414.275s][info][gc,phases,start] GC(841) Phase 1: Mark live objects
[414.568s][info][gc,phases      ] GC(841) Phase 1: Mark live objects 292.647ms
[414.568s][info][gc,phases,start] GC(841) Phase 2: Prepare for compaction
[414.603s][info][gc,phases      ] GC(841) Phase 2: Prepare for compaction 35.120ms
[414.603s][info][gc,phases,start] GC(841) Phase 3: Adjust pointers
[414.717s][info][gc,phases      ] GC(841) Phase 3: Adjust pointers 114.585ms
[414.718s][info][gc,phases,start] GC(841) Phase 4: Compact heap
[414.757s][info][gc,phases      ] GC(841) Phase 4: Compact heap 39.295ms
[414.762s][info][gc,heap        ] GC(841) Eden regions: 0->0(25)
[414.762s][info][gc,heap        ] GC(841) Survivor regions: 0->0(3)
[414.762s][info][gc,heap        ] GC(841) Old regions: 496->496
[414.762s][info][gc,heap        ] GC(841) Archive regions: 2->2
[414.762s][info][gc,heap        ] GC(841) Humongous regions: 11->11
[414.762s][info][gc,metaspace   ] GC(841) Metaspace: 48651K(50128K)->48651K(50128K) NonClass: 42818K(43856K)->42818K(43856K) Class: 5833K(6272K)->5833K(6272K)
[414.762s][info][gc             ] GC(841) Pause Full (G1 Humongous Allocation) 506M->506M(512M) 486.863ms
[414.764s][info][gc,cpu         ] GC(841) User=2.50s Sys=0.05s Real=0.49s
[414.767s][info][gc,start       ] GC(842) Pause Young (Concurrent Start) (G1 Humongous Allocation)
[414.767s][info][gc,task        ] GC(842) Using 8 workers of 8 for evacuation
[414.768s][info][gc,phases      ] GC(842)   Pre Evacuate Collection Set: 0.2ms
[414.768s][info][gc,phases      ] GC(842)   Merge Heap Roots: 0.0ms
[414.768s][info][gc,phases      ] GC(842)   Evacuate Collection Set: 1.1ms
[414.768s][info][gc,phases      ] GC(842)   Post Evacuate Collection Set: 0.2ms
[414.768s][info][gc,phases      ] GC(842)   Other: 0.2ms
[414.768s][info][gc,heap        ] GC(842) Eden regions: 1->0(24)
[414.768s][info][gc,heap        ] GC(842) Survivor regions: 0->1(2)
[414.769s][info][gc,heap        ] GC(842) Old regions: 496->496
[414.769s][info][gc,heap        ] GC(842) Archive regions: 2->2
[414.769s][info][gc,heap        ] GC(842) Humongous regions: 11->11
[414.769s][info][gc,metaspace   ] GC(842) Metaspace: 48651K(50128K)->48651K(50128K) NonClass: 42818K(43856K)->42818K(43856K) Class: 5833K(6272K)->5833K(6272K)
[414.769s][info][gc             ] GC(842) Pause Young (Concurrent Start) (G1 Humongous Allocation) 506M->506M(512M) 2.066ms
[414.769s][info][gc,cpu         ] GC(842) User=0.01s Sys=0.00s Real=0.00s
[414.769s][info][gc             ] GC(843) Concurrent Cycle
[414.769s][info][gc,marking     ] GC(843) Concurrent Clear Claimed Marks
[414.769s][info][gc,marking     ] GC(843) Concurrent Clear Claimed Marks 0.058ms
[414.769s][info][gc,marking     ] GC(843) Concurrent Scan Root Regions
[414.770s][info][gc,marking     ] GC(843) Concurrent Scan Root Regions 0.888ms
[414.770s][info][gc,marking     ] GC(843) Concurrent Mark (414.770s)
[414.770s][info][gc,marking     ] GC(843) Concurrent Mark From Roots
[414.770s][info][gc,task        ] GC(843) Using 2 workers of 2 for marking
[414.770s][info][gc,start       ] GC(844) Pause Young (Normal) (G1 Humongous Allocation)
[414.770s][info][gc,task        ] GC(844) Using 8 workers of 8 for evacuation
[414.772s][info][gc,phases      ] GC(844)   Pre Evacuate Collection Set: 0.3ms
[414.772s][info][gc,phases      ] GC(844)   Merge Heap Roots: 0.0ms
[414.772s][info][gc,phases      ] GC(844)   Evacuate Collection Set: 0.5ms
[414.772s][info][gc,phases      ] GC(844)   Post Evacuate Collection Set: 0.5ms
[414.772s][info][gc,phases      ] GC(844)   Other: 0.2ms
[414.772s][info][gc,heap        ] GC(844) Eden regions: 0->0(24)
[414.772s][info][gc,heap        ] GC(844) Survivor regions: 1->1(2)
[414.772s][info][gc,heap        ] GC(844) Old regions: 496->496
[414.772s][info][gc,heap        ] GC(844) Archive regions: 2->2
[414.772s][info][gc,heap        ] GC(844) Humongous regions: 11->11
[414.772s][info][gc,metaspace   ] GC(844) Metaspace: 48651K(50128K)->48651K(50128K) NonClass: 42818K(43856K)->42818K(43856K) Class: 5833K(6272K)->5833K(6272K)
[414.772s][info][gc             ] GC(844) Pause Young (Normal) (G1 Humongous Allocation) 506M->506M(512M) 1.760ms
[414.772s][info][gc,cpu         ] GC(844) User=0.00s Sys=0.01s Real=0.00s
[414.772s][info][gc,task        ] GC(845) Using 8 workers of 8 for full compaction
[414.772s][info][gc,start       ] GC(845) Pause Full (G1 Humongous Allocation)
[414.773s][info][gc,phases,start] GC(845) Phase 1: Mark live objects
[415.071s][info][gc,phases      ] GC(845) Phase 1: Mark live objects 297.880ms
[415.071s][info][gc,phases,start] GC(845) Phase 2: Prepare for compaction
[415.108s][info][gc,phases      ] GC(845) Phase 2: Prepare for compaction 36.173ms
[415.108s][info][gc,phases,start] GC(845) Phase 3: Adjust pointers
[415.188s][info][gc,phases      ] GC(845) Phase 3: Adjust pointers 80.822ms
[415.188s][info][gc,phases,start] GC(845) Phase 4: Compact heap
[415.219s][info][gc,phases      ] GC(845) Phase 4: Compact heap 30.258ms
[415.223s][info][gc,heap        ] GC(845) Eden regions: 0->0(25)
[415.223s][info][gc,heap        ] GC(845) Survivor regions: 1->0(2)
[415.223s][info][gc,heap        ] GC(845) Old regions: 496->497
[415.223s][info][gc,heap        ] GC(845) Archive regions: 2->2
[415.223s][info][gc,heap        ] GC(845) Humongous regions: 11->11
[415.223s][info][gc,metaspace   ] GC(845) Metaspace: 48651K(50128K)->48651K(50128K) NonClass: 42818K(43856K)->42818K(43856K) Class: 5833K(6272K)->5833K(6272K)
[415.223s][info][gc             ] GC(845) Pause Full (G1 Humongous Allocation) 506M->506M(512M) 451.169ms
[415.225s][info][gc,cpu         ] GC(845) User=2.52s Sys=0.05s Real=0.45s
[415.225s][info][gc,task        ] GC(846) Using 8 workers of 8 for full compaction
[415.225s][info][gc,start       ] GC(846) Pause Full (G1 Humongous Allocation)
[415.225s][info][gc,phases,start] GC(846) Phase 1: Mark live objects
[415.524s][info][gc,phases      ] GC(846) Phase 1: Mark live objects 299.454ms
[415.524s][info][gc,phases,start] GC(846) Phase 2: Prepare for compaction
[415.562s][info][gc,phases      ] GC(846) Phase 2: Prepare for compaction 37.603ms
[415.562s][info][gc,phases,start] GC(846) Phase 3: Adjust pointers
[415.648s][info][gc,phases      ] GC(846) Phase 3: Adjust pointers 85.942ms
[415.648s][info][gc,phases,start] GC(846) Phase 4: Compact heap
[415.680s][info][gc,phases      ] GC(846) Phase 4: Compact heap 31.471ms
[415.683s][info][gc,heap        ] GC(846) Eden regions: 0->0(25)
[415.683s][info][gc,heap        ] GC(846) Survivor regions: 0->0(2)
[415.683s][info][gc,heap        ] GC(846) Old regions: 497->496
[415.683s][info][gc,heap        ] GC(846) Archive regions: 2->2
[415.683s][info][gc,heap        ] GC(846) Humongous regions: 11->11
[415.683s][info][gc,metaspace   ] GC(846) Metaspace: 48651K(50128K)->48651K(50128K) NonClass: 42818K(43856K)->42818K(43856K) Class: 5833K(6272K)->5833K(6272K)
[415.683s][info][gc             ] GC(846) Pause Full (G1 Humongous Allocation) 506M->506M(512M) 458.166ms
[415.684s][info][gc,cpu         ] GC(846) User=2.52s Sys=0.04s Real=0.46s
[415.684s][info][gc,marking     ] GC(843) Concurrent Mark From Roots 914.454ms
[415.686s][info][gc,marking     ] GC(843) Concurrent Mark Abort
[415.686s][info][gc             ] GC(843) Concurrent Cycle 917.070ms
[415.687s][info][gc,start       ] GC(847) Pause Young (Normal) (G1 Humongous Allocation)
[415.687s][info][gc,task        ] GC(847) Using 8 workers of 8 for evacuation
[415.687s][info][gc,phases      ] GC(847)   Pre Evacuate Collection Set: 0.1ms
[415.687s][info][gc,phases      ] GC(847)   Merge Heap Roots: 0.0ms
[415.687s][info][gc,phases      ] GC(847)   Evacuate Collection Set: 0.3ms
[415.687s][info][gc,phases      ] GC(847)   Post Evacuate Collection Set: 0.2ms
[415.687s][info][gc,phases      ] GC(847)   Other: 0.2ms
[415.687s][info][gc,heap        ] GC(847) Eden regions: 0->0(25)
[415.687s][info][gc,heap        ] GC(847) Survivor regions: 0->0(3)
[415.687s][info][gc,heap        ] GC(847) Old regions: 496->496
[415.687s][info][gc,heap        ] GC(847) Archive regions: 2->2
[415.687s][info][gc,heap        ] GC(847) Humongous regions: 11->11
[415.687s][info][gc,metaspace   ] GC(847) Metaspace: 48651K(50128K)->48651K(50128K) NonClass: 42818K(43856K)->42818K(43856K) Class: 5833K(6272K)->5833K(6272K)
[415.687s][info][gc             ] GC(847) Pause Young (Normal) (G1 Humongous Allocation) 506M->506M(512M) 0.871ms
[415.687s][info][gc,cpu         ] GC(847) User=0.01s Sys=0.00s Real=0.00s
[415.687s][info][gc,task        ] GC(848) Using 8 workers of 8 for full compaction
[415.688s][info][gc,start       ] GC(848) Pause Full (G1 Humongous Allocation)
[415.688s][info][gc,phases,start] GC(848) Phase 1: Mark live objects
[416.000s][info][gc,phases      ] GC(848) Phase 1: Mark live objects 312.026ms
[416.000s][info][gc,phases,start] GC(848) Phase 2: Prepare for compaction
[416.038s][info][gc,phases      ] GC(848) Phase 2: Prepare for compaction 38.308ms
[416.038s][info][gc,phases,start] GC(848) Phase 3: Adjust pointers
[416.121s][info][gc,phases      ] GC(848) Phase 3: Adjust pointers 82.921ms
[416.121s][info][gc,phases,start] GC(848) Phase 4: Compact heap
[416.153s][info][gc,phases      ] GC(848) Phase 4: Compact heap 31.689ms
[416.156s][info][gc,heap        ] GC(848) Eden regions: 0->0(25)
[416.156s][info][gc,heap        ] GC(848) Survivor regions: 0->0(3)
[416.156s][info][gc,heap        ] GC(848) Old regions: 496->496
[416.156s][info][gc,heap        ] GC(848) Archive regions: 2->2
[416.156s][info][gc,heap        ] GC(848) Humongous regions: 11->11
[416.156s][info][gc,metaspace   ] GC(848) Metaspace: 48651K(50128K)->48651K(50128K) NonClass: 42818K(43856K)->42818K(43856K) Class: 5833K(6272K)->5833K(6272K)
[416.156s][info][gc             ] GC(848) Pause Full (G1 Humongous Allocation) 506M->506M(512M) 468.668ms
[416.158s][info][gc,cpu         ] GC(848) User=2.52s Sys=0.06s Real=0.47s
[416.158s][info][gc,task        ] GC(849) Using 8 workers of 8 for full compaction
[416.158s][info][gc,start       ] GC(849) Pause Full (G1 Humongous Allocation)
[416.158s][info][gc,phases,start] GC(849) Phase 1: Mark live objects
[416.448s][info][gc,phases      ] GC(849) Phase 1: Mark live objects 290.048ms
[416.448s][info][gc,phases,start] GC(849) Phase 2: Prepare for compaction
[416.485s][info][gc,phases      ] GC(849) Phase 2: Prepare for compaction 37.351ms
[416.485s][info][gc,phases,start] GC(849) Phase 3: Adjust pointers
[416.571s][info][gc,phases      ] GC(849) Phase 3: Adjust pointers 85.397ms
[416.571s][info][gc,phases,start] GC(849) Phase 4: Compact heap
[416.603s][info][gc,phases      ] GC(849) Phase 4: Compact heap 32.187ms
[416.607s][info][gc,heap        ] GC(849) Eden regions: 0->0(25)
[416.607s][info][gc,heap        ] GC(849) Survivor regions: 0->0(3)
[416.607s][info][gc,heap        ] GC(849) Old regions: 496->496
[416.607s][info][gc,heap        ] GC(849) Archive regions: 2->2
[416.607s][info][gc,heap        ] GC(849) Humongous regions: 11->11
[416.607s][info][gc,metaspace   ] GC(849) Metaspace: 48651K(50128K)->48651K(50128K) NonClass: 42818K(43856K)->42818K(43856K) Class: 5833K(6272K)->5833K(6272K)
[416.607s][info][gc             ] GC(849) Pause Full (G1 Humongous Allocation) 506M->506M(512M) 448.968ms
[416.609s][info][gc,cpu         ] GC(849) User=2.52s Sys=0.06s Real=0.45s
[416.612s][info][gc,start       ] GC(850) Pause Young (Concurrent Start) (G1 Humongous Allocation)
[416.612s][info][gc,task        ] GC(850) Using 8 workers of 8 for evacuation
[416.613s][info][gc,phases      ] GC(850)   Pre Evacuate Collection Set: 0.1ms
[416.613s][info][gc,phases      ] GC(850)   Merge Heap Roots: 0.0ms
[416.613s][info][gc,phases      ] GC(850)   Evacuate Collection Set: 0.7ms
[416.613s][info][gc,phases      ] GC(850)   Post Evacuate Collection Set: 0.2ms
[416.613s][info][gc,phases      ] GC(850)   Other: 0.2ms
[416.613s][info][gc,heap        ] GC(850) Eden regions: 0->0(25)
[416.613s][info][gc,heap        ] GC(850) Survivor regions: 0->0(3)
[416.613s][info][gc,heap        ] GC(850) Old regions: 496->496
[416.613s][info][gc,heap        ] GC(850) Archive regions: 2->2
[416.613s][info][gc,heap        ] GC(850) Humongous regions: 11->11
[416.613s][info][gc,metaspace   ] GC(850) Metaspace: 48651K(50128K)->48651K(50128K) NonClass: 42818K(43856K)->42818K(43856K) Class: 5833K(6272K)->5833K(6272K)
[416.613s][info][gc             ] GC(850) Pause Young (Concurrent Start) (G1 Humongous Allocation) 506M->506M(512M) 1.255ms
[416.614s][info][gc,cpu         ] GC(850) User=0.00s Sys=0.00s Real=0.00s
[416.614s][info][gc             ] GC(851) Concurrent Cycle
[416.614s][info][gc,marking     ] GC(851) Concurrent Clear Claimed Marks
[416.614s][info][gc,marking     ] GC(851) Concurrent Clear Claimed Marks 0.027ms
[416.614s][info][gc,marking     ] GC(851) Concurrent Scan Root Regions
[416.614s][info][gc,marking     ] GC(851) Concurrent Scan Root Regions 0.008ms
[416.614s][info][gc,marking     ] GC(851) Concurrent Mark (416.614s)
[416.614s][info][gc,marking     ] GC(851) Concurrent Mark From Roots
[416.614s][info][gc,task        ] GC(851) Using 2 workers of 2 for marking
[416.615s][info][gc,start       ] GC(852) Pause Young (Normal) (G1 Humongous Allocation)
[416.615s][info][gc,task        ] GC(852) Using 8 workers of 8 for evacuation
[416.615s][info][gc,phases      ] GC(852)   Pre Evacuate Collection Set: 0.1ms
[416.615s][info][gc,phases      ] GC(852)   Merge Heap Roots: 0.0ms
[416.615s][info][gc,phases      ] GC(852)   Evacuate Collection Set: 0.2ms
[416.615s][info][gc,phases      ] GC(852)   Post Evacuate Collection Set: 0.1ms
[416.615s][info][gc,phases      ] GC(852)   Other: 0.1ms
[416.615s][info][gc,heap        ] GC(852) Eden regions: 1->0(24)
[416.615s][info][gc,heap        ] GC(852) Survivor regions: 0->1(2)
[416.615s][info][gc,heap        ] GC(852) Old regions: 496->496
[416.615s][info][gc,heap        ] GC(852) Archive regions: 2->2
[416.615s][info][gc,heap        ] GC(852) Humongous regions: 11->11
[416.615s][info][gc,metaspace   ] GC(852) Metaspace: 48651K(50128K)->48651K(50128K) NonClass: 42818K(43856K)->42818K(43856K) Class: 5833K(6272K)->5833K(6272K)
[416.615s][info][gc             ] GC(852) Pause Young (Normal) (G1 Humongous Allocation) 506M->506M(512M) 0.610ms
[416.615s][info][gc,cpu         ] GC(852) User=0.00s Sys=0.00s Real=0.00s
[416.615s][info][gc,task        ] GC(853) Using 8 workers of 8 for full compaction
[416.615s][info][gc,start       ] GC(853) Pause Full (G1 Humongous Allocation)
[416.616s][info][gc,phases,start] GC(853) Phase 1: Mark live objects
[416.916s][info][gc,phases      ] GC(853) Phase 1: Mark live objects 300.509ms
[416.916s][info][gc,phases,start] GC(853) Phase 2: Prepare for compaction
[416.953s][info][gc,phases      ] GC(853) Phase 2: Prepare for compaction 36.113ms
[416.953s][info][gc,phases,start] GC(853) Phase 3: Adjust pointers
[417.031s][info][gc,phases      ] GC(853) Phase 3: Adjust pointers 77.901ms
[417.031s][info][gc,phases,start] GC(853) Phase 4: Compact heap
[417.065s][info][gc,phases      ] GC(853) Phase 4: Compact heap 34.200ms
[417.069s][info][gc,heap        ] GC(853) Eden regions: 0->0(25)
[417.069s][info][gc,heap        ] GC(853) Survivor regions: 1->0(2)
[417.069s][info][gc,heap        ] GC(853) Old regions: 496->496
[417.069s][info][gc,heap        ] GC(853) Archive regions: 2->2
[417.069s][info][gc,heap        ] GC(853) Humongous regions: 11->11
[417.069s][info][gc,metaspace   ] GC(853) Metaspace: 48651K(50128K)->48651K(50128K) NonClass: 42818K(43856K)->42818K(43856K) Class: 5833K(6272K)->5833K(6272K)
[417.069s][info][gc             ] GC(853) Pause Full (G1 Humongous Allocation) 506M->506M(512M) 453.814ms
[417.072s][info][gc,cpu         ] GC(853) User=2.53s Sys=0.06s Real=0.46s
[417.072s][info][gc,task        ] GC(854) Using 8 workers of 8 for full compaction
[417.072s][info][gc,start       ] GC(854) Pause Full (G1 Humongous Allocation)
[417.072s][info][gc,phases,start] GC(854) Phase 1: Mark live objects
[417.363s][info][gc,phases      ] GC(854) Phase 1: Mark live objects 291.036ms
[417.363s][info][gc,phases,start] GC(854) Phase 2: Prepare for compaction
[417.396s][info][gc,phases      ] GC(854) Phase 2: Prepare for compaction 33.459ms
[417.396s][info][gc,phases,start] GC(854) Phase 3: Adjust pointers
[417.478s][info][gc,phases      ] GC(854) Phase 3: Adjust pointers 81.979ms
[417.478s][info][gc,phases,start] GC(854) Phase 4: Compact heap
[417.508s][info][gc,phases      ] GC(854) Phase 4: Compact heap 29.393ms
[417.511s][info][gc,heap        ] GC(854) Eden regions: 0->0(25)
[417.511s][info][gc,heap        ] GC(854) Survivor regions: 0->0(2)
[417.511s][info][gc,heap        ] GC(854) Old regions: 496->496
[417.511s][info][gc,heap        ] GC(854) Archive regions: 2->2
[417.511s][info][gc,heap        ] GC(854) Humongous regions: 11->11
[417.511s][info][gc,metaspace   ] GC(854) Metaspace: 48651K(50128K)->48651K(50128K) NonClass: 42818K(43856K)->42818K(43856K) Class: 5833K(6272K)->5833K(6272K)
[417.511s][info][gc             ] GC(854) Pause Full (G1 Humongous Allocation) 506M->506M(512M) 439.794ms
[417.514s][info][gc,cpu         ] GC(854) User=2.50s Sys=0.06s Real=0.44s
[417.514s][info][gc,marking     ] GC(851) Concurrent Mark From Roots 900.234ms
[417.514s][info][gc,marking     ] GC(851) Concurrent Mark Abort
[417.514s][info][gc             ] GC(851) Concurrent Cycle 900.351ms
[417.515s][info][gc,start       ] GC(855) Pause Young (Normal) (G1 Humongous Allocation)
[417.515s][info][gc,task        ] GC(855) Using 8 workers of 8 for evacuation
[417.516s][info][gc,phases      ] GC(855)   Pre Evacuate Collection Set: 0.1ms
[417.516s][info][gc,phases      ] GC(855)   Merge Heap Roots: 0.0ms
[417.516s][info][gc,phases      ] GC(855)   Evacuate Collection Set: 0.6ms
[417.516s][info][gc,phases      ] GC(855)   Post Evacuate Collection Set: 0.2ms
[417.516s][info][gc,phases      ] GC(855)   Other: 0.1ms
[417.516s][info][gc,heap        ] GC(855) Eden regions: 1->0(24)
[417.516s][info][gc,heap        ] GC(855) Survivor regions: 0->1(2)
[417.516s][info][gc,heap        ] GC(855) Old regions: 496->496
[417.516s][info][gc,heap        ] GC(855) Archive regions: 2->2
[417.516s][info][gc,heap        ] GC(855) Humongous regions: 11->11
[417.516s][info][gc,metaspace   ] GC(855) Metaspace: 48651K(50128K)->48651K(50128K) NonClass: 42818K(43856K)->42818K(43856K) Class: 5833K(6272K)->5833K(6272K)
[417.516s][info][gc             ] GC(855) Pause Young (Normal) (G1 Humongous Allocation) 506M->506M(512M) 1.175ms
[417.516s][info][gc,cpu         ] GC(855) User=0.00s Sys=0.01s Real=0.01s
[417.516s][info][gc,task        ] GC(856) Using 8 workers of 8 for full compaction
[417.516s][info][gc,start       ] GC(856) Pause Full (G1 Humongous Allocation)
[417.516s][info][gc,phases,start] GC(856) Phase 1: Mark live objects
[417.811s][info][gc,phases      ] GC(856) Phase 1: Mark live objects 294.907ms
[417.811s][info][gc,phases,start] GC(856) Phase 2: Prepare for compaction
[417.852s][info][gc,phases      ] GC(856) Phase 2: Prepare for compaction 40.939ms
[417.852s][info][gc,phases,start] GC(856) Phase 3: Adjust pointers
[417.929s][info][gc,phases      ] GC(856) Phase 3: Adjust pointers 76.654ms
[417.929s][info][gc,phases,start] GC(856) Phase 4: Compact heap
[417.960s][info][gc,phases      ] GC(856) Phase 4: Compact heap 30.920ms
[417.963s][info][gc,heap        ] GC(856) Eden regions: 0->0(25)
[417.963s][info][gc,heap        ] GC(856) Survivor regions: 1->0(2)
[417.963s][info][gc,heap        ] GC(856) Old regions: 496->496
[417.963s][info][gc,heap        ] GC(856) Archive regions: 2->2
[417.963s][info][gc,heap        ] GC(856) Humongous regions: 11->11
[417.963s][info][gc,metaspace   ] GC(856) Metaspace: 48651K(50128K)->48651K(50128K) NonClass: 42818K(43856K)->42818K(43856K) Class: 5833K(6272K)->5833K(6272K)
[417.963s][info][gc             ] GC(856) Pause Full (G1 Humongous Allocation) 506M->506M(512M) 447.032ms
[417.965s][info][gc,cpu         ] GC(856) User=2.52s Sys=0.05s Real=0.44s
[417.965s][info][gc,task        ] GC(857) Using 8 workers of 8 for full compaction
[417.965s][info][gc,start       ] GC(857) Pause Full (G1 Humongous Allocation)
[417.965s][info][gc,phases,start] GC(857) Phase 1: Mark live objects
[418.267s][info][gc,phases      ] GC(857) Phase 1: Mark live objects 301.935ms
[418.267s][info][gc,phases,start] GC(857) Phase 2: Prepare for compaction
[418.298s][info][gc,phases      ] GC(857) Phase 2: Prepare for compaction 31.303ms
[418.298s][info][gc,phases,start] GC(857) Phase 3: Adjust pointers
[418.382s][info][gc,phases      ] GC(857) Phase 3: Adjust pointers 83.560ms
[418.382s][info][gc,phases,start] GC(857) Phase 4: Compact heap
[418.413s][info][gc,phases      ] GC(857) Phase 4: Compact heap 31.681ms
[418.417s][info][gc,heap        ] GC(857) Eden regions: 0->0(25)
[418.417s][info][gc,heap        ] GC(857) Survivor regions: 0->0(2)
[418.417s][info][gc,heap        ] GC(857) Old regions: 496->496
[418.417s][info][gc,heap        ] GC(857) Archive regions: 2->2
[418.417s][info][gc,heap        ] GC(857) Humongous regions: 11->11
[418.417s][info][gc,metaspace   ] GC(857) Metaspace: 48651K(50128K)->48651K(50128K) NonClass: 42818K(43856K)->42818K(43856K) Class: 5833K(6272K)->5833K(6272K)
[418.417s][info][gc             ] GC(857) Pause Full (G1 Humongous Allocation) 506M->506M(512M) 452.295ms
[418.419s][info][gc,cpu         ] GC(857) User=2.49s Sys=0.06s Real=0.46s
[418.421s][info][gc,start       ] GC(858) Pause Young (Concurrent Start) (G1 Humongous Allocation)
[418.421s][info][gc,task        ] GC(858) Using 8 workers of 8 for evacuation
[418.422s][info][gc,phases      ] GC(858)   Pre Evacuate Collection Set: 0.1ms
[418.422s][info][gc,phases      ] GC(858)   Merge Heap Roots: 0.0ms
[418.422s][info][gc,phases      ] GC(858)   Evacuate Collection Set: 0.9ms
[418.422s][info][gc,phases      ] GC(858)   Post Evacuate Collection Set: 0.3ms
[418.422s][info][gc,phases      ] GC(858)   Other: 0.2ms
[418.422s][info][gc,heap        ] GC(858) Eden regions: 1->0(24)
[418.422s][info][gc,heap        ] GC(858) Survivor regions: 0->1(2)
[418.422s][info][gc,heap        ] GC(858) Old regions: 496->496
[418.422s][info][gc,heap        ] GC(858) Archive regions: 2->2
[418.422s][info][gc,heap        ] GC(858) Humongous regions: 11->11
[418.422s][info][gc,metaspace   ] GC(858) Metaspace: 48651K(50128K)->48651K(50128K) NonClass: 42818K(43856K)->42818K(43856K) Class: 5833K(6272K)->5833K(6272K)
[418.422s][info][gc             ] GC(858) Pause Young (Concurrent Start) (G1 Humongous Allocation) 506M->506M(512M) 1.671ms
[418.422s][info][gc,cpu         ] GC(858) User=0.00s Sys=0.01s Real=0.00s
[418.422s][info][gc             ] GC(860) Concurrent Cycle
[418.422s][info][gc,task        ] GC(859) Using 8 workers of 8 for full compaction
[418.422s][info][gc,marking     ] GC(860) Concurrent Clear Claimed Marks
[418.422s][info][gc,start       ] GC(859) Pause Full (G1 Humongous Allocation)
[418.422s][info][gc,marking     ] GC(860) Concurrent Clear Claimed Marks 0.050ms
[418.422s][info][gc,marking     ] GC(860) Concurrent Scan Root Regions
[418.423s][info][gc,marking     ] GC(860) Concurrent Scan Root Regions 0.034ms
[418.423s][info][gc,marking     ] GC(860) Concurrent Mark (418.423s)
[418.423s][info][gc,marking     ] GC(860) Concurrent Mark From Roots
[418.423s][info][gc,task        ] GC(860) Using 2 workers of 2 for marking
[418.423s][info][gc,phases,start] GC(859) Phase 1: Mark live objects
[418.716s][info][gc,phases      ] GC(859) Phase 1: Mark live objects 292.479ms
[418.716s][info][gc,phases,start] GC(859) Phase 2: Prepare for compaction
[418.754s][info][gc,phases      ] GC(859) Phase 2: Prepare for compaction 38.144ms
[418.754s][info][gc,phases,start] GC(859) Phase 3: Adjust pointers
[418.843s][info][gc,phases      ] GC(859) Phase 3: Adjust pointers 88.574ms
[418.843s][info][gc,phases,start] GC(859) Phase 4: Compact heap
[418.873s][info][gc,phases      ] GC(859) Phase 4: Compact heap 30.402ms
[418.877s][info][gc,heap        ] GC(859) Eden regions: 0->0(25)
[418.877s][info][gc,heap        ] GC(859) Survivor regions: 1->0(2)
[418.877s][info][gc,heap        ] GC(859) Old regions: 496->496
[418.877s][info][gc,heap        ] GC(859) Archive regions: 2->2
[418.877s][info][gc,heap        ] GC(859) Humongous regions: 11->11
[418.877s][info][gc,metaspace   ] GC(859) Metaspace: 48651K(50128K)->48651K(50128K) NonClass: 42818K(43856K)->42818K(43856K) Class: 5833K(6272K)->5833K(6272K)
[418.877s][info][gc             ] GC(859) Pause Full (G1 Humongous Allocation) 506M->506M(512M) 454.843ms
[418.879s][info][gc,cpu         ] GC(859) User=2.50s Sys=0.05s Real=0.46s
[418.879s][info][gc,task        ] GC(861) Using 8 workers of 8 for full compaction
[418.879s][info][gc,start       ] GC(861) Pause Full (G1 Humongous Allocation)
[418.879s][info][gc,phases,start] GC(861) Phase 1: Mark live objects
[419.179s][info][gc,phases      ] GC(861) Phase 1: Mark live objects 300.264ms
[419.179s][info][gc,phases,start] GC(861) Phase 2: Prepare for compaction
[419.213s][info][gc,phases      ] GC(861) Phase 2: Prepare for compaction 33.920ms
[419.213s][info][gc,phases,start] GC(861) Phase 3: Adjust pointers
[419.296s][info][gc,phases      ] GC(861) Phase 3: Adjust pointers 82.833ms
[419.296s][info][gc,phases,start] GC(861) Phase 4: Compact heap
[419.330s][info][gc,phases      ] GC(861) Phase 4: Compact heap 33.363ms
[419.333s][info][gc,heap        ] GC(861) Eden regions: 0->0(25)
[419.333s][info][gc,heap        ] GC(861) Survivor regions: 0->0(2)
[419.333s][info][gc,heap        ] GC(861) Old regions: 496->496
[419.333s][info][gc,heap        ] GC(861) Archive regions: 2->2
[419.333s][info][gc,heap        ] GC(861) Humongous regions: 11->11
[419.333s][info][gc,metaspace   ] GC(861) Metaspace: 48651K(50128K)->48651K(50128K) NonClass: 42818K(43856K)->42818K(43856K) Class: 5833K(6272K)->5833K(6272K)
[419.333s][info][gc             ] GC(861) Pause Full (G1 Humongous Allocation) 506M->506M(512M) 453.946ms
[419.334s][info][gc,cpu         ] GC(861) User=2.51s Sys=0.08s Real=0.45s
[419.335s][info][gc,marking     ] GC(860) Concurrent Mark From Roots 911.964ms
[419.336s][info][gc,marking     ] GC(860) Concurrent Mark Abort
[419.336s][info][gc             ] GC(860) Concurrent Cycle 913.250ms
[419.336s][info][gc,start       ] GC(862) Pause Young (Normal) (G1 Humongous Allocation)
[419.336s][info][gc,task        ] GC(862) Using 8 workers of 8 for evacuation
[419.336s][info][gc,phases      ] GC(862)   Pre Evacuate Collection Set: 0.1ms
[419.337s][info][gc,phases      ] GC(862)   Merge Heap Roots: 0.0ms
[419.337s][info][gc,phases      ] GC(862)   Evacuate Collection Set: 0.2ms
[419.337s][info][gc,phases      ] GC(862)   Post Evacuate Collection Set: 0.3ms
[419.337s][info][gc,phases      ] GC(862)   Other: 0.1ms
[419.337s][info][gc,heap        ] GC(862) Eden regions: 1->0(24)
[419.337s][info][gc,heap        ] GC(862) Survivor regions: 0->1(2)
[419.337s][info][gc,heap        ] GC(862) Old regions: 496->496
[419.337s][info][gc,heap        ] GC(862) Archive regions: 2->2
[419.337s][info][gc,heap        ] GC(862) Humongous regions: 11->11
[419.337s][info][gc,metaspace   ] GC(862) Metaspace: 48651K(50128K)->48651K(50128K) NonClass: 42818K(43856K)->42818K(43856K) Class: 5833K(6272K)->5833K(6272K)
[419.337s][info][gc             ] GC(862) Pause Young (Normal) (G1 Humongous Allocation) 506M->506M(512M) 0.980ms
[419.337s][info][gc,cpu         ] GC(862) User=0.00s Sys=0.01s Real=0.00s
[419.337s][info][gc,task        ] GC(863) Using 8 workers of 8 for full compaction
[419.337s][info][gc,start       ] GC(863) Pause Full (G1 Humongous Allocation)
[419.337s][info][gc,phases,start] GC(863) Phase 1: Mark live objects
[419.637s][info][gc,phases      ] GC(863) Phase 1: Mark live objects 299.680ms
[419.637s][info][gc,phases,start] GC(863) Phase 2: Prepare for compaction
[419.687s][info][gc,phases      ] GC(863) Phase 2: Prepare for compaction 50.556ms
[419.687s][info][gc,phases,start] GC(863) Phase 3: Adjust pointers
[419.851s][info][gc,phases      ] GC(863) Phase 3: Adjust pointers 163.990ms
[419.851s][info][gc,phases,start] GC(863) Phase 4: Compact heap
[419.893s][info][gc,phases      ] GC(863) Phase 4: Compact heap 42.115ms
[419.898s][info][gc,heap        ] GC(863) Eden regions: 0->0(25)
[419.898s][info][gc,heap        ] GC(863) Survivor regions: 1->0(2)
[419.898s][info][gc,heap        ] GC(863) Old regions: 496->496
[419.898s][info][gc,heap        ] GC(863) Archive regions: 2->2
[419.898s][info][gc,heap        ] GC(863) Humongous regions: 11->11
[419.898s][info][gc,metaspace   ] GC(863) Metaspace: 48651K(50128K)->48651K(50128K) NonClass: 42818K(43856K)->42818K(43856K) Class: 5833K(6272K)->5833K(6272K)
[419.898s][info][gc             ] GC(863) Pause Full (G1 Humongous Allocation) 506M->506M(512M) 560.939ms
[419.900s][info][gc,cpu         ] GC(863) User=2.48s Sys=0.06s Real=0.56s
[419.900s][info][gc,task        ] GC(864) Using 8 workers of 8 for full compaction
[419.900s][info][gc,start       ] GC(864) Pause Full (G1 Humongous Allocation)
[419.900s][info][gc,phases,start] GC(864) Phase 1: Mark live objects
[420.200s][info][gc,phases      ] GC(864) Phase 1: Mark live objects 300.579ms
[420.200s][info][gc,phases,start] GC(864) Phase 2: Prepare for compaction
[420.235s][info][gc,phases      ] GC(864) Phase 2: Prepare for compaction 34.624ms
[420.235s][info][gc,phases,start] GC(864) Phase 3: Adjust pointers
[420.321s][info][gc,phases      ] GC(864) Phase 3: Adjust pointers 85.934ms
[420.321s][info][gc,phases,start] GC(864) Phase 4: Compact heap
[420.349s][info][gc,phases      ] GC(864) Phase 4: Compact heap 28.437ms
[420.354s][info][gc,heap        ] GC(864) Eden regions: 0->0(25)
[420.354s][info][gc,heap        ] GC(864) Survivor regions: 0->0(2)
[420.354s][info][gc,heap        ] GC(864) Old regions: 496->496
[420.354s][info][gc,heap        ] GC(864) Archive regions: 2->2
[420.354s][info][gc,heap        ] GC(864) Humongous regions: 11->11
[420.354s][info][gc,metaspace   ] GC(864) Metaspace: 48651K(50128K)->48651K(50128K) NonClass: 42818K(43856K)->42818K(43856K) Class: 5833K(6272K)->5833K(6272K)
[420.354s][info][gc             ] GC(864) Pause Full (G1 Humongous Allocation) 506M->506M(512M) 454.307ms
[420.356s][info][gc,cpu         ] GC(864) User=2.54s Sys=0.05s Real=0.46s
[420.358s][info][gc,start       ] GC(865) Pause Young (Concurrent Start) (G1 Humongous Allocation)
[420.358s][info][gc,task        ] GC(865) Using 8 workers of 8 for evacuation
[420.360s][info][gc,phases      ] GC(865)   Pre Evacuate Collection Set: 0.2ms
[420.360s][info][gc,phases      ] GC(865)   Merge Heap Roots: 0.1ms
[420.360s][info][gc,phases      ] GC(865)   Evacuate Collection Set: 0.9ms
[420.360s][info][gc,phases      ] GC(865)   Post Evacuate Collection Set: 0.4ms
[420.360s][info][gc,phases      ] GC(865)   Other: 0.3ms
[420.360s][info][gc,heap        ] GC(865) Eden regions: 0->0(25)
[420.360s][info][gc,heap        ] GC(865) Survivor regions: 0->0(3)
[420.360s][info][gc,heap        ] GC(865) Old regions: 496->496
[420.360s][info][gc,heap        ] GC(865) Archive regions: 2->2
[420.360s][info][gc,heap        ] GC(865) Humongous regions: 11->11
[420.360s][info][gc,metaspace   ] GC(865) Metaspace: 48651K(50128K)->48651K(50128K) NonClass: 42818K(43856K)->42818K(43856K) Class: 5833K(6272K)->5833K(6272K)
[420.360s][info][gc             ] GC(865) Pause Young (Concurrent Start) (G1 Humongous Allocation) 506M->506M(512M) 1.897ms
[420.360s][info][gc,cpu         ] GC(865) User=0.00s Sys=0.00s Real=0.00s
[420.360s][info][gc             ] GC(866) Concurrent Cycle
[420.360s][info][gc,marking     ] GC(866) Concurrent Clear Claimed Marks
[420.360s][info][gc,marking     ] GC(866) Concurrent Clear Claimed Marks 0.051ms
[420.360s][info][gc,marking     ] GC(866) Concurrent Scan Root Regions
[420.360s][info][gc,marking     ] GC(866) Concurrent Scan Root Regions 0.007ms
[420.360s][info][gc,marking     ] GC(866) Concurrent Mark (420.360s)
[420.360s][info][gc,marking     ] GC(866) Concurrent Mark From Roots
[420.360s][info][gc,task        ] GC(866) Using 2 workers of 2 for marking
[420.366s][info][gc,start       ] GC(867) Pause Young (Normal) (G1 Humongous Allocation)
[420.366s][info][gc,task        ] GC(867) Using 8 workers of 8 for evacuation
[420.367s][info][gc,phases      ] GC(867)   Pre Evacuate Collection Set: 0.1ms
[420.367s][info][gc,phases      ] GC(867)   Merge Heap Roots: 0.1ms
[420.367s][info][gc,phases      ] GC(867)   Evacuate Collection Set: 0.7ms
[420.367s][info][gc,phases      ] GC(867)   Post Evacuate Collection Set: 0.4ms
[420.367s][info][gc,phases      ] GC(867)   Other: 0.2ms
[420.367s][info][gc,heap        ] GC(867) Eden regions: 1->0(24)
[420.367s][info][gc,heap        ] GC(867) Survivor regions: 0->1(2)
[420.367s][info][gc,heap        ] GC(867) Old regions: 496->496
[420.367s][info][gc,heap        ] GC(867) Archive regions: 2->2
[420.367s][info][gc,heap        ] GC(867) Humongous regions: 11->11
[420.367s][info][gc,metaspace   ] GC(867) Metaspace: 48671K(50128K)->48671K(50128K) NonClass: 42835K(43856K)->42835K(43856K) Class: 5836K(6272K)->5836K(6272K)
[420.367s][info][gc             ] GC(867) Pause Young (Normal) (G1 Humongous Allocation) 507M->506M(512M) 1.678ms
[420.367s][info][gc,cpu         ] GC(867) User=0.00s Sys=0.00s Real=0.01s
[420.367s][info][gc,task        ] GC(868) Using 8 workers of 8 for full compaction
[420.367s][info][gc,start       ] GC(868) Pause Full (G1 Humongous Allocation)
[420.368s][info][gc,phases,start] GC(868) Phase 1: Mark live objects
[420.683s][info][gc,phases      ] GC(868) Phase 1: Mark live objects 315.104ms
[420.683s][info][gc,phases,start] GC(868) Phase 2: Prepare for compaction
[420.728s][info][gc,phases      ] GC(868) Phase 2: Prepare for compaction 44.605ms
[420.728s][info][gc,phases,start] GC(868) Phase 3: Adjust pointers
[420.822s][info][gc,phases      ] GC(868) Phase 3: Adjust pointers 93.756ms
[420.822s][info][gc,phases,start] GC(868) Phase 4: Compact heap
[420.879s][info][gc,phases      ] GC(868) Phase 4: Compact heap 57.232ms
[420.883s][info][gc,heap        ] GC(868) Eden regions: 0->0(25)
[420.883s][info][gc,heap        ] GC(868) Survivor regions: 1->0(2)
[420.883s][info][gc,heap        ] GC(868) Old regions: 496->497
[420.883s][info][gc,heap        ] GC(868) Archive regions: 2->2
[420.883s][info][gc,heap        ] GC(868) Humongous regions: 11->11
[420.883s][info][gc,metaspace   ] GC(868) Metaspace: 48671K(50128K)->48633K(50128K) NonClass: 42835K(43856K)->42802K(43856K) Class: 5836K(6272K)->5830K(6272K)
[420.883s][info][gc             ] GC(868) Pause Full (G1 Humongous Allocation) 506M->506M(512M) 515.741ms
[420.885s][info][gc,cpu         ] GC(868) User=2.63s Sys=0.06s Real=0.51s
[420.885s][info][gc,task        ] GC(869) Using 8 workers of 8 for full compaction
[420.885s][info][gc,start       ] GC(869) Pause Full (G1 Humongous Allocation)
[420.885s][info][gc,phases,start] GC(869) Phase 1: Mark live objects
[421.191s][info][gc,phases      ] GC(869) Phase 1: Mark live objects 305.939ms
[421.191s][info][gc,phases,start] GC(869) Phase 2: Prepare for compaction
[421.228s][info][gc,phases      ] GC(869) Phase 2: Prepare for compaction 37.211ms
[421.228s][info][gc,phases,start] GC(869) Phase 3: Adjust pointers
[421.314s][info][gc,phases      ] GC(869) Phase 3: Adjust pointers 85.686ms
[421.314s][info][gc,phases,start] GC(869) Phase 4: Compact heap
[421.369s][info][gc,phases      ] GC(869) Phase 4: Compact heap 54.698ms
[421.376s][info][gc,heap        ] GC(869) Eden regions: 0->0(25)
[421.376s][info][gc,heap        ] GC(869) Survivor regions: 0->0(2)
[421.376s][info][gc,heap        ] GC(869) Old regions: 497->496
[421.376s][info][gc,heap        ] GC(869) Archive regions: 2->2
[421.376s][info][gc,heap        ] GC(869) Humongous regions: 11->11
[421.376s][info][gc,metaspace   ] GC(869) Metaspace: 48633K(50128K)->48599K(50128K) NonClass: 42802K(43856K)->42773K(43856K) Class: 5830K(6272K)->5825K(6272K)
[421.376s][info][gc             ] GC(869) Pause Full (G1 Humongous Allocation) 506M->506M(512M) 491.546ms
[421.378s][info][gc,cpu         ] GC(869) User=2.59s Sys=0.05s Real=0.50s
[421.379s][info][gc,marking     ] GC(866) Concurrent Mark From Roots 1019.127ms
[421.379s][info][gc,marking     ] GC(866) Concurrent Mark Abort
[421.379s][info][gc             ] GC(866) Concurrent Cycle 1019.290ms
[421.387s][info][gc,start       ] GC(870) Pause Young (Concurrent Start) (G1 Humongous Allocation)
[421.387s][info][gc,task        ] GC(870) Using 8 workers of 8 for evacuation
[421.389s][info][gc,phases      ] GC(870)   Pre Evacuate Collection Set: 0.3ms
[421.389s][info][gc,phases      ] GC(870)   Merge Heap Roots: 0.0ms
[421.389s][info][gc,phases      ] GC(870)   Evacuate Collection Set: 1.2ms
[421.389s][info][gc,phases      ] GC(870)   Post Evacuate Collection Set: 0.4ms
[421.389s][info][gc,phases      ] GC(870)   Other: 0.2ms
[421.389s][info][gc,heap        ] GC(870) Eden regions: 1->0(24)
[421.389s][info][gc,heap        ] GC(870) Survivor regions: 0->1(2)
[421.389s][info][gc,heap        ] GC(870) Old regions: 496->496
[421.389s][info][gc,heap        ] GC(870) Archive regions: 2->2
[421.389s][info][gc,heap        ] GC(870) Humongous regions: 11->11
[421.389s][info][gc,metaspace   ] GC(870) Metaspace: 48599K(50128K)->48599K(50128K) NonClass: 42773K(43856K)->42773K(43856K) Class: 5825K(6272K)->5825K(6272K)
[421.389s][info][gc             ] GC(870) Pause Young (Concurrent Start) (G1 Humongous Allocation) 506M->506M(512M) 2.236ms
[421.389s][info][gc,cpu         ] GC(870) User=0.00s Sys=0.00s Real=0.00s
[421.389s][info][gc             ] GC(871) Concurrent Cycle
[421.389s][info][gc,marking     ] GC(871) Concurrent Clear Claimed Marks
[421.389s][info][gc,marking     ] GC(871) Concurrent Clear Claimed Marks 0.064ms
[421.389s][info][gc,marking     ] GC(871) Concurrent Scan Root Regions
[421.390s][info][gc,marking     ] GC(871) Concurrent Scan Root Regions 0.838ms
[421.390s][info][gc,marking     ] GC(871) Concurrent Mark (421.390s)
[421.390s][info][gc,marking     ] GC(871) Concurrent Mark From Roots
[421.390s][info][gc,task        ] GC(871) Using 2 workers of 2 for marking
[421.390s][info][gc,start       ] GC(872) Pause Young (Normal) (G1 Humongous Allocation)
[421.390s][info][gc,task        ] GC(872) Using 8 workers of 8 for evacuation
[421.392s][info][gc,phases      ] GC(872)   Pre Evacuate Collection Set: 0.1ms
[421.392s][info][gc,phases      ] GC(872)   Merge Heap Roots: 0.1ms
[421.392s][info][gc,phases      ] GC(872)   Evacuate Collection Set: 0.5ms
[421.392s][info][gc,phases      ] GC(872)   Post Evacuate Collection Set: 0.3ms
[421.392s][info][gc,phases      ] GC(872)   Other: 0.2ms
[421.392s][info][gc,heap        ] GC(872) Eden regions: 0->0(24)
[421.392s][info][gc,heap        ] GC(872) Survivor regions: 1->1(2)
[421.392s][info][gc,heap        ] GC(872) Old regions: 496->496
[421.392s][info][gc,heap        ] GC(872) Archive regions: 2->2
[421.392s][info][gc,heap        ] GC(872) Humongous regions: 11->11
[421.392s][info][gc,metaspace   ] GC(872) Metaspace: 48599K(50128K)->48599K(50128K) NonClass: 42773K(43856K)->42773K(43856K) Class: 5825K(6272K)->5825K(6272K)
[421.392s][info][gc             ] GC(872) Pause Young (Normal) (G1 Humongous Allocation) 506M->506M(512M) 1.306ms
[421.392s][info][gc,cpu         ] GC(872) User=0.01s Sys=0.00s Real=0.00s
[421.392s][info][gc,task        ] GC(873) Using 8 workers of 8 for full compaction
[421.392s][info][gc,start       ] GC(873) Pause Full (G1 Humongous Allocation)
[421.393s][info][gc,phases,start] GC(873) Phase 1: Mark live objects
[421.760s][info][gc,phases      ] GC(873) Phase 1: Mark live objects 366.797ms
[421.760s][info][gc,phases,start] GC(873) Phase 2: Prepare for compaction
[421.807s][info][gc,phases      ] GC(873) Phase 2: Prepare for compaction 46.658ms
[421.807s][info][gc,phases,start] GC(873) Phase 3: Adjust pointers
[421.926s][info][gc,phases      ] GC(873) Phase 3: Adjust pointers 119.602ms
[421.926s][info][gc,phases,start] GC(873) Phase 4: Compact heap
[421.981s][info][gc,phases      ] GC(873) Phase 4: Compact heap 54.388ms
[421.984s][info][gc,heap        ] GC(873) Eden regions: 0->0(25)
[421.984s][info][gc,heap        ] GC(873) Survivor regions: 1->0(2)
[421.984s][info][gc,heap        ] GC(873) Old regions: 496->496
[421.984s][info][gc,heap        ] GC(873) Archive regions: 2->2
[421.984s][info][gc,heap        ] GC(873) Humongous regions: 11->11
[421.984s][info][gc,metaspace   ] GC(873) Metaspace: 48599K(50128K)->48599K(50128K) NonClass: 42773K(43856K)->42773K(43856K) Class: 5825K(6272K)->5825K(6272K)
[421.984s][info][gc             ] GC(873) Pause Full (G1 Humongous Allocation) 506M->504M(512M) 592.226ms
[421.985s][info][gc,cpu         ] GC(873) User=2.67s Sys=0.04s Real=0.59s
[421.985s][info][gc,task        ] GC(874) Using 8 workers of 8 for full compaction
[421.985s][info][gc,start       ] GC(874) Pause Full (G1 Humongous Allocation)
[421.985s][info][gc,phases,start] GC(874) Phase 1: Mark live objects
[422.263s][info][gc,phases      ] GC(874) Phase 1: Mark live objects 278.387ms
[422.263s][info][gc,phases,start] GC(874) Phase 2: Prepare for compaction
[422.307s][info][gc,phases      ] GC(874) Phase 2: Prepare for compaction 43.136ms
[422.307s][info][gc,phases,start] GC(874) Phase 3: Adjust pointers
[422.399s][info][gc,phases      ] GC(874) Phase 3: Adjust pointers 92.459ms
[422.399s][info][gc,phases,start] GC(874) Phase 4: Compact heap
[422.444s][info][gc,phases      ] GC(874) Phase 4: Compact heap 45.194ms
[422.448s][info][gc,heap        ] GC(874) Eden regions: 0->0(25)
[422.448s][info][gc,heap        ] GC(874) Survivor regions: 0->0(2)
[422.448s][info][gc,heap        ] GC(874) Old regions: 496->495
[422.448s][info][gc,heap        ] GC(874) Archive regions: 2->2
[422.448s][info][gc,heap        ] GC(874) Humongous regions: 11->11
[422.448s][info][gc,metaspace   ] GC(874) Metaspace: 48599K(50128K)->48599K(50128K) NonClass: 42773K(43856K)->42773K(43856K) Class: 5825K(6272K)->5825K(6272K)
[422.448s][info][gc             ] GC(874) Pause Full (G1 Humongous Allocation) 504M->504M(512M) 462.935ms
[422.451s][info][gc,cpu         ] GC(874) User=2.59s Sys=0.05s Real=0.47s
[422.451s][info][gc,marking     ] GC(871) Concurrent Mark From Roots 1061.137ms
[422.451s][info][gc,marking     ] GC(871) Concurrent Mark Abort
[422.451s][info][gc             ] GC(871) Concurrent Cycle 1062.167ms
[422.454s][info][gc,start       ] GC(875) Pause Young (Concurrent Start) (G1 Humongous Allocation)
[422.454s][info][gc,task        ] GC(875) Using 8 workers of 8 for evacuation
[422.455s][info][gc,phases      ] GC(875)   Pre Evacuate Collection Set: 0.2ms
[422.455s][info][gc,phases      ] GC(875)   Merge Heap Roots: 0.0ms
[422.455s][info][gc,phases      ] GC(875)   Evacuate Collection Set: 0.9ms
[422.455s][info][gc,phases      ] GC(875)   Post Evacuate Collection Set: 0.3ms
[422.455s][info][gc,phases      ] GC(875)   Other: 0.3ms
[422.455s][info][gc,heap        ] GC(875) Eden regions: 1->0(24)
[422.455s][info][gc,heap        ] GC(875) Survivor regions: 0->1(3)
[422.455s][info][gc,heap        ] GC(875) Old regions: 495->495
[422.455s][info][gc,heap        ] GC(875) Archive regions: 2->2
[422.456s][info][gc,heap        ] GC(875) Humongous regions: 11->11
[422.456s][info][gc,metaspace   ] GC(875) Metaspace: 48599K(50128K)->48599K(50128K) NonClass: 42773K(43856K)->42773K(43856K) Class: 5825K(6272K)->5825K(6272K)
[422.456s][info][gc             ] GC(875) Pause Young (Concurrent Start) (G1 Humongous Allocation) 504M->504M(512M) 1.767ms
[422.456s][info][gc,cpu         ] GC(875) User=0.01s Sys=0.00s Real=0.00s
[422.456s][info][gc             ] GC(876) Concurrent Cycle
[422.456s][info][gc,marking     ] GC(876) Concurrent Clear Claimed Marks
[422.456s][info][gc,marking     ] GC(876) Concurrent Clear Claimed Marks 0.047ms
[422.456s][info][gc,marking     ] GC(876) Concurrent Scan Root Regions
[422.456s][info][gc,marking     ] GC(876) Concurrent Scan Root Regions 0.699ms
[422.456s][info][gc,marking     ] GC(876) Concurrent Mark (422.456s)
[422.456s][info][gc,marking     ] GC(876) Concurrent Mark From Roots
[422.456s][info][gc,task        ] GC(876) Using 2 workers of 2 for marking
[422.457s][info][gc,start       ] GC(877) Pause Young (Normal) (G1 Humongous Allocation)
[422.457s][info][gc,task        ] GC(877) Using 8 workers of 8 for evacuation
[422.458s][info][gc,phases      ] GC(877)   Pre Evacuate Collection Set: 0.1ms
[422.458s][info][gc,phases      ] GC(877)   Merge Heap Roots: 0.0ms
[422.458s][info][gc,phases      ] GC(877)   Evacuate Collection Set: 0.4ms
[422.458s][info][gc,phases      ] GC(877)   Post Evacuate Collection Set: 0.3ms
[422.458s][info][gc,phases      ] GC(877)   Other: 0.1ms
[422.458s][info][gc,heap        ] GC(877) Eden regions: 1->0(24)
[422.458s][info][gc,heap        ] GC(877) Survivor regions: 1->1(2)
[422.458s][info][gc,heap        ] GC(877) Old regions: 495->495
[422.458s][info][gc,heap        ] GC(877) Archive regions: 2->2
[422.458s][info][gc,heap        ] GC(877) Humongous regions: 11->11
[422.458s][info][gc,metaspace   ] GC(877) Metaspace: 48599K(50128K)->48599K(50128K) NonClass: 42773K(43856K)->42773K(43856K) Class: 5825K(6272K)->5825K(6272K)
[422.458s][info][gc             ] GC(877) Pause Young (Normal) (G1 Humongous Allocation) 504M->504M(512M) 1.089ms
[422.458s][info][gc,cpu         ] GC(877) User=0.00s Sys=0.00s Real=0.00s
[422.458s][info][gc,task        ] GC(878) Using 8 workers of 8 for full compaction
[422.458s][info][gc,start       ] GC(878) Pause Full (G1 Humongous Allocation)
[422.459s][info][gc,phases,start] GC(878) Phase 1: Mark live objects
[422.739s][info][gc,phases      ] GC(878) Phase 1: Mark live objects 280.563ms
[422.739s][info][gc,phases,start] GC(878) Phase 2: Prepare for compaction
[422.781s][info][gc,phases      ] GC(878) Phase 2: Prepare for compaction 41.356ms
[422.781s][info][gc,phases,start] GC(878) Phase 3: Adjust pointers
[422.894s][info][gc,phases      ] GC(878) Phase 3: Adjust pointers 113.375ms
[422.894s][info][gc,phases,start] GC(878) Phase 4: Compact heap
[422.931s][info][gc,phases      ] GC(878) Phase 4: Compact heap 36.824ms
[422.935s][info][gc,heap        ] GC(878) Eden regions: 0->0(25)
[422.935s][info][gc,heap        ] GC(878) Survivor regions: 1->0(2)
[422.935s][info][gc,heap        ] GC(878) Old regions: 495->495
[422.935s][info][gc,heap        ] GC(878) Archive regions: 2->2
[422.935s][info][gc,heap        ] GC(878) Humongous regions: 11->11
[422.935s][info][gc,metaspace   ] GC(878) Metaspace: 48599K(50128K)->48599K(50128K) NonClass: 42773K(43856K)->42773K(43856K) Class: 5825K(6272K)->5825K(6272K)
[422.935s][info][gc             ] GC(878) Pause Full (G1 Humongous Allocation) 504M->504M(512M) 477.411ms
[422.937s][info][gc,cpu         ] GC(878) User=2.57s Sys=0.06s Real=0.48s
[422.937s][info][gc,task        ] GC(879) Using 8 workers of 8 for full compaction
[422.937s][info][gc,start       ] GC(879) Pause Full (G1 Humongous Allocation)
[422.937s][info][gc,phases,start] GC(879) Phase 1: Mark live objects
[423.215s][info][gc,phases      ] GC(879) Phase 1: Mark live objects 278.227ms
[423.215s][info][gc,phases,start] GC(879) Phase 2: Prepare for compaction
[423.252s][info][gc,phases      ] GC(879) Phase 2: Prepare for compaction 37.241ms
[423.252s][info][gc,phases,start] GC(879) Phase 3: Adjust pointers
[423.349s][info][gc,phases      ] GC(879) Phase 3: Adjust pointers 97.137ms
[423.349s][info][gc,phases,start] GC(879) Phase 4: Compact heap
[423.392s][info][gc,phases      ] GC(879) Phase 4: Compact heap 42.672ms
[423.397s][info][gc,heap        ] GC(879) Eden regions: 0->0(25)
[423.397s][info][gc,heap        ] GC(879) Survivor regions: 0->0(2)
[423.397s][info][gc,heap        ] GC(879) Old regions: 495->495
[423.397s][info][gc,heap        ] GC(879) Archive regions: 2->2
[423.397s][info][gc,heap        ] GC(879) Humongous regions: 11->11
[423.397s][info][gc,metaspace   ] GC(879) Metaspace: 48599K(50128K)->48599K(50128K) NonClass: 42773K(43856K)->42773K(43856K) Class: 5825K(6272K)->5825K(6272K)
[423.397s][info][gc             ] GC(879) Pause Full (G1 Humongous Allocation) 504M->504M(512M) 460.156ms
[423.398s][info][gc,cpu         ] GC(879) User=2.57s Sys=0.05s Real=0.46s
[423.398s][info][gc,marking     ] GC(876) Concurrent Mark From Roots 941.887ms
[423.398s][info][gc,marking     ] GC(876) Concurrent Mark Abort
[423.398s][info][gc             ] GC(876) Concurrent Cycle 942.748ms
[423.400s][info][gc,start       ] GC(880) Pause Young (Concurrent Start) (G1 Humongous Allocation)
[423.400s][info][gc,task        ] GC(880) Using 8 workers of 8 for evacuation
[423.402s][info][gc,phases      ] GC(880)   Pre Evacuate Collection Set: 0.1ms
[423.402s][info][gc,phases      ] GC(880)   Merge Heap Roots: 0.0ms
[423.402s][info][gc,phases      ] GC(880)   Evacuate Collection Set: 0.9ms
[423.402s][info][gc,phases      ] GC(880)   Post Evacuate Collection Set: 0.3ms
[423.402s][info][gc,phases      ] GC(880)   Other: 0.2ms
[423.402s][info][gc,heap        ] GC(880) Eden regions: 1->0(24)
[423.402s][info][gc,heap        ] GC(880) Survivor regions: 0->1(3)
[423.402s][info][gc,heap        ] GC(880) Old regions: 495->495
[423.402s][info][gc,heap        ] GC(880) Archive regions: 2->2
[423.402s][info][gc,heap        ] GC(880) Humongous regions: 11->11
[423.402s][info][gc,metaspace   ] GC(880) Metaspace: 48599K(50128K)->48599K(50128K) NonClass: 42773K(43856K)->42773K(43856K) Class: 5825K(6272K)->5825K(6272K)
[423.402s][info][gc             ] GC(880) Pause Young (Concurrent Start) (G1 Humongous Allocation) 504M->504M(512M) 1.627ms
[423.402s][info][gc,cpu         ] GC(880) User=0.01s Sys=0.00s Real=0.00s
[423.402s][info][gc             ] GC(881) Concurrent Cycle
[423.402s][info][gc,marking     ] GC(881) Concurrent Clear Claimed Marks
[423.402s][info][gc,marking     ] GC(881) Concurrent Clear Claimed Marks 0.059ms
[423.402s][info][gc,marking     ] GC(881) Concurrent Scan Root Regions
[423.403s][info][gc,marking     ] GC(881) Concurrent Scan Root Regions 0.840ms
[423.403s][info][gc,marking     ] GC(881) Concurrent Mark (423.403s)
[423.403s][info][gc,marking     ] GC(881) Concurrent Mark From Roots
[423.403s][info][gc,task        ] GC(881) Using 2 workers of 2 for marking
[423.403s][info][gc,start       ] GC(882) Pause Young (Normal) (G1 Humongous Allocation)
[423.403s][info][gc,task        ] GC(882) Using 8 workers of 8 for evacuation
[423.404s][info][gc,phases      ] GC(882)   Pre Evacuate Collection Set: 0.1ms
[423.404s][info][gc,phases      ] GC(882)   Merge Heap Roots: 0.0ms
[423.404s][info][gc,phases      ] GC(882)   Evacuate Collection Set: 0.6ms
[423.404s][info][gc,phases      ] GC(882)   Post Evacuate Collection Set: 0.2ms
[423.404s][info][gc,phases      ] GC(882)   Other: 0.2ms
[423.404s][info][gc,heap        ] GC(882) Eden regions: 0->0(24)
[423.404s][info][gc,heap        ] GC(882) Survivor regions: 1->1(3)
[423.404s][info][gc,heap        ] GC(882) Old regions: 495->495
[423.404s][info][gc,heap        ] GC(882) Archive regions: 2->2
[423.404s][info][gc,heap        ] GC(882) Humongous regions: 11->11
[423.404s][info][gc,metaspace   ] GC(882) Metaspace: 48599K(50128K)->48599K(50128K) NonClass: 42773K(43856K)->42773K(43856K) Class: 5825K(6272K)->5825K(6272K)
[423.404s][info][gc             ] GC(882) Pause Young (Normal) (G1 Humongous Allocation) 504M->504M(512M) 1.185ms
[423.404s][info][gc,cpu         ] GC(882) User=0.00s Sys=0.00s Real=0.00s
[423.405s][info][gc,task        ] GC(883) Using 8 workers of 8 for full compaction
[423.405s][info][gc,start       ] GC(883) Pause Full (G1 Humongous Allocation)
[423.405s][info][gc,phases,start] GC(883) Phase 1: Mark live objects
[423.695s][info][gc,phases      ] GC(883) Phase 1: Mark live objects 290.125ms
[423.695s][info][gc,phases,start] GC(883) Phase 2: Prepare for compaction
[423.731s][info][gc,phases      ] GC(883) Phase 2: Prepare for compaction 35.229ms
[423.731s][info][gc,phases,start] GC(883) Phase 3: Adjust pointers
[423.864s][info][gc,phases      ] GC(883) Phase 3: Adjust pointers 133.774ms
[423.865s][info][gc,phases,start] GC(883) Phase 4: Compact heap
[423.905s][info][gc,phases      ] GC(883) Phase 4: Compact heap 40.221ms
[423.909s][info][gc,heap        ] GC(883) Eden regions: 0->0(25)
[423.909s][info][gc,heap        ] GC(883) Survivor regions: 1->0(3)
[423.909s][info][gc,heap        ] GC(883) Old regions: 495->494
[423.909s][info][gc,heap        ] GC(883) Archive regions: 2->2
[423.909s][info][gc,heap        ] GC(883) Humongous regions: 11->11
[423.909s][info][gc,metaspace   ] GC(883) Metaspace: 48599K(50128K)->48599K(50128K) NonClass: 42773K(43856K)->42773K(43856K) Class: 5825K(6272K)->5825K(6272K)
[423.909s][info][gc             ] GC(883) Pause Full (G1 Humongous Allocation) 504M->504M(512M) 504.373ms
[423.910s][info][gc,cpu         ] GC(883) User=2.56s Sys=0.06s Real=0.51s
[423.910s][info][gc,task        ] GC(884) Using 8 workers of 8 for full compaction
[423.910s][info][gc,start       ] GC(884) Pause Full (G1 Humongous Allocation)
[423.910s][info][gc,phases,start] GC(884) Phase 1: Mark live objects
[424.188s][info][gc,phases      ] GC(884) Phase 1: Mark live objects 277.815ms
[424.188s][info][gc,phases,start] GC(884) Phase 2: Prepare for compaction
[424.236s][info][gc,phases      ] GC(884) Phase 2: Prepare for compaction 47.561ms
[424.236s][info][gc,phases,start] GC(884) Phase 3: Adjust pointers
[424.335s][info][gc,phases      ] GC(884) Phase 3: Adjust pointers 99.639ms
[424.335s][info][gc,phases,start] GC(884) Phase 4: Compact heap
[424.374s][info][gc,phases      ] GC(884) Phase 4: Compact heap 38.114ms
[424.378s][info][gc,heap        ] GC(884) Eden regions: 0->0(25)
[424.378s][info][gc,heap        ] GC(884) Survivor regions: 0->0(3)
[424.378s][info][gc,heap        ] GC(884) Old regions: 494->493
[424.378s][info][gc,heap        ] GC(884) Archive regions: 2->2
[424.378s][info][gc,heap        ] GC(884) Humongous regions: 11->11
[424.378s][info][gc,metaspace   ] GC(884) Metaspace: 48599K(50128K)->48599K(50128K) NonClass: 42773K(43856K)->42773K(43856K) Class: 5825K(6272K)->5825K(6272K)
[424.378s][info][gc             ] GC(884) Pause Full (G1 Humongous Allocation) 504M->504M(512M) 467.374ms
[424.379s][info][gc,cpu         ] GC(884) User=2.64s Sys=0.07s Real=0.47s
[424.379s][info][gc,marking     ] GC(881) Concurrent Mark From Roots 976.341ms
[424.379s][info][gc,marking     ] GC(881) Concurrent Mark Abort
[424.379s][info][gc             ] GC(881) Concurrent Cycle 977.419ms
[424.381s][info][gc,start       ] GC(885) Pause Young (Normal) (G1 Humongous Allocation)
[424.381s][info][gc,task        ] GC(885) Using 8 workers of 8 for evacuation
[424.382s][info][gc,phases      ] GC(885)   Pre Evacuate Collection Set: 0.1ms
[424.382s][info][gc,phases      ] GC(885)   Merge Heap Roots: 0.0ms
[424.382s][info][gc,phases      ] GC(885)   Evacuate Collection Set: 0.3ms
[424.382s][info][gc,phases      ] GC(885)   Post Evacuate Collection Set: 0.2ms
[424.382s][info][gc,phases      ] GC(885)   Other: 0.1ms
[424.382s][info][gc,heap        ] GC(885) Eden regions: 1->0(24)
[424.382s][info][gc,heap        ] GC(885) Survivor regions: 0->1(4)
[424.382s][info][gc,heap        ] GC(885) Old regions: 493->493
[424.382s][info][gc,heap        ] GC(885) Archive regions: 2->2
[424.382s][info][gc,heap        ] GC(885) Humongous regions: 11->11
[424.382s][info][gc,metaspace   ] GC(885) Metaspace: 48603K(50128K)->48603K(50128K) NonClass: 42776K(43856K)->42776K(43856K) Class: 5826K(6272K)->5826K(6272K)
[424.382s][info][gc             ] GC(885) Pause Young (Normal) (G1 Humongous Allocation) 504M->504M(512M) 0.823ms
[424.382s][info][gc,cpu         ] GC(885) User=0.00s Sys=0.00s Real=0.00s
[424.382s][info][gc,task        ] GC(886) Using 8 workers of 8 for full compaction
[424.382s][info][gc,start       ] GC(886) Pause Full (G1 Humongous Allocation)
[424.382s][info][gc,phases,start] GC(886) Phase 1: Mark live objects
[424.689s][info][gc,phases      ] GC(886) Phase 1: Mark live objects 306.800ms
[424.689s][info][gc,phases,start] GC(886) Phase 2: Prepare for compaction
[424.739s][info][gc,phases      ] GC(886) Phase 2: Prepare for compaction 50.279ms
[424.739s][info][gc,phases,start] GC(886) Phase 3: Adjust pointers
[424.864s][info][gc,phases      ] GC(886) Phase 3: Adjust pointers 125.108ms
[424.864s][info][gc,phases,start] GC(886) Phase 4: Compact heap
[424.905s][info][gc,phases      ] GC(886) Phase 4: Compact heap 40.538ms
[424.909s][info][gc,heap        ] GC(886) Eden regions: 0->0(25)
[424.909s][info][gc,heap        ] GC(886) Survivor regions: 1->0(4)
[424.909s][info][gc,heap        ] GC(886) Old regions: 493->494
[424.909s][info][gc,heap        ] GC(886) Archive regions: 2->2
[424.909s][info][gc,heap        ] GC(886) Humongous regions: 11->11
[424.909s][info][gc,metaspace   ] GC(886) Metaspace: 48603K(50128K)->48603K(50128K) NonClass: 42776K(43856K)->42776K(43856K) Class: 5826K(6272K)->5826K(6272K)
[424.909s][info][gc             ] GC(886) Pause Full (G1 Humongous Allocation) 504M->504M(512M) 527.407ms
[424.911s][info][gc,cpu         ] GC(886) User=2.51s Sys=0.06s Real=0.53s
[424.911s][info][gc,task        ] GC(887) Using 8 workers of 8 for full compaction
[424.911s][info][gc,start       ] GC(887) Pause Full (G1 Humongous Allocation)
[424.911s][info][gc,phases,start] GC(887) Phase 1: Mark live objects
[425.193s][info][gc,phases      ] GC(887) Phase 1: Mark live objects 282.202ms
[425.193s][info][gc,phases,start] GC(887) Phase 2: Prepare for compaction
[425.229s][info][gc,phases      ] GC(887) Phase 2: Prepare for compaction 35.282ms
[425.229s][info][gc,phases,start] GC(887) Phase 3: Adjust pointers
[425.326s][info][gc,phases      ] GC(887) Phase 3: Adjust pointers 97.540ms
[425.326s][info][gc,phases,start] GC(887) Phase 4: Compact heap
[425.365s][info][gc,phases      ] GC(887) Phase 4: Compact heap 38.776ms
[425.369s][info][gc,heap        ] GC(887) Eden regions: 0->0(25)
[425.369s][info][gc,heap        ] GC(887) Survivor regions: 0->0(4)
[425.369s][info][gc,heap        ] GC(887) Old regions: 494->494
[425.369s][info][gc,heap        ] GC(887) Archive regions: 2->2
[425.369s][info][gc,heap        ] GC(887) Humongous regions: 11->11
[425.369s][info][gc,metaspace   ] GC(887) Metaspace: 48603K(50128K)->48603K(50128K) NonClass: 42776K(43856K)->42776K(43856K) Class: 5826K(6272K)->5826K(6272K)
[425.369s][info][gc             ] GC(887) Pause Full (G1 Humongous Allocation) 504M->504M(512M) 458.498ms
[425.374s][info][gc,cpu         ] GC(887) User=2.56s Sys=0.06s Real=0.46s
[425.376s][info][gc,start       ] GC(888) Pause Young (Concurrent Start) (G1 Humongous Allocation)
[425.376s][info][gc,task        ] GC(888) Using 8 workers of 8 for evacuation
[425.378s][info][gc,phases      ] GC(888)   Pre Evacuate Collection Set: 0.1ms
[425.378s][info][gc,phases      ] GC(888)   Merge Heap Roots: 0.0ms
[425.378s][info][gc,phases      ] GC(888)   Evacuate Collection Set: 1.0ms
[425.378s][info][gc,phases      ] GC(888)   Post Evacuate Collection Set: 0.3ms
[425.378s][info][gc,phases      ] GC(888)   Other: 0.2ms
[425.378s][info][gc,heap        ] GC(888) Eden regions: 1->0(24)
[425.378s][info][gc,heap        ] GC(888) Survivor regions: 0->1(4)
[425.378s][info][gc,heap        ] GC(888) Old regions: 494->494
[425.378s][info][gc,heap        ] GC(888) Archive regions: 2->2
[425.378s][info][gc,heap        ] GC(888) Humongous regions: 11->11
[425.378s][info][gc,metaspace   ] GC(888) Metaspace: 48605K(50128K)->48605K(50128K) NonClass: 42779K(43856K)->42779K(43856K) Class: 5826K(6272K)->5826K(6272K)
[425.378s][info][gc             ] GC(888) Pause Young (Concurrent Start) (G1 Humongous Allocation) 504M->504M(512M) 1.698ms
[425.378s][info][gc,cpu         ] GC(888) User=0.00s Sys=0.00s Real=0.00s
[425.378s][info][gc             ] GC(889) Concurrent Cycle
[425.378s][info][gc,marking     ] GC(889) Concurrent Clear Claimed Marks
[425.378s][info][gc,marking     ] GC(889) Concurrent Clear Claimed Marks 0.041ms
[425.378s][info][gc,marking     ] GC(889) Concurrent Scan Root Regions
[425.379s][info][gc,marking     ] GC(889) Concurrent Scan Root Regions 0.480ms
[425.379s][info][gc,marking     ] GC(889) Concurrent Mark (425.379s)
[425.379s][info][gc,marking     ] GC(889) Concurrent Mark From Roots
[425.379s][info][gc,task        ] GC(889) Using 2 workers of 2 for marking
[425.379s][info][gc,start       ] GC(890) Pause Young (Normal) (G1 Humongous Allocation)
[425.379s][info][gc,task        ] GC(890) Using 8 workers of 8 for evacuation
[425.380s][info][gc,phases      ] GC(890)   Pre Evacuate Collection Set: 0.5ms
[425.380s][info][gc,phases      ] GC(890)   Merge Heap Roots: 0.0ms
[425.380s][info][gc,phases      ] GC(890)   Evacuate Collection Set: 0.6ms
[425.380s][info][gc,phases      ] GC(890)   Post Evacuate Collection Set: 0.2ms
[425.380s][info][gc,phases      ] GC(890)   Other: 0.1ms
[425.380s][info][gc,heap        ] GC(890) Eden regions: 0->0(24)
[425.380s][info][gc,heap        ] GC(890) Survivor regions: 1->1(4)
[425.380s][info][gc,heap        ] GC(890) Old regions: 494->494
[425.380s][info][gc,heap        ] GC(890) Archive regions: 2->2
[425.380s][info][gc,heap        ] GC(890) Humongous regions: 11->11
[425.380s][info][gc,metaspace   ] GC(890) Metaspace: 48605K(50128K)->48605K(50128K) NonClass: 42779K(43856K)->42779K(43856K) Class: 5826K(6272K)->5826K(6272K)
[425.380s][info][gc             ] GC(890) Pause Young (Normal) (G1 Humongous Allocation) 504M->504M(512M) 1.002ms
[425.380s][info][gc,cpu         ] GC(890) User=0.00s Sys=0.01s Real=0.00s
[425.380s][info][gc,task        ] GC(891) Using 8 workers of 8 for full compaction
[425.380s][info][gc,start       ] GC(891) Pause Full (G1 Humongous Allocation)
[425.381s][info][gc,phases,start] GC(891) Phase 1: Mark live objects
[425.665s][info][gc,phases      ] GC(891) Phase 1: Mark live objects 284.203ms
[425.665s][info][gc,phases,start] GC(891) Phase 2: Prepare for compaction
[425.700s][info][gc,phases      ] GC(891) Phase 2: Prepare for compaction 34.807ms
[425.700s][info][gc,phases,start] GC(891) Phase 3: Adjust pointers
[425.796s][info][gc,phases      ] GC(891) Phase 3: Adjust pointers 95.974ms
[425.796s][info][gc,phases,start] GC(891) Phase 4: Compact heap
[425.839s][info][gc,phases      ] GC(891) Phase 4: Compact heap 43.845ms
[425.845s][info][gc,heap        ] GC(891) Eden regions: 0->0(25)
[425.845s][info][gc,heap        ] GC(891) Survivor regions: 1->0(4)
[425.845s][info][gc,heap        ] GC(891) Old regions: 494->494
[425.845s][info][gc,heap        ] GC(891) Archive regions: 2->2
[425.845s][info][gc,heap        ] GC(891) Humongous regions: 11->11
[425.845s][info][gc,metaspace   ] GC(891) Metaspace: 48605K(50128K)->48605K(50128K) NonClass: 42779K(43856K)->42779K(43856K) Class: 5826K(6272K)->5826K(6272K)
[425.845s][info][gc             ] GC(891) Pause Full (G1 Humongous Allocation) 504M->504M(512M) 465.371ms
[425.848s][info][gc,cpu         ] GC(891) User=2.57s Sys=0.05s Real=0.47s
[425.848s][info][gc,task        ] GC(892) Using 8 workers of 8 for full compaction
[425.848s][info][gc,start       ] GC(892) Pause Full (G1 Humongous Allocation)
[425.848s][info][gc,phases,start] GC(892) Phase 1: Mark live objects
[426.128s][info][gc,phases      ] GC(892) Phase 1: Mark live objects 280.109ms
[426.128s][info][gc,phases,start] GC(892) Phase 2: Prepare for compaction
[426.164s][info][gc,phases      ] GC(892) Phase 2: Prepare for compaction 35.225ms
[426.164s][info][gc,phases,start] GC(892) Phase 3: Adjust pointers
[426.248s][info][gc,phases      ] GC(892) Phase 3: Adjust pointers 84.104ms
[426.248s][info][gc,phases,start] GC(892) Phase 4: Compact heap
[426.292s][info][gc,phases      ] GC(892) Phase 4: Compact heap 44.028ms
[426.296s][info][gc,heap        ] GC(892) Eden regions: 0->0(25)
[426.296s][info][gc,heap        ] GC(892) Survivor regions: 0->0(4)
[426.296s][info][gc,heap        ] GC(892) Old regions: 494->494
[426.296s][info][gc,heap        ] GC(892) Archive regions: 2->2
[426.296s][info][gc,heap        ] GC(892) Humongous regions: 11->11
[426.296s][info][gc,metaspace   ] GC(892) Metaspace: 48605K(50128K)->48605K(50128K) NonClass: 42779K(43856K)->42779K(43856K) Class: 5826K(6272K)->5826K(6272K)
[426.297s][info][gc             ] GC(892) Pause Full (G1 Humongous Allocation) 504M->504M(512M) 448.198ms
[426.299s][info][gc,cpu         ] GC(892) User=2.54s Sys=0.05s Real=0.45s
[426.299s][info][gc,marking     ] GC(889) Concurrent Mark From Roots 919.988ms
[426.299s][info][gc,marking     ] GC(889) Concurrent Mark Abort
[426.299s][info][gc             ] GC(889) Concurrent Cycle 920.606ms
[426.300s][info][gc,start       ] GC(893) Pause Young (Normal) (G1 Humongous Allocation)
[426.300s][info][gc,task        ] GC(893) Using 8 workers of 8 for evacuation
[426.301s][info][gc,phases      ] GC(893)   Pre Evacuate Collection Set: 0.1ms
[426.301s][info][gc,phases      ] GC(893)   Merge Heap Roots: 0.0ms
[426.301s][info][gc,phases      ] GC(893)   Evacuate Collection Set: 0.2ms
[426.301s][info][gc,phases      ] GC(893)   Post Evacuate Collection Set: 0.3ms
[426.301s][info][gc,phases      ] GC(893)   Other: 0.1ms
[426.301s][info][gc,heap        ] GC(893) Eden regions: 1->0(24)
[426.301s][info][gc,heap        ] GC(893) Survivor regions: 0->1(4)
[426.301s][info][gc,heap        ] GC(893) Old regions: 494->494
[426.301s][info][gc,heap        ] GC(893) Archive regions: 2->2
[426.301s][info][gc,heap        ] GC(893) Humongous regions: 11->11
[426.301s][info][gc,metaspace   ] GC(893) Metaspace: 48605K(50128K)->48605K(50128K) NonClass: 42779K(43856K)->42779K(43856K) Class: 5826K(6272K)->5826K(6272K)
[426.301s][info][gc             ] GC(893) Pause Young (Normal) (G1 Humongous Allocation) 504M->504M(512M) 0.908ms
[426.301s][info][gc,cpu         ] GC(893) User=0.00s Sys=0.00s Real=0.00s
[426.301s][info][gc,task        ] GC(894) Using 8 workers of 8 for full compaction
[426.301s][info][gc,start       ] GC(894) Pause Full (G1 Humongous Allocation)
[426.301s][info][gc,phases,start] GC(894) Phase 1: Mark live objects
[426.598s][info][gc,phases      ] GC(894) Phase 1: Mark live objects 297.261ms
[426.598s][info][gc,phases,start] GC(894) Phase 2: Prepare for compaction
[426.629s][info][gc,phases      ] GC(894) Phase 2: Prepare for compaction 31.233ms
[426.629s][info][gc,phases,start] GC(894) Phase 3: Adjust pointers
[426.721s][info][gc,phases      ] GC(894) Phase 3: Adjust pointers 91.456ms
[426.721s][info][gc,phases,start] GC(894) Phase 4: Compact heap
[426.761s][info][gc,phases      ] GC(894) Phase 4: Compact heap 39.766ms
[426.766s][info][gc,heap        ] GC(894) Eden regions: 0->0(25)
[426.766s][info][gc,heap        ] GC(894) Survivor regions: 1->0(4)
[426.766s][info][gc,heap        ] GC(894) Old regions: 494->494
[426.766s][info][gc,heap        ] GC(894) Archive regions: 2->2
[426.766s][info][gc,heap        ] GC(894) Humongous regions: 11->11
[426.766s][info][gc,metaspace   ] GC(894) Metaspace: 48605K(50128K)->48605K(50128K) NonClass: 42779K(43856K)->42779K(43856K) Class: 5826K(6272K)->5826K(6272K)
[426.766s][info][gc             ] GC(894) Pause Full (G1 Humongous Allocation) 504M->504M(512M) 465.078ms
[426.768s][info][gc,cpu         ] GC(894) User=2.55s Sys=0.05s Real=0.47s
[426.768s][info][gc,task        ] GC(895) Using 8 workers of 8 for full compaction
[426.769s][info][gc,start       ] GC(895) Pause Full (G1 Humongous Allocation)
[426.769s][info][gc,phases,start] GC(895) Phase 1: Mark live objects
[427.066s][info][gc,phases      ] GC(895) Phase 1: Mark live objects 297.048ms
[427.066s][info][gc,phases,start] GC(895) Phase 2: Prepare for compaction
[427.104s][info][gc,phases      ] GC(895) Phase 2: Prepare for compaction 38.095ms
[427.104s][info][gc,phases,start] GC(895) Phase 3: Adjust pointers
[427.183s][info][gc,phases      ] GC(895) Phase 3: Adjust pointers 78.782ms
[427.183s][info][gc,phases,start] GC(895) Phase 4: Compact heap
[427.221s][info][gc,phases      ] GC(895) Phase 4: Compact heap 38.567ms
[427.225s][info][gc,heap        ] GC(895) Eden regions: 0->0(25)
[427.225s][info][gc,heap        ] GC(895) Survivor regions: 0->0(4)
[427.225s][info][gc,heap        ] GC(895) Old regions: 494->494
[427.225s][info][gc,heap        ] GC(895) Archive regions: 2->2
[427.225s][info][gc,heap        ] GC(895) Humongous regions: 11->11
[427.225s][info][gc,metaspace   ] GC(895) Metaspace: 48605K(50128K)->48605K(50128K) NonClass: 42779K(43856K)->42779K(43856K) Class: 5826K(6272K)->5826K(6272K)
[427.225s][info][gc             ] GC(895) Pause Full (G1 Humongous Allocation) 504M->504M(512M) 456.579ms
[427.227s][info][gc,cpu         ] GC(895) User=2.53s Sys=0.06s Real=0.46s
[427.229s][info][gc,start       ] GC(896) Pause Young (Concurrent Start) (G1 Humongous Allocation)
[427.229s][info][gc,task        ] GC(896) Using 8 workers of 8 for evacuation
[427.230s][info][gc,phases      ] GC(896)   Pre Evacuate Collection Set: 0.1ms
[427.230s][info][gc,phases      ] GC(896)   Merge Heap Roots: 0.0ms
[427.230s][info][gc,phases      ] GC(896)   Evacuate Collection Set: 0.8ms
[427.230s][info][gc,phases      ] GC(896)   Post Evacuate Collection Set: 0.4ms
[427.230s][info][gc,phases      ] GC(896)   Other: 0.2ms
[427.230s][info][gc,heap        ] GC(896) Eden regions: 1->0(24)
[427.230s][info][gc,heap        ] GC(896) Survivor regions: 0->1(4)
[427.230s][info][gc,heap        ] GC(896) Old regions: 494->494
[427.230s][info][gc,heap        ] GC(896) Archive regions: 2->2
[427.230s][info][gc,heap        ] GC(896) Humongous regions: 11->11
[427.230s][info][gc,metaspace   ] GC(896) Metaspace: 48607K(50128K)->48607K(50128K) NonClass: 42780K(43856K)->42780K(43856K) Class: 5826K(6272K)->5826K(6272K)
[427.230s][info][gc             ] GC(896) Pause Young (Concurrent Start) (G1 Humongous Allocation) 504M->504M(512M) 1.532ms
[427.230s][info][gc,cpu         ] GC(896) User=0.00s Sys=0.00s Real=0.00s
[427.230s][info][gc             ] GC(898) Concurrent Cycle
[427.230s][info][gc,task        ] GC(897) Using 8 workers of 8 for full compaction
[427.230s][info][gc,marking     ] GC(898) Concurrent Clear Claimed Marks
[427.231s][info][gc,start       ] GC(897) Pause Full (G1 Humongous Allocation)
[427.231s][info][gc,marking     ] GC(898) Concurrent Clear Claimed Marks 0.049ms
[427.231s][info][gc,marking     ] GC(898) Concurrent Scan Root Regions
[427.231s][info][gc,marking     ] GC(898) Concurrent Scan Root Regions 0.023ms
[427.231s][info][gc,marking     ] GC(898) Concurrent Mark (427.231s)
[427.231s][info][gc,marking     ] GC(898) Concurrent Mark From Roots
[427.231s][info][gc,task        ] GC(898) Using 2 workers of 2 for marking
[427.231s][info][gc,phases,start] GC(897) Phase 1: Mark live objects
[427.528s][info][gc,phases      ] GC(897) Phase 1: Mark live objects 296.184ms
[427.528s][info][gc,phases,start] GC(897) Phase 2: Prepare for compaction
[427.561s][info][gc,phases      ] GC(897) Phase 2: Prepare for compaction 33.161ms
[427.561s][info][gc,phases,start] GC(897) Phase 3: Adjust pointers
[427.647s][info][gc,phases      ] GC(897) Phase 3: Adjust pointers 86.420ms
[427.647s][info][gc,phases,start] GC(897) Phase 4: Compact heap
[427.682s][info][gc,phases      ] GC(897) Phase 4: Compact heap 34.681ms
[427.686s][info][gc,heap        ] GC(897) Eden regions: 0->0(25)
[427.686s][info][gc,heap        ] GC(897) Survivor regions: 1->0(4)
[427.686s][info][gc,heap        ] GC(897) Old regions: 494->494
[427.686s][info][gc,heap        ] GC(897) Archive regions: 2->2
[427.686s][info][gc,heap        ] GC(897) Humongous regions: 11->11
[427.686s][info][gc,metaspace   ] GC(897) Metaspace: 48607K(50128K)->48607K(50128K) NonClass: 42780K(43856K)->42780K(43856K) Class: 5826K(6272K)->5826K(6272K)
[427.686s][info][gc             ] GC(897) Pause Full (G1 Humongous Allocation) 504M->504M(512M) 455.376ms
[427.688s][info][gc,cpu         ] GC(897) User=2.55s Sys=0.06s Real=0.46s
[427.688s][info][gc,task        ] GC(899) Using 8 workers of 8 for full compaction
[427.688s][info][gc,start       ] GC(899) Pause Full (G1 Humongous Allocation)
[427.688s][info][gc,phases,start] GC(899) Phase 1: Mark live objects
[427.992s][info][gc,phases      ] GC(899) Phase 1: Mark live objects 303.162ms
[427.992s][info][gc,phases,start] GC(899) Phase 2: Prepare for compaction
[428.028s][info][gc,phases      ] GC(899) Phase 2: Prepare for compaction 36.830ms
[428.028s][info][gc,phases,start] GC(899) Phase 3: Adjust pointers
[428.110s][info][gc,phases      ] GC(899) Phase 3: Adjust pointers 81.916ms
[428.110s][info][gc,phases,start] GC(899) Phase 4: Compact heap
[428.149s][info][gc,phases      ] GC(899) Phase 4: Compact heap 38.899ms
[428.153s][info][gc,heap        ] GC(899) Eden regions: 0->0(25)
[428.153s][info][gc,heap        ] GC(899) Survivor regions: 0->0(4)
[428.153s][info][gc,heap        ] GC(899) Old regions: 494->494
[428.153s][info][gc,heap        ] GC(899) Archive regions: 2->2
[428.153s][info][gc,heap        ] GC(899) Humongous regions: 11->11
[428.153s][info][gc,metaspace   ] GC(899) Metaspace: 48607K(50128K)->48607K(50128K) NonClass: 42780K(43856K)->42780K(43856K) Class: 5826K(6272K)->5826K(6272K)
[428.153s][info][gc             ] GC(899) Pause Full (G1 Humongous Allocation) 504M->504M(512M) 465.059ms
[428.157s][info][gc,cpu         ] GC(899) User=2.54s Sys=0.08s Real=0.47s
[428.157s][info][gc,marking     ] GC(898) Concurrent Mark From Roots 926.325ms
[428.157s][info][gc,marking     ] GC(898) Concurrent Mark Abort
[428.157s][info][gc             ] GC(898) Concurrent Cycle 926.501ms
[428.158s][info][gc,start       ] GC(900) Pause Young (Normal) (G1 Humongous Allocation)
[428.158s][info][gc,task        ] GC(900) Using 8 workers of 8 for evacuation
[428.159s][info][gc,phases      ] GC(900)   Pre Evacuate Collection Set: 0.1ms
[428.159s][info][gc,phases      ] GC(900)   Merge Heap Roots: 0.0ms
[428.159s][info][gc,phases      ] GC(900)   Evacuate Collection Set: 0.3ms
[428.159s][info][gc,phases      ] GC(900)   Post Evacuate Collection Set: 0.2ms
[428.159s][info][gc,phases      ] GC(900)   Other: 0.1ms
[428.159s][info][gc,heap        ] GC(900) Eden regions: 0->0(25)
[428.159s][info][gc,heap        ] GC(900) Survivor regions: 0->0(4)
[428.159s][info][gc,heap        ] GC(900) Old regions: 494->494
[428.159s][info][gc,heap        ] GC(900) Archive regions: 2->2
[428.159s][info][gc,heap        ] GC(900) Humongous regions: 11->11
[428.159s][info][gc,metaspace   ] GC(900) Metaspace: 48607K(50128K)->48607K(50128K) NonClass: 42780K(43856K)->42780K(43856K) Class: 5826K(6272K)->5826K(6272K)
[428.159s][info][gc             ] GC(900) Pause Young (Normal) (G1 Humongous Allocation) 504M->504M(512M) 0.775ms
[428.159s][info][gc,cpu         ] GC(900) User=0.00s Sys=0.00s Real=0.00s
[428.159s][info][gc,task        ] GC(901) Using 8 workers of 8 for full compaction
[428.159s][info][gc,start       ] GC(901) Pause Full (G1 Humongous Allocation)
[428.159s][info][gc,phases,start] GC(901) Phase 1: Mark live objects
[428.451s][info][gc,phases      ] GC(901) Phase 1: Mark live objects 291.779ms
[428.451s][info][gc,phases,start] GC(901) Phase 2: Prepare for compaction
[428.486s][info][gc,phases      ] GC(901) Phase 2: Prepare for compaction 35.249ms
[428.486s][info][gc,phases,start] GC(901) Phase 3: Adjust pointers
[428.572s][info][gc,phases      ] GC(901) Phase 3: Adjust pointers 85.792ms
[428.572s][info][gc,phases,start] GC(901) Phase 4: Compact heap
[428.608s][info][gc,phases      ] GC(901) Phase 4: Compact heap 36.023ms
[428.611s][info][gc,heap        ] GC(901) Eden regions: 0->0(25)
[428.611s][info][gc,heap        ] GC(901) Survivor regions: 0->0(4)
[428.611s][info][gc,heap        ] GC(901) Old regions: 494->494
[428.611s][info][gc,heap        ] GC(901) Archive regions: 2->2
[428.611s][info][gc,heap        ] GC(901) Humongous regions: 11->11
[428.611s][info][gc,metaspace   ] GC(901) Metaspace: 48607K(50128K)->48607K(50128K) NonClass: 42780K(43856K)->42780K(43856K) Class: 5826K(6272K)->5826K(6272K)
[428.611s][info][gc             ] GC(901) Pause Full (G1 Humongous Allocation) 504M->504M(512M) 452.316ms
[428.613s][info][gc,cpu         ] GC(901) User=2.54s Sys=0.06s Real=0.45s
[428.613s][info][gc,task        ] GC(902) Using 8 workers of 8 for full compaction
[428.613s][info][gc,start       ] GC(902) Pause Full (G1 Humongous Allocation)
[428.613s][info][gc,phases,start] GC(902) Phase 1: Mark live objects
[428.923s][info][gc,phases      ] GC(902) Phase 1: Mark live objects 310.333ms
[428.923s][info][gc,phases,start] GC(902) Phase 2: Prepare for compaction
[428.957s][info][gc,phases      ] GC(902) Phase 2: Prepare for compaction 34.035ms
[428.957s][info][gc,phases,start] GC(902) Phase 3: Adjust pointers
[429.038s][info][gc,phases      ] GC(902) Phase 3: Adjust pointers 81.026ms
[429.038s][info][gc,phases,start] GC(902) Phase 4: Compact heap
[429.071s][info][gc,phases      ] GC(902) Phase 4: Compact heap 32.125ms
[429.075s][info][gc,heap        ] GC(902) Eden regions: 0->0(25)
[429.075s][info][gc,heap        ] GC(902) Survivor regions: 0->0(4)
[429.075s][info][gc,heap        ] GC(902) Old regions: 494->494
[429.075s][info][gc,heap        ] GC(902) Archive regions: 2->2
[429.075s][info][gc,heap        ] GC(902) Humongous regions: 11->11
[429.075s][info][gc,metaspace   ] GC(902) Metaspace: 48607K(50128K)->48607K(50128K) NonClass: 42780K(43856K)->42780K(43856K) Class: 5826K(6272K)->5826K(6272K)
[429.075s][info][gc             ] GC(902) Pause Full (G1 Humongous Allocation) 504M->504M(512M) 461.993ms
[429.077s][info][gc,cpu         ] GC(902) User=2.52s Sys=0.07s Real=0.47s
[429.081s][info][gc,start       ] GC(903) Pause Young (Concurrent Start) (G1 Humongous Allocation)
[429.081s][info][gc,task        ] GC(903) Using 8 workers of 8 for evacuation
[429.082s][info][gc,phases      ] GC(903)   Pre Evacuate Collection Set: 0.1ms
[429.083s][info][gc,phases      ] GC(903)   Merge Heap Roots: 0.0ms
[429.083s][info][gc,phases      ] GC(903)   Evacuate Collection Set: 1.1ms
[429.083s][info][gc,phases      ] GC(903)   Post Evacuate Collection Set: 0.4ms
[429.083s][info][gc,phases      ] GC(903)   Other: 0.3ms
[429.083s][info][gc,heap        ] GC(903) Eden regions: 1->0(24)
[429.083s][info][gc,heap        ] GC(903) Survivor regions: 0->1(4)
[429.083s][info][gc,heap        ] GC(903) Old regions: 494->494
[429.083s][info][gc,heap        ] GC(903) Archive regions: 2->2
[429.083s][info][gc,heap        ] GC(903) Humongous regions: 11->11
[429.083s][info][gc,metaspace   ] GC(903) Metaspace: 48631K(50128K)->48631K(50128K) NonClass: 42801K(43856K)->42801K(43856K) Class: 5830K(6272K)->5830K(6272K)
[429.083s][info][gc             ] GC(903) Pause Young (Concurrent Start) (G1 Humongous Allocation) 505M->504M(512M) 2.100ms
[429.083s][info][gc,cpu         ] GC(903) User=0.00s Sys=0.00s Real=0.00s
[429.083s][info][gc,task        ] GC(904) Using 8 workers of 8 for full compaction
[429.083s][info][gc,start       ] GC(904) Pause Full (G1 Humongous Allocation)
[429.083s][info][gc             ] GC(905) Concurrent Cycle
[429.083s][info][gc,marking     ] GC(905) Concurrent Clear Claimed Marks
[429.083s][info][gc,marking     ] GC(905) Concurrent Clear Claimed Marks 0.034ms
[429.083s][info][gc,marking     ] GC(905) Concurrent Scan Root Regions
[429.083s][info][gc,marking     ] GC(905) Concurrent Scan Root Regions 0.018ms
[429.083s][info][gc,marking     ] GC(905) Concurrent Mark (429.083s)
[429.083s][info][gc,marking     ] GC(905) Concurrent Mark From Roots
[429.083s][info][gc,task        ] GC(905) Using 2 workers of 2 for marking
[429.083s][info][gc,phases,start] GC(904) Phase 1: Mark live objects
[429.386s][info][gc,phases      ] GC(904) Phase 1: Mark live objects 302.062ms
[429.386s][info][gc,phases,start] GC(904) Phase 2: Prepare for compaction
[429.432s][info][gc,phases      ] GC(904) Phase 2: Prepare for compaction 46.837ms
[429.432s][info][gc,phases,start] GC(904) Phase 3: Adjust pointers
[429.525s][info][gc,phases      ] GC(904) Phase 3: Adjust pointers 92.348ms
[429.525s][info][gc,phases,start] GC(904) Phase 4: Compact heap
[429.567s][info][gc,phases      ] GC(904) Phase 4: Compact heap 42.365ms
[429.571s][info][gc,heap        ] GC(904) Eden regions: 0->0(25)
[429.571s][info][gc,heap        ] GC(904) Survivor regions: 1->0(4)
[429.571s][info][gc,heap        ] GC(904) Old regions: 494->494
[429.571s][info][gc,heap        ] GC(904) Archive regions: 2->2
[429.571s][info][gc,heap        ] GC(904) Humongous regions: 11->11
[429.571s][info][gc,metaspace   ] GC(904) Metaspace: 48631K(50128K)->48631K(50128K) NonClass: 42801K(43856K)->42801K(43856K) Class: 5830K(6272K)->5830K(6272K)
[429.571s][info][gc             ] GC(904) Pause Full (G1 Humongous Allocation) 504M->504M(512M) 488.095ms
[429.572s][info][gc,cpu         ] GC(904) User=2.66s Sys=0.06s Real=0.49s
[429.572s][info][gc,task        ] GC(906) Using 8 workers of 8 for full compaction
[429.572s][info][gc,start       ] GC(906) Pause Full (G1 Humongous Allocation)
[429.572s][info][gc,phases,start] GC(906) Phase 1: Mark live objects
[429.932s][info][gc,phases      ] GC(906) Phase 1: Mark live objects 359.216ms
[429.932s][info][gc,phases,start] GC(906) Phase 2: Prepare for compaction
[429.971s][info][gc,phases      ] GC(906) Phase 2: Prepare for compaction 39.661ms
[429.971s][info][gc,phases,start] GC(906) Phase 3: Adjust pointers
[430.063s][info][gc,phases      ] GC(906) Phase 3: Adjust pointers 91.793ms
[430.063s][info][gc,phases,start] GC(906) Phase 4: Compact heap
[430.112s][info][gc,phases      ] GC(906) Phase 4: Compact heap 49.344ms
[430.117s][info][gc,heap        ] GC(906) Eden regions: 0->0(25)
[430.117s][info][gc,heap        ] GC(906) Survivor regions: 0->0(4)
[430.117s][info][gc,heap        ] GC(906) Old regions: 494->494
[430.117s][info][gc,heap        ] GC(906) Archive regions: 2->2
[430.117s][info][gc,heap        ] GC(906) Humongous regions: 11->11
[430.117s][info][gc,metaspace   ] GC(906) Metaspace: 48631K(50128K)->48623K(50128K) NonClass: 42801K(43856K)->42794K(43856K) Class: 5830K(6272K)->5829K(6272K)
[430.117s][info][gc             ] GC(906) Pause Full (G1 Humongous Allocation) 504M->504M(512M) 545.105ms
[430.120s][info][gc,cpu         ] GC(906) User=2.56s Sys=0.06s Real=0.55s
[430.120s][info][gc,marking     ] GC(905) Concurrent Mark From Roots 1036.963ms
[430.120s][info][gc,marking     ] GC(905) Concurrent Mark Abort
[430.120s][info][gc             ] GC(905) Concurrent Cycle 1037.146ms
[430.128s][info][gc,start       ] GC(907) Pause Young (Concurrent Start) (G1 Humongous Allocation)
[430.128s][info][gc,task        ] GC(907) Using 8 workers of 8 for evacuation
[430.129s][info][gc,phases      ] GC(907)   Pre Evacuate Collection Set: 0.1ms
[430.130s][info][gc,phases      ] GC(907)   Merge Heap Roots: 0.0ms
[430.130s][info][gc,phases      ] GC(907)   Evacuate Collection Set: 0.8ms
[430.130s][info][gc,phases      ] GC(907)   Post Evacuate Collection Set: 0.3ms
[430.130s][info][gc,phases      ] GC(907)   Other: 0.2ms
[430.130s][info][gc,heap        ] GC(907) Eden regions: 3->0(24)
[430.130s][info][gc,heap        ] GC(907) Survivor regions: 0->1(2)
[430.130s][info][gc,heap        ] GC(907) Old regions: 494->494
[430.130s][info][gc,heap        ] GC(907) Archive regions: 2->2
[430.130s][info][gc,heap        ] GC(907) Humongous regions: 11->11
[430.130s][info][gc,metaspace   ] GC(907) Metaspace: 48625K(50128K)->48625K(50128K) NonClass: 42796K(43856K)->42796K(43856K) Class: 5829K(6272K)->5829K(6272K)
[430.130s][info][gc             ] GC(907) Pause Young (Concurrent Start) (G1 Humongous Allocation) 507M->504M(512M) 1.506ms
[430.130s][info][gc,cpu         ] GC(907) User=0.01s Sys=0.00s Real=0.00s
[430.130s][info][gc             ] GC(908) Concurrent Cycle
[430.130s][info][gc,marking     ] GC(908) Concurrent Clear Claimed Marks
[430.130s][info][gc,marking     ] GC(908) Concurrent Clear Claimed Marks 0.032ms
[430.130s][info][gc,marking     ] GC(908) Concurrent Scan Root Regions
[430.131s][info][gc,marking     ] GC(908) Concurrent Scan Root Regions 1.059ms
[430.131s][info][gc,marking     ] GC(908) Concurrent Mark (430.131s)
[430.131s][info][gc,marking     ] GC(908) Concurrent Mark From Roots
[430.131s][info][gc,task        ] GC(908) Using 2 workers of 2 for marking
[430.133s][info][gc,start       ] GC(909) Pause Young (Normal) (G1 Humongous Allocation)
[430.133s][info][gc,task        ] GC(909) Using 8 workers of 8 for evacuation
[430.134s][info][gc,phases      ] GC(909)   Pre Evacuate Collection Set: 0.1ms
[430.134s][info][gc,phases      ] GC(909)   Merge Heap Roots: 0.0ms
[430.134s][info][gc,phases      ] GC(909)   Evacuate Collection Set: 0.9ms
[430.134s][info][gc,phases      ] GC(909)   Post Evacuate Collection Set: 0.3ms
[430.134s][info][gc,phases      ] GC(909)   Other: 0.2ms
[430.134s][info][gc,heap        ] GC(909) Eden regions: 0->0(24)
[430.134s][info][gc,heap        ] GC(909) Survivor regions: 1->1(4)
[430.134s][info][gc,heap        ] GC(909) Old regions: 494->494
[430.134s][info][gc,heap        ] GC(909) Archive regions: 2->2
[430.134s][info][gc,heap        ] GC(909) Humongous regions: 11->11
[430.134s][info][gc,metaspace   ] GC(909) Metaspace: 48625K(50128K)->48625K(50128K) NonClass: 42796K(43856K)->42796K(43856K) Class: 5829K(6272K)->5829K(6272K)
[430.134s][info][gc             ] GC(909) Pause Young (Normal) (G1 Humongous Allocation) 504M->504M(512M) 1.825ms
[430.134s][info][gc,cpu         ] GC(909) User=0.00s Sys=0.00s Real=0.00s
[430.135s][info][gc,task        ] GC(910) Using 8 workers of 8 for full compaction
[430.135s][info][gc,start       ] GC(910) Pause Full (G1 Humongous Allocation)
[430.136s][info][gc,phases,start] GC(910) Phase 1: Mark live objects
[430.429s][info][gc,phases      ] GC(910) Phase 1: Mark live objects 293.642ms
[430.429s][info][gc,phases,start] GC(910) Phase 2: Prepare for compaction
[430.476s][info][gc,phases      ] GC(910) Phase 2: Prepare for compaction 46.138ms
[430.476s][info][gc,phases,start] GC(910) Phase 3: Adjust pointers
[430.575s][info][gc,phases      ] GC(910) Phase 3: Adjust pointers 99.000ms
[430.575s][info][gc,phases,start] GC(910) Phase 4: Compact heap
[430.641s][info][gc,phases      ] GC(910) Phase 4: Compact heap 66.564ms
[430.645s][info][gc,heap        ] GC(910) Eden regions: 0->0(25)
[430.645s][info][gc,heap        ] GC(910) Survivor regions: 1->0(4)
[430.645s][info][gc,heap        ] GC(910) Old regions: 494->494
[430.645s][info][gc,heap        ] GC(910) Archive regions: 2->2
[430.645s][info][gc,heap        ] GC(910) Humongous regions: 11->11
[430.645s][info][gc,metaspace   ] GC(910) Metaspace: 48625K(50128K)->48625K(50128K) NonClass: 42796K(43856K)->42796K(43856K) Class: 5829K(6272K)->5829K(6272K)
[430.645s][info][gc             ] GC(910) Pause Full (G1 Humongous Allocation) 504M->502M(512M) 510.436ms
[430.646s][info][gc,cpu         ] GC(910) User=2.63s Sys=0.06s Real=0.52s
[430.646s][info][gc,task        ] GC(911) Using 8 workers of 8 for full compaction
[430.646s][info][gc,start       ] GC(911) Pause Full (G1 Humongous Allocation)
[430.646s][info][gc,phases,start] GC(911) Phase 1: Mark live objects
[430.962s][info][gc,phases      ] GC(911) Phase 1: Mark live objects 315.949ms
[430.962s][info][gc,phases,start] GC(911) Phase 2: Prepare for compaction
[431.000s][info][gc,phases      ] GC(911) Phase 2: Prepare for compaction 37.389ms
[431.000s][info][gc,phases,start] GC(911) Phase 3: Adjust pointers
[431.092s][info][gc,phases      ] GC(911) Phase 3: Adjust pointers 92.237ms
[431.092s][info][gc,phases,start] GC(911) Phase 4: Compact heap
[431.141s][info][gc,phases      ] GC(911) Phase 4: Compact heap 49.261ms
[431.144s][info][gc,heap        ] GC(911) Eden regions: 0->0(25)
[431.145s][info][gc,heap        ] GC(911) Survivor regions: 0->0(4)
[431.145s][info][gc,heap        ] GC(911) Old regions: 494->494
[431.145s][info][gc,heap        ] GC(911) Archive regions: 2->2
[431.145s][info][gc,heap        ] GC(911) Humongous regions: 11->11
[431.145s][info][gc,metaspace   ] GC(911) Metaspace: 48625K(50128K)->48625K(50128K) NonClass: 42796K(43856K)->42796K(43856K) Class: 5829K(6272K)->5829K(6272K)
[431.145s][info][gc             ] GC(911) Pause Full (G1 Humongous Allocation) 502M->502M(512M) 498.365ms
[431.146s][info][gc,cpu         ] GC(911) User=2.59s Sys=0.05s Real=0.50s
[431.146s][info][gc,marking     ] GC(908) Concurrent Mark From Roots 1014.926ms
[431.146s][info][gc,marking     ] GC(908) Concurrent Mark Abort
[431.146s][info][gc             ] GC(908) Concurrent Cycle 1016.139ms
[431.147s][info][gc,start       ] GC(912) Pause Young (Concurrent Start) (G1 Humongous Allocation)
[431.147s][info][gc,task        ] GC(912) Using 8 workers of 8 for evacuation
[431.148s][info][gc,phases      ] GC(912)   Pre Evacuate Collection Set: 0.1ms
[431.148s][info][gc,phases      ] GC(912)   Merge Heap Roots: 0.0ms
[431.148s][info][gc,phases      ] GC(912)   Evacuate Collection Set: 0.6ms
[431.148s][info][gc,phases      ] GC(912)   Post Evacuate Collection Set: 0.3ms
[431.148s][info][gc,phases      ] GC(912)   Other: 0.1ms
[431.148s][info][gc,heap        ] GC(912) Eden regions: 0->0(25)
[431.148s][info][gc,heap        ] GC(912) Survivor regions: 0->0(4)
[431.148s][info][gc,heap        ] GC(912) Old regions: 494->494
[431.148s][info][gc,heap        ] GC(912) Archive regions: 2->2
[431.148s][info][gc,heap        ] GC(912) Humongous regions: 11->11
[431.148s][info][gc,metaspace   ] GC(912) Metaspace: 48625K(50128K)->48625K(50128K) NonClass: 42796K(43856K)->42796K(43856K) Class: 5829K(6272K)->5829K(6272K)
[431.148s][info][gc             ] GC(912) Pause Young (Concurrent Start) (G1 Humongous Allocation) 502M->502M(512M) 1.246ms
[431.148s][info][gc,cpu         ] GC(912) User=0.00s Sys=0.00s Real=0.00s
[431.148s][info][gc             ] GC(913) Concurrent Cycle
[431.148s][info][gc,marking     ] GC(913) Concurrent Clear Claimed Marks
[431.148s][info][gc,marking     ] GC(913) Concurrent Clear Claimed Marks 0.030ms
[431.148s][info][gc,marking     ] GC(913) Concurrent Scan Root Regions
[431.148s][info][gc,marking     ] GC(913) Concurrent Scan Root Regions 0.007ms
[431.148s][info][gc,marking     ] GC(913) Concurrent Mark (431.148s)
[431.148s][info][gc,marking     ] GC(913) Concurrent Mark From Roots
[431.148s][info][gc,task        ] GC(913) Using 2 workers of 2 for marking
[431.148s][info][gc,start       ] GC(914) Pause Young (Normal) (G1 Humongous Allocation)
[431.148s][info][gc,task        ] GC(914) Using 8 workers of 8 for evacuation
[431.149s][info][gc,phases      ] GC(914)   Pre Evacuate Collection Set: 0.1ms
[431.149s][info][gc,phases      ] GC(914)   Merge Heap Roots: 0.0ms
[431.149s][info][gc,phases      ] GC(914)   Evacuate Collection Set: 0.2ms
[431.149s][info][gc,phases      ] GC(914)   Post Evacuate Collection Set: 0.2ms
[431.149s][info][gc,phases      ] GC(914)   Other: 0.1ms
[431.149s][info][gc,heap        ] GC(914) Eden regions: 0->0(25)
[431.149s][info][gc,heap        ] GC(914) Survivor regions: 0->0(4)
[431.149s][info][gc,heap        ] GC(914) Old regions: 494->494
[431.149s][info][gc,heap        ] GC(914) Archive regions: 2->2
[431.149s][info][gc,heap        ] GC(914) Humongous regions: 11->11
[431.149s][info][gc,metaspace   ] GC(914) Metaspace: 48625K(50128K)->48625K(50128K) NonClass: 42796K(43856K)->42796K(43856K) Class: 5829K(6272K)->5829K(6272K)
[431.149s][info][gc             ] GC(914) Pause Young (Normal) (G1 Humongous Allocation) 502M->502M(512M) 0.740ms
[431.149s][info][gc,cpu         ] GC(914) User=0.01s Sys=0.00s Real=0.00s
[431.149s][info][gc,task        ] GC(915) Using 8 workers of 8 for full compaction
[431.149s][info][gc,start       ] GC(915) Pause Full (G1 Humongous Allocation)
[431.150s][info][gc,phases,start] GC(915) Phase 1: Mark live objects
[431.429s][info][gc,phases      ] GC(915) Phase 1: Mark live objects 278.786ms
[431.429s][info][gc,phases,start] GC(915) Phase 2: Prepare for compaction
[431.469s][info][gc,phases      ] GC(915) Phase 2: Prepare for compaction 40.479ms
[431.469s][info][gc,phases,start] GC(915) Phase 3: Adjust pointers
[431.561s][info][gc,phases      ] GC(915) Phase 3: Adjust pointers 92.207ms
[431.561s][info][gc,phases,start] GC(915) Phase 4: Compact heap
[431.608s][info][gc,phases      ] GC(915) Phase 4: Compact heap 46.204ms
[431.611s][info][gc,heap        ] GC(915) Eden regions: 0->0(25)
[431.611s][info][gc,heap        ] GC(915) Survivor regions: 0->0(4)
[431.611s][info][gc,heap        ] GC(915) Old regions: 494->493
[431.611s][info][gc,heap        ] GC(915) Archive regions: 2->2
[431.611s][info][gc,heap        ] GC(915) Humongous regions: 11->11
[431.611s][info][gc,metaspace   ] GC(915) Metaspace: 48625K(50128K)->48625K(50128K) NonClass: 42796K(43856K)->42796K(43856K) Class: 5829K(6272K)->5829K(6272K)
[431.611s][info][gc             ] GC(915) Pause Full (G1 Humongous Allocation) 502M->502M(512M) 461.958ms
[431.613s][info][gc,cpu         ] GC(915) User=2.61s Sys=0.04s Real=0.46s
[431.613s][info][gc,task        ] GC(916) Using 8 workers of 8 for full compaction
[431.613s][info][gc,start       ] GC(916) Pause Full (G1 Humongous Allocation)
[431.613s][info][gc,phases,start] GC(916) Phase 1: Mark live objects
[431.910s][info][gc,phases      ] GC(916) Phase 1: Mark live objects 297.163ms
[431.910s][info][gc,phases,start] GC(916) Phase 2: Prepare for compaction
[431.944s][info][gc,phases      ] GC(916) Phase 2: Prepare for compaction 34.430ms
[431.944s][info][gc,phases,start] GC(916) Phase 3: Adjust pointers
[432.028s][info][gc,phases      ] GC(916) Phase 3: Adjust pointers 83.762ms
[432.028s][info][gc,phases,start] GC(916) Phase 4: Compact heap
[432.066s][info][gc,phases      ] GC(916) Phase 4: Compact heap 37.261ms
[432.071s][info][gc,heap        ] GC(916) Eden regions: 0->0(25)
[432.071s][info][gc,heap        ] GC(916) Survivor regions: 0->0(4)
[432.071s][info][gc,heap        ] GC(916) Old regions: 493->493
[432.071s][info][gc,heap        ] GC(916) Archive regions: 2->2
[432.071s][info][gc,heap        ] GC(916) Humongous regions: 11->11
[432.071s][info][gc,metaspace   ] GC(916) Metaspace: 48625K(50128K)->48625K(50128K) NonClass: 42796K(43856K)->42796K(43856K) Class: 5829K(6272K)->5829K(6272K)
[432.071s][info][gc             ] GC(916) Pause Full (G1 Humongous Allocation) 502M->502M(512M) 458.362ms
[432.074s][info][gc,cpu         ] GC(916) User=2.56s Sys=0.06s Real=0.46s
[432.074s][info][gc,marking     ] GC(913) Concurrent Mark From Roots 925.654ms
[432.074s][info][gc,marking     ] GC(913) Concurrent Mark Abort
[432.074s][info][gc             ] GC(913) Concurrent Cycle 925.787ms
[432.085s][info][gc,start       ] GC(917) Pause Young (Concurrent Start) (G1 Humongous Allocation)
[432.085s][info][gc,task        ] GC(917) Using 8 workers of 8 for evacuation
[432.089s][info][gc,phases      ] GC(917)   Pre Evacuate Collection Set: 0.2ms
[432.089s][info][gc,phases      ] GC(917)   Merge Heap Roots: 0.0ms
[432.089s][info][gc,phases      ] GC(917)   Evacuate Collection Set: 3.2ms
[432.089s][info][gc,phases      ] GC(917)   Post Evacuate Collection Set: 0.6ms
[432.090s][info][gc,phases      ] GC(917)   Other: 0.3ms
[432.090s][info][gc,heap        ] GC(917) Eden regions: 5->0(24)
[432.090s][info][gc,heap        ] GC(917) Survivor regions: 0->1(1)
[432.090s][info][gc,heap        ] GC(917) Old regions: 493->493
[432.090s][info][gc,heap        ] GC(917) Archive regions: 2->2
[432.090s][info][gc,heap        ] GC(917) Humongous regions: 11->11
[432.090s][info][gc,metaspace   ] GC(917) Metaspace: 48685K(50128K)->48685K(50128K) NonClass: 42846K(43856K)->42846K(43856K) Class: 5838K(6272K)->5838K(6272K)
[432.090s][info][gc             ] GC(917) Pause Young (Concurrent Start) (G1 Humongous Allocation) 506M->503M(512M) 4.440ms
[432.090s][info][gc,cpu         ] GC(917) User=0.00s Sys=0.01s Real=0.01s
[432.090s][info][gc             ] GC(918) Concurrent Cycle
[432.090s][info][gc,marking     ] GC(918) Concurrent Clear Claimed Marks
[432.090s][info][gc,marking     ] GC(918) Concurrent Clear Claimed Marks 0.098ms
[432.090s][info][gc,marking     ] GC(918) Concurrent Scan Root Regions
[432.092s][info][gc,marking     ] GC(918) Concurrent Scan Root Regions 2.352ms
[432.092s][info][gc,marking     ] GC(918) Concurrent Mark (432.092s)
[432.092s][info][gc,start       ] GC(919) Pause Young (Normal) (G1 Humongous Allocation)
[432.092s][info][gc,marking     ] GC(918) Concurrent Mark From Roots
[432.092s][info][gc,task        ] GC(919) Using 8 workers of 8 for evacuation
[432.092s][info][gc,task        ] GC(918) Using 2 workers of 2 for marking
[432.095s][info][gc,phases      ] GC(919)   Pre Evacuate Collection Set: 1.4ms
[432.095s][info][gc,phases      ] GC(919)   Merge Heap Roots: 0.1ms
[432.095s][info][gc,phases      ] GC(919)   Evacuate Collection Set: 1.4ms
[432.095s][info][gc,phases      ] GC(919)   Post Evacuate Collection Set: 0.5ms
[432.095s][info][gc,phases      ] GC(919)   Other: 0.3ms
[432.095s][info][gc,heap        ] GC(919) Eden regions: 0->0(24)
[432.095s][info][gc,heap        ] GC(919) Survivor regions: 1->1(4)
[432.095s][info][gc,heap        ] GC(919) Old regions: 493->493
[432.095s][info][gc,heap        ] GC(919) Archive regions: 2->2
[432.095s][info][gc,heap        ] GC(919) Humongous regions: 11->11
[432.095s][info][gc,metaspace   ] GC(919) Metaspace: 48685K(50128K)->48685K(50128K) NonClass: 42846K(43856K)->42846K(43856K) Class: 5838K(6272K)->5838K(6272K)
[432.095s][info][gc             ] GC(919) Pause Young (Normal) (G1 Humongous Allocation) 503M->503M(512M) 2.514ms
[432.095s][info][gc,cpu         ] GC(919) User=0.01s Sys=0.00s Real=0.00s
[432.095s][info][gc,task        ] GC(920) Using 8 workers of 8 for full compaction
[432.095s][info][gc,start       ] GC(920) Pause Full (G1 Humongous Allocation)
[432.096s][info][gc,phases,start] GC(920) Phase 1: Mark live objects
[432.448s][info][gc,phases      ] GC(920) Phase 1: Mark live objects 351.797ms
[432.448s][info][gc,phases,start] GC(920) Phase 2: Prepare for compaction
[432.495s][info][gc,phases      ] GC(920) Phase 2: Prepare for compaction 47.096ms
[432.495s][info][gc,phases,start] GC(920) Phase 3: Adjust pointers
[432.612s][info][gc,phases      ] GC(920) Phase 3: Adjust pointers 117.138ms
[432.612s][info][gc,phases,start] GC(920) Phase 4: Compact heap
[432.670s][info][gc,phases      ] GC(920) Phase 4: Compact heap 58.518ms
[432.675s][info][gc,heap        ] GC(920) Eden regions: 0->0(25)
[432.675s][info][gc,heap        ] GC(920) Survivor regions: 1->0(4)
[432.675s][info][gc,heap        ] GC(920) Old regions: 493->493
[432.675s][info][gc,heap        ] GC(920) Archive regions: 2->2
[432.675s][info][gc,heap        ] GC(920) Humongous regions: 11->11
[432.675s][info][gc,metaspace   ] GC(920) Metaspace: 48685K(50128K)->48685K(50128K) NonClass: 42846K(43856K)->42846K(43856K) Class: 5838K(6272K)->5838K(6272K)
[432.675s][info][gc             ] GC(920) Pause Full (G1 Humongous Allocation) 503M->502M(512M) 580.109ms
[432.676s][info][gc,cpu         ] GC(920) User=2.61s Sys=0.04s Real=0.59s
[432.676s][info][gc,task        ] GC(921) Using 8 workers of 8 for full compaction
[432.676s][info][gc,start       ] GC(921) Pause Full (G1 Humongous Allocation)
[432.676s][info][gc,phases,start] GC(921) Phase 1: Mark live objects
[432.990s][info][gc,phases      ] GC(921) Phase 1: Mark live objects 313.147ms
[432.990s][info][gc,phases,start] GC(921) Phase 2: Prepare for compaction
[433.028s][info][gc,phases      ] GC(921) Phase 2: Prepare for compaction 38.657ms
[433.028s][info][gc,phases,start] GC(921) Phase 3: Adjust pointers
[433.185s][info][gc,phases      ] GC(921) Phase 3: Adjust pointers 157.138ms
[433.185s][info][gc,phases,start] GC(921) Phase 4: Compact heap
[433.233s][info][gc,phases      ] GC(921) Phase 4: Compact heap 47.660ms
[433.239s][info][gc,heap        ] GC(921) Eden regions: 0->0(25)
[433.239s][info][gc,heap        ] GC(921) Survivor regions: 0->0(4)
[433.239s][info][gc,heap        ] GC(921) Old regions: 493->493
[433.239s][info][gc,heap        ] GC(921) Archive regions: 2->2
[433.239s][info][gc,heap        ] GC(921) Humongous regions: 11->11
[433.239s][info][gc,metaspace   ] GC(921) Metaspace: 48685K(50128K)->48655K(50128K) NonClass: 42846K(43856K)->42820K(43856K) Class: 5838K(6272K)->5834K(6272K)
[433.239s][info][gc             ] GC(921) Pause Full (G1 Humongous Allocation) 502M->502M(512M) 562.746ms
[433.241s][info][gc,cpu         ] GC(921) User=2.56s Sys=0.06s Real=0.56s
[433.241s][info][gc,marking     ] GC(918) Concurrent Mark From Roots 1148.947ms
[433.241s][info][gc,marking     ] GC(918) Concurrent Mark Abort
[433.241s][info][gc             ] GC(918) Concurrent Cycle 1151.559ms
[433.243s][info][gc,start       ] GC(922) Pause Young (Concurrent Start) (G1 Humongous Allocation)
[433.243s][info][gc,task        ] GC(922) Using 8 workers of 8 for evacuation
[433.244s][info][gc,phases      ] GC(922)   Pre Evacuate Collection Set: 0.1ms
[433.244s][info][gc,phases      ] GC(922)   Merge Heap Roots: 0.0ms
[433.244s][info][gc,phases      ] GC(922)   Evacuate Collection Set: 0.8ms
[433.244s][info][gc,phases      ] GC(922)   Post Evacuate Collection Set: 0.2ms
[433.244s][info][gc,phases      ] GC(922)   Other: 0.1ms
[433.244s][info][gc,heap        ] GC(922) Eden regions: 1->0(24)
[433.244s][info][gc,heap        ] GC(922) Survivor regions: 0->1(4)
[433.244s][info][gc,heap        ] GC(922) Old regions: 493->493
[433.244s][info][gc,heap        ] GC(922) Archive regions: 2->2
[433.244s][info][gc,heap        ] GC(922) Humongous regions: 11->11
[433.244s][info][gc,metaspace   ] GC(922) Metaspace: 48655K(50128K)->48655K(50128K) NonClass: 42820K(43856K)->42820K(43856K) Class: 5834K(6272K)->5834K(6272K)
[433.244s][info][gc             ] GC(922) Pause Young (Concurrent Start) (G1 Humongous Allocation) 502M->502M(512M) 1.299ms
[433.244s][info][gc,cpu         ] GC(922) User=0.00s Sys=0.00s Real=0.00s
[433.244s][info][gc             ] GC(923) Concurrent Cycle
[433.244s][info][gc,marking     ] GC(923) Concurrent Clear Claimed Marks
[433.244s][info][gc,marking     ] GC(923) Concurrent Clear Claimed Marks 0.029ms
[433.244s][info][gc,marking     ] GC(923) Concurrent Scan Root Regions
[433.244s][info][gc,marking     ] GC(923) Concurrent Scan Root Regions 0.113ms
[433.244s][info][gc,marking     ] GC(923) Concurrent Mark (433.244s)
[433.244s][info][gc,marking     ] GC(923) Concurrent Mark From Roots
[433.244s][info][gc,task        ] GC(923) Using 2 workers of 2 for marking
[433.245s][info][gc,start       ] GC(924) Pause Young (Normal) (G1 Humongous Allocation)
[433.245s][info][gc,task        ] GC(924) Using 8 workers of 8 for evacuation
[433.246s][info][gc,phases      ] GC(924)   Pre Evacuate Collection Set: 0.1ms
[433.246s][info][gc,phases      ] GC(924)   Merge Heap Roots: 0.1ms
[433.246s][info][gc,phases      ] GC(924)   Evacuate Collection Set: 0.3ms
[433.246s][info][gc,phases      ] GC(924)   Post Evacuate Collection Set: 0.2ms
[433.246s][info][gc,phases      ] GC(924)   Other: 0.1ms
[433.246s][info][gc,heap        ] GC(924) Eden regions: 0->0(24)
[433.246s][info][gc,heap        ] GC(924) Survivor regions: 1->1(4)
[433.246s][info][gc,heap        ] GC(924) Old regions: 493->493
[433.246s][info][gc,heap        ] GC(924) Archive regions: 2->2
[433.246s][info][gc,heap        ] GC(924) Humongous regions: 11->11
[433.246s][info][gc,metaspace   ] GC(924) Metaspace: 48655K(50128K)->48655K(50128K) NonClass: 42820K(43856K)->42820K(43856K) Class: 5834K(6272K)->5834K(6272K)
[433.246s][info][gc             ] GC(924) Pause Young (Normal) (G1 Humongous Allocation) 502M->502M(512M) 0.879ms
[433.246s][info][gc,cpu         ] GC(924) User=0.00s Sys=0.00s Real=0.01s
[433.246s][info][gc,task        ] GC(925) Using 8 workers of 8 for full compaction
[433.246s][info][gc,start       ] GC(925) Pause Full (G1 Humongous Allocation)
[433.247s][info][gc,phases,start] GC(925) Phase 1: Mark live objects
[433.546s][info][gc,phases      ] GC(925) Phase 1: Mark live objects 299.269ms
[433.546s][info][gc,phases,start] GC(925) Phase 2: Prepare for compaction
[433.596s][info][gc,phases      ] GC(925) Phase 2: Prepare for compaction 49.766ms
[433.596s][info][gc,phases,start] GC(925) Phase 3: Adjust pointers
[433.731s][info][gc,phases      ] GC(925) Phase 3: Adjust pointers 135.393ms
[433.731s][info][gc,phases,start] GC(925) Phase 4: Compact heap
[433.780s][info][gc,phases      ] GC(925) Phase 4: Compact heap 49.047ms
[433.784s][info][gc,heap        ] GC(925) Eden regions: 0->0(25)
[433.784s][info][gc,heap        ] GC(925) Survivor regions: 1->0(4)
[433.784s][info][gc,heap        ] GC(925) Old regions: 493->491
[433.784s][info][gc,heap        ] GC(925) Archive regions: 2->2
[433.784s][info][gc,heap        ] GC(925) Humongous regions: 11->11
[433.784s][info][gc,metaspace   ] GC(925) Metaspace: 48655K(50128K)->48655K(50128K) NonClass: 42820K(43856K)->42820K(43856K) Class: 5834K(6272K)->5834K(6272K)
[433.784s][info][gc             ] GC(925) Pause Full (G1 Humongous Allocation) 502M->502M(512M) 537.881ms
[433.785s][info][gc,cpu         ] GC(925) User=2.56s Sys=0.05s Real=0.53s
[433.785s][info][gc,task        ] GC(926) Using 8 workers of 8 for full compaction
[433.785s][info][gc,start       ] GC(926) Pause Full (G1 Humongous Allocation)
[433.785s][info][gc,phases,start] GC(926) Phase 1: Mark live objects
[434.097s][info][gc,phases      ] GC(926) Phase 1: Mark live objects 311.591ms
[434.097s][info][gc,phases,start] GC(926) Phase 2: Prepare for compaction
[434.154s][info][gc,phases      ] GC(926) Phase 2: Prepare for compaction 56.694ms
[434.154s][info][gc,phases,start] GC(926) Phase 3: Adjust pointers
[434.301s][info][gc,phases      ] GC(926) Phase 3: Adjust pointers 146.968ms
[434.301s][info][gc,phases,start] GC(926) Phase 4: Compact heap
[434.347s][info][gc,phases      ] GC(926) Phase 4: Compact heap 46.836ms
[434.352s][info][gc,heap        ] GC(926) Eden regions: 0->0(25)
[434.352s][info][gc,heap        ] GC(926) Survivor regions: 0->0(4)
[434.352s][info][gc,heap        ] GC(926) Old regions: 491->491
[434.352s][info][gc,heap        ] GC(926) Archive regions: 2->2
[434.352s][info][gc,heap        ] GC(926) Humongous regions: 11->11
[434.352s][info][gc,metaspace   ] GC(926) Metaspace: 48655K(50128K)->48655K(50128K) NonClass: 42820K(43856K)->42820K(43856K) Class: 5834K(6272K)->5834K(6272K)
[434.352s][info][gc             ] GC(926) Pause Full (G1 Humongous Allocation) 502M->502M(512M) 566.526ms
[434.355s][info][gc,cpu         ] GC(926) User=2.55s Sys=0.09s Real=0.57s
[434.356s][info][gc,marking     ] GC(923) Concurrent Mark From Roots 1111.983ms
[434.356s][info][gc,marking     ] GC(923) Concurrent Mark Abort
[434.356s][info][gc             ] GC(923) Concurrent Cycle 1112.238ms
[434.358s][info][gc,start       ] GC(927) Pause Young (Concurrent Start) (G1 Humongous Allocation)
[434.358s][info][gc,task        ] GC(927) Using 8 workers of 8 for evacuation
[434.359s][info][gc,phases      ] GC(927)   Pre Evacuate Collection Set: 0.1ms
[434.359s][info][gc,phases      ] GC(927)   Merge Heap Roots: 0.0ms
[434.359s][info][gc,phases      ] GC(927)   Evacuate Collection Set: 0.8ms
[434.359s][info][gc,phases      ] GC(927)   Post Evacuate Collection Set: 0.2ms
[434.359s][info][gc,phases      ] GC(927)   Other: 0.1ms
[434.359s][info][gc,heap        ] GC(927) Eden regions: 1->0(24)
[434.359s][info][gc,heap        ] GC(927) Survivor regions: 0->1(4)
[434.359s][info][gc,heap        ] GC(927) Old regions: 491->491
[434.359s][info][gc,heap        ] GC(927) Archive regions: 2->2
[434.359s][info][gc,heap        ] GC(927) Humongous regions: 11->11
[434.359s][info][gc,metaspace   ] GC(927) Metaspace: 48655K(50128K)->48655K(50128K) NonClass: 42820K(43856K)->42820K(43856K) Class: 5834K(6272K)->5834K(6272K)
[434.359s][info][gc             ] GC(927) Pause Young (Concurrent Start) (G1 Humongous Allocation) 502M->502M(512M) 1.380ms
[434.359s][info][gc,cpu         ] GC(927) User=0.00s Sys=0.00s Real=0.00s
[434.359s][info][gc             ] GC(928) Concurrent Cycle
[434.359s][info][gc,marking     ] GC(928) Concurrent Clear Claimed Marks
[434.359s][info][gc,marking     ] GC(928) Concurrent Clear Claimed Marks 0.021ms
[434.359s][info][gc,marking     ] GC(928) Concurrent Scan Root Regions
[434.360s][info][gc,marking     ] GC(928) Concurrent Scan Root Regions 0.525ms
[434.360s][info][gc,marking     ] GC(928) Concurrent Mark (434.360s)
[434.360s][info][gc,marking     ] GC(928) Concurrent Mark From Roots
[434.360s][info][gc,task        ] GC(928) Using 2 workers of 2 for marking
[434.360s][info][gc,start       ] GC(929) Pause Young (Normal) (G1 Humongous Allocation)
[434.360s][info][gc,task        ] GC(929) Using 8 workers of 8 for evacuation
[434.361s][info][gc,phases      ] GC(929)   Pre Evacuate Collection Set: 0.1ms
[434.361s][info][gc,phases      ] GC(929)   Merge Heap Roots: 0.0ms
[434.361s][info][gc,phases      ] GC(929)   Evacuate Collection Set: 0.2ms
[434.361s][info][gc,phases      ] GC(929)   Post Evacuate Collection Set: 0.3ms
[434.361s][info][gc,phases      ] GC(929)   Other: 0.1ms
[434.361s][info][gc,heap        ] GC(929) Eden regions: 1->0(24)
[434.361s][info][gc,heap        ] GC(929) Survivor regions: 1->1(4)
[434.361s][info][gc,heap        ] GC(929) Old regions: 491->491
[434.361s][info][gc,heap        ] GC(929) Archive regions: 2->2
[434.361s][info][gc,heap        ] GC(929) Humongous regions: 11->11
[434.361s][info][gc,metaspace   ] GC(929) Metaspace: 48655K(50128K)->48655K(50128K) NonClass: 42820K(43856K)->42820K(43856K) Class: 5834K(6272K)->5834K(6272K)
[434.361s][info][gc             ] GC(929) Pause Young (Normal) (G1 Humongous Allocation) 502M->502M(512M) 0.800ms
[434.361s][info][gc,cpu         ] GC(929) User=0.01s Sys=0.00s Real=0.00s
[434.361s][info][gc,task        ] GC(930) Using 8 workers of 8 for full compaction
[434.361s][info][gc,start       ] GC(930) Pause Full (G1 Humongous Allocation)
[434.361s][info][gc,phases,start] GC(930) Phase 1: Mark live objects
[434.840s][info][gc,phases      ] GC(930) Phase 1: Mark live objects 479.079ms
[434.841s][info][gc,phases,start] GC(930) Phase 2: Prepare for compaction
[434.893s][info][gc,phases      ] GC(930) Phase 2: Prepare for compaction 52.555ms
[434.893s][info][gc,phases,start] GC(930) Phase 3: Adjust pointers
[435.016s][info][gc,phases      ] GC(930) Phase 3: Adjust pointers 123.238ms
[435.016s][info][gc,phases,start] GC(930) Phase 4: Compact heap
[435.056s][info][gc,phases      ] GC(930) Phase 4: Compact heap 39.894ms
[435.061s][info][gc,heap        ] GC(930) Eden regions: 0->0(25)
[435.061s][info][gc,heap        ] GC(930) Survivor regions: 1->0(4)
[435.061s][info][gc,heap        ] GC(930) Old regions: 491->492
[435.061s][info][gc,heap        ] GC(930) Archive regions: 2->2
[435.061s][info][gc,heap        ] GC(930) Humongous regions: 11->11
[435.061s][info][gc,metaspace   ] GC(930) Metaspace: 48655K(50128K)->48655K(50128K) NonClass: 42820K(43856K)->42820K(43856K) Class: 5834K(6272K)->5834K(6272K)
[435.061s][info][gc             ] GC(930) Pause Full (G1 Humongous Allocation) 502M->502M(512M) 700.322ms
[435.063s][info][gc,cpu         ] GC(930) User=2.60s Sys=0.07s Real=0.70s
[435.063s][info][gc,task        ] GC(931) Using 8 workers of 8 for full compaction
[435.063s][info][gc,start       ] GC(931) Pause Full (G1 Humongous Allocation)
[435.063s][info][gc,phases,start] GC(931) Phase 1: Mark live objects
[435.376s][info][gc,phases      ] GC(931) Phase 1: Mark live objects 313.220ms
[435.376s][info][gc,phases,start] GC(931) Phase 2: Prepare for compaction
[435.414s][info][gc,phases      ] GC(931) Phase 2: Prepare for compaction 37.865ms
[435.414s][info][gc,phases,start] GC(931) Phase 3: Adjust pointers
[435.496s][info][gc,phases      ] GC(931) Phase 3: Adjust pointers 81.329ms
[435.496s][info][gc,phases,start] GC(931) Phase 4: Compact heap
[435.531s][info][gc,phases      ] GC(931) Phase 4: Compact heap 35.209ms
[435.535s][info][gc,heap        ] GC(931) Eden regions: 0->0(25)
[435.535s][info][gc,heap        ] GC(931) Survivor regions: 0->0(4)
[435.535s][info][gc,heap        ] GC(931) Old regions: 492->492
[435.535s][info][gc,heap        ] GC(931) Archive regions: 2->2
[435.535s][info][gc,heap        ] GC(931) Humongous regions: 11->11
[435.535s][info][gc,metaspace   ] GC(931) Metaspace: 48655K(50128K)->48655K(50128K) NonClass: 42820K(43856K)->42820K(43856K) Class: 5834K(6272K)->5834K(6272K)
[435.535s][info][gc             ] GC(931) Pause Full (G1 Humongous Allocation) 502M->502M(512M) 471.665ms
[435.538s][info][gc,cpu         ] GC(931) User=2.56s Sys=0.06s Real=0.48s
[435.538s][info][gc,marking     ] GC(928) Concurrent Mark From Roots 1178.145ms
[435.540s][info][gc,start       ] GC(932) Pause Young (Normal) (G1 Humongous Allocation)
[435.540s][info][gc,task        ] GC(932) Using 8 workers of 8 for evacuation
[435.540s][info][gc,phases      ] GC(932)   Pre Evacuate Collection Set: 0.1ms
[435.540s][info][gc,phases      ] GC(932)   Merge Heap Roots: 0.1ms
[435.540s][info][gc,phases      ] GC(932)   Evacuate Collection Set: 0.2ms
[435.540s][info][gc,phases      ] GC(932)   Post Evacuate Collection Set: 0.2ms
[435.540s][info][gc,phases      ] GC(932)   Other: 0.1ms
[435.540s][info][gc,heap        ] GC(932) Eden regions: 1->0(24)
[435.540s][info][gc,heap        ] GC(932) Survivor regions: 0->1(4)
[435.540s][info][gc,heap        ] GC(932) Old regions: 492->492
[435.540s][info][gc,heap        ] GC(932) Archive regions: 2->2
[435.540s][info][gc,heap        ] GC(932) Humongous regions: 11->11
[435.540s][info][gc,metaspace   ] GC(932) Metaspace: 48655K(50128K)->48655K(50128K) NonClass: 42820K(43856K)->42820K(43856K) Class: 5834K(6272K)->5834K(6272K)
[435.540s][info][gc             ] GC(932) Pause Young (Normal) (G1 Humongous Allocation) 502M->502M(512M) 0.835ms
[435.540s][info][gc,cpu         ] GC(932) User=0.00s Sys=0.00s Real=0.00s
[435.540s][info][gc,task        ] GC(933) Using 8 workers of 8 for full compaction
[435.541s][info][gc,start       ] GC(933) Pause Full (G1 Humongous Allocation)
[435.541s][info][gc,phases,start] GC(933) Phase 1: Mark live objects
[435.864s][info][gc,phases      ] GC(933) Phase 1: Mark live objects 323.552ms
[435.864s][info][gc,phases,start] GC(933) Phase 2: Prepare for compaction
[435.907s][info][gc,phases      ] GC(933) Phase 2: Prepare for compaction 42.812ms
[435.907s][info][gc,phases,start] GC(933) Phase 3: Adjust pointers
[435.990s][info][gc,phases      ] GC(933) Phase 3: Adjust pointers 83.230ms
[435.990s][info][gc,phases,start] GC(933) Phase 4: Compact heap
[436.025s][info][gc,phases      ] GC(933) Phase 4: Compact heap 34.808ms
[436.028s][info][gc,heap        ] GC(933) Eden regions: 0->0(25)
[436.028s][info][gc,heap        ] GC(933) Survivor regions: 1->0(4)
[436.028s][info][gc,heap        ] GC(933) Old regions: 492->492
[436.028s][info][gc,heap        ] GC(933) Archive regions: 2->2
[436.028s][info][gc,heap        ] GC(933) Humongous regions: 11->11
[436.028s][info][gc,metaspace   ] GC(933) Metaspace: 48655K(50128K)->48655K(50128K) NonClass: 42820K(43856K)->42820K(43856K) Class: 5834K(6272K)->5834K(6272K)
[436.028s][info][gc             ] GC(933) Pause Full (G1 Humongous Allocation) 502M->502M(512M) 487.980ms
[436.030s][info][gc,cpu         ] GC(933) User=2.58s Sys=0.07s Real=0.49s
[436.030s][info][gc,task        ] GC(934) Using 8 workers of 8 for full compaction
[436.030s][info][gc,start       ] GC(934) Pause Full (G1 Humongous Allocation)
[436.030s][info][gc,phases,start] GC(934) Phase 1: Mark live objects
[436.343s][info][gc,phases      ] GC(934) Phase 1: Mark live objects 312.762ms
[436.343s][info][gc,phases,start] GC(934) Phase 2: Prepare for compaction
[436.378s][info][gc,phases      ] GC(934) Phase 2: Prepare for compaction 35.201ms
[436.378s][info][gc,phases,start] GC(934) Phase 3: Adjust pointers
[436.460s][info][gc,phases      ] GC(934) Phase 3: Adjust pointers 82.064ms
[436.460s][info][gc,phases,start] GC(934) Phase 4: Compact heap
[436.497s][info][gc,phases      ] GC(934) Phase 4: Compact heap 36.847ms
[436.501s][info][gc,heap        ] GC(934) Eden regions: 0->0(25)
[436.501s][info][gc,heap        ] GC(934) Survivor regions: 0->0(4)
[436.501s][info][gc,heap        ] GC(934) Old regions: 492->492
[436.501s][info][gc,heap        ] GC(934) Archive regions: 2->2
[436.501s][info][gc,heap        ] GC(934) Humongous regions: 11->11
[436.501s][info][gc,metaspace   ] GC(934) Metaspace: 48655K(50128K)->48655K(50128K) NonClass: 42820K(43856K)->42820K(43856K) Class: 5834K(6272K)->5834K(6272K)
[436.501s][info][gc             ] GC(934) Pause Full (G1 Humongous Allocation) 502M->502M(512M) 470.966ms
[436.503s][info][gc,cpu         ] GC(934) User=2.51s Sys=0.07s Real=0.47s
[436.503s][info][gc,marking     ] GC(928) Concurrent Mark Abort
[436.503s][info][gc             ] GC(928) Concurrent Cycle 2144.060ms
[436.506s][info][gc,start       ] GC(935) Pause Young (Concurrent Start) (G1 Humongous Allocation)
[436.506s][info][gc,task        ] GC(935) Using 8 workers of 8 for evacuation
[436.508s][info][gc,phases      ] GC(935)   Pre Evacuate Collection Set: 0.2ms
[436.508s][info][gc,phases      ] GC(935)   Merge Heap Roots: 0.1ms
[436.508s][info][gc,phases      ] GC(935)   Evacuate Collection Set: 1.2ms
[436.508s][info][gc,phases      ] GC(935)   Post Evacuate Collection Set: 0.2ms
[436.508s][info][gc,phases      ] GC(935)   Other: 0.2ms
[436.508s][info][gc,heap        ] GC(935) Eden regions: 1->0(24)
[436.508s][info][gc,heap        ] GC(935) Survivor regions: 0->1(4)
[436.508s][info][gc,heap        ] GC(935) Old regions: 492->492
[436.508s][info][gc,heap        ] GC(935) Archive regions: 2->2
[436.508s][info][gc,heap        ] GC(935) Humongous regions: 11->11
[436.508s][info][gc,metaspace   ] GC(935) Metaspace: 48655K(50128K)->48655K(50128K) NonClass: 42820K(43856K)->42820K(43856K) Class: 5834K(6272K)->5834K(6272K)
[436.508s][info][gc             ] GC(935) Pause Young (Concurrent Start) (G1 Humongous Allocation) 502M->502M(512M) 1.958ms
[436.508s][info][gc,cpu         ] GC(935) User=0.00s Sys=0.01s Real=0.00s
[436.508s][info][gc             ] GC(936) Concurrent Cycle
[436.508s][info][gc,marking     ] GC(936) Concurrent Clear Claimed Marks
[436.508s][info][gc,marking     ] GC(936) Concurrent Clear Claimed Marks 0.057ms
[436.508s][info][gc,marking     ] GC(936) Concurrent Scan Root Regions
[436.509s][info][gc,marking     ] GC(936) Concurrent Scan Root Regions 0.700ms
[436.509s][info][gc,marking     ] GC(936) Concurrent Mark (436.509s)
[436.509s][info][gc,marking     ] GC(936) Concurrent Mark From Roots
[436.509s][info][gc,task        ] GC(936) Using 2 workers of 2 for marking
[436.509s][info][gc,start       ] GC(937) Pause Young (Normal) (G1 Humongous Allocation)
[436.509s][info][gc,task        ] GC(937) Using 8 workers of 8 for evacuation
[436.510s][info][gc,phases      ] GC(937)   Pre Evacuate Collection Set: 0.0ms
[436.510s][info][gc,phases      ] GC(937)   Merge Heap Roots: 0.0ms
[436.510s][info][gc,phases      ] GC(937)   Evacuate Collection Set: 0.2ms
[436.510s][info][gc,phases      ] GC(937)   Post Evacuate Collection Set: 0.2ms
[436.510s][info][gc,phases      ] GC(937)   Other: 0.1ms
[436.510s][info][gc,heap        ] GC(937) Eden regions: 0->0(24)
[436.510s][info][gc,heap        ] GC(937) Survivor regions: 1->1(4)
[436.510s][info][gc,heap        ] GC(937) Old regions: 492->492
[436.510s][info][gc,heap        ] GC(937) Archive regions: 2->2
[436.510s][info][gc,heap        ] GC(937) Humongous regions: 11->11
[436.510s][info][gc,metaspace   ] GC(937) Metaspace: 48655K(50128K)->48655K(50128K) NonClass: 42820K(43856K)->42820K(43856K) Class: 5834K(6272K)->5834K(6272K)
[436.510s][info][gc             ] GC(937) Pause Young (Normal) (G1 Humongous Allocation) 502M->502M(512M) 0.763ms
[436.510s][info][gc,cpu         ] GC(937) User=0.00s Sys=0.00s Real=0.00s
[436.510s][info][gc,task        ] GC(938) Using 8 workers of 8 for full compaction
[436.510s][info][gc,start       ] GC(938) Pause Full (G1 Humongous Allocation)
[436.510s][info][gc,phases,start] GC(938) Phase 1: Mark live objects
[436.828s][info][gc,phases      ] GC(938) Phase 1: Mark live objects 317.839ms
[436.828s][info][gc,phases,start] GC(938) Phase 2: Prepare for compaction
[436.876s][info][gc,phases      ] GC(938) Phase 2: Prepare for compaction 48.011ms
[436.876s][info][gc,phases,start] GC(938) Phase 3: Adjust pointers
[436.966s][info][gc,phases      ] GC(938) Phase 3: Adjust pointers 89.596ms
[436.966s][info][gc,phases,start] GC(938) Phase 4: Compact heap
[436.999s][info][gc,phases      ] GC(938) Phase 4: Compact heap 33.560ms
[437.005s][info][gc,heap        ] GC(938) Eden regions: 0->0(25)
[437.005s][info][gc,heap        ] GC(938) Survivor regions: 1->0(4)
[437.005s][info][gc,heap        ] GC(938) Old regions: 492->492
[437.005s][info][gc,heap        ] GC(938) Archive regions: 2->2
[437.005s][info][gc,heap        ] GC(938) Humongous regions: 11->11
[437.005s][info][gc,metaspace   ] GC(938) Metaspace: 48655K(50128K)->48655K(50128K) NonClass: 42820K(43856K)->42820K(43856K) Class: 5834K(6272K)->5834K(6272K)
[437.005s][info][gc             ] GC(938) Pause Full (G1 Humongous Allocation) 502M->502M(512M) 495.014ms
[437.006s][info][gc,cpu         ] GC(938) User=2.51s Sys=0.07s Real=0.50s
[437.006s][info][gc,task        ] GC(939) Using 8 workers of 8 for full compaction
[437.006s][info][gc,start       ] GC(939) Pause Full (G1 Humongous Allocation)
[437.006s][info][gc,phases,start] GC(939) Phase 1: Mark live objects
[437.307s][info][gc,phases      ] GC(939) Phase 1: Mark live objects 301.117ms
[437.307s][info][gc,phases,start] GC(939) Phase 2: Prepare for compaction
[437.339s][info][gc,phases      ] GC(939) Phase 2: Prepare for compaction 31.994ms
[437.340s][info][gc,phases,start] GC(939) Phase 3: Adjust pointers
[437.481s][info][gc,phases      ] GC(939) Phase 3: Adjust pointers 141.259ms
[437.481s][info][gc,phases,start] GC(939) Phase 4: Compact heap
[437.519s][info][gc,phases      ] GC(939) Phase 4: Compact heap 38.534ms
[437.524s][info][gc,heap        ] GC(939) Eden regions: 0->0(25)
[437.524s][info][gc,heap        ] GC(939) Survivor regions: 0->0(4)
[437.524s][info][gc,heap        ] GC(939) Old regions: 492->492
[437.524s][info][gc,heap        ] GC(939) Archive regions: 2->2
[437.524s][info][gc,heap        ] GC(939) Humongous regions: 11->11
[437.524s][info][gc,metaspace   ] GC(939) Metaspace: 48655K(50128K)->48655K(50128K) NonClass: 42820K(43856K)->42820K(43856K) Class: 5834K(6272K)->5834K(6272K)
[437.524s][info][gc             ] GC(939) Pause Full (G1 Humongous Allocation) 502M->502M(512M) 517.727ms
[437.526s][info][gc,cpu         ] GC(939) User=2.52s Sys=0.07s Real=0.52s
[437.527s][info][gc,marking     ] GC(936) Concurrent Mark From Roots 1018.605ms
[437.527s][info][gc,marking     ] GC(936) Concurrent Mark Abort
[437.527s][info][gc             ] GC(936) Concurrent Cycle 1019.610ms
[437.530s][info][gc,start       ] GC(940) Pause Young (Normal) (G1 Humongous Allocation)
[437.530s][info][gc,task        ] GC(940) Using 8 workers of 8 for evacuation
[437.530s][info][gc,phases      ] GC(940)   Pre Evacuate Collection Set: 0.1ms
[437.530s][info][gc,phases      ] GC(940)   Merge Heap Roots: 0.0ms
[437.530s][info][gc,phases      ] GC(940)   Evacuate Collection Set: 0.2ms
[437.530s][info][gc,phases      ] GC(940)   Post Evacuate Collection Set: 0.2ms
[437.530s][info][gc,phases      ] GC(940)   Other: 0.1ms
[437.530s][info][gc,heap        ] GC(940) Eden regions: 1->0(24)
[437.530s][info][gc,heap        ] GC(940) Survivor regions: 0->1(4)
[437.530s][info][gc,heap        ] GC(940) Old regions: 492->492
[437.530s][info][gc,heap        ] GC(940) Archive regions: 2->2
[437.530s][info][gc,heap        ] GC(940) Humongous regions: 11->11
[437.530s][info][gc,metaspace   ] GC(940) Metaspace: 48655K(50128K)->48655K(50128K) NonClass: 42820K(43856K)->42820K(43856K) Class: 5834K(6272K)->5834K(6272K)
[437.530s][info][gc             ] GC(940) Pause Young (Normal) (G1 Humongous Allocation) 502M->502M(512M) 0.737ms
[437.530s][info][gc,cpu         ] GC(940) User=0.00s Sys=0.00s Real=0.00s
[437.530s][info][gc,task        ] GC(941) Using 8 workers of 8 for full compaction
[437.530s][info][gc,start       ] GC(941) Pause Full (G1 Humongous Allocation)
[437.531s][info][gc,phases,start] GC(941) Phase 1: Mark live objects
[437.866s][info][gc,phases      ] GC(941) Phase 1: Mark live objects 335.839ms
[437.866s][info][gc,phases,start] GC(941) Phase 2: Prepare for compaction
[437.900s][info][gc,phases      ] GC(941) Phase 2: Prepare for compaction 33.559ms
[437.900s][info][gc,phases,start] GC(941) Phase 3: Adjust pointers
[437.991s][info][gc,phases      ] GC(941) Phase 3: Adjust pointers 90.720ms
[437.991s][info][gc,phases,start] GC(941) Phase 4: Compact heap
[438.029s][info][gc,phases      ] GC(941) Phase 4: Compact heap 38.021ms
[438.033s][info][gc,heap        ] GC(941) Eden regions: 0->0(25)
[438.033s][info][gc,heap        ] GC(941) Survivor regions: 1->0(4)
[438.033s][info][gc,heap        ] GC(941) Old regions: 492->492
[438.033s][info][gc,heap        ] GC(941) Archive regions: 2->2
[438.033s][info][gc,heap        ] GC(941) Humongous regions: 11->11
[438.033s][info][gc,metaspace   ] GC(941) Metaspace: 48655K(50128K)->48655K(50128K) NonClass: 42820K(43856K)->42820K(43856K) Class: 5834K(6272K)->5834K(6272K)
[438.033s][info][gc             ] GC(941) Pause Full (G1 Humongous Allocation) 502M->502M(512M) 502.221ms
[438.037s][info][gc,cpu         ] GC(941) User=2.53s Sys=0.07s Real=0.51s
[438.037s][info][gc,task        ] GC(942) Using 8 workers of 8 for full compaction
[438.037s][info][gc,start       ] GC(942) Pause Full (G1 Humongous Allocation)
[438.037s][info][gc,phases,start] GC(942) Phase 1: Mark live objects
[438.355s][info][gc,phases      ] GC(942) Phase 1: Mark live objects 317.782ms
[438.355s][info][gc,phases,start] GC(942) Phase 2: Prepare for compaction
[438.390s][info][gc,phases      ] GC(942) Phase 2: Prepare for compaction 34.666ms
[438.390s][info][gc,phases,start] GC(942) Phase 3: Adjust pointers
[438.474s][info][gc,phases      ] GC(942) Phase 3: Adjust pointers 83.872ms
[438.474s][info][gc,phases,start] GC(942) Phase 4: Compact heap
[438.510s][info][gc,phases      ] GC(942) Phase 4: Compact heap 35.691ms
[438.515s][info][gc,heap        ] GC(942) Eden regions: 0->0(25)
[438.515s][info][gc,heap        ] GC(942) Survivor regions: 0->0(4)
[438.515s][info][gc,heap        ] GC(942) Old regions: 492->492
[438.515s][info][gc,heap        ] GC(942) Archive regions: 2->2
[438.515s][info][gc,heap        ] GC(942) Humongous regions: 11->11
[438.515s][info][gc,metaspace   ] GC(942) Metaspace: 48655K(50128K)->48655K(50128K) NonClass: 42820K(43856K)->42820K(43856K) Class: 5834K(6272K)->5834K(6272K)
[438.515s][info][gc             ] GC(942) Pause Full (G1 Humongous Allocation) 502M->502M(512M) 477.279ms
[438.517s][info][gc,cpu         ] GC(942) User=2.52s Sys=0.06s Real=0.48s
[438.519s][info][gc,start       ] GC(943) Pause Young (Concurrent Start) (G1 Humongous Allocation)
[438.519s][info][gc,task        ] GC(943) Using 8 workers of 8 for evacuation
[438.521s][info][gc,phases      ] GC(943)   Pre Evacuate Collection Set: 0.1ms
[438.521s][info][gc,phases      ] GC(943)   Merge Heap Roots: 0.0ms
[438.521s][info][gc,phases      ] GC(943)   Evacuate Collection Set: 1.1ms
[438.521s][info][gc,phases      ] GC(943)   Post Evacuate Collection Set: 0.5ms
[438.522s][info][gc,phases      ] GC(943)   Other: 0.2ms
[438.522s][info][gc,heap        ] GC(943) Eden regions: 1->0(24)
[438.522s][info][gc,heap        ] GC(943) Survivor regions: 0->1(4)
[438.522s][info][gc,heap        ] GC(943) Old regions: 492->492
[438.522s][info][gc,heap        ] GC(943) Archive regions: 2->2
[438.522s][info][gc,heap        ] GC(943) Humongous regions: 11->11
[438.522s][info][gc,metaspace   ] GC(943) Metaspace: 48655K(50128K)->48655K(50128K) NonClass: 42820K(43856K)->42820K(43856K) Class: 5834K(6272K)->5834K(6272K)
[438.522s][info][gc             ] GC(943) Pause Young (Concurrent Start) (G1 Humongous Allocation) 502M->502M(512M) 2.148ms
[438.522s][info][gc,cpu         ] GC(943) User=0.01s Sys=0.00s Real=0.00s
[438.522s][info][gc             ] GC(944) Concurrent Cycle
[438.522s][info][gc,marking     ] GC(944) Concurrent Clear Claimed Marks
[438.522s][info][gc,marking     ] GC(944) Concurrent Clear Claimed Marks 0.076ms
[438.522s][info][gc,marking     ] GC(944) Concurrent Scan Root Regions
[438.523s][info][gc,marking     ] GC(944) Concurrent Scan Root Regions 1.648ms
[438.524s][info][gc,marking     ] GC(944) Concurrent Mark (438.524s)
[438.524s][info][gc,start       ] GC(945) Pause Young (Normal) (G1 Humongous Allocation)
[438.524s][info][gc,marking     ] GC(944) Concurrent Mark From Roots
[438.524s][info][gc,task        ] GC(945) Using 8 workers of 8 for evacuation
[438.524s][info][gc,task        ] GC(944) Using 2 workers of 2 for marking
[438.525s][info][gc,phases      ] GC(945)   Pre Evacuate Collection Set: 0.9ms
[438.525s][info][gc,phases      ] GC(945)   Merge Heap Roots: 0.0ms
[438.525s][info][gc,phases      ] GC(945)   Evacuate Collection Set: 0.5ms
[438.525s][info][gc,phases      ] GC(945)   Post Evacuate Collection Set: 0.3ms
[438.525s][info][gc,phases      ] GC(945)   Other: 0.3ms
[438.525s][info][gc,heap        ] GC(945) Eden regions: 0->0(24)
[438.525s][info][gc,heap        ] GC(945) Survivor regions: 1->1(4)
[438.525s][info][gc,heap        ] GC(945) Old regions: 492->492
[438.525s][info][gc,heap        ] GC(945) Archive regions: 2->2
[438.525s][info][gc,heap        ] GC(945) Humongous regions: 11->11
[438.525s][info][gc,metaspace   ] GC(945) Metaspace: 48655K(50128K)->48655K(50128K) NonClass: 42820K(43856K)->42820K(43856K) Class: 5834K(6272K)->5834K(6272K)
[438.525s][info][gc             ] GC(945) Pause Young (Normal) (G1 Humongous Allocation) 502M->502M(512M) 1.423ms
[438.525s][info][gc,cpu         ] GC(945) User=0.01s Sys=0.00s Real=0.00s
[438.525s][info][gc,task        ] GC(946) Using 8 workers of 8 for full compaction
[438.525s][info][gc,start       ] GC(946) Pause Full (G1 Humongous Allocation)
[438.526s][info][gc,phases,start] GC(946) Phase 1: Mark live objects
[438.840s][info][gc,phases      ] GC(946) Phase 1: Mark live objects 313.408ms
[438.840s][info][gc,phases,start] GC(946) Phase 2: Prepare for compaction
[438.874s][info][gc,phases      ] GC(946) Phase 2: Prepare for compaction 34.657ms
[438.874s][info][gc,phases,start] GC(946) Phase 3: Adjust pointers
[438.959s][info][gc,phases      ] GC(946) Phase 3: Adjust pointers 84.669ms
[438.959s][info][gc,phases,start] GC(946) Phase 4: Compact heap
[438.988s][info][gc,phases      ] GC(946) Phase 4: Compact heap 28.490ms
[438.992s][info][gc,heap        ] GC(946) Eden regions: 0->0(25)
[438.992s][info][gc,heap        ] GC(946) Survivor regions: 1->0(4)
[438.992s][info][gc,heap        ] GC(946) Old regions: 492->492
[438.992s][info][gc,heap        ] GC(946) Archive regions: 2->2
[438.992s][info][gc,heap        ] GC(946) Humongous regions: 11->11
[438.992s][info][gc,metaspace   ] GC(946) Metaspace: 48655K(50128K)->48655K(50128K) NonClass: 42820K(43856K)->42820K(43856K) Class: 5834K(6272K)->5834K(6272K)
[438.992s][info][gc             ] GC(946) Pause Full (G1 Humongous Allocation) 502M->502M(512M) 466.940ms
[438.994s][info][gc,cpu         ] GC(946) User=2.52s Sys=0.07s Real=0.47s
[438.994s][info][gc,task        ] GC(947) Using 8 workers of 8 for full compaction
[438.994s][info][gc,start       ] GC(947) Pause Full (G1 Humongous Allocation)
[438.994s][info][gc,phases,start] GC(947) Phase 1: Mark live objects
[439.309s][info][gc,phases      ] GC(947) Phase 1: Mark live objects 314.645ms
[439.309s][info][gc,phases,start] GC(947) Phase 2: Prepare for compaction
[439.347s][info][gc,phases      ] GC(947) Phase 2: Prepare for compaction 38.077ms
[439.347s][info][gc,phases,start] GC(947) Phase 3: Adjust pointers
[439.431s][info][gc,phases      ] GC(947) Phase 3: Adjust pointers 84.103ms
[439.431s][info][gc,phases,start] GC(947) Phase 4: Compact heap
[439.467s][info][gc,phases      ] GC(947) Phase 4: Compact heap 35.446ms
[439.473s][info][gc,heap        ] GC(947) Eden regions: 0->0(25)
[439.473s][info][gc,heap        ] GC(947) Survivor regions: 0->0(4)
[439.473s][info][gc,heap        ] GC(947) Old regions: 492->492
[439.473s][info][gc,heap        ] GC(947) Archive regions: 2->2
[439.473s][info][gc,heap        ] GC(947) Humongous regions: 11->11
[439.473s][info][gc,metaspace   ] GC(947) Metaspace: 48655K(50128K)->48655K(50128K) NonClass: 42820K(43856K)->42820K(43856K) Class: 5834K(6272K)->5834K(6272K)
[439.473s][info][gc             ] GC(947) Pause Full (G1 Humongous Allocation) 502M->502M(512M) 479.113ms
[439.475s][info][gc,cpu         ] GC(947) User=2.52s Sys=0.05s Real=0.48s
[439.475s][info][gc,marking     ] GC(944) Concurrent Mark From Roots 951.292ms
[439.475s][info][gc,marking     ] GC(944) Concurrent Mark Abort
[439.475s][info][gc             ] GC(944) Concurrent Cycle 953.240ms
[439.477s][info][gc,start       ] GC(948) Pause Young (Concurrent Start) (G1 Humongous Allocation)
[439.477s][info][gc,task        ] GC(948) Using 8 workers of 8 for evacuation
[439.479s][info][gc,phases      ] GC(948)   Pre Evacuate Collection Set: 0.1ms
[439.479s][info][gc,phases      ] GC(948)   Merge Heap Roots: 0.0ms
[439.479s][info][gc,phases      ] GC(948)   Evacuate Collection Set: 0.8ms
[439.479s][info][gc,phases      ] GC(948)   Post Evacuate Collection Set: 0.4ms
[439.479s][info][gc,phases      ] GC(948)   Other: 0.2ms
[439.479s][info][gc,heap        ] GC(948) Eden regions: 0->0(25)
[439.479s][info][gc,heap        ] GC(948) Survivor regions: 0->0(4)
[439.479s][info][gc,heap        ] GC(948) Old regions: 492->492
[439.479s][info][gc,heap        ] GC(948) Archive regions: 2->2
[439.479s][info][gc,heap        ] GC(948) Humongous regions: 11->11
[439.479s][info][gc,metaspace   ] GC(948) Metaspace: 48655K(50128K)->48655K(50128K) NonClass: 42820K(43856K)->42820K(43856K) Class: 5834K(6272K)->5834K(6272K)
[439.479s][info][gc             ] GC(948) Pause Young (Concurrent Start) (G1 Humongous Allocation) 502M->502M(512M) 1.605ms
[439.479s][info][gc,cpu         ] GC(948) User=0.00s Sys=0.00s Real=0.00s
[439.479s][info][gc             ] GC(949) Concurrent Cycle
[439.479s][info][gc,marking     ] GC(949) Concurrent Clear Claimed Marks
[439.479s][info][gc,marking     ] GC(949) Concurrent Clear Claimed Marks 0.057ms
[439.479s][info][gc,marking     ] GC(949) Concurrent Scan Root Regions
[439.479s][info][gc,marking     ] GC(949) Concurrent Scan Root Regions 0.012ms
[439.479s][info][gc,marking     ] GC(949) Concurrent Mark (439.479s)
[439.479s][info][gc,marking     ] GC(949) Concurrent Mark From Roots
[439.479s][info][gc,task        ] GC(949) Using 2 workers of 2 for marking
[439.479s][info][gc,start       ] GC(950) Pause Young (Normal) (G1 Humongous Allocation)
[439.479s][info][gc,task        ] GC(950) Using 8 workers of 8 for evacuation
[439.480s][info][gc,phases      ] GC(950)   Pre Evacuate Collection Set: 0.1ms
[439.480s][info][gc,phases      ] GC(950)   Merge Heap Roots: 0.0ms
[439.480s][info][gc,phases      ] GC(950)   Evacuate Collection Set: 0.4ms
[439.480s][info][gc,phases      ] GC(950)   Post Evacuate Collection Set: 0.2ms
[439.480s][info][gc,phases      ] GC(950)   Other: 0.1ms
[439.480s][info][gc,heap        ] GC(950) Eden regions: 0->0(25)
[439.480s][info][gc,heap        ] GC(950) Survivor regions: 0->0(4)
[439.480s][info][gc,heap        ] GC(950) Old regions: 492->492
[439.480s][info][gc,heap        ] GC(950) Archive regions: 2->2
[439.480s][info][gc,heap        ] GC(950) Humongous regions: 11->11
[439.480s][info][gc,metaspace   ] GC(950) Metaspace: 48655K(50128K)->48655K(50128K) NonClass: 42820K(43856K)->42820K(43856K) Class: 5834K(6272K)->5834K(6272K)
[439.480s][info][gc             ] GC(950) Pause Young (Normal) (G1 Humongous Allocation) 502M->502M(512M) 1.071ms
[439.480s][info][gc,cpu         ] GC(950) User=0.00s Sys=0.00s Real=0.00s
[439.480s][info][gc,task        ] GC(951) Using 8 workers of 8 for full compaction
[439.480s][info][gc,start       ] GC(951) Pause Full (G1 Humongous Allocation)
[439.481s][info][gc,phases,start] GC(951) Phase 1: Mark live objects
[439.845s][info][gc,phases      ] GC(951) Phase 1: Mark live objects 363.670ms
[439.845s][info][gc,phases,start] GC(951) Phase 2: Prepare for compaction
[439.878s][info][gc,phases      ] GC(951) Phase 2: Prepare for compaction 33.448ms
[439.879s][info][gc,phases,start] GC(951) Phase 3: Adjust pointers
[439.968s][info][gc,phases      ] GC(951) Phase 3: Adjust pointers 89.661ms
[439.968s][info][gc,phases,start] GC(951) Phase 4: Compact heap
[440.010s][info][gc,phases      ] GC(951) Phase 4: Compact heap 41.764ms
[440.014s][info][gc,heap        ] GC(951) Eden regions: 0->0(25)
[440.014s][info][gc,heap        ] GC(951) Survivor regions: 0->0(4)
[440.014s][info][gc,heap        ] GC(951) Old regions: 492->492
[440.014s][info][gc,heap        ] GC(951) Archive regions: 2->2
[440.014s][info][gc,heap        ] GC(951) Humongous regions: 11->11
[440.015s][info][gc,metaspace   ] GC(951) Metaspace: 48655K(50128K)->48655K(50128K) NonClass: 42820K(43856K)->42820K(43856K) Class: 5834K(6272K)->5834K(6272K)
[440.015s][info][gc             ] GC(951) Pause Full (G1 Humongous Allocation) 502M->502M(512M) 534.220ms
[440.016s][info][gc,cpu         ] GC(951) User=2.52s Sys=0.05s Real=0.54s
[440.016s][info][gc,task        ] GC(952) Using 8 workers of 8 for full compaction
[440.016s][info][gc,start       ] GC(952) Pause Full (G1 Humongous Allocation)
[440.016s][info][gc,phases,start] GC(952) Phase 1: Mark live objects
[440.298s][info][gc,phases      ] GC(952) Phase 1: Mark live objects 282.437ms
[440.298s][info][gc,phases,start] GC(952) Phase 2: Prepare for compaction
[440.331s][info][gc,phases      ] GC(952) Phase 2: Prepare for compaction 33.009ms
[440.331s][info][gc,phases,start] GC(952) Phase 3: Adjust pointers
[440.425s][info][gc,phases      ] GC(952) Phase 3: Adjust pointers 94.009ms
[440.425s][info][gc,phases,start] GC(952) Phase 4: Compact heap
[440.470s][info][gc,phases      ] GC(952) Phase 4: Compact heap 44.442ms
[440.475s][info][gc,heap        ] GC(952) Eden regions: 0->0(25)
[440.475s][info][gc,heap        ] GC(952) Survivor regions: 0->0(4)
[440.475s][info][gc,heap        ] GC(952) Old regions: 492->492
[440.475s][info][gc,heap        ] GC(952) Archive regions: 2->2
[440.475s][info][gc,heap        ] GC(952) Humongous regions: 11->11
[440.475s][info][gc,metaspace   ] GC(952) Metaspace: 48655K(50128K)->48655K(50128K) NonClass: 42820K(43856K)->42820K(43856K) Class: 5834K(6272K)->5834K(6272K)
[440.475s][info][gc             ] GC(952) Pause Full (G1 Humongous Allocation) 502M->502M(512M) 459.212ms
[440.477s][info][gc,cpu         ] GC(952) User=2.54s Sys=0.05s Real=0.46s
[440.477s][info][gc,marking     ] GC(949) Concurrent Mark From Roots 998.393ms
[440.477s][info][gc,marking     ] GC(949) Concurrent Mark Abort
[440.477s][info][gc             ] GC(949) Concurrent Cycle 998.586ms
[440.479s][info][gc,start       ] GC(953) Pause Young (Concurrent Start) (G1 Humongous Allocation)
[440.479s][info][gc,task        ] GC(953) Using 8 workers of 8 for evacuation
[440.480s][info][gc,phases      ] GC(953)   Pre Evacuate Collection Set: 0.1ms
[440.480s][info][gc,phases      ] GC(953)   Merge Heap Roots: 0.0ms
[440.480s][info][gc,phases      ] GC(953)   Evacuate Collection Set: 0.7ms
[440.480s][info][gc,phases      ] GC(953)   Post Evacuate Collection Set: 0.3ms
[440.480s][info][gc,phases      ] GC(953)   Other: 0.2ms
[440.480s][info][gc,heap        ] GC(953) Eden regions: 1->0(24)
[440.480s][info][gc,heap        ] GC(953) Survivor regions: 0->1(4)
[440.480s][info][gc,heap        ] GC(953) Old regions: 492->492
[440.480s][info][gc,heap        ] GC(953) Archive regions: 2->2
[440.480s][info][gc,heap        ] GC(953) Humongous regions: 11->11
[440.480s][info][gc,metaspace   ] GC(953) Metaspace: 48655K(50128K)->48655K(50128K) NonClass: 42820K(43856K)->42820K(43856K) Class: 5834K(6272K)->5834K(6272K)
[440.480s][info][gc             ] GC(953) Pause Young (Concurrent Start) (G1 Humongous Allocation) 502M->502M(512M) 1.376ms
[440.480s][info][gc,cpu         ] GC(953) User=0.00s Sys=0.00s Real=0.00s
[440.480s][info][gc             ] GC(954) Concurrent Cycle
[440.480s][info][gc,marking     ] GC(954) Concurrent Clear Claimed Marks
[440.480s][info][gc,marking     ] GC(954) Concurrent Clear Claimed Marks 0.035ms
[440.480s][info][gc,marking     ] GC(954) Concurrent Scan Root Regions
[440.481s][info][gc,marking     ] GC(954) Concurrent Scan Root Regions 0.505ms
[440.481s][info][gc,marking     ] GC(954) Concurrent Mark (440.481s)
[440.481s][info][gc,start       ] GC(955) Pause Young (Normal) (G1 Humongous Allocation)
[440.481s][info][gc,marking     ] GC(954) Concurrent Mark From Roots
[440.481s][info][gc,task        ] GC(955) Using 8 workers of 8 for evacuation
[440.481s][info][gc,task        ] GC(954) Using 2 workers of 2 for marking
[440.482s][info][gc,phases      ] GC(955)   Pre Evacuate Collection Set: 0.3ms
[440.482s][info][gc,phases      ] GC(955)   Merge Heap Roots: 0.0ms
[440.482s][info][gc,phases      ] GC(955)   Evacuate Collection Set: 0.2ms
[440.482s][info][gc,phases      ] GC(955)   Post Evacuate Collection Set: 0.2ms
[440.482s][info][gc,phases      ] GC(955)   Other: 0.1ms
[440.482s][info][gc,heap        ] GC(955) Eden regions: 1->0(24)
[440.482s][info][gc,heap        ] GC(955) Survivor regions: 1->1(4)
[440.482s][info][gc,heap        ] GC(955) Old regions: 492->492
[440.482s][info][gc,heap        ] GC(955) Archive regions: 2->2
[440.482s][info][gc,heap        ] GC(955) Humongous regions: 11->11
[440.482s][info][gc,metaspace   ] GC(955) Metaspace: 48655K(50128K)->48655K(50128K) NonClass: 42820K(43856K)->42820K(43856K) Class: 5834K(6272K)->5834K(6272K)
[440.482s][info][gc             ] GC(955) Pause Young (Normal) (G1 Humongous Allocation) 502M->502M(512M) 0.688ms
[440.482s][info][gc,cpu         ] GC(955) User=0.00s Sys=0.00s Real=0.00s
[440.482s][info][gc,task        ] GC(956) Using 8 workers of 8 for full compaction
[440.482s][info][gc,start       ] GC(956) Pause Full (G1 Humongous Allocation)
[440.482s][info][gc,phases,start] GC(956) Phase 1: Mark live objects
[440.786s][info][gc,phases      ] GC(956) Phase 1: Mark live objects 303.967ms
[440.786s][info][gc,phases,start] GC(956) Phase 2: Prepare for compaction
[440.841s][info][gc,phases      ] GC(956) Phase 2: Prepare for compaction 54.494ms
[440.841s][info][gc,phases,start] GC(956) Phase 3: Adjust pointers
[440.945s][info][gc,phases      ] GC(956) Phase 3: Adjust pointers 104.540ms
[440.946s][info][gc,phases,start] GC(956) Phase 4: Compact heap
[440.994s][info][gc,phases      ] GC(956) Phase 4: Compact heap 47.974ms
[440.998s][info][gc,heap        ] GC(956) Eden regions: 0->0(25)
[440.998s][info][gc,heap        ] GC(956) Survivor regions: 1->0(4)
[440.998s][info][gc,heap        ] GC(956) Old regions: 492->491
[440.998s][info][gc,heap        ] GC(956) Archive regions: 2->2
[440.998s][info][gc,heap        ] GC(956) Humongous regions: 11->11
[440.998s][info][gc,metaspace   ] GC(956) Metaspace: 48655K(50128K)->48655K(50128K) NonClass: 42820K(43856K)->42820K(43856K) Class: 5834K(6272K)->5834K(6272K)
[440.998s][info][gc             ] GC(956) Pause Full (G1 Humongous Allocation) 502M->502M(512M) 515.866ms
[440.999s][info][gc,cpu         ] GC(956) User=2.59s Sys=0.05s Real=0.52s
[440.999s][info][gc,task        ] GC(957) Using 8 workers of 8 for full compaction
[440.999s][info][gc,start       ] GC(957) Pause Full (G1 Humongous Allocation)
[440.999s][info][gc,phases,start] GC(957) Phase 1: Mark live objects
[441.296s][info][gc,phases      ] GC(957) Phase 1: Mark live objects 297.123ms
[441.296s][info][gc,phases,start] GC(957) Phase 2: Prepare for compaction
[441.335s][info][gc,phases      ] GC(957) Phase 2: Prepare for compaction 38.693ms
[441.335s][info][gc,phases,start] GC(957) Phase 3: Adjust pointers
[441.430s][info][gc,phases      ] GC(957) Phase 3: Adjust pointers 95.076ms
[441.430s][info][gc,phases,start] GC(957) Phase 4: Compact heap
[441.475s][info][gc,phases      ] GC(957) Phase 4: Compact heap 45.072ms
[441.480s][info][gc,heap        ] GC(957) Eden regions: 0->0(25)
[441.480s][info][gc,heap        ] GC(957) Survivor regions: 0->0(4)
[441.480s][info][gc,heap        ] GC(957) Old regions: 491->491
[441.480s][info][gc,heap        ] GC(957) Archive regions: 2->2
[441.480s][info][gc,heap        ] GC(957) Humongous regions: 11->11
[441.480s][info][gc,metaspace   ] GC(957) Metaspace: 48655K(50128K)->48649K(50128K) NonClass: 42820K(43856K)->42816K(43856K) Class: 5834K(6272K)->5833K(6272K)
[441.480s][info][gc             ] GC(957) Pause Full (G1 Humongous Allocation) 502M->502M(512M) 481.394ms
[441.482s][info][gc,cpu         ] GC(957) User=2.56s Sys=0.05s Real=0.48s
[441.482s][info][gc,marking     ] GC(954) Concurrent Mark From Roots 1001.030ms
[441.483s][info][gc,start       ] GC(958) Pause Young (Normal) (G1 Humongous Allocation)
[441.483s][info][gc,task        ] GC(958) Using 8 workers of 8 for evacuation
[441.484s][info][gc,phases      ] GC(958)   Pre Evacuate Collection Set: 0.1ms
[441.484s][info][gc,phases      ] GC(958)   Merge Heap Roots: 0.0ms
[441.484s][info][gc,phases      ] GC(958)   Evacuate Collection Set: 0.3ms
[441.484s][info][gc,phases      ] GC(958)   Post Evacuate Collection Set: 0.2ms
[441.484s][info][gc,phases      ] GC(958)   Other: 0.1ms
[441.484s][info][gc,heap        ] GC(958) Eden regions: 1->0(24)
[441.484s][info][gc,heap        ] GC(958) Survivor regions: 0->1(4)
[441.484s][info][gc,heap        ] GC(958) Old regions: 491->491
[441.484s][info][gc,heap        ] GC(958) Archive regions: 2->2
[441.484s][info][gc,heap        ] GC(958) Humongous regions: 11->11
[441.484s][info][gc,metaspace   ] GC(958) Metaspace: 48649K(50128K)->48649K(50128K) NonClass: 42816K(43856K)->42816K(43856K) Class: 5833K(6272K)->5833K(6272K)
[441.484s][info][gc             ] GC(958) Pause Young (Normal) (G1 Humongous Allocation) 502M->502M(512M) 0.876ms
[441.484s][info][gc,cpu         ] GC(958) User=0.00s Sys=0.00s Real=0.00s
[441.484s][info][gc,task        ] GC(959) Using 8 workers of 8 for full compaction
[441.484s][info][gc,start       ] GC(959) Pause Full (G1 Humongous Allocation)
[441.484s][info][gc,phases,start] GC(959) Phase 1: Mark live objects
[441.777s][info][gc,phases      ] GC(959) Phase 1: Mark live objects 292.505ms
[441.777s][info][gc,phases,start] GC(959) Phase 2: Prepare for compaction
[441.812s][info][gc,phases      ] GC(959) Phase 2: Prepare for compaction 35.360ms
[441.812s][info][gc,phases,start] GC(959) Phase 3: Adjust pointers
[441.911s][info][gc,phases      ] GC(959) Phase 3: Adjust pointers 99.023ms
[441.911s][info][gc,phases,start] GC(959) Phase 4: Compact heap
[441.948s][info][gc,phases      ] GC(959) Phase 4: Compact heap 36.921ms
[441.952s][info][gc,heap        ] GC(959) Eden regions: 0->0(25)
[441.952s][info][gc,heap        ] GC(959) Survivor regions: 1->0(4)
[441.952s][info][gc,heap        ] GC(959) Old regions: 491->491
[441.952s][info][gc,heap        ] GC(959) Archive regions: 2->2
[441.952s][info][gc,heap        ] GC(959) Humongous regions: 11->11
[441.952s][info][gc,metaspace   ] GC(959) Metaspace: 48649K(50128K)->48649K(50128K) NonClass: 42816K(43856K)->42816K(43856K) Class: 5833K(6272K)->5833K(6272K)
[441.952s][info][gc             ] GC(959) Pause Full (G1 Humongous Allocation) 502M->502M(512M) 467.543ms
[441.954s][info][gc,cpu         ] GC(959) User=2.56s Sys=0.04s Real=0.47s
[441.954s][info][gc,task        ] GC(960) Using 8 workers of 8 for full compaction
[441.954s][info][gc,start       ] GC(960) Pause Full (G1 Humongous Allocation)
[441.954s][info][gc,phases,start] GC(960) Phase 1: Mark live objects
[442.232s][info][gc,phases      ] GC(960) Phase 1: Mark live objects 278.266ms
[442.232s][info][gc,phases,start] GC(960) Phase 2: Prepare for compaction
[442.269s][info][gc,phases      ] GC(960) Phase 2: Prepare for compaction 36.778ms
[442.269s][info][gc,phases,start] GC(960) Phase 3: Adjust pointers
[442.350s][info][gc,phases      ] GC(960) Phase 3: Adjust pointers 80.808ms
[442.350s][info][gc,phases,start] GC(960) Phase 4: Compact heap
[442.392s][info][gc,phases      ] GC(960) Phase 4: Compact heap 42.079ms
[442.397s][info][gc,heap        ] GC(960) Eden regions: 0->0(25)
[442.397s][info][gc,heap        ] GC(960) Survivor regions: 0->0(4)
[442.397s][info][gc,heap        ] GC(960) Old regions: 491->491
[442.397s][info][gc,heap        ] GC(960) Archive regions: 2->2
[442.397s][info][gc,heap        ] GC(960) Humongous regions: 11->11
[442.397s][info][gc,metaspace   ] GC(960) Metaspace: 48649K(50128K)->48649K(50128K) NonClass: 42816K(43856K)->42816K(43856K) Class: 5833K(6272K)->5833K(6272K)
[442.397s][info][gc             ] GC(960) Pause Full (G1 Humongous Allocation) 502M->502M(512M) 443.328ms
[442.400s][info][gc,cpu         ] GC(960) User=2.53s Sys=0.05s Real=0.45s
[442.400s][info][gc,marking     ] GC(954) Concurrent Mark Abort
[442.400s][info][gc             ] GC(954) Concurrent Cycle 1919.582ms
[442.402s][info][gc,start       ] GC(961) Pause Young (Concurrent Start) (G1 Humongous Allocation)
[442.402s][info][gc,task        ] GC(961) Using 8 workers of 8 for evacuation
[442.404s][info][gc,phases      ] GC(961)   Pre Evacuate Collection Set: 0.1ms
[442.404s][info][gc,phases      ] GC(961)   Merge Heap Roots: 0.0ms
[442.404s][info][gc,phases      ] GC(961)   Evacuate Collection Set: 1.0ms
[442.404s][info][gc,phases      ] GC(961)   Post Evacuate Collection Set: 0.5ms
[442.404s][info][gc,phases      ] GC(961)   Other: 0.2ms
[442.404s][info][gc,heap        ] GC(961) Eden regions: 1->0(24)
[442.404s][info][gc,heap        ] GC(961) Survivor regions: 0->1(4)
[442.404s][info][gc,heap        ] GC(961) Old regions: 491->491
[442.404s][info][gc,heap        ] GC(961) Archive regions: 2->2
[442.404s][info][gc,heap        ] GC(961) Humongous regions: 11->11
[442.404s][info][gc,metaspace   ] GC(961) Metaspace: 48649K(50128K)->48649K(50128K) NonClass: 42816K(43856K)->42816K(43856K) Class: 5833K(6272K)->5833K(6272K)
[442.404s][info][gc             ] GC(961) Pause Young (Concurrent Start) (G1 Humongous Allocation) 502M->502M(512M) 2.294ms
[442.404s][info][gc,cpu         ] GC(961) User=0.00s Sys=0.00s Real=0.00s
[442.404s][info][gc             ] GC(962) Concurrent Cycle
[442.404s][info][gc,marking     ] GC(962) Concurrent Clear Claimed Marks
[442.404s][info][gc,marking     ] GC(962) Concurrent Clear Claimed Marks 0.054ms
[442.404s][info][gc,marking     ] GC(962) Concurrent Scan Root Regions
[442.405s][info][gc,marking     ] GC(962) Concurrent Scan Root Regions 0.891ms
[442.405s][info][gc,marking     ] GC(962) Concurrent Mark (442.405s)
[442.405s][info][gc,marking     ] GC(962) Concurrent Mark From Roots
[442.405s][info][gc,task        ] GC(962) Using 2 workers of 2 for marking
[442.406s][info][gc,start       ] GC(963) Pause Young (Normal) (G1 Humongous Allocation)
[442.406s][info][gc,task        ] GC(963) Using 8 workers of 8 for evacuation
[442.406s][info][gc,phases      ] GC(963)   Pre Evacuate Collection Set: 0.1ms
[442.406s][info][gc,phases      ] GC(963)   Merge Heap Roots: 0.0ms
[442.406s][info][gc,phases      ] GC(963)   Evacuate Collection Set: 0.3ms
[442.406s][info][gc,phases      ] GC(963)   Post Evacuate Collection Set: 0.3ms
[442.406s][info][gc,phases      ] GC(963)   Other: 0.1ms
[442.406s][info][gc,heap        ] GC(963) Eden regions: 0->0(24)
[442.406s][info][gc,heap        ] GC(963) Survivor regions: 1->1(4)
[442.407s][info][gc,heap        ] GC(963) Old regions: 491->491
[442.407s][info][gc,heap        ] GC(963) Archive regions: 2->2
[442.407s][info][gc,heap        ] GC(963) Humongous regions: 11->11
[442.407s][info][gc,metaspace   ] GC(963) Metaspace: 48649K(50128K)->48649K(50128K) NonClass: 42816K(43856K)->42816K(43856K) Class: 5833K(6272K)->5833K(6272K)
[442.407s][info][gc             ] GC(963) Pause Young (Normal) (G1 Humongous Allocation) 502M->502M(512M) 0.937ms
[442.407s][info][gc,cpu         ] GC(963) User=0.00s Sys=0.00s Real=0.01s
[442.407s][info][gc,task        ] GC(964) Using 8 workers of 8 for full compaction
[442.407s][info][gc,start       ] GC(964) Pause Full (G1 Humongous Allocation)
[442.407s][info][gc,phases,start] GC(964) Phase 1: Mark live objects
[442.705s][info][gc,phases      ] GC(964) Phase 1: Mark live objects 297.698ms
[442.705s][info][gc,phases,start] GC(964) Phase 2: Prepare for compaction
[442.743s][info][gc,phases      ] GC(964) Phase 2: Prepare for compaction 37.669ms
[442.743s][info][gc,phases,start] GC(964) Phase 3: Adjust pointers
[442.830s][info][gc,phases      ] GC(964) Phase 3: Adjust pointers 86.946ms
[442.830s][info][gc,phases,start] GC(964) Phase 4: Compact heap
[442.896s][info][gc,phases      ] GC(964) Phase 4: Compact heap 65.721ms
[442.900s][info][gc,heap        ] GC(964) Eden regions: 0->0(25)
[442.900s][info][gc,heap        ] GC(964) Survivor regions: 1->0(4)
[442.900s][info][gc,heap        ] GC(964) Old regions: 491->492
[442.900s][info][gc,heap        ] GC(964) Archive regions: 2->2
[442.900s][info][gc,heap        ] GC(964) Humongous regions: 11->11
[442.900s][info][gc,metaspace   ] GC(964) Metaspace: 48649K(50128K)->48649K(50128K) NonClass: 42816K(43856K)->42816K(43856K) Class: 5833K(6272K)->5833K(6272K)
[442.900s][info][gc             ] GC(964) Pause Full (G1 Humongous Allocation) 502M->502M(512M) 493.657ms
[442.903s][info][gc,cpu         ] GC(964) User=2.57s Sys=0.08s Real=0.49s
[442.903s][info][gc,task        ] GC(965) Using 8 workers of 8 for full compaction
[442.903s][info][gc,start       ] GC(965) Pause Full (G1 Humongous Allocation)
[442.903s][info][gc,phases,start] GC(965) Phase 1: Mark live objects
[443.275s][info][gc,phases      ] GC(965) Phase 1: Mark live objects 371.720ms
[443.275s][info][gc,phases,start] GC(965) Phase 2: Prepare for compaction
[443.324s][info][gc,phases      ] GC(965) Phase 2: Prepare for compaction 48.777ms
[443.324s][info][gc,phases,start] GC(965) Phase 3: Adjust pointers
[443.440s][info][gc,phases      ] GC(965) Phase 3: Adjust pointers 116.004ms
[443.440s][info][gc,phases,start] GC(965) Phase 4: Compact heap
[443.482s][info][gc,phases      ] GC(965) Phase 4: Compact heap 41.652ms
[443.486s][info][gc,heap        ] GC(965) Eden regions: 0->0(25)
[443.486s][info][gc,heap        ] GC(965) Survivor regions: 0->0(4)
[443.486s][info][gc,heap        ] GC(965) Old regions: 492->491
[443.486s][info][gc,heap        ] GC(965) Archive regions: 2->2
[443.486s][info][gc,heap        ] GC(965) Humongous regions: 11->11
[443.486s][info][gc,metaspace   ] GC(965) Metaspace: 48649K(50128K)->48649K(50128K) NonClass: 42816K(43856K)->42816K(43856K) Class: 5833K(6272K)->5833K(6272K)
[443.486s][info][gc             ] GC(965) Pause Full (G1 Humongous Allocation) 502M->502M(512M) 582.372ms
[443.487s][info][gc,cpu         ] GC(965) User=2.54s Sys=0.11s Real=0.59s
[443.487s][info][gc,marking     ] GC(962) Concurrent Mark From Roots 1081.591ms
[443.487s][info][gc,marking     ] GC(962) Concurrent Mark Abort
[443.487s][info][gc             ] GC(962) Concurrent Cycle 1082.727ms
[443.489s][info][gc,start       ] GC(966) Pause Young (Concurrent Start) (G1 Humongous Allocation)
[443.489s][info][gc,task        ] GC(966) Using 8 workers of 8 for evacuation
[443.490s][info][gc,phases      ] GC(966)   Pre Evacuate Collection Set: 0.2ms
[443.490s][info][gc,phases      ] GC(966)   Merge Heap Roots: 0.0ms
[443.490s][info][gc,phases      ] GC(966)   Evacuate Collection Set: 0.7ms
[443.490s][info][gc,phases      ] GC(966)   Post Evacuate Collection Set: 0.2ms
[443.490s][info][gc,phases      ] GC(966)   Other: 0.3ms
[443.490s][info][gc,heap        ] GC(966) Eden regions: 1->0(24)
[443.490s][info][gc,heap        ] GC(966) Survivor regions: 0->1(4)
[443.490s][info][gc,heap        ] GC(966) Old regions: 491->491
[443.490s][info][gc,heap        ] GC(966) Archive regions: 2->2
[443.490s][info][gc,heap        ] GC(966) Humongous regions: 11->11
[443.490s][info][gc,metaspace   ] GC(966) Metaspace: 48649K(50128K)->48649K(50128K) NonClass: 42816K(43856K)->42816K(43856K) Class: 5833K(6272K)->5833K(6272K)
[443.491s][info][gc             ] GC(966) Pause Young (Concurrent Start) (G1 Humongous Allocation) 502M->502M(512M) 1.644ms
[443.491s][info][gc,cpu         ] GC(966) User=0.00s Sys=0.00s Real=0.00s
[443.491s][info][gc             ] GC(967) Concurrent Cycle
[443.491s][info][gc,marking     ] GC(967) Concurrent Clear Claimed Marks
[443.491s][info][gc,marking     ] GC(967) Concurrent Clear Claimed Marks 0.063ms
[443.491s][info][gc,marking     ] GC(967) Concurrent Scan Root Regions
[443.492s][info][gc,marking     ] GC(967) Concurrent Scan Root Regions 0.982ms
[443.492s][info][gc,marking     ] GC(967) Concurrent Mark (443.492s)
[443.492s][info][gc,marking     ] GC(967) Concurrent Mark From Roots
[443.492s][info][gc,task        ] GC(967) Using 2 workers of 2 for marking
[443.493s][info][gc,start       ] GC(968) Pause Young (Normal) (G1 Humongous Allocation)
[443.493s][info][gc,task        ] GC(968) Using 8 workers of 8 for evacuation
[443.494s][info][gc,phases      ] GC(968)   Pre Evacuate Collection Set: 0.1ms
[443.494s][info][gc,phases      ] GC(968)   Merge Heap Roots: 0.0ms
[443.494s][info][gc,phases      ] GC(968)   Evacuate Collection Set: 0.3ms
[443.494s][info][gc,phases      ] GC(968)   Post Evacuate Collection Set: 0.3ms
[443.494s][info][gc,phases      ] GC(968)   Other: 0.2ms
[443.494s][info][gc,heap        ] GC(968) Eden regions: 1->0(24)
[443.494s][info][gc,heap        ] GC(968) Survivor regions: 1->1(4)
[443.494s][info][gc,heap        ] GC(968) Old regions: 491->491
[443.494s][info][gc,heap        ] GC(968) Archive regions: 2->2
[443.494s][info][gc,heap        ] GC(968) Humongous regions: 11->11
[443.494s][info][gc,metaspace   ] GC(968) Metaspace: 48649K(50128K)->48649K(50128K) NonClass: 42816K(43856K)->42816K(43856K) Class: 5833K(6272K)->5833K(6272K)
[443.494s][info][gc             ] GC(968) Pause Young (Normal) (G1 Humongous Allocation) 502M->502M(512M) 1.029ms
[443.494s][info][gc,cpu         ] GC(968) User=0.01s Sys=0.00s Real=0.00s
[443.494s][info][gc,task        ] GC(969) Using 8 workers of 8 for full compaction
[443.494s][info][gc,start       ] GC(969) Pause Full (G1 Humongous Allocation)
[443.495s][info][gc,phases,start] GC(969) Phase 1: Mark live objects
[443.794s][info][gc,phases      ] GC(969) Phase 1: Mark live objects 299.618ms
[443.794s][info][gc,phases,start] GC(969) Phase 2: Prepare for compaction
[443.842s][info][gc,phases      ] GC(969) Phase 2: Prepare for compaction 47.971ms
[443.843s][info][gc,phases,start] GC(969) Phase 3: Adjust pointers
[443.945s][info][gc,phases      ] GC(969) Phase 3: Adjust pointers 102.274ms
[443.945s][info][gc,phases,start] GC(969) Phase 4: Compact heap
[443.982s][info][gc,phases      ] GC(969) Phase 4: Compact heap 37.547ms
[443.986s][info][gc,heap        ] GC(969) Eden regions: 0->0(25)
[443.986s][info][gc,heap        ] GC(969) Survivor regions: 1->0(4)
[443.986s][info][gc,heap        ] GC(969) Old regions: 491->491
[443.986s][info][gc,heap        ] GC(969) Archive regions: 2->2
[443.986s][info][gc,heap        ] GC(969) Humongous regions: 11->11
[443.986s][info][gc,metaspace   ] GC(969) Metaspace: 48649K(50128K)->48649K(50128K) NonClass: 42816K(43856K)->42816K(43856K) Class: 5833K(6272K)->5833K(6272K)
[443.986s][info][gc             ] GC(969) Pause Full (G1 Humongous Allocation) 502M->502M(512M) 491.722ms
[443.987s][info][gc,cpu         ] GC(969) User=2.54s Sys=0.06s Real=0.50s
[443.987s][info][gc,task        ] GC(970) Using 8 workers of 8 for full compaction
[443.987s][info][gc,start       ] GC(970) Pause Full (G1 Humongous Allocation)
[443.987s][info][gc,phases,start] GC(970) Phase 1: Mark live objects
[444.256s][info][gc,phases      ] GC(970) Phase 1: Mark live objects 269.008ms
[444.256s][info][gc,phases,start] GC(970) Phase 2: Prepare for compaction
[444.304s][info][gc,phases      ] GC(970) Phase 2: Prepare for compaction 47.714ms
[444.304s][info][gc,phases,start] GC(970) Phase 3: Adjust pointers
[444.421s][info][gc,phases      ] GC(970) Phase 3: Adjust pointers 116.487ms
[444.421s][info][gc,phases,start] GC(970) Phase 4: Compact heap
[444.463s][info][gc,phases      ] GC(970) Phase 4: Compact heap 42.096ms
[444.467s][info][gc,heap        ] GC(970) Eden regions: 0->0(25)
[444.467s][info][gc,heap        ] GC(970) Survivor regions: 0->0(4)
[444.467s][info][gc,heap        ] GC(970) Old regions: 491->491
[444.467s][info][gc,heap        ] GC(970) Archive regions: 2->2
[444.467s][info][gc,heap        ] GC(970) Humongous regions: 11->11
[444.467s][info][gc,metaspace   ] GC(970) Metaspace: 48649K(50128K)->48649K(50128K) NonClass: 42816K(43856K)->42816K(43856K) Class: 5833K(6272K)->5833K(6272K)
[444.467s][info][gc             ] GC(970) Pause Full (G1 Humongous Allocation) 502M->502M(512M) 479.810ms
[444.469s][info][gc,cpu         ] GC(970) User=2.55s Sys=0.05s Real=0.48s
[444.469s][info][gc,marking     ] GC(967) Concurrent Mark From Roots 977.298ms
[444.469s][info][gc,marking     ] GC(967) Concurrent Mark Abort
[444.469s][info][gc             ] GC(967) Concurrent Cycle 978.576ms
[444.471s][info][gc,start       ] GC(971) Pause Young (Concurrent Start) (G1 Humongous Allocation)
[444.471s][info][gc,task        ] GC(971) Using 8 workers of 8 for evacuation
[444.472s][info][gc,phases      ] GC(971)   Pre Evacuate Collection Set: 0.1ms
[444.472s][info][gc,phases      ] GC(971)   Merge Heap Roots: 0.0ms
[444.472s][info][gc,phases      ] GC(971)   Evacuate Collection Set: 0.8ms
[444.472s][info][gc,phases      ] GC(971)   Post Evacuate Collection Set: 0.3ms
[444.472s][info][gc,phases      ] GC(971)   Other: 0.2ms
[444.472s][info][gc,heap        ] GC(971) Eden regions: 1->0(24)
[444.472s][info][gc,heap        ] GC(971) Survivor regions: 0->1(4)
[444.473s][info][gc,heap        ] GC(971) Old regions: 491->491
[444.473s][info][gc,heap        ] GC(971) Archive regions: 2->2
[444.473s][info][gc,heap        ] GC(971) Humongous regions: 11->11
[444.473s][info][gc,metaspace   ] GC(971) Metaspace: 48649K(50128K)->48649K(50128K) NonClass: 42816K(43856K)->42816K(43856K) Class: 5833K(6272K)->5833K(6272K)
[444.473s][info][gc             ] GC(971) Pause Young (Concurrent Start) (G1 Humongous Allocation) 502M->502M(512M) 1.525ms
[444.473s][info][gc,cpu         ] GC(971) User=0.00s Sys=0.00s Real=0.00s
[444.473s][info][gc             ] GC(972) Concurrent Cycle
[444.473s][info][gc,marking     ] GC(972) Concurrent Clear Claimed Marks
[444.473s][info][gc,marking     ] GC(972) Concurrent Clear Claimed Marks 0.040ms
[444.473s][info][gc,marking     ] GC(972) Concurrent Scan Root Regions
[444.473s][info][gc,marking     ] GC(972) Concurrent Scan Root Regions 0.629ms
[444.473s][info][gc,marking     ] GC(972) Concurrent Mark (444.473s)
[444.473s][info][gc,marking     ] GC(972) Concurrent Mark From Roots
[444.473s][info][gc,task        ] GC(972) Using 2 workers of 2 for marking
[444.474s][info][gc,start       ] GC(973) Pause Young (Normal) (G1 Humongous Allocation)
[444.474s][info][gc,task        ] GC(973) Using 8 workers of 8 for evacuation
[444.474s][info][gc,phases      ] GC(973)   Pre Evacuate Collection Set: 0.1ms
[444.474s][info][gc,phases      ] GC(973)   Merge Heap Roots: 0.0ms
[444.474s][info][gc,phases      ] GC(973)   Evacuate Collection Set: 0.2ms
[444.474s][info][gc,phases      ] GC(973)   Post Evacuate Collection Set: 0.2ms
[444.474s][info][gc,phases      ] GC(973)   Other: 0.1ms
[444.474s][info][gc,heap        ] GC(973) Eden regions: 0->0(24)
[444.474s][info][gc,heap        ] GC(973) Survivor regions: 1->1(4)
[444.474s][info][gc,heap        ] GC(973) Old regions: 491->491
[444.474s][info][gc,heap        ] GC(973) Archive regions: 2->2
[444.474s][info][gc,heap        ] GC(973) Humongous regions: 11->11
[444.474s][info][gc,metaspace   ] GC(973) Metaspace: 48649K(50128K)->48649K(50128K) NonClass: 42816K(43856K)->42816K(43856K) Class: 5833K(6272K)->5833K(6272K)
[444.474s][info][gc             ] GC(973) Pause Young (Normal) (G1 Humongous Allocation) 502M->502M(512M) 0.784ms
[444.474s][info][gc,cpu         ] GC(973) User=0.00s Sys=0.00s Real=0.00s
[444.474s][info][gc,task        ] GC(974) Using 8 workers of 8 for full compaction
[444.474s][info][gc,start       ] GC(974) Pause Full (G1 Humongous Allocation)
[444.475s][info][gc,phases,start] GC(974) Phase 1: Mark live objects
[444.802s][info][gc,phases      ] GC(974) Phase 1: Mark live objects 326.905ms
[444.802s][info][gc,phases,start] GC(974) Phase 2: Prepare for compaction
[444.862s][info][gc,phases      ] GC(974) Phase 2: Prepare for compaction 59.575ms
[444.862s][info][gc,phases,start] GC(974) Phase 3: Adjust pointers
[444.972s][info][gc,phases      ] GC(974) Phase 3: Adjust pointers 110.412ms
[444.972s][info][gc,phases,start] GC(974) Phase 4: Compact heap
[445.020s][info][gc,phases      ] GC(974) Phase 4: Compact heap 47.603ms
[445.023s][info][gc,heap        ] GC(974) Eden regions: 0->0(25)
[445.023s][info][gc,heap        ] GC(974) Survivor regions: 1->0(4)
[445.023s][info][gc,heap        ] GC(974) Old regions: 491->491
[445.023s][info][gc,heap        ] GC(974) Archive regions: 2->2
[445.023s][info][gc,heap        ] GC(974) Humongous regions: 11->11
[445.023s][info][gc,metaspace   ] GC(974) Metaspace: 48649K(50128K)->48649K(50128K) NonClass: 42816K(43856K)->42816K(43856K) Class: 5833K(6272K)->5833K(6272K)
[445.023s][info][gc             ] GC(974) Pause Full (G1 Humongous Allocation) 502M->500M(512M) 549.013ms
[445.025s][info][gc,cpu         ] GC(974) User=2.70s Sys=0.07s Real=0.55s
[445.025s][info][gc,task        ] GC(975) Using 8 workers of 8 for full compaction
[445.025s][info][gc,start       ] GC(975) Pause Full (G1 Humongous Allocation)
[445.025s][info][gc,phases,start] GC(975) Phase 1: Mark live objects
[445.287s][info][gc,phases      ] GC(975) Phase 1: Mark live objects 262.086ms
[445.287s][info][gc,phases,start] GC(975) Phase 2: Prepare for compaction
[445.333s][info][gc,phases      ] GC(975) Phase 2: Prepare for compaction 45.828ms
[445.333s][info][gc,phases,start] GC(975) Phase 3: Adjust pointers
[445.432s][info][gc,phases      ] GC(975) Phase 3: Adjust pointers 98.974ms
[445.432s][info][gc,phases,start] GC(975) Phase 4: Compact heap
[445.471s][info][gc,phases      ] GC(975) Phase 4: Compact heap 38.655ms
[445.475s][info][gc,heap        ] GC(975) Eden regions: 0->0(25)
[445.475s][info][gc,heap        ] GC(975) Survivor regions: 0->0(4)
[445.475s][info][gc,heap        ] GC(975) Old regions: 491->490
[445.475s][info][gc,heap        ] GC(975) Archive regions: 2->2
[445.475s][info][gc,heap        ] GC(975) Humongous regions: 11->11
[445.475s][info][gc,metaspace   ] GC(975) Metaspace: 48649K(50128K)->48649K(50128K) NonClass: 42816K(43856K)->42816K(43856K) Class: 5833K(6272K)->5833K(6272K)
[445.475s][info][gc             ] GC(975) Pause Full (G1 Humongous Allocation) 500M->500M(512M) 450.444ms
[445.477s][info][gc,cpu         ] GC(975) User=2.58s Sys=0.08s Real=0.46s
[445.477s][info][gc,marking     ] GC(972) Concurrent Mark From Roots 1003.975ms
[445.477s][info][gc,marking     ] GC(972) Concurrent Mark Abort
[445.477s][info][gc             ] GC(972) Concurrent Cycle 1004.785ms
[445.479s][info][gc,start       ] GC(976) Pause Young (Normal) (G1 Humongous Allocation)
[445.479s][info][gc,task        ] GC(976) Using 8 workers of 8 for evacuation
[445.480s][info][gc,phases      ] GC(976)   Pre Evacuate Collection Set: 0.1ms
[445.480s][info][gc,phases      ] GC(976)   Merge Heap Roots: 0.0ms
[445.480s][info][gc,phases      ] GC(976)   Evacuate Collection Set: 0.4ms
[445.480s][info][gc,phases      ] GC(976)   Post Evacuate Collection Set: 0.2ms
[445.480s][info][gc,phases      ] GC(976)   Other: 0.2ms
[445.480s][info][gc,heap        ] GC(976) Eden regions: 1->0(24)
[445.480s][info][gc,heap        ] GC(976) Survivor regions: 0->1(4)
[445.480s][info][gc,heap        ] GC(976) Old regions: 490->490
[445.480s][info][gc,heap        ] GC(976) Archive regions: 2->2
[445.480s][info][gc,heap        ] GC(976) Humongous regions: 11->11
[445.480s][info][gc,metaspace   ] GC(976) Metaspace: 48649K(50128K)->48649K(50128K) NonClass: 42816K(43856K)->42816K(43856K) Class: 5833K(6272K)->5833K(6272K)
[445.480s][info][gc             ] GC(976) Pause Young (Normal) (G1 Humongous Allocation) 500M->500M(512M) 1.018ms
[445.480s][info][gc,cpu         ] GC(976) User=0.00s Sys=0.00s Real=0.00s
[445.480s][info][gc,task        ] GC(977) Using 8 workers of 8 for full compaction
[445.480s][info][gc,start       ] GC(977) Pause Full (G1 Humongous Allocation)
[445.480s][info][gc,phases,start] GC(977) Phase 1: Mark live objects
[445.758s][info][gc,phases      ] GC(977) Phase 1: Mark live objects 277.210ms
[445.758s][info][gc,phases,start] GC(977) Phase 2: Prepare for compaction
[445.802s][info][gc,phases      ] GC(977) Phase 2: Prepare for compaction 44.106ms
[445.802s][info][gc,phases,start] GC(977) Phase 3: Adjust pointers
[445.901s][info][gc,phases      ] GC(977) Phase 3: Adjust pointers 99.261ms
[445.901s][info][gc,phases,start] GC(977) Phase 4: Compact heap
[445.937s][info][gc,phases      ] GC(977) Phase 4: Compact heap 35.673ms
[445.941s][info][gc,heap        ] GC(977) Eden regions: 0->0(25)
[445.941s][info][gc,heap        ] GC(977) Survivor regions: 1->0(4)
[445.941s][info][gc,heap        ] GC(977) Old regions: 490->491
[445.941s][info][gc,heap        ] GC(977) Archive regions: 2->2
[445.941s][info][gc,heap        ] GC(977) Humongous regions: 11->11
[445.941s][info][gc,metaspace   ] GC(977) Metaspace: 48649K(50128K)->48649K(50128K) NonClass: 42816K(43856K)->42816K(43856K) Class: 5833K(6272K)->5833K(6272K)
[445.941s][info][gc             ] GC(977) Pause Full (G1 Humongous Allocation) 500M->500M(512M) 460.385ms
[445.942s][info][gc,cpu         ] GC(977) User=2.64s Sys=0.06s Real=0.46s
[445.942s][info][gc,task        ] GC(978) Using 8 workers of 8 for full compaction
[445.942s][info][gc,start       ] GC(978) Pause Full (G1 Humongous Allocation)
[445.942s][info][gc,phases,start] GC(978) Phase 1: Mark live objects
[446.210s][info][gc,phases      ] GC(978) Phase 1: Mark live objects 267.855ms
[446.210s][info][gc,phases,start] GC(978) Phase 2: Prepare for compaction
[446.250s][info][gc,phases      ] GC(978) Phase 2: Prepare for compaction 39.679ms
[446.250s][info][gc,phases,start] GC(978) Phase 3: Adjust pointers
[446.332s][info][gc,phases      ] GC(978) Phase 3: Adjust pointers 82.779ms
[446.332s][info][gc,phases,start] GC(978) Phase 4: Compact heap
[446.370s][info][gc,phases      ] GC(978) Phase 4: Compact heap 37.791ms
[446.374s][info][gc,heap        ] GC(978) Eden regions: 0->0(25)
[446.374s][info][gc,heap        ] GC(978) Survivor regions: 0->0(4)
[446.374s][info][gc,heap        ] GC(978) Old regions: 491->491
[446.374s][info][gc,heap        ] GC(978) Archive regions: 2->2
[446.374s][info][gc,heap        ] GC(978) Humongous regions: 11->11
[446.374s][info][gc,metaspace   ] GC(978) Metaspace: 48649K(50128K)->48649K(50128K) NonClass: 42816K(43856K)->42816K(43856K) Class: 5833K(6272K)->5833K(6272K)
[446.374s][info][gc             ] GC(978) Pause Full (G1 Humongous Allocation) 500M->500M(512M) 432.178ms
[446.375s][info][gc,cpu         ] GC(978) User=2.53s Sys=0.06s Real=0.43s
[446.377s][info][gc,start       ] GC(979) Pause Young (Concurrent Start) (G1 Humongous Allocation)
[446.377s][info][gc,task        ] GC(979) Using 8 workers of 8 for evacuation
[446.378s][info][gc,phases      ] GC(979)   Pre Evacuate Collection Set: 0.1ms
[446.378s][info][gc,phases      ] GC(979)   Merge Heap Roots: 0.0ms
[446.378s][info][gc,phases      ] GC(979)   Evacuate Collection Set: 0.5ms
[446.378s][info][gc,phases      ] GC(979)   Post Evacuate Collection Set: 0.2ms
[446.378s][info][gc,phases      ] GC(979)   Other: 0.1ms
[446.378s][info][gc,heap        ] GC(979) Eden regions: 0->0(25)
[446.378s][info][gc,heap        ] GC(979) Survivor regions: 0->0(4)
[446.378s][info][gc,heap        ] GC(979) Old regions: 491->491
[446.378s][info][gc,heap        ] GC(979) Archive regions: 2->2
[446.378s][info][gc,heap        ] GC(979) Humongous regions: 11->11
[446.378s][info][gc,metaspace   ] GC(979) Metaspace: 48649K(50128K)->48649K(50128K) NonClass: 42816K(43856K)->42816K(43856K) Class: 5833K(6272K)->5833K(6272K)
[446.378s][info][gc             ] GC(979) Pause Young (Concurrent Start) (G1 Humongous Allocation) 500M->500M(512M) 1.068ms
[446.378s][info][gc,cpu         ] GC(979) User=0.01s Sys=0.00s Real=0.00s
[446.378s][info][gc,task        ] GC(980) Using 8 workers of 8 for full compaction
[446.378s][info][gc,start       ] GC(980) Pause Full (G1 Humongous Allocation)
[446.378s][info][gc             ] GC(981) Concurrent Cycle
[446.378s][info][gc,marking     ] GC(981) Concurrent Clear Claimed Marks
[446.378s][info][gc,marking     ] GC(981) Concurrent Clear Claimed Marks 0.049ms
[446.378s][info][gc,marking     ] GC(981) Concurrent Scan Root Regions
[446.378s][info][gc,marking     ] GC(981) Concurrent Scan Root Regions 0.028ms
[446.378s][info][gc,marking     ] GC(981) Concurrent Mark (446.378s)
[446.378s][info][gc,marking     ] GC(981) Concurrent Mark From Roots
[446.378s][info][gc,task        ] GC(981) Using 2 workers of 2 for marking
[446.379s][info][gc,phases,start] GC(980) Phase 1: Mark live objects
[446.674s][info][gc,phases      ] GC(980) Phase 1: Mark live objects 295.273ms
[446.674s][info][gc,phases,start] GC(980) Phase 2: Prepare for compaction
[446.710s][info][gc,phases      ] GC(980) Phase 2: Prepare for compaction 35.754ms
[446.710s][info][gc,phases,start] GC(980) Phase 3: Adjust pointers
[446.800s][info][gc,phases      ] GC(980) Phase 3: Adjust pointers 90.016ms
[446.800s][info][gc,phases,start] GC(980) Phase 4: Compact heap
[446.844s][info][gc,phases      ] GC(980) Phase 4: Compact heap 44.076ms
[446.851s][info][gc,heap        ] GC(980) Eden regions: 0->0(25)
[446.851s][info][gc,heap        ] GC(980) Survivor regions: 0->0(4)
[446.851s][info][gc,heap        ] GC(980) Old regions: 491->491
[446.851s][info][gc,heap        ] GC(980) Archive regions: 2->2
[446.851s][info][gc,heap        ] GC(980) Humongous regions: 11->11
[446.851s][info][gc,metaspace   ] GC(980) Metaspace: 48649K(50128K)->48649K(50128K) NonClass: 42816K(43856K)->42816K(43856K) Class: 5833K(6272K)->5833K(6272K)
[446.851s][info][gc             ] GC(980) Pause Full (G1 Humongous Allocation) 500M->500M(512M) 472.873ms
[446.853s][info][gc,cpu         ] GC(980) User=2.47s Sys=0.07s Real=0.47s
[446.853s][info][gc,task        ] GC(982) Using 8 workers of 8 for full compaction
[446.853s][info][gc,start       ] GC(982) Pause Full (G1 Humongous Allocation)
[446.853s][info][gc,phases,start] GC(982) Phase 1: Mark live objects
[447.149s][info][gc,phases      ] GC(982) Phase 1: Mark live objects 296.163ms
[447.149s][info][gc,phases,start] GC(982) Phase 2: Prepare for compaction
[447.189s][info][gc,phases      ] GC(982) Phase 2: Prepare for compaction 39.593ms
[447.189s][info][gc,phases,start] GC(982) Phase 3: Adjust pointers
[447.278s][info][gc,phases      ] GC(982) Phase 3: Adjust pointers 89.062ms
[447.278s][info][gc,phases,start] GC(982) Phase 4: Compact heap
[447.318s][info][gc,phases      ] GC(982) Phase 4: Compact heap 39.455ms
[447.321s][info][gc,heap        ] GC(982) Eden regions: 0->0(25)
[447.321s][info][gc,heap        ] GC(982) Survivor regions: 0->0(4)
[447.321s][info][gc,heap        ] GC(982) Old regions: 491->490
[447.321s][info][gc,heap        ] GC(982) Archive regions: 2->2
[447.321s][info][gc,heap        ] GC(982) Humongous regions: 11->11
[447.321s][info][gc,metaspace   ] GC(982) Metaspace: 48649K(50128K)->48649K(50128K) NonClass: 42816K(43856K)->42816K(43856K) Class: 5833K(6272K)->5833K(6272K)
[447.321s][info][gc             ] GC(982) Pause Full (G1 Humongous Allocation) 500M->500M(512M) 468.305ms
[447.323s][info][gc,cpu         ] GC(982) User=2.51s Sys=0.05s Real=0.47s
[447.324s][info][gc,marking     ] GC(981) Concurrent Mark From Roots 945.725ms
[447.324s][info][gc,marking     ] GC(981) Concurrent Mark Abort
[447.324s][info][gc             ] GC(981) Concurrent Cycle 946.004ms
[447.325s][info][gc,start       ] GC(983) Pause Young (Normal) (G1 Humongous Allocation)
[447.326s][info][gc,task        ] GC(983) Using 8 workers of 8 for evacuation
[447.326s][info][gc,phases      ] GC(983)   Pre Evacuate Collection Set: 0.1ms
[447.326s][info][gc,phases      ] GC(983)   Merge Heap Roots: 0.0ms
[447.326s][info][gc,phases      ] GC(983)   Evacuate Collection Set: 0.3ms
[447.326s][info][gc,phases      ] GC(983)   Post Evacuate Collection Set: 0.2ms
[447.326s][info][gc,phases      ] GC(983)   Other: 0.2ms
[447.326s][info][gc,heap        ] GC(983) Eden regions: 1->0(24)
[447.326s][info][gc,heap        ] GC(983) Survivor regions: 0->1(4)
[447.326s][info][gc,heap        ] GC(983) Old regions: 490->490
[447.326s][info][gc,heap        ] GC(983) Archive regions: 2->2
[447.326s][info][gc,heap        ] GC(983) Humongous regions: 11->11
[447.326s][info][gc,metaspace   ] GC(983) Metaspace: 48649K(50128K)->48649K(50128K) NonClass: 42816K(43856K)->42816K(43856K) Class: 5833K(6272K)->5833K(6272K)
[447.326s][info][gc             ] GC(983) Pause Young (Normal) (G1 Humongous Allocation) 500M->500M(512M) 0.861ms
[447.326s][info][gc,cpu         ] GC(983) User=0.00s Sys=0.00s Real=0.01s
[447.326s][info][gc,task        ] GC(984) Using 8 workers of 8 for full compaction
[447.327s][info][gc,start       ] GC(984) Pause Full (G1 Humongous Allocation)
[447.327s][info][gc,phases,start] GC(984) Phase 1: Mark live objects
[447.609s][info][gc,phases      ] GC(984) Phase 1: Mark live objects 282.058ms
[447.609s][info][gc,phases,start] GC(984) Phase 2: Prepare for compaction
[447.650s][info][gc,phases      ] GC(984) Phase 2: Prepare for compaction 41.382ms
[447.650s][info][gc,phases,start] GC(984) Phase 3: Adjust pointers
[447.746s][info][gc,phases      ] GC(984) Phase 3: Adjust pointers 95.658ms
[447.746s][info][gc,phases,start] GC(984) Phase 4: Compact heap
[447.784s][info][gc,phases      ] GC(984) Phase 4: Compact heap 38.047ms
[447.788s][info][gc,heap        ] GC(984) Eden regions: 0->0(25)
[447.788s][info][gc,heap        ] GC(984) Survivor regions: 1->0(4)
[447.788s][info][gc,heap        ] GC(984) Old regions: 490->491
[447.788s][info][gc,heap        ] GC(984) Archive regions: 2->2
[447.788s][info][gc,heap        ] GC(984) Humongous regions: 11->11
[447.788s][info][gc,metaspace   ] GC(984) Metaspace: 48649K(50128K)->48649K(50128K) NonClass: 42816K(43856K)->42816K(43856K) Class: 5833K(6272K)->5833K(6272K)
[447.788s][info][gc             ] GC(984) Pause Full (G1 Humongous Allocation) 500M->500M(512M) 461.860ms
[447.790s][info][gc,cpu         ] GC(984) User=2.53s Sys=0.06s Real=0.46s
[447.790s][info][gc,task        ] GC(985) Using 8 workers of 8 for full compaction
[447.791s][info][gc,start       ] GC(985) Pause Full (G1 Humongous Allocation)
[447.791s][info][gc,phases,start] GC(985) Phase 1: Mark live objects
[448.072s][info][gc,phases      ] GC(985) Phase 1: Mark live objects 281.799ms
[448.072s][info][gc,phases,start] GC(985) Phase 2: Prepare for compaction
[448.109s][info][gc,phases      ] GC(985) Phase 2: Prepare for compaction 36.678ms
[448.109s][info][gc,phases,start] GC(985) Phase 3: Adjust pointers
[448.223s][info][gc,phases      ] GC(985) Phase 3: Adjust pointers 113.752ms
[448.223s][info][gc,phases,start] GC(985) Phase 4: Compact heap
[448.263s][info][gc,phases      ] GC(985) Phase 4: Compact heap 40.227ms
[448.267s][info][gc,heap        ] GC(985) Eden regions: 0->0(25)
[448.267s][info][gc,heap        ] GC(985) Survivor regions: 0->0(4)
[448.267s][info][gc,heap        ] GC(985) Old regions: 491->490
[448.267s][info][gc,heap        ] GC(985) Archive regions: 2->2
[448.267s][info][gc,heap        ] GC(985) Humongous regions: 11->11
[448.267s][info][gc,metaspace   ] GC(985) Metaspace: 48649K(50128K)->48649K(50128K) NonClass: 42816K(43856K)->42816K(43856K) Class: 5833K(6272K)->5833K(6272K)
[448.267s][info][gc             ] GC(985) Pause Full (G1 Humongous Allocation) 500M->500M(512M) 476.307ms
[448.269s][info][gc,cpu         ] GC(985) User=2.50s Sys=0.06s Real=0.48s
[448.270s][info][gc,start       ] GC(986) Pause Young (Concurrent Start) (G1 Humongous Allocation)
[448.270s][info][gc,task        ] GC(986) Using 8 workers of 8 for evacuation
[448.272s][info][gc,phases      ] GC(986)   Pre Evacuate Collection Set: 0.2ms
[448.272s][info][gc,phases      ] GC(986)   Merge Heap Roots: 0.0ms
[448.272s][info][gc,phases      ] GC(986)   Evacuate Collection Set: 1.1ms
[448.272s][info][gc,phases      ] GC(986)   Post Evacuate Collection Set: 0.2ms
[448.272s][info][gc,phases      ] GC(986)   Other: 0.2ms
[448.272s][info][gc,heap        ] GC(986) Eden regions: 1->0(24)
[448.272s][info][gc,heap        ] GC(986) Survivor regions: 0->1(4)
[448.272s][info][gc,heap        ] GC(986) Old regions: 490->490
[448.272s][info][gc,heap        ] GC(986) Archive regions: 2->2
[448.272s][info][gc,heap        ] GC(986) Humongous regions: 11->11
[448.272s][info][gc,metaspace   ] GC(986) Metaspace: 48649K(50128K)->48649K(50128K) NonClass: 42816K(43856K)->42816K(43856K) Class: 5833K(6272K)->5833K(6272K)
[448.272s][info][gc             ] GC(986) Pause Young (Concurrent Start) (G1 Humongous Allocation) 500M->500M(512M) 1.985ms
[448.272s][info][gc,cpu         ] GC(986) User=0.00s Sys=0.00s Real=0.00s
[448.272s][info][gc             ] GC(987) Concurrent Cycle
[448.272s][info][gc,marking     ] GC(987) Concurrent Clear Claimed Marks
[448.272s][info][gc,marking     ] GC(987) Concurrent Clear Claimed Marks 0.046ms
[448.272s][info][gc,marking     ] GC(987) Concurrent Scan Root Regions
[448.273s][info][gc,marking     ] GC(987) Concurrent Scan Root Regions 0.472ms
[448.273s][info][gc,marking     ] GC(987) Concurrent Mark (448.273s)
[448.273s][info][gc,marking     ] GC(987) Concurrent Mark From Roots
[448.273s][info][gc,task        ] GC(987) Using 2 workers of 2 for marking
[448.273s][info][gc,start       ] GC(988) Pause Young (Normal) (G1 Humongous Allocation)
[448.273s][info][gc,task        ] GC(988) Using 8 workers of 8 for evacuation
[448.274s][info][gc,phases      ] GC(988)   Pre Evacuate Collection Set: 0.5ms
[448.274s][info][gc,phases      ] GC(988)   Merge Heap Roots: 0.0ms
[448.274s][info][gc,phases      ] GC(988)   Evacuate Collection Set: 0.3ms
[448.274s][info][gc,phases      ] GC(988)   Post Evacuate Collection Set: 0.2ms
[448.274s][info][gc,phases      ] GC(988)   Other: 0.1ms
[448.274s][info][gc,heap        ] GC(988) Eden regions: 1->0(24)
[448.274s][info][gc,heap        ] GC(988) Survivor regions: 1->1(4)
[448.274s][info][gc,heap        ] GC(988) Old regions: 490->490
[448.274s][info][gc,heap        ] GC(988) Archive regions: 2->2
[448.274s][info][gc,heap        ] GC(988) Humongous regions: 11->11
[448.274s][info][gc,metaspace   ] GC(988) Metaspace: 48649K(50128K)->48649K(50128K) NonClass: 42816K(43856K)->42816K(43856K) Class: 5833K(6272K)->5833K(6272K)
[448.274s][info][gc             ] GC(988) Pause Young (Normal) (G1 Humongous Allocation) 500M->500M(512M) 0.780ms
[448.274s][info][gc,cpu         ] GC(988) User=0.00s Sys=0.00s Real=0.00s
[448.274s][info][gc,task        ] GC(989) Using 8 workers of 8 for full compaction
[448.274s][info][gc,start       ] GC(989) Pause Full (G1 Humongous Allocation)
[448.274s][info][gc,phases,start] GC(989) Phase 1: Mark live objects
[448.547s][info][gc,phases      ] GC(989) Phase 1: Mark live objects 272.890ms
[448.547s][info][gc,phases,start] GC(989) Phase 2: Prepare for compaction
[448.580s][info][gc,phases      ] GC(989) Phase 2: Prepare for compaction 33.080ms
[448.580s][info][gc,phases,start] GC(989) Phase 3: Adjust pointers
[448.676s][info][gc,phases      ] GC(989) Phase 3: Adjust pointers 95.699ms
[448.676s][info][gc,phases,start] GC(989) Phase 4: Compact heap
[448.710s][info][gc,phases      ] GC(989) Phase 4: Compact heap 33.257ms
[448.714s][info][gc,heap        ] GC(989) Eden regions: 0->0(25)
[448.714s][info][gc,heap        ] GC(989) Survivor regions: 1->0(4)
[448.714s][info][gc,heap        ] GC(989) Old regions: 490->491
[448.714s][info][gc,heap        ] GC(989) Archive regions: 2->2
[448.714s][info][gc,heap        ] GC(989) Humongous regions: 11->11
[448.714s][info][gc,metaspace   ] GC(989) Metaspace: 48649K(50128K)->48649K(50128K) NonClass: 42816K(43856K)->42816K(43856K) Class: 5833K(6272K)->5833K(6272K)
[448.714s][info][gc             ] GC(989) Pause Full (G1 Humongous Allocation) 500M->500M(512M) 439.853ms
[448.715s][info][gc,cpu         ] GC(989) User=2.54s Sys=0.07s Real=0.44s
[448.715s][info][gc,task        ] GC(990) Using 8 workers of 8 for full compaction
[448.715s][info][gc,start       ] GC(990) Pause Full (G1 Humongous Allocation)
[448.715s][info][gc,phases,start] GC(990) Phase 1: Mark live objects
[448.984s][info][gc,phases      ] GC(990) Phase 1: Mark live objects 269.217ms
[448.984s][info][gc,phases,start] GC(990) Phase 2: Prepare for compaction
[449.024s][info][gc,phases      ] GC(990) Phase 2: Prepare for compaction 39.299ms
[449.024s][info][gc,phases,start] GC(990) Phase 3: Adjust pointers
[449.131s][info][gc,phases      ] GC(990) Phase 3: Adjust pointers 106.735ms
[449.131s][info][gc,phases,start] GC(990) Phase 4: Compact heap
[449.165s][info][gc,phases      ] GC(990) Phase 4: Compact heap 34.059ms
[449.168s][info][gc,heap        ] GC(990) Eden regions: 0->0(25)
[449.168s][info][gc,heap        ] GC(990) Survivor regions: 0->0(4)
[449.168s][info][gc,heap        ] GC(990) Old regions: 491->490
[449.168s][info][gc,heap        ] GC(990) Archive regions: 2->2
[449.168s][info][gc,heap        ] GC(990) Humongous regions: 11->11
[449.168s][info][gc,metaspace   ] GC(990) Metaspace: 48649K(50128K)->48649K(50128K) NonClass: 42816K(43856K)->42816K(43856K) Class: 5833K(6272K)->5833K(6272K)
[449.168s][info][gc             ] GC(990) Pause Full (G1 Humongous Allocation) 500M->500M(512M) 452.999ms
[449.170s][info][gc,cpu         ] GC(990) User=2.52s Sys=0.06s Real=0.46s
[449.170s][info][gc,marking     ] GC(987) Concurrent Mark From Roots 896.793ms
[449.170s][info][gc,marking     ] GC(987) Concurrent Mark Abort
[449.170s][info][gc             ] GC(987) Concurrent Cycle 897.452ms
[449.171s][info][gc,start       ] GC(991) Pause Young (Normal) (G1 Humongous Allocation)
[449.171s][info][gc,task        ] GC(991) Using 8 workers of 8 for evacuation
[449.172s][info][gc,phases      ] GC(991)   Pre Evacuate Collection Set: 0.2ms
[449.172s][info][gc,phases      ] GC(991)   Merge Heap Roots: 0.0ms
[449.172s][info][gc,phases      ] GC(991)   Evacuate Collection Set: 0.2ms
[449.172s][info][gc,phases      ] GC(991)   Post Evacuate Collection Set: 0.2ms
[449.172s][info][gc,phases      ] GC(991)   Other: 0.2ms
[449.172s][info][gc,heap        ] GC(991) Eden regions: 1->0(24)
[449.172s][info][gc,heap        ] GC(991) Survivor regions: 0->1(4)
[449.172s][info][gc,heap        ] GC(991) Old regions: 490->490
[449.172s][info][gc,heap        ] GC(991) Archive regions: 2->2
[449.172s][info][gc,heap        ] GC(991) Humongous regions: 11->11
[449.172s][info][gc,metaspace   ] GC(991) Metaspace: 48649K(50128K)->48649K(50128K) NonClass: 42816K(43856K)->42816K(43856K) Class: 5833K(6272K)->5833K(6272K)
[449.172s][info][gc             ] GC(991) Pause Young (Normal) (G1 Humongous Allocation) 501M->500M(512M) 1.006ms
[449.172s][info][gc,cpu         ] GC(991) User=0.01s Sys=0.00s Real=0.00s
[449.172s][info][gc,task        ] GC(992) Using 8 workers of 8 for full compaction
[449.172s][info][gc,start       ] GC(992) Pause Full (G1 Humongous Allocation)
[449.173s][info][gc,phases,start] GC(992) Phase 1: Mark live objects
[449.439s][info][gc,phases      ] GC(992) Phase 1: Mark live objects 266.347ms
[449.439s][info][gc,phases,start] GC(992) Phase 2: Prepare for compaction
[449.473s][info][gc,phases      ] GC(992) Phase 2: Prepare for compaction 33.904ms
[449.473s][info][gc,phases,start] GC(992) Phase 3: Adjust pointers
[449.567s][info][gc,phases      ] GC(992) Phase 3: Adjust pointers 94.535ms
[449.567s][info][gc,phases,start] GC(992) Phase 4: Compact heap
[449.608s][info][gc,phases      ] GC(992) Phase 4: Compact heap 40.665ms
[449.613s][info][gc,heap        ] GC(992) Eden regions: 0->0(25)
[449.613s][info][gc,heap        ] GC(992) Survivor regions: 1->0(4)
[449.613s][info][gc,heap        ] GC(992) Old regions: 490->490
[449.613s][info][gc,heap        ] GC(992) Archive regions: 2->2
[449.613s][info][gc,heap        ] GC(992) Humongous regions: 11->11
[449.613s][info][gc,metaspace   ] GC(992) Metaspace: 48649K(50128K)->48649K(50128K) NonClass: 42816K(43856K)->42816K(43856K) Class: 5833K(6272K)->5833K(6272K)
[449.613s][info][gc             ] GC(992) Pause Full (G1 Humongous Allocation) 500M->500M(512M) 440.164ms
[449.614s][info][gc,cpu         ] GC(992) User=2.53s Sys=0.05s Real=0.44s
[449.614s][info][gc,task        ] GC(993) Using 8 workers of 8 for full compaction
[449.614s][info][gc,start       ] GC(993) Pause Full (G1 Humongous Allocation)
[449.614s][info][gc,phases,start] GC(993) Phase 1: Mark live objects
[449.932s][info][gc,phases      ] GC(993) Phase 1: Mark live objects 317.238ms
[449.932s][info][gc,phases,start] GC(993) Phase 2: Prepare for compaction
[449.966s][info][gc,phases      ] GC(993) Phase 2: Prepare for compaction 34.113ms
[449.966s][info][gc,phases,start] GC(993) Phase 3: Adjust pointers
[450.066s][info][gc,phases      ] GC(993) Phase 3: Adjust pointers 100.515ms
[450.066s][info][gc,phases,start] GC(993) Phase 4: Compact heap
[450.105s][info][gc,phases      ] GC(993) Phase 4: Compact heap 38.370ms
[450.109s][info][gc,heap        ] GC(993) Eden regions: 0->0(25)
[450.109s][info][gc,heap        ] GC(993) Survivor regions: 0->0(4)
[450.109s][info][gc,heap        ] GC(993) Old regions: 490->490
[450.109s][info][gc,heap        ] GC(993) Archive regions: 2->2
[450.109s][info][gc,heap        ] GC(993) Humongous regions: 11->11
[450.109s][info][gc,metaspace   ] GC(993) Metaspace: 48649K(50128K)->48649K(50128K) NonClass: 42816K(43856K)->42816K(43856K) Class: 5833K(6272K)->5833K(6272K)
[450.109s][info][gc             ] GC(993) Pause Full (G1 Humongous Allocation) 500M->500M(512M) 494.815ms
[450.110s][info][gc,cpu         ] GC(993) User=2.53s Sys=0.06s Real=0.50s
[450.111s][info][gc,start       ] GC(994) Pause Young (Concurrent Start) (G1 Humongous Allocation)
[450.111s][info][gc,task        ] GC(994) Using 8 workers of 8 for evacuation
[450.112s][info][gc,phases      ] GC(994)   Pre Evacuate Collection Set: 0.1ms
[450.112s][info][gc,phases      ] GC(994)   Merge Heap Roots: 0.0ms
[450.113s][info][gc,phases      ] GC(994)   Evacuate Collection Set: 0.6ms
[450.113s][info][gc,phases      ] GC(994)   Post Evacuate Collection Set: 0.2ms
[450.113s][info][gc,phases      ] GC(994)   Other: 0.2ms
[450.113s][info][gc,heap        ] GC(994) Eden regions: 1->0(24)
[450.113s][info][gc,heap        ] GC(994) Survivor regions: 0->1(4)
[450.113s][info][gc,heap        ] GC(994) Old regions: 490->490
[450.113s][info][gc,heap        ] GC(994) Archive regions: 2->2
[450.113s][info][gc,heap        ] GC(994) Humongous regions: 11->11
[450.113s][info][gc,metaspace   ] GC(994) Metaspace: 48649K(50128K)->48649K(50128K) NonClass: 42816K(43856K)->42816K(43856K) Class: 5833K(6272K)->5833K(6272K)
[450.113s][info][gc             ] GC(994) Pause Young (Concurrent Start) (G1 Humongous Allocation) 500M->500M(512M) 1.246ms
[450.113s][info][gc,cpu         ] GC(994) User=0.00s Sys=0.00s Real=0.00s
[450.113s][info][gc             ] GC(995) Concurrent Cycle
[450.113s][info][gc,marking     ] GC(995) Concurrent Clear Claimed Marks
[450.113s][info][gc,marking     ] GC(995) Concurrent Clear Claimed Marks 0.036ms
[450.113s][info][gc,marking     ] GC(995) Concurrent Scan Root Regions
[450.113s][info][gc,marking     ] GC(995) Concurrent Scan Root Regions 0.462ms
[450.113s][info][gc,marking     ] GC(995) Concurrent Mark (450.113s)
[450.113s][info][gc,marking     ] GC(995) Concurrent Mark From Roots
[450.113s][info][gc,task        ] GC(995) Using 2 workers of 2 for marking
[450.113s][info][gc,start       ] GC(996) Pause Young (Normal) (G1 Humongous Allocation)
[450.113s][info][gc,task        ] GC(996) Using 8 workers of 8 for evacuation
[450.114s][info][gc,phases      ] GC(996)   Pre Evacuate Collection Set: 0.5ms
[450.114s][info][gc,phases      ] GC(996)   Merge Heap Roots: 0.1ms
[450.114s][info][gc,phases      ] GC(996)   Evacuate Collection Set: 0.2ms
[450.114s][info][gc,phases      ] GC(996)   Post Evacuate Collection Set: 0.2ms
[450.114s][info][gc,phases      ] GC(996)   Other: 0.1ms
[450.114s][info][gc,heap        ] GC(996) Eden regions: 0->0(24)
[450.114s][info][gc,heap        ] GC(996) Survivor regions: 1->1(4)
[450.114s][info][gc,heap        ] GC(996) Old regions: 490->490
[450.114s][info][gc,heap        ] GC(996) Archive regions: 2->2
[450.114s][info][gc,heap        ] GC(996) Humongous regions: 11->11
[450.114s][info][gc,metaspace   ] GC(996) Metaspace: 48649K(50128K)->48649K(50128K) NonClass: 42816K(43856K)->42816K(43856K) Class: 5833K(6272K)->5833K(6272K)
[450.114s][info][gc             ] GC(996) Pause Young (Normal) (G1 Humongous Allocation) 500M->500M(512M) 0.760ms
[450.114s][info][gc,cpu         ] GC(996) User=0.00s Sys=0.00s Real=0.00s
[450.114s][info][gc,task        ] GC(997) Using 8 workers of 8 for full compaction
[450.114s][info][gc,start       ] GC(997) Pause Full (G1 Humongous Allocation)
[450.115s][info][gc,phases,start] GC(997) Phase 1: Mark live objects
[450.378s][info][gc,phases      ] GC(997) Phase 1: Mark live objects 263.182ms
[450.378s][info][gc,phases,start] GC(997) Phase 2: Prepare for compaction
[450.425s][info][gc,phases      ] GC(997) Phase 2: Prepare for compaction 46.776ms
[450.425s][info][gc,phases,start] GC(997) Phase 3: Adjust pointers
[450.524s][info][gc,phases      ] GC(997) Phase 3: Adjust pointers 98.990ms
[450.524s][info][gc,phases,start] GC(997) Phase 4: Compact heap
[450.554s][info][gc,phases      ] GC(997) Phase 4: Compact heap 29.731ms
[450.558s][info][gc,heap        ] GC(997) Eden regions: 0->0(25)
[450.558s][info][gc,heap        ] GC(997) Survivor regions: 1->0(4)
[450.558s][info][gc,heap        ] GC(997) Old regions: 490->490
[450.558s][info][gc,heap        ] GC(997) Archive regions: 2->2
[450.558s][info][gc,heap        ] GC(997) Humongous regions: 11->11
[450.558s][info][gc,metaspace   ] GC(997) Metaspace: 48649K(50128K)->48649K(50128K) NonClass: 42816K(43856K)->42816K(43856K) Class: 5833K(6272K)->5833K(6272K)
[450.558s][info][gc             ] GC(997) Pause Full (G1 Humongous Allocation) 500M->500M(512M) 444.410ms
[450.561s][info][gc,cpu         ] GC(997) User=2.53s Sys=0.06s Real=0.45s
[450.561s][info][gc,task        ] GC(998) Using 8 workers of 8 for full compaction
[450.561s][info][gc,start       ] GC(998) Pause Full (G1 Humongous Allocation)
[450.561s][info][gc,phases,start] GC(998) Phase 1: Mark live objects
[450.849s][info][gc,phases      ] GC(998) Phase 1: Mark live objects 287.980ms
[450.849s][info][gc,phases,start] GC(998) Phase 2: Prepare for compaction
[450.895s][info][gc,phases      ] GC(998) Phase 2: Prepare for compaction 46.095ms
[450.895s][info][gc,phases,start] GC(998) Phase 3: Adjust pointers
[450.992s][info][gc,phases      ] GC(998) Phase 3: Adjust pointers 97.070ms
[450.992s][info][gc,phases,start] GC(998) Phase 4: Compact heap
[451.027s][info][gc,phases      ] GC(998) Phase 4: Compact heap 34.549ms
[451.030s][info][gc,heap        ] GC(998) Eden regions: 0->0(25)
[451.030s][info][gc,heap        ] GC(998) Survivor regions: 0->0(4)
[451.030s][info][gc,heap        ] GC(998) Old regions: 490->490
[451.030s][info][gc,heap        ] GC(998) Archive regions: 2->2
[451.030s][info][gc,heap        ] GC(998) Humongous regions: 11->11
[451.030s][info][gc,metaspace   ] GC(998) Metaspace: 48649K(50128K)->48649K(50128K) NonClass: 42816K(43856K)->42816K(43856K) Class: 5833K(6272K)->5833K(6272K)
[451.030s][info][gc             ] GC(998) Pause Full (G1 Humongous Allocation) 500M->500M(512M) 469.227ms
[451.031s][info][gc,cpu         ] GC(998) User=2.49s Sys=0.05s Real=0.47s
[451.032s][info][gc,marking     ] GC(995) Concurrent Mark From Roots 918.348ms
[451.033s][info][gc,marking     ] GC(995) Concurrent Mark Abort
[451.033s][info][gc             ] GC(995) Concurrent Cycle 919.934ms
[451.033s][info][gc,start       ] GC(999) Pause Young (Normal) (G1 Humongous Allocation)
[451.033s][info][gc,task        ] GC(999) Using 8 workers of 8 for evacuation
[451.033s][info][gc,phases      ] GC(999)   Pre Evacuate Collection Set: 0.1ms
[451.033s][info][gc,phases      ] GC(999)   Merge Heap Roots: 0.0ms
[451.033s][info][gc,phases      ] GC(999)   Evacuate Collection Set: 0.2ms
[451.033s][info][gc,phases      ] GC(999)   Post Evacuate Collection Set: 0.2ms
[451.033s][info][gc,phases      ] GC(999)   Other: 0.1ms
[451.033s][info][gc,heap        ] GC(999) Eden regions: 1->0(24)
[451.033s][info][gc,heap        ] GC(999) Survivor regions: 0->1(4)
[451.033s][info][gc,heap        ] GC(999) Old regions: 490->490
[451.033s][info][gc,heap        ] GC(999) Archive regions: 2->2
[451.033s][info][gc,heap        ] GC(999) Humongous regions: 11->11
[451.033s][info][gc,metaspace   ] GC(999) Metaspace: 48649K(50128K)->48649K(50128K) NonClass: 42816K(43856K)->42816K(43856K) Class: 5833K(6272K)->5833K(6272K)
[451.033s][info][gc             ] GC(999) Pause Young (Normal) (G1 Humongous Allocation) 500M->500M(512M) 0.710ms
[451.034s][info][gc,cpu         ] GC(999) User=0.00s Sys=0.00s Real=0.00s
[451.034s][info][gc,task        ] GC(1000) Using 8 workers of 8 for full compaction
[451.034s][info][gc,start       ] GC(1000) Pause Full (G1 Humongous Allocation)
[451.034s][info][gc,phases,start] GC(1000) Phase 1: Mark live objects
[451.319s][info][gc,phases      ] GC(1000) Phase 1: Mark live objects 285.877ms
[451.320s][info][gc,phases,start] GC(1000) Phase 2: Prepare for compaction
[451.358s][info][gc,phases      ] GC(1000) Phase 2: Prepare for compaction 38.548ms
[451.358s][info][gc,phases,start] GC(1000) Phase 3: Adjust pointers
[451.444s][info][gc,phases      ] GC(1000) Phase 3: Adjust pointers 85.443ms
[451.444s][info][gc,phases,start] GC(1000) Phase 4: Compact heap
[451.477s][info][gc,phases      ] GC(1000) Phase 4: Compact heap 33.688ms
[451.481s][info][gc,heap        ] GC(1000) Eden regions: 0->0(25)
[451.481s][info][gc,heap        ] GC(1000) Survivor regions: 1->0(4)
[451.481s][info][gc,heap        ] GC(1000) Old regions: 490->491
[451.481s][info][gc,heap        ] GC(1000) Archive regions: 2->2
[451.481s][info][gc,heap        ] GC(1000) Humongous regions: 11->11
[451.481s][info][gc,metaspace   ] GC(1000) Metaspace: 48649K(50128K)->48649K(50128K) NonClass: 42816K(43856K)->42816K(43856K) Class: 5833K(6272K)->5833K(6272K)
[451.481s][info][gc             ] GC(1000) Pause Full (G1 Humongous Allocation) 500M->500M(512M) 447.535ms
[451.483s][info][gc,cpu         ] GC(1000) User=2.50s Sys=0.06s Real=0.45s
[451.483s][info][gc,task        ] GC(1001) Using 8 workers of 8 for full compaction
[451.483s][info][gc,start       ] GC(1001) Pause Full (G1 Humongous Allocation)
[451.483s][info][gc,phases,start] GC(1001) Phase 1: Mark live objects
[451.763s][info][gc,phases      ] GC(1001) Phase 1: Mark live objects 279.548ms
[451.763s][info][gc,phases,start] GC(1001) Phase 2: Prepare for compaction
[451.803s][info][gc,phases      ] GC(1001) Phase 2: Prepare for compaction 40.592ms
[451.803s][info][gc,phases,start] GC(1001) Phase 3: Adjust pointers
[451.899s][info][gc,phases      ] GC(1001) Phase 3: Adjust pointers 95.346ms
[451.899s][info][gc,phases,start] GC(1001) Phase 4: Compact heap
[451.927s][info][gc,phases      ] GC(1001) Phase 4: Compact heap 28.382ms
[451.931s][info][gc,heap        ] GC(1001) Eden regions: 0->0(25)
[451.931s][info][gc,heap        ] GC(1001) Survivor regions: 0->0(4)
[451.931s][info][gc,heap        ] GC(1001) Old regions: 491->491
[451.931s][info][gc,heap        ] GC(1001) Archive regions: 2->2
[451.931s][info][gc,heap        ] GC(1001) Humongous regions: 11->11
[451.931s][info][gc,metaspace   ] GC(1001) Metaspace: 48649K(50128K)->48649K(50128K) NonClass: 42816K(43856K)->42816K(43856K) Class: 5833K(6272K)->5833K(6272K)
[451.931s][info][gc             ] GC(1001) Pause Full (G1 Humongous Allocation) 500M->500M(512M) 447.861ms
[451.933s][info][gc,cpu         ] GC(1001) User=2.52s Sys=0.06s Real=0.45s
[451.935s][info][gc,start       ] GC(1002) Pause Young (Concurrent Start) (G1 Humongous Allocation)
[451.935s][info][gc,task        ] GC(1002) Using 8 workers of 8 for evacuation
[451.936s][info][gc,phases      ] GC(1002)   Pre Evacuate Collection Set: 0.1ms
[451.936s][info][gc,phases      ] GC(1002)   Merge Heap Roots: 0.0ms
[451.936s][info][gc,phases      ] GC(1002)   Evacuate Collection Set: 0.7ms
[451.936s][info][gc,phases      ] GC(1002)   Post Evacuate Collection Set: 0.2ms
[451.936s][info][gc,phases      ] GC(1002)   Other: 0.1ms
[451.936s][info][gc,heap        ] GC(1002) Eden regions: 1->0(24)
[451.936s][info][gc,heap        ] GC(1002) Survivor regions: 0->1(4)
[451.936s][info][gc,heap        ] GC(1002) Old regions: 491->491
[451.936s][info][gc,heap        ] GC(1002) Archive regions: 2->2
[451.936s][info][gc,heap        ] GC(1002) Humongous regions: 11->11
[451.936s][info][gc,metaspace   ] GC(1002) Metaspace: 48649K(50128K)->48649K(50128K) NonClass: 42816K(43856K)->42816K(43856K) Class: 5833K(6272K)->5833K(6272K)
[451.936s][info][gc             ] GC(1002) Pause Young (Concurrent Start) (G1 Humongous Allocation) 500M->500M(512M) 1.241ms
[451.936s][info][gc,cpu         ] GC(1002) User=0.00s Sys=0.00s Real=0.01s
[451.936s][info][gc             ] GC(1003) Concurrent Cycle
[451.936s][info][gc,marking     ] GC(1003) Concurrent Clear Claimed Marks
[451.936s][info][gc,marking     ] GC(1003) Concurrent Clear Claimed Marks 0.045ms
[451.936s][info][gc,marking     ] GC(1003) Concurrent Scan Root Regions
[451.937s][info][gc,marking     ] GC(1003) Concurrent Scan Root Regions 0.538ms
[451.937s][info][gc,marking     ] GC(1003) Concurrent Mark (451.937s)
[451.937s][info][gc,marking     ] GC(1003) Concurrent Mark From Roots
[451.937s][info][gc,task        ] GC(1003) Using 2 workers of 2 for marking
[451.937s][info][gc,start       ] GC(1004) Pause Young (Normal) (G1 Humongous Allocation)
[451.937s][info][gc,task        ] GC(1004) Using 8 workers of 8 for evacuation
[451.937s][info][gc,phases      ] GC(1004)   Pre Evacuate Collection Set: 0.6ms
[451.937s][info][gc,phases      ] GC(1004)   Merge Heap Roots: 0.0ms
[451.937s][info][gc,phases      ] GC(1004)   Evacuate Collection Set: 0.4ms
[451.937s][info][gc,phases      ] GC(1004)   Post Evacuate Collection Set: 0.2ms
[451.938s][info][gc,phases      ] GC(1004)   Other: 0.1ms
[451.938s][info][gc,heap        ] GC(1004) Eden regions: 0->0(24)
[451.938s][info][gc,heap        ] GC(1004) Survivor regions: 1->1(4)
[451.938s][info][gc,heap        ] GC(1004) Old regions: 491->491
[451.938s][info][gc,heap        ] GC(1004) Archive regions: 2->2
[451.938s][info][gc,heap        ] GC(1004) Humongous regions: 11->11
[451.938s][info][gc,metaspace   ] GC(1004) Metaspace: 48649K(50128K)->48649K(50128K) NonClass: 42816K(43856K)->42816K(43856K) Class: 5833K(6272K)->5833K(6272K)
[451.938s][info][gc             ] GC(1004) Pause Young (Normal) (G1 Humongous Allocation) 500M->500M(512M) 0.990ms
[451.938s][info][gc,cpu         ] GC(1004) User=0.01s Sys=0.00s Real=0.00s
[451.938s][info][gc,task        ] GC(1005) Using 8 workers of 8 for full compaction
[451.938s][info][gc,start       ] GC(1005) Pause Full (G1 Humongous Allocation)
[451.938s][info][gc,phases,start] GC(1005) Phase 1: Mark live objects
[452.222s][info][gc,phases      ] GC(1005) Phase 1: Mark live objects 283.436ms
[452.222s][info][gc,phases,start] GC(1005) Phase 2: Prepare for compaction
[452.256s][info][gc,phases      ] GC(1005) Phase 2: Prepare for compaction 33.966ms
[452.256s][info][gc,phases,start] GC(1005) Phase 3: Adjust pointers
[452.339s][info][gc,phases      ] GC(1005) Phase 3: Adjust pointers 82.890ms
[452.339s][info][gc,phases,start] GC(1005) Phase 4: Compact heap
[452.370s][info][gc,phases      ] GC(1005) Phase 4: Compact heap 31.270ms
[452.375s][info][gc,heap        ] GC(1005) Eden regions: 0->0(25)
[452.375s][info][gc,heap        ] GC(1005) Survivor regions: 1->0(4)
[452.375s][info][gc,heap        ] GC(1005) Old regions: 491->491
[452.375s][info][gc,heap        ] GC(1005) Archive regions: 2->2
[452.375s][info][gc,heap        ] GC(1005) Humongous regions: 11->11
[452.375s][info][gc,metaspace   ] GC(1005) Metaspace: 48649K(50128K)->48649K(50128K) NonClass: 42816K(43856K)->42816K(43856K) Class: 5833K(6272K)->5833K(6272K)
[452.375s][info][gc             ] GC(1005) Pause Full (G1 Humongous Allocation) 500M->500M(512M) 437.306ms
[452.377s][info][gc,cpu         ] GC(1005) User=2.51s Sys=0.06s Real=0.44s
[452.377s][info][gc,task        ] GC(1006) Using 8 workers of 8 for full compaction
[452.377s][info][gc,start       ] GC(1006) Pause Full (G1 Humongous Allocation)
[452.377s][info][gc,phases,start] GC(1006) Phase 1: Mark live objects
[452.646s][info][gc,phases      ] GC(1006) Phase 1: Mark live objects 268.232ms
[452.646s][info][gc,phases,start] GC(1006) Phase 2: Prepare for compaction
[452.676s][info][gc,phases      ] GC(1006) Phase 2: Prepare for compaction 30.734ms
[452.677s][info][gc,phases,start] GC(1006) Phase 3: Adjust pointers
[452.772s][info][gc,phases      ] GC(1006) Phase 3: Adjust pointers 95.010ms
[452.772s][info][gc,phases,start] GC(1006) Phase 4: Compact heap
[452.800s][info][gc,phases      ] GC(1006) Phase 4: Compact heap 28.454ms
[452.804s][info][gc,heap        ] GC(1006) Eden regions: 0->0(25)
[452.804s][info][gc,heap        ] GC(1006) Survivor regions: 0->0(4)
[452.804s][info][gc,heap        ] GC(1006) Old regions: 491->491
[452.804s][info][gc,heap        ] GC(1006) Archive regions: 2->2
[452.804s][info][gc,heap        ] GC(1006) Humongous regions: 11->11
[452.804s][info][gc,metaspace   ] GC(1006) Metaspace: 48649K(50128K)->48649K(50128K) NonClass: 42816K(43856K)->42816K(43856K) Class: 5833K(6272K)->5833K(6272K)
[452.804s][info][gc             ] GC(1006) Pause Full (G1 Humongous Allocation) 500M->500M(512M) 426.620ms
[452.805s][info][gc,cpu         ] GC(1006) User=2.51s Sys=0.06s Real=0.42s
[452.805s][info][gc,marking     ] GC(1003) Concurrent Mark From Roots 868.738ms
[452.805s][info][gc,marking     ] GC(1003) Concurrent Mark Abort
[452.805s][info][gc             ] GC(1003) Concurrent Cycle 869.472ms
[452.807s][info][gc,start       ] GC(1007) Pause Young (Concurrent Start) (G1 Humongous Allocation)
[452.807s][info][gc,task        ] GC(1007) Using 8 workers of 8 for evacuation
[452.808s][info][gc,phases      ] GC(1007)   Pre Evacuate Collection Set: 0.1ms
[452.808s][info][gc,phases      ] GC(1007)   Merge Heap Roots: 0.0ms
[452.808s][info][gc,phases      ] GC(1007)   Evacuate Collection Set: 0.5ms
[452.808s][info][gc,phases      ] GC(1007)   Post Evacuate Collection Set: 0.2ms
[452.808s][info][gc,phases      ] GC(1007)   Other: 0.1ms
[452.808s][info][gc,heap        ] GC(1007) Eden regions: 1->0(24)
[452.808s][info][gc,heap        ] GC(1007) Survivor regions: 0->1(4)
[452.808s][info][gc,heap        ] GC(1007) Old regions: 491->491
[452.808s][info][gc,heap        ] GC(1007) Archive regions: 2->2
[452.808s][info][gc,heap        ] GC(1007) Humongous regions: 11->11
[452.808s][info][gc,metaspace   ] GC(1007) Metaspace: 48649K(50128K)->48649K(50128K) NonClass: 42816K(43856K)->42816K(43856K) Class: 5833K(6272K)->5833K(6272K)
[452.808s][info][gc             ] GC(1007) Pause Young (Concurrent Start) (G1 Humongous Allocation) 501M->500M(512M) 1.124ms
[452.808s][info][gc,cpu         ] GC(1007) User=0.00s Sys=0.00s Real=0.00s
[452.808s][info][gc             ] GC(1008) Concurrent Cycle
[452.808s][info][gc,marking     ] GC(1008) Concurrent Clear Claimed Marks
[452.808s][info][gc,marking     ] GC(1008) Concurrent Clear Claimed Marks 0.023ms
[452.808s][info][gc,marking     ] GC(1008) Concurrent Scan Root Regions
[452.808s][info][gc,marking     ] GC(1008) Concurrent Scan Root Regions 0.479ms
[452.808s][info][gc,marking     ] GC(1008) Concurrent Mark (452.808s)
[452.808s][info][gc,marking     ] GC(1008) Concurrent Mark From Roots
[452.808s][info][gc,start       ] GC(1009) Pause Young (Normal) (G1 Humongous Allocation)
[452.808s][info][gc,task        ] GC(1008) Using 2 workers of 2 for marking
[452.808s][info][gc,task        ] GC(1009) Using 8 workers of 8 for evacuation
[452.809s][info][gc,phases      ] GC(1009)   Pre Evacuate Collection Set: 0.5ms
[452.809s][info][gc,phases      ] GC(1009)   Merge Heap Roots: 0.0ms
[452.809s][info][gc,phases      ] GC(1009)   Evacuate Collection Set: 0.2ms
[452.809s][info][gc,phases      ] GC(1009)   Post Evacuate Collection Set: 0.1ms
[452.809s][info][gc,phases      ] GC(1009)   Other: 0.1ms
[452.809s][info][gc,heap        ] GC(1009) Eden regions: 0->0(24)
[452.809s][info][gc,heap        ] GC(1009) Survivor regions: 1->1(4)
[452.809s][info][gc,heap        ] GC(1009) Old regions: 491->491
[452.809s][info][gc,heap        ] GC(1009) Archive regions: 2->2
[452.809s][info][gc,heap        ] GC(1009) Humongous regions: 11->11
[452.809s][info][gc,metaspace   ] GC(1009) Metaspace: 48649K(50128K)->48649K(50128K) NonClass: 42816K(43856K)->42816K(43856K) Class: 5833K(6272K)->5833K(6272K)
[452.809s][info][gc             ] GC(1009) Pause Young (Normal) (G1 Humongous Allocation) 500M->500M(512M) 0.616ms
[452.809s][info][gc,cpu         ] GC(1009) User=0.01s Sys=0.00s Real=0.00s
[452.809s][info][gc,task        ] GC(1010) Using 8 workers of 8 for full compaction
[452.809s][info][gc,start       ] GC(1010) Pause Full (G1 Humongous Allocation)
[452.810s][info][gc,phases,start] GC(1010) Phase 1: Mark live objects
[453.087s][info][gc,phases      ] GC(1010) Phase 1: Mark live objects 277.697ms
[453.088s][info][gc,phases,start] GC(1010) Phase 2: Prepare for compaction
[453.122s][info][gc,phases      ] GC(1010) Phase 2: Prepare for compaction 34.205ms
[453.122s][info][gc,phases,start] GC(1010) Phase 3: Adjust pointers
[453.205s][info][gc,phases      ] GC(1010) Phase 3: Adjust pointers 82.825ms
[453.205s][info][gc,phases,start] GC(1010) Phase 4: Compact heap
[453.235s][info][gc,phases      ] GC(1010) Phase 4: Compact heap 30.024ms
[453.239s][info][gc,heap        ] GC(1010) Eden regions: 0->0(25)
[453.239s][info][gc,heap        ] GC(1010) Survivor regions: 1->0(4)
[453.239s][info][gc,heap        ] GC(1010) Old regions: 491->490
[453.239s][info][gc,heap        ] GC(1010) Archive regions: 2->2
[453.239s][info][gc,heap        ] GC(1010) Humongous regions: 11->11
[453.239s][info][gc,metaspace   ] GC(1010) Metaspace: 48649K(50128K)->48649K(50128K) NonClass: 42816K(43856K)->42816K(43856K) Class: 5833K(6272K)->5833K(6272K)
[453.239s][info][gc             ] GC(1010) Pause Full (G1 Humongous Allocation) 500M->500M(512M) 429.622ms
[453.241s][info][gc,cpu         ] GC(1010) User=2.52s Sys=0.06s Real=0.43s
[453.241s][info][gc,task        ] GC(1011) Using 8 workers of 8 for full compaction
[453.241s][info][gc,start       ] GC(1011) Pause Full (G1 Humongous Allocation)
[453.241s][info][gc,phases,start] GC(1011) Phase 1: Mark live objects
[453.516s][info][gc,phases      ] GC(1011) Phase 1: Mark live objects 275.513ms
[453.516s][info][gc,phases,start] GC(1011) Phase 2: Prepare for compaction
[453.551s][info][gc,phases      ] GC(1011) Phase 2: Prepare for compaction 34.790ms
[453.551s][info][gc,phases,start] GC(1011) Phase 3: Adjust pointers
[453.636s][info][gc,phases      ] GC(1011) Phase 3: Adjust pointers 85.047ms
[453.636s][info][gc,phases,start] GC(1011) Phase 4: Compact heap
[453.667s][info][gc,phases      ] GC(1011) Phase 4: Compact heap 30.691ms
[453.672s][info][gc,heap        ] GC(1011) Eden regions: 0->0(25)
[453.672s][info][gc,heap        ] GC(1011) Survivor regions: 0->0(4)
[453.672s][info][gc,heap        ] GC(1011) Old regions: 490->490
[453.672s][info][gc,heap        ] GC(1011) Archive regions: 2->2
[453.672s][info][gc,heap        ] GC(1011) Humongous regions: 11->11
[453.672s][info][gc,metaspace   ] GC(1011) Metaspace: 48649K(50128K)->48649K(50128K) NonClass: 42816K(43856K)->42816K(43856K) Class: 5833K(6272K)->5833K(6272K)
[453.672s][info][gc             ] GC(1011) Pause Full (G1 Humongous Allocation) 500M->500M(512M) 430.870ms
[453.674s][info][gc,cpu         ] GC(1011) User=2.57s Sys=0.06s Real=0.43s
[453.674s][info][gc,marking     ] GC(1008) Concurrent Mark From Roots 865.607ms
[453.674s][info][gc,marking     ] GC(1008) Concurrent Mark Abort
[453.674s][info][gc             ] GC(1008) Concurrent Cycle 866.231ms
[453.675s][info][gc,start       ] GC(1012) Pause Young (Concurrent Start) (G1 Humongous Allocation)
[453.675s][info][gc,task        ] GC(1012) Using 8 workers of 8 for evacuation
[453.677s][info][gc,phases      ] GC(1012)   Pre Evacuate Collection Set: 0.1ms
[453.677s][info][gc,phases      ] GC(1012)   Merge Heap Roots: 0.0ms
[453.677s][info][gc,phases      ] GC(1012)   Evacuate Collection Set: 0.8ms
[453.677s][info][gc,phases      ] GC(1012)   Post Evacuate Collection Set: 0.2ms
[453.677s][info][gc,phases      ] GC(1012)   Other: 0.2ms
[453.677s][info][gc,heap        ] GC(1012) Eden regions: 1->0(24)
[453.677s][info][gc,heap        ] GC(1012) Survivor regions: 0->1(4)
[453.677s][info][gc,heap        ] GC(1012) Old regions: 490->490
[453.677s][info][gc,heap        ] GC(1012) Archive regions: 2->2
[453.677s][info][gc,heap        ] GC(1012) Humongous regions: 11->11
[453.677s][info][gc,metaspace   ] GC(1012) Metaspace: 48649K(50128K)->48649K(50128K) NonClass: 42816K(43856K)->42816K(43856K) Class: 5833K(6272K)->5833K(6272K)
[453.677s][info][gc             ] GC(1012) Pause Young (Concurrent Start) (G1 Humongous Allocation) 501M->500M(512M) 1.496ms
[453.677s][info][gc,cpu         ] GC(1012) User=0.00s Sys=0.00s Real=0.01s
[453.677s][info][gc             ] GC(1013) Concurrent Cycle
[453.677s][info][gc,marking     ] GC(1013) Concurrent Clear Claimed Marks
[453.677s][info][gc,marking     ] GC(1013) Concurrent Clear Claimed Marks 0.065ms
[453.677s][info][gc,marking     ] GC(1013) Concurrent Scan Root Regions
[453.678s][info][gc,marking     ] GC(1013) Concurrent Scan Root Regions 0.672ms
[453.678s][info][gc,marking     ] GC(1013) Concurrent Mark (453.678s)
[453.678s][info][gc,marking     ] GC(1013) Concurrent Mark From Roots
[453.678s][info][gc,task        ] GC(1013) Using 2 workers of 2 for marking
[453.678s][info][gc,start       ] GC(1014) Pause Young (Normal) (G1 Humongous Allocation)
[453.678s][info][gc,task        ] GC(1014) Using 8 workers of 8 for evacuation
[453.678s][info][gc,phases      ] GC(1014)   Pre Evacuate Collection Set: 0.4ms
[453.678s][info][gc,phases      ] GC(1014)   Merge Heap Roots: 0.0ms
[453.678s][info][gc,phases      ] GC(1014)   Evacuate Collection Set: 0.2ms
[453.678s][info][gc,phases      ] GC(1014)   Post Evacuate Collection Set: 0.2ms
[453.678s][info][gc,phases      ] GC(1014)   Other: 0.1ms
[453.678s][info][gc,heap        ] GC(1014) Eden regions: 0->0(24)
[453.678s][info][gc,heap        ] GC(1014) Survivor regions: 1->1(4)
[453.679s][info][gc,heap        ] GC(1014) Old regions: 490->490
[453.679s][info][gc,heap        ] GC(1014) Archive regions: 2->2
[453.679s][info][gc,heap        ] GC(1014) Humongous regions: 11->11
[453.679s][info][gc,metaspace   ] GC(1014) Metaspace: 48649K(50128K)->48649K(50128K) NonClass: 42816K(43856K)->42816K(43856K) Class: 5833K(6272K)->5833K(6272K)
[453.679s][info][gc             ] GC(1014) Pause Young (Normal) (G1 Humongous Allocation) 500M->500M(512M) 0.857ms
[453.679s][info][gc,cpu         ] GC(1014) User=0.00s Sys=0.00s Real=0.00s
[453.679s][info][gc,task        ] GC(1015) Using 8 workers of 8 for full compaction
[453.679s][info][gc,start       ] GC(1015) Pause Full (G1 Humongous Allocation)
[453.679s][info][gc,phases,start] GC(1015) Phase 1: Mark live objects
[453.960s][info][gc,phases      ] GC(1015) Phase 1: Mark live objects 280.398ms
[453.960s][info][gc,phases,start] GC(1015) Phase 2: Prepare for compaction
[453.995s][info][gc,phases      ] GC(1015) Phase 2: Prepare for compaction 35.161ms
[453.995s][info][gc,phases,start] GC(1015) Phase 3: Adjust pointers
[454.083s][info][gc,phases      ] GC(1015) Phase 3: Adjust pointers 88.153ms
[454.083s][info][gc,phases,start] GC(1015) Phase 4: Compact heap
[454.114s][info][gc,phases      ] GC(1015) Phase 4: Compact heap 30.872ms
[454.118s][info][gc,heap        ] GC(1015) Eden regions: 0->0(25)
[454.118s][info][gc,heap        ] GC(1015) Survivor regions: 1->0(4)
[454.118s][info][gc,heap        ] GC(1015) Old regions: 490->491
[454.118s][info][gc,heap        ] GC(1015) Archive regions: 2->2
[454.118s][info][gc,heap        ] GC(1015) Humongous regions: 11->11
[454.118s][info][gc,metaspace   ] GC(1015) Metaspace: 48649K(50128K)->48649K(50128K) NonClass: 42816K(43856K)->42816K(43856K) Class: 5833K(6272K)->5833K(6272K)
[454.118s][info][gc             ] GC(1015) Pause Full (G1 Humongous Allocation) 500M->500M(512M) 439.641ms
[454.120s][info][gc,cpu         ] GC(1015) User=2.60s Sys=0.07s Real=0.44s
[454.120s][info][gc,task        ] GC(1016) Using 8 workers of 8 for full compaction
[454.120s][info][gc,start       ] GC(1016) Pause Full (G1 Humongous Allocation)
[454.120s][info][gc,phases,start] GC(1016) Phase 1: Mark live objects
[454.421s][info][gc,phases      ] GC(1016) Phase 1: Mark live objects 301.290ms
[454.421s][info][gc,phases,start] GC(1016) Phase 2: Prepare for compaction
[454.454s][info][gc,phases      ] GC(1016) Phase 2: Prepare for compaction 32.734ms
[454.454s][info][gc,phases,start] GC(1016) Phase 3: Adjust pointers
[454.532s][info][gc,phases      ] GC(1016) Phase 3: Adjust pointers 78.438ms
[454.532s][info][gc,phases,start] GC(1016) Phase 4: Compact heap
[454.568s][info][gc,phases      ] GC(1016) Phase 4: Compact heap 35.235ms
[454.571s][info][gc,heap        ] GC(1016) Eden regions: 0->0(25)
[454.571s][info][gc,heap        ] GC(1016) Survivor regions: 0->0(4)
[454.571s][info][gc,heap        ] GC(1016) Old regions: 491->491
[454.571s][info][gc,heap        ] GC(1016) Archive regions: 2->2
[454.571s][info][gc,heap        ] GC(1016) Humongous regions: 11->11
[454.571s][info][gc,metaspace   ] GC(1016) Metaspace: 48649K(50128K)->48649K(50128K) NonClass: 42816K(43856K)->42816K(43856K) Class: 5833K(6272K)->5833K(6272K)
[454.571s][info][gc             ] GC(1016) Pause Full (G1 Humongous Allocation) 500M->500M(512M) 451.717ms
[454.573s][info][gc,cpu         ] GC(1016) User=2.53s Sys=0.06s Real=0.45s
[454.576s][info][gc,marking     ] GC(1013) Concurrent Mark From Roots 897.956ms
[454.576s][info][gc,marking     ] GC(1013) Concurrent Mark Abort
[454.576s][info][gc             ] GC(1013) Concurrent Cycle 898.856ms
[454.576s][info][gc,start       ] GC(1017) Pause Young (Normal) (G1 Humongous Allocation)
[454.576s][info][gc,task        ] GC(1017) Using 8 workers of 8 for evacuation
[454.577s][info][gc,phases      ] GC(1017)   Pre Evacuate Collection Set: 0.1ms
[454.577s][info][gc,phases      ] GC(1017)   Merge Heap Roots: 0.0ms
[454.577s][info][gc,phases      ] GC(1017)   Evacuate Collection Set: 0.3ms
[454.577s][info][gc,phases      ] GC(1017)   Post Evacuate Collection Set: 0.3ms
[454.577s][info][gc,phases      ] GC(1017)   Other: 0.1ms
[454.577s][info][gc,heap        ] GC(1017) Eden regions: 1->0(24)
[454.577s][info][gc,heap        ] GC(1017) Survivor regions: 0->1(4)
[454.577s][info][gc,heap        ] GC(1017) Old regions: 491->491
[454.577s][info][gc,heap        ] GC(1017) Archive regions: 2->2
[454.577s][info][gc,heap        ] GC(1017) Humongous regions: 11->11
[454.577s][info][gc,metaspace   ] GC(1017) Metaspace: 48653K(50128K)->48653K(50128K) NonClass: 42819K(43856K)->42819K(43856K) Class: 5834K(6272K)->5834K(6272K)
[454.577s][info][gc             ] GC(1017) Pause Young (Normal) (G1 Humongous Allocation) 501M->500M(512M) 0.860ms
[454.577s][info][gc,cpu         ] GC(1017) User=0.00s Sys=0.00s Real=0.00s
[454.577s][info][gc,task        ] GC(1018) Using 8 workers of 8 for full compaction
[454.577s][info][gc,start       ] GC(1018) Pause Full (G1 Humongous Allocation)
[454.577s][info][gc,phases,start] GC(1018) Phase 1: Mark live objects
[454.935s][info][gc,phases      ] GC(1018) Phase 1: Mark live objects 357.827ms
[454.935s][info][gc,phases,start] GC(1018) Phase 2: Prepare for compaction
[454.970s][info][gc,phases      ] GC(1018) Phase 2: Prepare for compaction 35.025ms
[454.970s][info][gc,phases,start] GC(1018) Phase 3: Adjust pointers
[455.055s][info][gc,phases      ] GC(1018) Phase 3: Adjust pointers 85.628ms
[455.055s][info][gc,phases,start] GC(1018) Phase 4: Compact heap
[455.085s][info][gc,phases      ] GC(1018) Phase 4: Compact heap 29.982ms
[455.090s][info][gc,heap        ] GC(1018) Eden regions: 0->0(25)
[455.090s][info][gc,heap        ] GC(1018) Survivor regions: 1->0(4)
[455.090s][info][gc,heap        ] GC(1018) Old regions: 491->491
[455.090s][info][gc,heap        ] GC(1018) Archive regions: 2->2
[455.090s][info][gc,heap        ] GC(1018) Humongous regions: 11->11
[455.090s][info][gc,metaspace   ] GC(1018) Metaspace: 48653K(50128K)->48653K(50128K) NonClass: 42819K(43856K)->42819K(43856K) Class: 5834K(6272K)->5834K(6272K)
[455.090s][info][gc             ] GC(1018) Pause Full (G1 Humongous Allocation) 500M->500M(512M) 513.434ms
[455.091s][info][gc,cpu         ] GC(1018) User=2.53s Sys=0.05s Real=0.51s
[455.091s][info][gc,task        ] GC(1019) Using 8 workers of 8 for full compaction
[455.091s][info][gc,start       ] GC(1019) Pause Full (G1 Humongous Allocation)
[455.091s][info][gc,phases,start] GC(1019) Phase 1: Mark live objects
[455.384s][info][gc,phases      ] GC(1019) Phase 1: Mark live objects 292.127ms
[455.384s][info][gc,phases,start] GC(1019) Phase 2: Prepare for compaction
[455.420s][info][gc,phases      ] GC(1019) Phase 2: Prepare for compaction 35.949ms
[455.420s][info][gc,phases,start] GC(1019) Phase 3: Adjust pointers
[455.498s][info][gc,phases      ] GC(1019) Phase 3: Adjust pointers 78.630ms
[455.498s][info][gc,phases,start] GC(1019) Phase 4: Compact heap
[455.531s][info][gc,phases      ] GC(1019) Phase 4: Compact heap 32.322ms
[455.534s][info][gc,heap        ] GC(1019) Eden regions: 0->0(25)
[455.534s][info][gc,heap        ] GC(1019) Survivor regions: 0->0(4)
[455.534s][info][gc,heap        ] GC(1019) Old regions: 491->491
[455.534s][info][gc,heap        ] GC(1019) Archive regions: 2->2
[455.534s][info][gc,heap        ] GC(1019) Humongous regions: 11->11
[455.534s][info][gc,metaspace   ] GC(1019) Metaspace: 48653K(50128K)->48649K(50128K) NonClass: 42819K(43856K)->42816K(43856K) Class: 5834K(6272K)->5833K(6272K)
[455.534s][info][gc             ] GC(1019) Pause Full (G1 Humongous Allocation) 500M->500M(512M) 442.657ms
[455.536s][info][gc,cpu         ] GC(1019) User=2.53s Sys=0.05s Real=0.45s
[455.540s][info][gc,start       ] GC(1020) Pause Young (Concurrent Start) (G1 Humongous Allocation)
[455.540s][info][gc,task        ] GC(1020) Using 8 workers of 8 for evacuation
[455.541s][info][gc,phases      ] GC(1020)   Pre Evacuate Collection Set: 0.1ms
[455.541s][info][gc,phases      ] GC(1020)   Merge Heap Roots: 0.0ms
[455.541s][info][gc,phases      ] GC(1020)   Evacuate Collection Set: 0.7ms
[455.541s][info][gc,phases      ] GC(1020)   Post Evacuate Collection Set: 0.2ms
[455.541s][info][gc,phases      ] GC(1020)   Other: 0.2ms
[455.541s][info][gc,heap        ] GC(1020) Eden regions: 1->0(24)
[455.541s][info][gc,heap        ] GC(1020) Survivor regions: 0->1(4)
[455.541s][info][gc,heap        ] GC(1020) Old regions: 491->491
[455.541s][info][gc,heap        ] GC(1020) Archive regions: 2->2
[455.541s][info][gc,heap        ] GC(1020) Humongous regions: 11->11
[455.541s][info][gc,metaspace   ] GC(1020) Metaspace: 48649K(50128K)->48649K(50128K) NonClass: 42816K(43856K)->42816K(43856K) Class: 5833K(6272K)->5833K(6272K)
[455.541s][info][gc             ] GC(1020) Pause Young (Concurrent Start) (G1 Humongous Allocation) 500M->500M(512M) 1.279ms
[455.541s][info][gc,cpu         ] GC(1020) User=0.00s Sys=0.00s Real=0.00s
[455.541s][info][gc,task        ] GC(1021) Using 8 workers of 8 for full compaction
[455.541s][info][gc,start       ] GC(1021) Pause Full (G1 Humongous Allocation)
[455.541s][info][gc             ] GC(1022) Concurrent Cycle
[455.541s][info][gc,marking     ] GC(1022) Concurrent Clear Claimed Marks
[455.541s][info][gc,marking     ] GC(1022) Concurrent Clear Claimed Marks 0.021ms
[455.541s][info][gc,marking     ] GC(1022) Concurrent Scan Root Regions
[455.541s][info][gc,marking     ] GC(1022) Concurrent Scan Root Regions 0.017ms
[455.541s][info][gc,marking     ] GC(1022) Concurrent Mark (455.541s)
[455.541s][info][gc,marking     ] GC(1022) Concurrent Mark From Roots
[455.541s][info][gc,task        ] GC(1022) Using 2 workers of 2 for marking
[455.542s][info][gc,phases,start] GC(1021) Phase 1: Mark live objects
[455.831s][info][gc,phases      ] GC(1021) Phase 1: Mark live objects 289.011ms
[455.831s][info][gc,phases,start] GC(1021) Phase 2: Prepare for compaction
[455.870s][info][gc,phases      ] GC(1021) Phase 2: Prepare for compaction 39.235ms
[455.870s][info][gc,phases,start] GC(1021) Phase 3: Adjust pointers
[455.980s][info][gc,phases      ] GC(1021) Phase 3: Adjust pointers 109.311ms
[455.980s][info][gc,phases,start] GC(1021) Phase 4: Compact heap
[456.009s][info][gc,phases      ] GC(1021) Phase 4: Compact heap 29.222ms
[456.012s][info][gc,heap        ] GC(1021) Eden regions: 0->0(25)
[456.013s][info][gc,heap        ] GC(1021) Survivor regions: 1->0(4)
[456.013s][info][gc,heap        ] GC(1021) Old regions: 491->491
[456.013s][info][gc,heap        ] GC(1021) Archive regions: 2->2
[456.013s][info][gc,heap        ] GC(1021) Humongous regions: 11->11
[456.013s][info][gc,metaspace   ] GC(1021) Metaspace: 48649K(50128K)->48649K(50128K) NonClass: 42816K(43856K)->42816K(43856K) Class: 5833K(6272K)->5833K(6272K)
[456.013s][info][gc             ] GC(1021) Pause Full (G1 Humongous Allocation) 500M->500M(512M) 471.537ms
[456.017s][info][gc,cpu         ] GC(1021) User=2.53s Sys=0.05s Real=0.48s
[456.017s][info][gc,task        ] GC(1023) Using 8 workers of 8 for full compaction
[456.017s][info][gc,start       ] GC(1023) Pause Full (G1 Humongous Allocation)
[456.017s][info][gc,phases,start] GC(1023) Phase 1: Mark live objects
[456.303s][info][gc,phases      ] GC(1023) Phase 1: Mark live objects 285.497ms
[456.303s][info][gc,phases,start] GC(1023) Phase 2: Prepare for compaction
[456.336s][info][gc,phases      ] GC(1023) Phase 2: Prepare for compaction 33.184ms
[456.336s][info][gc,phases,start] GC(1023) Phase 3: Adjust pointers
[456.416s][info][gc,phases      ] GC(1023) Phase 3: Adjust pointers 79.298ms
[456.416s][info][gc,phases,start] GC(1023) Phase 4: Compact heap
[456.448s][info][gc,phases      ] GC(1023) Phase 4: Compact heap 32.205ms
[456.451s][info][gc,heap        ] GC(1023) Eden regions: 0->0(25)
[456.451s][info][gc,heap        ] GC(1023) Survivor regions: 0->0(4)
[456.451s][info][gc,heap        ] GC(1023) Old regions: 491->491
[456.451s][info][gc,heap        ] GC(1023) Archive regions: 2->2
[456.451s][info][gc,heap        ] GC(1023) Humongous regions: 11->11
[456.451s][info][gc,metaspace   ] GC(1023) Metaspace: 48649K(50128K)->48649K(50128K) NonClass: 42816K(43856K)->42816K(43856K) Class: 5833K(6272K)->5833K(6272K)
[456.451s][info][gc             ] GC(1023) Pause Full (G1 Humongous Allocation) 500M->500M(512M) 433.684ms
[456.452s][info][gc,cpu         ] GC(1023) User=2.52s Sys=0.05s Real=0.43s
[456.453s][info][gc,marking     ] GC(1022) Concurrent Mark From Roots 911.276ms
[456.453s][info][gc,marking     ] GC(1022) Concurrent Mark Abort
[456.453s][info][gc             ] GC(1022) Concurrent Cycle 911.411ms
[456.454s][info][gc,start       ] GC(1024) Pause Young (Concurrent Start) (G1 Humongous Allocation)
[456.454s][info][gc,task        ] GC(1024) Using 8 workers of 8 for evacuation
[456.456s][info][gc,phases      ] GC(1024)   Pre Evacuate Collection Set: 0.1ms
[456.456s][info][gc,phases      ] GC(1024)   Merge Heap Roots: 0.0ms
[456.456s][info][gc,phases      ] GC(1024)   Evacuate Collection Set: 0.8ms
[456.456s][info][gc,phases      ] GC(1024)   Post Evacuate Collection Set: 0.3ms
[456.456s][info][gc,phases      ] GC(1024)   Other: 0.2ms
[456.456s][info][gc,heap        ] GC(1024) Eden regions: 1->0(24)
[456.456s][info][gc,heap        ] GC(1024) Survivor regions: 0->1(4)
[456.456s][info][gc,heap        ] GC(1024) Old regions: 491->491
[456.456s][info][gc,heap        ] GC(1024) Archive regions: 2->2
[456.456s][info][gc,heap        ] GC(1024) Humongous regions: 11->11
[456.456s][info][gc,metaspace   ] GC(1024) Metaspace: 48649K(50128K)->48649K(50128K) NonClass: 42816K(43856K)->42816K(43856K) Class: 5833K(6272K)->5833K(6272K)
[456.456s][info][gc             ] GC(1024) Pause Young (Concurrent Start) (G1 Humongous Allocation) 501M->500M(512M) 1.527ms
[456.456s][info][gc,cpu         ] GC(1024) User=0.00s Sys=0.00s Real=0.01s
[456.456s][info][gc             ] GC(1025) Concurrent Cycle
[456.456s][info][gc,marking     ] GC(1025) Concurrent Clear Claimed Marks
[456.456s][info][gc,marking     ] GC(1025) Concurrent Clear Claimed Marks 0.051ms
[456.456s][info][gc,marking     ] GC(1025) Concurrent Scan Root Regions
[456.457s][info][gc,marking     ] GC(1025) Concurrent Scan Root Regions 0.620ms
[456.457s][info][gc,marking     ] GC(1025) Concurrent Mark (456.457s)
[456.457s][info][gc,marking     ] GC(1025) Concurrent Mark From Roots
[456.457s][info][gc,task        ] GC(1025) Using 2 workers of 2 for marking
[456.457s][info][gc,start       ] GC(1026) Pause Young (Normal) (G1 Humongous Allocation)
[456.457s][info][gc,task        ] GC(1026) Using 8 workers of 8 for evacuation
[456.459s][info][gc,phases      ] GC(1026)   Pre Evacuate Collection Set: 0.1ms
[456.459s][info][gc,phases      ] GC(1026)   Merge Heap Roots: 0.0ms
[456.459s][info][gc,phases      ] GC(1026)   Evacuate Collection Set: 1.8ms
[456.459s][info][gc,phases      ] GC(1026)   Post Evacuate Collection Set: 0.2ms
[456.459s][info][gc,phases      ] GC(1026)   Other: 0.1ms
[456.459s][info][gc,heap        ] GC(1026) Eden regions: 0->0(24)
[456.459s][info][gc,heap        ] GC(1026) Survivor regions: 1->1(4)
[456.459s][info][gc,heap        ] GC(1026) Old regions: 491->491
[456.459s][info][gc,heap        ] GC(1026) Archive regions: 2->2
[456.459s][info][gc,heap        ] GC(1026) Humongous regions: 11->11
[456.459s][info][gc,metaspace   ] GC(1026) Metaspace: 48649K(50128K)->48649K(50128K) NonClass: 42816K(43856K)->42816K(43856K) Class: 5833K(6272K)->5833K(6272K)
[456.459s][info][gc             ] GC(1026) Pause Young (Normal) (G1 Humongous Allocation) 500M->500M(512M) 2.325ms
[456.459s][info][gc,cpu         ] GC(1026) User=0.01s Sys=0.00s Real=0.00s
[456.459s][info][gc,task        ] GC(1027) Using 8 workers of 8 for full compaction
[456.459s][info][gc,start       ] GC(1027) Pause Full (G1 Humongous Allocation)
[456.460s][info][gc,phases,start] GC(1027) Phase 1: Mark live objects
[456.719s][info][gc,phases      ] GC(1027) Phase 1: Mark live objects 258.836ms
[456.719s][info][gc,phases,start] GC(1027) Phase 2: Prepare for compaction
[456.753s][info][gc,phases      ] GC(1027) Phase 2: Prepare for compaction 34.178ms
[456.753s][info][gc,phases,start] GC(1027) Phase 3: Adjust pointers
[456.849s][info][gc,phases      ] GC(1027) Phase 3: Adjust pointers 96.059ms
[456.849s][info][gc,phases,start] GC(1027) Phase 4: Compact heap
[456.882s][info][gc,phases      ] GC(1027) Phase 4: Compact heap 33.175ms
[456.886s][info][gc,heap        ] GC(1027) Eden regions: 0->0(25)
[456.886s][info][gc,heap        ] GC(1027) Survivor regions: 1->0(4)
[456.886s][info][gc,heap        ] GC(1027) Old regions: 491->490
[456.886s][info][gc,heap        ] GC(1027) Archive regions: 2->2
[456.886s][info][gc,heap        ] GC(1027) Humongous regions: 11->11
[456.886s][info][gc,metaspace   ] GC(1027) Metaspace: 48649K(50128K)->48649K(50128K) NonClass: 42816K(43856K)->42816K(43856K) Class: 5833K(6272K)->5833K(6272K)
[456.886s][info][gc             ] GC(1027) Pause Full (G1 Humongous Allocation) 500M->500M(512M) 426.491ms
[456.887s][info][gc,cpu         ] GC(1027) User=2.52s Sys=0.06s Real=0.43s
[456.888s][info][gc,task        ] GC(1028) Using 8 workers of 8 for full compaction
[456.888s][info][gc,start       ] GC(1028) Pause Full (G1 Humongous Allocation)
[456.888s][info][gc,phases,start] GC(1028) Phase 1: Mark live objects
[457.217s][info][gc,phases      ] GC(1028) Phase 1: Mark live objects 329.818ms
[457.218s][info][gc,phases,start] GC(1028) Phase 2: Prepare for compaction
[457.257s][info][gc,phases      ] GC(1028) Phase 2: Prepare for compaction 39.313ms
[457.257s][info][gc,phases,start] GC(1028) Phase 3: Adjust pointers
[457.343s][info][gc,phases      ] GC(1028) Phase 3: Adjust pointers 86.549ms
[457.343s][info][gc,phases,start] GC(1028) Phase 4: Compact heap
[457.372s][info][gc,phases      ] GC(1028) Phase 4: Compact heap 28.721ms
[457.377s][info][gc,heap        ] GC(1028) Eden regions: 0->0(25)
[457.377s][info][gc,heap        ] GC(1028) Survivor regions: 0->0(4)
[457.377s][info][gc,heap        ] GC(1028) Old regions: 490->490
[457.377s][info][gc,heap        ] GC(1028) Archive regions: 2->2
[457.377s][info][gc,heap        ] GC(1028) Humongous regions: 11->11
[457.377s][info][gc,metaspace   ] GC(1028) Metaspace: 48649K(50128K)->48649K(50128K) NonClass: 42816K(43856K)->42816K(43856K) Class: 5833K(6272K)->5833K(6272K)
[457.377s][info][gc             ] GC(1028) Pause Full (G1 Humongous Allocation) 500M->500M(512M) 489.264ms
[457.378s][info][gc,cpu         ] GC(1028) User=2.53s Sys=0.08s Real=0.49s
[457.378s][info][gc,marking     ] GC(1025) Concurrent Mark From Roots 921.578ms
[457.378s][info][gc,marking     ] GC(1025) Concurrent Mark Abort
[457.378s][info][gc             ] GC(1025) Concurrent Cycle 922.411ms
[457.380s][info][gc,start       ] GC(1029) Pause Young (Normal) (G1 Humongous Allocation)
[457.380s][info][gc,task        ] GC(1029) Using 8 workers of 8 for evacuation
[457.381s][info][gc,phases      ] GC(1029)   Pre Evacuate Collection Set: 0.1ms
[457.381s][info][gc,phases      ] GC(1029)   Merge Heap Roots: 0.1ms
[457.381s][info][gc,phases      ] GC(1029)   Evacuate Collection Set: 0.2ms
[457.381s][info][gc,phases      ] GC(1029)   Post Evacuate Collection Set: 0.2ms
[457.381s][info][gc,phases      ] GC(1029)   Other: 0.1ms
[457.381s][info][gc,heap        ] GC(1029) Eden regions: 1->0(24)
[457.381s][info][gc,heap        ] GC(1029) Survivor regions: 0->1(4)
[457.381s][info][gc,heap        ] GC(1029) Old regions: 490->490
[457.381s][info][gc,heap        ] GC(1029) Archive regions: 2->2
[457.381s][info][gc,heap        ] GC(1029) Humongous regions: 11->11
[457.381s][info][gc,metaspace   ] GC(1029) Metaspace: 48649K(50128K)->48649K(50128K) NonClass: 42816K(43856K)->42816K(43856K) Class: 5833K(6272K)->5833K(6272K)
[457.381s][info][gc             ] GC(1029) Pause Young (Normal) (G1 Humongous Allocation) 500M->500M(512M) 0.795ms
[457.381s][info][gc,cpu         ] GC(1029) User=0.00s Sys=0.00s Real=0.00s
[457.381s][info][gc,task        ] GC(1030) Using 8 workers of 8 for full compaction
[457.381s][info][gc,start       ] GC(1030) Pause Full (G1 Humongous Allocation)
[457.381s][info][gc,phases,start] GC(1030) Phase 1: Mark live objects
[457.659s][info][gc,phases      ] GC(1030) Phase 1: Mark live objects 278.258ms
[457.659s][info][gc,phases,start] GC(1030) Phase 2: Prepare for compaction
[457.699s][info][gc,phases      ] GC(1030) Phase 2: Prepare for compaction 40.149ms
[457.699s][info][gc,phases,start] GC(1030) Phase 3: Adjust pointers
[457.783s][info][gc,phases      ] GC(1030) Phase 3: Adjust pointers 83.411ms
[457.783s][info][gc,phases,start] GC(1030) Phase 4: Compact heap
[457.820s][info][gc,phases      ] GC(1030) Phase 4: Compact heap 37.074ms
[457.824s][info][gc,heap        ] GC(1030) Eden regions: 0->0(25)
[457.824s][info][gc,heap        ] GC(1030) Survivor regions: 1->0(4)
[457.824s][info][gc,heap        ] GC(1030) Old regions: 490->491
[457.824s][info][gc,heap        ] GC(1030) Archive regions: 2->2
[457.824s][info][gc,heap        ] GC(1030) Humongous regions: 11->11
[457.824s][info][gc,metaspace   ] GC(1030) Metaspace: 48649K(50128K)->48649K(50128K) NonClass: 42816K(43856K)->42816K(43856K) Class: 5833K(6272K)->5833K(6272K)
[457.824s][info][gc             ] GC(1030) Pause Full (G1 Humongous Allocation) 500M->500M(512M) 443.140ms
[457.825s][info][gc,cpu         ] GC(1030) User=2.51s Sys=0.06s Real=0.44s
[457.825s][info][gc,task        ] GC(1031) Using 8 workers of 8 for full compaction
[457.825s][info][gc,start       ] GC(1031) Pause Full (G1 Humongous Allocation)
[457.825s][info][gc,phases,start] GC(1031) Phase 1: Mark live objects
[458.107s][info][gc,phases      ] GC(1031) Phase 1: Mark live objects 281.808ms
[458.107s][info][gc,phases,start] GC(1031) Phase 2: Prepare for compaction
[458.147s][info][gc,phases      ] GC(1031) Phase 2: Prepare for compaction 40.256ms
[458.147s][info][gc,phases,start] GC(1031) Phase 3: Adjust pointers
[458.230s][info][gc,phases      ] GC(1031) Phase 3: Adjust pointers 82.364ms
[458.230s][info][gc,phases,start] GC(1031) Phase 4: Compact heap
[458.262s][info][gc,phases      ] GC(1031) Phase 4: Compact heap 32.045ms
[458.265s][info][gc,heap        ] GC(1031) Eden regions: 0->0(25)
[458.265s][info][gc,heap        ] GC(1031) Survivor regions: 0->0(4)
[458.265s][info][gc,heap        ] GC(1031) Old regions: 491->491
[458.265s][info][gc,heap        ] GC(1031) Archive regions: 2->2
[458.265s][info][gc,heap        ] GC(1031) Humongous regions: 11->11
[458.265s][info][gc,metaspace   ] GC(1031) Metaspace: 48649K(50128K)->48649K(50128K) NonClass: 42816K(43856K)->42816K(43856K) Class: 5833K(6272K)->5833K(6272K)
[458.265s][info][gc             ] GC(1031) Pause Full (G1 Humongous Allocation) 500M->500M(512M) 440.113ms
[458.267s][info][gc,cpu         ] GC(1031) User=2.50s Sys=0.04s Real=0.45s
[458.269s][info][gc,start       ] GC(1032) Pause Young (Concurrent Start) (G1 Humongous Allocation)
[458.269s][info][gc,task        ] GC(1032) Using 8 workers of 8 for evacuation
[458.270s][info][gc,phases      ] GC(1032)   Pre Evacuate Collection Set: 0.1ms
[458.270s][info][gc,phases      ] GC(1032)   Merge Heap Roots: 0.0ms
[458.270s][info][gc,phases      ] GC(1032)   Evacuate Collection Set: 0.6ms
[458.270s][info][gc,phases      ] GC(1032)   Post Evacuate Collection Set: 0.2ms
[458.270s][info][gc,phases      ] GC(1032)   Other: 0.2ms
[458.270s][info][gc,heap        ] GC(1032) Eden regions: 1->0(24)
[458.270s][info][gc,heap        ] GC(1032) Survivor regions: 0->1(4)
[458.270s][info][gc,heap        ] GC(1032) Old regions: 491->491
[458.270s][info][gc,heap        ] GC(1032) Archive regions: 2->2
[458.270s][info][gc,heap        ] GC(1032) Humongous regions: 11->11
[458.270s][info][gc,metaspace   ] GC(1032) Metaspace: 48649K(50128K)->48649K(50128K) NonClass: 42816K(43856K)->42816K(43856K) Class: 5833K(6272K)->5833K(6272K)
[458.270s][info][gc             ] GC(1032) Pause Young (Concurrent Start) (G1 Humongous Allocation) 500M->500M(512M) 1.256ms
[458.270s][info][gc,cpu         ] GC(1032) User=0.00s Sys=0.00s Real=0.00s
[458.270s][info][gc             ] GC(1033) Concurrent Cycle
[458.270s][info][gc,marking     ] GC(1033) Concurrent Clear Claimed Marks
[458.270s][info][gc,marking     ] GC(1033) Concurrent Clear Claimed Marks 0.056ms
[458.270s][info][gc,marking     ] GC(1033) Concurrent Scan Root Regions
[458.271s][info][gc,marking     ] GC(1033) Concurrent Scan Root Regions 1.099ms
[458.271s][info][gc,marking     ] GC(1033) Concurrent Mark (458.271s)
[458.271s][info][gc,marking     ] GC(1033) Concurrent Mark From Roots
[458.271s][info][gc,task        ] GC(1033) Using 2 workers of 2 for marking
[458.272s][info][gc,start       ] GC(1034) Pause Young (Normal) (G1 Humongous Allocation)
[458.272s][info][gc,task        ] GC(1034) Using 8 workers of 8 for evacuation
[458.273s][info][gc,phases      ] GC(1034)   Pre Evacuate Collection Set: 0.1ms
[458.273s][info][gc,phases      ] GC(1034)   Merge Heap Roots: 0.0ms
[458.273s][info][gc,phases      ] GC(1034)   Evacuate Collection Set: 0.3ms
[458.273s][info][gc,phases      ] GC(1034)   Post Evacuate Collection Set: 0.2ms
[458.273s][info][gc,phases      ] GC(1034)   Other: 0.2ms
[458.273s][info][gc,heap        ] GC(1034) Eden regions: 0->0(24)
[458.273s][info][gc,heap        ] GC(1034) Survivor regions: 1->1(4)
[458.273s][info][gc,heap        ] GC(1034) Old regions: 491->491
[458.273s][info][gc,heap        ] GC(1034) Archive regions: 2->2
[458.273s][info][gc,heap        ] GC(1034) Humongous regions: 11->11
[458.273s][info][gc,metaspace   ] GC(1034) Metaspace: 48649K(50128K)->48649K(50128K) NonClass: 42816K(43856K)->42816K(43856K) Class: 5833K(6272K)->5833K(6272K)
[458.273s][info][gc             ] GC(1034) Pause Young (Normal) (G1 Humongous Allocation) 500M->500M(512M) 0.910ms
[458.273s][info][gc,cpu         ] GC(1034) User=0.00s Sys=0.00s Real=0.00s
[458.273s][info][gc,task        ] GC(1035) Using 8 workers of 8 for full compaction
[458.273s][info][gc,start       ] GC(1035) Pause Full (G1 Humongous Allocation)
[458.274s][info][gc,phases,start] GC(1035) Phase 1: Mark live objects
[458.541s][info][gc,phases      ] GC(1035) Phase 1: Mark live objects 267.104ms
[458.541s][info][gc,phases,start] GC(1035) Phase 2: Prepare for compaction
[458.574s][info][gc,phases      ] GC(1035) Phase 2: Prepare for compaction 32.490ms
[458.574s][info][gc,phases,start] GC(1035) Phase 3: Adjust pointers
[458.656s][info][gc,phases      ] GC(1035) Phase 3: Adjust pointers 82.608ms
[458.656s][info][gc,phases,start] GC(1035) Phase 4: Compact heap
[458.685s][info][gc,phases      ] GC(1035) Phase 4: Compact heap 28.943ms
[458.688s][info][gc,heap        ] GC(1035) Eden regions: 0->0(25)
[458.689s][info][gc,heap        ] GC(1035) Survivor regions: 1->0(4)
[458.689s][info][gc,heap        ] GC(1035) Old regions: 491->491
[458.689s][info][gc,heap        ] GC(1035) Archive regions: 2->2
[458.689s][info][gc,heap        ] GC(1035) Humongous regions: 11->11
[458.689s][info][gc,metaspace   ] GC(1035) Metaspace: 48649K(50128K)->48649K(50128K) NonClass: 42816K(43856K)->42816K(43856K) Class: 5833K(6272K)->5833K(6272K)
[458.689s][info][gc             ] GC(1035) Pause Full (G1 Humongous Allocation) 500M->500M(512M) 415.177ms
[458.690s][info][gc,cpu         ] GC(1035) User=2.52s Sys=0.08s Real=0.42s
[458.690s][info][gc,task        ] GC(1036) Using 8 workers of 8 for full compaction
[458.690s][info][gc,start       ] GC(1036) Pause Full (G1 Humongous Allocation)
[458.690s][info][gc,phases,start] GC(1036) Phase 1: Mark live objects
[458.962s][info][gc,phases      ] GC(1036) Phase 1: Mark live objects 271.799ms
[458.962s][info][gc,phases,start] GC(1036) Phase 2: Prepare for compaction
[458.998s][info][gc,phases      ] GC(1036) Phase 2: Prepare for compaction 35.921ms
[458.998s][info][gc,phases,start] GC(1036) Phase 3: Adjust pointers
[459.095s][info][gc,phases      ] GC(1036) Phase 3: Adjust pointers 97.075ms
[459.095s][info][gc,phases,start] GC(1036) Phase 4: Compact heap
[459.131s][info][gc,phases      ] GC(1036) Phase 4: Compact heap 35.479ms
[459.134s][info][gc,heap        ] GC(1036) Eden regions: 0->0(25)
[459.134s][info][gc,heap        ] GC(1036) Survivor regions: 0->0(4)
[459.134s][info][gc,heap        ] GC(1036) Old regions: 491->490
[459.134s][info][gc,heap        ] GC(1036) Archive regions: 2->2
[459.134s][info][gc,heap        ] GC(1036) Humongous regions: 11->11
[459.134s][info][gc,metaspace   ] GC(1036) Metaspace: 48649K(50128K)->48649K(50128K) NonClass: 42816K(43856K)->42816K(43856K) Class: 5833K(6272K)->5833K(6272K)
[459.134s][info][gc             ] GC(1036) Pause Full (G1 Humongous Allocation) 500M->500M(512M) 444.051ms
[459.136s][info][gc,cpu         ] GC(1036) User=2.53s Sys=0.06s Real=0.44s
[459.136s][info][gc,marking     ] GC(1033) Concurrent Mark From Roots 864.237ms
[459.136s][info][gc,marking     ] GC(1033) Concurrent Mark Abort
[459.136s][info][gc             ] GC(1033) Concurrent Cycle 865.582ms
[459.139s][info][gc,start       ] GC(1037) Pause Young (Normal) (G1 Humongous Allocation)
[459.139s][info][gc,task        ] GC(1037) Using 8 workers of 8 for evacuation
[459.139s][info][gc,phases      ] GC(1037)   Pre Evacuate Collection Set: 0.1ms
[459.139s][info][gc,phases      ] GC(1037)   Merge Heap Roots: 0.0ms
[459.139s][info][gc,phases      ] GC(1037)   Evacuate Collection Set: 0.3ms
[459.139s][info][gc,phases      ] GC(1037)   Post Evacuate Collection Set: 0.2ms
[459.139s][info][gc,phases      ] GC(1037)   Other: 0.1ms
[459.139s][info][gc,heap        ] GC(1037) Eden regions: 1->0(24)
[459.139s][info][gc,heap        ] GC(1037) Survivor regions: 0->1(4)
[459.139s][info][gc,heap        ] GC(1037) Old regions: 490->490
[459.139s][info][gc,heap        ] GC(1037) Archive regions: 2->2
[459.139s][info][gc,heap        ] GC(1037) Humongous regions: 11->11
[459.139s][info][gc,metaspace   ] GC(1037) Metaspace: 48649K(50128K)->48649K(50128K) NonClass: 42816K(43856K)->42816K(43856K) Class: 5833K(6272K)->5833K(6272K)
[459.139s][info][gc             ] GC(1037) Pause Young (Normal) (G1 Humongous Allocation) 500M->500M(512M) 0.883ms
[459.140s][info][gc,cpu         ] GC(1037) User=0.01s Sys=0.00s Real=0.00s
[459.140s][info][gc,task        ] GC(1038) Using 8 workers of 8 for full compaction
[459.140s][info][gc,start       ] GC(1038) Pause Full (G1 Humongous Allocation)
[459.140s][info][gc,phases,start] GC(1038) Phase 1: Mark live objects
[459.409s][info][gc,phases      ] GC(1038) Phase 1: Mark live objects 268.929ms
[459.409s][info][gc,phases,start] GC(1038) Phase 2: Prepare for compaction
[459.443s][info][gc,phases      ] GC(1038) Phase 2: Prepare for compaction 34.501ms
[459.443s][info][gc,phases,start] GC(1038) Phase 3: Adjust pointers
[459.532s][info][gc,phases      ] GC(1038) Phase 3: Adjust pointers 88.829ms
[459.532s][info][gc,phases,start] GC(1038) Phase 4: Compact heap
[459.568s][info][gc,phases      ] GC(1038) Phase 4: Compact heap 35.712ms
[459.572s][info][gc,heap        ] GC(1038) Eden regions: 0->0(25)
[459.572s][info][gc,heap        ] GC(1038) Survivor regions: 1->0(4)
[459.572s][info][gc,heap        ] GC(1038) Old regions: 490->491
[459.572s][info][gc,heap        ] GC(1038) Archive regions: 2->2
[459.572s][info][gc,heap        ] GC(1038) Humongous regions: 11->11
[459.572s][info][gc,metaspace   ] GC(1038) Metaspace: 48649K(50128K)->48649K(50128K) NonClass: 42816K(43856K)->42816K(43856K) Class: 5833K(6272K)->5833K(6272K)
[459.572s][info][gc             ] GC(1038) Pause Full (G1 Humongous Allocation) 500M->500M(512M) 432.202ms
[459.574s][info][gc,cpu         ] GC(1038) User=2.51s Sys=0.06s Real=0.43s
[459.574s][info][gc,task        ] GC(1039) Using 8 workers of 8 for full compaction
[459.574s][info][gc,start       ] GC(1039) Pause Full (G1 Humongous Allocation)
[459.574s][info][gc,phases,start] GC(1039) Phase 1: Mark live objects
[459.903s][info][gc,phases      ] GC(1039) Phase 1: Mark live objects 328.782ms
[459.903s][info][gc,phases,start] GC(1039) Phase 2: Prepare for compaction
[459.935s][info][gc,phases      ] GC(1039) Phase 2: Prepare for compaction 31.871ms
[459.935s][info][gc,phases,start] GC(1039) Phase 3: Adjust pointers
[460.028s][info][gc,phases      ] GC(1039) Phase 3: Adjust pointers 93.819ms
[460.029s][info][gc,phases,start] GC(1039) Phase 4: Compact heap
[460.059s][info][gc,phases      ] GC(1039) Phase 4: Compact heap 30.200ms
[460.063s][info][gc,heap        ] GC(1039) Eden regions: 0->0(25)
[460.063s][info][gc,heap        ] GC(1039) Survivor regions: 0->0(4)
[460.063s][info][gc,heap        ] GC(1039) Old regions: 491->491
[460.063s][info][gc,heap        ] GC(1039) Archive regions: 2->2
[460.063s][info][gc,heap        ] GC(1039) Humongous regions: 11->11
[460.063s][info][gc,metaspace   ] GC(1039) Metaspace: 48649K(50128K)->48649K(50128K) NonClass: 42816K(43856K)->42816K(43856K) Class: 5833K(6272K)->5833K(6272K)
[460.063s][info][gc             ] GC(1039) Pause Full (G1 Humongous Allocation) 500M->500M(512M) 489.043ms
[460.065s][info][gc,cpu         ] GC(1039) User=2.51s Sys=0.07s Real=0.49s
[460.066s][info][gc,start       ] GC(1040) Pause Young (Concurrent Start) (G1 Humongous Allocation)
[460.066s][info][gc,task        ] GC(1040) Using 8 workers of 8 for evacuation
[460.068s][info][gc,phases      ] GC(1040)   Pre Evacuate Collection Set: 0.1ms
[460.068s][info][gc,phases      ] GC(1040)   Merge Heap Roots: 0.0ms
[460.068s][info][gc,phases      ] GC(1040)   Evacuate Collection Set: 0.8ms
[460.068s][info][gc,phases      ] GC(1040)   Post Evacuate Collection Set: 0.3ms
[460.068s][info][gc,phases      ] GC(1040)   Other: 0.2ms
[460.068s][info][gc,heap        ] GC(1040) Eden regions: 1->0(24)
[460.068s][info][gc,heap        ] GC(1040) Survivor regions: 0->1(4)
[460.068s][info][gc,heap        ] GC(1040) Old regions: 491->491
[460.068s][info][gc,heap        ] GC(1040) Archive regions: 2->2
[460.068s][info][gc,heap        ] GC(1040) Humongous regions: 11->11
[460.068s][info][gc,metaspace   ] GC(1040) Metaspace: 48649K(50128K)->48649K(50128K) NonClass: 42816K(43856K)->42816K(43856K) Class: 5833K(6272K)->5833K(6272K)
[460.068s][info][gc             ] GC(1040) Pause Young (Concurrent Start) (G1 Humongous Allocation) 501M->500M(512M) 1.574ms
[460.068s][info][gc,cpu         ] GC(1040) User=0.00s Sys=0.00s Real=0.00s
[460.068s][info][gc,task        ] GC(1041) Using 8 workers of 8 for full compaction
[460.068s][info][gc             ] GC(1042) Concurrent Cycle
[460.068s][info][gc,start       ] GC(1041) Pause Full (G1 Humongous Allocation)
[460.068s][info][gc,marking     ] GC(1042) Concurrent Clear Claimed Marks
[460.068s][info][gc,marking     ] GC(1042) Concurrent Clear Claimed Marks 0.062ms
[460.068s][info][gc,marking     ] GC(1042) Concurrent Scan Root Regions
[460.068s][info][gc,marking     ] GC(1042) Concurrent Scan Root Regions 0.017ms
[460.068s][info][gc,marking     ] GC(1042) Concurrent Mark (460.068s)
[460.068s][info][gc,marking     ] GC(1042) Concurrent Mark From Roots
[460.068s][info][gc,task        ] GC(1042) Using 2 workers of 2 for marking
[460.069s][info][gc,phases,start] GC(1041) Phase 1: Mark live objects
[460.340s][info][gc,phases      ] GC(1041) Phase 1: Mark live objects 271.535ms
[460.340s][info][gc,phases,start] GC(1041) Phase 2: Prepare for compaction
[460.374s][info][gc,phases      ] GC(1041) Phase 2: Prepare for compaction 33.537ms
[460.374s][info][gc,phases,start] GC(1041) Phase 3: Adjust pointers
[460.458s][info][gc,phases      ] GC(1041) Phase 3: Adjust pointers 83.978ms
[460.458s][info][gc,phases,start] GC(1041) Phase 4: Compact heap
[460.488s][info][gc,phases      ] GC(1041) Phase 4: Compact heap 30.144ms
[460.492s][info][gc,heap        ] GC(1041) Eden regions: 0->0(25)
[460.492s][info][gc,heap        ] GC(1041) Survivor regions: 1->0(4)
[460.492s][info][gc,heap        ] GC(1041) Old regions: 491->491
[460.492s][info][gc,heap        ] GC(1041) Archive regions: 2->2
[460.492s][info][gc,heap        ] GC(1041) Humongous regions: 11->11
[460.492s][info][gc,metaspace   ] GC(1041) Metaspace: 48649K(50128K)->48649K(50128K) NonClass: 42816K(43856K)->42816K(43856K) Class: 5833K(6272K)->5833K(6272K)
[460.492s][info][gc             ] GC(1041) Pause Full (G1 Humongous Allocation) 500M->500M(512M) 424.254ms
[460.494s][info][gc,cpu         ] GC(1041) User=2.53s Sys=0.09s Real=0.42s
[460.494s][info][gc,task        ] GC(1043) Using 8 workers of 8 for full compaction
[460.494s][info][gc,start       ] GC(1043) Pause Full (G1 Humongous Allocation)
[460.494s][info][gc,phases,start] GC(1043) Phase 1: Mark live objects
[460.756s][info][gc,phases      ] GC(1043) Phase 1: Mark live objects 262.280ms
[460.756s][info][gc,phases,start] GC(1043) Phase 2: Prepare for compaction
[460.792s][info][gc,phases      ] GC(1043) Phase 2: Prepare for compaction 35.824ms
[460.792s][info][gc,phases,start] GC(1043) Phase 3: Adjust pointers
[460.884s][info][gc,phases      ] GC(1043) Phase 3: Adjust pointers 92.286ms
[460.884s][info][gc,phases,start] GC(1043) Phase 4: Compact heap
[460.916s][info][gc,phases      ] GC(1043) Phase 4: Compact heap 31.502ms
[460.920s][info][gc,heap        ] GC(1043) Eden regions: 0->0(25)
[460.920s][info][gc,heap        ] GC(1043) Survivor regions: 0->0(4)
[460.920s][info][gc,heap        ] GC(1043) Old regions: 491->491
[460.920s][info][gc,heap        ] GC(1043) Archive regions: 2->2
[460.920s][info][gc,heap        ] GC(1043) Humongous regions: 11->11
[460.920s][info][gc,metaspace   ] GC(1043) Metaspace: 48649K(50128K)->48649K(50128K) NonClass: 42816K(43856K)->42816K(43856K) Class: 5833K(6272K)->5833K(6272K)
[460.920s][info][gc             ] GC(1043) Pause Full (G1 Humongous Allocation) 500M->500M(512M) 426.533ms
[460.922s][info][gc,cpu         ] GC(1043) User=2.53s Sys=0.06s Real=0.43s
[460.922s][info][gc,marking     ] GC(1042) Concurrent Mark From Roots 854.272ms
[460.922s][info][gc,marking     ] GC(1042) Concurrent Mark Abort
[460.922s][info][gc             ] GC(1042) Concurrent Cycle 854.485ms
[460.924s][info][gc,start       ] GC(1044) Pause Young (Concurrent Start) (G1 Humongous Allocation)
[460.924s][info][gc,task        ] GC(1044) Using 8 workers of 8 for evacuation
[460.925s][info][gc,phases      ] GC(1044)   Pre Evacuate Collection Set: 0.1ms
[460.925s][info][gc,phases      ] GC(1044)   Merge Heap Roots: 0.0ms
[460.925s][info][gc,phases      ] GC(1044)   Evacuate Collection Set: 0.9ms
[460.925s][info][gc,phases      ] GC(1044)   Post Evacuate Collection Set: 0.2ms
[460.925s][info][gc,phases      ] GC(1044)   Other: 0.2ms
[460.925s][info][gc,heap        ] GC(1044) Eden regions: 1->0(24)
[460.925s][info][gc,heap        ] GC(1044) Survivor regions: 0->1(4)
[460.925s][info][gc,heap        ] GC(1044) Old regions: 491->491
[460.925s][info][gc,heap        ] GC(1044) Archive regions: 2->2
[460.925s][info][gc,heap        ] GC(1044) Humongous regions: 11->11
[460.925s][info][gc,metaspace   ] GC(1044) Metaspace: 48649K(50128K)->48649K(50128K) NonClass: 42816K(43856K)->42816K(43856K) Class: 5833K(6272K)->5833K(6272K)
[460.925s][info][gc             ] GC(1044) Pause Young (Concurrent Start) (G1 Humongous Allocation) 501M->500M(512M) 1.564ms
[460.925s][info][gc,cpu         ] GC(1044) User=0.00s Sys=0.00s Real=0.00s
[460.925s][info][gc             ] GC(1045) Concurrent Cycle
[460.925s][info][gc,marking     ] GC(1045) Concurrent Clear Claimed Marks
[460.925s][info][gc,marking     ] GC(1045) Concurrent Clear Claimed Marks 0.075ms
[460.925s][info][gc,marking     ] GC(1045) Concurrent Scan Root Regions
[460.926s][info][gc,marking     ] GC(1045) Concurrent Scan Root Regions 0.614ms
[460.926s][info][gc,marking     ] GC(1045) Concurrent Mark (460.926s)
[460.926s][info][gc,marking     ] GC(1045) Concurrent Mark From Roots
[460.926s][info][gc,start       ] GC(1046) Pause Young (Normal) (G1 Humongous Allocation)
[460.926s][info][gc,task        ] GC(1045) Using 2 workers of 2 for marking
[460.926s][info][gc,task        ] GC(1046) Using 8 workers of 8 for evacuation
[460.927s][info][gc,phases      ] GC(1046)   Pre Evacuate Collection Set: 0.6ms
[460.927s][info][gc,phases      ] GC(1046)   Merge Heap Roots: 0.0ms
[460.927s][info][gc,phases      ] GC(1046)   Evacuate Collection Set: 0.3ms
[460.927s][info][gc,phases      ] GC(1046)   Post Evacuate Collection Set: 0.2ms
[460.927s][info][gc,phases      ] GC(1046)   Other: 0.3ms
[460.927s][info][gc,heap        ] GC(1046) Eden regions: 0->0(24)
[460.927s][info][gc,heap        ] GC(1046) Survivor regions: 1->1(4)
[460.927s][info][gc,heap        ] GC(1046) Old regions: 491->491
[460.927s][info][gc,heap        ] GC(1046) Archive regions: 2->2
[460.927s][info][gc,heap        ] GC(1046) Humongous regions: 11->11
[460.927s][info][gc,metaspace   ] GC(1046) Metaspace: 48649K(50128K)->48649K(50128K) NonClass: 42816K(43856K)->42816K(43856K) Class: 5833K(6272K)->5833K(6272K)
[460.927s][info][gc             ] GC(1046) Pause Young (Normal) (G1 Humongous Allocation) 500M->500M(512M) 1.072ms
[460.927s][info][gc,cpu         ] GC(1046) User=0.00s Sys=0.00s Real=0.00s
[460.927s][info][gc,task        ] GC(1047) Using 8 workers of 8 for full compaction
[460.927s][info][gc,start       ] GC(1047) Pause Full (G1 Humongous Allocation)
[460.928s][info][gc,phases,start] GC(1047) Phase 1: Mark live objects
[461.200s][info][gc,phases      ] GC(1047) Phase 1: Mark live objects 272.508ms
[461.200s][info][gc,phases,start] GC(1047) Phase 2: Prepare for compaction
[461.234s][info][gc,phases      ] GC(1047) Phase 2: Prepare for compaction 33.928ms
[461.234s][info][gc,phases,start] GC(1047) Phase 3: Adjust pointers
[461.324s][info][gc,phases      ] GC(1047) Phase 3: Adjust pointers 89.507ms
[461.324s][info][gc,phases,start] GC(1047) Phase 4: Compact heap
[461.352s][info][gc,phases      ] GC(1047) Phase 4: Compact heap 28.138ms
[461.356s][info][gc,heap        ] GC(1047) Eden regions: 0->0(25)
[461.356s][info][gc,heap        ] GC(1047) Survivor regions: 1->0(4)
[461.356s][info][gc,heap        ] GC(1047) Old regions: 491->491
[461.356s][info][gc,heap        ] GC(1047) Archive regions: 2->2
[461.356s][info][gc,heap        ] GC(1047) Humongous regions: 11->11
[461.356s][info][gc,metaspace   ] GC(1047) Metaspace: 48649K(50128K)->48649K(50128K) NonClass: 42816K(43856K)->42816K(43856K) Class: 5833K(6272K)->5833K(6272K)
[461.356s][info][gc             ] GC(1047) Pause Full (G1 Humongous Allocation) 500M->500M(512M) 428.554ms
[461.357s][info][gc,cpu         ] GC(1047) User=2.52s Sys=0.05s Real=0.43s
[461.357s][info][gc,task        ] GC(1048) Using 8 workers of 8 for full compaction
[461.357s][info][gc,start       ] GC(1048) Pause Full (G1 Humongous Allocation)
[461.357s][info][gc,phases,start] GC(1048) Phase 1: Mark live objects
[461.620s][info][gc,phases      ] GC(1048) Phase 1: Mark live objects 262.705ms
[461.620s][info][gc,phases,start] GC(1048) Phase 2: Prepare for compaction
[461.652s][info][gc,phases      ] GC(1048) Phase 2: Prepare for compaction 31.847ms
[461.652s][info][gc,phases,start] GC(1048) Phase 3: Adjust pointers
[461.741s][info][gc,phases      ] GC(1048) Phase 3: Adjust pointers 89.010ms
[461.741s][info][gc,phases,start] GC(1048) Phase 4: Compact heap
[461.778s][info][gc,phases      ] GC(1048) Phase 4: Compact heap 37.357ms
[461.781s][info][gc,heap        ] GC(1048) Eden regions: 0->0(25)
[461.781s][info][gc,heap        ] GC(1048) Survivor regions: 0->0(4)
[461.782s][info][gc,heap        ] GC(1048) Old regions: 491->491
[461.782s][info][gc,heap        ] GC(1048) Archive regions: 2->2
[461.782s][info][gc,heap        ] GC(1048) Humongous regions: 11->11
[461.782s][info][gc,metaspace   ] GC(1048) Metaspace: 48649K(50128K)->48649K(50128K) NonClass: 42816K(43856K)->42816K(43856K) Class: 5833K(6272K)->5833K(6272K)
[461.782s][info][gc             ] GC(1048) Pause Full (G1 Humongous Allocation) 500M->500M(512M) 424.607ms
[461.783s][info][gc,cpu         ] GC(1048) User=2.52s Sys=0.07s Real=0.42s
[461.783s][info][gc,marking     ] GC(1045) Concurrent Mark From Roots 856.863ms
[461.783s][info][gc,marking     ] GC(1045) Concurrent Mark Abort
[461.783s][info][gc             ] GC(1045) Concurrent Cycle 857.698ms
[461.785s][info][gc,start       ] GC(1049) Pause Young (Normal) (G1 Humongous Allocation)
[461.785s][info][gc,task        ] GC(1049) Using 8 workers of 8 for evacuation
[461.786s][info][gc,phases      ] GC(1049)   Pre Evacuate Collection Set: 0.1ms
[461.786s][info][gc,phases      ] GC(1049)   Merge Heap Roots: 0.1ms
[461.786s][info][gc,phases      ] GC(1049)   Evacuate Collection Set: 0.6ms
[461.786s][info][gc,phases      ] GC(1049)   Post Evacuate Collection Set: 0.2ms
[461.786s][info][gc,phases      ] GC(1049)   Other: 0.2ms
[461.786s][info][gc,heap        ] GC(1049) Eden regions: 0->0(25)
[461.786s][info][gc,heap        ] GC(1049) Survivor regions: 0->0(4)
[461.786s][info][gc,heap        ] GC(1049) Old regions: 491->491
[461.786s][info][gc,heap        ] GC(1049) Archive regions: 2->2
[461.786s][info][gc,heap        ] GC(1049) Humongous regions: 11->11
[461.786s][info][gc,metaspace   ] GC(1049) Metaspace: 48649K(50128K)->48649K(50128K) NonClass: 42816K(43856K)->42816K(43856K) Class: 5833K(6272K)->5833K(6272K)
[461.786s][info][gc             ] GC(1049) Pause Young (Normal) (G1 Humongous Allocation) 500M->500M(512M) 1.412ms
[461.786s][info][gc,cpu         ] GC(1049) User=0.00s Sys=0.00s Real=0.01s
[461.786s][info][gc,task        ] GC(1050) Using 8 workers of 8 for full compaction
[461.786s][info][gc,start       ] GC(1050) Pause Full (G1 Humongous Allocation)
[461.786s][info][gc,phases,start] GC(1050) Phase 1: Mark live objects
[462.074s][info][gc,phases      ] GC(1050) Phase 1: Mark live objects 288.042ms
[462.074s][info][gc,phases,start] GC(1050) Phase 2: Prepare for compaction
[462.108s][info][gc,phases      ] GC(1050) Phase 2: Prepare for compaction 33.598ms
[462.108s][info][gc,phases,start] GC(1050) Phase 3: Adjust pointers
[462.195s][info][gc,phases      ] GC(1050) Phase 3: Adjust pointers 86.564ms
[462.195s][info][gc,phases,start] GC(1050) Phase 4: Compact heap
[462.232s][info][gc,phases      ] GC(1050) Phase 4: Compact heap 37.882ms
[462.237s][info][gc,heap        ] GC(1050) Eden regions: 0->0(25)
[462.237s][info][gc,heap        ] GC(1050) Survivor regions: 0->0(4)
[462.237s][info][gc,heap        ] GC(1050) Old regions: 491->491
[462.237s][info][gc,heap        ] GC(1050) Archive regions: 2->2
[462.237s][info][gc,heap        ] GC(1050) Humongous regions: 11->11
[462.237s][info][gc,metaspace   ] GC(1050) Metaspace: 48649K(50128K)->48649K(50128K) NonClass: 42816K(43856K)->42816K(43856K) Class: 5833K(6272K)->5833K(6272K)
[462.237s][info][gc             ] GC(1050) Pause Full (G1 Humongous Allocation) 500M->500M(512M) 451.017ms
[462.239s][info][gc,cpu         ] GC(1050) User=2.55s Sys=0.07s Real=0.45s
[462.239s][info][gc,task        ] GC(1051) Using 8 workers of 8 for full compaction
[462.239s][info][gc,start       ] GC(1051) Pause Full (G1 Humongous Allocation)
[462.239s][info][gc,phases,start] GC(1051) Phase 1: Mark live objects
[462.522s][info][gc,phases      ] GC(1051) Phase 1: Mark live objects 282.218ms
[462.522s][info][gc,phases,start] GC(1051) Phase 2: Prepare for compaction
[462.558s][info][gc,phases      ] GC(1051) Phase 2: Prepare for compaction 36.342ms
[462.558s][info][gc,phases,start] GC(1051) Phase 3: Adjust pointers
[462.640s][info][gc,phases      ] GC(1051) Phase 3: Adjust pointers 81.871ms
[462.640s][info][gc,phases,start] GC(1051) Phase 4: Compact heap
[462.681s][info][gc,phases      ] GC(1051) Phase 4: Compact heap 40.569ms
[462.684s][info][gc,heap        ] GC(1051) Eden regions: 0->0(25)
[462.684s][info][gc,heap        ] GC(1051) Survivor regions: 0->0(4)
[462.684s][info][gc,heap        ] GC(1051) Old regions: 491->490
[462.684s][info][gc,heap        ] GC(1051) Archive regions: 2->2
[462.684s][info][gc,heap        ] GC(1051) Humongous regions: 11->11
[462.684s][info][gc,metaspace   ] GC(1051) Metaspace: 48649K(50128K)->48649K(50128K) NonClass: 42816K(43856K)->42816K(43856K) Class: 5833K(6272K)->5833K(6272K)
[462.684s][info][gc             ] GC(1051) Pause Full (G1 Humongous Allocation) 500M->500M(512M) 444.644ms
[462.685s][info][gc,cpu         ] GC(1051) User=2.52s Sys=0.06s Real=0.44s
[462.687s][info][gc,start       ] GC(1052) Pause Young (Concurrent Start) (G1 Humongous Allocation)
[462.687s][info][gc,task        ] GC(1052) Using 8 workers of 8 for evacuation
[462.688s][info][gc,phases      ] GC(1052)   Pre Evacuate Collection Set: 0.1ms
[462.688s][info][gc,phases      ] GC(1052)   Merge Heap Roots: 0.0ms
[462.688s][info][gc,phases      ] GC(1052)   Evacuate Collection Set: 0.6ms
[462.688s][info][gc,phases      ] GC(1052)   Post Evacuate Collection Set: 0.2ms
[462.688s][info][gc,phases      ] GC(1052)   Other: 0.1ms
[462.688s][info][gc,heap        ] GC(1052) Eden regions: 1->0(24)
[462.688s][info][gc,heap        ] GC(1052) Survivor regions: 0->1(4)
[462.688s][info][gc,heap        ] GC(1052) Old regions: 490->490
[462.688s][info][gc,heap        ] GC(1052) Archive regions: 2->2
[462.688s][info][gc,heap        ] GC(1052) Humongous regions: 11->11
[462.688s][info][gc,metaspace   ] GC(1052) Metaspace: 48649K(50128K)->48649K(50128K) NonClass: 42816K(43856K)->42816K(43856K) Class: 5833K(6272K)->5833K(6272K)
[462.688s][info][gc             ] GC(1052) Pause Young (Concurrent Start) (G1 Humongous Allocation) 501M->500M(512M) 1.129ms
[462.688s][info][gc,cpu         ] GC(1052) User=0.00s Sys=0.00s Real=0.00s
[462.688s][info][gc             ] GC(1053) Concurrent Cycle
[462.688s][info][gc,marking     ] GC(1053) Concurrent Clear Claimed Marks
[462.688s][info][gc,marking     ] GC(1053) Concurrent Clear Claimed Marks 0.047ms
[462.688s][info][gc,marking     ] GC(1053) Concurrent Scan Root Regions
[462.689s][info][gc,marking     ] GC(1053) Concurrent Scan Root Regions 0.642ms
[462.689s][info][gc,start       ] GC(1054) Pause Young (Normal) (G1 Humongous Allocation)
[462.689s][info][gc,marking     ] GC(1053) Concurrent Mark (462.689s)
[462.689s][info][gc,task        ] GC(1054) Using 8 workers of 8 for evacuation
[462.689s][info][gc,marking     ] GC(1053) Concurrent Mark From Roots
[462.689s][info][gc,task        ] GC(1053) Using 2 workers of 2 for marking
[462.689s][info][gc,phases      ] GC(1054)   Pre Evacuate Collection Set: 0.6ms
[462.689s][info][gc,phases      ] GC(1054)   Merge Heap Roots: 0.0ms
[462.689s][info][gc,phases      ] GC(1054)   Evacuate Collection Set: 0.3ms
[462.690s][info][gc,phases      ] GC(1054)   Post Evacuate Collection Set: 0.2ms
[462.690s][info][gc,phases      ] GC(1054)   Other: 0.2ms
[462.690s][info][gc,heap        ] GC(1054) Eden regions: 0->0(24)
[462.690s][info][gc,heap        ] GC(1054) Survivor regions: 1->1(4)
[462.690s][info][gc,heap        ] GC(1054) Old regions: 490->490
[462.690s][info][gc,heap        ] GC(1054) Archive regions: 2->2
[462.690s][info][gc,heap        ] GC(1054) Humongous regions: 11->11
[462.690s][info][gc,metaspace   ] GC(1054) Metaspace: 48649K(50128K)->48649K(50128K) NonClass: 42816K(43856K)->42816K(43856K) Class: 5833K(6272K)->5833K(6272K)
[462.690s][info][gc             ] GC(1054) Pause Young (Normal) (G1 Humongous Allocation) 500M->500M(512M) 0.977ms
[462.690s][info][gc,cpu         ] GC(1054) User=0.00s Sys=0.00s Real=0.00s
[462.690s][info][gc,task        ] GC(1055) Using 8 workers of 8 for full compaction
[462.690s][info][gc,start       ] GC(1055) Pause Full (G1 Humongous Allocation)
[462.690s][info][gc,phases,start] GC(1055) Phase 1: Mark live objects
[462.969s][info][gc,phases      ] GC(1055) Phase 1: Mark live objects 278.388ms
[462.969s][info][gc,phases,start] GC(1055) Phase 2: Prepare for compaction
[463.008s][info][gc,phases      ] GC(1055) Phase 2: Prepare for compaction 38.897ms
[463.008s][info][gc,phases,start] GC(1055) Phase 3: Adjust pointers
[463.087s][info][gc,phases      ] GC(1055) Phase 3: Adjust pointers 79.456ms
[463.087s][info][gc,phases,start] GC(1055) Phase 4: Compact heap
[463.116s][info][gc,phases      ] GC(1055) Phase 4: Compact heap 28.887ms
[463.120s][info][gc,heap        ] GC(1055) Eden regions: 0->0(25)
[463.120s][info][gc,heap        ] GC(1055) Survivor regions: 1->0(4)
[463.120s][info][gc,heap        ] GC(1055) Old regions: 490->491
[463.120s][info][gc,heap        ] GC(1055) Archive regions: 2->2
[463.120s][info][gc,heap        ] GC(1055) Humongous regions: 11->11
[463.120s][info][gc,metaspace   ] GC(1055) Metaspace: 48649K(50128K)->48649K(50128K) NonClass: 42816K(43856K)->42816K(43856K) Class: 5833K(6272K)->5833K(6272K)
[463.120s][info][gc             ] GC(1055) Pause Full (G1 Humongous Allocation) 500M->500M(512M) 430.007ms
[463.121s][info][gc,cpu         ] GC(1055) User=2.53s Sys=0.07s Real=0.43s
[463.121s][info][gc,task        ] GC(1056) Using 8 workers of 8 for full compaction
[463.121s][info][gc,start       ] GC(1056) Pause Full (G1 Humongous Allocation)
[463.121s][info][gc,phases,start] GC(1056) Phase 1: Mark live objects
[463.412s][info][gc,phases      ] GC(1056) Phase 1: Mark live objects 290.895ms
[463.412s][info][gc,phases,start] GC(1056) Phase 2: Prepare for compaction
[463.452s][info][gc,phases      ] GC(1056) Phase 2: Prepare for compaction 40.140ms
[463.452s][info][gc,phases,start] GC(1056) Phase 3: Adjust pointers
[463.533s][info][gc,phases      ] GC(1056) Phase 3: Adjust pointers 80.866ms
[463.533s][info][gc,phases,start] GC(1056) Phase 4: Compact heap
[463.563s][info][gc,phases      ] GC(1056) Phase 4: Compact heap 30.509ms
[463.567s][info][gc,heap        ] GC(1056) Eden regions: 0->0(25)
[463.567s][info][gc,heap        ] GC(1056) Survivor regions: 0->0(4)
[463.567s][info][gc,heap        ] GC(1056) Old regions: 491->491
[463.567s][info][gc,heap        ] GC(1056) Archive regions: 2->2
[463.567s][info][gc,heap        ] GC(1056) Humongous regions: 11->11
[463.567s][info][gc,metaspace   ] GC(1056) Metaspace: 48649K(50128K)->48649K(50128K) NonClass: 42816K(43856K)->42816K(43856K) Class: 5833K(6272K)->5833K(6272K)
[463.567s][info][gc             ] GC(1056) Pause Full (G1 Humongous Allocation) 500M->500M(512M) 445.877ms
[463.569s][info][gc,cpu         ] GC(1056) User=2.52s Sys=0.07s Real=0.45s
[463.569s][info][gc,marking     ] GC(1053) Concurrent Mark From Roots 879.961ms
[463.569s][info][gc,marking     ] GC(1053) Concurrent Mark Abort
[463.569s][info][gc             ] GC(1053) Concurrent Cycle 880.845ms
[463.570s][info][gc,start       ] GC(1057) Pause Young (Concurrent Start) (G1 Humongous Allocation)
[463.570s][info][gc,task        ] GC(1057) Using 8 workers of 8 for evacuation
[463.571s][info][gc,phases      ] GC(1057)   Pre Evacuate Collection Set: 0.1ms
[463.571s][info][gc,phases      ] GC(1057)   Merge Heap Roots: 0.0ms
[463.571s][info][gc,phases      ] GC(1057)   Evacuate Collection Set: 0.6ms
[463.571s][info][gc,phases      ] GC(1057)   Post Evacuate Collection Set: 0.2ms
[463.571s][info][gc,phases      ] GC(1057)   Other: 0.2ms
[463.571s][info][gc,heap        ] GC(1057) Eden regions: 0->0(25)
[463.571s][info][gc,heap        ] GC(1057) Survivor regions: 0->0(4)
[463.571s][info][gc,heap        ] GC(1057) Old regions: 491->491
[463.571s][info][gc,heap        ] GC(1057) Archive regions: 2->2
[463.571s][info][gc,heap        ] GC(1057) Humongous regions: 11->11
[463.571s][info][gc,metaspace   ] GC(1057) Metaspace: 48649K(50128K)->48649K(50128K) NonClass: 42816K(43856K)->42816K(43856K) Class: 5833K(6272K)->5833K(6272K)
[463.572s][info][gc             ] GC(1057) Pause Young (Concurrent Start) (G1 Humongous Allocation) 500M->500M(512M) 1.292ms
[463.572s][info][gc,cpu         ] GC(1057) User=0.01s Sys=0.00s Real=0.00s
[463.572s][info][gc             ] GC(1058) Concurrent Cycle
[463.572s][info][gc,marking     ] GC(1058) Concurrent Clear Claimed Marks
[463.572s][info][gc,marking     ] GC(1058) Concurrent Clear Claimed Marks 0.037ms
[463.572s][info][gc,marking     ] GC(1058) Concurrent Scan Root Regions
[463.572s][info][gc,marking     ] GC(1058) Concurrent Scan Root Regions 0.018ms
[463.572s][info][gc,marking     ] GC(1058) Concurrent Mark (463.572s)
[463.572s][info][gc,marking     ] GC(1058) Concurrent Mark From Roots
[463.572s][info][gc,task        ] GC(1058) Using 2 workers of 2 for marking
[463.572s][info][gc,start       ] GC(1059) Pause Young (Normal) (G1 Humongous Allocation)
[463.572s][info][gc,task        ] GC(1059) Using 8 workers of 8 for evacuation
[463.572s][info][gc,phases      ] GC(1059)   Pre Evacuate Collection Set: 0.1ms
[463.572s][info][gc,phases      ] GC(1059)   Merge Heap Roots: 0.0ms
[463.572s][info][gc,phases      ] GC(1059)   Evacuate Collection Set: 0.3ms
[463.572s][info][gc,phases      ] GC(1059)   Post Evacuate Collection Set: 0.2ms
[463.572s][info][gc,phases      ] GC(1059)   Other: 0.1ms
[463.572s][info][gc,heap        ] GC(1059) Eden regions: 1->0(24)
[463.572s][info][gc,heap        ] GC(1059) Survivor regions: 0->1(4)
[463.572s][info][gc,heap        ] GC(1059) Old regions: 491->491
[463.572s][info][gc,heap        ] GC(1059) Archive regions: 2->2
[463.573s][info][gc,heap        ] GC(1059) Humongous regions: 11->11
[463.573s][info][gc,metaspace   ] GC(1059) Metaspace: 48650K(50128K)->48650K(50128K) NonClass: 42816K(43856K)->42816K(43856K) Class: 5833K(6272K)->5833K(6272K)
[463.573s][info][gc             ] GC(1059) Pause Young (Normal) (G1 Humongous Allocation) 501M->500M(512M) 0.767ms
[463.573s][info][gc,cpu         ] GC(1059) User=0.00s Sys=0.00s Real=0.00s
[463.573s][info][gc,task        ] GC(1060) Using 8 workers of 8 for full compaction
[463.573s][info][gc,start       ] GC(1060) Pause Full (G1 Humongous Allocation)
[463.573s][info][gc,phases,start] GC(1060) Phase 1: Mark live objects
[463.839s][info][gc,phases      ] GC(1060) Phase 1: Mark live objects 265.604ms
[463.839s][info][gc,phases,start] GC(1060) Phase 2: Prepare for compaction
[463.872s][info][gc,phases      ] GC(1060) Phase 2: Prepare for compaction 33.070ms
[463.872s][info][gc,phases,start] GC(1060) Phase 3: Adjust pointers
[463.959s][info][gc,phases      ] GC(1060) Phase 3: Adjust pointers 86.879ms
[463.959s][info][gc,phases,start] GC(1060) Phase 4: Compact heap
[463.988s][info][gc,phases      ] GC(1060) Phase 4: Compact heap 28.931ms
[463.992s][info][gc,heap        ] GC(1060) Eden regions: 0->0(25)
[463.992s][info][gc,heap        ] GC(1060) Survivor regions: 1->0(4)
[463.992s][info][gc,heap        ] GC(1060) Old regions: 491->490
[463.992s][info][gc,heap        ] GC(1060) Archive regions: 2->2
[463.992s][info][gc,heap        ] GC(1060) Humongous regions: 11->11
[463.992s][info][gc,metaspace   ] GC(1060) Metaspace: 48650K(50128K)->48650K(50128K) NonClass: 42816K(43856K)->42816K(43856K) Class: 5833K(6272K)->5833K(6272K)
[463.992s][info][gc             ] GC(1060) Pause Full (G1 Humongous Allocation) 500M->500M(512M) 419.014ms
[463.993s][info][gc,cpu         ] GC(1060) User=2.54s Sys=0.05s Real=0.42s
[463.993s][info][gc,task        ] GC(1061) Using 8 workers of 8 for full compaction
[463.993s][info][gc,start       ] GC(1061) Pause Full (G1 Humongous Allocation)
[463.993s][info][gc,phases,start] GC(1061) Phase 1: Mark live objects
[464.284s][info][gc,phases      ] GC(1061) Phase 1: Mark live objects 290.738ms
[464.284s][info][gc,phases,start] GC(1061) Phase 2: Prepare for compaction
[464.316s][info][gc,phases      ] GC(1061) Phase 2: Prepare for compaction 32.231ms
[464.316s][info][gc,phases,start] GC(1061) Phase 3: Adjust pointers
[464.399s][info][gc,phases      ] GC(1061) Phase 3: Adjust pointers 83.299ms
[464.399s][info][gc,phases,start] GC(1061) Phase 4: Compact heap
[464.430s][info][gc,phases      ] GC(1061) Phase 4: Compact heap 30.941ms
[464.434s][info][gc,heap        ] GC(1061) Eden regions: 0->0(25)
[464.434s][info][gc,heap        ] GC(1061) Survivor regions: 0->0(4)
[464.434s][info][gc,heap        ] GC(1061) Old regions: 490->490
[464.434s][info][gc,heap        ] GC(1061) Archive regions: 2->2
[464.434s][info][gc,heap        ] GC(1061) Humongous regions: 11->11
[464.434s][info][gc,metaspace   ] GC(1061) Metaspace: 48650K(50128K)->48650K(50128K) NonClass: 42816K(43856K)->42816K(43856K) Class: 5833K(6272K)->5833K(6272K)
[464.434s][info][gc             ] GC(1061) Pause Full (G1 Humongous Allocation) 500M->500M(512M) 440.887ms
[464.436s][info][gc,cpu         ] GC(1061) User=2.53s Sys=0.06s Real=0.45s
[464.436s][info][gc,marking     ] GC(1058) Concurrent Mark From Roots 864.196ms
[464.436s][info][gc,marking     ] GC(1058) Concurrent Mark Abort
[464.436s][info][gc             ] GC(1058) Concurrent Cycle 864.396ms
[464.437s][info][gc,start       ] GC(1062) Pause Young (Normal) (G1 Humongous Allocation)
[464.437s][info][gc,task        ] GC(1062) Using 8 workers of 8 for evacuation
[464.438s][info][gc,phases      ] GC(1062)   Pre Evacuate Collection Set: 0.1ms
[464.438s][info][gc,phases      ] GC(1062)   Merge Heap Roots: 0.0ms
[464.438s][info][gc,phases      ] GC(1062)   Evacuate Collection Set: 0.3ms
[464.438s][info][gc,phases      ] GC(1062)   Post Evacuate Collection Set: 0.2ms
[464.438s][info][gc,phases      ] GC(1062)   Other: 0.1ms
[464.438s][info][gc,heap        ] GC(1062) Eden regions: 1->0(24)
[464.438s][info][gc,heap        ] GC(1062) Survivor regions: 0->1(4)
[464.438s][info][gc,heap        ] GC(1062) Old regions: 490->490
[464.438s][info][gc,heap        ] GC(1062) Archive regions: 2->2
[464.438s][info][gc,heap        ] GC(1062) Humongous regions: 11->11
[464.438s][info][gc,metaspace   ] GC(1062) Metaspace: 48650K(50128K)->48650K(50128K) NonClass: 42816K(43856K)->42816K(43856K) Class: 5833K(6272K)->5833K(6272K)
[464.438s][info][gc             ] GC(1062) Pause Young (Normal) (G1 Humongous Allocation) 500M->500M(512M) 0.883ms
[464.438s][info][gc,cpu         ] GC(1062) User=0.00s Sys=0.00s Real=0.00s
[464.438s][info][gc,task        ] GC(1063) Using 8 workers of 8 for full compaction
[464.438s][info][gc,start       ] GC(1063) Pause Full (G1 Humongous Allocation)
[464.438s][info][gc,phases,start] GC(1063) Phase 1: Mark live objects
[464.725s][info][gc,phases      ] GC(1063) Phase 1: Mark live objects 286.715ms
[464.725s][info][gc,phases,start] GC(1063) Phase 2: Prepare for compaction
[464.778s][info][gc,phases      ] GC(1063) Phase 2: Prepare for compaction 52.880ms
[464.778s][info][gc,phases,start] GC(1063) Phase 3: Adjust pointers
[464.894s][info][gc,phases      ] GC(1063) Phase 3: Adjust pointers 116.323ms
[464.894s][info][gc,phases,start] GC(1063) Phase 4: Compact heap
[464.935s][info][gc,phases      ] GC(1063) Phase 4: Compact heap 40.815ms
[464.939s][info][gc,heap        ] GC(1063) Eden regions: 0->0(25)
[464.939s][info][gc,heap        ] GC(1063) Survivor regions: 1->0(4)
[464.939s][info][gc,heap        ] GC(1063) Old regions: 490->491
[464.939s][info][gc,heap        ] GC(1063) Archive regions: 2->2
[464.939s][info][gc,heap        ] GC(1063) Humongous regions: 11->11
[464.939s][info][gc,metaspace   ] GC(1063) Metaspace: 48650K(50128K)->48650K(50128K) NonClass: 42816K(43856K)->42816K(43856K) Class: 5833K(6272K)->5833K(6272K)
[464.939s][info][gc             ] GC(1063) Pause Full (G1 Humongous Allocation) 500M->500M(512M) 500.701ms
[464.942s][info][gc,cpu         ] GC(1063) User=2.52s Sys=0.07s Real=0.50s
[464.942s][info][gc,task        ] GC(1064) Using 8 workers of 8 for full compaction
[464.942s][info][gc,start       ] GC(1064) Pause Full (G1 Humongous Allocation)
[464.942s][info][gc,phases,start] GC(1064) Phase 1: Mark live objects
[465.217s][info][gc,phases      ] GC(1064) Phase 1: Mark live objects 275.233ms
[465.217s][info][gc,phases,start] GC(1064) Phase 2: Prepare for compaction
[465.256s][info][gc,phases      ] GC(1064) Phase 2: Prepare for compaction 38.276ms
[465.256s][info][gc,phases,start] GC(1064) Phase 3: Adjust pointers
[465.343s][info][gc,phases      ] GC(1064) Phase 3: Adjust pointers 87.006ms
[465.343s][info][gc,phases,start] GC(1064) Phase 4: Compact heap
[465.373s][info][gc,phases      ] GC(1064) Phase 4: Compact heap 29.958ms
[465.376s][info][gc,heap        ] GC(1064) Eden regions: 0->0(25)
[465.376s][info][gc,heap        ] GC(1064) Survivor regions: 0->0(4)
[465.376s][info][gc,heap        ] GC(1064) Old regions: 491->491
[465.376s][info][gc,heap        ] GC(1064) Archive regions: 2->2
[465.376s][info][gc,heap        ] GC(1064) Humongous regions: 11->11
[465.376s][info][gc,metaspace   ] GC(1064) Metaspace: 48650K(50128K)->48650K(50128K) NonClass: 42816K(43856K)->42816K(43856K) Class: 5833K(6272K)->5833K(6272K)
[465.376s][info][gc             ] GC(1064) Pause Full (G1 Humongous Allocation) 500M->500M(512M) 434.385ms
[465.378s][info][gc,cpu         ] GC(1064) User=2.50s Sys=0.06s Real=0.44s
[465.380s][info][gc,start       ] GC(1065) Pause Young (Concurrent Start) (G1 Humongous Allocation)
[465.380s][info][gc,task        ] GC(1065) Using 8 workers of 8 for evacuation
[465.381s][info][gc,phases      ] GC(1065)   Pre Evacuate Collection Set: 0.1ms
[465.381s][info][gc,phases      ] GC(1065)   Merge Heap Roots: 0.0ms
[465.381s][info][gc,phases      ] GC(1065)   Evacuate Collection Set: 0.8ms
[465.381s][info][gc,phases      ] GC(1065)   Post Evacuate Collection Set: 0.2ms
[465.381s][info][gc,phases      ] GC(1065)   Other: 0.2ms
[465.381s][info][gc,heap        ] GC(1065) Eden regions: 1->0(24)
[465.381s][info][gc,heap        ] GC(1065) Survivor regions: 0->1(4)
[465.381s][info][gc,heap        ] GC(1065) Old regions: 491->491
[465.381s][info][gc,heap        ] GC(1065) Archive regions: 2->2
[465.381s][info][gc,heap        ] GC(1065) Humongous regions: 11->11
[465.381s][info][gc,metaspace   ] GC(1065) Metaspace: 48650K(50128K)->48650K(50128K) NonClass: 42816K(43856K)->42816K(43856K) Class: 5833K(6272K)->5833K(6272K)
[465.381s][info][gc             ] GC(1065) Pause Young (Concurrent Start) (G1 Humongous Allocation) 500M->500M(512M) 1.458ms
[465.381s][info][gc,cpu         ] GC(1065) User=0.00s Sys=0.00s Real=0.00s
[465.381s][info][gc             ] GC(1066) Concurrent Cycle
[465.381s][info][gc,marking     ] GC(1066) Concurrent Clear Claimed Marks
[465.381s][info][gc,marking     ] GC(1066) Concurrent Clear Claimed Marks 0.031ms
[465.381s][info][gc,marking     ] GC(1066) Concurrent Scan Root Regions
[465.382s][info][gc,marking     ] GC(1066) Concurrent Scan Root Regions 0.578ms
[465.382s][info][gc,marking     ] GC(1066) Concurrent Mark (465.382s)
[465.382s][info][gc,marking     ] GC(1066) Concurrent Mark From Roots
[465.382s][info][gc,task        ] GC(1066) Using 2 workers of 2 for marking
[465.382s][info][gc,start       ] GC(1067) Pause Young (Normal) (G1 Humongous Allocation)
[465.382s][info][gc,task        ] GC(1067) Using 8 workers of 8 for evacuation
[465.383s][info][gc,phases      ] GC(1067)   Pre Evacuate Collection Set: 0.5ms
[465.383s][info][gc,phases      ] GC(1067)   Merge Heap Roots: 0.0ms
[465.383s][info][gc,phases      ] GC(1067)   Evacuate Collection Set: 0.4ms
[465.383s][info][gc,phases      ] GC(1067)   Post Evacuate Collection Set: 0.2ms
[465.383s][info][gc,phases      ] GC(1067)   Other: 0.1ms
[465.383s][info][gc,heap        ] GC(1067) Eden regions: 0->0(24)
[465.383s][info][gc,heap        ] GC(1067) Survivor regions: 1->1(4)
[465.383s][info][gc,heap        ] GC(1067) Old regions: 491->491
[465.383s][info][gc,heap        ] GC(1067) Archive regions: 2->2
[465.383s][info][gc,heap        ] GC(1067) Humongous regions: 11->11
[465.383s][info][gc,metaspace   ] GC(1067) Metaspace: 48650K(50128K)->48650K(50128K) NonClass: 42817K(43856K)->42817K(43856K) Class: 5833K(6272K)->5833K(6272K)
[465.383s][info][gc             ] GC(1067) Pause Young (Normal) (G1 Humongous Allocation) 500M->500M(512M) 0.966ms
[465.383s][info][gc,cpu         ] GC(1067) User=0.00s Sys=0.00s Real=0.00s
[465.383s][info][gc,task        ] GC(1068) Using 8 workers of 8 for full compaction
[465.383s][info][gc,start       ] GC(1068) Pause Full (G1 Humongous Allocation)
[465.384s][info][gc,phases,start] GC(1068) Phase 1: Mark live objects
[465.647s][info][gc,phases      ] GC(1068) Phase 1: Mark live objects 263.414ms
[465.647s][info][gc,phases,start] GC(1068) Phase 2: Prepare for compaction
[465.682s][info][gc,phases      ] GC(1068) Phase 2: Prepare for compaction 34.332ms
[465.682s][info][gc,phases,start] GC(1068) Phase 3: Adjust pointers
[465.760s][info][gc,phases      ] GC(1068) Phase 3: Adjust pointers 77.933ms
[465.760s][info][gc,phases,start] GC(1068) Phase 4: Compact heap
[465.790s][info][gc,phases      ] GC(1068) Phase 4: Compact heap 30.796ms
[465.794s][info][gc,heap        ] GC(1068) Eden regions: 0->0(25)
[465.794s][info][gc,heap        ] GC(1068) Survivor regions: 1->0(4)
[465.794s][info][gc,heap        ] GC(1068) Old regions: 491->491
[465.794s][info][gc,heap        ] GC(1068) Archive regions: 2->2
[465.794s][info][gc,heap        ] GC(1068) Humongous regions: 11->11
[465.794s][info][gc,metaspace   ] GC(1068) Metaspace: 48650K(50128K)->48650K(50128K) NonClass: 42817K(43856K)->42817K(43856K) Class: 5833K(6272K)->5833K(6272K)
[465.794s][info][gc             ] GC(1068) Pause Full (G1 Humongous Allocation) 500M->500M(512M) 411.295ms
[465.795s][info][gc,cpu         ] GC(1068) User=2.52s Sys=0.07s Real=0.41s
[465.795s][info][gc,task        ] GC(1069) Using 8 workers of 8 for full compaction
[465.796s][info][gc,start       ] GC(1069) Pause Full (G1 Humongous Allocation)
[465.796s][info][gc,phases,start] GC(1069) Phase 1: Mark live objects
[466.066s][info][gc,phases      ] GC(1069) Phase 1: Mark live objects 270.272ms
[466.066s][info][gc,phases,start] GC(1069) Phase 2: Prepare for compaction
[466.101s][info][gc,phases      ] GC(1069) Phase 2: Prepare for compaction 34.695ms
[466.101s][info][gc,phases,start] GC(1069) Phase 3: Adjust pointers
[466.193s][info][gc,phases      ] GC(1069) Phase 3: Adjust pointers 92.618ms
[466.193s][info][gc,phases,start] GC(1069) Phase 4: Compact heap
[466.220s][info][gc,phases      ] GC(1069) Phase 4: Compact heap 27.171ms
[466.224s][info][gc,heap        ] GC(1069) Eden regions: 0->0(25)
[466.224s][info][gc,heap        ] GC(1069) Survivor regions: 0->0(4)
[466.224s][info][gc,heap        ] GC(1069) Old regions: 491->491
[466.224s][info][gc,heap        ] GC(1069) Archive regions: 2->2
[466.224s][info][gc,heap        ] GC(1069) Humongous regions: 11->11
[466.224s][info][gc,metaspace   ] GC(1069) Metaspace: 48650K(50128K)->48650K(50128K) NonClass: 42817K(43856K)->42817K(43856K) Class: 5833K(6272K)->5833K(6272K)
[466.224s][info][gc             ] GC(1069) Pause Full (G1 Humongous Allocation) 500M->500M(512M) 428.509ms
[466.225s][info][gc,cpu         ] GC(1069) User=2.52s Sys=0.06s Real=0.43s
[466.225s][info][gc,marking     ] GC(1066) Concurrent Mark From Roots 843.472ms
[466.225s][info][gc,marking     ] GC(1066) Concurrent Mark Abort
[466.225s][info][gc             ] GC(1066) Concurrent Cycle 844.201ms
[466.227s][info][gc,start       ] GC(1070) Pause Young (Normal) (G1 Humongous Allocation)
[466.227s][info][gc,task        ] GC(1070) Using 8 workers of 8 for evacuation
[466.228s][info][gc,phases      ] GC(1070)   Pre Evacuate Collection Set: 0.1ms
[466.228s][info][gc,phases      ] GC(1070)   Merge Heap Roots: 0.0ms
[466.228s][info][gc,phases      ] GC(1070)   Evacuate Collection Set: 0.3ms
[466.228s][info][gc,phases      ] GC(1070)   Post Evacuate Collection Set: 0.3ms
[466.228s][info][gc,phases      ] GC(1070)   Other: 0.1ms
[466.228s][info][gc,heap        ] GC(1070) Eden regions: 1->0(24)
[466.228s][info][gc,heap        ] GC(1070) Survivor regions: 0->1(4)
[466.228s][info][gc,heap        ] GC(1070) Old regions: 491->491
[466.228s][info][gc,heap        ] GC(1070) Archive regions: 2->2
[466.228s][info][gc,heap        ] GC(1070) Humongous regions: 11->11
[466.228s][info][gc,metaspace   ] GC(1070) Metaspace: 48653K(50128K)->48653K(50128K) NonClass: 42819K(43856K)->42819K(43856K) Class: 5834K(6272K)->5834K(6272K)
[466.228s][info][gc             ] GC(1070) Pause Young (Normal) (G1 Humongous Allocation) 500M->500M(512M) 0.862ms
[466.228s][info][gc,cpu         ] GC(1070) User=0.00s Sys=0.00s Real=0.00s
[466.228s][info][gc,task        ] GC(1071) Using 8 workers of 8 for full compaction
[466.228s][info][gc,start       ] GC(1071) Pause Full (G1 Humongous Allocation)
[466.228s][info][gc,phases,start] GC(1071) Phase 1: Mark live objects
[466.500s][info][gc,phases      ] GC(1071) Phase 1: Mark live objects 272.036ms
[466.500s][info][gc,phases,start] GC(1071) Phase 2: Prepare for compaction
[466.536s][info][gc,phases      ] GC(1071) Phase 2: Prepare for compaction 35.294ms
[466.536s][info][gc,phases,start] GC(1071) Phase 3: Adjust pointers
[466.618s][info][gc,phases      ] GC(1071) Phase 3: Adjust pointers 82.641ms
[466.618s][info][gc,phases,start] GC(1071) Phase 4: Compact heap
[466.646s][info][gc,phases      ] GC(1071) Phase 4: Compact heap 27.578ms
[466.649s][info][gc,heap        ] GC(1071) Eden regions: 0->0(25)
[466.649s][info][gc,heap        ] GC(1071) Survivor regions: 1->0(4)
[466.649s][info][gc,heap        ] GC(1071) Old regions: 491->491
[466.649s][info][gc,heap        ] GC(1071) Archive regions: 2->2
[466.649s][info][gc,heap        ] GC(1071) Humongous regions: 11->11
[466.649s][info][gc,metaspace   ] GC(1071) Metaspace: 48653K(50128K)->48653K(50128K) NonClass: 42819K(43856K)->42819K(43856K) Class: 5834K(6272K)->5834K(6272K)
[466.649s][info][gc             ] GC(1071) Pause Full (G1 Humongous Allocation) 500M->500M(512M) 421.115ms
[466.651s][info][gc,cpu         ] GC(1071) User=2.51s Sys=0.06s Real=0.42s
[466.651s][info][gc,task        ] GC(1072) Using 8 workers of 8 for full compaction
[466.651s][info][gc,start       ] GC(1072) Pause Full (G1 Humongous Allocation)
[466.651s][info][gc,phases,start] GC(1072) Phase 1: Mark live objects
[466.924s][info][gc,phases      ] GC(1072) Phase 1: Mark live objects 273.036ms
[466.924s][info][gc,phases,start] GC(1072) Phase 2: Prepare for compaction
[466.960s][info][gc,phases      ] GC(1072) Phase 2: Prepare for compaction 35.171ms
[466.960s][info][gc,phases,start] GC(1072) Phase 3: Adjust pointers
[467.055s][info][gc,phases      ] GC(1072) Phase 3: Adjust pointers 95.644ms
[467.055s][info][gc,phases,start] GC(1072) Phase 4: Compact heap
[467.090s][info][gc,phases      ] GC(1072) Phase 4: Compact heap 34.579ms
[467.093s][info][gc,heap        ] GC(1072) Eden regions: 0->0(25)
[467.093s][info][gc,heap        ] GC(1072) Survivor regions: 0->0(4)
[467.093s][info][gc,heap        ] GC(1072) Old regions: 491->491
[467.093s][info][gc,heap        ] GC(1072) Archive regions: 2->2
[467.093s][info][gc,heap        ] GC(1072) Humongous regions: 11->11
[467.093s][info][gc,metaspace   ] GC(1072) Metaspace: 48653K(50128K)->48653K(50128K) NonClass: 42819K(43856K)->42819K(43856K) Class: 5834K(6272K)->5834K(6272K)
[467.093s][info][gc             ] GC(1072) Pause Full (G1 Humongous Allocation) 500M->500M(512M) 442.179ms
[467.096s][info][gc,cpu         ] GC(1072) User=2.52s Sys=0.05s Real=0.44s
[467.097s][info][gc,start       ] GC(1073) Pause Young (Concurrent Start) (G1 Humongous Allocation)
[467.097s][info][gc,task        ] GC(1073) Using 8 workers of 8 for evacuation
[467.099s][info][gc,phases      ] GC(1073)   Pre Evacuate Collection Set: 0.1ms
[467.099s][info][gc,phases      ] GC(1073)   Merge Heap Roots: 0.1ms
[467.099s][info][gc,phases      ] GC(1073)   Evacuate Collection Set: 0.7ms
[467.099s][info][gc,phases      ] GC(1073)   Post Evacuate Collection Set: 0.2ms
[467.099s][info][gc,phases      ] GC(1073)   Other: 0.2ms
[467.099s][info][gc,heap        ] GC(1073) Eden regions: 1->0(24)
[467.099s][info][gc,heap        ] GC(1073) Survivor regions: 0->1(4)
[467.099s][info][gc,heap        ] GC(1073) Old regions: 491->491
[467.099s][info][gc,heap        ] GC(1073) Archive regions: 2->2
[467.099s][info][gc,heap        ] GC(1073) Humongous regions: 11->11
[467.099s][info][gc,metaspace   ] GC(1073) Metaspace: 48654K(50128K)->48654K(50128K) NonClass: 42820K(43856K)->42820K(43856K) Class: 5834K(6272K)->5834K(6272K)
[467.099s][info][gc             ] GC(1073) Pause Young (Concurrent Start) (G1 Humongous Allocation) 501M->500M(512M) 1.424ms
[467.099s][info][gc,cpu         ] GC(1073) User=0.01s Sys=0.00s Real=0.00s
[467.099s][info][gc             ] GC(1074) Concurrent Cycle
[467.099s][info][gc,marking     ] GC(1074) Concurrent Clear Claimed Marks
[467.099s][info][gc,marking     ] GC(1074) Concurrent Clear Claimed Marks 0.041ms
[467.099s][info][gc,marking     ] GC(1074) Concurrent Scan Root Regions
[467.100s][info][gc,marking     ] GC(1074) Concurrent Scan Root Regions 0.590ms
[467.100s][info][gc,marking     ] GC(1074) Concurrent Mark (467.100s)
[467.100s][info][gc,start       ] GC(1075) Pause Young (Normal) (G1 Humongous Allocation)
[467.100s][info][gc,marking     ] GC(1074) Concurrent Mark From Roots
[467.100s][info][gc,task        ] GC(1075) Using 8 workers of 8 for evacuation
[467.100s][info][gc,task        ] GC(1074) Using 2 workers of 2 for marking
[467.100s][info][gc,phases      ] GC(1075)   Pre Evacuate Collection Set: 0.4ms
[467.100s][info][gc,phases      ] GC(1075)   Merge Heap Roots: 0.0ms
[467.100s][info][gc,phases      ] GC(1075)   Evacuate Collection Set: 0.3ms
[467.100s][info][gc,phases      ] GC(1075)   Post Evacuate Collection Set: 0.2ms
[467.100s][info][gc,phases      ] GC(1075)   Other: 0.2ms
[467.100s][info][gc,heap        ] GC(1075) Eden regions: 1->0(24)
[467.100s][info][gc,heap        ] GC(1075) Survivor regions: 1->1(4)
[467.100s][info][gc,heap        ] GC(1075) Old regions: 491->491
[467.100s][info][gc,heap        ] GC(1075) Archive regions: 2->2
[467.100s][info][gc,heap        ] GC(1075) Humongous regions: 11->11
[467.100s][info][gc,metaspace   ] GC(1075) Metaspace: 48654K(50128K)->48654K(50128K) NonClass: 42820K(43856K)->42820K(43856K) Class: 5834K(6272K)->5834K(6272K)
[467.100s][info][gc             ] GC(1075) Pause Young (Normal) (G1 Humongous Allocation) 501M->500M(512M) 0.811ms
[467.100s][info][gc,cpu         ] GC(1075) User=0.00s Sys=0.00s Real=0.00s
[467.100s][info][gc,task        ] GC(1076) Using 8 workers of 8 for full compaction
[467.100s][info][gc,start       ] GC(1076) Pause Full (G1 Humongous Allocation)
[467.101s][info][gc,phases,start] GC(1076) Phase 1: Mark live objects
[467.369s][info][gc,phases      ] GC(1076) Phase 1: Mark live objects 267.863ms
[467.369s][info][gc,phases,start] GC(1076) Phase 2: Prepare for compaction
[467.405s][info][gc,phases      ] GC(1076) Phase 2: Prepare for compaction 35.497ms
[467.405s][info][gc,phases,start] GC(1076) Phase 3: Adjust pointers
[467.491s][info][gc,phases      ] GC(1076) Phase 3: Adjust pointers 86.446ms
[467.491s][info][gc,phases,start] GC(1076) Phase 4: Compact heap
[467.528s][info][gc,phases      ] GC(1076) Phase 4: Compact heap 36.858ms
[467.531s][info][gc,heap        ] GC(1076) Eden regions: 0->0(25)
[467.531s][info][gc,heap        ] GC(1076) Survivor regions: 1->0(4)
[467.531s][info][gc,heap        ] GC(1076) Old regions: 491->491
[467.531s][info][gc,heap        ] GC(1076) Archive regions: 2->2
[467.531s][info][gc,heap        ] GC(1076) Humongous regions: 11->11
[467.532s][info][gc,metaspace   ] GC(1076) Metaspace: 48654K(50128K)->48654K(50128K) NonClass: 42820K(43856K)->42820K(43856K) Class: 5834K(6272K)->5834K(6272K)
[467.532s][info][gc             ] GC(1076) Pause Full (G1 Humongous Allocation) 500M->500M(512M) 431.030ms
[467.534s][info][gc,cpu         ] GC(1076) User=2.53s Sys=0.05s Real=0.43s
[467.534s][info][gc,task        ] GC(1077) Using 8 workers of 8 for full compaction
[467.534s][info][gc,start       ] GC(1077) Pause Full (G1 Humongous Allocation)
[467.534s][info][gc,phases,start] GC(1077) Phase 1: Mark live objects
[467.797s][info][gc,phases      ] GC(1077) Phase 1: Mark live objects 263.146ms
[467.797s][info][gc,phases,start] GC(1077) Phase 2: Prepare for compaction
[467.831s][info][gc,phases      ] GC(1077) Phase 2: Prepare for compaction 33.657ms
[467.831s][info][gc,phases,start] GC(1077) Phase 3: Adjust pointers
[467.932s][info][gc,phases      ] GC(1077) Phase 3: Adjust pointers 100.918ms
[467.932s][info][gc,phases,start] GC(1077) Phase 4: Compact heap
[467.967s][info][gc,phases      ] GC(1077) Phase 4: Compact heap 35.275ms
[467.971s][info][gc,heap        ] GC(1077) Eden regions: 0->0(25)
[467.971s][info][gc,heap        ] GC(1077) Survivor regions: 0->0(4)
[467.971s][info][gc,heap        ] GC(1077) Old regions: 491->491
[467.971s][info][gc,heap        ] GC(1077) Archive regions: 2->2
[467.971s][info][gc,heap        ] GC(1077) Humongous regions: 11->11
[467.971s][info][gc,metaspace   ] GC(1077) Metaspace: 48654K(50128K)->48654K(50128K) NonClass: 42820K(43856K)->42820K(43856K) Class: 5834K(6272K)->5834K(6272K)
[467.971s][info][gc             ] GC(1077) Pause Full (G1 Humongous Allocation) 500M->500M(512M) 437.192ms
[467.973s][info][gc,cpu         ] GC(1077) User=2.54s Sys=0.04s Real=0.44s
[467.973s][info][gc,marking     ] GC(1074) Concurrent Mark From Roots 873.131ms
[467.973s][info][gc,marking     ] GC(1074) Concurrent Mark Abort
[467.973s][info][gc             ] GC(1074) Concurrent Cycle 873.898ms
[467.975s][info][gc,start       ] GC(1078) Pause Young (Normal) (G1 Humongous Allocation)
[467.975s][info][gc,task        ] GC(1078) Using 8 workers of 8 for evacuation
[467.975s][info][gc,phases      ] GC(1078)   Pre Evacuate Collection Set: 0.1ms
[467.975s][info][gc,phases      ] GC(1078)   Merge Heap Roots: 0.0ms
[467.975s][info][gc,phases      ] GC(1078)   Evacuate Collection Set: 0.3ms
[467.975s][info][gc,phases      ] GC(1078)   Post Evacuate Collection Set: 0.2ms
[467.975s][info][gc,phases      ] GC(1078)   Other: 0.2ms
[467.975s][info][gc,heap        ] GC(1078) Eden regions: 1->0(24)
[467.975s][info][gc,heap        ] GC(1078) Survivor regions: 0->1(4)
[467.975s][info][gc,heap        ] GC(1078) Old regions: 491->491
[467.975s][info][gc,heap        ] GC(1078) Archive regions: 2->2
[467.975s][info][gc,heap        ] GC(1078) Humongous regions: 11->11
[467.975s][info][gc,metaspace   ] GC(1078) Metaspace: 48654K(50128K)->48654K(50128K) NonClass: 42820K(43856K)->42820K(43856K) Class: 5834K(6272K)->5834K(6272K)
[467.976s][info][gc             ] GC(1078) Pause Young (Normal) (G1 Humongous Allocation) 501M->500M(512M) 0.972ms
[467.976s][info][gc,cpu         ] GC(1078) User=0.00s Sys=0.00s Real=0.00s
[467.976s][info][gc,task        ] GC(1079) Using 8 workers of 8 for full compaction
[467.976s][info][gc,start       ] GC(1079) Pause Full (G1 Humongous Allocation)
[467.976s][info][gc,phases,start] GC(1079) Phase 1: Mark live objects
[468.245s][info][gc,phases      ] GC(1079) Phase 1: Mark live objects 269.211ms
[468.245s][info][gc,phases,start] GC(1079) Phase 2: Prepare for compaction
[468.281s][info][gc,phases      ] GC(1079) Phase 2: Prepare for compaction 35.627ms
[468.281s][info][gc,phases,start] GC(1079) Phase 3: Adjust pointers
[468.369s][info][gc,phases      ] GC(1079) Phase 3: Adjust pointers 88.160ms
[468.369s][info][gc,phases,start] GC(1079) Phase 4: Compact heap
[468.406s][info][gc,phases      ] GC(1079) Phase 4: Compact heap 36.767ms
[468.410s][info][gc,heap        ] GC(1079) Eden regions: 0->0(25)
[468.410s][info][gc,heap        ] GC(1079) Survivor regions: 1->0(4)
[468.410s][info][gc,heap        ] GC(1079) Old regions: 491->491
[468.410s][info][gc,heap        ] GC(1079) Archive regions: 2->2
[468.410s][info][gc,heap        ] GC(1079) Humongous regions: 11->11
[468.410s][info][gc,metaspace   ] GC(1079) Metaspace: 48654K(50128K)->48654K(50128K) NonClass: 42820K(43856K)->42820K(43856K) Class: 5834K(6272K)->5834K(6272K)
[468.410s][info][gc             ] GC(1079) Pause Full (G1 Humongous Allocation) 500M->500M(512M) 434.586ms
[468.412s][info][gc,cpu         ] GC(1079) User=2.53s Sys=0.05s Real=0.44s
[468.412s][info][gc,task        ] GC(1080) Using 8 workers of 8 for full compaction
[468.412s][info][gc,start       ] GC(1080) Pause Full (G1 Humongous Allocation)
[468.412s][info][gc,phases,start] GC(1080) Phase 1: Mark live objects
[468.672s][info][gc,phases      ] GC(1080) Phase 1: Mark live objects 259.516ms
[468.672s][info][gc,phases,start] GC(1080) Phase 2: Prepare for compaction
[468.708s][info][gc,phases      ] GC(1080) Phase 2: Prepare for compaction 36.852ms
[468.708s][info][gc,phases,start] GC(1080) Phase 3: Adjust pointers
[468.791s][info][gc,phases      ] GC(1080) Phase 3: Adjust pointers 82.526ms
[468.791s][info][gc,phases,start] GC(1080) Phase 4: Compact heap
[468.823s][info][gc,phases      ] GC(1080) Phase 4: Compact heap 31.607ms
[468.826s][info][gc,heap        ] GC(1080) Eden regions: 0->0(25)
[468.826s][info][gc,heap        ] GC(1080) Survivor regions: 0->0(4)
[468.826s][info][gc,heap        ] GC(1080) Old regions: 491->491
[468.826s][info][gc,heap        ] GC(1080) Archive regions: 2->2
[468.826s][info][gc,heap        ] GC(1080) Humongous regions: 11->11
[468.826s][info][gc,metaspace   ] GC(1080) Metaspace: 48654K(50128K)->48654K(50128K) NonClass: 42820K(43856K)->42820K(43856K) Class: 5834K(6272K)->5834K(6272K)
[468.826s][info][gc             ] GC(1080) Pause Full (G1 Humongous Allocation) 500M->500M(512M) 414.192ms
[468.828s][info][gc,cpu         ] GC(1080) User=2.51s Sys=0.06s Real=0.42s
[468.830s][info][gc,start       ] GC(1081) Pause Young (Concurrent Start) (G1 Humongous Allocation)
[468.830s][info][gc,task        ] GC(1081) Using 8 workers of 8 for evacuation
[468.831s][info][gc,phases      ] GC(1081)   Pre Evacuate Collection Set: 0.1ms
[468.831s][info][gc,phases      ] GC(1081)   Merge Heap Roots: 0.0ms
[468.831s][info][gc,phases      ] GC(1081)   Evacuate Collection Set: 0.8ms
[468.831s][info][gc,phases      ] GC(1081)   Post Evacuate Collection Set: 0.7ms
[468.831s][info][gc,phases      ] GC(1081)   Other: 0.2ms
[468.831s][info][gc,heap        ] GC(1081) Eden regions: 1->0(24)
[468.831s][info][gc,heap        ] GC(1081) Survivor regions: 0->1(4)
[468.831s][info][gc,heap        ] GC(1081) Old regions: 491->491
[468.831s][info][gc,heap        ] GC(1081) Archive regions: 2->2
[468.831s][info][gc,heap        ] GC(1081) Humongous regions: 11->11
[468.831s][info][gc,metaspace   ] GC(1081) Metaspace: 48655K(50128K)->48655K(50128K) NonClass: 42821K(43856K)->42821K(43856K) Class: 5834K(6272K)->5834K(6272K)
[468.831s][info][gc             ] GC(1081) Pause Young (Concurrent Start) (G1 Humongous Allocation) 501M->500M(512M) 1.910ms
[468.832s][info][gc,cpu         ] GC(1081) User=0.00s Sys=0.00s Real=0.00s
[468.832s][info][gc             ] GC(1083) Concurrent Cycle
[468.832s][info][gc,task        ] GC(1082) Using 8 workers of 8 for full compaction
[468.832s][info][gc,marking     ] GC(1083) Concurrent Clear Claimed Marks
[468.832s][info][gc,start       ] GC(1082) Pause Full (G1 Humongous Allocation)
[468.832s][info][gc,marking     ] GC(1083) Concurrent Clear Claimed Marks 0.091ms
[468.832s][info][gc,marking     ] GC(1083) Concurrent Scan Root Regions
[468.832s][info][gc,marking     ] GC(1083) Concurrent Scan Root Regions 0.040ms
[468.832s][info][gc,marking     ] GC(1083) Concurrent Mark (468.832s)
[468.832s][info][gc,marking     ] GC(1083) Concurrent Mark From Roots
[468.832s][info][gc,task        ] GC(1083) Using 2 workers of 2 for marking
[468.833s][info][gc,phases,start] GC(1082) Phase 1: Mark live objects
[469.127s][info][gc,phases      ] GC(1082) Phase 1: Mark live objects 294.835ms
[469.127s][info][gc,phases,start] GC(1082) Phase 2: Prepare for compaction
[469.165s][info][gc,phases      ] GC(1082) Phase 2: Prepare for compaction 37.841ms
[469.165s][info][gc,phases,start] GC(1082) Phase 3: Adjust pointers
[469.245s][info][gc,phases      ] GC(1082) Phase 3: Adjust pointers 79.904ms
[469.245s][info][gc,phases,start] GC(1082) Phase 4: Compact heap
[469.275s][info][gc,phases      ] GC(1082) Phase 4: Compact heap 29.953ms
[469.280s][info][gc,heap        ] GC(1082) Eden regions: 0->0(25)
[469.280s][info][gc,heap        ] GC(1082) Survivor regions: 1->0(4)
[469.280s][info][gc,heap        ] GC(1082) Old regions: 491->491
[469.280s][info][gc,heap        ] GC(1082) Archive regions: 2->2
[469.280s][info][gc,heap        ] GC(1082) Humongous regions: 11->11
[469.280s][info][gc,metaspace   ] GC(1082) Metaspace: 48655K(50128K)->48655K(50128K) NonClass: 42821K(43856K)->42821K(43856K) Class: 5834K(6272K)->5834K(6272K)
[469.280s][info][gc             ] GC(1082) Pause Full (G1 Humongous Allocation) 500M->500M(512M) 448.093ms
[469.281s][info][gc,cpu         ] GC(1082) User=2.51s Sys=0.05s Real=0.45s
[469.281s][info][gc,task        ] GC(1084) Using 8 workers of 8 for full compaction
[469.281s][info][gc,start       ] GC(1084) Pause Full (G1 Humongous Allocation)
[469.281s][info][gc,phases,start] GC(1084) Phase 1: Mark live objects
[469.549s][info][gc,phases      ] GC(1084) Phase 1: Mark live objects 268.307ms
[469.550s][info][gc,phases,start] GC(1084) Phase 2: Prepare for compaction
[469.584s][info][gc,phases      ] GC(1084) Phase 2: Prepare for compaction 34.783ms
[469.584s][info][gc,phases,start] GC(1084) Phase 3: Adjust pointers
[469.670s][info][gc,phases      ] GC(1084) Phase 3: Adjust pointers 85.654ms
[469.670s][info][gc,phases,start] GC(1084) Phase 4: Compact heap
[469.708s][info][gc,phases      ] GC(1084) Phase 4: Compact heap 37.533ms
[469.713s][info][gc,heap        ] GC(1084) Eden regions: 0->0(25)
[469.713s][info][gc,heap        ] GC(1084) Survivor regions: 0->0(4)
[469.713s][info][gc,heap        ] GC(1084) Old regions: 491->491
[469.713s][info][gc,heap        ] GC(1084) Archive regions: 2->2
[469.713s][info][gc,heap        ] GC(1084) Humongous regions: 11->11
[469.713s][info][gc,metaspace   ] GC(1084) Metaspace: 48655K(50128K)->48655K(50128K) NonClass: 42821K(43856K)->42821K(43856K) Class: 5834K(6272K)->5834K(6272K)
[469.713s][info][gc             ] GC(1084) Pause Full (G1 Humongous Allocation) 500M->500M(512M) 431.670ms
[469.716s][info][gc,cpu         ] GC(1084) User=2.52s Sys=0.09s Real=0.44s
[469.716s][info][gc,marking     ] GC(1083) Concurrent Mark From Roots 884.640ms
[469.717s][info][gc,marking     ] GC(1083) Concurrent Mark Abort
[469.717s][info][gc             ] GC(1083) Concurrent Cycle 885.054ms
[469.719s][info][gc,start       ] GC(1085) Pause Young (Concurrent Start) (G1 Humongous Allocation)
[469.719s][info][gc,task        ] GC(1085) Using 8 workers of 8 for evacuation
[469.721s][info][gc,phases      ] GC(1085)   Pre Evacuate Collection Set: 0.1ms
[469.721s][info][gc,phases      ] GC(1085)   Merge Heap Roots: 0.1ms
[469.721s][info][gc,phases      ] GC(1085)   Evacuate Collection Set: 1.6ms
[469.721s][info][gc,phases      ] GC(1085)   Post Evacuate Collection Set: 0.4ms
[469.721s][info][gc,phases      ] GC(1085)   Other: 0.2ms
[469.721s][info][gc,heap        ] GC(1085) Eden regions: 1->0(24)
[469.721s][info][gc,heap        ] GC(1085) Survivor regions: 0->1(4)
[469.721s][info][gc,heap        ] GC(1085) Old regions: 491->491
[469.721s][info][gc,heap        ] GC(1085) Archive regions: 2->2
[469.721s][info][gc,heap        ] GC(1085) Humongous regions: 11->11
[469.721s][info][gc,metaspace   ] GC(1085) Metaspace: 48655K(50128K)->48655K(50128K) NonClass: 42821K(43856K)->42821K(43856K) Class: 5834K(6272K)->5834K(6272K)
[469.721s][info][gc             ] GC(1085) Pause Young (Concurrent Start) (G1 Humongous Allocation) 501M->500M(512M) 2.724ms
[469.721s][info][gc,cpu         ] GC(1085) User=0.01s Sys=0.01s Real=0.00s
[469.721s][info][gc             ] GC(1086) Concurrent Cycle
[469.721s][info][gc,marking     ] GC(1086) Concurrent Clear Claimed Marks
[469.721s][info][gc,marking     ] GC(1086) Concurrent Clear Claimed Marks 0.072ms
[469.721s][info][gc,marking     ] GC(1086) Concurrent Scan Root Regions
[469.722s][info][gc,marking     ] GC(1086) Concurrent Scan Root Regions 0.867ms
[469.722s][info][gc,marking     ] GC(1086) Concurrent Mark (469.722s)
[469.722s][info][gc,marking     ] GC(1086) Concurrent Mark From Roots
[469.722s][info][gc,task        ] GC(1086) Using 2 workers of 2 for marking
[469.723s][info][gc,start       ] GC(1087) Pause Young (Normal) (G1 Humongous Allocation)
[469.723s][info][gc,task        ] GC(1087) Using 8 workers of 8 for evacuation
[469.724s][info][gc,phases      ] GC(1087)   Pre Evacuate Collection Set: 0.2ms
[469.724s][info][gc,phases      ] GC(1087)   Merge Heap Roots: 0.0ms
[469.724s][info][gc,phases      ] GC(1087)   Evacuate Collection Set: 1.0ms
[469.725s][info][gc,phases      ] GC(1087)   Post Evacuate Collection Set: 0.3ms
[469.725s][info][gc,phases      ] GC(1087)   Other: 0.2ms
[469.725s][info][gc,heap        ] GC(1087) Eden regions: 0->0(24)
[469.725s][info][gc,heap        ] GC(1087) Survivor regions: 1->1(4)
[469.725s][info][gc,heap        ] GC(1087) Old regions: 491->491
[469.725s][info][gc,heap        ] GC(1087) Archive regions: 2->2
[469.725s][info][gc,heap        ] GC(1087) Humongous regions: 11->11
[469.725s][info][gc,metaspace   ] GC(1087) Metaspace: 48655K(50128K)->48655K(50128K) NonClass: 42821K(43856K)->42821K(43856K) Class: 5834K(6272K)->5834K(6272K)
[469.725s][info][gc             ] GC(1087) Pause Young (Normal) (G1 Humongous Allocation) 500M->500M(512M) 1.767ms
[469.725s][info][gc,cpu         ] GC(1087) User=0.01s Sys=0.00s Real=0.00s
[469.725s][info][gc,task        ] GC(1088) Using 8 workers of 8 for full compaction
[469.725s][info][gc,start       ] GC(1088) Pause Full (G1 Humongous Allocation)
[469.725s][info][gc,phases,start] GC(1088) Phase 1: Mark live objects
[470.012s][info][gc,phases      ] GC(1088) Phase 1: Mark live objects 286.595ms
[470.012s][info][gc,phases,start] GC(1088) Phase 2: Prepare for compaction
[470.053s][info][gc,phases      ] GC(1088) Phase 2: Prepare for compaction 40.714ms
[470.053s][info][gc,phases,start] GC(1088) Phase 3: Adjust pointers
[470.136s][info][gc,phases      ] GC(1088) Phase 3: Adjust pointers 82.786ms
[470.136s][info][gc,phases,start] GC(1088) Phase 4: Compact heap
[470.169s][info][gc,phases      ] GC(1088) Phase 4: Compact heap 33.618ms
[470.173s][info][gc,heap        ] GC(1088) Eden regions: 0->0(25)
[470.173s][info][gc,heap        ] GC(1088) Survivor regions: 1->0(4)
[470.173s][info][gc,heap        ] GC(1088) Old regions: 491->491
[470.173s][info][gc,heap        ] GC(1088) Archive regions: 2->2
[470.173s][info][gc,heap        ] GC(1088) Humongous regions: 11->11
[470.173s][info][gc,metaspace   ] GC(1088) Metaspace: 48655K(50128K)->48655K(50128K) NonClass: 42821K(43856K)->42821K(43856K) Class: 5834K(6272K)->5834K(6272K)
[470.173s][info][gc             ] GC(1088) Pause Full (G1 Humongous Allocation) 500M->500M(512M) 448.246ms
[470.175s][info][gc,cpu         ] GC(1088) User=2.51s Sys=0.04s Real=0.45s
[470.175s][info][gc,task        ] GC(1089) Using 8 workers of 8 for full compaction
[470.175s][info][gc,start       ] GC(1089) Pause Full (G1 Humongous Allocation)
[470.176s][info][gc,phases,start] GC(1089) Phase 1: Mark live objects
[470.438s][info][gc,phases      ] GC(1089) Phase 1: Mark live objects 262.305ms
[470.438s][info][gc,phases,start] GC(1089) Phase 2: Prepare for compaction
[470.473s][info][gc,phases      ] GC(1089) Phase 2: Prepare for compaction 35.298ms
[470.473s][info][gc,phases,start] GC(1089) Phase 3: Adjust pointers
[470.552s][info][gc,phases      ] GC(1089) Phase 3: Adjust pointers 79.004ms
[470.552s][info][gc,phases,start] GC(1089) Phase 4: Compact heap
[470.583s][info][gc,phases      ] GC(1089) Phase 4: Compact heap 31.096ms
[470.587s][info][gc,heap        ] GC(1089) Eden regions: 0->0(25)
[470.587s][info][gc,heap        ] GC(1089) Survivor regions: 0->0(4)
[470.587s][info][gc,heap        ] GC(1089) Old regions: 491->490
[470.587s][info][gc,heap        ] GC(1089) Archive regions: 2->2
[470.587s][info][gc,heap        ] GC(1089) Humongous regions: 11->11
[470.587s][info][gc,metaspace   ] GC(1089) Metaspace: 48655K(50128K)->48655K(50128K) NonClass: 42821K(43856K)->42821K(43856K) Class: 5834K(6272K)->5834K(6272K)
[470.587s][info][gc             ] GC(1089) Pause Full (G1 Humongous Allocation) 500M->500M(512M) 411.623ms
[470.588s][info][gc,cpu         ] GC(1089) User=2.51s Sys=0.07s Real=0.42s
[470.588s][info][gc,marking     ] GC(1086) Concurrent Mark From Roots 865.998ms
[470.589s][info][gc,marking     ] GC(1086) Concurrent Mark Abort
[470.589s][info][gc             ] GC(1086) Concurrent Cycle 868.092ms
[470.590s][info][gc,start       ] GC(1090) Pause Young (Normal) (G1 Humongous Allocation)
[470.590s][info][gc,task        ] GC(1090) Using 8 workers of 8 for evacuation
[470.590s][info][gc,phases      ] GC(1090)   Pre Evacuate Collection Set: 0.1ms
[470.590s][info][gc,phases      ] GC(1090)   Merge Heap Roots: 0.0ms
[470.590s][info][gc,phases      ] GC(1090)   Evacuate Collection Set: 0.2ms
[470.590s][info][gc,phases      ] GC(1090)   Post Evacuate Collection Set: 0.2ms
[470.590s][info][gc,phases      ] GC(1090)   Other: 0.1ms
[470.590s][info][gc,heap        ] GC(1090) Eden regions: 0->0(25)
[470.590s][info][gc,heap        ] GC(1090) Survivor regions: 0->0(4)
[470.590s][info][gc,heap        ] GC(1090) Old regions: 490->490
[470.590s][info][gc,heap        ] GC(1090) Archive regions: 2->2
[470.590s][info][gc,heap        ] GC(1090) Humongous regions: 11->11
[470.590s][info][gc,metaspace   ] GC(1090) Metaspace: 48655K(50128K)->48655K(50128K) NonClass: 42821K(43856K)->42821K(43856K) Class: 5834K(6272K)->5834K(6272K)
[470.591s][info][gc             ] GC(1090) Pause Young (Normal) (G1 Humongous Allocation) 500M->500M(512M) 0.912ms
[470.591s][info][gc,cpu         ] GC(1090) User=0.00s Sys=0.00s Real=0.00s
[470.591s][info][gc,task        ] GC(1091) Using 8 workers of 8 for full compaction
[470.591s][info][gc,start       ] GC(1091) Pause Full (G1 Humongous Allocation)
[470.591s][info][gc,phases,start] GC(1091) Phase 1: Mark live objects
[470.856s][info][gc,phases      ] GC(1091) Phase 1: Mark live objects 265.021ms
[470.856s][info][gc,phases,start] GC(1091) Phase 2: Prepare for compaction
[470.899s][info][gc,phases      ] GC(1091) Phase 2: Prepare for compaction 42.990ms
[470.899s][info][gc,phases,start] GC(1091) Phase 3: Adjust pointers
[470.985s][info][gc,phases      ] GC(1091) Phase 3: Adjust pointers 86.362ms
[470.985s][info][gc,phases,start] GC(1091) Phase 4: Compact heap
[471.017s][info][gc,phases      ] GC(1091) Phase 4: Compact heap 31.771ms
[471.023s][info][gc,heap        ] GC(1091) Eden regions: 0->0(25)
[471.023s][info][gc,heap        ] GC(1091) Survivor regions: 0->0(4)
[471.023s][info][gc,heap        ] GC(1091) Old regions: 490->490
[471.023s][info][gc,heap        ] GC(1091) Archive regions: 2->2
[471.023s][info][gc,heap        ] GC(1091) Humongous regions: 11->11
[471.023s][info][gc,metaspace   ] GC(1091) Metaspace: 48655K(50128K)->48655K(50128K) NonClass: 42821K(43856K)->42821K(43856K) Class: 5834K(6272K)->5834K(6272K)
[471.023s][info][gc             ] GC(1091) Pause Full (G1 Humongous Allocation) 500M->500M(512M) 432.224ms
[471.026s][info][gc,cpu         ] GC(1091) User=2.55s Sys=0.05s Real=0.43s
[471.026s][info][gc,task        ] GC(1092) Using 8 workers of 8 for full compaction
[471.026s][info][gc,start       ] GC(1092) Pause Full (G1 Humongous Allocation)
[471.026s][info][gc,phases,start] GC(1092) Phase 1: Mark live objects
[471.314s][info][gc,phases      ] GC(1092) Phase 1: Mark live objects 288.790ms
[471.314s][info][gc,phases,start] GC(1092) Phase 2: Prepare for compaction
[471.351s][info][gc,phases      ] GC(1092) Phase 2: Prepare for compaction 36.614ms
[471.351s][info][gc,phases,start] GC(1092) Phase 3: Adjust pointers
[471.434s][info][gc,phases      ] GC(1092) Phase 3: Adjust pointers 83.214ms
[471.434s][info][gc,phases,start] GC(1092) Phase 4: Compact heap
[471.468s][info][gc,phases      ] GC(1092) Phase 4: Compact heap 33.066ms
[471.471s][info][gc,heap        ] GC(1092) Eden regions: 0->0(25)
[471.471s][info][gc,heap        ] GC(1092) Survivor regions: 0->0(4)
[471.471s][info][gc,heap        ] GC(1092) Old regions: 490->490
[471.471s][info][gc,heap        ] GC(1092) Archive regions: 2->2
[471.471s][info][gc,heap        ] GC(1092) Humongous regions: 11->11
[471.471s][info][gc,metaspace   ] GC(1092) Metaspace: 48655K(50128K)->48655K(50128K) NonClass: 42821K(43856K)->42821K(43856K) Class: 5834K(6272K)->5834K(6272K)
[471.471s][info][gc             ] GC(1092) Pause Full (G1 Humongous Allocation) 500M->500M(512M) 445.325ms
[471.473s][info][gc,cpu         ] GC(1092) User=2.51s Sys=0.08s Real=0.45s
[471.483s][info][gc,start       ] GC(1093) Pause Young (Concurrent Start) (G1 Humongous Allocation)
[471.483s][info][gc,task        ] GC(1093) Using 8 workers of 8 for evacuation
[471.484s][info][gc,phases      ] GC(1093)   Pre Evacuate Collection Set: 0.1ms
[471.485s][info][gc,phases      ] GC(1093)   Merge Heap Roots: 0.0ms
[471.485s][info][gc,phases      ] GC(1093)   Evacuate Collection Set: 0.8ms
[471.485s][info][gc,phases      ] GC(1093)   Post Evacuate Collection Set: 0.4ms
[471.485s][info][gc,phases      ] GC(1093)   Other: 0.2ms
[471.485s][info][gc,heap        ] GC(1093) Eden regions: 1->0(24)
[471.485s][info][gc,heap        ] GC(1093) Survivor regions: 0->1(4)
[471.485s][info][gc,heap        ] GC(1093) Old regions: 490->490
[471.485s][info][gc,heap        ] GC(1093) Archive regions: 2->2
[471.485s][info][gc,heap        ] GC(1093) Humongous regions: 11->11
[471.485s][info][gc,metaspace   ] GC(1093) Metaspace: 48686K(50128K)->48686K(50128K) NonClass: 42848K(43856K)->42848K(43856K) Class: 5838K(6272K)->5838K(6272K)
[471.485s][info][gc             ] GC(1093) Pause Young (Concurrent Start) (G1 Humongous Allocation) 501M->501M(512M) 1.704ms
[471.485s][info][gc,cpu         ] GC(1093) User=0.00s Sys=0.00s Real=0.00s
[471.485s][info][gc,task        ] GC(1094) Using 8 workers of 8 for full compaction
[471.485s][info][gc             ] GC(1095) Concurrent Cycle
[471.485s][info][gc,start       ] GC(1094) Pause Full (G1 Humongous Allocation)
[471.485s][info][gc,marking     ] GC(1095) Concurrent Clear Claimed Marks
[471.485s][info][gc,marking     ] GC(1095) Concurrent Clear Claimed Marks 0.057ms
[471.485s][info][gc,marking     ] GC(1095) Concurrent Scan Root Regions
[471.485s][info][gc,marking     ] GC(1095) Concurrent Scan Root Regions 0.020ms
[471.485s][info][gc,marking     ] GC(1095) Concurrent Mark (471.485s)
[471.485s][info][gc,marking     ] GC(1095) Concurrent Mark From Roots
[471.485s][info][gc,task        ] GC(1095) Using 2 workers of 2 for marking
[471.486s][info][gc,phases,start] GC(1094) Phase 1: Mark live objects
[471.777s][info][gc,phases      ] GC(1094) Phase 1: Mark live objects 291.000ms
[471.777s][info][gc,phases,start] GC(1094) Phase 2: Prepare for compaction
[471.814s][info][gc,phases      ] GC(1094) Phase 2: Prepare for compaction 37.423ms
[471.814s][info][gc,phases,start] GC(1094) Phase 3: Adjust pointers
[471.914s][info][gc,phases      ] GC(1094) Phase 3: Adjust pointers 99.959ms
[471.914s][info][gc,phases,start] GC(1094) Phase 4: Compact heap
[471.952s][info][gc,phases      ] GC(1094) Phase 4: Compact heap 37.933ms
[471.956s][info][gc,heap        ] GC(1094) Eden regions: 0->0(25)
[471.956s][info][gc,heap        ] GC(1094) Survivor regions: 1->0(4)
[471.956s][info][gc,heap        ] GC(1094) Old regions: 490->491
[471.956s][info][gc,heap        ] GC(1094) Archive regions: 2->2
[471.956s][info][gc,heap        ] GC(1094) Humongous regions: 11->11
[471.956s][info][gc,metaspace   ] GC(1094) Metaspace: 48686K(50128K)->48686K(50128K) NonClass: 42848K(43856K)->42848K(43856K) Class: 5838K(6272K)->5838K(6272K)
[471.956s][info][gc             ] GC(1094) Pause Full (G1 Humongous Allocation) 501M->500M(512M) 471.691ms
[471.959s][info][gc,cpu         ] GC(1094) User=2.54s Sys=0.07s Real=0.48s
[471.959s][info][gc,task        ] GC(1096) Using 8 workers of 8 for full compaction
[471.959s][info][gc,start       ] GC(1096) Pause Full (G1 Humongous Allocation)
[471.959s][info][gc,phases,start] GC(1096) Phase 1: Mark live objects
[472.246s][info][gc,phases      ] GC(1096) Phase 1: Mark live objects 287.171ms
[472.246s][info][gc,phases,start] GC(1096) Phase 2: Prepare for compaction
[472.288s][info][gc,phases      ] GC(1096) Phase 2: Prepare for compaction 42.403ms
[472.289s][info][gc,phases,start] GC(1096) Phase 3: Adjust pointers
[472.369s][info][gc,phases      ] GC(1096) Phase 3: Adjust pointers 80.217ms
[472.369s][info][gc,phases,start] GC(1096) Phase 4: Compact heap
[472.403s][info][gc,phases      ] GC(1096) Phase 4: Compact heap 34.235ms
[472.407s][info][gc,heap        ] GC(1096) Eden regions: 0->0(25)
[472.407s][info][gc,heap        ] GC(1096) Survivor regions: 0->0(4)
[472.407s][info][gc,heap        ] GC(1096) Old regions: 491->491
[472.407s][info][gc,heap        ] GC(1096) Archive regions: 2->2
[472.407s][info][gc,heap        ] GC(1096) Humongous regions: 11->11
[472.407s][info][gc,metaspace   ] GC(1096) Metaspace: 48686K(50128K)->48673K(50128K) NonClass: 42848K(43856K)->42837K(43856K) Class: 5838K(6272K)->5836K(6272K)
[472.407s][info][gc             ] GC(1096) Pause Full (G1 Humongous Allocation) 500M->500M(512M) 448.185ms
[472.408s][info][gc,cpu         ] GC(1096) User=2.53s Sys=0.06s Real=0.45s
[472.408s][info][gc,marking     ] GC(1095) Concurrent Mark From Roots 923.477ms
[472.408s][info][gc,marking     ] GC(1095) Concurrent Mark Abort
[472.408s][info][gc             ] GC(1095) Concurrent Cycle 923.756ms
[472.410s][info][gc,start       ] GC(1097) Pause Young (Normal) (G1 Humongous Allocation)
[472.410s][info][gc,task        ] GC(1097) Using 8 workers of 8 for evacuation
[472.410s][info][gc,phases      ] GC(1097)   Pre Evacuate Collection Set: 0.1ms
[472.410s][info][gc,phases      ] GC(1097)   Merge Heap Roots: 0.0ms
[472.410s][info][gc,phases      ] GC(1097)   Evacuate Collection Set: 0.3ms
[472.410s][info][gc,phases      ] GC(1097)   Post Evacuate Collection Set: 0.2ms
[472.410s][info][gc,phases      ] GC(1097)   Other: 0.1ms
[472.410s][info][gc,heap        ] GC(1097) Eden regions: 0->0(25)
[472.410s][info][gc,heap        ] GC(1097) Survivor regions: 0->0(4)
[472.410s][info][gc,heap        ] GC(1097) Old regions: 491->491
[472.410s][info][gc,heap        ] GC(1097) Archive regions: 2->2
[472.410s][info][gc,heap        ] GC(1097) Humongous regions: 11->11
[472.410s][info][gc,metaspace   ] GC(1097) Metaspace: 48673K(50128K)->48673K(50128K) NonClass: 42837K(43856K)->42837K(43856K) Class: 5836K(6272K)->5836K(6272K)
[472.410s][info][gc             ] GC(1097) Pause Young (Normal) (G1 Humongous Allocation) 500M->500M(512M) 0.800ms
[472.410s][info][gc,cpu         ] GC(1097) User=0.01s Sys=0.00s Real=0.00s
[472.410s][info][gc,task        ] GC(1098) Using 8 workers of 8 for full compaction
[472.410s][info][gc,start       ] GC(1098) Pause Full (G1 Humongous Allocation)
[472.411s][info][gc,phases,start] GC(1098) Phase 1: Mark live objects
[472.670s][info][gc,phases      ] GC(1098) Phase 1: Mark live objects 259.554ms
[472.670s][info][gc,phases,start] GC(1098) Phase 2: Prepare for compaction
[472.712s][info][gc,phases      ] GC(1098) Phase 2: Prepare for compaction 41.559ms
[472.712s][info][gc,phases,start] GC(1098) Phase 3: Adjust pointers
[472.808s][info][gc,phases      ] GC(1098) Phase 3: Adjust pointers 96.084ms
[472.808s][info][gc,phases,start] GC(1098) Phase 4: Compact heap
[472.860s][info][gc,phases      ] GC(1098) Phase 4: Compact heap 52.012ms
[472.863s][info][gc,heap        ] GC(1098) Eden regions: 0->0(25)
[472.864s][info][gc,heap        ] GC(1098) Survivor regions: 0->0(4)
[472.864s][info][gc,heap        ] GC(1098) Old regions: 491->491
[472.864s][info][gc,heap        ] GC(1098) Archive regions: 2->2
[472.864s][info][gc,heap        ] GC(1098) Humongous regions: 11->11
[472.864s][info][gc,metaspace   ] GC(1098) Metaspace: 48673K(50128K)->48673K(50128K) NonClass: 42837K(43856K)->42837K(43856K) Class: 5836K(6272K)->5836K(6272K)
[472.864s][info][gc             ] GC(1098) Pause Full (G1 Humongous Allocation) 500M->500M(512M) 453.097ms
[472.866s][info][gc,cpu         ] GC(1098) User=2.51s Sys=0.08s Real=0.46s
[472.866s][info][gc,task        ] GC(1099) Using 8 workers of 8 for full compaction
[472.866s][info][gc,start       ] GC(1099) Pause Full (G1 Humongous Allocation)
[472.866s][info][gc,phases,start] GC(1099) Phase 1: Mark live objects
[473.132s][info][gc,phases      ] GC(1099) Phase 1: Mark live objects 266.039ms
[473.132s][info][gc,phases,start] GC(1099) Phase 2: Prepare for compaction
[473.169s][info][gc,phases      ] GC(1099) Phase 2: Prepare for compaction 36.841ms
[473.169s][info][gc,phases,start] GC(1099) Phase 3: Adjust pointers
[473.268s][info][gc,phases      ] GC(1099) Phase 3: Adjust pointers 98.581ms
[473.268s][info][gc,phases,start] GC(1099) Phase 4: Compact heap
[473.308s][info][gc,phases      ] GC(1099) Phase 4: Compact heap 40.000ms
[473.311s][info][gc,heap        ] GC(1099) Eden regions: 0->0(25)
[473.311s][info][gc,heap        ] GC(1099) Survivor regions: 0->0(4)
[473.311s][info][gc,heap        ] GC(1099) Old regions: 491->491
[473.311s][info][gc,heap        ] GC(1099) Archive regions: 2->2
[473.311s][info][gc,heap        ] GC(1099) Humongous regions: 11->11
[473.311s][info][gc,metaspace   ] GC(1099) Metaspace: 48673K(50128K)->48673K(50128K) NonClass: 42837K(43856K)->42837K(43856K) Class: 5836K(6272K)->5836K(6272K)
[473.311s][info][gc             ] GC(1099) Pause Full (G1 Humongous Allocation) 500M->500M(512M) 445.161ms
[473.313s][info][gc,cpu         ] GC(1099) User=2.53s Sys=0.07s Real=0.44s
[473.317s][info][gc,start       ] GC(1100) Pause Young (Concurrent Start) (G1 Humongous Allocation)
[473.317s][info][gc,task        ] GC(1100) Using 8 workers of 8 for evacuation
[473.318s][info][gc,phases      ] GC(1100)   Pre Evacuate Collection Set: 0.1ms
[473.318s][info][gc,phases      ] GC(1100)   Merge Heap Roots: 0.0ms
[473.318s][info][gc,phases      ] GC(1100)   Evacuate Collection Set: 0.6ms
[473.318s][info][gc,phases      ] GC(1100)   Post Evacuate Collection Set: 0.2ms
[473.318s][info][gc,phases      ] GC(1100)   Other: 0.2ms
[473.318s][info][gc,heap        ] GC(1100) Eden regions: 1->0(24)
[473.318s][info][gc,heap        ] GC(1100) Survivor regions: 0->1(4)
[473.318s][info][gc,heap        ] GC(1100) Old regions: 491->491
[473.318s][info][gc,heap        ] GC(1100) Archive regions: 2->2
[473.318s][info][gc,heap        ] GC(1100) Humongous regions: 11->11
[473.318s][info][gc,metaspace   ] GC(1100) Metaspace: 48673K(50128K)->48673K(50128K) NonClass: 42837K(43856K)->42837K(43856K) Class: 5836K(6272K)->5836K(6272K)
[473.318s][info][gc             ] GC(1100) Pause Young (Concurrent Start) (G1 Humongous Allocation) 500M->500M(512M) 1.287ms
[473.318s][info][gc,cpu         ] GC(1100) User=0.00s Sys=0.00s Real=0.00s
[473.318s][info][gc             ] GC(1102) Concurrent Cycle
[473.318s][info][gc,task        ] GC(1101) Using 8 workers of 8 for full compaction
[473.318s][info][gc,marking     ] GC(1102) Concurrent Clear Claimed Marks
[473.318s][info][gc,start       ] GC(1101) Pause Full (G1 Humongous Allocation)
[473.318s][info][gc,marking     ] GC(1102) Concurrent Clear Claimed Marks 0.062ms
[473.318s][info][gc,marking     ] GC(1102) Concurrent Scan Root Regions
[473.319s][info][gc,marking     ] GC(1102) Concurrent Scan Root Regions 0.022ms
[473.319s][info][gc,marking     ] GC(1102) Concurrent Mark (473.319s)
[473.319s][info][gc,marking     ] GC(1102) Concurrent Mark From Roots
[473.319s][info][gc,task        ] GC(1102) Using 2 workers of 2 for marking
[473.319s][info][gc,phases,start] GC(1101) Phase 1: Mark live objects
[473.586s][info][gc,phases      ] GC(1101) Phase 1: Mark live objects 266.871ms
[473.586s][info][gc,phases,start] GC(1101) Phase 2: Prepare for compaction
[473.621s][info][gc,phases      ] GC(1101) Phase 2: Prepare for compaction 34.489ms
[473.621s][info][gc,phases,start] GC(1101) Phase 3: Adjust pointers
[473.713s][info][gc,phases      ] GC(1101) Phase 3: Adjust pointers 92.174ms
[473.713s][info][gc,phases,start] GC(1101) Phase 4: Compact heap
[473.752s][info][gc,phases      ] GC(1101) Phase 4: Compact heap 38.982ms
[473.756s][info][gc,heap        ] GC(1101) Eden regions: 0->0(25)
[473.756s][info][gc,heap        ] GC(1101) Survivor regions: 1->0(4)
[473.756s][info][gc,heap        ] GC(1101) Old regions: 491->491
[473.756s][info][gc,heap        ] GC(1101) Archive regions: 2->2
[473.756s][info][gc,heap        ] GC(1101) Humongous regions: 11->11
[473.756s][info][gc,metaspace   ] GC(1101) Metaspace: 48673K(50128K)->48673K(50128K) NonClass: 42837K(43856K)->42837K(43856K) Class: 5836K(6272K)->5836K(6272K)
[473.756s][info][gc             ] GC(1101) Pause Full (G1 Humongous Allocation) 500M->500M(512M) 437.359ms
[473.759s][info][gc,cpu         ] GC(1101) User=2.53s Sys=0.06s Real=0.44s
[473.759s][info][gc,task        ] GC(1103) Using 8 workers of 8 for full compaction
[473.759s][info][gc,start       ] GC(1103) Pause Full (G1 Humongous Allocation)
[473.759s][info][gc,phases,start] GC(1103) Phase 1: Mark live objects
[474.046s][info][gc,phases      ] GC(1103) Phase 1: Mark live objects 286.866ms
[474.046s][info][gc,phases,start] GC(1103) Phase 2: Prepare for compaction
[474.081s][info][gc,phases      ] GC(1103) Phase 2: Prepare for compaction 35.387ms
[474.081s][info][gc,phases,start] GC(1103) Phase 3: Adjust pointers
[474.168s][info][gc,phases      ] GC(1103) Phase 3: Adjust pointers 87.323ms
[474.169s][info][gc,phases,start] GC(1103) Phase 4: Compact heap
[474.205s][info][gc,phases      ] GC(1103) Phase 4: Compact heap 36.796ms
[474.210s][info][gc,heap        ] GC(1103) Eden regions: 0->0(25)
[474.210s][info][gc,heap        ] GC(1103) Survivor regions: 0->0(4)
[474.210s][info][gc,heap        ] GC(1103) Old regions: 491->491
[474.210s][info][gc,heap        ] GC(1103) Archive regions: 2->2
[474.210s][info][gc,heap        ] GC(1103) Humongous regions: 11->11
[474.210s][info][gc,metaspace   ] GC(1103) Metaspace: 48673K(50128K)->48673K(50128K) NonClass: 42837K(43856K)->42837K(43856K) Class: 5836K(6272K)->5836K(6272K)
[474.210s][info][gc             ] GC(1103) Pause Full (G1 Humongous Allocation) 500M->500M(512M) 451.312ms
[474.212s][info][gc,cpu         ] GC(1103) User=2.54s Sys=0.08s Real=0.45s
[474.212s][info][gc,marking     ] GC(1102) Concurrent Mark From Roots 893.335ms
[474.212s][info][gc,marking     ] GC(1102) Concurrent Mark Abort
[474.212s][info][gc             ] GC(1102) Concurrent Cycle 893.563ms
[474.214s][info][gc,start       ] GC(1104) Pause Young (Normal) (G1 Humongous Allocation)
[474.214s][info][gc,task        ] GC(1104) Using 8 workers of 8 for evacuation
[474.214s][info][gc,phases      ] GC(1104)   Pre Evacuate Collection Set: 0.1ms
[474.215s][info][gc,phases      ] GC(1104)   Merge Heap Roots: 0.0ms
[474.215s][info][gc,phases      ] GC(1104)   Evacuate Collection Set: 0.3ms
[474.215s][info][gc,phases      ] GC(1104)   Post Evacuate Collection Set: 0.3ms
[474.215s][info][gc,phases      ] GC(1104)   Other: 0.2ms
[474.215s][info][gc,heap        ] GC(1104) Eden regions: 1->0(24)
[474.215s][info][gc,heap        ] GC(1104) Survivor regions: 0->1(4)
[474.215s][info][gc,heap        ] GC(1104) Old regions: 491->491
[474.215s][info][gc,heap        ] GC(1104) Archive regions: 2->2
[474.215s][info][gc,heap        ] GC(1104) Humongous regions: 11->11
[474.215s][info][gc,metaspace   ] GC(1104) Metaspace: 48673K(50128K)->48673K(50128K) NonClass: 42837K(43856K)->42837K(43856K) Class: 5836K(6272K)->5836K(6272K)
[474.215s][info][gc             ] GC(1104) Pause Young (Normal) (G1 Humongous Allocation) 500M->500M(512M) 1.037ms
[474.215s][info][gc,cpu         ] GC(1104) User=0.00s Sys=0.00s Real=0.00s
[474.215s][info][gc,task        ] GC(1105) Using 8 workers of 8 for full compaction
[474.215s][info][gc,start       ] GC(1105) Pause Full (G1 Humongous Allocation)
[474.215s][info][gc,phases,start] GC(1105) Phase 1: Mark live objects
[474.489s][info][gc,phases      ] GC(1105) Phase 1: Mark live objects 274.398ms
[474.489s][info][gc,phases,start] GC(1105) Phase 2: Prepare for compaction
[474.525s][info][gc,phases      ] GC(1105) Phase 2: Prepare for compaction 35.287ms
[474.525s][info][gc,phases,start] GC(1105) Phase 3: Adjust pointers
[474.615s][info][gc,phases      ] GC(1105) Phase 3: Adjust pointers 90.192ms
[474.615s][info][gc,phases,start] GC(1105) Phase 4: Compact heap
[474.651s][info][gc,phases      ] GC(1105) Phase 4: Compact heap 36.274ms
[474.655s][info][gc,heap        ] GC(1105) Eden regions: 0->0(25)
[474.655s][info][gc,heap        ] GC(1105) Survivor regions: 1->0(4)
[474.655s][info][gc,heap        ] GC(1105) Old regions: 491->491
[474.655s][info][gc,heap        ] GC(1105) Archive regions: 2->2
[474.655s][info][gc,heap        ] GC(1105) Humongous regions: 11->11
[474.655s][info][gc,metaspace   ] GC(1105) Metaspace: 48673K(50128K)->48673K(50128K) NonClass: 42837K(43856K)->42837K(43856K) Class: 5836K(6272K)->5836K(6272K)
[474.655s][info][gc             ] GC(1105) Pause Full (G1 Humongous Allocation) 500M->500M(512M) 440.633ms
[474.659s][info][gc,cpu         ] GC(1105) User=2.53s Sys=0.05s Real=0.45s
[474.659s][info][gc,task        ] GC(1106) Using 8 workers of 8 for full compaction
[474.659s][info][gc,start       ] GC(1106) Pause Full (G1 Humongous Allocation)
[474.659s][info][gc,phases,start] GC(1106) Phase 1: Mark live objects
[474.990s][info][gc,phases      ] GC(1106) Phase 1: Mark live objects 330.532ms
[474.990s][info][gc,phases,start] GC(1106) Phase 2: Prepare for compaction
[475.028s][info][gc,phases      ] GC(1106) Phase 2: Prepare for compaction 38.186ms
[475.028s][info][gc,phases,start] GC(1106) Phase 3: Adjust pointers
[475.119s][info][gc,phases      ] GC(1106) Phase 3: Adjust pointers 91.187ms
[475.120s][info][gc,phases,start] GC(1106) Phase 4: Compact heap
[475.155s][info][gc,phases      ] GC(1106) Phase 4: Compact heap 35.817ms
[475.159s][info][gc,heap        ] GC(1106) Eden regions: 0->0(25)
[475.159s][info][gc,heap        ] GC(1106) Survivor regions: 0->0(4)
[475.159s][info][gc,heap        ] GC(1106) Old regions: 491->491
[475.159s][info][gc,heap        ] GC(1106) Archive regions: 2->2
[475.159s][info][gc,heap        ] GC(1106) Humongous regions: 11->11
[475.159s][info][gc,metaspace   ] GC(1106) Metaspace: 48673K(50128K)->48673K(50128K) NonClass: 42837K(43856K)->42837K(43856K) Class: 5836K(6272K)->5836K(6272K)
[475.159s][info][gc             ] GC(1106) Pause Full (G1 Humongous Allocation) 500M->500M(512M) 499.818ms
[475.161s][info][gc,cpu         ] GC(1106) User=2.56s Sys=0.05s Real=0.50s
[475.165s][info][gc,start       ] GC(1107) Pause Young (Concurrent Start) (G1 Humongous Allocation)
[475.165s][info][gc,task        ] GC(1107) Using 8 workers of 8 for evacuation
[475.166s][info][gc,phases      ] GC(1107)   Pre Evacuate Collection Set: 0.1ms
[475.166s][info][gc,phases      ] GC(1107)   Merge Heap Roots: 0.0ms
[475.166s][info][gc,phases      ] GC(1107)   Evacuate Collection Set: 0.9ms
[475.166s][info][gc,phases      ] GC(1107)   Post Evacuate Collection Set: 0.3ms
[475.166s][info][gc,phases      ] GC(1107)   Other: 0.2ms
[475.167s][info][gc,heap        ] GC(1107) Eden regions: 1->0(24)
[475.167s][info][gc,heap        ] GC(1107) Survivor regions: 0->1(4)
[475.167s][info][gc,heap        ] GC(1107) Old regions: 491->491
[475.167s][info][gc,heap        ] GC(1107) Archive regions: 2->2
[475.167s][info][gc,heap        ] GC(1107) Humongous regions: 11->11
[475.167s][info][gc,metaspace   ] GC(1107) Metaspace: 48677K(50128K)->48677K(50128K) NonClass: 42840K(43856K)->42840K(43856K) Class: 5836K(6272K)->5836K(6272K)
[475.167s][info][gc             ] GC(1107) Pause Young (Concurrent Start) (G1 Humongous Allocation) 501M->500M(512M) 1.723ms
[475.167s][info][gc,cpu         ] GC(1107) User=0.01s Sys=0.00s Real=0.01s
[475.167s][info][gc             ] GC(1108) Concurrent Cycle
[475.167s][info][gc,marking     ] GC(1108) Concurrent Clear Claimed Marks
[475.167s][info][gc,marking     ] GC(1108) Concurrent Clear Claimed Marks 0.039ms
[475.167s][info][gc,marking     ] GC(1108) Concurrent Scan Root Regions
[475.168s][info][gc,marking     ] GC(1108) Concurrent Scan Root Regions 0.872ms
[475.168s][info][gc,marking     ] GC(1108) Concurrent Mark (475.168s)
[475.168s][info][gc,marking     ] GC(1108) Concurrent Mark From Roots
[475.168s][info][gc,task        ] GC(1108) Using 2 workers of 2 for marking
[475.169s][info][gc,start       ] GC(1109) Pause Young (Normal) (G1 Humongous Allocation)
[475.169s][info][gc,task        ] GC(1109) Using 8 workers of 8 for evacuation
[475.169s][info][gc,phases      ] GC(1109)   Pre Evacuate Collection Set: 0.1ms
[475.169s][info][gc,phases      ] GC(1109)   Merge Heap Roots: 0.0ms
[475.169s][info][gc,phases      ] GC(1109)   Evacuate Collection Set: 0.3ms
[475.169s][info][gc,phases      ] GC(1109)   Post Evacuate Collection Set: 0.2ms
[475.169s][info][gc,phases      ] GC(1109)   Other: 0.1ms
[475.169s][info][gc,heap        ] GC(1109) Eden regions: 0->0(24)
[475.169s][info][gc,heap        ] GC(1109) Survivor regions: 1->1(4)
[475.169s][info][gc,heap        ] GC(1109) Old regions: 491->491
[475.169s][info][gc,heap        ] GC(1109) Archive regions: 2->2
[475.169s][info][gc,heap        ] GC(1109) Humongous regions: 11->11
[475.169s][info][gc,metaspace   ] GC(1109) Metaspace: 48677K(50128K)->48677K(50128K) NonClass: 42840K(43856K)->42840K(43856K) Class: 5836K(6272K)->5836K(6272K)
[475.169s][info][gc             ] GC(1109) Pause Young (Normal) (G1 Humongous Allocation) 500M->500M(512M) 0.836ms
[475.169s][info][gc,cpu         ] GC(1109) User=0.00s Sys=0.00s Real=0.00s
[475.169s][info][gc,task        ] GC(1110) Using 8 workers of 8 for full compaction
[475.169s][info][gc,start       ] GC(1110) Pause Full (G1 Humongous Allocation)
[475.170s][info][gc,phases,start] GC(1110) Phase 1: Mark live objects
[475.463s][info][gc,phases      ] GC(1110) Phase 1: Mark live objects 293.311ms
[475.463s][info][gc,phases,start] GC(1110) Phase 2: Prepare for compaction
[475.500s][info][gc,phases      ] GC(1110) Phase 2: Prepare for compaction 36.123ms
[475.500s][info][gc,phases,start] GC(1110) Phase 3: Adjust pointers
[475.587s][info][gc,phases      ] GC(1110) Phase 3: Adjust pointers 87.016ms
[475.587s][info][gc,phases,start] GC(1110) Phase 4: Compact heap
[475.627s][info][gc,phases      ] GC(1110) Phase 4: Compact heap 40.795ms
[475.631s][info][gc,heap        ] GC(1110) Eden regions: 0->0(25)
[475.631s][info][gc,heap        ] GC(1110) Survivor regions: 1->0(4)
[475.631s][info][gc,heap        ] GC(1110) Old regions: 491->491
[475.631s][info][gc,heap        ] GC(1110) Archive regions: 2->2
[475.631s][info][gc,heap        ] GC(1110) Humongous regions: 11->11
[475.631s][info][gc,metaspace   ] GC(1110) Metaspace: 48677K(50128K)->48677K(50128K) NonClass: 42840K(43856K)->42840K(43856K) Class: 5836K(6272K)->5836K(6272K)
[475.631s][info][gc             ] GC(1110) Pause Full (G1 Humongous Allocation) 500M->500M(512M) 461.937ms
[475.633s][info][gc,cpu         ] GC(1110) User=2.55s Sys=0.08s Real=0.46s
[475.633s][info][gc,task        ] GC(1111) Using 8 workers of 8 for full compaction
[475.633s][info][gc,start       ] GC(1111) Pause Full (G1 Humongous Allocation)
[475.633s][info][gc,phases,start] GC(1111) Phase 1: Mark live objects
[475.922s][info][gc,phases      ] GC(1111) Phase 1: Mark live objects 289.131ms
[475.922s][info][gc,phases,start] GC(1111) Phase 2: Prepare for compaction
[475.962s][info][gc,phases      ] GC(1111) Phase 2: Prepare for compaction 39.882ms
[475.962s][info][gc,phases,start] GC(1111) Phase 3: Adjust pointers
[476.052s][info][gc,phases      ] GC(1111) Phase 3: Adjust pointers 89.998ms
[476.052s][info][gc,phases,start] GC(1111) Phase 4: Compact heap
[476.087s][info][gc,phases      ] GC(1111) Phase 4: Compact heap 34.600ms
[476.091s][info][gc,heap        ] GC(1111) Eden regions: 0->0(25)
[476.091s][info][gc,heap        ] GC(1111) Survivor regions: 0->0(4)
[476.091s][info][gc,heap        ] GC(1111) Old regions: 491->491
[476.091s][info][gc,heap        ] GC(1111) Archive regions: 2->2
[476.091s][info][gc,heap        ] GC(1111) Humongous regions: 11->11
[476.091s][info][gc,metaspace   ] GC(1111) Metaspace: 48677K(50128K)->48677K(50128K) NonClass: 42840K(43856K)->42840K(43856K) Class: 5836K(6272K)->5836K(6272K)
[476.091s][info][gc             ] GC(1111) Pause Full (G1 Humongous Allocation) 500M->500M(512M) 457.585ms
[476.092s][info][gc,cpu         ] GC(1111) User=2.54s Sys=0.07s Real=0.46s
[476.093s][info][gc,marking     ] GC(1108) Concurrent Mark From Roots 925.066ms
[476.093s][info][gc,marking     ] GC(1108) Concurrent Mark Abort
[476.093s][info][gc             ] GC(1108) Concurrent Cycle 926.142ms
[476.095s][info][gc,start       ] GC(1112) Pause Young (Concurrent Start) (G1 Humongous Allocation)
[476.095s][info][gc,task        ] GC(1112) Using 8 workers of 8 for evacuation
[476.096s][info][gc,phases      ] GC(1112)   Pre Evacuate Collection Set: 0.1ms
[476.096s][info][gc,phases      ] GC(1112)   Merge Heap Roots: 0.0ms
[476.096s][info][gc,phases      ] GC(1112)   Evacuate Collection Set: 0.7ms
[476.096s][info][gc,phases      ] GC(1112)   Post Evacuate Collection Set: 0.2ms
[476.096s][info][gc,phases      ] GC(1112)   Other: 0.2ms
[476.096s][info][gc,heap        ] GC(1112) Eden regions: 1->0(24)
[476.096s][info][gc,heap        ] GC(1112) Survivor regions: 0->1(4)
[476.096s][info][gc,heap        ] GC(1112) Old regions: 491->491
[476.096s][info][gc,heap        ] GC(1112) Archive regions: 2->2
[476.096s][info][gc,heap        ] GC(1112) Humongous regions: 11->11
[476.096s][info][gc,metaspace   ] GC(1112) Metaspace: 48677K(50128K)->48677K(50128K) NonClass: 42840K(43856K)->42840K(43856K) Class: 5836K(6272K)->5836K(6272K)
[476.096s][info][gc             ] GC(1112) Pause Young (Concurrent Start) (G1 Humongous Allocation) 500M->500M(512M) 1.310ms
[476.096s][info][gc,cpu         ] GC(1112) User=0.01s Sys=0.00s Real=0.01s
[476.096s][info][gc             ] GC(1113) Concurrent Cycle
[476.096s][info][gc,marking     ] GC(1113) Concurrent Clear Claimed Marks
[476.096s][info][gc,marking     ] GC(1113) Concurrent Clear Claimed Marks 0.042ms
[476.096s][info][gc,marking     ] GC(1113) Concurrent Scan Root Regions
[476.097s][info][gc,marking     ] GC(1113) Concurrent Scan Root Regions 0.557ms
[476.097s][info][gc,marking     ] GC(1113) Concurrent Mark (476.097s)
[476.097s][info][gc,marking     ] GC(1113) Concurrent Mark From Roots
[476.097s][info][gc,task        ] GC(1113) Using 2 workers of 2 for marking
[476.097s][info][gc,start       ] GC(1114) Pause Young (Normal) (G1 Humongous Allocation)
[476.097s][info][gc,task        ] GC(1114) Using 8 workers of 8 for evacuation
[476.098s][info][gc,phases      ] GC(1114)   Pre Evacuate Collection Set: 0.1ms
[476.098s][info][gc,phases      ] GC(1114)   Merge Heap Roots: 0.0ms
[476.098s][info][gc,phases      ] GC(1114)   Evacuate Collection Set: 0.3ms
[476.098s][info][gc,phases      ] GC(1114)   Post Evacuate Collection Set: 0.3ms
[476.098s][info][gc,phases      ] GC(1114)   Other: 0.1ms
[476.098s][info][gc,heap        ] GC(1114) Eden regions: 0->0(24)
[476.098s][info][gc,heap        ] GC(1114) Survivor regions: 1->1(4)
[476.098s][info][gc,heap        ] GC(1114) Old regions: 491->491
[476.098s][info][gc,heap        ] GC(1114) Archive regions: 2->2
[476.098s][info][gc,heap        ] GC(1114) Humongous regions: 11->11
[476.098s][info][gc,metaspace   ] GC(1114) Metaspace: 48677K(50128K)->48677K(50128K) NonClass: 42840K(43856K)->42840K(43856K) Class: 5836K(6272K)->5836K(6272K)
[476.098s][info][gc             ] GC(1114) Pause Young (Normal) (G1 Humongous Allocation) 500M->500M(512M) 0.907ms
[476.098s][info][gc,cpu         ] GC(1114) User=0.00s Sys=0.00s Real=0.00s
[476.098s][info][gc,task        ] GC(1115) Using 8 workers of 8 for full compaction
[476.098s][info][gc,start       ] GC(1115) Pause Full (G1 Humongous Allocation)
[476.099s][info][gc,phases,start] GC(1115) Phase 1: Mark live objects
[476.373s][info][gc,phases      ] GC(1115) Phase 1: Mark live objects 274.092ms
[476.373s][info][gc,phases,start] GC(1115) Phase 2: Prepare for compaction
[476.428s][info][gc,phases      ] GC(1115) Phase 2: Prepare for compaction 55.539ms
[476.428s][info][gc,phases,start] GC(1115) Phase 3: Adjust pointers
[476.532s][info][gc,phases      ] GC(1115) Phase 3: Adjust pointers 103.824ms
[476.532s][info][gc,phases,start] GC(1115) Phase 4: Compact heap
[476.572s][info][gc,phases      ] GC(1115) Phase 4: Compact heap 40.281ms
[476.576s][info][gc,heap        ] GC(1115) Eden regions: 0->0(25)
[476.577s][info][gc,heap        ] GC(1115) Survivor regions: 1->0(4)
[476.577s][info][gc,heap        ] GC(1115) Old regions: 491->490
[476.577s][info][gc,heap        ] GC(1115) Archive regions: 2->2
[476.577s][info][gc,heap        ] GC(1115) Humongous regions: 11->11
[476.577s][info][gc,metaspace   ] GC(1115) Metaspace: 48677K(50128K)->48677K(50128K) NonClass: 42840K(43856K)->42840K(43856K) Class: 5836K(6272K)->5836K(6272K)
[476.577s][info][gc             ] GC(1115) Pause Full (G1 Humongous Allocation) 500M->500M(512M) 478.681ms
[476.579s][info][gc,cpu         ] GC(1115) User=2.64s Sys=0.04s Real=0.48s
[476.579s][info][gc,task        ] GC(1116) Using 8 workers of 8 for full compaction
[476.579s][info][gc,start       ] GC(1116) Pause Full (G1 Humongous Allocation)
[476.579s][info][gc,phases,start] GC(1116) Phase 1: Mark live objects
[476.858s][info][gc,phases      ] GC(1116) Phase 1: Mark live objects 279.047ms
[476.858s][info][gc,phases,start] GC(1116) Phase 2: Prepare for compaction
[476.893s][info][gc,phases      ] GC(1116) Phase 2: Prepare for compaction 35.269ms
[476.893s][info][gc,phases,start] GC(1116) Phase 3: Adjust pointers
[476.990s][info][gc,phases      ] GC(1116) Phase 3: Adjust pointers 96.144ms
[476.990s][info][gc,phases,start] GC(1116) Phase 4: Compact heap
[477.026s][info][gc,phases      ] GC(1116) Phase 4: Compact heap 36.268ms
[477.030s][info][gc,heap        ] GC(1116) Eden regions: 0->0(25)
[477.030s][info][gc,heap        ] GC(1116) Survivor regions: 0->0(4)
[477.030s][info][gc,heap        ] GC(1116) Old regions: 490->490
[477.030s][info][gc,heap        ] GC(1116) Archive regions: 2->2
[477.030s][info][gc,heap        ] GC(1116) Humongous regions: 11->11
[477.030s][info][gc,metaspace   ] GC(1116) Metaspace: 48677K(50128K)->48677K(50128K) NonClass: 42840K(43856K)->42840K(43856K) Class: 5836K(6272K)->5836K(6272K)
[477.030s][info][gc             ] GC(1116) Pause Full (G1 Humongous Allocation) 500M->500M(512M) 451.466ms
[477.032s][info][gc,cpu         ] GC(1116) User=2.57s Sys=0.05s Real=0.45s
[477.032s][info][gc,marking     ] GC(1113) Concurrent Mark From Roots 935.240ms
[477.032s][info][gc,marking     ] GC(1113) Concurrent Mark Abort
[477.032s][info][gc             ] GC(1113) Concurrent Cycle 936.027ms
[477.035s][info][gc,start       ] GC(1117) Pause Young (Normal) (G1 Humongous Allocation)
[477.035s][info][gc,task        ] GC(1117) Using 8 workers of 8 for evacuation
[477.036s][info][gc,phases      ] GC(1117)   Pre Evacuate Collection Set: 0.1ms
[477.036s][info][gc,phases      ] GC(1117)   Merge Heap Roots: 0.0ms
[477.036s][info][gc,phases      ] GC(1117)   Evacuate Collection Set: 0.2ms
[477.036s][info][gc,phases      ] GC(1117)   Post Evacuate Collection Set: 0.2ms
[477.036s][info][gc,phases      ] GC(1117)   Other: 0.1ms
[477.036s][info][gc,heap        ] GC(1117) Eden regions: 1->0(24)
[477.036s][info][gc,heap        ] GC(1117) Survivor regions: 0->1(4)
[477.036s][info][gc,heap        ] GC(1117) Old regions: 490->490
[477.036s][info][gc,heap        ] GC(1117) Archive regions: 2->2
[477.036s][info][gc,heap        ] GC(1117) Humongous regions: 11->11
[477.036s][info][gc,metaspace   ] GC(1117) Metaspace: 48677K(50128K)->48677K(50128K) NonClass: 42840K(43856K)->42840K(43856K) Class: 5836K(6272K)->5836K(6272K)
[477.036s][info][gc             ] GC(1117) Pause Young (Normal) (G1 Humongous Allocation) 501M->500M(512M) 0.751ms
[477.036s][info][gc,cpu         ] GC(1117) User=0.00s Sys=0.00s Real=0.01s
[477.036s][info][gc,task        ] GC(1118) Using 8 workers of 8 for full compaction
[477.036s][info][gc,start       ] GC(1118) Pause Full (G1 Humongous Allocation)
[477.036s][info][gc,phases,start] GC(1118) Phase 1: Mark live objects
[477.310s][info][gc,phases      ] GC(1118) Phase 1: Mark live objects 273.534ms
[477.310s][info][gc,phases,start] GC(1118) Phase 2: Prepare for compaction
[477.346s][info][gc,phases      ] GC(1118) Phase 2: Prepare for compaction 35.792ms
[477.346s][info][gc,phases,start] GC(1118) Phase 3: Adjust pointers
[477.430s][info][gc,phases      ] GC(1118) Phase 3: Adjust pointers 83.983ms
[477.430s][info][gc,phases,start] GC(1118) Phase 4: Compact heap
[477.463s][info][gc,phases      ] GC(1118) Phase 4: Compact heap 33.545ms
[477.467s][info][gc,heap        ] GC(1118) Eden regions: 0->0(25)
[477.467s][info][gc,heap        ] GC(1118) Survivor regions: 1->0(4)
[477.467s][info][gc,heap        ] GC(1118) Old regions: 490->491
[477.467s][info][gc,heap        ] GC(1118) Archive regions: 2->2
[477.467s][info][gc,heap        ] GC(1118) Humongous regions: 11->11
[477.467s][info][gc,metaspace   ] GC(1118) Metaspace: 48677K(50128K)->48677K(50128K) NonClass: 42840K(43856K)->42840K(43856K) Class: 5836K(6272K)->5836K(6272K)
[477.467s][info][gc             ] GC(1118) Pause Full (G1 Humongous Allocation) 500M->500M(512M) 430.892ms
[477.469s][info][gc,cpu         ] GC(1118) User=2.53s Sys=0.04s Real=0.43s
[477.469s][info][gc,task        ] GC(1119) Using 8 workers of 8 for full compaction
[477.469s][info][gc,start       ] GC(1119) Pause Full (G1 Humongous Allocation)
[477.469s][info][gc,phases,start] GC(1119) Phase 1: Mark live objects
[477.753s][info][gc,phases      ] GC(1119) Phase 1: Mark live objects 283.874ms
[477.753s][info][gc,phases,start] GC(1119) Phase 2: Prepare for compaction
[477.786s][info][gc,phases      ] GC(1119) Phase 2: Prepare for compaction 32.743ms
[477.786s][info][gc,phases,start] GC(1119) Phase 3: Adjust pointers
[477.875s][info][gc,phases      ] GC(1119) Phase 3: Adjust pointers 88.953ms
[477.875s][info][gc,phases,start] GC(1119) Phase 4: Compact heap
[477.910s][info][gc,phases      ] GC(1119) Phase 4: Compact heap 35.315ms
[477.914s][info][gc,heap        ] GC(1119) Eden regions: 0->0(25)
[477.914s][info][gc,heap        ] GC(1119) Survivor regions: 0->0(4)
[477.914s][info][gc,heap        ] GC(1119) Old regions: 491->491
[477.914s][info][gc,heap        ] GC(1119) Archive regions: 2->2
[477.914s][info][gc,heap        ] GC(1119) Humongous regions: 11->11
[477.914s][info][gc,metaspace   ] GC(1119) Metaspace: 48677K(50128K)->48677K(50128K) NonClass: 42840K(43856K)->42840K(43856K) Class: 5836K(6272K)->5836K(6272K)
[477.914s][info][gc             ] GC(1119) Pause Full (G1 Humongous Allocation) 500M->500M(512M) 445.074ms
[477.916s][info][gc,cpu         ] GC(1119) User=2.54s Sys=0.05s Real=0.45s
[477.919s][info][gc,start       ] GC(1120) Pause Young (Concurrent Start) (G1 Humongous Allocation)
[477.919s][info][gc,task        ] GC(1120) Using 8 workers of 8 for evacuation
[477.921s][info][gc,phases      ] GC(1120)   Pre Evacuate Collection Set: 0.3ms
[477.921s][info][gc,phases      ] GC(1120)   Merge Heap Roots: 0.1ms
[477.921s][info][gc,phases      ] GC(1120)   Evacuate Collection Set: 1.1ms
[477.921s][info][gc,phases      ] GC(1120)   Post Evacuate Collection Set: 0.3ms
[477.921s][info][gc,phases      ] GC(1120)   Other: 0.2ms
[477.921s][info][gc,heap        ] GC(1120) Eden regions: 1->0(24)
[477.921s][info][gc,heap        ] GC(1120) Survivor regions: 0->1(4)
[477.921s][info][gc,heap        ] GC(1120) Old regions: 491->491
[477.921s][info][gc,heap        ] GC(1120) Archive regions: 2->2
[477.921s][info][gc,heap        ] GC(1120) Humongous regions: 11->11
[477.921s][info][gc,metaspace   ] GC(1120) Metaspace: 48680K(50128K)->48680K(50128K) NonClass: 42843K(43856K)->42843K(43856K) Class: 5837K(6272K)->5837K(6272K)
[477.921s][info][gc             ] GC(1120) Pause Young (Concurrent Start) (G1 Humongous Allocation) 501M->500M(512M) 2.321ms
[477.921s][info][gc,cpu         ] GC(1120) User=0.00s Sys=0.00s Real=0.00s
[477.921s][info][gc             ] GC(1121) Concurrent Cycle
[477.921s][info][gc,marking     ] GC(1121) Concurrent Clear Claimed Marks
[477.921s][info][gc,marking     ] GC(1121) Concurrent Clear Claimed Marks 0.078ms
[477.921s][info][gc,marking     ] GC(1121) Concurrent Scan Root Regions
[477.924s][info][gc,marking     ] GC(1121) Concurrent Scan Root Regions 2.384ms
[477.924s][info][gc,marking     ] GC(1121) Concurrent Mark (477.924s)
[477.924s][info][gc,marking     ] GC(1121) Concurrent Mark From Roots
[477.924s][info][gc,task        ] GC(1121) Using 2 workers of 2 for marking
[477.929s][info][gc,start       ] GC(1122) Pause Young (Normal) (G1 Humongous Allocation)
[477.929s][info][gc,task        ] GC(1122) Using 8 workers of 8 for evacuation
[477.930s][info][gc,phases      ] GC(1122)   Pre Evacuate Collection Set: 0.1ms
[477.930s][info][gc,phases      ] GC(1122)   Merge Heap Roots: 0.0ms
[477.930s][info][gc,phases      ] GC(1122)   Evacuate Collection Set: 0.6ms
[477.930s][info][gc,phases      ] GC(1122)   Post Evacuate Collection Set: 0.2ms
[477.930s][info][gc,phases      ] GC(1122)   Other: 0.1ms
[477.930s][info][gc,heap        ] GC(1122) Eden regions: 3->0(24)
[477.930s][info][gc,heap        ] GC(1122) Survivor regions: 1->1(4)
[477.930s][info][gc,heap        ] GC(1122) Old regions: 491->491
[477.930s][info][gc,heap        ] GC(1122) Archive regions: 2->2
[477.930s][info][gc,heap        ] GC(1122) Humongous regions: 11->11
[477.930s][info][gc,metaspace   ] GC(1122) Metaspace: 48699K(50128K)->48699K(50128K) NonClass: 42859K(43856K)->42859K(43856K) Class: 5839K(6272K)->5839K(6272K)
[477.930s][info][gc             ] GC(1122) Pause Young (Normal) (G1 Humongous Allocation) 503M->501M(512M) 1.135ms
[477.930s][info][gc,cpu         ] GC(1122) User=0.00s Sys=0.00s Real=0.00s
[477.930s][info][gc,task        ] GC(1123) Using 8 workers of 8 for full compaction
[477.930s][info][gc,start       ] GC(1123) Pause Full (G1 Humongous Allocation)
[477.931s][info][gc,phases,start] GC(1123) Phase 1: Mark live objects
[478.234s][info][gc,phases      ] GC(1123) Phase 1: Mark live objects 302.746ms
[478.234s][info][gc,phases,start] GC(1123) Phase 2: Prepare for compaction
[478.270s][info][gc,phases      ] GC(1123) Phase 2: Prepare for compaction 36.195ms
[478.270s][info][gc,phases,start] GC(1123) Phase 3: Adjust pointers
[478.360s][info][gc,phases      ] GC(1123) Phase 3: Adjust pointers 90.121ms
[478.360s][info][gc,phases,start] GC(1123) Phase 4: Compact heap
[478.401s][info][gc,phases      ] GC(1123) Phase 4: Compact heap 40.483ms
[478.405s][info][gc,heap        ] GC(1123) Eden regions: 0->0(25)
[478.405s][info][gc,heap        ] GC(1123) Survivor regions: 1->0(4)
[478.405s][info][gc,heap        ] GC(1123) Old regions: 491->491
[478.405s][info][gc,heap        ] GC(1123) Archive regions: 2->2
[478.405s][info][gc,heap        ] GC(1123) Humongous regions: 11->11
[478.405s][info][gc,metaspace   ] GC(1123) Metaspace: 48699K(50128K)->48688K(50128K) NonClass: 42859K(43856K)->42850K(43856K) Class: 5839K(6272K)->5838K(6272K)
[478.405s][info][gc             ] GC(1123) Pause Full (G1 Humongous Allocation) 501M->500M(512M) 475.466ms
[478.407s][info][gc,cpu         ] GC(1123) User=2.62s Sys=0.06s Real=0.48s
[478.407s][info][gc,task        ] GC(1124) Using 8 workers of 8 for full compaction
[478.407s][info][gc,start       ] GC(1124) Pause Full (G1 Humongous Allocation)
[478.407s][info][gc,phases,start] GC(1124) Phase 1: Mark live objects
[478.715s][info][gc,phases      ] GC(1124) Phase 1: Mark live objects 307.411ms
[478.715s][info][gc,phases,start] GC(1124) Phase 2: Prepare for compaction
[478.750s][info][gc,phases      ] GC(1124) Phase 2: Prepare for compaction 34.909ms
[478.750s][info][gc,phases,start] GC(1124) Phase 3: Adjust pointers
[478.839s][info][gc,phases      ] GC(1124) Phase 3: Adjust pointers 89.661ms
[478.839s][info][gc,phases,start] GC(1124) Phase 4: Compact heap
[478.886s][info][gc,phases      ] GC(1124) Phase 4: Compact heap 46.914ms
[478.891s][info][gc,heap        ] GC(1124) Eden regions: 0->0(25)
[478.891s][info][gc,heap        ] GC(1124) Survivor regions: 0->0(4)
[478.891s][info][gc,heap        ] GC(1124) Old regions: 491->491
[478.891s][info][gc,heap        ] GC(1124) Archive regions: 2->2
[478.891s][info][gc,heap        ] GC(1124) Humongous regions: 11->11
[478.891s][info][gc,metaspace   ] GC(1124) Metaspace: 48688K(50128K)->48663K(50128K) NonClass: 42850K(43856K)->42829K(43856K) Class: 5838K(6272K)->5834K(6272K)
[478.891s][info][gc             ] GC(1124) Pause Full (G1 Humongous Allocation) 500M->500M(512M) 483.622ms
[478.893s][info][gc,cpu         ] GC(1124) User=2.59s Sys=0.07s Real=0.48s
[478.893s][info][gc,marking     ] GC(1121) Concurrent Mark From Roots 969.452ms
[478.894s][info][gc,marking     ] GC(1121) Concurrent Mark Abort
[478.894s][info][gc             ] GC(1121) Concurrent Cycle 972.234ms
[478.923s][info][gc,start       ] GC(1125) Pause Young (Normal) (G1 Evacuation Pause)
[478.923s][info][gc,task        ] GC(1125) Using 8 workers of 8 for evacuation
[478.942s][info][gc             ] GC(1125) To-space exhausted
[478.942s][info][gc,phases      ] GC(1125)   Pre Evacuate Collection Set: 0.2ms
[478.942s][info][gc,phases      ] GC(1125)   Merge Heap Roots: 0.1ms
[478.942s][info][gc,phases      ] GC(1125)   Evacuate Collection Set: 3.5ms
[478.942s][info][gc,phases      ] GC(1125)   Post Evacuate Collection Set: 15.0ms
[478.942s][info][gc,phases      ] GC(1125)   Other: 0.3ms
[478.942s][info][gc,heap        ] GC(1125) Eden regions: 8->0(25)
[478.942s][info][gc,heap        ] GC(1125) Survivor regions: 0->0(0)
[478.942s][info][gc,heap        ] GC(1125) Old regions: 491->499
[478.942s][info][gc,heap        ] GC(1125) Archive regions: 2->2
[478.942s][info][gc,heap        ] GC(1125) Humongous regions: 11->11
[478.942s][info][gc,metaspace   ] GC(1125) Metaspace: 48779K(50128K)->48779K(50128K) NonClass: 42929K(43856K)->42929K(43856K) Class: 5850K(6272K)->5850K(6272K)
[478.942s][info][gc             ] GC(1125) Pause Young (Normal) (G1 Evacuation Pause) 508M->508M(512M) 19.128ms
[478.942s][info][gc,cpu         ] GC(1125) User=0.02s Sys=0.00s Real=0.02s
[478.942s][info][gc,ergo        ] Attempting maximally compacting collection
[478.942s][info][gc,task        ] GC(1126) Using 8 workers of 8 for full compaction
[478.942s][info][gc,start       ] GC(1126) Pause Full (G1 Evacuation Pause)
[478.942s][info][gc,phases,start] GC(1126) Phase 1: Mark live objects
[479.281s][info][gc,phases      ] GC(1126) Phase 1: Mark live objects 339.085ms
[479.281s][info][gc,phases,start] GC(1126) Phase 2: Prepare for compaction
[479.327s][info][gc,phases      ] GC(1126) Phase 2: Prepare for compaction 45.475ms
[479.327s][info][gc,phases,start] GC(1126) Phase 3: Adjust pointers
[479.427s][info][gc,phases      ] GC(1126) Phase 3: Adjust pointers 99.618ms
[479.427s][info][gc,phases,start] GC(1126) Phase 4: Compact heap
[479.483s][info][gc,phases      ] GC(1126) Phase 4: Compact heap 56.394ms
[479.487s][info][gc,heap        ] GC(1126) Eden regions: 0->0(25)
[479.487s][info][gc,heap        ] GC(1126) Survivor regions: 0->0(0)
[479.487s][info][gc,heap        ] GC(1126) Old regions: 499->493
[479.487s][info][gc,heap        ] GC(1126) Archive regions: 2->2
[479.487s][info][gc,heap        ] GC(1126) Humongous regions: 11->11
[479.487s][info][gc,metaspace   ] GC(1126) Metaspace: 48779K(50128K)->48715K(50128K) NonClass: 42929K(43856K)->42874K(43856K) Class: 5850K(6272K)->5841K(6272K)
[479.487s][info][gc             ] GC(1126) Pause Full (G1 Evacuation Pause) 508M->501M(512M) 545.275ms
[479.489s][info][gc,cpu         ] GC(1126) User=2.67s Sys=0.07s Real=0.55s
[479.544s][info][gc,start       ] GC(1127) Pause Young (Concurrent Start) (G1 Evacuation Pause)
[479.544s][info][gc,task        ] GC(1127) Using 8 workers of 8 for evacuation
[479.553s][info][gc             ] GC(1127) To-space exhausted
[479.553s][info][gc,phases      ] GC(1127)   Pre Evacuate Collection Set: 0.2ms
[479.553s][info][gc,phases      ] GC(1127)   Merge Heap Roots: 0.2ms
[479.553s][info][gc,phases      ] GC(1127)   Evacuate Collection Set: 5.4ms
[479.553s][info][gc,phases      ] GC(1127)   Post Evacuate Collection Set: 3.5ms
[479.553s][info][gc,phases      ] GC(1127)   Other: 0.4ms
[479.553s][info][gc,heap        ] GC(1127) Eden regions: 6->0(25)
[479.553s][info][gc,heap        ] GC(1127) Survivor regions: 0->0(0)
[479.553s][info][gc,heap        ] GC(1127) Old regions: 493->499
[479.553s][info][gc,heap        ] GC(1127) Archive regions: 2->2
[479.553s][info][gc,heap        ] GC(1127) Humongous regions: 11->11
[479.553s][info][gc,metaspace   ] GC(1127) Metaspace: 48754K(50128K)->48754K(50128K) NonClass: 42908K(43856K)->42908K(43856K) Class: 5846K(6272K)->5846K(6272K)
[479.554s][info][gc             ] GC(1127) Pause Young (Concurrent Start) (G1 Evacuation Pause) 507M->507M(512M) 9.791ms
[479.554s][info][gc,cpu         ] GC(1127) User=0.03s Sys=0.00s Real=0.01s
[479.554s][info][gc,ergo        ] Attempting maximally compacting collection
[479.554s][info][gc             ] GC(1128) Concurrent Cycle
[479.554s][info][gc,marking     ] GC(1128) Concurrent Clear Claimed Marks
[479.554s][info][gc,task        ] GC(1129) Using 8 workers of 8 for full compaction
[479.554s][info][gc,marking     ] GC(1128) Concurrent Clear Claimed Marks 0.074ms
[479.554s][info][gc,marking     ] GC(1128) Concurrent Scan Root Regions
[479.554s][info][gc,start       ] GC(1129) Pause Full (G1 Evacuation Pause)
[479.554s][info][gc,marking     ] GC(1128) Concurrent Scan Root Regions 0.017ms
[479.554s][info][gc,marking     ] GC(1128) Concurrent Mark (479.554s)
[479.554s][info][gc,marking     ] GC(1128) Concurrent Mark From Roots
[479.554s][info][gc,task        ] GC(1128) Using 2 workers of 2 for marking
[479.555s][info][gc,phases,start] GC(1129) Phase 1: Mark live objects
[480.106s][info][gc,phases      ] GC(1129) Phase 1: Mark live objects 551.158ms
[480.106s][info][gc,phases,start] GC(1129) Phase 2: Prepare for compaction
[480.181s][info][gc,phases      ] GC(1129) Phase 2: Prepare for compaction 74.494ms
[480.181s][info][gc,phases,start] GC(1129) Phase 3: Adjust pointers
[480.333s][info][gc,phases      ] GC(1129) Phase 3: Adjust pointers 152.074ms
[480.333s][info][gc,phases,start] GC(1129) Phase 4: Compact heap
[480.396s][info][gc,phases      ] GC(1129) Phase 4: Compact heap 62.562ms
[480.401s][info][gc,heap        ] GC(1129) Eden regions: 0->0(25)
[480.401s][info][gc,heap        ] GC(1129) Survivor regions: 0->0(0)
[480.401s][info][gc,heap        ] GC(1129) Old regions: 499->490
[480.401s][info][gc,heap        ] GC(1129) Archive regions: 2->2
[480.401s][info][gc,heap        ] GC(1129) Humongous regions: 11->11
[480.401s][info][gc,metaspace   ] GC(1129) Metaspace: 48754K(50128K)->48729K(50128K) NonClass: 42908K(43856K)->42887K(43856K) Class: 5846K(6272K)->5842K(6272K)
[480.401s][info][gc             ] GC(1129) Pause Full (G1 Evacuation Pause) 507M->500M(512M) 847.084ms
[480.403s][info][gc,cpu         ] GC(1129) User=2.69s Sys=0.06s Real=0.85s
[480.413s][info][gc,marking     ] GC(1128) Concurrent Mark From Roots 859.457ms
[480.413s][info][gc,marking     ] GC(1128) Concurrent Mark Abort
[480.413s][info][gc             ] GC(1128) Concurrent Cycle 859.780ms
[489.740s][info][gc,start       ] GC(1130) Pause Young (Normal) (G1 Evacuation Pause)
[489.740s][info][gc,task        ] GC(1130) Using 8 workers of 8 for evacuation
[489.742s][info][gc             ] GC(1130) To-space exhausted
[489.742s][info][gc,phases      ] GC(1130)   Pre Evacuate Collection Set: 0.1ms
[489.742s][info][gc,phases      ] GC(1130)   Merge Heap Roots: 0.0ms
[489.742s][info][gc,phases      ] GC(1130)   Evacuate Collection Set: 0.5ms
[489.742s][info][gc,phases      ] GC(1130)   Post Evacuate Collection Set: 1.2ms
[489.742s][info][gc,phases      ] GC(1130)   Other: 0.2ms
[489.742s][info][gc,heap        ] GC(1130) Eden regions: 9->0(25)
[489.742s][info][gc,heap        ] GC(1130) Survivor regions: 0->0(0)
[489.742s][info][gc,heap        ] GC(1130) Old regions: 490->495
[489.742s][info][gc,heap        ] GC(1130) Archive regions: 2->2
[489.742s][info][gc,heap        ] GC(1130) Humongous regions: 11->11
[489.742s][info][gc,metaspace   ] GC(1130) Metaspace: 48763K(50128K)->48763K(50128K) NonClass: 42916K(43856K)->42916K(43856K) Class: 5847K(6272K)->5847K(6272K)
[489.742s][info][gc             ] GC(1130) Pause Young (Normal) (G1 Evacuation Pause) 509M->505M(512M) 2.066ms
[489.742s][info][gc,cpu         ] GC(1130) User=0.01s Sys=0.00s Real=0.00s
[509.737s][info][gc,start       ] GC(1131) Pause Young (Concurrent Start) (G1 Evacuation Pause)
[509.737s][info][gc,task        ] GC(1131) Using 8 workers of 8 for evacuation
[509.738s][info][gc             ] GC(1131) To-space exhausted
[509.738s][info][gc,phases      ] GC(1131)   Pre Evacuate Collection Set: 0.1ms
[509.738s][info][gc,phases      ] GC(1131)   Merge Heap Roots: 0.1ms
[509.738s][info][gc,phases      ] GC(1131)   Evacuate Collection Set: 0.6ms
[509.738s][info][gc,phases      ] GC(1131)   Post Evacuate Collection Set: 0.5ms
[509.738s][info][gc,phases      ] GC(1131)   Other: 0.3ms
[509.739s][info][gc,heap        ] GC(1131) Eden regions: 4->0(25)
[509.739s][info][gc,heap        ] GC(1131) Survivor regions: 0->0(0)
[509.739s][info][gc,heap        ] GC(1131) Old regions: 495->497
[509.739s][info][gc,heap        ] GC(1131) Archive regions: 2->2
[509.739s][info][gc,heap        ] GC(1131) Humongous regions: 11->11
[509.739s][info][gc,metaspace   ] GC(1131) Metaspace: 48765K(50128K)->48765K(50128K) NonClass: 42917K(43856K)->42917K(43856K) Class: 5847K(6272K)->5847K(6272K)
[509.739s][info][gc             ] GC(1131) Pause Young (Concurrent Start) (G1 Evacuation Pause) 509M->507M(512M) 1.655ms
[509.739s][info][gc,cpu         ] GC(1131) User=0.01s Sys=0.01s Real=0.00s
[509.739s][info][gc             ] GC(1132) Concurrent Cycle
[509.739s][info][gc,marking     ] GC(1132) Concurrent Clear Claimed Marks
[509.739s][info][gc,marking     ] GC(1132) Concurrent Clear Claimed Marks 0.039ms
[509.739s][info][gc,marking     ] GC(1132) Concurrent Scan Root Regions
[509.739s][info][gc,marking     ] GC(1132) Concurrent Scan Root Regions 0.010ms
[509.739s][info][gc,marking     ] GC(1132) Concurrent Mark (509.739s)
[509.739s][info][gc,marking     ] GC(1132) Concurrent Mark From Roots
[509.739s][info][gc,task        ] GC(1132) Using 2 workers of 2 for marking
[510.262s][info][gc,marking     ] GC(1132) Concurrent Mark From Roots 523.314ms
[510.262s][info][gc,marking     ] GC(1132) Concurrent Preclean
[510.262s][info][gc,marking     ] GC(1132) Concurrent Preclean 0.072ms
[510.262s][info][gc,marking     ] GC(1132) Concurrent Mark (509.739s, 510.262s) 523.446ms
[510.262s][info][gc,start       ] GC(1132) Pause Remark
[510.264s][info][gc             ] GC(1132) Pause Remark 507M->506M(512M) 1.390ms
[510.264s][info][gc,cpu         ] GC(1132) User=0.01s Sys=0.00s Real=0.00s
[510.264s][info][gc,marking     ] GC(1132) Concurrent Rebuild Remembered Sets
[510.558s][info][gc,marking     ] GC(1132) Concurrent Rebuild Remembered Sets 293.942ms
[510.559s][info][gc,start       ] GC(1132) Pause Cleanup
[510.560s][info][gc             ] GC(1132) Pause Cleanup 506M->506M(512M) 0.344ms
[510.560s][info][gc,cpu         ] GC(1132) User=0.00s Sys=0.00s Real=0.00s
[510.560s][info][gc,marking     ] GC(1132) Concurrent Cleanup for Next Mark
[510.561s][info][gc,marking     ] GC(1132) Concurrent Cleanup for Next Mark 0.881ms
[510.561s][info][gc             ] GC(1132) Concurrent Cycle 822.058ms
[524.737s][info][gc,start       ] GC(1133) Pause Young (Normal) (G1 Evacuation Pause)
[524.737s][info][gc,task        ] GC(1133) Using 8 workers of 8 for evacuation
[524.738s][info][gc             ] GC(1133) To-space exhausted
[524.738s][info][gc,phases      ] GC(1133)   Pre Evacuate Collection Set: 0.1ms
[524.738s][info][gc,phases      ] GC(1133)   Merge Heap Roots: 0.0ms
[524.738s][info][gc,phases      ] GC(1133)   Evacuate Collection Set: 0.3ms
[524.738s][info][gc,phases      ] GC(1133)   Post Evacuate Collection Set: 0.6ms
[524.738s][info][gc,phases      ] GC(1133)   Other: 0.2ms
[524.738s][info][gc,heap        ] GC(1133) Eden regions: 3->0(25)
[524.738s][info][gc,heap        ] GC(1133) Survivor regions: 0->0(0)
[524.738s][info][gc,heap        ] GC(1133) Old regions: 496->499
[524.738s][info][gc,heap        ] GC(1133) Archive regions: 2->2
[524.738s][info][gc,heap        ] GC(1133) Humongous regions: 11->11
[524.739s][info][gc,metaspace   ] GC(1133) Metaspace: 48765K(50128K)->48765K(50128K) NonClass: 42917K(43856K)->42917K(43856K) Class: 5847K(6272K)->5847K(6272K)
[524.739s][info][gc             ] GC(1133) Pause Young (Normal) (G1 Evacuation Pause) 509M->509M(512M) 1.326ms
[524.739s][info][gc,cpu         ] GC(1133) User=0.00s Sys=0.00s Real=0.00s
[524.739s][info][gc,ergo        ] Attempting maximally compacting collection
[524.739s][info][gc,task        ] GC(1134) Using 8 workers of 8 for full compaction
[524.739s][info][gc,start       ] GC(1134) Pause Full (G1 Evacuation Pause)
[524.739s][info][gc,phases,start] GC(1134) Phase 1: Mark live objects
[525.030s][info][gc,phases      ] GC(1134) Phase 1: Mark live objects 291.063ms
[525.030s][info][gc,phases,start] GC(1134) Phase 2: Prepare for compaction
[525.085s][info][gc,phases      ] GC(1134) Phase 2: Prepare for compaction 54.919ms
[525.085s][info][gc,phases,start] GC(1134) Phase 3: Adjust pointers
[525.197s][info][gc,phases      ] GC(1134) Phase 3: Adjust pointers 111.997ms
[525.197s][info][gc,phases,start] GC(1134) Phase 4: Compact heap
[525.245s][info][gc,phases      ] GC(1134) Phase 4: Compact heap 48.251ms
[525.250s][info][gc,heap        ] GC(1134) Eden regions: 0->0(25)
[525.250s][info][gc,heap        ] GC(1134) Survivor regions: 0->0(0)
[525.250s][info][gc,heap        ] GC(1134) Old regions: 499->490
[525.250s][info][gc,heap        ] GC(1134) Archive regions: 2->2
[525.250s][info][gc,heap        ] GC(1134) Humongous regions: 11->11
[525.250s][info][gc,metaspace   ] GC(1134) Metaspace: 48765K(50128K)->48651K(50128K) NonClass: 42917K(43856K)->42819K(43856K) Class: 5847K(6272K)->5831K(6272K)
[525.250s][info][gc             ] GC(1134) Pause Full (G1 Evacuation Pause) 509M->498M(512M) 511.403ms
[525.251s][info][gc,cpu         ] GC(1134) User=2.47s Sys=0.06s Real=0.51s
[559.739s][info][gc,start       ] GC(1135) Pause Young (Concurrent Start) (G1 Evacuation Pause)
[559.739s][info][gc,task        ] GC(1135) Using 8 workers of 8 for evacuation
[559.741s][info][gc             ] GC(1135) To-space exhausted
[559.741s][info][gc,phases      ] GC(1135)   Pre Evacuate Collection Set: 0.1ms
[559.741s][info][gc,phases      ] GC(1135)   Merge Heap Roots: 0.1ms
[559.741s][info][gc,phases      ] GC(1135)   Evacuate Collection Set: 0.6ms
[559.741s][info][gc,phases      ] GC(1135)   Post Evacuate Collection Set: 1.4ms
[559.741s][info][gc,phases      ] GC(1135)   Other: 0.2ms
[559.741s][info][gc,heap        ] GC(1135) Eden regions: 9->0(25)
[559.741s][info][gc,heap        ] GC(1135) Survivor regions: 0->0(0)
[559.741s][info][gc,heap        ] GC(1135) Old regions: 490->495
[559.741s][info][gc,heap        ] GC(1135) Archive regions: 2->2
[559.741s][info][gc,heap        ] GC(1135) Humongous regions: 11->11
[559.741s][info][gc,metaspace   ] GC(1135) Metaspace: 48757K(50128K)->48757K(50128K) NonClass: 42910K(43856K)->42910K(43856K) Class: 5846K(6272K)->5846K(6272K)
[559.741s][info][gc             ] GC(1135) Pause Young (Concurrent Start) (G1 Evacuation Pause) 507M->503M(512M) 2.381ms
[559.741s][info][gc,cpu         ] GC(1135) User=0.01s Sys=0.00s Real=0.00s
[559.741s][info][gc             ] GC(1136) Concurrent Cycle
[559.741s][info][gc,marking     ] GC(1136) Concurrent Clear Claimed Marks
[559.741s][info][gc,marking     ] GC(1136) Concurrent Clear Claimed Marks 0.047ms
[559.741s][info][gc,marking     ] GC(1136) Concurrent Scan Root Regions
[559.741s][info][gc,marking     ] GC(1136) Concurrent Scan Root Regions 0.010ms
[559.741s][info][gc,marking     ] GC(1136) Concurrent Mark (559.741s)
[559.741s][info][gc,marking     ] GC(1136) Concurrent Mark From Roots
[559.741s][info][gc,task        ] GC(1136) Using 2 workers of 2 for marking
[560.252s][info][gc,marking     ] GC(1136) Concurrent Mark From Roots 510.474ms
[560.252s][info][gc,marking     ] GC(1136) Concurrent Preclean
[560.252s][info][gc,marking     ] GC(1136) Concurrent Preclean 0.099ms
[560.252s][info][gc,marking     ] GC(1136) Concurrent Mark (559.741s, 560.252s) 510.664ms
[560.252s][info][gc,start       ] GC(1136) Pause Remark
[560.257s][info][gc             ] GC(1136) Pause Remark 504M->504M(512M) 4.757ms
[560.257s][info][gc,cpu         ] GC(1136) User=0.02s Sys=0.00s Real=0.01s
[560.257s][info][gc,marking     ] GC(1136) Concurrent Rebuild Remembered Sets
[560.546s][info][gc,marking     ] GC(1136) Concurrent Rebuild Remembered Sets 288.939ms
[560.547s][info][gc,start       ] GC(1136) Pause Cleanup
[560.547s][info][gc             ] GC(1136) Pause Cleanup 504M->504M(512M) 0.373ms
[560.547s][info][gc,cpu         ] GC(1136) User=0.00s Sys=0.00s Real=0.00s
[560.547s][info][gc,marking     ] GC(1136) Concurrent Cleanup for Next Mark
[560.548s][info][gc,marking     ] GC(1136) Concurrent Cleanup for Next Mark 0.664ms
[560.548s][info][gc             ] GC(1136) Concurrent Cycle 807.179ms
[578.931s][info][gc,start       ] GC(1137) Pause Young (Normal) (G1 Evacuation Pause)
[578.931s][info][gc,task        ] GC(1137) Using 8 workers of 8 for evacuation
[578.934s][info][gc             ] GC(1137) To-space exhausted
[578.934s][info][gc,phases      ] GC(1137)   Pre Evacuate Collection Set: 0.1ms
[578.934s][info][gc,phases      ] GC(1137)   Merge Heap Roots: 0.1ms
[578.934s][info][gc,phases      ] GC(1137)   Evacuate Collection Set: 0.8ms
[578.934s][info][gc,phases      ] GC(1137)   Post Evacuate Collection Set: 1.7ms
[578.934s][info][gc,phases      ] GC(1137)   Other: 0.3ms
[578.934s][info][gc,heap        ] GC(1137) Eden regions: 4->0(25)
[578.934s][info][gc,heap        ] GC(1137) Survivor regions: 0->0(0)
[578.934s][info][gc,heap        ] GC(1137) Old regions: 495->498
[578.934s][info][gc,heap        ] GC(1137) Archive regions: 2->2
[578.934s][info][gc,heap        ] GC(1137) Humongous regions: 11->11
[578.934s][info][gc,metaspace   ] GC(1137) Metaspace: 48765K(50128K)->48765K(50128K) NonClass: 42918K(43856K)->42918K(43856K) Class: 5846K(6272K)->5846K(6272K)
[578.934s][info][gc             ] GC(1137) Pause Young (Normal) (G1 Evacuation Pause) 507M->506M(512M) 3.092ms
[578.934s][info][gc,cpu         ] GC(1137) User=0.00s Sys=0.00s Real=0.00s
[583.735s][info][gc,start       ] GC(1138) Pause Young (Concurrent Start) (G1 Evacuation Pause)
[583.735s][info][gc,task        ] GC(1138) Using 8 workers of 8 for evacuation
[583.736s][info][gc             ] GC(1138) To-space exhausted
[583.736s][info][gc,phases      ] GC(1138)   Pre Evacuate Collection Set: 0.1ms
[583.736s][info][gc,phases      ] GC(1138)   Merge Heap Roots: 0.0ms
[583.736s][info][gc,phases      ] GC(1138)   Evacuate Collection Set: 0.7ms
[583.736s][info][gc,phases      ] GC(1138)   Post Evacuate Collection Set: 0.5ms
[583.736s][info][gc,phases      ] GC(1138)   Other: 0.2ms
[583.736s][info][gc,heap        ] GC(1138) Eden regions: 1->0(25)
[583.736s][info][gc,heap        ] GC(1138) Survivor regions: 0->0(0)
[583.736s][info][gc,heap        ] GC(1138) Old regions: 498->499
[583.736s][info][gc,heap        ] GC(1138) Archive regions: 2->2
[583.736s][info][gc,heap        ] GC(1138) Humongous regions: 11->11
[583.736s][info][gc,metaspace   ] GC(1138) Metaspace: 48768K(50128K)->48768K(50128K) NonClass: 42921K(43856K)->42921K(43856K) Class: 5846K(6272K)->5846K(6272K)
[583.737s][info][gc             ] GC(1138) Pause Young (Concurrent Start) (G1 Evacuation Pause) 507M->507M(512M) 1.576ms
[583.737s][info][gc,cpu         ] GC(1138) User=0.00s Sys=0.00s Real=0.01s
[583.737s][info][gc,ergo        ] Attempting maximally compacting collection
[583.737s][info][gc             ] GC(1139) Concurrent Cycle
[583.737s][info][gc,task        ] GC(1140) Using 8 workers of 8 for full compaction
[583.737s][info][gc,marking     ] GC(1139) Concurrent Clear Claimed Marks
[583.737s][info][gc,start       ] GC(1140) Pause Full (G1 Evacuation Pause)
[583.737s][info][gc,marking     ] GC(1139) Concurrent Clear Claimed Marks 0.038ms
[583.737s][info][gc,marking     ] GC(1139) Concurrent Scan Root Regions
[583.737s][info][gc,marking     ] GC(1139) Concurrent Scan Root Regions 0.022ms
[583.737s][info][gc,marking     ] GC(1139) Concurrent Mark (583.737s)
[583.737s][info][gc,marking     ] GC(1139) Concurrent Mark From Roots
[583.737s][info][gc,task        ] GC(1139) Using 2 workers of 2 for marking
[583.737s][info][gc,phases,start] GC(1140) Phase 1: Mark live objects
[584.005s][info][gc,phases      ] GC(1140) Phase 1: Mark live objects 268.076ms
[584.005s][info][gc,phases,start] GC(1140) Phase 2: Prepare for compaction
[584.053s][info][gc,phases      ] GC(1140) Phase 2: Prepare for compaction 47.764ms
[584.053s][info][gc,phases,start] GC(1140) Phase 3: Adjust pointers
[584.151s][info][gc,phases      ] GC(1140) Phase 3: Adjust pointers 97.423ms
[584.151s][info][gc,phases,start] GC(1140) Phase 4: Compact heap
[584.204s][info][gc,phases      ] GC(1140) Phase 4: Compact heap 53.476ms
[584.209s][info][gc,heap        ] GC(1140) Eden regions: 0->0(25)
[584.209s][info][gc,heap        ] GC(1140) Survivor regions: 0->0(0)
[584.209s][info][gc,heap        ] GC(1140) Old regions: 499->490
[584.209s][info][gc,heap        ] GC(1140) Archive regions: 2->2
[584.209s][info][gc,heap        ] GC(1140) Humongous regions: 11->11
[584.209s][info][gc,metaspace   ] GC(1140) Metaspace: 48768K(50128K)->48687K(50128K) NonClass: 42921K(43856K)->42852K(43856K) Class: 5846K(6272K)->5835K(6272K)
[584.209s][info][gc             ] GC(1140) Pause Full (G1 Evacuation Pause) 507M->497M(512M) 472.839ms
[584.211s][info][gc,cpu         ] GC(1140) User=2.48s Sys=0.08s Real=0.47s
[584.211s][info][gc,marking     ] GC(1139) Concurrent Mark From Roots 473.986ms
[584.211s][info][gc,marking     ] GC(1139) Concurrent Mark Abort
[584.211s][info][gc             ] GC(1139) Concurrent Cycle 474.174ms
[625.737s][info][gc,start       ] GC(1141) Pause Young (Normal) (G1 Evacuation Pause)
[625.737s][info][gc,task        ] GC(1141) Using 8 workers of 8 for evacuation
[625.738s][info][gc             ] GC(1141) To-space exhausted
[625.738s][info][gc,phases      ] GC(1141)   Pre Evacuate Collection Set: 0.1ms
[625.738s][info][gc,phases      ] GC(1141)   Merge Heap Roots: 0.0ms
[625.738s][info][gc,phases      ] GC(1141)   Evacuate Collection Set: 0.3ms
[625.738s][info][gc,phases      ] GC(1141)   Post Evacuate Collection Set: 1.0ms
[625.738s][info][gc,phases      ] GC(1141)   Other: 0.2ms
[625.738s][info][gc,heap        ] GC(1141) Eden regions: 9->0(25)
[625.738s][info][gc,heap        ] GC(1141) Survivor regions: 0->0(0)
[625.738s][info][gc,heap        ] GC(1141) Old regions: 490->496
[625.738s][info][gc,heap        ] GC(1141) Archive regions: 2->2
[625.739s][info][gc,heap        ] GC(1141) Humongous regions: 11->11
[625.739s][info][gc,metaspace   ] GC(1141) Metaspace: 48780K(50128K)->48780K(50128K) NonClass: 42932K(43856K)->42932K(43856K) Class: 5848K(6272K)->5848K(6272K)
[625.739s][info][gc             ] GC(1141) Pause Young (Normal) (G1 Evacuation Pause) 506M->503M(512M) 1.650ms
[625.739s][info][gc,cpu         ] GC(1141) User=0.00s Sys=0.00s Real=0.00s
[640.738s][info][gc,start       ] GC(1142) Pause Young (Concurrent Start) (G1 Evacuation Pause)
[640.738s][info][gc,task        ] GC(1142) Using 8 workers of 8 for evacuation
[640.739s][info][gc             ] GC(1142) To-space exhausted
[640.740s][info][gc,phases      ] GC(1142)   Pre Evacuate Collection Set: 0.1ms
[640.740s][info][gc,phases      ] GC(1142)   Merge Heap Roots: 0.0ms
[640.740s][info][gc,phases      ] GC(1142)   Evacuate Collection Set: 0.6ms
[640.740s][info][gc,phases      ] GC(1142)   Post Evacuate Collection Set: 0.6ms
[640.740s][info][gc,phases      ] GC(1142)   Other: 0.2ms
[640.740s][info][gc,heap        ] GC(1142) Eden regions: 3->0(25)
[640.740s][info][gc,heap        ] GC(1142) Survivor regions: 0->0(0)
[640.740s][info][gc,heap        ] GC(1142) Old regions: 496->498
[640.740s][info][gc,heap        ] GC(1142) Archive regions: 2->2
[640.740s][info][gc,heap        ] GC(1142) Humongous regions: 11->11
[640.740s][info][gc,metaspace   ] GC(1142) Metaspace: 48780K(50128K)->48780K(50128K) NonClass: 42932K(43856K)->42932K(43856K) Class: 5848K(6272K)->5848K(6272K)
[640.740s][info][gc             ] GC(1142) Pause Young (Concurrent Start) (G1 Evacuation Pause) 506M->505M(512M) 1.531ms
[640.740s][info][gc,cpu         ] GC(1142) User=0.00s Sys=0.00s Real=0.00s
[640.740s][info][gc             ] GC(1143) Concurrent Cycle
[640.740s][info][gc,marking     ] GC(1143) Concurrent Clear Claimed Marks
[640.740s][info][gc,marking     ] GC(1143) Concurrent Clear Claimed Marks 0.038ms
[640.740s][info][gc,marking     ] GC(1143) Concurrent Scan Root Regions
[640.740s][info][gc,marking     ] GC(1143) Concurrent Scan Root Regions 0.007ms
[640.740s][info][gc,marking     ] GC(1143) Concurrent Mark (640.740s)
[640.740s][info][gc,marking     ] GC(1143) Concurrent Mark From Roots
[640.740s][info][gc,task        ] GC(1143) Using 2 workers of 2 for marking
[641.263s][info][gc,marking     ] GC(1143) Concurrent Mark From Roots 523.237ms
[641.263s][info][gc,marking     ] GC(1143) Concurrent Preclean
[641.263s][info][gc,marking     ] GC(1143) Concurrent Preclean 0.070ms
[641.263s][info][gc,marking     ] GC(1143) Concurrent Mark (640.740s, 641.263s) 523.363ms
[641.263s][info][gc,start       ] GC(1143) Pause Remark
[641.267s][info][gc             ] GC(1143) Pause Remark 505M->503M(512M) 3.449ms
[641.267s][info][gc,cpu         ] GC(1143) User=0.02s Sys=0.01s Real=0.01s
[641.267s][info][gc,marking     ] GC(1143) Concurrent Rebuild Remembered Sets
[641.569s][info][gc,marking     ] GC(1143) Concurrent Rebuild Remembered Sets 302.094ms
[641.570s][info][gc,start       ] GC(1143) Pause Cleanup
[641.571s][info][gc             ] GC(1143) Pause Cleanup 503M->503M(512M) 0.735ms
[641.571s][info][gc,cpu         ] GC(1143) User=0.00s Sys=0.00s Real=0.00s
[641.571s][info][gc,marking     ] GC(1143) Concurrent Cleanup for Next Mark
[641.572s][info][gc,marking     ] GC(1143) Concurrent Cleanup for Next Mark 1.248ms
[641.573s][info][gc             ] GC(1143) Concurrent Cycle 832.909ms
[655.735s][info][gc,start       ] GC(1144) Pause Young (Normal) (G1 Evacuation Pause)
[655.735s][info][gc,task        ] GC(1144) Using 8 workers of 8 for evacuation
[655.737s][info][gc             ] GC(1144) To-space exhausted
[655.737s][info][gc,phases      ] GC(1144)   Pre Evacuate Collection Set: 0.1ms
[655.737s][info][gc,phases      ] GC(1144)   Merge Heap Roots: 0.0ms
[655.737s][info][gc,phases      ] GC(1144)   Evacuate Collection Set: 0.3ms
[655.737s][info][gc,phases      ] GC(1144)   Post Evacuate Collection Set: 1.0ms
[655.737s][info][gc,phases      ] GC(1144)   Other: 0.2ms
[655.737s][info][gc,heap        ] GC(1144) Eden regions: 3->0(25)
[655.737s][info][gc,heap        ] GC(1144) Survivor regions: 0->0(0)
[655.737s][info][gc,heap        ] GC(1144) Old regions: 496->499
[655.737s][info][gc,heap        ] GC(1144) Archive regions: 2->2
[655.737s][info][gc,heap        ] GC(1144) Humongous regions: 11->11
[655.737s][info][gc,metaspace   ] GC(1144) Metaspace: 48769K(50128K)->48769K(50128K) NonClass: 42922K(43856K)->42922K(43856K) Class: 5846K(6272K)->5846K(6272K)
[655.737s][info][gc             ] GC(1144) Pause Young (Normal) (G1 Evacuation Pause) 506M->506M(512M) 1.819ms
[655.737s][info][gc,cpu         ] GC(1144) User=0.00s Sys=0.00s Real=0.01s
[655.737s][info][gc,ergo        ] Attempting maximally compacting collection
[655.737s][info][gc,task        ] GC(1145) Using 8 workers of 8 for full compaction
[655.737s][info][gc,start       ] GC(1145) Pause Full (G1 Evacuation Pause)
[655.737s][info][gc,phases,start] GC(1145) Phase 1: Mark live objects
[656.026s][info][gc,phases      ] GC(1145) Phase 1: Mark live objects 288.564ms
[656.026s][info][gc,phases,start] GC(1145) Phase 2: Prepare for compaction
[656.066s][info][gc,phases      ] GC(1145) Phase 2: Prepare for compaction 39.875ms
[656.066s][info][gc,phases,start] GC(1145) Phase 3: Adjust pointers
[656.162s][info][gc,phases      ] GC(1145) Phase 3: Adjust pointers 96.028ms
[656.162s][info][gc,phases,start] GC(1145) Phase 4: Compact heap
[656.209s][info][gc,phases      ] GC(1145) Phase 4: Compact heap 47.031ms
[656.215s][info][gc,heap        ] GC(1145) Eden regions: 0->0(25)
[656.215s][info][gc,heap        ] GC(1145) Survivor regions: 0->0(0)
[656.215s][info][gc,heap        ] GC(1145) Old regions: 499->490
[656.215s][info][gc,heap        ] GC(1145) Archive regions: 2->2
[656.215s][info][gc,heap        ] GC(1145) Humongous regions: 11->11
[656.215s][info][gc,metaspace   ] GC(1145) Metaspace: 48769K(50128K)->48720K(50128K) NonClass: 42922K(43856K)->42881K(43856K) Class: 5846K(6272K)->5839K(6272K)
[656.215s][info][gc             ] GC(1145) Pause Full (G1 Evacuation Pause) 506M->497M(512M) 478.332ms
[656.217s][info][gc,cpu         ] GC(1145) User=2.45s Sys=0.07s Real=0.48s
[699.736s][info][gc,start       ] GC(1146) Pause Young (Concurrent Start) (G1 Evacuation Pause)
[699.736s][info][gc,task        ] GC(1146) Using 8 workers of 8 for evacuation
[699.737s][info][gc             ] GC(1146) To-space exhausted
[699.737s][info][gc,phases      ] GC(1146)   Pre Evacuate Collection Set: 0.1ms
[699.737s][info][gc,phases      ] GC(1146)   Merge Heap Roots: 0.0ms
[699.737s][info][gc,phases      ] GC(1146)   Evacuate Collection Set: 0.6ms
[699.737s][info][gc,phases      ] GC(1146)   Post Evacuate Collection Set: 0.9ms
[699.737s][info][gc,phases      ] GC(1146)   Other: 0.2ms
[699.737s][info][gc,heap        ] GC(1146) Eden regions: 9->0(25)
[699.737s][info][gc,heap        ] GC(1146) Survivor regions: 0->0(0)
[699.737s][info][gc,heap        ] GC(1146) Old regions: 490->494
[699.737s][info][gc,heap        ] GC(1146) Archive regions: 2->2
[699.738s][info][gc,heap        ] GC(1146) Humongous regions: 11->11
[699.738s][info][gc,metaspace   ] GC(1146) Metaspace: 48769K(50128K)->48769K(50128K) NonClass: 42922K(43856K)->42922K(43856K) Class: 5846K(6272K)->5846K(6272K)
[699.738s][info][gc             ] GC(1146) Pause Young (Concurrent Start) (G1 Evacuation Pause) 506M->501M(512M) 1.867ms
[699.738s][info][gc,cpu         ] GC(1146) User=0.00s Sys=0.00s Real=0.00s
[699.738s][info][gc             ] GC(1147) Concurrent Cycle
[699.738s][info][gc,marking     ] GC(1147) Concurrent Clear Claimed Marks
[699.738s][info][gc,marking     ] GC(1147) Concurrent Clear Claimed Marks 0.045ms
[699.738s][info][gc,marking     ] GC(1147) Concurrent Scan Root Regions
[699.738s][info][gc,marking     ] GC(1147) Concurrent Scan Root Regions 0.009ms
[699.738s][info][gc,marking     ] GC(1147) Concurrent Mark (699.738s)
[699.738s][info][gc,marking     ] GC(1147) Concurrent Mark From Roots
[699.738s][info][gc,task        ] GC(1147) Using 2 workers of 2 for marking
[700.281s][info][gc,marking     ] GC(1147) Concurrent Mark From Roots 543.166ms
[700.281s][info][gc,marking     ] GC(1147) Concurrent Preclean
[700.281s][info][gc,marking     ] GC(1147) Concurrent Preclean 0.078ms
[700.281s][info][gc,marking     ] GC(1147) Concurrent Mark (699.738s, 700.281s) 543.304ms
[700.281s][info][gc,start       ] GC(1147) Pause Remark
[700.282s][info][gc             ] GC(1147) Pause Remark 502M->502M(512M) 1.163ms
[700.282s][info][gc,cpu         ] GC(1147) User=0.01s Sys=0.00s Real=0.00s
[700.282s][info][gc,marking     ] GC(1147) Concurrent Rebuild Remembered Sets
[700.581s][info][gc,marking     ] GC(1147) Concurrent Rebuild Remembered Sets 298.687ms
[700.582s][info][gc,start       ] GC(1147) Pause Cleanup
[700.582s][info][gc             ] GC(1147) Pause Cleanup 502M->502M(512M) 0.309ms
[700.582s][info][gc,cpu         ] GC(1147) User=0.00s Sys=0.00s Real=0.00s
[700.582s][info][gc,marking     ] GC(1147) Concurrent Cleanup for Next Mark
[700.583s][info][gc,marking     ] GC(1147) Concurrent Cleanup for Next Mark 0.626ms
[700.583s][info][gc             ] GC(1147) Concurrent Cycle 845.270ms
[724.736s][info][gc,start       ] GC(1148) Pause Young (Normal) (G1 Evacuation Pause)
[724.736s][info][gc,task        ] GC(1148) Using 8 workers of 8 for evacuation
[724.737s][info][gc             ] GC(1148) To-space exhausted
[724.737s][info][gc,phases      ] GC(1148)   Pre Evacuate Collection Set: 0.1ms
[724.737s][info][gc,phases      ] GC(1148)   Merge Heap Roots: 0.0ms
[724.737s][info][gc,phases      ] GC(1148)   Evacuate Collection Set: 0.3ms
[724.737s][info][gc,phases      ] GC(1148)   Post Evacuate Collection Set: 0.6ms
[724.737s][info][gc,phases      ] GC(1148)   Other: 0.1ms
[724.737s][info][gc,heap        ] GC(1148) Eden regions: 5->0(25)
[724.737s][info][gc,heap        ] GC(1148) Survivor regions: 0->0(0)
[724.737s][info][gc,heap        ] GC(1148) Old regions: 494->497
[724.737s][info][gc,heap        ] GC(1148) Archive regions: 2->2
[724.737s][info][gc,heap        ] GC(1148) Humongous regions: 11->11
[724.737s][info][gc,metaspace   ] GC(1148) Metaspace: 48769K(50128K)->48769K(50128K) NonClass: 42922K(43856K)->42922K(43856K) Class: 5846K(6272K)->5846K(6272K)
[724.737s][info][gc             ] GC(1148) Pause Young (Normal) (G1 Evacuation Pause) 506M->504M(512M) 1.173ms
[724.737s][info][gc,cpu         ] GC(1148) User=0.00s Sys=0.00s Real=0.00s
[734.739s][info][gc,start       ] GC(1149) Pause Young (Concurrent Start) (G1 Evacuation Pause)
[734.739s][info][gc,task        ] GC(1149) Using 8 workers of 8 for evacuation
[734.740s][info][gc             ] GC(1149) To-space exhausted
[734.740s][info][gc,phases      ] GC(1149)   Pre Evacuate Collection Set: 0.1ms
[734.740s][info][gc,phases      ] GC(1149)   Merge Heap Roots: 0.0ms
[734.740s][info][gc,phases      ] GC(1149)   Evacuate Collection Set: 0.5ms
[734.740s][info][gc,phases      ] GC(1149)   Post Evacuate Collection Set: 0.6ms
[734.740s][info][gc,phases      ] GC(1149)   Other: 0.1ms
[734.740s][info][gc,heap        ] GC(1149) Eden regions: 2->0(25)
[734.740s][info][gc,heap        ] GC(1149) Survivor regions: 0->0(0)
[734.740s][info][gc,heap        ] GC(1149) Old regions: 497->499
[734.740s][info][gc,heap        ] GC(1149) Archive regions: 2->2
[734.740s][info][gc,heap        ] GC(1149) Humongous regions: 11->11
[734.740s][info][gc,metaspace   ] GC(1149) Metaspace: 48769K(50128K)->48769K(50128K) NonClass: 42922K(43856K)->42922K(43856K) Class: 5846K(6272K)->5846K(6272K)
[734.741s][info][gc             ] GC(1149) Pause Young (Concurrent Start) (G1 Evacuation Pause) 506M->506M(512M) 1.424ms
[734.741s][info][gc,cpu         ] GC(1149) User=0.00s Sys=0.00s Real=0.00s
[734.741s][info][gc,ergo        ] Attempting maximally compacting collection
[734.741s][info][gc,task        ] GC(1150) Using 8 workers of 8 for full compaction
[734.741s][info][gc             ] GC(1151) Concurrent Cycle
[734.741s][info][gc,start       ] GC(1150) Pause Full (G1 Evacuation Pause)
[734.741s][info][gc,marking     ] GC(1151) Concurrent Clear Claimed Marks
[734.741s][info][gc,marking     ] GC(1151) Concurrent Clear Claimed Marks 0.034ms
[734.741s][info][gc,marking     ] GC(1151) Concurrent Scan Root Regions
[734.741s][info][gc,marking     ] GC(1151) Concurrent Scan Root Regions 0.008ms
[734.741s][info][gc,marking     ] GC(1151) Concurrent Mark (734.741s)
[734.741s][info][gc,marking     ] GC(1151) Concurrent Mark From Roots
[734.741s][info][gc,task        ] GC(1151) Using 2 workers of 2 for marking
[734.741s][info][gc,phases,start] GC(1150) Phase 1: Mark live objects
[735.059s][info][gc,phases      ] GC(1150) Phase 1: Mark live objects 317.805ms
[735.059s][info][gc,phases,start] GC(1150) Phase 2: Prepare for compaction
[735.108s][info][gc,phases      ] GC(1150) Phase 2: Prepare for compaction 48.868ms
[735.108s][info][gc,phases,start] GC(1150) Phase 3: Adjust pointers
[735.217s][info][gc,phases      ] GC(1150) Phase 3: Adjust pointers 108.704ms
[735.217s][info][gc,phases,start] GC(1150) Phase 4: Compact heap
[735.263s][info][gc,phases      ] GC(1150) Phase 4: Compact heap 46.173ms
[735.267s][info][gc,heap        ] GC(1150) Eden regions: 0->0(25)
[735.267s][info][gc,heap        ] GC(1150) Survivor regions: 0->0(0)
[735.268s][info][gc,heap        ] GC(1150) Old regions: 499->490
[735.268s][info][gc,heap        ] GC(1150) Archive regions: 2->2
[735.268s][info][gc,heap        ] GC(1150) Humongous regions: 11->11
[735.268s][info][gc,metaspace   ] GC(1150) Metaspace: 48769K(50128K)->48664K(50128K) NonClass: 42922K(43856K)->42832K(43856K) Class: 5846K(6272K)->5831K(6272K)
[735.268s][info][gc             ] GC(1150) Pause Full (G1 Evacuation Pause) 506M->497M(512M) 526.958ms
[735.269s][info][gc,cpu         ] GC(1150) User=2.42s Sys=0.07s Real=0.53s
[735.269s][info][gc,marking     ] GC(1151) Concurrent Mark From Roots 528.253ms
[735.269s][info][gc,marking     ] GC(1151) Concurrent Mark Abort
[735.269s][info][gc             ] GC(1151) Concurrent Cycle 528.399ms
[775.737s][info][gc,start       ] GC(1152) Pause Young (Normal) (G1 Evacuation Pause)
[775.737s][info][gc,task        ] GC(1152) Using 8 workers of 8 for evacuation
[775.738s][info][gc             ] GC(1152) To-space exhausted
[775.738s][info][gc,phases      ] GC(1152)   Pre Evacuate Collection Set: 0.1ms
[775.738s][info][gc,phases      ] GC(1152)   Merge Heap Roots: 0.0ms
[775.738s][info][gc,phases      ] GC(1152)   Evacuate Collection Set: 0.2ms
[775.738s][info][gc,phases      ] GC(1152)   Post Evacuate Collection Set: 0.9ms
[775.738s][info][gc,phases      ] GC(1152)   Other: 0.1ms
[775.738s][info][gc,heap        ] GC(1152) Eden regions: 9->0(25)
[775.738s][info][gc,heap        ] GC(1152) Survivor regions: 0->0(0)
[775.738s][info][gc,heap        ] GC(1152) Old regions: 490->494
[775.738s][info][gc,heap        ] GC(1152) Archive regions: 2->2
[775.738s][info][gc,heap        ] GC(1152) Humongous regions: 11->11
[775.738s][info][gc,metaspace   ] GC(1152) Metaspace: 48770K(50128K)->48770K(50128K) NonClass: 42923K(43856K)->42923K(43856K) Class: 5846K(6272K)->5846K(6272K)
[775.738s][info][gc             ] GC(1152) Pause Young (Normal) (G1 Evacuation Pause) 506M->501M(512M) 1.357ms
[775.738s][info][gc,cpu         ] GC(1152) User=0.00s Sys=0.00s Real=0.00s
[801.737s][info][gc,start       ] GC(1153) Pause Young (Concurrent Start) (G1 Evacuation Pause)
[801.737s][info][gc,task        ] GC(1153) Using 8 workers of 8 for evacuation
[801.739s][info][gc             ] GC(1153) To-space exhausted
[801.739s][info][gc,phases      ] GC(1153)   Pre Evacuate Collection Set: 0.2ms
[801.739s][info][gc,phases      ] GC(1153)   Merge Heap Roots: 0.1ms
[801.739s][info][gc,phases      ] GC(1153)   Evacuate Collection Set: 0.8ms
[801.739s][info][gc,phases      ] GC(1153)   Post Evacuate Collection Set: 0.9ms
[801.739s][info][gc,phases      ] GC(1153)   Other: 0.3ms
[801.739s][info][gc,heap        ] GC(1153) Eden regions: 5->0(25)
[801.739s][info][gc,heap        ] GC(1153) Survivor regions: 0->0(0)
[801.739s][info][gc,heap        ] GC(1153) Old regions: 494->497
[801.739s][info][gc,heap        ] GC(1153) Archive regions: 2->2
[801.739s][info][gc,heap        ] GC(1153) Humongous regions: 11->11
[801.739s][info][gc,metaspace   ] GC(1153) Metaspace: 48772K(50128K)->48772K(50128K) NonClass: 42925K(43856K)->42925K(43856K) Class: 5846K(6272K)->5846K(6272K)
[801.739s][info][gc             ] GC(1153) Pause Young (Concurrent Start) (G1 Evacuation Pause) 506M->504M(512M) 2.316ms
[801.739s][info][gc,cpu         ] GC(1153) User=0.01s Sys=0.00s Real=0.00s
[801.739s][info][gc             ] GC(1154) Concurrent Cycle
[801.739s][info][gc,marking     ] GC(1154) Concurrent Clear Claimed Marks
[801.739s][info][gc,marking     ] GC(1154) Concurrent Clear Claimed Marks 0.080ms
[801.739s][info][gc,marking     ] GC(1154) Concurrent Scan Root Regions
[801.739s][info][gc,marking     ] GC(1154) Concurrent Scan Root Regions 0.010ms
[801.739s][info][gc,marking     ] GC(1154) Concurrent Mark (801.739s)
[801.739s][info][gc,marking     ] GC(1154) Concurrent Mark From Roots
[801.739s][info][gc,task        ] GC(1154) Using 2 workers of 2 for marking
[802.263s][info][gc,marking     ] GC(1154) Concurrent Mark From Roots 523.840ms
[802.263s][info][gc,marking     ] GC(1154) Concurrent Preclean
[802.263s][info][gc,marking     ] GC(1154) Concurrent Preclean 0.073ms
[802.263s][info][gc,marking     ] GC(1154) Concurrent Mark (801.739s, 802.263s) 523.972ms
[802.263s][info][gc,start       ] GC(1154) Pause Remark
[802.267s][info][gc             ] GC(1154) Pause Remark 504M->503M(512M) 3.531ms
[802.267s][info][gc,cpu         ] GC(1154) User=0.02s Sys=0.00s Real=0.01s
[802.267s][info][gc,marking     ] GC(1154) Concurrent Rebuild Remembered Sets
[802.570s][info][gc,marking     ] GC(1154) Concurrent Rebuild Remembered Sets 302.778ms
[802.571s][info][gc,start       ] GC(1154) Pause Cleanup
[802.572s][info][gc             ] GC(1154) Pause Cleanup 504M->504M(512M) 0.434ms
[802.572s][info][gc,cpu         ] GC(1154) User=0.00s Sys=0.00s Real=0.00s
[802.572s][info][gc,marking     ] GC(1154) Concurrent Cleanup for Next Mark
[802.573s][info][gc,marking     ] GC(1154) Concurrent Cleanup for Next Mark 1.057ms
[802.573s][info][gc             ] GC(1154) Concurrent Cycle 833.538ms
[821.735s][info][gc,start       ] GC(1155) Pause Young (Normal) (G1 Evacuation Pause)
[821.735s][info][gc,task        ] GC(1155) Using 8 workers of 8 for evacuation
[821.735s][info][gc             ] GC(1155) To-space exhausted
[821.736s][info][gc,phases      ] GC(1155)   Pre Evacuate Collection Set: 0.1ms
[821.736s][info][gc,phases      ] GC(1155)   Merge Heap Roots: 0.0ms
[821.736s][info][gc,phases      ] GC(1155)   Evacuate Collection Set: 0.2ms
[821.736s][info][gc,phases      ] GC(1155)   Post Evacuate Collection Set: 0.5ms
[821.736s][info][gc,phases      ] GC(1155)   Other: 0.1ms
[821.736s][info][gc,heap        ] GC(1155) Eden regions: 4->0(25)
[821.736s][info][gc,heap        ] GC(1155) Survivor regions: 0->0(0)
[821.736s][info][gc,heap        ] GC(1155) Old regions: 495->498
[821.736s][info][gc,heap        ] GC(1155) Archive regions: 2->2
[821.736s][info][gc,heap        ] GC(1155) Humongous regions: 11->11
[821.736s][info][gc,metaspace   ] GC(1155) Metaspace: 48770K(50128K)->48770K(50128K) NonClass: 42923K(43856K)->42923K(43856K) Class: 5846K(6272K)->5846K(6272K)
[821.736s][info][gc             ] GC(1155) Pause Young (Normal) (G1 Evacuation Pause) 507M->506M(512M) 0.980ms
[821.736s][info][gc,cpu         ] GC(1155) User=0.00s Sys=0.00s Real=0.01s
[826.734s][info][gc,start       ] GC(1156) Pause Young (Concurrent Start) (G1 Evacuation Pause)
[826.734s][info][gc,task        ] GC(1156) Using 8 workers of 8 for evacuation
[826.736s][info][gc             ] GC(1156) To-space exhausted
[826.736s][info][gc,phases      ] GC(1156)   Pre Evacuate Collection Set: 0.1ms
[826.736s][info][gc,phases      ] GC(1156)   Merge Heap Roots: 0.0ms
[826.736s][info][gc,phases      ] GC(1156)   Evacuate Collection Set: 0.7ms
[826.736s][info][gc,phases      ] GC(1156)   Post Evacuate Collection Set: 0.7ms
[826.736s][info][gc,phases      ] GC(1156)   Other: 0.3ms
[826.736s][info][gc,heap        ] GC(1156) Eden regions: 1->0(25)
[826.736s][info][gc,heap        ] GC(1156) Survivor regions: 0->0(0)
[826.736s][info][gc,heap        ] GC(1156) Old regions: 498->499
[826.736s][info][gc,heap        ] GC(1156) Archive regions: 2->2
[826.736s][info][gc,heap        ] GC(1156) Humongous regions: 11->11
[826.736s][info][gc,metaspace   ] GC(1156) Metaspace: 48770K(50128K)->48770K(50128K) NonClass: 42923K(43856K)->42923K(43856K) Class: 5846K(6272K)->5846K(6272K)
[826.736s][info][gc             ] GC(1156) Pause Young (Concurrent Start) (G1 Evacuation Pause) 507M->507M(512M) 1.954ms
[826.736s][info][gc,cpu         ] GC(1156) User=0.00s Sys=0.00s Real=0.01s
[826.736s][info][gc,ergo        ] Attempting maximally compacting collection
[826.736s][info][gc,task        ] GC(1157) Using 8 workers of 8 for full compaction
[826.736s][info][gc,start       ] GC(1157) Pause Full (G1 Evacuation Pause)
[826.736s][info][gc             ] GC(1158) Concurrent Cycle
[826.736s][info][gc,marking     ] GC(1158) Concurrent Clear Claimed Marks
[826.736s][info][gc,marking     ] GC(1158) Concurrent Clear Claimed Marks 0.226ms
[826.736s][info][gc,marking     ] GC(1158) Concurrent Scan Root Regions
[826.736s][info][gc,marking     ] GC(1158) Concurrent Scan Root Regions 0.026ms
[826.736s][info][gc,marking     ] GC(1158) Concurrent Mark (826.736s)
[826.737s][info][gc,marking     ] GC(1158) Concurrent Mark From Roots
[826.737s][info][gc,task        ] GC(1158) Using 2 workers of 2 for marking
[826.737s][info][gc,phases,start] GC(1157) Phase 1: Mark live objects
[827.014s][info][gc,phases      ] GC(1157) Phase 1: Mark live objects 277.504ms
[827.014s][info][gc,phases,start] GC(1157) Phase 2: Prepare for compaction
[827.055s][info][gc,phases      ] GC(1157) Phase 2: Prepare for compaction 40.092ms
[827.055s][info][gc,phases,start] GC(1157) Phase 3: Adjust pointers
[827.155s][info][gc,phases      ] GC(1157) Phase 3: Adjust pointers 100.232ms
[827.155s][info][gc,phases,start] GC(1157) Phase 4: Compact heap
[827.204s][info][gc,phases      ] GC(1157) Phase 4: Compact heap 48.666ms
[827.209s][info][gc,heap        ] GC(1157) Eden regions: 0->0(25)
[827.209s][info][gc,heap        ] GC(1157) Survivor regions: 0->0(0)
[827.209s][info][gc,heap        ] GC(1157) Old regions: 499->488
[827.209s][info][gc,heap        ] GC(1157) Archive regions: 2->2
[827.209s][info][gc,heap        ] GC(1157) Humongous regions: 11->11
[827.209s][info][gc,metaspace   ] GC(1157) Metaspace: 48770K(50128K)->48658K(50128K) NonClass: 42923K(43856K)->42827K(43856K) Class: 5846K(6272K)->5830K(6272K)
[827.209s][info][gc             ] GC(1157) Pause Full (G1 Evacuation Pause) 507M->497M(512M) 472.851ms
[827.211s][info][gc,cpu         ] GC(1157) User=2.47s Sys=0.10s Real=0.47s
[827.211s][info][gc,marking     ] GC(1158) Concurrent Mark From Roots 474.928ms
[827.211s][info][gc,marking     ] GC(1158) Concurrent Mark Abort
[827.212s][info][gc             ] GC(1158) Concurrent Cycle 475.377ms
[877.735s][info][gc,start       ] GC(1159) Pause Young (Normal) (G1 Evacuation Pause)
[877.735s][info][gc,task        ] GC(1159) Using 8 workers of 8 for evacuation
[877.736s][info][gc             ] GC(1159) To-space exhausted
[877.736s][info][gc,phases      ] GC(1159)   Pre Evacuate Collection Set: 0.1ms
[877.736s][info][gc,phases      ] GC(1159)   Merge Heap Roots: 0.0ms
[877.736s][info][gc,phases      ] GC(1159)   Evacuate Collection Set: 0.2ms
[877.736s][info][gc,phases      ] GC(1159)   Post Evacuate Collection Set: 0.9ms
[877.736s][info][gc,phases      ] GC(1159)   Other: 0.1ms
[877.736s][info][gc,heap        ] GC(1159) Eden regions: 11->0(25)
[877.736s][info][gc,heap        ] GC(1159) Survivor regions: 0->0(0)
[877.736s][info][gc,heap        ] GC(1159) Old regions: 488->493
[877.736s][info][gc,heap        ] GC(1159) Archive regions: 2->2
[877.736s][info][gc,heap        ] GC(1159) Humongous regions: 11->11
[877.736s][info][gc,metaspace   ] GC(1159) Metaspace: 48781K(50128K)->48781K(50128K) NonClass: 42934K(43856K)->42934K(43856K) Class: 5846K(6272K)->5846K(6272K)
[877.736s][info][gc             ] GC(1159) Pause Young (Normal) (G1 Evacuation Pause) 508M->502M(512M) 1.404ms
[877.736s][info][gc,cpu         ] GC(1159) User=0.00s Sys=0.00s Real=0.01s
[908.734s][info][gc,start       ] GC(1160) Pause Young (Concurrent Start) (G1 Evacuation Pause)
[908.734s][info][gc,task        ] GC(1160) Using 8 workers of 8 for evacuation
[908.735s][info][gc             ] GC(1160) To-space exhausted
[908.735s][info][gc,phases      ] GC(1160)   Pre Evacuate Collection Set: 0.1ms
[908.735s][info][gc,phases      ] GC(1160)   Merge Heap Roots: 0.0ms
[908.735s][info][gc,phases      ] GC(1160)   Evacuate Collection Set: 0.5ms
[908.735s][info][gc,phases      ] GC(1160)   Post Evacuate Collection Set: 0.6ms
[908.735s][info][gc,phases      ] GC(1160)   Other: 0.2ms
[908.735s][info][gc,heap        ] GC(1160) Eden regions: 6->0(25)
[908.735s][info][gc,heap        ] GC(1160) Survivor regions: 0->0(0)
[908.735s][info][gc,heap        ] GC(1160) Old regions: 493->496
[908.735s][info][gc,heap        ] GC(1160) Archive regions: 2->2
[908.735s][info][gc,heap        ] GC(1160) Humongous regions: 11->11
[908.735s][info][gc,metaspace   ] GC(1160) Metaspace: 48782K(50128K)->48782K(50128K) NonClass: 42935K(43856K)->42935K(43856K) Class: 5846K(6272K)->5846K(6272K)
[908.735s][info][gc             ] GC(1160) Pause Young (Concurrent Start) (G1 Evacuation Pause) 508M->505M(512M) 1.429ms
[908.735s][info][gc,cpu         ] GC(1160) User=0.00s Sys=0.00s Real=0.00s
[908.735s][info][gc             ] GC(1161) Concurrent Cycle
[908.735s][info][gc,marking     ] GC(1161) Concurrent Clear Claimed Marks
[908.735s][info][gc,marking     ] GC(1161) Concurrent Clear Claimed Marks 0.028ms
[908.735s][info][gc,marking     ] GC(1161) Concurrent Scan Root Regions
[908.736s][info][gc,marking     ] GC(1161) Concurrent Scan Root Regions 0.007ms
[908.736s][info][gc,marking     ] GC(1161) Concurrent Mark (908.736s)
[908.736s][info][gc,marking     ] GC(1161) Concurrent Mark From Roots
[908.736s][info][gc,task        ] GC(1161) Using 2 workers of 2 for marking
[909.259s][info][gc,marking     ] GC(1161) Concurrent Mark From Roots 523.139ms
[909.259s][info][gc,marking     ] GC(1161) Concurrent Preclean
[909.259s][info][gc,marking     ] GC(1161) Concurrent Preclean 0.088ms
[909.259s][info][gc,marking     ] GC(1161) Concurrent Mark (908.736s, 909.259s) 523.289ms
[909.259s][info][gc,start       ] GC(1161) Pause Remark
[909.262s][info][gc             ] GC(1161) Pause Remark 506M->505M(512M) 3.295ms
[909.262s][info][gc,cpu         ] GC(1161) User=0.01s Sys=0.00s Real=0.00s
[909.262s][info][gc,marking     ] GC(1161) Concurrent Rebuild Remembered Sets
[909.565s][info][gc,marking     ] GC(1161) Concurrent Rebuild Remembered Sets 302.800ms
[909.566s][info][gc,start       ] GC(1161) Pause Cleanup
[909.566s][info][gc             ] GC(1161) Pause Cleanup 505M->505M(512M) 0.321ms
[909.566s][info][gc,cpu         ] GC(1161) User=0.00s Sys=0.00s Real=0.00s
[909.566s][info][gc,marking     ] GC(1161) Concurrent Cleanup for Next Mark
[909.567s][info][gc,marking     ] GC(1161) Concurrent Cleanup for Next Mark 0.602ms
[909.567s][info][gc             ] GC(1161) Concurrent Cycle 831.495ms
[927.736s][info][gc,start       ] GC(1162) Pause Young (Normal) (G1 Evacuation Pause)
[927.736s][info][gc,task        ] GC(1162) Using 8 workers of 8 for evacuation
[927.737s][info][gc             ] GC(1162) To-space exhausted
[927.737s][info][gc,phases      ] GC(1162)   Pre Evacuate Collection Set: 0.1ms
[927.737s][info][gc,phases      ] GC(1162)   Merge Heap Roots: 0.0ms
[927.737s][info][gc,phases      ] GC(1162)   Evacuate Collection Set: 0.3ms
[927.737s][info][gc,phases      ] GC(1162)   Post Evacuate Collection Set: 0.7ms
[927.737s][info][gc,phases      ] GC(1162)   Other: 0.2ms
[927.737s][info][gc,heap        ] GC(1162) Eden regions: 4->0(25)
[927.737s][info][gc,heap        ] GC(1162) Survivor regions: 0->0(0)
[927.737s][info][gc,heap        ] GC(1162) Old regions: 495->498
[927.737s][info][gc,heap        ] GC(1162) Archive regions: 2->2
[927.737s][info][gc,heap        ] GC(1162) Humongous regions: 11->11
[927.737s][info][gc,metaspace   ] GC(1162) Metaspace: 48792K(50128K)->48792K(50128K) NonClass: 42944K(43856K)->42944K(43856K) Class: 5848K(6272K)->5848K(6272K)
[927.737s][info][gc             ] GC(1162) Pause Young (Normal) (G1 Evacuation Pause) 508M->507M(512M) 1.524ms
[927.737s][info][gc,cpu         ] GC(1162) User=0.00s Sys=0.00s Real=0.00s
[932.735s][info][gc,start       ] GC(1163) Pause Young (Concurrent Start) (G1 Evacuation Pause)
[932.735s][info][gc,task        ] GC(1163) Using 8 workers of 8 for evacuation
[932.736s][info][gc             ] GC(1163) To-space exhausted
[932.736s][info][gc,phases      ] GC(1163)   Pre Evacuate Collection Set: 0.1ms
[932.736s][info][gc,phases      ] GC(1163)   Merge Heap Roots: 0.0ms
[932.736s][info][gc,phases      ] GC(1163)   Evacuate Collection Set: 0.7ms
[932.736s][info][gc,phases      ] GC(1163)   Post Evacuate Collection Set: 0.7ms
[932.736s][info][gc,phases      ] GC(1163)   Other: 0.2ms
[932.736s][info][gc,heap        ] GC(1163) Eden regions: 1->0(25)
[932.736s][info][gc,heap        ] GC(1163) Survivor regions: 0->0(0)
[932.736s][info][gc,heap        ] GC(1163) Old regions: 498->499
[932.736s][info][gc,heap        ] GC(1163) Archive regions: 2->2
[932.736s][info][gc,heap        ] GC(1163) Humongous regions: 11->11
[932.736s][info][gc,metaspace   ] GC(1163) Metaspace: 48792K(50128K)->48792K(50128K) NonClass: 42944K(43856K)->42944K(43856K) Class: 5848K(6272K)->5848K(6272K)
[932.736s][info][gc             ] GC(1163) Pause Young (Concurrent Start) (G1 Evacuation Pause) 508M->508M(512M) 1.886ms
[932.736s][info][gc,cpu         ] GC(1163) User=0.00s Sys=0.00s Real=0.01s
[932.736s][info][gc,ergo        ] Attempting maximally compacting collection
[932.736s][info][gc             ] GC(1164) Concurrent Cycle
[932.736s][info][gc,task        ] GC(1165) Using 8 workers of 8 for full compaction
[932.737s][info][gc,marking     ] GC(1164) Concurrent Clear Claimed Marks
[932.737s][info][gc,start       ] GC(1165) Pause Full (G1 Evacuation Pause)
[932.737s][info][gc,marking     ] GC(1164) Concurrent Clear Claimed Marks 0.077ms
[932.737s][info][gc,marking     ] GC(1164) Concurrent Scan Root Regions
[932.737s][info][gc,marking     ] GC(1164) Concurrent Scan Root Regions 0.149ms
[932.737s][info][gc,marking     ] GC(1164) Concurrent Mark (932.737s)
[932.737s][info][gc,marking     ] GC(1164) Concurrent Mark From Roots
[932.737s][info][gc,task        ] GC(1164) Using 2 workers of 2 for marking
[932.737s][info][gc,phases,start] GC(1165) Phase 1: Mark live objects
[933.023s][info][gc,phases      ] GC(1165) Phase 1: Mark live objects 285.570ms
[933.023s][info][gc,phases,start] GC(1165) Phase 2: Prepare for compaction
[933.062s][info][gc,phases      ] GC(1165) Phase 2: Prepare for compaction 38.948ms
[933.062s][info][gc,phases,start] GC(1165) Phase 3: Adjust pointers
[933.159s][info][gc,phases      ] GC(1165) Phase 3: Adjust pointers 97.303ms
[933.159s][info][gc,phases,start] GC(1165) Phase 4: Compact heap
[933.206s][info][gc,phases      ] GC(1165) Phase 4: Compact heap 46.416ms
[933.212s][info][gc,heap        ] GC(1165) Eden regions: 0->0(25)
[933.212s][info][gc,heap        ] GC(1165) Survivor regions: 0->0(0)
[933.212s][info][gc,heap        ] GC(1165) Old regions: 499->489
[933.212s][info][gc,heap        ] GC(1165) Archive regions: 2->2
[933.212s][info][gc,heap        ] GC(1165) Humongous regions: 11->11
[933.212s][info][gc,metaspace   ] GC(1165) Metaspace: 48792K(50128K)->48697K(50128K) NonClass: 42944K(43856K)->42863K(43856K) Class: 5848K(6272K)->5834K(6272K)
[933.212s][info][gc             ] GC(1165) Pause Full (G1 Evacuation Pause) 508M->497M(512M) 475.724ms
[933.215s][info][gc,cpu         ] GC(1165) User=2.46s Sys=0.09s Real=0.47s
[933.215s][info][gc,marking     ] GC(1164) Concurrent Mark From Roots 477.971ms
[933.215s][info][gc,marking     ] GC(1164) Concurrent Mark Abort
[933.215s][info][gc             ] GC(1164) Concurrent Cycle 478.357ms
[979.736s][info][gc,start       ] GC(1166) Pause Young (Normal) (G1 Evacuation Pause)
[979.736s][info][gc,task        ] GC(1166) Using 8 workers of 8 for evacuation
[979.737s][info][gc             ] GC(1166) To-space exhausted
[979.737s][info][gc,phases      ] GC(1166)   Pre Evacuate Collection Set: 0.1ms
[979.737s][info][gc,phases      ] GC(1166)   Merge Heap Roots: 0.0ms
[979.737s][info][gc,phases      ] GC(1166)   Evacuate Collection Set: 0.2ms
[979.737s][info][gc,phases      ] GC(1166)   Post Evacuate Collection Set: 0.8ms
[979.737s][info][gc,phases      ] GC(1166)   Other: 0.1ms
[979.737s][info][gc,heap        ] GC(1166) Eden regions: 10->0(25)
[979.737s][info][gc,heap        ] GC(1166) Survivor regions: 0->0(0)
[979.737s][info][gc,heap        ] GC(1166) Old regions: 489->494
[979.737s][info][gc,heap        ] GC(1166) Archive regions: 2->2
[979.737s][info][gc,heap        ] GC(1166) Humongous regions: 11->11
[979.737s][info][gc,metaspace   ] GC(1166) Metaspace: 48782K(50128K)->48782K(50128K) NonClass: 42935K(43856K)->42935K(43856K) Class: 5846K(6272K)->5846K(6272K)
[979.737s][info][gc             ] GC(1166) Pause Young (Normal) (G1 Evacuation Pause) 507M->502M(512M) 1.288ms
[979.737s][info][gc,cpu         ] GC(1166) User=0.01s Sys=0.00s Real=0.00s
[1004.738s][info][gc,start       ] GC(1167) Pause Young (Concurrent Start) (G1 Evacuation Pause)
[1004.738s][info][gc,task        ] GC(1167) Using 8 workers of 8 for evacuation
[1004.739s][info][gc             ] GC(1167) To-space exhausted
[1004.739s][info][gc,phases      ] GC(1167)   Pre Evacuate Collection Set: 0.1ms
[1004.739s][info][gc,phases      ] GC(1167)   Merge Heap Roots: 0.0ms
[1004.739s][info][gc,phases      ] GC(1167)   Evacuate Collection Set: 0.5ms
[1004.739s][info][gc,phases      ] GC(1167)   Post Evacuate Collection Set: 0.6ms
[1004.739s][info][gc,phases      ] GC(1167)   Other: 0.1ms
[1004.739s][info][gc,heap        ] GC(1167) Eden regions: 5->0(25)
[1004.739s][info][gc,heap        ] GC(1167) Survivor regions: 0->0(0)
[1004.739s][info][gc,heap        ] GC(1167) Old regions: 494->497
[1004.739s][info][gc,heap        ] GC(1167) Archive regions: 2->2
[1004.739s][info][gc,heap        ] GC(1167) Humongous regions: 11->11
[1004.739s][info][gc,metaspace   ] GC(1167) Metaspace: 48783K(50128K)->48783K(50128K) NonClass: 42936K(43856K)->42936K(43856K) Class: 5846K(6272K)->5846K(6272K)
[1004.739s][info][gc             ] GC(1167) Pause Young (Concurrent Start) (G1 Evacuation Pause) 507M->505M(512M) 1.484ms
[1004.739s][info][gc,cpu         ] GC(1167) User=0.01s Sys=0.00s Real=0.00s
[1004.739s][info][gc             ] GC(1168) Concurrent Cycle
[1004.739s][info][gc,marking     ] GC(1168) Concurrent Clear Claimed Marks
[1004.739s][info][gc,marking     ] GC(1168) Concurrent Clear Claimed Marks 0.028ms
[1004.739s][info][gc,marking     ] GC(1168) Concurrent Scan Root Regions
[1004.739s][info][gc,marking     ] GC(1168) Concurrent Scan Root Regions 0.006ms
[1004.739s][info][gc,marking     ] GC(1168) Concurrent Mark (1004.739s)
[1004.739s][info][gc,marking     ] GC(1168) Concurrent Mark From Roots
[1004.739s][info][gc,task        ] GC(1168) Using 2 workers of 2 for marking
[1005.308s][info][gc,marking     ] GC(1168) Concurrent Mark From Roots 568.766ms
[1005.308s][info][gc,marking     ] GC(1168) Concurrent Preclean
[1005.308s][info][gc,marking     ] GC(1168) Concurrent Preclean 0.084ms
[1005.308s][info][gc,marking     ] GC(1168) Concurrent Mark (1004.739s, 1005.308s) 568.908ms
[1005.308s][info][gc,start       ] GC(1168) Pause Remark
[1005.312s][info][gc             ] GC(1168) Pause Remark 506M->504M(512M) 3.632ms
[1005.312s][info][gc,cpu         ] GC(1168) User=0.02s Sys=0.00s Real=0.00s
[1005.312s][info][gc,marking     ] GC(1168) Concurrent Rebuild Remembered Sets
[1005.617s][info][gc,marking     ] GC(1168) Concurrent Rebuild Remembered Sets 304.555ms
[1005.618s][info][gc,start       ] GC(1168) Pause Cleanup
[1005.618s][info][gc             ] GC(1168) Pause Cleanup 504M->504M(512M) 0.387ms
[1005.618s][info][gc,cpu         ] GC(1168) User=0.00s Sys=0.01s Real=0.00s
[1005.618s][info][gc,marking     ] GC(1168) Concurrent Cleanup for Next Mark
[1005.619s][info][gc,marking     ] GC(1168) Concurrent Cleanup for Next Mark 0.700ms
[1005.619s][info][gc             ] GC(1168) Concurrent Cycle 879.732ms
[1024.736s][info][gc,start       ] GC(1169) Pause Young (Normal) (G1 Evacuation Pause)
[1024.736s][info][gc,task        ] GC(1169) Using 8 workers of 8 for evacuation
[1024.737s][info][gc             ] GC(1169) To-space exhausted
[1024.737s][info][gc,phases      ] GC(1169)   Pre Evacuate Collection Set: 0.1ms
[1024.737s][info][gc,phases      ] GC(1169)   Merge Heap Roots: 0.0ms
[1024.737s][info][gc,phases      ] GC(1169)   Evacuate Collection Set: 0.2ms
[1024.737s][info][gc,phases      ] GC(1169)   Post Evacuate Collection Set: 0.6ms
[1024.737s][info][gc,phases      ] GC(1169)   Other: 0.1ms
[1024.737s][info][gc,heap        ] GC(1169) Eden regions: 4->0(25)
[1024.737s][info][gc,heap        ] GC(1169) Survivor regions: 0->0(0)
[1024.737s][info][gc,heap        ] GC(1169) Old regions: 495->499
[1024.737s][info][gc,heap        ] GC(1169) Archive regions: 2->2
[1024.737s][info][gc,heap        ] GC(1169) Humongous regions: 11->11
[1024.737s][info][gc,metaspace   ] GC(1169) Metaspace: 48783K(50128K)->48783K(50128K) NonClass: 42936K(43856K)->42936K(43856K) Class: 5846K(6272K)->5846K(6272K)
[1024.737s][info][gc             ] GC(1169) Pause Young (Normal) (G1 Evacuation Pause) 507M->507M(512M) 1.102ms
[1024.737s][info][gc,cpu         ] GC(1169) User=0.00s Sys=0.00s Real=0.00s
[1024.737s][info][gc,ergo        ] Attempting maximally compacting collection
[1024.737s][info][gc,task        ] GC(1170) Using 8 workers of 8 for full compaction
[1024.737s][info][gc,start       ] GC(1170) Pause Full (G1 Evacuation Pause)
[1024.737s][info][gc,phases,start] GC(1170) Phase 1: Mark live objects
[1025.012s][info][gc,phases      ] GC(1170) Phase 1: Mark live objects 275.061ms
[1025.012s][info][gc,phases,start] GC(1170) Phase 2: Prepare for compaction
[1025.051s][info][gc,phases      ] GC(1170) Phase 2: Prepare for compaction 38.861ms
[1025.051s][info][gc,phases,start] GC(1170) Phase 3: Adjust pointers
[1025.205s][info][gc,phases      ] GC(1170) Phase 3: Adjust pointers 153.672ms
[1025.205s][info][gc,phases,start] GC(1170) Phase 4: Compact heap
[1025.247s][info][gc,phases      ] GC(1170) Phase 4: Compact heap 42.322ms
[1025.253s][info][gc,heap        ] GC(1170) Eden regions: 0->0(25)
[1025.253s][info][gc,heap        ] GC(1170) Survivor regions: 0->0(0)
[1025.253s][info][gc,heap        ] GC(1170) Old regions: 499->490
[1025.253s][info][gc,heap        ] GC(1170) Archive regions: 2->2
[1025.253s][info][gc,heap        ] GC(1170) Humongous regions: 11->11
[1025.253s][info][gc,metaspace   ] GC(1170) Metaspace: 48783K(50128K)->48662K(50128K) NonClass: 42936K(43856K)->42832K(43856K) Class: 5846K(6272K)->5829K(6272K)
[1025.253s][info][gc             ] GC(1170) Pause Full (G1 Evacuation Pause) 507M->497M(512M) 516.277ms
[1025.256s][info][gc,cpu         ] GC(1170) User=2.42s Sys=0.07s Real=0.52s
[1065.736s][info][gc,start       ] GC(1171) Pause Young (Concurrent Start) (G1 Evacuation Pause)
[1065.736s][info][gc,task        ] GC(1171) Using 8 workers of 8 for evacuation
[1065.738s][info][gc             ] GC(1171) To-space exhausted
[1065.738s][info][gc,phases      ] GC(1171)   Pre Evacuate Collection Set: 0.1ms
[1065.738s][info][gc,phases      ] GC(1171)   Merge Heap Roots: 0.0ms
[1065.738s][info][gc,phases      ] GC(1171)   Evacuate Collection Set: 0.5ms
[1065.738s][info][gc,phases      ] GC(1171)   Post Evacuate Collection Set: 1.4ms
[1065.738s][info][gc,phases      ] GC(1171)   Other: 0.2ms
[1065.738s][info][gc,heap        ] GC(1171) Eden regions: 9->0(25)
[1065.738s][info][gc,heap        ] GC(1171) Survivor regions: 0->0(0)
[1065.738s][info][gc,heap        ] GC(1171) Old regions: 490->495
[1065.738s][info][gc,heap        ] GC(1171) Archive regions: 2->2
[1065.738s][info][gc,heap        ] GC(1171) Humongous regions: 11->11
[1065.738s][info][gc,metaspace   ] GC(1171) Metaspace: 48787K(50128K)->48787K(50128K) NonClass: 42939K(43856K)->42939K(43856K) Class: 5847K(6272K)->5847K(6272K)
[1065.738s][info][gc             ] GC(1171) Pause Young (Concurrent Start) (G1 Evacuation Pause) 506M->502M(512M) 2.290ms
[1065.738s][info][gc,cpu         ] GC(1171) User=0.00s Sys=0.00s Real=0.00s
[1065.738s][info][gc             ] GC(1172) Concurrent Cycle
[1065.738s][info][gc,marking     ] GC(1172) Concurrent Clear Claimed Marks
[1065.738s][info][gc,marking     ] GC(1172) Concurrent Clear Claimed Marks 0.050ms
[1065.738s][info][gc,marking     ] GC(1172) Concurrent Scan Root Regions
[1065.738s][info][gc,marking     ] GC(1172) Concurrent Scan Root Regions 0.010ms
[1065.738s][info][gc,marking     ] GC(1172) Concurrent Mark (1065.738s)
[1065.738s][info][gc,marking     ] GC(1172) Concurrent Mark From Roots
[1065.738s][info][gc,task        ] GC(1172) Using 2 workers of 2 for marking
[1066.258s][info][gc,marking     ] GC(1172) Concurrent Mark From Roots 519.331ms
[1066.258s][info][gc,marking     ] GC(1172) Concurrent Preclean
[1066.258s][info][gc,marking     ] GC(1172) Concurrent Preclean 0.064ms
[1066.258s][info][gc,marking     ] GC(1172) Concurrent Mark (1065.738s, 1066.258s) 519.456ms
[1066.258s][info][gc,start       ] GC(1172) Pause Remark
[1066.259s][info][gc             ] GC(1172) Pause Remark 503M->503M(512M) 1.258ms
[1066.259s][info][gc,cpu         ] GC(1172) User=0.01s Sys=0.00s Real=0.00s
[1066.259s][info][gc,marking     ] GC(1172) Concurrent Rebuild Remembered Sets
[1066.569s][info][gc,marking     ] GC(1172) Concurrent Rebuild Remembered Sets 309.250ms
[1066.570s][info][gc,start       ] GC(1172) Pause Cleanup
[1066.570s][info][gc             ] GC(1172) Pause Cleanup 503M->503M(512M) 0.352ms
[1066.570s][info][gc,cpu         ] GC(1172) User=0.00s Sys=0.00s Real=0.00s
[1066.570s][info][gc,marking     ] GC(1172) Concurrent Cleanup for Next Mark
[1066.572s][info][gc,marking     ] GC(1172) Concurrent Cleanup for Next Mark 1.712ms
[1066.572s][info][gc             ] GC(1172) Concurrent Cycle 833.754ms
[1085.734s][info][gc,start       ] GC(1173) Pause Young (Normal) (G1 Evacuation Pause)
[1085.734s][info][gc,task        ] GC(1173) Using 8 workers of 8 for evacuation
[1085.736s][info][gc             ] GC(1173) To-space exhausted
[1085.736s][info][gc,phases      ] GC(1173)   Pre Evacuate Collection Set: 0.2ms
[1085.736s][info][gc,phases      ] GC(1173)   Merge Heap Roots: 0.1ms
[1085.736s][info][gc,phases      ] GC(1173)   Evacuate Collection Set: 0.6ms
[1085.736s][info][gc,phases      ] GC(1173)   Post Evacuate Collection Set: 0.9ms
[1085.736s][info][gc,phases      ] GC(1173)   Other: 0.3ms
[1085.736s][info][gc,heap        ] GC(1173) Eden regions: 4->0(25)
[1085.736s][info][gc,heap        ] GC(1173) Survivor regions: 0->0(0)
[1085.736s][info][gc,heap        ] GC(1173) Old regions: 495->498
[1085.736s][info][gc,heap        ] GC(1173) Archive regions: 2->2
[1085.736s][info][gc,heap        ] GC(1173) Humongous regions: 11->11
[1085.736s][info][gc,metaspace   ] GC(1173) Metaspace: 48787K(50128K)->48787K(50128K) NonClass: 42939K(43856K)->42939K(43856K) Class: 5847K(6272K)->5847K(6272K)
[1085.736s][info][gc             ] GC(1173) Pause Young (Normal) (G1 Evacuation Pause) 506M->505M(512M) 2.139ms
[1085.736s][info][gc,cpu         ] GC(1173) User=0.00s Sys=0.00s Real=0.01s
[1090.781s][info][gc,start       ] GC(1174) Pause Young (Concurrent Start) (G1 Evacuation Pause)
[1090.781s][info][gc,task        ] GC(1174) Using 8 workers of 8 for evacuation
[1090.784s][info][gc             ] GC(1174) To-space exhausted
[1090.784s][info][gc,phases      ] GC(1174)   Pre Evacuate Collection Set: 1.5ms
[1090.784s][info][gc,phases      ] GC(1174)   Merge Heap Roots: 0.2ms
[1090.784s][info][gc,phases      ] GC(1174)   Evacuate Collection Set: 1.0ms
[1090.784s][info][gc,phases      ] GC(1174)   Post Evacuate Collection Set: 0.8ms
[1090.784s][info][gc,phases      ] GC(1174)   Other: 0.2ms
[1090.784s][info][gc,heap        ] GC(1174) Eden regions: 1->0(25)
[1090.784s][info][gc,heap        ] GC(1174) Survivor regions: 0->0(0)
[1090.784s][info][gc,heap        ] GC(1174) Old regions: 498->499
[1090.784s][info][gc,heap        ] GC(1174) Archive regions: 2->2
[1090.784s][info][gc,heap        ] GC(1174) Humongous regions: 11->11
[1090.784s][info][gc,metaspace   ] GC(1174) Metaspace: 48788K(50128K)->48788K(50128K) NonClass: 42940K(43856K)->42940K(43856K) Class: 5847K(6272K)->5847K(6272K)
[1090.785s][info][gc             ] GC(1174) Pause Young (Concurrent Start) (G1 Evacuation Pause) 506M->506M(512M) 3.856ms
[1090.785s][info][gc,cpu         ] GC(1174) User=0.01s Sys=0.00s Real=0.00s
[1090.785s][info][gc,ergo        ] Attempting maximally compacting collection
[1090.785s][info][gc             ] GC(1175) Concurrent Cycle
[1090.785s][info][gc,task        ] GC(1176) Using 8 workers of 8 for full compaction
[1090.785s][info][gc,marking     ] GC(1175) Concurrent Clear Claimed Marks
[1090.785s][info][gc,start       ] GC(1176) Pause Full (G1 Evacuation Pause)
[1090.785s][info][gc,marking     ] GC(1175) Concurrent Clear Claimed Marks 0.085ms
[1090.785s][info][gc,marking     ] GC(1175) Concurrent Scan Root Regions
[1090.785s][info][gc,marking     ] GC(1175) Concurrent Scan Root Regions 0.010ms
[1090.785s][info][gc,marking     ] GC(1175) Concurrent Mark (1090.785s)
[1090.785s][info][gc,marking     ] GC(1175) Concurrent Mark From Roots
[1090.785s][info][gc,task        ] GC(1175) Using 2 workers of 2 for marking
[1090.786s][info][gc,phases,start] GC(1176) Phase 1: Mark live objects
[1091.136s][info][gc,phases      ] GC(1176) Phase 1: Mark live objects 350.871ms
[1091.136s][info][gc,phases,start] GC(1176) Phase 2: Prepare for compaction
[1091.188s][info][gc,phases      ] GC(1176) Phase 2: Prepare for compaction 51.339ms
[1091.188s][info][gc,phases,start] GC(1176) Phase 3: Adjust pointers
[1091.287s][info][gc,phases      ] GC(1176) Phase 3: Adjust pointers 98.714ms
[1091.287s][info][gc,phases,start] GC(1176) Phase 4: Compact heap
[1091.331s][info][gc,phases      ] GC(1176) Phase 4: Compact heap 44.094ms
[1091.337s][info][gc,heap        ] GC(1176) Eden regions: 0->0(25)
[1091.337s][info][gc,heap        ] GC(1176) Survivor regions: 0->0(0)
[1091.337s][info][gc,heap        ] GC(1176) Old regions: 499->488
[1091.337s][info][gc,heap        ] GC(1176) Archive regions: 2->2
[1091.337s][info][gc,heap        ] GC(1176) Humongous regions: 11->11
[1091.337s][info][gc,metaspace   ] GC(1176) Metaspace: 48788K(50128K)->48738K(50128K) NonClass: 42940K(43856K)->42898K(43856K) Class: 5847K(6272K)->5839K(6272K)
[1091.337s][info][gc             ] GC(1176) Pause Full (G1 Evacuation Pause) 506M->498M(512M) 552.433ms
[1091.339s][info][gc,cpu         ] GC(1176) User=2.52s Sys=0.07s Real=0.56s
[1091.339s][info][gc,marking     ] GC(1175) Concurrent Mark From Roots 554.031ms
[1091.339s][info][gc,marking     ] GC(1175) Concurrent Mark Abort
[1091.339s][info][gc             ] GC(1175) Concurrent Cycle 554.225ms
[1144.738s][info][gc,start       ] GC(1177) Pause Young (Normal) (G1 Evacuation Pause)
[1144.738s][info][gc,task        ] GC(1177) Using 8 workers of 8 for evacuation
[1144.740s][info][gc             ] GC(1177) To-space exhausted
[1144.740s][info][gc,phases      ] GC(1177)   Pre Evacuate Collection Set: 0.1ms
[1144.740s][info][gc,phases      ] GC(1177)   Merge Heap Roots: 0.0ms
[1144.740s][info][gc,phases      ] GC(1177)   Evacuate Collection Set: 0.2ms
[1144.740s][info][gc,phases      ] GC(1177)   Post Evacuate Collection Set: 0.8ms
[1144.740s][info][gc,phases      ] GC(1177)   Other: 0.1ms
[1144.740s][info][gc,heap        ] GC(1177) Eden regions: 11->0(25)
[1144.740s][info][gc,heap        ] GC(1177) Survivor regions: 0->0(0)
[1144.740s][info][gc,heap        ] GC(1177) Old regions: 488->493
[1144.740s][info][gc,heap        ] GC(1177) Archive regions: 2->2
[1144.740s][info][gc,heap        ] GC(1177) Humongous regions: 11->11
[1144.740s][info][gc,metaspace   ] GC(1177) Metaspace: 48787K(50128K)->48787K(50128K) NonClass: 42940K(43856K)->42940K(43856K) Class: 5846K(6272K)->5846K(6272K)
[1144.740s][info][gc             ] GC(1177) Pause Young (Normal) (G1 Evacuation Pause) 509M->503M(512M) 1.296ms
[1144.740s][info][gc,cpu         ] GC(1177) User=0.00s Sys=0.01s Real=0.00s
[1174.738s][info][gc,start       ] GC(1178) Pause Young (Concurrent Start) (G1 Evacuation Pause)
[1174.738s][info][gc,task        ] GC(1178) Using 8 workers of 8 for evacuation
[1174.740s][info][gc             ] GC(1178) To-space exhausted
[1174.740s][info][gc,phases      ] GC(1178)   Pre Evacuate Collection Set: 0.1ms
[1174.740s][info][gc,phases      ] GC(1178)   Merge Heap Roots: 0.0ms
[1174.740s][info][gc,phases      ] GC(1178)   Evacuate Collection Set: 0.6ms
[1174.740s][info][gc,phases      ] GC(1178)   Post Evacuate Collection Set: 0.7ms
[1174.740s][info][gc,phases      ] GC(1178)   Other: 0.2ms
[1174.740s][info][gc,heap        ] GC(1178) Eden regions: 6->0(25)
[1174.740s][info][gc,heap        ] GC(1178) Survivor regions: 0->0(0)
[1174.740s][info][gc,heap        ] GC(1178) Old regions: 493->496
[1174.740s][info][gc,heap        ] GC(1178) Archive regions: 2->2
[1174.740s][info][gc,heap        ] GC(1178) Humongous regions: 11->11
[1174.740s][info][gc,metaspace   ] GC(1178) Metaspace: 48787K(50128K)->48787K(50128K) NonClass: 42940K(43856K)->42940K(43856K) Class: 5846K(6272K)->5846K(6272K)
[1174.740s][info][gc             ] GC(1178) Pause Young (Concurrent Start) (G1 Evacuation Pause) 509M->506M(512M) 1.647ms
[1174.740s][info][gc,cpu         ] GC(1178) User=0.01s Sys=0.00s Real=0.00s
[1174.740s][info][gc             ] GC(1179) Concurrent Cycle
[1174.740s][info][gc,marking     ] GC(1179) Concurrent Clear Claimed Marks
[1174.740s][info][gc,marking     ] GC(1179) Concurrent Clear Claimed Marks 0.047ms
[1174.740s][info][gc,marking     ] GC(1179) Concurrent Scan Root Regions
[1174.740s][info][gc,marking     ] GC(1179) Concurrent Scan Root Regions 0.009ms
[1174.740s][info][gc,marking     ] GC(1179) Concurrent Mark (1174.740s)
[1174.740s][info][gc,marking     ] GC(1179) Concurrent Mark From Roots
[1174.740s][info][gc,task        ] GC(1179) Using 2 workers of 2 for marking
[1175.288s][info][gc,marking     ] GC(1179) Concurrent Mark From Roots 547.954ms
[1175.288s][info][gc,marking     ] GC(1179) Concurrent Preclean
[1175.288s][info][gc,marking     ] GC(1179) Concurrent Preclean 0.095ms
[1175.288s][info][gc,marking     ] GC(1179) Concurrent Mark (1174.740s, 1175.288s) 548.109ms
[1175.288s][info][gc,start       ] GC(1179) Pause Remark
[1175.292s][info][gc             ] GC(1179) Pause Remark 506M->503M(512M) 3.711ms
[1175.292s][info][gc,cpu         ] GC(1179) User=0.01s Sys=0.00s Real=0.00s
[1175.292s][info][gc,marking     ] GC(1179) Concurrent Rebuild Remembered Sets
[1175.599s][info][gc,marking     ] GC(1179) Concurrent Rebuild Remembered Sets 306.878ms
[1175.600s][info][gc,start       ] GC(1179) Pause Cleanup
[1175.600s][info][gc             ] GC(1179) Pause Cleanup 503M->503M(512M) 0.356ms
[1175.600s][info][gc,cpu         ] GC(1179) User=0.00s Sys=0.00s Real=0.00s
[1175.600s][info][gc,marking     ] GC(1179) Concurrent Cleanup for Next Mark
[1175.601s][info][gc,marking     ] GC(1179) Concurrent Cleanup for Next Mark 0.776ms
[1175.601s][info][gc             ] GC(1179) Concurrent Cycle 861.246ms
[1205.736s][info][gc,start       ] GC(1180) Pause Young (Normal) (G1 Evacuation Pause)
[1205.736s][info][gc,task        ] GC(1180) Using 8 workers of 8 for evacuation
[1205.738s][info][gc             ] GC(1180) To-space exhausted
[1205.738s][info][gc,phases      ] GC(1180)   Pre Evacuate Collection Set: 0.1ms
[1205.738s][info][gc,phases      ] GC(1180)   Merge Heap Roots: 0.1ms
[1205.738s][info][gc,phases      ] GC(1180)   Evacuate Collection Set: 0.4ms
[1205.738s][info][gc,phases      ] GC(1180)   Post Evacuate Collection Set: 1.4ms
[1205.738s][info][gc,phases      ] GC(1180)   Other: 0.2ms
[1205.738s][info][gc,heap        ] GC(1180) Eden regions: 6->0(25)
[1205.738s][info][gc,heap        ] GC(1180) Survivor regions: 0->0(0)
[1205.738s][info][gc,heap        ] GC(1180) Old regions: 493->497
[1205.738s][info][gc,heap        ] GC(1180) Archive regions: 2->2
[1205.738s][info][gc,heap        ] GC(1180) Humongous regions: 11->11
[1205.738s][info][gc,metaspace   ] GC(1180) Metaspace: 48787K(50128K)->48787K(50128K) NonClass: 42940K(43856K)->42940K(43856K) Class: 5846K(6272K)->5846K(6272K)
[1205.738s][info][gc             ] GC(1180) Pause Young (Normal) (G1 Evacuation Pause) 509M->507M(512M) 2.324ms
[1205.738s][info][gc,cpu         ] GC(1180) User=0.00s Sys=0.00s Real=0.00s
[1215.733s][info][gc,start       ] GC(1181) Pause Young (Concurrent Start) (G1 Evacuation Pause)
[1215.733s][info][gc,task        ] GC(1181) Using 8 workers of 8 for evacuation
[1215.734s][info][gc             ] GC(1181) To-space exhausted
[1215.734s][info][gc,phases      ] GC(1181)   Pre Evacuate Collection Set: 0.1ms
[1215.734s][info][gc,phases      ] GC(1181)   Merge Heap Roots: 0.0ms
[1215.734s][info][gc,phases      ] GC(1181)   Evacuate Collection Set: 0.5ms
[1215.734s][info][gc,phases      ] GC(1181)   Post Evacuate Collection Set: 0.5ms
[1215.734s][info][gc,phases      ] GC(1181)   Other: 0.2ms
[1215.734s][info][gc,heap        ] GC(1181) Eden regions: 2->0(25)
[1215.734s][info][gc,heap        ] GC(1181) Survivor regions: 0->0(0)
[1215.734s][info][gc,heap        ] GC(1181) Old regions: 497->499
[1215.734s][info][gc,heap        ] GC(1181) Archive regions: 2->2
[1215.734s][info][gc,heap        ] GC(1181) Humongous regions: 11->11
[1215.734s][info][gc,metaspace   ] GC(1181) Metaspace: 48787K(50128K)->48787K(50128K) NonClass: 42940K(43856K)->42940K(43856K) Class: 5846K(6272K)->5846K(6272K)
[1215.734s][info][gc             ] GC(1181) Pause Young (Concurrent Start) (G1 Evacuation Pause) 509M->509M(512M) 1.329ms
[1215.734s][info][gc,cpu         ] GC(1181) User=0.01s Sys=0.01s Real=0.00s
[1215.734s][info][gc,ergo        ] Attempting maximally compacting collection
[1215.734s][info][gc             ] GC(1183) Concurrent Cycle
[1215.734s][info][gc,task        ] GC(1182) Using 8 workers of 8 for full compaction
[1215.734s][info][gc,marking     ] GC(1183) Concurrent Clear Claimed Marks
[1215.734s][info][gc,start       ] GC(1182) Pause Full (G1 Evacuation Pause)
[1215.734s][info][gc,marking     ] GC(1183) Concurrent Clear Claimed Marks 0.074ms
[1215.734s][info][gc,marking     ] GC(1183) Concurrent Scan Root Regions
[1215.734s][info][gc,marking     ] GC(1183) Concurrent Scan Root Regions 0.021ms
[1215.734s][info][gc,marking     ] GC(1183) Concurrent Mark (1215.734s)
[1215.735s][info][gc,marking     ] GC(1183) Concurrent Mark From Roots
[1215.735s][info][gc,task        ] GC(1183) Using 2 workers of 2 for marking
[1215.735s][info][gc,phases,start] GC(1182) Phase 1: Mark live objects
[1216.023s][info][gc,phases      ] GC(1182) Phase 1: Mark live objects 287.729ms
[1216.023s][info][gc,phases,start] GC(1182) Phase 2: Prepare for compaction
[1216.065s][info][gc,phases      ] GC(1182) Phase 2: Prepare for compaction 42.161ms
[1216.065s][info][gc,phases,start] GC(1182) Phase 3: Adjust pointers
[1216.163s][info][gc,phases      ] GC(1182) Phase 3: Adjust pointers 97.774ms
[1216.163s][info][gc,phases,start] GC(1182) Phase 4: Compact heap
[1216.198s][info][gc,phases      ] GC(1182) Phase 4: Compact heap 35.231ms
[1216.203s][info][gc,heap        ] GC(1182) Eden regions: 0->0(25)
[1216.203s][info][gc,heap        ] GC(1182) Survivor regions: 0->0(0)
[1216.203s][info][gc,heap        ] GC(1182) Old regions: 499->489
[1216.203s][info][gc,heap        ] GC(1182) Archive regions: 2->2
[1216.203s][info][gc,heap        ] GC(1182) Humongous regions: 11->11
[1216.203s][info][gc,metaspace   ] GC(1182) Metaspace: 48787K(50128K)->48682K(50128K) NonClass: 42940K(43856K)->42850K(43856K) Class: 5846K(6272K)->5832K(6272K)
[1216.203s][info][gc             ] GC(1182) Pause Full (G1 Evacuation Pause) 509M->498M(512M) 468.248ms
[1216.204s][info][gc,cpu         ] GC(1182) User=2.46s Sys=0.07s Real=0.47s
[1216.204s][info][gc,marking     ] GC(1183) Concurrent Mark From Roots 469.583ms
[1216.204s][info][gc,marking     ] GC(1183) Concurrent Mark Abort
[1216.204s][info][gc             ] GC(1183) Concurrent Cycle 469.802ms
[1260.736s][info][gc,start       ] GC(1184) Pause Young (Normal) (G1 Evacuation Pause)
[1260.736s][info][gc,task        ] GC(1184) Using 8 workers of 8 for evacuation
[1260.738s][info][gc             ] GC(1184) To-space exhausted
[1260.738s][info][gc,phases      ] GC(1184)   Pre Evacuate Collection Set: 0.1ms
[1260.738s][info][gc,phases      ] GC(1184)   Merge Heap Roots: 0.0ms
[1260.738s][info][gc,phases      ] GC(1184)   Evacuate Collection Set: 0.2ms
[1260.738s][info][gc,phases      ] GC(1184)   Post Evacuate Collection Set: 1.0ms
[1260.738s][info][gc,phases      ] GC(1184)   Other: 0.1ms
[1260.738s][info][gc,heap        ] GC(1184) Eden regions: 10->0(25)
[1260.738s][info][gc,heap        ] GC(1184) Survivor regions: 0->0(0)
[1260.738s][info][gc,heap        ] GC(1184) Old regions: 489->494
[1260.738s][info][gc,heap        ] GC(1184) Archive regions: 2->2
[1260.738s][info][gc,heap        ] GC(1184) Humongous regions: 11->11
[1260.738s][info][gc,metaspace   ] GC(1184) Metaspace: 48800K(50128K)->48800K(50128K) NonClass: 42951K(43856K)->42951K(43856K) Class: 5849K(6272K)->5849K(6272K)
[1260.738s][info][gc             ] GC(1184) Pause Young (Normal) (G1 Evacuation Pause) 508M->503M(512M) 1.472ms
[1260.738s][info][gc,cpu         ] GC(1184) User=0.00s Sys=0.01s Real=0.00s
[1286.735s][info][gc,start       ] GC(1185) Pause Young (Concurrent Start) (G1 Evacuation Pause)
[1286.735s][info][gc,task        ] GC(1185) Using 8 workers of 8 for evacuation
[1286.736s][info][gc             ] GC(1185) To-space exhausted
[1286.736s][info][gc,phases      ] GC(1185)   Pre Evacuate Collection Set: 0.1ms
[1286.736s][info][gc,phases      ] GC(1185)   Merge Heap Roots: 0.0ms
[1286.736s][info][gc,phases      ] GC(1185)   Evacuate Collection Set: 0.7ms
[1286.736s][info][gc,phases      ] GC(1185)   Post Evacuate Collection Set: 0.6ms
[1286.736s][info][gc,phases      ] GC(1185)   Other: 0.2ms
[1286.736s][info][gc,heap        ] GC(1185) Eden regions: 5->0(25)
[1286.737s][info][gc,heap        ] GC(1185) Survivor regions: 0->0(0)
[1286.737s][info][gc,heap        ] GC(1185) Old regions: 494->498
[1286.737s][info][gc,heap        ] GC(1185) Archive regions: 2->2
[1286.737s][info][gc,heap        ] GC(1185) Humongous regions: 11->11
[1286.737s][info][gc,metaspace   ] GC(1185) Metaspace: 48800K(50128K)->48800K(50128K) NonClass: 42951K(43856K)->42951K(43856K) Class: 5849K(6272K)->5849K(6272K)
[1286.737s][info][gc             ] GC(1185) Pause Young (Concurrent Start) (G1 Evacuation Pause) 508M->507M(512M) 1.808ms
[1286.737s][info][gc,cpu         ] GC(1185) User=0.00s Sys=0.00s Real=0.01s
[1286.737s][info][gc             ] GC(1186) Concurrent Cycle
[1286.737s][info][gc,marking     ] GC(1186) Concurrent Clear Claimed Marks
[1286.737s][info][gc,marking     ] GC(1186) Concurrent Clear Claimed Marks 0.032ms
[1286.737s][info][gc,marking     ] GC(1186) Concurrent Scan Root Regions
[1286.737s][info][gc,marking     ] GC(1186) Concurrent Scan Root Regions 0.006ms
[1286.737s][info][gc,marking     ] GC(1186) Concurrent Mark (1286.737s)
[1286.737s][info][gc,marking     ] GC(1186) Concurrent Mark From Roots
[1286.737s][info][gc,task        ] GC(1186) Using 2 workers of 2 for marking
[1287.293s][info][gc,marking     ] GC(1186) Concurrent Mark From Roots 556.436ms
[1287.293s][info][gc,marking     ] GC(1186) Concurrent Preclean
[1287.293s][info][gc,marking     ] GC(1186) Concurrent Preclean 0.085ms
[1287.293s][info][gc,marking     ] GC(1186) Concurrent Mark (1286.737s, 1287.293s) 556.585ms
[1287.293s][info][gc,start       ] GC(1186) Pause Remark
[1287.297s][info][gc             ] GC(1186) Pause Remark 507M->506M(512M) 3.491ms
[1287.297s][info][gc,cpu         ] GC(1186) User=0.01s Sys=0.00s Real=0.01s
[1287.297s][info][gc,marking     ] GC(1186) Concurrent Rebuild Remembered Sets
[1287.619s][info][gc,marking     ] GC(1186) Concurrent Rebuild Remembered Sets 321.766ms
[1287.620s][info][gc,start       ] GC(1186) Pause Cleanup
[1287.620s][info][gc             ] GC(1186) Pause Cleanup 506M->506M(512M) 0.349ms
[1287.620s][info][gc,cpu         ] GC(1186) User=0.00s Sys=0.00s Real=0.00s
[1287.620s][info][gc,marking     ] GC(1186) Concurrent Cleanup for Next Mark
[1287.621s][info][gc,marking     ] GC(1186) Concurrent Cleanup for Next Mark 0.711ms
[1287.621s][info][gc             ] GC(1186) Concurrent Cycle 884.187ms
[1296.735s][info][gc,start       ] GC(1187) Pause Young (Normal) (G1 Evacuation Pause)
[1296.735s][info][gc,task        ] GC(1187) Using 8 workers of 8 for evacuation
[1296.736s][info][gc             ] GC(1187) To-space exhausted
[1296.736s][info][gc,phases      ] GC(1187)   Pre Evacuate Collection Set: 0.1ms
[1296.736s][info][gc,phases      ] GC(1187)   Merge Heap Roots: 0.0ms
[1296.736s][info][gc,phases      ] GC(1187)   Evacuate Collection Set: 0.2ms
[1296.736s][info][gc,phases      ] GC(1187)   Post Evacuate Collection Set: 0.5ms
[1296.736s][info][gc,phases      ] GC(1187)   Other: 0.1ms
[1296.736s][info][gc,heap        ] GC(1187) Eden regions: 2->0(25)
[1296.736s][info][gc,heap        ] GC(1187) Survivor regions: 0->0(0)
[1296.736s][info][gc,heap        ] GC(1187) Old regions: 497->499
[1296.736s][info][gc,heap        ] GC(1187) Archive regions: 2->2
[1296.736s][info][gc,heap        ] GC(1187) Humongous regions: 11->11
[1296.736s][info][gc,metaspace   ] GC(1187) Metaspace: 48787K(50128K)->48787K(50128K) NonClass: 42940K(43856K)->42940K(43856K) Class: 5846K(6272K)->5846K(6272K)
[1296.736s][info][gc             ] GC(1187) Pause Young (Normal) (G1 Evacuation Pause) 508M->508M(512M) 1.060ms
[1296.736s][info][gc,cpu         ] GC(1187) User=0.00s Sys=0.00s Real=0.01s
[1296.736s][info][gc,ergo        ] Attempting maximally compacting collection
[1296.736s][info][gc,task        ] GC(1188) Using 8 workers of 8 for full compaction
[1296.736s][info][gc,start       ] GC(1188) Pause Full (G1 Evacuation Pause)
[1296.736s][info][gc,phases,start] GC(1188) Phase 1: Mark live objects
[1297.035s][info][gc,phases      ] GC(1188) Phase 1: Mark live objects 299.176ms
[1297.035s][info][gc,phases,start] GC(1188) Phase 2: Prepare for compaction
[1297.072s][info][gc,phases      ] GC(1188) Phase 2: Prepare for compaction 36.714ms
[1297.072s][info][gc,phases,start] GC(1188) Phase 3: Adjust pointers
[1297.174s][info][gc,phases      ] GC(1188) Phase 3: Adjust pointers 101.814ms
[1297.174s][info][gc,phases,start] GC(1188) Phase 4: Compact heap
[1297.209s][info][gc,phases      ] GC(1188) Phase 4: Compact heap 35.144ms
[1297.220s][info][gc,heap        ] GC(1188) Eden regions: 0->0(25)
[1297.220s][info][gc,heap        ] GC(1188) Survivor regions: 0->0(0)
[1297.220s][info][gc,heap        ] GC(1188) Old regions: 499->487
[1297.220s][info][gc,heap        ] GC(1188) Archive regions: 2->2
[1297.220s][info][gc,heap        ] GC(1188) Humongous regions: 11->11
[1297.220s][info][gc,metaspace   ] GC(1188) Metaspace: 48787K(50128K)->48666K(50128K) NonClass: 42940K(43856K)->42836K(43856K) Class: 5846K(6272K)->5829K(6272K)
[1297.220s][info][gc             ] GC(1188) Pause Full (G1 Evacuation Pause) 508M->498M(512M) 483.844ms
[1297.221s][info][gc,cpu         ] GC(1188) User=2.51s Sys=0.08s Real=0.48s
[1352.740s][info][gc,start       ] GC(1189) Pause Young (Concurrent Start) (G1 Evacuation Pause)
[1352.740s][info][gc,task        ] GC(1189) Using 8 workers of 8 for evacuation
[1352.742s][info][gc             ] GC(1189) To-space exhausted
[1352.742s][info][gc,phases      ] GC(1189)   Pre Evacuate Collection Set: 0.1ms
[1352.742s][info][gc,phases      ] GC(1189)   Merge Heap Roots: 0.0ms
[1352.742s][info][gc,phases      ] GC(1189)   Evacuate Collection Set: 0.6ms
[1352.742s][info][gc,phases      ] GC(1189)   Post Evacuate Collection Set: 1.0ms
[1352.742s][info][gc,phases      ] GC(1189)   Other: 0.2ms
[1352.742s][info][gc,heap        ] GC(1189) Eden regions: 12->0(25)
[1352.742s][info][gc,heap        ] GC(1189) Survivor regions: 0->0(0)
[1352.742s][info][gc,heap        ] GC(1189) Old regions: 487->493
[1352.742s][info][gc,heap        ] GC(1189) Archive regions: 2->2
[1352.742s][info][gc,heap        ] GC(1189) Humongous regions: 11->11
[1352.742s][info][gc,metaspace   ] GC(1189) Metaspace: 48790K(50128K)->48790K(50128K) NonClass: 42942K(43856K)->42942K(43856K) Class: 5847K(6272K)->5847K(6272K)
[1352.742s][info][gc             ] GC(1189) Pause Young (Concurrent Start) (G1 Evacuation Pause) 510M->504M(512M) 1.975ms
[1352.742s][info][gc,cpu         ] GC(1189) User=0.01s Sys=0.00s Real=0.00s
[1352.742s][info][gc             ] GC(1190) Concurrent Cycle
[1352.742s][info][gc,marking     ] GC(1190) Concurrent Clear Claimed Marks
[1352.742s][info][gc,marking     ] GC(1190) Concurrent Clear Claimed Marks 0.036ms
[1352.742s][info][gc,marking     ] GC(1190) Concurrent Scan Root Regions
[1352.742s][info][gc,marking     ] GC(1190) Concurrent Scan Root Regions 0.007ms
[1352.742s][info][gc,marking     ] GC(1190) Concurrent Mark (1352.742s)
[1352.742s][info][gc,marking     ] GC(1190) Concurrent Mark From Roots
[1352.742s][info][gc,task        ] GC(1190) Using 2 workers of 2 for marking
[1353.260s][info][gc,marking     ] GC(1190) Concurrent Mark From Roots 518.322ms
[1353.260s][info][gc,marking     ] GC(1190) Concurrent Preclean
[1353.260s][info][gc,marking     ] GC(1190) Concurrent Preclean 0.064ms
[1353.260s][info][gc,marking     ] GC(1190) Concurrent Mark (1352.742s, 1353.260s) 518.442ms
[1353.260s][info][gc,start       ] GC(1190) Pause Remark
[1353.262s][info][gc             ] GC(1190) Pause Remark 504M->504M(512M) 1.272ms
[1353.262s][info][gc,cpu         ] GC(1190) User=0.01s Sys=0.00s Real=0.00s
[1353.262s][info][gc,marking     ] GC(1190) Concurrent Rebuild Remembered Sets
[1353.562s][info][gc,marking     ] GC(1190) Concurrent Rebuild Remembered Sets 300.169ms
[1353.563s][info][gc,start       ] GC(1190) Pause Cleanup
[1353.563s][info][gc             ] GC(1190) Pause Cleanup 504M->504M(512M) 0.346ms
[1353.563s][info][gc,cpu         ] GC(1190) User=0.00s Sys=0.00s Real=0.00s
[1353.563s][info][gc,marking     ] GC(1190) Concurrent Cleanup for Next Mark
[1353.564s][info][gc,marking     ] GC(1190) Concurrent Cleanup for Next Mark 0.784ms
[1353.564s][info][gc             ] GC(1190) Concurrent Cycle 822.354ms
[1383.740s][info][gc,start       ] GC(1191) Pause Young (Normal) (G1 Evacuation Pause)
[1383.740s][info][gc,task        ] GC(1191) Using 8 workers of 8 for evacuation
[1383.741s][info][gc             ] GC(1191) To-space exhausted
[1383.741s][info][gc,phases      ] GC(1191)   Pre Evacuate Collection Set: 0.1ms
[1383.741s][info][gc,phases      ] GC(1191)   Merge Heap Roots: 0.0ms
[1383.741s][info][gc,phases      ] GC(1191)   Evacuate Collection Set: 0.3ms
[1383.741s][info][gc,phases      ] GC(1191)   Post Evacuate Collection Set: 0.6ms
[1383.741s][info][gc,phases      ] GC(1191)   Other: 0.1ms
[1383.741s][info][gc,heap        ] GC(1191) Eden regions: 6->0(25)
[1383.741s][info][gc,heap        ] GC(1191) Survivor regions: 0->0(0)
[1383.741s][info][gc,heap        ] GC(1191) Old regions: 493->496
[1383.741s][info][gc,heap        ] GC(1191) Archive regions: 2->2
[1383.741s][info][gc,heap        ] GC(1191) Humongous regions: 11->11
[1383.741s][info][gc,metaspace   ] GC(1191) Metaspace: 48791K(50128K)->48791K(50128K) NonClass: 42943K(43856K)->42943K(43856K) Class: 5847K(6272K)->5847K(6272K)
[1383.741s][info][gc             ] GC(1191) Pause Young (Normal) (G1 Evacuation Pause) 510M->507M(512M) 1.245ms
[1383.741s][info][gc,cpu         ] GC(1191) User=0.01s Sys=0.00s Real=0.00s
[1398.734s][info][gc,start       ] GC(1192) Pause Young (Concurrent Start) (G1 Evacuation Pause)
[1398.734s][info][gc,task        ] GC(1192) Using 8 workers of 8 for evacuation
[1398.735s][info][gc             ] GC(1192) To-space exhausted
[1398.735s][info][gc,phases      ] GC(1192)   Pre Evacuate Collection Set: 0.1ms
[1398.735s][info][gc,phases      ] GC(1192)   Merge Heap Roots: 0.0ms
[1398.735s][info][gc,phases      ] GC(1192)   Evacuate Collection Set: 0.5ms
[1398.735s][info][gc,phases      ] GC(1192)   Post Evacuate Collection Set: 0.5ms
[1398.735s][info][gc,phases      ] GC(1192)   Other: 0.1ms
[1398.735s][info][gc,heap        ] GC(1192) Eden regions: 3->0(25)
[1398.735s][info][gc,heap        ] GC(1192) Survivor regions: 0->0(0)
[1398.735s][info][gc,heap        ] GC(1192) Old regions: 496->498
[1398.735s][info][gc,heap        ] GC(1192) Archive regions: 2->2
[1398.735s][info][gc,heap        ] GC(1192) Humongous regions: 11->11
[1398.735s][info][gc,metaspace   ] GC(1192) Metaspace: 48791K(50128K)->48791K(50128K) NonClass: 42943K(43856K)->42943K(43856K) Class: 5847K(6272K)->5847K(6272K)
[1398.735s][info][gc             ] GC(1192) Pause Young (Concurrent Start) (G1 Evacuation Pause) 510M->509M(512M) 1.293ms
[1398.735s][info][gc,cpu         ] GC(1192) User=0.00s Sys=0.00s Real=0.00s
[1398.735s][info][gc             ] GC(1193) Concurrent Cycle
[1398.735s][info][gc,marking     ] GC(1193) Concurrent Clear Claimed Marks
[1398.735s][info][gc,marking     ] GC(1193) Concurrent Clear Claimed Marks 0.022ms
[1398.735s][info][gc,marking     ] GC(1193) Concurrent Scan Root Regions
[1398.735s][info][gc,marking     ] GC(1193) Concurrent Scan Root Regions 0.007ms
[1398.735s][info][gc,marking     ] GC(1193) Concurrent Mark (1398.735s)
[1398.735s][info][gc,marking     ] GC(1193) Concurrent Mark From Roots
[1398.735s][info][gc,task        ] GC(1193) Using 2 workers of 2 for marking
[1399.255s][info][gc,marking     ] GC(1193) Concurrent Mark From Roots 519.736ms
[1399.255s][info][gc,marking     ] GC(1193) Concurrent Preclean
[1399.255s][info][gc,marking     ] GC(1193) Concurrent Preclean 0.156ms
[1399.255s][info][gc,marking     ] GC(1193) Concurrent Mark (1398.735s, 1399.255s) 519.995ms
[1399.255s][info][gc,start       ] GC(1193) Pause Remark
[1399.259s][info][gc             ] GC(1193) Pause Remark 509M->505M(512M) 3.541ms
[1399.259s][info][gc,cpu         ] GC(1193) User=0.02s Sys=0.00s Real=0.01s
[1399.259s][info][gc,marking     ] GC(1193) Concurrent Rebuild Remembered Sets
[1399.563s][info][gc,marking     ] GC(1193) Concurrent Rebuild Remembered Sets 304.369ms
[1399.564s][info][gc,start       ] GC(1193) Pause Cleanup
[1399.565s][info][gc             ] GC(1193) Pause Cleanup 505M->505M(512M) 0.327ms
[1399.565s][info][gc,cpu         ] GC(1193) User=0.00s Sys=0.00s Real=0.00s
[1399.565s][info][gc,marking     ] GC(1193) Concurrent Cleanup for Next Mark
[1399.565s][info][gc,marking     ] GC(1193) Concurrent Cleanup for Next Mark 0.611ms
[1399.565s][info][gc             ] GC(1193) Concurrent Cycle 830.188ms
[1423.741s][info][gc,start       ] GC(1194) Pause Young (Normal) (G1 Evacuation Pause)
[1423.741s][info][gc,task        ] GC(1194) Using 8 workers of 8 for evacuation
[1423.742s][info][gc             ] GC(1194) To-space exhausted
[1423.742s][info][gc,phases      ] GC(1194)   Pre Evacuate Collection Set: 0.0ms
[1423.742s][info][gc,phases      ] GC(1194)   Merge Heap Roots: 0.0ms
[1423.742s][info][gc,phases      ] GC(1194)   Evacuate Collection Set: 0.2ms
[1423.742s][info][gc,phases      ] GC(1194)   Post Evacuate Collection Set: 0.5ms
[1423.742s][info][gc,phases      ] GC(1194)   Other: 0.1ms
[1423.742s][info][gc,heap        ] GC(1194) Eden regions: 5->0(25)
[1423.742s][info][gc,heap        ] GC(1194) Survivor regions: 0->0(0)
[1423.742s][info][gc,heap        ] GC(1194) Old regions: 494->497
[1423.742s][info][gc,heap        ] GC(1194) Archive regions: 2->2
[1423.742s][info][gc,heap        ] GC(1194) Humongous regions: 11->11
[1423.742s][info][gc,metaspace   ] GC(1194) Metaspace: 48789K(50128K)->48789K(50128K) NonClass: 42942K(43856K)->42942K(43856K) Class: 5846K(6272K)->5846K(6272K)
[1423.742s][info][gc             ] GC(1194) Pause Young (Normal) (G1 Evacuation Pause) 510M->508M(512M) 0.979ms
[1423.742s][info][gc,cpu         ] GC(1194) User=0.00s Sys=0.00s Real=0.00s
[1433.741s][info][gc,start       ] GC(1195) Pause Young (Concurrent Start) (G1 Evacuation Pause)
[1433.741s][info][gc,task        ] GC(1195) Using 8 workers of 8 for evacuation
[1433.743s][info][gc             ] GC(1195) To-space exhausted
[1433.743s][info][gc,phases      ] GC(1195)   Pre Evacuate Collection Set: 0.1ms
[1433.743s][info][gc,phases      ] GC(1195)   Merge Heap Roots: 0.0ms
[1433.743s][info][gc,phases      ] GC(1195)   Evacuate Collection Set: 0.5ms
[1433.743s][info][gc,phases      ] GC(1195)   Post Evacuate Collection Set: 0.5ms
[1433.743s][info][gc,phases      ] GC(1195)   Other: 0.1ms
[1433.743s][info][gc,heap        ] GC(1195) Eden regions: 2->0(25)
[1433.743s][info][gc,heap        ] GC(1195) Survivor regions: 0->0(0)
[1433.743s][info][gc,heap        ] GC(1195) Old regions: 497->499
[1433.743s][info][gc,heap        ] GC(1195) Archive regions: 2->2
[1433.743s][info][gc,heap        ] GC(1195) Humongous regions: 11->11
[1433.743s][info][gc,metaspace   ] GC(1195) Metaspace: 48790K(50128K)->48790K(50128K) NonClass: 42943K(43856K)->42943K(43856K) Class: 5846K(6272K)->5846K(6272K)
[1433.743s][info][gc             ] GC(1195) Pause Young (Concurrent Start) (G1 Evacuation Pause) 510M->510M(512M) 1.271ms
[1433.743s][info][gc,cpu         ] GC(1195) User=0.00s Sys=0.00s Real=0.00s
[1433.743s][info][gc,ergo        ] Attempting maximally compacting collection
[1433.743s][info][gc             ] GC(1196) Concurrent Cycle
[1433.743s][info][gc,task        ] GC(1197) Using 8 workers of 8 for full compaction
[1433.743s][info][gc,marking     ] GC(1196) Concurrent Clear Claimed Marks
[1433.743s][info][gc,start       ] GC(1197) Pause Full (G1 Evacuation Pause)
[1433.743s][info][gc,marking     ] GC(1196) Concurrent Clear Claimed Marks 0.036ms
[1433.743s][info][gc,marking     ] GC(1196) Concurrent Scan Root Regions
[1433.743s][info][gc,marking     ] GC(1196) Concurrent Scan Root Regions 0.016ms
[1433.743s][info][gc,marking     ] GC(1196) Concurrent Mark (1433.743s)
[1433.743s][info][gc,marking     ] GC(1196) Concurrent Mark From Roots
[1433.743s][info][gc,task        ] GC(1196) Using 2 workers of 2 for marking
[1433.743s][info][gc,phases,start] GC(1197) Phase 1: Mark live objects
[1434.034s][info][gc,phases      ] GC(1197) Phase 1: Mark live objects 290.781ms
[1434.034s][info][gc,phases,start] GC(1197) Phase 2: Prepare for compaction
[1434.073s][info][gc,phases      ] GC(1197) Phase 2: Prepare for compaction 38.884ms
[1434.073s][info][gc,phases,start] GC(1197) Phase 3: Adjust pointers
[1434.163s][info][gc,phases      ] GC(1197) Phase 3: Adjust pointers 89.718ms
[1434.163s][info][gc,phases,start] GC(1197) Phase 4: Compact heap
[1434.202s][info][gc,phases      ] GC(1197) Phase 4: Compact heap 38.553ms
[1434.206s][info][gc,heap        ] GC(1197) Eden regions: 0->0(25)
[1434.206s][info][gc,heap        ] GC(1197) Survivor regions: 0->0(0)
[1434.206s][info][gc,heap        ] GC(1197) Old regions: 499->489
[1434.206s][info][gc,heap        ] GC(1197) Archive regions: 2->2
[1434.206s][info][gc,heap        ] GC(1197) Humongous regions: 11->11
[1434.206s][info][gc,metaspace   ] GC(1197) Metaspace: 48790K(50128K)->48658K(50128K) NonClass: 42943K(43856K)->42830K(43856K) Class: 5846K(6272K)->5828K(6272K)
[1434.206s][info][gc             ] GC(1197) Pause Full (G1 Evacuation Pause) 510M->498M(512M) 462.895ms
[1434.207s][info][gc,cpu         ] GC(1197) User=2.47s Sys=0.06s Real=0.47s
[1434.207s][info][gc,marking     ] GC(1196) Concurrent Mark From Roots 464.362ms
[1434.207s][info][gc,marking     ] GC(1196) Concurrent Mark Abort
[1434.207s][info][gc             ] GC(1196) Concurrent Cycle 464.553ms
[1479.742s][info][gc,start       ] GC(1198) Pause Young (Normal) (G1 Evacuation Pause)
[1479.742s][info][gc,task        ] GC(1198) Using 8 workers of 8 for evacuation
[1479.744s][info][gc             ] GC(1198) To-space exhausted
[1479.744s][info][gc,phases      ] GC(1198)   Pre Evacuate Collection Set: 0.1ms
[1479.744s][info][gc,phases      ] GC(1198)   Merge Heap Roots: 0.0ms
[1479.744s][info][gc,phases      ] GC(1198)   Evacuate Collection Set: 0.3ms
[1479.744s][info][gc,phases      ] GC(1198)   Post Evacuate Collection Set: 1.0ms
[1479.744s][info][gc,phases      ] GC(1198)   Other: 0.1ms
[1479.744s][info][gc,heap        ] GC(1198) Eden regions: 10->0(25)
[1479.744s][info][gc,heap        ] GC(1198) Survivor regions: 0->0(0)
[1479.744s][info][gc,heap        ] GC(1198) Old regions: 489->494
[1479.744s][info][gc,heap        ] GC(1198) Archive regions: 2->2
[1479.744s][info][gc,heap        ] GC(1198) Humongous regions: 11->11
[1479.744s][info][gc,metaspace   ] GC(1198) Metaspace: 48789K(50128K)->48789K(50128K) NonClass: 42942K(43856K)->42942K(43856K) Class: 5846K(6272K)->5846K(6272K)
[1479.744s][info][gc             ] GC(1198) Pause Young (Normal) (G1 Evacuation Pause) 508M->503M(512M) 1.642ms
[1479.744s][info][gc,cpu         ] GC(1198) User=0.01s Sys=0.00s Real=0.00s
[1505.738s][info][gc,start       ] GC(1199) Pause Young (Concurrent Start) (G1 Evacuation Pause)
[1505.738s][info][gc,task        ] GC(1199) Using 8 workers of 8 for evacuation
[1505.739s][info][gc             ] GC(1199) To-space exhausted
[1505.739s][info][gc,phases      ] GC(1199)   Pre Evacuate Collection Set: 0.1ms
[1505.739s][info][gc,phases      ] GC(1199)   Merge Heap Roots: 0.0ms
[1505.739s][info][gc,phases      ] GC(1199)   Evacuate Collection Set: 0.6ms
[1505.739s][info][gc,phases      ] GC(1199)   Post Evacuate Collection Set: 0.6ms
[1505.739s][info][gc,phases      ] GC(1199)   Other: 0.2ms
[1505.739s][info][gc,heap        ] GC(1199) Eden regions: 5->0(25)
[1505.739s][info][gc,heap        ] GC(1199) Survivor regions: 0->0(0)
[1505.739s][info][gc,heap        ] GC(1199) Old regions: 494->497
[1505.739s][info][gc,heap        ] GC(1199) Archive regions: 2->2
[1505.739s][info][gc,heap        ] GC(1199) Humongous regions: 11->11
[1505.739s][info][gc,metaspace   ] GC(1199) Metaspace: 48789K(50128K)->48789K(50128K) NonClass: 42942K(43856K)->42942K(43856K) Class: 5846K(6272K)->5846K(6272K)
[1505.739s][info][gc             ] GC(1199) Pause Young (Concurrent Start) (G1 Evacuation Pause) 508M->506M(512M) 1.648ms
[1505.739s][info][gc,cpu         ] GC(1199) User=0.00s Sys=0.00s Real=0.00s
[1505.739s][info][gc             ] GC(1200) Concurrent Cycle
[1505.739s][info][gc,marking     ] GC(1200) Concurrent Clear Claimed Marks
[1505.739s][info][gc,marking     ] GC(1200) Concurrent Clear Claimed Marks 0.059ms
[1505.739s][info][gc,marking     ] GC(1200) Concurrent Scan Root Regions
[1505.739s][info][gc,marking     ] GC(1200) Concurrent Scan Root Regions 0.007ms
[1505.739s][info][gc,marking     ] GC(1200) Concurrent Mark (1505.739s)
[1505.739s][info][gc,marking     ] GC(1200) Concurrent Mark From Roots
[1505.739s][info][gc,task        ] GC(1200) Using 2 workers of 2 for marking
[1506.285s][info][gc,marking     ] GC(1200) Concurrent Mark From Roots 546.128ms
[1506.285s][info][gc,marking     ] GC(1200) Concurrent Preclean
[1506.286s][info][gc,marking     ] GC(1200) Concurrent Preclean 0.121ms
[1506.286s][info][gc,marking     ] GC(1200) Concurrent Mark (1505.739s, 1506.286s) 546.323ms
[1506.286s][info][gc,start       ] GC(1200) Pause Remark
[1506.288s][info][gc             ] GC(1200) Pause Remark 506M->505M(512M) 2.209ms
[1506.288s][info][gc,cpu         ] GC(1200) User=0.01s Sys=0.00s Real=0.00s
[1506.288s][info][gc,marking     ] GC(1200) Concurrent Rebuild Remembered Sets
[1506.614s][info][gc,marking     ] GC(1200) Concurrent Rebuild Remembered Sets 325.489ms
[1506.615s][info][gc,start       ] GC(1200) Pause Cleanup
[1506.615s][info][gc             ] GC(1200) Pause Cleanup 505M->505M(512M) 0.357ms
[1506.615s][info][gc,cpu         ] GC(1200) User=0.01s Sys=0.00s Real=0.00s
[1506.615s][info][gc,marking     ] GC(1200) Concurrent Cleanup for Next Mark
[1506.616s][info][gc,marking     ] GC(1200) Concurrent Cleanup for Next Mark 0.807ms
[1506.616s][info][gc             ] GC(1200) Concurrent Cycle 876.732ms
[1519.902s][info][gc,start       ] GC(1201) Pause Young (Normal) (G1 Evacuation Pause)
[1519.902s][info][gc,task        ] GC(1201) Using 8 workers of 8 for evacuation
[1519.903s][info][gc             ] GC(1201) To-space exhausted
[1519.904s][info][gc,phases      ] GC(1201)   Pre Evacuate Collection Set: 0.1ms
[1519.904s][info][gc,phases      ] GC(1201)   Merge Heap Roots: 0.0ms
[1519.904s][info][gc,phases      ] GC(1201)   Evacuate Collection Set: 0.3ms
[1519.904s][info][gc,phases      ] GC(1201)   Post Evacuate Collection Set: 0.6ms
[1519.904s][info][gc,phases      ] GC(1201)   Other: 0.2ms
[1519.904s][info][gc,heap        ] GC(1201) Eden regions: 3->0(25)
[1519.904s][info][gc,heap        ] GC(1201) Survivor regions: 0->0(0)
[1519.904s][info][gc,heap        ] GC(1201) Old regions: 496->498
[1519.904s][info][gc,heap        ] GC(1201) Archive regions: 2->2
[1519.904s][info][gc,heap        ] GC(1201) Humongous regions: 11->11
[1519.904s][info][gc,metaspace   ] GC(1201) Metaspace: 48797K(50128K)->48797K(50128K) NonClass: 42949K(43856K)->42949K(43856K) Class: 5848K(6272K)->5848K(6272K)
[1519.904s][info][gc             ] GC(1201) Pause Young (Normal) (G1 Evacuation Pause) 508M->507M(512M) 1.208ms
[1519.904s][info][gc,cpu         ] GC(1201) User=0.00s Sys=0.00s Real=0.00s
[1524.738s][info][gc,start       ] GC(1202) Pause Young (Concurrent Start) (G1 Evacuation Pause)
[1524.738s][info][gc,task        ] GC(1202) Using 8 workers of 8 for evacuation
[1524.739s][info][gc             ] GC(1202) To-space exhausted
[1524.739s][info][gc,phases      ] GC(1202)   Pre Evacuate Collection Set: 0.1ms
[1524.739s][info][gc,phases      ] GC(1202)   Merge Heap Roots: 0.0ms
[1524.739s][info][gc,phases      ] GC(1202)   Evacuate Collection Set: 0.6ms
[1524.739s][info][gc,phases      ] GC(1202)   Post Evacuate Collection Set: 0.6ms
[1524.739s][info][gc,phases      ] GC(1202)   Other: 0.2ms
[1524.739s][info][gc,heap        ] GC(1202) Eden regions: 1->0(25)
[1524.739s][info][gc,heap        ] GC(1202) Survivor regions: 0->0(0)
[1524.739s][info][gc,heap        ] GC(1202) Old regions: 498->499
[1524.739s][info][gc,heap        ] GC(1202) Archive regions: 2->2
[1524.739s][info][gc,heap        ] GC(1202) Humongous regions: 11->11
[1524.739s][info][gc,metaspace   ] GC(1202) Metaspace: 48801K(50128K)->48801K(50128K) NonClass: 42952K(43856K)->42952K(43856K) Class: 5848K(6272K)->5848K(6272K)
[1524.739s][info][gc             ] GC(1202) Pause Young (Concurrent Start) (G1 Evacuation Pause) 508M->508M(512M) 1.571ms
[1524.739s][info][gc,cpu         ] GC(1202) User=0.00s Sys=0.00s Real=0.00s
[1524.739s][info][gc,ergo        ] Attempting maximally compacting collection
[1524.739s][info][gc,task        ] GC(1203) Using 8 workers of 8 for full compaction
[1524.739s][info][gc,start       ] GC(1203) Pause Full (G1 Evacuation Pause)
[1524.739s][info][gc             ] GC(1204) Concurrent Cycle
[1524.739s][info][gc,marking     ] GC(1204) Concurrent Clear Claimed Marks
[1524.739s][info][gc,marking     ] GC(1204) Concurrent Clear Claimed Marks 0.122ms
[1524.739s][info][gc,marking     ] GC(1204) Concurrent Scan Root Regions
[1524.739s][info][gc,marking     ] GC(1204) Concurrent Scan Root Regions 0.022ms
[1524.739s][info][gc,marking     ] GC(1204) Concurrent Mark (1524.739s)
[1524.740s][info][gc,marking     ] GC(1204) Concurrent Mark From Roots
[1524.740s][info][gc,task        ] GC(1204) Using 2 workers of 2 for marking
[1524.740s][info][gc,phases,start] GC(1203) Phase 1: Mark live objects
[1525.029s][info][gc,phases      ] GC(1203) Phase 1: Mark live objects 288.741ms
[1525.029s][info][gc,phases,start] GC(1203) Phase 2: Prepare for compaction
[1525.071s][info][gc,phases      ] GC(1203) Phase 2: Prepare for compaction 41.939ms
[1525.071s][info][gc,phases,start] GC(1203) Phase 3: Adjust pointers
[1525.167s][info][gc,phases      ] GC(1203) Phase 3: Adjust pointers 96.575ms
[1525.167s][info][gc,phases,start] GC(1203) Phase 4: Compact heap
[1525.229s][info][gc,phases      ] GC(1203) Phase 4: Compact heap 61.543ms
[1525.234s][info][gc,heap        ] GC(1203) Eden regions: 0->0(25)
[1525.234s][info][gc,heap        ] GC(1203) Survivor regions: 0->0(0)
[1525.234s][info][gc,heap        ] GC(1203) Old regions: 499->488
[1525.234s][info][gc,heap        ] GC(1203) Archive regions: 2->2
[1525.234s][info][gc,heap        ] GC(1203) Humongous regions: 11->11
[1525.234s][info][gc,metaspace   ] GC(1203) Metaspace: 48801K(50128K)->48741K(50128K) NonClass: 42952K(43856K)->42901K(43856K) Class: 5848K(6272K)->5839K(6272K)
[1525.234s][info][gc             ] GC(1203) Pause Full (G1 Evacuation Pause) 508M->498M(512M) 494.617ms
[1525.236s][info][gc,cpu         ] GC(1203) User=2.50s Sys=0.08s Real=0.50s
[1525.236s][info][gc,marking     ] GC(1204) Concurrent Mark From Roots 496.270ms
[1525.236s][info][gc,marking     ] GC(1204) Concurrent Mark Abort
[1525.236s][info][gc             ] GC(1204) Concurrent Cycle 496.578ms
[1579.346s][info][gc,start       ] GC(1205) Pause Young (Normal) (G1 Evacuation Pause)
[1579.346s][info][gc,task        ] GC(1205) Using 8 workers of 8 for evacuation
[1579.347s][info][gc             ] GC(1205) To-space exhausted
[1579.347s][info][gc,phases      ] GC(1205)   Pre Evacuate Collection Set: 0.1ms
[1579.347s][info][gc,phases      ] GC(1205)   Merge Heap Roots: 0.0ms
[1579.347s][info][gc,phases      ] GC(1205)   Evacuate Collection Set: 0.2ms
[1579.347s][info][gc,phases      ] GC(1205)   Post Evacuate Collection Set: 1.0ms
[1579.347s][info][gc,phases      ] GC(1205)   Other: 0.2ms
[1579.347s][info][gc,heap        ] GC(1205) Eden regions: 11->0(25)
[1579.347s][info][gc,heap        ] GC(1205) Survivor regions: 0->0(0)
[1579.348s][info][gc,heap        ] GC(1205) Old regions: 488->492
[1579.348s][info][gc,heap        ] GC(1205) Archive regions: 2->2
[1579.348s][info][gc,heap        ] GC(1205) Humongous regions: 11->11
[1579.348s][info][gc,metaspace   ] GC(1205) Metaspace: 48791K(50128K)->48791K(50128K) NonClass: 42944K(43856K)->42944K(43856K) Class: 5847K(6272K)->5847K(6272K)
[1579.348s][info][gc             ] GC(1205) Pause Young (Normal) (G1 Evacuation Pause) 509M->502M(512M) 1.715ms
[1579.348s][info][gc,cpu         ] GC(1205) User=0.00s Sys=0.00s Real=0.00s
[1614.736s][info][gc,start       ] GC(1206) Pause Young (Concurrent Start) (G1 Evacuation Pause)
[1614.737s][info][gc,task        ] GC(1206) Using 8 workers of 8 for evacuation
[1614.738s][info][gc             ] GC(1206) To-space exhausted
[1614.738s][info][gc,phases      ] GC(1206)   Pre Evacuate Collection Set: 0.1ms
[1614.738s][info][gc,phases      ] GC(1206)   Merge Heap Roots: 0.0ms
[1614.738s][info][gc,phases      ] GC(1206)   Evacuate Collection Set: 0.6ms
[1614.738s][info][gc,phases      ] GC(1206)   Post Evacuate Collection Set: 0.6ms
[1614.738s][info][gc,phases      ] GC(1206)   Other: 0.2ms
[1614.738s][info][gc,heap        ] GC(1206) Eden regions: 7->0(25)
[1614.738s][info][gc,heap        ] GC(1206) Survivor regions: 0->0(0)
[1614.738s][info][gc,heap        ] GC(1206) Old regions: 492->495
[1614.738s][info][gc,heap        ] GC(1206) Archive regions: 2->2
[1614.738s][info][gc,heap        ] GC(1206) Humongous regions: 11->11
[1614.738s][info][gc,metaspace   ] GC(1206) Metaspace: 48791K(50128K)->48791K(50128K) NonClass: 42944K(43856K)->42944K(43856K) Class: 5847K(6272K)->5847K(6272K)
[1614.738s][info][gc             ] GC(1206) Pause Young (Concurrent Start) (G1 Evacuation Pause) 509M->505M(512M) 1.671ms
[1614.738s][info][gc,cpu         ] GC(1206) User=0.01s Sys=0.01s Real=0.00s
[1614.738s][info][gc             ] GC(1207) Concurrent Cycle
[1614.738s][info][gc,marking     ] GC(1207) Concurrent Clear Claimed Marks
[1614.738s][info][gc,marking     ] GC(1207) Concurrent Clear Claimed Marks 0.055ms
[1614.738s][info][gc,marking     ] GC(1207) Concurrent Scan Root Regions
[1614.738s][info][gc,marking     ] GC(1207) Concurrent Scan Root Regions 0.007ms
[1614.738s][info][gc,marking     ] GC(1207) Concurrent Mark (1614.738s)
[1614.738s][info][gc,marking     ] GC(1207) Concurrent Mark From Roots
[1614.738s][info][gc,task        ] GC(1207) Using 2 workers of 2 for marking
[1615.272s][info][gc,marking     ] GC(1207) Concurrent Mark From Roots 533.266ms
[1615.272s][info][gc,marking     ] GC(1207) Concurrent Preclean
[1615.272s][info][gc,marking     ] GC(1207) Concurrent Preclean 0.072ms
[1615.272s][info][gc,marking     ] GC(1207) Concurrent Mark (1614.738s, 1615.272s) 533.393ms
[1615.272s][info][gc,start       ] GC(1207) Pause Remark
[1615.276s][info][gc             ] GC(1207) Pause Remark 505M->503M(512M) 3.968ms
[1615.276s][info][gc,cpu         ] GC(1207) User=0.01s Sys=0.01s Real=0.01s
[1615.276s][info][gc,marking     ] GC(1207) Concurrent Rebuild Remembered Sets
[1615.586s][info][gc,marking     ] GC(1207) Concurrent Rebuild Remembered Sets 310.569ms
[1615.587s][info][gc,start       ] GC(1207) Pause Cleanup
[1615.588s][info][gc             ] GC(1207) Pause Cleanup 503M->503M(512M) 0.311ms
[1615.588s][info][gc,cpu         ] GC(1207) User=0.00s Sys=0.00s Real=0.00s
[1615.588s][info][gc,marking     ] GC(1207) Concurrent Cleanup for Next Mark
[1615.588s][info][gc,marking     ] GC(1207) Concurrent Cleanup for Next Mark 0.737ms
[1615.588s][info][gc             ] GC(1207) Concurrent Cycle 850.210ms
[1645.733s][info][gc,start       ] GC(1208) Pause Young (Normal) (G1 Evacuation Pause)
[1645.733s][info][gc,task        ] GC(1208) Using 8 workers of 8 for evacuation
[1645.737s][info][gc             ] GC(1208) To-space exhausted
[1645.737s][info][gc,phases      ] GC(1208)   Pre Evacuate Collection Set: 0.4ms
[1645.737s][info][gc,phases      ] GC(1208)   Merge Heap Roots: 0.3ms
[1645.737s][info][gc,phases      ] GC(1208)   Evacuate Collection Set: 1.3ms
[1645.737s][info][gc,phases      ] GC(1208)   Post Evacuate Collection Set: 2.2ms
[1645.737s][info][gc,phases      ] GC(1208)   Other: 0.2ms
[1645.737s][info][gc,heap        ] GC(1208) Eden regions: 6->0(25)
[1645.737s][info][gc,heap        ] GC(1208) Survivor regions: 0->0(0)
[1645.737s][info][gc,heap        ] GC(1208) Old regions: 493->497
[1645.737s][info][gc,heap        ] GC(1208) Archive regions: 2->2
[1645.737s][info][gc,heap        ] GC(1208) Humongous regions: 11->11
[1645.737s][info][gc,metaspace   ] GC(1208) Metaspace: 48789K(50128K)->48789K(50128K) NonClass: 42942K(43856K)->42942K(43856K) Class: 5846K(6272K)->5846K(6272K)
[1645.737s][info][gc             ] GC(1208) Pause Young (Normal) (G1 Evacuation Pause) 509M->507M(512M) 4.507ms
[1645.737s][info][gc,cpu         ] GC(1208) User=0.00s Sys=0.00s Real=0.01s
[1655.732s][info][gc,start       ] GC(1209) Pause Young (Concurrent Start) (G1 Evacuation Pause)
[1655.732s][info][gc,task        ] GC(1209) Using 8 workers of 8 for evacuation
[1655.738s][info][gc             ] GC(1209) To-space exhausted
[1655.738s][info][gc,phases      ] GC(1209)   Pre Evacuate Collection Set: 0.4ms
[1655.738s][info][gc,phases      ] GC(1209)   Merge Heap Roots: 2.5ms
[1655.738s][info][gc,phases      ] GC(1209)   Evacuate Collection Set: 1.0ms
[1655.738s][info][gc,phases      ] GC(1209)   Post Evacuate Collection Set: 1.6ms
[1655.738s][info][gc,phases      ] GC(1209)   Other: 0.3ms
[1655.738s][info][gc,heap        ] GC(1209) Eden regions: 2->0(25)
[1655.738s][info][gc,heap        ] GC(1209) Survivor regions: 0->0(0)
[1655.738s][info][gc,heap        ] GC(1209) Old regions: 497->499
[1655.738s][info][gc,heap        ] GC(1209) Archive regions: 2->2
[1655.738s][info][gc,heap        ] GC(1209) Humongous regions: 11->11
[1655.738s][info][gc,metaspace   ] GC(1209) Metaspace: 48789K(50128K)->48789K(50128K) NonClass: 42942K(43856K)->42942K(43856K) Class: 5846K(6272K)->5846K(6272K)
[1655.738s][info][gc             ] GC(1209) Pause Young (Concurrent Start) (G1 Evacuation Pause) 509M->509M(512M) 5.988ms
[1655.738s][info][gc,cpu         ] GC(1209) User=0.01s Sys=0.00s Real=0.01s
[1655.738s][info][gc,ergo        ] Attempting maximally compacting collection
[1655.738s][info][gc             ] GC(1210) Concurrent Cycle
[1655.738s][info][gc,marking     ] GC(1210) Concurrent Clear Claimed Marks
[1655.738s][info][gc,task        ] GC(1211) Using 8 workers of 8 for full compaction
[1655.738s][info][gc,start       ] GC(1211) Pause Full (G1 Evacuation Pause)
[1655.738s][info][gc,marking     ] GC(1210) Concurrent Clear Claimed Marks 0.053ms
[1655.738s][info][gc,marking     ] GC(1210) Concurrent Scan Root Regions
[1655.738s][info][gc,marking     ] GC(1210) Concurrent Scan Root Regions 0.037ms
[1655.738s][info][gc,marking     ] GC(1210) Concurrent Mark (1655.738s)
[1655.738s][info][gc,marking     ] GC(1210) Concurrent Mark From Roots
[1655.738s][info][gc,task        ] GC(1210) Using 2 workers of 2 for marking
[1655.739s][info][gc,phases,start] GC(1211) Phase 1: Mark live objects
[1656.038s][info][gc,phases      ] GC(1211) Phase 1: Mark live objects 299.417ms
[1656.038s][info][gc,phases,start] GC(1211) Phase 2: Prepare for compaction
[1656.081s][info][gc,phases      ] GC(1211) Phase 2: Prepare for compaction 42.048ms
[1656.081s][info][gc,phases,start] GC(1211) Phase 3: Adjust pointers
[1656.180s][info][gc,phases      ] GC(1211) Phase 3: Adjust pointers 99.375ms
[1656.180s][info][gc,phases,start] GC(1211) Phase 4: Compact heap
[1656.220s][info][gc,phases      ] GC(1211) Phase 4: Compact heap 39.917ms
[1656.226s][info][gc,heap        ] GC(1211) Eden regions: 0->0(25)
[1656.226s][info][gc,heap        ] GC(1211) Survivor regions: 0->0(0)
[1656.226s][info][gc,heap        ] GC(1211) Old regions: 499->490
[1656.226s][info][gc,heap        ] GC(1211) Archive regions: 2->2
[1656.226s][info][gc,heap        ] GC(1211) Humongous regions: 11->11
[1656.226s][info][gc,metaspace   ] GC(1211) Metaspace: 48789K(50128K)->48685K(50128K) NonClass: 42942K(43856K)->42852K(43856K) Class: 5846K(6272K)->5832K(6272K)
[1656.226s][info][gc             ] GC(1211) Pause Full (G1 Evacuation Pause) 509M->498M(512M) 487.823ms
[1656.227s][info][gc,cpu         ] GC(1211) User=2.49s Sys=0.08s Real=0.49s
[1656.228s][info][gc,marking     ] GC(1210) Concurrent Mark From Roots 489.251ms
[1656.228s][info][gc,marking     ] GC(1210) Concurrent Mark Abort
[1656.228s][info][gc             ] GC(1210) Concurrent Cycle 489.595ms
[1697.736s][info][gc,start       ] GC(1212) Pause Young (Normal) (G1 Evacuation Pause)
[1697.736s][info][gc,task        ] GC(1212) Using 8 workers of 8 for evacuation
[1697.737s][info][gc             ] GC(1212) To-space exhausted
[1697.737s][info][gc,phases      ] GC(1212)   Pre Evacuate Collection Set: 0.1ms
[1697.737s][info][gc,phases      ] GC(1212)   Merge Heap Roots: 0.0ms
[1697.737s][info][gc,phases      ] GC(1212)   Evacuate Collection Set: 0.3ms
[1697.737s][info][gc,phases      ] GC(1212)   Post Evacuate Collection Set: 1.1ms
[1697.737s][info][gc,phases      ] GC(1212)   Other: 0.2ms
[1697.737s][info][gc,heap        ] GC(1212) Eden regions: 9->0(25)
[1697.737s][info][gc,heap        ] GC(1212) Survivor regions: 0->0(0)
[1697.737s][info][gc,heap        ] GC(1212) Old regions: 490->494
[1697.737s][info][gc,heap        ] GC(1212) Archive regions: 2->2
[1697.737s][info][gc,heap        ] GC(1212) Humongous regions: 11->11
[1697.737s][info][gc,metaspace   ] GC(1212) Metaspace: 48791K(50128K)->48791K(50128K) NonClass: 42943K(43856K)->42943K(43856K) Class: 5847K(6272K)->5847K(6272K)
[1697.737s][info][gc             ] GC(1212) Pause Young (Normal) (G1 Evacuation Pause) 507M->502M(512M) 1.777ms
[1697.737s][info][gc,cpu         ] GC(1212) User=0.00s Sys=0.00s Real=0.00s
[1722.735s][info][gc,start       ] GC(1213) Pause Young (Concurrent Start) (G1 Evacuation Pause)
[1722.735s][info][gc,task        ] GC(1213) Using 8 workers of 8 for evacuation
[1722.737s][info][gc             ] GC(1213) To-space exhausted
[1722.737s][info][gc,phases      ] GC(1213)   Pre Evacuate Collection Set: 0.2ms
[1722.737s][info][gc,phases      ] GC(1213)   Merge Heap Roots: 0.0ms
[1722.737s][info][gc,phases      ] GC(1213)   Evacuate Collection Set: 0.8ms
[1722.737s][info][gc,phases      ] GC(1213)   Post Evacuate Collection Set: 0.7ms
[1722.737s][info][gc,phases      ] GC(1213)   Other: 0.3ms
[1722.737s][info][gc,heap        ] GC(1213) Eden regions: 5->0(25)
[1722.737s][info][gc,heap        ] GC(1213) Survivor regions: 0->0(0)
[1722.737s][info][gc,heap        ] GC(1213) Old regions: 494->497
[1722.737s][info][gc,heap        ] GC(1213) Archive regions: 2->2
[1722.737s][info][gc,heap        ] GC(1213) Humongous regions: 11->11
[1722.737s][info][gc,metaspace   ] GC(1213) Metaspace: 48791K(50128K)->48791K(50128K) NonClass: 42944K(43856K)->42944K(43856K) Class: 5847K(6272K)->5847K(6272K)
[1722.737s][info][gc             ] GC(1213) Pause Young (Concurrent Start) (G1 Evacuation Pause) 507M->505M(512M) 2.140ms
[1722.737s][info][gc,cpu         ] GC(1213) User=0.01s Sys=0.00s Real=0.01s
[1722.737s][info][gc             ] GC(1214) Concurrent Cycle
[1722.737s][info][gc,marking     ] GC(1214) Concurrent Clear Claimed Marks
[1722.737s][info][gc,marking     ] GC(1214) Concurrent Clear Claimed Marks 0.052ms
[1722.737s][info][gc,marking     ] GC(1214) Concurrent Scan Root Regions
[1722.737s][info][gc,marking     ] GC(1214) Concurrent Scan Root Regions 0.010ms
[1722.737s][info][gc,marking     ] GC(1214) Concurrent Mark (1722.737s)
[1722.737s][info][gc,marking     ] GC(1214) Concurrent Mark From Roots
[1722.737s][info][gc,task        ] GC(1214) Using 2 workers of 2 for marking
[1723.456s][info][gc,marking     ] GC(1214) Concurrent Mark From Roots 718.420ms
[1723.456s][info][gc,marking     ] GC(1214) Concurrent Preclean
[1723.456s][info][gc,marking     ] GC(1214) Concurrent Preclean 0.089ms
[1723.456s][info][gc,marking     ] GC(1214) Concurrent Mark (1722.737s, 1723.456s) 718.574ms
[1723.456s][info][gc,start       ] GC(1214) Pause Remark
[1723.460s][info][gc             ] GC(1214) Pause Remark 505M->504M(512M) 3.710ms
[1723.460s][info][gc,cpu         ] GC(1214) User=0.02s Sys=0.00s Real=0.00s
[1723.460s][info][gc,marking     ] GC(1214) Concurrent Rebuild Remembered Sets
[1723.799s][info][gc,marking     ] GC(1214) Concurrent Rebuild Remembered Sets 339.040ms
[1723.800s][info][gc,start       ] GC(1214) Pause Cleanup
[1723.800s][info][gc             ] GC(1214) Pause Cleanup 504M->504M(512M) 0.373ms
[1723.800s][info][gc,cpu         ] GC(1214) User=0.00s Sys=0.00s Real=0.00s
[1723.800s][info][gc,marking     ] GC(1214) Concurrent Cleanup for Next Mark
[1723.801s][info][gc,marking     ] GC(1214) Concurrent Cleanup for Next Mark 0.690ms
[1723.801s][info][gc             ] GC(1214) Concurrent Cycle 1063.736ms
[1742.737s][info][gc,start       ] GC(1215) Pause Young (Normal) (G1 Evacuation Pause)
[1742.737s][info][gc,task        ] GC(1215) Using 8 workers of 8 for evacuation
[1742.738s][info][gc             ] GC(1215) To-space exhausted
[1742.738s][info][gc,phases      ] GC(1215)   Pre Evacuate Collection Set: 0.1ms
[1742.738s][info][gc,phases      ] GC(1215)   Merge Heap Roots: 0.0ms
[1742.738s][info][gc,phases      ] GC(1215)   Evacuate Collection Set: 0.4ms
[1742.738s][info][gc,phases      ] GC(1215)   Post Evacuate Collection Set: 0.7ms
[1742.738s][info][gc,phases      ] GC(1215)   Other: 0.2ms
[1742.738s][info][gc,heap        ] GC(1215) Eden regions: 4->0(25)
[1742.738s][info][gc,heap        ] GC(1215) Survivor regions: 0->0(0)
[1742.739s][info][gc,heap        ] GC(1215) Old regions: 495->499
[1742.739s][info][gc,heap        ] GC(1215) Archive regions: 2->2
[1742.739s][info][gc,heap        ] GC(1215) Humongous regions: 11->11
[1742.739s][info][gc,metaspace   ] GC(1215) Metaspace: 48789K(50128K)->48789K(50128K) NonClass: 42942K(43856K)->42942K(43856K) Class: 5846K(6272K)->5846K(6272K)
[1742.739s][info][gc             ] GC(1215) Pause Young (Normal) (G1 Evacuation Pause) 508M->508M(512M) 1.404ms
[1742.739s][info][gc,cpu         ] GC(1215) User=0.01s Sys=0.00s Real=0.00s
[1742.739s][info][gc,ergo        ] Attempting maximally compacting collection
[1742.739s][info][gc,task        ] GC(1216) Using 8 workers of 8 for full compaction
[1742.739s][info][gc,start       ] GC(1216) Pause Full (G1 Evacuation Pause)
[1742.739s][info][gc,phases,start] GC(1216) Phase 1: Mark live objects
[1743.058s][info][gc,phases      ] GC(1216) Phase 1: Mark live objects 319.743ms
[1743.058s][info][gc,phases,start] GC(1216) Phase 2: Prepare for compaction
[1743.098s][info][gc,phases      ] GC(1216) Phase 2: Prepare for compaction 39.722ms
[1743.098s][info][gc,phases,start] GC(1216) Phase 3: Adjust pointers
[1743.211s][info][gc,phases      ] GC(1216) Phase 3: Adjust pointers 112.423ms
[1743.211s][info][gc,phases,start] GC(1216) Phase 4: Compact heap
[1743.255s][info][gc,phases      ] GC(1216) Phase 4: Compact heap 44.541ms
[1743.261s][info][gc,heap        ] GC(1216) Eden regions: 0->0(25)
[1743.261s][info][gc,heap        ] GC(1216) Survivor regions: 0->0(0)
[1743.261s][info][gc,heap        ] GC(1216) Old regions: 499->490
[1743.261s][info][gc,heap        ] GC(1216) Archive regions: 2->2
[1743.261s][info][gc,heap        ] GC(1216) Humongous regions: 11->11
[1743.261s][info][gc,metaspace   ] GC(1216) Metaspace: 48789K(50128K)->48685K(50128K) NonClass: 42942K(43856K)->42852K(43856K) Class: 5846K(6272K)->5832K(6272K)
[1743.261s][info][gc             ] GC(1216) Pause Full (G1 Evacuation Pause) 508M->498M(512M) 522.758ms
[1743.264s][info][gc,cpu         ] GC(1216) User=2.48s Sys=0.08s Real=0.52s
[1784.735s][info][gc,start       ] GC(1217) Pause Young (Concurrent Start) (G1 Evacuation Pause)
[1784.735s][info][gc,task        ] GC(1217) Using 8 workers of 8 for evacuation
[1784.737s][info][gc             ] GC(1217) To-space exhausted
[1784.737s][info][gc,phases      ] GC(1217)   Pre Evacuate Collection Set: 0.2ms
[1784.737s][info][gc,phases      ] GC(1217)   Merge Heap Roots: 0.0ms
[1784.737s][info][gc,phases      ] GC(1217)   Evacuate Collection Set: 0.9ms
[1784.737s][info][gc,phases      ] GC(1217)   Post Evacuate Collection Set: 1.0ms
[1784.737s][info][gc,phases      ] GC(1217)   Other: 0.3ms
[1784.737s][info][gc,heap        ] GC(1217) Eden regions: 9->0(25)
[1784.737s][info][gc,heap        ] GC(1217) Survivor regions: 0->0(0)
[1784.737s][info][gc,heap        ] GC(1217) Old regions: 490->494
[1784.737s][info][gc,heap        ] GC(1217) Archive regions: 2->2
[1784.737s][info][gc,heap        ] GC(1217) Humongous regions: 11->11
[1784.737s][info][gc,metaspace   ] GC(1217) Metaspace: 48790K(50128K)->48790K(50128K) NonClass: 42943K(43856K)->42943K(43856K) Class: 5847K(6272K)->5847K(6272K)
[1784.737s][info][gc             ] GC(1217) Pause Young (Concurrent Start) (G1 Evacuation Pause) 507M->502M(512M) 2.675ms
[1784.737s][info][gc,cpu         ] GC(1217) User=0.01s Sys=0.00s Real=0.01s
[1784.737s][info][gc             ] GC(1218) Concurrent Cycle
[1784.737s][info][gc,marking     ] GC(1218) Concurrent Clear Claimed Marks
[1784.737s][info][gc,marking     ] GC(1218) Concurrent Clear Claimed Marks 0.074ms
[1784.737s][info][gc,marking     ] GC(1218) Concurrent Scan Root Regions
[1784.737s][info][gc,marking     ] GC(1218) Concurrent Scan Root Regions 0.010ms
[1784.738s][info][gc,marking     ] GC(1218) Concurrent Mark (1784.738s)
[1784.738s][info][gc,marking     ] GC(1218) Concurrent Mark From Roots
[1784.738s][info][gc,task        ] GC(1218) Using 2 workers of 2 for marking
[1785.264s][info][gc,marking     ] GC(1218) Concurrent Mark From Roots 526.318ms
[1785.264s][info][gc,marking     ] GC(1218) Concurrent Preclean
[1785.264s][info][gc,marking     ] GC(1218) Concurrent Preclean 0.069ms
[1785.264s][info][gc,marking     ] GC(1218) Concurrent Mark (1784.738s, 1785.264s) 526.452ms
[1785.264s][info][gc,start       ] GC(1218) Pause Remark
[1785.265s][info][gc             ] GC(1218) Pause Remark 502M->502M(512M) 1.264ms
[1785.268s][info][gc,cpu         ] GC(1218) User=0.01s Sys=0.00s Real=0.01s
[1785.268s][info][gc,marking     ] GC(1218) Concurrent Rebuild Remembered Sets
[1785.567s][info][gc,marking     ] GC(1218) Concurrent Rebuild Remembered Sets 298.549ms
[1785.567s][info][gc,start       ] GC(1218) Pause Cleanup
[1785.568s][info][gc             ] GC(1218) Pause Cleanup 502M->502M(512M) 0.283ms
[1785.568s][info][gc,cpu         ] GC(1218) User=0.00s Sys=0.00s Real=0.00s
[1785.568s][info][gc,marking     ] GC(1218) Concurrent Cleanup for Next Mark
[1785.568s][info][gc,marking     ] GC(1218) Concurrent Cleanup for Next Mark 0.643ms
[1785.568s][info][gc             ] GC(1218) Concurrent Cycle 831.094ms
[1809.736s][info][gc,start       ] GC(1219) Pause Young (Normal) (G1 Evacuation Pause)
[1809.736s][info][gc,task        ] GC(1219) Using 8 workers of 8 for evacuation
[1809.737s][info][gc             ] GC(1219) To-space exhausted
[1809.737s][info][gc,phases      ] GC(1219)   Pre Evacuate Collection Set: 0.0ms
[1809.737s][info][gc,phases      ] GC(1219)   Merge Heap Roots: 0.0ms
[1809.737s][info][gc,phases      ] GC(1219)   Evacuate Collection Set: 0.3ms
[1809.737s][info][gc,phases      ] GC(1219)   Post Evacuate Collection Set: 0.6ms
[1809.737s][info][gc,phases      ] GC(1219)   Other: 0.1ms
[1809.737s][info][gc,heap        ] GC(1219) Eden regions: 5->0(25)
[1809.737s][info][gc,heap        ] GC(1219) Survivor regions: 0->0(0)
[1809.737s][info][gc,heap        ] GC(1219) Old regions: 494->497
[1809.737s][info][gc,heap        ] GC(1219) Archive regions: 2->2
[1809.737s][info][gc,heap        ] GC(1219) Humongous regions: 11->11
[1809.738s][info][gc,metaspace   ] GC(1219) Metaspace: 48791K(50128K)->48791K(50128K) NonClass: 42944K(43856K)->42944K(43856K) Class: 5847K(6272K)->5847K(6272K)
[1809.738s][info][gc             ] GC(1219) Pause Young (Normal) (G1 Evacuation Pause) 507M->505M(512M) 1.222ms
[1809.738s][info][gc,cpu         ] GC(1219) User=0.00s Sys=0.00s Real=0.00s
[1819.735s][info][gc,start       ] GC(1220) Pause Young (Concurrent Start) (G1 Evacuation Pause)
[1819.735s][info][gc,task        ] GC(1220) Using 8 workers of 8 for evacuation
[1819.736s][info][gc             ] GC(1220) To-space exhausted
[1819.736s][info][gc,phases      ] GC(1220)   Pre Evacuate Collection Set: 0.1ms
[1819.736s][info][gc,phases      ] GC(1220)   Merge Heap Roots: 0.0ms
[1819.736s][info][gc,phases      ] GC(1220)   Evacuate Collection Set: 0.4ms
[1819.736s][info][gc,phases      ] GC(1220)   Post Evacuate Collection Set: 0.4ms
[1819.736s][info][gc,phases      ] GC(1220)   Other: 0.1ms
[1819.736s][info][gc,heap        ] GC(1220) Eden regions: 2->0(25)
[1819.736s][info][gc,heap        ] GC(1220) Survivor regions: 0->0(0)
[1819.736s][info][gc,heap        ] GC(1220) Old regions: 497->499
[1819.736s][info][gc,heap        ] GC(1220) Archive regions: 2->2
[1819.736s][info][gc,heap        ] GC(1220) Humongous regions: 11->11
[1819.736s][info][gc,metaspace   ] GC(1220) Metaspace: 48791K(50128K)->48791K(50128K) NonClass: 42944K(43856K)->42944K(43856K) Class: 5847K(6272K)->5847K(6272K)
[1819.736s][info][gc             ] GC(1220) Pause Young (Concurrent Start) (G1 Evacuation Pause) 507M->507M(512M) 1.183ms
[1819.736s][info][gc,cpu         ] GC(1220) User=0.00s Sys=0.00s Real=0.01s
[1819.736s][info][gc,ergo        ] Attempting maximally compacting collection
[1819.736s][info][gc             ] GC(1221) Concurrent Cycle
[1819.736s][info][gc,task        ] GC(1222) Using 8 workers of 8 for full compaction
[1819.736s][info][gc,marking     ] GC(1221) Concurrent Clear Claimed Marks
[1819.736s][info][gc,start       ] GC(1222) Pause Full (G1 Evacuation Pause)
[1819.736s][info][gc,marking     ] GC(1221) Concurrent Clear Claimed Marks 0.034ms
[1819.736s][info][gc,marking     ] GC(1221) Concurrent Scan Root Regions
[1819.736s][info][gc,marking     ] GC(1221) Concurrent Scan Root Regions 0.020ms
[1819.736s][info][gc,marking     ] GC(1221) Concurrent Mark (1819.736s)
[1819.736s][info][gc,marking     ] GC(1221) Concurrent Mark From Roots
[1819.736s][info][gc,task        ] GC(1221) Using 2 workers of 2 for marking
[1819.737s][info][gc,phases,start] GC(1222) Phase 1: Mark live objects
[1819.975s][info][gc,phases      ] GC(1222) Phase 1: Mark live objects 237.754ms
[1819.975s][info][gc,phases,start] GC(1222) Phase 2: Prepare for compaction
[1820.007s][info][gc,phases      ] GC(1222) Phase 2: Prepare for compaction 31.920ms
[1820.007s][info][gc,phases,start] GC(1222) Phase 3: Adjust pointers
[1820.088s][info][gc,phases      ] GC(1222) Phase 3: Adjust pointers 80.833ms
[1820.088s][info][gc,phases,start] GC(1222) Phase 4: Compact heap
[1820.115s][info][gc,phases      ] GC(1222) Phase 4: Compact heap 27.518ms
[1820.121s][info][gc,heap        ] GC(1222) Eden regions: 0->0(25)
[1820.121s][info][gc,heap        ] GC(1222) Survivor regions: 0->0(0)
[1820.121s][info][gc,heap        ] GC(1222) Old regions: 499->490
[1820.121s][info][gc,heap        ] GC(1222) Archive regions: 2->2
[1820.121s][info][gc,heap        ] GC(1222) Humongous regions: 11->11
[1820.121s][info][gc,metaspace   ] GC(1222) Metaspace: 48791K(50128K)->48668K(50128K) NonClass: 42944K(43856K)->42838K(43856K) Class: 5847K(6272K)->5829K(6272K)
[1820.121s][info][gc             ] GC(1222) Pause Full (G1 Evacuation Pause) 507M->498M(512M) 384.984ms
[1820.123s][info][gc,cpu         ] GC(1222) User=2.35s Sys=0.08s Real=0.38s
[1820.123s][info][gc,marking     ] GC(1221) Concurrent Mark From Roots 386.447ms
[1820.123s][info][gc,marking     ] GC(1221) Concurrent Mark Abort
[1820.123s][info][gc             ] GC(1221) Concurrent Cycle 386.623ms
[1860.735s][info][gc,start       ] GC(1223) Pause Young (Normal) (G1 Evacuation Pause)
[1860.735s][info][gc,task        ] GC(1223) Using 8 workers of 8 for evacuation
[1860.736s][info][gc             ] GC(1223) To-space exhausted
[1860.737s][info][gc,phases      ] GC(1223)   Pre Evacuate Collection Set: 0.1ms
[1860.737s][info][gc,phases      ] GC(1223)   Merge Heap Roots: 0.0ms
[1860.737s][info][gc,phases      ] GC(1223)   Evacuate Collection Set: 0.2ms
[1860.737s][info][gc,phases      ] GC(1223)   Post Evacuate Collection Set: 0.8ms
[1860.737s][info][gc,phases      ] GC(1223)   Other: 0.1ms
[1860.737s][info][gc,heap        ] GC(1223) Eden regions: 9->0(25)
[1860.737s][info][gc,heap        ] GC(1223) Survivor regions: 0->0(0)
[1860.737s][info][gc,heap        ] GC(1223) Old regions: 490->495
[1860.737s][info][gc,heap        ] GC(1223) Archive regions: 2->2
[1860.737s][info][gc,heap        ] GC(1223) Humongous regions: 11->11
[1860.737s][info][gc,metaspace   ] GC(1223) Metaspace: 48801K(50128K)->48801K(50128K) NonClass: 42952K(43856K)->42952K(43856K) Class: 5848K(6272K)->5848K(6272K)
[1860.737s][info][gc             ] GC(1223) Pause Young (Normal) (G1 Evacuation Pause) 507M->503M(512M) 1.336ms
[1860.737s][info][gc,cpu         ] GC(1223) User=0.00s Sys=0.00s Real=0.00s
[1881.736s][info][gc,start       ] GC(1224) Pause Young (Concurrent Start) (G1 Evacuation Pause)
[1881.736s][info][gc,task        ] GC(1224) Using 8 workers of 8 for evacuation
[1881.737s][info][gc             ] GC(1224) To-space exhausted
[1881.737s][info][gc,phases      ] GC(1224)   Pre Evacuate Collection Set: 0.1ms
[1881.737s][info][gc,phases      ] GC(1224)   Merge Heap Roots: 0.0ms
[1881.737s][info][gc,phases      ] GC(1224)   Evacuate Collection Set: 0.5ms
[1881.737s][info][gc,phases      ] GC(1224)   Post Evacuate Collection Set: 0.5ms
[1881.738s][info][gc,phases      ] GC(1224)   Other: 0.2ms
[1881.738s][info][gc,heap        ] GC(1224) Eden regions: 4->0(25)
[1881.738s][info][gc,heap        ] GC(1224) Survivor regions: 0->0(0)
[1881.738s][info][gc,heap        ] GC(1224) Old regions: 495->498
[1881.738s][info][gc,heap        ] GC(1224) Archive regions: 2->2
[1881.738s][info][gc,heap        ] GC(1224) Humongous regions: 11->11
[1881.738s][info][gc,metaspace   ] GC(1224) Metaspace: 48801K(50128K)->48801K(50128K) NonClass: 42952K(43856K)->42952K(43856K) Class: 5848K(6272K)->5848K(6272K)
[1881.738s][info][gc             ] GC(1224) Pause Young (Concurrent Start) (G1 Evacuation Pause) 507M->506M(512M) 1.415ms
[1881.738s][info][gc,cpu         ] GC(1224) User=0.01s Sys=0.00s Real=0.00s
[1881.738s][info][gc             ] GC(1225) Concurrent Cycle
[1881.738s][info][gc,marking     ] GC(1225) Concurrent Clear Claimed Marks
[1881.738s][info][gc,marking     ] GC(1225) Concurrent Clear Claimed Marks 0.031ms
[1881.738s][info][gc,marking     ] GC(1225) Concurrent Scan Root Regions
[1881.738s][info][gc,marking     ] GC(1225) Concurrent Scan Root Regions 0.007ms
[1881.738s][info][gc,marking     ] GC(1225) Concurrent Mark (1881.738s)
[1881.738s][info][gc,marking     ] GC(1225) Concurrent Mark From Roots
[1881.738s][info][gc,task        ] GC(1225) Using 2 workers of 2 for marking
[1882.201s][info][gc,marking     ] GC(1225) Concurrent Mark From Roots 463.811ms
[1882.202s][info][gc,marking     ] GC(1225) Concurrent Preclean
[1882.202s][info][gc,marking     ] GC(1225) Concurrent Preclean 0.072ms
[1882.202s][info][gc,marking     ] GC(1225) Concurrent Mark (1881.738s, 1882.202s) 463.935ms
[1882.202s][info][gc,start       ] GC(1225) Pause Remark
[1882.205s][info][gc             ] GC(1225) Pause Remark 506M->504M(512M) 3.355ms
[1882.205s][info][gc,cpu         ] GC(1225) User=0.02s Sys=0.00s Real=0.00s
[1882.205s][info][gc,marking     ] GC(1225) Concurrent Rebuild Remembered Sets
[1882.477s][info][gc,marking     ] GC(1225) Concurrent Rebuild Remembered Sets 271.458ms
[1882.478s][info][gc,start       ] GC(1225) Pause Cleanup
[1882.478s][info][gc             ] GC(1225) Pause Cleanup 504M->504M(512M) 0.291ms
[1882.478s][info][gc,cpu         ] GC(1225) User=0.00s Sys=0.00s Real=0.00s
[1882.478s][info][gc,marking     ] GC(1225) Concurrent Cleanup for Next Mark
[1882.479s][info][gc,marking     ] GC(1225) Concurrent Cleanup for Next Mark 1.061ms
[1882.479s][info][gc             ] GC(1225) Concurrent Cycle 741.507ms
[1896.736s][info][gc,start       ] GC(1226) Pause Young (Normal) (G1 Evacuation Pause)
[1896.736s][info][gc,task        ] GC(1226) Using 8 workers of 8 for evacuation
[1896.738s][info][gc             ] GC(1226) To-space exhausted
[1896.738s][info][gc,phases      ] GC(1226)   Pre Evacuate Collection Set: 0.2ms
[1896.738s][info][gc,phases      ] GC(1226)   Merge Heap Roots: 0.1ms
[1896.738s][info][gc,phases      ] GC(1226)   Evacuate Collection Set: 0.8ms
[1896.738s][info][gc,phases      ] GC(1226)   Post Evacuate Collection Set: 0.6ms
[1896.738s][info][gc,phases      ] GC(1226)   Other: 0.4ms
[1896.738s][info][gc,heap        ] GC(1226) Eden regions: 3->0(25)
[1896.738s][info][gc,heap        ] GC(1226) Survivor regions: 0->0(0)
[1896.738s][info][gc,heap        ] GC(1226) Old regions: 496->499
[1896.738s][info][gc,heap        ] GC(1226) Archive regions: 2->2
[1896.738s][info][gc,heap        ] GC(1226) Humongous regions: 11->11
[1896.738s][info][gc,metaspace   ] GC(1226) Metaspace: 48790K(50128K)->48790K(50128K) NonClass: 42943K(43856K)->42943K(43856K) Class: 5846K(6272K)->5846K(6272K)
[1896.738s][info][gc             ] GC(1226) Pause Young (Normal) (G1 Evacuation Pause) 507M->507M(512M) 2.011ms
[1896.738s][info][gc,cpu         ] GC(1226) User=0.01s Sys=0.01s Real=0.00s
[1896.738s][info][gc,ergo        ] Attempting maximally compacting collection
[1896.738s][info][gc,task        ] GC(1227) Using 8 workers of 8 for full compaction
[1896.738s][info][gc,start       ] GC(1227) Pause Full (G1 Evacuation Pause)
[1896.738s][info][gc,phases,start] GC(1227) Phase 1: Mark live objects
[1897.030s][info][gc,phases      ] GC(1227) Phase 1: Mark live objects 291.867ms
[1897.030s][info][gc,phases,start] GC(1227) Phase 2: Prepare for compaction
[1897.080s][info][gc,phases      ] GC(1227) Phase 2: Prepare for compaction 49.440ms
[1897.080s][info][gc,phases,start] GC(1227) Phase 3: Adjust pointers
[1897.184s][info][gc,phases      ] GC(1227) Phase 3: Adjust pointers 104.008ms
[1897.184s][info][gc,phases,start] GC(1227) Phase 4: Compact heap
[1897.213s][info][gc,phases      ] GC(1227) Phase 4: Compact heap 28.644ms
[1897.217s][info][gc,heap        ] GC(1227) Eden regions: 0->0(25)
[1897.217s][info][gc,heap        ] GC(1227) Survivor regions: 0->0(0)
[1897.217s][info][gc,heap        ] GC(1227) Old regions: 499->490
[1897.217s][info][gc,heap        ] GC(1227) Archive regions: 2->2
[1897.217s][info][gc,heap        ] GC(1227) Humongous regions: 11->11
[1897.217s][info][gc,metaspace   ] GC(1227) Metaspace: 48790K(50128K)->48741K(50128K) NonClass: 42943K(43856K)->42902K(43856K) Class: 5846K(6272K)->5839K(6272K)
[1897.217s][info][gc             ] GC(1227) Pause Full (G1 Evacuation Pause) 507M->498M(512M) 478.879ms
[1897.218s][info][gc,cpu         ] GC(1227) User=2.45s Sys=0.08s Real=0.48s
[1942.732s][info][gc,start       ] GC(1228) Pause Young (Concurrent Start) (G1 Evacuation Pause)
[1942.733s][info][gc,task        ] GC(1228) Using 8 workers of 8 for evacuation
[1942.734s][info][gc             ] GC(1228) To-space exhausted
[1942.734s][info][gc,phases      ] GC(1228)   Pre Evacuate Collection Set: 0.1ms
[1942.734s][info][gc,phases      ] GC(1228)   Merge Heap Roots: 0.0ms
[1942.734s][info][gc,phases      ] GC(1228)   Evacuate Collection Set: 0.5ms
[1942.734s][info][gc,phases      ] GC(1228)   Post Evacuate Collection Set: 0.9ms
[1942.734s][info][gc,phases      ] GC(1228)   Other: 1.0ms
[1942.734s][info][gc,heap        ] GC(1228) Eden regions: 9->0(25)
[1942.734s][info][gc,heap        ] GC(1228) Survivor regions: 0->0(0)
[1942.734s][info][gc,heap        ] GC(1228) Old regions: 490->494
[1942.734s][info][gc,heap        ] GC(1228) Archive regions: 2->2
[1942.734s][info][gc,heap        ] GC(1228) Humongous regions: 11->11
[1942.734s][info][gc,metaspace   ] GC(1228) Metaspace: 48790K(50128K)->48790K(50128K) NonClass: 42943K(43856K)->42943K(43856K) Class: 5846K(6272K)->5846K(6272K)
[1942.734s][info][gc             ] GC(1228) Pause Young (Concurrent Start) (G1 Evacuation Pause) 507M->502M(512M) 2.541ms
[1942.734s][info][gc,cpu         ] GC(1228) User=0.00s Sys=0.00s Real=0.00s
[1942.734s][info][gc             ] GC(1229) Concurrent Cycle
[1942.734s][info][gc,marking     ] GC(1229) Concurrent Clear Claimed Marks
[1942.734s][info][gc,marking     ] GC(1229) Concurrent Clear Claimed Marks 0.027ms
[1942.734s][info][gc,marking     ] GC(1229) Concurrent Scan Root Regions
[1942.734s][info][gc,marking     ] GC(1229) Concurrent Scan Root Regions 0.007ms
[1942.734s][info][gc,marking     ] GC(1229) Concurrent Mark (1942.734s)
[1942.734s][info][gc,marking     ] GC(1229) Concurrent Mark From Roots
[1942.735s][info][gc,task        ] GC(1229) Using 2 workers of 2 for marking
[1943.176s][info][gc,marking     ] GC(1229) Concurrent Mark From Roots 441.985ms
[1943.177s][info][gc,marking     ] GC(1229) Concurrent Preclean
[1943.177s][info][gc,marking     ] GC(1229) Concurrent Preclean 0.064ms
[1943.177s][info][gc,marking     ] GC(1229) Concurrent Mark (1942.734s, 1943.177s) 442.104ms
[1943.177s][info][gc,start       ] GC(1229) Pause Remark
[1943.178s][info][gc             ] GC(1229) Pause Remark 502M->502M(512M) 1.271ms
[1943.178s][info][gc,cpu         ] GC(1229) User=0.01s Sys=0.00s Real=0.00s
[1943.178s][info][gc,marking     ] GC(1229) Concurrent Rebuild Remembered Sets
[1943.445s][info][gc,marking     ] GC(1229) Concurrent Rebuild Remembered Sets 266.902ms
[1943.446s][info][gc,start       ] GC(1229) Pause Cleanup
[1943.446s][info][gc             ] GC(1229) Pause Cleanup 502M->502M(512M) 0.337ms
[1943.446s][info][gc,cpu         ] GC(1229) User=0.00s Sys=0.00s Real=0.00s
[1943.446s][info][gc,marking     ] GC(1229) Concurrent Cleanup for Next Mark
[1943.447s][info][gc,marking     ] GC(1229) Concurrent Cleanup for Next Mark 0.615ms
[1943.447s][info][gc             ] GC(1229) Concurrent Cycle 712.501ms
[1968.459s][info][gc,start       ] GC(1230) Pause Young (Normal) (G1 Evacuation Pause)
[1968.460s][info][gc,task        ] GC(1230) Using 8 workers of 8 for evacuation
[1968.462s][info][gc             ] GC(1230) To-space exhausted
[1968.462s][info][gc,phases      ] GC(1230)   Pre Evacuate Collection Set: 0.1ms
[1968.462s][info][gc,phases      ] GC(1230)   Merge Heap Roots: 0.0ms
[1968.462s][info][gc,phases      ] GC(1230)   Evacuate Collection Set: 0.3ms
[1968.462s][info][gc,phases      ] GC(1230)   Post Evacuate Collection Set: 0.8ms
[1968.462s][info][gc,phases      ] GC(1230)   Other: 1.1ms
[1968.462s][info][gc,heap        ] GC(1230) Eden regions: 5->0(25)
[1968.462s][info][gc,heap        ] GC(1230) Survivor regions: 0->0(0)
[1968.462s][info][gc,heap        ] GC(1230) Old regions: 494->496
[1968.462s][info][gc,heap        ] GC(1230) Archive regions: 2->2
[1968.462s][info][gc,heap        ] GC(1230) Humongous regions: 11->11
[1968.462s][info][gc,metaspace   ] GC(1230) Metaspace: 48790K(50128K)->48790K(50128K) NonClass: 42943K(43856K)->42943K(43856K) Class: 5846K(6272K)->5846K(6272K)
[1968.462s][info][gc             ] GC(1230) Pause Young (Normal) (G1 Evacuation Pause) 507M->504M(512M) 2.423ms
[1968.462s][info][gc,cpu         ] GC(1230) User=0.00s Sys=0.00s Real=0.00s
[1983.732s][info][gc,start       ] GC(1231) Pause Young (Concurrent Start) (G1 Evacuation Pause)
[1983.732s][info][gc,task        ] GC(1231) Using 8 workers of 8 for evacuation
[1983.733s][info][gc             ] GC(1231) To-space exhausted
[1983.734s][info][gc,phases      ] GC(1231)   Pre Evacuate Collection Set: 0.1ms
[1983.734s][info][gc,phases      ] GC(1231)   Merge Heap Roots: 0.0ms
[1983.734s][info][gc,phases      ] GC(1231)   Evacuate Collection Set: 0.5ms
[1983.734s][info][gc,phases      ] GC(1231)   Post Evacuate Collection Set: 0.5ms
[1983.734s][info][gc,phases      ] GC(1231)   Other: 0.2ms
[1983.734s][info][gc,heap        ] GC(1231) Eden regions: 3->0(25)
[1983.734s][info][gc,heap        ] GC(1231) Survivor regions: 0->0(0)
[1983.734s][info][gc,heap        ] GC(1231) Old regions: 496->498
[1983.734s][info][gc,heap        ] GC(1231) Archive regions: 2->2
[1983.734s][info][gc,heap        ] GC(1231) Humongous regions: 11->11
[1983.734s][info][gc,metaspace   ] GC(1231) Metaspace: 48790K(50128K)->48790K(50128K) NonClass: 42943K(43856K)->42943K(43856K) Class: 5846K(6272K)->5846K(6272K)
[1983.734s][info][gc             ] GC(1231) Pause Young (Concurrent Start) (G1 Evacuation Pause) 507M->506M(512M) 1.338ms
[1983.734s][info][gc,cpu         ] GC(1231) User=0.00s Sys=0.00s Real=0.00s
[1983.734s][info][gc             ] GC(1232) Concurrent Cycle
[1983.734s][info][gc,marking     ] GC(1232) Concurrent Clear Claimed Marks
[1983.734s][info][gc,marking     ] GC(1232) Concurrent Clear Claimed Marks 0.030ms
[1983.734s][info][gc,marking     ] GC(1232) Concurrent Scan Root Regions
[1983.734s][info][gc,marking     ] GC(1232) Concurrent Scan Root Regions 0.007ms
[1983.734s][info][gc,marking     ] GC(1232) Concurrent Mark (1983.734s)
[1983.734s][info][gc,marking     ] GC(1232) Concurrent Mark From Roots
[1983.734s][info][gc,task        ] GC(1232) Using 2 workers of 2 for marking
[1984.232s][info][gc,marking     ] GC(1232) Concurrent Mark From Roots 498.073ms
[1984.232s][info][gc,marking     ] GC(1232) Concurrent Preclean
[1984.232s][info][gc,marking     ] GC(1232) Concurrent Preclean 0.085ms
[1984.232s][info][gc,marking     ] GC(1232) Concurrent Mark (1983.734s, 1984.232s) 498.226ms
[1984.232s][info][gc,start       ] GC(1232) Pause Remark
[1984.234s][info][gc             ] GC(1232) Pause Remark 506M->503M(512M) 1.582ms
[1984.234s][info][gc,cpu         ] GC(1232) User=0.01s Sys=0.00s Real=0.00s
[1984.234s][info][gc,marking     ] GC(1232) Concurrent Rebuild Remembered Sets
[1984.523s][info][gc,marking     ] GC(1232) Concurrent Rebuild Remembered Sets 289.641ms
[1984.524s][info][gc,start       ] GC(1232) Pause Cleanup
[1984.525s][info][gc             ] GC(1232) Pause Cleanup 503M->503M(512M) 0.319ms
[1984.525s][info][gc,cpu         ] GC(1232) User=0.00s Sys=0.00s Real=0.00s
[1984.525s][info][gc,marking     ] GC(1232) Concurrent Cleanup for Next Mark
[1984.525s][info][gc,marking     ] GC(1232) Concurrent Cleanup for Next Mark 0.608ms
[1984.525s][info][gc             ] GC(1232) Concurrent Cycle 791.745ms
[2003.732s][info][gc,start       ] GC(1233) Pause Young (Normal) (G1 Evacuation Pause)
[2003.732s][info][gc,task        ] GC(1233) Using 8 workers of 8 for evacuation
[2003.733s][info][gc             ] GC(1233) To-space exhausted
[2003.733s][info][gc,phases      ] GC(1233)   Pre Evacuate Collection Set: 0.0ms
[2003.733s][info][gc,phases      ] GC(1233)   Merge Heap Roots: 0.0ms
[2003.733s][info][gc,phases      ] GC(1233)   Evacuate Collection Set: 0.2ms
[2003.733s][info][gc,phases      ] GC(1233)   Post Evacuate Collection Set: 0.5ms
[2003.733s][info][gc,phases      ] GC(1233)   Other: 0.1ms
[2003.733s][info][gc,heap        ] GC(1233) Eden regions: 4->0(25)
[2003.733s][info][gc,heap        ] GC(1233) Survivor regions: 0->0(0)
[2003.733s][info][gc,heap        ] GC(1233) Old regions: 495->497
[2003.733s][info][gc,heap        ] GC(1233) Archive regions: 2->2
[2003.733s][info][gc,heap        ] GC(1233) Humongous regions: 11->11
[2003.733s][info][gc,metaspace   ] GC(1233) Metaspace: 48790K(50128K)->48790K(50128K) NonClass: 42943K(43856K)->42943K(43856K) Class: 5846K(6272K)->5846K(6272K)
[2003.733s][info][gc             ] GC(1233) Pause Young (Normal) (G1 Evacuation Pause) 507M->505M(512M) 0.921ms
[2003.733s][info][gc,cpu         ] GC(1233) User=0.00s Sys=0.00s Real=0.00s
[2013.731s][info][gc,start       ] GC(1234) Pause Young (Concurrent Start) (G1 Evacuation Pause)
[2013.732s][info][gc,task        ] GC(1234) Using 8 workers of 8 for evacuation
[2013.733s][info][gc             ] GC(1234) To-space exhausted
[2013.733s][info][gc,phases      ] GC(1234)   Pre Evacuate Collection Set: 0.1ms
[2013.733s][info][gc,phases      ] GC(1234)   Merge Heap Roots: 0.0ms
[2013.733s][info][gc,phases      ] GC(1234)   Evacuate Collection Set: 0.7ms
[2013.733s][info][gc,phases      ] GC(1234)   Post Evacuate Collection Set: 0.6ms
[2013.734s][info][gc,phases      ] GC(1234)   Other: 1.0ms
[2013.734s][info][gc,heap        ] GC(1234) Eden regions: 2->0(25)
[2013.734s][info][gc,heap        ] GC(1234) Survivor regions: 0->0(0)
[2013.734s][info][gc,heap        ] GC(1234) Old regions: 497->499
[2013.734s][info][gc,heap        ] GC(1234) Archive regions: 2->2
[2013.734s][info][gc,heap        ] GC(1234) Humongous regions: 11->11
[2013.734s][info][gc,metaspace   ] GC(1234) Metaspace: 48790K(50128K)->48790K(50128K) NonClass: 42943K(43856K)->42943K(43856K) Class: 5846K(6272K)->5846K(6272K)
[2013.734s][info][gc             ] GC(1234) Pause Young (Concurrent Start) (G1 Evacuation Pause) 507M->507M(512M) 2.475ms
[2013.734s][info][gc,cpu         ] GC(1234) User=0.00s Sys=0.00s Real=0.00s
[2013.734s][info][gc,ergo        ] Attempting maximally compacting collection
[2013.734s][info][gc,task        ] GC(1235) Using 8 workers of 8 for full compaction
[2013.734s][info][gc             ] GC(1236) Concurrent Cycle
[2013.734s][info][gc,marking     ] GC(1236) Concurrent Clear Claimed Marks
[2013.734s][info][gc,start       ] GC(1235) Pause Full (G1 Evacuation Pause)
[2013.734s][info][gc,marking     ] GC(1236) Concurrent Clear Claimed Marks 0.042ms
[2013.734s][info][gc,marking     ] GC(1236) Concurrent Scan Root Regions
[2013.734s][info][gc,marking     ] GC(1236) Concurrent Scan Root Regions 0.234ms
[2013.734s][info][gc,marking     ] GC(1236) Concurrent Mark (2013.734s)
[2013.734s][info][gc,marking     ] GC(1236) Concurrent Mark From Roots
[2013.734s][info][gc,task        ] GC(1236) Using 2 workers of 2 for marking
[2013.734s][info][gc,phases,start] GC(1235) Phase 1: Mark live objects
[2013.990s][info][gc,phases      ] GC(1235) Phase 1: Mark live objects 255.916ms
[2013.990s][info][gc,phases,start] GC(1235) Phase 2: Prepare for compaction
[2014.028s][info][gc,phases      ] GC(1235) Phase 2: Prepare for compaction 37.758ms
[2014.028s][info][gc,phases,start] GC(1235) Phase 3: Adjust pointers
[2014.111s][info][gc,phases      ] GC(1235) Phase 3: Adjust pointers 82.581ms
[2014.111s][info][gc,phases,start] GC(1235) Phase 4: Compact heap
[2014.144s][info][gc,phases      ] GC(1235) Phase 4: Compact heap 33.479ms
[2014.149s][info][gc,heap        ] GC(1235) Eden regions: 0->0(25)
[2014.149s][info][gc,heap        ] GC(1235) Survivor regions: 0->0(0)
[2014.149s][info][gc,heap        ] GC(1235) Old regions: 499->490
[2014.149s][info][gc,heap        ] GC(1235) Archive regions: 2->2
[2014.149s][info][gc,heap        ] GC(1235) Humongous regions: 11->11
[2014.149s][info][gc,metaspace   ] GC(1235) Metaspace: 48790K(50128K)->48660K(50128K) NonClass: 42943K(43856K)->42831K(43856K) Class: 5846K(6272K)->5828K(6272K)
[2014.149s][info][gc             ] GC(1235) Pause Full (G1 Evacuation Pause) 507M->498M(512M) 415.418ms
[2014.151s][info][gc,cpu         ] GC(1235) User=2.42s Sys=0.08s Real=0.42s
[2014.151s][info][gc,marking     ] GC(1236) Concurrent Mark From Roots 416.874ms
[2014.151s][info][gc,marking     ] GC(1236) Concurrent Mark Abort
[2014.151s][info][gc             ] GC(1236) Concurrent Cycle 417.321ms
[2055.732s][info][gc,start       ] GC(1237) Pause Young (Normal) (G1 Evacuation Pause)
[2055.733s][info][gc,task        ] GC(1237) Using 8 workers of 8 for evacuation
[2055.734s][info][gc             ] GC(1237) To-space exhausted
[2055.734s][info][gc,phases      ] GC(1237)   Pre Evacuate Collection Set: 0.1ms
[2055.734s][info][gc,phases      ] GC(1237)   Merge Heap Roots: 0.0ms
[2055.734s][info][gc,phases      ] GC(1237)   Evacuate Collection Set: 0.2ms
[2055.734s][info][gc,phases      ] GC(1237)   Post Evacuate Collection Set: 0.8ms
[2055.734s][info][gc,phases      ] GC(1237)   Other: 0.1ms
[2055.734s][info][gc,heap        ] GC(1237) Eden regions: 9->0(25)
[2055.734s][info][gc,heap        ] GC(1237) Survivor regions: 0->0(0)
[2055.734s][info][gc,heap        ] GC(1237) Old regions: 490->494
[2055.734s][info][gc,heap        ] GC(1237) Archive regions: 2->2
[2055.734s][info][gc,heap        ] GC(1237) Humongous regions: 11->11
[2055.734s][info][gc,metaspace   ] GC(1237) Metaspace: 48796K(50128K)->48796K(50128K) NonClass: 42948K(43856K)->42948K(43856K) Class: 5848K(6272K)->5848K(6272K)
[2055.734s][info][gc             ] GC(1237) Pause Young (Normal) (G1 Evacuation Pause) 507M->502M(512M) 1.323ms
[2055.734s][info][gc,cpu         ] GC(1237) User=0.01s Sys=0.00s Real=0.00s
[2080.870s][info][gc,start       ] GC(1238) Pause Young (Concurrent Start) (G1 Evacuation Pause)
[2080.871s][info][gc,task        ] GC(1238) Using 8 workers of 8 for evacuation
[2080.872s][info][gc             ] GC(1238) To-space exhausted
[2080.872s][info][gc,phases      ] GC(1238)   Pre Evacuate Collection Set: 0.1ms
[2080.872s][info][gc,phases      ] GC(1238)   Merge Heap Roots: 0.0ms
[2080.872s][info][gc,phases      ] GC(1238)   Evacuate Collection Set: 0.5ms
[2080.872s][info][gc,phases      ] GC(1238)   Post Evacuate Collection Set: 0.5ms
[2080.872s][info][gc,phases      ] GC(1238)   Other: 1.0ms
[2080.872s][info][gc,heap        ] GC(1238) Eden regions: 5->0(25)
[2080.872s][info][gc,heap        ] GC(1238) Survivor regions: 0->0(0)
[2080.872s][info][gc,heap        ] GC(1238) Old regions: 494->496
[2080.872s][info][gc,heap        ] GC(1238) Archive regions: 2->2
[2080.872s][info][gc,heap        ] GC(1238) Humongous regions: 11->11
[2080.872s][info][gc,metaspace   ] GC(1238) Metaspace: 48796K(50128K)->48796K(50128K) NonClass: 42948K(43856K)->42948K(43856K) Class: 5848K(6272K)->5848K(6272K)
[2080.872s][info][gc             ] GC(1238) Pause Young (Concurrent Start) (G1 Evacuation Pause) 507M->504M(512M) 2.207ms
[2080.872s][info][gc,cpu         ] GC(1238) User=0.00s Sys=0.00s Real=0.00s
[2080.872s][info][gc             ] GC(1239) Concurrent Cycle
[2080.872s][info][gc,marking     ] GC(1239) Concurrent Clear Claimed Marks
[2080.872s][info][gc,marking     ] GC(1239) Concurrent Clear Claimed Marks 0.028ms
[2080.872s][info][gc,marking     ] GC(1239) Concurrent Scan Root Regions
[2080.872s][info][gc,marking     ] GC(1239) Concurrent Scan Root Regions 0.007ms
[2080.872s][info][gc,marking     ] GC(1239) Concurrent Mark (2080.872s)
[2080.872s][info][gc,marking     ] GC(1239) Concurrent Mark From Roots
[2080.872s][info][gc,task        ] GC(1239) Using 2 workers of 2 for marking
[2081.380s][info][gc,marking     ] GC(1239) Concurrent Mark From Roots 507.587ms
[2081.380s][info][gc,marking     ] GC(1239) Concurrent Preclean
[2081.380s][info][gc,marking     ] GC(1239) Concurrent Preclean 0.071ms
[2081.380s][info][gc,marking     ] GC(1239) Concurrent Mark (2080.872s, 2081.380s) 507.711ms
[2081.380s][info][gc,start       ] GC(1239) Pause Remark
[2081.384s][info][gc             ] GC(1239) Pause Remark 504M->503M(512M) 3.461ms
[2081.384s][info][gc,cpu         ] GC(1239) User=0.02s Sys=0.00s Real=0.00s
[2081.384s][info][gc,marking     ] GC(1239) Concurrent Rebuild Remembered Sets
[2081.665s][info][gc,marking     ] GC(1239) Concurrent Rebuild Remembered Sets 280.981ms
[2081.666s][info][gc,start       ] GC(1239) Pause Cleanup
[2081.666s][info][gc             ] GC(1239) Pause Cleanup 503M->503M(512M) 0.370ms
[2081.666s][info][gc,cpu         ] GC(1239) User=0.00s Sys=0.00s Real=0.00s
[2081.666s][info][gc,marking     ] GC(1239) Concurrent Cleanup for Next Mark
[2081.668s][info][gc,marking     ] GC(1239) Concurrent Cleanup for Next Mark 1.096ms
[2081.668s][info][gc             ] GC(1239) Concurrent Cycle 795.306ms
[2100.734s][info][gc,start       ] GC(1240) Pause Young (Normal) (G1 Evacuation Pause)
[2100.735s][info][gc,task        ] GC(1240) Using 8 workers of 8 for evacuation
[2100.736s][info][gc             ] GC(1240) To-space exhausted
[2100.736s][info][gc,phases      ] GC(1240)   Pre Evacuate Collection Set: 0.1ms
[2100.736s][info][gc,phases      ] GC(1240)   Merge Heap Roots: 0.0ms
[2100.736s][info][gc,phases      ] GC(1240)   Evacuate Collection Set: 0.2ms
[2100.736s][info][gc,phases      ] GC(1240)   Post Evacuate Collection Set: 0.5ms
[2100.736s][info][gc,phases      ] GC(1240)   Other: 0.9ms
[2100.736s][info][gc,heap        ] GC(1240) Eden regions: 4->0(25)
[2100.736s][info][gc,heap        ] GC(1240) Survivor regions: 0->0(0)
[2100.736s][info][gc,heap        ] GC(1240) Old regions: 495->498
[2100.736s][info][gc,heap        ] GC(1240) Archive regions: 2->2
[2100.736s][info][gc,heap        ] GC(1240) Humongous regions: 11->11
[2100.736s][info][gc,metaspace   ] GC(1240) Metaspace: 48791K(50128K)->48791K(50128K) NonClass: 42944K(43856K)->42944K(43856K) Class: 5846K(6272K)->5846K(6272K)
[2100.736s][info][gc             ] GC(1240) Pause Young (Normal) (G1 Evacuation Pause) 507M->506M(512M) 1.782ms
[2100.736s][info][gc,cpu         ] GC(1240) User=0.00s Sys=0.00s Real=0.01s
[2105.735s][info][gc,start       ] GC(1241) Pause Young (Concurrent Start) (G1 Evacuation Pause)
[2105.735s][info][gc,task        ] GC(1241) Using 8 workers of 8 for evacuation
[2105.736s][info][gc             ] GC(1241) To-space exhausted
[2105.736s][info][gc,phases      ] GC(1241)   Pre Evacuate Collection Set: 0.1ms
[2105.736s][info][gc,phases      ] GC(1241)   Merge Heap Roots: 0.0ms
[2105.736s][info][gc,phases      ] GC(1241)   Evacuate Collection Set: 0.5ms
[2105.737s][info][gc,phases      ] GC(1241)   Post Evacuate Collection Set: 0.5ms
[2105.737s][info][gc,phases      ] GC(1241)   Other: 0.2ms
[2105.737s][info][gc,heap        ] GC(1241) Eden regions: 1->0(25)
[2105.737s][info][gc,heap        ] GC(1241) Survivor regions: 0->0(0)
[2105.737s][info][gc,heap        ] GC(1241) Old regions: 498->499
[2105.737s][info][gc,heap        ] GC(1241) Archive regions: 2->2
[2105.737s][info][gc,heap        ] GC(1241) Humongous regions: 11->11
[2105.737s][info][gc,metaspace   ] GC(1241) Metaspace: 48791K(50128K)->48791K(50128K) NonClass: 42944K(43856K)->42944K(43856K) Class: 5846K(6272K)->5846K(6272K)
[2105.737s][info][gc             ] GC(1241) Pause Young (Concurrent Start) (G1 Evacuation Pause) 507M->507M(512M) 1.495ms
[2105.737s][info][gc,cpu         ] GC(1241) User=0.00s Sys=0.00s Real=0.01s
[2105.737s][info][gc,ergo        ] Attempting maximally compacting collection
[2105.737s][info][gc             ] GC(1242) Concurrent Cycle
[2105.737s][info][gc,task        ] GC(1243) Using 8 workers of 8 for full compaction
[2105.737s][info][gc,marking     ] GC(1242) Concurrent Clear Claimed Marks
[2105.737s][info][gc,start       ] GC(1243) Pause Full (G1 Evacuation Pause)
[2105.737s][info][gc,marking     ] GC(1242) Concurrent Clear Claimed Marks 0.063ms
[2105.737s][info][gc,marking     ] GC(1242) Concurrent Scan Root Regions
[2105.737s][info][gc,marking     ] GC(1242) Concurrent Scan Root Regions 0.024ms
[2105.737s][info][gc,marking     ] GC(1242) Concurrent Mark (2105.737s)
[2105.737s][info][gc,marking     ] GC(1242) Concurrent Mark From Roots
[2105.737s][info][gc,task        ] GC(1242) Using 2 workers of 2 for marking
[2105.737s][info][gc,phases,start] GC(1243) Phase 1: Mark live objects
[2105.999s][info][gc,phases      ] GC(1243) Phase 1: Mark live objects 261.114ms
[2105.999s][info][gc,phases,start] GC(1243) Phase 2: Prepare for compaction
[2106.054s][info][gc,phases      ] GC(1243) Phase 2: Prepare for compaction 55.081ms
[2106.054s][info][gc,phases,start] GC(1243) Phase 3: Adjust pointers
[2106.155s][info][gc,phases      ] GC(1243) Phase 3: Adjust pointers 101.219ms
[2106.155s][info][gc,phases,start] GC(1243) Phase 4: Compact heap
[2106.189s][info][gc,phases      ] GC(1243) Phase 4: Compact heap 34.334ms
[2106.194s][info][gc,heap        ] GC(1243) Eden regions: 0->0(25)
[2106.194s][info][gc,heap        ] GC(1243) Survivor regions: 0->0(0)
[2106.194s][info][gc,heap        ] GC(1243) Old regions: 499->489
[2106.194s][info][gc,heap        ] GC(1243) Archive regions: 2->2
[2106.194s][info][gc,heap        ] GC(1243) Humongous regions: 11->11
[2106.194s][info][gc,metaspace   ] GC(1243) Metaspace: 48791K(50128K)->48686K(50128K) NonClass: 42944K(43856K)->42854K(43856K) Class: 5846K(6272K)->5832K(6272K)
[2106.194s][info][gc             ] GC(1243) Pause Full (G1 Evacuation Pause) 507M->498M(512M) 457.091ms
[2106.195s][info][gc,cpu         ] GC(1243) User=2.40s Sys=0.08s Real=0.45s
[2106.195s][info][gc,marking     ] GC(1242) Concurrent Mark From Roots 458.147ms
[2106.195s][info][gc,marking     ] GC(1242) Concurrent Mark Abort
[2106.195s][info][gc             ] GC(1242) Concurrent Cycle 458.359ms
[2153.735s][info][gc,start       ] GC(1244) Pause Young (Normal) (G1 Evacuation Pause)
[2153.735s][info][gc,task        ] GC(1244) Using 8 workers of 8 for evacuation
[2153.736s][info][gc             ] GC(1244) To-space exhausted
[2153.736s][info][gc,phases      ] GC(1244)   Pre Evacuate Collection Set: 0.1ms
[2153.736s][info][gc,phases      ] GC(1244)   Merge Heap Roots: 0.0ms
[2153.736s][info][gc,phases      ] GC(1244)   Evacuate Collection Set: 0.2ms
[2153.736s][info][gc,phases      ] GC(1244)   Post Evacuate Collection Set: 0.7ms
[2153.736s][info][gc,phases      ] GC(1244)   Other: 0.1ms
[2153.736s][info][gc,heap        ] GC(1244) Eden regions: 10->0(25)
[2153.736s][info][gc,heap        ] GC(1244) Survivor regions: 0->0(0)
[2153.736s][info][gc,heap        ] GC(1244) Old regions: 489->494
[2153.736s][info][gc,heap        ] GC(1244) Archive regions: 2->2
[2153.736s][info][gc,heap        ] GC(1244) Humongous regions: 11->11
[2153.736s][info][gc,metaspace   ] GC(1244) Metaspace: 48807K(50128K)->48807K(50128K) NonClass: 42958K(43856K)->42958K(43856K) Class: 5849K(6272K)->5849K(6272K)
[2153.736s][info][gc             ] GC(1244) Pause Young (Normal) (G1 Evacuation Pause) 508M->503M(512M) 1.199ms
[2153.736s][info][gc,cpu         ] GC(1244) User=0.01s Sys=0.00s Real=0.01s
[2178.735s][info][gc,start       ] GC(1245) Pause Young (Concurrent Start) (G1 Evacuation Pause)
[2178.735s][info][gc,task        ] GC(1245) Using 8 workers of 8 for evacuation
[2178.736s][info][gc             ] GC(1245) To-space exhausted
[2178.736s][info][gc,phases      ] GC(1245)   Pre Evacuate Collection Set: 0.1ms
[2178.736s][info][gc,phases      ] GC(1245)   Merge Heap Roots: 0.0ms
[2178.736s][info][gc,phases      ] GC(1245)   Evacuate Collection Set: 0.5ms
[2178.736s][info][gc,phases      ] GC(1245)   Post Evacuate Collection Set: 0.5ms
[2178.736s][info][gc,phases      ] GC(1245)   Other: 0.2ms
[2178.736s][info][gc,heap        ] GC(1245) Eden regions: 5->0(25)
[2178.736s][info][gc,heap        ] GC(1245) Survivor regions: 0->0(0)
[2178.736s][info][gc,heap        ] GC(1245) Old regions: 494->497
[2178.736s][info][gc,heap        ] GC(1245) Archive regions: 2->2
[2178.736s][info][gc,heap        ] GC(1245) Humongous regions: 11->11
[2178.737s][info][gc,metaspace   ] GC(1245) Metaspace: 48808K(50128K)->48808K(50128K) NonClass: 42958K(43856K)->42958K(43856K) Class: 5849K(6272K)->5849K(6272K)
[2178.737s][info][gc             ] GC(1245) Pause Young (Concurrent Start) (G1 Evacuation Pause) 508M->506M(512M) 1.369ms
[2178.737s][info][gc,cpu         ] GC(1245) User=0.00s Sys=0.00s Real=0.01s
[2178.737s][info][gc             ] GC(1246) Concurrent Cycle
[2178.737s][info][gc,marking     ] GC(1246) Concurrent Clear Claimed Marks
[2178.737s][info][gc,marking     ] GC(1246) Concurrent Clear Claimed Marks 0.027ms
[2178.737s][info][gc,marking     ] GC(1246) Concurrent Scan Root Regions
[2178.737s][info][gc,marking     ] GC(1246) Concurrent Scan Root Regions 0.010ms
[2178.737s][info][gc,marking     ] GC(1246) Concurrent Mark (2178.737s)
[2178.737s][info][gc,marking     ] GC(1246) Concurrent Mark From Roots
[2178.737s][info][gc,task        ] GC(1246) Using 2 workers of 2 for marking
[2179.184s][info][gc,marking     ] GC(1246) Concurrent Mark From Roots 447.737ms
[2179.184s][info][gc,marking     ] GC(1246) Concurrent Preclean
[2179.185s][info][gc,marking     ] GC(1246) Concurrent Preclean 0.107ms
[2179.185s][info][gc,marking     ] GC(1246) Concurrent Mark (2178.737s, 2179.185s) 447.916ms
[2179.185s][info][gc,start       ] GC(1246) Pause Remark
[2179.188s][info][gc             ] GC(1246) Pause Remark 506M->504M(512M) 3.017ms
[2179.188s][info][gc,cpu         ] GC(1246) User=0.02s Sys=0.00s Real=0.01s
[2179.188s][info][gc,marking     ] GC(1246) Concurrent Rebuild Remembered Sets
[2179.450s][info][gc,marking     ] GC(1246) Concurrent Rebuild Remembered Sets 262.590ms
[2179.451s][info][gc,start       ] GC(1246) Pause Cleanup
[2179.452s][info][gc             ] GC(1246) Pause Cleanup 504M->504M(512M) 0.347ms
[2179.452s][info][gc,cpu         ] GC(1246) User=0.00s Sys=0.00s Real=0.00s
[2179.452s][info][gc,marking     ] GC(1246) Concurrent Cleanup for Next Mark
[2179.452s][info][gc,marking     ] GC(1246) Concurrent Cleanup for Next Mark 0.739ms
[2179.452s][info][gc             ] GC(1246) Concurrent Cycle 715.792ms
[2198.736s][info][gc,start       ] GC(1247) Pause Young (Normal) (G1 Evacuation Pause)
[2198.736s][info][gc,task        ] GC(1247) Using 8 workers of 8 for evacuation
[2198.736s][info][gc             ] GC(1247) To-space exhausted
[2198.736s][info][gc,phases      ] GC(1247)   Pre Evacuate Collection Set: 0.0ms
[2198.736s][info][gc,phases      ] GC(1247)   Merge Heap Roots: 0.0ms
[2198.736s][info][gc,phases      ] GC(1247)   Evacuate Collection Set: 0.2ms
[2198.736s][info][gc,phases      ] GC(1247)   Post Evacuate Collection Set: 0.5ms
[2198.736s][info][gc,phases      ] GC(1247)   Other: 0.1ms
[2198.736s][info][gc,heap        ] GC(1247) Eden regions: 4->0(25)
[2198.736s][info][gc,heap        ] GC(1247) Survivor regions: 0->0(0)
[2198.736s][info][gc,heap        ] GC(1247) Old regions: 495->499
[2198.736s][info][gc,heap        ] GC(1247) Archive regions: 2->2
[2198.736s][info][gc,heap        ] GC(1247) Humongous regions: 11->11
[2198.736s][info][gc,metaspace   ] GC(1247) Metaspace: 48791K(50128K)->48791K(50128K) NonClass: 42944K(43856K)->42944K(43856K) Class: 5846K(6272K)->5846K(6272K)
[2198.736s][info][gc             ] GC(1247) Pause Young (Normal) (G1 Evacuation Pause) 508M->508M(512M) 0.977ms
[2198.737s][info][gc,cpu         ] GC(1247) User=0.00s Sys=0.00s Real=0.00s
[2198.737s][info][gc,ergo        ] Attempting maximally compacting collection
[2198.737s][info][gc,task        ] GC(1248) Using 8 workers of 8 for full compaction
[2198.737s][info][gc,start       ] GC(1248) Pause Full (G1 Evacuation Pause)
[2198.737s][info][gc,phases,start] GC(1248) Phase 1: Mark live objects
[2198.975s][info][gc,phases      ] GC(1248) Phase 1: Mark live objects 238.550ms
[2198.975s][info][gc,phases,start] GC(1248) Phase 2: Prepare for compaction
[2199.008s][info][gc,phases      ] GC(1248) Phase 2: Prepare for compaction 32.392ms
[2199.008s][info][gc,phases,start] GC(1248) Phase 3: Adjust pointers
[2199.084s][info][gc,phases      ] GC(1248) Phase 3: Adjust pointers 76.341ms
[2199.084s][info][gc,phases,start] GC(1248) Phase 4: Compact heap
[2199.113s][info][gc,phases      ] GC(1248) Phase 4: Compact heap 29.130ms
[2199.118s][info][gc,heap        ] GC(1248) Eden regions: 0->0(25)
[2199.118s][info][gc,heap        ] GC(1248) Survivor regions: 0->0(0)
[2199.118s][info][gc,heap        ] GC(1248) Old regions: 499->490
[2199.118s][info][gc,heap        ] GC(1248) Archive regions: 2->2
[2199.118s][info][gc,heap        ] GC(1248) Humongous regions: 11->11
[2199.118s][info][gc,metaspace   ] GC(1248) Metaspace: 48791K(50128K)->48660K(50128K) NonClass: 42944K(43856K)->42832K(43856K) Class: 5846K(6272K)->5828K(6272K)
[2199.118s][info][gc             ] GC(1248) Pause Full (G1 Evacuation Pause) 508M->498M(512M) 381.464ms
[2199.120s][info][gc,cpu         ] GC(1248) User=2.35s Sys=0.08s Real=0.38s
[2240.734s][info][gc,start       ] GC(1249) Pause Young (Concurrent Start) (G1 Evacuation Pause)
[2240.734s][info][gc,task        ] GC(1249) Using 8 workers of 8 for evacuation
[2240.737s][info][gc             ] GC(1249) To-space exhausted
[2240.737s][info][gc,phases      ] GC(1249)   Pre Evacuate Collection Set: 0.1ms
[2240.737s][info][gc,phases      ] GC(1249)   Merge Heap Roots: 0.0ms
[2240.737s][info][gc,phases      ] GC(1249)   Evacuate Collection Set: 1.1ms
[2240.737s][info][gc,phases      ] GC(1249)   Post Evacuate Collection Set: 1.3ms
[2240.737s][info][gc,phases      ] GC(1249)   Other: 0.3ms
[2240.737s][info][gc,heap        ] GC(1249) Eden regions: 9->0(25)
[2240.737s][info][gc,heap        ] GC(1249) Survivor regions: 0->0(0)
[2240.737s][info][gc,heap        ] GC(1249) Old regions: 490->495
[2240.737s][info][gc,heap        ] GC(1249) Archive regions: 2->2
[2240.737s][info][gc,heap        ] GC(1249) Humongous regions: 11->11
[2240.737s][info][gc,metaspace   ] GC(1249) Metaspace: 48790K(50128K)->48790K(50128K) NonClass: 42943K(43856K)->42943K(43856K) Class: 5846K(6272K)->5846K(6272K)
[2240.737s][info][gc             ] GC(1249) Pause Young (Concurrent Start) (G1 Evacuation Pause) 507M->503M(512M) 3.103ms
[2240.737s][info][gc,cpu         ] GC(1249) User=0.01s Sys=0.00s Real=0.01s
[2240.737s][info][gc             ] GC(1250) Concurrent Cycle
[2240.737s][info][gc,marking     ] GC(1250) Concurrent Clear Claimed Marks
[2240.737s][info][gc,marking     ] GC(1250) Concurrent Clear Claimed Marks 0.059ms
[2240.737s][info][gc,marking     ] GC(1250) Concurrent Scan Root Regions
[2240.737s][info][gc,marking     ] GC(1250) Concurrent Scan Root Regions 0.009ms
[2240.737s][info][gc,marking     ] GC(1250) Concurrent Mark (2240.737s)
[2240.737s][info][gc,marking     ] GC(1250) Concurrent Mark From Roots
[2240.737s][info][gc,task        ] GC(1250) Using 2 workers of 2 for marking
[2241.210s][info][gc,marking     ] GC(1250) Concurrent Mark From Roots 472.571ms
[2241.210s][info][gc,marking     ] GC(1250) Concurrent Preclean
[2241.210s][info][gc,marking     ] GC(1250) Concurrent Preclean 0.066ms
[2241.210s][info][gc,marking     ] GC(1250) Concurrent Mark (2240.737s, 2241.210s) 472.704ms
[2241.210s][info][gc,start       ] GC(1250) Pause Remark
[2241.212s][info][gc             ] GC(1250) Pause Remark 503M->503M(512M) 1.359ms
[2241.212s][info][gc,cpu         ] GC(1250) User=0.00s Sys=0.00s Real=0.00s
[2241.212s][info][gc,marking     ] GC(1250) Concurrent Rebuild Remembered Sets
[2241.474s][info][gc,marking     ] GC(1250) Concurrent Rebuild Remembered Sets 262.705ms
[2241.475s][info][gc,start       ] GC(1250) Pause Cleanup
[2241.476s][info][gc             ] GC(1250) Pause Cleanup 503M->503M(512M) 0.306ms
[2241.476s][info][gc,cpu         ] GC(1250) User=0.01s Sys=0.00s Real=0.00s
[2241.476s][info][gc,marking     ] GC(1250) Concurrent Cleanup for Next Mark
[2241.476s][info][gc,marking     ] GC(1250) Concurrent Cleanup for Next Mark 0.611ms
[2241.476s][info][gc             ] GC(1250) Concurrent Cycle 738.922ms
[2260.735s][info][gc,start       ] GC(1251) Pause Young (Normal) (G1 Evacuation Pause)
[2260.736s][info][gc,task        ] GC(1251) Using 8 workers of 8 for evacuation
[2260.738s][info][gc             ] GC(1251) To-space exhausted
[2260.738s][info][gc,phases      ] GC(1251)   Pre Evacuate Collection Set: 0.1ms
[2260.738s][info][gc,phases      ] GC(1251)   Merge Heap Roots: 0.1ms
[2260.738s][info][gc,phases      ] GC(1251)   Evacuate Collection Set: 0.9ms
[2260.738s][info][gc,phases      ] GC(1251)   Post Evacuate Collection Set: 0.9ms
[2260.738s][info][gc,phases      ] GC(1251)   Other: 0.3ms
[2260.738s][info][gc,heap        ] GC(1251) Eden regions: 4->0(25)
[2260.738s][info][gc,heap        ] GC(1251) Survivor regions: 0->0(0)
[2260.738s][info][gc,heap        ] GC(1251) Old regions: 495->497
[2260.738s][info][gc,heap        ] GC(1251) Archive regions: 2->2
[2260.738s][info][gc,heap        ] GC(1251) Humongous regions: 11->11
[2260.738s][info][gc,metaspace   ] GC(1251) Metaspace: 48790K(50128K)->48790K(50128K) NonClass: 42943K(43856K)->42943K(43856K) Class: 5846K(6272K)->5846K(6272K)
[2260.738s][info][gc             ] GC(1251) Pause Young (Normal) (G1 Evacuation Pause) 507M->505M(512M) 2.221ms
[2260.738s][info][gc,cpu         ] GC(1251) User=0.01s Sys=0.00s Real=0.00s
[2270.740s][info][gc,start       ] GC(1252) Pause Young (Concurrent Start) (G1 Evacuation Pause)
[2270.740s][info][gc,task        ] GC(1252) Using 8 workers of 8 for evacuation
[2270.741s][info][gc             ] GC(1252) To-space exhausted
[2270.741s][info][gc,phases      ] GC(1252)   Pre Evacuate Collection Set: 0.1ms
[2270.741s][info][gc,phases      ] GC(1252)   Merge Heap Roots: 0.0ms
[2270.741s][info][gc,phases      ] GC(1252)   Evacuate Collection Set: 0.5ms
[2270.741s][info][gc,phases      ] GC(1252)   Post Evacuate Collection Set: 0.5ms
[2270.741s][info][gc,phases      ] GC(1252)   Other: 0.1ms
[2270.741s][info][gc,heap        ] GC(1252) Eden regions: 2->0(25)
[2270.741s][info][gc,heap        ] GC(1252) Survivor regions: 0->0(0)
[2270.741s][info][gc,heap        ] GC(1252) Old regions: 497->499
[2270.741s][info][gc,heap        ] GC(1252) Archive regions: 2->2
[2270.741s][info][gc,heap        ] GC(1252) Humongous regions: 11->11
[2270.741s][info][gc,metaspace   ] GC(1252) Metaspace: 48791K(50128K)->48791K(50128K) NonClass: 42944K(43856K)->42944K(43856K) Class: 5846K(6272K)->5846K(6272K)
[2270.741s][info][gc             ] GC(1252) Pause Young (Concurrent Start) (G1 Evacuation Pause) 507M->507M(512M) 1.342ms
[2270.741s][info][gc,cpu         ] GC(1252) User=0.00s Sys=0.00s Real=0.00s
[2270.741s][info][gc,ergo        ] Attempting maximally compacting collection
[2270.741s][info][gc             ] GC(1253) Concurrent Cycle
[2270.741s][info][gc,task        ] GC(1254) Using 8 workers of 8 for full compaction
[2270.741s][info][gc,marking     ] GC(1253) Concurrent Clear Claimed Marks
[2270.741s][info][gc,start       ] GC(1254) Pause Full (G1 Evacuation Pause)
[2270.741s][info][gc,marking     ] GC(1253) Concurrent Clear Claimed Marks 0.042ms
[2270.741s][info][gc,marking     ] GC(1253) Concurrent Scan Root Regions
[2270.741s][info][gc,marking     ] GC(1253) Concurrent Scan Root Regions 0.028ms
[2270.741s][info][gc,marking     ] GC(1253) Concurrent Mark (2270.741s)
[2270.741s][info][gc,marking     ] GC(1253) Concurrent Mark From Roots
[2270.741s][info][gc,task        ] GC(1253) Using 2 workers of 2 for marking
[2270.742s][info][gc,phases,start] GC(1254) Phase 1: Mark live objects
[2271.094s][info][gc,phases      ] GC(1254) Phase 1: Mark live objects 352.367ms
[2271.094s][info][gc,phases,start] GC(1254) Phase 2: Prepare for compaction
[2271.175s][info][gc,phases      ] GC(1254) Phase 2: Prepare for compaction 80.530ms
[2271.175s][info][gc,phases,start] GC(1254) Phase 3: Adjust pointers
[2271.336s][info][gc,phases      ] GC(1254) Phase 3: Adjust pointers 161.269ms
[2271.336s][info][gc,phases,start] GC(1254) Phase 4: Compact heap
[2271.381s][info][gc,phases      ] GC(1254) Phase 4: Compact heap 45.148ms
[2271.388s][info][gc,heap        ] GC(1254) Eden regions: 0->0(25)
[2271.388s][info][gc,heap        ] GC(1254) Survivor regions: 0->0(0)
[2271.388s][info][gc,heap        ] GC(1254) Old regions: 499->488
[2271.388s][info][gc,heap        ] GC(1254) Archive regions: 2->2
[2271.388s][info][gc,heap        ] GC(1254) Humongous regions: 11->11
[2271.388s][info][gc,metaspace   ] GC(1254) Metaspace: 48791K(50128K)->48743K(50128K) NonClass: 42944K(43856K)->42903K(43856K) Class: 5846K(6272K)->5839K(6272K)
[2271.388s][info][gc             ] GC(1254) Pause Full (G1 Evacuation Pause) 507M->498M(512M) 646.684ms
[2271.389s][info][gc,cpu         ] GC(1254) User=2.65s Sys=0.09s Real=0.65s
[2271.389s][info][gc,marking     ] GC(1253) Concurrent Mark From Roots 648.099ms
[2271.389s][info][gc,marking     ] GC(1253) Concurrent Mark Abort
[2271.389s][info][gc             ] GC(1253) Concurrent Cycle 648.315ms
[2324.739s][info][gc,start       ] GC(1255) Pause Young (Normal) (G1 Evacuation Pause)
[2324.739s][info][gc,task        ] GC(1255) Using 8 workers of 8 for evacuation
[2324.741s][info][gc             ] GC(1255) To-space exhausted
[2324.741s][info][gc,phases      ] GC(1255)   Pre Evacuate Collection Set: 0.1ms
[2324.741s][info][gc,phases      ] GC(1255)   Merge Heap Roots: 0.0ms
[2324.741s][info][gc,phases      ] GC(1255)   Evacuate Collection Set: 0.3ms
[2324.741s][info][gc,phases      ] GC(1255)   Post Evacuate Collection Set: 1.2ms
[2324.741s][info][gc,phases      ] GC(1255)   Other: 0.4ms
[2324.741s][info][gc,heap        ] GC(1255) Eden regions: 11->0(25)
[2324.741s][info][gc,heap        ] GC(1255) Survivor regions: 0->0(0)
[2324.741s][info][gc,heap        ] GC(1255) Old regions: 488->491
[2324.741s][info][gc,heap        ] GC(1255) Archive regions: 2->2
[2324.741s][info][gc,heap        ] GC(1255) Humongous regions: 11->11
[2324.741s][info][gc,metaspace   ] GC(1255) Metaspace: 48793K(50128K)->48793K(50128K) NonClass: 42946K(43856K)->42946K(43856K) Class: 5847K(6272K)->5847K(6272K)
[2324.741s][info][gc             ] GC(1255) Pause Young (Normal) (G1 Evacuation Pause) 509M->501M(512M) 2.111ms
[2324.741s][info][gc,cpu         ] GC(1255) User=0.00s Sys=0.00s Real=0.00s
[2366.735s][info][gc,start       ] GC(1256) Pause Young (Concurrent Start) (G1 Evacuation Pause)
[2366.736s][info][gc,task        ] GC(1256) Using 8 workers of 8 for evacuation
[2366.742s][info][gc             ] GC(1256) To-space exhausted
[2366.742s][info][gc,phases      ] GC(1256)   Pre Evacuate Collection Set: 0.4ms
[2366.742s][info][gc,phases      ] GC(1256)   Merge Heap Roots: 1.9ms
[2366.742s][info][gc,phases      ] GC(1256)   Evacuate Collection Set: 2.0ms
[2366.742s][info][gc,phases      ] GC(1256)   Post Evacuate Collection Set: 1.0ms
[2366.742s][info][gc,phases      ] GC(1256)   Other: 1.3ms
[2366.742s][info][gc,heap        ] GC(1256) Eden regions: 8->0(25)
[2366.742s][info][gc,heap        ] GC(1256) Survivor regions: 0->0(0)
[2366.742s][info][gc,heap        ] GC(1256) Old regions: 491->494
[2366.742s][info][gc,heap        ] GC(1256) Archive regions: 2->2
[2366.742s][info][gc,heap        ] GC(1256) Humongous regions: 11->11
[2366.742s][info][gc,metaspace   ] GC(1256) Metaspace: 48793K(50128K)->48793K(50128K) NonClass: 42946K(43856K)->42946K(43856K) Class: 5847K(6272K)->5847K(6272K)
[2366.742s][info][gc             ] GC(1256) Pause Young (Concurrent Start) (G1 Evacuation Pause) 509M->504M(512M) 6.656ms
[2366.742s][info][gc,cpu         ] GC(1256) User=0.01s Sys=0.00s Real=0.00s
[2366.742s][info][gc             ] GC(1257) Concurrent Cycle
[2366.742s][info][gc,marking     ] GC(1257) Concurrent Clear Claimed Marks
[2366.742s][info][gc,marking     ] GC(1257) Concurrent Clear Claimed Marks 0.069ms
[2366.742s][info][gc,marking     ] GC(1257) Concurrent Scan Root Regions
[2366.742s][info][gc,marking     ] GC(1257) Concurrent Scan Root Regions 0.011ms
[2366.742s][info][gc,marking     ] GC(1257) Concurrent Mark (2366.742s)
[2366.742s][info][gc,marking     ] GC(1257) Concurrent Mark From Roots
[2366.742s][info][gc,task        ] GC(1257) Using 2 workers of 2 for marking
[2367.578s][info][gc,marking     ] GC(1257) Concurrent Mark From Roots 835.427ms
[2367.578s][info][gc,marking     ] GC(1257) Concurrent Preclean
[2367.578s][info][gc,marking     ] GC(1257) Concurrent Preclean 0.104ms
[2367.578s][info][gc,marking     ] GC(1257) Concurrent Mark (2366.742s, 2367.578s) 835.636ms
[2367.578s][info][gc,start       ] GC(1257) Pause Remark
[2367.582s][info][gc             ] GC(1257) Pause Remark 504M->504M(512M) 3.839ms
[2367.582s][info][gc,cpu         ] GC(1257) User=0.02s Sys=0.00s Real=0.00s
[2367.582s][info][gc,marking     ] GC(1257) Concurrent Rebuild Remembered Sets
[2368.014s][info][gc,marking     ] GC(1257) Concurrent Rebuild Remembered Sets 431.888ms
[2368.015s][info][gc,start       ] GC(1257) Pause Cleanup
[2368.015s][info][gc             ] GC(1257) Pause Cleanup 505M->505M(512M) 0.336ms
[2368.015s][info][gc,cpu         ] GC(1257) User=0.00s Sys=0.01s Real=0.01s
[2368.015s][info][gc,marking     ] GC(1257) Concurrent Cleanup for Next Mark
[2368.016s][info][gc,marking     ] GC(1257) Concurrent Cleanup for Next Mark 0.885ms
[2368.016s][info][gc             ] GC(1257) Concurrent Cycle 1274.154ms
[2392.735s][info][gc,start       ] GC(1258) Pause Young (Normal) (G1 Evacuation Pause)
[2392.736s][info][gc,task        ] GC(1258) Using 8 workers of 8 for evacuation
[2392.737s][info][gc             ] GC(1258) To-space exhausted
[2392.737s][info][gc,phases      ] GC(1258)   Pre Evacuate Collection Set: 0.1ms
[2392.737s][info][gc,phases      ] GC(1258)   Merge Heap Roots: 0.0ms
[2392.737s][info][gc,phases      ] GC(1258)   Evacuate Collection Set: 0.3ms
[2392.737s][info][gc,phases      ] GC(1258)   Post Evacuate Collection Set: 0.6ms
[2392.737s][info][gc,phases      ] GC(1258)   Other: 1.0ms
[2392.737s][info][gc,heap        ] GC(1258) Eden regions: 5->0(25)
[2392.737s][info][gc,heap        ] GC(1258) Survivor regions: 0->0(0)
[2392.737s][info][gc,heap        ] GC(1258) Old regions: 494->496
[2392.737s][info][gc,heap        ] GC(1258) Archive regions: 2->2
[2392.737s][info][gc,heap        ] GC(1258) Humongous regions: 11->11
[2392.737s][info][gc,metaspace   ] GC(1258) Metaspace: 48792K(50128K)->48792K(50128K) NonClass: 42945K(43856K)->42945K(43856K) Class: 5846K(6272K)->5846K(6272K)
[2392.737s][info][gc             ] GC(1258) Pause Young (Normal) (G1 Evacuation Pause) 509M->506M(512M) 2.105ms
[2392.737s][info][gc,cpu         ] GC(1258) User=0.00s Sys=0.00s Real=0.00s
[2408.327s][info][gc,start       ] GC(1259) Pause Young (Concurrent Start) (G1 Evacuation Pause)
[2408.327s][info][gc,task        ] GC(1259) Using 8 workers of 8 for evacuation
[2408.328s][info][gc             ] GC(1259) To-space exhausted
[2408.328s][info][gc,phases      ] GC(1259)   Pre Evacuate Collection Set: 0.1ms
[2408.328s][info][gc,phases      ] GC(1259)   Merge Heap Roots: 0.0ms
[2408.328s][info][gc,phases      ] GC(1259)   Evacuate Collection Set: 0.5ms
[2408.328s][info][gc,phases      ] GC(1259)   Post Evacuate Collection Set: 0.5ms
[2408.328s][info][gc,phases      ] GC(1259)   Other: 0.1ms
[2408.328s][info][gc,heap        ] GC(1259) Eden regions: 3->0(25)
[2408.328s][info][gc,heap        ] GC(1259) Survivor regions: 0->0(0)
[2408.328s][info][gc,heap        ] GC(1259) Old regions: 496->497
[2408.328s][info][gc,heap        ] GC(1259) Archive regions: 2->2
[2408.328s][info][gc,heap        ] GC(1259) Humongous regions: 11->11
[2408.328s][info][gc,metaspace   ] GC(1259) Metaspace: 48793K(50128K)->48793K(50128K) NonClass: 42946K(43856K)->42946K(43856K) Class: 5846K(6272K)->5846K(6272K)
[2408.328s][info][gc             ] GC(1259) Pause Young (Concurrent Start) (G1 Evacuation Pause) 509M->507M(512M) 1.230ms
[2408.328s][info][gc,cpu         ] GC(1259) User=0.00s Sys=0.00s Real=0.00s
[2408.328s][info][gc             ] GC(1260) Concurrent Cycle
[2408.328s][info][gc,marking     ] GC(1260) Concurrent Clear Claimed Marks
[2408.328s][info][gc,marking     ] GC(1260) Concurrent Clear Claimed Marks 0.021ms
[2408.328s][info][gc,marking     ] GC(1260) Concurrent Scan Root Regions
[2408.328s][info][gc,marking     ] GC(1260) Concurrent Scan Root Regions 0.006ms
[2408.328s][info][gc,marking     ] GC(1260) Concurrent Mark (2408.328s)
[2408.328s][info][gc,marking     ] GC(1260) Concurrent Mark From Roots
[2408.328s][info][gc,task        ] GC(1260) Using 2 workers of 2 for marking
[2408.994s][info][gc,marking     ] GC(1260) Concurrent Mark From Roots 665.663ms
[2408.994s][info][gc,marking     ] GC(1260) Concurrent Preclean
[2408.994s][info][gc,marking     ] GC(1260) Concurrent Preclean 0.072ms
[2408.994s][info][gc,marking     ] GC(1260) Concurrent Mark (2408.328s, 2408.994s) 665.798ms
[2408.994s][info][gc,start       ] GC(1260) Pause Remark
[2408.995s][info][gc             ] GC(1260) Pause Remark 508M->506M(512M) 1.464ms
[2408.995s][info][gc,cpu         ] GC(1260) User=0.01s Sys=0.00s Real=0.01s
[2408.995s][info][gc,marking     ] GC(1260) Concurrent Rebuild Remembered Sets
[2409.360s][info][gc,marking     ] GC(1260) Concurrent Rebuild Remembered Sets 364.624ms
[2409.363s][info][gc,start       ] GC(1260) Pause Cleanup
[2409.364s][info][gc             ] GC(1260) Pause Cleanup 506M->506M(512M) 0.930ms
[2409.364s][info][gc,cpu         ] GC(1260) User=0.00s Sys=0.00s Real=0.00s
[2409.364s][info][gc,marking     ] GC(1260) Concurrent Cleanup for Next Mark
[2409.365s][info][gc,marking     ] GC(1260) Concurrent Cleanup for Next Mark 1.264ms
[2409.365s][info][gc             ] GC(1260) Concurrent Cycle 1037.217ms
[2428.737s][info][gc,start       ] GC(1261) Pause Young (Normal) (G1 Evacuation Pause)
[2428.737s][info][gc,task        ] GC(1261) Using 8 workers of 8 for evacuation
[2428.738s][info][gc             ] GC(1261) To-space exhausted
[2428.738s][info][gc,phases      ] GC(1261)   Pre Evacuate Collection Set: 0.1ms
[2428.738s][info][gc,phases      ] GC(1261)   Merge Heap Roots: 0.0ms
[2428.738s][info][gc,phases      ] GC(1261)   Evacuate Collection Set: 0.3ms
[2428.738s][info][gc,phases      ] GC(1261)   Post Evacuate Collection Set: 0.9ms
[2428.738s][info][gc,phases      ] GC(1261)   Other: 0.2ms
[2428.738s][info][gc,heap        ] GC(1261) Eden regions: 4->0(25)
[2428.738s][info][gc,heap        ] GC(1261) Survivor regions: 0->0(0)
[2428.738s][info][gc,heap        ] GC(1261) Old regions: 495->499
[2428.738s][info][gc,heap        ] GC(1261) Archive regions: 2->2
[2428.738s][info][gc,heap        ] GC(1261) Humongous regions: 11->11
[2428.738s][info][gc,metaspace   ] GC(1261) Metaspace: 48804K(50128K)->48804K(50128K) NonClass: 42956K(43856K)->42956K(43856K) Class: 5848K(6272K)->5848K(6272K)
[2428.739s][info][gc             ] GC(1261) Pause Young (Normal) (G1 Evacuation Pause) 509M->509M(512M) 1.632ms
[2428.739s][info][gc,cpu         ] GC(1261) User=0.00s Sys=0.00s Real=0.00s
[2428.739s][info][gc,ergo        ] Attempting maximally compacting collection
[2428.739s][info][gc,task        ] GC(1262) Using 8 workers of 8 for full compaction
[2428.739s][info][gc,start       ] GC(1262) Pause Full (G1 Evacuation Pause)
[2428.739s][info][gc,phases,start] GC(1262) Phase 1: Mark live objects
[2429.140s][info][gc,phases      ] GC(1262) Phase 1: Mark live objects 400.885ms
[2429.140s][info][gc,phases,start] GC(1262) Phase 2: Prepare for compaction
[2429.196s][info][gc,phases      ] GC(1262) Phase 2: Prepare for compaction 56.027ms
[2429.196s][info][gc,phases,start] GC(1262) Phase 3: Adjust pointers
[2429.335s][info][gc,phases      ] GC(1262) Phase 3: Adjust pointers 138.769ms
[2429.335s][info][gc,phases,start] GC(1262) Phase 4: Compact heap
[2429.395s][info][gc,phases      ] GC(1262) Phase 4: Compact heap 60.685ms
[2429.401s][info][gc,heap        ] GC(1262) Eden regions: 0->0(25)
[2429.401s][info][gc,heap        ] GC(1262) Survivor regions: 0->0(0)
[2429.401s][info][gc,heap        ] GC(1262) Old regions: 499->490
[2429.401s][info][gc,heap        ] GC(1262) Archive regions: 2->2
[2429.401s][info][gc,heap        ] GC(1262) Humongous regions: 11->11
[2429.401s][info][gc,metaspace   ] GC(1262) Metaspace: 48804K(50128K)->48661K(50128K) NonClass: 42956K(43856K)->42833K(43856K) Class: 5848K(6272K)->5828K(6272K)
[2429.401s][info][gc             ] GC(1262) Pause Full (G1 Evacuation Pause) 509M->498M(512M) 662.132ms
[2429.404s][info][gc,cpu         ] GC(1262) User=2.81s Sys=0.10s Real=0.66s
[2468.737s][info][gc,start       ] GC(1263) Pause Young (Concurrent Start) (G1 Evacuation Pause)
[2468.737s][info][gc,task        ] GC(1263) Using 8 workers of 8 for evacuation
[2468.739s][info][gc             ] GC(1263) To-space exhausted
[2468.739s][info][gc,phases      ] GC(1263)   Pre Evacuate Collection Set: 0.1ms
[2468.739s][info][gc,phases      ] GC(1263)   Merge Heap Roots: 0.0ms
[2468.739s][info][gc,phases      ] GC(1263)   Evacuate Collection Set: 0.5ms
[2468.739s][info][gc,phases      ] GC(1263)   Post Evacuate Collection Set: 1.0ms
[2468.739s][info][gc,phases      ] GC(1263)   Other: 0.2ms
[2468.739s][info][gc,heap        ] GC(1263) Eden regions: 9->0(25)
[2468.739s][info][gc,heap        ] GC(1263) Survivor regions: 0->0(0)
[2468.739s][info][gc,heap        ] GC(1263) Old regions: 490->495
[2468.739s][info][gc,heap        ] GC(1263) Archive regions: 2->2
[2468.739s][info][gc,heap        ] GC(1263) Humongous regions: 11->11
[2468.739s][info][gc,metaspace   ] GC(1263) Metaspace: 48791K(50128K)->48791K(50128K) NonClass: 42944K(43856K)->42944K(43856K) Class: 5846K(6272K)->5846K(6272K)
[2468.739s][info][gc             ] GC(1263) Pause Young (Concurrent Start) (G1 Evacuation Pause) 507M->503M(512M) 2.019ms
[2468.739s][info][gc,cpu         ] GC(1263) User=0.00s Sys=0.00s Real=0.00s
[2468.739s][info][gc             ] GC(1264) Concurrent Cycle
[2468.739s][info][gc,marking     ] GC(1264) Concurrent Clear Claimed Marks
[2468.739s][info][gc,marking     ] GC(1264) Concurrent Clear Claimed Marks 0.083ms
[2468.739s][info][gc,marking     ] GC(1264) Concurrent Scan Root Regions
[2468.739s][info][gc,marking     ] GC(1264) Concurrent Scan Root Regions 0.009ms
[2468.739s][info][gc,marking     ] GC(1264) Concurrent Mark (2468.739s)
[2468.739s][info][gc,marking     ] GC(1264) Concurrent Mark From Roots
[2468.739s][info][gc,task        ] GC(1264) Using 2 workers of 2 for marking
[2469.400s][info][gc,marking     ] GC(1264) Concurrent Mark From Roots 660.235ms
[2469.400s][info][gc,marking     ] GC(1264) Concurrent Preclean
[2469.400s][info][gc,marking     ] GC(1264) Concurrent Preclean 0.072ms
[2469.400s][info][gc,marking     ] GC(1264) Concurrent Mark (2468.739s, 2469.400s) 660.380ms
[2469.400s][info][gc,start       ] GC(1264) Pause Remark
[2469.402s][info][gc             ] GC(1264) Pause Remark 503M->503M(512M) 2.492ms
[2469.402s][info][gc,cpu         ] GC(1264) User=0.01s Sys=0.00s Real=0.00s
[2469.402s][info][gc,marking     ] GC(1264) Concurrent Rebuild Remembered Sets
[2469.767s][info][gc,marking     ] GC(1264) Concurrent Rebuild Remembered Sets 364.717ms
[2469.768s][info][gc,start       ] GC(1264) Pause Cleanup
[2469.768s][info][gc             ] GC(1264) Pause Cleanup 504M->504M(512M) 0.328ms
[2469.768s][info][gc,cpu         ] GC(1264) User=0.01s Sys=0.00s Real=0.00s
[2469.769s][info][gc,marking     ] GC(1264) Concurrent Cleanup for Next Mark
[2469.770s][info][gc,marking     ] GC(1264) Concurrent Cleanup for Next Mark 0.969ms
[2469.770s][info][gc             ] GC(1264) Concurrent Cycle 1030.425ms
[2488.742s][info][gc,start       ] GC(1265) Pause Young (Normal) (G1 Evacuation Pause)
[2488.742s][info][gc,task        ] GC(1265) Using 8 workers of 8 for evacuation
[2488.746s][info][gc             ] GC(1265) To-space exhausted
[2488.747s][info][gc,phases      ] GC(1265)   Pre Evacuate Collection Set: 0.1ms
[2488.747s][info][gc,phases      ] GC(1265)   Merge Heap Roots: 0.1ms
[2488.747s][info][gc,phases      ] GC(1265)   Evacuate Collection Set: 0.7ms
[2488.747s][info][gc,phases      ] GC(1265)   Post Evacuate Collection Set: 3.0ms
[2488.747s][info][gc,phases      ] GC(1265)   Other: 0.4ms
[2488.747s][info][gc,heap        ] GC(1265) Eden regions: 4->0(25)
[2488.747s][info][gc,heap        ] GC(1265) Survivor regions: 0->0(0)
[2488.747s][info][gc,heap        ] GC(1265) Old regions: 495->498
[2488.747s][info][gc,heap        ] GC(1265) Archive regions: 2->2
[2488.747s][info][gc,heap        ] GC(1265) Humongous regions: 11->11
[2488.747s][info][gc,metaspace   ] GC(1265) Metaspace: 48791K(50128K)->48791K(50128K) NonClass: 42944K(43856K)->42944K(43856K) Class: 5846K(6272K)->5846K(6272K)
[2488.747s][info][gc             ] GC(1265) Pause Young (Normal) (G1 Evacuation Pause) 507M->506M(512M) 4.386ms
[2488.747s][info][gc,cpu         ] GC(1265) User=0.00s Sys=0.01s Real=0.01s
[2493.738s][info][gc,start       ] GC(1266) Pause Young (Concurrent Start) (G1 Evacuation Pause)
[2493.738s][info][gc,task        ] GC(1266) Using 8 workers of 8 for evacuation
[2493.739s][info][gc             ] GC(1266) To-space exhausted
[2493.740s][info][gc,phases      ] GC(1266)   Pre Evacuate Collection Set: 0.2ms
[2493.740s][info][gc,phases      ] GC(1266)   Merge Heap Roots: 0.0ms
[2493.740s][info][gc,phases      ] GC(1266)   Evacuate Collection Set: 0.7ms
[2493.740s][info][gc,phases      ] GC(1266)   Post Evacuate Collection Set: 0.7ms
[2493.740s][info][gc,phases      ] GC(1266)   Other: 0.2ms
[2493.740s][info][gc,heap        ] GC(1266) Eden regions: 1->0(25)
[2493.740s][info][gc,heap        ] GC(1266) Survivor regions: 0->0(0)
[2493.740s][info][gc,heap        ] GC(1266) Old regions: 498->499
[2493.740s][info][gc,heap        ] GC(1266) Archive regions: 2->2
[2493.740s][info][gc,heap        ] GC(1266) Humongous regions: 11->11
[2493.740s][info][gc,metaspace   ] GC(1266) Metaspace: 48792K(50128K)->48792K(50128K) NonClass: 42945K(43856K)->42945K(43856K) Class: 5846K(6272K)->5846K(6272K)
[2493.740s][info][gc             ] GC(1266) Pause Young (Concurrent Start) (G1 Evacuation Pause) 507M->507M(512M) 1.975ms
[2493.740s][info][gc,cpu         ] GC(1266) User=0.01s Sys=0.00s Real=0.00s
[2493.740s][info][gc,ergo        ] Attempting maximally compacting collection
[2493.740s][info][gc             ] GC(1267) Concurrent Cycle
[2493.740s][info][gc,task        ] GC(1268) Using 8 workers of 8 for full compaction
[2493.740s][info][gc,marking     ] GC(1267) Concurrent Clear Claimed Marks
[2493.740s][info][gc,start       ] GC(1268) Pause Full (G1 Evacuation Pause)
[2493.740s][info][gc,marking     ] GC(1267) Concurrent Clear Claimed Marks 0.131ms
[2493.740s][info][gc,marking     ] GC(1267) Concurrent Scan Root Regions
[2493.740s][info][gc,marking     ] GC(1267) Concurrent Scan Root Regions 0.010ms
[2493.740s][info][gc,marking     ] GC(1267) Concurrent Mark (2493.740s)
[2493.740s][info][gc,marking     ] GC(1267) Concurrent Mark From Roots
[2493.740s][info][gc,task        ] GC(1267) Using 2 workers of 2 for marking
[2493.741s][info][gc,phases,start] GC(1268) Phase 1: Mark live objects
[2494.128s][info][gc,phases      ] GC(1268) Phase 1: Mark live objects 387.381ms
[2494.128s][info][gc,phases,start] GC(1268) Phase 2: Prepare for compaction
[2494.191s][info][gc,phases      ] GC(1268) Phase 2: Prepare for compaction 63.190ms
[2494.191s][info][gc,phases,start] GC(1268) Phase 3: Adjust pointers
[2494.331s][info][gc,phases      ] GC(1268) Phase 3: Adjust pointers 140.140ms
[2494.331s][info][gc,phases,start] GC(1268) Phase 4: Compact heap
[2494.405s][info][gc,phases      ] GC(1268) Phase 4: Compact heap 73.304ms
[2494.412s][info][gc,heap        ] GC(1268) Eden regions: 0->0(25)
[2494.412s][info][gc,heap        ] GC(1268) Survivor regions: 0->0(0)
[2494.412s][info][gc,heap        ] GC(1268) Old regions: 499->488
[2494.412s][info][gc,heap        ] GC(1268) Archive regions: 2->2
[2494.412s][info][gc,heap        ] GC(1268) Humongous regions: 11->11
[2494.412s][info][gc,metaspace   ] GC(1268) Metaspace: 48792K(50128K)->48666K(50128K) NonClass: 42945K(43856K)->42837K(43856K) Class: 5846K(6272K)->5829K(6272K)
[2494.412s][info][gc             ] GC(1268) Pause Full (G1 Evacuation Pause) 507M->498M(512M) 672.255ms
[2494.414s][info][gc,cpu         ] GC(1268) User=2.81s Sys=0.09s Real=0.67s
[2494.414s][info][gc,marking     ] GC(1267) Concurrent Mark From Roots 674.402ms
[2494.414s][info][gc,marking     ] GC(1267) Concurrent Mark Abort
[2494.414s][info][gc             ] GC(1267) Concurrent Cycle 674.689ms
[2544.737s][info][gc,start       ] GC(1269) Pause Young (Normal) (G1 Evacuation Pause)
[2544.737s][info][gc,task        ] GC(1269) Using 8 workers of 8 for evacuation
[2544.739s][info][gc             ] GC(1269) To-space exhausted
[2544.739s][info][gc,phases      ] GC(1269)   Pre Evacuate Collection Set: 0.1ms
[2544.739s][info][gc,phases      ] GC(1269)   Merge Heap Roots: 0.1ms
[2544.739s][info][gc,phases      ] GC(1269)   Evacuate Collection Set: 0.3ms
[2544.739s][info][gc,phases      ] GC(1269)   Post Evacuate Collection Set: 1.6ms
[2544.739s][info][gc,phases      ] GC(1269)   Other: 0.2ms
[2544.739s][info][gc,heap        ] GC(1269) Eden regions: 11->0(25)
[2544.739s][info][gc,heap        ] GC(1269) Survivor regions: 0->0(0)
[2544.739s][info][gc,heap        ] GC(1269) Old regions: 488->494
[2544.739s][info][gc,heap        ] GC(1269) Archive regions: 2->2
[2544.739s][info][gc,heap        ] GC(1269) Humongous regions: 11->11
[2544.739s][info][gc,metaspace   ] GC(1269) Metaspace: 48796K(50128K)->48796K(50128K) NonClass: 42949K(43856K)->42949K(43856K) Class: 5847K(6272K)->5847K(6272K)
[2544.739s][info][gc             ] GC(1269) Pause Young (Normal) (G1 Evacuation Pause) 509M->504M(512M) 2.389ms
[2544.739s][info][gc,cpu         ] GC(1269) User=0.01s Sys=0.00s Real=0.00s
[2570.736s][info][gc,start       ] GC(1270) Pause Young (Concurrent Start) (G1 Evacuation Pause)
[2570.737s][info][gc,task        ] GC(1270) Using 8 workers of 8 for evacuation
[2570.738s][info][gc             ] GC(1270) To-space exhausted
[2570.738s][info][gc,phases      ] GC(1270)   Pre Evacuate Collection Set: 0.1ms
[2570.738s][info][gc,phases      ] GC(1270)   Merge Heap Roots: 0.0ms
[2570.738s][info][gc,phases      ] GC(1270)   Evacuate Collection Set: 0.5ms
[2570.738s][info][gc,phases      ] GC(1270)   Post Evacuate Collection Set: 0.4ms
[2570.738s][info][gc,phases      ] GC(1270)   Other: 0.9ms
[2570.738s][info][gc,heap        ] GC(1270) Eden regions: 5->0(25)
[2570.738s][info][gc,heap        ] GC(1270) Survivor regions: 0->0(0)
[2570.738s][info][gc,heap        ] GC(1270) Old regions: 494->497
[2570.738s][info][gc,heap        ] GC(1270) Archive regions: 2->2
[2570.738s][info][gc,heap        ] GC(1270) Humongous regions: 11->11
[2570.738s][info][gc,metaspace   ] GC(1270) Metaspace: 48811K(50128K)->48811K(50128K) NonClass: 42964K(43856K)->42964K(43856K) Class: 5847K(6272K)->5847K(6272K)
[2570.738s][info][gc             ] GC(1270) Pause Young (Concurrent Start) (G1 Evacuation Pause) 509M->507M(512M) 2.083ms
[2570.738s][info][gc,cpu         ] GC(1270) User=0.00s Sys=0.00s Real=0.00s
[2570.738s][info][gc             ] GC(1271) Concurrent Cycle
[2570.738s][info][gc,marking     ] GC(1271) Concurrent Clear Claimed Marks
[2570.738s][info][gc,marking     ] GC(1271) Concurrent Clear Claimed Marks 0.030ms
[2570.738s][info][gc,marking     ] GC(1271) Concurrent Scan Root Regions
[2570.738s][info][gc,marking     ] GC(1271) Concurrent Scan Root Regions 0.011ms
[2570.738s][info][gc,marking     ] GC(1271) Concurrent Mark (2570.738s)
[2570.738s][info][gc,marking     ] GC(1271) Concurrent Mark From Roots
[2570.738s][info][gc,task        ] GC(1271) Using 2 workers of 2 for marking
[2571.534s][info][gc,marking     ] GC(1271) Concurrent Mark From Roots 796.119ms
[2571.534s][info][gc,marking     ] GC(1271) Concurrent Preclean
[2571.534s][info][gc,marking     ] GC(1271) Concurrent Preclean 0.080ms
[2571.534s][info][gc,marking     ] GC(1271) Concurrent Mark (2570.738s, 2571.534s) 796.270ms
[2571.535s][info][gc,start       ] GC(1271) Pause Remark
[2571.538s][info][gc             ] GC(1271) Pause Remark 507M->504M(512M) 3.108ms
[2571.538s][info][gc,cpu         ] GC(1271) User=0.02s Sys=0.00s Real=0.01s
[2571.538s][info][gc,marking     ] GC(1271) Concurrent Rebuild Remembered Sets
[2572.083s][info][gc,marking     ] GC(1271) Concurrent Rebuild Remembered Sets 544.900ms
[2572.084s][info][gc,start       ] GC(1271) Pause Cleanup
[2572.084s][info][gc             ] GC(1271) Pause Cleanup 505M->505M(512M) 0.404ms
[2572.084s][info][gc,cpu         ] GC(1271) User=0.00s Sys=0.00s Real=0.00s
[2572.084s][info][gc,marking     ] GC(1271) Concurrent Cleanup for Next Mark
[2572.085s][info][gc,marking     ] GC(1271) Concurrent Cleanup for Next Mark 0.945ms
[2572.085s][info][gc             ] GC(1271) Concurrent Cycle 1347.246ms
[2596.738s][info][gc,start       ] GC(1272) Pause Young (Normal) (G1 Evacuation Pause)
[2596.738s][info][gc,task        ] GC(1272) Using 8 workers of 8 for evacuation
[2596.739s][info][gc             ] GC(1272) To-space exhausted
[2596.739s][info][gc,phases      ] GC(1272)   Pre Evacuate Collection Set: 0.1ms
[2596.739s][info][gc,phases      ] GC(1272)   Merge Heap Roots: 0.0ms
[2596.739s][info][gc,phases      ] GC(1272)   Evacuate Collection Set: 0.3ms
[2596.739s][info][gc,phases      ] GC(1272)   Post Evacuate Collection Set: 0.9ms
[2596.739s][info][gc,phases      ] GC(1272)   Other: 0.2ms
[2596.739s][info][gc,heap        ] GC(1272) Eden regions: 5->0(25)
[2596.740s][info][gc,heap        ] GC(1272) Survivor regions: 0->0(0)
[2596.740s][info][gc,heap        ] GC(1272) Old regions: 494->499
[2596.740s][info][gc,heap        ] GC(1272) Archive regions: 2->2
[2596.740s][info][gc,heap        ] GC(1272) Humongous regions: 11->11
[2596.740s][info][gc,metaspace   ] GC(1272) Metaspace: 48807K(50128K)->48807K(50128K) NonClass: 42960K(43856K)->42960K(43856K) Class: 5846K(6272K)->5846K(6272K)
[2596.740s][info][gc             ] GC(1272) Pause Young (Normal) (G1 Evacuation Pause) 509M->509M(512M) 1.547ms
[2596.740s][info][gc,cpu         ] GC(1272) User=0.00s Sys=0.00s Real=0.00s
[2596.740s][info][gc,ergo        ] Attempting maximally compacting collection
[2596.740s][info][gc,task        ] GC(1273) Using 8 workers of 8 for full compaction
[2596.740s][info][gc,start       ] GC(1273) Pause Full (G1 Evacuation Pause)
[2596.740s][info][gc,phases,start] GC(1273) Phase 1: Mark live objects
[2597.129s][info][gc,phases      ] GC(1273) Phase 1: Mark live objects 389.708ms
[2597.129s][info][gc,phases,start] GC(1273) Phase 2: Prepare for compaction
[2597.205s][info][gc,phases      ] GC(1273) Phase 2: Prepare for compaction 75.874ms
[2597.205s][info][gc,phases,start] GC(1273) Phase 3: Adjust pointers
[2597.338s][info][gc,phases      ] GC(1273) Phase 3: Adjust pointers 132.287ms
[2597.338s][info][gc,phases,start] GC(1273) Phase 4: Compact heap
[2597.403s][info][gc,phases      ] GC(1273) Phase 4: Compact heap 65.024ms
[2597.408s][info][gc,heap        ] GC(1273) Eden regions: 0->0(25)
[2597.408s][info][gc,heap        ] GC(1273) Survivor regions: 0->0(0)
[2597.408s][info][gc,heap        ] GC(1273) Old regions: 499->489
[2597.408s][info][gc,heap        ] GC(1273) Archive regions: 2->2
[2597.408s][info][gc,heap        ] GC(1273) Humongous regions: 11->11
[2597.408s][info][gc,metaspace   ] GC(1273) Metaspace: 48807K(50128K)->48724K(50128K) NonClass: 42960K(43856K)->42889K(43856K) Class: 5846K(6272K)->5835K(6272K)
[2597.408s][info][gc             ] GC(1273) Pause Full (G1 Evacuation Pause) 509M->498M(512M) 668.150ms
[2597.409s][info][gc,cpu         ] GC(1273) User=2.81s Sys=0.08s Real=0.67s
[2644.737s][info][gc,start       ] GC(1274) Pause Young (Concurrent Start) (G1 Evacuation Pause)
[2644.737s][info][gc,task        ] GC(1274) Using 8 workers of 8 for evacuation
[2644.740s][info][gc             ] GC(1274) To-space exhausted
[2644.740s][info][gc,phases      ] GC(1274)   Pre Evacuate Collection Set: 0.1ms
[2644.740s][info][gc,phases      ] GC(1274)   Merge Heap Roots: 0.0ms
[2644.740s][info][gc,phases      ] GC(1274)   Evacuate Collection Set: 0.7ms
[2644.740s][info][gc,phases      ] GC(1274)   Post Evacuate Collection Set: 1.9ms
[2644.740s][info][gc,phases      ] GC(1274)   Other: 0.3ms
[2644.740s][info][gc,heap        ] GC(1274) Eden regions: 10->0(25)
[2644.740s][info][gc,heap        ] GC(1274) Survivor regions: 0->0(0)
[2644.740s][info][gc,heap        ] GC(1274) Old regions: 489->495
[2644.740s][info][gc,heap        ] GC(1274) Archive regions: 2->2
[2644.740s][info][gc,heap        ] GC(1274) Humongous regions: 11->11
[2644.741s][info][gc,metaspace   ] GC(1274) Metaspace: 48823K(50128K)->48823K(50128K) NonClass: 42976K(43856K)->42976K(43856K) Class: 5847K(6272K)->5847K(6272K)
[2644.741s][info][gc             ] GC(1274) Pause Young (Concurrent Start) (G1 Evacuation Pause) 508M->504M(512M) 3.116ms
[2644.741s][info][gc,cpu         ] GC(1274) User=0.01s Sys=0.00s Real=0.00s
[2644.741s][info][gc             ] GC(1275) Concurrent Cycle
[2644.741s][info][gc,marking     ] GC(1275) Concurrent Clear Claimed Marks
[2644.741s][info][gc,marking     ] GC(1275) Concurrent Clear Claimed Marks 0.122ms
[2644.741s][info][gc,marking     ] GC(1275) Concurrent Scan Root Regions
[2644.741s][info][gc,marking     ] GC(1275) Concurrent Scan Root Regions 0.008ms
[2644.741s][info][gc,marking     ] GC(1275) Concurrent Mark (2644.741s)
[2644.741s][info][gc,marking     ] GC(1275) Concurrent Mark From Roots
[2644.741s][info][gc,task        ] GC(1275) Using 2 workers of 2 for marking
[2645.368s][info][gc,marking     ] GC(1275) Concurrent Mark From Roots 626.991ms
[2645.368s][info][gc,marking     ] GC(1275) Concurrent Preclean
[2645.368s][info][gc,marking     ] GC(1275) Concurrent Preclean 0.103ms
[2645.368s][info][gc,marking     ] GC(1275) Concurrent Mark (2644.741s, 2645.368s) 627.186ms
[2645.368s][info][gc,start       ] GC(1275) Pause Remark
[2645.369s][info][gc             ] GC(1275) Pause Remark 504M->504M(512M) 1.267ms
[2645.369s][info][gc,cpu         ] GC(1275) User=0.00s Sys=0.00s Real=0.00s
[2645.370s][info][gc,marking     ] GC(1275) Concurrent Rebuild Remembered Sets
[2645.697s][info][gc,marking     ] GC(1275) Concurrent Rebuild Remembered Sets 327.360ms
[2645.698s][info][gc,start       ] GC(1275) Pause Cleanup
[2645.698s][info][gc             ] GC(1275) Pause Cleanup 504M->504M(512M) 0.355ms
[2645.698s][info][gc,cpu         ] GC(1275) User=0.00s Sys=0.00s Real=0.00s
[2645.698s][info][gc,marking     ] GC(1275) Concurrent Cleanup for Next Mark
[2645.699s][info][gc,marking     ] GC(1275) Concurrent Cleanup for Next Mark 0.882ms
[2645.699s][info][gc             ] GC(1275) Concurrent Cycle 958.555ms
[2665.735s][info][gc,start       ] GC(1276) Pause Young (Normal) (G1 Evacuation Pause)
[2665.735s][info][gc,task        ] GC(1276) Using 8 workers of 8 for evacuation
[2665.736s][info][gc             ] GC(1276) To-space exhausted
[2665.736s][info][gc,phases      ] GC(1276)   Pre Evacuate Collection Set: 0.1ms
[2665.736s][info][gc,phases      ] GC(1276)   Merge Heap Roots: 0.0ms
[2665.736s][info][gc,phases      ] GC(1276)   Evacuate Collection Set: 0.4ms
[2665.736s][info][gc,phases      ] GC(1276)   Post Evacuate Collection Set: 0.7ms
[2665.736s][info][gc,phases      ] GC(1276)   Other: 0.2ms
[2665.736s][info][gc,heap        ] GC(1276) Eden regions: 4->0(25)
[2665.736s][info][gc,heap        ] GC(1276) Survivor regions: 0->0(0)
[2665.736s][info][gc,heap        ] GC(1276) Old regions: 495->498
[2665.736s][info][gc,heap        ] GC(1276) Archive regions: 2->2
[2665.736s][info][gc,heap        ] GC(1276) Humongous regions: 11->11
[2665.736s][info][gc,metaspace   ] GC(1276) Metaspace: 48824K(50128K)->48824K(50128K) NonClass: 42976K(43856K)->42976K(43856K) Class: 5847K(6272K)->5847K(6272K)
[2665.736s][info][gc             ] GC(1276) Pause Young (Normal) (G1 Evacuation Pause) 508M->507M(512M) 1.451ms
[2665.736s][info][gc,cpu         ] GC(1276) User=0.01s Sys=0.00s Real=0.01s
[2670.736s][info][gc,start       ] GC(1277) Pause Young (Concurrent Start) (G1 Evacuation Pause)
[2670.736s][info][gc,task        ] GC(1277) Using 8 workers of 8 for evacuation
[2670.740s][info][gc             ] GC(1277) To-space exhausted
[2670.740s][info][gc,phases      ] GC(1277)   Pre Evacuate Collection Set: 0.2ms
[2670.740s][info][gc,phases      ] GC(1277)   Merge Heap Roots: 0.1ms
[2670.740s][info][gc,phases      ] GC(1277)   Evacuate Collection Set: 1.5ms
[2670.741s][info][gc,phases      ] GC(1277)   Post Evacuate Collection Set: 2.1ms
[2670.741s][info][gc,phases      ] GC(1277)   Other: 0.5ms
[2670.741s][info][gc,heap        ] GC(1277) Eden regions: 1->0(25)
[2670.741s][info][gc,heap        ] GC(1277) Survivor regions: 0->0(0)
[2670.741s][info][gc,heap        ] GC(1277) Old regions: 498->499
[2670.741s][info][gc,heap        ] GC(1277) Archive regions: 2->2
[2670.741s][info][gc,heap        ] GC(1277) Humongous regions: 11->11
[2670.741s][info][gc,metaspace   ] GC(1277) Metaspace: 48824K(50128K)->48824K(50128K) NonClass: 42976K(43856K)->42976K(43856K) Class: 5847K(6272K)->5847K(6272K)
[2670.741s][info][gc             ] GC(1277) Pause Young (Concurrent Start) (G1 Evacuation Pause) 508M->508M(512M) 4.622ms
[2670.741s][info][gc,cpu         ] GC(1277) User=0.00s Sys=0.00s Real=0.00s
[2670.741s][info][gc,ergo        ] Attempting maximally compacting collection
[2670.741s][info][gc             ] GC(1278) Concurrent Cycle
[2670.741s][info][gc,marking     ] GC(1278) Concurrent Clear Claimed Marks
[2670.741s][info][gc,task        ] GC(1279) Using 8 workers of 8 for full compaction
[2670.741s][info][gc,start       ] GC(1279) Pause Full (G1 Evacuation Pause)
[2670.741s][info][gc,marking     ] GC(1278) Concurrent Clear Claimed Marks 0.552ms
[2670.741s][info][gc,marking     ] GC(1278) Concurrent Scan Root Regions
[2670.741s][info][gc,marking     ] GC(1278) Concurrent Scan Root Regions 0.021ms
[2670.741s][info][gc,marking     ] GC(1278) Concurrent Mark (2670.741s)
[2670.741s][info][gc,marking     ] GC(1278) Concurrent Mark From Roots
[2670.741s][info][gc,task        ] GC(1278) Using 2 workers of 2 for marking
[2670.742s][info][gc,phases,start] GC(1279) Phase 1: Mark live objects
[2671.136s][info][gc,phases      ] GC(1279) Phase 1: Mark live objects 393.709ms
[2671.136s][info][gc,phases,start] GC(1279) Phase 2: Prepare for compaction
[2671.219s][info][gc,phases      ] GC(1279) Phase 2: Prepare for compaction 82.403ms
[2671.219s][info][gc,phases,start] GC(1279) Phase 3: Adjust pointers
[2671.363s][info][gc,phases      ] GC(1279) Phase 3: Adjust pointers 143.950ms
[2671.363s][info][gc,phases,start] GC(1279) Phase 4: Compact heap
[2671.450s][info][gc,phases      ] GC(1279) Phase 4: Compact heap 87.856ms
[2671.502s][info][gc,heap        ] GC(1279) Eden regions: 0->0(25)
[2671.502s][info][gc,heap        ] GC(1279) Survivor regions: 0->0(0)
[2671.502s][info][gc,heap        ] GC(1279) Old regions: 499->489
[2671.502s][info][gc,heap        ] GC(1279) Archive regions: 2->2
[2671.502s][info][gc,heap        ] GC(1279) Humongous regions: 11->11
[2671.502s][info][gc,metaspace   ] GC(1279) Metaspace: 48824K(50128K)->48692K(50128K) NonClass: 42976K(43856K)->42863K(43856K) Class: 5847K(6272K)->5828K(6272K)
[2671.502s][info][gc             ] GC(1279) Pause Full (G1 Evacuation Pause) 508M->498M(512M) 761.526ms
[2671.505s][info][gc,cpu         ] GC(1279) User=2.64s Sys=0.07s Real=0.76s
[2671.505s][info][gc,marking     ] GC(1278) Concurrent Mark From Roots 763.845ms
[2671.505s][info][gc,marking     ] GC(1278) Concurrent Mark Abort
[2671.505s][info][gc             ] GC(1278) Concurrent Cycle 764.597ms
[2716.733s][info][gc,start       ] GC(1280) Pause Young (Normal) (G1 Evacuation Pause)
[2716.734s][info][gc,task        ] GC(1280) Using 8 workers of 8 for evacuation
[2716.735s][info][gc             ] GC(1280) To-space exhausted
[2716.735s][info][gc,phases      ] GC(1280)   Pre Evacuate Collection Set: 0.1ms
[2716.735s][info][gc,phases      ] GC(1280)   Merge Heap Roots: 0.0ms
[2716.735s][info][gc,phases      ] GC(1280)   Evacuate Collection Set: 0.3ms
[2716.735s][info][gc,phases      ] GC(1280)   Post Evacuate Collection Set: 0.9ms
[2716.735s][info][gc,phases      ] GC(1280)   Other: 1.0ms
[2716.735s][info][gc,heap        ] GC(1280) Eden regions: 10->0(25)
[2716.735s][info][gc,heap        ] GC(1280) Survivor regions: 0->0(0)
[2716.735s][info][gc,heap        ] GC(1280) Old regions: 489->494
[2716.735s][info][gc,heap        ] GC(1280) Archive regions: 2->2
[2716.735s][info][gc,heap        ] GC(1280) Humongous regions: 11->11
[2716.735s][info][gc,metaspace   ] GC(1280) Metaspace: 48827K(50128K)->48827K(50128K) NonClass: 42979K(43856K)->42979K(43856K) Class: 5848K(6272K)->5848K(6272K)
[2716.735s][info][gc             ] GC(1280) Pause Young (Normal) (G1 Evacuation Pause) 508M->503M(512M) 2.358ms
[2716.735s][info][gc,cpu         ] GC(1280) User=0.00s Sys=0.00s Real=0.01s
[2740.736s][info][gc,start       ] GC(1281) Pause Young (Concurrent Start) (G1 Evacuation Pause)
[2740.736s][info][gc,task        ] GC(1281) Using 8 workers of 8 for evacuation
[2740.737s][info][gc             ] GC(1281) To-space exhausted
[2740.737s][info][gc,phases      ] GC(1281)   Pre Evacuate Collection Set: 0.1ms
[2740.737s][info][gc,phases      ] GC(1281)   Merge Heap Roots: 0.0ms
[2740.737s][info][gc,phases      ] GC(1281)   Evacuate Collection Set: 0.6ms
[2740.737s][info][gc,phases      ] GC(1281)   Post Evacuate Collection Set: 0.6ms
[2740.737s][info][gc,phases      ] GC(1281)   Other: 0.2ms
[2740.737s][info][gc,heap        ] GC(1281) Eden regions: 5->0(25)
[2740.737s][info][gc,heap        ] GC(1281) Survivor regions: 0->0(0)
[2740.737s][info][gc,heap        ] GC(1281) Old regions: 494->497
[2740.737s][info][gc,heap        ] GC(1281) Archive regions: 2->2
[2740.737s][info][gc,heap        ] GC(1281) Humongous regions: 11->11
[2740.737s][info][gc,metaspace   ] GC(1281) Metaspace: 48842K(50128K)->48842K(50128K) NonClass: 42992K(43856K)->42992K(43856K) Class: 5849K(6272K)->5849K(6272K)
[2740.737s][info][gc             ] GC(1281) Pause Young (Concurrent Start) (G1 Evacuation Pause) 508M->506M(512M) 1.579ms
[2740.737s][info][gc,cpu         ] GC(1281) User=0.01s Sys=0.00s Real=0.00s
[2740.737s][info][gc             ] GC(1282) Concurrent Cycle
[2740.738s][info][gc,marking     ] GC(1282) Concurrent Clear Claimed Marks
[2740.738s][info][gc,marking     ] GC(1282) Concurrent Clear Claimed Marks 0.033ms
[2740.738s][info][gc,marking     ] GC(1282) Concurrent Scan Root Regions
[2740.738s][info][gc,marking     ] GC(1282) Concurrent Scan Root Regions 0.007ms
[2740.738s][info][gc,marking     ] GC(1282) Concurrent Mark (2740.738s)
[2740.738s][info][gc,marking     ] GC(1282) Concurrent Mark From Roots
[2740.738s][info][gc,task        ] GC(1282) Using 2 workers of 2 for marking
[2741.378s][info][gc,marking     ] GC(1282) Concurrent Mark From Roots 640.340ms
[2741.378s][info][gc,marking     ] GC(1282) Concurrent Preclean
[2741.378s][info][gc,marking     ] GC(1282) Concurrent Preclean 0.159ms
[2741.378s][info][gc,marking     ] GC(1282) Concurrent Mark (2740.738s, 2741.378s) 640.631ms
[2741.378s][info][gc,start       ] GC(1282) Pause Remark
[2741.383s][info][gc             ] GC(1282) Pause Remark 506M->503M(512M) 4.898ms
[2741.383s][info][gc,cpu         ] GC(1282) User=0.02s Sys=0.00s Real=0.00s
[2741.383s][info][gc,marking     ] GC(1282) Concurrent Rebuild Remembered Sets
[2741.798s][info][gc,marking     ] GC(1282) Concurrent Rebuild Remembered Sets 414.046ms
[2741.798s][info][gc,start       ] GC(1282) Pause Cleanup
[2741.799s][info][gc             ] GC(1282) Pause Cleanup 504M->504M(512M) 0.277ms
[2741.799s][info][gc,cpu         ] GC(1282) User=0.00s Sys=0.00s Real=0.00s
[2741.799s][info][gc,marking     ] GC(1282) Concurrent Cleanup for Next Mark
[2741.800s][info][gc,marking     ] GC(1282) Concurrent Cleanup for Next Mark 0.949ms
[2741.800s][info][gc             ] GC(1282) Concurrent Cycle 1062.380ms
[2765.736s][info][gc,start       ] GC(1283) Pause Young (Normal) (G1 Evacuation Pause)
[2765.736s][info][gc,task        ] GC(1283) Using 8 workers of 8 for evacuation
[2765.738s][info][gc             ] GC(1283) To-space exhausted
[2765.739s][info][gc,phases      ] GC(1283)   Pre Evacuate Collection Set: 0.1ms
[2765.739s][info][gc,phases      ] GC(1283)   Merge Heap Roots: 0.0ms
[2765.739s][info][gc,phases      ] GC(1283)   Evacuate Collection Set: 0.5ms
[2765.739s][info][gc,phases      ] GC(1283)   Post Evacuate Collection Set: 1.3ms
[2765.739s][info][gc,phases      ] GC(1283)   Other: 0.4ms
[2765.739s][info][gc,heap        ] GC(1283) Eden regions: 5->0(25)
[2765.739s][info][gc,heap        ] GC(1283) Survivor regions: 0->0(0)
[2765.739s][info][gc,heap        ] GC(1283) Old regions: 494->498
[2765.739s][info][gc,heap        ] GC(1283) Archive regions: 2->2
[2765.739s][info][gc,heap        ] GC(1283) Humongous regions: 11->11
[2765.739s][info][gc,metaspace   ] GC(1283) Metaspace: 48836K(50128K)->48836K(50128K) NonClass: 42988K(43856K)->42988K(43856K) Class: 5848K(6272K)->5848K(6272K)
[2765.739s][info][gc             ] GC(1283) Pause Young (Normal) (G1 Evacuation Pause) 508M->507M(512M) 2.427ms
[2765.739s][info][gc,cpu         ] GC(1283) User=0.01s Sys=0.00s Real=0.00s
[2770.737s][info][gc,start       ] GC(1284) Pause Young (Concurrent Start) (G1 Evacuation Pause)
[2770.737s][info][gc,task        ] GC(1284) Using 8 workers of 8 for evacuation
[2770.740s][info][gc             ] GC(1284) To-space exhausted
[2770.740s][info][gc,phases      ] GC(1284)   Pre Evacuate Collection Set: 0.2ms
[2770.740s][info][gc,phases      ] GC(1284)   Merge Heap Roots: 0.0ms
[2770.740s][info][gc,phases      ] GC(1284)   Evacuate Collection Set: 1.1ms
[2770.740s][info][gc,phases      ] GC(1284)   Post Evacuate Collection Set: 1.2ms
[2770.740s][info][gc,phases      ] GC(1284)   Other: 0.3ms
[2770.740s][info][gc,heap        ] GC(1284) Eden regions: 1->0(25)
[2770.740s][info][gc,heap        ] GC(1284) Survivor regions: 0->0(0)
[2770.740s][info][gc,heap        ] GC(1284) Old regions: 498->499
[2770.740s][info][gc,heap        ] GC(1284) Archive regions: 2->2
[2770.740s][info][gc,heap        ] GC(1284) Humongous regions: 11->11
[2770.740s][info][gc,metaspace   ] GC(1284) Metaspace: 48836K(50128K)->48836K(50128K) NonClass: 42988K(43856K)->42988K(43856K) Class: 5848K(6272K)->5848K(6272K)
[2770.740s][info][gc             ] GC(1284) Pause Young (Concurrent Start) (G1 Evacuation Pause) 508M->508M(512M) 2.878ms
[2770.740s][info][gc,cpu         ] GC(1284) User=0.00s Sys=0.00s Real=0.00s
[2770.740s][info][gc,ergo        ] Attempting maximally compacting collection
[2770.740s][info][gc,task        ] GC(1285) Using 8 workers of 8 for full compaction
[2770.740s][info][gc,start       ] GC(1285) Pause Full (G1 Evacuation Pause)
[2770.740s][info][gc             ] GC(1286) Concurrent Cycle
[2770.740s][info][gc,marking     ] GC(1286) Concurrent Clear Claimed Marks
[2770.740s][info][gc,marking     ] GC(1286) Concurrent Clear Claimed Marks 0.233ms
[2770.740s][info][gc,marking     ] GC(1286) Concurrent Scan Root Regions
[2770.740s][info][gc,marking     ] GC(1286) Concurrent Scan Root Regions 0.029ms
[2770.740s][info][gc,marking     ] GC(1286) Concurrent Mark (2770.740s)
[2770.740s][info][gc,marking     ] GC(1286) Concurrent Mark From Roots
[2770.740s][info][gc,task        ] GC(1286) Using 2 workers of 2 for marking
[2770.741s][info][gc,phases,start] GC(1285) Phase 1: Mark live objects
[2771.135s][info][gc,phases      ] GC(1285) Phase 1: Mark live objects 394.903ms
[2771.136s][info][gc,phases,start] GC(1285) Phase 2: Prepare for compaction
[2771.195s][info][gc,phases      ] GC(1285) Phase 2: Prepare for compaction 59.177ms
[2771.195s][info][gc,phases,start] GC(1285) Phase 3: Adjust pointers
[2771.324s][info][gc,phases      ] GC(1285) Phase 3: Adjust pointers 129.079ms
[2771.324s][info][gc,phases,start] GC(1285) Phase 4: Compact heap
[2771.386s][info][gc,phases      ] GC(1285) Phase 4: Compact heap 61.602ms
[2771.392s][info][gc,heap        ] GC(1285) Eden regions: 0->0(25)
[2771.392s][info][gc,heap        ] GC(1285) Survivor regions: 0->0(0)
[2771.392s][info][gc,heap        ] GC(1285) Old regions: 499->489
[2771.392s][info][gc,heap        ] GC(1285) Archive regions: 2->2
[2771.392s][info][gc,heap        ] GC(1285) Humongous regions: 11->11
[2771.392s][info][gc,metaspace   ] GC(1285) Metaspace: 48836K(50128K)->48776K(50128K) NonClass: 42988K(43856K)->42936K(43856K) Class: 5848K(6272K)->5839K(6272K)
[2771.392s][info][gc             ] GC(1285) Pause Full (G1 Evacuation Pause) 508M->498M(512M) 652.241ms
[2771.394s][info][gc,cpu         ] GC(1285) User=2.86s Sys=0.11s Real=0.65s
[2771.395s][info][gc,marking     ] GC(1286) Concurrent Mark From Roots 654.372ms
[2771.395s][info][gc,marking     ] GC(1286) Concurrent Mark Abort
[2771.395s][info][gc             ] GC(1286) Concurrent Cycle 654.846ms
[2819.735s][info][gc,start       ] GC(1287) Pause Young (Normal) (G1 Evacuation Pause)
[2819.735s][info][gc,task        ] GC(1287) Using 8 workers of 8 for evacuation
[2819.736s][info][gc             ] GC(1287) To-space exhausted
[2819.736s][info][gc,phases      ] GC(1287)   Pre Evacuate Collection Set: 0.1ms
[2819.736s][info][gc,phases      ] GC(1287)   Merge Heap Roots: 0.0ms
[2819.736s][info][gc,phases      ] GC(1287)   Evacuate Collection Set: 0.2ms
[2819.736s][info][gc,phases      ] GC(1287)   Post Evacuate Collection Set: 0.8ms
[2819.736s][info][gc,phases      ] GC(1287)   Other: 0.2ms
[2819.736s][info][gc,heap        ] GC(1287) Eden regions: 10->0(25)
[2819.736s][info][gc,heap        ] GC(1287) Survivor regions: 0->0(0)
[2819.736s][info][gc,heap        ] GC(1287) Old regions: 489->494
[2819.736s][info][gc,heap        ] GC(1287) Archive regions: 2->2
[2819.736s][info][gc,heap        ] GC(1287) Humongous regions: 11->11
[2819.736s][info][gc,metaspace   ] GC(1287) Metaspace: 48825K(50128K)->48825K(50128K) NonClass: 42978K(43856K)->42978K(43856K) Class: 5846K(6272K)->5846K(6272K)
[2819.736s][info][gc             ] GC(1287) Pause Young (Normal) (G1 Evacuation Pause) 508M->503M(512M) 1.400ms
[2819.736s][info][gc,cpu         ] GC(1287) User=0.00s Sys=0.00s Real=0.01s
[2844.733s][info][gc,start       ] GC(1288) Pause Young (Concurrent Start) (G1 Evacuation Pause)
[2844.733s][info][gc,task        ] GC(1288) Using 8 workers of 8 for evacuation
[2844.734s][info][gc             ] GC(1288) To-space exhausted
[2844.734s][info][gc,phases      ] GC(1288)   Pre Evacuate Collection Set: 0.1ms
[2844.734s][info][gc,phases      ] GC(1288)   Merge Heap Roots: 0.0ms
[2844.734s][info][gc,phases      ] GC(1288)   Evacuate Collection Set: 0.5ms
[2844.734s][info][gc,phases      ] GC(1288)   Post Evacuate Collection Set: 0.6ms
[2844.734s][info][gc,phases      ] GC(1288)   Other: 0.1ms
[2844.734s][info][gc,heap        ] GC(1288) Eden regions: 5->0(25)
[2844.734s][info][gc,heap        ] GC(1288) Survivor regions: 0->0(0)
[2844.734s][info][gc,heap        ] GC(1288) Old regions: 494->497
[2844.734s][info][gc,heap        ] GC(1288) Archive regions: 2->2
[2844.734s][info][gc,heap        ] GC(1288) Humongous regions: 11->11
[2844.734s][info][gc,metaspace   ] GC(1288) Metaspace: 48825K(50128K)->48825K(50128K) NonClass: 42978K(43856K)->42978K(43856K) Class: 5846K(6272K)->5846K(6272K)
[2844.734s][info][gc             ] GC(1288) Pause Young (Concurrent Start) (G1 Evacuation Pause) 508M->506M(512M) 1.413ms
[2844.734s][info][gc,cpu         ] GC(1288) User=0.00s Sys=0.00s Real=0.00s
[2844.734s][info][gc             ] GC(1289) Concurrent Cycle
[2844.734s][info][gc,marking     ] GC(1289) Concurrent Clear Claimed Marks
[2844.735s][info][gc,marking     ] GC(1289) Concurrent Clear Claimed Marks 0.023ms
[2844.735s][info][gc,marking     ] GC(1289) Concurrent Scan Root Regions
[2844.735s][info][gc,marking     ] GC(1289) Concurrent Scan Root Regions 0.007ms
[2844.735s][info][gc,marking     ] GC(1289) Concurrent Mark (2844.735s)
[2844.735s][info][gc,marking     ] GC(1289) Concurrent Mark From Roots
[2844.735s][info][gc,task        ] GC(1289) Using 2 workers of 2 for marking
[2845.290s][info][gc,marking     ] GC(1289) Concurrent Mark From Roots 555.457ms
[2845.290s][info][gc,marking     ] GC(1289) Concurrent Preclean
[2845.290s][info][gc,marking     ] GC(1289) Concurrent Preclean 0.101ms
[2845.290s][info][gc,marking     ] GC(1289) Concurrent Mark (2844.735s, 2845.290s) 555.644ms
[2845.290s][info][gc,start       ] GC(1289) Pause Remark
[2845.292s][info][gc             ] GC(1289) Pause Remark 506M->505M(512M) 1.268ms
[2845.292s][info][gc,cpu         ] GC(1289) User=0.01s Sys=0.00s Real=0.00s
[2845.292s][info][gc,marking     ] GC(1289) Concurrent Rebuild Remembered Sets
[2845.639s][info][gc,marking     ] GC(1289) Concurrent Rebuild Remembered Sets 347.024ms
[2845.640s][info][gc,start       ] GC(1289) Pause Cleanup
[2845.641s][info][gc             ] GC(1289) Pause Cleanup 505M->505M(512M) 0.319ms
[2845.641s][info][gc,cpu         ] GC(1289) User=0.00s Sys=0.00s Real=0.00s
[2845.641s][info][gc,marking     ] GC(1289) Concurrent Cleanup for Next Mark
[2845.642s][info][gc,marking     ] GC(1289) Concurrent Cleanup for Next Mark 0.741ms
[2845.642s][info][gc             ] GC(1289) Concurrent Cycle 907.052ms
[2859.738s][info][gc,start       ] GC(1290) Pause Young (Normal) (G1 Evacuation Pause)
[2859.738s][info][gc,task        ] GC(1290) Using 8 workers of 8 for evacuation
[2859.739s][info][gc             ] GC(1290) To-space exhausted
[2859.739s][info][gc,phases      ] GC(1290)   Pre Evacuate Collection Set: 0.1ms
[2859.739s][info][gc,phases      ] GC(1290)   Merge Heap Roots: 0.0ms
[2859.739s][info][gc,phases      ] GC(1290)   Evacuate Collection Set: 0.3ms
[2859.739s][info][gc,phases      ] GC(1290)   Post Evacuate Collection Set: 0.6ms
[2859.739s][info][gc,phases      ] GC(1290)   Other: 0.2ms
[2859.739s][info][gc,heap        ] GC(1290) Eden regions: 3->0(25)
[2859.739s][info][gc,heap        ] GC(1290) Survivor regions: 0->0(0)
[2859.739s][info][gc,heap        ] GC(1290) Old regions: 496->498
[2859.739s][info][gc,heap        ] GC(1290) Archive regions: 2->2
[2859.739s][info][gc,heap        ] GC(1290) Humongous regions: 11->11
[2859.739s][info][gc,metaspace   ] GC(1290) Metaspace: 48825K(50128K)->48825K(50128K) NonClass: 42978K(43856K)->42978K(43856K) Class: 5846K(6272K)->5846K(6272K)
[2859.739s][info][gc             ] GC(1290) Pause Young (Normal) (G1 Evacuation Pause) 508M->507M(512M) 1.221ms
[2859.739s][info][gc,cpu         ] GC(1290) User=0.00s Sys=0.00s Real=0.00s
[2864.732s][info][gc,start       ] GC(1291) Pause Young (Concurrent Start) (G1 Evacuation Pause)
[2864.732s][info][gc,task        ] GC(1291) Using 8 workers of 8 for evacuation
[2864.737s][info][gc             ] GC(1291) To-space exhausted
[2864.737s][info][gc,phases      ] GC(1291)   Pre Evacuate Collection Set: 0.3ms
[2864.737s][info][gc,phases      ] GC(1291)   Merge Heap Roots: 0.1ms
[2864.737s][info][gc,phases      ] GC(1291)   Evacuate Collection Set: 2.0ms
[2864.737s][info][gc,phases      ] GC(1291)   Post Evacuate Collection Set: 1.9ms
[2864.737s][info][gc,phases      ] GC(1291)   Other: 0.6ms
[2864.737s][info][gc,heap        ] GC(1291) Eden regions: 1->0(25)
[2864.737s][info][gc,heap        ] GC(1291) Survivor regions: 0->0(0)
[2864.737s][info][gc,heap        ] GC(1291) Old regions: 498->499
[2864.737s][info][gc,heap        ] GC(1291) Archive regions: 2->2
[2864.737s][info][gc,heap        ] GC(1291) Humongous regions: 11->11
[2864.737s][info][gc,metaspace   ] GC(1291) Metaspace: 48825K(50128K)->48825K(50128K) NonClass: 42978K(43856K)->42978K(43856K) Class: 5846K(6272K)->5846K(6272K)
[2864.737s][info][gc             ] GC(1291) Pause Young (Concurrent Start) (G1 Evacuation Pause) 508M->508M(512M) 5.182ms
[2864.737s][info][gc,cpu         ] GC(1291) User=0.01s Sys=0.00s Real=0.01s
[2864.737s][info][gc,ergo        ] Attempting maximally compacting collection
[2864.737s][info][gc             ] GC(1292) Concurrent Cycle
[2864.737s][info][gc,task        ] GC(1293) Using 8 workers of 8 for full compaction
[2864.737s][info][gc,marking     ] GC(1292) Concurrent Clear Claimed Marks
[2864.737s][info][gc,start       ] GC(1293) Pause Full (G1 Evacuation Pause)
[2864.737s][info][gc,marking     ] GC(1292) Concurrent Clear Claimed Marks 0.209ms
[2864.737s][info][gc,marking     ] GC(1292) Concurrent Scan Root Regions
[2864.737s][info][gc,marking     ] GC(1292) Concurrent Scan Root Regions 0.023ms
[2864.737s][info][gc,marking     ] GC(1292) Concurrent Mark (2864.737s)
[2864.737s][info][gc,marking     ] GC(1292) Concurrent Mark From Roots
[2864.737s][info][gc,task        ] GC(1292) Using 2 workers of 2 for marking
[2864.738s][info][gc,phases,start] GC(1293) Phase 1: Mark live objects
[2865.091s][info][gc,phases      ] GC(1293) Phase 1: Mark live objects 352.714ms
[2865.091s][info][gc,phases,start] GC(1293) Phase 2: Prepare for compaction
[2865.135s][info][gc,phases      ] GC(1293) Phase 2: Prepare for compaction 44.213ms
[2865.136s][info][gc,phases,start] GC(1293) Phase 3: Adjust pointers
[2865.216s][info][gc,phases      ] GC(1293) Phase 3: Adjust pointers 80.214ms
[2865.216s][info][gc,phases,start] GC(1293) Phase 4: Compact heap
[2865.320s][info][gc,phases      ] GC(1293) Phase 4: Compact heap 104.604ms
[2865.331s][info][gc,heap        ] GC(1293) Eden regions: 0->0(25)
[2865.331s][info][gc,heap        ] GC(1293) Survivor regions: 0->0(0)
[2865.331s][info][gc,heap        ] GC(1293) Old regions: 499->490
[2865.331s][info][gc,heap        ] GC(1293) Archive regions: 2->2
[2865.331s][info][gc,heap        ] GC(1293) Humongous regions: 11->11
[2865.331s][info][gc,metaspace   ] GC(1293) Metaspace: 48825K(50128K)->48720K(50128K) NonClass: 42978K(43856K)->42887K(43856K) Class: 5846K(6272K)->5832K(6272K)
[2865.331s][info][gc             ] GC(1293) Pause Full (G1 Evacuation Pause) 508M->498M(512M) 594.293ms
[2865.333s][info][gc,cpu         ] GC(1293) User=2.77s Sys=0.10s Real=0.59s
[2865.333s][info][gc,marking     ] GC(1292) Concurrent Mark From Roots 595.352ms
[2865.333s][info][gc,marking     ] GC(1292) Concurrent Mark Abort
[2865.333s][info][gc             ] GC(1292) Concurrent Cycle 595.760ms
[2905.733s][info][gc,start       ] GC(1294) Pause Young (Normal) (G1 Evacuation Pause)
[2905.733s][info][gc,task        ] GC(1294) Using 8 workers of 8 for evacuation
[2905.736s][info][gc             ] GC(1294) To-space exhausted
[2905.736s][info][gc,phases      ] GC(1294)   Pre Evacuate Collection Set: 0.1ms
[2905.736s][info][gc,phases      ] GC(1294)   Merge Heap Roots: 0.0ms
[2905.736s][info][gc,phases      ] GC(1294)   Evacuate Collection Set: 0.3ms
[2905.736s][info][gc,phases      ] GC(1294)   Post Evacuate Collection Set: 1.8ms
[2905.736s][info][gc,phases      ] GC(1294)   Other: 0.3ms
[2905.736s][info][gc,heap        ] GC(1294) Eden regions: 9->0(25)
[2905.736s][info][gc,heap        ] GC(1294) Survivor regions: 0->0(0)
[2905.736s][info][gc,heap        ] GC(1294) Old regions: 490->495
[2905.736s][info][gc,heap        ] GC(1294) Archive regions: 2->2
[2905.736s][info][gc,heap        ] GC(1294) Humongous regions: 11->11
[2905.736s][info][gc,metaspace   ] GC(1294) Metaspace: 48826K(50128K)->48826K(50128K) NonClass: 42978K(43856K)->42978K(43856K) Class: 5847K(6272K)->5847K(6272K)
[2905.736s][info][gc             ] GC(1294) Pause Young (Normal) (G1 Evacuation Pause) 507M->503M(512M) 2.602ms
[2905.736s][info][gc,cpu         ] GC(1294) User=0.01s Sys=0.00s Real=0.01s
[2926.732s][info][gc,start       ] GC(1295) Pause Young (Concurrent Start) (G1 Evacuation Pause)
[2926.732s][info][gc,task        ] GC(1295) Using 8 workers of 8 for evacuation
[2926.734s][info][gc             ] GC(1295) To-space exhausted
[2926.734s][info][gc,phases      ] GC(1295)   Pre Evacuate Collection Set: 0.1ms
[2926.734s][info][gc,phases      ] GC(1295)   Merge Heap Roots: 0.0ms
[2926.734s][info][gc,phases      ] GC(1295)   Evacuate Collection Set: 0.7ms
[2926.734s][info][gc,phases      ] GC(1295)   Post Evacuate Collection Set: 0.8ms
[2926.734s][info][gc,phases      ] GC(1295)   Other: 0.2ms
[2926.734s][info][gc,heap        ] GC(1295) Eden regions: 4->0(25)
[2926.734s][info][gc,heap        ] GC(1295) Survivor regions: 0->0(0)
[2926.734s][info][gc,heap        ] GC(1295) Old regions: 495->498
[2926.734s][info][gc,heap        ] GC(1295) Archive regions: 2->2
[2926.734s][info][gc,heap        ] GC(1295) Humongous regions: 11->11
[2926.734s][info][gc,metaspace   ] GC(1295) Metaspace: 48827K(50128K)->48827K(50128K) NonClass: 42979K(43856K)->42979K(43856K) Class: 5847K(6272K)->5847K(6272K)
[2926.734s][info][gc             ] GC(1295) Pause Young (Concurrent Start) (G1 Evacuation Pause) 507M->506M(512M) 1.949ms
[2926.734s][info][gc,cpu         ] GC(1295) User=0.01s Sys=0.00s Real=0.00s
[2926.734s][info][gc             ] GC(1296) Concurrent Cycle
[2926.734s][info][gc,marking     ] GC(1296) Concurrent Clear Claimed Marks
[2926.734s][info][gc,marking     ] GC(1296) Concurrent Clear Claimed Marks 0.045ms
[2926.734s][info][gc,marking     ] GC(1296) Concurrent Scan Root Regions
[2926.734s][info][gc,marking     ] GC(1296) Concurrent Scan Root Regions 0.006ms
[2926.734s][info][gc,marking     ] GC(1296) Concurrent Mark (2926.734s)
[2926.734s][info][gc,marking     ] GC(1296) Concurrent Mark From Roots
[2926.734s][info][gc,task        ] GC(1296) Using 2 workers of 2 for marking
[2927.406s][info][gc,marking     ] GC(1296) Concurrent Mark From Roots 672.292ms
[2927.407s][info][gc,marking     ] GC(1296) Concurrent Preclean
[2927.407s][info][gc,marking     ] GC(1296) Concurrent Preclean 0.084ms
[2927.407s][info][gc,marking     ] GC(1296) Concurrent Mark (2926.734s, 2927.407s) 672.445ms
[2927.407s][info][gc,start       ] GC(1296) Pause Remark
[2927.415s][info][gc             ] GC(1296) Pause Remark 506M->504M(512M) 7.828ms
[2927.415s][info][gc,cpu         ] GC(1296) User=0.03s Sys=0.00s Real=0.00s
[2927.415s][info][gc,marking     ] GC(1296) Concurrent Rebuild Remembered Sets
[2927.773s][info][gc,marking     ] GC(1296) Concurrent Rebuild Remembered Sets 358.573ms
[2927.775s][info][gc,start       ] GC(1296) Pause Cleanup
[2927.775s][info][gc             ] GC(1296) Pause Cleanup 505M->505M(512M) 0.364ms
[2927.775s][info][gc,cpu         ] GC(1296) User=0.00s Sys=0.00s Real=0.00s
[2927.775s][info][gc,marking     ] GC(1296) Concurrent Cleanup for Next Mark
[2927.776s][info][gc,marking     ] GC(1296) Concurrent Cleanup for Next Mark 1.024ms
[2927.776s][info][gc             ] GC(1296) Concurrent Cycle 1041.952ms
[2940.744s][info][gc,start       ] GC(1297) Pause Young (Normal) (G1 Evacuation Pause)
[2940.744s][info][gc,task        ] GC(1297) Using 8 workers of 8 for evacuation
[2940.745s][info][gc             ] GC(1297) To-space exhausted
[2940.745s][info][gc,phases      ] GC(1297)   Pre Evacuate Collection Set: 0.1ms
[2940.745s][info][gc,phases      ] GC(1297)   Merge Heap Roots: 0.0ms
[2940.745s][info][gc,phases      ] GC(1297)   Evacuate Collection Set: 0.3ms
[2940.745s][info][gc,phases      ] GC(1297)   Post Evacuate Collection Set: 0.7ms
[2940.745s][info][gc,phases      ] GC(1297)   Other: 0.3ms
[2940.745s][info][gc,heap        ] GC(1297) Eden regions: 3->0(25)
[2940.745s][info][gc,heap        ] GC(1297) Survivor regions: 0->0(0)
[2940.745s][info][gc,heap        ] GC(1297) Old regions: 496->498
[2940.745s][info][gc,heap        ] GC(1297) Archive regions: 2->2
[2940.745s][info][gc,heap        ] GC(1297) Humongous regions: 11->11
[2940.745s][info][gc,metaspace   ] GC(1297) Metaspace: 48826K(50128K)->48826K(50128K) NonClass: 42979K(43856K)->42979K(43856K) Class: 5846K(6272K)->5846K(6272K)
[2940.745s][info][gc             ] GC(1297) Pause Young (Normal) (G1 Evacuation Pause) 507M->506M(512M) 1.606ms
[2940.745s][info][gc,cpu         ] GC(1297) User=0.01s Sys=0.00s Real=0.01s
[2945.734s][info][gc,start       ] GC(1298) Pause Young (Concurrent Start) (G1 Evacuation Pause)
[2945.734s][info][gc,task        ] GC(1298) Using 8 workers of 8 for evacuation
[2945.735s][info][gc             ] GC(1298) To-space exhausted
[2945.735s][info][gc,phases      ] GC(1298)   Pre Evacuate Collection Set: 0.1ms
[2945.736s][info][gc,phases      ] GC(1298)   Merge Heap Roots: 0.0ms
[2945.736s][info][gc,phases      ] GC(1298)   Evacuate Collection Set: 0.6ms
[2945.736s][info][gc,phases      ] GC(1298)   Post Evacuate Collection Set: 0.5ms
[2945.736s][info][gc,phases      ] GC(1298)   Other: 0.2ms
[2945.736s][info][gc,heap        ] GC(1298) Eden regions: 1->0(25)
[2945.736s][info][gc,heap        ] GC(1298) Survivor regions: 0->0(0)
[2945.736s][info][gc,heap        ] GC(1298) Old regions: 498->499
[2945.736s][info][gc,heap        ] GC(1298) Archive regions: 2->2
[2945.736s][info][gc,heap        ] GC(1298) Humongous regions: 11->11
[2945.736s][info][gc,metaspace   ] GC(1298) Metaspace: 48826K(50128K)->48826K(50128K) NonClass: 42979K(43856K)->42979K(43856K) Class: 5846K(6272K)->5846K(6272K)
[2945.736s][info][gc             ] GC(1298) Pause Young (Concurrent Start) (G1 Evacuation Pause) 507M->507M(512M) 1.523ms
[2945.736s][info][gc,cpu         ] GC(1298) User=0.00s Sys=0.00s Real=0.01s
[2945.736s][info][gc,ergo        ] Attempting maximally compacting collection
[2945.736s][info][gc             ] GC(1299) Concurrent Cycle
[2945.736s][info][gc,task        ] GC(1300) Using 8 workers of 8 for full compaction
[2945.736s][info][gc,marking     ] GC(1299) Concurrent Clear Claimed Marks
[2945.736s][info][gc,start       ] GC(1300) Pause Full (G1 Evacuation Pause)
[2945.736s][info][gc,marking     ] GC(1299) Concurrent Clear Claimed Marks 0.040ms
[2945.736s][info][gc,marking     ] GC(1299) Concurrent Scan Root Regions
[2945.736s][info][gc,marking     ] GC(1299) Concurrent Scan Root Regions 0.024ms
[2945.736s][info][gc,marking     ] GC(1299) Concurrent Mark (2945.736s)
[2945.736s][info][gc,marking     ] GC(1299) Concurrent Mark From Roots
[2945.736s][info][gc,task        ] GC(1299) Using 2 workers of 2 for marking
[2945.737s][info][gc,phases,start] GC(1300) Phase 1: Mark live objects
[2946.157s][info][gc,phases      ] GC(1300) Phase 1: Mark live objects 420.287ms
[2946.157s][info][gc,phases,start] GC(1300) Phase 2: Prepare for compaction
[2946.215s][info][gc,phases      ] GC(1300) Phase 2: Prepare for compaction 58.365ms
[2946.215s][info][gc,phases,start] GC(1300) Phase 3: Adjust pointers
[2946.362s][info][gc,phases      ] GC(1300) Phase 3: Adjust pointers 146.409ms
[2946.362s][info][gc,phases,start] GC(1300) Phase 4: Compact heap
[2946.433s][info][gc,phases      ] GC(1300) Phase 4: Compact heap 70.522ms
[2946.437s][info][gc,heap        ] GC(1300) Eden regions: 0->0(25)
[2946.437s][info][gc,heap        ] GC(1300) Survivor regions: 0->0(0)
[2946.437s][info][gc,heap        ] GC(1300) Old regions: 499->489
[2946.437s][info][gc,heap        ] GC(1300) Archive regions: 2->2
[2946.437s][info][gc,heap        ] GC(1300) Humongous regions: 11->11
[2946.437s][info][gc,metaspace   ] GC(1300) Metaspace: 48826K(50128K)->48776K(50128K) NonClass: 42979K(43856K)->42936K(43856K) Class: 5846K(6272K)->5839K(6272K)
[2946.437s][info][gc             ] GC(1300) Pause Full (G1 Evacuation Pause) 507M->498M(512M) 701.722ms
[2946.439s][info][gc,cpu         ] GC(1300) User=2.85s Sys=0.12s Real=0.70s
[2946.440s][info][gc,marking     ] GC(1299) Concurrent Mark From Roots 703.717ms
[2946.440s][info][gc,marking     ] GC(1299) Concurrent Mark Abort
[2946.440s][info][gc             ] GC(1299) Concurrent Cycle 703.980ms
[2996.732s][info][gc,start       ] GC(1301) Pause Young (Normal) (G1 Evacuation Pause)
[2996.732s][info][gc,task        ] GC(1301) Using 8 workers of 8 for evacuation
[2996.733s][info][gc             ] GC(1301) To-space exhausted
[2996.733s][info][gc,phases      ] GC(1301)   Pre Evacuate Collection Set: 0.1ms
[2996.733s][info][gc,phases      ] GC(1301)   Merge Heap Roots: 0.0ms
[2996.733s][info][gc,phases      ] GC(1301)   Evacuate Collection Set: 0.2ms
[2996.733s][info][gc,phases      ] GC(1301)   Post Evacuate Collection Set: 0.9ms
[2996.733s][info][gc,phases      ] GC(1301)   Other: 0.2ms
[2996.733s][info][gc,heap        ] GC(1301) Eden regions: 10->0(25)
[2996.733s][info][gc,heap        ] GC(1301) Survivor regions: 0->0(0)
[2996.733s][info][gc,heap        ] GC(1301) Old regions: 489->493
[2996.733s][info][gc,heap        ] GC(1301) Archive regions: 2->2
[2996.733s][info][gc,heap        ] GC(1301) Humongous regions: 11->11
[2996.733s][info][gc,metaspace   ] GC(1301) Metaspace: 48825K(50128K)->48825K(50128K) NonClass: 42978K(43856K)->42978K(43856K) Class: 5846K(6272K)->5846K(6272K)
[2996.733s][info][gc             ] GC(1301) Pause Young (Normal) (G1 Evacuation Pause) 508M->502M(512M) 1.562ms
[2996.733s][info][gc,cpu         ] GC(1301) User=0.00s Sys=0.00s Real=0.00s
[3026.741s][info][gc,start       ] GC(1302) Pause Young (Concurrent Start) (G1 Evacuation Pause)
[3026.741s][info][gc,task        ] GC(1302) Using 8 workers of 8 for evacuation
[3026.743s][info][gc             ] GC(1302) To-space exhausted
[3026.743s][info][gc,phases      ] GC(1302)   Pre Evacuate Collection Set: 0.1ms
[3026.743s][info][gc,phases      ] GC(1302)   Merge Heap Roots: 0.0ms
[3026.743s][info][gc,phases      ] GC(1302)   Evacuate Collection Set: 0.5ms
[3026.743s][info][gc,phases      ] GC(1302)   Post Evacuate Collection Set: 0.7ms
[3026.743s][info][gc,phases      ] GC(1302)   Other: 0.2ms
[3026.743s][info][gc,heap        ] GC(1302) Eden regions: 6->0(25)
[3026.743s][info][gc,heap        ] GC(1302) Survivor regions: 0->0(0)
[3026.743s][info][gc,heap        ] GC(1302) Old regions: 493->496
[3026.743s][info][gc,heap        ] GC(1302) Archive regions: 2->2
[3026.743s][info][gc,heap        ] GC(1302) Humongous regions: 11->11
[3026.743s][info][gc,metaspace   ] GC(1302) Metaspace: 48836K(50128K)->48836K(50128K) NonClass: 42988K(43856K)->42988K(43856K) Class: 5848K(6272K)->5848K(6272K)
[3026.743s][info][gc             ] GC(1302) Pause Young (Concurrent Start) (G1 Evacuation Pause) 508M->505M(512M) 1.586ms
[3026.743s][info][gc,cpu         ] GC(1302) User=0.00s Sys=0.01s Real=0.00s
[3026.743s][info][gc             ] GC(1303) Concurrent Cycle
[3026.743s][info][gc,marking     ] GC(1303) Concurrent Clear Claimed Marks
[3026.743s][info][gc,marking     ] GC(1303) Concurrent Clear Claimed Marks 0.067ms
[3026.743s][info][gc,marking     ] GC(1303) Concurrent Scan Root Regions
[3026.743s][info][gc,marking     ] GC(1303) Concurrent Scan Root Regions 0.012ms
[3026.743s][info][gc,marking     ] GC(1303) Concurrent Mark (3026.743s)
[3026.743s][info][gc,marking     ] GC(1303) Concurrent Mark From Roots
[3026.743s][info][gc,task        ] GC(1303) Using 2 workers of 2 for marking
[3027.398s][info][gc,marking     ] GC(1303) Concurrent Mark From Roots 654.892ms
[3027.398s][info][gc,marking     ] GC(1303) Concurrent Preclean
[3027.398s][info][gc,marking     ] GC(1303) Concurrent Preclean 0.245ms
[3027.398s][info][gc,marking     ] GC(1303) Concurrent Mark (3026.743s, 3027.398s) 655.297ms
[3027.400s][info][gc,start       ] GC(1303) Pause Remark
[3027.404s][info][gc             ] GC(1303) Pause Remark 505M->503M(512M) 4.295ms
[3027.404s][info][gc,cpu         ] GC(1303) User=0.02s Sys=0.00s Real=0.00s
[3027.404s][info][gc,marking     ] GC(1303) Concurrent Rebuild Remembered Sets
[3027.751s][info][gc,marking     ] GC(1303) Concurrent Rebuild Remembered Sets 347.480ms
[3027.754s][info][gc,start       ] GC(1303) Pause Cleanup
[3027.755s][info][gc             ] GC(1303) Pause Cleanup 504M->504M(512M) 0.627ms
[3027.755s][info][gc,cpu         ] GC(1303) User=0.00s Sys=0.00s Real=0.00s
[3027.755s][info][gc,marking     ] GC(1303) Concurrent Cleanup for Next Mark
[3027.757s][info][gc,marking     ] GC(1303) Concurrent Cleanup for Next Mark 1.579ms
[3027.757s][info][gc             ] GC(1303) Concurrent Cycle 1013.649ms
[3052.739s][info][gc,start       ] GC(1304) Pause Young (Normal) (G1 Evacuation Pause)
[3052.739s][info][gc,task        ] GC(1304) Using 8 workers of 8 for evacuation
[3052.740s][info][gc             ] GC(1304) To-space exhausted
[3052.740s][info][gc,phases      ] GC(1304)   Pre Evacuate Collection Set: 0.1ms
[3052.740s][info][gc,phases      ] GC(1304)   Merge Heap Roots: 0.0ms
[3052.740s][info][gc,phases      ] GC(1304)   Evacuate Collection Set: 0.3ms
[3052.740s][info][gc,phases      ] GC(1304)   Post Evacuate Collection Set: 0.7ms
[3052.740s][info][gc,phases      ] GC(1304)   Other: 0.2ms
[3052.740s][info][gc,heap        ] GC(1304) Eden regions: 5->0(25)
[3052.740s][info][gc,heap        ] GC(1304) Survivor regions: 0->0(0)
[3052.740s][info][gc,heap        ] GC(1304) Old regions: 494->498
[3052.740s][info][gc,heap        ] GC(1304) Archive regions: 2->2
[3052.740s][info][gc,heap        ] GC(1304) Humongous regions: 11->11
[3052.740s][info][gc,metaspace   ] GC(1304) Metaspace: 48836K(50128K)->48836K(50128K) NonClass: 42988K(43856K)->42988K(43856K) Class: 5848K(6272K)->5848K(6272K)
[3052.740s][info][gc             ] GC(1304) Pause Young (Normal) (G1 Evacuation Pause) 508M->507M(512M) 1.359ms
[3052.740s][info][gc,cpu         ] GC(1304) User=0.00s Sys=0.00s Real=0.00s
[3057.736s][info][gc,start       ] GC(1305) Pause Young (Concurrent Start) (G1 Evacuation Pause)
[3057.736s][info][gc,task        ] GC(1305) Using 8 workers of 8 for evacuation
[3057.738s][info][gc             ] GC(1305) To-space exhausted
[3057.738s][info][gc,phases      ] GC(1305)   Pre Evacuate Collection Set: 0.2ms
[3057.738s][info][gc,phases      ] GC(1305)   Merge Heap Roots: 0.0ms
[3057.738s][info][gc,phases      ] GC(1305)   Evacuate Collection Set: 1.0ms
[3057.738s][info][gc,phases      ] GC(1305)   Post Evacuate Collection Set: 0.9ms
[3057.739s][info][gc,phases      ] GC(1305)   Other: 0.4ms
[3057.739s][info][gc,heap        ] GC(1305) Eden regions: 1->0(25)
[3057.739s][info][gc,heap        ] GC(1305) Survivor regions: 0->0(0)
[3057.739s][info][gc,heap        ] GC(1305) Old regions: 498->499
[3057.739s][info][gc,heap        ] GC(1305) Archive regions: 2->2
[3057.739s][info][gc,heap        ] GC(1305) Humongous regions: 11->11
[3057.739s][info][gc,metaspace   ] GC(1305) Metaspace: 48836K(50128K)->48836K(50128K) NonClass: 42988K(43856K)->42988K(43856K) Class: 5848K(6272K)->5848K(6272K)
[3057.739s][info][gc             ] GC(1305) Pause Young (Concurrent Start) (G1 Evacuation Pause) 508M->508M(512M) 2.614ms
[3057.739s][info][gc,cpu         ] GC(1305) User=0.01s Sys=0.00s Real=0.00s
[3057.739s][info][gc,ergo        ] Attempting maximally compacting collection
[3057.739s][info][gc             ] GC(1306) Concurrent Cycle
[3057.739s][info][gc,task        ] GC(1307) Using 8 workers of 8 for full compaction
[3057.739s][info][gc,marking     ] GC(1306) Concurrent Clear Claimed Marks
[3057.739s][info][gc,start       ] GC(1307) Pause Full (G1 Evacuation Pause)
[3057.739s][info][gc,marking     ] GC(1306) Concurrent Clear Claimed Marks 0.164ms
[3057.739s][info][gc,marking     ] GC(1306) Concurrent Scan Root Regions
[3057.739s][info][gc,marking     ] GC(1306) Concurrent Scan Root Regions 0.038ms
[3057.739s][info][gc,marking     ] GC(1306) Concurrent Mark (3057.739s)
[3057.739s][info][gc,marking     ] GC(1306) Concurrent Mark From Roots
[3057.739s][info][gc,task        ] GC(1306) Using 2 workers of 2 for marking
[3057.740s][info][gc,phases,start] GC(1307) Phase 1: Mark live objects
[3058.110s][info][gc,phases      ] GC(1307) Phase 1: Mark live objects 370.236ms
[3058.110s][info][gc,phases,start] GC(1307) Phase 2: Prepare for compaction
[3058.171s][info][gc,phases      ] GC(1307) Phase 2: Prepare for compaction 60.366ms
[3058.171s][info][gc,phases,start] GC(1307) Phase 3: Adjust pointers
[3058.311s][info][gc,phases      ] GC(1307) Phase 3: Adjust pointers 140.435ms
[3058.311s][info][gc,phases,start] GC(1307) Phase 4: Compact heap
[3058.377s][info][gc,phases      ] GC(1307) Phase 4: Compact heap 65.425ms
[3058.389s][info][gc,heap        ] GC(1307) Eden regions: 0->0(25)
[3058.389s][info][gc,heap        ] GC(1307) Survivor regions: 0->0(0)
[3058.389s][info][gc,heap        ] GC(1307) Old regions: 499->489
[3058.389s][info][gc,heap        ] GC(1307) Archive regions: 2->2
[3058.389s][info][gc,heap        ] GC(1307) Humongous regions: 11->11
[3058.389s][info][gc,metaspace   ] GC(1307) Metaspace: 48836K(50128K)->48730K(50128K) NonClass: 42988K(43856K)->42897K(43856K) Class: 5848K(6272K)->5833K(6272K)
[3058.389s][info][gc             ] GC(1307) Pause Full (G1 Evacuation Pause) 508M->498M(512M) 650.385ms
[3058.390s][info][gc,cpu         ] GC(1307) User=2.81s Sys=0.11s Real=0.65s
[3058.390s][info][gc,marking     ] GC(1306) Concurrent Mark From Roots 651.388ms
[3058.391s][info][gc,marking     ] GC(1306) Concurrent Mark Abort
[3058.391s][info][gc             ] GC(1306) Concurrent Cycle 651.910ms
[3104.741s][info][gc,start       ] GC(1308) Pause Young (Normal) (G1 Evacuation Pause)
[3104.741s][info][gc,task        ] GC(1308) Using 8 workers of 8 for evacuation
[3104.742s][info][gc             ] GC(1308) To-space exhausted
[3104.742s][info][gc,phases      ] GC(1308)   Pre Evacuate Collection Set: 0.1ms
[3104.742s][info][gc,phases      ] GC(1308)   Merge Heap Roots: 0.0ms
[3104.742s][info][gc,phases      ] GC(1308)   Evacuate Collection Set: 0.2ms
[3104.742s][info][gc,phases      ] GC(1308)   Post Evacuate Collection Set: 1.0ms
[3104.742s][info][gc,phases      ] GC(1308)   Other: 0.2ms
[3104.742s][info][gc,heap        ] GC(1308) Eden regions: 10->0(25)
[3104.742s][info][gc,heap        ] GC(1308) Survivor regions: 0->0(0)
[3104.742s][info][gc,heap        ] GC(1308) Old regions: 489->495
[3104.742s][info][gc,heap        ] GC(1308) Archive regions: 2->2
[3104.742s][info][gc,heap        ] GC(1308) Humongous regions: 11->11
[3104.742s][info][gc,metaspace   ] GC(1308) Metaspace: 48826K(50128K)->48826K(50128K) NonClass: 42978K(43856K)->42978K(43856K) Class: 5847K(6272K)->5847K(6272K)
[3104.742s][info][gc             ] GC(1308) Pause Young (Normal) (G1 Evacuation Pause) 508M->504M(512M) 1.576ms
[3104.742s][info][gc,cpu         ] GC(1308) User=0.00s Sys=0.00s Real=0.00s
[3124.733s][info][gc,start       ] GC(1309) Pause Young (Concurrent Start) (G1 Evacuation Pause)
[3124.733s][info][gc,task        ] GC(1309) Using 8 workers of 8 for evacuation
[3124.735s][info][gc             ] GC(1309) To-space exhausted
[3124.735s][info][gc,phases      ] GC(1309)   Pre Evacuate Collection Set: 0.1ms
[3124.735s][info][gc,phases      ] GC(1309)   Merge Heap Roots: 0.0ms
[3124.735s][info][gc,phases      ] GC(1309)   Evacuate Collection Set: 0.6ms
[3124.735s][info][gc,phases      ] GC(1309)   Post Evacuate Collection Set: 0.6ms
[3124.735s][info][gc,phases      ] GC(1309)   Other: 0.2ms
[3124.735s][info][gc,heap        ] GC(1309) Eden regions: 4->0(25)
[3124.735s][info][gc,heap        ] GC(1309) Survivor regions: 0->0(0)
[3124.735s][info][gc,heap        ] GC(1309) Old regions: 495->497
[3124.735s][info][gc,heap        ] GC(1309) Archive regions: 2->2
[3124.735s][info][gc,heap        ] GC(1309) Humongous regions: 11->11
[3124.735s][info][gc,metaspace   ] GC(1309) Metaspace: 48826K(50128K)->48826K(50128K) NonClass: 42979K(43856K)->42979K(43856K) Class: 5847K(6272K)->5847K(6272K)
[3124.735s][info][gc             ] GC(1309) Pause Young (Concurrent Start) (G1 Evacuation Pause) 508M->506M(512M) 1.715ms
[3124.735s][info][gc,cpu         ] GC(1309) User=0.01s Sys=0.00s Real=0.00s
[3124.735s][info][gc             ] GC(1310) Concurrent Cycle
[3124.735s][info][gc,marking     ] GC(1310) Concurrent Clear Claimed Marks
[3124.735s][info][gc,marking     ] GC(1310) Concurrent Clear Claimed Marks 0.071ms
[3124.735s][info][gc,marking     ] GC(1310) Concurrent Scan Root Regions
[3124.735s][info][gc,marking     ] GC(1310) Concurrent Scan Root Regions 0.007ms
[3124.735s][info][gc,marking     ] GC(1310) Concurrent Mark (3124.735s)
[3124.735s][info][gc,marking     ] GC(1310) Concurrent Mark From Roots
[3124.735s][info][gc,task        ] GC(1310) Using 2 workers of 2 for marking
[3125.386s][info][gc,marking     ] GC(1310) Concurrent Mark From Roots 651.022ms
[3125.386s][info][gc,marking     ] GC(1310) Concurrent Preclean
[3125.386s][info][gc,marking     ] GC(1310) Concurrent Preclean 0.095ms
[3125.386s][info][gc,marking     ] GC(1310) Concurrent Mark (3124.735s, 3125.386s) 651.201ms
[3125.386s][info][gc,start       ] GC(1310) Pause Remark
[3125.391s][info][gc             ] GC(1310) Pause Remark 506M->504M(512M) 4.775ms
[3125.391s][info][gc,cpu         ] GC(1310) User=0.02s Sys=0.00s Real=0.00s
[3125.391s][info][gc,marking     ] GC(1310) Concurrent Rebuild Remembered Sets
[3125.751s][info][gc,marking     ] GC(1310) Concurrent Rebuild Remembered Sets 359.239ms
[3125.752s][info][gc,start       ] GC(1310) Pause Cleanup
[3125.753s][info][gc             ] GC(1310) Pause Cleanup 505M->505M(512M) 0.681ms
[3125.753s][info][gc,cpu         ] GC(1310) User=0.00s Sys=0.00s Real=0.00s
[3125.753s][info][gc,marking     ] GC(1310) Concurrent Cleanup for Next Mark
[3125.755s][info][gc,marking     ] GC(1310) Concurrent Cleanup for Next Mark 1.269ms
[3125.755s][info][gc             ] GC(1310) Concurrent Cycle 1019.900ms
[3144.742s][info][gc,start       ] GC(1311) Pause Young (Normal) (G1 Evacuation Pause)
[3144.742s][info][gc,task        ] GC(1311) Using 8 workers of 8 for evacuation
[3144.743s][info][gc             ] GC(1311) To-space exhausted
[3144.743s][info][gc,phases      ] GC(1311)   Pre Evacuate Collection Set: 0.1ms
[3144.743s][info][gc,phases      ] GC(1311)   Merge Heap Roots: 0.0ms
[3144.743s][info][gc,phases      ] GC(1311)   Evacuate Collection Set: 0.3ms
[3144.743s][info][gc,phases      ] GC(1311)   Post Evacuate Collection Set: 1.0ms
[3144.743s][info][gc,phases      ] GC(1311)   Other: 0.2ms
[3144.743s][info][gc,heap        ] GC(1311) Eden regions: 4->0(25)
[3144.743s][info][gc,heap        ] GC(1311) Survivor regions: 0->0(0)
[3144.743s][info][gc,heap        ] GC(1311) Old regions: 495->498
[3144.743s][info][gc,heap        ] GC(1311) Archive regions: 2->2
[3144.743s][info][gc,heap        ] GC(1311) Humongous regions: 11->11
[3144.743s][info][gc,metaspace   ] GC(1311) Metaspace: 48825K(50128K)->48825K(50128K) NonClass: 42978K(43856K)->42978K(43856K) Class: 5846K(6272K)->5846K(6272K)
[3144.743s][info][gc             ] GC(1311) Pause Young (Normal) (G1 Evacuation Pause) 508M->507M(512M) 1.823ms
[3144.744s][info][gc,cpu         ] GC(1311) User=0.00s Sys=0.00s Real=0.00s
[3148.734s][info][gc,start       ] GC(1312) Pause Young (Concurrent Start) (G1 Evacuation Pause)
[3148.734s][info][gc,task        ] GC(1312) Using 8 workers of 8 for evacuation
[3148.735s][info][gc             ] GC(1312) To-space exhausted
[3148.735s][info][gc,phases      ] GC(1312)   Pre Evacuate Collection Set: 0.1ms
[3148.735s][info][gc,phases      ] GC(1312)   Merge Heap Roots: 0.0ms
[3148.735s][info][gc,phases      ] GC(1312)   Evacuate Collection Set: 0.5ms
[3148.735s][info][gc,phases      ] GC(1312)   Post Evacuate Collection Set: 0.5ms
[3148.735s][info][gc,phases      ] GC(1312)   Other: 0.2ms
[3148.735s][info][gc,heap        ] GC(1312) Eden regions: 1->0(25)
[3148.735s][info][gc,heap        ] GC(1312) Survivor regions: 0->0(0)
[3148.735s][info][gc,heap        ] GC(1312) Old regions: 498->499
[3148.736s][info][gc,heap        ] GC(1312) Archive regions: 2->2
[3148.736s][info][gc,heap        ] GC(1312) Humongous regions: 11->11
[3148.736s][info][gc,metaspace   ] GC(1312) Metaspace: 48825K(50128K)->48825K(50128K) NonClass: 42978K(43856K)->42978K(43856K) Class: 5846K(6272K)->5846K(6272K)
[3148.736s][info][gc             ] GC(1312) Pause Young (Concurrent Start) (G1 Evacuation Pause) 508M->508M(512M) 1.375ms
[3148.736s][info][gc,cpu         ] GC(1312) User=0.00s Sys=0.00s Real=0.01s
[3148.736s][info][gc             ] GC(1313) Concurrent Cycle
[3148.736s][info][gc,ergo        ] Attempting maximally compacting collection
[3148.736s][info][gc,marking     ] GC(1313) Concurrent Clear Claimed Marks
[3148.736s][info][gc,task        ] GC(1314) Using 8 workers of 8 for full compaction
[3148.736s][info][gc,start       ] GC(1314) Pause Full (G1 Evacuation Pause)
[3148.736s][info][gc,marking     ] GC(1313) Concurrent Clear Claimed Marks 0.056ms
[3148.736s][info][gc,marking     ] GC(1313) Concurrent Scan Root Regions
[3148.736s][info][gc,marking     ] GC(1313) Concurrent Scan Root Regions 0.014ms
[3148.736s][info][gc,marking     ] GC(1313) Concurrent Mark (3148.736s)
[3148.736s][info][gc,marking     ] GC(1313) Concurrent Mark From Roots
[3148.736s][info][gc,task        ] GC(1313) Using 2 workers of 2 for marking
[3148.737s][info][gc,phases,start] GC(1314) Phase 1: Mark live objects
[3149.137s][info][gc,phases      ] GC(1314) Phase 1: Mark live objects 400.017ms
[3149.137s][info][gc,phases,start] GC(1314) Phase 2: Prepare for compaction
[3149.190s][info][gc,phases      ] GC(1314) Phase 2: Prepare for compaction 52.912ms
[3149.190s][info][gc,phases,start] GC(1314) Phase 3: Adjust pointers
[3149.331s][info][gc,phases      ] GC(1314) Phase 3: Adjust pointers 141.606ms
[3149.331s][info][gc,phases,start] GC(1314) Phase 4: Compact heap
[3149.399s][info][gc,phases      ] GC(1314) Phase 4: Compact heap 67.301ms
[3149.404s][info][gc,heap        ] GC(1314) Eden regions: 0->0(25)
[3149.404s][info][gc,heap        ] GC(1314) Survivor regions: 0->0(0)
[3149.404s][info][gc,heap        ] GC(1314) Old regions: 499->489
[3149.404s][info][gc,heap        ] GC(1314) Archive regions: 2->2
[3149.404s][info][gc,heap        ] GC(1314) Humongous regions: 11->11
[3149.404s][info][gc,metaspace   ] GC(1314) Metaspace: 48825K(50128K)->48704K(50128K) NonClass: 42978K(43856K)->42874K(43856K) Class: 5846K(6272K)->5829K(6272K)
[3149.404s][info][gc             ] GC(1314) Pause Full (G1 Evacuation Pause) 508M->498M(512M) 668.074ms
[3149.405s][info][gc,cpu         ] GC(1314) User=2.88s Sys=0.10s Real=0.66s
[3149.405s][info][gc,marking     ] GC(1313) Concurrent Mark From Roots 669.296ms
[3149.405s][info][gc,marking     ] GC(1313) Concurrent Mark Abort
[3149.405s][info][gc             ] GC(1313) Concurrent Cycle 669.511ms
[3195.732s][info][gc,start       ] GC(1315) Pause Young (Normal) (G1 Evacuation Pause)
[3195.732s][info][gc,task        ] GC(1315) Using 8 workers of 8 for evacuation
[3195.734s][info][gc             ] GC(1315) To-space exhausted
[3195.734s][info][gc,phases      ] GC(1315)   Pre Evacuate Collection Set: 0.1ms
[3195.734s][info][gc,phases      ] GC(1315)   Merge Heap Roots: 0.0ms
[3195.734s][info][gc,phases      ] GC(1315)   Evacuate Collection Set: 0.3ms
[3195.734s][info][gc,phases      ] GC(1315)   Post Evacuate Collection Set: 1.2ms
[3195.734s][info][gc,phases      ] GC(1315)   Other: 0.2ms
[3195.734s][info][gc,heap        ] GC(1315) Eden regions: 10->0(25)
[3195.734s][info][gc,heap        ] GC(1315) Survivor regions: 0->0(0)
[3195.734s][info][gc,heap        ] GC(1315) Old regions: 489->495
[3195.734s][info][gc,heap        ] GC(1315) Archive regions: 2->2
[3195.734s][info][gc,heap        ] GC(1315) Humongous regions: 11->11
[3195.734s][info][gc,metaspace   ] GC(1315) Metaspace: 48830K(50128K)->48830K(50128K) NonClass: 42983K(43856K)->42983K(43856K) Class: 5846K(6272K)->5846K(6272K)
[3195.734s][info][gc             ] GC(1315) Pause Young (Normal) (G1 Evacuation Pause) 508M->504M(512M) 1.849ms
[3195.734s][info][gc,cpu         ] GC(1315) User=0.00s Sys=0.00s Real=0.00s
[3215.736s][info][gc,start       ] GC(1316) Pause Young (Concurrent Start) (G1 Evacuation Pause)
[3215.736s][info][gc,task        ] GC(1316) Using 8 workers of 8 for evacuation
[3215.738s][info][gc             ] GC(1316) To-space exhausted
[3215.738s][info][gc,phases      ] GC(1316)   Pre Evacuate Collection Set: 0.2ms
[3215.738s][info][gc,phases      ] GC(1316)   Merge Heap Roots: 0.0ms
[3215.738s][info][gc,phases      ] GC(1316)   Evacuate Collection Set: 0.8ms
[3215.738s][info][gc,phases      ] GC(1316)   Post Evacuate Collection Set: 1.0ms
[3215.738s][info][gc,phases      ] GC(1316)   Other: 0.4ms
[3215.738s][info][gc,heap        ] GC(1316) Eden regions: 4->0(25)
[3215.738s][info][gc,heap        ] GC(1316) Survivor regions: 0->0(0)
[3215.738s][info][gc,heap        ] GC(1316) Old regions: 495->497
[3215.738s][info][gc,heap        ] GC(1316) Archive regions: 2->2
[3215.738s][info][gc,heap        ] GC(1316) Humongous regions: 11->11
[3215.738s][info][gc,metaspace   ] GC(1316) Metaspace: 48831K(50128K)->48831K(50128K) NonClass: 42984K(43856K)->42984K(43856K) Class: 5846K(6272K)->5846K(6272K)
[3215.738s][info][gc             ] GC(1316) Pause Young (Concurrent Start) (G1 Evacuation Pause) 508M->506M(512M) 2.488ms
[3215.738s][info][gc,cpu         ] GC(1316) User=0.01s Sys=0.00s Real=0.00s
[3215.738s][info][gc             ] GC(1317) Concurrent Cycle
[3215.738s][info][gc,marking     ] GC(1317) Concurrent Clear Claimed Marks
[3215.738s][info][gc,marking     ] GC(1317) Concurrent Clear Claimed Marks 0.075ms
[3215.738s][info][gc,marking     ] GC(1317) Concurrent Scan Root Regions
[3215.738s][info][gc,marking     ] GC(1317) Concurrent Scan Root Regions 0.008ms
[3215.738s][info][gc,marking     ] GC(1317) Concurrent Mark (3215.738s)
[3215.738s][info][gc,marking     ] GC(1317) Concurrent Mark From Roots
[3215.738s][info][gc,task        ] GC(1317) Using 2 workers of 2 for marking
[3216.395s][info][gc,marking     ] GC(1317) Concurrent Mark From Roots 656.329ms
[3216.395s][info][gc,marking     ] GC(1317) Concurrent Preclean
[3216.395s][info][gc,marking     ] GC(1317) Concurrent Preclean 0.160ms
[3216.395s][info][gc,marking     ] GC(1317) Concurrent Mark (3215.738s, 3216.395s) 656.601ms
[3216.395s][info][gc,start       ] GC(1317) Pause Remark
[3216.397s][info][gc             ] GC(1317) Pause Remark 506M->504M(512M) 1.780ms
[3216.397s][info][gc,cpu         ] GC(1317) User=0.01s Sys=0.00s Real=0.01s
[3216.397s][info][gc,marking     ] GC(1317) Concurrent Rebuild Remembered Sets
[3216.771s][info][gc,marking     ] GC(1317) Concurrent Rebuild Remembered Sets 374.408ms
[3216.774s][info][gc,start       ] GC(1317) Pause Cleanup
[3216.774s][info][gc             ] GC(1317) Pause Cleanup 505M->505M(512M) 0.459ms
[3216.774s][info][gc,cpu         ] GC(1317) User=0.00s Sys=0.00s Real=0.00s
[3216.774s][info][gc,marking     ] GC(1317) Concurrent Cleanup for Next Mark
[3216.775s][info][gc,marking     ] GC(1317) Concurrent Cleanup for Next Mark 0.909ms
[3216.775s][info][gc             ] GC(1317) Concurrent Cycle 1037.313ms
[3235.734s][info][gc,start       ] GC(1318) Pause Young (Normal) (G1 Evacuation Pause)
[3235.734s][info][gc,task        ] GC(1318) Using 8 workers of 8 for evacuation
[3235.735s][info][gc             ] GC(1318) To-space exhausted
[3235.735s][info][gc,phases      ] GC(1318)   Pre Evacuate Collection Set: 0.1ms
[3235.735s][info][gc,phases      ] GC(1318)   Merge Heap Roots: 0.1ms
[3235.735s][info][gc,phases      ] GC(1318)   Evacuate Collection Set: 0.3ms
[3235.735s][info][gc,phases      ] GC(1318)   Post Evacuate Collection Set: 0.6ms
[3235.735s][info][gc,phases      ] GC(1318)   Other: 0.4ms
[3235.735s][info][gc,heap        ] GC(1318) Eden regions: 4->0(25)
[3235.735s][info][gc,heap        ] GC(1318) Survivor regions: 0->0(0)
[3235.735s][info][gc,heap        ] GC(1318) Old regions: 495->498
[3235.735s][info][gc,heap        ] GC(1318) Archive regions: 2->2
[3235.735s][info][gc,heap        ] GC(1318) Humongous regions: 11->11
[3235.735s][info][gc,metaspace   ] GC(1318) Metaspace: 48831K(50128K)->48831K(50128K) NonClass: 42984K(43856K)->42984K(43856K) Class: 5846K(6272K)->5846K(6272K)
[3235.735s][info][gc             ] GC(1318) Pause Young (Normal) (G1 Evacuation Pause) 508M->507M(512M) 1.658ms
[3235.735s][info][gc,cpu         ] GC(1318) User=0.01s Sys=0.00s Real=0.01s
[3239.743s][info][gc,start       ] GC(1319) Pause Young (Concurrent Start) (G1 Evacuation Pause)
[3239.743s][info][gc,task        ] GC(1319) Using 8 workers of 8 for evacuation
[3239.747s][info][gc             ] GC(1319) To-space exhausted
[3239.747s][info][gc,phases      ] GC(1319)   Pre Evacuate Collection Set: 0.6ms
[3239.747s][info][gc,phases      ] GC(1319)   Merge Heap Roots: 0.1ms
[3239.747s][info][gc,phases      ] GC(1319)   Evacuate Collection Set: 1.4ms
[3239.747s][info][gc,phases      ] GC(1319)   Post Evacuate Collection Set: 1.0ms
[3239.747s][info][gc,phases      ] GC(1319)   Other: 0.6ms
[3239.747s][info][gc,heap        ] GC(1319) Eden regions: 1->0(25)
[3239.747s][info][gc,heap        ] GC(1319) Survivor regions: 0->0(0)
[3239.747s][info][gc,heap        ] GC(1319) Old regions: 498->499
[3239.747s][info][gc,heap        ] GC(1319) Archive regions: 2->2
[3239.747s][info][gc,heap        ] GC(1319) Humongous regions: 11->11
[3239.747s][info][gc,metaspace   ] GC(1319) Metaspace: 48831K(50128K)->48831K(50128K) NonClass: 42984K(43856K)->42984K(43856K) Class: 5846K(6272K)->5846K(6272K)
[3239.747s][info][gc             ] GC(1319) Pause Young (Concurrent Start) (G1 Evacuation Pause) 508M->508M(512M) 3.808ms
[3239.747s][info][gc,cpu         ] GC(1319) User=0.00s Sys=0.00s Real=0.01s
[3239.747s][info][gc,ergo        ] Attempting maximally compacting collection
[3239.747s][info][gc             ] GC(1320) Concurrent Cycle
[3239.747s][info][gc,task        ] GC(1321) Using 8 workers of 8 for full compaction
[3239.747s][info][gc,marking     ] GC(1320) Concurrent Clear Claimed Marks
[3239.747s][info][gc,start       ] GC(1321) Pause Full (G1 Evacuation Pause)
[3239.747s][info][gc,marking     ] GC(1320) Concurrent Clear Claimed Marks 0.089ms
[3239.747s][info][gc,marking     ] GC(1320) Concurrent Scan Root Regions
[3239.747s][info][gc,marking     ] GC(1320) Concurrent Scan Root Regions 0.013ms
[3239.747s][info][gc,marking     ] GC(1320) Concurrent Mark (3239.747s)
[3239.747s][info][gc,marking     ] GC(1320) Concurrent Mark From Roots
[3239.747s][info][gc,task        ] GC(1320) Using 2 workers of 2 for marking
[3239.748s][info][gc,phases,start] GC(1321) Phase 1: Mark live objects
[3240.134s][info][gc,phases      ] GC(1321) Phase 1: Mark live objects 385.732ms
[3240.134s][info][gc,phases,start] GC(1321) Phase 2: Prepare for compaction
[3240.202s][info][gc,phases      ] GC(1321) Phase 2: Prepare for compaction 68.562ms
[3240.202s][info][gc,phases,start] GC(1321) Phase 3: Adjust pointers
[3240.340s][info][gc,phases      ] GC(1321) Phase 3: Adjust pointers 137.258ms
[3240.340s][info][gc,phases,start] GC(1321) Phase 4: Compact heap
[3240.408s][info][gc,phases      ] GC(1321) Phase 4: Compact heap 67.900ms
[3240.415s][info][gc,heap        ] GC(1321) Eden regions: 0->0(25)
[3240.415s][info][gc,heap        ] GC(1321) Survivor regions: 0->0(0)
[3240.415s][info][gc,heap        ] GC(1321) Old regions: 499->488
[3240.415s][info][gc,heap        ] GC(1321) Archive regions: 2->2
[3240.415s][info][gc,heap        ] GC(1321) Humongous regions: 11->11
[3240.415s][info][gc,metaspace   ] GC(1321) Metaspace: 48831K(50128K)->48700K(50128K) NonClass: 42984K(43856K)->42872K(43856K) Class: 5846K(6272K)->5828K(6272K)
[3240.415s][info][gc             ] GC(1321) Pause Full (G1 Evacuation Pause) 508M->498M(512M) 667.934ms
[3240.417s][info][gc,cpu         ] GC(1321) User=2.89s Sys=0.10s Real=0.67s
[3240.417s][info][gc,marking     ] GC(1320) Concurrent Mark From Roots 669.528ms
[3240.417s][info][gc,marking     ] GC(1320) Concurrent Mark Abort
[3240.417s][info][gc             ] GC(1320) Concurrent Cycle 669.754ms
[3291.732s][info][gc,start       ] GC(1322) Pause Young (Normal) (G1 Evacuation Pause)
[3291.733s][info][gc,task        ] GC(1322) Using 8 workers of 8 for evacuation
[3291.735s][info][gc             ] GC(1322) To-space exhausted
[3291.736s][info][gc,phases      ] GC(1322)   Pre Evacuate Collection Set: 0.1ms
[3291.736s][info][gc,phases      ] GC(1322)   Merge Heap Roots: 0.0ms
[3291.736s][info][gc,phases      ] GC(1322)   Evacuate Collection Set: 0.3ms
[3291.736s][info][gc,phases      ] GC(1322)   Post Evacuate Collection Set: 1.6ms
[3291.736s][info][gc,phases      ] GC(1322)   Other: 1.4ms
[3291.736s][info][gc,heap        ] GC(1322) Eden regions: 11->0(25)
[3291.736s][info][gc,heap        ] GC(1322) Survivor regions: 0->0(0)
[3291.736s][info][gc,heap        ] GC(1322) Old regions: 488->494
[3291.736s][info][gc,heap        ] GC(1322) Archive regions: 2->2
[3291.736s][info][gc,heap        ] GC(1322) Humongous regions: 11->11
[3291.736s][info][gc,metaspace   ] GC(1322) Metaspace: 48830K(50128K)->48830K(50128K) NonClass: 42983K(43856K)->42983K(43856K) Class: 5846K(6272K)->5846K(6272K)
[3291.736s][info][gc             ] GC(1322) Pause Young (Normal) (G1 Evacuation Pause) 509M->504M(512M) 3.536ms
[3291.736s][info][gc,cpu         ] GC(1322) User=0.01s Sys=0.00s Real=0.01s
[3316.735s][info][gc,start       ] GC(1323) Pause Young (Concurrent Start) (G1 Evacuation Pause)
[3316.735s][info][gc,task        ] GC(1323) Using 8 workers of 8 for evacuation
[3316.736s][info][gc             ] GC(1323) To-space exhausted
[3316.736s][info][gc,phases      ] GC(1323)   Pre Evacuate Collection Set: 0.1ms
[3316.736s][info][gc,phases      ] GC(1323)   Merge Heap Roots: 0.0ms
[3316.736s][info][gc,phases      ] GC(1323)   Evacuate Collection Set: 0.5ms
[3316.736s][info][gc,phases      ] GC(1323)   Post Evacuate Collection Set: 0.6ms
[3316.736s][info][gc,phases      ] GC(1323)   Other: 0.2ms
[3316.736s][info][gc,heap        ] GC(1323) Eden regions: 5->0(25)
[3316.736s][info][gc,heap        ] GC(1323) Survivor regions: 0->0(0)
[3316.736s][info][gc,heap        ] GC(1323) Old regions: 494->497
[3316.736s][info][gc,heap        ] GC(1323) Archive regions: 2->2
[3316.736s][info][gc,heap        ] GC(1323) Humongous regions: 11->11
[3316.736s][info][gc,metaspace   ] GC(1323) Metaspace: 48831K(50128K)->48831K(50128K) NonClass: 42984K(43856K)->42984K(43856K) Class: 5846K(6272K)->5846K(6272K)
[3316.736s][info][gc             ] GC(1323) Pause Young (Concurrent Start) (G1 Evacuation Pause) 509M->507M(512M) 1.482ms
[3316.736s][info][gc,cpu         ] GC(1323) User=0.00s Sys=0.00s Real=0.01s
[3316.736s][info][gc             ] GC(1324) Concurrent Cycle
[3316.736s][info][gc,marking     ] GC(1324) Concurrent Clear Claimed Marks
[3316.736s][info][gc,marking     ] GC(1324) Concurrent Clear Claimed Marks 0.042ms
[3316.736s][info][gc,marking     ] GC(1324) Concurrent Scan Root Regions
[3316.736s][info][gc,marking     ] GC(1324) Concurrent Scan Root Regions 0.010ms
[3316.736s][info][gc,marking     ] GC(1324) Concurrent Mark (3316.736s)
[3316.736s][info][gc,marking     ] GC(1324) Concurrent Mark From Roots
[3316.736s][info][gc,task        ] GC(1324) Using 2 workers of 2 for marking
[3317.382s][info][gc,marking     ] GC(1324) Concurrent Mark From Roots 645.228ms
[3317.382s][info][gc,marking     ] GC(1324) Concurrent Preclean
[3317.382s][info][gc,marking     ] GC(1324) Concurrent Preclean 0.098ms
[3317.382s][info][gc,marking     ] GC(1324) Concurrent Mark (3316.736s, 3317.382s) 645.425ms
[3317.382s][info][gc,start       ] GC(1324) Pause Remark
[3317.384s][info][gc             ] GC(1324) Pause Remark 507M->505M(512M) 1.972ms
[3317.384s][info][gc,cpu         ] GC(1324) User=0.00s Sys=0.00s Real=0.00s
[3317.384s][info][gc,marking     ] GC(1324) Concurrent Rebuild Remembered Sets
[3317.718s][info][gc,marking     ] GC(1324) Concurrent Rebuild Remembered Sets 333.919ms
[3317.719s][info][gc,start       ] GC(1324) Pause Cleanup
[3317.720s][info][gc             ] GC(1324) Pause Cleanup 505M->505M(512M) 0.368ms
[3317.720s][info][gc,cpu         ] GC(1324) User=0.00s Sys=0.00s Real=0.00s
[3317.720s][info][gc,marking     ] GC(1324) Concurrent Cleanup for Next Mark
[3317.721s][info][gc,marking     ] GC(1324) Concurrent Cleanup for Next Mark 0.916ms
[3317.721s][info][gc             ] GC(1324) Concurrent Cycle 984.325ms
[3335.737s][info][gc,start       ] GC(1325) Pause Young (Normal) (G1 Evacuation Pause)
[3335.737s][info][gc,task        ] GC(1325) Using 8 workers of 8 for evacuation
[3335.738s][info][gc             ] GC(1325) To-space exhausted
[3335.738s][info][gc,phases      ] GC(1325)   Pre Evacuate Collection Set: 0.0ms
[3335.738s][info][gc,phases      ] GC(1325)   Merge Heap Roots: 0.0ms
[3335.738s][info][gc,phases      ] GC(1325)   Evacuate Collection Set: 0.3ms
[3335.738s][info][gc,phases      ] GC(1325)   Post Evacuate Collection Set: 0.5ms
[3335.738s][info][gc,phases      ] GC(1325)   Other: 0.1ms
[3335.738s][info][gc,heap        ] GC(1325) Eden regions: 4->0(25)
[3335.738s][info][gc,heap        ] GC(1325) Survivor regions: 0->0(0)
[3335.738s][info][gc,heap        ] GC(1325) Old regions: 495->497
[3335.738s][info][gc,heap        ] GC(1325) Archive regions: 2->2
[3335.738s][info][gc,heap        ] GC(1325) Humongous regions: 11->11
[3335.738s][info][gc,metaspace   ] GC(1325) Metaspace: 48842K(50128K)->48842K(50128K) NonClass: 42994K(43856K)->42994K(43856K) Class: 5848K(6272K)->5848K(6272K)
[3335.738s][info][gc             ] GC(1325) Pause Young (Normal) (G1 Evacuation Pause) 509M->507M(512M) 1.060ms
[3335.738s][info][gc,cpu         ] GC(1325) User=0.00s Sys=0.00s Real=0.00s
[3345.738s][info][gc,start       ] GC(1326) Pause Young (Concurrent Start) (G1 Evacuation Pause)
[3345.738s][info][gc,task        ] GC(1326) Using 8 workers of 8 for evacuation
[3345.739s][info][gc             ] GC(1326) To-space exhausted
[3345.739s][info][gc,phases      ] GC(1326)   Pre Evacuate Collection Set: 0.1ms
[3345.739s][info][gc,phases      ] GC(1326)   Merge Heap Roots: 0.0ms
[3345.739s][info][gc,phases      ] GC(1326)   Evacuate Collection Set: 0.6ms
[3345.739s][info][gc,phases      ] GC(1326)   Post Evacuate Collection Set: 0.5ms
[3345.739s][info][gc,phases      ] GC(1326)   Other: 0.2ms
[3345.739s][info][gc,heap        ] GC(1326) Eden regions: 2->0(25)
[3345.739s][info][gc,heap        ] GC(1326) Survivor regions: 0->0(0)
[3345.739s][info][gc,heap        ] GC(1326) Old regions: 497->499
[3345.739s][info][gc,heap        ] GC(1326) Archive regions: 2->2
[3345.739s][info][gc,heap        ] GC(1326) Humongous regions: 11->11
[3345.739s][info][gc,metaspace   ] GC(1326) Metaspace: 48842K(50128K)->48842K(50128K) NonClass: 42994K(43856K)->42994K(43856K) Class: 5848K(6272K)->5848K(6272K)
[3345.739s][info][gc             ] GC(1326) Pause Young (Concurrent Start) (G1 Evacuation Pause) 509M->509M(512M) 1.468ms
[3345.739s][info][gc,cpu         ] GC(1326) User=0.00s Sys=0.00s Real=0.00s
[3345.739s][info][gc,ergo        ] Attempting maximally compacting collection
[3345.739s][info][gc             ] GC(1327) Concurrent Cycle
[3345.739s][info][gc,task        ] GC(1328) Using 8 workers of 8 for full compaction
[3345.739s][info][gc,marking     ] GC(1327) Concurrent Clear Claimed Marks
[3345.739s][info][gc,start       ] GC(1328) Pause Full (G1 Evacuation Pause)
[3345.739s][info][gc,marking     ] GC(1327) Concurrent Clear Claimed Marks 0.037ms
[3345.739s][info][gc,marking     ] GC(1327) Concurrent Scan Root Regions
[3345.739s][info][gc,marking     ] GC(1327) Concurrent Scan Root Regions 0.021ms
[3345.739s][info][gc,marking     ] GC(1327) Concurrent Mark (3345.739s)
[3345.739s][info][gc,marking     ] GC(1327) Concurrent Mark From Roots
[3345.739s][info][gc,task        ] GC(1327) Using 2 workers of 2 for marking
[3345.740s][info][gc,phases,start] GC(1328) Phase 1: Mark live objects
[3346.078s][info][gc,phases      ] GC(1328) Phase 1: Mark live objects 338.219ms
[3346.078s][info][gc,phases,start] GC(1328) Phase 2: Prepare for compaction
[3346.129s][info][gc,phases      ] GC(1328) Phase 2: Prepare for compaction 51.284ms
[3346.129s][info][gc,phases,start] GC(1328) Phase 3: Adjust pointers
[3346.253s][info][gc,phases      ] GC(1328) Phase 3: Adjust pointers 123.379ms
[3346.253s][info][gc,phases,start] GC(1328) Phase 4: Compact heap
[3346.309s][info][gc,phases      ] GC(1328) Phase 4: Compact heap 56.308ms
[3346.314s][info][gc,heap        ] GC(1328) Eden regions: 0->0(25)
[3346.314s][info][gc,heap        ] GC(1328) Survivor regions: 0->0(0)
[3346.314s][info][gc,heap        ] GC(1328) Old regions: 499->488
[3346.314s][info][gc,heap        ] GC(1328) Archive regions: 2->2
[3346.314s][info][gc,heap        ] GC(1328) Humongous regions: 11->11
[3346.314s][info][gc,metaspace   ] GC(1328) Metaspace: 48842K(50128K)->48700K(50128K) NonClass: 42994K(43856K)->42872K(43856K) Class: 5848K(6272K)->5828K(6272K)
[3346.314s][info][gc             ] GC(1328) Pause Full (G1 Evacuation Pause) 509M->498M(512M) 575.213ms
[3346.316s][info][gc,cpu         ] GC(1328) User=2.73s Sys=0.10s Real=0.58s
[3346.316s][info][gc,marking     ] GC(1327) Concurrent Mark From Roots 576.721ms
[3346.316s][info][gc,marking     ] GC(1327) Concurrent Mark Abort
[3346.316s][info][gc             ] GC(1327) Concurrent Cycle 576.911ms
[3396.733s][info][gc,start       ] GC(1329) Pause Young (Normal) (G1 Evacuation Pause)
[3396.734s][info][gc,task        ] GC(1329) Using 8 workers of 8 for evacuation
[3396.735s][info][gc             ] GC(1329) To-space exhausted
[3396.735s][info][gc,phases      ] GC(1329)   Pre Evacuate Collection Set: 0.1ms
[3396.735s][info][gc,phases      ] GC(1329)   Merge Heap Roots: 0.0ms
[3396.735s][info][gc,phases      ] GC(1329)   Evacuate Collection Set: 0.2ms
[3396.735s][info][gc,phases      ] GC(1329)   Post Evacuate Collection Set: 1.1ms
[3396.735s][info][gc,phases      ] GC(1329)   Other: 0.2ms
[3396.735s][info][gc,heap        ] GC(1329) Eden regions: 11->0(25)
[3396.735s][info][gc,heap        ] GC(1329) Survivor regions: 0->0(0)
[3396.735s][info][gc,heap        ] GC(1329) Old regions: 488->494
[3396.735s][info][gc,heap        ] GC(1329) Archive regions: 2->2
[3396.735s][info][gc,heap        ] GC(1329) Humongous regions: 11->11
[3396.735s][info][gc,metaspace   ] GC(1329) Metaspace: 48830K(50128K)->48830K(50128K) NonClass: 42983K(43856K)->42983K(43856K) Class: 5846K(6272K)->5846K(6272K)
[3396.735s][info][gc             ] GC(1329) Pause Young (Normal) (G1 Evacuation Pause) 509M->504M(512M) 1.734ms
[3396.735s][info][gc,cpu         ] GC(1329) User=0.00s Sys=0.00s Real=0.01s
[3421.734s][info][gc,start       ] GC(1330) Pause Young (Concurrent Start) (G1 Evacuation Pause)
[3421.734s][info][gc,task        ] GC(1330) Using 8 workers of 8 for evacuation
[3421.736s][info][gc             ] GC(1330) To-space exhausted
[3421.736s][info][gc,phases      ] GC(1330)   Pre Evacuate Collection Set: 0.1ms
[3421.736s][info][gc,phases      ] GC(1330)   Merge Heap Roots: 0.0ms
[3421.736s][info][gc,phases      ] GC(1330)   Evacuate Collection Set: 0.6ms
[3421.736s][info][gc,phases      ] GC(1330)   Post Evacuate Collection Set: 0.8ms
[3421.736s][info][gc,phases      ] GC(1330)   Other: 0.2ms
[3421.736s][info][gc,heap        ] GC(1330) Eden regions: 5->0(25)
[3421.736s][info][gc,heap        ] GC(1330) Survivor regions: 0->0(0)
[3421.736s][info][gc,heap        ] GC(1330) Old regions: 494->497
[3421.736s][info][gc,heap        ] GC(1330) Archive regions: 2->2
[3421.736s][info][gc,heap        ] GC(1330) Humongous regions: 11->11
[3421.736s][info][gc,metaspace   ] GC(1330) Metaspace: 48831K(50128K)->48831K(50128K) NonClass: 42984K(43856K)->42984K(43856K) Class: 5846K(6272K)->5846K(6272K)
[3421.736s][info][gc             ] GC(1330) Pause Young (Concurrent Start) (G1 Evacuation Pause) 509M->507M(512M) 1.924ms
[3421.736s][info][gc,cpu         ] GC(1330) User=0.00s Sys=0.00s Real=0.01s
[3421.736s][info][gc             ] GC(1331) Concurrent Cycle
[3421.736s][info][gc,marking     ] GC(1331) Concurrent Clear Claimed Marks
[3421.736s][info][gc,marking     ] GC(1331) Concurrent Clear Claimed Marks 0.040ms
[3421.736s][info][gc,marking     ] GC(1331) Concurrent Scan Root Regions
[3421.736s][info][gc,marking     ] GC(1331) Concurrent Scan Root Regions 0.007ms
[3421.736s][info][gc,marking     ] GC(1331) Concurrent Mark (3421.736s)
[3421.736s][info][gc,marking     ] GC(1331) Concurrent Mark From Roots
[3421.736s][info][gc,task        ] GC(1331) Using 2 workers of 2 for marking
[3422.525s][info][gc,marking     ] GC(1331) Concurrent Mark From Roots 788.260ms
[3422.525s][info][gc,marking     ] GC(1331) Concurrent Preclean
[3422.525s][info][gc,marking     ] GC(1331) Concurrent Preclean 0.173ms
[3422.525s][info][gc,marking     ] GC(1331) Concurrent Mark (3421.736s, 3422.525s) 788.558ms
[3422.525s][info][gc,start       ] GC(1331) Pause Remark
[3422.529s][info][gc             ] GC(1331) Pause Remark 507M->504M(512M) 3.998ms
[3422.529s][info][gc,cpu         ] GC(1331) User=0.02s Sys=0.00s Real=0.01s
[3422.529s][info][gc,marking     ] GC(1331) Concurrent Rebuild Remembered Sets
[3422.899s][info][gc,marking     ] GC(1331) Concurrent Rebuild Remembered Sets 370.351ms
[3422.902s][info][gc,start       ] GC(1331) Pause Cleanup
[3422.903s][info][gc             ] GC(1331) Pause Cleanup 505M->505M(512M) 0.716ms
[3422.903s][info][gc,cpu         ] GC(1331) User=0.00s Sys=0.00s Real=0.00s
[3422.903s][info][gc,marking     ] GC(1331) Concurrent Cleanup for Next Mark
[3422.904s][info][gc,marking     ] GC(1331) Concurrent Cleanup for Next Mark 1.365ms
[3422.904s][info][gc             ] GC(1331) Concurrent Cycle 1167.910ms
[3446.736s][info][gc,start       ] GC(1332) Pause Young (Normal) (G1 Evacuation Pause)
[3446.736s][info][gc,task        ] GC(1332) Using 8 workers of 8 for evacuation
[3446.737s][info][gc             ] GC(1332) To-space exhausted
[3446.737s][info][gc,phases      ] GC(1332)   Pre Evacuate Collection Set: 0.1ms
[3446.737s][info][gc,phases      ] GC(1332)   Merge Heap Roots: 0.0ms
[3446.737s][info][gc,phases      ] GC(1332)   Evacuate Collection Set: 0.3ms
[3446.737s][info][gc,phases      ] GC(1332)   Post Evacuate Collection Set: 0.5ms
[3446.737s][info][gc,phases      ] GC(1332)   Other: 0.1ms
[3446.737s][info][gc,heap        ] GC(1332) Eden regions: 5->0(25)
[3446.737s][info][gc,heap        ] GC(1332) Survivor regions: 0->0(0)
[3446.737s][info][gc,heap        ] GC(1332) Old regions: 494->498
[3446.737s][info][gc,heap        ] GC(1332) Archive regions: 2->2
[3446.737s][info][gc,heap        ] GC(1332) Humongous regions: 11->11
[3446.737s][info][gc,metaspace   ] GC(1332) Metaspace: 48831K(50128K)->48831K(50128K) NonClass: 42984K(43856K)->42984K(43856K) Class: 5846K(6272K)->5846K(6272K)
[3446.737s][info][gc             ] GC(1332) Pause Young (Normal) (G1 Evacuation Pause) 509M->508M(512M) 1.109ms
[3446.737s][info][gc,cpu         ] GC(1332) User=0.01s Sys=0.00s Real=0.00s
[3451.733s][info][gc,start       ] GC(1333) Pause Young (Concurrent Start) (G1 Evacuation Pause)
[3451.733s][info][gc,task        ] GC(1333) Using 8 workers of 8 for evacuation
[3451.736s][info][gc             ] GC(1333) To-space exhausted
[3451.736s][info][gc,phases      ] GC(1333)   Pre Evacuate Collection Set: 0.2ms
[3451.736s][info][gc,phases      ] GC(1333)   Merge Heap Roots: 0.0ms
[3451.736s][info][gc,phases      ] GC(1333)   Evacuate Collection Set: 1.9ms
[3451.736s][info][gc,phases      ] GC(1333)   Post Evacuate Collection Set: 0.8ms
[3451.736s][info][gc,phases      ] GC(1333)   Other: 0.3ms
[3451.736s][info][gc,heap        ] GC(1333) Eden regions: 1->0(25)
[3451.736s][info][gc,heap        ] GC(1333) Survivor regions: 0->0(0)
[3451.736s][info][gc,heap        ] GC(1333) Old regions: 498->499
[3451.736s][info][gc,heap        ] GC(1333) Archive regions: 2->2
[3451.736s][info][gc,heap        ] GC(1333) Humongous regions: 11->11
[3451.736s][info][gc,metaspace   ] GC(1333) Metaspace: 48831K(50128K)->48831K(50128K) NonClass: 42984K(43856K)->42984K(43856K) Class: 5846K(6272K)->5846K(6272K)
[3451.736s][info][gc             ] GC(1333) Pause Young (Concurrent Start) (G1 Evacuation Pause) 509M->509M(512M) 3.233ms
[3451.736s][info][gc,cpu         ] GC(1333) User=0.00s Sys=0.00s Real=0.01s
[3451.736s][info][gc,ergo        ] Attempting maximally compacting collection
[3451.736s][info][gc             ] GC(1334) Concurrent Cycle
[3451.736s][info][gc,task        ] GC(1335) Using 8 workers of 8 for full compaction
[3451.736s][info][gc,marking     ] GC(1334) Concurrent Clear Claimed Marks
[3451.736s][info][gc,start       ] GC(1335) Pause Full (G1 Evacuation Pause)
[3451.736s][info][gc,marking     ] GC(1334) Concurrent Clear Claimed Marks 0.187ms
[3451.736s][info][gc,marking     ] GC(1334) Concurrent Scan Root Regions
[3451.736s][info][gc,marking     ] GC(1334) Concurrent Scan Root Regions 0.010ms
[3451.736s][info][gc,marking     ] GC(1334) Concurrent Mark (3451.736s)
[3451.736s][info][gc,marking     ] GC(1334) Concurrent Mark From Roots
[3451.736s][info][gc,task        ] GC(1334) Using 2 workers of 2 for marking
[3451.737s][info][gc,phases,start] GC(1335) Phase 1: Mark live objects
[3452.215s][info][gc,phases      ] GC(1335) Phase 1: Mark live objects 477.920ms
[3452.215s][info][gc,phases,start] GC(1335) Phase 2: Prepare for compaction
[3452.269s][info][gc,phases      ] GC(1335) Phase 2: Prepare for compaction 53.381ms
[3452.269s][info][gc,phases,start] GC(1335) Phase 3: Adjust pointers
[3452.412s][info][gc,phases      ] GC(1335) Phase 3: Adjust pointers 142.761ms
[3452.412s][info][gc,phases,start] GC(1335) Phase 4: Compact heap
[3452.471s][info][gc,phases      ] GC(1335) Phase 4: Compact heap 59.146ms
[3452.478s][info][gc,heap        ] GC(1335) Eden regions: 0->0(25)
[3452.478s][info][gc,heap        ] GC(1335) Survivor regions: 0->0(0)
[3452.478s][info][gc,heap        ] GC(1335) Old regions: 499->489
[3452.478s][info][gc,heap        ] GC(1335) Archive regions: 2->2
[3452.478s][info][gc,heap        ] GC(1335) Humongous regions: 11->11
[3452.478s][info][gc,metaspace   ] GC(1335) Metaspace: 48831K(50128K)->48783K(50128K) NonClass: 42984K(43856K)->42943K(43856K) Class: 5846K(6272K)->5839K(6272K)
[3452.478s][info][gc             ] GC(1335) Pause Full (G1 Evacuation Pause) 509M->498M(512M) 741.755ms
[3452.479s][info][gc,cpu         ] GC(1335) User=2.82s Sys=0.10s Real=0.74s
[3452.479s][info][gc,marking     ] GC(1334) Concurrent Mark From Roots 742.671ms
[3452.479s][info][gc,marking     ] GC(1334) Concurrent Mark Abort
[3452.479s][info][gc             ] GC(1334) Concurrent Cycle 742.985ms
[3500.738s][info][gc,start       ] GC(1336) Pause Young (Normal) (G1 Evacuation Pause)
[3500.738s][info][gc,task        ] GC(1336) Using 8 workers of 8 for evacuation
[3500.740s][info][gc             ] GC(1336) To-space exhausted
[3500.740s][info][gc,phases      ] GC(1336)   Pre Evacuate Collection Set: 0.1ms
[3500.740s][info][gc,phases      ] GC(1336)   Merge Heap Roots: 0.0ms
[3500.740s][info][gc,phases      ] GC(1336)   Evacuate Collection Set: 0.2ms
[3500.740s][info][gc,phases      ] GC(1336)   Post Evacuate Collection Set: 1.0ms
[3500.740s][info][gc,phases      ] GC(1336)   Other: 0.2ms
[3500.740s][info][gc,heap        ] GC(1336) Eden regions: 10->0(25)
[3500.740s][info][gc,heap        ] GC(1336) Survivor regions: 0->0(0)
[3500.740s][info][gc,heap        ] GC(1336) Old regions: 489->494
[3500.740s][info][gc,heap        ] GC(1336) Archive regions: 2->2
[3500.740s][info][gc,heap        ] GC(1336) Humongous regions: 11->11
[3500.740s][info][gc,metaspace   ] GC(1336) Metaspace: 48831K(50128K)->48831K(50128K) NonClass: 42984K(43856K)->42984K(43856K) Class: 5846K(6272K)->5846K(6272K)
[3500.740s][info][gc             ] GC(1336) Pause Young (Normal) (G1 Evacuation Pause) 508M->503M(512M) 1.647ms
[3500.740s][info][gc,cpu         ] GC(1336) User=0.00s Sys=0.00s Real=0.00s
[3525.737s][info][gc,start       ] GC(1337) Pause Young (Concurrent Start) (G1 Evacuation Pause)
[3525.737s][info][gc,task        ] GC(1337) Using 8 workers of 8 for evacuation
[3525.740s][info][gc             ] GC(1337) To-space exhausted
[3525.741s][info][gc,phases      ] GC(1337)   Pre Evacuate Collection Set: 0.2ms
[3525.741s][info][gc,phases      ] GC(1337)   Merge Heap Roots: 0.1ms
[3525.741s][info][gc,phases      ] GC(1337)   Evacuate Collection Set: 1.6ms
[3525.741s][info][gc,phases      ] GC(1337)   Post Evacuate Collection Set: 1.7ms
[3525.741s][info][gc,phases      ] GC(1337)   Other: 0.4ms
[3525.741s][info][gc,heap        ] GC(1337) Eden regions: 5->0(25)
[3525.741s][info][gc,heap        ] GC(1337) Survivor regions: 0->0(0)
[3525.741s][info][gc,heap        ] GC(1337) Old regions: 494->497
[3525.741s][info][gc,heap        ] GC(1337) Archive regions: 2->2
[3525.741s][info][gc,heap        ] GC(1337) Humongous regions: 11->11
[3525.741s][info][gc,metaspace   ] GC(1337) Metaspace: 48831K(50128K)->48831K(50128K) NonClass: 42984K(43856K)->42984K(43856K) Class: 5846K(6272K)->5846K(6272K)
[3525.741s][info][gc             ] GC(1337) Pause Young (Concurrent Start) (G1 Evacuation Pause) 508M->506M(512M) 4.039ms
[3525.741s][info][gc,cpu         ] GC(1337) User=0.00s Sys=0.00s Real=0.00s
[3525.741s][info][gc             ] GC(1338) Concurrent Cycle
[3525.741s][info][gc,marking     ] GC(1338) Concurrent Clear Claimed Marks
[3525.741s][info][gc,marking     ] GC(1338) Concurrent Clear Claimed Marks 0.104ms
[3525.741s][info][gc,marking     ] GC(1338) Concurrent Scan Root Regions
[3525.741s][info][gc,marking     ] GC(1338) Concurrent Scan Root Regions 0.007ms
[3525.741s][info][gc,marking     ] GC(1338) Concurrent Mark (3525.741s)
[3525.741s][info][gc,marking     ] GC(1338) Concurrent Mark From Roots
[3525.741s][info][gc,task        ] GC(1338) Using 2 workers of 2 for marking
[3526.382s][info][gc,marking     ] GC(1338) Concurrent Mark From Roots 640.675ms
[3526.382s][info][gc,marking     ] GC(1338) Concurrent Preclean
[3526.382s][info][gc,marking     ] GC(1338) Concurrent Preclean 0.087ms
[3526.382s][info][gc,marking     ] GC(1338) Concurrent Mark (3525.741s, 3526.382s) 640.854ms
[3526.382s][info][gc,start       ] GC(1338) Pause Remark
[3526.386s][info][gc             ] GC(1338) Pause Remark 506M->503M(512M) 4.644ms
[3526.387s][info][gc,cpu         ] GC(1338) User=0.02s Sys=0.01s Real=0.01s
[3526.388s][info][gc,marking     ] GC(1338) Concurrent Rebuild Remembered Sets
[3526.757s][info][gc,marking     ] GC(1338) Concurrent Rebuild Remembered Sets 368.289ms
[3526.759s][info][gc,start       ] GC(1338) Pause Cleanup
[3526.760s][info][gc             ] GC(1338) Pause Cleanup 504M->504M(512M) 0.515ms
[3526.760s][info][gc,cpu         ] GC(1338) User=0.00s Sys=0.00s Real=0.00s
[3526.760s][info][gc,marking     ] GC(1338) Concurrent Cleanup for Next Mark
[3526.761s][info][gc,marking     ] GC(1338) Concurrent Cleanup for Next Mark 0.966ms
[3526.761s][info][gc             ] GC(1338) Concurrent Cycle 1019.959ms
[3550.737s][info][gc,start       ] GC(1339) Pause Young (Normal) (G1 Evacuation Pause)
[3550.737s][info][gc,task        ] GC(1339) Using 8 workers of 8 for evacuation
[3550.740s][info][gc             ] GC(1339) To-space exhausted
[3550.740s][info][gc,phases      ] GC(1339)   Pre Evacuate Collection Set: 0.1ms
[3550.740s][info][gc,phases      ] GC(1339)   Merge Heap Roots: 0.0ms
[3550.740s][info][gc,phases      ] GC(1339)   Evacuate Collection Set: 0.4ms
[3550.740s][info][gc,phases      ] GC(1339)   Post Evacuate Collection Set: 1.7ms
[3550.740s][info][gc,phases      ] GC(1339)   Other: 0.3ms
[3550.740s][info][gc,heap        ] GC(1339) Eden regions: 5->0(25)
[3550.740s][info][gc,heap        ] GC(1339) Survivor regions: 0->0(0)
[3550.740s][info][gc,heap        ] GC(1339) Old regions: 494->498
[3550.740s][info][gc,heap        ] GC(1339) Archive regions: 2->2
[3550.740s][info][gc,heap        ] GC(1339) Humongous regions: 11->11
[3550.740s][info][gc,metaspace   ] GC(1339) Metaspace: 48831K(50128K)->48831K(50128K) NonClass: 42984K(43856K)->42984K(43856K) Class: 5846K(6272K)->5846K(6272K)
[3550.740s][info][gc             ] GC(1339) Pause Young (Normal) (G1 Evacuation Pause) 508M->507M(512M) 2.598ms
[3550.740s][info][gc,cpu         ] GC(1339) User=0.01s Sys=0.01s Real=0.00s
[3555.734s][info][gc,start       ] GC(1340) Pause Young (Concurrent Start) (G1 Evacuation Pause)
[3555.734s][info][gc,task        ] GC(1340) Using 8 workers of 8 for evacuation
[3555.738s][info][gc             ] GC(1340) To-space exhausted
[3555.738s][info][gc,phases      ] GC(1340)   Pre Evacuate Collection Set: 0.2ms
[3555.738s][info][gc,phases      ] GC(1340)   Merge Heap Roots: 0.0ms
[3555.738s][info][gc,phases      ] GC(1340)   Evacuate Collection Set: 0.9ms
[3555.738s][info][gc,phases      ] GC(1340)   Post Evacuate Collection Set: 2.1ms
[3555.738s][info][gc,phases      ] GC(1340)   Other: 0.5ms
[3555.738s][info][gc,heap        ] GC(1340) Eden regions: 1->0(25)
[3555.738s][info][gc,heap        ] GC(1340) Survivor regions: 0->0(0)
[3555.738s][info][gc,heap        ] GC(1340) Old regions: 498->499
[3555.738s][info][gc,heap        ] GC(1340) Archive regions: 2->2
[3555.738s][info][gc,heap        ] GC(1340) Humongous regions: 11->11
[3555.738s][info][gc,metaspace   ] GC(1340) Metaspace: 48831K(50128K)->48831K(50128K) NonClass: 42984K(43856K)->42984K(43856K) Class: 5846K(6272K)->5846K(6272K)
[3555.738s][info][gc             ] GC(1340) Pause Young (Concurrent Start) (G1 Evacuation Pause) 508M->508M(512M) 3.896ms
[3555.738s][info][gc,cpu         ] GC(1340) User=0.00s Sys=0.00s Real=0.01s
[3555.738s][info][gc,ergo        ] Attempting maximally compacting collection
[3555.738s][info][gc             ] GC(1341) Concurrent Cycle
[3555.738s][info][gc,task        ] GC(1342) Using 8 workers of 8 for full compaction
[3555.738s][info][gc,marking     ] GC(1341) Concurrent Clear Claimed Marks
[3555.738s][info][gc,start       ] GC(1342) Pause Full (G1 Evacuation Pause)
[3555.738s][info][gc,marking     ] GC(1341) Concurrent Clear Claimed Marks 0.100ms
[3555.738s][info][gc,marking     ] GC(1341) Concurrent Scan Root Regions
[3555.738s][info][gc,marking     ] GC(1341) Concurrent Scan Root Regions 0.010ms
[3555.738s][info][gc,marking     ] GC(1341) Concurrent Mark (3555.738s)
[3555.738s][info][gc,marking     ] GC(1341) Concurrent Mark From Roots
[3555.738s][info][gc,task        ] GC(1341) Using 2 workers of 2 for marking
[3555.739s][info][gc,phases,start] GC(1342) Phase 1: Mark live objects
[3556.113s][info][gc,phases      ] GC(1342) Phase 1: Mark live objects 373.661ms
[3556.113s][info][gc,phases,start] GC(1342) Phase 2: Prepare for compaction
[3556.182s][info][gc,phases      ] GC(1342) Phase 2: Prepare for compaction 69.427ms
[3556.183s][info][gc,phases,start] GC(1342) Phase 3: Adjust pointers
[3556.318s][info][gc,phases      ] GC(1342) Phase 3: Adjust pointers 135.461ms
[3556.318s][info][gc,phases,start] GC(1342) Phase 4: Compact heap
[3556.389s][info][gc,phases      ] GC(1342) Phase 4: Compact heap 70.881ms
[3556.396s][info][gc,heap        ] GC(1342) Eden regions: 0->0(25)
[3556.396s][info][gc,heap        ] GC(1342) Survivor regions: 0->0(0)
[3556.396s][info][gc,heap        ] GC(1342) Old regions: 499->490
[3556.396s][info][gc,heap        ] GC(1342) Archive regions: 2->2
[3556.396s][info][gc,heap        ] GC(1342) Humongous regions: 11->11
[3556.396s][info][gc,metaspace   ] GC(1342) Metaspace: 48831K(50128K)->48700K(50128K) NonClass: 42984K(43856K)->42872K(43856K) Class: 5846K(6272K)->5828K(6272K)
[3556.396s][info][gc             ] GC(1342) Pause Full (G1 Evacuation Pause) 508M->498M(512M) 657.879ms
[3556.397s][info][gc,cpu         ] GC(1342) User=2.82s Sys=0.10s Real=0.66s
[3556.398s][info][gc,marking     ] GC(1341) Concurrent Mark From Roots 659.375ms
[3556.398s][info][gc,marking     ] GC(1341) Concurrent Mark Abort
[3556.398s][info][gc             ] GC(1341) Concurrent Cycle 659.603ms
[3595.734s][info][gc,start       ] GC(1343) Pause Young (Normal) (G1 Evacuation Pause)
[3595.734s][info][gc,task        ] GC(1343) Using 8 workers of 8 for evacuation
[3595.736s][info][gc             ] GC(1343) To-space exhausted
[3595.736s][info][gc,phases      ] GC(1343)   Pre Evacuate Collection Set: 0.1ms
[3595.736s][info][gc,phases      ] GC(1343)   Merge Heap Roots: 0.0ms
[3595.736s][info][gc,phases      ] GC(1343)   Evacuate Collection Set: 0.4ms
[3595.736s][info][gc,phases      ] GC(1343)   Post Evacuate Collection Set: 1.2ms
[3595.736s][info][gc,phases      ] GC(1343)   Other: 0.3ms
[3595.736s][info][gc,heap        ] GC(1343) Eden regions: 9->0(25)
[3595.736s][info][gc,heap        ] GC(1343) Survivor regions: 0->0(0)
[3595.736s][info][gc,heap        ] GC(1343) Old regions: 490->495
[3595.736s][info][gc,heap        ] GC(1343) Archive regions: 2->2
[3595.736s][info][gc,heap        ] GC(1343) Humongous regions: 11->11
[3595.736s][info][gc,metaspace   ] GC(1343) Metaspace: 48832K(50128K)->48832K(50128K) NonClass: 42984K(43856K)->42984K(43856K) Class: 5847K(6272K)->5847K(6272K)
[3595.736s][info][gc             ] GC(1343) Pause Young (Normal) (G1 Evacuation Pause) 507M->503M(512M) 2.099ms
[3595.736s][info][gc,cpu         ] GC(1343) User=0.00s Sys=0.00s Real=0.01s
[3616.733s][info][gc,start       ] GC(1344) Pause Young (Concurrent Start) (G1 Evacuation Pause)
[3616.733s][info][gc,task        ] GC(1344) Using 8 workers of 8 for evacuation
[3616.735s][info][gc             ] GC(1344) To-space exhausted
[3616.735s][info][gc,phases      ] GC(1344)   Pre Evacuate Collection Set: 0.1ms
[3616.735s][info][gc,phases      ] GC(1344)   Merge Heap Roots: 0.0ms
[3616.735s][info][gc,phases      ] GC(1344)   Evacuate Collection Set: 0.6ms
[3616.735s][info][gc,phases      ] GC(1344)   Post Evacuate Collection Set: 0.8ms
[3616.735s][info][gc,phases      ] GC(1344)   Other: 0.3ms
[3616.735s][info][gc,heap        ] GC(1344) Eden regions: 4->0(25)
[3616.735s][info][gc,heap        ] GC(1344) Survivor regions: 0->0(0)
[3616.735s][info][gc,heap        ] GC(1344) Old regions: 495->498
[3616.735s][info][gc,heap        ] GC(1344) Archive regions: 2->2
[3616.735s][info][gc,heap        ] GC(1344) Humongous regions: 11->11
[3616.735s][info][gc,metaspace   ] GC(1344) Metaspace: 48832K(50128K)->48832K(50128K) NonClass: 42984K(43856K)->42984K(43856K) Class: 5847K(6272K)->5847K(6272K)
[3616.735s][info][gc             ] GC(1344) Pause Young (Concurrent Start) (G1 Evacuation Pause) 507M->506M(512M) 2.136ms
[3616.735s][info][gc,cpu         ] GC(1344) User=0.00s Sys=0.00s Real=0.00s
[3616.735s][info][gc             ] GC(1345) Concurrent Cycle
[3616.735s][info][gc,marking     ] GC(1345) Concurrent Clear Claimed Marks
[3616.735s][info][gc,marking     ] GC(1345) Concurrent Clear Claimed Marks 0.141ms
[3616.735s][info][gc,marking     ] GC(1345) Concurrent Scan Root Regions
[3616.735s][info][gc,marking     ] GC(1345) Concurrent Scan Root Regions 0.013ms
[3616.735s][info][gc,marking     ] GC(1345) Concurrent Mark (3616.735s)
[3616.735s][info][gc,marking     ] GC(1345) Concurrent Mark From Roots
[3616.735s][info][gc,task        ] GC(1345) Using 2 workers of 2 for marking
[3617.448s][info][gc,marking     ] GC(1345) Concurrent Mark From Roots 712.813ms
[3617.448s][info][gc,marking     ] GC(1345) Concurrent Preclean
[3617.449s][info][gc,marking     ] GC(1345) Concurrent Preclean 0.243ms
[3617.449s][info][gc,marking     ] GC(1345) Concurrent Mark (3616.735s, 3617.449s) 713.238ms
[3617.449s][info][gc,start       ] GC(1345) Pause Remark
[3617.454s][info][gc             ] GC(1345) Pause Remark 506M->505M(512M) 5.171ms
[3617.454s][info][gc,cpu         ] GC(1345) User=0.02s Sys=0.00s Real=0.00s
[3617.454s][info][gc,marking     ] GC(1345) Concurrent Rebuild Remembered Sets
[3617.818s][info][gc,marking     ] GC(1345) Concurrent Rebuild Remembered Sets 363.496ms
[3617.820s][info][gc,start       ] GC(1345) Pause Cleanup
[3617.820s][info][gc             ] GC(1345) Pause Cleanup 506M->506M(512M) 0.507ms
[3617.821s][info][gc,cpu         ] GC(1345) User=0.00s Sys=0.00s Real=0.00s
[3617.821s][info][gc,marking     ] GC(1345) Concurrent Cleanup for Next Mark
[3617.821s][info][gc,marking     ] GC(1345) Concurrent Cleanup for Next Mark 0.680ms
[3617.821s][info][gc             ] GC(1345) Concurrent Cycle 1086.320ms
[3625.734s][info][gc,start       ] GC(1346) Pause Young (Normal) (G1 Evacuation Pause)
[3625.734s][info][gc,task        ] GC(1346) Using 8 workers of 8 for evacuation
[3625.735s][info][gc             ] GC(1346) To-space exhausted
[3625.735s][info][gc,phases      ] GC(1346)   Pre Evacuate Collection Set: 0.1ms
[3625.735s][info][gc,phases      ] GC(1346)   Merge Heap Roots: 0.0ms
[3625.735s][info][gc,phases      ] GC(1346)   Evacuate Collection Set: 0.3ms
[3625.735s][info][gc,phases      ] GC(1346)   Post Evacuate Collection Set: 0.5ms
[3625.735s][info][gc,phases      ] GC(1346)   Other: 0.2ms
[3625.735s][info][gc,heap        ] GC(1346) Eden regions: 2->0(25)
[3625.735s][info][gc,heap        ] GC(1346) Survivor regions: 0->0(0)
[3625.735s][info][gc,heap        ] GC(1346) Old regions: 497->499
[3625.735s][info][gc,heap        ] GC(1346) Archive regions: 2->2
[3625.735s][info][gc,heap        ] GC(1346) Humongous regions: 11->11
[3625.735s][info][gc,metaspace   ] GC(1346) Metaspace: 48842K(50128K)->48842K(50128K) NonClass: 42994K(43856K)->42994K(43856K) Class: 5848K(6272K)->5848K(6272K)
[3625.735s][info][gc             ] GC(1346) Pause Young (Normal) (G1 Evacuation Pause) 507M->507M(512M) 1.182ms
[3625.735s][info][gc,cpu         ] GC(1346) User=0.00s Sys=0.00s Real=0.01s
[3625.736s][info][gc,ergo        ] Attempting maximally compacting collection
[3625.736s][info][gc,task        ] GC(1347) Using 8 workers of 8 for full compaction
[3625.736s][info][gc,start       ] GC(1347) Pause Full (G1 Evacuation Pause)
[3625.736s][info][gc,phases,start] GC(1347) Phase 1: Mark live objects
[3626.103s][info][gc,phases      ] GC(1347) Phase 1: Mark live objects 367.116ms
[3626.103s][info][gc,phases,start] GC(1347) Phase 2: Prepare for compaction
[3626.164s][info][gc,phases      ] GC(1347) Phase 2: Prepare for compaction 60.909ms
[3626.164s][info][gc,phases,start] GC(1347) Phase 3: Adjust pointers
[3626.299s][info][gc,phases      ] GC(1347) Phase 3: Adjust pointers 134.842ms
[3626.299s][info][gc,phases,start] GC(1347) Phase 4: Compact heap
[3626.357s][info][gc,phases      ] GC(1347) Phase 4: Compact heap 58.580ms
[3626.363s][info][gc,heap        ] GC(1347) Eden regions: 0->0(25)
[3626.363s][info][gc,heap        ] GC(1347) Survivor regions: 0->0(0)
[3626.363s][info][gc,heap        ] GC(1347) Old regions: 499->488
[3626.363s][info][gc,heap        ] GC(1347) Archive regions: 2->2
[3626.363s][info][gc,heap        ] GC(1347) Humongous regions: 11->11
[3626.363s][info][gc,metaspace   ] GC(1347) Metaspace: 48842K(50128K)->48713K(50128K) NonClass: 42994K(43856K)->42882K(43856K) Class: 5848K(6272K)->5830K(6272K)
[3626.363s][info][gc             ] GC(1347) Pause Full (G1 Evacuation Pause) 507M->498M(512M) 627.427ms
[3626.365s][info][gc,cpu         ] GC(1347) User=2.76s Sys=0.09s Real=0.62s
[3676.737s][info][gc,start       ] GC(1348) Pause Young (Concurrent Start) (G1 Evacuation Pause)
[3676.737s][info][gc,task        ] GC(1348) Using 8 workers of 8 for evacuation
[3676.742s][info][gc             ] GC(1348) To-space exhausted
[3676.743s][info][gc,phases      ] GC(1348)   Pre Evacuate Collection Set: 0.2ms
[3676.743s][info][gc,phases      ] GC(1348)   Merge Heap Roots: 0.0ms
[3676.743s][info][gc,phases      ] GC(1348)   Evacuate Collection Set: 1.6ms
[3676.743s][info][gc,phases      ] GC(1348)   Post Evacuate Collection Set: 3.2ms
[3676.743s][info][gc,phases      ] GC(1348)   Other: 0.4ms
[3676.743s][info][gc,heap        ] GC(1348) Eden regions: 11->0(25)
[3676.743s][info][gc,heap        ] GC(1348) Survivor regions: 0->0(0)
[3676.743s][info][gc,heap        ] GC(1348) Old regions: 488->493
[3676.743s][info][gc,heap        ] GC(1348) Archive regions: 2->2
[3676.743s][info][gc,heap        ] GC(1348) Humongous regions: 11->11
[3676.743s][info][gc,metaspace   ] GC(1348) Metaspace: 48832K(50128K)->48832K(50128K) NonClass: 42984K(43856K)->42984K(43856K) Class: 5847K(6272K)->5847K(6272K)
[3676.743s][info][gc             ] GC(1348) Pause Young (Concurrent Start) (G1 Evacuation Pause) 509M->503M(512M) 5.602ms
[3676.743s][info][gc,cpu         ] GC(1348) User=0.01s Sys=0.00s Real=0.00s
[3676.743s][info][gc             ] GC(1349) Concurrent Cycle
[3676.743s][info][gc,marking     ] GC(1349) Concurrent Clear Claimed Marks
[3676.743s][info][gc,marking     ] GC(1349) Concurrent Clear Claimed Marks 0.101ms
[3676.743s][info][gc,marking     ] GC(1349) Concurrent Scan Root Regions
[3676.743s][info][gc,marking     ] GC(1349) Concurrent Scan Root Regions 0.008ms
[3676.743s][info][gc,marking     ] GC(1349) Concurrent Mark (3676.743s)
[3676.743s][info][gc,marking     ] GC(1349) Concurrent Mark From Roots
[3676.743s][info][gc,task        ] GC(1349) Using 2 workers of 2 for marking
[3677.441s][info][gc,marking     ] GC(1349) Concurrent Mark From Roots 697.891ms
[3677.441s][info][gc,marking     ] GC(1349) Concurrent Preclean
[3677.441s][info][gc,marking     ] GC(1349) Concurrent Preclean 0.154ms
[3677.441s][info][gc,marking     ] GC(1349) Concurrent Mark (3676.743s, 3677.441s) 698.138ms
[3677.441s][info][gc,start       ] GC(1349) Pause Remark
[3677.443s][info][gc             ] GC(1349) Pause Remark 503M->503M(512M) 1.501ms
[3677.443s][info][gc,cpu         ] GC(1349) User=0.01s Sys=0.00s Real=0.00s
[3677.443s][info][gc,marking     ] GC(1349) Concurrent Rebuild Remembered Sets
[3677.781s][info][gc,marking     ] GC(1349) Concurrent Rebuild Remembered Sets 338.200ms
[3677.782s][info][gc,start       ] GC(1349) Pause Cleanup
[3677.783s][info][gc             ] GC(1349) Pause Cleanup 504M->504M(512M) 0.983ms
[3677.783s][info][gc,cpu         ] GC(1349) User=0.01s Sys=0.00s Real=0.00s
[3677.784s][info][gc,marking     ] GC(1349) Concurrent Cleanup for Next Mark
[3677.785s][info][gc,marking     ] GC(1349) Concurrent Cleanup for Next Mark 1.188ms
[3677.785s][info][gc             ] GC(1349) Concurrent Cycle 1041.998ms
[3708.740s][info][gc,start       ] GC(1350) Pause Young (Normal) (G1 Evacuation Pause)
[3708.740s][info][gc,task        ] GC(1350) Using 8 workers of 8 for evacuation
[3708.743s][info][gc             ] GC(1350) To-space exhausted
[3708.743s][info][gc,phases      ] GC(1350)   Pre Evacuate Collection Set: 0.1ms
[3708.743s][info][gc,phases      ] GC(1350)   Merge Heap Roots: 0.0ms
[3708.743s][info][gc,phases      ] GC(1350)   Evacuate Collection Set: 0.6ms
[3708.743s][info][gc,phases      ] GC(1350)   Post Evacuate Collection Set: 1.4ms
[3708.743s][info][gc,phases      ] GC(1350)   Other: 0.3ms
[3708.743s][info][gc,heap        ] GC(1350) Eden regions: 6->0(25)
[3708.743s][info][gc,heap        ] GC(1350) Survivor regions: 0->0(0)
[3708.743s][info][gc,heap        ] GC(1350) Old regions: 493->497
[3708.743s][info][gc,heap        ] GC(1350) Archive regions: 2->2
[3708.743s][info][gc,heap        ] GC(1350) Humongous regions: 11->11
[3708.743s][info][gc,metaspace   ] GC(1350) Metaspace: 48833K(50128K)->48833K(50128K) NonClass: 42985K(43856K)->42985K(43856K) Class: 5847K(6272K)->5847K(6272K)
[3708.743s][info][gc             ] GC(1350) Pause Young (Normal) (G1 Evacuation Pause) 509M->507M(512M) 2.585ms
[3708.743s][info][gc,cpu         ] GC(1350) User=0.00s Sys=0.00s Real=0.00s
[3718.734s][info][gc,start       ] GC(1351) Pause Young (Concurrent Start) (G1 Evacuation Pause)
[3718.734s][info][gc,task        ] GC(1351) Using 8 workers of 8 for evacuation
[3718.737s][info][gc             ] GC(1351) To-space exhausted
[3718.737s][info][gc,phases      ] GC(1351)   Pre Evacuate Collection Set: 0.1ms
[3718.737s][info][gc,phases      ] GC(1351)   Merge Heap Roots: 0.0ms
[3718.737s][info][gc,phases      ] GC(1351)   Evacuate Collection Set: 0.7ms
[3718.737s][info][gc,phases      ] GC(1351)   Post Evacuate Collection Set: 1.5ms
[3718.737s][info][gc,phases      ] GC(1351)   Other: 0.4ms
[3718.737s][info][gc,heap        ] GC(1351) Eden regions: 2->0(25)
[3718.737s][info][gc,heap        ] GC(1351) Survivor regions: 0->0(0)
[3718.737s][info][gc,heap        ] GC(1351) Old regions: 497->499
[3718.737s][info][gc,heap        ] GC(1351) Archive regions: 2->2
[3718.737s][info][gc,heap        ] GC(1351) Humongous regions: 11->11
[3718.737s][info][gc,metaspace   ] GC(1351) Metaspace: 48833K(50128K)->48833K(50128K) NonClass: 42985K(43856K)->42985K(43856K) Class: 5847K(6272K)->5847K(6272K)
[3718.737s][info][gc             ] GC(1351) Pause Young (Concurrent Start) (G1 Evacuation Pause) 509M->509M(512M) 2.918ms
[3718.737s][info][gc,cpu         ] GC(1351) User=0.01s Sys=0.00s Real=0.01s
[3718.737s][info][gc,ergo        ] Attempting maximally compacting collection
[3718.737s][info][gc             ] GC(1352) Concurrent Cycle
[3718.737s][info][gc,task        ] GC(1353) Using 8 workers of 8 for full compaction
[3718.737s][info][gc,marking     ] GC(1352) Concurrent Clear Claimed Marks
[3718.737s][info][gc,start       ] GC(1353) Pause Full (G1 Evacuation Pause)
[3718.737s][info][gc,marking     ] GC(1352) Concurrent Clear Claimed Marks 0.138ms
[3718.737s][info][gc,marking     ] GC(1352) Concurrent Scan Root Regions
[3718.737s][info][gc,marking     ] GC(1352) Concurrent Scan Root Regions 0.057ms
[3718.737s][info][gc,marking     ] GC(1352) Concurrent Mark (3718.737s)
[3718.737s][info][gc,marking     ] GC(1352) Concurrent Mark From Roots
[3718.737s][info][gc,task        ] GC(1352) Using 2 workers of 2 for marking
[3718.738s][info][gc,phases,start] GC(1353) Phase 1: Mark live objects
[3719.100s][info][gc,phases      ] GC(1353) Phase 1: Mark live objects 361.723ms
[3719.100s][info][gc,phases,start] GC(1353) Phase 2: Prepare for compaction
[3719.173s][info][gc,phases      ] GC(1353) Phase 2: Prepare for compaction 73.563ms
[3719.173s][info][gc,phases,start] GC(1353) Phase 3: Adjust pointers
[3719.295s][info][gc,phases      ] GC(1353) Phase 3: Adjust pointers 121.655ms
[3719.295s][info][gc,phases,start] GC(1353) Phase 4: Compact heap
[3719.365s][info][gc,phases      ] GC(1353) Phase 4: Compact heap 70.173ms
[3719.377s][info][gc,heap        ] GC(1353) Eden regions: 0->0(25)
[3719.377s][info][gc,heap        ] GC(1353) Survivor regions: 0->0(0)
[3719.377s][info][gc,heap        ] GC(1353) Old regions: 499->489
[3719.377s][info][gc,heap        ] GC(1353) Archive regions: 2->2
[3719.377s][info][gc,heap        ] GC(1353) Humongous regions: 11->11
[3719.377s][info][gc,metaspace   ] GC(1353) Metaspace: 48833K(50128K)->48700K(50128K) NonClass: 42985K(43856K)->42872K(43856K) Class: 5847K(6272K)->5828K(6272K)
[3719.377s][info][gc             ] GC(1353) Pause Full (G1 Evacuation Pause) 509M->498M(512M) 639.474ms
[3719.378s][info][gc,cpu         ] GC(1353) User=2.77s Sys=0.07s Real=0.64s
[3719.378s][info][gc,marking     ] GC(1352) Concurrent Mark From Roots 640.508ms
[3719.378s][info][gc,marking     ] GC(1352) Concurrent Mark Abort
[3719.378s][info][gc             ] GC(1352) Concurrent Cycle 640.889ms
[3764.739s][info][gc,start       ] GC(1354) Pause Young (Normal) (G1 Evacuation Pause)
[3764.739s][info][gc,task        ] GC(1354) Using 8 workers of 8 for evacuation
[3764.740s][info][gc             ] GC(1354) To-space exhausted
[3764.740s][info][gc,phases      ] GC(1354)   Pre Evacuate Collection Set: 0.1ms
[3764.740s][info][gc,phases      ] GC(1354)   Merge Heap Roots: 0.0ms
[3764.740s][info][gc,phases      ] GC(1354)   Evacuate Collection Set: 0.2ms
[3764.740s][info][gc,phases      ] GC(1354)   Post Evacuate Collection Set: 0.9ms
[3764.740s][info][gc,phases      ] GC(1354)   Other: 0.1ms
[3764.740s][info][gc,heap        ] GC(1354) Eden regions: 10->0(25)
[3764.740s][info][gc,heap        ] GC(1354) Survivor regions: 0->0(0)
[3764.740s][info][gc,heap        ] GC(1354) Old regions: 489->494
[3764.740s][info][gc,heap        ] GC(1354) Archive regions: 2->2
[3764.740s][info][gc,heap        ] GC(1354) Humongous regions: 11->11
[3764.740s][info][gc,metaspace   ] GC(1354) Metaspace: 48830K(50128K)->48830K(50128K) NonClass: 42983K(43856K)->42983K(43856K) Class: 5846K(6272K)->5846K(6272K)
[3764.740s][info][gc             ] GC(1354) Pause Young (Normal) (G1 Evacuation Pause) 508M->503M(512M) 1.459ms
[3764.740s][info][gc,cpu         ] GC(1354) User=0.01s Sys=0.00s Real=0.00s
[3789.739s][info][gc,start       ] GC(1355) Pause Young (Concurrent Start) (G1 Evacuation Pause)
[3789.739s][info][gc,task        ] GC(1355) Using 8 workers of 8 for evacuation
[3789.741s][info][gc             ] GC(1355) To-space exhausted
[3789.741s][info][gc,phases      ] GC(1355)   Pre Evacuate Collection Set: 0.1ms
[3789.741s][info][gc,phases      ] GC(1355)   Merge Heap Roots: 0.0ms
[3789.741s][info][gc,phases      ] GC(1355)   Evacuate Collection Set: 0.6ms
[3789.741s][info][gc,phases      ] GC(1355)   Post Evacuate Collection Set: 0.7ms
[3789.741s][info][gc,phases      ] GC(1355)   Other: 0.3ms
[3789.741s][info][gc,heap        ] GC(1355) Eden regions: 5->0(25)
[3789.741s][info][gc,heap        ] GC(1355) Survivor regions: 0->0(0)
[3789.741s][info][gc,heap        ] GC(1355) Old regions: 494->497
[3789.741s][info][gc,heap        ] GC(1355) Archive regions: 2->2
[3789.741s][info][gc,heap        ] GC(1355) Humongous regions: 11->11
[3789.741s][info][gc,metaspace   ] GC(1355) Metaspace: 48831K(50128K)->48831K(50128K) NonClass: 42984K(43856K)->42984K(43856K) Class: 5846K(6272K)->5846K(6272K)
[3789.741s][info][gc             ] GC(1355) Pause Young (Concurrent Start) (G1 Evacuation Pause) 508M->506M(512M) 1.770ms
[3789.741s][info][gc,cpu         ] GC(1355) User=0.01s Sys=0.00s Real=0.00s
[3789.741s][info][gc             ] GC(1356) Concurrent Cycle
[3789.741s][info][gc,marking     ] GC(1356) Concurrent Clear Claimed Marks
[3789.741s][info][gc,marking     ] GC(1356) Concurrent Clear Claimed Marks 0.139ms
[3789.742s][info][gc,marking     ] GC(1356) Concurrent Scan Root Regions
[3789.742s][info][gc,marking     ] GC(1356) Concurrent Scan Root Regions 0.043ms
[3789.742s][info][gc,marking     ] GC(1356) Concurrent Mark (3789.742s)
[3789.742s][info][gc,marking     ] GC(1356) Concurrent Mark From Roots
[3789.742s][info][gc,task        ] GC(1356) Using 2 workers of 2 for marking
[3790.397s][info][gc,marking     ] GC(1356) Concurrent Mark From Roots 655.910ms
[3790.398s][info][gc,marking     ] GC(1356) Concurrent Preclean
[3790.398s][info][gc,marking     ] GC(1356) Concurrent Preclean 0.141ms
[3790.398s][info][gc,marking     ] GC(1356) Concurrent Mark (3789.742s, 3790.398s) 656.158ms
[3790.398s][info][gc,start       ] GC(1356) Pause Remark
[3790.401s][info][gc             ] GC(1356) Pause Remark 506M->504M(512M) 3.586ms
[3790.402s][info][gc,cpu         ] GC(1356) User=0.02s Sys=0.00s Real=0.00s
[3790.402s][info][gc,marking     ] GC(1356) Concurrent Rebuild Remembered Sets
[3790.749s][info][gc,marking     ] GC(1356) Concurrent Rebuild Remembered Sets 347.810ms
[3790.752s][info][gc,start       ] GC(1356) Pause Cleanup
[3790.752s][info][gc             ] GC(1356) Pause Cleanup 504M->504M(512M) 0.509ms
[3790.752s][info][gc,cpu         ] GC(1356) User=0.00s Sys=0.00s Real=0.00s
[3790.752s][info][gc,marking     ] GC(1356) Concurrent Cleanup for Next Mark
[3790.753s][info][gc,marking     ] GC(1356) Concurrent Cleanup for Next Mark 1.053ms
[3790.753s][info][gc             ] GC(1356) Concurrent Cycle 1012.086ms
[3809.739s][info][gc,start       ] GC(1357) Pause Young (Normal) (G1 Evacuation Pause)
[3809.739s][info][gc,task        ] GC(1357) Using 8 workers of 8 for evacuation
[3809.740s][info][gc             ] GC(1357) To-space exhausted
[3809.740s][info][gc,phases      ] GC(1357)   Pre Evacuate Collection Set: 0.1ms
[3809.740s][info][gc,phases      ] GC(1357)   Merge Heap Roots: 0.0ms
[3809.740s][info][gc,phases      ] GC(1357)   Evacuate Collection Set: 0.3ms
[3809.740s][info][gc,phases      ] GC(1357)   Post Evacuate Collection Set: 0.7ms
[3809.740s][info][gc,phases      ] GC(1357)   Other: 0.1ms
[3809.740s][info][gc,heap        ] GC(1357) Eden regions: 4->0(25)
[3809.740s][info][gc,heap        ] GC(1357) Survivor regions: 0->0(0)
[3809.740s][info][gc,heap        ] GC(1357) Old regions: 495->499
[3809.740s][info][gc,heap        ] GC(1357) Archive regions: 2->2
[3809.740s][info][gc,heap        ] GC(1357) Humongous regions: 11->11
[3809.740s][info][gc,metaspace   ] GC(1357) Metaspace: 48831K(50128K)->48831K(50128K) NonClass: 42984K(43856K)->42984K(43856K) Class: 5846K(6272K)->5846K(6272K)
[3809.740s][info][gc             ] GC(1357) Pause Young (Normal) (G1 Evacuation Pause) 508M->508M(512M) 1.242ms
[3809.740s][info][gc,cpu         ] GC(1357) User=0.00s Sys=0.00s Real=0.00s
[3809.740s][info][gc,ergo        ] Attempting maximally compacting collection
[3809.740s][info][gc,task        ] GC(1358) Using 8 workers of 8 for full compaction
[3809.741s][info][gc,start       ] GC(1358) Pause Full (G1 Evacuation Pause)
[3809.741s][info][gc,phases,start] GC(1358) Phase 1: Mark live objects
[3810.164s][info][gc,phases      ] GC(1358) Phase 1: Mark live objects 423.811ms
[3810.164s][info][gc,phases,start] GC(1358) Phase 2: Prepare for compaction
[3810.231s][info][gc,phases      ] GC(1358) Phase 2: Prepare for compaction 66.306ms
[3810.231s][info][gc,phases,start] GC(1358) Phase 3: Adjust pointers
[3810.365s][info][gc,phases      ] GC(1358) Phase 3: Adjust pointers 134.214ms
[3810.365s][info][gc,phases,start] GC(1358) Phase 4: Compact heap
[3810.430s][info][gc,phases      ] GC(1358) Phase 4: Compact heap 65.219ms
[3810.436s][info][gc,heap        ] GC(1358) Eden regions: 0->0(25)
[3810.436s][info][gc,heap        ] GC(1358) Survivor regions: 0->0(0)
[3810.436s][info][gc,heap        ] GC(1358) Old regions: 499->490
[3810.436s][info][gc,heap        ] GC(1358) Archive regions: 2->2
[3810.436s][info][gc,heap        ] GC(1358) Humongous regions: 11->11
[3810.436s][info][gc,metaspace   ] GC(1358) Metaspace: 48831K(50128K)->48700K(50128K) NonClass: 42984K(43856K)->42872K(43856K) Class: 5846K(6272K)->5828K(6272K)
[3810.436s][info][gc             ] GC(1358) Pause Full (G1 Evacuation Pause) 508M->498M(512M) 695.556ms
[3810.441s][info][gc,cpu         ] GC(1358) User=2.85s Sys=0.10s Real=0.70s
[3851.735s][info][gc,start       ] GC(1359) Pause Young (Concurrent Start) (G1 Evacuation Pause)
[3851.735s][info][gc,task        ] GC(1359) Using 8 workers of 8 for evacuation
[3851.737s][info][gc             ] GC(1359) To-space exhausted
[3851.737s][info][gc,phases      ] GC(1359)   Pre Evacuate Collection Set: 0.1ms
[3851.737s][info][gc,phases      ] GC(1359)   Merge Heap Roots: 0.0ms
[3851.737s][info][gc,phases      ] GC(1359)   Evacuate Collection Set: 0.5ms
[3851.737s][info][gc,phases      ] GC(1359)   Post Evacuate Collection Set: 1.1ms
[3851.737s][info][gc,phases      ] GC(1359)   Other: 0.2ms
[3851.737s][info][gc,heap        ] GC(1359) Eden regions: 9->0(25)
[3851.737s][info][gc,heap        ] GC(1359) Survivor regions: 0->0(0)
[3851.737s][info][gc,heap        ] GC(1359) Old regions: 490->495
[3851.737s][info][gc,heap        ] GC(1359) Archive regions: 2->2
[3851.737s][info][gc,heap        ] GC(1359) Humongous regions: 11->11
[3851.737s][info][gc,metaspace   ] GC(1359) Metaspace: 48838K(50128K)->48838K(50128K) NonClass: 42991K(43856K)->42991K(43856K) Class: 5846K(6272K)->5846K(6272K)
[3851.737s][info][gc             ] GC(1359) Pause Young (Concurrent Start) (G1 Evacuation Pause) 507M->503M(512M) 2.076ms
[3851.737s][info][gc,cpu         ] GC(1359) User=0.01s Sys=0.00s Real=0.01s
[3851.737s][info][gc             ] GC(1360) Concurrent Cycle
[3851.737s][info][gc,marking     ] GC(1360) Concurrent Clear Claimed Marks
[3851.737s][info][gc,marking     ] GC(1360) Concurrent Clear Claimed Marks 0.056ms
[3851.737s][info][gc,marking     ] GC(1360) Concurrent Scan Root Regions
[3851.737s][info][gc,marking     ] GC(1360) Concurrent Scan Root Regions 0.007ms
[3851.737s][info][gc,marking     ] GC(1360) Concurrent Mark (3851.737s)
[3851.737s][info][gc,marking     ] GC(1360) Concurrent Mark From Roots
[3851.737s][info][gc,task        ] GC(1360) Using 2 workers of 2 for marking
[3852.479s][info][gc,marking     ] GC(1360) Concurrent Mark From Roots 741.753ms
[3852.479s][info][gc,marking     ] GC(1360) Concurrent Preclean
[3852.479s][info][gc,marking     ] GC(1360) Concurrent Preclean 0.114ms
[3852.479s][info][gc,marking     ] GC(1360) Concurrent Mark (3851.737s, 3852.479s) 741.964ms
[3852.479s][info][gc,start       ] GC(1360) Pause Remark
[3852.481s][info][gc             ] GC(1360) Pause Remark 503M->503M(512M) 2.242ms
[3852.482s][info][gc,cpu         ] GC(1360) User=0.01s Sys=0.00s Real=0.00s
[3852.482s][info][gc,marking     ] GC(1360) Concurrent Rebuild Remembered Sets
[3852.825s][info][gc,marking     ] GC(1360) Concurrent Rebuild Remembered Sets 342.950ms
[3852.827s][info][gc,start       ] GC(1360) Pause Cleanup
[3852.828s][info][gc             ] GC(1360) Pause Cleanup 503M->503M(512M) 0.949ms
[3852.828s][info][gc,cpu         ] GC(1360) User=0.01s Sys=0.00s Real=0.00s
[3852.828s][info][gc,marking     ] GC(1360) Concurrent Cleanup for Next Mark
[3852.830s][info][gc,marking     ] GC(1360) Concurrent Cleanup for Next Mark 1.547ms
[3852.830s][info][gc             ] GC(1360) Concurrent Cycle 1092.873ms
[3872.736s][info][gc,start       ] GC(1361) Pause Young (Normal) (G1 Evacuation Pause)
[3872.736s][info][gc,task        ] GC(1361) Using 8 workers of 8 for evacuation
[3872.737s][info][gc             ] GC(1361) To-space exhausted
[3872.737s][info][gc,phases      ] GC(1361)   Pre Evacuate Collection Set: 0.1ms
[3872.737s][info][gc,phases      ] GC(1361)   Merge Heap Roots: 0.1ms
[3872.737s][info][gc,phases      ] GC(1361)   Evacuate Collection Set: 0.3ms
[3872.737s][info][gc,phases      ] GC(1361)   Post Evacuate Collection Set: 0.5ms
[3872.737s][info][gc,phases      ] GC(1361)   Other: 0.1ms
[3872.737s][info][gc,heap        ] GC(1361) Eden regions: 4->0(25)
[3872.737s][info][gc,heap        ] GC(1361) Survivor regions: 0->0(0)
[3872.737s][info][gc,heap        ] GC(1361) Old regions: 495->498
[3872.737s][info][gc,heap        ] GC(1361) Archive regions: 2->2
[3872.737s][info][gc,heap        ] GC(1361) Humongous regions: 11->11
[3872.737s][info][gc,metaspace   ] GC(1361) Metaspace: 48838K(50128K)->48838K(50128K) NonClass: 42991K(43856K)->42991K(43856K) Class: 5846K(6272K)->5846K(6272K)
[3872.737s][info][gc             ] GC(1361) Pause Young (Normal) (G1 Evacuation Pause) 507M->506M(512M) 1.116ms
[3872.737s][info][gc,cpu         ] GC(1361) User=0.00s Sys=0.00s Real=0.00s
[3877.734s][info][gc,start       ] GC(1362) Pause Young (Concurrent Start) (G1 Evacuation Pause)
[3877.734s][info][gc,task        ] GC(1362) Using 8 workers of 8 for evacuation
[3877.736s][info][gc             ] GC(1362) To-space exhausted
[3877.736s][info][gc,phases      ] GC(1362)   Pre Evacuate Collection Set: 0.1ms
[3877.736s][info][gc,phases      ] GC(1362)   Merge Heap Roots: 0.1ms
[3877.736s][info][gc,phases      ] GC(1362)   Evacuate Collection Set: 0.7ms
[3877.736s][info][gc,phases      ] GC(1362)   Post Evacuate Collection Set: 0.6ms
[3877.736s][info][gc,phases      ] GC(1362)   Other: 0.2ms
[3877.736s][info][gc,heap        ] GC(1362) Eden regions: 1->0(25)
[3877.736s][info][gc,heap        ] GC(1362) Survivor regions: 0->0(0)
[3877.736s][info][gc,heap        ] GC(1362) Old regions: 498->499
[3877.736s][info][gc,heap        ] GC(1362) Archive regions: 2->2
[3877.736s][info][gc,heap        ] GC(1362) Humongous regions: 11->11
[3877.736s][info][gc,metaspace   ] GC(1362) Metaspace: 48839K(50128K)->48839K(50128K) NonClass: 42992K(43856K)->42992K(43856K) Class: 5846K(6272K)->5846K(6272K)
[3877.736s][info][gc             ] GC(1362) Pause Young (Concurrent Start) (G1 Evacuation Pause) 507M->507M(512M) 1.715ms
[3877.736s][info][gc,cpu         ] GC(1362) User=0.01s Sys=0.00s Real=0.01s
[3877.736s][info][gc,ergo        ] Attempting maximally compacting collection
[3877.736s][info][gc             ] GC(1363) Concurrent Cycle
[3877.736s][info][gc,task        ] GC(1364) Using 8 workers of 8 for full compaction
[3877.736s][info][gc,marking     ] GC(1363) Concurrent Clear Claimed Marks
[3877.736s][info][gc,start       ] GC(1364) Pause Full (G1 Evacuation Pause)
[3877.736s][info][gc,marking     ] GC(1363) Concurrent Clear Claimed Marks 0.076ms
[3877.736s][info][gc,marking     ] GC(1363) Concurrent Scan Root Regions
[3877.736s][info][gc,marking     ] GC(1363) Concurrent Scan Root Regions 0.116ms
[3877.736s][info][gc,marking     ] GC(1363) Concurrent Mark (3877.736s)
[3877.736s][info][gc,marking     ] GC(1363) Concurrent Mark From Roots
[3877.737s][info][gc,task        ] GC(1363) Using 2 workers of 2 for marking
[3877.737s][info][gc,phases,start] GC(1364) Phase 1: Mark live objects
[3878.125s][info][gc,phases      ] GC(1364) Phase 1: Mark live objects 387.867ms
[3878.125s][info][gc,phases,start] GC(1364) Phase 2: Prepare for compaction
[3878.193s][info][gc,phases      ] GC(1364) Phase 2: Prepare for compaction 68.387ms
[3878.194s][info][gc,phases,start] GC(1364) Phase 3: Adjust pointers
[3878.324s][info][gc,phases      ] GC(1364) Phase 3: Adjust pointers 130.235ms
[3878.324s][info][gc,phases,start] GC(1364) Phase 4: Compact heap
[3878.387s][info][gc,phases      ] GC(1364) Phase 4: Compact heap 63.276ms
[3878.400s][info][gc,heap        ] GC(1364) Eden regions: 0->0(25)
[3878.400s][info][gc,heap        ] GC(1364) Survivor regions: 0->0(0)
[3878.400s][info][gc,heap        ] GC(1364) Old regions: 499->488
[3878.400s][info][gc,heap        ] GC(1364) Archive regions: 2->2
[3878.400s][info][gc,heap        ] GC(1364) Humongous regions: 11->11
[3878.400s][info][gc,metaspace   ] GC(1364) Metaspace: 48839K(50128K)->48708K(50128K) NonClass: 42992K(43856K)->42880K(43856K) Class: 5846K(6272K)->5828K(6272K)
[3878.400s][info][gc             ] GC(1364) Pause Full (G1 Evacuation Pause) 507M->498M(512M) 664.055ms
[3878.402s][info][gc,cpu         ] GC(1364) User=2.80s Sys=0.09s Real=0.66s
[3878.402s][info][gc,marking     ] GC(1363) Concurrent Mark From Roots 665.340ms
[3878.402s][info][gc,marking     ] GC(1363) Concurrent Mark Abort
[3878.402s][info][gc             ] GC(1363) Concurrent Cycle 665.751ms
[3928.739s][info][gc,start       ] GC(1365) Pause Young (Normal) (G1 Evacuation Pause)
[3928.739s][info][gc,task        ] GC(1365) Using 8 workers of 8 for evacuation
[3928.741s][info][gc             ] GC(1365) To-space exhausted
[3928.741s][info][gc,phases      ] GC(1365)   Pre Evacuate Collection Set: 0.1ms
[3928.741s][info][gc,phases      ] GC(1365)   Merge Heap Roots: 0.0ms
[3928.741s][info][gc,phases      ] GC(1365)   Evacuate Collection Set: 0.2ms
[3928.741s][info][gc,phases      ] GC(1365)   Post Evacuate Collection Set: 1.2ms
[3928.741s][info][gc,phases      ] GC(1365)   Other: 0.1ms
[3928.741s][info][gc,heap        ] GC(1365) Eden regions: 11->0(25)
[3928.741s][info][gc,heap        ] GC(1365) Survivor regions: 0->0(0)
[3928.741s][info][gc,heap        ] GC(1365) Old regions: 488->495
[3928.741s][info][gc,heap        ] GC(1365) Archive regions: 2->2
[3928.741s][info][gc,heap        ] GC(1365) Humongous regions: 11->11
[3928.741s][info][gc,metaspace   ] GC(1365) Metaspace: 48856K(50128K)->48856K(50128K) NonClass: 43007K(43856K)->43007K(43856K) Class: 5849K(6272K)->5849K(6272K)
[3928.741s][info][gc             ] GC(1365) Pause Young (Normal) (G1 Evacuation Pause) 509M->505M(512M) 1.754ms
[3928.741s][info][gc,cpu         ] GC(1365) User=0.01s Sys=0.00s Real=0.00s
[3949.737s][info][gc,start       ] GC(1366) Pause Young (Concurrent Start) (G1 Evacuation Pause)
[3949.737s][info][gc,task        ] GC(1366) Using 8 workers of 8 for evacuation
[3949.740s][info][gc             ] GC(1366) To-space exhausted
[3949.740s][info][gc,phases      ] GC(1366)   Pre Evacuate Collection Set: 0.2ms
[3949.740s][info][gc,phases      ] GC(1366)   Merge Heap Roots: 0.1ms
[3949.740s][info][gc,phases      ] GC(1366)   Evacuate Collection Set: 1.2ms
[3949.740s][info][gc,phases      ] GC(1366)   Post Evacuate Collection Set: 0.8ms
[3949.740s][info][gc,phases      ] GC(1366)   Other: 0.4ms
[3949.740s][info][gc,heap        ] GC(1366) Eden regions: 4->0(25)
[3949.740s][info][gc,heap        ] GC(1366) Survivor regions: 0->0(0)
[3949.740s][info][gc,heap        ] GC(1366) Old regions: 495->497
[3949.740s][info][gc,heap        ] GC(1366) Archive regions: 2->2
[3949.740s][info][gc,heap        ] GC(1366) Humongous regions: 11->11
[3949.740s][info][gc,metaspace   ] GC(1366) Metaspace: 48857K(50128K)->48857K(50128K) NonClass: 43008K(43856K)->43008K(43856K) Class: 5849K(6272K)->5849K(6272K)
[3949.740s][info][gc             ] GC(1366) Pause Young (Concurrent Start) (G1 Evacuation Pause) 509M->507M(512M) 2.719ms
[3949.740s][info][gc,cpu         ] GC(1366) User=0.01s Sys=0.00s Real=0.00s
[3949.740s][info][gc             ] GC(1367) Concurrent Cycle
[3949.740s][info][gc,marking     ] GC(1367) Concurrent Clear Claimed Marks
[3949.740s][info][gc,marking     ] GC(1367) Concurrent Clear Claimed Marks 0.062ms
[3949.740s][info][gc,marking     ] GC(1367) Concurrent Scan Root Regions
[3949.740s][info][gc,marking     ] GC(1367) Concurrent Scan Root Regions 0.007ms
[3949.740s][info][gc,marking     ] GC(1367) Concurrent Mark (3949.740s)
[3949.740s][info][gc,marking     ] GC(1367) Concurrent Mark From Roots
[3949.740s][info][gc,task        ] GC(1367) Using 2 workers of 2 for marking
[3950.388s][info][gc,marking     ] GC(1367) Concurrent Mark From Roots 648.082ms
[3950.388s][info][gc,marking     ] GC(1367) Concurrent Preclean
[3950.388s][info][gc,marking     ] GC(1367) Concurrent Preclean 0.086ms
[3950.388s][info][gc,marking     ] GC(1367) Concurrent Mark (3949.740s, 3950.388s) 648.216ms
[3950.388s][info][gc,start       ] GC(1367) Pause Remark
[3950.392s][info][gc             ] GC(1367) Pause Remark 507M->506M(512M) 3.603ms
[3950.392s][info][gc,cpu         ] GC(1367) User=0.02s Sys=0.00s Real=0.00s
[3950.392s][info][gc,marking     ] GC(1367) Concurrent Rebuild Remembered Sets
[3950.749s][info][gc,marking     ] GC(1367) Concurrent Rebuild Remembered Sets 357.332ms
[3950.751s][info][gc,start       ] GC(1367) Pause Cleanup
[3950.752s][info][gc             ] GC(1367) Pause Cleanup 507M->507M(512M) 0.630ms
[3950.752s][info][gc,cpu         ] GC(1367) User=0.01s Sys=0.00s Real=0.00s
[3950.752s][info][gc,marking     ] GC(1367) Concurrent Cleanup for Next Mark
[3950.753s][info][gc,marking     ] GC(1367) Concurrent Cleanup for Next Mark 1.012ms
[3950.753s][info][gc             ] GC(1367) Concurrent Cycle 1013.127ms
[3963.742s][info][gc,start       ] GC(1368) Pause Young (Normal) (G1 Evacuation Pause)
[3963.742s][info][gc,task        ] GC(1368) Using 8 workers of 8 for evacuation
[3963.742s][info][gc             ] GC(1368) To-space exhausted
[3963.742s][info][gc,phases      ] GC(1368)   Pre Evacuate Collection Set: 0.1ms
[3963.742s][info][gc,phases      ] GC(1368)   Merge Heap Roots: 0.0ms
[3963.743s][info][gc,phases      ] GC(1368)   Evacuate Collection Set: 0.2ms
[3963.743s][info][gc,phases      ] GC(1368)   Post Evacuate Collection Set: 0.5ms
[3963.743s][info][gc,phases      ] GC(1368)   Other: 0.1ms
[3963.743s][info][gc,heap        ] GC(1368) Eden regions: 3->0(25)
[3963.743s][info][gc,heap        ] GC(1368) Survivor regions: 0->0(0)
[3963.743s][info][gc,heap        ] GC(1368) Old regions: 496->498
[3963.743s][info][gc,heap        ] GC(1368) Archive regions: 2->2
[3963.743s][info][gc,heap        ] GC(1368) Humongous regions: 11->11
[3963.743s][info][gc,metaspace   ] GC(1368) Metaspace: 48843K(50128K)->48843K(50128K) NonClass: 42996K(43856K)->42996K(43856K) Class: 5846K(6272K)->5846K(6272K)
[3963.743s][info][gc             ] GC(1368) Pause Young (Normal) (G1 Evacuation Pause) 509M->508M(512M) 0.925ms
[3963.743s][info][gc,cpu         ] GC(1368) User=0.01s Sys=0.00s Real=0.00s
[3968.736s][info][gc,start       ] GC(1369) Pause Young (Concurrent Start) (G1 Evacuation Pause)
[3968.736s][info][gc,task        ] GC(1369) Using 8 workers of 8 for evacuation
[3968.739s][info][gc             ] GC(1369) To-space exhausted
[3968.739s][info][gc,phases      ] GC(1369)   Pre Evacuate Collection Set: 0.2ms
[3968.739s][info][gc,phases      ] GC(1369)   Merge Heap Roots: 0.0ms
[3968.739s][info][gc,phases      ] GC(1369)   Evacuate Collection Set: 1.4ms
[3968.739s][info][gc,phases      ] GC(1369)   Post Evacuate Collection Set: 0.7ms
[3968.739s][info][gc,phases      ] GC(1369)   Other: 0.3ms
[3968.739s][info][gc,heap        ] GC(1369) Eden regions: 1->0(25)
[3968.739s][info][gc,heap        ] GC(1369) Survivor regions: 0->0(0)
[3968.739s][info][gc,heap        ] GC(1369) Old regions: 498->499
[3968.739s][info][gc,heap        ] GC(1369) Archive regions: 2->2
[3968.739s][info][gc,heap        ] GC(1369) Humongous regions: 11->11
[3968.739s][info][gc,metaspace   ] GC(1369) Metaspace: 48843K(50128K)->48843K(50128K) NonClass: 42996K(43856K)->42996K(43856K) Class: 5846K(6272K)->5846K(6272K)
[3968.739s][info][gc             ] GC(1369) Pause Young (Concurrent Start) (G1 Evacuation Pause) 509M->509M(512M) 2.897ms
[3968.739s][info][gc,cpu         ] GC(1369) User=0.00s Sys=0.00s Real=0.00s
[3968.739s][info][gc,ergo        ] Attempting maximally compacting collection
[3968.739s][info][gc             ] GC(1370) Concurrent Cycle
[3968.739s][info][gc,task        ] GC(1371) Using 8 workers of 8 for full compaction
[3968.739s][info][gc,marking     ] GC(1370) Concurrent Clear Claimed Marks
[3968.739s][info][gc,start       ] GC(1371) Pause Full (G1 Evacuation Pause)
[3968.740s][info][gc,marking     ] GC(1370) Concurrent Clear Claimed Marks 0.452ms
[3968.740s][info][gc,marking     ] GC(1370) Concurrent Scan Root Regions
[3968.740s][info][gc,marking     ] GC(1370) Concurrent Scan Root Regions 0.010ms
[3968.740s][info][gc,marking     ] GC(1370) Concurrent Mark (3968.740s)
[3968.740s][info][gc,marking     ] GC(1370) Concurrent Mark From Roots
[3968.740s][info][gc,task        ] GC(1370) Using 2 workers of 2 for marking
[3968.741s][info][gc,phases,start] GC(1371) Phase 1: Mark live objects
[3969.112s][info][gc,phases      ] GC(1371) Phase 1: Mark live objects 371.052ms
[3969.112s][info][gc,phases,start] GC(1371) Phase 2: Prepare for compaction
[3969.177s][info][gc,phases      ] GC(1371) Phase 2: Prepare for compaction 64.552ms
[3969.177s][info][gc,phases,start] GC(1371) Phase 3: Adjust pointers
[3969.316s][info][gc,phases      ] GC(1371) Phase 3: Adjust pointers 139.685ms
[3969.316s][info][gc,phases,start] GC(1371) Phase 4: Compact heap
[3969.371s][info][gc,phases      ] GC(1371) Phase 4: Compact heap 54.955ms
[3969.378s][info][gc,heap        ] GC(1371) Eden regions: 0->0(25)
[3969.378s][info][gc,heap        ] GC(1371) Survivor regions: 0->0(0)
[3969.378s][info][gc,heap        ] GC(1371) Old regions: 499->489
[3969.378s][info][gc,heap        ] GC(1371) Archive regions: 2->2
[3969.378s][info][gc,heap        ] GC(1371) Humongous regions: 11->11
[3969.378s][info][gc,metaspace   ] GC(1371) Metaspace: 48843K(50128K)->48713K(50128K) NonClass: 42996K(43856K)->42884K(43856K) Class: 5846K(6272K)->5828K(6272K)
[3969.378s][info][gc             ] GC(1371) Pause Full (G1 Evacuation Pause) 509M->498M(512M) 638.787ms
[3969.379s][info][gc,cpu         ] GC(1371) User=2.74s Sys=0.09s Real=0.64s
[3969.380s][info][gc,marking     ] GC(1370) Concurrent Mark From Roots 639.916ms
[3969.380s][info][gc,marking     ] GC(1370) Concurrent Mark Abort
[3969.380s][info][gc             ] GC(1370) Concurrent Cycle 640.599ms
[4013.744s][info][gc,start       ] GC(1372) Pause Young (Normal) (G1 Evacuation Pause)
[4013.744s][info][gc,task        ] GC(1372) Using 8 workers of 8 for evacuation
[4013.747s][info][gc             ] GC(1372) To-space exhausted
[4013.747s][info][gc,phases      ] GC(1372)   Pre Evacuate Collection Set: 0.2ms
[4013.747s][info][gc,phases      ] GC(1372)   Merge Heap Roots: 0.0ms
[4013.747s][info][gc,phases      ] GC(1372)   Evacuate Collection Set: 0.4ms
[4013.747s][info][gc,phases      ] GC(1372)   Post Evacuate Collection Set: 1.8ms
[4013.747s][info][gc,phases      ] GC(1372)   Other: 0.3ms
[4013.747s][info][gc,heap        ] GC(1372) Eden regions: 10->0(25)
[4013.747s][info][gc,heap        ] GC(1372) Survivor regions: 0->0(0)
[4013.747s][info][gc,heap        ] GC(1372) Old regions: 489->494
[4013.747s][info][gc,heap        ] GC(1372) Archive regions: 2->2
[4013.747s][info][gc,heap        ] GC(1372) Humongous regions: 11->11
[4013.747s][info][gc,metaspace   ] GC(1372) Metaspace: 48845K(50128K)->48845K(50128K) NonClass: 42997K(43856K)->42997K(43856K) Class: 5847K(6272K)->5847K(6272K)
[4013.747s][info][gc             ] GC(1372) Pause Young (Normal) (G1 Evacuation Pause) 508M->503M(512M) 2.764ms
[4013.747s][info][gc,cpu         ] GC(1372) User=0.00s Sys=0.01s Real=0.01s
[4039.738s][info][gc,start       ] GC(1373) Pause Young (Concurrent Start) (G1 Evacuation Pause)
[4039.738s][info][gc,task        ] GC(1373) Using 8 workers of 8 for evacuation
[4039.741s][info][gc             ] GC(1373) To-space exhausted
[4039.741s][info][gc,phases      ] GC(1373)   Pre Evacuate Collection Set: 0.1ms
[4039.741s][info][gc,phases      ] GC(1373)   Merge Heap Roots: 0.0ms
[4039.741s][info][gc,phases      ] GC(1373)   Evacuate Collection Set: 1.5ms
[4039.741s][info][gc,phases      ] GC(1373)   Post Evacuate Collection Set: 1.1ms
[4039.741s][info][gc,phases      ] GC(1373)   Other: 0.3ms
[4039.741s][info][gc,heap        ] GC(1373) Eden regions: 5->0(25)
[4039.741s][info][gc,heap        ] GC(1373) Survivor regions: 0->0(0)
[4039.741s][info][gc,heap        ] GC(1373) Old regions: 494->497
[4039.741s][info][gc,heap        ] GC(1373) Archive regions: 2->2
[4039.741s][info][gc,heap        ] GC(1373) Humongous regions: 11->11
[4039.741s][info][gc,metaspace   ] GC(1373) Metaspace: 48845K(50128K)->48845K(50128K) NonClass: 42998K(43856K)->42998K(43856K) Class: 5847K(6272K)->5847K(6272K)
[4039.741s][info][gc             ] GC(1373) Pause Young (Concurrent Start) (G1 Evacuation Pause) 508M->506M(512M) 3.194ms
[4039.741s][info][gc,cpu         ] GC(1373) User=0.01s Sys=0.00s Real=0.00s
[4039.741s][info][gc             ] GC(1374) Concurrent Cycle
[4039.741s][info][gc,marking     ] GC(1374) Concurrent Clear Claimed Marks
[4039.741s][info][gc,marking     ] GC(1374) Concurrent Clear Claimed Marks 0.072ms
[4039.741s][info][gc,marking     ] GC(1374) Concurrent Scan Root Regions
[4039.741s][info][gc,marking     ] GC(1374) Concurrent Scan Root Regions 0.013ms
[4039.741s][info][gc,marking     ] GC(1374) Concurrent Mark (4039.741s)
[4039.741s][info][gc,marking     ] GC(1374) Concurrent Mark From Roots
[4039.741s][info][gc,task        ] GC(1374) Using 2 workers of 2 for marking
[4040.390s][info][gc,marking     ] GC(1374) Concurrent Mark From Roots 648.310ms
[4040.390s][info][gc,marking     ] GC(1374) Concurrent Preclean
[4040.390s][info][gc,marking     ] GC(1374) Concurrent Preclean 0.095ms
[4040.390s][info][gc,marking     ] GC(1374) Concurrent Mark (4039.741s, 4040.390s) 648.499ms
[4040.390s][info][gc,start       ] GC(1374) Pause Remark
[4040.395s][info][gc             ] GC(1374) Pause Remark 506M->505M(512M) 4.985ms
[4040.395s][info][gc,cpu         ] GC(1374) User=0.02s Sys=0.00s Real=0.01s
[4040.395s][info][gc,marking     ] GC(1374) Concurrent Rebuild Remembered Sets
[4040.746s][info][gc,marking     ] GC(1374) Concurrent Rebuild Remembered Sets 350.998ms
[4040.748s][info][gc,start       ] GC(1374) Pause Cleanup
[4040.748s][info][gc             ] GC(1374) Pause Cleanup 506M->506M(512M) 0.402ms
[4040.748s][info][gc,cpu         ] GC(1374) User=0.00s Sys=0.00s Real=0.00s
[4040.748s][info][gc,marking     ] GC(1374) Concurrent Cleanup for Next Mark
[4040.749s][info][gc,marking     ] GC(1374) Concurrent Cleanup for Next Mark 0.745ms
[4040.749s][info][gc             ] GC(1374) Concurrent Cycle 1007.695ms
[4054.732s][info][gc,start       ] GC(1375) Pause Young (Normal) (G1 Evacuation Pause)
[4054.732s][info][gc,task        ] GC(1375) Using 8 workers of 8 for evacuation
[4054.733s][info][gc             ] GC(1375) To-space exhausted
[4054.733s][info][gc,phases      ] GC(1375)   Pre Evacuate Collection Set: 0.1ms
[4054.733s][info][gc,phases      ] GC(1375)   Merge Heap Roots: 0.0ms
[4054.733s][info][gc,phases      ] GC(1375)   Evacuate Collection Set: 0.2ms
[4054.733s][info][gc,phases      ] GC(1375)   Post Evacuate Collection Set: 0.7ms
[4054.733s][info][gc,phases      ] GC(1375)   Other: 0.1ms
[4054.734s][info][gc,heap        ] GC(1375) Eden regions: 3->0(25)
[4054.734s][info][gc,heap        ] GC(1375) Survivor regions: 0->0(0)
[4054.734s][info][gc,heap        ] GC(1375) Old regions: 496->498
[4054.734s][info][gc,heap        ] GC(1375) Archive regions: 2->2
[4054.734s][info][gc,heap        ] GC(1375) Humongous regions: 11->11
[4054.734s][info][gc,metaspace   ] GC(1375) Metaspace: 48843K(50128K)->48843K(50128K) NonClass: 42996K(43856K)->42996K(43856K) Class: 5846K(6272K)->5846K(6272K)
[4054.734s][info][gc             ] GC(1375) Pause Young (Normal) (G1 Evacuation Pause) 508M->507M(512M) 1.164ms
[4054.734s][info][gc,cpu         ] GC(1375) User=0.00s Sys=0.00s Real=0.00s
[4059.733s][info][gc,start       ] GC(1376) Pause Young (Concurrent Start) (G1 Evacuation Pause)
[4059.733s][info][gc,task        ] GC(1376) Using 8 workers of 8 for evacuation
[4059.738s][info][gc             ] GC(1376) To-space exhausted
[4059.738s][info][gc,phases      ] GC(1376)   Pre Evacuate Collection Set: 0.3ms
[4059.738s][info][gc,phases      ] GC(1376)   Merge Heap Roots: 0.1ms
[4059.738s][info][gc,phases      ] GC(1376)   Evacuate Collection Set: 1.7ms
[4059.738s][info][gc,phases      ] GC(1376)   Post Evacuate Collection Set: 2.6ms
[4059.738s][info][gc,phases      ] GC(1376)   Other: 0.6ms
[4059.738s][info][gc,heap        ] GC(1376) Eden regions: 1->0(25)
[4059.738s][info][gc,heap        ] GC(1376) Survivor regions: 0->0(0)
[4059.738s][info][gc,heap        ] GC(1376) Old regions: 498->499
[4059.738s][info][gc,heap        ] GC(1376) Archive regions: 2->2
[4059.738s][info][gc,heap        ] GC(1376) Humongous regions: 11->11
[4059.738s][info][gc,metaspace   ] GC(1376) Metaspace: 48843K(50128K)->48843K(50128K) NonClass: 42996K(43856K)->42996K(43856K) Class: 5846K(6272K)->5846K(6272K)
[4059.738s][info][gc             ] GC(1376) Pause Young (Concurrent Start) (G1 Evacuation Pause) 508M->508M(512M) 5.474ms
[4059.739s][info][gc,cpu         ] GC(1376) User=0.01s Sys=0.00s Real=0.01s
[4059.739s][info][gc,ergo        ] Attempting maximally compacting collection
[4059.739s][info][gc             ] GC(1377) Concurrent Cycle
[4059.739s][info][gc,marking     ] GC(1377) Concurrent Clear Claimed Marks
[4059.739s][info][gc,task        ] GC(1378) Using 8 workers of 8 for full compaction
[4059.739s][info][gc,start       ] GC(1378) Pause Full (G1 Evacuation Pause)
[4059.739s][info][gc,marking     ] GC(1377) Concurrent Clear Claimed Marks 0.200ms
[4059.739s][info][gc,marking     ] GC(1377) Concurrent Scan Root Regions
[4059.739s][info][gc,marking     ] GC(1377) Concurrent Scan Root Regions 0.013ms
[4059.739s][info][gc,marking     ] GC(1377) Concurrent Mark (4059.739s)
[4059.739s][info][gc,marking     ] GC(1377) Concurrent Mark From Roots
[4059.739s][info][gc,task        ] GC(1377) Using 2 workers of 2 for marking
[4059.740s][info][gc,phases,start] GC(1378) Phase 1: Mark live objects
[4060.139s][info][gc,phases      ] GC(1378) Phase 1: Mark live objects 399.150ms
[4060.139s][info][gc,phases,start] GC(1378) Phase 2: Prepare for compaction
[4060.211s][info][gc,phases      ] GC(1378) Phase 2: Prepare for compaction 72.038ms
[4060.211s][info][gc,phases,start] GC(1378) Phase 3: Adjust pointers
[4060.342s][info][gc,phases      ] GC(1378) Phase 3: Adjust pointers 130.893ms
[4060.342s][info][gc,phases,start] GC(1378) Phase 4: Compact heap
[4060.412s][info][gc,phases      ] GC(1378) Phase 4: Compact heap 69.246ms
[4060.418s][info][gc,heap        ] GC(1378) Eden regions: 0->0(25)
[4060.419s][info][gc,heap        ] GC(1378) Survivor regions: 0->0(0)
[4060.419s][info][gc,heap        ] GC(1378) Old regions: 499->490
[4060.419s][info][gc,heap        ] GC(1378) Archive regions: 2->2
[4060.419s][info][gc,heap        ] GC(1378) Humongous regions: 11->11
[4060.419s][info][gc,metaspace   ] GC(1378) Metaspace: 48843K(50128K)->48713K(50128K) NonClass: 42996K(43856K)->42884K(43856K) Class: 5846K(6272K)->5828K(6272K)
[4060.419s][info][gc             ] GC(1378) Pause Full (G1 Evacuation Pause) 508M->498M(512M) 679.806ms
[4060.422s][info][gc,cpu         ] GC(1378) User=2.83s Sys=0.09s Real=0.68s
[4060.422s][info][gc,marking     ] GC(1377) Concurrent Mark From Roots 683.217ms
[4060.422s][info][gc,marking     ] GC(1377) Concurrent Mark Abort
[4060.422s][info][gc             ] GC(1377) Concurrent Cycle 683.572ms
[4100.732s][info][gc,start       ] GC(1379) Pause Young (Normal) (G1 Evacuation Pause)
[4100.732s][info][gc,task        ] GC(1379) Using 8 workers of 8 for evacuation
[4100.734s][info][gc             ] GC(1379) To-space exhausted
[4100.734s][info][gc,phases      ] GC(1379)   Pre Evacuate Collection Set: 0.1ms
[4100.734s][info][gc,phases      ] GC(1379)   Merge Heap Roots: 0.0ms
[4100.734s][info][gc,phases      ] GC(1379)   Evacuate Collection Set: 0.3ms
[4100.734s][info][gc,phases      ] GC(1379)   Post Evacuate Collection Set: 1.5ms
[4100.734s][info][gc,phases      ] GC(1379)   Other: 0.3ms
[4100.734s][info][gc,heap        ] GC(1379) Eden regions: 9->0(25)
[4100.734s][info][gc,heap        ] GC(1379) Survivor regions: 0->0(0)
[4100.734s][info][gc,heap        ] GC(1379) Old regions: 490->495
[4100.734s][info][gc,heap        ] GC(1379) Archive regions: 2->2
[4100.734s][info][gc,heap        ] GC(1379) Humongous regions: 11->11
[4100.734s][info][gc,metaspace   ] GC(1379) Metaspace: 48844K(50128K)->48844K(50128K) NonClass: 42997K(43856K)->42997K(43856K) Class: 5847K(6272K)->5847K(6272K)
[4100.734s][info][gc             ] GC(1379) Pause Young (Normal) (G1 Evacuation Pause) 507M->503M(512M) 2.349ms
[4100.734s][info][gc,cpu         ] GC(1379) User=0.00s Sys=0.00s Real=0.00s
[4120.732s][info][gc,start       ] GC(1380) Pause Young (Concurrent Start) (G1 Evacuation Pause)
[4120.732s][info][gc,task        ] GC(1380) Using 8 workers of 8 for evacuation
[4120.735s][info][gc             ] GC(1380) To-space exhausted
[4120.735s][info][gc,phases      ] GC(1380)   Pre Evacuate Collection Set: 0.2ms
[4120.735s][info][gc,phases      ] GC(1380)   Merge Heap Roots: 0.0ms
[4120.735s][info][gc,phases      ] GC(1380)   Evacuate Collection Set: 1.1ms
[4120.735s][info][gc,phases      ] GC(1380)   Post Evacuate Collection Set: 1.4ms
[4120.735s][info][gc,phases      ] GC(1380)   Other: 0.4ms
[4120.735s][info][gc,heap        ] GC(1380) Eden regions: 4->0(25)
[4120.735s][info][gc,heap        ] GC(1380) Survivor regions: 0->0(0)
[4120.735s][info][gc,heap        ] GC(1380) Old regions: 495->498
[4120.735s][info][gc,heap        ] GC(1380) Archive regions: 2->2
[4120.735s][info][gc,heap        ] GC(1380) Humongous regions: 11->11
[4120.735s][info][gc,metaspace   ] GC(1380) Metaspace: 48844K(50128K)->48844K(50128K) NonClass: 42997K(43856K)->42997K(43856K) Class: 5847K(6272K)->5847K(6272K)
[4120.735s][info][gc             ] GC(1380) Pause Young (Concurrent Start) (G1 Evacuation Pause) 507M->506M(512M) 3.139ms
[4120.735s][info][gc,cpu         ] GC(1380) User=0.01s Sys=0.00s Real=0.01s
[4120.735s][info][gc             ] GC(1381) Concurrent Cycle
[4120.735s][info][gc,marking     ] GC(1381) Concurrent Clear Claimed Marks
[4120.735s][info][gc,marking     ] GC(1381) Concurrent Clear Claimed Marks 0.106ms
[4120.735s][info][gc,marking     ] GC(1381) Concurrent Scan Root Regions
[4120.735s][info][gc,marking     ] GC(1381) Concurrent Scan Root Regions 0.010ms
[4120.735s][info][gc,marking     ] GC(1381) Concurrent Mark (4120.735s)
[4120.735s][info][gc,marking     ] GC(1381) Concurrent Mark From Roots
[4120.735s][info][gc,task        ] GC(1381) Using 2 workers of 2 for marking
[4121.379s][info][gc,marking     ] GC(1381) Concurrent Mark From Roots 643.993ms
[4121.379s][info][gc,marking     ] GC(1381) Concurrent Preclean
[4121.379s][info][gc,marking     ] GC(1381) Concurrent Preclean 0.076ms
[4121.380s][info][gc,marking     ] GC(1381) Concurrent Mark (4120.735s, 4121.380s) 644.133ms
[4121.380s][info][gc,start       ] GC(1381) Pause Remark
[4121.383s][info][gc             ] GC(1381) Pause Remark 506M->505M(512M) 3.457ms
[4121.383s][info][gc,cpu         ] GC(1381) User=0.02s Sys=0.00s Real=0.00s
[4121.383s][info][gc,marking     ] GC(1381) Concurrent Rebuild Remembered Sets
[4121.749s][info][gc,marking     ] GC(1381) Concurrent Rebuild Remembered Sets 366.205ms
[4121.750s][info][gc,start       ] GC(1381) Pause Cleanup
[4121.751s][info][gc             ] GC(1381) Pause Cleanup 506M->506M(512M) 0.324ms
[4121.751s][info][gc,cpu         ] GC(1381) User=0.00s Sys=0.00s Real=0.00s
[4121.751s][info][gc,marking     ] GC(1381) Concurrent Cleanup for Next Mark
[4121.752s][info][gc,marking     ] GC(1381) Concurrent Cleanup for Next Mark 0.987ms
[4121.752s][info][gc             ] GC(1381) Concurrent Cycle 1016.692ms
[4130.733s][info][gc,start       ] GC(1382) Pause Young (Normal) (G1 Evacuation Pause)
[4130.733s][info][gc,task        ] GC(1382) Using 8 workers of 8 for evacuation
[4130.734s][info][gc             ] GC(1382) To-space exhausted
[4130.734s][info][gc,phases      ] GC(1382)   Pre Evacuate Collection Set: 0.1ms
[4130.734s][info][gc,phases      ] GC(1382)   Merge Heap Roots: 0.0ms
[4130.734s][info][gc,phases      ] GC(1382)   Evacuate Collection Set: 0.3ms
[4130.734s][info][gc,phases      ] GC(1382)   Post Evacuate Collection Set: 0.5ms
[4130.734s][info][gc,phases      ] GC(1382)   Other: 0.2ms
[4130.734s][info][gc,heap        ] GC(1382) Eden regions: 2->0(25)
[4130.734s][info][gc,heap        ] GC(1382) Survivor regions: 0->0(0)
[4130.734s][info][gc,heap        ] GC(1382) Old regions: 497->499
[4130.734s][info][gc,heap        ] GC(1382) Archive regions: 2->2
[4130.734s][info][gc,heap        ] GC(1382) Humongous regions: 11->11
[4130.734s][info][gc,metaspace   ] GC(1382) Metaspace: 48843K(50128K)->48843K(50128K) NonClass: 42996K(43856K)->42996K(43856K) Class: 5846K(6272K)->5846K(6272K)
[4130.734s][info][gc             ] GC(1382) Pause Young (Normal) (G1 Evacuation Pause) 507M->507M(512M) 1.253ms
[4130.734s][info][gc,cpu         ] GC(1382) User=0.01s Sys=0.00s Real=0.00s
[4130.734s][info][gc,ergo        ] Attempting maximally compacting collection
[4130.734s][info][gc,task        ] GC(1383) Using 8 workers of 8 for full compaction
[4130.734s][info][gc,start       ] GC(1383) Pause Full (G1 Evacuation Pause)
[4130.735s][info][gc,phases,start] GC(1383) Phase 1: Mark live objects
[4131.139s][info][gc,phases      ] GC(1383) Phase 1: Mark live objects 404.932ms
[4131.140s][info][gc,phases,start] GC(1383) Phase 2: Prepare for compaction
[4131.205s][info][gc,phases      ] GC(1383) Phase 2: Prepare for compaction 65.883ms
[4131.206s][info][gc,phases,start] GC(1383) Phase 3: Adjust pointers
[4131.351s][info][gc,phases      ] GC(1383) Phase 3: Adjust pointers 144.966ms
[4131.351s][info][gc,phases,start] GC(1383) Phase 4: Compact heap
[4131.411s][info][gc,phases      ] GC(1383) Phase 4: Compact heap 60.806ms
[4131.418s][info][gc,heap        ] GC(1383) Eden regions: 0->0(25)
[4131.418s][info][gc,heap        ] GC(1383) Survivor regions: 0->0(0)
[4131.418s][info][gc,heap        ] GC(1383) Old regions: 499->489
[4131.418s][info][gc,heap        ] GC(1383) Archive regions: 2->2
[4131.418s][info][gc,heap        ] GC(1383) Humongous regions: 11->11
[4131.418s][info][gc,metaspace   ] GC(1383) Metaspace: 48843K(50128K)->48739K(50128K) NonClass: 42996K(43856K)->42906K(43856K) Class: 5846K(6272K)->5832K(6272K)
[4131.418s][info][gc             ] GC(1383) Pause Full (G1 Evacuation Pause) 507M->498M(512M) 683.243ms
[4131.422s][info][gc,cpu         ] GC(1383) User=2.83s Sys=0.10s Real=0.69s
[4176.736s][info][gc,start       ] GC(1384) Pause Young (Concurrent Start) (G1 Evacuation Pause)
[4176.737s][info][gc,task        ] GC(1384) Using 8 workers of 8 for evacuation
[4176.739s][info][gc             ] GC(1384) To-space exhausted
[4176.739s][info][gc,phases      ] GC(1384)   Pre Evacuate Collection Set: 0.1ms
[4176.739s][info][gc,phases      ] GC(1384)   Merge Heap Roots: 0.0ms
[4176.739s][info][gc,phases      ] GC(1384)   Evacuate Collection Set: 0.6ms
[4176.739s][info][gc,phases      ] GC(1384)   Post Evacuate Collection Set: 1.2ms
[4176.739s][info][gc,phases      ] GC(1384)   Other: 0.2ms
[4176.739s][info][gc,heap        ] GC(1384) Eden regions: 10->0(25)
[4176.739s][info][gc,heap        ] GC(1384) Survivor regions: 0->0(0)
[4176.739s][info][gc,heap        ] GC(1384) Old regions: 489->493
[4176.739s][info][gc,heap        ] GC(1384) Archive regions: 2->2
[4176.739s][info][gc,heap        ] GC(1384) Humongous regions: 11->11
[4176.739s][info][gc,metaspace   ] GC(1384) Metaspace: 48845K(50128K)->48845K(50128K) NonClass: 42997K(43856K)->42997K(43856K) Class: 5847K(6272K)->5847K(6272K)
[4176.739s][info][gc             ] GC(1384) Pause Young (Concurrent Start) (G1 Evacuation Pause) 508M->502M(512M) 2.253ms
[4176.739s][info][gc,cpu         ] GC(1384) User=0.00s Sys=0.00s Real=0.00s
[4176.739s][info][gc             ] GC(1385) Concurrent Cycle
[4176.739s][info][gc,marking     ] GC(1385) Concurrent Clear Claimed Marks
[4176.739s][info][gc,marking     ] GC(1385) Concurrent Clear Claimed Marks 0.072ms
[4176.739s][info][gc,marking     ] GC(1385) Concurrent Scan Root Regions
[4176.739s][info][gc,marking     ] GC(1385) Concurrent Scan Root Regions 0.009ms
[4176.739s][info][gc,marking     ] GC(1385) Concurrent Mark (4176.739s)
[4176.739s][info][gc,marking     ] GC(1385) Concurrent Mark From Roots
[4176.739s][info][gc,task        ] GC(1385) Using 2 workers of 2 for marking
[4177.365s][info][gc,marking     ] GC(1385) Concurrent Mark From Roots 626.551ms
[4177.366s][info][gc,marking     ] GC(1385) Concurrent Preclean
[4177.366s][info][gc,marking     ] GC(1385) Concurrent Preclean 0.113ms
[4177.366s][info][gc,marking     ] GC(1385) Concurrent Mark (4176.739s, 4177.366s) 626.748ms
[4177.366s][info][gc,start       ] GC(1385) Pause Remark
[4177.372s][info][gc             ] GC(1385) Pause Remark 502M->502M(512M) 5.744ms
[4177.372s][info][gc,cpu         ] GC(1385) User=0.03s Sys=0.00s Real=0.00s
[4177.373s][info][gc,marking     ] GC(1385) Concurrent Rebuild Remembered Sets
[4177.775s][info][gc,marking     ] GC(1385) Concurrent Rebuild Remembered Sets 402.020ms
[4177.777s][info][gc,start       ] GC(1385) Pause Cleanup
[4177.778s][info][gc             ] GC(1385) Pause Cleanup 503M->503M(512M) 0.396ms
[4177.778s][info][gc,cpu         ] GC(1385) User=0.01s Sys=0.00s Real=0.00s
[4177.778s][info][gc,marking     ] GC(1385) Concurrent Cleanup for Next Mark
[4177.779s][info][gc,marking     ] GC(1385) Concurrent Cleanup for Next Mark 0.862ms
[4177.779s][info][gc             ] GC(1385) Concurrent Cycle 1040.126ms
[4206.735s][info][gc,start       ] GC(1386) Pause Young (Normal) (G1 Evacuation Pause)
[4206.735s][info][gc,task        ] GC(1386) Using 8 workers of 8 for evacuation
[4206.736s][info][gc             ] GC(1386) To-space exhausted
[4206.736s][info][gc,phases      ] GC(1386)   Pre Evacuate Collection Set: 0.0ms
[4206.736s][info][gc,phases      ] GC(1386)   Merge Heap Roots: 0.0ms
[4206.736s][info][gc,phases      ] GC(1386)   Evacuate Collection Set: 0.3ms
[4206.736s][info][gc,phases      ] GC(1386)   Post Evacuate Collection Set: 0.5ms
[4206.736s][info][gc,phases      ] GC(1386)   Other: 0.1ms
[4206.736s][info][gc,heap        ] GC(1386) Eden regions: 6->0(25)
[4206.736s][info][gc,heap        ] GC(1386) Survivor regions: 0->0(0)
[4206.736s][info][gc,heap        ] GC(1386) Old regions: 493->497
[4206.736s][info][gc,heap        ] GC(1386) Archive regions: 2->2
[4206.736s][info][gc,heap        ] GC(1386) Humongous regions: 11->11
[4206.736s][info][gc,metaspace   ] GC(1386) Metaspace: 48845K(50128K)->48845K(50128K) NonClass: 42998K(43856K)->42998K(43856K) Class: 5847K(6272K)->5847K(6272K)
[4206.736s][info][gc             ] GC(1386) Pause Young (Normal) (G1 Evacuation Pause) 508M->506M(512M) 1.103ms
[4206.736s][info][gc,cpu         ] GC(1386) User=0.00s Sys=0.00s Real=0.01s
[4216.738s][info][gc,start       ] GC(1387) Pause Young (Concurrent Start) (G1 Evacuation Pause)
[4216.738s][info][gc,task        ] GC(1387) Using 8 workers of 8 for evacuation
[4216.739s][info][gc             ] GC(1387) To-space exhausted
[4216.739s][info][gc,phases      ] GC(1387)   Pre Evacuate Collection Set: 0.1ms
[4216.739s][info][gc,phases      ] GC(1387)   Merge Heap Roots: 0.0ms
[4216.739s][info][gc,phases      ] GC(1387)   Evacuate Collection Set: 0.7ms
[4216.739s][info][gc,phases      ] GC(1387)   Post Evacuate Collection Set: 0.6ms
[4216.739s][info][gc,phases      ] GC(1387)   Other: 0.2ms
[4216.739s][info][gc,heap        ] GC(1387) Eden regions: 2->0(25)
[4216.739s][info][gc,heap        ] GC(1387) Survivor regions: 0->0(0)
[4216.739s][info][gc,heap        ] GC(1387) Old regions: 497->499
[4216.739s][info][gc,heap        ] GC(1387) Archive regions: 2->2
[4216.739s][info][gc,heap        ] GC(1387) Humongous regions: 11->11
[4216.739s][info][gc,metaspace   ] GC(1387) Metaspace: 48845K(50128K)->48845K(50128K) NonClass: 42998K(43856K)->42998K(43856K) Class: 5847K(6272K)->5847K(6272K)
[4216.739s][info][gc             ] GC(1387) Pause Young (Concurrent Start) (G1 Evacuation Pause) 508M->508M(512M) 1.728ms
[4216.739s][info][gc,cpu         ] GC(1387) User=0.00s Sys=0.01s Real=0.00s
[4216.739s][info][gc,ergo        ] Attempting maximally compacting collection
[4216.739s][info][gc,task        ] GC(1388) Using 8 workers of 8 for full compaction
[4216.739s][info][gc             ] GC(1389) Concurrent Cycle
[4216.739s][info][gc,start       ] GC(1388) Pause Full (G1 Evacuation Pause)
[4216.739s][info][gc,marking     ] GC(1389) Concurrent Clear Claimed Marks
[4216.740s][info][gc,marking     ] GC(1389) Concurrent Clear Claimed Marks 0.331ms
[4216.740s][info][gc,marking     ] GC(1389) Concurrent Scan Root Regions
[4216.740s][info][gc,marking     ] GC(1389) Concurrent Scan Root Regions 0.011ms
[4216.740s][info][gc,marking     ] GC(1389) Concurrent Mark (4216.740s)
[4216.740s][info][gc,marking     ] GC(1389) Concurrent Mark From Roots
[4216.740s][info][gc,task        ] GC(1389) Using 2 workers of 2 for marking
[4216.740s][info][gc,phases,start] GC(1388) Phase 1: Mark live objects
[4217.113s][info][gc,phases      ] GC(1388) Phase 1: Mark live objects 372.711ms
[4217.113s][info][gc,phases,start] GC(1388) Phase 2: Prepare for compaction
[4217.177s][info][gc,phases      ] GC(1388) Phase 2: Prepare for compaction 64.077ms
[4217.177s][info][gc,phases,start] GC(1388) Phase 3: Adjust pointers
[4217.316s][info][gc,phases      ] GC(1388) Phase 3: Adjust pointers 138.893ms
[4217.316s][info][gc,phases,start] GC(1388) Phase 4: Compact heap
[4217.366s][info][gc,phases      ] GC(1388) Phase 4: Compact heap 50.367ms
[4217.372s][info][gc,heap        ] GC(1388) Eden regions: 0->0(25)
[4217.372s][info][gc,heap        ] GC(1388) Survivor regions: 0->0(0)
[4217.372s][info][gc,heap        ] GC(1388) Old regions: 499->490
[4217.372s][info][gc,heap        ] GC(1388) Archive regions: 2->2
[4217.372s][info][gc,heap        ] GC(1388) Humongous regions: 11->11
[4217.372s][info][gc,metaspace   ] GC(1388) Metaspace: 48845K(50128K)->48713K(50128K) NonClass: 42998K(43856K)->42884K(43856K) Class: 5847K(6272K)->5828K(6272K)
[4217.372s][info][gc             ] GC(1388) Pause Full (G1 Evacuation Pause) 508M->498M(512M) 632.367ms
[4217.374s][info][gc,cpu         ] GC(1388) User=2.77s Sys=0.09s Real=0.63s
[4217.374s][info][gc,marking     ] GC(1389) Concurrent Mark From Roots 634.730ms
[4217.374s][info][gc,marking     ] GC(1389) Concurrent Mark Abort
[4217.375s][info][gc             ] GC(1389) Concurrent Cycle 635.201ms
[4256.733s][info][gc,start       ] GC(1390) Pause Young (Normal) (G1 Evacuation Pause)
[4256.733s][info][gc,task        ] GC(1390) Using 8 workers of 8 for evacuation
[4256.734s][info][gc             ] GC(1390) To-space exhausted
[4256.735s][info][gc,phases      ] GC(1390)   Pre Evacuate Collection Set: 0.1ms
[4256.735s][info][gc,phases      ] GC(1390)   Merge Heap Roots: 0.0ms
[4256.735s][info][gc,phases      ] GC(1390)   Evacuate Collection Set: 0.2ms
[4256.735s][info][gc,phases      ] GC(1390)   Post Evacuate Collection Set: 0.9ms
[4256.735s][info][gc,phases      ] GC(1390)   Other: 0.1ms
[4256.735s][info][gc,heap        ] GC(1390) Eden regions: 9->0(25)
[4256.735s][info][gc,heap        ] GC(1390) Survivor regions: 0->0(0)
[4256.735s][info][gc,heap        ] GC(1390) Old regions: 490->495
[4256.735s][info][gc,heap        ] GC(1390) Archive regions: 2->2
[4256.735s][info][gc,heap        ] GC(1390) Humongous regions: 11->11
[4256.735s][info][gc,metaspace   ] GC(1390) Metaspace: 48854K(50128K)->48854K(50128K) NonClass: 43006K(43856K)->43006K(43856K) Class: 5848K(6272K)->5848K(6272K)
[4256.735s][info][gc             ] GC(1390) Pause Young (Normal) (G1 Evacuation Pause) 507M->503M(512M) 1.388ms
[4256.735s][info][gc,cpu         ] GC(1390) User=0.01s Sys=0.00s Real=0.00s
[4277.738s][info][gc,start       ] GC(1391) Pause Young (Concurrent Start) (G1 Evacuation Pause)
[4277.738s][info][gc,task        ] GC(1391) Using 8 workers of 8 for evacuation
[4277.741s][info][gc             ] GC(1391) To-space exhausted
[4277.741s][info][gc,phases      ] GC(1391)   Pre Evacuate Collection Set: 0.2ms
[4277.741s][info][gc,phases      ] GC(1391)   Merge Heap Roots: 0.1ms
[4277.741s][info][gc,phases      ] GC(1391)   Evacuate Collection Set: 0.9ms
[4277.741s][info][gc,phases      ] GC(1391)   Post Evacuate Collection Set: 1.3ms
[4277.741s][info][gc,phases      ] GC(1391)   Other: 0.4ms
[4277.741s][info][gc,heap        ] GC(1391) Eden regions: 4->0(25)
[4277.741s][info][gc,heap        ] GC(1391) Survivor regions: 0->0(0)
[4277.741s][info][gc,heap        ] GC(1391) Old regions: 495->498
[4277.741s][info][gc,heap        ] GC(1391) Archive regions: 2->2
[4277.741s][info][gc,heap        ] GC(1391) Humongous regions: 11->11
[4277.741s][info][gc,metaspace   ] GC(1391) Metaspace: 48854K(50128K)->48854K(50128K) NonClass: 43006K(43856K)->43006K(43856K) Class: 5848K(6272K)->5848K(6272K)
[4277.741s][info][gc             ] GC(1391) Pause Young (Concurrent Start) (G1 Evacuation Pause) 507M->506M(512M) 2.918ms
[4277.741s][info][gc,cpu         ] GC(1391) User=0.01s Sys=0.00s Real=0.00s
[4277.741s][info][gc             ] GC(1392) Concurrent Cycle
[4277.741s][info][gc,marking     ] GC(1392) Concurrent Clear Claimed Marks
[4277.741s][info][gc,marking     ] GC(1392) Concurrent Clear Claimed Marks 0.058ms
[4277.741s][info][gc,marking     ] GC(1392) Concurrent Scan Root Regions
[4277.741s][info][gc,marking     ] GC(1392) Concurrent Scan Root Regions 0.010ms
[4277.741s][info][gc,marking     ] GC(1392) Concurrent Mark (4277.741s)
[4277.741s][info][gc,marking     ] GC(1392) Concurrent Mark From Roots
[4277.741s][info][gc,task        ] GC(1392) Using 2 workers of 2 for marking
[4278.425s][info][gc,marking     ] GC(1392) Concurrent Mark From Roots 684.253ms
[4278.425s][info][gc,marking     ] GC(1392) Concurrent Preclean
[4278.425s][info][gc,marking     ] GC(1392) Concurrent Preclean 0.083ms
[4278.425s][info][gc,marking     ] GC(1392) Concurrent Mark (4277.741s, 4278.425s) 684.400ms
[4278.426s][info][gc,start       ] GC(1392) Pause Remark
[4278.429s][info][gc             ] GC(1392) Pause Remark 506M->504M(512M) 3.006ms
[4278.429s][info][gc,cpu         ] GC(1392) User=0.01s Sys=0.00s Real=0.00s
[4278.429s][info][gc,marking     ] GC(1392) Concurrent Rebuild Remembered Sets
[4278.783s][info][gc,marking     ] GC(1392) Concurrent Rebuild Remembered Sets 354.741ms
[4278.788s][info][gc,start       ] GC(1392) Pause Cleanup
[4278.790s][info][gc             ] GC(1392) Pause Cleanup 505M->505M(512M) 1.101ms
[4278.790s][info][gc,cpu         ] GC(1392) User=0.00s Sys=0.00s Real=0.00s
[4278.790s][info][gc,marking     ] GC(1392) Concurrent Cleanup for Next Mark
[4278.792s][info][gc,marking     ] GC(1392) Concurrent Cleanup for Next Mark 1.815ms
[4278.792s][info][gc             ] GC(1392) Concurrent Cycle 1050.771ms
[4298.733s][info][gc,start       ] GC(1393) Pause Young (Normal) (G1 Evacuation Pause)
[4298.733s][info][gc,task        ] GC(1393) Using 8 workers of 8 for evacuation
[4298.734s][info][gc             ] GC(1393) To-space exhausted
[4298.734s][info][gc,phases      ] GC(1393)   Pre Evacuate Collection Set: 0.1ms
[4298.734s][info][gc,phases      ] GC(1393)   Merge Heap Roots: 0.0ms
[4298.734s][info][gc,phases      ] GC(1393)   Evacuate Collection Set: 0.2ms
[4298.734s][info][gc,phases      ] GC(1393)   Post Evacuate Collection Set: 0.7ms
[4298.734s][info][gc,phases      ] GC(1393)   Other: 0.1ms
[4298.734s][info][gc,heap        ] GC(1393) Eden regions: 4->0(25)
[4298.734s][info][gc,heap        ] GC(1393) Survivor regions: 0->0(0)
[4298.734s][info][gc,heap        ] GC(1393) Old regions: 495->499
[4298.734s][info][gc,heap        ] GC(1393) Archive regions: 2->2
[4298.734s][info][gc,heap        ] GC(1393) Humongous regions: 11->11
[4298.734s][info][gc,metaspace   ] GC(1393) Metaspace: 48843K(50128K)->48843K(50128K) NonClass: 42996K(43856K)->42996K(43856K) Class: 5846K(6272K)->5846K(6272K)
[4298.734s][info][gc             ] GC(1393) Pause Young (Normal) (G1 Evacuation Pause) 508M->508M(512M) 1.197ms
[4298.734s][info][gc,cpu         ] GC(1393) User=0.01s Sys=0.00s Real=0.00s
[4298.734s][info][gc,ergo        ] Attempting maximally compacting collection
[4298.734s][info][gc,task        ] GC(1394) Using 8 workers of 8 for full compaction
[4298.734s][info][gc,start       ] GC(1394) Pause Full (G1 Evacuation Pause)
[4298.734s][info][gc,phases,start] GC(1394) Phase 1: Mark live objects
[4299.111s][info][gc,phases      ] GC(1394) Phase 1: Mark live objects 376.896ms
[4299.111s][info][gc,phases,start] GC(1394) Phase 2: Prepare for compaction
[4299.165s][info][gc,phases      ] GC(1394) Phase 2: Prepare for compaction 53.851ms
[4299.165s][info][gc,phases,start] GC(1394) Phase 3: Adjust pointers
[4299.304s][info][gc,phases      ] GC(1394) Phase 3: Adjust pointers 139.254ms
[4299.304s][info][gc,phases,start] GC(1394) Phase 4: Compact heap
[4299.371s][info][gc,phases      ] GC(1394) Phase 4: Compact heap 67.000ms
[4299.377s][info][gc,heap        ] GC(1394) Eden regions: 0->0(25)
[4299.377s][info][gc,heap        ] GC(1394) Survivor regions: 0->0(0)
[4299.377s][info][gc,heap        ] GC(1394) Old regions: 499->488
[4299.377s][info][gc,heap        ] GC(1394) Archive regions: 2->2
[4299.377s][info][gc,heap        ] GC(1394) Humongous regions: 11->11
[4299.377s][info][gc,metaspace   ] GC(1394) Metaspace: 48843K(50128K)->48713K(50128K) NonClass: 42996K(43856K)->42884K(43856K) Class: 5846K(6272K)->5828K(6272K)
[4299.377s][info][gc             ] GC(1394) Pause Full (G1 Evacuation Pause) 508M->498M(512M) 643.084ms
[4299.378s][info][gc,cpu         ] GC(1394) User=2.84s Sys=0.08s Real=0.65s
[4350.738s][info][gc,start       ] GC(1395) Pause Young (Concurrent Start) (G1 Evacuation Pause)
[4350.738s][info][gc,task        ] GC(1395) Using 8 workers of 8 for evacuation
[4350.739s][info][gc             ] GC(1395) To-space exhausted
[4350.740s][info][gc,phases      ] GC(1395)   Pre Evacuate Collection Set: 0.1ms
[4350.740s][info][gc,phases      ] GC(1395)   Merge Heap Roots: 0.0ms
[4350.740s][info][gc,phases      ] GC(1395)   Evacuate Collection Set: 0.5ms
[4350.740s][info][gc,phases      ] GC(1395)   Post Evacuate Collection Set: 1.1ms
[4350.740s][info][gc,phases      ] GC(1395)   Other: 0.2ms
[4350.740s][info][gc,heap        ] GC(1395) Eden regions: 11->0(25)
[4350.740s][info][gc,heap        ] GC(1395) Survivor regions: 0->0(0)
[4350.740s][info][gc,heap        ] GC(1395) Old regions: 488->493
[4350.740s][info][gc,heap        ] GC(1395) Archive regions: 2->2
[4350.740s][info][gc,heap        ] GC(1395) Humongous regions: 11->11
[4350.740s][info][gc,metaspace   ] GC(1395) Metaspace: 48845K(50128K)->48845K(50128K) NonClass: 42997K(43856K)->42997K(43856K) Class: 5847K(6272K)->5847K(6272K)
[4350.740s][info][gc             ] GC(1395) Pause Young (Concurrent Start) (G1 Evacuation Pause) 509M->503M(512M) 2.099ms
[4350.740s][info][gc,cpu         ] GC(1395) User=0.00s Sys=0.01s Real=0.00s
[4350.740s][info][gc             ] GC(1396) Concurrent Cycle
[4350.740s][info][gc,marking     ] GC(1396) Concurrent Clear Claimed Marks
[4350.740s][info][gc,marking     ] GC(1396) Concurrent Clear Claimed Marks 0.104ms
[4350.740s][info][gc,marking     ] GC(1396) Concurrent Scan Root Regions
[4350.740s][info][gc,marking     ] GC(1396) Concurrent Scan Root Regions 0.008ms
[4350.740s][info][gc,marking     ] GC(1396) Concurrent Mark (4350.740s)
[4350.740s][info][gc,marking     ] GC(1396) Concurrent Mark From Roots
[4350.740s][info][gc,task        ] GC(1396) Using 2 workers of 2 for marking
[4351.409s][info][gc,marking     ] GC(1396) Concurrent Mark From Roots 668.657ms
[4351.409s][info][gc,marking     ] GC(1396) Concurrent Preclean
[4351.409s][info][gc,marking     ] GC(1396) Concurrent Preclean 0.076ms
[4351.409s][info][gc,marking     ] GC(1396) Concurrent Mark (4350.740s, 4351.409s) 668.795ms
[4351.409s][info][gc,start       ] GC(1396) Pause Remark
[4351.410s][info][gc             ] GC(1396) Pause Remark 503M->503M(512M) 1.546ms
[4351.410s][info][gc,cpu         ] GC(1396) User=0.01s Sys=0.01s Real=0.00s
[4351.411s][info][gc,marking     ] GC(1396) Concurrent Rebuild Remembered Sets
[4351.767s][info][gc,marking     ] GC(1396) Concurrent Rebuild Remembered Sets 356.348ms
[4351.768s][info][gc,start       ] GC(1396) Pause Cleanup
[4351.768s][info][gc             ] GC(1396) Pause Cleanup 504M->504M(512M) 0.342ms
[4351.768s][info][gc,cpu         ] GC(1396) User=0.00s Sys=0.00s Real=0.00s
[4351.768s][info][gc,marking     ] GC(1396) Concurrent Cleanup for Next Mark
[4351.769s][info][gc,marking     ] GC(1396) Concurrent Cleanup for Next Mark 0.898ms
[4351.769s][info][gc             ] GC(1396) Concurrent Cycle 1029.533ms
[4381.739s][info][gc,start       ] GC(1397) Pause Young (Normal) (G1 Evacuation Pause)
[4381.740s][info][gc,task        ] GC(1397) Using 8 workers of 8 for evacuation
[4381.743s][info][gc             ] GC(1397) To-space exhausted
[4381.743s][info][gc,phases      ] GC(1397)   Pre Evacuate Collection Set: 0.2ms
[4381.743s][info][gc,phases      ] GC(1397)   Merge Heap Roots: 1.7ms
[4381.743s][info][gc,phases      ] GC(1397)   Evacuate Collection Set: 0.8ms
[4381.743s][info][gc,phases      ] GC(1397)   Post Evacuate Collection Set: 0.8ms
[4381.743s][info][gc,phases      ] GC(1397)   Other: 0.4ms
[4381.743s][info][gc,heap        ] GC(1397) Eden regions: 6->0(25)
[4381.743s][info][gc,heap        ] GC(1397) Survivor regions: 0->0(0)
[4381.743s][info][gc,heap        ] GC(1397) Old regions: 493->496
[4381.743s][info][gc,heap        ] GC(1397) Archive regions: 2->2
[4381.743s][info][gc,heap        ] GC(1397) Humongous regions: 11->11
[4381.743s][info][gc,metaspace   ] GC(1397) Metaspace: 48845K(50128K)->48845K(50128K) NonClass: 42998K(43856K)->42998K(43856K) Class: 5847K(6272K)->5847K(6272K)
[4381.743s][info][gc             ] GC(1397) Pause Young (Normal) (G1 Evacuation Pause) 509M->506M(512M) 4.054ms
[4381.743s][info][gc,cpu         ] GC(1397) User=0.01s Sys=0.00s Real=0.00s
[4397.736s][info][gc,start       ] GC(1398) Pause Young (Concurrent Start) (G1 Evacuation Pause)
[4397.736s][info][gc,task        ] GC(1398) Using 8 workers of 8 for evacuation
[4397.738s][info][gc             ] GC(1398) To-space exhausted
[4397.738s][info][gc,phases      ] GC(1398)   Pre Evacuate Collection Set: 0.2ms
[4397.738s][info][gc,phases      ] GC(1398)   Merge Heap Roots: 0.1ms
[4397.738s][info][gc,phases      ] GC(1398)   Evacuate Collection Set: 0.8ms
[4397.738s][info][gc,phases      ] GC(1398)   Post Evacuate Collection Set: 0.7ms
[4397.738s][info][gc,phases      ] GC(1398)   Other: 0.4ms
[4397.738s][info][gc,heap        ] GC(1398) Eden regions: 3->0(25)
[4397.738s][info][gc,heap        ] GC(1398) Survivor regions: 0->0(0)
[4397.738s][info][gc,heap        ] GC(1398) Old regions: 496->498
[4397.738s][info][gc,heap        ] GC(1398) Archive regions: 2->2
[4397.738s][info][gc,heap        ] GC(1398) Humongous regions: 11->11
[4397.738s][info][gc,metaspace   ] GC(1398) Metaspace: 48845K(50128K)->48845K(50128K) NonClass: 42998K(43856K)->42998K(43856K) Class: 5847K(6272K)->5847K(6272K)
[4397.738s][info][gc             ] GC(1398) Pause Young (Concurrent Start) (G1 Evacuation Pause) 509M->508M(512M) 2.255ms
[4397.738s][info][gc,cpu         ] GC(1398) User=0.01s Sys=0.00s Real=0.00s
[4397.738s][info][gc             ] GC(1399) Concurrent Cycle
[4397.738s][info][gc,marking     ] GC(1399) Concurrent Clear Claimed Marks
[4397.738s][info][gc,marking     ] GC(1399) Concurrent Clear Claimed Marks 0.064ms
[4397.738s][info][gc,marking     ] GC(1399) Concurrent Scan Root Regions
[4397.738s][info][gc,marking     ] GC(1399) Concurrent Scan Root Regions 0.010ms
[4397.738s][info][gc,marking     ] GC(1399) Concurrent Mark (4397.738s)
[4397.738s][info][gc,marking     ] GC(1399) Concurrent Mark From Roots
[4397.739s][info][gc,task        ] GC(1399) Using 2 workers of 2 for marking
[4398.389s][info][gc,marking     ] GC(1399) Concurrent Mark From Roots 650.890ms
[4398.389s][info][gc,marking     ] GC(1399) Concurrent Preclean
[4398.389s][info][gc,marking     ] GC(1399) Concurrent Preclean 0.071ms
[4398.390s][info][gc,marking     ] GC(1399) Concurrent Mark (4397.738s, 4398.390s) 651.016ms
[4398.390s][info][gc,start       ] GC(1399) Pause Remark
[4398.393s][info][gc             ] GC(1399) Pause Remark 508M->505M(512M) 3.248ms
[4398.393s][info][gc,cpu         ] GC(1399) User=0.02s Sys=0.00s Real=0.00s
[4398.393s][info][gc,marking     ] GC(1399) Concurrent Rebuild Remembered Sets
[4398.765s][info][gc,marking     ] GC(1399) Concurrent Rebuild Remembered Sets 371.850ms
[4398.768s][info][gc,start       ] GC(1399) Pause Cleanup
[4398.768s][info][gc             ] GC(1399) Pause Cleanup 506M->506M(512M) 0.697ms
[4398.768s][info][gc,cpu         ] GC(1399) User=0.00s Sys=0.00s Real=0.00s
[4398.769s][info][gc,marking     ] GC(1399) Concurrent Cleanup for Next Mark
[4398.771s][info][gc,marking     ] GC(1399) Concurrent Cleanup for Next Mark 2.364ms
[4398.771s][info][gc             ] GC(1399) Concurrent Cycle 1032.684ms
[4417.740s][info][gc,start       ] GC(1400) Pause Young (Normal) (G1 Evacuation Pause)
[4417.741s][info][gc,task        ] GC(1400) Using 8 workers of 8 for evacuation
[4417.741s][info][gc             ] GC(1400) To-space exhausted
[4417.742s][info][gc,phases      ] GC(1400)   Pre Evacuate Collection Set: 0.1ms
[4417.742s][info][gc,phases      ] GC(1400)   Merge Heap Roots: 0.0ms
[4417.742s][info][gc,phases      ] GC(1400)   Evacuate Collection Set: 0.3ms
[4417.742s][info][gc,phases      ] GC(1400)   Post Evacuate Collection Set: 0.5ms
[4417.742s][info][gc,phases      ] GC(1400)   Other: 0.1ms
[4417.742s][info][gc,heap        ] GC(1400) Eden regions: 4->0(25)
[4417.742s][info][gc,heap        ] GC(1400) Survivor regions: 0->0(0)
[4417.742s][info][gc,heap        ] GC(1400) Old regions: 495->497
[4417.742s][info][gc,heap        ] GC(1400) Archive regions: 2->2
[4417.742s][info][gc,heap        ] GC(1400) Humongous regions: 11->11
[4417.742s][info][gc,metaspace   ] GC(1400) Metaspace: 48843K(50128K)->48843K(50128K) NonClass: 42996K(43856K)->42996K(43856K) Class: 5846K(6272K)->5846K(6272K)
[4417.742s][info][gc             ] GC(1400) Pause Young (Normal) (G1 Evacuation Pause) 509M->507M(512M) 1.122ms
[4417.742s][info][gc,cpu         ] GC(1400) User=0.00s Sys=0.00s Real=0.00s
[4428.735s][info][gc,start       ] GC(1401) Pause Young (Concurrent Start) (G1 Evacuation Pause)
[4428.735s][info][gc,task        ] GC(1401) Using 8 workers of 8 for evacuation
[4428.739s][info][gc             ] GC(1401) To-space exhausted
[4428.739s][info][gc,phases      ] GC(1401)   Pre Evacuate Collection Set: 0.3ms
[4428.739s][info][gc,phases      ] GC(1401)   Merge Heap Roots: 0.1ms
[4428.739s][info][gc,phases      ] GC(1401)   Evacuate Collection Set: 1.7ms
[4428.739s][info][gc,phases      ] GC(1401)   Post Evacuate Collection Set: 1.6ms
[4428.739s][info][gc,phases      ] GC(1401)   Other: 0.6ms
[4428.739s][info][gc,heap        ] GC(1401) Eden regions: 2->0(25)
[4428.739s][info][gc,heap        ] GC(1401) Survivor regions: 0->0(0)
[4428.739s][info][gc,heap        ] GC(1401) Old regions: 497->499
[4428.739s][info][gc,heap        ] GC(1401) Archive regions: 2->2
[4428.739s][info][gc,heap        ] GC(1401) Humongous regions: 11->11
[4428.739s][info][gc,metaspace   ] GC(1401) Metaspace: 48843K(50128K)->48843K(50128K) NonClass: 42996K(43856K)->42996K(43856K) Class: 5846K(6272K)->5846K(6272K)
[4428.739s][info][gc             ] GC(1401) Pause Young (Concurrent Start) (G1 Evacuation Pause) 509M->509M(512M) 4.384ms
[4428.739s][info][gc,cpu         ] GC(1401) User=0.01s Sys=0.01s Real=0.01s
[4428.739s][info][gc,ergo        ] Attempting maximally compacting collection
[4428.739s][info][gc             ] GC(1402) Concurrent Cycle
[4428.739s][info][gc,task        ] GC(1403) Using 8 workers of 8 for full compaction
[4428.739s][info][gc,marking     ] GC(1402) Concurrent Clear Claimed Marks
[4428.739s][info][gc,start       ] GC(1403) Pause Full (G1 Evacuation Pause)
[4428.739s][info][gc,marking     ] GC(1402) Concurrent Clear Claimed Marks 0.099ms
[4428.739s][info][gc,marking     ] GC(1402) Concurrent Scan Root Regions
[4428.739s][info][gc,marking     ] GC(1402) Concurrent Scan Root Regions 0.042ms
[4428.739s][info][gc,marking     ] GC(1402) Concurrent Mark (4428.739s)
[4428.739s][info][gc,marking     ] GC(1402) Concurrent Mark From Roots
[4428.739s][info][gc,task        ] GC(1402) Using 2 workers of 2 for marking
[4428.740s][info][gc,phases,start] GC(1403) Phase 1: Mark live objects
[4429.114s][info][gc,phases      ] GC(1403) Phase 1: Mark live objects 373.603ms
[4429.114s][info][gc,phases,start] GC(1403) Phase 2: Prepare for compaction
[4429.168s][info][gc,phases      ] GC(1403) Phase 2: Prepare for compaction 54.753ms
[4429.168s][info][gc,phases,start] GC(1403) Phase 3: Adjust pointers
[4429.298s][info][gc,phases      ] GC(1403) Phase 3: Adjust pointers 129.393ms
[4429.298s][info][gc,phases,start] GC(1403) Phase 4: Compact heap
[4429.360s][info][gc,phases      ] GC(1403) Phase 4: Compact heap 61.720ms
[4429.368s][info][gc,heap        ] GC(1403) Eden regions: 0->0(25)
[4429.368s][info][gc,heap        ] GC(1403) Survivor regions: 0->0(0)
[4429.368s][info][gc,heap        ] GC(1403) Old regions: 499->489
[4429.368s][info][gc,heap        ] GC(1403) Archive regions: 2->2
[4429.368s][info][gc,heap        ] GC(1403) Humongous regions: 11->11
[4429.368s][info][gc,metaspace   ] GC(1403) Metaspace: 48843K(50128K)->48713K(50128K) NonClass: 42996K(43856K)->42884K(43856K) Class: 5846K(6272K)->5828K(6272K)
[4429.368s][info][gc             ] GC(1403) Pause Full (G1 Evacuation Pause) 509M->498M(512M) 628.970ms
[4429.370s][info][gc,cpu         ] GC(1403) User=2.76s Sys=0.09s Real=0.63s
[4429.370s][info][gc,marking     ] GC(1402) Concurrent Mark From Roots 630.526ms
[4429.370s][info][gc,marking     ] GC(1402) Concurrent Mark Abort
[4429.370s][info][gc             ] GC(1402) Concurrent Cycle 630.847ms
[4473.738s][info][gc,start       ] GC(1404) Pause Young (Normal) (G1 Evacuation Pause)
[4473.738s][info][gc,task        ] GC(1404) Using 8 workers of 8 for evacuation
[4473.740s][info][gc             ] GC(1404) To-space exhausted
[4473.741s][info][gc,phases      ] GC(1404)   Pre Evacuate Collection Set: 0.1ms
[4473.741s][info][gc,phases      ] GC(1404)   Merge Heap Roots: 0.0ms
[4473.741s][info][gc,phases      ] GC(1404)   Evacuate Collection Set: 0.6ms
[4473.741s][info][gc,phases      ] GC(1404)   Post Evacuate Collection Set: 2.0ms
[4473.741s][info][gc,phases      ] GC(1404)   Other: 0.3ms
[4473.741s][info][gc,heap        ] GC(1404) Eden regions: 10->0(25)
[4473.741s][info][gc,heap        ] GC(1404) Survivor regions: 0->0(0)
[4473.741s][info][gc,heap        ] GC(1404) Old regions: 489->495
[4473.741s][info][gc,heap        ] GC(1404) Archive regions: 2->2
[4473.741s][info][gc,heap        ] GC(1404) Humongous regions: 11->11
[4473.741s][info][gc,metaspace   ] GC(1404) Metaspace: 48845K(50128K)->48845K(50128K) NonClass: 42997K(43856K)->42997K(43856K) Class: 5847K(6272K)->5847K(6272K)
[4473.741s][info][gc             ] GC(1404) Pause Young (Normal) (G1 Evacuation Pause) 508M->504M(512M) 3.057ms
[4473.741s][info][gc,cpu         ] GC(1404) User=0.01s Sys=0.00s Real=0.00s
[4493.737s][info][gc,start       ] GC(1405) Pause Young (Concurrent Start) (G1 Evacuation Pause)
[4493.737s][info][gc,task        ] GC(1405) Using 8 workers of 8 for evacuation
[4493.738s][info][gc             ] GC(1405) To-space exhausted
[4493.738s][info][gc,phases      ] GC(1405)   Pre Evacuate Collection Set: 0.1ms
[4493.738s][info][gc,phases      ] GC(1405)   Merge Heap Roots: 0.0ms
[4493.738s][info][gc,phases      ] GC(1405)   Evacuate Collection Set: 0.8ms
[4493.738s][info][gc,phases      ] GC(1405)   Post Evacuate Collection Set: 0.5ms
[4493.738s][info][gc,phases      ] GC(1405)   Other: 0.2ms
[4493.738s][info][gc,heap        ] GC(1405) Eden regions: 4->0(25)
[4493.738s][info][gc,heap        ] GC(1405) Survivor regions: 0->0(0)
[4493.738s][info][gc,heap        ] GC(1405) Old regions: 495->497
[4493.738s][info][gc,heap        ] GC(1405) Archive regions: 2->2
[4493.738s][info][gc,heap        ] GC(1405) Humongous regions: 11->11
[4493.738s][info][gc,metaspace   ] GC(1405) Metaspace: 48845K(50128K)->48845K(50128K) NonClass: 42997K(43856K)->42997K(43856K) Class: 5847K(6272K)->5847K(6272K)
[4493.738s][info][gc             ] GC(1405) Pause Young (Concurrent Start) (G1 Evacuation Pause) 508M->506M(512M) 1.677ms
[4493.738s][info][gc,cpu         ] GC(1405) User=0.01s Sys=0.01s Real=0.00s
[4493.738s][info][gc             ] GC(1406) Concurrent Cycle
[4493.738s][info][gc,marking     ] GC(1406) Concurrent Clear Claimed Marks
[4493.738s][info][gc,marking     ] GC(1406) Concurrent Clear Claimed Marks 0.036ms
[4493.738s][info][gc,marking     ] GC(1406) Concurrent Scan Root Regions
[4493.738s][info][gc,marking     ] GC(1406) Concurrent Scan Root Regions 0.007ms
[4493.739s][info][gc,marking     ] GC(1406) Concurrent Mark (4493.739s)
[4493.739s][info][gc,marking     ] GC(1406) Concurrent Mark From Roots
[4493.739s][info][gc,task        ] GC(1406) Using 2 workers of 2 for marking
[4494.382s][info][gc,marking     ] GC(1406) Concurrent Mark From Roots 643.557ms
[4494.382s][info][gc,marking     ] GC(1406) Concurrent Preclean
[4494.382s][info][gc,marking     ] GC(1406) Concurrent Preclean 0.087ms
[4494.382s][info][gc,marking     ] GC(1406) Concurrent Mark (4493.739s, 4494.382s) 643.709ms
[4494.382s][info][gc,start       ] GC(1406) Pause Remark
[4494.386s][info][gc             ] GC(1406) Pause Remark 506M->504M(512M) 3.621ms
[4494.386s][info][gc,cpu         ] GC(1406) User=0.02s Sys=0.00s Real=0.01s
[4494.386s][info][gc,marking     ] GC(1406) Concurrent Rebuild Remembered Sets
[4494.744s][info][gc,marking     ] GC(1406) Concurrent Rebuild Remembered Sets 357.508ms
[4494.745s][info][gc,start       ] GC(1406) Pause Cleanup
[4494.745s][info][gc             ] GC(1406) Pause Cleanup 505M->505M(512M) 0.372ms
[4494.745s][info][gc,cpu         ] GC(1406) User=0.00s Sys=0.00s Real=0.00s
[4494.746s][info][gc,marking     ] GC(1406) Concurrent Cleanup for Next Mark
[4494.746s][info][gc,marking     ] GC(1406) Concurrent Cleanup for Next Mark 0.909ms
[4494.746s][info][gc             ] GC(1406) Concurrent Cycle 1008.030ms
[4513.735s][info][gc,start       ] GC(1407) Pause Young (Normal) (G1 Evacuation Pause)
[4513.736s][info][gc,task        ] GC(1407) Using 8 workers of 8 for evacuation
[4513.737s][info][gc             ] GC(1407) To-space exhausted
[4513.737s][info][gc,phases      ] GC(1407)   Pre Evacuate Collection Set: 0.1ms
[4513.737s][info][gc,phases      ] GC(1407)   Merge Heap Roots: 0.0ms
[4513.737s][info][gc,phases      ] GC(1407)   Evacuate Collection Set: 0.3ms
[4513.737s][info][gc,phases      ] GC(1407)   Post Evacuate Collection Set: 0.6ms
[4513.737s][info][gc,phases      ] GC(1407)   Other: 0.2ms
[4513.737s][info][gc,heap        ] GC(1407) Eden regions: 4->0(25)
[4513.737s][info][gc,heap        ] GC(1407) Survivor regions: 0->0(0)
[4513.737s][info][gc,heap        ] GC(1407) Old regions: 495->497
[4513.737s][info][gc,heap        ] GC(1407) Archive regions: 2->2
[4513.737s][info][gc,heap        ] GC(1407) Humongous regions: 11->11
[4513.737s][info][gc,metaspace   ] GC(1407) Metaspace: 48843K(50128K)->48843K(50128K) NonClass: 42996K(43856K)->42996K(43856K) Class: 5846K(6272K)->5846K(6272K)
[4513.737s][info][gc             ] GC(1407) Pause Young (Normal) (G1 Evacuation Pause) 508M->506M(512M) 1.323ms
[4513.737s][info][gc,cpu         ] GC(1407) User=0.01s Sys=0.00s Real=0.00s
[4523.737s][info][gc,start       ] GC(1408) Pause Young (Concurrent Start) (G1 Evacuation Pause)
[4523.737s][info][gc,task        ] GC(1408) Using 8 workers of 8 for evacuation
[4523.738s][info][gc             ] GC(1408) To-space exhausted
[4523.738s][info][gc,phases      ] GC(1408)   Pre Evacuate Collection Set: 0.1ms
[4523.738s][info][gc,phases      ] GC(1408)   Merge Heap Roots: 0.0ms
[4523.738s][info][gc,phases      ] GC(1408)   Evacuate Collection Set: 0.5ms
[4523.738s][info][gc,phases      ] GC(1408)   Post Evacuate Collection Set: 0.5ms
[4523.738s][info][gc,phases      ] GC(1408)   Other: 0.2ms
[4523.738s][info][gc,heap        ] GC(1408) Eden regions: 2->0(25)
[4523.738s][info][gc,heap        ] GC(1408) Survivor regions: 0->0(0)
[4523.738s][info][gc,heap        ] GC(1408) Old regions: 497->499
[4523.738s][info][gc,heap        ] GC(1408) Archive regions: 2->2
[4523.738s][info][gc,heap        ] GC(1408) Humongous regions: 11->11
[4523.738s][info][gc,metaspace   ] GC(1408) Metaspace: 48855K(50128K)->48855K(50128K) NonClass: 43006K(43856K)->43006K(43856K) Class: 5848K(6272K)->5848K(6272K)
[4523.739s][info][gc             ] GC(1408) Pause Young (Concurrent Start) (G1 Evacuation Pause) 508M->508M(512M) 1.368ms
[4523.739s][info][gc,cpu         ] GC(1408) User=0.00s Sys=0.00s Real=0.00s
[4523.739s][info][gc,ergo        ] Attempting maximally compacting collection
[4523.739s][info][gc             ] GC(1409) Concurrent Cycle
[4523.739s][info][gc,task        ] GC(1410) Using 8 workers of 8 for full compaction
[4523.739s][info][gc,marking     ] GC(1409) Concurrent Clear Claimed Marks
[4523.739s][info][gc,start       ] GC(1410) Pause Full (G1 Evacuation Pause)
[4523.739s][info][gc,marking     ] GC(1409) Concurrent Clear Claimed Marks 0.053ms
[4523.739s][info][gc,marking     ] GC(1409) Concurrent Scan Root Regions
[4523.739s][info][gc,marking     ] GC(1409) Concurrent Scan Root Regions 0.021ms
[4523.739s][info][gc,marking     ] GC(1409) Concurrent Mark (4523.739s)
[4523.739s][info][gc,marking     ] GC(1409) Concurrent Mark From Roots
[4523.739s][info][gc,task        ] GC(1409) Using 2 workers of 2 for marking
[4523.739s][info][gc,phases,start] GC(1410) Phase 1: Mark live objects
[4524.088s][info][gc,phases      ] GC(1410) Phase 1: Mark live objects 349.126ms
[4524.088s][info][gc,phases,start] GC(1410) Phase 2: Prepare for compaction
[4524.151s][info][gc,phases      ] GC(1410) Phase 2: Prepare for compaction 62.151ms
[4524.151s][info][gc,phases,start] GC(1410) Phase 3: Adjust pointers
[4524.282s][info][gc,phases      ] GC(1410) Phase 3: Adjust pointers 131.728ms
[4524.282s][info][gc,phases,start] GC(1410) Phase 4: Compact heap
[4524.353s][info][gc,phases      ] GC(1410) Phase 4: Compact heap 70.285ms
[4524.360s][info][gc,heap        ] GC(1410) Eden regions: 0->0(25)
[4524.360s][info][gc,heap        ] GC(1410) Survivor regions: 0->0(0)
[4524.360s][info][gc,heap        ] GC(1410) Old regions: 499->489
[4524.360s][info][gc,heap        ] GC(1410) Archive regions: 2->2
[4524.360s][info][gc,heap        ] GC(1410) Humongous regions: 11->11
[4524.360s][info][gc,metaspace   ] GC(1410) Metaspace: 48855K(50128K)->48722K(50128K) NonClass: 43006K(43856K)->42892K(43856K) Class: 5848K(6272K)->5829K(6272K)
[4524.360s][info][gc             ] GC(1410) Pause Full (G1 Evacuation Pause) 508M->498M(512M) 621.723ms
[4524.362s][info][gc,cpu         ] GC(1410) User=2.80s Sys=0.10s Real=0.62s
[4524.362s][info][gc,marking     ] GC(1409) Concurrent Mark From Roots 623.761ms
[4524.363s][info][gc,marking     ] GC(1409) Concurrent Mark Abort
[4524.363s][info][gc             ] GC(1409) Concurrent Cycle 623.969ms
[4570.736s][info][gc,start       ] GC(1411) Pause Young (Normal) (G1 Evacuation Pause)
[4570.736s][info][gc,task        ] GC(1411) Using 8 workers of 8 for evacuation
[4570.738s][info][gc             ] GC(1411) To-space exhausted
[4570.739s][info][gc,phases      ] GC(1411)   Pre Evacuate Collection Set: 0.1ms
[4570.739s][info][gc,phases      ] GC(1411)   Merge Heap Roots: 0.0ms
[4570.739s][info][gc,phases      ] GC(1411)   Evacuate Collection Set: 0.3ms
[4570.739s][info][gc,phases      ] GC(1411)   Post Evacuate Collection Set: 1.9ms
[4570.739s][info][gc,phases      ] GC(1411)   Other: 0.3ms
[4570.739s][info][gc,heap        ] GC(1411) Eden regions: 10->0(25)
[4570.739s][info][gc,heap        ] GC(1411) Survivor regions: 0->0(0)
[4570.739s][info][gc,heap        ] GC(1411) Old regions: 489->494
[4570.739s][info][gc,heap        ] GC(1411) Archive regions: 2->2
[4570.739s][info][gc,heap        ] GC(1411) Humongous regions: 11->11
[4570.739s][info][gc,metaspace   ] GC(1411) Metaspace: 48845K(50128K)->48845K(50128K) NonClass: 42997K(43856K)->42997K(43856K) Class: 5847K(6272K)->5847K(6272K)
[4570.739s][info][gc             ] GC(1411) Pause Young (Normal) (G1 Evacuation Pause) 508M->503M(512M) 2.736ms
[4570.739s][info][gc,cpu         ] GC(1411) User=0.00s Sys=0.01s Real=0.00s
[4596.734s][info][gc,start       ] GC(1412) Pause Young (Concurrent Start) (G1 Evacuation Pause)
[4596.734s][info][gc,task        ] GC(1412) Using 8 workers of 8 for evacuation
[4596.736s][info][gc             ] GC(1412) To-space exhausted
[4596.736s][info][gc,phases      ] GC(1412)   Pre Evacuate Collection Set: 0.3ms
[4596.736s][info][gc,phases      ] GC(1412)   Merge Heap Roots: 0.1ms
[4596.736s][info][gc,phases      ] GC(1412)   Evacuate Collection Set: 0.7ms
[4596.736s][info][gc,phases      ] GC(1412)   Post Evacuate Collection Set: 0.7ms
[4596.737s][info][gc,phases      ] GC(1412)   Other: 0.5ms
[4596.737s][info][gc,heap        ] GC(1412) Eden regions: 5->0(25)
[4596.737s][info][gc,heap        ] GC(1412) Survivor regions: 0->0(0)
[4596.737s][info][gc,heap        ] GC(1412) Old regions: 494->497
[4596.737s][info][gc,heap        ] GC(1412) Archive regions: 2->2
[4596.737s][info][gc,heap        ] GC(1412) Humongous regions: 11->11
[4596.737s][info][gc,metaspace   ] GC(1412) Metaspace: 48845K(50128K)->48845K(50128K) NonClass: 42998K(43856K)->42998K(43856K) Class: 5847K(6272K)->5847K(6272K)
[4596.737s][info][gc             ] GC(1412) Pause Young (Concurrent Start) (G1 Evacuation Pause) 508M->506M(512M) 2.347ms
[4596.737s][info][gc,cpu         ] GC(1412) User=0.01s Sys=0.00s Real=0.01s
[4596.737s][info][gc             ] GC(1413) Concurrent Cycle
[4596.737s][info][gc,marking     ] GC(1413) Concurrent Clear Claimed Marks
[4596.737s][info][gc,marking     ] GC(1413) Concurrent Clear Claimed Marks 0.057ms
[4596.737s][info][gc,marking     ] GC(1413) Concurrent Scan Root Regions
[4596.737s][info][gc,marking     ] GC(1413) Concurrent Scan Root Regions 0.010ms
[4596.737s][info][gc,marking     ] GC(1413) Concurrent Mark (4596.737s)
[4596.737s][info][gc,marking     ] GC(1413) Concurrent Mark From Roots
[4596.737s][info][gc,task        ] GC(1413) Using 2 workers of 2 for marking
[4597.407s][info][gc,marking     ] GC(1413) Concurrent Mark From Roots 670.723ms
[4597.408s][info][gc,marking     ] GC(1413) Concurrent Preclean
[4597.408s][info][gc,marking     ] GC(1413) Concurrent Preclean 0.135ms
[4597.408s][info][gc,marking     ] GC(1413) Concurrent Mark (4596.737s, 4597.408s) 670.947ms
[4597.408s][info][gc,start       ] GC(1413) Pause Remark
[4597.412s][info][gc             ] GC(1413) Pause Remark 506M->504M(512M) 3.947ms
[4597.412s][info][gc,cpu         ] GC(1413) User=0.02s Sys=0.00s Real=0.00s
[4597.412s][info][gc,marking     ] GC(1413) Concurrent Rebuild Remembered Sets
[4597.798s][info][gc,marking     ] GC(1413) Concurrent Rebuild Remembered Sets 386.436ms
[4597.799s][info][gc,start       ] GC(1413) Pause Cleanup
[4597.800s][info][gc             ] GC(1413) Pause Cleanup 505M->505M(512M) 0.327ms
[4597.800s][info][gc,cpu         ] GC(1413) User=0.00s Sys=0.00s Real=0.00s
[4597.800s][info][gc,marking     ] GC(1413) Concurrent Cleanup for Next Mark
[4597.802s][info][gc,marking     ] GC(1413) Concurrent Cleanup for Next Mark 1.791ms
[4597.802s][info][gc             ] GC(1413) Concurrent Cycle 1065.139ms
[4616.739s][info][gc,start       ] GC(1414) Pause Young (Normal) (G1 Evacuation Pause)
[4616.739s][info][gc,task        ] GC(1414) Using 8 workers of 8 for evacuation
[4616.740s][info][gc             ] GC(1414) To-space exhausted
[4616.740s][info][gc,phases      ] GC(1414)   Pre Evacuate Collection Set: 0.1ms
[4616.740s][info][gc,phases      ] GC(1414)   Merge Heap Roots: 0.0ms
[4616.740s][info][gc,phases      ] GC(1414)   Evacuate Collection Set: 0.5ms
[4616.740s][info][gc,phases      ] GC(1414)   Post Evacuate Collection Set: 0.7ms
[4616.740s][info][gc,phases      ] GC(1414)   Other: 0.3ms
[4616.740s][info][gc,heap        ] GC(1414) Eden regions: 4->0(25)
[4616.741s][info][gc,heap        ] GC(1414) Survivor regions: 0->0(0)
[4616.741s][info][gc,heap        ] GC(1414) Old regions: 495->499
[4616.741s][info][gc,heap        ] GC(1414) Archive regions: 2->2
[4616.741s][info][gc,heap        ] GC(1414) Humongous regions: 11->11
[4616.741s][info][gc,metaspace   ] GC(1414) Metaspace: 48843K(50128K)->48843K(50128K) NonClass: 42996K(43856K)->42996K(43856K) Class: 5846K(6272K)->5846K(6272K)
[4616.741s][info][gc             ] GC(1414) Pause Young (Normal) (G1 Evacuation Pause) 508M->508M(512M) 1.570ms
[4616.741s][info][gc,cpu         ] GC(1414) User=0.00s Sys=0.00s Real=0.00s
[4616.741s][info][gc,ergo        ] Attempting maximally compacting collection
[4616.741s][info][gc,task        ] GC(1415) Using 8 workers of 8 for full compaction
[4616.741s][info][gc,start       ] GC(1415) Pause Full (G1 Evacuation Pause)
[4616.741s][info][gc,phases,start] GC(1415) Phase 1: Mark live objects
[4617.092s][info][gc,phases      ] GC(1415) Phase 1: Mark live objects 351.579ms
[4617.092s][info][gc,phases,start] GC(1415) Phase 2: Prepare for compaction
[4617.162s][info][gc,phases      ] GC(1415) Phase 2: Prepare for compaction 69.299ms
[4617.162s][info][gc,phases,start] GC(1415) Phase 3: Adjust pointers
[4617.289s][info][gc,phases      ] GC(1415) Phase 3: Adjust pointers 127.221ms
[4617.289s][info][gc,phases,start] GC(1415) Phase 4: Compact heap
[4617.360s][info][gc,phases      ] GC(1415) Phase 4: Compact heap 70.695ms
[4617.368s][info][gc,heap        ] GC(1415) Eden regions: 0->0(25)
[4617.368s][info][gc,heap        ] GC(1415) Survivor regions: 0->0(0)
[4617.368s][info][gc,heap        ] GC(1415) Old regions: 499->489
[4617.368s][info][gc,heap        ] GC(1415) Archive regions: 2->2
[4617.368s][info][gc,heap        ] GC(1415) Humongous regions: 11->11
[4617.368s][info][gc,metaspace   ] GC(1415) Metaspace: 48843K(50128K)->48737K(50128K) NonClass: 42996K(43856K)->42905K(43856K) Class: 5846K(6272K)->5831K(6272K)
[4617.368s][info][gc             ] GC(1415) Pause Full (G1 Evacuation Pause) 508M->498M(512M) 627.509ms
[4617.370s][info][gc,cpu         ] GC(1415) User=2.74s Sys=0.08s Real=0.63s
[4664.735s][info][gc,start       ] GC(1416) Pause Young (Concurrent Start) (G1 Evacuation Pause)
[4664.735s][info][gc,task        ] GC(1416) Using 8 workers of 8 for evacuation
[4664.738s][info][gc             ] GC(1416) To-space exhausted
[4664.738s][info][gc,phases      ] GC(1416)   Pre Evacuate Collection Set: 0.1ms
[4664.738s][info][gc,phases      ] GC(1416)   Merge Heap Roots: 0.0ms
[4664.738s][info][gc,phases      ] GC(1416)   Evacuate Collection Set: 0.7ms
[4664.738s][info][gc,phases      ] GC(1416)   Post Evacuate Collection Set: 1.8ms
[4664.738s][info][gc,phases      ] GC(1416)   Other: 0.3ms
[4664.738s][info][gc,heap        ] GC(1416) Eden regions: 10->0(25)
[4664.738s][info][gc,heap        ] GC(1416) Survivor regions: 0->0(0)
[4664.738s][info][gc,heap        ] GC(1416) Old regions: 489->494
[4664.738s][info][gc,heap        ] GC(1416) Archive regions: 2->2
[4664.738s][info][gc,heap        ] GC(1416) Humongous regions: 11->11
[4664.738s][info][gc,metaspace   ] GC(1416) Metaspace: 48843K(50128K)->48843K(50128K) NonClass: 42996K(43856K)->42996K(43856K) Class: 5846K(6272K)->5846K(6272K)
[4664.738s][info][gc             ] GC(1416) Pause Young (Concurrent Start) (G1 Evacuation Pause) 508M->503M(512M) 3.087ms
[4664.738s][info][gc,cpu         ] GC(1416) User=0.01s Sys=0.00s Real=0.00s
[4664.738s][info][gc             ] GC(1417) Concurrent Cycle
[4664.738s][info][gc,marking     ] GC(1417) Concurrent Clear Claimed Marks
[4664.738s][info][gc,marking     ] GC(1417) Concurrent Clear Claimed Marks 0.085ms
[4664.738s][info][gc,marking     ] GC(1417) Concurrent Scan Root Regions
[4664.738s][info][gc,marking     ] GC(1417) Concurrent Scan Root Regions 0.007ms
[4664.738s][info][gc,marking     ] GC(1417) Concurrent Mark (4664.738s)
[4664.738s][info][gc,marking     ] GC(1417) Concurrent Mark From Roots
[4664.738s][info][gc,task        ] GC(1417) Using 2 workers of 2 for marking
[4665.423s][info][gc,marking     ] GC(1417) Concurrent Mark From Roots 684.382ms
[4665.423s][info][gc,marking     ] GC(1417) Concurrent Preclean
[4665.423s][info][gc,marking     ] GC(1417) Concurrent Preclean 0.223ms
[4665.423s][info][gc,marking     ] GC(1417) Concurrent Mark (4664.738s, 4665.423s) 684.794ms
[4665.423s][info][gc,start       ] GC(1417) Pause Remark
[4665.425s][info][gc             ] GC(1417) Pause Remark 503M->503M(512M) 1.740ms
[4665.425s][info][gc,cpu         ] GC(1417) User=0.01s Sys=0.00s Real=0.01s
[4665.425s][info][gc,marking     ] GC(1417) Concurrent Rebuild Remembered Sets
[4665.792s][info][gc,marking     ] GC(1417) Concurrent Rebuild Remembered Sets 366.592ms
[4665.793s][info][gc,start       ] GC(1417) Pause Cleanup
[4665.794s][info][gc             ] GC(1417) Pause Cleanup 503M->503M(512M) 0.405ms
[4665.794s][info][gc,cpu         ] GC(1417) User=0.00s Sys=0.00s Real=0.00s
[4665.794s][info][gc,marking     ] GC(1417) Concurrent Cleanup for Next Mark
[4665.795s][info][gc,marking     ] GC(1417) Concurrent Cleanup for Next Mark 1.171ms
[4665.795s][info][gc             ] GC(1417) Concurrent Cycle 1056.796ms
[4690.736s][info][gc,start       ] GC(1418) Pause Young (Normal) (G1 Evacuation Pause)
[4690.736s][info][gc,task        ] GC(1418) Using 8 workers of 8 for evacuation
[4690.738s][info][gc             ] GC(1418) To-space exhausted
[4690.738s][info][gc,phases      ] GC(1418)   Pre Evacuate Collection Set: 0.1ms
[4690.738s][info][gc,phases      ] GC(1418)   Merge Heap Roots: 0.0ms
[4690.738s][info][gc,phases      ] GC(1418)   Evacuate Collection Set: 0.5ms
[4690.738s][info][gc,phases      ] GC(1418)   Post Evacuate Collection Set: 0.8ms
[4690.738s][info][gc,phases      ] GC(1418)   Other: 0.3ms
[4690.738s][info][gc,heap        ] GC(1418) Eden regions: 5->0(25)
[4690.738s][info][gc,heap        ] GC(1418) Survivor regions: 0->0(0)
[4690.738s][info][gc,heap        ] GC(1418) Old regions: 494->497
[4690.738s][info][gc,heap        ] GC(1418) Archive regions: 2->2
[4690.738s][info][gc,heap        ] GC(1418) Humongous regions: 11->11
[4690.738s][info][gc,metaspace   ] GC(1418) Metaspace: 48843K(50128K)->48843K(50128K) NonClass: 42996K(43856K)->42996K(43856K) Class: 5846K(6272K)->5846K(6272K)
[4690.738s][info][gc             ] GC(1418) Pause Young (Normal) (G1 Evacuation Pause) 508M->506M(512M) 1.845ms
[4690.738s][info][gc,cpu         ] GC(1418) User=0.01s Sys=0.00s Real=0.00s
[4701.735s][info][gc,start       ] GC(1419) Pause Young (Concurrent Start) (G1 Evacuation Pause)
[4701.735s][info][gc,task        ] GC(1419) Using 8 workers of 8 for evacuation
[4701.736s][info][gc             ] GC(1419) To-space exhausted
[4701.736s][info][gc,phases      ] GC(1419)   Pre Evacuate Collection Set: 0.1ms
[4701.736s][info][gc,phases      ] GC(1419)   Merge Heap Roots: 0.0ms
[4701.737s][info][gc,phases      ] GC(1419)   Evacuate Collection Set: 0.7ms
[4701.737s][info][gc,phases      ] GC(1419)   Post Evacuate Collection Set: 0.7ms
[4701.737s][info][gc,phases      ] GC(1419)   Other: 0.2ms
[4701.737s][info][gc,heap        ] GC(1419) Eden regions: 2->0(25)
[4701.737s][info][gc,heap        ] GC(1419) Survivor regions: 0->0(0)
[4701.737s][info][gc,heap        ] GC(1419) Old regions: 497->499
[4701.737s][info][gc,heap        ] GC(1419) Archive regions: 2->2
[4701.737s][info][gc,heap        ] GC(1419) Humongous regions: 11->11
[4701.737s][info][gc,metaspace   ] GC(1419) Metaspace: 48843K(50128K)->48843K(50128K) NonClass: 42996K(43856K)->42996K(43856K) Class: 5846K(6272K)->5846K(6272K)
[4701.737s][info][gc             ] GC(1419) Pause Young (Concurrent Start) (G1 Evacuation Pause) 508M->508M(512M) 1.839ms
[4701.737s][info][gc,cpu         ] GC(1419) User=0.00s Sys=0.00s Real=0.01s
[4701.737s][info][gc,ergo        ] Attempting maximally compacting collection
[4701.737s][info][gc,task        ] GC(1420) Using 8 workers of 8 for full compaction
[4701.737s][info][gc,start       ] GC(1420) Pause Full (G1 Evacuation Pause)
[4701.737s][info][gc             ] GC(1421) Concurrent Cycle
[4701.737s][info][gc,marking     ] GC(1421) Concurrent Clear Claimed Marks
[4701.737s][info][gc,marking     ] GC(1421) Concurrent Clear Claimed Marks 0.212ms
[4701.737s][info][gc,marking     ] GC(1421) Concurrent Scan Root Regions
[4701.737s][info][gc,marking     ] GC(1421) Concurrent Scan Root Regions 0.026ms
[4701.737s][info][gc,marking     ] GC(1421) Concurrent Mark (4701.737s)
[4701.737s][info][gc,marking     ] GC(1421) Concurrent Mark From Roots
[4701.737s][info][gc,task        ] GC(1421) Using 2 workers of 2 for marking
[4701.737s][info][gc,phases,start] GC(1420) Phase 1: Mark live objects
[4702.116s][info][gc,phases      ] GC(1420) Phase 1: Mark live objects 378.425ms
[4702.116s][info][gc,phases,start] GC(1420) Phase 2: Prepare for compaction
[4702.173s][info][gc,phases      ] GC(1420) Phase 2: Prepare for compaction 57.560ms
[4702.174s][info][gc,phases,start] GC(1420) Phase 3: Adjust pointers
[4702.306s][info][gc,phases      ] GC(1420) Phase 3: Adjust pointers 132.927ms
[4702.307s][info][gc,phases,start] GC(1420) Phase 4: Compact heap
[4702.362s][info][gc,phases      ] GC(1420) Phase 4: Compact heap 55.101ms
[4702.369s][info][gc,heap        ] GC(1420) Eden regions: 0->0(25)
[4702.369s][info][gc,heap        ] GC(1420) Survivor regions: 0->0(0)
[4702.369s][info][gc,heap        ] GC(1420) Old regions: 499->489
[4702.369s][info][gc,heap        ] GC(1420) Archive regions: 2->2
[4702.370s][info][gc,heap        ] GC(1420) Humongous regions: 11->11
[4702.370s][info][gc,metaspace   ] GC(1420) Metaspace: 48843K(50128K)->48756K(50128K) NonClass: 42996K(43856K)->42922K(43856K) Class: 5846K(6272K)->5834K(6272K)
[4702.370s][info][gc             ] GC(1420) Pause Full (G1 Evacuation Pause) 508M->498M(512M) 632.862ms
[4702.371s][info][gc,cpu         ] GC(1420) User=2.77s Sys=0.07s Real=0.63s
[4702.371s][info][gc,marking     ] GC(1421) Concurrent Mark From Roots 633.824ms
[4702.371s][info][gc,marking     ] GC(1421) Concurrent Mark Abort
[4702.371s][info][gc             ] GC(1421) Concurrent Cycle 634.286ms
[4749.736s][info][gc,start       ] GC(1422) Pause Young (Normal) (G1 Evacuation Pause)
[4749.736s][info][gc,task        ] GC(1422) Using 8 workers of 8 for evacuation
[4749.738s][info][gc             ] GC(1422) To-space exhausted
[4749.738s][info][gc,phases      ] GC(1422)   Pre Evacuate Collection Set: 0.1ms
[4749.738s][info][gc,phases      ] GC(1422)   Merge Heap Roots: 0.1ms
[4749.738s][info][gc,phases      ] GC(1422)   Evacuate Collection Set: 0.3ms
[4749.738s][info][gc,phases      ] GC(1422)   Post Evacuate Collection Set: 1.2ms
[4749.738s][info][gc,phases      ] GC(1422)   Other: 0.2ms
[4749.738s][info][gc,heap        ] GC(1422) Eden regions: 10->0(25)
[4749.738s][info][gc,heap        ] GC(1422) Survivor regions: 0->0(0)
[4749.738s][info][gc,heap        ] GC(1422) Old regions: 489->495
[4749.738s][info][gc,heap        ] GC(1422) Archive regions: 2->2
[4749.738s][info][gc,heap        ] GC(1422) Humongous regions: 11->11
[4749.738s][info][gc,metaspace   ] GC(1422) Metaspace: 48845K(50128K)->48845K(50128K) NonClass: 42997K(43856K)->42997K(43856K) Class: 5847K(6272K)->5847K(6272K)
[4749.738s][info][gc             ] GC(1422) Pause Young (Normal) (G1 Evacuation Pause) 508M->504M(512M) 1.943ms
[4749.738s][info][gc,cpu         ] GC(1422) User=0.01s Sys=0.00s Real=0.00s
[4769.734s][info][gc,start       ] GC(1423) Pause Young (Concurrent Start) (G1 Evacuation Pause)
[4769.734s][info][gc,task        ] GC(1423) Using 8 workers of 8 for evacuation
[4769.736s][info][gc             ] GC(1423) To-space exhausted
[4769.736s][info][gc,phases      ] GC(1423)   Pre Evacuate Collection Set: 0.1ms
[4769.736s][info][gc,phases      ] GC(1423)   Merge Heap Roots: 0.0ms
[4769.736s][info][gc,phases      ] GC(1423)   Evacuate Collection Set: 0.6ms
[4769.736s][info][gc,phases      ] GC(1423)   Post Evacuate Collection Set: 0.5ms
[4769.736s][info][gc,phases      ] GC(1423)   Other: 0.2ms
[4769.736s][info][gc,heap        ] GC(1423) Eden regions: 4->0(25)
[4769.736s][info][gc,heap        ] GC(1423) Survivor regions: 0->0(0)
[4769.736s][info][gc,heap        ] GC(1423) Old regions: 495->498
[4769.736s][info][gc,heap        ] GC(1423) Archive regions: 2->2
[4769.736s][info][gc,heap        ] GC(1423) Humongous regions: 11->11
[4769.736s][info][gc,metaspace   ] GC(1423) Metaspace: 48845K(50128K)->48845K(50128K) NonClass: 42998K(43856K)->42998K(43856K) Class: 5847K(6272K)->5847K(6272K)
[4769.736s][info][gc             ] GC(1423) Pause Young (Concurrent Start) (G1 Evacuation Pause) 508M->507M(512M) 1.535ms
[4769.736s][info][gc,cpu         ] GC(1423) User=0.01s Sys=0.00s Real=0.01s
[4769.736s][info][gc             ] GC(1424) Concurrent Cycle
[4769.736s][info][gc,marking     ] GC(1424) Concurrent Clear Claimed Marks
[4769.736s][info][gc,marking     ] GC(1424) Concurrent Clear Claimed Marks 0.032ms
[4769.736s][info][gc,marking     ] GC(1424) Concurrent Scan Root Regions
[4769.736s][info][gc,marking     ] GC(1424) Concurrent Scan Root Regions 0.007ms
[4769.736s][info][gc,marking     ] GC(1424) Concurrent Mark (4769.736s)
[4769.736s][info][gc,marking     ] GC(1424) Concurrent Mark From Roots
[4769.736s][info][gc,task        ] GC(1424) Using 2 workers of 2 for marking
[4770.354s][info][gc,marking     ] GC(1424) Concurrent Mark From Roots 617.686ms
[4770.354s][info][gc,marking     ] GC(1424) Concurrent Preclean
[4770.354s][info][gc,marking     ] GC(1424) Concurrent Preclean 0.108ms
[4770.354s][info][gc,marking     ] GC(1424) Concurrent Mark (4769.736s, 4770.354s) 617.874ms
[4770.354s][info][gc,start       ] GC(1424) Pause Remark
[4770.358s][info][gc             ] GC(1424) Pause Remark 507M->504M(512M) 3.913ms
[4770.358s][info][gc,cpu         ] GC(1424) User=0.02s Sys=0.00s Real=0.01s
[4770.358s][info][gc,marking     ] GC(1424) Concurrent Rebuild Remembered Sets
[4770.689s][info][gc,marking     ] GC(1424) Concurrent Rebuild Remembered Sets 330.671ms
[4770.690s][info][gc,start       ] GC(1424) Pause Cleanup
[4770.690s][info][gc             ] GC(1424) Pause Cleanup 504M->504M(512M) 0.528ms
[4770.690s][info][gc,cpu         ] GC(1424) User=0.00s Sys=0.00s Real=0.00s
[4770.690s][info][gc,marking     ] GC(1424) Concurrent Cleanup for Next Mark
[4770.691s][info][gc,marking     ] GC(1424) Concurrent Cleanup for Next Mark 0.860ms
[4770.691s][info][gc             ] GC(1424) Concurrent Cycle 955.450ms
[4790.735s][info][gc,start       ] GC(1425) Pause Young (Normal) (G1 Evacuation Pause)
[4790.735s][info][gc,task        ] GC(1425) Using 8 workers of 8 for evacuation
[4790.736s][info][gc             ] GC(1425) To-space exhausted
[4790.736s][info][gc,phases      ] GC(1425)   Pre Evacuate Collection Set: 0.1ms
[4790.736s][info][gc,phases      ] GC(1425)   Merge Heap Roots: 0.0ms
[4790.736s][info][gc,phases      ] GC(1425)   Evacuate Collection Set: 0.3ms
[4790.736s][info][gc,phases      ] GC(1425)   Post Evacuate Collection Set: 0.7ms
[4790.736s][info][gc,phases      ] GC(1425)   Other: 0.3ms
[4790.736s][info][gc,heap        ] GC(1425) Eden regions: 4->0(25)
[4790.736s][info][gc,heap        ] GC(1425) Survivor regions: 0->0(0)
[4790.736s][info][gc,heap        ] GC(1425) Old regions: 495->499
[4790.736s][info][gc,heap        ] GC(1425) Archive regions: 2->2
[4790.736s][info][gc,heap        ] GC(1425) Humongous regions: 11->11
[4790.736s][info][gc,metaspace   ] GC(1425) Metaspace: 48843K(50128K)->48843K(50128K) NonClass: 42996K(43856K)->42996K(43856K) Class: 5846K(6272K)->5846K(6272K)
[4790.736s][info][gc             ] GC(1425) Pause Young (Normal) (G1 Evacuation Pause) 508M->508M(512M) 1.472ms
[4790.736s][info][gc,cpu         ] GC(1425) User=0.00s Sys=0.00s Real=0.01s
[4790.736s][info][gc,ergo        ] Attempting maximally compacting collection
[4790.736s][info][gc,task        ] GC(1426) Using 8 workers of 8 for full compaction
[4790.736s][info][gc,start       ] GC(1426) Pause Full (G1 Evacuation Pause)
[4790.736s][info][gc,phases,start] GC(1426) Phase 1: Mark live objects
[4791.116s][info][gc,phases      ] GC(1426) Phase 1: Mark live objects 379.861ms
[4791.116s][info][gc,phases,start] GC(1426) Phase 2: Prepare for compaction
[4791.178s][info][gc,phases      ] GC(1426) Phase 2: Prepare for compaction 61.173ms
[4791.178s][info][gc,phases,start] GC(1426) Phase 3: Adjust pointers
[4791.307s][info][gc,phases      ] GC(1426) Phase 3: Adjust pointers 129.637ms
[4791.307s][info][gc,phases,start] GC(1426) Phase 4: Compact heap
[4791.364s][info][gc,phases      ] GC(1426) Phase 4: Compact heap 56.259ms
[4791.370s][info][gc,heap        ] GC(1426) Eden regions: 0->0(25)
[4791.371s][info][gc,heap        ] GC(1426) Survivor regions: 0->0(0)
[4791.371s][info][gc,heap        ] GC(1426) Old regions: 499->489
[4791.371s][info][gc,heap        ] GC(1426) Archive regions: 2->2
[4791.371s][info][gc,heap        ] GC(1426) Humongous regions: 11->11
[4791.371s][info][gc,metaspace   ] GC(1426) Metaspace: 48843K(50128K)->48722K(50128K) NonClass: 42996K(43856K)->42892K(43856K) Class: 5846K(6272K)->5829K(6272K)
[4791.371s][info][gc             ] GC(1426) Pause Full (G1 Evacuation Pause) 508M->498M(512M) 634.165ms
[4791.372s][info][gc,cpu         ] GC(1426) User=2.70s Sys=0.07s Real=0.63s
[4835.737s][info][gc,start       ] GC(1427) Pause Young (Concurrent Start) (G1 Evacuation Pause)
[4835.738s][info][gc,task        ] GC(1427) Using 8 workers of 8 for evacuation
[4835.740s][info][gc             ] GC(1427) To-space exhausted
[4835.740s][info][gc,phases      ] GC(1427)   Pre Evacuate Collection Set: 0.1ms
[4835.740s][info][gc,phases      ] GC(1427)   Merge Heap Roots: 0.0ms
[4835.740s][info][gc,phases      ] GC(1427)   Evacuate Collection Set: 0.6ms
[4835.740s][info][gc,phases      ] GC(1427)   Post Evacuate Collection Set: 1.1ms
[4835.740s][info][gc,phases      ] GC(1427)   Other: 1.1ms
[4835.740s][info][gc,heap        ] GC(1427) Eden regions: 10->0(25)
[4835.740s][info][gc,heap        ] GC(1427) Survivor regions: 0->0(0)
[4835.740s][info][gc,heap        ] GC(1427) Old regions: 489->495
[4835.740s][info][gc,heap        ] GC(1427) Archive regions: 2->2
[4835.740s][info][gc,heap        ] GC(1427) Humongous regions: 11->11
[4835.740s][info][gc,metaspace   ] GC(1427) Metaspace: 48856K(50128K)->48856K(50128K) NonClass: 43007K(43856K)->43007K(43856K) Class: 5849K(6272K)->5849K(6272K)
[4835.740s][info][gc             ] GC(1427) Pause Young (Concurrent Start) (G1 Evacuation Pause) 508M->504M(512M) 3.036ms
[4835.740s][info][gc,cpu         ] GC(1427) User=0.01s Sys=0.00s Real=0.00s
[4835.740s][info][gc             ] GC(1428) Concurrent Cycle
[4835.740s][info][gc,marking     ] GC(1428) Concurrent Clear Claimed Marks
[4835.740s][info][gc,marking     ] GC(1428) Concurrent Clear Claimed Marks 0.038ms
[4835.740s][info][gc,marking     ] GC(1428) Concurrent Scan Root Regions
[4835.740s][info][gc,marking     ] GC(1428) Concurrent Scan Root Regions 0.007ms
[4835.740s][info][gc,marking     ] GC(1428) Concurrent Mark (4835.740s)
[4835.740s][info][gc,marking     ] GC(1428) Concurrent Mark From Roots
[4835.740s][info][gc,task        ] GC(1428) Using 2 workers of 2 for marking
[4836.383s][info][gc,marking     ] GC(1428) Concurrent Mark From Roots 643.622ms
[4836.384s][info][gc,marking     ] GC(1428) Concurrent Preclean
[4836.384s][info][gc,marking     ] GC(1428) Concurrent Preclean 0.156ms
[4836.384s][info][gc,marking     ] GC(1428) Concurrent Mark (4835.740s, 4836.384s) 643.897ms
[4836.384s][info][gc,start       ] GC(1428) Pause Remark
[4836.386s][info][gc             ] GC(1428) Pause Remark 504M->504M(512M) 2.110ms
[4836.386s][info][gc,cpu         ] GC(1428) User=0.00s Sys=0.00s Real=0.01s
[4836.386s][info][gc,marking     ] GC(1428) Concurrent Rebuild Remembered Sets
[4836.727s][info][gc,marking     ] GC(1428) Concurrent Rebuild Remembered Sets 341.062ms
[4836.728s][info][gc,start       ] GC(1428) Pause Cleanup
[4836.729s][info][gc             ] GC(1428) Pause Cleanup 504M->504M(512M) 0.378ms
[4836.729s][info][gc,cpu         ] GC(1428) User=0.00s Sys=0.00s Real=0.00s
[4836.729s][info][gc,marking     ] GC(1428) Concurrent Cleanup for Next Mark
[4836.730s][info][gc,marking     ] GC(1428) Concurrent Cleanup for Next Mark 1.035ms
[4836.730s][info][gc             ] GC(1428) Concurrent Cycle 990.022ms
[4855.735s][info][gc,start       ] GC(1429) Pause Young (Normal) (G1 Evacuation Pause)
[4855.735s][info][gc,task        ] GC(1429) Using 8 workers of 8 for evacuation
[4855.736s][info][gc             ] GC(1429) To-space exhausted
[4855.736s][info][gc,phases      ] GC(1429)   Pre Evacuate Collection Set: 0.1ms
[4855.736s][info][gc,phases      ] GC(1429)   Merge Heap Roots: 0.0ms
[4855.736s][info][gc,phases      ] GC(1429)   Evacuate Collection Set: 0.5ms
[4855.736s][info][gc,phases      ] GC(1429)   Post Evacuate Collection Set: 0.9ms
[4855.736s][info][gc,phases      ] GC(1429)   Other: 0.2ms
[4855.736s][info][gc,heap        ] GC(1429) Eden regions: 4->0(25)
[4855.736s][info][gc,heap        ] GC(1429) Survivor regions: 0->0(0)
[4855.736s][info][gc,heap        ] GC(1429) Old regions: 495->498
[4855.736s][info][gc,heap        ] GC(1429) Archive regions: 2->2
[4855.736s][info][gc,heap        ] GC(1429) Humongous regions: 11->11
[4855.737s][info][gc,metaspace   ] GC(1429) Metaspace: 48856K(50128K)->48856K(50128K) NonClass: 43007K(43856K)->43007K(43856K) Class: 5849K(6272K)->5849K(6272K)
[4855.737s][info][gc             ] GC(1429) Pause Young (Normal) (G1 Evacuation Pause) 508M->507M(512M) 1.792ms
[4855.737s][info][gc,cpu         ] GC(1429) User=0.00s Sys=0.00s Real=0.01s
[4860.732s][info][gc,start       ] GC(1430) Pause Young (Concurrent Start) (G1 Evacuation Pause)
[4860.732s][info][gc,task        ] GC(1430) Using 8 workers of 8 for evacuation
[4860.733s][info][gc             ] GC(1430) To-space exhausted
[4860.733s][info][gc,phases      ] GC(1430)   Pre Evacuate Collection Set: 0.1ms
[4860.733s][info][gc,phases      ] GC(1430)   Merge Heap Roots: 0.0ms
[4860.733s][info][gc,phases      ] GC(1430)   Evacuate Collection Set: 0.6ms
[4860.733s][info][gc,phases      ] GC(1430)   Post Evacuate Collection Set: 0.5ms
[4860.733s][info][gc,phases      ] GC(1430)   Other: 0.2ms
[4860.733s][info][gc,heap        ] GC(1430) Eden regions: 1->0(25)
[4860.733s][info][gc,heap        ] GC(1430) Survivor regions: 0->0(0)
[4860.733s][info][gc,heap        ] GC(1430) Old regions: 498->499
[4860.733s][info][gc,heap        ] GC(1430) Archive regions: 2->2
[4860.733s][info][gc,heap        ] GC(1430) Humongous regions: 11->11
[4860.734s][info][gc,metaspace   ] GC(1430) Metaspace: 48857K(50128K)->48857K(50128K) NonClass: 43008K(43856K)->43008K(43856K) Class: 5849K(6272K)->5849K(6272K)
[4860.734s][info][gc             ] GC(1430) Pause Young (Concurrent Start) (G1 Evacuation Pause) 508M->508M(512M) 1.482ms
[4860.734s][info][gc,cpu         ] GC(1430) User=0.00s Sys=0.00s Real=0.00s
[4860.734s][info][gc,ergo        ] Attempting maximally compacting collection
[4860.734s][info][gc,task        ] GC(1432) Using 8 workers of 8 for full compaction
[4860.734s][info][gc             ] GC(1431) Concurrent Cycle
[4860.734s][info][gc,start       ] GC(1432) Pause Full (G1 Evacuation Pause)
[4860.734s][info][gc,marking     ] GC(1431) Concurrent Clear Claimed Marks
[4860.734s][info][gc,marking     ] GC(1431) Concurrent Clear Claimed Marks 0.047ms
[4860.734s][info][gc,marking     ] GC(1431) Concurrent Scan Root Regions
[4860.734s][info][gc,marking     ] GC(1431) Concurrent Scan Root Regions 0.026ms
[4860.734s][info][gc,marking     ] GC(1431) Concurrent Mark (4860.734s)
[4860.734s][info][gc,marking     ] GC(1431) Concurrent Mark From Roots
[4860.734s][info][gc,task        ] GC(1431) Using 2 workers of 2 for marking
[4860.734s][info][gc,phases,start] GC(1432) Phase 1: Mark live objects
[4861.092s][info][gc,phases      ] GC(1432) Phase 1: Mark live objects 357.200ms
[4861.092s][info][gc,phases,start] GC(1432) Phase 2: Prepare for compaction
[4861.149s][info][gc,phases      ] GC(1432) Phase 2: Prepare for compaction 57.343ms
[4861.149s][info][gc,phases,start] GC(1432) Phase 3: Adjust pointers
[4861.282s][info][gc,phases      ] GC(1432) Phase 3: Adjust pointers 132.878ms
[4861.282s][info][gc,phases,start] GC(1432) Phase 4: Compact heap
[4861.334s][info][gc,phases      ] GC(1432) Phase 4: Compact heap 52.311ms
[4861.343s][info][gc,heap        ] GC(1432) Eden regions: 0->0(25)
[4861.343s][info][gc,heap        ] GC(1432) Survivor regions: 0->0(0)
[4861.343s][info][gc,heap        ] GC(1432) Old regions: 499->488
[4861.343s][info][gc,heap        ] GC(1432) Archive regions: 2->2
[4861.343s][info][gc,heap        ] GC(1432) Humongous regions: 11->11
[4861.343s][info][gc,metaspace   ] GC(1432) Metaspace: 48857K(50128K)->48713K(50128K) NonClass: 43008K(43856K)->42884K(43856K) Class: 5849K(6272K)->5828K(6272K)
[4861.343s][info][gc             ] GC(1432) Pause Full (G1 Evacuation Pause) 508M->498M(512M) 609.900ms
[4861.346s][info][gc,cpu         ] GC(1432) User=2.70s Sys=0.10s Real=0.62s
[4861.346s][info][gc,marking     ] GC(1431) Concurrent Mark From Roots 611.960ms
[4861.346s][info][gc,marking     ] GC(1431) Concurrent Mark Abort
[4861.346s][info][gc             ] GC(1431) Concurrent Cycle 612.207ms
[4911.736s][info][gc,start       ] GC(1433) Pause Young (Normal) (G1 Evacuation Pause)
[4911.736s][info][gc,task        ] GC(1433) Using 8 workers of 8 for evacuation
[4911.737s][info][gc             ] GC(1433) To-space exhausted
[4911.737s][info][gc,phases      ] GC(1433)   Pre Evacuate Collection Set: 0.1ms
[4911.737s][info][gc,phases      ] GC(1433)   Merge Heap Roots: 0.0ms
[4911.738s][info][gc,phases      ] GC(1433)   Evacuate Collection Set: 0.2ms
[4911.738s][info][gc,phases      ] GC(1433)   Post Evacuate Collection Set: 1.4ms
[4911.738s][info][gc,phases      ] GC(1433)   Other: 0.2ms
[4911.738s][info][gc,heap        ] GC(1433) Eden regions: 11->0(25)
[4911.738s][info][gc,heap        ] GC(1433) Survivor regions: 0->0(0)
[4911.738s][info][gc,heap        ] GC(1433) Old regions: 488->493
[4911.738s][info][gc,heap        ] GC(1433) Archive regions: 2->2
[4911.738s][info][gc,heap        ] GC(1433) Humongous regions: 11->11
[4911.738s][info][gc,metaspace   ] GC(1433) Metaspace: 48845K(50128K)->48845K(50128K) NonClass: 42997K(43856K)->42997K(43856K) Class: 5847K(6272K)->5847K(6272K)
[4911.738s][info][gc             ] GC(1433) Pause Young (Normal) (G1 Evacuation Pause) 509M->503M(512M) 2.062ms
[4911.738s][info][gc,cpu         ] GC(1433) User=0.01s Sys=0.00s Real=0.00s
[4942.733s][info][gc,start       ] GC(1434) Pause Young (Concurrent Start) (G1 Evacuation Pause)
[4942.734s][info][gc,task        ] GC(1434) Using 8 workers of 8 for evacuation
[4942.738s][info][gc             ] GC(1434) To-space exhausted
[4942.738s][info][gc,phases      ] GC(1434)   Pre Evacuate Collection Set: 0.3ms
[4942.738s][info][gc,phases      ] GC(1434)   Merge Heap Roots: 0.1ms
[4942.738s][info][gc,phases      ] GC(1434)   Evacuate Collection Set: 1.7ms
[4942.738s][info][gc,phases      ] GC(1434)   Post Evacuate Collection Set: 1.9ms
[4942.738s][info][gc,phases      ] GC(1434)   Other: 0.6ms
[4942.738s][info][gc,heap        ] GC(1434) Eden regions: 6->0(25)
[4942.738s][info][gc,heap        ] GC(1434) Survivor regions: 0->0(0)
[4942.738s][info][gc,heap        ] GC(1434) Old regions: 493->497
[4942.738s][info][gc,heap        ] GC(1434) Archive regions: 2->2
[4942.738s][info][gc,heap        ] GC(1434) Humongous regions: 11->11
[4942.738s][info][gc,metaspace   ] GC(1434) Metaspace: 48845K(50128K)->48845K(50128K) NonClass: 42998K(43856K)->42998K(43856K) Class: 5847K(6272K)->5847K(6272K)
[4942.738s][info][gc             ] GC(1434) Pause Young (Concurrent Start) (G1 Evacuation Pause) 509M->507M(512M) 4.810ms
[4942.738s][info][gc,cpu         ] GC(1434) User=0.01s Sys=0.00s Real=0.01s
[4942.738s][info][gc             ] GC(1435) Concurrent Cycle
[4942.738s][info][gc,marking     ] GC(1435) Concurrent Clear Claimed Marks
[4942.738s][info][gc,marking     ] GC(1435) Concurrent Clear Claimed Marks 0.104ms
[4942.738s][info][gc,marking     ] GC(1435) Concurrent Scan Root Regions
[4942.738s][info][gc,marking     ] GC(1435) Concurrent Scan Root Regions 0.009ms
[4942.738s][info][gc,marking     ] GC(1435) Concurrent Mark (4942.738s)
[4942.738s][info][gc,marking     ] GC(1435) Concurrent Mark From Roots
[4942.738s][info][gc,task        ] GC(1435) Using 2 workers of 2 for marking
[4943.466s][info][gc,marking     ] GC(1435) Concurrent Mark From Roots 727.159ms
[4943.466s][info][gc,marking     ] GC(1435) Concurrent Preclean
[4943.466s][info][gc,marking     ] GC(1435) Concurrent Preclean 0.087ms
[4943.466s][info][gc,marking     ] GC(1435) Concurrent Mark (4942.738s, 4943.466s) 727.313ms
[4943.466s][info][gc,start       ] GC(1435) Pause Remark
[4943.469s][info][gc             ] GC(1435) Pause Remark 507M->506M(512M) 3.598ms
[4943.470s][info][gc,cpu         ] GC(1435) User=0.02s Sys=0.00s Real=0.00s
[4943.470s][info][gc,marking     ] GC(1435) Concurrent Rebuild Remembered Sets
[4943.835s][info][gc,marking     ] GC(1435) Concurrent Rebuild Remembered Sets 364.927ms
[4943.837s][info][gc,start       ] GC(1435) Pause Cleanup
[4943.838s][info][gc             ] GC(1435) Pause Cleanup 507M->507M(512M) 0.851ms
[4943.838s][info][gc,cpu         ] GC(1435) User=0.00s Sys=0.00s Real=0.00s
[4943.838s][info][gc,marking     ] GC(1435) Concurrent Cleanup for Next Mark
[4943.840s][info][gc,marking     ] GC(1435) Concurrent Cleanup for Next Mark 1.862ms
[4943.840s][info][gc             ] GC(1435) Concurrent Cycle 1102.102ms
[4956.738s][info][gc,start       ] GC(1436) Pause Young (Normal) (G1 Evacuation Pause)
[4956.738s][info][gc,task        ] GC(1436) Using 8 workers of 8 for evacuation
[4956.739s][info][gc             ] GC(1436) To-space exhausted
[4956.739s][info][gc,phases      ] GC(1436)   Pre Evacuate Collection Set: 0.1ms
[4956.739s][info][gc,phases      ] GC(1436)   Merge Heap Roots: 0.0ms
[4956.739s][info][gc,phases      ] GC(1436)   Evacuate Collection Set: 0.3ms
[4956.739s][info][gc,phases      ] GC(1436)   Post Evacuate Collection Set: 0.6ms
[4956.739s][info][gc,phases      ] GC(1436)   Other: 0.8ms
[4956.739s][info][gc,heap        ] GC(1436) Eden regions: 3->0(25)
[4956.739s][info][gc,heap        ] GC(1436) Survivor regions: 0->0(0)
[4956.739s][info][gc,heap        ] GC(1436) Old regions: 496->498
[4956.739s][info][gc,heap        ] GC(1436) Archive regions: 2->2
[4956.739s][info][gc,heap        ] GC(1436) Humongous regions: 11->11
[4956.739s][info][gc,metaspace   ] GC(1436) Metaspace: 48844K(50128K)->48844K(50128K) NonClass: 42997K(43856K)->42997K(43856K) Class: 5846K(6272K)->5846K(6272K)
[4956.739s][info][gc             ] GC(1436) Pause Young (Normal) (G1 Evacuation Pause) 509M->508M(512M) 1.872ms
[4956.739s][info][gc,cpu         ] GC(1436) User=0.00s Sys=0.00s Real=0.00s
[4961.738s][info][gc,start       ] GC(1437) Pause Young (Concurrent Start) (G1 Evacuation Pause)
[4961.738s][info][gc,task        ] GC(1437) Using 8 workers of 8 for evacuation
[4961.739s][info][gc             ] GC(1437) To-space exhausted
[4961.739s][info][gc,phases      ] GC(1437)   Pre Evacuate Collection Set: 0.1ms
[4961.739s][info][gc,phases      ] GC(1437)   Merge Heap Roots: 0.0ms
[4961.739s][info][gc,phases      ] GC(1437)   Evacuate Collection Set: 0.5ms
[4961.739s][info][gc,phases      ] GC(1437)   Post Evacuate Collection Set: 0.5ms
[4961.739s][info][gc,phases      ] GC(1437)   Other: 0.2ms
[4961.739s][info][gc,heap        ] GC(1437) Eden regions: 1->0(25)
[4961.739s][info][gc,heap        ] GC(1437) Survivor regions: 0->0(0)
[4961.739s][info][gc,heap        ] GC(1437) Old regions: 498->499
[4961.739s][info][gc,heap        ] GC(1437) Archive regions: 2->2
[4961.739s][info][gc,heap        ] GC(1437) Humongous regions: 11->11
[4961.739s][info][gc,metaspace   ] GC(1437) Metaspace: 48844K(50128K)->48844K(50128K) NonClass: 42997K(43856K)->42997K(43856K) Class: 5846K(6272K)->5846K(6272K)
[4961.739s][info][gc             ] GC(1437) Pause Young (Concurrent Start) (G1 Evacuation Pause) 509M->509M(512M) 1.529ms
[4961.739s][info][gc,cpu         ] GC(1437) User=0.00s Sys=0.00s Real=0.00s
[4961.739s][info][gc,ergo        ] Attempting maximally compacting collection
[4961.739s][info][gc             ] GC(1438) Concurrent Cycle
[4961.739s][info][gc,task        ] GC(1439) Using 8 workers of 8 for full compaction
[4961.739s][info][gc,marking     ] GC(1438) Concurrent Clear Claimed Marks
[4961.739s][info][gc,start       ] GC(1439) Pause Full (G1 Evacuation Pause)
[4961.739s][info][gc,marking     ] GC(1438) Concurrent Clear Claimed Marks 0.058ms
[4961.739s][info][gc,marking     ] GC(1438) Concurrent Scan Root Regions
[4961.739s][info][gc,marking     ] GC(1438) Concurrent Scan Root Regions 0.032ms
[4961.739s][info][gc,marking     ] GC(1438) Concurrent Mark (4961.739s)
[4961.740s][info][gc,marking     ] GC(1438) Concurrent Mark From Roots
[4961.740s][info][gc,task        ] GC(1438) Using 2 workers of 2 for marking
[4961.740s][info][gc,phases,start] GC(1439) Phase 1: Mark live objects
[4962.109s][info][gc,phases      ] GC(1439) Phase 1: Mark live objects 369.177ms
[4962.109s][info][gc,phases,start] GC(1439) Phase 2: Prepare for compaction
[4962.178s][info][gc,phases      ] GC(1439) Phase 2: Prepare for compaction 68.450ms
[4962.178s][info][gc,phases,start] GC(1439) Phase 3: Adjust pointers
[4962.341s][info][gc,phases      ] GC(1439) Phase 3: Adjust pointers 163.149ms
[4962.341s][info][gc,phases,start] GC(1439) Phase 4: Compact heap
[4962.413s][info][gc,phases      ] GC(1439) Phase 4: Compact heap 72.340ms
[4962.420s][info][gc,heap        ] GC(1439) Eden regions: 0->0(25)
[4962.420s][info][gc,heap        ] GC(1439) Survivor regions: 0->0(0)
[4962.420s][info][gc,heap        ] GC(1439) Old regions: 499->489
[4962.420s][info][gc,heap        ] GC(1439) Archive regions: 2->2
[4962.420s][info][gc,heap        ] GC(1439) Humongous regions: 11->11
[4962.420s][info][gc,metaspace   ] GC(1439) Metaspace: 48844K(50128K)->48795K(50128K) NonClass: 42997K(43856K)->42956K(43856K) Class: 5846K(6272K)->5839K(6272K)
[4962.420s][info][gc             ] GC(1439) Pause Full (G1 Evacuation Pause) 509M->498M(512M) 680.971ms
[4962.425s][info][gc,cpu         ] GC(1439) User=2.73s Sys=0.10s Real=0.68s
[4962.425s][info][gc,marking     ] GC(1438) Concurrent Mark From Roots 685.466ms
[4962.425s][info][gc,marking     ] GC(1438) Concurrent Mark Abort
[4962.425s][info][gc             ] GC(1438) Concurrent Cycle 685.696ms
[5012.736s][info][gc,start       ] GC(1440) Pause Young (Normal) (G1 Evacuation Pause)
[5012.736s][info][gc,task        ] GC(1440) Using 8 workers of 8 for evacuation
[5012.737s][info][gc             ] GC(1440) To-space exhausted
[5012.737s][info][gc,phases      ] GC(1440)   Pre Evacuate Collection Set: 0.1ms
[5012.737s][info][gc,phases      ] GC(1440)   Merge Heap Roots: 0.0ms
[5012.738s][info][gc,phases      ] GC(1440)   Evacuate Collection Set: 0.2ms
[5012.738s][info][gc,phases      ] GC(1440)   Post Evacuate Collection Set: 0.8ms
[5012.738s][info][gc,phases      ] GC(1440)   Other: 0.2ms
[5012.738s][info][gc,heap        ] GC(1440) Eden regions: 10->0(25)
[5012.738s][info][gc,heap        ] GC(1440) Survivor regions: 0->0(0)
[5012.738s][info][gc,heap        ] GC(1440) Old regions: 489->493
[5012.738s][info][gc,heap        ] GC(1440) Archive regions: 2->2
[5012.738s][info][gc,heap        ] GC(1440) Humongous regions: 11->11
[5012.738s][info][gc,metaspace   ] GC(1440) Metaspace: 48844K(50128K)->48844K(50128K) NonClass: 42997K(43856K)->42997K(43856K) Class: 5846K(6272K)->5846K(6272K)
[5012.738s][info][gc             ] GC(1440) Pause Young (Normal) (G1 Evacuation Pause) 508M->502M(512M) 1.424ms
[5012.738s][info][gc,cpu         ] GC(1440) User=0.00s Sys=0.00s Real=0.00s
[5043.735s][info][gc,start       ] GC(1441) Pause Young (Concurrent Start) (G1 Evacuation Pause)
[5043.735s][info][gc,task        ] GC(1441) Using 8 workers of 8 for evacuation
[5043.737s][info][gc             ] GC(1441) To-space exhausted
[5043.737s][info][gc,phases      ] GC(1441)   Pre Evacuate Collection Set: 0.2ms
[5043.737s][info][gc,phases      ] GC(1441)   Merge Heap Roots: 0.0ms
[5043.737s][info][gc,phases      ] GC(1441)   Evacuate Collection Set: 0.8ms
[5043.737s][info][gc,phases      ] GC(1441)   Post Evacuate Collection Set: 0.8ms
[5043.737s][info][gc,phases      ] GC(1441)   Other: 0.3ms
[5043.737s][info][gc,heap        ] GC(1441) Eden regions: 6->0(25)
[5043.737s][info][gc,heap        ] GC(1441) Survivor regions: 0->0(0)
[5043.737s][info][gc,heap        ] GC(1441) Old regions: 493->496
[5043.737s][info][gc,heap        ] GC(1441) Archive regions: 2->2
[5043.737s][info][gc,heap        ] GC(1441) Humongous regions: 11->11
[5043.737s][info][gc,metaspace   ] GC(1441) Metaspace: 48844K(50128K)->48844K(50128K) NonClass: 42997K(43856K)->42997K(43856K) Class: 5846K(6272K)->5846K(6272K)
[5043.737s][info][gc             ] GC(1441) Pause Young (Concurrent Start) (G1 Evacuation Pause) 508M->505M(512M) 2.157ms
[5043.737s][info][gc,cpu         ] GC(1441) User=0.00s Sys=0.00s Real=0.00s
[5043.737s][info][gc             ] GC(1442) Concurrent Cycle
[5043.737s][info][gc,marking     ] GC(1442) Concurrent Clear Claimed Marks
[5043.737s][info][gc,marking     ] GC(1442) Concurrent Clear Claimed Marks 0.072ms
[5043.737s][info][gc,marking     ] GC(1442) Concurrent Scan Root Regions
[5043.737s][info][gc,marking     ] GC(1442) Concurrent Scan Root Regions 0.013ms
[5043.737s][info][gc,marking     ] GC(1442) Concurrent Mark (5043.737s)
[5043.737s][info][gc,marking     ] GC(1442) Concurrent Mark From Roots
[5043.737s][info][gc,task        ] GC(1442) Using 2 workers of 2 for marking
[5044.348s][info][gc,marking     ] GC(1442) Concurrent Mark From Roots 610.344ms
[5044.348s][info][gc,marking     ] GC(1442) Concurrent Preclean
[5044.348s][info][gc,marking     ] GC(1442) Concurrent Preclean 0.125ms
[5044.348s][info][gc,marking     ] GC(1442) Concurrent Mark (5043.737s, 5044.348s) 610.568ms
[5044.348s][info][gc,start       ] GC(1442) Pause Remark
[5044.353s][info][gc             ] GC(1442) Pause Remark 505M->504M(512M) 4.714ms
[5044.353s][info][gc,cpu         ] GC(1442) User=0.02s Sys=0.00s Real=0.00s
[5044.353s][info][gc,marking     ] GC(1442) Concurrent Rebuild Remembered Sets
[5044.710s][info][gc,marking     ] GC(1442) Concurrent Rebuild Remembered Sets 356.655ms
[5044.711s][info][gc,start       ] GC(1442) Pause Cleanup
[5044.711s][info][gc             ] GC(1442) Pause Cleanup 504M->504M(512M) 0.363ms
[5044.711s][info][gc,cpu         ] GC(1442) User=0.00s Sys=0.00s Real=0.00s
[5044.711s][info][gc,marking     ] GC(1442) Concurrent Cleanup for Next Mark
[5044.712s][info][gc,marking     ] GC(1442) Concurrent Cleanup for Next Mark 0.750ms
[5044.712s][info][gc             ] GC(1442) Concurrent Cycle 974.680ms
[5063.739s][info][gc,start       ] GC(1443) Pause Young (Normal) (G1 Evacuation Pause)
[5063.740s][info][gc,task        ] GC(1443) Using 8 workers of 8 for evacuation
[5063.741s][info][gc             ] GC(1443) To-space exhausted
[5063.741s][info][gc,phases      ] GC(1443)   Pre Evacuate Collection Set: 0.1ms
[5063.741s][info][gc,phases      ] GC(1443)   Merge Heap Roots: 0.0ms
[5063.741s][info][gc,phases      ] GC(1443)   Evacuate Collection Set: 0.2ms
[5063.741s][info][gc,phases      ] GC(1443)   Post Evacuate Collection Set: 0.6ms
[5063.741s][info][gc,phases      ] GC(1443)   Other: 0.2ms
[5063.741s][info][gc,heap        ] GC(1443) Eden regions: 4->0(25)
[5063.741s][info][gc,heap        ] GC(1443) Survivor regions: 0->0(0)
[5063.741s][info][gc,heap        ] GC(1443) Old regions: 495->498
[5063.741s][info][gc,heap        ] GC(1443) Archive regions: 2->2
[5063.741s][info][gc,heap        ] GC(1443) Humongous regions: 11->11
[5063.741s][info][gc,metaspace   ] GC(1443) Metaspace: 48844K(50128K)->48844K(50128K) NonClass: 42997K(43856K)->42997K(43856K) Class: 5846K(6272K)->5846K(6272K)
[5063.741s][info][gc             ] GC(1443) Pause Young (Normal) (G1 Evacuation Pause) 508M->507M(512M) 1.245ms
[5063.741s][info][gc,cpu         ] GC(1443) User=0.00s Sys=0.00s Real=0.00s
[5068.734s][info][gc,start       ] GC(1444) Pause Young (Concurrent Start) (G1 Evacuation Pause)
[5068.734s][info][gc,task        ] GC(1444) Using 8 workers of 8 for evacuation
[5068.737s][info][gc             ] GC(1444) To-space exhausted
[5068.737s][info][gc,phases      ] GC(1444)   Pre Evacuate Collection Set: 0.3ms
[5068.737s][info][gc,phases      ] GC(1444)   Merge Heap Roots: 0.1ms
[5068.737s][info][gc,phases      ] GC(1444)   Evacuate Collection Set: 1.0ms
[5068.737s][info][gc,phases      ] GC(1444)   Post Evacuate Collection Set: 1.1ms
[5068.737s][info][gc,phases      ] GC(1444)   Other: 0.5ms
[5068.737s][info][gc,heap        ] GC(1444) Eden regions: 1->0(25)
[5068.737s][info][gc,heap        ] GC(1444) Survivor regions: 0->0(0)
[5068.737s][info][gc,heap        ] GC(1444) Old regions: 498->499
[5068.737s][info][gc,heap        ] GC(1444) Archive regions: 2->2
[5068.737s][info][gc,heap        ] GC(1444) Humongous regions: 11->11
[5068.737s][info][gc,metaspace   ] GC(1444) Metaspace: 48844K(50128K)->48844K(50128K) NonClass: 42997K(43856K)->42997K(43856K) Class: 5846K(6272K)->5846K(6272K)
[5068.737s][info][gc             ] GC(1444) Pause Young (Concurrent Start) (G1 Evacuation Pause) 508M->508M(512M) 3.082ms
[5068.737s][info][gc,cpu         ] GC(1444) User=0.01s Sys=0.00s Real=0.01s
[5068.737s][info][gc             ] GC(1445) Concurrent Cycle
[5068.737s][info][gc,marking     ] GC(1445) Concurrent Clear Claimed Marks
[5068.737s][info][gc,ergo        ] Attempting maximally compacting collection
[5068.737s][info][gc,marking     ] GC(1445) Concurrent Clear Claimed Marks 0.109ms
[5068.737s][info][gc,task        ] GC(1446) Using 8 workers of 8 for full compaction
[5068.738s][info][gc,marking     ] GC(1445) Concurrent Scan Root Regions
[5068.738s][info][gc,marking     ] GC(1445) Concurrent Scan Root Regions 0.021ms
[5068.738s][info][gc,marking     ] GC(1445) Concurrent Mark (5068.738s)
[5068.738s][info][gc,start       ] GC(1446) Pause Full (G1 Evacuation Pause)
[5068.738s][info][gc,marking     ] GC(1445) Concurrent Mark From Roots
[5068.738s][info][gc,task        ] GC(1445) Using 2 workers of 2 for marking
[5068.739s][info][gc,phases,start] GC(1446) Phase 1: Mark live objects
[5069.133s][info][gc,phases      ] GC(1446) Phase 1: Mark live objects 394.286ms
[5069.133s][info][gc,phases,start] GC(1446) Phase 2: Prepare for compaction
[5069.198s][info][gc,phases      ] GC(1446) Phase 2: Prepare for compaction 64.806ms
[5069.198s][info][gc,phases,start] GC(1446) Phase 3: Adjust pointers
[5069.335s][info][gc,phases      ] GC(1446) Phase 3: Adjust pointers 136.956ms
[5069.335s][info][gc,phases,start] GC(1446) Phase 4: Compact heap
[5069.397s][info][gc,phases      ] GC(1446) Phase 4: Compact heap 61.622ms
[5069.404s][info][gc,heap        ] GC(1446) Eden regions: 0->0(25)
[5069.404s][info][gc,heap        ] GC(1446) Survivor regions: 0->0(0)
[5069.404s][info][gc,heap        ] GC(1446) Old regions: 499->488
[5069.404s][info][gc,heap        ] GC(1446) Archive regions: 2->2
[5069.404s][info][gc,heap        ] GC(1446) Humongous regions: 11->11
[5069.405s][info][gc,metaspace   ] GC(1446) Metaspace: 48844K(50128K)->48713K(50128K) NonClass: 42997K(43856K)->42885K(43856K) Class: 5846K(6272K)->5828K(6272K)
[5069.405s][info][gc             ] GC(1446) Pause Full (G1 Evacuation Pause) 508M->498M(512M) 666.987ms
[5069.406s][info][gc,cpu         ] GC(1446) User=2.79s Sys=0.09s Real=0.67s
[5069.407s][info][gc,marking     ] GC(1445) Concurrent Mark From Roots 668.988ms
[5069.407s][info][gc,marking     ] GC(1445) Concurrent Mark Abort
[5069.407s][info][gc             ] GC(1445) Concurrent Cycle 669.384ms
[5119.939s][info][gc,start       ] GC(1447) Pause Young (Normal) (G1 Evacuation Pause)
[5119.940s][info][gc,task        ] GC(1447) Using 8 workers of 8 for evacuation
[5119.942s][info][gc             ] GC(1447) To-space exhausted
[5119.942s][info][gc,phases      ] GC(1447)   Pre Evacuate Collection Set: 0.1ms
[5119.942s][info][gc,phases      ] GC(1447)   Merge Heap Roots: 0.0ms
[5119.942s][info][gc,phases      ] GC(1447)   Evacuate Collection Set: 0.4ms
[5119.942s][info][gc,phases      ] GC(1447)   Post Evacuate Collection Set: 1.6ms
[5119.942s][info][gc,phases      ] GC(1447)   Other: 0.3ms
[5119.942s][info][gc,heap        ] GC(1447) Eden regions: 11->0(25)
[5119.942s][info][gc,heap        ] GC(1447) Survivor regions: 0->0(0)
[5119.942s][info][gc,heap        ] GC(1447) Old regions: 488->493
[5119.942s][info][gc,heap        ] GC(1447) Archive regions: 2->2
[5119.942s][info][gc,heap        ] GC(1447) Humongous regions: 11->11
[5119.942s][info][gc,metaspace   ] GC(1447) Metaspace: 48855K(50128K)->48855K(50128K) NonClass: 43006K(43856K)->43006K(43856K) Class: 5848K(6272K)->5848K(6272K)
[5119.942s][info][gc             ] GC(1447) Pause Young (Normal) (G1 Evacuation Pause) 509M->503M(512M) 2.590ms
[5119.942s][info][gc,cpu         ] GC(1447) User=0.00s Sys=0.00s Real=0.00s
[5151.740s][info][gc,start       ] GC(1448) Pause Young (Concurrent Start) (G1 Evacuation Pause)
[5151.741s][info][gc,task        ] GC(1448) Using 8 workers of 8 for evacuation
[5151.743s][info][gc             ] GC(1448) To-space exhausted
[5151.743s][info][gc,phases      ] GC(1448)   Pre Evacuate Collection Set: 0.2ms
[5151.743s][info][gc,phases      ] GC(1448)   Merge Heap Roots: 0.1ms
[5151.743s][info][gc,phases      ] GC(1448)   Evacuate Collection Set: 0.6ms
[5151.743s][info][gc,phases      ] GC(1448)   Post Evacuate Collection Set: 0.5ms
[5151.743s][info][gc,phases      ] GC(1448)   Other: 1.2ms
[5151.743s][info][gc,heap        ] GC(1448) Eden regions: 6->0(25)
[5151.743s][info][gc,heap        ] GC(1448) Survivor regions: 0->0(0)
[5151.743s][info][gc,heap        ] GC(1448) Old regions: 493->496
[5151.743s][info][gc,heap        ] GC(1448) Archive regions: 2->2
[5151.743s][info][gc,heap        ] GC(1448) Humongous regions: 11->11
[5151.743s][info][gc,metaspace   ] GC(1448) Metaspace: 48855K(50128K)->48855K(50128K) NonClass: 43007K(43856K)->43007K(43856K) Class: 5848K(6272K)->5848K(6272K)
[5151.743s][info][gc             ] GC(1448) Pause Young (Concurrent Start) (G1 Evacuation Pause) 509M->506M(512M) 2.619ms
[5151.743s][info][gc,cpu         ] GC(1448) User=0.00s Sys=0.00s Real=0.00s
[5151.743s][info][gc             ] GC(1449) Concurrent Cycle
[5151.743s][info][gc,marking     ] GC(1449) Concurrent Clear Claimed Marks
[5151.743s][info][gc,marking     ] GC(1449) Concurrent Clear Claimed Marks 0.038ms
[5151.743s][info][gc,marking     ] GC(1449) Concurrent Scan Root Regions
[5151.743s][info][gc,marking     ] GC(1449) Concurrent Scan Root Regions 0.007ms
[5151.743s][info][gc,marking     ] GC(1449) Concurrent Mark (5151.743s)
[5151.743s][info][gc,marking     ] GC(1449) Concurrent Mark From Roots
[5151.743s][info][gc,task        ] GC(1449) Using 2 workers of 2 for marking
[5152.391s][info][gc,marking     ] GC(1449) Concurrent Mark From Roots 647.988ms
[5152.391s][info][gc,marking     ] GC(1449) Concurrent Preclean
[5152.391s][info][gc,marking     ] GC(1449) Concurrent Preclean 0.094ms
[5152.391s][info][gc,marking     ] GC(1449) Concurrent Mark (5151.743s, 5152.391s) 648.172ms
[5152.391s][info][gc,start       ] GC(1449) Pause Remark
[5152.393s][info][gc             ] GC(1449) Pause Remark 506M->505M(512M) 1.589ms
[5152.393s][info][gc,cpu         ] GC(1449) User=0.00s Sys=0.00s Real=0.00s
[5152.393s][info][gc,marking     ] GC(1449) Concurrent Rebuild Remembered Sets
[5152.767s][info][gc,marking     ] GC(1449) Concurrent Rebuild Remembered Sets 374.103ms
[5152.768s][info][gc,start       ] GC(1449) Pause Cleanup
[5152.769s][info][gc             ] GC(1449) Pause Cleanup 506M->506M(512M) 0.373ms
[5152.769s][info][gc,cpu         ] GC(1449) User=0.00s Sys=0.00s Real=0.00s
[5152.769s][info][gc,marking     ] GC(1449) Concurrent Cleanup for Next Mark
[5152.770s][info][gc,marking     ] GC(1449) Concurrent Cleanup for Next Mark 0.876ms
[5152.770s][info][gc             ] GC(1449) Concurrent Cycle 1026.585ms
[5171.741s][info][gc,start       ] GC(1450) Pause Young (Normal) (G1 Evacuation Pause)
[5171.741s][info][gc,task        ] GC(1450) Using 8 workers of 8 for evacuation
[5171.743s][info][gc             ] GC(1450) To-space exhausted
[5171.743s][info][gc,phases      ] GC(1450)   Pre Evacuate Collection Set: 0.1ms
[5171.743s][info][gc,phases      ] GC(1450)   Merge Heap Roots: 0.0ms
[5171.743s][info][gc,phases      ] GC(1450)   Evacuate Collection Set: 0.3ms
[5171.743s][info][gc,phases      ] GC(1450)   Post Evacuate Collection Set: 1.8ms
[5171.743s][info][gc,phases      ] GC(1450)   Other: 0.2ms
[5171.743s][info][gc,heap        ] GC(1450) Eden regions: 4->0(25)
[5171.743s][info][gc,heap        ] GC(1450) Survivor regions: 0->0(0)
[5171.743s][info][gc,heap        ] GC(1450) Old regions: 495->497
[5171.743s][info][gc,heap        ] GC(1450) Archive regions: 2->2
[5171.743s][info][gc,heap        ] GC(1450) Humongous regions: 11->11
[5171.743s][info][gc,metaspace   ] GC(1450) Metaspace: 48856K(50128K)->48856K(50128K) NonClass: 43007K(43856K)->43007K(43856K) Class: 5848K(6272K)->5848K(6272K)
[5171.743s][info][gc             ] GC(1450) Pause Young (Normal) (G1 Evacuation Pause) 509M->507M(512M) 2.490ms
[5171.743s][info][gc,cpu         ] GC(1450) User=0.00s Sys=0.00s Real=0.00s
[5182.740s][info][gc,start       ] GC(1451) Pause Young (Concurrent Start) (G1 Evacuation Pause)
[5182.740s][info][gc,task        ] GC(1451) Using 8 workers of 8 for evacuation
[5182.744s][info][gc             ] GC(1451) To-space exhausted
[5182.744s][info][gc,phases      ] GC(1451)   Pre Evacuate Collection Set: 0.4ms
[5182.744s][info][gc,phases      ] GC(1451)   Merge Heap Roots: 0.1ms
[5182.744s][info][gc,phases      ] GC(1451)   Evacuate Collection Set: 1.4ms
[5182.744s][info][gc,phases      ] GC(1451)   Post Evacuate Collection Set: 1.1ms
[5182.744s][info][gc,phases      ] GC(1451)   Other: 0.5ms
[5182.744s][info][gc,heap        ] GC(1451) Eden regions: 2->0(25)
[5182.744s][info][gc,heap        ] GC(1451) Survivor regions: 0->0(0)
[5182.744s][info][gc,heap        ] GC(1451) Old regions: 497->499
[5182.744s][info][gc,heap        ] GC(1451) Archive regions: 2->2
[5182.744s][info][gc,heap        ] GC(1451) Humongous regions: 11->11
[5182.744s][info][gc,metaspace   ] GC(1451) Metaspace: 48856K(50128K)->48856K(50128K) NonClass: 43007K(43856K)->43007K(43856K) Class: 5848K(6272K)->5848K(6272K)
[5182.744s][info][gc             ] GC(1451) Pause Young (Concurrent Start) (G1 Evacuation Pause) 509M->509M(512M) 3.508ms
[5182.744s][info][gc,cpu         ] GC(1451) User=0.00s Sys=0.00s Real=0.00s
[5182.744s][info][gc,ergo        ] Attempting maximally compacting collection
[5182.744s][info][gc             ] GC(1452) Concurrent Cycle
[5182.744s][info][gc,marking     ] GC(1452) Concurrent Clear Claimed Marks
[5182.744s][info][gc,task        ] GC(1453) Using 8 workers of 8 for full compaction
[5182.744s][info][gc,start       ] GC(1453) Pause Full (G1 Evacuation Pause)
[5182.744s][info][gc,marking     ] GC(1452) Concurrent Clear Claimed Marks 0.108ms
[5182.744s][info][gc,marking     ] GC(1452) Concurrent Scan Root Regions
[5182.744s][info][gc,marking     ] GC(1452) Concurrent Scan Root Regions 0.025ms
[5182.744s][info][gc,marking     ] GC(1452) Concurrent Mark (5182.744s)
[5182.744s][info][gc,marking     ] GC(1452) Concurrent Mark From Roots
[5182.744s][info][gc,task        ] GC(1452) Using 2 workers of 2 for marking
[5182.745s][info][gc,phases,start] GC(1453) Phase 1: Mark live objects
[5183.141s][info][gc,phases      ] GC(1453) Phase 1: Mark live objects 396.174ms
[5183.141s][info][gc,phases,start] GC(1453) Phase 2: Prepare for compaction
[5183.243s][info][gc,phases      ] GC(1453) Phase 2: Prepare for compaction 102.071ms
[5183.243s][info][gc,phases,start] GC(1453) Phase 3: Adjust pointers
[5183.387s][info][gc,phases      ] GC(1453) Phase 3: Adjust pointers 143.429ms
[5183.387s][info][gc,phases,start] GC(1453) Phase 4: Compact heap
[5183.447s][info][gc,phases      ] GC(1453) Phase 4: Compact heap 60.416ms
[5183.456s][info][gc,heap        ] GC(1453) Eden regions: 0->0(25)
[5183.456s][info][gc,heap        ] GC(1453) Survivor regions: 0->0(0)
[5183.456s][info][gc,heap        ] GC(1453) Old regions: 499->488
[5183.456s][info][gc,heap        ] GC(1453) Archive regions: 2->2
[5183.456s][info][gc,heap        ] GC(1453) Humongous regions: 11->11
[5183.456s][info][gc,metaspace   ] GC(1453) Metaspace: 48856K(50128K)->48714K(50128K) NonClass: 43007K(43856K)->42885K(43856K) Class: 5848K(6272K)->5828K(6272K)
[5183.456s][info][gc             ] GC(1453) Pause Full (G1 Evacuation Pause) 509M->498M(512M) 711.624ms
[5183.458s][info][gc,cpu         ] GC(1453) User=2.72s Sys=0.07s Real=0.72s
[5183.458s][info][gc,marking     ] GC(1452) Concurrent Mark From Roots 713.695ms
[5183.458s][info][gc,marking     ] GC(1452) Concurrent Mark Abort
[5183.458s][info][gc             ] GC(1452) Concurrent Cycle 714.025ms
[5234.744s][info][gc,start       ] GC(1454) Pause Young (Normal) (G1 Evacuation Pause)
[5234.745s][info][gc,task        ] GC(1454) Using 8 workers of 8 for evacuation
[5234.747s][info][gc             ] GC(1454) To-space exhausted
[5234.747s][info][gc,phases      ] GC(1454)   Pre Evacuate Collection Set: 0.1ms
[5234.747s][info][gc,phases      ] GC(1454)   Merge Heap Roots: 0.0ms
[5234.747s][info][gc,phases      ] GC(1454)   Evacuate Collection Set: 0.2ms
[5234.747s][info][gc,phases      ] GC(1454)   Post Evacuate Collection Set: 0.9ms
[5234.747s][info][gc,phases      ] GC(1454)   Other: 1.0ms
[5234.747s][info][gc,heap        ] GC(1454) Eden regions: 11->0(25)
[5234.747s][info][gc,heap        ] GC(1454) Survivor regions: 0->0(0)
[5234.747s][info][gc,heap        ] GC(1454) Old regions: 488->494
[5234.747s][info][gc,heap        ] GC(1454) Archive regions: 2->2
[5234.747s][info][gc,heap        ] GC(1454) Humongous regions: 11->11
[5234.747s][info][gc,metaspace   ] GC(1454) Metaspace: 48849K(50128K)->48849K(50128K) NonClass: 43001K(43856K)->43001K(43856K) Class: 5848K(6272K)->5848K(6272K)
[5234.747s][info][gc             ] GC(1454) Pause Young (Normal) (G1 Evacuation Pause) 509M->504M(512M) 2.284ms
[5234.747s][info][gc,cpu         ] GC(1454) User=0.00s Sys=0.01s Real=0.01s
[5260.027s][info][gc,start       ] GC(1455) Pause Young (Concurrent Start) (G1 Evacuation Pause)
[5260.028s][info][gc,task        ] GC(1455) Using 8 workers of 8 for evacuation
[5260.030s][info][gc             ] GC(1455) To-space exhausted
[5260.030s][info][gc,phases      ] GC(1455)   Pre Evacuate Collection Set: 0.1ms
[5260.030s][info][gc,phases      ] GC(1455)   Merge Heap Roots: 0.0ms
[5260.030s][info][gc,phases      ] GC(1455)   Evacuate Collection Set: 0.5ms
[5260.030s][info][gc,phases      ] GC(1455)   Post Evacuate Collection Set: 1.1ms
[5260.030s][info][gc,phases      ] GC(1455)   Other: 1.2ms
[5260.030s][info][gc,heap        ] GC(1455) Eden regions: 5->0(25)
[5260.030s][info][gc,heap        ] GC(1455) Survivor regions: 0->0(0)
[5260.030s][info][gc,heap        ] GC(1455) Old regions: 494->496
[5260.030s][info][gc,heap        ] GC(1455) Archive regions: 2->2
[5260.030s][info][gc,heap        ] GC(1455) Humongous regions: 11->11
[5260.030s][info][gc,metaspace   ] GC(1455) Metaspace: 48850K(50128K)->48850K(50128K) NonClass: 43002K(43856K)->43002K(43856K) Class: 5848K(6272K)->5848K(6272K)
[5260.030s][info][gc             ] GC(1455) Pause Young (Concurrent Start) (G1 Evacuation Pause) 509M->506M(512M) 3.309ms
[5260.030s][info][gc,cpu         ] GC(1455) User=0.01s Sys=0.00s Real=0.00s
[5260.030s][info][gc             ] GC(1456) Concurrent Cycle
[5260.030s][info][gc,marking     ] GC(1456) Concurrent Clear Claimed Marks
[5260.030s][info][gc,marking     ] GC(1456) Concurrent Clear Claimed Marks 0.110ms
[5260.030s][info][gc,marking     ] GC(1456) Concurrent Scan Root Regions
[5260.030s][info][gc,marking     ] GC(1456) Concurrent Scan Root Regions 0.009ms
[5260.030s][info][gc,marking     ] GC(1456) Concurrent Mark (5260.030s)
[5260.030s][info][gc,marking     ] GC(1456) Concurrent Mark From Roots
[5260.030s][info][gc,task        ] GC(1456) Using 2 workers of 2 for marking
[5260.695s][info][gc,marking     ] GC(1456) Concurrent Mark From Roots 665.050ms
[5260.695s][info][gc,marking     ] GC(1456) Concurrent Preclean
[5260.695s][info][gc,marking     ] GC(1456) Concurrent Preclean 0.087ms
[5260.695s][info][gc,marking     ] GC(1456) Concurrent Mark (5260.030s, 5260.695s) 665.203ms
[5260.696s][info][gc,start       ] GC(1456) Pause Remark
[5260.700s][info][gc             ] GC(1456) Pause Remark 506M->503M(512M) 3.966ms
[5260.700s][info][gc,cpu         ] GC(1456) User=0.02s Sys=0.00s Real=0.00s
[5260.700s][info][gc,marking     ] GC(1456) Concurrent Rebuild Remembered Sets
[5261.055s][info][gc,marking     ] GC(1456) Concurrent Rebuild Remembered Sets 355.001ms
[5261.057s][info][gc,start       ] GC(1456) Pause Cleanup
[5261.058s][info][gc             ] GC(1456) Pause Cleanup 504M->504M(512M) 0.901ms
[5261.058s][info][gc,cpu         ] GC(1456) User=0.00s Sys=0.00s Real=0.00s
[5261.058s][info][gc,marking     ] GC(1456) Concurrent Cleanup for Next Mark
[5261.060s][info][gc,marking     ] GC(1456) Concurrent Cleanup for Next Mark 1.757ms
[5261.060s][info][gc             ] GC(1456) Concurrent Cycle 1029.660ms
[5290.731s][info][gc,start       ] GC(1457) Pause Young (Normal) (G1 Evacuation Pause)
[5290.731s][info][gc,task        ] GC(1457) Using 8 workers of 8 for evacuation
[5290.733s][info][gc             ] GC(1457) To-space exhausted
[5290.733s][info][gc,phases      ] GC(1457)   Pre Evacuate Collection Set: 0.1ms
[5290.733s][info][gc,phases      ] GC(1457)   Merge Heap Roots: 0.0ms
[5290.733s][info][gc,phases      ] GC(1457)   Evacuate Collection Set: 0.3ms
[5290.733s][info][gc,phases      ] GC(1457)   Post Evacuate Collection Set: 0.8ms
[5290.733s][info][gc,phases      ] GC(1457)   Other: 1.0ms
[5290.733s][info][gc,heap        ] GC(1457) Eden regions: 6->0(25)
[5290.733s][info][gc,heap        ] GC(1457) Survivor regions: 0->0(0)
[5290.733s][info][gc,heap        ] GC(1457) Old regions: 493->497
[5290.733s][info][gc,heap        ] GC(1457) Archive regions: 2->2
[5290.733s][info][gc,heap        ] GC(1457) Humongous regions: 11->11
[5290.733s][info][gc,metaspace   ] GC(1457) Metaspace: 48844K(50128K)->48844K(50128K) NonClass: 42997K(43856K)->42997K(43856K) Class: 5846K(6272K)->5846K(6272K)
[5290.733s][info][gc             ] GC(1457) Pause Young (Normal) (G1 Evacuation Pause) 509M->507M(512M) 2.373ms
[5290.733s][info][gc,cpu         ] GC(1457) User=0.00s Sys=0.00s Real=0.00s
[5300.746s][info][gc,start       ] GC(1458) Pause Young (Concurrent Start) (G1 Evacuation Pause)
[5300.746s][info][gc,task        ] GC(1458) Using 8 workers of 8 for evacuation
[5300.747s][info][gc             ] GC(1458) To-space exhausted
[5300.747s][info][gc,phases      ] GC(1458)   Pre Evacuate Collection Set: 0.2ms
[5300.747s][info][gc,phases      ] GC(1458)   Merge Heap Roots: 0.0ms
[5300.748s][info][gc,phases      ] GC(1458)   Evacuate Collection Set: 0.7ms
[5300.748s][info][gc,phases      ] GC(1458)   Post Evacuate Collection Set: 0.6ms
[5300.748s][info][gc,phases      ] GC(1458)   Other: 0.3ms
[5300.748s][info][gc,heap        ] GC(1458) Eden regions: 2->0(25)
[5300.748s][info][gc,heap        ] GC(1458) Survivor regions: 0->0(0)
[5300.748s][info][gc,heap        ] GC(1458) Old regions: 497->499
[5300.748s][info][gc,heap        ] GC(1458) Archive regions: 2->2
[5300.748s][info][gc,heap        ] GC(1458) Humongous regions: 11->11
[5300.748s][info][gc,metaspace   ] GC(1458) Metaspace: 48844K(50128K)->48844K(50128K) NonClass: 42997K(43856K)->42997K(43856K) Class: 5846K(6272K)->5846K(6272K)
[5300.748s][info][gc             ] GC(1458) Pause Young (Concurrent Start) (G1 Evacuation Pause) 509M->509M(512M) 1.937ms
[5300.748s][info][gc,cpu         ] GC(1458) User=0.01s Sys=0.00s Real=0.00s
[5300.748s][info][gc,ergo        ] Attempting maximally compacting collection
[5300.748s][info][gc             ] GC(1459) Concurrent Cycle
[5300.748s][info][gc,task        ] GC(1460) Using 8 workers of 8 for full compaction
[5300.748s][info][gc,marking     ] GC(1459) Concurrent Clear Claimed Marks
[5300.748s][info][gc,start       ] GC(1460) Pause Full (G1 Evacuation Pause)
[5300.748s][info][gc,marking     ] GC(1459) Concurrent Clear Claimed Marks 0.068ms
[5300.748s][info][gc,marking     ] GC(1459) Concurrent Scan Root Regions
[5300.748s][info][gc,marking     ] GC(1459) Concurrent Scan Root Regions 0.022ms
[5300.748s][info][gc,marking     ] GC(1459) Concurrent Mark (5300.748s)
[5300.748s][info][gc,marking     ] GC(1459) Concurrent Mark From Roots
[5300.748s][info][gc,task        ] GC(1459) Using 2 workers of 2 for marking
[5300.748s][info][gc,phases,start] GC(1460) Phase 1: Mark live objects
[5301.148s][info][gc,phases      ] GC(1460) Phase 1: Mark live objects 400.003ms
[5301.148s][info][gc,phases,start] GC(1460) Phase 2: Prepare for compaction
[5301.207s][info][gc,phases      ] GC(1460) Phase 2: Prepare for compaction 58.235ms
[5301.207s][info][gc,phases,start] GC(1460) Phase 3: Adjust pointers
[5301.327s][info][gc,phases      ] GC(1460) Phase 3: Adjust pointers 119.803ms
[5301.327s][info][gc,phases,start] GC(1460) Phase 4: Compact heap
[5301.388s][info][gc,phases      ] GC(1460) Phase 4: Compact heap 60.986ms
[5301.396s][info][gc,heap        ] GC(1460) Eden regions: 0->0(25)
[5301.397s][info][gc,heap        ] GC(1460) Survivor regions: 0->0(0)
[5301.397s][info][gc,heap        ] GC(1460) Old regions: 499->490
[5301.397s][info][gc,heap        ] GC(1460) Archive regions: 2->2
[5301.397s][info][gc,heap        ] GC(1460) Humongous regions: 11->11
[5301.397s][info][gc,metaspace   ] GC(1460) Metaspace: 48844K(50128K)->48714K(50128K) NonClass: 42997K(43856K)->42885K(43856K) Class: 5846K(6272K)->5828K(6272K)
[5301.397s][info][gc             ] GC(1460) Pause Full (G1 Evacuation Pause) 509M->498M(512M) 648.931ms
[5301.398s][info][gc,cpu         ] GC(1460) User=2.80s Sys=0.10s Real=0.65s
[5301.398s][info][gc,marking     ] GC(1459) Concurrent Mark From Roots 650.169ms
[5301.398s][info][gc,marking     ] GC(1459) Concurrent Mark Abort
[5301.398s][info][gc             ] GC(1459) Concurrent Cycle 650.404ms
[5342.754s][info][gc,start       ] GC(1461) Pause Young (Normal) (G1 Evacuation Pause)
[5342.754s][info][gc,task        ] GC(1461) Using 8 workers of 8 for evacuation
[5342.756s][info][gc             ] GC(1461) To-space exhausted
[5342.756s][info][gc,phases      ] GC(1461)   Pre Evacuate Collection Set: 0.1ms
[5342.756s][info][gc,phases      ] GC(1461)   Merge Heap Roots: 0.0ms
[5342.756s][info][gc,phases      ] GC(1461)   Evacuate Collection Set: 0.4ms
[5342.756s][info][gc,phases      ] GC(1461)   Post Evacuate Collection Set: 1.1ms
[5342.756s][info][gc,phases      ] GC(1461)   Other: 1.0ms
[5342.756s][info][gc,heap        ] GC(1461) Eden regions: 9->0(25)
[5342.756s][info][gc,heap        ] GC(1461) Survivor regions: 0->0(0)
[5342.756s][info][gc,heap        ] GC(1461) Old regions: 490->495
[5342.756s][info][gc,heap        ] GC(1461) Archive regions: 2->2
[5342.756s][info][gc,heap        ] GC(1461) Humongous regions: 11->11
[5342.756s][info][gc,metaspace   ] GC(1461) Metaspace: 48843K(50128K)->48843K(50128K) NonClass: 42996K(43856K)->42996K(43856K) Class: 5846K(6272K)->5846K(6272K)
[5342.756s][info][gc             ] GC(1461) Pause Young (Normal) (G1 Evacuation Pause) 507M->503M(512M) 2.706ms
[5342.756s][info][gc,cpu         ] GC(1461) User=0.00s Sys=0.00s Real=0.01s
[5363.742s][info][gc,start       ] GC(1462) Pause Young (Concurrent Start) (G1 Evacuation Pause)
[5363.742s][info][gc,task        ] GC(1462) Using 8 workers of 8 for evacuation
[5363.744s][info][gc             ] GC(1462) To-space exhausted
[5363.744s][info][gc,phases      ] GC(1462)   Pre Evacuate Collection Set: 0.1ms
[5363.744s][info][gc,phases      ] GC(1462)   Merge Heap Roots: 0.0ms
[5363.744s][info][gc,phases      ] GC(1462)   Evacuate Collection Set: 0.6ms
[5363.744s][info][gc,phases      ] GC(1462)   Post Evacuate Collection Set: 0.6ms
[5363.744s][info][gc,phases      ] GC(1462)   Other: 0.2ms
[5363.744s][info][gc,heap        ] GC(1462) Eden regions: 4->0(25)
[5363.744s][info][gc,heap        ] GC(1462) Survivor regions: 0->0(0)
[5363.744s][info][gc,heap        ] GC(1462) Old regions: 495->498
[5363.744s][info][gc,heap        ] GC(1462) Archive regions: 2->2
[5363.744s][info][gc,heap        ] GC(1462) Humongous regions: 11->11
[5363.744s][info][gc,metaspace   ] GC(1462) Metaspace: 48843K(50128K)->48843K(50128K) NonClass: 42996K(43856K)->42996K(43856K) Class: 5846K(6272K)->5846K(6272K)
[5363.744s][info][gc             ] GC(1462) Pause Young (Concurrent Start) (G1 Evacuation Pause) 507M->506M(512M) 1.579ms
[5363.744s][info][gc,cpu         ] GC(1462) User=0.00s Sys=0.00s Real=0.00s
[5363.744s][info][gc             ] GC(1463) Concurrent Cycle
[5363.744s][info][gc,marking     ] GC(1463) Concurrent Clear Claimed Marks
[5363.744s][info][gc,marking     ] GC(1463) Concurrent Clear Claimed Marks 0.034ms
[5363.744s][info][gc,marking     ] GC(1463) Concurrent Scan Root Regions
[5363.744s][info][gc,marking     ] GC(1463) Concurrent Scan Root Regions 0.007ms
[5363.744s][info][gc,marking     ] GC(1463) Concurrent Mark (5363.744s)
[5363.744s][info][gc,marking     ] GC(1463) Concurrent Mark From Roots
[5363.744s][info][gc,task        ] GC(1463) Using 2 workers of 2 for marking
[5364.402s][info][gc,marking     ] GC(1463) Concurrent Mark From Roots 658.533ms
[5364.402s][info][gc,marking     ] GC(1463) Concurrent Preclean
[5364.403s][info][gc,marking     ] GC(1463) Concurrent Preclean 0.126ms
[5364.403s][info][gc,marking     ] GC(1463) Concurrent Mark (5363.744s, 5364.403s) 658.723ms
[5364.403s][info][gc,start       ] GC(1463) Pause Remark
[5364.404s][info][gc             ] GC(1463) Pause Remark 507M->506M(512M) 1.355ms
[5364.404s][info][gc,cpu         ] GC(1463) User=0.01s Sys=0.00s Real=0.00s
[5364.404s][info][gc,marking     ] GC(1463) Concurrent Rebuild Remembered Sets
[5364.783s][info][gc,marking     ] GC(1463) Concurrent Rebuild Remembered Sets 379.010ms
[5364.784s][info][gc,start       ] GC(1463) Pause Cleanup
[5364.785s][info][gc             ] GC(1463) Pause Cleanup 506M->506M(512M) 0.336ms
[5364.785s][info][gc,cpu         ] GC(1463) User=0.00s Sys=0.00s Real=0.00s
[5364.785s][info][gc,marking     ] GC(1463) Concurrent Cleanup for Next Mark
[5364.786s][info][gc,marking     ] GC(1463) Concurrent Cleanup for Next Mark 0.829ms
[5364.786s][info][gc             ] GC(1463) Concurrent Cycle 1041.819ms
[5373.734s][info][gc,start       ] GC(1464) Pause Young (Normal) (G1 Evacuation Pause)
[5373.734s][info][gc,task        ] GC(1464) Using 8 workers of 8 for evacuation
[5373.735s][info][gc             ] GC(1464) To-space exhausted
[5373.735s][info][gc,phases      ] GC(1464)   Pre Evacuate Collection Set: 0.1ms
[5373.735s][info][gc,phases      ] GC(1464)   Merge Heap Roots: 0.0ms
[5373.735s][info][gc,phases      ] GC(1464)   Evacuate Collection Set: 0.2ms
[5373.735s][info][gc,phases      ] GC(1464)   Post Evacuate Collection Set: 0.5ms
[5373.735s][info][gc,phases      ] GC(1464)   Other: 0.1ms
[5373.735s][info][gc,heap        ] GC(1464) Eden regions: 2->0(25)
[5373.735s][info][gc,heap        ] GC(1464) Survivor regions: 0->0(0)
[5373.735s][info][gc,heap        ] GC(1464) Old regions: 497->499
[5373.735s][info][gc,heap        ] GC(1464) Archive regions: 2->2
[5373.735s][info][gc,heap        ] GC(1464) Humongous regions: 11->11
[5373.735s][info][gc,metaspace   ] GC(1464) Metaspace: 48844K(50128K)->48844K(50128K) NonClass: 42997K(43856K)->42997K(43856K) Class: 5846K(6272K)->5846K(6272K)
[5373.735s][info][gc             ] GC(1464) Pause Young (Normal) (G1 Evacuation Pause) 507M->507M(512M) 1.031ms
[5373.735s][info][gc,cpu         ] GC(1464) User=0.00s Sys=0.00s Real=0.00s
[5373.735s][info][gc,ergo        ] Attempting maximally compacting collection
[5373.735s][info][gc,task        ] GC(1465) Using 8 workers of 8 for full compaction
[5373.735s][info][gc,start       ] GC(1465) Pause Full (G1 Evacuation Pause)
[5373.735s][info][gc,phases,start] GC(1465) Phase 1: Mark live objects
[5374.119s][info][gc,phases      ] GC(1465) Phase 1: Mark live objects 383.649ms
[5374.119s][info][gc,phases,start] GC(1465) Phase 2: Prepare for compaction
[5374.179s][info][gc,phases      ] GC(1465) Phase 2: Prepare for compaction 60.342ms
[5374.179s][info][gc,phases,start] GC(1465) Phase 3: Adjust pointers
[5374.308s][info][gc,phases      ] GC(1465) Phase 3: Adjust pointers 128.748ms
[5374.308s][info][gc,phases,start] GC(1465) Phase 4: Compact heap
[5374.379s][info][gc,phases      ] GC(1465) Phase 4: Compact heap 71.515ms
[5374.386s][info][gc,heap        ] GC(1465) Eden regions: 0->0(25)
[5374.386s][info][gc,heap        ] GC(1465) Survivor regions: 0->0(0)
[5374.386s][info][gc,heap        ] GC(1465) Old regions: 499->489
[5374.386s][info][gc,heap        ] GC(1465) Archive regions: 2->2
[5374.386s][info][gc,heap        ] GC(1465) Humongous regions: 11->11
[5374.386s][info][gc,metaspace   ] GC(1465) Metaspace: 48844K(50128K)->48714K(50128K) NonClass: 42997K(43856K)->42885K(43856K) Class: 5846K(6272K)->5828K(6272K)
[5374.386s][info][gc             ] GC(1465) Pause Full (G1 Evacuation Pause) 507M->498M(512M) 651.091ms
[5374.389s][info][gc,cpu         ] GC(1465) User=2.78s Sys=0.09s Real=0.65s
[5420.165s][info][gc,start       ] GC(1466) Pause Young (Concurrent Start) (G1 Evacuation Pause)
[5420.166s][info][gc,task        ] GC(1466) Using 8 workers of 8 for evacuation
[5420.169s][info][gc             ] GC(1466) To-space exhausted
[5420.169s][info][gc,phases      ] GC(1466)   Pre Evacuate Collection Set: 0.2ms
[5420.169s][info][gc,phases      ] GC(1466)   Merge Heap Roots: 0.0ms
[5420.169s][info][gc,phases      ] GC(1466)   Evacuate Collection Set: 0.7ms
[5420.169s][info][gc,phases      ] GC(1466)   Post Evacuate Collection Set: 1.4ms
[5420.169s][info][gc,phases      ] GC(1466)   Other: 1.3ms
[5420.169s][info][gc,heap        ] GC(1466) Eden regions: 10->0(25)
[5420.169s][info][gc,heap        ] GC(1466) Survivor regions: 0->0(0)
[5420.169s][info][gc,heap        ] GC(1466) Old regions: 489->495
[5420.169s][info][gc,heap        ] GC(1466) Archive regions: 2->2
[5420.169s][info][gc,heap        ] GC(1466) Humongous regions: 11->11
[5420.169s][info][gc,metaspace   ] GC(1466) Metaspace: 48857K(50128K)->48857K(50128K) NonClass: 43008K(43856K)->43008K(43856K) Class: 5849K(6272K)->5849K(6272K)
[5420.169s][info][gc             ] GC(1466) Pause Young (Concurrent Start) (G1 Evacuation Pause) 508M->504M(512M) 3.743ms
[5420.169s][info][gc,cpu         ] GC(1466) User=0.00s Sys=0.00s Real=0.00s
[5420.169s][info][gc             ] GC(1467) Concurrent Cycle
[5420.169s][info][gc,marking     ] GC(1467) Concurrent Clear Claimed Marks
[5420.169s][info][gc,marking     ] GC(1467) Concurrent Clear Claimed Marks 0.057ms
[5420.169s][info][gc,marking     ] GC(1467) Concurrent Scan Root Regions
[5420.169s][info][gc,marking     ] GC(1467) Concurrent Scan Root Regions 0.007ms
[5420.169s][info][gc,marking     ] GC(1467) Concurrent Mark (5420.169s)
[5420.169s][info][gc,marking     ] GC(1467) Concurrent Mark From Roots
[5420.169s][info][gc,task        ] GC(1467) Using 2 workers of 2 for marking
[5420.863s][info][gc,marking     ] GC(1467) Concurrent Mark From Roots 694.191ms
[5420.863s][info][gc,marking     ] GC(1467) Concurrent Preclean
[5420.863s][info][gc,marking     ] GC(1467) Concurrent Preclean 0.093ms
[5420.863s][info][gc,marking     ] GC(1467) Concurrent Mark (5420.169s, 5420.863s) 694.366ms
[5420.863s][info][gc,start       ] GC(1467) Pause Remark
[5420.865s][info][gc             ] GC(1467) Pause Remark 504M->504M(512M) 1.344ms
[5420.865s][info][gc,cpu         ] GC(1467) User=0.01s Sys=0.00s Real=0.00s
[5420.865s][info][gc,marking     ] GC(1467) Concurrent Rebuild Remembered Sets
[5421.223s][info][gc,marking     ] GC(1467) Concurrent Rebuild Remembered Sets 357.811ms
[5421.224s][info][gc,start       ] GC(1467) Pause Cleanup
[5421.225s][info][gc             ] GC(1467) Pause Cleanup 504M->504M(512M) 0.948ms
[5421.225s][info][gc,cpu         ] GC(1467) User=0.00s Sys=0.00s Real=0.01s
[5421.225s][info][gc,marking     ] GC(1467) Concurrent Cleanup for Next Mark
[5421.227s][info][gc,marking     ] GC(1467) Concurrent Cleanup for Next Mark 1.723ms
[5421.227s][info][gc             ] GC(1467) Concurrent Cycle 1058.441ms
[5440.737s][info][gc,start       ] GC(1468) Pause Young (Normal) (G1 Evacuation Pause)
[5440.738s][info][gc,task        ] GC(1468) Using 8 workers of 8 for evacuation
[5440.740s][info][gc             ] GC(1468) To-space exhausted
[5440.740s][info][gc,phases      ] GC(1468)   Pre Evacuate Collection Set: 0.1ms
[5440.740s][info][gc,phases      ] GC(1468)   Merge Heap Roots: 0.0ms
[5440.740s][info][gc,phases      ] GC(1468)   Evacuate Collection Set: 0.4ms
[5440.740s][info][gc,phases      ] GC(1468)   Post Evacuate Collection Set: 1.8ms
[5440.740s][info][gc,phases      ] GC(1468)   Other: 0.3ms
[5440.740s][info][gc,heap        ] GC(1468) Eden regions: 4->0(25)
[5440.740s][info][gc,heap        ] GC(1468) Survivor regions: 0->0(0)
[5440.740s][info][gc,heap        ] GC(1468) Old regions: 495->498
[5440.740s][info][gc,heap        ] GC(1468) Archive regions: 2->2
[5440.740s][info][gc,heap        ] GC(1468) Humongous regions: 11->11
[5440.740s][info][gc,metaspace   ] GC(1468) Metaspace: 48857K(50128K)->48857K(50128K) NonClass: 43008K(43856K)->43008K(43856K) Class: 5849K(6272K)->5849K(6272K)
[5440.740s][info][gc             ] GC(1468) Pause Young (Normal) (G1 Evacuation Pause) 508M->507M(512M) 2.746ms
[5440.740s][info][gc,cpu         ] GC(1468) User=0.01s Sys=0.00s Real=0.00s
[5445.743s][info][gc,start       ] GC(1469) Pause Young (Concurrent Start) (G1 Evacuation Pause)
[5445.744s][info][gc,task        ] GC(1469) Using 8 workers of 8 for evacuation
[5445.747s][info][gc             ] GC(1469) To-space exhausted
[5445.747s][info][gc,phases      ] GC(1469)   Pre Evacuate Collection Set: 0.2ms
[5445.747s][info][gc,phases      ] GC(1469)   Merge Heap Roots: 0.0ms
[5445.747s][info][gc,phases      ] GC(1469)   Evacuate Collection Set: 1.9ms
[5445.747s][info][gc,phases      ] GC(1469)   Post Evacuate Collection Set: 0.7ms
[5445.747s][info][gc,phases      ] GC(1469)   Other: 0.3ms
[5445.747s][info][gc,heap        ] GC(1469) Eden regions: 1->0(25)
[5445.747s][info][gc,heap        ] GC(1469) Survivor regions: 0->0(0)
[5445.747s][info][gc,heap        ] GC(1469) Old regions: 498->499
[5445.747s][info][gc,heap        ] GC(1469) Archive regions: 2->2
[5445.747s][info][gc,heap        ] GC(1469) Humongous regions: 11->11
[5445.747s][info][gc,metaspace   ] GC(1469) Metaspace: 48857K(50128K)->48857K(50128K) NonClass: 43008K(43856K)->43008K(43856K) Class: 5849K(6272K)->5849K(6272K)
[5445.747s][info][gc             ] GC(1469) Pause Young (Concurrent Start) (G1 Evacuation Pause) 508M->508M(512M) 3.168ms
[5445.747s][info][gc,cpu         ] GC(1469) User=0.00s Sys=0.00s Real=0.01s
[5445.747s][info][gc,ergo        ] Attempting maximally compacting collection
[5445.747s][info][gc             ] GC(1471) Concurrent Cycle
[5445.747s][info][gc,task        ] GC(1470) Using 8 workers of 8 for full compaction
[5445.747s][info][gc,marking     ] GC(1471) Concurrent Clear Claimed Marks
[5445.747s][info][gc,start       ] GC(1470) Pause Full (G1 Evacuation Pause)
[5445.747s][info][gc,marking     ] GC(1471) Concurrent Clear Claimed Marks 0.090ms
[5445.747s][info][gc,marking     ] GC(1471) Concurrent Scan Root Regions
[5445.747s][info][gc,marking     ] GC(1471) Concurrent Scan Root Regions 0.013ms
[5445.747s][info][gc,marking     ] GC(1471) Concurrent Mark (5445.747s)
[5445.747s][info][gc,marking     ] GC(1471) Concurrent Mark From Roots
[5445.747s][info][gc,task        ] GC(1471) Using 2 workers of 2 for marking
[5445.748s][info][gc,phases,start] GC(1470) Phase 1: Mark live objects
[5446.144s][info][gc,phases      ] GC(1470) Phase 1: Mark live objects 396.428ms
[5446.144s][info][gc,phases,start] GC(1470) Phase 2: Prepare for compaction
[5446.205s][info][gc,phases      ] GC(1470) Phase 2: Prepare for compaction 60.348ms
[5446.205s][info][gc,phases,start] GC(1470) Phase 3: Adjust pointers
[5446.336s][info][gc,phases      ] GC(1470) Phase 3: Adjust pointers 131.124ms
[5446.336s][info][gc,phases,start] GC(1470) Phase 4: Compact heap
[5446.392s][info][gc,phases      ] GC(1470) Phase 4: Compact heap 56.508ms
[5446.409s][info][gc,heap        ] GC(1470) Eden regions: 0->0(25)
[5446.409s][info][gc,heap        ] GC(1470) Survivor regions: 0->0(0)
[5446.409s][info][gc,heap        ] GC(1470) Old regions: 499->488
[5446.409s][info][gc,heap        ] GC(1470) Archive regions: 2->2
[5446.409s][info][gc,heap        ] GC(1470) Humongous regions: 11->11
[5446.409s][info][gc,metaspace   ] GC(1470) Metaspace: 48857K(50128K)->48723K(50128K) NonClass: 43008K(43856K)->42893K(43856K) Class: 5849K(6272K)->5829K(6272K)
[5446.409s][info][gc             ] GC(1470) Pause Full (G1 Evacuation Pause) 508M->498M(512M) 662.196ms
[5446.410s][info][gc,cpu         ] GC(1470) User=2.79s Sys=0.06s Real=0.66s
[5446.410s][info][gc,marking     ] GC(1471) Concurrent Mark From Roots 663.528ms
[5446.410s][info][gc,marking     ] GC(1471) Concurrent Mark Abort
[5446.410s][info][gc             ] GC(1471) Concurrent Cycle 663.759ms
[5496.730s][info][gc,start       ] GC(1472) Pause Young (Normal) (G1 Evacuation Pause)
[5496.730s][info][gc,task        ] GC(1472) Using 8 workers of 8 for evacuation
[5496.731s][info][gc             ] GC(1472) To-space exhausted
[5496.731s][info][gc,phases      ] GC(1472)   Pre Evacuate Collection Set: 0.1ms
[5496.731s][info][gc,phases      ] GC(1472)   Merge Heap Roots: 0.1ms
[5496.731s][info][gc,phases      ] GC(1472)   Evacuate Collection Set: 0.2ms
[5496.731s][info][gc,phases      ] GC(1472)   Post Evacuate Collection Set: 0.9ms
[5496.731s][info][gc,phases      ] GC(1472)   Other: 0.1ms
[5496.731s][info][gc,heap        ] GC(1472) Eden regions: 11->0(25)
[5496.731s][info][gc,heap        ] GC(1472) Survivor regions: 0->0(0)
[5496.731s][info][gc,heap        ] GC(1472) Old regions: 488->494
[5496.731s][info][gc,heap        ] GC(1472) Archive regions: 2->2
[5496.731s][info][gc,heap        ] GC(1472) Humongous regions: 11->11
[5496.731s][info][gc,metaspace   ] GC(1472) Metaspace: 48843K(50128K)->48843K(50128K) NonClass: 42996K(43856K)->42996K(43856K) Class: 5846K(6272K)->5846K(6272K)
[5496.731s][info][gc             ] GC(1472) Pause Young (Normal) (G1 Evacuation Pause) 509M->504M(512M) 1.493ms
[5496.731s][info][gc,cpu         ] GC(1472) User=0.01s Sys=0.00s Real=0.00s
[5521.729s][info][gc,start       ] GC(1473) Pause Young (Concurrent Start) (G1 Evacuation Pause)
[5521.729s][info][gc,task        ] GC(1473) Using 8 workers of 8 for evacuation
[5521.730s][info][gc             ] GC(1473) To-space exhausted
[5521.730s][info][gc,phases      ] GC(1473)   Pre Evacuate Collection Set: 0.1ms
[5521.730s][info][gc,phases      ] GC(1473)   Merge Heap Roots: 0.0ms
[5521.730s][info][gc,phases      ] GC(1473)   Evacuate Collection Set: 0.5ms
[5521.730s][info][gc,phases      ] GC(1473)   Post Evacuate Collection Set: 0.5ms
[5521.730s][info][gc,phases      ] GC(1473)   Other: 0.2ms
[5521.730s][info][gc,heap        ] GC(1473) Eden regions: 5->0(25)
[5521.730s][info][gc,heap        ] GC(1473) Survivor regions: 0->0(0)
[5521.730s][info][gc,heap        ] GC(1473) Old regions: 494->497
[5521.730s][info][gc,heap        ] GC(1473) Archive regions: 2->2
[5521.730s][info][gc,heap        ] GC(1473) Humongous regions: 11->11
[5521.730s][info][gc,metaspace   ] GC(1473) Metaspace: 48844K(50128K)->48844K(50128K) NonClass: 42997K(43856K)->42997K(43856K) Class: 5846K(6272K)->5846K(6272K)
[5521.730s][info][gc             ] GC(1473) Pause Young (Concurrent Start) (G1 Evacuation Pause) 509M->507M(512M) 1.397ms
[5521.730s][info][gc,cpu         ] GC(1473) User=0.00s Sys=0.00s Real=0.00s
[5521.730s][info][gc             ] GC(1474) Concurrent Cycle
[5521.730s][info][gc,marking     ] GC(1474) Concurrent Clear Claimed Marks
[5521.730s][info][gc,marking     ] GC(1474) Concurrent Clear Claimed Marks 0.019ms
[5521.730s][info][gc,marking     ] GC(1474) Concurrent Scan Root Regions
[5521.730s][info][gc,marking     ] GC(1474) Concurrent Scan Root Regions 0.007ms
[5521.730s][info][gc,marking     ] GC(1474) Concurrent Mark (5521.730s)
[5521.730s][info][gc,marking     ] GC(1474) Concurrent Mark From Roots
[5521.730s][info][gc,task        ] GC(1474) Using 2 workers of 2 for marking
[5522.122s][info][gc,marking     ] GC(1474) Concurrent Mark From Roots 391.741ms
[5522.122s][info][gc,marking     ] GC(1474) Concurrent Preclean
[5522.122s][info][gc,marking     ] GC(1474) Concurrent Preclean 0.070ms
[5522.122s][info][gc,marking     ] GC(1474) Concurrent Mark (5521.730s, 5522.122s) 391.862ms
[5522.122s][info][gc,start       ] GC(1474) Pause Remark
[5522.123s][info][gc             ] GC(1474) Pause Remark 507M->506M(512M) 1.112ms
[5522.123s][info][gc,cpu         ] GC(1474) User=0.00s Sys=0.00s Real=0.00s
[5522.123s][info][gc,marking     ] GC(1474) Concurrent Rebuild Remembered Sets
[5522.364s][info][gc,marking     ] GC(1474) Concurrent Rebuild Remembered Sets 240.152ms
[5522.364s][info][gc,start       ] GC(1474) Pause Cleanup
[5522.365s][info][gc             ] GC(1474) Pause Cleanup 506M->506M(512M) 0.338ms
[5522.365s][info][gc,cpu         ] GC(1474) User=0.01s Sys=0.00s Real=0.00s
[5522.365s][info][gc,marking     ] GC(1474) Concurrent Cleanup for Next Mark
[5522.365s][info][gc,marking     ] GC(1474) Concurrent Cleanup for Next Mark 0.585ms
[5522.365s][info][gc             ] GC(1474) Concurrent Cycle 635.096ms
[5536.732s][info][gc,start       ] GC(1475) Pause Young (Normal) (G1 Evacuation Pause)
[5536.732s][info][gc,task        ] GC(1475) Using 8 workers of 8 for evacuation
[5536.733s][info][gc             ] GC(1475) To-space exhausted
[5536.733s][info][gc,phases      ] GC(1475)   Pre Evacuate Collection Set: 0.1ms
[5536.733s][info][gc,phases      ] GC(1475)   Merge Heap Roots: 0.0ms
[5536.733s][info][gc,phases      ] GC(1475)   Evacuate Collection Set: 0.2ms
[5536.733s][info][gc,phases      ] GC(1475)   Post Evacuate Collection Set: 0.5ms
[5536.733s][info][gc,phases      ] GC(1475)   Other: 0.1ms
[5536.733s][info][gc,heap        ] GC(1475) Eden regions: 3->0(25)
[5536.733s][info][gc,heap        ] GC(1475) Survivor regions: 0->0(0)
[5536.733s][info][gc,heap        ] GC(1475) Old regions: 496->498
[5536.733s][info][gc,heap        ] GC(1475) Archive regions: 2->2
[5536.733s][info][gc,heap        ] GC(1475) Humongous regions: 11->11
[5536.733s][info][gc,metaspace   ] GC(1475) Metaspace: 48844K(50128K)->48844K(50128K) NonClass: 42997K(43856K)->42997K(43856K) Class: 5846K(6272K)->5846K(6272K)
[5536.733s][info][gc             ] GC(1475) Pause Young (Normal) (G1 Evacuation Pause) 509M->508M(512M) 1.032ms
[5536.733s][info][gc,cpu         ] GC(1475) User=0.01s Sys=0.00s Real=0.00s
[5541.732s][info][gc,start       ] GC(1476) Pause Young (Concurrent Start) (G1 Evacuation Pause)
[5541.732s][info][gc,task        ] GC(1476) Using 8 workers of 8 for evacuation
[5541.734s][info][gc             ] GC(1476) To-space exhausted
[5541.734s][info][gc,phases      ] GC(1476)   Pre Evacuate Collection Set: 0.1ms
[5541.734s][info][gc,phases      ] GC(1476)   Merge Heap Roots: 0.0ms
[5541.734s][info][gc,phases      ] GC(1476)   Evacuate Collection Set: 0.5ms
[5541.734s][info][gc,phases      ] GC(1476)   Post Evacuate Collection Set: 0.5ms
[5541.734s][info][gc,phases      ] GC(1476)   Other: 0.1ms
[5541.734s][info][gc,heap        ] GC(1476) Eden regions: 1->0(25)
[5541.734s][info][gc,heap        ] GC(1476) Survivor regions: 0->0(0)
[5541.734s][info][gc,heap        ] GC(1476) Old regions: 498->499
[5541.734s][info][gc,heap        ] GC(1476) Archive regions: 2->2
[5541.734s][info][gc,heap        ] GC(1476) Humongous regions: 11->11
[5541.734s][info][gc,metaspace   ] GC(1476) Metaspace: 48844K(50128K)->48844K(50128K) NonClass: 42997K(43856K)->42997K(43856K) Class: 5846K(6272K)->5846K(6272K)
[5541.734s][info][gc             ] GC(1476) Pause Young (Concurrent Start) (G1 Evacuation Pause) 509M->509M(512M) 1.248ms
[5541.734s][info][gc,cpu         ] GC(1476) User=0.00s Sys=0.00s Real=0.00s
[5541.734s][info][gc,ergo        ] Attempting maximally compacting collection
[5541.734s][info][gc,task        ] GC(1477) Using 8 workers of 8 for full compaction
[5541.734s][info][gc             ] GC(1478) Concurrent Cycle
[5541.734s][info][gc,start       ] GC(1477) Pause Full (G1 Evacuation Pause)
[5541.734s][info][gc,marking     ] GC(1478) Concurrent Clear Claimed Marks
[5541.734s][info][gc,marking     ] GC(1478) Concurrent Clear Claimed Marks 0.106ms
[5541.734s][info][gc,marking     ] GC(1478) Concurrent Scan Root Regions
[5541.734s][info][gc,marking     ] GC(1478) Concurrent Scan Root Regions 0.026ms
[5541.734s][info][gc,marking     ] GC(1478) Concurrent Mark (5541.734s)
[5541.734s][info][gc,marking     ] GC(1478) Concurrent Mark From Roots
[5541.734s][info][gc,task        ] GC(1478) Using 2 workers of 2 for marking
[5541.734s][info][gc,phases,start] GC(1477) Phase 1: Mark live objects
[5541.935s][info][gc,phases      ] GC(1477) Phase 1: Mark live objects 201.091ms
[5541.935s][info][gc,phases,start] GC(1477) Phase 2: Prepare for compaction
[5541.969s][info][gc,phases      ] GC(1477) Phase 2: Prepare for compaction 33.810ms
[5541.969s][info][gc,phases,start] GC(1477) Phase 3: Adjust pointers
[5542.031s][info][gc,phases      ] GC(1477) Phase 3: Adjust pointers 62.116ms
[5542.031s][info][gc,phases,start] GC(1477) Phase 4: Compact heap
[5542.065s][info][gc,phases      ] GC(1477) Phase 4: Compact heap 33.724ms
[5542.069s][info][gc,heap        ] GC(1477) Eden regions: 0->0(25)
[5542.069s][info][gc,heap        ] GC(1477) Survivor regions: 0->0(0)
[5542.069s][info][gc,heap        ] GC(1477) Old regions: 499->491
[5542.069s][info][gc,heap        ] GC(1477) Archive regions: 2->2
[5542.069s][info][gc,heap        ] GC(1477) Humongous regions: 11->11
[5542.069s][info][gc,metaspace   ] GC(1477) Metaspace: 48844K(50128K)->48739K(50128K) NonClass: 42997K(43856K)->42907K(43856K) Class: 5846K(6272K)->5832K(6272K)
[5542.069s][info][gc             ] GC(1477) Pause Full (G1 Evacuation Pause) 509M->498M(512M) 335.305ms
[5542.070s][info][gc,cpu         ] GC(1477) User=2.40s Sys=0.07s Real=0.34s
[5542.070s][info][gc,marking     ] GC(1478) Concurrent Mark From Roots 336.472ms
[5542.070s][info][gc,marking     ] GC(1478) Concurrent Mark Abort
[5542.070s][info][gc             ] GC(1478) Concurrent Cycle 336.776ms
[5577.734s][info][gc,start       ] GC(1479) Pause Young (Normal) (G1 Evacuation Pause)
[5577.734s][info][gc,task        ] GC(1479) Using 8 workers of 8 for evacuation
[5577.735s][info][gc             ] GC(1479) To-space exhausted
[5577.735s][info][gc,phases      ] GC(1479)   Pre Evacuate Collection Set: 0.1ms
[5577.735s][info][gc,phases      ] GC(1479)   Merge Heap Roots: 0.0ms
[5577.735s][info][gc,phases      ] GC(1479)   Evacuate Collection Set: 0.2ms
[5577.735s][info][gc,phases      ] GC(1479)   Post Evacuate Collection Set: 0.9ms
[5577.735s][info][gc,phases      ] GC(1479)   Other: 0.1ms
[5577.735s][info][gc,heap        ] GC(1479) Eden regions: 8->0(25)
[5577.735s][info][gc,heap        ] GC(1479) Survivor regions: 0->0(0)
[5577.735s][info][gc,heap        ] GC(1479) Old regions: 491->496
[5577.735s][info][gc,heap        ] GC(1479) Archive regions: 2->2
[5577.735s][info][gc,heap        ] GC(1479) Humongous regions: 11->11
[5577.735s][info][gc,metaspace   ] GC(1479) Metaspace: 48845K(50128K)->48845K(50128K) NonClass: 42998K(43856K)->42998K(43856K) Class: 5847K(6272K)->5847K(6272K)
[5577.735s][info][gc             ] GC(1479) Pause Young (Normal) (G1 Evacuation Pause) 506M->503M(512M) 1.509ms
[5577.735s][info][gc,cpu         ] GC(1479) User=0.00s Sys=0.00s Real=0.00s
[5593.732s][info][gc,start       ] GC(1480) Pause Young (Concurrent Start) (G1 Evacuation Pause)
[5593.732s][info][gc,task        ] GC(1480) Using 8 workers of 8 for evacuation
[5593.734s][info][gc             ] GC(1480) To-space exhausted
[5593.734s][info][gc,phases      ] GC(1480)   Pre Evacuate Collection Set: 0.1ms
[5593.734s][info][gc,phases      ] GC(1480)   Merge Heap Roots: 0.1ms
[5593.734s][info][gc,phases      ] GC(1480)   Evacuate Collection Set: 0.6ms
[5593.734s][info][gc,phases      ] GC(1480)   Post Evacuate Collection Set: 0.6ms
[5593.734s][info][gc,phases      ] GC(1480)   Other: 0.1ms
[5593.734s][info][gc,heap        ] GC(1480) Eden regions: 3->0(25)
[5593.734s][info][gc,heap        ] GC(1480) Survivor regions: 0->0(0)
[5593.734s][info][gc,heap        ] GC(1480) Old regions: 496->498
[5593.734s][info][gc,heap        ] GC(1480) Archive regions: 2->2
[5593.734s][info][gc,heap        ] GC(1480) Humongous regions: 11->11
[5593.734s][info][gc,metaspace   ] GC(1480) Metaspace: 48846K(50128K)->48846K(50128K) NonClass: 42999K(43856K)->42999K(43856K) Class: 5847K(6272K)->5847K(6272K)
[5593.734s][info][gc             ] GC(1480) Pause Young (Concurrent Start) (G1 Evacuation Pause) 506M->505M(512M) 1.623ms
[5593.734s][info][gc,cpu         ] GC(1480) User=0.01s Sys=0.00s Real=0.00s
[5593.734s][info][gc             ] GC(1481) Concurrent Cycle
[5593.734s][info][gc,marking     ] GC(1481) Concurrent Clear Claimed Marks
[5593.734s][info][gc,marking     ] GC(1481) Concurrent Clear Claimed Marks 0.037ms
[5593.734s][info][gc,marking     ] GC(1481) Concurrent Scan Root Regions
[5593.734s][info][gc,marking     ] GC(1481) Concurrent Scan Root Regions 0.007ms
[5593.734s][info][gc,marking     ] GC(1481) Concurrent Mark (5593.734s)
[5593.734s][info][gc,marking     ] GC(1481) Concurrent Mark From Roots
[5593.734s][info][gc,task        ] GC(1481) Using 2 workers of 2 for marking
[5594.126s][info][gc,marking     ] GC(1481) Concurrent Mark From Roots 391.504ms
[5594.126s][info][gc,marking     ] GC(1481) Concurrent Preclean
[5594.126s][info][gc,marking     ] GC(1481) Concurrent Preclean 0.072ms
[5594.126s][info][gc,marking     ] GC(1481) Concurrent Mark (5593.734s, 5594.126s) 391.631ms
[5594.126s][info][gc,start       ] GC(1481) Pause Remark
[5594.129s][info][gc             ] GC(1481) Pause Remark 506M->504M(512M) 2.802ms
[5594.129s][info][gc,cpu         ] GC(1481) User=0.02s Sys=0.00s Real=0.01s
[5594.129s][info][gc,marking     ] GC(1481) Concurrent Rebuild Remembered Sets
[5594.369s][info][gc,marking     ] GC(1481) Concurrent Rebuild Remembered Sets 240.516ms
[5594.370s][info][gc,start       ] GC(1481) Pause Cleanup
[5594.370s][info][gc             ] GC(1481) Pause Cleanup 504M->504M(512M) 0.266ms
[5594.370s][info][gc,cpu         ] GC(1481) User=0.01s Sys=0.00s Real=0.00s
[5594.370s][info][gc,marking     ] GC(1481) Concurrent Cleanup for Next Mark
[5594.371s][info][gc,marking     ] GC(1481) Concurrent Cleanup for Next Mark 0.585ms
[5594.371s][info][gc             ] GC(1481) Concurrent Cycle 636.927ms
[5608.735s][info][gc,start       ] GC(1482) Pause Young (Normal) (G1 Evacuation Pause)
[5608.735s][info][gc,task        ] GC(1482) Using 8 workers of 8 for evacuation
[5608.736s][info][gc             ] GC(1482) To-space exhausted
[5608.736s][info][gc,phases      ] GC(1482)   Pre Evacuate Collection Set: 0.1ms
[5608.736s][info][gc,phases      ] GC(1482)   Merge Heap Roots: 0.0ms
[5608.736s][info][gc,phases      ] GC(1482)   Evacuate Collection Set: 0.2ms
[5608.736s][info][gc,phases      ] GC(1482)   Post Evacuate Collection Set: 0.5ms
[5608.736s][info][gc,phases      ] GC(1482)   Other: 0.1ms
[5608.736s][info][gc,heap        ] GC(1482) Eden regions: 3->0(25)
[5608.736s][info][gc,heap        ] GC(1482) Survivor regions: 0->0(0)
[5608.736s][info][gc,heap        ] GC(1482) Old regions: 496->498
[5608.736s][info][gc,heap        ] GC(1482) Archive regions: 2->2
[5608.736s][info][gc,heap        ] GC(1482) Humongous regions: 11->11
[5608.736s][info][gc,metaspace   ] GC(1482) Metaspace: 48845K(50128K)->48845K(50128K) NonClass: 42998K(43856K)->42998K(43856K) Class: 5846K(6272K)->5846K(6272K)
[5608.736s][info][gc             ] GC(1482) Pause Young (Normal) (G1 Evacuation Pause) 506M->505M(512M) 0.948ms
[5608.736s][info][gc,cpu         ] GC(1482) User=0.00s Sys=0.00s Real=0.00s
[5613.732s][info][gc,start       ] GC(1483) Pause Young (Concurrent Start) (G1 Evacuation Pause)
[5613.732s][info][gc,task        ] GC(1483) Using 8 workers of 8 for evacuation
[5613.733s][info][gc             ] GC(1483) To-space exhausted
[5613.733s][info][gc,phases      ] GC(1483)   Pre Evacuate Collection Set: 0.1ms
[5613.733s][info][gc,phases      ] GC(1483)   Merge Heap Roots: 0.0ms
[5613.733s][info][gc,phases      ] GC(1483)   Evacuate Collection Set: 0.5ms
[5613.733s][info][gc,phases      ] GC(1483)   Post Evacuate Collection Set: 0.5ms
[5613.733s][info][gc,phases      ] GC(1483)   Other: 0.1ms
[5613.733s][info][gc,heap        ] GC(1483) Eden regions: 1->0(25)
[5613.733s][info][gc,heap        ] GC(1483) Survivor regions: 0->0(0)
[5613.733s][info][gc,heap        ] GC(1483) Old regions: 498->499
[5613.733s][info][gc,heap        ] GC(1483) Archive regions: 2->2
[5613.733s][info][gc,heap        ] GC(1483) Humongous regions: 11->11
[5613.733s][info][gc,metaspace   ] GC(1483) Metaspace: 48845K(50128K)->48845K(50128K) NonClass: 42998K(43856K)->42998K(43856K) Class: 5846K(6272K)->5846K(6272K)
[5613.733s][info][gc             ] GC(1483) Pause Young (Concurrent Start) (G1 Evacuation Pause) 506M->506M(512M) 1.239ms
[5613.733s][info][gc,cpu         ] GC(1483) User=0.01s Sys=0.00s Real=0.00s
[5613.733s][info][gc,ergo        ] Attempting maximally compacting collection
[5613.733s][info][gc             ] GC(1484) Concurrent Cycle
[5613.733s][info][gc,task        ] GC(1485) Using 8 workers of 8 for full compaction
[5613.733s][info][gc,marking     ] GC(1484) Concurrent Clear Claimed Marks
[5613.733s][info][gc,start       ] GC(1485) Pause Full (G1 Evacuation Pause)
[5613.733s][info][gc,marking     ] GC(1484) Concurrent Clear Claimed Marks 0.043ms
[5613.733s][info][gc,marking     ] GC(1484) Concurrent Scan Root Regions
[5613.733s][info][gc,marking     ] GC(1484) Concurrent Scan Root Regions 0.039ms
[5613.733s][info][gc,marking     ] GC(1484) Concurrent Mark (5613.733s)
[5613.733s][info][gc,marking     ] GC(1484) Concurrent Mark From Roots
[5613.733s][info][gc,task        ] GC(1484) Using 2 workers of 2 for marking
[5613.734s][info][gc,phases,start] GC(1485) Phase 1: Mark live objects
[5613.931s][info][gc,phases      ] GC(1485) Phase 1: Mark live objects 197.767ms
[5613.931s][info][gc,phases,start] GC(1485) Phase 2: Prepare for compaction
[5613.962s][info][gc,phases      ] GC(1485) Phase 2: Prepare for compaction 30.606ms
[5613.962s][info][gc,phases,start] GC(1485) Phase 3: Adjust pointers
[5614.023s][info][gc,phases      ] GC(1485) Phase 3: Adjust pointers 60.894ms
[5614.023s][info][gc,phases,start] GC(1485) Phase 4: Compact heap
[5614.054s][info][gc,phases      ] GC(1485) Phase 4: Compact heap 30.539ms
[5614.057s][info][gc,heap        ] GC(1485) Eden regions: 0->0(25)
[5614.057s][info][gc,heap        ] GC(1485) Survivor regions: 0->0(0)
[5614.057s][info][gc,heap        ] GC(1485) Old regions: 499->490
[5614.057s][info][gc,heap        ] GC(1485) Archive regions: 2->2
[5614.057s][info][gc,heap        ] GC(1485) Humongous regions: 11->11
[5614.057s][info][gc,metaspace   ] GC(1485) Metaspace: 48845K(50128K)->48714K(50128K) NonClass: 42998K(43856K)->42885K(43856K) Class: 5846K(6272K)->5828K(6272K)
[5614.057s][info][gc             ] GC(1485) Pause Full (G1 Evacuation Pause) 506M->498M(512M) 324.110ms
[5614.058s][info][gc,cpu         ] GC(1485) User=2.33s Sys=0.06s Real=0.33s
[5614.058s][info][gc,marking     ] GC(1484) Concurrent Mark From Roots 324.861ms
[5614.058s][info][gc,marking     ] GC(1484) Concurrent Mark Abort
[5614.058s][info][gc             ] GC(1484) Concurrent Cycle 325.113ms
[5653.733s][info][gc,start       ] GC(1486) Pause Young (Normal) (G1 Evacuation Pause)
[5653.733s][info][gc,task        ] GC(1486) Using 8 workers of 8 for evacuation
[5653.734s][info][gc             ] GC(1486) To-space exhausted
[5653.734s][info][gc,phases      ] GC(1486)   Pre Evacuate Collection Set: 0.1ms
[5653.734s][info][gc,phases      ] GC(1486)   Merge Heap Roots: 0.0ms
[5653.734s][info][gc,phases      ] GC(1486)   Evacuate Collection Set: 0.2ms
[5653.734s][info][gc,phases      ] GC(1486)   Post Evacuate Collection Set: 0.9ms
[5653.734s][info][gc,phases      ] GC(1486)   Other: 0.1ms
[5653.734s][info][gc,heap        ] GC(1486) Eden regions: 9->0(25)
[5653.734s][info][gc,heap        ] GC(1486) Survivor regions: 0->0(0)
[5653.734s][info][gc,heap        ] GC(1486) Old regions: 490->496
[5653.734s][info][gc,heap        ] GC(1486) Archive regions: 2->2
[5653.734s][info][gc,heap        ] GC(1486) Humongous regions: 11->11
[5653.734s][info][gc,metaspace   ] GC(1486) Metaspace: 48843K(50128K)->48843K(50128K) NonClass: 42996K(43856K)->42996K(43856K) Class: 5846K(6272K)->5846K(6272K)
[5653.734s][info][gc             ] GC(1486) Pause Young (Normal) (G1 Evacuation Pause) 507M->504M(512M) 1.347ms
[5653.734s][info][gc,cpu         ] GC(1486) User=0.01s Sys=0.00s Real=0.00s
[5668.735s][info][gc,start       ] GC(1487) Pause Young (Concurrent Start) (G1 Evacuation Pause)
[5668.735s][info][gc,task        ] GC(1487) Using 8 workers of 8 for evacuation
[5668.736s][info][gc             ] GC(1487) To-space exhausted
[5668.736s][info][gc,phases      ] GC(1487)   Pre Evacuate Collection Set: 0.1ms
[5668.736s][info][gc,phases      ] GC(1487)   Merge Heap Roots: 0.1ms
[5668.736s][info][gc,phases      ] GC(1487)   Evacuate Collection Set: 0.5ms
[5668.736s][info][gc,phases      ] GC(1487)   Post Evacuate Collection Set: 0.5ms
[5668.736s][info][gc,phases      ] GC(1487)   Other: 0.1ms
[5668.736s][info][gc,heap        ] GC(1487) Eden regions: 3->0(25)
[5668.736s][info][gc,heap        ] GC(1487) Survivor regions: 0->0(0)
[5668.736s][info][gc,heap        ] GC(1487) Old regions: 496->498
[5668.736s][info][gc,heap        ] GC(1487) Archive regions: 2->2
[5668.736s][info][gc,heap        ] GC(1487) Humongous regions: 11->11
[5668.736s][info][gc,metaspace   ] GC(1487) Metaspace: 48843K(50128K)->48843K(50128K) NonClass: 42996K(43856K)->42996K(43856K) Class: 5846K(6272K)->5846K(6272K)
[5668.736s][info][gc             ] GC(1487) Pause Young (Concurrent Start) (G1 Evacuation Pause) 507M->506M(512M) 1.392ms
[5668.736s][info][gc,cpu         ] GC(1487) User=0.00s Sys=0.00s Real=0.00s
[5668.736s][info][gc             ] GC(1488) Concurrent Cycle
[5668.736s][info][gc,marking     ] GC(1488) Concurrent Clear Claimed Marks
[5668.736s][info][gc,marking     ] GC(1488) Concurrent Clear Claimed Marks 0.020ms
[5668.736s][info][gc,marking     ] GC(1488) Concurrent Scan Root Regions
[5668.736s][info][gc,marking     ] GC(1488) Concurrent Scan Root Regions 0.007ms
[5668.736s][info][gc,marking     ] GC(1488) Concurrent Mark (5668.736s)
[5668.736s][info][gc,marking     ] GC(1488) Concurrent Mark From Roots
[5668.736s][info][gc,task        ] GC(1488) Using 2 workers of 2 for marking
[5669.127s][info][gc,marking     ] GC(1488) Concurrent Mark From Roots 390.490ms
[5669.127s][info][gc,marking     ] GC(1488) Concurrent Preclean
[5669.127s][info][gc,marking     ] GC(1488) Concurrent Preclean 0.070ms
[5669.127s][info][gc,marking     ] GC(1488) Concurrent Mark (5668.736s, 5669.127s) 390.642ms
[5669.127s][info][gc,start       ] GC(1488) Pause Remark
[5669.130s][info][gc             ] GC(1488) Pause Remark 506M->504M(512M) 2.850ms
[5669.130s][info][gc,cpu         ] GC(1488) User=0.02s Sys=0.00s Real=0.00s
[5669.130s][info][gc,marking     ] GC(1488) Concurrent Rebuild Remembered Sets
[5669.372s][info][gc,marking     ] GC(1488) Concurrent Rebuild Remembered Sets 242.152ms
[5669.373s][info][gc,start       ] GC(1488) Pause Cleanup
[5669.373s][info][gc             ] GC(1488) Pause Cleanup 504M->504M(512M) 0.270ms
[5669.373s][info][gc,cpu         ] GC(1488) User=0.00s Sys=0.00s Real=0.00s
[5669.373s][info][gc,marking     ] GC(1488) Concurrent Cleanup for Next Mark
[5669.374s][info][gc,marking     ] GC(1488) Concurrent Cleanup for Next Mark 0.585ms
[5669.374s][info][gc             ] GC(1488) Concurrent Cycle 637.652ms
[5688.733s][info][gc,start       ] GC(1489) Pause Young (Normal) (G1 Evacuation Pause)
[5688.733s][info][gc,task        ] GC(1489) Using 8 workers of 8 for evacuation
[5688.734s][info][gc             ] GC(1489) To-space exhausted
[5688.734s][info][gc,phases      ] GC(1489)   Pre Evacuate Collection Set: 0.0ms
[5688.734s][info][gc,phases      ] GC(1489)   Merge Heap Roots: 0.0ms
[5688.734s][info][gc,phases      ] GC(1489)   Evacuate Collection Set: 0.2ms
[5688.734s][info][gc,phases      ] GC(1489)   Post Evacuate Collection Set: 0.5ms
[5688.734s][info][gc,phases      ] GC(1489)   Other: 0.1ms
[5688.734s][info][gc,heap        ] GC(1489) Eden regions: 4->0(25)
[5688.734s][info][gc,heap        ] GC(1489) Survivor regions: 0->0(0)
[5688.734s][info][gc,heap        ] GC(1489) Old regions: 495->498
[5688.734s][info][gc,heap        ] GC(1489) Archive regions: 2->2
[5688.734s][info][gc,heap        ] GC(1489) Humongous regions: 11->11
[5688.734s][info][gc,metaspace   ] GC(1489) Metaspace: 48844K(50128K)->48844K(50128K) NonClass: 42997K(43856K)->42997K(43856K) Class: 5846K(6272K)->5846K(6272K)
[5688.734s][info][gc             ] GC(1489) Pause Young (Normal) (G1 Evacuation Pause) 508M->507M(512M) 1.050ms
[5688.734s][info][gc,cpu         ] GC(1489) User=0.00s Sys=0.00s Real=0.00s
[5693.732s][info][gc,start       ] GC(1490) Pause Young (Concurrent Start) (G1 Evacuation Pause)
[5693.732s][info][gc,task        ] GC(1490) Using 8 workers of 8 for evacuation
[5693.734s][info][gc             ] GC(1490) To-space exhausted
[5693.734s][info][gc,phases      ] GC(1490)   Pre Evacuate Collection Set: 0.1ms
[5693.734s][info][gc,phases      ] GC(1490)   Merge Heap Roots: 0.1ms
[5693.734s][info][gc,phases      ] GC(1490)   Evacuate Collection Set: 0.5ms
[5693.734s][info][gc,phases      ] GC(1490)   Post Evacuate Collection Set: 0.6ms
[5693.734s][info][gc,phases      ] GC(1490)   Other: 0.2ms
[5693.734s][info][gc,heap        ] GC(1490) Eden regions: 1->0(25)
[5693.734s][info][gc,heap        ] GC(1490) Survivor regions: 0->0(0)
[5693.734s][info][gc,heap        ] GC(1490) Old regions: 498->499
[5693.734s][info][gc,heap        ] GC(1490) Archive regions: 2->2
[5693.734s][info][gc,heap        ] GC(1490) Humongous regions: 11->11
[5693.734s][info][gc,metaspace   ] GC(1490) Metaspace: 48845K(50128K)->48845K(50128K) NonClass: 42998K(43856K)->42998K(43856K) Class: 5846K(6272K)->5846K(6272K)
[5693.734s][info][gc             ] GC(1490) Pause Young (Concurrent Start) (G1 Evacuation Pause) 508M->508M(512M) 1.568ms
[5693.734s][info][gc,cpu         ] GC(1490) User=0.00s Sys=0.00s Real=0.00s
[5693.734s][info][gc,ergo        ] Attempting maximally compacting collection
[5693.734s][info][gc,task        ] GC(1491) Using 8 workers of 8 for full compaction
[5693.734s][info][gc             ] GC(1492) Concurrent Cycle
[5693.734s][info][gc,start       ] GC(1491) Pause Full (G1 Evacuation Pause)
[5693.734s][info][gc,marking     ] GC(1492) Concurrent Clear Claimed Marks
[5693.734s][info][gc,marking     ] GC(1492) Concurrent Clear Claimed Marks 0.089ms
[5693.734s][info][gc,marking     ] GC(1492) Concurrent Scan Root Regions
[5693.734s][info][gc,marking     ] GC(1492) Concurrent Scan Root Regions 0.026ms
[5693.734s][info][gc,marking     ] GC(1492) Concurrent Mark (5693.734s)
[5693.734s][info][gc,marking     ] GC(1492) Concurrent Mark From Roots
[5693.734s][info][gc,task        ] GC(1492) Using 2 workers of 2 for marking
[5693.734s][info][gc,phases,start] GC(1491) Phase 1: Mark live objects
[5693.933s][info][gc,phases      ] GC(1491) Phase 1: Mark live objects 198.308ms
[5693.933s][info][gc,phases,start] GC(1491) Phase 2: Prepare for compaction
[5693.961s][info][gc,phases      ] GC(1491) Phase 2: Prepare for compaction 27.675ms
[5693.961s][info][gc,phases,start] GC(1491) Phase 3: Adjust pointers
[5694.022s][info][gc,phases      ] GC(1491) Phase 3: Adjust pointers 61.414ms
[5694.022s][info][gc,phases,start] GC(1491) Phase 4: Compact heap
[5694.050s][info][gc,phases      ] GC(1491) Phase 4: Compact heap 27.539ms
[5694.053s][info][gc,heap        ] GC(1491) Eden regions: 0->0(25)
[5694.053s][info][gc,heap        ] GC(1491) Survivor regions: 0->0(0)
[5694.053s][info][gc,heap        ] GC(1491) Old regions: 499->490
[5694.053s][info][gc,heap        ] GC(1491) Archive regions: 2->2
[5694.053s][info][gc,heap        ] GC(1491) Humongous regions: 11->11
[5694.053s][info][gc,metaspace   ] GC(1491) Metaspace: 48845K(50128K)->48747K(50128K) NonClass: 42998K(43856K)->42914K(43856K) Class: 5846K(6272K)->5832K(6272K)
[5694.053s][info][gc             ] GC(1491) Pause Full (G1 Evacuation Pause) 508M->498M(512M) 319.268ms
[5694.054s][info][gc,cpu         ] GC(1491) User=2.34s Sys=0.06s Real=0.32s
[5694.054s][info][gc,marking     ] GC(1492) Concurrent Mark From Roots 320.095ms
[5694.054s][info][gc,marking     ] GC(1492) Concurrent Mark Abort
[5694.054s][info][gc             ] GC(1492) Concurrent Cycle 320.377ms
[5733.737s][info][gc,start       ] GC(1493) Pause Young (Normal) (G1 Evacuation Pause)
[5733.737s][info][gc,task        ] GC(1493) Using 8 workers of 8 for evacuation
[5733.738s][info][gc             ] GC(1493) To-space exhausted
[5733.738s][info][gc,phases      ] GC(1493)   Pre Evacuate Collection Set: 0.0ms
[5733.738s][info][gc,phases      ] GC(1493)   Merge Heap Roots: 0.0ms
[5733.738s][info][gc,phases      ] GC(1493)   Evacuate Collection Set: 0.2ms
[5733.738s][info][gc,phases      ] GC(1493)   Post Evacuate Collection Set: 0.7ms
[5733.738s][info][gc,phases      ] GC(1493)   Other: 0.1ms
[5733.738s][info][gc,heap        ] GC(1493) Eden regions: 9->0(25)
[5733.738s][info][gc,heap        ] GC(1493) Survivor regions: 0->0(0)
[5733.738s][info][gc,heap        ] GC(1493) Old regions: 490->495
[5733.738s][info][gc,heap        ] GC(1493) Archive regions: 2->2
[5733.738s][info][gc,heap        ] GC(1493) Humongous regions: 11->11
[5733.738s][info][gc,metaspace   ] GC(1493) Metaspace: 48860K(50128K)->48860K(50128K) NonClass: 43011K(43856K)->43011K(43856K) Class: 5849K(6272K)->5849K(6272K)
[5733.738s][info][gc             ] GC(1493) Pause Young (Normal) (G1 Evacuation Pause) 507M->503M(512M) 1.143ms
[5733.738s][info][gc,cpu         ] GC(1493) User=0.01s Sys=0.00s Real=0.00s
[5753.737s][info][gc,start       ] GC(1494) Pause Young (Concurrent Start) (G1 Evacuation Pause)
[5753.737s][info][gc,task        ] GC(1494) Using 8 workers of 8 for evacuation
[5753.738s][info][gc             ] GC(1494) To-space exhausted
[5753.739s][info][gc,phases      ] GC(1494)   Pre Evacuate Collection Set: 0.1ms
[5753.739s][info][gc,phases      ] GC(1494)   Merge Heap Roots: 0.0ms
[5753.739s][info][gc,phases      ] GC(1494)   Evacuate Collection Set: 0.5ms
[5753.739s][info][gc,phases      ] GC(1494)   Post Evacuate Collection Set: 0.4ms
[5753.739s][info][gc,phases      ] GC(1494)   Other: 0.2ms
[5753.739s][info][gc,heap        ] GC(1494) Eden regions: 4->0(25)
[5753.739s][info][gc,heap        ] GC(1494) Survivor regions: 0->0(0)
[5753.739s][info][gc,heap        ] GC(1494) Old regions: 495->497
[5753.739s][info][gc,heap        ] GC(1494) Archive regions: 2->2
[5753.739s][info][gc,heap        ] GC(1494) Humongous regions: 11->11
[5753.739s][info][gc,metaspace   ] GC(1494) Metaspace: 48860K(50128K)->48860K(50128K) NonClass: 43011K(43856K)->43011K(43856K) Class: 5849K(6272K)->5849K(6272K)
[5753.739s][info][gc             ] GC(1494) Pause Young (Concurrent Start) (G1 Evacuation Pause) 507M->505M(512M) 1.305ms
[5753.739s][info][gc,cpu         ] GC(1494) User=0.00s Sys=0.00s Real=0.00s
[5753.739s][info][gc             ] GC(1495) Concurrent Cycle
[5753.739s][info][gc,marking     ] GC(1495) Concurrent Clear Claimed Marks
[5753.739s][info][gc,marking     ] GC(1495) Concurrent Clear Claimed Marks 0.018ms
[5753.739s][info][gc,marking     ] GC(1495) Concurrent Scan Root Regions
[5753.739s][info][gc,marking     ] GC(1495) Concurrent Scan Root Regions 0.007ms
[5753.739s][info][gc,marking     ] GC(1495) Concurrent Mark (5753.739s)
[5753.739s][info][gc,marking     ] GC(1495) Concurrent Mark From Roots
[5753.739s][info][gc,task        ] GC(1495) Using 2 workers of 2 for marking
[5754.129s][info][gc,marking     ] GC(1495) Concurrent Mark From Roots 390.631ms
[5754.129s][info][gc,marking     ] GC(1495) Concurrent Preclean
[5754.129s][info][gc,marking     ] GC(1495) Concurrent Preclean 0.071ms
[5754.129s][info][gc,marking     ] GC(1495) Concurrent Mark (5753.739s, 5754.129s) 390.772ms
[5754.130s][info][gc,start       ] GC(1495) Pause Remark
[5754.132s][info][gc             ] GC(1495) Pause Remark 505M->504M(512M) 2.843ms
[5754.132s][info][gc,cpu         ] GC(1495) User=0.02s Sys=0.00s Real=0.00s
[5754.133s][info][gc,marking     ] GC(1495) Concurrent Rebuild Remembered Sets
[5754.374s][info][gc,marking     ] GC(1495) Concurrent Rebuild Remembered Sets 241.866ms
[5754.375s][info][gc,start       ] GC(1495) Pause Cleanup
[5754.376s][info][gc             ] GC(1495) Pause Cleanup 504M->504M(512M) 0.298ms
[5754.376s][info][gc,cpu         ] GC(1495) User=0.00s Sys=0.00s Real=0.00s
[5754.376s][info][gc,marking     ] GC(1495) Concurrent Cleanup for Next Mark
[5754.376s][info][gc,marking     ] GC(1495) Concurrent Cleanup for Next Mark 0.619ms
[5754.376s][info][gc             ] GC(1495) Concurrent Cycle 637.575ms
[5768.733s][info][gc,start       ] GC(1496) Pause Young (Normal) (G1 Evacuation Pause)
[5768.733s][info][gc,task        ] GC(1496) Using 8 workers of 8 for evacuation
[5768.733s][info][gc             ] GC(1496) To-space exhausted
[5768.733s][info][gc,phases      ] GC(1496)   Pre Evacuate Collection Set: 0.1ms
[5768.733s][info][gc,phases      ] GC(1496)   Merge Heap Roots: 0.0ms
[5768.734s][info][gc,phases      ] GC(1496)   Evacuate Collection Set: 0.2ms
[5768.734s][info][gc,phases      ] GC(1496)   Post Evacuate Collection Set: 0.5ms
[5768.734s][info][gc,phases      ] GC(1496)   Other: 0.1ms
[5768.734s][info][gc,heap        ] GC(1496) Eden regions: 3->0(25)
[5768.734s][info][gc,heap        ] GC(1496) Survivor regions: 0->0(0)
[5768.734s][info][gc,heap        ] GC(1496) Old regions: 496->499
[5768.734s][info][gc,heap        ] GC(1496) Archive regions: 2->2
[5768.734s][info][gc,heap        ] GC(1496) Humongous regions: 11->11
[5768.734s][info][gc,metaspace   ] GC(1496) Metaspace: 48845K(50128K)->48845K(50128K) NonClass: 42998K(43856K)->42998K(43856K) Class: 5846K(6272K)->5846K(6272K)
[5768.734s][info][gc             ] GC(1496) Pause Young (Normal) (G1 Evacuation Pause) 507M->507M(512M) 0.984ms
[5768.734s][info][gc,cpu         ] GC(1496) User=0.01s Sys=0.00s Real=0.00s
[5768.734s][info][gc,ergo        ] Attempting maximally compacting collection
[5768.734s][info][gc,task        ] GC(1497) Using 8 workers of 8 for full compaction
[5768.734s][info][gc,start       ] GC(1497) Pause Full (G1 Evacuation Pause)
[5768.734s][info][gc,phases,start] GC(1497) Phase 1: Mark live objects
[5768.930s][info][gc,phases      ] GC(1497) Phase 1: Mark live objects 195.872ms
[5768.930s][info][gc,phases,start] GC(1497) Phase 2: Prepare for compaction
[5768.959s][info][gc,phases      ] GC(1497) Phase 2: Prepare for compaction 29.400ms
[5768.959s][info][gc,phases,start] GC(1497) Phase 3: Adjust pointers
[5769.024s][info][gc,phases      ] GC(1497) Phase 3: Adjust pointers 64.986ms
[5769.024s][info][gc,phases,start] GC(1497) Phase 4: Compact heap
[5769.053s][info][gc,phases      ] GC(1497) Phase 4: Compact heap 28.597ms
[5769.057s][info][gc,heap        ] GC(1497) Eden regions: 0->0(25)
[5769.057s][info][gc,heap        ] GC(1497) Survivor regions: 0->0(0)
[5769.057s][info][gc,heap        ] GC(1497) Old regions: 499->490
[5769.057s][info][gc,heap        ] GC(1497) Archive regions: 2->2
[5769.057s][info][gc,heap        ] GC(1497) Humongous regions: 11->11
[5769.057s][info][gc,metaspace   ] GC(1497) Metaspace: 48845K(50128K)->48715K(50128K) NonClass: 42998K(43856K)->42886K(43856K) Class: 5846K(6272K)->5828K(6272K)
[5769.057s][info][gc             ] GC(1497) Pause Full (G1 Evacuation Pause) 507M->498M(512M) 323.782ms
[5769.058s][info][gc,cpu         ] GC(1497) User=2.34s Sys=0.06s Real=0.33s
[5809.739s][info][gc,start       ] GC(1498) Pause Young (Concurrent Start) (G1 Evacuation Pause)
[5809.739s][info][gc,task        ] GC(1498) Using 8 workers of 8 for evacuation
[5809.741s][info][gc             ] GC(1498) To-space exhausted
[5809.741s][info][gc,phases      ] GC(1498)   Pre Evacuate Collection Set: 0.1ms
[5809.741s][info][gc,phases      ] GC(1498)   Merge Heap Roots: 0.0ms
[5809.741s][info][gc,phases      ] GC(1498)   Evacuate Collection Set: 0.5ms
[5809.741s][info][gc,phases      ] GC(1498)   Post Evacuate Collection Set: 1.0ms
[5809.741s][info][gc,phases      ] GC(1498)   Other: 0.1ms
[5809.741s][info][gc,heap        ] GC(1498) Eden regions: 9->0(25)
[5809.741s][info][gc,heap        ] GC(1498) Survivor regions: 0->0(0)
[5809.741s][info][gc,heap        ] GC(1498) Old regions: 490->495
[5809.741s][info][gc,heap        ] GC(1498) Archive regions: 2->2
[5809.741s][info][gc,heap        ] GC(1498) Humongous regions: 11->11
[5809.741s][info][gc,metaspace   ] GC(1498) Metaspace: 48846K(50128K)->48846K(50128K) NonClass: 42999K(43856K)->42999K(43856K) Class: 5847K(6272K)->5847K(6272K)
[5809.741s][info][gc             ] GC(1498) Pause Young (Concurrent Start) (G1 Evacuation Pause) 507M->503M(512M) 1.902ms
[5809.741s][info][gc,cpu         ] GC(1498) User=0.00s Sys=0.01s Real=0.00s
[5809.741s][info][gc             ] GC(1499) Concurrent Cycle
[5809.741s][info][gc,marking     ] GC(1499) Concurrent Clear Claimed Marks
[5809.741s][info][gc,marking     ] GC(1499) Concurrent Clear Claimed Marks 0.026ms
[5809.741s][info][gc,marking     ] GC(1499) Concurrent Scan Root Regions
[5809.741s][info][gc,marking     ] GC(1499) Concurrent Scan Root Regions 0.048ms
[5809.741s][info][gc,marking     ] GC(1499) Concurrent Mark (5809.741s)
[5809.741s][info][gc,marking     ] GC(1499) Concurrent Mark From Roots
[5809.741s][info][gc,task        ] GC(1499) Using 2 workers of 2 for marking
[5810.148s][info][gc,marking     ] GC(1499) Concurrent Mark From Roots 406.908ms
[5810.148s][info][gc,marking     ] GC(1499) Concurrent Preclean
[5810.148s][info][gc,marking     ] GC(1499) Concurrent Preclean 0.064ms
[5810.148s][info][gc,marking     ] GC(1499) Concurrent Mark (5809.741s, 5810.148s) 407.021ms
[5810.148s][info][gc,start       ] GC(1499) Pause Remark
[5810.149s][info][gc             ] GC(1499) Pause Remark 503M->503M(512M) 1.031ms
[5810.149s][info][gc,cpu         ] GC(1499) User=0.00s Sys=0.00s Real=0.00s
[5810.149s][info][gc,marking     ] GC(1499) Concurrent Rebuild Remembered Sets
[5810.399s][info][gc,marking     ] GC(1499) Concurrent Rebuild Remembered Sets 249.783ms
[5810.400s][info][gc,start       ] GC(1499) Pause Cleanup
[5810.400s][info][gc             ] GC(1499) Pause Cleanup 503M->503M(512M) 0.278ms
[5810.400s][info][gc,cpu         ] GC(1499) User=0.00s Sys=0.00s Real=0.00s
[5810.400s][info][gc,marking     ] GC(1499) Concurrent Cleanup for Next Mark
[5810.401s][info][gc,marking     ] GC(1499) Concurrent Cleanup for Next Mark 0.609ms
[5810.401s][info][gc             ] GC(1499) Concurrent Cycle 659.868ms
[5829.735s][info][gc,start       ] GC(1500) Pause Young (Normal) (G1 Evacuation Pause)
[5829.735s][info][gc,task        ] GC(1500) Using 8 workers of 8 for evacuation
[5829.736s][info][gc             ] GC(1500) To-space exhausted
[5829.736s][info][gc,phases      ] GC(1500)   Pre Evacuate Collection Set: 0.1ms
[5829.736s][info][gc,phases      ] GC(1500)   Merge Heap Roots: 0.0ms
[5829.736s][info][gc,phases      ] GC(1500)   Evacuate Collection Set: 0.3ms
[5829.736s][info][gc,phases      ] GC(1500)   Post Evacuate Collection Set: 0.5ms
[5829.736s][info][gc,phases      ] GC(1500)   Other: 0.1ms
[5829.736s][info][gc,heap        ] GC(1500) Eden regions: 4->0(25)
[5829.736s][info][gc,heap        ] GC(1500) Survivor regions: 0->0(0)
[5829.736s][info][gc,heap        ] GC(1500) Old regions: 495->498
[5829.736s][info][gc,heap        ] GC(1500) Archive regions: 2->2
[5829.736s][info][gc,heap        ] GC(1500) Humongous regions: 11->11
[5829.736s][info][gc,metaspace   ] GC(1500) Metaspace: 48846K(50128K)->48846K(50128K) NonClass: 42999K(43856K)->42999K(43856K) Class: 5847K(6272K)->5847K(6272K)
[5829.736s][info][gc             ] GC(1500) Pause Young (Normal) (G1 Evacuation Pause) 507M->506M(512M) 1.221ms
[5829.736s][info][gc,cpu         ] GC(1500) User=0.01s Sys=0.00s Real=0.00s
[5833.737s][info][gc,start       ] GC(1501) Pause Young (Concurrent Start) (G1 Evacuation Pause)
[5833.737s][info][gc,task        ] GC(1501) Using 8 workers of 8 for evacuation
[5833.738s][info][gc             ] GC(1501) To-space exhausted
[5833.738s][info][gc,phases      ] GC(1501)   Pre Evacuate Collection Set: 0.1ms
[5833.738s][info][gc,phases      ] GC(1501)   Merge Heap Roots: 0.0ms
[5833.738s][info][gc,phases      ] GC(1501)   Evacuate Collection Set: 0.4ms
[5833.738s][info][gc,phases      ] GC(1501)   Post Evacuate Collection Set: 0.5ms
[5833.738s][info][gc,phases      ] GC(1501)   Other: 0.1ms
[5833.738s][info][gc,heap        ] GC(1501) Eden regions: 1->0(25)
[5833.738s][info][gc,heap        ] GC(1501) Survivor regions: 0->0(0)
[5833.738s][info][gc,heap        ] GC(1501) Old regions: 498->499
[5833.738s][info][gc,heap        ] GC(1501) Archive regions: 2->2
[5833.738s][info][gc,heap        ] GC(1501) Humongous regions: 11->11
[5833.738s][info][gc,metaspace   ] GC(1501) Metaspace: 48846K(50128K)->48846K(50128K) NonClass: 42999K(43856K)->42999K(43856K) Class: 5847K(6272K)->5847K(6272K)
[5833.738s][info][gc             ] GC(1501) Pause Young (Concurrent Start) (G1 Evacuation Pause) 507M->507M(512M) 1.210ms
[5833.738s][info][gc,cpu         ] GC(1501) User=0.00s Sys=0.00s Real=0.00s
[5833.738s][info][gc,ergo        ] Attempting maximally compacting collection
[5833.738s][info][gc,task        ] GC(1502) Using 8 workers of 8 for full compaction
[5833.739s][info][gc,start       ] GC(1502) Pause Full (G1 Evacuation Pause)
[5833.739s][info][gc             ] GC(1503) Concurrent Cycle
[5833.739s][info][gc,marking     ] GC(1503) Concurrent Clear Claimed Marks
[5833.739s][info][gc,marking     ] GC(1503) Concurrent Clear Claimed Marks 0.083ms
[5833.739s][info][gc,marking     ] GC(1503) Concurrent Scan Root Regions
[5833.739s][info][gc,marking     ] GC(1503) Concurrent Scan Root Regions 0.026ms
[5833.739s][info][gc,marking     ] GC(1503) Concurrent Mark (5833.739s)
[5833.739s][info][gc,marking     ] GC(1503) Concurrent Mark From Roots
[5833.739s][info][gc,task        ] GC(1503) Using 2 workers of 2 for marking
[5833.739s][info][gc,phases,start] GC(1502) Phase 1: Mark live objects
[5833.933s][info][gc,phases      ] GC(1502) Phase 1: Mark live objects 193.981ms
[5833.933s][info][gc,phases,start] GC(1502) Phase 2: Prepare for compaction
[5833.963s][info][gc,phases      ] GC(1502) Phase 2: Prepare for compaction 29.911ms
[5833.963s][info][gc,phases,start] GC(1502) Phase 3: Adjust pointers
[5834.025s][info][gc,phases      ] GC(1502) Phase 3: Adjust pointers 62.253ms
[5834.025s][info][gc,phases,start] GC(1502) Phase 4: Compact heap
[5834.055s][info][gc,phases      ] GC(1502) Phase 4: Compact heap 29.483ms
[5834.059s][info][gc,heap        ] GC(1502) Eden regions: 0->0(25)
[5834.059s][info][gc,heap        ] GC(1502) Survivor regions: 0->0(0)
[5834.059s][info][gc,heap        ] GC(1502) Old regions: 499->490
[5834.059s][info][gc,heap        ] GC(1502) Archive regions: 2->2
[5834.059s][info][gc,heap        ] GC(1502) Humongous regions: 11->11
[5834.059s][info][gc,metaspace   ] GC(1502) Metaspace: 48846K(50128K)->48796K(50128K) NonClass: 42999K(43856K)->42956K(43856K) Class: 5847K(6272K)->5839K(6272K)
[5834.059s][info][gc             ] GC(1502) Pause Full (G1 Evacuation Pause) 507M->498M(512M) 320.096ms
[5834.060s][info][gc,cpu         ] GC(1502) User=2.36s Sys=0.06s Real=0.32s
[5834.060s][info][gc,marking     ] GC(1503) Concurrent Mark From Roots 320.993ms
[5834.060s][info][gc,marking     ] GC(1503) Concurrent Mark Abort
[5834.060s][info][gc             ] GC(1503) Concurrent Cycle 321.255ms
[5877.737s][info][gc,start       ] GC(1504) Pause Young (Normal) (G1 Evacuation Pause)
[5877.737s][info][gc,task        ] GC(1504) Using 8 workers of 8 for evacuation
[5877.739s][info][gc             ] GC(1504) To-space exhausted
[5877.739s][info][gc,phases      ] GC(1504)   Pre Evacuate Collection Set: 0.1ms
[5877.739s][info][gc,phases      ] GC(1504)   Merge Heap Roots: 0.0ms
[5877.739s][info][gc,phases      ] GC(1504)   Evacuate Collection Set: 0.2ms
[5877.739s][info][gc,phases      ] GC(1504)   Post Evacuate Collection Set: 0.9ms
[5877.739s][info][gc,phases      ] GC(1504)   Other: 1.0ms
[5877.739s][info][gc,heap        ] GC(1504) Eden regions: 9->0(25)
[5877.739s][info][gc,heap        ] GC(1504) Survivor regions: 0->0(0)
[5877.739s][info][gc,heap        ] GC(1504) Old regions: 490->494
[5877.739s][info][gc,heap        ] GC(1504) Archive regions: 2->2
[5877.739s][info][gc,heap        ] GC(1504) Humongous regions: 11->11
[5877.739s][info][gc,metaspace   ] GC(1504) Metaspace: 48847K(50128K)->48847K(50128K) NonClass: 42999K(43856K)->42999K(43856K) Class: 5847K(6272K)->5847K(6272K)
[5877.739s][info][gc             ] GC(1504) Pause Young (Normal) (G1 Evacuation Pause) 507M->502M(512M) 2.270ms
[5877.739s][info][gc,cpu         ] GC(1504) User=0.00s Sys=0.00s Real=0.00s
[5903.732s][info][gc,start       ] GC(1505) Pause Young (Concurrent Start) (G1 Evacuation Pause)
[5903.732s][info][gc,task        ] GC(1505) Using 8 workers of 8 for evacuation
[5903.734s][info][gc             ] GC(1505) To-space exhausted
[5903.734s][info][gc,phases      ] GC(1505)   Pre Evacuate Collection Set: 0.1ms
[5903.734s][info][gc,phases      ] GC(1505)   Merge Heap Roots: 0.0ms
[5903.734s][info][gc,phases      ] GC(1505)   Evacuate Collection Set: 0.6ms
[5903.734s][info][gc,phases      ] GC(1505)   Post Evacuate Collection Set: 0.8ms
[5903.734s][info][gc,phases      ] GC(1505)   Other: 0.2ms
[5903.734s][info][gc,heap        ] GC(1505) Eden regions: 5->0(25)
[5903.734s][info][gc,heap        ] GC(1505) Survivor regions: 0->0(0)
[5903.734s][info][gc,heap        ] GC(1505) Old regions: 494->498
[5903.734s][info][gc,heap        ] GC(1505) Archive regions: 2->2
[5903.734s][info][gc,heap        ] GC(1505) Humongous regions: 11->11
[5903.734s][info][gc,metaspace   ] GC(1505) Metaspace: 48847K(50128K)->48847K(50128K) NonClass: 42999K(43856K)->42999K(43856K) Class: 5847K(6272K)->5847K(6272K)
[5903.734s][info][gc             ] GC(1505) Pause Young (Concurrent Start) (G1 Evacuation Pause) 507M->506M(512M) 1.790ms
[5903.734s][info][gc,cpu         ] GC(1505) User=0.00s Sys=0.00s Real=0.00s
[5903.734s][info][gc             ] GC(1506) Concurrent Cycle
[5903.734s][info][gc,marking     ] GC(1506) Concurrent Clear Claimed Marks
[5903.734s][info][gc,marking     ] GC(1506) Concurrent Clear Claimed Marks 0.025ms
[5903.734s][info][gc,marking     ] GC(1506) Concurrent Scan Root Regions
[5903.734s][info][gc,marking     ] GC(1506) Concurrent Scan Root Regions 0.008ms
[5903.734s][info][gc,marking     ] GC(1506) Concurrent Mark (5903.734s)
[5903.734s][info][gc,marking     ] GC(1506) Concurrent Mark From Roots
[5903.734s][info][gc,task        ] GC(1506) Using 2 workers of 2 for marking
[5904.130s][info][gc,marking     ] GC(1506) Concurrent Mark From Roots 396.520ms
[5904.130s][info][gc,marking     ] GC(1506) Concurrent Preclean
[5904.131s][info][gc,marking     ] GC(1506) Concurrent Preclean 0.066ms
[5904.131s][info][gc,marking     ] GC(1506) Concurrent Mark (5903.734s, 5904.131s) 396.642ms
[5904.131s][info][gc,start       ] GC(1506) Pause Remark
[5904.133s][info][gc             ] GC(1506) Pause Remark 507M->506M(512M) 2.817ms
[5904.133s][info][gc,cpu         ] GC(1506) User=0.01s Sys=0.00s Real=0.00s
[5904.134s][info][gc,marking     ] GC(1506) Concurrent Rebuild Remembered Sets
[5904.379s][info][gc,marking     ] GC(1506) Concurrent Rebuild Remembered Sets 245.586ms
[5904.380s][info][gc,start       ] GC(1506) Pause Cleanup
[5904.380s][info][gc             ] GC(1506) Pause Cleanup 506M->506M(512M) 0.335ms
[5904.380s][info][gc,cpu         ] GC(1506) User=0.00s Sys=0.00s Real=0.00s
[5904.380s][info][gc,marking     ] GC(1506) Concurrent Cleanup for Next Mark
[5904.381s][info][gc,marking     ] GC(1506) Concurrent Cleanup for Next Mark 0.658ms
[5904.381s][info][gc             ] GC(1506) Concurrent Cycle 647.209ms
[5912.735s][info][gc,start       ] GC(1507) Pause Young (Normal) (G1 Evacuation Pause)
[5912.735s][info][gc,task        ] GC(1507) Using 8 workers of 8 for evacuation
[5912.736s][info][gc             ] GC(1507) To-space exhausted
[5912.736s][info][gc,phases      ] GC(1507)   Pre Evacuate Collection Set: 0.1ms
[5912.736s][info][gc,phases      ] GC(1507)   Merge Heap Roots: 0.0ms
[5912.736s][info][gc,phases      ] GC(1507)   Evacuate Collection Set: 0.2ms
[5912.736s][info][gc,phases      ] GC(1507)   Post Evacuate Collection Set: 0.5ms
[5912.736s][info][gc,phases      ] GC(1507)   Other: 0.1ms
[5912.736s][info][gc,heap        ] GC(1507) Eden regions: 2->0(25)
[5912.736s][info][gc,heap        ] GC(1507) Survivor regions: 0->0(0)
[5912.736s][info][gc,heap        ] GC(1507) Old regions: 497->499
[5912.736s][info][gc,heap        ] GC(1507) Archive regions: 2->2
[5912.736s][info][gc,heap        ] GC(1507) Humongous regions: 11->11
[5912.736s][info][gc,metaspace   ] GC(1507) Metaspace: 48845K(50128K)->48845K(50128K) NonClass: 42998K(43856K)->42998K(43856K) Class: 5846K(6272K)->5846K(6272K)
[5912.736s][info][gc             ] GC(1507) Pause Young (Normal) (G1 Evacuation Pause) 507M->507M(512M) 1.005ms
[5912.736s][info][gc,cpu         ] GC(1507) User=0.00s Sys=0.00s Real=0.00s
[5912.736s][info][gc,ergo        ] Attempting maximally compacting collection
[5912.736s][info][gc,task        ] GC(1508) Using 8 workers of 8 for full compaction
[5912.736s][info][gc,start       ] GC(1508) Pause Full (G1 Evacuation Pause)
[5912.736s][info][gc,phases,start] GC(1508) Phase 1: Mark live objects
[5912.931s][info][gc,phases      ] GC(1508) Phase 1: Mark live objects 195.149ms
[5912.931s][info][gc,phases,start] GC(1508) Phase 2: Prepare for compaction
[5912.959s][info][gc,phases      ] GC(1508) Phase 2: Prepare for compaction 27.824ms
[5912.959s][info][gc,phases,start] GC(1508) Phase 3: Adjust pointers
[5913.019s][info][gc,phases      ] GC(1508) Phase 3: Adjust pointers 59.734ms
[5913.019s][info][gc,phases,start] GC(1508) Phase 4: Compact heap
[5913.047s][info][gc,phases      ] GC(1508) Phase 4: Compact heap 28.608ms
[5913.051s][info][gc,heap        ] GC(1508) Eden regions: 0->0(25)
[5913.051s][info][gc,heap        ] GC(1508) Survivor regions: 0->0(0)
[5913.051s][info][gc,heap        ] GC(1508) Old regions: 499->490
[5913.051s][info][gc,heap        ] GC(1508) Archive regions: 2->2
[5913.051s][info][gc,heap        ] GC(1508) Humongous regions: 11->11
[5913.051s][info][gc,metaspace   ] GC(1508) Metaspace: 48845K(50128K)->48797K(50128K) NonClass: 42998K(43856K)->42957K(43856K) Class: 5846K(6272K)->5839K(6272K)
[5913.051s][info][gc             ] GC(1508) Pause Full (G1 Evacuation Pause) 507M->498M(512M) 315.002ms
[5913.052s][info][gc,cpu         ] GC(1508) User=2.30s Sys=0.07s Real=0.32s
[5956.732s][info][gc,start       ] GC(1509) Pause Young (Concurrent Start) (G1 Evacuation Pause)
[5956.732s][info][gc,task        ] GC(1509) Using 8 workers of 8 for evacuation
[5956.734s][info][gc             ] GC(1509) To-space exhausted
[5956.734s][info][gc,phases      ] GC(1509)   Pre Evacuate Collection Set: 0.1ms
[5956.734s][info][gc,phases      ] GC(1509)   Merge Heap Roots: 0.0ms
[5956.734s][info][gc,phases      ] GC(1509)   Evacuate Collection Set: 0.5ms
[5956.734s][info][gc,phases      ] GC(1509)   Post Evacuate Collection Set: 0.7ms
[5956.734s][info][gc,phases      ] GC(1509)   Other: 0.1ms
[5956.734s][info][gc,heap        ] GC(1509) Eden regions: 9->0(25)
[5956.734s][info][gc,heap        ] GC(1509) Survivor regions: 0->0(0)
[5956.734s][info][gc,heap        ] GC(1509) Old regions: 490->494
[5956.734s][info][gc,heap        ] GC(1509) Archive regions: 2->2
[5956.734s][info][gc,heap        ] GC(1509) Humongous regions: 11->11
[5956.734s][info][gc,metaspace   ] GC(1509) Metaspace: 48845K(50128K)->48845K(50128K) NonClass: 42998K(43856K)->42998K(43856K) Class: 5846K(6272K)->5846K(6272K)
[5956.734s][info][gc             ] GC(1509) Pause Young (Concurrent Start) (G1 Evacuation Pause) 507M->502M(512M) 1.487ms
[5956.734s][info][gc,cpu         ] GC(1509) User=0.00s Sys=0.00s Real=0.00s
[5956.734s][info][gc             ] GC(1510) Concurrent Cycle
[5956.734s][info][gc,marking     ] GC(1510) Concurrent Clear Claimed Marks
[5956.734s][info][gc,marking     ] GC(1510) Concurrent Clear Claimed Marks 0.023ms
[5956.734s][info][gc,marking     ] GC(1510) Concurrent Scan Root Regions
[5956.734s][info][gc,marking     ] GC(1510) Concurrent Scan Root Regions 0.018ms
[5956.734s][info][gc,marking     ] GC(1510) Concurrent Mark (5956.734s)
[5956.734s][info][gc,marking     ] GC(1510) Concurrent Mark From Roots
[5956.734s][info][gc,task        ] GC(1510) Using 2 workers of 2 for marking
[5957.196s][info][gc,marking     ] GC(1510) Concurrent Mark From Roots 462.423ms
[5957.197s][info][gc,marking     ] GC(1510) Concurrent Preclean
[5957.197s][info][gc,marking     ] GC(1510) Concurrent Preclean 0.069ms
[5957.197s][info][gc,marking     ] GC(1510) Concurrent Mark (5956.734s, 5957.197s) 462.552ms
[5957.197s][info][gc,start       ] GC(1510) Pause Remark
[5957.198s][info][gc             ] GC(1510) Pause Remark 502M->502M(512M) 1.194ms
[5957.198s][info][gc,cpu         ] GC(1510) User=0.01s Sys=0.00s Real=0.00s
[5957.198s][info][gc,marking     ] GC(1510) Concurrent Rebuild Remembered Sets
[5957.462s][info][gc,marking     ] GC(1510) Concurrent Rebuild Remembered Sets 263.978ms
[5957.463s][info][gc,start       ] GC(1510) Pause Cleanup
[5957.464s][info][gc             ] GC(1510) Pause Cleanup 502M->502M(512M) 0.846ms
[5957.464s][info][gc,cpu         ] GC(1510) User=0.00s Sys=0.00s Real=0.00s
[5957.464s][info][gc,marking     ] GC(1510) Concurrent Cleanup for Next Mark
[5957.466s][info][gc,marking     ] GC(1510) Concurrent Cleanup for Next Mark 1.280ms
[5957.466s][info][gc             ] GC(1510) Concurrent Cycle 731.782ms
[5987.733s][info][gc,start       ] GC(1511) Pause Young (Normal) (G1 Evacuation Pause)
[5987.733s][info][gc,task        ] GC(1511) Using 8 workers of 8 for evacuation
[5987.734s][info][gc             ] GC(1511) To-space exhausted
[5987.734s][info][gc,phases      ] GC(1511)   Pre Evacuate Collection Set: 0.0ms
[5987.734s][info][gc,phases      ] GC(1511)   Merge Heap Roots: 0.0ms
[5987.734s][info][gc,phases      ] GC(1511)   Evacuate Collection Set: 0.3ms
[5987.734s][info][gc,phases      ] GC(1511)   Post Evacuate Collection Set: 0.5ms
[5987.734s][info][gc,phases      ] GC(1511)   Other: 0.1ms
[5987.734s][info][gc,heap        ] GC(1511) Eden regions: 6->0(25)
[5987.734s][info][gc,heap        ] GC(1511) Survivor regions: 0->0(0)
[5987.734s][info][gc,heap        ] GC(1511) Old regions: 493->496
[5987.734s][info][gc,heap        ] GC(1511) Archive regions: 2->2
[5987.734s][info][gc,heap        ] GC(1511) Humongous regions: 11->11
[5987.734s][info][gc,metaspace   ] GC(1511) Metaspace: 48845K(50128K)->48845K(50128K) NonClass: 42998K(43856K)->42998K(43856K) Class: 5846K(6272K)->5846K(6272K)
[5987.734s][info][gc             ] GC(1511) Pause Young (Normal) (G1 Evacuation Pause) 508M->505M(512M) 1.013ms
[5987.734s][info][gc,cpu         ] GC(1511) User=0.01s Sys=0.00s Real=0.00s
[6001.736s][info][gc,start       ] GC(1512) Pause Young (Concurrent Start) (G1 Evacuation Pause)
[6001.737s][info][gc,task        ] GC(1512) Using 8 workers of 8 for evacuation
[6001.738s][info][gc             ] GC(1512) To-space exhausted
[6001.739s][info][gc,phases      ] GC(1512)   Pre Evacuate Collection Set: 0.1ms
[6001.739s][info][gc,phases      ] GC(1512)   Merge Heap Roots: 0.0ms
[6001.739s][info][gc,phases      ] GC(1512)   Evacuate Collection Set: 0.4ms
[6001.739s][info][gc,phases      ] GC(1512)   Post Evacuate Collection Set: 0.5ms
[6001.739s][info][gc,phases      ] GC(1512)   Other: 1.1ms
[6001.739s][info][gc,heap        ] GC(1512) Eden regions: 3->0(25)
[6001.739s][info][gc,heap        ] GC(1512) Survivor regions: 0->0(0)
[6001.739s][info][gc,heap        ] GC(1512) Old regions: 496->498
[6001.739s][info][gc,heap        ] GC(1512) Archive regions: 2->2
[6001.739s][info][gc,heap        ] GC(1512) Humongous regions: 11->11
[6001.739s][info][gc,metaspace   ] GC(1512) Metaspace: 48845K(50128K)->48845K(50128K) NonClass: 42998K(43856K)->42998K(43856K) Class: 5846K(6272K)->5846K(6272K)
[6001.739s][info][gc             ] GC(1512) Pause Young (Concurrent Start) (G1 Evacuation Pause) 508M->507M(512M) 2.230ms
[6001.739s][info][gc,cpu         ] GC(1512) User=0.00s Sys=0.00s Real=0.01s
[6001.739s][info][gc             ] GC(1513) Concurrent Cycle
[6001.739s][info][gc,marking     ] GC(1513) Concurrent Clear Claimed Marks
[6001.739s][info][gc,marking     ] GC(1513) Concurrent Clear Claimed Marks 0.029ms
[6001.739s][info][gc,marking     ] GC(1513) Concurrent Scan Root Regions
[6001.739s][info][gc,marking     ] GC(1513) Concurrent Scan Root Regions 0.006ms
[6001.739s][info][gc,marking     ] GC(1513) Concurrent Mark (6001.739s)
[6001.739s][info][gc,marking     ] GC(1513) Concurrent Mark From Roots
[6001.739s][info][gc,task        ] GC(1513) Using 2 workers of 2 for marking
[6002.133s][info][gc,marking     ] GC(1513) Concurrent Mark From Roots 394.238ms
[6002.133s][info][gc,marking     ] GC(1513) Concurrent Preclean
[6002.133s][info][gc,marking     ] GC(1513) Concurrent Preclean 0.067ms
[6002.133s][info][gc,marking     ] GC(1513) Concurrent Mark (6001.739s, 6002.133s) 394.361ms
[6002.133s][info][gc,start       ] GC(1513) Pause Remark
[6002.136s][info][gc             ] GC(1513) Pause Remark 507M->503M(512M) 2.908ms
[6002.136s][info][gc,cpu         ] GC(1513) User=0.02s Sys=0.00s Real=0.00s
[6002.136s][info][gc,marking     ] GC(1513) Concurrent Rebuild Remembered Sets
[6002.379s][info][gc,marking     ] GC(1513) Concurrent Rebuild Remembered Sets 243.012ms
[6002.380s][info][gc,start       ] GC(1513) Pause Cleanup
[6002.380s][info][gc             ] GC(1513) Pause Cleanup 503M->503M(512M) 0.281ms
[6002.380s][info][gc,cpu         ] GC(1513) User=0.00s Sys=0.00s Real=0.00s
[6002.380s][info][gc,marking     ] GC(1513) Concurrent Cleanup for Next Mark
[6002.381s][info][gc,marking     ] GC(1513) Concurrent Cleanup for Next Mark 0.596ms
[6002.381s][info][gc             ] GC(1513) Concurrent Cycle 642.311ms
[6026.732s][info][gc,start       ] GC(1514) Pause Young (Normal) (G1 Evacuation Pause)
[6026.732s][info][gc,task        ] GC(1514) Using 8 workers of 8 for evacuation
[6026.734s][info][gc             ] GC(1514) To-space exhausted
[6026.734s][info][gc,phases      ] GC(1514)   Pre Evacuate Collection Set: 0.1ms
[6026.734s][info][gc,phases      ] GC(1514)   Merge Heap Roots: 0.0ms
[6026.734s][info][gc,phases      ] GC(1514)   Evacuate Collection Set: 0.3ms
[6026.734s][info][gc,phases      ] GC(1514)   Post Evacuate Collection Set: 0.7ms
[6026.734s][info][gc,phases      ] GC(1514)   Other: 0.1ms
[6026.734s][info][gc,heap        ] GC(1514) Eden regions: 5->0(25)
[6026.734s][info][gc,heap        ] GC(1514) Survivor regions: 0->0(0)
[6026.734s][info][gc,heap        ] GC(1514) Old regions: 494->498
[6026.734s][info][gc,heap        ] GC(1514) Archive regions: 2->2
[6026.734s][info][gc,heap        ] GC(1514) Humongous regions: 11->11
[6026.734s][info][gc,metaspace   ] GC(1514) Metaspace: 48856K(50128K)->48856K(50128K) NonClass: 43008K(43856K)->43008K(43856K) Class: 5848K(6272K)->5848K(6272K)
[6026.734s][info][gc             ] GC(1514) Pause Young (Normal) (G1 Evacuation Pause) 508M->507M(512M) 1.257ms
[6026.734s][info][gc,cpu         ] GC(1514) User=0.00s Sys=0.00s Real=0.00s
[6030.733s][info][gc,start       ] GC(1515) Pause Young (Concurrent Start) (G1 Evacuation Pause)
[6030.733s][info][gc,task        ] GC(1515) Using 8 workers of 8 for evacuation
[6030.734s][info][gc             ] GC(1515) To-space exhausted
[6030.734s][info][gc,phases      ] GC(1515)   Pre Evacuate Collection Set: 0.1ms
[6030.734s][info][gc,phases      ] GC(1515)   Merge Heap Roots: 0.1ms
[6030.734s][info][gc,phases      ] GC(1515)   Evacuate Collection Set: 0.5ms
[6030.734s][info][gc,phases      ] GC(1515)   Post Evacuate Collection Set: 0.5ms
[6030.734s][info][gc,phases      ] GC(1515)   Other: 0.2ms
[6030.734s][info][gc,heap        ] GC(1515) Eden regions: 1->0(25)
[6030.734s][info][gc,heap        ] GC(1515) Survivor regions: 0->0(0)
[6030.734s][info][gc,heap        ] GC(1515) Old regions: 498->499
[6030.734s][info][gc,heap        ] GC(1515) Archive regions: 2->2
[6030.734s][info][gc,heap        ] GC(1515) Humongous regions: 11->11
[6030.734s][info][gc,metaspace   ] GC(1515) Metaspace: 48856K(50128K)->48856K(50128K) NonClass: 43008K(43856K)->43008K(43856K) Class: 5848K(6272K)->5848K(6272K)
[6030.734s][info][gc             ] GC(1515) Pause Young (Concurrent Start) (G1 Evacuation Pause) 508M->508M(512M) 1.486ms
[6030.734s][info][gc,cpu         ] GC(1515) User=0.00s Sys=0.00s Real=0.00s
[6030.734s][info][gc,ergo        ] Attempting maximally compacting collection
[6030.734s][info][gc             ] GC(1516) Concurrent Cycle
[6030.734s][info][gc,task        ] GC(1517) Using 8 workers of 8 for full compaction
[6030.734s][info][gc,marking     ] GC(1516) Concurrent Clear Claimed Marks
[6030.734s][info][gc,start       ] GC(1517) Pause Full (G1 Evacuation Pause)
[6030.734s][info][gc,marking     ] GC(1516) Concurrent Clear Claimed Marks 0.048ms
[6030.734s][info][gc,marking     ] GC(1516) Concurrent Scan Root Regions
[6030.734s][info][gc,marking     ] GC(1516) Concurrent Scan Root Regions 0.009ms
[6030.734s][info][gc,marking     ] GC(1516) Concurrent Mark (6030.734s)
[6030.734s][info][gc,marking     ] GC(1516) Concurrent Mark From Roots
[6030.734s][info][gc,task        ] GC(1516) Using 2 workers of 2 for marking
[6030.735s][info][gc,phases,start] GC(1517) Phase 1: Mark live objects
[6030.938s][info][gc,phases      ] GC(1517) Phase 1: Mark live objects 203.067ms
[6030.938s][info][gc,phases,start] GC(1517) Phase 2: Prepare for compaction
[6030.966s][info][gc,phases      ] GC(1517) Phase 2: Prepare for compaction 28.286ms
[6030.966s][info][gc,phases,start] GC(1517) Phase 3: Adjust pointers
[6031.027s][info][gc,phases      ] GC(1517) Phase 3: Adjust pointers 60.478ms
[6031.027s][info][gc,phases,start] GC(1517) Phase 4: Compact heap
[6031.054s][info][gc,phases      ] GC(1517) Phase 4: Compact heap 26.677ms
[6031.057s][info][gc,heap        ] GC(1517) Eden regions: 0->0(25)
[6031.057s][info][gc,heap        ] GC(1517) Survivor regions: 0->0(0)
[6031.057s][info][gc,heap        ] GC(1517) Old regions: 499->490
[6031.057s][info][gc,heap        ] GC(1517) Archive regions: 2->2
[6031.057s][info][gc,heap        ] GC(1517) Humongous regions: 11->11
[6031.057s][info][gc,metaspace   ] GC(1517) Metaspace: 48856K(50128K)->48797K(50128K) NonClass: 43008K(43856K)->42957K(43856K) Class: 5848K(6272K)->5839K(6272K)
[6031.057s][info][gc             ] GC(1517) Pause Full (G1 Evacuation Pause) 508M->498M(512M) 323.062ms
[6031.058s][info][gc,cpu         ] GC(1517) User=2.33s Sys=0.05s Real=0.33s
[6031.058s][info][gc,marking     ] GC(1516) Concurrent Mark From Roots 323.932ms
[6031.058s][info][gc,marking     ] GC(1516) Concurrent Mark Abort
[6031.058s][info][gc             ] GC(1516) Concurrent Cycle 324.138ms
[6074.735s][info][gc,start       ] GC(1518) Pause Young (Normal) (G1 Evacuation Pause)
[6074.735s][info][gc,task        ] GC(1518) Using 8 workers of 8 for evacuation
[6074.736s][info][gc             ] GC(1518) To-space exhausted
[6074.736s][info][gc,phases      ] GC(1518)   Pre Evacuate Collection Set: 0.1ms
[6074.736s][info][gc,phases      ] GC(1518)   Merge Heap Roots: 0.0ms
[6074.736s][info][gc,phases      ] GC(1518)   Evacuate Collection Set: 0.2ms
[6074.736s][info][gc,phases      ] GC(1518)   Post Evacuate Collection Set: 0.6ms
[6074.737s][info][gc,phases      ] GC(1518)   Other: 0.1ms
[6074.737s][info][gc,heap        ] GC(1518) Eden regions: 9->0(25)
[6074.737s][info][gc,heap        ] GC(1518) Survivor regions: 0->0(0)
[6074.737s][info][gc,heap        ] GC(1518) Old regions: 490->493
[6074.737s][info][gc,heap        ] GC(1518) Archive regions: 2->2
[6074.737s][info][gc,heap        ] GC(1518) Humongous regions: 11->11
[6074.737s][info][gc,metaspace   ] GC(1518) Metaspace: 48845K(50128K)->48845K(50128K) NonClass: 42998K(43856K)->42998K(43856K) Class: 5846K(6272K)->5846K(6272K)
[6074.737s][info][gc             ] GC(1518) Pause Young (Normal) (G1 Evacuation Pause) 507M->501M(512M) 1.124ms
[6074.737s][info][gc,cpu         ] GC(1518) User=0.00s Sys=0.00s Real=0.01s
[6105.732s][info][gc,start       ] GC(1519) Pause Young (Concurrent Start) (G1 Evacuation Pause)
[6105.732s][info][gc,task        ] GC(1519) Using 8 workers of 8 for evacuation
[6105.733s][info][gc             ] GC(1519) To-space exhausted
[6105.734s][info][gc,phases      ] GC(1519)   Pre Evacuate Collection Set: 0.1ms
[6105.734s][info][gc,phases      ] GC(1519)   Merge Heap Roots: 0.0ms
[6105.734s][info][gc,phases      ] GC(1519)   Evacuate Collection Set: 0.5ms
[6105.734s][info][gc,phases      ] GC(1519)   Post Evacuate Collection Set: 0.7ms
[6105.734s][info][gc,phases      ] GC(1519)   Other: 0.2ms
[6105.734s][info][gc,heap        ] GC(1519) Eden regions: 6->0(25)
[6105.734s][info][gc,heap        ] GC(1519) Survivor regions: 0->0(0)
[6105.734s][info][gc,heap        ] GC(1519) Old regions: 493->496
[6105.734s][info][gc,heap        ] GC(1519) Archive regions: 2->2
[6105.734s][info][gc,heap        ] GC(1519) Humongous regions: 11->11
[6105.734s][info][gc,metaspace   ] GC(1519) Metaspace: 48845K(50128K)->48845K(50128K) NonClass: 42998K(43856K)->42998K(43856K) Class: 5846K(6272K)->5846K(6272K)
[6105.734s][info][gc             ] GC(1519) Pause Young (Concurrent Start) (G1 Evacuation Pause) 507M->504M(512M) 1.624ms
[6105.734s][info][gc,cpu         ] GC(1519) User=0.00s Sys=0.00s Real=0.00s
[6105.734s][info][gc             ] GC(1520) Concurrent Cycle
[6105.734s][info][gc,marking     ] GC(1520) Concurrent Clear Claimed Marks
[6105.734s][info][gc,marking     ] GC(1520) Concurrent Clear Claimed Marks 0.025ms
[6105.734s][info][gc,marking     ] GC(1520) Concurrent Scan Root Regions
[6105.734s][info][gc,marking     ] GC(1520) Concurrent Scan Root Regions 0.006ms
[6105.734s][info][gc,marking     ] GC(1520) Concurrent Mark (6105.734s)
[6105.734s][info][gc,marking     ] GC(1520) Concurrent Mark From Roots
[6105.734s][info][gc,task        ] GC(1520) Using 2 workers of 2 for marking
[6106.130s][info][gc,marking     ] GC(1520) Concurrent Mark From Roots 396.068ms
[6106.130s][info][gc,marking     ] GC(1520) Concurrent Preclean
[6106.130s][info][gc,marking     ] GC(1520) Concurrent Preclean 0.066ms
[6106.130s][info][gc,marking     ] GC(1520) Concurrent Mark (6105.734s, 6106.130s) 396.191ms
[6106.130s][info][gc,start       ] GC(1520) Pause Remark
[6106.131s][info][gc             ] GC(1520) Pause Remark 504M->504M(512M) 1.134ms
[6106.131s][info][gc,cpu         ] GC(1520) User=0.01s Sys=0.00s Real=0.00s
[6106.131s][info][gc,marking     ] GC(1520) Concurrent Rebuild Remembered Sets
[6106.375s][info][gc,marking     ] GC(1520) Concurrent Rebuild Remembered Sets 244.127ms
[6106.376s][info][gc,start       ] GC(1520) Pause Cleanup
[6106.376s][info][gc             ] GC(1520) Pause Cleanup 504M->504M(512M) 0.294ms
[6106.376s][info][gc,cpu         ] GC(1520) User=0.01s Sys=0.00s Real=0.00s
[6106.377s][info][gc,marking     ] GC(1520) Concurrent Cleanup for Next Mark
[6106.377s][info][gc,marking     ] GC(1520) Concurrent Cleanup for Next Mark 0.591ms
[6106.377s][info][gc             ] GC(1520) Concurrent Cycle 643.466ms
[6119.736s][info][gc,start       ] GC(1521) Pause Young (Normal) (G1 Evacuation Pause)
[6119.736s][info][gc,task        ] GC(1521) Using 8 workers of 8 for evacuation
[6119.737s][info][gc             ] GC(1521) To-space exhausted
[6119.737s][info][gc,phases      ] GC(1521)   Pre Evacuate Collection Set: 0.1ms
[6119.737s][info][gc,phases      ] GC(1521)   Merge Heap Roots: 0.0ms
[6119.737s][info][gc,phases      ] GC(1521)   Evacuate Collection Set: 0.2ms
[6119.737s][info][gc,phases      ] GC(1521)   Post Evacuate Collection Set: 0.5ms
[6119.737s][info][gc,phases      ] GC(1521)   Other: 0.1ms
[6119.737s][info][gc,heap        ] GC(1521) Eden regions: 3->0(25)
[6119.737s][info][gc,heap        ] GC(1521) Survivor regions: 0->0(0)
[6119.737s][info][gc,heap        ] GC(1521) Old regions: 496->498
[6119.737s][info][gc,heap        ] GC(1521) Archive regions: 2->2
[6119.737s][info][gc,heap        ] GC(1521) Humongous regions: 11->11
[6119.737s][info][gc,metaspace   ] GC(1521) Metaspace: 48845K(50128K)->48845K(50128K) NonClass: 42998K(43856K)->42998K(43856K) Class: 5846K(6272K)->5846K(6272K)
[6119.737s][info][gc             ] GC(1521) Pause Young (Normal) (G1 Evacuation Pause) 507M->506M(512M) 0.962ms
[6119.737s][info][gc,cpu         ] GC(1521) User=0.00s Sys=0.00s Real=0.01s
[6124.736s][info][gc,start       ] GC(1522) Pause Young (Concurrent Start) (G1 Evacuation Pause)
[6124.736s][info][gc,task        ] GC(1522) Using 8 workers of 8 for evacuation
[6124.737s][info][gc             ] GC(1522) To-space exhausted
[6124.737s][info][gc,phases      ] GC(1522)   Pre Evacuate Collection Set: 0.1ms
[6124.737s][info][gc,phases      ] GC(1522)   Merge Heap Roots: 0.1ms
[6124.737s][info][gc,phases      ] GC(1522)   Evacuate Collection Set: 0.5ms
[6124.737s][info][gc,phases      ] GC(1522)   Post Evacuate Collection Set: 0.6ms
[6124.737s][info][gc,phases      ] GC(1522)   Other: 0.2ms
[6124.737s][info][gc,heap        ] GC(1522) Eden regions: 1->0(25)
[6124.737s][info][gc,heap        ] GC(1522) Survivor regions: 0->0(0)
[6124.737s][info][gc,heap        ] GC(1522) Old regions: 498->499
[6124.737s][info][gc,heap        ] GC(1522) Archive regions: 2->2
[6124.737s][info][gc,heap        ] GC(1522) Humongous regions: 11->11
[6124.737s][info][gc,metaspace   ] GC(1522) Metaspace: 48845K(50128K)->48845K(50128K) NonClass: 42998K(43856K)->42998K(43856K) Class: 5846K(6272K)->5846K(6272K)
[6124.737s][info][gc             ] GC(1522) Pause Young (Concurrent Start) (G1 Evacuation Pause) 507M->507M(512M) 1.454ms
[6124.737s][info][gc,cpu         ] GC(1522) User=0.00s Sys=0.01s Real=0.01s
[6124.737s][info][gc,ergo        ] Attempting maximally compacting collection
[6124.738s][info][gc             ] GC(1523) Concurrent Cycle
[6124.738s][info][gc,task        ] GC(1524) Using 8 workers of 8 for full compaction
[6124.738s][info][gc,marking     ] GC(1523) Concurrent Clear Claimed Marks
[6124.738s][info][gc,start       ] GC(1524) Pause Full (G1 Evacuation Pause)
[6124.738s][info][gc,marking     ] GC(1523) Concurrent Clear Claimed Marks 0.061ms
[6124.738s][info][gc,marking     ] GC(1523) Concurrent Scan Root Regions
[6124.738s][info][gc,marking     ] GC(1523) Concurrent Scan Root Regions 0.017ms
[6124.738s][info][gc,marking     ] GC(1523) Concurrent Mark (6124.738s)
[6124.738s][info][gc,marking     ] GC(1523) Concurrent Mark From Roots
[6124.738s][info][gc,task        ] GC(1523) Using 2 workers of 2 for marking
[6124.738s][info][gc,phases,start] GC(1524) Phase 1: Mark live objects
[6124.936s][info][gc,phases      ] GC(1524) Phase 1: Mark live objects 197.423ms
[6124.936s][info][gc,phases,start] GC(1524) Phase 2: Prepare for compaction
[6124.967s][info][gc,phases      ] GC(1524) Phase 2: Prepare for compaction 31.081ms
[6124.967s][info][gc,phases,start] GC(1524) Phase 3: Adjust pointers
[6125.031s][info][gc,phases      ] GC(1524) Phase 3: Adjust pointers 63.836ms
[6125.031s][info][gc,phases,start] GC(1524) Phase 4: Compact heap
[6125.062s][info][gc,phases      ] GC(1524) Phase 4: Compact heap 31.714ms
[6125.066s][info][gc,heap        ] GC(1524) Eden regions: 0->0(25)
[6125.066s][info][gc,heap        ] GC(1524) Survivor regions: 0->0(0)
[6125.066s][info][gc,heap        ] GC(1524) Old regions: 499->489
[6125.066s][info][gc,heap        ] GC(1524) Archive regions: 2->2
[6125.066s][info][gc,heap        ] GC(1524) Humongous regions: 11->11
[6125.066s][info][gc,metaspace   ] GC(1524) Metaspace: 48845K(50128K)->48740K(50128K) NonClass: 42998K(43856K)->42908K(43856K) Class: 5846K(6272K)->5832K(6272K)
[6125.066s][info][gc             ] GC(1524) Pause Full (G1 Evacuation Pause) 507M->498M(512M) 328.292ms
[6125.067s][info][gc,cpu         ] GC(1524) User=2.33s Sys=0.06s Real=0.33s
[6125.067s][info][gc,marking     ] GC(1523) Concurrent Mark From Roots 329.107ms
[6125.067s][info][gc,marking     ] GC(1523) Concurrent Mark Abort
[6125.067s][info][gc             ] GC(1523) Concurrent Cycle 329.288ms
[6171.732s][info][gc,start       ] GC(1525) Pause Young (Normal) (G1 Evacuation Pause)
[6171.732s][info][gc,task        ] GC(1525) Using 8 workers of 8 for evacuation
[6171.734s][info][gc             ] GC(1525) To-space exhausted
[6171.734s][info][gc,phases      ] GC(1525)   Pre Evacuate Collection Set: 0.1ms
[6171.734s][info][gc,phases      ] GC(1525)   Merge Heap Roots: 0.0ms
[6171.734s][info][gc,phases      ] GC(1525)   Evacuate Collection Set: 0.2ms
[6171.734s][info][gc,phases      ] GC(1525)   Post Evacuate Collection Set: 0.8ms
[6171.734s][info][gc,phases      ] GC(1525)   Other: 0.1ms
[6171.734s][info][gc,heap        ] GC(1525) Eden regions: 10->0(25)
[6171.734s][info][gc,heap        ] GC(1525) Survivor regions: 0->0(0)
[6171.734s][info][gc,heap        ] GC(1525) Old regions: 489->493
[6171.734s][info][gc,heap        ] GC(1525) Archive regions: 2->2
[6171.734s][info][gc,heap        ] GC(1525) Humongous regions: 11->11
[6171.734s][info][gc,metaspace   ] GC(1525) Metaspace: 48847K(50128K)->48847K(50128K) NonClass: 43000K(43856K)->43000K(43856K) Class: 5847K(6272K)->5847K(6272K)
[6171.734s][info][gc             ] GC(1525) Pause Young (Normal) (G1 Evacuation Pause) 508M->502M(512M) 1.303ms
[6171.734s][info][gc,cpu         ] GC(1525) User=0.01s Sys=0.00s Real=0.00s
[6202.284s][info][gc,start       ] GC(1526) Pause Young (Concurrent Start) (G1 Evacuation Pause)
[6202.284s][info][gc,task        ] GC(1526) Using 8 workers of 8 for evacuation
[6202.285s][info][gc             ] GC(1526) To-space exhausted
[6202.285s][info][gc,phases      ] GC(1526)   Pre Evacuate Collection Set: 0.1ms
[6202.285s][info][gc,phases      ] GC(1526)   Merge Heap Roots: 0.0ms
[6202.285s][info][gc,phases      ] GC(1526)   Evacuate Collection Set: 0.5ms
[6202.285s][info][gc,phases      ] GC(1526)   Post Evacuate Collection Set: 0.6ms
[6202.285s][info][gc,phases      ] GC(1526)   Other: 0.2ms
[6202.285s][info][gc,heap        ] GC(1526) Eden regions: 6->0(25)
[6202.285s][info][gc,heap        ] GC(1526) Survivor regions: 0->0(0)
[6202.285s][info][gc,heap        ] GC(1526) Old regions: 493->496
[6202.285s][info][gc,heap        ] GC(1526) Archive regions: 2->2
[6202.285s][info][gc,heap        ] GC(1526) Humongous regions: 11->11
[6202.285s][info][gc,metaspace   ] GC(1526) Metaspace: 48848K(50128K)->48848K(50128K) NonClass: 43000K(43856K)->43000K(43856K) Class: 5847K(6272K)->5847K(6272K)
[6202.285s][info][gc             ] GC(1526) Pause Young (Concurrent Start) (G1 Evacuation Pause) 508M->505M(512M) 1.431ms
[6202.285s][info][gc,cpu         ] GC(1526) User=0.01s Sys=0.00s Real=0.00s
[6202.285s][info][gc             ] GC(1527) Concurrent Cycle
[6202.285s][info][gc,marking     ] GC(1527) Concurrent Clear Claimed Marks
[6202.285s][info][gc,marking     ] GC(1527) Concurrent Clear Claimed Marks 0.024ms
[6202.285s][info][gc,marking     ] GC(1527) Concurrent Scan Root Regions
[6202.285s][info][gc,marking     ] GC(1527) Concurrent Scan Root Regions 0.007ms
[6202.285s][info][gc,marking     ] GC(1527) Concurrent Mark (6202.285s)
[6202.285s][info][gc,marking     ] GC(1527) Concurrent Mark From Roots
[6202.285s][info][gc,task        ] GC(1527) Using 2 workers of 2 for marking
[6202.676s][info][gc,marking     ] GC(1527) Concurrent Mark From Roots 390.367ms
[6202.676s][info][gc,marking     ] GC(1527) Concurrent Preclean
[6202.676s][info][gc,marking     ] GC(1527) Concurrent Preclean 0.071ms
[6202.676s][info][gc,marking     ] GC(1527) Concurrent Mark (6202.285s, 6202.676s) 390.496ms
[6202.676s][info][gc,start       ] GC(1527) Pause Remark
[6202.680s][info][gc             ] GC(1527) Pause Remark 505M->504M(512M) 4.465ms
[6202.681s][info][gc,cpu         ] GC(1527) User=0.03s Sys=0.00s Real=0.01s
[6202.681s][info][gc,marking     ] GC(1527) Concurrent Rebuild Remembered Sets
[6202.925s][info][gc,marking     ] GC(1527) Concurrent Rebuild Remembered Sets 244.184ms
[6202.926s][info][gc,start       ] GC(1527) Pause Cleanup
[6202.926s][info][gc             ] GC(1527) Pause Cleanup 504M->504M(512M) 0.284ms
[6202.926s][info][gc,cpu         ] GC(1527) User=0.00s Sys=0.00s Real=0.00s
[6202.926s][info][gc,marking     ] GC(1527) Concurrent Cleanup for Next Mark
[6202.926s][info][gc,marking     ] GC(1527) Concurrent Cleanup for Next Mark 0.596ms
[6202.927s][info][gc             ] GC(1527) Concurrent Cycle 641.182ms
[6221.732s][info][gc,start       ] GC(1528) Pause Young (Normal) (G1 Evacuation Pause)
[6221.732s][info][gc,task        ] GC(1528) Using 8 workers of 8 for evacuation
[6221.733s][info][gc             ] GC(1528) To-space exhausted
[6221.733s][info][gc,phases      ] GC(1528)   Pre Evacuate Collection Set: 0.1ms
[6221.733s][info][gc,phases      ] GC(1528)   Merge Heap Roots: 0.0ms
[6221.733s][info][gc,phases      ] GC(1528)   Evacuate Collection Set: 0.2ms
[6221.733s][info][gc,phases      ] GC(1528)   Post Evacuate Collection Set: 0.5ms
[6221.733s][info][gc,phases      ] GC(1528)   Other: 0.1ms
[6221.733s][info][gc,heap        ] GC(1528) Eden regions: 4->0(25)
[6221.733s][info][gc,heap        ] GC(1528) Survivor regions: 0->0(0)
[6221.733s][info][gc,heap        ] GC(1528) Old regions: 495->499
[6221.733s][info][gc,heap        ] GC(1528) Archive regions: 2->2
[6221.733s][info][gc,heap        ] GC(1528) Humongous regions: 11->11
[6221.733s][info][gc,metaspace   ] GC(1528) Metaspace: 48845K(50128K)->48845K(50128K) NonClass: 42998K(43856K)->42998K(43856K) Class: 5846K(6272K)->5846K(6272K)
[6221.733s][info][gc             ] GC(1528) Pause Young (Normal) (G1 Evacuation Pause) 508M->508M(512M) 0.978ms
[6221.733s][info][gc,cpu         ] GC(1528) User=0.00s Sys=0.00s Real=0.00s
[6221.733s][info][gc,ergo        ] Attempting maximally compacting collection
[6221.733s][info][gc,task        ] GC(1529) Using 8 workers of 8 for full compaction
[6221.733s][info][gc,start       ] GC(1529) Pause Full (G1 Evacuation Pause)
[6221.734s][info][gc,phases,start] GC(1529) Phase 1: Mark live objects
[6221.964s][info][gc,phases      ] GC(1529) Phase 1: Mark live objects 230.735ms
[6221.964s][info][gc,phases,start] GC(1529) Phase 2: Prepare for compaction
[6221.995s][info][gc,phases      ] GC(1529) Phase 2: Prepare for compaction 30.334ms
[6221.995s][info][gc,phases,start] GC(1529) Phase 3: Adjust pointers
[6222.075s][info][gc,phases      ] GC(1529) Phase 3: Adjust pointers 79.877ms
[6222.075s][info][gc,phases,start] GC(1529) Phase 4: Compact heap
[6222.112s][info][gc,phases      ] GC(1529) Phase 4: Compact heap 37.215ms
[6222.116s][info][gc,heap        ] GC(1529) Eden regions: 0->0(25)
[6222.116s][info][gc,heap        ] GC(1529) Survivor regions: 0->0(0)
[6222.116s][info][gc,heap        ] GC(1529) Old regions: 499->488
[6222.116s][info][gc,heap        ] GC(1529) Archive regions: 2->2
[6222.116s][info][gc,heap        ] GC(1529) Humongous regions: 11->11
[6222.116s][info][gc,metaspace   ] GC(1529) Metaspace: 48845K(50128K)->48715K(50128K) NonClass: 42998K(43856K)->42886K(43856K) Class: 5846K(6272K)->5828K(6272K)
[6222.116s][info][gc             ] GC(1529) Pause Full (G1 Evacuation Pause) 508M->498M(512M) 382.616ms
[6222.117s][info][gc,cpu         ] GC(1529) User=2.31s Sys=0.08s Real=0.39s
[6272.300s][info][gc,start       ] GC(1530) Pause Young (Concurrent Start) (G1 Evacuation Pause)
[6272.301s][info][gc,task        ] GC(1530) Using 8 workers of 8 for evacuation
[6272.302s][info][gc             ] GC(1530) To-space exhausted
[6272.302s][info][gc,phases      ] GC(1530)   Pre Evacuate Collection Set: 0.1ms
[6272.302s][info][gc,phases      ] GC(1530)   Merge Heap Roots: 0.0ms
[6272.302s][info][gc,phases      ] GC(1530)   Evacuate Collection Set: 0.6ms
[6272.302s][info][gc,phases      ] GC(1530)   Post Evacuate Collection Set: 0.9ms
[6272.302s][info][gc,phases      ] GC(1530)   Other: 0.9ms
[6272.302s][info][gc,heap        ] GC(1530) Eden regions: 11->0(25)
[6272.302s][info][gc,heap        ] GC(1530) Survivor regions: 0->0(0)
[6272.302s][info][gc,heap        ] GC(1530) Old regions: 488->493
[6272.302s][info][gc,heap        ] GC(1530) Archive regions: 2->2
[6272.302s][info][gc,heap        ] GC(1530) Humongous regions: 11->11
[6272.302s][info][gc,metaspace   ] GC(1530) Metaspace: 48846K(50128K)->48846K(50128K) NonClass: 42999K(43856K)->42999K(43856K) Class: 5847K(6272K)->5847K(6272K)
[6272.302s][info][gc             ] GC(1530) Pause Young (Concurrent Start) (G1 Evacuation Pause) 509M->503M(512M) 2.573ms
[6272.302s][info][gc,cpu         ] GC(1530) User=0.01s Sys=0.00s Real=0.00s
[6272.302s][info][gc             ] GC(1531) Concurrent Cycle
[6272.302s][info][gc,marking     ] GC(1531) Concurrent Clear Claimed Marks
[6272.302s][info][gc,marking     ] GC(1531) Concurrent Clear Claimed Marks 0.026ms
[6272.302s][info][gc,marking     ] GC(1531) Concurrent Scan Root Regions
[6272.303s][info][gc,marking     ] GC(1531) Concurrent Scan Root Regions 0.007ms
[6272.303s][info][gc,marking     ] GC(1531) Concurrent Mark (6272.303s)
[6272.303s][info][gc,marking     ] GC(1531) Concurrent Mark From Roots
[6272.303s][info][gc,task        ] GC(1531) Using 2 workers of 2 for marking
[6272.694s][info][gc,marking     ] GC(1531) Concurrent Mark From Roots 391.579ms
[6272.694s][info][gc,marking     ] GC(1531) Concurrent Preclean
[6272.694s][info][gc,marking     ] GC(1531) Concurrent Preclean 0.061ms
[6272.694s][info][gc,marking     ] GC(1531) Concurrent Mark (6272.303s, 6272.694s) 391.696ms
[6272.694s][info][gc,start       ] GC(1531) Pause Remark
[6272.695s][info][gc             ] GC(1531) Pause Remark 503M->503M(512M) 1.070ms
[6272.695s][info][gc,cpu         ] GC(1531) User=0.01s Sys=0.00s Real=0.00s
[6272.695s][info][gc,marking     ] GC(1531) Concurrent Rebuild Remembered Sets
[6272.942s][info][gc,marking     ] GC(1531) Concurrent Rebuild Remembered Sets 246.441ms
[6272.943s][info][gc,start       ] GC(1531) Pause Cleanup
[6272.943s][info][gc             ] GC(1531) Pause Cleanup 503M->503M(512M) 0.331ms
[6272.943s][info][gc,cpu         ] GC(1531) User=0.00s Sys=0.00s Real=0.00s
[6272.943s][info][gc,marking     ] GC(1531) Concurrent Cleanup for Next Mark
[6272.944s][info][gc,marking     ] GC(1531) Concurrent Cleanup for Next Mark 0.614ms
[6272.944s][info][gc             ] GC(1531) Concurrent Cycle 641.317ms
[6302.734s][info][gc,start       ] GC(1532) Pause Young (Normal) (G1 Evacuation Pause)
[6302.734s][info][gc,task        ] GC(1532) Using 8 workers of 8 for evacuation
[6302.736s][info][gc             ] GC(1532) To-space exhausted
[6302.736s][info][gc,phases      ] GC(1532)   Pre Evacuate Collection Set: 0.1ms
[6302.736s][info][gc,phases      ] GC(1532)   Merge Heap Roots: 0.1ms
[6302.736s][info][gc,phases      ] GC(1532)   Evacuate Collection Set: 0.3ms
[6302.736s][info][gc,phases      ] GC(1532)   Post Evacuate Collection Set: 0.6ms
[6302.736s][info][gc,phases      ] GC(1532)   Other: 0.1ms
[6302.736s][info][gc,heap        ] GC(1532) Eden regions: 6->0(25)
[6302.736s][info][gc,heap        ] GC(1532) Survivor regions: 0->0(0)
[6302.736s][info][gc,heap        ] GC(1532) Old regions: 493->496
[6302.736s][info][gc,heap        ] GC(1532) Archive regions: 2->2
[6302.736s][info][gc,heap        ] GC(1532) Humongous regions: 11->11
[6302.736s][info][gc,metaspace   ] GC(1532) Metaspace: 48847K(50128K)->48847K(50128K) NonClass: 42999K(43856K)->42999K(43856K) Class: 5847K(6272K)->5847K(6272K)
[6302.736s][info][gc             ] GC(1532) Pause Young (Normal) (G1 Evacuation Pause) 509M->506M(512M) 1.326ms
[6302.736s][info][gc,cpu         ] GC(1532) User=0.00s Sys=0.00s Real=0.00s
[6317.734s][info][gc,start       ] GC(1533) Pause Young (Concurrent Start) (G1 Evacuation Pause)
[6317.734s][info][gc,task        ] GC(1533) Using 8 workers of 8 for evacuation
[6317.735s][info][gc             ] GC(1533) To-space exhausted
[6317.735s][info][gc,phases      ] GC(1533)   Pre Evacuate Collection Set: 0.1ms
[6317.735s][info][gc,phases      ] GC(1533)   Merge Heap Roots: 0.0ms
[6317.735s][info][gc,phases      ] GC(1533)   Evacuate Collection Set: 0.4ms
[6317.735s][info][gc,phases      ] GC(1533)   Post Evacuate Collection Set: 0.5ms
[6317.735s][info][gc,phases      ] GC(1533)   Other: 0.1ms
[6317.735s][info][gc,heap        ] GC(1533) Eden regions: 3->0(25)
[6317.735s][info][gc,heap        ] GC(1533) Survivor regions: 0->0(0)
[6317.735s][info][gc,heap        ] GC(1533) Old regions: 496->498
[6317.735s][info][gc,heap        ] GC(1533) Archive regions: 2->2
[6317.735s][info][gc,heap        ] GC(1533) Humongous regions: 11->11
[6317.735s][info][gc,metaspace   ] GC(1533) Metaspace: 48847K(50128K)->48847K(50128K) NonClass: 42999K(43856K)->42999K(43856K) Class: 5847K(6272K)->5847K(6272K)
[6317.735s][info][gc             ] GC(1533) Pause Young (Concurrent Start) (G1 Evacuation Pause) 509M->508M(512M) 1.219ms
[6317.735s][info][gc,cpu         ] GC(1533) User=0.00s Sys=0.00s Real=0.00s
[6317.735s][info][gc             ] GC(1534) Concurrent Cycle
[6317.735s][info][gc,marking     ] GC(1534) Concurrent Clear Claimed Marks
[6317.735s][info][gc,marking     ] GC(1534) Concurrent Clear Claimed Marks 0.020ms
[6317.735s][info][gc,marking     ] GC(1534) Concurrent Scan Root Regions
[6317.735s][info][gc,marking     ] GC(1534) Concurrent Scan Root Regions 0.007ms
[6317.735s][info][gc,marking     ] GC(1534) Concurrent Mark (6317.735s)
[6317.735s][info][gc,marking     ] GC(1534) Concurrent Mark From Roots
[6317.735s][info][gc,task        ] GC(1534) Using 2 workers of 2 for marking
[6318.154s][info][gc,marking     ] GC(1534) Concurrent Mark From Roots 418.629ms
[6318.154s][info][gc,marking     ] GC(1534) Concurrent Preclean
[6318.154s][info][gc,marking     ] GC(1534) Concurrent Preclean 0.071ms
[6318.154s][info][gc,marking     ] GC(1534) Concurrent Mark (6317.735s, 6318.154s) 418.765ms
[6318.154s][info][gc,start       ] GC(1534) Pause Remark
[6318.157s][info][gc             ] GC(1534) Pause Remark 508M->504M(512M) 2.832ms
[6318.157s][info][gc,cpu         ] GC(1534) User=0.02s Sys=0.01s Real=0.01s
[6318.157s][info][gc,marking     ] GC(1534) Concurrent Rebuild Remembered Sets
[6318.407s][info][gc,marking     ] GC(1534) Concurrent Rebuild Remembered Sets 249.849ms
[6318.408s][info][gc,start       ] GC(1534) Pause Cleanup
[6318.408s][info][gc             ] GC(1534) Pause Cleanup 504M->504M(512M) 0.346ms
[6318.408s][info][gc,cpu         ] GC(1534) User=0.00s Sys=0.00s Real=0.00s
[6318.408s][info][gc,marking     ] GC(1534) Concurrent Cleanup for Next Mark
[6318.409s][info][gc,marking     ] GC(1534) Concurrent Cleanup for Next Mark 0.769ms
[6318.409s][info][gc             ] GC(1534) Concurrent Cycle 673.827ms
[6342.321s][info][gc,start       ] GC(1535) Pause Young (Normal) (G1 Evacuation Pause)
[6342.321s][info][gc,task        ] GC(1535) Using 8 workers of 8 for evacuation
[6342.322s][info][gc             ] GC(1535) To-space exhausted
[6342.322s][info][gc,phases      ] GC(1535)   Pre Evacuate Collection Set: 0.1ms
[6342.322s][info][gc,phases      ] GC(1535)   Merge Heap Roots: 0.0ms
[6342.322s][info][gc,phases      ] GC(1535)   Evacuate Collection Set: 0.3ms
[6342.322s][info][gc,phases      ] GC(1535)   Post Evacuate Collection Set: 0.5ms
[6342.323s][info][gc,phases      ] GC(1535)   Other: 0.1ms
[6342.323s][info][gc,heap        ] GC(1535) Eden regions: 5->0(25)
[6342.323s][info][gc,heap        ] GC(1535) Survivor regions: 0->0(0)
[6342.323s][info][gc,heap        ] GC(1535) Old regions: 494->497
[6342.323s][info][gc,heap        ] GC(1535) Archive regions: 2->2
[6342.323s][info][gc,heap        ] GC(1535) Humongous regions: 11->11
[6342.323s][info][gc,metaspace   ] GC(1535) Metaspace: 48856K(50128K)->48856K(50128K) NonClass: 43008K(43856K)->43008K(43856K) Class: 5848K(6272K)->5848K(6272K)
[6342.323s][info][gc             ] GC(1535) Pause Young (Normal) (G1 Evacuation Pause) 509M->507M(512M) 1.123ms
[6342.323s][info][gc,cpu         ] GC(1535) User=0.00s Sys=0.00s Real=0.00s
[6351.736s][info][gc,start       ] GC(1536) Pause Young (Concurrent Start) (G1 Evacuation Pause)
[6351.736s][info][gc,task        ] GC(1536) Using 8 workers of 8 for evacuation
[6351.737s][info][gc             ] GC(1536) To-space exhausted
[6351.737s][info][gc,phases      ] GC(1536)   Pre Evacuate Collection Set: 0.1ms
[6351.737s][info][gc,phases      ] GC(1536)   Merge Heap Roots: 0.0ms
[6351.737s][info][gc,phases      ] GC(1536)   Evacuate Collection Set: 0.4ms
[6351.737s][info][gc,phases      ] GC(1536)   Post Evacuate Collection Set: 0.4ms
[6351.737s][info][gc,phases      ] GC(1536)   Other: 0.1ms
[6351.737s][info][gc,heap        ] GC(1536) Eden regions: 2->0(25)
[6351.737s][info][gc,heap        ] GC(1536) Survivor regions: 0->0(0)
[6351.737s][info][gc,heap        ] GC(1536) Old regions: 497->499
[6351.737s][info][gc,heap        ] GC(1536) Archive regions: 2->2
[6351.737s][info][gc,heap        ] GC(1536) Humongous regions: 11->11
[6351.737s][info][gc,metaspace   ] GC(1536) Metaspace: 48856K(50128K)->48856K(50128K) NonClass: 43008K(43856K)->43008K(43856K) Class: 5848K(6272K)->5848K(6272K)
[6351.737s][info][gc             ] GC(1536) Pause Young (Concurrent Start) (G1 Evacuation Pause) 509M->509M(512M) 1.223ms
[6351.737s][info][gc,cpu         ] GC(1536) User=0.00s Sys=0.00s Real=0.01s
[6351.737s][info][gc,ergo        ] Attempting maximally compacting collection
[6351.737s][info][gc             ] GC(1537) Concurrent Cycle
[6351.737s][info][gc,task        ] GC(1538) Using 8 workers of 8 for full compaction
[6351.737s][info][gc,marking     ] GC(1537) Concurrent Clear Claimed Marks
[6351.737s][info][gc,start       ] GC(1538) Pause Full (G1 Evacuation Pause)
[6351.737s][info][gc,marking     ] GC(1537) Concurrent Clear Claimed Marks 0.040ms
[6351.737s][info][gc,marking     ] GC(1537) Concurrent Scan Root Regions
[6351.737s][info][gc,marking     ] GC(1537) Concurrent Scan Root Regions 0.009ms
[6351.738s][info][gc,marking     ] GC(1537) Concurrent Mark (6351.738s)
[6351.738s][info][gc,marking     ] GC(1537) Concurrent Mark From Roots
[6351.738s][info][gc,task        ] GC(1537) Using 2 workers of 2 for marking
[6351.738s][info][gc,phases,start] GC(1538) Phase 1: Mark live objects
[6351.938s][info][gc,phases      ] GC(1538) Phase 1: Mark live objects 199.489ms
[6351.938s][info][gc,phases,start] GC(1538) Phase 2: Prepare for compaction
[6351.967s][info][gc,phases      ] GC(1538) Phase 2: Prepare for compaction 29.418ms
[6351.967s][info][gc,phases,start] GC(1538) Phase 3: Adjust pointers
[6352.027s][info][gc,phases      ] GC(1538) Phase 3: Adjust pointers 60.350ms
[6352.027s][info][gc,phases,start] GC(1538) Phase 4: Compact heap
[6352.062s][info][gc,phases      ] GC(1538) Phase 4: Compact heap 34.222ms
[6352.070s][info][gc,heap        ] GC(1538) Eden regions: 0->0(25)
[6352.070s][info][gc,heap        ] GC(1538) Survivor regions: 0->0(0)
[6352.070s][info][gc,heap        ] GC(1538) Old regions: 499->490
[6352.070s][info][gc,heap        ] GC(1538) Archive regions: 2->2
[6352.070s][info][gc,heap        ] GC(1538) Humongous regions: 11->11
[6352.070s][info][gc,metaspace   ] GC(1538) Metaspace: 48856K(50128K)->48715K(50128K) NonClass: 43008K(43856K)->42886K(43856K) Class: 5848K(6272K)->5828K(6272K)
[6352.070s][info][gc             ] GC(1538) Pause Full (G1 Evacuation Pause) 509M->498M(512M) 332.440ms
[6352.071s][info][gc,cpu         ] GC(1538) User=2.32s Sys=0.07s Real=0.33s
[6352.071s][info][gc,marking     ] GC(1537) Concurrent Mark From Roots 333.433ms
[6352.071s][info][gc,marking     ] GC(1537) Concurrent Mark Abort
[6352.071s][info][gc             ] GC(1537) Concurrent Cycle 333.616ms
[6392.732s][info][gc,start       ] GC(1539) Pause Young (Normal) (G1 Evacuation Pause)
[6392.732s][info][gc,task        ] GC(1539) Using 8 workers of 8 for evacuation
[6392.733s][info][gc             ] GC(1539) To-space exhausted
[6392.733s][info][gc,phases      ] GC(1539)   Pre Evacuate Collection Set: 0.0ms
[6392.733s][info][gc,phases      ] GC(1539)   Merge Heap Roots: 0.0ms
[6392.733s][info][gc,phases      ] GC(1539)   Evacuate Collection Set: 0.2ms
[6392.733s][info][gc,phases      ] GC(1539)   Post Evacuate Collection Set: 0.8ms
[6392.733s][info][gc,phases      ] GC(1539)   Other: 0.1ms
[6392.733s][info][gc,heap        ] GC(1539) Eden regions: 9->0(25)
[6392.733s][info][gc,heap        ] GC(1539) Survivor regions: 0->0(0)
[6392.733s][info][gc,heap        ] GC(1539) Old regions: 490->496
[6392.733s][info][gc,heap        ] GC(1539) Archive regions: 2->2
[6392.733s][info][gc,heap        ] GC(1539) Humongous regions: 11->11
[6392.733s][info][gc,metaspace   ] GC(1539) Metaspace: 48844K(50128K)->48844K(50128K) NonClass: 42997K(43856K)->42997K(43856K) Class: 5846K(6272K)->5846K(6272K)
[6392.733s][info][gc             ] GC(1539) Pause Young (Normal) (G1 Evacuation Pause) 507M->504M(512M) 1.214ms
[6392.733s][info][gc,cpu         ] GC(1539) User=0.00s Sys=0.00s Real=0.00s
[6407.733s][info][gc,start       ] GC(1540) Pause Young (Concurrent Start) (G1 Evacuation Pause)
[6407.733s][info][gc,task        ] GC(1540) Using 8 workers of 8 for evacuation
[6407.734s][info][gc             ] GC(1540) To-space exhausted
[6407.734s][info][gc,phases      ] GC(1540)   Pre Evacuate Collection Set: 0.1ms
[6407.734s][info][gc,phases      ] GC(1540)   Merge Heap Roots: 0.0ms
[6407.734s][info][gc,phases      ] GC(1540)   Evacuate Collection Set: 0.5ms
[6407.734s][info][gc,phases      ] GC(1540)   Post Evacuate Collection Set: 0.5ms
[6407.734s][info][gc,phases      ] GC(1540)   Other: 0.1ms
[6407.734s][info][gc,heap        ] GC(1540) Eden regions: 3->0(25)
[6407.734s][info][gc,heap        ] GC(1540) Survivor regions: 0->0(0)
[6407.734s][info][gc,heap        ] GC(1540) Old regions: 496->498
[6407.734s][info][gc,heap        ] GC(1540) Archive regions: 2->2
[6407.734s][info][gc,heap        ] GC(1540) Humongous regions: 11->11
[6407.734s][info][gc,metaspace   ] GC(1540) Metaspace: 48844K(50128K)->48844K(50128K) NonClass: 42997K(43856K)->42997K(43856K) Class: 5846K(6272K)->5846K(6272K)
[6407.734s][info][gc             ] GC(1540) Pause Young (Concurrent Start) (G1 Evacuation Pause) 507M->506M(512M) 1.313ms
[6407.734s][info][gc,cpu         ] GC(1540) User=0.00s Sys=0.00s Real=0.00s
[6407.734s][info][gc             ] GC(1541) Concurrent Cycle
[6407.734s][info][gc,marking     ] GC(1541) Concurrent Clear Claimed Marks
[6407.734s][info][gc,marking     ] GC(1541) Concurrent Clear Claimed Marks 0.020ms
[6407.735s][info][gc,marking     ] GC(1541) Concurrent Scan Root Regions
[6407.735s][info][gc,marking     ] GC(1541) Concurrent Scan Root Regions 0.007ms
[6407.735s][info][gc,marking     ] GC(1541) Concurrent Mark (6407.735s)
[6407.735s][info][gc,marking     ] GC(1541) Concurrent Mark From Roots
[6407.735s][info][gc,task        ] GC(1541) Using 2 workers of 2 for marking
[6408.133s][info][gc,marking     ] GC(1541) Concurrent Mark From Roots 398.783ms
[6408.133s][info][gc,marking     ] GC(1541) Concurrent Preclean
[6408.133s][info][gc,marking     ] GC(1541) Concurrent Preclean 0.075ms
[6408.133s][info][gc,marking     ] GC(1541) Concurrent Mark (6407.735s, 6408.133s) 398.922ms
[6408.134s][info][gc,start       ] GC(1541) Pause Remark
[6408.137s][info][gc             ] GC(1541) Pause Remark 506M->503M(512M) 3.139ms
[6408.137s][info][gc,cpu         ] GC(1541) User=0.02s Sys=0.00s Real=0.01s
[6408.137s][info][gc,marking     ] GC(1541) Concurrent Rebuild Remembered Sets
[6408.388s][info][gc,marking     ] GC(1541) Concurrent Rebuild Remembered Sets 250.691ms
[6408.388s][info][gc,start       ] GC(1541) Pause Cleanup
[6408.389s][info][gc             ] GC(1541) Pause Cleanup 503M->503M(512M) 0.360ms
[6408.389s][info][gc,cpu         ] GC(1541) User=0.00s Sys=0.00s Real=0.00s
[6408.389s][info][gc,marking     ] GC(1541) Concurrent Cleanup for Next Mark
[6408.389s][info][gc,marking     ] GC(1541) Concurrent Cleanup for Next Mark 0.593ms
[6408.389s][info][gc             ] GC(1541) Concurrent Cycle 654.975ms
[6427.734s][info][gc,start       ] GC(1542) Pause Young (Normal) (G1 Evacuation Pause)
[6427.734s][info][gc,task        ] GC(1542) Using 8 workers of 8 for evacuation
[6427.735s][info][gc             ] GC(1542) To-space exhausted
[6427.735s][info][gc,phases      ] GC(1542)   Pre Evacuate Collection Set: 0.1ms
[6427.735s][info][gc,phases      ] GC(1542)   Merge Heap Roots: 0.0ms
[6427.735s][info][gc,phases      ] GC(1542)   Evacuate Collection Set: 0.2ms
[6427.735s][info][gc,phases      ] GC(1542)   Post Evacuate Collection Set: 0.6ms
[6427.735s][info][gc,phases      ] GC(1542)   Other: 0.1ms
[6427.735s][info][gc,heap        ] GC(1542) Eden regions: 4->0(25)
[6427.735s][info][gc,heap        ] GC(1542) Survivor regions: 0->0(0)
[6427.735s][info][gc,heap        ] GC(1542) Old regions: 495->499
[6427.735s][info][gc,heap        ] GC(1542) Archive regions: 2->2
[6427.735s][info][gc,heap        ] GC(1542) Humongous regions: 11->11
[6427.735s][info][gc,metaspace   ] GC(1542) Metaspace: 48845K(50128K)->48845K(50128K) NonClass: 42998K(43856K)->42998K(43856K) Class: 5846K(6272K)->5846K(6272K)
[6427.735s][info][gc             ] GC(1542) Pause Young (Normal) (G1 Evacuation Pause) 507M->507M(512M) 1.181ms
[6427.735s][info][gc,cpu         ] GC(1542) User=0.00s Sys=0.00s Real=0.00s
[6427.735s][info][gc,ergo        ] Attempting maximally compacting collection
[6427.735s][info][gc,task        ] GC(1543) Using 8 workers of 8 for full compaction
[6427.735s][info][gc,start       ] GC(1543) Pause Full (G1 Evacuation Pause)
[6427.735s][info][gc,phases,start] GC(1543) Phase 1: Mark live objects
[6427.946s][info][gc,phases      ] GC(1543) Phase 1: Mark live objects 210.467ms
[6427.946s][info][gc,phases,start] GC(1543) Phase 2: Prepare for compaction
[6427.977s][info][gc,phases      ] GC(1543) Phase 2: Prepare for compaction 31.562ms
[6427.977s][info][gc,phases,start] GC(1543) Phase 3: Adjust pointers
[6428.038s][info][gc,phases      ] GC(1543) Phase 3: Adjust pointers 60.946ms
[6428.038s][info][gc,phases,start] GC(1543) Phase 4: Compact heap
[6428.067s][info][gc,phases      ] GC(1543) Phase 4: Compact heap 28.105ms
[6428.070s][info][gc,heap        ] GC(1543) Eden regions: 0->0(25)
[6428.070s][info][gc,heap        ] GC(1543) Survivor regions: 0->0(0)
[6428.070s][info][gc,heap        ] GC(1543) Old regions: 499->489
[6428.070s][info][gc,heap        ] GC(1543) Archive regions: 2->2
[6428.070s][info][gc,heap        ] GC(1543) Humongous regions: 11->11
[6428.070s][info][gc,metaspace   ] GC(1543) Metaspace: 48845K(50128K)->48724K(50128K) NonClass: 42998K(43856K)->42894K(43856K) Class: 5846K(6272K)->5829K(6272K)
[6428.070s][info][gc             ] GC(1543) Pause Full (G1 Evacuation Pause) 507M->498M(512M) 334.794ms
[6428.071s][info][gc,cpu         ] GC(1543) User=2.39s Sys=0.06s Real=0.34s
[6473.739s][info][gc,start       ] GC(1544) Pause Young (Concurrent Start) (G1 Evacuation Pause)
[6473.739s][info][gc,task        ] GC(1544) Using 8 workers of 8 for evacuation
[6473.740s][info][gc             ] GC(1544) To-space exhausted
[6473.740s][info][gc,phases      ] GC(1544)   Pre Evacuate Collection Set: 0.1ms
[6473.740s][info][gc,phases      ] GC(1544)   Merge Heap Roots: 0.0ms
[6473.740s][info][gc,phases      ] GC(1544)   Evacuate Collection Set: 0.5ms
[6473.740s][info][gc,phases      ] GC(1544)   Post Evacuate Collection Set: 0.8ms
[6473.740s][info][gc,phases      ] GC(1544)   Other: 0.1ms
[6473.740s][info][gc,heap        ] GC(1544) Eden regions: 10->0(25)
[6473.740s][info][gc,heap        ] GC(1544) Survivor regions: 0->0(0)
[6473.740s][info][gc,heap        ] GC(1544) Old regions: 489->495
[6473.740s][info][gc,heap        ] GC(1544) Archive regions: 2->2
[6473.740s][info][gc,heap        ] GC(1544) Humongous regions: 11->11
[6473.740s][info][gc,metaspace   ] GC(1544) Metaspace: 48846K(50128K)->48846K(50128K) NonClass: 42999K(43856K)->42999K(43856K) Class: 5847K(6272K)->5847K(6272K)
[6473.740s][info][gc             ] GC(1544) Pause Young (Concurrent Start) (G1 Evacuation Pause) 508M->504M(512M) 1.610ms
[6473.740s][info][gc,cpu         ] GC(1544) User=0.01s Sys=0.00s Real=0.00s
[6473.740s][info][gc             ] GC(1545) Concurrent Cycle
[6473.740s][info][gc,marking     ] GC(1545) Concurrent Clear Claimed Marks
[6473.740s][info][gc,marking     ] GC(1545) Concurrent Clear Claimed Marks 0.024ms
[6473.740s][info][gc,marking     ] GC(1545) Concurrent Scan Root Regions
[6473.740s][info][gc,marking     ] GC(1545) Concurrent Scan Root Regions 0.007ms
[6473.740s][info][gc,marking     ] GC(1545) Concurrent Mark (6473.740s)
[6473.740s][info][gc,marking     ] GC(1545) Concurrent Mark From Roots
[6473.740s][info][gc,task        ] GC(1545) Using 2 workers of 2 for marking
[6474.147s][info][gc,marking     ] GC(1545) Concurrent Mark From Roots 406.837ms
[6474.147s][info][gc,marking     ] GC(1545) Concurrent Preclean
[6474.147s][info][gc,marking     ] GC(1545) Concurrent Preclean 0.063ms
[6474.147s][info][gc,marking     ] GC(1545) Concurrent Mark (6473.740s, 6474.147s) 406.956ms
[6474.147s][info][gc,start       ] GC(1545) Pause Remark
[6474.148s][info][gc             ] GC(1545) Pause Remark 504M->504M(512M) 1.059ms
[6474.148s][info][gc,cpu         ] GC(1545) User=0.00s Sys=0.01s Real=0.00s
[6474.148s][info][gc,marking     ] GC(1545) Concurrent Rebuild Remembered Sets
[6474.392s][info][gc,marking     ] GC(1545) Concurrent Rebuild Remembered Sets 243.771ms
[6474.393s][info][gc,start       ] GC(1545) Pause Cleanup
[6474.393s][info][gc             ] GC(1545) Pause Cleanup 504M->504M(512M) 0.323ms
[6474.394s][info][gc,cpu         ] GC(1545) User=0.00s Sys=0.00s Real=0.00s
[6474.394s][info][gc,marking     ] GC(1545) Concurrent Cleanup for Next Mark
[6474.394s][info][gc,marking     ] GC(1545) Concurrent Cleanup for Next Mark 0.586ms
[6474.394s][info][gc             ] GC(1545) Concurrent Cycle 654.037ms
[6495.735s][info][gc,start       ] GC(1546) Pause Young (Normal) (G1 Evacuation Pause)
[6495.736s][info][gc,task        ] GC(1546) Using 8 workers of 8 for evacuation
[6495.737s][info][gc             ] GC(1546) To-space exhausted
[6495.737s][info][gc,phases      ] GC(1546)   Pre Evacuate Collection Set: 0.1ms
[6495.737s][info][gc,phases      ] GC(1546)   Merge Heap Roots: 0.0ms
[6495.737s][info][gc,phases      ] GC(1546)   Evacuate Collection Set: 0.4ms
[6495.737s][info][gc,phases      ] GC(1546)   Post Evacuate Collection Set: 0.6ms
[6495.737s][info][gc,phases      ] GC(1546)   Other: 0.3ms
[6495.737s][info][gc,heap        ] GC(1546) Eden regions: 4->0(25)
[6495.737s][info][gc,heap        ] GC(1546) Survivor regions: 0->0(0)
[6495.737s][info][gc,heap        ] GC(1546) Old regions: 495->498
[6495.737s][info][gc,heap        ] GC(1546) Archive regions: 2->2
[6495.737s][info][gc,heap        ] GC(1546) Humongous regions: 11->11
[6495.737s][info][gc,metaspace   ] GC(1546) Metaspace: 48847K(50128K)->48847K(50128K) NonClass: 42999K(43856K)->42999K(43856K) Class: 5847K(6272K)->5847K(6272K)
[6495.737s][info][gc             ] GC(1546) Pause Young (Normal) (G1 Evacuation Pause) 508M->507M(512M) 1.581ms
[6495.737s][info][gc,cpu         ] GC(1546) User=0.00s Sys=0.00s Real=0.01s
[6499.732s][info][gc,start       ] GC(1547) Pause Young (Concurrent Start) (G1 Evacuation Pause)
[6499.732s][info][gc,task        ] GC(1547) Using 8 workers of 8 for evacuation
[6499.733s][info][gc             ] GC(1547) To-space exhausted
[6499.733s][info][gc,phases      ] GC(1547)   Pre Evacuate Collection Set: 0.1ms
[6499.733s][info][gc,phases      ] GC(1547)   Merge Heap Roots: 0.0ms
[6499.733s][info][gc,phases      ] GC(1547)   Evacuate Collection Set: 0.4ms
[6499.733s][info][gc,phases      ] GC(1547)   Post Evacuate Collection Set: 0.5ms
[6499.733s][info][gc,phases      ] GC(1547)   Other: 0.1ms
[6499.733s][info][gc,heap        ] GC(1547) Eden regions: 1->0(25)
[6499.733s][info][gc,heap        ] GC(1547) Survivor regions: 0->0(0)
[6499.733s][info][gc,heap        ] GC(1547) Old regions: 498->499
[6499.733s][info][gc,heap        ] GC(1547) Archive regions: 2->2
[6499.733s][info][gc,heap        ] GC(1547) Humongous regions: 11->11
[6499.733s][info][gc,metaspace   ] GC(1547) Metaspace: 48847K(50128K)->48847K(50128K) NonClass: 42999K(43856K)->42999K(43856K) Class: 5847K(6272K)->5847K(6272K)
[6499.733s][info][gc             ] GC(1547) Pause Young (Concurrent Start) (G1 Evacuation Pause) 508M->508M(512M) 1.275ms
[6499.733s][info][gc,cpu         ] GC(1547) User=0.00s Sys=0.00s Real=0.00s
[6499.733s][info][gc,ergo        ] Attempting maximally compacting collection
[6499.733s][info][gc             ] GC(1549) Concurrent Cycle
[6499.733s][info][gc,task        ] GC(1548) Using 8 workers of 8 for full compaction
[6499.733s][info][gc,marking     ] GC(1549) Concurrent Clear Claimed Marks
[6499.733s][info][gc,start       ] GC(1548) Pause Full (G1 Evacuation Pause)
[6499.733s][info][gc,marking     ] GC(1549) Concurrent Clear Claimed Marks 0.045ms
[6499.733s][info][gc,marking     ] GC(1549) Concurrent Scan Root Regions
[6499.733s][info][gc,marking     ] GC(1549) Concurrent Scan Root Regions 0.020ms
[6499.733s][info][gc,marking     ] GC(1549) Concurrent Mark (6499.733s)
[6499.733s][info][gc,marking     ] GC(1549) Concurrent Mark From Roots
[6499.733s][info][gc,task        ] GC(1549) Using 2 workers of 2 for marking
[6499.734s][info][gc,phases,start] GC(1548) Phase 1: Mark live objects
[6499.941s][info][gc,phases      ] GC(1548) Phase 1: Mark live objects 206.852ms
[6499.941s][info][gc,phases,start] GC(1548) Phase 2: Prepare for compaction
[6499.970s][info][gc,phases      ] GC(1548) Phase 2: Prepare for compaction 28.733ms
[6499.970s][info][gc,phases,start] GC(1548) Phase 3: Adjust pointers
[6500.032s][info][gc,phases      ] GC(1548) Phase 3: Adjust pointers 62.501ms
[6500.032s][info][gc,phases,start] GC(1548) Phase 4: Compact heap
[6500.061s][info][gc,phases      ] GC(1548) Phase 4: Compact heap 28.781ms
[6500.065s][info][gc,heap        ] GC(1548) Eden regions: 0->0(25)
[6500.065s][info][gc,heap        ] GC(1548) Survivor regions: 0->0(0)
[6500.065s][info][gc,heap        ] GC(1548) Old regions: 499->489
[6500.065s][info][gc,heap        ] GC(1548) Archive regions: 2->2
[6500.065s][info][gc,heap        ] GC(1548) Humongous regions: 11->11
[6500.065s][info][gc,metaspace   ] GC(1548) Metaspace: 48847K(50128K)->48715K(50128K) NonClass: 42999K(43856K)->42886K(43856K) Class: 5847K(6272K)->5828K(6272K)
[6500.065s][info][gc             ] GC(1548) Pause Full (G1 Evacuation Pause) 508M->498M(512M) 331.658ms
[6500.066s][info][gc,cpu         ] GC(1548) User=2.34s Sys=0.06s Real=0.33s
[6500.066s][info][gc,marking     ] GC(1549) Concurrent Mark From Roots 332.638ms
[6500.066s][info][gc,marking     ] GC(1549) Concurrent Mark Abort
[6500.066s][info][gc             ] GC(1549) Concurrent Cycle 332.824ms
[6545.734s][info][gc,start       ] GC(1550) Pause Young (Normal) (G1 Evacuation Pause)
[6545.734s][info][gc,task        ] GC(1550) Using 8 workers of 8 for evacuation
[6545.735s][info][gc             ] GC(1550) To-space exhausted
[6545.735s][info][gc,phases      ] GC(1550)   Pre Evacuate Collection Set: 0.1ms
[6545.735s][info][gc,phases      ] GC(1550)   Merge Heap Roots: 0.0ms
[6545.735s][info][gc,phases      ] GC(1550)   Evacuate Collection Set: 0.2ms
[6545.735s][info][gc,phases      ] GC(1550)   Post Evacuate Collection Set: 0.8ms
[6545.735s][info][gc,phases      ] GC(1550)   Other: 0.4ms
[6545.735s][info][gc,heap        ] GC(1550) Eden regions: 10->0(25)
[6545.735s][info][gc,heap        ] GC(1550) Survivor regions: 0->0(0)
[6545.735s][info][gc,heap        ] GC(1550) Old regions: 489->494
[6545.735s][info][gc,heap        ] GC(1550) Archive regions: 2->2
[6545.735s][info][gc,heap        ] GC(1550) Humongous regions: 11->11
[6545.735s][info][gc,metaspace   ] GC(1550) Metaspace: 48844K(50128K)->48844K(50128K) NonClass: 42997K(43856K)->42997K(43856K) Class: 5846K(6272K)->5846K(6272K)
[6545.735s][info][gc             ] GC(1550) Pause Young (Normal) (G1 Evacuation Pause) 508M->503M(512M) 1.603ms
[6545.735s][info][gc,cpu         ] GC(1550) User=0.00s Sys=0.01s Real=0.00s
[6571.736s][info][gc,start       ] GC(1551) Pause Young (Concurrent Start) (G1 Evacuation Pause)
[6571.736s][info][gc,task        ] GC(1551) Using 8 workers of 8 for evacuation
[6571.737s][info][gc             ] GC(1551) To-space exhausted
[6571.737s][info][gc,phases      ] GC(1551)   Pre Evacuate Collection Set: 0.1ms
[6571.737s][info][gc,phases      ] GC(1551)   Merge Heap Roots: 0.0ms
[6571.737s][info][gc,phases      ] GC(1551)   Evacuate Collection Set: 0.5ms
[6571.737s][info][gc,phases      ] GC(1551)   Post Evacuate Collection Set: 0.5ms
[6571.737s][info][gc,phases      ] GC(1551)   Other: 0.2ms
[6571.737s][info][gc,heap        ] GC(1551) Eden regions: 5->0(25)
[6571.737s][info][gc,heap        ] GC(1551) Survivor regions: 0->0(0)
[6571.737s][info][gc,heap        ] GC(1551) Old regions: 494->497
[6571.737s][info][gc,heap        ] GC(1551) Archive regions: 2->2
[6571.737s][info][gc,heap        ] GC(1551) Humongous regions: 11->11
[6571.737s][info][gc,metaspace   ] GC(1551) Metaspace: 48845K(50128K)->48845K(50128K) NonClass: 42998K(43856K)->42998K(43856K) Class: 5846K(6272K)->5846K(6272K)
[6571.737s][info][gc             ] GC(1551) Pause Young (Concurrent Start) (G1 Evacuation Pause) 508M->506M(512M) 1.402ms
[6571.737s][info][gc,cpu         ] GC(1551) User=0.01s Sys=0.00s Real=0.01s
[6571.737s][info][gc             ] GC(1552) Concurrent Cycle
[6571.737s][info][gc,marking     ] GC(1552) Concurrent Clear Claimed Marks
[6571.737s][info][gc,marking     ] GC(1552) Concurrent Clear Claimed Marks 0.029ms
[6571.737s][info][gc,marking     ] GC(1552) Concurrent Scan Root Regions
[6571.737s][info][gc,marking     ] GC(1552) Concurrent Scan Root Regions 0.007ms
[6571.737s][info][gc,marking     ] GC(1552) Concurrent Mark (6571.737s)
[6571.737s][info][gc,marking     ] GC(1552) Concurrent Mark From Roots
[6571.737s][info][gc,task        ] GC(1552) Using 2 workers of 2 for marking
[6572.133s][info][gc,marking     ] GC(1552) Concurrent Mark From Roots 395.738ms
[6572.133s][info][gc,marking     ] GC(1552) Concurrent Preclean
[6572.133s][info][gc,marking     ] GC(1552) Concurrent Preclean 0.083ms
[6572.133s][info][gc,marking     ] GC(1552) Concurrent Mark (6571.737s, 6572.133s) 395.885ms
[6572.133s][info][gc,start       ] GC(1552) Pause Remark
[6572.134s][info][gc             ] GC(1552) Pause Remark 506M->505M(512M) 1.117ms
[6572.134s][info][gc,cpu         ] GC(1552) User=0.00s Sys=0.00s Real=0.00s
[6572.134s][info][gc,marking     ] GC(1552) Concurrent Rebuild Remembered Sets
[6572.382s][info][gc,marking     ] GC(1552) Concurrent Rebuild Remembered Sets 247.823ms
[6572.383s][info][gc,start       ] GC(1552) Pause Cleanup
[6572.383s][info][gc             ] GC(1552) Pause Cleanup 505M->505M(512M) 0.341ms
[6572.383s][info][gc,cpu         ] GC(1552) User=0.00s Sys=0.00s Real=0.00s
[6572.383s][info][gc,marking     ] GC(1552) Concurrent Cleanup for Next Mark
[6572.384s][info][gc,marking     ] GC(1552) Concurrent Cleanup for Next Mark 0.740ms
[6572.384s][info][gc             ] GC(1552) Concurrent Cycle 647.184ms
[6586.736s][info][gc,start       ] GC(1553) Pause Young (Normal) (G1 Evacuation Pause)
[6586.736s][info][gc,task        ] GC(1553) Using 8 workers of 8 for evacuation
[6586.736s][info][gc             ] GC(1553) To-space exhausted
[6586.736s][info][gc,phases      ] GC(1553)   Pre Evacuate Collection Set: 0.0ms
[6586.736s][info][gc,phases      ] GC(1553)   Merge Heap Roots: 0.0ms
[6586.736s][info][gc,phases      ] GC(1553)   Evacuate Collection Set: 0.2ms
[6586.736s][info][gc,phases      ] GC(1553)   Post Evacuate Collection Set: 0.4ms
[6586.736s][info][gc,phases      ] GC(1553)   Other: 0.1ms
[6586.736s][info][gc,heap        ] GC(1553) Eden regions: 3->0(25)
[6586.736s][info][gc,heap        ] GC(1553) Survivor regions: 0->0(0)
[6586.736s][info][gc,heap        ] GC(1553) Old regions: 496->498
[6586.736s][info][gc,heap        ] GC(1553) Archive regions: 2->2
[6586.736s][info][gc,heap        ] GC(1553) Humongous regions: 11->11
[6586.736s][info][gc,metaspace   ] GC(1553) Metaspace: 48845K(50128K)->48845K(50128K) NonClass: 42998K(43856K)->42998K(43856K) Class: 5846K(6272K)->5846K(6272K)
[6586.736s][info][gc             ] GC(1553) Pause Young (Normal) (G1 Evacuation Pause) 508M->507M(512M) 0.912ms
[6586.736s][info][gc,cpu         ] GC(1553) User=0.00s Sys=0.00s Real=0.00s
[6591.737s][info][gc,start       ] GC(1554) Pause Young (Concurrent Start) (G1 Evacuation Pause)
[6591.737s][info][gc,task        ] GC(1554) Using 8 workers of 8 for evacuation
[6591.738s][info][gc             ] GC(1554) To-space exhausted
