[0.008s][info][gc] Using G1
[0.011s][info][gc,init] Version: 15.0.1+9 (release)
[0.011s][info][gc,init] CPUs: 8 total, 8 available
[0.011s][info][gc,init] Memory: 32768M
[0.011s][info][gc,init] Large Page Support: Disabled
[0.011s][info][gc,init] NUMA Support: Disabled
[0.011s][info][gc,init] Compressed Oops: Enabled (Zero based)
[0.011s][info][gc,init] Heap Region Size: 1M
[0.011s][info][gc,init] Heap Min Capacity: 8M
[0.011s][info][gc,init] Heap Initial Capacity: 512M
[0.011s][info][gc,init] Heap Max Capacity: 512M
[0.011s][info][gc,init] Pre-touch: Disabled
[0.011s][info][gc,init] Parallel Workers: 8
[0.011s][info][gc,init] Concurrent Workers: 2
[0.011s][info][gc,init] Concurrent Refinement Workers: 8
[0.011s][info][gc,init] Periodic GC: Disabled
[0.011s][info][gc,cds ] Mark closed archive regions in map: [0x00000007fff00000, 0x00000007fff78ff8]
[0.012s][info][gc,cds ] Mark open archive regions in map: [0x00000007ffe00000, 0x00000007ffe50ff8]
[0.012s][info][gc,metaspace] CDS archive(s) mapped at: [0x0000000800000000-0x0000000800b2d000-0x0000000800b2d000), size 11718656, SharedBaseAddress: 0x0000000800000000, ArchiveRelocationMode: 0.
[0.012s][info][gc,metaspace] Compressed class space mapped at: 0x0000000800b30000-0x0000000840b30000, size: 1073741824
[0.012s][info][gc,metaspace] Narrow klass base: 0x0000000800000000, Narrow klass shift: 3, Narrow klass range: 0x100000000
[0.320s][info][gc,start    ] GC(0) Pause Young (Normal) (G1 Evacuation Pause)
[0.320s][info][gc,task     ] GC(0) Using 8 workers of 8 for evacuation
[0.323s][info][gc,phases   ] GC(0)   Pre Evacuate Collection Set: 0.1ms
[0.323s][info][gc,phases   ] GC(0)   Merge Heap Roots: 0.0ms
[0.323s][info][gc,phases   ] GC(0)   Evacuate Collection Set: 1.8ms
[0.323s][info][gc,phases   ] GC(0)   Post Evacuate Collection Set: 0.3ms
[0.323s][info][gc,phases   ] GC(0)   Other: 0.5ms
[0.323s][info][gc,heap     ] GC(0) Eden regions: 25->0(43)
[0.323s][info][gc,heap     ] GC(0) Survivor regions: 0->3(4)
[0.323s][info][gc,heap     ] GC(0) Old regions: 0->0
[0.323s][info][gc,heap     ] GC(0) Archive regions: 2->2
[0.323s][info][gc,heap     ] GC(0) Humongous regions: 0->0
[0.323s][info][gc,metaspace] GC(0) Metaspace: 3618K(6272K)->3618K(6272K) NonClass: 3266K(5632K)->3266K(5632K) Class: 351K(640K)->351K(640K)
[0.323s][info][gc          ] GC(0) Pause Young (Normal) (G1 Evacuation Pause) 25M->3M(512M) 2.806ms
[0.323s][info][gc,cpu      ] GC(0) User=0.02s Sys=0.00s Real=0.00s
[0.639s][info][gc,start    ] GC(1) Pause Young (Normal) (GCLocker Initiated GC)
[0.639s][info][gc,task     ] GC(1) Using 8 workers of 8 for evacuation
[0.642s][info][gc,phases   ] GC(1)   Pre Evacuate Collection Set: 0.0ms
[0.642s][info][gc,phases   ] GC(1)   Merge Heap Roots: 0.0ms
[0.642s][info][gc,phases   ] GC(1)   Evacuate Collection Set: 2.8ms
[0.642s][info][gc,phases   ] GC(1)   Post Evacuate Collection Set: 0.4ms
[0.642s][info][gc,phases   ] GC(1)   Other: 0.1ms
[0.642s][info][gc,heap     ] GC(1) Eden regions: 43->0(303)
[0.642s][info][gc,heap     ] GC(1) Survivor regions: 3->4(6)
[0.642s][info][gc,heap     ] GC(1) Old regions: 0->0
[0.642s][info][gc,heap     ] GC(1) Archive regions: 2->2
[0.642s][info][gc,heap     ] GC(1) Humongous regions: 0->0
[0.642s][info][gc,metaspace] GC(1) Metaspace: 7447K(8704K)->7447K(8704K) NonClass: 6545K(7680K)->6545K(7680K) Class: 901K(1024K)->901K(1024K)
[0.642s][info][gc          ] GC(1) Pause Young (Normal) (GCLocker Initiated GC) 46M->4M(512M) 3.546ms
[0.642s][info][gc,cpu      ] GC(1) User=0.02s Sys=0.01s Real=0.00s
[1.983s][info][gc,start    ] GC(2) Pause Young (Concurrent Start) (Metadata GC Threshold)
[1.983s][info][gc,task     ] GC(2) Using 8 workers of 8 for evacuation
[1.990s][info][gc,phases   ] GC(2)   Pre Evacuate Collection Set: 0.1ms
[1.990s][info][gc,phases   ] GC(2)   Merge Heap Roots: 0.0ms
[1.990s][info][gc,phases   ] GC(2)   Evacuate Collection Set: 5.9ms
[1.990s][info][gc,phases   ] GC(2)   Post Evacuate Collection Set: 0.8ms
[1.990s][info][gc,phases   ] GC(2)   Other: 0.2ms
[1.990s][info][gc,heap     ] GC(2) Eden regions: 223->0(298)
[1.990s][info][gc,heap     ] GC(2) Survivor regions: 4->9(39)
[1.990s][info][gc,heap     ] GC(2) Old regions: 0->0
[1.990s][info][gc,heap     ] GC(2) Archive regions: 2->2
[1.990s][info][gc,heap     ] GC(2) Humongous regions: 0->0
[1.990s][info][gc,metaspace] GC(2) Metaspace: 20721K(21248K)->20721K(21248K) NonClass: 18250K(18688K)->18250K(18688K) Class: 2470K(2560K)->2470K(2560K)
[1.990s][info][gc          ] GC(2) Pause Young (Concurrent Start) (Metadata GC Threshold) 226M->8M(512M) 7.174ms
[1.990s][info][gc,cpu      ] GC(2) User=0.04s Sys=0.01s Real=0.01s
[1.990s][info][gc          ] GC(3) Concurrent Cycle
[1.990s][info][gc,marking  ] GC(3) Concurrent Clear Claimed Marks
[1.990s][info][gc,marking  ] GC(3) Concurrent Clear Claimed Marks 0.032ms
[1.990s][info][gc,marking  ] GC(3) Concurrent Scan Root Regions
[1.994s][info][gc,marking  ] GC(3) Concurrent Scan Root Regions 3.503ms
[1.994s][info][gc,marking  ] GC(3) Concurrent Mark (1.994s)
[1.994s][info][gc,marking  ] GC(3) Concurrent Mark From Roots
[1.994s][info][gc,task     ] GC(3) Using 2 workers of 2 for marking
[1.995s][info][gc,marking  ] GC(3) Concurrent Mark From Roots 1.039ms
[1.995s][info][gc,marking  ] GC(3) Concurrent Preclean
[1.995s][info][gc,marking  ] GC(3) Concurrent Preclean 0.039ms
[1.995s][info][gc,marking  ] GC(3) Concurrent Mark (1.994s, 1.995s) 1.149ms
[1.995s][info][gc,start    ] GC(3) Pause Remark
[2.002s][info][gc          ] GC(3) Pause Remark 9M->9M(40M) 7.415ms
[2.003s][info][gc,cpu      ] GC(3) User=0.01s Sys=0.01s Real=0.01s
[2.003s][info][gc,marking  ] GC(3) Concurrent Rebuild Remembered Sets
[2.003s][info][gc,marking  ] GC(3) Concurrent Rebuild Remembered Sets 0.295ms
[2.003s][info][gc,start    ] GC(3) Pause Cleanup
[2.003s][info][gc          ] GC(3) Pause Cleanup 9M->9M(40M) 0.067ms
[2.003s][info][gc,cpu      ] GC(3) User=0.00s Sys=0.00s Real=0.00s
[2.003s][info][gc,marking  ] GC(3) Concurrent Cleanup for Next Mark
[2.004s][info][gc,marking  ] GC(3) Concurrent Cleanup for Next Mark 0.349ms
[2.004s][info][gc          ] GC(3) Concurrent Cycle 13.407ms
[2.163s][info][gc,start    ] GC(4) Pause Young (Normal) (G1 Evacuation Pause)
[2.163s][info][gc,task     ] GC(4) Using 5 workers of 8 for evacuation
[2.172s][info][gc,phases   ] GC(4)   Pre Evacuate Collection Set: 0.0ms
[2.172s][info][gc,phases   ] GC(4)   Merge Heap Roots: 0.0ms
[2.172s][info][gc,phases   ] GC(4)   Evacuate Collection Set: 7.7ms
[2.172s][info][gc,phases   ] GC(4)   Post Evacuate Collection Set: 0.7ms
[2.172s][info][gc,phases   ] GC(4)   Other: 0.1ms
[2.172s][info][gc,heap     ] GC(4) Eden regions: 15->0(19)
[2.172s][info][gc,heap     ] GC(4) Survivor regions: 9->2(3)
[2.172s][info][gc,heap     ] GC(4) Old regions: 0->8
[2.172s][info][gc,heap     ] GC(4) Archive regions: 2->2
[2.172s][info][gc,heap     ] GC(4) Humongous regions: 0->0
[2.172s][info][gc,metaspace] GC(4) Metaspace: 22734K(23168K)->22734K(23168K) NonClass: 19994K(20224K)->19994K(20224K) Class: 2740K(2944K)->2740K(2944K)
[2.172s][info][gc          ] GC(4) Pause Young (Normal) (G1 Evacuation Pause) 23M->9M(40M) 8.574ms
[2.172s][info][gc,cpu      ] GC(4) User=0.05s Sys=0.00s Real=0.01s
[2.347s][info][gc,start    ] GC(5) Pause Young (Normal) (G1 Evacuation Pause)
[2.347s][info][gc,task     ] GC(5) Using 8 workers of 8 for evacuation
[2.350s][info][gc,phases   ] GC(5)   Pre Evacuate Collection Set: 0.0ms
[2.350s][info][gc,phases   ] GC(5)   Merge Heap Roots: 0.0ms
[2.350s][info][gc,phases   ] GC(5)   Evacuate Collection Set: 2.1ms
[2.350s][info][gc,phases   ] GC(5)   Post Evacuate Collection Set: 0.2ms
[2.350s][info][gc,phases   ] GC(5)   Other: 0.1ms
[2.350s][info][gc,heap     ] GC(5) Eden regions: 19->0(19)
[2.350s][info][gc,heap     ] GC(5) Survivor regions: 2->3(3)
[2.350s][info][gc,heap     ] GC(5) Old regions: 8->8
[2.350s][info][gc,heap     ] GC(5) Archive regions: 2->2
[2.350s][info][gc,heap     ] GC(5) Humongous regions: 0->0
[2.350s][info][gc,metaspace] GC(5) Metaspace: 24849K(25472K)->24849K(25472K) NonClass: 21878K(22272K)->21878K(22272K) Class: 2971K(3200K)->2971K(3200K)
[2.350s][info][gc          ] GC(5) Pause Young (Normal) (G1 Evacuation Pause) 28M->10M(40M) 2.559ms
[2.350s][info][gc,cpu      ] GC(5) User=0.01s Sys=0.00s Real=0.00s
[2.499s][info][gc,start    ] GC(6) Pause Young (Normal) (G1 Evacuation Pause)
[2.499s][info][gc,task     ] GC(6) Using 8 workers of 8 for evacuation
[2.501s][info][gc,phases   ] GC(6)   Pre Evacuate Collection Set: 0.0ms
[2.501s][info][gc,phases   ] GC(6)   Merge Heap Roots: 0.0ms
[2.501s][info][gc,phases   ] GC(6)   Evacuate Collection Set: 1.7ms
[2.501s][info][gc,phases   ] GC(6)   Post Evacuate Collection Set: 0.2ms
[2.501s][info][gc,phases   ] GC(6)   Other: 0.1ms
[2.501s][info][gc,heap     ] GC(6) Eden regions: 19->0(19)
[2.501s][info][gc,heap     ] GC(6) Survivor regions: 3->2(3)
[2.501s][info][gc,heap     ] GC(6) Old regions: 8->9
[2.501s][info][gc,heap     ] GC(6) Archive regions: 2->2
[2.501s][info][gc,heap     ] GC(6) Humongous regions: 0->0
[2.501s][info][gc,metaspace] GC(6) Metaspace: 26161K(26624K)->26161K(26624K) NonClass: 23028K(23296K)->23028K(23296K) Class: 3132K(3328K)->3132K(3328K)
[2.501s][info][gc          ] GC(6) Pause Young (Normal) (G1 Evacuation Pause) 29M->11M(40M) 2.206ms
[2.501s][info][gc,cpu      ] GC(6) User=0.01s Sys=0.00s Real=0.00s
[2.726s][info][gc,start    ] GC(7) Pause Young (Normal) (G1 Evacuation Pause)
[2.726s][info][gc,task     ] GC(7) Using 8 workers of 8 for evacuation
[2.730s][info][gc,phases   ] GC(7)   Pre Evacuate Collection Set: 0.0ms
[2.730s][info][gc,phases   ] GC(7)   Merge Heap Roots: 0.0ms
[2.730s][info][gc,phases   ] GC(7)   Evacuate Collection Set: 2.8ms
[2.730s][info][gc,phases   ] GC(7)   Post Evacuate Collection Set: 0.3ms
[2.730s][info][gc,phases   ] GC(7)   Other: 0.2ms
[2.730s][info][gc,heap     ] GC(7) Eden regions: 19->0(17)
[2.730s][info][gc,heap     ] GC(7) Survivor regions: 2->3(3)
[2.730s][info][gc,heap     ] GC(7) Old regions: 9->10
[2.730s][info][gc,heap     ] GC(7) Archive regions: 2->2
[2.730s][info][gc,heap     ] GC(7) Humongous regions: 0->0
[2.730s][info][gc,metaspace] GC(7) Metaspace: 27395K(28032K)->27395K(28032K) NonClass: 24131K(24576K)->24131K(24576K) Class: 3263K(3456K)->3263K(3456K)
[2.730s][info][gc          ] GC(7) Pause Young (Normal) (G1 Evacuation Pause) 30M->12M(40M) 3.536ms
[2.730s][info][gc,cpu      ] GC(7) User=0.02s Sys=0.01s Real=0.00s
[2.888s][info][gc,start    ] GC(8) Pause Young (Normal) (G1 Evacuation Pause)
[2.889s][info][gc,task     ] GC(8) Using 8 workers of 8 for evacuation
[2.891s][info][gc,phases   ] GC(8)   Pre Evacuate Collection Set: 0.0ms
[2.891s][info][gc,phases   ] GC(8)   Merge Heap Roots: 0.0ms
[2.891s][info][gc,phases   ] GC(8)   Evacuate Collection Set: 1.8ms
[2.891s][info][gc,phases   ] GC(8)   Post Evacuate Collection Set: 0.2ms
[2.891s][info][gc,phases   ] GC(8)   Other: 0.1ms
[2.891s][info][gc,heap     ] GC(8) Eden regions: 17->0(17)
[2.891s][info][gc,heap     ] GC(8) Survivor regions: 3->3(3)
[2.891s][info][gc,heap     ] GC(8) Old regions: 10->11
[2.891s][info][gc,heap     ] GC(8) Archive regions: 2->2
[2.891s][info][gc,heap     ] GC(8) Humongous regions: 0->0
[2.891s][info][gc,metaspace] GC(8) Metaspace: 28522K(29184K)->28522K(29184K) NonClass: 25107K(25600K)->25107K(25600K) Class: 3415K(3584K)->3415K(3584K)
[2.891s][info][gc          ] GC(8) Pause Young (Normal) (G1 Evacuation Pause) 29M->13M(40M) 2.299ms
[2.891s][info][gc,cpu      ] GC(8) User=0.02s Sys=0.00s Real=0.00s
[3.086s][info][gc,start    ] GC(9) Pause Young (Normal) (G1 Evacuation Pause)
[3.086s][info][gc,task     ] GC(9) Using 8 workers of 8 for evacuation
[3.089s][info][gc,phases   ] GC(9)   Pre Evacuate Collection Set: 0.0ms
[3.089s][info][gc,phases   ] GC(9)   Merge Heap Roots: 0.0ms
[3.089s][info][gc,phases   ] GC(9)   Evacuate Collection Set: 2.1ms
[3.089s][info][gc,phases   ] GC(9)   Post Evacuate Collection Set: 0.2ms
[3.089s][info][gc,phases   ] GC(9)   Other: 0.1ms
[3.089s][info][gc,heap     ] GC(9) Eden regions: 17->0(17)
[3.089s][info][gc,heap     ] GC(9) Survivor regions: 3->2(3)
[3.089s][info][gc,heap     ] GC(9) Old regions: 11->12
[3.089s][info][gc,heap     ] GC(9) Archive regions: 2->2
[3.089s][info][gc,heap     ] GC(9) Humongous regions: 0->0
[3.089s][info][gc,metaspace] GC(9) Metaspace: 29508K(30080K)->29508K(30080K) NonClass: 25962K(26368K)->25962K(26368K) Class: 3545K(3712K)->3545K(3712K)
[3.089s][info][gc          ] GC(9) Pause Young (Normal) (G1 Evacuation Pause) 30M->14M(40M) 2.583ms
[3.089s][info][gc,cpu      ] GC(9) User=0.01s Sys=0.00s Real=0.00s
[3.195s][info][gc,start    ] GC(10) Pause Young (Normal) (G1 Evacuation Pause)
[3.195s][info][gc,task     ] GC(10) Using 8 workers of 8 for evacuation
[3.196s][info][gc,phases   ] GC(10)   Pre Evacuate Collection Set: 0.0ms
[3.197s][info][gc,phases   ] GC(10)   Merge Heap Roots: 0.0ms
[3.197s][info][gc,phases   ] GC(10)   Evacuate Collection Set: 1.4ms
[3.197s][info][gc,phases   ] GC(10)   Post Evacuate Collection Set: 0.2ms
[3.197s][info][gc,phases   ] GC(10)   Other: 0.1ms
[3.197s][info][gc,heap     ] GC(10) Eden regions: 17->0(17)
[3.197s][info][gc,heap     ] GC(10) Survivor regions: 2->2(3)
[3.197s][info][gc,heap     ] GC(10) Old regions: 12->12
[3.197s][info][gc,heap     ] GC(10) Archive regions: 2->2
[3.197s][info][gc,heap     ] GC(10) Humongous regions: 0->0
[3.197s][info][gc,metaspace] GC(10) Metaspace: 30509K(31232K)->30509K(31232K) NonClass: 26828K(27392K)->26828K(27392K) Class: 3681K(3840K)->3681K(3840K)
[3.197s][info][gc          ] GC(10) Pause Young (Normal) (G1 Evacuation Pause) 31M->14M(40M) 1.875ms
[3.197s][info][gc,cpu      ] GC(10) User=0.01s Sys=0.00s Real=0.01s
[3.385s][info][gc,start    ] GC(11) Pause Young (Normal) (G1 Evacuation Pause)
[3.385s][info][gc,task     ] GC(11) Using 8 workers of 8 for evacuation
[3.388s][info][gc,phases   ] GC(11)   Pre Evacuate Collection Set: 0.0ms
[3.388s][info][gc,phases   ] GC(11)   Merge Heap Roots: 0.0ms
[3.388s][info][gc,phases   ] GC(11)   Evacuate Collection Set: 2.5ms
[3.388s][info][gc,phases   ] GC(11)   Post Evacuate Collection Set: 0.3ms
[3.388s][info][gc,phases   ] GC(11)   Other: 0.1ms
[3.388s][info][gc,heap     ] GC(11) Eden regions: 17->0(16)
[3.388s][info][gc,heap     ] GC(11) Survivor regions: 2->2(3)
[3.388s][info][gc,heap     ] GC(11) Old regions: 12->13
[3.388s][info][gc,heap     ] GC(11) Archive regions: 2->2
[3.388s][info][gc,heap     ] GC(11) Humongous regions: 0->0
[3.388s][info][gc,metaspace] GC(11) Metaspace: 31749K(32512K)->31749K(32512K) NonClass: 27909K(28416K)->27909K(28416K) Class: 3839K(4096K)->3839K(4096K)
[3.388s][info][gc          ] GC(11) Pause Young (Normal) (G1 Evacuation Pause) 31M->15M(40M) 3.055ms
[3.388s][info][gc,cpu      ] GC(11) User=0.01s Sys=0.00s Real=0.01s
[3.528s][info][gc,start    ] GC(12) Pause Young (Normal) (G1 Evacuation Pause)
[3.528s][info][gc,task     ] GC(12) Using 8 workers of 8 for evacuation
[3.530s][info][gc,phases   ] GC(12)   Pre Evacuate Collection Set: 0.0ms
[3.530s][info][gc,phases   ] GC(12)   Merge Heap Roots: 0.0ms
[3.530s][info][gc,phases   ] GC(12)   Evacuate Collection Set: 1.2ms
[3.530s][info][gc,phases   ] GC(12)   Post Evacuate Collection Set: 0.2ms
[3.530s][info][gc,phases   ] GC(12)   Other: 0.1ms
[3.530s][info][gc,heap     ] GC(12) Eden regions: 16->0(17)
[3.530s][info][gc,heap     ] GC(12) Survivor regions: 2->2(3)
[3.530s][info][gc,heap     ] GC(12) Old regions: 13->13
[3.530s][info][gc,heap     ] GC(12) Archive regions: 2->2
[3.530s][info][gc,heap     ] GC(12) Humongous regions: 0->0
[3.530s][info][gc,metaspace] GC(12) Metaspace: 33034K(33792K)->33034K(33792K) NonClass: 28955K(29440K)->28955K(29440K) Class: 4078K(4352K)->4078K(4352K)
[3.530s][info][gc          ] GC(12) Pause Young (Normal) (G1 Evacuation Pause) 31M->15M(40M) 1.711ms
[3.530s][info][gc,cpu      ] GC(12) User=0.01s Sys=0.00s Real=0.00s
[3.617s][info][gc,start    ] GC(13) Pause Young (Normal) (G1 Evacuation Pause)
[3.617s][info][gc,task     ] GC(13) Using 8 workers of 8 for evacuation
[3.619s][info][gc,phases   ] GC(13)   Pre Evacuate Collection Set: 0.0ms
[3.619s][info][gc,phases   ] GC(13)   Merge Heap Roots: 0.0ms
[3.619s][info][gc,phases   ] GC(13)   Evacuate Collection Set: 1.5ms
[3.619s][info][gc,phases   ] GC(13)   Post Evacuate Collection Set: 0.2ms
[3.619s][info][gc,phases   ] GC(13)   Other: 0.1ms
[3.619s][info][gc,heap     ] GC(13) Eden regions: 17->0(16)
[3.619s][info][gc,heap     ] GC(13) Survivor regions: 2->2(3)
[3.619s][info][gc,heap     ] GC(13) Old regions: 13->14
[3.619s][info][gc,heap     ] GC(13) Archive regions: 2->2
[3.619s][info][gc,heap     ] GC(13) Humongous regions: 0->0
[3.619s][info][gc,metaspace] GC(13) Metaspace: 34023K(34688K)->34023K(34688K) NonClass: 29811K(30208K)->29811K(30208K) Class: 4212K(4480K)->4212K(4480K)
[3.619s][info][gc          ] GC(13) Pause Young (Normal) (G1 Evacuation Pause) 32M->15M(40M) 1.935ms
[3.619s][info][gc,cpu      ] GC(13) User=0.01s Sys=0.00s Real=0.00s
[3.682s][info][gc,start    ] GC(14) Pause Young (Concurrent Start) (Metadata GC Threshold)
[3.682s][info][gc,task     ] GC(14) Using 8 workers of 8 for evacuation
[3.685s][info][gc,phases   ] GC(14)   Pre Evacuate Collection Set: 0.0ms
[3.685s][info][gc,phases   ] GC(14)   Merge Heap Roots: 0.0ms
[3.685s][info][gc,phases   ] GC(14)   Evacuate Collection Set: 1.4ms
[3.685s][info][gc,phases   ] GC(14)   Post Evacuate Collection Set: 1.0ms
[3.685s][info][gc,phases   ] GC(14)   Other: 0.1ms
[3.685s][info][gc,heap     ] GC(14) Eden regions: 14->0(163)
[3.685s][info][gc,heap     ] GC(14) Survivor regions: 2->2(3)
[3.685s][info][gc,heap     ] GC(14) Old regions: 14->14
[3.685s][info][gc,heap     ] GC(14) Archive regions: 2->2
[3.685s][info][gc,heap     ] GC(14) Humongous regions: 0->0
[3.685s][info][gc,metaspace] GC(14) Metaspace: 35024K(35584K)->35024K(35584K) NonClass: 30684K(30976K)->30684K(30976K) Class: 4339K(4608K)->4339K(4608K)
[3.685s][info][gc          ] GC(14) Pause Young (Concurrent Start) (Metadata GC Threshold) 29M->16M(276M) 2.653ms
[3.685s][info][gc,cpu      ] GC(14) User=0.01s Sys=0.01s Real=0.00s
[3.685s][info][gc          ] GC(15) Concurrent Cycle
[3.685s][info][gc,marking  ] GC(15) Concurrent Clear Claimed Marks
[3.685s][info][gc,marking  ] GC(15) Concurrent Clear Claimed Marks 0.021ms
[3.685s][info][gc,marking  ] GC(15) Concurrent Scan Root Regions
[3.687s][info][gc,marking  ] GC(15) Concurrent Scan Root Regions 1.547ms
[3.687s][info][gc,marking  ] GC(15) Concurrent Mark (3.687s)
[3.687s][info][gc,marking  ] GC(15) Concurrent Mark From Roots
[3.687s][info][gc,task     ] GC(15) Using 2 workers of 2 for marking
[3.701s][info][gc,marking  ] GC(15) Concurrent Mark From Roots 13.924ms
[3.701s][info][gc,marking  ] GC(15) Concurrent Preclean
[3.701s][info][gc,marking  ] GC(15) Concurrent Preclean 0.068ms
[3.701s][info][gc,marking  ] GC(15) Concurrent Mark (3.687s, 3.701s) 14.037ms
[3.701s][info][gc,start    ] GC(15) Pause Remark
[3.703s][info][gc          ] GC(15) Pause Remark 19M->19M(70M) 1.814ms
[3.703s][info][gc,cpu      ] GC(15) User=0.00s Sys=0.00s Real=0.00s
[3.703s][info][gc,marking  ] GC(15) Concurrent Rebuild Remembered Sets
[3.711s][info][gc,marking  ] GC(15) Concurrent Rebuild Remembered Sets 8.479ms
[3.712s][info][gc,start    ] GC(15) Pause Cleanup
[3.712s][info][gc          ] GC(15) Pause Cleanup 21M->21M(70M) 0.078ms
[3.712s][info][gc,cpu      ] GC(15) User=0.00s Sys=0.00s Real=0.00s
[3.712s][info][gc,marking  ] GC(15) Concurrent Cleanup for Next Mark
[3.713s][info][gc,marking  ] GC(15) Concurrent Cleanup for Next Mark 0.497ms
[3.713s][info][gc          ] GC(15) Concurrent Cycle 27.480ms
[58.789s][info][gc,start    ] GC(16) Pause Young (Concurrent Start) (G1 Evacuation Pause)
[58.789s][info][gc,task     ] GC(16) Using 8 workers of 8 for evacuation
[58.793s][info][gc,phases   ] GC(16)   Pre Evacuate Collection Set: 0.1ms
[58.793s][info][gc,phases   ] GC(16)   Merge Heap Roots: 0.0ms
[58.793s][info][gc,phases   ] GC(16)   Evacuate Collection Set: 3.0ms
[58.793s][info][gc,phases   ] GC(16)   Post Evacuate Collection Set: 0.4ms
[58.793s][info][gc,phases   ] GC(16)   Other: 0.2ms
[58.793s][info][gc,heap     ] GC(16) Eden regions: 40->0(38)
[58.793s][info][gc,heap     ] GC(16) Survivor regions: 2->4(6)
[58.793s][info][gc,heap     ] GC(16) Old regions: 14->14
[58.793s][info][gc,heap     ] GC(16) Archive regions: 2->2
[58.793s][info][gc,heap     ] GC(16) Humongous regions: 0->0
[58.793s][info][gc,metaspace] GC(16) Metaspace: 40486K(41344K)->40486K(41344K) NonClass: 35509K(36096K)->35509K(36096K) Class: 4976K(5248K)->4976K(5248K)
[58.793s][info][gc          ] GC(16) Pause Young (Concurrent Start) (G1 Evacuation Pause) 56M->17M(70M) 3.843ms
[58.793s][info][gc,cpu      ] GC(16) User=0.01s Sys=0.00s Real=0.00s
[58.793s][info][gc          ] GC(17) Concurrent Cycle
[58.793s][info][gc,marking  ] GC(17) Concurrent Clear Claimed Marks
[58.793s][info][gc,marking  ] GC(17) Concurrent Clear Claimed Marks 0.048ms
[58.793s][info][gc,marking  ] GC(17) Concurrent Scan Root Regions
[58.795s][info][gc,marking  ] GC(17) Concurrent Scan Root Regions 2.210ms
[58.795s][info][gc,marking  ] GC(17) Concurrent Mark (58.795s)
[58.795s][info][gc,marking  ] GC(17) Concurrent Mark From Roots
[58.795s][info][gc,task     ] GC(17) Using 2 workers of 2 for marking
[58.807s][info][gc,marking  ] GC(17) Concurrent Mark From Roots 11.483ms
[58.807s][info][gc,marking  ] GC(17) Concurrent Preclean
[58.807s][info][gc,marking  ] GC(17) Concurrent Preclean 0.141ms
[58.807s][info][gc,marking  ] GC(17) Concurrent Mark (58.795s, 58.807s) 11.702ms
[58.808s][info][gc,start    ] GC(17) Pause Remark
[58.809s][info][gc          ] GC(17) Pause Remark 20M->20M(70M) 1.188ms
[58.809s][info][gc,cpu      ] GC(17) User=0.01s Sys=0.00s Real=0.00s
[58.809s][info][gc,marking  ] GC(17) Concurrent Rebuild Remembered Sets
[58.816s][info][gc,marking  ] GC(17) Concurrent Rebuild Remembered Sets 6.738ms
[58.816s][info][gc,start    ] GC(17) Pause Cleanup
[58.816s][info][gc          ] GC(17) Pause Cleanup 22M->22M(70M) 0.055ms
[58.816s][info][gc,cpu      ] GC(17) User=0.00s Sys=0.00s Real=0.00s
[58.816s][info][gc,marking  ] GC(17) Concurrent Cleanup for Next Mark
[58.816s][info][gc,marking  ] GC(17) Concurrent Cleanup for Next Mark 0.302ms
[58.816s][info][gc          ] GC(17) Concurrent Cycle 23.011ms
[58.925s][info][gc,start    ] GC(18) Pause Young (Normal) (G1 Evacuation Pause)
[58.925s][info][gc,task     ] GC(18) Using 8 workers of 8 for evacuation
[58.928s][info][gc,phases   ] GC(18)   Pre Evacuate Collection Set: 0.0ms
[58.928s][info][gc,phases   ] GC(18)   Merge Heap Roots: 0.1ms
[58.928s][info][gc,phases   ] GC(18)   Evacuate Collection Set: 2.3ms
[58.928s][info][gc,phases   ] GC(18)   Post Evacuate Collection Set: 0.3ms
[58.928s][info][gc,phases   ] GC(18)   Other: 0.1ms
[58.928s][info][gc,heap     ] GC(18) Eden regions: 38->0(38)
[58.928s][info][gc,heap     ] GC(18) Survivor regions: 4->4(6)
[58.928s][info][gc,heap     ] GC(18) Old regions: 14->14
[58.928s][info][gc,heap     ] GC(18) Archive regions: 2->2
[58.928s][info][gc,heap     ] GC(18) Humongous regions: 0->0
[58.928s][info][gc,metaspace] GC(18) Metaspace: 42776K(43776K)->42776K(43776K) NonClass: 37519K(38144K)->37519K(38144K) Class: 5256K(5632K)->5256K(5632K)
[58.928s][info][gc          ] GC(18) Pause Young (Normal) (G1 Evacuation Pause) 55M->18M(70M) 2.832ms
[58.928s][info][gc,cpu      ] GC(18) User=0.01s Sys=0.00s Real=0.01s
[59.500s][info][gc,start    ] GC(19) Pause Young (Normal) (G1 Evacuation Pause)
[59.500s][info][gc,task     ] GC(19) Using 8 workers of 8 for evacuation
[59.506s][info][gc,phases   ] GC(19)   Pre Evacuate Collection Set: 0.0ms
[59.506s][info][gc,phases   ] GC(19)   Merge Heap Roots: 0.0ms
[59.506s][info][gc,phases   ] GC(19)   Evacuate Collection Set: 5.9ms
[59.506s][info][gc,phases   ] GC(19)   Post Evacuate Collection Set: 0.5ms
[59.506s][info][gc,phases   ] GC(19)   Other: 0.1ms
[59.506s][info][gc,heap     ] GC(19) Eden regions: 38->0(27)
[59.506s][info][gc,heap     ] GC(19) Survivor regions: 4->6(6)
[59.506s][info][gc,heap     ] GC(19) Old regions: 14->22
[59.506s][info][gc,heap     ] GC(19) Archive regions: 2->2
[59.506s][info][gc,heap     ] GC(19) Humongous regions: 0->0
[59.507s][info][gc,metaspace] GC(19) Metaspace: 43988K(45056K)->43988K(45056K) NonClass: 38706K(39424K)->38706K(39424K) Class: 5281K(5632K)->5281K(5632K)
[59.507s][info][gc          ] GC(19) Pause Young (Normal) (G1 Evacuation Pause) 56M->27M(72M) 6.633ms
[59.507s][info][gc,cpu      ] GC(19) User=0.04s Sys=0.00s Real=0.01s
[59.815s][info][gc,start    ] GC(20) Pause Young (Normal) (G1 Evacuation Pause)
[59.815s][info][gc,task     ] GC(20) Using 8 workers of 8 for evacuation
[59.817s][info][gc,phases   ] GC(20)   Pre Evacuate Collection Set: 0.0ms
[59.817s][info][gc,phases   ] GC(20)   Merge Heap Roots: 0.0ms
[59.817s][info][gc,phases   ] GC(20)   Evacuate Collection Set: 2.1ms
[59.817s][info][gc,phases   ] GC(20)   Post Evacuate Collection Set: 0.2ms
[59.817s][info][gc,phases   ] GC(20)   Other: 0.1ms
[59.817s][info][gc,heap     ] GC(20) Eden regions: 27->0(26)
[59.817s][info][gc,heap     ] GC(20) Survivor regions: 6->2(5)
[59.817s][info][gc,heap     ] GC(20) Old regions: 22->28
[59.817s][info][gc,heap     ] GC(20) Archive regions: 2->2
[59.817s][info][gc,heap     ] GC(20) Humongous regions: 0->0
[59.817s][info][gc,metaspace] GC(20) Metaspace: 44042K(45056K)->44042K(45056K) NonClass: 38759K(39424K)->38759K(39424K) Class: 5282K(5632K)->5282K(5632K)
[59.817s][info][gc          ] GC(20) Pause Young (Normal) (G1 Evacuation Pause) 54M->29M(72M) 2.581ms
[59.817s][info][gc,cpu      ] GC(20) User=0.02s Sys=0.00s Real=0.01s
[60.043s][info][gc,start    ] GC(21) Pause Young (Normal) (G1 Evacuation Pause)
[60.043s][info][gc,task     ] GC(21) Using 8 workers of 8 for evacuation
[60.045s][info][gc,phases   ] GC(21)   Pre Evacuate Collection Set: 0.1ms
[60.045s][info][gc,phases   ] GC(21)   Merge Heap Roots: 0.0ms
[60.045s][info][gc,phases   ] GC(21)   Evacuate Collection Set: 1.3ms
[60.045s][info][gc,phases   ] GC(21)   Post Evacuate Collection Set: 0.2ms
[60.045s][info][gc,phases   ] GC(21)   Other: 0.2ms
[60.045s][info][gc,heap     ] GC(21) Eden regions: 26->0(27)
[60.045s][info][gc,heap     ] GC(21) Survivor regions: 2->2(4)
[60.045s][info][gc,heap     ] GC(21) Old regions: 28->28
[60.045s][info][gc,heap     ] GC(21) Archive regions: 2->2
[60.045s][info][gc,heap     ] GC(21) Humongous regions: 0->0
[60.045s][info][gc,metaspace] GC(21) Metaspace: 44079K(45056K)->44079K(45056K) NonClass: 38797K(39424K)->38797K(39424K) Class: 5282K(5632K)->5282K(5632K)
[60.045s][info][gc          ] GC(21) Pause Young (Normal) (G1 Evacuation Pause) 55M->29M(72M) 1.893ms
[60.045s][info][gc,cpu      ] GC(21) User=0.01s Sys=0.00s Real=0.00s
[60.288s][info][gc,start    ] GC(22) Pause Young (Normal) (G1 Evacuation Pause)
[60.288s][info][gc,task     ] GC(22) Using 8 workers of 8 for evacuation
[60.289s][info][gc,phases   ] GC(22)   Pre Evacuate Collection Set: 0.0ms
[60.289s][info][gc,phases   ] GC(22)   Merge Heap Roots: 0.0ms
[60.289s][info][gc,phases   ] GC(22)   Evacuate Collection Set: 1.0ms
[60.289s][info][gc,phases   ] GC(22)   Post Evacuate Collection Set: 0.2ms
[60.289s][info][gc,phases   ] GC(22)   Other: 0.1ms
[60.289s][info][gc,heap     ] GC(22) Eden regions: 27->0(26)
[60.289s][info][gc,heap     ] GC(22) Survivor regions: 2->3(4)
[60.289s][info][gc,heap     ] GC(22) Old regions: 28->28
[60.289s][info][gc,heap     ] GC(22) Archive regions: 2->2
[60.289s][info][gc,heap     ] GC(22) Humongous regions: 0->0
[60.289s][info][gc,metaspace] GC(22) Metaspace: 44126K(45056K)->44126K(45056K) NonClass: 38844K(39424K)->38844K(39424K) Class: 5282K(5632K)->5282K(5632K)
[60.289s][info][gc          ] GC(22) Pause Young (Normal) (G1 Evacuation Pause) 56M->30M(72M) 1.459ms
[60.289s][info][gc,cpu      ] GC(22) User=0.01s Sys=0.00s Real=0.00s
[60.472s][info][gc,start    ] GC(23) Pause Young (Normal) (G1 Evacuation Pause)
[60.472s][info][gc,task     ] GC(23) Using 8 workers of 8 for evacuation
[60.474s][info][gc,phases   ] GC(23)   Pre Evacuate Collection Set: 0.0ms
[60.474s][info][gc,phases   ] GC(23)   Merge Heap Roots: 0.0ms
[60.474s][info][gc,phases   ] GC(23)   Evacuate Collection Set: 1.5ms
[60.474s][info][gc,phases   ] GC(23)   Post Evacuate Collection Set: 0.3ms
[60.474s][info][gc,phases   ] GC(23)   Other: 0.1ms
[60.474s][info][gc,heap     ] GC(23) Eden regions: 26->0(27)
[60.474s][info][gc,heap     ] GC(23) Survivor regions: 3->3(4)
[60.474s][info][gc,heap     ] GC(23) Old regions: 28->28
[60.474s][info][gc,heap     ] GC(23) Archive regions: 2->2
[60.474s][info][gc,heap     ] GC(23) Humongous regions: 0->0
[60.474s][info][gc,metaspace] GC(23) Metaspace: 44162K(45056K)->44162K(45056K) NonClass: 38879K(39424K)->38879K(39424K) Class: 5283K(5632K)->5283K(5632K)
[60.474s][info][gc          ] GC(23) Pause Young (Normal) (G1 Evacuation Pause) 56M->30M(72M) 2.089ms
[60.474s][info][gc,cpu      ] GC(23) User=0.01s Sys=0.00s Real=0.00s
[60.660s][info][gc,start    ] GC(24) Pause Young (Normal) (G1 Evacuation Pause)
[60.660s][info][gc,task     ] GC(24) Using 8 workers of 8 for evacuation
[60.662s][info][gc,phases   ] GC(24)   Pre Evacuate Collection Set: 0.0ms
[60.663s][info][gc,phases   ] GC(24)   Merge Heap Roots: 0.0ms
[60.663s][info][gc,phases   ] GC(24)   Evacuate Collection Set: 1.9ms
[60.663s][info][gc,phases   ] GC(24)   Post Evacuate Collection Set: 0.2ms
[60.663s][info][gc,phases   ] GC(24)   Other: 0.2ms
[60.663s][info][gc,heap     ] GC(24) Eden regions: 27->0(26)
[60.663s][info][gc,heap     ] GC(24) Survivor regions: 3->3(4)
[60.663s][info][gc,heap     ] GC(24) Old regions: 28->29
[60.663s][info][gc,heap     ] GC(24) Archive regions: 2->2
[60.663s][info][gc,heap     ] GC(24) Humongous regions: 0->0
[60.663s][info][gc,metaspace] GC(24) Metaspace: 44189K(45056K)->44189K(45056K) NonClass: 38905K(39424K)->38905K(39424K) Class: 5283K(5632K)->5283K(5632K)
[60.663s][info][gc          ] GC(24) Pause Young (Normal) (G1 Evacuation Pause) 57M->31M(72M) 2.397ms
[60.663s][info][gc,cpu      ] GC(24) User=0.02s Sys=0.00s Real=0.00s
[60.879s][info][gc,start    ] GC(25) Pause Young (Normal) (G1 Evacuation Pause)
[60.879s][info][gc,task     ] GC(25) Using 8 workers of 8 for evacuation
[60.882s][info][gc,phases   ] GC(25)   Pre Evacuate Collection Set: 0.0ms
[60.882s][info][gc,phases   ] GC(25)   Merge Heap Roots: 0.0ms
[60.882s][info][gc,phases   ] GC(25)   Evacuate Collection Set: 2.0ms
[60.882s][info][gc,phases   ] GC(25)   Post Evacuate Collection Set: 0.2ms
[60.882s][info][gc,phases   ] GC(25)   Other: 0.2ms
[60.882s][info][gc,heap     ] GC(25) Eden regions: 26->0(26)
[60.882s][info][gc,heap     ] GC(25) Survivor regions: 3->3(4)
[60.882s][info][gc,heap     ] GC(25) Old regions: 29->30
[60.882s][info][gc,heap     ] GC(25) Archive regions: 2->2
[60.882s][info][gc,heap     ] GC(25) Humongous regions: 0->0
[60.882s][info][gc,metaspace] GC(25) Metaspace: 44197K(45056K)->44197K(45056K) NonClass: 38913K(39424K)->38913K(39424K) Class: 5283K(5632K)->5283K(5632K)
[60.882s][info][gc          ] GC(25) Pause Young (Normal) (G1 Evacuation Pause) 57M->32M(72M) 2.621ms
[60.882s][info][gc,cpu      ] GC(25) User=0.01s Sys=0.01s Real=0.00s
[61.159s][info][gc,start    ] GC(26) Pause Young (Normal) (G1 Evacuation Pause)
[61.159s][info][gc,task     ] GC(26) Using 8 workers of 8 for evacuation
[61.161s][info][gc,phases   ] GC(26)   Pre Evacuate Collection Set: 0.0ms
[61.161s][info][gc,phases   ] GC(26)   Merge Heap Roots: 0.0ms
[61.161s][info][gc,phases   ] GC(26)   Evacuate Collection Set: 1.6ms
[61.161s][info][gc,phases   ] GC(26)   Post Evacuate Collection Set: 0.2ms
[61.161s][info][gc,phases   ] GC(26)   Other: 0.1ms
[61.161s][info][gc,heap     ] GC(26) Eden regions: 26->0(25)
[61.161s][info][gc,heap     ] GC(26) Survivor regions: 3->3(4)
[61.161s][info][gc,heap     ] GC(26) Old regions: 30->31
[61.161s][info][gc,heap     ] GC(26) Archive regions: 2->2
[61.161s][info][gc,heap     ] GC(26) Humongous regions: 0->0
[61.161s][info][gc,metaspace] GC(26) Metaspace: 44202K(45056K)->44202K(45056K) NonClass: 38917K(39424K)->38917K(39424K) Class: 5284K(5632K)->5284K(5632K)
[61.161s][info][gc          ] GC(26) Pause Young (Normal) (G1 Evacuation Pause) 58M->32M(72M) 2.188ms
[61.161s][info][gc,cpu      ] GC(26) User=0.01s Sys=0.00s Real=0.00s
[61.331s][info][gc,start    ] GC(27) Pause Young (Concurrent Start) (G1 Evacuation Pause)
[61.331s][info][gc,task     ] GC(27) Using 8 workers of 8 for evacuation
[61.333s][info][gc,phases   ] GC(27)   Pre Evacuate Collection Set: 0.1ms
[61.333s][info][gc,phases   ] GC(27)   Merge Heap Roots: 0.0ms
[61.333s][info][gc,phases   ] GC(27)   Evacuate Collection Set: 1.6ms
[61.333s][info][gc,phases   ] GC(27)   Post Evacuate Collection Set: 0.2ms
[61.333s][info][gc,phases   ] GC(27)   Other: 0.1ms
[61.333s][info][gc,heap     ] GC(27) Eden regions: 25->0(25)
[61.333s][info][gc,heap     ] GC(27) Survivor regions: 3->3(4)
[61.333s][info][gc,heap     ] GC(27) Old regions: 31->31
[61.333s][info][gc,heap     ] GC(27) Archive regions: 2->2
[61.333s][info][gc,heap     ] GC(27) Humongous regions: 0->0
[61.333s][info][gc,metaspace] GC(27) Metaspace: 44204K(45056K)->44204K(45056K) NonClass: 38919K(39424K)->38919K(39424K) Class: 5285K(5632K)->5285K(5632K)
[61.333s][info][gc          ] GC(27) Pause Young (Concurrent Start) (G1 Evacuation Pause) 57M->33M(72M) 2.135ms
[61.333s][info][gc,cpu      ] GC(27) User=0.02s Sys=0.00s Real=0.00s
[61.333s][info][gc          ] GC(28) Concurrent Cycle
[61.333s][info][gc,marking  ] GC(28) Concurrent Clear Claimed Marks
[61.333s][info][gc,marking  ] GC(28) Concurrent Clear Claimed Marks 0.038ms
[61.333s][info][gc,marking  ] GC(28) Concurrent Scan Root Regions
[61.336s][info][gc,marking  ] GC(28) Concurrent Scan Root Regions 2.808ms
[61.336s][info][gc,marking  ] GC(28) Concurrent Mark (61.336s)
[61.336s][info][gc,marking  ] GC(28) Concurrent Mark From Roots
[61.336s][info][gc,task     ] GC(28) Using 2 workers of 2 for marking
[61.363s][info][gc,marking  ] GC(28) Concurrent Mark From Roots 27.138ms
[61.363s][info][gc,marking  ] GC(28) Concurrent Preclean
[61.363s][info][gc,marking  ] GC(28) Concurrent Preclean 0.063ms
[61.363s][info][gc,marking  ] GC(28) Concurrent Mark (61.336s, 61.363s) 27.264ms
[61.363s][info][gc,start    ] GC(28) Pause Remark
[61.367s][info][gc          ] GC(28) Pause Remark 37M->37M(72M) 3.485ms
[61.367s][info][gc,cpu      ] GC(28) User=0.03s Sys=0.00s Real=0.01s
[61.367s][info][gc,marking  ] GC(28) Concurrent Rebuild Remembered Sets
[61.383s][info][gc,marking  ] GC(28) Concurrent Rebuild Remembered Sets 16.288ms
[61.384s][info][gc,start    ] GC(28) Pause Cleanup
[61.384s][info][gc          ] GC(28) Pause Cleanup 38M->38M(72M) 0.077ms
[61.384s][info][gc,cpu      ] GC(28) User=0.00s Sys=0.00s Real=0.00s
[61.384s][info][gc,marking  ] GC(28) Concurrent Cleanup for Next Mark
[61.384s][info][gc,marking  ] GC(28) Concurrent Cleanup for Next Mark 0.128ms
[61.384s][info][gc          ] GC(28) Concurrent Cycle 50.779ms
[61.510s][info][gc,start    ] GC(29) Pause Young (Normal) (G1 Evacuation Pause)
[61.510s][info][gc,task     ] GC(29) Using 8 workers of 8 for evacuation
[61.512s][info][gc,phases   ] GC(29)   Pre Evacuate Collection Set: 0.1ms
[61.512s][info][gc,phases   ] GC(29)   Merge Heap Roots: 0.0ms
[61.512s][info][gc,phases   ] GC(29)   Evacuate Collection Set: 1.9ms
[61.512s][info][gc,phases   ] GC(29)   Post Evacuate Collection Set: 0.2ms
[61.512s][info][gc,phases   ] GC(29)   Other: 0.1ms
[61.512s][info][gc,heap     ] GC(29) Eden regions: 25->0(25)
[61.512s][info][gc,heap     ] GC(29) Survivor regions: 3->3(4)
[61.512s][info][gc,heap     ] GC(29) Old regions: 31->31
[61.512s][info][gc,heap     ] GC(29) Archive regions: 2->2
[61.512s][info][gc,heap     ] GC(29) Humongous regions: 0->0
[61.512s][info][gc,metaspace] GC(29) Metaspace: 44196K(45056K)->44196K(45056K) NonClass: 38912K(39424K)->38912K(39424K) Class: 5284K(5632K)->5284K(5632K)
[61.512s][info][gc          ] GC(29) Pause Young (Normal) (G1 Evacuation Pause) 58M->34M(72M) 2.383ms
[61.512s][info][gc,cpu      ] GC(29) User=0.01s Sys=0.00s Real=0.00s
[61.654s][info][gc,start    ] GC(30) Pause Young (Concurrent Start) (G1 Evacuation Pause)
[61.654s][info][gc,task     ] GC(30) Using 8 workers of 8 for evacuation
[61.657s][info][gc,phases   ] GC(30)   Pre Evacuate Collection Set: 0.1ms
[61.657s][info][gc,phases   ] GC(30)   Merge Heap Roots: 0.0ms
[61.657s][info][gc,phases   ] GC(30)   Evacuate Collection Set: 1.9ms
[61.657s][info][gc,phases   ] GC(30)   Post Evacuate Collection Set: 0.2ms
[61.657s][info][gc,phases   ] GC(30)   Other: 0.2ms
[61.657s][info][gc,heap     ] GC(30) Eden regions: 25->0(23)
[61.657s][info][gc,heap     ] GC(30) Survivor regions: 3->3(4)
[61.657s][info][gc,heap     ] GC(30) Old regions: 31->33
[61.657s][info][gc,heap     ] GC(30) Archive regions: 2->2
[61.657s][info][gc,heap     ] GC(30) Humongous regions: 0->0
[61.657s][info][gc,metaspace] GC(30) Metaspace: 44198K(45056K)->44198K(45056K) NonClass: 38913K(39424K)->38913K(39424K) Class: 5284K(5632K)->5284K(5632K)
[61.657s][info][gc          ] GC(30) Pause Young (Concurrent Start) (G1 Evacuation Pause) 59M->34M(72M) 2.503ms
[61.657s][info][gc,cpu      ] GC(30) User=0.01s Sys=0.00s Real=0.01s
[61.657s][info][gc          ] GC(31) Concurrent Cycle
[61.657s][info][gc,marking  ] GC(31) Concurrent Clear Claimed Marks
[61.657s][info][gc,marking  ] GC(31) Concurrent Clear Claimed Marks 0.046ms
[61.657s][info][gc,marking  ] GC(31) Concurrent Scan Root Regions
[61.660s][info][gc,marking  ] GC(31) Concurrent Scan Root Regions 2.967ms
[61.660s][info][gc,marking  ] GC(31) Concurrent Mark (61.660s)
[61.660s][info][gc,marking  ] GC(31) Concurrent Mark From Roots
[61.660s][info][gc,task     ] GC(31) Using 2 workers of 2 for marking
[61.689s][info][gc,marking  ] GC(31) Concurrent Mark From Roots 29.182ms
[61.689s][info][gc,marking  ] GC(31) Concurrent Preclean
[61.689s][info][gc,marking  ] GC(31) Concurrent Preclean 0.073ms
[61.689s][info][gc,marking  ] GC(31) Concurrent Mark (61.660s, 61.689s) 29.324ms
[61.689s][info][gc,start    ] GC(31) Pause Remark
[61.691s][info][gc          ] GC(31) Pause Remark 37M->37M(72M) 1.631ms
[61.691s][info][gc,cpu      ] GC(31) User=0.01s Sys=0.00s Real=0.00s
[61.691s][info][gc,marking  ] GC(31) Concurrent Rebuild Remembered Sets
[61.708s][info][gc,marking  ] GC(31) Concurrent Rebuild Remembered Sets 16.936ms
[61.708s][info][gc,start    ] GC(31) Pause Cleanup
[61.708s][info][gc          ] GC(31) Pause Cleanup 39M->39M(72M) 0.088ms
[61.708s][info][gc,cpu      ] GC(31) User=0.01s Sys=0.00s Real=0.00s
[61.708s][info][gc,marking  ] GC(31) Concurrent Cleanup for Next Mark
[61.708s][info][gc,marking  ] GC(31) Concurrent Cleanup for Next Mark 0.159ms
[61.708s][info][gc          ] GC(31) Concurrent Cycle 51.709ms
[61.808s][info][gc,start    ] GC(32) Pause Young (Normal) (G1 Evacuation Pause)
[61.808s][info][gc,task     ] GC(32) Using 8 workers of 8 for evacuation
[61.810s][info][gc,phases   ] GC(32)   Pre Evacuate Collection Set: 0.0ms
[61.810s][info][gc,phases   ] GC(32)   Merge Heap Roots: 0.0ms
[61.810s][info][gc,phases   ] GC(32)   Evacuate Collection Set: 1.9ms
[61.810s][info][gc,phases   ] GC(32)   Post Evacuate Collection Set: 0.2ms
[61.810s][info][gc,phases   ] GC(32)   Other: 0.2ms
[61.810s][info][gc,heap     ] GC(32) Eden regions: 23->0(23)
[61.810s][info][gc,heap     ] GC(32) Survivor regions: 3->3(4)
[61.810s][info][gc,heap     ] GC(32) Old regions: 33->33
[61.810s][info][gc,heap     ] GC(32) Archive regions: 2->2
[61.810s][info][gc,heap     ] GC(32) Humongous regions: 0->0
[61.810s][info][gc,metaspace] GC(32) Metaspace: 44198K(45056K)->44198K(45056K) NonClass: 38914K(39424K)->38914K(39424K) Class: 5284K(5632K)->5284K(5632K)
[61.810s][info][gc          ] GC(32) Pause Young (Normal) (G1 Evacuation Pause) 57M->35M(72M) 2.395ms
[61.810s][info][gc,cpu      ] GC(32) User=0.01s Sys=0.00s Real=0.00s
[61.948s][info][gc,start    ] GC(33) Pause Young (Concurrent Start) (G1 Evacuation Pause)
[61.948s][info][gc,task     ] GC(33) Using 8 workers of 8 for evacuation
[61.950s][info][gc,phases   ] GC(33)   Pre Evacuate Collection Set: 0.1ms
[61.950s][info][gc,phases   ] GC(33)   Merge Heap Roots: 0.0ms
[61.950s][info][gc,phases   ] GC(33)   Evacuate Collection Set: 2.0ms
[61.951s][info][gc,phases   ] GC(33)   Post Evacuate Collection Set: 0.2ms
[61.951s][info][gc,phases   ] GC(33)   Other: 0.2ms
[61.951s][info][gc,heap     ] GC(33) Eden regions: 23->0(23)
[61.951s][info][gc,heap     ] GC(33) Survivor regions: 3->3(4)
[61.951s][info][gc,heap     ] GC(33) Old regions: 33->33
[61.951s][info][gc,heap     ] GC(33) Archive regions: 2->2
[61.951s][info][gc,heap     ] GC(33) Humongous regions: 0->0
[61.951s][info][gc,metaspace] GC(33) Metaspace: 44207K(45056K)->44207K(45056K) NonClass: 38922K(39424K)->38922K(39424K) Class: 5285K(5632K)->5285K(5632K)
[61.951s][info][gc          ] GC(33) Pause Young (Concurrent Start) (G1 Evacuation Pause) 58M->35M(72M) 2.589ms
[61.951s][info][gc,cpu      ] GC(33) User=0.02s Sys=0.00s Real=0.00s
[61.951s][info][gc          ] GC(34) Concurrent Cycle
[61.951s][info][gc,marking  ] GC(34) Concurrent Clear Claimed Marks
[61.951s][info][gc,marking  ] GC(34) Concurrent Clear Claimed Marks 0.046ms
[61.951s][info][gc,marking  ] GC(34) Concurrent Scan Root Regions
[61.954s][info][gc,marking  ] GC(34) Concurrent Scan Root Regions 3.288ms
[61.954s][info][gc,marking  ] GC(34) Concurrent Mark (61.954s)
[61.954s][info][gc,marking  ] GC(34) Concurrent Mark From Roots
[61.954s][info][gc,task     ] GC(34) Using 2 workers of 2 for marking
[61.990s][info][gc,marking  ] GC(34) Concurrent Mark From Roots 35.897ms
[61.990s][info][gc,marking  ] GC(34) Concurrent Preclean
[61.990s][info][gc,marking  ] GC(34) Concurrent Preclean 0.101ms
[61.990s][info][gc,marking  ] GC(34) Concurrent Mark (61.954s, 61.990s) 36.073ms
[61.991s][info][gc,start    ] GC(34) Pause Remark
[61.993s][info][gc          ] GC(34) Pause Remark 40M->40M(72M) 1.995ms
[61.993s][info][gc,cpu      ] GC(34) User=0.01s Sys=0.00s Real=0.00s
[61.993s][info][gc,marking  ] GC(34) Concurrent Rebuild Remembered Sets
[62.012s][info][gc,marking  ] GC(34) Concurrent Rebuild Remembered Sets 19.552ms
[62.013s][info][gc,start    ] GC(34) Pause Cleanup
[62.013s][info][gc          ] GC(34) Pause Cleanup 43M->43M(72M) 0.076ms
[62.013s][info][gc,cpu      ] GC(34) User=0.00s Sys=0.00s Real=0.00s
[62.013s][info][gc,marking  ] GC(34) Concurrent Cleanup for Next Mark
[62.013s][info][gc,marking  ] GC(34) Concurrent Cleanup for Next Mark 0.138ms
[62.013s][info][gc          ] GC(34) Concurrent Cycle 62.176ms
[62.127s][info][gc,start    ] GC(35) Pause Young (Normal) (G1 Evacuation Pause)
[62.127s][info][gc,task     ] GC(35) Using 8 workers of 8 for evacuation
[62.129s][info][gc,phases   ] GC(35)   Pre Evacuate Collection Set: 0.0ms
[62.129s][info][gc,phases   ] GC(35)   Merge Heap Roots: 0.0ms
[62.129s][info][gc,phases   ] GC(35)   Evacuate Collection Set: 1.5ms
[62.129s][info][gc,phases   ] GC(35)   Post Evacuate Collection Set: 0.2ms
[62.129s][info][gc,phases   ] GC(35)   Other: 0.1ms
[62.129s][info][gc,heap     ] GC(35) Eden regions: 23->0(22)
[62.129s][info][gc,heap     ] GC(35) Survivor regions: 3->3(4)
[62.129s][info][gc,heap     ] GC(35) Old regions: 33->34
[62.129s][info][gc,heap     ] GC(35) Archive regions: 2->2
[62.129s][info][gc,heap     ] GC(35) Humongous regions: 0->0
[62.129s][info][gc,metaspace] GC(35) Metaspace: 44208K(45056K)->44208K(45056K) NonClass: 38923K(39424K)->38923K(39424K) Class: 5285K(5632K)->5285K(5632K)
[62.129s][info][gc          ] GC(35) Pause Young (Normal) (G1 Evacuation Pause) 58M->36M(72M) 1.992ms
[62.129s][info][gc,cpu      ] GC(35) User=0.02s Sys=0.00s Real=0.00s
[62.238s][info][gc,start    ] GC(36) Pause Young (Concurrent Start) (G1 Evacuation Pause)
[62.238s][info][gc,task     ] GC(36) Using 8 workers of 8 for evacuation
[62.240s][info][gc,phases   ] GC(36)   Pre Evacuate Collection Set: 0.1ms
[62.240s][info][gc,phases   ] GC(36)   Merge Heap Roots: 0.0ms
[62.240s][info][gc,phases   ] GC(36)   Evacuate Collection Set: 1.7ms
[62.240s][info][gc,phases   ] GC(36)   Post Evacuate Collection Set: 0.2ms
[62.240s][info][gc,phases   ] GC(36)   Other: 0.2ms
[62.240s][info][gc,heap     ] GC(36) Eden regions: 22->0(21)
[62.240s][info][gc,heap     ] GC(36) Survivor regions: 3->3(4)
[62.240s][info][gc,heap     ] GC(36) Old regions: 34->35
[62.240s][info][gc,heap     ] GC(36) Archive regions: 2->2
[62.240s][info][gc,heap     ] GC(36) Humongous regions: 0->0
[62.240s][info][gc,metaspace] GC(36) Metaspace: 44214K(45056K)->44214K(45056K) NonClass: 38928K(39424K)->38928K(39424K) Class: 5285K(5632K)->5285K(5632K)
[62.240s][info][gc          ] GC(36) Pause Young (Concurrent Start) (G1 Evacuation Pause) 58M->37M(72M) 2.300ms
[62.240s][info][gc,cpu      ] GC(36) User=0.01s Sys=0.01s Real=0.00s
[62.240s][info][gc          ] GC(37) Concurrent Cycle
[62.240s][info][gc,marking  ] GC(37) Concurrent Clear Claimed Marks
[62.240s][info][gc,marking  ] GC(37) Concurrent Clear Claimed Marks 0.064ms
[62.240s][info][gc,marking  ] GC(37) Concurrent Scan Root Regions
[62.244s][info][gc,marking  ] GC(37) Concurrent Scan Root Regions 3.293ms
[62.244s][info][gc,marking  ] GC(37) Concurrent Mark (62.244s)
[62.244s][info][gc,marking  ] GC(37) Concurrent Mark From Roots
[62.244s][info][gc,task     ] GC(37) Using 2 workers of 2 for marking
[62.272s][info][gc,marking  ] GC(37) Concurrent Mark From Roots 28.376ms
[62.272s][info][gc,marking  ] GC(37) Concurrent Preclean
[62.272s][info][gc,marking  ] GC(37) Concurrent Preclean 0.077ms
[62.272s][info][gc,marking  ] GC(37) Concurrent Mark (62.244s, 62.272s) 28.523ms
[62.272s][info][gc,start    ] GC(37) Pause Remark
[62.274s][info][gc          ] GC(37) Pause Remark 41M->41M(75M) 2.078ms
[62.274s][info][gc,cpu      ] GC(37) User=0.01s Sys=0.00s Real=0.00s
[62.275s][info][gc,marking  ] GC(37) Concurrent Rebuild Remembered Sets
[62.292s][info][gc,marking  ] GC(37) Concurrent Rebuild Remembered Sets 17.307ms
[62.292s][info][gc,start    ] GC(37) Pause Cleanup
[62.292s][info][gc          ] GC(37) Pause Cleanup 44M->44M(75M) 0.085ms
[62.292s][info][gc,cpu      ] GC(37) User=0.00s Sys=0.00s Real=0.00s
[62.292s][info][gc,marking  ] GC(37) Concurrent Cleanup for Next Mark
[62.292s][info][gc,marking  ] GC(37) Concurrent Cleanup for Next Mark 0.119ms
[62.292s][info][gc          ] GC(37) Concurrent Cycle 52.253ms
[62.358s][info][gc,start    ] GC(38) Pause Young (Normal) (G1 Evacuation Pause)
[62.358s][info][gc,task     ] GC(38) Using 8 workers of 8 for evacuation
[62.361s][info][gc,phases   ] GC(38)   Pre Evacuate Collection Set: 0.0ms
[62.361s][info][gc,phases   ] GC(38)   Merge Heap Roots: 0.0ms
[62.361s][info][gc,phases   ] GC(38)   Evacuate Collection Set: 2.0ms
[62.361s][info][gc,phases   ] GC(38)   Post Evacuate Collection Set: 0.2ms
[62.361s][info][gc,phases   ] GC(38)   Other: 0.2ms
[62.361s][info][gc,heap     ] GC(38) Eden regions: 21->0(23)
[62.361s][info][gc,heap     ] GC(38) Survivor regions: 3->3(3)
[62.361s][info][gc,heap     ] GC(38) Old regions: 35->36
[62.361s][info][gc,heap     ] GC(38) Archive regions: 2->2
[62.361s][info][gc,heap     ] GC(38) Humongous regions: 0->0
[62.361s][info][gc,metaspace] GC(38) Metaspace: 44217K(45056K)->44217K(45056K) NonClass: 38931K(39424K)->38931K(39424K) Class: 5286K(5632K)->5286K(5632K)
[62.361s][info][gc          ] GC(38) Pause Young (Normal) (G1 Evacuation Pause) 58M->37M(75M) 2.546ms
[62.361s][info][gc,cpu      ] GC(38) User=0.01s Sys=0.00s Real=0.00s
[62.467s][info][gc,start    ] GC(39) Pause Young (Concurrent Start) (G1 Evacuation Pause)
[62.467s][info][gc,task     ] GC(39) Using 8 workers of 8 for evacuation
[62.469s][info][gc,phases   ] GC(39)   Pre Evacuate Collection Set: 0.1ms
[62.469s][info][gc,phases   ] GC(39)   Merge Heap Roots: 0.0ms
[62.469s][info][gc,phases   ] GC(39)   Evacuate Collection Set: 1.7ms
[62.469s][info][gc,phases   ] GC(39)   Post Evacuate Collection Set: 0.2ms
[62.469s][info][gc,phases   ] GC(39)   Other: 0.2ms
[62.469s][info][gc,heap     ] GC(39) Eden regions: 23->0(23)
[62.469s][info][gc,heap     ] GC(39) Survivor regions: 3->3(4)
[62.469s][info][gc,heap     ] GC(39) Old regions: 36->36
[62.469s][info][gc,heap     ] GC(39) Archive regions: 2->2
[62.469s][info][gc,heap     ] GC(39) Humongous regions: 0->0
[62.469s][info][gc,metaspace] GC(39) Metaspace: 44219K(45056K)->44219K(45056K) NonClass: 38933K(39424K)->38933K(39424K) Class: 5286K(5632K)->5286K(5632K)
[62.469s][info][gc          ] GC(39) Pause Young (Concurrent Start) (G1 Evacuation Pause) 60M->38M(75M) 2.326ms
[62.469s][info][gc,cpu      ] GC(39) User=0.01s Sys=0.00s Real=0.00s
[62.469s][info][gc          ] GC(40) Concurrent Cycle
[62.469s][info][gc,marking  ] GC(40) Concurrent Clear Claimed Marks
[62.470s][info][gc,marking  ] GC(40) Concurrent Clear Claimed Marks 0.034ms
[62.470s][info][gc,marking  ] GC(40) Concurrent Scan Root Regions
[62.473s][info][gc,marking  ] GC(40) Concurrent Scan Root Regions 3.303ms
[62.473s][info][gc,marking  ] GC(40) Concurrent Mark (62.473s)
[62.473s][info][gc,marking  ] GC(40) Concurrent Mark From Roots
[62.473s][info][gc,task     ] GC(40) Using 2 workers of 2 for marking
[62.507s][info][gc,marking  ] GC(40) Concurrent Mark From Roots 34.460ms
[62.507s][info][gc,marking  ] GC(40) Concurrent Preclean
[62.507s][info][gc,marking  ] GC(40) Concurrent Preclean 0.055ms
[62.507s][info][gc,marking  ] GC(40) Concurrent Mark (62.473s, 62.507s) 34.595ms
[62.508s][info][gc,start    ] GC(40) Pause Remark
[62.509s][info][gc          ] GC(40) Pause Remark 44M->44M(80M) 1.665ms
[62.509s][info][gc,cpu      ] GC(40) User=0.01s Sys=0.00s Real=0.00s
[62.511s][info][gc,marking  ] GC(40) Concurrent Rebuild Remembered Sets
[62.530s][info][gc,marking  ] GC(40) Concurrent Rebuild Remembered Sets 19.178ms
[62.531s][info][gc,start    ] GC(40) Pause Cleanup
[62.531s][info][gc          ] GC(40) Pause Cleanup 46M->46M(80M) 0.080ms
[62.531s][info][gc,cpu      ] GC(40) User=0.00s Sys=0.00s Real=0.00s
[62.531s][info][gc,marking  ] GC(40) Concurrent Cleanup for Next Mark
[62.531s][info][gc,marking  ] GC(40) Concurrent Cleanup for Next Mark 0.201ms
[62.531s][info][gc          ] GC(40) Concurrent Cycle 61.519ms
[62.596s][info][gc,start    ] GC(41) Pause Young (Normal) (G1 Evacuation Pause)
[62.597s][info][gc,task     ] GC(41) Using 8 workers of 8 for evacuation
[62.599s][info][gc,phases   ] GC(41)   Pre Evacuate Collection Set: 0.0ms
[62.599s][info][gc,phases   ] GC(41)   Merge Heap Roots: 0.0ms
[62.599s][info][gc,phases   ] GC(41)   Evacuate Collection Set: 1.8ms
[62.599s][info][gc,phases   ] GC(41)   Post Evacuate Collection Set: 0.2ms
[62.599s][info][gc,phases   ] GC(41)   Other: 0.1ms
[62.599s][info][gc,heap     ] GC(41) Eden regions: 23->0(27)
[62.599s][info][gc,heap     ] GC(41) Survivor regions: 3->3(4)
[62.599s][info][gc,heap     ] GC(41) Old regions: 36->37
[62.599s][info][gc,heap     ] GC(41) Archive regions: 2->2
[62.599s][info][gc,heap     ] GC(41) Humongous regions: 0->0
[62.599s][info][gc,metaspace] GC(41) Metaspace: 44220K(45056K)->44220K(45056K) NonClass: 38934K(39424K)->38934K(39424K) Class: 5286K(5632K)->5286K(5632K)
[62.599s][info][gc          ] GC(41) Pause Young (Normal) (G1 Evacuation Pause) 61M->39M(80M) 2.291ms
[62.599s][info][gc,cpu      ] GC(41) User=0.01s Sys=0.00s Real=0.00s
[62.717s][info][gc,start    ] GC(42) Pause Young (Concurrent Start) (G1 Evacuation Pause)
[62.717s][info][gc,task     ] GC(42) Using 8 workers of 8 for evacuation
[62.719s][info][gc,phases   ] GC(42)   Pre Evacuate Collection Set: 0.1ms
[62.719s][info][gc,phases   ] GC(42)   Merge Heap Roots: 0.0ms
[62.719s][info][gc,phases   ] GC(42)   Evacuate Collection Set: 1.6ms
[62.719s][info][gc,phases   ] GC(42)   Post Evacuate Collection Set: 0.2ms
[62.720s][info][gc,phases   ] GC(42)   Other: 0.2ms
[62.720s][info][gc,heap     ] GC(42) Eden regions: 27->0(27)
[62.720s][info][gc,heap     ] GC(42) Survivor regions: 3->3(4)
[62.720s][info][gc,heap     ] GC(42) Old regions: 37->37
[62.720s][info][gc,heap     ] GC(42) Archive regions: 2->2
[62.720s][info][gc,heap     ] GC(42) Humongous regions: 0->0
[62.720s][info][gc,metaspace] GC(42) Metaspace: 44222K(45312K)->44222K(45312K) NonClass: 38936K(39680K)->38936K(39680K) Class: 5286K(5632K)->5286K(5632K)
[62.720s][info][gc          ] GC(42) Pause Young (Concurrent Start) (G1 Evacuation Pause) 66M->39M(80M) 2.174ms
[62.720s][info][gc,cpu      ] GC(42) User=0.01s Sys=0.00s Real=0.00s
[62.720s][info][gc          ] GC(43) Concurrent Cycle
[62.720s][info][gc,marking  ] GC(43) Concurrent Clear Claimed Marks
[62.720s][info][gc,marking  ] GC(43) Concurrent Clear Claimed Marks 0.043ms
[62.720s][info][gc,marking  ] GC(43) Concurrent Scan Root Regions
[62.724s][info][gc,marking  ] GC(43) Concurrent Scan Root Regions 4.332ms
[62.724s][info][gc,marking  ] GC(43) Concurrent Mark (62.724s)
[62.724s][info][gc,marking  ] GC(43) Concurrent Mark From Roots
[62.724s][info][gc,task     ] GC(43) Using 2 workers of 2 for marking
[62.757s][info][gc,marking  ] GC(43) Concurrent Mark From Roots 33.410ms
[62.758s][info][gc,marking  ] GC(43) Concurrent Preclean
[62.758s][info][gc,marking  ] GC(43) Concurrent Preclean 0.076ms
[62.758s][info][gc,marking  ] GC(43) Concurrent Mark (62.724s, 62.758s) 33.577ms
[62.758s][info][gc,start    ] GC(43) Pause Remark
[62.760s][info][gc          ] GC(43) Pause Remark 44M->44M(80M) 1.774ms
[62.760s][info][gc,cpu      ] GC(43) User=0.02s Sys=0.00s Real=0.00s
[62.760s][info][gc,marking  ] GC(43) Concurrent Rebuild Remembered Sets
[62.781s][info][gc,marking  ] GC(43) Concurrent Rebuild Remembered Sets 21.169ms
[62.781s][info][gc,start    ] GC(43) Pause Cleanup
[62.781s][info][gc          ] GC(43) Pause Cleanup 48M->48M(80M) 0.084ms
[62.781s][info][gc,cpu      ] GC(43) User=0.00s Sys=0.00s Real=0.00s
[62.781s][info][gc,marking  ] GC(43) Concurrent Cleanup for Next Mark
[62.781s][info][gc,marking  ] GC(43) Concurrent Cleanup for Next Mark 0.147ms
[62.782s][info][gc          ] GC(43) Concurrent Cycle 61.920ms
[62.861s][info][gc,start    ] GC(44) Pause Young (Normal) (G1 Evacuation Pause)
[62.861s][info][gc,task     ] GC(44) Using 8 workers of 8 for evacuation
[62.863s][info][gc,phases   ] GC(44)   Pre Evacuate Collection Set: 0.0ms
[62.863s][info][gc,phases   ] GC(44)   Merge Heap Roots: 0.0ms
[62.863s][info][gc,phases   ] GC(44)   Evacuate Collection Set: 2.2ms
[62.863s][info][gc,phases   ] GC(44)   Post Evacuate Collection Set: 0.2ms
[62.863s][info][gc,phases   ] GC(44)   Other: 0.1ms
[62.863s][info][gc,heap     ] GC(44) Eden regions: 27->0(26)
[62.863s][info][gc,heap     ] GC(44) Survivor regions: 3->3(4)
[62.863s][info][gc,heap     ] GC(44) Old regions: 37->38
[62.863s][info][gc,heap     ] GC(44) Archive regions: 2->2
[62.863s][info][gc,heap     ] GC(44) Humongous regions: 0->0
[62.863s][info][gc,metaspace] GC(44) Metaspace: 44223K(45312K)->44223K(45312K) NonClass: 38937K(39680K)->38937K(39680K) Class: 5286K(5632K)->5286K(5632K)
[62.863s][info][gc          ] GC(44) Pause Young (Normal) (G1 Evacuation Pause) 66M->40M(80M) 2.657ms
[62.864s][info][gc,cpu      ] GC(44) User=0.02s Sys=0.00s Real=0.00s
[62.972s][info][gc,start    ] GC(45) Pause Young (Concurrent Start) (G1 Evacuation Pause)
[62.972s][info][gc,task     ] GC(45) Using 8 workers of 8 for evacuation
[62.975s][info][gc,phases   ] GC(45)   Pre Evacuate Collection Set: 0.1ms
[62.975s][info][gc,phases   ] GC(45)   Merge Heap Roots: 0.0ms
[62.975s][info][gc,phases   ] GC(45)   Evacuate Collection Set: 2.0ms
[62.975s][info][gc,phases   ] GC(45)   Post Evacuate Collection Set: 0.2ms
[62.975s][info][gc,phases   ] GC(45)   Other: 0.1ms
[62.975s][info][gc,heap     ] GC(45) Eden regions: 26->0(25)
[62.975s][info][gc,heap     ] GC(45) Survivor regions: 3->3(4)
[62.975s][info][gc,heap     ] GC(45) Old regions: 38->39
[62.975s][info][gc,heap     ] GC(45) Archive regions: 2->2
[62.975s][info][gc,heap     ] GC(45) Humongous regions: 0->0
[62.975s][info][gc,metaspace] GC(45) Metaspace: 44229K(45312K)->44229K(45312K) NonClass: 38943K(39680K)->38943K(39680K) Class: 5286K(5632K)->5286K(5632K)
[62.975s][info][gc          ] GC(45) Pause Young (Concurrent Start) (G1 Evacuation Pause) 66M->41M(80M) 2.564ms
[62.975s][info][gc,cpu      ] GC(45) User=0.02s Sys=0.00s Real=0.00s
[62.975s][info][gc          ] GC(46) Concurrent Cycle
[62.975s][info][gc,marking  ] GC(46) Concurrent Clear Claimed Marks
[62.975s][info][gc,marking  ] GC(46) Concurrent Clear Claimed Marks 0.040ms
[62.975s][info][gc,marking  ] GC(46) Concurrent Scan Root Regions
[62.977s][info][gc,marking  ] GC(46) Concurrent Scan Root Regions 2.391ms
[62.977s][info][gc,marking  ] GC(46) Concurrent Mark (62.977s)
[62.977s][info][gc,marking  ] GC(46) Concurrent Mark From Roots
[62.977s][info][gc,task     ] GC(46) Using 2 workers of 2 for marking
[63.016s][info][gc,marking  ] GC(46) Concurrent Mark From Roots 39.015ms
[63.017s][info][gc,marking  ] GC(46) Concurrent Preclean
[63.017s][info][gc,marking  ] GC(46) Concurrent Preclean 0.081ms
[63.017s][info][gc,marking  ] GC(46) Concurrent Mark (62.977s, 63.017s) 39.167ms
[63.017s][info][gc,start    ] GC(46) Pause Remark
[63.019s][info][gc          ] GC(46) Pause Remark 46M->46M(84M) 1.981ms
[63.019s][info][gc,cpu      ] GC(46) User=0.01s Sys=0.00s Real=0.00s
[63.019s][info][gc,marking  ] GC(46) Concurrent Rebuild Remembered Sets
[63.041s][info][gc,marking  ] GC(46) Concurrent Rebuild Remembered Sets 22.601ms
[63.042s][info][gc,start    ] GC(46) Pause Cleanup
[63.042s][info][gc          ] GC(46) Pause Cleanup 50M->50M(84M) 0.092ms
[63.042s][info][gc,cpu      ] GC(46) User=0.00s Sys=0.00s Real=0.00s
[63.042s][info][gc,marking  ] GC(46) Concurrent Cleanup for Next Mark
[63.042s][info][gc,marking  ] GC(46) Concurrent Cleanup for Next Mark 0.154ms
[63.042s][info][gc          ] GC(46) Concurrent Cycle 67.051ms
[63.116s][info][gc,start    ] GC(47) Pause Young (Normal) (G1 Evacuation Pause)
[63.116s][info][gc,task     ] GC(47) Using 8 workers of 8 for evacuation
[63.118s][info][gc,phases   ] GC(47)   Pre Evacuate Collection Set: 0.0ms
[63.118s][info][gc,phases   ] GC(47)   Merge Heap Roots: 0.0ms
[63.118s][info][gc,phases   ] GC(47)   Evacuate Collection Set: 1.9ms
[63.118s][info][gc,phases   ] GC(47)   Post Evacuate Collection Set: 0.2ms
[63.118s][info][gc,phases   ] GC(47)   Other: 0.1ms
[63.118s][info][gc,heap     ] GC(47) Eden regions: 25->0(26)
[63.118s][info][gc,heap     ] GC(47) Survivor regions: 3->4(4)
[63.118s][info][gc,heap     ] GC(47) Old regions: 39->39
[63.118s][info][gc,heap     ] GC(47) Archive regions: 2->2
[63.118s][info][gc,heap     ] GC(47) Humongous regions: 0->0
[63.118s][info][gc,metaspace] GC(47) Metaspace: 44232K(45312K)->44232K(45312K) NonClass: 38946K(39680K)->38946K(39680K) Class: 5286K(5632K)->5286K(5632K)
[63.118s][info][gc          ] GC(47) Pause Young (Normal) (G1 Evacuation Pause) 66M->42M(84M) 2.418ms
[63.118s][info][gc,cpu      ] GC(47) User=0.01s Sys=0.00s Real=0.00s
[63.237s][info][gc,start    ] GC(48) Pause Young (Concurrent Start) (G1 Evacuation Pause)
[63.237s][info][gc,task     ] GC(48) Using 8 workers of 8 for evacuation
[63.240s][info][gc,phases   ] GC(48)   Pre Evacuate Collection Set: 0.1ms
[63.240s][info][gc,phases   ] GC(48)   Merge Heap Roots: 0.0ms
[63.240s][info][gc,phases   ] GC(48)   Evacuate Collection Set: 2.1ms
[63.240s][info][gc,phases   ] GC(48)   Post Evacuate Collection Set: 0.2ms
[63.240s][info][gc,phases   ] GC(48)   Other: 0.2ms
[63.240s][info][gc,heap     ] GC(48) Eden regions: 26->0(27)
[63.240s][info][gc,heap     ] GC(48) Survivor regions: 4->3(4)
[63.240s][info][gc,heap     ] GC(48) Old regions: 39->40
[63.240s][info][gc,heap     ] GC(48) Archive regions: 2->2
[63.240s][info][gc,heap     ] GC(48) Humongous regions: 0->0
[63.240s][info][gc,metaspace] GC(48) Metaspace: 44232K(45312K)->44232K(45312K) NonClass: 38946K(39680K)->38946K(39680K) Class: 5286K(5632K)->5286K(5632K)
[63.240s][info][gc          ] GC(48) Pause Young (Concurrent Start) (G1 Evacuation Pause) 68M->42M(84M) 2.649ms
[63.240s][info][gc,cpu      ] GC(48) User=0.02s Sys=0.00s Real=0.00s
[63.240s][info][gc          ] GC(49) Concurrent Cycle
[63.240s][info][gc,marking  ] GC(49) Concurrent Clear Claimed Marks
[63.240s][info][gc,marking  ] GC(49) Concurrent Clear Claimed Marks 0.039ms
[63.240s][info][gc,marking  ] GC(49) Concurrent Scan Root Regions
[63.245s][info][gc,marking  ] GC(49) Concurrent Scan Root Regions 5.471ms
[63.245s][info][gc,marking  ] GC(49) Concurrent Mark (63.245s)
[63.245s][info][gc,marking  ] GC(49) Concurrent Mark From Roots
[63.245s][info][gc,task     ] GC(49) Using 2 workers of 2 for marking
[63.285s][info][gc,marking  ] GC(49) Concurrent Mark From Roots 39.010ms
[63.285s][info][gc,marking  ] GC(49) Concurrent Preclean
[63.285s][info][gc,marking  ] GC(49) Concurrent Preclean 0.061ms
[63.285s][info][gc,marking  ] GC(49) Concurrent Mark (63.245s, 63.285s) 39.131ms
[63.285s][info][gc,start    ] GC(49) Pause Remark
[63.286s][info][gc          ] GC(49) Pause Remark 50M->50M(89M) 1.523ms
[63.286s][info][gc,cpu      ] GC(49) User=0.01s Sys=0.00s Real=0.01s
[63.286s][info][gc,marking  ] GC(49) Concurrent Rebuild Remembered Sets
[63.314s][info][gc,marking  ] GC(49) Concurrent Rebuild Remembered Sets 27.936ms
[63.314s][info][gc,start    ] GC(49) Pause Cleanup
[63.315s][info][gc          ] GC(49) Pause Cleanup 55M->55M(89M) 0.084ms
[63.315s][info][gc,cpu      ] GC(49) User=0.00s Sys=0.00s Real=0.00s
[63.315s][info][gc,marking  ] GC(49) Concurrent Cleanup for Next Mark
[63.315s][info][gc,marking  ] GC(49) Concurrent Cleanup for Next Mark 0.260ms
[63.315s][info][gc          ] GC(49) Concurrent Cycle 75.025ms
[63.381s][info][gc,start    ] GC(50) Pause Young (Normal) (G1 Evacuation Pause)
[63.381s][info][gc,task     ] GC(50) Using 8 workers of 8 for evacuation
[63.384s][info][gc,phases   ] GC(50)   Pre Evacuate Collection Set: 0.1ms
[63.384s][info][gc,phases   ] GC(50)   Merge Heap Roots: 0.0ms
[63.384s][info][gc,phases   ] GC(50)   Evacuate Collection Set: 2.1ms
[63.384s][info][gc,phases   ] GC(50)   Post Evacuate Collection Set: 0.2ms
[63.384s][info][gc,phases   ] GC(50)   Other: 0.1ms
[63.384s][info][gc,heap     ] GC(50) Eden regions: 27->0(31)
[63.384s][info][gc,heap     ] GC(50) Survivor regions: 3->3(4)
[63.384s][info][gc,heap     ] GC(50) Old regions: 40->41
[63.384s][info][gc,heap     ] GC(50) Archive regions: 2->2
[63.384s][info][gc,heap     ] GC(50) Humongous regions: 0->0
[63.384s][info][gc,metaspace] GC(50) Metaspace: 44233K(45312K)->44233K(45312K) NonClass: 38947K(39680K)->38947K(39680K) Class: 5286K(5632K)->5286K(5632K)
[63.384s][info][gc          ] GC(50) Pause Young (Normal) (G1 Evacuation Pause) 69M->43M(89M) 2.577ms
[63.384s][info][gc,cpu      ] GC(50) User=0.01s Sys=0.00s Real=0.00s
[63.527s][info][gc,start    ] GC(51) Pause Young (Concurrent Start) (G1 Evacuation Pause)
[63.527s][info][gc,task     ] GC(51) Using 8 workers of 8 for evacuation
[63.529s][info][gc,phases   ] GC(51)   Pre Evacuate Collection Set: 0.1ms
[63.529s][info][gc,phases   ] GC(51)   Merge Heap Roots: 0.0ms
[63.529s][info][gc,phases   ] GC(51)   Evacuate Collection Set: 2.0ms
[63.529s][info][gc,phases   ] GC(51)   Post Evacuate Collection Set: 0.2ms
[63.529s][info][gc,phases   ] GC(51)   Other: 0.2ms
[63.529s][info][gc,heap     ] GC(51) Eden regions: 31->0(29)
[63.529s][info][gc,heap     ] GC(51) Survivor regions: 3->4(5)
[63.529s][info][gc,heap     ] GC(51) Old regions: 41->41
[63.529s][info][gc,heap     ] GC(51) Archive regions: 2->2
[63.529s][info][gc,heap     ] GC(51) Humongous regions: 0->0
[63.529s][info][gc,metaspace] GC(51) Metaspace: 44237K(45312K)->44237K(45312K) NonClass: 38951K(39680K)->38951K(39680K) Class: 5286K(5632K)->5286K(5632K)
[63.529s][info][gc          ] GC(51) Pause Young (Concurrent Start) (G1 Evacuation Pause) 74M->44M(89M) 2.611ms
[63.529s][info][gc,cpu      ] GC(51) User=0.01s Sys=0.00s Real=0.00s
[63.529s][info][gc          ] GC(52) Concurrent Cycle
[63.529s][info][gc,marking  ] GC(52) Concurrent Clear Claimed Marks
[63.529s][info][gc,marking  ] GC(52) Concurrent Clear Claimed Marks 0.033ms
[63.530s][info][gc,marking  ] GC(52) Concurrent Scan Root Regions
[63.536s][info][gc,marking  ] GC(52) Concurrent Scan Root Regions 6.257ms
[63.536s][info][gc,marking  ] GC(52) Concurrent Mark (63.536s)
[63.536s][info][gc,marking  ] GC(52) Concurrent Mark From Roots
[63.536s][info][gc,task     ] GC(52) Using 2 workers of 2 for marking
[63.590s][info][gc,marking  ] GC(52) Concurrent Mark From Roots 54.521ms
[63.590s][info][gc,marking  ] GC(52) Concurrent Preclean
[63.590s][info][gc,marking  ] GC(52) Concurrent Preclean 0.079ms
[63.590s][info][gc,marking  ] GC(52) Concurrent Mark (63.536s, 63.590s) 54.674ms
[63.591s][info][gc,start    ] GC(52) Pause Remark
[63.593s][info][gc          ] GC(52) Pause Remark 53M->53M(95M) 2.729ms
[63.593s][info][gc,cpu      ] GC(52) User=0.01s Sys=0.00s Real=0.00s
[63.594s][info][gc,marking  ] GC(52) Concurrent Rebuild Remembered Sets
[63.625s][info][gc,marking  ] GC(52) Concurrent Rebuild Remembered Sets 31.375ms
[63.626s][info][gc,start    ] GC(52) Pause Cleanup
[63.626s][info][gc          ] GC(52) Pause Cleanup 59M->59M(95M) 0.105ms
[63.626s][info][gc,cpu      ] GC(52) User=0.00s Sys=0.00s Real=0.00s
[63.626s][info][gc,marking  ] GC(52) Concurrent Cleanup for Next Mark
[63.626s][info][gc,marking  ] GC(52) Concurrent Cleanup for Next Mark 0.254ms
[63.626s][info][gc          ] GC(52) Concurrent Cycle 96.571ms
[63.686s][info][gc,start    ] GC(53) Pause Young (Normal) (G1 Evacuation Pause)
[63.686s][info][gc,task     ] GC(53) Using 8 workers of 8 for evacuation
[63.689s][info][gc,phases   ] GC(53)   Pre Evacuate Collection Set: 0.0ms
[63.689s][info][gc,phases   ] GC(53)   Merge Heap Roots: 0.0ms
[63.689s][info][gc,phases   ] GC(53)   Evacuate Collection Set: 2.1ms
[63.689s][info][gc,phases   ] GC(53)   Post Evacuate Collection Set: 0.2ms
[63.689s][info][gc,phases   ] GC(53)   Other: 0.2ms
[63.689s][info][gc,heap     ] GC(53) Eden regions: 29->0(35)
[63.689s][info][gc,heap     ] GC(53) Survivor regions: 4->3(5)
[63.689s][info][gc,heap     ] GC(53) Old regions: 41->42
[63.689s][info][gc,heap     ] GC(53) Archive regions: 2->2
[63.689s][info][gc,heap     ] GC(53) Humongous regions: 0->0
[63.689s][info][gc,metaspace] GC(53) Metaspace: 44237K(45312K)->44237K(45312K) NonClass: 38951K(39680K)->38951K(39680K) Class: 5286K(5632K)->5286K(5632K)
[63.689s][info][gc          ] GC(53) Pause Young (Normal) (G1 Evacuation Pause) 73M->45M(95M) 2.560ms
[63.689s][info][gc,cpu      ] GC(53) User=0.01s Sys=0.01s Real=0.00s
[63.847s][info][gc,start    ] GC(54) Pause Young (Concurrent Start) (G1 Evacuation Pause)
[63.847s][info][gc,task     ] GC(54) Using 8 workers of 8 for evacuation
[63.850s][info][gc,phases   ] GC(54)   Pre Evacuate Collection Set: 0.1ms
[63.850s][info][gc,phases   ] GC(54)   Merge Heap Roots: 0.0ms
[63.850s][info][gc,phases   ] GC(54)   Evacuate Collection Set: 2.9ms
[63.850s][info][gc,phases   ] GC(54)   Post Evacuate Collection Set: 0.2ms
[63.850s][info][gc,phases   ] GC(54)   Other: 0.2ms
[63.850s][info][gc,heap     ] GC(54) Eden regions: 35->0(32)
[63.850s][info][gc,heap     ] GC(54) Survivor regions: 3->4(5)
[63.850s][info][gc,heap     ] GC(54) Old regions: 42->43
[63.850s][info][gc,heap     ] GC(54) Archive regions: 2->2
[63.850s][info][gc,heap     ] GC(54) Humongous regions: 0->0
[63.850s][info][gc,metaspace] GC(54) Metaspace: 44237K(45312K)->44237K(45312K) NonClass: 38951K(39680K)->38951K(39680K) Class: 5286K(5632K)->5286K(5632K)
[63.850s][info][gc          ] GC(54) Pause Young (Concurrent Start) (G1 Evacuation Pause) 80M->46M(95M) 3.485ms
[63.850s][info][gc,cpu      ] GC(54) User=0.02s Sys=0.00s Real=0.00s
[63.850s][info][gc          ] GC(55) Concurrent Cycle
[63.850s][info][gc,marking  ] GC(55) Concurrent Clear Claimed Marks
[63.850s][info][gc,marking  ] GC(55) Concurrent Clear Claimed Marks 0.047ms
[63.850s][info][gc,marking  ] GC(55) Concurrent Scan Root Regions
[63.853s][info][gc,marking  ] GC(55) Concurrent Scan Root Regions 2.578ms
[63.853s][info][gc,marking  ] GC(55) Concurrent Mark (63.853s)
[63.853s][info][gc,marking  ] GC(55) Concurrent Mark From Roots
[63.853s][info][gc,task     ] GC(55) Using 2 workers of 2 for marking
[63.894s][info][gc,marking  ] GC(55) Concurrent Mark From Roots 41.158ms
[63.894s][info][gc,marking  ] GC(55) Concurrent Preclean
[63.894s][info][gc,marking  ] GC(55) Concurrent Preclean 0.090ms
[63.894s][info][gc,marking  ] GC(55) Concurrent Mark (63.853s, 63.894s) 41.332ms
[63.895s][info][gc,start    ] GC(55) Pause Remark
[63.896s][info][gc          ] GC(55) Pause Remark 53M->53M(95M) 1.688ms
[63.896s][info][gc,cpu      ] GC(55) User=0.01s Sys=0.00s Real=0.01s
[63.896s][info][gc,marking  ] GC(55) Concurrent Rebuild Remembered Sets
[63.920s][info][gc,marking  ] GC(55) Concurrent Rebuild Remembered Sets 23.895ms
[63.921s][info][gc,start    ] GC(55) Pause Cleanup
[63.921s][info][gc          ] GC(55) Pause Cleanup 58M->58M(95M) 0.100ms
[63.921s][info][gc,cpu      ] GC(55) User=0.00s Sys=0.00s Real=0.00s
[63.921s][info][gc,marking  ] GC(55) Concurrent Cleanup for Next Mark
[63.921s][info][gc,marking  ] GC(55) Concurrent Cleanup for Next Mark 0.240ms
[63.921s][info][gc          ] GC(55) Concurrent Cycle 70.583ms
[64.010s][info][gc,start    ] GC(56) Pause Young (Normal) (G1 Evacuation Pause)
[64.010s][info][gc,task     ] GC(56) Using 8 workers of 8 for evacuation
[64.013s][info][gc,phases   ] GC(56)   Pre Evacuate Collection Set: 0.0ms
[64.014s][info][gc,phases   ] GC(56)   Merge Heap Roots: 0.0ms
[64.014s][info][gc,phases   ] GC(56)   Evacuate Collection Set: 3.1ms
[64.014s][info][gc,phases   ] GC(56)   Post Evacuate Collection Set: 0.3ms
[64.014s][info][gc,phases   ] GC(56)   Other: 0.1ms
[64.014s][info][gc,heap     ] GC(56) Eden regions: 32->0(31)
[64.014s][info][gc,heap     ] GC(56) Survivor regions: 4->4(5)
[64.014s][info][gc,heap     ] GC(56) Old regions: 43->44
[64.014s][info][gc,heap     ] GC(56) Archive regions: 2->2
[64.014s][info][gc,heap     ] GC(56) Humongous regions: 0->0
[64.014s][info][gc,metaspace] GC(56) Metaspace: 44237K(45312K)->44237K(45312K) NonClass: 38951K(39680K)->38951K(39680K) Class: 5286K(5632K)->5286K(5632K)
[64.014s][info][gc          ] GC(56) Pause Young (Normal) (G1 Evacuation Pause) 78M->46M(95M) 3.710ms
[64.014s][info][gc,cpu      ] GC(56) User=0.01s Sys=0.00s Real=0.00s
[72.466s][info][gc,start    ] GC(57) Pause Young (Concurrent Start) (G1 Evacuation Pause)
[72.466s][info][gc,task     ] GC(57) Using 8 workers of 8 for evacuation
[72.470s][info][gc,phases   ] GC(57)   Pre Evacuate Collection Set: 0.1ms
[72.470s][info][gc,phases   ] GC(57)   Merge Heap Roots: 0.0ms
[72.470s][info][gc,phases   ] GC(57)   Evacuate Collection Set: 3.1ms
[72.470s][info][gc,phases   ] GC(57)   Post Evacuate Collection Set: 0.3ms
[72.470s][info][gc,phases   ] GC(57)   Other: 0.2ms
[72.470s][info][gc,heap     ] GC(57) Eden regions: 31->0(31)
[72.470s][info][gc,heap     ] GC(57) Survivor regions: 4->4(5)
[72.470s][info][gc,heap     ] GC(57) Old regions: 44->44
[72.470s][info][gc,heap     ] GC(57) Archive regions: 2->2
[72.470s][info][gc,heap     ] GC(57) Humongous regions: 0->0
[72.470s][info][gc,metaspace] GC(57) Metaspace: 44255K(45312K)->44255K(45312K) NonClass: 38968K(39680K)->38968K(39680K) Class: 5287K(5632K)->5287K(5632K)
[72.470s][info][gc          ] GC(57) Pause Young (Concurrent Start) (G1 Evacuation Pause) 77M->48M(95M) 3.895ms
[72.470s][info][gc,cpu      ] GC(57) User=0.02s Sys=0.00s Real=0.00s
[72.470s][info][gc          ] GC(58) Concurrent Cycle
[72.470s][info][gc,marking  ] GC(58) Concurrent Clear Claimed Marks
[72.470s][info][gc,marking  ] GC(58) Concurrent Clear Claimed Marks 0.082ms
[72.470s][info][gc,marking  ] GC(58) Concurrent Scan Root Regions
[72.474s][info][gc,marking  ] GC(58) Concurrent Scan Root Regions 3.405ms
[72.474s][info][gc,marking  ] GC(58) Concurrent Mark (72.474s)
[72.474s][info][gc,marking  ] GC(58) Concurrent Mark From Roots
[72.474s][info][gc,task     ] GC(58) Using 2 workers of 2 for marking
[72.542s][info][gc,marking  ] GC(58) Concurrent Mark From Roots 68.385ms
[72.542s][info][gc,marking  ] GC(58) Concurrent Preclean
[72.542s][info][gc,marking  ] GC(58) Concurrent Preclean 0.086ms
[72.542s][info][gc,marking  ] GC(58) Concurrent Mark (72.474s, 72.542s) 68.575ms
[72.542s][info][gc,start    ] GC(58) Pause Remark
[72.544s][info][gc          ] GC(58) Pause Remark 59M->59M(104M) 1.578ms
[72.544s][info][gc,cpu      ] GC(58) User=0.01s Sys=0.00s Real=0.00s
[72.544s][info][gc,marking  ] GC(58) Concurrent Rebuild Remembered Sets
[72.575s][info][gc,marking  ] GC(58) Concurrent Rebuild Remembered Sets 31.106ms
[72.575s][info][gc,start    ] GC(58) Pause Cleanup
[72.576s][info][gc          ] GC(58) Pause Cleanup 62M->62M(104M) 0.086ms
[72.576s][info][gc,cpu      ] GC(58) User=0.00s Sys=0.00s Real=0.01s
[72.576s][info][gc,marking  ] GC(58) Concurrent Cleanup for Next Mark
[72.576s][info][gc,marking  ] GC(58) Concurrent Cleanup for Next Mark 0.422ms
[72.576s][info][gc          ] GC(58) Concurrent Cycle 105.972ms
[72.694s][info][gc,start    ] GC(59) Pause Young (Normal) (G1 Evacuation Pause)
[72.694s][info][gc,task     ] GC(59) Using 8 workers of 8 for evacuation
[72.697s][info][gc,phases   ] GC(59)   Pre Evacuate Collection Set: 0.0ms
[72.697s][info][gc,phases   ] GC(59)   Merge Heap Roots: 0.1ms
[72.697s][info][gc,phases   ] GC(59)   Evacuate Collection Set: 3.0ms
[72.697s][info][gc,phases   ] GC(59)   Post Evacuate Collection Set: 0.2ms
[72.697s][info][gc,phases   ] GC(59)   Other: 0.2ms
[72.697s][info][gc,heap     ] GC(59) Eden regions: 30->0(37)
[72.697s][info][gc,heap     ] GC(59) Survivor regions: 4->4(5)
[72.697s][info][gc,heap     ] GC(59) Old regions: 44->46
[72.697s][info][gc,heap     ] GC(59) Archive regions: 2->2
[72.697s][info][gc,heap     ] GC(59) Humongous regions: 0->0
[72.697s][info][gc,metaspace] GC(59) Metaspace: 44262K(45312K)->44262K(45312K) NonClass: 38975K(39680K)->38975K(39680K) Class: 5287K(5632K)->5287K(5632K)
[72.697s][info][gc          ] GC(59) Pause Young (Normal) (G1 Evacuation Pause) 78M->48M(104M) 3.564ms
[72.698s][info][gc,cpu      ] GC(59) User=0.02s Sys=0.00s Real=0.01s
[72.807s][info][gc,start    ] GC(60) Pause Young (Concurrent Start) (G1 Humongous Allocation)
[72.808s][info][gc,task     ] GC(60) Using 8 workers of 8 for evacuation
[72.810s][info][gc,phases   ] GC(60)   Pre Evacuate Collection Set: 0.1ms
[72.810s][info][gc,phases   ] GC(60)   Merge Heap Roots: 0.0ms
[72.810s][info][gc,phases   ] GC(60)   Evacuate Collection Set: 1.8ms
[72.810s][info][gc,phases   ] GC(60)   Post Evacuate Collection Set: 0.2ms
[72.810s][info][gc,phases   ] GC(60)   Other: 0.2ms
[72.810s][info][gc,heap     ] GC(60) Eden regions: 18->0(37)
[72.810s][info][gc,heap     ] GC(60) Survivor regions: 4->4(6)
[72.810s][info][gc,heap     ] GC(60) Old regions: 46->46
[72.810s][info][gc,heap     ] GC(60) Archive regions: 2->2
[72.810s][info][gc,heap     ] GC(60) Humongous regions: 0->0
[72.810s][info][gc,metaspace] GC(60) Metaspace: 44262K(45312K)->44262K(45312K) NonClass: 38975K(39680K)->38975K(39680K) Class: 5287K(5632K)->5287K(5632K)
[72.810s][info][gc          ] GC(60) Pause Young (Concurrent Start) (G1 Humongous Allocation) 65M->49M(104M) 2.359ms
[72.810s][info][gc,cpu      ] GC(60) User=0.01s Sys=0.00s Real=0.00s
[72.810s][info][gc          ] GC(61) Concurrent Cycle
[72.810s][info][gc,marking  ] GC(61) Concurrent Clear Claimed Marks
[72.810s][info][gc,marking  ] GC(61) Concurrent Clear Claimed Marks 0.049ms
[72.810s][info][gc,marking  ] GC(61) Concurrent Scan Root Regions
[72.814s][info][gc,marking  ] GC(61) Concurrent Scan Root Regions 3.757ms
[72.814s][info][gc,marking  ] GC(61) Concurrent Mark (72.814s)
[72.814s][info][gc,marking  ] GC(61) Concurrent Mark From Roots
[72.814s][info][gc,task     ] GC(61) Using 2 workers of 2 for marking
[72.867s][info][gc,marking  ] GC(61) Concurrent Mark From Roots 53.050ms
[72.867s][info][gc,marking  ] GC(61) Concurrent Preclean
[72.867s][info][gc,marking  ] GC(61) Concurrent Preclean 0.080ms
[72.867s][info][gc,marking  ] GC(61) Concurrent Mark (72.814s, 72.867s) 53.215ms
[72.867s][info][gc,start    ] GC(61) Pause Remark
[72.869s][info][gc          ] GC(61) Pause Remark 61M->61M(109M) 1.534ms
[72.869s][info][gc,cpu      ] GC(61) User=0.01s Sys=0.00s Real=0.00s
[72.869s][info][gc,marking  ] GC(61) Concurrent Rebuild Remembered Sets
[72.905s][info][gc,marking  ] GC(61) Concurrent Rebuild Remembered Sets 36.608ms
[72.906s][info][gc,start    ] GC(61) Pause Cleanup
[72.906s][info][gc          ] GC(61) Pause Cleanup 67M->67M(109M) 0.083ms
[72.906s][info][gc,cpu      ] GC(61) User=0.00s Sys=0.00s Real=0.00s
[72.906s][info][gc,marking  ] GC(61) Concurrent Cleanup for Next Mark
[72.906s][info][gc,marking  ] GC(61) Concurrent Cleanup for Next Mark 0.303ms
[72.906s][info][gc          ] GC(61) Concurrent Cycle 96.151ms
[73.027s][info][gc,start    ] GC(62) Pause Young (Normal) (G1 Evacuation Pause)
[73.027s][info][gc,task     ] GC(62) Using 8 workers of 8 for evacuation
[73.032s][info][gc,phases   ] GC(62)   Pre Evacuate Collection Set: 0.0ms
[73.032s][info][gc,phases   ] GC(62)   Merge Heap Roots: 0.0ms
[73.032s][info][gc,phases   ] GC(62)   Evacuate Collection Set: 4.2ms
[73.032s][info][gc,phases   ] GC(62)   Post Evacuate Collection Set: 0.3ms
[73.032s][info][gc,phases   ] GC(62)   Other: 0.2ms
[73.032s][info][gc,heap     ] GC(62) Eden regions: 37->0(35)
[73.032s][info][gc,heap     ] GC(62) Survivor regions: 4->4(6)
[73.032s][info][gc,heap     ] GC(62) Old regions: 46->47
[73.032s][info][gc,heap     ] GC(62) Archive regions: 2->2
[73.032s][info][gc,heap     ] GC(62) Humongous regions: 6->6
[73.032s][info][gc,metaspace] GC(62) Metaspace: 44263K(45312K)->44263K(45312K) NonClass: 38975K(39680K)->38975K(39680K) Class: 5287K(5632K)->5287K(5632K)
[73.032s][info][gc          ] GC(62) Pause Young (Normal) (G1 Evacuation Pause) 92M->56M(109M) 4.966ms
[73.032s][info][gc,cpu      ] GC(62) User=0.03s Sys=0.00s Real=0.00s
[73.217s][info][gc,start    ] GC(63) Pause Young (Concurrent Start) (G1 Evacuation Pause)
[73.217s][info][gc,task     ] GC(63) Using 8 workers of 8 for evacuation
[73.221s][info][gc,phases   ] GC(63)   Pre Evacuate Collection Set: 0.1ms
[73.221s][info][gc,phases   ] GC(63)   Merge Heap Roots: 0.0ms
[73.221s][info][gc,phases   ] GC(63)   Evacuate Collection Set: 3.1ms
[73.221s][info][gc,phases   ] GC(63)   Post Evacuate Collection Set: 0.2ms
[73.221s][info][gc,phases   ] GC(63)   Other: 0.2ms
[73.221s][info][gc,heap     ] GC(63) Eden regions: 35->0(34)
[73.221s][info][gc,heap     ] GC(63) Survivor regions: 4->4(5)
[73.221s][info][gc,heap     ] GC(63) Old regions: 47->48
[73.221s][info][gc,heap     ] GC(63) Archive regions: 2->2
[73.221s][info][gc,heap     ] GC(63) Humongous regions: 6->6
[73.221s][info][gc,metaspace] GC(63) Metaspace: 44263K(45312K)->44263K(45312K) NonClass: 38976K(39680K)->38976K(39680K) Class: 5287K(5632K)->5287K(5632K)
[73.221s][info][gc          ] GC(63) Pause Young (Concurrent Start) (G1 Evacuation Pause) 91M->57M(109M) 3.698ms
[73.221s][info][gc,cpu      ] GC(63) User=0.02s Sys=0.01s Real=0.00s
[73.221s][info][gc          ] GC(64) Concurrent Cycle
[73.221s][info][gc,marking  ] GC(64) Concurrent Clear Claimed Marks
[73.221s][info][gc,marking  ] GC(64) Concurrent Clear Claimed Marks 0.044ms
[73.221s][info][gc,marking  ] GC(64) Concurrent Scan Root Regions
[73.224s][info][gc,marking  ] GC(64) Concurrent Scan Root Regions 3.098ms
[73.224s][info][gc,marking  ] GC(64) Concurrent Mark (73.224s)
[73.224s][info][gc,marking  ] GC(64) Concurrent Mark From Roots
[73.224s][info][gc,task     ] GC(64) Using 2 workers of 2 for marking
[73.270s][info][gc,marking  ] GC(64) Concurrent Mark From Roots 45.348ms
[73.270s][info][gc,marking  ] GC(64) Concurrent Preclean
[73.270s][info][gc,marking  ] GC(64) Concurrent Preclean 0.078ms
[73.270s][info][gc,marking  ] GC(64) Concurrent Mark (73.224s, 73.270s) 45.515ms
[73.270s][info][gc,start    ] GC(64) Pause Remark
[73.271s][info][gc          ] GC(64) Pause Remark 65M->60M(109M) 1.524ms
[73.271s][info][gc,cpu      ] GC(64) User=0.01s Sys=0.00s Real=0.00s
[73.271s][info][gc,marking  ] GC(64) Concurrent Rebuild Remembered Sets
[73.298s][info][gc,marking  ] GC(64) Concurrent Rebuild Remembered Sets 26.845ms
[73.298s][info][gc,start    ] GC(64) Pause Cleanup
[73.299s][info][gc          ] GC(64) Pause Cleanup 65M->65M(109M) 0.095ms
[73.299s][info][gc,cpu      ] GC(64) User=0.00s Sys=0.00s Real=0.00s
[73.299s][info][gc,marking  ] GC(64) Concurrent Cleanup for Next Mark
[73.299s][info][gc,marking  ] GC(64) Concurrent Cleanup for Next Mark 0.193ms
[73.299s][info][gc          ] GC(64) Concurrent Cycle 77.974ms
[73.391s][info][gc,start    ] GC(65) Pause Young (Normal) (G1 Evacuation Pause)
[73.391s][info][gc,task     ] GC(65) Using 8 workers of 8 for evacuation
[73.394s][info][gc,phases   ] GC(65)   Pre Evacuate Collection Set: 0.0ms
[73.394s][info][gc,phases   ] GC(65)   Merge Heap Roots: 0.0ms
[73.394s][info][gc,phases   ] GC(65)   Evacuate Collection Set: 2.5ms
[73.394s][info][gc,phases   ] GC(65)   Post Evacuate Collection Set: 0.2ms
[73.394s][info][gc,phases   ] GC(65)   Other: 0.2ms
[73.394s][info][gc,heap     ] GC(65) Eden regions: 34->0(38)
[73.394s][info][gc,heap     ] GC(65) Survivor regions: 4->4(5)
[73.394s][info][gc,heap     ] GC(65) Old regions: 48->49
[73.394s][info][gc,heap     ] GC(65) Archive regions: 2->2
[73.394s][info][gc,heap     ] GC(65) Humongous regions: 1->1
[73.394s][info][gc,metaspace] GC(65) Metaspace: 44263K(45312K)->44263K(45312K) NonClass: 38976K(39680K)->38976K(39680K) Class: 5287K(5632K)->5287K(5632K)
[73.394s][info][gc          ] GC(65) Pause Young (Normal) (G1 Evacuation Pause) 86M->52M(109M) 3.071ms
[73.394s][info][gc,cpu      ] GC(65) User=0.02s Sys=0.00s Real=0.00s
[73.564s][info][gc,start    ] GC(66) Pause Young (Concurrent Start) (G1 Evacuation Pause)
[73.564s][info][gc,task     ] GC(66) Using 8 workers of 8 for evacuation
[73.568s][info][gc,phases   ] GC(66)   Pre Evacuate Collection Set: 0.1ms
[73.568s][info][gc,phases   ] GC(66)   Merge Heap Roots: 0.0ms
[73.568s][info][gc,phases   ] GC(66)   Evacuate Collection Set: 2.8ms
[73.568s][info][gc,phases   ] GC(66)   Post Evacuate Collection Set: 0.3ms
[73.568s][info][gc,phases   ] GC(66)   Other: 0.2ms
[73.568s][info][gc,heap     ] GC(66) Eden regions: 38->0(36)
[73.568s][info][gc,heap     ] GC(66) Survivor regions: 4->5(6)
[73.568s][info][gc,heap     ] GC(66) Old regions: 49->49
[73.568s][info][gc,heap     ] GC(66) Archive regions: 2->2
[73.568s][info][gc,heap     ] GC(66) Humongous regions: 1->1
[73.568s][info][gc,metaspace] GC(66) Metaspace: 44263K(45312K)->44263K(45312K) NonClass: 38976K(39680K)->38976K(39680K) Class: 5287K(5632K)->5287K(5632K)
[73.568s][info][gc          ] GC(66) Pause Young (Concurrent Start) (G1 Evacuation Pause) 90M->53M(109M) 3.472ms
[73.568s][info][gc,cpu      ] GC(66) User=0.02s Sys=0.00s Real=0.01s
[73.568s][info][gc          ] GC(67) Concurrent Cycle
[73.568s][info][gc,marking  ] GC(67) Concurrent Clear Claimed Marks
[73.568s][info][gc,marking  ] GC(67) Concurrent Clear Claimed Marks 0.046ms
[73.568s][info][gc,marking  ] GC(67) Concurrent Scan Root Regions
[73.571s][info][gc,marking  ] GC(67) Concurrent Scan Root Regions 3.420ms
[73.571s][info][gc,marking  ] GC(67) Concurrent Mark (73.571s)
[73.571s][info][gc,marking  ] GC(67) Concurrent Mark From Roots
[73.571s][info][gc,task     ] GC(67) Using 2 workers of 2 for marking
[73.621s][info][gc,marking  ] GC(67) Concurrent Mark From Roots 49.650ms
[73.621s][info][gc,marking  ] GC(67) Concurrent Preclean
[73.621s][info][gc,marking  ] GC(67) Concurrent Preclean 0.063ms
[73.621s][info][gc,marking  ] GC(67) Concurrent Mark (73.571s, 73.621s) 49.790ms
[73.621s][info][gc,start    ] GC(67) Pause Remark
[73.623s][info][gc          ] GC(67) Pause Remark 61M->61M(109M) 1.631ms
[73.623s][info][gc,cpu      ] GC(67) User=0.01s Sys=0.00s Real=0.00s
[73.623s][info][gc,marking  ] GC(67) Concurrent Rebuild Remembered Sets
[73.664s][info][gc,marking  ] GC(67) Concurrent Rebuild Remembered Sets 41.436ms
[73.665s][info][gc,start    ] GC(67) Pause Cleanup
[73.665s][info][gc          ] GC(67) Pause Cleanup 69M->69M(109M) 0.095ms
[73.665s][info][gc,cpu      ] GC(67) User=0.00s Sys=0.00s Real=0.00s
[73.665s][info][gc,marking  ] GC(67) Concurrent Cleanup for Next Mark
[73.665s][info][gc,marking  ] GC(67) Concurrent Cleanup for Next Mark 0.156ms
[73.665s][info][gc          ] GC(67) Concurrent Cycle 97.240ms
[73.750s][info][gc,start    ] GC(68) Pause Young (Normal) (G1 Evacuation Pause)
[73.750s][info][gc,task     ] GC(68) Using 8 workers of 8 for evacuation
[73.754s][info][gc,phases   ] GC(68)   Pre Evacuate Collection Set: 0.0ms
[73.754s][info][gc,phases   ] GC(68)   Merge Heap Roots: 0.0ms
[73.754s][info][gc,phases   ] GC(68)   Evacuate Collection Set: 3.2ms
[73.754s][info][gc,phases   ] GC(68)   Post Evacuate Collection Set: 0.2ms
[73.754s][info][gc,phases   ] GC(68)   Other: 0.1ms
[73.754s][info][gc,heap     ] GC(68) Eden regions: 36->0(37)
[73.754s][info][gc,heap     ] GC(68) Survivor regions: 5->4(6)
[73.754s][info][gc,heap     ] GC(68) Old regions: 49->50
[73.754s][info][gc,heap     ] GC(68) Archive regions: 2->2
[73.754s][info][gc,heap     ] GC(68) Humongous regions: 1->1
[73.754s][info][gc,metaspace] GC(68) Metaspace: 44264K(45312K)->44264K(45312K) NonClass: 38976K(39680K)->38976K(39680K) Class: 5287K(5632K)->5287K(5632K)
[73.754s][info][gc          ] GC(68) Pause Young (Normal) (G1 Evacuation Pause) 89M->54M(109M) 3.818ms
[73.754s][info][gc,cpu      ] GC(68) User=0.03s Sys=0.00s Real=0.00s
[73.922s][info][gc,start    ] GC(69) Pause Young (Concurrent Start) (G1 Evacuation Pause)
[73.922s][info][gc,task     ] GC(69) Using 8 workers of 8 for evacuation
[73.925s][info][gc,phases   ] GC(69)   Pre Evacuate Collection Set: 0.1ms
[73.925s][info][gc,phases   ] GC(69)   Merge Heap Roots: 0.0ms
[73.925s][info][gc,phases   ] GC(69)   Evacuate Collection Set: 2.6ms
[73.925s][info][gc,phases   ] GC(69)   Post Evacuate Collection Set: 0.2ms
[73.925s][info][gc,phases   ] GC(69)   Other: 0.2ms
[73.925s][info][gc,heap     ] GC(69) Eden regions: 37->0(36)
[73.925s][info][gc,heap     ] GC(69) Survivor regions: 4->4(6)
[73.925s][info][gc,heap     ] GC(69) Old regions: 50->51
[73.925s][info][gc,heap     ] GC(69) Archive regions: 2->2
[73.925s][info][gc,heap     ] GC(69) Humongous regions: 1->1
[73.925s][info][gc,metaspace] GC(69) Metaspace: 44265K(45312K)->44265K(45312K) NonClass: 38978K(39680K)->38978K(39680K) Class: 5287K(5632K)->5287K(5632K)
[73.925s][info][gc          ] GC(69) Pause Young (Concurrent Start) (G1 Evacuation Pause) 91M->55M(109M) 3.279ms
[73.925s][info][gc,cpu      ] GC(69) User=0.02s Sys=0.00s Real=0.00s
[73.925s][info][gc          ] GC(70) Concurrent Cycle
[73.925s][info][gc,marking  ] GC(70) Concurrent Clear Claimed Marks
[73.925s][info][gc,marking  ] GC(70) Concurrent Clear Claimed Marks 0.044ms
[73.925s][info][gc,marking  ] GC(70) Concurrent Scan Root Regions
[73.928s][info][gc,marking  ] GC(70) Concurrent Scan Root Regions 3.192ms
[73.928s][info][gc,marking  ] GC(70) Concurrent Mark (73.928s)
[73.928s][info][gc,marking  ] GC(70) Concurrent Mark From Roots
[73.928s][info][gc,task     ] GC(70) Using 2 workers of 2 for marking
[73.978s][info][gc,marking  ] GC(70) Concurrent Mark From Roots 49.577ms
[73.978s][info][gc,marking  ] GC(70) Concurrent Preclean
[73.978s][info][gc,marking  ] GC(70) Concurrent Preclean 0.082ms
[73.978s][info][gc,marking  ] GC(70) Concurrent Mark (73.928s, 73.978s) 49.764ms
[73.978s][info][gc,start    ] GC(70) Pause Remark
[73.980s][info][gc          ] GC(70) Pause Remark 65M->65M(114M) 1.784ms
[73.980s][info][gc,cpu      ] GC(70) User=0.01s Sys=0.00s Real=0.00s
[73.980s][info][gc,marking  ] GC(70) Concurrent Rebuild Remembered Sets
[74.009s][info][gc,marking  ] GC(70) Concurrent Rebuild Remembered Sets 28.579ms
[74.009s][info][gc,start    ] GC(70) Pause Cleanup
[74.010s][info][gc          ] GC(70) Pause Cleanup 69M->69M(114M) 0.108ms
[74.010s][info][gc,cpu      ] GC(70) User=0.00s Sys=0.00s Real=0.00s
[74.010s][info][gc,marking  ] GC(70) Concurrent Cleanup for Next Mark
[74.010s][info][gc,marking  ] GC(70) Concurrent Cleanup for Next Mark 0.219ms
[74.010s][info][gc          ] GC(70) Concurrent Cycle 84.999ms
[74.133s][info][gc,start    ] GC(71) Pause Young (Normal) (G1 Evacuation Pause)
[74.133s][info][gc,task     ] GC(71) Using 8 workers of 8 for evacuation
[74.136s][info][gc,phases   ] GC(71)   Pre Evacuate Collection Set: 0.1ms
[74.136s][info][gc,phases   ] GC(71)   Merge Heap Roots: 0.1ms
[74.136s][info][gc,phases   ] GC(71)   Evacuate Collection Set: 2.6ms
[74.136s][info][gc,phases   ] GC(71)   Post Evacuate Collection Set: 0.2ms
[74.136s][info][gc,phases   ] GC(71)   Other: 0.2ms
[74.136s][info][gc,heap     ] GC(71) Eden regions: 36->0(40)
[74.136s][info][gc,heap     ] GC(71) Survivor regions: 4->3(5)
[74.136s][info][gc,heap     ] GC(71) Old regions: 51->53
[74.136s][info][gc,heap     ] GC(71) Archive regions: 2->2
[74.136s][info][gc,heap     ] GC(71) Humongous regions: 1->1
[74.136s][info][gc,metaspace] GC(71) Metaspace: 44266K(45312K)->44266K(45312K) NonClass: 38978K(39680K)->38978K(39680K) Class: 5287K(5632K)->5287K(5632K)
[74.136s][info][gc          ] GC(71) Pause Young (Normal) (G1 Evacuation Pause) 91M->56M(114M) 3.130ms
[74.136s][info][gc,cpu      ] GC(71) User=0.02s Sys=0.00s Real=0.01s
[74.326s][info][gc,start    ] GC(72) Pause Young (Concurrent Start) (G1 Evacuation Pause)
[74.326s][info][gc,task     ] GC(72) Using 8 workers of 8 for evacuation
[74.328s][info][gc,phases   ] GC(72)   Pre Evacuate Collection Set: 0.1ms
[74.328s][info][gc,phases   ] GC(72)   Merge Heap Roots: 0.0ms
[74.328s][info][gc,phases   ] GC(72)   Evacuate Collection Set: 2.2ms
[74.328s][info][gc,phases   ] GC(72)   Post Evacuate Collection Set: 0.3ms
[74.328s][info][gc,phases   ] GC(72)   Other: 0.2ms
[74.328s][info][gc,heap     ] GC(72) Eden regions: 40->0(38)
[74.328s][info][gc,heap     ] GC(72) Survivor regions: 3->4(6)
[74.328s][info][gc,heap     ] GC(72) Old regions: 53->53
[74.328s][info][gc,heap     ] GC(72) Archive regions: 2->2
[74.328s][info][gc,heap     ] GC(72) Humongous regions: 1->1
[74.328s][info][gc,metaspace] GC(72) Metaspace: 44266K(45312K)->44266K(45312K) NonClass: 38979K(39680K)->38979K(39680K) Class: 5287K(5632K)->5287K(5632K)
[74.328s][info][gc          ] GC(72) Pause Young (Concurrent Start) (G1 Evacuation Pause) 96M->57M(114M) 2.886ms
[74.328s][info][gc,cpu      ] GC(72) User=0.02s Sys=0.00s Real=0.00s
[74.328s][info][gc          ] GC(73) Concurrent Cycle
[74.328s][info][gc,marking  ] GC(73) Concurrent Clear Claimed Marks
[74.329s][info][gc,marking  ] GC(73) Concurrent Clear Claimed Marks 0.041ms
[74.329s][info][gc,marking  ] GC(73) Concurrent Scan Root Regions
[74.331s][info][gc,marking  ] GC(73) Concurrent Scan Root Regions 2.423ms
[74.331s][info][gc,marking  ] GC(73) Concurrent Mark (74.331s)
[74.331s][info][gc,marking  ] GC(73) Concurrent Mark From Roots
[74.331s][info][gc,task     ] GC(73) Using 2 workers of 2 for marking
[74.386s][info][gc,marking  ] GC(73) Concurrent Mark From Roots 54.610ms
[74.386s][info][gc,marking  ] GC(73) Concurrent Preclean
[74.386s][info][gc,marking  ] GC(73) Concurrent Preclean 0.060ms
[74.386s][info][gc,marking  ] GC(73) Concurrent Mark (74.331s, 74.386s) 54.739ms
[74.386s][info][gc,start    ] GC(73) Pause Remark
[74.387s][info][gc          ] GC(73) Pause Remark 68M->68M(119M) 1.619ms
[74.388s][info][gc,cpu      ] GC(73) User=0.01s Sys=0.00s Real=0.00s
[74.388s][info][gc,marking  ] GC(73) Concurrent Rebuild Remembered Sets
[74.422s][info][gc,marking  ] GC(73) Concurrent Rebuild Remembered Sets 34.352ms
[74.422s][info][gc,start    ] GC(73) Pause Cleanup
[74.422s][info][gc          ] GC(73) Pause Cleanup 74M->74M(119M) 0.108ms
[74.422s][info][gc,cpu      ] GC(73) User=0.00s Sys=0.00s Real=0.00s
[74.422s][info][gc,marking  ] GC(73) Concurrent Cleanup for Next Mark
[74.423s][info][gc,marking  ] GC(73) Concurrent Cleanup for Next Mark 0.206ms
[74.423s][info][gc          ] GC(73) Concurrent Cycle 94.237ms
[74.515s][info][gc,start    ] GC(74) Pause Young (Normal) (G1 Evacuation Pause)
[74.515s][info][gc,task     ] GC(74) Using 8 workers of 8 for evacuation
[74.518s][info][gc,phases   ] GC(74)   Pre Evacuate Collection Set: 0.0ms
[74.518s][info][gc,phases   ] GC(74)   Merge Heap Roots: 0.0ms
[74.518s][info][gc,phases   ] GC(74)   Evacuate Collection Set: 3.0ms
[74.518s][info][gc,phases   ] GC(74)   Post Evacuate Collection Set: 0.2ms
[74.518s][info][gc,phases   ] GC(74)   Other: 0.2ms
[74.518s][info][gc,heap     ] GC(74) Eden regions: 38->0(42)
[74.518s][info][gc,heap     ] GC(74) Survivor regions: 4->4(6)
[74.518s][info][gc,heap     ] GC(74) Old regions: 53->54
[74.518s][info][gc,heap     ] GC(74) Archive regions: 2->2
[74.518s][info][gc,heap     ] GC(74) Humongous regions: 1->1
[74.518s][info][gc,metaspace] GC(74) Metaspace: 44266K(45312K)->44266K(45312K) NonClass: 38979K(39680K)->38979K(39680K) Class: 5287K(5632K)->5287K(5632K)
[74.518s][info][gc          ] GC(74) Pause Young (Normal) (G1 Evacuation Pause) 95M->58M(119M) 3.566ms
[74.518s][info][gc,cpu      ] GC(74) User=0.02s Sys=0.00s Real=0.01s
[74.740s][info][gc,start    ] GC(75) Pause Young (Concurrent Start) (G1 Evacuation Pause)
[74.741s][info][gc,task     ] GC(75) Using 8 workers of 8 for evacuation
[74.744s][info][gc,phases   ] GC(75)   Pre Evacuate Collection Set: 0.1ms
[74.744s][info][gc,phases   ] GC(75)   Merge Heap Roots: 0.0ms
[74.744s][info][gc,phases   ] GC(75)   Evacuate Collection Set: 3.3ms
[74.744s][info][gc,phases   ] GC(75)   Post Evacuate Collection Set: 0.2ms
[74.744s][info][gc,phases   ] GC(75)   Other: 0.1ms
[74.744s][info][gc,heap     ] GC(75) Eden regions: 42->0(41)
[74.744s][info][gc,heap     ] GC(75) Survivor regions: 4->4(6)
[74.744s][info][gc,heap     ] GC(75) Old regions: 54->55
[74.744s][info][gc,heap     ] GC(75) Archive regions: 2->2
[74.744s][info][gc,heap     ] GC(75) Humongous regions: 1->1
[74.744s][info][gc,metaspace] GC(75) Metaspace: 44266K(45312K)->44266K(45312K) NonClass: 38979K(39680K)->38979K(39680K) Class: 5287K(5632K)->5287K(5632K)
[74.744s][info][gc          ] GC(75) Pause Young (Concurrent Start) (G1 Evacuation Pause) 100M->59M(119M) 3.923ms
[74.744s][info][gc,cpu      ] GC(75) User=0.02s Sys=0.00s Real=0.00s
[74.744s][info][gc          ] GC(76) Concurrent Cycle
[74.744s][info][gc,marking  ] GC(76) Concurrent Clear Claimed Marks
[74.745s][info][gc,marking  ] GC(76) Concurrent Clear Claimed Marks 0.041ms
[74.745s][info][gc,marking  ] GC(76) Concurrent Scan Root Regions
[74.748s][info][gc,marking  ] GC(76) Concurrent Scan Root Regions 3.418ms
[74.748s][info][gc,marking  ] GC(76) Concurrent Mark (74.748s)
[74.748s][info][gc,marking  ] GC(76) Concurrent Mark From Roots
[74.748s][info][gc,task     ] GC(76) Using 2 workers of 2 for marking
[74.811s][info][gc,marking  ] GC(76) Concurrent Mark From Roots 63.046ms
[74.811s][info][gc,marking  ] GC(76) Concurrent Preclean
[74.811s][info][gc,marking  ] GC(76) Concurrent Preclean 0.067ms
[74.811s][info][gc,marking  ] GC(76) Concurrent Mark (74.748s, 74.811s) 63.201ms
[74.811s][info][gc,start    ] GC(76) Pause Remark
[74.814s][info][gc          ] GC(76) Pause Remark 70M->70M(122M) 2.371ms
[74.814s][info][gc,cpu      ] GC(76) User=0.01s Sys=0.00s Real=0.00s
[74.814s][info][gc,marking  ] GC(76) Concurrent Rebuild Remembered Sets
[74.851s][info][gc,marking  ] GC(76) Concurrent Rebuild Remembered Sets 37.144ms
[74.851s][info][gc,start    ] GC(76) Pause Cleanup
[74.851s][info][gc          ] GC(76) Pause Cleanup 77M->77M(122M) 0.095ms
[74.851s][info][gc,cpu      ] GC(76) User=0.00s Sys=0.00s Real=0.00s
[74.852s][info][gc,marking  ] GC(76) Concurrent Cleanup for Next Mark
[74.852s][info][gc,marking  ] GC(76) Concurrent Cleanup for Next Mark 0.781ms
[74.852s][info][gc          ] GC(76) Concurrent Cycle 107.938ms
[74.957s][info][gc,start    ] GC(77) Pause Young (Normal) (G1 Evacuation Pause)
[74.957s][info][gc,task     ] GC(77) Using 8 workers of 8 for evacuation
[74.962s][info][gc,phases   ] GC(77)   Pre Evacuate Collection Set: 0.0ms
[74.962s][info][gc,phases   ] GC(77)   Merge Heap Roots: 0.0ms
[74.962s][info][gc,phases   ] GC(77)   Evacuate Collection Set: 5.1ms
[74.962s][info][gc,phases   ] GC(77)   Post Evacuate Collection Set: 0.3ms
[74.962s][info][gc,phases   ] GC(77)   Other: 0.2ms
[74.962s][info][gc,heap     ] GC(77) Eden regions: 41->0(31)
[74.962s][info][gc,heap     ] GC(77) Survivor regions: 4->5(6)
[74.962s][info][gc,heap     ] GC(77) Old regions: 55->56
[74.962s][info][gc,heap     ] GC(77) Archive regions: 2->2
[74.962s][info][gc,heap     ] GC(77) Humongous regions: 10->10
[74.962s][info][gc,metaspace] GC(77) Metaspace: 44266K(45312K)->44266K(45312K) NonClass: 38979K(39680K)->38979K(39680K) Class: 5287K(5632K)->5287K(5632K)
[74.962s][info][gc          ] GC(77) Pause Young (Normal) (G1 Evacuation Pause) 109M->69M(122M) 5.760ms
[74.962s][info][gc,cpu      ] GC(77) User=0.04s Sys=0.00s Real=0.00s
[75.104s][info][gc,start    ] GC(78) Pause Young (Concurrent Start) (G1 Evacuation Pause)
[75.104s][info][gc,task     ] GC(78) Using 8 workers of 8 for evacuation
[75.109s][info][gc,phases   ] GC(78)   Pre Evacuate Collection Set: 0.1ms
[75.109s][info][gc,phases   ] GC(78)   Merge Heap Roots: 0.1ms
[75.109s][info][gc,phases   ] GC(78)   Evacuate Collection Set: 4.2ms
[75.109s][info][gc,phases   ] GC(78)   Post Evacuate Collection Set: 0.2ms
[75.109s][info][gc,phases   ] GC(78)   Other: 0.1ms
[75.109s][info][gc,heap     ] GC(78) Eden regions: 31->0(32)
[75.109s][info][gc,heap     ] GC(78) Survivor regions: 5->4(5)
[75.109s][info][gc,heap     ] GC(78) Old regions: 56->57
[75.109s][info][gc,heap     ] GC(78) Archive regions: 2->2
[75.109s][info][gc,heap     ] GC(78) Humongous regions: 10->10
[75.109s][info][gc,metaspace] GC(78) Metaspace: 44266K(45312K)->44266K(45312K) NonClass: 38979K(39680K)->38979K(39680K) Class: 5287K(5632K)->5287K(5632K)
[75.109s][info][gc          ] GC(78) Pause Young (Concurrent Start) (G1 Evacuation Pause) 100M->70M(122M) 4.766ms
[75.109s][info][gc,cpu      ] GC(78) User=0.03s Sys=0.00s Real=0.01s
[75.109s][info][gc          ] GC(79) Concurrent Cycle
[75.109s][info][gc,marking  ] GC(79) Concurrent Clear Claimed Marks
[75.109s][info][gc,marking  ] GC(79) Concurrent Clear Claimed Marks 0.050ms
[75.109s][info][gc,marking  ] GC(79) Concurrent Scan Root Regions
[75.113s][info][gc,marking  ] GC(79) Concurrent Scan Root Regions 3.725ms
[75.113s][info][gc,marking  ] GC(79) Concurrent Mark (75.113s)
[75.113s][info][gc,marking  ] GC(79) Concurrent Mark From Roots
[75.113s][info][gc,task     ] GC(79) Using 2 workers of 2 for marking
[75.170s][info][gc,marking  ] GC(79) Concurrent Mark From Roots 57.003ms
[75.170s][info][gc,marking  ] GC(79) Concurrent Preclean
[75.170s][info][gc,marking  ] GC(79) Concurrent Preclean 0.092ms
[75.170s][info][gc,marking  ] GC(79) Concurrent Mark (75.113s, 75.170s) 57.175ms
[75.170s][info][gc,start    ] GC(79) Pause Remark
[75.172s][info][gc          ] GC(79) Pause Remark 81M->72M(125M) 1.924ms
[75.172s][info][gc,cpu      ] GC(79) User=0.01s Sys=0.00s Real=0.00s
[75.172s][info][gc,marking  ] GC(79) Concurrent Rebuild Remembered Sets
[75.207s][info][gc,marking  ] GC(79) Concurrent Rebuild Remembered Sets 34.343ms
[75.207s][info][gc,start    ] GC(79) Pause Cleanup
[75.207s][info][gc          ] GC(79) Pause Cleanup 78M->78M(125M) 0.116ms
[75.207s][info][gc,cpu      ] GC(79) User=0.00s Sys=0.00s Real=0.00s
[75.207s][info][gc,marking  ] GC(79) Concurrent Cleanup for Next Mark
[75.208s][info][gc,marking  ] GC(79) Concurrent Cleanup for Next Mark 0.228ms
[75.208s][info][gc          ] GC(79) Concurrent Cycle 98.357ms
[75.277s][info][gc,start    ] GC(80) Pause Young (Normal) (G1 Evacuation Pause)
[75.277s][info][gc,task     ] GC(80) Using 8 workers of 8 for evacuation
[75.280s][info][gc,phases   ] GC(80)   Pre Evacuate Collection Set: 0.0ms
[75.280s][info][gc,phases   ] GC(80)   Merge Heap Roots: 0.0ms
[75.280s][info][gc,phases   ] GC(80)   Evacuate Collection Set: 2.1ms
[75.280s][info][gc,phases   ] GC(80)   Post Evacuate Collection Set: 0.3ms
[75.280s][info][gc,phases   ] GC(80)   Other: 0.2ms
[75.280s][info][gc,heap     ] GC(80) Eden regions: 32->0(44)
[75.280s][info][gc,heap     ] GC(80) Survivor regions: 4->3(5)
[75.280s][info][gc,heap     ] GC(80) Old regions: 57->59
[75.280s][info][gc,heap     ] GC(80) Archive regions: 2->2
[75.280s][info][gc,heap     ] GC(80) Humongous regions: 1->1
[75.280s][info][gc,metaspace] GC(80) Metaspace: 44266K(45312K)->44266K(45312K) NonClass: 38979K(39680K)->38979K(39680K) Class: 5287K(5632K)->5287K(5632K)
[75.280s][info][gc          ] GC(80) Pause Young (Normal) (G1 Evacuation Pause) 93M->62M(125M) 2.771ms
[75.280s][info][gc,cpu      ] GC(80) User=0.02s Sys=0.00s Real=0.00s
[75.475s][info][gc,start    ] GC(81) Pause Young (Concurrent Start) (G1 Evacuation Pause)
[75.475s][info][gc,task     ] GC(81) Using 8 workers of 8 for evacuation
[75.478s][info][gc,phases   ] GC(81)   Pre Evacuate Collection Set: 0.1ms
[75.478s][info][gc,phases   ] GC(81)   Merge Heap Roots: 0.0ms
[75.478s][info][gc,phases   ] GC(81)   Evacuate Collection Set: 2.2ms
[75.478s][info][gc,phases   ] GC(81)   Post Evacuate Collection Set: 0.2ms
[75.478s][info][gc,phases   ] GC(81)   Other: 0.2ms
[75.478s][info][gc,heap     ] GC(81) Eden regions: 44->0(42)
[75.478s][info][gc,heap     ] GC(81) Survivor regions: 3->4(6)
[75.478s][info][gc,heap     ] GC(81) Old regions: 59->59
[75.478s][info][gc,heap     ] GC(81) Archive regions: 2->2
[75.478s][info][gc,heap     ] GC(81) Humongous regions: 1->1
[75.478s][info][gc,metaspace] GC(81) Metaspace: 44266K(45312K)->44266K(45312K) NonClass: 38979K(39680K)->38979K(39680K) Class: 5287K(5632K)->5287K(5632K)
[75.478s][info][gc          ] GC(81) Pause Young (Concurrent Start) (G1 Evacuation Pause) 106M->63M(125M) 2.817ms
[75.478s][info][gc,cpu      ] GC(81) User=0.02s Sys=0.00s Real=0.01s
[75.478s][info][gc          ] GC(82) Concurrent Cycle
[75.478s][info][gc,marking  ] GC(82) Concurrent Clear Claimed Marks
[75.478s][info][gc,marking  ] GC(82) Concurrent Clear Claimed Marks 0.045ms
[75.478s][info][gc,marking  ] GC(82) Concurrent Scan Root Regions
[75.481s][info][gc,marking  ] GC(82) Concurrent Scan Root Regions 2.500ms
[75.481s][info][gc,marking  ] GC(82) Concurrent Mark (75.481s)
[75.481s][info][gc,marking  ] GC(82) Concurrent Mark From Roots
[75.481s][info][gc,task     ] GC(82) Using 2 workers of 2 for marking
[75.538s][info][gc,marking  ] GC(82) Concurrent Mark From Roots 57.142ms
[75.538s][info][gc,marking  ] GC(82) Concurrent Preclean
[75.538s][info][gc,marking  ] GC(82) Concurrent Preclean 0.074ms
[75.538s][info][gc,marking  ] GC(82) Concurrent Mark (75.481s, 75.538s) 57.301ms
[75.538s][info][gc,start    ] GC(82) Pause Remark
[75.540s][info][gc          ] GC(82) Pause Remark 72M->72M(127M) 1.630ms
[75.540s][info][gc,cpu      ] GC(82) User=0.01s Sys=0.00s Real=0.00s
[75.540s][info][gc,marking  ] GC(82) Concurrent Rebuild Remembered Sets
[75.574s][info][gc,marking  ] GC(82) Concurrent Rebuild Remembered Sets 34.655ms
[75.575s][info][gc,start    ] GC(82) Pause Cleanup
[75.575s][info][gc          ] GC(82) Pause Cleanup 77M->77M(127M) 0.137ms
[75.575s][info][gc,cpu      ] GC(82) User=0.00s Sys=0.00s Real=0.00s
[75.575s][info][gc,marking  ] GC(82) Concurrent Cleanup for Next Mark
[75.575s][info][gc,marking  ] GC(82) Concurrent Cleanup for Next Mark 0.209ms
[75.575s][info][gc          ] GC(82) Concurrent Cycle 97.091ms
[75.702s][info][gc,start    ] GC(83) Pause Young (Normal) (G1 Evacuation Pause)
[75.702s][info][gc,task     ] GC(83) Using 8 workers of 8 for evacuation
[75.706s][info][gc,phases   ] GC(83)   Pre Evacuate Collection Set: 0.0ms
[75.706s][info][gc,phases   ] GC(83)   Merge Heap Roots: 0.0ms
[75.706s][info][gc,phases   ] GC(83)   Evacuate Collection Set: 2.9ms
[75.706s][info][gc,phases   ] GC(83)   Post Evacuate Collection Set: 0.2ms
[75.706s][info][gc,phases   ] GC(83)   Other: 0.2ms
[75.706s][info][gc,heap     ] GC(83) Eden regions: 42->0(43)
[75.706s][info][gc,heap     ] GC(83) Survivor regions: 4->4(6)
[75.706s][info][gc,heap     ] GC(83) Old regions: 59->60
[75.706s][info][gc,heap     ] GC(83) Archive regions: 2->2
[75.706s][info][gc,heap     ] GC(83) Humongous regions: 1->1
[75.706s][info][gc,metaspace] GC(83) Metaspace: 44267K(45312K)->44267K(45312K) NonClass: 38980K(39680K)->38980K(39680K) Class: 5287K(5632K)->5287K(5632K)
[75.706s][info][gc          ] GC(83) Pause Young (Normal) (G1 Evacuation Pause) 105M->64M(127M) 3.510ms
[75.706s][info][gc,cpu      ] GC(83) User=0.02s Sys=0.00s Real=0.01s
[75.965s][info][gc,start    ] GC(84) Pause Young (Concurrent Start) (G1 Evacuation Pause)
[75.965s][info][gc,task     ] GC(84) Using 8 workers of 8 for evacuation
[75.968s][info][gc,phases   ] GC(84)   Pre Evacuate Collection Set: 0.1ms
[75.969s][info][gc,phases   ] GC(84)   Merge Heap Roots: 0.0ms
[75.969s][info][gc,phases   ] GC(84)   Evacuate Collection Set: 3.5ms
[75.969s][info][gc,phases   ] GC(84)   Post Evacuate Collection Set: 0.2ms
[75.969s][info][gc,phases   ] GC(84)   Other: 0.2ms
[75.969s][info][gc,heap     ] GC(84) Eden regions: 43->0(41)
[75.969s][info][gc,heap     ] GC(84) Survivor regions: 4->5(6)
[75.969s][info][gc,heap     ] GC(84) Old regions: 60->60
[75.969s][info][gc,heap     ] GC(84) Archive regions: 2->2
[75.969s][info][gc,heap     ] GC(84) Humongous regions: 1->1
[75.969s][info][gc,metaspace] GC(84) Metaspace: 44267K(45312K)->44267K(45312K) NonClass: 38980K(39680K)->38980K(39680K) Class: 5287K(5632K)->5287K(5632K)
[75.969s][info][gc          ] GC(84) Pause Young (Concurrent Start) (G1 Evacuation Pause) 107M->65M(127M) 4.154ms
[75.969s][info][gc,cpu      ] GC(84) User=0.02s Sys=0.00s Real=0.01s
[75.969s][info][gc          ] GC(85) Concurrent Cycle
[75.969s][info][gc,marking  ] GC(85) Concurrent Clear Claimed Marks
[75.969s][info][gc,marking  ] GC(85) Concurrent Clear Claimed Marks 0.050ms
[75.969s][info][gc,marking  ] GC(85) Concurrent Scan Root Regions
[75.973s][info][gc,marking  ] GC(85) Concurrent Scan Root Regions 3.780ms
[75.973s][info][gc,marking  ] GC(85) Concurrent Mark (75.973s)
[75.973s][info][gc,marking  ] GC(85) Concurrent Mark From Roots
[75.973s][info][gc,task     ] GC(85) Using 2 workers of 2 for marking
[76.075s][info][gc,marking  ] GC(85) Concurrent Mark From Roots 102.150ms
[76.075s][info][gc,marking  ] GC(85) Concurrent Preclean
[76.075s][info][gc,marking  ] GC(85) Concurrent Preclean 0.100ms
[76.075s][info][gc,marking  ] GC(85) Concurrent Mark (75.973s, 76.075s) 102.346ms
[76.075s][info][gc,start    ] GC(85) Pause Remark
[76.078s][info][gc          ] GC(85) Pause Remark 76M->76M(132M) 2.706ms
[76.078s][info][gc,cpu      ] GC(85) User=0.01s Sys=0.00s Real=0.01s
[76.079s][info][gc,marking  ] GC(85) Concurrent Rebuild Remembered Sets
[76.149s][info][gc,marking  ] GC(85) Concurrent Rebuild Remembered Sets 70.176ms
[76.150s][info][gc,start    ] GC(85) Pause Cleanup
[76.150s][info][gc          ] GC(85) Pause Cleanup 84M->84M(132M) 0.110ms
[76.150s][info][gc,cpu      ] GC(85) User=0.00s Sys=0.00s Real=0.00s
[76.151s][info][gc,marking  ] GC(85) Concurrent Cleanup for Next Mark
[76.151s][info][gc,marking  ] GC(85) Concurrent Cleanup for Next Mark 0.295ms
[76.151s][info][gc          ] GC(85) Concurrent Cycle 182.111ms
[76.263s][info][gc,start    ] GC(86) Pause Young (Normal) (G1 Evacuation Pause)
[76.263s][info][gc,task     ] GC(86) Using 8 workers of 8 for evacuation
[76.267s][info][gc,phases   ] GC(86)   Pre Evacuate Collection Set: 0.0ms
[76.268s][info][gc,phases   ] GC(86)   Merge Heap Roots: 0.0ms
[76.268s][info][gc,phases   ] GC(86)   Evacuate Collection Set: 3.8ms
[76.268s][info][gc,phases   ] GC(86)   Post Evacuate Collection Set: 0.2ms
[76.268s][info][gc,phases   ] GC(86)   Other: 0.2ms
[76.268s][info][gc,heap     ] GC(86) Eden regions: 41->0(45)
[76.268s][info][gc,heap     ] GC(86) Survivor regions: 5->4(6)
[76.268s][info][gc,heap     ] GC(86) Old regions: 60->62
[76.268s][info][gc,heap     ] GC(86) Archive regions: 2->2
[76.268s][info][gc,heap     ] GC(86) Humongous regions: 1->1
[76.268s][info][gc,metaspace] GC(86) Metaspace: 44268K(45312K)->44268K(45312K) NonClass: 38981K(39680K)->38981K(39680K) Class: 5287K(5632K)->5287K(5632K)
[76.268s][info][gc          ] GC(86) Pause Young (Normal) (G1 Evacuation Pause) 106M->66M(132M) 4.400ms
[76.268s][info][gc,cpu      ] GC(86) User=0.03s Sys=0.00s Real=0.01s
[77.229s][info][gc,start    ] GC(87) Pause Young (Concurrent Start) (G1 Evacuation Pause)
[77.229s][info][gc,task     ] GC(87) Using 8 workers of 8 for evacuation
[77.232s][info][gc,phases   ] GC(87)   Pre Evacuate Collection Set: 0.1ms
[77.233s][info][gc,phases   ] GC(87)   Merge Heap Roots: 0.0ms
[77.233s][info][gc,phases   ] GC(87)   Evacuate Collection Set: 2.9ms
[77.233s][info][gc,phases   ] GC(87)   Post Evacuate Collection Set: 0.2ms
[77.233s][info][gc,phases   ] GC(87)   Other: 0.2ms
[77.233s][info][gc,heap     ] GC(87) Eden regions: 45->0(43)
[77.233s][info][gc,heap     ] GC(87) Survivor regions: 4->5(7)
[77.233s][info][gc,heap     ] GC(87) Old regions: 62->62
[77.233s][info][gc,heap     ] GC(87) Archive regions: 2->2
[77.233s][info][gc,heap     ] GC(87) Humongous regions: 1->1
[77.233s][info][gc,metaspace] GC(87) Metaspace: 44270K(45312K)->44270K(45312K) NonClass: 38982K(39680K)->38982K(39680K) Class: 5287K(5632K)->5287K(5632K)
[77.233s][info][gc          ] GC(87) Pause Young (Concurrent Start) (G1 Evacuation Pause) 111M->67M(132M) 3.659ms
[77.233s][info][gc,cpu      ] GC(87) User=0.02s Sys=0.00s Real=0.00s
[77.233s][info][gc          ] GC(88) Concurrent Cycle
[77.233s][info][gc,marking  ] GC(88) Concurrent Clear Claimed Marks
[77.233s][info][gc,marking  ] GC(88) Concurrent Clear Claimed Marks 0.042ms
[77.233s][info][gc,marking  ] GC(88) Concurrent Scan Root Regions
[77.236s][info][gc,marking  ] GC(88) Concurrent Scan Root Regions 3.227ms
[77.236s][info][gc,marking  ] GC(88) Concurrent Mark (77.236s)
[77.236s][info][gc,marking  ] GC(88) Concurrent Mark From Roots
[77.236s][info][gc,task     ] GC(88) Using 2 workers of 2 for marking
[77.325s][info][gc,marking  ] GC(88) Concurrent Mark From Roots 88.910ms
[77.325s][info][gc,marking  ] GC(88) Concurrent Preclean
[77.325s][info][gc,marking  ] GC(88) Concurrent Preclean 0.084ms
[77.325s][info][gc,marking  ] GC(88) Concurrent Mark (77.236s, 77.325s) 89.109ms
[77.325s][info][gc,start    ] GC(88) Pause Remark
[77.327s][info][gc          ] GC(88) Pause Remark 85M->85M(147M) 1.717ms
[77.327s][info][gc,cpu      ] GC(88) User=0.01s Sys=0.00s Real=0.01s
[77.327s][info][gc,marking  ] GC(88) Concurrent Rebuild Remembered Sets
[77.372s][info][gc,marking  ] GC(88) Concurrent Rebuild Remembered Sets 44.694ms
[77.372s][info][gc,start    ] GC(88) Pause Cleanup
[77.372s][info][gc          ] GC(88) Pause Cleanup 92M->92M(147M) 0.093ms
[77.372s][info][gc,cpu      ] GC(88) User=0.00s Sys=0.00s Real=0.00s
[77.372s][info][gc,marking  ] GC(88) Concurrent Cleanup for Next Mark
[77.373s][info][gc,marking  ] GC(88) Concurrent Cleanup for Next Mark 0.271ms
[77.373s][info][gc          ] GC(88) Concurrent Cycle 139.844ms
[77.457s][info][gc,start    ] GC(89) Pause Young (Normal) (G1 Evacuation Pause)
[77.457s][info][gc,task     ] GC(89) Using 8 workers of 8 for evacuation
[77.460s][info][gc,phases   ] GC(89)   Pre Evacuate Collection Set: 0.0ms
[77.460s][info][gc,phases   ] GC(89)   Merge Heap Roots: 0.0ms
[77.460s][info][gc,phases   ] GC(89)   Evacuate Collection Set: 3.1ms
[77.460s][info][gc,phases   ] GC(89)   Post Evacuate Collection Set: 0.3ms
[77.460s][info][gc,phases   ] GC(89)   Other: 0.1ms
[77.460s][info][gc,heap     ] GC(89) Eden regions: 43->0(56)
[77.460s][info][gc,heap     ] GC(89) Survivor regions: 5->4(6)
[77.460s][info][gc,heap     ] GC(89) Old regions: 62->64
[77.460s][info][gc,heap     ] GC(89) Archive regions: 2->2
[77.460s][info][gc,heap     ] GC(89) Humongous regions: 1->1
[77.460s][info][gc,metaspace] GC(89) Metaspace: 44270K(45312K)->44270K(45312K) NonClass: 38983K(39680K)->38983K(39680K) Class: 5287K(5632K)->5287K(5632K)
[77.460s][info][gc          ] GC(89) Pause Young (Normal) (G1 Evacuation Pause) 110M->68M(147M) 3.698ms
[77.460s][info][gc,cpu      ] GC(89) User=0.03s Sys=0.00s Real=0.00s
[77.725s][info][gc,start    ] GC(90) Pause Young (Concurrent Start) (G1 Evacuation Pause)
[77.725s][info][gc,task     ] GC(90) Using 8 workers of 8 for evacuation
[77.728s][info][gc,phases   ] GC(90)   Pre Evacuate Collection Set: 0.1ms
[77.728s][info][gc,phases   ] GC(90)   Merge Heap Roots: 0.0ms
[77.728s][info][gc,phases   ] GC(90)   Evacuate Collection Set: 2.9ms
[77.728s][info][gc,phases   ] GC(90)   Post Evacuate Collection Set: 0.2ms
[77.728s][info][gc,phases   ] GC(90)   Other: 0.2ms
[77.728s][info][gc,heap     ] GC(90) Eden regions: 56->0(53)
[77.728s][info][gc,heap     ] GC(90) Survivor regions: 4->6(8)
[77.728s][info][gc,heap     ] GC(90) Old regions: 64->64
[77.728s][info][gc,heap     ] GC(90) Archive regions: 2->2
[77.728s][info][gc,heap     ] GC(90) Humongous regions: 1->1
[77.728s][info][gc,metaspace] GC(90) Metaspace: 44270K(45312K)->44270K(45312K) NonClass: 38983K(39680K)->38983K(39680K) Class: 5287K(5632K)->5287K(5632K)
[77.728s][info][gc          ] GC(90) Pause Young (Concurrent Start) (G1 Evacuation Pause) 124M->70M(147M) 3.521ms
[77.728s][info][gc,cpu      ] GC(90) User=0.02s Sys=0.00s Real=0.01s
[77.728s][info][gc          ] GC(91) Concurrent Cycle
[77.728s][info][gc,marking  ] GC(91) Concurrent Clear Claimed Marks
[77.728s][info][gc,marking  ] GC(91) Concurrent Clear Claimed Marks 0.054ms
[77.728s][info][gc,marking  ] GC(91) Concurrent Scan Root Regions
[77.732s][info][gc,marking  ] GC(91) Concurrent Scan Root Regions 3.166ms
[77.732s][info][gc,marking  ] GC(91) Concurrent Mark (77.732s)
[77.732s][info][gc,marking  ] GC(91) Concurrent Mark From Roots
[77.732s][info][gc,task     ] GC(91) Using 2 workers of 2 for marking
[77.802s][info][gc,marking  ] GC(91) Concurrent Mark From Roots 70.597ms
[77.802s][info][gc,marking  ] GC(91) Concurrent Preclean
[77.802s][info][gc,marking  ] GC(91) Concurrent Preclean 0.090ms
[77.802s][info][gc,marking  ] GC(91) Concurrent Mark (77.732s, 77.802s) 70.785ms
[77.803s][info][gc,start    ] GC(91) Pause Remark
[77.805s][info][gc          ] GC(91) Pause Remark 82M->82M(147M) 2.514ms
[77.805s][info][gc,cpu      ] GC(91) User=0.01s Sys=0.01s Real=0.00s
[77.805s][info][gc,marking  ] GC(91) Concurrent Rebuild Remembered Sets
[77.848s][info][gc,marking  ] GC(91) Concurrent Rebuild Remembered Sets 42.382ms
[77.848s][info][gc,start    ] GC(91) Pause Cleanup
[77.848s][info][gc          ] GC(91) Pause Cleanup 90M->90M(147M) 0.113ms
[77.848s][info][gc,cpu      ] GC(91) User=0.00s Sys=0.00s Real=0.00s
[77.848s][info][gc,marking  ] GC(91) Concurrent Cleanup for Next Mark
[77.848s][info][gc,marking  ] GC(91) Concurrent Cleanup for Next Mark 0.288ms
[77.848s][info][gc          ] GC(91) Concurrent Cycle 120.058ms
[78.001s][info][gc,start    ] GC(92) Pause Young (Normal) (G1 Evacuation Pause)
[78.001s][info][gc,task     ] GC(92) Using 8 workers of 8 for evacuation
[78.005s][info][gc,phases   ] GC(92)   Pre Evacuate Collection Set: 0.0ms
[78.005s][info][gc,phases   ] GC(92)   Merge Heap Roots: 0.0ms
[78.005s][info][gc,phases   ] GC(92)   Evacuate Collection Set: 3.5ms
[78.005s][info][gc,phases   ] GC(92)   Post Evacuate Collection Set: 0.2ms
[78.005s][info][gc,phases   ] GC(92)   Other: 0.1ms
[78.005s][info][gc,heap     ] GC(92) Eden regions: 53->0(52)
[78.005s][info][gc,heap     ] GC(92) Survivor regions: 6->6(8)
[78.005s][info][gc,heap     ] GC(92) Old regions: 64->65
[78.005s][info][gc,heap     ] GC(92) Archive regions: 2->2
[78.005s][info][gc,heap     ] GC(92) Humongous regions: 1->1
[78.005s][info][gc,metaspace] GC(92) Metaspace: 44271K(45312K)->44271K(45312K) NonClass: 38983K(39680K)->38983K(39680K) Class: 5287K(5632K)->5287K(5632K)
[78.005s][info][gc          ] GC(92) Pause Young (Normal) (G1 Evacuation Pause) 123M->71M(147M) 4.114ms
[78.005s][info][gc,cpu      ] GC(92) User=0.02s Sys=0.00s Real=0.00s
[78.257s][info][gc,start    ] GC(93) Pause Young (Concurrent Start) (G1 Evacuation Pause)
[78.257s][info][gc,task     ] GC(93) Using 8 workers of 8 for evacuation
[78.263s][info][gc,phases   ] GC(93)   Pre Evacuate Collection Set: 0.1ms
[78.263s][info][gc,phases   ] GC(93)   Merge Heap Roots: 0.0ms
[78.263s][info][gc,phases   ] GC(93)   Evacuate Collection Set: 5.3ms
[78.263s][info][gc,phases   ] GC(93)   Post Evacuate Collection Set: 0.3ms
[78.263s][info][gc,phases   ] GC(93)   Other: 0.2ms
[78.263s][info][gc,heap     ] GC(93) Eden regions: 52->0(50)
[78.263s][info][gc,heap     ] GC(93) Survivor regions: 6->6(8)
[78.263s][info][gc,heap     ] GC(93) Old regions: 65->67
[78.263s][info][gc,heap     ] GC(93) Archive regions: 2->2
[78.263s][info][gc,heap     ] GC(93) Humongous regions: 1->1
[78.263s][info][gc,metaspace] GC(93) Metaspace: 44271K(45312K)->44271K(45312K) NonClass: 38983K(39680K)->38983K(39680K) Class: 5287K(5632K)->5287K(5632K)
[78.263s][info][gc          ] GC(93) Pause Young (Concurrent Start) (G1 Evacuation Pause) 123M->72M(147M) 5.988ms
[78.263s][info][gc,cpu      ] GC(93) User=0.03s Sys=0.00s Real=0.00s
[78.263s][info][gc          ] GC(94) Concurrent Cycle
[78.263s][info][gc,marking  ] GC(94) Concurrent Clear Claimed Marks
[78.263s][info][gc,marking  ] GC(94) Concurrent Clear Claimed Marks 0.056ms
[78.263s][info][gc,marking  ] GC(94) Concurrent Scan Root Regions
[78.268s][info][gc,marking  ] GC(94) Concurrent Scan Root Regions 4.947ms
[78.268s][info][gc,marking  ] GC(94) Concurrent Mark (78.268s)
[78.268s][info][gc,marking  ] GC(94) Concurrent Mark From Roots
[78.268s][info][gc,task     ] GC(94) Using 2 workers of 2 for marking
[78.339s][info][gc,marking  ] GC(94) Concurrent Mark From Roots 71.354ms
[78.339s][info][gc,marking  ] GC(94) Concurrent Preclean
[78.340s][info][gc,marking  ] GC(94) Concurrent Preclean 0.083ms
[78.340s][info][gc,marking  ] GC(94) Concurrent Mark (78.268s, 78.340s) 71.528ms
[78.340s][info][gc,start    ] GC(94) Pause Remark
[78.341s][info][gc          ] GC(94) Pause Remark 85M->85M(149M) 1.598ms
[78.341s][info][gc,cpu      ] GC(94) User=0.01s Sys=0.00s Real=0.00s
[78.341s][info][gc,marking  ] GC(94) Concurrent Rebuild Remembered Sets
[78.387s][info][gc,marking  ] GC(94) Concurrent Rebuild Remembered Sets 45.403ms
[78.387s][info][gc,start    ] GC(94) Pause Cleanup
[78.387s][info][gc          ] GC(94) Pause Cleanup 93M->93M(149M) 0.110ms
[78.387s][info][gc,cpu      ] GC(94) User=0.00s Sys=0.00s Real=0.00s
[78.387s][info][gc,marking  ] GC(94) Concurrent Cleanup for Next Mark
[78.387s][info][gc,marking  ] GC(94) Concurrent Cleanup for Next Mark 0.259ms
[78.388s][info][gc          ] GC(94) Concurrent Cycle 124.566ms
[78.519s][info][gc,start    ] GC(95) Pause Young (Normal) (G1 Evacuation Pause)
[78.519s][info][gc,task     ] GC(95) Using 8 workers of 8 for evacuation
[78.523s][info][gc,phases   ] GC(95)   Pre Evacuate Collection Set: 0.1ms
[78.523s][info][gc,phases   ] GC(95)   Merge Heap Roots: 0.1ms
[78.523s][info][gc,phases   ] GC(95)   Evacuate Collection Set: 3.9ms
[78.523s][info][gc,phases   ] GC(95)   Post Evacuate Collection Set: 0.3ms
[78.523s][info][gc,phases   ] GC(95)   Other: 0.2ms
[78.524s][info][gc,heap     ] GC(95) Eden regions: 50->0(54)
[78.524s][info][gc,heap     ] GC(95) Survivor regions: 6->4(7)
[78.524s][info][gc,heap     ] GC(95) Old regions: 67->69
[78.524s][info][gc,heap     ] GC(95) Archive regions: 2->2
[78.524s][info][gc,heap     ] GC(95) Humongous regions: 1->1
[78.524s][info][gc,metaspace] GC(95) Metaspace: 44271K(45312K)->44271K(45312K) NonClass: 38983K(39680K)->38983K(39680K) Class: 5287K(5632K)->5287K(5632K)
[78.524s][info][gc          ] GC(95) Pause Young (Normal) (G1 Evacuation Pause) 122M->73M(149M) 4.552ms
[78.524s][info][gc,cpu      ] GC(95) User=0.04s Sys=0.00s Real=0.00s
[78.653s][info][gc,start    ] GC(96) Pause Young (Concurrent Start) (G1 Humongous Allocation)
[78.653s][info][gc,task     ] GC(96) Using 8 workers of 8 for evacuation
[78.656s][info][gc,phases   ] GC(96)   Pre Evacuate Collection Set: 0.1ms
[78.656s][info][gc,phases   ] GC(96)   Merge Heap Roots: 0.0ms
[78.656s][info][gc,phases   ] GC(96)   Evacuate Collection Set: 2.7ms
[78.656s][info][gc,phases   ] GC(96)   Post Evacuate Collection Set: 0.3ms
[78.656s][info][gc,phases   ] GC(96)   Other: 0.2ms
[78.657s][info][gc,heap     ] GC(96) Eden regions: 30->0(52)
[78.657s][info][gc,heap     ] GC(96) Survivor regions: 4->5(8)
[78.657s][info][gc,heap     ] GC(96) Old regions: 69->69
[78.657s][info][gc,heap     ] GC(96) Archive regions: 2->2
[78.657s][info][gc,heap     ] GC(96) Humongous regions: 1->1
[78.657s][info][gc,metaspace] GC(96) Metaspace: 44271K(45312K)->44271K(45312K) NonClass: 38983K(39680K)->38983K(39680K) Class: 5287K(5632K)->5287K(5632K)
[78.657s][info][gc          ] GC(96) Pause Young (Concurrent Start) (G1 Humongous Allocation) 103M->74M(149M) 3.403ms
[78.657s][info][gc,cpu      ] GC(96) User=0.03s Sys=0.00s Real=0.01s
[78.657s][info][gc          ] GC(97) Concurrent Cycle
[78.657s][info][gc,marking  ] GC(97) Concurrent Clear Claimed Marks
[78.657s][info][gc,marking  ] GC(97) Concurrent Clear Claimed Marks 0.056ms
[78.657s][info][gc,marking  ] GC(97) Concurrent Scan Root Regions
[78.661s][info][gc,marking  ] GC(97) Concurrent Scan Root Regions 4.755ms
[78.662s][info][gc,marking  ] GC(97) Concurrent Mark (78.662s)
[78.662s][info][gc,marking  ] GC(97) Concurrent Mark From Roots
[78.662s][info][gc,task     ] GC(97) Using 2 workers of 2 for marking
[78.738s][info][gc,marking  ] GC(97) Concurrent Mark From Roots 76.539ms
[78.738s][info][gc,marking  ] GC(97) Concurrent Preclean
[78.738s][info][gc,marking  ] GC(97) Concurrent Preclean 0.082ms
[78.738s][info][gc,marking  ] GC(97) Concurrent Mark (78.662s, 78.738s) 76.693ms
[78.738s][info][gc,start    ] GC(97) Pause Remark
[78.740s][info][gc          ] GC(97) Pause Remark 102M->102M(175M) 1.764ms
[78.740s][info][gc,cpu      ] GC(97) User=0.02s Sys=0.00s Real=0.00s
[78.740s][info][gc,marking  ] GC(97) Concurrent Rebuild Remembered Sets
[78.794s][info][gc,marking  ] GC(97) Concurrent Rebuild Remembered Sets 53.582ms
[78.794s][info][gc,start    ] GC(97) Pause Cleanup
[78.794s][info][gc          ] GC(97) Pause Cleanup 111M->111M(175M) 0.086ms
[78.794s][info][gc,cpu      ] GC(97) User=0.00s Sys=0.00s Real=0.00s
[78.794s][info][gc,marking  ] GC(97) Concurrent Cleanup for Next Mark
[78.795s][info][gc,marking  ] GC(97) Concurrent Cleanup for Next Mark 0.393ms
[78.795s][info][gc          ] GC(97) Concurrent Cycle 137.990ms
[78.931s][info][gc,start    ] GC(98) Pause Young (Normal) (G1 Evacuation Pause)
[78.931s][info][gc,task     ] GC(98) Using 8 workers of 8 for evacuation
[78.937s][info][gc,phases   ] GC(98)   Pre Evacuate Collection Set: 0.1ms
[78.937s][info][gc,phases   ] GC(98)   Merge Heap Roots: 0.0ms
[78.937s][info][gc,phases   ] GC(98)   Evacuate Collection Set: 5.3ms
[78.937s][info][gc,phases   ] GC(98)   Post Evacuate Collection Set: 0.3ms
[78.937s][info][gc,phases   ] GC(98)   Other: 0.2ms
[78.937s][info][gc,heap     ] GC(98) Eden regions: 52->0(60)
[78.937s][info][gc,heap     ] GC(98) Survivor regions: 5->5(8)
[78.937s][info][gc,heap     ] GC(98) Old regions: 69->70
[78.937s][info][gc,heap     ] GC(98) Archive regions: 2->2
[78.937s][info][gc,heap     ] GC(98) Humongous regions: 15->15
[78.937s][info][gc,metaspace] GC(98) Metaspace: 44272K(45312K)->44272K(45312K) NonClass: 38985K(39680K)->38985K(39680K) Class: 5287K(5632K)->5287K(5632K)
[78.937s][info][gc          ] GC(98) Pause Young (Normal) (G1 Evacuation Pause) 140M->90M(175M) 5.893ms
[78.937s][info][gc,cpu      ] GC(98) User=0.04s Sys=0.00s Real=0.01s
[79.228s][info][gc,start    ] GC(99) Pause Young (Concurrent Start) (G1 Evacuation Pause)
[79.228s][info][gc,task     ] GC(99) Using 8 workers of 8 for evacuation
[79.233s][info][gc,phases   ] GC(99)   Pre Evacuate Collection Set: 0.1ms
[79.233s][info][gc,phases   ] GC(99)   Merge Heap Roots: 0.1ms
[79.233s][info][gc,phases   ] GC(99)   Evacuate Collection Set: 4.9ms
[79.233s][info][gc,phases   ] GC(99)   Post Evacuate Collection Set: 0.3ms
[79.233s][info][gc,phases   ] GC(99)   Other: 0.2ms
[79.233s][info][gc,heap     ] GC(99) Eden regions: 60->0(56)
[79.233s][info][gc,heap     ] GC(99) Survivor regions: 5->7(9)
[79.233s][info][gc,heap     ] GC(99) Old regions: 70->70
[79.233s][info][gc,heap     ] GC(99) Archive regions: 2->2
[79.233s][info][gc,heap     ] GC(99) Humongous regions: 15->15
[79.233s][info][gc,metaspace] GC(99) Metaspace: 44272K(45312K)->44272K(45312K) NonClass: 38985K(39680K)->38985K(39680K) Class: 5287K(5632K)->5287K(5632K)
[79.233s][info][gc          ] GC(99) Pause Young (Concurrent Start) (G1 Evacuation Pause) 150M->91M(175M) 5.626ms
[79.233s][info][gc,cpu      ] GC(99) User=0.04s Sys=0.00s Real=0.00s
[79.233s][info][gc          ] GC(100) Concurrent Cycle
[79.233s][info][gc,marking  ] GC(100) Concurrent Clear Claimed Marks
[79.233s][info][gc,marking  ] GC(100) Concurrent Clear Claimed Marks 0.053ms
[79.233s][info][gc,marking  ] GC(100) Concurrent Scan Root Regions
[79.237s][info][gc,marking  ] GC(100) Concurrent Scan Root Regions 3.734ms
[79.237s][info][gc,marking  ] GC(100) Concurrent Mark (79.237s)
[79.237s][info][gc,marking  ] GC(100) Concurrent Mark From Roots
[79.237s][info][gc,task     ] GC(100) Using 2 workers of 2 for marking
[79.315s][info][gc,marking  ] GC(100) Concurrent Mark From Roots 77.915ms
[79.315s][info][gc,marking  ] GC(100) Concurrent Preclean
[79.315s][info][gc,marking  ] GC(100) Concurrent Preclean 0.103ms
[79.315s][info][gc,marking  ] GC(100) Concurrent Mark (79.237s, 79.315s) 78.118ms
[79.316s][info][gc,start    ] GC(100) Pause Remark
[79.318s][info][gc          ] GC(100) Pause Remark 103M->90M(175M) 2.029ms
[79.318s][info][gc,cpu      ] GC(100) User=0.01s Sys=0.00s Real=0.00s
[79.318s][info][gc,marking  ] GC(100) Concurrent Rebuild Remembered Sets
[79.367s][info][gc,marking  ] GC(100) Concurrent Rebuild Remembered Sets 49.179ms
[79.367s][info][gc,start    ] GC(100) Pause Cleanup
[79.368s][info][gc          ] GC(100) Pause Cleanup 98M->98M(175M) 0.112ms
[79.368s][info][gc,cpu      ] GC(100) User=0.00s Sys=0.00s Real=0.00s
[79.368s][info][gc,marking  ] GC(100) Concurrent Cleanup for Next Mark
[79.368s][info][gc,marking  ] GC(100) Concurrent Cleanup for Next Mark 0.538ms
[79.368s][info][gc          ] GC(100) Concurrent Cycle 134.792ms
[79.537s][info][gc,start    ] GC(101) Pause Young (Normal) (G1 Evacuation Pause)
[79.537s][info][gc,task     ] GC(101) Using 8 workers of 8 for evacuation
[79.542s][info][gc,phases   ] GC(101)   Pre Evacuate Collection Set: 0.1ms
[79.542s][info][gc,phases   ] GC(101)   Merge Heap Roots: 0.1ms
[79.542s][info][gc,phases   ] GC(101)   Evacuate Collection Set: 4.5ms
[79.542s][info][gc,phases   ] GC(101)   Post Evacuate Collection Set: 0.3ms
[79.542s][info][gc,phases   ] GC(101)   Other: 0.1ms
[79.542s][info][gc,heap     ] GC(101) Eden regions: 56->0(68)
[79.542s][info][gc,heap     ] GC(101) Survivor regions: 7->6(8)
[79.542s][info][gc,heap     ] GC(101) Old regions: 70->73
[79.542s][info][gc,heap     ] GC(101) Archive regions: 2->2
[79.542s][info][gc,heap     ] GC(101) Humongous regions: 2->2
[79.542s][info][gc,metaspace] GC(101) Metaspace: 44273K(45312K)->44273K(45312K) NonClass: 38985K(39680K)->38985K(39680K) Class: 5287K(5632K)->5287K(5632K)
[79.542s][info][gc          ] GC(101) Pause Young (Normal) (G1 Evacuation Pause) 134M->79M(175M) 5.135ms
[79.542s][info][gc,cpu      ] GC(101) User=0.04s Sys=0.00s Real=0.00s
[79.854s][info][gc,start    ] GC(102) Pause Young (Normal) (G1 Evacuation Pause)
[79.855s][info][gc,task     ] GC(102) Using 8 workers of 8 for evacuation
[79.859s][info][gc,phases   ] GC(102)   Pre Evacuate Collection Set: 0.0ms
[79.859s][info][gc,phases   ] GC(102)   Merge Heap Roots: 0.0ms
[79.859s][info][gc,phases   ] GC(102)   Evacuate Collection Set: 4.2ms
[79.859s][info][gc,phases   ] GC(102)   Post Evacuate Collection Set: 0.5ms
[79.860s][info][gc,phases   ] GC(102)   Other: 0.2ms
[79.860s][info][gc,heap     ] GC(102) Eden regions: 68->0(66)
[79.860s][info][gc,heap     ] GC(102) Survivor regions: 6->7(10)
[79.860s][info][gc,heap     ] GC(102) Old regions: 73->73
[79.860s][info][gc,heap     ] GC(102) Archive regions: 2->2
[79.860s][info][gc,heap     ] GC(102) Humongous regions: 2->2
[79.860s][info][gc,metaspace] GC(102) Metaspace: 44273K(45312K)->44273K(45312K) NonClass: 38985K(39680K)->38985K(39680K) Class: 5287K(5632K)->5287K(5632K)
[79.860s][info][gc          ] GC(102) Pause Young (Normal) (G1 Evacuation Pause) 147M->81M(175M) 5.143ms
[79.860s][info][gc,cpu      ] GC(102) User=0.03s Sys=0.00s Real=0.01s
[80.174s][info][gc,start    ] GC(103) Pause Young (Normal) (G1 Evacuation Pause)
[80.174s][info][gc,task     ] GC(103) Using 8 workers of 8 for evacuation
[80.179s][info][gc,phases   ] GC(103)   Pre Evacuate Collection Set: 0.1ms
[80.179s][info][gc,phases   ] GC(103)   Merge Heap Roots: 0.1ms
[80.179s][info][gc,phases   ] GC(103)   Evacuate Collection Set: 4.8ms
[80.179s][info][gc,phases   ] GC(103)   Post Evacuate Collection Set: 0.3ms
[80.179s][info][gc,phases   ] GC(103)   Other: 0.2ms
[80.179s][info][gc,heap     ] GC(103) Eden regions: 66->0(64)
[80.179s][info][gc,heap     ] GC(103) Survivor regions: 7->7(10)
[80.179s][info][gc,heap     ] GC(103) Old regions: 73->75
[80.179s][info][gc,heap     ] GC(103) Archive regions: 2->2
[80.179s][info][gc,heap     ] GC(103) Humongous regions: 2->2
[80.179s][info][gc,metaspace] GC(103) Metaspace: 44273K(45312K)->44273K(45312K) NonClass: 38985K(39680K)->38985K(39680K) Class: 5287K(5632K)->5287K(5632K)
[80.179s][info][gc          ] GC(103) Pause Young (Normal) (G1 Evacuation Pause) 147M->82M(175M) 5.449ms
[80.179s][info][gc,cpu      ] GC(103) User=0.03s Sys=0.00s Real=0.01s
[80.460s][info][gc,start    ] GC(104) Pause Young (Concurrent Start) (G1 Evacuation Pause)
[80.460s][info][gc,task     ] GC(104) Using 8 workers of 8 for evacuation
[80.465s][info][gc,phases   ] GC(104)   Pre Evacuate Collection Set: 0.1ms
[80.465s][info][gc,phases   ] GC(104)   Merge Heap Roots: 0.0ms
[80.465s][info][gc,phases   ] GC(104)   Evacuate Collection Set: 4.4ms
[80.465s][info][gc,phases   ] GC(104)   Post Evacuate Collection Set: 0.3ms
[80.465s][info][gc,phases   ] GC(104)   Other: 0.2ms
[80.465s][info][gc,heap     ] GC(104) Eden regions: 64->0(63)
[80.465s][info][gc,heap     ] GC(104) Survivor regions: 7->7(9)
[80.465s][info][gc,heap     ] GC(104) Old regions: 75->76
[80.465s][info][gc,heap     ] GC(104) Archive regions: 2->2
[80.465s][info][gc,heap     ] GC(104) Humongous regions: 2->2
[80.465s][info][gc,metaspace] GC(104) Metaspace: 44274K(45312K)->44274K(45312K) NonClass: 38986K(39680K)->38986K(39680K) Class: 5287K(5632K)->5287K(5632K)
[80.465s][info][gc          ] GC(104) Pause Young (Concurrent Start) (G1 Evacuation Pause) 146M->84M(175M) 5.112ms
[80.465s][info][gc,cpu      ] GC(104) User=0.03s Sys=0.00s Real=0.01s
[80.466s][info][gc          ] GC(105) Concurrent Cycle
[80.466s][info][gc,marking  ] GC(105) Concurrent Clear Claimed Marks
[80.466s][info][gc,marking  ] GC(105) Concurrent Clear Claimed Marks 0.042ms
[80.466s][info][gc,marking  ] GC(105) Concurrent Scan Root Regions
[80.470s][info][gc,marking  ] GC(105) Concurrent Scan Root Regions 4.407ms
[80.470s][info][gc,marking  ] GC(105) Concurrent Mark (80.470s)
[80.470s][info][gc,marking  ] GC(105) Concurrent Mark From Roots
[80.470s][info][gc,task     ] GC(105) Using 2 workers of 2 for marking
[80.549s][info][gc,marking  ] GC(105) Concurrent Mark From Roots 78.614ms
[80.549s][info][gc,marking  ] GC(105) Concurrent Preclean
[80.549s][info][gc,marking  ] GC(105) Concurrent Preclean 0.093ms
[80.549s][info][gc,marking  ] GC(105) Concurrent Mark (80.470s, 80.549s) 78.801ms
[80.549s][info][gc,start    ] GC(105) Pause Remark
[80.551s][info][gc          ] GC(105) Pause Remark 96M->96M(175M) 1.685ms
[80.551s][info][gc,cpu      ] GC(105) User=0.01s Sys=0.00s Real=0.00s
[80.551s][info][gc,marking  ] GC(105) Concurrent Rebuild Remembered Sets
[80.599s][info][gc,marking  ] GC(105) Concurrent Rebuild Remembered Sets 48.105ms
[80.599s][info][gc,start    ] GC(105) Pause Cleanup
[80.599s][info][gc          ] GC(105) Pause Cleanup 103M->103M(175M) 0.115ms
[80.599s][info][gc,cpu      ] GC(105) User=0.00s Sys=0.00s Real=0.00s
[80.599s][info][gc,marking  ] GC(105) Concurrent Cleanup for Next Mark
[80.600s][info][gc,marking  ] GC(105) Concurrent Cleanup for Next Mark 0.301ms
[80.600s][info][gc          ] GC(105) Concurrent Cycle 134.168ms
[81.606s][info][gc,start    ] GC(106) Pause Young (Normal) (G1 Evacuation Pause)
[81.606s][info][gc,task     ] GC(106) Using 8 workers of 8 for evacuation
[81.611s][info][gc,phases   ] GC(106)   Pre Evacuate Collection Set: 0.1ms
[81.611s][info][gc,phases   ] GC(106)   Merge Heap Roots: 0.0ms
[81.611s][info][gc,phases   ] GC(106)   Evacuate Collection Set: 4.7ms
[81.611s][info][gc,phases   ] GC(106)   Post Evacuate Collection Set: 0.3ms
[81.611s][info][gc,phases   ] GC(106)   Other: 0.2ms
[81.611s][info][gc,heap     ] GC(106) Eden regions: 63->0(62)
[81.611s][info][gc,heap     ] GC(106) Survivor regions: 7->6(9)
[81.611s][info][gc,heap     ] GC(106) Old regions: 76->79
[81.611s][info][gc,heap     ] GC(106) Archive regions: 2->2
[81.611s][info][gc,heap     ] GC(106) Humongous regions: 2->2
[81.611s][info][gc,metaspace] GC(106) Metaspace: 44275K(45312K)->44275K(45312K) NonClass: 38987K(39680K)->38987K(39680K) Class: 5287K(5632K)->5287K(5632K)
[81.611s][info][gc          ] GC(106) Pause Young (Normal) (G1 Evacuation Pause) 147M->86M(175M) 5.380ms
[81.611s][info][gc,cpu      ] GC(106) User=0.04s Sys=0.00s Real=0.00s
[81.893s][info][gc,start    ] GC(107) Pause Young (Concurrent Start) (G1 Evacuation Pause)
[81.893s][info][gc,task     ] GC(107) Using 8 workers of 8 for evacuation
[81.899s][info][gc,phases   ] GC(107)   Pre Evacuate Collection Set: 0.1ms
[81.899s][info][gc,phases   ] GC(107)   Merge Heap Roots: 0.0ms
[81.899s][info][gc,phases   ] GC(107)   Evacuate Collection Set: 4.8ms
[81.899s][info][gc,phases   ] GC(107)   Post Evacuate Collection Set: 0.3ms
[81.899s][info][gc,phases   ] GC(107)   Other: 0.2ms
[81.899s][info][gc,heap     ] GC(107) Eden regions: 62->0(60)
[81.899s][info][gc,heap     ] GC(107) Survivor regions: 6->6(9)
[81.899s][info][gc,heap     ] GC(107) Old regions: 79->81
[81.899s][info][gc,heap     ] GC(107) Archive regions: 2->2
[81.899s][info][gc,heap     ] GC(107) Humongous regions: 2->2
[81.899s][info][gc,metaspace] GC(107) Metaspace: 44275K(45312K)->44275K(45312K) NonClass: 38987K(39680K)->38987K(39680K) Class: 5287K(5632K)->5287K(5632K)
[81.899s][info][gc          ] GC(107) Pause Young (Concurrent Start) (G1 Evacuation Pause) 148M->88M(175M) 5.558ms
[81.899s][info][gc,cpu      ] GC(107) User=0.02s Sys=0.00s Real=0.01s
[81.899s][info][gc          ] GC(108) Concurrent Cycle
[81.899s][info][gc,marking  ] GC(108) Concurrent Clear Claimed Marks
[81.899s][info][gc,marking  ] GC(108) Concurrent Clear Claimed Marks 0.074ms
[81.899s][info][gc,marking  ] GC(108) Concurrent Scan Root Regions
[81.903s][info][gc,marking  ] GC(108) Concurrent Scan Root Regions 4.486ms
[81.903s][info][gc,marking  ] GC(108) Concurrent Mark (81.903s)
[81.904s][info][gc,marking  ] GC(108) Concurrent Mark From Roots
[81.904s][info][gc,task     ] GC(108) Using 2 workers of 2 for marking
[82.005s][info][gc,marking  ] GC(108) Concurrent Mark From Roots 101.127ms
[82.005s][info][gc,marking  ] GC(108) Concurrent Preclean
[82.005s][info][gc,marking  ] GC(108) Concurrent Preclean 0.093ms
[82.005s][info][gc,marking  ] GC(108) Concurrent Mark (81.903s, 82.005s) 101.286ms
[82.005s][info][gc,start    ] GC(108) Pause Remark
[82.007s][info][gc          ] GC(108) Pause Remark 102M->102M(177M) 2.086ms
[82.007s][info][gc,cpu      ] GC(108) User=0.01s Sys=0.00s Real=0.01s
[82.008s][info][gc,marking  ] GC(108) Concurrent Rebuild Remembered Sets
[82.087s][info][gc,marking  ] GC(108) Concurrent Rebuild Remembered Sets 79.083ms
[82.087s][info][gc,start    ] GC(108) Pause Cleanup
[82.087s][info][gc          ] GC(108) Pause Cleanup 114M->114M(177M) 0.108ms
[82.087s][info][gc,cpu      ] GC(108) User=0.00s Sys=0.00s Real=0.00s
[82.087s][info][gc,marking  ] GC(108) Concurrent Cleanup for Next Mark
[82.088s][info][gc,marking  ] GC(108) Concurrent Cleanup for Next Mark 0.431ms
[82.088s][info][gc          ] GC(108) Concurrent Cycle 188.852ms
[82.232s][info][gc,start    ] GC(109) Pause Young (Normal) (G1 Evacuation Pause)
[82.232s][info][gc,task     ] GC(109) Using 8 workers of 8 for evacuation
[82.236s][info][gc,phases   ] GC(109)   Pre Evacuate Collection Set: 0.0ms
[82.236s][info][gc,phases   ] GC(109)   Merge Heap Roots: 0.0ms
[82.236s][info][gc,phases   ] GC(109)   Evacuate Collection Set: 3.6ms
[82.236s][info][gc,phases   ] GC(109)   Post Evacuate Collection Set: 0.2ms
[82.236s][info][gc,phases   ] GC(109)   Other: 0.2ms
[82.236s][info][gc,heap     ] GC(109) Eden regions: 60->0(60)
[82.236s][info][gc,heap     ] GC(109) Survivor regions: 6->6(9)
[82.236s][info][gc,heap     ] GC(109) Old regions: 81->83
[82.236s][info][gc,heap     ] GC(109) Archive regions: 2->2
[82.236s][info][gc,heap     ] GC(109) Humongous regions: 2->2
[82.236s][info][gc,metaspace] GC(109) Metaspace: 44277K(45312K)->44277K(45312K) NonClass: 38989K(39680K)->38989K(39680K) Class: 5287K(5632K)->5287K(5632K)
[82.236s][info][gc          ] GC(109) Pause Young (Normal) (G1 Evacuation Pause) 148M->89M(177M) 4.210ms
[82.236s][info][gc,cpu      ] GC(109) User=0.03s Sys=0.00s Real=0.01s
[82.487s][info][gc,start    ] GC(110) Pause Young (Concurrent Start) (G1 Evacuation Pause)
[82.487s][info][gc,task     ] GC(110) Using 8 workers of 8 for evacuation
[82.492s][info][gc,phases   ] GC(110)   Pre Evacuate Collection Set: 0.1ms
[82.492s][info][gc,phases   ] GC(110)   Merge Heap Roots: 0.0ms
[82.492s][info][gc,phases   ] GC(110)   Evacuate Collection Set: 4.0ms
[82.492s][info][gc,phases   ] GC(110)   Post Evacuate Collection Set: 0.3ms
[82.492s][info][gc,phases   ] GC(110)   Other: 0.2ms
[82.492s][info][gc,heap     ] GC(110) Eden regions: 60->0(60)
[82.492s][info][gc,heap     ] GC(110) Survivor regions: 6->5(9)
[82.492s][info][gc,heap     ] GC(110) Old regions: 83->85
[82.492s][info][gc,heap     ] GC(110) Archive regions: 2->2
[82.492s][info][gc,heap     ] GC(110) Humongous regions: 2->2
[82.492s][info][gc,metaspace] GC(110) Metaspace: 44278K(45312K)->44278K(45312K) NonClass: 38990K(39680K)->38990K(39680K) Class: 5287K(5632K)->5287K(5632K)
[82.492s][info][gc          ] GC(110) Pause Young (Concurrent Start) (G1 Evacuation Pause) 149M->91M(177M) 4.610ms
[82.492s][info][gc,cpu      ] GC(110) User=0.04s Sys=0.00s Real=0.00s
[82.492s][info][gc          ] GC(111) Concurrent Cycle
[82.492s][info][gc,marking  ] GC(111) Concurrent Clear Claimed Marks
[82.492s][info][gc,marking  ] GC(111) Concurrent Clear Claimed Marks 0.045ms
[82.492s][info][gc,marking  ] GC(111) Concurrent Scan Root Regions
[82.496s][info][gc,marking  ] GC(111) Concurrent Scan Root Regions 4.220ms
[82.496s][info][gc,marking  ] GC(111) Concurrent Mark (82.496s)
[82.496s][info][gc,marking  ] GC(111) Concurrent Mark From Roots
[82.496s][info][gc,task     ] GC(111) Using 2 workers of 2 for marking
[82.597s][info][gc,marking  ] GC(111) Concurrent Mark From Roots 101.062ms
[82.597s][info][gc,marking  ] GC(111) Concurrent Preclean
[82.597s][info][gc,marking  ] GC(111) Concurrent Preclean 0.070ms
[82.597s][info][gc,marking  ] GC(111) Concurrent Mark (82.496s, 82.597s) 101.186ms
[82.597s][info][gc,start    ] GC(111) Pause Remark
[82.599s][info][gc          ] GC(111) Pause Remark 109M->109M(187M) 1.734ms
[82.599s][info][gc,cpu      ] GC(111) User=0.01s Sys=0.00s Real=0.00s
[82.599s][info][gc,marking  ] GC(111) Concurrent Rebuild Remembered Sets
[82.673s][info][gc,marking  ] GC(111) Concurrent Rebuild Remembered Sets 73.601ms
[82.674s][info][gc,start    ] GC(111) Pause Cleanup
[82.674s][info][gc          ] GC(111) Pause Cleanup 122M->122M(187M) 0.124ms
[82.674s][info][gc,cpu      ] GC(111) User=0.00s Sys=0.00s Real=0.00s
[82.675s][info][gc,marking  ] GC(111) Concurrent Cleanup for Next Mark
[82.676s][info][gc,marking  ] GC(111) Concurrent Cleanup for Next Mark 0.488ms
[82.676s][info][gc          ] GC(111) Concurrent Cycle 184.009ms
[82.805s][info][gc,start    ] GC(112) Pause Young (Normal) (G1 Evacuation Pause)
[82.805s][info][gc,task     ] GC(112) Using 8 workers of 8 for evacuation
[82.810s][info][gc,phases   ] GC(112)   Pre Evacuate Collection Set: 0.0ms
[82.810s][info][gc,phases   ] GC(112)   Merge Heap Roots: 0.0ms
[82.810s][info][gc,phases   ] GC(112)   Evacuate Collection Set: 3.9ms
[82.810s][info][gc,phases   ] GC(112)   Post Evacuate Collection Set: 0.2ms
[82.810s][info][gc,phases   ] GC(112)   Other: 0.2ms
[82.810s][info][gc,heap     ] GC(112) Eden regions: 60->0(65)
[82.810s][info][gc,heap     ] GC(112) Survivor regions: 5->7(9)
[82.810s][info][gc,heap     ] GC(112) Old regions: 85->85
[82.810s][info][gc,heap     ] GC(112) Archive regions: 2->2
[82.810s][info][gc,heap     ] GC(112) Humongous regions: 2->2
[82.810s][info][gc,metaspace] GC(112) Metaspace: 44278K(45312K)->44278K(45312K) NonClass: 38990K(39680K)->38990K(39680K) Class: 5287K(5632K)->5287K(5632K)
[82.810s][info][gc          ] GC(112) Pause Young (Normal) (G1 Evacuation Pause) 151M->92M(187M) 4.585ms
[82.810s][info][gc,cpu      ] GC(112) User=0.04s Sys=0.00s Real=0.01s
[83.106s][info][gc,start    ] GC(113) Pause Young (Concurrent Start) (G1 Evacuation Pause)
[83.106s][info][gc,task     ] GC(113) Using 8 workers of 8 for evacuation
[83.111s][info][gc,phases   ] GC(113)   Pre Evacuate Collection Set: 0.1ms
[83.111s][info][gc,phases   ] GC(113)   Merge Heap Roots: 0.0ms
[83.111s][info][gc,phases   ] GC(113)   Evacuate Collection Set: 4.5ms
[83.111s][info][gc,phases   ] GC(113)   Post Evacuate Collection Set: 0.3ms
[83.111s][info][gc,phases   ] GC(113)   Other: 0.2ms
[83.111s][info][gc,heap     ] GC(113) Eden regions: 65->0(64)
[83.111s][info][gc,heap     ] GC(113) Survivor regions: 7->7(9)
[83.111s][info][gc,heap     ] GC(113) Old regions: 85->86
[83.111s][info][gc,heap     ] GC(113) Archive regions: 2->2
[83.111s][info][gc,heap     ] GC(113) Humongous regions: 2->2
[83.111s][info][gc,metaspace] GC(113) Metaspace: 44278K(45312K)->44278K(45312K) NonClass: 38990K(39680K)->38990K(39680K) Class: 5287K(5632K)->5287K(5632K)
[83.111s][info][gc          ] GC(113) Pause Young (Concurrent Start) (G1 Evacuation Pause) 157M->94M(187M) 5.187ms
[83.111s][info][gc,cpu      ] GC(113) User=0.04s Sys=0.00s Real=0.00s
[83.111s][info][gc          ] GC(114) Concurrent Cycle
[83.111s][info][gc,marking  ] GC(114) Concurrent Clear Claimed Marks
[83.111s][info][gc,marking  ] GC(114) Concurrent Clear Claimed Marks 0.050ms
[83.111s][info][gc,marking  ] GC(114) Concurrent Scan Root Regions
[83.116s][info][gc,marking  ] GC(114) Concurrent Scan Root Regions 5.006ms
[83.116s][info][gc,marking  ] GC(114) Concurrent Mark (83.116s)
[83.116s][info][gc,marking  ] GC(114) Concurrent Mark From Roots
[83.116s][info][gc,task     ] GC(114) Using 2 workers of 2 for marking
[83.220s][info][gc,marking  ] GC(114) Concurrent Mark From Roots 104.001ms
[83.220s][info][gc,marking  ] GC(114) Concurrent Preclean
[83.220s][info][gc,marking  ] GC(114) Concurrent Preclean 0.068ms
[83.220s][info][gc,marking  ] GC(114) Concurrent Mark (83.116s, 83.220s) 104.123ms
[83.220s][info][gc,start    ] GC(114) Pause Remark
[83.222s][info][gc          ] GC(114) Pause Remark 112M->112M(194M) 1.729ms
[83.222s][info][gc,cpu      ] GC(114) User=0.01s Sys=0.00s Real=0.00s
[83.222s][info][gc,marking  ] GC(114) Concurrent Rebuild Remembered Sets
[83.293s][info][gc,marking  ] GC(114) Concurrent Rebuild Remembered Sets 70.682ms
[83.293s][info][gc,start    ] GC(114) Pause Cleanup
[83.293s][info][gc          ] GC(114) Pause Cleanup 125M->125M(194M) 0.153ms
[83.293s][info][gc,cpu      ] GC(114) User=0.00s Sys=0.00s Real=0.00s
[83.293s][info][gc,marking  ] GC(114) Concurrent Cleanup for Next Mark
[83.294s][info][gc,marking  ] GC(114) Concurrent Cleanup for Next Mark 0.381ms
[83.294s][info][gc          ] GC(114) Concurrent Cycle 182.757ms
[83.428s][info][gc,start    ] GC(115) Pause Young (Normal) (G1 Evacuation Pause)
[83.428s][info][gc,task     ] GC(115) Using 8 workers of 8 for evacuation
[83.433s][info][gc,phases   ] GC(115)   Pre Evacuate Collection Set: 0.0ms
[83.433s][info][gc,phases   ] GC(115)   Merge Heap Roots: 0.0ms
[83.433s][info][gc,phases   ] GC(115)   Evacuate Collection Set: 4.5ms
[83.433s][info][gc,phases   ] GC(115)   Post Evacuate Collection Set: 0.3ms
[83.433s][info][gc,phases   ] GC(115)   Other: 0.2ms
[83.433s][info][gc,heap     ] GC(115) Eden regions: 64->0(68)
[83.433s][info][gc,heap     ] GC(115) Survivor regions: 7->7(9)
[83.433s][info][gc,heap     ] GC(115) Old regions: 86->88
[83.433s][info][gc,heap     ] GC(115) Archive regions: 2->2
[83.433s][info][gc,heap     ] GC(115) Humongous regions: 2->2
[83.433s][info][gc,metaspace] GC(115) Metaspace: 44278K(45312K)->44278K(45312K) NonClass: 38990K(39680K)->38990K(39680K) Class: 5287K(5632K)->5287K(5632K)
[83.433s][info][gc          ] GC(115) Pause Young (Normal) (G1 Evacuation Pause) 158M->95M(194M) 5.141ms
[83.433s][info][gc,cpu      ] GC(115) User=0.03s Sys=0.00s Real=0.00s
[83.724s][info][gc,start    ] GC(116) Pause Young (Concurrent Start) (G1 Evacuation Pause)
[83.724s][info][gc,task     ] GC(116) Using 8 workers of 8 for evacuation
[83.730s][info][gc,phases   ] GC(116)   Pre Evacuate Collection Set: 0.1ms
[83.730s][info][gc,phases   ] GC(116)   Merge Heap Roots: 0.1ms
[83.730s][info][gc,phases   ] GC(116)   Evacuate Collection Set: 5.6ms
[83.730s][info][gc,phases   ] GC(116)   Post Evacuate Collection Set: 0.3ms
[83.730s][info][gc,phases   ] GC(116)   Other: 0.2ms
[83.730s][info][gc,heap     ] GC(116) Eden regions: 68->0(67)
[83.730s][info][gc,heap     ] GC(116) Survivor regions: 7->7(10)
[83.730s][info][gc,heap     ] GC(116) Old regions: 88->89
[83.730s][info][gc,heap     ] GC(116) Archive regions: 2->2
[83.730s][info][gc,heap     ] GC(116) Humongous regions: 2->2
[83.730s][info][gc,metaspace] GC(116) Metaspace: 44278K(45312K)->44278K(45312K) NonClass: 38990K(39680K)->38990K(39680K) Class: 5287K(5632K)->5287K(5632K)
[83.730s][info][gc          ] GC(116) Pause Young (Concurrent Start) (G1 Evacuation Pause) 163M->97M(194M) 6.316ms
[83.730s][info][gc,cpu      ] GC(116) User=0.03s Sys=0.00s Real=0.01s
[83.730s][info][gc          ] GC(117) Concurrent Cycle
[83.730s][info][gc,marking  ] GC(117) Concurrent Clear Claimed Marks
[83.730s][info][gc,marking  ] GC(117) Concurrent Clear Claimed Marks 0.044ms
[83.730s][info][gc,marking  ] GC(117) Concurrent Scan Root Regions
[83.735s][info][gc,marking  ] GC(117) Concurrent Scan Root Regions 5.004ms
[83.735s][info][gc,marking  ] GC(117) Concurrent Mark (83.735s)
[83.735s][info][gc,marking  ] GC(117) Concurrent Mark From Roots
[83.735s][info][gc,task     ] GC(117) Using 2 workers of 2 for marking
[83.844s][info][gc,marking  ] GC(117) Concurrent Mark From Roots 108.378ms
[83.844s][info][gc,marking  ] GC(117) Concurrent Preclean
[83.844s][info][gc,marking  ] GC(117) Concurrent Preclean 0.069ms
[83.844s][info][gc,marking  ] GC(117) Concurrent Mark (83.735s, 83.844s) 108.501ms
[83.844s][info][gc,start    ] GC(117) Pause Remark
[83.846s][info][gc          ] GC(117) Pause Remark 145M->145M(247M) 1.879ms
[83.846s][info][gc,cpu      ] GC(117) User=0.02s Sys=0.00s Real=0.01s
[83.846s][info][gc,marking  ] GC(117) Concurrent Rebuild Remembered Sets
[83.935s][info][gc,marking  ] GC(117) Concurrent Rebuild Remembered Sets 89.108ms
[83.935s][info][gc,start    ] GC(117) Pause Cleanup
[83.936s][info][gc          ] GC(117) Pause Cleanup 161M->161M(247M) 0.158ms
[83.936s][info][gc,cpu      ] GC(117) User=0.01s Sys=0.00s Real=0.01s
[83.936s][info][gc,marking  ] GC(117) Concurrent Cleanup for Next Mark
[83.936s][info][gc,marking  ] GC(117) Concurrent Cleanup for Next Mark 0.627ms
[83.936s][info][gc          ] GC(117) Concurrent Cycle 205.954ms
[84.119s][info][gc,start    ] GC(118) Pause Young (Normal) (G1 Evacuation Pause)
[84.119s][info][gc,task     ] GC(118) Using 8 workers of 8 for evacuation
[84.129s][info][gc,phases   ] GC(118)   Pre Evacuate Collection Set: 0.1ms
[84.129s][info][gc,phases   ] GC(118)   Merge Heap Roots: 0.1ms
[84.129s][info][gc,phases   ] GC(118)   Evacuate Collection Set: 9.6ms
[84.129s][info][gc,phases   ] GC(118)   Post Evacuate Collection Set: 0.3ms
[84.129s][info][gc,phases   ] GC(118)   Other: 0.2ms
[84.130s][info][gc,heap     ] GC(118) Eden regions: 67->0(83)
[84.130s][info][gc,heap     ] GC(118) Survivor regions: 7->7(10)
[84.130s][info][gc,heap     ] GC(118) Old regions: 89->91
[84.130s][info][gc,heap     ] GC(118) Archive regions: 2->2
[84.130s][info][gc,heap     ] GC(118) Humongous regions: 32->32
[84.130s][info][gc,metaspace] GC(118) Metaspace: 44279K(45312K)->44279K(45312K) NonClass: 38992K(39680K)->38992K(39680K) Class: 5287K(5632K)->5287K(5632K)
[84.130s][info][gc          ] GC(118) Pause Young (Normal) (G1 Evacuation Pause) 194M->129M(247M) 10.336ms
[84.130s][info][gc,cpu      ] GC(118) User=0.06s Sys=0.00s Real=0.01s
[84.509s][info][gc,start    ] GC(119) Pause Young (Concurrent Start) (G1 Evacuation Pause)
[84.509s][info][gc,task     ] GC(119) Using 8 workers of 8 for evacuation
[84.516s][info][gc,phases   ] GC(119)   Pre Evacuate Collection Set: 0.1ms
[84.516s][info][gc,phases   ] GC(119)   Merge Heap Roots: 0.0ms
[84.516s][info][gc,phases   ] GC(119)   Evacuate Collection Set: 6.8ms
[84.516s][info][gc,phases   ] GC(119)   Post Evacuate Collection Set: 0.3ms
[84.516s][info][gc,phases   ] GC(119)   Other: 0.2ms
[84.516s][info][gc,heap     ] GC(119) Eden regions: 83->0(80)
[84.516s][info][gc,heap     ] GC(119) Survivor regions: 7->8(12)
[84.516s][info][gc,heap     ] GC(119) Old regions: 91->92
[84.516s][info][gc,heap     ] GC(119) Archive regions: 2->2
[84.516s][info][gc,heap     ] GC(119) Humongous regions: 32->32
[84.516s][info][gc,metaspace] GC(119) Metaspace: 44279K(45312K)->44279K(45312K) NonClass: 38992K(39680K)->38992K(39680K) Class: 5287K(5632K)->5287K(5632K)
[84.516s][info][gc          ] GC(119) Pause Young (Concurrent Start) (G1 Evacuation Pause) 212M->131M(247M) 7.521ms
[84.516s][info][gc,cpu      ] GC(119) User=0.05s Sys=0.00s Real=0.01s
[84.516s][info][gc          ] GC(120) Concurrent Cycle
[84.516s][info][gc,marking  ] GC(120) Concurrent Clear Claimed Marks
[84.517s][info][gc,marking  ] GC(120) Concurrent Clear Claimed Marks 0.085ms
[84.517s][info][gc,marking  ] GC(120) Concurrent Scan Root Regions
[84.522s][info][gc,marking  ] GC(120) Concurrent Scan Root Regions 5.689ms
[84.522s][info][gc,marking  ] GC(120) Concurrent Mark (84.522s)
[84.522s][info][gc,marking  ] GC(120) Concurrent Mark From Roots
[84.522s][info][gc,task     ] GC(120) Using 2 workers of 2 for marking
[84.631s][info][gc,marking  ] GC(120) Concurrent Mark From Roots 108.791ms
[84.631s][info][gc,marking  ] GC(120) Concurrent Preclean
[84.631s][info][gc,marking  ] GC(120) Concurrent Preclean 0.106ms
[84.631s][info][gc,marking  ] GC(120) Concurrent Mark (84.522s, 84.631s) 108.976ms
[84.631s][info][gc,start    ] GC(120) Pause Remark
[84.634s][info][gc          ] GC(120) Pause Remark 150M->121M(247M) 2.337ms
[84.634s][info][gc,cpu      ] GC(120) User=0.01s Sys=0.00s Real=0.00s
[84.634s][info][gc,marking  ] GC(120) Concurrent Rebuild Remembered Sets
[84.698s][info][gc,marking  ] GC(120) Concurrent Rebuild Remembered Sets 63.702ms
[84.698s][info][gc,start    ] GC(120) Pause Cleanup
[84.698s][info][gc          ] GC(120) Pause Cleanup 131M->131M(247M) 0.115ms
[84.698s][info][gc,cpu      ] GC(120) User=0.00s Sys=0.00s Real=0.00s
[84.698s][info][gc,marking  ] GC(120) Concurrent Cleanup for Next Mark
[84.699s][info][gc,marking  ] GC(120) Concurrent Cleanup for Next Mark 0.670ms
[84.699s][info][gc          ] GC(120) Concurrent Cycle 182.172ms
[84.922s][info][gc,start    ] GC(121) Pause Young (Normal) (G1 Evacuation Pause)
[84.922s][info][gc,task     ] GC(121) Using 8 workers of 8 for evacuation
[84.928s][info][gc,phases   ] GC(121)   Pre Evacuate Collection Set: 0.0ms
[84.928s][info][gc,phases   ] GC(121)   Merge Heap Roots: 0.0ms
[84.928s][info][gc,phases   ] GC(121)   Evacuate Collection Set: 5.5ms
[84.928s][info][gc,phases   ] GC(121)   Post Evacuate Collection Set: 0.2ms
[84.928s][info][gc,phases   ] GC(121)   Other: 0.2ms
[84.928s][info][gc,heap     ] GC(121) Eden regions: 80->0(107)
[84.928s][info][gc,heap     ] GC(121) Survivor regions: 8->8(11)
[84.928s][info][gc,heap     ] GC(121) Old regions: 92->94
[84.929s][info][gc,heap     ] GC(121) Archive regions: 2->2
[84.929s][info][gc,heap     ] GC(121) Humongous regions: 3->3
[84.929s][info][gc,metaspace] GC(121) Metaspace: 44279K(45312K)->44279K(45312K) NonClass: 38992K(39680K)->38992K(39680K) Class: 5287K(5632K)->5287K(5632K)
[84.929s][info][gc          ] GC(121) Pause Young (Normal) (G1 Evacuation Pause) 182M->104M(247M) 6.178ms
[84.929s][info][gc,cpu      ] GC(121) User=0.04s Sys=0.00s Real=0.01s
[87.065s][info][gc,start    ] GC(122) Pause Young (Normal) (G1 Evacuation Pause)
[87.065s][info][gc,task     ] GC(122) Using 8 workers of 8 for evacuation
[87.073s][info][gc,phases   ] GC(122)   Pre Evacuate Collection Set: 0.1ms
[87.073s][info][gc,phases   ] GC(122)   Merge Heap Roots: 0.1ms
[87.073s][info][gc,phases   ] GC(122)   Evacuate Collection Set: 7.2ms
[87.073s][info][gc,phases   ] GC(122)   Post Evacuate Collection Set: 0.3ms
[87.073s][info][gc,phases   ] GC(122)   Other: 0.2ms
[87.073s][info][gc,heap     ] GC(122) Eden regions: 107->0(99)
[87.073s][info][gc,heap     ] GC(122) Survivor regions: 8->12(15)
[87.073s][info][gc,heap     ] GC(122) Old regions: 94->94
[87.073s][info][gc,heap     ] GC(122) Archive regions: 2->2
[87.073s][info][gc,heap     ] GC(122) Humongous regions: 3->3
[87.073s][info][gc,metaspace] GC(122) Metaspace: 44283K(45312K)->44283K(45312K) NonClass: 38996K(39680K)->38996K(39680K) Class: 5287K(5632K)->5287K(5632K)
[87.073s][info][gc          ] GC(122) Pause Young (Normal) (G1 Evacuation Pause) 211M->108M(247M) 7.829ms
[87.073s][info][gc,cpu      ] GC(122) User=0.04s Sys=0.00s Real=0.01s
[87.536s][info][gc,start    ] GC(123) Pause Young (Normal) (G1 Evacuation Pause)
[87.536s][info][gc,task     ] GC(123) Using 8 workers of 8 for evacuation
[87.544s][info][gc,phases   ] GC(123)   Pre Evacuate Collection Set: 0.1ms
[87.544s][info][gc,phases   ] GC(123)   Merge Heap Roots: 0.0ms
[87.544s][info][gc,phases   ] GC(123)   Evacuate Collection Set: 6.8ms
[87.544s][info][gc,phases   ] GC(123)   Post Evacuate Collection Set: 0.3ms
[87.544s][info][gc,phases   ] GC(123)   Other: 0.2ms
[87.544s][info][gc,heap     ] GC(123) Eden regions: 99->0(100)
[87.544s][info][gc,heap     ] GC(123) Survivor regions: 12->9(14)
[87.544s][info][gc,heap     ] GC(123) Old regions: 94->99
[87.544s][info][gc,heap     ] GC(123) Archive regions: 2->2
[87.544s][info][gc,heap     ] GC(123) Humongous regions: 3->3
[87.544s][info][gc,metaspace] GC(123) Metaspace: 44283K(45312K)->44283K(45312K) NonClass: 38996K(39680K)->38996K(39680K) Class: 5287K(5632K)->5287K(5632K)
[87.544s][info][gc          ] GC(123) Pause Young (Normal) (G1 Evacuation Pause) 207M->110M(247M) 7.530ms
[87.544s][info][gc,cpu      ] GC(123) User=0.06s Sys=0.00s Real=0.00s
[87.974s][info][gc,start    ] GC(124) Pause Young (Normal) (G1 Evacuation Pause)
[87.974s][info][gc,task     ] GC(124) Using 8 workers of 8 for evacuation
[87.980s][info][gc,phases   ] GC(124)   Pre Evacuate Collection Set: 0.0ms
[87.980s][info][gc,phases   ] GC(124)   Merge Heap Roots: 0.0ms
[87.980s][info][gc,phases   ] GC(124)   Evacuate Collection Set: 5.5ms
[87.980s][info][gc,phases   ] GC(124)   Post Evacuate Collection Set: 0.3ms
[87.980s][info][gc,phases   ] GC(124)   Other: 0.2ms
[87.980s][info][gc,heap     ] GC(124) Eden regions: 100->0(98)
[87.980s][info][gc,heap     ] GC(124) Survivor regions: 9->9(14)
[87.980s][info][gc,heap     ] GC(124) Old regions: 99->101
[87.980s][info][gc,heap     ] GC(124) Archive regions: 2->2
[87.980s][info][gc,heap     ] GC(124) Humongous regions: 3->3
[87.980s][info][gc,metaspace] GC(124) Metaspace: 44283K(45312K)->44283K(45312K) NonClass: 38996K(39680K)->38996K(39680K) Class: 5287K(5632K)->5287K(5632K)
[87.980s][info][gc          ] GC(124) Pause Young (Normal) (G1 Evacuation Pause) 210M->112M(247M) 6.177ms
[87.980s][info][gc,cpu      ] GC(124) User=0.05s Sys=0.00s Real=0.01s
[88.453s][info][gc,start    ] GC(125) Pause Young (Normal) (G1 Evacuation Pause)
[88.453s][info][gc,task     ] GC(125) Using 8 workers of 8 for evacuation
[88.461s][info][gc,phases   ] GC(125)   Pre Evacuate Collection Set: 0.1ms
[88.461s][info][gc,phases   ] GC(125)   Merge Heap Roots: 0.0ms
[88.461s][info][gc,phases   ] GC(125)   Evacuate Collection Set: 7.3ms
[88.461s][info][gc,phases   ] GC(125)   Post Evacuate Collection Set: 0.3ms
[88.461s][info][gc,phases   ] GC(125)   Other: 0.2ms
[88.461s][info][gc,heap     ] GC(125) Eden regions: 98->0(96)
[88.461s][info][gc,heap     ] GC(125) Survivor regions: 9->8(14)
[88.461s][info][gc,heap     ] GC(125) Old regions: 101->105
[88.461s][info][gc,heap     ] GC(125) Archive regions: 2->2
[88.461s][info][gc,heap     ] GC(125) Humongous regions: 3->3
[88.461s][info][gc,metaspace] GC(125) Metaspace: 44285K(45312K)->44285K(45312K) NonClass: 38997K(39680K)->38997K(39680K) Class: 5287K(5632K)->5287K(5632K)
[88.461s][info][gc          ] GC(125) Pause Young (Normal) (G1 Evacuation Pause) 210M->115M(247M) 8.072ms
[88.461s][info][gc,cpu      ] GC(125) User=0.05s Sys=0.00s Real=0.01s
[88.816s][info][gc,start    ] GC(126) Pause Young (Normal) (G1 Evacuation Pause)
[88.816s][info][gc,task     ] GC(126) Using 8 workers of 8 for evacuation
[88.822s][info][gc,phases   ] GC(126)   Pre Evacuate Collection Set: 0.0ms
[88.822s][info][gc,phases   ] GC(126)   Merge Heap Roots: 0.0ms
[88.822s][info][gc,phases   ] GC(126)   Evacuate Collection Set: 5.9ms
[88.822s][info][gc,phases   ] GC(126)   Post Evacuate Collection Set: 0.3ms
[88.822s][info][gc,phases   ] GC(126)   Other: 0.2ms
[88.822s][info][gc,heap     ] GC(126) Eden regions: 96->0(94)
[88.822s][info][gc,heap     ] GC(126) Survivor regions: 8->8(13)
[88.822s][info][gc,heap     ] GC(126) Old regions: 105->107
[88.822s][info][gc,heap     ] GC(126) Archive regions: 2->2
[88.822s][info][gc,heap     ] GC(126) Humongous regions: 3->3
[88.822s][info][gc,metaspace] GC(126) Metaspace: 44285K(45312K)->44285K(45312K) NonClass: 38998K(39680K)->38998K(39680K) Class: 5287K(5632K)->5287K(5632K)
[88.822s][info][gc          ] GC(126) Pause Young (Normal) (G1 Evacuation Pause) 211M->117M(247M) 6.597ms
[88.823s][info][gc,cpu      ] GC(126) User=0.04s Sys=0.00s Real=0.00s
[89.270s][info][gc,start    ] GC(127) Pause Young (Concurrent Start) (G1 Evacuation Pause)
[89.270s][info][gc,task     ] GC(127) Using 8 workers of 8 for evacuation
[89.276s][info][gc,phases   ] GC(127)   Pre Evacuate Collection Set: 0.1ms
[89.277s][info][gc,phases   ] GC(127)   Merge Heap Roots: 0.0ms
[89.277s][info][gc,phases   ] GC(127)   Evacuate Collection Set: 6.1ms
[89.277s][info][gc,phases   ] GC(127)   Post Evacuate Collection Set: 0.3ms
[89.277s][info][gc,phases   ] GC(127)   Other: 0.2ms
[89.277s][info][gc,heap     ] GC(127) Eden regions: 94->0(91)
[89.277s][info][gc,heap     ] GC(127) Survivor regions: 8->8(13)
[89.277s][info][gc,heap     ] GC(127) Old regions: 107->110
[89.277s][info][gc,heap     ] GC(127) Archive regions: 2->2
[89.277s][info][gc,heap     ] GC(127) Humongous regions: 3->3
[89.277s][info][gc,metaspace] GC(127) Metaspace: 44287K(45312K)->44287K(45312K) NonClass: 39000K(39680K)->39000K(39680K) Class: 5287K(5632K)->5287K(5632K)
[89.277s][info][gc          ] GC(127) Pause Young (Concurrent Start) (G1 Evacuation Pause) 211M->120M(247M) 6.894ms
[89.277s][info][gc,cpu      ] GC(127) User=0.04s Sys=0.00s Real=0.01s
[89.277s][info][gc          ] GC(128) Concurrent Cycle
[89.277s][info][gc,marking  ] GC(128) Concurrent Clear Claimed Marks
[89.277s][info][gc,marking  ] GC(128) Concurrent Clear Claimed Marks 0.045ms
[89.277s][info][gc,marking  ] GC(128) Concurrent Scan Root Regions
[89.283s][info][gc,marking  ] GC(128) Concurrent Scan Root Regions 6.578ms
[89.283s][info][gc,marking  ] GC(128) Concurrent Mark (89.283s)
[89.283s][info][gc,marking  ] GC(128) Concurrent Mark From Roots
[89.283s][info][gc,task     ] GC(128) Using 2 workers of 2 for marking
[89.434s][info][gc,marking  ] GC(128) Concurrent Mark From Roots 150.216ms
[89.434s][info][gc,marking  ] GC(128) Concurrent Preclean
[89.434s][info][gc,marking  ] GC(128) Concurrent Preclean 0.090ms
[89.434s][info][gc,marking  ] GC(128) Concurrent Mark (89.283s, 89.434s) 150.381ms
[89.434s][info][gc,start    ] GC(128) Pause Remark
[89.436s][info][gc          ] GC(128) Pause Remark 147M->147M(250M) 1.698ms
[89.436s][info][gc,cpu      ] GC(128) User=0.01s Sys=0.00s Real=0.01s
[89.436s][info][gc,marking  ] GC(128) Concurrent Rebuild Remembered Sets
[89.533s][info][gc,marking  ] GC(128) Concurrent Rebuild Remembered Sets 96.624ms
[89.533s][info][gc,start    ] GC(128) Pause Cleanup
[89.533s][info][gc          ] GC(128) Pause Cleanup 164M->164M(250M) 0.127ms
[89.533s][info][gc,cpu      ] GC(128) User=0.00s Sys=0.00s Real=0.00s
[89.533s][info][gc,marking  ] GC(128) Concurrent Cleanup for Next Mark
[89.534s][info][gc,marking  ] GC(128) Concurrent Cleanup for Next Mark 0.524ms
[89.534s][info][gc          ] GC(128) Concurrent Cycle 257.168ms
[89.747s][info][gc,start    ] GC(129) Pause Young (Normal) (G1 Evacuation Pause)
[89.747s][info][gc,task     ] GC(129) Using 8 workers of 8 for evacuation
[89.754s][info][gc,phases   ] GC(129)   Pre Evacuate Collection Set: 0.1ms
[89.754s][info][gc,phases   ] GC(129)   Merge Heap Roots: 0.0ms
[89.754s][info][gc,phases   ] GC(129)   Evacuate Collection Set: 6.2ms
[89.754s][info][gc,phases   ] GC(129)   Post Evacuate Collection Set: 0.3ms
[89.754s][info][gc,phases   ] GC(129)   Other: 0.2ms
[89.754s][info][gc,heap     ] GC(129) Eden regions: 91->0(92)
[89.754s][info][gc,heap     ] GC(129) Survivor regions: 8->8(13)
[89.754s][info][gc,heap     ] GC(129) Old regions: 110->112
[89.754s][info][gc,heap     ] GC(129) Archive regions: 2->2
[89.754s][info][gc,heap     ] GC(129) Humongous regions: 3->3
[89.754s][info][gc,metaspace] GC(129) Metaspace: 44287K(45312K)->44287K(45312K) NonClass: 39000K(39680K)->39000K(39680K) Class: 5287K(5632K)->5287K(5632K)
[89.754s][info][gc          ] GC(129) Pause Young (Normal) (G1 Evacuation Pause) 211M->122M(250M) 6.857ms
[89.754s][info][gc,cpu      ] GC(129) User=0.04s Sys=0.01s Real=0.00s
[92.490s][info][gc,start    ] GC(130) Pause Young (Concurrent Start) (G1 Evacuation Pause)
[92.490s][info][gc,task     ] GC(130) Using 8 workers of 8 for evacuation
[92.496s][info][gc,phases   ] GC(130)   Pre Evacuate Collection Set: 0.1ms
[92.496s][info][gc,phases   ] GC(130)   Merge Heap Roots: 0.1ms
[92.496s][info][gc,phases   ] GC(130)   Evacuate Collection Set: 5.1ms
[92.496s][info][gc,phases   ] GC(130)   Post Evacuate Collection Set: 0.3ms
[92.496s][info][gc,phases   ] GC(130)   Other: 0.2ms
[92.496s][info][gc,heap     ] GC(130) Eden regions: 92->0(89)
[92.496s][info][gc,heap     ] GC(130) Survivor regions: 8->8(13)
[92.496s][info][gc,heap     ] GC(130) Old regions: 112->115
[92.496s][info][gc,heap     ] GC(130) Archive regions: 2->2
[92.496s][info][gc,heap     ] GC(130) Humongous regions: 3->3
[92.496s][info][gc,metaspace] GC(130) Metaspace: 44290K(45312K)->44290K(45312K) NonClass: 39003K(39680K)->39003K(39680K) Class: 5287K(5632K)->5287K(5632K)
[92.496s][info][gc          ] GC(130) Pause Young (Concurrent Start) (G1 Evacuation Pause) 214M->125M(250M) 5.754ms
[92.496s][info][gc,cpu      ] GC(130) User=0.04s Sys=0.00s Real=0.01s
[92.496s][info][gc          ] GC(131) Concurrent Cycle
[92.496s][info][gc,marking  ] GC(131) Concurrent Clear Claimed Marks
[92.496s][info][gc,marking  ] GC(131) Concurrent Clear Claimed Marks 0.040ms
[92.496s][info][gc,marking  ] GC(131) Concurrent Scan Root Regions
[92.503s][info][gc,marking  ] GC(131) Concurrent Scan Root Regions 6.599ms
[92.503s][info][gc,marking  ] GC(131) Concurrent Mark (92.503s)
[92.503s][info][gc,marking  ] GC(131) Concurrent Mark From Roots
[92.503s][info][gc,task     ] GC(131) Using 2 workers of 2 for marking
[92.679s][info][gc,marking  ] GC(131) Concurrent Mark From Roots 175.856ms
[92.679s][info][gc,marking  ] GC(131) Concurrent Preclean
[92.679s][info][gc,marking  ] GC(131) Concurrent Preclean 0.073ms
[92.679s][info][gc,marking  ] GC(131) Concurrent Mark (92.503s, 92.679s) 175.997ms
[92.679s][info][gc,start    ] GC(131) Pause Remark
[92.681s][info][gc          ] GC(131) Pause Remark 156M->156M(267M) 1.817ms
[92.681s][info][gc,cpu      ] GC(131) User=0.01s Sys=0.00s Real=0.00s
[92.681s][info][gc,marking  ] GC(131) Concurrent Rebuild Remembered Sets
[92.782s][info][gc,marking  ] GC(131) Concurrent Rebuild Remembered Sets 101.017ms
[92.782s][info][gc,start    ] GC(131) Pause Cleanup
[92.782s][info][gc          ] GC(131) Pause Cleanup 174M->174M(267M) 0.139ms
[92.782s][info][gc,cpu      ] GC(131) User=0.00s Sys=0.00s Real=0.00s
[92.782s][info][gc,marking  ] GC(131) Concurrent Cleanup for Next Mark
[92.783s][info][gc,marking  ] GC(131) Concurrent Cleanup for Next Mark 0.480ms
[92.783s][info][gc          ] GC(131) Concurrent Cycle 286.794ms
[92.953s][info][gc,start    ] GC(132) Pause Young (Normal) (G1 Evacuation Pause)
[92.953s][info][gc,task     ] GC(132) Using 8 workers of 8 for evacuation
[92.959s][info][gc,phases   ] GC(132)   Pre Evacuate Collection Set: 0.1ms
[92.959s][info][gc,phases   ] GC(132)   Merge Heap Roots: 0.0ms
[92.959s][info][gc,phases   ] GC(132)   Evacuate Collection Set: 5.2ms
[92.959s][info][gc,phases   ] GC(132)   Post Evacuate Collection Set: 0.3ms
[92.959s][info][gc,phases   ] GC(132)   Other: 0.2ms
[92.959s][info][gc,heap     ] GC(132) Eden regions: 87->0(102)
[92.959s][info][gc,heap     ] GC(132) Survivor regions: 8->8(12)
[92.959s][info][gc,heap     ] GC(132) Old regions: 115->117
[92.959s][info][gc,heap     ] GC(132) Archive regions: 2->2
[92.959s][info][gc,heap     ] GC(132) Humongous regions: 3->3
[92.959s][info][gc,metaspace] GC(132) Metaspace: 44291K(45312K)->44291K(45312K) NonClass: 39003K(39680K)->39003K(39680K) Class: 5287K(5632K)->5287K(5632K)
[92.959s][info][gc          ] GC(132) Pause Young (Normal) (G1 Evacuation Pause) 212M->127M(267M) 5.935ms
[92.959s][info][gc,cpu      ] GC(132) User=0.04s Sys=0.00s Real=0.01s
[93.427s][info][gc,start    ] GC(133) Pause Young (Concurrent Start) (G1 Evacuation Pause)
[93.427s][info][gc,task     ] GC(133) Using 8 workers of 8 for evacuation
[93.433s][info][gc,phases   ] GC(133)   Pre Evacuate Collection Set: 0.1ms
[93.433s][info][gc,phases   ] GC(133)   Merge Heap Roots: 0.0ms
[93.433s][info][gc,phases   ] GC(133)   Evacuate Collection Set: 5.4ms
[93.433s][info][gc,phases   ] GC(133)   Post Evacuate Collection Set: 0.3ms
[93.433s][info][gc,phases   ] GC(133)   Other: 0.2ms
[93.433s][info][gc,heap     ] GC(133) Eden regions: 102->0(98)
[93.433s][info][gc,heap     ] GC(133) Survivor regions: 8->10(14)
[93.433s][info][gc,heap     ] GC(133) Old regions: 117->117
[93.433s][info][gc,heap     ] GC(133) Archive regions: 2->2
[93.433s][info][gc,heap     ] GC(133) Humongous regions: 3->3
[93.433s][info][gc,metaspace] GC(133) Metaspace: 44291K(45312K)->44291K(45312K) NonClass: 39003K(39680K)->39003K(39680K) Class: 5287K(5632K)->5287K(5632K)
[93.433s][info][gc          ] GC(133) Pause Young (Concurrent Start) (G1 Evacuation Pause) 229M->129M(267M) 6.025ms
[93.433s][info][gc,cpu      ] GC(133) User=0.05s Sys=0.00s Real=0.00s
[93.433s][info][gc          ] GC(134) Concurrent Cycle
[93.434s][info][gc,marking  ] GC(134) Concurrent Clear Claimed Marks
[93.434s][info][gc,marking  ] GC(134) Concurrent Clear Claimed Marks 0.047ms
[93.434s][info][gc,marking  ] GC(134) Concurrent Scan Root Regions
[93.440s][info][gc,marking  ] GC(134) Concurrent Scan Root Regions 6.540ms
[93.440s][info][gc,marking  ] GC(134) Concurrent Mark (93.440s)
[93.440s][info][gc,marking  ] GC(134) Concurrent Mark From Roots
[93.440s][info][gc,task     ] GC(134) Using 2 workers of 2 for marking
[93.600s][info][gc,marking  ] GC(134) Concurrent Mark From Roots 160.019ms
[93.600s][info][gc,marking  ] GC(134) Concurrent Preclean
[93.600s][info][gc,marking  ] GC(134) Concurrent Preclean 0.085ms
[93.600s][info][gc,marking  ] GC(134) Concurrent Mark (93.440s, 93.600s) 160.185ms
[93.601s][info][gc,start    ] GC(134) Pause Remark
[93.603s][info][gc          ] GC(134) Pause Remark 158M->158M(269M) 2.571ms
[93.603s][info][gc,cpu      ] GC(134) User=0.01s Sys=0.00s Real=0.00s
[93.603s][info][gc,marking  ] GC(134) Concurrent Rebuild Remembered Sets
[93.694s][info][gc,marking  ] GC(134) Concurrent Rebuild Remembered Sets 90.687ms
[93.695s][info][gc,start    ] GC(134) Pause Cleanup
[93.695s][info][gc          ] GC(134) Pause Cleanup 174M->174M(269M) 0.150ms
[93.695s][info][gc,cpu      ] GC(134) User=0.00s Sys=0.00s Real=0.00s
[93.695s][info][gc,marking  ] GC(134) Concurrent Cleanup for Next Mark
[93.696s][info][gc,marking  ] GC(134) Concurrent Cleanup for Next Mark 0.497ms
[93.696s][info][gc          ] GC(134) Concurrent Cycle 262.335ms
[93.929s][info][gc,start    ] GC(135) Pause Young (Normal) (G1 Evacuation Pause)
[93.929s][info][gc,task     ] GC(135) Using 8 workers of 8 for evacuation
[93.937s][info][gc,phases   ] GC(135)   Pre Evacuate Collection Set: 0.1ms
[93.937s][info][gc,phases   ] GC(135)   Merge Heap Roots: 0.1ms
[93.937s][info][gc,phases   ] GC(135)   Evacuate Collection Set: 6.8ms
[93.937s][info][gc,phases   ] GC(135)   Post Evacuate Collection Set: 0.3ms
[93.937s][info][gc,phases   ] GC(135)   Other: 0.2ms
[93.937s][info][gc,heap     ] GC(135) Eden regions: 98->0(96)
[93.937s][info][gc,heap     ] GC(135) Survivor regions: 10->11(14)
[93.937s][info][gc,heap     ] GC(135) Old regions: 117->119
[93.937s][info][gc,heap     ] GC(135) Archive regions: 2->2
[93.937s][info][gc,heap     ] GC(135) Humongous regions: 3->3
[93.937s][info][gc,metaspace] GC(135) Metaspace: 44293K(45312K)->44293K(45312K) NonClass: 39005K(39680K)->39005K(39680K) Class: 5288K(5632K)->5288K(5632K)
[93.937s][info][gc          ] GC(135) Pause Young (Normal) (G1 Evacuation Pause) 227M->132M(269M) 7.452ms
[93.937s][info][gc,cpu      ] GC(135) User=0.05s Sys=0.00s Real=0.01s
[94.045s][info][gc,start    ] GC(136) Pause Young (Concurrent Start) (G1 Humongous Allocation)
[94.045s][info][gc,task     ] GC(136) Using 8 workers of 8 for evacuation
[94.052s][info][gc,phases   ] GC(136)   Pre Evacuate Collection Set: 0.1ms
[94.052s][info][gc,phases   ] GC(136)   Merge Heap Roots: 0.0ms
[94.052s][info][gc,phases   ] GC(136)   Evacuate Collection Set: 6.8ms
[94.052s][info][gc,phases   ] GC(136)   Post Evacuate Collection Set: 0.3ms
[94.052s][info][gc,phases   ] GC(136)   Other: 0.2ms
[94.052s][info][gc,heap     ] GC(136) Eden regions: 24->0(97)
[94.052s][info][gc,heap     ] GC(136) Survivor regions: 11->9(14)
[94.052s][info][gc,heap     ] GC(136) Old regions: 119->122
[94.052s][info][gc,heap     ] GC(136) Archive regions: 2->2
[94.052s][info][gc,heap     ] GC(136) Humongous regions: 3->3
[94.052s][info][gc,metaspace] GC(136) Metaspace: 44297K(45312K)->44297K(45312K) NonClass: 39009K(39680K)->39009K(39680K) Class: 5288K(5632K)->5288K(5632K)
[94.052s][info][gc          ] GC(136) Pause Young (Concurrent Start) (G1 Humongous Allocation) 156M->132M(269M) 7.510ms
[94.052s][info][gc,cpu      ] GC(136) User=0.04s Sys=0.00s Real=0.01s
[94.052s][info][gc          ] GC(137) Concurrent Cycle
[94.052s][info][gc,marking  ] GC(137) Concurrent Clear Claimed Marks
[94.052s][info][gc,marking  ] GC(137) Concurrent Clear Claimed Marks 0.065ms
[94.052s][info][gc,marking  ] GC(137) Concurrent Scan Root Regions
[94.060s][info][gc,marking  ] GC(137) Concurrent Scan Root Regions 8.054ms
[94.061s][info][gc,marking  ] GC(137) Concurrent Mark (94.061s)
[94.061s][info][gc,marking  ] GC(137) Concurrent Mark From Roots
[94.061s][info][gc,task     ] GC(137) Using 2 workers of 2 for marking
[94.248s][info][gc,marking  ] GC(137) Concurrent Mark From Roots 187.854ms
[94.248s][info][gc,marking  ] GC(137) Concurrent Preclean
[94.248s][info][gc,marking  ] GC(137) Concurrent Preclean 0.058ms
[94.248s][info][gc,marking  ] GC(137) Concurrent Mark (94.061s, 94.248s) 187.970ms
[94.249s][info][gc,start    ] GC(137) Pause Remark
[94.250s][info][gc          ] GC(137) Pause Remark 168M->168M(287M) 1.723ms
[94.250s][info][gc,cpu      ] GC(137) User=0.01s Sys=0.00s Real=0.00s
[94.250s][info][gc,marking  ] GC(137) Concurrent Rebuild Remembered Sets
[94.363s][info][gc,marking  ] GC(137) Concurrent Rebuild Remembered Sets 112.348ms
[94.363s][info][gc,start    ] GC(137) Pause Cleanup
[94.363s][info][gc          ] GC(137) Pause Cleanup 187M->187M(287M) 0.167ms
[94.363s][info][gc,cpu      ] GC(137) User=0.00s Sys=0.00s Real=0.00s
[94.364s][info][gc,marking  ] GC(137) Concurrent Cleanup for Next Mark
[94.365s][info][gc,marking  ] GC(137) Concurrent Cleanup for Next Mark 1.350ms
[94.365s][info][gc          ] GC(137) Concurrent Cycle 312.852ms
[94.555s][info][gc,start    ] GC(138) Pause Young (Normal) (G1 Evacuation Pause)
[94.555s][info][gc,task     ] GC(138) Using 8 workers of 8 for evacuation
[94.563s][info][gc,phases   ] GC(138)   Pre Evacuate Collection Set: 0.1ms
[94.563s][info][gc,phases   ] GC(138)   Merge Heap Roots: 0.1ms
[94.563s][info][gc,phases   ] GC(138)   Evacuate Collection Set: 6.5ms
[94.563s][info][gc,phases   ] GC(138)   Post Evacuate Collection Set: 0.3ms
[94.563s][info][gc,phases   ] GC(138)   Other: 0.2ms
[94.563s][info][gc,heap     ] GC(138) Eden regions: 95->0(107)
[94.563s][info][gc,heap     ] GC(138) Survivor regions: 9->9(13)
[94.563s][info][gc,heap     ] GC(138) Old regions: 122->124
[94.563s][info][gc,heap     ] GC(138) Archive regions: 2->2
[94.563s][info][gc,heap     ] GC(138) Humongous regions: 7->7
[94.563s][info][gc,metaspace] GC(138) Metaspace: 44300K(45312K)->44300K(45312K) NonClass: 39012K(39680K)->39012K(39680K) Class: 5288K(5632K)->5288K(5632K)
[94.563s][info][gc          ] GC(138) Pause Young (Normal) (G1 Evacuation Pause) 231M->139M(287M) 7.233ms
[94.563s][info][gc,cpu      ] GC(138) User=0.05s Sys=0.00s Real=0.01s
[95.022s][info][gc,start    ] GC(139) Pause Young (Concurrent Start) (G1 Evacuation Pause)
[95.022s][info][gc,task     ] GC(139) Using 8 workers of 8 for evacuation
[95.028s][info][gc,phases   ] GC(139)   Pre Evacuate Collection Set: 0.1ms
[95.029s][info][gc,phases   ] GC(139)   Merge Heap Roots: 0.1ms
[95.029s][info][gc,phases   ] GC(139)   Evacuate Collection Set: 5.7ms
[95.029s][info][gc,phases   ] GC(139)   Post Evacuate Collection Set: 0.3ms
[95.029s][info][gc,phases   ] GC(139)   Other: 0.2ms
[95.029s][info][gc,heap     ] GC(139) Eden regions: 107->0(103)
[95.029s][info][gc,heap     ] GC(139) Survivor regions: 9->11(15)
[95.029s][info][gc,heap     ] GC(139) Old regions: 124->124
[95.029s][info][gc,heap     ] GC(139) Archive regions: 2->2
[95.029s][info][gc,heap     ] GC(139) Humongous regions: 7->7
[95.029s][info][gc,metaspace] GC(139) Metaspace: 44300K(45312K)->44300K(45312K) NonClass: 39012K(39680K)->39012K(39680K) Class: 5288K(5632K)->5288K(5632K)
[95.029s][info][gc          ] GC(139) Pause Young (Concurrent Start) (G1 Evacuation Pause) 246M->141M(287M) 6.534ms
[95.029s][info][gc,cpu      ] GC(139) User=0.05s Sys=0.00s Real=0.01s
[95.029s][info][gc          ] GC(140) Concurrent Cycle
[95.029s][info][gc,marking  ] GC(140) Concurrent Clear Claimed Marks
[95.029s][info][gc,marking  ] GC(140) Concurrent Clear Claimed Marks 0.048ms
[95.029s][info][gc,marking  ] GC(140) Concurrent Scan Root Regions
[95.036s][info][gc,marking  ] GC(140) Concurrent Scan Root Regions 7.277ms
[95.036s][info][gc,marking  ] GC(140) Concurrent Mark (95.036s)
[95.036s][info][gc,marking  ] GC(140) Concurrent Mark From Roots
[95.036s][info][gc,task     ] GC(140) Using 2 workers of 2 for marking
[95.194s][info][gc,marking  ] GC(140) Concurrent Mark From Roots 157.481ms
[95.194s][info][gc,marking  ] GC(140) Concurrent Preclean
[95.194s][info][gc,marking  ] GC(140) Concurrent Preclean 0.067ms
[95.194s][info][gc,marking  ] GC(140) Concurrent Mark (95.036s, 95.194s) 157.604ms
[95.194s][info][gc,start    ] GC(140) Pause Remark
[95.195s][info][gc          ] GC(140) Pause Remark 166M->163M(287M) 1.612ms
[95.195s][info][gc,cpu      ] GC(140) User=0.01s Sys=0.00s Real=0.00s
[95.196s][info][gc,marking  ] GC(140) Concurrent Rebuild Remembered Sets
[95.290s][info][gc,marking  ] GC(140) Concurrent Rebuild Remembered Sets 94.161ms
[95.290s][info][gc,start    ] GC(140) Pause Cleanup
[95.290s][info][gc          ] GC(140) Pause Cleanup 179M->179M(287M) 0.118ms
[95.290s][info][gc,cpu      ] GC(140) User=0.00s Sys=0.00s Real=0.00s
[95.290s][info][gc,marking  ] GC(140) Concurrent Cleanup for Next Mark
[95.291s][info][gc,marking  ] GC(140) Concurrent Cleanup for Next Mark 0.453ms
[95.291s][info][gc          ] GC(140) Concurrent Cycle 261.883ms
[95.569s][info][gc,start    ] GC(141) Pause Young (Normal) (G1 Evacuation Pause)
[95.569s][info][gc,task     ] GC(141) Using 8 workers of 8 for evacuation
[95.577s][info][gc,phases   ] GC(141)   Pre Evacuate Collection Set: 0.0ms
[95.577s][info][gc,phases   ] GC(141)   Merge Heap Roots: 0.1ms
[95.577s][info][gc,phases   ] GC(141)   Evacuate Collection Set: 7.4ms
[95.577s][info][gc,phases   ] GC(141)   Post Evacuate Collection Set: 0.3ms
[95.577s][info][gc,phases   ] GC(141)   Other: 0.2ms
[95.577s][info][gc,heap     ] GC(141) Eden regions: 103->0(105)
[95.577s][info][gc,heap     ] GC(141) Survivor regions: 11->9(15)
[95.577s][info][gc,heap     ] GC(141) Old regions: 124->129
[95.577s][info][gc,heap     ] GC(141) Archive regions: 2->2
[95.577s][info][gc,heap     ] GC(141) Humongous regions: 4->4
[95.577s][info][gc,metaspace] GC(141) Metaspace: 44301K(45312K)->44301K(45312K) NonClass: 39013K(39680K)->39013K(39680K) Class: 5288K(5632K)->5288K(5632K)
[95.577s][info][gc          ] GC(141) Pause Young (Normal) (G1 Evacuation Pause) 241M->141M(287M) 8.038ms
[95.577s][info][gc,cpu      ] GC(141) User=0.05s Sys=0.00s Real=0.01s
[97.214s][info][gc,start    ] GC(142) Pause Young (Concurrent Start) (G1 Evacuation Pause)
[97.214s][info][gc,task     ] GC(142) Using 8 workers of 8 for evacuation
[97.220s][info][gc,phases   ] GC(142)   Pre Evacuate Collection Set: 0.1ms
[97.221s][info][gc,phases   ] GC(142)   Merge Heap Roots: 0.1ms
[97.221s][info][gc,phases   ] GC(142)   Evacuate Collection Set: 5.9ms
[97.221s][info][gc,phases   ] GC(142)   Post Evacuate Collection Set: 0.3ms
[97.221s][info][gc,phases   ] GC(142)   Other: 0.2ms
[97.221s][info][gc,heap     ] GC(142) Eden regions: 105->0(100)
[97.221s][info][gc,heap     ] GC(142) Survivor regions: 9->11(15)
[97.221s][info][gc,heap     ] GC(142) Old regions: 129->130
[97.221s][info][gc,heap     ] GC(142) Archive regions: 2->2
[97.221s][info][gc,heap     ] GC(142) Humongous regions: 4->4
[97.221s][info][gc,metaspace] GC(142) Metaspace: 44301K(45312K)->44301K(45312K) NonClass: 39013K(39680K)->39013K(39680K) Class: 5288K(5632K)->5288K(5632K)
[97.221s][info][gc          ] GC(142) Pause Young (Concurrent Start) (G1 Evacuation Pause) 246M->144M(287M) 6.690ms
[97.221s][info][gc,cpu      ] GC(142) User=0.04s Sys=0.00s Real=0.01s
[97.221s][info][gc          ] GC(143) Concurrent Cycle
[97.221s][info][gc,marking  ] GC(143) Concurrent Clear Claimed Marks
[97.221s][info][gc,marking  ] GC(143) Concurrent Clear Claimed Marks 0.112ms
[97.221s][info][gc,marking  ] GC(143) Concurrent Scan Root Regions
[97.230s][info][gc,marking  ] GC(143) Concurrent Scan Root Regions 8.873ms
[97.230s][info][gc,marking  ] GC(143) Concurrent Mark (97.230s)
[97.230s][info][gc,marking  ] GC(143) Concurrent Mark From Roots
[97.230s][info][gc,task     ] GC(143) Using 2 workers of 2 for marking
[97.464s][info][gc,marking  ] GC(143) Concurrent Mark From Roots 234.657ms
[97.465s][info][gc,marking  ] GC(143) Concurrent Preclean
[97.465s][info][gc,marking  ] GC(143) Concurrent Preclean 0.074ms
[97.465s][info][gc,marking  ] GC(143) Concurrent Mark (97.230s, 97.465s) 234.795ms
[97.465s][info][gc,start    ] GC(143) Pause Remark
[97.467s][info][gc          ] GC(143) Pause Remark 191M->191M(325M) 1.851ms
[97.467s][info][gc,cpu      ] GC(143) User=0.01s Sys=0.00s Real=0.01s
[97.467s][info][gc,marking  ] GC(143) Concurrent Rebuild Remembered Sets
[97.580s][info][gc,marking  ] GC(143) Concurrent Rebuild Remembered Sets 112.878ms
[97.580s][info][gc,start    ] GC(143) Pause Cleanup
[97.580s][info][gc          ] GC(143) Pause Cleanup 212M->212M(325M) 0.127ms
[97.580s][info][gc,cpu      ] GC(143) User=0.00s Sys=0.00s Real=0.00s
[97.580s][info][gc,marking  ] GC(143) Concurrent Cleanup for Next Mark
[97.581s][info][gc,marking  ] GC(143) Concurrent Cleanup for Next Mark 0.582ms
[97.581s][info][gc          ] GC(143) Concurrent Cycle 359.971ms
[97.739s][info][gc,start    ] GC(144) Pause Young (Normal) (G1 Evacuation Pause)
[97.739s][info][gc,task     ] GC(144) Using 8 workers of 8 for evacuation
[97.746s][info][gc,phases   ] GC(144)   Pre Evacuate Collection Set: 0.1ms
[97.746s][info][gc,phases   ] GC(144)   Merge Heap Roots: 0.1ms
[97.746s][info][gc,phases   ] GC(144)   Evacuate Collection Set: 6.5ms
[97.746s][info][gc,phases   ] GC(144)   Post Evacuate Collection Set: 0.3ms
[97.746s][info][gc,phases   ] GC(144)   Other: 0.2ms
[97.746s][info][gc,heap     ] GC(144) Eden regions: 99->0(132)
[97.746s][info][gc,heap     ] GC(144) Survivor regions: 11->9(14)
[97.746s][info][gc,heap     ] GC(144) Old regions: 130->135
[97.746s][info][gc,heap     ] GC(144) Archive regions: 2->2
[97.746s][info][gc,heap     ] GC(144) Humongous regions: 4->4
[97.746s][info][gc,metaspace] GC(144) Metaspace: 44302K(45312K)->44302K(45312K) NonClass: 39013K(39680K)->39013K(39680K) Class: 5288K(5632K)->5288K(5632K)
[97.746s][info][gc          ] GC(144) Pause Young (Normal) (G1 Evacuation Pause) 243M->147M(325M) 7.275ms
[97.747s][info][gc,cpu      ] GC(144) User=0.05s Sys=0.01s Real=0.01s
[98.329s][info][gc,start    ] GC(145) Pause Young (Normal) (G1 Evacuation Pause)
[98.329s][info][gc,task     ] GC(145) Using 8 workers of 8 for evacuation
[98.336s][info][gc,phases   ] GC(145)   Pre Evacuate Collection Set: 0.1ms
[98.336s][info][gc,phases   ] GC(145)   Merge Heap Roots: 0.1ms
[98.336s][info][gc,phases   ] GC(145)   Evacuate Collection Set: 6.7ms
[98.336s][info][gc,phases   ] GC(145)   Post Evacuate Collection Set: 0.3ms
[98.336s][info][gc,phases   ] GC(145)   Other: 0.2ms
[98.336s][info][gc,heap     ] GC(145) Eden regions: 132->0(127)
[98.336s][info][gc,heap     ] GC(145) Survivor regions: 9->12(18)
[98.336s][info][gc,heap     ] GC(145) Old regions: 135->135
[98.336s][info][gc,heap     ] GC(145) Archive regions: 2->2
[98.336s][info][gc,heap     ] GC(145) Humongous regions: 4->4
[98.336s][info][gc,metaspace] GC(145) Metaspace: 44302K(45312K)->44302K(45312K) NonClass: 39013K(39680K)->39013K(39680K) Class: 5288K(5632K)->5288K(5632K)
[98.336s][info][gc          ] GC(145) Pause Young (Normal) (G1 Evacuation Pause) 279M->150M(325M) 7.372ms
[98.336s][info][gc,cpu      ] GC(145) User=0.05s Sys=0.00s Real=0.01s
[98.902s][info][gc,start    ] GC(146) Pause Young (Normal) (G1 Evacuation Pause)
[98.902s][info][gc,task     ] GC(146) Using 8 workers of 8 for evacuation
[98.910s][info][gc,phases   ] GC(146)   Pre Evacuate Collection Set: 0.1ms
[98.910s][info][gc,phases   ] GC(146)   Merge Heap Roots: 0.1ms
[98.910s][info][gc,phases   ] GC(146)   Evacuate Collection Set: 7.6ms
[98.910s][info][gc,phases   ] GC(146)   Post Evacuate Collection Set: 0.3ms
[98.910s][info][gc,phases   ] GC(146)   Other: 0.2ms
[98.910s][info][gc,heap     ] GC(146) Eden regions: 127->0(123)
[98.910s][info][gc,heap     ] GC(146) Survivor regions: 12->13(18)
[98.910s][info][gc,heap     ] GC(146) Old regions: 135->137
[98.910s][info][gc,heap     ] GC(146) Archive regions: 2->2
[98.910s][info][gc,heap     ] GC(146) Humongous regions: 4->4
[98.910s][info][gc,metaspace] GC(146) Metaspace: 44302K(45312K)->44302K(45312K) NonClass: 39013K(39680K)->39013K(39680K) Class: 5288K(5632K)->5288K(5632K)
[98.910s][info][gc          ] GC(146) Pause Young (Normal) (G1 Evacuation Pause) 277M->153M(325M) 8.342ms
[98.910s][info][gc,cpu      ] GC(146) User=0.06s Sys=0.00s Real=0.01s
[99.458s][info][gc,start    ] GC(147) Pause Young (Normal) (G1 Evacuation Pause)
[99.459s][info][gc,task     ] GC(147) Using 8 workers of 8 for evacuation
[99.467s][info][gc,phases   ] GC(147)   Pre Evacuate Collection Set: 0.0ms
[99.467s][info][gc,phases   ] GC(147)   Merge Heap Roots: 0.0ms
[99.467s][info][gc,phases   ] GC(147)   Evacuate Collection Set: 7.6ms
[99.467s][info][gc,phases   ] GC(147)   Post Evacuate Collection Set: 0.3ms
[99.467s][info][gc,phases   ] GC(147)   Other: 0.2ms
[99.467s][info][gc,heap     ] GC(147) Eden regions: 123->0(122)
[99.467s][info][gc,heap     ] GC(147) Survivor regions: 13->12(17)
[99.467s][info][gc,heap     ] GC(147) Old regions: 137->140
[99.467s][info][gc,heap     ] GC(147) Archive regions: 2->2
[99.467s][info][gc,heap     ] GC(147) Humongous regions: 4->4
[99.467s][info][gc,metaspace] GC(147) Metaspace: 44302K(45312K)->44302K(45312K) NonClass: 39013K(39680K)->39013K(39680K) Class: 5288K(5632K)->5288K(5632K)
[99.467s][info][gc          ] GC(147) Pause Young (Normal) (G1 Evacuation Pause) 276M->155M(325M) 8.304ms
[99.467s][info][gc,cpu      ] GC(147) User=0.06s Sys=0.00s Real=0.01s
[99.999s][info][gc,start    ] GC(148) Pause Young (Normal) (G1 Evacuation Pause)
[99.999s][info][gc,task     ] GC(148) Using 8 workers of 8 for evacuation
[100.008s][info][gc,phases   ] GC(148)   Pre Evacuate Collection Set: 0.1ms
[100.008s][info][gc,phases   ] GC(148)   Merge Heap Roots: 0.0ms
[100.008s][info][gc,phases   ] GC(148)   Evacuate Collection Set: 8.0ms
[100.008s][info][gc,phases   ] GC(148)   Post Evacuate Collection Set: 0.5ms
[100.008s][info][gc,phases   ] GC(148)   Other: 0.2ms
[100.008s][info][gc,heap     ] GC(148) Eden regions: 122->0(120)
[100.008s][info][gc,heap     ] GC(148) Survivor regions: 12->10(17)
[100.008s][info][gc,heap     ] GC(148) Old regions: 140->146
[100.008s][info][gc,heap     ] GC(148) Archive regions: 2->2
[100.008s][info][gc,heap     ] GC(148) Humongous regions: 4->4
[100.008s][info][gc,metaspace] GC(148) Metaspace: 44306K(45312K)->44306K(45312K) NonClass: 39018K(39680K)->39018K(39680K) Class: 5288K(5632K)->5288K(5632K)
[100.008s][info][gc          ] GC(148) Pause Young (Normal) (G1 Evacuation Pause) 277M->159M(325M) 8.880ms
[100.008s][info][gc,cpu      ] GC(148) User=0.06s Sys=0.00s Real=0.01s
[101.234s][info][gc,start    ] GC(149) Pause Young (Concurrent Start) (G1 Evacuation Pause)
[101.234s][info][gc,task     ] GC(149) Using 8 workers of 8 for evacuation
[101.242s][info][gc,phases   ] GC(149)   Pre Evacuate Collection Set: 0.1ms
[101.242s][info][gc,phases   ] GC(149)   Merge Heap Roots: 0.1ms
[101.242s][info][gc,phases   ] GC(149)   Evacuate Collection Set: 7.0ms
[101.242s][info][gc,phases   ] GC(149)   Post Evacuate Collection Set: 0.4ms
[101.242s][info][gc,phases   ] GC(149)   Other: 0.2ms
[101.242s][info][gc,heap     ] GC(149) Eden regions: 120->0(117)
[101.242s][info][gc,heap     ] GC(149) Survivor regions: 10->10(17)
[101.242s][info][gc,heap     ] GC(149) Old regions: 146->149
[101.242s][info][gc,heap     ] GC(149) Archive regions: 2->2
[101.242s][info][gc,heap     ] GC(149) Humongous regions: 4->4
[101.242s][info][gc,metaspace] GC(149) Metaspace: 44306K(45312K)->44306K(45312K) NonClass: 39018K(39680K)->39018K(39680K) Class: 5288K(5632K)->5288K(5632K)
[101.242s][info][gc          ] GC(149) Pause Young (Concurrent Start) (G1 Evacuation Pause) 279M->162M(325M) 7.909ms
[101.242s][info][gc,cpu      ] GC(149) User=0.06s Sys=0.00s Real=0.01s
[101.242s][info][gc          ] GC(150) Concurrent Cycle
[101.242s][info][gc,marking  ] GC(150) Concurrent Clear Claimed Marks
[101.242s][info][gc,marking  ] GC(150) Concurrent Clear Claimed Marks 0.052ms
[101.242s][info][gc,marking  ] GC(150) Concurrent Scan Root Regions
[101.252s][info][gc,marking  ] GC(150) Concurrent Scan Root Regions 9.511ms
[101.252s][info][gc,marking  ] GC(150) Concurrent Mark (101.252s)
[101.252s][info][gc,marking  ] GC(150) Concurrent Mark From Roots
[101.252s][info][gc,task     ] GC(150) Using 2 workers of 2 for marking
[101.499s][info][gc,marking  ] GC(150) Concurrent Mark From Roots 247.087ms
[101.499s][info][gc,marking  ] GC(150) Concurrent Preclean
[101.499s][info][gc,marking  ] GC(150) Concurrent Preclean 0.093ms
[101.499s][info][gc,marking  ] GC(150) Concurrent Mark (101.252s, 101.499s) 247.291ms
[101.499s][info][gc,start    ] GC(150) Pause Remark
[101.501s][info][gc          ] GC(150) Pause Remark 209M->209M(355M) 1.905ms
[101.501s][info][gc,cpu      ] GC(150) User=0.01s Sys=0.00s Real=0.00s
[101.501s][info][gc,marking  ] GC(150) Concurrent Rebuild Remembered Sets
[101.620s][info][gc,marking  ] GC(150) Concurrent Rebuild Remembered Sets 118.546ms
[101.620s][info][gc,start    ] GC(150) Pause Cleanup
[101.620s][info][gc          ] GC(150) Pause Cleanup 228M->228M(355M) 0.173ms
[101.620s][info][gc,cpu      ] GC(150) User=0.00s Sys=0.00s Real=0.00s
[101.620s][info][gc,marking  ] GC(150) Concurrent Cleanup for Next Mark
[101.622s][info][gc,marking  ] GC(150) Concurrent Cleanup for Next Mark 1.139ms
[101.622s][info][gc          ] GC(150) Concurrent Cycle 379.329ms
[101.843s][info][gc,start    ] GC(151) Pause Young (Normal) (G1 Evacuation Pause)
[101.843s][info][gc,task     ] GC(151) Using 8 workers of 8 for evacuation
[101.850s][info][gc,phases   ] GC(151)   Pre Evacuate Collection Set: 0.1ms
[101.850s][info][gc,phases   ] GC(151)   Merge Heap Roots: 0.1ms
[101.850s][info][gc,phases   ] GC(151)   Evacuate Collection Set: 6.3ms
[101.850s][info][gc,phases   ] GC(151)   Post Evacuate Collection Set: 0.3ms
[101.850s][info][gc,phases   ] GC(151)   Other: 0.2ms
[101.850s][info][gc,heap     ] GC(151) Eden regions: 114->0(141)
[101.850s][info][gc,heap     ] GC(151) Survivor regions: 10->10(16)
[101.850s][info][gc,heap     ] GC(151) Old regions: 149->152
[101.850s][info][gc,heap     ] GC(151) Archive regions: 2->2
[101.850s][info][gc,heap     ] GC(151) Humongous regions: 4->4
[101.850s][info][gc,metaspace] GC(151) Metaspace: 44306K(45312K)->44306K(45312K) NonClass: 39018K(39680K)->39018K(39680K) Class: 5288K(5632K)->5288K(5632K)
[101.851s][info][gc          ] GC(151) Pause Young (Normal) (G1 Evacuation Pause) 276M->165M(355M) 7.072ms
[101.851s][info][gc,cpu      ] GC(151) User=0.05s Sys=0.00s Real=0.01s
[102.518s][info][gc,start    ] GC(152) Pause Young (Normal) (G1 Evacuation Pause)
[102.518s][info][gc,task     ] GC(152) Using 8 workers of 8 for evacuation
[102.525s][info][gc,phases   ] GC(152)   Pre Evacuate Collection Set: 0.1ms
[102.525s][info][gc,phases   ] GC(152)   Merge Heap Roots: 0.0ms
[102.525s][info][gc,phases   ] GC(152)   Evacuate Collection Set: 6.7ms
[102.525s][info][gc,phases   ] GC(152)   Post Evacuate Collection Set: 0.4ms
[102.525s][info][gc,phases   ] GC(152)   Other: 0.2ms
[102.525s][info][gc,heap     ] GC(152) Eden regions: 141->0(135)
[102.525s][info][gc,heap     ] GC(152) Survivor regions: 10->13(19)
[102.525s][info][gc,heap     ] GC(152) Old regions: 152->152
[102.525s][info][gc,heap     ] GC(152) Archive regions: 2->2
[102.526s][info][gc,heap     ] GC(152) Humongous regions: 4->4
[102.526s][info][gc,metaspace] GC(152) Metaspace: 44311K(45312K)->44311K(45312K) NonClass: 39022K(39680K)->39022K(39680K) Class: 5288K(5632K)->5288K(5632K)
[102.526s][info][gc          ] GC(152) Pause Young (Normal) (G1 Evacuation Pause) 306M->168M(355M) 7.505ms
[102.526s][info][gc,cpu      ] GC(152) User=0.05s Sys=0.00s Real=0.01s
[103.174s][info][gc,start    ] GC(153) Pause Young (Normal) (G1 Evacuation Pause)
[103.174s][info][gc,task     ] GC(153) Using 8 workers of 8 for evacuation
[103.183s][info][gc,phases   ] GC(153)   Pre Evacuate Collection Set: 0.1ms
[103.183s][info][gc,phases   ] GC(153)   Merge Heap Roots: 0.1ms
[103.183s][info][gc,phases   ] GC(153)   Evacuate Collection Set: 8.3ms
[103.183s][info][gc,phases   ] GC(153)   Post Evacuate Collection Set: 0.3ms
[103.183s][info][gc,phases   ] GC(153)   Other: 0.2ms
[103.183s][info][gc,heap     ] GC(153) Eden regions: 135->0(132)
[103.183s][info][gc,heap     ] GC(153) Survivor regions: 13->13(19)
[103.183s][info][gc,heap     ] GC(153) Old regions: 152->155
[103.183s][info][gc,heap     ] GC(153) Archive regions: 2->2
[103.183s][info][gc,heap     ] GC(153) Humongous regions: 4->4
[103.183s][info][gc,metaspace] GC(153) Metaspace: 44311K(45312K)->44311K(45312K) NonClass: 39022K(39680K)->39022K(39680K) Class: 5288K(5632K)->5288K(5632K)
[103.183s][info][gc          ] GC(153) Pause Young (Normal) (G1 Evacuation Pause) 303M->171M(355M) 8.983ms
[103.183s][info][gc,cpu      ] GC(153) User=0.06s Sys=0.00s Real=0.01s
[103.775s][info][gc,start    ] GC(154) Pause Young (Concurrent Start) (G1 Evacuation Pause)
[103.775s][info][gc,task     ] GC(154) Using 8 workers of 8 for evacuation
[103.783s][info][gc,phases   ] GC(154)   Pre Evacuate Collection Set: 0.1ms
[103.784s][info][gc,phases   ] GC(154)   Merge Heap Roots: 0.0ms
[103.784s][info][gc,phases   ] GC(154)   Evacuate Collection Set: 8.3ms
[103.784s][info][gc,phases   ] GC(154)   Post Evacuate Collection Set: 0.3ms
[103.784s][info][gc,phases   ] GC(154)   Other: 0.2ms
[103.784s][info][gc,heap     ] GC(154) Eden regions: 132->0(129)
[103.784s][info][gc,heap     ] GC(154) Survivor regions: 13->13(19)
[103.784s][info][gc,heap     ] GC(154) Old regions: 155->158
[103.784s][info][gc,heap     ] GC(154) Archive regions: 2->2
[103.784s][info][gc,heap     ] GC(154) Humongous regions: 4->4
[103.784s][info][gc,metaspace] GC(154) Metaspace: 44311K(45312K)->44311K(45312K) NonClass: 39023K(39680K)->39023K(39680K) Class: 5288K(5632K)->5288K(5632K)
[103.784s][info][gc          ] GC(154) Pause Young (Concurrent Start) (G1 Evacuation Pause) 303M->175M(355M) 8.998ms
[103.784s][info][gc,cpu      ] GC(154) User=0.07s Sys=0.00s Real=0.01s
[103.784s][info][gc          ] GC(155) Concurrent Cycle
[103.784s][info][gc,marking  ] GC(155) Concurrent Clear Claimed Marks
[103.784s][info][gc,marking  ] GC(155) Concurrent Clear Claimed Marks 0.052ms
[103.784s][info][gc,marking  ] GC(155) Concurrent Scan Root Regions
[103.793s][info][gc,marking  ] GC(155) Concurrent Scan Root Regions 9.021ms
[103.793s][info][gc,marking  ] GC(155) Concurrent Mark (103.793s)
[103.793s][info][gc,marking  ] GC(155) Concurrent Mark From Roots
[103.793s][info][gc,task     ] GC(155) Using 2 workers of 2 for marking
[103.975s][info][gc,marking  ] GC(155) Concurrent Mark From Roots 182.572ms
[103.975s][info][gc,marking  ] GC(155) Concurrent Preclean
[103.976s][info][gc,marking  ] GC(155) Concurrent Preclean 0.090ms
[103.976s][info][gc,marking  ] GC(155) Concurrent Mark (103.793s, 103.976s) 182.754ms
[103.976s][info][gc,start    ] GC(155) Pause Remark
[103.978s][info][gc          ] GC(155) Pause Remark 202M->202M(355M) 1.948ms
[103.978s][info][gc,cpu      ] GC(155) User=0.01s Sys=0.00s Real=0.00s
[103.978s][info][gc,marking  ] GC(155) Concurrent Rebuild Remembered Sets
[104.127s][info][gc,marking  ] GC(155) Concurrent Rebuild Remembered Sets 148.438ms
[104.127s][info][gc,start    ] GC(155) Pause Cleanup
[104.127s][info][gc          ] GC(155) Pause Cleanup 227M->227M(355M) 0.158ms
[104.127s][info][gc,cpu      ] GC(155) User=0.00s Sys=0.00s Real=0.00s
[104.127s][info][gc,marking  ] GC(155) Concurrent Cleanup for Next Mark
[104.128s][info][gc,marking  ] GC(155) Concurrent Cleanup for Next Mark 0.637ms
[104.128s][info][gc          ] GC(155) Concurrent Cycle 344.190ms
[104.484s][info][gc,start    ] GC(156) Pause Young (Normal) (G1 Evacuation Pause)
[104.484s][info][gc,task     ] GC(156) Using 8 workers of 8 for evacuation
[104.493s][info][gc,phases   ] GC(156)   Pre Evacuate Collection Set: 0.1ms
[104.493s][info][gc,phases   ] GC(156)   Merge Heap Roots: 0.1ms
[104.493s][info][gc,phases   ] GC(156)   Evacuate Collection Set: 8.7ms
[104.493s][info][gc,phases   ] GC(156)   Post Evacuate Collection Set: 0.4ms
[104.493s][info][gc,phases   ] GC(156)   Other: 0.2ms
[104.493s][info][gc,heap     ] GC(156) Eden regions: 129->0(127)
[104.493s][info][gc,heap     ] GC(156) Survivor regions: 13->11(18)
[104.493s][info][gc,heap     ] GC(156) Old regions: 158->164
[104.493s][info][gc,heap     ] GC(156) Archive regions: 2->2
[104.493s][info][gc,heap     ] GC(156) Humongous regions: 4->4
[104.493s][info][gc,metaspace] GC(156) Metaspace: 44311K(45312K)->44311K(45312K) NonClass: 39023K(39680K)->39023K(39680K) Class: 5288K(5632K)->5288K(5632K)
[104.493s][info][gc          ] GC(156) Pause Young (Normal) (G1 Evacuation Pause) 304M->178M(355M) 9.545ms
[104.493s][info][gc,cpu      ] GC(156) User=0.06s Sys=0.00s Real=0.01s
[106.461s][info][gc,start    ] GC(157) Pause Young (Concurrent Start) (G1 Evacuation Pause)
[106.461s][info][gc,task     ] GC(157) Using 8 workers of 8 for evacuation
[106.468s][info][gc,phases   ] GC(157)   Pre Evacuate Collection Set: 0.1ms
[106.468s][info][gc,phases   ] GC(157)   Merge Heap Roots: 0.1ms
[106.468s][info][gc,phases   ] GC(157)   Evacuate Collection Set: 6.6ms
[106.468s][info][gc,phases   ] GC(157)   Post Evacuate Collection Set: 0.3ms
[106.468s][info][gc,phases   ] GC(157)   Other: 0.2ms
[106.468s][info][gc,heap     ] GC(157) Eden regions: 127->0(123)
[106.469s][info][gc,heap     ] GC(157) Survivor regions: 11->11(18)
[106.469s][info][gc,heap     ] GC(157) Old regions: 164->168
[106.469s][info][gc,heap     ] GC(157) Archive regions: 2->2
[106.469s][info][gc,heap     ] GC(157) Humongous regions: 4->4
[106.469s][info][gc,metaspace] GC(157) Metaspace: 44312K(45312K)->44312K(45312K) NonClass: 39023K(39680K)->39023K(39680K) Class: 5288K(5632K)->5288K(5632K)
[106.469s][info][gc          ] GC(157) Pause Young (Concurrent Start) (G1 Evacuation Pause) 305M->182M(355M) 7.480ms
[106.469s][info][gc,cpu      ] GC(157) User=0.06s Sys=0.00s Real=0.01s
[106.469s][info][gc          ] GC(158) Concurrent Cycle
[106.469s][info][gc,marking  ] GC(158) Concurrent Clear Claimed Marks
[106.469s][info][gc,marking  ] GC(158) Concurrent Clear Claimed Marks 0.055ms
[106.469s][info][gc,marking  ] GC(158) Concurrent Scan Root Regions
[106.476s][info][gc,marking  ] GC(158) Concurrent Scan Root Regions 7.661ms
[106.476s][info][gc,marking  ] GC(158) Concurrent Mark (106.476s)
[106.476s][info][gc,marking  ] GC(158) Concurrent Mark From Roots
[106.476s][info][gc,task     ] GC(158) Using 2 workers of 2 for marking
[106.702s][info][gc,marking  ] GC(158) Concurrent Mark From Roots 225.889ms
[106.702s][info][gc,marking  ] GC(158) Concurrent Preclean
[106.702s][info][gc,marking  ] GC(158) Concurrent Preclean 0.068ms
[106.702s][info][gc,marking  ] GC(158) Concurrent Mark (106.476s, 106.702s) 226.022ms
[106.703s][info][gc,start    ] GC(158) Pause Remark
[106.704s][info][gc          ] GC(158) Pause Remark 221M->221M(375M) 1.768ms
[106.704s][info][gc,cpu      ] GC(158) User=0.01s Sys=0.00s Real=0.00s
[106.704s][info][gc,marking  ] GC(158) Concurrent Rebuild Remembered Sets
[106.859s][info][gc,marking  ] GC(158) Concurrent Rebuild Remembered Sets 154.337ms
[106.859s][info][gc,start    ] GC(158) Pause Cleanup
[106.859s][info][gc          ] GC(158) Pause Cleanup 272M->272M(375M) 0.157ms
[106.859s][info][gc,cpu      ] GC(158) User=0.00s Sys=0.00s Real=0.00s
[106.859s][info][gc,marking  ] GC(158) Concurrent Cleanup for Next Mark
[106.861s][info][gc,marking  ] GC(158) Concurrent Cleanup for Next Mark 1.345ms
[106.861s][info][gc          ] GC(158) Concurrent Cycle 391.979ms
[107.109s][info][gc,start    ] GC(159) Pause Young (Normal) (G1 Evacuation Pause)
[107.109s][info][gc,task     ] GC(159) Using 8 workers of 8 for evacuation
[107.123s][info][gc,phases   ] GC(159)   Pre Evacuate Collection Set: 0.1ms
[107.123s][info][gc,phases   ] GC(159)   Merge Heap Roots: 0.1ms
[107.123s][info][gc,phases   ] GC(159)   Evacuate Collection Set: 12.9ms
[107.123s][info][gc,phases   ] GC(159)   Post Evacuate Collection Set: 0.3ms
[107.123s][info][gc,phases   ] GC(159)   Other: 0.2ms
[107.123s][info][gc,heap     ] GC(159) Eden regions: 121->0(115)
[107.123s][info][gc,heap     ] GC(159) Survivor regions: 11->10(17)
[107.123s][info][gc,heap     ] GC(159) Old regions: 168->171
[107.123s][info][gc,heap     ] GC(159) Archive regions: 2->2
[107.123s][info][gc,heap     ] GC(159) Humongous regions: 29->29
[107.123s][info][gc,metaspace] GC(159) Metaspace: 44312K(45312K)->44312K(45312K) NonClass: 39023K(39680K)->39023K(39680K) Class: 5288K(5632K)->5288K(5632K)
[107.123s][info][gc          ] GC(159) Pause Young (Normal) (G1 Evacuation Pause) 328M->209M(375M) 13.612ms
[107.123s][info][gc,cpu      ] GC(159) User=0.07s Sys=0.00s Real=0.01s
[107.628s][info][gc,start    ] GC(160) Pause Young (Concurrent Start) (G1 Evacuation Pause)
[107.628s][info][gc,task     ] GC(160) Using 8 workers of 8 for evacuation
[107.637s][info][gc,phases   ] GC(160)   Pre Evacuate Collection Set: 0.1ms
[107.637s][info][gc,phases   ] GC(160)   Merge Heap Roots: 0.0ms
[107.637s][info][gc,phases   ] GC(160)   Evacuate Collection Set: 9.1ms
[107.637s][info][gc,phases   ] GC(160)   Post Evacuate Collection Set: 0.3ms
[107.638s][info][gc,phases   ] GC(160)   Other: 0.2ms
[107.638s][info][gc,heap     ] GC(160) Eden regions: 115->0(112)
[107.638s][info][gc,heap     ] GC(160) Survivor regions: 10->10(16)
[107.638s][info][gc,heap     ] GC(160) Old regions: 171->174
[107.638s][info][gc,heap     ] GC(160) Archive regions: 2->2
[107.638s][info][gc,heap     ] GC(160) Humongous regions: 29->29
[107.638s][info][gc,metaspace] GC(160) Metaspace: 44312K(45312K)->44312K(45312K) NonClass: 39023K(39680K)->39023K(39680K) Class: 5288K(5632K)->5288K(5632K)
[107.638s][info][gc          ] GC(160) Pause Young (Concurrent Start) (G1 Evacuation Pause) 324M->213M(375M) 9.834ms
[107.638s][info][gc,cpu      ] GC(160) User=0.06s Sys=0.00s Real=0.01s
[107.638s][info][gc          ] GC(161) Concurrent Cycle
[107.638s][info][gc,marking  ] GC(161) Concurrent Clear Claimed Marks
[107.638s][info][gc,marking  ] GC(161) Concurrent Clear Claimed Marks 0.045ms
[107.638s][info][gc,marking  ] GC(161) Concurrent Scan Root Regions
[107.645s][info][gc,marking  ] GC(161) Concurrent Scan Root Regions 7.635ms
[107.645s][info][gc,marking  ] GC(161) Concurrent Mark (107.645s)
[107.645s][info][gc,marking  ] GC(161) Concurrent Mark From Roots
[107.645s][info][gc,task     ] GC(161) Using 2 workers of 2 for marking
[107.899s][info][gc,marking  ] GC(161) Concurrent Mark From Roots 253.251ms
[107.899s][info][gc,marking  ] GC(161) Concurrent Preclean
[107.899s][info][gc,marking  ] GC(161) Concurrent Preclean 0.076ms
[107.899s][info][gc,marking  ] GC(161) Concurrent Mark (107.645s, 107.899s) 253.393ms
[107.899s][info][gc,start    ] GC(161) Pause Remark
[107.901s][info][gc          ] GC(161) Pause Remark 255M->231M(390M) 1.779ms
[107.901s][info][gc,cpu      ] GC(161) User=0.01s Sys=0.00s Real=0.00s
[107.901s][info][gc,marking  ] GC(161) Concurrent Rebuild Remembered Sets
[108.056s][info][gc,marking  ] GC(161) Concurrent Rebuild Remembered Sets 155.646ms
[108.057s][info][gc,start    ] GC(161) Pause Cleanup
[108.057s][info][gc          ] GC(161) Pause Cleanup 258M->258M(390M) 0.148ms
[108.057s][info][gc,cpu      ] GC(161) User=0.00s Sys=0.00s Real=0.00s
[108.057s][info][gc,marking  ] GC(161) Concurrent Cleanup for Next Mark
[108.058s][info][gc,marking  ] GC(161) Concurrent Cleanup for Next Mark 0.637ms
[108.058s][info][gc          ] GC(161) Concurrent Cycle 420.124ms
[108.251s][info][gc,start    ] GC(162) Pause Young (Normal) (G1 Evacuation Pause)
[108.251s][info][gc,task     ] GC(162) Using 8 workers of 8 for evacuation
[108.258s][info][gc,phases   ] GC(162)   Pre Evacuate Collection Set: 0.1ms
[108.258s][info][gc,phases   ] GC(162)   Merge Heap Roots: 0.1ms
[108.258s][info][gc,phases   ] GC(162)   Evacuate Collection Set: 6.7ms
[108.258s][info][gc,phases   ] GC(162)   Post Evacuate Collection Set: 0.3ms
[108.258s][info][gc,phases   ] GC(162)   Other: 0.2ms
[108.258s][info][gc,heap     ] GC(162) Eden regions: 112->0(147)
[108.258s][info][gc,heap     ] GC(162) Survivor regions: 10->9(16)
[108.258s][info][gc,heap     ] GC(162) Old regions: 174->178
[108.258s][info][gc,heap     ] GC(162) Archive regions: 2->2
[108.258s][info][gc,heap     ] GC(162) Humongous regions: 5->5
[108.258s][info][gc,metaspace] GC(162) Metaspace: 44312K(45312K)->44312K(45312K) NonClass: 39023K(39680K)->39023K(39680K) Class: 5288K(5632K)->5288K(5632K)
[108.258s][info][gc          ] GC(162) Pause Young (Normal) (G1 Evacuation Pause) 301M->191M(390M) 7.416ms
[108.258s][info][gc,cpu      ] GC(162) User=0.05s Sys=0.00s Real=0.01s
[108.944s][info][gc,start    ] GC(163) Pause Young (Concurrent Start) (G1 Evacuation Pause)
[108.944s][info][gc,task     ] GC(163) Using 8 workers of 8 for evacuation
[108.951s][info][gc,phases   ] GC(163)   Pre Evacuate Collection Set: 0.1ms
[108.951s][info][gc,phases   ] GC(163)   Merge Heap Roots: 0.0ms
[108.951s][info][gc,phases   ] GC(163)   Evacuate Collection Set: 6.5ms
[108.951s][info][gc,phases   ] GC(163)   Post Evacuate Collection Set: 0.3ms
[108.951s][info][gc,phases   ] GC(163)   Other: 0.2ms
[108.951s][info][gc,heap     ] GC(163) Eden regions: 147->0(140)
[108.951s][info][gc,heap     ] GC(163) Survivor regions: 9->13(20)
[108.951s][info][gc,heap     ] GC(163) Old regions: 178->178
[108.951s][info][gc,heap     ] GC(163) Archive regions: 2->2
[108.951s][info][gc,heap     ] GC(163) Humongous regions: 5->5
[108.951s][info][gc,metaspace] GC(163) Metaspace: 44314K(45312K)->44314K(45312K) NonClass: 39025K(39680K)->39025K(39680K) Class: 5288K(5632K)->5288K(5632K)
[108.951s][info][gc          ] GC(163) Pause Young (Concurrent Start) (G1 Evacuation Pause) 338M->195M(390M) 7.334ms
[108.951s][info][gc,cpu      ] GC(163) User=0.05s Sys=0.00s Real=0.01s
[108.951s][info][gc          ] GC(164) Concurrent Cycle
[108.951s][info][gc,marking  ] GC(164) Concurrent Clear Claimed Marks
[108.951s][info][gc,marking  ] GC(164) Concurrent Clear Claimed Marks 0.040ms
[108.951s][info][gc,marking  ] GC(164) Concurrent Scan Root Regions
[108.958s][info][gc,marking  ] GC(164) Concurrent Scan Root Regions 7.248ms
[108.958s][info][gc,marking  ] GC(164) Concurrent Mark (108.958s)
[108.959s][info][gc,marking  ] GC(164) Concurrent Mark From Roots
[108.959s][info][gc,task     ] GC(164) Using 2 workers of 2 for marking
[109.242s][info][gc,marking  ] GC(164) Concurrent Mark From Roots 283.639ms
[109.242s][info][gc,marking  ] GC(164) Concurrent Preclean
[109.242s][info][gc,marking  ] GC(164) Concurrent Preclean 0.066ms
[109.242s][info][gc,marking  ] GC(164) Concurrent Mark (108.958s, 109.242s) 283.757ms
[109.242s][info][gc,start    ] GC(164) Pause Remark
[109.244s][info][gc          ] GC(164) Pause Remark 239M->239M(405M) 1.757ms
[109.244s][info][gc,cpu      ] GC(164) User=0.01s Sys=0.00s Real=0.00s
[109.245s][info][gc,marking  ] GC(164) Concurrent Rebuild Remembered Sets
[109.427s][info][gc,marking  ] GC(164) Concurrent Rebuild Remembered Sets 181.772ms
[109.427s][info][gc,start    ] GC(164) Pause Cleanup
[109.427s][info][gc          ] GC(164) Pause Cleanup 270M->270M(405M) 0.184ms
[109.427s][info][gc,cpu      ] GC(164) User=0.00s Sys=0.00s Real=0.00s
[109.427s][info][gc,marking  ] GC(164) Concurrent Cleanup for Next Mark
[109.428s][info][gc,marking  ] GC(164) Concurrent Cleanup for Next Mark 0.715ms
[109.428s][info][gc          ] GC(164) Concurrent Cycle 476.928ms
[109.885s][info][gc,start    ] GC(165) Pause Young (Normal) (G1 Evacuation Pause)
[109.885s][info][gc,task     ] GC(165) Using 8 workers of 8 for evacuation
[109.894s][info][gc,phases   ] GC(165)   Pre Evacuate Collection Set: 0.1ms
[109.894s][info][gc,phases   ] GC(165)   Merge Heap Roots: 0.1ms
[109.894s][info][gc,phases   ] GC(165)   Evacuate Collection Set: 8.2ms
[109.894s][info][gc,phases   ] GC(165)   Post Evacuate Collection Set: 0.4ms
[109.894s][info][gc,phases   ] GC(165)   Other: 0.2ms
[109.894s][info][gc,heap     ] GC(165) Eden regions: 140->0(148)
[109.894s][info][gc,heap     ] GC(165) Survivor regions: 13->14(20)
[109.894s][info][gc,heap     ] GC(165) Old regions: 178->181
[109.894s][info][gc,heap     ] GC(165) Archive regions: 2->2
[109.894s][info][gc,heap     ] GC(165) Humongous regions: 5->5
[109.894s][info][gc,metaspace] GC(165) Metaspace: 44314K(45312K)->44314K(45312K) NonClass: 39026K(39680K)->39026K(39680K) Class: 5288K(5632K)->5288K(5632K)
[109.894s][info][gc          ] GC(165) Pause Young (Normal) (G1 Evacuation Pause) 335M->199M(405M) 8.963ms
[109.894s][info][gc,cpu      ] GC(165) User=0.06s Sys=0.00s Real=0.01s
[110.561s][info][gc,start    ] GC(166) Pause Young (Concurrent Start) (G1 Evacuation Pause)
[110.561s][info][gc,task     ] GC(166) Using 8 workers of 8 for evacuation
[110.570s][info][gc,phases   ] GC(166)   Pre Evacuate Collection Set: 0.1ms
[110.570s][info][gc,phases   ] GC(166)   Merge Heap Roots: 0.1ms
[110.570s][info][gc,phases   ] GC(166)   Evacuate Collection Set: 8.6ms
[110.570s][info][gc,phases   ] GC(166)   Post Evacuate Collection Set: 0.3ms
[110.570s][info][gc,phases   ] GC(166)   Other: 0.2ms
[110.570s][info][gc,heap     ] GC(166) Eden regions: 148->0(145)
[110.570s][info][gc,heap     ] GC(166) Survivor regions: 14->14(21)
[110.570s][info][gc,heap     ] GC(166) Old regions: 181->184
[110.570s][info][gc,heap     ] GC(166) Archive regions: 2->2
[110.570s][info][gc,heap     ] GC(166) Humongous regions: 5->5
[110.570s][info][gc,metaspace] GC(166) Metaspace: 44316K(45312K)->44316K(45312K) NonClass: 39028K(39680K)->39028K(39680K) Class: 5288K(5632K)->5288K(5632K)
[110.570s][info][gc          ] GC(166) Pause Young (Concurrent Start) (G1 Evacuation Pause) 347M->202M(405M) 9.465ms
[110.570s][info][gc,cpu      ] GC(166) User=0.07s Sys=0.00s Real=0.01s
[110.570s][info][gc          ] GC(167) Concurrent Cycle
[110.570s][info][gc,marking  ] GC(167) Concurrent Clear Claimed Marks
[110.570s][info][gc,marking  ] GC(167) Concurrent Clear Claimed Marks 0.040ms
[110.570s][info][gc,marking  ] GC(167) Concurrent Scan Root Regions
[110.580s][info][gc,marking  ] GC(167) Concurrent Scan Root Regions 9.324ms
[110.580s][info][gc,marking  ] GC(167) Concurrent Mark (110.580s)
[110.580s][info][gc,marking  ] GC(167) Concurrent Mark From Roots
[110.580s][info][gc,task     ] GC(167) Using 2 workers of 2 for marking
[110.832s][info][gc,marking  ] GC(167) Concurrent Mark From Roots 252.012ms
[110.832s][info][gc,marking  ] GC(167) Concurrent Preclean
[110.832s][info][gc,marking  ] GC(167) Concurrent Preclean 0.084ms
[110.832s][info][gc,marking  ] GC(167) Concurrent Mark (110.580s, 110.832s) 252.159ms
[110.832s][info][gc,start    ] GC(167) Pause Remark
[110.834s][info][gc          ] GC(167) Pause Remark 244M->244M(412M) 2.067ms
[110.834s][info][gc,cpu      ] GC(167) User=0.01s Sys=0.00s Real=0.00s
[110.834s][info][gc,marking  ] GC(167) Concurrent Rebuild Remembered Sets
[111.102s][info][gc,marking  ] GC(167) Concurrent Rebuild Remembered Sets 267.530ms
[111.102s][info][gc,start    ] GC(167) Pause Cleanup
[111.102s][info][gc          ] GC(167) Pause Cleanup 272M->272M(412M) 0.195ms
[111.103s][info][gc,cpu      ] GC(167) User=0.01s Sys=0.00s Real=0.00s
[111.103s][info][gc,marking  ] GC(167) Concurrent Cleanup for Next Mark
[111.104s][info][gc,marking  ] GC(167) Concurrent Cleanup for Next Mark 1.009ms
[111.104s][info][gc          ] GC(167) Concurrent Cycle 533.399ms
[111.473s][info][gc,start    ] GC(168) Pause Young (Normal) (G1 Evacuation Pause)
[111.473s][info][gc,task     ] GC(168) Using 8 workers of 8 for evacuation
[111.483s][info][gc,phases   ] GC(168)   Pre Evacuate Collection Set: 0.1ms
[111.483s][info][gc,phases   ] GC(168)   Merge Heap Roots: 0.1ms
[111.483s][info][gc,phases   ] GC(168)   Evacuate Collection Set: 9.6ms
[111.483s][info][gc,phases   ] GC(168)   Post Evacuate Collection Set: 0.4ms
[111.483s][info][gc,phases   ] GC(168)   Other: 0.2ms
[111.483s][info][gc,heap     ] GC(168) Eden regions: 144->0(149)
[111.483s][info][gc,heap     ] GC(168) Survivor regions: 14->12(20)
[111.483s][info][gc,heap     ] GC(168) Old regions: 184->190
[111.483s][info][gc,heap     ] GC(168) Archive regions: 2->2
[111.483s][info][gc,heap     ] GC(168) Humongous regions: 5->5
[111.483s][info][gc,metaspace] GC(168) Metaspace: 44316K(45312K)->44316K(45312K) NonClass: 39028K(39680K)->39028K(39680K) Class: 5288K(5632K)->5288K(5632K)
[111.483s][info][gc          ] GC(168) Pause Young (Normal) (G1 Evacuation Pause) 346M->206M(412M) 10.375ms
[111.483s][info][gc,cpu      ] GC(168) User=0.07s Sys=0.00s Real=0.01s
[112.174s][info][gc,start    ] GC(169) Pause Young (Concurrent Start) (G1 Evacuation Pause)
[112.174s][info][gc,task     ] GC(169) Using 8 workers of 8 for evacuation
[112.182s][info][gc,phases   ] GC(169)   Pre Evacuate Collection Set: 0.1ms
[112.182s][info][gc,phases   ] GC(169)   Merge Heap Roots: 0.1ms
[112.182s][info][gc,phases   ] GC(169)   Evacuate Collection Set: 7.8ms
[112.182s][info][gc,phases   ] GC(169)   Post Evacuate Collection Set: 0.3ms
[112.182s][info][gc,phases   ] GC(169)   Other: 0.2ms
[112.182s][info][gc,heap     ] GC(169) Eden regions: 149->0(143)
[112.182s][info][gc,heap     ] GC(169) Survivor regions: 12->15(21)
[112.182s][info][gc,heap     ] GC(169) Old regions: 190->190
[112.182s][info][gc,heap     ] GC(169) Archive regions: 2->2
[112.182s][info][gc,heap     ] GC(169) Humongous regions: 5->5
[112.182s][info][gc,metaspace] GC(169) Metaspace: 44316K(45312K)->44316K(45312K) NonClass: 39028K(39680K)->39028K(39680K) Class: 5288K(5632K)->5288K(5632K)
[112.182s][info][gc          ] GC(169) Pause Young (Concurrent Start) (G1 Evacuation Pause) 355M->209M(412M) 8.616ms
[112.182s][info][gc,cpu      ] GC(169) User=0.06s Sys=0.00s Real=0.01s
[112.182s][info][gc          ] GC(170) Concurrent Cycle
[112.182s][info][gc,marking  ] GC(170) Concurrent Clear Claimed Marks
[112.183s][info][gc,marking  ] GC(170) Concurrent Clear Claimed Marks 0.062ms
[112.183s][info][gc,marking  ] GC(170) Concurrent Scan Root Regions
[112.191s][info][gc,marking  ] GC(170) Concurrent Scan Root Regions 8.009ms
[112.191s][info][gc,marking  ] GC(170) Concurrent Mark (112.191s)
[112.191s][info][gc,marking  ] GC(170) Concurrent Mark From Roots
[112.191s][info][gc,task     ] GC(170) Using 2 workers of 2 for marking
[112.415s][info][gc,marking  ] GC(170) Concurrent Mark From Roots 224.364ms
[112.415s][info][gc,marking  ] GC(170) Concurrent Preclean
[112.415s][info][gc,marking  ] GC(170) Concurrent Preclean 0.096ms
[112.415s][info][gc,marking  ] GC(170) Concurrent Mark (112.191s, 112.415s) 224.535ms
[112.415s][info][gc,start    ] GC(170) Pause Remark
[112.417s][info][gc          ] GC(170) Pause Remark 240M->240M(412M) 1.652ms
[112.417s][info][gc,cpu      ] GC(170) User=0.02s Sys=0.00s Real=0.01s
[112.417s][info][gc,marking  ] GC(170) Concurrent Rebuild Remembered Sets
[112.547s][info][gc,marking  ] GC(170) Concurrent Rebuild Remembered Sets 130.055ms
[112.547s][info][gc,start    ] GC(170) Pause Cleanup
[112.548s][info][gc          ] GC(170) Pause Cleanup 258M->258M(412M) 0.149ms
[112.548s][info][gc,cpu      ] GC(170) User=0.00s Sys=0.00s Real=0.00s
[112.548s][info][gc,marking  ] GC(170) Concurrent Cleanup for Next Mark
[112.548s][info][gc,marking  ] GC(170) Concurrent Cleanup for Next Mark 0.522ms
[112.548s][info][gc          ] GC(170) Concurrent Cycle 365.694ms
[112.967s][info][gc,start    ] GC(171) Pause Young (Normal) (G1 Evacuation Pause)
[112.967s][info][gc,task     ] GC(171) Using 8 workers of 8 for evacuation
[112.978s][info][gc,phases   ] GC(171)   Pre Evacuate Collection Set: 0.1ms
[112.978s][info][gc,phases   ] GC(171)   Merge Heap Roots: 0.1ms
[112.978s][info][gc,phases   ] GC(171)   Evacuate Collection Set: 10.3ms
[112.978s][info][gc,phases   ] GC(171)   Post Evacuate Collection Set: 0.4ms
[112.978s][info][gc,phases   ] GC(171)   Other: 0.2ms
[112.978s][info][gc,heap     ] GC(171) Eden regions: 143->0(142)
[112.978s][info][gc,heap     ] GC(171) Survivor regions: 15->12(20)
[112.978s][info][gc,heap     ] GC(171) Old regions: 190->197
[112.978s][info][gc,heap     ] GC(171) Archive regions: 2->2
[112.978s][info][gc,heap     ] GC(171) Humongous regions: 5->5
[112.978s][info][gc,metaspace] GC(171) Metaspace: 44316K(45312K)->44316K(45312K) NonClass: 39028K(39680K)->39028K(39680K) Class: 5288K(5632K)->5288K(5632K)
[112.978s][info][gc          ] GC(171) Pause Young (Normal) (G1 Evacuation Pause) 352M->213M(412M) 11.338ms
[112.978s][info][gc,cpu      ] GC(171) User=0.07s Sys=0.01s Real=0.01s
[114.250s][info][gc,start    ] GC(172) Pause Young (Concurrent Start) (G1 Evacuation Pause)
[114.250s][info][gc,task     ] GC(172) Using 8 workers of 8 for evacuation
[114.259s][info][gc,phases   ] GC(172)   Pre Evacuate Collection Set: 0.1ms
[114.259s][info][gc,phases   ] GC(172)   Merge Heap Roots: 0.0ms
[114.259s][info][gc,phases   ] GC(172)   Evacuate Collection Set: 8.1ms
[114.259s][info][gc,phases   ] GC(172)   Post Evacuate Collection Set: 0.4ms
[114.259s][info][gc,phases   ] GC(172)   Other: 0.3ms
[114.259s][info][gc,heap     ] GC(172) Eden regions: 142->0(138)
[114.259s][info][gc,heap     ] GC(172) Survivor regions: 12->12(20)
[114.259s][info][gc,heap     ] GC(172) Old regions: 197->201
[114.259s][info][gc,heap     ] GC(172) Archive regions: 2->2
[114.259s][info][gc,heap     ] GC(172) Humongous regions: 5->5
[114.259s][info][gc,metaspace] GC(172) Metaspace: 44316K(45312K)->44316K(45312K) NonClass: 39028K(39680K)->39028K(39680K) Class: 5288K(5632K)->5288K(5632K)
[114.259s][info][gc          ] GC(172) Pause Young (Concurrent Start) (G1 Evacuation Pause) 355M->216M(412M) 9.127ms
[114.259s][info][gc,cpu      ] GC(172) User=0.06s Sys=0.00s Real=0.01s
[114.259s][info][gc          ] GC(173) Concurrent Cycle
[114.259s][info][gc,marking  ] GC(173) Concurrent Clear Claimed Marks
[114.259s][info][gc,marking  ] GC(173) Concurrent Clear Claimed Marks 0.055ms
[114.259s][info][gc,marking  ] GC(173) Concurrent Scan Root Regions
[114.270s][info][gc,marking  ] GC(173) Concurrent Scan Root Regions 10.627ms
[114.270s][info][gc,marking  ] GC(173) Concurrent Mark (114.270s)
[114.270s][info][gc,marking  ] GC(173) Concurrent Mark From Roots
[114.270s][info][gc,task     ] GC(173) Using 2 workers of 2 for marking
[114.620s][info][gc,marking  ] GC(173) Concurrent Mark From Roots 349.552ms
[114.620s][info][gc,marking  ] GC(173) Concurrent Preclean
[114.620s][info][gc,marking  ] GC(173) Concurrent Preclean 0.068ms
[114.620s][info][gc,marking  ] GC(173) Concurrent Mark (114.270s, 114.620s) 349.689ms
[114.620s][info][gc,start    ] GC(173) Pause Remark
[114.623s][info][gc          ] GC(173) Pause Remark 280M->280M(474M) 2.602ms
[114.623s][info][gc,cpu      ] GC(173) User=0.01s Sys=0.00s Real=0.00s
[114.623s][info][gc,marking  ] GC(173) Concurrent Rebuild Remembered Sets
[114.811s][info][gc,marking  ] GC(173) Concurrent Rebuild Remembered Sets 188.438ms
[114.811s][info][gc,start    ] GC(173) Pause Cleanup
[114.812s][info][gc          ] GC(173) Pause Cleanup 310M->310M(474M) 0.180ms
[114.812s][info][gc,cpu      ] GC(173) User=0.00s Sys=0.00s Real=0.00s
[114.812s][info][gc,marking  ] GC(173) Concurrent Cleanup for Next Mark
[114.813s][info][gc,marking  ] GC(173) Concurrent Cleanup for Next Mark 1.212ms
[114.813s][info][gc          ] GC(173) Concurrent Cycle 553.611ms
[115.014s][info][gc,start    ] GC(174) Pause Young (Normal) (G1 Evacuation Pause)
[115.014s][info][gc,task     ] GC(174) Using 8 workers of 8 for evacuation
[115.024s][info][gc,phases   ] GC(174)   Pre Evacuate Collection Set: 0.1ms
[115.024s][info][gc,phases   ] GC(174)   Merge Heap Roots: 0.1ms
[115.024s][info][gc,phases   ] GC(174)   Evacuate Collection Set: 9.5ms
[115.024s][info][gc,phases   ] GC(174)   Post Evacuate Collection Set: 0.3ms
[115.024s][info][gc,phases   ] GC(174)   Other: 0.2ms
[115.024s][info][gc,heap     ] GC(174) Eden regions: 132->0(191)
[115.024s][info][gc,heap     ] GC(174) Survivor regions: 12->11(18)
[115.024s][info][gc,heap     ] GC(174) Old regions: 201->204
[115.024s][info][gc,heap     ] GC(174) Archive regions: 2->2
[115.024s][info][gc,heap     ] GC(174) Humongous regions: 5->5
[115.024s][info][gc,metaspace] GC(174) Metaspace: 44316K(45312K)->44316K(45312K) NonClass: 39028K(39680K)->39028K(39680K) Class: 5288K(5632K)->5288K(5632K)
[115.024s][info][gc          ] GC(174) Pause Young (Normal) (G1 Evacuation Pause) 348M->220M(474M) 10.280ms
[115.024s][info][gc,cpu      ] GC(174) User=0.05s Sys=0.00s Real=0.01s
[115.970s][info][gc,start    ] GC(175) Pause Young (Normal) (G1 Evacuation Pause)
[115.970s][info][gc,task     ] GC(175) Using 8 workers of 8 for evacuation
[115.980s][info][gc,phases   ] GC(175)   Pre Evacuate Collection Set: 0.1ms
[115.980s][info][gc,phases   ] GC(175)   Merge Heap Roots: 0.0ms
[115.980s][info][gc,phases   ] GC(175)   Evacuate Collection Set: 9.3ms
[115.980s][info][gc,phases   ] GC(175)   Post Evacuate Collection Set: 0.4ms
[115.980s][info][gc,phases   ] GC(175)   Other: 0.2ms
[115.980s][info][gc,heap     ] GC(175) Eden regions: 191->0(183)
[115.980s][info][gc,heap     ] GC(175) Survivor regions: 11->16(26)
[115.980s][info][gc,heap     ] GC(175) Old regions: 204->204
[115.980s][info][gc,heap     ] GC(175) Archive regions: 2->2
[115.980s][info][gc,heap     ] GC(175) Humongous regions: 5->5
[115.980s][info][gc,metaspace] GC(175) Metaspace: 44316K(45312K)->44316K(45312K) NonClass: 39028K(39680K)->39028K(39680K) Class: 5288K(5632K)->5288K(5632K)
[115.980s][info][gc          ] GC(175) Pause Young (Normal) (G1 Evacuation Pause) 411M->224M(474M) 10.100ms
[115.980s][info][gc,cpu      ] GC(175) User=0.07s Sys=0.00s Real=0.01s
[116.964s][info][gc,start    ] GC(176) Pause Young (Normal) (G1 Evacuation Pause)
[116.964s][info][gc,task     ] GC(176) Using 8 workers of 8 for evacuation
[116.974s][info][gc,phases   ] GC(176)   Pre Evacuate Collection Set: 0.1ms
[116.974s][info][gc,phases   ] GC(176)   Merge Heap Roots: 0.1ms
[116.974s][info][gc,phases   ] GC(176)   Evacuate Collection Set: 9.9ms
[116.974s][info][gc,phases   ] GC(176)   Post Evacuate Collection Set: 0.3ms
[116.974s][info][gc,phases   ] GC(176)   Other: 0.2ms
[116.974s][info][gc,heap     ] GC(176) Eden regions: 183->0(177)
[116.974s][info][gc,heap     ] GC(176) Survivor regions: 16->17(25)
[116.974s][info][gc,heap     ] GC(176) Old regions: 204->208
[116.974s][info][gc,heap     ] GC(176) Archive regions: 2->2
[116.974s][info][gc,heap     ] GC(176) Humongous regions: 5->5
[116.974s][info][gc,metaspace] GC(176) Metaspace: 44316K(45312K)->44316K(45312K) NonClass: 39028K(39680K)->39028K(39680K) Class: 5288K(5632K)->5288K(5632K)
[116.974s][info][gc          ] GC(176) Pause Young (Normal) (G1 Evacuation Pause) 407M->229M(474M) 10.604ms
[116.974s][info][gc,cpu      ] GC(176) User=0.08s Sys=0.00s Real=0.01s
[117.935s][info][gc,start    ] GC(177) Pause Young (Concurrent Start) (G1 Evacuation Pause)
[117.936s][info][gc,task     ] GC(177) Using 8 workers of 8 for evacuation
[117.947s][info][gc,phases   ] GC(177)   Pre Evacuate Collection Set: 0.1ms
[117.947s][info][gc,phases   ] GC(177)   Merge Heap Roots: 0.1ms
[117.947s][info][gc,phases   ] GC(177)   Evacuate Collection Set: 10.9ms
[117.947s][info][gc,phases   ] GC(177)   Post Evacuate Collection Set: 0.3ms
[117.947s][info][gc,phases   ] GC(177)   Other: 0.2ms
[117.947s][info][gc,heap     ] GC(177) Eden regions: 177->0(171)
[117.947s][info][gc,heap     ] GC(177) Survivor regions: 17->18(25)
[117.947s][info][gc,heap     ] GC(177) Old regions: 208->212
[117.947s][info][gc,heap     ] GC(177) Archive regions: 2->2
[117.947s][info][gc,heap     ] GC(177) Humongous regions: 5->5
[117.947s][info][gc,metaspace] GC(177) Metaspace: 44316K(45312K)->44316K(45312K) NonClass: 39028K(39680K)->39028K(39680K) Class: 5288K(5632K)->5288K(5632K)
[117.947s][info][gc          ] GC(177) Pause Young (Concurrent Start) (G1 Evacuation Pause) 406M->234M(474M) 11.655ms
[117.947s][info][gc,cpu      ] GC(177) User=0.08s Sys=0.01s Real=0.01s
[117.947s][info][gc          ] GC(178) Concurrent Cycle
[117.947s][info][gc,marking  ] GC(178) Concurrent Clear Claimed Marks
[117.947s][info][gc,marking  ] GC(178) Concurrent Clear Claimed Marks 0.034ms
[117.947s][info][gc,marking  ] GC(178) Concurrent Scan Root Regions
[117.960s][info][gc,marking  ] GC(178) Concurrent Scan Root Regions 12.828ms
[117.960s][info][gc,marking  ] GC(178) Concurrent Mark (117.960s)
[117.960s][info][gc,marking  ] GC(178) Concurrent Mark From Roots
[117.960s][info][gc,task     ] GC(178) Using 2 workers of 2 for marking
[118.177s][info][gc,marking  ] GC(178) Concurrent Mark From Roots 216.546ms
[118.177s][info][gc,marking  ] GC(178) Concurrent Preclean
[118.177s][info][gc,marking  ] GC(178) Concurrent Preclean 0.106ms
[118.177s][info][gc,marking  ] GC(178) Concurrent Mark (117.960s, 118.177s) 216.756ms
[118.177s][info][gc,start    ] GC(178) Pause Remark
[118.179s][info][gc          ] GC(178) Pause Remark 246M->246M(474M) 1.854ms
[118.179s][info][gc,cpu      ] GC(178) User=0.01s Sys=0.00s Real=0.00s
[118.179s][info][gc,marking  ] GC(178) Concurrent Rebuild Remembered Sets
[118.302s][info][gc,marking  ] GC(178) Concurrent Rebuild Remembered Sets 123.373ms
[118.303s][info][gc,start    ] GC(178) Pause Cleanup
[118.303s][info][gc          ] GC(178) Pause Cleanup 246M->246M(474M) 0.228ms
[118.303s][info][gc,cpu      ] GC(178) User=0.00s Sys=0.00s Real=0.00s
[118.303s][info][gc,marking  ] GC(178) Concurrent Cleanup for Next Mark
[118.304s][info][gc,marking  ] GC(178) Concurrent Cleanup for Next Mark 0.893ms
[118.304s][info][gc          ] GC(178) Concurrent Cycle 356.616ms
[131.464s][info][gc,start    ] GC(179) Pause Young (Normal) (G1 Evacuation Pause)
[131.464s][info][gc,task     ] GC(179) Using 8 workers of 8 for evacuation
[131.475s][info][gc,phases   ] GC(179)   Pre Evacuate Collection Set: 0.1ms
[131.475s][info][gc,phases   ] GC(179)   Merge Heap Roots: 0.1ms
[131.475s][info][gc,phases   ] GC(179)   Evacuate Collection Set: 9.9ms
[131.475s][info][gc,phases   ] GC(179)   Post Evacuate Collection Set: 0.4ms
[131.475s][info][gc,phases   ] GC(179)   Other: 0.2ms
[131.475s][info][gc,heap     ] GC(179) Eden regions: 171->0(172)
[131.475s][info][gc,heap     ] GC(179) Survivor regions: 18->14(24)
[131.475s][info][gc,heap     ] GC(179) Old regions: 212->219
[131.475s][info][gc,heap     ] GC(179) Archive regions: 2->2
[131.475s][info][gc,heap     ] GC(179) Humongous regions: 5->5
[131.475s][info][gc,metaspace] GC(179) Metaspace: 44318K(45312K)->44318K(45312K) NonClass: 39029K(39680K)->39029K(39680K) Class: 5288K(5632K)->5288K(5632K)
[131.475s][info][gc          ] GC(179) Pause Young (Normal) (G1 Evacuation Pause) 405M->238M(474M) 10.801ms
[131.475s][info][gc,cpu      ] GC(179) User=0.07s Sys=0.00s Real=0.01s
[132.194s][info][gc,start    ] GC(180) Pause Young (Concurrent Start) (G1 Evacuation Pause)
[132.194s][info][gc,task     ] GC(180) Using 8 workers of 8 for evacuation
[132.203s][info][gc,phases   ] GC(180)   Pre Evacuate Collection Set: 0.1ms
[132.203s][info][gc,phases   ] GC(180)   Merge Heap Roots: 0.1ms
[132.203s][info][gc,phases   ] GC(180)   Evacuate Collection Set: 8.8ms
[132.203s][info][gc,phases   ] GC(180)   Post Evacuate Collection Set: 0.4ms
[132.203s][info][gc,phases   ] GC(180)   Other: 0.2ms
[132.203s][info][gc,heap     ] GC(180) Eden regions: 172->0(165)
[132.203s][info][gc,heap     ] GC(180) Survivor regions: 14->15(24)
[132.203s][info][gc,heap     ] GC(180) Old regions: 219->224
[132.203s][info][gc,heap     ] GC(180) Archive regions: 2->2
[132.203s][info][gc,heap     ] GC(180) Humongous regions: 5->5
[132.204s][info][gc,metaspace] GC(180) Metaspace: 44324K(45312K)->44324K(45312K) NonClass: 39035K(39680K)->39035K(39680K) Class: 5288K(5632K)->5288K(5632K)
[132.204s][info][gc          ] GC(180) Pause Young (Concurrent Start) (G1 Evacuation Pause) 410M->243M(474M) 9.608ms
[132.204s][info][gc,cpu      ] GC(180) User=0.06s Sys=0.01s Real=0.01s
[132.204s][info][gc          ] GC(181) Concurrent Cycle
[132.204s][info][gc,marking  ] GC(181) Concurrent Clear Claimed Marks
[132.204s][info][gc,marking  ] GC(181) Concurrent Clear Claimed Marks 0.054ms
[132.204s][info][gc,marking  ] GC(181) Concurrent Scan Root Regions
[132.212s][info][gc,marking  ] GC(181) Concurrent Scan Root Regions 8.762ms
[132.212s][info][gc,marking  ] GC(181) Concurrent Mark (132.212s)
[132.212s][info][gc,marking  ] GC(181) Concurrent Mark From Roots
[132.212s][info][gc,task     ] GC(181) Using 2 workers of 2 for marking
[132.534s][info][gc,marking  ] GC(181) Concurrent Mark From Roots 321.712ms
[132.534s][info][gc,marking  ] GC(181) Concurrent Preclean
[132.534s][info][gc,marking  ] GC(181) Concurrent Preclean 0.098ms
[132.534s][info][gc,marking  ] GC(181) Concurrent Mark (132.212s, 132.534s) 321.887ms
[132.535s][info][gc,start    ] GC(181) Pause Remark
[132.536s][info][gc          ] GC(181) Pause Remark 299M->299M(504M) 1.776ms
[132.537s][info][gc,cpu      ] GC(181) User=0.01s Sys=0.00s Real=0.01s
[132.537s][info][gc,marking  ] GC(181) Concurrent Rebuild Remembered Sets
[132.735s][info][gc,marking  ] GC(181) Concurrent Rebuild Remembered Sets 198.064ms
[132.735s][info][gc,start    ] GC(181) Pause Cleanup
[132.735s][info][gc          ] GC(181) Pause Cleanup 338M->338M(504M) 0.187ms
[132.735s][info][gc,cpu      ] GC(181) User=0.00s Sys=0.00s Real=0.00s
[132.735s][info][gc,marking  ] GC(181) Concurrent Cleanup for Next Mark
[132.736s][info][gc,marking  ] GC(181) Concurrent Cleanup for Next Mark 1.078ms
[132.737s][info][gc          ] GC(181) Concurrent Cycle 532.937ms
[133.035s][info][gc,start    ] GC(182) Pause Young (Normal) (G1 Evacuation Pause)
[133.035s][info][gc,task     ] GC(182) Using 8 workers of 8 for evacuation
[133.046s][info][gc,phases   ] GC(182)   Pre Evacuate Collection Set: 0.1ms
[133.046s][info][gc,phases   ] GC(182)   Merge Heap Roots: 0.1ms
[133.046s][info][gc,phases   ] GC(182)   Evacuate Collection Set: 10.5ms
[133.046s][info][gc,phases   ] GC(182)   Post Evacuate Collection Set: 0.4ms
[133.046s][info][gc,phases   ] GC(182)   Other: 0.2ms
[133.046s][info][gc,heap     ] GC(182) Eden regions: 162->0(190)
[133.046s][info][gc,heap     ] GC(182) Survivor regions: 15->14(23)
[133.046s][info][gc,heap     ] GC(182) Old regions: 224->228
[133.046s][info][gc,heap     ] GC(182) Archive regions: 2->2
[133.046s][info][gc,heap     ] GC(182) Humongous regions: 5->5
[133.046s][info][gc,metaspace] GC(182) Metaspace: 44325K(45312K)->44325K(45312K) NonClass: 39036K(39680K)->39036K(39680K) Class: 5288K(5632K)->5288K(5632K)
[133.046s][info][gc          ] GC(182) Pause Young (Normal) (G1 Evacuation Pause) 405M->246M(504M) 11.461ms
[133.046s][info][gc,cpu      ] GC(182) User=0.06s Sys=0.00s Real=0.02s
[133.832s][info][gc,start    ] GC(183) Pause Young (Concurrent Start) (G1 Evacuation Pause)
[133.832s][info][gc,task     ] GC(183) Using 8 workers of 8 for evacuation
[133.844s][info][gc,phases   ] GC(183)   Pre Evacuate Collection Set: 0.1ms
[133.844s][info][gc,phases   ] GC(183)   Merge Heap Roots: 0.1ms
[133.844s][info][gc,phases   ] GC(183)   Evacuate Collection Set: 10.3ms
[133.844s][info][gc,phases   ] GC(183)   Post Evacuate Collection Set: 0.4ms
[133.844s][info][gc,phases   ] GC(183)   Other: 0.3ms
[133.844s][info][gc,heap     ] GC(183) Eden regions: 190->0(182)
[133.844s][info][gc,heap     ] GC(183) Survivor regions: 14->18(26)
[133.844s][info][gc,heap     ] GC(183) Old regions: 228->228
[133.844s][info][gc,heap     ] GC(183) Archive regions: 2->2
[133.844s][info][gc,heap     ] GC(183) Humongous regions: 5->5
[133.844s][info][gc,metaspace] GC(183) Metaspace: 44325K(45312K)->44325K(45312K) NonClass: 39037K(39680K)->39037K(39680K) Class: 5288K(5632K)->5288K(5632K)
[133.844s][info][gc          ] GC(183) Pause Young (Concurrent Start) (G1 Evacuation Pause) 436M->250M(504M) 11.380ms
[133.844s][info][gc,cpu      ] GC(183) User=0.06s Sys=0.00s Real=0.01s
[133.844s][info][gc          ] GC(184) Concurrent Cycle
[133.844s][info][gc,marking  ] GC(184) Concurrent Clear Claimed Marks
[133.844s][info][gc,marking  ] GC(184) Concurrent Clear Claimed Marks 0.063ms
[133.844s][info][gc,marking  ] GC(184) Concurrent Scan Root Regions
[133.854s][info][gc,marking  ] GC(184) Concurrent Scan Root Regions 9.662ms
[133.854s][info][gc,marking  ] GC(184) Concurrent Mark (133.854s)
[133.854s][info][gc,marking  ] GC(184) Concurrent Mark From Roots
[133.854s][info][gc,task     ] GC(184) Using 2 workers of 2 for marking
[134.116s][info][gc,marking  ] GC(184) Concurrent Mark From Roots 262.098ms
[134.116s][info][gc,marking  ] GC(184) Concurrent Preclean
[134.116s][info][gc,marking  ] GC(184) Concurrent Preclean 0.069ms
[134.116s][info][gc,marking  ] GC(184) Concurrent Mark (133.854s, 134.116s) 262.245ms
[134.116s][info][gc,start    ] GC(184) Pause Remark
[134.118s][info][gc          ] GC(184) Pause Remark 284M->284M(504M) 1.552ms
[134.118s][info][gc,cpu      ] GC(184) User=0.01s Sys=0.00s Real=0.00s
[134.118s][info][gc,marking  ] GC(184) Concurrent Rebuild Remembered Sets
[134.258s][info][gc,marking  ] GC(184) Concurrent Rebuild Remembered Sets 140.573ms
[134.259s][info][gc,start    ] GC(184) Pause Cleanup
[134.259s][info][gc          ] GC(184) Pause Cleanup 289M->289M(504M) 0.250ms
[134.259s][info][gc,cpu      ] GC(184) User=0.00s Sys=0.00s Real=0.00s
[134.259s][info][gc,marking  ] GC(184) Concurrent Cleanup for Next Mark
[134.260s][info][gc,marking  ] GC(184) Concurrent Cleanup for Next Mark 1.107ms
[134.260s][info][gc          ] GC(184) Concurrent Cycle 416.175ms
[134.870s][info][gc,start    ] GC(185) Pause Young (Normal) (G1 Evacuation Pause)
[134.870s][info][gc,task     ] GC(185) Using 8 workers of 8 for evacuation
[134.882s][info][gc,phases   ] GC(185)   Pre Evacuate Collection Set: 0.1ms
[134.883s][info][gc,phases   ] GC(185)   Merge Heap Roots: 0.1ms
[134.883s][info][gc,phases   ] GC(185)   Evacuate Collection Set: 11.6ms
[134.883s][info][gc,phases   ] GC(185)   Post Evacuate Collection Set: 0.4ms
[134.883s][info][gc,phases   ] GC(185)   Other: 0.2ms
[134.883s][info][gc,heap     ] GC(185) Eden regions: 182->0(175)
[134.883s][info][gc,heap     ] GC(185) Survivor regions: 18->19(25)
[134.883s][info][gc,heap     ] GC(185) Old regions: 228->233
[134.883s][info][gc,heap     ] GC(185) Archive regions: 2->2
[134.883s][info][gc,heap     ] GC(185) Humongous regions: 5->5
[134.883s][info][gc,metaspace] GC(185) Metaspace: 44331K(45312K)->44331K(45312K) NonClass: 39042K(39680K)->39042K(39680K) Class: 5289K(5632K)->5289K(5632K)
[134.883s][info][gc          ] GC(185) Pause Young (Normal) (G1 Evacuation Pause) 432M->255M(504M) 12.396ms
[134.883s][info][gc,cpu      ] GC(185) User=0.08s Sys=0.00s Real=0.01s
[135.200s][info][gc,start    ] GC(186) Pause Young (Concurrent Start) (G1 Humongous Allocation)
[135.200s][info][gc,task     ] GC(186) Using 8 workers of 8 for evacuation
[135.211s][info][gc,phases   ] GC(186)   Pre Evacuate Collection Set: 0.1ms
[135.211s][info][gc,phases   ] GC(186)   Merge Heap Roots: 0.1ms
[135.211s][info][gc,phases   ] GC(186)   Evacuate Collection Set: 9.8ms
[135.211s][info][gc,phases   ] GC(186)   Post Evacuate Collection Set: 0.3ms
[135.211s][info][gc,phases   ] GC(186)   Other: 0.2ms
[135.211s][info][gc,heap     ] GC(186) Eden regions: 73->0(179)
[135.211s][info][gc,heap     ] GC(186) Survivor regions: 19->13(25)
[135.211s][info][gc,heap     ] GC(186) Old regions: 233->241
[135.211s][info][gc,heap     ] GC(186) Archive regions: 2->2
[135.211s][info][gc,heap     ] GC(186) Humongous regions: 5->5
[135.211s][info][gc,metaspace] GC(186) Metaspace: 44332K(45312K)->44332K(45312K) NonClass: 39042K(39680K)->39042K(39680K) Class: 5289K(5632K)->5289K(5632K)
[135.211s][info][gc          ] GC(186) Pause Young (Concurrent Start) (G1 Humongous Allocation) 328M->257M(504M) 10.553ms
[135.211s][info][gc,cpu      ] GC(186) User=0.08s Sys=0.00s Real=0.01s
[135.211s][info][gc          ] GC(187) Concurrent Cycle
[135.211s][info][gc,marking  ] GC(187) Concurrent Clear Claimed Marks
[135.211s][info][gc,marking  ] GC(187) Concurrent Clear Claimed Marks 0.054ms
[135.211s][info][gc,marking  ] GC(187) Concurrent Scan Root Regions
[135.222s][info][gc,marking  ] GC(187) Concurrent Scan Root Regions 11.546ms
[135.222s][info][gc,marking  ] GC(187) Concurrent Mark (135.222s)
[135.222s][info][gc,marking  ] GC(187) Concurrent Mark From Roots
[135.222s][info][gc,task     ] GC(187) Using 2 workers of 2 for marking
[135.512s][info][gc,marking  ] GC(187) Concurrent Mark From Roots 289.168ms
[135.512s][info][gc,marking  ] GC(187) Concurrent Preclean
[135.512s][info][gc,marking  ] GC(187) Concurrent Preclean 0.117ms
[135.512s][info][gc,marking  ] GC(187) Concurrent Mark (135.222s, 135.512s) 289.381ms
[135.512s][info][gc,start    ] GC(187) Pause Remark
[135.514s][info][gc          ] GC(187) Pause Remark 333M->333M(512M) 1.642ms
[135.514s][info][gc,cpu      ] GC(187) User=0.01s Sys=0.00s Real=0.00s
[135.514s][info][gc,marking  ] GC(187) Concurrent Rebuild Remembered Sets
[135.744s][info][gc,marking  ] GC(187) Concurrent Rebuild Remembered Sets 229.904ms
[135.744s][info][gc,start    ] GC(187) Pause Cleanup
[135.744s][info][gc          ] GC(187) Pause Cleanup 381M->381M(512M) 0.166ms
[135.744s][info][gc,cpu      ] GC(187) User=0.00s Sys=0.00s Real=0.00s
[135.744s][info][gc,marking  ] GC(187) Concurrent Cleanup for Next Mark
[135.745s][info][gc,marking  ] GC(187) Concurrent Cleanup for Next Mark 1.104ms
[135.745s][info][gc          ] GC(187) Concurrent Cycle 534.536ms
[136.237s][info][gc,start    ] GC(188) Pause Young (Normal) (G1 Evacuation Pause)
[136.237s][info][gc,task     ] GC(188) Using 8 workers of 8 for evacuation
[136.248s][info][gc,phases   ] GC(188)   Pre Evacuate Collection Set: 0.0ms
[136.248s][info][gc,phases   ] GC(188)   Merge Heap Roots: 0.1ms
[136.248s][info][gc,phases   ] GC(188)   Evacuate Collection Set: 10.0ms
[136.248s][info][gc,phases   ] GC(188)   Post Evacuate Collection Set: 0.4ms
[136.248s][info][gc,phases   ] GC(188)   Other: 0.2ms
[136.248s][info][gc,heap     ] GC(188) Eden regions: 178->0(152)
[136.248s][info][gc,heap     ] GC(188) Survivor regions: 13->16(24)
[136.248s][info][gc,heap     ] GC(188) Old regions: 241->241
[136.248s][info][gc,heap     ] GC(188) Archive regions: 2->2
[136.248s][info][gc,heap     ] GC(188) Humongous regions: 33->33
[136.248s][info][gc,metaspace] GC(188) Metaspace: 44332K(45312K)->44332K(45312K) NonClass: 39042K(39680K)->39042K(39680K) Class: 5289K(5632K)->5289K(5632K)
[136.248s][info][gc          ] GC(188) Pause Young (Normal) (G1 Evacuation Pause) 463M->288M(512M) 10.827ms
[136.248s][info][gc,cpu      ] GC(188) User=0.08s Sys=0.00s Real=0.01s
[136.905s][info][gc,start    ] GC(189) Pause Young (Concurrent Start) (G1 Evacuation Pause)
[136.905s][info][gc,task     ] GC(189) Using 8 workers of 8 for evacuation
[136.918s][info][gc,phases   ] GC(189)   Pre Evacuate Collection Set: 0.1ms
[136.918s][info][gc,phases   ] GC(189)   Merge Heap Roots: 0.0ms
[136.918s][info][gc,phases   ] GC(189)   Evacuate Collection Set: 12.7ms
[136.918s][info][gc,phases   ] GC(189)   Post Evacuate Collection Set: 0.3ms
[136.918s][info][gc,phases   ] GC(189)   Other: 0.2ms
[136.918s][info][gc,heap     ] GC(189) Eden regions: 152->0(150)
[136.918s][info][gc,heap     ] GC(189) Survivor regions: 16->15(21)
[136.918s][info][gc,heap     ] GC(189) Old regions: 241->245
[136.918s][info][gc,heap     ] GC(189) Archive regions: 2->2
[136.918s][info][gc,heap     ] GC(189) Humongous regions: 33->33
[136.918s][info][gc,metaspace] GC(189) Metaspace: 44332K(45312K)->44332K(45312K) NonClass: 39042K(39680K)->39042K(39680K) Class: 5289K(5632K)->5289K(5632K)
[136.918s][info][gc          ] GC(189) Pause Young (Concurrent Start) (G1 Evacuation Pause) 440M->293M(512M) 13.452ms
[136.918s][info][gc,cpu      ] GC(189) User=0.08s Sys=0.00s Real=0.02s
[136.918s][info][gc          ] GC(190) Concurrent Cycle
[136.918s][info][gc,marking  ] GC(190) Concurrent Clear Claimed Marks
[136.918s][info][gc,marking  ] GC(190) Concurrent Clear Claimed Marks 0.049ms
[136.918s][info][gc,marking  ] GC(190) Concurrent Scan Root Regions
[136.929s][info][gc,marking  ] GC(190) Concurrent Scan Root Regions 10.756ms
[136.929s][info][gc,marking  ] GC(190) Concurrent Mark (136.929s)
[136.929s][info][gc,marking  ] GC(190) Concurrent Mark From Roots
[136.929s][info][gc,task     ] GC(190) Using 2 workers of 2 for marking
[137.264s][info][gc,marking  ] GC(190) Concurrent Mark From Roots 334.809ms
[137.264s][info][gc,marking  ] GC(190) Concurrent Preclean
[137.264s][info][gc,marking  ] GC(190) Concurrent Preclean 0.101ms
[137.264s][info][gc,marking  ] GC(190) Concurrent Mark (136.929s, 137.264s) 334.994ms
[137.264s][info][gc,start    ] GC(190) Pause Remark
[137.266s][info][gc          ] GC(190) Pause Remark 353M->327M(512M) 1.639ms
[137.266s][info][gc,cpu      ] GC(190) User=0.01s Sys=0.00s Real=0.01s
[137.266s][info][gc,marking  ] GC(190) Concurrent Rebuild Remembered Sets
[137.472s][info][gc,marking  ] GC(190) Concurrent Rebuild Remembered Sets 206.135ms
[137.472s][info][gc,start    ] GC(190) Pause Cleanup
[137.473s][info][gc          ] GC(190) Pause Cleanup 370M->370M(512M) 0.174ms
[137.473s][info][gc,cpu      ] GC(190) User=0.00s Sys=0.00s Real=0.00s
[137.473s][info][gc,marking  ] GC(190) Concurrent Cleanup for Next Mark
[137.473s][info][gc,marking  ] GC(190) Concurrent Cleanup for Next Mark 0.750ms
[137.473s][info][gc          ] GC(190) Concurrent Cycle 555.243ms
[137.667s][info][gc,start    ] GC(191) Pause Young (Normal) (G1 Evacuation Pause)
[137.667s][info][gc,task     ] GC(191) Using 8 workers of 8 for evacuation
[137.677s][info][gc,phases   ] GC(191)   Pre Evacuate Collection Set: 0.1ms
[137.677s][info][gc,phases   ] GC(191)   Merge Heap Roots: 0.1ms
[137.677s][info][gc,phases   ] GC(191)   Evacuate Collection Set: 9.5ms
[137.677s][info][gc,phases   ] GC(191)   Post Evacuate Collection Set: 0.3ms
[137.677s][info][gc,phases   ] GC(191)   Other: 0.2ms
[137.677s][info][gc,heap     ] GC(191) Eden regions: 150->0(171)
[137.677s][info][gc,heap     ] GC(191) Survivor regions: 15->15(21)
[137.677s][info][gc,heap     ] GC(191) Old regions: 245->250
[137.677s][info][gc,heap     ] GC(191) Archive regions: 2->2
[137.677s][info][gc,heap     ] GC(191) Humongous regions: 7->7
[137.677s][info][gc,metaspace] GC(191) Metaspace: 44332K(45312K)->44332K(45312K) NonClass: 39042K(39680K)->39042K(39680K) Class: 5289K(5632K)->5289K(5632K)
[137.677s][info][gc          ] GC(191) Pause Young (Normal) (G1 Evacuation Pause) 417M->271M(512M) 10.172ms
[137.677s][info][gc,cpu      ] GC(191) User=0.07s Sys=0.00s Real=0.01s
[138.576s][info][gc,start    ] GC(192) Pause Young (Concurrent Start) (G1 Evacuation Pause)
[138.576s][info][gc,task     ] GC(192) Using 8 workers of 8 for evacuation
[138.586s][info][gc,phases   ] GC(192)   Pre Evacuate Collection Set: 0.1ms
[138.586s][info][gc,phases   ] GC(192)   Merge Heap Roots: 0.1ms
[138.586s][info][gc,phases   ] GC(192)   Evacuate Collection Set: 9.3ms
[138.586s][info][gc,phases   ] GC(192)   Post Evacuate Collection Set: 0.4ms
[138.586s][info][gc,phases   ] GC(192)   Other: 0.2ms
[138.586s][info][gc,heap     ] GC(192) Eden regions: 171->0(165)
[138.586s][info][gc,heap     ] GC(192) Survivor regions: 15->17(24)
[138.586s][info][gc,heap     ] GC(192) Old regions: 250->252
[138.586s][info][gc,heap     ] GC(192) Archive regions: 2->2
[138.586s][info][gc,heap     ] GC(192) Humongous regions: 7->7
[138.586s][info][gc,metaspace] GC(192) Metaspace: 44332K(45312K)->44332K(45312K) NonClass: 39043K(39680K)->39043K(39680K) Class: 5289K(5632K)->5289K(5632K)
[138.586s][info][gc          ] GC(192) Pause Young (Concurrent Start) (G1 Evacuation Pause) 442M->275M(512M) 10.204ms
[138.586s][info][gc,cpu      ] GC(192) User=0.07s Sys=0.00s Real=0.01s
[138.586s][info][gc          ] GC(193) Concurrent Cycle
[138.586s][info][gc,marking  ] GC(193) Concurrent Clear Claimed Marks
[138.586s][info][gc,marking  ] GC(193) Concurrent Clear Claimed Marks 0.057ms
[138.586s][info][gc,marking  ] GC(193) Concurrent Scan Root Regions
[138.596s][info][gc,marking  ] GC(193) Concurrent Scan Root Regions 10.182ms
[138.597s][info][gc,marking  ] GC(193) Concurrent Mark (138.597s)
[138.597s][info][gc,marking  ] GC(193) Concurrent Mark From Roots
[138.597s][info][gc,task     ] GC(193) Using 2 workers of 2 for marking
[138.967s][info][gc,marking  ] GC(193) Concurrent Mark From Roots 370.457ms
[138.967s][info][gc,marking  ] GC(193) Concurrent Preclean
[138.967s][info][gc,marking  ] GC(193) Concurrent Preclean 0.100ms
[138.967s][info][gc,marking  ] GC(193) Concurrent Mark (138.597s, 138.967s) 370.649ms
[138.967s][info][gc,start    ] GC(193) Pause Remark
[138.969s][info][gc          ] GC(193) Pause Remark 347M->347M(512M) 1.625ms
[138.969s][info][gc,cpu      ] GC(193) User=0.01s Sys=0.00s Real=0.00s
[138.969s][info][gc,marking  ] GC(193) Concurrent Rebuild Remembered Sets
[139.203s][info][gc,marking  ] GC(193) Concurrent Rebuild Remembered Sets 233.970ms
[139.203s][info][gc,start    ] GC(193) Pause Cleanup
[139.203s][info][gc          ] GC(193) Pause Cleanup 389M->389M(512M) 0.205ms
[139.203s][info][gc,cpu      ] GC(193) User=0.00s Sys=0.00s Real=0.00s
[139.203s][info][gc,marking  ] GC(193) Concurrent Cleanup for Next Mark
[139.204s][info][gc,marking  ] GC(193) Concurrent Cleanup for Next Mark 0.889ms
[139.204s][info][gc          ] GC(193) Concurrent Cycle 618.231ms
[139.413s][info][gc,start    ] GC(194) Pause Young (Normal) (G1 Evacuation Pause)
[139.413s][info][gc,task     ] GC(194) Using 8 workers of 8 for evacuation
[139.424s][info][gc,phases   ] GC(194)   Pre Evacuate Collection Set: 0.1ms
[139.424s][info][gc,phases   ] GC(194)   Merge Heap Roots: 0.1ms
[139.424s][info][gc,phases   ] GC(194)   Evacuate Collection Set: 9.8ms
[139.424s][info][gc,phases   ] GC(194)   Post Evacuate Collection Set: 0.4ms
[139.424s][info][gc,phases   ] GC(194)   Other: 0.2ms
[139.424s][info][gc,heap     ] GC(194) Eden regions: 165->0(161)
[139.424s][info][gc,heap     ] GC(194) Survivor regions: 17->17(23)
[139.424s][info][gc,heap     ] GC(194) Old regions: 252->256
[139.424s][info][gc,heap     ] GC(194) Archive regions: 2->2
[139.424s][info][gc,heap     ] GC(194) Humongous regions: 7->7
[139.424s][info][gc,metaspace] GC(194) Metaspace: 44332K(45312K)->44332K(45312K) NonClass: 39043K(39680K)->39043K(39680K) Class: 5289K(5632K)->5289K(5632K)
[139.424s][info][gc          ] GC(194) Pause Young (Normal) (G1 Evacuation Pause) 440M->279M(512M) 10.585ms
[139.424s][info][gc,cpu      ] GC(194) User=0.07s Sys=0.00s Real=0.01s
[140.120s][info][gc,start    ] GC(195) Pause Young (Concurrent Start) (G1 Evacuation Pause)
[140.120s][info][gc,task     ] GC(195) Using 8 workers of 8 for evacuation
[140.131s][info][gc,phases   ] GC(195)   Pre Evacuate Collection Set: 0.1ms
[140.131s][info][gc,phases   ] GC(195)   Merge Heap Roots: 0.1ms
[140.131s][info][gc,phases   ] GC(195)   Evacuate Collection Set: 10.9ms
[140.131s][info][gc,phases   ] GC(195)   Post Evacuate Collection Set: 0.3ms
[140.131s][info][gc,phases   ] GC(195)   Other: 0.2ms
[140.131s][info][gc,heap     ] GC(195) Eden regions: 161->0(157)
[140.131s][info][gc,heap     ] GC(195) Survivor regions: 17->17(23)
[140.131s][info][gc,heap     ] GC(195) Old regions: 256->260
[140.131s][info][gc,heap     ] GC(195) Archive regions: 2->2
[140.132s][info][gc,heap     ] GC(195) Humongous regions: 7->7
[140.132s][info][gc,metaspace] GC(195) Metaspace: 44343K(45312K)->44343K(45312K) NonClass: 39053K(39680K)->39053K(39680K) Class: 5289K(5632K)->5289K(5632K)
[140.132s][info][gc          ] GC(195) Pause Young (Concurrent Start) (G1 Evacuation Pause) 440M->283M(512M) 11.824ms
[140.132s][info][gc,cpu      ] GC(195) User=0.07s Sys=0.00s Real=0.01s
[140.132s][info][gc          ] GC(196) Concurrent Cycle
[140.132s][info][gc,marking  ] GC(196) Concurrent Clear Claimed Marks
[140.132s][info][gc,marking  ] GC(196) Concurrent Clear Claimed Marks 0.056ms
[140.132s][info][gc,marking  ] GC(196) Concurrent Scan Root Regions
[140.143s][info][gc,marking  ] GC(196) Concurrent Scan Root Regions 10.924ms
[140.143s][info][gc,marking  ] GC(196) Concurrent Mark (140.143s)
[140.143s][info][gc,marking  ] GC(196) Concurrent Mark From Roots
[140.143s][info][gc,task     ] GC(196) Using 2 workers of 2 for marking
[140.513s][info][gc,marking  ] GC(196) Concurrent Mark From Roots 370.399ms
[140.513s][info][gc,marking  ] GC(196) Concurrent Preclean
[140.513s][info][gc,marking  ] GC(196) Concurrent Preclean 0.101ms
[140.513s][info][gc,marking  ] GC(196) Concurrent Mark (140.143s, 140.513s) 370.598ms
[140.513s][info][gc,start    ] GC(196) Pause Remark
[140.516s][info][gc          ] GC(196) Pause Remark 351M->351M(512M) 2.067ms
[140.516s][info][gc,cpu      ] GC(196) User=0.01s Sys=0.01s Real=0.01s
[140.516s][info][gc,marking  ] GC(196) Concurrent Rebuild Remembered Sets
[140.741s][info][gc,marking  ] GC(196) Concurrent Rebuild Remembered Sets 225.745ms
[140.742s][info][gc,start    ] GC(196) Pause Cleanup
[140.742s][info][gc          ] GC(196) Pause Cleanup 397M->397M(512M) 0.234ms
[140.742s][info][gc,cpu      ] GC(196) User=0.00s Sys=0.00s Real=0.00s
[140.742s][info][gc,marking  ] GC(196) Concurrent Cleanup for Next Mark
[140.743s][info][gc,marking  ] GC(196) Concurrent Cleanup for Next Mark 1.010ms
[140.743s][info][gc          ] GC(196) Concurrent Cycle 611.413ms
[140.999s][info][gc,start    ] GC(197) Pause Young (Normal) (G1 Evacuation Pause)
[140.999s][info][gc,task     ] GC(197) Using 8 workers of 8 for evacuation
[141.014s][info][gc,phases   ] GC(197)   Pre Evacuate Collection Set: 0.1ms
[141.014s][info][gc,phases   ] GC(197)   Merge Heap Roots: 0.1ms
[141.014s][info][gc,phases   ] GC(197)   Evacuate Collection Set: 14.6ms
[141.014s][info][gc,phases   ] GC(197)   Post Evacuate Collection Set: 0.3ms
[141.014s][info][gc,phases   ] GC(197)   Other: 0.2ms
[141.014s][info][gc,heap     ] GC(197) Eden regions: 157->0(157)
[141.014s][info][gc,heap     ] GC(197) Survivor regions: 17->13(22)
[141.014s][info][gc,heap     ] GC(197) Old regions: 260->268
[141.014s][info][gc,heap     ] GC(197) Archive regions: 2->2
[141.014s][info][gc,heap     ] GC(197) Humongous regions: 7->7
[141.014s][info][gc,metaspace] GC(197) Metaspace: 44346K(45312K)->44346K(45312K) NonClass: 39057K(39680K)->39057K(39680K) Class: 5289K(5632K)->5289K(5632K)
[141.014s][info][gc          ] GC(197) Pause Young (Normal) (G1 Evacuation Pause) 440M->287M(512M) 15.440ms
[141.014s][info][gc,cpu      ] GC(197) User=0.07s Sys=0.00s Real=0.01s
[141.900s][info][gc,start    ] GC(198) Pause Young (Concurrent Start) (G1 Evacuation Pause)
[141.901s][info][gc,task     ] GC(198) Using 8 workers of 8 for evacuation
[141.910s][info][gc,phases   ] GC(198)   Pre Evacuate Collection Set: 0.1ms
[141.910s][info][gc,phases   ] GC(198)   Merge Heap Roots: 0.1ms
[141.910s][info][gc,phases   ] GC(198)   Evacuate Collection Set: 8.4ms
[141.910s][info][gc,phases   ] GC(198)   Post Evacuate Collection Set: 0.4ms
[141.910s][info][gc,phases   ] GC(198)   Other: 0.2ms
[141.910s][info][gc,heap     ] GC(198) Eden regions: 157->0(153)
[141.910s][info][gc,heap     ] GC(198) Survivor regions: 13->13(22)
[141.910s][info][gc,heap     ] GC(198) Old regions: 268->272
[141.910s][info][gc,heap     ] GC(198) Archive regions: 2->2
[141.910s][info][gc,heap     ] GC(198) Humongous regions: 7->7
[141.910s][info][gc,metaspace] GC(198) Metaspace: 44347K(45312K)->44347K(45312K) NonClass: 39058K(39680K)->39058K(39680K) Class: 5289K(5632K)->5289K(5632K)
[141.910s][info][gc          ] GC(198) Pause Young (Concurrent Start) (G1 Evacuation Pause) 444M->291M(512M) 9.281ms
[141.910s][info][gc,cpu      ] GC(198) User=0.06s Sys=0.00s Real=0.01s
[141.910s][info][gc          ] GC(199) Concurrent Cycle
[141.910s][info][gc,marking  ] GC(199) Concurrent Clear Claimed Marks
[141.910s][info][gc,marking  ] GC(199) Concurrent Clear Claimed Marks 0.053ms
[141.910s][info][gc,marking  ] GC(199) Concurrent Scan Root Regions
[141.919s][info][gc,marking  ] GC(199) Concurrent Scan Root Regions 8.859ms
[141.919s][info][gc,marking  ] GC(199) Concurrent Mark (141.919s)
[141.919s][info][gc,marking  ] GC(199) Concurrent Mark From Roots
[141.919s][info][gc,task     ] GC(199) Using 2 workers of 2 for marking
[142.253s][info][gc,marking  ] GC(199) Concurrent Mark From Roots 333.834ms
[142.253s][info][gc,marking  ] GC(199) Concurrent Preclean
[142.253s][info][gc,marking  ] GC(199) Concurrent Preclean 0.071ms
[142.253s][info][gc,marking  ] GC(199) Concurrent Mark (141.919s, 142.253s) 333.969ms
[142.253s][info][gc,start    ] GC(199) Pause Remark
[142.255s][info][gc          ] GC(199) Pause Remark 340M->340M(512M) 1.914ms
[142.255s][info][gc,cpu      ] GC(199) User=0.01s Sys=0.00s Real=0.00s
[142.255s][info][gc,marking  ] GC(199) Concurrent Rebuild Remembered Sets
[142.504s][info][gc,marking  ] GC(199) Concurrent Rebuild Remembered Sets 249.344ms
[142.505s][info][gc,start    ] GC(199) Pause Cleanup
[142.505s][info][gc          ] GC(199) Pause Cleanup 393M->393M(512M) 0.222ms
[142.505s][info][gc,cpu      ] GC(199) User=0.00s Sys=0.00s Real=0.00s
[142.505s][info][gc,marking  ] GC(199) Concurrent Cleanup for Next Mark
[142.506s][info][gc,marking  ] GC(199) Concurrent Cleanup for Next Mark 1.423ms
[142.506s][info][gc          ] GC(199) Concurrent Cycle 596.601ms
[142.723s][info][gc,start    ] GC(200) Pause Young (Normal) (G1 Evacuation Pause)
[142.723s][info][gc,task     ] GC(200) Using 8 workers of 8 for evacuation
[142.731s][info][gc,phases   ] GC(200)   Pre Evacuate Collection Set: 0.1ms
[142.731s][info][gc,phases   ] GC(200)   Merge Heap Roots: 0.1ms
[142.731s][info][gc,phases   ] GC(200)   Evacuate Collection Set: 7.7ms
[142.731s][info][gc,phases   ] GC(200)   Post Evacuate Collection Set: 0.4ms
[142.731s][info][gc,phases   ] GC(200)   Other: 0.2ms
[142.731s][info][gc,heap     ] GC(200) Eden regions: 153->0(151)
[142.731s][info][gc,heap     ] GC(200) Survivor regions: 13->12(21)
[142.731s][info][gc,heap     ] GC(200) Old regions: 272->276
[142.731s][info][gc,heap     ] GC(200) Archive regions: 2->2
[142.732s][info][gc,heap     ] GC(200) Humongous regions: 7->7
[142.732s][info][gc,metaspace] GC(200) Metaspace: 44348K(45312K)->44348K(45312K) NonClass: 39059K(39680K)->39059K(39680K) Class: 5289K(5632K)->5289K(5632K)
[142.732s][info][gc          ] GC(200) Pause Young (Normal) (G1 Evacuation Pause) 444M->295M(512M) 8.506ms
[142.732s][info][gc,cpu      ] GC(200) User=0.06s Sys=0.00s Real=0.01s
[143.340s][info][gc,start    ] GC(201) Pause Young (Concurrent Start) (G1 Evacuation Pause)
[143.340s][info][gc,task     ] GC(201) Using 8 workers of 8 for evacuation
[143.349s][info][gc,phases   ] GC(201)   Pre Evacuate Collection Set: 0.1ms
[143.349s][info][gc,phases   ] GC(201)   Merge Heap Roots: 0.1ms
[143.349s][info][gc,phases   ] GC(201)   Evacuate Collection Set: 8.0ms
[143.349s][info][gc,phases   ] GC(201)   Post Evacuate Collection Set: 0.4ms
[143.349s][info][gc,phases   ] GC(201)   Other: 0.2ms
[143.349s][info][gc,heap     ] GC(201) Eden regions: 151->0(147)
[143.349s][info][gc,heap     ] GC(201) Survivor regions: 12->12(21)
[143.349s][info][gc,heap     ] GC(201) Old regions: 276->280
[143.349s][info][gc,heap     ] GC(201) Archive regions: 2->2
[143.349s][info][gc,heap     ] GC(201) Humongous regions: 7->7
[143.349s][info][gc,metaspace] GC(201) Metaspace: 44348K(45312K)->44348K(45312K) NonClass: 39059K(39680K)->39059K(39680K) Class: 5289K(5632K)->5289K(5632K)
[143.349s][info][gc          ] GC(201) Pause Young (Concurrent Start) (G1 Evacuation Pause) 446M->298M(512M) 8.918ms
[143.349s][info][gc,cpu      ] GC(201) User=0.06s Sys=0.00s Real=0.01s
[143.349s][info][gc          ] GC(202) Concurrent Cycle
[143.349s][info][gc,marking  ] GC(202) Concurrent Clear Claimed Marks
[143.349s][info][gc,marking  ] GC(202) Concurrent Clear Claimed Marks 0.063ms
[143.349s][info][gc,marking  ] GC(202) Concurrent Scan Root Regions
[143.359s][info][gc,marking  ] GC(202) Concurrent Scan Root Regions 9.283ms
[143.359s][info][gc,marking  ] GC(202) Concurrent Mark (143.359s)
[143.359s][info][gc,marking  ] GC(202) Concurrent Mark From Roots
[143.359s][info][gc,task     ] GC(202) Using 2 workers of 2 for marking
[143.706s][info][gc,marking  ] GC(202) Concurrent Mark From Roots 346.740ms
[143.706s][info][gc,marking  ] GC(202) Concurrent Preclean
[143.706s][info][gc,marking  ] GC(202) Concurrent Preclean 0.115ms
[143.706s][info][gc,marking  ] GC(202) Concurrent Mark (143.359s, 143.706s) 346.959ms
[143.706s][info][gc,start    ] GC(202) Pause Remark
[143.707s][info][gc          ] GC(202) Pause Remark 358M->358M(512M) 1.617ms
[143.708s][info][gc,cpu      ] GC(202) User=0.01s Sys=0.00s Real=0.00s
[143.708s][info][gc,marking  ] GC(202) Concurrent Rebuild Remembered Sets
[143.936s][info][gc,marking  ] GC(202) Concurrent Rebuild Remembered Sets 227.938ms
[143.936s][info][gc,start    ] GC(202) Pause Cleanup
[143.936s][info][gc          ] GC(202) Pause Cleanup 402M->402M(512M) 0.194ms
[143.936s][info][gc,cpu      ] GC(202) User=0.00s Sys=0.00s Real=0.00s
[143.936s][info][gc,marking  ] GC(202) Concurrent Cleanup for Next Mark
[143.937s][info][gc,marking  ] GC(202) Concurrent Cleanup for Next Mark 0.735ms
[143.937s][info][gc          ] GC(202) Concurrent Cycle 587.505ms
[144.144s][info][gc,start    ] GC(203) Pause Young (Normal) (G1 Evacuation Pause)
[144.144s][info][gc,task     ] GC(203) Using 8 workers of 8 for evacuation
[144.153s][info][gc,phases   ] GC(203)   Pre Evacuate Collection Set: 0.1ms
[144.153s][info][gc,phases   ] GC(203)   Merge Heap Roots: 0.1ms
[144.153s][info][gc,phases   ] GC(203)   Evacuate Collection Set: 8.1ms
[144.153s][info][gc,phases   ] GC(203)   Post Evacuate Collection Set: 0.3ms
[144.153s][info][gc,phases   ] GC(203)   Other: 0.2ms
[144.153s][info][gc,heap     ] GC(203) Eden regions: 147->0(142)
[144.153s][info][gc,heap     ] GC(203) Survivor regions: 12->12(20)
[144.153s][info][gc,heap     ] GC(203) Old regions: 280->285
[144.153s][info][gc,heap     ] GC(203) Archive regions: 2->2
[144.153s][info][gc,heap     ] GC(203) Humongous regions: 7->7
[144.153s][info][gc,metaspace] GC(203) Metaspace: 44357K(45312K)->44357K(45312K) NonClass: 39068K(39680K)->39068K(39680K) Class: 5289K(5632K)->5289K(5632K)
[144.153s][info][gc          ] GC(203) Pause Young (Normal) (G1 Evacuation Pause) 445M->302M(512M) 8.805ms
[144.153s][info][gc,cpu      ] GC(203) User=0.06s Sys=0.00s Real=0.01s
[144.782s][info][gc,start    ] GC(204) Pause Young (Concurrent Start) (G1 Evacuation Pause)
[144.782s][info][gc,task     ] GC(204) Using 8 workers of 8 for evacuation
[144.790s][info][gc,phases   ] GC(204)   Pre Evacuate Collection Set: 0.1ms
[144.790s][info][gc,phases   ] GC(204)   Merge Heap Roots: 0.1ms
[144.790s][info][gc,phases   ] GC(204)   Evacuate Collection Set: 7.6ms
[144.790s][info][gc,phases   ] GC(204)   Post Evacuate Collection Set: 0.3ms
[144.790s][info][gc,phases   ] GC(204)   Other: 0.2ms
[144.790s][info][gc,heap     ] GC(204) Eden regions: 142->0(139)
[144.790s][info][gc,heap     ] GC(204) Survivor regions: 12->12(20)
[144.790s][info][gc,heap     ] GC(204) Old regions: 285->288
[144.790s][info][gc,heap     ] GC(204) Archive regions: 2->2
[144.790s][info][gc,heap     ] GC(204) Humongous regions: 7->7
[144.790s][info][gc,metaspace] GC(204) Metaspace: 44362K(45312K)->44362K(45312K) NonClass: 39073K(39680K)->39073K(39680K) Class: 5289K(5632K)->5289K(5632K)
[144.790s][info][gc          ] GC(204) Pause Young (Concurrent Start) (G1 Evacuation Pause) 444M->306M(512M) 8.432ms
[144.790s][info][gc,cpu      ] GC(204) User=0.06s Sys=0.00s Real=0.01s
[144.790s][info][gc          ] GC(205) Concurrent Cycle
[144.790s][info][gc,marking  ] GC(205) Concurrent Clear Claimed Marks
[144.790s][info][gc,marking  ] GC(205) Concurrent Clear Claimed Marks 0.042ms
[144.790s][info][gc,marking  ] GC(205) Concurrent Scan Root Regions
[144.798s][info][gc,marking  ] GC(205) Concurrent Scan Root Regions 7.979ms
[144.798s][info][gc,marking  ] GC(205) Concurrent Mark (144.798s)
[144.798s][info][gc,marking  ] GC(205) Concurrent Mark From Roots
[144.798s][info][gc,task     ] GC(205) Using 2 workers of 2 for marking
[145.152s][info][gc,marking  ] GC(205) Concurrent Mark From Roots 353.965ms
[145.152s][info][gc,marking  ] GC(205) Concurrent Preclean
[145.152s][info][gc,marking  ] GC(205) Concurrent Preclean 0.075ms
[145.152s][info][gc,marking  ] GC(205) Concurrent Mark (144.798s, 145.152s) 354.108ms
[145.152s][info][gc,start    ] GC(205) Pause Remark
[145.154s][info][gc          ] GC(205) Pause Remark 348M->348M(512M) 1.599ms
[145.154s][info][gc,cpu      ] GC(205) User=0.01s Sys=0.00s Real=0.00s
[145.154s][info][gc,marking  ] GC(205) Concurrent Rebuild Remembered Sets
[145.523s][info][gc,marking  ] GC(205) Concurrent Rebuild Remembered Sets 368.586ms
[145.523s][info][gc,start    ] GC(205) Pause Cleanup
[145.523s][info][gc          ] GC(205) Pause Cleanup 419M->419M(512M) 0.183ms
[145.523s][info][gc,cpu      ] GC(205) User=0.00s Sys=0.00s Real=0.00s
[145.523s][info][gc,marking  ] GC(205) Concurrent Cleanup for Next Mark
[145.524s][info][gc,marking  ] GC(205) Concurrent Cleanup for Next Mark 0.890ms
[145.524s][info][gc          ] GC(205) Concurrent Cycle 733.894ms
[145.639s][info][gc,start    ] GC(206) Pause Young (Normal) (G1 Evacuation Pause)
[145.639s][info][gc,task     ] GC(206) Using 8 workers of 8 for evacuation
[145.648s][info][gc,phases   ] GC(206)   Pre Evacuate Collection Set: 0.1ms
[145.648s][info][gc,phases   ] GC(206)   Merge Heap Roots: 0.1ms
[145.648s][info][gc,phases   ] GC(206)   Evacuate Collection Set: 7.9ms
[145.648s][info][gc,phases   ] GC(206)   Post Evacuate Collection Set: 0.3ms
[145.648s][info][gc,phases   ] GC(206)   Other: 0.2ms
[145.648s][info][gc,heap     ] GC(206) Eden regions: 139->0(137)
[145.648s][info][gc,heap     ] GC(206) Survivor regions: 12->11(19)
[145.648s][info][gc,heap     ] GC(206) Old regions: 288->292
[145.648s][info][gc,heap     ] GC(206) Archive regions: 2->2
[145.648s][info][gc,heap     ] GC(206) Humongous regions: 7->7
[145.648s][info][gc,metaspace] GC(206) Metaspace: 44362K(45312K)->44362K(45312K) NonClass: 39073K(39680K)->39073K(39680K) Class: 5289K(5632K)->5289K(5632K)
[145.648s][info][gc          ] GC(206) Pause Young (Normal) (G1 Evacuation Pause) 445M->310M(512M) 8.626ms
[145.648s][info][gc,cpu      ] GC(206) User=0.06s Sys=0.00s Real=0.01s
[146.361s][info][gc,start    ] GC(207) Pause Young (Concurrent Start) (G1 Evacuation Pause)
[146.361s][info][gc,task     ] GC(207) Using 8 workers of 8 for evacuation
[146.370s][info][gc,phases   ] GC(207)   Pre Evacuate Collection Set: 0.1ms
[146.370s][info][gc,phases   ] GC(207)   Merge Heap Roots: 0.1ms
[146.370s][info][gc,phases   ] GC(207)   Evacuate Collection Set: 7.9ms
[146.370s][info][gc,phases   ] GC(207)   Post Evacuate Collection Set: 0.3ms
[146.370s][info][gc,phases   ] GC(207)   Other: 0.2ms
[146.370s][info][gc,heap     ] GC(207) Eden regions: 137->0(131)
[146.370s][info][gc,heap     ] GC(207) Survivor regions: 11->12(19)
[146.370s][info][gc,heap     ] GC(207) Old regions: 292->296
[146.370s][info][gc,heap     ] GC(207) Archive regions: 2->2
[146.370s][info][gc,heap     ] GC(207) Humongous regions: 7->7
[146.370s][info][gc,metaspace] GC(207) Metaspace: 44362K(45312K)->44362K(45312K) NonClass: 39073K(39680K)->39073K(39680K) Class: 5289K(5632K)->5289K(5632K)
[146.370s][info][gc          ] GC(207) Pause Young (Concurrent Start) (G1 Evacuation Pause) 447M->314M(512M) 8.744ms
[146.370s][info][gc,cpu      ] GC(207) User=0.06s Sys=0.00s Real=0.01s
[146.370s][info][gc          ] GC(208) Concurrent Cycle
[146.370s][info][gc,marking  ] GC(208) Concurrent Clear Claimed Marks
[146.370s][info][gc,marking  ] GC(208) Concurrent Clear Claimed Marks 0.049ms
[146.370s][info][gc,marking  ] GC(208) Concurrent Scan Root Regions
[146.378s][info][gc,marking  ] GC(208) Concurrent Scan Root Regions 8.101ms
[146.378s][info][gc,marking  ] GC(208) Concurrent Mark (146.378s)
[146.378s][info][gc,marking  ] GC(208) Concurrent Mark From Roots
[146.378s][info][gc,task     ] GC(208) Using 2 workers of 2 for marking
[146.846s][info][gc,marking  ] GC(208) Concurrent Mark From Roots 467.729ms
[146.846s][info][gc,marking  ] GC(208) Concurrent Preclean
[146.846s][info][gc,marking  ] GC(208) Concurrent Preclean 0.104ms
[146.846s][info][gc,marking  ] GC(208) Concurrent Mark (146.378s, 146.846s) 467.932ms
[146.847s][info][gc,start    ] GC(208) Pause Remark
[146.848s][info][gc          ] GC(208) Pause Remark 399M->399M(512M) 1.765ms
[146.848s][info][gc,cpu      ] GC(208) User=0.01s Sys=0.00s Real=0.00s
[146.848s][info][gc,marking  ] GC(208) Concurrent Rebuild Remembered Sets
[147.100s][info][gc,start    ] GC(209) Pause Young (Normal) (G1 Evacuation Pause)
[147.100s][info][gc,task     ] GC(209) Using 8 workers of 8 for evacuation
[147.108s][info][gc,phases   ] GC(209)   Pre Evacuate Collection Set: 0.1ms
[147.108s][info][gc,phases   ] GC(209)   Merge Heap Roots: 0.1ms
[147.108s][info][gc,phases   ] GC(209)   Evacuate Collection Set: 7.2ms
[147.108s][info][gc,phases   ] GC(209)   Post Evacuate Collection Set: 0.4ms
[147.108s][info][gc,phases   ] GC(209)   Other: 0.2ms
[147.108s][info][gc,heap     ] GC(209) Eden regions: 131->0(127)
[147.108s][info][gc,heap     ] GC(209) Survivor regions: 12->12(18)
[147.108s][info][gc,heap     ] GC(209) Old regions: 296->300
[147.108s][info][gc,heap     ] GC(209) Archive regions: 2->2
[147.108s][info][gc,heap     ] GC(209) Humongous regions: 7->7
[147.108s][info][gc,metaspace] GC(209) Metaspace: 44363K(45312K)->44363K(45312K) NonClass: 39074K(39680K)->39074K(39680K) Class: 5289K(5632K)->5289K(5632K)
[147.108s][info][gc          ] GC(209) Pause Young (Normal) (G1 Evacuation Pause) 445M->317M(512M) 7.956ms
[147.108s][info][gc,cpu      ] GC(209) User=0.06s Sys=0.00s Real=0.01s
[147.152s][info][gc,marking  ] GC(208) Concurrent Rebuild Remembered Sets 303.449ms
[147.152s][info][gc,start    ] GC(208) Pause Cleanup
[147.152s][info][gc          ] GC(208) Pause Cleanup 327M->327M(512M) 0.242ms
[147.152s][info][gc,cpu      ] GC(208) User=0.00s Sys=0.00s Real=0.00s
[147.152s][info][gc,marking  ] GC(208) Concurrent Cleanup for Next Mark
[147.153s][info][gc,marking  ] GC(208) Concurrent Cleanup for Next Mark 0.951ms
[147.153s][info][gc          ] GC(208) Concurrent Cycle 783.223ms
[147.643s][info][gc,start    ] GC(210) Pause Young (Normal) (G1 Evacuation Pause)
[147.643s][info][gc,task     ] GC(210) Using 8 workers of 8 for evacuation
[147.651s][info][gc,phases   ] GC(210)   Pre Evacuate Collection Set: 0.1ms
[147.651s][info][gc,phases   ] GC(210)   Merge Heap Roots: 0.1ms
[147.651s][info][gc,phases   ] GC(210)   Evacuate Collection Set: 7.5ms
[147.651s][info][gc,phases   ] GC(210)   Post Evacuate Collection Set: 0.3ms
[147.651s][info][gc,phases   ] GC(210)   Other: 0.2ms
[147.651s][info][gc,heap     ] GC(210) Eden regions: 127->0(127)
[147.651s][info][gc,heap     ] GC(210) Survivor regions: 12->10(18)
[147.651s][info][gc,heap     ] GC(210) Old regions: 300->304
[147.651s][info][gc,heap     ] GC(210) Archive regions: 2->2
[147.651s][info][gc,heap     ] GC(210) Humongous regions: 7->7
[147.651s][info][gc,metaspace] GC(210) Metaspace: 44363K(45312K)->44363K(45312K) NonClass: 39074K(39680K)->39074K(39680K) Class: 5289K(5632K)->5289K(5632K)
[147.651s][info][gc          ] GC(210) Pause Young (Normal) (G1 Evacuation Pause) 444M->320M(512M) 8.178ms
[147.651s][info][gc,cpu      ] GC(210) User=0.06s Sys=0.01s Real=0.01s
[148.199s][info][gc,start    ] GC(211) Pause Young (Concurrent Start) (G1 Evacuation Pause)
[148.199s][info][gc,task     ] GC(211) Using 8 workers of 8 for evacuation
[148.207s][info][gc,phases   ] GC(211)   Pre Evacuate Collection Set: 0.1ms
[148.207s][info][gc,phases   ] GC(211)   Merge Heap Roots: 0.1ms
[148.207s][info][gc,phases   ] GC(211)   Evacuate Collection Set: 7.3ms
[148.207s][info][gc,phases   ] GC(211)   Post Evacuate Collection Set: 0.3ms
[148.207s][info][gc,phases   ] GC(211)   Other: 0.2ms
[148.207s][info][gc,heap     ] GC(211) Eden regions: 127->0(122)
[148.207s][info][gc,heap     ] GC(211) Survivor regions: 10->11(18)
[148.207s][info][gc,heap     ] GC(211) Old regions: 304->307
[148.207s][info][gc,heap     ] GC(211) Archive regions: 2->2
[148.207s][info][gc,heap     ] GC(211) Humongous regions: 7->7
[148.207s][info][gc,metaspace] GC(211) Metaspace: 44364K(45312K)->44364K(45312K) NonClass: 39075K(39680K)->39075K(39680K) Class: 5289K(5632K)->5289K(5632K)
[148.207s][info][gc          ] GC(211) Pause Young (Concurrent Start) (G1 Evacuation Pause) 447M->324M(512M) 8.047ms
[148.207s][info][gc,cpu      ] GC(211) User=0.05s Sys=0.00s Real=0.01s
[148.207s][info][gc          ] GC(212) Concurrent Cycle
[148.207s][info][gc,marking  ] GC(212) Concurrent Clear Claimed Marks
[148.207s][info][gc,marking  ] GC(212) Concurrent Clear Claimed Marks 0.049ms
[148.207s][info][gc,marking  ] GC(212) Concurrent Scan Root Regions
[148.215s][info][gc,marking  ] GC(212) Concurrent Scan Root Regions 8.169ms
[148.215s][info][gc,marking  ] GC(212) Concurrent Mark (148.215s)
[148.215s][info][gc,marking  ] GC(212) Concurrent Mark From Roots
[148.215s][info][gc,task     ] GC(212) Using 2 workers of 2 for marking
[148.632s][info][gc,marking  ] GC(212) Concurrent Mark From Roots 416.871ms
[148.632s][info][gc,marking  ] GC(212) Concurrent Preclean
[148.632s][info][gc,marking  ] GC(212) Concurrent Preclean 0.076ms
[148.632s][info][gc,marking  ] GC(212) Concurrent Mark (148.215s, 148.632s) 417.004ms
[148.632s][info][gc,start    ] GC(212) Pause Remark
[148.634s][info][gc          ] GC(212) Pause Remark 401M->401M(512M) 1.702ms
[148.634s][info][gc,cpu      ] GC(212) User=0.01s Sys=0.00s Real=0.00s
[148.634s][info][gc,marking  ] GC(212) Concurrent Rebuild Remembered Sets
[148.832s][info][gc,marking  ] GC(212) Concurrent Rebuild Remembered Sets 198.416ms
[148.833s][info][gc,start    ] GC(212) Pause Cleanup
[148.833s][info][gc          ] GC(212) Pause Cleanup 421M->421M(512M) 0.177ms
[148.833s][info][gc,cpu      ] GC(212) User=0.00s Sys=0.00s Real=0.00s
[148.833s][info][gc,marking  ] GC(212) Concurrent Cleanup for Next Mark
[148.833s][info][gc,marking  ] GC(212) Concurrent Cleanup for Next Mark 0.586ms
[148.833s][info][gc          ] GC(212) Concurrent Cycle 626.677ms
[148.999s][info][gc,start    ] GC(213) Pause Young (Normal) (G1 Evacuation Pause)
[148.999s][info][gc,task     ] GC(213) Using 8 workers of 8 for evacuation
[149.007s][info][gc,phases   ] GC(213)   Pre Evacuate Collection Set: 0.1ms
[149.007s][info][gc,phases   ] GC(213)   Merge Heap Roots: 0.1ms
[149.007s][info][gc,phases   ] GC(213)   Evacuate Collection Set: 7.1ms
[149.007s][info][gc,phases   ] GC(213)   Post Evacuate Collection Set: 0.3ms
[149.007s][info][gc,phases   ] GC(213)   Other: 0.1ms
[149.007s][info][gc,heap     ] GC(213) Eden regions: 122->0(120)
[149.007s][info][gc,heap     ] GC(213) Survivor regions: 11->10(17)
[149.007s][info][gc,heap     ] GC(213) Old regions: 307->311
[149.007s][info][gc,heap     ] GC(213) Archive regions: 2->2
[149.007s][info][gc,heap     ] GC(213) Humongous regions: 7->7
[149.007s][info][gc,metaspace] GC(213) Metaspace: 44364K(45312K)->44364K(45312K) NonClass: 39075K(39680K)->39075K(39680K) Class: 5289K(5632K)->5289K(5632K)
[149.007s][info][gc          ] GC(213) Pause Young (Normal) (G1 Evacuation Pause) 446M->327M(512M) 7.764ms
[149.007s][info][gc,cpu      ] GC(213) User=0.05s Sys=0.00s Real=0.01s
[149.483s][info][gc,start    ] GC(214) Pause Young (Concurrent Start) (G1 Evacuation Pause)
[149.483s][info][gc,task     ] GC(214) Using 8 workers of 8 for evacuation
[149.491s][info][gc,phases   ] GC(214)   Pre Evacuate Collection Set: 0.1ms
[149.491s][info][gc,phases   ] GC(214)   Merge Heap Roots: 0.1ms
[149.491s][info][gc,phases   ] GC(214)   Evacuate Collection Set: 7.3ms
[149.491s][info][gc,phases   ] GC(214)   Post Evacuate Collection Set: 0.3ms
[149.491s][info][gc,phases   ] GC(214)   Other: 0.2ms
[149.491s][info][gc,heap     ] GC(214) Eden regions: 120->0(117)
[149.491s][info][gc,heap     ] GC(214) Survivor regions: 10->10(17)
[149.491s][info][gc,heap     ] GC(214) Old regions: 311->314
[149.491s][info][gc,heap     ] GC(214) Archive regions: 2->2
[149.491s][info][gc,heap     ] GC(214) Humongous regions: 7->7
[149.491s][info][gc,metaspace] GC(214) Metaspace: 44364K(45312K)->44364K(45312K) NonClass: 39075K(39680K)->39075K(39680K) Class: 5289K(5632K)->5289K(5632K)
[149.491s][info][gc          ] GC(214) Pause Young (Concurrent Start) (G1 Evacuation Pause) 447M->330M(512M) 8.007ms
[149.491s][info][gc,cpu      ] GC(214) User=0.05s Sys=0.00s Real=0.01s
[149.491s][info][gc          ] GC(215) Concurrent Cycle
[149.491s][info][gc,marking  ] GC(215) Concurrent Clear Claimed Marks
[149.491s][info][gc,marking  ] GC(215) Concurrent Clear Claimed Marks 0.051ms
[149.491s][info][gc,marking  ] GC(215) Concurrent Scan Root Regions
[149.499s][info][gc,marking  ] GC(215) Concurrent Scan Root Regions 8.484ms
[149.499s][info][gc,marking  ] GC(215) Concurrent Mark (149.499s)
[149.499s][info][gc,marking  ] GC(215) Concurrent Mark From Roots
[149.499s][info][gc,task     ] GC(215) Using 2 workers of 2 for marking
[149.930s][info][gc,marking  ] GC(215) Concurrent Mark From Roots 430.709ms
[149.930s][info][gc,marking  ] GC(215) Concurrent Preclean
[149.930s][info][gc,marking  ] GC(215) Concurrent Preclean 0.066ms
[149.930s][info][gc,marking  ] GC(215) Concurrent Mark (149.499s, 149.930s) 430.832ms
[149.930s][info][gc,start    ] GC(215) Pause Remark
[149.933s][info][gc          ] GC(215) Pause Remark 404M->404M(512M) 2.387ms
[149.933s][info][gc,cpu      ] GC(215) User=0.01s Sys=0.00s Real=0.00s
[149.933s][info][gc,marking  ] GC(215) Concurrent Rebuild Remembered Sets
[150.178s][info][gc,start    ] GC(216) Pause Young (Normal) (G1 Evacuation Pause)
[150.178s][info][gc,task     ] GC(216) Using 8 workers of 8 for evacuation
[150.185s][info][gc,phases   ] GC(216)   Pre Evacuate Collection Set: 0.1ms
[150.185s][info][gc,phases   ] GC(216)   Merge Heap Roots: 0.1ms
[150.185s][info][gc,phases   ] GC(216)   Evacuate Collection Set: 6.7ms
[150.186s][info][gc,phases   ] GC(216)   Post Evacuate Collection Set: 0.5ms
[150.186s][info][gc,phases   ] GC(216)   Other: 0.2ms
[150.186s][info][gc,heap     ] GC(216) Eden regions: 117->0(114)
[150.186s][info][gc,heap     ] GC(216) Survivor regions: 10->10(16)
[150.186s][info][gc,heap     ] GC(216) Old regions: 314->317
[150.186s][info][gc,heap     ] GC(216) Archive regions: 2->2
[150.186s][info][gc,heap     ] GC(216) Humongous regions: 7->7
[150.186s][info][gc,metaspace] GC(216) Metaspace: 44364K(45312K)->44364K(45312K) NonClass: 39075K(39680K)->39075K(39680K) Class: 5289K(5632K)->5289K(5632K)
[150.186s][info][gc          ] GC(216) Pause Young (Normal) (G1 Evacuation Pause) 447M->333M(512M) 7.613ms
[150.186s][info][gc,cpu      ] GC(216) User=0.05s Sys=0.00s Real=0.01s
[150.216s][info][gc,marking  ] GC(215) Concurrent Rebuild Remembered Sets 283.297ms
[150.216s][info][gc,start    ] GC(215) Pause Cleanup
[150.217s][info][gc          ] GC(215) Pause Cleanup 340M->340M(512M) 0.216ms
[150.217s][info][gc,cpu      ] GC(215) User=0.00s Sys=0.00s Real=0.00s
[150.217s][info][gc,marking  ] GC(215) Concurrent Cleanup for Next Mark
[150.218s][info][gc,marking  ] GC(215) Concurrent Cleanup for Next Mark 1.067ms
[150.218s][info][gc          ] GC(215) Concurrent Cycle 726.986ms
[150.668s][info][gc,start    ] GC(217) Pause Young (Normal) (G1 Evacuation Pause)
[150.668s][info][gc,task     ] GC(217) Using 8 workers of 8 for evacuation
[150.675s][info][gc,phases   ] GC(217)   Pre Evacuate Collection Set: 0.1ms
[150.675s][info][gc,phases   ] GC(217)   Merge Heap Roots: 0.1ms
[150.675s][info][gc,phases   ] GC(217)   Evacuate Collection Set: 6.8ms
[150.675s][info][gc,phases   ] GC(217)   Post Evacuate Collection Set: 0.3ms
[150.675s][info][gc,phases   ] GC(217)   Other: 0.1ms
[150.675s][info][gc,heap     ] GC(217) Eden regions: 114->0(111)
[150.675s][info][gc,heap     ] GC(217) Survivor regions: 10->10(16)
[150.675s][info][gc,heap     ] GC(217) Old regions: 317->320
[150.675s][info][gc,heap     ] GC(217) Archive regions: 2->2
[150.675s][info][gc,heap     ] GC(217) Humongous regions: 7->7
[150.675s][info][gc,metaspace] GC(217) Metaspace: 44364K(45312K)->44364K(45312K) NonClass: 39075K(39680K)->39075K(39680K) Class: 5289K(5632K)->5289K(5632K)
[150.675s][info][gc          ] GC(217) Pause Young (Normal) (G1 Evacuation Pause) 447M->336M(512M) 7.503ms
[150.675s][info][gc,cpu      ] GC(217) User=0.05s Sys=0.00s Real=0.00s
[151.307s][info][gc,start    ] GC(218) Pause Young (Concurrent Start) (G1 Evacuation Pause)
[151.307s][info][gc,task     ] GC(218) Using 8 workers of 8 for evacuation
[151.315s][info][gc,phases   ] GC(218)   Pre Evacuate Collection Set: 0.1ms
[151.315s][info][gc,phases   ] GC(218)   Merge Heap Roots: 0.0ms
[151.315s][info][gc,phases   ] GC(218)   Evacuate Collection Set: 7.2ms
[151.315s][info][gc,phases   ] GC(218)   Post Evacuate Collection Set: 0.3ms
[151.315s][info][gc,phases   ] GC(218)   Other: 0.2ms
[151.315s][info][gc,heap     ] GC(218) Eden regions: 111->0(109)
[151.315s][info][gc,heap     ] GC(218) Survivor regions: 10->9(16)
[151.315s][info][gc,heap     ] GC(218) Old regions: 320->324
[151.315s][info][gc,heap     ] GC(218) Archive regions: 2->2
[151.315s][info][gc,heap     ] GC(218) Humongous regions: 7->7
[151.315s][info][gc,metaspace] GC(218) Metaspace: 44365K(45312K)->44365K(45312K) NonClass: 39076K(39680K)->39076K(39680K) Class: 5289K(5632K)->5289K(5632K)
[151.315s][info][gc          ] GC(218) Pause Young (Concurrent Start) (G1 Evacuation Pause) 447M->339M(512M) 8.035ms
[151.315s][info][gc,cpu      ] GC(218) User=0.05s Sys=0.00s Real=0.00s
[151.315s][info][gc          ] GC(219) Concurrent Cycle
[151.315s][info][gc,marking  ] GC(219) Concurrent Clear Claimed Marks
[151.315s][info][gc,marking  ] GC(219) Concurrent Clear Claimed Marks 0.087ms
[151.315s][info][gc,marking  ] GC(219) Concurrent Scan Root Regions
[151.321s][info][gc,marking  ] GC(219) Concurrent Scan Root Regions 6.426ms
[151.321s][info][gc,marking  ] GC(219) Concurrent Mark (151.321s)
[151.321s][info][gc,marking  ] GC(219) Concurrent Mark From Roots
[151.321s][info][gc,task     ] GC(219) Using 2 workers of 2 for marking
[151.741s][info][gc,marking  ] GC(219) Concurrent Mark From Roots 419.547ms
[151.741s][info][gc,marking  ] GC(219) Concurrent Preclean
[151.741s][info][gc,marking  ] GC(219) Concurrent Preclean 0.093ms
[151.741s][info][gc,marking  ] GC(219) Concurrent Mark (151.321s, 151.741s) 419.714ms
[151.741s][info][gc,start    ] GC(219) Pause Remark
[151.743s][info][gc          ] GC(219) Pause Remark 412M->412M(512M) 1.693ms
[151.743s][info][gc,cpu      ] GC(219) User=0.01s Sys=0.00s Real=0.00s
[151.743s][info][gc,marking  ] GC(219) Concurrent Rebuild Remembered Sets
[151.924s][info][gc,start    ] GC(220) Pause Young (Normal) (G1 Evacuation Pause)
[151.924s][info][gc,task     ] GC(220) Using 8 workers of 8 for evacuation
[151.931s][info][gc,phases   ] GC(220)   Pre Evacuate Collection Set: 0.1ms
[151.931s][info][gc,phases   ] GC(220)   Merge Heap Roots: 0.1ms
[151.931s][info][gc,phases   ] GC(220)   Evacuate Collection Set: 6.2ms
[151.931s][info][gc,phases   ] GC(220)   Post Evacuate Collection Set: 0.4ms
[151.931s][info][gc,phases   ] GC(220)   Other: 0.2ms
[151.931s][info][gc,heap     ] GC(220) Eden regions: 109->0(106)
[151.931s][info][gc,heap     ] GC(220) Survivor regions: 9->9(15)
[151.931s][info][gc,heap     ] GC(220) Old regions: 324->327
[151.931s][info][gc,heap     ] GC(220) Archive regions: 2->2
[151.931s][info][gc,heap     ] GC(220) Humongous regions: 7->7
[151.931s][info][gc,metaspace] GC(220) Metaspace: 44365K(45312K)->44365K(45312K) NonClass: 39076K(39680K)->39076K(39680K) Class: 5289K(5632K)->5289K(5632K)
[151.931s][info][gc          ] GC(220) Pause Young (Normal) (G1 Evacuation Pause) 448M->341M(512M) 7.073ms
[151.931s][info][gc,cpu      ] GC(220) User=0.05s Sys=0.00s Real=0.01s
[152.040s][info][gc,marking  ] GC(219) Concurrent Rebuild Remembered Sets 296.963ms
[152.041s][info][gc,start    ] GC(219) Pause Cleanup
[152.041s][info][gc          ] GC(219) Pause Cleanup 362M->362M(512M) 0.276ms
[152.041s][info][gc,cpu      ] GC(219) User=0.00s Sys=0.00s Real=0.00s
[152.041s][info][gc,marking  ] GC(219) Concurrent Cleanup for Next Mark
[152.042s][info][gc,marking  ] GC(219) Concurrent Cleanup for Next Mark 0.810ms
[152.042s][info][gc          ] GC(219) Concurrent Cycle 727.516ms
[152.410s][info][gc,start    ] GC(221) Pause Young (Normal) (G1 Evacuation Pause)
[152.410s][info][gc,task     ] GC(221) Using 8 workers of 8 for evacuation
[152.417s][info][gc,phases   ] GC(221)   Pre Evacuate Collection Set: 0.1ms
[152.417s][info][gc,phases   ] GC(221)   Merge Heap Roots: 0.1ms
[152.417s][info][gc,phases   ] GC(221)   Evacuate Collection Set: 6.1ms
[152.417s][info][gc,phases   ] GC(221)   Post Evacuate Collection Set: 0.3ms
[152.417s][info][gc,phases   ] GC(221)   Other: 0.1ms
[152.417s][info][gc,heap     ] GC(221) Eden regions: 106->0(104)
[152.417s][info][gc,heap     ] GC(221) Survivor regions: 9->9(15)
[152.417s][info][gc,heap     ] GC(221) Old regions: 327->329
[152.417s][info][gc,heap     ] GC(221) Archive regions: 2->2
[152.417s][info][gc,heap     ] GC(221) Humongous regions: 7->7
[152.417s][info][gc,metaspace] GC(221) Metaspace: 44366K(45312K)->44366K(45312K) NonClass: 39077K(39680K)->39077K(39680K) Class: 5289K(5632K)->5289K(5632K)
[152.417s][info][gc          ] GC(221) Pause Young (Normal) (G1 Evacuation Pause) 447M->344M(512M) 6.717ms
[152.417s][info][gc,cpu      ] GC(221) User=0.04s Sys=0.00s Real=0.01s
[153.020s][info][gc,start    ] GC(222) Pause Young (Concurrent Start) (G1 Evacuation Pause)
[153.020s][info][gc,task     ] GC(222) Using 8 workers of 8 for evacuation
[153.028s][info][gc,phases   ] GC(222)   Pre Evacuate Collection Set: 0.2ms
[153.028s][info][gc,phases   ] GC(222)   Merge Heap Roots: 0.1ms
[153.028s][info][gc,phases   ] GC(222)   Evacuate Collection Set: 7.1ms
[153.028s][info][gc,phases   ] GC(222)   Post Evacuate Collection Set: 0.3ms
[153.028s][info][gc,phases   ] GC(222)   Other: 0.2ms
[153.028s][info][gc,heap     ] GC(222) Eden regions: 104->0(103)
[153.028s][info][gc,heap     ] GC(222) Survivor regions: 9->8(15)
[153.028s][info][gc,heap     ] GC(222) Old regions: 329->332
[153.028s][info][gc,heap     ] GC(222) Archive regions: 2->2
[153.028s][info][gc,heap     ] GC(222) Humongous regions: 7->7
[153.028s][info][gc,metaspace] GC(222) Metaspace: 44368K(45312K)->44368K(45312K) NonClass: 39079K(39680K)->39079K(39680K) Class: 5289K(5632K)->5289K(5632K)
[153.028s][info][gc          ] GC(222) Pause Young (Concurrent Start) (G1 Evacuation Pause) 448M->347M(512M) 7.873ms
[153.028s][info][gc,cpu      ] GC(222) User=0.05s Sys=0.00s Real=0.01s
[153.028s][info][gc          ] GC(223) Concurrent Cycle
[153.028s][info][gc,marking  ] GC(223) Concurrent Clear Claimed Marks
[153.028s][info][gc,marking  ] GC(223) Concurrent Clear Claimed Marks 0.053ms
[153.028s][info][gc,marking  ] GC(223) Concurrent Scan Root Regions
[153.035s][info][gc,marking  ] GC(223) Concurrent Scan Root Regions 6.820ms
[153.035s][info][gc,marking  ] GC(223) Concurrent Mark (153.035s)
[153.035s][info][gc,marking  ] GC(223) Concurrent Mark From Roots
[153.035s][info][gc,task     ] GC(223) Using 2 workers of 2 for marking
[153.529s][info][gc,marking  ] GC(223) Concurrent Mark From Roots 493.846ms
[153.529s][info][gc,marking  ] GC(223) Concurrent Preclean
[153.529s][info][gc,marking  ] GC(223) Concurrent Preclean 0.064ms
[153.529s][info][gc,marking  ] GC(223) Concurrent Mark (153.035s, 153.529s) 493.960ms
[153.529s][info][gc,start    ] GC(223) Pause Remark
[153.531s][info][gc          ] GC(223) Pause Remark 439M->439M(512M) 1.631ms
[153.531s][info][gc,cpu      ] GC(223) User=0.01s Sys=0.00s Real=0.00s
[153.531s][info][gc,marking  ] GC(223) Concurrent Rebuild Remembered Sets
[153.583s][info][gc,start    ] GC(224) Pause Young (Normal) (G1 Evacuation Pause)
[153.583s][info][gc,task     ] GC(224) Using 8 workers of 8 for evacuation
[153.590s][info][gc,phases   ] GC(224)   Pre Evacuate Collection Set: 0.1ms
[153.590s][info][gc,phases   ] GC(224)   Merge Heap Roots: 0.1ms
[153.590s][info][gc,phases   ] GC(224)   Evacuate Collection Set: 6.0ms
[153.590s][info][gc,phases   ] GC(224)   Post Evacuate Collection Set: 0.3ms
[153.590s][info][gc,phases   ] GC(224)   Other: 0.2ms
[153.590s][info][gc,heap     ] GC(224) Eden regions: 103->0(100)
[153.590s][info][gc,heap     ] GC(224) Survivor regions: 8->8(14)
[153.590s][info][gc,heap     ] GC(224) Old regions: 332->335
[153.590s][info][gc,heap     ] GC(224) Archive regions: 2->2
[153.590s][info][gc,heap     ] GC(224) Humongous regions: 7->7
[153.590s][info][gc,metaspace] GC(224) Metaspace: 44368K(45312K)->44368K(45312K) NonClass: 39079K(39680K)->39079K(39680K) Class: 5289K(5632K)->5289K(5632K)
[153.590s][info][gc          ] GC(224) Pause Young (Normal) (G1 Evacuation Pause) 450M->349M(512M) 6.673ms
[153.590s][info][gc,cpu      ] GC(224) User=0.05s Sys=0.00s Real=0.01s
[153.852s][info][gc,marking  ] GC(223) Concurrent Rebuild Remembered Sets 320.425ms
[153.852s][info][gc,start    ] GC(223) Pause Cleanup
[153.852s][info][gc          ] GC(223) Pause Cleanup 403M->403M(512M) 0.202ms
[153.852s][info][gc,cpu      ] GC(223) User=0.00s Sys=0.00s Real=0.00s
[153.852s][info][gc,marking  ] GC(223) Concurrent Cleanup for Next Mark
[153.853s][info][gc,marking  ] GC(223) Concurrent Cleanup for Next Mark 0.744ms
[153.853s][info][gc          ] GC(223) Concurrent Cycle 824.890ms
[154.078s][info][gc,start    ] GC(225) Pause Young (Normal) (G1 Evacuation Pause)
[154.078s][info][gc,task     ] GC(225) Using 8 workers of 8 for evacuation
[154.085s][info][gc,phases   ] GC(225)   Pre Evacuate Collection Set: 0.1ms
[154.085s][info][gc,phases   ] GC(225)   Merge Heap Roots: 0.1ms
[154.085s][info][gc,phases   ] GC(225)   Evacuate Collection Set: 6.0ms
[154.085s][info][gc,phases   ] GC(225)   Post Evacuate Collection Set: 0.3ms
[154.085s][info][gc,phases   ] GC(225)   Other: 0.2ms
[154.085s][info][gc,heap     ] GC(225) Eden regions: 100->0(97)
[154.085s][info][gc,heap     ] GC(225) Survivor regions: 8->8(14)
[154.085s][info][gc,heap     ] GC(225) Old regions: 335->338
[154.085s][info][gc,heap     ] GC(225) Archive regions: 2->2
[154.085s][info][gc,heap     ] GC(225) Humongous regions: 7->7
[154.085s][info][gc,metaspace] GC(225) Metaspace: 44368K(45312K)->44368K(45312K) NonClass: 39079K(39680K)->39079K(39680K) Class: 5289K(5632K)->5289K(5632K)
[154.085s][info][gc          ] GC(225) Pause Young (Normal) (G1 Evacuation Pause) 449M->352M(512M) 6.686ms
[154.085s][info][gc,cpu      ] GC(225) User=0.04s Sys=0.00s Real=0.00s
[154.539s][info][gc,start    ] GC(226) Pause Young (Concurrent Start) (G1 Evacuation Pause)
[154.539s][info][gc,task     ] GC(226) Using 8 workers of 8 for evacuation
[154.545s][info][gc,phases   ] GC(226)   Pre Evacuate Collection Set: 0.1ms
[154.545s][info][gc,phases   ] GC(226)   Merge Heap Roots: 0.1ms
[154.545s][info][gc,phases   ] GC(226)   Evacuate Collection Set: 5.8ms
[154.545s][info][gc,phases   ] GC(226)   Post Evacuate Collection Set: 0.3ms
[154.545s][info][gc,phases   ] GC(226)   Other: 0.2ms
[154.545s][info][gc,heap     ] GC(226) Eden regions: 97->0(95)
[154.545s][info][gc,heap     ] GC(226) Survivor regions: 8->8(14)
[154.545s][info][gc,heap     ] GC(226) Old regions: 338->340
[154.545s][info][gc,heap     ] GC(226) Archive regions: 2->2
[154.545s][info][gc,heap     ] GC(226) Humongous regions: 7->7
[154.545s][info][gc,metaspace] GC(226) Metaspace: 44368K(45312K)->44368K(45312K) NonClass: 39079K(39680K)->39079K(39680K) Class: 5289K(5632K)->5289K(5632K)
[154.545s][info][gc          ] GC(226) Pause Young (Concurrent Start) (G1 Evacuation Pause) 449M->355M(512M) 6.476ms
[154.545s][info][gc,cpu      ] GC(226) User=0.04s Sys=0.00s Real=0.00s
[154.545s][info][gc          ] GC(227) Concurrent Cycle
[154.545s][info][gc,marking  ] GC(227) Concurrent Clear Claimed Marks
[154.545s][info][gc,marking  ] GC(227) Concurrent Clear Claimed Marks 0.047ms
[154.545s][info][gc,marking  ] GC(227) Concurrent Scan Root Regions
[154.553s][info][gc,marking  ] GC(227) Concurrent Scan Root Regions 7.055ms
[154.553s][info][gc,marking  ] GC(227) Concurrent Mark (154.553s)
[154.553s][info][gc,marking  ] GC(227) Concurrent Mark From Roots
[154.553s][info][gc,task     ] GC(227) Using 2 workers of 2 for marking
[155.067s][info][gc,start    ] GC(228) Pause Young (Normal) (G1 Evacuation Pause)
[155.067s][info][gc,task     ] GC(228) Using 8 workers of 8 for evacuation
[155.075s][info][gc,phases   ] GC(228)   Pre Evacuate Collection Set: 0.1ms
[155.075s][info][gc,phases   ] GC(228)   Merge Heap Roots: 0.1ms
[155.075s][info][gc,phases   ] GC(228)   Evacuate Collection Set: 6.6ms
[155.075s][info][gc,phases   ] GC(228)   Post Evacuate Collection Set: 0.2ms
[155.075s][info][gc,phases   ] GC(228)   Other: 0.2ms
[155.075s][info][gc,heap     ] GC(228) Eden regions: 95->0(92)
[155.075s][info][gc,heap     ] GC(228) Survivor regions: 8->8(13)
[155.075s][info][gc,heap     ] GC(228) Old regions: 340->343
[155.075s][info][gc,heap     ] GC(228) Archive regions: 2->2
[155.075s][info][gc,heap     ] GC(228) Humongous regions: 7->7
[155.075s][info][gc,metaspace] GC(228) Metaspace: 44369K(45312K)->44369K(45312K) NonClass: 39080K(39680K)->39080K(39680K) Class: 5289K(5632K)->5289K(5632K)
[155.075s][info][gc          ] GC(228) Pause Young (Normal) (G1 Evacuation Pause) 450M->356M(512M) 7.279ms
[155.075s][info][gc,cpu      ] GC(228) User=0.04s Sys=0.00s Real=0.00s
[155.165s][info][gc,marking  ] GC(227) Concurrent Mark From Roots 612.734ms
[155.165s][info][gc,marking  ] GC(227) Concurrent Preclean
[155.165s][info][gc,marking  ] GC(227) Concurrent Preclean 0.060ms
[155.165s][info][gc,marking  ] GC(227) Concurrent Mark (154.553s, 155.165s) 612.848ms
[155.166s][info][gc,start    ] GC(227) Pause Remark
[155.167s][info][gc          ] GC(227) Pause Remark 373M->373M(512M) 1.712ms
[155.167s][info][gc,cpu      ] GC(227) User=0.01s Sys=0.00s Real=0.00s
[155.167s][info][gc,marking  ] GC(227) Concurrent Rebuild Remembered Sets
[155.493s][info][gc,marking  ] GC(227) Concurrent Rebuild Remembered Sets 325.692ms
[155.493s][info][gc,start    ] GC(227) Pause Cleanup
[155.493s][info][gc          ] GC(227) Pause Cleanup 436M->436M(512M) 0.207ms
[155.493s][info][gc,cpu      ] GC(227) User=0.00s Sys=0.00s Real=0.00s
[155.493s][info][gc,marking  ] GC(227) Concurrent Cleanup for Next Mark
[155.494s][info][gc,marking  ] GC(227) Concurrent Cleanup for Next Mark 0.965ms
[155.494s][info][gc          ] GC(227) Concurrent Cycle 949.104ms
[155.548s][info][gc,start    ] GC(229) Pause Young (Normal) (G1 Evacuation Pause)
[155.548s][info][gc,task     ] GC(229) Using 8 workers of 8 for evacuation
[155.554s][info][gc,phases   ] GC(229)   Pre Evacuate Collection Set: 0.1ms
[155.554s][info][gc,phases   ] GC(229)   Merge Heap Roots: 0.0ms
[155.554s][info][gc,phases   ] GC(229)   Evacuate Collection Set: 5.2ms
[155.554s][info][gc,phases   ] GC(229)   Post Evacuate Collection Set: 0.3ms
[155.554s][info][gc,phases   ] GC(229)   Other: 0.2ms
[155.554s][info][gc,heap     ] GC(229) Eden regions: 92->0(90)
[155.554s][info][gc,heap     ] GC(229) Survivor regions: 8->8(13)
[155.554s][info][gc,heap     ] GC(229) Old regions: 343->345
[155.554s][info][gc,heap     ] GC(229) Archive regions: 2->2
[155.554s][info][gc,heap     ] GC(229) Humongous regions: 7->7
[155.554s][info][gc,metaspace] GC(229) Metaspace: 44369K(45312K)->44369K(45312K) NonClass: 39080K(39680K)->39080K(39680K) Class: 5289K(5632K)->5289K(5632K)
[155.554s][info][gc          ] GC(229) Pause Young (Normal) (G1 Evacuation Pause) 448M->359M(512M) 6.002ms
[155.554s][info][gc,cpu      ] GC(229) User=0.04s Sys=0.00s Real=0.00s
[156.031s][info][gc,start    ] GC(230) Pause Young (Concurrent Start) (G1 Evacuation Pause)
[156.031s][info][gc,task     ] GC(230) Using 8 workers of 8 for evacuation
[156.038s][info][gc,phases   ] GC(230)   Pre Evacuate Collection Set: 0.1ms
[156.038s][info][gc,phases   ] GC(230)   Merge Heap Roots: 0.0ms
[156.038s][info][gc,phases   ] GC(230)   Evacuate Collection Set: 6.4ms
[156.038s][info][gc,phases   ] GC(230)   Post Evacuate Collection Set: 0.3ms
[156.038s][info][gc,phases   ] GC(230)   Other: 0.2ms
[156.038s][info][gc,heap     ] GC(230) Eden regions: 90->0(87)
[156.038s][info][gc,heap     ] GC(230) Survivor regions: 8->8(13)
[156.038s][info][gc,heap     ] GC(230) Old regions: 345->348
[156.038s][info][gc,heap     ] GC(230) Archive regions: 2->2
[156.038s][info][gc,heap     ] GC(230) Humongous regions: 7->7
[156.038s][info][gc,metaspace] GC(230) Metaspace: 44369K(45312K)->44369K(45312K) NonClass: 39080K(39680K)->39080K(39680K) Class: 5289K(5632K)->5289K(5632K)
[156.038s][info][gc          ] GC(230) Pause Young (Concurrent Start) (G1 Evacuation Pause) 449M->362M(512M) 7.177ms
[156.038s][info][gc,cpu      ] GC(230) User=0.04s Sys=0.00s Real=0.01s
[156.038s][info][gc          ] GC(231) Concurrent Cycle
[156.038s][info][gc,marking  ] GC(231) Concurrent Clear Claimed Marks
[156.038s][info][gc,marking  ] GC(231) Concurrent Clear Claimed Marks 0.046ms
[156.038s][info][gc,marking  ] GC(231) Concurrent Scan Root Regions
[156.045s][info][gc,marking  ] GC(231) Concurrent Scan Root Regions 6.816ms
[156.045s][info][gc,marking  ] GC(231) Concurrent Mark (156.045s)
[156.045s][info][gc,marking  ] GC(231) Concurrent Mark From Roots
[156.045s][info][gc,task     ] GC(231) Using 2 workers of 2 for marking
[156.523s][info][gc,marking  ] GC(231) Concurrent Mark From Roots 477.994ms
[156.523s][info][gc,marking  ] GC(231) Concurrent Preclean
[156.523s][info][gc,marking  ] GC(231) Concurrent Preclean 0.334ms
[156.523s][info][gc,marking  ] GC(231) Concurrent Mark (156.045s, 156.523s) 478.397ms
[156.523s][info][gc,start    ] GC(231) Pause Remark
[156.528s][info][gc          ] GC(231) Pause Remark 417M->417M(512M) 4.313ms
[156.528s][info][gc,cpu      ] GC(231) User=0.02s Sys=0.00s Real=0.01s
[156.528s][info][gc,marking  ] GC(231) Concurrent Rebuild Remembered Sets
[156.716s][info][gc,start    ] GC(232) Pause Young (Normal) (G1 Evacuation Pause)
[156.716s][info][gc,task     ] GC(232) Using 8 workers of 8 for evacuation
[156.723s][info][gc,phases   ] GC(232)   Pre Evacuate Collection Set: 0.1ms
[156.723s][info][gc,phases   ] GC(232)   Merge Heap Roots: 0.1ms
[156.723s][info][gc,phases   ] GC(232)   Evacuate Collection Set: 6.0ms
[156.723s][info][gc,phases   ] GC(232)   Post Evacuate Collection Set: 0.3ms
[156.723s][info][gc,phases   ] GC(232)   Other: 0.1ms
[156.723s][info][gc,heap     ] GC(232) Eden regions: 87->0(85)
[156.723s][info][gc,heap     ] GC(232) Survivor regions: 8->8(12)
[156.723s][info][gc,heap     ] GC(232) Old regions: 348->350
[156.723s][info][gc,heap     ] GC(232) Archive regions: 2->2
[156.723s][info][gc,heap     ] GC(232) Humongous regions: 7->7
[156.723s][info][gc,metaspace] GC(232) Metaspace: 44082K(45312K)->44082K(45312K) NonClass: 38843K(39680K)->38843K(39680K) Class: 5239K(5632K)->5239K(5632K)
[156.723s][info][gc          ] GC(232) Pause Young (Normal) (G1 Evacuation Pause) 449M->364M(512M) 6.657ms
[156.723s][info][gc,cpu      ] GC(232) User=0.05s Sys=0.00s Real=0.00s
[156.979s][info][gc,marking  ] GC(231) Concurrent Rebuild Remembered Sets 450.957ms
[156.979s][info][gc,start    ] GC(231) Pause Cleanup
[156.979s][info][gc          ] GC(231) Pause Cleanup 419M->419M(512M) 0.253ms
[156.979s][info][gc,cpu      ] GC(231) User=0.00s Sys=0.00s Real=0.00s
[156.979s][info][gc,marking  ] GC(231) Concurrent Cleanup for Next Mark
[156.980s][info][gc,marking  ] GC(231) Concurrent Cleanup for Next Mark 0.764ms
[156.980s][info][gc          ] GC(231) Concurrent Cycle 942.152ms
[157.110s][info][gc,start    ] GC(233) Pause Young (Normal) (G1 Evacuation Pause)
[157.110s][info][gc,task     ] GC(233) Using 8 workers of 8 for evacuation
[157.116s][info][gc,phases   ] GC(233)   Pre Evacuate Collection Set: 0.1ms
[157.116s][info][gc,phases   ] GC(233)   Merge Heap Roots: 0.1ms
[157.116s][info][gc,phases   ] GC(233)   Evacuate Collection Set: 5.4ms
[157.116s][info][gc,phases   ] GC(233)   Post Evacuate Collection Set: 0.3ms
[157.116s][info][gc,phases   ] GC(233)   Other: 0.1ms
[157.116s][info][gc,heap     ] GC(233) Eden regions: 85->0(84)
[157.116s][info][gc,heap     ] GC(233) Survivor regions: 8->7(12)
[157.116s][info][gc,heap     ] GC(233) Old regions: 350->353
[157.116s][info][gc,heap     ] GC(233) Archive regions: 2->2
[157.116s][info][gc,heap     ] GC(233) Humongous regions: 7->7
[157.116s][info][gc,metaspace] GC(233) Metaspace: 44083K(45312K)->44083K(45312K) NonClass: 38844K(39680K)->38844K(39680K) Class: 5239K(5632K)->5239K(5632K)
[157.116s][info][gc          ] GC(233) Pause Young (Normal) (G1 Evacuation Pause) 449M->366M(512M) 6.056ms
[157.116s][info][gc,cpu      ] GC(233) User=0.05s Sys=0.00s Real=0.01s
[157.465s][info][gc,start    ] GC(234) Pause Young (Concurrent Start) (G1 Evacuation Pause)
[157.465s][info][gc,task     ] GC(234) Using 8 workers of 8 for evacuation
[157.471s][info][gc,phases   ] GC(234)   Pre Evacuate Collection Set: 0.1ms
[157.471s][info][gc,phases   ] GC(234)   Merge Heap Roots: 0.0ms
[157.471s][info][gc,phases   ] GC(234)   Evacuate Collection Set: 5.2ms
[157.471s][info][gc,phases   ] GC(234)   Post Evacuate Collection Set: 0.3ms
[157.471s][info][gc,phases   ] GC(234)   Other: 0.2ms
[157.471s][info][gc,heap     ] GC(234) Eden regions: 84->0(82)
[157.471s][info][gc,heap     ] GC(234) Survivor regions: 7->7(12)
[157.471s][info][gc,heap     ] GC(234) Old regions: 353->355
[157.471s][info][gc,heap     ] GC(234) Archive regions: 2->2
[157.471s][info][gc,heap     ] GC(234) Humongous regions: 7->7
[157.471s][info][gc,metaspace] GC(234) Metaspace: 44083K(45312K)->44083K(45312K) NonClass: 38844K(39680K)->38844K(39680K) Class: 5239K(5632K)->5239K(5632K)
[157.471s][info][gc          ] GC(234) Pause Young (Concurrent Start) (G1 Evacuation Pause) 450M->368M(512M) 5.994ms
[157.471s][info][gc,cpu      ] GC(234) User=0.04s Sys=0.00s Real=0.01s
[157.471s][info][gc          ] GC(235) Concurrent Cycle
[157.471s][info][gc,marking  ] GC(235) Concurrent Clear Claimed Marks
[157.471s][info][gc,marking  ] GC(235) Concurrent Clear Claimed Marks 0.037ms
[157.471s][info][gc,marking  ] GC(235) Concurrent Scan Root Regions
[157.476s][info][gc,marking  ] GC(235) Concurrent Scan Root Regions 4.970ms
[157.476s][info][gc,marking  ] GC(235) Concurrent Mark (157.476s)
[157.476s][info][gc,marking  ] GC(235) Concurrent Mark From Roots
[157.476s][info][gc,task     ] GC(235) Using 2 workers of 2 for marking
[157.940s][info][gc,start    ] GC(236) Pause Young (Normal) (G1 Evacuation Pause)
[157.940s][info][gc,task     ] GC(236) Using 8 workers of 8 for evacuation
[157.945s][info][gc,phases   ] GC(236)   Pre Evacuate Collection Set: 0.1ms
[157.945s][info][gc,phases   ] GC(236)   Merge Heap Roots: 0.0ms
[157.945s][info][gc,phases   ] GC(236)   Evacuate Collection Set: 4.9ms
[157.945s][info][gc,phases   ] GC(236)   Post Evacuate Collection Set: 0.3ms
[157.945s][info][gc,phases   ] GC(236)   Other: 0.1ms
[157.945s][info][gc,heap     ] GC(236) Eden regions: 82->0(80)
[157.945s][info][gc,heap     ] GC(236) Survivor regions: 7->7(12)
[157.945s][info][gc,heap     ] GC(236) Old regions: 355->357
[157.945s][info][gc,heap     ] GC(236) Archive regions: 2->2
[157.945s][info][gc,heap     ] GC(236) Humongous regions: 7->7
[157.945s][info][gc,metaspace] GC(236) Metaspace: 44083K(45312K)->44083K(45312K) NonClass: 38844K(39680K)->38844K(39680K) Class: 5239K(5632K)->5239K(5632K)
[157.945s][info][gc          ] GC(236) Pause Young (Normal) (G1 Evacuation Pause) 450M->370M(512M) 5.637ms
[157.945s][info][gc,cpu      ] GC(236) User=0.04s Sys=0.00s Real=0.00s
[158.002s][info][gc,marking  ] GC(235) Concurrent Mark From Roots 526.356ms
[158.002s][info][gc,marking  ] GC(235) Concurrent Preclean
[158.003s][info][gc,marking  ] GC(235) Concurrent Preclean 0.109ms
[158.003s][info][gc,marking  ] GC(235) Concurrent Mark (157.476s, 158.003s) 526.538ms
[158.003s][info][gc,start    ] GC(235) Pause Remark
[158.005s][info][gc          ] GC(235) Pause Remark 381M->381M(512M) 2.082ms
[158.005s][info][gc,cpu      ] GC(235) User=0.01s Sys=0.00s Real=0.00s
[158.005s][info][gc,marking  ] GC(235) Concurrent Rebuild Remembered Sets
[158.220s][info][gc,start    ] GC(237) Pause Young (Normal) (G1 Humongous Allocation)
[158.220s][info][gc,task     ] GC(237) Using 8 workers of 8 for evacuation
[158.225s][info][gc,phases   ] GC(237)   Pre Evacuate Collection Set: 0.1ms
[158.225s][info][gc,phases   ] GC(237)   Merge Heap Roots: 0.1ms
[158.225s][info][gc,phases   ] GC(237)   Evacuate Collection Set: 4.2ms
[158.225s][info][gc,phases   ] GC(237)   Post Evacuate Collection Set: 0.3ms
[158.225s][info][gc,phases   ] GC(237)   Other: 0.2ms
[158.225s][info][gc,heap     ] GC(237) Eden regions: 51->0(19)
[158.225s][info][gc,heap     ] GC(237) Survivor regions: 7->6(11)
[158.225s][info][gc,heap     ] GC(237) Old regions: 357->359
[158.225s][info][gc,heap     ] GC(237) Archive regions: 2->2
[158.225s][info][gc,heap     ] GC(237) Humongous regions: 73->73
[158.225s][info][gc,metaspace] GC(237) Metaspace: 44083K(45312K)->44083K(45312K) NonClass: 38844K(39680K)->38844K(39680K) Class: 5239K(5632K)->5239K(5632K)
[158.225s][info][gc          ] GC(237) Pause Young (Normal) (G1 Humongous Allocation) 487M->437M(512M) 4.897ms
[158.225s][info][gc,cpu      ] GC(237) User=0.03s Sys=0.00s Real=0.00s
[158.242s][info][gc,start    ] GC(238) Pause Young (Normal) (G1 Humongous Allocation)
[158.242s][info][gc,task     ] GC(238) Using 8 workers of 8 for evacuation
[158.280s][info][gc,phases   ] GC(238)   Pre Evacuate Collection Set: 0.1ms
[158.280s][info][gc,phases   ] GC(238)   Merge Heap Roots: 0.6ms
[158.280s][info][gc,phases   ] GC(238)   Evacuate Collection Set: 37.1ms
[158.280s][info][gc,phases   ] GC(238)   Post Evacuate Collection Set: 0.4ms
[158.280s][info][gc,phases   ] GC(238)   Other: 0.1ms
[158.280s][info][gc,heap     ] GC(238) Eden regions: 1->0(23)
[158.280s][info][gc,heap     ] GC(238) Survivor regions: 6->2(4)
[158.280s][info][gc,heap     ] GC(238) Old regions: 359->363
[158.280s][info][gc,heap     ] GC(238) Archive regions: 2->2
[158.280s][info][gc,heap     ] GC(238) Humongous regions: 128->128
[158.280s][info][gc,metaspace] GC(238) Metaspace: 44083K(45312K)->44083K(45312K) NonClass: 38844K(39680K)->38844K(39680K) Class: 5239K(5632K)->5239K(5632K)
[158.280s][info][gc          ] GC(238) Pause Young (Normal) (G1 Humongous Allocation) 493M->493M(512M) 38.397ms
[158.280s][info][gc,cpu      ] GC(238) User=0.28s Sys=0.00s Real=0.04s
[158.280s][info][gc,task     ] GC(239) Using 8 workers of 8 for full compaction
[158.280s][info][gc,start    ] GC(239) Pause Full (G1 Humongous Allocation)
[158.281s][info][gc,phases,start] GC(239) Phase 1: Mark live objects
[158.430s][info][gc,phases      ] GC(239) Phase 1: Mark live objects 149.575ms
[158.430s][info][gc,phases,start] GC(239) Phase 2: Prepare for compaction
[158.460s][info][gc,phases      ] GC(239) Phase 2: Prepare for compaction 29.959ms
[158.460s][info][gc,phases,start] GC(239) Phase 3: Adjust pointers
[158.522s][info][gc,phases      ] GC(239) Phase 3: Adjust pointers 61.322ms
[158.522s][info][gc,phases,start] GC(239) Phase 4: Compact heap
[158.568s][info][gc,phases      ] GC(239) Phase 4: Compact heap 46.343ms
[158.572s][info][gc,heap        ] GC(239) Eden regions: 0->0(98)
[158.572s][info][gc,heap        ] GC(239) Survivor regions: 2->0(4)
[158.572s][info][gc,heap        ] GC(239) Old regions: 363->335
[158.572s][info][gc,heap        ] GC(239) Archive regions: 2->2
[158.572s][info][gc,heap        ] GC(239) Humongous regions: 128->18
[158.572s][info][gc,metaspace   ] GC(239) Metaspace: 44083K(45312K)->44083K(45312K) NonClass: 38844K(39680K)->38844K(39680K) Class: 5239K(5632K)->5239K(5632K)
[158.572s][info][gc             ] GC(239) Pause Full (G1 Humongous Allocation) 493M->351M(512M) 291.735ms
[158.572s][info][gc,cpu         ] GC(239) User=2.05s Sys=0.01s Real=0.29s
[158.572s][info][gc,marking     ] GC(235) Concurrent Rebuild Remembered Sets 567.303ms
[158.572s][info][gc,marking     ] GC(235) Concurrent Mark Abort
[158.572s][info][gc             ] GC(235) Concurrent Cycle 1101.495ms
[158.984s][info][gc,start       ] GC(240) Pause Young (Normal) (G1 Evacuation Pause)
[158.984s][info][gc,task        ] GC(240) Using 8 workers of 8 for evacuation
[158.987s][info][gc,phases      ] GC(240)   Pre Evacuate Collection Set: 0.1ms
[158.987s][info][gc,phases      ] GC(240)   Merge Heap Roots: 0.1ms
[158.987s][info][gc,phases      ] GC(240)   Evacuate Collection Set: 2.3ms
[158.987s][info][gc,phases      ] GC(240)   Post Evacuate Collection Set: 0.2ms
[158.987s][info][gc,phases      ] GC(240)   Other: 0.1ms
[158.987s][info][gc,heap        ] GC(240) Eden regions: 98->0(75)
[158.987s][info][gc,heap        ] GC(240) Survivor regions: 0->3(13)
[158.987s][info][gc,heap        ] GC(240) Old regions: 335->335
[158.987s][info][gc,heap        ] GC(240) Archive regions: 2->2
[158.987s][info][gc,heap        ] GC(240) Humongous regions: 40->40
[158.987s][info][gc,metaspace   ] GC(240) Metaspace: 44083K(45312K)->44083K(45312K) NonClass: 38844K(39680K)->38844K(39680K) Class: 5239K(5632K)->5239K(5632K)
[158.987s][info][gc             ] GC(240) Pause Young (Normal) (G1 Evacuation Pause) 471M->375M(512M) 2.894ms
[158.987s][info][gc,cpu         ] GC(240) User=0.02s Sys=0.00s Real=0.01s
[159.313s][info][gc,start       ] GC(241) Pause Young (Concurrent Start) (G1 Evacuation Pause)
[159.313s][info][gc,task        ] GC(241) Using 8 workers of 8 for evacuation
[159.317s][info][gc,phases      ] GC(241)   Pre Evacuate Collection Set: 0.1ms
[159.317s][info][gc,phases      ] GC(241)   Merge Heap Roots: 0.1ms
[159.317s][info][gc,phases      ] GC(241)   Evacuate Collection Set: 3.0ms
[159.317s][info][gc,phases      ] GC(241)   Post Evacuate Collection Set: 0.3ms
[159.317s][info][gc,phases      ] GC(241)   Other: 0.2ms
[159.317s][info][gc,heap        ] GC(241) Eden regions: 75->0(73)
[159.317s][info][gc,heap        ] GC(241) Survivor regions: 3->5(10)
[159.317s][info][gc,heap        ] GC(241) Old regions: 335->335
[159.317s][info][gc,heap        ] GC(241) Archive regions: 2->2
[159.317s][info][gc,heap        ] GC(241) Humongous regions: 40->40
[159.317s][info][gc,metaspace   ] GC(241) Metaspace: 44084K(45312K)->44084K(45312K) NonClass: 38845K(39680K)->38845K(39680K) Class: 5239K(5632K)->5239K(5632K)
[159.317s][info][gc             ] GC(241) Pause Young (Concurrent Start) (G1 Evacuation Pause) 450M->377M(512M) 3.743ms
[159.317s][info][gc,cpu         ] GC(241) User=0.01s Sys=0.00s Real=0.01s
[159.317s][info][gc             ] GC(242) Concurrent Cycle
[159.317s][info][gc,marking     ] GC(242) Concurrent Clear Claimed Marks
[159.317s][info][gc,marking     ] GC(242) Concurrent Clear Claimed Marks 0.032ms
[159.317s][info][gc,marking     ] GC(242) Concurrent Scan Root Regions
[159.320s][info][gc,marking     ] GC(242) Concurrent Scan Root Regions 3.183ms
[159.320s][info][gc,marking     ] GC(242) Concurrent Mark (159.320s)
[159.321s][info][gc,marking     ] GC(242) Concurrent Mark From Roots
[159.321s][info][gc,task        ] GC(242) Using 2 workers of 2 for marking
[159.732s][info][gc,start       ] GC(243) Pause Young (Normal) (G1 Evacuation Pause)
[159.732s][info][gc,task        ] GC(243) Using 8 workers of 8 for evacuation
[159.736s][info][gc,phases      ] GC(243)   Pre Evacuate Collection Set: 0.1ms
[159.736s][info][gc,phases      ] GC(243)   Merge Heap Roots: 0.0ms
[159.736s][info][gc,phases      ] GC(243)   Evacuate Collection Set: 3.6ms
[159.736s][info][gc,phases      ] GC(243)   Post Evacuate Collection Set: 0.3ms
[159.736s][info][gc,phases      ] GC(243)   Other: 0.1ms
[159.736s][info][gc,heap        ] GC(243) Eden regions: 73->0(69)
[159.736s][info][gc,heap        ] GC(243) Survivor regions: 5->7(10)
[159.736s][info][gc,heap        ] GC(243) Old regions: 335->335
[159.736s][info][gc,heap        ] GC(243) Archive regions: 2->2
[159.736s][info][gc,heap        ] GC(243) Humongous regions: 40->40
[159.736s][info][gc,metaspace   ] GC(243) Metaspace: 44084K(45312K)->44084K(45312K) NonClass: 38845K(39680K)->38845K(39680K) Class: 5239K(5632K)->5239K(5632K)
[159.736s][info][gc             ] GC(243) Pause Young (Normal) (G1 Evacuation Pause) 450M->379M(512M) 4.174ms
[159.736s][info][gc,cpu         ] GC(243) User=0.03s Sys=0.00s Real=0.01s
[159.827s][info][gc,marking     ] GC(242) Concurrent Mark From Roots 506.549ms
[159.827s][info][gc,marking     ] GC(242) Concurrent Preclean
[159.827s][info][gc,marking     ] GC(242) Concurrent Preclean 0.115ms
[159.827s][info][gc,marking     ] GC(242) Concurrent Mark (159.320s, 159.827s) 506.736ms
[159.827s][info][gc,start       ] GC(242) Pause Remark
[159.829s][info][gc             ] GC(242) Pause Remark 395M->366M(512M) 1.625ms
[159.829s][info][gc,cpu         ] GC(242) User=0.01s Sys=0.00s Real=0.00s
[159.829s][info][gc,marking     ] GC(242) Concurrent Rebuild Remembered Sets
[160.104s][info][gc,start       ] GC(244) Pause Young (Normal) (G1 Evacuation Pause)
[160.104s][info][gc,task        ] GC(244) Using 8 workers of 8 for evacuation
[160.109s][info][gc,phases      ] GC(244)   Pre Evacuate Collection Set: 0.1ms
[160.110s][info][gc,phases      ] GC(244)   Merge Heap Roots: 0.0ms
[160.110s][info][gc,phases      ] GC(244)   Evacuate Collection Set: 4.9ms
[160.110s][info][gc,phases      ] GC(244)   Post Evacuate Collection Set: 0.3ms
[160.110s][info][gc,phases      ] GC(244)   Other: 0.2ms
[160.110s][info][gc,heap        ] GC(244) Eden regions: 69->0(96)
[160.110s][info][gc,heap        ] GC(244) Survivor regions: 7->6(10)
[160.110s][info][gc,heap        ] GC(244) Old regions: 335->338
[160.110s][info][gc,heap        ] GC(244) Archive regions: 2->2
[160.110s][info][gc,heap        ] GC(244) Humongous regions: 11->11
[160.110s][info][gc,metaspace   ] GC(244) Metaspace: 44084K(45312K)->44084K(45312K) NonClass: 38845K(39680K)->38845K(39680K) Class: 5239K(5632K)->5239K(5632K)
[160.110s][info][gc             ] GC(244) Pause Young (Normal) (G1 Evacuation Pause) 419M->352M(512M) 5.664ms
[160.110s][info][gc,cpu         ] GC(244) User=0.03s Sys=0.00s Real=0.01s
[160.183s][info][gc,marking     ] GC(242) Concurrent Rebuild Remembered Sets 353.626ms
[160.183s][info][gc,start       ] GC(242) Pause Cleanup
[160.183s][info][gc             ] GC(242) Pause Cleanup 368M->368M(512M) 0.185ms
[160.183s][info][gc,cpu         ] GC(242) User=0.00s Sys=0.00s Real=0.00s
[160.183s][info][gc,marking     ] GC(242) Concurrent Cleanup for Next Mark
[160.184s][info][gc,marking     ] GC(242) Concurrent Cleanup for Next Mark 0.760ms
[160.184s][info][gc             ] GC(242) Concurrent Cycle 866.739ms
[160.677s][info][gc,start       ] GC(245) Pause Young (Normal) (G1 Evacuation Pause)
[160.677s][info][gc,task        ] GC(245) Using 8 workers of 8 for evacuation
[160.683s][info][gc,phases      ] GC(245)   Pre Evacuate Collection Set: 0.1ms
[160.683s][info][gc,phases      ] GC(245)   Merge Heap Roots: 0.1ms
[160.683s][info][gc,phases      ] GC(245)   Evacuate Collection Set: 5.4ms
[160.683s][info][gc,phases      ] GC(245)   Post Evacuate Collection Set: 0.4ms
[160.683s][info][gc,phases      ] GC(245)   Other: 0.2ms
[160.683s][info][gc,heap        ] GC(245) Eden regions: 96->0(93)
[160.683s][info][gc,heap        ] GC(245) Survivor regions: 6->8(13)
[160.683s][info][gc,heap        ] GC(245) Old regions: 338->338
[160.683s][info][gc,heap        ] GC(245) Archive regions: 2->2
[160.683s][info][gc,heap        ] GC(245) Humongous regions: 11->11
[160.683s][info][gc,metaspace   ] GC(245) Metaspace: 44084K(45312K)->44084K(45312K) NonClass: 38845K(39680K)->38845K(39680K) Class: 5239K(5632K)->5239K(5632K)
[160.683s][info][gc             ] GC(245) Pause Young (Normal) (G1 Evacuation Pause) 448M->354M(512M) 6.373ms
[160.683s][info][gc,cpu         ] GC(245) User=0.04s Sys=0.01s Real=0.00s
[161.207s][info][gc,start       ] GC(246) Pause Young (Concurrent Start) (G1 Evacuation Pause)
[161.207s][info][gc,task        ] GC(246) Using 8 workers of 8 for evacuation
[161.214s][info][gc,phases      ] GC(246)   Pre Evacuate Collection Set: 0.1ms
[161.214s][info][gc,phases      ] GC(246)   Merge Heap Roots: 0.0ms
[161.214s][info][gc,phases      ] GC(246)   Evacuate Collection Set: 5.7ms
[161.214s][info][gc,phases      ] GC(246)   Post Evacuate Collection Set: 0.3ms
[161.214s][info][gc,phases      ] GC(246)   Other: 0.3ms
[161.214s][info][gc,heap        ] GC(246) Eden regions: 93->0(89)
[161.214s][info][gc,heap        ] GC(246) Survivor regions: 8->9(13)
[161.214s][info][gc,heap        ] GC(246) Old regions: 338->340
[161.214s][info][gc,heap        ] GC(246) Archive regions: 2->2
[161.214s][info][gc,heap        ] GC(246) Humongous regions: 11->11
[161.214s][info][gc,metaspace   ] GC(246) Metaspace: 44084K(45312K)->44084K(45312K) NonClass: 38845K(39680K)->38845K(39680K) Class: 5239K(5632K)->5239K(5632K)
[161.214s][info][gc             ] GC(246) Pause Young (Concurrent Start) (G1 Evacuation Pause) 447M->356M(512M) 6.645ms
[161.214s][info][gc,cpu         ] GC(246) User=0.04s Sys=0.00s Real=0.00s
[161.214s][info][gc             ] GC(247) Concurrent Cycle
[161.214s][info][gc,marking     ] GC(247) Concurrent Clear Claimed Marks
[161.214s][info][gc,marking     ] GC(247) Concurrent Clear Claimed Marks 0.053ms
[161.214s][info][gc,marking     ] GC(247) Concurrent Scan Root Regions
[161.221s][info][gc,marking     ] GC(247) Concurrent Scan Root Regions 7.149ms
[161.221s][info][gc,marking     ] GC(247) Concurrent Mark (161.221s)
[161.221s][info][gc,marking     ] GC(247) Concurrent Mark From Roots
[161.221s][info][gc,task        ] GC(247) Using 2 workers of 2 for marking
[161.727s][info][gc,start       ] GC(248) Pause Young (Normal) (G1 Evacuation Pause)
[161.727s][info][gc,task        ] GC(248) Using 8 workers of 8 for evacuation
[161.733s][info][gc,phases      ] GC(248)   Pre Evacuate Collection Set: 0.1ms
[161.733s][info][gc,phases      ] GC(248)   Merge Heap Roots: 0.1ms
[161.733s][info][gc,phases      ] GC(248)   Evacuate Collection Set: 5.6ms
[161.733s][info][gc,phases      ] GC(248)   Post Evacuate Collection Set: 0.3ms
[161.733s][info][gc,phases      ] GC(248)   Other: 0.2ms
[161.733s][info][gc,heap        ] GC(248) Eden regions: 89->0(88)
[161.733s][info][gc,heap        ] GC(248) Survivor regions: 9->9(13)
[161.733s][info][gc,heap        ] GC(248) Old regions: 340->341
[161.733s][info][gc,heap        ] GC(248) Archive regions: 2->2
[161.733s][info][gc,heap        ] GC(248) Humongous regions: 11->11
[161.733s][info][gc,metaspace   ] GC(248) Metaspace: 44084K(45312K)->44084K(45312K) NonClass: 38845K(39680K)->38845K(39680K) Class: 5239K(5632K)->5239K(5632K)
[161.733s][info][gc             ] GC(248) Pause Young (Normal) (G1 Evacuation Pause) 445M->359M(512M) 6.348ms
[161.733s][info][gc,cpu         ] GC(248) User=0.05s Sys=0.00s Real=0.00s
[161.788s][info][gc,marking     ] GC(247) Concurrent Mark From Roots 566.167ms
[161.788s][info][gc,marking     ] GC(247) Concurrent Preclean
[161.788s][info][gc,marking     ] GC(247) Concurrent Preclean 0.114ms
[161.788s][info][gc,marking     ] GC(247) Concurrent Mark (161.221s, 161.788s) 566.364ms
[161.788s][info][gc,start       ] GC(247) Pause Remark
[161.790s][info][gc             ] GC(247) Pause Remark 370M->370M(512M) 1.718ms
[161.790s][info][gc,cpu         ] GC(247) User=0.01s Sys=0.00s Real=0.00s
[161.790s][info][gc,marking     ] GC(247) Concurrent Rebuild Remembered Sets
[162.147s][info][gc,marking     ] GC(247) Concurrent Rebuild Remembered Sets 357.017ms
[162.147s][info][gc,start       ] GC(247) Pause Cleanup
[162.147s][info][gc             ] GC(247) Pause Cleanup 438M->438M(512M) 0.229ms
[162.147s][info][gc,cpu         ] GC(247) User=0.00s Sys=0.00s Real=0.00s
[162.147s][info][gc,marking     ] GC(247) Concurrent Cleanup for Next Mark
[162.148s][info][gc,marking     ] GC(247) Concurrent Cleanup for Next Mark 0.868ms
[162.148s][info][gc             ] GC(247) Concurrent Cycle 934.062ms
[162.180s][info][gc,start       ] GC(249) Pause Young (Normal) (G1 Evacuation Pause)
[162.180s][info][gc,task        ] GC(249) Using 8 workers of 8 for evacuation
[162.186s][info][gc,phases      ] GC(249)   Pre Evacuate Collection Set: 0.1ms
[162.187s][info][gc,phases      ] GC(249)   Merge Heap Roots: 0.1ms
[162.187s][info][gc,phases      ] GC(249)   Evacuate Collection Set: 5.6ms
[162.187s][info][gc,phases      ] GC(249)   Post Evacuate Collection Set: 0.4ms
[162.187s][info][gc,phases      ] GC(249)   Other: 0.2ms
[162.187s][info][gc,heap        ] GC(249) Eden regions: 88->0(88)
[162.187s][info][gc,heap        ] GC(249) Survivor regions: 9->7(13)
[162.187s][info][gc,heap        ] GC(249) Old regions: 341->345
[162.187s][info][gc,heap        ] GC(249) Archive regions: 2->2
[162.187s][info][gc,heap        ] GC(249) Humongous regions: 11->11
[162.187s][info][gc,metaspace   ] GC(249) Metaspace: 44084K(45312K)->44084K(45312K) NonClass: 38845K(39680K)->38845K(39680K) Class: 5239K(5632K)->5239K(5632K)
[162.187s][info][gc             ] GC(249) Pause Young (Normal) (G1 Evacuation Pause) 447M->361M(512M) 6.400ms
[162.187s][info][gc,cpu         ] GC(249) User=0.04s Sys=0.01s Real=0.01s
[162.530s][info][gc,start       ] GC(250) Pause Young (Concurrent Start) (G1 Evacuation Pause)
[162.530s][info][gc,task        ] GC(250) Using 8 workers of 8 for evacuation
[162.536s][info][gc,phases      ] GC(250)   Pre Evacuate Collection Set: 0.1ms
[162.536s][info][gc,phases      ] GC(250)   Merge Heap Roots: 0.1ms
[162.536s][info][gc,phases      ] GC(250)   Evacuate Collection Set: 4.9ms
[162.536s][info][gc,phases      ] GC(250)   Post Evacuate Collection Set: 0.3ms
[162.536s][info][gc,phases      ] GC(250)   Other: 0.2ms
[162.536s][info][gc,heap        ] GC(250) Eden regions: 88->0(85)
[162.536s][info][gc,heap        ] GC(250) Survivor regions: 7->7(12)
[162.536s][info][gc,heap        ] GC(250) Old regions: 345->348
[162.536s][info][gc,heap        ] GC(250) Archive regions: 2->2
[162.536s][info][gc,heap        ] GC(250) Humongous regions: 11->11
[162.536s][info][gc,metaspace   ] GC(250) Metaspace: 44084K(45312K)->44084K(45312K) NonClass: 38845K(39680K)->38845K(39680K) Class: 5239K(5632K)->5239K(5632K)
[162.536s][info][gc             ] GC(250) Pause Young (Concurrent Start) (G1 Evacuation Pause) 449M->363M(512M) 5.670ms
[162.536s][info][gc,cpu         ] GC(250) User=0.04s Sys=0.00s Real=0.01s
[162.536s][info][gc             ] GC(251) Concurrent Cycle
[162.536s][info][gc,marking     ] GC(251) Concurrent Clear Claimed Marks
[162.536s][info][gc,marking     ] GC(251) Concurrent Clear Claimed Marks 0.043ms
[162.536s][info][gc,marking     ] GC(251) Concurrent Scan Root Regions
[162.543s][info][gc,marking     ] GC(251) Concurrent Scan Root Regions 6.287ms
[162.543s][info][gc,marking     ] GC(251) Concurrent Mark (162.543s)
[162.543s][info][gc,marking     ] GC(251) Concurrent Mark From Roots
[162.543s][info][gc,task        ] GC(251) Using 2 workers of 2 for marking
[163.002s][info][gc,start       ] GC(252) Pause Young (Normal) (G1 Evacuation Pause)
[163.002s][info][gc,task        ] GC(252) Using 8 workers of 8 for evacuation
[163.009s][info][gc,phases      ] GC(252)   Pre Evacuate Collection Set: 0.1ms
[163.009s][info][gc,phases      ] GC(252)   Merge Heap Roots: 0.0ms
[163.009s][info][gc,phases      ] GC(252)   Evacuate Collection Set: 6.7ms
[163.009s][info][gc,phases      ] GC(252)   Post Evacuate Collection Set: 0.2ms
[163.009s][info][gc,phases      ] GC(252)   Other: 0.2ms
[163.009s][info][gc,heap        ] GC(252) Eden regions: 85->0(83)
[163.009s][info][gc,heap        ] GC(252) Survivor regions: 7->7(12)
[163.009s][info][gc,heap        ] GC(252) Old regions: 348->350
[163.009s][info][gc,heap        ] GC(252) Archive regions: 2->2
[163.009s][info][gc,heap        ] GC(252) Humongous regions: 11->11
[163.009s][info][gc,metaspace   ] GC(252) Metaspace: 44084K(45312K)->44084K(45312K) NonClass: 38845K(39680K)->38845K(39680K) Class: 5239K(5632K)->5239K(5632K)
[163.009s][info][gc             ] GC(252) Pause Young (Normal) (G1 Evacuation Pause) 448M->365M(512M) 7.299ms
[163.009s][info][gc,cpu         ] GC(252) User=0.04s Sys=0.00s Real=0.01s
[163.105s][info][gc,marking     ] GC(251) Concurrent Mark From Roots 562.366ms
[163.105s][info][gc,marking     ] GC(251) Concurrent Preclean
[163.105s][info][gc,marking     ] GC(251) Concurrent Preclean 0.115ms
[163.105s][info][gc,marking     ] GC(251) Concurrent Mark (162.543s, 163.105s) 562.574ms
[163.105s][info][gc,start       ] GC(251) Pause Remark
[163.107s][info][gc             ] GC(251) Pause Remark 381M->381M(512M) 1.858ms
[163.107s][info][gc,cpu         ] GC(251) User=0.01s Sys=0.00s Real=0.01s
[163.107s][info][gc,marking     ] GC(251) Concurrent Rebuild Remembered Sets
[163.443s][info][gc,start       ] GC(253) Pause Young (Normal) (G1 Evacuation Pause)
[163.443s][info][gc,task        ] GC(253) Using 8 workers of 8 for evacuation
[163.448s][info][gc,phases      ] GC(253)   Pre Evacuate Collection Set: 0.1ms
[163.448s][info][gc,phases      ] GC(253)   Merge Heap Roots: 0.0ms
[163.448s][info][gc,phases      ] GC(253)   Evacuate Collection Set: 4.8ms
[163.448s][info][gc,phases      ] GC(253)   Post Evacuate Collection Set: 0.3ms
[163.449s][info][gc,phases      ] GC(253)   Other: 0.2ms
[163.449s][info][gc,heap        ] GC(253) Eden regions: 83->0(81)
[163.449s][info][gc,heap        ] GC(253) Survivor regions: 7->7(12)
[163.449s][info][gc,heap        ] GC(253) Old regions: 350->352
[163.449s][info][gc,heap        ] GC(253) Archive regions: 2->2
[163.449s][info][gc,heap        ] GC(253) Humongous regions: 11->11
[163.449s][info][gc,metaspace   ] GC(253) Metaspace: 44084K(45312K)->44084K(45312K) NonClass: 38845K(39680K)->38845K(39680K) Class: 5239K(5632K)->5239K(5632K)
[163.449s][info][gc             ] GC(253) Pause Young (Normal) (G1 Evacuation Pause) 448M->368M(512M) 5.511ms
[163.449s][info][gc,cpu         ] GC(253) User=0.04s Sys=0.01s Real=0.01s
[163.466s][info][gc,marking     ] GC(251) Concurrent Rebuild Remembered Sets 358.802ms
[163.466s][info][gc,start       ] GC(251) Pause Cleanup
[163.466s][info][gc             ] GC(251) Pause Cleanup 371M->371M(512M) 0.193ms
[163.466s][info][gc,cpu         ] GC(251) User=0.00s Sys=0.00s Real=0.00s
[163.467s][info][gc,marking     ] GC(251) Concurrent Cleanup for Next Mark
[163.467s][info][gc,marking     ] GC(251) Concurrent Cleanup for Next Mark 0.807ms
[163.467s][info][gc             ] GC(251) Concurrent Cycle 931.275ms
[163.794s][info][gc,start       ] GC(254) Pause Young (Normal) (G1 Evacuation Pause)
[163.794s][info][gc,task        ] GC(254) Using 8 workers of 8 for evacuation
[163.800s][info][gc,phases      ] GC(254)   Pre Evacuate Collection Set: 0.1ms
[163.800s][info][gc,phases      ] GC(254)   Merge Heap Roots: 0.1ms
[163.800s][info][gc,phases      ] GC(254)   Evacuate Collection Set: 5.1ms
[163.800s][info][gc,phases      ] GC(254)   Post Evacuate Collection Set: 0.3ms
[163.800s][info][gc,phases      ] GC(254)   Other: 0.2ms
[163.800s][info][gc,heap        ] GC(254) Eden regions: 81->0(78)
[163.800s][info][gc,heap        ] GC(254) Survivor regions: 7->7(11)
[163.800s][info][gc,heap        ] GC(254) Old regions: 352->355
[163.800s][info][gc,heap        ] GC(254) Archive regions: 2->2
[163.800s][info][gc,heap        ] GC(254) Humongous regions: 11->11
[163.800s][info][gc,metaspace   ] GC(254) Metaspace: 44088K(45312K)->44088K(45312K) NonClass: 38849K(39680K)->38849K(39680K) Class: 5239K(5632K)->5239K(5632K)
[163.800s][info][gc             ] GC(254) Pause Young (Normal) (G1 Evacuation Pause) 449M->369M(512M) 5.863ms
[163.800s][info][gc,cpu         ] GC(254) User=0.04s Sys=0.00s Real=0.01s
[164.144s][info][gc,start       ] GC(255) Pause Young (Concurrent Start) (G1 Evacuation Pause)
[164.144s][info][gc,task        ] GC(255) Using 8 workers of 8 for evacuation
[164.150s][info][gc,phases      ] GC(255)   Pre Evacuate Collection Set: 0.1ms
[164.150s][info][gc,phases      ] GC(255)   Merge Heap Roots: 0.0ms
[164.150s][info][gc,phases      ] GC(255)   Evacuate Collection Set: 4.8ms
[164.150s][info][gc,phases      ] GC(255)   Post Evacuate Collection Set: 0.3ms
[164.150s][info][gc,phases      ] GC(255)   Other: 0.2ms
[164.150s][info][gc,heap        ] GC(255) Eden regions: 78->0(76)
[164.150s][info][gc,heap        ] GC(255) Survivor regions: 7->7(11)
[164.150s][info][gc,heap        ] GC(255) Old regions: 355->357
[164.150s][info][gc,heap        ] GC(255) Archive regions: 2->2
[164.150s][info][gc,heap        ] GC(255) Humongous regions: 11->11
[164.150s][info][gc,metaspace   ] GC(255) Metaspace: 44088K(45312K)->44088K(45312K) NonClass: 38849K(39680K)->38849K(39680K) Class: 5239K(5632K)->5239K(5632K)
[164.150s][info][gc             ] GC(255) Pause Young (Concurrent Start) (G1 Evacuation Pause) 447M->371M(512M) 5.482ms
[164.150s][info][gc,cpu         ] GC(255) User=0.03s Sys=0.00s Real=0.01s
[164.150s][info][gc             ] GC(256) Concurrent Cycle
[164.150s][info][gc,marking     ] GC(256) Concurrent Clear Claimed Marks
[164.150s][info][gc,marking     ] GC(256) Concurrent Clear Claimed Marks 0.054ms
[164.150s][info][gc,marking     ] GC(256) Concurrent Scan Root Regions
[164.155s][info][gc,marking     ] GC(256) Concurrent Scan Root Regions 5.127ms
[164.155s][info][gc,marking     ] GC(256) Concurrent Mark (164.155s)
[164.155s][info][gc,marking     ] GC(256) Concurrent Mark From Roots
[164.155s][info][gc,task        ] GC(256) Using 2 workers of 2 for marking
[164.613s][info][gc,marking     ] GC(256) Concurrent Mark From Roots 458.142ms
[164.613s][info][gc,marking     ] GC(256) Concurrent Preclean
[164.613s][info][gc,marking     ] GC(256) Concurrent Preclean 0.112ms
[164.613s][info][gc,marking     ] GC(256) Concurrent Mark (164.155s, 164.613s) 458.344ms
[164.614s][info][gc,start       ] GC(256) Pause Remark
[164.616s][info][gc             ] GC(256) Pause Remark 422M->422M(512M) 2.016ms
[164.616s][info][gc,cpu         ] GC(256) User=0.01s Sys=0.00s Real=0.01s
[164.616s][info][gc,marking     ] GC(256) Concurrent Rebuild Remembered Sets
[164.739s][info][gc,start       ] GC(257) Pause Young (Normal) (G1 Evacuation Pause)
[164.739s][info][gc,task        ] GC(257) Using 8 workers of 8 for evacuation
[164.744s][info][gc,phases      ] GC(257)   Pre Evacuate Collection Set: 0.1ms
[164.744s][info][gc,phases      ] GC(257)   Merge Heap Roots: 0.1ms
[164.745s][info][gc,phases      ] GC(257)   Evacuate Collection Set: 4.9ms
[164.745s][info][gc,phases      ] GC(257)   Post Evacuate Collection Set: 0.4ms
[164.745s][info][gc,phases      ] GC(257)   Other: 0.2ms
[164.745s][info][gc,heap        ] GC(257) Eden regions: 76->0(74)
[164.745s][info][gc,heap        ] GC(257) Survivor regions: 7->7(11)
[164.745s][info][gc,heap        ] GC(257) Old regions: 357->359
[164.745s][info][gc,heap        ] GC(257) Archive regions: 2->2
[164.745s][info][gc,heap        ] GC(257) Humongous regions: 11->11
[164.745s][info][gc,metaspace   ] GC(257) Metaspace: 44088K(45312K)->44088K(45312K) NonClass: 38849K(39680K)->38849K(39680K) Class: 5239K(5632K)->5239K(5632K)
[164.745s][info][gc             ] GC(257) Pause Young (Normal) (G1 Evacuation Pause) 447M->373M(512M) 5.789ms
[164.745s][info][gc,cpu         ] GC(257) User=0.04s Sys=0.00s Real=0.00s
[164.986s][info][gc,marking     ] GC(256) Concurrent Rebuild Remembered Sets 370.010ms
[164.986s][info][gc,start       ] GC(256) Pause Cleanup
[164.986s][info][gc             ] GC(256) Pause Cleanup 421M->421M(512M) 0.225ms
[164.986s][info][gc,cpu         ] GC(256) User=0.00s Sys=0.00s Real=0.00s
[164.986s][info][gc,marking     ] GC(256) Concurrent Cleanup for Next Mark
[164.987s][info][gc,marking     ] GC(256) Concurrent Cleanup for Next Mark 0.826ms
[164.987s][info][gc             ] GC(256) Concurrent Cycle 837.326ms
[165.118s][info][gc,start       ] GC(258) Pause Young (Normal) (G1 Evacuation Pause)
[165.118s][info][gc,task        ] GC(258) Using 8 workers of 8 for evacuation
[165.123s][info][gc,phases      ] GC(258)   Pre Evacuate Collection Set: 0.1ms
[165.123s][info][gc,phases      ] GC(258)   Merge Heap Roots: 0.1ms
[165.123s][info][gc,phases      ] GC(258)   Evacuate Collection Set: 4.5ms
[165.123s][info][gc,phases      ] GC(258)   Post Evacuate Collection Set: 0.3ms
[165.123s][info][gc,phases      ] GC(258)   Other: 0.2ms
[165.123s][info][gc,heap        ] GC(258) Eden regions: 74->0(74)
[165.123s][info][gc,heap        ] GC(258) Survivor regions: 7->6(11)
[165.123s][info][gc,heap        ] GC(258) Old regions: 359->361
[165.123s][info][gc,heap        ] GC(258) Archive regions: 2->2
[165.123s][info][gc,heap        ] GC(258) Humongous regions: 11->11
[165.123s][info][gc,metaspace   ] GC(258) Metaspace: 44088K(45312K)->44088K(45312K) NonClass: 38849K(39680K)->38849K(39680K) Class: 5239K(5632K)->5239K(5632K)
[165.123s][info][gc             ] GC(258) Pause Young (Normal) (G1 Evacuation Pause) 447M->375M(512M) 5.206ms
[165.123s][info][gc,cpu         ] GC(258) User=0.03s Sys=0.00s Real=0.00s
[165.448s][info][gc,start       ] GC(259) Pause Young (Concurrent Start) (G1 Evacuation Pause)
[165.448s][info][gc,task        ] GC(259) Using 8 workers of 8 for evacuation
[165.453s][info][gc,phases      ] GC(259)   Pre Evacuate Collection Set: 0.1ms
[165.453s][info][gc,phases      ] GC(259)   Merge Heap Roots: 0.0ms
[165.453s][info][gc,phases      ] GC(259)   Evacuate Collection Set: 4.7ms
[165.453s][info][gc,phases      ] GC(259)   Post Evacuate Collection Set: 0.2ms
[165.453s][info][gc,phases      ] GC(259)   Other: 0.2ms
[165.453s][info][gc,heap        ] GC(259) Eden regions: 74->0(72)
[165.453s][info][gc,heap        ] GC(259) Survivor regions: 6->6(10)
[165.453s][info][gc,heap        ] GC(259) Old regions: 361->363
[165.453s][info][gc,heap        ] GC(259) Archive regions: 2->2
[165.453s][info][gc,heap        ] GC(259) Humongous regions: 11->11
[165.453s][info][gc,metaspace   ] GC(259) Metaspace: 44088K(45312K)->44088K(45312K) NonClass: 38849K(39680K)->38849K(39680K) Class: 5239K(5632K)->5239K(5632K)
[165.453s][info][gc             ] GC(259) Pause Young (Concurrent Start) (G1 Evacuation Pause) 449M->377M(512M) 5.429ms
[165.453s][info][gc,cpu         ] GC(259) User=0.03s Sys=0.00s Real=0.00s
[165.453s][info][gc             ] GC(260) Concurrent Cycle
[165.453s][info][gc,marking     ] GC(260) Concurrent Clear Claimed Marks
[165.453s][info][gc,marking     ] GC(260) Concurrent Clear Claimed Marks 0.033ms
[165.453s][info][gc,marking     ] GC(260) Concurrent Scan Root Regions
[165.458s][info][gc,marking     ] GC(260) Concurrent Scan Root Regions 5.131ms
[165.458s][info][gc,marking     ] GC(260) Concurrent Mark (165.458s)
[165.458s][info][gc,marking     ] GC(260) Concurrent Mark From Roots
[165.458s][info][gc,task        ] GC(260) Using 2 workers of 2 for marking
[165.913s][info][gc,start       ] GC(261) Pause Young (Normal) (G1 Evacuation Pause)
[165.913s][info][gc,task        ] GC(261) Using 8 workers of 8 for evacuation
[165.918s][info][gc,phases      ] GC(261)   Pre Evacuate Collection Set: 0.1ms
[165.918s][info][gc,phases      ] GC(261)   Merge Heap Roots: 0.0ms
[165.918s][info][gc,phases      ] GC(261)   Evacuate Collection Set: 4.2ms
[165.918s][info][gc,phases      ] GC(261)   Post Evacuate Collection Set: 0.3ms
[165.918s][info][gc,phases      ] GC(261)   Other: 0.2ms
[165.918s][info][gc,heap        ] GC(261) Eden regions: 72->0(70)
[165.918s][info][gc,heap        ] GC(261) Survivor regions: 6->6(10)
[165.918s][info][gc,heap        ] GC(261) Old regions: 363->365
[165.918s][info][gc,heap        ] GC(261) Archive regions: 2->2
[165.918s][info][gc,heap        ] GC(261) Humongous regions: 11->11
[165.918s][info][gc,metaspace   ] GC(261) Metaspace: 44088K(45312K)->44088K(45312K) NonClass: 38849K(39680K)->38849K(39680K) Class: 5239K(5632K)->5239K(5632K)
[165.918s][info][gc             ] GC(261) Pause Young (Normal) (G1 Evacuation Pause) 449M->379M(512M) 4.992ms
[165.918s][info][gc,cpu         ] GC(261) User=0.04s Sys=0.00s Real=0.01s
[166.128s][info][gc,marking     ] GC(260) Concurrent Mark From Roots 669.524ms
[166.128s][info][gc,marking     ] GC(260) Concurrent Preclean
[166.128s][info][gc,marking     ] GC(260) Concurrent Preclean 0.123ms
[166.128s][info][gc,marking     ] GC(260) Concurrent Mark (165.458s, 166.128s) 669.721ms
[166.128s][info][gc,start       ] GC(260) Pause Remark
[166.130s][info][gc             ] GC(260) Pause Remark 404M->404M(512M) 2.104ms
[166.130s][info][gc,cpu         ] GC(260) User=0.01s Sys=0.00s Real=0.00s
[166.130s][info][gc,marking     ] GC(260) Concurrent Rebuild Remembered Sets
[166.377s][info][gc,start       ] GC(262) Pause Young (Normal) (G1 Evacuation Pause)
[166.377s][info][gc,task        ] GC(262) Using 8 workers of 8 for evacuation
[166.382s][info][gc,phases      ] GC(262)   Pre Evacuate Collection Set: 0.1ms
[166.382s][info][gc,phases      ] GC(262)   Merge Heap Roots: 0.0ms
[166.382s][info][gc,phases      ] GC(262)   Evacuate Collection Set: 4.4ms
[166.382s][info][gc,phases      ] GC(262)   Post Evacuate Collection Set: 0.3ms
[166.382s][info][gc,phases      ] GC(262)   Other: 0.2ms
[166.382s][info][gc,heap        ] GC(262) Eden regions: 70->0(68)
[166.382s][info][gc,heap        ] GC(262) Survivor regions: 6->6(10)
[166.382s][info][gc,heap        ] GC(262) Old regions: 365->367
[166.382s][info][gc,heap        ] GC(262) Archive regions: 2->2
[166.382s][info][gc,heap        ] GC(262) Humongous regions: 11->11
[166.382s][info][gc,metaspace   ] GC(262) Metaspace: 44088K(45312K)->44088K(45312K) NonClass: 38849K(39680K)->38849K(39680K) Class: 5239K(5632K)->5239K(5632K)
[166.382s][info][gc             ] GC(262) Pause Young (Normal) (G1 Evacuation Pause) 449M->381M(512M) 5.095ms
[166.382s][info][gc,cpu         ] GC(262) User=0.03s Sys=0.00s Real=0.00s
[166.535s][info][gc,marking     ] GC(260) Concurrent Rebuild Remembered Sets 404.699ms
[166.535s][info][gc,start       ] GC(260) Pause Cleanup
[166.535s][info][gc             ] GC(260) Pause Cleanup 414M->414M(512M) 0.198ms
[166.535s][info][gc,cpu         ] GC(260) User=0.00s Sys=0.00s Real=0.01s
[166.536s][info][gc,marking     ] GC(260) Concurrent Cleanup for Next Mark
[166.537s][info][gc,marking     ] GC(260) Concurrent Cleanup for Next Mark 1.043ms
[166.537s][info][gc             ] GC(260) Concurrent Cycle 1083.585ms
[166.687s][info][gc,start       ] GC(263) Pause Young (Normal) (G1 Evacuation Pause)
[166.687s][info][gc,task        ] GC(263) Using 8 workers of 8 for evacuation
[166.692s][info][gc,phases      ] GC(263)   Pre Evacuate Collection Set: 0.1ms
[166.693s][info][gc,phases      ] GC(263)   Merge Heap Roots: 0.1ms
[166.693s][info][gc,phases      ] GC(263)   Evacuate Collection Set: 4.8ms
[166.693s][info][gc,phases      ] GC(263)   Post Evacuate Collection Set: 0.3ms
[166.693s][info][gc,phases      ] GC(263)   Other: 0.2ms
[166.693s][info][gc,heap        ] GC(263) Eden regions: 68->0(66)
[166.693s][info][gc,heap        ] GC(263) Survivor regions: 6->6(10)
[166.693s][info][gc,heap        ] GC(263) Old regions: 367->369
[166.693s][info][gc,heap        ] GC(263) Archive regions: 2->2
[166.693s][info][gc,heap        ] GC(263) Humongous regions: 11->11
[166.693s][info][gc,metaspace   ] GC(263) Metaspace: 44088K(45312K)->44088K(45312K) NonClass: 38849K(39680K)->38849K(39680K) Class: 5239K(5632K)->5239K(5632K)
[166.693s][info][gc             ] GC(263) Pause Young (Normal) (G1 Evacuation Pause) 449M->383M(512M) 5.592ms
[166.693s][info][gc,cpu         ] GC(263) User=0.04s Sys=0.00s Real=0.00s
[166.964s][info][gc,start       ] GC(264) Pause Young (Concurrent Start) (G1 Evacuation Pause)
[166.964s][info][gc,task        ] GC(264) Using 8 workers of 8 for evacuation
[166.968s][info][gc,phases      ] GC(264)   Pre Evacuate Collection Set: 0.1ms
[166.968s][info][gc,phases      ] GC(264)   Merge Heap Roots: 0.0ms
[166.968s][info][gc,phases      ] GC(264)   Evacuate Collection Set: 4.2ms
[166.968s][info][gc,phases      ] GC(264)   Post Evacuate Collection Set: 0.3ms
[166.968s][info][gc,phases      ] GC(264)   Other: 0.2ms
[166.968s][info][gc,heap        ] GC(264) Eden regions: 66->0(64)
[166.968s][info][gc,heap        ] GC(264) Survivor regions: 6->6(9)
[166.968s][info][gc,heap        ] GC(264) Old regions: 369->371
[166.968s][info][gc,heap        ] GC(264) Archive regions: 2->2
[166.968s][info][gc,heap        ] GC(264) Humongous regions: 11->11
[166.968s][info][gc,metaspace   ] GC(264) Metaspace: 44088K(45312K)->44088K(45312K) NonClass: 38849K(39680K)->38849K(39680K) Class: 5239K(5632K)->5239K(5632K)
[166.968s][info][gc             ] GC(264) Pause Young (Concurrent Start) (G1 Evacuation Pause) 449M->384M(512M) 4.835ms
[166.968s][info][gc,cpu         ] GC(264) User=0.03s Sys=0.00s Real=0.01s
[166.969s][info][gc             ] GC(265) Concurrent Cycle
[166.969s][info][gc,marking     ] GC(265) Concurrent Clear Claimed Marks
[166.969s][info][gc,marking     ] GC(265) Concurrent Clear Claimed Marks 0.037ms
[166.969s][info][gc,marking     ] GC(265) Concurrent Scan Root Regions
[166.973s][info][gc,marking     ] GC(265) Concurrent Scan Root Regions 4.764ms
[166.973s][info][gc,marking     ] GC(265) Concurrent Mark (166.973s)
[166.973s][info][gc,marking     ] GC(265) Concurrent Mark From Roots
[166.973s][info][gc,task        ] GC(265) Using 2 workers of 2 for marking
[167.362s][info][gc,start       ] GC(266) Pause Young (Normal) (G1 Evacuation Pause)
[167.362s][info][gc,task        ] GC(266) Using 8 workers of 8 for evacuation
[167.367s][info][gc,phases      ] GC(266)   Pre Evacuate Collection Set: 0.1ms
[167.367s][info][gc,phases      ] GC(266)   Merge Heap Roots: 0.1ms
[167.367s][info][gc,phases      ] GC(266)   Evacuate Collection Set: 4.0ms
[167.367s][info][gc,phases      ] GC(266)   Post Evacuate Collection Set: 0.3ms
[167.367s][info][gc,phases      ] GC(266)   Other: 0.2ms
[167.367s][info][gc,heap        ] GC(266) Eden regions: 64->0(63)
[167.367s][info][gc,heap        ] GC(266) Survivor regions: 6->6(9)
[167.367s][info][gc,heap        ] GC(266) Old regions: 371->372
[167.367s][info][gc,heap        ] GC(266) Archive regions: 2->2
[167.367s][info][gc,heap        ] GC(266) Humongous regions: 11->11
[167.367s][info][gc,metaspace   ] GC(266) Metaspace: 44088K(45312K)->44088K(45312K) NonClass: 38849K(39680K)->38849K(39680K) Class: 5239K(5632K)->5239K(5632K)
[167.367s][info][gc             ] GC(266) Pause Young (Normal) (G1 Evacuation Pause) 448M->386M(512M) 4.647ms
[167.367s][info][gc,cpu         ] GC(266) User=0.03s Sys=0.00s Real=0.01s
[167.499s][info][gc,marking     ] GC(265) Concurrent Mark From Roots 525.674ms
[167.499s][info][gc,marking     ] GC(265) Concurrent Preclean
[167.499s][info][gc,marking     ] GC(265) Concurrent Preclean 0.079ms
[167.499s][info][gc,marking     ] GC(265) Concurrent Mark (166.973s, 167.499s) 525.804ms
[167.499s][info][gc,start       ] GC(265) Pause Remark
[167.501s][info][gc             ] GC(265) Pause Remark 407M->407M(512M) 1.641ms
[167.501s][info][gc,cpu         ] GC(265) User=0.01s Sys=0.00s Real=0.00s
[167.501s][info][gc,marking     ] GC(265) Concurrent Rebuild Remembered Sets
[167.751s][info][gc,start       ] GC(267) Pause Young (Normal) (G1 Evacuation Pause)
[167.751s][info][gc,task        ] GC(267) Using 8 workers of 8 for evacuation
[167.755s][info][gc,phases      ] GC(267)   Pre Evacuate Collection Set: 0.1ms
[167.756s][info][gc,phases      ] GC(267)   Merge Heap Roots: 0.1ms
[167.756s][info][gc,phases      ] GC(267)   Evacuate Collection Set: 4.2ms
[167.756s][info][gc,phases      ] GC(267)   Post Evacuate Collection Set: 0.3ms
[167.756s][info][gc,phases      ] GC(267)   Other: 0.2ms
[167.756s][info][gc,heap        ] GC(267) Eden regions: 63->0(63)
[167.756s][info][gc,heap        ] GC(267) Survivor regions: 6->5(9)
[167.756s][info][gc,heap        ] GC(267) Old regions: 372->374
[167.756s][info][gc,heap        ] GC(267) Archive regions: 2->2
[167.756s][info][gc,heap        ] GC(267) Humongous regions: 11->11
[167.756s][info][gc,metaspace   ] GC(267) Metaspace: 44088K(45312K)->44088K(45312K) NonClass: 38849K(39680K)->38849K(39680K) Class: 5239K(5632K)->5239K(5632K)
[167.756s][info][gc             ] GC(267) Pause Young (Normal) (G1 Evacuation Pause) 449M->387M(512M) 5.021ms
[167.756s][info][gc,cpu         ] GC(267) User=0.03s Sys=0.00s Real=0.01s
[167.789s][info][gc,marking     ] GC(265) Concurrent Rebuild Remembered Sets 288.118ms
[167.790s][info][gc,start       ] GC(265) Pause Cleanup
[167.790s][info][gc             ] GC(265) Pause Cleanup 393M->393M(512M) 0.264ms
[167.790s][info][gc,cpu         ] GC(265) User=0.00s Sys=0.00s Real=0.00s
[167.790s][info][gc,marking     ] GC(265) Concurrent Cleanup for Next Mark
[167.791s][info][gc,marking     ] GC(265) Concurrent Cleanup for Next Mark 1.121ms
[167.791s][info][gc             ] GC(265) Concurrent Cycle 822.704ms
[168.035s][info][gc,start       ] GC(268) Pause Young (Normal) (G1 Evacuation Pause)
[168.035s][info][gc,task        ] GC(268) Using 8 workers of 8 for evacuation
[168.041s][info][gc,phases      ] GC(268)   Pre Evacuate Collection Set: 0.1ms
[168.041s][info][gc,phases      ] GC(268)   Merge Heap Roots: 0.1ms
[168.041s][info][gc,phases      ] GC(268)   Evacuate Collection Set: 5.3ms
[168.041s][info][gc,phases      ] GC(268)   Post Evacuate Collection Set: 0.4ms
[168.041s][info][gc,phases      ] GC(268)   Other: 0.2ms
[168.041s][info][gc,heap        ] GC(268) Eden regions: 63->0(61)
[168.041s][info][gc,heap        ] GC(268) Survivor regions: 5->5(9)
[168.041s][info][gc,heap        ] GC(268) Old regions: 374->376
[168.041s][info][gc,heap        ] GC(268) Archive regions: 2->2
[168.041s][info][gc,heap        ] GC(268) Humongous regions: 11->11
[168.041s][info][gc,metaspace   ] GC(268) Metaspace: 44088K(45312K)->44088K(45312K) NonClass: 38849K(39680K)->38849K(39680K) Class: 5239K(5632K)->5239K(5632K)
[168.041s][info][gc             ] GC(268) Pause Young (Normal) (G1 Evacuation Pause) 450M->389M(512M) 6.210ms
[168.041s][info][gc,cpu         ] GC(268) User=0.03s Sys=0.00s Real=0.01s
[168.455s][info][gc,start       ] GC(269) Pause Young (Concurrent Start) (G1 Evacuation Pause)
[168.455s][info][gc,task        ] GC(269) Using 8 workers of 8 for evacuation
[168.460s][info][gc,phases      ] GC(269)   Pre Evacuate Collection Set: 0.2ms
[168.460s][info][gc,phases      ] GC(269)   Merge Heap Roots: 0.1ms
[168.460s][info][gc,phases      ] GC(269)   Evacuate Collection Set: 4.2ms
[168.460s][info][gc,phases      ] GC(269)   Post Evacuate Collection Set: 0.3ms
[168.460s][info][gc,phases      ] GC(269)   Other: 0.3ms
[168.460s][info][gc,heap        ] GC(269) Eden regions: 61->0(60)
[168.460s][info][gc,heap        ] GC(269) Survivor regions: 5->5(9)
[168.460s][info][gc,heap        ] GC(269) Old regions: 376->377
[168.460s][info][gc,heap        ] GC(269) Archive regions: 2->2
[168.460s][info][gc,heap        ] GC(269) Humongous regions: 11->11
[168.460s][info][gc,metaspace   ] GC(269) Metaspace: 44088K(45312K)->44088K(45312K) NonClass: 38849K(39680K)->38849K(39680K) Class: 5239K(5632K)->5239K(5632K)
[168.460s][info][gc             ] GC(269) Pause Young (Concurrent Start) (G1 Evacuation Pause) 450M->390M(512M) 5.149ms
[168.460s][info][gc,cpu         ] GC(269) User=0.03s Sys=0.00s Real=0.01s
[168.460s][info][gc             ] GC(270) Concurrent Cycle
[168.460s][info][gc,marking     ] GC(270) Concurrent Clear Claimed Marks
[168.460s][info][gc,marking     ] GC(270) Concurrent Clear Claimed Marks 0.046ms
[168.460s][info][gc,marking     ] GC(270) Concurrent Scan Root Regions
[168.466s][info][gc,marking     ] GC(270) Concurrent Scan Root Regions 5.087ms
[168.466s][info][gc,marking     ] GC(270) Concurrent Mark (168.466s)
[168.466s][info][gc,marking     ] GC(270) Concurrent Mark From Roots
[168.466s][info][gc,task        ] GC(270) Using 2 workers of 2 for marking
[168.786s][info][gc,start       ] GC(271) Pause Young (Normal) (G1 Evacuation Pause)
[168.786s][info][gc,task        ] GC(271) Using 8 workers of 8 for evacuation
[168.790s][info][gc,phases      ] GC(271)   Pre Evacuate Collection Set: 0.1ms
[168.790s][info][gc,phases      ] GC(271)   Merge Heap Roots: 0.1ms
[168.790s][info][gc,phases      ] GC(271)   Evacuate Collection Set: 3.6ms
[168.790s][info][gc,phases      ] GC(271)   Post Evacuate Collection Set: 0.3ms
[168.790s][info][gc,phases      ] GC(271)   Other: 0.1ms
[168.790s][info][gc,heap        ] GC(271) Eden regions: 60->0(56)
[168.790s][info][gc,heap        ] GC(271) Survivor regions: 5->7(9)
[168.790s][info][gc,heap        ] GC(271) Old regions: 377->377
[168.790s][info][gc,heap        ] GC(271) Archive regions: 2->2
[168.790s][info][gc,heap        ] GC(271) Humongous regions: 11->11
[168.790s][info][gc,metaspace   ] GC(271) Metaspace: 44088K(45312K)->44088K(45312K) NonClass: 38849K(39680K)->38849K(39680K) Class: 5239K(5632K)->5239K(5632K)
[168.790s][info][gc             ] GC(271) Pause Young (Normal) (G1 Evacuation Pause) 450M->392M(512M) 4.276ms
[168.790s][info][gc,cpu         ] GC(271) User=0.02s Sys=0.00s Real=0.00s
[169.088s][info][gc,start       ] GC(272) Pause Young (Normal) (G1 Evacuation Pause)
[169.088s][info][gc,task        ] GC(272) Using 8 workers of 8 for evacuation
[169.094s][info][gc,phases      ] GC(272)   Pre Evacuate Collection Set: 0.1ms
[169.094s][info][gc,phases      ] GC(272)   Merge Heap Roots: 0.0ms
[169.094s][info][gc,phases      ] GC(272)   Evacuate Collection Set: 4.8ms
[169.094s][info][gc,phases      ] GC(272)   Post Evacuate Collection Set: 0.2ms
[169.094s][info][gc,phases      ] GC(272)   Other: 0.1ms
[169.094s][info][gc,heap        ] GC(272) Eden regions: 56->0(55)
[169.094s][info][gc,heap        ] GC(272) Survivor regions: 7->6(8)
[169.094s][info][gc,heap        ] GC(272) Old regions: 377->380
[169.094s][info][gc,heap        ] GC(272) Archive regions: 2->2
[169.094s][info][gc,heap        ] GC(272) Humongous regions: 11->11
[169.094s][info][gc,metaspace   ] GC(272) Metaspace: 44088K(45312K)->44088K(45312K) NonClass: 38849K(39680K)->38849K(39680K) Class: 5239K(5632K)->5239K(5632K)
[169.094s][info][gc             ] GC(272) Pause Young (Normal) (G1 Evacuation Pause) 448M->394M(512M) 5.352ms
[169.094s][info][gc,cpu         ] GC(272) User=0.03s Sys=0.00s Real=0.00s
[169.211s][info][gc,marking     ] GC(270) Concurrent Mark From Roots 745.445ms
[169.211s][info][gc,marking     ] GC(270) Concurrent Preclean
[169.211s][info][gc,marking     ] GC(270) Concurrent Preclean 0.096ms
[169.211s][info][gc,marking     ] GC(270) Concurrent Mark (168.466s, 169.211s) 745.599ms
[169.211s][info][gc,start       ] GC(270) Pause Remark
[169.213s][info][gc             ] GC(270) Pause Remark 416M->416M(512M) 1.656ms
[169.213s][info][gc,cpu         ] GC(270) User=0.01s Sys=0.00s Real=0.00s
[169.213s][info][gc,marking     ] GC(270) Concurrent Rebuild Remembered Sets
[169.385s][info][gc,start       ] GC(273) Pause Young (Normal) (G1 Evacuation Pause)
[169.385s][info][gc,task        ] GC(273) Using 8 workers of 8 for evacuation
[169.390s][info][gc,phases      ] GC(273)   Pre Evacuate Collection Set: 0.1ms
[169.390s][info][gc,phases      ] GC(273)   Merge Heap Roots: 0.0ms
[169.390s][info][gc,phases      ] GC(273)   Evacuate Collection Set: 4.1ms
[169.390s][info][gc,phases      ] GC(273)   Post Evacuate Collection Set: 0.3ms
[169.390s][info][gc,phases      ] GC(273)   Other: 0.2ms
[169.390s][info][gc,heap        ] GC(273) Eden regions: 55->0(55)
[169.390s][info][gc,heap        ] GC(273) Survivor regions: 6->5(8)
[169.390s][info][gc,heap        ] GC(273) Old regions: 380->382
[169.390s][info][gc,heap        ] GC(273) Archive regions: 2->2
[169.390s][info][gc,heap        ] GC(273) Humongous regions: 11->11
[169.390s][info][gc,metaspace   ] GC(273) Metaspace: 44088K(45312K)->44088K(45312K) NonClass: 38849K(39680K)->38849K(39680K) Class: 5239K(5632K)->5239K(5632K)
[169.390s][info][gc             ] GC(273) Pause Young (Normal) (G1 Evacuation Pause) 449M->395M(512M) 4.828ms
[169.390s][info][gc,cpu         ] GC(273) User=0.03s Sys=0.00s Real=0.01s
[169.585s][info][gc,marking     ] GC(270) Concurrent Rebuild Remembered Sets 371.974ms
[169.585s][info][gc,start       ] GC(270) Pause Cleanup
[169.586s][info][gc             ] GC(270) Pause Cleanup 434M->434M(512M) 0.244ms
[169.586s][info][gc,cpu         ] GC(270) User=0.00s Sys=0.00s Real=0.01s
[169.586s][info][gc,marking     ] GC(270) Concurrent Cleanup for Next Mark
[169.587s][info][gc,marking     ] GC(270) Concurrent Cleanup for Next Mark 1.175ms
[169.587s][info][gc             ] GC(270) Concurrent Cycle 1126.485ms
[169.655s][info][gc,start       ] GC(274) Pause Young (Normal) (G1 Evacuation Pause)
[169.655s][info][gc,task        ] GC(274) Using 8 workers of 8 for evacuation
[169.659s][info][gc,phases      ] GC(274)   Pre Evacuate Collection Set: 0.1ms
[169.659s][info][gc,phases      ] GC(274)   Merge Heap Roots: 0.1ms
[169.659s][info][gc,phases      ] GC(274)   Evacuate Collection Set: 3.7ms
[169.659s][info][gc,phases      ] GC(274)   Post Evacuate Collection Set: 0.2ms
[169.659s][info][gc,phases      ] GC(274)   Other: 0.1ms
[169.659s][info][gc,heap        ] GC(274) Eden regions: 55->0(53)
[169.659s][info][gc,heap        ] GC(274) Survivor regions: 5->5(8)
[169.659s][info][gc,heap        ] GC(274) Old regions: 382->384
[169.659s][info][gc,heap        ] GC(274) Archive regions: 2->2
[169.659s][info][gc,heap        ] GC(274) Humongous regions: 11->11
[169.659s][info][gc,metaspace   ] GC(274) Metaspace: 44088K(45312K)->44088K(45312K) NonClass: 38849K(39680K)->38849K(39680K) Class: 5239K(5632K)->5239K(5632K)
[169.659s][info][gc             ] GC(274) Pause Young (Normal) (G1 Evacuation Pause) 450M->397M(512M) 4.287ms
[169.659s][info][gc,cpu         ] GC(274) User=0.03s Sys=0.00s Real=0.01s
[169.895s][info][gc,start       ] GC(275) Pause Young (Concurrent Start) (G1 Evacuation Pause)
[169.895s][info][gc,task        ] GC(275) Using 8 workers of 8 for evacuation
[169.899s][info][gc,phases      ] GC(275)   Pre Evacuate Collection Set: 0.1ms
[169.899s][info][gc,phases      ] GC(275)   Merge Heap Roots: 0.0ms
[169.899s][info][gc,phases      ] GC(275)   Evacuate Collection Set: 3.2ms
[169.899s][info][gc,phases      ] GC(275)   Post Evacuate Collection Set: 0.3ms
[169.899s][info][gc,phases      ] GC(275)   Other: 0.2ms
[169.899s][info][gc,heap        ] GC(275) Eden regions: 53->0(51)
[169.899s][info][gc,heap        ] GC(275) Survivor regions: 5->6(8)
[169.899s][info][gc,heap        ] GC(275) Old regions: 384->384
[169.899s][info][gc,heap        ] GC(275) Archive regions: 2->2
[169.899s][info][gc,heap        ] GC(275) Humongous regions: 11->11
[169.899s][info][gc,metaspace   ] GC(275) Metaspace: 44088K(45312K)->44088K(45312K) NonClass: 38849K(39680K)->38849K(39680K) Class: 5239K(5632K)->5239K(5632K)
[169.899s][info][gc             ] GC(275) Pause Young (Concurrent Start) (G1 Evacuation Pause) 450M->398M(512M) 3.939ms
[169.899s][info][gc,cpu         ] GC(275) User=0.02s Sys=0.00s Real=0.01s
[169.899s][info][gc             ] GC(276) Concurrent Cycle
[169.899s][info][gc,marking     ] GC(276) Concurrent Clear Claimed Marks
[169.899s][info][gc,marking     ] GC(276) Concurrent Clear Claimed Marks 0.036ms
[169.899s][info][gc,marking     ] GC(276) Concurrent Scan Root Regions
[169.903s][info][gc,marking     ] GC(276) Concurrent Scan Root Regions 3.721ms
[169.903s][info][gc,marking     ] GC(276) Concurrent Mark (169.903s)
[169.903s][info][gc,marking     ] GC(276) Concurrent Mark From Roots
[169.903s][info][gc,task        ] GC(276) Using 2 workers of 2 for marking
[170.223s][info][gc,start       ] GC(277) Pause Young (Normal) (G1 Evacuation Pause)
[170.223s][info][gc,task        ] GC(277) Using 8 workers of 8 for evacuation
[170.227s][info][gc,phases      ] GC(277)   Pre Evacuate Collection Set: 0.1ms
[170.227s][info][gc,phases      ] GC(277)   Merge Heap Roots: 0.0ms
[170.227s][info][gc,phases      ] GC(277)   Evacuate Collection Set: 4.0ms
[170.227s][info][gc,phases      ] GC(277)   Post Evacuate Collection Set: 0.2ms
[170.227s][info][gc,phases      ] GC(277)   Other: 0.2ms
[170.227s][info][gc,heap        ] GC(277) Eden regions: 51->0(50)
[170.227s][info][gc,heap        ] GC(277) Survivor regions: 6->6(8)
[170.227s][info][gc,heap        ] GC(277) Old regions: 384->385
[170.227s][info][gc,heap        ] GC(277) Archive regions: 2->2
[170.227s][info][gc,heap        ] GC(277) Humongous regions: 11->11
[170.227s][info][gc,metaspace   ] GC(277) Metaspace: 44088K(45312K)->44088K(45312K) NonClass: 38849K(39680K)->38849K(39680K) Class: 5239K(5632K)->5239K(5632K)
[170.227s][info][gc             ] GC(277) Pause Young (Normal) (G1 Evacuation Pause) 449M->399M(512M) 4.578ms
[170.227s][info][gc,cpu         ] GC(277) User=0.03s Sys=0.00s Real=0.01s
[170.531s][info][gc,start       ] GC(278) Pause Young (Normal) (G1 Evacuation Pause)
[170.531s][info][gc,task        ] GC(278) Using 8 workers of 8 for evacuation
[170.536s][info][gc,phases      ] GC(278)   Pre Evacuate Collection Set: 0.1ms
[170.536s][info][gc,phases      ] GC(278)   Merge Heap Roots: 0.0ms
[170.536s][info][gc,phases      ] GC(278)   Evacuate Collection Set: 4.1ms
[170.536s][info][gc,phases      ] GC(278)   Post Evacuate Collection Set: 0.3ms
[170.536s][info][gc,phases      ] GC(278)   Other: 0.1ms
[170.536s][info][gc,heap        ] GC(278) Eden regions: 50->0(49)
[170.536s][info][gc,heap        ] GC(278) Survivor regions: 6->5(7)
[170.536s][info][gc,heap        ] GC(278) Old regions: 385->388
[170.536s][info][gc,heap        ] GC(278) Archive regions: 2->2
[170.536s][info][gc,heap        ] GC(278) Humongous regions: 11->11
[170.536s][info][gc,metaspace   ] GC(278) Metaspace: 44088K(45312K)->44088K(45312K) NonClass: 38849K(39680K)->38849K(39680K) Class: 5239K(5632K)->5239K(5632K)
[170.536s][info][gc             ] GC(278) Pause Young (Normal) (G1 Evacuation Pause) 449M->400M(512M) 4.759ms
[170.536s][info][gc,cpu         ] GC(278) User=0.03s Sys=0.00s Real=0.01s
[170.646s][info][gc,marking     ] GC(276) Concurrent Mark From Roots 743.110ms
[170.646s][info][gc,marking     ] GC(276) Concurrent Preclean
[170.646s][info][gc,marking     ] GC(276) Concurrent Preclean 0.113ms
[170.646s][info][gc,marking     ] GC(276) Concurrent Mark (169.903s, 170.646s) 743.292ms
[170.646s][info][gc,start       ] GC(276) Pause Remark
[170.648s][info][gc             ] GC(276) Pause Remark 419M->419M(512M) 1.640ms
[170.648s][info][gc,cpu         ] GC(276) User=0.02s Sys=0.00s Real=0.00s
[170.648s][info][gc,marking     ] GC(276) Concurrent Rebuild Remembered Sets
[170.810s][info][gc,start       ] GC(279) Pause Young (Normal) (G1 Evacuation Pause)
[170.810s][info][gc,task        ] GC(279) Using 8 workers of 8 for evacuation
[170.814s][info][gc,phases      ] GC(279)   Pre Evacuate Collection Set: 0.1ms
[170.814s][info][gc,phases      ] GC(279)   Merge Heap Roots: 0.1ms
[170.814s][info][gc,phases      ] GC(279)   Evacuate Collection Set: 3.4ms
[170.814s][info][gc,phases      ] GC(279)   Post Evacuate Collection Set: 0.3ms
[170.814s][info][gc,phases      ] GC(279)   Other: 0.2ms
[170.814s][info][gc,heap        ] GC(279) Eden regions: 49->0(50)
[170.814s][info][gc,heap        ] GC(279) Survivor regions: 5->4(7)
[170.814s][info][gc,heap        ] GC(279) Old regions: 388->389
[170.814s][info][gc,heap        ] GC(279) Archive regions: 2->2
[170.814s][info][gc,heap        ] GC(279) Humongous regions: 11->11
[170.814s][info][gc,metaspace   ] GC(279) Metaspace: 44088K(45312K)->44088K(45312K) NonClass: 38849K(39680K)->38849K(39680K) Class: 5239K(5632K)->5239K(5632K)
[170.814s][info][gc             ] GC(279) Pause Young (Normal) (G1 Evacuation Pause) 449M->402M(512M) 4.153ms
[170.814s][info][gc,cpu         ] GC(279) User=0.02s Sys=0.00s Real=0.00s
[171.185s][info][gc,marking     ] GC(276) Concurrent Rebuild Remembered Sets 536.960ms
[171.185s][info][gc,start       ] GC(276) Pause Cleanup
[171.185s][info][gc             ] GC(276) Pause Cleanup 451M->451M(512M) 0.215ms
[171.185s][info][gc,cpu         ] GC(276) User=0.00s Sys=0.00s Real=0.00s
[171.185s][info][gc,marking     ] GC(276) Concurrent Cleanup for Next Mark
[171.186s][info][gc,marking     ] GC(276) Concurrent Cleanup for Next Mark 0.795ms
[171.186s][info][gc             ] GC(276) Concurrent Cycle 1287.267ms
[171.188s][info][gc,start       ] GC(280) Pause Young (Normal) (G1 Evacuation Pause)
[171.188s][info][gc,task        ] GC(280) Using 8 workers of 8 for evacuation
[171.191s][info][gc,phases      ] GC(280)   Pre Evacuate Collection Set: 0.1ms
[171.191s][info][gc,phases      ] GC(280)   Merge Heap Roots: 0.1ms
[171.191s][info][gc,phases      ] GC(280)   Evacuate Collection Set: 3.0ms
[171.191s][info][gc,phases      ] GC(280)   Post Evacuate Collection Set: 0.2ms
[171.191s][info][gc,phases      ] GC(280)   Other: 0.1ms
[171.191s][info][gc,heap        ] GC(280) Eden regions: 50->0(48)
[171.191s][info][gc,heap        ] GC(280) Survivor regions: 4->4(7)
[171.191s][info][gc,heap        ] GC(280) Old regions: 389->391
[171.191s][info][gc,heap        ] GC(280) Archive regions: 2->2
[171.191s][info][gc,heap        ] GC(280) Humongous regions: 11->11
[171.191s][info][gc,metaspace   ] GC(280) Metaspace: 44089K(45312K)->44089K(45312K) NonClass: 38849K(39680K)->38849K(39680K) Class: 5239K(5632K)->5239K(5632K)
[171.191s][info][gc             ] GC(280) Pause Young (Normal) (G1 Evacuation Pause) 452M->403M(512M) 3.607ms
[171.191s][info][gc,cpu         ] GC(280) User=0.02s Sys=0.00s Real=0.00s
[171.408s][info][gc,start       ] GC(281) Pause Young (Concurrent Start) (G1 Evacuation Pause)
[171.408s][info][gc,task        ] GC(281) Using 8 workers of 8 for evacuation
[171.412s][info][gc,phases      ] GC(281)   Pre Evacuate Collection Set: 0.1ms
[171.412s][info][gc,phases      ] GC(281)   Merge Heap Roots: 0.0ms
[171.412s][info][gc,phases      ] GC(281)   Evacuate Collection Set: 2.9ms
[171.412s][info][gc,phases      ] GC(281)   Post Evacuate Collection Set: 0.2ms
[171.412s][info][gc,phases      ] GC(281)   Other: 0.2ms
[171.412s][info][gc,heap        ] GC(281) Eden regions: 48->0(47)
[171.412s][info][gc,heap        ] GC(281) Survivor regions: 4->4(7)
[171.412s][info][gc,heap        ] GC(281) Old regions: 391->392
[171.412s][info][gc,heap        ] GC(281) Archive regions: 2->2
[171.412s][info][gc,heap        ] GC(281) Humongous regions: 11->11
[171.412s][info][gc,metaspace   ] GC(281) Metaspace: 44089K(45312K)->44089K(45312K) NonClass: 38849K(39680K)->38849K(39680K) Class: 5239K(5632K)->5239K(5632K)
[171.412s][info][gc             ] GC(281) Pause Young (Concurrent Start) (G1 Evacuation Pause) 451M->404M(512M) 3.522ms
[171.412s][info][gc,cpu         ] GC(281) User=0.02s Sys=0.00s Real=0.00s
[171.412s][info][gc             ] GC(282) Concurrent Cycle
[171.412s][info][gc,marking     ] GC(282) Concurrent Clear Claimed Marks
[171.412s][info][gc,marking     ] GC(282) Concurrent Clear Claimed Marks 0.038ms
[171.412s][info][gc,marking     ] GC(282) Concurrent Scan Root Regions
[171.415s][info][gc,marking     ] GC(282) Concurrent Scan Root Regions 3.429ms
[171.415s][info][gc,marking     ] GC(282) Concurrent Mark (171.415s)
[171.415s][info][gc,marking     ] GC(282) Concurrent Mark From Roots
[171.415s][info][gc,task        ] GC(282) Using 2 workers of 2 for marking
[171.673s][info][gc,start       ] GC(283) Pause Young (Normal) (G1 Evacuation Pause)
[171.673s][info][gc,task        ] GC(283) Using 8 workers of 8 for evacuation
[171.676s][info][gc,phases      ] GC(283)   Pre Evacuate Collection Set: 0.1ms
[171.676s][info][gc,phases      ] GC(283)   Merge Heap Roots: 0.0ms
[171.676s][info][gc,phases      ] GC(283)   Evacuate Collection Set: 3.3ms
[171.676s][info][gc,phases      ] GC(283)   Post Evacuate Collection Set: 0.3ms
[171.677s][info][gc,phases      ] GC(283)   Other: 0.2ms
[171.677s][info][gc,heap        ] GC(283) Eden regions: 47->0(46)
[171.677s][info][gc,heap        ] GC(283) Survivor regions: 4->4(7)
[171.677s][info][gc,heap        ] GC(283) Old regions: 392->393
[171.677s][info][gc,heap        ] GC(283) Archive regions: 2->2
[171.677s][info][gc,heap        ] GC(283) Humongous regions: 11->11
[171.677s][info][gc,metaspace   ] GC(283) Metaspace: 44090K(45312K)->44090K(45312K) NonClass: 38851K(39680K)->38851K(39680K) Class: 5239K(5632K)->5239K(5632K)
[171.677s][info][gc             ] GC(283) Pause Young (Normal) (G1 Evacuation Pause) 451M->405M(512M) 4.021ms
[171.677s][info][gc,cpu         ] GC(283) User=0.03s Sys=0.00s Real=0.01s
[171.932s][info][gc,start       ] GC(284) Pause Young (Normal) (G1 Evacuation Pause)
[171.932s][info][gc,task        ] GC(284) Using 8 workers of 8 for evacuation
[171.936s][info][gc,phases      ] GC(284)   Pre Evacuate Collection Set: 0.1ms
[171.936s][info][gc,phases      ] GC(284)   Merge Heap Roots: 0.0ms
[171.936s][info][gc,phases      ] GC(284)   Evacuate Collection Set: 3.4ms
[171.936s][info][gc,phases      ] GC(284)   Post Evacuate Collection Set: 0.3ms
[171.936s][info][gc,phases      ] GC(284)   Other: 0.2ms
[171.936s][info][gc,heap        ] GC(284) Eden regions: 46->0(44)
[171.936s][info][gc,heap        ] GC(284) Survivor regions: 4->5(7)
[171.936s][info][gc,heap        ] GC(284) Old regions: 393->393
[171.936s][info][gc,heap        ] GC(284) Archive regions: 2->2
[171.936s][info][gc,heap        ] GC(284) Humongous regions: 11->11
[171.936s][info][gc,metaspace   ] GC(284) Metaspace: 44090K(45312K)->44090K(45312K) NonClass: 38851K(39680K)->38851K(39680K) Class: 5239K(5632K)->5239K(5632K)
[171.936s][info][gc             ] GC(284) Pause Young (Normal) (G1 Evacuation Pause) 451M->406M(512M) 4.048ms
[171.936s][info][gc,cpu         ] GC(284) User=0.03s Sys=0.00s Real=0.01s
[172.083s][info][gc,marking     ] GC(282) Concurrent Mark From Roots 667.940ms
[172.083s][info][gc,marking     ] GC(282) Concurrent Preclean
[172.083s][info][gc,marking     ] GC(282) Concurrent Preclean 0.110ms
[172.084s][info][gc,marking     ] GC(282) Concurrent Mark (171.415s, 172.084s) 668.120ms
[172.084s][info][gc,start       ] GC(282) Pause Remark
[172.085s][info][gc             ] GC(282) Pause Remark 429M->429M(512M) 1.698ms
[172.085s][info][gc,cpu         ] GC(282) User=0.01s Sys=0.00s Real=0.00s
[172.085s][info][gc,marking     ] GC(282) Concurrent Rebuild Remembered Sets
[172.191s][info][gc,start       ] GC(285) Pause Young (Normal) (G1 Evacuation Pause)
[172.191s][info][gc,task        ] GC(285) Using 8 workers of 8 for evacuation
[172.195s][info][gc,phases      ] GC(285)   Pre Evacuate Collection Set: 0.1ms
[172.195s][info][gc,phases      ] GC(285)   Merge Heap Roots: 0.0ms
[172.195s][info][gc,phases      ] GC(285)   Evacuate Collection Set: 3.8ms
[172.195s][info][gc,phases      ] GC(285)   Post Evacuate Collection Set: 0.3ms
[172.195s][info][gc,phases      ] GC(285)   Other: 0.1ms
[172.195s][info][gc,heap        ] GC(285) Eden regions: 44->0(43)
[172.195s][info][gc,heap        ] GC(285) Survivor regions: 5->5(7)
[172.195s][info][gc,heap        ] GC(285) Old regions: 393->394
[172.195s][info][gc,heap        ] GC(285) Archive regions: 2->2
[172.195s][info][gc,heap        ] GC(285) Humongous regions: 11->11
[172.195s][info][gc,metaspace   ] GC(285) Metaspace: 44090K(45312K)->44090K(45312K) NonClass: 38851K(39680K)->38851K(39680K) Class: 5239K(5632K)->5239K(5632K)
[172.195s][info][gc             ] GC(285) Pause Young (Normal) (G1 Evacuation Pause) 450M->407M(512M) 4.488ms
[172.195s][info][gc,cpu         ] GC(285) User=0.03s Sys=0.00s Real=0.00s
[172.413s][info][gc,start       ] GC(286) Pause Young (Normal) (G1 Evacuation Pause)
[172.413s][info][gc,task        ] GC(286) Using 8 workers of 8 for evacuation
[172.417s][info][gc,phases      ] GC(286)   Pre Evacuate Collection Set: 0.1ms
[172.417s][info][gc,phases      ] GC(286)   Merge Heap Roots: 0.1ms
[172.417s][info][gc,phases      ] GC(286)   Evacuate Collection Set: 3.5ms
[172.417s][info][gc,phases      ] GC(286)   Post Evacuate Collection Set: 0.3ms
[172.417s][info][gc,phases      ] GC(286)   Other: 0.1ms
[172.417s][info][gc,heap        ] GC(286) Eden regions: 43->0(42)
[172.417s][info][gc,heap        ] GC(286) Survivor regions: 5->4(6)
[172.417s][info][gc,heap        ] GC(286) Old regions: 394->397
[172.417s][info][gc,heap        ] GC(286) Archive regions: 2->2
[172.417s][info][gc,heap        ] GC(286) Humongous regions: 11->11
[172.417s][info][gc,metaspace   ] GC(286) Metaspace: 44092K(45312K)->44092K(45312K) NonClass: 38852K(39680K)->38852K(39680K) Class: 5239K(5632K)->5239K(5632K)
[172.417s][info][gc             ] GC(286) Pause Young (Normal) (G1 Evacuation Pause) 450M->409M(512M) 4.179ms
[172.417s][info][gc,cpu         ] GC(286) User=0.03s Sys=0.00s Real=0.01s
[172.462s][info][gc,marking     ] GC(282) Concurrent Rebuild Remembered Sets 376.394ms
[172.462s][info][gc,start       ] GC(282) Pause Cleanup
[172.462s][info][gc             ] GC(282) Pause Cleanup 410M->410M(512M) 0.215ms
[172.462s][info][gc,cpu         ] GC(282) User=0.00s Sys=0.00s Real=0.00s
[172.462s][info][gc,marking     ] GC(282) Concurrent Cleanup for Next Mark
[172.463s][info][gc,marking     ] GC(282) Concurrent Cleanup for Next Mark 0.717ms
[172.463s][info][gc             ] GC(282) Concurrent Cycle 1051.197ms
[241.415s][info][gc,start       ] GC(287) Pause Young (Normal) (G1 Evacuation Pause)
[241.415s][info][gc,task        ] GC(287) Using 8 workers of 8 for evacuation
[241.422s][info][gc,phases      ] GC(287)   Pre Evacuate Collection Set: 1.0ms
[241.422s][info][gc,phases      ] GC(287)   Merge Heap Roots: 0.1ms
[241.422s][info][gc,phases      ] GC(287)   Evacuate Collection Set: 5.2ms
[241.422s][info][gc,phases      ] GC(287)   Post Evacuate Collection Set: 0.3ms
[241.422s][info][gc,phases      ] GC(287)   Other: 0.3ms
[241.422s][info][gc,heap        ] GC(287) Eden regions: 42->0(29)
[241.422s][info][gc,heap        ] GC(287) Survivor regions: 4->6(6)
[241.422s][info][gc,heap        ] GC(287) Old regions: 397->402
[241.422s][info][gc,heap        ] GC(287) Archive regions: 2->2
[241.422s][info][gc,heap        ] GC(287) Humongous regions: 11->11
[241.422s][info][gc,metaspace   ] GC(287) Metaspace: 44121K(45312K)->44121K(45312K) NonClass: 38881K(39680K)->38881K(39680K) Class: 5239K(5632K)->5239K(5632K)
[241.422s][info][gc             ] GC(287) Pause Young (Normal) (G1 Evacuation Pause) 451M->416M(512M) 7.065ms
[241.422s][info][gc,cpu         ] GC(287) User=0.03s Sys=0.00s Real=0.01s
[241.542s][info][gc,start       ] GC(288) Pause Young (Concurrent Start) (G1 Evacuation Pause)
[241.542s][info][gc,task        ] GC(288) Using 8 workers of 8 for evacuation
[241.544s][info][gc,phases      ] GC(288)   Pre Evacuate Collection Set: 0.1ms
[241.544s][info][gc,phases      ] GC(288)   Merge Heap Roots: 0.0ms
[241.544s][info][gc,phases      ] GC(288)   Evacuate Collection Set: 1.9ms
[241.544s][info][gc,phases      ] GC(288)   Post Evacuate Collection Set: 0.2ms
[241.544s][info][gc,phases      ] GC(288)   Other: 0.1ms
[241.544s][info][gc,heap        ] GC(288) Eden regions: 29->0(28)
[241.544s][info][gc,heap        ] GC(288) Survivor regions: 6->2(5)
[241.544s][info][gc,heap        ] GC(288) Old regions: 402->408
[241.544s][info][gc,heap        ] GC(288) Archive regions: 2->2
[241.544s][info][gc,heap        ] GC(288) Humongous regions: 11->11
[241.544s][info][gc,metaspace   ] GC(288) Metaspace: 44121K(45312K)->44121K(45312K) NonClass: 38881K(39680K)->38881K(39680K) Class: 5239K(5632K)->5239K(5632K)
[241.544s][info][gc             ] GC(288) Pause Young (Concurrent Start) (G1 Evacuation Pause) 445M->419M(512M) 2.545ms
[241.544s][info][gc,cpu         ] GC(288) User=0.02s Sys=0.00s Real=0.00s
[241.544s][info][gc             ] GC(289) Concurrent Cycle
[241.544s][info][gc,marking     ] GC(289) Concurrent Clear Claimed Marks
[241.544s][info][gc,marking     ] GC(289) Concurrent Clear Claimed Marks 0.023ms
[241.544s][info][gc,marking     ] GC(289) Concurrent Scan Root Regions
[241.547s][info][gc,marking     ] GC(289) Concurrent Scan Root Regions 2.434ms
[241.547s][info][gc,marking     ] GC(289) Concurrent Mark (241.547s)
[241.547s][info][gc,marking     ] GC(289) Concurrent Mark From Roots
[241.547s][info][gc,task        ] GC(289) Using 2 workers of 2 for marking
[241.683s][info][gc,start       ] GC(290) Pause Young (Normal) (G1 Evacuation Pause)
[241.683s][info][gc,task        ] GC(290) Using 8 workers of 8 for evacuation
[241.685s][info][gc,phases      ] GC(290)   Pre Evacuate Collection Set: 0.1ms
[241.685s][info][gc,phases      ] GC(290)   Merge Heap Roots: 0.0ms
[241.685s][info][gc,phases      ] GC(290)   Evacuate Collection Set: 1.5ms
[241.685s][info][gc,phases      ] GC(290)   Post Evacuate Collection Set: 0.3ms
[241.685s][info][gc,phases      ] GC(290)   Other: 0.1ms
[241.685s][info][gc,heap        ] GC(290) Eden regions: 28->0(28)
[241.685s][info][gc,heap        ] GC(290) Survivor regions: 2->3(4)
[241.685s][info][gc,heap        ] GC(290) Old regions: 408->408
[241.685s][info][gc,heap        ] GC(290) Archive regions: 2->2
[241.685s][info][gc,heap        ] GC(290) Humongous regions: 11->11
[241.685s][info][gc,metaspace   ] GC(290) Metaspace: 44122K(45312K)->44122K(45312K) NonClass: 38882K(39680K)->38882K(39680K) Class: 5239K(5632K)->5239K(5632K)
[241.685s][info][gc             ] GC(290) Pause Young (Normal) (G1 Evacuation Pause) 447M->419M(512M) 2.122ms
[241.685s][info][gc,cpu         ] GC(290) User=0.01s Sys=0.00s Real=0.00s
[241.839s][info][gc,start       ] GC(291) Pause Young (Normal) (G1 Evacuation Pause)
[241.839s][info][gc,task        ] GC(291) Using 8 workers of 8 for evacuation
[241.841s][info][gc,phases      ] GC(291)   Pre Evacuate Collection Set: 0.1ms
[241.841s][info][gc,phases      ] GC(291)   Merge Heap Roots: 0.1ms
[241.841s][info][gc,phases      ] GC(291)   Evacuate Collection Set: 1.5ms
[241.841s][info][gc,phases      ] GC(291)   Post Evacuate Collection Set: 0.3ms
[241.841s][info][gc,phases      ] GC(291)   Other: 0.2ms
[241.841s][info][gc,heap        ] GC(291) Eden regions: 28->0(28)
[241.841s][info][gc,heap        ] GC(291) Survivor regions: 3->2(4)
[241.841s][info][gc,heap        ] GC(291) Old regions: 408->410
[241.841s][info][gc,heap        ] GC(291) Archive regions: 2->2
[241.841s][info][gc,heap        ] GC(291) Humongous regions: 11->11
[241.841s][info][gc,metaspace   ] GC(291) Metaspace: 44122K(45312K)->44122K(45312K) NonClass: 38882K(39680K)->38882K(39680K) Class: 5239K(5632K)->5239K(5632K)
[241.841s][info][gc             ] GC(291) Pause Young (Normal) (G1 Evacuation Pause) 447M->420M(512M) 2.191ms
[241.841s][info][gc,cpu         ] GC(291) User=0.01s Sys=0.00s Real=0.00s
[241.978s][info][gc,start       ] GC(292) Pause Young (Normal) (G1 Evacuation Pause)
[241.978s][info][gc,task        ] GC(292) Using 8 workers of 8 for evacuation
[241.980s][info][gc,phases      ] GC(292)   Pre Evacuate Collection Set: 0.1ms
[241.980s][info][gc,phases      ] GC(292)   Merge Heap Roots: 0.0ms
[241.980s][info][gc,phases      ] GC(292)   Evacuate Collection Set: 1.5ms
[241.980s][info][gc,phases      ] GC(292)   Post Evacuate Collection Set: 0.2ms
[241.980s][info][gc,phases      ] GC(292)   Other: 0.2ms
[241.980s][info][gc,heap        ] GC(292) Eden regions: 28->0(28)
[241.980s][info][gc,heap        ] GC(292) Survivor regions: 2->3(4)
[241.980s][info][gc,heap        ] GC(292) Old regions: 410->410
[241.980s][info][gc,heap        ] GC(292) Archive regions: 2->2
[241.980s][info][gc,heap        ] GC(292) Humongous regions: 11->11
[241.980s][info][gc,metaspace   ] GC(292) Metaspace: 44122K(45312K)->44122K(45312K) NonClass: 38882K(39680K)->38882K(39680K) Class: 5239K(5632K)->5239K(5632K)
[241.980s][info][gc             ] GC(292) Pause Young (Normal) (G1 Evacuation Pause) 448M->421M(512M) 2.034ms
[241.980s][info][gc,cpu         ] GC(292) User=0.01s Sys=0.00s Real=0.00s
[242.130s][info][gc,start       ] GC(293) Pause Young (Normal) (G1 Evacuation Pause)
[242.130s][info][gc,task        ] GC(293) Using 8 workers of 8 for evacuation
[242.132s][info][gc,phases      ] GC(293)   Pre Evacuate Collection Set: 0.1ms
[242.132s][info][gc,phases      ] GC(293)   Merge Heap Roots: 0.1ms
[242.132s][info][gc,phases      ] GC(293)   Evacuate Collection Set: 1.8ms
[242.132s][info][gc,phases      ] GC(293)   Post Evacuate Collection Set: 0.2ms
[242.132s][info][gc,phases      ] GC(293)   Other: 0.1ms
[242.132s][info][gc,heap        ] GC(293) Eden regions: 28->0(28)
[242.132s][info][gc,heap        ] GC(293) Survivor regions: 3->3(4)
[242.132s][info][gc,heap        ] GC(293) Old regions: 410->411
[242.132s][info][gc,heap        ] GC(293) Archive regions: 2->2
[242.132s][info][gc,heap        ] GC(293) Humongous regions: 11->11
[242.132s][info][gc,metaspace   ] GC(293) Metaspace: 44123K(45312K)->44123K(45312K) NonClass: 38884K(39680K)->38884K(39680K) Class: 5239K(5632K)->5239K(5632K)
[242.132s][info][gc             ] GC(293) Pause Young (Normal) (G1 Evacuation Pause) 449M->421M(512M) 2.480ms
[242.132s][info][gc,cpu         ] GC(293) User=0.02s Sys=0.00s Real=0.00s
[242.216s][info][gc,marking     ] GC(289) Concurrent Mark From Roots 668.780ms
[242.216s][info][gc,marking     ] GC(289) Concurrent Preclean
[242.216s][info][gc,marking     ] GC(289) Concurrent Preclean 0.076ms
[242.216s][info][gc,marking     ] GC(289) Concurrent Mark (241.547s, 242.216s) 668.916ms
[242.216s][info][gc,start       ] GC(289) Pause Remark
[242.219s][info][gc             ] GC(289) Pause Remark 439M->439M(512M) 2.755ms
[242.219s][info][gc,cpu         ] GC(289) User=0.01s Sys=0.00s Real=0.00s
[242.219s][info][gc,marking     ] GC(289) Concurrent Rebuild Remembered Sets
[242.268s][info][gc,start       ] GC(294) Pause Young (Normal) (G1 Evacuation Pause)
[242.268s][info][gc,task        ] GC(294) Using 8 workers of 8 for evacuation
[242.271s][info][gc,phases      ] GC(294)   Pre Evacuate Collection Set: 0.1ms
[242.271s][info][gc,phases      ] GC(294)   Merge Heap Roots: 0.0ms
[242.271s][info][gc,phases      ] GC(294)   Evacuate Collection Set: 1.7ms
[242.271s][info][gc,phases      ] GC(294)   Post Evacuate Collection Set: 0.3ms
[242.271s][info][gc,phases      ] GC(294)   Other: 0.1ms
[242.271s][info][gc,heap        ] GC(294) Eden regions: 28->0(28)
[242.271s][info][gc,heap        ] GC(294) Survivor regions: 3->3(4)
[242.271s][info][gc,heap        ] GC(294) Old regions: 411->411
[242.271s][info][gc,heap        ] GC(294) Archive regions: 2->2
[242.271s][info][gc,heap        ] GC(294) Humongous regions: 11->11
[242.271s][info][gc,metaspace   ] GC(294) Metaspace: 44125K(45312K)->44125K(45312K) NonClass: 38886K(39680K)->38886K(39680K) Class: 5239K(5632K)->5239K(5632K)
[242.271s][info][gc             ] GC(294) Pause Young (Normal) (G1 Evacuation Pause) 449M->422M(512M) 2.407ms
[242.271s][info][gc,cpu         ] GC(294) User=0.01s Sys=0.00s Real=0.00s
[242.400s][info][gc,start       ] GC(295) Pause Young (Normal) (G1 Evacuation Pause)
[242.400s][info][gc,task        ] GC(295) Using 8 workers of 8 for evacuation
[242.402s][info][gc,phases      ] GC(295)   Pre Evacuate Collection Set: 0.1ms
[242.402s][info][gc,phases      ] GC(295)   Merge Heap Roots: 0.0ms
[242.402s][info][gc,phases      ] GC(295)   Evacuate Collection Set: 2.1ms
[242.402s][info][gc,phases      ] GC(295)   Post Evacuate Collection Set: 0.3ms
[242.402s][info][gc,phases      ] GC(295)   Other: 0.1ms
[242.402s][info][gc,heap        ] GC(295) Eden regions: 28->0(28)
[242.402s][info][gc,heap        ] GC(295) Survivor regions: 3->3(4)
[242.402s][info][gc,heap        ] GC(295) Old regions: 411->412
[242.402s][info][gc,heap        ] GC(295) Archive regions: 2->2
[242.402s][info][gc,heap        ] GC(295) Humongous regions: 11->11
[242.402s][info][gc,metaspace   ] GC(295) Metaspace: 44125K(45312K)->44125K(45312K) NonClass: 38886K(39680K)->38886K(39680K) Class: 5239K(5632K)->5239K(5632K)
[242.402s][info][gc             ] GC(295) Pause Young (Normal) (G1 Evacuation Pause) 450M->423M(512M) 2.749ms
[242.402s][info][gc,cpu         ] GC(295) User=0.01s Sys=0.00s Real=0.00s
[242.523s][info][gc,start       ] GC(296) Pause Young (Normal) (G1 Evacuation Pause)
[242.523s][info][gc,task        ] GC(296) Using 8 workers of 8 for evacuation
[242.526s][info][gc,phases      ] GC(296)   Pre Evacuate Collection Set: 0.1ms
[242.526s][info][gc,phases      ] GC(296)   Merge Heap Roots: 0.1ms
[242.526s][info][gc,phases      ] GC(296)   Evacuate Collection Set: 2.0ms
[242.526s][info][gc,phases      ] GC(296)   Post Evacuate Collection Set: 0.3ms
[242.526s][info][gc,phases      ] GC(296)   Other: 0.2ms
[242.526s][info][gc,heap        ] GC(296) Eden regions: 28->0(27)
[242.526s][info][gc,heap        ] GC(296) Survivor regions: 3->3(4)
[242.526s][info][gc,heap        ] GC(296) Old regions: 412->413
[242.526s][info][gc,heap        ] GC(296) Archive regions: 2->2
[242.526s][info][gc,heap        ] GC(296) Humongous regions: 11->11
[242.526s][info][gc,metaspace   ] GC(296) Metaspace: 44125K(45312K)->44125K(45312K) NonClass: 38886K(39680K)->38886K(39680K) Class: 5239K(5632K)->5239K(5632K)
[242.526s][info][gc             ] GC(296) Pause Young (Normal) (G1 Evacuation Pause) 451M->423M(512M) 2.726ms
[242.526s][info][gc,cpu         ] GC(296) User=0.02s Sys=0.00s Real=0.01s
[242.579s][info][gc,marking     ] GC(289) Concurrent Rebuild Remembered Sets 360.700ms
[242.580s][info][gc,start       ] GC(289) Pause Cleanup
[242.580s][info][gc             ] GC(289) Pause Cleanup 437M->437M(512M) 0.231ms
[242.580s][info][gc,cpu         ] GC(289) User=0.00s Sys=0.00s Real=0.00s
[242.580s][info][gc,marking     ] GC(289) Concurrent Cleanup for Next Mark
[242.581s][info][gc,marking     ] GC(289) Concurrent Cleanup for Next Mark 0.825ms
[242.581s][info][gc             ] GC(289) Concurrent Cycle 1036.547ms
[242.634s][info][gc,start       ] GC(297) Pause Young (Normal) (G1 Evacuation Pause)
[242.634s][info][gc,task        ] GC(297) Using 8 workers of 8 for evacuation
[242.637s][info][gc,phases      ] GC(297)   Pre Evacuate Collection Set: 0.1ms
[242.637s][info][gc,phases      ] GC(297)   Merge Heap Roots: 0.0ms
[242.637s][info][gc,phases      ] GC(297)   Evacuate Collection Set: 2.0ms
[242.637s][info][gc,phases      ] GC(297)   Post Evacuate Collection Set: 0.2ms
[242.637s][info][gc,phases      ] GC(297)   Other: 0.2ms
[242.637s][info][gc,heap        ] GC(297) Eden regions: 27->0(27)
[242.637s][info][gc,heap        ] GC(297) Survivor regions: 3->3(4)
[242.637s][info][gc,heap        ] GC(297) Old regions: 413->414
[242.637s][info][gc,heap        ] GC(297) Archive regions: 2->2
[242.637s][info][gc,heap        ] GC(297) Humongous regions: 11->11
[242.637s][info][gc,metaspace   ] GC(297) Metaspace: 44125K(45312K)->44125K(45312K) NonClass: 38886K(39680K)->38886K(39680K) Class: 5239K(5632K)->5239K(5632K)
[242.637s][info][gc             ] GC(297) Pause Young (Normal) (G1 Evacuation Pause) 450M->424M(512M) 2.653ms
[242.637s][info][gc,cpu         ] GC(297) User=0.01s Sys=0.01s Real=0.01s
[242.745s][info][gc,start       ] GC(298) Pause Young (Concurrent Start) (G1 Evacuation Pause)
[242.745s][info][gc,task        ] GC(298) Using 8 workers of 8 for evacuation
[242.747s][info][gc,phases      ] GC(298)   Pre Evacuate Collection Set: 0.1ms
[242.747s][info][gc,phases      ] GC(298)   Merge Heap Roots: 0.0ms
[242.747s][info][gc,phases      ] GC(298)   Evacuate Collection Set: 1.9ms
[242.747s][info][gc,phases      ] GC(298)   Post Evacuate Collection Set: 0.2ms
[242.747s][info][gc,phases      ] GC(298)   Other: 0.2ms
[242.747s][info][gc,heap        ] GC(298) Eden regions: 27->0(27)
[242.747s][info][gc,heap        ] GC(298) Survivor regions: 3->3(4)
[242.747s][info][gc,heap        ] GC(298) Old regions: 414->414
[242.747s][info][gc,heap        ] GC(298) Archive regions: 2->2
[242.747s][info][gc,heap        ] GC(298) Humongous regions: 11->11
[242.747s][info][gc,metaspace   ] GC(298) Metaspace: 44125K(45312K)->44125K(45312K) NonClass: 38886K(39680K)->38886K(39680K) Class: 5239K(5632K)->5239K(5632K)
[242.748s][info][gc             ] GC(298) Pause Young (Concurrent Start) (G1 Evacuation Pause) 451M->425M(512M) 2.492ms
[242.748s][info][gc,cpu         ] GC(298) User=0.01s Sys=0.00s Real=0.01s
[242.748s][info][gc             ] GC(299) Concurrent Cycle
[242.748s][info][gc,marking     ] GC(299) Concurrent Clear Claimed Marks
[242.748s][info][gc,marking     ] GC(299) Concurrent Clear Claimed Marks 0.030ms
[242.748s][info][gc,marking     ] GC(299) Concurrent Scan Root Regions
[242.750s][info][gc,marking     ] GC(299) Concurrent Scan Root Regions 2.198ms
[242.750s][info][gc,marking     ] GC(299) Concurrent Mark (242.750s)
[242.750s][info][gc,marking     ] GC(299) Concurrent Mark From Roots
[242.750s][info][gc,task        ] GC(299) Using 2 workers of 2 for marking
[242.875s][info][gc,start       ] GC(300) Pause Young (Normal) (G1 Evacuation Pause)
[242.875s][info][gc,task        ] GC(300) Using 8 workers of 8 for evacuation
[242.877s][info][gc,phases      ] GC(300)   Pre Evacuate Collection Set: 0.1ms
[242.877s][info][gc,phases      ] GC(300)   Merge Heap Roots: 0.0ms
[242.877s][info][gc,phases      ] GC(300)   Evacuate Collection Set: 1.8ms
[242.877s][info][gc,phases      ] GC(300)   Post Evacuate Collection Set: 0.2ms
[242.877s][info][gc,phases      ] GC(300)   Other: 0.1ms
[242.877s][info][gc,heap        ] GC(300) Eden regions: 27->0(27)
[242.877s][info][gc,heap        ] GC(300) Survivor regions: 3->3(4)
[242.877s][info][gc,heap        ] GC(300) Old regions: 414->414
[242.877s][info][gc,heap        ] GC(300) Archive regions: 2->2
[242.877s][info][gc,heap        ] GC(300) Humongous regions: 11->11
[242.877s][info][gc,metaspace   ] GC(300) Metaspace: 44125K(45312K)->44125K(45312K) NonClass: 38886K(39680K)->38886K(39680K) Class: 5239K(5632K)->5239K(5632K)
[242.877s][info][gc             ] GC(300) Pause Young (Normal) (G1 Evacuation Pause) 452M->425M(512M) 2.392ms
[242.877s][info][gc,cpu         ] GC(300) User=0.01s Sys=0.00s Real=0.01s
[243.004s][info][gc,start       ] GC(301) Pause Young (Normal) (G1 Evacuation Pause)
[243.004s][info][gc,task        ] GC(301) Using 8 workers of 8 for evacuation
[243.006s][info][gc,phases      ] GC(301)   Pre Evacuate Collection Set: 0.1ms
[243.006s][info][gc,phases      ] GC(301)   Merge Heap Roots: 0.1ms
[243.006s][info][gc,phases      ] GC(301)   Evacuate Collection Set: 2.2ms
[243.006s][info][gc,phases      ] GC(301)   Post Evacuate Collection Set: 0.2ms
[243.006s][info][gc,phases      ] GC(301)   Other: 0.1ms
[243.006s][info][gc,heap        ] GC(301) Eden regions: 27->0(26)
[243.006s][info][gc,heap        ] GC(301) Survivor regions: 3->3(4)
[243.007s][info][gc,heap        ] GC(301) Old regions: 414->415
[243.007s][info][gc,heap        ] GC(301) Archive regions: 2->2
[243.007s][info][gc,heap        ] GC(301) Humongous regions: 11->11
[243.007s][info][gc,metaspace   ] GC(301) Metaspace: 44126K(45312K)->44126K(45312K) NonClass: 38887K(39680K)->38887K(39680K) Class: 5239K(5632K)->5239K(5632K)
[243.007s][info][gc             ] GC(301) Pause Young (Normal) (G1 Evacuation Pause) 452M->426M(512M) 2.803ms
[243.007s][info][gc,cpu         ] GC(301) User=0.02s Sys=0.00s Real=0.01s
[243.154s][info][gc,start       ] GC(302) Pause Young (Normal) (G1 Evacuation Pause)
[243.154s][info][gc,task        ] GC(302) Using 8 workers of 8 for evacuation
[243.157s][info][gc,phases      ] GC(302)   Pre Evacuate Collection Set: 0.1ms
[243.157s][info][gc,phases      ] GC(302)   Merge Heap Roots: 0.0ms
[243.157s][info][gc,phases      ] GC(302)   Evacuate Collection Set: 2.1ms
[243.157s][info][gc,phases      ] GC(302)   Post Evacuate Collection Set: 0.2ms
[243.157s][info][gc,phases      ] GC(302)   Other: 0.1ms
[243.157s][info][gc,heap        ] GC(302) Eden regions: 26->0(25)
[243.157s][info][gc,heap        ] GC(302) Survivor regions: 3->3(4)
[243.157s][info][gc,heap        ] GC(302) Old regions: 415->416
[243.157s][info][gc,heap        ] GC(302) Archive regions: 2->2
[243.157s][info][gc,heap        ] GC(302) Humongous regions: 11->11
[243.157s][info][gc,metaspace   ] GC(302) Metaspace: 44127K(45312K)->44127K(45312K) NonClass: 38887K(39680K)->38887K(39680K) Class: 5239K(5632K)->5239K(5632K)
[243.157s][info][gc             ] GC(302) Pause Young (Normal) (G1 Evacuation Pause) 452M->427M(512M) 2.615ms
[243.157s][info][gc,cpu         ] GC(302) User=0.02s Sys=0.00s Real=0.01s
[243.277s][info][gc,start       ] GC(303) Pause Young (Normal) (G1 Evacuation Pause)
[243.277s][info][gc,task        ] GC(303) Using 8 workers of 8 for evacuation
[243.280s][info][gc,phases      ] GC(303)   Pre Evacuate Collection Set: 0.1ms
[243.280s][info][gc,phases      ] GC(303)   Merge Heap Roots: 0.0ms
[243.280s][info][gc,phases      ] GC(303)   Evacuate Collection Set: 2.2ms
[243.280s][info][gc,phases      ] GC(303)   Post Evacuate Collection Set: 0.2ms
[243.280s][info][gc,phases      ] GC(303)   Other: 0.2ms
[243.280s][info][gc,heap        ] GC(303) Eden regions: 25->0(25)
[243.280s][info][gc,heap        ] GC(303) Survivor regions: 3->3(4)
[243.280s][info][gc,heap        ] GC(303) Old regions: 416->416
[243.280s][info][gc,heap        ] GC(303) Archive regions: 2->2
[243.280s][info][gc,heap        ] GC(303) Humongous regions: 11->11
[243.280s][info][gc,metaspace   ] GC(303) Metaspace: 44127K(45312K)->44127K(45312K) NonClass: 38887K(39680K)->38887K(39680K) Class: 5239K(5632K)->5239K(5632K)
[243.280s][info][gc             ] GC(303) Pause Young (Normal) (G1 Evacuation Pause) 452M->427M(512M) 2.795ms
[243.280s][info][gc,cpu         ] GC(303) User=0.02s Sys=0.00s Real=0.00s
[243.389s][info][gc,marking     ] GC(299) Concurrent Mark From Roots 638.747ms
[243.389s][info][gc,marking     ] GC(299) Concurrent Preclean
[243.389s][info][gc,marking     ] GC(299) Concurrent Preclean 0.082ms
[243.389s][info][gc,marking     ] GC(299) Concurrent Mark (242.750s, 243.389s) 638.904ms
[243.389s][info][gc,start       ] GC(299) Pause Remark
[243.391s][info][gc             ] GC(299) Pause Remark 450M->450M(512M) 1.582ms
[243.391s][info][gc,cpu         ] GC(299) User=0.01s Sys=0.00s Real=0.00s
[243.391s][info][gc,marking     ] GC(299) Concurrent Rebuild Remembered Sets
[243.399s][info][gc,start       ] GC(304) Pause Young (Normal) (G1 Evacuation Pause)
[243.399s][info][gc,task        ] GC(304) Using 8 workers of 8 for evacuation
[243.401s][info][gc,phases      ] GC(304)   Pre Evacuate Collection Set: 0.1ms
[243.401s][info][gc,phases      ] GC(304)   Merge Heap Roots: 0.1ms
[243.401s][info][gc,phases      ] GC(304)   Evacuate Collection Set: 2.0ms
[243.401s][info][gc,phases      ] GC(304)   Post Evacuate Collection Set: 0.2ms
[243.401s][info][gc,phases      ] GC(304)   Other: 0.1ms
[243.401s][info][gc,heap        ] GC(304) Eden regions: 25->0(24)
[243.401s][info][gc,heap        ] GC(304) Survivor regions: 3->3(4)
[243.401s][info][gc,heap        ] GC(304) Old regions: 416->417
[243.401s][info][gc,heap        ] GC(304) Archive regions: 2->2
[243.401s][info][gc,heap        ] GC(304) Humongous regions: 11->11
[243.401s][info][gc,metaspace   ] GC(304) Metaspace: 44127K(45312K)->44127K(45312K) NonClass: 38887K(39680K)->38887K(39680K) Class: 5239K(5632K)->5239K(5632K)
[243.401s][info][gc             ] GC(304) Pause Young (Normal) (G1 Evacuation Pause) 452M->428M(512M) 2.588ms
[243.401s][info][gc,cpu         ] GC(304) User=0.02s Sys=0.00s Real=0.00s
[243.509s][info][gc,start       ] GC(305) Pause Young (Normal) (G1 Evacuation Pause)
[243.510s][info][gc,task        ] GC(305) Using 8 workers of 8 for evacuation
[243.512s][info][gc,phases      ] GC(305)   Pre Evacuate Collection Set: 0.1ms
[243.512s][info][gc,phases      ] GC(305)   Merge Heap Roots: 0.1ms
[243.512s][info][gc,phases      ] GC(305)   Evacuate Collection Set: 1.9ms
[243.512s][info][gc,phases      ] GC(305)   Post Evacuate Collection Set: 0.2ms
[243.512s][info][gc,phases      ] GC(305)   Other: 0.1ms
[243.512s][info][gc,heap        ] GC(305) Eden regions: 24->0(23)
[243.512s][info][gc,heap        ] GC(305) Survivor regions: 3->3(4)
[243.512s][info][gc,heap        ] GC(305) Old regions: 417->418
[243.512s][info][gc,heap        ] GC(305) Archive regions: 2->2
[243.512s][info][gc,heap        ] GC(305) Humongous regions: 11->11
[243.512s][info][gc,metaspace   ] GC(305) Metaspace: 44127K(45312K)->44127K(45312K) NonClass: 38887K(39680K)->38887K(39680K) Class: 5239K(5632K)->5239K(5632K)
[243.512s][info][gc             ] GC(305) Pause Young (Normal) (G1 Evacuation Pause) 452M->429M(512M) 2.459ms
[243.512s][info][gc,cpu         ] GC(305) User=0.02s Sys=0.00s Real=0.00s
[243.613s][info][gc,start       ] GC(306) Pause Young (Normal) (G1 Evacuation Pause)
[243.613s][info][gc,task        ] GC(306) Using 8 workers of 8 for evacuation
[243.615s][info][gc,phases      ] GC(306)   Pre Evacuate Collection Set: 0.1ms
[243.615s][info][gc,phases      ] GC(306)   Merge Heap Roots: 0.0ms
[243.615s][info][gc,phases      ] GC(306)   Evacuate Collection Set: 2.0ms
[243.615s][info][gc,phases      ] GC(306)   Post Evacuate Collection Set: 0.2ms
[243.615s][info][gc,phases      ] GC(306)   Other: 0.1ms
[243.615s][info][gc,heap        ] GC(306) Eden regions: 23->0(23)
[243.615s][info][gc,heap        ] GC(306) Survivor regions: 3->3(4)
[243.615s][info][gc,heap        ] GC(306) Old regions: 418->418
[243.615s][info][gc,heap        ] GC(306) Archive regions: 2->2
[243.615s][info][gc,heap        ] GC(306) Humongous regions: 11->11
[243.615s][info][gc,metaspace   ] GC(306) Metaspace: 44127K(45312K)->44127K(45312K) NonClass: 38887K(39680K)->38887K(39680K) Class: 5239K(5632K)->5239K(5632K)
[243.616s][info][gc             ] GC(306) Pause Young (Normal) (G1 Evacuation Pause) 452M->429M(512M) 2.500ms
[243.616s][info][gc,cpu         ] GC(306) User=0.02s Sys=0.00s Real=0.01s
[243.724s][info][gc,start       ] GC(307) Pause Young (Normal) (G1 Evacuation Pause)
[243.724s][info][gc,task        ] GC(307) Using 8 workers of 8 for evacuation
[243.726s][info][gc,phases      ] GC(307)   Pre Evacuate Collection Set: 0.1ms
[243.726s][info][gc,phases      ] GC(307)   Merge Heap Roots: 0.1ms
[243.726s][info][gc,phases      ] GC(307)   Evacuate Collection Set: 2.3ms
[243.726s][info][gc,phases      ] GC(307)   Post Evacuate Collection Set: 0.2ms
[243.726s][info][gc,phases      ] GC(307)   Other: 0.1ms
[243.726s][info][gc,heap        ] GC(307) Eden regions: 23->0(22)
[243.726s][info][gc,heap        ] GC(307) Survivor regions: 3->3(4)
[243.726s][info][gc,heap        ] GC(307) Old regions: 418->419
[243.726s][info][gc,heap        ] GC(307) Archive regions: 2->2
[243.726s][info][gc,heap        ] GC(307) Humongous regions: 11->11
[243.726s][info][gc,metaspace   ] GC(307) Metaspace: 44127K(45312K)->44127K(45312K) NonClass: 38887K(39680K)->38887K(39680K) Class: 5239K(5632K)->5239K(5632K)
[243.727s][info][gc             ] GC(307) Pause Young (Normal) (G1 Evacuation Pause) 452M->430M(512M) 2.900ms
[243.727s][info][gc,cpu         ] GC(307) User=0.01s Sys=0.00s Real=0.01s
[243.772s][info][gc,marking     ] GC(299) Concurrent Rebuild Remembered Sets 381.162ms
[243.772s][info][gc,start       ] GC(299) Pause Cleanup
[243.772s][info][gc             ] GC(299) Pause Cleanup 438M->438M(512M) 0.245ms
[243.772s][info][gc,cpu         ] GC(299) User=0.00s Sys=0.00s Real=0.00s
[243.772s][info][gc,marking     ] GC(299) Concurrent Cleanup for Next Mark
[243.773s][info][gc,marking     ] GC(299) Concurrent Cleanup for Next Mark 0.746ms
[243.773s][info][gc             ] GC(299) Concurrent Cycle 1025.558ms
[243.828s][info][gc,start       ] GC(308) Pause Young (Normal) (G1 Evacuation Pause)
[243.828s][info][gc,task        ] GC(308) Using 8 workers of 8 for evacuation
[243.830s][info][gc,phases      ] GC(308)   Pre Evacuate Collection Set: 0.1ms
[243.830s][info][gc,phases      ] GC(308)   Merge Heap Roots: 0.1ms
[243.830s][info][gc,phases      ] GC(308)   Evacuate Collection Set: 2.3ms
[243.830s][info][gc,phases      ] GC(308)   Post Evacuate Collection Set: 0.2ms
[243.830s][info][gc,phases      ] GC(308)   Other: 0.1ms
[243.830s][info][gc,heap        ] GC(308) Eden regions: 22->0(22)
[243.830s][info][gc,heap        ] GC(308) Survivor regions: 3->3(4)
[243.830s][info][gc,heap        ] GC(308) Old regions: 419->420
[243.830s][info][gc,heap        ] GC(308) Archive regions: 2->2
[243.830s][info][gc,heap        ] GC(308) Humongous regions: 11->11
[243.830s][info][gc,metaspace   ] GC(308) Metaspace: 44127K(45312K)->44127K(45312K) NonClass: 38887K(39680K)->38887K(39680K) Class: 5239K(5632K)->5239K(5632K)
[243.830s][info][gc             ] GC(308) Pause Young (Normal) (G1 Evacuation Pause) 452M->430M(512M) 2.839ms
[243.830s][info][gc,cpu         ] GC(308) User=0.02s Sys=0.01s Real=0.00s
[243.914s][info][gc,start       ] GC(309) Pause Young (Concurrent Start) (G1 Evacuation Pause)
[243.914s][info][gc,task        ] GC(309) Using 8 workers of 8 for evacuation
[243.917s][info][gc,phases      ] GC(309)   Pre Evacuate Collection Set: 0.1ms
[243.917s][info][gc,phases      ] GC(309)   Merge Heap Roots: 0.0ms
[243.917s][info][gc,phases      ] GC(309)   Evacuate Collection Set: 2.0ms
[243.917s][info][gc,phases      ] GC(309)   Post Evacuate Collection Set: 0.3ms
[243.917s][info][gc,phases      ] GC(309)   Other: 0.2ms
[243.917s][info][gc,heap        ] GC(309) Eden regions: 22->0(22)
[243.917s][info][gc,heap        ] GC(309) Survivor regions: 3->3(4)
[243.917s][info][gc,heap        ] GC(309) Old regions: 420->420
[243.917s][info][gc,heap        ] GC(309) Archive regions: 2->2
[243.917s][info][gc,heap        ] GC(309) Humongous regions: 11->11
[243.917s][info][gc,metaspace   ] GC(309) Metaspace: 44127K(45312K)->44127K(45312K) NonClass: 38888K(39680K)->38888K(39680K) Class: 5239K(5632K)->5239K(5632K)
[243.917s][info][gc             ] GC(309) Pause Young (Concurrent Start) (G1 Evacuation Pause) 452M->431M(512M) 2.680ms
[243.917s][info][gc,cpu         ] GC(309) User=0.02s Sys=0.00s Real=0.01s
[243.917s][info][gc             ] GC(310) Concurrent Cycle
[243.917s][info][gc,marking     ] GC(310) Concurrent Clear Claimed Marks
[243.917s][info][gc,marking     ] GC(310) Concurrent Clear Claimed Marks 0.037ms
[243.917s][info][gc,marking     ] GC(310) Concurrent Scan Root Regions
[243.920s][info][gc,marking     ] GC(310) Concurrent Scan Root Regions 2.267ms
[243.920s][info][gc,marking     ] GC(310) Concurrent Mark (243.920s)
[243.920s][info][gc,marking     ] GC(310) Concurrent Mark From Roots
[243.920s][info][gc,task        ] GC(310) Using 2 workers of 2 for marking
[244.034s][info][gc,start       ] GC(311) Pause Young (Normal) (G1 Evacuation Pause)
[244.034s][info][gc,task        ] GC(311) Using 8 workers of 8 for evacuation
[244.037s][info][gc,phases      ] GC(311)   Pre Evacuate Collection Set: 0.1ms
[244.037s][info][gc,phases      ] GC(311)   Merge Heap Roots: 0.0ms
[244.037s][info][gc,phases      ] GC(311)   Evacuate Collection Set: 2.1ms
[244.037s][info][gc,phases      ] GC(311)   Post Evacuate Collection Set: 0.2ms
[244.037s][info][gc,phases      ] GC(311)   Other: 0.1ms
[244.037s][info][gc,heap        ] GC(311) Eden regions: 22->0(22)
[244.037s][info][gc,heap        ] GC(311) Survivor regions: 3->3(4)
[244.037s][info][gc,heap        ] GC(311) Old regions: 420->421
[244.037s][info][gc,heap        ] GC(311) Archive regions: 2->2
[244.037s][info][gc,heap        ] GC(311) Humongous regions: 11->11
[244.037s][info][gc,metaspace   ] GC(311) Metaspace: 44127K(45312K)->44127K(45312K) NonClass: 38888K(39680K)->38888K(39680K) Class: 5239K(5632K)->5239K(5632K)
[244.037s][info][gc             ] GC(311) Pause Young (Normal) (G1 Evacuation Pause) 453M->431M(512M) 2.710ms
[244.037s][info][gc,cpu         ] GC(311) User=0.02s Sys=0.00s Real=0.01s
[244.162s][info][gc,start       ] GC(312) Pause Young (Normal) (G1 Evacuation Pause)
[244.162s][info][gc,task        ] GC(312) Using 8 workers of 8 for evacuation
[244.164s][info][gc,phases      ] GC(312)   Pre Evacuate Collection Set: 0.1ms
[244.164s][info][gc,phases      ] GC(312)   Merge Heap Roots: 0.0ms
[244.164s][info][gc,phases      ] GC(312)   Evacuate Collection Set: 2.1ms
[244.164s][info][gc,phases      ] GC(312)   Post Evacuate Collection Set: 0.2ms
[244.164s][info][gc,phases      ] GC(312)   Other: 0.2ms
[244.164s][info][gc,heap        ] GC(312) Eden regions: 22->0(22)
[244.164s][info][gc,heap        ] GC(312) Survivor regions: 3->3(4)
[244.164s][info][gc,heap        ] GC(312) Old regions: 421->421
[244.164s][info][gc,heap        ] GC(312) Archive regions: 2->2
[244.164s][info][gc,heap        ] GC(312) Humongous regions: 11->11
[244.164s][info][gc,metaspace   ] GC(312) Metaspace: 44127K(45312K)->44127K(45312K) NonClass: 38888K(39680K)->38888K(39680K) Class: 5239K(5632K)->5239K(5632K)
[244.164s][info][gc             ] GC(312) Pause Young (Normal) (G1 Evacuation Pause) 453M->432M(512M) 2.624ms
[244.164s][info][gc,cpu         ] GC(312) User=0.01s Sys=0.00s Real=0.00s
[244.279s][info][gc,start       ] GC(313) Pause Young (Normal) (G1 Evacuation Pause)
[244.279s][info][gc,task        ] GC(313) Using 8 workers of 8 for evacuation
[244.282s][info][gc,phases      ] GC(313)   Pre Evacuate Collection Set: 0.1ms
[244.282s][info][gc,phases      ] GC(313)   Merge Heap Roots: 0.0ms
[244.282s][info][gc,phases      ] GC(313)   Evacuate Collection Set: 2.0ms
[244.282s][info][gc,phases      ] GC(313)   Post Evacuate Collection Set: 0.2ms
[244.282s][info][gc,phases      ] GC(313)   Other: 0.1ms
[244.282s][info][gc,heap        ] GC(313) Eden regions: 22->0(22)
[244.282s][info][gc,heap        ] GC(313) Survivor regions: 3->3(4)
[244.282s][info][gc,heap        ] GC(313) Old regions: 421->422
[244.282s][info][gc,heap        ] GC(313) Archive regions: 2->2
[244.282s][info][gc,heap        ] GC(313) Humongous regions: 11->11
[244.282s][info][gc,metaspace   ] GC(313) Metaspace: 44127K(45312K)->44127K(45312K) NonClass: 38888K(39680K)->38888K(39680K) Class: 5239K(5632K)->5239K(5632K)
[244.282s][info][gc             ] GC(313) Pause Young (Normal) (G1 Evacuation Pause) 454M->433M(512M) 2.614ms
[244.282s][info][gc,cpu         ] GC(313) User=0.01s Sys=0.00s Real=0.00s
[244.396s][info][gc,start       ] GC(314) Pause Young (Normal) (G1 Evacuation Pause)
[244.396s][info][gc,task        ] GC(314) Using 8 workers of 8 for evacuation
[244.398s][info][gc,phases      ] GC(314)   Pre Evacuate Collection Set: 0.1ms
[244.398s][info][gc,phases      ] GC(314)   Merge Heap Roots: 0.0ms
[244.398s][info][gc,phases      ] GC(314)   Evacuate Collection Set: 1.8ms
[244.398s][info][gc,phases      ] GC(314)   Post Evacuate Collection Set: 0.2ms
[244.398s][info][gc,phases      ] GC(314)   Other: 0.1ms
[244.398s][info][gc,heap        ] GC(314) Eden regions: 22->0(22)
[244.398s][info][gc,heap        ] GC(314) Survivor regions: 3->3(4)
[244.398s][info][gc,heap        ] GC(314) Old regions: 422->423
[244.399s][info][gc,heap        ] GC(314) Archive regions: 2->2
[244.399s][info][gc,heap        ] GC(314) Humongous regions: 11->11
[244.399s][info][gc,metaspace   ] GC(314) Metaspace: 44128K(45312K)->44128K(45312K) NonClass: 38888K(39680K)->38888K(39680K) Class: 5239K(5632K)->5239K(5632K)
[244.399s][info][gc             ] GC(314) Pause Young (Normal) (G1 Evacuation Pause) 455M->433M(512M) 2.325ms
[244.399s][info][gc,cpu         ] GC(314) User=0.01s Sys=0.00s Real=0.00s
[244.506s][info][gc,start       ] GC(315) Pause Young (Normal) (G1 Evacuation Pause)
[244.506s][info][gc,task        ] GC(315) Using 8 workers of 8 for evacuation
[244.508s][info][gc,phases      ] GC(315)   Pre Evacuate Collection Set: 0.1ms
[244.509s][info][gc,phases      ] GC(315)   Merge Heap Roots: 0.0ms
[244.509s][info][gc,phases      ] GC(315)   Evacuate Collection Set: 1.8ms
[244.509s][info][gc,phases      ] GC(315)   Post Evacuate Collection Set: 0.2ms
[244.509s][info][gc,phases      ] GC(315)   Other: 0.2ms
[244.509s][info][gc,heap        ] GC(315) Eden regions: 22->0(22)
[244.509s][info][gc,heap        ] GC(315) Survivor regions: 3->3(4)
[244.509s][info][gc,heap        ] GC(315) Old regions: 423->423
[244.509s][info][gc,heap        ] GC(315) Archive regions: 2->2
[244.509s][info][gc,heap        ] GC(315) Humongous regions: 11->11
[244.509s][info][gc,metaspace   ] GC(315) Metaspace: 44128K(45312K)->44128K(45312K) NonClass: 38888K(39680K)->38888K(39680K) Class: 5239K(5632K)->5239K(5632K)
[244.509s][info][gc             ] GC(315) Pause Young (Normal) (G1 Evacuation Pause) 455M->434M(512M) 2.278ms
[244.509s][info][gc,cpu         ] GC(315) User=0.02s Sys=0.00s Real=0.00s
[244.600s][info][gc,marking     ] GC(310) Concurrent Mark From Roots 680.556ms
[244.600s][info][gc,marking     ] GC(310) Concurrent Preclean
[244.600s][info][gc,marking     ] GC(310) Concurrent Preclean 0.096ms
[244.600s][info][gc,marking     ] GC(310) Concurrent Mark (243.920s, 244.600s) 680.719ms
[244.600s][info][gc,start       ] GC(310) Pause Remark
[244.602s][info][gc             ] GC(310) Pause Remark 452M->452M(512M) 1.609ms
[244.602s][info][gc,cpu         ] GC(310) User=0.01s Sys=0.00s Real=0.00s
[244.602s][info][gc,marking     ] GC(310) Concurrent Rebuild Remembered Sets
[244.617s][info][gc,start       ] GC(316) Pause Young (Normal) (G1 Evacuation Pause)
[244.617s][info][gc,task        ] GC(316) Using 8 workers of 8 for evacuation
[244.619s][info][gc,phases      ] GC(316)   Pre Evacuate Collection Set: 0.1ms
[244.619s][info][gc,phases      ] GC(316)   Merge Heap Roots: 0.0ms
[244.619s][info][gc,phases      ] GC(316)   Evacuate Collection Set: 1.9ms
[244.619s][info][gc,phases      ] GC(316)   Post Evacuate Collection Set: 0.2ms
[244.619s][info][gc,phases      ] GC(316)   Other: 0.1ms
[244.619s][info][gc,heap        ] GC(316) Eden regions: 22->0(22)
[244.619s][info][gc,heap        ] GC(316) Survivor regions: 3->3(4)
[244.619s][info][gc,heap        ] GC(316) Old regions: 423->424
[244.619s][info][gc,heap        ] GC(316) Archive regions: 2->2
[244.619s][info][gc,heap        ] GC(316) Humongous regions: 11->11
[244.619s][info][gc,metaspace   ] GC(316) Metaspace: 44128K(45312K)->44128K(45312K) NonClass: 38888K(39680K)->38888K(39680K) Class: 5239K(5632K)->5239K(5632K)
[244.619s][info][gc             ] GC(316) Pause Young (Normal) (G1 Evacuation Pause) 456M->434M(512M) 2.381ms
[244.619s][info][gc,cpu         ] GC(316) User=0.01s Sys=0.00s Real=0.00s
[244.721s][info][gc,start       ] GC(317) Pause Young (Normal) (G1 Evacuation Pause)
[244.721s][info][gc,task        ] GC(317) Using 8 workers of 8 for evacuation
[244.723s][info][gc,phases      ] GC(317)   Pre Evacuate Collection Set: 0.1ms
[244.723s][info][gc,phases      ] GC(317)   Merge Heap Roots: 0.1ms
[244.723s][info][gc,phases      ] GC(317)   Evacuate Collection Set: 1.6ms
[244.723s][info][gc,phases      ] GC(317)   Post Evacuate Collection Set: 0.2ms
[244.723s][info][gc,phases      ] GC(317)   Other: 0.1ms
[244.723s][info][gc,heap        ] GC(317) Eden regions: 22->0(22)
[244.723s][info][gc,heap        ] GC(317) Survivor regions: 3->3(4)
[244.723s][info][gc,heap        ] GC(317) Old regions: 424->424
[244.723s][info][gc,heap        ] GC(317) Archive regions: 2->2
[244.723s][info][gc,heap        ] GC(317) Humongous regions: 11->11
[244.723s][info][gc,metaspace   ] GC(317) Metaspace: 44128K(45312K)->44128K(45312K) NonClass: 38888K(39680K)->38888K(39680K) Class: 5239K(5632K)->5239K(5632K)
[244.723s][info][gc             ] GC(317) Pause Young (Normal) (G1 Evacuation Pause) 456M->435M(512M) 2.155ms
[244.723s][info][gc,cpu         ] GC(317) User=0.01s Sys=0.00s Real=0.00s
[244.826s][info][gc,start       ] GC(318) Pause Young (Normal) (G1 Evacuation Pause)
[244.826s][info][gc,task        ] GC(318) Using 8 workers of 8 for evacuation
[244.829s][info][gc,phases      ] GC(318)   Pre Evacuate Collection Set: 0.1ms
[244.829s][info][gc,phases      ] GC(318)   Merge Heap Roots: 0.0ms
[244.829s][info][gc,phases      ] GC(318)   Evacuate Collection Set: 1.7ms
[244.829s][info][gc,phases      ] GC(318)   Post Evacuate Collection Set: 0.2ms
[244.829s][info][gc,phases      ] GC(318)   Other: 0.1ms
[244.829s][info][gc,heap        ] GC(318) Eden regions: 22->0(22)
[244.829s][info][gc,heap        ] GC(318) Survivor regions: 3->3(4)
[244.829s][info][gc,heap        ] GC(318) Old regions: 424->425
[244.829s][info][gc,heap        ] GC(318) Archive regions: 2->2
[244.829s][info][gc,heap        ] GC(318) Humongous regions: 11->11
[244.829s][info][gc,metaspace   ] GC(318) Metaspace: 44128K(45312K)->44128K(45312K) NonClass: 38888K(39680K)->38888K(39680K) Class: 5239K(5632K)->5239K(5632K)
[244.829s][info][gc             ] GC(318) Pause Young (Normal) (G1 Evacuation Pause) 457M->435M(512M) 2.204ms
[244.829s][info][gc,cpu         ] GC(318) User=0.01s Sys=0.00s Real=0.00s
[244.930s][info][gc,start       ] GC(319) Pause Young (Normal) (G1 Evacuation Pause)
[244.930s][info][gc,task        ] GC(319) Using 8 workers of 8 for evacuation
[244.932s][info][gc,phases      ] GC(319)   Pre Evacuate Collection Set: 0.1ms
[244.932s][info][gc,phases      ] GC(319)   Merge Heap Roots: 0.1ms
[244.932s][info][gc,phases      ] GC(319)   Evacuate Collection Set: 1.9ms
[244.932s][info][gc,phases      ] GC(319)   Post Evacuate Collection Set: 0.2ms
[244.932s][info][gc,phases      ] GC(319)   Other: 0.1ms
[244.932s][info][gc,heap        ] GC(319) Eden regions: 22->0(22)
[244.932s][info][gc,heap        ] GC(319) Survivor regions: 3->3(4)
[244.932s][info][gc,heap        ] GC(319) Old regions: 425->425
[244.932s][info][gc,heap        ] GC(319) Archive regions: 2->2
[244.932s][info][gc,heap        ] GC(319) Humongous regions: 11->11
[244.932s][info][gc,metaspace   ] GC(319) Metaspace: 44128K(45312K)->44128K(45312K) NonClass: 38888K(39680K)->38888K(39680K) Class: 5239K(5632K)->5239K(5632K)
[244.932s][info][gc             ] GC(319) Pause Young (Normal) (G1 Evacuation Pause) 457M->436M(512M) 2.409ms
[244.932s][info][gc,cpu         ] GC(319) User=0.02s Sys=0.00s Real=0.00s
[245.010s][info][gc,marking     ] GC(310) Concurrent Rebuild Remembered Sets 407.802ms
[245.010s][info][gc,start       ] GC(310) Pause Cleanup
[245.010s][info][gc             ] GC(310) Pause Cleanup 453M->453M(512M) 0.241ms
[245.010s][info][gc,cpu         ] GC(310) User=0.00s Sys=0.00s Real=0.00s
[245.011s][info][gc,marking     ] GC(310) Concurrent Cleanup for Next Mark
[245.012s][info][gc,marking     ] GC(310) Concurrent Cleanup for Next Mark 0.972ms
[245.012s][info][gc             ] GC(310) Concurrent Cycle 1094.365ms
[245.041s][info][gc,start       ] GC(320) Pause Young (Normal) (G1 Evacuation Pause)
[245.041s][info][gc,task        ] GC(320) Using 8 workers of 8 for evacuation
[245.044s][info][gc,phases      ] GC(320)   Pre Evacuate Collection Set: 0.1ms
[245.044s][info][gc,phases      ] GC(320)   Merge Heap Roots: 0.0ms
[245.044s][info][gc,phases      ] GC(320)   Evacuate Collection Set: 2.5ms
[245.044s][info][gc,phases      ] GC(320)   Post Evacuate Collection Set: 0.2ms
[245.044s][info][gc,phases      ] GC(320)   Other: 0.2ms
[245.044s][info][gc,heap        ] GC(320) Eden regions: 22->0(22)
[245.044s][info][gc,heap        ] GC(320) Survivor regions: 3->3(4)
[245.044s][info][gc,heap        ] GC(320) Old regions: 425->426
[245.044s][info][gc,heap        ] GC(320) Archive regions: 2->2
[245.044s][info][gc,heap        ] GC(320) Humongous regions: 11->11
[245.044s][info][gc,metaspace   ] GC(320) Metaspace: 44130K(45312K)->44130K(45312K) NonClass: 38890K(39680K)->38890K(39680K) Class: 5239K(5632K)->5239K(5632K)
[245.044s][info][gc             ] GC(320) Pause Young (Normal) (G1 Evacuation Pause) 458M->436M(512M) 3.115ms
[245.044s][info][gc,cpu         ] GC(320) User=0.02s Sys=0.00s Real=0.00s
[245.149s][info][gc,start       ] GC(321) Pause Young (Concurrent Start) (G1 Evacuation Pause)
[245.149s][info][gc,task        ] GC(321) Using 8 workers of 8 for evacuation
[245.151s][info][gc,phases      ] GC(321)   Pre Evacuate Collection Set: 0.1ms
[245.151s][info][gc,phases      ] GC(321)   Merge Heap Roots: 0.0ms
[245.151s][info][gc,phases      ] GC(321)   Evacuate Collection Set: 1.9ms
[245.151s][info][gc,phases      ] GC(321)   Post Evacuate Collection Set: 0.2ms
[245.151s][info][gc,phases      ] GC(321)   Other: 0.2ms
[245.151s][info][gc,heap        ] GC(321) Eden regions: 22->0(22)
[245.151s][info][gc,heap        ] GC(321) Survivor regions: 3->3(4)
[245.151s][info][gc,heap        ] GC(321) Old regions: 426->426
[245.151s][info][gc,heap        ] GC(321) Archive regions: 2->2
[245.151s][info][gc,heap        ] GC(321) Humongous regions: 11->11
[245.151s][info][gc,metaspace   ] GC(321) Metaspace: 44130K(45312K)->44130K(45312K) NonClass: 38890K(39680K)->38890K(39680K) Class: 5239K(5632K)->5239K(5632K)
[245.151s][info][gc             ] GC(321) Pause Young (Concurrent Start) (G1 Evacuation Pause) 458M->437M(512M) 2.557ms
[245.151s][info][gc,cpu         ] GC(321) User=0.02s Sys=0.00s Real=0.00s
[245.151s][info][gc             ] GC(322) Concurrent Cycle
[245.151s][info][gc,marking     ] GC(322) Concurrent Clear Claimed Marks
[245.151s][info][gc,marking     ] GC(322) Concurrent Clear Claimed Marks 0.026ms
[245.151s][info][gc,marking     ] GC(322) Concurrent Scan Root Regions
[245.154s][info][gc,marking     ] GC(322) Concurrent Scan Root Regions 3.205ms
[245.154s][info][gc,marking     ] GC(322) Concurrent Mark (245.154s)
[245.154s][info][gc,marking     ] GC(322) Concurrent Mark From Roots
[245.154s][info][gc,task        ] GC(322) Using 2 workers of 2 for marking
[245.267s][info][gc,start       ] GC(323) Pause Young (Normal) (G1 Evacuation Pause)
[245.267s][info][gc,task        ] GC(323) Using 8 workers of 8 for evacuation
[245.270s][info][gc,phases      ] GC(323)   Pre Evacuate Collection Set: 0.1ms
[245.270s][info][gc,phases      ] GC(323)   Merge Heap Roots: 0.0ms
[245.270s][info][gc,phases      ] GC(323)   Evacuate Collection Set: 2.0ms
[245.270s][info][gc,phases      ] GC(323)   Post Evacuate Collection Set: 0.2ms
[245.270s][info][gc,phases      ] GC(323)   Other: 0.1ms
[245.270s][info][gc,heap        ] GC(323) Eden regions: 22->0(22)
[245.270s][info][gc,heap        ] GC(323) Survivor regions: 3->3(4)
[245.270s][info][gc,heap        ] GC(323) Old regions: 426->427
[245.270s][info][gc,heap        ] GC(323) Archive regions: 2->2
[245.270s][info][gc,heap        ] GC(323) Humongous regions: 11->11
[245.270s][info][gc,metaspace   ] GC(323) Metaspace: 44130K(45312K)->44130K(45312K) NonClass: 38890K(39680K)->38890K(39680K) Class: 5239K(5632K)->5239K(5632K)
[245.270s][info][gc             ] GC(323) Pause Young (Normal) (G1 Evacuation Pause) 459M->438M(512M) 2.510ms
[245.270s][info][gc,cpu         ] GC(323) User=0.01s Sys=0.00s Real=0.00s
[245.392s][info][gc,start       ] GC(324) Pause Young (Normal) (G1 Evacuation Pause)
[245.392s][info][gc,task        ] GC(324) Using 8 workers of 8 for evacuation
[245.395s][info][gc,phases      ] GC(324)   Pre Evacuate Collection Set: 0.1ms
[245.395s][info][gc,phases      ] GC(324)   Merge Heap Roots: 0.0ms
[245.395s][info][gc,phases      ] GC(324)   Evacuate Collection Set: 1.7ms
[245.395s][info][gc,phases      ] GC(324)   Post Evacuate Collection Set: 0.2ms
[245.395s][info][gc,phases      ] GC(324)   Other: 0.1ms
[245.395s][info][gc,heap        ] GC(324) Eden regions: 22->0(22)
[245.395s][info][gc,heap        ] GC(324) Survivor regions: 3->3(4)
[245.395s][info][gc,heap        ] GC(324) Old regions: 427->427
[245.395s][info][gc,heap        ] GC(324) Archive regions: 2->2
[245.395s][info][gc,heap        ] GC(324) Humongous regions: 11->11
[245.395s][info][gc,metaspace   ] GC(324) Metaspace: 44130K(45312K)->44130K(45312K) NonClass: 38890K(39680K)->38890K(39680K) Class: 5239K(5632K)->5239K(5632K)
[245.395s][info][gc             ] GC(324) Pause Young (Normal) (G1 Evacuation Pause) 460M->438M(512M) 2.248ms
[245.395s][info][gc,cpu         ] GC(324) User=0.01s Sys=0.00s Real=0.00s
[245.521s][info][gc,start       ] GC(325) Pause Young (Normal) (G1 Evacuation Pause)
[245.521s][info][gc,task        ] GC(325) Using 8 workers of 8 for evacuation
[245.523s][info][gc,phases      ] GC(325)   Pre Evacuate Collection Set: 0.1ms
[245.523s][info][gc,phases      ] GC(325)   Merge Heap Roots: 0.0ms
[245.523s][info][gc,phases      ] GC(325)   Evacuate Collection Set: 1.9ms
[245.523s][info][gc,phases      ] GC(325)   Post Evacuate Collection Set: 0.2ms
[245.523s][info][gc,phases      ] GC(325)   Other: 0.1ms
[245.523s][info][gc,heap        ] GC(325) Eden regions: 22->0(22)
[245.523s][info][gc,heap        ] GC(325) Survivor regions: 3->3(4)
[245.523s][info][gc,heap        ] GC(325) Old regions: 427->428
[245.523s][info][gc,heap        ] GC(325) Archive regions: 2->2
[245.523s][info][gc,heap        ] GC(325) Humongous regions: 11->11
[245.523s][info][gc,metaspace   ] GC(325) Metaspace: 44130K(45312K)->44130K(45312K) NonClass: 38890K(39680K)->38890K(39680K) Class: 5239K(5632K)->5239K(5632K)
[245.523s][info][gc             ] GC(325) Pause Young (Normal) (G1 Evacuation Pause) 460M->439M(512M) 2.389ms
[245.523s][info][gc,cpu         ] GC(325) User=0.02s Sys=0.00s Real=0.00s
[245.650s][info][gc,start       ] GC(326) Pause Young (Normal) (G1 Evacuation Pause)
[245.650s][info][gc,task        ] GC(326) Using 8 workers of 8 for evacuation
[245.653s][info][gc,phases      ] GC(326)   Pre Evacuate Collection Set: 0.1ms
[245.653s][info][gc,phases      ] GC(326)   Merge Heap Roots: 0.0ms
[245.653s][info][gc,phases      ] GC(326)   Evacuate Collection Set: 2.0ms
[245.653s][info][gc,phases      ] GC(326)   Post Evacuate Collection Set: 0.3ms
[245.653s][info][gc,phases      ] GC(326)   Other: 0.1ms
[245.653s][info][gc,heap        ] GC(326) Eden regions: 22->0(22)
[245.653s][info][gc,heap        ] GC(326) Survivor regions: 3->3(4)
[245.653s][info][gc,heap        ] GC(326) Old regions: 428->429
[245.653s][info][gc,heap        ] GC(326) Archive regions: 2->2
[245.653s][info][gc,heap        ] GC(326) Humongous regions: 11->11
[245.653s][info][gc,metaspace   ] GC(326) Metaspace: 44130K(45312K)->44130K(45312K) NonClass: 38890K(39680K)->38890K(39680K) Class: 5239K(5632K)->5239K(5632K)
[245.653s][info][gc             ] GC(326) Pause Young (Normal) (G1 Evacuation Pause) 461M->439M(512M) 2.577ms
[245.653s][info][gc,cpu         ] GC(326) User=0.02s Sys=0.00s Real=0.00s
[245.767s][info][gc,start       ] GC(327) Pause Young (Normal) (G1 Evacuation Pause)
[245.767s][info][gc,task        ] GC(327) Using 8 workers of 8 for evacuation
[245.769s][info][gc,phases      ] GC(327)   Pre Evacuate Collection Set: 0.1ms
[245.769s][info][gc,phases      ] GC(327)   Merge Heap Roots: 0.0ms
[245.769s][info][gc,phases      ] GC(327)   Evacuate Collection Set: 1.9ms
[245.769s][info][gc,phases      ] GC(327)   Post Evacuate Collection Set: 0.2ms
[245.769s][info][gc,phases      ] GC(327)   Other: 0.2ms
[245.769s][info][gc,heap        ] GC(327) Eden regions: 22->0(22)
[245.769s][info][gc,heap        ] GC(327) Survivor regions: 3->3(4)
[245.769s][info][gc,heap        ] GC(327) Old regions: 429->429
[245.769s][info][gc,heap        ] GC(327) Archive regions: 2->2
[245.769s][info][gc,heap        ] GC(327) Humongous regions: 11->11
[245.769s][info][gc,metaspace   ] GC(327) Metaspace: 44130K(45312K)->44130K(45312K) NonClass: 38890K(39680K)->38890K(39680K) Class: 5239K(5632K)->5239K(5632K)
[245.769s][info][gc             ] GC(327) Pause Young (Normal) (G1 Evacuation Pause) 461M->440M(512M) 2.424ms
[245.769s][info][gc,cpu         ] GC(327) User=0.02s Sys=0.00s Real=0.00s
[245.859s][info][gc,marking     ] GC(322) Concurrent Mark From Roots 704.307ms
[245.859s][info][gc,marking     ] GC(322) Concurrent Preclean
[245.859s][info][gc,marking     ] GC(322) Concurrent Preclean 0.057ms
[245.859s][info][gc,marking     ] GC(322) Concurrent Mark (245.154s, 245.859s) 704.414ms
[245.859s][info][gc,start       ] GC(322) Pause Remark
[245.861s][info][gc             ] GC(322) Pause Remark 457M->457M(512M) 1.634ms
[245.861s][info][gc,cpu         ] GC(322) User=0.01s Sys=0.00s Real=0.00s
[245.861s][info][gc,marking     ] GC(322) Concurrent Rebuild Remembered Sets
[245.886s][info][gc,start       ] GC(328) Pause Young (Normal) (G1 Evacuation Pause)
[245.886s][info][gc,task        ] GC(328) Using 8 workers of 8 for evacuation
[245.889s][info][gc,phases      ] GC(328)   Pre Evacuate Collection Set: 0.1ms
[245.889s][info][gc,phases      ] GC(328)   Merge Heap Roots: 0.0ms
[245.889s][info][gc,phases      ] GC(328)   Evacuate Collection Set: 2.4ms
[245.889s][info][gc,phases      ] GC(328)   Post Evacuate Collection Set: 0.3ms
[245.889s][info][gc,phases      ] GC(328)   Other: 0.2ms
[245.889s][info][gc,heap        ] GC(328) Eden regions: 22->0(22)
[245.889s][info][gc,heap        ] GC(328) Survivor regions: 3->3(4)
[245.889s][info][gc,heap        ] GC(328) Old regions: 429->430
[245.889s][info][gc,heap        ] GC(328) Archive regions: 2->2
[245.889s][info][gc,heap        ] GC(328) Humongous regions: 11->11
[245.889s][info][gc,metaspace   ] GC(328) Metaspace: 44130K(45312K)->44130K(45312K) NonClass: 38890K(39680K)->38890K(39680K) Class: 5239K(5632K)->5239K(5632K)
[245.889s][info][gc             ] GC(328) Pause Young (Normal) (G1 Evacuation Pause) 462M->440M(512M) 3.123ms
[245.889s][info][gc,cpu         ] GC(328) User=0.02s Sys=0.00s Real=0.00s
[246.050s][info][gc,start       ] GC(329) Pause Young (Normal) (G1 Evacuation Pause)
[246.050s][info][gc,task        ] GC(329) Using 8 workers of 8 for evacuation
[246.053s][info][gc,phases      ] GC(329)   Pre Evacuate Collection Set: 0.1ms
[246.053s][info][gc,phases      ] GC(329)   Merge Heap Roots: 0.0ms
[246.053s][info][gc,phases      ] GC(329)   Evacuate Collection Set: 2.4ms
[246.053s][info][gc,phases      ] GC(329)   Post Evacuate Collection Set: 0.3ms
[246.053s][info][gc,phases      ] GC(329)   Other: 0.2ms
[246.053s][info][gc,heap        ] GC(329) Eden regions: 22->0(22)
[246.053s][info][gc,heap        ] GC(329) Survivor regions: 3->3(4)
[246.053s][info][gc,heap        ] GC(329) Old regions: 430->430
[246.053s][info][gc,heap        ] GC(329) Archive regions: 2->2
[246.053s][info][gc,heap        ] GC(329) Humongous regions: 11->11
[246.053s][info][gc,metaspace   ] GC(329) Metaspace: 44131K(45312K)->44131K(45312K) NonClass: 38891K(39680K)->38891K(39680K) Class: 5239K(5632K)->5239K(5632K)
[246.053s][info][gc             ] GC(329) Pause Young (Normal) (G1 Evacuation Pause) 462M->441M(512M) 3.150ms
[246.053s][info][gc,cpu         ] GC(329) User=0.02s Sys=0.00s Real=0.00s
[246.224s][info][gc,start       ] GC(330) Pause Young (Normal) (G1 Evacuation Pause)
[246.224s][info][gc,task        ] GC(330) Using 8 workers of 8 for evacuation
[246.227s][info][gc,phases      ] GC(330)   Pre Evacuate Collection Set: 0.1ms
[246.227s][info][gc,phases      ] GC(330)   Merge Heap Roots: 0.1ms
[246.227s][info][gc,phases      ] GC(330)   Evacuate Collection Set: 2.2ms
[246.227s][info][gc,phases      ] GC(330)   Post Evacuate Collection Set: 0.2ms
[246.227s][info][gc,phases      ] GC(330)   Other: 0.2ms
[246.227s][info][gc,heap        ] GC(330) Eden regions: 22->0(22)
[246.227s][info][gc,heap        ] GC(330) Survivor regions: 3->3(4)
[246.227s][info][gc,heap        ] GC(330) Old regions: 430->431
[246.227s][info][gc,heap        ] GC(330) Archive regions: 2->2
[246.227s][info][gc,heap        ] GC(330) Humongous regions: 11->11
[246.227s][info][gc,metaspace   ] GC(330) Metaspace: 44131K(45312K)->44131K(45312K) NonClass: 38891K(39680K)->38891K(39680K) Class: 5239K(5632K)->5239K(5632K)
[246.227s][info][gc             ] GC(330) Pause Young (Normal) (G1 Evacuation Pause) 463M->441M(512M) 2.763ms
[246.227s][info][gc,cpu         ] GC(330) User=0.02s Sys=0.00s Real=0.01s
[246.345s][info][gc,start       ] GC(331) Pause Young (Normal) (G1 Evacuation Pause)
[246.345s][info][gc,task        ] GC(331) Using 8 workers of 8 for evacuation
[246.348s][info][gc,phases      ] GC(331)   Pre Evacuate Collection Set: 0.1ms
[246.348s][info][gc,phases      ] GC(331)   Merge Heap Roots: 0.1ms
[246.348s][info][gc,phases      ] GC(331)   Evacuate Collection Set: 2.2ms
[246.348s][info][gc,phases      ] GC(331)   Post Evacuate Collection Set: 0.2ms
[246.348s][info][gc,phases      ] GC(331)   Other: 0.1ms
[246.348s][info][gc,heap        ] GC(331) Eden regions: 22->0(22)
[246.348s][info][gc,heap        ] GC(331) Survivor regions: 3->3(4)
[246.348s][info][gc,heap        ] GC(331) Old regions: 431->431
[246.348s][info][gc,heap        ] GC(331) Archive regions: 2->2
[246.348s][info][gc,heap        ] GC(331) Humongous regions: 11->11
[246.348s][info][gc,metaspace   ] GC(331) Metaspace: 44131K(45312K)->44131K(45312K) NonClass: 38891K(39680K)->38891K(39680K) Class: 5239K(5632K)->5239K(5632K)
[246.348s][info][gc             ] GC(331) Pause Young (Normal) (G1 Evacuation Pause) 463M->442M(512M) 2.735ms
[246.348s][info][gc,cpu         ] GC(331) User=0.01s Sys=0.00s Real=0.01s
[246.361s][info][gc,marking     ] GC(322) Concurrent Rebuild Remembered Sets 500.531ms
[246.361s][info][gc,start       ] GC(322) Pause Cleanup
[246.362s][info][gc             ] GC(322) Pause Cleanup 445M->445M(512M) 0.239ms
[246.362s][info][gc,cpu         ] GC(322) User=0.00s Sys=0.00s Real=0.00s
[246.362s][info][gc,marking     ] GC(322) Concurrent Cleanup for Next Mark
[246.362s][info][gc,marking     ] GC(322) Concurrent Cleanup for Next Mark 0.808ms
[246.363s][info][gc             ] GC(322) Concurrent Cycle 1211.403ms
[246.438s][info][gc,start       ] GC(332) Pause Young (Normal) (G1 Evacuation Pause)
[246.438s][info][gc,task        ] GC(332) Using 8 workers of 8 for evacuation
[246.441s][info][gc,phases      ] GC(332)   Pre Evacuate Collection Set: 0.1ms
[246.441s][info][gc,phases      ] GC(332)   Merge Heap Roots: 0.0ms
[246.441s][info][gc,phases      ] GC(332)   Evacuate Collection Set: 2.5ms
[246.441s][info][gc,phases      ] GC(332)   Post Evacuate Collection Set: 0.2ms
[246.441s][info][gc,phases      ] GC(332)   Other: 0.1ms
[246.441s][info][gc,heap        ] GC(332) Eden regions: 22->0(22)
[246.441s][info][gc,heap        ] GC(332) Survivor regions: 3->3(4)
[246.441s][info][gc,heap        ] GC(332) Old regions: 431->432
[246.441s][info][gc,heap        ] GC(332) Archive regions: 2->2
[246.441s][info][gc,heap        ] GC(332) Humongous regions: 11->11
[246.441s][info][gc,metaspace   ] GC(332) Metaspace: 44131K(45312K)->44131K(45312K) NonClass: 38891K(39680K)->38891K(39680K) Class: 5239K(5632K)->5239K(5632K)
[246.441s][info][gc             ] GC(332) Pause Young (Normal) (G1 Evacuation Pause) 464M->442M(512M) 3.034ms
[246.441s][info][gc,cpu         ] GC(332) User=0.01s Sys=0.00s Real=0.00s
[246.536s][info][gc,start       ] GC(333) Pause Young (Concurrent Start) (G1 Evacuation Pause)
[246.536s][info][gc,task        ] GC(333) Using 8 workers of 8 for evacuation
[246.538s][info][gc,phases      ] GC(333)   Pre Evacuate Collection Set: 0.1ms
[246.538s][info][gc,phases      ] GC(333)   Merge Heap Roots: 0.0ms
[246.538s][info][gc,phases      ] GC(333)   Evacuate Collection Set: 1.8ms
[246.538s][info][gc,phases      ] GC(333)   Post Evacuate Collection Set: 0.2ms
[246.538s][info][gc,phases      ] GC(333)   Other: 0.2ms
[246.538s][info][gc,heap        ] GC(333) Eden regions: 22->0(22)
[246.538s][info][gc,heap        ] GC(333) Survivor regions: 3->3(4)
[246.538s][info][gc,heap        ] GC(333) Old regions: 432->432
[246.538s][info][gc,heap        ] GC(333) Archive regions: 2->2
[246.538s][info][gc,heap        ] GC(333) Humongous regions: 11->11
[246.538s][info][gc,metaspace   ] GC(333) Metaspace: 44131K(45312K)->44131K(45312K) NonClass: 38891K(39680K)->38891K(39680K) Class: 5239K(5632K)->5239K(5632K)
[246.539s][info][gc             ] GC(333) Pause Young (Concurrent Start) (G1 Evacuation Pause) 464M->443M(512M) 2.452ms
[246.539s][info][gc,cpu         ] GC(333) User=0.01s Sys=0.00s Real=0.00s
[246.539s][info][gc             ] GC(334) Concurrent Cycle
[246.539s][info][gc,marking     ] GC(334) Concurrent Clear Claimed Marks
[246.539s][info][gc,marking     ] GC(334) Concurrent Clear Claimed Marks 0.031ms
[246.539s][info][gc,marking     ] GC(334) Concurrent Scan Root Regions
[246.541s][info][gc,marking     ] GC(334) Concurrent Scan Root Regions 2.168ms
[246.541s][info][gc,marking     ] GC(334) Concurrent Mark (246.541s)
[246.541s][info][gc,marking     ] GC(334) Concurrent Mark From Roots
[246.541s][info][gc,task        ] GC(334) Using 2 workers of 2 for marking
[246.653s][info][gc,start       ] GC(335) Pause Young (Normal) (G1 Evacuation Pause)
[246.653s][info][gc,task        ] GC(335) Using 8 workers of 8 for evacuation
[246.655s][info][gc,phases      ] GC(335)   Pre Evacuate Collection Set: 0.1ms
[246.655s][info][gc,phases      ] GC(335)   Merge Heap Roots: 0.0ms
[246.655s][info][gc,phases      ] GC(335)   Evacuate Collection Set: 1.9ms
[246.655s][info][gc,phases      ] GC(335)   Post Evacuate Collection Set: 0.2ms
[246.655s][info][gc,phases      ] GC(335)   Other: 0.1ms
[246.655s][info][gc,heap        ] GC(335) Eden regions: 22->0(22)
[246.655s][info][gc,heap        ] GC(335) Survivor regions: 3->3(4)
[246.655s][info][gc,heap        ] GC(335) Old regions: 432->433
[246.655s][info][gc,heap        ] GC(335) Archive regions: 2->2
[246.655s][info][gc,heap        ] GC(335) Humongous regions: 11->11
[246.655s][info][gc,metaspace   ] GC(335) Metaspace: 44131K(45312K)->44131K(45312K) NonClass: 38891K(39680K)->38891K(39680K) Class: 5239K(5632K)->5239K(5632K)
[246.655s][info][gc             ] GC(335) Pause Young (Normal) (G1 Evacuation Pause) 465M->444M(512M) 2.475ms
[246.655s][info][gc,cpu         ] GC(335) User=0.02s Sys=0.00s Real=0.00s
[246.771s][info][gc,start       ] GC(336) Pause Young (Normal) (G1 Evacuation Pause)
[246.771s][info][gc,task        ] GC(336) Using 8 workers of 8 for evacuation
[246.773s][info][gc,phases      ] GC(336)   Pre Evacuate Collection Set: 0.1ms
[246.773s][info][gc,phases      ] GC(336)   Merge Heap Roots: 0.0ms
[246.773s][info][gc,phases      ] GC(336)   Evacuate Collection Set: 1.8ms
[246.773s][info][gc,phases      ] GC(336)   Post Evacuate Collection Set: 0.2ms
[246.773s][info][gc,phases      ] GC(336)   Other: 0.1ms
[246.773s][info][gc,heap        ] GC(336) Eden regions: 22->0(22)
[246.773s][info][gc,heap        ] GC(336) Survivor regions: 3->3(4)
[246.773s][info][gc,heap        ] GC(336) Old regions: 433->434
[246.773s][info][gc,heap        ] GC(336) Archive regions: 2->2
[246.773s][info][gc,heap        ] GC(336) Humongous regions: 11->11
[246.773s][info][gc,metaspace   ] GC(336) Metaspace: 44131K(45312K)->44131K(45312K) NonClass: 38891K(39680K)->38891K(39680K) Class: 5239K(5632K)->5239K(5632K)
[246.773s][info][gc             ] GC(336) Pause Young (Normal) (G1 Evacuation Pause) 466M->444M(512M) 2.405ms
[246.773s][info][gc,cpu         ] GC(336) User=0.02s Sys=0.00s Real=0.00s
[246.883s][info][gc,start       ] GC(337) Pause Young (Normal) (G1 Evacuation Pause)
[246.883s][info][gc,task        ] GC(337) Using 8 workers of 8 for evacuation
[246.886s][info][gc,phases      ] GC(337)   Pre Evacuate Collection Set: 0.1ms
[246.886s][info][gc,phases      ] GC(337)   Merge Heap Roots: 0.0ms
[246.886s][info][gc,phases      ] GC(337)   Evacuate Collection Set: 2.0ms
[246.886s][info][gc,phases      ] GC(337)   Post Evacuate Collection Set: 0.2ms
[246.886s][info][gc,phases      ] GC(337)   Other: 0.1ms
[246.886s][info][gc,heap        ] GC(337) Eden regions: 22->0(22)
[246.886s][info][gc,heap        ] GC(337) Survivor regions: 3->3(4)
[246.886s][info][gc,heap        ] GC(337) Old regions: 434->434
[246.886s][info][gc,heap        ] GC(337) Archive regions: 2->2
[246.886s][info][gc,heap        ] GC(337) Humongous regions: 11->11
[246.886s][info][gc,metaspace   ] GC(337) Metaspace: 44131K(45312K)->44131K(45312K) NonClass: 38891K(39680K)->38891K(39680K) Class: 5239K(5632K)->5239K(5632K)
[246.886s][info][gc             ] GC(337) Pause Young (Normal) (G1 Evacuation Pause) 466M->445M(512M) 2.579ms
[246.886s][info][gc,cpu         ] GC(337) User=0.01s Sys=0.00s Real=0.01s
[246.992s][info][gc,start       ] GC(338) Pause Young (Normal) (G1 Evacuation Pause)
[246.992s][info][gc,task        ] GC(338) Using 8 workers of 8 for evacuation
[246.995s][info][gc,phases      ] GC(338)   Pre Evacuate Collection Set: 0.1ms
[246.995s][info][gc,phases      ] GC(338)   Merge Heap Roots: 0.0ms
[246.995s][info][gc,phases      ] GC(338)   Evacuate Collection Set: 1.8ms
[246.995s][info][gc,phases      ] GC(338)   Post Evacuate Collection Set: 0.2ms
[246.995s][info][gc,phases      ] GC(338)   Other: 0.2ms
[246.995s][info][gc,heap        ] GC(338) Eden regions: 22->0(22)
[246.995s][info][gc,heap        ] GC(338) Survivor regions: 3->3(4)
[246.995s][info][gc,heap        ] GC(338) Old regions: 434->435
[246.995s][info][gc,heap        ] GC(338) Archive regions: 2->2
[246.995s][info][gc,heap        ] GC(338) Humongous regions: 11->11
[246.995s][info][gc,metaspace   ] GC(338) Metaspace: 44131K(45312K)->44131K(45312K) NonClass: 38891K(39680K)->38891K(39680K) Class: 5239K(5632K)->5239K(5632K)
[246.995s][info][gc             ] GC(338) Pause Young (Normal) (G1 Evacuation Pause) 467M->445M(512M) 2.395ms
[246.995s][info][gc,cpu         ] GC(338) User=0.02s Sys=0.00s Real=0.00s
[247.119s][info][gc,start       ] GC(339) Pause Young (Normal) (G1 Evacuation Pause)
[247.119s][info][gc,task        ] GC(339) Using 8 workers of 8 for evacuation
[247.121s][info][gc,phases      ] GC(339)   Pre Evacuate Collection Set: 0.1ms
[247.122s][info][gc,phases      ] GC(339)   Merge Heap Roots: 0.0ms
[247.122s][info][gc,phases      ] GC(339)   Evacuate Collection Set: 1.9ms
[247.122s][info][gc,phases      ] GC(339)   Post Evacuate Collection Set: 0.2ms
[247.122s][info][gc,phases      ] GC(339)   Other: 0.1ms
[247.122s][info][gc,heap        ] GC(339) Eden regions: 22->0(22)
[247.122s][info][gc,heap        ] GC(339) Survivor regions: 3->3(4)
[247.122s][info][gc,heap        ] GC(339) Old regions: 435->435
[247.122s][info][gc,heap        ] GC(339) Archive regions: 2->2
[247.122s][info][gc,heap        ] GC(339) Humongous regions: 11->11
[247.122s][info][gc,metaspace   ] GC(339) Metaspace: 44131K(45312K)->44131K(45312K) NonClass: 38891K(39680K)->38891K(39680K) Class: 5239K(5632K)->5239K(5632K)
[247.122s][info][gc             ] GC(339) Pause Young (Normal) (G1 Evacuation Pause) 467M->446M(512M) 2.433ms
[247.122s][info][gc,cpu         ] GC(339) User=0.01s Sys=0.00s Real=0.00s
[247.229s][info][gc,start       ] GC(340) Pause Young (Normal) (G1 Evacuation Pause)
[247.229s][info][gc,task        ] GC(340) Using 8 workers of 8 for evacuation
[247.231s][info][gc,phases      ] GC(340)   Pre Evacuate Collection Set: 0.1ms
[247.231s][info][gc,phases      ] GC(340)   Merge Heap Roots: 0.0ms
[247.231s][info][gc,phases      ] GC(340)   Evacuate Collection Set: 1.8ms
[247.231s][info][gc,phases      ] GC(340)   Post Evacuate Collection Set: 0.3ms
[247.231s][info][gc,phases      ] GC(340)   Other: 0.1ms
[247.231s][info][gc,heap        ] GC(340) Eden regions: 22->0(22)
[247.231s][info][gc,heap        ] GC(340) Survivor regions: 3->3(4)
[247.231s][info][gc,heap        ] GC(340) Old regions: 435->436
[247.231s][info][gc,heap        ] GC(340) Archive regions: 2->2
[247.231s][info][gc,heap        ] GC(340) Humongous regions: 11->11
[247.231s][info][gc,metaspace   ] GC(340) Metaspace: 44131K(45312K)->44131K(45312K) NonClass: 38891K(39680K)->38891K(39680K) Class: 5239K(5632K)->5239K(5632K)
[247.231s][info][gc             ] GC(340) Pause Young (Normal) (G1 Evacuation Pause) 468M->446M(512M) 2.340ms
[247.231s][info][gc,cpu         ] GC(340) User=0.01s Sys=0.00s Real=0.00s
[247.280s][info][gc,marking     ] GC(334) Concurrent Mark From Roots 738.694ms
[247.280s][info][gc,marking     ] GC(334) Concurrent Preclean
[247.280s][info][gc,marking     ] GC(334) Concurrent Preclean 0.066ms
[247.280s][info][gc,marking     ] GC(334) Concurrent Mark (246.541s, 247.280s) 738.814ms
[247.280s][info][gc,start       ] GC(334) Pause Remark
[247.282s][info][gc             ] GC(334) Pause Remark 457M->457M(512M) 1.796ms
[247.282s][info][gc,cpu         ] GC(334) User=0.01s Sys=0.00s Real=0.00s
[247.282s][info][gc,marking     ] GC(334) Concurrent Rebuild Remembered Sets
[247.340s][info][gc,start       ] GC(341) Pause Young (Normal) (G1 Evacuation Pause)
[247.340s][info][gc,task        ] GC(341) Using 8 workers of 8 for evacuation
[247.342s][info][gc,phases      ] GC(341)   Pre Evacuate Collection Set: 0.1ms
[247.342s][info][gc,phases      ] GC(341)   Merge Heap Roots: 0.0ms
[247.342s][info][gc,phases      ] GC(341)   Evacuate Collection Set: 1.6ms
[247.342s][info][gc,phases      ] GC(341)   Post Evacuate Collection Set: 0.2ms
[247.342s][info][gc,phases      ] GC(341)   Other: 0.1ms
[247.342s][info][gc,heap        ] GC(341) Eden regions: 22->0(22)
[247.342s][info][gc,heap        ] GC(341) Survivor regions: 3->3(4)
[247.342s][info][gc,heap        ] GC(341) Old regions: 436->436
[247.342s][info][gc,heap        ] GC(341) Archive regions: 2->2
[247.342s][info][gc,heap        ] GC(341) Humongous regions: 11->11
[247.342s][info][gc,metaspace   ] GC(341) Metaspace: 44131K(45312K)->44131K(45312K) NonClass: 38891K(39680K)->38891K(39680K) Class: 5239K(5632K)->5239K(5632K)
[247.342s][info][gc             ] GC(341) Pause Young (Normal) (G1 Evacuation Pause) 468M->447M(512M) 2.157ms
[247.342s][info][gc,cpu         ] GC(341) User=0.01s Sys=0.00s Real=0.00s
[247.441s][info][gc,start       ] GC(342) Pause Young (Normal) (G1 Evacuation Pause)
[247.441s][info][gc,task        ] GC(342) Using 8 workers of 8 for evacuation
[247.443s][info][gc,phases      ] GC(342)   Pre Evacuate Collection Set: 0.1ms
[247.443s][info][gc,phases      ] GC(342)   Merge Heap Roots: 0.0ms
[247.443s][info][gc,phases      ] GC(342)   Evacuate Collection Set: 1.7ms
[247.443s][info][gc,phases      ] GC(342)   Post Evacuate Collection Set: 0.2ms
[247.443s][info][gc,phases      ] GC(342)   Other: 0.2ms
[247.443s][info][gc,heap        ] GC(342) Eden regions: 22->0(22)
[247.443s][info][gc,heap        ] GC(342) Survivor regions: 3->3(4)
[247.443s][info][gc,heap        ] GC(342) Old regions: 436->437
[247.443s][info][gc,heap        ] GC(342) Archive regions: 2->2
[247.443s][info][gc,heap        ] GC(342) Humongous regions: 11->11
[247.443s][info][gc,metaspace   ] GC(342) Metaspace: 44131K(45312K)->44131K(45312K) NonClass: 38891K(39680K)->38891K(39680K) Class: 5239K(5632K)->5239K(5632K)
[247.443s][info][gc             ] GC(342) Pause Young (Normal) (G1 Evacuation Pause) 469M->448M(512M) 2.375ms
[247.443s][info][gc,cpu         ] GC(342) User=0.02s Sys=0.00s Real=0.00s
[247.549s][info][gc,start       ] GC(343) Pause Young (Normal) (G1 Evacuation Pause)
[247.549s][info][gc,task        ] GC(343) Using 8 workers of 8 for evacuation
[247.551s][info][gc,phases      ] GC(343)   Pre Evacuate Collection Set: 0.1ms
[247.551s][info][gc,phases      ] GC(343)   Merge Heap Roots: 0.0ms
[247.551s][info][gc,phases      ] GC(343)   Evacuate Collection Set: 1.8ms
[247.551s][info][gc,phases      ] GC(343)   Post Evacuate Collection Set: 0.2ms
[247.551s][info][gc,phases      ] GC(343)   Other: 0.1ms
[247.551s][info][gc,heap        ] GC(343) Eden regions: 22->0(22)
[247.551s][info][gc,heap        ] GC(343) Survivor regions: 3->3(4)
[247.551s][info][gc,heap        ] GC(343) Old regions: 437->437
[247.551s][info][gc,heap        ] GC(343) Archive regions: 2->2
[247.551s][info][gc,heap        ] GC(343) Humongous regions: 11->11
[247.551s][info][gc,metaspace   ] GC(343) Metaspace: 44131K(45312K)->44131K(45312K) NonClass: 38891K(39680K)->38891K(39680K) Class: 5239K(5632K)->5239K(5632K)
[247.551s][info][gc             ] GC(343) Pause Young (Normal) (G1 Evacuation Pause) 470M->448M(512M) 2.295ms
[247.551s][info][gc,cpu         ] GC(343) User=0.02s Sys=0.00s Real=0.00s
[247.655s][info][gc,start       ] GC(344) Pause Young (Normal) (G1 Evacuation Pause)
[247.655s][info][gc,task        ] GC(344) Using 8 workers of 8 for evacuation
[247.658s][info][gc,phases      ] GC(344)   Pre Evacuate Collection Set: 0.1ms
[247.658s][info][gc,phases      ] GC(344)   Merge Heap Roots: 0.0ms
[247.658s][info][gc,phases      ] GC(344)   Evacuate Collection Set: 2.1ms
[247.658s][info][gc,phases      ] GC(344)   Post Evacuate Collection Set: 0.2ms
[247.658s][info][gc,phases      ] GC(344)   Other: 0.1ms
[247.658s][info][gc,heap        ] GC(344) Eden regions: 22->0(22)
[247.658s][info][gc,heap        ] GC(344) Survivor regions: 3->3(4)
[247.658s][info][gc,heap        ] GC(344) Old regions: 437->438
[247.658s][info][gc,heap        ] GC(344) Archive regions: 2->2
[247.658s][info][gc,heap        ] GC(344) Humongous regions: 11->11
[247.658s][info][gc,metaspace   ] GC(344) Metaspace: 44132K(45312K)->44132K(45312K) NonClass: 38892K(39680K)->38892K(39680K) Class: 5239K(5632K)->5239K(5632K)
[247.658s][info][gc             ] GC(344) Pause Young (Normal) (G1 Evacuation Pause) 470M->449M(512M) 2.682ms
[247.658s][info][gc,cpu         ] GC(344) User=0.02s Sys=0.00s Real=0.01s
[247.696s][info][gc,marking     ] GC(334) Concurrent Rebuild Remembered Sets 414.585ms
[247.697s][info][gc,start       ] GC(334) Pause Cleanup
[247.697s][info][gc             ] GC(334) Pause Cleanup 457M->457M(512M) 0.241ms
[247.697s][info][gc,cpu         ] GC(334) User=0.00s Sys=0.00s Real=0.00s
[247.697s][info][gc,marking     ] GC(334) Concurrent Cleanup for Next Mark
[247.698s][info][gc,marking     ] GC(334) Concurrent Cleanup for Next Mark 0.897ms
[247.698s][info][gc             ] GC(334) Concurrent Cycle 1159.171ms
[247.753s][info][gc,start       ] GC(345) Pause Young (Normal) (G1 Evacuation Pause)
[247.753s][info][gc,task        ] GC(345) Using 8 workers of 8 for evacuation
[247.756s][info][gc,phases      ] GC(345)   Pre Evacuate Collection Set: 0.1ms
[247.756s][info][gc,phases      ] GC(345)   Merge Heap Roots: 0.1ms
[247.756s][info][gc,phases      ] GC(345)   Evacuate Collection Set: 2.5ms
[247.756s][info][gc,phases      ] GC(345)   Post Evacuate Collection Set: 0.2ms
[247.756s][info][gc,phases      ] GC(345)   Other: 0.2ms
[247.756s][info][gc,heap        ] GC(345) Eden regions: 22->0(22)
[247.756s][info][gc,heap        ] GC(345) Survivor regions: 3->3(4)
[247.756s][info][gc,heap        ] GC(345) Old regions: 438->439
[247.756s][info][gc,heap        ] GC(345) Archive regions: 2->2
[247.756s][info][gc,heap        ] GC(345) Humongous regions: 11->11
[247.756s][info][gc,metaspace   ] GC(345) Metaspace: 44132K(45312K)->44132K(45312K) NonClass: 38892K(39680K)->38892K(39680K) Class: 5239K(5632K)->5239K(5632K)
[247.756s][info][gc             ] GC(345) Pause Young (Normal) (G1 Evacuation Pause) 471M->449M(512M) 3.156ms
[247.756s][info][gc,cpu         ] GC(345) User=0.02s Sys=0.00s Real=0.01s
[247.858s][info][gc,start       ] GC(346) Pause Young (Concurrent Start) (G1 Evacuation Pause)
[247.858s][info][gc,task        ] GC(346) Using 8 workers of 8 for evacuation
[247.860s][info][gc,phases      ] GC(346)   Pre Evacuate Collection Set: 0.1ms
[247.860s][info][gc,phases      ] GC(346)   Merge Heap Roots: 0.0ms
[247.860s][info][gc,phases      ] GC(346)   Evacuate Collection Set: 2.1ms
[247.860s][info][gc,phases      ] GC(346)   Post Evacuate Collection Set: 0.2ms
[247.860s][info][gc,phases      ] GC(346)   Other: 0.2ms
[247.860s][info][gc,heap        ] GC(346) Eden regions: 22->0(22)
[247.861s][info][gc,heap        ] GC(346) Survivor regions: 3->3(4)
[247.861s][info][gc,heap        ] GC(346) Old regions: 439->439
[247.861s][info][gc,heap        ] GC(346) Archive regions: 2->2
[247.861s][info][gc,heap        ] GC(346) Humongous regions: 11->11
[247.861s][info][gc,metaspace   ] GC(346) Metaspace: 44132K(45312K)->44132K(45312K) NonClass: 38892K(39680K)->38892K(39680K) Class: 5239K(5632K)->5239K(5632K)
[247.861s][info][gc             ] GC(346) Pause Young (Concurrent Start) (G1 Evacuation Pause) 471M->450M(512M) 2.805ms
[247.861s][info][gc,cpu         ] GC(346) User=0.01s Sys=0.00s Real=0.00s
[247.861s][info][gc             ] GC(347) Concurrent Cycle
[247.861s][info][gc,marking     ] GC(347) Concurrent Clear Claimed Marks
[247.861s][info][gc,marking     ] GC(347) Concurrent Clear Claimed Marks 0.030ms
[247.861s][info][gc,marking     ] GC(347) Concurrent Scan Root Regions
[247.863s][info][gc,marking     ] GC(347) Concurrent Scan Root Regions 2.152ms
[247.863s][info][gc,marking     ] GC(347) Concurrent Mark (247.863s)
[247.863s][info][gc,marking     ] GC(347) Concurrent Mark From Roots
[247.863s][info][gc,task        ] GC(347) Using 2 workers of 2 for marking
[247.990s][info][gc,start       ] GC(348) Pause Young (Normal) (G1 Evacuation Pause)
[247.990s][info][gc,task        ] GC(348) Using 8 workers of 8 for evacuation
[247.993s][info][gc,phases      ] GC(348)   Pre Evacuate Collection Set: 0.1ms
[247.993s][info][gc,phases      ] GC(348)   Merge Heap Roots: 0.0ms
[247.993s][info][gc,phases      ] GC(348)   Evacuate Collection Set: 1.9ms
[247.993s][info][gc,phases      ] GC(348)   Post Evacuate Collection Set: 0.2ms
[247.993s][info][gc,phases      ] GC(348)   Other: 0.1ms
[247.993s][info][gc,heap        ] GC(348) Eden regions: 22->0(22)
[247.993s][info][gc,heap        ] GC(348) Survivor regions: 3->3(4)
[247.993s][info][gc,heap        ] GC(348) Old regions: 439->440
[247.993s][info][gc,heap        ] GC(348) Archive regions: 2->2
[247.993s][info][gc,heap        ] GC(348) Humongous regions: 11->11
[247.993s][info][gc,metaspace   ] GC(348) Metaspace: 44132K(45312K)->44132K(45312K) NonClass: 38892K(39680K)->38892K(39680K) Class: 5239K(5632K)->5239K(5632K)
[247.993s][info][gc             ] GC(348) Pause Young (Normal) (G1 Evacuation Pause) 472M->450M(512M) 2.464ms
[247.993s][info][gc,cpu         ] GC(348) User=0.01s Sys=0.00s Real=0.00s
[248.142s][info][gc,start       ] GC(349) Pause Young (Normal) (G1 Evacuation Pause)
[248.142s][info][gc,task        ] GC(349) Using 8 workers of 8 for evacuation
[248.145s][info][gc,phases      ] GC(349)   Pre Evacuate Collection Set: 0.1ms
[248.145s][info][gc,phases      ] GC(349)   Merge Heap Roots: 0.0ms
[248.145s][info][gc,phases      ] GC(349)   Evacuate Collection Set: 2.2ms
[248.145s][info][gc,phases      ] GC(349)   Post Evacuate Collection Set: 0.2ms
[248.145s][info][gc,phases      ] GC(349)   Other: 0.2ms
[248.145s][info][gc,heap        ] GC(349) Eden regions: 22->0(22)
[248.145s][info][gc,heap        ] GC(349) Survivor regions: 3->3(4)
[248.145s][info][gc,heap        ] GC(349) Old regions: 440->440
[248.145s][info][gc,heap        ] GC(349) Archive regions: 2->2
[248.145s][info][gc,heap        ] GC(349) Humongous regions: 11->11
[248.145s][info][gc,metaspace   ] GC(349) Metaspace: 44135K(45312K)->44135K(45312K) NonClass: 38895K(39680K)->38895K(39680K) Class: 5239K(5632K)->5239K(5632K)
[248.145s][info][gc             ] GC(349) Pause Young (Normal) (G1 Evacuation Pause) 472M->451M(512M) 2.764ms
[248.145s][info][gc,cpu         ] GC(349) User=0.01s Sys=0.00s Real=0.00s
[248.262s][info][gc,start       ] GC(350) Pause Young (Normal) (G1 Evacuation Pause)
[248.262s][info][gc,task        ] GC(350) Using 8 workers of 8 for evacuation
[248.265s][info][gc,phases      ] GC(350)   Pre Evacuate Collection Set: 0.1ms
[248.265s][info][gc,phases      ] GC(350)   Merge Heap Roots: 0.0ms
[248.265s][info][gc,phases      ] GC(350)   Evacuate Collection Set: 1.9ms
[248.265s][info][gc,phases      ] GC(350)   Post Evacuate Collection Set: 0.2ms
[248.265s][info][gc,phases      ] GC(350)   Other: 0.2ms
[248.265s][info][gc,heap        ] GC(350) Eden regions: 22->0(22)
[248.265s][info][gc,heap        ] GC(350) Survivor regions: 3->3(4)
[248.265s][info][gc,heap        ] GC(350) Old regions: 440->441
[248.265s][info][gc,heap        ] GC(350) Archive regions: 2->2
[248.265s][info][gc,heap        ] GC(350) Humongous regions: 11->11
[248.265s][info][gc,metaspace   ] GC(350) Metaspace: 44136K(45312K)->44136K(45312K) NonClass: 38896K(39680K)->38896K(39680K) Class: 5239K(5632K)->5239K(5632K)
[248.265s][info][gc             ] GC(350) Pause Young (Normal) (G1 Evacuation Pause) 473M->451M(512M) 2.442ms
[248.265s][info][gc,cpu         ] GC(350) User=0.02s Sys=0.00s Real=0.00s
[248.377s][info][gc,start       ] GC(351) Pause Young (Normal) (G1 Evacuation Pause)
[248.377s][info][gc,task        ] GC(351) Using 8 workers of 8 for evacuation
[248.379s][info][gc,phases      ] GC(351)   Pre Evacuate Collection Set: 0.1ms
[248.379s][info][gc,phases      ] GC(351)   Merge Heap Roots: 0.0ms
[248.379s][info][gc,phases      ] GC(351)   Evacuate Collection Set: 1.8ms
[248.379s][info][gc,phases      ] GC(351)   Post Evacuate Collection Set: 0.2ms
[248.379s][info][gc,phases      ] GC(351)   Other: 0.1ms
[248.379s][info][gc,heap        ] GC(351) Eden regions: 22->0(22)
[248.379s][info][gc,heap        ] GC(351) Survivor regions: 3->3(4)
[248.379s][info][gc,heap        ] GC(351) Old regions: 441->441
[248.379s][info][gc,heap        ] GC(351) Archive regions: 2->2
[248.379s][info][gc,heap        ] GC(351) Humongous regions: 11->11
[248.379s][info][gc,metaspace   ] GC(351) Metaspace: 44140K(45312K)->44140K(45312K) NonClass: 38900K(39680K)->38900K(39680K) Class: 5239K(5632K)->5239K(5632K)
[248.379s][info][gc             ] GC(351) Pause Young (Normal) (G1 Evacuation Pause) 473M->452M(512M) 2.287ms
[248.379s][info][gc,cpu         ] GC(351) User=0.02s Sys=0.00s Real=0.00s
[248.482s][info][gc,start       ] GC(352) Pause Young (Normal) (G1 Evacuation Pause)
[248.482s][info][gc,task        ] GC(352) Using 8 workers of 8 for evacuation
[248.485s][info][gc,phases      ] GC(352)   Pre Evacuate Collection Set: 0.1ms
[248.485s][info][gc,phases      ] GC(352)   Merge Heap Roots: 0.0ms
[248.485s][info][gc,phases      ] GC(352)   Evacuate Collection Set: 2.2ms
[248.485s][info][gc,phases      ] GC(352)   Post Evacuate Collection Set: 0.2ms
[248.485s][info][gc,phases      ] GC(352)   Other: 0.2ms
[248.485s][info][gc,heap        ] GC(352) Eden regions: 22->0(22)
[248.485s][info][gc,heap        ] GC(352) Survivor regions: 3->3(4)
[248.485s][info][gc,heap        ] GC(352) Old regions: 441->442
[248.485s][info][gc,heap        ] GC(352) Archive regions: 2->2
[248.485s][info][gc,heap        ] GC(352) Humongous regions: 11->11
[248.485s][info][gc,metaspace   ] GC(352) Metaspace: 44140K(45312K)->44140K(45312K) NonClass: 38900K(39680K)->38900K(39680K) Class: 5239K(5632K)->5239K(5632K)
[248.485s][info][gc             ] GC(352) Pause Young (Normal) (G1 Evacuation Pause) 474M->452M(512M) 2.817ms
[248.485s][info][gc,cpu         ] GC(352) User=0.01s Sys=0.00s Real=0.00s
[248.556s][info][gc,marking     ] GC(347) Concurrent Mark From Roots 692.836ms
[248.556s][info][gc,marking     ] GC(347) Concurrent Preclean
[248.556s][info][gc,marking     ] GC(347) Concurrent Preclean 0.061ms
[248.556s][info][gc,marking     ] GC(347) Concurrent Mark (247.863s, 248.556s) 692.950ms
[248.556s][info][gc,start       ] GC(347) Pause Remark
[248.558s][info][gc             ] GC(347) Pause Remark 466M->466M(512M) 1.585ms
[248.558s][info][gc,cpu         ] GC(347) User=0.01s Sys=0.00s Real=0.00s
[248.558s][info][gc,marking     ] GC(347) Concurrent Rebuild Remembered Sets
[248.593s][info][gc,start       ] GC(353) Pause Young (Normal) (G1 Evacuation Pause)
[248.593s][info][gc,task        ] GC(353) Using 8 workers of 8 for evacuation
[248.595s][info][gc,phases      ] GC(353)   Pre Evacuate Collection Set: 0.1ms
[248.595s][info][gc,phases      ] GC(353)   Merge Heap Roots: 0.0ms
[248.595s][info][gc,phases      ] GC(353)   Evacuate Collection Set: 1.7ms
[248.595s][info][gc,phases      ] GC(353)   Post Evacuate Collection Set: 0.2ms
[248.595s][info][gc,phases      ] GC(353)   Other: 0.1ms
[248.595s][info][gc,heap        ] GC(353) Eden regions: 22->0(22)
[248.595s][info][gc,heap        ] GC(353) Survivor regions: 3->3(4)
[248.595s][info][gc,heap        ] GC(353) Old regions: 442->442
[248.595s][info][gc,heap        ] GC(353) Archive regions: 2->2
[248.595s][info][gc,heap        ] GC(353) Humongous regions: 11->11
[248.595s][info][gc,metaspace   ] GC(353) Metaspace: 44140K(45312K)->44140K(45312K) NonClass: 38900K(39680K)->38900K(39680K) Class: 5239K(5632K)->5239K(5632K)
[248.595s][info][gc             ] GC(353) Pause Young (Normal) (G1 Evacuation Pause) 474M->453M(512M) 2.224ms
[248.595s][info][gc,cpu         ] GC(353) User=0.02s Sys=0.01s Real=0.00s
[248.694s][info][gc,start       ] GC(354) Pause Young (Normal) (G1 Evacuation Pause)
[248.694s][info][gc,task        ] GC(354) Using 8 workers of 8 for evacuation
[248.696s][info][gc,phases      ] GC(354)   Pre Evacuate Collection Set: 0.1ms
[248.696s][info][gc,phases      ] GC(354)   Merge Heap Roots: 0.0ms
[248.696s][info][gc,phases      ] GC(354)   Evacuate Collection Set: 1.7ms
[248.696s][info][gc,phases      ] GC(354)   Post Evacuate Collection Set: 0.2ms
[248.696s][info][gc,phases      ] GC(354)   Other: 0.1ms
[248.696s][info][gc,heap        ] GC(354) Eden regions: 22->0(22)
[248.696s][info][gc,heap        ] GC(354) Survivor regions: 3->3(4)
[248.696s][info][gc,heap        ] GC(354) Old regions: 442->443
[248.696s][info][gc,heap        ] GC(354) Archive regions: 2->2
[248.696s][info][gc,heap        ] GC(354) Humongous regions: 11->11
[248.696s][info][gc,metaspace   ] GC(354) Metaspace: 44140K(45312K)->44140K(45312K) NonClass: 38900K(39680K)->38900K(39680K) Class: 5239K(5632K)->5239K(5632K)
[248.696s][info][gc             ] GC(354) Pause Young (Normal) (G1 Evacuation Pause) 475M->454M(512M) 2.256ms
[248.696s][info][gc,cpu         ] GC(354) User=0.02s Sys=0.00s Real=0.01s
[248.803s][info][gc,start       ] GC(355) Pause Young (Normal) (G1 Evacuation Pause)
[248.803s][info][gc,task        ] GC(355) Using 8 workers of 8 for evacuation
[248.806s][info][gc,phases      ] GC(355)   Pre Evacuate Collection Set: 0.1ms
[248.806s][info][gc,phases      ] GC(355)   Merge Heap Roots: 0.0ms
[248.806s][info][gc,phases      ] GC(355)   Evacuate Collection Set: 1.9ms
[248.806s][info][gc,phases      ] GC(355)   Post Evacuate Collection Set: 0.3ms
[248.806s][info][gc,phases      ] GC(355)   Other: 0.1ms
[248.806s][info][gc,heap        ] GC(355) Eden regions: 22->0(22)
[248.806s][info][gc,heap        ] GC(355) Survivor regions: 3->3(4)
[248.806s][info][gc,heap        ] GC(355) Old regions: 443->444
[248.806s][info][gc,heap        ] GC(355) Archive regions: 2->2
[248.806s][info][gc,heap        ] GC(355) Humongous regions: 11->11
[248.806s][info][gc,metaspace   ] GC(355) Metaspace: 44140K(45312K)->44140K(45312K) NonClass: 38900K(39680K)->38900K(39680K) Class: 5239K(5632K)->5239K(5632K)
[248.806s][info][gc             ] GC(355) Pause Young (Normal) (G1 Evacuation Pause) 476M->454M(512M) 2.527ms
[248.806s][info][gc,cpu         ] GC(355) User=0.02s Sys=0.00s Real=0.01s
[248.909s][info][gc,start       ] GC(356) Pause Young (Normal) (G1 Evacuation Pause)
[248.909s][info][gc,task        ] GC(356) Using 8 workers of 8 for evacuation
[248.911s][info][gc,phases      ] GC(356)   Pre Evacuate Collection Set: 0.1ms
[248.911s][info][gc,phases      ] GC(356)   Merge Heap Roots: 0.0ms
[248.911s][info][gc,phases      ] GC(356)   Evacuate Collection Set: 2.1ms
[248.911s][info][gc,phases      ] GC(356)   Post Evacuate Collection Set: 0.3ms
[248.911s][info][gc,phases      ] GC(356)   Other: 0.1ms
[248.911s][info][gc,heap        ] GC(356) Eden regions: 22->0(22)
[248.911s][info][gc,heap        ] GC(356) Survivor regions: 3->3(4)
[248.911s][info][gc,heap        ] GC(356) Old regions: 444->444
[248.911s][info][gc,heap        ] GC(356) Archive regions: 2->2
[248.911s][info][gc,heap        ] GC(356) Humongous regions: 11->11
[248.911s][info][gc,metaspace   ] GC(356) Metaspace: 44140K(45312K)->44140K(45312K) NonClass: 38900K(39680K)->38900K(39680K) Class: 5239K(5632K)->5239K(5632K)
[248.911s][info][gc             ] GC(356) Pause Young (Normal) (G1 Evacuation Pause) 476M->455M(512M) 2.687ms
[248.911s][info][gc,cpu         ] GC(356) User=0.02s Sys=0.00s Real=0.00s
[248.985s][info][gc,marking     ] GC(347) Concurrent Rebuild Remembered Sets 427.371ms
[248.985s][info][gc,start       ] GC(347) Pause Cleanup
[248.986s][info][gc             ] GC(347) Pause Cleanup 471M->471M(512M) 0.374ms
[248.986s][info][gc,cpu         ] GC(347) User=0.00s Sys=0.01s Real=0.01s
[248.986s][info][gc,marking     ] GC(347) Concurrent Cleanup for Next Mark
[248.986s][info][gc,marking     ] GC(347) Concurrent Cleanup for Next Mark 0.773ms
[248.987s][info][gc             ] GC(347) Concurrent Cycle 1125.922ms
[249.016s][info][gc,start       ] GC(357) Pause Young (Normal) (G1 Evacuation Pause)
[249.016s][info][gc,task        ] GC(357) Using 8 workers of 8 for evacuation
[249.019s][info][gc,phases      ] GC(357)   Pre Evacuate Collection Set: 0.1ms
[249.019s][info][gc,phases      ] GC(357)   Merge Heap Roots: 0.0ms
[249.019s][info][gc,phases      ] GC(357)   Evacuate Collection Set: 2.7ms
[249.019s][info][gc,phases      ] GC(357)   Post Evacuate Collection Set: 0.3ms
[249.019s][info][gc,phases      ] GC(357)   Other: 0.2ms
[249.019s][info][gc,heap        ] GC(357) Eden regions: 22->0(22)
[249.019s][info][gc,heap        ] GC(357) Survivor regions: 3->3(4)
[249.019s][info][gc,heap        ] GC(357) Old regions: 444->445
[249.019s][info][gc,heap        ] GC(357) Archive regions: 2->2
[249.019s][info][gc,heap        ] GC(357) Humongous regions: 11->11
[249.019s][info][gc,metaspace   ] GC(357) Metaspace: 44140K(45312K)->44140K(45312K) NonClass: 38900K(39680K)->38900K(39680K) Class: 5239K(5632K)->5239K(5632K)
[249.019s][info][gc             ] GC(357) Pause Young (Normal) (G1 Evacuation Pause) 477M->455M(512M) 3.437ms
[249.019s][info][gc,cpu         ] GC(357) User=0.02s Sys=0.00s Real=0.00s
[249.126s][info][gc,start       ] GC(358) Pause Young (Concurrent Start) (G1 Evacuation Pause)
[249.126s][info][gc,task        ] GC(358) Using 8 workers of 8 for evacuation
[249.129s][info][gc,phases      ] GC(358)   Pre Evacuate Collection Set: 0.1ms
[249.129s][info][gc,phases      ] GC(358)   Merge Heap Roots: 0.0ms
[249.129s][info][gc,phases      ] GC(358)   Evacuate Collection Set: 2.3ms
[249.129s][info][gc,phases      ] GC(358)   Post Evacuate Collection Set: 0.2ms
[249.129s][info][gc,phases      ] GC(358)   Other: 0.2ms
[249.129s][info][gc,heap        ] GC(358) Eden regions: 22->0(22)
[249.129s][info][gc,heap        ] GC(358) Survivor regions: 3->3(4)
[249.129s][info][gc,heap        ] GC(358) Old regions: 445->445
[249.129s][info][gc,heap        ] GC(358) Archive regions: 2->2
[249.129s][info][gc,heap        ] GC(358) Humongous regions: 11->11
[249.129s][info][gc,metaspace   ] GC(358) Metaspace: 44140K(45312K)->44140K(45312K) NonClass: 38900K(39680K)->38900K(39680K) Class: 5239K(5632K)->5239K(5632K)
[249.129s][info][gc             ] GC(358) Pause Young (Concurrent Start) (G1 Evacuation Pause) 477M->456M(512M) 3.002ms
[249.129s][info][gc,cpu         ] GC(358) User=0.01s Sys=0.00s Real=0.00s
[249.129s][info][gc             ] GC(359) Concurrent Cycle
[249.129s][info][gc,marking     ] GC(359) Concurrent Clear Claimed Marks
[249.130s][info][gc,marking     ] GC(359) Concurrent Clear Claimed Marks 0.039ms
[249.130s][info][gc,marking     ] GC(359) Concurrent Scan Root Regions
[249.132s][info][gc,marking     ] GC(359) Concurrent Scan Root Regions 2.262ms
[249.132s][info][gc,marking     ] GC(359) Concurrent Mark (249.132s)
[249.132s][info][gc,marking     ] GC(359) Concurrent Mark From Roots
[249.132s][info][gc,task        ] GC(359) Using 2 workers of 2 for marking
[249.253s][info][gc,start       ] GC(360) Pause Young (Normal) (G1 Evacuation Pause)
[249.253s][info][gc,task        ] GC(360) Using 8 workers of 8 for evacuation
[249.256s][info][gc,phases      ] GC(360)   Pre Evacuate Collection Set: 0.1ms
[249.256s][info][gc,phases      ] GC(360)   Merge Heap Roots: 0.0ms
[249.256s][info][gc,phases      ] GC(360)   Evacuate Collection Set: 1.9ms
[249.256s][info][gc,phases      ] GC(360)   Post Evacuate Collection Set: 0.2ms
[249.256s][info][gc,phases      ] GC(360)   Other: 0.1ms
[249.256s][info][gc,heap        ] GC(360) Eden regions: 22->0(22)
[249.256s][info][gc,heap        ] GC(360) Survivor regions: 3->3(4)
[249.256s][info][gc,heap        ] GC(360) Old regions: 445->446
[249.256s][info][gc,heap        ] GC(360) Archive regions: 2->2
[249.256s][info][gc,heap        ] GC(360) Humongous regions: 11->11
[249.256s][info][gc,metaspace   ] GC(360) Metaspace: 44140K(45312K)->44140K(45312K) NonClass: 38900K(39680K)->38900K(39680K) Class: 5239K(5632K)->5239K(5632K)
[249.256s][info][gc             ] GC(360) Pause Young (Normal) (G1 Evacuation Pause) 478M->457M(512M) 2.487ms
[249.256s][info][gc,cpu         ] GC(360) User=0.01s Sys=0.00s Real=0.01s
[249.390s][info][gc,start       ] GC(361) Pause Young (Normal) (G1 Evacuation Pause)
[249.390s][info][gc,task        ] GC(361) Using 8 workers of 8 for evacuation
[249.392s][info][gc,phases      ] GC(361)   Pre Evacuate Collection Set: 0.1ms
[249.392s][info][gc,phases      ] GC(361)   Merge Heap Roots: 0.0ms
[249.392s][info][gc,phases      ] GC(361)   Evacuate Collection Set: 1.8ms
[249.392s][info][gc,phases      ] GC(361)   Post Evacuate Collection Set: 0.2ms
[249.392s][info][gc,phases      ] GC(361)   Other: 0.2ms
[249.392s][info][gc,heap        ] GC(361) Eden regions: 22->0(22)
[249.392s][info][gc,heap        ] GC(361) Survivor regions: 3->3(4)
[249.392s][info][gc,heap        ] GC(361) Old regions: 446->446
[249.392s][info][gc,heap        ] GC(361) Archive regions: 2->2
[249.392s][info][gc,heap        ] GC(361) Humongous regions: 11->11
[249.392s][info][gc,metaspace   ] GC(361) Metaspace: 44140K(45312K)->44140K(45312K) NonClass: 38900K(39680K)->38900K(39680K) Class: 5239K(5632K)->5239K(5632K)
[249.392s][info][gc             ] GC(361) Pause Young (Normal) (G1 Evacuation Pause) 479M->457M(512M) 2.373ms
[249.392s][info][gc,cpu         ] GC(361) User=0.02s Sys=0.00s Real=0.00s
[249.512s][info][gc,start       ] GC(362) Pause Young (Normal) (G1 Evacuation Pause)
[249.512s][info][gc,task        ] GC(362) Using 8 workers of 8 for evacuation
[249.515s][info][gc,phases      ] GC(362)   Pre Evacuate Collection Set: 0.1ms
[249.515s][info][gc,phases      ] GC(362)   Merge Heap Roots: 0.0ms
[249.515s][info][gc,phases      ] GC(362)   Evacuate Collection Set: 1.9ms
[249.515s][info][gc,phases      ] GC(362)   Post Evacuate Collection Set: 0.2ms
[249.515s][info][gc,phases      ] GC(362)   Other: 0.1ms
[249.515s][info][gc,heap        ] GC(362) Eden regions: 22->0(22)
[249.515s][info][gc,heap        ] GC(362) Survivor regions: 3->3(4)
[249.515s][info][gc,heap        ] GC(362) Old regions: 446->447
[249.515s][info][gc,heap        ] GC(362) Archive regions: 2->2
[249.515s][info][gc,heap        ] GC(362) Humongous regions: 11->11
[249.515s][info][gc,metaspace   ] GC(362) Metaspace: 44140K(45312K)->44140K(45312K) NonClass: 38900K(39680K)->38900K(39680K) Class: 5239K(5632K)->5239K(5632K)
[249.515s][info][gc             ] GC(362) Pause Young (Normal) (G1 Evacuation Pause) 479M->458M(512M) 2.437ms
[249.515s][info][gc,cpu         ] GC(362) User=0.01s Sys=0.00s Real=0.00s
[249.632s][info][gc,start       ] GC(363) Pause Young (Normal) (G1 Evacuation Pause)
[249.632s][info][gc,task        ] GC(363) Using 8 workers of 8 for evacuation
[249.634s][info][gc,phases      ] GC(363)   Pre Evacuate Collection Set: 0.1ms
[249.634s][info][gc,phases      ] GC(363)   Merge Heap Roots: 0.0ms
[249.634s][info][gc,phases      ] GC(363)   Evacuate Collection Set: 1.8ms
[249.634s][info][gc,phases      ] GC(363)   Post Evacuate Collection Set: 0.2ms
[249.634s][info][gc,phases      ] GC(363)   Other: 0.1ms
[249.634s][info][gc,heap        ] GC(363) Eden regions: 22->0(22)
[249.634s][info][gc,heap        ] GC(363) Survivor regions: 3->3(4)
[249.634s][info][gc,heap        ] GC(363) Old regions: 447->448
[249.634s][info][gc,heap        ] GC(363) Archive regions: 2->2
[249.634s][info][gc,heap        ] GC(363) Humongous regions: 11->11
[249.634s][info][gc,metaspace   ] GC(363) Metaspace: 44140K(45312K)->44140K(45312K) NonClass: 38900K(39680K)->38900K(39680K) Class: 5239K(5632K)->5239K(5632K)
[249.634s][info][gc             ] GC(363) Pause Young (Normal) (G1 Evacuation Pause) 480M->458M(512M) 2.385ms
[249.634s][info][gc,cpu         ] GC(363) User=0.01s Sys=0.00s Real=0.00s
[249.751s][info][gc,start       ] GC(364) Pause Young (Normal) (G1 Evacuation Pause)
[249.751s][info][gc,task        ] GC(364) Using 8 workers of 8 for evacuation
[249.753s][info][gc,phases      ] GC(364)   Pre Evacuate Collection Set: 0.1ms
[249.753s][info][gc,phases      ] GC(364)   Merge Heap Roots: 0.1ms
[249.753s][info][gc,phases      ] GC(364)   Evacuate Collection Set: 1.8ms
[249.753s][info][gc,phases      ] GC(364)   Post Evacuate Collection Set: 0.2ms
[249.753s][info][gc,phases      ] GC(364)   Other: 0.1ms
[249.753s][info][gc,heap        ] GC(364) Eden regions: 22->0(22)
[249.753s][info][gc,heap        ] GC(364) Survivor regions: 3->3(4)
[249.753s][info][gc,heap        ] GC(364) Old regions: 448->448
[249.753s][info][gc,heap        ] GC(364) Archive regions: 2->2
[249.753s][info][gc,heap        ] GC(364) Humongous regions: 11->11
[249.753s][info][gc,metaspace   ] GC(364) Metaspace: 44140K(45312K)->44140K(45312K) NonClass: 38900K(39680K)->38900K(39680K) Class: 5239K(5632K)->5239K(5632K)
[249.753s][info][gc             ] GC(364) Pause Young (Normal) (G1 Evacuation Pause) 480M->459M(512M) 2.291ms
[249.753s][info][gc,cpu         ] GC(364) User=0.02s Sys=0.00s Real=0.00s
[249.792s][info][gc,marking     ] GC(359) Concurrent Mark From Roots 659.794ms
[249.792s][info][gc,marking     ] GC(359) Concurrent Preclean
[249.792s][info][gc,marking     ] GC(359) Concurrent Preclean 0.061ms
[249.792s][info][gc,marking     ] GC(359) Concurrent Mark (249.132s, 249.792s) 659.909ms
[249.792s][info][gc,start       ] GC(359) Pause Remark
[249.794s][info][gc             ] GC(359) Pause Remark 465M->465M(512M) 1.704ms
[249.794s][info][gc,cpu         ] GC(359) User=0.01s Sys=0.00s Real=0.00s
[249.794s][info][gc,marking     ] GC(359) Concurrent Rebuild Remembered Sets
[249.865s][info][gc,start       ] GC(365) Pause Young (Normal) (G1 Evacuation Pause)
[249.865s][info][gc,task        ] GC(365) Using 8 workers of 8 for evacuation
[249.867s][info][gc,phases      ] GC(365)   Pre Evacuate Collection Set: 0.1ms
[249.867s][info][gc,phases      ] GC(365)   Merge Heap Roots: 0.0ms
[249.867s][info][gc,phases      ] GC(365)   Evacuate Collection Set: 1.9ms
[249.867s][info][gc,phases      ] GC(365)   Post Evacuate Collection Set: 0.2ms
[249.867s][info][gc,phases      ] GC(365)   Other: 0.1ms
[249.867s][info][gc,heap        ] GC(365) Eden regions: 22->0(22)
[249.867s][info][gc,heap        ] GC(365) Survivor regions: 3->3(4)
[249.867s][info][gc,heap        ] GC(365) Old regions: 448->449
[249.867s][info][gc,heap        ] GC(365) Archive regions: 2->2
[249.867s][info][gc,heap        ] GC(365) Humongous regions: 11->11
[249.867s][info][gc,metaspace   ] GC(365) Metaspace: 44140K(45312K)->44140K(45312K) NonClass: 38900K(39680K)->38900K(39680K) Class: 5239K(5632K)->5239K(5632K)
[249.867s][info][gc             ] GC(365) Pause Young (Normal) (G1 Evacuation Pause) 481M->459M(512M) 2.429ms
[249.867s][info][gc,cpu         ] GC(365) User=0.01s Sys=0.00s Real=0.01s
[249.967s][info][gc,start       ] GC(366) Pause Young (Normal) (G1 Evacuation Pause)
[249.967s][info][gc,task        ] GC(366) Using 8 workers of 8 for evacuation
[249.969s][info][gc,phases      ] GC(366)   Pre Evacuate Collection Set: 0.0ms
[249.969s][info][gc,phases      ] GC(366)   Merge Heap Roots: 0.0ms
[249.969s][info][gc,phases      ] GC(366)   Evacuate Collection Set: 1.7ms
[249.969s][info][gc,phases      ] GC(366)   Post Evacuate Collection Set: 0.2ms
[249.969s][info][gc,phases      ] GC(366)   Other: 0.1ms
[249.969s][info][gc,heap        ] GC(366) Eden regions: 22->0(22)
[249.969s][info][gc,heap        ] GC(366) Survivor regions: 3->3(4)
[249.969s][info][gc,heap        ] GC(366) Old regions: 449->449
[249.969s][info][gc,heap        ] GC(366) Archive regions: 2->2
[249.969s][info][gc,heap        ] GC(366) Humongous regions: 11->11
[249.969s][info][gc,metaspace   ] GC(366) Metaspace: 44145K(45312K)->44145K(45312K) NonClass: 38905K(39680K)->38905K(39680K) Class: 5239K(5632K)->5239K(5632K)
[249.969s][info][gc             ] GC(366) Pause Young (Normal) (G1 Evacuation Pause) 481M->460M(512M) 2.229ms
[249.969s][info][gc,cpu         ] GC(366) User=0.01s Sys=0.00s Real=0.00s
[250.072s][info][gc,start       ] GC(367) Pause Young (Normal) (G1 Evacuation Pause)
[250.072s][info][gc,task        ] GC(367) Using 8 workers of 8 for evacuation
[250.074s][info][gc,phases      ] GC(367)   Pre Evacuate Collection Set: 0.1ms
[250.074s][info][gc,phases      ] GC(367)   Merge Heap Roots: 0.1ms
[250.074s][info][gc,phases      ] GC(367)   Evacuate Collection Set: 2.3ms
[250.074s][info][gc,phases      ] GC(367)   Post Evacuate Collection Set: 0.2ms
[250.074s][info][gc,phases      ] GC(367)   Other: 0.1ms
[250.074s][info][gc,heap        ] GC(367) Eden regions: 22->0(22)
[250.074s][info][gc,heap        ] GC(367) Survivor regions: 3->3(4)
[250.074s][info][gc,heap        ] GC(367) Old regions: 449->450
[250.074s][info][gc,heap        ] GC(367) Archive regions: 2->2
[250.074s][info][gc,heap        ] GC(367) Humongous regions: 11->11
[250.074s][info][gc,metaspace   ] GC(367) Metaspace: 44145K(45312K)->44145K(45312K) NonClass: 38905K(39680K)->38905K(39680K) Class: 5239K(5632K)->5239K(5632K)
[250.074s][info][gc             ] GC(367) Pause Young (Normal) (G1 Evacuation Pause) 482M->460M(512M) 2.800ms
[250.074s][info][gc,cpu         ] GC(367) User=0.01s Sys=0.00s Real=0.00s
[250.189s][info][gc,start       ] GC(368) Pause Young (Normal) (G1 Evacuation Pause)
[250.189s][info][gc,task        ] GC(368) Using 8 workers of 8 for evacuation
[250.191s][info][gc,phases      ] GC(368)   Pre Evacuate Collection Set: 0.1ms
[250.191s][info][gc,phases      ] GC(368)   Merge Heap Roots: 0.0ms
[250.191s][info][gc,phases      ] GC(368)   Evacuate Collection Set: 2.2ms
[250.191s][info][gc,phases      ] GC(368)   Post Evacuate Collection Set: 0.2ms
[250.191s][info][gc,phases      ] GC(368)   Other: 0.2ms
[250.191s][info][gc,heap        ] GC(368) Eden regions: 22->0(22)
[250.191s][info][gc,heap        ] GC(368) Survivor regions: 3->3(4)
[250.191s][info][gc,heap        ] GC(368) Old regions: 450->450
[250.191s][info][gc,heap        ] GC(368) Archive regions: 2->2
[250.191s][info][gc,heap        ] GC(368) Humongous regions: 11->11
[250.191s][info][gc,metaspace   ] GC(368) Metaspace: 44146K(45312K)->44146K(45312K) NonClass: 38907K(39680K)->38907K(39680K) Class: 5239K(5632K)->5239K(5632K)
[250.191s][info][gc             ] GC(368) Pause Young (Normal) (G1 Evacuation Pause) 482M->461M(512M) 2.742ms
[250.191s][info][gc,cpu         ] GC(368) User=0.01s Sys=0.00s Real=0.00s
[250.215s][info][gc,marking     ] GC(359) Concurrent Rebuild Remembered Sets 420.946ms
[250.215s][info][gc,start       ] GC(359) Pause Cleanup
[250.215s][info][gc             ] GC(359) Pause Cleanup 466M->466M(512M) 0.260ms
[250.215s][info][gc,cpu         ] GC(359) User=0.00s Sys=0.00s Real=0.00s
[250.215s][info][gc,marking     ] GC(359) Concurrent Cleanup for Next Mark
[250.216s][info][gc,marking     ] GC(359) Concurrent Cleanup for Next Mark 0.765ms
[250.216s][info][gc             ] GC(359) Concurrent Cycle 1086.449ms
[250.296s][info][gc,start       ] GC(369) Pause Young (Normal) (G1 Evacuation Pause)
[250.296s][info][gc,task        ] GC(369) Using 8 workers of 8 for evacuation
[250.299s][info][gc,phases      ] GC(369)   Pre Evacuate Collection Set: 0.1ms
[250.299s][info][gc,phases      ] GC(369)   Merge Heap Roots: 0.0ms
[250.299s][info][gc,phases      ] GC(369)   Evacuate Collection Set: 2.4ms
[250.299s][info][gc,phases      ] GC(369)   Post Evacuate Collection Set: 0.3ms
[250.299s][info][gc,phases      ] GC(369)   Other: 0.1ms
[250.299s][info][gc,heap        ] GC(369) Eden regions: 22->0(22)
[250.299s][info][gc,heap        ] GC(369) Survivor regions: 3->3(4)
[250.299s][info][gc,heap        ] GC(369) Old regions: 450->451
[250.299s][info][gc,heap        ] GC(369) Archive regions: 2->2
[250.299s][info][gc,heap        ] GC(369) Humongous regions: 11->11
[250.299s][info][gc,metaspace   ] GC(369) Metaspace: 44146K(45312K)->44146K(45312K) NonClass: 38907K(39680K)->38907K(39680K) Class: 5239K(5632K)->5239K(5632K)
[250.299s][info][gc             ] GC(369) Pause Young (Normal) (G1 Evacuation Pause) 483M->461M(512M) 3.085ms
[250.299s][info][gc,cpu         ] GC(369) User=0.02s Sys=0.00s Real=0.00s
[250.397s][info][gc,start       ] GC(370) Pause Young (Concurrent Start) (G1 Evacuation Pause)
[250.397s][info][gc,task        ] GC(370) Using 8 workers of 8 for evacuation
[250.400s][info][gc,phases      ] GC(370)   Pre Evacuate Collection Set: 0.1ms
[250.400s][info][gc,phases      ] GC(370)   Merge Heap Roots: 0.1ms
[250.400s][info][gc,phases      ] GC(370)   Evacuate Collection Set: 1.9ms
[250.400s][info][gc,phases      ] GC(370)   Post Evacuate Collection Set: 0.2ms
[250.400s][info][gc,phases      ] GC(370)   Other: 0.2ms
[250.400s][info][gc,heap        ] GC(370) Eden regions: 22->0(22)
[250.400s][info][gc,heap        ] GC(370) Survivor regions: 3->3(4)
[250.400s][info][gc,heap        ] GC(370) Old regions: 451->451
[250.400s][info][gc,heap        ] GC(370) Archive regions: 2->2
[250.400s][info][gc,heap        ] GC(370) Humongous regions: 11->11
[250.400s][info][gc,metaspace   ] GC(370) Metaspace: 44146K(45312K)->44146K(45312K) NonClass: 38907K(39680K)->38907K(39680K) Class: 5239K(5632K)->5239K(5632K)
[250.400s][info][gc             ] GC(370) Pause Young (Concurrent Start) (G1 Evacuation Pause) 483M->462M(512M) 2.529ms
[250.400s][info][gc,cpu         ] GC(370) User=0.01s Sys=0.00s Real=0.00s
[250.400s][info][gc             ] GC(371) Concurrent Cycle
[250.400s][info][gc,marking     ] GC(371) Concurrent Clear Claimed Marks
[250.400s][info][gc,marking     ] GC(371) Concurrent Clear Claimed Marks 0.020ms
[250.400s][info][gc,marking     ] GC(371) Concurrent Scan Root Regions
[250.402s][info][gc,marking     ] GC(371) Concurrent Scan Root Regions 2.500ms
[250.402s][info][gc,marking     ] GC(371) Concurrent Mark (250.402s)
[250.402s][info][gc,marking     ] GC(371) Concurrent Mark From Roots
[250.402s][info][gc,task        ] GC(371) Using 2 workers of 2 for marking
[250.518s][info][gc,start       ] GC(372) Pause Young (Normal) (G1 Evacuation Pause)
[250.518s][info][gc,task        ] GC(372) Using 8 workers of 8 for evacuation
[250.521s][info][gc,phases      ] GC(372)   Pre Evacuate Collection Set: 0.1ms
[250.521s][info][gc,phases      ] GC(372)   Merge Heap Roots: 0.0ms
[250.521s][info][gc,phases      ] GC(372)   Evacuate Collection Set: 2.0ms
[250.521s][info][gc,phases      ] GC(372)   Post Evacuate Collection Set: 0.2ms
[250.521s][info][gc,phases      ] GC(372)   Other: 0.2ms
[250.521s][info][gc,heap        ] GC(372) Eden regions: 22->0(22)
[250.521s][info][gc,heap        ] GC(372) Survivor regions: 3->3(4)
[250.521s][info][gc,heap        ] GC(372) Old regions: 451->452
[250.521s][info][gc,heap        ] GC(372) Archive regions: 2->2
[250.521s][info][gc,heap        ] GC(372) Humongous regions: 11->11
[250.521s][info][gc,metaspace   ] GC(372) Metaspace: 44146K(45312K)->44146K(45312K) NonClass: 38907K(39680K)->38907K(39680K) Class: 5239K(5632K)->5239K(5632K)
[250.521s][info][gc             ] GC(372) Pause Young (Normal) (G1 Evacuation Pause) 484M->463M(512M) 2.657ms
[250.521s][info][gc,cpu         ] GC(372) User=0.02s Sys=0.00s Real=0.00s
[250.635s][info][gc,start       ] GC(373) Pause Young (Normal) (G1 Evacuation Pause)
[250.635s][info][gc,task        ] GC(373) Using 8 workers of 8 for evacuation
[250.637s][info][gc,phases      ] GC(373)   Pre Evacuate Collection Set: 0.1ms
[250.637s][info][gc,phases      ] GC(373)   Merge Heap Roots: 0.0ms
[250.637s][info][gc,phases      ] GC(373)   Evacuate Collection Set: 1.9ms
[250.637s][info][gc,phases      ] GC(373)   Post Evacuate Collection Set: 0.2ms
[250.637s][info][gc,phases      ] GC(373)   Other: 0.1ms
[250.637s][info][gc,heap        ] GC(373) Eden regions: 22->0(22)
[250.637s][info][gc,heap        ] GC(373) Survivor regions: 3->3(4)
[250.637s][info][gc,heap        ] GC(373) Old regions: 452->453
[250.637s][info][gc,heap        ] GC(373) Archive regions: 2->2
[250.637s][info][gc,heap        ] GC(373) Humongous regions: 11->11
[250.637s][info][gc,metaspace   ] GC(373) Metaspace: 44146K(45312K)->44146K(45312K) NonClass: 38907K(39680K)->38907K(39680K) Class: 5239K(5632K)->5239K(5632K)
[250.637s][info][gc             ] GC(373) Pause Young (Normal) (G1 Evacuation Pause) 485M->463M(512M) 2.478ms
[250.637s][info][gc,cpu         ] GC(373) User=0.01s Sys=0.00s Real=0.01s
[250.752s][info][gc,start       ] GC(374) Pause Young (Normal) (G1 Evacuation Pause)
[250.752s][info][gc,task        ] GC(374) Using 8 workers of 8 for evacuation
[250.755s][info][gc,phases      ] GC(374)   Pre Evacuate Collection Set: 0.1ms
[250.755s][info][gc,phases      ] GC(374)   Merge Heap Roots: 0.0ms
[250.755s][info][gc,phases      ] GC(374)   Evacuate Collection Set: 2.0ms
[250.755s][info][gc,phases      ] GC(374)   Post Evacuate Collection Set: 0.2ms
[250.755s][info][gc,phases      ] GC(374)   Other: 0.1ms
[250.755s][info][gc,heap        ] GC(374) Eden regions: 22->0(22)
[250.755s][info][gc,heap        ] GC(374) Survivor regions: 3->3(4)
[250.755s][info][gc,heap        ] GC(374) Old regions: 453->453
[250.755s][info][gc,heap        ] GC(374) Archive regions: 2->2
[250.755s][info][gc,heap        ] GC(374) Humongous regions: 11->11
[250.755s][info][gc,metaspace   ] GC(374) Metaspace: 44146K(45312K)->44146K(45312K) NonClass: 38907K(39680K)->38907K(39680K) Class: 5239K(5632K)->5239K(5632K)
[250.755s][info][gc             ] GC(374) Pause Young (Normal) (G1 Evacuation Pause) 485M->464M(512M) 2.583ms
[250.755s][info][gc,cpu         ] GC(374) User=0.02s Sys=0.00s Real=0.00s
[250.868s][info][gc,start       ] GC(375) Pause Young (Normal) (G1 Evacuation Pause)
[250.868s][info][gc,task        ] GC(375) Using 8 workers of 8 for evacuation
[250.871s][info][gc,phases      ] GC(375)   Pre Evacuate Collection Set: 0.1ms
[250.871s][info][gc,phases      ] GC(375)   Merge Heap Roots: 0.0ms
[250.871s][info][gc,phases      ] GC(375)   Evacuate Collection Set: 1.9ms
[250.871s][info][gc,phases      ] GC(375)   Post Evacuate Collection Set: 0.2ms
[250.871s][info][gc,phases      ] GC(375)   Other: 0.1ms
[250.871s][info][gc,heap        ] GC(375) Eden regions: 22->0(22)
[250.871s][info][gc,heap        ] GC(375) Survivor regions: 3->3(4)
[250.871s][info][gc,heap        ] GC(375) Old regions: 453->454
[250.871s][info][gc,heap        ] GC(375) Archive regions: 2->2
[250.871s][info][gc,heap        ] GC(375) Humongous regions: 11->11
[250.871s][info][gc,metaspace   ] GC(375) Metaspace: 44146K(45312K)->44146K(45312K) NonClass: 38907K(39680K)->38907K(39680K) Class: 5239K(5632K)->5239K(5632K)
[250.871s][info][gc             ] GC(375) Pause Young (Normal) (G1 Evacuation Pause) 486M->464M(512M) 2.499ms
[250.871s][info][gc,cpu         ] GC(375) User=0.01s Sys=0.00s Real=0.00s
[251.021s][info][gc,start       ] GC(376) Pause Young (Normal) (G1 Evacuation Pause)
[251.021s][info][gc,task        ] GC(376) Using 8 workers of 8 for evacuation
[251.023s][info][gc,phases      ] GC(376)   Pre Evacuate Collection Set: 0.1ms
[251.023s][info][gc,phases      ] GC(376)   Merge Heap Roots: 0.0ms
[251.023s][info][gc,phases      ] GC(376)   Evacuate Collection Set: 1.9ms
[251.023s][info][gc,phases      ] GC(376)   Post Evacuate Collection Set: 0.2ms
[251.023s][info][gc,phases      ] GC(376)   Other: 0.1ms
[251.023s][info][gc,heap        ] GC(376) Eden regions: 22->0(22)
[251.023s][info][gc,heap        ] GC(376) Survivor regions: 3->3(4)
[251.023s][info][gc,heap        ] GC(376) Old regions: 454->454
[251.023s][info][gc,heap        ] GC(376) Archive regions: 2->2
[251.023s][info][gc,heap        ] GC(376) Humongous regions: 11->11
[251.023s][info][gc,metaspace   ] GC(376) Metaspace: 44146K(45312K)->44146K(45312K) NonClass: 38907K(39680K)->38907K(39680K) Class: 5239K(5632K)->5239K(5632K)
[251.023s][info][gc             ] GC(376) Pause Young (Normal) (G1 Evacuation Pause) 486M->465M(512M) 2.449ms
[251.023s][info][gc,cpu         ] GC(376) User=0.01s Sys=0.00s Real=0.00s
[251.214s][info][gc,start       ] GC(377) Pause Young (Normal) (G1 Evacuation Pause)
[251.214s][info][gc,task        ] GC(377) Using 8 workers of 8 for evacuation
[251.216s][info][gc,phases      ] GC(377)   Pre Evacuate Collection Set: 0.1ms
[251.216s][info][gc,phases      ] GC(377)   Merge Heap Roots: 0.0ms
[251.216s][info][gc,phases      ] GC(377)   Evacuate Collection Set: 1.9ms
[251.216s][info][gc,phases      ] GC(377)   Post Evacuate Collection Set: 0.2ms
[251.216s][info][gc,phases      ] GC(377)   Other: 0.1ms
[251.216s][info][gc,heap        ] GC(377) Eden regions: 22->0(22)
[251.216s][info][gc,heap        ] GC(377) Survivor regions: 3->3(4)
[251.216s][info][gc,heap        ] GC(377) Old regions: 454->455
[251.216s][info][gc,heap        ] GC(377) Archive regions: 2->2
[251.216s][info][gc,heap        ] GC(377) Humongous regions: 11->11
[251.216s][info][gc,metaspace   ] GC(377) Metaspace: 44146K(45312K)->44146K(45312K) NonClass: 38907K(39680K)->38907K(39680K) Class: 5239K(5632K)->5239K(5632K)
[251.216s][info][gc             ] GC(377) Pause Young (Normal) (G1 Evacuation Pause) 487M->465M(512M) 2.502ms
[251.216s][info][gc,cpu         ] GC(377) User=0.01s Sys=0.00s Real=0.01s
[251.320s][info][gc,marking     ] GC(371) Concurrent Mark From Roots 917.951ms
[251.320s][info][gc,marking     ] GC(371) Concurrent Preclean
[251.320s][info][gc,marking     ] GC(371) Concurrent Preclean 0.100ms
[251.320s][info][gc,marking     ] GC(371) Concurrent Mark (250.402s, 251.320s) 918.149ms
[251.321s][info][gc,start       ] GC(371) Pause Remark
[251.322s][info][gc             ] GC(371) Pause Remark 483M->483M(512M) 1.648ms
[251.322s][info][gc,cpu         ] GC(371) User=0.01s Sys=0.00s Real=0.00s
[251.322s][info][gc,marking     ] GC(371) Concurrent Rebuild Remembered Sets
[251.350s][info][gc,start       ] GC(378) Pause Young (Normal) (G1 Evacuation Pause)
[251.350s][info][gc,task        ] GC(378) Using 8 workers of 8 for evacuation
[251.352s][info][gc,phases      ] GC(378)   Pre Evacuate Collection Set: 0.1ms
[251.352s][info][gc,phases      ] GC(378)   Merge Heap Roots: 0.0ms
[251.352s][info][gc,phases      ] GC(378)   Evacuate Collection Set: 1.6ms
[251.352s][info][gc,phases      ] GC(378)   Post Evacuate Collection Set: 0.2ms
[251.352s][info][gc,phases      ] GC(378)   Other: 0.1ms
[251.352s][info][gc,heap        ] GC(378) Eden regions: 22->0(22)
[251.352s][info][gc,heap        ] GC(378) Survivor regions: 3->3(4)
[251.352s][info][gc,heap        ] GC(378) Old regions: 455->455
[251.352s][info][gc,heap        ] GC(378) Archive regions: 2->2
[251.352s][info][gc,heap        ] GC(378) Humongous regions: 11->11
[251.352s][info][gc,metaspace   ] GC(378) Metaspace: 44146K(45312K)->44146K(45312K) NonClass: 38907K(39680K)->38907K(39680K) Class: 5239K(5632K)->5239K(5632K)
[251.352s][info][gc             ] GC(378) Pause Young (Normal) (G1 Evacuation Pause) 487M->466M(512M) 2.097ms
[251.352s][info][gc,cpu         ] GC(378) User=0.01s Sys=0.00s Real=0.00s
[251.467s][info][gc,start       ] GC(379) Pause Young (Normal) (G1 Evacuation Pause)
[251.467s][info][gc,task        ] GC(379) Using 8 workers of 8 for evacuation
[251.469s][info][gc,phases      ] GC(379)   Pre Evacuate Collection Set: 0.1ms
[251.469s][info][gc,phases      ] GC(379)   Merge Heap Roots: 0.0ms
[251.469s][info][gc,phases      ] GC(379)   Evacuate Collection Set: 1.8ms
[251.469s][info][gc,phases      ] GC(379)   Post Evacuate Collection Set: 0.2ms
[251.469s][info][gc,phases      ] GC(379)   Other: 0.1ms
[251.469s][info][gc,heap        ] GC(379) Eden regions: 22->0(22)
[251.469s][info][gc,heap        ] GC(379) Survivor regions: 3->3(4)
[251.469s][info][gc,heap        ] GC(379) Old regions: 455->456
[251.469s][info][gc,heap        ] GC(379) Archive regions: 2->2
[251.469s][info][gc,heap        ] GC(379) Humongous regions: 11->11
[251.469s][info][gc,metaspace   ] GC(379) Metaspace: 44146K(45312K)->44146K(45312K) NonClass: 38907K(39680K)->38907K(39680K) Class: 5239K(5632K)->5239K(5632K)
[251.469s][info][gc             ] GC(379) Pause Young (Normal) (G1 Evacuation Pause) 488M->466M(512M) 2.422ms
[251.469s][info][gc,cpu         ] GC(379) User=0.01s Sys=0.00s Real=0.00s
[251.581s][info][gc,start       ] GC(380) Pause Young (Normal) (G1 Evacuation Pause)
[251.581s][info][gc,task        ] GC(380) Using 8 workers of 8 for evacuation
[251.584s][info][gc,phases      ] GC(380)   Pre Evacuate Collection Set: 0.1ms
[251.584s][info][gc,phases      ] GC(380)   Merge Heap Roots: 0.1ms
[251.584s][info][gc,phases      ] GC(380)   Evacuate Collection Set: 2.1ms
[251.584s][info][gc,phases      ] GC(380)   Post Evacuate Collection Set: 0.2ms
[251.584s][info][gc,phases      ] GC(380)   Other: 0.1ms
[251.584s][info][gc,heap        ] GC(380) Eden regions: 22->0(22)
[251.584s][info][gc,heap        ] GC(380) Survivor regions: 3->3(4)
[251.584s][info][gc,heap        ] GC(380) Old regions: 456->456
[251.584s][info][gc,heap        ] GC(380) Archive regions: 2->2
[251.584s][info][gc,heap        ] GC(380) Humongous regions: 11->11
[251.584s][info][gc,metaspace   ] GC(380) Metaspace: 44146K(45312K)->44146K(45312K) NonClass: 38907K(39680K)->38907K(39680K) Class: 5239K(5632K)->5239K(5632K)
[251.584s][info][gc             ] GC(380) Pause Young (Normal) (G1 Evacuation Pause) 488M->467M(512M) 2.643ms
[251.584s][info][gc,cpu         ] GC(380) User=0.02s Sys=0.00s Real=0.00s
[251.702s][info][gc,start       ] GC(381) Pause Young (Normal) (G1 Evacuation Pause)
[251.702s][info][gc,task        ] GC(381) Using 8 workers of 8 for evacuation
[251.704s][info][gc,phases      ] GC(381)   Pre Evacuate Collection Set: 0.1ms
[251.704s][info][gc,phases      ] GC(381)   Merge Heap Roots: 0.1ms
[251.704s][info][gc,phases      ] GC(381)   Evacuate Collection Set: 2.2ms
[251.704s][info][gc,phases      ] GC(381)   Post Evacuate Collection Set: 0.2ms
[251.704s][info][gc,phases      ] GC(381)   Other: 0.1ms
[251.704s][info][gc,heap        ] GC(381) Eden regions: 22->0(22)
[251.704s][info][gc,heap        ] GC(381) Survivor regions: 3->3(4)
[251.704s][info][gc,heap        ] GC(381) Old regions: 456->457
[251.704s][info][gc,heap        ] GC(381) Archive regions: 2->2
[251.704s][info][gc,heap        ] GC(381) Humongous regions: 11->11
[251.704s][info][gc,metaspace   ] GC(381) Metaspace: 44146K(45312K)->44146K(45312K) NonClass: 38907K(39680K)->38907K(39680K) Class: 5239K(5632K)->5239K(5632K)
[251.704s][info][gc             ] GC(381) Pause Young (Normal) (G1 Evacuation Pause) 489M->468M(512M) 2.770ms
[251.704s][info][gc,cpu         ] GC(381) User=0.02s Sys=0.00s Real=0.00s
[251.759s][info][gc,marking     ] GC(371) Concurrent Rebuild Remembered Sets 436.629ms
[251.759s][info][gc,start       ] GC(371) Pause Cleanup
[251.759s][info][gc             ] GC(371) Pause Cleanup 477M->477M(512M) 0.258ms
[251.759s][info][gc,cpu         ] GC(371) User=0.00s Sys=0.00s Real=0.00s
[251.760s][info][gc,marking     ] GC(371) Concurrent Cleanup for Next Mark
[251.760s][info][gc,marking     ] GC(371) Concurrent Cleanup for Next Mark 0.836ms
[251.760s][info][gc             ] GC(371) Concurrent Cycle 1360.655ms
[251.824s][info][gc,start       ] GC(382) Pause Young (Normal) (G1 Evacuation Pause)
[251.824s][info][gc,task        ] GC(382) Using 8 workers of 8 for evacuation
[251.827s][info][gc,phases      ] GC(382)   Pre Evacuate Collection Set: 0.1ms
[251.827s][info][gc,phases      ] GC(382)   Merge Heap Roots: 0.1ms
[251.827s][info][gc,phases      ] GC(382)   Evacuate Collection Set: 2.5ms
[251.827s][info][gc,phases      ] GC(382)   Post Evacuate Collection Set: 0.2ms
[251.827s][info][gc,phases      ] GC(382)   Other: 0.1ms
[251.827s][info][gc,heap        ] GC(382) Eden regions: 22->0(22)
[251.827s][info][gc,heap        ] GC(382) Survivor regions: 3->3(4)
[251.827s][info][gc,heap        ] GC(382) Old regions: 457->458
[251.827s][info][gc,heap        ] GC(382) Archive regions: 2->2
[251.827s][info][gc,heap        ] GC(382) Humongous regions: 11->11
[251.827s][info][gc,metaspace   ] GC(382) Metaspace: 44146K(45312K)->44146K(45312K) NonClass: 38907K(39680K)->38907K(39680K) Class: 5239K(5632K)->5239K(5632K)
[251.827s][info][gc             ] GC(382) Pause Young (Normal) (G1 Evacuation Pause) 490M->468M(512M) 3.133ms
[251.827s][info][gc,cpu         ] GC(382) User=0.02s Sys=0.00s Real=0.01s
[251.926s][info][gc,start       ] GC(383) Pause Young (Concurrent Start) (G1 Evacuation Pause)
[251.926s][info][gc,task        ] GC(383) Using 8 workers of 8 for evacuation
[251.929s][info][gc,phases      ] GC(383)   Pre Evacuate Collection Set: 0.1ms
[251.929s][info][gc,phases      ] GC(383)   Merge Heap Roots: 0.0ms
[251.929s][info][gc,phases      ] GC(383)   Evacuate Collection Set: 2.2ms
[251.929s][info][gc,phases      ] GC(383)   Post Evacuate Collection Set: 0.2ms
[251.929s][info][gc,phases      ] GC(383)   Other: 0.2ms
[251.929s][info][gc,heap        ] GC(383) Eden regions: 22->0(22)
[251.929s][info][gc,heap        ] GC(383) Survivor regions: 3->3(4)
[251.929s][info][gc,heap        ] GC(383) Old regions: 458->458
[251.929s][info][gc,heap        ] GC(383) Archive regions: 2->2
[251.929s][info][gc,heap        ] GC(383) Humongous regions: 11->11
[251.929s][info][gc,metaspace   ] GC(383) Metaspace: 44146K(45312K)->44146K(45312K) NonClass: 38907K(39680K)->38907K(39680K) Class: 5239K(5632K)->5239K(5632K)
[251.929s][info][gc             ] GC(383) Pause Young (Concurrent Start) (G1 Evacuation Pause) 490M->469M(512M) 2.817ms
[251.929s][info][gc,cpu         ] GC(383) User=0.01s Sys=0.01s Real=0.00s
[251.929s][info][gc             ] GC(384) Concurrent Cycle
[251.929s][info][gc,marking     ] GC(384) Concurrent Clear Claimed Marks
[251.929s][info][gc,marking     ] GC(384) Concurrent Clear Claimed Marks 0.039ms
[251.929s][info][gc,marking     ] GC(384) Concurrent Scan Root Regions
[251.932s][info][gc,marking     ] GC(384) Concurrent Scan Root Regions 2.680ms
[251.932s][info][gc,marking     ] GC(384) Concurrent Mark (251.932s)
[251.932s][info][gc,marking     ] GC(384) Concurrent Mark From Roots
[251.932s][info][gc,task        ] GC(384) Using 2 workers of 2 for marking
[252.088s][info][gc,start       ] GC(385) Pause Young (Normal) (G1 Evacuation Pause)
[252.088s][info][gc,task        ] GC(385) Using 8 workers of 8 for evacuation
[252.091s][info][gc,phases      ] GC(385)   Pre Evacuate Collection Set: 0.1ms
[252.091s][info][gc,phases      ] GC(385)   Merge Heap Roots: 0.0ms
[252.091s][info][gc,phases      ] GC(385)   Evacuate Collection Set: 2.4ms
[252.091s][info][gc,phases      ] GC(385)   Post Evacuate Collection Set: 0.2ms
[252.091s][info][gc,phases      ] GC(385)   Other: 0.1ms
[252.091s][info][gc,heap        ] GC(385) Eden regions: 22->0(22)
[252.091s][info][gc,heap        ] GC(385) Survivor regions: 3->3(4)
[252.091s][info][gc,heap        ] GC(385) Old regions: 458->459
[252.091s][info][gc,heap        ] GC(385) Archive regions: 2->2
[252.091s][info][gc,heap        ] GC(385) Humongous regions: 11->11
[252.091s][info][gc,metaspace   ] GC(385) Metaspace: 44146K(45312K)->44146K(45312K) NonClass: 38907K(39680K)->38907K(39680K) Class: 5239K(5632K)->5239K(5632K)
[252.091s][info][gc             ] GC(385) Pause Young (Normal) (G1 Evacuation Pause) 491M->469M(512M) 2.972ms
[252.091s][info][gc,cpu         ] GC(385) User=0.02s Sys=0.00s Real=0.00s
[252.234s][info][gc,start       ] GC(386) Pause Young (Normal) (G1 Evacuation Pause)
[252.234s][info][gc,task        ] GC(386) Using 8 workers of 8 for evacuation
[252.236s][info][gc,phases      ] GC(386)   Pre Evacuate Collection Set: 0.1ms
[252.237s][info][gc,phases      ] GC(386)   Merge Heap Roots: 0.0ms
[252.237s][info][gc,phases      ] GC(386)   Evacuate Collection Set: 1.8ms
[252.237s][info][gc,phases      ] GC(386)   Post Evacuate Collection Set: 0.2ms
[252.237s][info][gc,phases      ] GC(386)   Other: 0.1ms
[252.237s][info][gc,heap        ] GC(386) Eden regions: 22->0(22)
[252.237s][info][gc,heap        ] GC(386) Survivor regions: 3->3(4)
[252.237s][info][gc,heap        ] GC(386) Old regions: 459->459
[252.237s][info][gc,heap        ] GC(386) Archive regions: 2->2
[252.237s][info][gc,heap        ] GC(386) Humongous regions: 11->11
[252.237s][info][gc,metaspace   ] GC(386) Metaspace: 44146K(45312K)->44146K(45312K) NonClass: 38907K(39680K)->38907K(39680K) Class: 5239K(5632K)->5239K(5632K)
[252.237s][info][gc             ] GC(386) Pause Young (Normal) (G1 Evacuation Pause) 491M->470M(512M) 2.358ms
[252.237s][info][gc,cpu         ] GC(386) User=0.02s Sys=0.00s Real=0.01s
[252.366s][info][gc,start       ] GC(387) Pause Young (Normal) (G1 Evacuation Pause)
[252.366s][info][gc,task        ] GC(387) Using 8 workers of 8 for evacuation
[252.369s][info][gc,phases      ] GC(387)   Pre Evacuate Collection Set: 0.1ms
[252.369s][info][gc,phases      ] GC(387)   Merge Heap Roots: 0.0ms
[252.369s][info][gc,phases      ] GC(387)   Evacuate Collection Set: 2.1ms
[252.369s][info][gc,phases      ] GC(387)   Post Evacuate Collection Set: 0.2ms
[252.369s][info][gc,phases      ] GC(387)   Other: 0.2ms
[252.369s][info][gc,heap        ] GC(387) Eden regions: 22->0(22)
[252.369s][info][gc,heap        ] GC(387) Survivor regions: 3->3(4)
[252.369s][info][gc,heap        ] GC(387) Old regions: 459->460
[252.369s][info][gc,heap        ] GC(387) Archive regions: 2->2
[252.369s][info][gc,heap        ] GC(387) Humongous regions: 11->11
[252.369s][info][gc,metaspace   ] GC(387) Metaspace: 44146K(45312K)->44146K(45312K) NonClass: 38907K(39680K)->38907K(39680K) Class: 5239K(5632K)->5239K(5632K)
[252.369s][info][gc             ] GC(387) Pause Young (Normal) (G1 Evacuation Pause) 492M->470M(512M) 2.782ms
[252.369s][info][gc,cpu         ] GC(387) User=0.01s Sys=0.00s Real=0.00s
[252.506s][info][gc,start       ] GC(388) Pause Young (Normal) (G1 Evacuation Pause)
[252.506s][info][gc,task        ] GC(388) Using 8 workers of 8 for evacuation
[252.508s][info][gc,phases      ] GC(388)   Pre Evacuate Collection Set: 0.1ms
[252.508s][info][gc,phases      ] GC(388)   Merge Heap Roots: 0.0ms
[252.508s][info][gc,phases      ] GC(388)   Evacuate Collection Set: 1.7ms
[252.508s][info][gc,phases      ] GC(388)   Post Evacuate Collection Set: 0.2ms
[252.508s][info][gc,phases      ] GC(388)   Other: 0.1ms
[252.508s][info][gc,heap        ] GC(388) Eden regions: 22->0(22)
[252.508s][info][gc,heap        ] GC(388) Survivor regions: 3->3(4)
[252.508s][info][gc,heap        ] GC(388) Old regions: 460->460
[252.509s][info][gc,heap        ] GC(388) Archive regions: 2->2
[252.509s][info][gc,heap        ] GC(388) Humongous regions: 11->11
[252.509s][info][gc,metaspace   ] GC(388) Metaspace: 44146K(45312K)->44146K(45312K) NonClass: 38907K(39680K)->38907K(39680K) Class: 5239K(5632K)->5239K(5632K)
[252.509s][info][gc             ] GC(388) Pause Young (Normal) (G1 Evacuation Pause) 492M->471M(512M) 2.269ms
[252.509s][info][gc,cpu         ] GC(388) User=0.01s Sys=0.00s Real=0.00s
[252.646s][info][gc,marking     ] GC(384) Concurrent Mark From Roots 714.508ms
[252.646s][info][gc,marking     ] GC(384) Concurrent Preclean
[252.646s][info][gc,marking     ] GC(384) Concurrent Preclean 0.066ms
[252.646s][info][gc,marking     ] GC(384) Concurrent Mark (251.932s, 252.646s) 714.639ms
[252.647s][info][gc,start       ] GC(384) Pause Remark
[252.648s][info][gc             ] GC(384) Pause Remark 493M->493M(512M) 1.618ms
[252.648s][info][gc,cpu         ] GC(384) User=0.01s Sys=0.00s Real=0.00s
[252.648s][info][gc,marking     ] GC(384) Concurrent Rebuild Remembered Sets
[252.653s][info][gc,start       ] GC(389) Pause Young (Normal) (G1 Evacuation Pause)
[252.653s][info][gc,task        ] GC(389) Using 8 workers of 8 for evacuation
[252.655s][info][gc,phases      ] GC(389)   Pre Evacuate Collection Set: 0.1ms
[252.656s][info][gc,phases      ] GC(389)   Merge Heap Roots: 0.0ms
[252.656s][info][gc,phases      ] GC(389)   Evacuate Collection Set: 2.1ms
[252.656s][info][gc,phases      ] GC(389)   Post Evacuate Collection Set: 0.3ms
[252.656s][info][gc,phases      ] GC(389)   Other: 0.1ms
[252.656s][info][gc,heap        ] GC(389) Eden regions: 22->0(22)
[252.656s][info][gc,heap        ] GC(389) Survivor regions: 3->3(4)
[252.656s][info][gc,heap        ] GC(389) Old regions: 460->461
[252.656s][info][gc,heap        ] GC(389) Archive regions: 2->2
[252.656s][info][gc,heap        ] GC(389) Humongous regions: 11->11
[252.656s][info][gc,metaspace   ] GC(389) Metaspace: 44146K(45312K)->44146K(45312K) NonClass: 38907K(39680K)->38907K(39680K) Class: 5239K(5632K)->5239K(5632K)
[252.656s][info][gc             ] GC(389) Pause Young (Normal) (G1 Evacuation Pause) 493M->471M(512M) 2.776ms
[252.656s][info][gc,cpu         ] GC(389) User=0.01s Sys=0.00s Real=0.01s
[252.780s][info][gc,start       ] GC(390) Pause Young (Normal) (G1 Evacuation Pause)
[252.780s][info][gc,task        ] GC(390) Using 8 workers of 8 for evacuation
[252.782s][info][gc,phases      ] GC(390)   Pre Evacuate Collection Set: 0.1ms
[252.782s][info][gc,phases      ] GC(390)   Merge Heap Roots: 0.0ms
[252.782s][info][gc,phases      ] GC(390)   Evacuate Collection Set: 1.8ms
[252.782s][info][gc,phases      ] GC(390)   Post Evacuate Collection Set: 0.2ms
[252.782s][info][gc,phases      ] GC(390)   Other: 0.1ms
[252.782s][info][gc,heap        ] GC(390) Eden regions: 22->0(22)
[252.782s][info][gc,heap        ] GC(390) Survivor regions: 3->3(4)
[252.782s][info][gc,heap        ] GC(390) Old regions: 461->461
[252.782s][info][gc,heap        ] GC(390) Archive regions: 2->2
[252.782s][info][gc,heap        ] GC(390) Humongous regions: 11->11
[252.782s][info][gc,metaspace   ] GC(390) Metaspace: 44146K(45312K)->44146K(45312K) NonClass: 38907K(39680K)->38907K(39680K) Class: 5239K(5632K)->5239K(5632K)
[252.782s][info][gc             ] GC(390) Pause Young (Normal) (G1 Evacuation Pause) 493M->472M(512M) 2.375ms
[252.782s][info][gc,cpu         ] GC(390) User=0.01s Sys=0.00s Real=0.00s
[252.886s][info][gc,start       ] GC(391) Pause Young (Normal) (G1 Evacuation Pause)
[252.886s][info][gc,task        ] GC(391) Using 8 workers of 8 for evacuation
[252.888s][info][gc,phases      ] GC(391)   Pre Evacuate Collection Set: 0.1ms
[252.888s][info][gc,phases      ] GC(391)   Merge Heap Roots: 0.1ms
[252.888s][info][gc,phases      ] GC(391)   Evacuate Collection Set: 1.9ms
[252.888s][info][gc,phases      ] GC(391)   Post Evacuate Collection Set: 0.2ms
[252.888s][info][gc,phases      ] GC(391)   Other: 0.1ms
[252.888s][info][gc,heap        ] GC(391) Eden regions: 22->0(22)
[252.888s][info][gc,heap        ] GC(391) Survivor regions: 3->3(4)
[252.888s][info][gc,heap        ] GC(391) Old regions: 461->462
[252.888s][info][gc,heap        ] GC(391) Archive regions: 2->2
[252.888s][info][gc,heap        ] GC(391) Humongous regions: 11->11
[252.888s][info][gc,metaspace   ] GC(391) Metaspace: 44146K(45312K)->44146K(45312K) NonClass: 38907K(39680K)->38907K(39680K) Class: 5239K(5632K)->5239K(5632K)
[252.888s][info][gc             ] GC(391) Pause Young (Normal) (G1 Evacuation Pause) 494M->473M(512M) 2.518ms
[252.888s][info][gc,cpu         ] GC(391) User=0.01s Sys=0.00s Real=0.00s
[253.000s][info][gc,start       ] GC(392) Pause Young (Normal) (G1 Evacuation Pause)
[253.000s][info][gc,task        ] GC(392) Using 8 workers of 8 for evacuation
[253.002s][info][gc,phases      ] GC(392)   Pre Evacuate Collection Set: 0.1ms
[253.002s][info][gc,phases      ] GC(392)   Merge Heap Roots: 0.1ms
[253.002s][info][gc,phases      ] GC(392)   Evacuate Collection Set: 2.1ms
[253.002s][info][gc,phases      ] GC(392)   Post Evacuate Collection Set: 0.2ms
[253.002s][info][gc,phases      ] GC(392)   Other: 0.2ms
[253.002s][info][gc,heap        ] GC(392) Eden regions: 22->0(22)
[253.002s][info][gc,heap        ] GC(392) Survivor regions: 3->3(4)
[253.002s][info][gc,heap        ] GC(392) Old regions: 462->463
[253.002s][info][gc,heap        ] GC(392) Archive regions: 2->2
[253.002s][info][gc,heap        ] GC(392) Humongous regions: 11->11
[253.002s][info][gc,metaspace   ] GC(392) Metaspace: 44146K(45312K)->44146K(45312K) NonClass: 38907K(39680K)->38907K(39680K) Class: 5239K(5632K)->5239K(5632K)
[253.002s][info][gc             ] GC(392) Pause Young (Normal) (G1 Evacuation Pause) 495M->473M(512M) 2.767ms
[253.002s][info][gc,cpu         ] GC(392) User=0.01s Sys=0.00s Real=0.00s
[253.080s][info][gc,marking     ] GC(384) Concurrent Rebuild Remembered Sets 431.834ms
[253.080s][info][gc,start       ] GC(384) Pause Cleanup
[253.081s][info][gc             ] GC(384) Pause Cleanup 487M->487M(512M) 0.314ms
[253.081s][info][gc,cpu         ] GC(384) User=0.00s Sys=0.00s Real=0.00s
[253.081s][info][gc,marking     ] GC(384) Concurrent Cleanup for Next Mark
[253.081s][info][gc,marking     ] GC(384) Concurrent Cleanup for Next Mark 0.781ms
[253.082s][info][gc             ] GC(384) Concurrent Cycle 1152.566ms
[253.121s][info][gc,start       ] GC(393) Pause Young (Normal) (G1 Evacuation Pause)
[253.121s][info][gc,task        ] GC(393) Using 8 workers of 8 for evacuation
[253.124s][info][gc,phases      ] GC(393)   Pre Evacuate Collection Set: 0.1ms
[253.124s][info][gc,phases      ] GC(393)   Merge Heap Roots: 0.0ms
[253.124s][info][gc,phases      ] GC(393)   Evacuate Collection Set: 2.2ms
[253.124s][info][gc,phases      ] GC(393)   Post Evacuate Collection Set: 0.2ms
[253.124s][info][gc,phases      ] GC(393)   Other: 0.2ms
[253.124s][info][gc,heap        ] GC(393) Eden regions: 22->0(22)
[253.124s][info][gc,heap        ] GC(393) Survivor regions: 3->3(4)
[253.124s][info][gc,heap        ] GC(393) Old regions: 463->463
[253.124s][info][gc,heap        ] GC(393) Archive regions: 2->2
[253.124s][info][gc,heap        ] GC(393) Humongous regions: 11->11
[253.124s][info][gc,metaspace   ] GC(393) Metaspace: 44146K(45312K)->44146K(45312K) NonClass: 38907K(39680K)->38907K(39680K) Class: 5239K(5632K)->5239K(5632K)
[253.124s][info][gc             ] GC(393) Pause Young (Normal) (G1 Evacuation Pause) 495M->474M(512M) 2.795ms
[253.124s][info][gc,cpu         ] GC(393) User=0.02s Sys=0.00s Real=0.00s
[253.218s][info][gc,start       ] GC(394) Pause Young (Concurrent Start) (G1 Evacuation Pause)
[253.218s][info][gc,task        ] GC(394) Using 8 workers of 8 for evacuation
[253.220s][info][gc,phases      ] GC(394)   Pre Evacuate Collection Set: 0.1ms
[253.220s][info][gc,phases      ] GC(394)   Merge Heap Roots: 0.0ms
[253.220s][info][gc,phases      ] GC(394)   Evacuate Collection Set: 1.9ms
[253.220s][info][gc,phases      ] GC(394)   Post Evacuate Collection Set: 0.2ms
[253.220s][info][gc,phases      ] GC(394)   Other: 0.2ms
[253.220s][info][gc,heap        ] GC(394) Eden regions: 22->0(22)
[253.220s][info][gc,heap        ] GC(394) Survivor regions: 3->3(4)
[253.220s][info][gc,heap        ] GC(394) Old regions: 463->464
[253.220s][info][gc,heap        ] GC(394) Archive regions: 2->2
[253.220s][info][gc,heap        ] GC(394) Humongous regions: 11->11
[253.220s][info][gc,metaspace   ] GC(394) Metaspace: 44146K(45312K)->44146K(45312K) NonClass: 38907K(39680K)->38907K(39680K) Class: 5239K(5632K)->5239K(5632K)
[253.220s][info][gc             ] GC(394) Pause Young (Concurrent Start) (G1 Evacuation Pause) 496M->474M(512M) 2.562ms
[253.220s][info][gc,cpu         ] GC(394) User=0.02s Sys=0.00s Real=0.00s
[253.220s][info][gc             ] GC(395) Concurrent Cycle
[253.220s][info][gc,marking     ] GC(395) Concurrent Clear Claimed Marks
[253.220s][info][gc,marking     ] GC(395) Concurrent Clear Claimed Marks 0.024ms
[253.220s][info][gc,marking     ] GC(395) Concurrent Scan Root Regions
[253.223s][info][gc,marking     ] GC(395) Concurrent Scan Root Regions 2.494ms
[253.223s][info][gc,marking     ] GC(395) Concurrent Mark (253.223s)
[253.223s][info][gc,marking     ] GC(395) Concurrent Mark From Roots
[253.223s][info][gc,task        ] GC(395) Using 2 workers of 2 for marking
[253.338s][info][gc,start       ] GC(396) Pause Young (Normal) (G1 Evacuation Pause)
[253.338s][info][gc,task        ] GC(396) Using 8 workers of 8 for evacuation
[253.340s][info][gc,phases      ] GC(396)   Pre Evacuate Collection Set: 0.1ms
[253.340s][info][gc,phases      ] GC(396)   Merge Heap Roots: 0.0ms
[253.340s][info][gc,phases      ] GC(396)   Evacuate Collection Set: 2.0ms
[253.340s][info][gc,phases      ] GC(396)   Post Evacuate Collection Set: 0.2ms
[253.340s][info][gc,phases      ] GC(396)   Other: 0.1ms
[253.340s][info][gc,heap        ] GC(396) Eden regions: 22->0(22)
[253.340s][info][gc,heap        ] GC(396) Survivor regions: 3->3(4)
[253.340s][info][gc,heap        ] GC(396) Old regions: 464->464
[253.340s][info][gc,heap        ] GC(396) Archive regions: 2->2
[253.340s][info][gc,heap        ] GC(396) Humongous regions: 11->11
[253.340s][info][gc,metaspace   ] GC(396) Metaspace: 44146K(45312K)->44146K(45312K) NonClass: 38907K(39680K)->38907K(39680K) Class: 5239K(5632K)->5239K(5632K)
[253.340s][info][gc             ] GC(396) Pause Young (Normal) (G1 Evacuation Pause) 496M->475M(512M) 2.534ms
[253.340s][info][gc,cpu         ] GC(396) User=0.02s Sys=0.00s Real=0.00s
[253.462s][info][gc,start       ] GC(397) Pause Young (Normal) (G1 Evacuation Pause)
[253.462s][info][gc,task        ] GC(397) Using 8 workers of 8 for evacuation
[253.464s][info][gc,phases      ] GC(397)   Pre Evacuate Collection Set: 0.1ms
[253.464s][info][gc,phases      ] GC(397)   Merge Heap Roots: 0.0ms
[253.464s][info][gc,phases      ] GC(397)   Evacuate Collection Set: 1.9ms
[253.464s][info][gc,phases      ] GC(397)   Post Evacuate Collection Set: 0.2ms
[253.464s][info][gc,phases      ] GC(397)   Other: 0.1ms
[253.464s][info][gc,heap        ] GC(397) Eden regions: 22->0(22)
[253.464s][info][gc,heap        ] GC(397) Survivor regions: 3->3(4)
[253.464s][info][gc,heap        ] GC(397) Old regions: 464->465
[253.464s][info][gc,heap        ] GC(397) Archive regions: 2->2
[253.464s][info][gc,heap        ] GC(397) Humongous regions: 11->11
[253.464s][info][gc,metaspace   ] GC(397) Metaspace: 44146K(45312K)->44146K(45312K) NonClass: 38907K(39680K)->38907K(39680K) Class: 5239K(5632K)->5239K(5632K)
[253.464s][info][gc             ] GC(397) Pause Young (Normal) (G1 Evacuation Pause) 497M->476M(512M) 2.530ms
[253.464s][info][gc,cpu         ] GC(397) User=0.02s Sys=0.00s Real=0.00s
[253.591s][info][gc,start       ] GC(398) Pause Young (Normal) (G1 Evacuation Pause)
[253.591s][info][gc,task        ] GC(398) Using 8 workers of 8 for evacuation
[253.593s][info][gc,phases      ] GC(398)   Pre Evacuate Collection Set: 0.1ms
[253.593s][info][gc,phases      ] GC(398)   Merge Heap Roots: 0.0ms
[253.593s][info][gc,phases      ] GC(398)   Evacuate Collection Set: 1.8ms
[253.593s][info][gc,phases      ] GC(398)   Post Evacuate Collection Set: 0.2ms
[253.593s][info][gc,phases      ] GC(398)   Other: 0.2ms
[253.593s][info][gc,heap        ] GC(398) Eden regions: 22->0(22)
[253.593s][info][gc,heap        ] GC(398) Survivor regions: 3->3(4)
[253.593s][info][gc,heap        ] GC(398) Old regions: 465->465
[253.593s][info][gc,heap        ] GC(398) Archive regions: 2->2
[253.593s][info][gc,heap        ] GC(398) Humongous regions: 11->11
[253.593s][info][gc,metaspace   ] GC(398) Metaspace: 44146K(45312K)->44146K(45312K) NonClass: 38907K(39680K)->38907K(39680K) Class: 5239K(5632K)->5239K(5632K)
[253.593s][info][gc             ] GC(398) Pause Young (Normal) (G1 Evacuation Pause) 498M->476M(512M) 2.409ms
[253.593s][info][gc,cpu         ] GC(398) User=0.01s Sys=0.00s Real=0.00s
[253.711s][info][gc,start       ] GC(399) Pause Young (Normal) (G1 Evacuation Pause)
[253.711s][info][gc,task        ] GC(399) Using 8 workers of 8 for evacuation
[253.714s][info][gc,phases      ] GC(399)   Pre Evacuate Collection Set: 0.1ms
[253.714s][info][gc,phases      ] GC(399)   Merge Heap Roots: 0.0ms
[253.714s][info][gc,phases      ] GC(399)   Evacuate Collection Set: 1.9ms
[253.714s][info][gc,phases      ] GC(399)   Post Evacuate Collection Set: 0.2ms
[253.714s][info][gc,phases      ] GC(399)   Other: 0.2ms
[253.714s][info][gc,heap        ] GC(399) Eden regions: 22->0(22)
[253.714s][info][gc,heap        ] GC(399) Survivor regions: 3->3(4)
[253.714s][info][gc,heap        ] GC(399) Old regions: 465->466
[253.714s][info][gc,heap        ] GC(399) Archive regions: 2->2
[253.714s][info][gc,heap        ] GC(399) Humongous regions: 11->11
[253.714s][info][gc,metaspace   ] GC(399) Metaspace: 44146K(45312K)->44146K(45312K) NonClass: 38907K(39680K)->38907K(39680K) Class: 5239K(5632K)->5239K(5632K)
[253.714s][info][gc             ] GC(399) Pause Young (Normal) (G1 Evacuation Pause) 498M->477M(512M) 2.520ms
[253.714s][info][gc,cpu         ] GC(399) User=0.02s Sys=0.00s Real=0.00s
[253.836s][info][gc,start       ] GC(400) Pause Young (Normal) (G1 Evacuation Pause)
[253.836s][info][gc,task        ] GC(400) Using 8 workers of 8 for evacuation
[253.838s][info][gc,phases      ] GC(400)   Pre Evacuate Collection Set: 0.1ms
[253.838s][info][gc,phases      ] GC(400)   Merge Heap Roots: 0.0ms
[253.838s][info][gc,phases      ] GC(400)   Evacuate Collection Set: 1.7ms
[253.838s][info][gc,phases      ] GC(400)   Post Evacuate Collection Set: 0.2ms
[253.838s][info][gc,phases      ] GC(400)   Other: 0.1ms
[253.838s][info][gc,heap        ] GC(400) Eden regions: 22->0(22)
[253.838s][info][gc,heap        ] GC(400) Survivor regions: 3->3(4)
[253.839s][info][gc,heap        ] GC(400) Old regions: 466->467
[253.839s][info][gc,heap        ] GC(400) Archive regions: 2->2
[253.839s][info][gc,heap        ] GC(400) Humongous regions: 11->11
[253.839s][info][gc,metaspace   ] GC(400) Metaspace: 44146K(45312K)->44146K(45312K) NonClass: 38907K(39680K)->38907K(39680K) Class: 5239K(5632K)->5239K(5632K)
[253.839s][info][gc             ] GC(400) Pause Young (Normal) (G1 Evacuation Pause) 499M->477M(512M) 2.244ms
[253.839s][info][gc,cpu         ] GC(400) User=0.01s Sys=0.00s Real=0.00s
[253.946s][info][gc,marking     ] GC(395) Concurrent Mark From Roots 722.908ms
[253.946s][info][gc,marking     ] GC(395) Concurrent Preclean
[253.946s][info][gc,marking     ] GC(395) Concurrent Preclean 0.069ms
[253.946s][info][gc,marking     ] GC(395) Concurrent Mark (253.223s, 253.946s) 723.046ms
[253.946s][info][gc,start       ] GC(395) Pause Remark
[253.948s][info][gc             ] GC(395) Pause Remark 498M->498M(512M) 1.634ms
[253.948s][info][gc,cpu         ] GC(395) User=0.01s Sys=0.00s Real=0.00s
[253.948s][info][gc,marking     ] GC(395) Concurrent Rebuild Remembered Sets
[253.954s][info][gc,start       ] GC(401) Pause Young (Normal) (G1 Evacuation Pause)
[253.954s][info][gc,task        ] GC(401) Using 8 workers of 8 for evacuation
[253.957s][info][gc,phases      ] GC(401)   Pre Evacuate Collection Set: 0.1ms
[253.957s][info][gc,phases      ] GC(401)   Merge Heap Roots: 0.0ms
[253.957s][info][gc,phases      ] GC(401)   Evacuate Collection Set: 2.1ms
[253.957s][info][gc,phases      ] GC(401)   Post Evacuate Collection Set: 0.2ms
[253.957s][info][gc,phases      ] GC(401)   Other: 0.1ms
[253.957s][info][gc,heap        ] GC(401) Eden regions: 22->0(22)
[253.957s][info][gc,heap        ] GC(401) Survivor regions: 3->3(4)
[253.957s][info][gc,heap        ] GC(401) Old regions: 467->467
[253.957s][info][gc,heap        ] GC(401) Archive regions: 2->2
[253.957s][info][gc,heap        ] GC(401) Humongous regions: 11->11
[253.957s][info][gc,metaspace   ] GC(401) Metaspace: 44146K(45312K)->44146K(45312K) NonClass: 38907K(39680K)->38907K(39680K) Class: 5239K(5632K)->5239K(5632K)
[253.957s][info][gc             ] GC(401) Pause Young (Normal) (G1 Evacuation Pause) 499M->478M(512M) 2.674ms
[253.957s][info][gc,cpu         ] GC(401) User=0.01s Sys=0.00s Real=0.01s
[254.077s][info][gc,start       ] GC(402) Pause Young (Normal) (G1 Evacuation Pause)
[254.077s][info][gc,task        ] GC(402) Using 8 workers of 8 for evacuation
[254.079s][info][gc,phases      ] GC(402)   Pre Evacuate Collection Set: 0.1ms
[254.079s][info][gc,phases      ] GC(402)   Merge Heap Roots: 0.1ms
[254.079s][info][gc,phases      ] GC(402)   Evacuate Collection Set: 2.2ms
[254.079s][info][gc,phases      ] GC(402)   Post Evacuate Collection Set: 0.3ms
[254.079s][info][gc,phases      ] GC(402)   Other: 0.1ms
[254.079s][info][gc,heap        ] GC(402) Eden regions: 22->0(22)
[254.079s][info][gc,heap        ] GC(402) Survivor regions: 3->3(4)
[254.079s][info][gc,heap        ] GC(402) Old regions: 467->468
[254.079s][info][gc,heap        ] GC(402) Archive regions: 2->2
[254.079s][info][gc,heap        ] GC(402) Humongous regions: 11->11
[254.079s][info][gc,metaspace   ] GC(402) Metaspace: 44146K(45312K)->44146K(45312K) NonClass: 38907K(39680K)->38907K(39680K) Class: 5239K(5632K)->5239K(5632K)
[254.080s][info][gc             ] GC(402) Pause Young (Normal) (G1 Evacuation Pause) 500M->478M(512M) 2.928ms
[254.080s][info][gc,cpu         ] GC(402) User=0.02s Sys=0.00s Real=0.00s
[254.187s][info][gc,start       ] GC(403) Pause Young (Normal) (G1 Evacuation Pause)
[254.187s][info][gc,task        ] GC(403) Using 8 workers of 8 for evacuation
[254.189s][info][gc,phases      ] GC(403)   Pre Evacuate Collection Set: 0.1ms
[254.189s][info][gc,phases      ] GC(403)   Merge Heap Roots: 0.1ms
[254.189s][info][gc,phases      ] GC(403)   Evacuate Collection Set: 2.0ms
[254.189s][info][gc,phases      ] GC(403)   Post Evacuate Collection Set: 0.2ms
[254.189s][info][gc,phases      ] GC(403)   Other: 0.1ms
[254.189s][info][gc,heap        ] GC(403) Eden regions: 22->0(22)
[254.189s][info][gc,heap        ] GC(403) Survivor regions: 3->3(4)
[254.189s][info][gc,heap        ] GC(403) Old regions: 468->468
[254.189s][info][gc,heap        ] GC(403) Archive regions: 2->2
[254.189s][info][gc,heap        ] GC(403) Humongous regions: 11->11
[254.189s][info][gc,metaspace   ] GC(403) Metaspace: 44146K(45312K)->44146K(45312K) NonClass: 38907K(39680K)->38907K(39680K) Class: 5239K(5632K)->5239K(5632K)
[254.189s][info][gc             ] GC(403) Pause Young (Normal) (G1 Evacuation Pause) 500M->479M(512M) 2.627ms
[254.190s][info][gc,cpu         ] GC(403) User=0.02s Sys=0.00s Real=0.00s
[254.297s][info][gc,start       ] GC(404) Pause Young (Normal) (G1 Evacuation Pause)
[254.297s][info][gc,task        ] GC(404) Using 8 workers of 8 for evacuation
[254.300s][info][gc,phases      ] GC(404)   Pre Evacuate Collection Set: 0.1ms
[254.300s][info][gc,phases      ] GC(404)   Merge Heap Roots: 0.0ms
[254.300s][info][gc,phases      ] GC(404)   Evacuate Collection Set: 2.3ms
[254.300s][info][gc,phases      ] GC(404)   Post Evacuate Collection Set: 0.2ms
[254.300s][info][gc,phases      ] GC(404)   Other: 0.2ms
[254.300s][info][gc,heap        ] GC(404) Eden regions: 22->0(22)
[254.300s][info][gc,heap        ] GC(404) Survivor regions: 3->3(4)
[254.300s][info][gc,heap        ] GC(404) Old regions: 468->469
[254.300s][info][gc,heap        ] GC(404) Archive regions: 2->2
[254.300s][info][gc,heap        ] GC(404) Humongous regions: 11->11
[254.300s][info][gc,metaspace   ] GC(404) Metaspace: 44146K(45312K)->44146K(45312K) NonClass: 38907K(39680K)->38907K(39680K) Class: 5239K(5632K)->5239K(5632K)
[254.300s][info][gc             ] GC(404) Pause Young (Normal) (G1 Evacuation Pause) 501M->479M(512M) 3.066ms
[254.300s][info][gc,cpu         ] GC(404) User=0.02s Sys=0.00s Real=0.00s
[254.407s][info][gc,marking     ] GC(395) Concurrent Rebuild Remembered Sets 459.061ms
[254.407s][info][gc,start       ] GC(395) Pause Cleanup
[254.408s][info][gc             ] GC(395) Pause Cleanup 501M->501M(512M) 0.303ms
[254.408s][info][gc,cpu         ] GC(395) User=0.01s Sys=0.00s Real=0.00s
[254.408s][info][gc,marking     ] GC(395) Concurrent Cleanup for Next Mark
[254.409s][info][gc,marking     ] GC(395) Concurrent Cleanup for Next Mark 0.923ms
[254.409s][info][gc             ] GC(395) Concurrent Cycle 1188.311ms
[254.410s][info][gc,start       ] GC(405) Pause Young (Normal) (G1 Evacuation Pause)
[254.410s][info][gc,task        ] GC(405) Using 8 workers of 8 for evacuation
[254.412s][info][gc,phases      ] GC(405)   Pre Evacuate Collection Set: 0.1ms
[254.412s][info][gc,phases      ] GC(405)   Merge Heap Roots: 0.1ms
[254.412s][info][gc,phases      ] GC(405)   Evacuate Collection Set: 2.2ms
[254.412s][info][gc,phases      ] GC(405)   Post Evacuate Collection Set: 0.2ms
[254.412s][info][gc,phases      ] GC(405)   Other: 0.1ms
[254.412s][info][gc,heap        ] GC(405) Eden regions: 22->0(22)
[254.412s][info][gc,heap        ] GC(405) Survivor regions: 3->3(4)
[254.412s][info][gc,heap        ] GC(405) Old regions: 469->469
[254.412s][info][gc,heap        ] GC(405) Archive regions: 2->2
[254.412s][info][gc,heap        ] GC(405) Humongous regions: 11->11
[254.413s][info][gc,metaspace   ] GC(405) Metaspace: 44146K(45312K)->44146K(45312K) NonClass: 38907K(39680K)->38907K(39680K) Class: 5239K(5632K)->5239K(5632K)
[254.413s][info][gc             ] GC(405) Pause Young (Normal) (G1 Evacuation Pause) 501M->480M(512M) 2.848ms
[254.413s][info][gc,cpu         ] GC(405) User=0.02s Sys=0.00s Real=0.00s
[254.504s][info][gc,start       ] GC(406) Pause Young (Concurrent Start) (G1 Evacuation Pause)
[254.504s][info][gc,task        ] GC(406) Using 8 workers of 8 for evacuation
[254.506s][info][gc,phases      ] GC(406)   Pre Evacuate Collection Set: 0.1ms
[254.506s][info][gc,phases      ] GC(406)   Merge Heap Roots: 0.0ms
[254.506s][info][gc,phases      ] GC(406)   Evacuate Collection Set: 1.9ms
[254.506s][info][gc,phases      ] GC(406)   Post Evacuate Collection Set: 0.2ms
[254.506s][info][gc,phases      ] GC(406)   Other: 0.2ms
[254.506s][info][gc,heap        ] GC(406) Eden regions: 22->0(22)
[254.506s][info][gc,heap        ] GC(406) Survivor regions: 3->3(4)
[254.506s][info][gc,heap        ] GC(406) Old regions: 469->470
[254.506s][info][gc,heap        ] GC(406) Archive regions: 2->2
[254.506s][info][gc,heap        ] GC(406) Humongous regions: 11->11
[254.506s][info][gc,metaspace   ] GC(406) Metaspace: 44146K(45312K)->44146K(45312K) NonClass: 38907K(39680K)->38907K(39680K) Class: 5239K(5632K)->5239K(5632K)
[254.506s][info][gc             ] GC(406) Pause Young (Concurrent Start) (G1 Evacuation Pause) 502M->481M(512M) 2.561ms
[254.506s][info][gc,cpu         ] GC(406) User=0.02s Sys=0.00s Real=0.01s
[254.506s][info][gc             ] GC(407) Concurrent Cycle
[254.506s][info][gc,marking     ] GC(407) Concurrent Clear Claimed Marks
[254.506s][info][gc,marking     ] GC(407) Concurrent Clear Claimed Marks 0.036ms
[254.506s][info][gc,marking     ] GC(407) Concurrent Scan Root Regions
[254.510s][info][gc,marking     ] GC(407) Concurrent Scan Root Regions 3.291ms
[254.510s][info][gc,marking     ] GC(407) Concurrent Mark (254.510s)
[254.510s][info][gc,marking     ] GC(407) Concurrent Mark From Roots
[254.510s][info][gc,task        ] GC(407) Using 2 workers of 2 for marking
[254.606s][info][gc,start       ] GC(408) Pause Young (Normal) (G1 Evacuation Pause)
[254.606s][info][gc,task        ] GC(408) Using 8 workers of 8 for evacuation
[254.609s][info][gc,phases      ] GC(408)   Pre Evacuate Collection Set: 0.1ms
[254.609s][info][gc,phases      ] GC(408)   Merge Heap Roots: 0.0ms
[254.609s][info][gc,phases      ] GC(408)   Evacuate Collection Set: 1.9ms
[254.609s][info][gc,phases      ] GC(408)   Post Evacuate Collection Set: 0.2ms
[254.609s][info][gc,phases      ] GC(408)   Other: 0.2ms
[254.609s][info][gc,heap        ] GC(408) Eden regions: 22->0(22)
[254.609s][info][gc,heap        ] GC(408) Survivor regions: 3->3(4)
[254.609s][info][gc,heap        ] GC(408) Old regions: 470->471
[254.609s][info][gc,heap        ] GC(408) Archive regions: 2->2
[254.609s][info][gc,heap        ] GC(408) Humongous regions: 11->11
[254.609s][info][gc,metaspace   ] GC(408) Metaspace: 44146K(45312K)->44146K(45312K) NonClass: 38907K(39680K)->38907K(39680K) Class: 5239K(5632K)->5239K(5632K)
[254.609s][info][gc             ] GC(408) Pause Young (Normal) (G1 Evacuation Pause) 503M->481M(512M) 2.454ms
[254.609s][info][gc,cpu         ] GC(408) User=0.02s Sys=0.00s Real=0.00s
[254.708s][info][gc,start       ] GC(409) Pause Young (Normal) (G1 Evacuation Pause)
[254.708s][info][gc,task        ] GC(409) Using 8 workers of 8 for evacuation
[254.711s][info][gc,phases      ] GC(409)   Pre Evacuate Collection Set: 0.1ms
[254.711s][info][gc,phases      ] GC(409)   Merge Heap Roots: 0.0ms
[254.711s][info][gc,phases      ] GC(409)   Evacuate Collection Set: 1.9ms
[254.711s][info][gc,phases      ] GC(409)   Post Evacuate Collection Set: 0.2ms
[254.711s][info][gc,phases      ] GC(409)   Other: 0.1ms
[254.711s][info][gc,heap        ] GC(409) Eden regions: 22->0(22)
[254.711s][info][gc,heap        ] GC(409) Survivor regions: 3->3(3)
[254.711s][info][gc,heap        ] GC(409) Old regions: 471->471
[254.711s][info][gc,heap        ] GC(409) Archive regions: 2->2
[254.711s][info][gc,heap        ] GC(409) Humongous regions: 11->11
[254.711s][info][gc,metaspace   ] GC(409) Metaspace: 44146K(45312K)->44146K(45312K) NonClass: 38907K(39680K)->38907K(39680K) Class: 5239K(5632K)->5239K(5632K)
[254.711s][info][gc             ] GC(409) Pause Young (Normal) (G1 Evacuation Pause) 503M->482M(512M) 2.426ms
[254.711s][info][gc,cpu         ] GC(409) User=0.02s Sys=0.00s Real=0.00s
[254.812s][info][gc,start       ] GC(410) Pause Young (Normal) (G1 Evacuation Pause)
[254.812s][info][gc,task        ] GC(410) Using 8 workers of 8 for evacuation
[254.814s][info][gc,phases      ] GC(410)   Pre Evacuate Collection Set: 0.1ms
[254.814s][info][gc,phases      ] GC(410)   Merge Heap Roots: 0.0ms
[254.814s][info][gc,phases      ] GC(410)   Evacuate Collection Set: 2.1ms
[254.814s][info][gc,phases      ] GC(410)   Post Evacuate Collection Set: 0.2ms
[254.814s][info][gc,phases      ] GC(410)   Other: 0.2ms
[254.814s][info][gc,heap        ] GC(410) Eden regions: 22->0(23)
[254.814s][info][gc,heap        ] GC(410) Survivor regions: 3->2(3)
[254.814s][info][gc,heap        ] GC(410) Old regions: 471->472
[254.814s][info][gc,heap        ] GC(410) Archive regions: 2->2
[254.814s][info][gc,heap        ] GC(410) Humongous regions: 11->11
[254.814s][info][gc,metaspace   ] GC(410) Metaspace: 44146K(45312K)->44146K(45312K) NonClass: 38907K(39680K)->38907K(39680K) Class: 5239K(5632K)->5239K(5632K)
[254.814s][info][gc             ] GC(410) Pause Young (Normal) (G1 Evacuation Pause) 504M->482M(512M) 2.685ms
[254.814s][info][gc,cpu         ] GC(410) User=0.02s Sys=0.00s Real=0.00s
[254.930s][info][gc,start       ] GC(411) Pause Young (Normal) (G1 Evacuation Pause)
[254.930s][info][gc,task        ] GC(411) Using 8 workers of 8 for evacuation
[254.932s][info][gc,phases      ] GC(411)   Pre Evacuate Collection Set: 0.1ms
[254.932s][info][gc,phases      ] GC(411)   Merge Heap Roots: 0.0ms
[254.932s][info][gc,phases      ] GC(411)   Evacuate Collection Set: 2.0ms
[254.932s][info][gc,phases      ] GC(411)   Post Evacuate Collection Set: 0.2ms
[254.932s][info][gc,phases      ] GC(411)   Other: 0.1ms
[254.932s][info][gc,heap        ] GC(411) Eden regions: 23->0(23)
[254.932s][info][gc,heap        ] GC(411) Survivor regions: 2->2(2)
[254.932s][info][gc,heap        ] GC(411) Old regions: 472->472
[254.932s][info][gc,heap        ] GC(411) Archive regions: 2->2
[254.932s][info][gc,heap        ] GC(411) Humongous regions: 11->11
[254.932s][info][gc,metaspace   ] GC(411) Metaspace: 44146K(45312K)->44146K(45312K) NonClass: 38907K(39680K)->38907K(39680K) Class: 5239K(5632K)->5239K(5632K)
[254.932s][info][gc             ] GC(411) Pause Young (Normal) (G1 Evacuation Pause) 505M->483M(512M) 2.536ms
[254.932s][info][gc,cpu         ] GC(411) User=0.01s Sys=0.00s Real=0.00s
[255.056s][info][gc,start       ] GC(412) Pause Young (Normal) (G1 Evacuation Pause)
[255.056s][info][gc,task        ] GC(412) Using 8 workers of 8 for evacuation
[255.060s][info][gc             ] GC(412) To-space exhausted
[255.060s][info][gc,phases      ] GC(412)   Pre Evacuate Collection Set: 0.1ms
[255.060s][info][gc,phases      ] GC(412)   Merge Heap Roots: 0.1ms
[255.060s][info][gc,phases      ] GC(412)   Evacuate Collection Set: 2.0ms
[255.060s][info][gc,phases      ] GC(412)   Post Evacuate Collection Set: 1.2ms
[255.060s][info][gc,phases      ] GC(412)   Other: 0.2ms
[255.060s][info][gc,heap        ] GC(412) Eden regions: 23->0(23)
[255.060s][info][gc,heap        ] GC(412) Survivor regions: 2->2(2)
[255.060s][info][gc,heap        ] GC(412) Old regions: 472->478
[255.060s][info][gc,heap        ] GC(412) Archive regions: 2->2
[255.060s][info][gc,heap        ] GC(412) Humongous regions: 11->11
[255.060s][info][gc,metaspace   ] GC(412) Metaspace: 44146K(45312K)->44146K(45312K) NonClass: 38907K(39680K)->38907K(39680K) Class: 5239K(5632K)->5239K(5632K)
[255.060s][info][gc             ] GC(412) Pause Young (Normal) (G1 Evacuation Pause) 506M->489M(512M) 3.632ms
[255.060s][info][gc,cpu         ] GC(412) User=0.02s Sys=0.00s Real=0.00s
[255.163s][info][gc,start       ] GC(413) Pause Young (Normal) (G1 Evacuation Pause)
[255.163s][info][gc,task        ] GC(413) Using 8 workers of 8 for evacuation
[255.168s][info][gc             ] GC(413) To-space exhausted
[255.168s][info][gc,phases      ] GC(413)   Pre Evacuate Collection Set: 0.1ms
[255.168s][info][gc,phases      ] GC(413)   Merge Heap Roots: 0.1ms
[255.168s][info][gc,phases      ] GC(413)   Evacuate Collection Set: 2.1ms
[255.168s][info][gc,phases      ] GC(413)   Post Evacuate Collection Set: 2.6ms
[255.168s][info][gc,phases      ] GC(413)   Other: 0.2ms
[255.168s][info][gc,heap        ] GC(413) Eden regions: 19->0(25)
[255.168s][info][gc,heap        ] GC(413) Survivor regions: 2->0(0)
[255.168s][info][gc,heap        ] GC(413) Old regions: 478->499
[255.168s][info][gc,heap        ] GC(413) Archive regions: 2->2
[255.168s][info][gc,heap        ] GC(413) Humongous regions: 11->11
[255.168s][info][gc,metaspace   ] GC(413) Metaspace: 44146K(45312K)->44146K(45312K) NonClass: 38907K(39680K)->38907K(39680K) Class: 5239K(5632K)->5239K(5632K)
[255.168s][info][gc             ] GC(413) Pause Young (Normal) (G1 Evacuation Pause) 508M->508M(512M) 5.142ms
[255.169s][info][gc,cpu         ] GC(413) User=0.03s Sys=0.00s Real=0.01s
[255.169s][info][gc,ergo        ] Attempting maximally compacting collection
[255.169s][info][gc,task        ] GC(414) Using 8 workers of 8 for full compaction
[255.169s][info][gc,start       ] GC(414) Pause Full (G1 Evacuation Pause)
[255.169s][info][gc,phases,start] GC(414) Phase 1: Mark live objects
[255.375s][info][gc,phases      ] GC(414) Phase 1: Mark live objects 206.067ms
[255.375s][info][gc,phases,start] GC(414) Phase 2: Prepare for compaction
[255.419s][info][gc,phases      ] GC(414) Phase 2: Prepare for compaction 43.425ms
[255.419s][info][gc,phases,start] GC(414) Phase 3: Adjust pointers
[255.496s][info][gc,phases      ] GC(414) Phase 3: Adjust pointers 77.136ms
[255.496s][info][gc,phases,start] GC(414) Phase 4: Compact heap
[255.555s][info][gc,phases      ] GC(414) Phase 4: Compact heap 59.188ms
[255.559s][info][gc,heap        ] GC(414) Eden regions: 0->0(25)
[255.559s][info][gc,heap        ] GC(414) Survivor regions: 0->0(0)
[255.559s][info][gc,heap        ] GC(414) Old regions: 499->454
[255.559s][info][gc,heap        ] GC(414) Archive regions: 2->2
[255.559s][info][gc,heap        ] GC(414) Humongous regions: 11->11
[255.559s][info][gc,metaspace   ] GC(414) Metaspace: 44146K(45312K)->44006K(45312K) NonClass: 38907K(39680K)->38785K(39680K) Class: 5239K(5632K)->5220K(5632K)
[255.559s][info][gc             ] GC(414) Pause Full (G1 Evacuation Pause) 508M->462M(512M) 390.552ms
[255.561s][info][gc,cpu         ] GC(414) User=2.62s Sys=0.02s Real=0.39s
[255.561s][info][gc,marking     ] GC(407) Concurrent Mark From Roots 1050.893ms
[255.561s][info][gc,marking     ] GC(407) Concurrent Mark Abort
[255.561s][info][gc             ] GC(407) Concurrent Cycle 1054.360ms
[255.680s][info][gc,start       ] GC(415) Pause Young (Normal) (G1 Evacuation Pause)
[255.680s][info][gc,task        ] GC(415) Using 8 workers of 8 for evacuation
[255.681s][info][gc,phases      ] GC(415)   Pre Evacuate Collection Set: 0.1ms
[255.681s][info][gc,phases      ] GC(415)   Merge Heap Roots: 0.0ms
[255.681s][info][gc,phases      ] GC(415)   Evacuate Collection Set: 0.6ms
[255.681s][info][gc,phases      ] GC(415)   Post Evacuate Collection Set: 0.3ms
[255.681s][info][gc,phases      ] GC(415)   Other: 0.1ms
[255.681s][info][gc,heap        ] GC(415) Eden regions: 25->0(24)
[255.681s][info][gc,heap        ] GC(415) Survivor regions: 0->1(4)
[255.681s][info][gc,heap        ] GC(415) Old regions: 454->454
[255.681s][info][gc,heap        ] GC(415) Archive regions: 2->2
[255.681s][info][gc,heap        ] GC(415) Humongous regions: 11->11
[255.681s][info][gc,metaspace   ] GC(415) Metaspace: 44108K(45312K)->44108K(45312K) NonClass: 38874K(39680K)->38874K(39680K) Class: 5233K(5632K)->5233K(5632K)
[255.681s][info][gc             ] GC(415) Pause Young (Normal) (G1 Evacuation Pause) 487M->463M(512M) 1.207ms
[255.681s][info][gc,cpu         ] GC(415) User=0.01s Sys=0.01s Real=0.00s
[255.779s][info][gc,start       ] GC(416) Pause Young (Concurrent Start) (G1 Evacuation Pause)
[255.779s][info][gc,task        ] GC(416) Using 8 workers of 8 for evacuation
[255.781s][info][gc,phases      ] GC(416)   Pre Evacuate Collection Set: 0.1ms
[255.781s][info][gc,phases      ] GC(416)   Merge Heap Roots: 0.0ms
[255.781s][info][gc,phases      ] GC(416)   Evacuate Collection Set: 1.5ms
[255.781s][info][gc,phases      ] GC(416)   Post Evacuate Collection Set: 0.3ms
[255.781s][info][gc,phases      ] GC(416)   Other: 0.2ms
[255.781s][info][gc,heap        ] GC(416) Eden regions: 24->0(23)
[255.781s][info][gc,heap        ] GC(416) Survivor regions: 1->2(4)
[255.781s][info][gc,heap        ] GC(416) Old regions: 454->454
[255.781s][info][gc,heap        ] GC(416) Archive regions: 2->2
[255.781s][info][gc,heap        ] GC(416) Humongous regions: 11->11
[255.781s][info][gc,metaspace   ] GC(416) Metaspace: 44108K(45312K)->44108K(45312K) NonClass: 38874K(39680K)->38874K(39680K) Class: 5233K(5632K)->5233K(5632K)
[255.781s][info][gc             ] GC(416) Pause Young (Concurrent Start) (G1 Evacuation Pause) 487M->463M(512M) 2.226ms
[255.781s][info][gc,cpu         ] GC(416) User=0.00s Sys=0.00s Real=0.00s
[255.781s][info][gc             ] GC(417) Concurrent Cycle
[255.781s][info][gc,marking     ] GC(417) Concurrent Clear Claimed Marks
[255.781s][info][gc,marking     ] GC(417) Concurrent Clear Claimed Marks 0.042ms
[255.781s][info][gc,marking     ] GC(417) Concurrent Scan Root Regions
[255.786s][info][gc,marking     ] GC(417) Concurrent Scan Root Regions 5.394ms
[255.786s][info][gc,marking     ] GC(417) Concurrent Mark (255.786s)
[255.786s][info][gc,marking     ] GC(417) Concurrent Mark From Roots
[255.786s][info][gc,task        ] GC(417) Using 2 workers of 2 for marking
[255.878s][info][gc,start       ] GC(418) Pause Young (Normal) (G1 Evacuation Pause)
[255.878s][info][gc,task        ] GC(418) Using 8 workers of 8 for evacuation
[255.880s][info][gc,phases      ] GC(418)   Pre Evacuate Collection Set: 0.1ms
[255.880s][info][gc,phases      ] GC(418)   Merge Heap Roots: 0.0ms
[255.880s][info][gc,phases      ] GC(418)   Evacuate Collection Set: 1.7ms
[255.880s][info][gc,phases      ] GC(418)   Post Evacuate Collection Set: 0.2ms
[255.880s][info][gc,phases      ] GC(418)   Other: 0.2ms
[255.880s][info][gc,heap        ] GC(418) Eden regions: 23->0(22)
[255.880s][info][gc,heap        ] GC(418) Survivor regions: 2->3(4)
[255.880s][info][gc,heap        ] GC(418) Old regions: 454->454
[255.880s][info][gc,heap        ] GC(418) Archive regions: 2->2
[255.880s][info][gc,heap        ] GC(418) Humongous regions: 11->11
[255.880s][info][gc,metaspace   ] GC(418) Metaspace: 44108K(45312K)->44108K(45312K) NonClass: 38874K(39680K)->38874K(39680K) Class: 5233K(5632K)->5233K(5632K)
[255.880s][info][gc             ] GC(418) Pause Young (Normal) (G1 Evacuation Pause) 486M->464M(512M) 2.347ms
[255.880s][info][gc,cpu         ] GC(418) User=0.02s Sys=0.00s Real=0.00s
[256.082s][info][gc,start       ] GC(419) Pause Young (Normal) (G1 Evacuation Pause)
[256.082s][info][gc,task        ] GC(419) Using 8 workers of 8 for evacuation
[256.085s][info][gc,phases      ] GC(419)   Pre Evacuate Collection Set: 0.1ms
[256.085s][info][gc,phases      ] GC(419)   Merge Heap Roots: 0.0ms
[256.085s][info][gc,phases      ] GC(419)   Evacuate Collection Set: 2.8ms
[256.085s][info][gc,phases      ] GC(419)   Post Evacuate Collection Set: 0.2ms
[256.085s][info][gc,phases      ] GC(419)   Other: 0.1ms
[256.085s][info][gc,heap        ] GC(419) Eden regions: 22->0(22)
[256.085s][info][gc,heap        ] GC(419) Survivor regions: 3->3(4)
[256.085s][info][gc,heap        ] GC(419) Old regions: 454->455
[256.085s][info][gc,heap        ] GC(419) Archive regions: 2->2
[256.085s][info][gc,heap        ] GC(419) Humongous regions: 11->11
[256.085s][info][gc,metaspace   ] GC(419) Metaspace: 44138K(45312K)->44138K(45312K) NonClass: 38901K(39680K)->38901K(39680K) Class: 5237K(5632K)->5237K(5632K)
[256.085s][info][gc             ] GC(419) Pause Young (Normal) (G1 Evacuation Pause) 486M->465M(512M) 3.376ms
[256.085s][info][gc,cpu         ] GC(419) User=0.02s Sys=0.00s Real=0.00s
[256.248s][info][gc,start       ] GC(420) Pause Young (Normal) (G1 Evacuation Pause)
[256.248s][info][gc,task        ] GC(420) Using 8 workers of 8 for evacuation
[256.250s][info][gc,phases      ] GC(420)   Pre Evacuate Collection Set: 0.1ms
[256.250s][info][gc,phases      ] GC(420)   Merge Heap Roots: 0.0ms
[256.250s][info][gc,phases      ] GC(420)   Evacuate Collection Set: 1.7ms
[256.250s][info][gc,phases      ] GC(420)   Post Evacuate Collection Set: 0.2ms
[256.250s][info][gc,phases      ] GC(420)   Other: 0.2ms
[256.250s][info][gc,heap        ] GC(420) Eden regions: 22->0(23)
[256.250s][info][gc,heap        ] GC(420) Survivor regions: 3->2(4)
[256.250s][info][gc,heap        ] GC(420) Old regions: 455->456
[256.250s][info][gc,heap        ] GC(420) Archive regions: 2->2
[256.250s][info][gc,heap        ] GC(420) Humongous regions: 11->11
[256.250s][info][gc,metaspace   ] GC(420) Metaspace: 44142K(45312K)->44142K(45312K) NonClass: 38904K(39680K)->38904K(39680K) Class: 5238K(5632K)->5238K(5632K)
[256.251s][info][gc             ] GC(420) Pause Young (Normal) (G1 Evacuation Pause) 487M->465M(512M) 2.266ms
[256.251s][info][gc,cpu         ] GC(420) User=0.01s Sys=0.00s Real=0.00s
[256.383s][info][gc,start       ] GC(421) Pause Young (Normal) (G1 Evacuation Pause)
[256.383s][info][gc,task        ] GC(421) Using 8 workers of 8 for evacuation
[256.386s][info][gc,phases      ] GC(421)   Pre Evacuate Collection Set: 0.1ms
[256.386s][info][gc,phases      ] GC(421)   Merge Heap Roots: 0.0ms
[256.386s][info][gc,phases      ] GC(421)   Evacuate Collection Set: 1.6ms
[256.386s][info][gc,phases      ] GC(421)   Post Evacuate Collection Set: 0.2ms
[256.386s][info][gc,phases      ] GC(421)   Other: 0.1ms
[256.386s][info][gc,heap        ] GC(421) Eden regions: 23->0(22)
[256.386s][info][gc,heap        ] GC(421) Survivor regions: 2->3(4)
[256.386s][info][gc,heap        ] GC(421) Old regions: 456->456
[256.386s][info][gc,heap        ] GC(421) Archive regions: 2->2
[256.386s][info][gc,heap        ] GC(421) Humongous regions: 11->11
[256.386s][info][gc,metaspace   ] GC(421) Metaspace: 44142K(45312K)->44142K(45312K) NonClass: 38904K(39680K)->38904K(39680K) Class: 5238K(5632K)->5238K(5632K)
[256.386s][info][gc             ] GC(421) Pause Young (Normal) (G1 Evacuation Pause) 488M->466M(512M) 2.289ms
[256.386s][info][gc,cpu         ] GC(421) User=0.01s Sys=0.00s Real=0.01s
[256.509s][info][gc,start       ] GC(422) Pause Young (Normal) (G1 Evacuation Pause)
[256.509s][info][gc,task        ] GC(422) Using 8 workers of 8 for evacuation
[256.512s][info][gc,phases      ] GC(422)   Pre Evacuate Collection Set: 0.1ms
[256.512s][info][gc,phases      ] GC(422)   Merge Heap Roots: 0.0ms
[256.512s][info][gc,phases      ] GC(422)   Evacuate Collection Set: 2.0ms
[256.512s][info][gc,phases      ] GC(422)   Post Evacuate Collection Set: 0.2ms
[256.512s][info][gc,phases      ] GC(422)   Other: 0.1ms
[256.512s][info][gc,heap        ] GC(422) Eden regions: 22->0(22)
[256.512s][info][gc,heap        ] GC(422) Survivor regions: 3->3(4)
[256.512s][info][gc,heap        ] GC(422) Old regions: 456->457
[256.512s][info][gc,heap        ] GC(422) Archive regions: 2->2
[256.512s][info][gc,heap        ] GC(422) Humongous regions: 11->11
[256.512s][info][gc,metaspace   ] GC(422) Metaspace: 44144K(45312K)->44144K(45312K) NonClass: 38906K(39680K)->38906K(39680K) Class: 5238K(5632K)->5238K(5632K)
[256.512s][info][gc             ] GC(422) Pause Young (Normal) (G1 Evacuation Pause) 488M->466M(512M) 2.516ms
[256.512s][info][gc,cpu         ] GC(422) User=0.02s Sys=0.00s Real=0.00s
[256.623s][info][gc,start       ] GC(423) Pause Young (Normal) (G1 Evacuation Pause)
[256.623s][info][gc,task        ] GC(423) Using 8 workers of 8 for evacuation
[256.625s][info][gc,phases      ] GC(423)   Pre Evacuate Collection Set: 0.1ms
[256.626s][info][gc,phases      ] GC(423)   Merge Heap Roots: 0.0ms
[256.626s][info][gc,phases      ] GC(423)   Evacuate Collection Set: 1.9ms
[256.626s][info][gc,phases      ] GC(423)   Post Evacuate Collection Set: 0.3ms
[256.626s][info][gc,phases      ] GC(423)   Other: 0.1ms
[256.626s][info][gc,heap        ] GC(423) Eden regions: 22->0(22)
[256.626s][info][gc,heap        ] GC(423) Survivor regions: 3->3(4)
[256.626s][info][gc,heap        ] GC(423) Old regions: 457->457
[256.626s][info][gc,heap        ] GC(423) Archive regions: 2->2
[256.626s][info][gc,heap        ] GC(423) Humongous regions: 11->11
[256.626s][info][gc,metaspace   ] GC(423) Metaspace: 44144K(45312K)->44144K(45312K) NonClass: 38906K(39680K)->38906K(39680K) Class: 5238K(5632K)->5238K(5632K)
[256.626s][info][gc             ] GC(423) Pause Young (Normal) (G1 Evacuation Pause) 488M->467M(512M) 2.539ms
[256.626s][info][gc,cpu         ] GC(423) User=0.01s Sys=0.00s Real=0.01s
[256.743s][info][gc,start       ] GC(424) Pause Young (Normal) (G1 Evacuation Pause)
[256.743s][info][gc,task        ] GC(424) Using 8 workers of 8 for evacuation
[256.745s][info][gc,phases      ] GC(424)   Pre Evacuate Collection Set: 0.1ms
[256.745s][info][gc,phases      ] GC(424)   Merge Heap Roots: 0.0ms
[256.745s][info][gc,phases      ] GC(424)   Evacuate Collection Set: 1.9ms
[256.745s][info][gc,phases      ] GC(424)   Post Evacuate Collection Set: 0.3ms
[256.745s][info][gc,phases      ] GC(424)   Other: 0.1ms
[256.745s][info][gc,heap        ] GC(424) Eden regions: 22->0(22)
[256.745s][info][gc,heap        ] GC(424) Survivor regions: 3->3(4)
[256.745s][info][gc,heap        ] GC(424) Old regions: 457->458
[256.745s][info][gc,heap        ] GC(424) Archive regions: 2->2
[256.745s][info][gc,heap        ] GC(424) Humongous regions: 11->11
[256.745s][info][gc,metaspace   ] GC(424) Metaspace: 44144K(45312K)->44144K(45312K) NonClass: 38906K(39680K)->38906K(39680K) Class: 5238K(5632K)->5238K(5632K)
[256.745s][info][gc             ] GC(424) Pause Young (Normal) (G1 Evacuation Pause) 489M->467M(512M) 2.494ms
[256.745s][info][gc,cpu         ] GC(424) User=0.02s Sys=0.00s Real=0.00s
[256.838s][info][gc,marking     ] GC(417) Concurrent Mark From Roots 1051.114ms
[256.838s][info][gc,marking     ] GC(417) Concurrent Preclean
[256.838s][info][gc,marking     ] GC(417) Concurrent Preclean 0.061ms
[256.838s][info][gc,marking     ] GC(417) Concurrent Mark (255.786s, 256.838s) 1051.244ms
[256.838s][info][gc,start       ] GC(417) Pause Remark
[256.840s][info][gc             ] GC(417) Pause Remark 485M->485M(512M) 1.888ms
[256.840s][info][gc,cpu         ] GC(417) User=0.01s Sys=0.00s Real=0.00s
[256.840s][info][gc,marking     ] GC(417) Concurrent Rebuild Remembered Sets
[256.859s][info][gc,start       ] GC(425) Pause Young (Normal) (G1 Evacuation Pause)
[256.859s][info][gc,task        ] GC(425) Using 8 workers of 8 for evacuation
[256.862s][info][gc,phases      ] GC(425)   Pre Evacuate Collection Set: 0.1ms
[256.862s][info][gc,phases      ] GC(425)   Merge Heap Roots: 0.0ms
[256.862s][info][gc,phases      ] GC(425)   Evacuate Collection Set: 1.8ms
[256.862s][info][gc,phases      ] GC(425)   Post Evacuate Collection Set: 0.3ms
[256.862s][info][gc,phases      ] GC(425)   Other: 0.1ms
[256.862s][info][gc,heap        ] GC(425) Eden regions: 22->0(22)
[256.862s][info][gc,heap        ] GC(425) Survivor regions: 3->3(4)
[256.862s][info][gc,heap        ] GC(425) Old regions: 458->458
[256.862s][info][gc,heap        ] GC(425) Archive regions: 2->2
[256.862s][info][gc,heap        ] GC(425) Humongous regions: 11->11
[256.862s][info][gc,metaspace   ] GC(425) Metaspace: 44144K(45312K)->44144K(45312K) NonClass: 38906K(39680K)->38906K(39680K) Class: 5238K(5632K)->5238K(5632K)
[256.862s][info][gc             ] GC(425) Pause Young (Normal) (G1 Evacuation Pause) 489M->468M(512M) 2.350ms
[256.862s][info][gc,cpu         ] GC(425) User=0.02s Sys=0.00s Real=0.00s
[256.965s][info][gc,start       ] GC(426) Pause Young (Normal) (G1 Evacuation Pause)
[256.965s][info][gc,task        ] GC(426) Using 8 workers of 8 for evacuation
[256.968s][info][gc,phases      ] GC(426)   Pre Evacuate Collection Set: 0.1ms
[256.968s][info][gc,phases      ] GC(426)   Merge Heap Roots: 0.1ms
[256.968s][info][gc,phases      ] GC(426)   Evacuate Collection Set: 1.7ms
[256.968s][info][gc,phases      ] GC(426)   Post Evacuate Collection Set: 0.2ms
[256.968s][info][gc,phases      ] GC(426)   Other: 0.1ms
[256.968s][info][gc,heap        ] GC(426) Eden regions: 22->0(22)
[256.968s][info][gc,heap        ] GC(426) Survivor regions: 3->3(4)
[256.968s][info][gc,heap        ] GC(426) Old regions: 458->459
[256.968s][info][gc,heap        ] GC(426) Archive regions: 2->2
[256.968s][info][gc,heap        ] GC(426) Humongous regions: 11->11
[256.968s][info][gc,metaspace   ] GC(426) Metaspace: 44145K(45312K)->44145K(45312K) NonClass: 38907K(39680K)->38907K(39680K) Class: 5238K(5632K)->5238K(5632K)
[256.968s][info][gc             ] GC(426) Pause Young (Normal) (G1 Evacuation Pause) 490M->468M(512M) 2.277ms
[256.968s][info][gc,cpu         ] GC(426) User=0.01s Sys=0.00s Real=0.01s
[257.081s][info][gc,start       ] GC(427) Pause Young (Normal) (G1 Evacuation Pause)
[257.081s][info][gc,task        ] GC(427) Using 8 workers of 8 for evacuation
[257.084s][info][gc,phases      ] GC(427)   Pre Evacuate Collection Set: 0.0ms
[257.084s][info][gc,phases      ] GC(427)   Merge Heap Roots: 0.1ms
[257.084s][info][gc,phases      ] GC(427)   Evacuate Collection Set: 2.3ms
[257.084s][info][gc,phases      ] GC(427)   Post Evacuate Collection Set: 0.2ms
[257.084s][info][gc,phases      ] GC(427)   Other: 0.1ms
[257.084s][info][gc,heap        ] GC(427) Eden regions: 22->0(22)
[257.084s][info][gc,heap        ] GC(427) Survivor regions: 3->3(4)
[257.084s][info][gc,heap        ] GC(427) Old regions: 459->459
[257.084s][info][gc,heap        ] GC(427) Archive regions: 2->2
[257.084s][info][gc,heap        ] GC(427) Humongous regions: 11->11
[257.084s][info][gc,metaspace   ] GC(427) Metaspace: 44146K(45312K)->44146K(45312K) NonClass: 38908K(39680K)->38908K(39680K) Class: 5238K(5632K)->5238K(5632K)
[257.084s][info][gc             ] GC(427) Pause Young (Normal) (G1 Evacuation Pause) 490M->469M(512M) 2.869ms
[257.084s][info][gc,cpu         ] GC(427) User=0.01s Sys=0.00s Real=0.00s
[257.210s][info][gc,start       ] GC(428) Pause Young (Normal) (G1 Evacuation Pause)
[257.210s][info][gc,task        ] GC(428) Using 8 workers of 8 for evacuation
[257.213s][info][gc,phases      ] GC(428)   Pre Evacuate Collection Set: 0.1ms
[257.213s][info][gc,phases      ] GC(428)   Merge Heap Roots: 0.1ms
[257.213s][info][gc,phases      ] GC(428)   Evacuate Collection Set: 2.3ms
[257.213s][info][gc,phases      ] GC(428)   Post Evacuate Collection Set: 0.2ms
[257.213s][info][gc,phases      ] GC(428)   Other: 0.2ms
[257.213s][info][gc,heap        ] GC(428) Eden regions: 22->0(22)
[257.213s][info][gc,heap        ] GC(428) Survivor regions: 3->3(4)
[257.213s][info][gc,heap        ] GC(428) Old regions: 459->460
[257.213s][info][gc,heap        ] GC(428) Archive regions: 2->2
[257.213s][info][gc,heap        ] GC(428) Humongous regions: 11->11
[257.213s][info][gc,metaspace   ] GC(428) Metaspace: 44146K(45312K)->44146K(45312K) NonClass: 38908K(39680K)->38908K(39680K) Class: 5238K(5632K)->5238K(5632K)
[257.213s][info][gc             ] GC(428) Pause Young (Normal) (G1 Evacuation Pause) 491M->469M(512M) 2.938ms
[257.213s][info][gc,cpu         ] GC(428) User=0.01s Sys=0.00s Real=0.00s
[257.312s][info][gc,start       ] GC(429) Pause Young (Normal) (G1 Evacuation Pause)
[257.312s][info][gc,task        ] GC(429) Using 8 workers of 8 for evacuation
[257.315s][info][gc,phases      ] GC(429)   Pre Evacuate Collection Set: 0.1ms
[257.315s][info][gc,phases      ] GC(429)   Merge Heap Roots: 0.0ms
[257.315s][info][gc,phases      ] GC(429)   Evacuate Collection Set: 2.5ms
[257.315s][info][gc,phases      ] GC(429)   Post Evacuate Collection Set: 0.2ms
[257.315s][info][gc,phases      ] GC(429)   Other: 0.2ms
[257.315s][info][gc,heap        ] GC(429) Eden regions: 22->0(22)
[257.315s][info][gc,heap        ] GC(429) Survivor regions: 3->3(4)
[257.315s][info][gc,heap        ] GC(429) Old regions: 460->461
[257.315s][info][gc,heap        ] GC(429) Archive regions: 2->2
[257.315s][info][gc,heap        ] GC(429) Humongous regions: 11->11
[257.315s][info][gc,metaspace   ] GC(429) Metaspace: 44146K(45312K)->44146K(45312K) NonClass: 38908K(39680K)->38908K(39680K) Class: 5238K(5632K)->5238K(5632K)
[257.315s][info][gc             ] GC(429) Pause Young (Normal) (G1 Evacuation Pause) 491M->470M(512M) 3.205ms
[257.315s][info][gc,cpu         ] GC(429) User=0.02s Sys=0.00s Real=0.00s
[257.331s][info][gc,marking     ] GC(417) Concurrent Rebuild Remembered Sets 490.963ms
[257.331s][info][gc,start       ] GC(417) Pause Cleanup
[257.331s][info][gc             ] GC(417) Pause Cleanup 472M->472M(512M) 0.255ms
[257.331s][info][gc,cpu         ] GC(417) User=0.00s Sys=0.00s Real=0.00s
[257.332s][info][gc,marking     ] GC(417) Concurrent Cleanup for Next Mark
[257.332s][info][gc,marking     ] GC(417) Concurrent Cleanup for Next Mark 0.853ms
[257.332s][info][gc             ] GC(417) Concurrent Cycle 1551.623ms
[257.412s][info][gc,start       ] GC(430) Pause Young (Normal) (G1 Evacuation Pause)
[257.412s][info][gc,task        ] GC(430) Using 8 workers of 8 for evacuation
[257.415s][info][gc,phases      ] GC(430)   Pre Evacuate Collection Set: 0.1ms
[257.415s][info][gc,phases      ] GC(430)   Merge Heap Roots: 0.1ms
[257.415s][info][gc,phases      ] GC(430)   Evacuate Collection Set: 2.4ms
[257.415s][info][gc,phases      ] GC(430)   Post Evacuate Collection Set: 0.2ms
[257.415s][info][gc,phases      ] GC(430)   Other: 0.1ms
[257.415s][info][gc,heap        ] GC(430) Eden regions: 22->0(22)
[257.415s][info][gc,heap        ] GC(430) Survivor regions: 3->3(4)
[257.415s][info][gc,heap        ] GC(430) Old regions: 461->461
[257.415s][info][gc,heap        ] GC(430) Archive regions: 2->2
[257.415s][info][gc,heap        ] GC(430) Humongous regions: 11->11
[257.415s][info][gc,metaspace   ] GC(430) Metaspace: 44154K(45312K)->44154K(45312K) NonClass: 38914K(39680K)->38914K(39680K) Class: 5239K(5632K)->5239K(5632K)
[257.415s][info][gc             ] GC(430) Pause Young (Normal) (G1 Evacuation Pause) 492M->471M(512M) 2.969ms
[257.415s][info][gc,cpu         ] GC(430) User=0.02s Sys=0.00s Real=0.00s
[257.511s][info][gc,start       ] GC(431) Pause Young (Concurrent Start) (G1 Evacuation Pause)
[257.511s][info][gc,task        ] GC(431) Using 8 workers of 8 for evacuation
[257.513s][info][gc,phases      ] GC(431)   Pre Evacuate Collection Set: 0.1ms
[257.513s][info][gc,phases      ] GC(431)   Merge Heap Roots: 0.0ms
[257.513s][info][gc,phases      ] GC(431)   Evacuate Collection Set: 1.9ms
[257.513s][info][gc,phases      ] GC(431)   Post Evacuate Collection Set: 0.2ms
[257.513s][info][gc,phases      ] GC(431)   Other: 0.2ms
[257.513s][info][gc,heap        ] GC(431) Eden regions: 22->0(22)
[257.513s][info][gc,heap        ] GC(431) Survivor regions: 3->3(4)
[257.513s][info][gc,heap        ] GC(431) Old regions: 461->462
[257.513s][info][gc,heap        ] GC(431) Archive regions: 2->2
[257.513s][info][gc,heap        ] GC(431) Humongous regions: 11->11
[257.513s][info][gc,metaspace   ] GC(431) Metaspace: 44154K(45312K)->44154K(45312K) NonClass: 38915K(39680K)->38915K(39680K) Class: 5239K(5632K)->5239K(5632K)
[257.513s][info][gc             ] GC(431) Pause Young (Concurrent Start) (G1 Evacuation Pause) 493M->471M(512M) 2.489ms
[257.513s][info][gc,cpu         ] GC(431) User=0.02s Sys=0.00s Real=0.00s
[257.513s][info][gc             ] GC(432) Concurrent Cycle
[257.513s][info][gc,marking     ] GC(432) Concurrent Clear Claimed Marks
[257.513s][info][gc,marking     ] GC(432) Concurrent Clear Claimed Marks 0.047ms
[257.513s][info][gc,marking     ] GC(432) Concurrent Scan Root Regions
[257.516s][info][gc,marking     ] GC(432) Concurrent Scan Root Regions 2.988ms
[257.516s][info][gc,marking     ] GC(432) Concurrent Mark (257.516s)
[257.516s][info][gc,marking     ] GC(432) Concurrent Mark From Roots
[257.516s][info][gc,task        ] GC(432) Using 2 workers of 2 for marking
[257.631s][info][gc,start       ] GC(433) Pause Young (Normal) (G1 Evacuation Pause)
[257.631s][info][gc,task        ] GC(433) Using 8 workers of 8 for evacuation
[257.633s][info][gc,phases      ] GC(433)   Pre Evacuate Collection Set: 0.1ms
[257.633s][info][gc,phases      ] GC(433)   Merge Heap Roots: 0.0ms
[257.633s][info][gc,phases      ] GC(433)   Evacuate Collection Set: 1.9ms
[257.633s][info][gc,phases      ] GC(433)   Post Evacuate Collection Set: 0.2ms
[257.633s][info][gc,phases      ] GC(433)   Other: 0.1ms
[257.633s][info][gc,heap        ] GC(433) Eden regions: 22->0(22)
[257.633s][info][gc,heap        ] GC(433) Survivor regions: 3->3(4)
[257.633s][info][gc,heap        ] GC(433) Old regions: 462->462
[257.633s][info][gc,heap        ] GC(433) Archive regions: 2->2
[257.633s][info][gc,heap        ] GC(433) Humongous regions: 11->11
[257.633s][info][gc,metaspace   ] GC(433) Metaspace: 44154K(45312K)->44154K(45312K) NonClass: 38915K(39680K)->38915K(39680K) Class: 5239K(5632K)->5239K(5632K)
[257.633s][info][gc             ] GC(433) Pause Young (Normal) (G1 Evacuation Pause) 493M->472M(512M) 2.454ms
[257.633s][info][gc,cpu         ] GC(433) User=0.01s Sys=0.00s Real=0.00s
[257.744s][info][gc,start       ] GC(434) Pause Young (Normal) (G1 Evacuation Pause)
[257.744s][info][gc,task        ] GC(434) Using 8 workers of 8 for evacuation
[257.746s][info][gc,phases      ] GC(434)   Pre Evacuate Collection Set: 0.1ms
[257.746s][info][gc,phases      ] GC(434)   Merge Heap Roots: 0.0ms
[257.746s][info][gc,phases      ] GC(434)   Evacuate Collection Set: 1.9ms
[257.746s][info][gc,phases      ] GC(434)   Post Evacuate Collection Set: 0.2ms
[257.746s][info][gc,phases      ] GC(434)   Other: 0.1ms
[257.746s][info][gc,heap        ] GC(434) Eden regions: 22->0(22)
[257.746s][info][gc,heap        ] GC(434) Survivor regions: 3->3(4)
[257.746s][info][gc,heap        ] GC(434) Old regions: 462->463
[257.746s][info][gc,heap        ] GC(434) Archive regions: 2->2
[257.746s][info][gc,heap        ] GC(434) Humongous regions: 11->11
[257.746s][info][gc,metaspace   ] GC(434) Metaspace: 44154K(45312K)->44154K(45312K) NonClass: 38915K(39680K)->38915K(39680K) Class: 5239K(5632K)->5239K(5632K)
[257.746s][info][gc             ] GC(434) Pause Young (Normal) (G1 Evacuation Pause) 494M->472M(512M) 2.434ms
[257.746s][info][gc,cpu         ] GC(434) User=0.02s Sys=0.01s Real=0.01s
[257.862s][info][gc,start       ] GC(435) Pause Young (Normal) (G1 Evacuation Pause)
[257.862s][info][gc,task        ] GC(435) Using 8 workers of 8 for evacuation
[257.865s][info][gc,phases      ] GC(435)   Pre Evacuate Collection Set: 0.1ms
[257.865s][info][gc,phases      ] GC(435)   Merge Heap Roots: 0.0ms
[257.865s][info][gc,phases      ] GC(435)   Evacuate Collection Set: 2.4ms
[257.865s][info][gc,phases      ] GC(435)   Post Evacuate Collection Set: 0.3ms
[257.865s][info][gc,phases      ] GC(435)   Other: 0.1ms
[257.865s][info][gc,heap        ] GC(435) Eden regions: 22->0(22)
[257.865s][info][gc,heap        ] GC(435) Survivor regions: 3->3(4)
[257.865s][info][gc,heap        ] GC(435) Old regions: 463->463
[257.865s][info][gc,heap        ] GC(435) Archive regions: 2->2
[257.865s][info][gc,heap        ] GC(435) Humongous regions: 11->11
[257.865s][info][gc,metaspace   ] GC(435) Metaspace: 44154K(45312K)->44154K(45312K) NonClass: 38915K(39680K)->38915K(39680K) Class: 5239K(5632K)->5239K(5632K)
[257.865s][info][gc             ] GC(435) Pause Young (Normal) (G1 Evacuation Pause) 494M->473M(512M) 3.042ms
[257.865s][info][gc,cpu         ] GC(435) User=0.02s Sys=0.00s Real=0.00s
[257.974s][info][gc,start       ] GC(436) Pause Young (Normal) (G1 Evacuation Pause)
[257.974s][info][gc,task        ] GC(436) Using 8 workers of 8 for evacuation
[257.976s][info][gc,phases      ] GC(436)   Pre Evacuate Collection Set: 0.1ms
[257.976s][info][gc,phases      ] GC(436)   Merge Heap Roots: 0.0ms
[257.976s][info][gc,phases      ] GC(436)   Evacuate Collection Set: 1.9ms
[257.976s][info][gc,phases      ] GC(436)   Post Evacuate Collection Set: 0.2ms
[257.976s][info][gc,phases      ] GC(436)   Other: 0.1ms
[257.976s][info][gc,heap        ] GC(436) Eden regions: 22->0(22)
[257.976s][info][gc,heap        ] GC(436) Survivor regions: 3->3(4)
[257.976s][info][gc,heap        ] GC(436) Old regions: 463->464
[257.976s][info][gc,heap        ] GC(436) Archive regions: 2->2
[257.976s][info][gc,heap        ] GC(436) Humongous regions: 11->11
[257.976s][info][gc,metaspace   ] GC(436) Metaspace: 44154K(45312K)->44154K(45312K) NonClass: 38915K(39680K)->38915K(39680K) Class: 5239K(5632K)->5239K(5632K)
[257.976s][info][gc             ] GC(436) Pause Young (Normal) (G1 Evacuation Pause) 495M->473M(512M) 2.477ms
[257.976s][info][gc,cpu         ] GC(436) User=0.02s Sys=0.00s Real=0.01s
[258.102s][info][gc,start       ] GC(437) Pause Young (Normal) (G1 Evacuation Pause)
[258.102s][info][gc,task        ] GC(437) Using 8 workers of 8 for evacuation
[258.104s][info][gc,phases      ] GC(437)   Pre Evacuate Collection Set: 0.1ms
[258.104s][info][gc,phases      ] GC(437)   Merge Heap Roots: 0.0ms
[258.104s][info][gc,phases      ] GC(437)   Evacuate Collection Set: 1.8ms
[258.104s][info][gc,phases      ] GC(437)   Post Evacuate Collection Set: 0.2ms
[258.104s][info][gc,phases      ] GC(437)   Other: 0.1ms
[258.104s][info][gc,heap        ] GC(437) Eden regions: 22->0(22)
[258.104s][info][gc,heap        ] GC(437) Survivor regions: 3->3(4)
[258.104s][info][gc,heap        ] GC(437) Old regions: 464->464
[258.104s][info][gc,heap        ] GC(437) Archive regions: 2->2
[258.104s][info][gc,heap        ] GC(437) Humongous regions: 11->11
[258.104s][info][gc,metaspace   ] GC(437) Metaspace: 44154K(45312K)->44154K(45312K) NonClass: 38915K(39680K)->38915K(39680K) Class: 5239K(5632K)->5239K(5632K)
[258.104s][info][gc             ] GC(437) Pause Young (Normal) (G1 Evacuation Pause) 495M->474M(512M) 2.297ms
[258.104s][info][gc,cpu         ] GC(437) User=0.01s Sys=0.00s Real=0.00s
[258.219s][info][gc,start       ] GC(438) Pause Young (Normal) (G1 Evacuation Pause)
[258.219s][info][gc,task        ] GC(438) Using 8 workers of 8 for evacuation
[258.221s][info][gc,phases      ] GC(438)   Pre Evacuate Collection Set: 0.1ms
[258.221s][info][gc,phases      ] GC(438)   Merge Heap Roots: 0.0ms
[258.221s][info][gc,phases      ] GC(438)   Evacuate Collection Set: 1.6ms
[258.221s][info][gc,phases      ] GC(438)   Post Evacuate Collection Set: 0.2ms
[258.221s][info][gc,phases      ] GC(438)   Other: 0.2ms
[258.221s][info][gc,heap        ] GC(438) Eden regions: 22->0(22)
[258.221s][info][gc,heap        ] GC(438) Survivor regions: 3->3(4)
[258.221s][info][gc,heap        ] GC(438) Old regions: 464->465
[258.221s][info][gc,heap        ] GC(438) Archive regions: 2->2
[258.221s][info][gc,heap        ] GC(438) Humongous regions: 11->11
[258.221s][info][gc,metaspace   ] GC(438) Metaspace: 44154K(45312K)->44154K(45312K) NonClass: 38915K(39680K)->38915K(39680K) Class: 5239K(5632K)->5239K(5632K)
[258.221s][info][gc             ] GC(438) Pause Young (Normal) (G1 Evacuation Pause) 496M->474M(512M) 2.204ms
[258.221s][info][gc,cpu         ] GC(438) User=0.02s Sys=0.00s Real=0.00s
[258.332s][info][gc,start       ] GC(439) Pause Young (Normal) (G1 Evacuation Pause)
[258.332s][info][gc,task        ] GC(439) Using 8 workers of 8 for evacuation
[258.334s][info][gc,phases      ] GC(439)   Pre Evacuate Collection Set: 0.1ms
[258.334s][info][gc,phases      ] GC(439)   Merge Heap Roots: 0.0ms
[258.334s][info][gc,phases      ] GC(439)   Evacuate Collection Set: 1.7ms
[258.334s][info][gc,phases      ] GC(439)   Post Evacuate Collection Set: 0.3ms
[258.334s][info][gc,phases      ] GC(439)   Other: 0.1ms
[258.334s][info][gc,heap        ] GC(439) Eden regions: 22->0(22)
[258.334s][info][gc,heap        ] GC(439) Survivor regions: 3->3(4)
[258.334s][info][gc,heap        ] GC(439) Old regions: 465->466
[258.334s][info][gc,heap        ] GC(439) Archive regions: 2->2
[258.334s][info][gc,heap        ] GC(439) Humongous regions: 11->11
[258.334s][info][gc,metaspace   ] GC(439) Metaspace: 44154K(45312K)->44154K(45312K) NonClass: 38915K(39680K)->38915K(39680K) Class: 5239K(5632K)->5239K(5632K)
[258.334s][info][gc             ] GC(439) Pause Young (Normal) (G1 Evacuation Pause) 496M->475M(512M) 2.241ms
[258.334s][info][gc,cpu         ] GC(439) User=0.02s Sys=0.00s Real=0.00s
[258.383s][info][gc,marking     ] GC(432) Concurrent Mark From Roots 866.622ms
[258.383s][info][gc,marking     ] GC(432) Concurrent Preclean
[258.383s][info][gc,marking     ] GC(432) Concurrent Preclean 0.084ms
[258.383s][info][gc,marking     ] GC(432) Concurrent Mark (257.516s, 258.383s) 866.773ms
[258.383s][info][gc,start       ] GC(432) Pause Remark
[258.385s][info][gc             ] GC(432) Pause Remark 485M->485M(512M) 1.667ms
[258.385s][info][gc,cpu         ] GC(432) User=0.01s Sys=0.00s Real=0.00s
[258.385s][info][gc,marking     ] GC(432) Concurrent Rebuild Remembered Sets
[258.452s][info][gc,start       ] GC(440) Pause Young (Normal) (G1 Evacuation Pause)
[258.452s][info][gc,task        ] GC(440) Using 8 workers of 8 for evacuation
[258.454s][info][gc,phases      ] GC(440)   Pre Evacuate Collection Set: 0.1ms
[258.454s][info][gc,phases      ] GC(440)   Merge Heap Roots: 0.0ms
[258.454s][info][gc,phases      ] GC(440)   Evacuate Collection Set: 1.7ms
[258.454s][info][gc,phases      ] GC(440)   Post Evacuate Collection Set: 0.2ms
[258.454s][info][gc,phases      ] GC(440)   Other: 0.1ms
[258.454s][info][gc,heap        ] GC(440) Eden regions: 22->0(22)
[258.454s][info][gc,heap        ] GC(440) Survivor regions: 3->3(4)
[258.454s][info][gc,heap        ] GC(440) Old regions: 466->466
[258.454s][info][gc,heap        ] GC(440) Archive regions: 2->2
[258.454s][info][gc,heap        ] GC(440) Humongous regions: 11->11
[258.454s][info][gc,metaspace   ] GC(440) Metaspace: 44154K(45312K)->44154K(45312K) NonClass: 38915K(39680K)->38915K(39680K) Class: 5239K(5632K)->5239K(5632K)
[258.454s][info][gc             ] GC(440) Pause Young (Normal) (G1 Evacuation Pause) 497M->476M(512M) 2.319ms
[258.454s][info][gc,cpu         ] GC(440) User=0.02s Sys=0.00s Real=0.00s
[258.557s][info][gc,start       ] GC(441) Pause Young (Normal) (G1 Evacuation Pause)
[258.557s][info][gc,task        ] GC(441) Using 8 workers of 8 for evacuation
[258.559s][info][gc,phases      ] GC(441)   Pre Evacuate Collection Set: 0.1ms
[258.559s][info][gc,phases      ] GC(441)   Merge Heap Roots: 0.1ms
[258.559s][info][gc,phases      ] GC(441)   Evacuate Collection Set: 2.0ms
[258.559s][info][gc,phases      ] GC(441)   Post Evacuate Collection Set: 0.2ms
[258.559s][info][gc,phases      ] GC(441)   Other: 0.1ms
[258.559s][info][gc,heap        ] GC(441) Eden regions: 22->0(22)
[258.559s][info][gc,heap        ] GC(441) Survivor regions: 3->3(4)
[258.559s][info][gc,heap        ] GC(441) Old regions: 466->467
[258.559s][info][gc,heap        ] GC(441) Archive regions: 2->2
[258.559s][info][gc,heap        ] GC(441) Humongous regions: 11->11
[258.559s][info][gc,metaspace   ] GC(441) Metaspace: 44154K(45312K)->44154K(45312K) NonClass: 38915K(39680K)->38915K(39680K) Class: 5239K(5632K)->5239K(5632K)
[258.559s][info][gc             ] GC(441) Pause Young (Normal) (G1 Evacuation Pause) 498M->476M(512M) 2.607ms
[258.559s][info][gc,cpu         ] GC(441) User=0.02s Sys=0.00s Real=0.00s
[258.663s][info][gc,start       ] GC(442) Pause Young (Normal) (G1 Evacuation Pause)
[258.663s][info][gc,task        ] GC(442) Using 8 workers of 8 for evacuation
[258.666s][info][gc,phases      ] GC(442)   Pre Evacuate Collection Set: 0.1ms
[258.666s][info][gc,phases      ] GC(442)   Merge Heap Roots: 0.1ms
[258.666s][info][gc,phases      ] GC(442)   Evacuate Collection Set: 2.1ms
[258.666s][info][gc,phases      ] GC(442)   Post Evacuate Collection Set: 0.2ms
[258.666s][info][gc,phases      ] GC(442)   Other: 0.1ms
[258.666s][info][gc,heap        ] GC(442) Eden regions: 22->0(22)
[258.666s][info][gc,heap        ] GC(442) Survivor regions: 3->3(4)
[258.666s][info][gc,heap        ] GC(442) Old regions: 467->467
[258.666s][info][gc,heap        ] GC(442) Archive regions: 2->2
[258.666s][info][gc,heap        ] GC(442) Humongous regions: 11->11
[258.666s][info][gc,metaspace   ] GC(442) Metaspace: 44154K(45312K)->44154K(45312K) NonClass: 38915K(39680K)->38915K(39680K) Class: 5239K(5632K)->5239K(5632K)
[258.666s][info][gc             ] GC(442) Pause Young (Normal) (G1 Evacuation Pause) 498M->477M(512M) 2.711ms
[258.666s][info][gc,cpu         ] GC(442) User=0.02s Sys=0.00s Real=0.01s
[258.770s][info][gc,start       ] GC(443) Pause Young (Normal) (G1 Evacuation Pause)
[258.770s][info][gc,task        ] GC(443) Using 8 workers of 8 for evacuation
[258.772s][info][gc,phases      ] GC(443)   Pre Evacuate Collection Set: 0.1ms
[258.773s][info][gc,phases      ] GC(443)   Merge Heap Roots: 0.1ms
[258.773s][info][gc,phases      ] GC(443)   Evacuate Collection Set: 2.4ms
[258.773s][info][gc,phases      ] GC(443)   Post Evacuate Collection Set: 0.2ms
[258.773s][info][gc,phases      ] GC(443)   Other: 0.1ms
[258.773s][info][gc,heap        ] GC(443) Eden regions: 22->0(22)
[258.773s][info][gc,heap        ] GC(443) Survivor regions: 3->3(4)
[258.773s][info][gc,heap        ] GC(443) Old regions: 467->468
[258.773s][info][gc,heap        ] GC(443) Archive regions: 2->2
[258.773s][info][gc,heap        ] GC(443) Humongous regions: 11->11
[258.773s][info][gc,metaspace   ] GC(443) Metaspace: 44154K(45312K)->44154K(45312K) NonClass: 38915K(39680K)->38915K(39680K) Class: 5239K(5632K)->5239K(5632K)
[258.773s][info][gc             ] GC(443) Pause Young (Normal) (G1 Evacuation Pause) 499M->477M(512M) 2.981ms
[258.773s][info][gc,cpu         ] GC(443) User=0.01s Sys=0.00s Real=0.00s
[258.873s][info][gc,marking     ] GC(432) Concurrent Rebuild Remembered Sets 488.069ms
[258.873s][info][gc,start       ] GC(432) Pause Cleanup
[258.874s][info][gc             ] GC(432) Pause Cleanup 499M->499M(512M) 0.241ms
[258.874s][info][gc,cpu         ] GC(432) User=0.00s Sys=0.00s Real=0.00s
[258.874s][info][gc,marking     ] GC(432) Concurrent Cleanup for Next Mark
[258.874s][info][gc,marking     ] GC(432) Concurrent Cleanup for Next Mark 0.817ms
[258.874s][info][gc             ] GC(432) Concurrent Cycle 1361.254ms
[258.876s][info][gc,start       ] GC(444) Pause Young (Normal) (G1 Evacuation Pause)
[258.876s][info][gc,task        ] GC(444) Using 8 workers of 8 for evacuation
[258.878s][info][gc,phases      ] GC(444)   Pre Evacuate Collection Set: 0.1ms
[258.878s][info][gc,phases      ] GC(444)   Merge Heap Roots: 0.1ms
[258.879s][info][gc,phases      ] GC(444)   Evacuate Collection Set: 2.3ms
[258.879s][info][gc,phases      ] GC(444)   Post Evacuate Collection Set: 0.2ms
[258.879s][info][gc,phases      ] GC(444)   Other: 0.1ms
[258.879s][info][gc,heap        ] GC(444) Eden regions: 22->0(22)
[258.879s][info][gc,heap        ] GC(444) Survivor regions: 3->3(4)
[258.879s][info][gc,heap        ] GC(444) Old regions: 468->468
[258.879s][info][gc,heap        ] GC(444) Archive regions: 2->2
[258.879s][info][gc,heap        ] GC(444) Humongous regions: 11->11
[258.879s][info][gc,metaspace   ] GC(444) Metaspace: 44155K(45312K)->44155K(45312K) NonClass: 38916K(39680K)->38916K(39680K) Class: 5239K(5632K)->5239K(5632K)
[258.879s][info][gc             ] GC(444) Pause Young (Normal) (G1 Evacuation Pause) 499M->478M(512M) 2.796ms
[258.879s][info][gc,cpu         ] GC(444) User=0.02s Sys=0.00s Real=0.00s
[258.972s][info][gc,start       ] GC(445) Pause Young (Concurrent Start) (G1 Evacuation Pause)
[258.972s][info][gc,task        ] GC(445) Using 8 workers of 8 for evacuation
[258.975s][info][gc,phases      ] GC(445)   Pre Evacuate Collection Set: 0.1ms
[258.975s][info][gc,phases      ] GC(445)   Merge Heap Roots: 0.0ms
[258.975s][info][gc,phases      ] GC(445)   Evacuate Collection Set: 1.9ms
[258.975s][info][gc,phases      ] GC(445)   Post Evacuate Collection Set: 0.3ms
[258.975s][info][gc,phases      ] GC(445)   Other: 0.2ms
[258.975s][info][gc,heap        ] GC(445) Eden regions: 22->0(22)
[258.975s][info][gc,heap        ] GC(445) Survivor regions: 3->3(4)
[258.975s][info][gc,heap        ] GC(445) Old regions: 468->469
[258.975s][info][gc,heap        ] GC(445) Archive regions: 2->2
[258.975s][info][gc,heap        ] GC(445) Humongous regions: 11->11
[258.975s][info][gc,metaspace   ] GC(445) Metaspace: 44156K(45312K)->44156K(45312K) NonClass: 38916K(39680K)->38916K(39680K) Class: 5239K(5632K)->5239K(5632K)
[258.975s][info][gc             ] GC(445) Pause Young (Concurrent Start) (G1 Evacuation Pause) 500M->478M(512M) 2.585ms
[258.975s][info][gc,cpu         ] GC(445) User=0.01s Sys=0.00s Real=0.00s
[258.975s][info][gc             ] GC(446) Concurrent Cycle
[258.975s][info][gc,marking     ] GC(446) Concurrent Clear Claimed Marks
[258.975s][info][gc,marking     ] GC(446) Concurrent Clear Claimed Marks 0.042ms
[258.975s][info][gc,marking     ] GC(446) Concurrent Scan Root Regions
[258.977s][info][gc,marking     ] GC(446) Concurrent Scan Root Regions 2.509ms
[258.978s][info][gc,marking     ] GC(446) Concurrent Mark (258.978s)
[258.978s][info][gc,marking     ] GC(446) Concurrent Mark From Roots
[258.978s][info][gc,task        ] GC(446) Using 2 workers of 2 for marking
[259.093s][info][gc,start       ] GC(447) Pause Young (Normal) (G1 Evacuation Pause)
[259.093s][info][gc,task        ] GC(447) Using 8 workers of 8 for evacuation
[259.095s][info][gc,phases      ] GC(447)   Pre Evacuate Collection Set: 0.1ms
[259.095s][info][gc,phases      ] GC(447)   Merge Heap Roots: 0.0ms
[259.095s][info][gc,phases      ] GC(447)   Evacuate Collection Set: 2.0ms
[259.095s][info][gc,phases      ] GC(447)   Post Evacuate Collection Set: 0.2ms
[259.095s][info][gc,phases      ] GC(447)   Other: 0.2ms
[259.095s][info][gc,heap        ] GC(447) Eden regions: 22->0(22)
[259.095s][info][gc,heap        ] GC(447) Survivor regions: 3->3(4)
[259.095s][info][gc,heap        ] GC(447) Old regions: 469->470
[259.095s][info][gc,heap        ] GC(447) Archive regions: 2->2
[259.095s][info][gc,heap        ] GC(447) Humongous regions: 11->11
[259.095s][info][gc,metaspace   ] GC(447) Metaspace: 44156K(45312K)->44156K(45312K) NonClass: 38916K(39680K)->38916K(39680K) Class: 5239K(5632K)->5239K(5632K)
[259.095s][info][gc             ] GC(447) Pause Young (Normal) (G1 Evacuation Pause) 500M->479M(512M) 2.592ms
[259.095s][info][gc,cpu         ] GC(447) User=0.02s Sys=0.00s Real=0.01s
[259.203s][info][gc,start       ] GC(448) Pause Young (Normal) (G1 Evacuation Pause)
[259.203s][info][gc,task        ] GC(448) Using 8 workers of 8 for evacuation
[259.206s][info][gc,phases      ] GC(448)   Pre Evacuate Collection Set: 0.1ms
[259.206s][info][gc,phases      ] GC(448)   Merge Heap Roots: 0.0ms
[259.206s][info][gc,phases      ] GC(448)   Evacuate Collection Set: 2.0ms
[259.206s][info][gc,phases      ] GC(448)   Post Evacuate Collection Set: 0.2ms
[259.206s][info][gc,phases      ] GC(448)   Other: 0.2ms
[259.206s][info][gc,heap        ] GC(448) Eden regions: 22->0(22)
[259.206s][info][gc,heap        ] GC(448) Survivor regions: 3->3(4)
[259.206s][info][gc,heap        ] GC(448) Old regions: 470->470
[259.206s][info][gc,heap        ] GC(448) Archive regions: 2->2
[259.206s][info][gc,heap        ] GC(448) Humongous regions: 11->11
[259.206s][info][gc,metaspace   ] GC(448) Metaspace: 44156K(45312K)->44156K(45312K) NonClass: 38916K(39680K)->38916K(39680K) Class: 5239K(5632K)->5239K(5632K)
[259.206s][info][gc             ] GC(448) Pause Young (Normal) (G1 Evacuation Pause) 501M->480M(512M) 2.594ms
[259.206s][info][gc,cpu         ] GC(448) User=0.01s Sys=0.00s Real=0.01s
[259.315s][info][gc,start       ] GC(449) Pause Young (Normal) (G1 Evacuation Pause)
[259.315s][info][gc,task        ] GC(449) Using 8 workers of 8 for evacuation
[259.317s][info][gc,phases      ] GC(449)   Pre Evacuate Collection Set: 0.1ms
[259.317s][info][gc,phases      ] GC(449)   Merge Heap Roots: 0.0ms
[259.317s][info][gc,phases      ] GC(449)   Evacuate Collection Set: 1.7ms
[259.317s][info][gc,phases      ] GC(449)   Post Evacuate Collection Set: 0.2ms
[259.317s][info][gc,phases      ] GC(449)   Other: 0.1ms
[259.317s][info][gc,heap        ] GC(449) Eden regions: 22->0(22)
[259.317s][info][gc,heap        ] GC(449) Survivor regions: 3->3(4)
[259.317s][info][gc,heap        ] GC(449) Old regions: 470->471
[259.317s][info][gc,heap        ] GC(449) Archive regions: 2->2
[259.317s][info][gc,heap        ] GC(449) Humongous regions: 11->11
[259.317s][info][gc,metaspace   ] GC(449) Metaspace: 44156K(45312K)->44156K(45312K) NonClass: 38917K(39680K)->38917K(39680K) Class: 5239K(5632K)->5239K(5632K)
[259.317s][info][gc             ] GC(449) Pause Young (Normal) (G1 Evacuation Pause) 502M->480M(512M) 2.287ms
[259.317s][info][gc,cpu         ] GC(449) User=0.01s Sys=0.00s Real=0.01s
[259.429s][info][gc,start       ] GC(450) Pause Young (Normal) (G1 Evacuation Pause)
[259.429s][info][gc,task        ] GC(450) Using 8 workers of 8 for evacuation
[259.431s][info][gc,phases      ] GC(450)   Pre Evacuate Collection Set: 0.1ms
[259.431s][info][gc,phases      ] GC(450)   Merge Heap Roots: 0.0ms
[259.431s][info][gc,phases      ] GC(450)   Evacuate Collection Set: 1.7ms
[259.431s][info][gc,phases      ] GC(450)   Post Evacuate Collection Set: 0.2ms
[259.431s][info][gc,phases      ] GC(450)   Other: 0.1ms
[259.431s][info][gc,heap        ] GC(450) Eden regions: 22->0(22)
[259.431s][info][gc,heap        ] GC(450) Survivor regions: 3->3(3)
[259.431s][info][gc,heap        ] GC(450) Old regions: 471->471
[259.431s][info][gc,heap        ] GC(450) Archive regions: 2->2
[259.431s][info][gc,heap        ] GC(450) Humongous regions: 11->11
[259.431s][info][gc,metaspace   ] GC(450) Metaspace: 44156K(45312K)->44156K(45312K) NonClass: 38917K(39680K)->38917K(39680K) Class: 5239K(5632K)->5239K(5632K)
[259.431s][info][gc             ] GC(450) Pause Young (Normal) (G1 Evacuation Pause) 502M->481M(512M) 2.252ms
[259.431s][info][gc,cpu         ] GC(450) User=0.01s Sys=0.00s Real=0.00s
[259.558s][info][gc,start       ] GC(451) Pause Young (Normal) (G1 Evacuation Pause)
[259.558s][info][gc,task        ] GC(451) Using 8 workers of 8 for evacuation
[259.560s][info][gc,phases      ] GC(451)   Pre Evacuate Collection Set: 0.1ms
[259.560s][info][gc,phases      ] GC(451)   Merge Heap Roots: 0.0ms
[259.560s][info][gc,phases      ] GC(451)   Evacuate Collection Set: 2.0ms
[259.560s][info][gc,phases      ] GC(451)   Post Evacuate Collection Set: 0.3ms
[259.560s][info][gc,phases      ] GC(451)   Other: 0.2ms
[259.560s][info][gc,heap        ] GC(451) Eden regions: 22->0(23)
[259.560s][info][gc,heap        ] GC(451) Survivor regions: 3->2(3)
[259.560s][info][gc,heap        ] GC(451) Old regions: 471->472
[259.560s][info][gc,heap        ] GC(451) Archive regions: 2->2
[259.560s][info][gc,heap        ] GC(451) Humongous regions: 11->11
[259.560s][info][gc,metaspace   ] GC(451) Metaspace: 44156K(45312K)->44156K(45312K) NonClass: 38917K(39680K)->38917K(39680K) Class: 5239K(5632K)->5239K(5632K)
[259.560s][info][gc             ] GC(451) Pause Young (Normal) (G1 Evacuation Pause) 503M->481M(512M) 2.659ms
[259.560s][info][gc,cpu         ] GC(451) User=0.02s Sys=0.00s Real=0.00s
[259.701s][info][gc,start       ] GC(452) Pause Young (Normal) (G1 Evacuation Pause)
[259.701s][info][gc,task        ] GC(452) Using 8 workers of 8 for evacuation
[259.704s][info][gc             ] GC(452) To-space exhausted
[259.704s][info][gc,phases      ] GC(452)   Pre Evacuate Collection Set: 0.1ms
[259.704s][info][gc,phases      ] GC(452)   Merge Heap Roots: 0.0ms
[259.704s][info][gc,phases      ] GC(452)   Evacuate Collection Set: 2.0ms
[259.704s][info][gc,phases      ] GC(452)   Post Evacuate Collection Set: 0.6ms
[259.704s][info][gc,phases      ] GC(452)   Other: 0.2ms
[259.704s][info][gc,heap        ] GC(452) Eden regions: 23->0(23)
[259.704s][info][gc,heap        ] GC(452) Survivor regions: 2->2(2)
[259.704s][info][gc,heap        ] GC(452) Old regions: 472->474
[259.704s][info][gc,heap        ] GC(452) Archive regions: 2->2
[259.704s][info][gc,heap        ] GC(452) Humongous regions: 11->11
[259.704s][info][gc,metaspace   ] GC(452) Metaspace: 44156K(45312K)->44156K(45312K) NonClass: 38917K(39680K)->38917K(39680K) Class: 5239K(5632K)->5239K(5632K)
[259.704s][info][gc             ] GC(452) Pause Young (Normal) (G1 Evacuation Pause) 504M->484M(512M) 2.913ms
[259.704s][info][gc,cpu         ] GC(452) User=0.01s Sys=0.00s Real=0.00s
[259.839s][info][gc,start       ] GC(453) Pause Young (Normal) (G1 Evacuation Pause)
[259.839s][info][gc,task        ] GC(453) Using 8 workers of 8 for evacuation
[259.844s][info][gc             ] GC(453) To-space exhausted
[259.844s][info][gc,phases      ] GC(453)   Pre Evacuate Collection Set: 0.1ms
[259.844s][info][gc,phases      ] GC(453)   Merge Heap Roots: 0.0ms
[259.844s][info][gc,phases      ] GC(453)   Evacuate Collection Set: 2.0ms
[259.844s][info][gc,phases      ] GC(453)   Post Evacuate Collection Set: 3.4ms
[259.845s][info][gc,phases      ] GC(453)   Other: 0.3ms
[259.845s][info][gc,heap        ] GC(453) Eden regions: 23->0(25)
[259.845s][info][gc,heap        ] GC(453) Survivor regions: 2->0(0)
[259.845s][info][gc,heap        ] GC(453) Old regions: 474->499
[259.845s][info][gc,heap        ] GC(453) Archive regions: 2->2
[259.845s][info][gc,heap        ] GC(453) Humongous regions: 11->11
[259.845s][info][gc,metaspace   ] GC(453) Metaspace: 44156K(45312K)->44156K(45312K) NonClass: 38917K(39680K)->38917K(39680K) Class: 5239K(5632K)->5239K(5632K)
[259.845s][info][gc             ] GC(453) Pause Young (Normal) (G1 Evacuation Pause) 507M->507M(512M) 5.898ms
[259.845s][info][gc,cpu         ] GC(453) User=0.03s Sys=0.00s Real=0.00s
[259.845s][info][gc,ergo        ] Attempting maximally compacting collection
[259.845s][info][gc,task        ] GC(454) Using 8 workers of 8 for full compaction
[259.845s][info][gc,start       ] GC(454) Pause Full (G1 Evacuation Pause)
[259.846s][info][gc,phases,start] GC(454) Phase 1: Mark live objects
[260.077s][info][gc,phases      ] GC(454) Phase 1: Mark live objects 231.838ms
[260.077s][info][gc,phases,start] GC(454) Phase 2: Prepare for compaction
[260.118s][info][gc,phases      ] GC(454) Phase 2: Prepare for compaction 40.931ms
[260.118s][info][gc,phases,start] GC(454) Phase 3: Adjust pointers
[260.215s][info][gc,phases      ] GC(454) Phase 3: Adjust pointers 96.243ms
[260.215s][info][gc,phases,start] GC(454) Phase 4: Compact heap
[260.262s][info][gc,phases      ] GC(454) Phase 4: Compact heap 47.133ms
[260.266s][info][gc,heap        ] GC(454) Eden regions: 0->0(25)
[260.266s][info][gc,heap        ] GC(454) Survivor regions: 0->0(0)
[260.266s][info][gc,heap        ] GC(454) Old regions: 499->473
[260.266s][info][gc,heap        ] GC(454) Archive regions: 2->2
[260.266s][info][gc,heap        ] GC(454) Humongous regions: 11->11
[260.266s][info][gc,metaspace   ] GC(454) Metaspace: 44156K(45312K)->44023K(45312K) NonClass: 38917K(39680K)->38802K(39680K) Class: 5239K(5632K)->5220K(5632K)
[260.266s][info][gc             ] GC(454) Pause Full (G1 Evacuation Pause) 507M->480M(512M) 421.560ms
[260.267s][info][gc,cpu         ] GC(454) User=2.65s Sys=0.03s Real=0.43s
[260.268s][info][gc,marking     ] GC(446) Concurrent Mark From Roots 1290.098ms
[260.268s][info][gc,marking     ] GC(446) Concurrent Mark Abort
[260.268s][info][gc             ] GC(446) Concurrent Cycle 1292.762ms
[260.407s][info][gc,start       ] GC(455) Pause Young (Normal) (G1 Evacuation Pause)
[260.407s][info][gc,task        ] GC(455) Using 8 workers of 8 for evacuation
[260.409s][info][gc,phases      ] GC(455)   Pre Evacuate Collection Set: 0.1ms
[260.409s][info][gc,phases      ] GC(455)   Merge Heap Roots: 0.0ms
[260.409s][info][gc,phases      ] GC(455)   Evacuate Collection Set: 0.8ms
[260.409s][info][gc,phases      ] GC(455)   Post Evacuate Collection Set: 0.4ms
[260.409s][info][gc,phases      ] GC(455)   Other: 0.1ms
[260.409s][info][gc,heap        ] GC(455) Eden regions: 25->0(24)
[260.409s][info][gc,heap        ] GC(455) Survivor regions: 0->1(1)
[260.409s][info][gc,heap        ] GC(455) Old regions: 473->473
[260.409s][info][gc,heap        ] GC(455) Archive regions: 2->2
[260.409s][info][gc,heap        ] GC(455) Humongous regions: 11->11
[260.409s][info][gc,metaspace   ] GC(455) Metaspace: 44184K(45312K)->44184K(45312K) NonClass: 38947K(39680K)->38947K(39680K) Class: 5237K(5632K)->5237K(5632K)
[260.409s][info][gc             ] GC(455) Pause Young (Normal) (G1 Evacuation Pause) 505M->481M(512M) 1.535ms
[260.409s][info][gc,cpu         ] GC(455) User=0.01s Sys=0.00s Real=0.00s
[260.511s][info][gc,start       ] GC(456) Pause Young (Concurrent Start) (G1 Evacuation Pause)
[260.511s][info][gc,task        ] GC(456) Using 8 workers of 8 for evacuation
[260.515s][info][gc             ] GC(456) To-space exhausted
[260.515s][info][gc,phases      ] GC(456)   Pre Evacuate Collection Set: 0.1ms
[260.515s][info][gc,phases      ] GC(456)   Merge Heap Roots: 0.0ms
[260.515s][info][gc,phases      ] GC(456)   Evacuate Collection Set: 1.4ms
[260.515s][info][gc,phases      ] GC(456)   Post Evacuate Collection Set: 2.3ms
[260.515s][info][gc,phases      ] GC(456)   Other: 0.2ms
[260.515s][info][gc,heap        ] GC(456) Eden regions: 24->0(24)
[260.515s][info][gc,heap        ] GC(456) Survivor regions: 1->1(1)
[260.515s][info][gc,heap        ] GC(456) Old regions: 473->491
[260.515s][info][gc,heap        ] GC(456) Archive regions: 2->2
[260.515s][info][gc,heap        ] GC(456) Humongous regions: 11->11
[260.515s][info][gc,metaspace   ] GC(456) Metaspace: 44184K(45312K)->44184K(45312K) NonClass: 38947K(39680K)->38947K(39680K) Class: 5237K(5632K)->5237K(5632K)
[260.515s][info][gc             ] GC(456) Pause Young (Concurrent Start) (G1 Evacuation Pause) 505M->499M(512M) 4.080ms
[260.515s][info][gc,cpu         ] GC(456) User=0.02s Sys=0.00s Real=0.00s
[260.515s][info][gc             ] GC(457) Concurrent Cycle
[260.515s][info][gc,marking     ] GC(457) Concurrent Clear Claimed Marks
[260.515s][info][gc,marking     ] GC(457) Concurrent Clear Claimed Marks 0.036ms
[260.515s][info][gc,marking     ] GC(457) Concurrent Scan Root Regions
[260.517s][info][gc,marking     ] GC(457) Concurrent Scan Root Regions 1.971ms
[260.517s][info][gc,marking     ] GC(457) Concurrent Mark (260.517s)
[260.517s][info][gc,marking     ] GC(457) Concurrent Mark From Roots
[260.517s][info][gc,task        ] GC(457) Using 2 workers of 2 for marking
[260.551s][info][gc,start       ] GC(458) Pause Young (Normal) (G1 Evacuation Pause)
[260.551s][info][gc,task        ] GC(458) Using 8 workers of 8 for evacuation
[260.554s][info][gc             ] GC(458) To-space exhausted
[260.554s][info][gc,phases      ] GC(458)   Pre Evacuate Collection Set: 0.1ms
[260.554s][info][gc,phases      ] GC(458)   Merge Heap Roots: 0.1ms
[260.554s][info][gc,phases      ] GC(458)   Evacuate Collection Set: 1.2ms
[260.554s][info][gc,phases      ] GC(458)   Post Evacuate Collection Set: 1.4ms
[260.554s][info][gc,phases      ] GC(458)   Other: 0.1ms
[260.554s][info][gc,heap        ] GC(458) Eden regions: 7->0(25)
[260.554s][info][gc,heap        ] GC(458) Survivor regions: 1->0(0)
[260.554s][info][gc,heap        ] GC(458) Old regions: 491->499
[260.554s][info][gc,heap        ] GC(458) Archive regions: 2->2
[260.554s][info][gc,heap        ] GC(458) Humongous regions: 11->11
[260.554s][info][gc,metaspace   ] GC(458) Metaspace: 44188K(45312K)->44188K(45312K) NonClass: 38951K(39680K)->38951K(39680K) Class: 5237K(5632K)->5237K(5632K)
[260.554s][info][gc             ] GC(458) Pause Young (Normal) (G1 Evacuation Pause) 506M->506M(512M) 2.899ms
[260.554s][info][gc,cpu         ] GC(458) User=0.01s Sys=0.00s Real=0.00s
[260.554s][info][gc,ergo        ] Attempting maximally compacting collection
[260.554s][info][gc,task        ] GC(459) Using 8 workers of 8 for full compaction
[260.554s][info][gc,start       ] GC(459) Pause Full (G1 Evacuation Pause)
[260.554s][info][gc,phases,start] GC(459) Phase 1: Mark live objects
[260.769s][info][gc,phases      ] GC(459) Phase 1: Mark live objects 214.262ms
[260.769s][info][gc,phases,start] GC(459) Phase 2: Prepare for compaction
[260.804s][info][gc,phases      ] GC(459) Phase 2: Prepare for compaction 35.499ms
[260.804s][info][gc,phases,start] GC(459) Phase 3: Adjust pointers
[260.891s][info][gc,phases      ] GC(459) Phase 3: Adjust pointers 86.687ms
[260.891s][info][gc,phases,start] GC(459) Phase 4: Compact heap
[260.938s][info][gc,phases      ] GC(459) Phase 4: Compact heap 47.325ms
[260.944s][info][gc,heap        ] GC(459) Eden regions: 0->0(25)
[260.944s][info][gc,heap        ] GC(459) Survivor regions: 0->0(0)
[260.944s][info][gc,heap        ] GC(459) Old regions: 499->476
[260.944s][info][gc,heap        ] GC(459) Archive regions: 2->2
[260.944s][info][gc,heap        ] GC(459) Humongous regions: 11->11
[260.944s][info][gc,metaspace   ] GC(459) Metaspace: 44188K(45312K)->44070K(45312K) NonClass: 38951K(39680K)->38849K(39680K) Class: 5237K(5632K)->5220K(5632K)
[260.944s][info][gc             ] GC(459) Pause Full (G1 Evacuation Pause) 506M->482M(512M) 390.159ms
[260.946s][info][gc,cpu         ] GC(459) User=2.59s Sys=0.02s Real=0.40s
[260.946s][info][gc,marking     ] GC(457) Concurrent Mark From Roots 428.480ms
[260.946s][info][gc,marking     ] GC(457) Concurrent Mark Abort
[260.946s][info][gc             ] GC(457) Concurrent Cycle 430.606ms
[261.128s][info][gc,start       ] GC(460) Pause Young (Normal) (G1 Evacuation Pause)
[261.128s][info][gc,task        ] GC(460) Using 8 workers of 8 for evacuation
[261.135s][info][gc             ] GC(460) To-space exhausted
[261.135s][info][gc,phases      ] GC(460)   Pre Evacuate Collection Set: 0.1ms
[261.135s][info][gc,phases      ] GC(460)   Merge Heap Roots: 0.1ms
[261.135s][info][gc,phases      ] GC(460)   Evacuate Collection Set: 1.4ms
[261.135s][info][gc,phases      ] GC(460)   Post Evacuate Collection Set: 6.1ms
[261.136s][info][gc,phases      ] GC(460)   Other: 0.2ms
[261.136s][info][gc,heap        ] GC(460) Eden regions: 23->0(25)
[261.136s][info][gc,heap        ] GC(460) Survivor regions: 0->0(0)
[261.136s][info][gc,heap        ] GC(460) Old regions: 476->499
[261.136s][info][gc,heap        ] GC(460) Archive regions: 2->2
[261.136s][info][gc,heap        ] GC(460) Humongous regions: 11->11
[261.136s][info][gc,metaspace   ] GC(460) Metaspace: 44165K(45312K)->44165K(45312K) NonClass: 38931K(39680K)->38931K(39680K) Class: 5233K(5632K)->5233K(5632K)
[261.136s][info][gc             ] GC(460) Pause Young (Normal) (G1 Evacuation Pause) 505M->505M(512M) 7.964ms
[261.136s][info][gc,cpu         ] GC(460) User=0.02s Sys=0.00s Real=0.01s
[261.136s][info][gc,ergo        ] Attempting maximally compacting collection
[261.136s][info][gc,task        ] GC(461) Using 8 workers of 8 for full compaction
[261.136s][info][gc,start       ] GC(461) Pause Full (G1 Evacuation Pause)
[261.136s][info][gc,phases,start] GC(461) Phase 1: Mark live objects
[261.376s][info][gc,phases      ] GC(461) Phase 1: Mark live objects 240.385ms
[261.376s][info][gc,phases,start] GC(461) Phase 2: Prepare for compaction
[261.408s][info][gc,phases      ] GC(461) Phase 2: Prepare for compaction 31.748ms
[261.408s][info][gc,phases,start] GC(461) Phase 3: Adjust pointers
[261.489s][info][gc,phases      ] GC(461) Phase 3: Adjust pointers 81.079ms
[261.489s][info][gc,phases,start] GC(461) Phase 4: Compact heap
[261.526s][info][gc,phases      ] GC(461) Phase 4: Compact heap 36.673ms
[261.531s][info][gc,heap        ] GC(461) Eden regions: 0->0(25)
[261.531s][info][gc,heap        ] GC(461) Survivor regions: 0->0(0)
[261.531s][info][gc,heap        ] GC(461) Old regions: 499->475
[261.531s][info][gc,heap        ] GC(461) Archive regions: 2->2
[261.531s][info][gc,heap        ] GC(461) Humongous regions: 11->11
[261.531s][info][gc,metaspace   ] GC(461) Metaspace: 44165K(45312K)->44072K(45312K) NonClass: 38931K(39680K)->38851K(39680K) Class: 5233K(5632K)->5220K(5632K)
[261.531s][info][gc             ] GC(461) Pause Full (G1 Evacuation Pause) 505M->482M(512M) 395.660ms
[261.532s][info][gc,cpu         ] GC(461) User=2.55s Sys=0.02s Real=0.39s
[261.626s][info][gc,start       ] GC(462) Pause Young (Concurrent Start) (G1 Evacuation Pause)
[261.626s][info][gc,task        ] GC(462) Using 8 workers of 8 for evacuation
[261.630s][info][gc             ] GC(462) To-space exhausted
[261.630s][info][gc,phases      ] GC(462)   Pre Evacuate Collection Set: 0.1ms
[261.630s][info][gc,phases      ] GC(462)   Merge Heap Roots: 0.0ms
[261.630s][info][gc,phases      ] GC(462)   Evacuate Collection Set: 1.1ms
[261.630s][info][gc,phases      ] GC(462)   Post Evacuate Collection Set: 3.3ms
[261.630s][info][gc,phases      ] GC(462)   Other: 0.2ms
[261.630s][info][gc,heap        ] GC(462) Eden regions: 24->0(25)
[261.630s][info][gc,heap        ] GC(462) Survivor regions: 0->0(0)
[261.630s][info][gc,heap        ] GC(462) Old regions: 475->499
[261.630s][info][gc,heap        ] GC(462) Archive regions: 2->2
[261.630s][info][gc,heap        ] GC(462) Humongous regions: 11->11
[261.630s][info][gc,metaspace   ] GC(462) Metaspace: 44192K(45312K)->44192K(45312K) NonClass: 38956K(39680K)->38956K(39680K) Class: 5236K(5632K)->5236K(5632K)
[261.630s][info][gc             ] GC(462) Pause Young (Concurrent Start) (G1 Evacuation Pause) 506M->506M(512M) 4.773ms
[261.630s][info][gc,cpu         ] GC(462) User=0.02s Sys=0.00s Real=0.00s
[261.630s][info][gc,ergo        ] Attempting maximally compacting collection
[261.630s][info][gc             ] GC(463) Concurrent Cycle
[261.630s][info][gc,task        ] GC(464) Using 8 workers of 8 for full compaction
[261.630s][info][gc,marking     ] GC(463) Concurrent Clear Claimed Marks
[261.631s][info][gc,start       ] GC(464) Pause Full (G1 Evacuation Pause)
[261.631s][info][gc,marking     ] GC(463) Concurrent Clear Claimed Marks 0.041ms
[261.631s][info][gc,marking     ] GC(463) Concurrent Scan Root Regions
[261.631s][info][gc,marking     ] GC(463) Concurrent Scan Root Regions 0.005ms
[261.631s][info][gc,marking     ] GC(463) Concurrent Mark (261.631s)
[261.631s][info][gc,marking     ] GC(463) Concurrent Mark From Roots
[261.631s][info][gc,task        ] GC(463) Using 2 workers of 2 for marking
[261.631s][info][gc,phases,start] GC(464) Phase 1: Mark live objects
[261.868s][info][gc,phases      ] GC(464) Phase 1: Mark live objects 237.158ms
[261.868s][info][gc,phases,start] GC(464) Phase 2: Prepare for compaction
[261.901s][info][gc,phases      ] GC(464) Phase 2: Prepare for compaction 32.709ms
[261.901s][info][gc,phases,start] GC(464) Phase 3: Adjust pointers
[261.974s][info][gc,phases      ] GC(464) Phase 3: Adjust pointers 73.059ms
[261.974s][info][gc,phases,start] GC(464) Phase 4: Compact heap
[262.006s][info][gc,phases      ] GC(464) Phase 4: Compact heap 31.584ms
[262.010s][info][gc,heap        ] GC(464) Eden regions: 0->0(25)
[262.010s][info][gc,heap        ] GC(464) Survivor regions: 0->0(0)
[262.010s][info][gc,heap        ] GC(464) Old regions: 499->477
[262.010s][info][gc,heap        ] GC(464) Archive regions: 2->2
[262.010s][info][gc,heap        ] GC(464) Humongous regions: 11->11
[262.010s][info][gc,metaspace   ] GC(464) Metaspace: 44192K(45312K)->44128K(45312K) NonClass: 38956K(39680K)->38900K(39680K) Class: 5236K(5632K)->5227K(5632K)
[262.010s][info][gc             ] GC(464) Pause Full (G1 Evacuation Pause) 506M->483M(512M) 379.784ms
[262.011s][info][gc,cpu         ] GC(464) User=2.44s Sys=0.02s Real=0.38s
[262.012s][info][gc,marking     ] GC(463) Concurrent Mark From Roots 381.100ms
[262.012s][info][gc,marking     ] GC(463) Concurrent Mark Abort
[262.012s][info][gc             ] GC(463) Concurrent Cycle 381.228ms
[262.089s][info][gc,start       ] GC(465) Pause Young (Normal) (G1 Evacuation Pause)
[262.089s][info][gc,task        ] GC(465) Using 8 workers of 8 for evacuation
[262.092s][info][gc             ] GC(465) To-space exhausted
[262.092s][info][gc,phases      ] GC(465)   Pre Evacuate Collection Set: 0.1ms
[262.092s][info][gc,phases      ] GC(465)   Merge Heap Roots: 0.0ms
[262.092s][info][gc,phases      ] GC(465)   Evacuate Collection Set: 0.8ms
[262.092s][info][gc,phases      ] GC(465)   Post Evacuate Collection Set: 2.2ms
[262.092s][info][gc,phases      ] GC(465)   Other: 0.1ms
[262.092s][info][gc,heap        ] GC(465) Eden regions: 22->0(25)
[262.092s][info][gc,heap        ] GC(465) Survivor regions: 0->0(0)
[262.092s][info][gc,heap        ] GC(465) Old regions: 477->499
[262.092s][info][gc,heap        ] GC(465) Archive regions: 2->2
[262.092s][info][gc,heap        ] GC(465) Humongous regions: 11->11
[262.092s][info][gc,metaspace   ] GC(465) Metaspace: 44180K(45312K)->44180K(45312K) NonClass: 38946K(39680K)->38946K(39680K) Class: 5234K(5632K)->5234K(5632K)
[262.092s][info][gc             ] GC(465) Pause Young (Normal) (G1 Evacuation Pause) 505M->505M(512M) 3.293ms
[262.092s][info][gc,cpu         ] GC(465) User=0.02s Sys=0.00s Real=0.00s
[262.092s][info][gc,ergo        ] Attempting maximally compacting collection
[262.092s][info][gc,task        ] GC(466) Using 8 workers of 8 for full compaction
[262.092s][info][gc,start       ] GC(466) Pause Full (G1 Evacuation Pause)
[262.092s][info][gc,phases,start] GC(466) Phase 1: Mark live objects
[262.310s][info][gc,phases      ] GC(466) Phase 1: Mark live objects 218.242ms
[262.310s][info][gc,phases,start] GC(466) Phase 2: Prepare for compaction
[262.342s][info][gc,phases      ] GC(466) Phase 2: Prepare for compaction 31.679ms
[262.342s][info][gc,phases,start] GC(466) Phase 3: Adjust pointers
[262.424s][info][gc,phases      ] GC(466) Phase 3: Adjust pointers 82.037ms
[262.424s][info][gc,phases,start] GC(466) Phase 4: Compact heap
[262.458s][info][gc,phases      ] GC(466) Phase 4: Compact heap 34.182ms
[262.463s][info][gc,heap        ] GC(466) Eden regions: 0->0(25)
[262.463s][info][gc,heap        ] GC(466) Survivor regions: 0->0(0)
[262.463s][info][gc,heap        ] GC(466) Old regions: 499->478
[262.463s][info][gc,heap        ] GC(466) Archive regions: 2->2
[262.463s][info][gc,heap        ] GC(466) Humongous regions: 11->11
[262.463s][info][gc,metaspace   ] GC(466) Metaspace: 44180K(45312K)->44083K(45312K) NonClass: 38946K(39680K)->38862K(39680K) Class: 5234K(5632K)->5220K(5632K)
[262.463s][info][gc             ] GC(466) Pause Full (G1 Evacuation Pause) 505M->484M(512M) 370.530ms
[262.464s][info][gc,cpu         ] GC(466) User=2.53s Sys=0.03s Real=0.37s
[262.568s][info][gc,start       ] GC(467) Pause Young (Concurrent Start) (G1 Evacuation Pause)
[262.568s][info][gc,task        ] GC(467) Using 8 workers of 8 for evacuation
[262.571s][info][gc             ] GC(467) To-space exhausted
[262.571s][info][gc,phases      ] GC(467)   Pre Evacuate Collection Set: 0.1ms
[262.571s][info][gc,phases      ] GC(467)   Merge Heap Roots: 0.0ms
[262.571s][info][gc,phases      ] GC(467)   Evacuate Collection Set: 0.7ms
[262.571s][info][gc,phases      ] GC(467)   Post Evacuate Collection Set: 2.1ms
[262.571s][info][gc,phases      ] GC(467)   Other: 0.2ms
[262.571s][info][gc,heap        ] GC(467) Eden regions: 21->0(25)
[262.571s][info][gc,heap        ] GC(467) Survivor regions: 0->0(0)
[262.571s][info][gc,heap        ] GC(467) Old regions: 478->499
[262.571s][info][gc,heap        ] GC(467) Archive regions: 2->2
[262.571s][info][gc,heap        ] GC(467) Humongous regions: 11->11
[262.571s][info][gc,metaspace   ] GC(467) Metaspace: 44199K(45312K)->44199K(45312K) NonClass: 38962K(39680K)->38962K(39680K) Class: 5237K(5632K)->5237K(5632K)
[262.571s][info][gc             ] GC(467) Pause Young (Concurrent Start) (G1 Evacuation Pause) 505M->505M(512M) 3.199ms
[262.571s][info][gc,cpu         ] GC(467) User=0.02s Sys=0.00s Real=0.00s
[262.571s][info][gc,ergo        ] Attempting maximally compacting collection
[262.571s][info][gc             ] GC(469) Concurrent Cycle
[262.571s][info][gc,task        ] GC(468) Using 8 workers of 8 for full compaction
[262.571s][info][gc,marking     ] GC(469) Concurrent Clear Claimed Marks
[262.571s][info][gc,start       ] GC(468) Pause Full (G1 Evacuation Pause)
[262.571s][info][gc,marking     ] GC(469) Concurrent Clear Claimed Marks 0.041ms
[262.571s][info][gc,marking     ] GC(469) Concurrent Scan Root Regions
[262.571s][info][gc,marking     ] GC(469) Concurrent Scan Root Regions 0.016ms
[262.571s][info][gc,marking     ] GC(469) Concurrent Mark (262.571s)
[262.571s][info][gc,marking     ] GC(469) Concurrent Mark From Roots
[262.571s][info][gc,task        ] GC(469) Using 2 workers of 2 for marking
[262.572s][info][gc,phases,start] GC(468) Phase 1: Mark live objects
[262.787s][info][gc,phases      ] GC(468) Phase 1: Mark live objects 214.621ms
[262.787s][info][gc,phases,start] GC(468) Phase 2: Prepare for compaction
[262.817s][info][gc,phases      ] GC(468) Phase 2: Prepare for compaction 30.788ms
[262.817s][info][gc,phases,start] GC(468) Phase 3: Adjust pointers
[262.893s][info][gc,phases      ] GC(468) Phase 3: Adjust pointers 75.298ms
[262.893s][info][gc,phases,start] GC(468) Phase 4: Compact heap
[262.920s][info][gc,phases      ] GC(468) Phase 4: Compact heap 27.140ms
[262.924s][info][gc,heap        ] GC(468) Eden regions: 0->0(25)
[262.924s][info][gc,heap        ] GC(468) Survivor regions: 0->0(0)
[262.924s][info][gc,heap        ] GC(468) Old regions: 499->479
[262.924s][info][gc,heap        ] GC(468) Archive regions: 2->2
[262.924s][info][gc,heap        ] GC(468) Humongous regions: 11->11
[262.924s][info][gc,metaspace   ] GC(468) Metaspace: 44199K(45312K)->44148K(45312K) NonClass: 38962K(39680K)->38918K(39680K) Class: 5237K(5632K)->5229K(5632K)
[262.924s][info][gc             ] GC(468) Pause Full (G1 Evacuation Pause) 505M->484M(512M) 352.990ms
[262.925s][info][gc,cpu         ] GC(468) User=2.46s Sys=0.02s Real=0.35s
[262.925s][info][gc,marking     ] GC(469) Concurrent Mark From Roots 353.796ms
[262.925s][info][gc,marking     ] GC(469) Concurrent Mark Abort
[262.925s][info][gc             ] GC(469) Concurrent Cycle 353.977ms
[263.014s][info][gc,start       ] GC(470) Pause Young (Normal) (G1 Evacuation Pause)
[263.014s][info][gc,task        ] GC(470) Using 8 workers of 8 for evacuation
[263.017s][info][gc             ] GC(470) To-space exhausted
[263.017s][info][gc,phases      ] GC(470)   Pre Evacuate Collection Set: 0.1ms
[263.017s][info][gc,phases      ] GC(470)   Merge Heap Roots: 0.0ms
[263.017s][info][gc,phases      ] GC(470)   Evacuate Collection Set: 0.6ms
[263.017s][info][gc,phases      ] GC(470)   Post Evacuate Collection Set: 1.9ms
[263.017s][info][gc,phases      ] GC(470)   Other: 0.1ms
[263.017s][info][gc,heap        ] GC(470) Eden regions: 20->0(25)
[263.017s][info][gc,heap        ] GC(470) Survivor regions: 0->0(0)
[263.017s][info][gc,heap        ] GC(470) Old regions: 479->499
[263.017s][info][gc,heap        ] GC(470) Archive regions: 2->2
[263.017s][info][gc,heap        ] GC(470) Humongous regions: 11->11
[263.017s][info][gc,metaspace   ] GC(470) Metaspace: 44179K(45312K)->44179K(45312K) NonClass: 38945K(39680K)->38945K(39680K) Class: 5233K(5632K)->5233K(5632K)
[263.017s][info][gc             ] GC(470) Pause Young (Normal) (G1 Evacuation Pause) 504M->504M(512M) 2.868ms
[263.017s][info][gc,cpu         ] GC(470) User=0.02s Sys=0.01s Real=0.01s
[263.017s][info][gc,ergo        ] Attempting maximally compacting collection
[263.017s][info][gc,task        ] GC(471) Using 8 workers of 8 for full compaction
[263.017s][info][gc,start       ] GC(471) Pause Full (G1 Evacuation Pause)
[263.017s][info][gc,phases,start] GC(471) Phase 1: Mark live objects
[263.240s][info][gc,phases      ] GC(471) Phase 1: Mark live objects 222.509ms
[263.240s][info][gc,phases,start] GC(471) Phase 2: Prepare for compaction
[263.269s][info][gc,phases      ] GC(471) Phase 2: Prepare for compaction 28.831ms
[263.269s][info][gc,phases,start] GC(471) Phase 3: Adjust pointers
[263.340s][info][gc,phases      ] GC(471) Phase 3: Adjust pointers 71.304ms
[263.340s][info][gc,phases,start] GC(471) Phase 4: Compact heap
[263.369s][info][gc,phases      ] GC(471) Phase 4: Compact heap 28.448ms
[263.373s][info][gc,heap        ] GC(471) Eden regions: 0->0(25)
[263.373s][info][gc,heap        ] GC(471) Survivor regions: 0->0(0)
[263.373s][info][gc,heap        ] GC(471) Old regions: 499->477
[263.373s][info][gc,heap        ] GC(471) Archive regions: 2->2
[263.373s][info][gc,heap        ] GC(471) Humongous regions: 11->11
[263.373s][info][gc,metaspace   ] GC(471) Metaspace: 44179K(45312K)->44085K(45312K) NonClass: 38945K(39680K)->38864K(39680K) Class: 5233K(5632K)->5220K(5632K)
[263.373s][info][gc             ] GC(471) Pause Full (G1 Evacuation Pause) 504M->484M(512M) 355.484ms
[263.374s][info][gc,cpu         ] GC(471) User=2.44s Sys=0.02s Real=0.35s
[263.495s][info][gc,start       ] GC(472) Pause Young (Concurrent Start) (G1 Evacuation Pause)
[263.495s][info][gc,task        ] GC(472) Using 8 workers of 8 for evacuation
[263.499s][info][gc             ] GC(472) To-space exhausted
[263.499s][info][gc,phases      ] GC(472)   Pre Evacuate Collection Set: 0.1ms
[263.499s][info][gc,phases      ] GC(472)   Merge Heap Roots: 0.0ms
[263.499s][info][gc,phases      ] GC(472)   Evacuate Collection Set: 0.8ms
[263.499s][info][gc,phases      ] GC(472)   Post Evacuate Collection Set: 2.8ms
[263.499s][info][gc,phases      ] GC(472)   Other: 0.2ms
[263.499s][info][gc,heap        ] GC(472) Eden regions: 22->0(25)
[263.499s][info][gc,heap        ] GC(472) Survivor regions: 0->0(0)
[263.499s][info][gc,heap        ] GC(472) Old regions: 477->499
[263.499s][info][gc,heap        ] GC(472) Archive regions: 2->2
[263.499s][info][gc,heap        ] GC(472) Humongous regions: 11->11
[263.499s][info][gc,metaspace   ] GC(472) Metaspace: 44212K(45312K)->44212K(45312K) NonClass: 38975K(39680K)->38975K(39680K) Class: 5237K(5632K)->5237K(5632K)
[263.499s][info][gc             ] GC(472) Pause Young (Concurrent Start) (G1 Evacuation Pause) 506M->506M(512M) 4.071ms
[263.499s][info][gc,cpu         ] GC(472) User=0.02s Sys=0.00s Real=0.01s
[263.499s][info][gc,ergo        ] Attempting maximally compacting collection
[263.499s][info][gc             ] GC(474) Concurrent Cycle
[263.499s][info][gc,task        ] GC(473) Using 8 workers of 8 for full compaction
[263.499s][info][gc,marking     ] GC(474) Concurrent Clear Claimed Marks
[263.499s][info][gc,start       ] GC(473) Pause Full (G1 Evacuation Pause)
[263.499s][info][gc,marking     ] GC(474) Concurrent Clear Claimed Marks 0.060ms
[263.499s][info][gc,marking     ] GC(474) Concurrent Scan Root Regions
[263.499s][info][gc,marking     ] GC(474) Concurrent Scan Root Regions 0.006ms
[263.499s][info][gc,marking     ] GC(474) Concurrent Mark (263.499s)
[263.499s][info][gc,marking     ] GC(474) Concurrent Mark From Roots
[263.499s][info][gc,task        ] GC(474) Using 2 workers of 2 for marking
[263.500s][info][gc,phases,start] GC(473) Phase 1: Mark live objects
[263.718s][info][gc,phases      ] GC(473) Phase 1: Mark live objects 218.225ms
[263.718s][info][gc,phases,start] GC(473) Phase 2: Prepare for compaction
[263.747s][info][gc,phases      ] GC(473) Phase 2: Prepare for compaction 28.816ms
[263.747s][info][gc,phases,start] GC(473) Phase 3: Adjust pointers
[263.818s][info][gc,phases      ] GC(473) Phase 3: Adjust pointers 70.930ms
[263.818s][info][gc,phases,start] GC(473) Phase 4: Compact heap
[263.847s][info][gc,phases      ] GC(473) Phase 4: Compact heap 28.319ms
[263.851s][info][gc,heap        ] GC(473) Eden regions: 0->0(25)
[263.851s][info][gc,heap        ] GC(473) Survivor regions: 0->0(0)
[263.851s][info][gc,heap        ] GC(473) Old regions: 499->478
[263.851s][info][gc,heap        ] GC(473) Archive regions: 2->2
[263.851s][info][gc,heap        ] GC(473) Humongous regions: 11->11
[263.851s][info][gc,metaspace   ] GC(473) Metaspace: 44212K(45312K)->44153K(45312K) NonClass: 38975K(39680K)->38925K(39680K) Class: 5237K(5632K)->5228K(5632K)
[263.851s][info][gc             ] GC(473) Pause Full (G1 Evacuation Pause) 506M->485M(512M) 351.180ms
[263.851s][info][gc,cpu         ] GC(473) User=2.43s Sys=0.03s Real=0.35s
[263.851s][info][gc,marking     ] GC(474) Concurrent Mark From Roots 351.931ms
[263.851s][info][gc,marking     ] GC(474) Concurrent Mark Abort
[263.851s][info][gc             ] GC(474) Concurrent Cycle 352.080ms
[263.944s][info][gc,start       ] GC(475) Pause Young (Normal) (G1 Evacuation Pause)
[263.944s][info][gc,task        ] GC(475) Using 8 workers of 8 for evacuation
[263.947s][info][gc             ] GC(475) To-space exhausted
[263.947s][info][gc,phases      ] GC(475)   Pre Evacuate Collection Set: 0.1ms
[263.947s][info][gc,phases      ] GC(475)   Merge Heap Roots: 0.0ms
[263.947s][info][gc,phases      ] GC(475)   Evacuate Collection Set: 0.6ms
[263.947s][info][gc,phases      ] GC(475)   Post Evacuate Collection Set: 2.1ms
[263.947s][info][gc,phases      ] GC(475)   Other: 0.2ms
[263.947s][info][gc,heap        ] GC(475) Eden regions: 21->0(25)
[263.947s][info][gc,heap        ] GC(475) Survivor regions: 0->0(0)
[263.947s][info][gc,heap        ] GC(475) Old regions: 478->499
[263.947s][info][gc,heap        ] GC(475) Archive regions: 2->2
[263.947s][info][gc,heap        ] GC(475) Humongous regions: 11->11
[263.947s][info][gc,metaspace   ] GC(475) Metaspace: 44192K(45312K)->44192K(45312K) NonClass: 38958K(39680K)->38958K(39680K) Class: 5233K(5632K)->5233K(5632K)
[263.947s][info][gc             ] GC(475) Pause Young (Normal) (G1 Evacuation Pause) 506M->506M(512M) 3.191ms
[263.947s][info][gc,cpu         ] GC(475) User=0.01s Sys=0.00s Real=0.01s
[263.948s][info][gc,ergo        ] Attempting maximally compacting collection
[263.948s][info][gc,task        ] GC(476) Using 8 workers of 8 for full compaction
[263.948s][info][gc,start       ] GC(476) Pause Full (G1 Evacuation Pause)
[263.948s][info][gc,phases,start] GC(476) Phase 1: Mark live objects
[264.164s][info][gc,phases      ] GC(476) Phase 1: Mark live objects 216.380ms
[264.164s][info][gc,phases,start] GC(476) Phase 2: Prepare for compaction
[264.196s][info][gc,phases      ] GC(476) Phase 2: Prepare for compaction 31.637ms
[264.196s][info][gc,phases,start] GC(476) Phase 3: Adjust pointers
[264.267s][info][gc,phases      ] GC(476) Phase 3: Adjust pointers 71.676ms
[264.267s][info][gc,phases,start] GC(476) Phase 4: Compact heap
[264.298s][info][gc,phases      ] GC(476) Phase 4: Compact heap 30.272ms
[264.302s][info][gc,heap        ] GC(476) Eden regions: 0->0(25)
[264.302s][info][gc,heap        ] GC(476) Survivor regions: 0->0(0)
[264.302s][info][gc,heap        ] GC(476) Old regions: 499->479
[264.302s][info][gc,heap        ] GC(476) Archive regions: 2->2
[264.302s][info][gc,heap        ] GC(476) Humongous regions: 11->11
[264.302s][info][gc,metaspace   ] GC(476) Metaspace: 44192K(45312K)->44098K(45312K) NonClass: 38958K(39680K)->38878K(39680K) Class: 5233K(5632K)->5220K(5632K)
[264.302s][info][gc             ] GC(476) Pause Full (G1 Evacuation Pause) 506M->485M(512M) 354.252ms
[264.303s][info][gc,cpu         ] GC(476) User=2.45s Sys=0.02s Real=0.35s
[264.404s][info][gc,start       ] GC(477) Pause Young (Concurrent Start) (G1 Evacuation Pause)
[264.404s][info][gc,task        ] GC(477) Using 8 workers of 8 for evacuation
[264.408s][info][gc             ] GC(477) To-space exhausted
[264.408s][info][gc,phases      ] GC(477)   Pre Evacuate Collection Set: 0.1ms
[264.408s][info][gc,phases      ] GC(477)   Merge Heap Roots: 0.0ms
[264.408s][info][gc,phases      ] GC(477)   Evacuate Collection Set: 0.8ms
[264.408s][info][gc,phases      ] GC(477)   Post Evacuate Collection Set: 2.8ms
[264.408s][info][gc,phases      ] GC(477)   Other: 0.2ms
[264.408s][info][gc,heap        ] GC(477) Eden regions: 20->0(25)
[264.408s][info][gc,heap        ] GC(477) Survivor regions: 0->0(0)
[264.408s][info][gc,heap        ] GC(477) Old regions: 479->499
[264.408s][info][gc,heap        ] GC(477) Archive regions: 2->2
[264.408s][info][gc,heap        ] GC(477) Humongous regions: 11->11
[264.408s][info][gc,metaspace   ] GC(477) Metaspace: 44228K(45312K)->44228K(45312K) NonClass: 38990K(39680K)->38990K(39680K) Class: 5238K(5632K)->5238K(5632K)
[264.408s][info][gc             ] GC(477) Pause Young (Concurrent Start) (G1 Evacuation Pause) 505M->505M(512M) 3.951ms
[264.408s][info][gc,cpu         ] GC(477) User=0.01s Sys=0.00s Real=0.01s
[264.408s][info][gc,ergo        ] Attempting maximally compacting collection
[264.408s][info][gc             ] GC(478) Concurrent Cycle
[264.408s][info][gc,task        ] GC(479) Using 8 workers of 8 for full compaction
[264.408s][info][gc,marking     ] GC(478) Concurrent Clear Claimed Marks
[264.408s][info][gc,start       ] GC(479) Pause Full (G1 Evacuation Pause)
[264.408s][info][gc,marking     ] GC(478) Concurrent Clear Claimed Marks 0.077ms
[264.408s][info][gc,marking     ] GC(478) Concurrent Scan Root Regions
[264.408s][info][gc,marking     ] GC(478) Concurrent Scan Root Regions 0.017ms
[264.408s][info][gc,marking     ] GC(478) Concurrent Mark (264.408s)
[264.408s][info][gc,marking     ] GC(478) Concurrent Mark From Roots
[264.408s][info][gc,task        ] GC(478) Using 2 workers of 2 for marking
[264.408s][info][gc,phases,start] GC(479) Phase 1: Mark live objects
[264.637s][info][gc,phases      ] GC(479) Phase 1: Mark live objects 228.699ms
[264.637s][info][gc,phases,start] GC(479) Phase 2: Prepare for compaction
[264.670s][info][gc,phases      ] GC(479) Phase 2: Prepare for compaction 32.374ms
[264.670s][info][gc,phases,start] GC(479) Phase 3: Adjust pointers
[264.742s][info][gc,phases      ] GC(479) Phase 3: Adjust pointers 72.293ms
[264.742s][info][gc,phases,start] GC(479) Phase 4: Compact heap
[264.773s][info][gc,phases      ] GC(479) Phase 4: Compact heap 31.004ms
[264.778s][info][gc,heap        ] GC(479) Eden regions: 0->0(25)
[264.778s][info][gc,heap        ] GC(479) Survivor regions: 0->0(0)
[264.778s][info][gc,heap        ] GC(479) Old regions: 499->479
[264.778s][info][gc,heap        ] GC(479) Archive regions: 2->2
[264.778s][info][gc,heap        ] GC(479) Humongous regions: 11->11
[264.778s][info][gc,metaspace   ] GC(479) Metaspace: 44228K(45312K)->44133K(45312K) NonClass: 38990K(39680K)->38909K(39680K) Class: 5238K(5632K)->5224K(5632K)
[264.778s][info][gc             ] GC(479) Pause Full (G1 Evacuation Pause) 505M->486M(512M) 370.134ms
[264.779s][info][gc,cpu         ] GC(479) User=2.47s Sys=0.01s Real=0.37s
[264.779s][info][gc,marking     ] GC(478) Concurrent Mark From Roots 371.068ms
[264.779s][info][gc,marking     ] GC(478) Concurrent Mark Abort
[264.779s][info][gc             ] GC(478) Concurrent Cycle 371.271ms
[264.896s][info][gc,start       ] GC(480) Pause Young (Normal) (G1 Evacuation Pause)
[264.896s][info][gc,task        ] GC(480) Using 8 workers of 8 for evacuation
[264.899s][info][gc             ] GC(480) To-space exhausted
[264.899s][info][gc,phases      ] GC(480)   Pre Evacuate Collection Set: 0.1ms
[264.899s][info][gc,phases      ] GC(480)   Merge Heap Roots: 0.1ms
[264.899s][info][gc,phases      ] GC(480)   Evacuate Collection Set: 0.6ms
[264.899s][info][gc,phases      ] GC(480)   Post Evacuate Collection Set: 2.2ms
[264.899s][info][gc,phases      ] GC(480)   Other: 0.2ms
[264.899s][info][gc,heap        ] GC(480) Eden regions: 20->0(25)
[264.899s][info][gc,heap        ] GC(480) Survivor regions: 0->0(0)
[264.899s][info][gc,heap        ] GC(480) Old regions: 479->499
[264.899s][info][gc,heap        ] GC(480) Archive regions: 2->2
[264.899s][info][gc,heap        ] GC(480) Humongous regions: 11->11
[264.899s][info][gc,metaspace   ] GC(480) Metaspace: 44201K(45312K)->44201K(45312K) NonClass: 38967K(39680K)->38967K(39680K) Class: 5233K(5632K)->5233K(5632K)
[264.899s][info][gc             ] GC(480) Pause Young (Normal) (G1 Evacuation Pause) 506M->506M(512M) 3.161ms
[264.899s][info][gc,cpu         ] GC(480) User=0.01s Sys=0.00s Real=0.00s
[264.899s][info][gc,ergo        ] Attempting maximally compacting collection
[264.899s][info][gc,task        ] GC(481) Using 8 workers of 8 for full compaction
[264.899s][info][gc,start       ] GC(481) Pause Full (G1 Evacuation Pause)
[264.899s][info][gc,phases,start] GC(481) Phase 1: Mark live objects
[265.122s][info][gc,phases      ] GC(481) Phase 1: Mark live objects 222.853ms
[265.122s][info][gc,phases,start] GC(481) Phase 2: Prepare for compaction
[265.154s][info][gc,phases      ] GC(481) Phase 2: Prepare for compaction 31.480ms
[265.154s][info][gc,phases,start] GC(481) Phase 3: Adjust pointers
[265.225s][info][gc,phases      ] GC(481) Phase 3: Adjust pointers 71.525ms
[265.225s][info][gc,phases,start] GC(481) Phase 4: Compact heap
[265.251s][info][gc,phases      ] GC(481) Phase 4: Compact heap 25.469ms
[265.255s][info][gc,heap        ] GC(481) Eden regions: 0->0(25)
[265.255s][info][gc,heap        ] GC(481) Survivor regions: 0->0(0)
[265.255s][info][gc,heap        ] GC(481) Old regions: 499->479
[265.255s][info][gc,heap        ] GC(481) Archive regions: 2->2
[265.255s][info][gc,heap        ] GC(481) Humongous regions: 11->11
[265.255s][info][gc,metaspace   ] GC(481) Metaspace: 44201K(45312K)->44107K(45312K) NonClass: 38967K(39680K)->38887K(39680K) Class: 5233K(5632K)->5220K(5632K)
[265.255s][info][gc             ] GC(481) Pause Full (G1 Evacuation Pause) 506M->486M(512M) 355.874ms
[265.256s][info][gc,cpu         ] GC(481) User=2.45s Sys=0.02s Real=0.36s
[265.372s][info][gc,start       ] GC(482) Pause Young (Concurrent Start) (G1 Evacuation Pause)
[265.372s][info][gc,task        ] GC(482) Using 8 workers of 8 for evacuation
[265.378s][info][gc             ] GC(482) To-space exhausted
[265.378s][info][gc,phases      ] GC(482)   Pre Evacuate Collection Set: 0.1ms
[265.378s][info][gc,phases      ] GC(482)   Merge Heap Roots: 0.1ms
[265.378s][info][gc,phases      ] GC(482)   Evacuate Collection Set: 1.7ms
[265.378s][info][gc,phases      ] GC(482)   Post Evacuate Collection Set: 3.9ms
[265.378s][info][gc,phases      ] GC(482)   Other: 0.2ms
[265.378s][info][gc,heap        ] GC(482) Eden regions: 20->0(25)
[265.378s][info][gc,heap        ] GC(482) Survivor regions: 0->0(0)
[265.378s][info][gc,heap        ] GC(482) Old regions: 479->499
[265.378s][info][gc,heap        ] GC(482) Archive regions: 2->2
[265.378s][info][gc,heap        ] GC(482) Humongous regions: 11->11
[265.378s][info][gc,metaspace   ] GC(482) Metaspace: 44222K(45312K)->44222K(45312K) NonClass: 38985K(39680K)->38985K(39680K) Class: 5237K(5632K)->5237K(5632K)
[265.378s][info][gc             ] GC(482) Pause Young (Concurrent Start) (G1 Evacuation Pause) 506M->506M(512M) 6.078ms
[265.378s][info][gc,cpu         ] GC(482) User=0.02s Sys=0.01s Real=0.01s
[265.378s][info][gc,ergo        ] Attempting maximally compacting collection
[265.378s][info][gc             ] GC(483) Concurrent Cycle
[265.378s][info][gc,task        ] GC(484) Using 8 workers of 8 for full compaction
[265.378s][info][gc,marking     ] GC(483) Concurrent Clear Claimed Marks
[265.378s][info][gc,start       ] GC(484) Pause Full (G1 Evacuation Pause)
[265.378s][info][gc,marking     ] GC(483) Concurrent Clear Claimed Marks 0.055ms
[265.379s][info][gc,marking     ] GC(483) Concurrent Scan Root Regions
[265.379s][info][gc,marking     ] GC(483) Concurrent Scan Root Regions 0.012ms
[265.379s][info][gc,marking     ] GC(483) Concurrent Mark (265.379s)
[265.379s][info][gc,marking     ] GC(483) Concurrent Mark From Roots
[265.379s][info][gc,task        ] GC(483) Using 2 workers of 2 for marking
[265.379s][info][gc,phases,start] GC(484) Phase 1: Mark live objects
[265.617s][info][gc,phases      ] GC(484) Phase 1: Mark live objects 238.185ms
[265.617s][info][gc,phases,start] GC(484) Phase 2: Prepare for compaction
[265.650s][info][gc,phases      ] GC(484) Phase 2: Prepare for compaction 33.063ms
[265.650s][info][gc,phases,start] GC(484) Phase 3: Adjust pointers
[265.727s][info][gc,phases      ] GC(484) Phase 3: Adjust pointers 76.614ms
[265.727s][info][gc,phases,start] GC(484) Phase 4: Compact heap
[265.757s][info][gc,phases      ] GC(484) Phase 4: Compact heap 29.731ms
[265.761s][info][gc,heap        ] GC(484) Eden regions: 0->0(25)
[265.761s][info][gc,heap        ] GC(484) Survivor regions: 0->0(0)
[265.761s][info][gc,heap        ] GC(484) Old regions: 499->479
[265.761s][info][gc,heap        ] GC(484) Archive regions: 2->2
[265.761s][info][gc,heap        ] GC(484) Humongous regions: 11->11
[265.761s][info][gc,metaspace   ] GC(484) Metaspace: 44222K(45312K)->44171K(45312K) NonClass: 38985K(39680K)->38941K(39680K) Class: 5237K(5632K)->5229K(5632K)
[265.761s][info][gc             ] GC(484) Pause Full (G1 Evacuation Pause) 506M->487M(512M) 382.590ms
[265.762s][info][gc,cpu         ] GC(484) User=2.44s Sys=0.02s Real=0.38s
[265.762s][info][gc,marking     ] GC(483) Concurrent Mark From Roots 383.760ms
[265.762s][info][gc,marking     ] GC(483) Concurrent Mark Abort
[265.762s][info][gc             ] GC(483) Concurrent Cycle 383.915ms
[265.836s][info][gc,start       ] GC(485) Pause Young (Normal) (G1 Evacuation Pause)
[265.836s][info][gc,task        ] GC(485) Using 8 workers of 8 for evacuation
[265.839s][info][gc             ] GC(485) To-space exhausted
[265.839s][info][gc,phases      ] GC(485)   Pre Evacuate Collection Set: 0.1ms
[265.839s][info][gc,phases      ] GC(485)   Merge Heap Roots: 0.0ms
[265.839s][info][gc,phases      ] GC(485)   Evacuate Collection Set: 1.0ms
[265.839s][info][gc,phases      ] GC(485)   Post Evacuate Collection Set: 2.5ms
[265.839s][info][gc,phases      ] GC(485)   Other: 0.2ms
[265.839s][info][gc,heap        ] GC(485) Eden regions: 20->0(25)
[265.839s][info][gc,heap        ] GC(485) Survivor regions: 0->0(0)
[265.839s][info][gc,heap        ] GC(485) Old regions: 479->499
[265.839s][info][gc,heap        ] GC(485) Archive regions: 2->2
[265.839s][info][gc,heap        ] GC(485) Humongous regions: 11->11
[265.839s][info][gc,metaspace   ] GC(485) Metaspace: 44203K(45312K)->44203K(45312K) NonClass: 38969K(39680K)->38969K(39680K) Class: 5233K(5632K)->5233K(5632K)
[265.839s][info][gc             ] GC(485) Pause Young (Normal) (G1 Evacuation Pause) 507M->507M(512M) 3.893ms
[265.839s][info][gc,cpu         ] GC(485) User=0.01s Sys=0.00s Real=0.00s
[265.839s][info][gc,ergo        ] Attempting maximally compacting collection
[265.839s][info][gc,task        ] GC(486) Using 8 workers of 8 for full compaction
[265.840s][info][gc,start       ] GC(486) Pause Full (G1 Evacuation Pause)
[265.840s][info][gc,phases,start] GC(486) Phase 1: Mark live objects
[266.165s][info][gc,phases      ] GC(486) Phase 1: Mark live objects 325.843ms
[266.165s][info][gc,phases,start] GC(486) Phase 2: Prepare for compaction
[266.217s][info][gc,phases      ] GC(486) Phase 2: Prepare for compaction 51.749ms
[266.217s][info][gc,phases,start] GC(486) Phase 3: Adjust pointers
[266.293s][info][gc,phases      ] GC(486) Phase 3: Adjust pointers 75.414ms
[266.293s][info][gc,phases,start] GC(486) Phase 4: Compact heap
[266.324s][info][gc,phases      ] GC(486) Phase 4: Compact heap 31.163ms
[266.328s][info][gc,heap        ] GC(486) Eden regions: 0->0(25)
[266.328s][info][gc,heap        ] GC(486) Survivor regions: 0->0(0)
[266.328s][info][gc,heap        ] GC(486) Old regions: 499->480
[266.328s][info][gc,heap        ] GC(486) Archive regions: 2->2
[266.328s][info][gc,heap        ] GC(486) Humongous regions: 11->11
[266.328s][info][gc,metaspace   ] GC(486) Metaspace: 44203K(45312K)->44109K(45312K) NonClass: 38969K(39680K)->38888K(39680K) Class: 5233K(5632K)->5220K(5632K)
[266.328s][info][gc             ] GC(486) Pause Full (G1 Evacuation Pause) 507M->487M(512M) 488.737ms
[266.329s][info][gc,cpu         ] GC(486) User=2.43s Sys=0.05s Real=0.49s
[266.427s][info][gc,start       ] GC(487) Pause Young (Concurrent Start) (G1 Evacuation Pause)
[266.427s][info][gc,task        ] GC(487) Using 8 workers of 8 for evacuation
[266.439s][info][gc             ] GC(487) To-space exhausted
[266.439s][info][gc,phases      ] GC(487)   Pre Evacuate Collection Set: 0.1ms
[266.439s][info][gc,phases      ] GC(487)   Merge Heap Roots: 0.9ms
[266.439s][info][gc,phases      ] GC(487)   Evacuate Collection Set: 7.3ms
[266.439s][info][gc,phases      ] GC(487)   Post Evacuate Collection Set: 4.1ms
[266.439s][info][gc,phases      ] GC(487)   Other: 0.2ms
[266.439s][info][gc,heap        ] GC(487) Eden regions: 19->0(25)
[266.439s][info][gc,heap        ] GC(487) Survivor regions: 0->0(0)
[266.439s][info][gc,heap        ] GC(487) Old regions: 480->499
[266.439s][info][gc,heap        ] GC(487) Archive regions: 2->2
[266.439s][info][gc,heap        ] GC(487) Humongous regions: 11->11
[266.439s][info][gc,metaspace   ] GC(487) Metaspace: 44232K(45312K)->44232K(45312K) NonClass: 38994K(39680K)->38994K(39680K) Class: 5238K(5632K)->5238K(5632K)
[266.439s][info][gc             ] GC(487) Pause Young (Concurrent Start) (G1 Evacuation Pause) 506M->506M(512M) 12.678ms
[266.439s][info][gc,cpu         ] GC(487) User=0.02s Sys=0.00s Real=0.01s
[266.439s][info][gc,ergo        ] Attempting maximally compacting collection
[266.439s][info][gc             ] GC(488) Concurrent Cycle
[266.439s][info][gc,task        ] GC(489) Using 8 workers of 8 for full compaction
[266.439s][info][gc,marking     ] GC(488) Concurrent Clear Claimed Marks
[266.439s][info][gc,start       ] GC(489) Pause Full (G1 Evacuation Pause)
[266.439s][info][gc,marking     ] GC(488) Concurrent Clear Claimed Marks 0.046ms
[266.439s][info][gc,marking     ] GC(488) Concurrent Scan Root Regions
[266.439s][info][gc,marking     ] GC(488) Concurrent Scan Root Regions 0.014ms
[266.439s][info][gc,marking     ] GC(488) Concurrent Mark (266.439s)
[266.439s][info][gc,marking     ] GC(488) Concurrent Mark From Roots
[266.439s][info][gc,task        ] GC(488) Using 2 workers of 2 for marking
[266.440s][info][gc,phases,start] GC(489) Phase 1: Mark live objects
[266.683s][info][gc,phases      ] GC(489) Phase 1: Mark live objects 242.713ms
[266.683s][info][gc,phases,start] GC(489) Phase 2: Prepare for compaction
[266.713s][info][gc,phases      ] GC(489) Phase 2: Prepare for compaction 30.780ms
[266.714s][info][gc,phases,start] GC(489) Phase 3: Adjust pointers
[266.788s][info][gc,phases      ] GC(489) Phase 3: Adjust pointers 74.220ms
[266.788s][info][gc,phases,start] GC(489) Phase 4: Compact heap
[266.837s][info][gc,phases      ] GC(489) Phase 4: Compact heap 49.385ms
[266.841s][info][gc,heap        ] GC(489) Eden regions: 0->0(25)
[266.841s][info][gc,heap        ] GC(489) Survivor regions: 0->0(0)
[266.841s][info][gc,heap        ] GC(489) Old regions: 499->483
[266.841s][info][gc,heap        ] GC(489) Archive regions: 2->2
[266.841s][info][gc,heap        ] GC(489) Humongous regions: 11->11
[266.841s][info][gc,metaspace   ] GC(489) Metaspace: 44232K(45312K)->44169K(45312K) NonClass: 38994K(39680K)->38940K(39680K) Class: 5238K(5632K)->5229K(5632K)
[266.841s][info][gc             ] GC(489) Pause Full (G1 Evacuation Pause) 506M->488M(512M) 402.099ms
[266.843s][info][gc,cpu         ] GC(489) User=2.46s Sys=0.02s Real=0.40s
[266.843s][info][gc,marking     ] GC(488) Concurrent Mark From Roots 403.415ms
[266.843s][info][gc,marking     ] GC(488) Concurrent Mark Abort
[266.843s][info][gc             ] GC(488) Concurrent Cycle 403.577ms
[266.919s][info][gc,start       ] GC(490) Pause Young (Normal) (G1 Evacuation Pause)
[266.919s][info][gc,task        ] GC(490) Using 8 workers of 8 for evacuation
[266.922s][info][gc             ] GC(490) To-space exhausted
[266.922s][info][gc,phases      ] GC(490)   Pre Evacuate Collection Set: 0.1ms
[266.922s][info][gc,phases      ] GC(490)   Merge Heap Roots: 0.1ms
[266.922s][info][gc,phases      ] GC(490)   Evacuate Collection Set: 0.8ms
[266.922s][info][gc,phases      ] GC(490)   Post Evacuate Collection Set: 1.7ms
[266.922s][info][gc,phases      ] GC(490)   Other: 0.2ms
[266.922s][info][gc,heap        ] GC(490) Eden regions: 16->0(25)
[266.922s][info][gc,heap        ] GC(490) Survivor regions: 0->0(0)
[266.922s][info][gc,heap        ] GC(490) Old regions: 483->499
[266.922s][info][gc,heap        ] GC(490) Archive regions: 2->2
[266.922s][info][gc,heap        ] GC(490) Humongous regions: 11->11
[266.922s][info][gc,metaspace   ] GC(490) Metaspace: 44208K(45312K)->44208K(45312K) NonClass: 38973K(39680K)->38973K(39680K) Class: 5234K(5632K)->5234K(5632K)
[266.922s][info][gc             ] GC(490) Pause Young (Normal) (G1 Evacuation Pause) 504M->504M(512M) 2.914ms
[266.922s][info][gc,cpu         ] GC(490) User=0.01s Sys=0.00s Real=0.00s
[266.922s][info][gc,ergo        ] Attempting maximally compacting collection
[266.922s][info][gc,task        ] GC(491) Using 8 workers of 8 for full compaction
[266.922s][info][gc,start       ] GC(491) Pause Full (G1 Evacuation Pause)
[266.922s][info][gc,phases,start] GC(491) Phase 1: Mark live objects
[267.148s][info][gc,phases      ] GC(491) Phase 1: Mark live objects 225.832ms
[267.148s][info][gc,phases,start] GC(491) Phase 2: Prepare for compaction
[267.180s][info][gc,phases      ] GC(491) Phase 2: Prepare for compaction 31.612ms
[267.180s][info][gc,phases,start] GC(491) Phase 3: Adjust pointers
[267.254s][info][gc,phases      ] GC(491) Phase 3: Adjust pointers 73.784ms
[267.254s][info][gc,phases,start] GC(491) Phase 4: Compact heap
[267.280s][info][gc,phases      ] GC(491) Phase 4: Compact heap 26.553ms
[267.285s][info][gc,heap        ] GC(491) Eden regions: 0->0(25)
[267.285s][info][gc,heap        ] GC(491) Survivor regions: 0->0(0)
[267.285s][info][gc,heap        ] GC(491) Old regions: 499->482
[267.285s][info][gc,heap        ] GC(491) Archive regions: 2->2
[267.285s][info][gc,heap        ] GC(491) Humongous regions: 11->11
[267.285s][info][gc,metaspace   ] GC(491) Metaspace: 44208K(45312K)->44114K(45312K) NonClass: 38973K(39680K)->38893K(39680K) Class: 5234K(5632K)->5220K(5632K)
[267.285s][info][gc             ] GC(491) Pause Full (G1 Evacuation Pause) 504M->489M(512M) 362.299ms
[267.286s][info][gc,cpu         ] GC(491) User=2.47s Sys=0.03s Real=0.37s
[267.380s][info][gc,start       ] GC(492) Pause Young (Concurrent Start) (G1 Evacuation Pause)
[267.380s][info][gc,task        ] GC(492) Using 8 workers of 8 for evacuation
[267.383s][info][gc             ] GC(492) To-space exhausted
[267.383s][info][gc,phases      ] GC(492)   Pre Evacuate Collection Set: 0.1ms
[267.383s][info][gc,phases      ] GC(492)   Merge Heap Roots: 0.0ms
[267.383s][info][gc,phases      ] GC(492)   Evacuate Collection Set: 0.8ms
[267.383s][info][gc,phases      ] GC(492)   Post Evacuate Collection Set: 2.4ms
[267.383s][info][gc,phases      ] GC(492)   Other: 0.2ms
[267.383s][info][gc,heap        ] GC(492) Eden regions: 17->0(25)
[267.383s][info][gc,heap        ] GC(492) Survivor regions: 0->0(0)
[267.384s][info][gc,heap        ] GC(492) Old regions: 482->499
[267.384s][info][gc,heap        ] GC(492) Archive regions: 2->2
[267.384s][info][gc,heap        ] GC(492) Humongous regions: 11->11
[267.384s][info][gc,metaspace   ] GC(492) Metaspace: 44235K(45312K)->44235K(45312K) NonClass: 38997K(39680K)->38997K(39680K) Class: 5238K(5632K)->5238K(5632K)
[267.384s][info][gc             ] GC(492) Pause Young (Concurrent Start) (G1 Evacuation Pause) 506M->506M(512M) 3.560ms
[267.384s][info][gc,cpu         ] GC(492) User=0.01s Sys=0.00s Real=0.00s
[267.384s][info][gc,ergo        ] Attempting maximally compacting collection
[267.384s][info][gc             ] GC(493) Concurrent Cycle
[267.384s][info][gc,task        ] GC(494) Using 8 workers of 8 for full compaction
[267.384s][info][gc,marking     ] GC(493) Concurrent Clear Claimed Marks
[267.384s][info][gc,start       ] GC(494) Pause Full (G1 Evacuation Pause)
[267.384s][info][gc,marking     ] GC(493) Concurrent Clear Claimed Marks 0.041ms
[267.384s][info][gc,marking     ] GC(493) Concurrent Scan Root Regions
[267.384s][info][gc,marking     ] GC(493) Concurrent Scan Root Regions 0.013ms
[267.384s][info][gc,marking     ] GC(493) Concurrent Mark (267.384s)
[267.384s][info][gc,marking     ] GC(493) Concurrent Mark From Roots
[267.384s][info][gc,task        ] GC(493) Using 2 workers of 2 for marking
[267.384s][info][gc,phases,start] GC(494) Phase 1: Mark live objects
[267.608s][info][gc,phases      ] GC(494) Phase 1: Mark live objects 224.205ms
[267.609s][info][gc,phases,start] GC(494) Phase 2: Prepare for compaction
[267.637s][info][gc,phases      ] GC(494) Phase 2: Prepare for compaction 28.425ms
[267.637s][info][gc,phases,start] GC(494) Phase 3: Adjust pointers
[267.708s][info][gc,phases      ] GC(494) Phase 3: Adjust pointers 70.695ms
[267.708s][info][gc,phases,start] GC(494) Phase 4: Compact heap
[267.738s][info][gc,phases      ] GC(494) Phase 4: Compact heap 30.469ms
[267.742s][info][gc,heap        ] GC(494) Eden regions: 0->0(25)
[267.742s][info][gc,heap        ] GC(494) Survivor regions: 0->0(0)
[267.742s][info][gc,heap        ] GC(494) Old regions: 499->483
[267.742s][info][gc,heap        ] GC(494) Archive regions: 2->2
[267.742s][info][gc,heap        ] GC(494) Humongous regions: 11->11
[267.742s][info][gc,metaspace   ] GC(494) Metaspace: 44235K(45312K)->44180K(45312K) NonClass: 38997K(39680K)->38950K(39680K) Class: 5238K(5632K)->5230K(5632K)
[267.742s][info][gc             ] GC(494) Pause Full (G1 Evacuation Pause) 506M->489M(512M) 358.651ms
[267.743s][info][gc,cpu         ] GC(494) User=2.47s Sys=0.02s Real=0.36s
[267.743s][info][gc,marking     ] GC(493) Concurrent Mark From Roots 359.427ms
[267.743s][info][gc,marking     ] GC(493) Concurrent Mark Abort
[267.743s][info][gc             ] GC(493) Concurrent Cycle 359.582ms
[267.823s][info][gc,start       ] GC(495) Pause Young (Normal) (G1 Evacuation Pause)
[267.823s][info][gc,task        ] GC(495) Using 8 workers of 8 for evacuation
[267.827s][info][gc             ] GC(495) To-space exhausted
[267.827s][info][gc,phases      ] GC(495)   Pre Evacuate Collection Set: 0.1ms
[267.827s][info][gc,phases      ] GC(495)   Merge Heap Roots: 0.0ms
[267.827s][info][gc,phases      ] GC(495)   Evacuate Collection Set: 0.7ms
[267.827s][info][gc,phases      ] GC(495)   Post Evacuate Collection Set: 2.6ms
[267.827s][info][gc,phases      ] GC(495)   Other: 0.2ms
[267.827s][info][gc,heap        ] GC(495) Eden regions: 16->0(25)
[267.827s][info][gc,heap        ] GC(495) Survivor regions: 0->0(0)
[267.827s][info][gc,heap        ] GC(495) Old regions: 483->499
[267.827s][info][gc,heap        ] GC(495) Archive regions: 2->2
[267.827s][info][gc,heap        ] GC(495) Humongous regions: 11->11
[267.827s][info][gc,metaspace   ] GC(495) Metaspace: 44216K(45312K)->44216K(45312K) NonClass: 38982K(39680K)->38982K(39680K) Class: 5234K(5632K)->5234K(5632K)
[267.827s][info][gc             ] GC(495) Pause Young (Normal) (G1 Evacuation Pause) 505M->505M(512M) 3.704ms
[267.827s][info][gc,cpu         ] GC(495) User=0.01s Sys=0.00s Real=0.01s
[267.827s][info][gc,ergo        ] Attempting maximally compacting collection
[267.827s][info][gc,task        ] GC(496) Using 8 workers of 8 for full compaction
[267.827s][info][gc,start       ] GC(496) Pause Full (G1 Evacuation Pause)
[267.827s][info][gc,phases,start] GC(496) Phase 1: Mark live objects
[268.050s][info][gc,phases      ] GC(496) Phase 1: Mark live objects 223.210ms
[268.050s][info][gc,phases,start] GC(496) Phase 2: Prepare for compaction
[268.079s][info][gc,phases      ] GC(496) Phase 2: Prepare for compaction 29.021ms
[268.079s][info][gc,phases,start] GC(496) Phase 3: Adjust pointers
[268.152s][info][gc,phases      ] GC(496) Phase 3: Adjust pointers 72.614ms
[268.152s][info][gc,phases,start] GC(496) Phase 4: Compact heap
[268.179s][info][gc,phases      ] GC(496) Phase 4: Compact heap 26.822ms
[268.184s][info][gc,heap        ] GC(496) Eden regions: 0->0(25)
[268.184s][info][gc,heap        ] GC(496) Survivor regions: 0->0(0)
[268.184s][info][gc,heap        ] GC(496) Old regions: 499->483
[268.184s][info][gc,heap        ] GC(496) Archive regions: 2->2
[268.184s][info][gc,heap        ] GC(496) Humongous regions: 11->11
[268.184s][info][gc,metaspace   ] GC(496) Metaspace: 44216K(45312K)->44122K(45312K) NonClass: 38982K(39680K)->38902K(39680K) Class: 5234K(5632K)->5220K(5632K)
[268.184s][info][gc             ] GC(496) Pause Full (G1 Evacuation Pause) 505M->489M(512M) 356.980ms
[268.185s][info][gc,cpu         ] GC(496) User=2.47s Sys=0.03s Real=0.36s
[268.282s][info][gc,start       ] GC(497) Pause Young (Concurrent Start) (G1 Evacuation Pause)
[268.282s][info][gc,task        ] GC(497) Using 8 workers of 8 for evacuation
[268.285s][info][gc             ] GC(497) To-space exhausted
[268.285s][info][gc,phases      ] GC(497)   Pre Evacuate Collection Set: 0.1ms
[268.285s][info][gc,phases      ] GC(497)   Merge Heap Roots: 0.1ms
[268.285s][info][gc,phases      ] GC(497)   Evacuate Collection Set: 0.7ms
[268.285s][info][gc,phases      ] GC(497)   Post Evacuate Collection Set: 2.9ms
[268.285s][info][gc,phases      ] GC(497)   Other: 0.2ms
[268.286s][info][gc,heap        ] GC(497) Eden regions: 16->0(25)
[268.286s][info][gc,heap        ] GC(497) Survivor regions: 0->0(0)
[268.286s][info][gc,heap        ] GC(497) Old regions: 483->499
[268.286s][info][gc,heap        ] GC(497) Archive regions: 2->2
[268.286s][info][gc,heap        ] GC(497) Humongous regions: 11->11
[268.286s][info][gc,metaspace   ] GC(497) Metaspace: 44244K(45312K)->44244K(45312K) NonClass: 39006K(39680K)->39006K(39680K) Class: 5237K(5632K)->5237K(5632K)
[268.286s][info][gc             ] GC(497) Pause Young (Concurrent Start) (G1 Evacuation Pause) 505M->505M(512M) 4.035ms
[268.286s][info][gc,cpu         ] GC(497) User=0.02s Sys=0.00s Real=0.01s
[268.286s][info][gc,ergo        ] Attempting maximally compacting collection
[268.286s][info][gc,task        ] GC(498) Using 8 workers of 8 for full compaction
[268.286s][info][gc,start       ] GC(498) Pause Full (G1 Evacuation Pause)
[268.286s][info][gc             ] GC(499) Concurrent Cycle
[268.286s][info][gc,marking     ] GC(499) Concurrent Clear Claimed Marks
[268.286s][info][gc,marking     ] GC(499) Concurrent Clear Claimed Marks 0.099ms
[268.286s][info][gc,marking     ] GC(499) Concurrent Scan Root Regions
[268.286s][info][gc,marking     ] GC(499) Concurrent Scan Root Regions 0.014ms
[268.286s][info][gc,marking     ] GC(499) Concurrent Mark (268.286s)
[268.286s][info][gc,marking     ] GC(499) Concurrent Mark From Roots
[268.286s][info][gc,task        ] GC(499) Using 2 workers of 2 for marking
[268.286s][info][gc,phases,start] GC(498) Phase 1: Mark live objects
[268.515s][info][gc,phases      ] GC(498) Phase 1: Mark live objects 229.088ms
[268.515s][info][gc,phases,start] GC(498) Phase 2: Prepare for compaction
[268.544s][info][gc,phases      ] GC(498) Phase 2: Prepare for compaction 28.386ms
[268.544s][info][gc,phases,start] GC(498) Phase 3: Adjust pointers
[268.617s][info][gc,phases      ] GC(498) Phase 3: Adjust pointers 73.490ms
[268.617s][info][gc,phases,start] GC(498) Phase 4: Compact heap
[268.641s][info][gc,phases      ] GC(498) Phase 4: Compact heap 23.676ms
[268.645s][info][gc,heap        ] GC(498) Eden regions: 0->0(25)
[268.645s][info][gc,heap        ] GC(498) Survivor regions: 0->0(0)
[268.645s][info][gc,heap        ] GC(498) Old regions: 499->483
[268.645s][info][gc,heap        ] GC(498) Archive regions: 2->2
[268.645s][info][gc,heap        ] GC(498) Humongous regions: 11->11
[268.645s][info][gc,metaspace   ] GC(498) Metaspace: 44244K(45312K)->44192K(45312K) NonClass: 39006K(39680K)->38962K(39680K) Class: 5237K(5632K)->5230K(5632K)
[268.645s][info][gc             ] GC(498) Pause Full (G1 Evacuation Pause) 505M->490M(512M) 359.469ms
[268.646s][info][gc,cpu         ] GC(498) User=2.46s Sys=0.02s Real=0.36s
[268.646s][info][gc,marking     ] GC(499) Concurrent Mark From Roots 360.349ms
[268.646s][info][gc,marking     ] GC(499) Concurrent Mark Abort
[268.646s][info][gc             ] GC(499) Concurrent Cycle 360.597ms
[268.732s][info][gc,start       ] GC(500) Pause Young (Normal) (G1 Evacuation Pause)
[268.732s][info][gc,task        ] GC(500) Using 8 workers of 8 for evacuation
[268.736s][info][gc             ] GC(500) To-space exhausted
[268.736s][info][gc,phases      ] GC(500)   Pre Evacuate Collection Set: 0.1ms
[268.736s][info][gc,phases      ] GC(500)   Merge Heap Roots: 0.0ms
[268.736s][info][gc,phases      ] GC(500)   Evacuate Collection Set: 1.0ms
[268.736s][info][gc,phases      ] GC(500)   Post Evacuate Collection Set: 2.7ms
[268.736s][info][gc,phases      ] GC(500)   Other: 0.2ms
[268.736s][info][gc,heap        ] GC(500) Eden regions: 16->0(25)
[268.736s][info][gc,heap        ] GC(500) Survivor regions: 0->0(0)
[268.736s][info][gc,heap        ] GC(500) Old regions: 483->499
[268.736s][info][gc,heap        ] GC(500) Archive regions: 2->2
[268.736s][info][gc,heap        ] GC(500) Humongous regions: 11->11
[268.736s][info][gc,metaspace   ] GC(500) Metaspace: 44225K(45312K)->44225K(45312K) NonClass: 38991K(39680K)->38991K(39680K) Class: 5234K(5632K)->5234K(5632K)
[268.736s][info][gc             ] GC(500) Pause Young (Normal) (G1 Evacuation Pause) 506M->506M(512M) 4.046ms
[268.736s][info][gc,cpu         ] GC(500) User=0.02s Sys=0.00s Real=0.01s
[268.736s][info][gc,ergo        ] Attempting maximally compacting collection
[268.736s][info][gc,task        ] GC(501) Using 8 workers of 8 for full compaction
[268.736s][info][gc,start       ] GC(501) Pause Full (G1 Evacuation Pause)
[268.736s][info][gc,phases,start] GC(501) Phase 1: Mark live objects
[268.961s][info][gc,phases      ] GC(501) Phase 1: Mark live objects 224.597ms
[268.961s][info][gc,phases,start] GC(501) Phase 2: Prepare for compaction
[268.992s][info][gc,phases      ] GC(501) Phase 2: Prepare for compaction 31.185ms
[268.992s][info][gc,phases,start] GC(501) Phase 3: Adjust pointers
[269.063s][info][gc,phases      ] GC(501) Phase 3: Adjust pointers 70.755ms
[269.063s][info][gc,phases,start] GC(501) Phase 4: Compact heap
[269.087s][info][gc,phases      ] GC(501) Phase 4: Compact heap 23.830ms
[269.091s][info][gc,heap        ] GC(501) Eden regions: 0->0(25)
[269.091s][info][gc,heap        ] GC(501) Survivor regions: 0->0(0)
[269.091s][info][gc,heap        ] GC(501) Old regions: 499->482
[269.091s][info][gc,heap        ] GC(501) Archive regions: 2->2
[269.091s][info][gc,heap        ] GC(501) Humongous regions: 11->11
[269.091s][info][gc,metaspace   ] GC(501) Metaspace: 44225K(45312K)->44131K(45312K) NonClass: 38991K(39680K)->38910K(39680K) Class: 5234K(5632K)->5220K(5632K)
[269.091s][info][gc             ] GC(501) Pause Full (G1 Evacuation Pause) 506M->490M(512M) 354.697ms
[269.092s][info][gc,cpu         ] GC(501) User=2.46s Sys=0.03s Real=0.35s
[269.195s][info][gc,start       ] GC(502) Pause Young (Concurrent Start) (G1 Evacuation Pause)
[269.195s][info][gc,task        ] GC(502) Using 8 workers of 8 for evacuation
[269.199s][info][gc             ] GC(502) To-space exhausted
[269.199s][info][gc,phases      ] GC(502)   Pre Evacuate Collection Set: 0.1ms
[269.199s][info][gc,phases      ] GC(502)   Merge Heap Roots: 0.0ms
[269.199s][info][gc,phases      ] GC(502)   Evacuate Collection Set: 0.9ms
[269.199s][info][gc,phases      ] GC(502)   Post Evacuate Collection Set: 2.7ms
[269.199s][info][gc,phases      ] GC(502)   Other: 0.2ms
[269.199s][info][gc,heap        ] GC(502) Eden regions: 17->0(25)
[269.199s][info][gc,heap        ] GC(502) Survivor regions: 0->0(0)
[269.199s][info][gc,heap        ] GC(502) Old regions: 482->499
[269.199s][info][gc,heap        ] GC(502) Archive regions: 2->2
[269.199s][info][gc,heap        ] GC(502) Humongous regions: 11->11
[269.199s][info][gc,metaspace   ] GC(502) Metaspace: 44264K(45312K)->44264K(45312K) NonClass: 39026K(39680K)->39026K(39680K) Class: 5238K(5632K)->5238K(5632K)
[269.199s][info][gc             ] GC(502) Pause Young (Concurrent Start) (G1 Evacuation Pause) 507M->507M(512M) 3.932ms
[269.199s][info][gc,cpu         ] GC(502) User=0.01s Sys=0.00s Real=0.01s
[269.199s][info][gc,ergo        ] Attempting maximally compacting collection
[269.199s][info][gc             ] GC(503) Concurrent Cycle
[269.199s][info][gc,task        ] GC(504) Using 8 workers of 8 for full compaction
[269.199s][info][gc,marking     ] GC(503) Concurrent Clear Claimed Marks
[269.199s][info][gc,start       ] GC(504) Pause Full (G1 Evacuation Pause)
[269.199s][info][gc,marking     ] GC(503) Concurrent Clear Claimed Marks 0.048ms
[269.199s][info][gc,marking     ] GC(503) Concurrent Scan Root Regions
[269.199s][info][gc,marking     ] GC(503) Concurrent Scan Root Regions 0.011ms
[269.199s][info][gc,marking     ] GC(503) Concurrent Mark (269.199s)
[269.199s][info][gc,marking     ] GC(503) Concurrent Mark From Roots
[269.199s][info][gc,task        ] GC(503) Using 2 workers of 2 for marking
[269.200s][info][gc,phases,start] GC(504) Phase 1: Mark live objects
[269.427s][info][gc,phases      ] GC(504) Phase 1: Mark live objects 227.334ms
[269.427s][info][gc,phases,start] GC(504) Phase 2: Prepare for compaction
[269.459s][info][gc,phases      ] GC(504) Phase 2: Prepare for compaction 31.787ms
[269.459s][info][gc,phases,start] GC(504) Phase 3: Adjust pointers
[269.533s][info][gc,phases      ] GC(504) Phase 3: Adjust pointers 73.428ms
[269.533s][info][gc,phases,start] GC(504) Phase 4: Compact heap
[269.561s][info][gc,phases      ] GC(504) Phase 4: Compact heap 28.400ms
[269.565s][info][gc,heap        ] GC(504) Eden regions: 0->0(25)
[269.565s][info][gc,heap        ] GC(504) Survivor regions: 0->0(0)
[269.565s][info][gc,heap        ] GC(504) Old regions: 499->484
[269.565s][info][gc,heap        ] GC(504) Archive regions: 2->2
[269.565s][info][gc,heap        ] GC(504) Humongous regions: 11->11
[269.565s][info][gc,metaspace   ] GC(504) Metaspace: 44264K(45312K)->44159K(45312K) NonClass: 39026K(39680K)->38936K(39680K) Class: 5238K(5632K)->5223K(5632K)
[269.565s][info][gc             ] GC(504) Pause Full (G1 Evacuation Pause) 507M->490M(512M) 366.122ms
[269.567s][info][gc,cpu         ] GC(504) User=2.47s Sys=0.02s Real=0.37s
[269.568s][info][gc,marking     ] GC(503) Concurrent Mark From Roots 368.118ms
[269.568s][info][gc,marking     ] GC(503) Concurrent Mark Abort
[269.568s][info][gc             ] GC(503) Concurrent Cycle 368.275ms
[269.619s][info][gc,start       ] GC(505) Pause Young (Normal) (G1 Evacuation Pause)
[269.619s][info][gc,task        ] GC(505) Using 8 workers of 8 for evacuation
[269.622s][info][gc             ] GC(505) To-space exhausted
[269.622s][info][gc,phases      ] GC(505)   Pre Evacuate Collection Set: 0.1ms
[269.622s][info][gc,phases      ] GC(505)   Merge Heap Roots: 0.1ms
[269.622s][info][gc,phases      ] GC(505)   Evacuate Collection Set: 0.9ms
[269.622s][info][gc,phases      ] GC(505)   Post Evacuate Collection Set: 2.0ms
[269.622s][info][gc,phases      ] GC(505)   Other: 0.2ms
[269.622s][info][gc,heap        ] GC(505) Eden regions: 15->0(25)
[269.622s][info][gc,heap        ] GC(505) Survivor regions: 0->0(0)
[269.622s][info][gc,heap        ] GC(505) Old regions: 484->499
[269.622s][info][gc,heap        ] GC(505) Archive regions: 2->2
[269.622s][info][gc,heap        ] GC(505) Humongous regions: 11->11
[269.622s][info][gc,metaspace   ] GC(505) Metaspace: 44239K(45312K)->44239K(45312K) NonClass: 39005K(39680K)->39005K(39680K) Class: 5234K(5632K)->5234K(5632K)
[269.622s][info][gc             ] GC(505) Pause Young (Normal) (G1 Evacuation Pause) 505M->505M(512M) 3.176ms
[269.622s][info][gc,cpu         ] GC(505) User=0.01s Sys=0.00s Real=0.00s
[269.622s][info][gc,ergo        ] Attempting maximally compacting collection
[269.622s][info][gc,task        ] GC(506) Using 8 workers of 8 for full compaction
[269.622s][info][gc,start       ] GC(506) Pause Full (G1 Evacuation Pause)
[269.622s][info][gc,phases,start] GC(506) Phase 1: Mark live objects
[269.847s][info][gc,phases      ] GC(506) Phase 1: Mark live objects 224.559ms
[269.847s][info][gc,phases,start] GC(506) Phase 2: Prepare for compaction
[269.876s][info][gc,phases      ] GC(506) Phase 2: Prepare for compaction 29.300ms
[269.876s][info][gc,phases,start] GC(506) Phase 3: Adjust pointers
[269.952s][info][gc,phases      ] GC(506) Phase 3: Adjust pointers 75.963ms
[269.952s][info][gc,phases,start] GC(506) Phase 4: Compact heap
[269.977s][info][gc,phases      ] GC(506) Phase 4: Compact heap 25.053ms
[269.982s][info][gc,heap        ] GC(506) Eden regions: 0->0(25)
[269.982s][info][gc,heap        ] GC(506) Survivor regions: 0->0(0)
[269.982s][info][gc,heap        ] GC(506) Old regions: 499->483
[269.982s][info][gc,heap        ] GC(506) Archive regions: 2->2
[269.982s][info][gc,heap        ] GC(506) Humongous regions: 11->11
[269.982s][info][gc,metaspace   ] GC(506) Metaspace: 44239K(45312K)->44146K(45312K) NonClass: 39005K(39680K)->38925K(39680K) Class: 5234K(5632K)->5220K(5632K)
[269.982s][info][gc             ] GC(506) Pause Full (G1 Evacuation Pause) 505M->491M(512M) 359.516ms
[269.983s][info][gc,cpu         ] GC(506) User=2.45s Sys=0.02s Real=0.36s
[270.063s][info][gc,start       ] GC(507) Pause Young (Concurrent Start) (G1 Evacuation Pause)
[270.064s][info][gc,task        ] GC(507) Using 8 workers of 8 for evacuation
[270.067s][info][gc             ] GC(507) To-space exhausted
[270.067s][info][gc,phases      ] GC(507)   Pre Evacuate Collection Set: 0.1ms
[270.067s][info][gc,phases      ] GC(507)   Merge Heap Roots: 0.0ms
[270.067s][info][gc,phases      ] GC(507)   Evacuate Collection Set: 0.9ms
[270.067s][info][gc,phases      ] GC(507)   Post Evacuate Collection Set: 2.4ms
[270.067s][info][gc,phases      ] GC(507)   Other: 0.2ms
[270.067s][info][gc,heap        ] GC(507) Eden regions: 16->0(25)
[270.067s][info][gc,heap        ] GC(507) Survivor regions: 0->0(0)
[270.067s][info][gc,heap        ] GC(507) Old regions: 483->499
[270.067s][info][gc,heap        ] GC(507) Archive regions: 2->2
[270.067s][info][gc,heap        ] GC(507) Humongous regions: 11->11
[270.067s][info][gc,metaspace   ] GC(507) Metaspace: 44258K(45312K)->44258K(45312K) NonClass: 39021K(39680K)->39021K(39680K) Class: 5237K(5632K)->5237K(5632K)
[270.067s][info][gc             ] GC(507) Pause Young (Concurrent Start) (G1 Evacuation Pause) 507M->507M(512M) 3.650ms
[270.067s][info][gc,cpu         ] GC(507) User=0.02s Sys=0.00s Real=0.01s
[270.067s][info][gc,ergo        ] Attempting maximally compacting collection
[270.067s][info][gc,task        ] GC(508) Using 8 workers of 8 for full compaction
[270.067s][info][gc,start       ] GC(508) Pause Full (G1 Evacuation Pause)
[270.067s][info][gc             ] GC(509) Concurrent Cycle
[270.067s][info][gc,marking     ] GC(509) Concurrent Clear Claimed Marks
[270.067s][info][gc,marking     ] GC(509) Concurrent Clear Claimed Marks 0.082ms
[270.067s][info][gc,marking     ] GC(509) Concurrent Scan Root Regions
[270.067s][info][gc,marking     ] GC(509) Concurrent Scan Root Regions 0.015ms
[270.067s][info][gc,marking     ] GC(509) Concurrent Mark (270.067s)
[270.067s][info][gc,marking     ] GC(509) Concurrent Mark From Roots
[270.067s][info][gc,task        ] GC(509) Using 2 workers of 2 for marking
[270.068s][info][gc,phases,start] GC(508) Phase 1: Mark live objects
[270.301s][info][gc,phases      ] GC(508) Phase 1: Mark live objects 232.874ms
[270.301s][info][gc,phases,start] GC(508) Phase 2: Prepare for compaction
[270.332s][info][gc,phases      ] GC(508) Phase 2: Prepare for compaction 30.837ms
[270.332s][info][gc,phases,start] GC(508) Phase 3: Adjust pointers
[270.401s][info][gc,phases      ] GC(508) Phase 3: Adjust pointers 69.795ms
[270.401s][info][gc,phases,start] GC(508) Phase 4: Compact heap
[270.428s][info][gc,phases      ] GC(508) Phase 4: Compact heap 26.817ms
[270.433s][info][gc,heap        ] GC(508) Eden regions: 0->0(25)
[270.433s][info][gc,heap        ] GC(508) Survivor regions: 0->0(0)
[270.433s][info][gc,heap        ] GC(508) Old regions: 499->485
[270.433s][info][gc,heap        ] GC(508) Archive regions: 2->2
[270.433s][info][gc,heap        ] GC(508) Humongous regions: 11->11
[270.433s][info][gc,metaspace   ] GC(508) Metaspace: 44258K(45312K)->44146K(45312K) NonClass: 39021K(39680K)->38925K(39680K) Class: 5237K(5632K)->5220K(5632K)
[270.433s][info][gc             ] GC(508) Pause Full (G1 Evacuation Pause) 507M->491M(512M) 365.590ms
[270.435s][info][gc,cpu         ] GC(508) User=2.45s Sys=0.03s Real=0.36s
[270.435s][info][gc,marking     ] GC(509) Concurrent Mark From Roots 367.573ms
[270.435s][info][gc,marking     ] GC(509) Concurrent Mark Abort
[270.435s][info][gc             ] GC(509) Concurrent Cycle 367.790ms
[270.481s][info][gc,start       ] GC(510) Pause Young (Normal) (G1 Evacuation Pause)
[270.481s][info][gc,task        ] GC(510) Using 8 workers of 8 for evacuation
[270.484s][info][gc             ] GC(510) To-space exhausted
[270.484s][info][gc,phases      ] GC(510)   Pre Evacuate Collection Set: 0.1ms
[270.484s][info][gc,phases      ] GC(510)   Merge Heap Roots: 0.0ms
[270.484s][info][gc,phases      ] GC(510)   Evacuate Collection Set: 0.7ms
[270.484s][info][gc,phases      ] GC(510)   Post Evacuate Collection Set: 1.5ms
[270.484s][info][gc,phases      ] GC(510)   Other: 0.2ms
[270.484s][info][gc,heap        ] GC(510) Eden regions: 14->0(25)
[270.484s][info][gc,heap        ] GC(510) Survivor regions: 0->0(0)
[270.484s][info][gc,heap        ] GC(510) Old regions: 485->499
[270.484s][info][gc,heap        ] GC(510) Archive regions: 2->2
[270.484s][info][gc,heap        ] GC(510) Humongous regions: 11->11
[270.484s][info][gc,metaspace   ] GC(510) Metaspace: 44239K(45312K)->44239K(45312K) NonClass: 39005K(39680K)->39005K(39680K) Class: 5234K(5632K)->5234K(5632K)
[270.484s][info][gc             ] GC(510) Pause Young (Normal) (G1 Evacuation Pause) 505M->505M(512M) 2.484ms
[270.484s][info][gc,cpu         ] GC(510) User=0.01s Sys=0.00s Real=0.00s
[270.484s][info][gc,ergo        ] Attempting maximally compacting collection
[270.484s][info][gc,task        ] GC(511) Using 8 workers of 8 for full compaction
[270.484s][info][gc,start       ] GC(511) Pause Full (G1 Evacuation Pause)
[270.484s][info][gc,phases,start] GC(511) Phase 1: Mark live objects
[270.705s][info][gc,phases      ] GC(511) Phase 1: Mark live objects 221.102ms
[270.705s][info][gc,phases,start] GC(511) Phase 2: Prepare for compaction
[270.735s][info][gc,phases      ] GC(511) Phase 2: Prepare for compaction 30.194ms
[270.735s][info][gc,phases,start] GC(511) Phase 3: Adjust pointers
[270.806s][info][gc,phases      ] GC(511) Phase 3: Adjust pointers 71.046ms
[270.806s][info][gc,phases,start] GC(511) Phase 4: Compact heap
[270.834s][info][gc,phases      ] GC(511) Phase 4: Compact heap 27.311ms
[270.838s][info][gc,heap        ] GC(511) Eden regions: 0->0(25)
[270.838s][info][gc,heap        ] GC(511) Survivor regions: 0->0(0)
[270.838s][info][gc,heap        ] GC(511) Old regions: 499->485
[270.838s][info][gc,heap        ] GC(511) Archive regions: 2->2
[270.838s][info][gc,heap        ] GC(511) Humongous regions: 11->11
[270.838s][info][gc,metaspace   ] GC(511) Metaspace: 44239K(45312K)->44146K(45312K) NonClass: 39005K(39680K)->38925K(39680K) Class: 5234K(5632K)->5220K(5632K)
[270.838s][info][gc             ] GC(511) Pause Full (G1 Evacuation Pause) 505M->491M(512M) 354.116ms
[270.840s][info][gc,cpu         ] GC(511) User=2.46s Sys=0.02s Real=0.36s
[270.918s][info][gc,start       ] GC(512) Pause Young (Concurrent Start) (G1 Evacuation Pause)
[270.918s][info][gc,task        ] GC(512) Using 8 workers of 8 for evacuation
[270.922s][info][gc             ] GC(512) To-space exhausted
[270.922s][info][gc,phases      ] GC(512)   Pre Evacuate Collection Set: 0.1ms
[270.922s][info][gc,phases      ] GC(512)   Merge Heap Roots: 0.1ms
[270.922s][info][gc,phases      ] GC(512)   Evacuate Collection Set: 1.1ms
[270.922s][info][gc,phases      ] GC(512)   Post Evacuate Collection Set: 2.9ms
[270.922s][info][gc,phases      ] GC(512)   Other: 0.2ms
[270.922s][info][gc,heap        ] GC(512) Eden regions: 14->0(25)
[270.922s][info][gc,heap        ] GC(512) Survivor regions: 0->0(0)
[270.922s][info][gc,heap        ] GC(512) Old regions: 485->499
[270.922s][info][gc,heap        ] GC(512) Archive regions: 2->2
[270.922s][info][gc,heap        ] GC(512) Humongous regions: 11->11
[270.922s][info][gc,metaspace   ] GC(512) Metaspace: 44242K(45568K)->44242K(45568K) NonClass: 39007K(39936K)->39007K(39936K) Class: 5234K(5632K)->5234K(5632K)
[270.922s][info][gc             ] GC(512) Pause Young (Concurrent Start) (G1 Evacuation Pause) 505M->505M(512M) 4.473ms
[270.922s][info][gc,cpu         ] GC(512) User=0.02s Sys=0.01s Real=0.00s
[270.922s][info][gc,ergo        ] Attempting maximally compacting collection
[270.922s][info][gc             ] GC(513) Concurrent Cycle
[270.922s][info][gc,task        ] GC(514) Using 8 workers of 8 for full compaction
[270.922s][info][gc,marking     ] GC(513) Concurrent Clear Claimed Marks
[270.923s][info][gc,start       ] GC(514) Pause Full (G1 Evacuation Pause)
[270.923s][info][gc,marking     ] GC(513) Concurrent Clear Claimed Marks 0.051ms
[270.923s][info][gc,marking     ] GC(513) Concurrent Scan Root Regions
[270.923s][info][gc,marking     ] GC(513) Concurrent Scan Root Regions 0.008ms
[270.923s][info][gc,marking     ] GC(513) Concurrent Mark (270.923s)
[270.923s][info][gc,marking     ] GC(513) Concurrent Mark From Roots
[270.923s][info][gc,task        ] GC(513) Using 2 workers of 2 for marking
[270.923s][info][gc,phases,start] GC(514) Phase 1: Mark live objects
[271.260s][info][gc,phases      ] GC(514) Phase 1: Mark live objects 336.199ms
[271.260s][info][gc,phases,start] GC(514) Phase 2: Prepare for compaction
[271.290s][info][gc,phases      ] GC(514) Phase 2: Prepare for compaction 29.950ms
[271.290s][info][gc,phases,start] GC(514) Phase 3: Adjust pointers
[271.361s][info][gc,phases      ] GC(514) Phase 3: Adjust pointers 71.095ms
[271.361s][info][gc,phases,start] GC(514) Phase 4: Compact heap
[271.388s][info][gc,phases      ] GC(514) Phase 4: Compact heap 26.845ms
[271.392s][info][gc,heap        ] GC(514) Eden regions: 0->0(25)
[271.392s][info][gc,heap        ] GC(514) Survivor regions: 0->0(0)
[271.392s][info][gc,heap        ] GC(514) Old regions: 499->486
[271.392s][info][gc,heap        ] GC(514) Archive regions: 2->2
[271.392s][info][gc,heap        ] GC(514) Humongous regions: 11->11
[271.392s][info][gc,metaspace   ] GC(514) Metaspace: 44242K(45568K)->44148K(45568K) NonClass: 39007K(39936K)->38927K(39936K) Class: 5234K(5632K)->5220K(5632K)
[271.392s][info][gc             ] GC(514) Pause Full (G1 Evacuation Pause) 505M->492M(512M) 469.518ms
[271.393s][info][gc,cpu         ] GC(514) User=2.47s Sys=0.02s Real=0.47s
[271.394s][info][gc,marking     ] GC(513) Concurrent Mark From Roots 471.027ms
[271.394s][info][gc,marking     ] GC(513) Concurrent Mark Abort
[271.394s][info][gc             ] GC(513) Concurrent Cycle 471.179ms
[271.472s][info][gc,start       ] GC(515) Pause Young (Normal) (G1 Evacuation Pause)
[271.472s][info][gc,task        ] GC(515) Using 8 workers of 8 for evacuation
[271.477s][info][gc             ] GC(515) To-space exhausted
[271.477s][info][gc,phases      ] GC(515)   Pre Evacuate Collection Set: 0.1ms
[271.477s][info][gc,phases      ] GC(515)   Merge Heap Roots: 0.0ms
[271.477s][info][gc,phases      ] GC(515)   Evacuate Collection Set: 0.9ms
[271.477s][info][gc,phases      ] GC(515)   Post Evacuate Collection Set: 3.2ms
[271.477s][info][gc,phases      ] GC(515)   Other: 0.2ms
[271.477s][info][gc,heap        ] GC(515) Eden regions: 13->0(25)
[271.477s][info][gc,heap        ] GC(515) Survivor regions: 0->0(0)
[271.477s][info][gc,heap        ] GC(515) Old regions: 486->499
[271.477s][info][gc,heap        ] GC(515) Archive regions: 2->2
[271.477s][info][gc,heap        ] GC(515) Humongous regions: 11->11
[271.477s][info][gc,metaspace   ] GC(515) Metaspace: 44262K(45568K)->44262K(45568K) NonClass: 39025K(39936K)->39025K(39936K) Class: 5237K(5632K)->5237K(5632K)
[271.477s][info][gc             ] GC(515) Pause Young (Normal) (G1 Evacuation Pause) 505M->505M(512M) 4.580ms
[271.477s][info][gc,cpu         ] GC(515) User=0.01s Sys=0.00s Real=0.01s
[271.477s][info][gc,ergo        ] Attempting maximally compacting collection
[271.477s][info][gc,task        ] GC(516) Using 8 workers of 8 for full compaction
[271.477s][info][gc,start       ] GC(516) Pause Full (G1 Evacuation Pause)
[271.477s][info][gc,phases,start] GC(516) Phase 1: Mark live objects
[271.712s][info][gc,phases      ] GC(516) Phase 1: Mark live objects 235.494ms
[271.712s][info][gc,phases,start] GC(516) Phase 2: Prepare for compaction
[271.742s][info][gc,phases      ] GC(516) Phase 2: Prepare for compaction 29.374ms
[271.742s][info][gc,phases,start] GC(516) Phase 3: Adjust pointers
[271.816s][info][gc,phases      ] GC(516) Phase 3: Adjust pointers 74.444ms
[271.816s][info][gc,phases,start] GC(516) Phase 4: Compact heap
[271.844s][info][gc,phases      ] GC(516) Phase 4: Compact heap 27.431ms
[271.848s][info][gc,heap        ] GC(516) Eden regions: 0->0(25)
[271.848s][info][gc,heap        ] GC(516) Survivor regions: 0->0(0)
[271.848s][info][gc,heap        ] GC(516) Old regions: 499->486
[271.848s][info][gc,heap        ] GC(516) Archive regions: 2->2
[271.848s][info][gc,heap        ] GC(516) Humongous regions: 11->11
[271.848s][info][gc,metaspace   ] GC(516) Metaspace: 44262K(45568K)->44211K(45568K) NonClass: 39025K(39936K)->38981K(39936K) Class: 5237K(5632K)->5230K(5632K)
[271.848s][info][gc             ] GC(516) Pause Full (G1 Evacuation Pause) 505M->492M(512M) 371.306ms
[271.850s][info][gc,cpu         ] GC(516) User=2.48s Sys=0.04s Real=0.37s
[271.904s][info][gc,start       ] GC(517) Pause Young (Concurrent Start) (G1 Evacuation Pause)
[271.904s][info][gc,task        ] GC(517) Using 8 workers of 8 for evacuation
[271.907s][info][gc             ] GC(517) To-space exhausted
[271.907s][info][gc,phases      ] GC(517)   Pre Evacuate Collection Set: 0.1ms
[271.907s][info][gc,phases      ] GC(517)   Merge Heap Roots: 0.0ms
[271.907s][info][gc,phases      ] GC(517)   Evacuate Collection Set: 0.6ms
[271.907s][info][gc,phases      ] GC(517)   Post Evacuate Collection Set: 1.7ms
[271.907s][info][gc,phases      ] GC(517)   Other: 0.2ms
[271.907s][info][gc,heap        ] GC(517) Eden regions: 13->0(25)
[271.907s][info][gc,heap        ] GC(517) Survivor regions: 0->0(0)
[271.907s][info][gc,heap        ] GC(517) Old regions: 486->499
[271.907s][info][gc,heap        ] GC(517) Archive regions: 2->2
[271.907s][info][gc,heap        ] GC(517) Humongous regions: 11->11
[271.907s][info][gc,metaspace   ] GC(517) Metaspace: 44243K(45568K)->44243K(45568K) NonClass: 39008K(39936K)->39008K(39936K) Class: 5234K(5632K)->5234K(5632K)
[271.907s][info][gc             ] GC(517) Pause Young (Concurrent Start) (G1 Evacuation Pause) 505M->505M(512M) 2.667ms
[271.907s][info][gc,cpu         ] GC(517) User=0.01s Sys=0.00s Real=0.01s
[271.907s][info][gc,ergo        ] Attempting maximally compacting collection
[271.907s][info][gc             ] GC(518) Concurrent Cycle
[271.907s][info][gc,task        ] GC(519) Using 8 workers of 8 for full compaction
[271.907s][info][gc,marking     ] GC(518) Concurrent Clear Claimed Marks
[271.907s][info][gc,start       ] GC(519) Pause Full (G1 Evacuation Pause)
[271.907s][info][gc,marking     ] GC(518) Concurrent Clear Claimed Marks 0.050ms
[271.907s][info][gc,marking     ] GC(518) Concurrent Scan Root Regions
[271.907s][info][gc,marking     ] GC(518) Concurrent Scan Root Regions 0.017ms
[271.907s][info][gc,marking     ] GC(518) Concurrent Mark (271.907s)
[271.907s][info][gc,marking     ] GC(518) Concurrent Mark From Roots
[271.907s][info][gc,task        ] GC(518) Using 2 workers of 2 for marking
[271.908s][info][gc,phases,start] GC(519) Phase 1: Mark live objects
[272.145s][info][gc,phases      ] GC(519) Phase 1: Mark live objects 236.659ms
[272.145s][info][gc,phases,start] GC(519) Phase 2: Prepare for compaction
[272.173s][info][gc,phases      ] GC(519) Phase 2: Prepare for compaction 28.441ms
[272.173s][info][gc,phases,start] GC(519) Phase 3: Adjust pointers
[272.247s][info][gc,phases      ] GC(519) Phase 3: Adjust pointers 74.023ms
[272.247s][info][gc,phases,start] GC(519) Phase 4: Compact heap
[272.274s][info][gc,phases      ] GC(519) Phase 4: Compact heap 26.402ms
[272.278s][info][gc,heap        ] GC(519) Eden regions: 0->0(25)
[272.278s][info][gc,heap        ] GC(519) Survivor regions: 0->0(0)
[272.278s][info][gc,heap        ] GC(519) Old regions: 499->486
[272.278s][info][gc,heap        ] GC(519) Archive regions: 2->2
[272.278s][info][gc,heap        ] GC(519) Humongous regions: 11->11
[272.278s][info][gc,metaspace   ] GC(519) Metaspace: 44243K(45568K)->44149K(45568K) NonClass: 39008K(39936K)->38928K(39936K) Class: 5234K(5632K)->5220K(5632K)
[272.278s][info][gc             ] GC(519) Pause Full (G1 Evacuation Pause) 505M->492M(512M) 370.519ms
[272.280s][info][gc,cpu         ] GC(519) User=2.48s Sys=0.03s Real=0.37s
[272.280s][info][gc,marking     ] GC(518) Concurrent Mark From Roots 372.482ms
[272.280s][info][gc,marking     ] GC(518) Concurrent Mark Abort
[272.280s][info][gc             ] GC(518) Concurrent Cycle 372.687ms
[272.323s][info][gc,start       ] GC(520) Pause Young (Normal) (G1 Evacuation Pause)
[272.323s][info][gc,task        ] GC(520) Using 8 workers of 8 for evacuation
[272.325s][info][gc             ] GC(520) To-space exhausted
[272.325s][info][gc,phases      ] GC(520)   Pre Evacuate Collection Set: 0.1ms
[272.325s][info][gc,phases      ] GC(520)   Merge Heap Roots: 0.0ms
[272.325s][info][gc,phases      ] GC(520)   Evacuate Collection Set: 0.5ms
[272.325s][info][gc,phases      ] GC(520)   Post Evacuate Collection Set: 1.6ms
[272.325s][info][gc,phases      ] GC(520)   Other: 0.1ms
[272.325s][info][gc,heap        ] GC(520) Eden regions: 13->0(25)
[272.325s][info][gc,heap        ] GC(520) Survivor regions: 0->0(0)
[272.325s][info][gc,heap        ] GC(520) Old regions: 486->499
[272.325s][info][gc,heap        ] GC(520) Archive regions: 2->2
[272.325s][info][gc,heap        ] GC(520) Humongous regions: 11->11
[272.325s][info][gc,metaspace   ] GC(520) Metaspace: 44242K(45568K)->44242K(45568K) NonClass: 39008K(39936K)->39008K(39936K) Class: 5234K(5632K)->5234K(5632K)
[272.325s][info][gc             ] GC(520) Pause Young (Normal) (G1 Evacuation Pause) 505M->505M(512M) 2.366ms
[272.325s][info][gc,cpu         ] GC(520) User=0.01s Sys=0.00s Real=0.00s
[272.325s][info][gc,ergo        ] Attempting maximally compacting collection
[272.325s][info][gc,task        ] GC(521) Using 8 workers of 8 for full compaction
[272.325s][info][gc,start       ] GC(521) Pause Full (G1 Evacuation Pause)
[272.325s][info][gc,phases,start] GC(521) Phase 1: Mark live objects
[272.556s][info][gc,phases      ] GC(521) Phase 1: Mark live objects 230.671ms
[272.556s][info][gc,phases,start] GC(521) Phase 2: Prepare for compaction
[272.586s][info][gc,phases      ] GC(521) Phase 2: Prepare for compaction 30.230ms
[272.586s][info][gc,phases,start] GC(521) Phase 3: Adjust pointers
[272.658s][info][gc,phases      ] GC(521) Phase 3: Adjust pointers 72.210ms
[272.658s][info][gc,phases,start] GC(521) Phase 4: Compact heap
[272.686s][info][gc,phases      ] GC(521) Phase 4: Compact heap 27.794ms
[272.691s][info][gc,heap        ] GC(521) Eden regions: 0->0(25)
[272.691s][info][gc,heap        ] GC(521) Survivor regions: 0->0(0)
[272.691s][info][gc,heap        ] GC(521) Old regions: 499->486
[272.691s][info][gc,heap        ] GC(521) Archive regions: 2->2
[272.691s][info][gc,heap        ] GC(521) Humongous regions: 11->11
[272.691s][info][gc,metaspace   ] GC(521) Metaspace: 44242K(45568K)->44149K(45568K) NonClass: 39008K(39936K)->38928K(39936K) Class: 5234K(5632K)->5220K(5632K)
[272.691s][info][gc             ] GC(521) Pause Full (G1 Evacuation Pause) 505M->493M(512M) 365.979ms
[272.693s][info][gc,cpu         ] GC(521) User=2.49s Sys=0.04s Real=0.37s
[272.778s][info][gc,start       ] GC(522) Pause Young (Concurrent Start) (G1 Evacuation Pause)
[272.778s][info][gc,task        ] GC(522) Using 8 workers of 8 for evacuation
[272.782s][info][gc             ] GC(522) To-space exhausted
[272.782s][info][gc,phases      ] GC(522)   Pre Evacuate Collection Set: 0.1ms
[272.782s][info][gc,phases      ] GC(522)   Merge Heap Roots: 0.0ms
[272.782s][info][gc,phases      ] GC(522)   Evacuate Collection Set: 1.3ms
[272.782s][info][gc,phases      ] GC(522)   Post Evacuate Collection Set: 3.0ms
[272.782s][info][gc,phases      ] GC(522)   Other: 0.2ms
[272.782s][info][gc,heap        ] GC(522) Eden regions: 13->0(25)
[272.782s][info][gc,heap        ] GC(522) Survivor regions: 0->0(0)
[272.782s][info][gc,heap        ] GC(522) Old regions: 486->499
[272.782s][info][gc,heap        ] GC(522) Archive regions: 2->2
[272.782s][info][gc,heap        ] GC(522) Humongous regions: 11->11
[272.782s][info][gc,metaspace   ] GC(522) Metaspace: 44267K(45568K)->44267K(45568K) NonClass: 39029K(39936K)->39029K(39936K) Class: 5238K(5632K)->5238K(5632K)
[272.782s][info][gc             ] GC(522) Pause Young (Concurrent Start) (G1 Evacuation Pause) 506M->506M(512M) 4.684ms
[272.782s][info][gc,cpu         ] GC(522) User=0.02s Sys=0.00s Real=0.00s
[272.782s][info][gc,ergo        ] Attempting maximally compacting collection
[272.782s][info][gc             ] GC(523) Concurrent Cycle
[272.782s][info][gc,task        ] GC(524) Using 8 workers of 8 for full compaction
[272.782s][info][gc,marking     ] GC(523) Concurrent Clear Claimed Marks
[272.782s][info][gc,start       ] GC(524) Pause Full (G1 Evacuation Pause)
[272.782s][info][gc,marking     ] GC(523) Concurrent Clear Claimed Marks 0.047ms
[272.782s][info][gc,marking     ] GC(523) Concurrent Scan Root Regions
[272.782s][info][gc,marking     ] GC(523) Concurrent Scan Root Regions 0.013ms
[272.782s][info][gc,marking     ] GC(523) Concurrent Mark (272.782s)
[272.782s][info][gc,marking     ] GC(523) Concurrent Mark From Roots
[272.782s][info][gc,task        ] GC(523) Using 2 workers of 2 for marking
[272.783s][info][gc,phases,start] GC(524) Phase 1: Mark live objects
[273.019s][info][gc,phases      ] GC(524) Phase 1: Mark live objects 235.806ms
[273.019s][info][gc,phases,start] GC(524) Phase 2: Prepare for compaction
[273.050s][info][gc,phases      ] GC(524) Phase 2: Prepare for compaction 31.124ms
[273.050s][info][gc,phases,start] GC(524) Phase 3: Adjust pointers
[273.123s][info][gc,phases      ] GC(524) Phase 3: Adjust pointers 73.425ms
[273.124s][info][gc,phases,start] GC(524) Phase 4: Compact heap
[273.150s][info][gc,phases      ] GC(524) Phase 4: Compact heap 26.245ms
[273.154s][info][gc,heap        ] GC(524) Eden regions: 0->0(25)
[273.154s][info][gc,heap        ] GC(524) Survivor regions: 0->0(0)
[273.154s][info][gc,heap        ] GC(524) Old regions: 499->486
[273.154s][info][gc,heap        ] GC(524) Archive regions: 2->2
[273.154s][info][gc,heap        ] GC(524) Humongous regions: 11->11
[273.154s][info][gc,metaspace   ] GC(524) Metaspace: 44267K(45568K)->44212K(45568K) NonClass: 39029K(39936K)->38981K(39936K) Class: 5238K(5632K)->5230K(5632K)
[273.154s][info][gc             ] GC(524) Pause Full (G1 Evacuation Pause) 506M->493M(512M) 371.697ms
[273.155s][info][gc,cpu         ] GC(524) User=2.51s Sys=0.02s Real=0.37s
[273.155s][info][gc,marking     ] GC(523) Concurrent Mark From Roots 372.526ms
[273.155s][info][gc,marking     ] GC(523) Concurrent Mark Abort
[273.155s][info][gc             ] GC(523) Concurrent Cycle 372.678ms
[273.200s][info][gc,start       ] GC(525) Pause Young (Normal) (G1 Evacuation Pause)
[273.200s][info][gc,task        ] GC(525) Using 8 workers of 8 for evacuation
[273.203s][info][gc             ] GC(525) To-space exhausted
[273.203s][info][gc,phases      ] GC(525)   Pre Evacuate Collection Set: 0.1ms
[273.203s][info][gc,phases      ] GC(525)   Merge Heap Roots: 0.0ms
[273.203s][info][gc,phases      ] GC(525)   Evacuate Collection Set: 0.5ms
[273.203s][info][gc,phases      ] GC(525)   Post Evacuate Collection Set: 2.4ms
[273.203s][info][gc,phases      ] GC(525)   Other: 0.2ms
[273.203s][info][gc,heap        ] GC(525) Eden regions: 13->0(25)
[273.203s][info][gc,heap        ] GC(525) Survivor regions: 0->0(0)
[273.203s][info][gc,heap        ] GC(525) Old regions: 486->499
[273.203s][info][gc,heap        ] GC(525) Archive regions: 2->2
[273.203s][info][gc,heap        ] GC(525) Humongous regions: 11->11
[273.203s][info][gc,metaspace   ] GC(525) Metaspace: 44243K(45568K)->44243K(45568K) NonClass: 39008K(39936K)->39008K(39936K) Class: 5234K(5632K)->5234K(5632K)
[273.203s][info][gc             ] GC(525) Pause Young (Normal) (G1 Evacuation Pause) 506M->506M(512M) 3.262ms
[273.203s][info][gc,cpu         ] GC(525) User=0.02s Sys=0.00s Real=0.00s
[273.203s][info][gc,ergo        ] Attempting maximally compacting collection
[273.203s][info][gc,task        ] GC(526) Using 8 workers of 8 for full compaction
[273.203s][info][gc,start       ] GC(526) Pause Full (G1 Evacuation Pause)
[273.203s][info][gc,phases,start] GC(526) Phase 1: Mark live objects
[273.433s][info][gc,phases      ] GC(526) Phase 1: Mark live objects 229.768ms
[273.433s][info][gc,phases,start] GC(526) Phase 2: Prepare for compaction
[273.464s][info][gc,phases      ] GC(526) Phase 2: Prepare for compaction 31.039ms
[273.464s][info][gc,phases,start] GC(526) Phase 3: Adjust pointers
[273.537s][info][gc,phases      ] GC(526) Phase 3: Adjust pointers 73.396ms
[273.537s][info][gc,phases,start] GC(526) Phase 4: Compact heap
[273.560s][info][gc,phases      ] GC(526) Phase 4: Compact heap 22.801ms
[273.565s][info][gc,heap        ] GC(526) Eden regions: 0->0(25)
[273.565s][info][gc,heap        ] GC(526) Survivor regions: 0->0(0)
[273.565s][info][gc,heap        ] GC(526) Old regions: 499->486
[273.565s][info][gc,heap        ] GC(526) Archive regions: 2->2
[273.565s][info][gc,heap        ] GC(526) Humongous regions: 11->11
[273.565s][info][gc,metaspace   ] GC(526) Metaspace: 44243K(45568K)->44149K(45568K) NonClass: 39008K(39936K)->38928K(39936K) Class: 5234K(5632K)->5220K(5632K)
[273.565s][info][gc             ] GC(526) Pause Full (G1 Evacuation Pause) 506M->493M(512M) 362.096ms
[273.567s][info][gc,cpu         ] GC(526) User=2.49s Sys=0.03s Real=0.37s
[273.616s][info][gc,start       ] GC(527) Pause Young (Concurrent Start) (G1 Evacuation Pause)
[273.616s][info][gc,task        ] GC(527) Using 8 workers of 8 for evacuation
[273.619s][info][gc             ] GC(527) To-space exhausted
[273.619s][info][gc,phases      ] GC(527)   Pre Evacuate Collection Set: 0.1ms
[273.619s][info][gc,phases      ] GC(527)   Merge Heap Roots: 0.0ms
[273.619s][info][gc,phases      ] GC(527)   Evacuate Collection Set: 0.6ms
[273.619s][info][gc,phases      ] GC(527)   Post Evacuate Collection Set: 1.7ms
[273.619s][info][gc,phases      ] GC(527)   Other: 0.2ms
[273.619s][info][gc,heap        ] GC(527) Eden regions: 13->0(25)
[273.619s][info][gc,heap        ] GC(527) Survivor regions: 0->0(0)
[273.619s][info][gc,heap        ] GC(527) Old regions: 486->499
[273.619s][info][gc,heap        ] GC(527) Archive regions: 2->2
[273.619s][info][gc,heap        ] GC(527) Humongous regions: 11->11
[273.619s][info][gc,metaspace   ] GC(527) Metaspace: 44263K(45568K)->44263K(45568K) NonClass: 39026K(39936K)->39026K(39936K) Class: 5237K(5632K)->5237K(5632K)
[273.619s][info][gc             ] GC(527) Pause Young (Concurrent Start) (G1 Evacuation Pause) 506M->506M(512M) 2.681ms
[273.619s][info][gc,cpu         ] GC(527) User=0.01s Sys=0.00s Real=0.00s
[273.619s][info][gc,ergo        ] Attempting maximally compacting collection
[273.619s][info][gc             ] GC(529) Concurrent Cycle
[273.619s][info][gc,task        ] GC(528) Using 8 workers of 8 for full compaction
[273.619s][info][gc,marking     ] GC(529) Concurrent Clear Claimed Marks
[273.619s][info][gc,start       ] GC(528) Pause Full (G1 Evacuation Pause)
[273.619s][info][gc,marking     ] GC(529) Concurrent Clear Claimed Marks 0.043ms
[273.619s][info][gc,marking     ] GC(529) Concurrent Scan Root Regions
[273.619s][info][gc,marking     ] GC(529) Concurrent Scan Root Regions 0.016ms
[273.619s][info][gc,marking     ] GC(529) Concurrent Mark (273.619s)
[273.619s][info][gc,marking     ] GC(529) Concurrent Mark From Roots
[273.619s][info][gc,task        ] GC(529) Using 2 workers of 2 for marking
[273.619s][info][gc,phases,start] GC(528) Phase 1: Mark live objects
[273.901s][info][gc,phases      ] GC(528) Phase 1: Mark live objects 281.378ms
[273.901s][info][gc,phases,start] GC(528) Phase 2: Prepare for compaction
[273.943s][info][gc,phases      ] GC(528) Phase 2: Prepare for compaction 42.560ms
[273.943s][info][gc,phases,start] GC(528) Phase 3: Adjust pointers
[274.035s][info][gc,phases      ] GC(528) Phase 3: Adjust pointers 91.171ms
[274.035s][info][gc,phases,start] GC(528) Phase 4: Compact heap
[274.070s][info][gc,phases      ] GC(528) Phase 4: Compact heap 35.194ms
[274.074s][info][gc,heap        ] GC(528) Eden regions: 0->0(25)
[274.074s][info][gc,heap        ] GC(528) Survivor regions: 0->0(0)
[274.074s][info][gc,heap        ] GC(528) Old regions: 499->485
[274.074s][info][gc,heap        ] GC(528) Archive regions: 2->2
[274.074s][info][gc,heap        ] GC(528) Humongous regions: 11->11
[274.074s][info][gc,metaspace   ] GC(528) Metaspace: 44263K(45568K)->44208K(45568K) NonClass: 39026K(39936K)->38979K(39936K) Class: 5237K(5632K)->5229K(5632K)
[274.074s][info][gc             ] GC(528) Pause Full (G1 Evacuation Pause) 506M->494M(512M) 455.545ms
[274.076s][info][gc,cpu         ] GC(528) User=2.49s Sys=0.03s Real=0.46s
[274.076s][info][gc,marking     ] GC(529) Concurrent Mark From Roots 456.848ms
[274.076s][info][gc,marking     ] GC(529) Concurrent Mark Abort
[274.076s][info][gc             ] GC(529) Concurrent Cycle 457.068ms
[274.121s][info][gc,start       ] GC(530) Pause Young (Normal) (G1 Evacuation Pause)
[274.121s][info][gc,task        ] GC(530) Using 8 workers of 8 for evacuation
[274.124s][info][gc             ] GC(530) To-space exhausted
[274.124s][info][gc,phases      ] GC(530)   Pre Evacuate Collection Set: 0.1ms
[274.124s][info][gc,phases      ] GC(530)   Merge Heap Roots: 0.0ms
[274.124s][info][gc,phases      ] GC(530)   Evacuate Collection Set: 0.7ms
[274.124s][info][gc,phases      ] GC(530)   Post Evacuate Collection Set: 2.1ms
[274.124s][info][gc,phases      ] GC(530)   Other: 0.2ms
[274.124s][info][gc,heap        ] GC(530) Eden regions: 14->0(25)
[274.124s][info][gc,heap        ] GC(530) Survivor regions: 0->0(0)
[274.124s][info][gc,heap        ] GC(530) Old regions: 485->499
[274.124s][info][gc,heap        ] GC(530) Archive regions: 2->2
[274.124s][info][gc,heap        ] GC(530) Humongous regions: 11->11
[274.124s][info][gc,metaspace   ] GC(530) Metaspace: 44243K(45568K)->44243K(45568K) NonClass: 39009K(39936K)->39009K(39936K) Class: 5234K(5632K)->5234K(5632K)
[274.124s][info][gc             ] GC(530) Pause Young (Normal) (G1 Evacuation Pause) 508M->508M(512M) 3.145ms
[274.124s][info][gc,cpu         ] GC(530) User=0.02s Sys=0.00s Real=0.00s
[274.124s][info][gc,ergo        ] Attempting maximally compacting collection
[274.124s][info][gc,task        ] GC(531) Using 8 workers of 8 for full compaction
[274.124s][info][gc,start       ] GC(531) Pause Full (G1 Evacuation Pause)
[274.124s][info][gc,phases,start] GC(531) Phase 1: Mark live objects
[274.359s][info][gc,phases      ] GC(531) Phase 1: Mark live objects 235.301ms
[274.359s][info][gc,phases,start] GC(531) Phase 2: Prepare for compaction
[274.389s][info][gc,phases      ] GC(531) Phase 2: Prepare for compaction 30.032ms
[274.389s][info][gc,phases,start] GC(531) Phase 3: Adjust pointers
[274.470s][info][gc,phases      ] GC(531) Phase 3: Adjust pointers 80.682ms
[274.470s][info][gc,phases,start] GC(531) Phase 4: Compact heap
[274.496s][info][gc,phases      ] GC(531) Phase 4: Compact heap 26.354ms
[274.501s][info][gc,heap        ] GC(531) Eden regions: 0->0(25)
[274.501s][info][gc,heap        ] GC(531) Survivor regions: 0->0(0)
[274.501s][info][gc,heap        ] GC(531) Old regions: 499->488
[274.501s][info][gc,heap        ] GC(531) Archive regions: 2->2
[274.501s][info][gc,heap        ] GC(531) Humongous regions: 11->11
[274.501s][info][gc,metaspace   ] GC(531) Metaspace: 44243K(45568K)->44149K(45568K) NonClass: 39009K(39936K)->38928K(39936K) Class: 5234K(5632K)->5220K(5632K)
[274.501s][info][gc             ] GC(531) Pause Full (G1 Evacuation Pause) 508M->494M(512M) 376.699ms
[274.502s][info][gc,cpu         ] GC(531) User=2.50s Sys=0.03s Real=0.38s
[274.570s][info][gc,start       ] GC(532) Pause Young (Concurrent Start) (G1 Evacuation Pause)
[274.570s][info][gc,task        ] GC(532) Using 8 workers of 8 for evacuation
[274.573s][info][gc             ] GC(532) To-space exhausted
[274.573s][info][gc,phases      ] GC(532)   Pre Evacuate Collection Set: 0.1ms
[274.573s][info][gc,phases      ] GC(532)   Merge Heap Roots: 0.0ms
[274.573s][info][gc,phases      ] GC(532)   Evacuate Collection Set: 0.8ms
[274.573s][info][gc,phases      ] GC(532)   Post Evacuate Collection Set: 1.8ms
[274.573s][info][gc,phases      ] GC(532)   Other: 0.2ms
[274.573s][info][gc,heap        ] GC(532) Eden regions: 11->0(25)
[274.573s][info][gc,heap        ] GC(532) Survivor regions: 0->0(0)
[274.573s][info][gc,heap        ] GC(532) Old regions: 488->499
[274.573s][info][gc,heap        ] GC(532) Archive regions: 2->2
[274.573s][info][gc,heap        ] GC(532) Humongous regions: 11->11
[274.573s][info][gc,metaspace   ] GC(532) Metaspace: 44273K(45568K)->44273K(45568K) NonClass: 39035K(39936K)->39035K(39936K) Class: 5238K(5632K)->5238K(5632K)
[274.573s][info][gc             ] GC(532) Pause Young (Concurrent Start) (G1 Evacuation Pause) 505M->505M(512M) 3.022ms
[274.573s][info][gc,cpu         ] GC(532) User=0.01s Sys=0.00s Real=0.00s
[274.573s][info][gc,ergo        ] Attempting maximally compacting collection
[274.573s][info][gc             ] GC(533) Concurrent Cycle
[274.573s][info][gc,task        ] GC(534) Using 8 workers of 8 for full compaction
[274.573s][info][gc,marking     ] GC(533) Concurrent Clear Claimed Marks
[274.573s][info][gc,start       ] GC(534) Pause Full (G1 Evacuation Pause)
[274.573s][info][gc,marking     ] GC(533) Concurrent Clear Claimed Marks 0.043ms
[274.573s][info][gc,marking     ] GC(533) Concurrent Scan Root Regions
[274.573s][info][gc,marking     ] GC(533) Concurrent Scan Root Regions 0.006ms
[274.573s][info][gc,marking     ] GC(533) Concurrent Mark (274.573s)
[274.573s][info][gc,marking     ] GC(533) Concurrent Mark From Roots
[274.573s][info][gc,task        ] GC(533) Using 2 workers of 2 for marking
[274.574s][info][gc,phases,start] GC(534) Phase 1: Mark live objects
[274.809s][info][gc,phases      ] GC(534) Phase 1: Mark live objects 234.900ms
[274.809s][info][gc,phases,start] GC(534) Phase 2: Prepare for compaction
[274.840s][info][gc,phases      ] GC(534) Phase 2: Prepare for compaction 31.776ms
[274.840s][info][gc,phases,start] GC(534) Phase 3: Adjust pointers
[274.914s][info][gc,phases      ] GC(534) Phase 3: Adjust pointers 73.147ms
[274.914s][info][gc,phases,start] GC(534) Phase 4: Compact heap
[274.942s][info][gc,phases      ] GC(534) Phase 4: Compact heap 28.091ms
[274.947s][info][gc,heap        ] GC(534) Eden regions: 0->0(25)
[274.947s][info][gc,heap        ] GC(534) Survivor regions: 0->0(0)
[274.947s][info][gc,heap        ] GC(534) Old regions: 499->489
[274.947s][info][gc,heap        ] GC(534) Archive regions: 2->2
[274.947s][info][gc,heap        ] GC(534) Humongous regions: 11->11
[274.947s][info][gc,metaspace   ] GC(534) Metaspace: 44273K(45568K)->44176K(45568K) NonClass: 39035K(39936K)->38951K(39936K) Class: 5238K(5632K)->5224K(5632K)
[274.947s][info][gc             ] GC(534) Pause Full (G1 Evacuation Pause) 505M->494M(512M) 373.631ms
[274.948s][info][gc,cpu         ] GC(534) User=2.50s Sys=0.02s Real=0.38s
[274.948s][info][gc,marking     ] GC(533) Concurrent Mark From Roots 375.099ms
[274.948s][info][gc,marking     ] GC(533) Concurrent Mark Abort
[274.948s][info][gc             ] GC(533) Concurrent Cycle 375.239ms
[274.982s][info][gc,start       ] GC(535) Pause Young (Normal) (G1 Evacuation Pause)
[274.982s][info][gc,task        ] GC(535) Using 8 workers of 8 for evacuation
[274.985s][info][gc             ] GC(535) To-space exhausted
[274.985s][info][gc,phases      ] GC(535)   Pre Evacuate Collection Set: 0.1ms
[274.985s][info][gc,phases      ] GC(535)   Merge Heap Roots: 0.0ms
[274.985s][info][gc,phases      ] GC(535)   Evacuate Collection Set: 0.6ms
[274.985s][info][gc,phases      ] GC(535)   Post Evacuate Collection Set: 1.5ms
[274.985s][info][gc,phases      ] GC(535)   Other: 0.2ms
[274.985s][info][gc,heap        ] GC(535) Eden regions: 10->0(25)
[274.985s][info][gc,heap        ] GC(535) Survivor regions: 0->0(0)
[274.985s][info][gc,heap        ] GC(535) Old regions: 489->499
[274.985s][info][gc,heap        ] GC(535) Archive regions: 2->2
[274.985s][info][gc,heap        ] GC(535) Humongous regions: 11->11
[274.985s][info][gc,metaspace   ] GC(535) Metaspace: 44243K(45568K)->44243K(45568K) NonClass: 39009K(39936K)->39009K(39936K) Class: 5234K(5632K)->5234K(5632K)
[274.985s][info][gc             ] GC(535) Pause Young (Normal) (G1 Evacuation Pause) 504M->504M(512M) 2.388ms
[274.985s][info][gc,cpu         ] GC(535) User=0.00s Sys=0.00s Real=0.00s
[274.985s][info][gc,ergo        ] Attempting maximally compacting collection
[274.985s][info][gc,task        ] GC(536) Using 8 workers of 8 for full compaction
[274.985s][info][gc,start       ] GC(536) Pause Full (G1 Evacuation Pause)
[274.985s][info][gc,phases,start] GC(536) Phase 1: Mark live objects
[275.214s][info][gc,phases      ] GC(536) Phase 1: Mark live objects 229.149ms
[275.214s][info][gc,phases,start] GC(536) Phase 2: Prepare for compaction
[275.243s][info][gc,phases      ] GC(536) Phase 2: Prepare for compaction 28.575ms
[275.243s][info][gc,phases,start] GC(536) Phase 3: Adjust pointers
[275.321s][info][gc,phases      ] GC(536) Phase 3: Adjust pointers 78.205ms
[275.321s][info][gc,phases,start] GC(536) Phase 4: Compact heap
[275.346s][info][gc,phases      ] GC(536) Phase 4: Compact heap 24.777ms
[275.350s][info][gc,heap        ] GC(536) Eden regions: 0->0(25)
[275.350s][info][gc,heap        ] GC(536) Survivor regions: 0->0(0)
[275.350s][info][gc,heap        ] GC(536) Old regions: 499->488
[275.350s][info][gc,heap        ] GC(536) Archive regions: 2->2
[275.350s][info][gc,heap        ] GC(536) Humongous regions: 11->11
[275.350s][info][gc,metaspace   ] GC(536) Metaspace: 44243K(45568K)->44149K(45568K) NonClass: 39009K(39936K)->38928K(39936K) Class: 5234K(5632K)->5220K(5632K)
[275.350s][info][gc             ] GC(536) Pause Full (G1 Evacuation Pause) 504M->494M(512M) 365.175ms
[275.351s][info][gc,cpu         ] GC(536) User=2.50s Sys=0.03s Real=0.37s
[275.389s][info][gc,start       ] GC(537) Pause Young (Concurrent Start) (G1 Evacuation Pause)
[275.389s][info][gc,task        ] GC(537) Using 8 workers of 8 for evacuation
[275.392s][info][gc             ] GC(537) To-space exhausted
[275.392s][info][gc,phases      ] GC(537)   Pre Evacuate Collection Set: 0.1ms
[275.392s][info][gc,phases      ] GC(537)   Merge Heap Roots: 0.1ms
[275.392s][info][gc,phases      ] GC(537)   Evacuate Collection Set: 0.6ms
[275.392s][info][gc,phases      ] GC(537)   Post Evacuate Collection Set: 1.4ms
[275.392s][info][gc,phases      ] GC(537)   Other: 0.2ms
[275.392s][info][gc,heap        ] GC(537) Eden regions: 11->0(25)
[275.392s][info][gc,heap        ] GC(537) Survivor regions: 0->0(0)
[275.392s][info][gc,heap        ] GC(537) Old regions: 488->499
[275.392s][info][gc,heap        ] GC(537) Archive regions: 2->2
[275.392s][info][gc,heap        ] GC(537) Humongous regions: 11->11
[275.392s][info][gc,metaspace   ] GC(537) Metaspace: 44264K(45568K)->44264K(45568K) NonClass: 39026K(39936K)->39026K(39936K) Class: 5237K(5632K)->5237K(5632K)
[275.392s][info][gc             ] GC(537) Pause Young (Concurrent Start) (G1 Evacuation Pause) 505M->505M(512M) 2.364ms
[275.392s][info][gc,cpu         ] GC(537) User=0.01s Sys=0.00s Real=0.00s
[275.392s][info][gc,ergo        ] Attempting maximally compacting collection
[275.392s][info][gc             ] GC(539) Concurrent Cycle
[275.392s][info][gc,task        ] GC(538) Using 8 workers of 8 for full compaction
[275.392s][info][gc,marking     ] GC(539) Concurrent Clear Claimed Marks
[275.392s][info][gc,start       ] GC(538) Pause Full (G1 Evacuation Pause)
[275.392s][info][gc,marking     ] GC(539) Concurrent Clear Claimed Marks 0.040ms
[275.392s][info][gc,marking     ] GC(539) Concurrent Scan Root Regions
[275.392s][info][gc,marking     ] GC(539) Concurrent Scan Root Regions 0.005ms
[275.392s][info][gc,marking     ] GC(539) Concurrent Mark (275.392s)
[275.392s][info][gc,marking     ] GC(539) Concurrent Mark From Roots
[275.392s][info][gc,task        ] GC(539) Using 2 workers of 2 for marking
[275.392s][info][gc,phases,start] GC(538) Phase 1: Mark live objects
[275.636s][info][gc,phases      ] GC(538) Phase 1: Mark live objects 243.995ms
[275.636s][info][gc,phases,start] GC(538) Phase 2: Prepare for compaction
[275.668s][info][gc,phases      ] GC(538) Phase 2: Prepare for compaction 31.821ms
[275.668s][info][gc,phases,start] GC(538) Phase 3: Adjust pointers
[275.742s][info][gc,phases      ] GC(538) Phase 3: Adjust pointers 73.273ms
[275.742s][info][gc,phases,start] GC(538) Phase 4: Compact heap
[275.770s][info][gc,phases      ] GC(538) Phase 4: Compact heap 28.006ms
[275.774s][info][gc,heap        ] GC(538) Eden regions: 0->0(25)
[275.774s][info][gc,heap        ] GC(538) Survivor regions: 0->0(0)
[275.774s][info][gc,heap        ] GC(538) Old regions: 499->487
[275.774s][info][gc,heap        ] GC(538) Archive regions: 2->2
[275.774s][info][gc,heap        ] GC(538) Humongous regions: 11->11
[275.774s][info][gc,metaspace   ] GC(538) Metaspace: 44264K(45568K)->44201K(45568K) NonClass: 39026K(39936K)->38973K(39936K) Class: 5237K(5632K)->5228K(5632K)
[275.774s][info][gc             ] GC(538) Pause Full (G1 Evacuation Pause) 505M->495M(512M) 382.145ms
[275.775s][info][gc,cpu         ] GC(538) User=2.49s Sys=0.03s Real=0.38s
[275.775s][info][gc,marking     ] GC(539) Concurrent Mark From Roots 383.323ms
[275.775s][info][gc,marking     ] GC(539) Concurrent Mark Abort
[275.775s][info][gc             ] GC(539) Concurrent Cycle 383.463ms
[275.823s][info][gc,start       ] GC(540) Pause Young (Normal) (G1 Evacuation Pause)
[275.823s][info][gc,task        ] GC(540) Using 8 workers of 8 for evacuation
[275.825s][info][gc             ] GC(540) To-space exhausted
[275.825s][info][gc,phases      ] GC(540)   Pre Evacuate Collection Set: 0.1ms
[275.825s][info][gc,phases      ] GC(540)   Merge Heap Roots: 0.0ms
[275.825s][info][gc,phases      ] GC(540)   Evacuate Collection Set: 0.5ms
[275.825s][info][gc,phases      ] GC(540)   Post Evacuate Collection Set: 1.4ms
[275.825s][info][gc,phases      ] GC(540)   Other: 0.1ms
[275.825s][info][gc,heap        ] GC(540) Eden regions: 12->0(25)
[275.825s][info][gc,heap        ] GC(540) Survivor regions: 0->0(0)
[275.825s][info][gc,heap        ] GC(540) Old regions: 487->499
[275.825s][info][gc,heap        ] GC(540) Archive regions: 2->2
[275.825s][info][gc,heap        ] GC(540) Humongous regions: 11->11
[275.825s][info][gc,metaspace   ] GC(540) Metaspace: 44244K(45568K)->44244K(45568K) NonClass: 39009K(39936K)->39009K(39936K) Class: 5234K(5632K)->5234K(5632K)
[275.825s][info][gc             ] GC(540) Pause Young (Normal) (G1 Evacuation Pause) 507M->507M(512M) 2.195ms
[275.825s][info][gc,cpu         ] GC(540) User=0.01s Sys=0.00s Real=0.00s
[275.825s][info][gc,ergo        ] Attempting maximally compacting collection
[275.825s][info][gc,task        ] GC(541) Using 8 workers of 8 for full compaction
[275.825s][info][gc,start       ] GC(541) Pause Full (G1 Evacuation Pause)
[275.825s][info][gc,phases,start] GC(541) Phase 1: Mark live objects
[276.170s][info][gc,phases      ] GC(541) Phase 1: Mark live objects 345.444ms
[276.170s][info][gc,phases,start] GC(541) Phase 2: Prepare for compaction
[276.225s][info][gc,phases      ] GC(541) Phase 2: Prepare for compaction 54.170ms
[276.225s][info][gc,phases,start] GC(541) Phase 3: Adjust pointers
[276.301s][info][gc,phases      ] GC(541) Phase 3: Adjust pointers 76.259ms
[276.301s][info][gc,phases,start] GC(541) Phase 4: Compact heap
[276.328s][info][gc,phases      ] GC(541) Phase 4: Compact heap 26.961ms
[276.332s][info][gc,heap        ] GC(541) Eden regions: 0->0(25)
[276.332s][info][gc,heap        ] GC(541) Survivor regions: 0->0(0)
[276.332s][info][gc,heap        ] GC(541) Old regions: 499->486
[276.333s][info][gc,heap        ] GC(541) Archive regions: 2->2
[276.333s][info][gc,heap        ] GC(541) Humongous regions: 11->11
[276.333s][info][gc,metaspace   ] GC(541) Metaspace: 44244K(45568K)->44150K(45568K) NonClass: 39009K(39936K)->38929K(39936K) Class: 5234K(5632K)->5220K(5632K)
[276.333s][info][gc             ] GC(541) Pause Full (G1 Evacuation Pause) 507M->495M(512M) 507.659ms
[276.334s][info][gc,cpu         ] GC(541) User=2.46s Sys=0.04s Real=0.51s
[276.382s][info][gc,start       ] GC(542) Pause Young (Concurrent Start) (G1 Evacuation Pause)
[276.382s][info][gc,task        ] GC(542) Using 8 workers of 8 for evacuation
[276.387s][info][gc             ] GC(542) To-space exhausted
[276.387s][info][gc,phases      ] GC(542)   Pre Evacuate Collection Set: 0.1ms
[276.387s][info][gc,phases      ] GC(542)   Merge Heap Roots: 0.1ms
[276.387s][info][gc,phases      ] GC(542)   Evacuate Collection Set: 1.4ms
[276.387s][info][gc,phases      ] GC(542)   Post Evacuate Collection Set: 3.3ms
[276.387s][info][gc,phases      ] GC(542)   Other: 0.2ms
[276.387s][info][gc,heap        ] GC(542) Eden regions: 13->0(25)
[276.387s][info][gc,heap        ] GC(542) Survivor regions: 0->0(0)
[276.387s][info][gc,heap        ] GC(542) Old regions: 486->499
[276.387s][info][gc,heap        ] GC(542) Archive regions: 2->2
[276.387s][info][gc,heap        ] GC(542) Humongous regions: 11->11
[276.387s][info][gc,metaspace   ] GC(542) Metaspace: 44264K(45568K)->44264K(45568K) NonClass: 39027K(39936K)->39027K(39936K) Class: 5237K(5632K)->5237K(5632K)
[276.387s][info][gc             ] GC(542) Pause Young (Concurrent Start) (G1 Evacuation Pause) 508M->508M(512M) 5.181ms
[276.387s][info][gc,cpu         ] GC(542) User=0.01s Sys=0.00s Real=0.01s
[276.387s][info][gc,ergo        ] Attempting maximally compacting collection
[276.387s][info][gc             ] GC(543) Concurrent Cycle
[276.387s][info][gc,task        ] GC(544) Using 8 workers of 8 for full compaction
[276.387s][info][gc,marking     ] GC(543) Concurrent Clear Claimed Marks
[276.387s][info][gc,start       ] GC(544) Pause Full (G1 Evacuation Pause)
[276.387s][info][gc,marking     ] GC(543) Concurrent Clear Claimed Marks 0.045ms
[276.387s][info][gc,marking     ] GC(543) Concurrent Scan Root Regions
[276.387s][info][gc,marking     ] GC(543) Concurrent Scan Root Regions 0.014ms
[276.387s][info][gc,marking     ] GC(543) Concurrent Mark (276.387s)
[276.387s][info][gc,marking     ] GC(543) Concurrent Mark From Roots
[276.387s][info][gc,task        ] GC(543) Using 2 workers of 2 for marking
[276.388s][info][gc,phases,start] GC(544) Phase 1: Mark live objects
[276.663s][info][gc,phases      ] GC(544) Phase 1: Mark live objects 274.969ms
[276.663s][info][gc,phases,start] GC(544) Phase 2: Prepare for compaction
[276.703s][info][gc,phases      ] GC(544) Phase 2: Prepare for compaction 39.975ms
[276.703s][info][gc,phases,start] GC(544) Phase 3: Adjust pointers
[276.777s][info][gc,phases      ] GC(544) Phase 3: Adjust pointers 74.584ms
[276.777s][info][gc,phases,start] GC(544) Phase 4: Compact heap
[276.803s][info][gc,phases      ] GC(544) Phase 4: Compact heap 25.692ms
[276.808s][info][gc,heap        ] GC(544) Eden regions: 0->0(25)
[276.808s][info][gc,heap        ] GC(544) Survivor regions: 0->0(0)
[276.808s][info][gc,heap        ] GC(544) Old regions: 499->488
[276.808s][info][gc,heap        ] GC(544) Archive regions: 2->2
[276.808s][info][gc,heap        ] GC(544) Humongous regions: 11->11
[276.808s][info][gc,metaspace   ] GC(544) Metaspace: 44264K(45568K)->44205K(45568K) NonClass: 39027K(39936K)->38976K(39936K) Class: 5237K(5632K)->5229K(5632K)
[276.808s][info][gc             ] GC(544) Pause Full (G1 Evacuation Pause) 508M->495M(512M) 420.499ms
[276.809s][info][gc,cpu         ] GC(544) User=2.49s Sys=0.03s Real=0.42s
[276.809s][info][gc,marking     ] GC(543) Concurrent Mark From Roots 422.120ms
[276.809s][info][gc,marking     ] GC(543) Concurrent Mark Abort
[276.809s][info][gc             ] GC(543) Concurrent Cycle 422.287ms
[276.858s][info][gc,start       ] GC(545) Pause Young (Normal) (G1 Evacuation Pause)
[276.858s][info][gc,task        ] GC(545) Using 8 workers of 8 for evacuation
[276.860s][info][gc             ] GC(545) To-space exhausted
[276.860s][info][gc,phases      ] GC(545)   Pre Evacuate Collection Set: 0.1ms
[276.860s][info][gc,phases      ] GC(545)   Merge Heap Roots: 0.1ms
[276.860s][info][gc,phases      ] GC(545)   Evacuate Collection Set: 0.5ms
[276.860s][info][gc,phases      ] GC(545)   Post Evacuate Collection Set: 1.3ms
[276.860s][info][gc,phases      ] GC(545)   Other: 0.2ms
[276.860s][info][gc,heap        ] GC(545) Eden regions: 11->0(25)
[276.860s][info][gc,heap        ] GC(545) Survivor regions: 0->0(0)
[276.860s][info][gc,heap        ] GC(545) Old regions: 488->499
[276.860s][info][gc,heap        ] GC(545) Archive regions: 2->2
[276.860s][info][gc,heap        ] GC(545) Humongous regions: 11->11
[276.860s][info][gc,metaspace   ] GC(545) Metaspace: 44248K(45568K)->44248K(45568K) NonClass: 39013K(39936K)->39013K(39936K) Class: 5234K(5632K)->5234K(5632K)
[276.860s][info][gc             ] GC(545) Pause Young (Normal) (G1 Evacuation Pause) 506M->506M(512M) 2.212ms
[276.860s][info][gc,cpu         ] GC(545) User=0.01s Sys=0.00s Real=0.00s
[276.860s][info][gc,ergo        ] Attempting maximally compacting collection
[276.860s][info][gc,task        ] GC(546) Using 8 workers of 8 for full compaction
[276.860s][info][gc,start       ] GC(546) Pause Full (G1 Evacuation Pause)
[276.860s][info][gc,phases,start] GC(546) Phase 1: Mark live objects
[277.101s][info][gc,phases      ] GC(546) Phase 1: Mark live objects 241.377ms
[277.101s][info][gc,phases,start] GC(546) Phase 2: Prepare for compaction
[277.131s][info][gc,phases      ] GC(546) Phase 2: Prepare for compaction 29.977ms
[277.131s][info][gc,phases,start] GC(546) Phase 3: Adjust pointers
[277.206s][info][gc,phases      ] GC(546) Phase 3: Adjust pointers 74.941ms
[277.206s][info][gc,phases,start] GC(546) Phase 4: Compact heap
[277.236s][info][gc,phases      ] GC(546) Phase 4: Compact heap 30.011ms
[277.241s][info][gc,heap        ] GC(546) Eden regions: 0->0(25)
[277.241s][info][gc,heap        ] GC(546) Survivor regions: 0->0(0)
[277.241s][info][gc,heap        ] GC(546) Old regions: 499->490
[277.241s][info][gc,heap        ] GC(546) Archive regions: 2->2
[277.241s][info][gc,heap        ] GC(546) Humongous regions: 11->11
[277.241s][info][gc,metaspace   ] GC(546) Metaspace: 44248K(45568K)->44154K(45568K) NonClass: 39013K(39936K)->38933K(39936K) Class: 5234K(5632K)->5220K(5632K)
[277.241s][info][gc             ] GC(546) Pause Full (G1 Evacuation Pause) 506M->495M(512M) 380.786ms
[277.242s][info][gc,cpu         ] GC(546) User=2.51s Sys=0.02s Real=0.38s
[277.296s][info][gc,start       ] GC(547) Pause Young (Concurrent Start) (G1 Evacuation Pause)
[277.296s][info][gc,task        ] GC(547) Using 8 workers of 8 for evacuation
[277.299s][info][gc             ] GC(547) To-space exhausted
[277.299s][info][gc,phases      ] GC(547)   Pre Evacuate Collection Set: 0.1ms
[277.299s][info][gc,phases      ] GC(547)   Merge Heap Roots: 0.0ms
[277.299s][info][gc,phases      ] GC(547)   Evacuate Collection Set: 1.0ms
[277.299s][info][gc,phases      ] GC(547)   Post Evacuate Collection Set: 2.0ms
[277.299s][info][gc,phases      ] GC(547)   Other: 0.3ms
[277.299s][info][gc,heap        ] GC(547) Eden regions: 9->0(25)
[277.300s][info][gc,heap        ] GC(547) Survivor regions: 0->0(0)
[277.300s][info][gc,heap        ] GC(547) Old regions: 490->499
[277.300s][info][gc,heap        ] GC(547) Archive regions: 2->2
[277.300s][info][gc,heap        ] GC(547) Humongous regions: 11->11
[277.300s][info][gc,metaspace   ] GC(547) Metaspace: 44271K(45568K)->44271K(45568K) NonClass: 39034K(39936K)->39034K(39936K) Class: 5237K(5632K)->5237K(5632K)
[277.300s][info][gc             ] GC(547) Pause Young (Concurrent Start) (G1 Evacuation Pause) 504M->504M(512M) 3.535ms
[277.300s][info][gc,cpu         ] GC(547) User=0.02s Sys=0.01s Real=0.00s
[277.300s][info][gc,ergo        ] Attempting maximally compacting collection
[277.300s][info][gc,task        ] GC(548) Using 8 workers of 8 for full compaction
[277.300s][info][gc             ] GC(549) Concurrent Cycle
[277.300s][info][gc,start       ] GC(548) Pause Full (G1 Evacuation Pause)
[277.300s][info][gc,marking     ] GC(549) Concurrent Clear Claimed Marks
[277.300s][info][gc,marking     ] GC(549) Concurrent Clear Claimed Marks 0.069ms
[277.300s][info][gc,marking     ] GC(549) Concurrent Scan Root Regions
[277.300s][info][gc,marking     ] GC(549) Concurrent Scan Root Regions 0.009ms
[277.300s][info][gc,marking     ] GC(549) Concurrent Mark (277.300s)
[277.300s][info][gc,marking     ] GC(549) Concurrent Mark From Roots
[277.300s][info][gc,task        ] GC(549) Using 2 workers of 2 for marking
[277.300s][info][gc,phases,start] GC(548) Phase 1: Mark live objects
[277.603s][info][gc,phases      ] GC(548) Phase 1: Mark live objects 302.623ms
[277.603s][info][gc,phases,start] GC(548) Phase 2: Prepare for compaction
[277.641s][info][gc,phases      ] GC(548) Phase 2: Prepare for compaction 38.241ms
[277.641s][info][gc,phases,start] GC(548) Phase 3: Adjust pointers
[277.722s][info][gc,phases      ] GC(548) Phase 3: Adjust pointers 80.303ms
[277.722s][info][gc,phases,start] GC(548) Phase 4: Compact heap
[277.758s][info][gc,phases      ] GC(548) Phase 4: Compact heap 36.132ms
[277.764s][info][gc,heap        ] GC(548) Eden regions: 0->0(25)
[277.764s][info][gc,heap        ] GC(548) Survivor regions: 0->0(0)
[277.764s][info][gc,heap        ] GC(548) Old regions: 499->487
[277.764s][info][gc,heap        ] GC(548) Archive regions: 2->2
[277.764s][info][gc,heap        ] GC(548) Humongous regions: 11->11
[277.764s][info][gc,metaspace   ] GC(548) Metaspace: 44271K(45568K)->44220K(45568K) NonClass: 39034K(39936K)->38990K(39936K) Class: 5237K(5632K)->5230K(5632K)
[277.764s][info][gc             ] GC(548) Pause Full (G1 Evacuation Pause) 504M->496M(512M) 464.466ms
[277.766s][info][gc,cpu         ] GC(548) User=2.52s Sys=0.02s Real=0.47s
[277.766s][info][gc,marking     ] GC(549) Concurrent Mark From Roots 466.553ms
[277.766s][info][gc,marking     ] GC(549) Concurrent Mark Abort
[277.766s][info][gc             ] GC(549) Concurrent Cycle 466.733ms
[277.820s][info][gc,start       ] GC(550) Pause Young (Normal) (G1 Evacuation Pause)
[277.820s][info][gc,task        ] GC(550) Using 8 workers of 8 for evacuation
[277.823s][info][gc             ] GC(550) To-space exhausted
[277.823s][info][gc,phases      ] GC(550)   Pre Evacuate Collection Set: 0.1ms
[277.823s][info][gc,phases      ] GC(550)   Merge Heap Roots: 0.0ms
[277.823s][info][gc,phases      ] GC(550)   Evacuate Collection Set: 0.6ms
[277.823s][info][gc,phases      ] GC(550)   Post Evacuate Collection Set: 2.1ms
[277.823s][info][gc,phases      ] GC(550)   Other: 0.2ms
[277.823s][info][gc,heap        ] GC(550) Eden regions: 12->0(25)
[277.823s][info][gc,heap        ] GC(550) Survivor regions: 0->0(0)
[277.823s][info][gc,heap        ] GC(550) Old regions: 487->499
[277.823s][info][gc,heap        ] GC(550) Archive regions: 2->2
[277.823s][info][gc,heap        ] GC(550) Humongous regions: 11->11
[277.823s][info][gc,metaspace   ] GC(550) Metaspace: 44251K(45568K)->44251K(45568K) NonClass: 39017K(39936K)->39017K(39936K) Class: 5234K(5632K)->5234K(5632K)
[277.823s][info][gc             ] GC(550) Pause Young (Normal) (G1 Evacuation Pause) 508M->508M(512M) 3.188ms
[277.823s][info][gc,cpu         ] GC(550) User=0.02s Sys=0.00s Real=0.00s
[277.823s][info][gc,ergo        ] Attempting maximally compacting collection
[277.823s][info][gc,task        ] GC(551) Using 8 workers of 8 for full compaction
[277.823s][info][gc,start       ] GC(551) Pause Full (G1 Evacuation Pause)
[277.823s][info][gc,phases,start] GC(551) Phase 1: Mark live objects
[278.085s][info][gc,phases      ] GC(551) Phase 1: Mark live objects 262.090ms
[278.085s][info][gc,phases,start] GC(551) Phase 2: Prepare for compaction
[278.113s][info][gc,phases      ] GC(551) Phase 2: Prepare for compaction 28.098ms
[278.113s][info][gc,phases,start] GC(551) Phase 3: Adjust pointers
[278.183s][info][gc,phases      ] GC(551) Phase 3: Adjust pointers 70.046ms
[278.183s][info][gc,phases,start] GC(551) Phase 4: Compact heap
[278.207s][info][gc,phases      ] GC(551) Phase 4: Compact heap 24.128ms
[278.212s][info][gc,heap        ] GC(551) Eden regions: 0->0(25)
[278.212s][info][gc,heap        ] GC(551) Survivor regions: 0->0(0)
[278.212s][info][gc,heap        ] GC(551) Old regions: 499->488
[278.212s][info][gc,heap        ] GC(551) Archive regions: 2->2
[278.212s][info][gc,heap        ] GC(551) Humongous regions: 11->11
[278.212s][info][gc,metaspace   ] GC(551) Metaspace: 44251K(45568K)->44157K(45568K) NonClass: 39017K(39936K)->38936K(39936K) Class: 5234K(5632K)->5220K(5632K)
[278.212s][info][gc             ] GC(551) Pause Full (G1 Evacuation Pause) 508M->496M(512M) 388.846ms
[278.213s][info][gc,cpu         ] GC(551) User=2.50s Sys=0.03s Real=0.39s
[278.253s][info][gc,start       ] GC(552) Pause Young (Concurrent Start) (G1 Evacuation Pause)
[278.253s][info][gc,task        ] GC(552) Using 8 workers of 8 for evacuation
[278.256s][info][gc             ] GC(552) To-space exhausted
[278.256s][info][gc,phases      ] GC(552)   Pre Evacuate Collection Set: 0.1ms
[278.256s][info][gc,phases      ] GC(552)   Merge Heap Roots: 0.1ms
[278.256s][info][gc,phases      ] GC(552)   Evacuate Collection Set: 0.6ms
[278.256s][info][gc,phases      ] GC(552)   Post Evacuate Collection Set: 1.8ms
[278.256s][info][gc,phases      ] GC(552)   Other: 0.2ms
[278.256s][info][gc,heap        ] GC(552) Eden regions: 11->0(25)
[278.256s][info][gc,heap        ] GC(552) Survivor regions: 0->0(0)
[278.256s][info][gc,heap        ] GC(552) Old regions: 488->499
[278.256s][info][gc,heap        ] GC(552) Archive regions: 2->2
[278.256s][info][gc,heap        ] GC(552) Humongous regions: 11->11
[278.256s][info][gc,metaspace   ] GC(552) Metaspace: 44274K(45568K)->44274K(45568K) NonClass: 39036K(39936K)->39036K(39936K) Class: 5237K(5632K)->5237K(5632K)
[278.256s][info][gc             ] GC(552) Pause Young (Concurrent Start) (G1 Evacuation Pause) 507M->507M(512M) 2.793ms
[278.256s][info][gc,cpu         ] GC(552) User=0.01s Sys=0.00s Real=0.01s
[278.256s][info][gc,ergo        ] Attempting maximally compacting collection
[278.256s][info][gc             ] GC(553) Concurrent Cycle
[278.256s][info][gc,task        ] GC(554) Using 8 workers of 8 for full compaction
[278.256s][info][gc,marking     ] GC(553) Concurrent Clear Claimed Marks
[278.256s][info][gc,start       ] GC(554) Pause Full (G1 Evacuation Pause)
[278.256s][info][gc,marking     ] GC(553) Concurrent Clear Claimed Marks 0.042ms
[278.256s][info][gc,marking     ] GC(553) Concurrent Scan Root Regions
[278.256s][info][gc,marking     ] GC(553) Concurrent Scan Root Regions 0.011ms
[278.256s][info][gc,marking     ] GC(553) Concurrent Mark (278.256s)
[278.256s][info][gc,marking     ] GC(553) Concurrent Mark From Roots
[278.256s][info][gc,task        ] GC(553) Using 2 workers of 2 for marking
[278.257s][info][gc,phases,start] GC(554) Phase 1: Mark live objects
[278.504s][info][gc,phases      ] GC(554) Phase 1: Mark live objects 247.146ms
[278.504s][info][gc,phases,start] GC(554) Phase 2: Prepare for compaction
[278.534s][info][gc,phases      ] GC(554) Phase 2: Prepare for compaction 30.233ms
[278.534s][info][gc,phases,start] GC(554) Phase 3: Adjust pointers
[278.607s][info][gc,phases      ] GC(554) Phase 3: Adjust pointers 73.141ms
[278.607s][info][gc,phases,start] GC(554) Phase 4: Compact heap
[278.631s][info][gc,phases      ] GC(554) Phase 4: Compact heap 24.090ms
[278.636s][info][gc,heap        ] GC(554) Eden regions: 0->0(25)
[278.636s][info][gc,heap        ] GC(554) Survivor regions: 0->0(0)
[278.636s][info][gc,heap        ] GC(554) Old regions: 499->490
[278.636s][info][gc,heap        ] GC(554) Archive regions: 2->2
[278.636s][info][gc,heap        ] GC(554) Humongous regions: 11->11
[278.636s][info][gc,metaspace   ] GC(554) Metaspace: 44274K(45568K)->44223K(45568K) NonClass: 39036K(39936K)->38992K(39936K) Class: 5237K(5632K)->5230K(5632K)
[278.636s][info][gc             ] GC(554) Pause Full (G1 Evacuation Pause) 507M->496M(512M) 379.754ms
[278.637s][info][gc,cpu         ] GC(554) User=2.49s Sys=0.03s Real=0.38s
[278.638s][info][gc,marking     ] GC(553) Concurrent Mark From Roots 381.522ms
[278.638s][info][gc,marking     ] GC(553) Concurrent Mark Abort
[278.638s][info][gc             ] GC(553) Concurrent Cycle 381.677ms
[278.677s][info][gc,start       ] GC(555) Pause Young (Normal) (G1 Evacuation Pause)
[278.677s][info][gc,task        ] GC(555) Using 8 workers of 8 for evacuation
[278.678s][info][gc             ] GC(555) To-space exhausted
[278.678s][info][gc,phases      ] GC(555)   Pre Evacuate Collection Set: 0.1ms
[278.678s][info][gc,phases      ] GC(555)   Merge Heap Roots: 0.0ms
[278.678s][info][gc,phases      ] GC(555)   Evacuate Collection Set: 0.4ms
[278.678s][info][gc,phases      ] GC(555)   Post Evacuate Collection Set: 1.1ms
[278.678s][info][gc,phases      ] GC(555)   Other: 0.2ms
[278.678s][info][gc,heap        ] GC(555) Eden regions: 9->0(25)
[278.678s][info][gc,heap        ] GC(555) Survivor regions: 0->0(0)
[278.678s][info][gc,heap        ] GC(555) Old regions: 490->499
[278.678s][info][gc,heap        ] GC(555) Archive regions: 2->2
[278.678s][info][gc,heap        ] GC(555) Humongous regions: 11->11
[278.678s][info][gc,metaspace   ] GC(555) Metaspace: 44254K(45568K)->44254K(45568K) NonClass: 39019K(39936K)->39019K(39936K) Class: 5234K(5632K)->5234K(5632K)
[278.678s][info][gc             ] GC(555) Pause Young (Normal) (G1 Evacuation Pause) 505M->505M(512M) 1.844ms
[278.678s][info][gc,cpu         ] GC(555) User=0.01s Sys=0.00s Real=0.00s
[278.678s][info][gc,ergo        ] Attempting maximally compacting collection
[278.678s][info][gc,task        ] GC(556) Using 8 workers of 8 for full compaction
[278.678s][info][gc,start       ] GC(556) Pause Full (G1 Evacuation Pause)
[278.678s][info][gc,phases,start] GC(556) Phase 1: Mark live objects
[278.910s][info][gc,phases      ] GC(556) Phase 1: Mark live objects 231.104ms
[278.910s][info][gc,phases,start] GC(556) Phase 2: Prepare for compaction
[278.938s][info][gc,phases      ] GC(556) Phase 2: Prepare for compaction 28.823ms
[278.938s][info][gc,phases,start] GC(556) Phase 3: Adjust pointers
[279.010s][info][gc,phases      ] GC(556) Phase 3: Adjust pointers 71.246ms
[279.010s][info][gc,phases,start] GC(556) Phase 4: Compact heap
[279.036s][info][gc,phases      ] GC(556) Phase 4: Compact heap 26.230ms
[279.041s][info][gc,heap        ] GC(556) Eden regions: 0->0(25)
[279.041s][info][gc,heap        ] GC(556) Survivor regions: 0->0(0)
[279.041s][info][gc,heap        ] GC(556) Old regions: 499->490
[279.041s][info][gc,heap        ] GC(556) Archive regions: 2->2
[279.041s][info][gc,heap        ] GC(556) Humongous regions: 11->11
[279.041s][info][gc,metaspace   ] GC(556) Metaspace: 44254K(45568K)->44160K(45568K) NonClass: 39019K(39936K)->38939K(39936K) Class: 5234K(5632K)->5220K(5632K)
[279.041s][info][gc             ] GC(556) Pause Full (G1 Evacuation Pause) 505M->496M(512M) 362.138ms
[279.042s][info][gc,cpu         ] GC(556) User=2.48s Sys=0.04s Real=0.36s
[279.082s][info][gc,start       ] GC(557) Pause Young (Concurrent Start) (G1 Evacuation Pause)
[279.082s][info][gc,task        ] GC(557) Using 8 workers of 8 for evacuation
[279.085s][info][gc             ] GC(557) To-space exhausted
[279.085s][info][gc,phases      ] GC(557)   Pre Evacuate Collection Set: 0.1ms
[279.085s][info][gc,phases      ] GC(557)   Merge Heap Roots: 0.0ms
[279.085s][info][gc,phases      ] GC(557)   Evacuate Collection Set: 0.6ms
[279.085s][info][gc,phases      ] GC(557)   Post Evacuate Collection Set: 1.8ms
[279.085s][info][gc,phases      ] GC(557)   Other: 0.2ms
[279.085s][info][gc,heap        ] GC(557) Eden regions: 9->0(25)
[279.085s][info][gc,heap        ] GC(557) Survivor regions: 0->0(0)
[279.085s][info][gc,heap        ] GC(557) Old regions: 490->499
[279.085s][info][gc,heap        ] GC(557) Archive regions: 2->2
[279.085s][info][gc,heap        ] GC(557) Humongous regions: 11->11
[279.085s][info][gc,metaspace   ] GC(557) Metaspace: 44253K(45568K)->44253K(45568K) NonClass: 39019K(39936K)->39019K(39936K) Class: 5234K(5632K)->5234K(5632K)
[279.085s][info][gc             ] GC(557) Pause Young (Concurrent Start) (G1 Evacuation Pause) 505M->505M(512M) 2.694ms
[279.085s][info][gc,cpu         ] GC(557) User=0.01s Sys=0.00s Real=0.00s
[279.085s][info][gc,ergo        ] Attempting maximally compacting collection
[279.085s][info][gc             ] GC(558) Concurrent Cycle
[279.085s][info][gc,task        ] GC(559) Using 8 workers of 8 for full compaction
[279.085s][info][gc,marking     ] GC(558) Concurrent Clear Claimed Marks
[279.085s][info][gc,start       ] GC(559) Pause Full (G1 Evacuation Pause)
[279.085s][info][gc,marking     ] GC(558) Concurrent Clear Claimed Marks 0.040ms
[279.085s][info][gc,marking     ] GC(558) Concurrent Scan Root Regions
[279.085s][info][gc,marking     ] GC(558) Concurrent Scan Root Regions 0.013ms
[279.085s][info][gc,marking     ] GC(558) Concurrent Mark (279.085s)
[279.085s][info][gc,marking     ] GC(558) Concurrent Mark From Roots
[279.085s][info][gc,task        ] GC(558) Using 2 workers of 2 for marking
[279.086s][info][gc,phases,start] GC(559) Phase 1: Mark live objects
[279.312s][info][gc,phases      ] GC(559) Phase 1: Mark live objects 226.580ms
[279.312s][info][gc,phases,start] GC(559) Phase 2: Prepare for compaction
[279.343s][info][gc,phases      ] GC(559) Phase 2: Prepare for compaction 31.047ms
[279.343s][info][gc,phases,start] GC(559) Phase 3: Adjust pointers
[279.416s][info][gc,phases      ] GC(559) Phase 3: Adjust pointers 72.290ms
[279.416s][info][gc,phases,start] GC(559) Phase 4: Compact heap
[279.443s][info][gc,phases      ] GC(559) Phase 4: Compact heap 26.997ms
[279.447s][info][gc,heap        ] GC(559) Eden regions: 0->0(25)
[279.447s][info][gc,heap        ] GC(559) Survivor regions: 0->0(0)
[279.447s][info][gc,heap        ] GC(559) Old regions: 499->490
[279.447s][info][gc,heap        ] GC(559) Archive regions: 2->2
[279.447s][info][gc,heap        ] GC(559) Humongous regions: 11->11
[279.447s][info][gc,metaspace   ] GC(559) Metaspace: 44253K(45568K)->44160K(45568K) NonClass: 39019K(39936K)->38939K(39936K) Class: 5234K(5632K)->5220K(5632K)
[279.447s][info][gc             ] GC(559) Pause Full (G1 Evacuation Pause) 505M->497M(512M) 362.135ms
[279.448s][info][gc,cpu         ] GC(559) User=2.48s Sys=0.03s Real=0.37s
[279.448s][info][gc,marking     ] GC(558) Concurrent Mark From Roots 363.180ms
[279.448s][info][gc,marking     ] GC(558) Concurrent Mark Abort
[279.448s][info][gc             ] GC(558) Concurrent Cycle 363.368ms
[279.479s][info][gc,start       ] GC(560) Pause Young (Normal) (G1 Evacuation Pause)
[279.479s][info][gc,task        ] GC(560) Using 8 workers of 8 for evacuation
[279.482s][info][gc             ] GC(560) To-space exhausted
[279.482s][info][gc,phases      ] GC(560)   Pre Evacuate Collection Set: 0.1ms
[279.482s][info][gc,phases      ] GC(560)   Merge Heap Roots: 0.0ms
[279.482s][info][gc,phases      ] GC(560)   Evacuate Collection Set: 0.8ms
[279.482s][info][gc,phases      ] GC(560)   Post Evacuate Collection Set: 2.0ms
[279.482s][info][gc,phases      ] GC(560)   Other: 0.2ms
[279.482s][info][gc,heap        ] GC(560) Eden regions: 9->0(25)
[279.482s][info][gc,heap        ] GC(560) Survivor regions: 0->0(0)
[279.482s][info][gc,heap        ] GC(560) Old regions: 490->499
[279.482s][info][gc,heap        ] GC(560) Archive regions: 2->2
[279.482s][info][gc,heap        ] GC(560) Humongous regions: 11->11
[279.482s][info][gc,metaspace   ] GC(560) Metaspace: 44280K(45568K)->44280K(45568K) NonClass: 39042K(39936K)->39042K(39936K) Class: 5238K(5632K)->5238K(5632K)
[279.482s][info][gc             ] GC(560) Pause Young (Normal) (G1 Evacuation Pause) 506M->506M(512M) 3.094ms
[279.482s][info][gc,cpu         ] GC(560) User=0.01s Sys=0.00s Real=0.00s
[279.482s][info][gc,ergo        ] Attempting maximally compacting collection
[279.482s][info][gc,task        ] GC(561) Using 8 workers of 8 for full compaction
[279.482s][info][gc,start       ] GC(561) Pause Full (G1 Evacuation Pause)
[279.483s][info][gc,phases,start] GC(561) Phase 1: Mark live objects
[279.726s][info][gc,phases      ] GC(561) Phase 1: Mark live objects 243.896ms
[279.726s][info][gc,phases,start] GC(561) Phase 2: Prepare for compaction
[279.756s][info][gc,phases      ] GC(561) Phase 2: Prepare for compaction 29.635ms
[279.756s][info][gc,phases,start] GC(561) Phase 3: Adjust pointers
[279.826s][info][gc,phases      ] GC(561) Phase 3: Adjust pointers 69.673ms
[279.826s][info][gc,phases,start] GC(561) Phase 4: Compact heap
[279.849s][info][gc,phases      ] GC(561) Phase 4: Compact heap 22.796ms
[279.853s][info][gc,heap        ] GC(561) Eden regions: 0->0(25)
[279.853s][info][gc,heap        ] GC(561) Survivor regions: 0->0(0)
[279.853s][info][gc,heap        ] GC(561) Old regions: 499->490
[279.853s][info][gc,heap        ] GC(561) Archive regions: 2->2
[279.853s][info][gc,heap        ] GC(561) Humongous regions: 11->11
[279.853s][info][gc,metaspace   ] GC(561) Metaspace: 44280K(45568K)->44187K(45568K) NonClass: 39042K(39936K)->38962K(39936K) Class: 5238K(5632K)->5224K(5632K)
[279.853s][info][gc             ] GC(561) Pause Full (G1 Evacuation Pause) 506M->497M(512M) 370.508ms
[279.855s][info][gc,cpu         ] GC(561) User=2.49s Sys=0.03s Real=0.37s
[279.885s][info][gc,start       ] GC(562) Pause Young (Concurrent Start) (G1 Evacuation Pause)
[279.885s][info][gc,task        ] GC(562) Using 8 workers of 8 for evacuation
[279.889s][info][gc             ] GC(562) To-space exhausted
[279.889s][info][gc,phases      ] GC(562)   Pre Evacuate Collection Set: 0.1ms
[279.889s][info][gc,phases      ] GC(562)   Merge Heap Roots: 0.1ms
[279.889s][info][gc,phases      ] GC(562)   Evacuate Collection Set: 1.1ms
[279.889s][info][gc,phases      ] GC(562)   Post Evacuate Collection Set: 2.4ms
[279.889s][info][gc,phases      ] GC(562)   Other: 0.2ms
[279.889s][info][gc,heap        ] GC(562) Eden regions: 9->0(25)
[279.889s][info][gc,heap        ] GC(562) Survivor regions: 0->0(0)
[279.889s][info][gc,heap        ] GC(562) Old regions: 490->499
[279.889s][info][gc,heap        ] GC(562) Archive regions: 2->2
[279.889s][info][gc,heap        ] GC(562) Humongous regions: 11->11
[279.889s][info][gc,metaspace   ] GC(562) Metaspace: 44254K(45568K)->44254K(45568K) NonClass: 39019K(39936K)->39019K(39936K) Class: 5234K(5632K)->5234K(5632K)
[279.889s][info][gc             ] GC(562) Pause Young (Concurrent Start) (G1 Evacuation Pause) 506M->506M(512M) 3.874ms
[279.889s][info][gc,cpu         ] GC(562) User=0.00s Sys=0.00s Real=0.01s
[279.889s][info][gc,ergo        ] Attempting maximally compacting collection
[279.889s][info][gc             ] GC(563) Concurrent Cycle
[279.889s][info][gc,task        ] GC(564) Using 8 workers of 8 for full compaction
[279.889s][info][gc,marking     ] GC(563) Concurrent Clear Claimed Marks
[279.889s][info][gc,start       ] GC(564) Pause Full (G1 Evacuation Pause)
[279.889s][info][gc,marking     ] GC(563) Concurrent Clear Claimed Marks 0.048ms
[279.889s][info][gc,marking     ] GC(563) Concurrent Scan Root Regions
[279.889s][info][gc,marking     ] GC(563) Concurrent Scan Root Regions 0.006ms
[279.889s][info][gc,marking     ] GC(563) Concurrent Mark (279.889s)
[279.889s][info][gc,marking     ] GC(563) Concurrent Mark From Roots
[279.889s][info][gc,task        ] GC(563) Using 2 workers of 2 for marking
[279.890s][info][gc,phases,start] GC(564) Phase 1: Mark live objects
[280.129s][info][gc,phases      ] GC(564) Phase 1: Mark live objects 238.986ms
[280.129s][info][gc,phases,start] GC(564) Phase 2: Prepare for compaction
[280.158s][info][gc,phases      ] GC(564) Phase 2: Prepare for compaction 29.111ms
[280.158s][info][gc,phases,start] GC(564) Phase 3: Adjust pointers
[280.229s][info][gc,phases      ] GC(564) Phase 3: Adjust pointers 70.776ms
[280.229s][info][gc,phases,start] GC(564) Phase 4: Compact heap
[280.257s][info][gc,phases      ] GC(564) Phase 4: Compact heap 28.666ms
[280.262s][info][gc,heap        ] GC(564) Eden regions: 0->0(25)
[280.262s][info][gc,heap        ] GC(564) Survivor regions: 0->0(0)
[280.262s][info][gc,heap        ] GC(564) Old regions: 499->488
[280.262s][info][gc,heap        ] GC(564) Archive regions: 2->2
[280.262s][info][gc,heap        ] GC(564) Humongous regions: 11->11
[280.262s][info][gc,metaspace   ] GC(564) Metaspace: 44254K(45568K)->44160K(45568K) NonClass: 39019K(39936K)->38939K(39936K) Class: 5234K(5632K)->5220K(5632K)
[280.262s][info][gc             ] GC(564) Pause Full (G1 Evacuation Pause) 506M->497M(512M) 372.897ms
[280.263s][info][gc,cpu         ] GC(564) User=2.51s Sys=0.02s Real=0.37s
[280.263s][info][gc,marking     ] GC(563) Concurrent Mark From Roots 374.178ms
[280.263s][info][gc,marking     ] GC(563) Concurrent Mark Abort
[280.263s][info][gc             ] GC(563) Concurrent Cycle 374.329ms
[280.318s][info][gc,start       ] GC(565) Pause Young (Normal) (G1 Evacuation Pause)
[280.318s][info][gc,task        ] GC(565) Using 8 workers of 8 for evacuation
[280.321s][info][gc             ] GC(565) To-space exhausted
[280.321s][info][gc,phases      ] GC(565)   Pre Evacuate Collection Set: 0.1ms
[280.321s][info][gc,phases      ] GC(565)   Merge Heap Roots: 0.0ms
[280.321s][info][gc,phases      ] GC(565)   Evacuate Collection Set: 0.7ms
[280.321s][info][gc,phases      ] GC(565)   Post Evacuate Collection Set: 1.8ms
[280.321s][info][gc,phases      ] GC(565)   Other: 0.2ms
[280.321s][info][gc,heap        ] GC(565) Eden regions: 11->0(25)
[280.321s][info][gc,heap        ] GC(565) Survivor regions: 0->0(0)
[280.321s][info][gc,heap        ] GC(565) Old regions: 488->499
[280.321s][info][gc,heap        ] GC(565) Archive regions: 2->2
[280.321s][info][gc,heap        ] GC(565) Humongous regions: 11->11
[280.321s][info][gc,metaspace   ] GC(565) Metaspace: 44273K(45568K)->44273K(45568K) NonClass: 39036K(39936K)->39036K(39936K) Class: 5237K(5632K)->5237K(5632K)
[280.321s][info][gc             ] GC(565) Pause Young (Normal) (G1 Evacuation Pause) 508M->508M(512M) 2.976ms
[280.321s][info][gc,cpu         ] GC(565) User=0.01s Sys=0.00s Real=0.00s
[280.321s][info][gc,ergo        ] Attempting maximally compacting collection
[280.321s][info][gc,task        ] GC(566) Using 8 workers of 8 for full compaction
[280.321s][info][gc,start       ] GC(566) Pause Full (G1 Evacuation Pause)
[280.322s][info][gc,phases,start] GC(566) Phase 1: Mark live objects
[280.560s][info][gc,phases      ] GC(566) Phase 1: Mark live objects 238.291ms
[280.560s][info][gc,phases,start] GC(566) Phase 2: Prepare for compaction
[280.591s][info][gc,phases      ] GC(566) Phase 2: Prepare for compaction 31.042ms
[280.591s][info][gc,phases,start] GC(566) Phase 3: Adjust pointers
[280.674s][info][gc,phases      ] GC(566) Phase 3: Adjust pointers 83.365ms
[280.674s][info][gc,phases,start] GC(566) Phase 4: Compact heap
[280.700s][info][gc,phases      ] GC(566) Phase 4: Compact heap 25.682ms
[280.704s][info][gc,heap        ] GC(566) Eden regions: 0->0(25)
[280.704s][info][gc,heap        ] GC(566) Survivor regions: 0->0(0)
[280.704s][info][gc,heap        ] GC(566) Old regions: 499->489
[280.704s][info][gc,heap        ] GC(566) Archive regions: 2->2
[280.704s][info][gc,heap        ] GC(566) Humongous regions: 11->11
[280.704s][info][gc,metaspace   ] GC(566) Metaspace: 44273K(45568K)->44161K(45568K) NonClass: 39036K(39936K)->38940K(39936K) Class: 5237K(5632K)->5220K(5632K)
[280.704s][info][gc             ] GC(566) Pause Full (G1 Evacuation Pause) 508M->497M(512M) 382.929ms
[280.707s][info][gc,cpu         ] GC(566) User=2.50s Sys=0.02s Real=0.39s
[280.738s][info][gc,start       ] GC(567) Pause Young (Concurrent Start) (G1 Evacuation Pause)
[280.738s][info][gc,task        ] GC(567) Using 8 workers of 8 for evacuation
[280.740s][info][gc             ] GC(567) To-space exhausted
[280.740s][info][gc,phases      ] GC(567)   Pre Evacuate Collection Set: 0.1ms
[280.740s][info][gc,phases      ] GC(567)   Merge Heap Roots: 0.0ms
[280.740s][info][gc,phases      ] GC(567)   Evacuate Collection Set: 0.6ms
[280.740s][info][gc,phases      ] GC(567)   Post Evacuate Collection Set: 1.4ms
[280.740s][info][gc,phases      ] GC(567)   Other: 0.2ms
[280.740s][info][gc,heap        ] GC(567) Eden regions: 10->0(25)
[280.740s][info][gc,heap        ] GC(567) Survivor regions: 0->0(0)
[280.740s][info][gc,heap        ] GC(567) Old regions: 489->499
[280.740s][info][gc,heap        ] GC(567) Archive regions: 2->2
[280.740s][info][gc,heap        ] GC(567) Humongous regions: 11->11
[280.740s][info][gc,metaspace   ] GC(567) Metaspace: 44254K(45568K)->44254K(45568K) NonClass: 39019K(39936K)->39019K(39936K) Class: 5234K(5632K)->5234K(5632K)
[280.740s][info][gc             ] GC(567) Pause Young (Concurrent Start) (G1 Evacuation Pause) 507M->507M(512M) 2.404ms
[280.740s][info][gc,cpu         ] GC(567) User=0.01s Sys=0.00s Real=0.00s
[280.740s][info][gc,ergo        ] Attempting maximally compacting collection
[280.740s][info][gc             ] GC(568) Concurrent Cycle
[280.740s][info][gc,task        ] GC(569) Using 8 workers of 8 for full compaction
[280.740s][info][gc,marking     ] GC(568) Concurrent Clear Claimed Marks
[280.740s][info][gc,start       ] GC(569) Pause Full (G1 Evacuation Pause)
[280.740s][info][gc,marking     ] GC(568) Concurrent Clear Claimed Marks 0.045ms
[280.740s][info][gc,marking     ] GC(568) Concurrent Scan Root Regions
[280.740s][info][gc,marking     ] GC(568) Concurrent Scan Root Regions 0.028ms
[280.740s][info][gc,marking     ] GC(568) Concurrent Mark (280.740s)
[280.740s][info][gc,marking     ] GC(568) Concurrent Mark From Roots
[280.740s][info][gc,task        ] GC(568) Using 2 workers of 2 for marking
[280.741s][info][gc,phases,start] GC(569) Phase 1: Mark live objects
[280.997s][info][gc,phases      ] GC(569) Phase 1: Mark live objects 256.277ms
[280.997s][info][gc,phases,start] GC(569) Phase 2: Prepare for compaction
[281.042s][info][gc,phases      ] GC(569) Phase 2: Prepare for compaction 44.764ms
[281.042s][info][gc,phases,start] GC(569) Phase 3: Adjust pointers
[281.145s][info][gc,phases      ] GC(569) Phase 3: Adjust pointers 103.174ms
[281.145s][info][gc,phases,start] GC(569) Phase 4: Compact heap
[281.190s][info][gc,phases      ] GC(569) Phase 4: Compact heap 44.279ms
[281.194s][info][gc,heap        ] GC(569) Eden regions: 0->0(25)
[281.194s][info][gc,heap        ] GC(569) Survivor regions: 0->0(0)
[281.194s][info][gc,heap        ] GC(569) Old regions: 499->489
[281.194s][info][gc,heap        ] GC(569) Archive regions: 2->2
[281.194s][info][gc,heap        ] GC(569) Humongous regions: 11->11
[281.194s][info][gc,metaspace   ] GC(569) Metaspace: 44254K(45568K)->44161K(45568K) NonClass: 39019K(39936K)->38940K(39936K) Class: 5234K(5632K)->5220K(5632K)
[281.194s][info][gc             ] GC(569) Pause Full (G1 Evacuation Pause) 507M->498M(512M) 454.078ms
[281.196s][info][gc,cpu         ] GC(569) User=2.46s Sys=0.04s Real=0.46s
[281.196s][info][gc,marking     ] GC(568) Concurrent Mark From Roots 455.414ms
[281.196s][info][gc,marking     ] GC(568) Concurrent Mark Abort
[281.196s][info][gc             ] GC(568) Concurrent Cycle 455.655ms
[281.233s][info][gc,start       ] GC(570) Pause Young (Normal) (G1 Evacuation Pause)
[281.233s][info][gc,task        ] GC(570) Using 8 workers of 8 for evacuation
[281.237s][info][gc             ] GC(570) To-space exhausted
[281.237s][info][gc,phases      ] GC(570)   Pre Evacuate Collection Set: 0.1ms
[281.237s][info][gc,phases      ] GC(570)   Merge Heap Roots: 0.0ms
[281.237s][info][gc,phases      ] GC(570)   Evacuate Collection Set: 0.9ms
[281.237s][info][gc,phases      ] GC(570)   Post Evacuate Collection Set: 2.7ms
[281.237s][info][gc,phases      ] GC(570)   Other: 0.2ms
[281.237s][info][gc,heap        ] GC(570) Eden regions: 10->0(25)
[281.237s][info][gc,heap        ] GC(570) Survivor regions: 0->0(0)
[281.237s][info][gc,heap        ] GC(570) Old regions: 489->499
[281.237s][info][gc,heap        ] GC(570) Archive regions: 2->2
[281.237s][info][gc,heap        ] GC(570) Humongous regions: 11->11
[281.237s][info][gc,metaspace   ] GC(570) Metaspace: 44275K(45568K)->44275K(45568K) NonClass: 39037K(39936K)->39037K(39936K) Class: 5237K(5632K)->5237K(5632K)
[281.237s][info][gc             ] GC(570) Pause Young (Normal) (G1 Evacuation Pause) 508M->508M(512M) 4.038ms
[281.237s][info][gc,cpu         ] GC(570) User=0.01s Sys=0.00s Real=0.01s
[281.237s][info][gc,ergo        ] Attempting maximally compacting collection
[281.237s][info][gc,task        ] GC(571) Using 8 workers of 8 for full compaction
[281.237s][info][gc,start       ] GC(571) Pause Full (G1 Evacuation Pause)
[281.237s][info][gc,phases,start] GC(571) Phase 1: Mark live objects
[281.479s][info][gc,phases      ] GC(571) Phase 1: Mark live objects 241.834ms
[281.479s][info][gc,phases,start] GC(571) Phase 2: Prepare for compaction
[281.512s][info][gc,phases      ] GC(571) Phase 2: Prepare for compaction 33.577ms
[281.513s][info][gc,phases,start] GC(571) Phase 3: Adjust pointers
[281.583s][info][gc,phases      ] GC(571) Phase 3: Adjust pointers 70.505ms
[281.583s][info][gc,phases,start] GC(571) Phase 4: Compact heap
[281.608s][info][gc,phases      ] GC(571) Phase 4: Compact heap 25.104ms
[281.612s][info][gc,heap        ] GC(571) Eden regions: 0->0(25)
[281.612s][info][gc,heap        ] GC(571) Survivor regions: 0->0(0)
[281.612s][info][gc,heap        ] GC(571) Old regions: 499->491
[281.612s][info][gc,heap        ] GC(571) Archive regions: 2->2
[281.612s][info][gc,heap        ] GC(571) Humongous regions: 11->11
[281.612s][info][gc,metaspace   ] GC(571) Metaspace: 44275K(45568K)->44216K(45568K) NonClass: 39037K(39936K)->38987K(39936K) Class: 5237K(5632K)->5229K(5632K)
[281.612s][info][gc             ] GC(571) Pause Full (G1 Evacuation Pause) 508M->498M(512M) 375.517ms
[281.614s][info][gc,cpu         ] GC(571) User=2.54s Sys=0.03s Real=0.37s
[281.658s][info][gc,start       ] GC(572) Pause Young (Concurrent Start) (G1 Evacuation Pause)
[281.658s][info][gc,task        ] GC(572) Using 8 workers of 8 for evacuation
[281.660s][info][gc             ] GC(572) To-space exhausted
[281.660s][info][gc,phases      ] GC(572)   Pre Evacuate Collection Set: 0.1ms
[281.660s][info][gc,phases      ] GC(572)   Merge Heap Roots: 0.0ms
[281.660s][info][gc,phases      ] GC(572)   Evacuate Collection Set: 0.5ms
[281.660s][info][gc,phases      ] GC(572)   Post Evacuate Collection Set: 1.0ms
[281.660s][info][gc,phases      ] GC(572)   Other: 0.2ms
[281.660s][info][gc,heap        ] GC(572) Eden regions: 8->0(25)
[281.660s][info][gc,heap        ] GC(572) Survivor regions: 0->0(0)
[281.660s][info][gc,heap        ] GC(572) Old regions: 491->499
[281.660s][info][gc,heap        ] GC(572) Archive regions: 2->2
[281.660s][info][gc,heap        ] GC(572) Humongous regions: 11->11
[281.660s][info][gc,metaspace   ] GC(572) Metaspace: 44255K(45568K)->44255K(45568K) NonClass: 39020K(39936K)->39020K(39936K) Class: 5234K(5632K)->5234K(5632K)
[281.660s][info][gc             ] GC(572) Pause Young (Concurrent Start) (G1 Evacuation Pause) 506M->506M(512M) 1.811ms
[281.660s][info][gc,cpu         ] GC(572) User=0.01s Sys=0.00s Real=0.00s
[281.660s][info][gc,ergo        ] Attempting maximally compacting collection
[281.660s][info][gc             ] GC(573) Concurrent Cycle
[281.660s][info][gc,task        ] GC(574) Using 8 workers of 8 for full compaction
[281.660s][info][gc,marking     ] GC(573) Concurrent Clear Claimed Marks
[281.660s][info][gc,start       ] GC(574) Pause Full (G1 Evacuation Pause)
[281.660s][info][gc,marking     ] GC(573) Concurrent Clear Claimed Marks 0.036ms
[281.660s][info][gc,marking     ] GC(573) Concurrent Scan Root Regions
[281.660s][info][gc,marking     ] GC(573) Concurrent Scan Root Regions 0.008ms
[281.660s][info][gc,marking     ] GC(573) Concurrent Mark (281.660s)
[281.660s][info][gc,marking     ] GC(573) Concurrent Mark From Roots
[281.660s][info][gc,task        ] GC(573) Using 2 workers of 2 for marking
[281.661s][info][gc,phases,start] GC(574) Phase 1: Mark live objects
[281.884s][info][gc,phases      ] GC(574) Phase 1: Mark live objects 223.759ms
[281.884s][info][gc,phases,start] GC(574) Phase 2: Prepare for compaction
[281.915s][info][gc,phases      ] GC(574) Phase 2: Prepare for compaction 30.550ms
[281.915s][info][gc,phases,start] GC(574) Phase 3: Adjust pointers
[281.990s][info][gc,phases      ] GC(574) Phase 3: Adjust pointers 74.850ms
[281.990s][info][gc,phases,start] GC(574) Phase 4: Compact heap
[282.016s][info][gc,phases      ] GC(574) Phase 4: Compact heap 26.077ms
[282.021s][info][gc,heap        ] GC(574) Eden regions: 0->0(25)
[282.021s][info][gc,heap        ] GC(574) Survivor regions: 0->0(0)
[282.021s][info][gc,heap        ] GC(574) Old regions: 499->491
[282.021s][info][gc,heap        ] GC(574) Archive regions: 2->2
[282.021s][info][gc,heap        ] GC(574) Humongous regions: 11->11
[282.021s][info][gc,metaspace   ] GC(574) Metaspace: 44255K(45568K)->44161K(45568K) NonClass: 39020K(39936K)->38940K(39936K) Class: 5234K(5632K)->5220K(5632K)
[282.021s][info][gc             ] GC(574) Pause Full (G1 Evacuation Pause) 506M->498M(512M) 360.644ms
[282.022s][info][gc,cpu         ] GC(574) User=2.52s Sys=0.02s Real=0.36s
[282.022s][info][gc,marking     ] GC(573) Concurrent Mark From Roots 361.939ms
[282.022s][info][gc,marking     ] GC(573) Concurrent Mark Abort
[282.022s][info][gc             ] GC(573) Concurrent Cycle 362.115ms
[282.050s][info][gc,start       ] GC(575) Pause Young (Normal) (G1 Evacuation Pause)
[282.050s][info][gc,task        ] GC(575) Using 8 workers of 8 for evacuation
[282.052s][info][gc             ] GC(575) To-space exhausted
[282.052s][info][gc,phases      ] GC(575)   Pre Evacuate Collection Set: 0.1ms
[282.052s][info][gc,phases      ] GC(575)   Merge Heap Roots: 0.0ms
[282.052s][info][gc,phases      ] GC(575)   Evacuate Collection Set: 0.6ms
[282.052s][info][gc,phases      ] GC(575)   Post Evacuate Collection Set: 1.4ms
[282.053s][info][gc,phases      ] GC(575)   Other: 0.2ms
[282.053s][info][gc,heap        ] GC(575) Eden regions: 8->0(25)
[282.053s][info][gc,heap        ] GC(575) Survivor regions: 0->0(0)
[282.053s][info][gc,heap        ] GC(575) Old regions: 491->499
[282.053s][info][gc,heap        ] GC(575) Archive regions: 2->2
[282.053s][info][gc,heap        ] GC(575) Humongous regions: 11->11
[282.053s][info][gc,metaspace   ] GC(575) Metaspace: 44254K(45568K)->44254K(45568K) NonClass: 39019K(39936K)->39019K(39936K) Class: 5234K(5632K)->5234K(5632K)
[282.053s][info][gc             ] GC(575) Pause Young (Normal) (G1 Evacuation Pause) 506M->506M(512M) 2.380ms
[282.053s][info][gc,cpu         ] GC(575) User=0.01s Sys=0.00s Real=0.00s
[282.053s][info][gc,ergo        ] Attempting maximally compacting collection
[282.053s][info][gc,task        ] GC(576) Using 8 workers of 8 for full compaction
[282.053s][info][gc,start       ] GC(576) Pause Full (G1 Evacuation Pause)
[282.053s][info][gc,phases,start] GC(576) Phase 1: Mark live objects
[282.296s][info][gc,phases      ] GC(576) Phase 1: Mark live objects 243.478ms
[282.296s][info][gc,phases,start] GC(576) Phase 2: Prepare for compaction
[282.326s][info][gc,phases      ] GC(576) Phase 2: Prepare for compaction 29.471ms
[282.326s][info][gc,phases,start] GC(576) Phase 3: Adjust pointers
[282.398s][info][gc,phases      ] GC(576) Phase 3: Adjust pointers 71.998ms
[282.398s][info][gc,phases,start] GC(576) Phase 4: Compact heap
[282.421s][info][gc,phases      ] GC(576) Phase 4: Compact heap 22.752ms
[282.425s][info][gc,heap        ] GC(576) Eden regions: 0->0(25)
[282.425s][info][gc,heap        ] GC(576) Survivor regions: 0->0(0)
[282.425s][info][gc,heap        ] GC(576) Old regions: 499->490
[282.425s][info][gc,heap        ] GC(576) Archive regions: 2->2
[282.425s][info][gc,heap        ] GC(576) Humongous regions: 11->11
[282.425s][info][gc,metaspace   ] GC(576) Metaspace: 44254K(45568K)->44161K(45568K) NonClass: 39019K(39936K)->38940K(39936K) Class: 5234K(5632K)->5220K(5632K)
[282.425s][info][gc             ] GC(576) Pause Full (G1 Evacuation Pause) 506M->498M(512M) 372.214ms
[282.427s][info][gc,cpu         ] GC(576) User=2.52s Sys=0.04s Real=0.38s
[282.463s][info][gc,start       ] GC(577) Pause Young (Concurrent Start) (G1 Evacuation Pause)
[282.463s][info][gc,task        ] GC(577) Using 8 workers of 8 for evacuation
[282.466s][info][gc             ] GC(577) To-space exhausted
[282.466s][info][gc,phases      ] GC(577)   Pre Evacuate Collection Set: 0.1ms
[282.466s][info][gc,phases      ] GC(577)   Merge Heap Roots: 0.0ms
[282.466s][info][gc,phases      ] GC(577)   Evacuate Collection Set: 0.7ms
[282.466s][info][gc,phases      ] GC(577)   Post Evacuate Collection Set: 1.9ms
[282.466s][info][gc,phases      ] GC(577)   Other: 0.2ms
[282.466s][info][gc,heap        ] GC(577) Eden regions: 9->0(25)
[282.466s][info][gc,heap        ] GC(577) Survivor regions: 0->0(0)
[282.466s][info][gc,heap        ] GC(577) Old regions: 490->499
[282.466s][info][gc,heap        ] GC(577) Archive regions: 2->2
[282.466s][info][gc,heap        ] GC(577) Humongous regions: 11->11
[282.466s][info][gc,metaspace   ] GC(577) Metaspace: 44275K(45568K)->44275K(45568K) NonClass: 39037K(39936K)->39037K(39936K) Class: 5237K(5632K)->5237K(5632K)
[282.466s][info][gc             ] GC(577) Pause Young (Concurrent Start) (G1 Evacuation Pause) 507M->507M(512M) 2.996ms
[282.466s][info][gc,cpu         ] GC(577) User=0.02s Sys=0.00s Real=0.01s
[282.466s][info][gc,ergo        ] Attempting maximally compacting collection
[282.466s][info][gc,task        ] GC(578) Using 8 workers of 8 for full compaction
[282.466s][info][gc             ] GC(579) Concurrent Cycle
[282.467s][info][gc,start       ] GC(578) Pause Full (G1 Evacuation Pause)
[282.467s][info][gc,marking     ] GC(579) Concurrent Clear Claimed Marks
[282.467s][info][gc,marking     ] GC(579) Concurrent Clear Claimed Marks 0.091ms
[282.467s][info][gc,marking     ] GC(579) Concurrent Scan Root Regions
[282.467s][info][gc,marking     ] GC(579) Concurrent Scan Root Regions 0.017ms
[282.467s][info][gc,marking     ] GC(579) Concurrent Mark (282.467s)
[282.467s][info][gc,marking     ] GC(579) Concurrent Mark From Roots
[282.467s][info][gc,task        ] GC(579) Using 2 workers of 2 for marking
[282.467s][info][gc,phases,start] GC(578) Phase 1: Mark live objects
[282.699s][info][gc,phases      ] GC(578) Phase 1: Mark live objects 231.471ms
[282.699s][info][gc,phases,start] GC(578) Phase 2: Prepare for compaction
[282.727s][info][gc,phases      ] GC(578) Phase 2: Prepare for compaction 28.115ms
[282.727s][info][gc,phases,start] GC(578) Phase 3: Adjust pointers
[282.797s][info][gc,phases      ] GC(578) Phase 3: Adjust pointers 70.118ms
[282.797s][info][gc,phases,start] GC(578) Phase 4: Compact heap
[282.823s][info][gc,phases      ] GC(578) Phase 4: Compact heap 25.783ms
[282.827s][info][gc,heap        ] GC(578) Eden regions: 0->0(25)
[282.827s][info][gc,heap        ] GC(578) Survivor regions: 0->0(0)
[282.827s][info][gc,heap        ] GC(578) Old regions: 499->491
[282.827s][info][gc,heap        ] GC(578) Archive regions: 2->2
[282.827s][info][gc,heap        ] GC(578) Humongous regions: 11->11
[282.827s][info][gc,metaspace   ] GC(578) Metaspace: 44275K(45568K)->44223K(45568K) NonClass: 39037K(39936K)->38993K(39936K) Class: 5237K(5632K)->5230K(5632K)
[282.827s][info][gc             ] GC(578) Pause Full (G1 Evacuation Pause) 507M->498M(512M) 360.578ms
[282.828s][info][gc,cpu         ] GC(578) User=2.52s Sys=0.03s Real=0.36s
[282.828s][info][gc,marking     ] GC(579) Concurrent Mark From Roots 361.456ms
[282.828s][info][gc,marking     ] GC(579) Concurrent Mark Abort
[282.828s][info][gc             ] GC(579) Concurrent Cycle 361.708ms
[282.861s][info][gc,start       ] GC(580) Pause Young (Normal) (G1 Evacuation Pause)
[282.861s][info][gc,task        ] GC(580) Using 8 workers of 8 for evacuation
[282.863s][info][gc             ] GC(580) To-space exhausted
[282.863s][info][gc,phases      ] GC(580)   Pre Evacuate Collection Set: 0.1ms
[282.863s][info][gc,phases      ] GC(580)   Merge Heap Roots: 0.0ms
[282.863s][info][gc,phases      ] GC(580)   Evacuate Collection Set: 0.5ms
[282.863s][info][gc,phases      ] GC(580)   Post Evacuate Collection Set: 1.4ms
[282.863s][info][gc,phases      ] GC(580)   Other: 0.2ms
[282.863s][info][gc,heap        ] GC(580) Eden regions: 8->0(25)
[282.863s][info][gc,heap        ] GC(580) Survivor regions: 0->0(0)
[282.863s][info][gc,heap        ] GC(580) Old regions: 491->499
[282.863s][info][gc,heap        ] GC(580) Archive regions: 2->2
[282.863s][info][gc,heap        ] GC(580) Humongous regions: 11->11
[282.863s][info][gc,metaspace   ] GC(580) Metaspace: 44255K(45568K)->44255K(45568K) NonClass: 39020K(39936K)->39020K(39936K) Class: 5234K(5632K)->5234K(5632K)
[282.863s][info][gc             ] GC(580) Pause Young (Normal) (G1 Evacuation Pause) 506M->506M(512M) 2.171ms
[282.863s][info][gc,cpu         ] GC(580) User=0.01s Sys=0.00s Real=0.00s
[282.863s][info][gc,ergo        ] Attempting maximally compacting collection
[282.863s][info][gc,task        ] GC(581) Using 8 workers of 8 for full compaction
[282.863s][info][gc,start       ] GC(581) Pause Full (G1 Evacuation Pause)
[282.863s][info][gc,phases,start] GC(581) Phase 1: Mark live objects
[283.089s][info][gc,phases      ] GC(581) Phase 1: Mark live objects 226.430ms
[283.089s][info][gc,phases,start] GC(581) Phase 2: Prepare for compaction
[283.121s][info][gc,phases      ] GC(581) Phase 2: Prepare for compaction 31.274ms
[283.121s][info][gc,phases,start] GC(581) Phase 3: Adjust pointers
[283.191s][info][gc,phases      ] GC(581) Phase 3: Adjust pointers 70.189ms
[283.191s][info][gc,phases,start] GC(581) Phase 4: Compact heap
[283.215s][info][gc,phases      ] GC(581) Phase 4: Compact heap 23.908ms
[283.219s][info][gc,heap        ] GC(581) Eden regions: 0->0(25)
[283.219s][info][gc,heap        ] GC(581) Survivor regions: 0->0(0)
[283.219s][info][gc,heap        ] GC(581) Old regions: 499->492
[283.219s][info][gc,heap        ] GC(581) Archive regions: 2->2
[283.219s][info][gc,heap        ] GC(581) Humongous regions: 11->11
[283.219s][info][gc,metaspace   ] GC(581) Metaspace: 44255K(45568K)->44161K(45568K) NonClass: 39020K(39936K)->38940K(39936K) Class: 5234K(5632K)->5220K(5632K)
[283.219s][info][gc             ] GC(581) Pause Full (G1 Evacuation Pause) 506M->498M(512M) 356.238ms
[283.220s][info][gc,cpu         ] GC(581) User=2.51s Sys=0.03s Real=0.36s
[283.244s][info][gc,start       ] GC(582) Pause Young (Concurrent Start) (G1 Evacuation Pause)
[283.244s][info][gc,task        ] GC(582) Using 8 workers of 8 for evacuation
[283.247s][info][gc             ] GC(582) To-space exhausted
[283.247s][info][gc,phases      ] GC(582)   Pre Evacuate Collection Set: 0.1ms
[283.247s][info][gc,phases      ] GC(582)   Merge Heap Roots: 0.0ms
[283.247s][info][gc,phases      ] GC(582)   Evacuate Collection Set: 0.7ms
[283.247s][info][gc,phases      ] GC(582)   Post Evacuate Collection Set: 1.9ms
[283.247s][info][gc,phases      ] GC(582)   Other: 0.2ms
[283.247s][info][gc,heap        ] GC(582) Eden regions: 7->0(25)
[283.247s][info][gc,heap        ] GC(582) Survivor regions: 0->0(0)
[283.247s][info][gc,heap        ] GC(582) Old regions: 492->499
[283.247s][info][gc,heap        ] GC(582) Archive regions: 2->2
[283.247s][info][gc,heap        ] GC(582) Humongous regions: 11->11
[283.247s][info][gc,metaspace   ] GC(582) Metaspace: 44279K(45568K)->44279K(45568K) NonClass: 39040K(39936K)->39040K(39936K) Class: 5238K(5632K)->5238K(5632K)
[283.247s][info][gc             ] GC(582) Pause Young (Concurrent Start) (G1 Evacuation Pause) 505M->505M(512M) 2.959ms
[283.247s][info][gc,cpu         ] GC(582) User=0.02s Sys=0.00s Real=0.01s
[283.247s][info][gc,ergo        ] Attempting maximally compacting collection
[283.247s][info][gc,task        ] GC(583) Using 8 workers of 8 for full compaction
[283.247s][info][gc,start       ] GC(583) Pause Full (G1 Evacuation Pause)
[283.247s][info][gc             ] GC(584) Concurrent Cycle
[283.247s][info][gc,marking     ] GC(584) Concurrent Clear Claimed Marks
[283.247s][info][gc,marking     ] GC(584) Concurrent Clear Claimed Marks 0.156ms
[283.247s][info][gc,marking     ] GC(584) Concurrent Scan Root Regions
[283.247s][info][gc,marking     ] GC(584) Concurrent Scan Root Regions 0.033ms
[283.247s][info][gc,marking     ] GC(584) Concurrent Mark (283.247s)
[283.247s][info][gc,marking     ] GC(584) Concurrent Mark From Roots
[283.247s][info][gc,task        ] GC(584) Using 2 workers of 2 for marking
[283.248s][info][gc,phases,start] GC(583) Phase 1: Mark live objects
[283.487s][info][gc,phases      ] GC(583) Phase 1: Mark live objects 239.270ms
[283.487s][info][gc,phases,start] GC(583) Phase 2: Prepare for compaction
[283.518s][info][gc,phases      ] GC(583) Phase 2: Prepare for compaction 31.355ms
[283.518s][info][gc,phases,start] GC(583) Phase 3: Adjust pointers
[283.592s][info][gc,phases      ] GC(583) Phase 3: Adjust pointers 73.421ms
[283.592s][info][gc,phases,start] GC(583) Phase 4: Compact heap
[283.618s][info][gc,phases      ] GC(583) Phase 4: Compact heap 26.248ms
[283.622s][info][gc,heap        ] GC(583) Eden regions: 0->0(25)
[283.622s][info][gc,heap        ] GC(583) Survivor regions: 0->0(0)
[283.622s][info][gc,heap        ] GC(583) Old regions: 499->492
[283.622s][info][gc,heap        ] GC(583) Archive regions: 2->2
[283.622s][info][gc,heap        ] GC(583) Humongous regions: 11->11
[283.622s][info][gc,metaspace   ] GC(583) Metaspace: 44279K(45568K)->44224K(45568K) NonClass: 39040K(39936K)->38993K(39936K) Class: 5238K(5632K)->5230K(5632K)
[283.622s][info][gc             ] GC(583) Pause Full (G1 Evacuation Pause) 505M->499M(512M) 375.577ms
[283.623s][info][gc,cpu         ] GC(583) User=2.54s Sys=0.02s Real=0.37s
[283.623s][info][gc,marking     ] GC(584) Concurrent Mark From Roots 376.298ms
[283.623s][info][gc,marking     ] GC(584) Concurrent Mark Abort
[283.623s][info][gc             ] GC(584) Concurrent Cycle 376.636ms
[283.647s][info][gc,start       ] GC(585) Pause Young (Normal) (G1 Evacuation Pause)
[283.647s][info][gc,task        ] GC(585) Using 8 workers of 8 for evacuation
[283.649s][info][gc             ] GC(585) To-space exhausted
[283.649s][info][gc,phases      ] GC(585)   Pre Evacuate Collection Set: 0.1ms
[283.649s][info][gc,phases      ] GC(585)   Merge Heap Roots: 0.0ms
[283.649s][info][gc,phases      ] GC(585)   Evacuate Collection Set: 0.5ms
[283.649s][info][gc,phases      ] GC(585)   Post Evacuate Collection Set: 1.2ms
[283.649s][info][gc,phases      ] GC(585)   Other: 0.2ms
[283.649s][info][gc,heap        ] GC(585) Eden regions: 7->0(25)
[283.649s][info][gc,heap        ] GC(585) Survivor regions: 0->0(0)
[283.649s][info][gc,heap        ] GC(585) Old regions: 492->499
[283.649s][info][gc,heap        ] GC(585) Archive regions: 2->2
[283.649s][info][gc,heap        ] GC(585) Humongous regions: 11->11
[283.649s][info][gc,metaspace   ] GC(585) Metaspace: 44255K(45568K)->44255K(45568K) NonClass: 39020K(39936K)->39020K(39936K) Class: 5234K(5632K)->5234K(5632K)
[283.649s][info][gc             ] GC(585) Pause Young (Normal) (G1 Evacuation Pause) 506M->506M(512M) 2.012ms
[283.649s][info][gc,cpu         ] GC(585) User=0.01s Sys=0.00s Real=0.00s
[283.649s][info][gc,ergo        ] Attempting maximally compacting collection
[283.649s][info][gc,task        ] GC(586) Using 8 workers of 8 for full compaction
[283.649s][info][gc,start       ] GC(586) Pause Full (G1 Evacuation Pause)
[283.649s][info][gc,phases,start] GC(586) Phase 1: Mark live objects
[283.871s][info][gc,phases      ] GC(586) Phase 1: Mark live objects 222.123ms
[283.871s][info][gc,phases,start] GC(586) Phase 2: Prepare for compaction
[283.902s][info][gc,phases      ] GC(586) Phase 2: Prepare for compaction 30.321ms
[283.902s][info][gc,phases,start] GC(586) Phase 3: Adjust pointers
[283.970s][info][gc,phases      ] GC(586) Phase 3: Adjust pointers 68.773ms
[283.970s][info][gc,phases,start] GC(586) Phase 4: Compact heap
[283.994s][info][gc,phases      ] GC(586) Phase 4: Compact heap 23.559ms
[283.998s][info][gc,heap        ] GC(586) Eden regions: 0->0(25)
[283.998s][info][gc,heap        ] GC(586) Survivor regions: 0->0(0)
[283.998s][info][gc,heap        ] GC(586) Old regions: 499->491
[283.998s][info][gc,heap        ] GC(586) Archive regions: 2->2
[283.998s][info][gc,heap        ] GC(586) Humongous regions: 11->11
[283.998s][info][gc,metaspace   ] GC(586) Metaspace: 44255K(45568K)->44161K(45568K) NonClass: 39020K(39936K)->38940K(39936K) Class: 5234K(5632K)->5220K(5632K)
[283.998s][info][gc             ] GC(586) Pause Full (G1 Evacuation Pause) 506M->499M(512M) 349.268ms
[284.000s][info][gc,cpu         ] GC(586) User=2.49s Sys=0.02s Real=0.35s
[284.029s][info][gc,start       ] GC(587) Pause Young (Concurrent Start) (G1 Evacuation Pause)
[284.029s][info][gc,task        ] GC(587) Using 8 workers of 8 for evacuation
[284.031s][info][gc             ] GC(587) To-space exhausted
[284.031s][info][gc,phases      ] GC(587)   Pre Evacuate Collection Set: 0.1ms
[284.031s][info][gc,phases      ] GC(587)   Merge Heap Roots: 0.0ms
[284.031s][info][gc,phases      ] GC(587)   Evacuate Collection Set: 0.6ms
[284.031s][info][gc,phases      ] GC(587)   Post Evacuate Collection Set: 1.5ms
[284.031s][info][gc,phases      ] GC(587)   Other: 0.2ms
[284.031s][info][gc,heap        ] GC(587) Eden regions: 8->0(25)
[284.031s][info][gc,heap        ] GC(587) Survivor regions: 0->0(0)
[284.031s][info][gc,heap        ] GC(587) Old regions: 491->499
[284.031s][info][gc,heap        ] GC(587) Archive regions: 2->2
[284.031s][info][gc,heap        ] GC(587) Humongous regions: 11->11
[284.031s][info][gc,metaspace   ] GC(587) Metaspace: 44281K(45568K)->44281K(45568K) NonClass: 39043K(39936K)->39043K(39936K) Class: 5238K(5632K)->5238K(5632K)
[284.031s][info][gc             ] GC(587) Pause Young (Concurrent Start) (G1 Evacuation Pause) 507M->507M(512M) 2.560ms
[284.031s][info][gc,cpu         ] GC(587) User=0.01s Sys=0.00s Real=0.00s
[284.031s][info][gc,ergo        ] Attempting maximally compacting collection
[284.031s][info][gc             ] GC(589) Concurrent Cycle
[284.031s][info][gc,task        ] GC(588) Using 8 workers of 8 for full compaction
[284.031s][info][gc,marking     ] GC(589) Concurrent Clear Claimed Marks
[284.031s][info][gc,start       ] GC(588) Pause Full (G1 Evacuation Pause)
[284.031s][info][gc,marking     ] GC(589) Concurrent Clear Claimed Marks 0.045ms
[284.031s][info][gc,marking     ] GC(589) Concurrent Scan Root Regions
[284.031s][info][gc,marking     ] GC(589) Concurrent Scan Root Regions 0.012ms
[284.031s][info][gc,marking     ] GC(589) Concurrent Mark (284.031s)
[284.031s][info][gc,marking     ] GC(589) Concurrent Mark From Roots
[284.031s][info][gc,task        ] GC(589) Using 2 workers of 2 for marking
[284.032s][info][gc,phases,start] GC(588) Phase 1: Mark live objects
[284.273s][info][gc,phases      ] GC(588) Phase 1: Mark live objects 240.880ms
[284.273s][info][gc,phases,start] GC(588) Phase 2: Prepare for compaction
[284.304s][info][gc,phases      ] GC(588) Phase 2: Prepare for compaction 30.834ms
[284.304s][info][gc,phases,start] GC(588) Phase 3: Adjust pointers
[284.374s][info][gc,phases      ] GC(588) Phase 3: Adjust pointers 70.658ms
[284.374s][info][gc,phases,start] GC(588) Phase 4: Compact heap
[284.399s][info][gc,phases      ] GC(588) Phase 4: Compact heap 24.266ms
[284.403s][info][gc,heap        ] GC(588) Eden regions: 0->0(25)
[284.403s][info][gc,heap        ] GC(588) Survivor regions: 0->0(0)
[284.403s][info][gc,heap        ] GC(588) Old regions: 499->490
[284.403s][info][gc,heap        ] GC(588) Archive regions: 2->2
[284.403s][info][gc,heap        ] GC(588) Humongous regions: 11->11
[284.403s][info][gc,metaspace   ] GC(588) Metaspace: 44281K(45568K)->44187K(45568K) NonClass: 39043K(39936K)->38963K(39936K) Class: 5238K(5632K)->5224K(5632K)
[284.403s][info][gc             ] GC(588) Pause Full (G1 Evacuation Pause) 507M->499M(512M) 371.731ms
[284.404s][info][gc,cpu         ] GC(588) User=2.50s Sys=0.02s Real=0.37s
[284.404s][info][gc,marking     ] GC(589) Concurrent Mark From Roots 372.916ms
[284.404s][info][gc,marking     ] GC(589) Concurrent Mark Abort
[284.404s][info][gc             ] GC(589) Concurrent Cycle 373.079ms
[284.440s][info][gc,start       ] GC(590) Pause Young (Normal) (G1 Evacuation Pause)
[284.440s][info][gc,task        ] GC(590) Using 8 workers of 8 for evacuation
[284.442s][info][gc             ] GC(590) To-space exhausted
[284.442s][info][gc,phases      ] GC(590)   Pre Evacuate Collection Set: 0.1ms
[284.442s][info][gc,phases      ] GC(590)   Merge Heap Roots: 0.0ms
[284.442s][info][gc,phases      ] GC(590)   Evacuate Collection Set: 0.5ms
[284.442s][info][gc,phases      ] GC(590)   Post Evacuate Collection Set: 1.4ms
[284.442s][info][gc,phases      ] GC(590)   Other: 0.2ms
[284.442s][info][gc,heap        ] GC(590) Eden regions: 9->0(25)
[284.442s][info][gc,heap        ] GC(590) Survivor regions: 0->0(0)
[284.442s][info][gc,heap        ] GC(590) Old regions: 490->499
[284.442s][info][gc,heap        ] GC(590) Archive regions: 2->2
[284.442s][info][gc,heap        ] GC(590) Humongous regions: 11->11
[284.442s][info][gc,metaspace   ] GC(590) Metaspace: 44255K(45568K)->44255K(45568K) NonClass: 39020K(39936K)->39020K(39936K) Class: 5234K(5632K)->5234K(5632K)
[284.442s][info][gc             ] GC(590) Pause Young (Normal) (G1 Evacuation Pause) 508M->508M(512M) 2.276ms
[284.442s][info][gc,cpu         ] GC(590) User=0.01s Sys=0.00s Real=0.00s
[284.442s][info][gc,ergo        ] Attempting maximally compacting collection
[284.442s][info][gc,task        ] GC(591) Using 8 workers of 8 for full compaction
[284.442s][info][gc,start       ] GC(591) Pause Full (G1 Evacuation Pause)
[284.442s][info][gc,phases,start] GC(591) Phase 1: Mark live objects
[284.665s][info][gc,phases      ] GC(591) Phase 1: Mark live objects 222.828ms
[284.665s][info][gc,phases,start] GC(591) Phase 2: Prepare for compaction
[284.697s][info][gc,phases      ] GC(591) Phase 2: Prepare for compaction 32.265ms
[284.697s][info][gc,phases,start] GC(591) Phase 3: Adjust pointers
[284.767s][info][gc,phases      ] GC(591) Phase 3: Adjust pointers 69.877ms
[284.767s][info][gc,phases,start] GC(591) Phase 4: Compact heap
[284.797s][info][gc,phases      ] GC(591) Phase 4: Compact heap 29.810ms
[284.801s][info][gc,heap        ] GC(591) Eden regions: 0->0(25)
[284.801s][info][gc,heap        ] GC(591) Survivor regions: 0->0(0)
[284.801s][info][gc,heap        ] GC(591) Old regions: 499->493
[284.801s][info][gc,heap        ] GC(591) Archive regions: 2->2
[284.801s][info][gc,heap        ] GC(591) Humongous regions: 11->11
[284.801s][info][gc,metaspace   ] GC(591) Metaspace: 44255K(45568K)->44161K(45568K) NonClass: 39020K(39936K)->38940K(39936K) Class: 5234K(5632K)->5220K(5632K)
[284.801s][info][gc             ] GC(591) Pause Full (G1 Evacuation Pause) 508M->499M(512M) 359.427ms
[284.803s][info][gc,cpu         ] GC(591) User=2.50s Sys=0.01s Real=0.36s
[284.822s][info][gc,start       ] GC(592) Pause Young (Concurrent Start) (G1 Evacuation Pause)
[284.822s][info][gc,task        ] GC(592) Using 8 workers of 8 for evacuation
[284.823s][info][gc             ] GC(592) To-space exhausted
[284.824s][info][gc,phases      ] GC(592)   Pre Evacuate Collection Set: 0.1ms
[284.824s][info][gc,phases      ] GC(592)   Merge Heap Roots: 0.0ms
[284.824s][info][gc,phases      ] GC(592)   Evacuate Collection Set: 0.6ms
[284.824s][info][gc,phases      ] GC(592)   Post Evacuate Collection Set: 0.9ms
[284.824s][info][gc,phases      ] GC(592)   Other: 0.1ms
[284.824s][info][gc,heap        ] GC(592) Eden regions: 6->0(25)
[284.824s][info][gc,heap        ] GC(592) Survivor regions: 0->0(0)
[284.824s][info][gc,heap        ] GC(592) Old regions: 493->499
[284.824s][info][gc,heap        ] GC(592) Archive regions: 2->2
[284.824s][info][gc,heap        ] GC(592) Humongous regions: 11->11
[284.824s][info][gc,metaspace   ] GC(592) Metaspace: 44254K(45568K)->44254K(45568K) NonClass: 39019K(39936K)->39019K(39936K) Class: 5234K(5632K)->5234K(5632K)
[284.824s][info][gc             ] GC(592) Pause Young (Concurrent Start) (G1 Evacuation Pause) 505M->505M(512M) 1.812ms
[284.824s][info][gc,cpu         ] GC(592) User=0.01s Sys=0.00s Real=0.00s
[284.824s][info][gc,ergo        ] Attempting maximally compacting collection
[284.824s][info][gc             ] GC(594) Concurrent Cycle
[284.824s][info][gc,task        ] GC(593) Using 8 workers of 8 for full compaction
[284.824s][info][gc,marking     ] GC(594) Concurrent Clear Claimed Marks
[284.824s][info][gc,start       ] GC(593) Pause Full (G1 Evacuation Pause)
[284.824s][info][gc,marking     ] GC(594) Concurrent Clear Claimed Marks 0.030ms
[284.824s][info][gc,marking     ] GC(594) Concurrent Scan Root Regions
[284.824s][info][gc,marking     ] GC(594) Concurrent Scan Root Regions 0.011ms
[284.824s][info][gc,marking     ] GC(594) Concurrent Mark (284.824s)
[284.824s][info][gc,marking     ] GC(594) Concurrent Mark From Roots
[284.824s][info][gc,task        ] GC(594) Using 2 workers of 2 for marking
[284.824s][info][gc,phases,start] GC(593) Phase 1: Mark live objects
[285.048s][info][gc,phases      ] GC(593) Phase 1: Mark live objects 223.331ms
[285.048s][info][gc,phases,start] GC(593) Phase 2: Prepare for compaction
[285.075s][info][gc,phases      ] GC(593) Phase 2: Prepare for compaction 27.240ms
[285.075s][info][gc,phases,start] GC(593) Phase 3: Adjust pointers
[285.148s][info][gc,phases      ] GC(593) Phase 3: Adjust pointers 72.726ms
[285.148s][info][gc,phases,start] GC(593) Phase 4: Compact heap
[285.171s][info][gc,phases      ] GC(593) Phase 4: Compact heap 23.391ms
[285.175s][info][gc,heap        ] GC(593) Eden regions: 0->0(25)
[285.176s][info][gc,heap        ] GC(593) Survivor regions: 0->0(0)
[285.176s][info][gc,heap        ] GC(593) Old regions: 499->491
[285.176s][info][gc,heap        ] GC(593) Archive regions: 2->2
[285.176s][info][gc,heap        ] GC(593) Humongous regions: 11->11
[285.176s][info][gc,metaspace   ] GC(593) Metaspace: 44254K(45568K)->44161K(45568K) NonClass: 39019K(39936K)->38940K(39936K) Class: 5234K(5632K)->5220K(5632K)
[285.176s][info][gc             ] GC(593) Pause Full (G1 Evacuation Pause) 505M->500M(512M) 351.881ms
[285.177s][info][gc,cpu         ] GC(593) User=2.49s Sys=0.03s Real=0.36s
[285.178s][info][gc,marking     ] GC(594) Concurrent Mark From Roots 353.912ms
[285.178s][info][gc,marking     ] GC(594) Concurrent Mark Abort
[285.178s][info][gc             ] GC(594) Concurrent Cycle 354.070ms
[285.213s][info][gc,start       ] GC(595) Pause Young (Normal) (G1 Evacuation Pause)
[285.213s][info][gc,task        ] GC(595) Using 8 workers of 8 for evacuation
[285.216s][info][gc             ] GC(595) To-space exhausted
[285.216s][info][gc,phases      ] GC(595)   Pre Evacuate Collection Set: 0.1ms
[285.216s][info][gc,phases      ] GC(595)   Merge Heap Roots: 0.0ms
[285.216s][info][gc,phases      ] GC(595)   Evacuate Collection Set: 0.7ms
[285.216s][info][gc,phases      ] GC(595)   Post Evacuate Collection Set: 1.8ms
[285.216s][info][gc,phases      ] GC(595)   Other: 0.2ms
[285.216s][info][gc,heap        ] GC(595) Eden regions: 8->0(25)
[285.216s][info][gc,heap        ] GC(595) Survivor regions: 0->0(0)
[285.216s][info][gc,heap        ] GC(595) Old regions: 491->499
[285.216s][info][gc,heap        ] GC(595) Archive regions: 2->2
[285.216s][info][gc,heap        ] GC(595) Humongous regions: 11->11
[285.216s][info][gc,metaspace   ] GC(595) Metaspace: 44275K(45568K)->44275K(45568K) NonClass: 39037K(39936K)->39037K(39936K) Class: 5237K(5632K)->5237K(5632K)
[285.216s][info][gc             ] GC(595) Pause Young (Normal) (G1 Evacuation Pause) 508M->508M(512M) 2.874ms
[285.216s][info][gc,cpu         ] GC(595) User=0.02s Sys=0.00s Real=0.01s
[285.216s][info][gc,ergo        ] Attempting maximally compacting collection
[285.216s][info][gc,task        ] GC(596) Using 8 workers of 8 for full compaction
[285.216s][info][gc,start       ] GC(596) Pause Full (G1 Evacuation Pause)
[285.216s][info][gc,phases,start] GC(596) Phase 1: Mark live objects
[285.449s][info][gc,phases      ] GC(596) Phase 1: Mark live objects 232.508ms
[285.449s][info][gc,phases,start] GC(596) Phase 2: Prepare for compaction
[285.478s][info][gc,phases      ] GC(596) Phase 2: Prepare for compaction 28.548ms
[285.478s][info][gc,phases,start] GC(596) Phase 3: Adjust pointers
[285.550s][info][gc,phases      ] GC(596) Phase 3: Adjust pointers 72.076ms
[285.550s][info][gc,phases,start] GC(596) Phase 4: Compact heap
[285.577s][info][gc,phases      ] GC(596) Phase 4: Compact heap 26.894ms
[285.581s][info][gc,heap        ] GC(596) Eden regions: 0->0(25)
[285.581s][info][gc,heap        ] GC(596) Survivor regions: 0->0(0)
[285.581s][info][gc,heap        ] GC(596) Old regions: 499->491
[285.581s][info][gc,heap        ] GC(596) Archive regions: 2->2
[285.581s][info][gc,heap        ] GC(596) Humongous regions: 11->11
[285.581s][info][gc,metaspace   ] GC(596) Metaspace: 44275K(45568K)->44220K(45568K) NonClass: 39037K(39936K)->38990K(39936K) Class: 5237K(5632K)->5229K(5632K)
[285.581s][info][gc             ] GC(596) Pause Full (G1 Evacuation Pause) 508M->500M(512M) 364.393ms
[285.582s][info][gc,cpu         ] GC(596) User=2.51s Sys=0.02s Real=0.36s
[285.583s][info][gc,start       ] GC(597) Pause Young (Concurrent Start) (G1 Humongous Allocation)
[285.583s][info][gc,task        ] GC(597) Using 8 workers of 8 for evacuation
[285.584s][info][gc,phases      ] GC(597)   Pre Evacuate Collection Set: 0.1ms
[285.584s][info][gc,phases      ] GC(597)   Merge Heap Roots: 0.0ms
[285.584s][info][gc,phases      ] GC(597)   Evacuate Collection Set: 0.4ms
[285.584s][info][gc,phases      ] GC(597)   Post Evacuate Collection Set: 0.2ms
[285.584s][info][gc,phases      ] GC(597)   Other: 0.2ms
[285.584s][info][gc,heap        ] GC(597) Eden regions: 1->0(24)
[285.584s][info][gc,heap        ] GC(597) Survivor regions: 0->1(4)
[285.584s][info][gc,heap        ] GC(597) Old regions: 491->491
[285.584s][info][gc,heap        ] GC(597) Archive regions: 2->2
[285.584s][info][gc,heap        ] GC(597) Humongous regions: 11->11
[285.584s][info][gc,metaspace   ] GC(597) Metaspace: 44223K(45568K)->44223K(45568K) NonClass: 38993K(39936K)->38993K(39936K) Class: 5230K(5632K)->5230K(5632K)
[285.584s][info][gc             ] GC(597) Pause Young (Concurrent Start) (G1 Humongous Allocation) 500M->500M(512M) 0.976ms
[285.584s][info][gc,cpu         ] GC(597) User=0.01s Sys=0.00s Real=0.00s
[285.584s][info][gc             ] GC(598) Concurrent Cycle
[285.584s][info][gc,marking     ] GC(598) Concurrent Clear Claimed Marks
[285.584s][info][gc,marking     ] GC(598) Concurrent Clear Claimed Marks 0.014ms
[285.584s][info][gc,marking     ] GC(598) Concurrent Scan Root Regions
[285.584s][info][gc,marking     ] GC(598) Concurrent Scan Root Regions 0.524ms
[285.584s][info][gc,marking     ] GC(598) Concurrent Mark (285.584s)
[285.584s][info][gc,marking     ] GC(598) Concurrent Mark From Roots
[285.584s][info][gc,start       ] GC(599) Pause Young (Normal) (G1 Humongous Allocation)
[285.584s][info][gc,task        ] GC(598) Using 2 workers of 2 for marking
[285.584s][info][gc,task        ] GC(599) Using 8 workers of 8 for evacuation
[285.585s][info][gc,phases      ] GC(599)   Pre Evacuate Collection Set: 0.1ms
[285.585s][info][gc,phases      ] GC(599)   Merge Heap Roots: 0.0ms
[285.585s][info][gc,phases      ] GC(599)   Evacuate Collection Set: 0.3ms
[285.585s][info][gc,phases      ] GC(599)   Post Evacuate Collection Set: 0.2ms
[285.585s][info][gc,phases      ] GC(599)   Other: 0.1ms
[285.585s][info][gc,heap        ] GC(599) Eden regions: 0->0(24)
[285.585s][info][gc,heap        ] GC(599) Survivor regions: 1->1(4)
[285.585s][info][gc,heap        ] GC(599) Old regions: 491->491
[285.585s][info][gc,heap        ] GC(599) Archive regions: 2->2
[285.585s][info][gc,heap        ] GC(599) Humongous regions: 11->11
[285.585s][info][gc,metaspace   ] GC(599) Metaspace: 44223K(45568K)->44223K(45568K) NonClass: 38993K(39936K)->38993K(39936K) Class: 5230K(5632K)->5230K(5632K)
[285.585s][info][gc             ] GC(599) Pause Young (Normal) (G1 Humongous Allocation) 500M->500M(512M) 0.665ms
[285.585s][info][gc,cpu         ] GC(599) User=0.00s Sys=0.00s Real=0.00s
[285.585s][info][gc,task        ] GC(600) Using 8 workers of 8 for full compaction
[285.585s][info][gc,start       ] GC(600) Pause Full (G1 Humongous Allocation)
[285.586s][info][gc,phases,start] GC(600) Phase 1: Mark live objects
[285.806s][info][gc,phases      ] GC(600) Phase 1: Mark live objects 220.502ms
[285.806s][info][gc,phases,start] GC(600) Phase 2: Prepare for compaction
[285.836s][info][gc,phases      ] GC(600) Phase 2: Prepare for compaction 29.508ms
[285.836s][info][gc,phases,start] GC(600) Phase 3: Adjust pointers
[285.909s][info][gc,phases      ] GC(600) Phase 3: Adjust pointers 72.688ms
[285.909s][info][gc,phases,start] GC(600) Phase 4: Compact heap
[285.945s][info][gc,phases      ] GC(600) Phase 4: Compact heap 36.079ms
[285.949s][info][gc,heap        ] GC(600) Eden regions: 0->0(25)
[285.949s][info][gc,heap        ] GC(600) Survivor regions: 1->0(4)
[285.949s][info][gc,heap        ] GC(600) Old regions: 491->492
[285.949s][info][gc,heap        ] GC(600) Archive regions: 2->2
[285.949s][info][gc,heap        ] GC(600) Humongous regions: 11->11
[285.949s][info][gc,metaspace   ] GC(600) Metaspace: 44223K(45568K)->44223K(45568K) NonClass: 38993K(39936K)->38993K(39936K) Class: 5230K(5632K)->5230K(5632K)
[285.949s][info][gc             ] GC(600) Pause Full (G1 Humongous Allocation) 500M->500M(512M) 364.086ms
[285.950s][info][gc,cpu         ] GC(600) User=2.48s Sys=0.03s Real=0.37s
[285.950s][info][gc,task        ] GC(601) Using 8 workers of 8 for full compaction
[285.950s][info][gc,start       ] GC(601) Pause Full (G1 Humongous Allocation)
[285.951s][info][gc,phases,start] GC(601) Phase 1: Mark live objects
[286.263s][info][gc,phases      ] GC(601) Phase 1: Mark live objects 312.673ms
[286.263s][info][gc,phases,start] GC(601) Phase 2: Prepare for compaction
[286.295s][info][gc,phases      ] GC(601) Phase 2: Prepare for compaction 31.905ms
[286.295s][info][gc,phases,start] GC(601) Phase 3: Adjust pointers
[286.364s][info][gc,phases      ] GC(601) Phase 3: Adjust pointers 69.218ms
[286.364s][info][gc,phases,start] GC(601) Phase 4: Compact heap
[286.389s][info][gc,phases      ] GC(601) Phase 4: Compact heap 24.124ms
[286.393s][info][gc,heap        ] GC(601) Eden regions: 0->0(25)
[286.393s][info][gc,heap        ] GC(601) Survivor regions: 0->0(4)
[286.393s][info][gc,heap        ] GC(601) Old regions: 492->491
[286.393s][info][gc,heap        ] GC(601) Archive regions: 2->2
[286.393s][info][gc,heap        ] GC(601) Humongous regions: 11->11
[286.393s][info][gc,metaspace   ] GC(601) Metaspace: 44223K(45568K)->44164K(45568K) NonClass: 38993K(39936K)->38942K(39936K) Class: 5230K(5632K)->5221K(5632K)
[286.393s][info][gc             ] GC(601) Pause Full (G1 Humongous Allocation) 500M->500M(512M) 442.595ms
[286.395s][info][gc,cpu         ] GC(601) User=2.51s Sys=0.04s Real=0.44s
[286.395s][info][gc,marking     ] GC(598) Concurrent Mark From Roots 810.273ms
[286.395s][info][gc,marking     ] GC(598) Concurrent Mark Abort
[286.395s][info][gc             ] GC(598) Concurrent Cycle 810.896ms
[286.395s][info][gc,start       ] GC(602) Pause Young (Concurrent Start) (G1 Humongous Allocation)
[286.395s][info][gc,task        ] GC(602) Using 8 workers of 8 for evacuation
[286.396s][info][gc,phases      ] GC(602)   Pre Evacuate Collection Set: 0.1ms
[286.396s][info][gc,phases      ] GC(602)   Merge Heap Roots: 0.0ms
[286.396s][info][gc,phases      ] GC(602)   Evacuate Collection Set: 0.4ms
[286.396s][info][gc,phases      ] GC(602)   Post Evacuate Collection Set: 0.1ms
[286.396s][info][gc,phases      ] GC(602)   Other: 0.1ms
[286.396s][info][gc,heap        ] GC(602) Eden regions: 1->0(24)
[286.396s][info][gc,heap        ] GC(602) Survivor regions: 0->1(4)
[286.396s][info][gc,heap        ] GC(602) Old regions: 491->491
[286.396s][info][gc,heap        ] GC(602) Archive regions: 2->2
[286.396s][info][gc,heap        ] GC(602) Humongous regions: 11->11
[286.396s][info][gc,metaspace   ] GC(602) Metaspace: 44164K(45568K)->44164K(45568K) NonClass: 38942K(39936K)->38942K(39936K) Class: 5221K(5632K)->5221K(5632K)
[286.396s][info][gc             ] GC(602) Pause Young (Concurrent Start) (G1 Humongous Allocation) 500M->500M(512M) 0.855ms
[286.396s][info][gc,cpu         ] GC(602) User=0.00s Sys=0.00s Real=0.01s
[286.396s][info][gc             ] GC(603) Concurrent Cycle
[286.396s][info][gc,marking     ] GC(603) Concurrent Clear Claimed Marks
[286.396s][info][gc,marking     ] GC(603) Concurrent Clear Claimed Marks 0.011ms
[286.396s][info][gc,marking     ] GC(603) Concurrent Scan Root Regions
[286.396s][info][gc,marking     ] GC(603) Concurrent Scan Root Regions 0.075ms
[286.396s][info][gc,marking     ] GC(603) Concurrent Mark (286.396s)
[286.396s][info][gc,marking     ] GC(603) Concurrent Mark From Roots
[286.396s][info][gc,task        ] GC(603) Using 2 workers of 2 for marking
[286.397s][info][gc,start       ] GC(604) Pause Young (Normal) (G1 Humongous Allocation)
[286.397s][info][gc,task        ] GC(604) Using 8 workers of 8 for evacuation
[286.397s][info][gc,phases      ] GC(604)   Pre Evacuate Collection Set: 0.0ms
[286.397s][info][gc,phases      ] GC(604)   Merge Heap Roots: 0.0ms
[286.397s][info][gc,phases      ] GC(604)   Evacuate Collection Set: 0.2ms
[286.397s][info][gc,phases      ] GC(604)   Post Evacuate Collection Set: 0.1ms
[286.397s][info][gc,phases      ] GC(604)   Other: 0.1ms
[286.397s][info][gc,heap        ] GC(604) Eden regions: 1->0(24)
[286.397s][info][gc,heap        ] GC(604) Survivor regions: 1->1(4)
[286.397s][info][gc,heap        ] GC(604) Old regions: 491->491
[286.397s][info][gc,heap        ] GC(604) Archive regions: 2->2
[286.397s][info][gc,heap        ] GC(604) Humongous regions: 11->11
[286.397s][info][gc,metaspace   ] GC(604) Metaspace: 44164K(45568K)->44164K(45568K) NonClass: 38942K(39936K)->38942K(39936K) Class: 5221K(5632K)->5221K(5632K)
[286.397s][info][gc             ] GC(604) Pause Young (Normal) (G1 Humongous Allocation) 500M->500M(512M) 0.527ms
[286.397s][info][gc,cpu         ] GC(604) User=0.00s Sys=0.00s Real=0.00s
[286.397s][info][gc,task        ] GC(605) Using 8 workers of 8 for full compaction
[286.397s][info][gc,start       ] GC(605) Pause Full (G1 Humongous Allocation)
[286.398s][info][gc,phases,start] GC(605) Phase 1: Mark live objects
[286.618s][info][gc,phases      ] GC(605) Phase 1: Mark live objects 220.192ms
[286.618s][info][gc,phases,start] GC(605) Phase 2: Prepare for compaction
[286.649s][info][gc,phases      ] GC(605) Phase 2: Prepare for compaction 30.792ms
[286.649s][info][gc,phases,start] GC(605) Phase 3: Adjust pointers
[286.720s][info][gc,phases      ] GC(605) Phase 3: Adjust pointers 71.327ms
[286.720s][info][gc,phases,start] GC(605) Phase 4: Compact heap
[286.749s][info][gc,phases      ] GC(605) Phase 4: Compact heap 28.346ms
[286.753s][info][gc,heap        ] GC(605) Eden regions: 0->0(25)
[286.753s][info][gc,heap        ] GC(605) Survivor regions: 1->0(4)
[286.753s][info][gc,heap        ] GC(605) Old regions: 491->491
[286.753s][info][gc,heap        ] GC(605) Archive regions: 2->2
[286.753s][info][gc,heap        ] GC(605) Humongous regions: 11->11
[286.753s][info][gc,metaspace   ] GC(605) Metaspace: 44164K(45568K)->44164K(45568K) NonClass: 38942K(39936K)->38942K(39936K) Class: 5221K(5632K)->5221K(5632K)
[286.753s][info][gc             ] GC(605) Pause Full (G1 Humongous Allocation) 500M->500M(512M) 355.919ms
[286.754s][info][gc,cpu         ] GC(605) User=2.53s Sys=0.02s Real=0.35s
[286.754s][info][gc,task        ] GC(606) Using 8 workers of 8 for full compaction
[286.754s][info][gc,start       ] GC(606) Pause Full (G1 Humongous Allocation)
[286.754s][info][gc,phases,start] GC(606) Phase 1: Mark live objects
[286.972s][info][gc,phases      ] GC(606) Phase 1: Mark live objects 217.854ms
[286.972s][info][gc,phases,start] GC(606) Phase 2: Prepare for compaction
[287.001s][info][gc,phases      ] GC(606) Phase 2: Prepare for compaction 29.257ms
[287.001s][info][gc,phases,start] GC(606) Phase 3: Adjust pointers
[287.075s][info][gc,phases      ] GC(606) Phase 3: Adjust pointers 73.500ms
[287.075s][info][gc,phases,start] GC(606) Phase 4: Compact heap
[287.101s][info][gc,phases      ] GC(606) Phase 4: Compact heap 25.764ms
[287.105s][info][gc,heap        ] GC(606) Eden regions: 0->0(25)
[287.105s][info][gc,heap        ] GC(606) Survivor regions: 0->0(4)
[287.105s][info][gc,heap        ] GC(606) Old regions: 491->491
[287.105s][info][gc,heap        ] GC(606) Archive regions: 2->2
[287.105s][info][gc,heap        ] GC(606) Humongous regions: 11->11
[287.105s][info][gc,metaspace   ] GC(606) Metaspace: 44164K(45568K)->44164K(45568K) NonClass: 38942K(39936K)->38942K(39936K) Class: 5221K(5632K)->5221K(5632K)
[287.105s][info][gc             ] GC(606) Pause Full (G1 Humongous Allocation) 500M->500M(512M) 350.696ms
[287.106s][info][gc,cpu         ] GC(606) User=2.51s Sys=0.02s Real=0.36s
[287.106s][info][gc,marking     ] GC(603) Concurrent Mark From Roots 709.941ms
[287.106s][info][gc,marking     ] GC(603) Concurrent Mark Abort
[287.106s][info][gc             ] GC(603) Concurrent Cycle 710.121ms
[287.107s][info][gc,start       ] GC(607) Pause Young (Concurrent Start) (G1 Humongous Allocation)
[287.107s][info][gc,task        ] GC(607) Using 8 workers of 8 for evacuation
[287.108s][info][gc,phases      ] GC(607)   Pre Evacuate Collection Set: 0.1ms
[287.108s][info][gc,phases      ] GC(607)   Merge Heap Roots: 0.0ms
[287.108s][info][gc,phases      ] GC(607)   Evacuate Collection Set: 0.4ms
[287.108s][info][gc,phases      ] GC(607)   Post Evacuate Collection Set: 0.1ms
[287.108s][info][gc,phases      ] GC(607)   Other: 0.1ms
[287.108s][info][gc,heap        ] GC(607) Eden regions: 1->0(24)
[287.108s][info][gc,heap        ] GC(607) Survivor regions: 0->1(4)
[287.108s][info][gc,heap        ] GC(607) Old regions: 491->491
[287.108s][info][gc,heap        ] GC(607) Archive regions: 2->2
[287.108s][info][gc,heap        ] GC(607) Humongous regions: 11->11
[287.108s][info][gc,metaspace   ] GC(607) Metaspace: 44164K(45568K)->44164K(45568K) NonClass: 38942K(39936K)->38942K(39936K) Class: 5221K(5632K)->5221K(5632K)
[287.108s][info][gc             ] GC(607) Pause Young (Concurrent Start) (G1 Humongous Allocation) 500M->500M(512M) 0.836ms
[287.108s][info][gc,cpu         ] GC(607) User=0.00s Sys=0.00s Real=0.00s
[287.108s][info][gc             ] GC(608) Concurrent Cycle
[287.108s][info][gc,marking     ] GC(608) Concurrent Clear Claimed Marks
[287.108s][info][gc,marking     ] GC(608) Concurrent Clear Claimed Marks 0.012ms
[287.108s][info][gc,marking     ] GC(608) Concurrent Scan Root Regions
[287.108s][info][gc,marking     ] GC(608) Concurrent Scan Root Regions 0.067ms
[287.108s][info][gc,marking     ] GC(608) Concurrent Mark (287.108s)
[287.108s][info][gc,marking     ] GC(608) Concurrent Mark From Roots
[287.108s][info][gc,task        ] GC(608) Using 2 workers of 2 for marking
[287.109s][info][gc,start       ] GC(609) Pause Young (Normal) (G1 Humongous Allocation)
[287.109s][info][gc,task        ] GC(609) Using 8 workers of 8 for evacuation
[287.110s][info][gc,phases      ] GC(609)   Pre Evacuate Collection Set: 0.1ms
[287.110s][info][gc,phases      ] GC(609)   Merge Heap Roots: 0.0ms
[287.110s][info][gc,phases      ] GC(609)   Evacuate Collection Set: 0.2ms
[287.110s][info][gc,phases      ] GC(609)   Post Evacuate Collection Set: 0.1ms
[287.110s][info][gc,phases      ] GC(609)   Other: 0.1ms
[287.110s][info][gc,heap        ] GC(609) Eden regions: 1->0(24)
[287.110s][info][gc,heap        ] GC(609) Survivor regions: 1->1(4)
[287.110s][info][gc,heap        ] GC(609) Old regions: 491->491
[287.110s][info][gc,heap        ] GC(609) Archive regions: 2->2
[287.110s][info][gc,heap        ] GC(609) Humongous regions: 11->11
[287.110s][info][gc,metaspace   ] GC(609) Metaspace: 44164K(45568K)->44164K(45568K) NonClass: 38943K(39936K)->38943K(39936K) Class: 5221K(5632K)->5221K(5632K)
[287.110s][info][gc             ] GC(609) Pause Young (Normal) (G1 Humongous Allocation) 500M->500M(512M) 0.543ms
[287.110s][info][gc,cpu         ] GC(609) User=0.00s Sys=0.00s Real=0.00s
[287.110s][info][gc,task        ] GC(610) Using 8 workers of 8 for full compaction
[287.110s][info][gc,start       ] GC(610) Pause Full (G1 Humongous Allocation)
[287.111s][info][gc,phases,start] GC(610) Phase 1: Mark live objects
[287.341s][info][gc,phases      ] GC(610) Phase 1: Mark live objects 230.522ms
[287.341s][info][gc,phases,start] GC(610) Phase 2: Prepare for compaction
[287.370s][info][gc,phases      ] GC(610) Phase 2: Prepare for compaction 28.600ms
[287.370s][info][gc,phases,start] GC(610) Phase 3: Adjust pointers
[287.445s][info][gc,phases      ] GC(610) Phase 3: Adjust pointers 75.102ms
[287.445s][info][gc,phases,start] GC(610) Phase 4: Compact heap
[287.472s][info][gc,phases      ] GC(610) Phase 4: Compact heap 27.537ms
[287.477s][info][gc,heap        ] GC(610) Eden regions: 0->0(25)
[287.477s][info][gc,heap        ] GC(610) Survivor regions: 1->0(4)
[287.477s][info][gc,heap        ] GC(610) Old regions: 491->492
[287.477s][info][gc,heap        ] GC(610) Archive regions: 2->2
[287.477s][info][gc,heap        ] GC(610) Humongous regions: 11->11
[287.477s][info][gc,metaspace   ] GC(610) Metaspace: 44164K(45568K)->44164K(45568K) NonClass: 38943K(39936K)->38943K(39936K) Class: 5221K(5632K)->5221K(5632K)
[287.477s][info][gc             ] GC(610) Pause Full (G1 Humongous Allocation) 500M->500M(512M) 366.813ms
[287.478s][info][gc,cpu         ] GC(610) User=2.50s Sys=0.03s Real=0.37s
[287.478s][info][gc,task        ] GC(611) Using 8 workers of 8 for full compaction
[287.478s][info][gc,start       ] GC(611) Pause Full (G1 Humongous Allocation)
[287.478s][info][gc,phases,start] GC(611) Phase 1: Mark live objects
[287.705s][info][gc,phases      ] GC(611) Phase 1: Mark live objects 226.579ms
[287.705s][info][gc,phases,start] GC(611) Phase 2: Prepare for compaction
[287.737s][info][gc,phases      ] GC(611) Phase 2: Prepare for compaction 31.914ms
[287.737s][info][gc,phases,start] GC(611) Phase 3: Adjust pointers
[287.807s][info][gc,phases      ] GC(611) Phase 3: Adjust pointers 70.537ms
[287.807s][info][gc,phases,start] GC(611) Phase 4: Compact heap
[287.834s][info][gc,phases      ] GC(611) Phase 4: Compact heap 26.695ms
[287.838s][info][gc,heap        ] GC(611) Eden regions: 0->0(25)
[287.838s][info][gc,heap        ] GC(611) Survivor regions: 0->0(4)
[287.838s][info][gc,heap        ] GC(611) Old regions: 492->492
[287.838s][info][gc,heap        ] GC(611) Archive regions: 2->2
[287.838s][info][gc,heap        ] GC(611) Humongous regions: 11->11
[287.838s][info][gc,metaspace   ] GC(611) Metaspace: 44164K(45568K)->44164K(45568K) NonClass: 38943K(39936K)->38943K(39936K) Class: 5221K(5632K)->5221K(5632K)
[287.838s][info][gc             ] GC(611) Pause Full (G1 Humongous Allocation) 500M->500M(512M) 360.129ms
[287.839s][info][gc,cpu         ] GC(611) User=2.48s Sys=0.03s Real=0.36s
[287.839s][info][gc,marking     ] GC(608) Concurrent Mark From Roots 731.473ms
[287.839s][info][gc,marking     ] GC(608) Concurrent Mark Abort
[287.839s][info][gc             ] GC(608) Concurrent Cycle 731.620ms
[287.840s][info][gc,start       ] GC(612) Pause Young (Normal) (G1 Humongous Allocation)
[287.840s][info][gc,task        ] GC(612) Using 8 workers of 8 for evacuation
[287.841s][info][gc,phases      ] GC(612)   Pre Evacuate Collection Set: 0.1ms
[287.841s][info][gc,phases      ] GC(612)   Merge Heap Roots: 0.0ms
[287.841s][info][gc,phases      ] GC(612)   Evacuate Collection Set: 0.2ms
[287.841s][info][gc,phases      ] GC(612)   Post Evacuate Collection Set: 0.1ms
[287.841s][info][gc,phases      ] GC(612)   Other: 0.1ms
[287.841s][info][gc,heap        ] GC(612) Eden regions: 1->0(24)
[287.841s][info][gc,heap        ] GC(612) Survivor regions: 0->1(4)
[287.841s][info][gc,heap        ] GC(612) Old regions: 492->492
[287.841s][info][gc,heap        ] GC(612) Archive regions: 2->2
[287.841s][info][gc,heap        ] GC(612) Humongous regions: 11->11
[287.841s][info][gc,metaspace   ] GC(612) Metaspace: 44164K(45568K)->44164K(45568K) NonClass: 38943K(39936K)->38943K(39936K) Class: 5221K(5632K)->5221K(5632K)
[287.841s][info][gc             ] GC(612) Pause Young (Normal) (G1 Humongous Allocation) 500M->500M(512M) 0.538ms
[287.841s][info][gc,cpu         ] GC(612) User=0.00s Sys=0.00s Real=0.00s
[287.841s][info][gc,task        ] GC(613) Using 8 workers of 8 for full compaction
[287.841s][info][gc,start       ] GC(613) Pause Full (G1 Humongous Allocation)
[287.841s][info][gc,phases,start] GC(613) Phase 1: Mark live objects
[288.071s][info][gc,phases      ] GC(613) Phase 1: Mark live objects 230.247ms
[288.071s][info][gc,phases,start] GC(613) Phase 2: Prepare for compaction
[288.100s][info][gc,phases      ] GC(613) Phase 2: Prepare for compaction 29.385ms
[288.101s][info][gc,phases,start] GC(613) Phase 3: Adjust pointers
[288.171s][info][gc,phases      ] GC(613) Phase 3: Adjust pointers 70.950ms
[288.172s][info][gc,phases,start] GC(613) Phase 4: Compact heap
[288.195s][info][gc,phases      ] GC(613) Phase 4: Compact heap 23.853ms
[288.200s][info][gc,heap        ] GC(613) Eden regions: 0->0(25)
[288.200s][info][gc,heap        ] GC(613) Survivor regions: 1->0(4)
[288.200s][info][gc,heap        ] GC(613) Old regions: 492->491
[288.200s][info][gc,heap        ] GC(613) Archive regions: 2->2
[288.200s][info][gc,heap        ] GC(613) Humongous regions: 11->11
[288.200s][info][gc,metaspace   ] GC(613) Metaspace: 44164K(45568K)->44164K(45568K) NonClass: 38943K(39936K)->38943K(39936K) Class: 5221K(5632K)->5221K(5632K)
[288.200s][info][gc             ] GC(613) Pause Full (G1 Humongous Allocation) 500M->500M(512M) 358.818ms
[288.201s][info][gc,cpu         ] GC(613) User=2.52s Sys=0.04s Real=0.36s
[288.201s][info][gc,task        ] GC(614) Using 8 workers of 8 for full compaction
[288.201s][info][gc,start       ] GC(614) Pause Full (G1 Humongous Allocation)
[288.201s][info][gc,phases,start] GC(614) Phase 1: Mark live objects
[288.426s][info][gc,phases      ] GC(614) Phase 1: Mark live objects 224.548ms
[288.426s][info][gc,phases,start] GC(614) Phase 2: Prepare for compaction
[288.455s][info][gc,phases      ] GC(614) Phase 2: Prepare for compaction 29.466ms
[288.455s][info][gc,phases,start] GC(614) Phase 3: Adjust pointers
[288.526s][info][gc,phases      ] GC(614) Phase 3: Adjust pointers 70.155ms
[288.526s][info][gc,phases,start] GC(614) Phase 4: Compact heap
[288.556s][info][gc,phases      ] GC(614) Phase 4: Compact heap 30.752ms
[288.560s][info][gc,heap        ] GC(614) Eden regions: 0->0(25)
[288.560s][info][gc,heap        ] GC(614) Survivor regions: 0->0(4)
[288.560s][info][gc,heap        ] GC(614) Old regions: 491->490
[288.561s][info][gc,heap        ] GC(614) Archive regions: 2->2
[288.561s][info][gc,heap        ] GC(614) Humongous regions: 11->11
[288.561s][info][gc,metaspace   ] GC(614) Metaspace: 44164K(45568K)->44164K(45568K) NonClass: 38943K(39936K)->38943K(39936K) Class: 5221K(5632K)->5221K(5632K)
[288.561s][info][gc             ] GC(614) Pause Full (G1 Humongous Allocation) 500M->500M(512M) 359.202ms
[288.562s][info][gc,cpu         ] GC(614) User=2.50s Sys=0.03s Real=0.36s
[288.562s][info][gc,start       ] GC(615) Pause Young (Concurrent Start) (G1 Humongous Allocation)
[288.562s][info][gc,task        ] GC(615) Using 8 workers of 8 for evacuation
[288.563s][info][gc,phases      ] GC(615)   Pre Evacuate Collection Set: 0.1ms
[288.563s][info][gc,phases      ] GC(615)   Merge Heap Roots: 0.0ms
[288.563s][info][gc,phases      ] GC(615)   Evacuate Collection Set: 0.5ms
[288.563s][info][gc,phases      ] GC(615)   Post Evacuate Collection Set: 0.2ms
[288.563s][info][gc,phases      ] GC(615)   Other: 0.1ms
[288.563s][info][gc,heap        ] GC(615) Eden regions: 1->0(24)
[288.563s][info][gc,heap        ] GC(615) Survivor regions: 0->1(4)
[288.563s][info][gc,heap        ] GC(615) Old regions: 490->490
[288.563s][info][gc,heap        ] GC(615) Archive regions: 2->2
[288.563s][info][gc,heap        ] GC(615) Humongous regions: 11->11
[288.563s][info][gc,metaspace   ] GC(615) Metaspace: 44167K(45568K)->44167K(45568K) NonClass: 38945K(39936K)->38945K(39936K) Class: 5222K(5632K)->5222K(5632K)
[288.563s][info][gc             ] GC(615) Pause Young (Concurrent Start) (G1 Humongous Allocation) 500M->500M(512M) 0.993ms
[288.563s][info][gc,cpu         ] GC(615) User=0.01s Sys=0.00s Real=0.00s
[288.563s][info][gc             ] GC(616) Concurrent Cycle
[288.563s][info][gc,marking     ] GC(616) Concurrent Clear Claimed Marks
[288.563s][info][gc,marking     ] GC(616) Concurrent Clear Claimed Marks 0.019ms
[288.563s][info][gc,marking     ] GC(616) Concurrent Scan Root Regions
[288.563s][info][gc,marking     ] GC(616) Concurrent Scan Root Regions 0.449ms
[288.563s][info][gc,marking     ] GC(616) Concurrent Mark (288.563s)
[288.563s][info][gc,marking     ] GC(616) Concurrent Mark From Roots
[288.563s][info][gc,task        ] GC(616) Using 2 workers of 2 for marking
[288.563s][info][gc,start       ] GC(617) Pause Young (Normal) (G1 Humongous Allocation)
[288.563s][info][gc,task        ] GC(617) Using 8 workers of 8 for evacuation
[288.564s][info][gc,phases      ] GC(617)   Pre Evacuate Collection Set: 0.3ms
[288.564s][info][gc,phases      ] GC(617)   Merge Heap Roots: 0.0ms
[288.564s][info][gc,phases      ] GC(617)   Evacuate Collection Set: 0.2ms
[288.564s][info][gc,phases      ] GC(617)   Post Evacuate Collection Set: 0.1ms
[288.564s][info][gc,phases      ] GC(617)   Other: 0.1ms
[288.564s][info][gc,heap        ] GC(617) Eden regions: 1->0(24)
[288.564s][info][gc,heap        ] GC(617) Survivor regions: 1->1(4)
[288.564s][info][gc,heap        ] GC(617) Old regions: 490->490
[288.564s][info][gc,heap        ] GC(617) Archive regions: 2->2
[288.564s][info][gc,heap        ] GC(617) Humongous regions: 11->11
[288.564s][info][gc,metaspace   ] GC(617) Metaspace: 44167K(45568K)->44167K(45568K) NonClass: 38945K(39936K)->38945K(39936K) Class: 5222K(5632K)->5222K(5632K)
[288.564s][info][gc             ] GC(617) Pause Young (Normal) (G1 Humongous Allocation) 500M->500M(512M) 0.520ms
[288.564s][info][gc,cpu         ] GC(617) User=0.00s Sys=0.00s Real=0.00s
[288.564s][info][gc,task        ] GC(618) Using 8 workers of 8 for full compaction
[288.564s][info][gc,start       ] GC(618) Pause Full (G1 Humongous Allocation)
[288.565s][info][gc,phases,start] GC(618) Phase 1: Mark live objects
[288.793s][info][gc,phases      ] GC(618) Phase 1: Mark live objects 227.991ms
[288.793s][info][gc,phases,start] GC(618) Phase 2: Prepare for compaction
[288.823s][info][gc,phases      ] GC(618) Phase 2: Prepare for compaction 29.873ms
[288.823s][info][gc,phases,start] GC(618) Phase 3: Adjust pointers
[288.895s][info][gc,phases      ] GC(618) Phase 3: Adjust pointers 72.065ms
[288.895s][info][gc,phases,start] GC(618) Phase 4: Compact heap
[288.921s][info][gc,phases      ] GC(618) Phase 4: Compact heap 25.929ms
[288.925s][info][gc,heap        ] GC(618) Eden regions: 0->0(25)
[288.925s][info][gc,heap        ] GC(618) Survivor regions: 1->0(4)
[288.925s][info][gc,heap        ] GC(618) Old regions: 490->491
[288.925s][info][gc,heap        ] GC(618) Archive regions: 2->2
[288.925s][info][gc,heap        ] GC(618) Humongous regions: 11->11
[288.925s][info][gc,metaspace   ] GC(618) Metaspace: 44167K(45568K)->44167K(45568K) NonClass: 38945K(39936K)->38945K(39936K) Class: 5222K(5632K)->5222K(5632K)
[288.925s][info][gc             ] GC(618) Pause Full (G1 Humongous Allocation) 500M->500M(512M) 360.889ms
[288.927s][info][gc,cpu         ] GC(618) User=2.48s Sys=0.02s Real=0.37s
[288.927s][info][gc,task        ] GC(619) Using 8 workers of 8 for full compaction
[288.927s][info][gc,start       ] GC(619) Pause Full (G1 Humongous Allocation)
[288.927s][info][gc,phases,start] GC(619) Phase 1: Mark live objects
[289.153s][info][gc,phases      ] GC(619) Phase 1: Mark live objects 226.617ms
[289.153s][info][gc,phases,start] GC(619) Phase 2: Prepare for compaction
[289.182s][info][gc,phases      ] GC(619) Phase 2: Prepare for compaction 28.732ms
[289.182s][info][gc,phases,start] GC(619) Phase 3: Adjust pointers
[289.253s][info][gc,phases      ] GC(619) Phase 3: Adjust pointers 70.953ms
[289.253s][info][gc,phases,start] GC(619) Phase 4: Compact heap
[289.280s][info][gc,phases      ] GC(619) Phase 4: Compact heap 27.101ms
[289.285s][info][gc,heap        ] GC(619) Eden regions: 0->0(25)
[289.285s][info][gc,heap        ] GC(619) Survivor regions: 0->0(4)
[289.285s][info][gc,heap        ] GC(619) Old regions: 491->491
[289.285s][info][gc,heap        ] GC(619) Archive regions: 2->2
[289.285s][info][gc,heap        ] GC(619) Humongous regions: 11->11
[289.285s][info][gc,metaspace   ] GC(619) Metaspace: 44167K(45568K)->44167K(45568K) NonClass: 38945K(39936K)->38945K(39936K) Class: 5222K(5632K)->5222K(5632K)
[289.285s][info][gc             ] GC(619) Pause Full (G1 Humongous Allocation) 500M->500M(512M) 358.410ms
[289.287s][info][gc,cpu         ] GC(619) User=2.49s Sys=0.03s Real=0.36s
[289.287s][info][gc,marking     ] GC(616) Concurrent Mark From Roots 723.434ms
[289.287s][info][gc,marking     ] GC(616) Concurrent Mark Abort
[289.287s][info][gc             ] GC(616) Concurrent Cycle 723.980ms
[289.287s][info][gc,start       ] GC(620) Pause Young (Normal) (G1 Humongous Allocation)
[289.287s][info][gc,task        ] GC(620) Using 8 workers of 8 for evacuation
[289.288s][info][gc,phases      ] GC(620)   Pre Evacuate Collection Set: 0.1ms
[289.288s][info][gc,phases      ] GC(620)   Merge Heap Roots: 0.0ms
[289.288s][info][gc,phases      ] GC(620)   Evacuate Collection Set: 0.3ms
[289.288s][info][gc,phases      ] GC(620)   Post Evacuate Collection Set: 0.2ms
[289.288s][info][gc,phases      ] GC(620)   Other: 0.1ms
[289.288s][info][gc,heap        ] GC(620) Eden regions: 1->0(24)
[289.288s][info][gc,heap        ] GC(620) Survivor regions: 0->1(4)
[289.288s][info][gc,heap        ] GC(620) Old regions: 491->491
[289.288s][info][gc,heap        ] GC(620) Archive regions: 2->2
[289.288s][info][gc,heap        ] GC(620) Humongous regions: 11->11
[289.288s][info][gc,metaspace   ] GC(620) Metaspace: 44167K(45568K)->44167K(45568K) NonClass: 38945K(39936K)->38945K(39936K) Class: 5222K(5632K)->5222K(5632K)
[289.288s][info][gc             ] GC(620) Pause Young (Normal) (G1 Humongous Allocation) 500M->500M(512M) 0.667ms
[289.288s][info][gc,cpu         ] GC(620) User=0.00s Sys=0.00s Real=0.00s
[289.288s][info][gc,task        ] GC(621) Using 8 workers of 8 for full compaction
[289.288s][info][gc,start       ] GC(621) Pause Full (G1 Humongous Allocation)
[289.288s][info][gc,phases,start] GC(621) Phase 1: Mark live objects
[289.516s][info][gc,phases      ] GC(621) Phase 1: Mark live objects 227.957ms
[289.516s][info][gc,phases,start] GC(621) Phase 2: Prepare for compaction
[289.551s][info][gc,phases      ] GC(621) Phase 2: Prepare for compaction 35.159ms
[289.551s][info][gc,phases,start] GC(621) Phase 3: Adjust pointers
[289.623s][info][gc,phases      ] GC(621) Phase 3: Adjust pointers 71.793ms
[289.623s][info][gc,phases,start] GC(621) Phase 4: Compact heap
[289.651s][info][gc,phases      ] GC(621) Phase 4: Compact heap 28.613ms
[289.655s][info][gc,heap        ] GC(621) Eden regions: 0->0(25)
[289.655s][info][gc,heap        ] GC(621) Survivor regions: 1->0(4)
[289.655s][info][gc,heap        ] GC(621) Old regions: 491->490
[289.655s][info][gc,heap        ] GC(621) Archive regions: 2->2
[289.655s][info][gc,heap        ] GC(621) Humongous regions: 11->11
[289.655s][info][gc,metaspace   ] GC(621) Metaspace: 44167K(45568K)->44167K(45568K) NonClass: 38945K(39936K)->38945K(39936K) Class: 5222K(5632K)->5222K(5632K)
[289.655s][info][gc             ] GC(621) Pause Full (G1 Humongous Allocation) 500M->500M(512M) 367.683ms
[289.657s][info][gc,cpu         ] GC(621) User=2.47s Sys=0.03s Real=0.37s
[289.657s][info][gc,task        ] GC(622) Using 8 workers of 8 for full compaction
[289.657s][info][gc,start       ] GC(622) Pause Full (G1 Humongous Allocation)
[289.657s][info][gc,phases,start] GC(622) Phase 1: Mark live objects
[289.881s][info][gc,phases      ] GC(622) Phase 1: Mark live objects 223.536ms
[289.881s][info][gc,phases,start] GC(622) Phase 2: Prepare for compaction
[289.910s][info][gc,phases      ] GC(622) Phase 2: Prepare for compaction 29.346ms
[289.910s][info][gc,phases,start] GC(622) Phase 3: Adjust pointers
[289.981s][info][gc,phases      ] GC(622) Phase 3: Adjust pointers 71.283ms
[289.981s][info][gc,phases,start] GC(622) Phase 4: Compact heap
[290.005s][info][gc,phases      ] GC(622) Phase 4: Compact heap 23.554ms
[290.009s][info][gc,heap        ] GC(622) Eden regions: 0->0(25)
[290.009s][info][gc,heap        ] GC(622) Survivor regions: 0->0(4)
[290.009s][info][gc,heap        ] GC(622) Old regions: 490->490
[290.009s][info][gc,heap        ] GC(622) Archive regions: 2->2
[290.009s][info][gc,heap        ] GC(622) Humongous regions: 11->11
[290.009s][info][gc,metaspace   ] GC(622) Metaspace: 44167K(45568K)->44167K(45568K) NonClass: 38945K(39936K)->38945K(39936K) Class: 5222K(5632K)->5222K(5632K)
[290.009s][info][gc             ] GC(622) Pause Full (G1 Humongous Allocation) 500M->500M(512M) 352.099ms
[290.010s][info][gc,cpu         ] GC(622) User=2.50s Sys=0.02s Real=0.35s
[290.010s][info][gc,start       ] GC(623) Pause Young (Concurrent Start) (G1 Humongous Allocation)
[290.010s][info][gc,task        ] GC(623) Using 8 workers of 8 for evacuation
[290.011s][info][gc,phases      ] GC(623)   Pre Evacuate Collection Set: 0.1ms
[290.011s][info][gc,phases      ] GC(623)   Merge Heap Roots: 0.0ms
[290.011s][info][gc,phases      ] GC(623)   Evacuate Collection Set: 0.5ms
[290.011s][info][gc,phases      ] GC(623)   Post Evacuate Collection Set: 0.2ms
[290.011s][info][gc,phases      ] GC(623)   Other: 0.1ms
[290.011s][info][gc,heap        ] GC(623) Eden regions: 1->0(24)
[290.011s][info][gc,heap        ] GC(623) Survivor regions: 0->1(4)
[290.011s][info][gc,heap        ] GC(623) Old regions: 490->490
[290.011s][info][gc,heap        ] GC(623) Archive regions: 2->2
[290.011s][info][gc,heap        ] GC(623) Humongous regions: 11->11
[290.011s][info][gc,metaspace   ] GC(623) Metaspace: 44171K(45568K)->44171K(45568K) NonClass: 38948K(39936K)->38948K(39936K) Class: 5222K(5632K)->5222K(5632K)
[290.011s][info][gc             ] GC(623) Pause Young (Concurrent Start) (G1 Humongous Allocation) 500M->500M(512M) 0.996ms
[290.011s][info][gc,cpu         ] GC(623) User=0.00s Sys=0.00s Real=0.00s
[290.011s][info][gc             ] GC(624) Concurrent Cycle
[290.011s][info][gc,marking     ] GC(624) Concurrent Clear Claimed Marks
[290.012s][info][gc,marking     ] GC(624) Concurrent Clear Claimed Marks 0.041ms
[290.012s][info][gc,marking     ] GC(624) Concurrent Scan Root Regions
[290.012s][info][gc,marking     ] GC(624) Concurrent Scan Root Regions 0.481ms
[290.012s][info][gc,marking     ] GC(624) Concurrent Mark (290.012s)
[290.012s][info][gc,marking     ] GC(624) Concurrent Mark From Roots
[290.012s][info][gc,start       ] GC(625) Pause Young (Normal) (G1 Humongous Allocation)
[290.012s][info][gc,task        ] GC(624) Using 2 workers of 2 for marking
[290.012s][info][gc,task        ] GC(625) Using 8 workers of 8 for evacuation
[290.013s][info][gc,phases      ] GC(625)   Pre Evacuate Collection Set: 0.1ms
[290.013s][info][gc,phases      ] GC(625)   Merge Heap Roots: 0.0ms
[290.013s][info][gc,phases      ] GC(625)   Evacuate Collection Set: 0.2ms
[290.013s][info][gc,phases      ] GC(625)   Post Evacuate Collection Set: 0.2ms
[290.013s][info][gc,phases      ] GC(625)   Other: 0.1ms
[290.013s][info][gc,heap        ] GC(625) Eden regions: 1->0(24)
[290.013s][info][gc,heap        ] GC(625) Survivor regions: 1->1(4)
[290.013s][info][gc,heap        ] GC(625) Old regions: 490->490
[290.013s][info][gc,heap        ] GC(625) Archive regions: 2->2
[290.013s][info][gc,heap        ] GC(625) Humongous regions: 11->11
[290.013s][info][gc,metaspace   ] GC(625) Metaspace: 44171K(45568K)->44171K(45568K) NonClass: 38948K(39936K)->38948K(39936K) Class: 5222K(5632K)->5222K(5632K)
[290.013s][info][gc             ] GC(625) Pause Young (Normal) (G1 Humongous Allocation) 500M->500M(512M) 0.650ms
[290.013s][info][gc,cpu         ] GC(625) User=0.00s Sys=0.01s Real=0.00s
[290.013s][info][gc,task        ] GC(626) Using 8 workers of 8 for full compaction
[290.013s][info][gc,start       ] GC(626) Pause Full (G1 Humongous Allocation)
[290.013s][info][gc,phases,start] GC(626) Phase 1: Mark live objects
[290.242s][info][gc,phases      ] GC(626) Phase 1: Mark live objects 228.713ms
[290.242s][info][gc,phases,start] GC(626) Phase 2: Prepare for compaction
[290.271s][info][gc,phases      ] GC(626) Phase 2: Prepare for compaction 28.828ms
[290.271s][info][gc,phases,start] GC(626) Phase 3: Adjust pointers
[290.347s][info][gc,phases      ] GC(626) Phase 3: Adjust pointers 75.896ms
[290.347s][info][gc,phases,start] GC(626) Phase 4: Compact heap
[290.376s][info][gc,phases      ] GC(626) Phase 4: Compact heap 29.203ms
[290.380s][info][gc,heap        ] GC(626) Eden regions: 0->0(25)
[290.380s][info][gc,heap        ] GC(626) Survivor regions: 1->0(4)
[290.380s][info][gc,heap        ] GC(626) Old regions: 490->491
[290.380s][info][gc,heap        ] GC(626) Archive regions: 2->2
[290.380s][info][gc,heap        ] GC(626) Humongous regions: 11->11
[290.380s][info][gc,metaspace   ] GC(626) Metaspace: 44171K(45568K)->44171K(45568K) NonClass: 38948K(39936K)->38948K(39936K) Class: 5222K(5632K)->5222K(5632K)
[290.380s][info][gc             ] GC(626) Pause Full (G1 Humongous Allocation) 500M->500M(512M) 367.411ms
[290.382s][info][gc,cpu         ] GC(626) User=2.49s Sys=0.02s Real=0.37s
[290.382s][info][gc,task        ] GC(627) Using 8 workers of 8 for full compaction
[290.382s][info][gc,start       ] GC(627) Pause Full (G1 Humongous Allocation)
[290.382s][info][gc,phases,start] GC(627) Phase 1: Mark live objects
[290.602s][info][gc,phases      ] GC(627) Phase 1: Mark live objects 220.198ms
[290.602s][info][gc,phases,start] GC(627) Phase 2: Prepare for compaction
[290.631s][info][gc,phases      ] GC(627) Phase 2: Prepare for compaction 28.448ms
[290.631s][info][gc,phases,start] GC(627) Phase 3: Adjust pointers
[290.702s][info][gc,phases      ] GC(627) Phase 3: Adjust pointers 71.681ms
[290.702s][info][gc,phases,start] GC(627) Phase 4: Compact heap
[290.726s][info][gc,phases      ] GC(627) Phase 4: Compact heap 23.181ms
[290.730s][info][gc,heap        ] GC(627) Eden regions: 0->0(25)
[290.730s][info][gc,heap        ] GC(627) Survivor regions: 0->0(4)
[290.730s][info][gc,heap        ] GC(627) Old regions: 491->491
[290.730s][info][gc,heap        ] GC(627) Archive regions: 2->2
[290.730s][info][gc,heap        ] GC(627) Humongous regions: 11->11
[290.730s][info][gc,metaspace   ] GC(627) Metaspace: 44171K(45568K)->44171K(45568K) NonClass: 38948K(39936K)->38948K(39936K) Class: 5222K(5632K)->5222K(5632K)
[290.730s][info][gc             ] GC(627) Pause Full (G1 Humongous Allocation) 500M->500M(512M) 348.010ms
[290.732s][info][gc,cpu         ] GC(627) User=2.49s Sys=0.03s Real=0.35s
[290.732s][info][gc,marking     ] GC(624) Concurrent Mark From Roots 720.282ms
[290.732s][info][gc,marking     ] GC(624) Concurrent Mark Abort
[290.732s][info][gc             ] GC(624) Concurrent Cycle 720.898ms
[290.732s][info][gc,start       ] GC(628) Pause Young (Normal) (G1 Humongous Allocation)
[290.733s][info][gc,task        ] GC(628) Using 8 workers of 8 for evacuation
[290.733s][info][gc,phases      ] GC(628)   Pre Evacuate Collection Set: 0.1ms
[290.733s][info][gc,phases      ] GC(628)   Merge Heap Roots: 0.0ms
[290.733s][info][gc,phases      ] GC(628)   Evacuate Collection Set: 0.2ms
[290.733s][info][gc,phases      ] GC(628)   Post Evacuate Collection Set: 0.2ms
[290.733s][info][gc,phases      ] GC(628)   Other: 0.1ms
[290.733s][info][gc,heap        ] GC(628) Eden regions: 1->0(24)
[290.733s][info][gc,heap        ] GC(628) Survivor regions: 0->1(4)
[290.733s][info][gc,heap        ] GC(628) Old regions: 491->491
[290.733s][info][gc,heap        ] GC(628) Archive regions: 2->2
[290.733s][info][gc,heap        ] GC(628) Humongous regions: 11->11
[290.733s][info][gc,metaspace   ] GC(628) Metaspace: 44171K(45568K)->44171K(45568K) NonClass: 38948K(39936K)->38948K(39936K) Class: 5222K(5632K)->5222K(5632K)
[290.733s][info][gc             ] GC(628) Pause Young (Normal) (G1 Humongous Allocation) 500M->500M(512M) 0.675ms
[290.733s][info][gc,cpu         ] GC(628) User=0.00s Sys=0.00s Real=0.00s
[290.733s][info][gc,task        ] GC(629) Using 8 workers of 8 for full compaction
[290.733s][info][gc,start       ] GC(629) Pause Full (G1 Humongous Allocation)
[290.733s][info][gc,phases,start] GC(629) Phase 1: Mark live objects
[290.981s][info][gc,phases      ] GC(629) Phase 1: Mark live objects 247.846ms
[290.981s][info][gc,phases,start] GC(629) Phase 2: Prepare for compaction
[291.027s][info][gc,phases      ] GC(629) Phase 2: Prepare for compaction 45.535ms
[291.027s][info][gc,phases,start] GC(629) Phase 3: Adjust pointers
[291.135s][info][gc,phases      ] GC(629) Phase 3: Adjust pointers 108.141ms
[291.135s][info][gc,phases,start] GC(629) Phase 4: Compact heap
[291.170s][info][gc,phases      ] GC(629) Phase 4: Compact heap 35.061ms
[291.179s][info][gc,heap        ] GC(629) Eden regions: 0->0(25)
[291.179s][info][gc,heap        ] GC(629) Survivor regions: 1->0(4)
[291.179s][info][gc,heap        ] GC(629) Old regions: 491->490
[291.179s][info][gc,heap        ] GC(629) Archive regions: 2->2
[291.179s][info][gc,heap        ] GC(629) Humongous regions: 11->11
[291.179s][info][gc,metaspace   ] GC(629) Metaspace: 44171K(45568K)->44171K(45568K) NonClass: 38948K(39936K)->38948K(39936K) Class: 5222K(5632K)->5222K(5632K)
[291.179s][info][gc             ] GC(629) Pause Full (G1 Humongous Allocation) 500M->500M(512M) 445.497ms
[291.181s][info][gc,cpu         ] GC(629) User=2.50s Sys=0.04s Real=0.45s
[291.181s][info][gc,task        ] GC(630) Using 8 workers of 8 for full compaction
[291.181s][info][gc,start       ] GC(630) Pause Full (G1 Humongous Allocation)
[291.181s][info][gc,phases,start] GC(630) Phase 1: Mark live objects
[291.421s][info][gc,phases      ] GC(630) Phase 1: Mark live objects 239.843ms
[291.421s][info][gc,phases,start] GC(630) Phase 2: Prepare for compaction
[291.451s][info][gc,phases      ] GC(630) Phase 2: Prepare for compaction 30.040ms
[291.451s][info][gc,phases,start] GC(630) Phase 3: Adjust pointers
[291.521s][info][gc,phases      ] GC(630) Phase 3: Adjust pointers 69.591ms
[291.521s][info][gc,phases,start] GC(630) Phase 4: Compact heap
[291.548s][info][gc,phases      ] GC(630) Phase 4: Compact heap 27.072ms
[291.552s][info][gc,heap        ] GC(630) Eden regions: 0->0(25)
[291.552s][info][gc,heap        ] GC(630) Survivor regions: 0->0(4)
[291.552s][info][gc,heap        ] GC(630) Old regions: 490->490
[291.552s][info][gc,heap        ] GC(630) Archive regions: 2->2
[291.552s][info][gc,heap        ] GC(630) Humongous regions: 11->11
[291.552s][info][gc,metaspace   ] GC(630) Metaspace: 44171K(45568K)->44171K(45568K) NonClass: 38948K(39936K)->38948K(39936K) Class: 5222K(5632K)->5222K(5632K)
[291.552s][info][gc             ] GC(630) Pause Full (G1 Humongous Allocation) 500M->500M(512M) 371.195ms
[291.554s][info][gc,cpu         ] GC(630) User=2.50s Sys=0.02s Real=0.37s
[291.554s][info][gc,start       ] GC(631) Pause Young (Concurrent Start) (G1 Humongous Allocation)
[291.554s][info][gc,task        ] GC(631) Using 8 workers of 8 for evacuation
[291.555s][info][gc,phases      ] GC(631)   Pre Evacuate Collection Set: 0.1ms
[291.555s][info][gc,phases      ] GC(631)   Merge Heap Roots: 0.0ms
[291.555s][info][gc,phases      ] GC(631)   Evacuate Collection Set: 0.4ms
[291.555s][info][gc,phases      ] GC(631)   Post Evacuate Collection Set: 0.1ms
[291.555s][info][gc,phases      ] GC(631)   Other: 0.1ms
[291.555s][info][gc,heap        ] GC(631) Eden regions: 1->0(24)
[291.555s][info][gc,heap        ] GC(631) Survivor regions: 0->1(4)
[291.555s][info][gc,heap        ] GC(631) Old regions: 490->490
[291.555s][info][gc,heap        ] GC(631) Archive regions: 2->2
[291.555s][info][gc,heap        ] GC(631) Humongous regions: 11->11
[291.555s][info][gc,metaspace   ] GC(631) Metaspace: 44173K(45568K)->44173K(45568K) NonClass: 38950K(39936K)->38950K(39936K) Class: 5222K(5632K)->5222K(5632K)
[291.555s][info][gc             ] GC(631) Pause Young (Concurrent Start) (G1 Humongous Allocation) 500M->500M(512M) 0.845ms
[291.555s][info][gc,cpu         ] GC(631) User=0.00s Sys=0.00s Real=0.00s
[291.555s][info][gc             ] GC(632) Concurrent Cycle
[291.555s][info][gc,marking     ] GC(632) Concurrent Clear Claimed Marks
[291.555s][info][gc,marking     ] GC(632) Concurrent Clear Claimed Marks 0.014ms
[291.555s][info][gc,marking     ] GC(632) Concurrent Scan Root Regions
[291.555s][info][gc,marking     ] GC(632) Concurrent Scan Root Regions 0.058ms
[291.555s][info][gc,marking     ] GC(632) Concurrent Mark (291.555s)
[291.555s][info][gc,marking     ] GC(632) Concurrent Mark From Roots
[291.555s][info][gc,task        ] GC(632) Using 2 workers of 2 for marking
[291.555s][info][gc,start       ] GC(633) Pause Young (Normal) (G1 Humongous Allocation)
[291.555s][info][gc,task        ] GC(633) Using 8 workers of 8 for evacuation
[291.556s][info][gc,phases      ] GC(633)   Pre Evacuate Collection Set: 0.0ms
[291.556s][info][gc,phases      ] GC(633)   Merge Heap Roots: 0.0ms
[291.556s][info][gc,phases      ] GC(633)   Evacuate Collection Set: 0.1ms
[291.556s][info][gc,phases      ] GC(633)   Post Evacuate Collection Set: 0.1ms
[291.556s][info][gc,phases      ] GC(633)   Other: 0.1ms
[291.556s][info][gc,heap        ] GC(633) Eden regions: 0->0(24)
[291.556s][info][gc,heap        ] GC(633) Survivor regions: 1->1(4)
[291.556s][info][gc,heap        ] GC(633) Old regions: 490->490
[291.556s][info][gc,heap        ] GC(633) Archive regions: 2->2
[291.556s][info][gc,heap        ] GC(633) Humongous regions: 11->11
[291.556s][info][gc,metaspace   ] GC(633) Metaspace: 44173K(45568K)->44173K(45568K) NonClass: 38950K(39936K)->38950K(39936K) Class: 5222K(5632K)->5222K(5632K)
[291.556s][info][gc             ] GC(633) Pause Young (Normal) (G1 Humongous Allocation) 500M->500M(512M) 0.447ms
[291.556s][info][gc,cpu         ] GC(633) User=0.01s Sys=0.00s Real=0.01s
[291.556s][info][gc,task        ] GC(634) Using 8 workers of 8 for full compaction
[291.556s][info][gc,start       ] GC(634) Pause Full (G1 Humongous Allocation)
[291.556s][info][gc,phases,start] GC(634) Phase 1: Mark live objects
[291.801s][info][gc,phases      ] GC(634) Phase 1: Mark live objects 244.682ms
[291.801s][info][gc,phases,start] GC(634) Phase 2: Prepare for compaction
[291.831s][info][gc,phases      ] GC(634) Phase 2: Prepare for compaction 29.748ms
[291.831s][info][gc,phases,start] GC(634) Phase 3: Adjust pointers
[291.904s][info][gc,phases      ] GC(634) Phase 3: Adjust pointers 73.392ms
[291.904s][info][gc,phases,start] GC(634) Phase 4: Compact heap
[291.930s][info][gc,phases      ] GC(634) Phase 4: Compact heap 25.459ms
[291.934s][info][gc,heap        ] GC(634) Eden regions: 0->0(25)
[291.934s][info][gc,heap        ] GC(634) Survivor regions: 1->0(4)
[291.934s][info][gc,heap        ] GC(634) Old regions: 490->491
[291.934s][info][gc,heap        ] GC(634) Archive regions: 2->2
[291.934s][info][gc,heap        ] GC(634) Humongous regions: 11->11
[291.934s][info][gc,metaspace   ] GC(634) Metaspace: 44173K(45568K)->44173K(45568K) NonClass: 38950K(39936K)->38950K(39936K) Class: 5222K(5632K)->5222K(5632K)
[291.934s][info][gc             ] GC(634) Pause Full (G1 Humongous Allocation) 500M->500M(512M) 378.681ms
[291.936s][info][gc,cpu         ] GC(634) User=2.50s Sys=0.03s Real=0.38s
[291.936s][info][gc,task        ] GC(635) Using 8 workers of 8 for full compaction
[291.936s][info][gc,start       ] GC(635) Pause Full (G1 Humongous Allocation)
[291.936s][info][gc,phases,start] GC(635) Phase 1: Mark live objects
[292.157s][info][gc,phases      ] GC(635) Phase 1: Mark live objects 221.285ms
[292.157s][info][gc,phases,start] GC(635) Phase 2: Prepare for compaction
[292.185s][info][gc,phases      ] GC(635) Phase 2: Prepare for compaction 27.991ms
[292.185s][info][gc,phases,start] GC(635) Phase 3: Adjust pointers
[292.257s][info][gc,phases      ] GC(635) Phase 3: Adjust pointers 71.891ms
[292.257s][info][gc,phases,start] GC(635) Phase 4: Compact heap
[292.282s][info][gc,phases      ] GC(635) Phase 4: Compact heap 25.344ms
[292.287s][info][gc,heap        ] GC(635) Eden regions: 0->0(25)
[292.288s][info][gc,heap        ] GC(635) Survivor regions: 0->0(4)
[292.288s][info][gc,heap        ] GC(635) Old regions: 491->491
[292.288s][info][gc,heap        ] GC(635) Archive regions: 2->2
[292.288s][info][gc,heap        ] GC(635) Humongous regions: 11->11
[292.288s][info][gc,metaspace   ] GC(635) Metaspace: 44173K(45568K)->44173K(45568K) NonClass: 38950K(39936K)->38950K(39936K) Class: 5222K(5632K)->5222K(5632K)
[292.288s][info][gc             ] GC(635) Pause Full (G1 Humongous Allocation) 500M->500M(512M) 351.775ms
[292.289s][info][gc,cpu         ] GC(635) User=2.50s Sys=0.02s Real=0.35s
[292.289s][info][gc,marking     ] GC(632) Concurrent Mark From Roots 734.326ms
[292.289s][info][gc,marking     ] GC(632) Concurrent Mark Abort
[292.289s][info][gc             ] GC(632) Concurrent Cycle 734.467ms
[292.290s][info][gc,start       ] GC(636) Pause Young (Normal) (G1 Humongous Allocation)
[292.290s][info][gc,task        ] GC(636) Using 8 workers of 8 for evacuation
[292.290s][info][gc,phases      ] GC(636)   Pre Evacuate Collection Set: 0.1ms
[292.290s][info][gc,phases      ] GC(636)   Merge Heap Roots: 0.0ms
[292.290s][info][gc,phases      ] GC(636)   Evacuate Collection Set: 0.2ms
[292.290s][info][gc,phases      ] GC(636)   Post Evacuate Collection Set: 0.2ms
[292.290s][info][gc,phases      ] GC(636)   Other: 0.1ms
[292.290s][info][gc,heap        ] GC(636) Eden regions: 0->0(25)
[292.290s][info][gc,heap        ] GC(636) Survivor regions: 0->0(4)
[292.290s][info][gc,heap        ] GC(636) Old regions: 491->491
[292.290s][info][gc,heap        ] GC(636) Archive regions: 2->2
[292.290s][info][gc,heap        ] GC(636) Humongous regions: 11->11
[292.290s][info][gc,metaspace   ] GC(636) Metaspace: 44173K(45568K)->44173K(45568K) NonClass: 38950K(39936K)->38950K(39936K) Class: 5222K(5632K)->5222K(5632K)
[292.290s][info][gc             ] GC(636) Pause Young (Normal) (G1 Humongous Allocation) 500M->500M(512M) 0.592ms
[292.290s][info][gc,cpu         ] GC(636) User=0.00s Sys=0.00s Real=0.00s
[292.290s][info][gc,task        ] GC(637) Using 8 workers of 8 for full compaction
[292.290s][info][gc,start       ] GC(637) Pause Full (G1 Humongous Allocation)
[292.290s][info][gc,phases,start] GC(637) Phase 1: Mark live objects
[292.509s][info][gc,phases      ] GC(637) Phase 1: Mark live objects 218.998ms
[292.509s][info][gc,phases,start] GC(637) Phase 2: Prepare for compaction
[292.538s][info][gc,phases      ] GC(637) Phase 2: Prepare for compaction 28.655ms
[292.538s][info][gc,phases,start] GC(637) Phase 3: Adjust pointers
[292.611s][info][gc,phases      ] GC(637) Phase 3: Adjust pointers 73.400ms
[292.611s][info][gc,phases,start] GC(637) Phase 4: Compact heap
[292.637s][info][gc,phases      ] GC(637) Phase 4: Compact heap 25.817ms
[292.642s][info][gc,heap        ] GC(637) Eden regions: 0->0(25)
[292.642s][info][gc,heap        ] GC(637) Survivor regions: 0->0(4)
[292.642s][info][gc,heap        ] GC(637) Old regions: 491->490
[292.642s][info][gc,heap        ] GC(637) Archive regions: 2->2
[292.642s][info][gc,heap        ] GC(637) Humongous regions: 11->11
[292.642s][info][gc,metaspace   ] GC(637) Metaspace: 44173K(45568K)->44173K(45568K) NonClass: 38950K(39936K)->38950K(39936K) Class: 5222K(5632K)->5222K(5632K)
[292.642s][info][gc             ] GC(637) Pause Full (G1 Humongous Allocation) 500M->500M(512M) 351.335ms
[292.643s][info][gc,cpu         ] GC(637) User=2.51s Sys=0.03s Real=0.35s
[292.643s][info][gc,task        ] GC(638) Using 8 workers of 8 for full compaction
[292.643s][info][gc,start       ] GC(638) Pause Full (G1 Humongous Allocation)
[292.643s][info][gc,phases,start] GC(638) Phase 1: Mark live objects
[292.866s][info][gc,phases      ] GC(638) Phase 1: Mark live objects 223.026ms
[292.866s][info][gc,phases,start] GC(638) Phase 2: Prepare for compaction
[292.895s][info][gc,phases      ] GC(638) Phase 2: Prepare for compaction 28.395ms
[292.895s][info][gc,phases,start] GC(638) Phase 3: Adjust pointers
[292.964s][info][gc,phases      ] GC(638) Phase 3: Adjust pointers 69.369ms
[292.964s][info][gc,phases,start] GC(638) Phase 4: Compact heap
[292.991s][info][gc,phases      ] GC(638) Phase 4: Compact heap 26.749ms
[292.995s][info][gc,heap        ] GC(638) Eden regions: 0->0(25)
[292.995s][info][gc,heap        ] GC(638) Survivor regions: 0->0(4)
[292.995s][info][gc,heap        ] GC(638) Old regions: 490->490
[292.995s][info][gc,heap        ] GC(638) Archive regions: 2->2
[292.995s][info][gc,heap        ] GC(638) Humongous regions: 11->11
[292.995s][info][gc,metaspace   ] GC(638) Metaspace: 44173K(45568K)->44173K(45568K) NonClass: 38950K(39936K)->38950K(39936K) Class: 5222K(5632K)->5222K(5632K)
[292.995s][info][gc             ] GC(638) Pause Full (G1 Humongous Allocation) 500M->500M(512M) 351.797ms
[292.997s][info][gc,cpu         ] GC(638) User=2.50s Sys=0.03s Real=0.36s
[292.998s][info][gc,start       ] GC(639) Pause Young (Concurrent Start) (G1 Humongous Allocation)
[292.998s][info][gc,task        ] GC(639) Using 8 workers of 8 for evacuation
[292.999s][info][gc,phases      ] GC(639)   Pre Evacuate Collection Set: 0.1ms
[292.999s][info][gc,phases      ] GC(639)   Merge Heap Roots: 0.0ms
[292.999s][info][gc,phases      ] GC(639)   Evacuate Collection Set: 0.4ms
[292.999s][info][gc,phases      ] GC(639)   Post Evacuate Collection Set: 0.3ms
[292.999s][info][gc,phases      ] GC(639)   Other: 0.1ms
[292.999s][info][gc,heap        ] GC(639) Eden regions: 1->0(24)
[292.999s][info][gc,heap        ] GC(639) Survivor regions: 0->1(4)
[292.999s][info][gc,heap        ] GC(639) Old regions: 490->490
[292.999s][info][gc,heap        ] GC(639) Archive regions: 2->2
[292.999s][info][gc,heap        ] GC(639) Humongous regions: 11->11
[292.999s][info][gc,metaspace   ] GC(639) Metaspace: 44191K(45568K)->44191K(45568K) NonClass: 38966K(39936K)->38966K(39936K) Class: 5224K(5632K)->5224K(5632K)
[292.999s][info][gc             ] GC(639) Pause Young (Concurrent Start) (G1 Humongous Allocation) 501M->500M(512M) 1.053ms
[292.999s][info][gc,cpu         ] GC(639) User=0.01s Sys=0.01s Real=0.00s
[292.999s][info][gc,task        ] GC(640) Using 8 workers of 8 for full compaction
[292.999s][info][gc,start       ] GC(640) Pause Full (G1 Humongous Allocation)
[292.999s][info][gc             ] GC(641) Concurrent Cycle
[292.999s][info][gc,marking     ] GC(641) Concurrent Clear Claimed Marks
[292.999s][info][gc,marking     ] GC(641) Concurrent Clear Claimed Marks 0.013ms
[292.999s][info][gc,marking     ] GC(641) Concurrent Scan Root Regions
[292.999s][info][gc,marking     ] GC(641) Concurrent Scan Root Regions 0.014ms
[292.999s][info][gc,marking     ] GC(641) Concurrent Mark (292.999s)
[292.999s][info][gc,marking     ] GC(641) Concurrent Mark From Roots
[292.999s][info][gc,task        ] GC(641) Using 2 workers of 2 for marking
[293.000s][info][gc,phases,start] GC(640) Phase 1: Mark live objects
[293.228s][info][gc,phases      ] GC(640) Phase 1: Mark live objects 228.793ms
[293.229s][info][gc,phases,start] GC(640) Phase 2: Prepare for compaction
[293.258s][info][gc,phases      ] GC(640) Phase 2: Prepare for compaction 29.240ms
[293.258s][info][gc,phases,start] GC(640) Phase 3: Adjust pointers
[293.329s][info][gc,phases      ] GC(640) Phase 3: Adjust pointers 71.633ms
[293.329s][info][gc,phases,start] GC(640) Phase 4: Compact heap
[293.357s][info][gc,phases      ] GC(640) Phase 4: Compact heap 27.318ms
[293.361s][info][gc,heap        ] GC(640) Eden regions: 0->0(25)
[293.361s][info][gc,heap        ] GC(640) Survivor regions: 1->0(4)
[293.361s][info][gc,heap        ] GC(640) Old regions: 490->491
[293.361s][info][gc,heap        ] GC(640) Archive regions: 2->2
[293.361s][info][gc,heap        ] GC(640) Humongous regions: 11->11
[293.361s][info][gc,metaspace   ] GC(640) Metaspace: 44191K(45568K)->44191K(45568K) NonClass: 38966K(39936K)->38966K(39936K) Class: 5224K(5632K)->5224K(5632K)
[293.361s][info][gc             ] GC(640) Pause Full (G1 Humongous Allocation) 500M->500M(512M) 361.917ms
[293.362s][info][gc,cpu         ] GC(640) User=2.51s Sys=0.03s Real=0.36s
[293.362s][info][gc,task        ] GC(642) Using 8 workers of 8 for full compaction
[293.362s][info][gc,start       ] GC(642) Pause Full (G1 Humongous Allocation)
[293.362s][info][gc,phases,start] GC(642) Phase 1: Mark live objects
[293.585s][info][gc,phases      ] GC(642) Phase 1: Mark live objects 222.707ms
[293.585s][info][gc,phases,start] GC(642) Phase 2: Prepare for compaction
[293.614s][info][gc,phases      ] GC(642) Phase 2: Prepare for compaction 29.181ms
[293.614s][info][gc,phases,start] GC(642) Phase 3: Adjust pointers
[293.685s][info][gc,phases      ] GC(642) Phase 3: Adjust pointers 70.715ms
[293.685s][info][gc,phases,start] GC(642) Phase 4: Compact heap
[293.713s][info][gc,phases      ] GC(642) Phase 4: Compact heap 27.801ms
[293.717s][info][gc,heap        ] GC(642) Eden regions: 0->0(25)
[293.717s][info][gc,heap        ] GC(642) Survivor regions: 0->0(4)
[293.717s][info][gc,heap        ] GC(642) Old regions: 491->491
[293.717s][info][gc,heap        ] GC(642) Archive regions: 2->2
[293.717s][info][gc,heap        ] GC(642) Humongous regions: 11->11
[293.717s][info][gc,metaspace   ] GC(642) Metaspace: 44191K(45568K)->44187K(45568K) NonClass: 38966K(39936K)->38963K(39936K) Class: 5224K(5632K)->5224K(5632K)
[293.717s][info][gc             ] GC(642) Pause Full (G1 Humongous Allocation) 500M->500M(512M) 354.988ms
[293.719s][info][gc,cpu         ] GC(642) User=2.49s Sys=0.03s Real=0.36s
[293.719s][info][gc,marking     ] GC(641) Concurrent Mark From Roots 719.768ms
[293.719s][info][gc,marking     ] GC(641) Concurrent Mark Abort
[293.719s][info][gc             ] GC(641) Concurrent Cycle 719.883ms
[293.720s][info][gc,start       ] GC(643) Pause Young (Concurrent Start) (G1 Humongous Allocation)
[293.720s][info][gc,task        ] GC(643) Using 8 workers of 8 for evacuation
[293.721s][info][gc,phases      ] GC(643)   Pre Evacuate Collection Set: 0.1ms
[293.721s][info][gc,phases      ] GC(643)   Merge Heap Roots: 0.1ms
[293.721s][info][gc,phases      ] GC(643)   Evacuate Collection Set: 0.5ms
[293.721s][info][gc,phases      ] GC(643)   Post Evacuate Collection Set: 0.2ms
[293.721s][info][gc,phases      ] GC(643)   Other: 0.1ms
[293.721s][info][gc,heap        ] GC(643) Eden regions: 1->0(24)
[293.721s][info][gc,heap        ] GC(643) Survivor regions: 0->1(4)
[293.721s][info][gc,heap        ] GC(643) Old regions: 491->491
[293.721s][info][gc,heap        ] GC(643) Archive regions: 2->2
[293.721s][info][gc,heap        ] GC(643) Humongous regions: 11->11
[293.721s][info][gc,metaspace   ] GC(643) Metaspace: 44187K(45568K)->44187K(45568K) NonClass: 38963K(39936K)->38963K(39936K) Class: 5224K(5632K)->5224K(5632K)
[293.721s][info][gc             ] GC(643) Pause Young (Concurrent Start) (G1 Humongous Allocation) 500M->500M(512M) 1.017ms
[293.721s][info][gc,cpu         ] GC(643) User=0.00s Sys=0.00s Real=0.00s
[293.721s][info][gc             ] GC(644) Concurrent Cycle
[293.721s][info][gc,marking     ] GC(644) Concurrent Clear Claimed Marks
[293.721s][info][gc,marking     ] GC(644) Concurrent Clear Claimed Marks 0.029ms
[293.721s][info][gc,marking     ] GC(644) Concurrent Scan Root Regions
[293.721s][info][gc,marking     ] GC(644) Concurrent Scan Root Regions 0.453ms
[293.721s][info][gc,marking     ] GC(644) Concurrent Mark (293.721s)
[293.721s][info][gc,marking     ] GC(644) Concurrent Mark From Roots
[293.721s][info][gc,task        ] GC(644) Using 2 workers of 2 for marking
[293.721s][info][gc,start       ] GC(645) Pause Young (Normal) (G1 Humongous Allocation)
[293.721s][info][gc,task        ] GC(645) Using 8 workers of 8 for evacuation
[293.722s][info][gc,phases      ] GC(645)   Pre Evacuate Collection Set: 0.1ms
[293.722s][info][gc,phases      ] GC(645)   Merge Heap Roots: 0.0ms
[293.722s][info][gc,phases      ] GC(645)   Evacuate Collection Set: 0.1ms
[293.722s][info][gc,phases      ] GC(645)   Post Evacuate Collection Set: 0.1ms
[293.722s][info][gc,phases      ] GC(645)   Other: 0.1ms
[293.722s][info][gc,heap        ] GC(645) Eden regions: 0->0(24)
[293.722s][info][gc,heap        ] GC(645) Survivor regions: 1->1(4)
[293.722s][info][gc,heap        ] GC(645) Old regions: 491->491
[293.722s][info][gc,heap        ] GC(645) Archive regions: 2->2
[293.722s][info][gc,heap        ] GC(645) Humongous regions: 11->11
[293.722s][info][gc,metaspace   ] GC(645) Metaspace: 44187K(45568K)->44187K(45568K) NonClass: 38963K(39936K)->38963K(39936K) Class: 5224K(5632K)->5224K(5632K)
[293.722s][info][gc             ] GC(645) Pause Young (Normal) (G1 Humongous Allocation) 500M->500M(512M) 0.537ms
[293.722s][info][gc,cpu         ] GC(645) User=0.00s Sys=0.00s Real=0.00s
[293.722s][info][gc,task        ] GC(646) Using 8 workers of 8 for full compaction
[293.722s][info][gc,start       ] GC(646) Pause Full (G1 Humongous Allocation)
[293.723s][info][gc,phases,start] GC(646) Phase 1: Mark live objects
[293.942s][info][gc,phases      ] GC(646) Phase 1: Mark live objects 219.288ms
[293.942s][info][gc,phases,start] GC(646) Phase 2: Prepare for compaction
[293.971s][info][gc,phases      ] GC(646) Phase 2: Prepare for compaction 29.413ms
[293.971s][info][gc,phases,start] GC(646) Phase 3: Adjust pointers
[294.040s][info][gc,phases      ] GC(646) Phase 3: Adjust pointers 69.098ms
[294.041s][info][gc,phases,start] GC(646) Phase 4: Compact heap
[294.068s][info][gc,phases      ] GC(646) Phase 4: Compact heap 27.011ms
[294.072s][info][gc,heap        ] GC(646) Eden regions: 0->0(25)
[294.072s][info][gc,heap        ] GC(646) Survivor regions: 1->0(4)
[294.072s][info][gc,heap        ] GC(646) Old regions: 491->492
[294.072s][info][gc,heap        ] GC(646) Archive regions: 2->2
[294.072s][info][gc,heap        ] GC(646) Humongous regions: 11->11
[294.072s][info][gc,metaspace   ] GC(646) Metaspace: 44187K(45568K)->44187K(45568K) NonClass: 38963K(39936K)->38963K(39936K) Class: 5224K(5632K)->5224K(5632K)
[294.072s][info][gc             ] GC(646) Pause Full (G1 Humongous Allocation) 500M->500M(512M) 350.040ms
[294.074s][info][gc,cpu         ] GC(646) User=2.50s Sys=0.03s Real=0.35s
[294.074s][info][gc,task        ] GC(647) Using 8 workers of 8 for full compaction
[294.074s][info][gc,start       ] GC(647) Pause Full (G1 Humongous Allocation)
[294.074s][info][gc,phases,start] GC(647) Phase 1: Mark live objects
[294.296s][info][gc,phases      ] GC(647) Phase 1: Mark live objects 222.518ms
[294.296s][info][gc,phases,start] GC(647) Phase 2: Prepare for compaction
[294.327s][info][gc,phases      ] GC(647) Phase 2: Prepare for compaction 30.622ms
[294.327s][info][gc,phases,start] GC(647) Phase 3: Adjust pointers
[294.397s][info][gc,phases      ] GC(647) Phase 3: Adjust pointers 70.417ms
[294.397s][info][gc,phases,start] GC(647) Phase 4: Compact heap
[294.422s][info][gc,phases      ] GC(647) Phase 4: Compact heap 24.054ms
[294.426s][info][gc,heap        ] GC(647) Eden regions: 0->0(25)
[294.426s][info][gc,heap        ] GC(647) Survivor regions: 0->0(4)
[294.426s][info][gc,heap        ] GC(647) Old regions: 492->492
[294.426s][info][gc,heap        ] GC(647) Archive regions: 2->2
[294.426s][info][gc,heap        ] GC(647) Humongous regions: 11->11
[294.426s][info][gc,metaspace   ] GC(647) Metaspace: 44187K(45568K)->44187K(45568K) NonClass: 38963K(39936K)->38963K(39936K) Class: 5224K(5632K)->5224K(5632K)
[294.426s][info][gc             ] GC(647) Pause Full (G1 Humongous Allocation) 500M->500M(512M) 352.293ms
[294.427s][info][gc,cpu         ] GC(647) User=2.49s Sys=0.03s Real=0.36s
[294.427s][info][gc,marking     ] GC(644) Concurrent Mark From Roots 706.018ms
[294.427s][info][gc,marking     ] GC(644) Concurrent Mark Abort
[294.427s][info][gc             ] GC(644) Concurrent Cycle 706.579ms
[294.428s][info][gc,start       ] GC(648) Pause Young (Concurrent Start) (G1 Humongous Allocation)
[294.428s][info][gc,task        ] GC(648) Using 8 workers of 8 for evacuation
[294.429s][info][gc,phases      ] GC(648)   Pre Evacuate Collection Set: 0.1ms
[294.429s][info][gc,phases      ] GC(648)   Merge Heap Roots: 0.0ms
[294.429s][info][gc,phases      ] GC(648)   Evacuate Collection Set: 0.6ms
[294.429s][info][gc,phases      ] GC(648)   Post Evacuate Collection Set: 0.2ms
[294.429s][info][gc,phases      ] GC(648)   Other: 0.1ms
[294.429s][info][gc,heap        ] GC(648) Eden regions: 1->0(24)
[294.429s][info][gc,heap        ] GC(648) Survivor regions: 0->1(4)
[294.429s][info][gc,heap        ] GC(648) Old regions: 492->492
[294.429s][info][gc,heap        ] GC(648) Archive regions: 2->2
[294.429s][info][gc,heap        ] GC(648) Humongous regions: 11->11
[294.429s][info][gc,metaspace   ] GC(648) Metaspace: 44188K(45568K)->44188K(45568K) NonClass: 38963K(39936K)->38963K(39936K) Class: 5224K(5632K)->5224K(5632K)
[294.429s][info][gc             ] GC(648) Pause Young (Concurrent Start) (G1 Humongous Allocation) 500M->500M(512M) 1.061ms
[294.429s][info][gc,cpu         ] GC(648) User=0.00s Sys=0.00s Real=0.00s
[294.429s][info][gc             ] GC(649) Concurrent Cycle
[294.429s][info][gc,marking     ] GC(649) Concurrent Clear Claimed Marks
[294.429s][info][gc,marking     ] GC(649) Concurrent Clear Claimed Marks 0.021ms
[294.429s][info][gc,marking     ] GC(649) Concurrent Scan Root Regions
[294.429s][info][gc,marking     ] GC(649) Concurrent Scan Root Regions 0.092ms
[294.429s][info][gc,marking     ] GC(649) Concurrent Mark (294.429s)
[294.429s][info][gc,marking     ] GC(649) Concurrent Mark From Roots
[294.429s][info][gc,task        ] GC(649) Using 2 workers of 2 for marking
[294.430s][info][gc,start       ] GC(650) Pause Young (Normal) (G1 Humongous Allocation)
[294.430s][info][gc,task        ] GC(650) Using 8 workers of 8 for evacuation
[294.430s][info][gc,phases      ] GC(650)   Pre Evacuate Collection Set: 0.0ms
[294.430s][info][gc,phases      ] GC(650)   Merge Heap Roots: 0.0ms
[294.430s][info][gc,phases      ] GC(650)   Evacuate Collection Set: 0.2ms
[294.430s][info][gc,phases      ] GC(650)   Post Evacuate Collection Set: 0.2ms
[294.430s][info][gc,phases      ] GC(650)   Other: 0.1ms
[294.430s][info][gc,heap        ] GC(650) Eden regions: 0->0(24)
[294.430s][info][gc,heap        ] GC(650) Survivor regions: 1->1(4)
[294.430s][info][gc,heap        ] GC(650) Old regions: 492->492
[294.430s][info][gc,heap        ] GC(650) Archive regions: 2->2
[294.430s][info][gc,heap        ] GC(650) Humongous regions: 11->11
[294.430s][info][gc,metaspace   ] GC(650) Metaspace: 44188K(45568K)->44188K(45568K) NonClass: 38963K(39936K)->38963K(39936K) Class: 5224K(5632K)->5224K(5632K)
[294.430s][info][gc             ] GC(650) Pause Young (Normal) (G1 Humongous Allocation) 500M->500M(512M) 0.608ms
[294.430s][info][gc,cpu         ] GC(650) User=0.00s Sys=0.00s Real=0.00s
[294.430s][info][gc,task        ] GC(651) Using 8 workers of 8 for full compaction
[294.430s][info][gc,start       ] GC(651) Pause Full (G1 Humongous Allocation)
[294.431s][info][gc,phases,start] GC(651) Phase 1: Mark live objects
[294.654s][info][gc,phases      ] GC(651) Phase 1: Mark live objects 222.853ms
[294.654s][info][gc,phases,start] GC(651) Phase 2: Prepare for compaction
[294.683s][info][gc,phases      ] GC(651) Phase 2: Prepare for compaction 28.747ms
[294.683s][info][gc,phases,start] GC(651) Phase 3: Adjust pointers
[294.755s][info][gc,phases      ] GC(651) Phase 3: Adjust pointers 72.505ms
[294.755s][info][gc,phases,start] GC(651) Phase 4: Compact heap
[294.779s][info][gc,phases      ] GC(651) Phase 4: Compact heap 23.741ms
[294.783s][info][gc,heap        ] GC(651) Eden regions: 0->0(25)
[294.783s][info][gc,heap        ] GC(651) Survivor regions: 1->0(4)
[294.783s][info][gc,heap        ] GC(651) Old regions: 492->490
[294.783s][info][gc,heap        ] GC(651) Archive regions: 2->2
[294.783s][info][gc,heap        ] GC(651) Humongous regions: 11->11
[294.783s][info][gc,metaspace   ] GC(651) Metaspace: 44188K(45568K)->44188K(45568K) NonClass: 38963K(39936K)->38963K(39936K) Class: 5224K(5632K)->5224K(5632K)
[294.783s][info][gc             ] GC(651) Pause Full (G1 Humongous Allocation) 500M->500M(512M) 352.911ms
[294.785s][info][gc,cpu         ] GC(651) User=2.50s Sys=0.02s Real=0.35s
[294.785s][info][gc,task        ] GC(652) Using 8 workers of 8 for full compaction
[294.785s][info][gc,start       ] GC(652) Pause Full (G1 Humongous Allocation)
[294.785s][info][gc,phases,start] GC(652) Phase 1: Mark live objects
[295.003s][info][gc,phases      ] GC(652) Phase 1: Mark live objects 218.293ms
[295.003s][info][gc,phases,start] GC(652) Phase 2: Prepare for compaction
[295.032s][info][gc,phases      ] GC(652) Phase 2: Prepare for compaction 28.441ms
[295.032s][info][gc,phases,start] GC(652) Phase 3: Adjust pointers
[295.106s][info][gc,phases      ] GC(652) Phase 3: Adjust pointers 74.055ms
[295.106s][info][gc,phases,start] GC(652) Phase 4: Compact heap
[295.130s][info][gc,phases      ] GC(652) Phase 4: Compact heap 24.043ms
[295.135s][info][gc,heap        ] GC(652) Eden regions: 0->0(25)
[295.135s][info][gc,heap        ] GC(652) Survivor regions: 0->0(4)
[295.135s][info][gc,heap        ] GC(652) Old regions: 490->490
[295.135s][info][gc,heap        ] GC(652) Archive regions: 2->2
[295.135s][info][gc,heap        ] GC(652) Humongous regions: 11->11
[295.135s][info][gc,metaspace   ] GC(652) Metaspace: 44188K(45568K)->44188K(45568K) NonClass: 38963K(39936K)->38963K(39936K) Class: 5224K(5632K)->5224K(5632K)
[295.135s][info][gc             ] GC(652) Pause Full (G1 Humongous Allocation) 500M->500M(512M) 349.518ms
[295.136s][info][gc,cpu         ] GC(652) User=2.49s Sys=0.03s Real=0.36s
[295.136s][info][gc,marking     ] GC(649) Concurrent Mark From Roots 707.198ms
[295.136s][info][gc,marking     ] GC(649) Concurrent Mark Abort
[295.136s][info][gc             ] GC(649) Concurrent Cycle 707.372ms
[295.137s][info][gc,start       ] GC(653) Pause Young (Concurrent Start) (G1 Humongous Allocation)
[295.137s][info][gc,task        ] GC(653) Using 8 workers of 8 for evacuation
[295.138s][info][gc,phases      ] GC(653)   Pre Evacuate Collection Set: 0.1ms
[295.138s][info][gc,phases      ] GC(653)   Merge Heap Roots: 0.0ms
[295.138s][info][gc,phases      ] GC(653)   Evacuate Collection Set: 0.4ms
[295.138s][info][gc,phases      ] GC(653)   Post Evacuate Collection Set: 0.2ms
[295.138s][info][gc,phases      ] GC(653)   Other: 0.1ms
[295.138s][info][gc,heap        ] GC(653) Eden regions: 1->0(24)
[295.138s][info][gc,heap        ] GC(653) Survivor regions: 0->1(4)
[295.138s][info][gc,heap        ] GC(653) Old regions: 490->490
[295.138s][info][gc,heap        ] GC(653) Archive regions: 2->2
[295.138s][info][gc,heap        ] GC(653) Humongous regions: 11->11
[295.138s][info][gc,metaspace   ] GC(653) Metaspace: 44188K(45568K)->44188K(45568K) NonClass: 38964K(39936K)->38964K(39936K) Class: 5224K(5632K)->5224K(5632K)
[295.138s][info][gc             ] GC(653) Pause Young (Concurrent Start) (G1 Humongous Allocation) 500M->500M(512M) 0.963ms
[295.138s][info][gc,cpu         ] GC(653) User=0.00s Sys=0.00s Real=0.00s
[295.138s][info][gc             ] GC(654) Concurrent Cycle
[295.138s][info][gc,marking     ] GC(654) Concurrent Clear Claimed Marks
[295.138s][info][gc,marking     ] GC(654) Concurrent Clear Claimed Marks 0.013ms
[295.138s][info][gc,marking     ] GC(654) Concurrent Scan Root Regions
[295.138s][info][gc,marking     ] GC(654) Concurrent Scan Root Regions 0.074ms
[295.138s][info][gc,marking     ] GC(654) Concurrent Mark (295.138s)
[295.138s][info][gc,marking     ] GC(654) Concurrent Mark From Roots
[295.138s][info][gc,task        ] GC(654) Using 2 workers of 2 for marking
[295.139s][info][gc,start       ] GC(655) Pause Young (Normal) (G1 Humongous Allocation)
[295.139s][info][gc,task        ] GC(655) Using 8 workers of 8 for evacuation
[295.139s][info][gc,phases      ] GC(655)   Pre Evacuate Collection Set: 0.1ms
[295.139s][info][gc,phases      ] GC(655)   Merge Heap Roots: 0.1ms
[295.139s][info][gc,phases      ] GC(655)   Evacuate Collection Set: 0.1ms
[295.139s][info][gc,phases      ] GC(655)   Post Evacuate Collection Set: 0.2ms
[295.139s][info][gc,phases      ] GC(655)   Other: 0.1ms
[295.139s][info][gc,heap        ] GC(655) Eden regions: 1->0(24)
[295.139s][info][gc,heap        ] GC(655) Survivor regions: 1->1(4)
[295.139s][info][gc,heap        ] GC(655) Old regions: 490->490
[295.139s][info][gc,heap        ] GC(655) Archive regions: 2->2
[295.139s][info][gc,heap        ] GC(655) Humongous regions: 11->11
[295.139s][info][gc,metaspace   ] GC(655) Metaspace: 44188K(45568K)->44188K(45568K) NonClass: 38964K(39936K)->38964K(39936K) Class: 5224K(5632K)->5224K(5632K)
[295.139s][info][gc             ] GC(655) Pause Young (Normal) (G1 Humongous Allocation) 500M->500M(512M) 0.622ms
[295.139s][info][gc,cpu         ] GC(655) User=0.00s Sys=0.00s Real=0.00s
[295.139s][info][gc,task        ] GC(656) Using 8 workers of 8 for full compaction
[295.139s][info][gc,start       ] GC(656) Pause Full (G1 Humongous Allocation)
[295.140s][info][gc,phases,start] GC(656) Phase 1: Mark live objects
[295.365s][info][gc,phases      ] GC(656) Phase 1: Mark live objects 224.545ms
[295.365s][info][gc,phases,start] GC(656) Phase 2: Prepare for compaction
[295.393s][info][gc,phases      ] GC(656) Phase 2: Prepare for compaction 28.093ms
[295.393s][info][gc,phases,start] GC(656) Phase 3: Adjust pointers
[295.464s][info][gc,phases      ] GC(656) Phase 3: Adjust pointers 71.504ms
[295.464s][info][gc,phases,start] GC(656) Phase 4: Compact heap
[295.488s][info][gc,phases      ] GC(656) Phase 4: Compact heap 24.158ms
[295.493s][info][gc,heap        ] GC(656) Eden regions: 0->0(25)
[295.493s][info][gc,heap        ] GC(656) Survivor regions: 1->0(4)
[295.493s][info][gc,heap        ] GC(656) Old regions: 490->491
[295.493s][info][gc,heap        ] GC(656) Archive regions: 2->2
[295.493s][info][gc,heap        ] GC(656) Humongous regions: 11->11
[295.493s][info][gc,metaspace   ] GC(656) Metaspace: 44188K(45568K)->44188K(45568K) NonClass: 38964K(39936K)->38964K(39936K) Class: 5224K(5632K)->5224K(5632K)
[295.493s][info][gc             ] GC(656) Pause Full (G1 Humongous Allocation) 500M->500M(512M) 353.265ms
[295.494s][info][gc,cpu         ] GC(656) User=2.50s Sys=0.03s Real=0.35s
[295.494s][info][gc,task        ] GC(657) Using 8 workers of 8 for full compaction
[295.494s][info][gc,start       ] GC(657) Pause Full (G1 Humongous Allocation)
[295.494s][info][gc,phases,start] GC(657) Phase 1: Mark live objects
[295.719s][info][gc,phases      ] GC(657) Phase 1: Mark live objects 224.907ms
[295.719s][info][gc,phases,start] GC(657) Phase 2: Prepare for compaction
[295.748s][info][gc,phases      ] GC(657) Phase 2: Prepare for compaction 29.060ms
[295.748s][info][gc,phases,start] GC(657) Phase 3: Adjust pointers
[295.819s][info][gc,phases      ] GC(657) Phase 3: Adjust pointers 70.618ms
[295.819s][info][gc,phases,start] GC(657) Phase 4: Compact heap
[295.846s][info][gc,phases      ] GC(657) Phase 4: Compact heap 27.369ms
[295.851s][info][gc,heap        ] GC(657) Eden regions: 0->0(25)
[295.851s][info][gc,heap        ] GC(657) Survivor regions: 0->0(4)
[295.851s][info][gc,heap        ] GC(657) Old regions: 491->491
[295.851s][info][gc,heap        ] GC(657) Archive regions: 2->2
[295.851s][info][gc,heap        ] GC(657) Humongous regions: 11->11
[295.851s][info][gc,metaspace   ] GC(657) Metaspace: 44188K(45568K)->44188K(45568K) NonClass: 38964K(39936K)->38964K(39936K) Class: 5224K(5632K)->5224K(5632K)
[295.851s][info][gc             ] GC(657) Pause Full (G1 Humongous Allocation) 500M->500M(512M) 356.532ms
[295.852s][info][gc,cpu         ] GC(657) User=2.49s Sys=0.02s Real=0.36s
[295.852s][info][gc,marking     ] GC(654) Concurrent Mark From Roots 713.665ms
[295.852s][info][gc,marking     ] GC(654) Concurrent Mark Abort
[295.852s][info][gc             ] GC(654) Concurrent Cycle 713.827ms
[295.853s][info][gc,start       ] GC(658) Pause Young (Concurrent Start) (G1 Humongous Allocation)
[295.853s][info][gc,task        ] GC(658) Using 8 workers of 8 for evacuation
[295.853s][info][gc,phases      ] GC(658)   Pre Evacuate Collection Set: 0.1ms
[295.853s][info][gc,phases      ] GC(658)   Merge Heap Roots: 0.1ms
[295.853s][info][gc,phases      ] GC(658)   Evacuate Collection Set: 0.5ms
[295.854s][info][gc,phases      ] GC(658)   Post Evacuate Collection Set: 0.2ms
[295.854s][info][gc,phases      ] GC(658)   Other: 0.1ms
[295.854s][info][gc,heap        ] GC(658) Eden regions: 0->0(25)
[295.854s][info][gc,heap        ] GC(658) Survivor regions: 0->0(4)
[295.854s][info][gc,heap        ] GC(658) Old regions: 491->491
[295.854s][info][gc,heap        ] GC(658) Archive regions: 2->2
[295.854s][info][gc,heap        ] GC(658) Humongous regions: 11->11
[295.854s][info][gc,metaspace   ] GC(658) Metaspace: 44188K(45568K)->44188K(45568K) NonClass: 38964K(39936K)->38964K(39936K) Class: 5224K(5632K)->5224K(5632K)
[295.854s][info][gc             ] GC(658) Pause Young (Concurrent Start) (G1 Humongous Allocation) 500M->500M(512M) 1.007ms
[295.854s][info][gc,cpu         ] GC(658) User=0.00s Sys=0.00s Real=0.00s
[295.854s][info][gc             ] GC(659) Concurrent Cycle
[295.854s][info][gc,marking     ] GC(659) Concurrent Clear Claimed Marks
[295.854s][info][gc,marking     ] GC(659) Concurrent Clear Claimed Marks 0.023ms
[295.854s][info][gc,marking     ] GC(659) Concurrent Scan Root Regions
[295.854s][info][gc,marking     ] GC(659) Concurrent Scan Root Regions 0.006ms
[295.854s][info][gc,marking     ] GC(659) Concurrent Mark (295.854s)
[295.854s][info][gc,marking     ] GC(659) Concurrent Mark From Roots
[295.854s][info][gc,task        ] GC(659) Using 2 workers of 2 for marking
[295.855s][info][gc,start       ] GC(660) Pause Young (Normal) (G1 Humongous Allocation)
[295.855s][info][gc,task        ] GC(660) Using 8 workers of 8 for evacuation
[295.856s][info][gc,phases      ] GC(660)   Pre Evacuate Collection Set: 0.1ms
[295.856s][info][gc,phases      ] GC(660)   Merge Heap Roots: 0.0ms
[295.856s][info][gc,phases      ] GC(660)   Evacuate Collection Set: 0.1ms
[295.856s][info][gc,phases      ] GC(660)   Post Evacuate Collection Set: 0.2ms
[295.856s][info][gc,phases      ] GC(660)   Other: 0.1ms
[295.856s][info][gc,heap        ] GC(660) Eden regions: 1->0(25)
[295.856s][info][gc,heap        ] GC(660) Survivor regions: 0->0(4)
[295.856s][info][gc,heap        ] GC(660) Old regions: 491->491
[295.856s][info][gc,heap        ] GC(660) Archive regions: 2->2
[295.856s][info][gc,heap        ] GC(660) Humongous regions: 11->11
[295.856s][info][gc,metaspace   ] GC(660) Metaspace: 44199K(45568K)->44199K(45568K) NonClass: 38975K(39936K)->38975K(39936K) Class: 5224K(5632K)->5224K(5632K)
[295.856s][info][gc             ] GC(660) Pause Young (Normal) (G1 Humongous Allocation) 500M->500M(512M) 0.582ms
[295.856s][info][gc,cpu         ] GC(660) User=0.00s Sys=0.00s Real=0.01s
[295.856s][info][gc,task        ] GC(661) Using 8 workers of 8 for full compaction
[295.856s][info][gc,start       ] GC(661) Pause Full (G1 Humongous Allocation)
[295.856s][info][gc,phases,start] GC(661) Phase 1: Mark live objects
[296.174s][info][gc,phases      ] GC(661) Phase 1: Mark live objects 317.269ms
[296.174s][info][gc,phases,start] GC(661) Phase 2: Prepare for compaction
[296.221s][info][gc,phases      ] GC(661) Phase 2: Prepare for compaction 47.423ms
[296.221s][info][gc,phases,start] GC(661) Phase 3: Adjust pointers
[296.293s][info][gc,phases      ] GC(661) Phase 3: Adjust pointers 71.760ms
[296.293s][info][gc,phases,start] GC(661) Phase 4: Compact heap
[296.322s][info][gc,phases      ] GC(661) Phase 4: Compact heap 29.323ms
[296.327s][info][gc,heap        ] GC(661) Eden regions: 0->0(25)
[296.327s][info][gc,heap        ] GC(661) Survivor regions: 0->0(4)
[296.327s][info][gc,heap        ] GC(661) Old regions: 491->490
[296.327s][info][gc,heap        ] GC(661) Archive regions: 2->2
[296.327s][info][gc,heap        ] GC(661) Humongous regions: 11->11
[296.327s][info][gc,metaspace   ] GC(661) Metaspace: 44199K(45568K)->44199K(45568K) NonClass: 38975K(39936K)->38975K(39936K) Class: 5224K(5632K)->5224K(5632K)
[296.327s][info][gc             ] GC(661) Pause Full (G1 Humongous Allocation) 500M->500M(512M) 471.555ms
[296.330s][info][gc,cpu         ] GC(661) User=2.48s Sys=0.04s Real=0.47s
[296.330s][info][gc,task        ] GC(662) Using 8 workers of 8 for full compaction
[296.330s][info][gc,start       ] GC(662) Pause Full (G1 Humongous Allocation)
[296.330s][info][gc,phases,start] GC(662) Phase 1: Mark live objects
[296.570s][info][gc,phases      ] GC(662) Phase 1: Mark live objects 240.659ms
[296.570s][info][gc,phases,start] GC(662) Phase 2: Prepare for compaction
[296.603s][info][gc,phases      ] GC(662) Phase 2: Prepare for compaction 32.300ms
[296.603s][info][gc,phases,start] GC(662) Phase 3: Adjust pointers
[296.674s][info][gc,phases      ] GC(662) Phase 3: Adjust pointers 71.246ms
[296.674s][info][gc,phases,start] GC(662) Phase 4: Compact heap
[296.701s][info][gc,phases      ] GC(662) Phase 4: Compact heap 27.359ms
[296.706s][info][gc,heap        ] GC(662) Eden regions: 0->0(25)
[296.706s][info][gc,heap        ] GC(662) Survivor regions: 0->0(4)
[296.706s][info][gc,heap        ] GC(662) Old regions: 490->490
[296.706s][info][gc,heap        ] GC(662) Archive regions: 2->2
[296.706s][info][gc,heap        ] GC(662) Humongous regions: 11->11
[296.706s][info][gc,metaspace   ] GC(662) Metaspace: 44199K(45568K)->44199K(45568K) NonClass: 38975K(39936K)->38975K(39936K) Class: 5224K(5632K)->5224K(5632K)
[296.706s][info][gc             ] GC(662) Pause Full (G1 Humongous Allocation) 500M->500M(512M) 375.965ms
[296.707s][info][gc,cpu         ] GC(662) User=2.49s Sys=0.02s Real=0.38s
[296.707s][info][gc,marking     ] GC(659) Concurrent Mark From Roots 853.241ms
[296.707s][info][gc,marking     ] GC(659) Concurrent Mark Abort
[296.707s][info][gc             ] GC(659) Concurrent Cycle 853.381ms
[296.707s][info][gc,start       ] GC(663) Pause Young (Concurrent Start) (G1 Humongous Allocation)
[296.707s][info][gc,task        ] GC(663) Using 8 workers of 8 for evacuation
[296.708s][info][gc,phases      ] GC(663)   Pre Evacuate Collection Set: 0.1ms
[296.708s][info][gc,phases      ] GC(663)   Merge Heap Roots: 0.0ms
[296.708s][info][gc,phases      ] GC(663)   Evacuate Collection Set: 0.5ms
[296.708s][info][gc,phases      ] GC(663)   Post Evacuate Collection Set: 0.1ms
[296.708s][info][gc,phases      ] GC(663)   Other: 0.1ms
[296.708s][info][gc,heap        ] GC(663) Eden regions: 1->0(24)
[296.708s][info][gc,heap        ] GC(663) Survivor regions: 0->1(4)
[296.708s][info][gc,heap        ] GC(663) Old regions: 490->490
[296.708s][info][gc,heap        ] GC(663) Archive regions: 2->2
[296.708s][info][gc,heap        ] GC(663) Humongous regions: 11->11
[296.708s][info][gc,metaspace   ] GC(663) Metaspace: 44200K(45568K)->44200K(45568K) NonClass: 38976K(39936K)->38976K(39936K) Class: 5224K(5632K)->5224K(5632K)
[296.708s][info][gc             ] GC(663) Pause Young (Concurrent Start) (G1 Humongous Allocation) 500M->500M(512M) 0.919ms
[296.708s][info][gc,cpu         ] GC(663) User=0.00s Sys=0.00s Real=0.00s
[296.708s][info][gc             ] GC(664) Concurrent Cycle
[296.708s][info][gc,marking     ] GC(664) Concurrent Clear Claimed Marks
[296.708s][info][gc,marking     ] GC(664) Concurrent Clear Claimed Marks 0.025ms
[296.708s][info][gc,marking     ] GC(664) Concurrent Scan Root Regions
[296.709s][info][gc,marking     ] GC(664) Concurrent Scan Root Regions 0.383ms
[296.709s][info][gc,marking     ] GC(664) Concurrent Mark (296.709s)
[296.709s][info][gc,marking     ] GC(664) Concurrent Mark From Roots
[296.709s][info][gc,task        ] GC(664) Using 2 workers of 2 for marking
[296.709s][info][gc,start       ] GC(665) Pause Young (Normal) (G1 Humongous Allocation)
[296.709s][info][gc,task        ] GC(665) Using 8 workers of 8 for evacuation
[296.709s][info][gc,phases      ] GC(665)   Pre Evacuate Collection Set: 0.3ms
[296.709s][info][gc,phases      ] GC(665)   Merge Heap Roots: 0.0ms
[296.709s][info][gc,phases      ] GC(665)   Evacuate Collection Set: 0.1ms
[296.709s][info][gc,phases      ] GC(665)   Post Evacuate Collection Set: 0.1ms
[296.709s][info][gc,phases      ] GC(665)   Other: 0.1ms
[296.709s][info][gc,heap        ] GC(665) Eden regions: 0->0(24)
[296.709s][info][gc,heap        ] GC(665) Survivor regions: 1->1(4)
[296.709s][info][gc,heap        ] GC(665) Old regions: 490->490
[296.709s][info][gc,heap        ] GC(665) Archive regions: 2->2
[296.709s][info][gc,heap        ] GC(665) Humongous regions: 11->11
[296.709s][info][gc,metaspace   ] GC(665) Metaspace: 44200K(45568K)->44200K(45568K) NonClass: 38976K(39936K)->38976K(39936K) Class: 5224K(5632K)->5224K(5632K)
[296.709s][info][gc             ] GC(665) Pause Young (Normal) (G1 Humongous Allocation) 500M->500M(512M) 0.497ms
[296.709s][info][gc,cpu         ] GC(665) User=0.01s Sys=0.00s Real=0.00s
[296.709s][info][gc,task        ] GC(666) Using 8 workers of 8 for full compaction
[296.709s][info][gc,start       ] GC(666) Pause Full (G1 Humongous Allocation)
[296.710s][info][gc,phases,start] GC(666) Phase 1: Mark live objects
[296.944s][info][gc,phases      ] GC(666) Phase 1: Mark live objects 233.925ms
[296.944s][info][gc,phases,start] GC(666) Phase 2: Prepare for compaction
[296.973s][info][gc,phases      ] GC(666) Phase 2: Prepare for compaction 29.111ms
[296.973s][info][gc,phases,start] GC(666) Phase 3: Adjust pointers
[297.044s][info][gc,phases      ] GC(666) Phase 3: Adjust pointers 71.035ms
[297.044s][info][gc,phases,start] GC(666) Phase 4: Compact heap
[297.067s][info][gc,phases      ] GC(666) Phase 4: Compact heap 22.327ms
[297.071s][info][gc,heap        ] GC(666) Eden regions: 0->0(25)
[297.071s][info][gc,heap        ] GC(666) Survivor regions: 1->0(4)
[297.071s][info][gc,heap        ] GC(666) Old regions: 490->491
[297.071s][info][gc,heap        ] GC(666) Archive regions: 2->2
[297.071s][info][gc,heap        ] GC(666) Humongous regions: 11->11
[297.071s][info][gc,metaspace   ] GC(666) Metaspace: 44200K(45568K)->44200K(45568K) NonClass: 38976K(39936K)->38976K(39936K) Class: 5224K(5632K)->5224K(5632K)
[297.071s][info][gc             ] GC(666) Pause Full (G1 Humongous Allocation) 500M->500M(512M) 361.588ms
[297.072s][info][gc,cpu         ] GC(666) User=2.48s Sys=0.02s Real=0.36s
[297.072s][info][gc,task        ] GC(667) Using 8 workers of 8 for full compaction
[297.072s][info][gc,start       ] GC(667) Pause Full (G1 Humongous Allocation)
[297.072s][info][gc,phases,start] GC(667) Phase 1: Mark live objects
[297.294s][info][gc,phases      ] GC(667) Phase 1: Mark live objects 221.350ms
[297.294s][info][gc,phases,start] GC(667) Phase 2: Prepare for compaction
[297.326s][info][gc,phases      ] GC(667) Phase 2: Prepare for compaction 32.305ms
[297.326s][info][gc,phases,start] GC(667) Phase 3: Adjust pointers
[297.396s][info][gc,phases      ] GC(667) Phase 3: Adjust pointers 70.105ms
[297.396s][info][gc,phases,start] GC(667) Phase 4: Compact heap
[297.420s][info][gc,phases      ] GC(667) Phase 4: Compact heap 24.216ms
[297.425s][info][gc,heap        ] GC(667) Eden regions: 0->0(25)
[297.425s][info][gc,heap        ] GC(667) Survivor regions: 0->0(4)
[297.425s][info][gc,heap        ] GC(667) Old regions: 491->490
[297.425s][info][gc,heap        ] GC(667) Archive regions: 2->2
[297.425s][info][gc,heap        ] GC(667) Humongous regions: 11->11
[297.425s][info][gc,metaspace   ] GC(667) Metaspace: 44200K(45568K)->44200K(45568K) NonClass: 38976K(39936K)->38976K(39936K) Class: 5224K(5632K)->5224K(5632K)
[297.425s][info][gc             ] GC(667) Pause Full (G1 Humongous Allocation) 500M->500M(512M) 352.374ms
[297.425s][info][gc,cpu         ] GC(667) User=2.50s Sys=0.03s Real=0.35s
[297.426s][info][gc,marking     ] GC(664) Concurrent Mark From Roots 716.728ms
[297.426s][info][gc,marking     ] GC(664) Concurrent Mark Abort
[297.426s][info][gc             ] GC(664) Concurrent Cycle 717.407ms
[297.426s][info][gc,start       ] GC(668) Pause Young (Normal) (G1 Humongous Allocation)
[297.426s][info][gc,task        ] GC(668) Using 8 workers of 8 for evacuation
[297.426s][info][gc,phases      ] GC(668)   Pre Evacuate Collection Set: 0.1ms
[297.426s][info][gc,phases      ] GC(668)   Merge Heap Roots: 0.0ms
[297.426s][info][gc,phases      ] GC(668)   Evacuate Collection Set: 0.2ms
[297.426s][info][gc,phases      ] GC(668)   Post Evacuate Collection Set: 0.2ms
[297.426s][info][gc,phases      ] GC(668)   Other: 0.1ms
[297.426s][info][gc,heap        ] GC(668) Eden regions: 1->0(24)
[297.426s][info][gc,heap        ] GC(668) Survivor regions: 0->1(4)
[297.426s][info][gc,heap        ] GC(668) Old regions: 490->490
[297.426s][info][gc,heap        ] GC(668) Archive regions: 2->2
[297.426s][info][gc,heap        ] GC(668) Humongous regions: 11->11
[297.426s][info][gc,metaspace   ] GC(668) Metaspace: 44200K(45568K)->44200K(45568K) NonClass: 38976K(39936K)->38976K(39936K) Class: 5224K(5632K)->5224K(5632K)
[297.426s][info][gc             ] GC(668) Pause Young (Normal) (G1 Humongous Allocation) 500M->500M(512M) 0.562ms
[297.426s][info][gc,cpu         ] GC(668) User=0.00s Sys=0.00s Real=0.00s
[297.426s][info][gc,task        ] GC(669) Using 8 workers of 8 for full compaction
[297.426s][info][gc,start       ] GC(669) Pause Full (G1 Humongous Allocation)
[297.426s][info][gc,phases,start] GC(669) Phase 1: Mark live objects
[297.648s][info][gc,phases      ] GC(669) Phase 1: Mark live objects 221.667ms
[297.648s][info][gc,phases,start] GC(669) Phase 2: Prepare for compaction
[297.677s][info][gc,phases      ] GC(669) Phase 2: Prepare for compaction 28.664ms
[297.677s][info][gc,phases,start] GC(669) Phase 3: Adjust pointers
[297.749s][info][gc,phases      ] GC(669) Phase 3: Adjust pointers 72.381ms
[297.749s][info][gc,phases,start] GC(669) Phase 4: Compact heap
[297.775s][info][gc,phases      ] GC(669) Phase 4: Compact heap 25.584ms
[297.779s][info][gc,heap        ] GC(669) Eden regions: 0->0(25)
[297.779s][info][gc,heap        ] GC(669) Survivor regions: 1->0(4)
[297.779s][info][gc,heap        ] GC(669) Old regions: 490->491
[297.779s][info][gc,heap        ] GC(669) Archive regions: 2->2
[297.779s][info][gc,heap        ] GC(669) Humongous regions: 11->11
[297.779s][info][gc,metaspace   ] GC(669) Metaspace: 44200K(45568K)->44200K(45568K) NonClass: 38976K(39936K)->38976K(39936K) Class: 5224K(5632K)->5224K(5632K)
[297.779s][info][gc             ] GC(669) Pause Full (G1 Humongous Allocation) 500M->500M(512M) 352.652ms
[297.781s][info][gc,cpu         ] GC(669) User=2.49s Sys=0.03s Real=0.35s
[297.781s][info][gc,task        ] GC(670) Using 8 workers of 8 for full compaction
[297.781s][info][gc,start       ] GC(670) Pause Full (G1 Humongous Allocation)
[297.781s][info][gc,phases,start] GC(670) Phase 1: Mark live objects
[298.000s][info][gc,phases      ] GC(670) Phase 1: Mark live objects 219.068ms
[298.000s][info][gc,phases,start] GC(670) Phase 2: Prepare for compaction
[298.029s][info][gc,phases      ] GC(670) Phase 2: Prepare for compaction 28.646ms
[298.029s][info][gc,phases,start] GC(670) Phase 3: Adjust pointers
[298.100s][info][gc,phases      ] GC(670) Phase 3: Adjust pointers 70.826ms
[298.100s][info][gc,phases,start] GC(670) Phase 4: Compact heap
[298.127s][info][gc,phases      ] GC(670) Phase 4: Compact heap 27.532ms
[298.131s][info][gc,heap        ] GC(670) Eden regions: 0->0(25)
[298.131s][info][gc,heap        ] GC(670) Survivor regions: 0->0(4)
[298.131s][info][gc,heap        ] GC(670) Old regions: 491->491
[298.131s][info][gc,heap        ] GC(670) Archive regions: 2->2
[298.131s][info][gc,heap        ] GC(670) Humongous regions: 11->11
[298.131s][info][gc,metaspace   ] GC(670) Metaspace: 44200K(45568K)->44200K(45568K) NonClass: 38976K(39936K)->38976K(39936K) Class: 5224K(5632K)->5224K(5632K)
[298.131s][info][gc             ] GC(670) Pause Full (G1 Humongous Allocation) 500M->500M(512M) 350.326ms
[298.133s][info][gc,cpu         ] GC(670) User=2.47s Sys=0.03s Real=0.35s
[298.133s][info][gc,start       ] GC(671) Pause Young (Concurrent Start) (G1 Humongous Allocation)
[298.133s][info][gc,task        ] GC(671) Using 8 workers of 8 for evacuation
[298.134s][info][gc,phases      ] GC(671)   Pre Evacuate Collection Set: 0.1ms
[298.134s][info][gc,phases      ] GC(671)   Merge Heap Roots: 0.0ms
[298.134s][info][gc,phases      ] GC(671)   Evacuate Collection Set: 0.5ms
[298.134s][info][gc,phases      ] GC(671)   Post Evacuate Collection Set: 0.1ms
[298.134s][info][gc,phases      ] GC(671)   Other: 0.1ms
[298.134s][info][gc,heap        ] GC(671) Eden regions: 1->0(24)
[298.134s][info][gc,heap        ] GC(671) Survivor regions: 0->1(4)
[298.134s][info][gc,heap        ] GC(671) Old regions: 491->491
[298.134s][info][gc,heap        ] GC(671) Archive regions: 2->2
[298.134s][info][gc,heap        ] GC(671) Humongous regions: 11->11
[298.134s][info][gc,metaspace   ] GC(671) Metaspace: 44200K(45568K)->44200K(45568K) NonClass: 38976K(39936K)->38976K(39936K) Class: 5224K(5632K)->5224K(5632K)
[298.134s][info][gc             ] GC(671) Pause Young (Concurrent Start) (G1 Humongous Allocation) 500M->500M(512M) 0.943ms
[298.134s][info][gc,cpu         ] GC(671) User=0.00s Sys=0.00s Real=0.00s
[298.134s][info][gc,task        ] GC(672) Using 8 workers of 8 for full compaction
[298.134s][info][gc,start       ] GC(672) Pause Full (G1 Humongous Allocation)
[298.134s][info][gc             ] GC(673) Concurrent Cycle
[298.134s][info][gc,marking     ] GC(673) Concurrent Clear Claimed Marks
[298.135s][info][gc,marking     ] GC(673) Concurrent Clear Claimed Marks 0.013ms
[298.135s][info][gc,marking     ] GC(673) Concurrent Scan Root Regions
[298.135s][info][gc,marking     ] GC(673) Concurrent Scan Root Regions 0.012ms
[298.135s][info][gc,marking     ] GC(673) Concurrent Mark (298.135s)
[298.135s][info][gc,marking     ] GC(673) Concurrent Mark From Roots
[298.135s][info][gc,task        ] GC(673) Using 2 workers of 2 for marking
[298.135s][info][gc,phases,start] GC(672) Phase 1: Mark live objects
[298.360s][info][gc,phases      ] GC(672) Phase 1: Mark live objects 224.378ms
[298.360s][info][gc,phases,start] GC(672) Phase 2: Prepare for compaction
[298.388s][info][gc,phases      ] GC(672) Phase 2: Prepare for compaction 28.708ms
[298.388s][info][gc,phases,start] GC(672) Phase 3: Adjust pointers
[298.458s][info][gc,phases      ] GC(672) Phase 3: Adjust pointers 69.568ms
[298.458s][info][gc,phases,start] GC(672) Phase 4: Compact heap
[298.484s][info][gc,phases      ] GC(672) Phase 4: Compact heap 26.483ms
[298.489s][info][gc,heap        ] GC(672) Eden regions: 0->0(25)
[298.489s][info][gc,heap        ] GC(672) Survivor regions: 1->0(4)
[298.489s][info][gc,heap        ] GC(672) Old regions: 491->491
[298.489s][info][gc,heap        ] GC(672) Archive regions: 2->2
[298.489s][info][gc,heap        ] GC(672) Humongous regions: 11->11
[298.489s][info][gc,metaspace   ] GC(672) Metaspace: 44200K(45568K)->44200K(45568K) NonClass: 38976K(39936K)->38976K(39936K) Class: 5224K(5632K)->5224K(5632K)
[298.489s][info][gc             ] GC(672) Pause Full (G1 Humongous Allocation) 500M->500M(512M) 354.164ms
[298.490s][info][gc,cpu         ] GC(672) User=2.49s Sys=0.02s Real=0.36s
[298.490s][info][gc,task        ] GC(674) Using 8 workers of 8 for full compaction
[298.490s][info][gc,start       ] GC(674) Pause Full (G1 Humongous Allocation)
[298.490s][info][gc,phases,start] GC(674) Phase 1: Mark live objects
[298.711s][info][gc,phases      ] GC(674) Phase 1: Mark live objects 220.627ms
[298.711s][info][gc,phases,start] GC(674) Phase 2: Prepare for compaction
[298.740s][info][gc,phases      ] GC(674) Phase 2: Prepare for compaction 28.610ms
[298.740s][info][gc,phases,start] GC(674) Phase 3: Adjust pointers
[298.809s][info][gc,phases      ] GC(674) Phase 3: Adjust pointers 69.818ms
[298.809s][info][gc,phases,start] GC(674) Phase 4: Compact heap
[298.834s][info][gc,phases      ] GC(674) Phase 4: Compact heap 24.783ms
[298.838s][info][gc,heap        ] GC(674) Eden regions: 0->0(25)
[298.838s][info][gc,heap        ] GC(674) Survivor regions: 0->0(4)
[298.838s][info][gc,heap        ] GC(674) Old regions: 491->491
[298.838s][info][gc,heap        ] GC(674) Archive regions: 2->2
[298.838s][info][gc,heap        ] GC(674) Humongous regions: 11->11
[298.838s][info][gc,metaspace   ] GC(674) Metaspace: 44200K(45568K)->44200K(45568K) NonClass: 38976K(39936K)->38976K(39936K) Class: 5224K(5632K)->5224K(5632K)
[298.838s][info][gc             ] GC(674) Pause Full (G1 Humongous Allocation) 500M->500M(512M) 348.229ms
[298.840s][info][gc,cpu         ] GC(674) User=2.47s Sys=0.03s Real=0.35s
[298.841s][info][gc,marking     ] GC(673) Concurrent Mark From Roots 705.960ms
[298.841s][info][gc,marking     ] GC(673) Concurrent Mark Abort
[298.841s][info][gc             ] GC(673) Concurrent Cycle 706.063ms
[298.841s][info][gc,start       ] GC(675) Pause Young (Normal) (G1 Humongous Allocation)
[298.841s][info][gc,task        ] GC(675) Using 8 workers of 8 for evacuation
[298.841s][info][gc,phases      ] GC(675)   Pre Evacuate Collection Set: 0.1ms
[298.841s][info][gc,phases      ] GC(675)   Merge Heap Roots: 0.0ms
[298.841s][info][gc,phases      ] GC(675)   Evacuate Collection Set: 0.2ms
[298.841s][info][gc,phases      ] GC(675)   Post Evacuate Collection Set: 0.1ms
[298.841s][info][gc,phases      ] GC(675)   Other: 0.1ms
[298.841s][info][gc,heap        ] GC(675) Eden regions: 1->0(24)
[298.841s][info][gc,heap        ] GC(675) Survivor regions: 0->1(4)
[298.841s][info][gc,heap        ] GC(675) Old regions: 491->491
[298.842s][info][gc,heap        ] GC(675) Archive regions: 2->2
[298.842s][info][gc,heap        ] GC(675) Humongous regions: 11->11
[298.842s][info][gc,metaspace   ] GC(675) Metaspace: 44201K(45568K)->44201K(45568K) NonClass: 38976K(39936K)->38976K(39936K) Class: 5224K(5632K)->5224K(5632K)
[298.842s][info][gc             ] GC(675) Pause Young (Normal) (G1 Humongous Allocation) 500M->500M(512M) 0.532ms
[298.842s][info][gc,cpu         ] GC(675) User=0.00s Sys=0.00s Real=0.00s
[298.842s][info][gc,task        ] GC(676) Using 8 workers of 8 for full compaction
[298.842s][info][gc,start       ] GC(676) Pause Full (G1 Humongous Allocation)
[298.842s][info][gc,phases,start] GC(676) Phase 1: Mark live objects
[299.064s][info][gc,phases      ] GC(676) Phase 1: Mark live objects 222.578ms
[299.064s][info][gc,phases,start] GC(676) Phase 2: Prepare for compaction
[299.093s][info][gc,phases      ] GC(676) Phase 2: Prepare for compaction 28.512ms
[299.093s][info][gc,phases,start] GC(676) Phase 3: Adjust pointers
[299.165s][info][gc,phases      ] GC(676) Phase 3: Adjust pointers 72.264ms
[299.165s][info][gc,phases,start] GC(676) Phase 4: Compact heap
[299.190s][info][gc,phases      ] GC(676) Phase 4: Compact heap 25.038ms
[299.195s][info][gc,heap        ] GC(676) Eden regions: 0->0(25)
[299.195s][info][gc,heap        ] GC(676) Survivor regions: 1->0(4)
[299.195s][info][gc,heap        ] GC(676) Old regions: 491->491
[299.195s][info][gc,heap        ] GC(676) Archive regions: 2->2
[299.195s][info][gc,heap        ] GC(676) Humongous regions: 11->11
[299.195s][info][gc,metaspace   ] GC(676) Metaspace: 44201K(45568K)->44201K(45568K) NonClass: 38976K(39936K)->38976K(39936K) Class: 5224K(5632K)->5224K(5632K)
[299.195s][info][gc             ] GC(676) Pause Full (G1 Humongous Allocation) 500M->500M(512M) 353.077ms
[299.196s][info][gc,cpu         ] GC(676) User=2.49s Sys=0.02s Real=0.36s
[299.196s][info][gc,task        ] GC(677) Using 8 workers of 8 for full compaction
[299.196s][info][gc,start       ] GC(677) Pause Full (G1 Humongous Allocation)
[299.196s][info][gc,phases,start] GC(677) Phase 1: Mark live objects
[299.418s][info][gc,phases      ] GC(677) Phase 1: Mark live objects 221.139ms
[299.418s][info][gc,phases,start] GC(677) Phase 2: Prepare for compaction
[299.447s][info][gc,phases      ] GC(677) Phase 2: Prepare for compaction 29.702ms
[299.447s][info][gc,phases,start] GC(677) Phase 3: Adjust pointers
[299.519s][info][gc,phases      ] GC(677) Phase 3: Adjust pointers 71.934ms
[299.519s][info][gc,phases,start] GC(677) Phase 4: Compact heap
[299.543s][info][gc,phases      ] GC(677) Phase 4: Compact heap 23.946ms
[299.547s][info][gc,heap        ] GC(677) Eden regions: 0->0(25)
[299.547s][info][gc,heap        ] GC(677) Survivor regions: 0->0(4)
[299.547s][info][gc,heap        ] GC(677) Old regions: 491->491
[299.547s][info][gc,heap        ] GC(677) Archive regions: 2->2
[299.547s][info][gc,heap        ] GC(677) Humongous regions: 11->11
[299.547s][info][gc,metaspace   ] GC(677) Metaspace: 44201K(45568K)->44201K(45568K) NonClass: 38976K(39936K)->38976K(39936K) Class: 5224K(5632K)->5224K(5632K)
[299.547s][info][gc             ] GC(677) Pause Full (G1 Humongous Allocation) 500M->500M(512M) 351.126ms
[299.549s][info][gc,cpu         ] GC(677) User=2.48s Sys=0.02s Real=0.35s
[299.549s][info][gc,start       ] GC(678) Pause Young (Concurrent Start) (G1 Humongous Allocation)
[299.549s][info][gc,task        ] GC(678) Using 8 workers of 8 for evacuation
[299.550s][info][gc,phases      ] GC(678)   Pre Evacuate Collection Set: 0.1ms
[299.550s][info][gc,phases      ] GC(678)   Merge Heap Roots: 0.0ms
[299.550s][info][gc,phases      ] GC(678)   Evacuate Collection Set: 0.5ms
[299.550s][info][gc,phases      ] GC(678)   Post Evacuate Collection Set: 0.2ms
[299.550s][info][gc,phases      ] GC(678)   Other: 0.1ms
[299.550s][info][gc,heap        ] GC(678) Eden regions: 1->0(24)
[299.550s][info][gc,heap        ] GC(678) Survivor regions: 0->1(4)
[299.550s][info][gc,heap        ] GC(678) Old regions: 491->491
[299.550s][info][gc,heap        ] GC(678) Archive regions: 2->2
[299.550s][info][gc,heap        ] GC(678) Humongous regions: 11->11
[299.550s][info][gc,metaspace   ] GC(678) Metaspace: 44201K(45568K)->44201K(45568K) NonClass: 38976K(39936K)->38976K(39936K) Class: 5224K(5632K)->5224K(5632K)
[299.550s][info][gc             ] GC(678) Pause Young (Concurrent Start) (G1 Humongous Allocation) 500M->500M(512M) 0.884ms
[299.550s][info][gc,cpu         ] GC(678) User=0.00s Sys=0.00s Real=0.00s
[299.550s][info][gc             ] GC(679) Concurrent Cycle
[299.550s][info][gc,marking     ] GC(679) Concurrent Clear Claimed Marks
[299.550s][info][gc,marking     ] GC(679) Concurrent Clear Claimed Marks 0.013ms
[299.550s][info][gc,marking     ] GC(679) Concurrent Scan Root Regions
[299.550s][info][gc,marking     ] GC(679) Concurrent Scan Root Regions 0.090ms
[299.550s][info][gc,marking     ] GC(679) Concurrent Mark (299.550s)
[299.550s][info][gc,marking     ] GC(679) Concurrent Mark From Roots
[299.550s][info][gc,task        ] GC(679) Using 2 workers of 2 for marking
[299.550s][info][gc,start       ] GC(680) Pause Young (Normal) (G1 Humongous Allocation)
[299.550s][info][gc,task        ] GC(680) Using 8 workers of 8 for evacuation
[299.551s][info][gc,phases      ] GC(680)   Pre Evacuate Collection Set: 0.1ms
[299.551s][info][gc,phases      ] GC(680)   Merge Heap Roots: 0.0ms
[299.551s][info][gc,phases      ] GC(680)   Evacuate Collection Set: 0.2ms
[299.551s][info][gc,phases      ] GC(680)   Post Evacuate Collection Set: 0.1ms
[299.551s][info][gc,phases      ] GC(680)   Other: 0.1ms
[299.551s][info][gc,heap        ] GC(680) Eden regions: 0->0(24)
[299.551s][info][gc,heap        ] GC(680) Survivor regions: 1->1(4)
[299.551s][info][gc,heap        ] GC(680) Old regions: 491->491
[299.551s][info][gc,heap        ] GC(680) Archive regions: 2->2
[299.551s][info][gc,heap        ] GC(680) Humongous regions: 11->11
[299.551s][info][gc,metaspace   ] GC(680) Metaspace: 44201K(45568K)->44201K(45568K) NonClass: 38976K(39936K)->38976K(39936K) Class: 5224K(5632K)->5224K(5632K)
[299.551s][info][gc             ] GC(680) Pause Young (Normal) (G1 Humongous Allocation) 500M->500M(512M) 0.561ms
[299.551s][info][gc,cpu         ] GC(680) User=0.00s Sys=0.00s Real=0.00s
[299.551s][info][gc,task        ] GC(681) Using 8 workers of 8 for full compaction
[299.551s][info][gc,start       ] GC(681) Pause Full (G1 Humongous Allocation)
[299.551s][info][gc,phases,start] GC(681) Phase 1: Mark live objects
[299.776s][info][gc,phases      ] GC(681) Phase 1: Mark live objects 224.249ms
[299.776s][info][gc,phases,start] GC(681) Phase 2: Prepare for compaction
[299.806s][info][gc,phases      ] GC(681) Phase 2: Prepare for compaction 30.505ms
[299.806s][info][gc,phases,start] GC(681) Phase 3: Adjust pointers
[299.878s][info][gc,phases      ] GC(681) Phase 3: Adjust pointers 71.809ms
[299.878s][info][gc,phases,start] GC(681) Phase 4: Compact heap
[299.902s][info][gc,phases      ] GC(681) Phase 4: Compact heap 24.464ms
[299.907s][info][gc,heap        ] GC(681) Eden regions: 0->0(25)
[299.907s][info][gc,heap        ] GC(681) Survivor regions: 1->0(4)
[299.907s][info][gc,heap        ] GC(681) Old regions: 491->491
[299.907s][info][gc,heap        ] GC(681) Archive regions: 2->2
[299.907s][info][gc,heap        ] GC(681) Humongous regions: 11->11
[299.907s][info][gc,metaspace   ] GC(681) Metaspace: 44201K(45568K)->44201K(45568K) NonClass: 38976K(39936K)->38976K(39936K) Class: 5224K(5632K)->5224K(5632K)
[299.907s][info][gc             ] GC(681) Pause Full (G1 Humongous Allocation) 500M->500M(512M) 356.385ms
[299.909s][info][gc,cpu         ] GC(681) User=2.48s Sys=0.03s Real=0.36s
[299.909s][info][gc,task        ] GC(682) Using 8 workers of 8 for full compaction
[299.909s][info][gc,start       ] GC(682) Pause Full (G1 Humongous Allocation)
[299.909s][info][gc,phases,start] GC(682) Phase 1: Mark live objects
[300.133s][info][gc,phases      ] GC(682) Phase 1: Mark live objects 223.526ms
[300.133s][info][gc,phases,start] GC(682) Phase 2: Prepare for compaction
[300.162s][info][gc,phases      ] GC(682) Phase 2: Prepare for compaction 29.313ms
[300.162s][info][gc,phases,start] GC(682) Phase 3: Adjust pointers
[300.233s][info][gc,phases      ] GC(682) Phase 3: Adjust pointers 70.830ms
[300.233s][info][gc,phases,start] GC(682) Phase 4: Compact heap
[300.258s][info][gc,phases      ] GC(682) Phase 4: Compact heap 25.329ms
[300.262s][info][gc,heap        ] GC(682) Eden regions: 0->0(25)
[300.263s][info][gc,heap        ] GC(682) Survivor regions: 0->0(4)
[300.263s][info][gc,heap        ] GC(682) Old regions: 491->491
[300.263s][info][gc,heap        ] GC(682) Archive regions: 2->2
[300.263s][info][gc,heap        ] GC(682) Humongous regions: 11->11
[300.263s][info][gc,metaspace   ] GC(682) Metaspace: 44201K(45568K)->44201K(45568K) NonClass: 38976K(39936K)->38976K(39936K) Class: 5224K(5632K)->5224K(5632K)
[300.263s][info][gc             ] GC(682) Pause Full (G1 Humongous Allocation) 500M->500M(512M) 353.569ms
[300.264s][info][gc,cpu         ] GC(682) User=2.45s Sys=0.03s Real=0.35s
[300.264s][info][gc,marking     ] GC(679) Concurrent Mark From Roots 714.138ms
[300.264s][info][gc,marking     ] GC(679) Concurrent Mark Abort
[300.264s][info][gc             ] GC(679) Concurrent Cycle 714.321ms
[300.264s][info][gc,start       ] GC(683) Pause Young (Normal) (G1 Humongous Allocation)
[300.265s][info][gc,task        ] GC(683) Using 8 workers of 8 for evacuation
[300.265s][info][gc,phases      ] GC(683)   Pre Evacuate Collection Set: 0.1ms
[300.265s][info][gc,phases      ] GC(683)   Merge Heap Roots: 0.0ms
[300.265s][info][gc,phases      ] GC(683)   Evacuate Collection Set: 0.2ms
[300.265s][info][gc,phases      ] GC(683)   Post Evacuate Collection Set: 0.2ms
[300.265s][info][gc,phases      ] GC(683)   Other: 0.1ms
[300.265s][info][gc,heap        ] GC(683) Eden regions: 1->0(24)
[300.265s][info][gc,heap        ] GC(683) Survivor regions: 0->1(4)
[300.265s][info][gc,heap        ] GC(683) Old regions: 491->491
[300.265s][info][gc,heap        ] GC(683) Archive regions: 2->2
[300.265s][info][gc,heap        ] GC(683) Humongous regions: 11->11
[300.265s][info][gc,metaspace   ] GC(683) Metaspace: 44201K(45568K)->44201K(45568K) NonClass: 38976K(39936K)->38976K(39936K) Class: 5224K(5632K)->5224K(5632K)
[300.265s][info][gc             ] GC(683) Pause Young (Normal) (G1 Humongous Allocation) 500M->500M(512M) 0.571ms
[300.265s][info][gc,cpu         ] GC(683) User=0.00s Sys=0.00s Real=0.00s
[300.265s][info][gc,task        ] GC(684) Using 8 workers of 8 for full compaction
[300.265s][info][gc,start       ] GC(684) Pause Full (G1 Humongous Allocation)
[300.265s][info][gc,phases,start] GC(684) Phase 1: Mark live objects
[300.493s][info][gc,phases      ] GC(684) Phase 1: Mark live objects 227.704ms
[300.493s][info][gc,phases,start] GC(684) Phase 2: Prepare for compaction
[300.522s][info][gc,phases      ] GC(684) Phase 2: Prepare for compaction 29.472ms
[300.522s][info][gc,phases,start] GC(684) Phase 3: Adjust pointers
[300.593s][info][gc,phases      ] GC(684) Phase 3: Adjust pointers 70.319ms
[300.593s][info][gc,phases,start] GC(684) Phase 4: Compact heap
[300.623s][info][gc,phases      ] GC(684) Phase 4: Compact heap 30.148ms
[300.627s][info][gc,heap        ] GC(684) Eden regions: 0->0(25)
[300.627s][info][gc,heap        ] GC(684) Survivor regions: 1->0(4)
[300.627s][info][gc,heap        ] GC(684) Old regions: 491->491
[300.627s][info][gc,heap        ] GC(684) Archive regions: 2->2
[300.627s][info][gc,heap        ] GC(684) Humongous regions: 11->11
[300.627s][info][gc,metaspace   ] GC(684) Metaspace: 44201K(45568K)->44201K(45568K) NonClass: 38976K(39936K)->38976K(39936K) Class: 5224K(5632K)->5224K(5632K)
[300.628s][info][gc             ] GC(684) Pause Full (G1 Humongous Allocation) 500M->500M(512M) 362.397ms
[300.629s][info][gc,cpu         ] GC(684) User=2.50s Sys=0.04s Real=0.37s
[300.629s][info][gc,task        ] GC(685) Using 8 workers of 8 for full compaction
[300.629s][info][gc,start       ] GC(685) Pause Full (G1 Humongous Allocation)
[300.629s][info][gc,phases,start] GC(685) Phase 1: Mark live objects
[300.847s][info][gc,phases      ] GC(685) Phase 1: Mark live objects 218.529ms
[300.847s][info][gc,phases,start] GC(685) Phase 2: Prepare for compaction
[300.877s][info][gc,phases      ] GC(685) Phase 2: Prepare for compaction 29.902ms
[300.877s][info][gc,phases,start] GC(685) Phase 3: Adjust pointers
[300.968s][info][gc,phases      ] GC(685) Phase 3: Adjust pointers 90.296ms
[300.968s][info][gc,phases,start] GC(685) Phase 4: Compact heap
[301.011s][info][gc,phases      ] GC(685) Phase 4: Compact heap 43.434ms
[301.016s][info][gc,heap        ] GC(685) Eden regions: 0->0(25)
[301.016s][info][gc,heap        ] GC(685) Survivor regions: 0->0(4)
[301.016s][info][gc,heap        ] GC(685) Old regions: 491->491
[301.016s][info][gc,heap        ] GC(685) Archive regions: 2->2
[301.016s][info][gc,heap        ] GC(685) Humongous regions: 11->11
[301.016s][info][gc,metaspace   ] GC(685) Metaspace: 44201K(45568K)->44201K(45568K) NonClass: 38976K(39936K)->38976K(39936K) Class: 5224K(5632K)->5224K(5632K)
[301.016s][info][gc             ] GC(685) Pause Full (G1 Humongous Allocation) 500M->500M(512M) 387.519ms
[301.019s][info][gc,cpu         ] GC(685) User=2.47s Sys=0.03s Real=0.39s
[301.019s][info][gc,start       ] GC(686) Pause Young (Concurrent Start) (G1 Humongous Allocation)
[301.019s][info][gc,task        ] GC(686) Using 8 workers of 8 for evacuation
[301.020s][info][gc,phases      ] GC(686)   Pre Evacuate Collection Set: 0.1ms
[301.020s][info][gc,phases      ] GC(686)   Merge Heap Roots: 0.0ms
[301.020s][info][gc,phases      ] GC(686)   Evacuate Collection Set: 0.6ms
[301.020s][info][gc,phases      ] GC(686)   Post Evacuate Collection Set: 0.2ms
[301.020s][info][gc,phases      ] GC(686)   Other: 0.1ms
[301.020s][info][gc,heap        ] GC(686) Eden regions: 1->0(24)
[301.020s][info][gc,heap        ] GC(686) Survivor regions: 0->1(4)
[301.020s][info][gc,heap        ] GC(686) Old regions: 491->491
[301.020s][info][gc,heap        ] GC(686) Archive regions: 2->2
[301.020s][info][gc,heap        ] GC(686) Humongous regions: 11->11
[301.020s][info][gc,metaspace   ] GC(686) Metaspace: 44201K(45568K)->44201K(45568K) NonClass: 38976K(39936K)->38976K(39936K) Class: 5224K(5632K)->5224K(5632K)
[301.020s][info][gc             ] GC(686) Pause Young (Concurrent Start) (G1 Humongous Allocation) 500M->500M(512M) 1.046ms
[301.020s][info][gc,cpu         ] GC(686) User=0.00s Sys=0.00s Real=0.00s
[301.020s][info][gc,task        ] GC(687) Using 8 workers of 8 for full compaction
[301.020s][info][gc,start       ] GC(687) Pause Full (G1 Humongous Allocation)
[301.020s][info][gc             ] GC(688) Concurrent Cycle
[301.020s][info][gc,marking     ] GC(688) Concurrent Clear Claimed Marks
[301.020s][info][gc,marking     ] GC(688) Concurrent Clear Claimed Marks 0.019ms
[301.020s][info][gc,marking     ] GC(688) Concurrent Scan Root Regions
[301.020s][info][gc,marking     ] GC(688) Concurrent Scan Root Regions 0.015ms
[301.020s][info][gc,marking     ] GC(688) Concurrent Mark (301.020s)
[301.020s][info][gc,marking     ] GC(688) Concurrent Mark From Roots
[301.020s][info][gc,task        ] GC(688) Using 2 workers of 2 for marking
[301.021s][info][gc,phases,start] GC(687) Phase 1: Mark live objects
[301.319s][info][gc,phases      ] GC(687) Phase 1: Mark live objects 298.573ms
[301.320s][info][gc,phases,start] GC(687) Phase 2: Prepare for compaction
[301.352s][info][gc,phases      ] GC(687) Phase 2: Prepare for compaction 32.029ms
[301.352s][info][gc,phases,start] GC(687) Phase 3: Adjust pointers
[301.421s][info][gc,phases      ] GC(687) Phase 3: Adjust pointers 69.642ms
[301.421s][info][gc,phases,start] GC(687) Phase 4: Compact heap
[301.448s][info][gc,phases      ] GC(687) Phase 4: Compact heap 27.146ms
[301.453s][info][gc,heap        ] GC(687) Eden regions: 0->0(25)
[301.453s][info][gc,heap        ] GC(687) Survivor regions: 1->0(4)
[301.453s][info][gc,heap        ] GC(687) Old regions: 491->491
[301.453s][info][gc,heap        ] GC(687) Archive regions: 2->2
[301.453s][info][gc,heap        ] GC(687) Humongous regions: 11->11
[301.453s][info][gc,metaspace   ] GC(687) Metaspace: 44201K(45568K)->44201K(45568K) NonClass: 38976K(39936K)->38976K(39936K) Class: 5224K(5632K)->5224K(5632K)
[301.453s][info][gc             ] GC(687) Pause Full (G1 Humongous Allocation) 500M->500M(512M) 432.378ms
[301.454s][info][gc,cpu         ] GC(687) User=2.49s Sys=0.03s Real=0.43s
[301.454s][info][gc,task        ] GC(689) Using 8 workers of 8 for full compaction
[301.454s][info][gc,start       ] GC(689) Pause Full (G1 Humongous Allocation)
[301.454s][info][gc,phases,start] GC(689) Phase 1: Mark live objects
[301.678s][info][gc,phases      ] GC(689) Phase 1: Mark live objects 224.184ms
[301.678s][info][gc,phases,start] GC(689) Phase 2: Prepare for compaction
[301.708s][info][gc,phases      ] GC(689) Phase 2: Prepare for compaction 29.858ms
[301.708s][info][gc,phases,start] GC(689) Phase 3: Adjust pointers
[301.780s][info][gc,phases      ] GC(689) Phase 3: Adjust pointers 71.500ms
[301.780s][info][gc,phases,start] GC(689) Phase 4: Compact heap
[301.807s][info][gc,phases      ] GC(689) Phase 4: Compact heap 27.652ms
[301.812s][info][gc,heap        ] GC(689) Eden regions: 0->0(25)
[301.812s][info][gc,heap        ] GC(689) Survivor regions: 0->0(4)
[301.812s][info][gc,heap        ] GC(689) Old regions: 491->491
[301.812s][info][gc,heap        ] GC(689) Archive regions: 2->2
[301.812s][info][gc,heap        ] GC(689) Humongous regions: 11->11
[301.812s][info][gc,metaspace   ] GC(689) Metaspace: 44201K(45568K)->44201K(45568K) NonClass: 38976K(39936K)->38976K(39936K) Class: 5224K(5632K)->5224K(5632K)
[301.812s][info][gc             ] GC(689) Pause Full (G1 Humongous Allocation) 500M->500M(512M) 357.751ms
[301.813s][info][gc,cpu         ] GC(689) User=2.48s Sys=0.02s Real=0.36s
[301.813s][info][gc,marking     ] GC(688) Concurrent Mark From Roots 792.960ms
[301.813s][info][gc,marking     ] GC(688) Concurrent Mark Abort
[301.813s][info][gc             ] GC(688) Concurrent Cycle 793.111ms
[301.814s][info][gc,start       ] GC(690) Pause Young (Concurrent Start) (G1 Humongous Allocation)
[301.814s][info][gc,task        ] GC(690) Using 8 workers of 8 for evacuation
[301.815s][info][gc,phases      ] GC(690)   Pre Evacuate Collection Set: 0.1ms
[301.815s][info][gc,phases      ] GC(690)   Merge Heap Roots: 0.0ms
[301.815s][info][gc,phases      ] GC(690)   Evacuate Collection Set: 0.5ms
[301.815s][info][gc,phases      ] GC(690)   Post Evacuate Collection Set: 0.2ms
[301.815s][info][gc,phases      ] GC(690)   Other: 0.2ms
[301.815s][info][gc,heap        ] GC(690) Eden regions: 1->0(24)
[301.815s][info][gc,heap        ] GC(690) Survivor regions: 0->1(4)
[301.815s][info][gc,heap        ] GC(690) Old regions: 491->491
[301.815s][info][gc,heap        ] GC(690) Archive regions: 2->2
[301.815s][info][gc,heap        ] GC(690) Humongous regions: 11->11
[301.815s][info][gc,metaspace   ] GC(690) Metaspace: 44204K(45568K)->44204K(45568K) NonClass: 38979K(39936K)->38979K(39936K) Class: 5224K(5632K)->5224K(5632K)
[301.815s][info][gc             ] GC(690) Pause Young (Concurrent Start) (G1 Humongous Allocation) 501M->500M(512M) 1.125ms
[301.815s][info][gc,cpu         ] GC(690) User=0.00s Sys=0.00s Real=0.00s
[301.815s][info][gc             ] GC(691) Concurrent Cycle
[301.815s][info][gc,marking     ] GC(691) Concurrent Clear Claimed Marks
[301.815s][info][gc,marking     ] GC(691) Concurrent Clear Claimed Marks 0.017ms
[301.815s][info][gc,marking     ] GC(691) Concurrent Scan Root Regions
[301.816s][info][gc,marking     ] GC(691) Concurrent Scan Root Regions 0.794ms
[301.816s][info][gc,marking     ] GC(691) Concurrent Mark (301.816s)
[301.816s][info][gc,marking     ] GC(691) Concurrent Mark From Roots
[301.816s][info][gc,task        ] GC(691) Using 2 workers of 2 for marking
[301.816s][info][gc,start       ] GC(692) Pause Young (Normal) (G1 Humongous Allocation)
[301.816s][info][gc,task        ] GC(692) Using 8 workers of 8 for evacuation
[301.817s][info][gc,phases      ] GC(692)   Pre Evacuate Collection Set: 0.4ms
[301.817s][info][gc,phases      ] GC(692)   Merge Heap Roots: 0.0ms
[301.817s][info][gc,phases      ] GC(692)   Evacuate Collection Set: 0.3ms
[301.817s][info][gc,phases      ] GC(692)   Post Evacuate Collection Set: 0.2ms
[301.817s][info][gc,phases      ] GC(692)   Other: 0.1ms
[301.817s][info][gc,heap        ] GC(692) Eden regions: 1->0(24)
[301.817s][info][gc,heap        ] GC(692) Survivor regions: 1->1(4)
[301.817s][info][gc,heap        ] GC(692) Old regions: 491->491
[301.817s][info][gc,heap        ] GC(692) Archive regions: 2->2
[301.817s][info][gc,heap        ] GC(692) Humongous regions: 11->11
[301.817s][info][gc,metaspace   ] GC(692) Metaspace: 44204K(45568K)->44204K(45568K) NonClass: 38979K(39936K)->38979K(39936K) Class: 5224K(5632K)->5224K(5632K)
[301.817s][info][gc             ] GC(692) Pause Young (Normal) (G1 Humongous Allocation) 501M->500M(512M) 0.951ms
[301.817s][info][gc,cpu         ] GC(692) User=0.00s Sys=0.01s Real=0.00s
[301.817s][info][gc,task        ] GC(693) Using 8 workers of 8 for full compaction
[301.817s][info][gc,start       ] GC(693) Pause Full (G1 Humongous Allocation)
[301.818s][info][gc,phases,start] GC(693) Phase 1: Mark live objects
[302.053s][info][gc,phases      ] GC(693) Phase 1: Mark live objects 235.022ms
[302.053s][info][gc,phases,start] GC(693) Phase 2: Prepare for compaction
[302.085s][info][gc,phases      ] GC(693) Phase 2: Prepare for compaction 31.713ms
[302.085s][info][gc,phases,start] GC(693) Phase 3: Adjust pointers
[302.160s][info][gc,phases      ] GC(693) Phase 3: Adjust pointers 74.985ms
[302.160s][info][gc,phases,start] GC(693) Phase 4: Compact heap
[302.188s][info][gc,phases      ] GC(693) Phase 4: Compact heap 28.349ms
[302.193s][info][gc,heap        ] GC(693) Eden regions: 0->0(25)
[302.193s][info][gc,heap        ] GC(693) Survivor regions: 1->0(4)
[302.193s][info][gc,heap        ] GC(693) Old regions: 491->490
[302.193s][info][gc,heap        ] GC(693) Archive regions: 2->2
[302.193s][info][gc,heap        ] GC(693) Humongous regions: 11->11
[302.193s][info][gc,metaspace   ] GC(693) Metaspace: 44204K(45568K)->44204K(45568K) NonClass: 38979K(39936K)->38979K(39936K) Class: 5224K(5632K)->5224K(5632K)
[302.193s][info][gc             ] GC(693) Pause Full (G1 Humongous Allocation) 500M->500M(512M) 375.383ms
[302.194s][info][gc,cpu         ] GC(693) User=2.57s Sys=0.02s Real=0.37s
[302.194s][info][gc,task        ] GC(694) Using 8 workers of 8 for full compaction
[302.194s][info][gc,start       ] GC(694) Pause Full (G1 Humongous Allocation)
[302.194s][info][gc,phases,start] GC(694) Phase 1: Mark live objects
[302.418s][info][gc,phases      ] GC(694) Phase 1: Mark live objects 224.026ms
[302.418s][info][gc,phases,start] GC(694) Phase 2: Prepare for compaction
[302.449s][info][gc,phases      ] GC(694) Phase 2: Prepare for compaction 30.641ms
[302.449s][info][gc,phases,start] GC(694) Phase 3: Adjust pointers
[302.518s][info][gc,phases      ] GC(694) Phase 3: Adjust pointers 69.280ms
[302.518s][info][gc,phases,start] GC(694) Phase 4: Compact heap
[302.544s][info][gc,phases      ] GC(694) Phase 4: Compact heap 25.453ms
[302.549s][info][gc,heap        ] GC(694) Eden regions: 0->0(25)
[302.549s][info][gc,heap        ] GC(694) Survivor regions: 0->0(4)
[302.549s][info][gc,heap        ] GC(694) Old regions: 490->490
[302.549s][info][gc,heap        ] GC(694) Archive regions: 2->2
[302.549s][info][gc,heap        ] GC(694) Humongous regions: 11->11
[302.549s][info][gc,metaspace   ] GC(694) Metaspace: 44204K(45568K)->44204K(45568K) NonClass: 38979K(39936K)->38979K(39936K) Class: 5224K(5632K)->5224K(5632K)
[302.549s][info][gc             ] GC(694) Pause Full (G1 Humongous Allocation) 500M->500M(512M) 354.380ms
[302.550s][info][gc,cpu         ] GC(694) User=2.51s Sys=0.04s Real=0.36s
[302.551s][info][gc,marking     ] GC(691) Concurrent Mark From Roots 734.511ms
[302.551s][info][gc,marking     ] GC(691) Concurrent Mark Abort
[302.551s][info][gc             ] GC(691) Concurrent Cycle 735.444ms
[302.553s][info][gc,start       ] GC(695) Pause Young (Concurrent Start) (G1 Humongous Allocation)
[302.553s][info][gc,task        ] GC(695) Using 8 workers of 8 for evacuation
[302.554s][info][gc,phases      ] GC(695)   Pre Evacuate Collection Set: 0.2ms
[302.554s][info][gc,phases      ] GC(695)   Merge Heap Roots: 0.0ms
[302.554s][info][gc,phases      ] GC(695)   Evacuate Collection Set: 0.5ms
[302.554s][info][gc,phases      ] GC(695)   Post Evacuate Collection Set: 0.3ms
[302.554s][info][gc,phases      ] GC(695)   Other: 0.2ms
[302.554s][info][gc,heap        ] GC(695) Eden regions: 3->0(24)
[302.554s][info][gc,heap        ] GC(695) Survivor regions: 0->1(4)
[302.554s][info][gc,heap        ] GC(695) Old regions: 490->490
[302.554s][info][gc,heap        ] GC(695) Archive regions: 2->2
[302.554s][info][gc,heap        ] GC(695) Humongous regions: 11->11
[302.554s][info][gc,metaspace   ] GC(695) Metaspace: 44233K(45568K)->44233K(45568K) NonClass: 39004K(39936K)->39004K(39936K) Class: 5228K(5632K)->5228K(5632K)
[302.554s][info][gc             ] GC(695) Pause Young (Concurrent Start) (G1 Humongous Allocation) 502M->500M(512M) 1.265ms
[302.554s][info][gc,cpu         ] GC(695) User=0.00s Sys=0.00s Real=0.00s
[302.554s][info][gc             ] GC(696) Concurrent Cycle
[302.554s][info][gc,marking     ] GC(696) Concurrent Clear Claimed Marks
[302.554s][info][gc,marking     ] GC(696) Concurrent Clear Claimed Marks 0.015ms
[302.554s][info][gc,marking     ] GC(696) Concurrent Scan Root Regions
[302.555s][info][gc,marking     ] GC(696) Concurrent Scan Root Regions 0.777ms
[302.555s][info][gc,marking     ] GC(696) Concurrent Mark (302.555s)
[302.555s][info][gc,marking     ] GC(696) Concurrent Mark From Roots
[302.555s][info][gc,task        ] GC(696) Using 2 workers of 2 for marking
[302.555s][info][gc,start       ] GC(697) Pause Young (Normal) (G1 Humongous Allocation)
[302.555s][info][gc,task        ] GC(697) Using 8 workers of 8 for evacuation
[302.556s][info][gc,phases      ] GC(697)   Pre Evacuate Collection Set: 0.6ms
[302.556s][info][gc,phases      ] GC(697)   Merge Heap Roots: 0.0ms
[302.556s][info][gc,phases      ] GC(697)   Evacuate Collection Set: 0.4ms
[302.556s][info][gc,phases      ] GC(697)   Post Evacuate Collection Set: 0.3ms
[302.556s][info][gc,phases      ] GC(697)   Other: 0.1ms
[302.556s][info][gc,heap        ] GC(697) Eden regions: 0->0(24)
[302.556s][info][gc,heap        ] GC(697) Survivor regions: 1->1(4)
[302.556s][info][gc,heap        ] GC(697) Old regions: 490->490
[302.556s][info][gc,heap        ] GC(697) Archive regions: 2->2
[302.556s][info][gc,heap        ] GC(697) Humongous regions: 11->11
[302.556s][info][gc,metaspace   ] GC(697) Metaspace: 44233K(45568K)->44233K(45568K) NonClass: 39004K(39936K)->39004K(39936K) Class: 5228K(5632K)->5228K(5632K)
[302.556s][info][gc             ] GC(697) Pause Young (Normal) (G1 Humongous Allocation) 500M->500M(512M) 0.867ms
[302.556s][info][gc,cpu         ] GC(697) User=0.00s Sys=0.00s Real=0.01s
[302.556s][info][gc,task        ] GC(698) Using 8 workers of 8 for full compaction
[302.556s][info][gc,start       ] GC(698) Pause Full (G1 Humongous Allocation)
[302.556s][info][gc,phases,start] GC(698) Phase 1: Mark live objects
[302.779s][info][gc,phases      ] GC(698) Phase 1: Mark live objects 222.356ms
[302.779s][info][gc,phases,start] GC(698) Phase 2: Prepare for compaction
[302.811s][info][gc,phases      ] GC(698) Phase 2: Prepare for compaction 31.997ms
[302.811s][info][gc,phases,start] GC(698) Phase 3: Adjust pointers
[302.882s][info][gc,phases      ] GC(698) Phase 3: Adjust pointers 71.279ms
[302.882s][info][gc,phases,start] GC(698) Phase 4: Compact heap
[302.913s][info][gc,phases      ] GC(698) Phase 4: Compact heap 30.928ms
[302.918s][info][gc,heap        ] GC(698) Eden regions: 0->0(25)
[302.918s][info][gc,heap        ] GC(698) Survivor regions: 1->0(4)
[302.918s][info][gc,heap        ] GC(698) Old regions: 490->491
[302.918s][info][gc,heap        ] GC(698) Archive regions: 2->2
[302.918s][info][gc,heap        ] GC(698) Humongous regions: 11->11
[302.918s][info][gc,metaspace   ] GC(698) Metaspace: 44233K(45568K)->44233K(45568K) NonClass: 39004K(39936K)->39004K(39936K) Class: 5228K(5632K)->5228K(5632K)
[302.918s][info][gc             ] GC(698) Pause Full (G1 Humongous Allocation) 500M->499M(512M) 361.983ms
[302.919s][info][gc,cpu         ] GC(698) User=2.56s Sys=0.03s Real=0.36s
[302.919s][info][gc,task        ] GC(699) Using 8 workers of 8 for full compaction
[302.919s][info][gc,start       ] GC(699) Pause Full (G1 Humongous Allocation)
[302.919s][info][gc,phases,start] GC(699) Phase 1: Mark live objects
[303.141s][info][gc,phases      ] GC(699) Phase 1: Mark live objects 222.146ms
[303.141s][info][gc,phases,start] GC(699) Phase 2: Prepare for compaction
[303.172s][info][gc,phases      ] GC(699) Phase 2: Prepare for compaction 30.452ms
[303.172s][info][gc,phases,start] GC(699) Phase 3: Adjust pointers
[303.247s][info][gc,phases      ] GC(699) Phase 3: Adjust pointers 75.322ms
[303.247s][info][gc,phases,start] GC(699) Phase 4: Compact heap
[303.274s][info][gc,phases      ] GC(699) Phase 4: Compact heap 27.224ms
[303.279s][info][gc,heap        ] GC(699) Eden regions: 0->0(25)
[303.279s][info][gc,heap        ] GC(699) Survivor regions: 0->0(4)
[303.279s][info][gc,heap        ] GC(699) Old regions: 491->491
[303.279s][info][gc,heap        ] GC(699) Archive regions: 2->2
[303.279s][info][gc,heap        ] GC(699) Humongous regions: 11->11
[303.279s][info][gc,metaspace   ] GC(699) Metaspace: 44233K(45568K)->44229K(45568K) NonClass: 39004K(39936K)->39001K(39936K) Class: 5228K(5632K)->5227K(5632K)
[303.279s][info][gc             ] GC(699) Pause Full (G1 Humongous Allocation) 499M->499M(512M) 359.849ms
[303.280s][info][gc,cpu         ] GC(699) User=2.50s Sys=0.02s Real=0.36s
[303.280s][info][gc,marking     ] GC(696) Concurrent Mark From Roots 725.195ms
[303.281s][info][gc,marking     ] GC(696) Concurrent Mark Abort
[303.281s][info][gc             ] GC(696) Concurrent Cycle 726.705ms
[303.281s][info][gc,start       ] GC(700) Pause Young (Normal) (G1 Humongous Allocation)
[303.281s][info][gc,task        ] GC(700) Using 8 workers of 8 for evacuation
[303.282s][info][gc,phases      ] GC(700)   Pre Evacuate Collection Set: 0.1ms
[303.282s][info][gc,phases      ] GC(700)   Merge Heap Roots: 0.0ms
[303.282s][info][gc,phases      ] GC(700)   Evacuate Collection Set: 0.2ms
[303.282s][info][gc,phases      ] GC(700)   Post Evacuate Collection Set: 0.1ms
[303.282s][info][gc,phases      ] GC(700)   Other: 0.1ms
[303.282s][info][gc,heap        ] GC(700) Eden regions: 1->0(24)
[303.282s][info][gc,heap        ] GC(700) Survivor regions: 0->1(4)
[303.282s][info][gc,heap        ] GC(700) Old regions: 491->491
[303.282s][info][gc,heap        ] GC(700) Archive regions: 2->2
[303.282s][info][gc,heap        ] GC(700) Humongous regions: 11->11
[303.282s][info][gc,metaspace   ] GC(700) Metaspace: 44229K(45568K)->44229K(45568K) NonClass: 39001K(39936K)->39001K(39936K) Class: 5227K(5632K)->5227K(5632K)
[303.282s][info][gc             ] GC(700) Pause Young (Normal) (G1 Humongous Allocation) 499M->499M(512M) 0.515ms
[303.282s][info][gc,cpu         ] GC(700) User=0.00s Sys=0.00s Real=0.00s
[303.282s][info][gc,task        ] GC(701) Using 8 workers of 8 for full compaction
[303.282s][info][gc,start       ] GC(701) Pause Full (G1 Humongous Allocation)
[303.282s][info][gc,phases,start] GC(701) Phase 1: Mark live objects
[303.500s][info][gc,phases      ] GC(701) Phase 1: Mark live objects 218.565ms
[303.500s][info][gc,phases,start] GC(701) Phase 2: Prepare for compaction
[303.529s][info][gc,phases      ] GC(701) Phase 2: Prepare for compaction 28.889ms
[303.529s][info][gc,phases,start] GC(701) Phase 3: Adjust pointers
[303.599s][info][gc,phases      ] GC(701) Phase 3: Adjust pointers 69.463ms
[303.599s][info][gc,phases,start] GC(701) Phase 4: Compact heap
[303.624s][info][gc,phases      ] GC(701) Phase 4: Compact heap 24.994ms
[303.629s][info][gc,heap        ] GC(701) Eden regions: 0->0(25)
[303.629s][info][gc,heap        ] GC(701) Survivor regions: 1->0(4)
[303.629s][info][gc,heap        ] GC(701) Old regions: 491->490
[303.629s][info][gc,heap        ] GC(701) Archive regions: 2->2
[303.629s][info][gc,heap        ] GC(701) Humongous regions: 11->11
[303.629s][info][gc,metaspace   ] GC(701) Metaspace: 44229K(45568K)->44229K(45568K) NonClass: 39001K(39936K)->39001K(39936K) Class: 5227K(5632K)->5227K(5632K)
[303.629s][info][gc             ] GC(701) Pause Full (G1 Humongous Allocation) 499M->499M(512M) 346.944ms
[303.630s][info][gc,cpu         ] GC(701) User=2.46s Sys=0.03s Real=0.35s
[303.630s][info][gc,task        ] GC(702) Using 8 workers of 8 for full compaction
[303.630s][info][gc,start       ] GC(702) Pause Full (G1 Humongous Allocation)
[303.630s][info][gc,phases,start] GC(702) Phase 1: Mark live objects
[303.851s][info][gc,phases      ] GC(702) Phase 1: Mark live objects 220.109ms
[303.851s][info][gc,phases,start] GC(702) Phase 2: Prepare for compaction
[303.880s][info][gc,phases      ] GC(702) Phase 2: Prepare for compaction 29.080ms
[303.880s][info][gc,phases,start] GC(702) Phase 3: Adjust pointers
[303.952s][info][gc,phases      ] GC(702) Phase 3: Adjust pointers 71.967ms
[303.952s][info][gc,phases,start] GC(702) Phase 4: Compact heap
[303.978s][info][gc,phases      ] GC(702) Phase 4: Compact heap 26.104ms
[303.982s][info][gc,heap        ] GC(702) Eden regions: 0->0(25)
[303.982s][info][gc,heap        ] GC(702) Survivor regions: 0->0(4)
[303.982s][info][gc,heap        ] GC(702) Old regions: 490->490
[303.982s][info][gc,heap        ] GC(702) Archive regions: 2->2
[303.982s][info][gc,heap        ] GC(702) Humongous regions: 11->11
[303.982s][info][gc,metaspace   ] GC(702) Metaspace: 44229K(45568K)->44229K(45568K) NonClass: 39001K(39936K)->39001K(39936K) Class: 5227K(5632K)->5227K(5632K)
[303.982s][info][gc             ] GC(702) Pause Full (G1 Humongous Allocation) 499M->499M(512M) 351.779ms
[303.984s][info][gc,cpu         ] GC(702) User=2.50s Sys=0.04s Real=0.35s
[303.985s][info][gc,start       ] GC(703) Pause Young (Concurrent Start) (G1 Humongous Allocation)
[303.985s][info][gc,task        ] GC(703) Using 8 workers of 8 for evacuation
[303.986s][info][gc,phases      ] GC(703)   Pre Evacuate Collection Set: 0.1ms
[303.986s][info][gc,phases      ] GC(703)   Merge Heap Roots: 0.0ms
[303.986s][info][gc,phases      ] GC(703)   Evacuate Collection Set: 0.5ms
[303.986s][info][gc,phases      ] GC(703)   Post Evacuate Collection Set: 0.2ms
[303.986s][info][gc,phases      ] GC(703)   Other: 0.1ms
[303.986s][info][gc,heap        ] GC(703) Eden regions: 1->0(24)
[303.986s][info][gc,heap        ] GC(703) Survivor regions: 0->1(4)
[303.986s][info][gc,heap        ] GC(703) Old regions: 490->490
[303.986s][info][gc,heap        ] GC(703) Archive regions: 2->2
[303.986s][info][gc,heap        ] GC(703) Humongous regions: 11->11
[303.986s][info][gc,metaspace   ] GC(703) Metaspace: 44229K(45568K)->44229K(45568K) NonClass: 39001K(39936K)->39001K(39936K) Class: 5227K(5632K)->5227K(5632K)
[303.986s][info][gc             ] GC(703) Pause Young (Concurrent Start) (G1 Humongous Allocation) 500M->499M(512M) 0.925ms
[303.986s][info][gc,cpu         ] GC(703) User=0.00s Sys=0.00s Real=0.01s
[303.986s][info][gc             ] GC(704) Concurrent Cycle
[303.986s][info][gc,marking     ] GC(704) Concurrent Clear Claimed Marks
[303.986s][info][gc,marking     ] GC(704) Concurrent Clear Claimed Marks 0.012ms
[303.986s][info][gc,marking     ] GC(704) Concurrent Scan Root Regions
[303.986s][info][gc,marking     ] GC(704) Concurrent Scan Root Regions 0.429ms
[303.986s][info][gc,marking     ] GC(704) Concurrent Mark (303.986s)
[303.986s][info][gc,marking     ] GC(704) Concurrent Mark From Roots
[303.986s][info][gc,task        ] GC(704) Using 2 workers of 2 for marking
[303.986s][info][gc,start       ] GC(705) Pause Young (Normal) (G1 Humongous Allocation)
[303.986s][info][gc,task        ] GC(705) Using 8 workers of 8 for evacuation
[303.987s][info][gc,phases      ] GC(705)   Pre Evacuate Collection Set: 0.1ms
[303.987s][info][gc,phases      ] GC(705)   Merge Heap Roots: 0.0ms
[303.987s][info][gc,phases      ] GC(705)   Evacuate Collection Set: 0.2ms
[303.987s][info][gc,phases      ] GC(705)   Post Evacuate Collection Set: 0.2ms
[303.987s][info][gc,phases      ] GC(705)   Other: 0.1ms
[303.987s][info][gc,heap        ] GC(705) Eden regions: 0->0(24)
[303.987s][info][gc,heap        ] GC(705) Survivor regions: 1->1(4)
[303.987s][info][gc,heap        ] GC(705) Old regions: 490->490
[303.987s][info][gc,heap        ] GC(705) Archive regions: 2->2
[303.987s][info][gc,heap        ] GC(705) Humongous regions: 11->11
[303.987s][info][gc,metaspace   ] GC(705) Metaspace: 44229K(45568K)->44229K(45568K) NonClass: 39001K(39936K)->39001K(39936K) Class: 5227K(5632K)->5227K(5632K)
[303.987s][info][gc             ] GC(705) Pause Young (Normal) (G1 Humongous Allocation) 499M->499M(512M) 0.640ms
[303.987s][info][gc,cpu         ] GC(705) User=0.01s Sys=0.00s Real=0.00s
[303.987s][info][gc,task        ] GC(706) Using 8 workers of 8 for full compaction
[303.987s][info][gc,start       ] GC(706) Pause Full (G1 Humongous Allocation)
[303.988s][info][gc,phases,start] GC(706) Phase 1: Mark live objects
[304.211s][info][gc,phases      ] GC(706) Phase 1: Mark live objects 223.569ms
[304.211s][info][gc,phases,start] GC(706) Phase 2: Prepare for compaction
[304.241s][info][gc,phases      ] GC(706) Phase 2: Prepare for compaction 29.259ms
[304.241s][info][gc,phases,start] GC(706) Phase 3: Adjust pointers
[304.311s][info][gc,phases      ] GC(706) Phase 3: Adjust pointers 70.712ms
[304.311s][info][gc,phases,start] GC(706) Phase 4: Compact heap
[304.338s][info][gc,phases      ] GC(706) Phase 4: Compact heap 27.089ms
[304.343s][info][gc,heap        ] GC(706) Eden regions: 0->0(25)
[304.343s][info][gc,heap        ] GC(706) Survivor regions: 1->0(4)
[304.343s][info][gc,heap        ] GC(706) Old regions: 490->490
[304.343s][info][gc,heap        ] GC(706) Archive regions: 2->2
[304.343s][info][gc,heap        ] GC(706) Humongous regions: 11->11
[304.343s][info][gc,metaspace   ] GC(706) Metaspace: 44229K(45568K)->44229K(45568K) NonClass: 39001K(39936K)->39001K(39936K) Class: 5227K(5632K)->5227K(5632K)
[304.343s][info][gc             ] GC(706) Pause Full (G1 Humongous Allocation) 499M->499M(512M) 355.748ms
[304.344s][info][gc,cpu         ] GC(706) User=2.49s Sys=0.03s Real=0.35s
[304.345s][info][gc,task        ] GC(707) Using 8 workers of 8 for full compaction
[304.345s][info][gc,start       ] GC(707) Pause Full (G1 Humongous Allocation)
[304.345s][info][gc,phases,start] GC(707) Phase 1: Mark live objects
[304.563s][info][gc,phases      ] GC(707) Phase 1: Mark live objects 218.011ms
[304.563s][info][gc,phases,start] GC(707) Phase 2: Prepare for compaction
[304.594s][info][gc,phases      ] GC(707) Phase 2: Prepare for compaction 30.927ms
[304.594s][info][gc,phases,start] GC(707) Phase 3: Adjust pointers
[304.674s][info][gc,phases      ] GC(707) Phase 3: Adjust pointers 80.684ms
[304.674s][info][gc,phases,start] GC(707) Phase 4: Compact heap
[304.700s][info][gc,phases      ] GC(707) Phase 4: Compact heap 25.302ms
[304.704s][info][gc,heap        ] GC(707) Eden regions: 0->0(25)
[304.704s][info][gc,heap        ] GC(707) Survivor regions: 0->0(4)
[304.704s][info][gc,heap        ] GC(707) Old regions: 490->490
[304.704s][info][gc,heap        ] GC(707) Archive regions: 2->2
[304.704s][info][gc,heap        ] GC(707) Humongous regions: 11->11
[304.704s][info][gc,metaspace   ] GC(707) Metaspace: 44229K(45568K)->44229K(45568K) NonClass: 39001K(39936K)->39001K(39936K) Class: 5227K(5632K)->5227K(5632K)
[304.704s][info][gc             ] GC(707) Pause Full (G1 Humongous Allocation) 499M->499M(512M) 359.413ms
[304.706s][info][gc,cpu         ] GC(707) User=2.47s Sys=0.02s Real=0.37s
[304.706s][info][gc,marking     ] GC(704) Concurrent Mark From Roots 719.885ms
[304.706s][info][gc,marking     ] GC(704) Concurrent Mark Abort
[304.706s][info][gc             ] GC(704) Concurrent Cycle 720.391ms
[304.707s][info][gc,start       ] GC(708) Pause Young (Concurrent Start) (G1 Humongous Allocation)
[304.707s][info][gc,task        ] GC(708) Using 8 workers of 8 for evacuation
[304.708s][info][gc,phases      ] GC(708)   Pre Evacuate Collection Set: 0.1ms
[304.708s][info][gc,phases      ] GC(708)   Merge Heap Roots: 0.0ms
[304.708s][info][gc,phases      ] GC(708)   Evacuate Collection Set: 0.5ms
[304.708s][info][gc,phases      ] GC(708)   Post Evacuate Collection Set: 0.2ms
[304.708s][info][gc,phases      ] GC(708)   Other: 0.1ms
[304.708s][info][gc,heap        ] GC(708) Eden regions: 1->0(24)
[304.708s][info][gc,heap        ] GC(708) Survivor regions: 0->1(4)
[304.708s][info][gc,heap        ] GC(708) Old regions: 490->490
[304.708s][info][gc,heap        ] GC(708) Archive regions: 2->2
[304.708s][info][gc,heap        ] GC(708) Humongous regions: 11->11
[304.708s][info][gc,metaspace   ] GC(708) Metaspace: 44229K(45568K)->44229K(45568K) NonClass: 39001K(39936K)->39001K(39936K) Class: 5227K(5632K)->5227K(5632K)
[304.708s][info][gc             ] GC(708) Pause Young (Concurrent Start) (G1 Humongous Allocation) 499M->499M(512M) 0.995ms
[304.708s][info][gc,cpu         ] GC(708) User=0.00s Sys=0.00s Real=0.00s
[304.708s][info][gc             ] GC(709) Concurrent Cycle
[304.708s][info][gc,marking     ] GC(709) Concurrent Clear Claimed Marks
[304.708s][info][gc,marking     ] GC(709) Concurrent Clear Claimed Marks 0.011ms
[304.708s][info][gc,marking     ] GC(709) Concurrent Scan Root Regions
[304.708s][info][gc,marking     ] GC(709) Concurrent Scan Root Regions 0.535ms
[304.708s][info][gc,marking     ] GC(709) Concurrent Mark (304.708s)
[304.708s][info][gc,marking     ] GC(709) Concurrent Mark From Roots
[304.708s][info][gc,task        ] GC(709) Using 2 workers of 2 for marking
[304.709s][info][gc,start       ] GC(710) Pause Young (Normal) (G1 Humongous Allocation)
[304.709s][info][gc,task        ] GC(710) Using 8 workers of 8 for evacuation
[304.709s][info][gc,phases      ] GC(710)   Pre Evacuate Collection Set: 0.0ms
[304.709s][info][gc,phases      ] GC(710)   Merge Heap Roots: 0.0ms
[304.709s][info][gc,phases      ] GC(710)   Evacuate Collection Set: 0.1ms
[304.709s][info][gc,phases      ] GC(710)   Post Evacuate Collection Set: 0.2ms
[304.709s][info][gc,phases      ] GC(710)   Other: 0.1ms
[304.709s][info][gc,heap        ] GC(710) Eden regions: 1->0(24)
[304.709s][info][gc,heap        ] GC(710) Survivor regions: 1->1(4)
[304.709s][info][gc,heap        ] GC(710) Old regions: 490->490
[304.709s][info][gc,heap        ] GC(710) Archive regions: 2->2
[304.709s][info][gc,heap        ] GC(710) Humongous regions: 11->11
[304.709s][info][gc,metaspace   ] GC(710) Metaspace: 44229K(45568K)->44229K(45568K) NonClass: 39001K(39936K)->39001K(39936K) Class: 5227K(5632K)->5227K(5632K)
[304.709s][info][gc             ] GC(710) Pause Young (Normal) (G1 Humongous Allocation) 499M->499M(512M) 0.542ms
[304.709s][info][gc,cpu         ] GC(710) User=0.00s Sys=0.00s Real=0.00s
[304.709s][info][gc,task        ] GC(711) Using 8 workers of 8 for full compaction
[304.709s][info][gc,start       ] GC(711) Pause Full (G1 Humongous Allocation)
[304.710s][info][gc,phases,start] GC(711) Phase 1: Mark live objects
[304.931s][info][gc,phases      ] GC(711) Phase 1: Mark live objects 221.450ms
[304.931s][info][gc,phases,start] GC(711) Phase 2: Prepare for compaction
[304.962s][info][gc,phases      ] GC(711) Phase 2: Prepare for compaction 30.866ms
[304.962s][info][gc,phases,start] GC(711) Phase 3: Adjust pointers
[305.034s][info][gc,phases      ] GC(711) Phase 3: Adjust pointers 72.099ms
[305.034s][info][gc,phases,start] GC(711) Phase 4: Compact heap
[305.058s][info][gc,phases      ] GC(711) Phase 4: Compact heap 23.310ms
[305.062s][info][gc,heap        ] GC(711) Eden regions: 0->0(25)
[305.062s][info][gc,heap        ] GC(711) Survivor regions: 1->0(4)
[305.062s][info][gc,heap        ] GC(711) Old regions: 490->490
[305.062s][info][gc,heap        ] GC(711) Archive regions: 2->2
[305.062s][info][gc,heap        ] GC(711) Humongous regions: 11->11
[305.062s][info][gc,metaspace   ] GC(711) Metaspace: 44229K(45568K)->44229K(45568K) NonClass: 39001K(39936K)->39001K(39936K) Class: 5227K(5632K)->5227K(5632K)
[305.062s][info][gc             ] GC(711) Pause Full (G1 Humongous Allocation) 499M->499M(512M) 352.659ms
[305.063s][info][gc,cpu         ] GC(711) User=2.48s Sys=0.03s Real=0.35s
[305.063s][info][gc,task        ] GC(712) Using 8 workers of 8 for full compaction
[305.063s][info][gc,start       ] GC(712) Pause Full (G1 Humongous Allocation)
[305.063s][info][gc,phases,start] GC(712) Phase 1: Mark live objects
[305.282s][info][gc,phases      ] GC(712) Phase 1: Mark live objects 219.427ms
[305.282s][info][gc,phases,start] GC(712) Phase 2: Prepare for compaction
[305.315s][info][gc,phases      ] GC(712) Phase 2: Prepare for compaction 32.375ms
[305.315s][info][gc,phases,start] GC(712) Phase 3: Adjust pointers
[305.386s][info][gc,phases      ] GC(712) Phase 3: Adjust pointers 71.549ms
[305.386s][info][gc,phases,start] GC(712) Phase 4: Compact heap
[305.411s][info][gc,phases      ] GC(712) Phase 4: Compact heap 24.470ms
[305.415s][info][gc,heap        ] GC(712) Eden regions: 0->0(25)
[305.415s][info][gc,heap        ] GC(712) Survivor regions: 0->0(4)
[305.415s][info][gc,heap        ] GC(712) Old regions: 490->490
[305.415s][info][gc,heap        ] GC(712) Archive regions: 2->2
[305.415s][info][gc,heap        ] GC(712) Humongous regions: 11->11
[305.415s][info][gc,metaspace   ] GC(712) Metaspace: 44229K(45568K)->44229K(45568K) NonClass: 39001K(39936K)->39001K(39936K) Class: 5227K(5632K)->5227K(5632K)
[305.415s][info][gc             ] GC(712) Pause Full (G1 Humongous Allocation) 499M->499M(512M) 352.176ms
[305.416s][info][gc,cpu         ] GC(712) User=2.48s Sys=0.02s Real=0.36s
[305.416s][info][gc,marking     ] GC(709) Concurrent Mark From Roots 707.778ms
[305.416s][info][gc,marking     ] GC(709) Concurrent Mark Abort
[305.416s][info][gc             ] GC(709) Concurrent Cycle 708.462ms
[305.417s][info][gc,start       ] GC(713) Pause Young (Concurrent Start) (G1 Humongous Allocation)
[305.417s][info][gc,task        ] GC(713) Using 8 workers of 8 for evacuation
[305.418s][info][gc,phases      ] GC(713)   Pre Evacuate Collection Set: 0.1ms
[305.418s][info][gc,phases      ] GC(713)   Merge Heap Roots: 0.0ms
[305.418s][info][gc,phases      ] GC(713)   Evacuate Collection Set: 0.5ms
[305.418s][info][gc,phases      ] GC(713)   Post Evacuate Collection Set: 0.2ms
[305.418s][info][gc,phases      ] GC(713)   Other: 0.1ms
[305.418s][info][gc,heap        ] GC(713) Eden regions: 1->0(24)
[305.418s][info][gc,heap        ] GC(713) Survivor regions: 0->1(4)
[305.418s][info][gc,heap        ] GC(713) Old regions: 490->490
[305.418s][info][gc,heap        ] GC(713) Archive regions: 2->2
[305.418s][info][gc,heap        ] GC(713) Humongous regions: 11->11
[305.418s][info][gc,metaspace   ] GC(713) Metaspace: 44229K(45568K)->44229K(45568K) NonClass: 39001K(39936K)->39001K(39936K) Class: 5227K(5632K)->5227K(5632K)
[305.418s][info][gc             ] GC(713) Pause Young (Concurrent Start) (G1 Humongous Allocation) 499M->499M(512M) 0.910ms
[305.418s][info][gc,cpu         ] GC(713) User=0.00s Sys=0.00s Real=0.00s
[305.418s][info][gc             ] GC(714) Concurrent Cycle
[305.418s][info][gc,marking     ] GC(714) Concurrent Clear Claimed Marks
[305.418s][info][gc,marking     ] GC(714) Concurrent Clear Claimed Marks 0.010ms
[305.418s][info][gc,marking     ] GC(714) Concurrent Scan Root Regions
[305.418s][info][gc,marking     ] GC(714) Concurrent Scan Root Regions 0.069ms
[305.418s][info][gc,marking     ] GC(714) Concurrent Mark (305.418s)
[305.418s][info][gc,marking     ] GC(714) Concurrent Mark From Roots
[305.418s][info][gc,task        ] GC(714) Using 2 workers of 2 for marking
[305.418s][info][gc,start       ] GC(715) Pause Young (Normal) (G1 Humongous Allocation)
[305.418s][info][gc,task        ] GC(715) Using 8 workers of 8 for evacuation
[305.419s][info][gc,phases      ] GC(715)   Pre Evacuate Collection Set: 0.0ms
[305.419s][info][gc,phases      ] GC(715)   Merge Heap Roots: 0.0ms
[305.419s][info][gc,phases      ] GC(715)   Evacuate Collection Set: 0.1ms
[305.419s][info][gc,phases      ] GC(715)   Post Evacuate Collection Set: 0.1ms
[305.419s][info][gc,phases      ] GC(715)   Other: 0.1ms
[305.419s][info][gc,heap        ] GC(715) Eden regions: 0->0(24)
[305.419s][info][gc,heap        ] GC(715) Survivor regions: 1->1(4)
[305.419s][info][gc,heap        ] GC(715) Old regions: 490->490
[305.419s][info][gc,heap        ] GC(715) Archive regions: 2->2
[305.419s][info][gc,heap        ] GC(715) Humongous regions: 11->11
[305.419s][info][gc,metaspace   ] GC(715) Metaspace: 44229K(45568K)->44229K(45568K) NonClass: 39001K(39936K)->39001K(39936K) Class: 5227K(5632K)->5227K(5632K)
[305.419s][info][gc             ] GC(715) Pause Young (Normal) (G1 Humongous Allocation) 499M->499M(512M) 0.473ms
[305.419s][info][gc,cpu         ] GC(715) User=0.00s Sys=0.00s Real=0.00s
[305.419s][info][gc,task        ] GC(716) Using 8 workers of 8 for full compaction
[305.419s][info][gc,start       ] GC(716) Pause Full (G1 Humongous Allocation)
[305.419s][info][gc,phases,start] GC(716) Phase 1: Mark live objects
[305.639s][info][gc,phases      ] GC(716) Phase 1: Mark live objects 219.949ms
[305.639s][info][gc,phases,start] GC(716) Phase 2: Prepare for compaction
[305.673s][info][gc,phases      ] GC(716) Phase 2: Prepare for compaction 33.120ms
[305.673s][info][gc,phases,start] GC(716) Phase 3: Adjust pointers
[305.742s][info][gc,phases      ] GC(716) Phase 3: Adjust pointers 69.858ms
[305.742s][info][gc,phases,start] GC(716) Phase 4: Compact heap
[305.769s][info][gc,phases      ] GC(716) Phase 4: Compact heap 26.192ms
[305.773s][info][gc,heap        ] GC(716) Eden regions: 0->0(25)
[305.773s][info][gc,heap        ] GC(716) Survivor regions: 1->0(4)
[305.773s][info][gc,heap        ] GC(716) Old regions: 490->490
[305.773s][info][gc,heap        ] GC(716) Archive regions: 2->2
[305.773s][info][gc,heap        ] GC(716) Humongous regions: 11->11
[305.773s][info][gc,metaspace   ] GC(716) Metaspace: 44229K(45568K)->44229K(45568K) NonClass: 39001K(39936K)->39001K(39936K) Class: 5227K(5632K)->5227K(5632K)
[305.773s][info][gc             ] GC(716) Pause Full (G1 Humongous Allocation) 499M->499M(512M) 354.171ms
[305.774s][info][gc,cpu         ] GC(716) User=2.50s Sys=0.03s Real=0.35s
[305.774s][info][gc,task        ] GC(717) Using 8 workers of 8 for full compaction
[305.774s][info][gc,start       ] GC(717) Pause Full (G1 Humongous Allocation)
[305.774s][info][gc,phases,start] GC(717) Phase 1: Mark live objects
[306.035s][info][gc,phases      ] GC(717) Phase 1: Mark live objects 261.516ms
[306.036s][info][gc,phases,start] GC(717) Phase 2: Prepare for compaction
[306.075s][info][gc,phases      ] GC(717) Phase 2: Prepare for compaction 39.474ms
[306.075s][info][gc,phases,start] GC(717) Phase 3: Adjust pointers
[306.192s][info][gc,phases      ] GC(717) Phase 3: Adjust pointers 117.068ms
[306.192s][info][gc,phases,start] GC(717) Phase 4: Compact heap
[306.233s][info][gc,phases      ] GC(717) Phase 4: Compact heap 40.832ms
[306.238s][info][gc,heap        ] GC(717) Eden regions: 0->0(25)
[306.238s][info][gc,heap        ] GC(717) Survivor regions: 0->0(4)
[306.238s][info][gc,heap        ] GC(717) Old regions: 490->490
[306.238s][info][gc,heap        ] GC(717) Archive regions: 2->2
[306.238s][info][gc,heap        ] GC(717) Humongous regions: 11->11
[306.238s][info][gc,metaspace   ] GC(717) Metaspace: 44229K(45568K)->44229K(45568K) NonClass: 39001K(39936K)->39001K(39936K) Class: 5227K(5632K)->5227K(5632K)
[306.238s][info][gc             ] GC(717) Pause Full (G1 Humongous Allocation) 499M->499M(512M) 463.795ms
[306.240s][info][gc,cpu         ] GC(717) User=2.45s Sys=0.04s Real=0.47s
[306.240s][info][gc,marking     ] GC(714) Concurrent Mark From Roots 822.137ms
[306.240s][info][gc,marking     ] GC(714) Concurrent Mark Abort
[306.240s][info][gc             ] GC(714) Concurrent Cycle 822.289ms
[306.241s][info][gc,start       ] GC(718) Pause Young (Concurrent Start) (G1 Humongous Allocation)
[306.241s][info][gc,task        ] GC(718) Using 8 workers of 8 for evacuation
[306.242s][info][gc,phases      ] GC(718)   Pre Evacuate Collection Set: 0.1ms
[306.242s][info][gc,phases      ] GC(718)   Merge Heap Roots: 0.0ms
[306.242s][info][gc,phases      ] GC(718)   Evacuate Collection Set: 0.5ms
[306.242s][info][gc,phases      ] GC(718)   Post Evacuate Collection Set: 0.2ms
[306.242s][info][gc,phases      ] GC(718)   Other: 0.1ms
[306.242s][info][gc,heap        ] GC(718) Eden regions: 1->0(24)
[306.242s][info][gc,heap        ] GC(718) Survivor regions: 0->1(4)
[306.242s][info][gc,heap        ] GC(718) Old regions: 490->490
[306.242s][info][gc,heap        ] GC(718) Archive regions: 2->2
[306.242s][info][gc,heap        ] GC(718) Humongous regions: 11->11
[306.242s][info][gc,metaspace   ] GC(718) Metaspace: 44229K(45568K)->44229K(45568K) NonClass: 39001K(39936K)->39001K(39936K) Class: 5227K(5632K)->5227K(5632K)
[306.242s][info][gc             ] GC(718) Pause Young (Concurrent Start) (G1 Humongous Allocation) 499M->499M(512M) 0.955ms
[306.242s][info][gc,cpu         ] GC(718) User=0.00s Sys=0.00s Real=0.00s
[306.242s][info][gc             ] GC(719) Concurrent Cycle
[306.242s][info][gc,marking     ] GC(719) Concurrent Clear Claimed Marks
[306.242s][info][gc,marking     ] GC(719) Concurrent Clear Claimed Marks 0.014ms
[306.242s][info][gc,marking     ] GC(719) Concurrent Scan Root Regions
[306.243s][info][gc,marking     ] GC(719) Concurrent Scan Root Regions 0.455ms
[306.243s][info][gc,marking     ] GC(719) Concurrent Mark (306.243s)
[306.243s][info][gc,marking     ] GC(719) Concurrent Mark From Roots
[306.243s][info][gc,task        ] GC(719) Using 2 workers of 2 for marking
[306.243s][info][gc,start       ] GC(720) Pause Young (Normal) (G1 Humongous Allocation)
[306.243s][info][gc,task        ] GC(720) Using 8 workers of 8 for evacuation
[306.243s][info][gc,phases      ] GC(720)   Pre Evacuate Collection Set: 0.3ms
[306.243s][info][gc,phases      ] GC(720)   Merge Heap Roots: 0.0ms
[306.243s][info][gc,phases      ] GC(720)   Evacuate Collection Set: 0.5ms
[306.243s][info][gc,phases      ] GC(720)   Post Evacuate Collection Set: 0.2ms
[306.243s][info][gc,phases      ] GC(720)   Other: 0.1ms
[306.243s][info][gc,heap        ] GC(720) Eden regions: 1->0(24)
[306.243s][info][gc,heap        ] GC(720) Survivor regions: 1->1(4)
[306.243s][info][gc,heap        ] GC(720) Old regions: 490->490
[306.244s][info][gc,heap        ] GC(720) Archive regions: 2->2
[306.244s][info][gc,heap        ] GC(720) Humongous regions: 11->11
[306.244s][info][gc,metaspace   ] GC(720) Metaspace: 44229K(45568K)->44229K(45568K) NonClass: 39001K(39936K)->39001K(39936K) Class: 5227K(5632K)->5227K(5632K)
[306.244s][info][gc             ] GC(720) Pause Young (Normal) (G1 Humongous Allocation) 499M->499M(512M) 0.911ms
[306.244s][info][gc,cpu         ] GC(720) User=0.00s Sys=0.00s Real=0.00s
[306.244s][info][gc,task        ] GC(721) Using 8 workers of 8 for full compaction
[306.244s][info][gc,start       ] GC(721) Pause Full (G1 Humongous Allocation)
[306.244s][info][gc,phases,start] GC(721) Phase 1: Mark live objects
[306.466s][info][gc,phases      ] GC(721) Phase 1: Mark live objects 222.109ms
[306.466s][info][gc,phases,start] GC(721) Phase 2: Prepare for compaction
[306.498s][info][gc,phases      ] GC(721) Phase 2: Prepare for compaction 31.706ms
[306.498s][info][gc,phases,start] GC(721) Phase 3: Adjust pointers
[306.571s][info][gc,phases      ] GC(721) Phase 3: Adjust pointers 72.702ms
[306.571s][info][gc,phases,start] GC(721) Phase 4: Compact heap
[306.604s][info][gc,phases      ] GC(721) Phase 4: Compact heap 33.195ms
[306.609s][info][gc,heap        ] GC(721) Eden regions: 0->0(25)
[306.609s][info][gc,heap        ] GC(721) Survivor regions: 1->0(4)
[306.609s][info][gc,heap        ] GC(721) Old regions: 490->489
[306.609s][info][gc,heap        ] GC(721) Archive regions: 2->2
[306.609s][info][gc,heap        ] GC(721) Humongous regions: 11->11
[306.609s][info][gc,metaspace   ] GC(721) Metaspace: 44229K(45568K)->44229K(45568K) NonClass: 39001K(39936K)->39001K(39936K) Class: 5227K(5632K)->5227K(5632K)
[306.609s][info][gc             ] GC(721) Pause Full (G1 Humongous Allocation) 499M->497M(512M) 365.210ms
[306.610s][info][gc,cpu         ] GC(721) User=2.54s Sys=0.03s Real=0.37s
[306.610s][info][gc,task        ] GC(722) Using 8 workers of 8 for full compaction
[306.610s][info][gc,start       ] GC(722) Pause Full (G1 Humongous Allocation)
[306.610s][info][gc,phases,start] GC(722) Phase 1: Mark live objects
[306.831s][info][gc,phases      ] GC(722) Phase 1: Mark live objects 221.270ms
[306.831s][info][gc,phases,start] GC(722) Phase 2: Prepare for compaction
[306.862s][info][gc,phases      ] GC(722) Phase 2: Prepare for compaction 30.392ms
[306.862s][info][gc,phases,start] GC(722) Phase 3: Adjust pointers
[306.940s][info][gc,phases      ] GC(722) Phase 3: Adjust pointers 77.892ms
[306.940s][info][gc,phases,start] GC(722) Phase 4: Compact heap
[306.965s][info][gc,phases      ] GC(722) Phase 4: Compact heap 25.100ms
[306.969s][info][gc,heap        ] GC(722) Eden regions: 0->0(25)
[306.969s][info][gc,heap        ] GC(722) Survivor regions: 0->0(4)
[306.969s][info][gc,heap        ] GC(722) Old regions: 489->487
[306.969s][info][gc,heap        ] GC(722) Archive regions: 2->2
[306.969s][info][gc,heap        ] GC(722) Humongous regions: 11->11
[306.969s][info][gc,metaspace   ] GC(722) Metaspace: 44229K(45568K)->44229K(45568K) NonClass: 39001K(39936K)->39001K(39936K) Class: 5227K(5632K)->5227K(5632K)
[306.969s][info][gc             ] GC(722) Pause Full (G1 Humongous Allocation) 497M->497M(512M) 359.142ms
[306.971s][info][gc,cpu         ] GC(722) User=2.49s Sys=0.03s Real=0.36s
[306.971s][info][gc,marking     ] GC(719) Concurrent Mark From Roots 728.541ms
[306.971s][info][gc,marking     ] GC(719) Concurrent Mark Abort
[306.971s][info][gc             ] GC(719) Concurrent Cycle 729.103ms
[306.971s][info][gc,start       ] GC(723) Pause Young (Normal) (G1 Humongous Allocation)
[306.971s][info][gc,task        ] GC(723) Using 8 workers of 8 for evacuation
[306.972s][info][gc,phases      ] GC(723)   Pre Evacuate Collection Set: 0.1ms
[306.972s][info][gc,phases      ] GC(723)   Merge Heap Roots: 0.0ms
[306.972s][info][gc,phases      ] GC(723)   Evacuate Collection Set: 0.4ms
[306.972s][info][gc,phases      ] GC(723)   Post Evacuate Collection Set: 0.1ms
[306.972s][info][gc,phases      ] GC(723)   Other: 0.1ms
[306.972s][info][gc,heap        ] GC(723) Eden regions: 1->0(24)
[306.972s][info][gc,heap        ] GC(723) Survivor regions: 0->1(4)
[306.972s][info][gc,heap        ] GC(723) Old regions: 487->487
[306.972s][info][gc,heap        ] GC(723) Archive regions: 2->2
[306.972s][info][gc,heap        ] GC(723) Humongous regions: 11->11
[306.972s][info][gc,metaspace   ] GC(723) Metaspace: 44229K(45568K)->44229K(45568K) NonClass: 39001K(39936K)->39001K(39936K) Class: 5227K(5632K)->5227K(5632K)
[306.972s][info][gc             ] GC(723) Pause Young (Normal) (G1 Humongous Allocation) 497M->497M(512M) 0.797ms
[306.972s][info][gc,cpu         ] GC(723) User=0.01s Sys=0.00s Real=0.00s
[306.972s][info][gc,task        ] GC(724) Using 8 workers of 8 for full compaction
[306.972s][info][gc,start       ] GC(724) Pause Full (G1 Humongous Allocation)
[306.972s][info][gc,phases,start] GC(724) Phase 1: Mark live objects
[307.191s][info][gc,phases      ] GC(724) Phase 1: Mark live objects 218.395ms
[307.191s][info][gc,phases,start] GC(724) Phase 2: Prepare for compaction
[307.219s][info][gc,phases      ] GC(724) Phase 2: Prepare for compaction 28.500ms
[307.219s][info][gc,phases,start] GC(724) Phase 3: Adjust pointers
[307.289s][info][gc,phases      ] GC(724) Phase 3: Adjust pointers 69.807ms
[307.289s][info][gc,phases,start] GC(724) Phase 4: Compact heap
[307.315s][info][gc,phases      ] GC(724) Phase 4: Compact heap 25.493ms
[307.319s][info][gc,heap        ] GC(724) Eden regions: 0->0(25)
[307.319s][info][gc,heap        ] GC(724) Survivor regions: 1->0(4)
[307.319s][info][gc,heap        ] GC(724) Old regions: 487->488
[307.319s][info][gc,heap        ] GC(724) Archive regions: 2->2
[307.319s][info][gc,heap        ] GC(724) Humongous regions: 11->11
[307.319s][info][gc,metaspace   ] GC(724) Metaspace: 44229K(45568K)->44229K(45568K) NonClass: 39001K(39936K)->39001K(39936K) Class: 5227K(5632K)->5227K(5632K)
[307.319s][info][gc             ] GC(724) Pause Full (G1 Humongous Allocation) 497M->497M(512M) 346.608ms
[307.320s][info][gc,cpu         ] GC(724) User=2.47s Sys=0.02s Real=0.35s
[307.320s][info][gc,task        ] GC(725) Using 8 workers of 8 for full compaction
[307.320s][info][gc,start       ] GC(725) Pause Full (G1 Humongous Allocation)
[307.320s][info][gc,phases,start] GC(725) Phase 1: Mark live objects
[307.542s][info][gc,phases      ] GC(725) Phase 1: Mark live objects 221.765ms
[307.542s][info][gc,phases,start] GC(725) Phase 2: Prepare for compaction
[307.571s][info][gc,phases      ] GC(725) Phase 2: Prepare for compaction 29.377ms
[307.571s][info][gc,phases,start] GC(725) Phase 3: Adjust pointers
[307.643s][info][gc,phases      ] GC(725) Phase 3: Adjust pointers 71.399ms
[307.643s][info][gc,phases,start] GC(725) Phase 4: Compact heap
[307.669s][info][gc,phases      ] GC(725) Phase 4: Compact heap 26.552ms
[307.674s][info][gc,heap        ] GC(725) Eden regions: 0->0(25)
[307.674s][info][gc,heap        ] GC(725) Survivor regions: 0->0(4)
[307.674s][info][gc,heap        ] GC(725) Old regions: 488->488
[307.674s][info][gc,heap        ] GC(725) Archive regions: 2->2
[307.674s][info][gc,heap        ] GC(725) Humongous regions: 11->11
[307.674s][info][gc,metaspace   ] GC(725) Metaspace: 44229K(45568K)->44229K(45568K) NonClass: 39001K(39936K)->39001K(39936K) Class: 5227K(5632K)->5227K(5632K)
[307.674s][info][gc             ] GC(725) Pause Full (G1 Humongous Allocation) 497M->497M(512M) 353.658ms
[307.675s][info][gc,cpu         ] GC(725) User=2.49s Sys=0.04s Real=0.35s
[307.676s][info][gc,start       ] GC(726) Pause Young (Concurrent Start) (G1 Humongous Allocation)
[307.676s][info][gc,task        ] GC(726) Using 8 workers of 8 for evacuation
[307.676s][info][gc,phases      ] GC(726)   Pre Evacuate Collection Set: 0.1ms
[307.676s][info][gc,phases      ] GC(726)   Merge Heap Roots: 0.0ms
[307.676s][info][gc,phases      ] GC(726)   Evacuate Collection Set: 0.5ms
[307.676s][info][gc,phases      ] GC(726)   Post Evacuate Collection Set: 0.2ms
[307.676s][info][gc,phases      ] GC(726)   Other: 0.1ms
[307.676s][info][gc,heap        ] GC(726) Eden regions: 1->0(24)
[307.676s][info][gc,heap        ] GC(726) Survivor regions: 0->1(4)
[307.676s][info][gc,heap        ] GC(726) Old regions: 488->488
[307.676s][info][gc,heap        ] GC(726) Archive regions: 2->2
[307.676s][info][gc,heap        ] GC(726) Humongous regions: 11->11
[307.677s][info][gc,metaspace   ] GC(726) Metaspace: 44229K(45568K)->44229K(45568K) NonClass: 39001K(39936K)->39001K(39936K) Class: 5227K(5632K)->5227K(5632K)
[307.677s][info][gc             ] GC(726) Pause Young (Concurrent Start) (G1 Humongous Allocation) 497M->497M(512M) 0.924ms
[307.677s][info][gc,cpu         ] GC(726) User=0.00s Sys=0.00s Real=0.00s
[307.677s][info][gc             ] GC(727) Concurrent Cycle
[307.677s][info][gc,marking     ] GC(727) Concurrent Clear Claimed Marks
[307.677s][info][gc,marking     ] GC(727) Concurrent Clear Claimed Marks 0.012ms
[307.677s][info][gc,marking     ] GC(727) Concurrent Scan Root Regions
[307.677s][info][gc,marking     ] GC(727) Concurrent Scan Root Regions 0.411ms
[307.677s][info][gc,marking     ] GC(727) Concurrent Mark (307.677s)
[307.677s][info][gc,marking     ] GC(727) Concurrent Mark From Roots
[307.677s][info][gc,start       ] GC(728) Pause Young (Normal) (G1 Humongous Allocation)
[307.677s][info][gc,task        ] GC(727) Using 2 workers of 2 for marking
[307.677s][info][gc,task        ] GC(728) Using 8 workers of 8 for evacuation
[307.677s][info][gc,phases      ] GC(728)   Pre Evacuate Collection Set: 0.4ms
[307.678s][info][gc,phases      ] GC(728)   Merge Heap Roots: 0.0ms
[307.678s][info][gc,phases      ] GC(728)   Evacuate Collection Set: 0.1ms
[307.678s][info][gc,phases      ] GC(728)   Post Evacuate Collection Set: 0.1ms
[307.678s][info][gc,phases      ] GC(728)   Other: 0.1ms
[307.678s][info][gc,heap        ] GC(728) Eden regions: 0->0(24)
[307.678s][info][gc,heap        ] GC(728) Survivor regions: 1->1(4)
[307.678s][info][gc,heap        ] GC(728) Old regions: 488->488
[307.678s][info][gc,heap        ] GC(728) Archive regions: 2->2
[307.678s][info][gc,heap        ] GC(728) Humongous regions: 11->11
[307.678s][info][gc,metaspace   ] GC(728) Metaspace: 44229K(45568K)->44229K(45568K) NonClass: 39001K(39936K)->39001K(39936K) Class: 5227K(5632K)->5227K(5632K)
[307.678s][info][gc             ] GC(728) Pause Young (Normal) (G1 Humongous Allocation) 497M->497M(512M) 0.528ms
[307.678s][info][gc,cpu         ] GC(728) User=0.00s Sys=0.00s Real=0.00s
[307.678s][info][gc,task        ] GC(729) Using 8 workers of 8 for full compaction
[307.678s][info][gc,start       ] GC(729) Pause Full (G1 Humongous Allocation)
[307.678s][info][gc,phases,start] GC(729) Phase 1: Mark live objects
[307.899s][info][gc,phases      ] GC(729) Phase 1: Mark live objects 220.263ms
[307.899s][info][gc,phases,start] GC(729) Phase 2: Prepare for compaction
[307.927s][info][gc,phases      ] GC(729) Phase 2: Prepare for compaction 28.289ms
[307.927s][info][gc,phases,start] GC(729) Phase 3: Adjust pointers
[307.997s][info][gc,phases      ] GC(729) Phase 3: Adjust pointers 70.373ms
[307.997s][info][gc,phases,start] GC(729) Phase 4: Compact heap
[308.025s][info][gc,phases      ] GC(729) Phase 4: Compact heap 27.864ms
[308.030s][info][gc,heap        ] GC(729) Eden regions: 0->0(25)
[308.030s][info][gc,heap        ] GC(729) Survivor regions: 1->0(4)
[308.030s][info][gc,heap        ] GC(729) Old regions: 488->488
[308.030s][info][gc,heap        ] GC(729) Archive regions: 2->2
[308.030s][info][gc,heap        ] GC(729) Humongous regions: 11->11
[308.030s][info][gc,metaspace   ] GC(729) Metaspace: 44229K(45568K)->44229K(45568K) NonClass: 39001K(39936K)->39001K(39936K) Class: 5227K(5632K)->5227K(5632K)
[308.030s][info][gc             ] GC(729) Pause Full (G1 Humongous Allocation) 497M->497M(512M) 352.037ms
[308.031s][info][gc,cpu         ] GC(729) User=2.44s Sys=0.02s Real=0.35s
[308.031s][info][gc,task        ] GC(730) Using 8 workers of 8 for full compaction
[308.031s][info][gc,start       ] GC(730) Pause Full (G1 Humongous Allocation)
[308.031s][info][gc,phases,start] GC(730) Phase 1: Mark live objects
[308.257s][info][gc,phases      ] GC(730) Phase 1: Mark live objects 225.220ms
[308.257s][info][gc,phases,start] GC(730) Phase 2: Prepare for compaction
[308.286s][info][gc,phases      ] GC(730) Phase 2: Prepare for compaction 29.212ms
[308.286s][info][gc,phases,start] GC(730) Phase 3: Adjust pointers
[308.360s][info][gc,phases      ] GC(730) Phase 3: Adjust pointers 74.252ms
[308.360s][info][gc,phases,start] GC(730) Phase 4: Compact heap
[308.386s][info][gc,phases      ] GC(730) Phase 4: Compact heap 25.995ms
[308.390s][info][gc,heap        ] GC(730) Eden regions: 0->0(25)
[308.390s][info][gc,heap        ] GC(730) Survivor regions: 0->0(4)
[308.390s][info][gc,heap        ] GC(730) Old regions: 488->487
[308.390s][info][gc,heap        ] GC(730) Archive regions: 2->2
[308.390s][info][gc,heap        ] GC(730) Humongous regions: 11->11
[308.390s][info][gc,metaspace   ] GC(730) Metaspace: 44229K(45568K)->44229K(45568K) NonClass: 39001K(39936K)->39001K(39936K) Class: 5227K(5632K)->5227K(5632K)
[308.390s][info][gc             ] GC(730) Pause Full (G1 Humongous Allocation) 497M->497M(512M) 359.080ms
[308.392s][info][gc,cpu         ] GC(730) User=2.48s Sys=0.04s Real=0.36s
[308.392s][info][gc,marking     ] GC(727) Concurrent Mark From Roots 714.580ms
[308.392s][info][gc,marking     ] GC(727) Concurrent Mark Abort
[308.392s][info][gc             ] GC(727) Concurrent Cycle 715.123ms
[308.392s][info][gc,start       ] GC(731) Pause Young (Normal) (G1 Humongous Allocation)
[308.392s][info][gc,task        ] GC(731) Using 8 workers of 8 for evacuation
[308.392s][info][gc,phases      ] GC(731)   Pre Evacuate Collection Set: 0.1ms
[308.392s][info][gc,phases      ] GC(731)   Merge Heap Roots: 0.0ms
[308.392s][info][gc,phases      ] GC(731)   Evacuate Collection Set: 0.2ms
[308.392s][info][gc,phases      ] GC(731)   Post Evacuate Collection Set: 0.2ms
[308.392s][info][gc,phases      ] GC(731)   Other: 0.1ms
[308.392s][info][gc,heap        ] GC(731) Eden regions: 1->0(24)
[308.392s][info][gc,heap        ] GC(731) Survivor regions: 0->1(4)
[308.392s][info][gc,heap        ] GC(731) Old regions: 487->487
[308.392s][info][gc,heap        ] GC(731) Archive regions: 2->2
[308.392s][info][gc,heap        ] GC(731) Humongous regions: 11->11
[308.392s][info][gc,metaspace   ] GC(731) Metaspace: 44229K(45568K)->44229K(45568K) NonClass: 39001K(39936K)->39001K(39936K) Class: 5227K(5632K)->5227K(5632K)
[308.393s][info][gc             ] GC(731) Pause Young (Normal) (G1 Humongous Allocation) 497M->497M(512M) 0.650ms
[308.393s][info][gc,cpu         ] GC(731) User=0.00s Sys=0.00s Real=0.00s
[308.393s][info][gc,task        ] GC(732) Using 8 workers of 8 for full compaction
[308.393s][info][gc,start       ] GC(732) Pause Full (G1 Humongous Allocation)
[308.393s][info][gc,phases,start] GC(732) Phase 1: Mark live objects
[308.610s][info][gc,phases      ] GC(732) Phase 1: Mark live objects 217.820ms
[308.610s][info][gc,phases,start] GC(732) Phase 2: Prepare for compaction
[308.640s][info][gc,phases      ] GC(732) Phase 2: Prepare for compaction 29.852ms
[308.640s][info][gc,phases,start] GC(732) Phase 3: Adjust pointers
[308.715s][info][gc,phases      ] GC(732) Phase 3: Adjust pointers 74.179ms
[308.715s][info][gc,phases,start] GC(732) Phase 4: Compact heap
[308.743s][info][gc,phases      ] GC(732) Phase 4: Compact heap 28.012ms
[308.747s][info][gc,heap        ] GC(732) Eden regions: 0->0(25)
[308.747s][info][gc,heap        ] GC(732) Survivor regions: 1->0(4)
[308.747s][info][gc,heap        ] GC(732) Old regions: 487->488
[308.747s][info][gc,heap        ] GC(732) Archive regions: 2->2
[308.747s][info][gc,heap        ] GC(732) Humongous regions: 11->11
[308.747s][info][gc,metaspace   ] GC(732) Metaspace: 44229K(45568K)->44229K(45568K) NonClass: 39001K(39936K)->39001K(39936K) Class: 5227K(5632K)->5227K(5632K)
[308.747s][info][gc             ] GC(732) Pause Full (G1 Humongous Allocation) 497M->497M(512M) 354.349ms
[308.748s][info][gc,cpu         ] GC(732) User=2.48s Sys=0.04s Real=0.36s
[308.748s][info][gc,task        ] GC(733) Using 8 workers of 8 for full compaction
[308.748s][info][gc,start       ] GC(733) Pause Full (G1 Humongous Allocation)
[308.748s][info][gc,phases,start] GC(733) Phase 1: Mark live objects
[308.972s][info][gc,phases      ] GC(733) Phase 1: Mark live objects 223.476ms
[308.972s][info][gc,phases,start] GC(733) Phase 2: Prepare for compaction
[309.000s][info][gc,phases      ] GC(733) Phase 2: Prepare for compaction 28.508ms
[309.001s][info][gc,phases,start] GC(733) Phase 3: Adjust pointers
[309.071s][info][gc,phases      ] GC(733) Phase 3: Adjust pointers 70.412ms
[309.071s][info][gc,phases,start] GC(733) Phase 4: Compact heap
[309.097s][info][gc,phases      ] GC(733) Phase 4: Compact heap 26.398ms
[309.102s][info][gc,heap        ] GC(733) Eden regions: 0->0(25)
[309.102s][info][gc,heap        ] GC(733) Survivor regions: 0->0(4)
[309.102s][info][gc,heap        ] GC(733) Old regions: 488->488
[309.102s][info][gc,heap        ] GC(733) Archive regions: 2->2
[309.102s][info][gc,heap        ] GC(733) Humongous regions: 11->11
[309.102s][info][gc,metaspace   ] GC(733) Metaspace: 44229K(45568K)->44229K(45568K) NonClass: 39001K(39936K)->39001K(39936K) Class: 5227K(5632K)->5227K(5632K)
[309.102s][info][gc             ] GC(733) Pause Full (G1 Humongous Allocation) 497M->497M(512M) 353.422ms
[309.103s][info][gc,cpu         ] GC(733) User=2.47s Sys=0.03s Real=0.35s
[309.103s][info][gc,start       ] GC(734) Pause Young (Concurrent Start) (G1 Humongous Allocation)
[309.103s][info][gc,task        ] GC(734) Using 8 workers of 8 for evacuation
[309.104s][info][gc,phases      ] GC(734)   Pre Evacuate Collection Set: 0.1ms
[309.104s][info][gc,phases      ] GC(734)   Merge Heap Roots: 0.0ms
[309.104s][info][gc,phases      ] GC(734)   Evacuate Collection Set: 0.5ms
[309.104s][info][gc,phases      ] GC(734)   Post Evacuate Collection Set: 0.1ms
[309.104s][info][gc,phases      ] GC(734)   Other: 0.1ms
[309.104s][info][gc,heap        ] GC(734) Eden regions: 0->0(25)
[309.104s][info][gc,heap        ] GC(734) Survivor regions: 0->0(4)
[309.104s][info][gc,heap        ] GC(734) Old regions: 488->488
[309.104s][info][gc,heap        ] GC(734) Archive regions: 2->2
[309.104s][info][gc,heap        ] GC(734) Humongous regions: 11->11
[309.104s][info][gc,metaspace   ] GC(734) Metaspace: 44229K(45568K)->44229K(45568K) NonClass: 39001K(39936K)->39001K(39936K) Class: 5227K(5632K)->5227K(5632K)
[309.104s][info][gc             ] GC(734) Pause Young (Concurrent Start) (G1 Humongous Allocation) 497M->497M(512M) 0.829ms
[309.104s][info][gc,cpu         ] GC(734) User=0.01s Sys=0.00s Real=0.00s
[309.104s][info][gc             ] GC(735) Concurrent Cycle
[309.104s][info][gc,marking     ] GC(735) Concurrent Clear Claimed Marks
[309.104s][info][gc,marking     ] GC(735) Concurrent Clear Claimed Marks 0.011ms
[309.104s][info][gc,marking     ] GC(735) Concurrent Scan Root Regions
[309.104s][info][gc,marking     ] GC(735) Concurrent Scan Root Regions 0.028ms
[309.104s][info][gc,marking     ] GC(735) Concurrent Mark (309.104s)
[309.104s][info][gc,marking     ] GC(735) Concurrent Mark From Roots
[309.104s][info][gc,task        ] GC(735) Using 2 workers of 2 for marking
[309.104s][info][gc,start       ] GC(736) Pause Young (Normal) (G1 Humongous Allocation)
[309.104s][info][gc,task        ] GC(736) Using 8 workers of 8 for evacuation
[309.105s][info][gc,phases      ] GC(736)   Pre Evacuate Collection Set: 0.1ms
[309.105s][info][gc,phases      ] GC(736)   Merge Heap Roots: 0.0ms
[309.105s][info][gc,phases      ] GC(736)   Evacuate Collection Set: 0.2ms
[309.105s][info][gc,phases      ] GC(736)   Post Evacuate Collection Set: 0.1ms
[309.105s][info][gc,phases      ] GC(736)   Other: 0.1ms
[309.105s][info][gc,heap        ] GC(736) Eden regions: 1->0(24)
[309.105s][info][gc,heap        ] GC(736) Survivor regions: 0->1(4)
[309.105s][info][gc,heap        ] GC(736) Old regions: 488->488
[309.105s][info][gc,heap        ] GC(736) Archive regions: 2->2
[309.105s][info][gc,heap        ] GC(736) Humongous regions: 11->11
[309.105s][info][gc,metaspace   ] GC(736) Metaspace: 44229K(45568K)->44229K(45568K) NonClass: 39001K(39936K)->39001K(39936K) Class: 5227K(5632K)->5227K(5632K)
[309.105s][info][gc             ] GC(736) Pause Young (Normal) (G1 Humongous Allocation) 497M->497M(512M) 0.545ms
[309.105s][info][gc,cpu         ] GC(736) User=0.00s Sys=0.00s Real=0.00s
[309.105s][info][gc,task        ] GC(737) Using 8 workers of 8 for full compaction
[309.105s][info][gc,start       ] GC(737) Pause Full (G1 Humongous Allocation)
[309.106s][info][gc,phases,start] GC(737) Phase 1: Mark live objects
[309.336s][info][gc,phases      ] GC(737) Phase 1: Mark live objects 230.063ms
[309.336s][info][gc,phases,start] GC(737) Phase 2: Prepare for compaction
[309.371s][info][gc,phases      ] GC(737) Phase 2: Prepare for compaction 34.852ms
[309.371s][info][gc,phases,start] GC(737) Phase 3: Adjust pointers
[309.444s][info][gc,phases      ] GC(737) Phase 3: Adjust pointers 73.685ms
[309.444s][info][gc,phases,start] GC(737) Phase 4: Compact heap
[309.472s][info][gc,phases      ] GC(737) Phase 4: Compact heap 27.669ms
[309.476s][info][gc,heap        ] GC(737) Eden regions: 0->0(25)
[309.477s][info][gc,heap        ] GC(737) Survivor regions: 1->0(4)
[309.477s][info][gc,heap        ] GC(737) Old regions: 488->487
[309.477s][info][gc,heap        ] GC(737) Archive regions: 2->2
[309.477s][info][gc,heap        ] GC(737) Humongous regions: 11->11
[309.477s][info][gc,metaspace   ] GC(737) Metaspace: 44229K(45568K)->44229K(45568K) NonClass: 39001K(39936K)->39001K(39936K) Class: 5227K(5632K)->5227K(5632K)
[309.477s][info][gc             ] GC(737) Pause Full (G1 Humongous Allocation) 497M->497M(512M) 371.520ms
[309.478s][info][gc,cpu         ] GC(737) User=2.50s Sys=0.03s Real=0.38s
[309.479s][info][gc,task        ] GC(738) Using 8 workers of 8 for full compaction
[309.479s][info][gc,start       ] GC(738) Pause Full (G1 Humongous Allocation)
[309.479s][info][gc,phases,start] GC(738) Phase 1: Mark live objects
[309.708s][info][gc,phases      ] GC(738) Phase 1: Mark live objects 229.687ms
[309.708s][info][gc,phases,start] GC(738) Phase 2: Prepare for compaction
[309.737s][info][gc,phases      ] GC(738) Phase 2: Prepare for compaction 28.929ms
[309.737s][info][gc,phases,start] GC(738) Phase 3: Adjust pointers
[309.810s][info][gc,phases      ] GC(738) Phase 3: Adjust pointers 72.435ms
[309.810s][info][gc,phases,start] GC(738) Phase 4: Compact heap
[309.834s][info][gc,phases      ] GC(738) Phase 4: Compact heap 24.482ms
[309.838s][info][gc,heap        ] GC(738) Eden regions: 0->0(25)
[309.838s][info][gc,heap        ] GC(738) Survivor regions: 0->0(4)
[309.838s][info][gc,heap        ] GC(738) Old regions: 487->487
[309.838s][info][gc,heap        ] GC(738) Archive regions: 2->2
[309.838s][info][gc,heap        ] GC(738) Humongous regions: 11->11
[309.838s][info][gc,metaspace   ] GC(738) Metaspace: 44229K(45568K)->44229K(45568K) NonClass: 39001K(39936K)->39001K(39936K) Class: 5227K(5632K)->5227K(5632K)
[309.838s][info][gc             ] GC(738) Pause Full (G1 Humongous Allocation) 497M->497M(512M) 359.840ms
[309.840s][info][gc,cpu         ] GC(738) User=2.47s Sys=0.04s Real=0.36s
[309.840s][info][gc,marking     ] GC(735) Concurrent Mark From Roots 736.072ms
[309.840s][info][gc,marking     ] GC(735) Concurrent Mark Abort
[309.840s][info][gc             ] GC(735) Concurrent Cycle 736.230ms
[309.841s][info][gc,start       ] GC(739) Pause Young (Concurrent Start) (G1 Humongous Allocation)
[309.841s][info][gc,task        ] GC(739) Using 8 workers of 8 for evacuation
[309.841s][info][gc,phases      ] GC(739)   Pre Evacuate Collection Set: 0.1ms
[309.841s][info][gc,phases      ] GC(739)   Merge Heap Roots: 0.0ms
[309.841s][info][gc,phases      ] GC(739)   Evacuate Collection Set: 0.5ms
[309.841s][info][gc,phases      ] GC(739)   Post Evacuate Collection Set: 0.2ms
[309.841s][info][gc,phases      ] GC(739)   Other: 0.1ms
[309.841s][info][gc,heap        ] GC(739) Eden regions: 1->0(24)
[309.841s][info][gc,heap        ] GC(739) Survivor regions: 0->1(4)
[309.841s][info][gc,heap        ] GC(739) Old regions: 487->487
[309.841s][info][gc,heap        ] GC(739) Archive regions: 2->2
[309.841s][info][gc,heap        ] GC(739) Humongous regions: 11->11
[309.842s][info][gc,metaspace   ] GC(739) Metaspace: 44229K(45568K)->44229K(45568K) NonClass: 39001K(39936K)->39001K(39936K) Class: 5227K(5632K)->5227K(5632K)
[309.842s][info][gc             ] GC(739) Pause Young (Concurrent Start) (G1 Humongous Allocation) 497M->497M(512M) 0.916ms
[309.842s][info][gc,cpu         ] GC(739) User=0.00s Sys=0.00s Real=0.00s
[309.842s][info][gc             ] GC(740) Concurrent Cycle
[309.842s][info][gc,marking     ] GC(740) Concurrent Clear Claimed Marks
[309.842s][info][gc,marking     ] GC(740) Concurrent Clear Claimed Marks 0.027ms
[309.842s][info][gc,marking     ] GC(740) Concurrent Scan Root Regions
[309.842s][info][gc,marking     ] GC(740) Concurrent Scan Root Regions 0.404ms
[309.842s][info][gc,marking     ] GC(740) Concurrent Mark (309.842s)
[309.842s][info][gc,marking     ] GC(740) Concurrent Mark From Roots
[309.842s][info][gc,task        ] GC(740) Using 2 workers of 2 for marking
[309.842s][info][gc,start       ] GC(741) Pause Young (Normal) (G1 Humongous Allocation)
[309.842s][info][gc,task        ] GC(741) Using 8 workers of 8 for evacuation
[309.843s][info][gc,phases      ] GC(741)   Pre Evacuate Collection Set: 0.5ms
[309.843s][info][gc,phases      ] GC(741)   Merge Heap Roots: 0.0ms
[309.843s][info][gc,phases      ] GC(741)   Evacuate Collection Set: 0.2ms
[309.843s][info][gc,phases      ] GC(741)   Post Evacuate Collection Set: 0.2ms
[309.843s][info][gc,phases      ] GC(741)   Other: 0.1ms
[309.843s][info][gc,heap        ] GC(741) Eden regions: 0->0(24)
[309.843s][info][gc,heap        ] GC(741) Survivor regions: 1->1(4)
[309.843s][info][gc,heap        ] GC(741) Old regions: 487->487
[309.843s][info][gc,heap        ] GC(741) Archive regions: 2->2
[309.843s][info][gc,heap        ] GC(741) Humongous regions: 11->11
[309.843s][info][gc,metaspace   ] GC(741) Metaspace: 44229K(45568K)->44229K(45568K) NonClass: 39001K(39936K)->39001K(39936K) Class: 5227K(5632K)->5227K(5632K)
[309.843s][info][gc             ] GC(741) Pause Young (Normal) (G1 Humongous Allocation) 497M->497M(512M) 0.601ms
[309.843s][info][gc,cpu         ] GC(741) User=0.00s Sys=0.00s Real=0.00s
[309.843s][info][gc,task        ] GC(742) Using 8 workers of 8 for full compaction
[309.843s][info][gc,start       ] GC(742) Pause Full (G1 Humongous Allocation)
[309.843s][info][gc,phases,start] GC(742) Phase 1: Mark live objects
[310.062s][info][gc,phases      ] GC(742) Phase 1: Mark live objects 218.177ms
[310.062s][info][gc,phases,start] GC(742) Phase 2: Prepare for compaction
[310.092s][info][gc,phases      ] GC(742) Phase 2: Prepare for compaction 30.028ms
[310.092s][info][gc,phases,start] GC(742) Phase 3: Adjust pointers
[310.161s][info][gc,phases      ] GC(742) Phase 3: Adjust pointers 69.475ms
[310.161s][info][gc,phases,start] GC(742) Phase 4: Compact heap
[310.188s][info][gc,phases      ] GC(742) Phase 4: Compact heap 26.546ms
[310.192s][info][gc,heap        ] GC(742) Eden regions: 0->0(25)
[310.192s][info][gc,heap        ] GC(742) Survivor regions: 1->0(4)
[310.192s][info][gc,heap        ] GC(742) Old regions: 487->488
[310.192s][info][gc,heap        ] GC(742) Archive regions: 2->2
[310.192s][info][gc,heap        ] GC(742) Humongous regions: 11->11
[310.192s][info][gc,metaspace   ] GC(742) Metaspace: 44229K(45568K)->44229K(45568K) NonClass: 39001K(39936K)->39001K(39936K) Class: 5227K(5632K)->5227K(5632K)
[310.192s][info][gc             ] GC(742) Pause Full (G1 Humongous Allocation) 497M->497M(512M) 349.214ms
[310.193s][info][gc,cpu         ] GC(742) User=2.47s Sys=0.02s Real=0.35s
[310.193s][info][gc,task        ] GC(743) Using 8 workers of 8 for full compaction
[310.193s][info][gc,start       ] GC(743) Pause Full (G1 Humongous Allocation)
[310.193s][info][gc,phases,start] GC(743) Phase 1: Mark live objects
[310.473s][info][gc,phases      ] GC(743) Phase 1: Mark live objects 280.086ms
[310.474s][info][gc,phases,start] GC(743) Phase 2: Prepare for compaction
[310.516s][info][gc,phases      ] GC(743) Phase 2: Prepare for compaction 42.022ms
[310.516s][info][gc,phases,start] GC(743) Phase 3: Adjust pointers
[310.609s][info][gc,phases      ] GC(743) Phase 3: Adjust pointers 93.243ms
[310.609s][info][gc,phases,start] GC(743) Phase 4: Compact heap
[310.640s][info][gc,phases      ] GC(743) Phase 4: Compact heap 31.540ms
[310.645s][info][gc,heap        ] GC(743) Eden regions: 0->0(25)
[310.645s][info][gc,heap        ] GC(743) Survivor regions: 0->0(4)
[310.645s][info][gc,heap        ] GC(743) Old regions: 488->488
[310.645s][info][gc,heap        ] GC(743) Archive regions: 2->2
[310.645s][info][gc,heap        ] GC(743) Humongous regions: 11->11
[310.645s][info][gc,metaspace   ] GC(743) Metaspace: 44229K(45568K)->44229K(45568K) NonClass: 39001K(39936K)->39001K(39936K) Class: 5227K(5632K)->5227K(5632K)
[310.645s][info][gc             ] GC(743) Pause Full (G1 Humongous Allocation) 497M->497M(512M) 451.475ms
[310.647s][info][gc,cpu         ] GC(743) User=2.44s Sys=0.03s Real=0.46s
[310.647s][info][gc,marking     ] GC(740) Concurrent Mark From Roots 804.562ms
[310.647s][info][gc,marking     ] GC(740) Concurrent Mark Abort
[310.647s][info][gc             ] GC(740) Concurrent Cycle 805.136ms
[310.647s][info][gc,start       ] GC(744) Pause Young (Concurrent Start) (G1 Humongous Allocation)
[310.647s][info][gc,task        ] GC(744) Using 8 workers of 8 for evacuation
[310.648s][info][gc,phases      ] GC(744)   Pre Evacuate Collection Set: 0.1ms
[310.648s][info][gc,phases      ] GC(744)   Merge Heap Roots: 0.0ms
[310.648s][info][gc,phases      ] GC(744)   Evacuate Collection Set: 0.5ms
[310.648s][info][gc,phases      ] GC(744)   Post Evacuate Collection Set: 0.2ms
[310.648s][info][gc,phases      ] GC(744)   Other: 0.1ms
[310.648s][info][gc,heap        ] GC(744) Eden regions: 1->0(24)
[310.648s][info][gc,heap        ] GC(744) Survivor regions: 0->1(4)
[310.648s][info][gc,heap        ] GC(744) Old regions: 488->488
[310.648s][info][gc,heap        ] GC(744) Archive regions: 2->2
[310.648s][info][gc,heap        ] GC(744) Humongous regions: 11->11
[310.648s][info][gc,metaspace   ] GC(744) Metaspace: 44229K(45568K)->44229K(45568K) NonClass: 39001K(39936K)->39001K(39936K) Class: 5227K(5632K)->5227K(5632K)
[310.648s][info][gc             ] GC(744) Pause Young (Concurrent Start) (G1 Humongous Allocation) 497M->497M(512M) 0.930ms
[310.648s][info][gc,cpu         ] GC(744) User=0.00s Sys=0.00s Real=0.00s
[310.648s][info][gc             ] GC(745) Concurrent Cycle
[310.648s][info][gc,marking     ] GC(745) Concurrent Clear Claimed Marks
[310.648s][info][gc,marking     ] GC(745) Concurrent Clear Claimed Marks 0.019ms
[310.648s][info][gc,marking     ] GC(745) Concurrent Scan Root Regions
[310.648s][info][gc,marking     ] GC(745) Concurrent Scan Root Regions 0.384ms
[310.648s][info][gc,marking     ] GC(745) Concurrent Mark (310.648s)
[310.648s][info][gc,marking     ] GC(745) Concurrent Mark From Roots
[310.648s][info][gc,task        ] GC(745) Using 2 workers of 2 for marking
[310.648s][info][gc,start       ] GC(746) Pause Young (Normal) (G1 Humongous Allocation)
[310.648s][info][gc,task        ] GC(746) Using 8 workers of 8 for evacuation
[310.649s][info][gc,phases      ] GC(746)   Pre Evacuate Collection Set: 0.4ms
[310.649s][info][gc,phases      ] GC(746)   Merge Heap Roots: 0.0ms
[310.649s][info][gc,phases      ] GC(746)   Evacuate Collection Set: 0.2ms
[310.649s][info][gc,phases      ] GC(746)   Post Evacuate Collection Set: 0.1ms
[310.649s][info][gc,phases      ] GC(746)   Other: 0.1ms
[310.649s][info][gc,heap        ] GC(746) Eden regions: 0->0(24)
[310.649s][info][gc,heap        ] GC(746) Survivor regions: 1->1(4)
[310.649s][info][gc,heap        ] GC(746) Old regions: 488->488
[310.649s][info][gc,heap        ] GC(746) Archive regions: 2->2
[310.649s][info][gc,heap        ] GC(746) Humongous regions: 11->11
[310.649s][info][gc,metaspace   ] GC(746) Metaspace: 44229K(45568K)->44229K(45568K) NonClass: 39001K(39936K)->39001K(39936K) Class: 5227K(5632K)->5227K(5632K)
[310.649s][info][gc             ] GC(746) Pause Young (Normal) (G1 Humongous Allocation) 497M->497M(512M) 0.539ms
[310.649s][info][gc,cpu         ] GC(746) User=0.01s Sys=0.00s Real=0.00s
[310.649s][info][gc,task        ] GC(747) Using 8 workers of 8 for full compaction
[310.649s][info][gc,start       ] GC(747) Pause Full (G1 Humongous Allocation)
[310.650s][info][gc,phases,start] GC(747) Phase 1: Mark live objects
[310.902s][info][gc,phases      ] GC(747) Phase 1: Mark live objects 252.360ms
[310.902s][info][gc,phases,start] GC(747) Phase 2: Prepare for compaction
[310.943s][info][gc,phases      ] GC(747) Phase 2: Prepare for compaction 41.415ms
[310.943s][info][gc,phases,start] GC(747) Phase 3: Adjust pointers
[311.058s][info][gc,phases      ] GC(747) Phase 3: Adjust pointers 114.846ms
[311.058s][info][gc,phases,start] GC(747) Phase 4: Compact heap
[311.097s][info][gc,phases      ] GC(747) Phase 4: Compact heap 38.225ms
[311.101s][info][gc,heap        ] GC(747) Eden regions: 0->0(25)
[311.101s][info][gc,heap        ] GC(747) Survivor regions: 1->0(4)
[311.101s][info][gc,heap        ] GC(747) Old regions: 488->489
[311.101s][info][gc,heap        ] GC(747) Archive regions: 2->2
[311.101s][info][gc,heap        ] GC(747) Humongous regions: 11->11
[311.101s][info][gc,metaspace   ] GC(747) Metaspace: 44229K(45568K)->44229K(45568K) NonClass: 39001K(39936K)->39001K(39936K) Class: 5227K(5632K)->5227K(5632K)
[311.101s][info][gc             ] GC(747) Pause Full (G1 Humongous Allocation) 497M->497M(512M) 452.380ms
[311.103s][info][gc,cpu         ] GC(747) User=2.46s Sys=0.05s Real=0.45s
[311.103s][info][gc,task        ] GC(748) Using 8 workers of 8 for full compaction
[311.103s][info][gc,start       ] GC(748) Pause Full (G1 Humongous Allocation)
[311.103s][info][gc,phases,start] GC(748) Phase 1: Mark live objects
[311.428s][info][gc,phases      ] GC(748) Phase 1: Mark live objects 324.622ms
[311.428s][info][gc,phases,start] GC(748) Phase 2: Prepare for compaction
[311.467s][info][gc,phases      ] GC(748) Phase 2: Prepare for compaction 39.285ms
[311.467s][info][gc,phases,start] GC(748) Phase 3: Adjust pointers
[311.550s][info][gc,phases      ] GC(748) Phase 3: Adjust pointers 82.681ms
[311.550s][info][gc,phases,start] GC(748) Phase 4: Compact heap
[311.579s][info][gc,phases      ] GC(748) Phase 4: Compact heap 29.366ms
[311.583s][info][gc,heap        ] GC(748) Eden regions: 0->0(25)
[311.584s][info][gc,heap        ] GC(748) Survivor regions: 0->0(4)
[311.584s][info][gc,heap        ] GC(748) Old regions: 489->488
[311.584s][info][gc,heap        ] GC(748) Archive regions: 2->2
[311.584s][info][gc,heap        ] GC(748) Humongous regions: 11->11
[311.584s][info][gc,metaspace   ] GC(748) Metaspace: 44229K(45568K)->44229K(45568K) NonClass: 39001K(39936K)->39001K(39936K) Class: 5227K(5632K)->5227K(5632K)
[311.584s][info][gc             ] GC(748) Pause Full (G1 Humongous Allocation) 497M->497M(512M) 480.616ms
[311.586s][info][gc,cpu         ] GC(748) User=2.48s Sys=0.04s Real=0.49s
[311.586s][info][gc,marking     ] GC(745) Concurrent Mark From Roots 937.451ms
[311.586s][info][gc,marking     ] GC(745) Concurrent Mark Abort
[311.586s][info][gc             ] GC(745) Concurrent Cycle 937.950ms
[311.586s][info][gc,start       ] GC(749) Pause Young (Normal) (G1 Humongous Allocation)
[311.586s][info][gc,task        ] GC(749) Using 8 workers of 8 for evacuation
[311.587s][info][gc,phases      ] GC(749)   Pre Evacuate Collection Set: 0.1ms
[311.587s][info][gc,phases      ] GC(749)   Merge Heap Roots: 0.0ms
[311.587s][info][gc,phases      ] GC(749)   Evacuate Collection Set: 0.2ms
[311.587s][info][gc,phases      ] GC(749)   Post Evacuate Collection Set: 0.2ms
[311.587s][info][gc,phases      ] GC(749)   Other: 0.1ms
[311.587s][info][gc,heap        ] GC(749) Eden regions: 1->0(24)
[311.587s][info][gc,heap        ] GC(749) Survivor regions: 0->1(4)
[311.587s][info][gc,heap        ] GC(749) Old regions: 488->488
[311.587s][info][gc,heap        ] GC(749) Archive regions: 2->2
[311.587s][info][gc,heap        ] GC(749) Humongous regions: 11->11
[311.587s][info][gc,metaspace   ] GC(749) Metaspace: 44229K(45568K)->44229K(45568K) NonClass: 39001K(39936K)->39001K(39936K) Class: 5227K(5632K)->5227K(5632K)
[311.587s][info][gc             ] GC(749) Pause Young (Normal) (G1 Humongous Allocation) 497M->497M(512M) 0.723ms
[311.587s][info][gc,cpu         ] GC(749) User=0.00s Sys=0.00s Real=0.00s
[311.587s][info][gc,task        ] GC(750) Using 8 workers of 8 for full compaction
[311.587s][info][gc,start       ] GC(750) Pause Full (G1 Humongous Allocation)
[311.587s][info][gc,phases,start] GC(750) Phase 1: Mark live objects
[311.841s][info][gc,phases      ] GC(750) Phase 1: Mark live objects 253.846ms
[311.841s][info][gc,phases,start] GC(750) Phase 2: Prepare for compaction
[311.872s][info][gc,phases      ] GC(750) Phase 2: Prepare for compaction 31.400ms
[311.872s][info][gc,phases,start] GC(750) Phase 3: Adjust pointers
[311.950s][info][gc,phases      ] GC(750) Phase 3: Adjust pointers 78.140ms
[311.950s][info][gc,phases,start] GC(750) Phase 4: Compact heap
[311.976s][info][gc,phases      ] GC(750) Phase 4: Compact heap 25.293ms
[311.981s][info][gc,heap        ] GC(750) Eden regions: 0->0(25)
[311.981s][info][gc,heap        ] GC(750) Survivor regions: 1->0(4)
[311.981s][info][gc,heap        ] GC(750) Old regions: 488->488
[311.981s][info][gc,heap        ] GC(750) Archive regions: 2->2
[311.981s][info][gc,heap        ] GC(750) Humongous regions: 11->11
[311.981s][info][gc,metaspace   ] GC(750) Metaspace: 44229K(45568K)->44229K(45568K) NonClass: 39001K(39936K)->39001K(39936K) Class: 5227K(5632K)->5227K(5632K)
[311.982s][info][gc             ] GC(750) Pause Full (G1 Humongous Allocation) 497M->497M(512M) 394.830ms
[311.983s][info][gc,cpu         ] GC(750) User=2.48s Sys=0.03s Real=0.39s
[311.983s][info][gc,task        ] GC(751) Using 8 workers of 8 for full compaction
[311.983s][info][gc,start       ] GC(751) Pause Full (G1 Humongous Allocation)
[311.983s][info][gc,phases,start] GC(751) Phase 1: Mark live objects
[312.218s][info][gc,phases      ] GC(751) Phase 1: Mark live objects 234.484ms
[312.218s][info][gc,phases,start] GC(751) Phase 2: Prepare for compaction
[312.248s][info][gc,phases      ] GC(751) Phase 2: Prepare for compaction 30.339ms
[312.248s][info][gc,phases,start] GC(751) Phase 3: Adjust pointers
[312.322s][info][gc,phases      ] GC(751) Phase 3: Adjust pointers 73.663ms
[312.322s][info][gc,phases,start] GC(751) Phase 4: Compact heap
[312.348s][info][gc,phases      ] GC(751) Phase 4: Compact heap 25.801ms
[312.352s][info][gc,heap        ] GC(751) Eden regions: 0->0(25)
[312.352s][info][gc,heap        ] GC(751) Survivor regions: 0->0(4)
[312.352s][info][gc,heap        ] GC(751) Old regions: 488->488
[312.352s][info][gc,heap        ] GC(751) Archive regions: 2->2
[312.352s][info][gc,heap        ] GC(751) Humongous regions: 11->11
[312.352s][info][gc,metaspace   ] GC(751) Metaspace: 44229K(45568K)->44229K(45568K) NonClass: 39001K(39936K)->39001K(39936K) Class: 5227K(5632K)->5227K(5632K)
[312.352s][info][gc             ] GC(751) Pause Full (G1 Humongous Allocation) 497M->497M(512M) 368.663ms
[312.354s][info][gc,cpu         ] GC(751) User=2.47s Sys=0.03s Real=0.37s
[312.354s][info][gc,start       ] GC(752) Pause Young (Concurrent Start) (G1 Humongous Allocation)
[312.354s][info][gc,task        ] GC(752) Using 8 workers of 8 for evacuation
[312.355s][info][gc,phases      ] GC(752)   Pre Evacuate Collection Set: 0.1ms
[312.355s][info][gc,phases      ] GC(752)   Merge Heap Roots: 0.0ms
[312.355s][info][gc,phases      ] GC(752)   Evacuate Collection Set: 0.5ms
[312.355s][info][gc,phases      ] GC(752)   Post Evacuate Collection Set: 0.1ms
[312.355s][info][gc,phases      ] GC(752)   Other: 0.1ms
[312.355s][info][gc,heap        ] GC(752) Eden regions: 0->0(25)
[312.355s][info][gc,heap        ] GC(752) Survivor regions: 0->0(4)
[312.355s][info][gc,heap        ] GC(752) Old regions: 488->488
[312.355s][info][gc,heap        ] GC(752) Archive regions: 2->2
[312.355s][info][gc,heap        ] GC(752) Humongous regions: 11->11
[312.355s][info][gc,metaspace   ] GC(752) Metaspace: 44229K(45568K)->44229K(45568K) NonClass: 39001K(39936K)->39001K(39936K) Class: 5227K(5632K)->5227K(5632K)
[312.355s][info][gc             ] GC(752) Pause Young (Concurrent Start) (G1 Humongous Allocation) 497M->497M(512M) 0.870ms
[312.355s][info][gc,cpu         ] GC(752) User=0.00s Sys=0.00s Real=0.00s
[312.355s][info][gc,task        ] GC(753) Using 8 workers of 8 for full compaction
[312.355s][info][gc,start       ] GC(753) Pause Full (G1 Humongous Allocation)
[312.355s][info][gc             ] GC(754) Concurrent Cycle
[312.355s][info][gc,marking     ] GC(754) Concurrent Clear Claimed Marks
[312.355s][info][gc,marking     ] GC(754) Concurrent Clear Claimed Marks 0.042ms
[312.355s][info][gc,marking     ] GC(754) Concurrent Scan Root Regions
[312.355s][info][gc,marking     ] GC(754) Concurrent Scan Root Regions 0.021ms
[312.355s][info][gc,marking     ] GC(754) Concurrent Mark (312.355s)
[312.355s][info][gc,marking     ] GC(754) Concurrent Mark From Roots
[312.355s][info][gc,task        ] GC(754) Using 2 workers of 2 for marking
[312.356s][info][gc,phases,start] GC(753) Phase 1: Mark live objects
[312.588s][info][gc,phases      ] GC(753) Phase 1: Mark live objects 232.786ms
[312.588s][info][gc,phases,start] GC(753) Phase 2: Prepare for compaction
[312.619s][info][gc,phases      ] GC(753) Phase 2: Prepare for compaction 30.357ms
[312.619s][info][gc,phases,start] GC(753) Phase 3: Adjust pointers
[312.694s][info][gc,phases      ] GC(753) Phase 3: Adjust pointers 74.897ms
[312.694s][info][gc,phases,start] GC(753) Phase 4: Compact heap
[312.721s][info][gc,phases      ] GC(753) Phase 4: Compact heap 27.501ms
[312.726s][info][gc,heap        ] GC(753) Eden regions: 0->0(25)
[312.726s][info][gc,heap        ] GC(753) Survivor regions: 0->0(4)
[312.726s][info][gc,heap        ] GC(753) Old regions: 488->487
[312.726s][info][gc,heap        ] GC(753) Archive regions: 2->2
[312.726s][info][gc,heap        ] GC(753) Humongous regions: 11->11
[312.726s][info][gc,metaspace   ] GC(753) Metaspace: 44229K(45568K)->44229K(45568K) NonClass: 39001K(39936K)->39001K(39936K) Class: 5227K(5632K)->5227K(5632K)
[312.726s][info][gc             ] GC(753) Pause Full (G1 Humongous Allocation) 497M->497M(512M) 370.738ms
[312.727s][info][gc,cpu         ] GC(753) User=2.47s Sys=0.03s Real=0.38s
[312.727s][info][gc,task        ] GC(755) Using 8 workers of 8 for full compaction
[312.727s][info][gc,start       ] GC(755) Pause Full (G1 Humongous Allocation)
[312.727s][info][gc,phases,start] GC(755) Phase 1: Mark live objects
[312.953s][info][gc,phases      ] GC(755) Phase 1: Mark live objects 225.610ms
[312.953s][info][gc,phases,start] GC(755) Phase 2: Prepare for compaction
[312.984s][info][gc,phases      ] GC(755) Phase 2: Prepare for compaction 31.056ms
[312.984s][info][gc,phases,start] GC(755) Phase 3: Adjust pointers
[313.057s][info][gc,phases      ] GC(755) Phase 3: Adjust pointers 72.989ms
[313.057s][info][gc,phases,start] GC(755) Phase 4: Compact heap
[313.090s][info][gc,phases      ] GC(755) Phase 4: Compact heap 32.820ms
[313.094s][info][gc,heap        ] GC(755) Eden regions: 0->0(25)
[313.094s][info][gc,heap        ] GC(755) Survivor regions: 0->0(4)
[313.094s][info][gc,heap        ] GC(755) Old regions: 487->487
[313.094s][info][gc,heap        ] GC(755) Archive regions: 2->2
[313.094s][info][gc,heap        ] GC(755) Humongous regions: 11->11
[313.094s][info][gc,metaspace   ] GC(755) Metaspace: 44229K(45568K)->44229K(45568K) NonClass: 39001K(39936K)->39001K(39936K) Class: 5227K(5632K)->5227K(5632K)
[313.094s][info][gc             ] GC(755) Pause Full (G1 Humongous Allocation) 497M->497M(512M) 367.250ms
[313.096s][info][gc,cpu         ] GC(755) User=2.46s Sys=0.02s Real=0.37s
[313.096s][info][gc,marking     ] GC(754) Concurrent Mark From Roots 740.696ms
[313.096s][info][gc,marking     ] GC(754) Concurrent Mark Abort
[313.096s][info][gc             ] GC(754) Concurrent Cycle 740.935ms
[313.096s][info][gc,start       ] GC(756) Pause Young (Normal) (G1 Humongous Allocation)
[313.096s][info][gc,task        ] GC(756) Using 8 workers of 8 for evacuation
[313.097s][info][gc,phases      ] GC(756)   Pre Evacuate Collection Set: 0.1ms
[313.097s][info][gc,phases      ] GC(756)   Merge Heap Roots: 0.0ms
[313.097s][info][gc,phases      ] GC(756)   Evacuate Collection Set: 0.2ms
[313.097s][info][gc,phases      ] GC(756)   Post Evacuate Collection Set: 0.2ms
[313.097s][info][gc,phases      ] GC(756)   Other: 0.1ms
[313.097s][info][gc,heap        ] GC(756) Eden regions: 1->0(24)
[313.097s][info][gc,heap        ] GC(756) Survivor regions: 0->1(4)
[313.097s][info][gc,heap        ] GC(756) Old regions: 487->487
[313.097s][info][gc,heap        ] GC(756) Archive regions: 2->2
[313.097s][info][gc,heap        ] GC(756) Humongous regions: 11->11
[313.097s][info][gc,metaspace   ] GC(756) Metaspace: 44230K(45568K)->44230K(45568K) NonClass: 39002K(39936K)->39002K(39936K) Class: 5227K(5632K)->5227K(5632K)
[313.097s][info][gc             ] GC(756) Pause Young (Normal) (G1 Humongous Allocation) 497M->497M(512M) 0.658ms
[313.097s][info][gc,cpu         ] GC(756) User=0.00s Sys=0.00s Real=0.00s
[313.097s][info][gc,task        ] GC(757) Using 8 workers of 8 for full compaction
[313.097s][info][gc,start       ] GC(757) Pause Full (G1 Humongous Allocation)
[313.097s][info][gc,phases,start] GC(757) Phase 1: Mark live objects
[313.321s][info][gc,phases      ] GC(757) Phase 1: Mark live objects 223.968ms
[313.321s][info][gc,phases,start] GC(757) Phase 2: Prepare for compaction
[313.354s][info][gc,phases      ] GC(757) Phase 2: Prepare for compaction 32.673ms
[313.354s][info][gc,phases,start] GC(757) Phase 3: Adjust pointers
[313.427s][info][gc,phases      ] GC(757) Phase 3: Adjust pointers 73.225ms
[313.427s][info][gc,phases,start] GC(757) Phase 4: Compact heap
[313.454s][info][gc,phases      ] GC(757) Phase 4: Compact heap 27.352ms
[313.459s][info][gc,heap        ] GC(757) Eden regions: 0->0(25)
[313.459s][info][gc,heap        ] GC(757) Survivor regions: 1->0(4)
[313.459s][info][gc,heap        ] GC(757) Old regions: 487->488
[313.459s][info][gc,heap        ] GC(757) Archive regions: 2->2
[313.459s][info][gc,heap        ] GC(757) Humongous regions: 11->11
[313.459s][info][gc,metaspace   ] GC(757) Metaspace: 44230K(45568K)->44230K(45568K) NonClass: 39002K(39936K)->39002K(39936K) Class: 5227K(5632K)->5227K(5632K)
[313.459s][info][gc             ] GC(757) Pause Full (G1 Humongous Allocation) 497M->497M(512M) 361.976ms
[313.461s][info][gc,cpu         ] GC(757) User=2.46s Sys=0.03s Real=0.36s
[313.461s][info][gc,task        ] GC(758) Using 8 workers of 8 for full compaction
[313.461s][info][gc,start       ] GC(758) Pause Full (G1 Humongous Allocation)
[313.461s][info][gc,phases,start] GC(758) Phase 1: Mark live objects
[313.688s][info][gc,phases      ] GC(758) Phase 1: Mark live objects 227.175ms
[313.688s][info][gc,phases,start] GC(758) Phase 2: Prepare for compaction
[313.719s][info][gc,phases      ] GC(758) Phase 2: Prepare for compaction 31.446ms
[313.720s][info][gc,phases,start] GC(758) Phase 3: Adjust pointers
[313.792s][info][gc,phases      ] GC(758) Phase 3: Adjust pointers 72.085ms
[313.792s][info][gc,phases,start] GC(758) Phase 4: Compact heap
[313.818s][info][gc,phases      ] GC(758) Phase 4: Compact heap 26.560ms
[313.822s][info][gc,heap        ] GC(758) Eden regions: 0->0(25)
[313.822s][info][gc,heap        ] GC(758) Survivor regions: 0->0(4)
[313.822s][info][gc,heap        ] GC(758) Old regions: 488->488
[313.822s][info][gc,heap        ] GC(758) Archive regions: 2->2
[313.822s][info][gc,heap        ] GC(758) Humongous regions: 11->11
[313.822s][info][gc,metaspace   ] GC(758) Metaspace: 44230K(45568K)->44230K(45568K) NonClass: 39002K(39936K)->39002K(39936K) Class: 5227K(5632K)->5227K(5632K)
[313.823s][info][gc             ] GC(758) Pause Full (G1 Humongous Allocation) 497M->497M(512M) 361.743ms
[313.824s][info][gc,cpu         ] GC(758) User=2.47s Sys=0.03s Real=0.36s
[313.824s][info][gc,start       ] GC(759) Pause Young (Concurrent Start) (G1 Humongous Allocation)
[313.824s][info][gc,task        ] GC(759) Using 8 workers of 8 for evacuation
[313.825s][info][gc,phases      ] GC(759)   Pre Evacuate Collection Set: 0.1ms
[313.825s][info][gc,phases      ] GC(759)   Merge Heap Roots: 0.0ms
[313.825s][info][gc,phases      ] GC(759)   Evacuate Collection Set: 0.5ms
[313.825s][info][gc,phases      ] GC(759)   Post Evacuate Collection Set: 0.2ms
[313.825s][info][gc,phases      ] GC(759)   Other: 0.1ms
[313.825s][info][gc,heap        ] GC(759) Eden regions: 1->0(24)
[313.825s][info][gc,heap        ] GC(759) Survivor regions: 0->1(4)
[313.825s][info][gc,heap        ] GC(759) Old regions: 488->488
[313.825s][info][gc,heap        ] GC(759) Archive regions: 2->2
[313.825s][info][gc,heap        ] GC(759) Humongous regions: 11->11
[313.825s][info][gc,metaspace   ] GC(759) Metaspace: 44230K(45568K)->44230K(45568K) NonClass: 39002K(39936K)->39002K(39936K) Class: 5227K(5632K)->5227K(5632K)
[313.825s][info][gc             ] GC(759) Pause Young (Concurrent Start) (G1 Humongous Allocation) 497M->497M(512M) 0.966ms
[313.825s][info][gc,cpu         ] GC(759) User=0.00s Sys=0.00s Real=0.00s
[313.825s][info][gc             ] GC(760) Concurrent Cycle
[313.825s][info][gc,marking     ] GC(760) Concurrent Clear Claimed Marks
[313.825s][info][gc,marking     ] GC(760) Concurrent Clear Claimed Marks 0.021ms
[313.825s][info][gc,marking     ] GC(760) Concurrent Scan Root Regions
[313.825s][info][gc,marking     ] GC(760) Concurrent Scan Root Regions 0.078ms
[313.825s][info][gc,marking     ] GC(760) Concurrent Mark (313.825s)
[313.825s][info][gc,start       ] GC(761) Pause Young (Normal) (G1 Humongous Allocation)
[313.825s][info][gc,marking     ] GC(760) Concurrent Mark From Roots
[313.825s][info][gc,task        ] GC(761) Using 8 workers of 8 for evacuation
[313.825s][info][gc,task        ] GC(760) Using 2 workers of 2 for marking
[313.825s][info][gc,phases      ] GC(761)   Pre Evacuate Collection Set: 0.1ms
[313.825s][info][gc,phases      ] GC(761)   Merge Heap Roots: 0.0ms
[313.825s][info][gc,phases      ] GC(761)   Evacuate Collection Set: 0.1ms
[313.825s][info][gc,phases      ] GC(761)   Post Evacuate Collection Set: 0.1ms
[313.825s][info][gc,phases      ] GC(761)   Other: 0.1ms
[313.825s][info][gc,heap        ] GC(761) Eden regions: 1->0(24)
[313.825s][info][gc,heap        ] GC(761) Survivor regions: 1->1(4)
[313.825s][info][gc,heap        ] GC(761) Old regions: 488->488
[313.825s][info][gc,heap        ] GC(761) Archive regions: 2->2
[313.825s][info][gc,heap        ] GC(761) Humongous regions: 11->11
[313.825s][info][gc,metaspace   ] GC(761) Metaspace: 44230K(45568K)->44230K(45568K) NonClass: 39002K(39936K)->39002K(39936K) Class: 5227K(5632K)->5227K(5632K)
[313.825s][info][gc             ] GC(761) Pause Young (Normal) (G1 Humongous Allocation) 497M->497M(512M) 0.506ms
[313.825s][info][gc,cpu         ] GC(761) User=0.00s Sys=0.00s Real=0.00s
[313.825s][info][gc,task        ] GC(762) Using 8 workers of 8 for full compaction
[313.825s][info][gc,start       ] GC(762) Pause Full (G1 Humongous Allocation)
[313.826s][info][gc,phases,start] GC(762) Phase 1: Mark live objects
[314.051s][info][gc,phases      ] GC(762) Phase 1: Mark live objects 224.460ms
[314.051s][info][gc,phases,start] GC(762) Phase 2: Prepare for compaction
[314.081s][info][gc,phases      ] GC(762) Phase 2: Prepare for compaction 30.822ms
[314.081s][info][gc,phases,start] GC(762) Phase 3: Adjust pointers
[314.155s][info][gc,phases      ] GC(762) Phase 3: Adjust pointers 73.433ms
[314.155s][info][gc,phases,start] GC(762) Phase 4: Compact heap
[314.182s][info][gc,phases      ] GC(762) Phase 4: Compact heap 27.563ms
[314.187s][info][gc,heap        ] GC(762) Eden regions: 0->0(25)
[314.187s][info][gc,heap        ] GC(762) Survivor regions: 1->0(4)
[314.187s][info][gc,heap        ] GC(762) Old regions: 488->488
[314.187s][info][gc,heap        ] GC(762) Archive regions: 2->2
[314.187s][info][gc,heap        ] GC(762) Humongous regions: 11->11
[314.187s][info][gc,metaspace   ] GC(762) Metaspace: 44230K(45568K)->44230K(45568K) NonClass: 39002K(39936K)->39002K(39936K) Class: 5227K(5632K)->5227K(5632K)
[314.187s][info][gc             ] GC(762) Pause Full (G1 Humongous Allocation) 497M->497M(512M) 361.375ms
[314.189s][info][gc,cpu         ] GC(762) User=2.46s Sys=0.04s Real=0.37s
[314.189s][info][gc,task        ] GC(763) Using 8 workers of 8 for full compaction
[314.189s][info][gc,start       ] GC(763) Pause Full (G1 Humongous Allocation)
[314.189s][info][gc,phases,start] GC(763) Phase 1: Mark live objects
[314.428s][info][gc,phases      ] GC(763) Phase 1: Mark live objects 238.978ms
[314.428s][info][gc,phases,start] GC(763) Phase 2: Prepare for compaction
[314.459s][info][gc,phases      ] GC(763) Phase 2: Prepare for compaction 31.632ms
[314.459s][info][gc,phases,start] GC(763) Phase 3: Adjust pointers
[314.533s][info][gc,phases      ] GC(763) Phase 3: Adjust pointers 73.292ms
[314.533s][info][gc,phases,start] GC(763) Phase 4: Compact heap
[314.561s][info][gc,phases      ] GC(763) Phase 4: Compact heap 28.550ms
[314.565s][info][gc,heap        ] GC(763) Eden regions: 0->0(25)
[314.565s][info][gc,heap        ] GC(763) Survivor regions: 0->0(4)
[314.565s][info][gc,heap        ] GC(763) Old regions: 488->487
[314.565s][info][gc,heap        ] GC(763) Archive regions: 2->2
[314.566s][info][gc,heap        ] GC(763) Humongous regions: 11->11
[314.566s][info][gc,metaspace   ] GC(763) Metaspace: 44230K(45568K)->44230K(45568K) NonClass: 39002K(39936K)->39002K(39936K) Class: 5227K(5632K)->5227K(5632K)
[314.566s][info][gc             ] GC(763) Pause Full (G1 Humongous Allocation) 497M->497M(512M) 376.778ms
[314.567s][info][gc,cpu         ] GC(763) User=2.47s Sys=0.05s Real=0.38s
[314.567s][info][gc,marking     ] GC(760) Concurrent Mark From Roots 741.987ms
[314.567s][info][gc,marking     ] GC(760) Concurrent Mark Abort
[314.567s][info][gc             ] GC(760) Concurrent Cycle 742.187ms
[314.567s][info][gc,start       ] GC(764) Pause Young (Normal) (G1 Humongous Allocation)
[314.567s][info][gc,task        ] GC(764) Using 8 workers of 8 for evacuation
[314.568s][info][gc,phases      ] GC(764)   Pre Evacuate Collection Set: 0.1ms
[314.568s][info][gc,phases      ] GC(764)   Merge Heap Roots: 0.0ms
[314.568s][info][gc,phases      ] GC(764)   Evacuate Collection Set: 0.2ms
[314.568s][info][gc,phases      ] GC(764)   Post Evacuate Collection Set: 0.2ms
[314.568s][info][gc,phases      ] GC(764)   Other: 0.1ms
[314.568s][info][gc,heap        ] GC(764) Eden regions: 1->0(24)
[314.568s][info][gc,heap        ] GC(764) Survivor regions: 0->1(4)
[314.568s][info][gc,heap        ] GC(764) Old regions: 487->487
[314.568s][info][gc,heap        ] GC(764) Archive regions: 2->2
[314.568s][info][gc,heap        ] GC(764) Humongous regions: 11->11
[314.568s][info][gc,metaspace   ] GC(764) Metaspace: 44230K(45568K)->44230K(45568K) NonClass: 39002K(39936K)->39002K(39936K) Class: 5227K(5632K)->5227K(5632K)
[314.568s][info][gc             ] GC(764) Pause Young (Normal) (G1 Humongous Allocation) 497M->497M(512M) 0.683ms
[314.568s][info][gc,cpu         ] GC(764) User=0.00s Sys=0.00s Real=0.00s
[314.568s][info][gc,task        ] GC(765) Using 8 workers of 8 for full compaction
[314.568s][info][gc,start       ] GC(765) Pause Full (G1 Humongous Allocation)
[314.568s][info][gc,phases,start] GC(765) Phase 1: Mark live objects
[314.796s][info][gc,phases      ] GC(765) Phase 1: Mark live objects 227.646ms
[314.796s][info][gc,phases,start] GC(765) Phase 2: Prepare for compaction
[314.824s][info][gc,phases      ] GC(765) Phase 2: Prepare for compaction 28.844ms
[314.824s][info][gc,phases,start] GC(765) Phase 3: Adjust pointers
[314.900s][info][gc,phases      ] GC(765) Phase 3: Adjust pointers 75.157ms
[314.900s][info][gc,phases,start] GC(765) Phase 4: Compact heap
[314.925s][info][gc,phases      ] GC(765) Phase 4: Compact heap 25.015ms
[314.929s][info][gc,heap        ] GC(765) Eden regions: 0->0(25)
[314.929s][info][gc,heap        ] GC(765) Survivor regions: 1->0(4)
[314.929s][info][gc,heap        ] GC(765) Old regions: 487->488
[314.929s][info][gc,heap        ] GC(765) Archive regions: 2->2
[314.929s][info][gc,heap        ] GC(765) Humongous regions: 11->11
[314.929s][info][gc,metaspace   ] GC(765) Metaspace: 44230K(45568K)->44230K(45568K) NonClass: 39002K(39936K)->39002K(39936K) Class: 5227K(5632K)->5227K(5632K)
[314.929s][info][gc             ] GC(765) Pause Full (G1 Humongous Allocation) 497M->497M(512M) 361.133ms
[314.931s][info][gc,cpu         ] GC(765) User=2.48s Sys=0.02s Real=0.36s
[314.931s][info][gc,task        ] GC(766) Using 8 workers of 8 for full compaction
[314.931s][info][gc,start       ] GC(766) Pause Full (G1 Humongous Allocation)
[314.931s][info][gc,phases,start] GC(766) Phase 1: Mark live objects
[315.154s][info][gc,phases      ] GC(766) Phase 1: Mark live objects 223.274ms
[315.154s][info][gc,phases,start] GC(766) Phase 2: Prepare for compaction
[315.184s][info][gc,phases      ] GC(766) Phase 2: Prepare for compaction 29.733ms
[315.184s][info][gc,phases,start] GC(766) Phase 3: Adjust pointers
[315.258s][info][gc,phases      ] GC(766) Phase 3: Adjust pointers 73.713ms
[315.258s][info][gc,phases,start] GC(766) Phase 4: Compact heap
[315.287s][info][gc,phases      ] GC(766) Phase 4: Compact heap 29.409ms
[315.291s][info][gc,heap        ] GC(766) Eden regions: 0->0(25)
[315.292s][info][gc,heap        ] GC(766) Survivor regions: 0->0(4)
[315.292s][info][gc,heap        ] GC(766) Old regions: 488->488
[315.292s][info][gc,heap        ] GC(766) Archive regions: 2->2
[315.292s][info][gc,heap        ] GC(766) Humongous regions: 11->11
[315.292s][info][gc,metaspace   ] GC(766) Metaspace: 44230K(45568K)->44230K(45568K) NonClass: 39002K(39936K)->39002K(39936K) Class: 5227K(5632K)->5227K(5632K)
[315.292s][info][gc             ] GC(766) Pause Full (G1 Humongous Allocation) 497M->497M(512M) 360.737ms
[315.293s][info][gc,cpu         ] GC(766) User=2.49s Sys=0.04s Real=0.36s
[315.293s][info][gc,start       ] GC(767) Pause Young (Concurrent Start) (G1 Humongous Allocation)
[315.293s][info][gc,task        ] GC(767) Using 8 workers of 8 for evacuation
[315.294s][info][gc,phases      ] GC(767)   Pre Evacuate Collection Set: 0.1ms
[315.294s][info][gc,phases      ] GC(767)   Merge Heap Roots: 0.0ms
[315.294s][info][gc,phases      ] GC(767)   Evacuate Collection Set: 0.5ms
[315.294s][info][gc,phases      ] GC(767)   Post Evacuate Collection Set: 0.2ms
[315.294s][info][gc,phases      ] GC(767)   Other: 0.1ms
[315.294s][info][gc,heap        ] GC(767) Eden regions: 1->0(24)
[315.294s][info][gc,heap        ] GC(767) Survivor regions: 0->1(4)
[315.294s][info][gc,heap        ] GC(767) Old regions: 488->488
[315.294s][info][gc,heap        ] GC(767) Archive regions: 2->2
[315.294s][info][gc,heap        ] GC(767) Humongous regions: 11->11
[315.294s][info][gc,metaspace   ] GC(767) Metaspace: 44230K(45568K)->44230K(45568K) NonClass: 39002K(39936K)->39002K(39936K) Class: 5227K(5632K)->5227K(5632K)
[315.294s][info][gc             ] GC(767) Pause Young (Concurrent Start) (G1 Humongous Allocation) 497M->497M(512M) 1.026ms
[315.294s][info][gc,cpu         ] GC(767) User=0.00s Sys=0.00s Real=0.00s
[315.294s][info][gc             ] GC(768) Concurrent Cycle
[315.294s][info][gc,marking     ] GC(768) Concurrent Clear Claimed Marks
[315.294s][info][gc,marking     ] GC(768) Concurrent Clear Claimed Marks 0.039ms
[315.294s][info][gc,marking     ] GC(768) Concurrent Scan Root Regions
[315.295s][info][gc,marking     ] GC(768) Concurrent Scan Root Regions 0.508ms
[315.295s][info][gc,marking     ] GC(768) Concurrent Mark (315.295s)
[315.295s][info][gc,marking     ] GC(768) Concurrent Mark From Roots
[315.295s][info][gc,start       ] GC(769) Pause Young (Normal) (G1 Humongous Allocation)
[315.295s][info][gc,task        ] GC(768) Using 2 workers of 2 for marking
[315.295s][info][gc,task        ] GC(769) Using 8 workers of 8 for evacuation
[315.295s][info][gc,phases      ] GC(769)   Pre Evacuate Collection Set: 0.5ms
[315.296s][info][gc,phases      ] GC(769)   Merge Heap Roots: 0.0ms
[315.296s][info][gc,phases      ] GC(769)   Evacuate Collection Set: 0.2ms
[315.296s][info][gc,phases      ] GC(769)   Post Evacuate Collection Set: 0.1ms
[315.296s][info][gc,phases      ] GC(769)   Other: 0.1ms
[315.296s][info][gc,heap        ] GC(769) Eden regions: 0->0(24)
[315.296s][info][gc,heap        ] GC(769) Survivor regions: 1->1(4)
[315.296s][info][gc,heap        ] GC(769) Old regions: 488->488
[315.296s][info][gc,heap        ] GC(769) Archive regions: 2->2
[315.296s][info][gc,heap        ] GC(769) Humongous regions: 11->11
[315.296s][info][gc,metaspace   ] GC(769) Metaspace: 44230K(45568K)->44230K(45568K) NonClass: 39002K(39936K)->39002K(39936K) Class: 5227K(5632K)->5227K(5632K)
[315.296s][info][gc             ] GC(769) Pause Young (Normal) (G1 Humongous Allocation) 497M->497M(512M) 0.582ms
[315.296s][info][gc,cpu         ] GC(769) User=0.00s Sys=0.00s Real=0.01s
[315.296s][info][gc,task        ] GC(770) Using 8 workers of 8 for full compaction
[315.296s][info][gc,start       ] GC(770) Pause Full (G1 Humongous Allocation)
[315.296s][info][gc,phases,start] GC(770) Phase 1: Mark live objects
[315.522s][info][gc,phases      ] GC(770) Phase 1: Mark live objects 225.553ms
[315.522s][info][gc,phases,start] GC(770) Phase 2: Prepare for compaction
[315.555s][info][gc,phases      ] GC(770) Phase 2: Prepare for compaction 33.240ms
[315.555s][info][gc,phases,start] GC(770) Phase 3: Adjust pointers
[315.637s][info][gc,phases      ] GC(770) Phase 3: Adjust pointers 81.597ms
[315.637s][info][gc,phases,start] GC(770) Phase 4: Compact heap
[315.666s][info][gc,phases      ] GC(770) Phase 4: Compact heap 29.624ms
[315.671s][info][gc,heap        ] GC(770) Eden regions: 0->0(25)
[315.671s][info][gc,heap        ] GC(770) Survivor regions: 1->0(4)
[315.671s][info][gc,heap        ] GC(770) Old regions: 488->487
[315.671s][info][gc,heap        ] GC(770) Archive regions: 2->2
[315.671s][info][gc,heap        ] GC(770) Humongous regions: 11->11
[315.671s][info][gc,metaspace   ] GC(770) Metaspace: 44230K(45568K)->44230K(45568K) NonClass: 39002K(39936K)->39002K(39936K) Class: 5227K(5632K)->5227K(5632K)
[315.671s][info][gc             ] GC(770) Pause Full (G1 Humongous Allocation) 497M->497M(512M) 374.952ms
[315.672s][info][gc,cpu         ] GC(770) User=2.45s Sys=0.04s Real=0.37s
[315.672s][info][gc,task        ] GC(771) Using 8 workers of 8 for full compaction
[315.672s][info][gc,start       ] GC(771) Pause Full (G1 Humongous Allocation)
[315.673s][info][gc,phases,start] GC(771) Phase 1: Mark live objects
[315.903s][info][gc,phases      ] GC(771) Phase 1: Mark live objects 230.049ms
[315.903s][info][gc,phases,start] GC(771) Phase 2: Prepare for compaction
[315.939s][info][gc,phases      ] GC(771) Phase 2: Prepare for compaction 36.729ms
[315.939s][info][gc,phases,start] GC(771) Phase 3: Adjust pointers
[316.054s][info][gc,phases      ] GC(771) Phase 3: Adjust pointers 115.112ms
[316.055s][info][gc,phases,start] GC(771) Phase 4: Compact heap
[316.096s][info][gc,phases      ] GC(771) Phase 4: Compact heap 41.032ms
[316.101s][info][gc,heap        ] GC(771) Eden regions: 0->0(25)
[316.101s][info][gc,heap        ] GC(771) Survivor regions: 0->0(4)
[316.101s][info][gc,heap        ] GC(771) Old regions: 487->487
[316.101s][info][gc,heap        ] GC(771) Archive regions: 2->2
[316.101s][info][gc,heap        ] GC(771) Humongous regions: 11->11
[316.101s][info][gc,metaspace   ] GC(771) Metaspace: 44230K(45568K)->44230K(45568K) NonClass: 39002K(39936K)->39002K(39936K) Class: 5227K(5632K)->5227K(5632K)
[316.101s][info][gc             ] GC(771) Pause Full (G1 Humongous Allocation) 497M->497M(512M) 428.331ms
[316.102s][info][gc,cpu         ] GC(771) User=2.44s Sys=0.04s Real=0.43s
[316.102s][info][gc,marking     ] GC(768) Concurrent Mark From Roots 807.343ms
[316.102s][info][gc,marking     ] GC(768) Concurrent Mark Abort
[316.102s][info][gc             ] GC(768) Concurrent Cycle 808.022ms
[316.103s][info][gc,start       ] GC(772) Pause Young (Concurrent Start) (G1 Humongous Allocation)
[316.103s][info][gc,task        ] GC(772) Using 8 workers of 8 for evacuation
[316.104s][info][gc,phases      ] GC(772)   Pre Evacuate Collection Set: 0.1ms
[316.104s][info][gc,phases      ] GC(772)   Merge Heap Roots: 0.0ms
[316.104s][info][gc,phases      ] GC(772)   Evacuate Collection Set: 0.6ms
[316.104s][info][gc,phases      ] GC(772)   Post Evacuate Collection Set: 0.2ms
[316.104s][info][gc,phases      ] GC(772)   Other: 0.1ms
[316.104s][info][gc,heap        ] GC(772) Eden regions: 0->0(25)
[316.104s][info][gc,heap        ] GC(772) Survivor regions: 0->0(4)
[316.104s][info][gc,heap        ] GC(772) Old regions: 487->487
[316.104s][info][gc,heap        ] GC(772) Archive regions: 2->2
[316.104s][info][gc,heap        ] GC(772) Humongous regions: 11->11
[316.104s][info][gc,metaspace   ] GC(772) Metaspace: 44230K(45568K)->44230K(45568K) NonClass: 39002K(39936K)->39002K(39936K) Class: 5227K(5632K)->5227K(5632K)
[316.104s][info][gc             ] GC(772) Pause Young (Concurrent Start) (G1 Humongous Allocation) 497M->497M(512M) 1.137ms
[316.104s][info][gc,cpu         ] GC(772) User=0.00s Sys=0.00s Real=0.00s
[316.104s][info][gc             ] GC(773) Concurrent Cycle
[316.104s][info][gc,marking     ] GC(773) Concurrent Clear Claimed Marks
[316.104s][info][gc,marking     ] GC(773) Concurrent Clear Claimed Marks 0.024ms
[316.104s][info][gc,marking     ] GC(773) Concurrent Scan Root Regions
[316.104s][info][gc,marking     ] GC(773) Concurrent Scan Root Regions 0.012ms
[316.104s][info][gc,marking     ] GC(773) Concurrent Mark (316.104s)
[316.104s][info][gc,marking     ] GC(773) Concurrent Mark From Roots
[316.104s][info][gc,task        ] GC(773) Using 2 workers of 2 for marking
[316.104s][info][gc,start       ] GC(774) Pause Young (Normal) (G1 Humongous Allocation)
[316.104s][info][gc,task        ] GC(774) Using 8 workers of 8 for evacuation
[316.104s][info][gc,phases      ] GC(774)   Pre Evacuate Collection Set: 0.1ms
[316.104s][info][gc,phases      ] GC(774)   Merge Heap Roots: 0.0ms
[316.104s][info][gc,phases      ] GC(774)   Evacuate Collection Set: 0.2ms
[316.104s][info][gc,phases      ] GC(774)   Post Evacuate Collection Set: 0.1ms
[316.104s][info][gc,phases      ] GC(774)   Other: 0.1ms
[316.104s][info][gc,heap        ] GC(774) Eden regions: 1->0(24)
[316.104s][info][gc,heap        ] GC(774) Survivor regions: 0->1(4)
[316.104s][info][gc,heap        ] GC(774) Old regions: 487->487
[316.104s][info][gc,heap        ] GC(774) Archive regions: 2->2
[316.104s][info][gc,heap        ] GC(774) Humongous regions: 11->11
[316.104s][info][gc,metaspace   ] GC(774) Metaspace: 44230K(45568K)->44230K(45568K) NonClass: 39002K(39936K)->39002K(39936K) Class: 5227K(5632K)->5227K(5632K)
[316.104s][info][gc             ] GC(774) Pause Young (Normal) (G1 Humongous Allocation) 497M->497M(512M) 0.571ms
[316.104s][info][gc,cpu         ] GC(774) User=0.00s Sys=0.00s Real=0.00s
[316.105s][info][gc,task        ] GC(775) Using 8 workers of 8 for full compaction
[316.105s][info][gc,start       ] GC(775) Pause Full (G1 Humongous Allocation)
[316.105s][info][gc,phases,start] GC(775) Phase 1: Mark live objects
[316.377s][info][gc,phases      ] GC(775) Phase 1: Mark live objects 272.104ms
[316.377s][info][gc,phases,start] GC(775) Phase 2: Prepare for compaction
[316.405s][info][gc,phases      ] GC(775) Phase 2: Prepare for compaction 28.153ms
[316.406s][info][gc,phases,start] GC(775) Phase 3: Adjust pointers
[316.480s][info][gc,phases      ] GC(775) Phase 3: Adjust pointers 74.878ms
[316.480s][info][gc,phases,start] GC(775) Phase 4: Compact heap
[316.507s][info][gc,phases      ] GC(775) Phase 4: Compact heap 26.687ms
[316.511s][info][gc,heap        ] GC(775) Eden regions: 0->0(25)
[316.511s][info][gc,heap        ] GC(775) Survivor regions: 1->0(4)
[316.511s][info][gc,heap        ] GC(775) Old regions: 487->488
[316.511s][info][gc,heap        ] GC(775) Archive regions: 2->2
[316.511s][info][gc,heap        ] GC(775) Humongous regions: 11->11
[316.511s][info][gc,metaspace   ] GC(775) Metaspace: 44230K(45568K)->44230K(45568K) NonClass: 39002K(39936K)->39002K(39936K) Class: 5227K(5632K)->5227K(5632K)
[316.511s][info][gc             ] GC(775) Pause Full (G1 Humongous Allocation) 497M->497M(512M) 406.774ms
[316.513s][info][gc,cpu         ] GC(775) User=2.48s Sys=0.02s Real=0.41s
[316.513s][info][gc,task        ] GC(776) Using 8 workers of 8 for full compaction
[316.513s][info][gc,start       ] GC(776) Pause Full (G1 Humongous Allocation)
[316.513s][info][gc,phases,start] GC(776) Phase 1: Mark live objects
[316.747s][info][gc,phases      ] GC(776) Phase 1: Mark live objects 234.116ms
[316.747s][info][gc,phases,start] GC(776) Phase 2: Prepare for compaction
[316.777s][info][gc,phases      ] GC(776) Phase 2: Prepare for compaction 29.479ms
[316.777s][info][gc,phases,start] GC(776) Phase 3: Adjust pointers
[316.850s][info][gc,phases      ] GC(776) Phase 3: Adjust pointers 73.145ms
[316.850s][info][gc,phases,start] GC(776) Phase 4: Compact heap
[316.883s][info][gc,phases      ] GC(776) Phase 4: Compact heap 32.758ms
[316.888s][info][gc,heap        ] GC(776) Eden regions: 0->0(25)
[316.888s][info][gc,heap        ] GC(776) Survivor regions: 0->0(4)
[316.888s][info][gc,heap        ] GC(776) Old regions: 488->488
[316.888s][info][gc,heap        ] GC(776) Archive regions: 2->2
[316.888s][info][gc,heap        ] GC(776) Humongous regions: 11->11
[316.888s][info][gc,metaspace   ] GC(776) Metaspace: 44230K(45568K)->44230K(45568K) NonClass: 39002K(39936K)->39002K(39936K) Class: 5227K(5632K)->5227K(5632K)
[316.888s][info][gc             ] GC(776) Pause Full (G1 Humongous Allocation) 497M->497M(512M) 375.198ms
[316.890s][info][gc,cpu         ] GC(776) User=2.47s Sys=0.02s Real=0.38s
[316.891s][info][gc,marking     ] GC(773) Concurrent Mark From Roots 786.720ms
[316.891s][info][gc,marking     ] GC(773) Concurrent Mark Abort
[316.891s][info][gc             ] GC(773) Concurrent Cycle 786.868ms
[316.891s][info][gc,start       ] GC(777) Pause Young (Normal) (G1 Humongous Allocation)
[316.891s][info][gc,task        ] GC(777) Using 8 workers of 8 for evacuation
[316.891s][info][gc,phases      ] GC(777)   Pre Evacuate Collection Set: 0.1ms
[316.891s][info][gc,phases      ] GC(777)   Merge Heap Roots: 0.0ms
[316.891s][info][gc,phases      ] GC(777)   Evacuate Collection Set: 0.2ms
[316.891s][info][gc,phases      ] GC(777)   Post Evacuate Collection Set: 0.2ms
[316.891s][info][gc,phases      ] GC(777)   Other: 0.1ms
[316.891s][info][gc,heap        ] GC(777) Eden regions: 0->0(25)
[316.891s][info][gc,heap        ] GC(777) Survivor regions: 0->0(4)
[316.891s][info][gc,heap        ] GC(777) Old regions: 488->488
[316.891s][info][gc,heap        ] GC(777) Archive regions: 2->2
[316.891s][info][gc,heap        ] GC(777) Humongous regions: 11->11
[316.891s][info][gc,metaspace   ] GC(777) Metaspace: 44230K(45568K)->44230K(45568K) NonClass: 39002K(39936K)->39002K(39936K) Class: 5227K(5632K)->5227K(5632K)
[316.891s][info][gc             ] GC(777) Pause Young (Normal) (G1 Humongous Allocation) 497M->497M(512M) 0.670ms
[316.891s][info][gc,cpu         ] GC(777) User=0.00s Sys=0.00s Real=0.00s
[316.891s][info][gc,task        ] GC(778) Using 8 workers of 8 for full compaction
[316.891s][info][gc,start       ] GC(778) Pause Full (G1 Humongous Allocation)
[316.891s][info][gc,phases,start] GC(778) Phase 1: Mark live objects
[317.118s][info][gc,phases      ] GC(778) Phase 1: Mark live objects 226.518ms
[317.118s][info][gc,phases,start] GC(778) Phase 2: Prepare for compaction
[317.149s][info][gc,phases      ] GC(778) Phase 2: Prepare for compaction 31.096ms
[317.149s][info][gc,phases,start] GC(778) Phase 3: Adjust pointers
[317.227s][info][gc,phases      ] GC(778) Phase 3: Adjust pointers 77.817ms
[317.227s][info][gc,phases,start] GC(778) Phase 4: Compact heap
[317.254s][info][gc,phases      ] GC(778) Phase 4: Compact heap 27.149ms
[317.259s][info][gc,heap        ] GC(778) Eden regions: 0->0(25)
[317.259s][info][gc,heap        ] GC(778) Survivor regions: 0->0(4)
[317.259s][info][gc,heap        ] GC(778) Old regions: 488->488
[317.259s][info][gc,heap        ] GC(778) Archive regions: 2->2
[317.259s][info][gc,heap        ] GC(778) Humongous regions: 11->11
[317.259s][info][gc,metaspace   ] GC(778) Metaspace: 44230K(45568K)->44230K(45568K) NonClass: 39002K(39936K)->39002K(39936K) Class: 5227K(5632K)->5227K(5632K)
[317.259s][info][gc             ] GC(778) Pause Full (G1 Humongous Allocation) 497M->497M(512M) 367.209ms
[317.261s][info][gc,cpu         ] GC(778) User=2.47s Sys=0.03s Real=0.37s
[317.261s][info][gc,task        ] GC(779) Using 8 workers of 8 for full compaction
[317.261s][info][gc,start       ] GC(779) Pause Full (G1 Humongous Allocation)
[317.261s][info][gc,phases,start] GC(779) Phase 1: Mark live objects
[317.504s][info][gc,phases      ] GC(779) Phase 1: Mark live objects 243.340ms
[317.504s][info][gc,phases,start] GC(779) Phase 2: Prepare for compaction
[317.535s][info][gc,phases      ] GC(779) Phase 2: Prepare for compaction 30.747ms
[317.535s][info][gc,phases,start] GC(779) Phase 3: Adjust pointers
[317.608s][info][gc,phases      ] GC(779) Phase 3: Adjust pointers 72.905ms
[317.608s][info][gc,phases,start] GC(779) Phase 4: Compact heap
[317.637s][info][gc,phases      ] GC(779) Phase 4: Compact heap 28.599ms
[317.641s][info][gc,heap        ] GC(779) Eden regions: 0->0(25)
[317.641s][info][gc,heap        ] GC(779) Survivor regions: 0->0(4)
[317.641s][info][gc,heap        ] GC(779) Old regions: 488->488
[317.641s][info][gc,heap        ] GC(779) Archive regions: 2->2
[317.641s][info][gc,heap        ] GC(779) Humongous regions: 11->11
[317.641s][info][gc,metaspace   ] GC(779) Metaspace: 44230K(45568K)->44230K(45568K) NonClass: 39002K(39936K)->39002K(39936K) Class: 5227K(5632K)->5227K(5632K)
[317.641s][info][gc             ] GC(779) Pause Full (G1 Humongous Allocation) 497M->497M(512M) 379.992ms
[317.643s][info][gc,cpu         ] GC(779) User=2.46s Sys=0.02s Real=0.38s
[317.643s][info][gc,start       ] GC(780) Pause Young (Concurrent Start) (G1 Humongous Allocation)
[317.643s][info][gc,task        ] GC(780) Using 8 workers of 8 for evacuation
[317.644s][info][gc,phases      ] GC(780)   Pre Evacuate Collection Set: 0.1ms
[317.644s][info][gc,phases      ] GC(780)   Merge Heap Roots: 0.0ms
[317.644s][info][gc,phases      ] GC(780)   Evacuate Collection Set: 0.5ms
[317.644s][info][gc,phases      ] GC(780)   Post Evacuate Collection Set: 0.2ms
[317.644s][info][gc,phases      ] GC(780)   Other: 0.1ms
[317.644s][info][gc,heap        ] GC(780) Eden regions: 1->0(24)
[317.644s][info][gc,heap        ] GC(780) Survivor regions: 0->1(4)
[317.644s][info][gc,heap        ] GC(780) Old regions: 488->488
[317.644s][info][gc,heap        ] GC(780) Archive regions: 2->2
[317.644s][info][gc,heap        ] GC(780) Humongous regions: 11->11
[317.644s][info][gc,metaspace   ] GC(780) Metaspace: 44230K(45568K)->44230K(45568K) NonClass: 39002K(39936K)->39002K(39936K) Class: 5227K(5632K)->5227K(5632K)
[317.644s][info][gc             ] GC(780) Pause Young (Concurrent Start) (G1 Humongous Allocation) 497M->497M(512M) 1.090ms
[317.644s][info][gc,cpu         ] GC(780) User=0.00s Sys=0.00s Real=0.00s
[317.644s][info][gc             ] GC(781) Concurrent Cycle
[317.644s][info][gc,marking     ] GC(781) Concurrent Clear Claimed Marks
[317.644s][info][gc,marking     ] GC(781) Concurrent Clear Claimed Marks 0.033ms
[317.645s][info][gc,marking     ] GC(781) Concurrent Scan Root Regions
[317.645s][info][gc,marking     ] GC(781) Concurrent Scan Root Regions 0.428ms
[317.645s][info][gc,marking     ] GC(781) Concurrent Mark (317.645s)
[317.645s][info][gc,start       ] GC(782) Pause Young (Normal) (G1 Humongous Allocation)
[317.645s][info][gc,marking     ] GC(781) Concurrent Mark From Roots
[317.645s][info][gc,task        ] GC(782) Using 8 workers of 8 for evacuation
[317.645s][info][gc,task        ] GC(781) Using 2 workers of 2 for marking
[317.645s][info][gc,phases      ] GC(782)   Pre Evacuate Collection Set: 0.3ms
[317.645s][info][gc,phases      ] GC(782)   Merge Heap Roots: 0.0ms
[317.645s][info][gc,phases      ] GC(782)   Evacuate Collection Set: 0.2ms
[317.646s][info][gc,phases      ] GC(782)   Post Evacuate Collection Set: 0.1ms
[317.646s][info][gc,phases      ] GC(782)   Other: 0.1ms
[317.646s][info][gc,heap        ] GC(782) Eden regions: 1->0(24)
[317.646s][info][gc,heap        ] GC(782) Survivor regions: 1->1(4)
[317.646s][info][gc,heap        ] GC(782) Old regions: 488->488
[317.646s][info][gc,heap        ] GC(782) Archive regions: 2->2
[317.646s][info][gc,heap        ] GC(782) Humongous regions: 11->11
[317.646s][info][gc,metaspace   ] GC(782) Metaspace: 44230K(45568K)->44230K(45568K) NonClass: 39002K(39936K)->39002K(39936K) Class: 5227K(5632K)->5227K(5632K)
[317.646s][info][gc             ] GC(782) Pause Young (Normal) (G1 Humongous Allocation) 497M->497M(512M) 0.627ms
[317.646s][info][gc,cpu         ] GC(782) User=0.01s Sys=0.00s Real=0.01s
[317.646s][info][gc,task        ] GC(783) Using 8 workers of 8 for full compaction
[317.646s][info][gc,start       ] GC(783) Pause Full (G1 Humongous Allocation)
[317.646s][info][gc,phases,start] GC(783) Phase 1: Mark live objects
[317.888s][info][gc,phases      ] GC(783) Phase 1: Mark live objects 242.095ms
[317.888s][info][gc,phases,start] GC(783) Phase 2: Prepare for compaction
[317.920s][info][gc,phases      ] GC(783) Phase 2: Prepare for compaction 31.740ms
[317.920s][info][gc,phases,start] GC(783) Phase 3: Adjust pointers
[317.994s][info][gc,phases      ] GC(783) Phase 3: Adjust pointers 73.603ms
[317.994s][info][gc,phases,start] GC(783) Phase 4: Compact heap
[318.021s][info][gc,phases      ] GC(783) Phase 4: Compact heap 27.113ms
[318.025s][info][gc,heap        ] GC(783) Eden regions: 0->0(25)
[318.025s][info][gc,heap        ] GC(783) Survivor regions: 1->0(4)
[318.025s][info][gc,heap        ] GC(783) Old regions: 488->486
[318.025s][info][gc,heap        ] GC(783) Archive regions: 2->2
[318.025s][info][gc,heap        ] GC(783) Humongous regions: 11->11
[318.025s][info][gc,metaspace   ] GC(783) Metaspace: 44230K(45568K)->44230K(45568K) NonClass: 39002K(39936K)->39002K(39936K) Class: 5227K(5632K)->5227K(5632K)
[318.025s][info][gc             ] GC(783) Pause Full (G1 Humongous Allocation) 497M->497M(512M) 379.595ms
[318.027s][info][gc,cpu         ] GC(783) User=2.46s Sys=0.03s Real=0.38s
[318.027s][info][gc,task        ] GC(784) Using 8 workers of 8 for full compaction
[318.027s][info][gc,start       ] GC(784) Pause Full (G1 Humongous Allocation)
[318.027s][info][gc,phases,start] GC(784) Phase 1: Mark live objects
[318.255s][info][gc,phases      ] GC(784) Phase 1: Mark live objects 227.728ms
[318.255s][info][gc,phases,start] GC(784) Phase 2: Prepare for compaction
[318.284s][info][gc,phases      ] GC(784) Phase 2: Prepare for compaction 28.427ms
[318.284s][info][gc,phases,start] GC(784) Phase 3: Adjust pointers
[318.360s][info][gc,phases      ] GC(784) Phase 3: Adjust pointers 76.329ms
[318.360s][info][gc,phases,start] GC(784) Phase 4: Compact heap
[318.388s][info][gc,phases      ] GC(784) Phase 4: Compact heap 27.973ms
[318.392s][info][gc,heap        ] GC(784) Eden regions: 0->0(25)
[318.392s][info][gc,heap        ] GC(784) Survivor regions: 0->0(4)
[318.392s][info][gc,heap        ] GC(784) Old regions: 486->486
[318.392s][info][gc,heap        ] GC(784) Archive regions: 2->2
[318.392s][info][gc,heap        ] GC(784) Humongous regions: 11->11
[318.392s][info][gc,metaspace   ] GC(784) Metaspace: 44230K(45568K)->44230K(45568K) NonClass: 39002K(39936K)->39002K(39936K) Class: 5227K(5632K)->5227K(5632K)
[318.392s][info][gc             ] GC(784) Pause Full (G1 Humongous Allocation) 497M->497M(512M) 364.945ms
[318.393s][info][gc,cpu         ] GC(784) User=2.46s Sys=0.02s Real=0.36s
[318.393s][info][gc,marking     ] GC(781) Concurrent Mark From Roots 748.422ms
[318.393s][info][gc,marking     ] GC(781) Concurrent Mark Abort
[318.393s][info][gc             ] GC(781) Concurrent Cycle 749.026ms
[318.394s][info][gc,start       ] GC(785) Pause Young (Concurrent Start) (G1 Humongous Allocation)
[318.394s][info][gc,task        ] GC(785) Using 8 workers of 8 for evacuation
[318.395s][info][gc,phases      ] GC(785)   Pre Evacuate Collection Set: 0.1ms
[318.395s][info][gc,phases      ] GC(785)   Merge Heap Roots: 0.0ms
[318.395s][info][gc,phases      ] GC(785)   Evacuate Collection Set: 0.5ms
[318.395s][info][gc,phases      ] GC(785)   Post Evacuate Collection Set: 0.2ms
[318.395s][info][gc,phases      ] GC(785)   Other: 0.1ms
[318.395s][info][gc,heap        ] GC(785) Eden regions: 0->0(25)
[318.395s][info][gc,heap        ] GC(785) Survivor regions: 0->0(4)
[318.395s][info][gc,heap        ] GC(785) Old regions: 486->486
[318.395s][info][gc,heap        ] GC(785) Archive regions: 2->2
[318.395s][info][gc,heap        ] GC(785) Humongous regions: 11->11
[318.395s][info][gc,metaspace   ] GC(785) Metaspace: 44230K(45568K)->44230K(45568K) NonClass: 39002K(39936K)->39002K(39936K) Class: 5227K(5632K)->5227K(5632K)
[318.395s][info][gc             ] GC(785) Pause Young (Concurrent Start) (G1 Humongous Allocation) 497M->497M(512M) 0.993ms
[318.395s][info][gc,cpu         ] GC(785) User=0.01s Sys=0.00s Real=0.00s
[318.395s][info][gc             ] GC(786) Concurrent Cycle
[318.395s][info][gc,marking     ] GC(786) Concurrent Clear Claimed Marks
[318.395s][info][gc,marking     ] GC(786) Concurrent Clear Claimed Marks 0.018ms
[318.395s][info][gc,marking     ] GC(786) Concurrent Scan Root Regions
[318.395s][info][gc,marking     ] GC(786) Concurrent Scan Root Regions 0.027ms
[318.395s][info][gc,marking     ] GC(786) Concurrent Mark (318.395s)
[318.395s][info][gc,marking     ] GC(786) Concurrent Mark From Roots
[318.395s][info][gc,task        ] GC(786) Using 2 workers of 2 for marking
[318.395s][info][gc,start       ] GC(787) Pause Young (Normal) (G1 Humongous Allocation)
[318.395s][info][gc,task        ] GC(787) Using 8 workers of 8 for evacuation
[318.395s][info][gc,phases      ] GC(787)   Pre Evacuate Collection Set: 0.0ms
[318.395s][info][gc,phases      ] GC(787)   Merge Heap Roots: 0.0ms
[318.395s][info][gc,phases      ] GC(787)   Evacuate Collection Set: 0.2ms
[318.395s][info][gc,phases      ] GC(787)   Post Evacuate Collection Set: 0.1ms
[318.395s][info][gc,phases      ] GC(787)   Other: 0.1ms
[318.395s][info][gc,heap        ] GC(787) Eden regions: 0->0(25)
[318.395s][info][gc,heap        ] GC(787) Survivor regions: 0->0(4)
[318.395s][info][gc,heap        ] GC(787) Old regions: 486->486
[318.395s][info][gc,heap        ] GC(787) Archive regions: 2->2
[318.395s][info][gc,heap        ] GC(787) Humongous regions: 11->11
[318.395s][info][gc,metaspace   ] GC(787) Metaspace: 44230K(45568K)->44230K(45568K) NonClass: 39002K(39936K)->39002K(39936K) Class: 5227K(5632K)->5227K(5632K)
[318.395s][info][gc             ] GC(787) Pause Young (Normal) (G1 Humongous Allocation) 497M->497M(512M) 0.634ms
[318.396s][info][gc,cpu         ] GC(787) User=0.00s Sys=0.01s Real=0.01s
[318.396s][info][gc,task        ] GC(788) Using 8 workers of 8 for full compaction
[318.396s][info][gc,start       ] GC(788) Pause Full (G1 Humongous Allocation)
[318.396s][info][gc,phases,start] GC(788) Phase 1: Mark live objects
[318.622s][info][gc,phases      ] GC(788) Phase 1: Mark live objects 225.739ms
[318.622s][info][gc,phases,start] GC(788) Phase 2: Prepare for compaction
[318.651s][info][gc,phases      ] GC(788) Phase 2: Prepare for compaction 28.552ms
[318.651s][info][gc,phases,start] GC(788) Phase 3: Adjust pointers
[318.728s][info][gc,phases      ] GC(788) Phase 3: Adjust pointers 76.924ms
[318.728s][info][gc,phases,start] GC(788) Phase 4: Compact heap
[318.754s][info][gc,phases      ] GC(788) Phase 4: Compact heap 26.680ms
[318.759s][info][gc,heap        ] GC(788) Eden regions: 0->0(25)
[318.759s][info][gc,heap        ] GC(788) Survivor regions: 0->0(4)
[318.759s][info][gc,heap        ] GC(788) Old regions: 486->486
[318.759s][info][gc,heap        ] GC(788) Archive regions: 2->2
[318.759s][info][gc,heap        ] GC(788) Humongous regions: 11->11
[318.759s][info][gc,metaspace   ] GC(788) Metaspace: 44230K(45568K)->44230K(45568K) NonClass: 39002K(39936K)->39002K(39936K) Class: 5227K(5632K)->5227K(5632K)
[318.759s][info][gc             ] GC(788) Pause Full (G1 Humongous Allocation) 497M->497M(512M) 362.999ms
[318.760s][info][gc,cpu         ] GC(788) User=2.46s Sys=0.02s Real=0.36s
[318.760s][info][gc,task        ] GC(789) Using 8 workers of 8 for full compaction
[318.760s][info][gc,start       ] GC(789) Pause Full (G1 Humongous Allocation)
[318.760s][info][gc,phases,start] GC(789) Phase 1: Mark live objects
[318.988s][info][gc,phases      ] GC(789) Phase 1: Mark live objects 228.718ms
[318.989s][info][gc,phases,start] GC(789) Phase 2: Prepare for compaction
[319.021s][info][gc,phases      ] GC(789) Phase 2: Prepare for compaction 32.943ms
[319.021s][info][gc,phases,start] GC(789) Phase 3: Adjust pointers
[319.096s][info][gc,phases      ] GC(789) Phase 3: Adjust pointers 74.088ms
[319.096s][info][gc,phases,start] GC(789) Phase 4: Compact heap
[319.127s][info][gc,phases      ] GC(789) Phase 4: Compact heap 31.403ms
[319.131s][info][gc,heap        ] GC(789) Eden regions: 0->0(25)
[319.131s][info][gc,heap        ] GC(789) Survivor regions: 0->0(4)
[319.131s][info][gc,heap        ] GC(789) Old regions: 486->486
[319.131s][info][gc,heap        ] GC(789) Archive regions: 2->2
[319.131s][info][gc,heap        ] GC(789) Humongous regions: 11->11
[319.132s][info][gc,metaspace   ] GC(789) Metaspace: 44230K(45568K)->44230K(45568K) NonClass: 39002K(39936K)->39002K(39936K) Class: 5227K(5632K)->5227K(5632K)
[319.132s][info][gc             ] GC(789) Pause Full (G1 Humongous Allocation) 497M->497M(512M) 371.800ms
[319.133s][info][gc,cpu         ] GC(789) User=2.42s Sys=0.02s Real=0.37s
[319.133s][info][gc,marking     ] GC(786) Concurrent Mark From Roots 738.004ms
[319.133s][info][gc,marking     ] GC(786) Concurrent Mark Abort
[319.133s][info][gc             ] GC(786) Concurrent Cycle 738.139ms
[319.133s][info][gc,start       ] GC(790) Pause Young (Normal) (G1 Humongous Allocation)
[319.133s][info][gc,task        ] GC(790) Using 8 workers of 8 for evacuation
[319.133s][info][gc,phases      ] GC(790)   Pre Evacuate Collection Set: 0.1ms
[319.133s][info][gc,phases      ] GC(790)   Merge Heap Roots: 0.0ms
[319.133s][info][gc,phases      ] GC(790)   Evacuate Collection Set: 0.2ms
[319.134s][info][gc,phases      ] GC(790)   Post Evacuate Collection Set: 0.2ms
[319.134s][info][gc,phases      ] GC(790)   Other: 0.1ms
[319.134s][info][gc,heap        ] GC(790) Eden regions: 1->0(24)
[319.134s][info][gc,heap        ] GC(790) Survivor regions: 0->1(4)
[319.134s][info][gc,heap        ] GC(790) Old regions: 486->486
[319.134s][info][gc,heap        ] GC(790) Archive regions: 2->2
[319.134s][info][gc,heap        ] GC(790) Humongous regions: 11->11
[319.134s][info][gc,metaspace   ] GC(790) Metaspace: 44230K(45568K)->44230K(45568K) NonClass: 39002K(39936K)->39002K(39936K) Class: 5227K(5632K)->5227K(5632K)
[319.134s][info][gc             ] GC(790) Pause Young (Normal) (G1 Humongous Allocation) 497M->497M(512M) 0.585ms
[319.134s][info][gc,cpu         ] GC(790) User=0.00s Sys=0.00s Real=0.00s
[319.134s][info][gc,task        ] GC(791) Using 8 workers of 8 for full compaction
[319.134s][info][gc,start       ] GC(791) Pause Full (G1 Humongous Allocation)
[319.134s][info][gc,phases,start] GC(791) Phase 1: Mark live objects
[319.368s][info][gc,phases      ] GC(791) Phase 1: Mark live objects 234.489ms
[319.368s][info][gc,phases,start] GC(791) Phase 2: Prepare for compaction
[319.404s][info][gc,phases      ] GC(791) Phase 2: Prepare for compaction 35.698ms
[319.404s][info][gc,phases,start] GC(791) Phase 3: Adjust pointers
[319.479s][info][gc,phases      ] GC(791) Phase 3: Adjust pointers 74.864ms
[319.479s][info][gc,phases,start] GC(791) Phase 4: Compact heap
[319.509s][info][gc,phases      ] GC(791) Phase 4: Compact heap 30.097ms
[319.513s][info][gc,heap        ] GC(791) Eden regions: 0->0(25)
[319.513s][info][gc,heap        ] GC(791) Survivor regions: 1->0(4)
[319.513s][info][gc,heap        ] GC(791) Old regions: 486->487
[319.513s][info][gc,heap        ] GC(791) Archive regions: 2->2
[319.513s][info][gc,heap        ] GC(791) Humongous regions: 11->11
[319.513s][info][gc,metaspace   ] GC(791) Metaspace: 44230K(45568K)->44230K(45568K) NonClass: 39002K(39936K)->39002K(39936K) Class: 5227K(5632K)->5227K(5632K)
[319.513s][info][gc             ] GC(791) Pause Full (G1 Humongous Allocation) 497M->497M(512M) 379.854ms
[319.514s][info][gc,cpu         ] GC(791) User=2.44s Sys=0.03s Real=0.38s
[319.514s][info][gc,task        ] GC(792) Using 8 workers of 8 for full compaction
[319.515s][info][gc,start       ] GC(792) Pause Full (G1 Humongous Allocation)
[319.515s][info][gc,phases,start] GC(792) Phase 1: Mark live objects
[319.750s][info][gc,phases      ] GC(792) Phase 1: Mark live objects 235.127ms
[319.750s][info][gc,phases,start] GC(792) Phase 2: Prepare for compaction
[319.781s][info][gc,phases      ] GC(792) Phase 2: Prepare for compaction 31.742ms
[319.781s][info][gc,phases,start] GC(792) Phase 3: Adjust pointers
[319.854s][info][gc,phases      ] GC(792) Phase 3: Adjust pointers 72.253ms
[319.854s][info][gc,phases,start] GC(792) Phase 4: Compact heap
[319.882s][info][gc,phases      ] GC(792) Phase 4: Compact heap 28.360ms
[319.887s][info][gc,heap        ] GC(792) Eden regions: 0->0(25)
[319.887s][info][gc,heap        ] GC(792) Survivor regions: 0->0(4)
[319.887s][info][gc,heap        ] GC(792) Old regions: 487->487
[319.887s][info][gc,heap        ] GC(792) Archive regions: 2->2
[319.887s][info][gc,heap        ] GC(792) Humongous regions: 11->11
[319.887s][info][gc,metaspace   ] GC(792) Metaspace: 44230K(45568K)->44230K(45568K) NonClass: 39002K(39936K)->39002K(39936K) Class: 5227K(5632K)->5227K(5632K)
[319.887s][info][gc             ] GC(792) Pause Full (G1 Humongous Allocation) 497M->497M(512M) 372.448ms
[319.888s][info][gc,cpu         ] GC(792) User=2.43s Sys=0.03s Real=0.38s
[319.888s][info][gc,start       ] GC(793) Pause Young (Concurrent Start) (G1 Humongous Allocation)
[319.889s][info][gc,task        ] GC(793) Using 8 workers of 8 for evacuation
[319.889s][info][gc,phases      ] GC(793)   Pre Evacuate Collection Set: 0.1ms
[319.889s][info][gc,phases      ] GC(793)   Merge Heap Roots: 0.0ms
[319.889s][info][gc,phases      ] GC(793)   Evacuate Collection Set: 0.5ms
[319.889s][info][gc,phases      ] GC(793)   Post Evacuate Collection Set: 0.1ms
[319.889s][info][gc,phases      ] GC(793)   Other: 0.1ms
[319.889s][info][gc,heap        ] GC(793) Eden regions: 1->0(24)
[319.889s][info][gc,heap        ] GC(793) Survivor regions: 0->1(4)
[319.889s][info][gc,heap        ] GC(793) Old regions: 487->487
[319.889s][info][gc,heap        ] GC(793) Archive regions: 2->2
[319.889s][info][gc,heap        ] GC(793) Humongous regions: 11->11
[319.889s][info][gc,metaspace   ] GC(793) Metaspace: 44230K(45568K)->44230K(45568K) NonClass: 39002K(39936K)->39002K(39936K) Class: 5227K(5632K)->5227K(5632K)
[319.889s][info][gc             ] GC(793) Pause Young (Concurrent Start) (G1 Humongous Allocation) 497M->497M(512M) 0.935ms
[319.889s][info][gc,cpu         ] GC(793) User=0.00s Sys=0.00s Real=0.00s
[319.889s][info][gc,task        ] GC(794) Using 8 workers of 8 for full compaction
[319.889s][info][gc             ] GC(795) Concurrent Cycle
[319.889s][info][gc,start       ] GC(794) Pause Full (G1 Humongous Allocation)
[319.890s][info][gc,marking     ] GC(795) Concurrent Clear Claimed Marks
[319.890s][info][gc,marking     ] GC(795) Concurrent Clear Claimed Marks 0.068ms
[319.890s][info][gc,marking     ] GC(795) Concurrent Scan Root Regions
[319.890s][info][gc,marking     ] GC(795) Concurrent Scan Root Regions 0.020ms
[319.890s][info][gc,marking     ] GC(795) Concurrent Mark (319.890s)
[319.890s][info][gc,marking     ] GC(795) Concurrent Mark From Roots
[319.890s][info][gc,task        ] GC(795) Using 2 workers of 2 for marking
[319.890s][info][gc,phases,start] GC(794) Phase 1: Mark live objects
[320.119s][info][gc,phases      ] GC(794) Phase 1: Mark live objects 228.745ms
[320.119s][info][gc,phases,start] GC(794) Phase 2: Prepare for compaction
[320.150s][info][gc,phases      ] GC(794) Phase 2: Prepare for compaction 31.098ms
[320.150s][info][gc,phases,start] GC(794) Phase 3: Adjust pointers
[320.224s][info][gc,phases      ] GC(794) Phase 3: Adjust pointers 73.744ms
[320.224s][info][gc,phases,start] GC(794) Phase 4: Compact heap
[320.250s][info][gc,phases      ] GC(794) Phase 4: Compact heap 26.203ms
[320.255s][info][gc,heap        ] GC(794) Eden regions: 0->0(25)
[320.255s][info][gc,heap        ] GC(794) Survivor regions: 1->0(4)
[320.255s][info][gc,heap        ] GC(794) Old regions: 487->487
[320.255s][info][gc,heap        ] GC(794) Archive regions: 2->2
[320.255s][info][gc,heap        ] GC(794) Humongous regions: 11->11
[320.255s][info][gc,metaspace   ] GC(794) Metaspace: 44230K(45568K)->44230K(45568K) NonClass: 39002K(39936K)->39002K(39936K) Class: 5227K(5632K)->5227K(5632K)
[320.255s][info][gc             ] GC(794) Pause Full (G1 Humongous Allocation) 497M->497M(512M) 365.489ms
[320.257s][info][gc,cpu         ] GC(794) User=2.41s Sys=0.02s Real=0.37s
[320.257s][info][gc,task        ] GC(796) Using 8 workers of 8 for full compaction
[320.257s][info][gc,start       ] GC(796) Pause Full (G1 Humongous Allocation)
[320.257s][info][gc,phases,start] GC(796) Phase 1: Mark live objects
[320.495s][info][gc,phases      ] GC(796) Phase 1: Mark live objects 238.506ms
[320.495s][info][gc,phases,start] GC(796) Phase 2: Prepare for compaction
[320.527s][info][gc,phases      ] GC(796) Phase 2: Prepare for compaction 31.760ms
[320.527s][info][gc,phases,start] GC(796) Phase 3: Adjust pointers
[320.602s][info][gc,phases      ] GC(796) Phase 3: Adjust pointers 75.168ms
[320.602s][info][gc,phases,start] GC(796) Phase 4: Compact heap
[320.625s][info][gc,phases      ] GC(796) Phase 4: Compact heap 22.940ms
[320.630s][info][gc,heap        ] GC(796) Eden regions: 0->0(25)
[320.630s][info][gc,heap        ] GC(796) Survivor regions: 0->0(4)
[320.630s][info][gc,heap        ] GC(796) Old regions: 487->486
[320.630s][info][gc,heap        ] GC(796) Archive regions: 2->2
[320.630s][info][gc,heap        ] GC(796) Humongous regions: 11->11
[320.630s][info][gc,metaspace   ] GC(796) Metaspace: 44230K(45568K)->44230K(45568K) NonClass: 39002K(39936K)->39002K(39936K) Class: 5227K(5632K)->5227K(5632K)
[320.630s][info][gc             ] GC(796) Pause Full (G1 Humongous Allocation) 497M->497M(512M) 373.095ms
[320.632s][info][gc,cpu         ] GC(796) User=2.48s Sys=0.03s Real=0.37s
[320.632s][info][gc,marking     ] GC(795) Concurrent Mark From Roots 742.170ms
[320.632s][info][gc,marking     ] GC(795) Concurrent Mark Abort
[320.632s][info][gc             ] GC(795) Concurrent Cycle 742.525ms
[320.632s][info][gc,start       ] GC(797) Pause Young (Normal) (G1 Humongous Allocation)
[320.632s][info][gc,task        ] GC(797) Using 8 workers of 8 for evacuation
[320.633s][info][gc,phases      ] GC(797)   Pre Evacuate Collection Set: 0.1ms
[320.633s][info][gc,phases      ] GC(797)   Merge Heap Roots: 0.0ms
[320.633s][info][gc,phases      ] GC(797)   Evacuate Collection Set: 0.2ms
[320.633s][info][gc,phases      ] GC(797)   Post Evacuate Collection Set: 0.2ms
[320.633s][info][gc,phases      ] GC(797)   Other: 0.1ms
[320.633s][info][gc,heap        ] GC(797) Eden regions: 0->0(25)
[320.633s][info][gc,heap        ] GC(797) Survivor regions: 0->0(4)
[320.633s][info][gc,heap        ] GC(797) Old regions: 486->486
[320.633s][info][gc,heap        ] GC(797) Archive regions: 2->2
[320.633s][info][gc,heap        ] GC(797) Humongous regions: 11->11
[320.633s][info][gc,metaspace   ] GC(797) Metaspace: 44230K(45568K)->44230K(45568K) NonClass: 39002K(39936K)->39002K(39936K) Class: 5227K(5632K)->5227K(5632K)
[320.633s][info][gc             ] GC(797) Pause Young (Normal) (G1 Humongous Allocation) 497M->497M(512M) 0.585ms
[320.633s][info][gc,cpu         ] GC(797) User=0.00s Sys=0.00s Real=0.00s
[320.633s][info][gc,task        ] GC(798) Using 8 workers of 8 for full compaction
[320.633s][info][gc,start       ] GC(798) Pause Full (G1 Humongous Allocation)
[320.633s][info][gc,phases,start] GC(798) Phase 1: Mark live objects
[320.866s][info][gc,phases      ] GC(798) Phase 1: Mark live objects 233.448ms
[320.866s][info][gc,phases,start] GC(798) Phase 2: Prepare for compaction
[320.897s][info][gc,phases      ] GC(798) Phase 2: Prepare for compaction 31.063ms
[320.897s][info][gc,phases,start] GC(798) Phase 3: Adjust pointers
[321.008s][info][gc,phases      ] GC(798) Phase 3: Adjust pointers 110.880ms
[321.008s][info][gc,phases,start] GC(798) Phase 4: Compact heap
[321.053s][info][gc,phases      ] GC(798) Phase 4: Compact heap 44.266ms
[321.058s][info][gc,heap        ] GC(798) Eden regions: 0->0(25)
[321.058s][info][gc,heap        ] GC(798) Survivor regions: 0->0(4)
[321.058s][info][gc,heap        ] GC(798) Old regions: 486->486
[321.058s][info][gc,heap        ] GC(798) Archive regions: 2->2
[321.058s][info][gc,heap        ] GC(798) Humongous regions: 11->11
[321.058s][info][gc,metaspace   ] GC(798) Metaspace: 44230K(45568K)->44230K(45568K) NonClass: 39002K(39936K)->39002K(39936K) Class: 5227K(5632K)->5227K(5632K)
[321.058s][info][gc             ] GC(798) Pause Full (G1 Humongous Allocation) 497M->497M(512M) 425.757ms
[321.060s][info][gc,cpu         ] GC(798) User=2.52s Sys=0.04s Real=0.43s
[321.060s][info][gc,task        ] GC(799) Using 8 workers of 8 for full compaction
[321.060s][info][gc,start       ] GC(799) Pause Full (G1 Humongous Allocation)
[321.060s][info][gc,phases,start] GC(799) Phase 1: Mark live objects
[321.373s][info][gc,phases      ] GC(799) Phase 1: Mark live objects 312.581ms
[321.373s][info][gc,phases,start] GC(799) Phase 2: Prepare for compaction
[321.409s][info][gc,phases      ] GC(799) Phase 2: Prepare for compaction 36.117ms
[321.409s][info][gc,phases,start] GC(799) Phase 3: Adjust pointers
[321.485s][info][gc,phases      ] GC(799) Phase 3: Adjust pointers 76.054ms
[321.485s][info][gc,phases,start] GC(799) Phase 4: Compact heap
[321.510s][info][gc,phases      ] GC(799) Phase 4: Compact heap 24.750ms
[321.515s][info][gc,heap        ] GC(799) Eden regions: 0->0(25)
[321.515s][info][gc,heap        ] GC(799) Survivor regions: 0->0(4)
[321.515s][info][gc,heap        ] GC(799) Old regions: 486->486
[321.515s][info][gc,heap        ] GC(799) Archive regions: 2->2
[321.515s][info][gc,heap        ] GC(799) Humongous regions: 11->11
[321.515s][info][gc,metaspace   ] GC(799) Metaspace: 44230K(45568K)->44230K(45568K) NonClass: 39002K(39936K)->39002K(39936K) Class: 5227K(5632K)->5227K(5632K)
[321.515s][info][gc             ] GC(799) Pause Full (G1 Humongous Allocation) 497M->497M(512M) 454.787ms
[321.516s][info][gc,cpu         ] GC(799) User=2.49s Sys=0.02s Real=0.46s
[321.517s][info][gc,start       ] GC(800) Pause Young (Concurrent Start) (G1 Humongous Allocation)
[321.517s][info][gc,task        ] GC(800) Using 8 workers of 8 for evacuation
[321.518s][info][gc,phases      ] GC(800)   Pre Evacuate Collection Set: 0.1ms
[321.518s][info][gc,phases      ] GC(800)   Merge Heap Roots: 0.0ms
[321.518s][info][gc,phases      ] GC(800)   Evacuate Collection Set: 0.5ms
[321.518s][info][gc,phases      ] GC(800)   Post Evacuate Collection Set: 0.2ms
[321.518s][info][gc,phases      ] GC(800)   Other: 0.1ms
[321.518s][info][gc,heap        ] GC(800) Eden regions: 1->0(24)
[321.518s][info][gc,heap        ] GC(800) Survivor regions: 0->1(4)
[321.518s][info][gc,heap        ] GC(800) Old regions: 486->486
[321.518s][info][gc,heap        ] GC(800) Archive regions: 2->2
[321.518s][info][gc,heap        ] GC(800) Humongous regions: 11->11
[321.518s][info][gc,metaspace   ] GC(800) Metaspace: 44230K(45568K)->44230K(45568K) NonClass: 39002K(39936K)->39002K(39936K) Class: 5227K(5632K)->5227K(5632K)
[321.518s][info][gc             ] GC(800) Pause Young (Concurrent Start) (G1 Humongous Allocation) 497M->497M(512M) 1.063ms
[321.518s][info][gc,cpu         ] GC(800) User=0.01s Sys=0.00s Real=0.00s
[321.518s][info][gc             ] GC(801) Concurrent Cycle
[321.518s][info][gc,marking     ] GC(801) Concurrent Clear Claimed Marks
[321.518s][info][gc,marking     ] GC(801) Concurrent Clear Claimed Marks 0.016ms
[321.518s][info][gc,marking     ] GC(801) Concurrent Scan Root Regions
[321.518s][info][gc,marking     ] GC(801) Concurrent Scan Root Regions 0.414ms
[321.518s][info][gc,marking     ] GC(801) Concurrent Mark (321.518s)
[321.518s][info][gc,marking     ] GC(801) Concurrent Mark From Roots
[321.518s][info][gc,start       ] GC(802) Pause Young (Normal) (G1 Humongous Allocation)
[321.518s][info][gc,task        ] GC(801) Using 2 workers of 2 for marking
[321.518s][info][gc,task        ] GC(802) Using 8 workers of 8 for evacuation
[321.519s][info][gc,phases      ] GC(802)   Pre Evacuate Collection Set: 0.4ms
[321.519s][info][gc,phases      ] GC(802)   Merge Heap Roots: 0.0ms
[321.519s][info][gc,phases      ] GC(802)   Evacuate Collection Set: 0.3ms
[321.519s][info][gc,phases      ] GC(802)   Post Evacuate Collection Set: 0.2ms
[321.519s][info][gc,phases      ] GC(802)   Other: 0.1ms
[321.519s][info][gc,heap        ] GC(802) Eden regions: 1->0(24)
[321.519s][info][gc,heap        ] GC(802) Survivor regions: 1->1(4)
[321.519s][info][gc,heap        ] GC(802) Old regions: 486->486
[321.519s][info][gc,heap        ] GC(802) Archive regions: 2->2
[321.519s][info][gc,heap        ] GC(802) Humongous regions: 11->11
[321.519s][info][gc,metaspace   ] GC(802) Metaspace: 44230K(45568K)->44230K(45568K) NonClass: 39002K(39936K)->39002K(39936K) Class: 5227K(5632K)->5227K(5632K)
[321.519s][info][gc             ] GC(802) Pause Young (Normal) (G1 Humongous Allocation) 497M->497M(512M) 0.791ms
[321.519s][info][gc,cpu         ] GC(802) User=0.00s Sys=0.00s Real=0.00s
[321.519s][info][gc,task        ] GC(803) Using 8 workers of 8 for full compaction
[321.519s][info][gc,start       ] GC(803) Pause Full (G1 Humongous Allocation)
[321.520s][info][gc,phases,start] GC(803) Phase 1: Mark live objects
[321.754s][info][gc,phases      ] GC(803) Phase 1: Mark live objects 234.219ms
[321.754s][info][gc,phases,start] GC(803) Phase 2: Prepare for compaction
[321.785s][info][gc,phases      ] GC(803) Phase 2: Prepare for compaction 31.388ms
[321.785s][info][gc,phases,start] GC(803) Phase 3: Adjust pointers
[321.888s][info][gc,phases      ] GC(803) Phase 3: Adjust pointers 102.399ms
[321.888s][info][gc,phases,start] GC(803) Phase 4: Compact heap
[321.920s][info][gc,phases      ] GC(803) Phase 4: Compact heap 32.501ms
[321.927s][info][gc,heap        ] GC(803) Eden regions: 0->0(25)
[321.927s][info][gc,heap        ] GC(803) Survivor regions: 1->0(4)
[321.927s][info][gc,heap        ] GC(803) Old regions: 486->487
[321.927s][info][gc,heap        ] GC(803) Archive regions: 2->2
[321.927s][info][gc,heap        ] GC(803) Humongous regions: 11->11
[321.927s][info][gc,metaspace   ] GC(803) Metaspace: 44230K(45568K)->44230K(45568K) NonClass: 39002K(39936K)->39002K(39936K) Class: 5227K(5632K)->5227K(5632K)
[321.927s][info][gc             ] GC(803) Pause Full (G1 Humongous Allocation) 497M->497M(512M) 408.022ms
[321.929s][info][gc,cpu         ] GC(803) User=2.52s Sys=0.02s Real=0.41s
[321.929s][info][gc,task        ] GC(804) Using 8 workers of 8 for full compaction
[321.929s][info][gc,start       ] GC(804) Pause Full (G1 Humongous Allocation)
[321.929s][info][gc,phases,start] GC(804) Phase 1: Mark live objects
[322.191s][info][gc,phases      ] GC(804) Phase 1: Mark live objects 261.356ms
[322.191s][info][gc,phases,start] GC(804) Phase 2: Prepare for compaction
[322.222s][info][gc,phases      ] GC(804) Phase 2: Prepare for compaction 31.028ms
[322.222s][info][gc,phases,start] GC(804) Phase 3: Adjust pointers
[322.301s][info][gc,phases      ] GC(804) Phase 3: Adjust pointers 79.191ms
[322.301s][info][gc,phases,start] GC(804) Phase 4: Compact heap
[322.327s][info][gc,phases      ] GC(804) Phase 4: Compact heap 26.194ms
[322.333s][info][gc,heap        ] GC(804) Eden regions: 0->0(25)
[322.333s][info][gc,heap        ] GC(804) Survivor regions: 0->0(4)
[322.333s][info][gc,heap        ] GC(804) Old regions: 487->486
[322.333s][info][gc,heap        ] GC(804) Archive regions: 2->2
[322.333s][info][gc,heap        ] GC(804) Humongous regions: 11->11
[322.333s][info][gc,metaspace   ] GC(804) Metaspace: 44230K(45568K)->44230K(45568K) NonClass: 39002K(39936K)->39002K(39936K) Class: 5227K(5632K)->5227K(5632K)
[322.333s][info][gc             ] GC(804) Pause Full (G1 Humongous Allocation) 497M->497M(512M) 403.821ms
[322.335s][info][gc,cpu         ] GC(804) User=2.50s Sys=0.04s Real=0.40s
[322.335s][info][gc,marking     ] GC(801) Concurrent Mark From Roots 816.730ms
[322.335s][info][gc,marking     ] GC(801) Concurrent Mark Abort
[322.335s][info][gc             ] GC(801) Concurrent Cycle 817.237ms
[322.335s][info][gc,start       ] GC(805) Pause Young (Normal) (G1 Humongous Allocation)
[322.335s][info][gc,task        ] GC(805) Using 8 workers of 8 for evacuation
[322.336s][info][gc,phases      ] GC(805)   Pre Evacuate Collection Set: 0.1ms
[322.336s][info][gc,phases      ] GC(805)   Merge Heap Roots: 0.0ms
[322.336s][info][gc,phases      ] GC(805)   Evacuate Collection Set: 0.3ms
[322.336s][info][gc,phases      ] GC(805)   Post Evacuate Collection Set: 0.3ms
[322.336s][info][gc,phases      ] GC(805)   Other: 0.1ms
[322.336s][info][gc,heap        ] GC(805) Eden regions: 0->0(25)
[322.336s][info][gc,heap        ] GC(805) Survivor regions: 0->0(4)
[322.336s][info][gc,heap        ] GC(805) Old regions: 486->486
[322.336s][info][gc,heap        ] GC(805) Archive regions: 2->2
[322.336s][info][gc,heap        ] GC(805) Humongous regions: 11->11
[322.336s][info][gc,metaspace   ] GC(805) Metaspace: 44230K(45568K)->44230K(45568K) NonClass: 39002K(39936K)->39002K(39936K) Class: 5227K(5632K)->5227K(5632K)
[322.336s][info][gc             ] GC(805) Pause Young (Normal) (G1 Humongous Allocation) 497M->497M(512M) 0.920ms
[322.336s][info][gc,cpu         ] GC(805) User=0.00s Sys=0.00s Real=0.01s
[322.336s][info][gc,task        ] GC(806) Using 8 workers of 8 for full compaction
[322.336s][info][gc,start       ] GC(806) Pause Full (G1 Humongous Allocation)
[322.336s][info][gc,phases,start] GC(806) Phase 1: Mark live objects
[322.571s][info][gc,phases      ] GC(806) Phase 1: Mark live objects 234.522ms
[322.571s][info][gc,phases,start] GC(806) Phase 2: Prepare for compaction
[322.599s][info][gc,phases      ] GC(806) Phase 2: Prepare for compaction 28.386ms
[322.599s][info][gc,phases,start] GC(806) Phase 3: Adjust pointers
[322.677s][info][gc,phases      ] GC(806) Phase 3: Adjust pointers 78.238ms
[322.677s][info][gc,phases,start] GC(806) Phase 4: Compact heap
[322.703s][info][gc,phases      ] GC(806) Phase 4: Compact heap 26.070ms
[322.708s][info][gc,heap        ] GC(806) Eden regions: 0->0(25)
[322.708s][info][gc,heap        ] GC(806) Survivor regions: 0->0(4)
[322.708s][info][gc,heap        ] GC(806) Old regions: 486->486
[322.708s][info][gc,heap        ] GC(806) Archive regions: 2->2
[322.708s][info][gc,heap        ] GC(806) Humongous regions: 11->11
[322.708s][info][gc,metaspace   ] GC(806) Metaspace: 44230K(45568K)->44230K(45568K) NonClass: 39002K(39936K)->39002K(39936K) Class: 5227K(5632K)->5227K(5632K)
[322.708s][info][gc             ] GC(806) Pause Full (G1 Humongous Allocation) 497M->497M(512M) 371.869ms
[322.710s][info][gc,cpu         ] GC(806) User=2.54s Sys=0.02s Real=0.37s
[322.710s][info][gc,task        ] GC(807) Using 8 workers of 8 for full compaction
[322.710s][info][gc,start       ] GC(807) Pause Full (G1 Humongous Allocation)
[322.710s][info][gc,phases,start] GC(807) Phase 1: Mark live objects
[322.943s][info][gc,phases      ] GC(807) Phase 1: Mark live objects 233.779ms
[322.943s][info][gc,phases,start] GC(807) Phase 2: Prepare for compaction
[322.973s][info][gc,phases      ] GC(807) Phase 2: Prepare for compaction 29.633ms
[322.973s][info][gc,phases,start] GC(807) Phase 3: Adjust pointers
[323.045s][info][gc,phases      ] GC(807) Phase 3: Adjust pointers 71.399ms
[323.045s][info][gc,phases,start] GC(807) Phase 4: Compact heap
[323.073s][info][gc,phases      ] GC(807) Phase 4: Compact heap 28.906ms
[323.078s][info][gc,heap        ] GC(807) Eden regions: 0->0(25)
[323.078s][info][gc,heap        ] GC(807) Survivor regions: 0->0(4)
[323.078s][info][gc,heap        ] GC(807) Old regions: 486->486
[323.078s][info][gc,heap        ] GC(807) Archive regions: 2->2
[323.078s][info][gc,heap        ] GC(807) Humongous regions: 11->11
[323.078s][info][gc,metaspace   ] GC(807) Metaspace: 44230K(45568K)->44230K(45568K) NonClass: 39002K(39936K)->39002K(39936K) Class: 5227K(5632K)->5227K(5632K)
[323.078s][info][gc             ] GC(807) Pause Full (G1 Humongous Allocation) 497M->497M(512M) 368.528ms
[323.079s][info][gc,cpu         ] GC(807) User=2.51s Sys=0.03s Real=0.37s
[323.080s][info][gc,start       ] GC(808) Pause Young (Concurrent Start) (G1 Humongous Allocation)
[323.080s][info][gc,task        ] GC(808) Using 8 workers of 8 for evacuation
[323.081s][info][gc,phases      ] GC(808)   Pre Evacuate Collection Set: 0.1ms
[323.081s][info][gc,phases      ] GC(808)   Merge Heap Roots: 0.0ms
[323.081s][info][gc,phases      ] GC(808)   Evacuate Collection Set: 0.5ms
[323.081s][info][gc,phases      ] GC(808)   Post Evacuate Collection Set: 0.2ms
[323.081s][info][gc,phases      ] GC(808)   Other: 0.1ms
[323.081s][info][gc,heap        ] GC(808) Eden regions: 0->0(25)
[323.081s][info][gc,heap        ] GC(808) Survivor regions: 0->0(4)
[323.081s][info][gc,heap        ] GC(808) Old regions: 486->486
[323.081s][info][gc,heap        ] GC(808) Archive regions: 2->2
[323.081s][info][gc,heap        ] GC(808) Humongous regions: 11->11
[323.081s][info][gc,metaspace   ] GC(808) Metaspace: 44230K(45568K)->44230K(45568K) NonClass: 39002K(39936K)->39002K(39936K) Class: 5227K(5632K)->5227K(5632K)
[323.081s][info][gc             ] GC(808) Pause Young (Concurrent Start) (G1 Humongous Allocation) 497M->497M(512M) 0.959ms
[323.081s][info][gc,cpu         ] GC(808) User=0.00s Sys=0.00s Real=0.00s
[323.081s][info][gc             ] GC(809) Concurrent Cycle
[323.081s][info][gc,marking     ] GC(809) Concurrent Clear Claimed Marks
[323.081s][info][gc,marking     ] GC(809) Concurrent Clear Claimed Marks 0.025ms
[323.081s][info][gc,marking     ] GC(809) Concurrent Scan Root Regions
[323.081s][info][gc,marking     ] GC(809) Concurrent Scan Root Regions 0.008ms
[323.081s][info][gc,marking     ] GC(809) Concurrent Mark (323.081s)
[323.081s][info][gc,marking     ] GC(809) Concurrent Mark From Roots
[323.081s][info][gc,task        ] GC(809) Using 2 workers of 2 for marking
[323.081s][info][gc,start       ] GC(810) Pause Young (Normal) (G1 Humongous Allocation)
[323.081s][info][gc,task        ] GC(810) Using 8 workers of 8 for evacuation
[323.081s][info][gc,phases      ] GC(810)   Pre Evacuate Collection Set: 0.0ms
[323.081s][info][gc,phases      ] GC(810)   Merge Heap Roots: 0.0ms
[323.081s][info][gc,phases      ] GC(810)   Evacuate Collection Set: 0.2ms
[323.081s][info][gc,phases      ] GC(810)   Post Evacuate Collection Set: 0.1ms
[323.081s][info][gc,phases      ] GC(810)   Other: 0.1ms
[323.081s][info][gc,heap        ] GC(810) Eden regions: 0->0(25)
[323.081s][info][gc,heap        ] GC(810) Survivor regions: 0->0(4)
[323.081s][info][gc,heap        ] GC(810) Old regions: 486->486
[323.081s][info][gc,heap        ] GC(810) Archive regions: 2->2
[323.081s][info][gc,heap        ] GC(810) Humongous regions: 11->11
[323.081s][info][gc,metaspace   ] GC(810) Metaspace: 44230K(45568K)->44230K(45568K) NonClass: 39002K(39936K)->39002K(39936K) Class: 5227K(5632K)->5227K(5632K)
[323.081s][info][gc             ] GC(810) Pause Young (Normal) (G1 Humongous Allocation) 497M->497M(512M) 0.507ms
[323.081s][info][gc,cpu         ] GC(810) User=0.00s Sys=0.00s Real=0.00s
[323.081s][info][gc,task        ] GC(811) Using 8 workers of 8 for full compaction
[323.081s][info][gc,start       ] GC(811) Pause Full (G1 Humongous Allocation)
[323.082s][info][gc,phases,start] GC(811) Phase 1: Mark live objects
[323.313s][info][gc,phases      ] GC(811) Phase 1: Mark live objects 230.645ms
[323.313s][info][gc,phases,start] GC(811) Phase 2: Prepare for compaction
[323.345s][info][gc,phases      ] GC(811) Phase 2: Prepare for compaction 31.777ms
[323.345s][info][gc,phases,start] GC(811) Phase 3: Adjust pointers
[323.420s][info][gc,phases      ] GC(811) Phase 3: Adjust pointers 75.371ms
[323.420s][info][gc,phases,start] GC(811) Phase 4: Compact heap
[323.446s][info][gc,phases      ] GC(811) Phase 4: Compact heap 26.141ms
[323.451s][info][gc,heap        ] GC(811) Eden regions: 0->0(25)
[323.451s][info][gc,heap        ] GC(811) Survivor regions: 0->0(4)
[323.451s][info][gc,heap        ] GC(811) Old regions: 486->486
[323.451s][info][gc,heap        ] GC(811) Archive regions: 2->2
[323.451s][info][gc,heap        ] GC(811) Humongous regions: 11->11
[323.451s][info][gc,metaspace   ] GC(811) Metaspace: 44230K(45568K)->44230K(45568K) NonClass: 39002K(39936K)->39002K(39936K) Class: 5227K(5632K)->5227K(5632K)
[323.451s][info][gc             ] GC(811) Pause Full (G1 Humongous Allocation) 497M->497M(512M) 369.348ms
[323.453s][info][gc,cpu         ] GC(811) User=2.55s Sys=0.04s Real=0.37s
[323.453s][info][gc,task        ] GC(812) Using 8 workers of 8 for full compaction
[323.453s][info][gc,start       ] GC(812) Pause Full (G1 Humongous Allocation)
[323.453s][info][gc,phases,start] GC(812) Phase 1: Mark live objects
[323.687s][info][gc,phases      ] GC(812) Phase 1: Mark live objects 234.082ms
[323.687s][info][gc,phases,start] GC(812) Phase 2: Prepare for compaction
[323.718s][info][gc,phases      ] GC(812) Phase 2: Prepare for compaction 31.031ms
[323.718s][info][gc,phases,start] GC(812) Phase 3: Adjust pointers
[323.793s][info][gc,phases      ] GC(812) Phase 3: Adjust pointers 74.512ms
[323.793s][info][gc,phases,start] GC(812) Phase 4: Compact heap
[323.818s][info][gc,phases      ] GC(812) Phase 4: Compact heap 25.696ms
[323.823s][info][gc,heap        ] GC(812) Eden regions: 0->0(25)
[323.823s][info][gc,heap        ] GC(812) Survivor regions: 0->0(4)
[323.823s][info][gc,heap        ] GC(812) Old regions: 486->486
[323.823s][info][gc,heap        ] GC(812) Archive regions: 2->2
[323.823s][info][gc,heap        ] GC(812) Humongous regions: 11->11
[323.823s][info][gc,metaspace   ] GC(812) Metaspace: 44230K(45568K)->44230K(45568K) NonClass: 39002K(39936K)->39002K(39936K) Class: 5227K(5632K)->5227K(5632K)
[323.823s][info][gc             ] GC(812) Pause Full (G1 Humongous Allocation) 497M->497M(512M) 369.968ms
[323.824s][info][gc,cpu         ] GC(812) User=2.53s Sys=0.03s Real=0.37s
[323.824s][info][gc,marking     ] GC(809) Concurrent Mark From Roots 743.120ms
[323.824s][info][gc,marking     ] GC(809) Concurrent Mark Abort
[323.824s][info][gc             ] GC(809) Concurrent Cycle 743.253ms
[323.824s][info][gc,start       ] GC(813) Pause Young (Normal) (G1 Humongous Allocation)
[323.824s][info][gc,task        ] GC(813) Using 8 workers of 8 for evacuation
[323.825s][info][gc,phases      ] GC(813)   Pre Evacuate Collection Set: 0.1ms
[323.825s][info][gc,phases      ] GC(813)   Merge Heap Roots: 0.0ms
[323.825s][info][gc,phases      ] GC(813)   Evacuate Collection Set: 0.2ms
[323.825s][info][gc,phases      ] GC(813)   Post Evacuate Collection Set: 0.2ms
[323.825s][info][gc,phases      ] GC(813)   Other: 0.1ms
[323.825s][info][gc,heap        ] GC(813) Eden regions: 1->0(24)
[323.825s][info][gc,heap        ] GC(813) Survivor regions: 0->1(4)
[323.825s][info][gc,heap        ] GC(813) Old regions: 486->486
[323.825s][info][gc,heap        ] GC(813) Archive regions: 2->2
[323.825s][info][gc,heap        ] GC(813) Humongous regions: 11->11
[323.825s][info][gc,metaspace   ] GC(813) Metaspace: 44230K(45568K)->44230K(45568K) NonClass: 39002K(39936K)->39002K(39936K) Class: 5227K(5632K)->5227K(5632K)
[323.825s][info][gc             ] GC(813) Pause Young (Normal) (G1 Humongous Allocation) 497M->497M(512M) 0.605ms
[323.825s][info][gc,cpu         ] GC(813) User=0.00s Sys=0.00s Real=0.00s
[323.825s][info][gc,task        ] GC(814) Using 8 workers of 8 for full compaction
[323.825s][info][gc,start       ] GC(814) Pause Full (G1 Humongous Allocation)
[323.825s][info][gc,phases,start] GC(814) Phase 1: Mark live objects
[324.056s][info][gc,phases      ] GC(814) Phase 1: Mark live objects 230.728ms
[324.056s][info][gc,phases,start] GC(814) Phase 2: Prepare for compaction
[324.085s][info][gc,phases      ] GC(814) Phase 2: Prepare for compaction 29.008ms
[324.085s][info][gc,phases,start] GC(814) Phase 3: Adjust pointers
[324.173s][info][gc,phases      ] GC(814) Phase 3: Adjust pointers 88.754ms
[324.173s][info][gc,phases,start] GC(814) Phase 4: Compact heap
[324.212s][info][gc,phases      ] GC(814) Phase 4: Compact heap 38.978ms
[324.217s][info][gc,heap        ] GC(814) Eden regions: 0->0(25)
[324.217s][info][gc,heap        ] GC(814) Survivor regions: 1->0(4)
[324.217s][info][gc,heap        ] GC(814) Old regions: 486->487
[324.217s][info][gc,heap        ] GC(814) Archive regions: 2->2
[324.217s][info][gc,heap        ] GC(814) Humongous regions: 11->11
[324.217s][info][gc,metaspace   ] GC(814) Metaspace: 44230K(45568K)->44230K(45568K) NonClass: 39002K(39936K)->39002K(39936K) Class: 5227K(5632K)->5227K(5632K)
[324.217s][info][gc             ] GC(814) Pause Full (G1 Humongous Allocation) 497M->497M(512M) 392.447ms
[324.219s][info][gc,cpu         ] GC(814) User=2.50s Sys=0.03s Real=0.40s
[324.219s][info][gc,task        ] GC(815) Using 8 workers of 8 for full compaction
[324.219s][info][gc,start       ] GC(815) Pause Full (G1 Humongous Allocation)
[324.219s][info][gc,phases,start] GC(815) Phase 1: Mark live objects
[324.456s][info][gc,phases      ] GC(815) Phase 1: Mark live objects 237.152ms
[324.456s][info][gc,phases,start] GC(815) Phase 2: Prepare for compaction
[324.500s][info][gc,phases      ] GC(815) Phase 2: Prepare for compaction 43.943ms
[324.500s][info][gc,phases,start] GC(815) Phase 3: Adjust pointers
[324.599s][info][gc,phases      ] GC(815) Phase 3: Adjust pointers 98.874ms
[324.599s][info][gc,phases,start] GC(815) Phase 4: Compact heap
[324.640s][info][gc,phases      ] GC(815) Phase 4: Compact heap 40.821ms
[324.647s][info][gc,heap        ] GC(815) Eden regions: 0->0(25)
[324.647s][info][gc,heap        ] GC(815) Survivor regions: 0->0(4)
[324.647s][info][gc,heap        ] GC(815) Old regions: 487->487
[324.647s][info][gc,heap        ] GC(815) Archive regions: 2->2
[324.647s][info][gc,heap        ] GC(815) Humongous regions: 11->11
[324.647s][info][gc,metaspace   ] GC(815) Metaspace: 44230K(45568K)->44230K(45568K) NonClass: 39002K(39936K)->39002K(39936K) Class: 5227K(5632K)->5227K(5632K)
[324.647s][info][gc             ] GC(815) Pause Full (G1 Humongous Allocation) 497M->497M(512M) 427.657ms
[324.649s][info][gc,cpu         ] GC(815) User=2.50s Sys=0.03s Real=0.43s
[324.649s][info][gc,start       ] GC(816) Pause Young (Concurrent Start) (G1 Humongous Allocation)
[324.649s][info][gc,task        ] GC(816) Using 8 workers of 8 for evacuation
[324.650s][info][gc,phases      ] GC(816)   Pre Evacuate Collection Set: 0.1ms
[324.650s][info][gc,phases      ] GC(816)   Merge Heap Roots: 0.0ms
[324.650s][info][gc,phases      ] GC(816)   Evacuate Collection Set: 0.6ms
[324.650s][info][gc,phases      ] GC(816)   Post Evacuate Collection Set: 0.2ms
[324.650s][info][gc,phases      ] GC(816)   Other: 0.1ms
[324.650s][info][gc,heap        ] GC(816) Eden regions: 1->0(24)
[324.650s][info][gc,heap        ] GC(816) Survivor regions: 0->1(4)
[324.650s][info][gc,heap        ] GC(816) Old regions: 487->487
[324.650s][info][gc,heap        ] GC(816) Archive regions: 2->2
[324.650s][info][gc,heap        ] GC(816) Humongous regions: 11->11
[324.650s][info][gc,metaspace   ] GC(816) Metaspace: 44230K(45568K)->44230K(45568K) NonClass: 39002K(39936K)->39002K(39936K) Class: 5227K(5632K)->5227K(5632K)
[324.650s][info][gc             ] GC(816) Pause Young (Concurrent Start) (G1 Humongous Allocation) 497M->497M(512M) 1.159ms
[324.651s][info][gc,cpu         ] GC(816) User=0.01s Sys=0.00s Real=0.00s
[324.651s][info][gc             ] GC(817) Concurrent Cycle
[324.651s][info][gc,marking     ] GC(817) Concurrent Clear Claimed Marks
[324.651s][info][gc,marking     ] GC(817) Concurrent Clear Claimed Marks 0.028ms
[324.651s][info][gc,marking     ] GC(817) Concurrent Scan Root Regions
[324.651s][info][gc,marking     ] GC(817) Concurrent Scan Root Regions 0.481ms
[324.651s][info][gc,marking     ] GC(817) Concurrent Mark (324.651s)
[324.651s][info][gc,marking     ] GC(817) Concurrent Mark From Roots
[324.651s][info][gc,task        ] GC(817) Using 2 workers of 2 for marking
[324.651s][info][gc,start       ] GC(818) Pause Young (Normal) (G1 Humongous Allocation)
[324.651s][info][gc,task        ] GC(818) Using 8 workers of 8 for evacuation
[324.653s][info][gc,phases      ] GC(818)   Pre Evacuate Collection Set: 0.6ms
[324.653s][info][gc,phases      ] GC(818)   Merge Heap Roots: 0.0ms
[324.653s][info][gc,phases      ] GC(818)   Evacuate Collection Set: 1.5ms
[324.653s][info][gc,phases      ] GC(818)   Post Evacuate Collection Set: 0.5ms
[324.653s][info][gc,phases      ] GC(818)   Other: 0.1ms
[324.653s][info][gc,heap        ] GC(818) Eden regions: 0->0(24)
[324.653s][info][gc,heap        ] GC(818) Survivor regions: 1->1(4)
[324.654s][info][gc,heap        ] GC(818) Old regions: 487->487
[324.654s][info][gc,heap        ] GC(818) Archive regions: 2->2
[324.654s][info][gc,heap        ] GC(818) Humongous regions: 11->11
[324.654s][info][gc,metaspace   ] GC(818) Metaspace: 44230K(45568K)->44230K(45568K) NonClass: 39002K(39936K)->39002K(39936K) Class: 5227K(5632K)->5227K(5632K)
[324.654s][info][gc             ] GC(818) Pause Young (Normal) (G1 Humongous Allocation) 497M->497M(512M) 2.407ms
[324.654s][info][gc,cpu         ] GC(818) User=0.00s Sys=0.00s Real=0.00s
[324.654s][info][gc,task        ] GC(819) Using 8 workers of 8 for full compaction
[324.654s][info][gc,start       ] GC(819) Pause Full (G1 Humongous Allocation)
[324.655s][info][gc,phases,start] GC(819) Phase 1: Mark live objects
[324.914s][info][gc,phases      ] GC(819) Phase 1: Mark live objects 259.621ms
[324.914s][info][gc,phases,start] GC(819) Phase 2: Prepare for compaction
[324.947s][info][gc,phases      ] GC(819) Phase 2: Prepare for compaction 32.539ms
[324.947s][info][gc,phases,start] GC(819) Phase 3: Adjust pointers
[325.025s][info][gc,phases      ] GC(819) Phase 3: Adjust pointers 78.498ms
[325.026s][info][gc,phases,start] GC(819) Phase 4: Compact heap
[325.055s][info][gc,phases      ] GC(819) Phase 4: Compact heap 29.040ms
[325.059s][info][gc,heap        ] GC(819) Eden regions: 0->0(25)
[325.059s][info][gc,heap        ] GC(819) Survivor regions: 1->0(4)
[325.059s][info][gc,heap        ] GC(819) Old regions: 487->487
[325.059s][info][gc,heap        ] GC(819) Archive regions: 2->2
[325.059s][info][gc,heap        ] GC(819) Humongous regions: 11->11
[325.059s][info][gc,metaspace   ] GC(819) Metaspace: 44230K(45568K)->44230K(45568K) NonClass: 39002K(39936K)->39002K(39936K) Class: 5227K(5632K)->5227K(5632K)
[325.059s][info][gc             ] GC(819) Pause Full (G1 Humongous Allocation) 497M->497M(512M) 405.408ms
[325.060s][info][gc,cpu         ] GC(819) User=2.51s Sys=0.03s Real=0.41s
[325.060s][info][gc,task        ] GC(820) Using 8 workers of 8 for full compaction
[325.060s][info][gc,start       ] GC(820) Pause Full (G1 Humongous Allocation)
[325.060s][info][gc,phases,start] GC(820) Phase 1: Mark live objects
[325.296s][info][gc,phases      ] GC(820) Phase 1: Mark live objects 235.513ms
[325.296s][info][gc,phases,start] GC(820) Phase 2: Prepare for compaction
[325.327s][info][gc,phases      ] GC(820) Phase 2: Prepare for compaction 31.096ms
[325.327s][info][gc,phases,start] GC(820) Phase 3: Adjust pointers
[325.399s][info][gc,phases      ] GC(820) Phase 3: Adjust pointers 71.926ms
[325.399s][info][gc,phases,start] GC(820) Phase 4: Compact heap
[325.430s][info][gc,phases      ] GC(820) Phase 4: Compact heap 31.318ms
[325.435s][info][gc,heap        ] GC(820) Eden regions: 0->0(25)
[325.435s][info][gc,heap        ] GC(820) Survivor regions: 0->0(4)
[325.435s][info][gc,heap        ] GC(820) Old regions: 487->487
[325.435s][info][gc,heap        ] GC(820) Archive regions: 2->2
[325.435s][info][gc,heap        ] GC(820) Humongous regions: 11->11
[325.435s][info][gc,metaspace   ] GC(820) Metaspace: 44230K(45568K)->44230K(45568K) NonClass: 39002K(39936K)->39002K(39936K) Class: 5227K(5632K)->5227K(5632K)
[325.435s][info][gc             ] GC(820) Pause Full (G1 Humongous Allocation) 497M->497M(512M) 375.075ms
[325.437s][info][gc,cpu         ] GC(820) User=2.53s Sys=0.03s Real=0.38s
[325.437s][info][gc,marking     ] GC(817) Concurrent Mark From Roots 785.958ms
[325.437s][info][gc,marking     ] GC(817) Concurrent Mark Abort
[325.437s][info][gc             ] GC(817) Concurrent Cycle 786.587ms
[325.437s][info][gc,start       ] GC(821) Pause Young (Normal) (G1 Humongous Allocation)
[325.437s][info][gc,task        ] GC(821) Using 8 workers of 8 for evacuation
[325.438s][info][gc,phases      ] GC(821)   Pre Evacuate Collection Set: 0.1ms
[325.438s][info][gc,phases      ] GC(821)   Merge Heap Roots: 0.0ms
[325.438s][info][gc,phases      ] GC(821)   Evacuate Collection Set: 0.2ms
[325.438s][info][gc,phases      ] GC(821)   Post Evacuate Collection Set: 0.2ms
[325.438s][info][gc,phases      ] GC(821)   Other: 0.1ms
[325.438s][info][gc,heap        ] GC(821) Eden regions: 1->0(24)
[325.438s][info][gc,heap        ] GC(821) Survivor regions: 0->1(4)
[325.438s][info][gc,heap        ] GC(821) Old regions: 487->487
[325.438s][info][gc,heap        ] GC(821) Archive regions: 2->2
[325.438s][info][gc,heap        ] GC(821) Humongous regions: 11->11
[325.438s][info][gc,metaspace   ] GC(821) Metaspace: 44230K(45568K)->44230K(45568K) NonClass: 39002K(39936K)->39002K(39936K) Class: 5227K(5632K)->5227K(5632K)
[325.438s][info][gc             ] GC(821) Pause Young (Normal) (G1 Humongous Allocation) 497M->497M(512M) 0.602ms
[325.438s][info][gc,cpu         ] GC(821) User=0.01s Sys=0.00s Real=0.00s
[325.438s][info][gc,task        ] GC(822) Using 8 workers of 8 for full compaction
[325.438s][info][gc,start       ] GC(822) Pause Full (G1 Humongous Allocation)
[325.438s][info][gc,phases,start] GC(822) Phase 1: Mark live objects
[325.670s][info][gc,phases      ] GC(822) Phase 1: Mark live objects 232.280ms
[325.670s][info][gc,phases,start] GC(822) Phase 2: Prepare for compaction
[325.702s][info][gc,phases      ] GC(822) Phase 2: Prepare for compaction 31.409ms
[325.702s][info][gc,phases,start] GC(822) Phase 3: Adjust pointers
[325.776s][info][gc,phases      ] GC(822) Phase 3: Adjust pointers 74.527ms
[325.776s][info][gc,phases,start] GC(822) Phase 4: Compact heap
[325.806s][info][gc,phases      ] GC(822) Phase 4: Compact heap 29.350ms
[325.810s][info][gc,heap        ] GC(822) Eden regions: 0->0(25)
[325.810s][info][gc,heap        ] GC(822) Survivor regions: 1->0(4)
[325.810s][info][gc,heap        ] GC(822) Old regions: 487->487
[325.810s][info][gc,heap        ] GC(822) Archive regions: 2->2
[325.810s][info][gc,heap        ] GC(822) Humongous regions: 11->11
[325.810s][info][gc,metaspace   ] GC(822) Metaspace: 44230K(45568K)->44230K(45568K) NonClass: 39002K(39936K)->39002K(39936K) Class: 5227K(5632K)->5227K(5632K)
[325.810s][info][gc             ] GC(822) Pause Full (G1 Humongous Allocation) 497M->497M(512M) 372.228ms
[325.811s][info][gc,cpu         ] GC(822) User=2.53s Sys=0.05s Real=0.37s
[325.811s][info][gc,task        ] GC(823) Using 8 workers of 8 for full compaction
[325.811s][info][gc,start       ] GC(823) Pause Full (G1 Humongous Allocation)
[325.811s][info][gc,phases,start] GC(823) Phase 1: Mark live objects
[326.099s][info][gc,phases      ] GC(823) Phase 1: Mark live objects 287.211ms
[326.099s][info][gc,phases,start] GC(823) Phase 2: Prepare for compaction
[326.145s][info][gc,phases      ] GC(823) Phase 2: Prepare for compaction 46.272ms
[326.145s][info][gc,phases,start] GC(823) Phase 3: Adjust pointers
[326.257s][info][gc,phases      ] GC(823) Phase 3: Adjust pointers 112.429ms
[326.257s][info][gc,phases,start] GC(823) Phase 4: Compact heap
[326.287s][info][gc,phases      ] GC(823) Phase 4: Compact heap 29.837ms
[326.293s][info][gc,heap        ] GC(823) Eden regions: 0->0(25)
[326.294s][info][gc,heap        ] GC(823) Survivor regions: 0->0(4)
[326.294s][info][gc,heap        ] GC(823) Old regions: 487->487
[326.294s][info][gc,heap        ] GC(823) Archive regions: 2->2
[326.294s][info][gc,heap        ] GC(823) Humongous regions: 11->11
[326.294s][info][gc,metaspace   ] GC(823) Metaspace: 44230K(45568K)->44230K(45568K) NonClass: 39002K(39936K)->39002K(39936K) Class: 5227K(5632K)->5227K(5632K)
[326.294s][info][gc             ] GC(823) Pause Full (G1 Humongous Allocation) 497M->497M(512M) 482.261ms
[326.295s][info][gc,cpu         ] GC(823) User=2.51s Sys=0.04s Real=0.48s
[326.295s][info][gc,start       ] GC(824) Pause Young (Concurrent Start) (G1 Humongous Allocation)
[326.295s][info][gc,task        ] GC(824) Using 8 workers of 8 for evacuation
[326.296s][info][gc,phases      ] GC(824)   Pre Evacuate Collection Set: 0.1ms
[326.296s][info][gc,phases      ] GC(824)   Merge Heap Roots: 0.0ms
[326.296s][info][gc,phases      ] GC(824)   Evacuate Collection Set: 0.6ms
[326.296s][info][gc,phases      ] GC(824)   Post Evacuate Collection Set: 0.2ms
[326.296s][info][gc,phases      ] GC(824)   Other: 0.1ms
[326.296s][info][gc,heap        ] GC(824) Eden regions: 0->0(25)
[326.296s][info][gc,heap        ] GC(824) Survivor regions: 0->0(4)
[326.296s][info][gc,heap        ] GC(824) Old regions: 487->487
[326.296s][info][gc,heap        ] GC(824) Archive regions: 2->2
[326.296s][info][gc,heap        ] GC(824) Humongous regions: 11->11
[326.296s][info][gc,metaspace   ] GC(824) Metaspace: 44230K(45568K)->44230K(45568K) NonClass: 39002K(39936K)->39002K(39936K) Class: 5227K(5632K)->5227K(5632K)
[326.296s][info][gc             ] GC(824) Pause Young (Concurrent Start) (G1 Humongous Allocation) 497M->497M(512M) 1.074ms
[326.296s][info][gc,cpu         ] GC(824) User=0.00s Sys=0.00s Real=0.01s
[326.296s][info][gc,task        ] GC(825) Using 8 workers of 8 for full compaction
[326.296s][info][gc             ] GC(826) Concurrent Cycle
[326.296s][info][gc,start       ] GC(825) Pause Full (G1 Humongous Allocation)
[326.296s][info][gc,marking     ] GC(826) Concurrent Clear Claimed Marks
[326.296s][info][gc,marking     ] GC(826) Concurrent Clear Claimed Marks 0.085ms
[326.296s][info][gc,marking     ] GC(826) Concurrent Scan Root Regions
[326.296s][info][gc,marking     ] GC(826) Concurrent Scan Root Regions 0.010ms
[326.296s][info][gc,marking     ] GC(826) Concurrent Mark (326.296s)
[326.296s][info][gc,marking     ] GC(826) Concurrent Mark From Roots
[326.296s][info][gc,task        ] GC(826) Using 2 workers of 2 for marking
[326.297s][info][gc,phases,start] GC(825) Phase 1: Mark live objects
[326.555s][info][gc,phases      ] GC(825) Phase 1: Mark live objects 257.643ms
[326.555s][info][gc,phases,start] GC(825) Phase 2: Prepare for compaction
[326.584s][info][gc,phases      ] GC(825) Phase 2: Prepare for compaction 28.941ms
[326.584s][info][gc,phases,start] GC(825) Phase 3: Adjust pointers
[326.654s][info][gc,phases      ] GC(825) Phase 3: Adjust pointers 70.442ms
[326.654s][info][gc,phases,start] GC(825) Phase 4: Compact heap
[326.683s][info][gc,phases      ] GC(825) Phase 4: Compact heap 28.918ms
[326.688s][info][gc,heap        ] GC(825) Eden regions: 0->0(25)
[326.688s][info][gc,heap        ] GC(825) Survivor regions: 0->0(4)
[326.688s][info][gc,heap        ] GC(825) Old regions: 487->487
[326.688s][info][gc,heap        ] GC(825) Archive regions: 2->2
[326.688s][info][gc,heap        ] GC(825) Humongous regions: 11->11
[326.688s][info][gc,metaspace   ] GC(825) Metaspace: 44230K(45568K)->44230K(45568K) NonClass: 39002K(39936K)->39002K(39936K) Class: 5227K(5632K)->5227K(5632K)
[326.688s][info][gc             ] GC(825) Pause Full (G1 Humongous Allocation) 497M->497M(512M) 392.010ms
[326.690s][info][gc,cpu         ] GC(825) User=2.54s Sys=0.03s Real=0.39s
[326.690s][info][gc,task        ] GC(827) Using 8 workers of 8 for full compaction
[326.690s][info][gc,start       ] GC(827) Pause Full (G1 Humongous Allocation)
[326.690s][info][gc,phases,start] GC(827) Phase 1: Mark live objects
[326.975s][info][gc,phases      ] GC(827) Phase 1: Mark live objects 285.272ms
[326.975s][info][gc,phases,start] GC(827) Phase 2: Prepare for compaction
[327.011s][info][gc,phases      ] GC(827) Phase 2: Prepare for compaction 35.643ms
[327.011s][info][gc,phases,start] GC(827) Phase 3: Adjust pointers
[327.092s][info][gc,phases      ] GC(827) Phase 3: Adjust pointers 81.338ms
[327.092s][info][gc,phases,start] GC(827) Phase 4: Compact heap
[327.124s][info][gc,phases      ] GC(827) Phase 4: Compact heap 31.761ms
[327.129s][info][gc,heap        ] GC(827) Eden regions: 0->0(25)
[327.129s][info][gc,heap        ] GC(827) Survivor regions: 0->0(4)
[327.129s][info][gc,heap        ] GC(827) Old regions: 487->487
[327.129s][info][gc,heap        ] GC(827) Archive regions: 2->2
[327.129s][info][gc,heap        ] GC(827) Humongous regions: 11->11
[327.129s][info][gc,metaspace   ] GC(827) Metaspace: 44230K(45568K)->44230K(45568K) NonClass: 39002K(39936K)->39002K(39936K) Class: 5227K(5632K)->5227K(5632K)
[327.129s][info][gc             ] GC(827) Pause Full (G1 Humongous Allocation) 497M->497M(512M) 439.155ms
[327.130s][info][gc,cpu         ] GC(827) User=2.49s Sys=0.03s Real=0.44s
[327.130s][info][gc,marking     ] GC(826) Concurrent Mark From Roots 834.007ms
[327.130s][info][gc,marking     ] GC(826) Concurrent Mark Abort
[327.131s][info][gc             ] GC(826) Concurrent Cycle 834.246ms
[327.131s][info][gc,start       ] GC(828) Pause Young (Concurrent Start) (G1 Humongous Allocation)
[327.131s][info][gc,task        ] GC(828) Using 8 workers of 8 for evacuation
[327.132s][info][gc,phases      ] GC(828)   Pre Evacuate Collection Set: 0.1ms
[327.132s][info][gc,phases      ] GC(828)   Merge Heap Roots: 0.0ms
[327.132s][info][gc,phases      ] GC(828)   Evacuate Collection Set: 0.6ms
[327.132s][info][gc,phases      ] GC(828)   Post Evacuate Collection Set: 0.2ms
[327.132s][info][gc,phases      ] GC(828)   Other: 0.1ms
[327.132s][info][gc,heap        ] GC(828) Eden regions: 1->0(24)
[327.132s][info][gc,heap        ] GC(828) Survivor regions: 0->1(4)
[327.132s][info][gc,heap        ] GC(828) Old regions: 487->487
[327.132s][info][gc,heap        ] GC(828) Archive regions: 2->2
[327.132s][info][gc,heap        ] GC(828) Humongous regions: 11->11
[327.132s][info][gc,metaspace   ] GC(828) Metaspace: 44230K(45568K)->44230K(45568K) NonClass: 39002K(39936K)->39002K(39936K) Class: 5227K(5632K)->5227K(5632K)
[327.132s][info][gc             ] GC(828) Pause Young (Concurrent Start) (G1 Humongous Allocation) 497M->497M(512M) 1.109ms
[327.132s][info][gc,cpu         ] GC(828) User=0.00s Sys=0.00s Real=0.00s
[327.132s][info][gc             ] GC(829) Concurrent Cycle
[327.132s][info][gc,marking     ] GC(829) Concurrent Clear Claimed Marks
[327.132s][info][gc,marking     ] GC(829) Concurrent Clear Claimed Marks 0.020ms
[327.132s][info][gc,marking     ] GC(829) Concurrent Scan Root Regions
[327.132s][info][gc,marking     ] GC(829) Concurrent Scan Root Regions 0.430ms
[327.132s][info][gc,marking     ] GC(829) Concurrent Mark (327.132s)
[327.132s][info][gc,marking     ] GC(829) Concurrent Mark From Roots
[327.132s][info][gc,start       ] GC(830) Pause Young (Normal) (G1 Humongous Allocation)
[327.132s][info][gc,task        ] GC(829) Using 2 workers of 2 for marking
[327.132s][info][gc,task        ] GC(830) Using 8 workers of 8 for evacuation
[327.133s][info][gc,phases      ] GC(830)   Pre Evacuate Collection Set: 0.4ms
[327.133s][info][gc,phases      ] GC(830)   Merge Heap Roots: 0.0ms
[327.133s][info][gc,phases      ] GC(830)   Evacuate Collection Set: 0.5ms
[327.133s][info][gc,phases      ] GC(830)   Post Evacuate Collection Set: 0.2ms
[327.133s][info][gc,phases      ] GC(830)   Other: 0.1ms
[327.133s][info][gc,heap        ] GC(830) Eden regions: 0->0(24)
[327.133s][info][gc,heap        ] GC(830) Survivor regions: 1->1(4)
[327.133s][info][gc,heap        ] GC(830) Old regions: 487->487
[327.133s][info][gc,heap        ] GC(830) Archive regions: 2->2
[327.133s][info][gc,heap        ] GC(830) Humongous regions: 11->11
[327.133s][info][gc,metaspace   ] GC(830) Metaspace: 44230K(45568K)->44230K(45568K) NonClass: 39002K(39936K)->39002K(39936K) Class: 5227K(5632K)->5227K(5632K)
[327.133s][info][gc             ] GC(830) Pause Young (Normal) (G1 Humongous Allocation) 497M->497M(512M) 0.940ms
[327.133s][info][gc,cpu         ] GC(830) User=0.01s Sys=0.00s Real=0.00s
[327.133s][info][gc,task        ] GC(831) Using 8 workers of 8 for full compaction
[327.133s][info][gc,start       ] GC(831) Pause Full (G1 Humongous Allocation)
[327.134s][info][gc,phases,start] GC(831) Phase 1: Mark live objects
[327.367s][info][gc,phases      ] GC(831) Phase 1: Mark live objects 233.335ms
[327.367s][info][gc,phases,start] GC(831) Phase 2: Prepare for compaction
[327.400s][info][gc,phases      ] GC(831) Phase 2: Prepare for compaction 32.293ms
[327.400s][info][gc,phases,start] GC(831) Phase 3: Adjust pointers
[327.472s][info][gc,phases      ] GC(831) Phase 3: Adjust pointers 71.865ms
[327.472s][info][gc,phases,start] GC(831) Phase 4: Compact heap
[327.498s][info][gc,phases      ] GC(831) Phase 4: Compact heap 26.366ms
[327.503s][info][gc,heap        ] GC(831) Eden regions: 0->0(25)
[327.503s][info][gc,heap        ] GC(831) Survivor regions: 1->0(4)
[327.503s][info][gc,heap        ] GC(831) Old regions: 487->487
[327.503s][info][gc,heap        ] GC(831) Archive regions: 2->2
[327.503s][info][gc,heap        ] GC(831) Humongous regions: 11->11
[327.503s][info][gc,metaspace   ] GC(831) Metaspace: 44230K(45568K)->44230K(45568K) NonClass: 39002K(39936K)->39002K(39936K) Class: 5227K(5632K)->5227K(5632K)
[327.503s][info][gc             ] GC(831) Pause Full (G1 Humongous Allocation) 497M->497M(512M) 369.429ms
[327.505s][info][gc,cpu         ] GC(831) User=2.51s Sys=0.04s Real=0.37s
[327.505s][info][gc,task        ] GC(832) Using 8 workers of 8 for full compaction
[327.505s][info][gc,start       ] GC(832) Pause Full (G1 Humongous Allocation)
[327.505s][info][gc,phases,start] GC(832) Phase 1: Mark live objects
[327.742s][info][gc,phases      ] GC(832) Phase 1: Mark live objects 237.417ms
[327.742s][info][gc,phases,start] GC(832) Phase 2: Prepare for compaction
[327.783s][info][gc,phases      ] GC(832) Phase 2: Prepare for compaction 40.655ms
[327.783s][info][gc,phases,start] GC(832) Phase 3: Adjust pointers
[327.858s][info][gc,phases      ] GC(832) Phase 3: Adjust pointers 75.130ms
[327.858s][info][gc,phases,start] GC(832) Phase 4: Compact heap
[327.887s][info][gc,phases      ] GC(832) Phase 4: Compact heap 29.195ms
[327.892s][info][gc,heap        ] GC(832) Eden regions: 0->0(25)
[327.892s][info][gc,heap        ] GC(832) Survivor regions: 0->0(4)
[327.892s][info][gc,heap        ] GC(832) Old regions: 487->487
[327.892s][info][gc,heap        ] GC(832) Archive regions: 2->2
[327.892s][info][gc,heap        ] GC(832) Humongous regions: 11->11
[327.892s][info][gc,metaspace   ] GC(832) Metaspace: 44230K(45568K)->44230K(45568K) NonClass: 39002K(39936K)->39002K(39936K) Class: 5227K(5632K)->5227K(5632K)
[327.892s][info][gc             ] GC(832) Pause Full (G1 Humongous Allocation) 497M->497M(512M) 387.090ms
[327.894s][info][gc,cpu         ] GC(832) User=2.52s Sys=0.03s Real=0.39s
[327.894s][info][gc,marking     ] GC(829) Concurrent Mark From Roots 761.304ms
[327.894s][info][gc,marking     ] GC(829) Concurrent Mark Abort
[327.894s][info][gc             ] GC(829) Concurrent Cycle 761.824ms
[327.894s][info][gc,start       ] GC(833) Pause Young (Concurrent Start) (G1 Humongous Allocation)
[327.894s][info][gc,task        ] GC(833) Using 8 workers of 8 for evacuation
[327.895s][info][gc,phases      ] GC(833)   Pre Evacuate Collection Set: 0.1ms
[327.895s][info][gc,phases      ] GC(833)   Merge Heap Roots: 0.0ms
[327.895s][info][gc,phases      ] GC(833)   Evacuate Collection Set: 0.5ms
[327.895s][info][gc,phases      ] GC(833)   Post Evacuate Collection Set: 0.1ms
[327.895s][info][gc,phases      ] GC(833)   Other: 0.1ms
[327.895s][info][gc,heap        ] GC(833) Eden regions: 1->0(24)
[327.895s][info][gc,heap        ] GC(833) Survivor regions: 0->1(4)
[327.895s][info][gc,heap        ] GC(833) Old regions: 487->487
[327.895s][info][gc,heap        ] GC(833) Archive regions: 2->2
[327.895s][info][gc,heap        ] GC(833) Humongous regions: 11->11
[327.895s][info][gc,metaspace   ] GC(833) Metaspace: 44230K(45568K)->44230K(45568K) NonClass: 39002K(39936K)->39002K(39936K) Class: 5227K(5632K)->5227K(5632K)
[327.895s][info][gc             ] GC(833) Pause Young (Concurrent Start) (G1 Humongous Allocation) 497M->497M(512M) 0.992ms
[327.895s][info][gc,cpu         ] GC(833) User=0.00s Sys=0.00s Real=0.00s
[327.895s][info][gc             ] GC(834) Concurrent Cycle
[327.895s][info][gc,marking     ] GC(834) Concurrent Clear Claimed Marks
[327.895s][info][gc,marking     ] GC(834) Concurrent Clear Claimed Marks 0.018ms
[327.895s][info][gc,marking     ] GC(834) Concurrent Scan Root Regions
[327.895s][info][gc,marking     ] GC(834) Concurrent Scan Root Regions 0.445ms
[327.895s][info][gc,marking     ] GC(834) Concurrent Mark (327.895s)
[327.895s][info][gc,marking     ] GC(834) Concurrent Mark From Roots
[327.895s][info][gc,task        ] GC(834) Using 2 workers of 2 for marking
[327.895s][info][gc,start       ] GC(835) Pause Young (Normal) (G1 Humongous Allocation)
[327.895s][info][gc,task        ] GC(835) Using 8 workers of 8 for evacuation
[327.896s][info][gc,phases      ] GC(835)   Pre Evacuate Collection Set: 0.3ms
[327.896s][info][gc,phases      ] GC(835)   Merge Heap Roots: 0.0ms
[327.896s][info][gc,phases      ] GC(835)   Evacuate Collection Set: 0.2ms
[327.896s][info][gc,phases      ] GC(835)   Post Evacuate Collection Set: 0.2ms
[327.896s][info][gc,phases      ] GC(835)   Other: 0.1ms
[327.896s][info][gc,heap        ] GC(835) Eden regions: 1->0(24)
[327.896s][info][gc,heap        ] GC(835) Survivor regions: 1->1(4)
[327.896s][info][gc,heap        ] GC(835) Old regions: 487->487
[327.896s][info][gc,heap        ] GC(835) Archive regions: 2->2
[327.896s][info][gc,heap        ] GC(835) Humongous regions: 11->11
[327.896s][info][gc,metaspace   ] GC(835) Metaspace: 44230K(45568K)->44230K(45568K) NonClass: 39002K(39936K)->39002K(39936K) Class: 5227K(5632K)->5227K(5632K)
[327.896s][info][gc             ] GC(835) Pause Young (Normal) (G1 Humongous Allocation) 497M->497M(512M) 0.613ms
[327.896s][info][gc,cpu         ] GC(835) User=0.00s Sys=0.00s Real=0.01s
[327.896s][info][gc,task        ] GC(836) Using 8 workers of 8 for full compaction
[327.896s][info][gc,start       ] GC(836) Pause Full (G1 Humongous Allocation)
[327.897s][info][gc,phases,start] GC(836) Phase 1: Mark live objects
[328.126s][info][gc,phases      ] GC(836) Phase 1: Mark live objects 229.295ms
[328.126s][info][gc,phases,start] GC(836) Phase 2: Prepare for compaction
[328.155s][info][gc,phases      ] GC(836) Phase 2: Prepare for compaction 28.869ms
[328.155s][info][gc,phases,start] GC(836) Phase 3: Adjust pointers
[328.228s][info][gc,phases      ] GC(836) Phase 3: Adjust pointers 72.980ms
[328.228s][info][gc,phases,start] GC(836) Phase 4: Compact heap
[328.257s][info][gc,phases      ] GC(836) Phase 4: Compact heap 29.399ms
[328.262s][info][gc,heap        ] GC(836) Eden regions: 0->0(25)
[328.262s][info][gc,heap        ] GC(836) Survivor regions: 1->0(4)
[328.262s][info][gc,heap        ] GC(836) Old regions: 487->488
[328.262s][info][gc,heap        ] GC(836) Archive regions: 2->2
[328.262s][info][gc,heap        ] GC(836) Humongous regions: 11->11
[328.262s][info][gc,metaspace   ] GC(836) Metaspace: 44230K(45568K)->44230K(45568K) NonClass: 39002K(39936K)->39002K(39936K) Class: 5227K(5632K)->5227K(5632K)
[328.262s][info][gc             ] GC(836) Pause Full (G1 Humongous Allocation) 497M->497M(512M) 365.892ms
[328.264s][info][gc,cpu         ] GC(836) User=2.54s Sys=0.02s Real=0.36s
[328.264s][info][gc,task        ] GC(837) Using 8 workers of 8 for full compaction
[328.264s][info][gc,start       ] GC(837) Pause Full (G1 Humongous Allocation)
[328.264s][info][gc,phases,start] GC(837) Phase 1: Mark live objects
[328.497s][info][gc,phases      ] GC(837) Phase 1: Mark live objects 233.556ms
[328.497s][info][gc,phases,start] GC(837) Phase 2: Prepare for compaction
[328.529s][info][gc,phases      ] GC(837) Phase 2: Prepare for compaction 32.142ms
[328.529s][info][gc,phases,start] GC(837) Phase 3: Adjust pointers
[328.601s][info][gc,phases      ] GC(837) Phase 3: Adjust pointers 71.997ms
[328.601s][info][gc,phases,start] GC(837) Phase 4: Compact heap
[328.630s][info][gc,phases      ] GC(837) Phase 4: Compact heap 28.895ms
[328.635s][info][gc,heap        ] GC(837) Eden regions: 0->0(25)
[328.635s][info][gc,heap        ] GC(837) Survivor regions: 0->0(4)
[328.635s][info][gc,heap        ] GC(837) Old regions: 488->487
[328.635s][info][gc,heap        ] GC(837) Archive regions: 2->2
[328.635s][info][gc,heap        ] GC(837) Humongous regions: 11->11
[328.635s][info][gc,metaspace   ] GC(837) Metaspace: 44230K(45568K)->44230K(45568K) NonClass: 39002K(39936K)->39002K(39936K) Class: 5227K(5632K)->5227K(5632K)
[328.635s][info][gc             ] GC(837) Pause Full (G1 Humongous Allocation) 497M->497M(512M) 371.533ms
[328.637s][info][gc,cpu         ] GC(837) User=2.53s Sys=0.03s Real=0.38s
[328.637s][info][gc,marking     ] GC(834) Concurrent Mark From Roots 741.623ms
[328.637s][info][gc,marking     ] GC(834) Concurrent Mark Abort
[328.637s][info][gc             ] GC(834) Concurrent Cycle 742.158ms
[328.637s][info][gc,start       ] GC(838) Pause Young (Normal) (G1 Humongous Allocation)
[328.637s][info][gc,task        ] GC(838) Using 8 workers of 8 for evacuation
[328.638s][info][gc,phases      ] GC(838)   Pre Evacuate Collection Set: 0.1ms
[328.638s][info][gc,phases      ] GC(838)   Merge Heap Roots: 0.1ms
[328.638s][info][gc,phases      ] GC(838)   Evacuate Collection Set: 0.2ms
[328.638s][info][gc,phases      ] GC(838)   Post Evacuate Collection Set: 0.2ms
[328.638s][info][gc,phases      ] GC(838)   Other: 0.1ms
[328.638s][info][gc,heap        ] GC(838) Eden regions: 1->0(24)
[328.638s][info][gc,heap        ] GC(838) Survivor regions: 0->1(4)
[328.638s][info][gc,heap        ] GC(838) Old regions: 487->487
[328.638s][info][gc,heap        ] GC(838) Archive regions: 2->2
[328.638s][info][gc,heap        ] GC(838) Humongous regions: 11->11
[328.638s][info][gc,metaspace   ] GC(838) Metaspace: 44230K(45568K)->44230K(45568K) NonClass: 39002K(39936K)->39002K(39936K) Class: 5227K(5632K)->5227K(5632K)
[328.638s][info][gc             ] GC(838) Pause Young (Normal) (G1 Humongous Allocation) 497M->497M(512M) 0.701ms
[328.638s][info][gc,cpu         ] GC(838) User=0.00s Sys=0.00s Real=0.00s
[328.638s][info][gc,task        ] GC(839) Using 8 workers of 8 for full compaction
[328.638s][info][gc,start       ] GC(839) Pause Full (G1 Humongous Allocation)
[328.638s][info][gc,phases,start] GC(839) Phase 1: Mark live objects
[328.872s][info][gc,phases      ] GC(839) Phase 1: Mark live objects 233.848ms
[328.872s][info][gc,phases,start] GC(839) Phase 2: Prepare for compaction
[328.908s][info][gc,phases      ] GC(839) Phase 2: Prepare for compaction 35.816ms
[328.908s][info][gc,phases,start] GC(839) Phase 3: Adjust pointers
[328.993s][info][gc,phases      ] GC(839) Phase 3: Adjust pointers 85.220ms
[328.993s][info][gc,phases,start] GC(839) Phase 4: Compact heap
[329.027s][info][gc,phases      ] GC(839) Phase 4: Compact heap 33.589ms
[329.031s][info][gc,heap        ] GC(839) Eden regions: 0->0(25)
[329.031s][info][gc,heap        ] GC(839) Survivor regions: 1->0(4)
[329.031s][info][gc,heap        ] GC(839) Old regions: 487->487
[329.031s][info][gc,heap        ] GC(839) Archive regions: 2->2
[329.031s][info][gc,heap        ] GC(839) Humongous regions: 11->11
[329.031s][info][gc,metaspace   ] GC(839) Metaspace: 44230K(45568K)->44230K(45568K) NonClass: 39002K(39936K)->39002K(39936K) Class: 5227K(5632K)->5227K(5632K)
[329.031s][info][gc             ] GC(839) Pause Full (G1 Humongous Allocation) 497M->497M(512M) 393.209ms
[329.033s][info][gc,cpu         ] GC(839) User=2.50s Sys=0.03s Real=0.39s
[329.033s][info][gc,task        ] GC(840) Using 8 workers of 8 for full compaction
[329.033s][info][gc,start       ] GC(840) Pause Full (G1 Humongous Allocation)
[329.033s][info][gc,phases,start] GC(840) Phase 1: Mark live objects
[329.261s][info][gc,phases      ] GC(840) Phase 1: Mark live objects 227.974ms
[329.261s][info][gc,phases,start] GC(840) Phase 2: Prepare for compaction
[329.290s][info][gc,phases      ] GC(840) Phase 2: Prepare for compaction 29.614ms
[329.290s][info][gc,phases,start] GC(840) Phase 3: Adjust pointers
[329.366s][info][gc,phases      ] GC(840) Phase 3: Adjust pointers 76.031ms
[329.366s][info][gc,phases,start] GC(840) Phase 4: Compact heap
[329.394s][info][gc,phases      ] GC(840) Phase 4: Compact heap 27.710ms
[329.399s][info][gc,heap        ] GC(840) Eden regions: 0->0(25)
[329.399s][info][gc,heap        ] GC(840) Survivor regions: 0->0(4)
[329.399s][info][gc,heap        ] GC(840) Old regions: 487->487
[329.399s][info][gc,heap        ] GC(840) Archive regions: 2->2
[329.399s][info][gc,heap        ] GC(840) Humongous regions: 11->11
[329.399s][info][gc,metaspace   ] GC(840) Metaspace: 44230K(45568K)->44230K(45568K) NonClass: 39002K(39936K)->39002K(39936K) Class: 5227K(5632K)->5227K(5632K)
[329.399s][info][gc             ] GC(840) Pause Full (G1 Humongous Allocation) 497M->497M(512M) 366.272ms
[329.401s][info][gc,cpu         ] GC(840) User=2.52s Sys=0.03s Real=0.37s
[329.401s][info][gc,start       ] GC(841) Pause Young (Concurrent Start) (G1 Humongous Allocation)
[329.401s][info][gc,task        ] GC(841) Using 8 workers of 8 for evacuation
[329.402s][info][gc,phases      ] GC(841)   Pre Evacuate Collection Set: 0.1ms
[329.402s][info][gc,phases      ] GC(841)   Merge Heap Roots: 0.0ms
[329.402s][info][gc,phases      ] GC(841)   Evacuate Collection Set: 0.6ms
[329.402s][info][gc,phases      ] GC(841)   Post Evacuate Collection Set: 0.2ms
[329.402s][info][gc,phases      ] GC(841)   Other: 0.1ms
[329.402s][info][gc,heap        ] GC(841) Eden regions: 1->0(24)
[329.402s][info][gc,heap        ] GC(841) Survivor regions: 0->1(4)
[329.402s][info][gc,heap        ] GC(841) Old regions: 487->487
[329.402s][info][gc,heap        ] GC(841) Archive regions: 2->2
[329.402s][info][gc,heap        ] GC(841) Humongous regions: 11->11
[329.402s][info][gc,metaspace   ] GC(841) Metaspace: 44230K(45568K)->44230K(45568K) NonClass: 39002K(39936K)->39002K(39936K) Class: 5227K(5632K)->5227K(5632K)
[329.402s][info][gc             ] GC(841) Pause Young (Concurrent Start) (G1 Humongous Allocation) 497M->497M(512M) 1.015ms
[329.402s][info][gc,cpu         ] GC(841) User=0.01s Sys=0.00s Real=0.00s
[329.402s][info][gc,task        ] GC(842) Using 8 workers of 8 for full compaction
[329.402s][info][gc,start       ] GC(842) Pause Full (G1 Humongous Allocation)
[329.402s][info][gc             ] GC(843) Concurrent Cycle
[329.402s][info][gc,marking     ] GC(843) Concurrent Clear Claimed Marks
[329.402s][info][gc,marking     ] GC(843) Concurrent Clear Claimed Marks 0.013ms
[329.402s][info][gc,marking     ] GC(843) Concurrent Scan Root Regions
[329.402s][info][gc,marking     ] GC(843) Concurrent Scan Root Regions 0.016ms
[329.402s][info][gc,marking     ] GC(843) Concurrent Mark (329.402s)
[329.402s][info][gc,marking     ] GC(843) Concurrent Mark From Roots
[329.402s][info][gc,task        ] GC(843) Using 2 workers of 2 for marking
[329.403s][info][gc,phases,start] GC(842) Phase 1: Mark live objects
[329.639s][info][gc,phases      ] GC(842) Phase 1: Mark live objects 236.584ms
[329.640s][info][gc,phases,start] GC(842) Phase 2: Prepare for compaction
[329.672s][info][gc,phases      ] GC(842) Phase 2: Prepare for compaction 32.348ms
[329.672s][info][gc,phases,start] GC(842) Phase 3: Adjust pointers
[329.747s][info][gc,phases      ] GC(842) Phase 3: Adjust pointers 74.689ms
[329.747s][info][gc,phases,start] GC(842) Phase 4: Compact heap
[329.774s][info][gc,phases      ] GC(842) Phase 4: Compact heap 27.855ms
[329.779s][info][gc,heap        ] GC(842) Eden regions: 0->0(25)
[329.779s][info][gc,heap        ] GC(842) Survivor regions: 1->0(4)
[329.779s][info][gc,heap        ] GC(842) Old regions: 487->487
[329.779s][info][gc,heap        ] GC(842) Archive regions: 2->2
[329.779s][info][gc,heap        ] GC(842) Humongous regions: 11->11
[329.779s][info][gc,metaspace   ] GC(842) Metaspace: 44230K(45568K)->44230K(45568K) NonClass: 39002K(39936K)->39002K(39936K) Class: 5227K(5632K)->5227K(5632K)
[329.779s][info][gc             ] GC(842) Pause Full (G1 Humongous Allocation) 497M->497M(512M) 377.213ms
[329.782s][info][gc,cpu         ] GC(842) User=2.52s Sys=0.04s Real=0.38s
[329.782s][info][gc,task        ] GC(844) Using 8 workers of 8 for full compaction
[329.782s][info][gc,start       ] GC(844) Pause Full (G1 Humongous Allocation)
[329.782s][info][gc,phases,start] GC(844) Phase 1: Mark live objects
[330.023s][info][gc,phases      ] GC(844) Phase 1: Mark live objects 240.497ms
[330.023s][info][gc,phases,start] GC(844) Phase 2: Prepare for compaction
[330.053s][info][gc,phases      ] GC(844) Phase 2: Prepare for compaction 30.610ms
[330.053s][info][gc,phases,start] GC(844) Phase 3: Adjust pointers
[330.143s][info][gc,phases      ] GC(844) Phase 3: Adjust pointers 89.239ms
[330.143s][info][gc,phases,start] GC(844) Phase 4: Compact heap
[330.172s][info][gc,phases      ] GC(844) Phase 4: Compact heap 29.128ms
[330.176s][info][gc,heap        ] GC(844) Eden regions: 0->0(25)
[330.176s][info][gc,heap        ] GC(844) Survivor regions: 0->0(4)
[330.176s][info][gc,heap        ] GC(844) Old regions: 487->487
[330.176s][info][gc,heap        ] GC(844) Archive regions: 2->2
[330.176s][info][gc,heap        ] GC(844) Humongous regions: 11->11
[330.176s][info][gc,metaspace   ] GC(844) Metaspace: 44230K(45568K)->44230K(45568K) NonClass: 39002K(39936K)->39002K(39936K) Class: 5227K(5632K)->5227K(5632K)
[330.176s][info][gc             ] GC(844) Pause Full (G1 Humongous Allocation) 497M->497M(512M) 394.036ms
[330.177s][info][gc,cpu         ] GC(844) User=2.45s Sys=0.02s Real=0.40s
[330.178s][info][gc,marking     ] GC(843) Concurrent Mark From Roots 775.205ms
[330.178s][info][gc,marking     ] GC(843) Concurrent Mark Abort
[330.178s][info][gc             ] GC(843) Concurrent Cycle 775.333ms
[330.178s][info][gc,start       ] GC(845) Pause Young (Normal) (G1 Humongous Allocation)
[330.178s][info][gc,task        ] GC(845) Using 8 workers of 8 for evacuation
[330.178s][info][gc,phases      ] GC(845)   Pre Evacuate Collection Set: 0.1ms
[330.178s][info][gc,phases      ] GC(845)   Merge Heap Roots: 0.1ms
[330.178s][info][gc,phases      ] GC(845)   Evacuate Collection Set: 0.2ms
[330.178s][info][gc,phases      ] GC(845)   Post Evacuate Collection Set: 0.2ms
[330.178s][info][gc,phases      ] GC(845)   Other: 0.1ms
[330.178s][info][gc,heap        ] GC(845) Eden regions: 1->0(24)
[330.178s][info][gc,heap        ] GC(845) Survivor regions: 0->1(4)
[330.178s][info][gc,heap        ] GC(845) Old regions: 487->487
[330.178s][info][gc,heap        ] GC(845) Archive regions: 2->2
[330.178s][info][gc,heap        ] GC(845) Humongous regions: 11->11
[330.178s][info][gc,metaspace   ] GC(845) Metaspace: 44230K(45568K)->44230K(45568K) NonClass: 39002K(39936K)->39002K(39936K) Class: 5227K(5632K)->5227K(5632K)
[330.178s][info][gc             ] GC(845) Pause Young (Normal) (G1 Humongous Allocation) 497M->497M(512M) 0.606ms
[330.178s][info][gc,cpu         ] GC(845) User=0.00s Sys=0.00s Real=0.00s
[330.178s][info][gc,task        ] GC(846) Using 8 workers of 8 for full compaction
[330.178s][info][gc,start       ] GC(846) Pause Full (G1 Humongous Allocation)
[330.178s][info][gc,phases,start] GC(846) Phase 1: Mark live objects
[330.409s][info][gc,phases      ] GC(846) Phase 1: Mark live objects 230.336ms
[330.409s][info][gc,phases,start] GC(846) Phase 2: Prepare for compaction
[330.440s][info][gc,phases      ] GC(846) Phase 2: Prepare for compaction 31.524ms
[330.440s][info][gc,phases,start] GC(846) Phase 3: Adjust pointers
[330.515s][info][gc,phases      ] GC(846) Phase 3: Adjust pointers 74.213ms
[330.515s][info][gc,phases,start] GC(846) Phase 4: Compact heap
[330.540s][info][gc,phases      ] GC(846) Phase 4: Compact heap 25.144ms
[330.544s][info][gc,heap        ] GC(846) Eden regions: 0->0(25)
[330.544s][info][gc,heap        ] GC(846) Survivor regions: 1->0(4)
[330.544s][info][gc,heap        ] GC(846) Old regions: 487->488
[330.544s][info][gc,heap        ] GC(846) Archive regions: 2->2
[330.544s][info][gc,heap        ] GC(846) Humongous regions: 11->11
[330.544s][info][gc,metaspace   ] GC(846) Metaspace: 44230K(45568K)->44230K(45568K) NonClass: 39002K(39936K)->39002K(39936K) Class: 5227K(5632K)->5227K(5632K)
[330.544s][info][gc             ] GC(846) Pause Full (G1 Humongous Allocation) 497M->497M(512M) 366.075ms
[330.546s][info][gc,cpu         ] GC(846) User=2.45s Sys=0.03s Real=0.37s
[330.546s][info][gc,task        ] GC(847) Using 8 workers of 8 for full compaction
[330.546s][info][gc,start       ] GC(847) Pause Full (G1 Humongous Allocation)
[330.546s][info][gc,phases,start] GC(847) Phase 1: Mark live objects
[330.772s][info][gc,phases      ] GC(847) Phase 1: Mark live objects 226.194ms
[330.772s][info][gc,phases,start] GC(847) Phase 2: Prepare for compaction
[330.801s][info][gc,phases      ] GC(847) Phase 2: Prepare for compaction 29.108ms
[330.802s][info][gc,phases,start] GC(847) Phase 3: Adjust pointers
[330.894s][info][gc,phases      ] GC(847) Phase 3: Adjust pointers 92.465ms
[330.894s][info][gc,phases,start] GC(847) Phase 4: Compact heap
[330.938s][info][gc,phases      ] GC(847) Phase 4: Compact heap 43.554ms
[330.944s][info][gc,heap        ] GC(847) Eden regions: 0->0(25)
[330.944s][info][gc,heap        ] GC(847) Survivor regions: 0->0(4)
[330.944s][info][gc,heap        ] GC(847) Old regions: 488->487
[330.944s][info][gc,heap        ] GC(847) Archive regions: 2->2
[330.944s][info][gc,heap        ] GC(847) Humongous regions: 11->11
[330.944s][info][gc,metaspace   ] GC(847) Metaspace: 44230K(45568K)->44230K(45568K) NonClass: 39002K(39936K)->39002K(39936K) Class: 5227K(5632K)->5227K(5632K)
[330.944s][info][gc             ] GC(847) Pause Full (G1 Humongous Allocation) 497M->497M(512M) 397.838ms
[330.946s][info][gc,cpu         ] GC(847) User=2.51s Sys=0.04s Real=0.40s
[330.947s][info][gc,start       ] GC(848) Pause Young (Concurrent Start) (G1 Humongous Allocation)
[330.947s][info][gc,task        ] GC(848) Using 8 workers of 8 for evacuation
[330.949s][info][gc,phases      ] GC(848)   Pre Evacuate Collection Set: 0.1ms
[330.949s][info][gc,phases      ] GC(848)   Merge Heap Roots: 0.0ms
[330.949s][info][gc,phases      ] GC(848)   Evacuate Collection Set: 1.0ms
[330.949s][info][gc,phases      ] GC(848)   Post Evacuate Collection Set: 0.3ms
[330.949s][info][gc,phases      ] GC(848)   Other: 0.1ms
[330.949s][info][gc,heap        ] GC(848) Eden regions: 1->0(24)
[330.949s][info][gc,heap        ] GC(848) Survivor regions: 0->1(4)
[330.949s][info][gc,heap        ] GC(848) Old regions: 487->487
[330.949s][info][gc,heap        ] GC(848) Archive regions: 2->2
[330.949s][info][gc,heap        ] GC(848) Humongous regions: 11->11
[330.949s][info][gc,metaspace   ] GC(848) Metaspace: 44230K(45568K)->44230K(45568K) NonClass: 39002K(39936K)->39002K(39936K) Class: 5227K(5632K)->5227K(5632K)
[330.949s][info][gc             ] GC(848) Pause Young (Concurrent Start) (G1 Humongous Allocation) 497M->497M(512M) 1.680ms
[330.949s][info][gc,cpu         ] GC(848) User=0.00s Sys=0.00s Real=0.00s
[330.949s][info][gc             ] GC(850) Concurrent Cycle
[330.949s][info][gc,task        ] GC(849) Using 8 workers of 8 for full compaction
[330.949s][info][gc,marking     ] GC(850) Concurrent Clear Claimed Marks
[330.949s][info][gc,start       ] GC(849) Pause Full (G1 Humongous Allocation)
[330.949s][info][gc,marking     ] GC(850) Concurrent Clear Claimed Marks 0.051ms
[330.949s][info][gc,marking     ] GC(850) Concurrent Scan Root Regions
[330.949s][info][gc,marking     ] GC(850) Concurrent Scan Root Regions 0.020ms
[330.949s][info][gc,marking     ] GC(850) Concurrent Mark (330.949s)
[330.949s][info][gc,marking     ] GC(850) Concurrent Mark From Roots
[330.949s][info][gc,task        ] GC(850) Using 2 workers of 2 for marking
[330.950s][info][gc,phases,start] GC(849) Phase 1: Mark live objects
[331.338s][info][gc,phases      ] GC(849) Phase 1: Mark live objects 388.501ms
[331.338s][info][gc,phases,start] GC(849) Phase 2: Prepare for compaction
[331.370s][info][gc,phases      ] GC(849) Phase 2: Prepare for compaction 32.088ms
[331.370s][info][gc,phases,start] GC(849) Phase 3: Adjust pointers
[331.442s][info][gc,phases      ] GC(849) Phase 3: Adjust pointers 71.631ms
[331.442s][info][gc,phases,start] GC(849) Phase 4: Compact heap
[331.467s][info][gc,phases      ] GC(849) Phase 4: Compact heap 25.336ms
[331.473s][info][gc,heap        ] GC(849) Eden regions: 0->0(25)
[331.473s][info][gc,heap        ] GC(849) Survivor regions: 1->0(4)
[331.473s][info][gc,heap        ] GC(849) Old regions: 487->487
[331.473s][info][gc,heap        ] GC(849) Archive regions: 2->2
[331.473s][info][gc,heap        ] GC(849) Humongous regions: 11->11
[331.473s][info][gc,metaspace   ] GC(849) Metaspace: 44230K(45568K)->44230K(45568K) NonClass: 39002K(39936K)->39002K(39936K) Class: 5227K(5632K)->5227K(5632K)
[331.473s][info][gc             ] GC(849) Pause Full (G1 Humongous Allocation) 497M->497M(512M) 523.851ms
[331.474s][info][gc,cpu         ] GC(849) User=2.50s Sys=0.02s Real=0.52s
[331.474s][info][gc,task        ] GC(851) Using 8 workers of 8 for full compaction
[331.474s][info][gc,start       ] GC(851) Pause Full (G1 Humongous Allocation)
[331.474s][info][gc,phases,start] GC(851) Phase 1: Mark live objects
[331.710s][info][gc,phases      ] GC(851) Phase 1: Mark live objects 236.320ms
[331.710s][info][gc,phases,start] GC(851) Phase 2: Prepare for compaction
[331.739s][info][gc,phases      ] GC(851) Phase 2: Prepare for compaction 28.963ms
[331.739s][info][gc,phases,start] GC(851) Phase 3: Adjust pointers
[331.812s][info][gc,phases      ] GC(851) Phase 3: Adjust pointers 72.576ms
[331.812s][info][gc,phases,start] GC(851) Phase 4: Compact heap
[331.839s][info][gc,phases      ] GC(851) Phase 4: Compact heap 26.758ms
[331.845s][info][gc,heap        ] GC(851) Eden regions: 0->0(25)
[331.845s][info][gc,heap        ] GC(851) Survivor regions: 0->0(4)
[331.845s][info][gc,heap        ] GC(851) Old regions: 487->487
[331.845s][info][gc,heap        ] GC(851) Archive regions: 2->2
[331.845s][info][gc,heap        ] GC(851) Humongous regions: 11->11
[331.845s][info][gc,metaspace   ] GC(851) Metaspace: 44230K(45568K)->44230K(45568K) NonClass: 39002K(39936K)->39002K(39936K) Class: 5227K(5632K)->5227K(5632K)
[331.845s][info][gc             ] GC(851) Pause Full (G1 Humongous Allocation) 497M->497M(512M) 370.840ms
[331.847s][info][gc,cpu         ] GC(851) User=2.51s Sys=0.03s Real=0.38s
[331.847s][info][gc,marking     ] GC(850) Concurrent Mark From Roots 897.834ms
[331.847s][info][gc,marking     ] GC(850) Concurrent Mark Abort
[331.847s][info][gc             ] GC(850) Concurrent Cycle 897.990ms
[331.847s][info][gc,start       ] GC(852) Pause Young (Concurrent Start) (G1 Humongous Allocation)
[331.847s][info][gc,task        ] GC(852) Using 8 workers of 8 for evacuation
[331.848s][info][gc,phases      ] GC(852)   Pre Evacuate Collection Set: 0.1ms
[331.848s][info][gc,phases      ] GC(852)   Merge Heap Roots: 0.0ms
[331.848s][info][gc,phases      ] GC(852)   Evacuate Collection Set: 0.6ms
[331.848s][info][gc,phases      ] GC(852)   Post Evacuate Collection Set: 0.2ms
[331.848s][info][gc,phases      ] GC(852)   Other: 0.1ms
[331.848s][info][gc,heap        ] GC(852) Eden regions: 1->0(24)
[331.848s][info][gc,heap        ] GC(852) Survivor regions: 0->1(4)
[331.848s][info][gc,heap        ] GC(852) Old regions: 487->487
[331.848s][info][gc,heap        ] GC(852) Archive regions: 2->2
[331.848s][info][gc,heap        ] GC(852) Humongous regions: 11->11
[331.848s][info][gc,metaspace   ] GC(852) Metaspace: 44230K(45568K)->44230K(45568K) NonClass: 39002K(39936K)->39002K(39936K) Class: 5227K(5632K)->5227K(5632K)
[331.848s][info][gc             ] GC(852) Pause Young (Concurrent Start) (G1 Humongous Allocation) 497M->497M(512M) 1.030ms
[331.848s][info][gc,cpu         ] GC(852) User=0.01s Sys=0.00s Real=0.00s
[331.848s][info][gc             ] GC(853) Concurrent Cycle
[331.848s][info][gc,marking     ] GC(853) Concurrent Clear Claimed Marks
[331.848s][info][gc,marking     ] GC(853) Concurrent Clear Claimed Marks 0.019ms
[331.848s][info][gc,marking     ] GC(853) Concurrent Scan Root Regions
[331.849s][info][gc,marking     ] GC(853) Concurrent Scan Root Regions 0.424ms
[331.849s][info][gc,marking     ] GC(853) Concurrent Mark (331.849s)
[331.849s][info][gc,marking     ] GC(853) Concurrent Mark From Roots
[331.849s][info][gc,task        ] GC(853) Using 2 workers of 2 for marking
[331.849s][info][gc,start       ] GC(854) Pause Young (Normal) (G1 Humongous Allocation)
[331.849s][info][gc,task        ] GC(854) Using 8 workers of 8 for evacuation
[331.849s][info][gc,phases      ] GC(854)   Pre Evacuate Collection Set: 0.4ms
[331.849s][info][gc,phases      ] GC(854)   Merge Heap Roots: 0.0ms
[331.849s][info][gc,phases      ] GC(854)   Evacuate Collection Set: 0.2ms
[331.849s][info][gc,phases      ] GC(854)   Post Evacuate Collection Set: 0.1ms
[331.849s][info][gc,phases      ] GC(854)   Other: 0.1ms
[331.849s][info][gc,heap        ] GC(854) Eden regions: 0->0(24)
[331.849s][info][gc,heap        ] GC(854) Survivor regions: 1->1(4)
[331.849s][info][gc,heap        ] GC(854) Old regions: 487->487
[331.849s][info][gc,heap        ] GC(854) Archive regions: 2->2
[331.849s][info][gc,heap        ] GC(854) Humongous regions: 11->11
[331.849s][info][gc,metaspace   ] GC(854) Metaspace: 44230K(45568K)->44230K(45568K) NonClass: 39002K(39936K)->39002K(39936K) Class: 5227K(5632K)->5227K(5632K)
[331.849s][info][gc             ] GC(854) Pause Young (Normal) (G1 Humongous Allocation) 497M->497M(512M) 0.528ms
[331.849s][info][gc,cpu         ] GC(854) User=0.00s Sys=0.00s Real=0.00s
[331.849s][info][gc,task        ] GC(855) Using 8 workers of 8 for full compaction
[331.849s][info][gc,start       ] GC(855) Pause Full (G1 Humongous Allocation)
[331.850s][info][gc,phases,start] GC(855) Phase 1: Mark live objects
[332.087s][info][gc,phases      ] GC(855) Phase 1: Mark live objects 236.680ms
[332.087s][info][gc,phases,start] GC(855) Phase 2: Prepare for compaction
[332.117s][info][gc,phases      ] GC(855) Phase 2: Prepare for compaction 30.745ms
[332.117s][info][gc,phases,start] GC(855) Phase 3: Adjust pointers
[332.189s][info][gc,phases      ] GC(855) Phase 3: Adjust pointers 71.517ms
[332.189s][info][gc,phases,start] GC(855) Phase 4: Compact heap
[332.215s][info][gc,phases      ] GC(855) Phase 4: Compact heap 25.665ms
[332.219s][info][gc,heap        ] GC(855) Eden regions: 0->0(25)
[332.219s][info][gc,heap        ] GC(855) Survivor regions: 1->0(4)
[332.219s][info][gc,heap        ] GC(855) Old regions: 487->487
[332.219s][info][gc,heap        ] GC(855) Archive regions: 2->2
[332.219s][info][gc,heap        ] GC(855) Humongous regions: 11->11
[332.219s][info][gc,metaspace   ] GC(855) Metaspace: 44230K(45568K)->44230K(45568K) NonClass: 39002K(39936K)->39002K(39936K) Class: 5227K(5632K)->5227K(5632K)
[332.219s][info][gc             ] GC(855) Pause Full (G1 Humongous Allocation) 497M->497M(512M) 369.950ms
[332.220s][info][gc,cpu         ] GC(855) User=2.49s Sys=0.04s Real=0.37s
[332.220s][info][gc,task        ] GC(856) Using 8 workers of 8 for full compaction
[332.220s][info][gc,start       ] GC(856) Pause Full (G1 Humongous Allocation)
[332.220s][info][gc,phases,start] GC(856) Phase 1: Mark live objects
[332.456s][info][gc,phases      ] GC(856) Phase 1: Mark live objects 235.214ms
[332.456s][info][gc,phases,start] GC(856) Phase 2: Prepare for compaction
[332.485s][info][gc,phases      ] GC(856) Phase 2: Prepare for compaction 29.113ms
[332.485s][info][gc,phases,start] GC(856) Phase 3: Adjust pointers
[332.555s][info][gc,phases      ] GC(856) Phase 3: Adjust pointers 69.845ms
[332.555s][info][gc,phases,start] GC(856) Phase 4: Compact heap
[332.579s][info][gc,phases      ] GC(856) Phase 4: Compact heap 24.337ms
[332.584s][info][gc,heap        ] GC(856) Eden regions: 0->0(25)
[332.584s][info][gc,heap        ] GC(856) Survivor regions: 0->0(4)
[332.584s][info][gc,heap        ] GC(856) Old regions: 487->487
[332.584s][info][gc,heap        ] GC(856) Archive regions: 2->2
[332.584s][info][gc,heap        ] GC(856) Humongous regions: 11->11
[332.584s][info][gc,metaspace   ] GC(856) Metaspace: 44230K(45568K)->44230K(45568K) NonClass: 39002K(39936K)->39002K(39936K) Class: 5227K(5632K)->5227K(5632K)
[332.584s][info][gc             ] GC(856) Pause Full (G1 Humongous Allocation) 497M->497M(512M) 363.181ms
[332.585s][info][gc,cpu         ] GC(856) User=2.50s Sys=0.03s Real=0.36s
[332.585s][info][gc,marking     ] GC(853) Concurrent Mark From Roots 736.678ms
[332.585s][info][gc,marking     ] GC(853) Concurrent Mark Abort
[332.585s][info][gc             ] GC(853) Concurrent Cycle 737.205ms
[332.586s][info][gc,start       ] GC(857) Pause Young (Concurrent Start) (G1 Humongous Allocation)
[332.586s][info][gc,task        ] GC(857) Using 8 workers of 8 for evacuation
[332.587s][info][gc,phases      ] GC(857)   Pre Evacuate Collection Set: 0.1ms
[332.587s][info][gc,phases      ] GC(857)   Merge Heap Roots: 0.0ms
[332.587s][info][gc,phases      ] GC(857)   Evacuate Collection Set: 0.5ms
[332.587s][info][gc,phases      ] GC(857)   Post Evacuate Collection Set: 0.2ms
[332.587s][info][gc,phases      ] GC(857)   Other: 0.1ms
[332.587s][info][gc,heap        ] GC(857) Eden regions: 1->0(24)
[332.587s][info][gc,heap        ] GC(857) Survivor regions: 0->1(4)
[332.587s][info][gc,heap        ] GC(857) Old regions: 487->487
[332.587s][info][gc,heap        ] GC(857) Archive regions: 2->2
[332.587s][info][gc,heap        ] GC(857) Humongous regions: 11->11
[332.587s][info][gc,metaspace   ] GC(857) Metaspace: 44230K(45568K)->44230K(45568K) NonClass: 39002K(39936K)->39002K(39936K) Class: 5227K(5632K)->5227K(5632K)
[332.587s][info][gc             ] GC(857) Pause Young (Concurrent Start) (G1 Humongous Allocation) 497M->497M(512M) 0.986ms
[332.587s][info][gc,cpu         ] GC(857) User=0.00s Sys=0.00s Real=0.00s
[332.587s][info][gc             ] GC(858) Concurrent Cycle
[332.587s][info][gc,marking     ] GC(858) Concurrent Clear Claimed Marks
[332.587s][info][gc,marking     ] GC(858) Concurrent Clear Claimed Marks 0.036ms
[332.587s][info][gc,marking     ] GC(858) Concurrent Scan Root Regions
[332.587s][info][gc,marking     ] GC(858) Concurrent Scan Root Regions 0.388ms
[332.587s][info][gc,marking     ] GC(858) Concurrent Mark (332.587s)
[332.587s][info][gc,marking     ] GC(858) Concurrent Mark From Roots
[332.587s][info][gc,task        ] GC(858) Using 2 workers of 2 for marking
[332.587s][info][gc,start       ] GC(859) Pause Young (Normal) (G1 Humongous Allocation)
[332.587s][info][gc,task        ] GC(859) Using 8 workers of 8 for evacuation
[332.588s][info][gc,phases      ] GC(859)   Pre Evacuate Collection Set: 0.4ms
[332.588s][info][gc,phases      ] GC(859)   Merge Heap Roots: 0.0ms
[332.588s][info][gc,phases      ] GC(859)   Evacuate Collection Set: 0.2ms
[332.588s][info][gc,phases      ] GC(859)   Post Evacuate Collection Set: 0.2ms
[332.588s][info][gc,phases      ] GC(859)   Other: 0.1ms
[332.588s][info][gc,heap        ] GC(859) Eden regions: 0->0(24)
[332.588s][info][gc,heap        ] GC(859) Survivor regions: 1->1(4)
[332.588s][info][gc,heap        ] GC(859) Old regions: 487->487
[332.588s][info][gc,heap        ] GC(859) Archive regions: 2->2
[332.588s][info][gc,heap        ] GC(859) Humongous regions: 11->11
[332.588s][info][gc,metaspace   ] GC(859) Metaspace: 44230K(45568K)->44230K(45568K) NonClass: 39002K(39936K)->39002K(39936K) Class: 5227K(5632K)->5227K(5632K)
[332.588s][info][gc             ] GC(859) Pause Young (Normal) (G1 Humongous Allocation) 497M->497M(512M) 0.578ms
[332.588s][info][gc,cpu         ] GC(859) User=0.00s Sys=0.00s Real=0.00s
[332.588s][info][gc,task        ] GC(860) Using 8 workers of 8 for full compaction
[332.588s][info][gc,start       ] GC(860) Pause Full (G1 Humongous Allocation)
[332.588s][info][gc,phases,start] GC(860) Phase 1: Mark live objects
[332.809s][info][gc,phases      ] GC(860) Phase 1: Mark live objects 220.588ms
[332.809s][info][gc,phases,start] GC(860) Phase 2: Prepare for compaction
[332.839s][info][gc,phases      ] GC(860) Phase 2: Prepare for compaction 30.152ms
[332.839s][info][gc,phases,start] GC(860) Phase 3: Adjust pointers
[332.923s][info][gc,phases      ] GC(860) Phase 3: Adjust pointers 83.657ms
[332.923s][info][gc,phases,start] GC(860) Phase 4: Compact heap
[332.952s][info][gc,phases      ] GC(860) Phase 4: Compact heap 29.301ms
[332.957s][info][gc,heap        ] GC(860) Eden regions: 0->0(25)
[332.957s][info][gc,heap        ] GC(860) Survivor regions: 1->0(4)
[332.957s][info][gc,heap        ] GC(860) Old regions: 487->487
[332.957s][info][gc,heap        ] GC(860) Archive regions: 2->2
[332.957s][info][gc,heap        ] GC(860) Humongous regions: 11->11
[332.957s][info][gc,metaspace   ] GC(860) Metaspace: 44230K(45568K)->44230K(45568K) NonClass: 39002K(39936K)->39002K(39936K) Class: 5227K(5632K)->5227K(5632K)
[332.957s][info][gc             ] GC(860) Pause Full (G1 Humongous Allocation) 497M->497M(512M) 369.302ms
[332.959s][info][gc,cpu         ] GC(860) User=2.53s Sys=0.02s Real=0.37s
[332.959s][info][gc,task        ] GC(861) Using 8 workers of 8 for full compaction
[332.959s][info][gc,start       ] GC(861) Pause Full (G1 Humongous Allocation)
[332.959s][info][gc,phases,start] GC(861) Phase 1: Mark live objects
[333.180s][info][gc,phases      ] GC(861) Phase 1: Mark live objects 220.829ms
[333.180s][info][gc,phases,start] GC(861) Phase 2: Prepare for compaction
[333.209s][info][gc,phases      ] GC(861) Phase 2: Prepare for compaction 29.274ms
[333.209s][info][gc,phases,start] GC(861) Phase 3: Adjust pointers
[333.278s][info][gc,phases      ] GC(861) Phase 3: Adjust pointers 69.298ms
[333.278s][info][gc,phases,start] GC(861) Phase 4: Compact heap
[333.303s][info][gc,phases      ] GC(861) Phase 4: Compact heap 24.538ms
[333.307s][info][gc,heap        ] GC(861) Eden regions: 0->0(25)
[333.307s][info][gc,heap        ] GC(861) Survivor regions: 0->0(4)
[333.307s][info][gc,heap        ] GC(861) Old regions: 487->487
[333.307s][info][gc,heap        ] GC(861) Archive regions: 2->2
[333.307s][info][gc,heap        ] GC(861) Humongous regions: 11->11
[333.307s][info][gc,metaspace   ] GC(861) Metaspace: 44230K(45568K)->44230K(45568K) NonClass: 39002K(39936K)->39002K(39936K) Class: 5227K(5632K)->5227K(5632K)
[333.307s][info][gc             ] GC(861) Pause Full (G1 Humongous Allocation) 497M->497M(512M) 348.595ms
[333.309s][info][gc,cpu         ] GC(861) User=2.49s Sys=0.02s Real=0.35s
[333.309s][info][gc,marking     ] GC(858) Concurrent Mark From Roots 722.202ms
[333.309s][info][gc,marking     ] GC(858) Concurrent Mark Abort
[333.309s][info][gc             ] GC(858) Concurrent Cycle 722.710ms
[333.310s][info][gc,start       ] GC(862) Pause Young (Normal) (G1 Humongous Allocation)
[333.310s][info][gc,task        ] GC(862) Using 8 workers of 8 for evacuation
[333.310s][info][gc,phases      ] GC(862)   Pre Evacuate Collection Set: 0.1ms
[333.310s][info][gc,phases      ] GC(862)   Merge Heap Roots: 0.0ms
[333.310s][info][gc,phases      ] GC(862)   Evacuate Collection Set: 0.2ms
[333.310s][info][gc,phases      ] GC(862)   Post Evacuate Collection Set: 0.2ms
[333.310s][info][gc,phases      ] GC(862)   Other: 0.1ms
[333.310s][info][gc,heap        ] GC(862) Eden regions: 1->0(24)
[333.310s][info][gc,heap        ] GC(862) Survivor regions: 0->1(4)
[333.310s][info][gc,heap        ] GC(862) Old regions: 487->487
[333.310s][info][gc,heap        ] GC(862) Archive regions: 2->2
[333.310s][info][gc,heap        ] GC(862) Humongous regions: 11->11
[333.310s][info][gc,metaspace   ] GC(862) Metaspace: 44230K(45568K)->44230K(45568K) NonClass: 39002K(39936K)->39002K(39936K) Class: 5227K(5632K)->5227K(5632K)
[333.310s][info][gc             ] GC(862) Pause Young (Normal) (G1 Humongous Allocation) 497M->497M(512M) 0.633ms
[333.310s][info][gc,cpu         ] GC(862) User=0.01s Sys=0.00s Real=0.00s
[333.310s][info][gc,task        ] GC(863) Using 8 workers of 8 for full compaction
[333.310s][info][gc,start       ] GC(863) Pause Full (G1 Humongous Allocation)
[333.310s][info][gc,phases,start] GC(863) Phase 1: Mark live objects
[333.536s][info][gc,phases      ] GC(863) Phase 1: Mark live objects 225.654ms
[333.536s][info][gc,phases,start] GC(863) Phase 2: Prepare for compaction
[333.574s][info][gc,phases      ] GC(863) Phase 2: Prepare for compaction 37.816ms
[333.574s][info][gc,phases,start] GC(863) Phase 3: Adjust pointers
[333.644s][info][gc,phases      ] GC(863) Phase 3: Adjust pointers 70.008ms
[333.644s][info][gc,phases,start] GC(863) Phase 4: Compact heap
[333.670s][info][gc,phases      ] GC(863) Phase 4: Compact heap 26.537ms
[333.675s][info][gc,heap        ] GC(863) Eden regions: 0->0(25)
[333.675s][info][gc,heap        ] GC(863) Survivor regions: 1->0(4)
[333.675s][info][gc,heap        ] GC(863) Old regions: 487->487
[333.675s][info][gc,heap        ] GC(863) Archive regions: 2->2
[333.675s][info][gc,heap        ] GC(863) Humongous regions: 11->11
[333.675s][info][gc,metaspace   ] GC(863) Metaspace: 44230K(45568K)->44230K(45568K) NonClass: 39002K(39936K)->39002K(39936K) Class: 5227K(5632K)->5227K(5632K)
[333.675s][info][gc             ] GC(863) Pause Full (G1 Humongous Allocation) 497M->497M(512M) 364.709ms
[333.677s][info][gc,cpu         ] GC(863) User=2.56s Sys=0.03s Real=0.37s
[333.677s][info][gc,task        ] GC(864) Using 8 workers of 8 for full compaction
[333.677s][info][gc,start       ] GC(864) Pause Full (G1 Humongous Allocation)
[333.677s][info][gc,phases,start] GC(864) Phase 1: Mark live objects
[333.900s][info][gc,phases      ] GC(864) Phase 1: Mark live objects 223.645ms
[333.900s][info][gc,phases,start] GC(864) Phase 2: Prepare for compaction
[333.930s][info][gc,phases      ] GC(864) Phase 2: Prepare for compaction 29.130ms
[333.930s][info][gc,phases,start] GC(864) Phase 3: Adjust pointers
[334.000s][info][gc,phases      ] GC(864) Phase 3: Adjust pointers 70.344ms
[334.000s][info][gc,phases,start] GC(864) Phase 4: Compact heap
[334.025s][info][gc,phases      ] GC(864) Phase 4: Compact heap 24.979ms
[334.029s][info][gc,heap        ] GC(864) Eden regions: 0->0(25)
[334.029s][info][gc,heap        ] GC(864) Survivor regions: 0->0(4)
[334.029s][info][gc,heap        ] GC(864) Old regions: 487->487
[334.029s][info][gc,heap        ] GC(864) Archive regions: 2->2
[334.029s][info][gc,heap        ] GC(864) Humongous regions: 11->11
[334.029s][info][gc,metaspace   ] GC(864) Metaspace: 44230K(45568K)->44230K(45568K) NonClass: 39002K(39936K)->39002K(39936K) Class: 5227K(5632K)->5227K(5632K)
[334.029s][info][gc             ] GC(864) Pause Full (G1 Humongous Allocation) 497M->497M(512M) 352.769ms
[334.031s][info][gc,cpu         ] GC(864) User=2.50s Sys=0.03s Real=0.35s
[334.031s][info][gc,start       ] GC(865) Pause Young (Concurrent Start) (G1 Humongous Allocation)
[334.031s][info][gc,task        ] GC(865) Using 8 workers of 8 for evacuation
[334.032s][info][gc,phases      ] GC(865)   Pre Evacuate Collection Set: 0.1ms
[334.032s][info][gc,phases      ] GC(865)   Merge Heap Roots: 0.0ms
[334.032s][info][gc,phases      ] GC(865)   Evacuate Collection Set: 0.6ms
[334.032s][info][gc,phases      ] GC(865)   Post Evacuate Collection Set: 0.2ms
[334.032s][info][gc,phases      ] GC(865)   Other: 0.1ms
[334.032s][info][gc,heap        ] GC(865) Eden regions: 1->0(24)
[334.032s][info][gc,heap        ] GC(865) Survivor regions: 0->1(4)
[334.032s][info][gc,heap        ] GC(865) Old regions: 487->487
[334.032s][info][gc,heap        ] GC(865) Archive regions: 2->2
[334.032s][info][gc,heap        ] GC(865) Humongous regions: 11->11
[334.032s][info][gc,metaspace   ] GC(865) Metaspace: 44230K(45568K)->44230K(45568K) NonClass: 39002K(39936K)->39002K(39936K) Class: 5227K(5632K)->5227K(5632K)
[334.032s][info][gc             ] GC(865) Pause Young (Concurrent Start) (G1 Humongous Allocation) 497M->497M(512M) 1.093ms
[334.032s][info][gc,cpu         ] GC(865) User=0.00s Sys=0.00s Real=0.00s
[334.032s][info][gc,task        ] GC(866) Using 8 workers of 8 for full compaction
[334.032s][info][gc,start       ] GC(866) Pause Full (G1 Humongous Allocation)
[334.032s][info][gc             ] GC(867) Concurrent Cycle
[334.032s][info][gc,marking     ] GC(867) Concurrent Clear Claimed Marks
[334.032s][info][gc,marking     ] GC(867) Concurrent Clear Claimed Marks 0.014ms
[334.033s][info][gc,marking     ] GC(867) Concurrent Scan Root Regions
[334.033s][info][gc,marking     ] GC(867) Concurrent Scan Root Regions 0.015ms
[334.033s][info][gc,marking     ] GC(867) Concurrent Mark (334.033s)
[334.033s][info][gc,marking     ] GC(867) Concurrent Mark From Roots
[334.033s][info][gc,task        ] GC(867) Using 2 workers of 2 for marking
[334.033s][info][gc,phases,start] GC(866) Phase 1: Mark live objects
[334.257s][info][gc,phases      ] GC(866) Phase 1: Mark live objects 223.500ms
[334.257s][info][gc,phases,start] GC(866) Phase 2: Prepare for compaction
[334.290s][info][gc,phases      ] GC(866) Phase 2: Prepare for compaction 33.307ms
[334.290s][info][gc,phases,start] GC(866) Phase 3: Adjust pointers
[334.366s][info][gc,phases      ] GC(866) Phase 3: Adjust pointers 75.628ms
[334.366s][info][gc,phases,start] GC(866) Phase 4: Compact heap
[334.390s][info][gc,phases      ] GC(866) Phase 4: Compact heap 24.474ms
[334.395s][info][gc,heap        ] GC(866) Eden regions: 0->0(25)
[334.395s][info][gc,heap        ] GC(866) Survivor regions: 1->0(4)
[334.395s][info][gc,heap        ] GC(866) Old regions: 487->487
[334.395s][info][gc,heap        ] GC(866) Archive regions: 2->2
[334.395s][info][gc,heap        ] GC(866) Humongous regions: 11->11
[334.395s][info][gc,metaspace   ] GC(866) Metaspace: 44230K(45568K)->44230K(45568K) NonClass: 39002K(39936K)->39002K(39936K) Class: 5227K(5632K)->5227K(5632K)
[334.395s][info][gc             ] GC(866) Pause Full (G1 Humongous Allocation) 497M->497M(512M) 362.257ms
[334.396s][info][gc,cpu         ] GC(866) User=2.55s Sys=0.03s Real=0.37s
[334.396s][info][gc,task        ] GC(868) Using 8 workers of 8 for full compaction
[334.396s][info][gc,start       ] GC(868) Pause Full (G1 Humongous Allocation)
[334.396s][info][gc,phases,start] GC(868) Phase 1: Mark live objects
[334.617s][info][gc,phases      ] GC(868) Phase 1: Mark live objects 221.114ms
[334.617s][info][gc,phases,start] GC(868) Phase 2: Prepare for compaction
[334.649s][info][gc,phases      ] GC(868) Phase 2: Prepare for compaction 31.839ms
[334.649s][info][gc,phases,start] GC(868) Phase 3: Adjust pointers
[334.718s][info][gc,phases      ] GC(868) Phase 3: Adjust pointers 68.986ms
[334.718s][info][gc,phases,start] GC(868) Phase 4: Compact heap
[334.744s][info][gc,phases      ] GC(868) Phase 4: Compact heap 25.159ms
[334.748s][info][gc,heap        ] GC(868) Eden regions: 0->0(25)
[334.748s][info][gc,heap        ] GC(868) Survivor regions: 0->0(4)
[334.748s][info][gc,heap        ] GC(868) Old regions: 487->487
[334.748s][info][gc,heap        ] GC(868) Archive regions: 2->2
[334.748s][info][gc,heap        ] GC(868) Humongous regions: 11->11
[334.748s][info][gc,metaspace   ] GC(868) Metaspace: 44230K(45568K)->44230K(45568K) NonClass: 39002K(39936K)->39002K(39936K) Class: 5227K(5632K)->5227K(5632K)
[334.748s][info][gc             ] GC(868) Pause Full (G1 Humongous Allocation) 497M->497M(512M) 351.932ms
[334.750s][info][gc,cpu         ] GC(868) User=2.45s Sys=0.03s Real=0.35s
[334.750s][info][gc,marking     ] GC(867) Concurrent Mark From Roots 717.519ms
[334.750s][info][gc,start       ] GC(869) Pause Young (Normal) (G1 Humongous Allocation)
[334.750s][info][gc,task        ] GC(869) Using 8 workers of 8 for evacuation
[334.751s][info][gc,phases      ] GC(869)   Pre Evacuate Collection Set: 0.1ms
[334.751s][info][gc,phases      ] GC(869)   Merge Heap Roots: 0.0ms
[334.751s][info][gc,phases      ] GC(869)   Evacuate Collection Set: 0.2ms
[334.751s][info][gc,phases      ] GC(869)   Post Evacuate Collection Set: 0.2ms
[334.751s][info][gc,phases      ] GC(869)   Other: 0.1ms
[334.751s][info][gc,heap        ] GC(869) Eden regions: 0->0(25)
[334.751s][info][gc,heap        ] GC(869) Survivor regions: 0->0(4)
[334.751s][info][gc,heap        ] GC(869) Old regions: 487->487
[334.751s][info][gc,heap        ] GC(869) Archive regions: 2->2
[334.751s][info][gc,heap        ] GC(869) Humongous regions: 11->11
[334.751s][info][gc,metaspace   ] GC(869) Metaspace: 44230K(45568K)->44230K(45568K) NonClass: 39002K(39936K)->39002K(39936K) Class: 5227K(5632K)->5227K(5632K)
[334.751s][info][gc             ] GC(869) Pause Young (Normal) (G1 Humongous Allocation) 497M->497M(512M) 0.648ms
[334.751s][info][gc,cpu         ] GC(869) User=0.00s Sys=0.00s Real=0.00s
[334.751s][info][gc,task        ] GC(870) Using 8 workers of 8 for full compaction
[334.751s][info][gc,start       ] GC(870) Pause Full (G1 Humongous Allocation)
[334.751s][info][gc,phases,start] GC(870) Phase 1: Mark live objects
[334.968s][info][gc,phases      ] GC(870) Phase 1: Mark live objects 216.604ms
[334.968s][info][gc,phases,start] GC(870) Phase 2: Prepare for compaction
[335.007s][info][gc,phases      ] GC(870) Phase 2: Prepare for compaction 39.146ms
[335.007s][info][gc,phases,start] GC(870) Phase 3: Adjust pointers
[335.075s][info][gc,phases      ] GC(870) Phase 3: Adjust pointers 68.539ms
[335.075s][info][gc,phases,start] GC(870) Phase 4: Compact heap
[335.102s][info][gc,phases      ] GC(870) Phase 4: Compact heap 26.151ms
[335.106s][info][gc,heap        ] GC(870) Eden regions: 0->0(25)
[335.106s][info][gc,heap        ] GC(870) Survivor regions: 0->0(4)
[335.106s][info][gc,heap        ] GC(870) Old regions: 487->487
[335.106s][info][gc,heap        ] GC(870) Archive regions: 2->2
[335.106s][info][gc,heap        ] GC(870) Humongous regions: 11->11
[335.106s][info][gc,metaspace   ] GC(870) Metaspace: 44230K(45568K)->44230K(45568K) NonClass: 39002K(39936K)->39002K(39936K) Class: 5227K(5632K)->5227K(5632K)
[335.106s][info][gc             ] GC(870) Pause Full (G1 Humongous Allocation) 497M->497M(512M) 355.240ms
[335.108s][info][gc,cpu         ] GC(870) User=2.44s Sys=0.02s Real=0.36s
[335.108s][info][gc,task        ] GC(871) Using 8 workers of 8 for full compaction
[335.108s][info][gc,start       ] GC(871) Pause Full (G1 Humongous Allocation)
[335.108s][info][gc,phases,start] GC(871) Phase 1: Mark live objects
[335.332s][info][gc,phases      ] GC(871) Phase 1: Mark live objects 223.726ms
[335.332s][info][gc,phases,start] GC(871) Phase 2: Prepare for compaction
[335.361s][info][gc,phases      ] GC(871) Phase 2: Prepare for compaction 28.939ms
[335.361s][info][gc,phases,start] GC(871) Phase 3: Adjust pointers
[335.431s][info][gc,phases      ] GC(871) Phase 3: Adjust pointers 69.904ms
[335.431s][info][gc,phases,start] GC(871) Phase 4: Compact heap
[335.459s][info][gc,phases      ] GC(871) Phase 4: Compact heap 28.263ms
[335.464s][info][gc,heap        ] GC(871) Eden regions: 0->0(25)
[335.464s][info][gc,heap        ] GC(871) Survivor regions: 0->0(4)
[335.464s][info][gc,heap        ] GC(871) Old regions: 487->487
[335.464s][info][gc,heap        ] GC(871) Archive regions: 2->2
[335.464s][info][gc,heap        ] GC(871) Humongous regions: 11->11
[335.464s][info][gc,metaspace   ] GC(871) Metaspace: 44230K(45568K)->44230K(45568K) NonClass: 39002K(39936K)->39002K(39936K) Class: 5227K(5632K)->5227K(5632K)
[335.464s][info][gc             ] GC(871) Pause Full (G1 Humongous Allocation) 497M->497M(512M) 355.680ms
[335.466s][info][gc,cpu         ] GC(871) User=2.45s Sys=0.03s Real=0.36s
[335.466s][info][gc,marking     ] GC(867) Concurrent Mark Abort
[335.466s][info][gc             ] GC(867) Concurrent Cycle 1433.712ms
[335.466s][info][gc,start       ] GC(872) Pause Young (Concurrent Start) (G1 Humongous Allocation)
[335.466s][info][gc,task        ] GC(872) Using 8 workers of 8 for evacuation
[335.467s][info][gc,phases      ] GC(872)   Pre Evacuate Collection Set: 0.1ms
[335.467s][info][gc,phases      ] GC(872)   Merge Heap Roots: 0.0ms
[335.467s][info][gc,phases      ] GC(872)   Evacuate Collection Set: 0.5ms
[335.467s][info][gc,phases      ] GC(872)   Post Evacuate Collection Set: 0.2ms
[335.467s][info][gc,phases      ] GC(872)   Other: 0.1ms
[335.467s][info][gc,heap        ] GC(872) Eden regions: 1->0(24)
[335.467s][info][gc,heap        ] GC(872) Survivor regions: 0->1(4)
[335.467s][info][gc,heap        ] GC(872) Old regions: 487->487
[335.467s][info][gc,heap        ] GC(872) Archive regions: 2->2
[335.467s][info][gc,heap        ] GC(872) Humongous regions: 11->11
[335.467s][info][gc,metaspace   ] GC(872) Metaspace: 44230K(45568K)->44230K(45568K) NonClass: 39002K(39936K)->39002K(39936K) Class: 5227K(5632K)->5227K(5632K)
[335.467s][info][gc             ] GC(872) Pause Young (Concurrent Start) (G1 Humongous Allocation) 497M->497M(512M) 1.009ms
[335.467s][info][gc,cpu         ] GC(872) User=0.00s Sys=0.00s Real=0.00s
[335.468s][info][gc             ] GC(873) Concurrent Cycle
[335.468s][info][gc,marking     ] GC(873) Concurrent Clear Claimed Marks
[335.468s][info][gc,marking     ] GC(873) Concurrent Clear Claimed Marks 0.015ms
[335.468s][info][gc,marking     ] GC(873) Concurrent Scan Root Regions
[335.468s][info][gc,marking     ] GC(873) Concurrent Scan Root Regions 0.488ms
[335.468s][info][gc,marking     ] GC(873) Concurrent Mark (335.468s)
[335.468s][info][gc,marking     ] GC(873) Concurrent Mark From Roots
[335.468s][info][gc,task        ] GC(873) Using 2 workers of 2 for marking
[335.468s][info][gc,start       ] GC(874) Pause Young (Normal) (G1 Humongous Allocation)
[335.468s][info][gc,task        ] GC(874) Using 8 workers of 8 for evacuation
[335.469s][info][gc,phases      ] GC(874)   Pre Evacuate Collection Set: 0.3ms
[335.469s][info][gc,phases      ] GC(874)   Merge Heap Roots: 0.0ms
[335.469s][info][gc,phases      ] GC(874)   Evacuate Collection Set: 0.2ms
[335.469s][info][gc,phases      ] GC(874)   Post Evacuate Collection Set: 0.2ms
[335.469s][info][gc,phases      ] GC(874)   Other: 0.1ms
[335.469s][info][gc,heap        ] GC(874) Eden regions: 0->0(24)
[335.469s][info][gc,heap        ] GC(874) Survivor regions: 1->1(4)
[335.469s][info][gc,heap        ] GC(874) Old regions: 487->487
[335.469s][info][gc,heap        ] GC(874) Archive regions: 2->2
[335.469s][info][gc,heap        ] GC(874) Humongous regions: 11->11
[335.469s][info][gc,metaspace   ] GC(874) Metaspace: 44230K(45568K)->44230K(45568K) NonClass: 39002K(39936K)->39002K(39936K) Class: 5227K(5632K)->5227K(5632K)
[335.469s][info][gc             ] GC(874) Pause Young (Normal) (G1 Humongous Allocation) 497M->497M(512M) 0.591ms
[335.469s][info][gc,cpu         ] GC(874) User=0.00s Sys=0.00s Real=0.00s
[335.469s][info][gc,task        ] GC(875) Using 8 workers of 8 for full compaction
[335.469s][info][gc,start       ] GC(875) Pause Full (G1 Humongous Allocation)
[335.469s][info][gc,phases,start] GC(875) Phase 1: Mark live objects
[335.684s][info][gc,phases      ] GC(875) Phase 1: Mark live objects 214.389ms
[335.684s][info][gc,phases,start] GC(875) Phase 2: Prepare for compaction
[335.726s][info][gc,phases      ] GC(875) Phase 2: Prepare for compaction 42.129ms
[335.726s][info][gc,phases,start] GC(875) Phase 3: Adjust pointers
[335.792s][info][gc,phases      ] GC(875) Phase 3: Adjust pointers 66.422ms
[335.792s][info][gc,phases,start] GC(875) Phase 4: Compact heap
[335.822s][info][gc,phases      ] GC(875) Phase 4: Compact heap 29.849ms
[335.827s][info][gc,heap        ] GC(875) Eden regions: 0->0(25)
[335.827s][info][gc,heap        ] GC(875) Survivor regions: 1->0(4)
[335.827s][info][gc,heap        ] GC(875) Old regions: 487->487
[335.827s][info][gc,heap        ] GC(875) Archive regions: 2->2
[335.827s][info][gc,heap        ] GC(875) Humongous regions: 11->11
[335.827s][info][gc,metaspace   ] GC(875) Metaspace: 44230K(45568K)->44230K(45568K) NonClass: 39002K(39936K)->39002K(39936K) Class: 5227K(5632K)->5227K(5632K)
[335.827s][info][gc             ] GC(875) Pause Full (G1 Humongous Allocation) 497M->497M(512M) 358.287ms
[335.828s][info][gc,cpu         ] GC(875) User=2.53s Sys=0.03s Real=0.36s
[335.828s][info][gc,task        ] GC(876) Using 8 workers of 8 for full compaction
[335.828s][info][gc,start       ] GC(876) Pause Full (G1 Humongous Allocation)
[335.828s][info][gc,phases,start] GC(876) Phase 1: Mark live objects
[336.100s][info][gc,phases      ] GC(876) Phase 1: Mark live objects 271.636ms
[336.100s][info][gc,phases,start] GC(876) Phase 2: Prepare for compaction
[336.151s][info][gc,phases      ] GC(876) Phase 2: Prepare for compaction 51.287ms
[336.151s][info][gc,phases,start] GC(876) Phase 3: Adjust pointers
[336.253s][info][gc,phases      ] GC(876) Phase 3: Adjust pointers 101.936ms
[336.253s][info][gc,phases,start] GC(876) Phase 4: Compact heap
[336.283s][info][gc,phases      ] GC(876) Phase 4: Compact heap 29.901ms
[336.288s][info][gc,heap        ] GC(876) Eden regions: 0->0(25)
[336.288s][info][gc,heap        ] GC(876) Survivor regions: 0->0(4)
[336.288s][info][gc,heap        ] GC(876) Old regions: 487->487
[336.288s][info][gc,heap        ] GC(876) Archive regions: 2->2
[336.288s][info][gc,heap        ] GC(876) Humongous regions: 11->11
[336.288s][info][gc,metaspace   ] GC(876) Metaspace: 44230K(45568K)->44230K(45568K) NonClass: 39002K(39936K)->39002K(39936K) Class: 5227K(5632K)->5227K(5632K)
[336.288s][info][gc             ] GC(876) Pause Full (G1 Humongous Allocation) 497M->497M(512M) 459.727ms
[336.290s][info][gc,cpu         ] GC(876) User=2.48s Sys=0.03s Real=0.46s
[336.290s][info][gc,marking     ] GC(873) Concurrent Mark From Roots 821.623ms
[336.290s][info][gc,marking     ] GC(873) Concurrent Mark Abort
[336.290s][info][gc             ] GC(873) Concurrent Cycle 822.204ms
[336.290s][info][gc,start       ] GC(877) Pause Young (Normal) (G1 Humongous Allocation)
[336.290s][info][gc,task        ] GC(877) Using 8 workers of 8 for evacuation
[336.291s][info][gc,phases      ] GC(877)   Pre Evacuate Collection Set: 0.1ms
[336.291s][info][gc,phases      ] GC(877)   Merge Heap Roots: 0.0ms
[336.291s][info][gc,phases      ] GC(877)   Evacuate Collection Set: 0.3ms
[336.291s][info][gc,phases      ] GC(877)   Post Evacuate Collection Set: 0.4ms
[336.291s][info][gc,phases      ] GC(877)   Other: 0.1ms
[336.291s][info][gc,heap        ] GC(877) Eden regions: 1->0(24)
[336.291s][info][gc,heap        ] GC(877) Survivor regions: 0->1(4)
[336.291s][info][gc,heap        ] GC(877) Old regions: 487->487
[336.291s][info][gc,heap        ] GC(877) Archive regions: 2->2
[336.291s][info][gc,heap        ] GC(877) Humongous regions: 11->11
[336.291s][info][gc,metaspace   ] GC(877) Metaspace: 44234K(45568K)->44234K(45568K) NonClass: 39005K(39936K)->39005K(39936K) Class: 5228K(5632K)->5228K(5632K)
[336.291s][info][gc             ] GC(877) Pause Young (Normal) (G1 Humongous Allocation) 497M->497M(512M) 1.070ms
[336.291s][info][gc,cpu         ] GC(877) User=0.00s Sys=0.00s Real=0.00s
[336.291s][info][gc,task        ] GC(878) Using 8 workers of 8 for full compaction
[336.291s][info][gc,start       ] GC(878) Pause Full (G1 Humongous Allocation)
[336.291s][info][gc,phases,start] GC(878) Phase 1: Mark live objects
[336.526s][info][gc,phases      ] GC(878) Phase 1: Mark live objects 234.835ms
[336.526s][info][gc,phases,start] GC(878) Phase 2: Prepare for compaction
[336.557s][info][gc,phases      ] GC(878) Phase 2: Prepare for compaction 31.153ms
[336.557s][info][gc,phases,start] GC(878) Phase 3: Adjust pointers
[336.637s][info][gc,phases      ] GC(878) Phase 3: Adjust pointers 79.241ms
[336.637s][info][gc,phases,start] GC(878) Phase 4: Compact heap
[336.665s][info][gc,phases      ] GC(878) Phase 4: Compact heap 28.585ms
[336.670s][info][gc,heap        ] GC(878) Eden regions: 0->0(25)
[336.670s][info][gc,heap        ] GC(878) Survivor regions: 1->0(4)
[336.670s][info][gc,heap        ] GC(878) Old regions: 487->488
[336.670s][info][gc,heap        ] GC(878) Archive regions: 2->2
[336.670s][info][gc,heap        ] GC(878) Humongous regions: 11->11
[336.670s][info][gc,metaspace   ] GC(878) Metaspace: 44234K(45568K)->44234K(45568K) NonClass: 39005K(39936K)->39005K(39936K) Class: 5228K(5632K)->5228K(5632K)
[336.670s][info][gc             ] GC(878) Pause Full (G1 Humongous Allocation) 497M->497M(512M) 378.624ms
[336.671s][info][gc,cpu         ] GC(878) User=2.49s Sys=0.04s Real=0.38s
[336.671s][info][gc,task        ] GC(879) Using 8 workers of 8 for full compaction
[336.671s][info][gc,start       ] GC(879) Pause Full (G1 Humongous Allocation)
[336.671s][info][gc,phases,start] GC(879) Phase 1: Mark live objects
[336.896s][info][gc,phases      ] GC(879) Phase 1: Mark live objects 225.247ms
[336.897s][info][gc,phases,start] GC(879) Phase 2: Prepare for compaction
[336.940s][info][gc,phases      ] GC(879) Phase 2: Prepare for compaction 43.394ms
[336.940s][info][gc,phases,start] GC(879) Phase 3: Adjust pointers
[337.009s][info][gc,phases      ] GC(879) Phase 3: Adjust pointers 69.060ms
[337.009s][info][gc,phases,start] GC(879) Phase 4: Compact heap
[337.039s][info][gc,phases      ] GC(879) Phase 4: Compact heap 29.554ms
[337.043s][info][gc,heap        ] GC(879) Eden regions: 0->0(25)
[337.043s][info][gc,heap        ] GC(879) Survivor regions: 0->0(4)
[337.043s][info][gc,heap        ] GC(879) Old regions: 488->486
[337.043s][info][gc,heap        ] GC(879) Archive regions: 2->2
[337.043s][info][gc,heap        ] GC(879) Humongous regions: 11->11
[337.043s][info][gc,metaspace   ] GC(879) Metaspace: 44234K(45568K)->44234K(45568K) NonClass: 39005K(39936K)->39005K(39936K) Class: 5228K(5632K)->5228K(5632K)
[337.043s][info][gc             ] GC(879) Pause Full (G1 Humongous Allocation) 497M->497M(512M) 371.979ms
[337.045s][info][gc,cpu         ] GC(879) User=2.60s Sys=0.03s Real=0.37s
[337.045s][info][gc,start       ] GC(880) Pause Young (Concurrent Start) (G1 Humongous Allocation)
[337.045s][info][gc,task        ] GC(880) Using 8 workers of 8 for evacuation
[337.046s][info][gc,phases      ] GC(880)   Pre Evacuate Collection Set: 0.1ms
[337.046s][info][gc,phases      ] GC(880)   Merge Heap Roots: 0.0ms
[337.046s][info][gc,phases      ] GC(880)   Evacuate Collection Set: 0.5ms
[337.046s][info][gc,phases      ] GC(880)   Post Evacuate Collection Set: 0.2ms
[337.046s][info][gc,phases      ] GC(880)   Other: 0.1ms
[337.046s][info][gc,heap        ] GC(880) Eden regions: 1->0(24)
[337.046s][info][gc,heap        ] GC(880) Survivor regions: 0->1(4)
[337.046s][info][gc,heap        ] GC(880) Old regions: 486->486
[337.046s][info][gc,heap        ] GC(880) Archive regions: 2->2
[337.046s][info][gc,heap        ] GC(880) Humongous regions: 11->11
[337.046s][info][gc,metaspace   ] GC(880) Metaspace: 44234K(45568K)->44234K(45568K) NonClass: 39005K(39936K)->39005K(39936K) Class: 5228K(5632K)->5228K(5632K)
[337.046s][info][gc             ] GC(880) Pause Young (Concurrent Start) (G1 Humongous Allocation) 497M->497M(512M) 0.975ms
[337.046s][info][gc,cpu         ] GC(880) User=0.01s Sys=0.00s Real=0.01s
[337.046s][info][gc,task        ] GC(881) Using 8 workers of 8 for full compaction
[337.046s][info][gc,start       ] GC(881) Pause Full (G1 Humongous Allocation)
[337.046s][info][gc             ] GC(882) Concurrent Cycle
[337.046s][info][gc,marking     ] GC(882) Concurrent Clear Claimed Marks
[337.046s][info][gc,marking     ] GC(882) Concurrent Clear Claimed Marks 0.012ms
[337.046s][info][gc,marking     ] GC(882) Concurrent Scan Root Regions
[337.046s][info][gc,marking     ] GC(882) Concurrent Scan Root Regions 0.014ms
[337.046s][info][gc,marking     ] GC(882) Concurrent Mark (337.046s)
[337.046s][info][gc,marking     ] GC(882) Concurrent Mark From Roots
[337.046s][info][gc,task        ] GC(882) Using 2 workers of 2 for marking
[337.047s][info][gc,phases,start] GC(881) Phase 1: Mark live objects
[337.273s][info][gc,phases      ] GC(881) Phase 1: Mark live objects 226.250ms
[337.273s][info][gc,phases,start] GC(881) Phase 2: Prepare for compaction
[337.301s][info][gc,phases      ] GC(881) Phase 2: Prepare for compaction 27.725ms
[337.301s][info][gc,phases,start] GC(881) Phase 3: Adjust pointers
[337.374s][info][gc,phases      ] GC(881) Phase 3: Adjust pointers 72.891ms
[337.374s][info][gc,phases,start] GC(881) Phase 4: Compact heap
[337.399s][info][gc,phases      ] GC(881) Phase 4: Compact heap 25.010ms
[337.403s][info][gc,heap        ] GC(881) Eden regions: 0->0(25)
[337.403s][info][gc,heap        ] GC(881) Survivor regions: 1->0(4)
[337.404s][info][gc,heap        ] GC(881) Old regions: 486->487
[337.404s][info][gc,heap        ] GC(881) Archive regions: 2->2
[337.404s][info][gc,heap        ] GC(881) Humongous regions: 11->11
[337.404s][info][gc,metaspace   ] GC(881) Metaspace: 44234K(45568K)->44234K(45568K) NonClass: 39005K(39936K)->39005K(39936K) Class: 5228K(5632K)->5228K(5632K)
[337.404s][info][gc             ] GC(881) Pause Full (G1 Humongous Allocation) 497M->497M(512M) 357.360ms
[337.405s][info][gc,cpu         ] GC(881) User=2.51s Sys=0.03s Real=0.35s
[337.405s][info][gc,task        ] GC(883) Using 8 workers of 8 for full compaction
[337.406s][info][gc,start       ] GC(883) Pause Full (G1 Humongous Allocation)
[337.406s][info][gc,phases,start] GC(883) Phase 1: Mark live objects
[337.634s][info][gc,phases      ] GC(883) Phase 1: Mark live objects 228.759ms
[337.634s][info][gc,phases,start] GC(883) Phase 2: Prepare for compaction
[337.679s][info][gc,phases      ] GC(883) Phase 2: Prepare for compaction 44.927ms
[337.679s][info][gc,phases,start] GC(883) Phase 3: Adjust pointers
[337.750s][info][gc,phases      ] GC(883) Phase 3: Adjust pointers 70.626ms
[337.750s][info][gc,phases,start] GC(883) Phase 4: Compact heap
[337.779s][info][gc,phases      ] GC(883) Phase 4: Compact heap 28.777ms
[337.783s][info][gc,heap        ] GC(883) Eden regions: 0->0(25)
[337.783s][info][gc,heap        ] GC(883) Survivor regions: 0->0(4)
[337.783s][info][gc,heap        ] GC(883) Old regions: 487->487
[337.783s][info][gc,heap        ] GC(883) Archive regions: 2->2
[337.783s][info][gc,heap        ] GC(883) Humongous regions: 11->11
[337.783s][info][gc,metaspace   ] GC(883) Metaspace: 44234K(45568K)->44234K(45568K) NonClass: 39005K(39936K)->39005K(39936K) Class: 5228K(5632K)->5228K(5632K)
[337.783s][info][gc             ] GC(883) Pause Full (G1 Humongous Allocation) 497M->497M(512M) 377.783ms
[337.785s][info][gc,cpu         ] GC(883) User=2.61s Sys=0.03s Real=0.37s
[337.785s][info][gc,marking     ] GC(882) Concurrent Mark From Roots 738.729ms
[337.785s][info][gc,marking     ] GC(882) Concurrent Mark Abort
[337.785s][info][gc             ] GC(882) Concurrent Cycle 738.821ms
[337.785s][info][gc,start       ] GC(884) Pause Young (Concurrent Start) (G1 Humongous Allocation)
[337.785s][info][gc,task        ] GC(884) Using 8 workers of 8 for evacuation
[337.786s][info][gc,phases      ] GC(884)   Pre Evacuate Collection Set: 0.1ms
[337.786s][info][gc,phases      ] GC(884)   Merge Heap Roots: 0.0ms
[337.786s][info][gc,phases      ] GC(884)   Evacuate Collection Set: 0.6ms
[337.786s][info][gc,phases      ] GC(884)   Post Evacuate Collection Set: 0.3ms
[337.787s][info][gc,phases      ] GC(884)   Other: 0.1ms
[337.787s][info][gc,heap        ] GC(884) Eden regions: 1->0(24)
[337.787s][info][gc,heap        ] GC(884) Survivor regions: 0->1(4)
[337.787s][info][gc,heap        ] GC(884) Old regions: 487->487
[337.787s][info][gc,heap        ] GC(884) Archive regions: 2->2
[337.787s][info][gc,heap        ] GC(884) Humongous regions: 11->11
[337.787s][info][gc,metaspace   ] GC(884) Metaspace: 44234K(45568K)->44234K(45568K) NonClass: 39005K(39936K)->39005K(39936K) Class: 5228K(5632K)->5228K(5632K)
[337.787s][info][gc             ] GC(884) Pause Young (Concurrent Start) (G1 Humongous Allocation) 497M->497M(512M) 1.176ms
[337.787s][info][gc,cpu         ] GC(884) User=0.01s Sys=0.00s Real=0.01s
[337.787s][info][gc             ] GC(885) Concurrent Cycle
[337.787s][info][gc,marking     ] GC(885) Concurrent Clear Claimed Marks
[337.787s][info][gc,marking     ] GC(885) Concurrent Clear Claimed Marks 0.042ms
[337.787s][info][gc,marking     ] GC(885) Concurrent Scan Root Regions
[337.787s][info][gc,marking     ] GC(885) Concurrent Scan Root Regions 0.541ms
[337.787s][info][gc,marking     ] GC(885) Concurrent Mark (337.787s)
[337.787s][info][gc,marking     ] GC(885) Concurrent Mark From Roots
[337.787s][info][gc,task        ] GC(885) Using 2 workers of 2 for marking
[337.787s][info][gc,start       ] GC(886) Pause Young (Normal) (G1 Humongous Allocation)
[337.787s][info][gc,task        ] GC(886) Using 8 workers of 8 for evacuation
[337.788s][info][gc,phases      ] GC(886)   Pre Evacuate Collection Set: 0.4ms
[337.788s][info][gc,phases      ] GC(886)   Merge Heap Roots: 0.0ms
[337.788s][info][gc,phases      ] GC(886)   Evacuate Collection Set: 0.2ms
[337.788s][info][gc,phases      ] GC(886)   Post Evacuate Collection Set: 0.1ms
[337.788s][info][gc,phases      ] GC(886)   Other: 0.1ms
[337.788s][info][gc,heap        ] GC(886) Eden regions: 1->0(24)
[337.788s][info][gc,heap        ] GC(886) Survivor regions: 1->1(4)
[337.788s][info][gc,heap        ] GC(886) Old regions: 487->487
[337.788s][info][gc,heap        ] GC(886) Archive regions: 2->2
[337.788s][info][gc,heap        ] GC(886) Humongous regions: 11->11
[337.788s][info][gc,metaspace   ] GC(886) Metaspace: 44234K(45568K)->44234K(45568K) NonClass: 39005K(39936K)->39005K(39936K) Class: 5228K(5632K)->5228K(5632K)
[337.788s][info][gc             ] GC(886) Pause Young (Normal) (G1 Humongous Allocation) 497M->497M(512M) 0.617ms
[337.788s][info][gc,cpu         ] GC(886) User=0.00s Sys=0.00s Real=0.00s
[337.788s][info][gc,task        ] GC(887) Using 8 workers of 8 for full compaction
[337.788s][info][gc,start       ] GC(887) Pause Full (G1 Humongous Allocation)
[337.789s][info][gc,phases,start] GC(887) Phase 1: Mark live objects
[338.012s][info][gc,phases      ] GC(887) Phase 1: Mark live objects 223.179ms
[338.012s][info][gc,phases,start] GC(887) Phase 2: Prepare for compaction
[338.041s][info][gc,phases      ] GC(887) Phase 2: Prepare for compaction 29.008ms
[338.041s][info][gc,phases,start] GC(887) Phase 3: Adjust pointers
[338.113s][info][gc,phases      ] GC(887) Phase 3: Adjust pointers 71.876ms
[338.113s][info][gc,phases,start] GC(887) Phase 4: Compact heap
[338.138s][info][gc,phases      ] GC(887) Phase 4: Compact heap 25.679ms
[338.143s][info][gc,heap        ] GC(887) Eden regions: 0->0(25)
[338.143s][info][gc,heap        ] GC(887) Survivor regions: 1->0(4)
[338.143s][info][gc,heap        ] GC(887) Old regions: 487->487
[338.143s][info][gc,heap        ] GC(887) Archive regions: 2->2
[338.143s][info][gc,heap        ] GC(887) Humongous regions: 11->11
[338.143s][info][gc,metaspace   ] GC(887) Metaspace: 44234K(45568K)->44234K(45568K) NonClass: 39005K(39936K)->39005K(39936K) Class: 5228K(5632K)->5228K(5632K)
[338.143s][info][gc             ] GC(887) Pause Full (G1 Humongous Allocation) 497M->497M(512M) 354.981ms
[338.145s][info][gc,cpu         ] GC(887) User=2.53s Sys=0.04s Real=0.35s
[338.145s][info][gc,task        ] GC(888) Using 8 workers of 8 for full compaction
[338.145s][info][gc,start       ] GC(888) Pause Full (G1 Humongous Allocation)
[338.145s][info][gc,phases,start] GC(888) Phase 1: Mark live objects
[338.375s][info][gc,phases      ] GC(888) Phase 1: Mark live objects 229.651ms
[338.375s][info][gc,phases,start] GC(888) Phase 2: Prepare for compaction
[338.404s][info][gc,phases      ] GC(888) Phase 2: Prepare for compaction 29.376ms
[338.404s][info][gc,phases,start] GC(888) Phase 3: Adjust pointers
[338.478s][info][gc,phases      ] GC(888) Phase 3: Adjust pointers 73.756ms
[338.478s][info][gc,phases,start] GC(888) Phase 4: Compact heap
[338.501s][info][gc,phases      ] GC(888) Phase 4: Compact heap 23.012ms
[338.505s][info][gc,heap        ] GC(888) Eden regions: 0->0(25)
[338.505s][info][gc,heap        ] GC(888) Survivor regions: 0->0(4)
[338.505s][info][gc,heap        ] GC(888) Old regions: 487->487
[338.505s][info][gc,heap        ] GC(888) Archive regions: 2->2
[338.505s][info][gc,heap        ] GC(888) Humongous regions: 11->11
[338.505s][info][gc,metaspace   ] GC(888) Metaspace: 44234K(45568K)->44234K(45568K) NonClass: 39005K(39936K)->39005K(39936K) Class: 5228K(5632K)->5228K(5632K)
[338.505s][info][gc             ] GC(888) Pause Full (G1 Humongous Allocation) 497M->497M(512M) 360.466ms
[338.507s][info][gc,cpu         ] GC(888) User=2.50s Sys=0.04s Real=0.37s
[338.507s][info][gc,marking     ] GC(885) Concurrent Mark From Roots 719.674ms
[338.508s][info][gc,start       ] GC(889) Pause Young (Normal) (G1 Humongous Allocation)
[338.508s][info][gc,task        ] GC(889) Using 8 workers of 8 for evacuation
[338.509s][info][gc,phases      ] GC(889)   Pre Evacuate Collection Set: 0.1ms
[338.509s][info][gc,phases      ] GC(889)   Merge Heap Roots: 0.0ms
[338.509s][info][gc,phases      ] GC(889)   Evacuate Collection Set: 0.2ms
[338.509s][info][gc,phases      ] GC(889)   Post Evacuate Collection Set: 0.2ms
[338.509s][info][gc,phases      ] GC(889)   Other: 0.1ms
[338.509s][info][gc,heap        ] GC(889) Eden regions: 1->0(24)
[338.509s][info][gc,heap        ] GC(889) Survivor regions: 0->1(4)
[338.509s][info][gc,heap        ] GC(889) Old regions: 487->487
[338.509s][info][gc,heap        ] GC(889) Archive regions: 2->2
[338.509s][info][gc,heap        ] GC(889) Humongous regions: 11->11
[338.509s][info][gc,metaspace   ] GC(889) Metaspace: 44234K(45568K)->44234K(45568K) NonClass: 39005K(39936K)->39005K(39936K) Class: 5228K(5632K)->5228K(5632K)
[338.509s][info][gc             ] GC(889) Pause Young (Normal) (G1 Humongous Allocation) 498M->497M(512M) 0.690ms
[338.509s][info][gc,cpu         ] GC(889) User=0.00s Sys=0.00s Real=0.00s
[338.509s][info][gc,task        ] GC(890) Using 8 workers of 8 for full compaction
[338.509s][info][gc,start       ] GC(890) Pause Full (G1 Humongous Allocation)
[338.509s][info][gc,phases,start] GC(890) Phase 1: Mark live objects
[338.734s][info][gc,phases      ] GC(890) Phase 1: Mark live objects 225.127ms
[338.734s][info][gc,phases,start] GC(890) Phase 2: Prepare for compaction
[338.765s][info][gc,phases      ] GC(890) Phase 2: Prepare for compaction 30.674ms
[338.765s][info][gc,phases,start] GC(890) Phase 3: Adjust pointers
[338.835s][info][gc,phases      ] GC(890) Phase 3: Adjust pointers 69.568ms
[338.835s][info][gc,phases,start] GC(890) Phase 4: Compact heap
[338.864s][info][gc,phases      ] GC(890) Phase 4: Compact heap 29.337ms
[338.869s][info][gc,heap        ] GC(890) Eden regions: 0->0(25)
[338.869s][info][gc,heap        ] GC(890) Survivor regions: 1->0(4)
[338.869s][info][gc,heap        ] GC(890) Old regions: 487->487
[338.869s][info][gc,heap        ] GC(890) Archive regions: 2->2
[338.869s][info][gc,heap        ] GC(890) Humongous regions: 11->11
[338.869s][info][gc,metaspace   ] GC(890) Metaspace: 44234K(45568K)->44234K(45568K) NonClass: 39005K(39936K)->39005K(39936K) Class: 5228K(5632K)->5228K(5632K)
[338.869s][info][gc             ] GC(890) Pause Full (G1 Humongous Allocation) 497M->497M(512M) 359.666ms
[338.870s][info][gc,cpu         ] GC(890) User=2.50s Sys=0.03s Real=0.36s
[338.871s][info][gc,task        ] GC(891) Using 8 workers of 8 for full compaction
[338.871s][info][gc,start       ] GC(891) Pause Full (G1 Humongous Allocation)
[338.871s][info][gc,phases,start] GC(891) Phase 1: Mark live objects
[339.090s][info][gc,phases      ] GC(891) Phase 1: Mark live objects 219.609ms
[339.090s][info][gc,phases,start] GC(891) Phase 2: Prepare for compaction
[339.119s][info][gc,phases      ] GC(891) Phase 2: Prepare for compaction 29.106ms
[339.119s][info][gc,phases,start] GC(891) Phase 3: Adjust pointers
[339.189s][info][gc,phases      ] GC(891) Phase 3: Adjust pointers 69.254ms
[339.189s][info][gc,phases,start] GC(891) Phase 4: Compact heap
[339.213s][info][gc,phases      ] GC(891) Phase 4: Compact heap 24.711ms
[339.218s][info][gc,heap        ] GC(891) Eden regions: 0->0(25)
[339.218s][info][gc,heap        ] GC(891) Survivor regions: 0->0(4)
[339.218s][info][gc,heap        ] GC(891) Old regions: 487->487
[339.218s][info][gc,heap        ] GC(891) Archive regions: 2->2
[339.218s][info][gc,heap        ] GC(891) Humongous regions: 11->11
[339.218s][info][gc,metaspace   ] GC(891) Metaspace: 44234K(45568K)->44234K(45568K) NonClass: 39005K(39936K)->39005K(39936K) Class: 5228K(5632K)->5228K(5632K)
[339.218s][info][gc             ] GC(891) Pause Full (G1 Humongous Allocation) 497M->497M(512M) 347.403ms
[339.220s][info][gc,cpu         ] GC(891) User=2.46s Sys=0.03s Real=0.35s
[339.220s][info][gc,marking     ] GC(885) Concurrent Mark Abort
[339.220s][info][gc             ] GC(885) Concurrent Cycle 1433.261ms
[339.222s][info][gc,start       ] GC(892) Pause Young (Concurrent Start) (G1 Humongous Allocation)
[339.222s][info][gc,task        ] GC(892) Using 8 workers of 8 for evacuation
[339.223s][info][gc,phases      ] GC(892)   Pre Evacuate Collection Set: 0.1ms
[339.223s][info][gc,phases      ] GC(892)   Merge Heap Roots: 0.0ms
[339.223s][info][gc,phases      ] GC(892)   Evacuate Collection Set: 0.8ms
[339.223s][info][gc,phases      ] GC(892)   Post Evacuate Collection Set: 0.3ms
[339.223s][info][gc,phases      ] GC(892)   Other: 0.1ms
[339.223s][info][gc,heap        ] GC(892) Eden regions: 1->0(24)
[339.223s][info][gc,heap        ] GC(892) Survivor regions: 0->1(4)
[339.223s][info][gc,heap        ] GC(892) Old regions: 487->487
[339.223s][info][gc,heap        ] GC(892) Archive regions: 2->2
[339.223s][info][gc,heap        ] GC(892) Humongous regions: 11->11
[339.223s][info][gc,metaspace   ] GC(892) Metaspace: 44238K(45568K)->44238K(45568K) NonClass: 39009K(39936K)->39009K(39936K) Class: 5229K(5632K)->5229K(5632K)
[339.223s][info][gc             ] GC(892) Pause Young (Concurrent Start) (G1 Humongous Allocation) 498M->497M(512M) 1.418ms
[339.223s][info][gc,cpu         ] GC(892) User=0.00s Sys=0.00s Real=0.00s
[339.223s][info][gc             ] GC(893) Concurrent Cycle
[339.223s][info][gc,marking     ] GC(893) Concurrent Clear Claimed Marks
[339.223s][info][gc,marking     ] GC(893) Concurrent Clear Claimed Marks 0.018ms
[339.223s][info][gc,marking     ] GC(893) Concurrent Scan Root Regions
[339.224s][info][gc,marking     ] GC(893) Concurrent Scan Root Regions 0.545ms
[339.224s][info][gc,marking     ] GC(893) Concurrent Mark (339.224s)
[339.224s][info][gc,marking     ] GC(893) Concurrent Mark From Roots
[339.224s][info][gc,task        ] GC(893) Using 2 workers of 2 for marking
[339.224s][info][gc,start       ] GC(894) Pause Young (Normal) (G1 Humongous Allocation)
[339.224s][info][gc,task        ] GC(894) Using 8 workers of 8 for evacuation
[339.225s][info][gc,phases      ] GC(894)   Pre Evacuate Collection Set: 0.1ms
[339.225s][info][gc,phases      ] GC(894)   Merge Heap Roots: 0.0ms
[339.225s][info][gc,phases      ] GC(894)   Evacuate Collection Set: 0.3ms
[339.225s][info][gc,phases      ] GC(894)   Post Evacuate Collection Set: 0.2ms
[339.225s][info][gc,phases      ] GC(894)   Other: 0.1ms
[339.225s][info][gc,heap        ] GC(894) Eden regions: 0->0(24)
[339.225s][info][gc,heap        ] GC(894) Survivor regions: 1->1(4)
[339.225s][info][gc,heap        ] GC(894) Old regions: 487->487
[339.225s][info][gc,heap        ] GC(894) Archive regions: 2->2
[339.225s][info][gc,heap        ] GC(894) Humongous regions: 11->11
[339.225s][info][gc,metaspace   ] GC(894) Metaspace: 44238K(45568K)->44238K(45568K) NonClass: 39009K(39936K)->39009K(39936K) Class: 5229K(5632K)->5229K(5632K)
[339.225s][info][gc             ] GC(894) Pause Young (Normal) (G1 Humongous Allocation) 497M->497M(512M) 0.729ms
[339.225s][info][gc,cpu         ] GC(894) User=0.00s Sys=0.00s Real=0.00s
[339.225s][info][gc,task        ] GC(895) Using 8 workers of 8 for full compaction
[339.225s][info][gc,start       ] GC(895) Pause Full (G1 Humongous Allocation)
[339.226s][info][gc,phases,start] GC(895) Phase 1: Mark live objects
[339.452s][info][gc,phases      ] GC(895) Phase 1: Mark live objects 225.917ms
[339.452s][info][gc,phases,start] GC(895) Phase 2: Prepare for compaction
[339.488s][info][gc,phases      ] GC(895) Phase 2: Prepare for compaction 35.984ms
[339.488s][info][gc,phases,start] GC(895) Phase 3: Adjust pointers
[339.559s][info][gc,phases      ] GC(895) Phase 3: Adjust pointers 71.306ms
[339.559s][info][gc,phases,start] GC(895) Phase 4: Compact heap
[339.587s][info][gc,phases      ] GC(895) Phase 4: Compact heap 27.548ms
[339.591s][info][gc,heap        ] GC(895) Eden regions: 0->0(25)
[339.591s][info][gc,heap        ] GC(895) Survivor regions: 1->0(4)
[339.591s][info][gc,heap        ] GC(895) Old regions: 487->487
[339.591s][info][gc,heap        ] GC(895) Archive regions: 2->2
[339.591s][info][gc,heap        ] GC(895) Humongous regions: 11->11
[339.591s][info][gc,metaspace   ] GC(895) Metaspace: 44238K(45568K)->44238K(45568K) NonClass: 39009K(39936K)->39009K(39936K) Class: 5229K(5632K)->5229K(5632K)
[339.591s][info][gc             ] GC(895) Pause Full (G1 Humongous Allocation) 497M->497M(512M) 366.248ms
[339.592s][info][gc,cpu         ] GC(895) User=2.51s Sys=0.02s Real=0.37s
[339.593s][info][gc,task        ] GC(896) Using 8 workers of 8 for full compaction
[339.593s][info][gc,start       ] GC(896) Pause Full (G1 Humongous Allocation)
[339.593s][info][gc,phases,start] GC(896) Phase 1: Mark live objects
[339.811s][info][gc,phases      ] GC(896) Phase 1: Mark live objects 218.821ms
[339.811s][info][gc,phases,start] GC(896) Phase 2: Prepare for compaction
[339.841s][info][gc,phases      ] GC(896) Phase 2: Prepare for compaction 29.128ms
[339.841s][info][gc,phases,start] GC(896) Phase 3: Adjust pointers
[339.912s][info][gc,phases      ] GC(896) Phase 3: Adjust pointers 71.553ms
[339.912s][info][gc,phases,start] GC(896) Phase 4: Compact heap
[339.938s][info][gc,phases      ] GC(896) Phase 4: Compact heap 25.346ms
[339.942s][info][gc,heap        ] GC(896) Eden regions: 0->0(25)
[339.942s][info][gc,heap        ] GC(896) Survivor regions: 0->0(4)
[339.942s][info][gc,heap        ] GC(896) Old regions: 487->487
[339.942s][info][gc,heap        ] GC(896) Archive regions: 2->2
[339.942s][info][gc,heap        ] GC(896) Humongous regions: 11->11
[339.942s][info][gc,metaspace   ] GC(896) Metaspace: 44238K(45568K)->44231K(45568K) NonClass: 39009K(39936K)->39003K(39936K) Class: 5229K(5632K)->5227K(5632K)
[339.942s][info][gc             ] GC(896) Pause Full (G1 Humongous Allocation) 497M->497M(512M) 349.497ms
[339.944s][info][gc,cpu         ] GC(896) User=2.47s Sys=0.02s Real=0.35s
[339.944s][info][gc,marking     ] GC(893) Concurrent Mark From Roots 720.284ms
[339.944s][info][gc,marking     ] GC(893) Concurrent Mark Abort
[339.944s][info][gc             ] GC(893) Concurrent Cycle 720.955ms
[339.950s][info][gc,start       ] GC(897) Pause Young (Concurrent Start) (G1 Humongous Allocation)
[339.950s][info][gc,task        ] GC(897) Using 8 workers of 8 for evacuation
[339.952s][info][gc,phases      ] GC(897)   Pre Evacuate Collection Set: 0.1ms
[339.952s][info][gc,phases      ] GC(897)   Merge Heap Roots: 0.0ms
[339.952s][info][gc,phases      ] GC(897)   Evacuate Collection Set: 0.7ms
[339.952s][info][gc,phases      ] GC(897)   Post Evacuate Collection Set: 0.3ms
[339.952s][info][gc,phases      ] GC(897)   Other: 0.2ms
[339.952s][info][gc,heap        ] GC(897) Eden regions: 3->0(24)
[339.952s][info][gc,heap        ] GC(897) Survivor regions: 0->1(4)
[339.952s][info][gc,heap        ] GC(897) Old regions: 487->487
[339.952s][info][gc,heap        ] GC(897) Archive regions: 2->2
[339.952s][info][gc,heap        ] GC(897) Humongous regions: 11->11
[339.952s][info][gc,metaspace   ] GC(897) Metaspace: 44258K(45568K)->44258K(45568K) NonClass: 39027K(39936K)->39027K(39936K) Class: 5230K(5632K)->5230K(5632K)
[339.952s][info][gc             ] GC(897) Pause Young (Concurrent Start) (G1 Humongous Allocation) 499M->497M(512M) 1.395ms
[339.952s][info][gc,cpu         ] GC(897) User=0.01s Sys=0.00s Real=0.00s
[339.952s][info][gc             ] GC(898) Concurrent Cycle
[339.952s][info][gc,marking     ] GC(898) Concurrent Clear Claimed Marks
[339.952s][info][gc,marking     ] GC(898) Concurrent Clear Claimed Marks 0.022ms
[339.952s][info][gc,marking     ] GC(898) Concurrent Scan Root Regions
[339.953s][info][gc,marking     ] GC(898) Concurrent Scan Root Regions 0.895ms
[339.953s][info][gc,marking     ] GC(898) Concurrent Mark (339.953s)
[339.953s][info][gc,marking     ] GC(898) Concurrent Mark From Roots
[339.953s][info][gc,task        ] GC(898) Using 2 workers of 2 for marking
[339.953s][info][gc,start       ] GC(899) Pause Young (Normal) (G1 Humongous Allocation)
[339.953s][info][gc,task        ] GC(899) Using 8 workers of 8 for evacuation
[339.954s][info][gc,phases      ] GC(899)   Pre Evacuate Collection Set: 0.4ms
[339.954s][info][gc,phases      ] GC(899)   Merge Heap Roots: 0.0ms
[339.954s][info][gc,phases      ] GC(899)   Evacuate Collection Set: 0.5ms
[339.954s][info][gc,phases      ] GC(899)   Post Evacuate Collection Set: 0.2ms
[339.954s][info][gc,phases      ] GC(899)   Other: 0.1ms
[339.954s][info][gc,heap        ] GC(899) Eden regions: 0->0(24)
[339.954s][info][gc,heap        ] GC(899) Survivor regions: 1->1(4)
[339.954s][info][gc,heap        ] GC(899) Old regions: 487->487
[339.954s][info][gc,heap        ] GC(899) Archive regions: 2->2
[339.954s][info][gc,heap        ] GC(899) Humongous regions: 11->11
[339.954s][info][gc,metaspace   ] GC(899) Metaspace: 44264K(45568K)->44264K(45568K) NonClass: 39032K(39936K)->39032K(39936K) Class: 5231K(5632K)->5231K(5632K)
[339.954s][info][gc             ] GC(899) Pause Young (Normal) (G1 Humongous Allocation) 497M->497M(512M) 0.885ms
[339.954s][info][gc,cpu         ] GC(899) User=0.00s Sys=0.00s Real=0.00s
[339.954s][info][gc,task        ] GC(900) Using 8 workers of 8 for full compaction
[339.954s][info][gc,start       ] GC(900) Pause Full (G1 Humongous Allocation)
[339.954s][info][gc,phases,start] GC(900) Phase 1: Mark live objects
[340.176s][info][gc,phases      ] GC(900) Phase 1: Mark live objects 221.168ms
[340.176s][info][gc,phases,start] GC(900) Phase 2: Prepare for compaction
[340.211s][info][gc,phases      ] GC(900) Phase 2: Prepare for compaction 35.435ms
[340.211s][info][gc,phases,start] GC(900) Phase 3: Adjust pointers
[340.300s][info][gc,phases      ] GC(900) Phase 3: Adjust pointers 88.743ms
[340.300s][info][gc,phases,start] GC(900) Phase 4: Compact heap
[340.342s][info][gc,phases      ] GC(900) Phase 4: Compact heap 42.308ms
[340.347s][info][gc,heap        ] GC(900) Eden regions: 0->0(25)
[340.347s][info][gc,heap        ] GC(900) Survivor regions: 1->0(4)
[340.347s][info][gc,heap        ] GC(900) Old regions: 487->486
[340.347s][info][gc,heap        ] GC(900) Archive regions: 2->2
[340.347s][info][gc,heap        ] GC(900) Humongous regions: 11->11
[340.347s][info][gc,metaspace   ] GC(900) Metaspace: 44264K(45568K)->44264K(45568K) NonClass: 39032K(39936K)->39032K(39936K) Class: 5231K(5632K)->5231K(5632K)
[340.347s][info][gc             ] GC(900) Pause Full (G1 Humongous Allocation) 497M->494M(512M) 393.357ms
[340.348s][info][gc,cpu         ] GC(900) User=2.62s Sys=0.03s Real=0.40s
[340.348s][info][gc,task        ] GC(901) Using 8 workers of 8 for full compaction
[340.348s][info][gc,start       ] GC(901) Pause Full (G1 Humongous Allocation)
[340.348s][info][gc,phases,start] GC(901) Phase 1: Mark live objects
[340.570s][info][gc,phases      ] GC(901) Phase 1: Mark live objects 221.148ms
[340.570s][info][gc,phases,start] GC(901) Phase 2: Prepare for compaction
[340.598s][info][gc,phases      ] GC(901) Phase 2: Prepare for compaction 28.291ms
[340.598s][info][gc,phases,start] GC(901) Phase 3: Adjust pointers
[340.668s][info][gc,phases      ] GC(901) Phase 3: Adjust pointers 70.385ms
[340.668s][info][gc,phases,start] GC(901) Phase 4: Compact heap
[340.698s][info][gc,phases      ] GC(901) Phase 4: Compact heap 29.944ms
[340.703s][info][gc,heap        ] GC(901) Eden regions: 0->0(25)
[340.703s][info][gc,heap        ] GC(901) Survivor regions: 0->0(4)
[340.703s][info][gc,heap        ] GC(901) Old regions: 486->486
[340.703s][info][gc,heap        ] GC(901) Archive regions: 2->2
[340.703s][info][gc,heap        ] GC(901) Humongous regions: 11->11
[340.703s][info][gc,metaspace   ] GC(901) Metaspace: 44264K(45568K)->44260K(45568K) NonClass: 39032K(39936K)->39029K(39936K) Class: 5231K(5632K)->5231K(5632K)
[340.703s][info][gc             ] GC(901) Pause Full (G1 Humongous Allocation) 494M->494M(512M) 354.752ms
[340.705s][info][gc,cpu         ] GC(901) User=2.49s Sys=0.02s Real=0.35s
[340.705s][info][gc,marking     ] GC(898) Concurrent Mark From Roots 752.557ms
[340.705s][info][gc,marking     ] GC(898) Concurrent Mark Abort
[340.705s][info][gc             ] GC(898) Concurrent Cycle 753.601ms
[340.710s][info][gc,start       ] GC(902) Pause Young (Concurrent Start) (G1 Humongous Allocation)
[340.710s][info][gc,task        ] GC(902) Using 8 workers of 8 for evacuation
[340.711s][info][gc,phases      ] GC(902)   Pre Evacuate Collection Set: 0.1ms
[340.712s][info][gc,phases      ] GC(902)   Merge Heap Roots: 0.0ms
[340.712s][info][gc,phases      ] GC(902)   Evacuate Collection Set: 0.5ms
[340.712s][info][gc,phases      ] GC(902)   Post Evacuate Collection Set: 0.3ms
[340.712s][info][gc,phases      ] GC(902)   Other: 0.1ms
[340.712s][info][gc,heap        ] GC(902) Eden regions: 2->0(24)
[340.712s][info][gc,heap        ] GC(902) Survivor regions: 0->1(4)
[340.712s][info][gc,heap        ] GC(902) Old regions: 486->486
[340.712s][info][gc,heap        ] GC(902) Archive regions: 2->2
[340.712s][info][gc,heap        ] GC(902) Humongous regions: 11->11
[340.712s][info][gc,metaspace   ] GC(902) Metaspace: 44272K(45568K)->44272K(45568K) NonClass: 39039K(39936K)->39039K(39936K) Class: 5232K(5632K)->5232K(5632K)
[340.712s][info][gc             ] GC(902) Pause Young (Concurrent Start) (G1 Humongous Allocation) 496M->494M(512M) 1.219ms
[340.712s][info][gc,cpu         ] GC(902) User=0.01s Sys=0.00s Real=0.00s
[340.712s][info][gc             ] GC(903) Concurrent Cycle
[340.712s][info][gc,marking     ] GC(903) Concurrent Clear Claimed Marks
[340.712s][info][gc,marking     ] GC(903) Concurrent Clear Claimed Marks 0.016ms
[340.712s][info][gc,marking     ] GC(903) Concurrent Scan Root Regions
[340.713s][info][gc,marking     ] GC(903) Concurrent Scan Root Regions 0.932ms
[340.713s][info][gc,marking     ] GC(903) Concurrent Mark (340.713s)
[340.713s][info][gc,marking     ] GC(903) Concurrent Mark From Roots
[340.713s][info][gc,task        ] GC(903) Using 2 workers of 2 for marking
[340.713s][info][gc,start       ] GC(904) Pause Young (Normal) (G1 Humongous Allocation)
[340.713s][info][gc,task        ] GC(904) Using 8 workers of 8 for evacuation
[340.714s][info][gc,phases      ] GC(904)   Pre Evacuate Collection Set: 0.1ms
[340.714s][info][gc,phases      ] GC(904)   Merge Heap Roots: 0.0ms
[340.714s][info][gc,phases      ] GC(904)   Evacuate Collection Set: 0.3ms
[340.714s][info][gc,phases      ] GC(904)   Post Evacuate Collection Set: 0.2ms
[340.714s][info][gc,phases      ] GC(904)   Other: 0.1ms
[340.714s][info][gc,heap        ] GC(904) Eden regions: 1->0(24)
[340.714s][info][gc,heap        ] GC(904) Survivor regions: 1->1(4)
[340.714s][info][gc,heap        ] GC(904) Old regions: 486->486
[340.714s][info][gc,heap        ] GC(904) Archive regions: 2->2
[340.714s][info][gc,heap        ] GC(904) Humongous regions: 11->11
[340.714s][info][gc,metaspace   ] GC(904) Metaspace: 44272K(45568K)->44272K(45568K) NonClass: 39039K(39936K)->39039K(39936K) Class: 5232K(5632K)->5232K(5632K)
[340.714s][info][gc             ] GC(904) Pause Young (Normal) (G1 Humongous Allocation) 494M->494M(512M) 0.799ms
[340.714s][info][gc,cpu         ] GC(904) User=0.00s Sys=0.00s Real=0.00s
[340.714s][info][gc,task        ] GC(905) Using 8 workers of 8 for full compaction
[340.714s][info][gc,start       ] GC(905) Pause Full (G1 Humongous Allocation)
[340.714s][info][gc,phases,start] GC(905) Phase 1: Mark live objects
[340.959s][info][gc,phases      ] GC(905) Phase 1: Mark live objects 244.536ms
[340.959s][info][gc,phases,start] GC(905) Phase 2: Prepare for compaction
[341.010s][info][gc,phases      ] GC(905) Phase 2: Prepare for compaction 50.843ms
[341.010s][info][gc,phases,start] GC(905) Phase 3: Adjust pointers
[341.112s][info][gc,phases      ] GC(905) Phase 3: Adjust pointers 102.507ms
[341.113s][info][gc,phases,start] GC(905) Phase 4: Compact heap
[341.160s][info][gc,phases      ] GC(905) Phase 4: Compact heap 47.050ms
[341.165s][info][gc,heap        ] GC(905) Eden regions: 0->0(25)
[341.165s][info][gc,heap        ] GC(905) Survivor regions: 1->0(4)
[341.165s][info][gc,heap        ] GC(905) Old regions: 486->484
[341.165s][info][gc,heap        ] GC(905) Archive regions: 2->2
[341.165s][info][gc,heap        ] GC(905) Humongous regions: 11->11
[341.165s][info][gc,metaspace   ] GC(905) Metaspace: 44272K(45568K)->44272K(45568K) NonClass: 39039K(39936K)->39039K(39936K) Class: 5232K(5632K)->5232K(5632K)
[341.165s][info][gc             ] GC(905) Pause Full (G1 Humongous Allocation) 494M->492M(512M) 451.333ms
[341.167s][info][gc,cpu         ] GC(905) User=2.59s Sys=0.05s Real=0.46s
[341.167s][info][gc,task        ] GC(906) Using 8 workers of 8 for full compaction
[341.167s][info][gc,start       ] GC(906) Pause Full (G1 Humongous Allocation)
[341.167s][info][gc,phases,start] GC(906) Phase 1: Mark live objects
[341.417s][info][gc,phases      ] GC(906) Phase 1: Mark live objects 250.440ms
[341.417s][info][gc,phases,start] GC(906) Phase 2: Prepare for compaction
[341.449s][info][gc,phases      ] GC(906) Phase 2: Prepare for compaction 31.207ms
[341.449s][info][gc,phases,start] GC(906) Phase 3: Adjust pointers
[341.524s][info][gc,phases      ] GC(906) Phase 3: Adjust pointers 75.036ms
[341.524s][info][gc,phases,start] GC(906) Phase 4: Compact heap
[341.555s][info][gc,phases      ] GC(906) Phase 4: Compact heap 31.310ms
[341.560s][info][gc,heap        ] GC(906) Eden regions: 0->0(25)
[341.560s][info][gc,heap        ] GC(906) Survivor regions: 0->0(4)
[341.560s][info][gc,heap        ] GC(906) Old regions: 484->483
[341.560s][info][gc,heap        ] GC(906) Archive regions: 2->2
[341.560s][info][gc,heap        ] GC(906) Humongous regions: 11->11
[341.560s][info][gc,metaspace   ] GC(906) Metaspace: 44272K(45568K)->44261K(45568K) NonClass: 39039K(39936K)->39029K(39936K) Class: 5232K(5632K)->5231K(5632K)
[341.560s][info][gc             ] GC(906) Pause Full (G1 Humongous Allocation) 492M->492M(512M) 392.869ms
[341.561s][info][gc,cpu         ] GC(906) User=2.58s Sys=0.01s Real=0.39s
[341.561s][info][gc,marking     ] GC(903) Concurrent Mark From Roots 848.164ms
[341.561s][info][gc,marking     ] GC(903) Concurrent Mark Abort
[341.561s][info][gc             ] GC(903) Concurrent Cycle 849.222ms
[341.564s][info][gc,start       ] GC(907) Pause Young (Normal) (G1 Evacuation Pause)
[341.564s][info][gc,task        ] GC(907) Using 8 workers of 8 for evacuation
[341.570s][info][gc,phases      ] GC(907)   Pre Evacuate Collection Set: 0.2ms
[341.570s][info][gc,phases      ] GC(907)   Merge Heap Roots: 0.2ms
[341.570s][info][gc,phases      ] GC(907)   Evacuate Collection Set: 5.2ms
[341.570s][info][gc,phases      ] GC(907)   Post Evacuate Collection Set: 0.2ms
[341.570s][info][gc,phases      ] GC(907)   Other: 0.1ms
[341.570s][info][gc,heap        ] GC(907) Eden regions: 0->0(25)
[341.570s][info][gc,heap        ] GC(907) Survivor regions: 0->0(0)
[341.570s][info][gc,heap        ] GC(907) Old regions: 483->483
[341.570s][info][gc,heap        ] GC(907) Archive regions: 2->2
[341.570s][info][gc,heap        ] GC(907) Humongous regions: 27->27
[341.570s][info][gc,metaspace   ] GC(907) Metaspace: 44261K(45568K)->44261K(45568K) NonClass: 39029K(39936K)->39029K(39936K) Class: 5231K(5632K)->5231K(5632K)
[341.570s][info][gc             ] GC(907) Pause Young (Normal) (G1 Evacuation Pause) 508M->508M(512M) 6.052ms
[341.570s][info][gc,cpu         ] GC(907) User=0.04s Sys=0.00s Real=0.01s
[341.570s][info][gc,ergo        ] Attempting maximally compacting collection
[341.570s][info][gc,task        ] GC(908) Using 8 workers of 8 for full compaction
[341.570s][info][gc,start       ] GC(908) Pause Full (G1 Evacuation Pause)
[341.570s][info][gc,phases,start] GC(908) Phase 1: Mark live objects
[341.804s][info][gc,phases      ] GC(908) Phase 1: Mark live objects 233.746ms
[341.804s][info][gc,phases,start] GC(908) Phase 2: Prepare for compaction
[341.835s][info][gc,phases      ] GC(908) Phase 2: Prepare for compaction 30.748ms
[341.835s][info][gc,phases,start] GC(908) Phase 3: Adjust pointers
[341.930s][info][gc,phases      ] GC(908) Phase 3: Adjust pointers 95.351ms
[341.930s][info][gc,phases,start] GC(908) Phase 4: Compact heap
[341.958s][info][gc,phases      ] GC(908) Phase 4: Compact heap 27.953ms
[341.963s][info][gc,heap        ] GC(908) Eden regions: 0->0(25)
[341.963s][info][gc,heap        ] GC(908) Survivor regions: 0->0(0)
[341.963s][info][gc,heap        ] GC(908) Old regions: 483->481
[341.963s][info][gc,heap        ] GC(908) Archive regions: 2->2
[341.963s][info][gc,heap        ] GC(908) Humongous regions: 27->27
[341.963s][info][gc,metaspace   ] GC(908) Metaspace: 44261K(45568K)->44261K(45568K) NonClass: 39029K(39936K)->39029K(39936K) Class: 5231K(5632K)->5231K(5632K)
[341.963s][info][gc             ] GC(908) Pause Full (G1 Evacuation Pause) 508M->508M(512M) 392.573ms
[341.964s][info][gc,cpu         ] GC(908) User=2.70s Sys=0.02s Real=0.39s
[341.965s][info][gc,start       ] GC(909) Pause Young (Concurrent Start) (G1 Humongous Allocation)
[341.965s][info][gc,task        ] GC(909) Using 8 workers of 8 for evacuation
[341.966s][info][gc,phases      ] GC(909)   Pre Evacuate Collection Set: 0.1ms
[341.966s][info][gc,phases      ] GC(909)   Merge Heap Roots: 0.0ms
[341.966s][info][gc,phases      ] GC(909)   Evacuate Collection Set: 0.8ms
[341.966s][info][gc,phases      ] GC(909)   Post Evacuate Collection Set: 0.2ms
[341.966s][info][gc,phases      ] GC(909)   Other: 0.2ms
[341.966s][info][gc,heap        ] GC(909) Eden regions: 1->0(24)
[341.966s][info][gc,heap        ] GC(909) Survivor regions: 0->1(1)
[341.967s][info][gc,heap        ] GC(909) Old regions: 481->481
[341.967s][info][gc,heap        ] GC(909) Archive regions: 2->2
[341.967s][info][gc,heap        ] GC(909) Humongous regions: 27->27
[341.967s][info][gc,metaspace   ] GC(909) Metaspace: 44261K(45568K)->44261K(45568K) NonClass: 39030K(39936K)->39030K(39936K) Class: 5231K(5632K)->5231K(5632K)
[341.967s][info][gc             ] GC(909) Pause Young (Concurrent Start) (G1 Humongous Allocation) 508M->508M(512M) 1.578ms
[341.967s][info][gc,cpu         ] GC(909) User=0.00s Sys=0.01s Real=0.01s
[341.967s][info][gc             ] GC(910) Concurrent Cycle
[341.967s][info][gc,marking     ] GC(910) Concurrent Clear Claimed Marks
[341.967s][info][gc,marking     ] GC(910) Concurrent Clear Claimed Marks 0.051ms
[341.967s][info][gc,marking     ] GC(910) Concurrent Scan Root Regions
[341.967s][info][gc,marking     ] GC(910) Concurrent Scan Root Regions 0.560ms
[341.967s][info][gc,marking     ] GC(910) Concurrent Mark (341.967s)
[341.967s][info][gc,marking     ] GC(910) Concurrent Mark From Roots
[341.967s][info][gc,task        ] GC(910) Using 2 workers of 2 for marking
[341.967s][info][gc,start       ] GC(911) Pause Young (Normal) (G1 Humongous Allocation)
[341.967s][info][gc,task        ] GC(911) Using 8 workers of 8 for evacuation
[341.968s][info][gc,phases      ] GC(911)   Pre Evacuate Collection Set: 0.1ms
[341.968s][info][gc,phases      ] GC(911)   Merge Heap Roots: 0.0ms
[341.968s][info][gc,phases      ] GC(911)   Evacuate Collection Set: 0.3ms
[341.968s][info][gc,phases      ] GC(911)   Post Evacuate Collection Set: 0.2ms
[341.968s][info][gc,phases      ] GC(911)   Other: 0.1ms
[341.968s][info][gc,heap        ] GC(911) Eden regions: 0->0(24)
[341.968s][info][gc,heap        ] GC(911) Survivor regions: 1->1(1)
[341.968s][info][gc,heap        ] GC(911) Old regions: 481->481
[341.968s][info][gc,heap        ] GC(911) Archive regions: 2->2
[341.968s][info][gc,heap        ] GC(911) Humongous regions: 27->27
[341.968s][info][gc,metaspace   ] GC(911) Metaspace: 44261K(45568K)->44261K(45568K) NonClass: 39030K(39936K)->39030K(39936K) Class: 5231K(5632K)->5231K(5632K)
[341.968s][info][gc             ] GC(911) Pause Young (Normal) (G1 Humongous Allocation) 508M->508M(512M) 0.862ms
[341.968s][info][gc,cpu         ] GC(911) User=0.01s Sys=0.00s Real=0.00s
[341.968s][info][gc,task        ] GC(912) Using 8 workers of 8 for full compaction
[341.968s][info][gc,start       ] GC(912) Pause Full (G1 Humongous Allocation)
[341.969s][info][gc,phases,start] GC(912) Phase 1: Mark live objects
[342.201s][info][gc,phases      ] GC(912) Phase 1: Mark live objects 232.107ms
[342.201s][info][gc,phases,start] GC(912) Phase 2: Prepare for compaction
[342.232s][info][gc,phases      ] GC(912) Phase 2: Prepare for compaction 31.122ms
[342.232s][info][gc,phases,start] GC(912) Phase 3: Adjust pointers
[342.316s][info][gc,phases      ] GC(912) Phase 3: Adjust pointers 83.952ms
[342.316s][info][gc,phases,start] GC(912) Phase 4: Compact heap
[342.345s][info][gc,phases      ] GC(912) Phase 4: Compact heap 28.562ms
[342.349s][info][gc,heap        ] GC(912) Eden regions: 0->0(25)
[342.349s][info][gc,heap        ] GC(912) Survivor regions: 1->0(1)
[342.349s][info][gc,heap        ] GC(912) Old regions: 481->481
[342.349s][info][gc,heap        ] GC(912) Archive regions: 2->2
[342.349s][info][gc,heap        ] GC(912) Humongous regions: 27->27
[342.349s][info][gc,metaspace   ] GC(912) Metaspace: 44261K(45568K)->44261K(45568K) NonClass: 39030K(39936K)->39030K(39936K) Class: 5231K(5632K)->5231K(5632K)
[342.349s][info][gc             ] GC(912) Pause Full (G1 Humongous Allocation) 508M->508M(512M) 381.029ms
[342.351s][info][gc,cpu         ] GC(912) User=2.64s Sys=0.02s Real=0.38s
[342.351s][info][gc,task        ] GC(913) Using 8 workers of 8 for full compaction
[342.351s][info][gc,start       ] GC(913) Pause Full (G1 Humongous Allocation)
[342.351s][info][gc,phases,start] GC(913) Phase 1: Mark live objects
[342.581s][info][gc,phases      ] GC(913) Phase 1: Mark live objects 229.977ms
[342.581s][info][gc,phases,start] GC(913) Phase 2: Prepare for compaction
[342.610s][info][gc,phases      ] GC(913) Phase 2: Prepare for compaction 29.189ms
[342.610s][info][gc,phases,start] GC(913) Phase 3: Adjust pointers
[342.696s][info][gc,phases      ] GC(913) Phase 3: Adjust pointers 85.896ms
[342.696s][info][gc,phases,start] GC(913) Phase 4: Compact heap
[342.722s][info][gc,phases      ] GC(913) Phase 4: Compact heap 25.964ms
[342.726s][info][gc,heap        ] GC(913) Eden regions: 0->0(25)
[342.726s][info][gc,heap        ] GC(913) Survivor regions: 0->0(1)
[342.726s][info][gc,heap        ] GC(913) Old regions: 481->481
[342.726s][info][gc,heap        ] GC(913) Archive regions: 2->2
[342.726s][info][gc,heap        ] GC(913) Humongous regions: 27->27
[342.726s][info][gc,metaspace   ] GC(913) Metaspace: 44261K(45568K)->44261K(45568K) NonClass: 39030K(39936K)->39030K(39936K) Class: 5231K(5632K)->5231K(5632K)
[342.726s][info][gc             ] GC(913) Pause Full (G1 Humongous Allocation) 508M->508M(512M) 375.741ms
[342.728s][info][gc,cpu         ] GC(913) User=2.67s Sys=0.02s Real=0.38s
[342.728s][info][gc,marking     ] GC(910) Concurrent Mark From Roots 760.893ms
[342.728s][info][gc,marking     ] GC(910) Concurrent Mark Abort
[342.728s][info][gc             ] GC(910) Concurrent Cycle 761.610ms
[342.729s][info][gc,start       ] GC(914) Pause Young (Concurrent Start) (G1 Humongous Allocation)
[342.729s][info][gc,task        ] GC(914) Using 8 workers of 8 for evacuation
[342.730s][info][gc,phases      ] GC(914)   Pre Evacuate Collection Set: 0.1ms
[342.730s][info][gc,phases      ] GC(914)   Merge Heap Roots: 0.0ms
[342.730s][info][gc,phases      ] GC(914)   Evacuate Collection Set: 0.5ms
[342.730s][info][gc,phases      ] GC(914)   Post Evacuate Collection Set: 0.2ms
[342.730s][info][gc,phases      ] GC(914)   Other: 0.1ms
[342.730s][info][gc,heap        ] GC(914) Eden regions: 1->0(24)
[342.730s][info][gc,heap        ] GC(914) Survivor regions: 0->1(1)
[342.730s][info][gc,heap        ] GC(914) Old regions: 481->481
[342.730s][info][gc,heap        ] GC(914) Archive regions: 2->2
[342.730s][info][gc,heap        ] GC(914) Humongous regions: 27->27
[342.730s][info][gc,metaspace   ] GC(914) Metaspace: 44261K(45568K)->44261K(45568K) NonClass: 39030K(39936K)->39030K(39936K) Class: 5231K(5632K)->5231K(5632K)
[342.730s][info][gc             ] GC(914) Pause Young (Concurrent Start) (G1 Humongous Allocation) 508M->508M(512M) 1.018ms
[342.730s][info][gc,cpu         ] GC(914) User=0.01s Sys=0.00s Real=0.00s
[342.730s][info][gc             ] GC(915) Concurrent Cycle
[342.730s][info][gc,marking     ] GC(915) Concurrent Clear Claimed Marks
[342.730s][info][gc,marking     ] GC(915) Concurrent Clear Claimed Marks 0.022ms
[342.730s][info][gc,marking     ] GC(915) Concurrent Scan Root Regions
[342.730s][info][gc,marking     ] GC(915) Concurrent Scan Root Regions 0.409ms
[342.730s][info][gc,marking     ] GC(915) Concurrent Mark (342.730s)
[342.730s][info][gc,marking     ] GC(915) Concurrent Mark From Roots
[342.730s][info][gc,task        ] GC(915) Using 2 workers of 2 for marking
[342.731s][info][gc,start       ] GC(916) Pause Young (Normal) (G1 Humongous Allocation)
[342.731s][info][gc,task        ] GC(916) Using 8 workers of 8 for evacuation
[342.731s][info][gc             ] GC(916) To-space exhausted
[342.731s][info][gc,phases      ] GC(916)   Pre Evacuate Collection Set: 0.0ms
[342.731s][info][gc,phases      ] GC(916)   Merge Heap Roots: 0.0ms
[342.731s][info][gc,phases      ] GC(916)   Evacuate Collection Set: 0.2ms
[342.731s][info][gc,phases      ] GC(916)   Post Evacuate Collection Set: 0.2ms
[342.731s][info][gc,phases      ] GC(916)   Other: 0.1ms
[342.731s][info][gc,heap        ] GC(916) Eden regions: 1->0(25)
[342.731s][info][gc,heap        ] GC(916) Survivor regions: 1->0(0)
[342.731s][info][gc,heap        ] GC(916) Old regions: 481->483
[342.731s][info][gc,heap        ] GC(916) Archive regions: 2->2
[342.731s][info][gc,heap        ] GC(916) Humongous regions: 27->27
[342.731s][info][gc,metaspace   ] GC(916) Metaspace: 44261K(45568K)->44261K(45568K) NonClass: 39030K(39936K)->39030K(39936K) Class: 5231K(5632K)->5231K(5632K)
[342.731s][info][gc             ] GC(916) Pause Young (Normal) (G1 Humongous Allocation) 508M->508M(512M) 0.670ms
[342.731s][info][gc,cpu         ] GC(916) User=0.00s Sys=0.00s Real=0.00s
[342.731s][info][gc,task        ] GC(917) Using 8 workers of 8 for full compaction
[342.731s][info][gc,start       ] GC(917) Pause Full (G1 Humongous Allocation)
[342.732s][info][gc,phases,start] GC(917) Phase 1: Mark live objects
[342.961s][info][gc,phases      ] GC(917) Phase 1: Mark live objects 229.474ms
[342.961s][info][gc,phases,start] GC(917) Phase 2: Prepare for compaction
[342.993s][info][gc,phases      ] GC(917) Phase 2: Prepare for compaction 31.634ms
[342.993s][info][gc,phases,start] GC(917) Phase 3: Adjust pointers
[343.077s][info][gc,phases      ] GC(917) Phase 3: Adjust pointers 83.743ms
[343.077s][info][gc,phases,start] GC(917) Phase 4: Compact heap
[343.103s][info][gc,phases      ] GC(917) Phase 4: Compact heap 26.224ms
[343.108s][info][gc,heap        ] GC(917) Eden regions: 0->0(25)
[343.108s][info][gc,heap        ] GC(917) Survivor regions: 0->0(0)
[343.108s][info][gc,heap        ] GC(917) Old regions: 483->481
[343.108s][info][gc,heap        ] GC(917) Archive regions: 2->2
[343.108s][info][gc,heap        ] GC(917) Humongous regions: 27->27
[343.108s][info][gc,metaspace   ] GC(917) Metaspace: 44261K(45568K)->44261K(45568K) NonClass: 39030K(39936K)->39030K(39936K) Class: 5231K(5632K)->5231K(5632K)
[343.108s][info][gc             ] GC(917) Pause Full (G1 Humongous Allocation) 508M->508M(512M) 376.312ms
[343.109s][info][gc,cpu         ] GC(917) User=2.66s Sys=0.03s Real=0.38s
[343.109s][info][gc,task        ] GC(918) Using 8 workers of 8 for full compaction
[343.109s][info][gc,start       ] GC(918) Pause Full (G1 Humongous Allocation)
[343.109s][info][gc,phases,start] GC(918) Phase 1: Mark live objects
[343.332s][info][gc,phases      ] GC(918) Phase 1: Mark live objects 223.255ms
[343.332s][info][gc,phases,start] GC(918) Phase 2: Prepare for compaction
[343.362s][info][gc,phases      ] GC(918) Phase 2: Prepare for compaction 29.670ms
[343.362s][info][gc,phases,start] GC(918) Phase 3: Adjust pointers
[343.445s][info][gc,phases      ] GC(918) Phase 3: Adjust pointers 83.284ms
[343.445s][info][gc,phases,start] GC(918) Phase 4: Compact heap
[343.469s][info][gc,phases      ] GC(918) Phase 4: Compact heap 23.709ms
[343.474s][info][gc,heap        ] GC(918) Eden regions: 0->0(25)
[343.474s][info][gc,heap        ] GC(918) Survivor regions: 0->0(0)
[343.474s][info][gc,heap        ] GC(918) Old regions: 481->481
[343.474s][info][gc,heap        ] GC(918) Archive regions: 2->2
[343.474s][info][gc,heap        ] GC(918) Humongous regions: 27->27
[343.474s][info][gc,metaspace   ] GC(918) Metaspace: 44261K(45568K)->44261K(45568K) NonClass: 39030K(39936K)->39030K(39936K) Class: 5231K(5632K)->5231K(5632K)
[343.474s][info][gc             ] GC(918) Pause Full (G1 Humongous Allocation) 508M->508M(512M) 365.565ms
[343.476s][info][gc,cpu         ] GC(918) User=2.61s Sys=0.02s Real=0.37s
[343.476s][info][gc,marking     ] GC(915) Concurrent Mark From Roots 745.262ms
[343.476s][info][gc,marking     ] GC(915) Concurrent Mark Abort
[343.476s][info][gc             ] GC(915) Concurrent Cycle 745.795ms
[343.476s][info][gc,start       ] GC(919) Pause Young (Concurrent Start) (G1 Humongous Allocation)
[343.476s][info][gc,task        ] GC(919) Using 8 workers of 8 for evacuation
[343.477s][info][gc,phases      ] GC(919)   Pre Evacuate Collection Set: 0.1ms
[343.477s][info][gc,phases      ] GC(919)   Merge Heap Roots: 0.0ms
[343.477s][info][gc,phases      ] GC(919)   Evacuate Collection Set: 0.5ms
[343.477s][info][gc,phases      ] GC(919)   Post Evacuate Collection Set: 0.1ms
[343.477s][info][gc,phases      ] GC(919)   Other: 0.1ms
[343.477s][info][gc,heap        ] GC(919) Eden regions: 0->0(25)
[343.477s][info][gc,heap        ] GC(919) Survivor regions: 0->0(2)
[343.477s][info][gc,heap        ] GC(919) Old regions: 481->481
[343.477s][info][gc,heap        ] GC(919) Archive regions: 2->2
[343.477s][info][gc,heap        ] GC(919) Humongous regions: 27->27
[343.477s][info][gc,metaspace   ] GC(919) Metaspace: 44261K(45568K)->44261K(45568K) NonClass: 39030K(39936K)->39030K(39936K) Class: 5231K(5632K)->5231K(5632K)
[343.477s][info][gc             ] GC(919) Pause Young (Concurrent Start) (G1 Humongous Allocation) 508M->508M(512M) 0.977ms
[343.477s][info][gc,cpu         ] GC(919) User=0.00s Sys=0.00s Real=0.00s
[343.477s][info][gc             ] GC(920) Concurrent Cycle
[343.477s][info][gc,marking     ] GC(920) Concurrent Clear Claimed Marks
[343.477s][info][gc,marking     ] GC(920) Concurrent Clear Claimed Marks 0.017ms
[343.477s][info][gc,marking     ] GC(920) Concurrent Scan Root Regions
[343.477s][info][gc,marking     ] GC(920) Concurrent Scan Root Regions 0.008ms
[343.477s][info][gc,marking     ] GC(920) Concurrent Mark (343.477s)
[343.477s][info][gc,marking     ] GC(920) Concurrent Mark From Roots
[343.477s][info][gc,task        ] GC(920) Using 2 workers of 2 for marking
[343.479s][info][gc,start       ] GC(921) Pause Young (Normal) (G1 Humongous Allocation)
[343.479s][info][gc,task        ] GC(921) Using 8 workers of 8 for evacuation
[343.479s][info][gc,phases      ] GC(921)   Pre Evacuate Collection Set: 0.1ms
[343.479s][info][gc,phases      ] GC(921)   Merge Heap Roots: 0.0ms
[343.479s][info][gc,phases      ] GC(921)   Evacuate Collection Set: 0.2ms
[343.479s][info][gc,phases      ] GC(921)   Post Evacuate Collection Set: 0.2ms
[343.479s][info][gc,phases      ] GC(921)   Other: 0.1ms
[343.479s][info][gc,heap        ] GC(921) Eden regions: 1->0(24)
[343.479s][info][gc,heap        ] GC(921) Survivor regions: 0->1(1)
[343.479s][info][gc,heap        ] GC(921) Old regions: 481->481
[343.479s][info][gc,heap        ] GC(921) Archive regions: 2->2
[343.479s][info][gc,heap        ] GC(921) Humongous regions: 27->27
[343.479s][info][gc,metaspace   ] GC(921) Metaspace: 44261K(45568K)->44261K(45568K) NonClass: 39030K(39936K)->39030K(39936K) Class: 5231K(5632K)->5231K(5632K)
[343.479s][info][gc             ] GC(921) Pause Young (Normal) (G1 Humongous Allocation) 508M->508M(512M) 0.667ms
[343.479s][info][gc,cpu         ] GC(921) User=0.00s Sys=0.01s Real=0.00s
[343.479s][info][gc,task        ] GC(922) Using 8 workers of 8 for full compaction
[343.479s][info][gc,start       ] GC(922) Pause Full (G1 Humongous Allocation)
[343.480s][info][gc,phases,start] GC(922) Phase 1: Mark live objects
[343.702s][info][gc,phases      ] GC(922) Phase 1: Mark live objects 222.543ms
[343.703s][info][gc,phases,start] GC(922) Phase 2: Prepare for compaction
[343.731s][info][gc,phases      ] GC(922) Phase 2: Prepare for compaction 27.994ms
[343.731s][info][gc,phases,start] GC(922) Phase 3: Adjust pointers
[343.813s][info][gc,phases      ] GC(922) Phase 3: Adjust pointers 82.263ms
[343.813s][info][gc,phases,start] GC(922) Phase 4: Compact heap
[343.838s][info][gc,phases      ] GC(922) Phase 4: Compact heap 25.158ms
[343.842s][info][gc,heap        ] GC(922) Eden regions: 0->0(25)
[343.842s][info][gc,heap        ] GC(922) Survivor regions: 1->0(1)
[343.842s][info][gc,heap        ] GC(922) Old regions: 481->482
[343.842s][info][gc,heap        ] GC(922) Archive regions: 2->2
[343.842s][info][gc,heap        ] GC(922) Humongous regions: 27->27
[343.842s][info][gc,metaspace   ] GC(922) Metaspace: 44261K(45568K)->44261K(45568K) NonClass: 39030K(39936K)->39030K(39936K) Class: 5231K(5632K)->5231K(5632K)
[343.842s][info][gc             ] GC(922) Pause Full (G1 Humongous Allocation) 508M->508M(512M) 363.073ms
[343.844s][info][gc,cpu         ] GC(922) User=2.60s Sys=0.02s Real=0.36s
[343.844s][info][gc,task        ] GC(923) Using 8 workers of 8 for full compaction
[343.844s][info][gc,start       ] GC(923) Pause Full (G1 Humongous Allocation)
[343.844s][info][gc,phases,start] GC(923) Phase 1: Mark live objects
[344.069s][info][gc,phases      ] GC(923) Phase 1: Mark live objects 225.202ms
[344.069s][info][gc,phases,start] GC(923) Phase 2: Prepare for compaction
[344.097s][info][gc,phases      ] GC(923) Phase 2: Prepare for compaction 27.443ms
[344.097s][info][gc,phases,start] GC(923) Phase 3: Adjust pointers
[344.178s][info][gc,phases      ] GC(923) Phase 3: Adjust pointers 81.514ms
[344.178s][info][gc,phases,start] GC(923) Phase 4: Compact heap
[344.205s][info][gc,phases      ] GC(923) Phase 4: Compact heap 26.582ms
[344.209s][info][gc,heap        ] GC(923) Eden regions: 0->0(25)
[344.209s][info][gc,heap        ] GC(923) Survivor regions: 0->0(1)
[344.209s][info][gc,heap        ] GC(923) Old regions: 482->482
[344.209s][info][gc,heap        ] GC(923) Archive regions: 2->2
[344.209s][info][gc,heap        ] GC(923) Humongous regions: 27->27
[344.209s][info][gc,metaspace   ] GC(923) Metaspace: 44261K(45568K)->44261K(45568K) NonClass: 39030K(39936K)->39030K(39936K) Class: 5231K(5632K)->5231K(5632K)
[344.209s][info][gc             ] GC(923) Pause Full (G1 Humongous Allocation) 508M->508M(512M) 365.297ms
[344.211s][info][gc,cpu         ] GC(923) User=2.57s Sys=0.04s Real=0.37s
[344.211s][info][gc,marking     ] GC(920) Concurrent Mark From Roots 733.271ms
[344.211s][info][gc,marking     ] GC(920) Concurrent Mark Abort
[344.211s][info][gc             ] GC(920) Concurrent Cycle 733.427ms
[344.211s][info][gc,start       ] GC(924) Pause Young (Normal) (G1 Humongous Allocation)
[344.211s][info][gc,task        ] GC(924) Using 8 workers of 8 for evacuation
[344.212s][info][gc             ] GC(924) To-space exhausted
[344.212s][info][gc,phases      ] GC(924)   Pre Evacuate Collection Set: 0.1ms
[344.212s][info][gc,phases      ] GC(924)   Merge Heap Roots: 0.0ms
[344.212s][info][gc,phases      ] GC(924)   Evacuate Collection Set: 0.2ms
[344.212s][info][gc,phases      ] GC(924)   Post Evacuate Collection Set: 0.3ms
[344.212s][info][gc,phases      ] GC(924)   Other: 0.1ms
[344.212s][info][gc,heap        ] GC(924) Eden regions: 1->0(25)
[344.212s][info][gc,heap        ] GC(924) Survivor regions: 0->0(0)
[344.212s][info][gc,heap        ] GC(924) Old regions: 482->483
[344.212s][info][gc,heap        ] GC(924) Archive regions: 2->2
[344.212s][info][gc,heap        ] GC(924) Humongous regions: 27->27
[344.212s][info][gc,metaspace   ] GC(924) Metaspace: 44261K(45568K)->44261K(45568K) NonClass: 39030K(39936K)->39030K(39936K) Class: 5231K(5632K)->5231K(5632K)
[344.212s][info][gc             ] GC(924) Pause Young (Normal) (G1 Humongous Allocation) 508M->508M(512M) 0.781ms
[344.212s][info][gc,cpu         ] GC(924) User=0.00s Sys=0.00s Real=0.00s
[344.212s][info][gc,task        ] GC(925) Using 8 workers of 8 for full compaction
[344.212s][info][gc,start       ] GC(925) Pause Full (G1 Humongous Allocation)
[344.212s][info][gc,phases,start] GC(925) Phase 1: Mark live objects
[344.441s][info][gc,phases      ] GC(925) Phase 1: Mark live objects 228.800ms
[344.441s][info][gc,phases,start] GC(925) Phase 2: Prepare for compaction
[344.469s][info][gc,phases      ] GC(925) Phase 2: Prepare for compaction 28.326ms
[344.469s][info][gc,phases,start] GC(925) Phase 3: Adjust pointers
[344.555s][info][gc,phases      ] GC(925) Phase 3: Adjust pointers 85.938ms
[344.555s][info][gc,phases,start] GC(925) Phase 4: Compact heap
[344.578s][info][gc,phases      ] GC(925) Phase 4: Compact heap 22.973ms
[344.583s][info][gc,heap        ] GC(925) Eden regions: 0->0(25)
[344.583s][info][gc,heap        ] GC(925) Survivor regions: 0->0(0)
[344.583s][info][gc,heap        ] GC(925) Old regions: 483->482
[344.583s][info][gc,heap        ] GC(925) Archive regions: 2->2
[344.583s][info][gc,heap        ] GC(925) Humongous regions: 27->27
[344.583s][info][gc,metaspace   ] GC(925) Metaspace: 44261K(45568K)->44261K(45568K) NonClass: 39030K(39936K)->39030K(39936K) Class: 5231K(5632K)->5231K(5632K)
[344.583s][info][gc             ] GC(925) Pause Full (G1 Humongous Allocation) 508M->508M(512M) 370.879ms
[344.584s][info][gc,cpu         ] GC(925) User=2.57s Sys=0.02s Real=0.37s
[344.584s][info][gc,task        ] GC(926) Using 8 workers of 8 for full compaction
[344.584s][info][gc,start       ] GC(926) Pause Full (G1 Humongous Allocation)
[344.584s][info][gc,phases,start] GC(926) Phase 1: Mark live objects
[344.812s][info][gc,phases      ] GC(926) Phase 1: Mark live objects 228.224ms
[344.812s][info][gc,phases,start] GC(926) Phase 2: Prepare for compaction
[344.840s][info][gc,phases      ] GC(926) Phase 2: Prepare for compaction 27.459ms
[344.840s][info][gc,phases,start] GC(926) Phase 3: Adjust pointers
[344.924s][info][gc,phases      ] GC(926) Phase 3: Adjust pointers 84.569ms
[344.924s][info][gc,phases,start] GC(926) Phase 4: Compact heap
[344.949s][info][gc,phases      ] GC(926) Phase 4: Compact heap 24.832ms
[344.953s][info][gc,heap        ] GC(926) Eden regions: 0->0(25)
[344.953s][info][gc,heap        ] GC(926) Survivor regions: 0->0(0)
[344.953s][info][gc,heap        ] GC(926) Old regions: 482->482
[344.953s][info][gc,heap        ] GC(926) Archive regions: 2->2
[344.953s][info][gc,heap        ] GC(926) Humongous regions: 27->27
[344.953s][info][gc,metaspace   ] GC(926) Metaspace: 44261K(45568K)->44261K(45568K) NonClass: 39030K(39936K)->39030K(39936K) Class: 5231K(5632K)->5231K(5632K)
[344.953s][info][gc             ] GC(926) Pause Full (G1 Humongous Allocation) 508M->508M(512M) 369.687ms
[344.955s][info][gc,cpu         ] GC(926) User=2.57s Sys=0.06s Real=0.37s
[344.956s][info][gc,start       ] GC(927) Pause Young (Concurrent Start) (G1 Humongous Allocation)
[344.956s][info][gc,task        ] GC(927) Using 8 workers of 8 for evacuation
[344.956s][info][gc,phases      ] GC(927)   Pre Evacuate Collection Set: 0.1ms
[344.956s][info][gc,phases      ] GC(927)   Merge Heap Roots: 0.0ms
[344.956s][info][gc,phases      ] GC(927)   Evacuate Collection Set: 0.5ms
[344.956s][info][gc,phases      ] GC(927)   Post Evacuate Collection Set: 0.1ms
[344.956s][info][gc,phases      ] GC(927)   Other: 0.1ms
[344.956s][info][gc,heap        ] GC(927) Eden regions: 0->0(25)
[344.957s][info][gc,heap        ] GC(927) Survivor regions: 0->0(1)
[344.957s][info][gc,heap        ] GC(927) Old regions: 482->482
[344.957s][info][gc,heap        ] GC(927) Archive regions: 2->2
[344.957s][info][gc,heap        ] GC(927) Humongous regions: 27->27
[344.957s][info][gc,metaspace   ] GC(927) Metaspace: 44261K(45568K)->44261K(45568K) NonClass: 39030K(39936K)->39030K(39936K) Class: 5231K(5632K)->5231K(5632K)
[344.957s][info][gc             ] GC(927) Pause Young (Concurrent Start) (G1 Humongous Allocation) 508M->508M(512M) 0.972ms
[344.957s][info][gc,cpu         ] GC(927) User=0.00s Sys=0.00s Real=0.00s
[344.957s][info][gc             ] GC(928) Concurrent Cycle
[344.957s][info][gc,marking     ] GC(928) Concurrent Clear Claimed Marks
[344.957s][info][gc,marking     ] GC(928) Concurrent Clear Claimed Marks 0.016ms
[344.957s][info][gc,marking     ] GC(928) Concurrent Scan Root Regions
[344.957s][info][gc,marking     ] GC(928) Concurrent Scan Root Regions 0.012ms
[344.957s][info][gc,marking     ] GC(928) Concurrent Mark (344.957s)
[344.957s][info][gc,marking     ] GC(928) Concurrent Mark From Roots
[344.957s][info][gc,task        ] GC(928) Using 2 workers of 2 for marking
[344.957s][info][gc,start       ] GC(929) Pause Young (Normal) (G1 Humongous Allocation)
[344.957s][info][gc,task        ] GC(929) Using 8 workers of 8 for evacuation
[344.957s][info][gc,phases      ] GC(929)   Pre Evacuate Collection Set: 0.0ms
[344.957s][info][gc,phases      ] GC(929)   Merge Heap Roots: 0.0ms
[344.957s][info][gc,phases      ] GC(929)   Evacuate Collection Set: 0.2ms
[344.957s][info][gc,phases      ] GC(929)   Post Evacuate Collection Set: 0.1ms
[344.957s][info][gc,phases      ] GC(929)   Other: 0.1ms
[344.957s][info][gc,heap        ] GC(929) Eden regions: 0->0(25)
[344.957s][info][gc,heap        ] GC(929) Survivor regions: 0->0(1)
[344.957s][info][gc,heap        ] GC(929) Old regions: 482->482
[344.957s][info][gc,heap        ] GC(929) Archive regions: 2->2
[344.957s][info][gc,heap        ] GC(929) Humongous regions: 27->27
[344.957s][info][gc,metaspace   ] GC(929) Metaspace: 44261K(45568K)->44261K(45568K) NonClass: 39030K(39936K)->39030K(39936K) Class: 5231K(5632K)->5231K(5632K)
[344.957s][info][gc             ] GC(929) Pause Young (Normal) (G1 Humongous Allocation) 508M->508M(512M) 0.502ms
[344.957s][info][gc,cpu         ] GC(929) User=0.01s Sys=0.00s Real=0.00s
[344.957s][info][gc,task        ] GC(930) Using 8 workers of 8 for full compaction
[344.957s][info][gc,start       ] GC(930) Pause Full (G1 Humongous Allocation)
[344.958s][info][gc,phases,start] GC(930) Phase 1: Mark live objects
[345.178s][info][gc,phases      ] GC(930) Phase 1: Mark live objects 220.259ms
[345.178s][info][gc,phases,start] GC(930) Phase 2: Prepare for compaction
[345.207s][info][gc,phases      ] GC(930) Phase 2: Prepare for compaction 28.472ms
[345.207s][info][gc,phases,start] GC(930) Phase 3: Adjust pointers
[345.289s][info][gc,phases      ] GC(930) Phase 3: Adjust pointers 82.118ms
[345.289s][info][gc,phases,start] GC(930) Phase 4: Compact heap
[345.316s][info][gc,phases      ] GC(930) Phase 4: Compact heap 27.099ms
[345.320s][info][gc,heap        ] GC(930) Eden regions: 0->0(25)
[345.320s][info][gc,heap        ] GC(930) Survivor regions: 0->0(1)
[345.320s][info][gc,heap        ] GC(930) Old regions: 482->481
[345.320s][info][gc,heap        ] GC(930) Archive regions: 2->2
[345.320s][info][gc,heap        ] GC(930) Humongous regions: 27->27
[345.320s][info][gc,metaspace   ] GC(930) Metaspace: 44261K(45568K)->44261K(45568K) NonClass: 39030K(39936K)->39030K(39936K) Class: 5231K(5632K)->5231K(5632K)
[345.320s][info][gc             ] GC(930) Pause Full (G1 Humongous Allocation) 508M->508M(512M) 363.131ms
[345.322s][info][gc,cpu         ] GC(930) User=2.57s Sys=0.02s Real=0.36s
[345.322s][info][gc,task        ] GC(931) Using 8 workers of 8 for full compaction
[345.322s][info][gc,start       ] GC(931) Pause Full (G1 Humongous Allocation)
[345.322s][info][gc,phases,start] GC(931) Phase 1: Mark live objects
[345.546s][info][gc,phases      ] GC(931) Phase 1: Mark live objects 224.029ms
[345.546s][info][gc,phases,start] GC(931) Phase 2: Prepare for compaction
[345.577s][info][gc,phases      ] GC(931) Phase 2: Prepare for compaction 30.489ms
[345.577s][info][gc,phases,start] GC(931) Phase 3: Adjust pointers
[345.658s][info][gc,phases      ] GC(931) Phase 3: Adjust pointers 81.140ms
[345.658s][info][gc,phases,start] GC(931) Phase 4: Compact heap
[345.684s][info][gc,phases      ] GC(931) Phase 4: Compact heap 26.092ms
[345.688s][info][gc,heap        ] GC(931) Eden regions: 0->0(25)
[345.688s][info][gc,heap        ] GC(931) Survivor regions: 0->0(1)
[345.688s][info][gc,heap        ] GC(931) Old regions: 481->481
[345.688s][info][gc,heap        ] GC(931) Archive regions: 2->2
[345.688s][info][gc,heap        ] GC(931) Humongous regions: 27->27
[345.688s][info][gc,metaspace   ] GC(931) Metaspace: 44261K(45568K)->44261K(45568K) NonClass: 39030K(39936K)->39030K(39936K) Class: 5231K(5632K)->5231K(5632K)
[345.688s][info][gc             ] GC(931) Pause Full (G1 Humongous Allocation) 508M->508M(512M) 366.337ms
[345.689s][info][gc,cpu         ] GC(931) User=2.58s Sys=0.02s Real=0.37s
[345.690s][info][gc,marking     ] GC(928) Concurrent Mark From Roots 732.860ms
[345.690s][info][gc,marking     ] GC(928) Concurrent Mark Abort
[345.690s][info][gc             ] GC(928) Concurrent Cycle 732.975ms
[345.690s][info][gc,start       ] GC(932) Pause Young (Concurrent Start) (G1 Humongous Allocation)
[345.690s][info][gc,task        ] GC(932) Using 8 workers of 8 for evacuation
[345.691s][info][gc,phases      ] GC(932)   Pre Evacuate Collection Set: 0.1ms
[345.691s][info][gc,phases      ] GC(932)   Merge Heap Roots: 0.0ms
[345.691s][info][gc,phases      ] GC(932)   Evacuate Collection Set: 0.5ms
[345.691s][info][gc,phases      ] GC(932)   Post Evacuate Collection Set: 0.2ms
[345.691s][info][gc,phases      ] GC(932)   Other: 0.1ms
[345.691s][info][gc,heap        ] GC(932) Eden regions: 1->0(24)
[345.691s][info][gc,heap        ] GC(932) Survivor regions: 0->1(1)
[345.691s][info][gc,heap        ] GC(932) Old regions: 481->481
[345.691s][info][gc,heap        ] GC(932) Archive regions: 2->2
[345.691s][info][gc,heap        ] GC(932) Humongous regions: 27->27
[345.691s][info][gc,metaspace   ] GC(932) Metaspace: 44261K(45568K)->44261K(45568K) NonClass: 39030K(39936K)->39030K(39936K) Class: 5231K(5632K)->5231K(5632K)
[345.691s][info][gc             ] GC(932) Pause Young (Concurrent Start) (G1 Humongous Allocation) 508M->508M(512M) 1.042ms
[345.691s][info][gc,cpu         ] GC(932) User=0.01s Sys=0.00s Real=0.00s
[345.691s][info][gc             ] GC(933) Concurrent Cycle
[345.691s][info][gc,marking     ] GC(933) Concurrent Clear Claimed Marks
[345.691s][info][gc,marking     ] GC(933) Concurrent Clear Claimed Marks 0.015ms
[345.691s][info][gc,marking     ] GC(933) Concurrent Scan Root Regions
[345.691s][info][gc,marking     ] GC(933) Concurrent Scan Root Regions 0.409ms
[345.691s][info][gc,marking     ] GC(933) Concurrent Mark (345.691s)
[345.691s][info][gc,marking     ] GC(933) Concurrent Mark From Roots
[345.691s][info][gc,task        ] GC(933) Using 2 workers of 2 for marking
[345.691s][info][gc,start       ] GC(934) Pause Young (Normal) (G1 Humongous Allocation)
[345.691s][info][gc,task        ] GC(934) Using 8 workers of 8 for evacuation
[345.692s][info][gc             ] GC(934) To-space exhausted
[345.692s][info][gc,phases      ] GC(934)   Pre Evacuate Collection Set: 0.3ms
[345.692s][info][gc,phases      ] GC(934)   Merge Heap Roots: 0.0ms
[345.692s][info][gc,phases      ] GC(934)   Evacuate Collection Set: 0.2ms
[345.692s][info][gc,phases      ] GC(934)   Post Evacuate Collection Set: 0.2ms
[345.692s][info][gc,phases      ] GC(934)   Other: 0.1ms
[345.692s][info][gc,heap        ] GC(934) Eden regions: 1->0(25)
[345.692s][info][gc,heap        ] GC(934) Survivor regions: 1->0(0)
[345.692s][info][gc,heap        ] GC(934) Old regions: 481->483
[345.692s][info][gc,heap        ] GC(934) Archive regions: 2->2
[345.692s][info][gc,heap        ] GC(934) Humongous regions: 27->27
[345.692s][info][gc,metaspace   ] GC(934) Metaspace: 44261K(45568K)->44261K(45568K) NonClass: 39030K(39936K)->39030K(39936K) Class: 5231K(5632K)->5231K(5632K)
[345.692s][info][gc             ] GC(934) Pause Young (Normal) (G1 Humongous Allocation) 508M->508M(512M) 0.586ms
[345.692s][info][gc,cpu         ] GC(934) User=0.00s Sys=0.00s Real=0.00s
[345.692s][info][gc,task        ] GC(935) Using 8 workers of 8 for full compaction
[345.692s][info][gc,start       ] GC(935) Pause Full (G1 Humongous Allocation)
[345.693s][info][gc,phases,start] GC(935) Phase 1: Mark live objects
[345.913s][info][gc,phases      ] GC(935) Phase 1: Mark live objects 220.443ms
[345.913s][info][gc,phases,start] GC(935) Phase 2: Prepare for compaction
[345.946s][info][gc,phases      ] GC(935) Phase 2: Prepare for compaction 33.402ms
[345.946s][info][gc,phases,start] GC(935) Phase 3: Adjust pointers
[346.070s][info][gc,phases      ] GC(935) Phase 3: Adjust pointers 123.737ms
[346.070s][info][gc,phases,start] GC(935) Phase 4: Compact heap
[346.110s][info][gc,phases      ] GC(935) Phase 4: Compact heap 39.938ms
[346.115s][info][gc,heap        ] GC(935) Eden regions: 0->0(25)
[346.115s][info][gc,heap        ] GC(935) Survivor regions: 0->0(0)
[346.115s][info][gc,heap        ] GC(935) Old regions: 483->482
[346.115s][info][gc,heap        ] GC(935) Archive regions: 2->2
[346.115s][info][gc,heap        ] GC(935) Humongous regions: 27->27
[346.116s][info][gc,metaspace   ] GC(935) Metaspace: 44261K(45568K)->44261K(45568K) NonClass: 39030K(39936K)->39030K(39936K) Class: 5231K(5632K)->5231K(5632K)
[346.116s][info][gc             ] GC(935) Pause Full (G1 Humongous Allocation) 508M->508M(512M) 423.563ms
[346.118s][info][gc,cpu         ] GC(935) User=2.59s Sys=0.02s Real=0.43s
[346.118s][info][gc,task        ] GC(936) Using 8 workers of 8 for full compaction
[346.118s][info][gc,start       ] GC(936) Pause Full (G1 Humongous Allocation)
[346.118s][info][gc,phases,start] GC(936) Phase 1: Mark live objects
[346.392s][info][gc,phases      ] GC(936) Phase 1: Mark live objects 274.504ms
[346.392s][info][gc,phases,start] GC(936) Phase 2: Prepare for compaction
[346.422s][info][gc,phases      ] GC(936) Phase 2: Prepare for compaction 29.618ms
[346.422s][info][gc,phases,start] GC(936) Phase 3: Adjust pointers
[346.513s][info][gc,phases      ] GC(936) Phase 3: Adjust pointers 90.658ms
[346.513s][info][gc,phases,start] GC(936) Phase 4: Compact heap
[346.540s][info][gc,phases      ] GC(936) Phase 4: Compact heap 27.307ms
[346.545s][info][gc,heap        ] GC(936) Eden regions: 0->0(25)
[346.545s][info][gc,heap        ] GC(936) Survivor regions: 0->0(0)
[346.545s][info][gc,heap        ] GC(936) Old regions: 482->482
[346.545s][info][gc,heap        ] GC(936) Archive regions: 2->2
[346.545s][info][gc,heap        ] GC(936) Humongous regions: 27->27
[346.545s][info][gc,metaspace   ] GC(936) Metaspace: 44261K(45568K)->44261K(45568K) NonClass: 39030K(39936K)->39030K(39936K) Class: 5231K(5632K)->5231K(5632K)
[346.545s][info][gc             ] GC(936) Pause Full (G1 Humongous Allocation) 508M->508M(512M) 426.777ms
[346.546s][info][gc,cpu         ] GC(936) User=2.64s Sys=0.03s Real=0.43s
[346.546s][info][gc,marking     ] GC(933) Concurrent Mark From Roots 855.028ms
[346.547s][info][gc,marking     ] GC(933) Concurrent Mark Abort
[346.547s][info][gc             ] GC(933) Concurrent Cycle 855.777ms
[346.547s][info][gc,start       ] GC(937) Pause Young (Normal) (G1 Evacuation Pause)
[346.547s][info][gc,task        ] GC(937) Using 8 workers of 8 for evacuation
[346.548s][info][gc             ] GC(937) To-space exhausted
[346.548s][info][gc,phases      ] GC(937)   Pre Evacuate Collection Set: 0.1ms
[346.548s][info][gc,phases      ] GC(937)   Merge Heap Roots: 0.0ms
[346.548s][info][gc,phases      ] GC(937)   Evacuate Collection Set: 0.3ms
[346.548s][info][gc,phases      ] GC(937)   Post Evacuate Collection Set: 0.5ms
[346.548s][info][gc,phases      ] GC(937)   Other: 0.1ms
[346.548s][info][gc,heap        ] GC(937) Eden regions: 1->0(25)
[346.548s][info][gc,heap        ] GC(937) Survivor regions: 0->0(0)
[346.548s][info][gc,heap        ] GC(937) Old regions: 482->483
[346.548s][info][gc,heap        ] GC(937) Archive regions: 2->2
[346.548s][info][gc,heap        ] GC(937) Humongous regions: 27->27
[346.548s][info][gc,metaspace   ] GC(937) Metaspace: 44261K(45568K)->44261K(45568K) NonClass: 39030K(39936K)->39030K(39936K) Class: 5231K(5632K)->5231K(5632K)
[346.548s][info][gc             ] GC(937) Pause Young (Normal) (G1 Evacuation Pause) 509M->509M(512M) 1.064ms
[346.548s][info][gc,cpu         ] GC(937) User=0.00s Sys=0.00s Real=0.00s
[346.548s][info][gc,ergo        ] Attempting maximally compacting collection
[346.548s][info][gc,task        ] GC(938) Using 8 workers of 8 for full compaction
[346.548s][info][gc,start       ] GC(938) Pause Full (G1 Evacuation Pause)
[346.548s][info][gc,phases,start] GC(938) Phase 1: Mark live objects
[346.778s][info][gc,phases      ] GC(938) Phase 1: Mark live objects 230.197ms
[346.778s][info][gc,phases,start] GC(938) Phase 2: Prepare for compaction
[346.808s][info][gc,phases      ] GC(938) Phase 2: Prepare for compaction 29.985ms
[346.808s][info][gc,phases,start] GC(938) Phase 3: Adjust pointers
[346.896s][info][gc,phases      ] GC(938) Phase 3: Adjust pointers 87.988ms
[346.896s][info][gc,phases,start] GC(938) Phase 4: Compact heap
[346.926s][info][gc,phases      ] GC(938) Phase 4: Compact heap 29.955ms
[346.931s][info][gc,heap        ] GC(938) Eden regions: 0->0(25)
[346.931s][info][gc,heap        ] GC(938) Survivor regions: 0->0(0)
[346.931s][info][gc,heap        ] GC(938) Old regions: 483->482
[346.931s][info][gc,heap        ] GC(938) Archive regions: 2->2
[346.931s][info][gc,heap        ] GC(938) Humongous regions: 27->27
[346.931s][info][gc,metaspace   ] GC(938) Metaspace: 44261K(45568K)->44261K(45568K) NonClass: 39030K(39936K)->39030K(39936K) Class: 5231K(5632K)->5231K(5632K)
[346.931s][info][gc             ] GC(938) Pause Full (G1 Evacuation Pause) 509M->508M(512M) 383.255ms
[346.933s][info][gc,cpu         ] GC(938) User=2.67s Sys=0.03s Real=0.38s
[346.936s][info][gc,start       ] GC(939) Pause Young (Concurrent Start) (G1 Humongous Allocation)
[346.936s][info][gc,task        ] GC(939) Using 8 workers of 8 for evacuation
[346.938s][info][gc             ] GC(939) To-space exhausted
[346.938s][info][gc,phases      ] GC(939)   Pre Evacuate Collection Set: 0.1ms
[346.938s][info][gc,phases      ] GC(939)   Merge Heap Roots: 0.0ms
[346.938s][info][gc,phases      ] GC(939)   Evacuate Collection Set: 0.9ms
[346.938s][info][gc,phases      ] GC(939)   Post Evacuate Collection Set: 1.1ms
[346.938s][info][gc,phases      ] GC(939)   Other: 0.2ms
[346.938s][info][gc,heap        ] GC(939) Eden regions: 1->0(25)
[346.938s][info][gc,heap        ] GC(939) Survivor regions: 0->0(0)
[346.938s][info][gc,heap        ] GC(939) Old regions: 482->483
[346.938s][info][gc,heap        ] GC(939) Archive regions: 2->2
[346.938s][info][gc,heap        ] GC(939) Humongous regions: 27->27
[346.938s][info][gc,metaspace   ] GC(939) Metaspace: 44265K(45568K)->44265K(45568K) NonClass: 39033K(39936K)->39033K(39936K) Class: 5231K(5632K)->5231K(5632K)
[346.938s][info][gc             ] GC(939) Pause Young (Concurrent Start) (G1 Humongous Allocation) 509M->509M(512M) 2.501ms
[346.938s][info][gc,cpu         ] GC(939) User=0.01s Sys=0.00s Real=0.00s
[346.938s][info][gc,task        ] GC(940) Using 8 workers of 8 for full compaction
[346.938s][info][gc,start       ] GC(940) Pause Full (G1 Humongous Allocation)
[346.938s][info][gc             ] GC(941) Concurrent Cycle
[346.938s][info][gc,marking     ] GC(941) Concurrent Clear Claimed Marks
[346.938s][info][gc,marking     ] GC(941) Concurrent Clear Claimed Marks 0.108ms
[346.938s][info][gc,marking     ] GC(941) Concurrent Scan Root Regions
[346.938s][info][gc,marking     ] GC(941) Concurrent Scan Root Regions 0.024ms
[346.938s][info][gc,marking     ] GC(941) Concurrent Mark (346.938s)
[346.939s][info][gc,marking     ] GC(941) Concurrent Mark From Roots
[346.939s][info][gc,task        ] GC(941) Using 2 workers of 2 for marking
[346.939s][info][gc,phases,start] GC(940) Phase 1: Mark live objects
[347.190s][info][gc,phases      ] GC(940) Phase 1: Mark live objects 251.249ms
[347.190s][info][gc,phases,start] GC(940) Phase 2: Prepare for compaction
[347.222s][info][gc,phases      ] GC(940) Phase 2: Prepare for compaction 31.698ms
[347.222s][info][gc,phases,start] GC(940) Phase 3: Adjust pointers
[347.305s][info][gc,phases      ] GC(940) Phase 3: Adjust pointers 83.531ms
[347.305s][info][gc,phases,start] GC(940) Phase 4: Compact heap
[347.331s][info][gc,phases      ] GC(940) Phase 4: Compact heap 25.361ms
[347.335s][info][gc,heap        ] GC(940) Eden regions: 0->0(25)
[347.336s][info][gc,heap        ] GC(940) Survivor regions: 0->0(0)
[347.336s][info][gc,heap        ] GC(940) Old regions: 483->481
[347.336s][info][gc,heap        ] GC(940) Archive regions: 2->2
[347.336s][info][gc,heap        ] GC(940) Humongous regions: 27->27
[347.336s][info][gc,metaspace   ] GC(940) Metaspace: 44265K(45568K)->44265K(45568K) NonClass: 39033K(39936K)->39033K(39936K) Class: 5231K(5632K)->5231K(5632K)
[347.336s][info][gc             ] GC(940) Pause Full (G1 Humongous Allocation) 509M->508M(512M) 397.324ms
[347.337s][info][gc,cpu         ] GC(940) User=2.61s Sys=0.04s Real=0.40s
[347.337s][info][gc,task        ] GC(942) Using 8 workers of 8 for full compaction
[347.337s][info][gc,start       ] GC(942) Pause Full (G1 Humongous Allocation)
[347.337s][info][gc,phases,start] GC(942) Phase 1: Mark live objects
[347.572s][info][gc,phases      ] GC(942) Phase 1: Mark live objects 235.146ms
[347.572s][info][gc,phases,start] GC(942) Phase 2: Prepare for compaction
[347.604s][info][gc,phases      ] GC(942) Phase 2: Prepare for compaction 31.239ms
[347.604s][info][gc,phases,start] GC(942) Phase 3: Adjust pointers
[347.687s][info][gc,phases      ] GC(942) Phase 3: Adjust pointers 83.818ms
[347.688s][info][gc,phases,start] GC(942) Phase 4: Compact heap
[347.716s][info][gc,phases      ] GC(942) Phase 4: Compact heap 28.006ms
[347.720s][info][gc,heap        ] GC(942) Eden regions: 0->0(25)
[347.720s][info][gc,heap        ] GC(942) Survivor regions: 0->0(0)
[347.720s][info][gc,heap        ] GC(942) Old regions: 481->481
[347.720s][info][gc,heap        ] GC(942) Archive regions: 2->2
[347.720s][info][gc,heap        ] GC(942) Humongous regions: 27->27
[347.720s][info][gc,metaspace   ] GC(942) Metaspace: 44265K(45568K)->44261K(45568K) NonClass: 39033K(39936K)->39030K(39936K) Class: 5231K(5632K)->5231K(5632K)
[347.720s][info][gc             ] GC(942) Pause Full (G1 Humongous Allocation) 508M->508M(512M) 383.049ms
[347.722s][info][gc,cpu         ] GC(942) User=2.66s Sys=0.03s Real=0.38s
[347.722s][info][gc,marking     ] GC(941) Concurrent Mark From Roots 783.721ms
[347.722s][info][gc,marking     ] GC(941) Concurrent Mark Abort
[347.722s][info][gc             ] GC(941) Concurrent Cycle 784.053ms
[347.723s][info][gc,start       ] GC(943) Pause Young (Concurrent Start) (G1 Humongous Allocation)
[347.723s][info][gc,task        ] GC(943) Using 8 workers of 8 for evacuation
[347.723s][info][gc,phases      ] GC(943)   Pre Evacuate Collection Set: 0.1ms
[347.723s][info][gc,phases      ] GC(943)   Merge Heap Roots: 0.0ms
[347.723s][info][gc,phases      ] GC(943)   Evacuate Collection Set: 0.5ms
[347.723s][info][gc,phases      ] GC(943)   Post Evacuate Collection Set: 0.2ms
[347.723s][info][gc,phases      ] GC(943)   Other: 0.1ms
[347.723s][info][gc,heap        ] GC(943) Eden regions: 1->0(24)
[347.724s][info][gc,heap        ] GC(943) Survivor regions: 0->1(1)
[347.724s][info][gc,heap        ] GC(943) Old regions: 481->481
[347.724s][info][gc,heap        ] GC(943) Archive regions: 2->2
[347.724s][info][gc,heap        ] GC(943) Humongous regions: 27->27
[347.724s][info][gc,metaspace   ] GC(943) Metaspace: 44262K(45568K)->44262K(45568K) NonClass: 39030K(39936K)->39030K(39936K) Class: 5231K(5632K)->5231K(5632K)
[347.724s][info][gc             ] GC(943) Pause Young (Concurrent Start) (G1 Humongous Allocation) 508M->508M(512M) 1.031ms
[347.724s][info][gc,cpu         ] GC(943) User=0.00s Sys=0.00s Real=0.00s
[347.724s][info][gc             ] GC(944) Concurrent Cycle
[347.724s][info][gc,marking     ] GC(944) Concurrent Clear Claimed Marks
[347.724s][info][gc,marking     ] GC(944) Concurrent Clear Claimed Marks 0.017ms
[347.724s][info][gc,marking     ] GC(944) Concurrent Scan Root Regions
[347.724s][info][gc,marking     ] GC(944) Concurrent Scan Root Regions 0.518ms
[347.724s][info][gc,marking     ] GC(944) Concurrent Mark (347.724s)
[347.724s][info][gc,marking     ] GC(944) Concurrent Mark From Roots
[347.724s][info][gc,task        ] GC(944) Using 2 workers of 2 for marking
[347.725s][info][gc,start       ] GC(945) Pause Young (Normal) (G1 Humongous Allocation)
[347.725s][info][gc,task        ] GC(945) Using 8 workers of 8 for evacuation
[347.726s][info][gc,phases      ] GC(945)   Pre Evacuate Collection Set: 0.1ms
[347.726s][info][gc,phases      ] GC(945)   Merge Heap Roots: 0.0ms
[347.726s][info][gc,phases      ] GC(945)   Evacuate Collection Set: 0.2ms
[347.726s][info][gc,phases      ] GC(945)   Post Evacuate Collection Set: 0.1ms
[347.726s][info][gc,phases      ] GC(945)   Other: 0.1ms
[347.726s][info][gc,heap        ] GC(945) Eden regions: 0->0(24)
[347.726s][info][gc,heap        ] GC(945) Survivor regions: 1->1(1)
[347.726s][info][gc,heap        ] GC(945) Old regions: 481->481
[347.726s][info][gc,heap        ] GC(945) Archive regions: 2->2
[347.726s][info][gc,heap        ] GC(945) Humongous regions: 27->27
[347.726s][info][gc,metaspace   ] GC(945) Metaspace: 44262K(45568K)->44262K(45568K) NonClass: 39030K(39936K)->39030K(39936K) Class: 5231K(5632K)->5231K(5632K)
[347.726s][info][gc             ] GC(945) Pause Young (Normal) (G1 Humongous Allocation) 508M->508M(512M) 0.604ms
[347.726s][info][gc,cpu         ] GC(945) User=0.01s Sys=0.00s Real=0.01s
[347.726s][info][gc,task        ] GC(946) Using 8 workers of 8 for full compaction
[347.726s][info][gc,start       ] GC(946) Pause Full (G1 Humongous Allocation)
[347.726s][info][gc,phases,start] GC(946) Phase 1: Mark live objects
[347.960s][info][gc,phases      ] GC(946) Phase 1: Mark live objects 233.667ms
[347.960s][info][gc,phases,start] GC(946) Phase 2: Prepare for compaction
[347.988s][info][gc,phases      ] GC(946) Phase 2: Prepare for compaction 27.617ms
[347.988s][info][gc,phases,start] GC(946) Phase 3: Adjust pointers
[348.074s][info][gc,phases      ] GC(946) Phase 3: Adjust pointers 86.619ms
[348.074s][info][gc,phases,start] GC(946) Phase 4: Compact heap
[348.098s][info][gc,phases      ] GC(946) Phase 4: Compact heap 23.422ms
[348.102s][info][gc,heap        ] GC(946) Eden regions: 0->0(25)
[348.102s][info][gc,heap        ] GC(946) Survivor regions: 1->0(1)
[348.102s][info][gc,heap        ] GC(946) Old regions: 481->482
[348.102s][info][gc,heap        ] GC(946) Archive regions: 2->2
[348.102s][info][gc,heap        ] GC(946) Humongous regions: 27->27
[348.102s][info][gc,metaspace   ] GC(946) Metaspace: 44262K(45568K)->44262K(45568K) NonClass: 39030K(39936K)->39030K(39936K) Class: 5231K(5632K)->5231K(5632K)
[348.102s][info][gc             ] GC(946) Pause Full (G1 Humongous Allocation) 508M->508M(512M) 376.698ms
[348.104s][info][gc,cpu         ] GC(946) User=2.61s Sys=0.04s Real=0.37s
[348.104s][info][gc,task        ] GC(947) Using 8 workers of 8 for full compaction
[348.104s][info][gc,start       ] GC(947) Pause Full (G1 Humongous Allocation)
[348.104s][info][gc,phases,start] GC(947) Phase 1: Mark live objects
[348.346s][info][gc,phases      ] GC(947) Phase 1: Mark live objects 242.092ms
[348.346s][info][gc,phases,start] GC(947) Phase 2: Prepare for compaction
[348.376s][info][gc,phases      ] GC(947) Phase 2: Prepare for compaction 29.461ms
[348.376s][info][gc,phases,start] GC(947) Phase 3: Adjust pointers
[348.463s][info][gc,phases      ] GC(947) Phase 3: Adjust pointers 87.043ms
[348.463s][info][gc,phases,start] GC(947) Phase 4: Compact heap
[348.488s][info][gc,phases      ] GC(947) Phase 4: Compact heap 24.946ms
[348.492s][info][gc,heap        ] GC(947) Eden regions: 0->0(25)
[348.492s][info][gc,heap        ] GC(947) Survivor regions: 0->0(1)
[348.492s][info][gc,heap        ] GC(947) Old regions: 482->481
[348.492s][info][gc,heap        ] GC(947) Archive regions: 2->2
[348.492s][info][gc,heap        ] GC(947) Humongous regions: 27->27
[348.492s][info][gc,metaspace   ] GC(947) Metaspace: 44262K(45568K)->44262K(45568K) NonClass: 39030K(39936K)->39030K(39936K) Class: 5231K(5632K)->5231K(5632K)
[348.492s][info][gc             ] GC(947) Pause Full (G1 Humongous Allocation) 508M->508M(512M) 388.311ms
[348.493s][info][gc,cpu         ] GC(947) User=2.57s Sys=0.03s Real=0.39s
[348.493s][info][gc,marking     ] GC(944) Concurrent Mark From Roots 769.168ms
[348.493s][info][gc,marking     ] GC(944) Concurrent Mark Abort
[348.493s][info][gc             ] GC(944) Concurrent Cycle 769.837ms
[348.494s][info][gc,start       ] GC(948) Pause Young (Concurrent Start) (G1 Humongous Allocation)
[348.494s][info][gc,task        ] GC(948) Using 8 workers of 8 for evacuation
[348.495s][info][gc,phases      ] GC(948)   Pre Evacuate Collection Set: 0.1ms
[348.495s][info][gc,phases      ] GC(948)   Merge Heap Roots: 0.0ms
[348.495s][info][gc,phases      ] GC(948)   Evacuate Collection Set: 0.5ms
[348.495s][info][gc,phases      ] GC(948)   Post Evacuate Collection Set: 0.2ms
[348.495s][info][gc,phases      ] GC(948)   Other: 0.1ms
[348.495s][info][gc,heap        ] GC(948) Eden regions: 1->0(24)
[348.495s][info][gc,heap        ] GC(948) Survivor regions: 0->1(1)
[348.495s][info][gc,heap        ] GC(948) Old regions: 481->481
[348.495s][info][gc,heap        ] GC(948) Archive regions: 2->2
[348.495s][info][gc,heap        ] GC(948) Humongous regions: 27->27
[348.495s][info][gc,metaspace   ] GC(948) Metaspace: 44262K(45568K)->44262K(45568K) NonClass: 39030K(39936K)->39030K(39936K) Class: 5231K(5632K)->5231K(5632K)
[348.495s][info][gc             ] GC(948) Pause Young (Concurrent Start) (G1 Humongous Allocation) 508M->508M(512M) 1.051ms
[348.495s][info][gc,cpu         ] GC(948) User=0.01s Sys=0.00s Real=0.00s
[348.495s][info][gc             ] GC(949) Concurrent Cycle
[348.495s][info][gc,marking     ] GC(949) Concurrent Clear Claimed Marks
[348.495s][info][gc,marking     ] GC(949) Concurrent Clear Claimed Marks 0.017ms
[348.495s][info][gc,marking     ] GC(949) Concurrent Scan Root Regions
[348.495s][info][gc,marking     ] GC(949) Concurrent Scan Root Regions 0.096ms
[348.495s][info][gc,marking     ] GC(949) Concurrent Mark (348.495s)
[348.495s][info][gc,marking     ] GC(949) Concurrent Mark From Roots
[348.495s][info][gc,task        ] GC(949) Using 2 workers of 2 for marking
[348.496s][info][gc,start       ] GC(950) Pause Young (Normal) (G1 Humongous Allocation)
[348.496s][info][gc,task        ] GC(950) Using 8 workers of 8 for evacuation
[348.496s][info][gc             ] GC(950) To-space exhausted
[348.496s][info][gc,phases      ] GC(950)   Pre Evacuate Collection Set: 0.1ms
[348.496s][info][gc,phases      ] GC(950)   Merge Heap Roots: 0.0ms
[348.496s][info][gc,phases      ] GC(950)   Evacuate Collection Set: 0.2ms
[348.496s][info][gc,phases      ] GC(950)   Post Evacuate Collection Set: 0.2ms
[348.496s][info][gc,phases      ] GC(950)   Other: 0.1ms
[348.496s][info][gc,heap        ] GC(950) Eden regions: 1->0(25)
[348.496s][info][gc,heap        ] GC(950) Survivor regions: 1->0(0)
[348.496s][info][gc,heap        ] GC(950) Old regions: 481->483
[348.496s][info][gc,heap        ] GC(950) Archive regions: 2->2
[348.496s][info][gc,heap        ] GC(950) Humongous regions: 27->27
[348.496s][info][gc,metaspace   ] GC(950) Metaspace: 44262K(45568K)->44262K(45568K) NonClass: 39030K(39936K)->39030K(39936K) Class: 5231K(5632K)->5231K(5632K)
[348.496s][info][gc             ] GC(950) Pause Young (Normal) (G1 Humongous Allocation) 508M->508M(512M) 0.691ms
[348.496s][info][gc,cpu         ] GC(950) User=0.00s Sys=0.00s Real=0.00s
[348.496s][info][gc,task        ] GC(951) Using 8 workers of 8 for full compaction
[348.497s][info][gc,start       ] GC(951) Pause Full (G1 Humongous Allocation)
[348.497s][info][gc,phases,start] GC(951) Phase 1: Mark live objects
[348.723s][info][gc,phases      ] GC(951) Phase 1: Mark live objects 225.993ms
[348.723s][info][gc,phases,start] GC(951) Phase 2: Prepare for compaction
[348.750s][info][gc,phases      ] GC(951) Phase 2: Prepare for compaction 27.332ms
[348.750s][info][gc,phases,start] GC(951) Phase 3: Adjust pointers
[348.870s][info][gc,phases      ] GC(951) Phase 3: Adjust pointers 119.057ms
[348.870s][info][gc,phases,start] GC(951) Phase 4: Compact heap
[348.909s][info][gc,phases      ] GC(951) Phase 4: Compact heap 39.461ms
[348.914s][info][gc,heap        ] GC(951) Eden regions: 0->0(25)
[348.914s][info][gc,heap        ] GC(951) Survivor regions: 0->0(0)
[348.914s][info][gc,heap        ] GC(951) Old regions: 483->481
[348.914s][info][gc,heap        ] GC(951) Archive regions: 2->2
[348.914s][info][gc,heap        ] GC(951) Humongous regions: 27->27
[348.914s][info][gc,metaspace   ] GC(951) Metaspace: 44262K(45568K)->44262K(45568K) NonClass: 39030K(39936K)->39030K(39936K) Class: 5231K(5632K)->5231K(5632K)
[348.914s][info][gc             ] GC(951) Pause Full (G1 Humongous Allocation) 508M->508M(512M) 417.158ms
[348.915s][info][gc,cpu         ] GC(951) User=2.64s Sys=0.02s Real=0.41s
[348.915s][info][gc,task        ] GC(952) Using 8 workers of 8 for full compaction
[348.915s][info][gc,start       ] GC(952) Pause Full (G1 Humongous Allocation)
[348.915s][info][gc,phases,start] GC(952) Phase 1: Mark live objects
[349.175s][info][gc,phases      ] GC(952) Phase 1: Mark live objects 259.409ms
[349.175s][info][gc,phases,start] GC(952) Phase 2: Prepare for compaction
[349.205s][info][gc,phases      ] GC(952) Phase 2: Prepare for compaction 29.672ms
[349.205s][info][gc,phases,start] GC(952) Phase 3: Adjust pointers
[349.300s][info][gc,phases      ] GC(952) Phase 3: Adjust pointers 95.693ms
[349.300s][info][gc,phases,start] GC(952) Phase 4: Compact heap
[349.328s][info][gc,phases      ] GC(952) Phase 4: Compact heap 27.464ms
[349.333s][info][gc,heap        ] GC(952) Eden regions: 0->0(25)
[349.333s][info][gc,heap        ] GC(952) Survivor regions: 0->0(0)
[349.333s][info][gc,heap        ] GC(952) Old regions: 481->481
[349.333s][info][gc,heap        ] GC(952) Archive regions: 2->2
[349.333s][info][gc,heap        ] GC(952) Humongous regions: 27->27
[349.333s][info][gc,metaspace   ] GC(952) Metaspace: 44262K(45568K)->44262K(45568K) NonClass: 39030K(39936K)->39030K(39936K) Class: 5231K(5632K)->5231K(5632K)
[349.333s][info][gc             ] GC(952) Pause Full (G1 Humongous Allocation) 508M->508M(512M) 417.187ms
[349.335s][info][gc,cpu         ] GC(952) User=2.57s Sys=0.02s Real=0.42s
[349.335s][info][gc,marking     ] GC(949) Concurrent Mark From Roots 839.616ms
[349.335s][info][gc,marking     ] GC(949) Concurrent Mark Abort
[349.335s][info][gc             ] GC(949) Concurrent Cycle 839.833ms
[349.335s][info][gc,start       ] GC(953) Pause Young (Concurrent Start) (G1 Humongous Allocation)
[349.336s][info][gc,task        ] GC(953) Using 8 workers of 8 for evacuation
[349.337s][info][gc,phases      ] GC(953)   Pre Evacuate Collection Set: 0.1ms
[349.337s][info][gc,phases      ] GC(953)   Merge Heap Roots: 0.0ms
[349.337s][info][gc,phases      ] GC(953)   Evacuate Collection Set: 0.6ms
[349.337s][info][gc,phases      ] GC(953)   Post Evacuate Collection Set: 0.2ms
[349.337s][info][gc,phases      ] GC(953)   Other: 0.1ms
[349.337s][info][gc,heap        ] GC(953) Eden regions: 1->0(24)
[349.337s][info][gc,heap        ] GC(953) Survivor regions: 0->1(1)
[349.337s][info][gc,heap        ] GC(953) Old regions: 481->481
[349.337s][info][gc,heap        ] GC(953) Archive regions: 2->2
[349.337s][info][gc,heap        ] GC(953) Humongous regions: 27->27
[349.337s][info][gc,metaspace   ] GC(953) Metaspace: 44262K(45568K)->44262K(45568K) NonClass: 39030K(39936K)->39030K(39936K) Class: 5231K(5632K)->5231K(5632K)
[349.337s][info][gc             ] GC(953) Pause Young (Concurrent Start) (G1 Humongous Allocation) 508M->508M(512M) 1.178ms
[349.337s][info][gc,cpu         ] GC(953) User=0.00s Sys=0.00s Real=0.00s
[349.337s][info][gc             ] GC(954) Concurrent Cycle
[349.337s][info][gc,marking     ] GC(954) Concurrent Clear Claimed Marks
[349.337s][info][gc,marking     ] GC(954) Concurrent Clear Claimed Marks 0.021ms
[349.337s][info][gc,marking     ] GC(954) Concurrent Scan Root Regions
[349.337s][info][gc,marking     ] GC(954) Concurrent Scan Root Regions 0.074ms
[349.337s][info][gc,marking     ] GC(954) Concurrent Mark (349.337s)
[349.337s][info][gc,marking     ] GC(954) Concurrent Mark From Roots
[349.337s][info][gc,task        ] GC(954) Using 2 workers of 2 for marking
[349.337s][info][gc,start       ] GC(955) Pause Young (Normal) (G1 Humongous Allocation)
[349.337s][info][gc,task        ] GC(955) Using 8 workers of 8 for evacuation
[349.338s][info][gc,phases      ] GC(955)   Pre Evacuate Collection Set: 0.1ms
[349.338s][info][gc,phases      ] GC(955)   Merge Heap Roots: 0.0ms
[349.338s][info][gc,phases      ] GC(955)   Evacuate Collection Set: 0.2ms
[349.338s][info][gc,phases      ] GC(955)   Post Evacuate Collection Set: 0.2ms
[349.338s][info][gc,phases      ] GC(955)   Other: 0.1ms
[349.338s][info][gc,heap        ] GC(955) Eden regions: 0->0(24)
[349.338s][info][gc,heap        ] GC(955) Survivor regions: 1->1(1)
[349.338s][info][gc,heap        ] GC(955) Old regions: 481->481
[349.338s][info][gc,heap        ] GC(955) Archive regions: 2->2
[349.338s][info][gc,heap        ] GC(955) Humongous regions: 27->27
[349.338s][info][gc,metaspace   ] GC(955) Metaspace: 44262K(45568K)->44262K(45568K) NonClass: 39030K(39936K)->39030K(39936K) Class: 5231K(5632K)->5231K(5632K)
[349.338s][info][gc             ] GC(955) Pause Young (Normal) (G1 Humongous Allocation) 508M->508M(512M) 0.709ms
[349.338s][info][gc,cpu         ] GC(955) User=0.00s Sys=0.00s Real=0.00s
[349.338s][info][gc,task        ] GC(956) Using 8 workers of 8 for full compaction
[349.338s][info][gc,start       ] GC(956) Pause Full (G1 Humongous Allocation)
[349.339s][info][gc,phases,start] GC(956) Phase 1: Mark live objects
[349.584s][info][gc,phases      ] GC(956) Phase 1: Mark live objects 245.495ms
[349.584s][info][gc,phases,start] GC(956) Phase 2: Prepare for compaction
[349.617s][info][gc,phases      ] GC(956) Phase 2: Prepare for compaction 33.199ms
[349.617s][info][gc,phases,start] GC(956) Phase 3: Adjust pointers
[349.706s][info][gc,phases      ] GC(956) Phase 3: Adjust pointers 88.427ms
[349.706s][info][gc,phases,start] GC(956) Phase 4: Compact heap
[349.736s][info][gc,phases      ] GC(956) Phase 4: Compact heap 30.520ms
[349.741s][info][gc,heap        ] GC(956) Eden regions: 0->0(25)
[349.741s][info][gc,heap        ] GC(956) Survivor regions: 1->0(1)
[349.741s][info][gc,heap        ] GC(956) Old regions: 481->481
[349.741s][info][gc,heap        ] GC(956) Archive regions: 2->2
[349.741s][info][gc,heap        ] GC(956) Humongous regions: 27->27
[349.741s][info][gc,metaspace   ] GC(956) Metaspace: 44262K(45568K)->44262K(45568K) NonClass: 39030K(39936K)->39030K(39936K) Class: 5231K(5632K)->5231K(5632K)
[349.741s][info][gc             ] GC(956) Pause Full (G1 Humongous Allocation) 508M->508M(512M) 402.729ms
[349.742s][info][gc,cpu         ] GC(956) User=2.58s Sys=0.05s Real=0.40s
[349.742s][info][gc,task        ] GC(957) Using 8 workers of 8 for full compaction
[349.742s][info][gc,start       ] GC(957) Pause Full (G1 Humongous Allocation)
[349.742s][info][gc,phases,start] GC(957) Phase 1: Mark live objects
[349.963s][info][gc,phases      ] GC(957) Phase 1: Mark live objects 220.423ms
[349.963s][info][gc,phases,start] GC(957) Phase 2: Prepare for compaction
[349.992s][info][gc,phases      ] GC(957) Phase 2: Prepare for compaction 29.385ms
[349.992s][info][gc,phases,start] GC(957) Phase 3: Adjust pointers
[350.076s][info][gc,phases      ] GC(957) Phase 3: Adjust pointers 84.218ms
[350.076s][info][gc,phases,start] GC(957) Phase 4: Compact heap
[350.103s][info][gc,phases      ] GC(957) Phase 4: Compact heap 26.294ms
[350.107s][info][gc,heap        ] GC(957) Eden regions: 0->0(25)
[350.107s][info][gc,heap        ] GC(957) Survivor regions: 0->0(1)
[350.107s][info][gc,heap        ] GC(957) Old regions: 481->481
[350.107s][info][gc,heap        ] GC(957) Archive regions: 2->2
[350.107s][info][gc,heap        ] GC(957) Humongous regions: 27->27
[350.107s][info][gc,metaspace   ] GC(957) Metaspace: 44262K(45568K)->44262K(45568K) NonClass: 39030K(39936K)->39030K(39936K) Class: 5231K(5632K)->5231K(5632K)
[350.107s][info][gc             ] GC(957) Pause Full (G1 Humongous Allocation) 508M->508M(512M) 365.050ms
[350.108s][info][gc,cpu         ] GC(957) User=2.60s Sys=0.02s Real=0.37s
[350.108s][info][gc,marking     ] GC(954) Concurrent Mark From Roots 771.557ms
[350.109s][info][gc,marking     ] GC(954) Concurrent Mark Abort
[350.109s][info][gc             ] GC(954) Concurrent Cycle 772.377ms
[350.110s][info][gc,start       ] GC(958) Pause Young (Normal) (G1 Humongous Allocation)
[350.110s][info][gc,task        ] GC(958) Using 8 workers of 8 for evacuation
[350.110s][info][gc,phases      ] GC(958)   Pre Evacuate Collection Set: 0.1ms
[350.110s][info][gc,phases      ] GC(958)   Merge Heap Roots: 0.0ms
[350.110s][info][gc,phases      ] GC(958)   Evacuate Collection Set: 0.2ms
[350.110s][info][gc,phases      ] GC(958)   Post Evacuate Collection Set: 0.2ms
[350.110s][info][gc,phases      ] GC(958)   Other: 0.1ms
[350.110s][info][gc,heap        ] GC(958) Eden regions: 1->0(24)
[350.110s][info][gc,heap        ] GC(958) Survivor regions: 0->1(1)
[350.110s][info][gc,heap        ] GC(958) Old regions: 481->481
[350.110s][info][gc,heap        ] GC(958) Archive regions: 2->2
[350.110s][info][gc,heap        ] GC(958) Humongous regions: 27->27
[350.110s][info][gc,metaspace   ] GC(958) Metaspace: 44262K(45568K)->44262K(45568K) NonClass: 39030K(39936K)->39030K(39936K) Class: 5231K(5632K)->5231K(5632K)
[350.110s][info][gc             ] GC(958) Pause Young (Normal) (G1 Humongous Allocation) 508M->508M(512M) 0.644ms
[350.110s][info][gc,cpu         ] GC(958) User=0.00s Sys=0.00s Real=0.00s
[350.110s][info][gc,task        ] GC(959) Using 8 workers of 8 for full compaction
[350.110s][info][gc,start       ] GC(959) Pause Full (G1 Humongous Allocation)
[350.110s][info][gc,phases,start] GC(959) Phase 1: Mark live objects
[350.333s][info][gc,phases      ] GC(959) Phase 1: Mark live objects 223.017ms
[350.333s][info][gc,phases,start] GC(959) Phase 2: Prepare for compaction
[350.361s][info][gc,phases      ] GC(959) Phase 2: Prepare for compaction 27.992ms
[350.361s][info][gc,phases,start] GC(959) Phase 3: Adjust pointers
[350.446s][info][gc,phases      ] GC(959) Phase 3: Adjust pointers 84.867ms
[350.446s][info][gc,phases,start] GC(959) Phase 4: Compact heap
[350.472s][info][gc,phases      ] GC(959) Phase 4: Compact heap 25.981ms
[350.477s][info][gc,heap        ] GC(959) Eden regions: 0->0(25)
[350.477s][info][gc,heap        ] GC(959) Survivor regions: 1->0(1)
[350.477s][info][gc,heap        ] GC(959) Old regions: 481->482
[350.477s][info][gc,heap        ] GC(959) Archive regions: 2->2
[350.477s][info][gc,heap        ] GC(959) Humongous regions: 27->27
[350.477s][info][gc,metaspace   ] GC(959) Metaspace: 44262K(45568K)->44262K(45568K) NonClass: 39030K(39936K)->39030K(39936K) Class: 5231K(5632K)->5231K(5632K)
[350.477s][info][gc             ] GC(959) Pause Full (G1 Humongous Allocation) 508M->508M(512M) 366.430ms
[350.478s][info][gc,cpu         ] GC(959) User=2.59s Sys=0.03s Real=0.37s
[350.478s][info][gc,task        ] GC(960) Using 8 workers of 8 for full compaction
[350.478s][info][gc,start       ] GC(960) Pause Full (G1 Humongous Allocation)
[350.478s][info][gc,phases,start] GC(960) Phase 1: Mark live objects
[350.800s][info][gc,phases      ] GC(960) Phase 1: Mark live objects 321.928ms
[350.800s][info][gc,phases,start] GC(960) Phase 2: Prepare for compaction
[350.846s][info][gc,phases      ] GC(960) Phase 2: Prepare for compaction 46.027ms
[350.846s][info][gc,phases,start] GC(960) Phase 3: Adjust pointers
[351.010s][info][gc,phases      ] GC(960) Phase 3: Adjust pointers 163.434ms
[351.010s][info][gc,phases,start] GC(960) Phase 4: Compact heap
[351.060s][info][gc,phases      ] GC(960) Phase 4: Compact heap 49.817ms
[351.066s][info][gc,heap        ] GC(960) Eden regions: 0->0(25)
[351.066s][info][gc,heap        ] GC(960) Survivor regions: 0->0(1)
[351.066s][info][gc,heap        ] GC(960) Old regions: 482->482
[351.066s][info][gc,heap        ] GC(960) Archive regions: 2->2
[351.066s][info][gc,heap        ] GC(960) Humongous regions: 27->27
[351.066s][info][gc,metaspace   ] GC(960) Metaspace: 44262K(45568K)->44262K(45568K) NonClass: 39030K(39936K)->39030K(39936K) Class: 5231K(5632K)->5231K(5632K)
[351.066s][info][gc             ] GC(960) Pause Full (G1 Humongous Allocation) 508M->508M(512M) 587.396ms
[351.068s][info][gc,cpu         ] GC(960) User=2.56s Sys=0.03s Real=0.59s
[351.069s][info][gc,start       ] GC(961) Pause Young (Concurrent Start) (G1 Humongous Allocation)
[351.069s][info][gc,task        ] GC(961) Using 8 workers of 8 for evacuation
[351.072s][info][gc,phases      ] GC(961)   Pre Evacuate Collection Set: 0.1ms
[351.072s][info][gc,phases      ] GC(961)   Merge Heap Roots: 0.0ms
[351.072s][info][gc,phases      ] GC(961)   Evacuate Collection Set: 1.7ms
[351.072s][info][gc,phases      ] GC(961)   Post Evacuate Collection Set: 0.4ms
[351.072s][info][gc,phases      ] GC(961)   Other: 0.2ms
[351.072s][info][gc,heap        ] GC(961) Eden regions: 0->0(25)
[351.072s][info][gc,heap        ] GC(961) Survivor regions: 0->0(1)
[351.072s][info][gc,heap        ] GC(961) Old regions: 482->482
[351.072s][info][gc,heap        ] GC(961) Archive regions: 2->2
[351.072s][info][gc,heap        ] GC(961) Humongous regions: 27->27
[351.072s][info][gc,metaspace   ] GC(961) Metaspace: 44262K(45568K)->44262K(45568K) NonClass: 39030K(39936K)->39030K(39936K) Class: 5231K(5632K)->5231K(5632K)
[351.072s][info][gc             ] GC(961) Pause Young (Concurrent Start) (G1 Humongous Allocation) 508M->508M(512M) 2.628ms
[351.072s][info][gc,cpu         ] GC(961) User=0.01s Sys=0.00s Real=0.00s
[351.072s][info][gc             ] GC(962) Concurrent Cycle
[351.072s][info][gc,marking     ] GC(962) Concurrent Clear Claimed Marks
[351.072s][info][gc,marking     ] GC(962) Concurrent Clear Claimed Marks 0.040ms
[351.072s][info][gc,marking     ] GC(962) Concurrent Scan Root Regions
[351.072s][info][gc,marking     ] GC(962) Concurrent Scan Root Regions 0.009ms
[351.072s][info][gc,marking     ] GC(962) Concurrent Mark (351.072s)
[351.072s][info][gc,marking     ] GC(962) Concurrent Mark From Roots
[351.072s][info][gc,task        ] GC(962) Using 2 workers of 2 for marking
[351.072s][info][gc,start       ] GC(963) Pause Young (Normal) (G1 Humongous Allocation)
[351.072s][info][gc,task        ] GC(963) Using 8 workers of 8 for evacuation
[351.073s][info][gc,phases      ] GC(963)   Pre Evacuate Collection Set: 0.1ms
[351.073s][info][gc,phases      ] GC(963)   Merge Heap Roots: 0.1ms
[351.073s][info][gc,phases      ] GC(963)   Evacuate Collection Set: 0.3ms
[351.073s][info][gc,phases      ] GC(963)   Post Evacuate Collection Set: 0.2ms
[351.073s][info][gc,phases      ] GC(963)   Other: 0.1ms
[351.073s][info][gc,heap        ] GC(963) Eden regions: 0->0(25)
[351.073s][info][gc,heap        ] GC(963) Survivor regions: 0->0(1)
[351.073s][info][gc,heap        ] GC(963) Old regions: 482->482
[351.073s][info][gc,heap        ] GC(963) Archive regions: 2->2
[351.073s][info][gc,heap        ] GC(963) Humongous regions: 27->27
[351.073s][info][gc,metaspace   ] GC(963) Metaspace: 44262K(45568K)->44262K(45568K) NonClass: 39030K(39936K)->39030K(39936K) Class: 5231K(5632K)->5231K(5632K)
[351.073s][info][gc             ] GC(963) Pause Young (Normal) (G1 Humongous Allocation) 508M->508M(512M) 0.902ms
[351.073s][info][gc,cpu         ] GC(963) User=0.00s Sys=0.00s Real=0.00s
[351.073s][info][gc,task        ] GC(964) Using 8 workers of 8 for full compaction
[351.073s][info][gc,start       ] GC(964) Pause Full (G1 Humongous Allocation)
[351.074s][info][gc,phases,start] GC(964) Phase 1: Mark live objects
[351.435s][info][gc,phases      ] GC(964) Phase 1: Mark live objects 360.792ms
[351.435s][info][gc,phases,start] GC(964) Phase 2: Prepare for compaction
[351.471s][info][gc,phases      ] GC(964) Phase 2: Prepare for compaction 35.941ms
[351.471s][info][gc,phases,start] GC(964) Phase 3: Adjust pointers
[351.600s][info][gc,phases      ] GC(964) Phase 3: Adjust pointers 129.630ms
[351.600s][info][gc,phases,start] GC(964) Phase 4: Compact heap
[351.637s][info][gc,phases      ] GC(964) Phase 4: Compact heap 36.579ms
[351.643s][info][gc,heap        ] GC(964) Eden regions: 0->0(25)
[351.644s][info][gc,heap        ] GC(964) Survivor regions: 0->0(1)
[351.644s][info][gc,heap        ] GC(964) Old regions: 482->482
[351.644s][info][gc,heap        ] GC(964) Archive regions: 2->2
[351.644s][info][gc,heap        ] GC(964) Humongous regions: 27->27
[351.644s][info][gc,metaspace   ] GC(964) Metaspace: 44262K(45568K)->44262K(45568K) NonClass: 39030K(39936K)->39030K(39936K) Class: 5231K(5632K)->5231K(5632K)
[351.644s][info][gc             ] GC(964) Pause Full (G1 Humongous Allocation) 508M->508M(512M) 570.493ms
[351.645s][info][gc,cpu         ] GC(964) User=2.59s Sys=0.03s Real=0.57s
[351.645s][info][gc,task        ] GC(965) Using 8 workers of 8 for full compaction
[351.645s][info][gc,start       ] GC(965) Pause Full (G1 Humongous Allocation)
[351.645s][info][gc,phases,start] GC(965) Phase 1: Mark live objects
[351.922s][info][gc,phases      ] GC(965) Phase 1: Mark live objects 276.949ms
[351.922s][info][gc,phases,start] GC(965) Phase 2: Prepare for compaction
[351.961s][info][gc,phases      ] GC(965) Phase 2: Prepare for compaction 38.927ms
[351.961s][info][gc,phases,start] GC(965) Phase 3: Adjust pointers
[352.075s][info][gc,phases      ] GC(965) Phase 3: Adjust pointers 113.843ms
[352.075s][info][gc,phases,start] GC(965) Phase 4: Compact heap
[352.109s][info][gc,phases      ] GC(965) Phase 4: Compact heap 33.630ms
[352.114s][info][gc,heap        ] GC(965) Eden regions: 0->0(25)
[352.114s][info][gc,heap        ] GC(965) Survivor regions: 0->0(1)
[352.114s][info][gc,heap        ] GC(965) Old regions: 482->482
[352.114s][info][gc,heap        ] GC(965) Archive regions: 2->2
[352.114s][info][gc,heap        ] GC(965) Humongous regions: 27->27
[352.114s][info][gc,metaspace   ] GC(965) Metaspace: 44262K(45568K)->44262K(45568K) NonClass: 39030K(39936K)->39030K(39936K) Class: 5231K(5632K)->5231K(5632K)
[352.114s][info][gc             ] GC(965) Pause Full (G1 Humongous Allocation) 508M->508M(512M) 468.253ms
[352.115s][info][gc,cpu         ] GC(965) User=2.62s Sys=0.01s Real=0.47s
[352.115s][info][gc,marking     ] GC(962) Concurrent Mark From Roots 1043.041ms
[352.115s][info][gc,marking     ] GC(962) Concurrent Mark Abort
[352.115s][info][gc             ] GC(962) Concurrent Cycle 1043.212ms
[352.115s][info][gc,start       ] GC(966) Pause Young (Concurrent Start) (G1 Humongous Allocation)
[352.115s][info][gc,task        ] GC(966) Using 8 workers of 8 for evacuation
[352.116s][info][gc,phases      ] GC(966)   Pre Evacuate Collection Set: 0.1ms
[352.116s][info][gc,phases      ] GC(966)   Merge Heap Roots: 0.0ms
[352.116s][info][gc,phases      ] GC(966)   Evacuate Collection Set: 0.7ms
[352.116s][info][gc,phases      ] GC(966)   Post Evacuate Collection Set: 0.2ms
[352.116s][info][gc,phases      ] GC(966)   Other: 0.1ms
[352.116s][info][gc,heap        ] GC(966) Eden regions: 1->0(25)
[352.116s][info][gc,heap        ] GC(966) Survivor regions: 0->0(0)
[352.116s][info][gc,heap        ] GC(966) Old regions: 482->482
[352.116s][info][gc,heap        ] GC(966) Archive regions: 2->2
[352.116s][info][gc,heap        ] GC(966) Humongous regions: 27->27
[352.116s][info][gc,metaspace   ] GC(966) Metaspace: 44262K(45568K)->44262K(45568K) NonClass: 39030K(39936K)->39030K(39936K) Class: 5231K(5632K)->5231K(5632K)
[352.117s][info][gc             ] GC(966) Pause Young (Concurrent Start) (G1 Humongous Allocation) 508M->508M(512M) 1.279ms
[352.117s][info][gc,cpu         ] GC(966) User=0.00s Sys=0.00s Real=0.01s
[352.117s][info][gc             ] GC(967) Concurrent Cycle
[352.117s][info][gc,marking     ] GC(967) Concurrent Clear Claimed Marks
[352.117s][info][gc,marking     ] GC(967) Concurrent Clear Claimed Marks 0.025ms
[352.117s][info][gc,marking     ] GC(967) Concurrent Scan Root Regions
[352.117s][info][gc,marking     ] GC(967) Concurrent Scan Root Regions 0.011ms
[352.117s][info][gc,marking     ] GC(967) Concurrent Mark (352.117s)
[352.117s][info][gc,marking     ] GC(967) Concurrent Mark From Roots
[352.117s][info][gc,task        ] GC(967) Using 2 workers of 2 for marking
[352.118s][info][gc,start       ] GC(968) Pause Young (Normal) (G1 Humongous Allocation)
[352.118s][info][gc,task        ] GC(968) Using 8 workers of 8 for evacuation
[352.118s][info][gc             ] GC(968) To-space exhausted
[352.118s][info][gc,phases      ] GC(968)   Pre Evacuate Collection Set: 0.1ms
[352.118s][info][gc,phases      ] GC(968)   Merge Heap Roots: 0.0ms
[352.118s][info][gc,phases      ] GC(968)   Evacuate Collection Set: 0.3ms
[352.118s][info][gc,phases      ] GC(968)   Post Evacuate Collection Set: 0.4ms
[352.118s][info][gc,phases      ] GC(968)   Other: 0.1ms
[352.118s][info][gc,heap        ] GC(968) Eden regions: 1->0(25)
[352.118s][info][gc,heap        ] GC(968) Survivor regions: 0->0(0)
[352.118s][info][gc,heap        ] GC(968) Old regions: 482->483
[352.119s][info][gc,heap        ] GC(968) Archive regions: 2->2
[352.119s][info][gc,heap        ] GC(968) Humongous regions: 27->27
[352.119s][info][gc,metaspace   ] GC(968) Metaspace: 44265K(45568K)->44265K(45568K) NonClass: 39034K(39936K)->39034K(39936K) Class: 5231K(5632K)->5231K(5632K)
[352.119s][info][gc             ] GC(968) Pause Young (Normal) (G1 Humongous Allocation) 508M->508M(512M) 1.043ms
[352.119s][info][gc,cpu         ] GC(968) User=0.00s Sys=0.00s Real=0.00s
[352.119s][info][gc,task        ] GC(969) Using 8 workers of 8 for full compaction
[352.119s][info][gc,start       ] GC(969) Pause Full (G1 Humongous Allocation)
[352.119s][info][gc,phases,start] GC(969) Phase 1: Mark live objects
[352.374s][info][gc,phases      ] GC(969) Phase 1: Mark live objects 254.150ms
[352.374s][info][gc,phases,start] GC(969) Phase 2: Prepare for compaction
[352.407s][info][gc,phases      ] GC(969) Phase 2: Prepare for compaction 33.613ms
[352.407s][info][gc,phases,start] GC(969) Phase 3: Adjust pointers
[352.507s][info][gc,phases      ] GC(969) Phase 3: Adjust pointers 99.528ms
[352.507s][info][gc,phases,start] GC(969) Phase 4: Compact heap
[352.541s][info][gc,phases      ] GC(969) Phase 4: Compact heap 33.693ms
[352.545s][info][gc,heap        ] GC(969) Eden regions: 0->0(25)
[352.545s][info][gc,heap        ] GC(969) Survivor regions: 0->0(0)
[352.545s][info][gc,heap        ] GC(969) Old regions: 483->482
[352.545s][info][gc,heap        ] GC(969) Archive regions: 2->2
[352.545s][info][gc,heap        ] GC(969) Humongous regions: 27->27
[352.545s][info][gc,metaspace   ] GC(969) Metaspace: 44265K(45568K)->44265K(45568K) NonClass: 39034K(39936K)->39034K(39936K) Class: 5231K(5632K)->5231K(5632K)
[352.545s][info][gc             ] GC(969) Pause Full (G1 Humongous Allocation) 508M->508M(512M) 426.642ms
[352.547s][info][gc,cpu         ] GC(969) User=2.64s Sys=0.02s Real=0.43s
[352.547s][info][gc,task        ] GC(970) Using 8 workers of 8 for full compaction
[352.547s][info][gc,start       ] GC(970) Pause Full (G1 Humongous Allocation)
[352.547s][info][gc,phases,start] GC(970) Phase 1: Mark live objects
[352.791s][info][gc,phases      ] GC(970) Phase 1: Mark live objects 243.295ms
[352.791s][info][gc,phases,start] GC(970) Phase 2: Prepare for compaction
[352.820s][info][gc,phases      ] GC(970) Phase 2: Prepare for compaction 28.915ms
[352.820s][info][gc,phases,start] GC(970) Phase 3: Adjust pointers
[352.903s][info][gc,phases      ] GC(970) Phase 3: Adjust pointers 83.793ms
[352.904s][info][gc,phases,start] GC(970) Phase 4: Compact heap
[352.934s][info][gc,phases      ] GC(970) Phase 4: Compact heap 30.363ms
[352.939s][info][gc,heap        ] GC(970) Eden regions: 0->0(25)
[352.939s][info][gc,heap        ] GC(970) Survivor regions: 0->0(0)
[352.939s][info][gc,heap        ] GC(970) Old regions: 482->482
[352.939s][info][gc,heap        ] GC(970) Archive regions: 2->2
[352.939s][info][gc,heap        ] GC(970) Humongous regions: 27->27
[352.939s][info][gc,metaspace   ] GC(970) Metaspace: 44265K(45568K)->44265K(45568K) NonClass: 39034K(39936K)->39034K(39936K) Class: 5231K(5632K)->5231K(5632K)
[352.939s][info][gc             ] GC(970) Pause Full (G1 Humongous Allocation) 508M->508M(512M) 391.405ms
[352.940s][info][gc,cpu         ] GC(970) User=2.63s Sys=0.02s Real=0.39s
[352.940s][info][gc,marking     ] GC(967) Concurrent Mark From Roots 823.540ms
[352.940s][info][gc,marking     ] GC(967) Concurrent Mark Abort
[352.940s][info][gc             ] GC(967) Concurrent Cycle 823.688ms
[352.940s][info][gc,start       ] GC(971) Pause Young (Normal) (G1 Humongous Allocation)
[352.940s][info][gc,task        ] GC(971) Using 8 workers of 8 for evacuation
[352.941s][info][gc             ] GC(971) To-space exhausted
[352.941s][info][gc,phases      ] GC(971)   Pre Evacuate Collection Set: 0.1ms
[352.941s][info][gc,phases      ] GC(971)   Merge Heap Roots: 0.0ms
[352.941s][info][gc,phases      ] GC(971)   Evacuate Collection Set: 0.2ms
[352.941s][info][gc,phases      ] GC(971)   Post Evacuate Collection Set: 0.2ms
[352.941s][info][gc,phases      ] GC(971)   Other: 0.1ms
[352.941s][info][gc,heap        ] GC(971) Eden regions: 1->0(25)
[352.941s][info][gc,heap        ] GC(971) Survivor regions: 0->0(0)
[352.941s][info][gc,heap        ] GC(971) Old regions: 482->483
[352.941s][info][gc,heap        ] GC(971) Archive regions: 2->2
[352.941s][info][gc,heap        ] GC(971) Humongous regions: 27->27
[352.941s][info][gc,metaspace   ] GC(971) Metaspace: 44265K(45568K)->44265K(45568K) NonClass: 39034K(39936K)->39034K(39936K) Class: 5231K(5632K)->5231K(5632K)
[352.941s][info][gc             ] GC(971) Pause Young (Normal) (G1 Humongous Allocation) 508M->508M(512M) 0.715ms
[352.941s][info][gc,cpu         ] GC(971) User=0.00s Sys=0.00s Real=0.00s
[352.941s][info][gc,task        ] GC(972) Using 8 workers of 8 for full compaction
[352.941s][info][gc,start       ] GC(972) Pause Full (G1 Humongous Allocation)
[352.941s][info][gc,phases,start] GC(972) Phase 1: Mark live objects
[353.174s][info][gc,phases      ] GC(972) Phase 1: Mark live objects 232.700ms
[353.174s][info][gc,phases,start] GC(972) Phase 2: Prepare for compaction
[353.202s][info][gc,phases      ] GC(972) Phase 2: Prepare for compaction 27.870ms
[353.202s][info][gc,phases,start] GC(972) Phase 3: Adjust pointers
[353.288s][info][gc,phases      ] GC(972) Phase 3: Adjust pointers 85.705ms
[353.288s][info][gc,phases,start] GC(972) Phase 4: Compact heap
[353.311s][info][gc,phases      ] GC(972) Phase 4: Compact heap 23.695ms
[353.316s][info][gc,heap        ] GC(972) Eden regions: 0->0(25)
[353.316s][info][gc,heap        ] GC(972) Survivor regions: 0->0(0)
[353.316s][info][gc,heap        ] GC(972) Old regions: 483->482
[353.316s][info][gc,heap        ] GC(972) Archive regions: 2->2
[353.316s][info][gc,heap        ] GC(972) Humongous regions: 27->27
[353.316s][info][gc,metaspace   ] GC(972) Metaspace: 44265K(45568K)->44265K(45568K) NonClass: 39034K(39936K)->39034K(39936K) Class: 5231K(5632K)->5231K(5632K)
[353.316s][info][gc             ] GC(972) Pause Full (G1 Humongous Allocation) 508M->508M(512M) 374.868ms
[353.318s][info][gc,cpu         ] GC(972) User=2.63s Sys=0.03s Real=0.38s
[353.318s][info][gc,task        ] GC(973) Using 8 workers of 8 for full compaction
[353.318s][info][gc,start       ] GC(973) Pause Full (G1 Humongous Allocation)
[353.318s][info][gc,phases,start] GC(973) Phase 1: Mark live objects
[353.547s][info][gc,phases      ] GC(973) Phase 1: Mark live objects 228.884ms
[353.547s][info][gc,phases,start] GC(973) Phase 2: Prepare for compaction
[353.576s][info][gc,phases      ] GC(973) Phase 2: Prepare for compaction 29.621ms
[353.576s][info][gc,phases,start] GC(973) Phase 3: Adjust pointers
[353.658s][info][gc,phases      ] GC(973) Phase 3: Adjust pointers 81.457ms
[353.658s][info][gc,phases,start] GC(973) Phase 4: Compact heap
[353.683s][info][gc,phases      ] GC(973) Phase 4: Compact heap 24.908ms
[353.687s][info][gc,heap        ] GC(973) Eden regions: 0->0(25)
[353.687s][info][gc,heap        ] GC(973) Survivor regions: 0->0(0)
[353.687s][info][gc,heap        ] GC(973) Old regions: 482->482
[353.687s][info][gc,heap        ] GC(973) Archive regions: 2->2
[353.687s][info][gc,heap        ] GC(973) Humongous regions: 27->27
[353.687s][info][gc,metaspace   ] GC(973) Metaspace: 44265K(45568K)->44265K(45568K) NonClass: 39034K(39936K)->39034K(39936K) Class: 5231K(5632K)->5231K(5632K)
[353.687s][info][gc             ] GC(973) Pause Full (G1 Humongous Allocation) 508M->508M(512M) 369.423ms
[353.688s][info][gc,cpu         ] GC(973) User=2.59s Sys=0.04s Real=0.37s
[353.688s][info][gc,start       ] GC(974) Pause Young (Concurrent Start) (G1 Humongous Allocation)
[353.688s][info][gc,task        ] GC(974) Using 8 workers of 8 for evacuation
[353.689s][info][gc,phases      ] GC(974)   Pre Evacuate Collection Set: 0.1ms
[353.689s][info][gc,phases      ] GC(974)   Merge Heap Roots: 0.0ms
[353.689s][info][gc,phases      ] GC(974)   Evacuate Collection Set: 0.5ms
[353.689s][info][gc,phases      ] GC(974)   Post Evacuate Collection Set: 0.1ms
[353.689s][info][gc,phases      ] GC(974)   Other: 0.1ms
[353.689s][info][gc,heap        ] GC(974) Eden regions: 0->0(25)
[353.689s][info][gc,heap        ] GC(974) Survivor regions: 0->0(1)
[353.689s][info][gc,heap        ] GC(974) Old regions: 482->482
[353.689s][info][gc,heap        ] GC(974) Archive regions: 2->2
[353.689s][info][gc,heap        ] GC(974) Humongous regions: 27->27
[353.689s][info][gc,metaspace   ] GC(974) Metaspace: 44266K(45568K)->44266K(45568K) NonClass: 39034K(39936K)->39034K(39936K) Class: 5231K(5632K)->5231K(5632K)
[353.689s][info][gc             ] GC(974) Pause Young (Concurrent Start) (G1 Humongous Allocation) 508M->508M(512M) 0.990ms
[353.689s][info][gc,cpu         ] GC(974) User=0.01s Sys=0.00s Real=0.00s
[353.689s][info][gc             ] GC(975) Concurrent Cycle
[353.689s][info][gc,marking     ] GC(975) Concurrent Clear Claimed Marks
[353.689s][info][gc,marking     ] GC(975) Concurrent Clear Claimed Marks 0.017ms
[353.689s][info][gc,marking     ] GC(975) Concurrent Scan Root Regions
[353.689s][info][gc,marking     ] GC(975) Concurrent Scan Root Regions 0.010ms
[353.689s][info][gc,marking     ] GC(975) Concurrent Mark (353.689s)
[353.689s][info][gc,marking     ] GC(975) Concurrent Mark From Roots
[353.689s][info][gc,task        ] GC(975) Using 2 workers of 2 for marking
[353.690s][info][gc,start       ] GC(976) Pause Young (Normal) (G1 Humongous Allocation)
[353.690s][info][gc,task        ] GC(976) Using 8 workers of 8 for evacuation
[353.690s][info][gc,phases      ] GC(976)   Pre Evacuate Collection Set: 0.0ms
[353.690s][info][gc,phases      ] GC(976)   Merge Heap Roots: 0.0ms
[353.690s][info][gc,phases      ] GC(976)   Evacuate Collection Set: 0.2ms
[353.690s][info][gc,phases      ] GC(976)   Post Evacuate Collection Set: 0.1ms
[353.690s][info][gc,phases      ] GC(976)   Other: 0.1ms
[353.690s][info][gc,heap        ] GC(976) Eden regions: 0->0(25)
[353.690s][info][gc,heap        ] GC(976) Survivor regions: 0->0(1)
[353.690s][info][gc,heap        ] GC(976) Old regions: 482->482
[353.690s][info][gc,heap        ] GC(976) Archive regions: 2->2
[353.690s][info][gc,heap        ] GC(976) Humongous regions: 27->27
[353.690s][info][gc,metaspace   ] GC(976) Metaspace: 44266K(45568K)->44266K(45568K) NonClass: 39034K(39936K)->39034K(39936K) Class: 5231K(5632K)->5231K(5632K)
[353.690s][info][gc             ] GC(976) Pause Young (Normal) (G1 Humongous Allocation) 508M->508M(512M) 0.632ms
[353.690s][info][gc,cpu         ] GC(976) User=0.00s Sys=0.00s Real=0.00s
[353.690s][info][gc,task        ] GC(977) Using 8 workers of 8 for full compaction
[353.690s][info][gc,start       ] GC(977) Pause Full (G1 Humongous Allocation)
[353.691s][info][gc,phases,start] GC(977) Phase 1: Mark live objects
[353.916s][info][gc,phases      ] GC(977) Phase 1: Mark live objects 225.186ms
[353.916s][info][gc,phases,start] GC(977) Phase 2: Prepare for compaction
[353.946s][info][gc,phases      ] GC(977) Phase 2: Prepare for compaction 29.933ms
[353.946s][info][gc,phases,start] GC(977) Phase 3: Adjust pointers
[354.029s][info][gc,phases      ] GC(977) Phase 3: Adjust pointers 82.457ms
[354.029s][info][gc,phases,start] GC(977) Phase 4: Compact heap
[354.053s][info][gc,phases      ] GC(977) Phase 4: Compact heap 24.104ms
[354.057s][info][gc,heap        ] GC(977) Eden regions: 0->0(25)
[354.057s][info][gc,heap        ] GC(977) Survivor regions: 0->0(1)
[354.057s][info][gc,heap        ] GC(977) Old regions: 482->482
[354.057s][info][gc,heap        ] GC(977) Archive regions: 2->2
[354.057s][info][gc,heap        ] GC(977) Humongous regions: 27->27
[354.057s][info][gc,metaspace   ] GC(977) Metaspace: 44266K(45568K)->44266K(45568K) NonClass: 39034K(39936K)->39034K(39936K) Class: 5231K(5632K)->5231K(5632K)
[354.057s][info][gc             ] GC(977) Pause Full (G1 Humongous Allocation) 508M->508M(512M) 367.098ms
[354.059s][info][gc,cpu         ] GC(977) User=2.60s Sys=0.03s Real=0.37s
[354.059s][info][gc,task        ] GC(978) Using 8 workers of 8 for full compaction
[354.059s][info][gc,start       ] GC(978) Pause Full (G1 Humongous Allocation)
[354.059s][info][gc,phases,start] GC(978) Phase 1: Mark live objects
[354.281s][info][gc,phases      ] GC(978) Phase 1: Mark live objects 222.279ms
[354.281s][info][gc,phases,start] GC(978) Phase 2: Prepare for compaction
[354.310s][info][gc,phases      ] GC(978) Phase 2: Prepare for compaction 28.057ms
[354.310s][info][gc,phases,start] GC(978) Phase 3: Adjust pointers
[354.391s][info][gc,phases      ] GC(978) Phase 3: Adjust pointers 81.102ms
[354.391s][info][gc,phases,start] GC(978) Phase 4: Compact heap
[354.415s][info][gc,phases      ] GC(978) Phase 4: Compact heap 24.660ms
[354.420s][info][gc,heap        ] GC(978) Eden regions: 0->0(25)
[354.420s][info][gc,heap        ] GC(978) Survivor regions: 0->0(1)
[354.420s][info][gc,heap        ] GC(978) Old regions: 482->482
[354.420s][info][gc,heap        ] GC(978) Archive regions: 2->2
[354.420s][info][gc,heap        ] GC(978) Humongous regions: 27->27
[354.420s][info][gc,metaspace   ] GC(978) Metaspace: 44266K(45568K)->44266K(45568K) NonClass: 39034K(39936K)->39034K(39936K) Class: 5231K(5632K)->5231K(5632K)
[354.420s][info][gc             ] GC(978) Pause Full (G1 Humongous Allocation) 508M->508M(512M) 360.912ms
[354.421s][info][gc,cpu         ] GC(978) User=2.56s Sys=0.02s Real=0.36s
[354.421s][info][gc,marking     ] GC(975) Concurrent Mark From Roots 731.783ms
[354.421s][info][gc,marking     ] GC(975) Concurrent Mark Abort
[354.421s][info][gc             ] GC(975) Concurrent Cycle 731.905ms
[354.422s][info][gc,start       ] GC(979) Pause Young (Concurrent Start) (G1 Humongous Allocation)
[354.422s][info][gc,task        ] GC(979) Using 8 workers of 8 for evacuation
[354.423s][info][gc             ] GC(979) To-space exhausted
[354.423s][info][gc,phases      ] GC(979)   Pre Evacuate Collection Set: 0.1ms
[354.423s][info][gc,phases      ] GC(979)   Merge Heap Roots: 0.0ms
[354.423s][info][gc,phases      ] GC(979)   Evacuate Collection Set: 0.6ms
[354.423s][info][gc,phases      ] GC(979)   Post Evacuate Collection Set: 0.2ms
[354.423s][info][gc,phases      ] GC(979)   Other: 0.1ms
[354.423s][info][gc,heap        ] GC(979) Eden regions: 1->0(25)
[354.423s][info][gc,heap        ] GC(979) Survivor regions: 0->0(0)
[354.423s][info][gc,heap        ] GC(979) Old regions: 482->483
[354.423s][info][gc,heap        ] GC(979) Archive regions: 2->2
[354.423s][info][gc,heap        ] GC(979) Humongous regions: 27->27
[354.423s][info][gc,metaspace   ] GC(979) Metaspace: 44266K(45568K)->44266K(45568K) NonClass: 39034K(39936K)->39034K(39936K) Class: 5231K(5632K)->5231K(5632K)
[354.423s][info][gc             ] GC(979) Pause Young (Concurrent Start) (G1 Humongous Allocation) 508M->508M(512M) 1.206ms
[354.423s][info][gc,cpu         ] GC(979) User=0.00s Sys=0.00s Real=0.00s
[354.423s][info][gc             ] GC(980) Concurrent Cycle
[354.423s][info][gc,marking     ] GC(980) Concurrent Clear Claimed Marks
[354.423s][info][gc,marking     ] GC(980) Concurrent Clear Claimed Marks 0.026ms
[354.423s][info][gc,marking     ] GC(980) Concurrent Scan Root Regions
[354.423s][info][gc,marking     ] GC(980) Concurrent Scan Root Regions 0.013ms
[354.423s][info][gc,marking     ] GC(980) Concurrent Mark (354.423s)
[354.423s][info][gc,marking     ] GC(980) Concurrent Mark From Roots
[354.423s][info][gc,task        ] GC(980) Using 2 workers of 2 for marking
[354.423s][info][gc,start       ] GC(981) Pause Young (Normal) (G1 Humongous Allocation)
[354.423s][info][gc,task        ] GC(981) Using 8 workers of 8 for evacuation
[354.424s][info][gc,phases      ] GC(981)   Pre Evacuate Collection Set: 0.0ms
[354.424s][info][gc,phases      ] GC(981)   Merge Heap Roots: 0.0ms
[354.424s][info][gc,phases      ] GC(981)   Evacuate Collection Set: 0.2ms
[354.424s][info][gc,phases      ] GC(981)   Post Evacuate Collection Set: 0.2ms
[354.424s][info][gc,phases      ] GC(981)   Other: 0.1ms
[354.424s][info][gc,heap        ] GC(981) Eden regions: 0->0(25)
[354.424s][info][gc,heap        ] GC(981) Survivor regions: 0->0(0)
[354.424s][info][gc,heap        ] GC(981) Old regions: 483->483
[354.424s][info][gc,heap        ] GC(981) Archive regions: 2->2
[354.424s][info][gc,heap        ] GC(981) Humongous regions: 27->27
[354.424s][info][gc,metaspace   ] GC(981) Metaspace: 44266K(45568K)->44266K(45568K) NonClass: 39034K(39936K)->39034K(39936K) Class: 5231K(5632K)->5231K(5632K)
[354.424s][info][gc             ] GC(981) Pause Young (Normal) (G1 Humongous Allocation) 508M->508M(512M) 0.667ms
[354.424s][info][gc,cpu         ] GC(981) User=0.00s Sys=0.00s Real=0.00s
[354.424s][info][gc,task        ] GC(982) Using 8 workers of 8 for full compaction
[354.424s][info][gc,start       ] GC(982) Pause Full (G1 Humongous Allocation)
[354.424s][info][gc,phases,start] GC(982) Phase 1: Mark live objects
[354.653s][info][gc,phases      ] GC(982) Phase 1: Mark live objects 228.492ms
[354.653s][info][gc,phases,start] GC(982) Phase 2: Prepare for compaction
[354.681s][info][gc,phases      ] GC(982) Phase 2: Prepare for compaction 28.189ms
[354.681s][info][gc,phases,start] GC(982) Phase 3: Adjust pointers
[354.764s][info][gc,phases      ] GC(982) Phase 3: Adjust pointers 82.656ms
[354.764s][info][gc,phases,start] GC(982) Phase 4: Compact heap
[354.788s][info][gc,phases      ] GC(982) Phase 4: Compact heap 24.658ms
[354.793s][info][gc,heap        ] GC(982) Eden regions: 0->0(25)
[354.793s][info][gc,heap        ] GC(982) Survivor regions: 0->0(0)
[354.793s][info][gc,heap        ] GC(982) Old regions: 483->482
[354.793s][info][gc,heap        ] GC(982) Archive regions: 2->2
[354.793s][info][gc,heap        ] GC(982) Humongous regions: 27->27
[354.793s][info][gc,metaspace   ] GC(982) Metaspace: 44266K(45568K)->44266K(45568K) NonClass: 39034K(39936K)->39034K(39936K) Class: 5231K(5632K)->5231K(5632K)
[354.793s][info][gc             ] GC(982) Pause Full (G1 Humongous Allocation) 508M->508M(512M) 369.154ms
[354.794s][info][gc,cpu         ] GC(982) User=2.58s Sys=0.03s Real=0.37s
[354.794s][info][gc,task        ] GC(983) Using 8 workers of 8 for full compaction
[354.794s][info][gc,start       ] GC(983) Pause Full (G1 Humongous Allocation)
[354.794s][info][gc,phases,start] GC(983) Phase 1: Mark live objects
[355.017s][info][gc,phases      ] GC(983) Phase 1: Mark live objects 222.262ms
[355.017s][info][gc,phases,start] GC(983) Phase 2: Prepare for compaction
[355.046s][info][gc,phases      ] GC(983) Phase 2: Prepare for compaction 29.083ms
[355.046s][info][gc,phases,start] GC(983) Phase 3: Adjust pointers
[355.128s][info][gc,phases      ] GC(983) Phase 3: Adjust pointers 82.237ms
[355.128s][info][gc,phases,start] GC(983) Phase 4: Compact heap
[355.156s][info][gc,phases      ] GC(983) Phase 4: Compact heap 28.369ms
[355.161s][info][gc,heap        ] GC(983) Eden regions: 0->0(25)
[355.161s][info][gc,heap        ] GC(983) Survivor regions: 0->0(0)
[355.161s][info][gc,heap        ] GC(983) Old regions: 482->481
[355.161s][info][gc,heap        ] GC(983) Archive regions: 2->2
[355.161s][info][gc,heap        ] GC(983) Humongous regions: 27->27
[355.161s][info][gc,metaspace   ] GC(983) Metaspace: 44266K(45568K)->44266K(45568K) NonClass: 39034K(39936K)->39034K(39936K) Class: 5231K(5632K)->5231K(5632K)
[355.161s][info][gc             ] GC(983) Pause Full (G1 Humongous Allocation) 508M->508M(512M) 366.493ms
[355.163s][info][gc,cpu         ] GC(983) User=2.58s Sys=0.02s Real=0.37s
[355.164s][info][gc,marking     ] GC(980) Concurrent Mark From Roots 741.275ms
[355.164s][info][gc,marking     ] GC(980) Concurrent Mark Abort
[355.164s][info][gc             ] GC(980) Concurrent Cycle 741.478ms
[355.165s][info][gc,start       ] GC(984) Pause Young (Concurrent Start) (G1 Humongous Allocation)
[355.165s][info][gc,task        ] GC(984) Using 8 workers of 8 for evacuation
[355.166s][info][gc,phases      ] GC(984)   Pre Evacuate Collection Set: 0.1ms
[355.166s][info][gc,phases      ] GC(984)   Merge Heap Roots: 0.0ms
[355.166s][info][gc,phases      ] GC(984)   Evacuate Collection Set: 0.6ms
[355.166s][info][gc,phases      ] GC(984)   Post Evacuate Collection Set: 0.2ms
[355.166s][info][gc,phases      ] GC(984)   Other: 0.2ms
[355.166s][info][gc,heap        ] GC(984) Eden regions: 1->0(24)
[355.166s][info][gc,heap        ] GC(984) Survivor regions: 0->1(1)
[355.166s][info][gc,heap        ] GC(984) Old regions: 481->481
[355.166s][info][gc,heap        ] GC(984) Archive regions: 2->2
[355.166s][info][gc,heap        ] GC(984) Humongous regions: 27->27
[355.166s][info][gc,metaspace   ] GC(984) Metaspace: 44266K(45568K)->44266K(45568K) NonClass: 39035K(39936K)->39035K(39936K) Class: 5231K(5632K)->5231K(5632K)
[355.166s][info][gc             ] GC(984) Pause Young (Concurrent Start) (G1 Humongous Allocation) 508M->508M(512M) 1.239ms
[355.166s][info][gc,cpu         ] GC(984) User=0.01s Sys=0.00s Real=0.01s
[355.166s][info][gc             ] GC(985) Concurrent Cycle
[355.166s][info][gc,marking     ] GC(985) Concurrent Clear Claimed Marks
[355.166s][info][gc,marking     ] GC(985) Concurrent Clear Claimed Marks 0.029ms
[355.166s][info][gc,marking     ] GC(985) Concurrent Scan Root Regions
[355.166s][info][gc,marking     ] GC(985) Concurrent Scan Root Regions 0.405ms
[355.166s][info][gc,marking     ] GC(985) Concurrent Mark (355.166s)
[355.166s][info][gc,marking     ] GC(985) Concurrent Mark From Roots
[355.166s][info][gc,task        ] GC(985) Using 2 workers of 2 for marking
[355.166s][info][gc,start       ] GC(986) Pause Young (Normal) (G1 Humongous Allocation)
[355.166s][info][gc,task        ] GC(986) Using 8 workers of 8 for evacuation
[355.167s][info][gc             ] GC(986) To-space exhausted
[355.167s][info][gc,phases      ] GC(986)   Pre Evacuate Collection Set: 0.4ms
[355.167s][info][gc,phases      ] GC(986)   Merge Heap Roots: 0.1ms
[355.167s][info][gc,phases      ] GC(986)   Evacuate Collection Set: 0.2ms
[355.167s][info][gc,phases      ] GC(986)   Post Evacuate Collection Set: 0.3ms
[355.167s][info][gc,phases      ] GC(986)   Other: 0.1ms
[355.167s][info][gc,heap        ] GC(986) Eden regions: 1->0(25)
[355.167s][info][gc,heap        ] GC(986) Survivor regions: 1->0(0)
[355.167s][info][gc,heap        ] GC(986) Old regions: 481->483
[355.167s][info][gc,heap        ] GC(986) Archive regions: 2->2
[355.167s][info][gc,heap        ] GC(986) Humongous regions: 27->27
[355.167s][info][gc,metaspace   ] GC(986) Metaspace: 44266K(45568K)->44266K(45568K) NonClass: 39035K(39936K)->39035K(39936K) Class: 5231K(5632K)->5231K(5632K)
[355.167s][info][gc             ] GC(986) Pause Young (Normal) (G1 Humongous Allocation) 508M->508M(512M) 0.816ms
[355.167s][info][gc,cpu         ] GC(986) User=0.00s Sys=0.00s Real=0.00s
[355.167s][info][gc,task        ] GC(987) Using 8 workers of 8 for full compaction
[355.167s][info][gc,start       ] GC(987) Pause Full (G1 Humongous Allocation)
[355.168s][info][gc,phases,start] GC(987) Phase 1: Mark live objects
[355.391s][info][gc,phases      ] GC(987) Phase 1: Mark live objects 223.485ms
[355.391s][info][gc,phases,start] GC(987) Phase 2: Prepare for compaction
[355.420s][info][gc,phases      ] GC(987) Phase 2: Prepare for compaction 28.512ms
[355.420s][info][gc,phases,start] GC(987) Phase 3: Adjust pointers
[355.506s][info][gc,phases      ] GC(987) Phase 3: Adjust pointers 85.792ms
[355.506s][info][gc,phases,start] GC(987) Phase 4: Compact heap
[355.532s][info][gc,phases      ] GC(987) Phase 4: Compact heap 26.672ms
[355.537s][info][gc,heap        ] GC(987) Eden regions: 0->0(25)
[355.537s][info][gc,heap        ] GC(987) Survivor regions: 0->0(0)
[355.537s][info][gc,heap        ] GC(987) Old regions: 483->482
[355.537s][info][gc,heap        ] GC(987) Archive regions: 2->2
[355.537s][info][gc,heap        ] GC(987) Humongous regions: 27->27
[355.537s][info][gc,metaspace   ] GC(987) Metaspace: 44266K(45568K)->44266K(45568K) NonClass: 39035K(39936K)->39035K(39936K) Class: 5231K(5632K)->5231K(5632K)
[355.537s][info][gc             ] GC(987) Pause Full (G1 Humongous Allocation) 508M->508M(512M) 369.738ms
[355.538s][info][gc,cpu         ] GC(987) User=2.58s Sys=0.02s Real=0.37s
[355.538s][info][gc,task        ] GC(988) Using 8 workers of 8 for full compaction
[355.538s][info][gc,start       ] GC(988) Pause Full (G1 Humongous Allocation)
[355.539s][info][gc,phases,start] GC(988) Phase 1: Mark live objects
[355.761s][info][gc,phases      ] GC(988) Phase 1: Mark live objects 222.684ms
[355.761s][info][gc,phases,start] GC(988) Phase 2: Prepare for compaction
[355.789s][info][gc,phases      ] GC(988) Phase 2: Prepare for compaction 28.236ms
[355.790s][info][gc,phases,start] GC(988) Phase 3: Adjust pointers
[355.871s][info][gc,phases      ] GC(988) Phase 3: Adjust pointers 81.944ms
[355.872s][info][gc,phases,start] GC(988) Phase 4: Compact heap
[355.896s][info][gc,phases      ] GC(988) Phase 4: Compact heap 24.393ms
[355.900s][info][gc,heap        ] GC(988) Eden regions: 0->0(25)
[355.900s][info][gc,heap        ] GC(988) Survivor regions: 0->0(0)
[355.900s][info][gc,heap        ] GC(988) Old regions: 482->482
[355.900s][info][gc,heap        ] GC(988) Archive regions: 2->2
[355.900s][info][gc,heap        ] GC(988) Humongous regions: 27->27
[355.900s][info][gc,metaspace   ] GC(988) Metaspace: 44266K(45568K)->44266K(45568K) NonClass: 39035K(39936K)->39035K(39936K) Class: 5231K(5632K)->5231K(5632K)
[355.900s][info][gc             ] GC(988) Pause Full (G1 Humongous Allocation) 508M->508M(512M) 361.980ms
[355.902s][info][gc,cpu         ] GC(988) User=2.57s Sys=0.04s Real=0.36s
[355.902s][info][gc,marking     ] GC(985) Concurrent Mark From Roots 735.736ms
[355.902s][info][gc,marking     ] GC(985) Concurrent Mark Abort
[355.902s][info][gc             ] GC(985) Concurrent Cycle 736.308ms
[355.902s][info][gc,start       ] GC(989) Pause Young (Normal) (G1 Humongous Allocation)
[355.902s][info][gc,task        ] GC(989) Using 8 workers of 8 for evacuation
[355.903s][info][gc             ] GC(989) To-space exhausted
[355.903s][info][gc,phases      ] GC(989)   Pre Evacuate Collection Set: 0.1ms
[355.903s][info][gc,phases      ] GC(989)   Merge Heap Roots: 0.0ms
[355.903s][info][gc,phases      ] GC(989)   Evacuate Collection Set: 0.2ms
[355.903s][info][gc,phases      ] GC(989)   Post Evacuate Collection Set: 0.2ms
[355.903s][info][gc,phases      ] GC(989)   Other: 0.1ms
[355.903s][info][gc,heap        ] GC(989) Eden regions: 1->0(25)
[355.903s][info][gc,heap        ] GC(989) Survivor regions: 0->0(0)
[355.903s][info][gc,heap        ] GC(989) Old regions: 482->483
[355.903s][info][gc,heap        ] GC(989) Archive regions: 2->2
[355.903s][info][gc,heap        ] GC(989) Humongous regions: 27->27
[355.903s][info][gc,metaspace   ] GC(989) Metaspace: 44266K(45568K)->44266K(45568K) NonClass: 39035K(39936K)->39035K(39936K) Class: 5231K(5632K)->5231K(5632K)
[355.903s][info][gc             ] GC(989) Pause Young (Normal) (G1 Humongous Allocation) 508M->508M(512M) 0.814ms
[355.903s][info][gc,cpu         ] GC(989) User=0.00s Sys=0.00s Real=0.00s
[355.903s][info][gc,task        ] GC(990) Using 8 workers of 8 for full compaction
[355.903s][info][gc,start       ] GC(990) Pause Full (G1 Humongous Allocation)
[355.903s][info][gc,phases,start] GC(990) Phase 1: Mark live objects
[356.221s][info][gc,phases      ] GC(990) Phase 1: Mark live objects 318.177ms
[356.221s][info][gc,phases,start] GC(990) Phase 2: Prepare for compaction
[356.258s][info][gc,phases      ] GC(990) Phase 2: Prepare for compaction 36.237ms
[356.258s][info][gc,phases,start] GC(990) Phase 3: Adjust pointers
[356.344s][info][gc,phases      ] GC(990) Phase 3: Adjust pointers 86.586ms
[356.344s][info][gc,phases,start] GC(990) Phase 4: Compact heap
[356.371s][info][gc,phases      ] GC(990) Phase 4: Compact heap 26.350ms
[356.377s][info][gc,heap        ] GC(990) Eden regions: 0->0(25)
[356.377s][info][gc,heap        ] GC(990) Survivor regions: 0->0(0)
[356.377s][info][gc,heap        ] GC(990) Old regions: 483->482
[356.377s][info][gc,heap        ] GC(990) Archive regions: 2->2
[356.377s][info][gc,heap        ] GC(990) Humongous regions: 27->27
[356.377s][info][gc,metaspace   ] GC(990) Metaspace: 44266K(45568K)->44266K(45568K) NonClass: 39035K(39936K)->39035K(39936K) Class: 5231K(5632K)->5231K(5632K)
[356.377s][info][gc             ] GC(990) Pause Full (G1 Humongous Allocation) 508M->508M(512M) 474.145ms
[356.378s][info][gc,cpu         ] GC(990) User=2.55s Sys=0.03s Real=0.48s
[356.378s][info][gc,task        ] GC(991) Using 8 workers of 8 for full compaction
[356.379s][info][gc,start       ] GC(991) Pause Full (G1 Humongous Allocation)
[356.379s][info][gc,phases,start] GC(991) Phase 1: Mark live objects
[356.620s][info][gc,phases      ] GC(991) Phase 1: Mark live objects 241.120ms
[356.620s][info][gc,phases,start] GC(991) Phase 2: Prepare for compaction
[356.649s][info][gc,phases      ] GC(991) Phase 2: Prepare for compaction 29.191ms
[356.649s][info][gc,phases,start] GC(991) Phase 3: Adjust pointers
[356.736s][info][gc,phases      ] GC(991) Phase 3: Adjust pointers 87.122ms
[356.736s][info][gc,phases,start] GC(991) Phase 4: Compact heap
[356.767s][info][gc,phases      ] GC(991) Phase 4: Compact heap 30.939ms
[356.771s][info][gc,heap        ] GC(991) Eden regions: 0->0(25)
[356.772s][info][gc,heap        ] GC(991) Survivor regions: 0->0(0)
[356.772s][info][gc,heap        ] GC(991) Old regions: 482->482
[356.772s][info][gc,heap        ] GC(991) Archive regions: 2->2
[356.772s][info][gc,heap        ] GC(991) Humongous regions: 27->27
[356.772s][info][gc,metaspace   ] GC(991) Metaspace: 44266K(45568K)->44266K(45568K) NonClass: 39035K(39936K)->39035K(39936K) Class: 5231K(5632K)->5231K(5632K)
[356.772s][info][gc             ] GC(991) Pause Full (G1 Humongous Allocation) 508M->508M(512M) 393.066ms
[356.773s][info][gc,cpu         ] GC(991) User=2.57s Sys=0.01s Real=0.39s
[356.773s][info][gc,start       ] GC(992) Pause Young (Concurrent Start) (G1 Humongous Allocation)
[356.773s][info][gc,task        ] GC(992) Using 8 workers of 8 for evacuation
[356.774s][info][gc             ] GC(992) To-space exhausted
[356.774s][info][gc,phases      ] GC(992)   Pre Evacuate Collection Set: 0.1ms
[356.774s][info][gc,phases      ] GC(992)   Merge Heap Roots: 0.0ms
[356.774s][info][gc,phases      ] GC(992)   Evacuate Collection Set: 0.5ms
[356.774s][info][gc,phases      ] GC(992)   Post Evacuate Collection Set: 0.2ms
[356.774s][info][gc,phases      ] GC(992)   Other: 0.1ms
[356.774s][info][gc,heap        ] GC(992) Eden regions: 1->0(25)
[356.774s][info][gc,heap        ] GC(992) Survivor regions: 0->0(0)
[356.774s][info][gc,heap        ] GC(992) Old regions: 482->483
[356.774s][info][gc,heap        ] GC(992) Archive regions: 2->2
[356.774s][info][gc,heap        ] GC(992) Humongous regions: 27->27
[356.774s][info][gc,metaspace   ] GC(992) Metaspace: 44266K(45568K)->44266K(45568K) NonClass: 39035K(39936K)->39035K(39936K) Class: 5231K(5632K)->5231K(5632K)
[356.774s][info][gc             ] GC(992) Pause Young (Concurrent Start) (G1 Humongous Allocation) 508M->508M(512M) 1.151ms
[356.774s][info][gc,cpu         ] GC(992) User=0.01s Sys=0.00s Real=0.00s
[356.774s][info][gc,task        ] GC(993) Using 8 workers of 8 for full compaction
[356.774s][info][gc,start       ] GC(993) Pause Full (G1 Humongous Allocation)
[356.774s][info][gc             ] GC(994) Concurrent Cycle
[356.774s][info][gc,marking     ] GC(994) Concurrent Clear Claimed Marks
[356.774s][info][gc,marking     ] GC(994) Concurrent Clear Claimed Marks 0.061ms
[356.774s][info][gc,marking     ] GC(994) Concurrent Scan Root Regions
[356.774s][info][gc,marking     ] GC(994) Concurrent Scan Root Regions 0.026ms
[356.775s][info][gc,marking     ] GC(994) Concurrent Mark (356.774s)
[356.775s][info][gc,marking     ] GC(994) Concurrent Mark From Roots
[356.775s][info][gc,task        ] GC(994) Using 2 workers of 2 for marking
[356.775s][info][gc,phases,start] GC(993) Phase 1: Mark live objects
[356.997s][info][gc,phases      ] GC(993) Phase 1: Mark live objects 221.788ms
[356.997s][info][gc,phases,start] GC(993) Phase 2: Prepare for compaction
[357.026s][info][gc,phases      ] GC(993) Phase 2: Prepare for compaction 29.164ms
[357.026s][info][gc,phases,start] GC(993) Phase 3: Adjust pointers
[357.109s][info][gc,phases      ] GC(993) Phase 3: Adjust pointers 82.599ms
[357.109s][info][gc,phases,start] GC(993) Phase 4: Compact heap
[357.134s][info][gc,phases      ] GC(993) Phase 4: Compact heap 25.054ms
[357.138s][info][gc,heap        ] GC(993) Eden regions: 0->0(25)
[357.138s][info][gc,heap        ] GC(993) Survivor regions: 0->0(0)
[357.138s][info][gc,heap        ] GC(993) Old regions: 483->482
[357.138s][info][gc,heap        ] GC(993) Archive regions: 2->2
[357.138s][info][gc,heap        ] GC(993) Humongous regions: 27->27
[357.138s][info][gc,metaspace   ] GC(993) Metaspace: 44266K(45568K)->44266K(45568K) NonClass: 39035K(39936K)->39035K(39936K) Class: 5231K(5632K)->5231K(5632K)
[357.138s][info][gc             ] GC(993) Pause Full (G1 Humongous Allocation) 508M->508M(512M) 363.801ms
[357.140s][info][gc,cpu         ] GC(993) User=2.59s Sys=0.03s Real=0.37s
[357.140s][info][gc,task        ] GC(995) Using 8 workers of 8 for full compaction
[357.140s][info][gc,start       ] GC(995) Pause Full (G1 Humongous Allocation)
[357.140s][info][gc,phases,start] GC(995) Phase 1: Mark live objects
[357.367s][info][gc,phases      ] GC(995) Phase 1: Mark live objects 227.349ms
[357.367s][info][gc,phases,start] GC(995) Phase 2: Prepare for compaction
[357.396s][info][gc,phases      ] GC(995) Phase 2: Prepare for compaction 28.948ms
[357.396s][info][gc,phases,start] GC(995) Phase 3: Adjust pointers
[357.482s][info][gc,phases      ] GC(995) Phase 3: Adjust pointers 85.515ms
[357.482s][info][gc,phases,start] GC(995) Phase 4: Compact heap
[357.507s][info][gc,phases      ] GC(995) Phase 4: Compact heap 25.028ms
[357.511s][info][gc,heap        ] GC(995) Eden regions: 0->0(25)
[357.511s][info][gc,heap        ] GC(995) Survivor regions: 0->0(0)
[357.511s][info][gc,heap        ] GC(995) Old regions: 482->482
[357.511s][info][gc,heap        ] GC(995) Archive regions: 2->2
[357.511s][info][gc,heap        ] GC(995) Humongous regions: 27->27
[357.511s][info][gc,metaspace   ] GC(995) Metaspace: 44266K(45568K)->44266K(45568K) NonClass: 39035K(39936K)->39035K(39936K) Class: 5231K(5632K)->5231K(5632K)
[357.511s][info][gc             ] GC(995) Pause Full (G1 Humongous Allocation) 508M->508M(512M) 371.489ms
[357.513s][info][gc,cpu         ] GC(995) User=2.65s Sys=0.02s Real=0.37s
[357.513s][info][gc,marking     ] GC(994) Concurrent Mark From Roots 738.920ms
[357.513s][info][gc,marking     ] GC(994) Concurrent Mark Abort
[357.513s][info][gc             ] GC(994) Concurrent Cycle 739.180ms
[357.514s][info][gc,start       ] GC(996) Pause Young (Normal) (G1 Humongous Allocation)
[357.514s][info][gc,task        ] GC(996) Using 8 workers of 8 for evacuation
[357.515s][info][gc             ] GC(996) To-space exhausted
[357.515s][info][gc,phases      ] GC(996)   Pre Evacuate Collection Set: 0.1ms
[357.515s][info][gc,phases      ] GC(996)   Merge Heap Roots: 0.0ms
[357.515s][info][gc,phases      ] GC(996)   Evacuate Collection Set: 0.3ms
[357.515s][info][gc,phases      ] GC(996)   Post Evacuate Collection Set: 0.2ms
[357.515s][info][gc,phases      ] GC(996)   Other: 0.1ms
[357.515s][info][gc,heap        ] GC(996) Eden regions: 1->0(25)
[357.515s][info][gc,heap        ] GC(996) Survivor regions: 0->0(0)
[357.515s][info][gc,heap        ] GC(996) Old regions: 482->483
[357.515s][info][gc,heap        ] GC(996) Archive regions: 2->2
[357.515s][info][gc,heap        ] GC(996) Humongous regions: 27->27
[357.515s][info][gc,metaspace   ] GC(996) Metaspace: 44266K(45568K)->44266K(45568K) NonClass: 39035K(39936K)->39035K(39936K) Class: 5231K(5632K)->5231K(5632K)
[357.515s][info][gc             ] GC(996) Pause Young (Normal) (G1 Humongous Allocation) 508M->508M(512M) 0.850ms
[357.515s][info][gc,cpu         ] GC(996) User=0.00s Sys=0.00s Real=0.00s
[357.515s][info][gc,task        ] GC(997) Using 8 workers of 8 for full compaction
[357.515s][info][gc,start       ] GC(997) Pause Full (G1 Humongous Allocation)
[357.515s][info][gc,phases,start] GC(997) Phase 1: Mark live objects
[357.741s][info][gc,phases      ] GC(997) Phase 1: Mark live objects 226.032ms
[357.741s][info][gc,phases,start] GC(997) Phase 2: Prepare for compaction
[357.770s][info][gc,phases      ] GC(997) Phase 2: Prepare for compaction 29.014ms
[357.770s][info][gc,phases,start] GC(997) Phase 3: Adjust pointers
[357.853s][info][gc,phases      ] GC(997) Phase 3: Adjust pointers 83.354ms
[357.853s][info][gc,phases,start] GC(997) Phase 4: Compact heap
[357.879s][info][gc,phases      ] GC(997) Phase 4: Compact heap 25.482ms
[357.883s][info][gc,heap        ] GC(997) Eden regions: 0->0(25)
[357.883s][info][gc,heap        ] GC(997) Survivor regions: 0->0(0)
[357.883s][info][gc,heap        ] GC(997) Old regions: 483->482
[357.883s][info][gc,heap        ] GC(997) Archive regions: 2->2
[357.883s][info][gc,heap        ] GC(997) Humongous regions: 27->27
[357.883s][info][gc,metaspace   ] GC(997) Metaspace: 44266K(45568K)->44266K(45568K) NonClass: 39035K(39936K)->39035K(39936K) Class: 5231K(5632K)->5231K(5632K)
[357.883s][info][gc             ] GC(997) Pause Full (G1 Humongous Allocation) 508M->508M(512M) 368.449ms
[357.885s][info][gc,cpu         ] GC(997) User=2.65s Sys=0.03s Real=0.37s
[357.885s][info][gc,task        ] GC(998) Using 8 workers of 8 for full compaction
[357.885s][info][gc,start       ] GC(998) Pause Full (G1 Humongous Allocation)
[357.885s][info][gc,phases,start] GC(998) Phase 1: Mark live objects
[358.115s][info][gc,phases      ] GC(998) Phase 1: Mark live objects 229.238ms
[358.115s][info][gc,phases,start] GC(998) Phase 2: Prepare for compaction
[358.143s][info][gc,phases      ] GC(998) Phase 2: Prepare for compaction 28.361ms
[358.143s][info][gc,phases,start] GC(998) Phase 3: Adjust pointers
[358.226s][info][gc,phases      ] GC(998) Phase 3: Adjust pointers 82.467ms
[358.226s][info][gc,phases,start] GC(998) Phase 4: Compact heap
[358.250s][info][gc,phases      ] GC(998) Phase 4: Compact heap 24.516ms
[358.255s][info][gc,heap        ] GC(998) Eden regions: 0->0(25)
[358.255s][info][gc,heap        ] GC(998) Survivor regions: 0->0(0)
[358.255s][info][gc,heap        ] GC(998) Old regions: 482->482
[358.255s][info][gc,heap        ] GC(998) Archive regions: 2->2
[358.255s][info][gc,heap        ] GC(998) Humongous regions: 27->27
[358.255s][info][gc,metaspace   ] GC(998) Metaspace: 44266K(45568K)->44266K(45568K) NonClass: 39035K(39936K)->39035K(39936K) Class: 5231K(5632K)->5231K(5632K)
[358.255s][info][gc             ] GC(998) Pause Full (G1 Humongous Allocation) 508M->508M(512M) 369.278ms
[358.256s][info][gc,cpu         ] GC(998) User=2.61s Sys=0.04s Real=0.38s
[358.257s][info][gc,start       ] GC(999) Pause Young (Concurrent Start) (G1 Humongous Allocation)
[358.257s][info][gc,task        ] GC(999) Using 8 workers of 8 for evacuation
[358.258s][info][gc             ] GC(999) To-space exhausted
[358.258s][info][gc,phases      ] GC(999)   Pre Evacuate Collection Set: 0.1ms
[358.258s][info][gc,phases      ] GC(999)   Merge Heap Roots: 0.0ms
[358.258s][info][gc,phases      ] GC(999)   Evacuate Collection Set: 0.6ms
[358.258s][info][gc,phases      ] GC(999)   Post Evacuate Collection Set: 0.3ms
[358.258s][info][gc,phases      ] GC(999)   Other: 0.2ms
[358.258s][info][gc,heap        ] GC(999) Eden regions: 1->0(25)
[358.258s][info][gc,heap        ] GC(999) Survivor regions: 0->0(0)
[358.258s][info][gc,heap        ] GC(999) Old regions: 482->483
[358.258s][info][gc,heap        ] GC(999) Archive regions: 2->2
[358.258s][info][gc,heap        ] GC(999) Humongous regions: 27->27
[358.258s][info][gc,metaspace   ] GC(999) Metaspace: 44266K(45568K)->44266K(45568K) NonClass: 39035K(39936K)->39035K(39936K) Class: 5231K(5632K)->5231K(5632K)
[358.259s][info][gc             ] GC(999) Pause Young (Concurrent Start) (G1 Humongous Allocation) 509M->509M(512M) 1.253ms
[358.259s][info][gc,cpu         ] GC(999) User=0.01s Sys=0.00s Real=0.00s
[358.259s][info][gc,task        ] GC(1000) Using 8 workers of 8 for full compaction
[358.259s][info][gc,start       ] GC(1000) Pause Full (G1 Humongous Allocation)
[358.259s][info][gc             ] GC(1001) Concurrent Cycle
[358.259s][info][gc,marking     ] GC(1001) Concurrent Clear Claimed Marks
[358.259s][info][gc,marking     ] GC(1001) Concurrent Clear Claimed Marks 0.046ms
[358.259s][info][gc,marking     ] GC(1001) Concurrent Scan Root Regions
[358.259s][info][gc,marking     ] GC(1001) Concurrent Scan Root Regions 0.026ms
[358.259s][info][gc,marking     ] GC(1001) Concurrent Mark (358.259s)
[358.259s][info][gc,marking     ] GC(1001) Concurrent Mark From Roots
[358.259s][info][gc,task        ] GC(1001) Using 2 workers of 2 for marking
[358.259s][info][gc,phases,start] GC(1000) Phase 1: Mark live objects
[358.484s][info][gc,phases      ] GC(1000) Phase 1: Mark live objects 224.492ms
[358.484s][info][gc,phases,start] GC(1000) Phase 2: Prepare for compaction
[358.511s][info][gc,phases      ] GC(1000) Phase 2: Prepare for compaction 27.513ms
[358.511s][info][gc,phases,start] GC(1000) Phase 3: Adjust pointers
[358.607s][info][gc,phases      ] GC(1000) Phase 3: Adjust pointers 95.698ms
[358.607s][info][gc,phases,start] GC(1000) Phase 4: Compact heap
[358.630s][info][gc,phases      ] GC(1000) Phase 4: Compact heap 22.982ms
[358.634s][info][gc,heap        ] GC(1000) Eden regions: 0->0(25)
[358.634s][info][gc,heap        ] GC(1000) Survivor regions: 0->0(0)
[358.634s][info][gc,heap        ] GC(1000) Old regions: 483->482
[358.634s][info][gc,heap        ] GC(1000) Archive regions: 2->2
[358.634s][info][gc,heap        ] GC(1000) Humongous regions: 27->27
[358.634s][info][gc,metaspace   ] GC(1000) Metaspace: 44266K(45568K)->44266K(45568K) NonClass: 39035K(39936K)->39035K(39936K) Class: 5231K(5632K)->5231K(5632K)
[358.634s][info][gc             ] GC(1000) Pause Full (G1 Humongous Allocation) 509M->508M(512M) 375.792ms
[358.636s][info][gc,cpu         ] GC(1000) User=2.66s Sys=0.02s Real=0.38s
[358.636s][info][gc,task        ] GC(1002) Using 8 workers of 8 for full compaction
[358.636s][info][gc,start       ] GC(1002) Pause Full (G1 Humongous Allocation)
[358.636s][info][gc,phases,start] GC(1002) Phase 1: Mark live objects
[358.859s][info][gc,phases      ] GC(1002) Phase 1: Mark live objects 222.630ms
[358.859s][info][gc,phases,start] GC(1002) Phase 2: Prepare for compaction
[358.887s][info][gc,phases      ] GC(1002) Phase 2: Prepare for compaction 28.095ms
[358.887s][info][gc,phases,start] GC(1002) Phase 3: Adjust pointers
[358.971s][info][gc,phases      ] GC(1002) Phase 3: Adjust pointers 83.698ms
[358.971s][info][gc,phases,start] GC(1002) Phase 4: Compact heap
[358.993s][info][gc,phases      ] GC(1002) Phase 4: Compact heap 22.423ms
[358.998s][info][gc,heap        ] GC(1002) Eden regions: 0->0(25)
[358.998s][info][gc,heap        ] GC(1002) Survivor regions: 0->0(0)
[358.998s][info][gc,heap        ] GC(1002) Old regions: 482->482
[358.998s][info][gc,heap        ] GC(1002) Archive regions: 2->2
[358.998s][info][gc,heap        ] GC(1002) Humongous regions: 27->27
[358.998s][info][gc,metaspace   ] GC(1002) Metaspace: 44266K(45568K)->44266K(45568K) NonClass: 39035K(39936K)->39035K(39936K) Class: 5231K(5632K)->5231K(5632K)
[358.998s][info][gc             ] GC(1002) Pause Full (G1 Humongous Allocation) 508M->508M(512M) 361.730ms
[359.000s][info][gc,cpu         ] GC(1002) User=2.56s Sys=0.01s Real=0.36s
[359.000s][info][gc,marking     ] GC(1001) Concurrent Mark From Roots 740.894ms
[359.000s][info][gc,marking     ] GC(1001) Concurrent Mark Abort
[359.000s][info][gc             ] GC(1001) Concurrent Cycle 741.113ms
[359.000s][info][gc,start       ] GC(1003) Pause Young (Normal) (G1 Humongous Allocation)
[359.000s][info][gc,task        ] GC(1003) Using 8 workers of 8 for evacuation
[359.001s][info][gc             ] GC(1003) To-space exhausted
[359.001s][info][gc,phases      ] GC(1003)   Pre Evacuate Collection Set: 0.1ms
[359.001s][info][gc,phases      ] GC(1003)   Merge Heap Roots: 0.0ms
[359.001s][info][gc,phases      ] GC(1003)   Evacuate Collection Set: 0.3ms
[359.001s][info][gc,phases      ] GC(1003)   Post Evacuate Collection Set: 0.2ms
[359.001s][info][gc,phases      ] GC(1003)   Other: 0.1ms
[359.001s][info][gc,heap        ] GC(1003) Eden regions: 1->0(25)
[359.001s][info][gc,heap        ] GC(1003) Survivor regions: 0->0(0)
[359.001s][info][gc,heap        ] GC(1003) Old regions: 482->483
[359.001s][info][gc,heap        ] GC(1003) Archive regions: 2->2
[359.001s][info][gc,heap        ] GC(1003) Humongous regions: 27->27
[359.001s][info][gc,metaspace   ] GC(1003) Metaspace: 44266K(45568K)->44266K(45568K) NonClass: 39035K(39936K)->39035K(39936K) Class: 5231K(5632K)->5231K(5632K)
[359.001s][info][gc             ] GC(1003) Pause Young (Normal) (G1 Humongous Allocation) 509M->509M(512M) 0.835ms
[359.001s][info][gc,cpu         ] GC(1003) User=0.00s Sys=0.00s Real=0.00s
[359.001s][info][gc,task        ] GC(1004) Using 8 workers of 8 for full compaction
[359.001s][info][gc,start       ] GC(1004) Pause Full (G1 Humongous Allocation)
[359.001s][info][gc,phases,start] GC(1004) Phase 1: Mark live objects
[359.226s][info][gc,phases      ] GC(1004) Phase 1: Mark live objects 224.344ms
[359.226s][info][gc,phases,start] GC(1004) Phase 2: Prepare for compaction
[359.255s][info][gc,phases      ] GC(1004) Phase 2: Prepare for compaction 29.261ms
[359.255s][info][gc,phases,start] GC(1004) Phase 3: Adjust pointers
[359.342s][info][gc,phases      ] GC(1004) Phase 3: Adjust pointers 86.963ms
[359.342s][info][gc,phases,start] GC(1004) Phase 4: Compact heap
[359.374s][info][gc,phases      ] GC(1004) Phase 4: Compact heap 31.996ms
[359.378s][info][gc,heap        ] GC(1004) Eden regions: 0->0(25)
[359.378s][info][gc,heap        ] GC(1004) Survivor regions: 0->0(0)
[359.379s][info][gc,heap        ] GC(1004) Old regions: 483->482
[359.379s][info][gc,heap        ] GC(1004) Archive regions: 2->2
[359.379s][info][gc,heap        ] GC(1004) Humongous regions: 27->27
[359.379s][info][gc,metaspace   ] GC(1004) Metaspace: 44266K(45568K)->44266K(45568K) NonClass: 39035K(39936K)->39035K(39936K) Class: 5231K(5632K)->5231K(5632K)
[359.379s][info][gc             ] GC(1004) Pause Full (G1 Humongous Allocation) 509M->508M(512M) 377.185ms
[359.380s][info][gc,cpu         ] GC(1004) User=2.61s Sys=0.01s Real=0.38s
[359.380s][info][gc,task        ] GC(1005) Using 8 workers of 8 for full compaction
[359.380s][info][gc,start       ] GC(1005) Pause Full (G1 Humongous Allocation)
[359.380s][info][gc,phases,start] GC(1005) Phase 1: Mark live objects
[359.623s][info][gc,phases      ] GC(1005) Phase 1: Mark live objects 242.375ms
[359.623s][info][gc,phases,start] GC(1005) Phase 2: Prepare for compaction
[359.650s][info][gc,phases      ] GC(1005) Phase 2: Prepare for compaction 27.659ms
[359.650s][info][gc,phases,start] GC(1005) Phase 3: Adjust pointers
[359.735s][info][gc,phases      ] GC(1005) Phase 3: Adjust pointers 84.422ms
[359.735s][info][gc,phases,start] GC(1005) Phase 4: Compact heap
[359.760s][info][gc,phases      ] GC(1005) Phase 4: Compact heap 24.820ms
[359.764s][info][gc,heap        ] GC(1005) Eden regions: 0->0(25)
[359.764s][info][gc,heap        ] GC(1005) Survivor regions: 0->0(0)
[359.764s][info][gc,heap        ] GC(1005) Old regions: 482->482
[359.764s][info][gc,heap        ] GC(1005) Archive regions: 2->2
[359.764s][info][gc,heap        ] GC(1005) Humongous regions: 27->27
[359.764s][info][gc,metaspace   ] GC(1005) Metaspace: 44266K(45568K)->44266K(45568K) NonClass: 39035K(39936K)->39035K(39936K) Class: 5231K(5632K)->5231K(5632K)
[359.764s][info][gc             ] GC(1005) Pause Full (G1 Humongous Allocation) 508M->508M(512M) 384.132ms
[359.766s][info][gc,cpu         ] GC(1005) User=2.58s Sys=0.02s Real=0.39s
[359.768s][info][gc,start       ] GC(1006) Pause Young (Concurrent Start) (G1 Humongous Allocation)
[359.768s][info][gc,task        ] GC(1006) Using 8 workers of 8 for evacuation
[359.770s][info][gc             ] GC(1006) To-space exhausted
[359.770s][info][gc,phases      ] GC(1006)   Pre Evacuate Collection Set: 0.1ms
[359.770s][info][gc,phases      ] GC(1006)   Merge Heap Roots: 0.0ms
[359.770s][info][gc,phases      ] GC(1006)   Evacuate Collection Set: 0.5ms
[359.770s][info][gc,phases      ] GC(1006)   Post Evacuate Collection Set: 0.7ms
[359.770s][info][gc,phases      ] GC(1006)   Other: 0.2ms
[359.770s][info][gc,heap        ] GC(1006) Eden regions: 1->0(25)
[359.770s][info][gc,heap        ] GC(1006) Survivor regions: 0->0(0)
[359.770s][info][gc,heap        ] GC(1006) Old regions: 482->483
[359.770s][info][gc,heap        ] GC(1006) Archive regions: 2->2
[359.770s][info][gc,heap        ] GC(1006) Humongous regions: 27->27
[359.770s][info][gc,metaspace   ] GC(1006) Metaspace: 44269K(45568K)->44269K(45568K) NonClass: 39037K(39936K)->39037K(39936K) Class: 5232K(5632K)->5232K(5632K)
[359.770s][info][gc             ] GC(1006) Pause Young (Concurrent Start) (G1 Humongous Allocation) 509M->509M(512M) 1.588ms
[359.770s][info][gc,cpu         ] GC(1006) User=0.01s Sys=0.00s Real=0.00s
[359.770s][info][gc,task        ] GC(1007) Using 8 workers of 8 for full compaction
[359.770s][info][gc,start       ] GC(1007) Pause Full (G1 Humongous Allocation)
[359.770s][info][gc             ] GC(1008) Concurrent Cycle
[359.770s][info][gc,marking     ] GC(1008) Concurrent Clear Claimed Marks
[359.770s][info][gc,marking     ] GC(1008) Concurrent Clear Claimed Marks 0.049ms
[359.770s][info][gc,marking     ] GC(1008) Concurrent Scan Root Regions
[359.770s][info][gc,marking     ] GC(1008) Concurrent Scan Root Regions 0.027ms
[359.770s][info][gc,marking     ] GC(1008) Concurrent Mark (359.770s)
[359.770s][info][gc,marking     ] GC(1008) Concurrent Mark From Roots
[359.770s][info][gc,task        ] GC(1008) Using 2 workers of 2 for marking
[359.770s][info][gc,phases,start] GC(1007) Phase 1: Mark live objects
[359.994s][info][gc,phases      ] GC(1007) Phase 1: Mark live objects 223.590ms
[359.994s][info][gc,phases,start] GC(1007) Phase 2: Prepare for compaction
[360.022s][info][gc,phases      ] GC(1007) Phase 2: Prepare for compaction 27.787ms
[360.022s][info][gc,phases,start] GC(1007) Phase 3: Adjust pointers
[360.103s][info][gc,phases      ] GC(1007) Phase 3: Adjust pointers 81.558ms
[360.103s][info][gc,phases,start] GC(1007) Phase 4: Compact heap
[360.127s][info][gc,phases      ] GC(1007) Phase 4: Compact heap 23.140ms
[360.131s][info][gc,heap        ] GC(1007) Eden regions: 0->0(25)
[360.131s][info][gc,heap        ] GC(1007) Survivor regions: 0->0(0)
[360.131s][info][gc,heap        ] GC(1007) Old regions: 483->482
[360.131s][info][gc,heap        ] GC(1007) Archive regions: 2->2
[360.131s][info][gc,heap        ] GC(1007) Humongous regions: 27->27
[360.131s][info][gc,metaspace   ] GC(1007) Metaspace: 44269K(45568K)->44269K(45568K) NonClass: 39037K(39936K)->39037K(39936K) Class: 5232K(5632K)->5232K(5632K)
[360.131s][info][gc             ] GC(1007) Pause Full (G1 Humongous Allocation) 509M->508M(512M) 361.205ms
[360.132s][info][gc,cpu         ] GC(1007) User=2.58s Sys=0.02s Real=0.36s
[360.132s][info][gc,task        ] GC(1009) Using 8 workers of 8 for full compaction
[360.132s][info][gc,start       ] GC(1009) Pause Full (G1 Humongous Allocation)
[360.132s][info][gc,phases,start] GC(1009) Phase 1: Mark live objects
[360.363s][info][gc,phases      ] GC(1009) Phase 1: Mark live objects 231.386ms
[360.363s][info][gc,phases,start] GC(1009) Phase 2: Prepare for compaction
[360.392s][info][gc,phases      ] GC(1009) Phase 2: Prepare for compaction 28.521ms
[360.392s][info][gc,phases,start] GC(1009) Phase 3: Adjust pointers
[360.475s][info][gc,phases      ] GC(1009) Phase 3: Adjust pointers 83.463ms
[360.475s][info][gc,phases,start] GC(1009) Phase 4: Compact heap
[360.500s][info][gc,phases      ] GC(1009) Phase 4: Compact heap 24.923ms
[360.505s][info][gc,heap        ] GC(1009) Eden regions: 0->0(25)
[360.505s][info][gc,heap        ] GC(1009) Survivor regions: 0->0(0)
[360.505s][info][gc,heap        ] GC(1009) Old regions: 482->482
[360.505s][info][gc,heap        ] GC(1009) Archive regions: 2->2
[360.505s][info][gc,heap        ] GC(1009) Humongous regions: 27->27
[360.505s][info][gc,metaspace   ] GC(1009) Metaspace: 44269K(45568K)->44269K(45568K) NonClass: 39037K(39936K)->39037K(39936K) Class: 5232K(5632K)->5232K(5632K)
[360.505s][info][gc             ] GC(1009) Pause Full (G1 Humongous Allocation) 508M->508M(512M) 372.870ms
[360.507s][info][gc,cpu         ] GC(1009) User=2.58s Sys=0.02s Real=0.38s
[360.507s][info][gc,marking     ] GC(1008) Concurrent Mark From Roots 736.799ms
[360.507s][info][gc,marking     ] GC(1008) Concurrent Mark Abort
[360.507s][info][gc             ] GC(1008) Concurrent Cycle 737.041ms
[360.507s][info][gc,start       ] GC(1010) Pause Young (Concurrent Start) (G1 Humongous Allocation)
[360.507s][info][gc,task        ] GC(1010) Using 8 workers of 8 for evacuation
[360.508s][info][gc             ] GC(1010) To-space exhausted
[360.508s][info][gc,phases      ] GC(1010)   Pre Evacuate Collection Set: 0.1ms
[360.508s][info][gc,phases      ] GC(1010)   Merge Heap Roots: 0.0ms
[360.508s][info][gc,phases      ] GC(1010)   Evacuate Collection Set: 0.5ms
[360.508s][info][gc,phases      ] GC(1010)   Post Evacuate Collection Set: 0.3ms
[360.509s][info][gc,phases      ] GC(1010)   Other: 0.2ms
[360.509s][info][gc,heap        ] GC(1010) Eden regions: 1->0(25)
[360.509s][info][gc,heap        ] GC(1010) Survivor regions: 0->0(0)
[360.509s][info][gc,heap        ] GC(1010) Old regions: 482->483
[360.509s][info][gc,heap        ] GC(1010) Archive regions: 2->2
[360.509s][info][gc,heap        ] GC(1010) Humongous regions: 27->27
[360.509s][info][gc,metaspace   ] GC(1010) Metaspace: 44269K(45568K)->44269K(45568K) NonClass: 39037K(39936K)->39037K(39936K) Class: 5232K(5632K)->5232K(5632K)
[360.509s][info][gc             ] GC(1010) Pause Young (Concurrent Start) (G1 Humongous Allocation) 508M->508M(512M) 1.210ms
[360.509s][info][gc,cpu         ] GC(1010) User=0.00s Sys=0.00s Real=0.00s
[360.509s][info][gc             ] GC(1011) Concurrent Cycle
[360.509s][info][gc,marking     ] GC(1011) Concurrent Clear Claimed Marks
[360.509s][info][gc,marking     ] GC(1011) Concurrent Clear Claimed Marks 0.015ms
[360.509s][info][gc,marking     ] GC(1011) Concurrent Scan Root Regions
[360.509s][info][gc,marking     ] GC(1011) Concurrent Scan Root Regions 0.029ms
[360.509s][info][gc,marking     ] GC(1011) Concurrent Mark (360.509s)
[360.509s][info][gc,marking     ] GC(1011) Concurrent Mark From Roots
[360.509s][info][gc,task        ] GC(1011) Using 2 workers of 2 for marking
[360.509s][info][gc,start       ] GC(1012) Pause Young (Normal) (G1 Humongous Allocation)
[360.509s][info][gc,task        ] GC(1012) Using 8 workers of 8 for evacuation
[360.510s][info][gc,phases      ] GC(1012)   Pre Evacuate Collection Set: 0.1ms
[360.510s][info][gc,phases      ] GC(1012)   Merge Heap Roots: 0.0ms
[360.510s][info][gc,phases      ] GC(1012)   Evacuate Collection Set: 0.2ms
[360.510s][info][gc,phases      ] GC(1012)   Post Evacuate Collection Set: 0.1ms
[360.510s][info][gc,phases      ] GC(1012)   Other: 0.1ms
[360.510s][info][gc,heap        ] GC(1012) Eden regions: 0->0(25)
[360.510s][info][gc,heap        ] GC(1012) Survivor regions: 0->0(0)
[360.510s][info][gc,heap        ] GC(1012) Old regions: 483->483
[360.510s][info][gc,heap        ] GC(1012) Archive regions: 2->2
[360.510s][info][gc,heap        ] GC(1012) Humongous regions: 27->27
[360.510s][info][gc,metaspace   ] GC(1012) Metaspace: 44269K(45568K)->44269K(45568K) NonClass: 39037K(39936K)->39037K(39936K) Class: 5232K(5632K)->5232K(5632K)
[360.510s][info][gc             ] GC(1012) Pause Young (Normal) (G1 Humongous Allocation) 508M->508M(512M) 0.621ms
[360.510s][info][gc,cpu         ] GC(1012) User=0.00s Sys=0.00s Real=0.00s
[360.510s][info][gc,task        ] GC(1013) Using 8 workers of 8 for full compaction
[360.510s][info][gc,start       ] GC(1013) Pause Full (G1 Humongous Allocation)
[360.511s][info][gc,phases,start] GC(1013) Phase 1: Mark live objects
[360.736s][info][gc,phases      ] GC(1013) Phase 1: Mark live objects 225.016ms
[360.736s][info][gc,phases,start] GC(1013) Phase 2: Prepare for compaction
[360.766s][info][gc,phases      ] GC(1013) Phase 2: Prepare for compaction 30.389ms
[360.766s][info][gc,phases,start] GC(1013) Phase 3: Adjust pointers
[360.859s][info][gc,phases      ] GC(1013) Phase 3: Adjust pointers 92.706ms
[360.859s][info][gc,phases,start] GC(1013) Phase 4: Compact heap
[360.890s][info][gc,phases      ] GC(1013) Phase 4: Compact heap 30.942ms
[360.894s][info][gc,heap        ] GC(1013) Eden regions: 0->0(25)
[360.894s][info][gc,heap        ] GC(1013) Survivor regions: 0->0(0)
[360.894s][info][gc,heap        ] GC(1013) Old regions: 483->482
[360.894s][info][gc,heap        ] GC(1013) Archive regions: 2->2
[360.895s][info][gc,heap        ] GC(1013) Humongous regions: 27->27
[360.895s][info][gc,metaspace   ] GC(1013) Metaspace: 44269K(45568K)->44269K(45568K) NonClass: 39037K(39936K)->39037K(39936K) Class: 5232K(5632K)->5232K(5632K)
[360.895s][info][gc             ] GC(1013) Pause Full (G1 Humongous Allocation) 508M->508M(512M) 384.538ms
[360.896s][info][gc,cpu         ] GC(1013) User=2.60s Sys=0.03s Real=0.39s
[360.896s][info][gc,task        ] GC(1014) Using 8 workers of 8 for full compaction
[360.896s][info][gc,start       ] GC(1014) Pause Full (G1 Humongous Allocation)
[360.896s][info][gc,phases,start] GC(1014) Phase 1: Mark live objects
[361.221s][info][gc,phases      ] GC(1014) Phase 1: Mark live objects 325.625ms
[361.221s][info][gc,phases,start] GC(1014) Phase 2: Prepare for compaction
[361.260s][info][gc,phases      ] GC(1014) Phase 2: Prepare for compaction 39.021ms
[361.260s][info][gc,phases,start] GC(1014) Phase 3: Adjust pointers
[361.346s][info][gc,phases      ] GC(1014) Phase 3: Adjust pointers 85.570ms
[361.346s][info][gc,phases,start] GC(1014) Phase 4: Compact heap
[361.373s][info][gc,phases      ] GC(1014) Phase 4: Compact heap 26.795ms
[361.378s][info][gc,heap        ] GC(1014) Eden regions: 0->0(25)
[361.378s][info][gc,heap        ] GC(1014) Survivor regions: 0->0(0)
[361.378s][info][gc,heap        ] GC(1014) Old regions: 482->482
[361.378s][info][gc,heap        ] GC(1014) Archive regions: 2->2
[361.378s][info][gc,heap        ] GC(1014) Humongous regions: 27->27
[361.378s][info][gc,metaspace   ] GC(1014) Metaspace: 44269K(45568K)->44269K(45568K) NonClass: 39037K(39936K)->39037K(39936K) Class: 5232K(5632K)->5232K(5632K)
[361.378s][info][gc             ] GC(1014) Pause Full (G1 Humongous Allocation) 508M->508M(512M) 482.030ms
[361.379s][info][gc,cpu         ] GC(1014) User=2.61s Sys=0.03s Real=0.48s
[361.379s][info][gc,marking     ] GC(1011) Concurrent Mark From Roots 870.371ms
[361.379s][info][gc,marking     ] GC(1011) Concurrent Mark Abort
[361.379s][info][gc             ] GC(1011) Concurrent Cycle 870.662ms
[361.380s][info][gc,start       ] GC(1015) Pause Young (Normal) (G1 Evacuation Pause)
[361.380s][info][gc,task        ] GC(1015) Using 8 workers of 8 for evacuation
[361.381s][info][gc             ] GC(1015) To-space exhausted
[361.381s][info][gc,phases      ] GC(1015)   Pre Evacuate Collection Set: 0.1ms
[361.381s][info][gc,phases      ] GC(1015)   Merge Heap Roots: 0.0ms
[361.381s][info][gc,phases      ] GC(1015)   Evacuate Collection Set: 0.3ms
[361.381s][info][gc,phases      ] GC(1015)   Post Evacuate Collection Set: 0.6ms
[361.381s][info][gc,phases      ] GC(1015)   Other: 0.2ms
[361.381s][info][gc,heap        ] GC(1015) Eden regions: 1->0(25)
[361.381s][info][gc,heap        ] GC(1015) Survivor regions: 0->0(0)
[361.381s][info][gc,heap        ] GC(1015) Old regions: 482->483
[361.381s][info][gc,heap        ] GC(1015) Archive regions: 2->2
[361.381s][info][gc,heap        ] GC(1015) Humongous regions: 27->27
[361.381s][info][gc,metaspace   ] GC(1015) Metaspace: 44273K(45568K)->44273K(45568K) NonClass: 39040K(39936K)->39040K(39936K) Class: 5232K(5632K)->5232K(5632K)
[361.381s][info][gc             ] GC(1015) Pause Young (Normal) (G1 Evacuation Pause) 509M->509M(512M) 1.344ms
[361.381s][info][gc,cpu         ] GC(1015) User=0.00s Sys=0.01s Real=0.00s
[361.381s][info][gc,ergo        ] Attempting maximally compacting collection
[361.381s][info][gc,task        ] GC(1016) Using 8 workers of 8 for full compaction
[361.381s][info][gc,start       ] GC(1016) Pause Full (G1 Evacuation Pause)
[361.381s][info][gc,phases,start] GC(1016) Phase 1: Mark live objects
[361.613s][info][gc,phases      ] GC(1016) Phase 1: Mark live objects 231.183ms
[361.613s][info][gc,phases,start] GC(1016) Phase 2: Prepare for compaction
[361.643s][info][gc,phases      ] GC(1016) Phase 2: Prepare for compaction 30.860ms
[361.644s][info][gc,phases,start] GC(1016) Phase 3: Adjust pointers
[361.728s][info][gc,phases      ] GC(1016) Phase 3: Adjust pointers 84.641ms
[361.728s][info][gc,phases,start] GC(1016) Phase 4: Compact heap
[361.758s][info][gc,phases      ] GC(1016) Phase 4: Compact heap 29.977ms
[361.762s][info][gc,heap        ] GC(1016) Eden regions: 0->0(25)
[361.763s][info][gc,heap        ] GC(1016) Survivor regions: 0->0(0)
[361.763s][info][gc,heap        ] GC(1016) Old regions: 483->483
[361.763s][info][gc,heap        ] GC(1016) Archive regions: 2->2
[361.763s][info][gc,heap        ] GC(1016) Humongous regions: 27->16
[361.763s][info][gc,metaspace   ] GC(1016) Metaspace: 44273K(45568K)->44273K(45568K) NonClass: 39040K(39936K)->39040K(39936K) Class: 5232K(5632K)->5232K(5632K)
[361.763s][info][gc             ] GC(1016) Pause Full (G1 Evacuation Pause) 509M->497M(512M) 381.226ms
[361.764s][info][gc,cpu         ] GC(1016) User=2.56s Sys=0.02s Real=0.38s
[361.768s][info][gc,start       ] GC(1017) Pause Young (Concurrent Start) (G1 Evacuation Pause)
[361.768s][info][gc,task        ] GC(1017) Using 8 workers of 8 for evacuation
[361.773s][info][gc             ] GC(1017) To-space exhausted
[361.773s][info][gc,phases      ] GC(1017)   Pre Evacuate Collection Set: 0.1ms
[361.773s][info][gc,phases      ] GC(1017)   Merge Heap Roots: 0.1ms
[361.773s][info][gc,phases      ] GC(1017)   Evacuate Collection Set: 2.9ms
[361.773s][info][gc,phases      ] GC(1017)   Post Evacuate Collection Set: 1.6ms
[361.773s][info][gc,phases      ] GC(1017)   Other: 0.2ms
[361.773s][info][gc,heap        ] GC(1017) Eden regions: 11->0(25)
[361.773s][info][gc,heap        ] GC(1017) Survivor regions: 0->0(0)
[361.773s][info][gc,heap        ] GC(1017) Old regions: 483->494
[361.773s][info][gc,heap        ] GC(1017) Archive regions: 2->2
[361.773s][info][gc,heap        ] GC(1017) Humongous regions: 16->16
[361.773s][info][gc,metaspace   ] GC(1017) Metaspace: 44317K(45568K)->44317K(45568K) NonClass: 39077K(39936K)->39077K(39936K) Class: 5239K(5632K)->5239K(5632K)
[361.773s][info][gc             ] GC(1017) Pause Young (Concurrent Start) (G1 Evacuation Pause) 508M->508M(512M) 5.012ms
[361.773s][info][gc,cpu         ] GC(1017) User=0.02s Sys=0.00s Real=0.00s
[361.773s][info][gc,ergo        ] Attempting maximally compacting collection
[361.773s][info][gc,task        ] GC(1018) Using 8 workers of 8 for full compaction
[361.773s][info][gc             ] GC(1019) Concurrent Cycle
[361.773s][info][gc,start       ] GC(1018) Pause Full (G1 Evacuation Pause)
[361.773s][info][gc,marking     ] GC(1019) Concurrent Clear Claimed Marks
[361.773s][info][gc,marking     ] GC(1019) Concurrent Clear Claimed Marks 0.088ms
[361.773s][info][gc,marking     ] GC(1019) Concurrent Scan Root Regions
[361.773s][info][gc,marking     ] GC(1019) Concurrent Scan Root Regions 0.012ms
[361.773s][info][gc,marking     ] GC(1019) Concurrent Mark (361.773s)
[361.773s][info][gc,marking     ] GC(1019) Concurrent Mark From Roots
[361.773s][info][gc,task        ] GC(1019) Using 2 workers of 2 for marking
[361.774s][info][gc,phases,start] GC(1018) Phase 1: Mark live objects
[362.011s][info][gc,phases      ] GC(1018) Phase 1: Mark live objects 237.019ms
[362.011s][info][gc,phases,start] GC(1018) Phase 2: Prepare for compaction
[362.042s][info][gc,phases      ] GC(1018) Phase 2: Prepare for compaction 31.021ms
[362.042s][info][gc,phases,start] GC(1018) Phase 3: Adjust pointers
[362.116s][info][gc,phases      ] GC(1018) Phase 3: Adjust pointers 74.360ms
[362.116s][info][gc,phases,start] GC(1018) Phase 4: Compact heap
[362.148s][info][gc,phases      ] GC(1018) Phase 4: Compact heap 31.186ms
[362.152s][info][gc,heap        ] GC(1018) Eden regions: 0->0(25)
[362.152s][info][gc,heap        ] GC(1018) Survivor regions: 0->0(0)
[362.152s][info][gc,heap        ] GC(1018) Old regions: 494->493
[362.152s][info][gc,heap        ] GC(1018) Archive regions: 2->2
[362.152s][info][gc,heap        ] GC(1018) Humongous regions: 16->16
[362.152s][info][gc,metaspace   ] GC(1018) Metaspace: 44317K(45568K)->44309K(45568K) NonClass: 39077K(39936K)->39071K(39936K) Class: 5239K(5632K)->5238K(5632K)
[362.152s][info][gc             ] GC(1018) Pause Full (G1 Evacuation Pause) 508M->506M(512M) 378.829ms
[362.153s][info][gc,cpu         ] GC(1018) User=2.60s Sys=0.03s Real=0.38s
[362.154s][info][gc,marking     ] GC(1019) Concurrent Mark From Roots 380.230ms
[362.154s][info][gc,marking     ] GC(1019) Concurrent Mark Abort
[362.154s][info][gc             ] GC(1019) Concurrent Cycle 380.452ms
[362.156s][info][gc,start       ] GC(1020) Pause Young (Normal) (G1 Evacuation Pause)
[362.156s][info][gc,task        ] GC(1020) Using 8 workers of 8 for evacuation
[362.157s][info][gc             ] GC(1020) To-space exhausted
[362.157s][info][gc,phases      ] GC(1020)   Pre Evacuate Collection Set: 0.1ms
[362.157s][info][gc,phases      ] GC(1020)   Merge Heap Roots: 0.1ms
[362.157s][info][gc,phases      ] GC(1020)   Evacuate Collection Set: 0.5ms
[362.157s][info][gc,phases      ] GC(1020)   Post Evacuate Collection Set: 0.7ms
[362.157s][info][gc,phases      ] GC(1020)   Other: 0.2ms
[362.157s][info][gc,heap        ] GC(1020) Eden regions: 1->0(25)
[362.157s][info][gc,heap        ] GC(1020) Survivor regions: 0->0(0)
[362.157s][info][gc,heap        ] GC(1020) Old regions: 493->494
[362.157s][info][gc,heap        ] GC(1020) Archive regions: 2->2
[362.157s][info][gc,heap        ] GC(1020) Humongous regions: 16->16
[362.157s][info][gc,metaspace   ] GC(1020) Metaspace: 44310K(45568K)->44310K(45568K) NonClass: 39072K(39936K)->39072K(39936K) Class: 5238K(5632K)->5238K(5632K)
[362.157s][info][gc             ] GC(1020) Pause Young (Normal) (G1 Evacuation Pause) 507M->507M(512M) 1.567ms
[362.157s][info][gc,cpu         ] GC(1020) User=0.00s Sys=0.00s Real=0.00s
[362.157s][info][gc,ergo        ] Attempting maximally compacting collection
[362.157s][info][gc,task        ] GC(1021) Using 8 workers of 8 for full compaction
[362.157s][info][gc,start       ] GC(1021) Pause Full (G1 Evacuation Pause)
[362.157s][info][gc,phases,start] GC(1021) Phase 1: Mark live objects
[362.383s][info][gc,phases      ] GC(1021) Phase 1: Mark live objects 225.277ms
[362.383s][info][gc,phases,start] GC(1021) Phase 2: Prepare for compaction
[362.414s][info][gc,phases      ] GC(1021) Phase 2: Prepare for compaction 31.063ms
[362.414s][info][gc,phases,start] GC(1021) Phase 3: Adjust pointers
[362.486s][info][gc,phases      ] GC(1021) Phase 3: Adjust pointers 72.302ms
[362.486s][info][gc,phases,start] GC(1021) Phase 4: Compact heap
[362.514s][info][gc,phases      ] GC(1021) Phase 4: Compact heap 27.487ms
[362.518s][info][gc,heap        ] GC(1021) Eden regions: 0->0(25)
[362.518s][info][gc,heap        ] GC(1021) Survivor regions: 0->0(0)
[362.518s][info][gc,heap        ] GC(1021) Old regions: 494->492
[362.518s][info][gc,heap        ] GC(1021) Archive regions: 2->2
[362.518s][info][gc,heap        ] GC(1021) Humongous regions: 16->16
[362.518s][info][gc,metaspace   ] GC(1021) Metaspace: 44310K(45568K)->44307K(45568K) NonClass: 39072K(39936K)->39069K(39936K) Class: 5238K(5632K)->5237K(5632K)
[362.518s][info][gc             ] GC(1021) Pause Full (G1 Evacuation Pause) 507M->506M(512M) 361.021ms
[362.520s][info][gc,cpu         ] GC(1021) User=2.57s Sys=0.04s Real=0.36s
[362.525s][info][gc,start       ] GC(1022) Pause Young (Concurrent Start) (G1 Evacuation Pause)
[362.525s][info][gc,task        ] GC(1022) Using 8 workers of 8 for evacuation
[362.526s][info][gc             ] GC(1022) To-space exhausted
[362.527s][info][gc,phases      ] GC(1022)   Pre Evacuate Collection Set: 0.1ms
[362.527s][info][gc,phases      ] GC(1022)   Merge Heap Roots: 0.0ms
[362.527s][info][gc,phases      ] GC(1022)   Evacuate Collection Set: 0.6ms
[362.527s][info][gc,phases      ] GC(1022)   Post Evacuate Collection Set: 0.9ms
[362.527s][info][gc,phases      ] GC(1022)   Other: 0.2ms
[362.527s][info][gc,heap        ] GC(1022) Eden regions: 2->0(25)
[362.527s][info][gc,heap        ] GC(1022) Survivor regions: 0->0(0)
[362.527s][info][gc,heap        ] GC(1022) Old regions: 492->494
[362.527s][info][gc,heap        ] GC(1022) Archive regions: 2->2
[362.527s][info][gc,heap        ] GC(1022) Humongous regions: 16->16
[362.527s][info][gc,metaspace   ] GC(1022) Metaspace: 44310K(45568K)->44310K(45568K) NonClass: 39072K(39936K)->39072K(39936K) Class: 5238K(5632K)->5238K(5632K)
[362.527s][info][gc             ] GC(1022) Pause Young (Concurrent Start) (G1 Evacuation Pause) 508M->508M(512M) 1.883ms
[362.527s][info][gc,cpu         ] GC(1022) User=0.01s Sys=0.00s Real=0.01s
[362.527s][info][gc,ergo        ] Attempting maximally compacting collection
[362.527s][info][gc,task        ] GC(1023) Using 8 workers of 8 for full compaction
[362.527s][info][gc             ] GC(1024) Concurrent Cycle
[362.527s][info][gc,start       ] GC(1023) Pause Full (G1 Evacuation Pause)
[362.527s][info][gc,marking     ] GC(1024) Concurrent Clear Claimed Marks
[362.527s][info][gc,marking     ] GC(1024) Concurrent Clear Claimed Marks 0.067ms
[362.527s][info][gc,marking     ] GC(1024) Concurrent Scan Root Regions
[362.527s][info][gc,marking     ] GC(1024) Concurrent Scan Root Regions 0.023ms
[362.527s][info][gc,marking     ] GC(1024) Concurrent Mark (362.527s)
[362.527s][info][gc,marking     ] GC(1024) Concurrent Mark From Roots
[362.527s][info][gc,task        ] GC(1024) Using 2 workers of 2 for marking
[362.527s][info][gc,phases,start] GC(1023) Phase 1: Mark live objects
[362.751s][info][gc,phases      ] GC(1023) Phase 1: Mark live objects 224.028ms
[362.751s][info][gc,phases,start] GC(1023) Phase 2: Prepare for compaction
[362.782s][info][gc,phases      ] GC(1023) Phase 2: Prepare for compaction 30.231ms
[362.782s][info][gc,phases,start] GC(1023) Phase 3: Adjust pointers
[362.854s][info][gc,phases      ] GC(1023) Phase 3: Adjust pointers 72.300ms
[362.854s][info][gc,phases,start] GC(1023) Phase 4: Compact heap
[362.881s][info][gc,phases      ] GC(1023) Phase 4: Compact heap 27.147ms
[362.885s][info][gc,heap        ] GC(1023) Eden regions: 0->0(25)
[362.885s][info][gc,heap        ] GC(1023) Survivor regions: 0->0(0)
[362.885s][info][gc,heap        ] GC(1023) Old regions: 494->492
[362.885s][info][gc,heap        ] GC(1023) Archive regions: 2->2
[362.885s][info][gc,heap        ] GC(1023) Humongous regions: 16->16
[362.885s][info][gc,metaspace   ] GC(1023) Metaspace: 44310K(45568K)->44310K(45568K) NonClass: 39072K(39936K)->39072K(39936K) Class: 5238K(5632K)->5238K(5632K)
[362.885s][info][gc             ] GC(1023) Pause Full (G1 Evacuation Pause) 508M->506M(512M) 358.744ms
[362.887s][info][gc,cpu         ] GC(1023) User=2.55s Sys=0.03s Real=0.36s
[362.887s][info][gc,marking     ] GC(1024) Concurrent Mark From Roots 359.856ms
[362.887s][info][gc,marking     ] GC(1024) Concurrent Mark Abort
[362.887s][info][gc             ] GC(1024) Concurrent Cycle 360.117ms
[362.889s][info][gc,start       ] GC(1025) Pause Young (Normal) (G1 Evacuation Pause)
[362.889s][info][gc,task        ] GC(1025) Using 8 workers of 8 for evacuation
[362.890s][info][gc             ] GC(1025) To-space exhausted
[362.890s][info][gc,phases      ] GC(1025)   Pre Evacuate Collection Set: 0.1ms
[362.890s][info][gc,phases      ] GC(1025)   Merge Heap Roots: 0.0ms
[362.890s][info][gc,phases      ] GC(1025)   Evacuate Collection Set: 0.4ms
[362.890s][info][gc,phases      ] GC(1025)   Post Evacuate Collection Set: 0.6ms
[362.890s][info][gc,phases      ] GC(1025)   Other: 0.2ms
[362.890s][info][gc,heap        ] GC(1025) Eden regions: 2->0(25)
[362.890s][info][gc,heap        ] GC(1025) Survivor regions: 0->0(0)
[362.890s][info][gc,heap        ] GC(1025) Old regions: 492->494
[362.890s][info][gc,heap        ] GC(1025) Archive regions: 2->2
[362.890s][info][gc,heap        ] GC(1025) Humongous regions: 16->16
[362.890s][info][gc,metaspace   ] GC(1025) Metaspace: 44310K(45568K)->44310K(45568K) NonClass: 39072K(39936K)->39072K(39936K) Class: 5238K(5632K)->5238K(5632K)
[362.890s][info][gc             ] GC(1025) Pause Young (Normal) (G1 Evacuation Pause) 508M->508M(512M) 1.382ms
[362.890s][info][gc,cpu         ] GC(1025) User=0.00s Sys=0.00s Real=0.00s
[362.890s][info][gc,ergo        ] Attempting maximally compacting collection
[362.890s][info][gc,task        ] GC(1026) Using 8 workers of 8 for full compaction
[362.890s][info][gc,start       ] GC(1026) Pause Full (G1 Evacuation Pause)
[362.890s][info][gc,phases,start] GC(1026) Phase 1: Mark live objects
[363.110s][info][gc,phases      ] GC(1026) Phase 1: Mark live objects 219.876ms
[363.110s][info][gc,phases,start] GC(1026) Phase 2: Prepare for compaction
[363.140s][info][gc,phases      ] GC(1026) Phase 2: Prepare for compaction 29.455ms
[363.140s][info][gc,phases,start] GC(1026) Phase 3: Adjust pointers
[363.211s][info][gc,phases      ] GC(1026) Phase 3: Adjust pointers 70.759ms
[363.211s][info][gc,phases,start] GC(1026) Phase 4: Compact heap
[363.235s][info][gc,phases      ] GC(1026) Phase 4: Compact heap 24.854ms
[363.240s][info][gc,heap        ] GC(1026) Eden regions: 0->0(25)
[363.240s][info][gc,heap        ] GC(1026) Survivor regions: 0->0(0)
[363.240s][info][gc,heap        ] GC(1026) Old regions: 494->493
[363.240s][info][gc,heap        ] GC(1026) Archive regions: 2->2
[363.240s][info][gc,heap        ] GC(1026) Humongous regions: 16->16
[363.240s][info][gc,metaspace   ] GC(1026) Metaspace: 44310K(45568K)->44307K(45568K) NonClass: 39072K(39936K)->39069K(39936K) Class: 5238K(5632K)->5237K(5632K)
[363.240s][info][gc             ] GC(1026) Pause Full (G1 Evacuation Pause) 508M->507M(512M) 349.366ms
[363.241s][info][gc,cpu         ] GC(1026) User=2.46s Sys=0.03s Real=0.35s
[363.244s][info][gc,start       ] GC(1027) Pause Young (Concurrent Start) (G1 Evacuation Pause)
[363.244s][info][gc,task        ] GC(1027) Using 8 workers of 8 for evacuation
[363.246s][info][gc             ] GC(1027) To-space exhausted
[363.246s][info][gc,phases      ] GC(1027)   Pre Evacuate Collection Set: 0.1ms
[363.246s][info][gc,phases      ] GC(1027)   Merge Heap Roots: 0.1ms
[363.246s][info][gc,phases      ] GC(1027)   Evacuate Collection Set: 0.8ms
[363.246s][info][gc,phases      ] GC(1027)   Post Evacuate Collection Set: 0.8ms
[363.246s][info][gc,phases      ] GC(1027)   Other: 0.2ms
[363.246s][info][gc,heap        ] GC(1027) Eden regions: 1->0(25)
[363.246s][info][gc,heap        ] GC(1027) Survivor regions: 0->0(0)
[363.246s][info][gc,heap        ] GC(1027) Old regions: 493->494
[363.246s][info][gc,heap        ] GC(1027) Archive regions: 2->2
[363.246s][info][gc,heap        ] GC(1027) Humongous regions: 16->16
[363.246s][info][gc,metaspace   ] GC(1027) Metaspace: 44310K(45568K)->44310K(45568K) NonClass: 39072K(39936K)->39072K(39936K) Class: 5238K(5632K)->5238K(5632K)
[363.246s][info][gc             ] GC(1027) Pause Young (Concurrent Start) (G1 Evacuation Pause) 508M->508M(512M) 2.044ms
[363.246s][info][gc,cpu         ] GC(1027) User=0.01s Sys=0.00s Real=0.01s
[363.246s][info][gc,ergo        ] Attempting maximally compacting collection
[363.246s][info][gc             ] GC(1028) Concurrent Cycle
[363.246s][info][gc,task        ] GC(1029) Using 8 workers of 8 for full compaction
[363.246s][info][gc,marking     ] GC(1028) Concurrent Clear Claimed Marks
[363.246s][info][gc,start       ] GC(1029) Pause Full (G1 Evacuation Pause)
[363.246s][info][gc,marking     ] GC(1028) Concurrent Clear Claimed Marks 0.051ms
[363.246s][info][gc,marking     ] GC(1028) Concurrent Scan Root Regions
[363.246s][info][gc,marking     ] GC(1028) Concurrent Scan Root Regions 0.025ms
[363.246s][info][gc,marking     ] GC(1028) Concurrent Mark (363.246s)
[363.246s][info][gc,marking     ] GC(1028) Concurrent Mark From Roots
[363.246s][info][gc,task        ] GC(1028) Using 2 workers of 2 for marking
[363.247s][info][gc,phases,start] GC(1029) Phase 1: Mark live objects
[363.465s][info][gc,phases      ] GC(1029) Phase 1: Mark live objects 218.576ms
[363.465s][info][gc,phases,start] GC(1029) Phase 2: Prepare for compaction
[363.498s][info][gc,phases      ] GC(1029) Phase 2: Prepare for compaction 32.538ms
[363.498s][info][gc,phases,start] GC(1029) Phase 3: Adjust pointers
[363.574s][info][gc,phases      ] GC(1029) Phase 3: Adjust pointers 75.642ms
[363.574s][info][gc,phases,start] GC(1029) Phase 4: Compact heap
[363.600s][info][gc,phases      ] GC(1029) Phase 4: Compact heap 26.663ms
[363.604s][info][gc,heap        ] GC(1029) Eden regions: 0->0(25)
[363.604s][info][gc,heap        ] GC(1029) Survivor regions: 0->0(0)
[363.604s][info][gc,heap        ] GC(1029) Old regions: 494->493
[363.604s][info][gc,heap        ] GC(1029) Archive regions: 2->2
[363.604s][info][gc,heap        ] GC(1029) Humongous regions: 16->16
[363.604s][info][gc,metaspace   ] GC(1029) Metaspace: 44310K(45568K)->44310K(45568K) NonClass: 39072K(39936K)->39072K(39936K) Class: 5238K(5632K)->5238K(5632K)
[363.605s][info][gc             ] GC(1029) Pause Full (G1 Evacuation Pause) 508M->507M(512M) 358.421ms
[363.606s][info][gc,cpu         ] GC(1029) User=2.49s Sys=0.04s Real=0.36s
[363.606s][info][gc,marking     ] GC(1028) Concurrent Mark From Roots 360.163ms
[363.606s][info][gc,marking     ] GC(1028) Concurrent Mark Abort
[363.606s][info][gc             ] GC(1028) Concurrent Cycle 360.440ms
[363.607s][info][gc,start       ] GC(1030) Pause Young (Normal) (G1 Evacuation Pause)
[363.607s][info][gc,task        ] GC(1030) Using 8 workers of 8 for evacuation
[363.608s][info][gc             ] GC(1030) To-space exhausted
[363.608s][info][gc,phases      ] GC(1030)   Pre Evacuate Collection Set: 0.1ms
[363.608s][info][gc,phases      ] GC(1030)   Merge Heap Roots: 0.0ms
[363.608s][info][gc,phases      ] GC(1030)   Evacuate Collection Set: 0.2ms
[363.608s][info][gc,phases      ] GC(1030)   Post Evacuate Collection Set: 0.2ms
[363.608s][info][gc,phases      ] GC(1030)   Other: 0.1ms
[363.608s][info][gc,heap        ] GC(1030) Eden regions: 1->0(25)
[363.608s][info][gc,heap        ] GC(1030) Survivor regions: 0->0(0)
[363.608s][info][gc,heap        ] GC(1030) Old regions: 493->494
[363.608s][info][gc,heap        ] GC(1030) Archive regions: 2->2
[363.608s][info][gc,heap        ] GC(1030) Humongous regions: 16->16
[363.608s][info][gc,metaspace   ] GC(1030) Metaspace: 44310K(45568K)->44310K(45568K) NonClass: 39072K(39936K)->39072K(39936K) Class: 5238K(5632K)->5238K(5632K)
[363.608s][info][gc             ] GC(1030) Pause Young (Normal) (G1 Evacuation Pause) 508M->508M(512M) 0.792ms
[363.608s][info][gc,cpu         ] GC(1030) User=0.00s Sys=0.00s Real=0.00s
[363.608s][info][gc,ergo        ] Attempting maximally compacting collection
[363.608s][info][gc,task        ] GC(1031) Using 8 workers of 8 for full compaction
[363.608s][info][gc,start       ] GC(1031) Pause Full (G1 Evacuation Pause)
[363.608s][info][gc,phases,start] GC(1031) Phase 1: Mark live objects
[363.826s][info][gc,phases      ] GC(1031) Phase 1: Mark live objects 218.591ms
[363.826s][info][gc,phases,start] GC(1031) Phase 2: Prepare for compaction
[363.855s][info][gc,phases      ] GC(1031) Phase 2: Prepare for compaction 28.642ms
[363.855s][info][gc,phases,start] GC(1031) Phase 3: Adjust pointers
[363.925s][info][gc,phases      ] GC(1031) Phase 3: Adjust pointers 69.339ms
[363.925s][info][gc,phases,start] GC(1031) Phase 4: Compact heap
[363.949s][info][gc,phases      ] GC(1031) Phase 4: Compact heap 24.280ms
[363.953s][info][gc,heap        ] GC(1031) Eden regions: 0->0(25)
[363.953s][info][gc,heap        ] GC(1031) Survivor regions: 0->0(0)
[363.953s][info][gc,heap        ] GC(1031) Old regions: 494->492
[363.953s][info][gc,heap        ] GC(1031) Archive regions: 2->2
[363.953s][info][gc,heap        ] GC(1031) Humongous regions: 16->16
[363.953s][info][gc,metaspace   ] GC(1031) Metaspace: 44310K(45568K)->44310K(45568K) NonClass: 39072K(39936K)->39072K(39936K) Class: 5238K(5632K)->5238K(5632K)
[363.953s][info][gc             ] GC(1031) Pause Full (G1 Evacuation Pause) 508M->507M(512M) 345.191ms
[363.955s][info][gc,cpu         ] GC(1031) User=2.45s Sys=0.03s Real=0.34s
[363.957s][info][gc,start       ] GC(1032) Pause Young (Concurrent Start) (G1 Evacuation Pause)
[363.958s][info][gc,task        ] GC(1032) Using 8 workers of 8 for evacuation
[363.959s][info][gc             ] GC(1032) To-space exhausted
[363.959s][info][gc,phases      ] GC(1032)   Pre Evacuate Collection Set: 0.1ms
[363.959s][info][gc,phases      ] GC(1032)   Merge Heap Roots: 0.0ms
[363.959s][info][gc,phases      ] GC(1032)   Evacuate Collection Set: 0.5ms
[363.959s][info][gc,phases      ] GC(1032)   Post Evacuate Collection Set: 0.6ms
[363.959s][info][gc,phases      ] GC(1032)   Other: 0.2ms
[363.959s][info][gc,heap        ] GC(1032) Eden regions: 2->0(25)
[363.959s][info][gc,heap        ] GC(1032) Survivor regions: 0->0(0)
[363.959s][info][gc,heap        ] GC(1032) Old regions: 492->494
[363.959s][info][gc,heap        ] GC(1032) Archive regions: 2->2
[363.959s][info][gc,heap        ] GC(1032) Humongous regions: 16->16
[363.959s][info][gc,metaspace   ] GC(1032) Metaspace: 44311K(45568K)->44311K(45568K) NonClass: 39073K(39936K)->39073K(39936K) Class: 5238K(5632K)->5238K(5632K)
[363.959s][info][gc             ] GC(1032) Pause Young (Concurrent Start) (G1 Evacuation Pause) 509M->509M(512M) 1.510ms
[363.959s][info][gc,cpu         ] GC(1032) User=0.01s Sys=0.00s Real=0.00s
[363.959s][info][gc,ergo        ] Attempting maximally compacting collection
[363.959s][info][gc,task        ] GC(1033) Using 8 workers of 8 for full compaction
[363.959s][info][gc             ] GC(1034) Concurrent Cycle
[363.959s][info][gc,start       ] GC(1033) Pause Full (G1 Evacuation Pause)
[363.959s][info][gc,marking     ] GC(1034) Concurrent Clear Claimed Marks
[363.959s][info][gc,marking     ] GC(1034) Concurrent Clear Claimed Marks 0.073ms
[363.959s][info][gc,marking     ] GC(1034) Concurrent Scan Root Regions
[363.959s][info][gc,marking     ] GC(1034) Concurrent Scan Root Regions 0.025ms
[363.959s][info][gc,marking     ] GC(1034) Concurrent Mark (363.959s)
[363.959s][info][gc,marking     ] GC(1034) Concurrent Mark From Roots
[363.959s][info][gc,task        ] GC(1034) Using 2 workers of 2 for marking
[363.960s][info][gc,phases,start] GC(1033) Phase 1: Mark live objects
[364.181s][info][gc,phases      ] GC(1033) Phase 1: Mark live objects 221.517ms
[364.181s][info][gc,phases,start] GC(1033) Phase 2: Prepare for compaction
[364.212s][info][gc,phases      ] GC(1033) Phase 2: Prepare for compaction 30.911ms
[364.212s][info][gc,phases,start] GC(1033) Phase 3: Adjust pointers
[364.301s][info][gc,phases      ] GC(1033) Phase 3: Adjust pointers 88.412ms
[364.301s][info][gc,phases,start] GC(1033) Phase 4: Compact heap
[364.333s][info][gc,phases      ] GC(1033) Phase 4: Compact heap 32.359ms
[364.337s][info][gc,heap        ] GC(1033) Eden regions: 0->0(25)
[364.338s][info][gc,heap        ] GC(1033) Survivor regions: 0->0(0)
[364.338s][info][gc,heap        ] GC(1033) Old regions: 494->492
[364.338s][info][gc,heap        ] GC(1033) Archive regions: 2->2
[364.338s][info][gc,heap        ] GC(1033) Humongous regions: 16->16
[364.338s][info][gc,metaspace   ] GC(1033) Metaspace: 44311K(45568K)->44307K(45568K) NonClass: 39073K(39936K)->39069K(39936K) Class: 5238K(5632K)->5237K(5632K)
[364.338s][info][gc             ] GC(1033) Pause Full (G1 Evacuation Pause) 509M->507M(512M) 378.570ms
[364.339s][info][gc,cpu         ] GC(1033) User=2.49s Sys=0.03s Real=0.38s
[364.339s][info][gc,marking     ] GC(1034) Concurrent Mark From Roots 379.625ms
[364.339s][info][gc,marking     ] GC(1034) Concurrent Mark Abort
[364.339s][info][gc             ] GC(1034) Concurrent Cycle 379.884ms
[364.343s][info][gc,start       ] GC(1035) Pause Young (Normal) (G1 Evacuation Pause)
[364.343s][info][gc,task        ] GC(1035) Using 8 workers of 8 for evacuation
[364.345s][info][gc             ] GC(1035) To-space exhausted
[364.345s][info][gc,phases      ] GC(1035)   Pre Evacuate Collection Set: 0.1ms
[364.345s][info][gc,phases      ] GC(1035)   Merge Heap Roots: 0.0ms
[364.345s][info][gc,phases      ] GC(1035)   Evacuate Collection Set: 0.6ms
[364.345s][info][gc,phases      ] GC(1035)   Post Evacuate Collection Set: 1.1ms
[364.345s][info][gc,phases      ] GC(1035)   Other: 0.2ms
[364.345s][info][gc,heap        ] GC(1035) Eden regions: 2->0(25)
[364.345s][info][gc,heap        ] GC(1035) Survivor regions: 0->0(0)
[364.345s][info][gc,heap        ] GC(1035) Old regions: 492->494
[364.345s][info][gc,heap        ] GC(1035) Archive regions: 2->2
[364.345s][info][gc,heap        ] GC(1035) Humongous regions: 16->16
[364.345s][info][gc,metaspace   ] GC(1035) Metaspace: 44311K(45568K)->44311K(45568K) NonClass: 39073K(39936K)->39073K(39936K) Class: 5238K(5632K)->5238K(5632K)
[364.345s][info][gc             ] GC(1035) Pause Young (Normal) (G1 Evacuation Pause) 509M->509M(512M) 2.057ms
[364.345s][info][gc,cpu         ] GC(1035) User=0.01s Sys=0.00s Real=0.00s
[364.345s][info][gc,ergo        ] Attempting maximally compacting collection
[364.345s][info][gc,task        ] GC(1036) Using 8 workers of 8 for full compaction
[364.345s][info][gc,start       ] GC(1036) Pause Full (G1 Evacuation Pause)
[364.345s][info][gc,phases,start] GC(1036) Phase 1: Mark live objects
[364.592s][info][gc,phases      ] GC(1036) Phase 1: Mark live objects 247.203ms
[364.592s][info][gc,phases,start] GC(1036) Phase 2: Prepare for compaction
[364.624s][info][gc,phases      ] GC(1036) Phase 2: Prepare for compaction 32.219ms
[364.624s][info][gc,phases,start] GC(1036) Phase 3: Adjust pointers
[364.704s][info][gc,phases      ] GC(1036) Phase 3: Adjust pointers 80.091ms
[364.705s][info][gc,phases,start] GC(1036) Phase 4: Compact heap
[364.727s][info][gc,phases      ] GC(1036) Phase 4: Compact heap 22.881ms
[364.731s][info][gc,heap        ] GC(1036) Eden regions: 0->0(25)
[364.731s][info][gc,heap        ] GC(1036) Survivor regions: 0->0(0)
[364.731s][info][gc,heap        ] GC(1036) Old regions: 494->493
[364.731s][info][gc,heap        ] GC(1036) Archive regions: 2->2
[364.732s][info][gc,heap        ] GC(1036) Humongous regions: 16->16
[364.732s][info][gc,metaspace   ] GC(1036) Metaspace: 44311K(45568K)->44311K(45568K) NonClass: 39073K(39936K)->39073K(39936K) Class: 5238K(5632K)->5238K(5632K)
[364.732s][info][gc             ] GC(1036) Pause Full (G1 Evacuation Pause) 509M->507M(512M) 386.727ms
[364.733s][info][gc,cpu         ] GC(1036) User=2.48s Sys=0.04s Real=0.39s
[364.734s][info][gc,start       ] GC(1037) Pause Young (Concurrent Start) (G1 Evacuation Pause)
[364.734s][info][gc,task        ] GC(1037) Using 8 workers of 8 for evacuation
[364.736s][info][gc             ] GC(1037) To-space exhausted
[364.736s][info][gc,phases      ] GC(1037)   Pre Evacuate Collection Set: 0.1ms
[364.736s][info][gc,phases      ] GC(1037)   Merge Heap Roots: 0.0ms
[364.736s][info][gc,phases      ] GC(1037)   Evacuate Collection Set: 0.7ms
[364.736s][info][gc,phases      ] GC(1037)   Post Evacuate Collection Set: 0.4ms
[364.736s][info][gc,phases      ] GC(1037)   Other: 0.2ms
[364.736s][info][gc,heap        ] GC(1037) Eden regions: 1->0(25)
[364.736s][info][gc,heap        ] GC(1037) Survivor regions: 0->0(0)
[364.736s][info][gc,heap        ] GC(1037) Old regions: 493->494
[364.736s][info][gc,heap        ] GC(1037) Archive regions: 2->2
[364.736s][info][gc,heap        ] GC(1037) Humongous regions: 16->16
[364.736s][info][gc,metaspace   ] GC(1037) Metaspace: 44311K(45568K)->44311K(45568K) NonClass: 39073K(39936K)->39073K(39936K) Class: 5238K(5632K)->5238K(5632K)
[364.736s][info][gc             ] GC(1037) Pause Young (Concurrent Start) (G1 Evacuation Pause) 508M->508M(512M) 1.434ms
[364.736s][info][gc,cpu         ] GC(1037) User=0.00s Sys=0.00s Real=0.01s
[364.736s][info][gc,ergo        ] Attempting maximally compacting collection
[364.736s][info][gc,task        ] GC(1038) Using 8 workers of 8 for full compaction
[364.736s][info][gc,start       ] GC(1038) Pause Full (G1 Evacuation Pause)
[364.736s][info][gc             ] GC(1039) Concurrent Cycle
[364.736s][info][gc,marking     ] GC(1039) Concurrent Clear Claimed Marks
[364.736s][info][gc,marking     ] GC(1039) Concurrent Clear Claimed Marks 0.060ms
[364.736s][info][gc,marking     ] GC(1039) Concurrent Scan Root Regions
[364.736s][info][gc,marking     ] GC(1039) Concurrent Scan Root Regions 0.025ms
[364.736s][info][gc,marking     ] GC(1039) Concurrent Mark (364.736s)
[364.736s][info][gc,marking     ] GC(1039) Concurrent Mark From Roots
[364.736s][info][gc,task        ] GC(1039) Using 2 workers of 2 for marking
[364.736s][info][gc,phases,start] GC(1038) Phase 1: Mark live objects
[364.957s][info][gc,phases      ] GC(1038) Phase 1: Mark live objects 220.968ms
[364.958s][info][gc,phases,start] GC(1038) Phase 2: Prepare for compaction
[364.986s][info][gc,phases      ] GC(1038) Phase 2: Prepare for compaction 28.591ms
[364.986s][info][gc,phases,start] GC(1038) Phase 3: Adjust pointers
[365.060s][info][gc,phases      ] GC(1038) Phase 3: Adjust pointers 73.760ms
[365.060s][info][gc,phases,start] GC(1038) Phase 4: Compact heap
[365.083s][info][gc,phases      ] GC(1038) Phase 4: Compact heap 23.289ms
[365.088s][info][gc,heap        ] GC(1038) Eden regions: 0->0(25)
[365.088s][info][gc,heap        ] GC(1038) Survivor regions: 0->0(0)
[365.088s][info][gc,heap        ] GC(1038) Old regions: 494->493
[365.088s][info][gc,heap        ] GC(1038) Archive regions: 2->2
[365.088s][info][gc,heap        ] GC(1038) Humongous regions: 16->16
[365.088s][info][gc,metaspace   ] GC(1038) Metaspace: 44311K(45568K)->44311K(45568K) NonClass: 39073K(39936K)->39073K(39936K) Class: 5238K(5632K)->5238K(5632K)
[365.088s][info][gc             ] GC(1038) Pause Full (G1 Evacuation Pause) 508M->507M(512M) 351.836ms
[365.089s][info][gc,cpu         ] GC(1038) User=2.49s Sys=0.05s Real=0.35s
[365.089s][info][gc,marking     ] GC(1039) Concurrent Mark From Roots 353.351ms
[365.089s][info][gc,marking     ] GC(1039) Concurrent Mark Abort
[365.089s][info][gc             ] GC(1039) Concurrent Cycle 353.602ms
[365.092s][info][gc,start       ] GC(1040) Pause Young (Normal) (G1 Evacuation Pause)
[365.092s][info][gc,task        ] GC(1040) Using 8 workers of 8 for evacuation
[365.093s][info][gc             ] GC(1040) To-space exhausted
[365.093s][info][gc,phases      ] GC(1040)   Pre Evacuate Collection Set: 0.1ms
[365.093s][info][gc,phases      ] GC(1040)   Merge Heap Roots: 0.0ms
[365.093s][info][gc,phases      ] GC(1040)   Evacuate Collection Set: 0.3ms
[365.093s][info][gc,phases      ] GC(1040)   Post Evacuate Collection Set: 0.4ms
[365.093s][info][gc,phases      ] GC(1040)   Other: 0.2ms
[365.093s][info][gc,heap        ] GC(1040) Eden regions: 1->0(25)
[365.093s][info][gc,heap        ] GC(1040) Survivor regions: 0->0(0)
[365.093s][info][gc,heap        ] GC(1040) Old regions: 493->494
[365.093s][info][gc,heap        ] GC(1040) Archive regions: 2->2
[365.093s][info][gc,heap        ] GC(1040) Humongous regions: 16->16
[365.093s][info][gc,metaspace   ] GC(1040) Metaspace: 44311K(45568K)->44311K(45568K) NonClass: 39073K(39936K)->39073K(39936K) Class: 5238K(5632K)->5238K(5632K)
[365.093s][info][gc             ] GC(1040) Pause Young (Normal) (G1 Evacuation Pause) 508M->508M(512M) 1.059ms
[365.093s][info][gc,cpu         ] GC(1040) User=0.00s Sys=0.00s Real=0.00s
[365.093s][info][gc,ergo        ] Attempting maximally compacting collection
[365.093s][info][gc,task        ] GC(1041) Using 8 workers of 8 for full compaction
[365.093s][info][gc,start       ] GC(1041) Pause Full (G1 Evacuation Pause)
[365.093s][info][gc,phases,start] GC(1041) Phase 1: Mark live objects
[365.311s][info][gc,phases      ] GC(1041) Phase 1: Mark live objects 218.484ms
[365.311s][info][gc,phases,start] GC(1041) Phase 2: Prepare for compaction
[365.341s][info][gc,phases      ] GC(1041) Phase 2: Prepare for compaction 30.103ms
[365.341s][info][gc,phases,start] GC(1041) Phase 3: Adjust pointers
[365.412s][info][gc,phases      ] GC(1041) Phase 3: Adjust pointers 71.018ms
[365.412s][info][gc,phases,start] GC(1041) Phase 4: Compact heap
[365.437s][info][gc,phases      ] GC(1041) Phase 4: Compact heap 24.279ms
[365.441s][info][gc,heap        ] GC(1041) Eden regions: 0->0(25)
[365.441s][info][gc,heap        ] GC(1041) Survivor regions: 0->0(0)
[365.441s][info][gc,heap        ] GC(1041) Old regions: 494->493
[365.441s][info][gc,heap        ] GC(1041) Archive regions: 2->2
[365.441s][info][gc,heap        ] GC(1041) Humongous regions: 16->16
[365.441s][info][gc,metaspace   ] GC(1041) Metaspace: 44311K(45568K)->44311K(45568K) NonClass: 39073K(39936K)->39073K(39936K) Class: 5238K(5632K)->5238K(5632K)
[365.441s][info][gc             ] GC(1041) Pause Full (G1 Evacuation Pause) 508M->507M(512M) 348.369ms
[365.443s][info][gc,cpu         ] GC(1041) User=2.47s Sys=0.03s Real=0.35s
[365.444s][info][gc,start       ] GC(1042) Pause Young (Concurrent Start) (G1 Evacuation Pause)
[365.444s][info][gc,task        ] GC(1042) Using 8 workers of 8 for evacuation
[365.445s][info][gc             ] GC(1042) To-space exhausted
[365.445s][info][gc,phases      ] GC(1042)   Pre Evacuate Collection Set: 0.1ms
[365.445s][info][gc,phases      ] GC(1042)   Merge Heap Roots: 0.0ms
[365.445s][info][gc,phases      ] GC(1042)   Evacuate Collection Set: 0.5ms
[365.445s][info][gc,phases      ] GC(1042)   Post Evacuate Collection Set: 0.6ms
[365.445s][info][gc,phases      ] GC(1042)   Other: 0.2ms
[365.445s][info][gc,heap        ] GC(1042) Eden regions: 1->0(25)
[365.445s][info][gc,heap        ] GC(1042) Survivor regions: 0->0(0)
[365.445s][info][gc,heap        ] GC(1042) Old regions: 493->494
[365.445s][info][gc,heap        ] GC(1042) Archive regions: 2->2
[365.445s][info][gc,heap        ] GC(1042) Humongous regions: 16->16
[365.445s][info][gc,metaspace   ] GC(1042) Metaspace: 44316K(45568K)->44316K(45568K) NonClass: 39077K(39936K)->39077K(39936K) Class: 5239K(5632K)->5239K(5632K)
[365.445s][info][gc             ] GC(1042) Pause Young (Concurrent Start) (G1 Evacuation Pause) 508M->508M(512M) 1.463ms
[365.445s][info][gc,cpu         ] GC(1042) User=0.00s Sys=0.00s Real=0.00s
[365.445s][info][gc,ergo        ] Attempting maximally compacting collection
[365.445s][info][gc,task        ] GC(1043) Using 8 workers of 8 for full compaction
[365.445s][info][gc,start       ] GC(1043) Pause Full (G1 Evacuation Pause)
[365.445s][info][gc             ] GC(1044) Concurrent Cycle
[365.446s][info][gc,marking     ] GC(1044) Concurrent Clear Claimed Marks
[365.446s][info][gc,marking     ] GC(1044) Concurrent Clear Claimed Marks 0.073ms
[365.446s][info][gc,marking     ] GC(1044) Concurrent Scan Root Regions
[365.446s][info][gc,marking     ] GC(1044) Concurrent Scan Root Regions 0.027ms
[365.446s][info][gc,marking     ] GC(1044) Concurrent Mark (365.446s)
[365.446s][info][gc,marking     ] GC(1044) Concurrent Mark From Roots
[365.446s][info][gc,task        ] GC(1044) Using 2 workers of 2 for marking
[365.446s][info][gc,phases,start] GC(1043) Phase 1: Mark live objects
[365.671s][info][gc,phases      ] GC(1043) Phase 1: Mark live objects 224.932ms
[365.671s][info][gc,phases,start] GC(1043) Phase 2: Prepare for compaction
[365.701s][info][gc,phases      ] GC(1043) Phase 2: Prepare for compaction 29.918ms
[365.701s][info][gc,phases,start] GC(1043) Phase 3: Adjust pointers
[365.772s][info][gc,phases      ] GC(1043) Phase 3: Adjust pointers 71.283ms
[365.772s][info][gc,phases,start] GC(1043) Phase 4: Compact heap
[365.797s][info][gc,phases      ] GC(1043) Phase 4: Compact heap 24.387ms
[365.801s][info][gc,heap        ] GC(1043) Eden regions: 0->0(25)
[365.801s][info][gc,heap        ] GC(1043) Survivor regions: 0->0(0)
[365.801s][info][gc,heap        ] GC(1043) Old regions: 494->491
[365.801s][info][gc,heap        ] GC(1043) Archive regions: 2->2
[365.801s][info][gc,heap        ] GC(1043) Humongous regions: 16->16
[365.801s][info][gc,metaspace   ] GC(1043) Metaspace: 44316K(45568K)->44309K(45568K) NonClass: 39077K(39936K)->39070K(39936K) Class: 5239K(5632K)->5238K(5632K)
[365.801s][info][gc             ] GC(1043) Pause Full (G1 Evacuation Pause) 508M->507M(512M) 355.535ms
[365.802s][info][gc,cpu         ] GC(1043) User=2.51s Sys=0.04s Real=0.36s
[365.803s][info][gc,marking     ] GC(1044) Concurrent Mark From Roots 356.776ms
[365.803s][info][gc,marking     ] GC(1044) Concurrent Mark Abort
[365.803s][info][gc             ] GC(1044) Concurrent Cycle 357.081ms
[365.807s][info][gc,start       ] GC(1045) Pause Young (Normal) (G1 Evacuation Pause)
[365.807s][info][gc,task        ] GC(1045) Using 8 workers of 8 for evacuation
[365.808s][info][gc             ] GC(1045) To-space exhausted
[365.808s][info][gc,phases      ] GC(1045)   Pre Evacuate Collection Set: 0.1ms
[365.808s][info][gc,phases      ] GC(1045)   Merge Heap Roots: 0.0ms
[365.808s][info][gc,phases      ] GC(1045)   Evacuate Collection Set: 0.4ms
[365.808s][info][gc,phases      ] GC(1045)   Post Evacuate Collection Set: 0.6ms
[365.809s][info][gc,phases      ] GC(1045)   Other: 0.2ms
[365.809s][info][gc,heap        ] GC(1045) Eden regions: 3->0(25)
[365.809s][info][gc,heap        ] GC(1045) Survivor regions: 0->0(0)
[365.809s][info][gc,heap        ] GC(1045) Old regions: 491->494
[365.809s][info][gc,heap        ] GC(1045) Archive regions: 2->2
[365.809s][info][gc,heap        ] GC(1045) Humongous regions: 16->16
[365.809s][info][gc,metaspace   ] GC(1045) Metaspace: 44313K(45568K)->44313K(45568K) NonClass: 39074K(39936K)->39074K(39936K) Class: 5238K(5632K)->5238K(5632K)
[365.809s][info][gc             ] GC(1045) Pause Young (Normal) (G1 Evacuation Pause) 510M->510M(512M) 1.478ms
[365.809s][info][gc,cpu         ] GC(1045) User=0.00s Sys=0.00s Real=0.00s
[365.809s][info][gc,ergo        ] Attempting maximally compacting collection
[365.809s][info][gc,task        ] GC(1046) Using 8 workers of 8 for full compaction
[365.809s][info][gc,start       ] GC(1046) Pause Full (G1 Evacuation Pause)
[365.809s][info][gc,phases,start] GC(1046) Phase 1: Mark live objects
[366.087s][info][gc,phases      ] GC(1046) Phase 1: Mark live objects 278.100ms
[366.087s][info][gc,phases,start] GC(1046) Phase 2: Prepare for compaction
[366.130s][info][gc,phases      ] GC(1046) Phase 2: Prepare for compaction 43.666ms
[366.131s][info][gc,phases,start] GC(1046) Phase 3: Adjust pointers
[366.244s][info][gc,phases      ] GC(1046) Phase 3: Adjust pointers 113.395ms
[366.244s][info][gc,phases,start] GC(1046) Phase 4: Compact heap
[366.278s][info][gc,phases      ] GC(1046) Phase 4: Compact heap 33.641ms
[366.282s][info][gc,heap        ] GC(1046) Eden regions: 0->0(25)
[366.282s][info][gc,heap        ] GC(1046) Survivor regions: 0->0(0)
[366.282s][info][gc,heap        ] GC(1046) Old regions: 494->492
[366.282s][info][gc,heap        ] GC(1046) Archive regions: 2->2
[366.282s][info][gc,heap        ] GC(1046) Humongous regions: 16->16
[366.282s][info][gc,metaspace   ] GC(1046) Metaspace: 44313K(45568K)->44303K(45568K) NonClass: 39074K(39936K)->39066K(39936K) Class: 5238K(5632K)->5237K(5632K)
[366.282s][info][gc             ] GC(1046) Pause Full (G1 Evacuation Pause) 510M->507M(512M) 473.392ms
[366.283s][info][gc,cpu         ] GC(1046) User=2.52s Sys=0.04s Real=0.47s
[366.287s][info][gc,start       ] GC(1047) Pause Young (Concurrent Start) (G1 Evacuation Pause)
[366.287s][info][gc,task        ] GC(1047) Using 8 workers of 8 for evacuation
[366.289s][info][gc             ] GC(1047) To-space exhausted
[366.289s][info][gc,phases      ] GC(1047)   Pre Evacuate Collection Set: 0.1ms
[366.289s][info][gc,phases      ] GC(1047)   Merge Heap Roots: 0.0ms
[366.289s][info][gc,phases      ] GC(1047)   Evacuate Collection Set: 0.8ms
[366.289s][info][gc,phases      ] GC(1047)   Post Evacuate Collection Set: 0.7ms
[366.289s][info][gc,phases      ] GC(1047)   Other: 0.2ms
[366.289s][info][gc,heap        ] GC(1047) Eden regions: 2->0(25)
[366.289s][info][gc,heap        ] GC(1047) Survivor regions: 0->0(0)
[366.289s][info][gc,heap        ] GC(1047) Old regions: 492->494
[366.289s][info][gc,heap        ] GC(1047) Archive regions: 2->2
[366.289s][info][gc,heap        ] GC(1047) Humongous regions: 16->16
[366.289s][info][gc,metaspace   ] GC(1047) Metaspace: 44307K(45568K)->44307K(45568K) NonClass: 39069K(39936K)->39069K(39936K) Class: 5237K(5632K)->5237K(5632K)
[366.289s][info][gc             ] GC(1047) Pause Young (Concurrent Start) (G1 Evacuation Pause) 509M->509M(512M) 2.014ms
[366.289s][info][gc,cpu         ] GC(1047) User=0.01s Sys=0.00s Real=0.00s
[366.289s][info][gc,ergo        ] Attempting maximally compacting collection
[366.289s][info][gc,task        ] GC(1048) Using 8 workers of 8 for full compaction
[366.289s][info][gc             ] GC(1049) Concurrent Cycle
[366.289s][info][gc,start       ] GC(1048) Pause Full (G1 Evacuation Pause)
[366.289s][info][gc,marking     ] GC(1049) Concurrent Clear Claimed Marks
[366.289s][info][gc,marking     ] GC(1049) Concurrent Clear Claimed Marks 0.093ms
[366.289s][info][gc,marking     ] GC(1049) Concurrent Scan Root Regions
[366.290s][info][gc,marking     ] GC(1049) Concurrent Scan Root Regions 0.068ms
[366.290s][info][gc,marking     ] GC(1049) Concurrent Mark (366.290s)
[366.290s][info][gc,marking     ] GC(1049) Concurrent Mark From Roots
[366.290s][info][gc,task        ] GC(1049) Using 2 workers of 2 for marking
[366.290s][info][gc,phases,start] GC(1048) Phase 1: Mark live objects
[366.521s][info][gc,phases      ] GC(1048) Phase 1: Mark live objects 231.414ms
[366.521s][info][gc,phases,start] GC(1048) Phase 2: Prepare for compaction
[366.557s][info][gc,phases      ] GC(1048) Phase 2: Prepare for compaction 35.461ms
[366.557s][info][gc,phases,start] GC(1048) Phase 3: Adjust pointers
[366.634s][info][gc,phases      ] GC(1048) Phase 3: Adjust pointers 76.533ms
[366.634s][info][gc,phases,start] GC(1048) Phase 4: Compact heap
[366.665s][info][gc,phases      ] GC(1048) Phase 4: Compact heap 31.198ms
[366.669s][info][gc,heap        ] GC(1048) Eden regions: 0->0(25)
[366.669s][info][gc,heap        ] GC(1048) Survivor regions: 0->0(0)
[366.669s][info][gc,heap        ] GC(1048) Old regions: 494->493
[366.669s][info][gc,heap        ] GC(1048) Archive regions: 2->2
[366.669s][info][gc,heap        ] GC(1048) Humongous regions: 16->16
[366.669s][info][gc,metaspace   ] GC(1048) Metaspace: 44307K(45568K)->44303K(45568K) NonClass: 39069K(39936K)->39066K(39936K) Class: 5237K(5632K)->5237K(5632K)
[366.669s][info][gc             ] GC(1048) Pause Full (G1 Evacuation Pause) 509M->507M(512M) 379.934ms
[366.671s][info][gc,cpu         ] GC(1048) User=2.55s Sys=0.03s Real=0.38s
[366.671s][info][gc,marking     ] GC(1049) Concurrent Mark From Roots 381.175ms
[366.671s][info][gc,marking     ] GC(1049) Concurrent Mark Abort
[366.671s][info][gc             ] GC(1049) Concurrent Cycle 381.580ms
[366.672s][info][gc,start       ] GC(1050) Pause Young (Normal) (G1 Evacuation Pause)
[366.672s][info][gc,task        ] GC(1050) Using 8 workers of 8 for evacuation
[366.673s][info][gc             ] GC(1050) To-space exhausted
[366.673s][info][gc,phases      ] GC(1050)   Pre Evacuate Collection Set: 0.1ms
[366.673s][info][gc,phases      ] GC(1050)   Merge Heap Roots: 0.1ms
[366.673s][info][gc,phases      ] GC(1050)   Evacuate Collection Set: 0.3ms
[366.673s][info][gc,phases      ] GC(1050)   Post Evacuate Collection Set: 0.4ms
[366.673s][info][gc,phases      ] GC(1050)   Other: 0.3ms
[366.673s][info][gc,heap        ] GC(1050) Eden regions: 1->0(25)
[366.673s][info][gc,heap        ] GC(1050) Survivor regions: 0->0(0)
[366.673s][info][gc,heap        ] GC(1050) Old regions: 493->494
[366.673s][info][gc,heap        ] GC(1050) Archive regions: 2->2
[366.673s][info][gc,heap        ] GC(1050) Humongous regions: 16->16
[366.673s][info][gc,metaspace   ] GC(1050) Metaspace: 44307K(45568K)->44307K(45568K) NonClass: 39069K(39936K)->39069K(39936K) Class: 5237K(5632K)->5237K(5632K)
[366.673s][info][gc             ] GC(1050) Pause Young (Normal) (G1 Evacuation Pause) 508M->508M(512M) 1.287ms
[366.673s][info][gc,cpu         ] GC(1050) User=0.01s Sys=0.00s Real=0.00s
[366.673s][info][gc,ergo        ] Attempting maximally compacting collection
[366.673s][info][gc,task        ] GC(1051) Using 8 workers of 8 for full compaction
[366.673s][info][gc,start       ] GC(1051) Pause Full (G1 Evacuation Pause)
[366.673s][info][gc,phases,start] GC(1051) Phase 1: Mark live objects
[366.913s][info][gc,phases      ] GC(1051) Phase 1: Mark live objects 239.178ms
[366.913s][info][gc,phases,start] GC(1051) Phase 2: Prepare for compaction
[366.943s][info][gc,phases      ] GC(1051) Phase 2: Prepare for compaction 29.917ms
[366.943s][info][gc,phases,start] GC(1051) Phase 3: Adjust pointers
[367.024s][info][gc,phases      ] GC(1051) Phase 3: Adjust pointers 81.685ms
[367.024s][info][gc,phases,start] GC(1051) Phase 4: Compact heap
[367.052s][info][gc,phases      ] GC(1051) Phase 4: Compact heap 27.809ms
[367.056s][info][gc,heap        ] GC(1051) Eden regions: 0->0(25)
[367.056s][info][gc,heap        ] GC(1051) Survivor regions: 0->0(0)
[367.056s][info][gc,heap        ] GC(1051) Old regions: 494->493
[367.056s][info][gc,heap        ] GC(1051) Archive regions: 2->2
[367.056s][info][gc,heap        ] GC(1051) Humongous regions: 16->16
[367.056s][info][gc,metaspace   ] GC(1051) Metaspace: 44307K(45568K)->44307K(45568K) NonClass: 39069K(39936K)->39069K(39936K) Class: 5237K(5632K)->5237K(5632K)
[367.056s][info][gc             ] GC(1051) Pause Full (G1 Evacuation Pause) 508M->507M(512M) 382.968ms
[367.058s][info][gc,cpu         ] GC(1051) User=2.54s Sys=0.02s Real=0.39s
[367.059s][info][gc,start       ] GC(1052) Pause Young (Concurrent Start) (G1 Evacuation Pause)
[367.059s][info][gc,task        ] GC(1052) Using 8 workers of 8 for evacuation
[367.060s][info][gc             ] GC(1052) To-space exhausted
[367.060s][info][gc,phases      ] GC(1052)   Pre Evacuate Collection Set: 0.1ms
[367.060s][info][gc,phases      ] GC(1052)   Merge Heap Roots: 0.0ms
[367.060s][info][gc,phases      ] GC(1052)   Evacuate Collection Set: 0.5ms
[367.060s][info][gc,phases      ] GC(1052)   Post Evacuate Collection Set: 0.4ms
[367.060s][info][gc,phases      ] GC(1052)   Other: 0.2ms
[367.060s][info][gc,heap        ] GC(1052) Eden regions: 1->0(25)
[367.060s][info][gc,heap        ] GC(1052) Survivor regions: 0->0(0)
[367.060s][info][gc,heap        ] GC(1052) Old regions: 493->494
[367.060s][info][gc,heap        ] GC(1052) Archive regions: 2->2
[367.060s][info][gc,heap        ] GC(1052) Humongous regions: 16->16
[367.060s][info][gc,metaspace   ] GC(1052) Metaspace: 44307K(45568K)->44307K(45568K) NonClass: 39069K(39936K)->39069K(39936K) Class: 5237K(5632K)->5237K(5632K)
[367.060s][info][gc             ] GC(1052) Pause Young (Concurrent Start) (G1 Evacuation Pause) 508M->508M(512M) 1.312ms
[367.060s][info][gc,cpu         ] GC(1052) User=0.00s Sys=0.00s Real=0.00s
[367.060s][info][gc,ergo        ] Attempting maximally compacting collection
[367.060s][info][gc,task        ] GC(1053) Using 8 workers of 8 for full compaction
[367.060s][info][gc             ] GC(1054) Concurrent Cycle
[367.060s][info][gc,start       ] GC(1053) Pause Full (G1 Evacuation Pause)
[367.060s][info][gc,marking     ] GC(1054) Concurrent Clear Claimed Marks
[367.060s][info][gc,marking     ] GC(1054) Concurrent Clear Claimed Marks 0.081ms
[367.061s][info][gc,marking     ] GC(1054) Concurrent Scan Root Regions
[367.061s][info][gc,marking     ] GC(1054) Concurrent Scan Root Regions 0.026ms
[367.061s][info][gc,marking     ] GC(1054) Concurrent Mark (367.061s)
[367.061s][info][gc,marking     ] GC(1054) Concurrent Mark From Roots
[367.061s][info][gc,task        ] GC(1054) Using 2 workers of 2 for marking
[367.061s][info][gc,phases,start] GC(1053) Phase 1: Mark live objects
[367.300s][info][gc,phases      ] GC(1053) Phase 1: Mark live objects 239.461ms
[367.301s][info][gc,phases,start] GC(1053) Phase 2: Prepare for compaction
[367.330s][info][gc,phases      ] GC(1053) Phase 2: Prepare for compaction 29.604ms
[367.330s][info][gc,phases,start] GC(1053) Phase 3: Adjust pointers
[367.403s][info][gc,phases      ] GC(1053) Phase 3: Adjust pointers 72.923ms
[367.403s][info][gc,phases,start] GC(1053) Phase 4: Compact heap
[367.431s][info][gc,phases      ] GC(1053) Phase 4: Compact heap 27.969ms
[367.436s][info][gc,heap        ] GC(1053) Eden regions: 0->0(25)
[367.436s][info][gc,heap        ] GC(1053) Survivor regions: 0->0(0)
[367.436s][info][gc,heap        ] GC(1053) Old regions: 494->493
[367.436s][info][gc,heap        ] GC(1053) Archive regions: 2->2
[367.436s][info][gc,heap        ] GC(1053) Humongous regions: 16->16
[367.436s][info][gc,metaspace   ] GC(1053) Metaspace: 44307K(45568K)->44303K(45568K) NonClass: 39069K(39936K)->39066K(39936K) Class: 5237K(5632K)->5237K(5632K)
[367.436s][info][gc             ] GC(1053) Pause Full (G1 Evacuation Pause) 508M->507M(512M) 375.481ms
[367.438s][info][gc,cpu         ] GC(1053) User=2.56s Sys=0.04s Real=0.38s
[367.438s][info][gc,marking     ] GC(1054) Concurrent Mark From Roots 377.492ms
[367.438s][info][gc,marking     ] GC(1054) Concurrent Mark Abort
[367.438s][info][gc             ] GC(1054) Concurrent Cycle 377.764ms
[367.439s][info][gc,start       ] GC(1055) Pause Young (Normal) (G1 Evacuation Pause)
[367.439s][info][gc,task        ] GC(1055) Using 8 workers of 8 for evacuation
[367.440s][info][gc             ] GC(1055) To-space exhausted
[367.440s][info][gc,phases      ] GC(1055)   Pre Evacuate Collection Set: 0.1ms
[367.440s][info][gc,phases      ] GC(1055)   Merge Heap Roots: 0.0ms
[367.440s][info][gc,phases      ] GC(1055)   Evacuate Collection Set: 0.3ms
[367.440s][info][gc,phases      ] GC(1055)   Post Evacuate Collection Set: 0.4ms
[367.440s][info][gc,phases      ] GC(1055)   Other: 0.1ms
[367.440s][info][gc,heap        ] GC(1055) Eden regions: 1->0(25)
[367.440s][info][gc,heap        ] GC(1055) Survivor regions: 0->0(0)
[367.440s][info][gc,heap        ] GC(1055) Old regions: 493->494
[367.440s][info][gc,heap        ] GC(1055) Archive regions: 2->2
[367.440s][info][gc,heap        ] GC(1055) Humongous regions: 16->16
[367.440s][info][gc,metaspace   ] GC(1055) Metaspace: 44307K(45568K)->44307K(45568K) NonClass: 39069K(39936K)->39069K(39936K) Class: 5237K(5632K)->5237K(5632K)
[367.440s][info][gc             ] GC(1055) Pause Young (Normal) (G1 Evacuation Pause) 508M->508M(512M) 1.012ms
[367.440s][info][gc,cpu         ] GC(1055) User=0.00s Sys=0.00s Real=0.00s
[367.440s][info][gc,ergo        ] Attempting maximally compacting collection
[367.440s][info][gc,task        ] GC(1056) Using 8 workers of 8 for full compaction
[367.440s][info][gc,start       ] GC(1056) Pause Full (G1 Evacuation Pause)
[367.440s][info][gc,phases,start] GC(1056) Phase 1: Mark live objects
[367.682s][info][gc,phases      ] GC(1056) Phase 1: Mark live objects 242.212ms
[367.682s][info][gc,phases,start] GC(1056) Phase 2: Prepare for compaction
[367.711s][info][gc,phases      ] GC(1056) Phase 2: Prepare for compaction 29.198ms
[367.712s][info][gc,phases,start] GC(1056) Phase 3: Adjust pointers
[367.782s][info][gc,phases      ] GC(1056) Phase 3: Adjust pointers 70.638ms
[367.782s][info][gc,phases,start] GC(1056) Phase 4: Compact heap
[367.810s][info][gc,phases      ] GC(1056) Phase 4: Compact heap 27.673ms
[367.814s][info][gc,heap        ] GC(1056) Eden regions: 0->0(25)
[367.814s][info][gc,heap        ] GC(1056) Survivor regions: 0->0(0)
[367.814s][info][gc,heap        ] GC(1056) Old regions: 494->491
[367.814s][info][gc,heap        ] GC(1056) Archive regions: 2->2
[367.814s][info][gc,heap        ] GC(1056) Humongous regions: 16->16
[367.814s][info][gc,metaspace   ] GC(1056) Metaspace: 44307K(45568K)->44303K(45568K) NonClass: 39069K(39936K)->39066K(39936K) Class: 5237K(5632K)->5237K(5632K)
[367.814s][info][gc             ] GC(1056) Pause Full (G1 Evacuation Pause) 508M->507M(512M) 374.002ms
[367.815s][info][gc,cpu         ] GC(1056) User=2.53s Sys=0.04s Real=0.37s
[367.820s][info][gc,start       ] GC(1057) Pause Young (Concurrent Start) (G1 Evacuation Pause)
[367.820s][info][gc,task        ] GC(1057) Using 8 workers of 8 for evacuation
[367.822s][info][gc             ] GC(1057) To-space exhausted
[367.822s][info][gc,phases      ] GC(1057)   Pre Evacuate Collection Set: 0.1ms
[367.822s][info][gc,phases      ] GC(1057)   Merge Heap Roots: 0.0ms
[367.822s][info][gc,phases      ] GC(1057)   Evacuate Collection Set: 0.7ms
[367.822s][info][gc,phases      ] GC(1057)   Post Evacuate Collection Set: 1.1ms
[367.822s][info][gc,phases      ] GC(1057)   Other: 0.2ms
[367.822s][info][gc,heap        ] GC(1057) Eden regions: 3->0(25)
[367.822s][info][gc,heap        ] GC(1057) Survivor regions: 0->0(0)
[367.822s][info][gc,heap        ] GC(1057) Old regions: 491->494
[367.822s][info][gc,heap        ] GC(1057) Archive regions: 2->2
[367.822s][info][gc,heap        ] GC(1057) Humongous regions: 16->16
[367.822s][info][gc,metaspace   ] GC(1057) Metaspace: 44311K(45568K)->44311K(45568K) NonClass: 39073K(39936K)->39073K(39936K) Class: 5238K(5632K)->5238K(5632K)
[367.822s][info][gc             ] GC(1057) Pause Young (Concurrent Start) (G1 Evacuation Pause) 510M->510M(512M) 2.222ms
[367.822s][info][gc,cpu         ] GC(1057) User=0.01s Sys=0.00s Real=0.00s
[367.822s][info][gc,ergo        ] Attempting maximally compacting collection
[367.822s][info][gc,task        ] GC(1058) Using 8 workers of 8 for full compaction
[367.822s][info][gc,start       ] GC(1058) Pause Full (G1 Evacuation Pause)
[367.822s][info][gc             ] GC(1059) Concurrent Cycle
[367.823s][info][gc,marking     ] GC(1059) Concurrent Clear Claimed Marks
[367.823s][info][gc,marking     ] GC(1059) Concurrent Clear Claimed Marks 0.062ms
[367.823s][info][gc,marking     ] GC(1059) Concurrent Scan Root Regions
[367.823s][info][gc,marking     ] GC(1059) Concurrent Scan Root Regions 0.030ms
[367.823s][info][gc,marking     ] GC(1059) Concurrent Mark (367.823s)
[367.823s][info][gc,marking     ] GC(1059) Concurrent Mark From Roots
[367.823s][info][gc,task        ] GC(1059) Using 2 workers of 2 for marking
[367.823s][info][gc,phases,start] GC(1058) Phase 1: Mark live objects
[368.046s][info][gc,phases      ] GC(1058) Phase 1: Mark live objects 222.953ms
[368.046s][info][gc,phases,start] GC(1058) Phase 2: Prepare for compaction
[368.075s][info][gc,phases      ] GC(1058) Phase 2: Prepare for compaction 29.069ms
[368.075s][info][gc,phases,start] GC(1058) Phase 3: Adjust pointers
[368.153s][info][gc,phases      ] GC(1058) Phase 3: Adjust pointers 77.496ms
[368.153s][info][gc,phases,start] GC(1058) Phase 4: Compact heap
[368.208s][info][gc,phases      ] GC(1058) Phase 4: Compact heap 55.409ms
[368.214s][info][gc,heap        ] GC(1058) Eden regions: 0->0(25)
[368.214s][info][gc,heap        ] GC(1058) Survivor regions: 0->0(0)
[368.214s][info][gc,heap        ] GC(1058) Old regions: 494->492
[368.214s][info][gc,heap        ] GC(1058) Archive regions: 2->2
[368.214s][info][gc,heap        ] GC(1058) Humongous regions: 16->16
[368.214s][info][gc,metaspace   ] GC(1058) Metaspace: 44311K(45568K)->44307K(45568K) NonClass: 39073K(39936K)->39069K(39936K) Class: 5238K(5632K)->5237K(5632K)
[368.214s][info][gc             ] GC(1058) Pause Full (G1 Evacuation Pause) 510M->508M(512M) 391.511ms
[368.217s][info][gc,cpu         ] GC(1058) User=2.52s Sys=0.03s Real=0.40s
[368.217s][info][gc,marking     ] GC(1059) Concurrent Mark From Roots 394.246ms
[368.217s][info][gc,marking     ] GC(1059) Concurrent Mark Abort
[368.217s][info][gc             ] GC(1059) Concurrent Cycle 394.516ms
[368.224s][info][gc,start       ] GC(1060) Pause Young (Normal) (G1 Evacuation Pause)
[368.224s][info][gc,task        ] GC(1060) Using 8 workers of 8 for evacuation
[368.225s][info][gc             ] GC(1060) To-space exhausted
[368.225s][info][gc,phases      ] GC(1060)   Pre Evacuate Collection Set: 0.1ms
[368.225s][info][gc,phases      ] GC(1060)   Merge Heap Roots: 0.0ms
[368.225s][info][gc,phases      ] GC(1060)   Evacuate Collection Set: 0.3ms
[368.225s][info][gc,phases      ] GC(1060)   Post Evacuate Collection Set: 0.6ms
[368.225s][info][gc,phases      ] GC(1060)   Other: 0.2ms
[368.225s][info][gc,heap        ] GC(1060) Eden regions: 2->0(25)
[368.225s][info][gc,heap        ] GC(1060) Survivor regions: 0->0(0)
[368.225s][info][gc,heap        ] GC(1060) Old regions: 492->494
[368.225s][info][gc,heap        ] GC(1060) Archive regions: 2->2
[368.225s][info][gc,heap        ] GC(1060) Humongous regions: 16->16
[368.225s][info][gc,metaspace   ] GC(1060) Metaspace: 44311K(45568K)->44311K(45568K) NonClass: 39073K(39936K)->39073K(39936K) Class: 5238K(5632K)->5238K(5632K)
[368.225s][info][gc             ] GC(1060) Pause Young (Normal) (G1 Evacuation Pause) 510M->510M(512M) 1.304ms
[368.225s][info][gc,cpu         ] GC(1060) User=0.01s Sys=0.00s Real=0.00s
[368.225s][info][gc,ergo        ] Attempting maximally compacting collection
[368.225s][info][gc,task        ] GC(1061) Using 8 workers of 8 for full compaction
[368.225s][info][gc,start       ] GC(1061) Pause Full (G1 Evacuation Pause)
[368.225s][info][gc,phases,start] GC(1061) Phase 1: Mark live objects
[368.529s][info][gc,phases      ] GC(1061) Phase 1: Mark live objects 303.662ms
[368.529s][info][gc,phases,start] GC(1061) Phase 2: Prepare for compaction
[368.571s][info][gc,phases      ] GC(1061) Phase 2: Prepare for compaction 42.069ms
[368.571s][info][gc,phases,start] GC(1061) Phase 3: Adjust pointers
[368.650s][info][gc,phases      ] GC(1061) Phase 3: Adjust pointers 78.616ms
[368.650s][info][gc,phases,start] GC(1061) Phase 4: Compact heap
[368.676s][info][gc,phases      ] GC(1061) Phase 4: Compact heap 26.188ms
[368.680s][info][gc,heap        ] GC(1061) Eden regions: 0->0(25)
[368.680s][info][gc,heap        ] GC(1061) Survivor regions: 0->0(0)
[368.680s][info][gc,heap        ] GC(1061) Old regions: 494->492
[368.680s][info][gc,heap        ] GC(1061) Archive regions: 2->2
[368.680s][info][gc,heap        ] GC(1061) Humongous regions: 16->16
[368.680s][info][gc,metaspace   ] GC(1061) Metaspace: 44311K(45568K)->44311K(45568K) NonClass: 39073K(39936K)->39073K(39936K) Class: 5238K(5632K)->5238K(5632K)
[368.680s][info][gc             ] GC(1061) Pause Full (G1 Evacuation Pause) 510M->508M(512M) 454.831ms
[368.681s][info][gc,cpu         ] GC(1061) User=2.50s Sys=0.02s Real=0.46s
[368.683s][info][gc,start       ] GC(1062) Pause Young (Concurrent Start) (G1 Evacuation Pause)
[368.683s][info][gc,task        ] GC(1062) Using 8 workers of 8 for evacuation
[368.684s][info][gc             ] GC(1062) To-space exhausted
[368.684s][info][gc,phases      ] GC(1062)   Pre Evacuate Collection Set: 0.1ms
[368.684s][info][gc,phases      ] GC(1062)   Merge Heap Roots: 0.0ms
[368.684s][info][gc,phases      ] GC(1062)   Evacuate Collection Set: 0.5ms
[368.684s][info][gc,phases      ] GC(1062)   Post Evacuate Collection Set: 0.7ms
[368.684s][info][gc,phases      ] GC(1062)   Other: 0.2ms
[368.684s][info][gc,heap        ] GC(1062) Eden regions: 2->0(25)
[368.684s][info][gc,heap        ] GC(1062) Survivor regions: 0->0(0)
[368.684s][info][gc,heap        ] GC(1062) Old regions: 492->494
[368.684s][info][gc,heap        ] GC(1062) Archive regions: 2->2
[368.684s][info][gc,heap        ] GC(1062) Humongous regions: 16->16
[368.684s][info][gc,metaspace   ] GC(1062) Metaspace: 44312K(45568K)->44312K(45568K) NonClass: 39074K(39936K)->39074K(39936K) Class: 5238K(5632K)->5238K(5632K)
[368.684s][info][gc             ] GC(1062) Pause Young (Concurrent Start) (G1 Evacuation Pause) 510M->510M(512M) 1.601ms
[368.684s][info][gc,cpu         ] GC(1062) User=0.01s Sys=0.00s Real=0.00s
[368.684s][info][gc,ergo        ] Attempting maximally compacting collection
[368.684s][info][gc,task        ] GC(1063) Using 8 workers of 8 for full compaction
[368.684s][info][gc             ] GC(1064) Concurrent Cycle
[368.684s][info][gc,start       ] GC(1063) Pause Full (G1 Evacuation Pause)
[368.684s][info][gc,marking     ] GC(1064) Concurrent Clear Claimed Marks
[368.684s][info][gc,marking     ] GC(1064) Concurrent Clear Claimed Marks 0.067ms
[368.684s][info][gc,marking     ] GC(1064) Concurrent Scan Root Regions
[368.684s][info][gc,marking     ] GC(1064) Concurrent Scan Root Regions 0.012ms
[368.684s][info][gc,marking     ] GC(1064) Concurrent Mark (368.684s)
[368.684s][info][gc,marking     ] GC(1064) Concurrent Mark From Roots
[368.684s][info][gc,task        ] GC(1064) Using 2 workers of 2 for marking
[368.685s][info][gc,phases,start] GC(1063) Phase 1: Mark live objects
[368.907s][info][gc,phases      ] GC(1063) Phase 1: Mark live objects 221.662ms
[368.907s][info][gc,phases,start] GC(1063) Phase 2: Prepare for compaction
[368.937s][info][gc,phases      ] GC(1063) Phase 2: Prepare for compaction 30.214ms
[368.937s][info][gc,phases,start] GC(1063) Phase 3: Adjust pointers
[369.008s][info][gc,phases      ] GC(1063) Phase 3: Adjust pointers 70.940ms
[369.008s][info][gc,phases,start] GC(1063) Phase 4: Compact heap
[369.035s][info][gc,phases      ] GC(1063) Phase 4: Compact heap 27.429ms
[369.039s][info][gc,heap        ] GC(1063) Eden regions: 0->0(25)
[369.039s][info][gc,heap        ] GC(1063) Survivor regions: 0->0(0)
[369.039s][info][gc,heap        ] GC(1063) Old regions: 494->492
[369.039s][info][gc,heap        ] GC(1063) Archive regions: 2->2
[369.039s][info][gc,heap        ] GC(1063) Humongous regions: 16->16
[369.039s][info][gc,metaspace   ] GC(1063) Metaspace: 44312K(45568K)->44312K(45568K) NonClass: 39074K(39936K)->39074K(39936K) Class: 5238K(5632K)->5238K(5632K)
[369.039s][info][gc             ] GC(1063) Pause Full (G1 Evacuation Pause) 510M->508M(512M) 355.236ms
[369.041s][info][gc,cpu         ] GC(1063) User=2.49s Sys=0.04s Real=0.36s
[369.041s][info][gc,marking     ] GC(1064) Concurrent Mark From Roots 357.046ms
[369.041s][info][gc,marking     ] GC(1064) Concurrent Mark Abort
[369.041s][info][gc             ] GC(1064) Concurrent Cycle 357.264ms
[369.044s][info][gc,start       ] GC(1065) Pause Young (Normal) (G1 Evacuation Pause)
[369.044s][info][gc,task        ] GC(1065) Using 8 workers of 8 for evacuation
[369.046s][info][gc             ] GC(1065) To-space exhausted
[369.046s][info][gc,phases      ] GC(1065)   Pre Evacuate Collection Set: 0.1ms
[369.046s][info][gc,phases      ] GC(1065)   Merge Heap Roots: 0.0ms
[369.046s][info][gc,phases      ] GC(1065)   Evacuate Collection Set: 0.5ms
[369.046s][info][gc,phases      ] GC(1065)   Post Evacuate Collection Set: 0.7ms
[369.046s][info][gc,phases      ] GC(1065)   Other: 0.2ms
[369.046s][info][gc,heap        ] GC(1065) Eden regions: 2->0(25)
[369.046s][info][gc,heap        ] GC(1065) Survivor regions: 0->0(0)
[369.046s][info][gc,heap        ] GC(1065) Old regions: 492->494
[369.046s][info][gc,heap        ] GC(1065) Archive regions: 2->2
[369.046s][info][gc,heap        ] GC(1065) Humongous regions: 16->16
[369.046s][info][gc,metaspace   ] GC(1065) Metaspace: 44321K(45568K)->44321K(45568K) NonClass: 39081K(39936K)->39081K(39936K) Class: 5239K(5632K)->5239K(5632K)
[369.046s][info][gc             ] GC(1065) Pause Young (Normal) (G1 Evacuation Pause) 510M->510M(512M) 1.587ms
[369.046s][info][gc,cpu         ] GC(1065) User=0.00s Sys=0.00s Real=0.01s
[369.046s][info][gc,ergo        ] Attempting maximally compacting collection
[369.046s][info][gc,task        ] GC(1066) Using 8 workers of 8 for full compaction
[369.046s][info][gc,start       ] GC(1066) Pause Full (G1 Evacuation Pause)
[369.046s][info][gc,phases,start] GC(1066) Phase 1: Mark live objects
[369.266s][info][gc,phases      ] GC(1066) Phase 1: Mark live objects 219.673ms
[369.266s][info][gc,phases,start] GC(1066) Phase 2: Prepare for compaction
[369.293s][info][gc,phases      ] GC(1066) Phase 2: Prepare for compaction 27.257ms
[369.293s][info][gc,phases,start] GC(1066) Phase 3: Adjust pointers
[369.365s][info][gc,phases      ] GC(1066) Phase 3: Adjust pointers 71.776ms
[369.365s][info][gc,phases,start] GC(1066) Phase 4: Compact heap
[369.389s][info][gc,phases      ] GC(1066) Phase 4: Compact heap 23.678ms
[369.393s][info][gc,heap        ] GC(1066) Eden regions: 0->0(25)
[369.393s][info][gc,heap        ] GC(1066) Survivor regions: 0->0(0)
[369.393s][info][gc,heap        ] GC(1066) Old regions: 494->492
[369.393s][info][gc,heap        ] GC(1066) Archive regions: 2->2
[369.393s][info][gc,heap        ] GC(1066) Humongous regions: 16->16
[369.393s][info][gc,metaspace   ] GC(1066) Metaspace: 44321K(45568K)->44304K(45568K) NonClass: 39081K(39936K)->39066K(39936K) Class: 5239K(5632K)->5237K(5632K)
[369.393s][info][gc             ] GC(1066) Pause Full (G1 Evacuation Pause) 510M->508M(512M) 347.014ms
[369.395s][info][gc,cpu         ] GC(1066) User=2.50s Sys=0.02s Real=0.34s
[369.397s][info][gc,start       ] GC(1067) Pause Young (Concurrent Start) (G1 Evacuation Pause)
[369.397s][info][gc,task        ] GC(1067) Using 8 workers of 8 for evacuation
[369.398s][info][gc             ] GC(1067) To-space exhausted
[369.398s][info][gc,phases      ] GC(1067)   Pre Evacuate Collection Set: 0.1ms
[369.398s][info][gc,phases      ] GC(1067)   Merge Heap Roots: 0.0ms
[369.398s][info][gc,phases      ] GC(1067)   Evacuate Collection Set: 0.5ms
[369.398s][info][gc,phases      ] GC(1067)   Post Evacuate Collection Set: 0.5ms
[369.398s][info][gc,phases      ] GC(1067)   Other: 0.2ms
[369.398s][info][gc,heap        ] GC(1067) Eden regions: 2->0(25)
[369.398s][info][gc,heap        ] GC(1067) Survivor regions: 0->0(0)
[369.398s][info][gc,heap        ] GC(1067) Old regions: 492->494
[369.398s][info][gc,heap        ] GC(1067) Archive regions: 2->2
[369.398s][info][gc,heap        ] GC(1067) Humongous regions: 16->16
[369.398s][info][gc,metaspace   ] GC(1067) Metaspace: 44310K(45568K)->44310K(45568K) NonClass: 39072K(39936K)->39072K(39936K) Class: 5238K(5632K)->5238K(5632K)
[369.398s][info][gc             ] GC(1067) Pause Young (Concurrent Start) (G1 Evacuation Pause) 510M->510M(512M) 1.494ms
[369.398s][info][gc,cpu         ] GC(1067) User=0.01s Sys=0.00s Real=0.00s
[369.398s][info][gc,ergo        ] Attempting maximally compacting collection
[369.398s][info][gc,task        ] GC(1068) Using 8 workers of 8 for full compaction
[369.398s][info][gc,start       ] GC(1068) Pause Full (G1 Evacuation Pause)
[369.398s][info][gc             ] GC(1069) Concurrent Cycle
[369.398s][info][gc,marking     ] GC(1069) Concurrent Clear Claimed Marks
[369.398s][info][gc,marking     ] GC(1069) Concurrent Clear Claimed Marks 0.053ms
[369.398s][info][gc,marking     ] GC(1069) Concurrent Scan Root Regions
[369.398s][info][gc,marking     ] GC(1069) Concurrent Scan Root Regions 0.026ms
[369.398s][info][gc,marking     ] GC(1069) Concurrent Mark (369.398s)
[369.398s][info][gc,marking     ] GC(1069) Concurrent Mark From Roots
[369.398s][info][gc,task        ] GC(1069) Using 2 workers of 2 for marking
[369.399s][info][gc,phases,start] GC(1068) Phase 1: Mark live objects
[369.627s][info][gc,phases      ] GC(1068) Phase 1: Mark live objects 228.337ms
[369.627s][info][gc,phases,start] GC(1068) Phase 2: Prepare for compaction
[369.659s][info][gc,phases      ] GC(1068) Phase 2: Prepare for compaction 32.170ms
[369.659s][info][gc,phases,start] GC(1068) Phase 3: Adjust pointers
[369.734s][info][gc,phases      ] GC(1068) Phase 3: Adjust pointers 74.890ms
[369.734s][info][gc,phases,start] GC(1068) Phase 4: Compact heap
[369.760s][info][gc,phases      ] GC(1068) Phase 4: Compact heap 25.428ms
[369.764s][info][gc,heap        ] GC(1068) Eden regions: 0->0(25)
[369.764s][info][gc,heap        ] GC(1068) Survivor regions: 0->0(0)
[369.764s][info][gc,heap        ] GC(1068) Old regions: 494->492
[369.764s][info][gc,heap        ] GC(1068) Archive regions: 2->2
[369.764s][info][gc,heap        ] GC(1068) Humongous regions: 16->16
[369.764s][info][gc,metaspace   ] GC(1068) Metaspace: 44310K(45568K)->44310K(45568K) NonClass: 39072K(39936K)->39072K(39936K) Class: 5238K(5632K)->5238K(5632K)
[369.764s][info][gc             ] GC(1068) Pause Full (G1 Evacuation Pause) 510M->508M(512M) 365.972ms
[369.766s][info][gc,cpu         ] GC(1068) User=2.47s Sys=0.03s Real=0.37s
[369.766s][info][gc,marking     ] GC(1069) Concurrent Mark From Roots 367.553ms
[369.766s][info][gc,marking     ] GC(1069) Concurrent Mark Abort
[369.766s][info][gc             ] GC(1069) Concurrent Cycle 367.803ms
[369.768s][info][gc,start       ] GC(1070) Pause Young (Normal) (G1 Evacuation Pause)
[369.768s][info][gc,task        ] GC(1070) Using 8 workers of 8 for evacuation
[369.770s][info][gc             ] GC(1070) To-space exhausted
[369.770s][info][gc,phases      ] GC(1070)   Pre Evacuate Collection Set: 0.1ms
[369.770s][info][gc,phases      ] GC(1070)   Merge Heap Roots: 0.0ms
[369.770s][info][gc,phases      ] GC(1070)   Evacuate Collection Set: 0.7ms
[369.770s][info][gc,phases      ] GC(1070)   Post Evacuate Collection Set: 0.8ms
[369.770s][info][gc,phases      ] GC(1070)   Other: 0.2ms
[369.770s][info][gc,heap        ] GC(1070) Eden regions: 2->0(25)
[369.770s][info][gc,heap        ] GC(1070) Survivor regions: 0->0(0)
[369.770s][info][gc,heap        ] GC(1070) Old regions: 492->494
[369.770s][info][gc,heap        ] GC(1070) Archive regions: 2->2
[369.770s][info][gc,heap        ] GC(1070) Humongous regions: 16->16
[369.770s][info][gc,metaspace   ] GC(1070) Metaspace: 44315K(45568K)->44315K(45568K) NonClass: 39076K(39936K)->39076K(39936K) Class: 5238K(5632K)->5238K(5632K)
[369.770s][info][gc             ] GC(1070) Pause Young (Normal) (G1 Evacuation Pause) 510M->510M(512M) 1.875ms
[369.770s][info][gc,cpu         ] GC(1070) User=0.00s Sys=0.00s Real=0.00s
[369.770s][info][gc,ergo        ] Attempting maximally compacting collection
[369.770s][info][gc,task        ] GC(1071) Using 8 workers of 8 for full compaction
[369.770s][info][gc,start       ] GC(1071) Pause Full (G1 Evacuation Pause)
[369.770s][info][gc,phases,start] GC(1071) Phase 1: Mark live objects
[370.005s][info][gc,phases      ] GC(1071) Phase 1: Mark live objects 234.511ms
[370.005s][info][gc,phases,start] GC(1071) Phase 2: Prepare for compaction
[370.043s][info][gc,phases      ] GC(1071) Phase 2: Prepare for compaction 38.441ms
[370.043s][info][gc,phases,start] GC(1071) Phase 3: Adjust pointers
[370.120s][info][gc,phases      ] GC(1071) Phase 3: Adjust pointers 77.271ms
[370.120s][info][gc,phases,start] GC(1071) Phase 4: Compact heap
[370.149s][info][gc,phases      ] GC(1071) Phase 4: Compact heap 28.547ms
[370.153s][info][gc,heap        ] GC(1071) Eden regions: 0->0(25)
[370.153s][info][gc,heap        ] GC(1071) Survivor regions: 0->0(0)
[370.153s][info][gc,heap        ] GC(1071) Old regions: 494->492
[370.153s][info][gc,heap        ] GC(1071) Archive regions: 2->2
[370.153s][info][gc,heap        ] GC(1071) Humongous regions: 16->16
[370.153s][info][gc,metaspace   ] GC(1071) Metaspace: 44315K(45568K)->44309K(45568K) NonClass: 39076K(39936K)->39072K(39936K) Class: 5238K(5632K)->5237K(5632K)
[370.153s][info][gc             ] GC(1071) Pause Full (G1 Evacuation Pause) 510M->508M(512M) 383.180ms
[370.155s][info][gc,cpu         ] GC(1071) User=2.50s Sys=0.03s Real=0.38s
[370.156s][info][gc,start       ] GC(1072) Pause Young (Concurrent Start) (G1 Evacuation Pause)
[370.156s][info][gc,task        ] GC(1072) Using 8 workers of 8 for evacuation
[370.158s][info][gc             ] GC(1072) To-space exhausted
[370.158s][info][gc,phases      ] GC(1072)   Pre Evacuate Collection Set: 0.1ms
[370.158s][info][gc,phases      ] GC(1072)   Merge Heap Roots: 0.0ms
[370.158s][info][gc,phases      ] GC(1072)   Evacuate Collection Set: 0.6ms
[370.158s][info][gc,phases      ] GC(1072)   Post Evacuate Collection Set: 0.5ms
[370.158s][info][gc,phases      ] GC(1072)   Other: 0.2ms
[370.158s][info][gc,heap        ] GC(1072) Eden regions: 2->0(25)
[370.158s][info][gc,heap        ] GC(1072) Survivor regions: 0->0(0)
[370.158s][info][gc,heap        ] GC(1072) Old regions: 492->494
[370.158s][info][gc,heap        ] GC(1072) Archive regions: 2->2
[370.158s][info][gc,heap        ] GC(1072) Humongous regions: 16->16
[370.158s][info][gc,metaspace   ] GC(1072) Metaspace: 44313K(45568K)->44313K(45568K) NonClass: 39075K(39936K)->39075K(39936K) Class: 5238K(5632K)->5238K(5632K)
[370.158s][info][gc             ] GC(1072) Pause Young (Concurrent Start) (G1 Evacuation Pause) 510M->510M(512M) 1.502ms
[370.158s][info][gc,cpu         ] GC(1072) User=0.01s Sys=0.00s Real=0.00s
[370.158s][info][gc,ergo        ] Attempting maximally compacting collection
[370.158s][info][gc,task        ] GC(1073) Using 8 workers of 8 for full compaction
[370.158s][info][gc,start       ] GC(1073) Pause Full (G1 Evacuation Pause)
[370.158s][info][gc             ] GC(1074) Concurrent Cycle
[370.158s][info][gc,marking     ] GC(1074) Concurrent Clear Claimed Marks
[370.158s][info][gc,marking     ] GC(1074) Concurrent Clear Claimed Marks 0.052ms
[370.158s][info][gc,marking     ] GC(1074) Concurrent Scan Root Regions
[370.158s][info][gc,marking     ] GC(1074) Concurrent Scan Root Regions 0.021ms
[370.158s][info][gc,marking     ] GC(1074) Concurrent Mark (370.158s)
[370.158s][info][gc,marking     ] GC(1074) Concurrent Mark From Roots
[370.158s][info][gc,task        ] GC(1074) Using 2 workers of 2 for marking
[370.158s][info][gc,phases,start] GC(1073) Phase 1: Mark live objects
[370.387s][info][gc,phases      ] GC(1073) Phase 1: Mark live objects 228.786ms
[370.387s][info][gc,phases,start] GC(1073) Phase 2: Prepare for compaction
[370.422s][info][gc,phases      ] GC(1073) Phase 2: Prepare for compaction 35.159ms
[370.422s][info][gc,phases,start] GC(1073) Phase 3: Adjust pointers
[370.510s][info][gc,phases      ] GC(1073) Phase 3: Adjust pointers 87.838ms
[370.510s][info][gc,phases,start] GC(1073) Phase 4: Compact heap
[370.540s][info][gc,phases      ] GC(1073) Phase 4: Compact heap 30.076ms
[370.544s][info][gc,heap        ] GC(1073) Eden regions: 0->0(25)
[370.544s][info][gc,heap        ] GC(1073) Survivor regions: 0->0(0)
[370.544s][info][gc,heap        ] GC(1073) Old regions: 494->493
[370.545s][info][gc,heap        ] GC(1073) Archive regions: 2->2
[370.545s][info][gc,heap        ] GC(1073) Humongous regions: 16->16
[370.545s][info][gc,metaspace   ] GC(1073) Metaspace: 44313K(45568K)->44313K(45568K) NonClass: 39075K(39936K)->39075K(39936K) Class: 5238K(5632K)->5238K(5632K)
[370.545s][info][gc             ] GC(1073) Pause Full (G1 Evacuation Pause) 510M->508M(512M) 386.786ms
[370.546s][info][gc,cpu         ] GC(1073) User=2.44s Sys=0.05s Real=0.39s
[370.546s][info][gc,marking     ] GC(1074) Concurrent Mark From Roots 388.251ms
[370.546s][info][gc,marking     ] GC(1074) Concurrent Mark Abort
[370.546s][info][gc             ] GC(1074) Concurrent Cycle 388.498ms
[370.548s][info][gc,start       ] GC(1075) Pause Young (Normal) (G1 Evacuation Pause)
[370.548s][info][gc,task        ] GC(1075) Using 8 workers of 8 for evacuation
[370.549s][info][gc             ] GC(1075) To-space exhausted
[370.549s][info][gc,phases      ] GC(1075)   Pre Evacuate Collection Set: 0.1ms
[370.549s][info][gc,phases      ] GC(1075)   Merge Heap Roots: 0.0ms
[370.549s][info][gc,phases      ] GC(1075)   Evacuate Collection Set: 0.4ms
[370.549s][info][gc,phases      ] GC(1075)   Post Evacuate Collection Set: 0.7ms
[370.549s][info][gc,phases      ] GC(1075)   Other: 0.2ms
[370.549s][info][gc,heap        ] GC(1075) Eden regions: 1->0(25)
[370.549s][info][gc,heap        ] GC(1075) Survivor regions: 0->0(0)
[370.549s][info][gc,heap        ] GC(1075) Old regions: 493->494
[370.549s][info][gc,heap        ] GC(1075) Archive regions: 2->2
[370.549s][info][gc,heap        ] GC(1075) Humongous regions: 16->16
[370.549s][info][gc,metaspace   ] GC(1075) Metaspace: 44313K(45568K)->44313K(45568K) NonClass: 39075K(39936K)->39075K(39936K) Class: 5238K(5632K)->5238K(5632K)
[370.549s][info][gc             ] GC(1075) Pause Young (Normal) (G1 Evacuation Pause) 509M->509M(512M) 1.407ms
[370.549s][info][gc,cpu         ] GC(1075) User=0.00s Sys=0.00s Real=0.00s
[370.549s][info][gc,ergo        ] Attempting maximally compacting collection
[370.549s][info][gc,task        ] GC(1076) Using 8 workers of 8 for full compaction
[370.549s][info][gc,start       ] GC(1076) Pause Full (G1 Evacuation Pause)
[370.549s][info][gc,phases,start] GC(1076) Phase 1: Mark live objects
[370.783s][info][gc,phases      ] GC(1076) Phase 1: Mark live objects 233.596ms
[370.783s][info][gc,phases,start] GC(1076) Phase 2: Prepare for compaction
[370.814s][info][gc,phases      ] GC(1076) Phase 2: Prepare for compaction 30.681ms
[370.814s][info][gc,phases,start] GC(1076) Phase 3: Adjust pointers
[370.887s][info][gc,phases      ] GC(1076) Phase 3: Adjust pointers 73.051ms
[370.887s][info][gc,phases,start] GC(1076) Phase 4: Compact heap
[370.910s][info][gc,phases      ] GC(1076) Phase 4: Compact heap 23.730ms
[370.915s][info][gc,heap        ] GC(1076) Eden regions: 0->0(25)
[370.915s][info][gc,heap        ] GC(1076) Survivor regions: 0->0(0)
[370.915s][info][gc,heap        ] GC(1076) Old regions: 494->493
[370.915s][info][gc,heap        ] GC(1076) Archive regions: 2->2
[370.915s][info][gc,heap        ] GC(1076) Humongous regions: 16->16
[370.915s][info][gc,metaspace   ] GC(1076) Metaspace: 44313K(45568K)->44313K(45568K) NonClass: 39075K(39936K)->39075K(39936K) Class: 5238K(5632K)->5238K(5632K)
[370.915s][info][gc             ] GC(1076) Pause Full (G1 Evacuation Pause) 509M->508M(512M) 365.772ms
[370.916s][info][gc,cpu         ] GC(1076) User=2.50s Sys=0.03s Real=0.37s
[370.918s][info][gc,start       ] GC(1077) Pause Young (Concurrent Start) (G1 Evacuation Pause)
[370.918s][info][gc,task        ] GC(1077) Using 8 workers of 8 for evacuation
[370.919s][info][gc             ] GC(1077) To-space exhausted
[370.919s][info][gc,phases      ] GC(1077)   Pre Evacuate Collection Set: 0.1ms
[370.919s][info][gc,phases      ] GC(1077)   Merge Heap Roots: 0.1ms
[370.919s][info][gc,phases      ] GC(1077)   Evacuate Collection Set: 0.5ms
[370.919s][info][gc,phases      ] GC(1077)   Post Evacuate Collection Set: 0.4ms
[370.919s][info][gc,phases      ] GC(1077)   Other: 0.2ms
[370.919s][info][gc,heap        ] GC(1077) Eden regions: 1->0(25)
[370.919s][info][gc,heap        ] GC(1077) Survivor regions: 0->0(0)
[370.919s][info][gc,heap        ] GC(1077) Old regions: 493->494
[370.919s][info][gc,heap        ] GC(1077) Archive regions: 2->2
[370.919s][info][gc,heap        ] GC(1077) Humongous regions: 16->16
[370.919s][info][gc,metaspace   ] GC(1077) Metaspace: 44313K(45568K)->44313K(45568K) NonClass: 39075K(39936K)->39075K(39936K) Class: 5238K(5632K)->5238K(5632K)
[370.919s][info][gc             ] GC(1077) Pause Young (Concurrent Start) (G1 Evacuation Pause) 509M->509M(512M) 1.317ms
[370.919s][info][gc,cpu         ] GC(1077) User=0.01s Sys=0.00s Real=0.00s
[370.919s][info][gc,ergo        ] Attempting maximally compacting collection
[370.919s][info][gc,task        ] GC(1078) Using 8 workers of 8 for full compaction
[370.919s][info][gc             ] GC(1079) Concurrent Cycle
[370.919s][info][gc,start       ] GC(1078) Pause Full (G1 Evacuation Pause)
[370.919s][info][gc,marking     ] GC(1079) Concurrent Clear Claimed Marks
[370.919s][info][gc,marking     ] GC(1079) Concurrent Clear Claimed Marks 0.083ms
[370.919s][info][gc,marking     ] GC(1079) Concurrent Scan Root Regions
[370.919s][info][gc,marking     ] GC(1079) Concurrent Scan Root Regions 0.030ms
[370.919s][info][gc,marking     ] GC(1079) Concurrent Mark (370.919s)
[370.919s][info][gc,marking     ] GC(1079) Concurrent Mark From Roots
[370.919s][info][gc,task        ] GC(1079) Using 2 workers of 2 for marking
[370.920s][info][gc,phases,start] GC(1078) Phase 1: Mark live objects
[371.241s][info][gc,phases      ] GC(1078) Phase 1: Mark live objects 321.281ms
[371.241s][info][gc,phases,start] GC(1078) Phase 2: Prepare for compaction
[371.278s][info][gc,phases      ] GC(1078) Phase 2: Prepare for compaction 36.840ms
[371.278s][info][gc,phases,start] GC(1078) Phase 3: Adjust pointers
[371.351s][info][gc,phases      ] GC(1078) Phase 3: Adjust pointers 73.353ms
[371.351s][info][gc,phases,start] GC(1078) Phase 4: Compact heap
[371.378s][info][gc,phases      ] GC(1078) Phase 4: Compact heap 26.630ms
[371.382s][info][gc,heap        ] GC(1078) Eden regions: 0->0(25)
[371.382s][info][gc,heap        ] GC(1078) Survivor regions: 0->0(0)
[371.382s][info][gc,heap        ] GC(1078) Old regions: 494->493
[371.382s][info][gc,heap        ] GC(1078) Archive regions: 2->2
[371.382s][info][gc,heap        ] GC(1078) Humongous regions: 16->16
[371.382s][info][gc,metaspace   ] GC(1078) Metaspace: 44313K(45568K)->44309K(45568K) NonClass: 39075K(39936K)->39072K(39936K) Class: 5238K(5632K)->5237K(5632K)
[371.382s][info][gc             ] GC(1078) Pause Full (G1 Evacuation Pause) 509M->508M(512M) 463.190ms
[371.384s][info][gc,cpu         ] GC(1078) User=2.50s Sys=0.05s Real=0.46s
[371.384s][info][gc,marking     ] GC(1079) Concurrent Mark From Roots 464.714ms
[371.384s][info][gc,marking     ] GC(1079) Concurrent Mark Abort
[371.384s][info][gc             ] GC(1079) Concurrent Cycle 465.023ms
[371.385s][info][gc,start       ] GC(1080) Pause Young (Normal) (G1 Evacuation Pause)
[371.385s][info][gc,task        ] GC(1080) Using 8 workers of 8 for evacuation
[371.386s][info][gc             ] GC(1080) To-space exhausted
[371.386s][info][gc,phases      ] GC(1080)   Pre Evacuate Collection Set: 0.1ms
[371.386s][info][gc,phases      ] GC(1080)   Merge Heap Roots: 0.1ms
[371.386s][info][gc,phases      ] GC(1080)   Evacuate Collection Set: 0.3ms
[371.386s][info][gc,phases      ] GC(1080)   Post Evacuate Collection Set: 0.4ms
[371.386s][info][gc,phases      ] GC(1080)   Other: 0.1ms
[371.386s][info][gc,heap        ] GC(1080) Eden regions: 1->0(25)
[371.386s][info][gc,heap        ] GC(1080) Survivor regions: 0->0(0)
[371.386s][info][gc,heap        ] GC(1080) Old regions: 493->494
[371.386s][info][gc,heap        ] GC(1080) Archive regions: 2->2
[371.386s][info][gc,heap        ] GC(1080) Humongous regions: 16->16
[371.386s][info][gc,metaspace   ] GC(1080) Metaspace: 44313K(45568K)->44313K(45568K) NonClass: 39075K(39936K)->39075K(39936K) Class: 5238K(5632K)->5238K(5632K)
[371.386s][info][gc             ] GC(1080) Pause Young (Normal) (G1 Evacuation Pause) 509M->509M(512M) 0.986ms
[371.386s][info][gc,cpu         ] GC(1080) User=0.00s Sys=0.00s Real=0.01s
[371.386s][info][gc,ergo        ] Attempting maximally compacting collection
[371.386s][info][gc,task        ] GC(1081) Using 8 workers of 8 for full compaction
[371.386s][info][gc,start       ] GC(1081) Pause Full (G1 Evacuation Pause)
[371.386s][info][gc,phases,start] GC(1081) Phase 1: Mark live objects
[371.623s][info][gc,phases      ] GC(1081) Phase 1: Mark live objects 237.346ms
[371.623s][info][gc,phases,start] GC(1081) Phase 2: Prepare for compaction
[371.656s][info][gc,phases      ] GC(1081) Phase 2: Prepare for compaction 32.599ms
[371.656s][info][gc,phases,start] GC(1081) Phase 3: Adjust pointers
[371.731s][info][gc,phases      ] GC(1081) Phase 3: Adjust pointers 75.032ms
[371.731s][info][gc,phases,start] GC(1081) Phase 4: Compact heap
[371.757s][info][gc,phases      ] GC(1081) Phase 4: Compact heap 26.091ms
[371.761s][info][gc,heap        ] GC(1081) Eden regions: 0->0(25)
[371.761s][info][gc,heap        ] GC(1081) Survivor regions: 0->0(0)
[371.761s][info][gc,heap        ] GC(1081) Old regions: 494->493
[371.761s][info][gc,heap        ] GC(1081) Archive regions: 2->2
[371.761s][info][gc,heap        ] GC(1081) Humongous regions: 16->16
[371.761s][info][gc,metaspace   ] GC(1081) Metaspace: 44313K(45568K)->44313K(45568K) NonClass: 39075K(39936K)->39075K(39936K) Class: 5238K(5632K)->5238K(5632K)
[371.761s][info][gc             ] GC(1081) Pause Full (G1 Evacuation Pause) 509M->508M(512M) 375.473ms
[371.763s][info][gc,cpu         ] GC(1081) User=2.52s Sys=0.04s Real=0.37s
[371.764s][info][gc,start       ] GC(1082) Pause Young (Concurrent Start) (G1 Evacuation Pause)
[371.764s][info][gc,task        ] GC(1082) Using 8 workers of 8 for evacuation
[371.765s][info][gc             ] GC(1082) To-space exhausted
[371.765s][info][gc,phases      ] GC(1082)   Pre Evacuate Collection Set: 0.1ms
[371.765s][info][gc,phases      ] GC(1082)   Merge Heap Roots: 0.0ms
[371.765s][info][gc,phases      ] GC(1082)   Evacuate Collection Set: 0.6ms
[371.765s][info][gc,phases      ] GC(1082)   Post Evacuate Collection Set: 0.3ms
[371.766s][info][gc,phases      ] GC(1082)   Other: 0.2ms
[371.766s][info][gc,heap        ] GC(1082) Eden regions: 1->0(25)
[371.766s][info][gc,heap        ] GC(1082) Survivor regions: 0->0(0)
[371.766s][info][gc,heap        ] GC(1082) Old regions: 493->494
[371.766s][info][gc,heap        ] GC(1082) Archive regions: 2->2
[371.766s][info][gc,heap        ] GC(1082) Humongous regions: 16->16
[371.766s][info][gc,metaspace   ] GC(1082) Metaspace: 44313K(45568K)->44313K(45568K) NonClass: 39075K(39936K)->39075K(39936K) Class: 5238K(5632K)->5238K(5632K)
[371.766s][info][gc             ] GC(1082) Pause Young (Concurrent Start) (G1 Evacuation Pause) 509M->509M(512M) 1.311ms
[371.766s][info][gc,cpu         ] GC(1082) User=0.00s Sys=0.00s Real=0.01s
[371.766s][info][gc,ergo        ] Attempting maximally compacting collection
[371.766s][info][gc,task        ] GC(1083) Using 8 workers of 8 for full compaction
[371.766s][info][gc,start       ] GC(1083) Pause Full (G1 Evacuation Pause)
[371.766s][info][gc             ] GC(1084) Concurrent Cycle
[371.766s][info][gc,marking     ] GC(1084) Concurrent Clear Claimed Marks
[371.766s][info][gc,marking     ] GC(1084) Concurrent Clear Claimed Marks 0.066ms
[371.766s][info][gc,marking     ] GC(1084) Concurrent Scan Root Regions
[371.766s][info][gc,marking     ] GC(1084) Concurrent Scan Root Regions 0.027ms
[371.766s][info][gc,marking     ] GC(1084) Concurrent Mark (371.766s)
[371.766s][info][gc,marking     ] GC(1084) Concurrent Mark From Roots
[371.766s][info][gc,task        ] GC(1084) Using 2 workers of 2 for marking
[371.766s][info][gc,phases,start] GC(1083) Phase 1: Mark live objects
[372.004s][info][gc,phases      ] GC(1083) Phase 1: Mark live objects 237.909ms
[372.004s][info][gc,phases,start] GC(1083) Phase 2: Prepare for compaction
[372.035s][info][gc,phases      ] GC(1083) Phase 2: Prepare for compaction 30.416ms
[372.035s][info][gc,phases,start] GC(1083) Phase 3: Adjust pointers
[372.112s][info][gc,phases      ] GC(1083) Phase 3: Adjust pointers 77.250ms
[372.112s][info][gc,phases,start] GC(1083) Phase 4: Compact heap
[372.142s][info][gc,phases      ] GC(1083) Phase 4: Compact heap 30.485ms
[372.147s][info][gc,heap        ] GC(1083) Eden regions: 0->0(25)
[372.147s][info][gc,heap        ] GC(1083) Survivor regions: 0->0(0)
[372.147s][info][gc,heap        ] GC(1083) Old regions: 494->493
[372.147s][info][gc,heap        ] GC(1083) Archive regions: 2->2
[372.147s][info][gc,heap        ] GC(1083) Humongous regions: 16->16
[372.147s][info][gc,metaspace   ] GC(1083) Metaspace: 44313K(45568K)->44309K(45568K) NonClass: 39075K(39936K)->39072K(39936K) Class: 5238K(5632K)->5237K(5632K)
[372.147s][info][gc             ] GC(1083) Pause Full (G1 Evacuation Pause) 509M->508M(512M) 381.295ms
[372.149s][info][gc,cpu         ] GC(1083) User=2.58s Sys=0.04s Real=0.38s
[372.149s][info][gc,marking     ] GC(1084) Concurrent Mark From Roots 383.298ms
[372.149s][info][gc,marking     ] GC(1084) Concurrent Mark Abort
[372.149s][info][gc             ] GC(1084) Concurrent Cycle 383.569ms
[372.151s][info][gc,start       ] GC(1085) Pause Young (Normal) (G1 Evacuation Pause)
[372.151s][info][gc,task        ] GC(1085) Using 8 workers of 8 for evacuation
[372.152s][info][gc             ] GC(1085) To-space exhausted
[372.152s][info][gc,phases      ] GC(1085)   Pre Evacuate Collection Set: 0.1ms
[372.152s][info][gc,phases      ] GC(1085)   Merge Heap Roots: 0.0ms
[372.152s][info][gc,phases      ] GC(1085)   Evacuate Collection Set: 0.3ms
[372.152s][info][gc,phases      ] GC(1085)   Post Evacuate Collection Set: 0.4ms
[372.152s][info][gc,phases      ] GC(1085)   Other: 0.2ms
[372.152s][info][gc,heap        ] GC(1085) Eden regions: 1->0(25)
[372.152s][info][gc,heap        ] GC(1085) Survivor regions: 0->0(0)
[372.152s][info][gc,heap        ] GC(1085) Old regions: 493->494
[372.152s][info][gc,heap        ] GC(1085) Archive regions: 2->2
[372.152s][info][gc,heap        ] GC(1085) Humongous regions: 16->16
[372.152s][info][gc,metaspace   ] GC(1085) Metaspace: 44313K(45568K)->44313K(45568K) NonClass: 39075K(39936K)->39075K(39936K) Class: 5238K(5632K)->5238K(5632K)
[372.152s][info][gc             ] GC(1085) Pause Young (Normal) (G1 Evacuation Pause) 509M->509M(512M) 1.040ms
[372.152s][info][gc,cpu         ] GC(1085) User=0.00s Sys=0.00s Real=0.00s
[372.152s][info][gc,ergo        ] Attempting maximally compacting collection
[372.152s][info][gc,task        ] GC(1086) Using 8 workers of 8 for full compaction
[372.152s][info][gc,start       ] GC(1086) Pause Full (G1 Evacuation Pause)
[372.152s][info][gc,phases,start] GC(1086) Phase 1: Mark live objects
[372.380s][info][gc,phases      ] GC(1086) Phase 1: Mark live objects 227.951ms
[372.380s][info][gc,phases,start] GC(1086) Phase 2: Prepare for compaction
[372.411s][info][gc,phases      ] GC(1086) Phase 2: Prepare for compaction 30.205ms
[372.411s][info][gc,phases,start] GC(1086) Phase 3: Adjust pointers
[372.484s][info][gc,phases      ] GC(1086) Phase 3: Adjust pointers 73.156ms
[372.484s][info][gc,phases,start] GC(1086) Phase 4: Compact heap
[372.509s][info][gc,phases      ] GC(1086) Phase 4: Compact heap 25.383ms
[372.513s][info][gc,heap        ] GC(1086) Eden regions: 0->0(25)
[372.513s][info][gc,heap        ] GC(1086) Survivor regions: 0->0(0)
[372.513s][info][gc,heap        ] GC(1086) Old regions: 494->493
[372.513s][info][gc,heap        ] GC(1086) Archive regions: 2->2
[372.513s][info][gc,heap        ] GC(1086) Humongous regions: 16->16
[372.513s][info][gc,metaspace   ] GC(1086) Metaspace: 44313K(45568K)->44309K(45568K) NonClass: 39075K(39936K)->39072K(39936K) Class: 5238K(5632K)->5237K(5632K)
[372.513s][info][gc             ] GC(1086) Pause Full (G1 Evacuation Pause) 509M->508M(512M) 361.020ms
[372.515s][info][gc,cpu         ] GC(1086) User=2.55s Sys=0.03s Real=0.36s
[372.516s][info][gc,start       ] GC(1087) Pause Young (Concurrent Start) (G1 Evacuation Pause)
[372.516s][info][gc,task        ] GC(1087) Using 8 workers of 8 for evacuation
[372.517s][info][gc             ] GC(1087) To-space exhausted
[372.517s][info][gc,phases      ] GC(1087)   Pre Evacuate Collection Set: 0.1ms
[372.517s][info][gc,phases      ] GC(1087)   Merge Heap Roots: 0.0ms
[372.517s][info][gc,phases      ] GC(1087)   Evacuate Collection Set: 0.6ms
[372.517s][info][gc,phases      ] GC(1087)   Post Evacuate Collection Set: 0.5ms
[372.517s][info][gc,phases      ] GC(1087)   Other: 0.2ms
[372.517s][info][gc,heap        ] GC(1087) Eden regions: 1->0(25)
[372.517s][info][gc,heap        ] GC(1087) Survivor regions: 0->0(0)
[372.517s][info][gc,heap        ] GC(1087) Old regions: 493->494
[372.517s][info][gc,heap        ] GC(1087) Archive regions: 2->2
[372.517s][info][gc,heap        ] GC(1087) Humongous regions: 16->16
[372.517s][info][gc,metaspace   ] GC(1087) Metaspace: 44313K(45568K)->44313K(45568K) NonClass: 39075K(39936K)->39075K(39936K) Class: 5238K(5632K)->5238K(5632K)
[372.517s][info][gc             ] GC(1087) Pause Young (Concurrent Start) (G1 Evacuation Pause) 509M->509M(512M) 1.517ms
[372.517s][info][gc,cpu         ] GC(1087) User=0.01s Sys=0.00s Real=0.00s
[372.517s][info][gc,ergo        ] Attempting maximally compacting collection
[372.517s][info][gc             ] GC(1088) Concurrent Cycle
[372.518s][info][gc,task        ] GC(1089) Using 8 workers of 8 for full compaction
[372.518s][info][gc,marking     ] GC(1088) Concurrent Clear Claimed Marks
[372.518s][info][gc,start       ] GC(1089) Pause Full (G1 Evacuation Pause)
[372.518s][info][gc,marking     ] GC(1088) Concurrent Clear Claimed Marks 0.055ms
[372.518s][info][gc,marking     ] GC(1088) Concurrent Scan Root Regions
[372.518s][info][gc,marking     ] GC(1088) Concurrent Scan Root Regions 0.017ms
[372.518s][info][gc,marking     ] GC(1088) Concurrent Mark (372.518s)
[372.518s][info][gc,marking     ] GC(1088) Concurrent Mark From Roots
[372.518s][info][gc,task        ] GC(1088) Using 2 workers of 2 for marking
[372.518s][info][gc,phases,start] GC(1089) Phase 1: Mark live objects
[372.741s][info][gc,phases      ] GC(1089) Phase 1: Mark live objects 223.021ms
[372.741s][info][gc,phases,start] GC(1089) Phase 2: Prepare for compaction
[372.771s][info][gc,phases      ] GC(1089) Phase 2: Prepare for compaction 29.813ms
[372.771s][info][gc,phases,start] GC(1089) Phase 3: Adjust pointers
[372.851s][info][gc,phases      ] GC(1089) Phase 3: Adjust pointers 79.387ms
[372.851s][info][gc,phases,start] GC(1089) Phase 4: Compact heap
[372.877s][info][gc,phases      ] GC(1089) Phase 4: Compact heap 26.198ms
[372.881s][info][gc,heap        ] GC(1089) Eden regions: 0->0(25)
[372.881s][info][gc,heap        ] GC(1089) Survivor regions: 0->0(0)
[372.881s][info][gc,heap        ] GC(1089) Old regions: 494->493
[372.881s][info][gc,heap        ] GC(1089) Archive regions: 2->2
[372.881s][info][gc,heap        ] GC(1089) Humongous regions: 16->16
[372.881s][info][gc,metaspace   ] GC(1089) Metaspace: 44313K(45568K)->44313K(45568K) NonClass: 39075K(39936K)->39075K(39936K) Class: 5238K(5632K)->5238K(5632K)
[372.881s][info][gc             ] GC(1089) Pause Full (G1 Evacuation Pause) 509M->508M(512M) 363.379ms
[372.882s][info][gc,cpu         ] GC(1089) User=2.49s Sys=0.03s Real=0.36s
[372.882s][info][gc,marking     ] GC(1088) Concurrent Mark From Roots 364.343ms
[372.882s][info][gc,marking     ] GC(1088) Concurrent Mark Abort
[372.882s][info][gc             ] GC(1088) Concurrent Cycle 364.539ms
[372.883s][info][gc,start       ] GC(1090) Pause Young (Normal) (G1 Evacuation Pause)
[372.884s][info][gc,task        ] GC(1090) Using 8 workers of 8 for evacuation
[372.885s][info][gc             ] GC(1090) To-space exhausted
[372.885s][info][gc,phases      ] GC(1090)   Pre Evacuate Collection Set: 0.1ms
[372.885s][info][gc,phases      ] GC(1090)   Merge Heap Roots: 0.0ms
[372.885s][info][gc,phases      ] GC(1090)   Evacuate Collection Set: 0.3ms
[372.885s][info][gc,phases      ] GC(1090)   Post Evacuate Collection Set: 0.6ms
[372.885s][info][gc,phases      ] GC(1090)   Other: 0.1ms
[372.885s][info][gc,heap        ] GC(1090) Eden regions: 1->0(25)
[372.885s][info][gc,heap        ] GC(1090) Survivor regions: 0->0(0)
[372.885s][info][gc,heap        ] GC(1090) Old regions: 493->494
[372.885s][info][gc,heap        ] GC(1090) Archive regions: 2->2
[372.885s][info][gc,heap        ] GC(1090) Humongous regions: 16->16
[372.885s][info][gc,metaspace   ] GC(1090) Metaspace: 44317K(45568K)->44317K(45568K) NonClass: 39078K(39936K)->39078K(39936K) Class: 5238K(5632K)->5238K(5632K)
[372.885s][info][gc             ] GC(1090) Pause Young (Normal) (G1 Evacuation Pause) 509M->509M(512M) 1.182ms
[372.885s][info][gc,cpu         ] GC(1090) User=0.01s Sys=0.00s Real=0.00s
[372.885s][info][gc,ergo        ] Attempting maximally compacting collection
[372.885s][info][gc,task        ] GC(1091) Using 8 workers of 8 for full compaction
[372.885s][info][gc,start       ] GC(1091) Pause Full (G1 Evacuation Pause)
[372.885s][info][gc,phases,start] GC(1091) Phase 1: Mark live objects
[373.109s][info][gc,phases      ] GC(1091) Phase 1: Mark live objects 223.768ms
[373.109s][info][gc,phases,start] GC(1091) Phase 2: Prepare for compaction
[373.138s][info][gc,phases      ] GC(1091) Phase 2: Prepare for compaction 29.397ms
[373.138s][info][gc,phases,start] GC(1091) Phase 3: Adjust pointers
[373.209s][info][gc,phases      ] GC(1091) Phase 3: Adjust pointers 71.056ms
[373.209s][info][gc,phases,start] GC(1091) Phase 4: Compact heap
[373.236s][info][gc,phases      ] GC(1091) Phase 4: Compact heap 26.634ms
[373.240s][info][gc,heap        ] GC(1091) Eden regions: 0->0(25)
[373.240s][info][gc,heap        ] GC(1091) Survivor regions: 0->0(0)
[373.240s][info][gc,heap        ] GC(1091) Old regions: 494->493
[373.240s][info][gc,heap        ] GC(1091) Archive regions: 2->2
[373.240s][info][gc,heap        ] GC(1091) Humongous regions: 16->16
[373.240s][info][gc,metaspace   ] GC(1091) Metaspace: 44317K(45568K)->44317K(45568K) NonClass: 39078K(39936K)->39078K(39936K) Class: 5238K(5632K)->5238K(5632K)
[373.240s][info][gc             ] GC(1091) Pause Full (G1 Evacuation Pause) 509M->509M(512M) 355.293ms
[373.242s][info][gc,cpu         ] GC(1091) User=2.47s Sys=0.04s Real=0.36s
[373.243s][info][gc,start       ] GC(1092) Pause Young (Concurrent Start) (G1 Evacuation Pause)
[373.243s][info][gc,task        ] GC(1092) Using 8 workers of 8 for evacuation
[373.245s][info][gc             ] GC(1092) To-space exhausted
[373.245s][info][gc,phases      ] GC(1092)   Pre Evacuate Collection Set: 0.1ms
[373.245s][info][gc,phases      ] GC(1092)   Merge Heap Roots: 0.0ms
[373.245s][info][gc,phases      ] GC(1092)   Evacuate Collection Set: 0.6ms
[373.245s][info][gc,phases      ] GC(1092)   Post Evacuate Collection Set: 0.6ms
[373.245s][info][gc,phases      ] GC(1092)   Other: 0.2ms
[373.245s][info][gc,heap        ] GC(1092) Eden regions: 1->0(25)
[373.245s][info][gc,heap        ] GC(1092) Survivor regions: 0->0(0)
[373.245s][info][gc,heap        ] GC(1092) Old regions: 493->494
[373.245s][info][gc,heap        ] GC(1092) Archive regions: 2->2
[373.245s][info][gc,heap        ] GC(1092) Humongous regions: 16->16
[373.245s][info][gc,metaspace   ] GC(1092) Metaspace: 44317K(45568K)->44317K(45568K) NonClass: 39078K(39936K)->39078K(39936K) Class: 5238K(5632K)->5238K(5632K)
[373.245s][info][gc             ] GC(1092) Pause Young (Concurrent Start) (G1 Evacuation Pause) 510M->510M(512M) 1.559ms
[373.245s][info][gc,cpu         ] GC(1092) User=0.01s Sys=0.00s Real=0.00s
[373.245s][info][gc,ergo        ] Attempting maximally compacting collection
[373.245s][info][gc,task        ] GC(1093) Using 8 workers of 8 for full compaction
[373.245s][info][gc,start       ] GC(1093) Pause Full (G1 Evacuation Pause)
[373.245s][info][gc             ] GC(1094) Concurrent Cycle
[373.245s][info][gc,marking     ] GC(1094) Concurrent Clear Claimed Marks
[373.245s][info][gc,marking     ] GC(1094) Concurrent Clear Claimed Marks 0.088ms
[373.245s][info][gc,marking     ] GC(1094) Concurrent Scan Root Regions
[373.245s][info][gc,marking     ] GC(1094) Concurrent Scan Root Regions 0.027ms
[373.245s][info][gc,marking     ] GC(1094) Concurrent Mark (373.245s)
[373.245s][info][gc,marking     ] GC(1094) Concurrent Mark From Roots
[373.245s][info][gc,task        ] GC(1094) Using 2 workers of 2 for marking
[373.245s][info][gc,phases,start] GC(1093) Phase 1: Mark live objects
[373.467s][info][gc,phases      ] GC(1093) Phase 1: Mark live objects 221.287ms
[373.467s][info][gc,phases,start] GC(1093) Phase 2: Prepare for compaction
[373.497s][info][gc,phases      ] GC(1093) Phase 2: Prepare for compaction 30.588ms
[373.497s][info][gc,phases,start] GC(1093) Phase 3: Adjust pointers
[373.574s][info][gc,phases      ] GC(1093) Phase 3: Adjust pointers 76.556ms
[373.574s][info][gc,phases,start] GC(1093) Phase 4: Compact heap
[373.612s][info][gc,phases      ] GC(1093) Phase 4: Compact heap 37.600ms
[373.620s][info][gc,heap        ] GC(1093) Eden regions: 0->0(25)
[373.620s][info][gc,heap        ] GC(1093) Survivor regions: 0->0(0)
[373.620s][info][gc,heap        ] GC(1093) Old regions: 494->493
[373.620s][info][gc,heap        ] GC(1093) Archive regions: 2->2
[373.620s][info][gc,heap        ] GC(1093) Humongous regions: 16->16
[373.620s][info][gc,metaspace   ] GC(1093) Metaspace: 44317K(45568K)->44313K(45568K) NonClass: 39078K(39936K)->39075K(39936K) Class: 5238K(5632K)->5238K(5632K)
[373.620s][info][gc             ] GC(1093) Pause Full (G1 Evacuation Pause) 510M->509M(512M) 375.296ms
[373.624s][info][gc,cpu         ] GC(1093) User=2.52s Sys=0.04s Real=0.38s
[373.630s][info][gc,marking     ] GC(1094) Concurrent Mark From Roots 384.534ms
[373.630s][info][gc,marking     ] GC(1094) Concurrent Mark Abort
[373.630s][info][gc             ] GC(1094) Concurrent Cycle 384.941ms
[373.632s][info][gc,start       ] GC(1095) Pause Young (Normal) (G1 Evacuation Pause)
[373.633s][info][gc,task        ] GC(1095) Using 8 workers of 8 for evacuation
[373.635s][info][gc             ] GC(1095) To-space exhausted
[373.635s][info][gc,phases      ] GC(1095)   Pre Evacuate Collection Set: 0.1ms
[373.635s][info][gc,phases      ] GC(1095)   Merge Heap Roots: 0.0ms
[373.635s][info][gc,phases      ] GC(1095)   Evacuate Collection Set: 0.7ms
[373.635s][info][gc,phases      ] GC(1095)   Post Evacuate Collection Set: 1.1ms
[373.635s][info][gc,phases      ] GC(1095)   Other: 0.3ms
[373.635s][info][gc,heap        ] GC(1095) Eden regions: 1->0(25)
[373.635s][info][gc,heap        ] GC(1095) Survivor regions: 0->0(0)
[373.635s][info][gc,heap        ] GC(1095) Old regions: 493->494
[373.635s][info][gc,heap        ] GC(1095) Archive regions: 2->2
[373.635s][info][gc,heap        ] GC(1095) Humongous regions: 16->16
[373.635s][info][gc,metaspace   ] GC(1095) Metaspace: 44331K(45568K)->44331K(45568K) NonClass: 39090K(39936K)->39090K(39936K) Class: 5240K(5632K)->5240K(5632K)
[373.635s][info][gc             ] GC(1095) Pause Young (Normal) (G1 Evacuation Pause) 510M->510M(512M) 2.285ms
[373.635s][info][gc,cpu         ] GC(1095) User=0.01s Sys=0.00s Real=0.00s
[373.635s][info][gc,ergo        ] Attempting maximally compacting collection
[373.635s][info][gc,task        ] GC(1096) Using 8 workers of 8 for full compaction
[373.635s][info][gc,start       ] GC(1096) Pause Full (G1 Evacuation Pause)
[373.635s][info][gc,phases,start] GC(1096) Phase 1: Mark live objects
[373.918s][info][gc,phases      ] GC(1096) Phase 1: Mark live objects 283.495ms
[373.919s][info][gc,phases,start] GC(1096) Phase 2: Prepare for compaction
[373.948s][info][gc,phases      ] GC(1096) Phase 2: Prepare for compaction 29.570ms
[373.948s][info][gc,phases,start] GC(1096) Phase 3: Adjust pointers
[374.019s][info][gc,phases      ] GC(1096) Phase 3: Adjust pointers 70.889ms
[374.019s][info][gc,phases,start] GC(1096) Phase 4: Compact heap
[374.047s][info][gc,phases      ] GC(1096) Phase 4: Compact heap 27.844ms
[374.051s][info][gc,heap        ] GC(1096) Eden regions: 0->0(25)
[374.051s][info][gc,heap        ] GC(1096) Survivor regions: 0->0(0)
[374.051s][info][gc,heap        ] GC(1096) Old regions: 494->493
[374.051s][info][gc,heap        ] GC(1096) Archive regions: 2->2
[374.051s][info][gc,heap        ] GC(1096) Humongous regions: 16->16
[374.051s][info][gc,metaspace   ] GC(1096) Metaspace: 44331K(45568K)->44318K(45568K) NonClass: 39090K(39936K)->39079K(39936K) Class: 5240K(5632K)->5238K(5632K)
[374.051s][info][gc             ] GC(1096) Pause Full (G1 Evacuation Pause) 510M->509M(512M) 416.459ms
[374.053s][info][gc,cpu         ] GC(1096) User=2.52s Sys=0.04s Real=0.42s
[374.054s][info][gc,start       ] GC(1097) Pause Young (Concurrent Start) (G1 Evacuation Pause)
[374.054s][info][gc,task        ] GC(1097) Using 8 workers of 8 for evacuation
[374.056s][info][gc             ] GC(1097) To-space exhausted
[374.056s][info][gc,phases      ] GC(1097)   Pre Evacuate Collection Set: 0.1ms
[374.056s][info][gc,phases      ] GC(1097)   Merge Heap Roots: 0.0ms
[374.056s][info][gc,phases      ] GC(1097)   Evacuate Collection Set: 0.7ms
[374.056s][info][gc,phases      ] GC(1097)   Post Evacuate Collection Set: 0.4ms
[374.056s][info][gc,phases      ] GC(1097)   Other: 0.2ms
[374.056s][info][gc,heap        ] GC(1097) Eden regions: 1->0(25)
[374.056s][info][gc,heap        ] GC(1097) Survivor regions: 0->0(0)
[374.056s][info][gc,heap        ] GC(1097) Old regions: 493->494
[374.056s][info][gc,heap        ] GC(1097) Archive regions: 2->2
[374.056s][info][gc,heap        ] GC(1097) Humongous regions: 16->16
[374.056s][info][gc,metaspace   ] GC(1097) Metaspace: 44325K(45568K)->44325K(45568K) NonClass: 39086K(39936K)->39086K(39936K) Class: 5238K(5632K)->5238K(5632K)
[374.056s][info][gc             ] GC(1097) Pause Young (Concurrent Start) (G1 Evacuation Pause) 510M->510M(512M) 1.538ms
[374.056s][info][gc,cpu         ] GC(1097) User=0.01s Sys=0.01s Real=0.01s
[374.056s][info][gc,ergo        ] Attempting maximally compacting collection
[374.056s][info][gc             ] GC(1098) Concurrent Cycle
[374.056s][info][gc,task        ] GC(1099) Using 8 workers of 8 for full compaction
[374.056s][info][gc,marking     ] GC(1098) Concurrent Clear Claimed Marks
[374.056s][info][gc,start       ] GC(1099) Pause Full (G1 Evacuation Pause)
[374.056s][info][gc,marking     ] GC(1098) Concurrent Clear Claimed Marks 0.061ms
[374.056s][info][gc,marking     ] GC(1098) Concurrent Scan Root Regions
[374.056s][info][gc,marking     ] GC(1098) Concurrent Scan Root Regions 0.012ms
[374.056s][info][gc,marking     ] GC(1098) Concurrent Mark (374.056s)
[374.056s][info][gc,marking     ] GC(1098) Concurrent Mark From Roots
[374.056s][info][gc,task        ] GC(1098) Using 2 workers of 2 for marking
[374.057s][info][gc,phases,start] GC(1099) Phase 1: Mark live objects
[374.282s][info][gc,phases      ] GC(1099) Phase 1: Mark live objects 225.489ms
[374.282s][info][gc,phases,start] GC(1099) Phase 2: Prepare for compaction
[374.313s][info][gc,phases      ] GC(1099) Phase 2: Prepare for compaction 30.464ms
[374.313s][info][gc,phases,start] GC(1099) Phase 3: Adjust pointers
[374.385s][info][gc,phases      ] GC(1099) Phase 3: Adjust pointers 72.589ms
[374.385s][info][gc,phases,start] GC(1099) Phase 4: Compact heap
[374.414s][info][gc,phases      ] GC(1099) Phase 4: Compact heap 28.501ms
[374.418s][info][gc,heap        ] GC(1099) Eden regions: 0->0(25)
[374.418s][info][gc,heap        ] GC(1099) Survivor regions: 0->0(0)
[374.418s][info][gc,heap        ] GC(1099) Old regions: 494->493
[374.418s][info][gc,heap        ] GC(1099) Archive regions: 2->2
[374.418s][info][gc,heap        ] GC(1099) Humongous regions: 16->16
[374.418s][info][gc,metaspace   ] GC(1099) Metaspace: 44325K(45568K)->44325K(45568K) NonClass: 39086K(39936K)->39086K(39936K) Class: 5238K(5632K)->5238K(5632K)
[374.418s][info][gc             ] GC(1099) Pause Full (G1 Evacuation Pause) 510M->509M(512M) 362.070ms
[374.420s][info][gc,cpu         ] GC(1099) User=2.50s Sys=0.03s Real=0.36s
[374.420s][info][gc,marking     ] GC(1098) Concurrent Mark From Roots 363.536ms
[374.420s][info][gc,marking     ] GC(1098) Concurrent Mark Abort
[374.420s][info][gc             ] GC(1098) Concurrent Cycle 363.805ms
[374.421s][info][gc,start       ] GC(1100) Pause Young (Normal) (G1 Evacuation Pause)
[374.421s][info][gc,task        ] GC(1100) Using 8 workers of 8 for evacuation
[374.422s][info][gc             ] GC(1100) To-space exhausted
[374.422s][info][gc,phases      ] GC(1100)   Pre Evacuate Collection Set: 0.1ms
[374.422s][info][gc,phases      ] GC(1100)   Merge Heap Roots: 0.0ms
[374.422s][info][gc,phases      ] GC(1100)   Evacuate Collection Set: 0.3ms
[374.422s][info][gc,phases      ] GC(1100)   Post Evacuate Collection Set: 0.6ms
[374.422s][info][gc,phases      ] GC(1100)   Other: 0.2ms
[374.422s][info][gc,heap        ] GC(1100) Eden regions: 1->0(25)
[374.422s][info][gc,heap        ] GC(1100) Survivor regions: 0->0(0)
[374.422s][info][gc,heap        ] GC(1100) Old regions: 493->494
[374.422s][info][gc,heap        ] GC(1100) Archive regions: 2->2
[374.422s][info][gc,heap        ] GC(1100) Humongous regions: 16->16
[374.422s][info][gc,metaspace   ] GC(1100) Metaspace: 44325K(45568K)->44325K(45568K) NonClass: 39086K(39936K)->39086K(39936K) Class: 5238K(5632K)->5238K(5632K)
[374.422s][info][gc             ] GC(1100) Pause Young (Normal) (G1 Evacuation Pause) 510M->510M(512M) 1.218ms
[374.422s][info][gc,cpu         ] GC(1100) User=0.00s Sys=0.00s Real=0.00s
[374.422s][info][gc,ergo        ] Attempting maximally compacting collection
[374.422s][info][gc,task        ] GC(1101) Using 8 workers of 8 for full compaction
[374.422s][info][gc,start       ] GC(1101) Pause Full (G1 Evacuation Pause)
[374.422s][info][gc,phases,start] GC(1101) Phase 1: Mark live objects
[374.644s][info][gc,phases      ] GC(1101) Phase 1: Mark live objects 222.463ms
[374.644s][info][gc,phases,start] GC(1101) Phase 2: Prepare for compaction
[374.674s][info][gc,phases      ] GC(1101) Phase 2: Prepare for compaction 29.492ms
[374.674s][info][gc,phases,start] GC(1101) Phase 3: Adjust pointers
[374.758s][info][gc,phases      ] GC(1101) Phase 3: Adjust pointers 83.738ms
[374.758s][info][gc,phases,start] GC(1101) Phase 4: Compact heap
[374.787s][info][gc,phases      ] GC(1101) Phase 4: Compact heap 29.501ms
[374.791s][info][gc,heap        ] GC(1101) Eden regions: 0->0(25)
[374.791s][info][gc,heap        ] GC(1101) Survivor regions: 0->0(0)
[374.791s][info][gc,heap        ] GC(1101) Old regions: 494->493
[374.791s][info][gc,heap        ] GC(1101) Archive regions: 2->2
[374.791s][info][gc,heap        ] GC(1101) Humongous regions: 16->16
[374.791s][info][gc,metaspace   ] GC(1101) Metaspace: 44325K(45568K)->44325K(45568K) NonClass: 39086K(39936K)->39086K(39936K) Class: 5238K(5632K)->5238K(5632K)
[374.791s][info][gc             ] GC(1101) Pause Full (G1 Evacuation Pause) 510M->509M(512M) 369.554ms
[374.793s][info][gc,cpu         ] GC(1101) User=2.49s Sys=0.03s Real=0.37s
[374.794s][info][gc,start       ] GC(1102) Pause Young (Concurrent Start) (G1 Evacuation Pause)
[374.794s][info][gc,task        ] GC(1102) Using 8 workers of 8 for evacuation
[374.795s][info][gc             ] GC(1102) To-space exhausted
[374.795s][info][gc,phases      ] GC(1102)   Pre Evacuate Collection Set: 0.1ms
[374.795s][info][gc,phases      ] GC(1102)   Merge Heap Roots: 0.0ms
[374.795s][info][gc,phases      ] GC(1102)   Evacuate Collection Set: 0.5ms
[374.795s][info][gc,phases      ] GC(1102)   Post Evacuate Collection Set: 0.5ms
[374.795s][info][gc,phases      ] GC(1102)   Other: 0.2ms
[374.795s][info][gc,heap        ] GC(1102) Eden regions: 1->0(25)
[374.795s][info][gc,heap        ] GC(1102) Survivor regions: 0->0(0)
[374.796s][info][gc,heap        ] GC(1102) Old regions: 493->494
[374.796s][info][gc,heap        ] GC(1102) Archive regions: 2->2
[374.796s][info][gc,heap        ] GC(1102) Humongous regions: 16->16
[374.796s][info][gc,metaspace   ] GC(1102) Metaspace: 44329K(45568K)->44329K(45568K) NonClass: 39090K(39936K)->39090K(39936K) Class: 5239K(5632K)->5239K(5632K)
[374.796s][info][gc             ] GC(1102) Pause Young (Concurrent Start) (G1 Evacuation Pause) 510M->510M(512M) 1.423ms
[374.796s][info][gc,cpu         ] GC(1102) User=0.00s Sys=0.00s Real=0.01s
[374.796s][info][gc,ergo        ] Attempting maximally compacting collection
[374.796s][info][gc,task        ] GC(1103) Using 8 workers of 8 for full compaction
[374.796s][info][gc,start       ] GC(1103) Pause Full (G1 Evacuation Pause)
[374.796s][info][gc             ] GC(1104) Concurrent Cycle
[374.796s][info][gc,marking     ] GC(1104) Concurrent Clear Claimed Marks
[374.796s][info][gc,marking     ] GC(1104) Concurrent Clear Claimed Marks 0.062ms
[374.796s][info][gc,marking     ] GC(1104) Concurrent Scan Root Regions
[374.796s][info][gc,marking     ] GC(1104) Concurrent Scan Root Regions 0.024ms
[374.796s][info][gc,marking     ] GC(1104) Concurrent Mark (374.796s)
[374.796s][info][gc,marking     ] GC(1104) Concurrent Mark From Roots
[374.796s][info][gc,task        ] GC(1104) Using 2 workers of 2 for marking
[374.796s][info][gc,phases,start] GC(1103) Phase 1: Mark live objects
[375.020s][info][gc,phases      ] GC(1103) Phase 1: Mark live objects 224.157ms
[375.020s][info][gc,phases,start] GC(1103) Phase 2: Prepare for compaction
[375.050s][info][gc,phases      ] GC(1103) Phase 2: Prepare for compaction 30.022ms
[375.050s][info][gc,phases,start] GC(1103) Phase 3: Adjust pointers
[375.132s][info][gc,phases      ] GC(1103) Phase 3: Adjust pointers 81.650ms
[375.132s][info][gc,phases,start] GC(1103) Phase 4: Compact heap
[375.158s][info][gc,phases      ] GC(1103) Phase 4: Compact heap 25.374ms
[375.162s][info][gc,heap        ] GC(1103) Eden regions: 0->0(25)
[375.162s][info][gc,heap        ] GC(1103) Survivor regions: 0->0(0)
[375.162s][info][gc,heap        ] GC(1103) Old regions: 494->494
[375.162s][info][gc,heap        ] GC(1103) Archive regions: 2->2
[375.162s][info][gc,heap        ] GC(1103) Humongous regions: 16->16
[375.162s][info][gc,metaspace   ] GC(1103) Metaspace: 44329K(45568K)->44329K(45568K) NonClass: 39090K(39936K)->39090K(39936K) Class: 5239K(5632K)->5239K(5632K)
[375.162s][info][gc             ] GC(1103) Pause Full (G1 Evacuation Pause) 510M->510M(512M) 366.162ms
[375.163s][info][gc,cpu         ] GC(1103) User=2.55s Sys=0.03s Real=0.36s
[375.163s][info][gc,task        ] GC(1105) Using 8 workers of 8 for full compaction
[375.163s][info][gc,start       ] GC(1105) Pause Full (G1 Evacuation Pause)
[375.163s][info][gc,phases,start] GC(1105) Phase 1: Mark live objects
[375.400s][info][gc,phases      ] GC(1105) Phase 1: Mark live objects 236.740ms
[375.400s][info][gc,phases,start] GC(1105) Phase 2: Prepare for compaction
[375.438s][info][gc,phases      ] GC(1105) Phase 2: Prepare for compaction 37.602ms
[375.438s][info][gc,phases,start] GC(1105) Phase 3: Adjust pointers
[375.509s][info][gc,phases      ] GC(1105) Phase 3: Adjust pointers 71.505ms
[375.509s][info][gc,phases,start] GC(1105) Phase 4: Compact heap
[375.537s][info][gc,phases      ] GC(1105) Phase 4: Compact heap 27.286ms
[375.541s][info][gc,heap        ] GC(1105) Eden regions: 0->0(25)
[375.541s][info][gc,heap        ] GC(1105) Survivor regions: 0->0(0)
[375.541s][info][gc,heap        ] GC(1105) Old regions: 494->494
[375.541s][info][gc,heap        ] GC(1105) Archive regions: 2->2
[375.541s][info][gc,heap        ] GC(1105) Humongous regions: 16->16
[375.541s][info][gc,metaspace   ] GC(1105) Metaspace: 44329K(45568K)->44329K(45568K) NonClass: 39090K(39936K)->39090K(39936K) Class: 5239K(5632K)->5239K(5632K)
[375.541s][info][gc             ] GC(1105) Pause Full (G1 Evacuation Pause) 510M->510M(512M) 377.778ms
[375.543s][info][gc,cpu         ] GC(1105) User=2.47s Sys=0.04s Real=0.38s
[375.543s][info][gc,task        ] GC(1106) Using 8 workers of 8 for full compaction
[375.543s][info][gc,start       ] GC(1106) Pause Full (G1 Evacuation Pause)
[375.543s][info][gc,phases,start] GC(1106) Phase 1: Mark live objects
[375.784s][info][gc,phases      ] GC(1106) Phase 1: Mark live objects 241.562ms
[375.784s][info][gc,phases,start] GC(1106) Phase 2: Prepare for compaction
[375.816s][info][gc,phases      ] GC(1106) Phase 2: Prepare for compaction 32.039ms
[375.816s][info][gc,phases,start] GC(1106) Phase 3: Adjust pointers
[375.891s][info][gc,phases      ] GC(1106) Phase 3: Adjust pointers 74.743ms
[375.891s][info][gc,phases,start] GC(1106) Phase 4: Compact heap
[375.920s][info][gc,phases      ] GC(1106) Phase 4: Compact heap 29.406ms
[375.925s][info][gc,heap        ] GC(1106) Eden regions: 0->0(25)
[375.925s][info][gc,heap        ] GC(1106) Survivor regions: 0->0(0)
[375.925s][info][gc,heap        ] GC(1106) Old regions: 494->494
[375.925s][info][gc,heap        ] GC(1106) Archive regions: 2->2
[375.925s][info][gc,heap        ] GC(1106) Humongous regions: 16->16
[375.925s][info][gc,metaspace   ] GC(1106) Metaspace: 44329K(45568K)->44329K(45568K) NonClass: 39090K(39936K)->39090K(39936K) Class: 5239K(5632K)->5239K(5632K)
[375.925s][info][gc             ] GC(1106) Pause Full (G1 Evacuation Pause) 510M->510M(512M) 382.326ms
[375.927s][info][gc,cpu         ] GC(1106) User=2.47s Sys=0.05s Real=0.39s
[375.927s][info][gc,marking     ] GC(1104) Concurrent Mark From Roots 1130.885ms
[375.927s][info][gc,marking     ] GC(1104) Concurrent Mark Abort
[375.927s][info][gc             ] GC(1104) Concurrent Cycle 1131.173ms
[375.928s][info][gc,start       ] GC(1107) Pause Young (Normal) (G1 Evacuation Pause)
[375.928s][info][gc,task        ] GC(1107) Using 8 workers of 8 for evacuation
[375.928s][info][gc,phases      ] GC(1107)   Pre Evacuate Collection Set: 0.1ms
[375.928s][info][gc,phases      ] GC(1107)   Merge Heap Roots: 0.0ms
[375.928s][info][gc,phases      ] GC(1107)   Evacuate Collection Set: 0.3ms
[375.928s][info][gc,phases      ] GC(1107)   Post Evacuate Collection Set: 0.2ms
[375.928s][info][gc,phases      ] GC(1107)   Other: 0.2ms
[375.928s][info][gc,heap        ] GC(1107) Eden regions: 0->0(25)
[375.928s][info][gc,heap        ] GC(1107) Survivor regions: 0->0(0)
[375.928s][info][gc,heap        ] GC(1107) Old regions: 494->494
[375.928s][info][gc,heap        ] GC(1107) Archive regions: 2->2
[375.928s][info][gc,heap        ] GC(1107) Humongous regions: 16->16
[375.928s][info][gc,metaspace   ] GC(1107) Metaspace: 44329K(45568K)->44329K(45568K) NonClass: 39090K(39936K)->39090K(39936K) Class: 5239K(5632K)->5239K(5632K)
[375.929s][info][gc             ] GC(1107) Pause Young (Normal) (G1 Evacuation Pause) 510M->510M(512M) 0.937ms
[375.929s][info][gc,cpu         ] GC(1107) User=0.00s Sys=0.00s Real=0.00s
[375.929s][info][gc,ergo        ] Attempting maximally compacting collection
[375.929s][info][gc,task        ] GC(1108) Using 8 workers of 8 for full compaction
[375.929s][info][gc,start       ] GC(1108) Pause Full (G1 Evacuation Pause)
[375.929s][info][gc,phases,start] GC(1108) Phase 1: Mark live objects
[376.265s][info][gc,phases      ] GC(1108) Phase 1: Mark live objects 336.726ms
[376.265s][info][gc,phases,start] GC(1108) Phase 2: Prepare for compaction
[376.296s][info][gc,phases      ] GC(1108) Phase 2: Prepare for compaction 30.655ms
[376.296s][info][gc,phases,start] GC(1108) Phase 3: Adjust pointers
[376.369s][info][gc,phases      ] GC(1108) Phase 3: Adjust pointers 72.505ms
[376.369s][info][gc,phases,start] GC(1108) Phase 4: Compact heap
[376.398s][info][gc,phases      ] GC(1108) Phase 4: Compact heap 29.539ms
[376.402s][info][gc,heap        ] GC(1108) Eden regions: 0->0(25)
[376.402s][info][gc,heap        ] GC(1108) Survivor regions: 0->0(0)
[376.402s][info][gc,heap        ] GC(1108) Old regions: 494->494
[376.402s][info][gc,heap        ] GC(1108) Archive regions: 2->2
[376.402s][info][gc,heap        ] GC(1108) Humongous regions: 16->16
[376.402s][info][gc,metaspace   ] GC(1108) Metaspace: 44329K(45568K)->44329K(45568K) NonClass: 39090K(39936K)->39090K(39936K) Class: 5239K(5632K)->5239K(5632K)
[376.402s][info][gc             ] GC(1108) Pause Full (G1 Evacuation Pause) 510M->510M(512M) 473.800ms
[376.405s][info][gc,cpu         ] GC(1108) User=2.51s Sys=0.03s Real=0.47s
[376.405s][info][gc,task        ] GC(1109) Using 8 workers of 8 for full compaction
[376.405s][info][gc,start       ] GC(1109) Pause Full (G1 Evacuation Pause)
[376.405s][info][gc,phases,start] GC(1109) Phase 1: Mark live objects
[376.641s][info][gc,phases      ] GC(1109) Phase 1: Mark live objects 236.816ms
[376.642s][info][gc,phases,start] GC(1109) Phase 2: Prepare for compaction
[376.672s][info][gc,phases      ] GC(1109) Phase 2: Prepare for compaction 30.247ms
[376.672s][info][gc,phases,start] GC(1109) Phase 3: Adjust pointers
[376.749s][info][gc,phases      ] GC(1109) Phase 3: Adjust pointers 77.343ms
[376.749s][info][gc,phases,start] GC(1109) Phase 4: Compact heap
[376.777s][info][gc,phases      ] GC(1109) Phase 4: Compact heap 27.664ms
[376.781s][info][gc,heap        ] GC(1109) Eden regions: 0->0(25)
[376.781s][info][gc,heap        ] GC(1109) Survivor regions: 0->0(0)
[376.781s][info][gc,heap        ] GC(1109) Old regions: 494->494
[376.781s][info][gc,heap        ] GC(1109) Archive regions: 2->2
[376.781s][info][gc,heap        ] GC(1109) Humongous regions: 16->16
[376.781s][info][gc,metaspace   ] GC(1109) Metaspace: 44329K(45568K)->44329K(45568K) NonClass: 39090K(39936K)->39090K(39936K) Class: 5239K(5632K)->5239K(5632K)
[376.781s][info][gc             ] GC(1109) Pause Full (G1 Evacuation Pause) 510M->510M(512M) 376.734ms
[376.783s][info][gc,cpu         ] GC(1109) User=2.55s Sys=0.04s Real=0.38s
[376.783s][info][gc,task        ] GC(1110) Using 8 workers of 8 for full compaction
[376.783s][info][gc,start       ] GC(1110) Pause Full (G1 Evacuation Pause)
[376.783s][info][gc,phases,start] GC(1110) Phase 1: Mark live objects
[377.012s][info][gc,phases      ] GC(1110) Phase 1: Mark live objects 229.430ms
[377.012s][info][gc,phases,start] GC(1110) Phase 2: Prepare for compaction
[377.044s][info][gc,phases      ] GC(1110) Phase 2: Prepare for compaction 31.664ms
[377.044s][info][gc,phases,start] GC(1110) Phase 3: Adjust pointers
[377.118s][info][gc,phases      ] GC(1110) Phase 3: Adjust pointers 73.949ms
[377.118s][info][gc,phases,start] GC(1110) Phase 4: Compact heap
[377.143s][info][gc,phases      ] GC(1110) Phase 4: Compact heap 25.230ms
[377.147s][info][gc,heap        ] GC(1110) Eden regions: 0->0(25)
[377.147s][info][gc,heap        ] GC(1110) Survivor regions: 0->0(0)
[377.147s][info][gc,heap        ] GC(1110) Old regions: 494->494
[377.147s][info][gc,heap        ] GC(1110) Archive regions: 2->2
[377.147s][info][gc,heap        ] GC(1110) Humongous regions: 16->16
[377.147s][info][gc,metaspace   ] GC(1110) Metaspace: 44329K(45568K)->44329K(45568K) NonClass: 39090K(39936K)->39090K(39936K) Class: 5239K(5632K)->5239K(5632K)
[377.147s][info][gc             ] GC(1110) Pause Full (G1 Evacuation Pause) 510M->510M(512M) 364.733ms
[377.149s][info][gc,cpu         ] GC(1110) User=2.54s Sys=0.04s Real=0.37s
[377.150s][info][gc,start       ] GC(1111) Pause Young (Concurrent Start) (G1 Evacuation Pause)
[377.150s][info][gc,task        ] GC(1111) Using 8 workers of 8 for evacuation
[377.150s][info][gc,phases      ] GC(1111)   Pre Evacuate Collection Set: 0.1ms
[377.150s][info][gc,phases      ] GC(1111)   Merge Heap Roots: 0.0ms
[377.150s][info][gc,phases      ] GC(1111)   Evacuate Collection Set: 0.5ms
[377.150s][info][gc,phases      ] GC(1111)   Post Evacuate Collection Set: 0.2ms
[377.151s][info][gc,phases      ] GC(1111)   Other: 0.1ms
[377.151s][info][gc,heap        ] GC(1111) Eden regions: 0->0(25)
[377.151s][info][gc,heap        ] GC(1111) Survivor regions: 0->0(0)
[377.151s][info][gc,heap        ] GC(1111) Old regions: 494->494
[377.151s][info][gc,heap        ] GC(1111) Archive regions: 2->2
[377.151s][info][gc,heap        ] GC(1111) Humongous regions: 16->16
[377.151s][info][gc,metaspace   ] GC(1111) Metaspace: 44329K(45568K)->44329K(45568K) NonClass: 39090K(39936K)->39090K(39936K) Class: 5239K(5632K)->5239K(5632K)
[377.151s][info][gc             ] GC(1111) Pause Young (Concurrent Start) (G1 Evacuation Pause) 510M->510M(512M) 1.021ms
[377.151s][info][gc,cpu         ] GC(1111) User=0.00s Sys=0.00s Real=0.00s
[377.151s][info][gc,ergo        ] Attempting maximally compacting collection
[377.151s][info][gc,task        ] GC(1112) Using 8 workers of 8 for full compaction
[377.151s][info][gc,start       ] GC(1112) Pause Full (G1 Evacuation Pause)
[377.151s][info][gc             ] GC(1113) Concurrent Cycle
[377.151s][info][gc,marking     ] GC(1113) Concurrent Clear Claimed Marks
[377.151s][info][gc,marking     ] GC(1113) Concurrent Clear Claimed Marks 0.040ms
[377.151s][info][gc,marking     ] GC(1113) Concurrent Scan Root Regions
[377.151s][info][gc,marking     ] GC(1113) Concurrent Scan Root Regions 0.024ms
[377.151s][info][gc,marking     ] GC(1113) Concurrent Mark (377.151s)
[377.151s][info][gc,marking     ] GC(1113) Concurrent Mark From Roots
[377.151s][info][gc,task        ] GC(1113) Using 2 workers of 2 for marking
[377.151s][info][gc,phases,start] GC(1112) Phase 1: Mark live objects
[377.375s][info][gc,phases      ] GC(1112) Phase 1: Mark live objects 224.014ms
[377.375s][info][gc,phases,start] GC(1112) Phase 2: Prepare for compaction
[377.408s][info][gc,phases      ] GC(1112) Phase 2: Prepare for compaction 33.026ms
[377.408s][info][gc,phases,start] GC(1112) Phase 3: Adjust pointers
[377.480s][info][gc,phases      ] GC(1112) Phase 3: Adjust pointers 71.965ms
[377.480s][info][gc,phases,start] GC(1112) Phase 4: Compact heap
[377.507s][info][gc,phases      ] GC(1112) Phase 4: Compact heap 26.334ms
[377.511s][info][gc,heap        ] GC(1112) Eden regions: 0->0(25)
[377.511s][info][gc,heap        ] GC(1112) Survivor regions: 0->0(0)
[377.511s][info][gc,heap        ] GC(1112) Old regions: 494->494
[377.511s][info][gc,heap        ] GC(1112) Archive regions: 2->2
[377.511s][info][gc,heap        ] GC(1112) Humongous regions: 16->16
[377.511s][info][gc,metaspace   ] GC(1112) Metaspace: 44329K(45568K)->44329K(45568K) NonClass: 39090K(39936K)->39090K(39936K) Class: 5239K(5632K)->5239K(5632K)
[377.511s][info][gc             ] GC(1112) Pause Full (G1 Evacuation Pause) 510M->510M(512M) 360.362ms
[377.513s][info][gc,cpu         ] GC(1112) User=2.54s Sys=0.02s Real=0.36s
[377.514s][info][gc,task        ] GC(1114) Using 8 workers of 8 for full compaction
[377.514s][info][gc,start       ] GC(1114) Pause Full (G1 Evacuation Pause)
[377.514s][info][gc,phases,start] GC(1114) Phase 1: Mark live objects
[377.740s][info][gc,phases      ] GC(1114) Phase 1: Mark live objects 226.770ms
[377.740s][info][gc,phases,start] GC(1114) Phase 2: Prepare for compaction
[377.773s][info][gc,phases      ] GC(1114) Phase 2: Prepare for compaction 32.253ms
[377.773s][info][gc,phases,start] GC(1114) Phase 3: Adjust pointers
[377.844s][info][gc,phases      ] GC(1114) Phase 3: Adjust pointers 70.986ms
[377.844s][info][gc,phases,start] GC(1114) Phase 4: Compact heap
[377.869s][info][gc,phases      ] GC(1114) Phase 4: Compact heap 25.539ms
[377.873s][info][gc,heap        ] GC(1114) Eden regions: 0->0(25)
[377.873s][info][gc,heap        ] GC(1114) Survivor regions: 0->0(0)
[377.873s][info][gc,heap        ] GC(1114) Old regions: 494->494
[377.873s][info][gc,heap        ] GC(1114) Archive regions: 2->2
[377.873s][info][gc,heap        ] GC(1114) Humongous regions: 16->16
[377.873s][info][gc,metaspace   ] GC(1114) Metaspace: 44329K(45568K)->44329K(45568K) NonClass: 39090K(39936K)->39090K(39936K) Class: 5239K(5632K)->5239K(5632K)
[377.874s][info][gc             ] GC(1114) Pause Full (G1 Evacuation Pause) 510M->510M(512M) 359.967ms
[377.875s][info][gc,cpu         ] GC(1114) User=2.48s Sys=0.04s Real=0.36s
[377.875s][info][gc,task        ] GC(1115) Using 8 workers of 8 for full compaction
[377.875s][info][gc,start       ] GC(1115) Pause Full (G1 Evacuation Pause)
[377.875s][info][gc,phases,start] GC(1115) Phase 1: Mark live objects
[378.096s][info][gc,phases      ] GC(1115) Phase 1: Mark live objects 220.647ms
[378.096s][info][gc,phases,start] GC(1115) Phase 2: Prepare for compaction
[378.127s][info][gc,phases      ] GC(1115) Phase 2: Prepare for compaction 30.825ms
[378.127s][info][gc,phases,start] GC(1115) Phase 3: Adjust pointers
[378.199s][info][gc,phases      ] GC(1115) Phase 3: Adjust pointers 71.729ms
[378.199s][info][gc,phases,start] GC(1115) Phase 4: Compact heap
[378.224s][info][gc,phases      ] GC(1115) Phase 4: Compact heap 25.375ms
[378.228s][info][gc,heap        ] GC(1115) Eden regions: 0->0(25)
[378.228s][info][gc,heap        ] GC(1115) Survivor regions: 0->0(0)
[378.228s][info][gc,heap        ] GC(1115) Old regions: 494->494
[378.228s][info][gc,heap        ] GC(1115) Archive regions: 2->2
[378.228s][info][gc,heap        ] GC(1115) Humongous regions: 16->16
[378.228s][info][gc,metaspace   ] GC(1115) Metaspace: 44329K(45568K)->44329K(45568K) NonClass: 39090K(39936K)->39090K(39936K) Class: 5239K(5632K)->5239K(5632K)
[378.228s][info][gc             ] GC(1115) Pause Full (G1 Evacuation Pause) 510M->510M(512M) 352.911ms
[378.230s][info][gc,cpu         ] GC(1115) User=2.49s Sys=0.03s Real=0.36s
[378.230s][info][gc,marking     ] GC(1113) Concurrent Mark From Roots 1079.329ms
[378.231s][info][gc,start       ] GC(1116) Pause Young (Normal) (G1 Evacuation Pause)
[378.231s][info][gc,task        ] GC(1116) Using 8 workers of 8 for evacuation
[378.231s][info][gc,phases      ] GC(1116)   Pre Evacuate Collection Set: 0.1ms
[378.231s][info][gc,phases      ] GC(1116)   Merge Heap Roots: 0.0ms
[378.231s][info][gc,phases      ] GC(1116)   Evacuate Collection Set: 0.2ms
[378.231s][info][gc,phases      ] GC(1116)   Post Evacuate Collection Set: 0.2ms
[378.231s][info][gc,phases      ] GC(1116)   Other: 0.1ms
[378.231s][info][gc,heap        ] GC(1116) Eden regions: 0->0(25)
[378.231s][info][gc,heap        ] GC(1116) Survivor regions: 0->0(0)
[378.231s][info][gc,heap        ] GC(1116) Old regions: 494->494
[378.231s][info][gc,heap        ] GC(1116) Archive regions: 2->2
[378.231s][info][gc,heap        ] GC(1116) Humongous regions: 16->16
[378.231s][info][gc,metaspace   ] GC(1116) Metaspace: 44329K(45568K)->44329K(45568K) NonClass: 39090K(39936K)->39090K(39936K) Class: 5239K(5632K)->5239K(5632K)
[378.231s][info][gc             ] GC(1116) Pause Young (Normal) (G1 Evacuation Pause) 510M->510M(512M) 0.683ms
[378.232s][info][gc,cpu         ] GC(1116) User=0.00s Sys=0.00s Real=0.00s
[378.232s][info][gc,ergo        ] Attempting maximally compacting collection
[378.232s][info][gc,task        ] GC(1117) Using 8 workers of 8 for full compaction
[378.232s][info][gc,start       ] GC(1117) Pause Full (G1 Evacuation Pause)
[378.232s][info][gc,phases,start] GC(1117) Phase 1: Mark live objects
[378.449s][info][gc,phases      ] GC(1117) Phase 1: Mark live objects 217.735ms
[378.449s][info][gc,phases,start] GC(1117) Phase 2: Prepare for compaction
[378.480s][info][gc,phases      ] GC(1117) Phase 2: Prepare for compaction 30.280ms
[378.480s][info][gc,phases,start] GC(1117) Phase 3: Adjust pointers
[378.553s][info][gc,phases      ] GC(1117) Phase 3: Adjust pointers 73.354ms
[378.553s][info][gc,phases,start] GC(1117) Phase 4: Compact heap
[378.578s][info][gc,phases      ] GC(1117) Phase 4: Compact heap 24.796ms
[378.582s][info][gc,heap        ] GC(1117) Eden regions: 0->0(25)
[378.582s][info][gc,heap        ] GC(1117) Survivor regions: 0->0(0)
[378.582s][info][gc,heap        ] GC(1117) Old regions: 494->494
[378.582s][info][gc,heap        ] GC(1117) Archive regions: 2->2
[378.582s][info][gc,heap        ] GC(1117) Humongous regions: 16->16
[378.582s][info][gc,metaspace   ] GC(1117) Metaspace: 44329K(45568K)->44329K(45568K) NonClass: 39090K(39936K)->39090K(39936K) Class: 5239K(5632K)->5239K(5632K)
[378.582s][info][gc             ] GC(1117) Pause Full (G1 Evacuation Pause) 510M->510M(512M) 350.540ms
[378.584s][info][gc,cpu         ] GC(1117) User=2.48s Sys=0.03s Real=0.35s
[378.584s][info][gc,task        ] GC(1118) Using 8 workers of 8 for full compaction
[378.584s][info][gc,start       ] GC(1118) Pause Full (G1 Evacuation Pause)
[378.584s][info][gc,phases,start] GC(1118) Phase 1: Mark live objects
[378.807s][info][gc,phases      ] GC(1118) Phase 1: Mark live objects 222.830ms
[378.807s][info][gc,phases,start] GC(1118) Phase 2: Prepare for compaction
[378.837s][info][gc,phases      ] GC(1118) Phase 2: Prepare for compaction 29.658ms
[378.837s][info][gc,phases,start] GC(1118) Phase 3: Adjust pointers
[378.908s][info][gc,phases      ] GC(1118) Phase 3: Adjust pointers 71.730ms
[378.908s][info][gc,phases,start] GC(1118) Phase 4: Compact heap
[378.934s][info][gc,phases      ] GC(1118) Phase 4: Compact heap 25.615ms
[378.938s][info][gc,heap        ] GC(1118) Eden regions: 0->0(25)
[378.938s][info][gc,heap        ] GC(1118) Survivor regions: 0->0(0)
[378.938s][info][gc,heap        ] GC(1118) Old regions: 494->494
[378.938s][info][gc,heap        ] GC(1118) Archive regions: 2->2
[378.938s][info][gc,heap        ] GC(1118) Humongous regions: 16->16
[378.938s][info][gc,metaspace   ] GC(1118) Metaspace: 44329K(45568K)->44329K(45568K) NonClass: 39090K(39936K)->39090K(39936K) Class: 5239K(5632K)->5239K(5632K)
[378.938s][info][gc             ] GC(1118) Pause Full (G1 Evacuation Pause) 510M->510M(512M) 354.135ms
[378.940s][info][gc,cpu         ] GC(1118) User=2.50s Sys=0.03s Real=0.36s
[378.940s][info][gc,task        ] GC(1119) Using 8 workers of 8 for full compaction
[378.940s][info][gc,start       ] GC(1119) Pause Full (G1 Evacuation Pause)
[378.940s][info][gc,phases,start] GC(1119) Phase 1: Mark live objects
[379.161s][info][gc,phases      ] GC(1119) Phase 1: Mark live objects 220.945ms
[379.161s][info][gc,phases,start] GC(1119) Phase 2: Prepare for compaction
[379.192s][info][gc,phases      ] GC(1119) Phase 2: Prepare for compaction 30.971ms
[379.192s][info][gc,phases,start] GC(1119) Phase 3: Adjust pointers
[379.266s][info][gc,phases      ] GC(1119) Phase 3: Adjust pointers 74.847ms
[379.266s][info][gc,phases,start] GC(1119) Phase 4: Compact heap
[379.292s][info][gc,phases      ] GC(1119) Phase 4: Compact heap 25.372ms
[379.296s][info][gc,heap        ] GC(1119) Eden regions: 0->0(25)
[379.296s][info][gc,heap        ] GC(1119) Survivor regions: 0->0(0)
[379.296s][info][gc,heap        ] GC(1119) Old regions: 494->494
[379.296s][info][gc,heap        ] GC(1119) Archive regions: 2->2
[379.296s][info][gc,heap        ] GC(1119) Humongous regions: 16->16
[379.296s][info][gc,metaspace   ] GC(1119) Metaspace: 44329K(45568K)->44329K(45568K) NonClass: 39090K(39936K)->39090K(39936K) Class: 5239K(5632K)->5239K(5632K)
[379.296s][info][gc             ] GC(1119) Pause Full (G1 Evacuation Pause) 510M->510M(512M) 356.447ms
[379.298s][info][gc,cpu         ] GC(1119) User=2.48s Sys=0.03s Real=0.36s
[379.298s][info][gc,marking     ] GC(1113) Concurrent Mark Abort
[379.298s][info][gc             ] GC(1113) Concurrent Cycle 2147.316ms
[379.299s][info][gc,start       ] GC(1120) Pause Young (Normal) (G1 Evacuation Pause)
[379.299s][info][gc,task        ] GC(1120) Using 8 workers of 8 for evacuation
[379.299s][info][gc,phases      ] GC(1120)   Pre Evacuate Collection Set: 0.1ms
[379.299s][info][gc,phases      ] GC(1120)   Merge Heap Roots: 0.0ms
[379.299s][info][gc,phases      ] GC(1120)   Evacuate Collection Set: 0.2ms
[379.299s][info][gc,phases      ] GC(1120)   Post Evacuate Collection Set: 0.2ms
[379.299s][info][gc,phases      ] GC(1120)   Other: 0.1ms
[379.299s][info][gc,heap        ] GC(1120) Eden regions: 0->0(25)
[379.299s][info][gc,heap        ] GC(1120) Survivor regions: 0->0(0)
[379.299s][info][gc,heap        ] GC(1120) Old regions: 494->494
[379.299s][info][gc,heap        ] GC(1120) Archive regions: 2->2
[379.299s][info][gc,heap        ] GC(1120) Humongous regions: 16->16
[379.299s][info][gc,metaspace   ] GC(1120) Metaspace: 44329K(45568K)->44329K(45568K) NonClass: 39090K(39936K)->39090K(39936K) Class: 5239K(5632K)->5239K(5632K)
[379.299s][info][gc             ] GC(1120) Pause Young (Normal) (G1 Evacuation Pause) 510M->510M(512M) 0.618ms
[379.299s][info][gc,cpu         ] GC(1120) User=0.00s Sys=0.00s Real=0.00s
[379.299s][info][gc,ergo        ] Attempting maximally compacting collection
[379.299s][info][gc,task        ] GC(1121) Using 8 workers of 8 for full compaction
[379.299s][info][gc,start       ] GC(1121) Pause Full (G1 Evacuation Pause)
[379.299s][info][gc,phases,start] GC(1121) Phase 1: Mark live objects
[379.523s][info][gc,phases      ] GC(1121) Phase 1: Mark live objects 223.490ms
[379.523s][info][gc,phases,start] GC(1121) Phase 2: Prepare for compaction
[379.553s][info][gc,phases      ] GC(1121) Phase 2: Prepare for compaction 29.982ms
[379.553s][info][gc,phases,start] GC(1121) Phase 3: Adjust pointers
[379.629s][info][gc,phases      ] GC(1121) Phase 3: Adjust pointers 76.043ms
[379.629s][info][gc,phases,start] GC(1121) Phase 4: Compact heap
[379.656s][info][gc,phases      ] GC(1121) Phase 4: Compact heap 26.555ms
[379.660s][info][gc,heap        ] GC(1121) Eden regions: 0->0(25)
[379.660s][info][gc,heap        ] GC(1121) Survivor regions: 0->0(0)
[379.660s][info][gc,heap        ] GC(1121) Old regions: 494->494
[379.660s][info][gc,heap        ] GC(1121) Archive regions: 2->2
[379.660s][info][gc,heap        ] GC(1121) Humongous regions: 16->16
[379.660s][info][gc,metaspace   ] GC(1121) Metaspace: 44329K(45568K)->44325K(45568K) NonClass: 39090K(39936K)->39086K(39936K) Class: 5239K(5632K)->5238K(5632K)
[379.660s][info][gc             ] GC(1121) Pause Full (G1 Evacuation Pause) 510M->510M(512M) 360.372ms
[379.662s][info][gc,cpu         ] GC(1121) User=2.49s Sys=0.05s Real=0.36s
[379.662s][info][gc,task        ] GC(1122) Using 8 workers of 8 for full compaction
[379.662s][info][gc,start       ] GC(1122) Pause Full (G1 Evacuation Pause)
[379.662s][info][gc,phases,start] GC(1122) Phase 1: Mark live objects
[379.884s][info][gc,phases      ] GC(1122) Phase 1: Mark live objects 222.826ms
[379.884s][info][gc,phases,start] GC(1122) Phase 2: Prepare for compaction
[379.915s][info][gc,phases      ] GC(1122) Phase 2: Prepare for compaction 30.258ms
[379.915s][info][gc,phases,start] GC(1122) Phase 3: Adjust pointers
[379.987s][info][gc,phases      ] GC(1122) Phase 3: Adjust pointers 72.683ms
[379.988s][info][gc,phases,start] GC(1122) Phase 4: Compact heap
[380.014s][info][gc,phases      ] GC(1122) Phase 4: Compact heap 25.969ms
[380.018s][info][gc,heap        ] GC(1122) Eden regions: 0->0(25)
[380.018s][info][gc,heap        ] GC(1122) Survivor regions: 0->0(0)
[380.018s][info][gc,heap        ] GC(1122) Old regions: 494->494
[380.018s][info][gc,heap        ] GC(1122) Archive regions: 2->2
[380.018s][info][gc,heap        ] GC(1122) Humongous regions: 16->16
[380.018s][info][gc,metaspace   ] GC(1122) Metaspace: 44325K(45568K)->44325K(45568K) NonClass: 39086K(39936K)->39086K(39936K) Class: 5238K(5632K)->5238K(5632K)
[380.018s][info][gc             ] GC(1122) Pause Full (G1 Evacuation Pause) 510M->510M(512M) 356.088ms
[380.019s][info][gc,cpu         ] GC(1122) User=2.48s Sys=0.05s Real=0.36s
[380.019s][info][gc,task        ] GC(1123) Using 8 workers of 8 for full compaction
[380.019s][info][gc,start       ] GC(1123) Pause Full (G1 Evacuation Pause)
[380.019s][info][gc,phases,start] GC(1123) Phase 1: Mark live objects
[380.244s][info][gc,phases      ] GC(1123) Phase 1: Mark live objects 224.604ms
[380.244s][info][gc,phases,start] GC(1123) Phase 2: Prepare for compaction
[380.274s][info][gc,phases      ] GC(1123) Phase 2: Prepare for compaction 29.852ms
[380.274s][info][gc,phases,start] GC(1123) Phase 3: Adjust pointers
[380.344s][info][gc,phases      ] GC(1123) Phase 3: Adjust pointers 70.395ms
[380.344s][info][gc,phases,start] GC(1123) Phase 4: Compact heap
[380.371s][info][gc,phases      ] GC(1123) Phase 4: Compact heap 26.553ms
[380.375s][info][gc,heap        ] GC(1123) Eden regions: 0->0(25)
[380.375s][info][gc,heap        ] GC(1123) Survivor regions: 0->0(0)
[380.375s][info][gc,heap        ] GC(1123) Old regions: 494->494
[380.375s][info][gc,heap        ] GC(1123) Archive regions: 2->2
[380.375s][info][gc,heap        ] GC(1123) Humongous regions: 16->16
[380.375s][info][gc,metaspace   ] GC(1123) Metaspace: 44325K(45568K)->44325K(45568K) NonClass: 39086K(39936K)->39086K(39936K) Class: 5238K(5632K)->5238K(5632K)
[380.375s][info][gc             ] GC(1123) Pause Full (G1 Evacuation Pause) 510M->510M(512M) 355.815ms
[380.377s][info][gc,cpu         ] GC(1123) User=2.47s Sys=0.03s Real=0.36s
[380.378s][info][gc,start       ] GC(1124) Pause Young (Concurrent Start) (G1 Evacuation Pause)
[380.378s][info][gc,task        ] GC(1124) Using 8 workers of 8 for evacuation
[380.378s][info][gc,phases      ] GC(1124)   Pre Evacuate Collection Set: 0.1ms
[380.378s][info][gc,phases      ] GC(1124)   Merge Heap Roots: 0.0ms
[380.379s][info][gc,phases      ] GC(1124)   Evacuate Collection Set: 0.5ms
[380.379s][info][gc,phases      ] GC(1124)   Post Evacuate Collection Set: 0.2ms
[380.379s][info][gc,phases      ] GC(1124)   Other: 0.1ms
[380.379s][info][gc,heap        ] GC(1124) Eden regions: 0->0(25)
[380.379s][info][gc,heap        ] GC(1124) Survivor regions: 0->0(0)
[380.379s][info][gc,heap        ] GC(1124) Old regions: 494->494
[380.379s][info][gc,heap        ] GC(1124) Archive regions: 2->2
[380.379s][info][gc,heap        ] GC(1124) Humongous regions: 16->16
[380.379s][info][gc,metaspace   ] GC(1124) Metaspace: 44325K(45568K)->44325K(45568K) NonClass: 39086K(39936K)->39086K(39936K) Class: 5238K(5632K)->5238K(5632K)
[380.379s][info][gc             ] GC(1124) Pause Young (Concurrent Start) (G1 Evacuation Pause) 510M->510M(512M) 1.012ms
[380.379s][info][gc,cpu         ] GC(1124) User=0.00s Sys=0.01s Real=0.00s
[380.379s][info][gc,ergo        ] Attempting maximally compacting collection
[380.379s][info][gc,task        ] GC(1125) Using 8 workers of 8 for full compaction
[380.379s][info][gc,start       ] GC(1125) Pause Full (G1 Evacuation Pause)
[380.379s][info][gc             ] GC(1126) Concurrent Cycle
[380.379s][info][gc,marking     ] GC(1126) Concurrent Clear Claimed Marks
[380.379s][info][gc,marking     ] GC(1126) Concurrent Clear Claimed Marks 0.060ms
[380.379s][info][gc,marking     ] GC(1126) Concurrent Scan Root Regions
[380.379s][info][gc,marking     ] GC(1126) Concurrent Scan Root Regions 0.028ms
[380.379s][info][gc,marking     ] GC(1126) Concurrent Mark (380.379s)
[380.379s][info][gc,marking     ] GC(1126) Concurrent Mark From Roots
[380.379s][info][gc,task        ] GC(1126) Using 2 workers of 2 for marking
[380.379s][info][gc,phases,start] GC(1125) Phase 1: Mark live objects
[380.599s][info][gc,phases      ] GC(1125) Phase 1: Mark live objects 220.062ms
[380.599s][info][gc,phases,start] GC(1125) Phase 2: Prepare for compaction
[380.631s][info][gc,phases      ] GC(1125) Phase 2: Prepare for compaction 31.709ms
[380.631s][info][gc,phases,start] GC(1125) Phase 3: Adjust pointers
[380.706s][info][gc,phases      ] GC(1125) Phase 3: Adjust pointers 74.707ms
[380.706s][info][gc,phases,start] GC(1125) Phase 4: Compact heap
[380.733s][info][gc,phases      ] GC(1125) Phase 4: Compact heap 26.784ms
[380.737s][info][gc,heap        ] GC(1125) Eden regions: 0->0(25)
[380.737s][info][gc,heap        ] GC(1125) Survivor regions: 0->0(0)
[380.737s][info][gc,heap        ] GC(1125) Old regions: 494->494
[380.737s][info][gc,heap        ] GC(1125) Archive regions: 2->2
[380.737s][info][gc,heap        ] GC(1125) Humongous regions: 16->16
[380.737s][info][gc,metaspace   ] GC(1125) Metaspace: 44325K(45568K)->44325K(45568K) NonClass: 39086K(39936K)->39086K(39936K) Class: 5238K(5632K)->5238K(5632K)
[380.737s][info][gc             ] GC(1125) Pause Full (G1 Evacuation Pause) 510M->510M(512M) 358.143ms
[380.738s][info][gc,cpu         ] GC(1125) User=2.49s Sys=0.03s Real=0.36s
[380.738s][info][gc,task        ] GC(1127) Using 8 workers of 8 for full compaction
[380.738s][info][gc,start       ] GC(1127) Pause Full (G1 Evacuation Pause)
[380.738s][info][gc,phases,start] GC(1127) Phase 1: Mark live objects
[380.966s][info][gc,phases      ] GC(1127) Phase 1: Mark live objects 227.985ms
[380.966s][info][gc,phases,start] GC(1127) Phase 2: Prepare for compaction
[381.014s][info][gc,phases      ] GC(1127) Phase 2: Prepare for compaction 47.556ms
[381.014s][info][gc,phases,start] GC(1127) Phase 3: Adjust pointers
[381.120s][info][gc,phases      ] GC(1127) Phase 3: Adjust pointers 105.925ms
[381.120s][info][gc,phases,start] GC(1127) Phase 4: Compact heap
[381.162s][info][gc,phases      ] GC(1127) Phase 4: Compact heap 41.683ms
[381.167s][info][gc,heap        ] GC(1127) Eden regions: 0->0(25)
[381.167s][info][gc,heap        ] GC(1127) Survivor regions: 0->0(0)
[381.167s][info][gc,heap        ] GC(1127) Old regions: 494->494
[381.167s][info][gc,heap        ] GC(1127) Archive regions: 2->2
[381.167s][info][gc,heap        ] GC(1127) Humongous regions: 16->16
[381.167s][info][gc,metaspace   ] GC(1127) Metaspace: 44325K(45568K)->44325K(45568K) NonClass: 39086K(39936K)->39086K(39936K) Class: 5238K(5632K)->5238K(5632K)
[381.167s][info][gc             ] GC(1127) Pause Full (G1 Evacuation Pause) 510M->510M(512M) 428.941ms
[381.169s][info][gc,cpu         ] GC(1127) User=2.47s Sys=0.04s Real=0.43s
[381.169s][info][gc,task        ] GC(1128) Using 8 workers of 8 for full compaction
[381.169s][info][gc,start       ] GC(1128) Pause Full (G1 Evacuation Pause)
[381.169s][info][gc,phases,start] GC(1128) Phase 1: Mark live objects
[381.413s][info][gc,phases      ] GC(1128) Phase 1: Mark live objects 243.361ms
[381.413s][info][gc,phases,start] GC(1128) Phase 2: Prepare for compaction
[381.442s][info][gc,phases      ] GC(1128) Phase 2: Prepare for compaction 29.152ms
[381.442s][info][gc,phases,start] GC(1128) Phase 3: Adjust pointers
[381.513s][info][gc,phases      ] GC(1128) Phase 3: Adjust pointers 71.038ms
[381.513s][info][gc,phases,start] GC(1128) Phase 4: Compact heap
[381.539s][info][gc,phases      ] GC(1128) Phase 4: Compact heap 25.700ms
[381.543s][info][gc,heap        ] GC(1128) Eden regions: 0->0(25)
[381.543s][info][gc,heap        ] GC(1128) Survivor regions: 0->0(0)
[381.543s][info][gc,heap        ] GC(1128) Old regions: 494->494
[381.543s][info][gc,heap        ] GC(1128) Archive regions: 2->2
[381.543s][info][gc,heap        ] GC(1128) Humongous regions: 16->16
[381.543s][info][gc,metaspace   ] GC(1128) Metaspace: 44325K(45568K)->44325K(45568K) NonClass: 39086K(39936K)->39086K(39936K) Class: 5238K(5632K)->5238K(5632K)
[381.543s][info][gc             ] GC(1128) Pause Full (G1 Evacuation Pause) 510M->510M(512M) 373.712ms
[381.545s][info][gc,cpu         ] GC(1128) User=2.49s Sys=0.02s Real=0.37s
[381.545s][info][gc,marking     ] GC(1126) Concurrent Mark From Roots 1166.178ms
[381.546s][info][gc,start       ] GC(1129) Pause Young (Normal) (G1 Evacuation Pause)
[381.546s][info][gc,task        ] GC(1129) Using 8 workers of 8 for evacuation
[381.546s][info][gc,phases      ] GC(1129)   Pre Evacuate Collection Set: 0.1ms
[381.546s][info][gc,phases      ] GC(1129)   Merge Heap Roots: 0.0ms
[381.546s][info][gc,phases      ] GC(1129)   Evacuate Collection Set: 0.2ms
[381.546s][info][gc,phases      ] GC(1129)   Post Evacuate Collection Set: 0.2ms
[381.546s][info][gc,phases      ] GC(1129)   Other: 0.1ms
[381.546s][info][gc,heap        ] GC(1129) Eden regions: 0->0(25)
[381.546s][info][gc,heap        ] GC(1129) Survivor regions: 0->0(0)
[381.546s][info][gc,heap        ] GC(1129) Old regions: 494->494
[381.546s][info][gc,heap        ] GC(1129) Archive regions: 2->2
[381.546s][info][gc,heap        ] GC(1129) Humongous regions: 16->16
[381.546s][info][gc,metaspace   ] GC(1129) Metaspace: 44325K(45568K)->44325K(45568K) NonClass: 39086K(39936K)->39086K(39936K) Class: 5238K(5632K)->5238K(5632K)
[381.546s][info][gc             ] GC(1129) Pause Young (Normal) (G1 Evacuation Pause) 510M->510M(512M) 0.673ms
[381.546s][info][gc,cpu         ] GC(1129) User=0.00s Sys=0.00s Real=0.00s
[381.546s][info][gc,ergo        ] Attempting maximally compacting collection
[381.546s][info][gc,task        ] GC(1130) Using 8 workers of 8 for full compaction
[381.546s][info][gc,start       ] GC(1130) Pause Full (G1 Evacuation Pause)
[381.546s][info][gc,phases,start] GC(1130) Phase 1: Mark live objects
[381.788s][info][gc,phases      ] GC(1130) Phase 1: Mark live objects 241.201ms
[381.788s][info][gc,phases,start] GC(1130) Phase 2: Prepare for compaction
[381.818s][info][gc,phases      ] GC(1130) Phase 2: Prepare for compaction 30.741ms
[381.818s][info][gc,phases,start] GC(1130) Phase 3: Adjust pointers
[381.895s][info][gc,phases      ] GC(1130) Phase 3: Adjust pointers 76.585ms
[381.895s][info][gc,phases,start] GC(1130) Phase 4: Compact heap
[381.920s][info][gc,phases      ] GC(1130) Phase 4: Compact heap 25.344ms
[381.925s][info][gc,heap        ] GC(1130) Eden regions: 0->0(25)
[381.925s][info][gc,heap        ] GC(1130) Survivor regions: 0->0(0)
[381.925s][info][gc,heap        ] GC(1130) Old regions: 494->494
[381.925s][info][gc,heap        ] GC(1130) Archive regions: 2->2
[381.925s][info][gc,heap        ] GC(1130) Humongous regions: 16->16
[381.925s][info][gc,metaspace   ] GC(1130) Metaspace: 44325K(45568K)->44325K(45568K) NonClass: 39086K(39936K)->39086K(39936K) Class: 5238K(5632K)->5238K(5632K)
[381.925s][info][gc             ] GC(1130) Pause Full (G1 Evacuation Pause) 510M->510M(512M) 378.525ms
[381.927s][info][gc,cpu         ] GC(1130) User=2.47s Sys=0.04s Real=0.38s
[381.927s][info][gc,task        ] GC(1131) Using 8 workers of 8 for full compaction
[381.927s][info][gc,start       ] GC(1131) Pause Full (G1 Evacuation Pause)
[381.927s][info][gc,phases,start] GC(1131) Phase 1: Mark live objects
[382.152s][info][gc,phases      ] GC(1131) Phase 1: Mark live objects 224.935ms
[382.152s][info][gc,phases,start] GC(1131) Phase 2: Prepare for compaction
[382.182s][info][gc,phases      ] GC(1131) Phase 2: Prepare for compaction 30.560ms
[382.182s][info][gc,phases,start] GC(1131) Phase 3: Adjust pointers
[382.255s][info][gc,phases      ] GC(1131) Phase 3: Adjust pointers 72.227ms
[382.255s][info][gc,phases,start] GC(1131) Phase 4: Compact heap
[382.279s][info][gc,phases      ] GC(1131) Phase 4: Compact heap 24.398ms
[382.284s][info][gc,heap        ] GC(1131) Eden regions: 0->0(25)
[382.284s][info][gc,heap        ] GC(1131) Survivor regions: 0->0(0)
[382.284s][info][gc,heap        ] GC(1131) Old regions: 494->494
[382.284s][info][gc,heap        ] GC(1131) Archive regions: 2->2
[382.284s][info][gc,heap        ] GC(1131) Humongous regions: 16->16
[382.284s][info][gc,metaspace   ] GC(1131) Metaspace: 44325K(45568K)->44325K(45568K) NonClass: 39086K(39936K)->39086K(39936K) Class: 5238K(5632K)->5238K(5632K)
[382.284s][info][gc             ] GC(1131) Pause Full (G1 Evacuation Pause) 510M->510M(512M) 356.869ms
[382.286s][info][gc,cpu         ] GC(1131) User=2.50s Sys=0.05s Real=0.36s
[382.286s][info][gc,task        ] GC(1132) Using 8 workers of 8 for full compaction
[382.286s][info][gc,start       ] GC(1132) Pause Full (G1 Evacuation Pause)
[382.286s][info][gc,phases,start] GC(1132) Phase 1: Mark live objects
[382.512s][info][gc,phases      ] GC(1132) Phase 1: Mark live objects 225.864ms
[382.512s][info][gc,phases,start] GC(1132) Phase 2: Prepare for compaction
[382.544s][info][gc,phases      ] GC(1132) Phase 2: Prepare for compaction 32.487ms
[382.544s][info][gc,phases,start] GC(1132) Phase 3: Adjust pointers
[382.622s][info][gc,phases      ] GC(1132) Phase 3: Adjust pointers 78.039ms
[382.622s][info][gc,phases,start] GC(1132) Phase 4: Compact heap
[382.648s][info][gc,phases      ] GC(1132) Phase 4: Compact heap 25.428ms
[382.652s][info][gc,heap        ] GC(1132) Eden regions: 0->0(25)
[382.652s][info][gc,heap        ] GC(1132) Survivor regions: 0->0(0)
[382.652s][info][gc,heap        ] GC(1132) Old regions: 494->494
[382.652s][info][gc,heap        ] GC(1132) Archive regions: 2->2
[382.652s][info][gc,heap        ] GC(1132) Humongous regions: 16->16
[382.652s][info][gc,metaspace   ] GC(1132) Metaspace: 44325K(45568K)->44325K(45568K) NonClass: 39086K(39936K)->39086K(39936K) Class: 5238K(5632K)->5238K(5632K)
[382.652s][info][gc             ] GC(1132) Pause Full (G1 Evacuation Pause) 510M->510M(512M) 366.568ms
[382.654s][info][gc,cpu         ] GC(1132) User=2.55s Sys=0.04s Real=0.36s
[382.654s][info][gc,marking     ] GC(1126) Concurrent Mark Abort
[382.654s][info][gc             ] GC(1126) Concurrent Cycle 2275.187ms
[382.654s][info][gc,start       ] GC(1133) Pause Young (Normal) (G1 Evacuation Pause)
[382.654s][info][gc,task        ] GC(1133) Using 8 workers of 8 for evacuation
[382.655s][info][gc,phases      ] GC(1133)   Pre Evacuate Collection Set: 0.1ms
[382.655s][info][gc,phases      ] GC(1133)   Merge Heap Roots: 0.0ms
[382.655s][info][gc,phases      ] GC(1133)   Evacuate Collection Set: 0.2ms
[382.655s][info][gc,phases      ] GC(1133)   Post Evacuate Collection Set: 0.2ms
[382.655s][info][gc,phases      ] GC(1133)   Other: 0.1ms
[382.655s][info][gc,heap        ] GC(1133) Eden regions: 0->0(25)
[382.655s][info][gc,heap        ] GC(1133) Survivor regions: 0->0(0)
[382.655s][info][gc,heap        ] GC(1133) Old regions: 494->494
[382.655s][info][gc,heap        ] GC(1133) Archive regions: 2->2
[382.655s][info][gc,heap        ] GC(1133) Humongous regions: 16->16
[382.655s][info][gc,metaspace   ] GC(1133) Metaspace: 44325K(45568K)->44325K(45568K) NonClass: 39086K(39936K)->39086K(39936K) Class: 5238K(5632K)->5238K(5632K)
[382.655s][info][gc             ] GC(1133) Pause Young (Normal) (G1 Evacuation Pause) 510M->510M(512M) 0.747ms
[382.655s][info][gc,cpu         ] GC(1133) User=0.00s Sys=0.00s Real=0.00s
[382.655s][info][gc,ergo        ] Attempting maximally compacting collection
[382.655s][info][gc,task        ] GC(1134) Using 8 workers of 8 for full compaction
[382.655s][info][gc,start       ] GC(1134) Pause Full (G1 Evacuation Pause)
[382.655s][info][gc,phases,start] GC(1134) Phase 1: Mark live objects
[382.880s][info][gc,phases      ] GC(1134) Phase 1: Mark live objects 225.102ms
[382.880s][info][gc,phases,start] GC(1134) Phase 2: Prepare for compaction
[382.911s][info][gc,phases      ] GC(1134) Phase 2: Prepare for compaction 30.855ms
[382.911s][info][gc,phases,start] GC(1134) Phase 3: Adjust pointers
[382.985s][info][gc,phases      ] GC(1134) Phase 3: Adjust pointers 73.728ms
[382.985s][info][gc,phases,start] GC(1134) Phase 4: Compact heap
[383.012s][info][gc,phases      ] GC(1134) Phase 4: Compact heap 26.548ms
[383.016s][info][gc,heap        ] GC(1134) Eden regions: 0->0(25)
[383.016s][info][gc,heap        ] GC(1134) Survivor regions: 0->0(0)
[383.016s][info][gc,heap        ] GC(1134) Old regions: 494->494
[383.016s][info][gc,heap        ] GC(1134) Archive regions: 2->2
[383.016s][info][gc,heap        ] GC(1134) Humongous regions: 16->16
[383.016s][info][gc,metaspace   ] GC(1134) Metaspace: 44325K(45568K)->44325K(45568K) NonClass: 39086K(39936K)->39086K(39936K) Class: 5238K(5632K)->5238K(5632K)
[383.016s][info][gc             ] GC(1134) Pause Full (G1 Evacuation Pause) 510M->510M(512M) 360.819ms
[383.018s][info][gc,cpu         ] GC(1134) User=2.55s Sys=0.03s Real=0.37s
[383.018s][info][gc,task        ] GC(1135) Using 8 workers of 8 for full compaction
[383.018s][info][gc,start       ] GC(1135) Pause Full (G1 Evacuation Pause)
[383.018s][info][gc,phases,start] GC(1135) Phase 1: Mark live objects
[383.246s][info][gc,phases      ] GC(1135) Phase 1: Mark live objects 227.896ms
[383.246s][info][gc,phases,start] GC(1135) Phase 2: Prepare for compaction
[383.277s][info][gc,phases      ] GC(1135) Phase 2: Prepare for compaction 31.198ms
[383.277s][info][gc,phases,start] GC(1135) Phase 3: Adjust pointers
[383.348s][info][gc,phases      ] GC(1135) Phase 3: Adjust pointers 71.263ms
[383.348s][info][gc,phases,start] GC(1135) Phase 4: Compact heap
[383.381s][info][gc,phases      ] GC(1135) Phase 4: Compact heap 33.063ms
[383.386s][info][gc,heap        ] GC(1135) Eden regions: 0->0(25)
[383.386s][info][gc,heap        ] GC(1135) Survivor regions: 0->0(0)
[383.386s][info][gc,heap        ] GC(1135) Old regions: 494->494
[383.386s][info][gc,heap        ] GC(1135) Archive regions: 2->2
[383.386s][info][gc,heap        ] GC(1135) Humongous regions: 16->16
[383.386s][info][gc,metaspace   ] GC(1135) Metaspace: 44325K(45568K)->44325K(45568K) NonClass: 39086K(39936K)->39086K(39936K) Class: 5238K(5632K)->5238K(5632K)
[383.386s][info][gc             ] GC(1135) Pause Full (G1 Evacuation Pause) 510M->510M(512M) 367.766ms
[383.387s][info][gc,cpu         ] GC(1135) User=2.55s Sys=0.04s Real=0.37s
[383.387s][info][gc,task        ] GC(1136) Using 8 workers of 8 for full compaction
[383.387s][info][gc,start       ] GC(1136) Pause Full (G1 Evacuation Pause)
[383.387s][info][gc,phases,start] GC(1136) Phase 1: Mark live objects
[383.607s][info][gc,phases      ] GC(1136) Phase 1: Mark live objects 220.137ms
[383.608s][info][gc,phases,start] GC(1136) Phase 2: Prepare for compaction
[383.641s][info][gc,phases      ] GC(1136) Phase 2: Prepare for compaction 32.975ms
[383.641s][info][gc,phases,start] GC(1136) Phase 3: Adjust pointers
[383.711s][info][gc,phases      ] GC(1136) Phase 3: Adjust pointers 70.635ms
[383.711s][info][gc,phases,start] GC(1136) Phase 4: Compact heap
[383.738s][info][gc,phases      ] GC(1136) Phase 4: Compact heap 26.779ms
[383.742s][info][gc,heap        ] GC(1136) Eden regions: 0->0(25)
[383.742s][info][gc,heap        ] GC(1136) Survivor regions: 0->0(0)
[383.742s][info][gc,heap        ] GC(1136) Old regions: 494->494
[383.742s][info][gc,heap        ] GC(1136) Archive regions: 2->2
[383.742s][info][gc,heap        ] GC(1136) Humongous regions: 16->16
[383.742s][info][gc,metaspace   ] GC(1136) Metaspace: 44325K(45568K)->44325K(45568K) NonClass: 39086K(39936K)->39086K(39936K) Class: 5238K(5632K)->5238K(5632K)
[383.742s][info][gc             ] GC(1136) Pause Full (G1 Evacuation Pause) 510M->510M(512M) 355.013ms
[383.744s][info][gc,cpu         ] GC(1136) User=2.48s Sys=0.03s Real=0.35s
[383.744s][info][gc,start       ] GC(1137) Pause Young (Concurrent Start) (G1 Evacuation Pause)
[383.745s][info][gc,task        ] GC(1137) Using 8 workers of 8 for evacuation
[383.745s][info][gc,phases      ] GC(1137)   Pre Evacuate Collection Set: 0.1ms
[383.745s][info][gc,phases      ] GC(1137)   Merge Heap Roots: 0.0ms
[383.745s][info][gc,phases      ] GC(1137)   Evacuate Collection Set: 0.5ms
[383.745s][info][gc,phases      ] GC(1137)   Post Evacuate Collection Set: 0.2ms
[383.746s][info][gc,phases      ] GC(1137)   Other: 0.1ms
[383.746s][info][gc,heap        ] GC(1137) Eden regions: 0->0(25)
[383.746s][info][gc,heap        ] GC(1137) Survivor regions: 0->0(0)
[383.746s][info][gc,heap        ] GC(1137) Old regions: 494->494
[383.746s][info][gc,heap        ] GC(1137) Archive regions: 2->2
[383.746s][info][gc,heap        ] GC(1137) Humongous regions: 16->16
[383.746s][info][gc,metaspace   ] GC(1137) Metaspace: 44325K(45568K)->44325K(45568K) NonClass: 39086K(39936K)->39086K(39936K) Class: 5238K(5632K)->5238K(5632K)
[383.746s][info][gc             ] GC(1137) Pause Young (Concurrent Start) (G1 Evacuation Pause) 510M->510M(512M) 1.090ms
[383.746s][info][gc,cpu         ] GC(1137) User=0.00s Sys=0.00s Real=0.01s
[383.746s][info][gc,ergo        ] Attempting maximally compacting collection
[383.746s][info][gc,task        ] GC(1138) Using 8 workers of 8 for full compaction
[383.746s][info][gc             ] GC(1139) Concurrent Cycle
[383.746s][info][gc,start       ] GC(1138) Pause Full (G1 Evacuation Pause)
[383.746s][info][gc,marking     ] GC(1139) Concurrent Clear Claimed Marks
[383.746s][info][gc,marking     ] GC(1139) Concurrent Clear Claimed Marks 0.064ms
[383.746s][info][gc,marking     ] GC(1139) Concurrent Scan Root Regions
[383.746s][info][gc,marking     ] GC(1139) Concurrent Scan Root Regions 0.024ms
[383.746s][info][gc,marking     ] GC(1139) Concurrent Mark (383.746s)
[383.746s][info][gc,marking     ] GC(1139) Concurrent Mark From Roots
[383.746s][info][gc,task        ] GC(1139) Using 2 workers of 2 for marking
[383.746s][info][gc,phases,start] GC(1138) Phase 1: Mark live objects
[383.971s][info][gc,phases      ] GC(1138) Phase 1: Mark live objects 224.718ms
[383.971s][info][gc,phases,start] GC(1138) Phase 2: Prepare for compaction
[384.001s][info][gc,phases      ] GC(1138) Phase 2: Prepare for compaction 29.483ms
[384.001s][info][gc,phases,start] GC(1138) Phase 3: Adjust pointers
[384.072s][info][gc,phases      ] GC(1138) Phase 3: Adjust pointers 71.528ms
[384.072s][info][gc,phases,start] GC(1138) Phase 4: Compact heap
[384.099s][info][gc,phases      ] GC(1138) Phase 4: Compact heap 26.581ms
[384.103s][info][gc,heap        ] GC(1138) Eden regions: 0->0(25)
[384.103s][info][gc,heap        ] GC(1138) Survivor regions: 0->0(0)
[384.103s][info][gc,heap        ] GC(1138) Old regions: 494->494
[384.103s][info][gc,heap        ] GC(1138) Archive regions: 2->2
[384.103s][info][gc,heap        ] GC(1138) Humongous regions: 16->16
[384.103s][info][gc,metaspace   ] GC(1138) Metaspace: 44325K(45568K)->44325K(45568K) NonClass: 39086K(39936K)->39086K(39936K) Class: 5238K(5632K)->5238K(5632K)
[384.103s][info][gc             ] GC(1138) Pause Full (G1 Evacuation Pause) 510M->510M(512M) 357.199ms
[384.104s][info][gc,cpu         ] GC(1138) User=2.49s Sys=0.02s Real=0.35s
[384.104s][info][gc,task        ] GC(1140) Using 8 workers of 8 for full compaction
[384.104s][info][gc,start       ] GC(1140) Pause Full (G1 Evacuation Pause)
[384.105s][info][gc,phases,start] GC(1140) Phase 1: Mark live objects
[384.328s][info][gc,phases      ] GC(1140) Phase 1: Mark live objects 223.044ms
[384.328s][info][gc,phases,start] GC(1140) Phase 2: Prepare for compaction
[384.358s][info][gc,phases      ] GC(1140) Phase 2: Prepare for compaction 30.880ms
[384.359s][info][gc,phases,start] GC(1140) Phase 3: Adjust pointers
[384.430s][info][gc,phases      ] GC(1140) Phase 3: Adjust pointers 71.780ms
[384.430s][info][gc,phases,start] GC(1140) Phase 4: Compact heap
[384.457s][info][gc,phases      ] GC(1140) Phase 4: Compact heap 26.516ms
[384.461s][info][gc,heap        ] GC(1140) Eden regions: 0->0(25)
[384.461s][info][gc,heap        ] GC(1140) Survivor regions: 0->0(0)
[384.461s][info][gc,heap        ] GC(1140) Old regions: 494->494
[384.461s][info][gc,heap        ] GC(1140) Archive regions: 2->2
[384.461s][info][gc,heap        ] GC(1140) Humongous regions: 16->16
[384.461s][info][gc,metaspace   ] GC(1140) Metaspace: 44325K(45568K)->44325K(45568K) NonClass: 39086K(39936K)->39086K(39936K) Class: 5238K(5632K)->5238K(5632K)
[384.461s][info][gc             ] GC(1140) Pause Full (G1 Evacuation Pause) 510M->510M(512M) 356.553ms
[384.462s][info][gc,cpu         ] GC(1140) User=2.46s Sys=0.04s Real=0.36s
[384.462s][info][gc,task        ] GC(1141) Using 8 workers of 8 for full compaction
[384.462s][info][gc,start       ] GC(1141) Pause Full (G1 Evacuation Pause)
[384.462s][info][gc,phases,start] GC(1141) Phase 1: Mark live objects
[384.689s][info][gc,phases      ] GC(1141) Phase 1: Mark live objects 226.738ms
[384.689s][info][gc,phases,start] GC(1141) Phase 2: Prepare for compaction
[384.719s][info][gc,phases      ] GC(1141) Phase 2: Prepare for compaction 29.767ms
[384.719s][info][gc,phases,start] GC(1141) Phase 3: Adjust pointers
[384.790s][info][gc,phases      ] GC(1141) Phase 3: Adjust pointers 71.197ms
[384.790s][info][gc,phases,start] GC(1141) Phase 4: Compact heap
[384.817s][info][gc,phases      ] GC(1141) Phase 4: Compact heap 26.496ms
[384.821s][info][gc,heap        ] GC(1141) Eden regions: 0->0(25)
[384.821s][info][gc,heap        ] GC(1141) Survivor regions: 0->0(0)
[384.821s][info][gc,heap        ] GC(1141) Old regions: 494->494
[384.821s][info][gc,heap        ] GC(1141) Archive regions: 2->2
[384.821s][info][gc,heap        ] GC(1141) Humongous regions: 16->16
[384.821s][info][gc,metaspace   ] GC(1141) Metaspace: 44325K(45568K)->44325K(45568K) NonClass: 39086K(39936K)->39086K(39936K) Class: 5238K(5632K)->5238K(5632K)
[384.821s][info][gc             ] GC(1141) Pause Full (G1 Evacuation Pause) 510M->510M(512M) 358.514ms
[384.822s][info][gc,cpu         ] GC(1141) User=2.49s Sys=0.02s Real=0.36s
[384.823s][info][gc,marking     ] GC(1139) Concurrent Mark From Roots 1076.722ms
[384.823s][info][gc,marking     ] GC(1139) Concurrent Mark Abort
[384.823s][info][gc             ] GC(1139) Concurrent Cycle 1076.976ms
[384.823s][info][gc,start       ] GC(1142) Pause Young (Normal) (G1 Evacuation Pause)
[384.823s][info][gc,task        ] GC(1142) Using 8 workers of 8 for evacuation
[384.824s][info][gc,phases      ] GC(1142)   Pre Evacuate Collection Set: 0.1ms
[384.824s][info][gc,phases      ] GC(1142)   Merge Heap Roots: 0.0ms
[384.824s][info][gc,phases      ] GC(1142)   Evacuate Collection Set: 0.2ms
[384.824s][info][gc,phases      ] GC(1142)   Post Evacuate Collection Set: 0.1ms
[384.824s][info][gc,phases      ] GC(1142)   Other: 0.1ms
[384.824s][info][gc,heap        ] GC(1142) Eden regions: 0->0(25)
[384.824s][info][gc,heap        ] GC(1142) Survivor regions: 0->0(0)
[384.824s][info][gc,heap        ] GC(1142) Old regions: 494->494
[384.824s][info][gc,heap        ] GC(1142) Archive regions: 2->2
[384.824s][info][gc,heap        ] GC(1142) Humongous regions: 16->16
[384.824s][info][gc,metaspace   ] GC(1142) Metaspace: 44325K(45568K)->44325K(45568K) NonClass: 39086K(39936K)->39086K(39936K) Class: 5238K(5632K)->5238K(5632K)
[384.824s][info][gc             ] GC(1142) Pause Young (Normal) (G1 Evacuation Pause) 510M->510M(512M) 0.630ms
[384.824s][info][gc,cpu         ] GC(1142) User=0.00s Sys=0.00s Real=0.00s
[384.824s][info][gc,ergo        ] Attempting maximally compacting collection
[384.824s][info][gc,task        ] GC(1143) Using 8 workers of 8 for full compaction
[384.824s][info][gc,start       ] GC(1143) Pause Full (G1 Evacuation Pause)
[384.824s][info][gc,phases,start] GC(1143) Phase 1: Mark live objects
[385.044s][info][gc,phases      ] GC(1143) Phase 1: Mark live objects 219.762ms
[385.044s][info][gc,phases,start] GC(1143) Phase 2: Prepare for compaction
[385.074s][info][gc,phases      ] GC(1143) Phase 2: Prepare for compaction 30.560ms
[385.074s][info][gc,phases,start] GC(1143) Phase 3: Adjust pointers
[385.148s][info][gc,phases      ] GC(1143) Phase 3: Adjust pointers 73.833ms
[385.148s][info][gc,phases,start] GC(1143) Phase 4: Compact heap
[385.175s][info][gc,phases      ] GC(1143) Phase 4: Compact heap 26.739ms
[385.179s][info][gc,heap        ] GC(1143) Eden regions: 0->0(25)
[385.179s][info][gc,heap        ] GC(1143) Survivor regions: 0->0(0)
[385.179s][info][gc,heap        ] GC(1143) Old regions: 494->494
[385.179s][info][gc,heap        ] GC(1143) Archive regions: 2->2
[385.179s][info][gc,heap        ] GC(1143) Humongous regions: 16->16
[385.179s][info][gc,metaspace   ] GC(1143) Metaspace: 44325K(45568K)->44325K(45568K) NonClass: 39086K(39936K)->39086K(39936K) Class: 5238K(5632K)->5238K(5632K)
[385.179s][info][gc             ] GC(1143) Pause Full (G1 Evacuation Pause) 510M->510M(512M) 355.312ms
[385.181s][info][gc,cpu         ] GC(1143) User=2.48s Sys=0.03s Real=0.36s
[385.181s][info][gc,task        ] GC(1144) Using 8 workers of 8 for full compaction
[385.181s][info][gc,start       ] GC(1144) Pause Full (G1 Evacuation Pause)
[385.181s][info][gc,phases,start] GC(1144) Phase 1: Mark live objects
[385.403s][info][gc,phases      ] GC(1144) Phase 1: Mark live objects 222.714ms
[385.403s][info][gc,phases,start] GC(1144) Phase 2: Prepare for compaction
[385.433s][info][gc,phases      ] GC(1144) Phase 2: Prepare for compaction 29.340ms
[385.433s][info][gc,phases,start] GC(1144) Phase 3: Adjust pointers
[385.502s][info][gc,phases      ] GC(1144) Phase 3: Adjust pointers 68.852ms
[385.502s][info][gc,phases,start] GC(1144) Phase 4: Compact heap
[385.525s][info][gc,phases      ] GC(1144) Phase 4: Compact heap 23.537ms
[385.529s][info][gc,heap        ] GC(1144) Eden regions: 0->0(25)
[385.529s][info][gc,heap        ] GC(1144) Survivor regions: 0->0(0)
[385.529s][info][gc,heap        ] GC(1144) Old regions: 494->494
[385.529s][info][gc,heap        ] GC(1144) Archive regions: 2->2
[385.530s][info][gc,heap        ] GC(1144) Humongous regions: 16->16
[385.530s][info][gc,metaspace   ] GC(1144) Metaspace: 44325K(45568K)->44325K(45568K) NonClass: 39086K(39936K)->39086K(39936K) Class: 5238K(5632K)->5238K(5632K)
[385.530s][info][gc             ] GC(1144) Pause Full (G1 Evacuation Pause) 510M->510M(512M) 348.834ms
[385.532s][info][gc,cpu         ] GC(1144) User=2.45s Sys=0.03s Real=0.35s
[385.532s][info][gc,task        ] GC(1145) Using 8 workers of 8 for full compaction
[385.532s][info][gc,start       ] GC(1145) Pause Full (G1 Evacuation Pause)
[385.532s][info][gc,phases,start] GC(1145) Phase 1: Mark live objects
[385.757s][info][gc,phases      ] GC(1145) Phase 1: Mark live objects 224.297ms
[385.757s][info][gc,phases,start] GC(1145) Phase 2: Prepare for compaction
[385.788s][info][gc,phases      ] GC(1145) Phase 2: Prepare for compaction 31.190ms
[385.788s][info][gc,phases,start] GC(1145) Phase 3: Adjust pointers
[385.861s][info][gc,phases      ] GC(1145) Phase 3: Adjust pointers 72.759ms
[385.861s][info][gc,phases,start] GC(1145) Phase 4: Compact heap
[385.885s][info][gc,phases      ] GC(1145) Phase 4: Compact heap 24.169ms
[385.889s][info][gc,heap        ] GC(1145) Eden regions: 0->0(25)
[385.889s][info][gc,heap        ] GC(1145) Survivor regions: 0->0(0)
[385.889s][info][gc,heap        ] GC(1145) Old regions: 494->494
[385.889s][info][gc,heap        ] GC(1145) Archive regions: 2->2
[385.889s][info][gc,heap        ] GC(1145) Humongous regions: 16->16
[385.889s][info][gc,metaspace   ] GC(1145) Metaspace: 44325K(45568K)->44325K(45568K) NonClass: 39086K(39936K)->39086K(39936K) Class: 5238K(5632K)->5238K(5632K)
[385.889s][info][gc             ] GC(1145) Pause Full (G1 Evacuation Pause) 510M->510M(512M) 356.841ms
[385.891s][info][gc,cpu         ] GC(1145) User=2.49s Sys=0.03s Real=0.36s
[385.891s][info][gc,start       ] GC(1146) Pause Young (Concurrent Start) (G1 Evacuation Pause)
[385.891s][info][gc,task        ] GC(1146) Using 8 workers of 8 for evacuation
[385.892s][info][gc,phases      ] GC(1146)   Pre Evacuate Collection Set: 0.1ms
[385.892s][info][gc,phases      ] GC(1146)   Merge Heap Roots: 0.0ms
[385.892s][info][gc,phases      ] GC(1146)   Evacuate Collection Set: 0.7ms
[385.892s][info][gc,phases      ] GC(1146)   Post Evacuate Collection Set: 0.1ms
[385.892s][info][gc,phases      ] GC(1146)   Other: 0.1ms
[385.892s][info][gc,heap        ] GC(1146) Eden regions: 0->0(25)
[385.892s][info][gc,heap        ] GC(1146) Survivor regions: 0->0(0)
[385.892s][info][gc,heap        ] GC(1146) Old regions: 494->494
[385.892s][info][gc,heap        ] GC(1146) Archive regions: 2->2
[385.892s][info][gc,heap        ] GC(1146) Humongous regions: 16->16
[385.892s][info][gc,metaspace   ] GC(1146) Metaspace: 44325K(45568K)->44325K(45568K) NonClass: 39086K(39936K)->39086K(39936K) Class: 5238K(5632K)->5238K(5632K)
[385.892s][info][gc             ] GC(1146) Pause Young (Concurrent Start) (G1 Evacuation Pause) 510M->510M(512M) 1.185ms
[385.892s][info][gc,cpu         ] GC(1146) User=0.00s Sys=0.00s Real=0.00s
[385.892s][info][gc,ergo        ] Attempting maximally compacting collection
[385.893s][info][gc,task        ] GC(1147) Using 8 workers of 8 for full compaction
[385.893s][info][gc,start       ] GC(1147) Pause Full (G1 Evacuation Pause)
[385.893s][info][gc             ] GC(1148) Concurrent Cycle
[385.893s][info][gc,marking     ] GC(1148) Concurrent Clear Claimed Marks
[385.893s][info][gc,marking     ] GC(1148) Concurrent Clear Claimed Marks 0.048ms
[385.893s][info][gc,marking     ] GC(1148) Concurrent Scan Root Regions
[385.893s][info][gc,marking     ] GC(1148) Concurrent Scan Root Regions 0.040ms
[385.893s][info][gc,marking     ] GC(1148) Concurrent Mark (385.893s)
[385.893s][info][gc,marking     ] GC(1148) Concurrent Mark From Roots
[385.893s][info][gc,task        ] GC(1148) Using 2 workers of 2 for marking
[385.893s][info][gc,phases,start] GC(1147) Phase 1: Mark live objects
[386.208s][info][gc,phases      ] GC(1147) Phase 1: Mark live objects 315.052ms
[386.208s][info][gc,phases,start] GC(1147) Phase 2: Prepare for compaction
[386.248s][info][gc,phases      ] GC(1147) Phase 2: Prepare for compaction 39.900ms
[386.248s][info][gc,phases,start] GC(1147) Phase 3: Adjust pointers
[386.321s][info][gc,phases      ] GC(1147) Phase 3: Adjust pointers 73.215ms
[386.321s][info][gc,phases,start] GC(1147) Phase 4: Compact heap
[386.347s][info][gc,phases      ] GC(1147) Phase 4: Compact heap 25.524ms
[386.351s][info][gc,heap        ] GC(1147) Eden regions: 0->0(25)
[386.351s][info][gc,heap        ] GC(1147) Survivor regions: 0->0(0)
[386.351s][info][gc,heap        ] GC(1147) Old regions: 494->494
[386.351s][info][gc,heap        ] GC(1147) Archive regions: 2->2
[386.351s][info][gc,heap        ] GC(1147) Humongous regions: 16->16
[386.351s][info][gc,metaspace   ] GC(1147) Metaspace: 44325K(45568K)->44325K(45568K) NonClass: 39086K(39936K)->39086K(39936K) Class: 5238K(5632K)->5238K(5632K)
[386.351s][info][gc             ] GC(1147) Pause Full (G1 Evacuation Pause) 510M->510M(512M) 458.567ms
[386.353s][info][gc,cpu         ] GC(1147) User=2.47s Sys=0.06s Real=0.46s
[386.353s][info][gc,task        ] GC(1149) Using 8 workers of 8 for full compaction
[386.353s][info][gc,start       ] GC(1149) Pause Full (G1 Evacuation Pause)
[386.353s][info][gc,phases,start] GC(1149) Phase 1: Mark live objects
[386.577s][info][gc,phases      ] GC(1149) Phase 1: Mark live objects 224.060ms
[386.577s][info][gc,phases,start] GC(1149) Phase 2: Prepare for compaction
[386.608s][info][gc,phases      ] GC(1149) Phase 2: Prepare for compaction 31.409ms
[386.608s][info][gc,phases,start] GC(1149) Phase 3: Adjust pointers
[386.694s][info][gc,phases      ] GC(1149) Phase 3: Adjust pointers 85.698ms
[386.694s][info][gc,phases,start] GC(1149) Phase 4: Compact heap
[386.719s][info][gc,phases      ] GC(1149) Phase 4: Compact heap 25.084ms
[386.723s][info][gc,heap        ] GC(1149) Eden regions: 0->0(25)
[386.723s][info][gc,heap        ] GC(1149) Survivor regions: 0->0(0)
[386.723s][info][gc,heap        ] GC(1149) Old regions: 494->494
[386.723s][info][gc,heap        ] GC(1149) Archive regions: 2->2
[386.723s][info][gc,heap        ] GC(1149) Humongous regions: 16->16
[386.723s][info][gc,metaspace   ] GC(1149) Metaspace: 44325K(45568K)->44325K(45568K) NonClass: 39086K(39936K)->39086K(39936K) Class: 5238K(5632K)->5238K(5632K)
[386.723s][info][gc             ] GC(1149) Pause Full (G1 Evacuation Pause) 510M->510M(512M) 370.808ms
[386.725s][info][gc,cpu         ] GC(1149) User=2.47s Sys=0.03s Real=0.37s
[386.725s][info][gc,task        ] GC(1150) Using 8 workers of 8 for full compaction
[386.725s][info][gc,start       ] GC(1150) Pause Full (G1 Evacuation Pause)
[386.725s][info][gc,phases,start] GC(1150) Phase 1: Mark live objects
[386.986s][info][gc,phases      ] GC(1150) Phase 1: Mark live objects 261.004ms
[386.986s][info][gc,phases,start] GC(1150) Phase 2: Prepare for compaction
[387.016s][info][gc,phases      ] GC(1150) Phase 2: Prepare for compaction 29.863ms
[387.016s][info][gc,phases,start] GC(1150) Phase 3: Adjust pointers
[387.088s][info][gc,phases      ] GC(1150) Phase 3: Adjust pointers 71.780ms
[387.088s][info][gc,phases,start] GC(1150) Phase 4: Compact heap
[387.114s][info][gc,phases      ] GC(1150) Phase 4: Compact heap 25.777ms
[387.118s][info][gc,heap        ] GC(1150) Eden regions: 0->0(25)
[387.118s][info][gc,heap        ] GC(1150) Survivor regions: 0->0(0)
[387.118s][info][gc,heap        ] GC(1150) Old regions: 494->494
[387.118s][info][gc,heap        ] GC(1150) Archive regions: 2->2
[387.118s][info][gc,heap        ] GC(1150) Humongous regions: 16->16
[387.118s][info][gc,metaspace   ] GC(1150) Metaspace: 44325K(45568K)->44325K(45568K) NonClass: 39086K(39936K)->39086K(39936K) Class: 5238K(5632K)->5238K(5632K)
[387.118s][info][gc             ] GC(1150) Pause Full (G1 Evacuation Pause) 510M->510M(512M) 392.943ms
[387.120s][info][gc,cpu         ] GC(1150) User=2.47s Sys=0.03s Real=0.40s
[387.120s][info][gc,marking     ] GC(1148) Concurrent Mark From Roots 1227.229ms
[387.120s][info][gc,marking     ] GC(1148) Concurrent Mark Abort
[387.120s][info][gc             ] GC(1148) Concurrent Cycle 1227.529ms
[387.121s][info][gc,start       ] GC(1151) Pause Young (Normal) (G1 Evacuation Pause)
[387.121s][info][gc,task        ] GC(1151) Using 8 workers of 8 for evacuation
[387.121s][info][gc,phases      ] GC(1151)   Pre Evacuate Collection Set: 0.1ms
[387.121s][info][gc,phases      ] GC(1151)   Merge Heap Roots: 0.0ms
[387.121s][info][gc,phases      ] GC(1151)   Evacuate Collection Set: 0.2ms
[387.121s][info][gc,phases      ] GC(1151)   Post Evacuate Collection Set: 0.2ms
[387.121s][info][gc,phases      ] GC(1151)   Other: 0.1ms
[387.121s][info][gc,heap        ] GC(1151) Eden regions: 0->0(25)
[387.121s][info][gc,heap        ] GC(1151) Survivor regions: 0->0(0)
[387.121s][info][gc,heap        ] GC(1151) Old regions: 494->494
[387.121s][info][gc,heap        ] GC(1151) Archive regions: 2->2
[387.121s][info][gc,heap        ] GC(1151) Humongous regions: 16->16
[387.121s][info][gc,metaspace   ] GC(1151) Metaspace: 44325K(45568K)->44325K(45568K) NonClass: 39086K(39936K)->39086K(39936K) Class: 5238K(5632K)->5238K(5632K)
[387.121s][info][gc             ] GC(1151) Pause Young (Normal) (G1 Evacuation Pause) 510M->510M(512M) 0.706ms
[387.121s][info][gc,cpu         ] GC(1151) User=0.00s Sys=0.00s Real=0.00s
[387.121s][info][gc,ergo        ] Attempting maximally compacting collection
[387.121s][info][gc,task        ] GC(1152) Using 8 workers of 8 for full compaction
[387.121s][info][gc,start       ] GC(1152) Pause Full (G1 Evacuation Pause)
[387.121s][info][gc,phases,start] GC(1152) Phase 1: Mark live objects
[387.351s][info][gc,phases      ] GC(1152) Phase 1: Mark live objects 229.276ms
[387.351s][info][gc,phases,start] GC(1152) Phase 2: Prepare for compaction
[387.380s][info][gc,phases      ] GC(1152) Phase 2: Prepare for compaction 28.899ms
[387.380s][info][gc,phases,start] GC(1152) Phase 3: Adjust pointers
[387.451s][info][gc,phases      ] GC(1152) Phase 3: Adjust pointers 70.837ms
[387.451s][info][gc,phases,start] GC(1152) Phase 4: Compact heap
[387.476s][info][gc,phases      ] GC(1152) Phase 4: Compact heap 25.172ms
[387.480s][info][gc,heap        ] GC(1152) Eden regions: 0->0(25)
[387.480s][info][gc,heap        ] GC(1152) Survivor regions: 0->0(0)
[387.480s][info][gc,heap        ] GC(1152) Old regions: 494->494
[387.480s][info][gc,heap        ] GC(1152) Archive regions: 2->2
[387.480s][info][gc,heap        ] GC(1152) Humongous regions: 16->16
[387.480s][info][gc,metaspace   ] GC(1152) Metaspace: 44325K(45568K)->44325K(45568K) NonClass: 39086K(39936K)->39086K(39936K) Class: 5238K(5632K)->5238K(5632K)
[387.480s][info][gc             ] GC(1152) Pause Full (G1 Evacuation Pause) 510M->510M(512M) 358.483ms
[387.482s][info][gc,cpu         ] GC(1152) User=2.51s Sys=0.03s Real=0.36s
[387.482s][info][gc,task        ] GC(1153) Using 8 workers of 8 for full compaction
[387.482s][info][gc,start       ] GC(1153) Pause Full (G1 Evacuation Pause)
[387.482s][info][gc,phases,start] GC(1153) Phase 1: Mark live objects
[387.703s][info][gc,phases      ] GC(1153) Phase 1: Mark live objects 221.286ms
[387.703s][info][gc,phases,start] GC(1153) Phase 2: Prepare for compaction
[387.733s][info][gc,phases      ] GC(1153) Phase 2: Prepare for compaction 29.707ms
[387.733s][info][gc,phases,start] GC(1153) Phase 3: Adjust pointers
[387.803s][info][gc,phases      ] GC(1153) Phase 3: Adjust pointers 70.057ms
[387.803s][info][gc,phases,start] GC(1153) Phase 4: Compact heap
[387.827s][info][gc,phases      ] GC(1153) Phase 4: Compact heap 24.311ms
[387.831s][info][gc,heap        ] GC(1153) Eden regions: 0->0(25)
[387.831s][info][gc,heap        ] GC(1153) Survivor regions: 0->0(0)
[387.831s][info][gc,heap        ] GC(1153) Old regions: 494->494
[387.831s][info][gc,heap        ] GC(1153) Archive regions: 2->2
[387.831s][info][gc,heap        ] GC(1153) Humongous regions: 16->16
[387.831s][info][gc,metaspace   ] GC(1153) Metaspace: 44325K(45568K)->44325K(45568K) NonClass: 39086K(39936K)->39086K(39936K) Class: 5238K(5632K)->5238K(5632K)
[387.832s][info][gc             ] GC(1153) Pause Full (G1 Evacuation Pause) 510M->510M(512M) 349.677ms
[387.833s][info][gc,cpu         ] GC(1153) User=2.48s Sys=0.04s Real=0.35s
[387.833s][info][gc,task        ] GC(1154) Using 8 workers of 8 for full compaction
[387.833s][info][gc,start       ] GC(1154) Pause Full (G1 Evacuation Pause)
[387.833s][info][gc,phases,start] GC(1154) Phase 1: Mark live objects
[388.052s][info][gc,phases      ] GC(1154) Phase 1: Mark live objects 219.785ms
[388.053s][info][gc,phases,start] GC(1154) Phase 2: Prepare for compaction
[388.082s][info][gc,phases      ] GC(1154) Phase 2: Prepare for compaction 29.807ms
[388.082s][info][gc,phases,start] GC(1154) Phase 3: Adjust pointers
[388.154s][info][gc,phases      ] GC(1154) Phase 3: Adjust pointers 71.530ms
[388.154s][info][gc,phases,start] GC(1154) Phase 4: Compact heap
[388.179s][info][gc,phases      ] GC(1154) Phase 4: Compact heap 25.388ms
[388.184s][info][gc,heap        ] GC(1154) Eden regions: 0->0(25)
[388.184s][info][gc,heap        ] GC(1154) Survivor regions: 0->0(0)
[388.184s][info][gc,heap        ] GC(1154) Old regions: 494->494
[388.184s][info][gc,heap        ] GC(1154) Archive regions: 2->2
[388.184s][info][gc,heap        ] GC(1154) Humongous regions: 16->16
[388.184s][info][gc,metaspace   ] GC(1154) Metaspace: 44325K(45568K)->44325K(45568K) NonClass: 39086K(39936K)->39086K(39936K) Class: 5238K(5632K)->5238K(5632K)
[388.184s][info][gc             ] GC(1154) Pause Full (G1 Evacuation Pause) 510M->510M(512M) 350.963ms
[388.185s][info][gc,cpu         ] GC(1154) User=2.47s Sys=0.03s Real=0.35s
[388.185s][info][gc,start       ] GC(1155) Pause Young (Concurrent Start) (G1 Evacuation Pause)
[388.185s][info][gc,task        ] GC(1155) Using 8 workers of 8 for evacuation
[388.186s][info][gc,phases      ] GC(1155)   Pre Evacuate Collection Set: 0.1ms
[388.186s][info][gc,phases      ] GC(1155)   Merge Heap Roots: 0.0ms
[388.186s][info][gc,phases      ] GC(1155)   Evacuate Collection Set: 0.5ms
[388.186s][info][gc,phases      ] GC(1155)   Post Evacuate Collection Set: 0.1ms
[388.186s][info][gc,phases      ] GC(1155)   Other: 0.1ms
[388.186s][info][gc,heap        ] GC(1155) Eden regions: 0->0(25)
[388.186s][info][gc,heap        ] GC(1155) Survivor regions: 0->0(0)
[388.186s][info][gc,heap        ] GC(1155) Old regions: 494->494
[388.186s][info][gc,heap        ] GC(1155) Archive regions: 2->2
[388.186s][info][gc,heap        ] GC(1155) Humongous regions: 16->16
[388.186s][info][gc,metaspace   ] GC(1155) Metaspace: 44325K(45568K)->44325K(45568K) NonClass: 39086K(39936K)->39086K(39936K) Class: 5238K(5632K)->5238K(5632K)
[388.186s][info][gc             ] GC(1155) Pause Young (Concurrent Start) (G1 Evacuation Pause) 510M->510M(512M) 0.971ms
[388.186s][info][gc,cpu         ] GC(1155) User=0.00s Sys=0.00s Real=0.01s
[388.186s][info][gc,ergo        ] Attempting maximally compacting collection
[388.186s][info][gc,task        ] GC(1156) Using 8 workers of 8 for full compaction
[388.186s][info][gc,start       ] GC(1156) Pause Full (G1 Evacuation Pause)
[388.186s][info][gc             ] GC(1157) Concurrent Cycle
[388.186s][info][gc,marking     ] GC(1157) Concurrent Clear Claimed Marks
[388.186s][info][gc,marking     ] GC(1157) Concurrent Clear Claimed Marks 0.045ms
[388.186s][info][gc,marking     ] GC(1157) Concurrent Scan Root Regions
[388.186s][info][gc,marking     ] GC(1157) Concurrent Scan Root Regions 0.024ms
[388.186s][info][gc,marking     ] GC(1157) Concurrent Mark (388.186s)
[388.186s][info][gc,marking     ] GC(1157) Concurrent Mark From Roots
[388.187s][info][gc,task        ] GC(1157) Using 2 workers of 2 for marking
[388.187s][info][gc,phases,start] GC(1156) Phase 1: Mark live objects
[388.405s][info][gc,phases      ] GC(1156) Phase 1: Mark live objects 218.538ms
[388.406s][info][gc,phases,start] GC(1156) Phase 2: Prepare for compaction
[388.436s][info][gc,phases      ] GC(1156) Phase 2: Prepare for compaction 30.116ms
[388.436s][info][gc,phases,start] GC(1156) Phase 3: Adjust pointers
[388.508s][info][gc,phases      ] GC(1156) Phase 3: Adjust pointers 72.480ms
[388.508s][info][gc,phases,start] GC(1156) Phase 4: Compact heap
[388.536s][info][gc,phases      ] GC(1156) Phase 4: Compact heap 27.947ms
[388.540s][info][gc,heap        ] GC(1156) Eden regions: 0->0(25)
[388.540s][info][gc,heap        ] GC(1156) Survivor regions: 0->0(0)
[388.540s][info][gc,heap        ] GC(1156) Old regions: 494->494
[388.540s][info][gc,heap        ] GC(1156) Archive regions: 2->2
[388.540s][info][gc,heap        ] GC(1156) Humongous regions: 16->16
[388.540s][info][gc,metaspace   ] GC(1156) Metaspace: 44325K(45568K)->44325K(45568K) NonClass: 39086K(39936K)->39086K(39936K) Class: 5238K(5632K)->5238K(5632K)
[388.541s][info][gc             ] GC(1156) Pause Full (G1 Evacuation Pause) 510M->510M(512M) 354.218ms
[388.542s][info][gc,cpu         ] GC(1156) User=2.50s Sys=0.03s Real=0.35s
[388.542s][info][gc,task        ] GC(1158) Using 8 workers of 8 for full compaction
[388.542s][info][gc,start       ] GC(1158) Pause Full (G1 Evacuation Pause)
[388.542s][info][gc,phases,start] GC(1158) Phase 1: Mark live objects
[388.772s][info][gc,phases      ] GC(1158) Phase 1: Mark live objects 230.067ms
[388.772s][info][gc,phases,start] GC(1158) Phase 2: Prepare for compaction
[388.803s][info][gc,phases      ] GC(1158) Phase 2: Prepare for compaction 31.397ms
[388.803s][info][gc,phases,start] GC(1158) Phase 3: Adjust pointers
[388.876s][info][gc,phases      ] GC(1158) Phase 3: Adjust pointers 72.905ms
[388.876s][info][gc,phases,start] GC(1158) Phase 4: Compact heap
[388.902s][info][gc,phases      ] GC(1158) Phase 4: Compact heap 25.884ms
[388.906s][info][gc,heap        ] GC(1158) Eden regions: 0->0(25)
[388.906s][info][gc,heap        ] GC(1158) Survivor regions: 0->0(0)
[388.906s][info][gc,heap        ] GC(1158) Old regions: 494->494
[388.906s][info][gc,heap        ] GC(1158) Archive regions: 2->2
[388.906s][info][gc,heap        ] GC(1158) Humongous regions: 16->16
[388.906s][info][gc,metaspace   ] GC(1158) Metaspace: 44325K(45568K)->44325K(45568K) NonClass: 39086K(39936K)->39086K(39936K) Class: 5238K(5632K)->5238K(5632K)
[388.906s][info][gc             ] GC(1158) Pause Full (G1 Evacuation Pause) 510M->510M(512M) 364.694ms
[388.908s][info][gc,cpu         ] GC(1158) User=2.53s Sys=0.04s Real=0.37s
[388.908s][info][gc,task        ] GC(1159) Using 8 workers of 8 for full compaction
[388.908s][info][gc,start       ] GC(1159) Pause Full (G1 Evacuation Pause)
[388.908s][info][gc,phases,start] GC(1159) Phase 1: Mark live objects
[389.136s][info][gc,phases      ] GC(1159) Phase 1: Mark live objects 227.733ms
[389.136s][info][gc,phases,start] GC(1159) Phase 2: Prepare for compaction
[389.171s][info][gc,phases      ] GC(1159) Phase 2: Prepare for compaction 35.375ms
[389.171s][info][gc,phases,start] GC(1159) Phase 3: Adjust pointers
[389.246s][info][gc,phases      ] GC(1159) Phase 3: Adjust pointers 74.413ms
[389.246s][info][gc,phases,start] GC(1159) Phase 4: Compact heap
[389.274s][info][gc,phases      ] GC(1159) Phase 4: Compact heap 28.339ms
[389.278s][info][gc,heap        ] GC(1159) Eden regions: 0->0(25)
[389.278s][info][gc,heap        ] GC(1159) Survivor regions: 0->0(0)
[389.278s][info][gc,heap        ] GC(1159) Old regions: 494->494
[389.278s][info][gc,heap        ] GC(1159) Archive regions: 2->2
[389.278s][info][gc,heap        ] GC(1159) Humongous regions: 16->16
[389.278s][info][gc,metaspace   ] GC(1159) Metaspace: 44325K(45568K)->44325K(45568K) NonClass: 39086K(39936K)->39086K(39936K) Class: 5238K(5632K)->5238K(5632K)
[389.278s][info][gc             ] GC(1159) Pause Full (G1 Evacuation Pause) 510M->510M(512M) 370.530ms
[389.281s][info][gc,cpu         ] GC(1159) User=2.55s Sys=0.04s Real=0.37s
[389.281s][info][gc,marking     ] GC(1157) Concurrent Mark From Roots 1094.531ms
[389.282s][info][gc,start       ] GC(1160) Pause Young (Normal) (G1 Evacuation Pause)
[389.282s][info][gc,task        ] GC(1160) Using 8 workers of 8 for evacuation
[389.282s][info][gc,phases      ] GC(1160)   Pre Evacuate Collection Set: 0.1ms
[389.282s][info][gc,phases      ] GC(1160)   Merge Heap Roots: 0.0ms
[389.283s][info][gc,phases      ] GC(1160)   Evacuate Collection Set: 0.3ms
[389.283s][info][gc,phases      ] GC(1160)   Post Evacuate Collection Set: 0.2ms
[389.283s][info][gc,phases      ] GC(1160)   Other: 0.1ms
[389.283s][info][gc,heap        ] GC(1160) Eden regions: 0->0(25)
[389.283s][info][gc,heap        ] GC(1160) Survivor regions: 0->0(0)
[389.283s][info][gc,heap        ] GC(1160) Old regions: 494->494
[389.283s][info][gc,heap        ] GC(1160) Archive regions: 2->2
[389.283s][info][gc,heap        ] GC(1160) Humongous regions: 16->16
[389.283s][info][gc,metaspace   ] GC(1160) Metaspace: 44325K(45568K)->44325K(45568K) NonClass: 39086K(39936K)->39086K(39936K) Class: 5238K(5632K)->5238K(5632K)
[389.283s][info][gc             ] GC(1160) Pause Young (Normal) (G1 Evacuation Pause) 510M->510M(512M) 0.779ms
[389.283s][info][gc,cpu         ] GC(1160) User=0.00s Sys=0.00s Real=0.00s
[389.283s][info][gc,ergo        ] Attempting maximally compacting collection
[389.283s][info][gc,task        ] GC(1161) Using 8 workers of 8 for full compaction
[389.283s][info][gc,start       ] GC(1161) Pause Full (G1 Evacuation Pause)
[389.283s][info][gc,phases,start] GC(1161) Phase 1: Mark live objects
[389.514s][info][gc,phases      ] GC(1161) Phase 1: Mark live objects 230.940ms
[389.514s][info][gc,phases,start] GC(1161) Phase 2: Prepare for compaction
[389.545s][info][gc,phases      ] GC(1161) Phase 2: Prepare for compaction 31.603ms
[389.545s][info][gc,phases,start] GC(1161) Phase 3: Adjust pointers
[389.624s][info][gc,phases      ] GC(1161) Phase 3: Adjust pointers 78.968ms
[389.624s][info][gc,phases,start] GC(1161) Phase 4: Compact heap
[389.656s][info][gc,phases      ] GC(1161) Phase 4: Compact heap 31.834ms
[389.661s][info][gc,heap        ] GC(1161) Eden regions: 0->0(25)
[389.661s][info][gc,heap        ] GC(1161) Survivor regions: 0->0(0)
[389.661s][info][gc,heap        ] GC(1161) Old regions: 494->494
[389.661s][info][gc,heap        ] GC(1161) Archive regions: 2->2
[389.661s][info][gc,heap        ] GC(1161) Humongous regions: 16->16
[389.661s][info][gc,metaspace   ] GC(1161) Metaspace: 44325K(45568K)->44325K(45568K) NonClass: 39086K(39936K)->39086K(39936K) Class: 5238K(5632K)->5238K(5632K)
[389.661s][info][gc             ] GC(1161) Pause Full (G1 Evacuation Pause) 510M->510M(512M) 378.288ms
[389.663s][info][gc,cpu         ] GC(1161) User=2.53s Sys=0.04s Real=0.38s
[389.663s][info][gc,task        ] GC(1162) Using 8 workers of 8 for full compaction
[389.663s][info][gc,start       ] GC(1162) Pause Full (G1 Evacuation Pause)
[389.663s][info][gc,phases,start] GC(1162) Phase 1: Mark live objects
[389.892s][info][gc,phases      ] GC(1162) Phase 1: Mark live objects 229.404ms
[389.892s][info][gc,phases,start] GC(1162) Phase 2: Prepare for compaction
[389.939s][info][gc,phases      ] GC(1162) Phase 2: Prepare for compaction 46.996ms
[389.939s][info][gc,phases,start] GC(1162) Phase 3: Adjust pointers
[390.012s][info][gc,phases      ] GC(1162) Phase 3: Adjust pointers 72.326ms
[390.012s][info][gc,phases,start] GC(1162) Phase 4: Compact heap
[390.043s][info][gc,phases      ] GC(1162) Phase 4: Compact heap 30.930ms
[390.047s][info][gc,heap        ] GC(1162) Eden regions: 0->0(25)
[390.047s][info][gc,heap        ] GC(1162) Survivor regions: 0->0(0)
[390.047s][info][gc,heap        ] GC(1162) Old regions: 494->494
[390.047s][info][gc,heap        ] GC(1162) Archive regions: 2->2
[390.047s][info][gc,heap        ] GC(1162) Humongous regions: 16->16
[390.047s][info][gc,metaspace   ] GC(1162) Metaspace: 44325K(45568K)->44325K(45568K) NonClass: 39086K(39936K)->39086K(39936K) Class: 5238K(5632K)->5238K(5632K)
[390.047s][info][gc             ] GC(1162) Pause Full (G1 Evacuation Pause) 510M->510M(512M) 384.366ms
[390.049s][info][gc,cpu         ] GC(1162) User=2.60s Sys=0.03s Real=0.39s
[390.049s][info][gc,task        ] GC(1163) Using 8 workers of 8 for full compaction
[390.049s][info][gc,start       ] GC(1163) Pause Full (G1 Evacuation Pause)
[390.049s][info][gc,phases,start] GC(1163) Phase 1: Mark live objects
[390.375s][info][gc,phases      ] GC(1163) Phase 1: Mark live objects 325.940ms
[390.375s][info][gc,phases,start] GC(1163) Phase 2: Prepare for compaction
[390.429s][info][gc,phases      ] GC(1163) Phase 2: Prepare for compaction 54.393ms
[390.429s][info][gc,phases,start] GC(1163) Phase 3: Adjust pointers
[390.514s][info][gc,phases      ] GC(1163) Phase 3: Adjust pointers 84.897ms
[390.514s][info][gc,phases,start] GC(1163) Phase 4: Compact heap
[390.548s][info][gc,phases      ] GC(1163) Phase 4: Compact heap 33.581ms
[390.552s][info][gc,heap        ] GC(1163) Eden regions: 0->0(25)
[390.552s][info][gc,heap        ] GC(1163) Survivor regions: 0->0(0)
[390.552s][info][gc,heap        ] GC(1163) Old regions: 494->494
[390.552s][info][gc,heap        ] GC(1163) Archive regions: 2->2
[390.552s][info][gc,heap        ] GC(1163) Humongous regions: 16->16
[390.552s][info][gc,metaspace   ] GC(1163) Metaspace: 44325K(45568K)->44325K(45568K) NonClass: 39086K(39936K)->39086K(39936K) Class: 5238K(5632K)->5238K(5632K)
[390.552s][info][gc             ] GC(1163) Pause Full (G1 Evacuation Pause) 510M->510M(512M) 503.611ms
[390.554s][info][gc,cpu         ] GC(1163) User=2.49s Sys=0.04s Real=0.50s
[390.554s][info][gc,marking     ] GC(1157) Concurrent Mark Abort
[390.554s][info][gc             ] GC(1157) Concurrent Cycle 2367.963ms
[390.555s][info][gc,start       ] GC(1164) Pause Young (Normal) (G1 Evacuation Pause)
[390.555s][info][gc,task        ] GC(1164) Using 8 workers of 8 for evacuation
[390.556s][info][gc,phases      ] GC(1164)   Pre Evacuate Collection Set: 0.1ms
[390.556s][info][gc,phases      ] GC(1164)   Merge Heap Roots: 0.0ms
[390.556s][info][gc,phases      ] GC(1164)   Evacuate Collection Set: 0.2ms
[390.556s][info][gc,phases      ] GC(1164)   Post Evacuate Collection Set: 0.1ms
[390.556s][info][gc,phases      ] GC(1164)   Other: 0.1ms
[390.556s][info][gc,heap        ] GC(1164) Eden regions: 0->0(25)
[390.556s][info][gc,heap        ] GC(1164) Survivor regions: 0->0(0)
[390.556s][info][gc,heap        ] GC(1164) Old regions: 494->494
[390.556s][info][gc,heap        ] GC(1164) Archive regions: 2->2
[390.556s][info][gc,heap        ] GC(1164) Humongous regions: 16->16
[390.556s][info][gc,metaspace   ] GC(1164) Metaspace: 44325K(45568K)->44325K(45568K) NonClass: 39086K(39936K)->39086K(39936K) Class: 5238K(5632K)->5238K(5632K)
[390.556s][info][gc             ] GC(1164) Pause Young (Normal) (G1 Evacuation Pause) 510M->510M(512M) 0.604ms
[390.556s][info][gc,cpu         ] GC(1164) User=0.01s Sys=0.00s Real=0.01s
[390.556s][info][gc,ergo        ] Attempting maximally compacting collection
[390.556s][info][gc,task        ] GC(1165) Using 8 workers of 8 for full compaction
[390.556s][info][gc,start       ] GC(1165) Pause Full (G1 Evacuation Pause)
[390.556s][info][gc,phases,start] GC(1165) Phase 1: Mark live objects
[390.797s][info][gc,phases      ] GC(1165) Phase 1: Mark live objects 241.059ms
[390.797s][info][gc,phases,start] GC(1165) Phase 2: Prepare for compaction
[390.826s][info][gc,phases      ] GC(1165) Phase 2: Prepare for compaction 29.181ms
[390.826s][info][gc,phases,start] GC(1165) Phase 3: Adjust pointers
[390.898s][info][gc,phases      ] GC(1165) Phase 3: Adjust pointers 71.619ms
[390.898s][info][gc,phases,start] GC(1165) Phase 4: Compact heap
[390.924s][info][gc,phases      ] GC(1165) Phase 4: Compact heap 26.003ms
[390.928s][info][gc,heap        ] GC(1165) Eden regions: 0->0(25)
[390.928s][info][gc,heap        ] GC(1165) Survivor regions: 0->0(0)
[390.928s][info][gc,heap        ] GC(1165) Old regions: 494->494
[390.928s][info][gc,heap        ] GC(1165) Archive regions: 2->2
[390.928s][info][gc,heap        ] GC(1165) Humongous regions: 16->16
[390.928s][info][gc,metaspace   ] GC(1165) Metaspace: 44325K(45568K)->44325K(45568K) NonClass: 39086K(39936K)->39086K(39936K) Class: 5238K(5632K)->5238K(5632K)
[390.929s][info][gc             ] GC(1165) Pause Full (G1 Evacuation Pause) 510M->510M(512M) 372.767ms
[390.930s][info][gc,cpu         ] GC(1165) User=2.48s Sys=0.02s Real=0.37s
[390.930s][info][gc,task        ] GC(1166) Using 8 workers of 8 for full compaction
[390.930s][info][gc,start       ] GC(1166) Pause Full (G1 Evacuation Pause)
[390.930s][info][gc,phases,start] GC(1166) Phase 1: Mark live objects
[391.253s][info][gc,phases      ] GC(1166) Phase 1: Mark live objects 322.766ms
[391.253s][info][gc,phases,start] GC(1166) Phase 2: Prepare for compaction
[391.282s][info][gc,phases      ] GC(1166) Phase 2: Prepare for compaction 29.723ms
[391.282s][info][gc,phases,start] GC(1166) Phase 3: Adjust pointers
[391.356s][info][gc,phases      ] GC(1166) Phase 3: Adjust pointers 73.370ms
[391.356s][info][gc,phases,start] GC(1166) Phase 4: Compact heap
[391.382s][info][gc,phases      ] GC(1166) Phase 4: Compact heap 26.005ms
[391.386s][info][gc,heap        ] GC(1166) Eden regions: 0->0(25)
[391.386s][info][gc,heap        ] GC(1166) Survivor regions: 0->0(0)
[391.386s][info][gc,heap        ] GC(1166) Old regions: 494->494
[391.386s][info][gc,heap        ] GC(1166) Archive regions: 2->2
[391.386s][info][gc,heap        ] GC(1166) Humongous regions: 16->16
[391.386s][info][gc,metaspace   ] GC(1166) Metaspace: 44325K(45568K)->44325K(45568K) NonClass: 39086K(39936K)->39086K(39936K) Class: 5238K(5632K)->5238K(5632K)
[391.386s][info][gc             ] GC(1166) Pause Full (G1 Evacuation Pause) 510M->510M(512M) 456.437ms
[391.389s][info][gc,cpu         ] GC(1166) User=2.47s Sys=0.05s Real=0.46s
[391.389s][info][gc,task        ] GC(1167) Using 8 workers of 8 for full compaction
[391.389s][info][gc,start       ] GC(1167) Pause Full (G1 Evacuation Pause)
[391.389s][info][gc,phases,start] GC(1167) Phase 1: Mark live objects
[391.611s][info][gc,phases      ] GC(1167) Phase 1: Mark live objects 222.544ms
[391.612s][info][gc,phases,start] GC(1167) Phase 2: Prepare for compaction
[391.645s][info][gc,phases      ] GC(1167) Phase 2: Prepare for compaction 33.201ms
[391.645s][info][gc,phases,start] GC(1167) Phase 3: Adjust pointers
[391.720s][info][gc,phases      ] GC(1167) Phase 3: Adjust pointers 74.865ms
[391.720s][info][gc,phases,start] GC(1167) Phase 4: Compact heap
[391.753s][info][gc,phases      ] GC(1167) Phase 4: Compact heap 32.983ms
[391.757s][info][gc,heap        ] GC(1167) Eden regions: 0->0(25)
[391.757s][info][gc,heap        ] GC(1167) Survivor regions: 0->0(0)
[391.757s][info][gc,heap        ] GC(1167) Old regions: 494->494
[391.757s][info][gc,heap        ] GC(1167) Archive regions: 2->2
[391.757s][info][gc,heap        ] GC(1167) Humongous regions: 16->16
[391.757s][info][gc,metaspace   ] GC(1167) Metaspace: 44325K(45568K)->44325K(45568K) NonClass: 39086K(39936K)->39086K(39936K) Class: 5238K(5632K)->5238K(5632K)
[391.757s][info][gc             ] GC(1167) Pause Full (G1 Evacuation Pause) 510M->510M(512M) 367.983ms
[391.758s][info][gc,cpu         ] GC(1167) User=2.45s Sys=0.03s Real=0.37s
[391.759s][info][gc,start       ] GC(1168) Pause Young (Concurrent Start) (G1 Evacuation Pause)
[391.759s][info][gc,task        ] GC(1168) Using 8 workers of 8 for evacuation
[391.760s][info][gc,phases      ] GC(1168)   Pre Evacuate Collection Set: 0.1ms
[391.760s][info][gc,phases      ] GC(1168)   Merge Heap Roots: 0.0ms
[391.760s][info][gc,phases      ] GC(1168)   Evacuate Collection Set: 0.5ms
[391.760s][info][gc,phases      ] GC(1168)   Post Evacuate Collection Set: 0.1ms
[391.760s][info][gc,phases      ] GC(1168)   Other: 0.1ms
[391.760s][info][gc,heap        ] GC(1168) Eden regions: 0->0(25)
[391.760s][info][gc,heap        ] GC(1168) Survivor regions: 0->0(0)
[391.760s][info][gc,heap        ] GC(1168) Old regions: 494->494
[391.760s][info][gc,heap        ] GC(1168) Archive regions: 2->2
[391.760s][info][gc,heap        ] GC(1168) Humongous regions: 16->16
[391.760s][info][gc,metaspace   ] GC(1168) Metaspace: 44325K(45568K)->44325K(45568K) NonClass: 39086K(39936K)->39086K(39936K) Class: 5238K(5632K)->5238K(5632K)
[391.760s][info][gc             ] GC(1168) Pause Young (Concurrent Start) (G1 Evacuation Pause) 510M->510M(512M) 1.052ms
[391.760s][info][gc,cpu         ] GC(1168) User=0.00s Sys=0.00s Real=0.00s
[391.760s][info][gc,ergo        ] Attempting maximally compacting collection
[391.760s][info][gc             ] GC(1169) Concurrent Cycle
[391.760s][info][gc,task        ] GC(1170) Using 8 workers of 8 for full compaction
[391.760s][info][gc,marking     ] GC(1169) Concurrent Clear Claimed Marks
[391.760s][info][gc,start       ] GC(1170) Pause Full (G1 Evacuation Pause)
[391.760s][info][gc,marking     ] GC(1169) Concurrent Clear Claimed Marks 0.084ms
[391.760s][info][gc,marking     ] GC(1169) Concurrent Scan Root Regions
[391.760s][info][gc,marking     ] GC(1169) Concurrent Scan Root Regions 0.024ms
[391.760s][info][gc,marking     ] GC(1169) Concurrent Mark (391.760s)
[391.760s][info][gc,marking     ] GC(1169) Concurrent Mark From Roots
[391.760s][info][gc,task        ] GC(1169) Using 2 workers of 2 for marking
[391.760s][info][gc,phases,start] GC(1170) Phase 1: Mark live objects
[391.994s][info][gc,phases      ] GC(1170) Phase 1: Mark live objects 233.045ms
[391.994s][info][gc,phases,start] GC(1170) Phase 2: Prepare for compaction
[392.025s][info][gc,phases      ] GC(1170) Phase 2: Prepare for compaction 31.502ms
[392.025s][info][gc,phases,start] GC(1170) Phase 3: Adjust pointers
[392.104s][info][gc,phases      ] GC(1170) Phase 3: Adjust pointers 78.646ms
[392.104s][info][gc,phases,start] GC(1170) Phase 4: Compact heap
[392.132s][info][gc,phases      ] GC(1170) Phase 4: Compact heap 28.537ms
[392.137s][info][gc,heap        ] GC(1170) Eden regions: 0->0(25)
[392.137s][info][gc,heap        ] GC(1170) Survivor regions: 0->0(0)
[392.137s][info][gc,heap        ] GC(1170) Old regions: 494->494
[392.137s][info][gc,heap        ] GC(1170) Archive regions: 2->2
[392.137s][info][gc,heap        ] GC(1170) Humongous regions: 16->16
[392.137s][info][gc,metaspace   ] GC(1170) Metaspace: 44325K(45568K)->44325K(45568K) NonClass: 39086K(39936K)->39086K(39936K) Class: 5238K(5632K)->5238K(5632K)
[392.137s][info][gc             ] GC(1170) Pause Full (G1 Evacuation Pause) 510M->510M(512M) 377.118ms
[392.138s][info][gc,cpu         ] GC(1170) User=2.51s Sys=0.03s Real=0.38s
[392.139s][info][gc,task        ] GC(1171) Using 8 workers of 8 for full compaction
[392.139s][info][gc,start       ] GC(1171) Pause Full (G1 Evacuation Pause)
[392.139s][info][gc,phases,start] GC(1171) Phase 1: Mark live objects
[392.371s][info][gc,phases      ] GC(1171) Phase 1: Mark live objects 232.745ms
[392.371s][info][gc,phases,start] GC(1171) Phase 2: Prepare for compaction
[392.402s][info][gc,phases      ] GC(1171) Phase 2: Prepare for compaction 30.880ms
[392.402s][info][gc,phases,start] GC(1171) Phase 3: Adjust pointers
[392.475s][info][gc,phases      ] GC(1171) Phase 3: Adjust pointers 72.496ms
[392.475s][info][gc,phases,start] GC(1171) Phase 4: Compact heap
[392.500s][info][gc,phases      ] GC(1171) Phase 4: Compact heap 24.654ms
[392.504s][info][gc,heap        ] GC(1171) Eden regions: 0->0(25)
[392.504s][info][gc,heap        ] GC(1171) Survivor regions: 0->0(0)
[392.504s][info][gc,heap        ] GC(1171) Old regions: 494->494
[392.504s][info][gc,heap        ] GC(1171) Archive regions: 2->2
[392.504s][info][gc,heap        ] GC(1171) Humongous regions: 16->16
[392.504s][info][gc,metaspace   ] GC(1171) Metaspace: 44325K(45568K)->44325K(45568K) NonClass: 39086K(39936K)->39086K(39936K) Class: 5238K(5632K)->5238K(5632K)
[392.504s][info][gc             ] GC(1171) Pause Full (G1 Evacuation Pause) 510M->510M(512M) 365.150ms
[392.505s][info][gc,cpu         ] GC(1171) User=2.55s Sys=0.04s Real=0.36s
[392.505s][info][gc,task        ] GC(1172) Using 8 workers of 8 for full compaction
[392.505s][info][gc,start       ] GC(1172) Pause Full (G1 Evacuation Pause)
[392.505s][info][gc,phases,start] GC(1172) Phase 1: Mark live objects
[392.734s][info][gc,phases      ] GC(1172) Phase 1: Mark live objects 228.450ms
[392.734s][info][gc,phases,start] GC(1172) Phase 2: Prepare for compaction
[392.765s][info][gc,phases      ] GC(1172) Phase 2: Prepare for compaction 31.385ms
[392.765s][info][gc,phases,start] GC(1172) Phase 3: Adjust pointers
[392.837s][info][gc,phases      ] GC(1172) Phase 3: Adjust pointers 71.101ms
[392.837s][info][gc,phases,start] GC(1172) Phase 4: Compact heap
[392.863s][info][gc,phases      ] GC(1172) Phase 4: Compact heap 26.414ms
[392.867s][info][gc,heap        ] GC(1172) Eden regions: 0->0(25)
[392.867s][info][gc,heap        ] GC(1172) Survivor regions: 0->0(0)
[392.867s][info][gc,heap        ] GC(1172) Old regions: 494->494
[392.867s][info][gc,heap        ] GC(1172) Archive regions: 2->2
[392.867s][info][gc,heap        ] GC(1172) Humongous regions: 16->16
[392.867s][info][gc,metaspace   ] GC(1172) Metaspace: 44325K(45568K)->44325K(45568K) NonClass: 39086K(39936K)->39086K(39936K) Class: 5238K(5632K)->5238K(5632K)
[392.867s][info][gc             ] GC(1172) Pause Full (G1 Evacuation Pause) 510M->510M(512M) 361.902ms
[392.869s][info][gc,cpu         ] GC(1172) User=2.54s Sys=0.03s Real=0.37s
[392.869s][info][gc,marking     ] GC(1169) Concurrent Mark From Roots 1109.186ms
[392.869s][info][gc,marking     ] GC(1169) Concurrent Mark Abort
[392.869s][info][gc             ] GC(1169) Concurrent Cycle 1109.493ms
[392.869s][info][gc,start       ] GC(1173) Pause Young (Normal) (G1 Evacuation Pause)
[392.869s][info][gc,task        ] GC(1173) Using 8 workers of 8 for evacuation
[392.870s][info][gc,phases      ] GC(1173)   Pre Evacuate Collection Set: 0.1ms
[392.870s][info][gc,phases      ] GC(1173)   Merge Heap Roots: 0.0ms
[392.870s][info][gc,phases      ] GC(1173)   Evacuate Collection Set: 0.2ms
[392.870s][info][gc,phases      ] GC(1173)   Post Evacuate Collection Set: 0.2ms
[392.870s][info][gc,phases      ] GC(1173)   Other: 0.1ms
[392.870s][info][gc,heap        ] GC(1173) Eden regions: 0->0(25)
[392.870s][info][gc,heap        ] GC(1173) Survivor regions: 0->0(0)
[392.870s][info][gc,heap        ] GC(1173) Old regions: 494->494
[392.870s][info][gc,heap        ] GC(1173) Archive regions: 2->2
[392.870s][info][gc,heap        ] GC(1173) Humongous regions: 16->16
[392.870s][info][gc,metaspace   ] GC(1173) Metaspace: 44325K(45568K)->44325K(45568K) NonClass: 39086K(39936K)->39086K(39936K) Class: 5238K(5632K)->5238K(5632K)
[392.870s][info][gc             ] GC(1173) Pause Young (Normal) (G1 Evacuation Pause) 510M->510M(512M) 0.637ms
[392.870s][info][gc,cpu         ] GC(1173) User=0.00s Sys=0.00s Real=0.00s
[392.870s][info][gc,ergo        ] Attempting maximally compacting collection
[392.870s][info][gc,task        ] GC(1174) Using 8 workers of 8 for full compaction
[392.870s][info][gc,start       ] GC(1174) Pause Full (G1 Evacuation Pause)
[392.870s][info][gc,phases,start] GC(1174) Phase 1: Mark live objects
[393.096s][info][gc,phases      ] GC(1174) Phase 1: Mark live objects 225.655ms
[393.096s][info][gc,phases,start] GC(1174) Phase 2: Prepare for compaction
[393.127s][info][gc,phases      ] GC(1174) Phase 2: Prepare for compaction 30.807ms
[393.127s][info][gc,phases,start] GC(1174) Phase 3: Adjust pointers
[393.201s][info][gc,phases      ] GC(1174) Phase 3: Adjust pointers 73.920ms
[393.201s][info][gc,phases,start] GC(1174) Phase 4: Compact heap
[393.225s][info][gc,phases      ] GC(1174) Phase 4: Compact heap 24.733ms
[393.230s][info][gc,heap        ] GC(1174) Eden regions: 0->0(25)
[393.230s][info][gc,heap        ] GC(1174) Survivor regions: 0->0(0)
[393.230s][info][gc,heap        ] GC(1174) Old regions: 494->494
[393.230s][info][gc,heap        ] GC(1174) Archive regions: 2->2
[393.230s][info][gc,heap        ] GC(1174) Humongous regions: 16->16
[393.230s][info][gc,metaspace   ] GC(1174) Metaspace: 44325K(45568K)->44325K(45568K) NonClass: 39086K(39936K)->39086K(39936K) Class: 5238K(5632K)->5238K(5632K)
[393.230s][info][gc             ] GC(1174) Pause Full (G1 Evacuation Pause) 510M->510M(512M) 359.740ms
[393.232s][info][gc,cpu         ] GC(1174) User=2.56s Sys=0.02s Real=0.36s
[393.232s][info][gc,task        ] GC(1175) Using 8 workers of 8 for full compaction
[393.232s][info][gc,start       ] GC(1175) Pause Full (G1 Evacuation Pause)
[393.232s][info][gc,phases,start] GC(1175) Phase 1: Mark live objects
[393.453s][info][gc,phases      ] GC(1175) Phase 1: Mark live objects 220.932ms
[393.453s][info][gc,phases,start] GC(1175) Phase 2: Prepare for compaction
[393.483s][info][gc,phases      ] GC(1175) Phase 2: Prepare for compaction 29.514ms
[393.483s][info][gc,phases,start] GC(1175) Phase 3: Adjust pointers
[393.554s][info][gc,phases      ] GC(1175) Phase 3: Adjust pointers 70.846ms
[393.554s][info][gc,phases,start] GC(1175) Phase 4: Compact heap
[393.578s][info][gc,phases      ] GC(1175) Phase 4: Compact heap 24.319ms
[393.582s][info][gc,heap        ] GC(1175) Eden regions: 0->0(25)
[393.582s][info][gc,heap        ] GC(1175) Survivor regions: 0->0(0)
[393.582s][info][gc,heap        ] GC(1175) Old regions: 494->494
[393.582s][info][gc,heap        ] GC(1175) Archive regions: 2->2
[393.582s][info][gc,heap        ] GC(1175) Humongous regions: 16->16
[393.582s][info][gc,metaspace   ] GC(1175) Metaspace: 44325K(45568K)->44325K(45568K) NonClass: 39086K(39936K)->39086K(39936K) Class: 5238K(5632K)->5238K(5632K)
[393.582s][info][gc             ] GC(1175) Pause Full (G1 Evacuation Pause) 510M->510M(512M) 349.928ms
[393.583s][info][gc,cpu         ] GC(1175) User=2.48s Sys=0.03s Real=0.35s
[393.583s][info][gc,task        ] GC(1176) Using 8 workers of 8 for full compaction
[393.583s][info][gc,start       ] GC(1176) Pause Full (G1 Evacuation Pause)
[393.583s][info][gc,phases,start] GC(1176) Phase 1: Mark live objects
[393.807s][info][gc,phases      ] GC(1176) Phase 1: Mark live objects 223.563ms
[393.807s][info][gc,phases,start] GC(1176) Phase 2: Prepare for compaction
[393.837s][info][gc,phases      ] GC(1176) Phase 2: Prepare for compaction 30.738ms
[393.837s][info][gc,phases,start] GC(1176) Phase 3: Adjust pointers
[393.908s][info][gc,phases      ] GC(1176) Phase 3: Adjust pointers 70.509ms
[393.908s][info][gc,phases,start] GC(1176) Phase 4: Compact heap
[393.932s][info][gc,phases      ] GC(1176) Phase 4: Compact heap 24.199ms
[393.936s][info][gc,heap        ] GC(1176) Eden regions: 0->0(25)
[393.936s][info][gc,heap        ] GC(1176) Survivor regions: 0->0(0)
[393.936s][info][gc,heap        ] GC(1176) Old regions: 494->494
[393.936s][info][gc,heap        ] GC(1176) Archive regions: 2->2
[393.936s][info][gc,heap        ] GC(1176) Humongous regions: 16->16
[393.936s][info][gc,metaspace   ] GC(1176) Metaspace: 44325K(45568K)->44325K(45568K) NonClass: 39086K(39936K)->39086K(39936K) Class: 5238K(5632K)->5238K(5632K)
[393.936s][info][gc             ] GC(1176) Pause Full (G1 Evacuation Pause) 510M->510M(512M) 353.304ms
[393.938s][info][gc,cpu         ] GC(1176) User=2.48s Sys=0.02s Real=0.36s
[393.938s][info][gc,start       ] GC(1177) Pause Young (Concurrent Start) (G1 Evacuation Pause)
[393.938s][info][gc,task        ] GC(1177) Using 8 workers of 8 for evacuation
[393.939s][info][gc,phases      ] GC(1177)   Pre Evacuate Collection Set: 0.1ms
[393.939s][info][gc,phases      ] GC(1177)   Merge Heap Roots: 0.0ms
[393.939s][info][gc,phases      ] GC(1177)   Evacuate Collection Set: 0.5ms
[393.939s][info][gc,phases      ] GC(1177)   Post Evacuate Collection Set: 0.1ms
[393.939s][info][gc,phases      ] GC(1177)   Other: 0.1ms
[393.939s][info][gc,heap        ] GC(1177) Eden regions: 0->0(25)
[393.939s][info][gc,heap        ] GC(1177) Survivor regions: 0->0(0)
[393.939s][info][gc,heap        ] GC(1177) Old regions: 494->494
[393.939s][info][gc,heap        ] GC(1177) Archive regions: 2->2
[393.939s][info][gc,heap        ] GC(1177) Humongous regions: 16->16
[393.939s][info][gc,metaspace   ] GC(1177) Metaspace: 44325K(45568K)->44325K(45568K) NonClass: 39086K(39936K)->39086K(39936K) Class: 5238K(5632K)->5238K(5632K)
[393.939s][info][gc             ] GC(1177) Pause Young (Concurrent Start) (G1 Evacuation Pause) 510M->510M(512M) 1.022ms
[393.939s][info][gc,cpu         ] GC(1177) User=0.00s Sys=0.00s Real=0.00s
[393.939s][info][gc,ergo        ] Attempting maximally compacting collection
[393.939s][info][gc,task        ] GC(1178) Using 8 workers of 8 for full compaction
[393.939s][info][gc             ] GC(1179) Concurrent Cycle
[393.939s][info][gc,start       ] GC(1178) Pause Full (G1 Evacuation Pause)
[393.939s][info][gc,marking     ] GC(1179) Concurrent Clear Claimed Marks
[393.939s][info][gc,marking     ] GC(1179) Concurrent Clear Claimed Marks 0.071ms
[393.939s][info][gc,marking     ] GC(1179) Concurrent Scan Root Regions
[393.939s][info][gc,marking     ] GC(1179) Concurrent Scan Root Regions 0.027ms
[393.939s][info][gc,marking     ] GC(1179) Concurrent Mark (393.939s)
[393.939s][info][gc,marking     ] GC(1179) Concurrent Mark From Roots
[393.939s][info][gc,task        ] GC(1179) Using 2 workers of 2 for marking
[393.940s][info][gc,phases,start] GC(1178) Phase 1: Mark live objects
[394.161s][info][gc,phases      ] GC(1178) Phase 1: Mark live objects 221.564ms
[394.161s][info][gc,phases,start] GC(1178) Phase 2: Prepare for compaction
[394.194s][info][gc,phases      ] GC(1178) Phase 2: Prepare for compaction 32.274ms
[394.194s][info][gc,phases,start] GC(1178) Phase 3: Adjust pointers
[394.266s][info][gc,phases      ] GC(1178) Phase 3: Adjust pointers 72.194ms
[394.266s][info][gc,phases,start] GC(1178) Phase 4: Compact heap
[394.295s][info][gc,phases      ] GC(1178) Phase 4: Compact heap 29.244ms
[394.299s][info][gc,heap        ] GC(1178) Eden regions: 0->0(25)
[394.299s][info][gc,heap        ] GC(1178) Survivor regions: 0->0(0)
[394.299s][info][gc,heap        ] GC(1178) Old regions: 494->494
[394.299s][info][gc,heap        ] GC(1178) Archive regions: 2->2
[394.299s][info][gc,heap        ] GC(1178) Humongous regions: 16->16
[394.299s][info][gc,metaspace   ] GC(1178) Metaspace: 44325K(45568K)->44325K(45568K) NonClass: 39086K(39936K)->39086K(39936K) Class: 5238K(5632K)->5238K(5632K)
[394.299s][info][gc             ] GC(1178) Pause Full (G1 Evacuation Pause) 510M->510M(512M) 360.226ms
[394.301s][info][gc,cpu         ] GC(1178) User=2.49s Sys=0.04s Real=0.36s
[394.301s][info][gc,task        ] GC(1180) Using 8 workers of 8 for full compaction
[394.301s][info][gc,start       ] GC(1180) Pause Full (G1 Evacuation Pause)
[394.301s][info][gc,phases,start] GC(1180) Phase 1: Mark live objects
[394.522s][info][gc,phases      ] GC(1180) Phase 1: Mark live objects 221.105ms
[394.522s][info][gc,phases,start] GC(1180) Phase 2: Prepare for compaction
[394.552s][info][gc,phases      ] GC(1180) Phase 2: Prepare for compaction 29.742ms
[394.552s][info][gc,phases,start] GC(1180) Phase 3: Adjust pointers
[394.626s][info][gc,phases      ] GC(1180) Phase 3: Adjust pointers 73.573ms
[394.626s][info][gc,phases,start] GC(1180) Phase 4: Compact heap
[394.655s][info][gc,phases      ] GC(1180) Phase 4: Compact heap 29.299ms
[394.659s][info][gc,heap        ] GC(1180) Eden regions: 0->0(25)
[394.659s][info][gc,heap        ] GC(1180) Survivor regions: 0->0(0)
[394.659s][info][gc,heap        ] GC(1180) Old regions: 494->494
[394.659s][info][gc,heap        ] GC(1180) Archive regions: 2->2
[394.659s][info][gc,heap        ] GC(1180) Humongous regions: 16->16
[394.659s][info][gc,metaspace   ] GC(1180) Metaspace: 44325K(45568K)->44325K(45568K) NonClass: 39086K(39936K)->39086K(39936K) Class: 5238K(5632K)->5238K(5632K)
[394.659s][info][gc             ] GC(1180) Pause Full (G1 Evacuation Pause) 510M->510M(512M) 358.076ms
[394.660s][info][gc,cpu         ] GC(1180) User=2.48s Sys=0.02s Real=0.36s
[394.661s][info][gc,task        ] GC(1181) Using 8 workers of 8 for full compaction
[394.661s][info][gc,start       ] GC(1181) Pause Full (G1 Evacuation Pause)
[394.661s][info][gc,phases,start] GC(1181) Phase 1: Mark live objects
[394.883s][info][gc,phases      ] GC(1181) Phase 1: Mark live objects 221.924ms
[394.883s][info][gc,phases,start] GC(1181) Phase 2: Prepare for compaction
[394.913s][info][gc,phases      ] GC(1181) Phase 2: Prepare for compaction 30.129ms
[394.913s][info][gc,phases,start] GC(1181) Phase 3: Adjust pointers
[394.984s][info][gc,phases      ] GC(1181) Phase 3: Adjust pointers 71.328ms
[394.984s][info][gc,phases,start] GC(1181) Phase 4: Compact heap
[395.010s][info][gc,phases      ] GC(1181) Phase 4: Compact heap 25.954ms
[395.014s][info][gc,heap        ] GC(1181) Eden regions: 0->0(25)
[395.014s][info][gc,heap        ] GC(1181) Survivor regions: 0->0(0)
[395.014s][info][gc,heap        ] GC(1181) Old regions: 494->494
[395.014s][info][gc,heap        ] GC(1181) Archive regions: 2->2
[395.014s][info][gc,heap        ] GC(1181) Humongous regions: 16->16
[395.014s][info][gc,metaspace   ] GC(1181) Metaspace: 44325K(45568K)->44325K(45568K) NonClass: 39086K(39936K)->39086K(39936K) Class: 5238K(5632K)->5238K(5632K)
[395.014s][info][gc             ] GC(1181) Pause Full (G1 Evacuation Pause) 510M->510M(512M) 353.667ms
[395.016s][info][gc,cpu         ] GC(1181) User=2.49s Sys=0.02s Real=0.36s
[395.016s][info][gc,marking     ] GC(1179) Concurrent Mark From Roots 1077.024ms
[395.016s][info][gc,start       ] GC(1182) Pause Young (Normal) (G1 Evacuation Pause)
[395.016s][info][gc,task        ] GC(1182) Using 8 workers of 8 for evacuation
[395.017s][info][gc,phases      ] GC(1182)   Pre Evacuate Collection Set: 0.1ms
[395.017s][info][gc,phases      ] GC(1182)   Merge Heap Roots: 0.0ms
[395.017s][info][gc,phases      ] GC(1182)   Evacuate Collection Set: 0.2ms
[395.017s][info][gc,phases      ] GC(1182)   Post Evacuate Collection Set: 0.1ms
[395.017s][info][gc,phases      ] GC(1182)   Other: 0.1ms
[395.017s][info][gc,heap        ] GC(1182) Eden regions: 0->0(25)
[395.017s][info][gc,heap        ] GC(1182) Survivor regions: 0->0(0)
[395.017s][info][gc,heap        ] GC(1182) Old regions: 494->494
[395.017s][info][gc,heap        ] GC(1182) Archive regions: 2->2
[395.017s][info][gc,heap        ] GC(1182) Humongous regions: 16->16
[395.017s][info][gc,metaspace   ] GC(1182) Metaspace: 44325K(45568K)->44325K(45568K) NonClass: 39086K(39936K)->39086K(39936K) Class: 5238K(5632K)->5238K(5632K)
[395.017s][info][gc             ] GC(1182) Pause Young (Normal) (G1 Evacuation Pause) 510M->510M(512M) 0.618ms
[395.017s][info][gc,cpu         ] GC(1182) User=0.00s Sys=0.00s Real=0.00s
[395.017s][info][gc,ergo        ] Attempting maximally compacting collection
[395.017s][info][gc,task        ] GC(1183) Using 8 workers of 8 for full compaction
[395.017s][info][gc,start       ] GC(1183) Pause Full (G1 Evacuation Pause)
[395.017s][info][gc,phases,start] GC(1183) Phase 1: Mark live objects
[395.236s][info][gc,phases      ] GC(1183) Phase 1: Mark live objects 218.556ms
[395.236s][info][gc,phases,start] GC(1183) Phase 2: Prepare for compaction
[395.265s][info][gc,phases      ] GC(1183) Phase 2: Prepare for compaction 29.450ms
[395.265s][info][gc,phases,start] GC(1183) Phase 3: Adjust pointers
[395.342s][info][gc,phases      ] GC(1183) Phase 3: Adjust pointers 76.855ms
[395.342s][info][gc,phases,start] GC(1183) Phase 4: Compact heap
[395.366s][info][gc,phases      ] GC(1183) Phase 4: Compact heap 23.935ms
[395.370s][info][gc,heap        ] GC(1183) Eden regions: 0->0(25)
[395.370s][info][gc,heap        ] GC(1183) Survivor regions: 0->0(0)
[395.370s][info][gc,heap        ] GC(1183) Old regions: 494->494
[395.370s][info][gc,heap        ] GC(1183) Archive regions: 2->2
[395.370s][info][gc,heap        ] GC(1183) Humongous regions: 16->16
[395.370s][info][gc,metaspace   ] GC(1183) Metaspace: 44325K(45568K)->44325K(45568K) NonClass: 39086K(39936K)->39086K(39936K) Class: 5238K(5632K)->5238K(5632K)
[395.370s][info][gc             ] GC(1183) Pause Full (G1 Evacuation Pause) 510M->510M(512M) 353.400ms
[395.373s][info][gc,cpu         ] GC(1183) User=2.50s Sys=0.03s Real=0.35s
[395.373s][info][gc,task        ] GC(1184) Using 8 workers of 8 for full compaction
[395.373s][info][gc,start       ] GC(1184) Pause Full (G1 Evacuation Pause)
[395.373s][info][gc,phases,start] GC(1184) Phase 1: Mark live objects
[395.592s][info][gc,phases      ] GC(1184) Phase 1: Mark live objects 219.737ms
[395.593s][info][gc,phases,start] GC(1184) Phase 2: Prepare for compaction
[395.622s][info][gc,phases      ] GC(1184) Phase 2: Prepare for compaction 29.275ms
[395.622s][info][gc,phases,start] GC(1184) Phase 3: Adjust pointers
[395.697s][info][gc,phases      ] GC(1184) Phase 3: Adjust pointers 75.114ms
[395.697s][info][gc,phases,start] GC(1184) Phase 4: Compact heap
[395.723s][info][gc,phases      ] GC(1184) Phase 4: Compact heap 26.354ms
[395.728s][info][gc,heap        ] GC(1184) Eden regions: 0->0(25)
[395.728s][info][gc,heap        ] GC(1184) Survivor regions: 0->0(0)
[395.728s][info][gc,heap        ] GC(1184) Old regions: 494->494
[395.728s][info][gc,heap        ] GC(1184) Archive regions: 2->2
[395.728s][info][gc,heap        ] GC(1184) Humongous regions: 16->16
[395.728s][info][gc,metaspace   ] GC(1184) Metaspace: 44325K(45568K)->44325K(45568K) NonClass: 39086K(39936K)->39086K(39936K) Class: 5238K(5632K)->5238K(5632K)
[395.728s][info][gc             ] GC(1184) Pause Full (G1 Evacuation Pause) 510M->510M(512M) 355.085ms
[395.729s][info][gc,cpu         ] GC(1184) User=2.47s Sys=0.04s Real=0.36s
[395.729s][info][gc,task        ] GC(1185) Using 8 workers of 8 for full compaction
[395.729s][info][gc,start       ] GC(1185) Pause Full (G1 Evacuation Pause)
[395.729s][info][gc,phases,start] GC(1185) Phase 1: Mark live objects
[395.956s][info][gc,phases      ] GC(1185) Phase 1: Mark live objects 226.519ms
[395.956s][info][gc,phases,start] GC(1185) Phase 2: Prepare for compaction
[395.998s][info][gc,phases      ] GC(1185) Phase 2: Prepare for compaction 42.075ms
[395.998s][info][gc,phases,start] GC(1185) Phase 3: Adjust pointers
[396.101s][info][gc,phases      ] GC(1185) Phase 3: Adjust pointers 103.501ms
[396.101s][info][gc,phases,start] GC(1185) Phase 4: Compact heap
[396.141s][info][gc,phases      ] GC(1185) Phase 4: Compact heap 39.421ms
[396.146s][info][gc,heap        ] GC(1185) Eden regions: 0->0(25)
[396.146s][info][gc,heap        ] GC(1185) Survivor regions: 0->0(0)
[396.146s][info][gc,heap        ] GC(1185) Old regions: 494->494
[396.146s][info][gc,heap        ] GC(1185) Archive regions: 2->2
[396.146s][info][gc,heap        ] GC(1185) Humongous regions: 16->16
[396.146s][info][gc,metaspace   ] GC(1185) Metaspace: 44325K(45568K)->44325K(45568K) NonClass: 39086K(39936K)->39086K(39936K) Class: 5238K(5632K)->5238K(5632K)
[396.146s][info][gc             ] GC(1185) Pause Full (G1 Evacuation Pause) 510M->510M(512M) 416.445ms
[396.147s][info][gc,cpu         ] GC(1185) User=2.49s Sys=0.05s Real=0.42s
[396.148s][info][gc,marking     ] GC(1179) Concurrent Mark Abort
[396.148s][info][gc             ] GC(1179) Concurrent Cycle 2208.521ms
[396.148s][info][gc,start       ] GC(1186) Pause Young (Normal) (G1 Evacuation Pause)
[396.148s][info][gc,task        ] GC(1186) Using 8 workers of 8 for evacuation
[396.148s][info][gc,phases      ] GC(1186)   Pre Evacuate Collection Set: 0.1ms
[396.148s][info][gc,phases      ] GC(1186)   Merge Heap Roots: 0.0ms
[396.148s][info][gc,phases      ] GC(1186)   Evacuate Collection Set: 0.2ms
[396.148s][info][gc,phases      ] GC(1186)   Post Evacuate Collection Set: 0.2ms
[396.148s][info][gc,phases      ] GC(1186)   Other: 0.1ms
[396.148s][info][gc,heap        ] GC(1186) Eden regions: 0->0(25)
[396.148s][info][gc,heap        ] GC(1186) Survivor regions: 0->0(0)
[396.148s][info][gc,heap        ] GC(1186) Old regions: 494->494
[396.148s][info][gc,heap        ] GC(1186) Archive regions: 2->2
[396.148s][info][gc,heap        ] GC(1186) Humongous regions: 16->16
[396.148s][info][gc,metaspace   ] GC(1186) Metaspace: 44325K(45568K)->44325K(45568K) NonClass: 39086K(39936K)->39086K(39936K) Class: 5238K(5632K)->5238K(5632K)
[396.148s][info][gc             ] GC(1186) Pause Young (Normal) (G1 Evacuation Pause) 510M->510M(512M) 0.710ms
[396.148s][info][gc,cpu         ] GC(1186) User=0.01s Sys=0.00s Real=0.00s
[396.148s][info][gc,ergo        ] Attempting maximally compacting collection
[396.148s][info][gc,task        ] GC(1187) Using 8 workers of 8 for full compaction
[396.148s][info][gc,start       ] GC(1187) Pause Full (G1 Evacuation Pause)
[396.148s][info][gc,phases,start] GC(1187) Phase 1: Mark live objects
[396.406s][info][gc,phases      ] GC(1187) Phase 1: Mark live objects 257.072ms
[396.406s][info][gc,phases,start] GC(1187) Phase 2: Prepare for compaction
[396.439s][info][gc,phases      ] GC(1187) Phase 2: Prepare for compaction 33.342ms
[396.439s][info][gc,phases,start] GC(1187) Phase 3: Adjust pointers
[396.509s][info][gc,phases      ] GC(1187) Phase 3: Adjust pointers 70.450ms
[396.509s][info][gc,phases,start] GC(1187) Phase 4: Compact heap
[396.539s][info][gc,phases      ] GC(1187) Phase 4: Compact heap 29.460ms
[396.544s][info][gc,heap        ] GC(1187) Eden regions: 0->0(25)
[396.544s][info][gc,heap        ] GC(1187) Survivor regions: 0->0(0)
[396.544s][info][gc,heap        ] GC(1187) Old regions: 494->494
[396.544s][info][gc,heap        ] GC(1187) Archive regions: 2->2
[396.544s][info][gc,heap        ] GC(1187) Humongous regions: 16->16
[396.544s][info][gc,metaspace   ] GC(1187) Metaspace: 44325K(45568K)->44325K(45568K) NonClass: 39086K(39936K)->39086K(39936K) Class: 5238K(5632K)->5238K(5632K)
[396.544s][info][gc             ] GC(1187) Pause Full (G1 Evacuation Pause) 510M->510M(512M) 395.347ms
[396.545s][info][gc,cpu         ] GC(1187) User=2.47s Sys=0.04s Real=0.40s
[396.546s][info][gc,task        ] GC(1188) Using 8 workers of 8 for full compaction
[396.546s][info][gc,start       ] GC(1188) Pause Full (G1 Evacuation Pause)
[396.546s][info][gc,phases,start] GC(1188) Phase 1: Mark live objects
[396.773s][info][gc,phases      ] GC(1188) Phase 1: Mark live objects 227.331ms
[396.773s][info][gc,phases,start] GC(1188) Phase 2: Prepare for compaction
[396.805s][info][gc,phases      ] GC(1188) Phase 2: Prepare for compaction 32.026ms
[396.805s][info][gc,phases,start] GC(1188) Phase 3: Adjust pointers
[396.878s][info][gc,phases      ] GC(1188) Phase 3: Adjust pointers 72.778ms
[396.878s][info][gc,phases,start] GC(1188) Phase 4: Compact heap
[396.904s][info][gc,phases      ] GC(1188) Phase 4: Compact heap 26.419ms
[396.909s][info][gc,heap        ] GC(1188) Eden regions: 0->0(25)
[396.909s][info][gc,heap        ] GC(1188) Survivor regions: 0->0(0)
[396.909s][info][gc,heap        ] GC(1188) Old regions: 494->494
[396.909s][info][gc,heap        ] GC(1188) Archive regions: 2->2
[396.909s][info][gc,heap        ] GC(1188) Humongous regions: 16->16
[396.909s][info][gc,metaspace   ] GC(1188) Metaspace: 44325K(45568K)->44325K(45568K) NonClass: 39086K(39936K)->39086K(39936K) Class: 5238K(5632K)->5238K(5632K)
[396.909s][info][gc             ] GC(1188) Pause Full (G1 Evacuation Pause) 510M->510M(512M) 363.171ms
[396.911s][info][gc,cpu         ] GC(1188) User=2.50s Sys=0.02s Real=0.36s
[396.911s][info][gc,task        ] GC(1189) Using 8 workers of 8 for full compaction
[396.911s][info][gc,start       ] GC(1189) Pause Full (G1 Evacuation Pause)
[396.911s][info][gc,phases,start] GC(1189) Phase 1: Mark live objects
[397.134s][info][gc,phases      ] GC(1189) Phase 1: Mark live objects 223.492ms
[397.134s][info][gc,phases,start] GC(1189) Phase 2: Prepare for compaction
[397.165s][info][gc,phases      ] GC(1189) Phase 2: Prepare for compaction 30.356ms
[397.165s][info][gc,phases,start] GC(1189) Phase 3: Adjust pointers
[397.240s][info][gc,phases      ] GC(1189) Phase 3: Adjust pointers 75.495ms
[397.240s][info][gc,phases,start] GC(1189) Phase 4: Compact heap
[397.269s][info][gc,phases      ] GC(1189) Phase 4: Compact heap 28.533ms
[397.273s][info][gc,heap        ] GC(1189) Eden regions: 0->0(25)
[397.273s][info][gc,heap        ] GC(1189) Survivor regions: 0->0(0)
[397.273s][info][gc,heap        ] GC(1189) Old regions: 494->494
[397.273s][info][gc,heap        ] GC(1189) Archive regions: 2->2
[397.273s][info][gc,heap        ] GC(1189) Humongous regions: 16->16
[397.273s][info][gc,metaspace   ] GC(1189) Metaspace: 44325K(45568K)->44325K(45568K) NonClass: 39086K(39936K)->39086K(39936K) Class: 5238K(5632K)->5238K(5632K)
[397.273s][info][gc             ] GC(1189) Pause Full (G1 Evacuation Pause) 510M->510M(512M) 362.397ms
[397.275s][info][gc,cpu         ] GC(1189) User=2.54s Sys=0.02s Real=0.36s
[397.275s][info][gc,start       ] GC(1190) Pause Young (Concurrent Start) (G1 Evacuation Pause)
[397.275s][info][gc,task        ] GC(1190) Using 8 workers of 8 for evacuation
[397.276s][info][gc,phases      ] GC(1190)   Pre Evacuate Collection Set: 0.1ms
[397.276s][info][gc,phases      ] GC(1190)   Merge Heap Roots: 0.0ms
[397.276s][info][gc,phases      ] GC(1190)   Evacuate Collection Set: 0.5ms
[397.276s][info][gc,phases      ] GC(1190)   Post Evacuate Collection Set: 0.2ms
[397.276s][info][gc,phases      ] GC(1190)   Other: 0.1ms
[397.276s][info][gc,heap        ] GC(1190) Eden regions: 0->0(25)
[397.276s][info][gc,heap        ] GC(1190) Survivor regions: 0->0(0)
[397.276s][info][gc,heap        ] GC(1190) Old regions: 494->494
[397.276s][info][gc,heap        ] GC(1190) Archive regions: 2->2
[397.276s][info][gc,heap        ] GC(1190) Humongous regions: 16->16
[397.276s][info][gc,metaspace   ] GC(1190) Metaspace: 44325K(45568K)->44325K(45568K) NonClass: 39086K(39936K)->39086K(39936K) Class: 5238K(5632K)->5238K(5632K)
[397.276s][info][gc             ] GC(1190) Pause Young (Concurrent Start) (G1 Evacuation Pause) 510M->510M(512M) 1.104ms
[397.276s][info][gc,cpu         ] GC(1190) User=0.00s Sys=0.00s Real=0.01s
[397.276s][info][gc,ergo        ] Attempting maximally compacting collection
[397.276s][info][gc,task        ] GC(1191) Using 8 workers of 8 for full compaction
[397.276s][info][gc             ] GC(1192) Concurrent Cycle
[397.276s][info][gc,start       ] GC(1191) Pause Full (G1 Evacuation Pause)
[397.276s][info][gc,marking     ] GC(1192) Concurrent Clear Claimed Marks
[397.276s][info][gc,marking     ] GC(1192) Concurrent Clear Claimed Marks 0.072ms
[397.276s][info][gc,marking     ] GC(1192) Concurrent Scan Root Regions
[397.276s][info][gc,marking     ] GC(1192) Concurrent Scan Root Regions 0.027ms
[397.276s][info][gc,marking     ] GC(1192) Concurrent Mark (397.276s)
[397.276s][info][gc,marking     ] GC(1192) Concurrent Mark From Roots
[397.276s][info][gc,task        ] GC(1192) Using 2 workers of 2 for marking
[397.277s][info][gc,phases,start] GC(1191) Phase 1: Mark live objects
[397.503s][info][gc,phases      ] GC(1191) Phase 1: Mark live objects 226.578ms
[397.503s][info][gc,phases,start] GC(1191) Phase 2: Prepare for compaction
[397.533s][info][gc,phases      ] GC(1191) Phase 2: Prepare for compaction 29.677ms
[397.533s][info][gc,phases,start] GC(1191) Phase 3: Adjust pointers
[397.605s][info][gc,phases      ] GC(1191) Phase 3: Adjust pointers 71.431ms
[397.605s][info][gc,phases,start] GC(1191) Phase 4: Compact heap
[397.634s][info][gc,phases      ] GC(1191) Phase 4: Compact heap 29.319ms
[397.638s][info][gc,heap        ] GC(1191) Eden regions: 0->0(25)
[397.638s][info][gc,heap        ] GC(1191) Survivor regions: 0->0(0)
[397.638s][info][gc,heap        ] GC(1191) Old regions: 494->494
[397.638s][info][gc,heap        ] GC(1191) Archive regions: 2->2
[397.638s][info][gc,heap        ] GC(1191) Humongous regions: 16->16
[397.638s][info][gc,metaspace   ] GC(1191) Metaspace: 44325K(45568K)->44325K(45568K) NonClass: 39086K(39936K)->39086K(39936K) Class: 5238K(5632K)->5238K(5632K)
[397.638s][info][gc             ] GC(1191) Pause Full (G1 Evacuation Pause) 510M->510M(512M) 361.984ms
[397.640s][info][gc,cpu         ] GC(1191) User=2.54s Sys=0.03s Real=0.36s
[397.640s][info][gc,task        ] GC(1193) Using 8 workers of 8 for full compaction
[397.640s][info][gc,start       ] GC(1193) Pause Full (G1 Evacuation Pause)
[397.640s][info][gc,phases,start] GC(1193) Phase 1: Mark live objects
[397.867s][info][gc,phases      ] GC(1193) Phase 1: Mark live objects 227.392ms
[397.867s][info][gc,phases,start] GC(1193) Phase 2: Prepare for compaction
[397.899s][info][gc,phases      ] GC(1193) Phase 2: Prepare for compaction 31.739ms
[397.899s][info][gc,phases,start] GC(1193) Phase 3: Adjust pointers
[397.975s][info][gc,phases      ] GC(1193) Phase 3: Adjust pointers 76.058ms
[397.975s][info][gc,phases,start] GC(1193) Phase 4: Compact heap
[398.005s][info][gc,phases      ] GC(1193) Phase 4: Compact heap 29.919ms
[398.009s][info][gc,heap        ] GC(1193) Eden regions: 0->0(25)
[398.009s][info][gc,heap        ] GC(1193) Survivor regions: 0->0(0)
[398.009s][info][gc,heap        ] GC(1193) Old regions: 494->494
[398.009s][info][gc,heap        ] GC(1193) Archive regions: 2->2
[398.009s][info][gc,heap        ] GC(1193) Humongous regions: 16->16
[398.009s][info][gc,metaspace   ] GC(1193) Metaspace: 44325K(45568K)->44325K(45568K) NonClass: 39086K(39936K)->39086K(39936K) Class: 5238K(5632K)->5238K(5632K)
[398.009s][info][gc             ] GC(1193) Pause Full (G1 Evacuation Pause) 510M->510M(512M) 369.627ms
[398.010s][info][gc,cpu         ] GC(1193) User=2.55s Sys=0.03s Real=0.37s
[398.011s][info][gc,task        ] GC(1194) Using 8 workers of 8 for full compaction
[398.011s][info][gc,start       ] GC(1194) Pause Full (G1 Evacuation Pause)
[398.011s][info][gc,phases,start] GC(1194) Phase 1: Mark live objects
[398.237s][info][gc,phases      ] GC(1194) Phase 1: Mark live objects 225.948ms
[398.237s][info][gc,phases,start] GC(1194) Phase 2: Prepare for compaction
[398.266s][info][gc,phases      ] GC(1194) Phase 2: Prepare for compaction 29.433ms
[398.266s][info][gc,phases,start] GC(1194) Phase 3: Adjust pointers
[398.339s][info][gc,phases      ] GC(1194) Phase 3: Adjust pointers 72.536ms
[398.339s][info][gc,phases,start] GC(1194) Phase 4: Compact heap
[398.363s][info][gc,phases      ] GC(1194) Phase 4: Compact heap 24.538ms
[398.368s][info][gc,heap        ] GC(1194) Eden regions: 0->0(25)
[398.368s][info][gc,heap        ] GC(1194) Survivor regions: 0->0(0)
[398.368s][info][gc,heap        ] GC(1194) Old regions: 494->494
[398.368s][info][gc,heap        ] GC(1194) Archive regions: 2->2
[398.368s][info][gc,heap        ] GC(1194) Humongous regions: 16->16
[398.368s][info][gc,metaspace   ] GC(1194) Metaspace: 44325K(45568K)->44325K(45568K) NonClass: 39086K(39936K)->39086K(39936K) Class: 5238K(5632K)->5238K(5632K)
[398.368s][info][gc             ] GC(1194) Pause Full (G1 Evacuation Pause) 510M->510M(512M) 357.325ms
[398.369s][info][gc,cpu         ] GC(1194) User=2.50s Sys=0.04s Real=0.36s
[398.369s][info][gc,marking     ] GC(1192) Concurrent Mark From Roots 1093.006ms
[398.370s][info][gc,start       ] GC(1195) Pause Young (Normal) (G1 Evacuation Pause)
[398.370s][info][gc,task        ] GC(1195) Using 8 workers of 8 for evacuation
[398.370s][info][gc,phases      ] GC(1195)   Pre Evacuate Collection Set: 0.1ms
[398.370s][info][gc,phases      ] GC(1195)   Merge Heap Roots: 0.0ms
[398.370s][info][gc,phases      ] GC(1195)   Evacuate Collection Set: 0.2ms
[398.370s][info][gc,phases      ] GC(1195)   Post Evacuate Collection Set: 0.2ms
[398.370s][info][gc,phases      ] GC(1195)   Other: 0.1ms
[398.370s][info][gc,heap        ] GC(1195) Eden regions: 0->0(25)
[398.370s][info][gc,heap        ] GC(1195) Survivor regions: 0->0(0)
[398.370s][info][gc,heap        ] GC(1195) Old regions: 494->494
[398.370s][info][gc,heap        ] GC(1195) Archive regions: 2->2
[398.370s][info][gc,heap        ] GC(1195) Humongous regions: 16->16
[398.370s][info][gc,metaspace   ] GC(1195) Metaspace: 44325K(45568K)->44325K(45568K) NonClass: 39086K(39936K)->39086K(39936K) Class: 5238K(5632K)->5238K(5632K)
[398.370s][info][gc             ] GC(1195) Pause Young (Normal) (G1 Evacuation Pause) 510M->510M(512M) 0.717ms
[398.370s][info][gc,cpu         ] GC(1195) User=0.00s Sys=0.00s Real=0.00s
[398.370s][info][gc,ergo        ] Attempting maximally compacting collection
[398.370s][info][gc,task        ] GC(1196) Using 8 workers of 8 for full compaction
[398.370s][info][gc,start       ] GC(1196) Pause Full (G1 Evacuation Pause)
[398.370s][info][gc,phases,start] GC(1196) Phase 1: Mark live objects
[398.595s][info][gc,phases      ] GC(1196) Phase 1: Mark live objects 225.103ms
[398.595s][info][gc,phases,start] GC(1196) Phase 2: Prepare for compaction
[398.626s][info][gc,phases      ] GC(1196) Phase 2: Prepare for compaction 30.588ms
[398.626s][info][gc,phases,start] GC(1196) Phase 3: Adjust pointers
[398.700s][info][gc,phases      ] GC(1196) Phase 3: Adjust pointers 73.684ms
[398.700s][info][gc,phases,start] GC(1196) Phase 4: Compact heap
[398.729s][info][gc,phases      ] GC(1196) Phase 4: Compact heap 28.676ms
[398.733s][info][gc,heap        ] GC(1196) Eden regions: 0->0(25)
[398.733s][info][gc,heap        ] GC(1196) Survivor regions: 0->0(0)
[398.733s][info][gc,heap        ] GC(1196) Old regions: 494->494
[398.733s][info][gc,heap        ] GC(1196) Archive regions: 2->2
[398.733s][info][gc,heap        ] GC(1196) Humongous regions: 16->16
[398.733s][info][gc,metaspace   ] GC(1196) Metaspace: 44325K(45568K)->44325K(45568K) NonClass: 39086K(39936K)->39086K(39936K) Class: 5238K(5632K)->5238K(5632K)
[398.733s][info][gc             ] GC(1196) Pause Full (G1 Evacuation Pause) 510M->510M(512M) 362.404ms
[398.734s][info][gc,cpu         ] GC(1196) User=2.49s Sys=0.03s Real=0.36s
[398.734s][info][gc,task        ] GC(1197) Using 8 workers of 8 for full compaction
[398.734s][info][gc,start       ] GC(1197) Pause Full (G1 Evacuation Pause)
[398.734s][info][gc,phases,start] GC(1197) Phase 1: Mark live objects
[398.952s][info][gc,phases      ] GC(1197) Phase 1: Mark live objects 217.801ms
[398.952s][info][gc,phases,start] GC(1197) Phase 2: Prepare for compaction
[398.981s][info][gc,phases      ] GC(1197) Phase 2: Prepare for compaction 29.094ms
[398.981s][info][gc,phases,start] GC(1197) Phase 3: Adjust pointers
[399.052s][info][gc,phases      ] GC(1197) Phase 3: Adjust pointers 71.381ms
[399.052s][info][gc,phases,start] GC(1197) Phase 4: Compact heap
[399.079s][info][gc,phases      ] GC(1197) Phase 4: Compact heap 26.731ms
[399.083s][info][gc,heap        ] GC(1197) Eden regions: 0->0(25)
[399.083s][info][gc,heap        ] GC(1197) Survivor regions: 0->0(0)
[399.083s][info][gc,heap        ] GC(1197) Old regions: 494->494
[399.083s][info][gc,heap        ] GC(1197) Archive regions: 2->2
[399.083s][info][gc,heap        ] GC(1197) Humongous regions: 16->16
[399.083s][info][gc,metaspace   ] GC(1197) Metaspace: 44325K(45568K)->44325K(45568K) NonClass: 39086K(39936K)->39086K(39936K) Class: 5238K(5632K)->5238K(5632K)
[399.083s][info][gc             ] GC(1197) Pause Full (G1 Evacuation Pause) 510M->510M(512M) 349.353ms
[399.085s][info][gc,cpu         ] GC(1197) User=2.49s Sys=0.03s Real=0.35s
[399.085s][info][gc,task        ] GC(1198) Using 8 workers of 8 for full compaction
[399.085s][info][gc,start       ] GC(1198) Pause Full (G1 Evacuation Pause)
[399.085s][info][gc,phases,start] GC(1198) Phase 1: Mark live objects
[399.307s][info][gc,phases      ] GC(1198) Phase 1: Mark live objects 221.813ms
[399.307s][info][gc,phases,start] GC(1198) Phase 2: Prepare for compaction
[399.337s][info][gc,phases      ] GC(1198) Phase 2: Prepare for compaction 29.726ms
[399.337s][info][gc,phases,start] GC(1198) Phase 3: Adjust pointers
[399.411s][info][gc,phases      ] GC(1198) Phase 3: Adjust pointers 74.068ms
[399.411s][info][gc,phases,start] GC(1198) Phase 4: Compact heap
[399.436s][info][gc,phases      ] GC(1198) Phase 4: Compact heap 25.333ms
[399.441s][info][gc,heap        ] GC(1198) Eden regions: 0->0(25)
[399.441s][info][gc,heap        ] GC(1198) Survivor regions: 0->0(0)
[399.441s][info][gc,heap        ] GC(1198) Old regions: 494->494
[399.441s][info][gc,heap        ] GC(1198) Archive regions: 2->2
[399.441s][info][gc,heap        ] GC(1198) Humongous regions: 16->16
[399.441s][info][gc,metaspace   ] GC(1198) Metaspace: 44325K(45568K)->44325K(45568K) NonClass: 39086K(39936K)->39086K(39936K) Class: 5238K(5632K)->5238K(5632K)
[399.441s][info][gc             ] GC(1198) Pause Full (G1 Evacuation Pause) 510M->510M(512M) 355.547ms
[399.442s][info][gc,cpu         ] GC(1198) User=2.49s Sys=0.04s Real=0.36s
[399.442s][info][gc,marking     ] GC(1192) Concurrent Mark Abort
[399.442s][info][gc             ] GC(1192) Concurrent Cycle 2166.233ms
[399.443s][info][gc,start       ] GC(1199) Pause Young (Normal) (G1 Evacuation Pause)
[399.443s][info][gc,task        ] GC(1199) Using 8 workers of 8 for evacuation
[399.443s][info][gc,phases      ] GC(1199)   Pre Evacuate Collection Set: 0.1ms
[399.443s][info][gc,phases      ] GC(1199)   Merge Heap Roots: 0.0ms
[399.443s][info][gc,phases      ] GC(1199)   Evacuate Collection Set: 0.2ms
[399.443s][info][gc,phases      ] GC(1199)   Post Evacuate Collection Set: 0.2ms
[399.443s][info][gc,phases      ] GC(1199)   Other: 0.1ms
[399.443s][info][gc,heap        ] GC(1199) Eden regions: 0->0(25)
[399.443s][info][gc,heap        ] GC(1199) Survivor regions: 0->0(0)
[399.443s][info][gc,heap        ] GC(1199) Old regions: 494->494
[399.443s][info][gc,heap        ] GC(1199) Archive regions: 2->2
[399.443s][info][gc,heap        ] GC(1199) Humongous regions: 16->16
[399.443s][info][gc,metaspace   ] GC(1199) Metaspace: 44325K(45568K)->44325K(45568K) NonClass: 39086K(39936K)->39086K(39936K) Class: 5238K(5632K)->5238K(5632K)
[399.443s][info][gc             ] GC(1199) Pause Young (Normal) (G1 Evacuation Pause) 510M->510M(512M) 0.673ms
[399.443s][info][gc,cpu         ] GC(1199) User=0.00s Sys=0.00s Real=0.00s
[399.443s][info][gc,ergo        ] Attempting maximally compacting collection
[399.443s][info][gc,task        ] GC(1200) Using 8 workers of 8 for full compaction
[399.443s][info][gc,start       ] GC(1200) Pause Full (G1 Evacuation Pause)
[399.443s][info][gc,phases,start] GC(1200) Phase 1: Mark live objects
[399.668s][info][gc,phases      ] GC(1200) Phase 1: Mark live objects 224.585ms
[399.668s][info][gc,phases,start] GC(1200) Phase 2: Prepare for compaction
[399.699s][info][gc,phases      ] GC(1200) Phase 2: Prepare for compaction 30.697ms
[399.699s][info][gc,phases,start] GC(1200) Phase 3: Adjust pointers
[399.772s][info][gc,phases      ] GC(1200) Phase 3: Adjust pointers 73.463ms
[399.772s][info][gc,phases,start] GC(1200) Phase 4: Compact heap
[399.797s][info][gc,phases      ] GC(1200) Phase 4: Compact heap 24.745ms
[399.801s][info][gc,heap        ] GC(1200) Eden regions: 0->0(25)
[399.801s][info][gc,heap        ] GC(1200) Survivor regions: 0->0(0)
[399.801s][info][gc,heap        ] GC(1200) Old regions: 494->494
[399.801s][info][gc,heap        ] GC(1200) Archive regions: 2->2
[399.801s][info][gc,heap        ] GC(1200) Humongous regions: 16->16
[399.801s][info][gc,metaspace   ] GC(1200) Metaspace: 44325K(45568K)->44325K(45568K) NonClass: 39086K(39936K)->39086K(39936K) Class: 5238K(5632K)->5238K(5632K)
[399.801s][info][gc             ] GC(1200) Pause Full (G1 Evacuation Pause) 510M->510M(512M) 357.790ms
[399.802s][info][gc,cpu         ] GC(1200) User=2.52s Sys=0.03s Real=0.36s
[399.802s][info][gc,task        ] GC(1201) Using 8 workers of 8 for full compaction
[399.802s][info][gc,start       ] GC(1201) Pause Full (G1 Evacuation Pause)
[399.802s][info][gc,phases,start] GC(1201) Phase 1: Mark live objects
[400.024s][info][gc,phases      ] GC(1201) Phase 1: Mark live objects 221.173ms
[400.024s][info][gc,phases,start] GC(1201) Phase 2: Prepare for compaction
[400.054s][info][gc,phases      ] GC(1201) Phase 2: Prepare for compaction 30.840ms
[400.054s][info][gc,phases,start] GC(1201) Phase 3: Adjust pointers
[400.124s][info][gc,phases      ] GC(1201) Phase 3: Adjust pointers 69.769ms
[400.124s][info][gc,phases,start] GC(1201) Phase 4: Compact heap
[400.151s][info][gc,phases      ] GC(1201) Phase 4: Compact heap 26.580ms
[400.155s][info][gc,heap        ] GC(1201) Eden regions: 0->0(25)
[400.155s][info][gc,heap        ] GC(1201) Survivor regions: 0->0(0)
[400.155s][info][gc,heap        ] GC(1201) Old regions: 494->494
[400.155s][info][gc,heap        ] GC(1201) Archive regions: 2->2
[400.155s][info][gc,heap        ] GC(1201) Humongous regions: 16->16
[400.155s][info][gc,metaspace   ] GC(1201) Metaspace: 44325K(45568K)->44325K(45568K) NonClass: 39086K(39936K)->39086K(39936K) Class: 5238K(5632K)->5238K(5632K)
[400.155s][info][gc             ] GC(1201) Pause Full (G1 Evacuation Pause) 510M->510M(512M) 352.642ms
[400.156s][info][gc,cpu         ] GC(1201) User=2.47s Sys=0.03s Real=0.36s
[400.156s][info][gc,task        ] GC(1202) Using 8 workers of 8 for full compaction
[400.156s][info][gc,start       ] GC(1202) Pause Full (G1 Evacuation Pause)
[400.156s][info][gc,phases,start] GC(1202) Phase 1: Mark live objects
[400.391s][info][gc,phases      ] GC(1202) Phase 1: Mark live objects 234.741ms
[400.391s][info][gc,phases,start] GC(1202) Phase 2: Prepare for compaction
[400.421s][info][gc,phases      ] GC(1202) Phase 2: Prepare for compaction 30.708ms
[400.421s][info][gc,phases,start] GC(1202) Phase 3: Adjust pointers
[400.494s][info][gc,phases      ] GC(1202) Phase 3: Adjust pointers 72.864ms
[400.494s][info][gc,phases,start] GC(1202) Phase 4: Compact heap
[400.518s][info][gc,phases      ] GC(1202) Phase 4: Compact heap 24.082ms
[400.523s][info][gc,heap        ] GC(1202) Eden regions: 0->0(25)
[400.523s][info][gc,heap        ] GC(1202) Survivor regions: 0->0(0)
[400.523s][info][gc,heap        ] GC(1202) Old regions: 494->494
[400.523s][info][gc,heap        ] GC(1202) Archive regions: 2->2
[400.523s][info][gc,heap        ] GC(1202) Humongous regions: 16->16
[400.523s][info][gc,metaspace   ] GC(1202) Metaspace: 44325K(45568K)->44325K(45568K) NonClass: 39086K(39936K)->39086K(39936K) Class: 5238K(5632K)->5238K(5632K)
[400.523s][info][gc             ] GC(1202) Pause Full (G1 Evacuation Pause) 510M->510M(512M) 366.796ms
[400.525s][info][gc,cpu         ] GC(1202) User=2.48s Sys=0.03s Real=0.36s
[400.525s][info][gc,start       ] GC(1203) Pause Young (Concurrent Start) (G1 Evacuation Pause)
[400.525s][info][gc,task        ] GC(1203) Using 8 workers of 8 for evacuation
[400.526s][info][gc,phases      ] GC(1203)   Pre Evacuate Collection Set: 0.1ms
[400.526s][info][gc,phases      ] GC(1203)   Merge Heap Roots: 0.0ms
[400.526s][info][gc,phases      ] GC(1203)   Evacuate Collection Set: 0.5ms
[400.526s][info][gc,phases      ] GC(1203)   Post Evacuate Collection Set: 0.2ms
[400.526s][info][gc,phases      ] GC(1203)   Other: 0.1ms
[400.526s][info][gc,heap        ] GC(1203) Eden regions: 0->0(25)
[400.526s][info][gc,heap        ] GC(1203) Survivor regions: 0->0(0)
[400.526s][info][gc,heap        ] GC(1203) Old regions: 494->494
[400.526s][info][gc,heap        ] GC(1203) Archive regions: 2->2
[400.526s][info][gc,heap        ] GC(1203) Humongous regions: 16->16
[400.526s][info][gc,metaspace   ] GC(1203) Metaspace: 44325K(45568K)->44325K(45568K) NonClass: 39086K(39936K)->39086K(39936K) Class: 5238K(5632K)->5238K(5632K)
[400.526s][info][gc             ] GC(1203) Pause Young (Concurrent Start) (G1 Evacuation Pause) 510M->510M(512M) 0.999ms
[400.526s][info][gc,cpu         ] GC(1203) User=0.00s Sys=0.00s Real=0.01s
[400.526s][info][gc,ergo        ] Attempting maximally compacting collection
[400.526s][info][gc             ] GC(1204) Concurrent Cycle
[400.526s][info][gc,task        ] GC(1205) Using 8 workers of 8 for full compaction
[400.526s][info][gc,marking     ] GC(1204) Concurrent Clear Claimed Marks
[400.526s][info][gc,start       ] GC(1205) Pause Full (G1 Evacuation Pause)
[400.526s][info][gc,marking     ] GC(1204) Concurrent Clear Claimed Marks 0.051ms
[400.526s][info][gc,marking     ] GC(1204) Concurrent Scan Root Regions
[400.526s][info][gc,marking     ] GC(1204) Concurrent Scan Root Regions 0.014ms
[400.526s][info][gc,marking     ] GC(1204) Concurrent Mark (400.526s)
[400.526s][info][gc,marking     ] GC(1204) Concurrent Mark From Roots
[400.526s][info][gc,task        ] GC(1204) Using 2 workers of 2 for marking
[400.527s][info][gc,phases,start] GC(1205) Phase 1: Mark live objects
[400.748s][info][gc,phases      ] GC(1205) Phase 1: Mark live objects 221.184ms
[400.748s][info][gc,phases,start] GC(1205) Phase 2: Prepare for compaction
[400.779s][info][gc,phases      ] GC(1205) Phase 2: Prepare for compaction 30.763ms
[400.779s][info][gc,phases,start] GC(1205) Phase 3: Adjust pointers
[400.850s][info][gc,phases      ] GC(1205) Phase 3: Adjust pointers 70.952ms
[400.850s][info][gc,phases,start] GC(1205) Phase 4: Compact heap
[400.874s][info][gc,phases      ] GC(1205) Phase 4: Compact heap 24.646ms
[400.878s][info][gc,heap        ] GC(1205) Eden regions: 0->0(25)
[400.878s][info][gc,heap        ] GC(1205) Survivor regions: 0->0(0)
[400.878s][info][gc,heap        ] GC(1205) Old regions: 494->494
[400.878s][info][gc,heap        ] GC(1205) Archive regions: 2->2
[400.878s][info][gc,heap        ] GC(1205) Humongous regions: 16->16
[400.878s][info][gc,metaspace   ] GC(1205) Metaspace: 44325K(45568K)->44325K(45568K) NonClass: 39086K(39936K)->39086K(39936K) Class: 5238K(5632K)->5238K(5632K)
[400.878s][info][gc             ] GC(1205) Pause Full (G1 Evacuation Pause) 510M->510M(512M) 352.439ms
[400.880s][info][gc,cpu         ] GC(1205) User=2.48s Sys=0.02s Real=0.35s
[400.880s][info][gc,task        ] GC(1206) Using 8 workers of 8 for full compaction
[400.880s][info][gc,start       ] GC(1206) Pause Full (G1 Evacuation Pause)
[400.880s][info][gc,phases,start] GC(1206) Phase 1: Mark live objects
[401.174s][info][gc,phases      ] GC(1206) Phase 1: Mark live objects 294.339ms
[401.174s][info][gc,phases,start] GC(1206) Phase 2: Prepare for compaction
[401.226s][info][gc,phases      ] GC(1206) Phase 2: Prepare for compaction 51.826ms
[401.226s][info][gc,phases,start] GC(1206) Phase 3: Adjust pointers
[401.310s][info][gc,phases      ] GC(1206) Phase 3: Adjust pointers 84.439ms
[401.311s][info][gc,phases,start] GC(1206) Phase 4: Compact heap
[401.341s][info][gc,phases      ] GC(1206) Phase 4: Compact heap 30.496ms
[401.345s][info][gc,heap        ] GC(1206) Eden regions: 0->0(25)
[401.345s][info][gc,heap        ] GC(1206) Survivor regions: 0->0(0)
[401.345s][info][gc,heap        ] GC(1206) Old regions: 494->494
[401.345s][info][gc,heap        ] GC(1206) Archive regions: 2->2
[401.345s][info][gc,heap        ] GC(1206) Humongous regions: 16->16
[401.345s][info][gc,metaspace   ] GC(1206) Metaspace: 44325K(45568K)->44325K(45568K) NonClass: 39086K(39936K)->39086K(39936K) Class: 5238K(5632K)->5238K(5632K)
[401.345s][info][gc             ] GC(1206) Pause Full (G1 Evacuation Pause) 510M->510M(512M) 465.545ms
[401.348s][info][gc,cpu         ] GC(1206) User=2.45s Sys=0.05s Real=0.47s
[401.348s][info][gc,task        ] GC(1207) Using 8 workers of 8 for full compaction
[401.348s][info][gc,start       ] GC(1207) Pause Full (G1 Evacuation Pause)
[401.348s][info][gc,phases,start] GC(1207) Phase 1: Mark live objects
[401.576s][info][gc,phases      ] GC(1207) Phase 1: Mark live objects 228.071ms
[401.576s][info][gc,phases,start] GC(1207) Phase 2: Prepare for compaction
[401.606s][info][gc,phases      ] GC(1207) Phase 2: Prepare for compaction 30.344ms
[401.606s][info][gc,phases,start] GC(1207) Phase 3: Adjust pointers
[401.683s][info][gc,phases      ] GC(1207) Phase 3: Adjust pointers 76.446ms
[401.683s][info][gc,phases,start] GC(1207) Phase 4: Compact heap
[401.710s][info][gc,phases      ] GC(1207) Phase 4: Compact heap 27.689ms
[401.715s][info][gc,heap        ] GC(1207) Eden regions: 0->0(25)
[401.715s][info][gc,heap        ] GC(1207) Survivor regions: 0->0(0)
[401.715s][info][gc,heap        ] GC(1207) Old regions: 494->494
[401.715s][info][gc,heap        ] GC(1207) Archive regions: 2->2
[401.715s][info][gc,heap        ] GC(1207) Humongous regions: 16->16
[401.715s][info][gc,metaspace   ] GC(1207) Metaspace: 44325K(45568K)->44325K(45568K) NonClass: 39086K(39936K)->39086K(39936K) Class: 5238K(5632K)->5238K(5632K)
[401.715s][info][gc             ] GC(1207) Pause Full (G1 Evacuation Pause) 510M->510M(512M) 367.190ms
[401.717s][info][gc,cpu         ] GC(1207) User=2.55s Sys=0.04s Real=0.37s
[401.717s][info][gc,marking     ] GC(1204) Concurrent Mark From Roots 1190.565ms
[401.717s][info][gc,marking     ] GC(1204) Concurrent Mark Abort
[401.717s][info][gc             ] GC(1204) Concurrent Cycle 1190.753ms
[401.717s][info][gc,start       ] GC(1208) Pause Young (Normal) (G1 Evacuation Pause)
[401.717s][info][gc,task        ] GC(1208) Using 8 workers of 8 for evacuation
[401.717s][info][gc,phases      ] GC(1208)   Pre Evacuate Collection Set: 0.1ms
[401.717s][info][gc,phases      ] GC(1208)   Merge Heap Roots: 0.0ms
[401.717s][info][gc,phases      ] GC(1208)   Evacuate Collection Set: 0.3ms
[401.717s][info][gc,phases      ] GC(1208)   Post Evacuate Collection Set: 0.2ms
[401.717s][info][gc,phases      ] GC(1208)   Other: 0.1ms
[401.717s][info][gc,heap        ] GC(1208) Eden regions: 0->0(25)
[401.718s][info][gc,heap        ] GC(1208) Survivor regions: 0->0(0)
[401.718s][info][gc,heap        ] GC(1208) Old regions: 494->494
[401.718s][info][gc,heap        ] GC(1208) Archive regions: 2->2
[401.718s][info][gc,heap        ] GC(1208) Humongous regions: 16->16
[401.718s][info][gc,metaspace   ] GC(1208) Metaspace: 44325K(45568K)->44325K(45568K) NonClass: 39086K(39936K)->39086K(39936K) Class: 5238K(5632K)->5238K(5632K)
[401.718s][info][gc             ] GC(1208) Pause Young (Normal) (G1 Evacuation Pause) 510M->510M(512M) 0.792ms
[401.718s][info][gc,cpu         ] GC(1208) User=0.00s Sys=0.00s Real=0.00s
[401.718s][info][gc,ergo        ] Attempting maximally compacting collection
[401.718s][info][gc,task        ] GC(1209) Using 8 workers of 8 for full compaction
[401.718s][info][gc,start       ] GC(1209) Pause Full (G1 Evacuation Pause)
[401.718s][info][gc,phases,start] GC(1209) Phase 1: Mark live objects
[401.954s][info][gc,phases      ] GC(1209) Phase 1: Mark live objects 236.336ms
[401.954s][info][gc,phases,start] GC(1209) Phase 2: Prepare for compaction
[401.986s][info][gc,phases      ] GC(1209) Phase 2: Prepare for compaction 32.085ms
[401.986s][info][gc,phases,start] GC(1209) Phase 3: Adjust pointers
[402.062s][info][gc,phases      ] GC(1209) Phase 3: Adjust pointers 75.918ms
[402.062s][info][gc,phases,start] GC(1209) Phase 4: Compact heap
[402.088s][info][gc,phases      ] GC(1209) Phase 4: Compact heap 26.015ms
[402.092s][info][gc,heap        ] GC(1209) Eden regions: 0->0(25)
[402.093s][info][gc,heap        ] GC(1209) Survivor regions: 0->0(0)
[402.093s][info][gc,heap        ] GC(1209) Old regions: 494->494
[402.093s][info][gc,heap        ] GC(1209) Archive regions: 2->2
[402.093s][info][gc,heap        ] GC(1209) Humongous regions: 16->16
[402.093s][info][gc,metaspace   ] GC(1209) Metaspace: 44325K(45568K)->44325K(45568K) NonClass: 39086K(39936K)->39086K(39936K) Class: 5238K(5632K)->5238K(5632K)
[402.093s][info][gc             ] GC(1209) Pause Full (G1 Evacuation Pause) 510M->510M(512M) 374.923ms
[402.095s][info][gc,cpu         ] GC(1209) User=2.56s Sys=0.04s Real=0.37s
[402.095s][info][gc,task        ] GC(1210) Using 8 workers of 8 for full compaction
[402.095s][info][gc,start       ] GC(1210) Pause Full (G1 Evacuation Pause)
[402.095s][info][gc,phases,start] GC(1210) Phase 1: Mark live objects
[402.321s][info][gc,phases      ] GC(1210) Phase 1: Mark live objects 225.656ms
[402.321s][info][gc,phases,start] GC(1210) Phase 2: Prepare for compaction
[402.352s][info][gc,phases      ] GC(1210) Phase 2: Prepare for compaction 31.136ms
[402.352s][info][gc,phases,start] GC(1210) Phase 3: Adjust pointers
[402.424s][info][gc,phases      ] GC(1210) Phase 3: Adjust pointers 72.136ms
[402.424s][info][gc,phases,start] GC(1210) Phase 4: Compact heap
[402.452s][info][gc,phases      ] GC(1210) Phase 4: Compact heap 27.670ms
[402.456s][info][gc,heap        ] GC(1210) Eden regions: 0->0(25)
[402.456s][info][gc,heap        ] GC(1210) Survivor regions: 0->0(0)
[402.456s][info][gc,heap        ] GC(1210) Old regions: 494->494
[402.456s][info][gc,heap        ] GC(1210) Archive regions: 2->2
[402.456s][info][gc,heap        ] GC(1210) Humongous regions: 16->16
[402.456s][info][gc,metaspace   ] GC(1210) Metaspace: 44325K(45568K)->44325K(45568K) NonClass: 39086K(39936K)->39086K(39936K) Class: 5238K(5632K)->5238K(5632K)
[402.456s][info][gc             ] GC(1210) Pause Full (G1 Evacuation Pause) 510M->510M(512M) 360.958ms
[402.458s][info][gc,cpu         ] GC(1210) User=2.53s Sys=0.02s Real=0.37s
[402.458s][info][gc,task        ] GC(1211) Using 8 workers of 8 for full compaction
[402.458s][info][gc,start       ] GC(1211) Pause Full (G1 Evacuation Pause)
[402.458s][info][gc,phases,start] GC(1211) Phase 1: Mark live objects
[402.679s][info][gc,phases      ] GC(1211) Phase 1: Mark live objects 221.402ms
[402.679s][info][gc,phases,start] GC(1211) Phase 2: Prepare for compaction
[402.711s][info][gc,phases      ] GC(1211) Phase 2: Prepare for compaction 31.235ms
[402.711s][info][gc,phases,start] GC(1211) Phase 3: Adjust pointers
[402.784s][info][gc,phases      ] GC(1211) Phase 3: Adjust pointers 73.869ms
[402.784s][info][gc,phases,start] GC(1211) Phase 4: Compact heap
[402.809s][info][gc,phases      ] GC(1211) Phase 4: Compact heap 24.937ms
[402.813s][info][gc,heap        ] GC(1211) Eden regions: 0->0(25)
[402.814s][info][gc,heap        ] GC(1211) Survivor regions: 0->0(0)
[402.814s][info][gc,heap        ] GC(1211) Old regions: 494->494
[402.814s][info][gc,heap        ] GC(1211) Archive regions: 2->2
[402.814s][info][gc,heap        ] GC(1211) Humongous regions: 16->16
[402.814s][info][gc,metaspace   ] GC(1211) Metaspace: 44325K(45568K)->44325K(45568K) NonClass: 39086K(39936K)->39086K(39936K) Class: 5238K(5632K)->5238K(5632K)
[402.814s][info][gc             ] GC(1211) Pause Full (G1 Evacuation Pause) 510M->510M(512M) 355.770ms
[402.816s][info][gc,cpu         ] GC(1211) User=2.50s Sys=0.04s Real=0.36s
[402.816s][info][gc,start       ] GC(1212) Pause Young (Concurrent Start) (G1 Evacuation Pause)
[402.816s][info][gc,task        ] GC(1212) Using 8 workers of 8 for evacuation
[402.817s][info][gc,phases      ] GC(1212)   Pre Evacuate Collection Set: 0.1ms
[402.817s][info][gc,phases      ] GC(1212)   Merge Heap Roots: 0.1ms
[402.817s][info][gc,phases      ] GC(1212)   Evacuate Collection Set: 0.5ms
[402.817s][info][gc,phases      ] GC(1212)   Post Evacuate Collection Set: 0.2ms
[402.817s][info][gc,phases      ] GC(1212)   Other: 0.1ms
[402.817s][info][gc,heap        ] GC(1212) Eden regions: 0->0(25)
[402.817s][info][gc,heap        ] GC(1212) Survivor regions: 0->0(0)
[402.817s][info][gc,heap        ] GC(1212) Old regions: 494->494
[402.817s][info][gc,heap        ] GC(1212) Archive regions: 2->2
[402.817s][info][gc,heap        ] GC(1212) Humongous regions: 16->16
[402.817s][info][gc,metaspace   ] GC(1212) Metaspace: 44325K(45568K)->44325K(45568K) NonClass: 39086K(39936K)->39086K(39936K) Class: 5238K(5632K)->5238K(5632K)
[402.817s][info][gc             ] GC(1212) Pause Young (Concurrent Start) (G1 Evacuation Pause) 510M->510M(512M) 1.084ms
[402.817s][info][gc,cpu         ] GC(1212) User=0.01s Sys=0.00s Real=0.00s
[402.817s][info][gc,ergo        ] Attempting maximally compacting collection
[402.817s][info][gc,task        ] GC(1213) Using 8 workers of 8 for full compaction
[402.817s][info][gc,start       ] GC(1213) Pause Full (G1 Evacuation Pause)
[402.817s][info][gc             ] GC(1214) Concurrent Cycle
[402.817s][info][gc,marking     ] GC(1214) Concurrent Clear Claimed Marks
[402.817s][info][gc,marking     ] GC(1214) Concurrent Clear Claimed Marks 0.044ms
[402.817s][info][gc,marking     ] GC(1214) Concurrent Scan Root Regions
[402.817s][info][gc,marking     ] GC(1214) Concurrent Scan Root Regions 0.023ms
[402.817s][info][gc,marking     ] GC(1214) Concurrent Mark (402.817s)
[402.818s][info][gc,marking     ] GC(1214) Concurrent Mark From Roots
[402.818s][info][gc,task        ] GC(1214) Using 2 workers of 2 for marking
[402.818s][info][gc,phases,start] GC(1213) Phase 1: Mark live objects
[403.035s][info][gc,phases      ] GC(1213) Phase 1: Mark live objects 217.167ms
[403.035s][info][gc,phases,start] GC(1213) Phase 2: Prepare for compaction
[403.066s][info][gc,phases      ] GC(1213) Phase 2: Prepare for compaction 31.272ms
[403.066s][info][gc,phases,start] GC(1213) Phase 3: Adjust pointers
[403.137s][info][gc,phases      ] GC(1213) Phase 3: Adjust pointers 70.230ms
[403.137s][info][gc,phases,start] GC(1213) Phase 4: Compact heap
[403.162s][info][gc,phases      ] GC(1213) Phase 4: Compact heap 25.758ms
[403.167s][info][gc,heap        ] GC(1213) Eden regions: 0->0(25)
[403.167s][info][gc,heap        ] GC(1213) Survivor regions: 0->0(0)
[403.167s][info][gc,heap        ] GC(1213) Old regions: 494->494
[403.167s][info][gc,heap        ] GC(1213) Archive regions: 2->2
[403.167s][info][gc,heap        ] GC(1213) Humongous regions: 16->16
[403.167s][info][gc,metaspace   ] GC(1213) Metaspace: 44325K(45568K)->44325K(45568K) NonClass: 39086K(39936K)->39086K(39936K) Class: 5238K(5632K)->5238K(5632K)
[403.167s][info][gc             ] GC(1213) Pause Full (G1 Evacuation Pause) 510M->510M(512M) 349.830ms
[403.169s][info][gc,cpu         ] GC(1213) User=2.49s Sys=0.04s Real=0.35s
[403.169s][info][gc,task        ] GC(1215) Using 8 workers of 8 for full compaction
[403.169s][info][gc,start       ] GC(1215) Pause Full (G1 Evacuation Pause)
[403.169s][info][gc,phases,start] GC(1215) Phase 1: Mark live objects
[403.390s][info][gc,phases      ] GC(1215) Phase 1: Mark live objects 221.294ms
[403.390s][info][gc,phases,start] GC(1215) Phase 2: Prepare for compaction
[403.420s][info][gc,phases      ] GC(1215) Phase 2: Prepare for compaction 30.166ms
[403.420s][info][gc,phases,start] GC(1215) Phase 3: Adjust pointers
[403.491s][info][gc,phases      ] GC(1215) Phase 3: Adjust pointers 70.801ms
[403.491s][info][gc,phases,start] GC(1215) Phase 4: Compact heap
[403.519s][info][gc,phases      ] GC(1215) Phase 4: Compact heap 27.777ms
[403.523s][info][gc,heap        ] GC(1215) Eden regions: 0->0(25)
[403.523s][info][gc,heap        ] GC(1215) Survivor regions: 0->0(0)
[403.523s][info][gc,heap        ] GC(1215) Old regions: 494->494
[403.523s][info][gc,heap        ] GC(1215) Archive regions: 2->2
[403.523s][info][gc,heap        ] GC(1215) Humongous regions: 16->16
[403.523s][info][gc,metaspace   ] GC(1215) Metaspace: 44325K(45568K)->44325K(45568K) NonClass: 39086K(39936K)->39086K(39936K) Class: 5238K(5632K)->5238K(5632K)
[403.523s][info][gc             ] GC(1215) Pause Full (G1 Evacuation Pause) 510M->510M(512M) 354.809ms
[403.525s][info][gc,cpu         ] GC(1215) User=2.48s Sys=0.03s Real=0.35s
[403.525s][info][gc,task        ] GC(1216) Using 8 workers of 8 for full compaction
[403.525s][info][gc,start       ] GC(1216) Pause Full (G1 Evacuation Pause)
[403.525s][info][gc,phases,start] GC(1216) Phase 1: Mark live objects
[403.749s][info][gc,phases      ] GC(1216) Phase 1: Mark live objects 224.011ms
[403.750s][info][gc,phases,start] GC(1216) Phase 2: Prepare for compaction
[403.780s][info][gc,phases      ] GC(1216) Phase 2: Prepare for compaction 30.536ms
[403.780s][info][gc,phases,start] GC(1216) Phase 3: Adjust pointers
[403.850s][info][gc,phases      ] GC(1216) Phase 3: Adjust pointers 69.897ms
[403.850s][info][gc,phases,start] GC(1216) Phase 4: Compact heap
[403.874s][info][gc,phases      ] GC(1216) Phase 4: Compact heap 23.649ms
[403.878s][info][gc,heap        ] GC(1216) Eden regions: 0->0(25)
[403.878s][info][gc,heap        ] GC(1216) Survivor regions: 0->0(0)
[403.878s][info][gc,heap        ] GC(1216) Old regions: 494->494
[403.878s][info][gc,heap        ] GC(1216) Archive regions: 2->2
[403.878s][info][gc,heap        ] GC(1216) Humongous regions: 16->16
[403.878s][info][gc,metaspace   ] GC(1216) Metaspace: 44325K(45568K)->44325K(45568K) NonClass: 39086K(39936K)->39086K(39936K) Class: 5238K(5632K)->5238K(5632K)
[403.878s][info][gc             ] GC(1216) Pause Full (G1 Evacuation Pause) 510M->510M(512M) 352.376ms
[403.879s][info][gc,cpu         ] GC(1216) User=2.46s Sys=0.03s Real=0.36s
[403.880s][info][gc,marking     ] GC(1214) Concurrent Mark From Roots 1062.022ms
[403.880s][info][gc,marking     ] GC(1214) Concurrent Mark Abort
[403.880s][info][gc             ] GC(1214) Concurrent Cycle 1062.237ms
[403.880s][info][gc,start       ] GC(1217) Pause Young (Normal) (G1 Evacuation Pause)
[403.880s][info][gc,task        ] GC(1217) Using 8 workers of 8 for evacuation
[403.880s][info][gc,phases      ] GC(1217)   Pre Evacuate Collection Set: 0.1ms
[403.880s][info][gc,phases      ] GC(1217)   Merge Heap Roots: 0.0ms
[403.880s][info][gc,phases      ] GC(1217)   Evacuate Collection Set: 0.2ms
[403.880s][info][gc,phases      ] GC(1217)   Post Evacuate Collection Set: 0.2ms
[403.880s][info][gc,phases      ] GC(1217)   Other: 0.1ms
[403.880s][info][gc,heap        ] GC(1217) Eden regions: 0->0(25)
[403.880s][info][gc,heap        ] GC(1217) Survivor regions: 0->0(0)
[403.880s][info][gc,heap        ] GC(1217) Old regions: 494->494
[403.880s][info][gc,heap        ] GC(1217) Archive regions: 2->2
[403.880s][info][gc,heap        ] GC(1217) Humongous regions: 16->16
[403.880s][info][gc,metaspace   ] GC(1217) Metaspace: 44325K(45568K)->44325K(45568K) NonClass: 39086K(39936K)->39086K(39936K) Class: 5238K(5632K)->5238K(5632K)
[403.880s][info][gc             ] GC(1217) Pause Young (Normal) (G1 Evacuation Pause) 510M->510M(512M) 0.743ms
[403.880s][info][gc,cpu         ] GC(1217) User=0.01s Sys=0.00s Real=0.00s
[403.880s][info][gc,ergo        ] Attempting maximally compacting collection
[403.880s][info][gc,task        ] GC(1218) Using 8 workers of 8 for full compaction
[403.880s][info][gc,start       ] GC(1218) Pause Full (G1 Evacuation Pause)
[403.881s][info][gc,phases,start] GC(1218) Phase 1: Mark live objects
[404.102s][info][gc,phases      ] GC(1218) Phase 1: Mark live objects 221.185ms
[404.102s][info][gc,phases,start] GC(1218) Phase 2: Prepare for compaction
[404.132s][info][gc,phases      ] GC(1218) Phase 2: Prepare for compaction 30.448ms
[404.132s][info][gc,phases,start] GC(1218) Phase 3: Adjust pointers
[404.204s][info][gc,phases      ] GC(1218) Phase 3: Adjust pointers 71.913ms
[404.204s][info][gc,phases,start] GC(1218) Phase 4: Compact heap
[404.229s][info][gc,phases      ] GC(1218) Phase 4: Compact heap 25.264ms
[404.234s][info][gc,heap        ] GC(1218) Eden regions: 0->0(25)
[404.234s][info][gc,heap        ] GC(1218) Survivor regions: 0->0(0)
[404.234s][info][gc,heap        ] GC(1218) Old regions: 494->494
[404.234s][info][gc,heap        ] GC(1218) Archive regions: 2->2
[404.234s][info][gc,heap        ] GC(1218) Humongous regions: 16->16
[404.234s][info][gc,metaspace   ] GC(1218) Metaspace: 44325K(45568K)->44325K(45568K) NonClass: 39086K(39936K)->39086K(39936K) Class: 5238K(5632K)->5238K(5632K)
[404.234s][info][gc             ] GC(1218) Pause Full (G1 Evacuation Pause) 510M->510M(512M) 353.198ms
[404.235s][info][gc,cpu         ] GC(1218) User=2.48s Sys=0.04s Real=0.35s
[404.235s][info][gc,task        ] GC(1219) Using 8 workers of 8 for full compaction
[404.235s][info][gc,start       ] GC(1219) Pause Full (G1 Evacuation Pause)
[404.235s][info][gc,phases,start] GC(1219) Phase 1: Mark live objects
[404.457s][info][gc,phases      ] GC(1219) Phase 1: Mark live objects 221.778ms
[404.457s][info][gc,phases,start] GC(1219) Phase 2: Prepare for compaction
[404.487s][info][gc,phases      ] GC(1219) Phase 2: Prepare for compaction 29.924ms
[404.487s][info][gc,phases,start] GC(1219) Phase 3: Adjust pointers
[404.559s][info][gc,phases      ] GC(1219) Phase 3: Adjust pointers 72.480ms
[404.560s][info][gc,phases,start] GC(1219) Phase 4: Compact heap
[404.584s][info][gc,phases      ] GC(1219) Phase 4: Compact heap 24.593ms
[404.588s][info][gc,heap        ] GC(1219) Eden regions: 0->0(25)
[404.588s][info][gc,heap        ] GC(1219) Survivor regions: 0->0(0)
[404.588s][info][gc,heap        ] GC(1219) Old regions: 494->494
[404.588s][info][gc,heap        ] GC(1219) Archive regions: 2->2
[404.588s][info][gc,heap        ] GC(1219) Humongous regions: 16->16
[404.588s][info][gc,metaspace   ] GC(1219) Metaspace: 44325K(45568K)->44325K(45568K) NonClass: 39086K(39936K)->39086K(39936K) Class: 5238K(5632K)->5238K(5632K)
[404.588s][info][gc             ] GC(1219) Pause Full (G1 Evacuation Pause) 510M->510M(512M) 353.093ms
[404.590s][info][gc,cpu         ] GC(1219) User=2.48s Sys=0.04s Real=0.36s
[404.590s][info][gc,task        ] GC(1220) Using 8 workers of 8 for full compaction
[404.590s][info][gc,start       ] GC(1220) Pause Full (G1 Evacuation Pause)
[404.590s][info][gc,phases,start] GC(1220) Phase 1: Mark live objects
[404.815s][info][gc,phases      ] GC(1220) Phase 1: Mark live objects 224.383ms
[404.815s][info][gc,phases,start] GC(1220) Phase 2: Prepare for compaction
[404.845s][info][gc,phases      ] GC(1220) Phase 2: Prepare for compaction 30.319ms
[404.845s][info][gc,phases,start] GC(1220) Phase 3: Adjust pointers
[404.915s][info][gc,phases      ] GC(1220) Phase 3: Adjust pointers 69.802ms
[404.915s][info][gc,phases,start] GC(1220) Phase 4: Compact heap
[404.942s][info][gc,phases      ] GC(1220) Phase 4: Compact heap 27.127ms
[404.946s][info][gc,heap        ] GC(1220) Eden regions: 0->0(25)
[404.946s][info][gc,heap        ] GC(1220) Survivor regions: 0->0(0)
[404.946s][info][gc,heap        ] GC(1220) Old regions: 494->494
[404.946s][info][gc,heap        ] GC(1220) Archive regions: 2->2
[404.946s][info][gc,heap        ] GC(1220) Humongous regions: 16->16
[404.946s][info][gc,metaspace   ] GC(1220) Metaspace: 44325K(45568K)->44325K(45568K) NonClass: 39086K(39936K)->39086K(39936K) Class: 5238K(5632K)->5238K(5632K)
[404.946s][info][gc             ] GC(1220) Pause Full (G1 Evacuation Pause) 510M->510M(512M) 355.962ms
[404.948s][info][gc,cpu         ] GC(1220) User=2.47s Sys=0.04s Real=0.36s
[404.948s][info][gc,start       ] GC(1221) Pause Young (Concurrent Start) (G1 Evacuation Pause)
[404.948s][info][gc,task        ] GC(1221) Using 8 workers of 8 for evacuation
[404.949s][info][gc,phases      ] GC(1221)   Pre Evacuate Collection Set: 0.1ms
[404.949s][info][gc,phases      ] GC(1221)   Merge Heap Roots: 0.0ms
[404.949s][info][gc,phases      ] GC(1221)   Evacuate Collection Set: 0.5ms
[404.949s][info][gc,phases      ] GC(1221)   Post Evacuate Collection Set: 0.2ms
[404.949s][info][gc,phases      ] GC(1221)   Other: 0.1ms
[404.949s][info][gc,heap        ] GC(1221) Eden regions: 0->0(25)
[404.949s][info][gc,heap        ] GC(1221) Survivor regions: 0->0(0)
[404.949s][info][gc,heap        ] GC(1221) Old regions: 494->494
[404.949s][info][gc,heap        ] GC(1221) Archive regions: 2->2
[404.949s][info][gc,heap        ] GC(1221) Humongous regions: 16->16
[404.949s][info][gc,metaspace   ] GC(1221) Metaspace: 44325K(45568K)->44325K(45568K) NonClass: 39086K(39936K)->39086K(39936K) Class: 5238K(5632K)->5238K(5632K)
[404.949s][info][gc             ] GC(1221) Pause Young (Concurrent Start) (G1 Evacuation Pause) 510M->510M(512M) 0.977ms
[404.949s][info][gc,cpu         ] GC(1221) User=0.00s Sys=0.00s Real=0.00s
[404.949s][info][gc,ergo        ] Attempting maximally compacting collection
[404.949s][info][gc,task        ] GC(1222) Using 8 workers of 8 for full compaction
[404.949s][info][gc,start       ] GC(1222) Pause Full (G1 Evacuation Pause)
[404.949s][info][gc             ] GC(1223) Concurrent Cycle
[404.949s][info][gc,marking     ] GC(1223) Concurrent Clear Claimed Marks
[404.949s][info][gc,marking     ] GC(1223) Concurrent Clear Claimed Marks 0.062ms
[404.950s][info][gc,marking     ] GC(1223) Concurrent Scan Root Regions
[404.950s][info][gc,marking     ] GC(1223) Concurrent Scan Root Regions 0.026ms
[404.950s][info][gc,marking     ] GC(1223) Concurrent Mark (404.950s)
[404.950s][info][gc,marking     ] GC(1223) Concurrent Mark From Roots
[404.950s][info][gc,task        ] GC(1223) Using 2 workers of 2 for marking
[404.950s][info][gc,phases,start] GC(1222) Phase 1: Mark live objects
[405.170s][info][gc,phases      ] GC(1222) Phase 1: Mark live objects 219.798ms
[405.170s][info][gc,phases,start] GC(1222) Phase 2: Prepare for compaction
[405.199s][info][gc,phases      ] GC(1222) Phase 2: Prepare for compaction 28.940ms
[405.199s][info][gc,phases,start] GC(1222) Phase 3: Adjust pointers
[405.275s][info][gc,phases      ] GC(1222) Phase 3: Adjust pointers 76.486ms
[405.275s][info][gc,phases,start] GC(1222) Phase 4: Compact heap
[405.301s][info][gc,phases      ] GC(1222) Phase 4: Compact heap 25.611ms
[405.305s][info][gc,heap        ] GC(1222) Eden regions: 0->0(25)
[405.305s][info][gc,heap        ] GC(1222) Survivor regions: 0->0(0)
[405.305s][info][gc,heap        ] GC(1222) Old regions: 494->494
[405.305s][info][gc,heap        ] GC(1222) Archive regions: 2->2
[405.305s][info][gc,heap        ] GC(1222) Humongous regions: 16->16
[405.305s][info][gc,metaspace   ] GC(1222) Metaspace: 44325K(45568K)->44325K(45568K) NonClass: 39086K(39936K)->39086K(39936K) Class: 5238K(5632K)->5238K(5632K)
[405.305s][info][gc             ] GC(1222) Pause Full (G1 Evacuation Pause) 510M->510M(512M) 355.724ms
[405.307s][info][gc,cpu         ] GC(1222) User=2.48s Sys=0.03s Real=0.36s
[405.307s][info][gc,task        ] GC(1224) Using 8 workers of 8 for full compaction
[405.307s][info][gc,start       ] GC(1224) Pause Full (G1 Evacuation Pause)
[405.307s][info][gc,phases,start] GC(1224) Phase 1: Mark live objects
[405.527s][info][gc,phases      ] GC(1224) Phase 1: Mark live objects 219.877ms
[405.527s][info][gc,phases,start] GC(1224) Phase 2: Prepare for compaction
[405.557s][info][gc,phases      ] GC(1224) Phase 2: Prepare for compaction 29.664ms
[405.557s][info][gc,phases,start] GC(1224) Phase 3: Adjust pointers
[405.630s][info][gc,phases      ] GC(1224) Phase 3: Adjust pointers 73.108ms
[405.630s][info][gc,phases,start] GC(1224) Phase 4: Compact heap
[405.659s][info][gc,phases      ] GC(1224) Phase 4: Compact heap 28.392ms
[405.663s][info][gc,heap        ] GC(1224) Eden regions: 0->0(25)
[405.663s][info][gc,heap        ] GC(1224) Survivor regions: 0->0(0)
[405.663s][info][gc,heap        ] GC(1224) Old regions: 494->494
[405.663s][info][gc,heap        ] GC(1224) Archive regions: 2->2
[405.663s][info][gc,heap        ] GC(1224) Humongous regions: 16->16
[405.663s][info][gc,metaspace   ] GC(1224) Metaspace: 44325K(45568K)->44325K(45568K) NonClass: 39086K(39936K)->39086K(39936K) Class: 5238K(5632K)->5238K(5632K)
[405.663s][info][gc             ] GC(1224) Pause Full (G1 Evacuation Pause) 510M->510M(512M) 355.385ms
[405.664s][info][gc,cpu         ] GC(1224) User=2.48s Sys=0.02s Real=0.35s
[405.664s][info][gc,task        ] GC(1225) Using 8 workers of 8 for full compaction
[405.664s][info][gc,start       ] GC(1225) Pause Full (G1 Evacuation Pause)
[405.664s][info][gc,phases,start] GC(1225) Phase 1: Mark live objects
[405.888s][info][gc,phases      ] GC(1225) Phase 1: Mark live objects 223.715ms
[405.888s][info][gc,phases,start] GC(1225) Phase 2: Prepare for compaction
[405.918s][info][gc,phases      ] GC(1225) Phase 2: Prepare for compaction 30.114ms
[405.918s][info][gc,phases,start] GC(1225) Phase 3: Adjust pointers
[406.009s][info][gc,phases      ] GC(1225) Phase 3: Adjust pointers 90.899ms
[406.009s][info][gc,phases,start] GC(1225) Phase 4: Compact heap
[406.049s][info][gc,phases      ] GC(1225) Phase 4: Compact heap 40.102ms
[406.054s][info][gc,heap        ] GC(1225) Eden regions: 0->0(25)
[406.054s][info][gc,heap        ] GC(1225) Survivor regions: 0->0(0)
[406.054s][info][gc,heap        ] GC(1225) Old regions: 494->494
[406.054s][info][gc,heap        ] GC(1225) Archive regions: 2->2
[406.054s][info][gc,heap        ] GC(1225) Humongous regions: 16->16
[406.054s][info][gc,metaspace   ] GC(1225) Metaspace: 44325K(45568K)->44325K(45568K) NonClass: 39086K(39936K)->39086K(39936K) Class: 5238K(5632K)->5238K(5632K)
[406.054s][info][gc             ] GC(1225) Pause Full (G1 Evacuation Pause) 510M->510M(512M) 390.191ms
[406.056s][info][gc,cpu         ] GC(1225) User=2.48s Sys=0.03s Real=0.40s
[406.057s][info][gc,marking     ] GC(1223) Concurrent Mark From Roots 1106.962ms
[406.057s][info][gc,marking     ] GC(1223) Concurrent Mark Abort
[406.057s][info][gc             ] GC(1223) Concurrent Cycle 1107.236ms
[406.057s][info][gc,start       ] GC(1226) Pause Young (Normal) (G1 Evacuation Pause)
[406.057s][info][gc,task        ] GC(1226) Using 8 workers of 8 for evacuation
[406.058s][info][gc,phases      ] GC(1226)   Pre Evacuate Collection Set: 0.1ms
[406.058s][info][gc,phases      ] GC(1226)   Merge Heap Roots: 0.0ms
[406.058s][info][gc,phases      ] GC(1226)   Evacuate Collection Set: 0.8ms
[406.058s][info][gc,phases      ] GC(1226)   Post Evacuate Collection Set: 0.2ms
[406.058s][info][gc,phases      ] GC(1226)   Other: 0.1ms
[406.058s][info][gc,heap        ] GC(1226) Eden regions: 0->0(25)
[406.058s][info][gc,heap        ] GC(1226) Survivor regions: 0->0(0)
[406.058s][info][gc,heap        ] GC(1226) Old regions: 494->494
[406.058s][info][gc,heap        ] GC(1226) Archive regions: 2->2
[406.058s][info][gc,heap        ] GC(1226) Humongous regions: 16->16
[406.058s][info][gc,metaspace   ] GC(1226) Metaspace: 44325K(45568K)->44325K(45568K) NonClass: 39086K(39936K)->39086K(39936K) Class: 5238K(5632K)->5238K(5632K)
[406.058s][info][gc             ] GC(1226) Pause Young (Normal) (G1 Evacuation Pause) 510M->510M(512M) 1.399ms
[406.058s][info][gc,cpu         ] GC(1226) User=0.00s Sys=0.00s Real=0.00s
[406.058s][info][gc,ergo        ] Attempting maximally compacting collection
[406.058s][info][gc,task        ] GC(1227) Using 8 workers of 8 for full compaction
[406.058s][info][gc,start       ] GC(1227) Pause Full (G1 Evacuation Pause)
[406.058s][info][gc,phases,start] GC(1227) Phase 1: Mark live objects
[406.345s][info][gc,phases      ] GC(1227) Phase 1: Mark live objects 286.420ms
[406.345s][info][gc,phases,start] GC(1227) Phase 2: Prepare for compaction
[406.375s][info][gc,phases      ] GC(1227) Phase 2: Prepare for compaction 30.405ms
[406.375s][info][gc,phases,start] GC(1227) Phase 3: Adjust pointers
[406.451s][info][gc,phases      ] GC(1227) Phase 3: Adjust pointers 75.524ms
[406.451s][info][gc,phases,start] GC(1227) Phase 4: Compact heap
[406.480s][info][gc,phases      ] GC(1227) Phase 4: Compact heap 29.504ms
[406.485s][info][gc,heap        ] GC(1227) Eden regions: 0->0(25)
[406.485s][info][gc,heap        ] GC(1227) Survivor regions: 0->0(0)
[406.485s][info][gc,heap        ] GC(1227) Old regions: 494->494
[406.485s][info][gc,heap        ] GC(1227) Archive regions: 2->2
[406.485s][info][gc,heap        ] GC(1227) Humongous regions: 16->16
[406.485s][info][gc,metaspace   ] GC(1227) Metaspace: 44325K(45568K)->44325K(45568K) NonClass: 39086K(39936K)->39086K(39936K) Class: 5238K(5632K)->5238K(5632K)
[406.485s][info][gc             ] GC(1227) Pause Full (G1 Evacuation Pause) 510M->510M(512M) 426.797ms
[406.486s][info][gc,cpu         ] GC(1227) User=2.52s Sys=0.04s Real=0.43s
[406.486s][info][gc,task        ] GC(1228) Using 8 workers of 8 for full compaction
[406.486s][info][gc,start       ] GC(1228) Pause Full (G1 Evacuation Pause)
[406.486s][info][gc,phases,start] GC(1228) Phase 1: Mark live objects
[406.714s][info][gc,phases      ] GC(1228) Phase 1: Mark live objects 227.657ms
[406.714s][info][gc,phases,start] GC(1228) Phase 2: Prepare for compaction
[406.745s][info][gc,phases      ] GC(1228) Phase 2: Prepare for compaction 30.695ms
[406.745s][info][gc,phases,start] GC(1228) Phase 3: Adjust pointers
[406.820s][info][gc,phases      ] GC(1228) Phase 3: Adjust pointers 75.093ms
[406.820s][info][gc,phases,start] GC(1228) Phase 4: Compact heap
[406.852s][info][gc,phases      ] GC(1228) Phase 4: Compact heap 31.774ms
[406.856s][info][gc,heap        ] GC(1228) Eden regions: 0->0(25)
[406.856s][info][gc,heap        ] GC(1228) Survivor regions: 0->0(0)
[406.856s][info][gc,heap        ] GC(1228) Old regions: 494->494
[406.856s][info][gc,heap        ] GC(1228) Archive regions: 2->2
[406.856s][info][gc,heap        ] GC(1228) Humongous regions: 16->16
[406.856s][info][gc,metaspace   ] GC(1228) Metaspace: 44325K(45568K)->44325K(45568K) NonClass: 39086K(39936K)->39086K(39936K) Class: 5238K(5632K)->5238K(5632K)
[406.856s][info][gc             ] GC(1228) Pause Full (G1 Evacuation Pause) 510M->510M(512M) 369.695ms
[406.858s][info][gc,cpu         ] GC(1228) User=2.55s Sys=0.02s Real=0.37s
[406.858s][info][gc,task        ] GC(1229) Using 8 workers of 8 for full compaction
[406.858s][info][gc,start       ] GC(1229) Pause Full (G1 Evacuation Pause)
[406.858s][info][gc,phases,start] GC(1229) Phase 1: Mark live objects
[407.086s][info][gc,phases      ] GC(1229) Phase 1: Mark live objects 227.798ms
[407.086s][info][gc,phases,start] GC(1229) Phase 2: Prepare for compaction
[407.116s][info][gc,phases      ] GC(1229) Phase 2: Prepare for compaction 30.265ms
[407.116s][info][gc,phases,start] GC(1229) Phase 3: Adjust pointers
[407.190s][info][gc,phases      ] GC(1229) Phase 3: Adjust pointers 74.208ms
[407.190s][info][gc,phases,start] GC(1229) Phase 4: Compact heap
[407.220s][info][gc,phases      ] GC(1229) Phase 4: Compact heap 29.813ms
[407.225s][info][gc,heap        ] GC(1229) Eden regions: 0->0(25)
[407.225s][info][gc,heap        ] GC(1229) Survivor regions: 0->0(0)
[407.225s][info][gc,heap        ] GC(1229) Old regions: 494->494
[407.225s][info][gc,heap        ] GC(1229) Archive regions: 2->2
[407.225s][info][gc,heap        ] GC(1229) Humongous regions: 16->16
[407.225s][info][gc,metaspace   ] GC(1229) Metaspace: 44325K(45568K)->44325K(45568K) NonClass: 39086K(39936K)->39086K(39936K) Class: 5238K(5632K)->5238K(5632K)
[407.225s][info][gc             ] GC(1229) Pause Full (G1 Evacuation Pause) 510M->510M(512M) 366.801ms
[407.226s][info][gc,cpu         ] GC(1229) User=2.55s Sys=0.03s Real=0.37s
[407.227s][info][gc,start       ] GC(1230) Pause Young (Concurrent Start) (G1 Evacuation Pause)
[407.227s][info][gc,task        ] GC(1230) Using 8 workers of 8 for evacuation
[407.228s][info][gc,phases      ] GC(1230)   Pre Evacuate Collection Set: 0.1ms
[407.228s][info][gc,phases      ] GC(1230)   Merge Heap Roots: 0.0ms
[407.228s][info][gc,phases      ] GC(1230)   Evacuate Collection Set: 0.5ms
[407.228s][info][gc,phases      ] GC(1230)   Post Evacuate Collection Set: 0.2ms
[407.228s][info][gc,phases      ] GC(1230)   Other: 0.1ms
[407.228s][info][gc,heap        ] GC(1230) Eden regions: 0->0(25)
[407.228s][info][gc,heap        ] GC(1230) Survivor regions: 0->0(0)
[407.228s][info][gc,heap        ] GC(1230) Old regions: 494->494
[407.228s][info][gc,heap        ] GC(1230) Archive regions: 2->2
[407.228s][info][gc,heap        ] GC(1230) Humongous regions: 16->16
[407.228s][info][gc,metaspace   ] GC(1230) Metaspace: 44325K(45568K)->44325K(45568K) NonClass: 39086K(39936K)->39086K(39936K) Class: 5238K(5632K)->5238K(5632K)
[407.228s][info][gc             ] GC(1230) Pause Young (Concurrent Start) (G1 Evacuation Pause) 510M->510M(512M) 1.063ms
[407.228s][info][gc,cpu         ] GC(1230) User=0.00s Sys=0.00s Real=0.00s
[407.228s][info][gc,ergo        ] Attempting maximally compacting collection
[407.228s][info][gc,task        ] GC(1231) Using 8 workers of 8 for full compaction
[407.228s][info][gc,start       ] GC(1231) Pause Full (G1 Evacuation Pause)
[407.228s][info][gc             ] GC(1232) Concurrent Cycle
[407.228s][info][gc,marking     ] GC(1232) Concurrent Clear Claimed Marks
[407.228s][info][gc,marking     ] GC(1232) Concurrent Clear Claimed Marks 0.052ms
[407.228s][info][gc,marking     ] GC(1232) Concurrent Scan Root Regions
[407.228s][info][gc,marking     ] GC(1232) Concurrent Scan Root Regions 0.027ms
[407.228s][info][gc,marking     ] GC(1232) Concurrent Mark (407.228s)
[407.228s][info][gc,marking     ] GC(1232) Concurrent Mark From Roots
[407.228s][info][gc,task        ] GC(1232) Using 2 workers of 2 for marking
[407.228s][info][gc,phases,start] GC(1231) Phase 1: Mark live objects
[407.455s][info][gc,phases      ] GC(1231) Phase 1: Mark live objects 226.550ms
[407.455s][info][gc,phases,start] GC(1231) Phase 2: Prepare for compaction
[407.485s][info][gc,phases      ] GC(1231) Phase 2: Prepare for compaction 29.834ms
[407.485s][info][gc,phases,start] GC(1231) Phase 3: Adjust pointers
[407.556s][info][gc,phases      ] GC(1231) Phase 3: Adjust pointers 71.381ms
[407.556s][info][gc,phases,start] GC(1231) Phase 4: Compact heap
[407.584s][info][gc,phases      ] GC(1231) Phase 4: Compact heap 27.407ms
[407.588s][info][gc,heap        ] GC(1231) Eden regions: 0->0(25)
[407.588s][info][gc,heap        ] GC(1231) Survivor regions: 0->0(0)
[407.588s][info][gc,heap        ] GC(1231) Old regions: 494->494
[407.588s][info][gc,heap        ] GC(1231) Archive regions: 2->2
[407.588s][info][gc,heap        ] GC(1231) Humongous regions: 16->16
[407.588s][info][gc,metaspace   ] GC(1231) Metaspace: 44325K(45568K)->44325K(45568K) NonClass: 39086K(39936K)->39086K(39936K) Class: 5238K(5632K)->5238K(5632K)
[407.588s][info][gc             ] GC(1231) Pause Full (G1 Evacuation Pause) 510M->510M(512M) 360.044ms
[407.589s][info][gc,cpu         ] GC(1231) User=2.52s Sys=0.04s Real=0.36s
[407.589s][info][gc,task        ] GC(1233) Using 8 workers of 8 for full compaction
[407.589s][info][gc,start       ] GC(1233) Pause Full (G1 Evacuation Pause)
[407.589s][info][gc,phases,start] GC(1233) Phase 1: Mark live objects
[407.813s][info][gc,phases      ] GC(1233) Phase 1: Mark live objects 224.088ms
[407.813s][info][gc,phases,start] GC(1233) Phase 2: Prepare for compaction
[407.843s][info][gc,phases      ] GC(1233) Phase 2: Prepare for compaction 29.395ms
[407.843s][info][gc,phases,start] GC(1233) Phase 3: Adjust pointers
[407.917s][info][gc,phases      ] GC(1233) Phase 3: Adjust pointers 74.310ms
[407.917s][info][gc,phases,start] GC(1233) Phase 4: Compact heap
[407.943s][info][gc,phases      ] GC(1233) Phase 4: Compact heap 25.702ms
[407.947s][info][gc,heap        ] GC(1233) Eden regions: 0->0(25)
[407.947s][info][gc,heap        ] GC(1233) Survivor regions: 0->0(0)
[407.947s][info][gc,heap        ] GC(1233) Old regions: 494->494
[407.947s][info][gc,heap        ] GC(1233) Archive regions: 2->2
[407.947s][info][gc,heap        ] GC(1233) Humongous regions: 16->16
[407.947s][info][gc,metaspace   ] GC(1233) Metaspace: 44325K(45568K)->44325K(45568K) NonClass: 39086K(39936K)->39086K(39936K) Class: 5238K(5632K)->5238K(5632K)
[407.947s][info][gc             ] GC(1233) Pause Full (G1 Evacuation Pause) 510M->510M(512M) 357.828ms
[407.948s][info][gc,cpu         ] GC(1233) User=2.49s Sys=0.04s Real=0.36s
[407.948s][info][gc,task        ] GC(1234) Using 8 workers of 8 for full compaction
[407.948s][info][gc,start       ] GC(1234) Pause Full (G1 Evacuation Pause)
[407.948s][info][gc,phases,start] GC(1234) Phase 1: Mark live objects
[408.168s][info][gc,phases      ] GC(1234) Phase 1: Mark live objects 219.946ms
[408.168s][info][gc,phases,start] GC(1234) Phase 2: Prepare for compaction
[408.197s][info][gc,phases      ] GC(1234) Phase 2: Prepare for compaction 29.330ms
[408.197s][info][gc,phases,start] GC(1234) Phase 3: Adjust pointers
[408.271s][info][gc,phases      ] GC(1234) Phase 3: Adjust pointers 74.085ms
[408.272s][info][gc,phases,start] GC(1234) Phase 4: Compact heap
[408.297s][info][gc,phases      ] GC(1234) Phase 4: Compact heap 25.271ms
[408.301s][info][gc,heap        ] GC(1234) Eden regions: 0->0(25)
[408.301s][info][gc,heap        ] GC(1234) Survivor regions: 0->0(0)
[408.301s][info][gc,heap        ] GC(1234) Old regions: 494->494
[408.301s][info][gc,heap        ] GC(1234) Archive regions: 2->2
[408.301s][info][gc,heap        ] GC(1234) Humongous regions: 16->16
[408.301s][info][gc,metaspace   ] GC(1234) Metaspace: 44325K(45568K)->44325K(45568K) NonClass: 39086K(39936K)->39086K(39936K) Class: 5238K(5632K)->5238K(5632K)
[408.301s][info][gc             ] GC(1234) Pause Full (G1 Evacuation Pause) 510M->510M(512M) 352.909ms
[408.303s][info][gc,cpu         ] GC(1234) User=2.48s Sys=0.03s Real=0.35s
[408.303s][info][gc,marking     ] GC(1232) Concurrent Mark From Roots 1075.006ms
[408.303s][info][gc,marking     ] GC(1232) Concurrent Mark Abort
[408.303s][info][gc             ] GC(1232) Concurrent Cycle 1075.251ms
[408.303s][info][gc,start       ] GC(1235) Pause Young (Normal) (G1 Evacuation Pause)
[408.303s][info][gc,task        ] GC(1235) Using 8 workers of 8 for evacuation
[408.304s][info][gc,phases      ] GC(1235)   Pre Evacuate Collection Set: 0.1ms
[408.304s][info][gc,phases      ] GC(1235)   Merge Heap Roots: 0.0ms
[408.304s][info][gc,phases      ] GC(1235)   Evacuate Collection Set: 0.2ms
[408.304s][info][gc,phases      ] GC(1235)   Post Evacuate Collection Set: 0.2ms
[408.304s][info][gc,phases      ] GC(1235)   Other: 0.1ms
[408.304s][info][gc,heap        ] GC(1235) Eden regions: 0->0(25)
[408.304s][info][gc,heap        ] GC(1235) Survivor regions: 0->0(0)
[408.304s][info][gc,heap        ] GC(1235) Old regions: 494->494
[408.304s][info][gc,heap        ] GC(1235) Archive regions: 2->2
[408.304s][info][gc,heap        ] GC(1235) Humongous regions: 16->16
[408.304s][info][gc,metaspace   ] GC(1235) Metaspace: 44325K(45568K)->44325K(45568K) NonClass: 39086K(39936K)->39086K(39936K) Class: 5238K(5632K)->5238K(5632K)
[408.304s][info][gc             ] GC(1235) Pause Young (Normal) (G1 Evacuation Pause) 510M->510M(512M) 0.650ms
[408.304s][info][gc,cpu         ] GC(1235) User=0.00s Sys=0.00s Real=0.00s
[408.304s][info][gc,ergo        ] Attempting maximally compacting collection
[408.304s][info][gc,task        ] GC(1236) Using 8 workers of 8 for full compaction
[408.304s][info][gc,start       ] GC(1236) Pause Full (G1 Evacuation Pause)
[408.304s][info][gc,phases,start] GC(1236) Phase 1: Mark live objects
[408.523s][info][gc,phases      ] GC(1236) Phase 1: Mark live objects 219.160ms
[408.523s][info][gc,phases,start] GC(1236) Phase 2: Prepare for compaction
[408.553s][info][gc,phases      ] GC(1236) Phase 2: Prepare for compaction 29.879ms
[408.553s][info][gc,phases,start] GC(1236) Phase 3: Adjust pointers
[408.625s][info][gc,phases      ] GC(1236) Phase 3: Adjust pointers 72.412ms
[408.625s][info][gc,phases,start] GC(1236) Phase 4: Compact heap
[408.651s][info][gc,phases      ] GC(1236) Phase 4: Compact heap 25.143ms
[408.655s][info][gc,heap        ] GC(1236) Eden regions: 0->0(25)
[408.655s][info][gc,heap        ] GC(1236) Survivor regions: 0->0(0)
[408.655s][info][gc,heap        ] GC(1236) Old regions: 494->494
[408.655s][info][gc,heap        ] GC(1236) Archive regions: 2->2
[408.655s][info][gc,heap        ] GC(1236) Humongous regions: 16->16
[408.655s][info][gc,metaspace   ] GC(1236) Metaspace: 44325K(45568K)->44325K(45568K) NonClass: 39086K(39936K)->39086K(39936K) Class: 5238K(5632K)->5238K(5632K)
[408.655s][info][gc             ] GC(1236) Pause Full (G1 Evacuation Pause) 510M->510M(512M) 350.894ms
[408.656s][info][gc,cpu         ] GC(1236) User=2.49s Sys=0.04s Real=0.36s
[408.656s][info][gc,task        ] GC(1237) Using 8 workers of 8 for full compaction
[408.656s][info][gc,start       ] GC(1237) Pause Full (G1 Evacuation Pause)
[408.656s][info][gc,phases,start] GC(1237) Phase 1: Mark live objects
[408.879s][info][gc,phases      ] GC(1237) Phase 1: Mark live objects 222.888ms
[408.879s][info][gc,phases,start] GC(1237) Phase 2: Prepare for compaction
[408.908s][info][gc,phases      ] GC(1237) Phase 2: Prepare for compaction 28.961ms
[408.908s][info][gc,phases,start] GC(1237) Phase 3: Adjust pointers
[408.980s][info][gc,phases      ] GC(1237) Phase 3: Adjust pointers 71.169ms
[408.980s][info][gc,phases,start] GC(1237) Phase 4: Compact heap
[409.009s][info][gc,phases      ] GC(1237) Phase 4: Compact heap 28.946ms
[409.013s][info][gc,heap        ] GC(1237) Eden regions: 0->0(25)
[409.013s][info][gc,heap        ] GC(1237) Survivor regions: 0->0(0)
[409.013s][info][gc,heap        ] GC(1237) Old regions: 494->494
[409.013s][info][gc,heap        ] GC(1237) Archive regions: 2->2
[409.013s][info][gc,heap        ] GC(1237) Humongous regions: 16->16
[409.013s][info][gc,metaspace   ] GC(1237) Metaspace: 44325K(45568K)->44325K(45568K) NonClass: 39086K(39936K)->39086K(39936K) Class: 5238K(5632K)->5238K(5632K)
[409.013s][info][gc             ] GC(1237) Pause Full (G1 Evacuation Pause) 510M->510M(512M) 356.283ms
[409.014s][info][gc,cpu         ] GC(1237) User=2.48s Sys=0.04s Real=0.35s
[409.014s][info][gc,task        ] GC(1238) Using 8 workers of 8 for full compaction
[409.014s][info][gc,start       ] GC(1238) Pause Full (G1 Evacuation Pause)
[409.014s][info][gc,phases,start] GC(1238) Phase 1: Mark live objects
[409.234s][info][gc,phases      ] GC(1238) Phase 1: Mark live objects 219.599ms
[409.234s][info][gc,phases,start] GC(1238) Phase 2: Prepare for compaction
[409.263s][info][gc,phases      ] GC(1238) Phase 2: Prepare for compaction 29.255ms
[409.263s][info][gc,phases,start] GC(1238) Phase 3: Adjust pointers
[409.337s][info][gc,phases      ] GC(1238) Phase 3: Adjust pointers 73.218ms
[409.337s][info][gc,phases,start] GC(1238) Phase 4: Compact heap
[409.363s][info][gc,phases      ] GC(1238) Phase 4: Compact heap 26.604ms
[409.367s][info][gc,heap        ] GC(1238) Eden regions: 0->0(25)
[409.367s][info][gc,heap        ] GC(1238) Survivor regions: 0->0(0)
[409.367s][info][gc,heap        ] GC(1238) Old regions: 494->494
[409.367s][info][gc,heap        ] GC(1238) Archive regions: 2->2
[409.367s][info][gc,heap        ] GC(1238) Humongous regions: 16->16
[409.367s][info][gc,metaspace   ] GC(1238) Metaspace: 44325K(45568K)->44325K(45568K) NonClass: 39086K(39936K)->39086K(39936K) Class: 5238K(5632K)->5238K(5632K)
[409.367s][info][gc             ] GC(1238) Pause Full (G1 Evacuation Pause) 510M->510M(512M) 353.005ms
[409.369s][info][gc,cpu         ] GC(1238) User=2.48s Sys=0.03s Real=0.36s
[409.369s][info][gc,start       ] GC(1239) Pause Young (Concurrent Start) (G1 Evacuation Pause)
[409.369s][info][gc,task        ] GC(1239) Using 8 workers of 8 for evacuation
[409.370s][info][gc,phases      ] GC(1239)   Pre Evacuate Collection Set: 0.1ms
[409.370s][info][gc,phases      ] GC(1239)   Merge Heap Roots: 0.0ms
[409.370s][info][gc,phases      ] GC(1239)   Evacuate Collection Set: 0.6ms
[409.370s][info][gc,phases      ] GC(1239)   Post Evacuate Collection Set: 0.2ms
[409.370s][info][gc,phases      ] GC(1239)   Other: 0.1ms
[409.370s][info][gc,heap        ] GC(1239) Eden regions: 0->0(25)
[409.370s][info][gc,heap        ] GC(1239) Survivor regions: 0->0(0)
[409.370s][info][gc,heap        ] GC(1239) Old regions: 494->494
[409.370s][info][gc,heap        ] GC(1239) Archive regions: 2->2
[409.370s][info][gc,heap        ] GC(1239) Humongous regions: 16->16
[409.370s][info][gc,metaspace   ] GC(1239) Metaspace: 44325K(45568K)->44325K(45568K) NonClass: 39086K(39936K)->39086K(39936K) Class: 5238K(5632K)->5238K(5632K)
[409.370s][info][gc             ] GC(1239) Pause Young (Concurrent Start) (G1 Evacuation Pause) 510M->510M(512M) 1.080ms
[409.370s][info][gc,cpu         ] GC(1239) User=0.00s Sys=0.00s Real=0.00s
[409.370s][info][gc,ergo        ] Attempting maximally compacting collection
[409.370s][info][gc,task        ] GC(1240) Using 8 workers of 8 for full compaction
[409.370s][info][gc             ] GC(1241) Concurrent Cycle
[409.370s][info][gc,start       ] GC(1240) Pause Full (G1 Evacuation Pause)
[409.370s][info][gc,marking     ] GC(1241) Concurrent Clear Claimed Marks
[409.370s][info][gc,marking     ] GC(1241) Concurrent Clear Claimed Marks 0.045ms
[409.370s][info][gc,marking     ] GC(1241) Concurrent Scan Root Regions
[409.370s][info][gc,marking     ] GC(1241) Concurrent Scan Root Regions 0.007ms
[409.370s][info][gc,marking     ] GC(1241) Concurrent Mark (409.370s)
[409.370s][info][gc,marking     ] GC(1241) Concurrent Mark From Roots
[409.370s][info][gc,task        ] GC(1241) Using 2 workers of 2 for marking
[409.371s][info][gc,phases,start] GC(1240) Phase 1: Mark live objects
[409.596s][info][gc,phases      ] GC(1240) Phase 1: Mark live objects 225.081ms
[409.596s][info][gc,phases,start] GC(1240) Phase 2: Prepare for compaction
[409.625s][info][gc,phases      ] GC(1240) Phase 2: Prepare for compaction 28.560ms
[409.625s][info][gc,phases,start] GC(1240) Phase 3: Adjust pointers
[409.699s][info][gc,phases      ] GC(1240) Phase 3: Adjust pointers 73.959ms
[409.699s][info][gc,phases,start] GC(1240) Phase 4: Compact heap
[409.727s][info][gc,phases      ] GC(1240) Phase 4: Compact heap 28.596ms
[409.731s][info][gc,heap        ] GC(1240) Eden regions: 0->0(25)
[409.731s][info][gc,heap        ] GC(1240) Survivor regions: 0->0(0)
[409.731s][info][gc,heap        ] GC(1240) Old regions: 494->494
[409.731s][info][gc,heap        ] GC(1240) Archive regions: 2->2
[409.731s][info][gc,heap        ] GC(1240) Humongous regions: 16->16
[409.731s][info][gc,metaspace   ] GC(1240) Metaspace: 44325K(45568K)->44325K(45568K) NonClass: 39086K(39936K)->39086K(39936K) Class: 5238K(5632K)->5238K(5632K)
[409.731s][info][gc             ] GC(1240) Pause Full (G1 Evacuation Pause) 510M->510M(512M) 361.068ms
[409.734s][info][gc,cpu         ] GC(1240) User=2.48s Sys=0.02s Real=0.36s
[409.734s][info][gc,task        ] GC(1242) Using 8 workers of 8 for full compaction
[409.734s][info][gc,start       ] GC(1242) Pause Full (G1 Evacuation Pause)
[409.734s][info][gc,phases,start] GC(1242) Phase 1: Mark live objects
[409.957s][info][gc,phases      ] GC(1242) Phase 1: Mark live objects 223.599ms
[409.957s][info][gc,phases,start] GC(1242) Phase 2: Prepare for compaction
[409.987s][info][gc,phases      ] GC(1242) Phase 2: Prepare for compaction 29.866ms
[409.987s][info][gc,phases,start] GC(1242) Phase 3: Adjust pointers
[410.057s][info][gc,phases      ] GC(1242) Phase 3: Adjust pointers 70.214ms
[410.058s][info][gc,phases,start] GC(1242) Phase 4: Compact heap
[410.086s][info][gc,phases      ] GC(1242) Phase 4: Compact heap 28.396ms
[410.090s][info][gc,heap        ] GC(1242) Eden regions: 0->0(25)
[410.090s][info][gc,heap        ] GC(1242) Survivor regions: 0->0(0)
[410.090s][info][gc,heap        ] GC(1242) Old regions: 494->494
[410.090s][info][gc,heap        ] GC(1242) Archive regions: 2->2
[410.090s][info][gc,heap        ] GC(1242) Humongous regions: 16->16
[410.090s][info][gc,metaspace   ] GC(1242) Metaspace: 44325K(45568K)->44325K(45568K) NonClass: 39086K(39936K)->39086K(39936K) Class: 5238K(5632K)->5238K(5632K)
[410.090s][info][gc             ] GC(1242) Pause Full (G1 Evacuation Pause) 510M->510M(512M) 356.394ms
[410.091s][info][gc,cpu         ] GC(1242) User=2.48s Sys=0.04s Real=0.36s
[410.091s][info][gc,task        ] GC(1243) Using 8 workers of 8 for full compaction
[410.091s][info][gc,start       ] GC(1243) Pause Full (G1 Evacuation Pause)
[410.091s][info][gc,phases,start] GC(1243) Phase 1: Mark live objects
[410.310s][info][gc,phases      ] GC(1243) Phase 1: Mark live objects 218.740ms
[410.310s][info][gc,phases,start] GC(1243) Phase 2: Prepare for compaction
[410.340s][info][gc,phases      ] GC(1243) Phase 2: Prepare for compaction 29.828ms
[410.340s][info][gc,phases,start] GC(1243) Phase 3: Adjust pointers
[410.411s][info][gc,phases      ] GC(1243) Phase 3: Adjust pointers 71.124ms
[410.411s][info][gc,phases,start] GC(1243) Phase 4: Compact heap
[410.437s][info][gc,phases      ] GC(1243) Phase 4: Compact heap 25.536ms
[410.441s][info][gc,heap        ] GC(1243) Eden regions: 0->0(25)
[410.441s][info][gc,heap        ] GC(1243) Survivor regions: 0->0(0)
[410.441s][info][gc,heap        ] GC(1243) Old regions: 494->494
[410.441s][info][gc,heap        ] GC(1243) Archive regions: 2->2
[410.441s][info][gc,heap        ] GC(1243) Humongous regions: 16->16
[410.441s][info][gc,metaspace   ] GC(1243) Metaspace: 44325K(45568K)->44325K(45568K) NonClass: 39086K(39936K)->39086K(39936K) Class: 5238K(5632K)->5238K(5632K)
[410.441s][info][gc             ] GC(1243) Pause Full (G1 Evacuation Pause) 510M->510M(512M) 349.571ms
[410.442s][info][gc,cpu         ] GC(1243) User=2.48s Sys=0.03s Real=0.35s
[410.443s][info][gc,marking     ] GC(1241) Concurrent Mark From Roots 1072.141ms
[410.443s][info][gc,start       ] GC(1244) Pause Young (Normal) (G1 Evacuation Pause)
[410.443s][info][gc,task        ] GC(1244) Using 8 workers of 8 for evacuation
[410.443s][info][gc,phases      ] GC(1244)   Pre Evacuate Collection Set: 0.1ms
[410.443s][info][gc,phases      ] GC(1244)   Merge Heap Roots: 0.0ms
[410.443s][info][gc,phases      ] GC(1244)   Evacuate Collection Set: 0.2ms
[410.443s][info][gc,phases      ] GC(1244)   Post Evacuate Collection Set: 0.2ms
[410.443s][info][gc,phases      ] GC(1244)   Other: 0.1ms
[410.443s][info][gc,heap        ] GC(1244) Eden regions: 0->0(25)
[410.443s][info][gc,heap        ] GC(1244) Survivor regions: 0->0(0)
[410.443s][info][gc,heap        ] GC(1244) Old regions: 494->494
[410.443s][info][gc,heap        ] GC(1244) Archive regions: 2->2
[410.443s][info][gc,heap        ] GC(1244) Humongous regions: 16->16
[410.443s][info][gc,metaspace   ] GC(1244) Metaspace: 44325K(45568K)->44325K(45568K) NonClass: 39086K(39936K)->39086K(39936K) Class: 5238K(5632K)->5238K(5632K)
[410.443s][info][gc             ] GC(1244) Pause Young (Normal) (G1 Evacuation Pause) 510M->510M(512M) 0.605ms
[410.443s][info][gc,cpu         ] GC(1244) User=0.00s Sys=0.00s Real=0.00s
[410.443s][info][gc,ergo        ] Attempting maximally compacting collection
[410.443s][info][gc,task        ] GC(1245) Using 8 workers of 8 for full compaction
[410.443s][info][gc,start       ] GC(1245) Pause Full (G1 Evacuation Pause)
[410.443s][info][gc,phases,start] GC(1245) Phase 1: Mark live objects
[410.663s][info][gc,phases      ] GC(1245) Phase 1: Mark live objects 219.200ms
[410.663s][info][gc,phases,start] GC(1245) Phase 2: Prepare for compaction
[410.694s][info][gc,phases      ] GC(1245) Phase 2: Prepare for compaction 31.337ms
[410.694s][info][gc,phases,start] GC(1245) Phase 3: Adjust pointers
[410.766s][info][gc,phases      ] GC(1245) Phase 3: Adjust pointers 71.813ms
[410.766s][info][gc,phases,start] GC(1245) Phase 4: Compact heap
[410.795s][info][gc,phases      ] GC(1245) Phase 4: Compact heap 29.374ms
[410.799s][info][gc,heap        ] GC(1245) Eden regions: 0->0(25)
[410.799s][info][gc,heap        ] GC(1245) Survivor regions: 0->0(0)
[410.799s][info][gc,heap        ] GC(1245) Old regions: 494->494
[410.799s][info][gc,heap        ] GC(1245) Archive regions: 2->2
[410.799s][info][gc,heap        ] GC(1245) Humongous regions: 16->16
[410.799s][info][gc,metaspace   ] GC(1245) Metaspace: 44325K(45568K)->44325K(45568K) NonClass: 39086K(39936K)->39086K(39936K) Class: 5238K(5632K)->5238K(5632K)
[410.799s][info][gc             ] GC(1245) Pause Full (G1 Evacuation Pause) 510M->510M(512M) 356.028ms
[410.801s][info][gc,cpu         ] GC(1245) User=2.48s Sys=0.03s Real=0.36s
[410.801s][info][gc,task        ] GC(1246) Using 8 workers of 8 for full compaction
[410.801s][info][gc,start       ] GC(1246) Pause Full (G1 Evacuation Pause)
[410.801s][info][gc,phases,start] GC(1246) Phase 1: Mark live objects
[411.057s][info][gc,phases      ] GC(1246) Phase 1: Mark live objects 255.670ms
[411.057s][info][gc,phases,start] GC(1246) Phase 2: Prepare for compaction
[411.098s][info][gc,phases      ] GC(1246) Phase 2: Prepare for compaction 41.312ms
[411.098s][info][gc,phases,start] GC(1246) Phase 3: Adjust pointers
[411.208s][info][gc,phases      ] GC(1246) Phase 3: Adjust pointers 109.822ms
[411.208s][info][gc,phases,start] GC(1246) Phase 4: Compact heap
[411.243s][info][gc,phases      ] GC(1246) Phase 4: Compact heap 34.916ms
[411.250s][info][gc,heap        ] GC(1246) Eden regions: 0->0(25)
[411.250s][info][gc,heap        ] GC(1246) Survivor regions: 0->0(0)
[411.250s][info][gc,heap        ] GC(1246) Old regions: 494->494
[411.250s][info][gc,heap        ] GC(1246) Archive regions: 2->2
[411.250s][info][gc,heap        ] GC(1246) Humongous regions: 16->16
[411.250s][info][gc,metaspace   ] GC(1246) Metaspace: 44325K(45568K)->44325K(45568K) NonClass: 39086K(39936K)->39086K(39936K) Class: 5238K(5632K)->5238K(5632K)
[411.250s][info][gc             ] GC(1246) Pause Full (G1 Evacuation Pause) 510M->510M(512M) 448.695ms
[411.251s][info][gc,cpu         ] GC(1246) User=2.44s Sys=0.03s Real=0.45s
[411.251s][info][gc,task        ] GC(1247) Using 8 workers of 8 for full compaction
[411.252s][info][gc,start       ] GC(1247) Pause Full (G1 Evacuation Pause)
[411.252s][info][gc,phases,start] GC(1247) Phase 1: Mark live objects
[411.474s][info][gc,phases      ] GC(1247) Phase 1: Mark live objects 222.561ms
[411.474s][info][gc,phases,start] GC(1247) Phase 2: Prepare for compaction
[411.505s][info][gc,phases      ] GC(1247) Phase 2: Prepare for compaction 30.370ms
[411.505s][info][gc,phases,start] GC(1247) Phase 3: Adjust pointers
[411.575s][info][gc,phases      ] GC(1247) Phase 3: Adjust pointers 70.588ms
[411.575s][info][gc,phases,start] GC(1247) Phase 4: Compact heap
[411.599s][info][gc,phases      ] GC(1247) Phase 4: Compact heap 24.283ms
[411.604s][info][gc,heap        ] GC(1247) Eden regions: 0->0(25)
[411.604s][info][gc,heap        ] GC(1247) Survivor regions: 0->0(0)
[411.604s][info][gc,heap        ] GC(1247) Old regions: 494->494
[411.604s][info][gc,heap        ] GC(1247) Archive regions: 2->2
[411.604s][info][gc,heap        ] GC(1247) Humongous regions: 16->16
[411.604s][info][gc,metaspace   ] GC(1247) Metaspace: 44325K(45568K)->44325K(45568K) NonClass: 39086K(39936K)->39086K(39936K) Class: 5238K(5632K)->5238K(5632K)
[411.604s][info][gc             ] GC(1247) Pause Full (G1 Evacuation Pause) 510M->510M(512M) 352.128ms
[411.605s][info][gc,cpu         ] GC(1247) User=2.48s Sys=0.03s Real=0.35s
[411.605s][info][gc,marking     ] GC(1241) Concurrent Mark Abort
[411.605s][info][gc             ] GC(1241) Concurrent Cycle 2235.144ms
[411.606s][info][gc,start       ] GC(1248) Pause Young (Normal) (G1 Evacuation Pause)
[411.606s][info][gc,task        ] GC(1248) Using 8 workers of 8 for evacuation
[411.606s][info][gc,phases      ] GC(1248)   Pre Evacuate Collection Set: 0.1ms
[411.606s][info][gc,phases      ] GC(1248)   Merge Heap Roots: 0.0ms
[411.606s][info][gc,phases      ] GC(1248)   Evacuate Collection Set: 0.2ms
[411.606s][info][gc,phases      ] GC(1248)   Post Evacuate Collection Set: 0.1ms
[411.606s][info][gc,phases      ] GC(1248)   Other: 0.1ms
[411.606s][info][gc,heap        ] GC(1248) Eden regions: 0->0(25)
[411.606s][info][gc,heap        ] GC(1248) Survivor regions: 0->0(0)
[411.606s][info][gc,heap        ] GC(1248) Old regions: 494->494
[411.606s][info][gc,heap        ] GC(1248) Archive regions: 2->2
[411.606s][info][gc,heap        ] GC(1248) Humongous regions: 16->16
[411.606s][info][gc,metaspace   ] GC(1248) Metaspace: 44325K(45568K)->44325K(45568K) NonClass: 39086K(39936K)->39086K(39936K) Class: 5238K(5632K)->5238K(5632K)
[411.606s][info][gc             ] GC(1248) Pause Young (Normal) (G1 Evacuation Pause) 510M->510M(512M) 0.577ms
[411.606s][info][gc,cpu         ] GC(1248) User=0.00s Sys=0.00s Real=0.00s
[411.606s][info][gc,ergo        ] Attempting maximally compacting collection
[411.606s][info][gc,task        ] GC(1249) Using 8 workers of 8 for full compaction
[411.606s][info][gc,start       ] GC(1249) Pause Full (G1 Evacuation Pause)
[411.606s][info][gc,phases,start] GC(1249) Phase 1: Mark live objects
[411.856s][info][gc,phases      ] GC(1249) Phase 1: Mark live objects 249.771ms
[411.856s][info][gc,phases,start] GC(1249) Phase 2: Prepare for compaction
[411.891s][info][gc,phases      ] GC(1249) Phase 2: Prepare for compaction 34.471ms
[411.891s][info][gc,phases,start] GC(1249) Phase 3: Adjust pointers
[411.967s][info][gc,phases      ] GC(1249) Phase 3: Adjust pointers 76.895ms
[411.968s][info][gc,phases,start] GC(1249) Phase 4: Compact heap
[412.000s][info][gc,phases      ] GC(1249) Phase 4: Compact heap 32.015ms
[412.004s][info][gc,heap        ] GC(1249) Eden regions: 0->0(25)
[412.004s][info][gc,heap        ] GC(1249) Survivor regions: 0->0(0)
[412.004s][info][gc,heap        ] GC(1249) Old regions: 494->494
[412.004s][info][gc,heap        ] GC(1249) Archive regions: 2->2
[412.004s][info][gc,heap        ] GC(1249) Humongous regions: 16->16
[412.004s][info][gc,metaspace   ] GC(1249) Metaspace: 44325K(45568K)->44325K(45568K) NonClass: 39086K(39936K)->39086K(39936K) Class: 5238K(5632K)->5238K(5632K)
[412.004s][info][gc             ] GC(1249) Pause Full (G1 Evacuation Pause) 510M->510M(512M) 397.565ms
[412.006s][info][gc,cpu         ] GC(1249) User=2.66s Sys=0.03s Real=0.40s
[412.006s][info][gc,task        ] GC(1250) Using 8 workers of 8 for full compaction
[412.006s][info][gc,start       ] GC(1250) Pause Full (G1 Evacuation Pause)
[412.006s][info][gc,phases,start] GC(1250) Phase 1: Mark live objects
[412.234s][info][gc,phases      ] GC(1250) Phase 1: Mark live objects 227.839ms
[412.234s][info][gc,phases,start] GC(1250) Phase 2: Prepare for compaction
[412.265s][info][gc,phases      ] GC(1250) Phase 2: Prepare for compaction 30.530ms
[412.265s][info][gc,phases,start] GC(1250) Phase 3: Adjust pointers
[412.339s][info][gc,phases      ] GC(1250) Phase 3: Adjust pointers 74.463ms
[412.339s][info][gc,phases,start] GC(1250) Phase 4: Compact heap
[412.370s][info][gc,phases      ] GC(1250) Phase 4: Compact heap 30.411ms
[412.374s][info][gc,heap        ] GC(1250) Eden regions: 0->0(25)
[412.374s][info][gc,heap        ] GC(1250) Survivor regions: 0->0(0)
[412.374s][info][gc,heap        ] GC(1250) Old regions: 494->494
[412.374s][info][gc,heap        ] GC(1250) Archive regions: 2->2
[412.374s][info][gc,heap        ] GC(1250) Humongous regions: 16->16
[412.374s][info][gc,metaspace   ] GC(1250) Metaspace: 44325K(45568K)->44325K(45568K) NonClass: 39086K(39936K)->39086K(39936K) Class: 5238K(5632K)->5238K(5632K)
[412.374s][info][gc             ] GC(1250) Pause Full (G1 Evacuation Pause) 510M->510M(512M) 367.667ms
[412.376s][info][gc,cpu         ] GC(1250) User=2.54s Sys=0.04s Real=0.37s
[412.376s][info][gc,task        ] GC(1251) Using 8 workers of 8 for full compaction
[412.376s][info][gc,start       ] GC(1251) Pause Full (G1 Evacuation Pause)
[412.376s][info][gc,phases,start] GC(1251) Phase 1: Mark live objects
[412.602s][info][gc,phases      ] GC(1251) Phase 1: Mark live objects 225.942ms
[412.602s][info][gc,phases,start] GC(1251) Phase 2: Prepare for compaction
[412.634s][info][gc,phases      ] GC(1251) Phase 2: Prepare for compaction 31.929ms
[412.634s][info][gc,phases,start] GC(1251) Phase 3: Adjust pointers
[412.711s][info][gc,phases      ] GC(1251) Phase 3: Adjust pointers 76.894ms
[412.711s][info][gc,phases,start] GC(1251) Phase 4: Compact heap
[412.737s][info][gc,phases      ] GC(1251) Phase 4: Compact heap 26.499ms
[412.742s][info][gc,heap        ] GC(1251) Eden regions: 0->0(25)
[412.742s][info][gc,heap        ] GC(1251) Survivor regions: 0->0(0)
[412.742s][info][gc,heap        ] GC(1251) Old regions: 494->494
[412.742s][info][gc,heap        ] GC(1251) Archive regions: 2->2
[412.742s][info][gc,heap        ] GC(1251) Humongous regions: 16->16
[412.742s][info][gc,metaspace   ] GC(1251) Metaspace: 44325K(45568K)->44325K(45568K) NonClass: 39086K(39936K)->39086K(39936K) Class: 5238K(5632K)->5238K(5632K)
[412.742s][info][gc             ] GC(1251) Pause Full (G1 Evacuation Pause) 510M->510M(512M) 365.897ms
[412.743s][info][gc,cpu         ] GC(1251) User=2.56s Sys=0.04s Real=0.36s
[412.744s][info][gc,start       ] GC(1252) Pause Young (Concurrent Start) (G1 Evacuation Pause)
[412.744s][info][gc,task        ] GC(1252) Using 8 workers of 8 for evacuation
[412.745s][info][gc,phases      ] GC(1252)   Pre Evacuate Collection Set: 0.1ms
[412.745s][info][gc,phases      ] GC(1252)   Merge Heap Roots: 0.0ms
[412.745s][info][gc,phases      ] GC(1252)   Evacuate Collection Set: 0.5ms
[412.745s][info][gc,phases      ] GC(1252)   Post Evacuate Collection Set: 0.2ms
[412.745s][info][gc,phases      ] GC(1252)   Other: 0.1ms
[412.745s][info][gc,heap        ] GC(1252) Eden regions: 0->0(25)
[412.745s][info][gc,heap        ] GC(1252) Survivor regions: 0->0(0)
[412.745s][info][gc,heap        ] GC(1252) Old regions: 494->494
[412.745s][info][gc,heap        ] GC(1252) Archive regions: 2->2
[412.745s][info][gc,heap        ] GC(1252) Humongous regions: 16->16
[412.745s][info][gc,metaspace   ] GC(1252) Metaspace: 44325K(45568K)->44325K(45568K) NonClass: 39086K(39936K)->39086K(39936K) Class: 5238K(5632K)->5238K(5632K)
[412.745s][info][gc             ] GC(1252) Pause Young (Concurrent Start) (G1 Evacuation Pause) 510M->510M(512M) 1.018ms
[412.745s][info][gc,cpu         ] GC(1252) User=0.00s Sys=0.00s Real=0.00s
[412.745s][info][gc,ergo        ] Attempting maximally compacting collection
[412.745s][info][gc,task        ] GC(1253) Using 8 workers of 8 for full compaction
[412.745s][info][gc,start       ] GC(1253) Pause Full (G1 Evacuation Pause)
[412.745s][info][gc             ] GC(1254) Concurrent Cycle
[412.745s][info][gc,marking     ] GC(1254) Concurrent Clear Claimed Marks
[412.745s][info][gc,marking     ] GC(1254) Concurrent Clear Claimed Marks 0.078ms
[412.745s][info][gc,marking     ] GC(1254) Concurrent Scan Root Regions
[412.745s][info][gc,marking     ] GC(1254) Concurrent Scan Root Regions 0.027ms
[412.745s][info][gc,marking     ] GC(1254) Concurrent Mark (412.745s)
[412.745s][info][gc,marking     ] GC(1254) Concurrent Mark From Roots
[412.745s][info][gc,task        ] GC(1254) Using 2 workers of 2 for marking
[412.745s][info][gc,phases,start] GC(1253) Phase 1: Mark live objects
[412.973s][info][gc,phases      ] GC(1253) Phase 1: Mark live objects 228.010ms
[412.973s][info][gc,phases,start] GC(1253) Phase 2: Prepare for compaction
[413.003s][info][gc,phases      ] GC(1253) Phase 2: Prepare for compaction 29.515ms
[413.003s][info][gc,phases,start] GC(1253) Phase 3: Adjust pointers
[413.077s][info][gc,phases      ] GC(1253) Phase 3: Adjust pointers 73.456ms
[413.077s][info][gc,phases,start] GC(1253) Phase 4: Compact heap
[413.101s][info][gc,phases      ] GC(1253) Phase 4: Compact heap 24.882ms
[413.105s][info][gc,heap        ] GC(1253) Eden regions: 0->0(25)
[413.105s][info][gc,heap        ] GC(1253) Survivor regions: 0->0(0)
[413.105s][info][gc,heap        ] GC(1253) Old regions: 494->494
[413.105s][info][gc,heap        ] GC(1253) Archive regions: 2->2
[413.106s][info][gc,heap        ] GC(1253) Humongous regions: 16->16
[413.106s][info][gc,metaspace   ] GC(1253) Metaspace: 44325K(45568K)->44325K(45568K) NonClass: 39086K(39936K)->39086K(39936K) Class: 5238K(5632K)->5238K(5632K)
[413.106s][info][gc             ] GC(1253) Pause Full (G1 Evacuation Pause) 510M->510M(512M) 360.713ms
[413.107s][info][gc,cpu         ] GC(1253) User=2.55s Sys=0.03s Real=0.37s
[413.107s][info][gc,task        ] GC(1255) Using 8 workers of 8 for full compaction
[413.107s][info][gc,start       ] GC(1255) Pause Full (G1 Evacuation Pause)
[413.107s][info][gc,phases,start] GC(1255) Phase 1: Mark live objects
[413.329s][info][gc,phases      ] GC(1255) Phase 1: Mark live objects 222.221ms
[413.329s][info][gc,phases,start] GC(1255) Phase 2: Prepare for compaction
[413.358s][info][gc,phases      ] GC(1255) Phase 2: Prepare for compaction 28.867ms
[413.358s][info][gc,phases,start] GC(1255) Phase 3: Adjust pointers
[413.430s][info][gc,phases      ] GC(1255) Phase 3: Adjust pointers 72.461ms
[413.430s][info][gc,phases,start] GC(1255) Phase 4: Compact heap
[413.456s][info][gc,phases      ] GC(1255) Phase 4: Compact heap 25.888ms
[413.461s][info][gc,heap        ] GC(1255) Eden regions: 0->0(25)
[413.461s][info][gc,heap        ] GC(1255) Survivor regions: 0->0(0)
[413.461s][info][gc,heap        ] GC(1255) Old regions: 494->494
[413.461s][info][gc,heap        ] GC(1255) Archive regions: 2->2
[413.461s][info][gc,heap        ] GC(1255) Humongous regions: 16->16
[413.461s][info][gc,metaspace   ] GC(1255) Metaspace: 44325K(45568K)->44325K(45568K) NonClass: 39086K(39936K)->39086K(39936K) Class: 5238K(5632K)->5238K(5632K)
[413.461s][info][gc             ] GC(1255) Pause Full (G1 Evacuation Pause) 510M->510M(512M) 354.120ms
[413.462s][info][gc,cpu         ] GC(1255) User=2.48s Sys=0.04s Real=0.35s
[413.462s][info][gc,task        ] GC(1256) Using 8 workers of 8 for full compaction
[413.462s][info][gc,start       ] GC(1256) Pause Full (G1 Evacuation Pause)
[413.462s][info][gc,phases,start] GC(1256) Phase 1: Mark live objects
[413.686s][info][gc,phases      ] GC(1256) Phase 1: Mark live objects 224.137ms
[413.686s][info][gc,phases,start] GC(1256) Phase 2: Prepare for compaction
[413.718s][info][gc,phases      ] GC(1256) Phase 2: Prepare for compaction 31.287ms
[413.718s][info][gc,phases,start] GC(1256) Phase 3: Adjust pointers
[413.789s][info][gc,phases      ] GC(1256) Phase 3: Adjust pointers 71.502ms
[413.789s][info][gc,phases,start] GC(1256) Phase 4: Compact heap
[413.817s][info][gc,phases      ] GC(1256) Phase 4: Compact heap 27.276ms
[413.821s][info][gc,heap        ] GC(1256) Eden regions: 0->0(25)
[413.821s][info][gc,heap        ] GC(1256) Survivor regions: 0->0(0)
[413.821s][info][gc,heap        ] GC(1256) Old regions: 494->494
[413.821s][info][gc,heap        ] GC(1256) Archive regions: 2->2
[413.821s][info][gc,heap        ] GC(1256) Humongous regions: 16->16
[413.821s][info][gc,metaspace   ] GC(1256) Metaspace: 44325K(45568K)->44325K(45568K) NonClass: 39086K(39936K)->39086K(39936K) Class: 5238K(5632K)->5238K(5632K)
[413.821s][info][gc             ] GC(1256) Pause Full (G1 Evacuation Pause) 510M->510M(512M) 358.455ms
[413.822s][info][gc,cpu         ] GC(1256) User=2.47s Sys=0.03s Real=0.36s
[413.822s][info][gc,marking     ] GC(1254) Concurrent Mark From Roots 1076.910ms
[413.822s][info][gc,marking     ] GC(1254) Concurrent Mark Abort
[413.822s][info][gc             ] GC(1254) Concurrent Cycle 1077.172ms
[413.822s][info][gc,start       ] GC(1257) Pause Young (Normal) (G1 Evacuation Pause)
[413.822s][info][gc,task        ] GC(1257) Using 8 workers of 8 for evacuation
[413.823s][info][gc,phases      ] GC(1257)   Pre Evacuate Collection Set: 0.1ms
[413.823s][info][gc,phases      ] GC(1257)   Merge Heap Roots: 0.0ms
[413.823s][info][gc,phases      ] GC(1257)   Evacuate Collection Set: 0.2ms
[413.823s][info][gc,phases      ] GC(1257)   Post Evacuate Collection Set: 0.2ms
[413.823s][info][gc,phases      ] GC(1257)   Other: 0.1ms
[413.823s][info][gc,heap        ] GC(1257) Eden regions: 0->0(25)
[413.823s][info][gc,heap        ] GC(1257) Survivor regions: 0->0(0)
[413.823s][info][gc,heap        ] GC(1257) Old regions: 494->494
[413.823s][info][gc,heap        ] GC(1257) Archive regions: 2->2
[413.823s][info][gc,heap        ] GC(1257) Humongous regions: 16->16
[413.823s][info][gc,metaspace   ] GC(1257) Metaspace: 44325K(45568K)->44325K(45568K) NonClass: 39086K(39936K)->39086K(39936K) Class: 5238K(5632K)->5238K(5632K)
[413.823s][info][gc             ] GC(1257) Pause Young (Normal) (G1 Evacuation Pause) 510M->510M(512M) 0.686ms
[413.823s][info][gc,cpu         ] GC(1257) User=0.00s Sys=0.00s Real=0.00s
[413.823s][info][gc,ergo        ] Attempting maximally compacting collection
[413.823s][info][gc,task        ] GC(1258) Using 8 workers of 8 for full compaction
[413.823s][info][gc,start       ] GC(1258) Pause Full (G1 Evacuation Pause)
[413.823s][info][gc,phases,start] GC(1258) Phase 1: Mark live objects
[414.043s][info][gc,phases      ] GC(1258) Phase 1: Mark live objects 219.824ms
[414.043s][info][gc,phases,start] GC(1258) Phase 2: Prepare for compaction
[414.073s][info][gc,phases      ] GC(1258) Phase 2: Prepare for compaction 30.068ms
[414.073s][info][gc,phases,start] GC(1258) Phase 3: Adjust pointers
[414.145s][info][gc,phases      ] GC(1258) Phase 3: Adjust pointers 72.087ms
[414.145s][info][gc,phases,start] GC(1258) Phase 4: Compact heap
[414.169s][info][gc,phases      ] GC(1258) Phase 4: Compact heap 24.271ms
[414.173s][info][gc,heap        ] GC(1258) Eden regions: 0->0(25)
[414.173s][info][gc,heap        ] GC(1258) Survivor regions: 0->0(0)
[414.173s][info][gc,heap        ] GC(1258) Old regions: 494->494
[414.173s][info][gc,heap        ] GC(1258) Archive regions: 2->2
[414.173s][info][gc,heap        ] GC(1258) Humongous regions: 16->16
[414.173s][info][gc,metaspace   ] GC(1258) Metaspace: 44325K(45568K)->44325K(45568K) NonClass: 39086K(39936K)->39086K(39936K) Class: 5238K(5632K)->5238K(5632K)
[414.173s][info][gc             ] GC(1258) Pause Full (G1 Evacuation Pause) 510M->510M(512M) 350.634ms
[414.176s][info][gc,cpu         ] GC(1258) User=2.51s Sys=0.03s Real=0.36s
[414.176s][info][gc,task        ] GC(1259) Using 8 workers of 8 for full compaction
[414.176s][info][gc,start       ] GC(1259) Pause Full (G1 Evacuation Pause)
[414.176s][info][gc,phases,start] GC(1259) Phase 1: Mark live objects
[414.400s][info][gc,phases      ] GC(1259) Phase 1: Mark live objects 224.359ms
[414.400s][info][gc,phases,start] GC(1259) Phase 2: Prepare for compaction
[414.429s][info][gc,phases      ] GC(1259) Phase 2: Prepare for compaction 28.935ms
[414.429s][info][gc,phases,start] GC(1259) Phase 3: Adjust pointers
[414.507s][info][gc,phases      ] GC(1259) Phase 3: Adjust pointers 78.094ms
[414.507s][info][gc,phases,start] GC(1259) Phase 4: Compact heap
[414.534s][info][gc,phases      ] GC(1259) Phase 4: Compact heap 27.001ms
[414.538s][info][gc,heap        ] GC(1259) Eden regions: 0->0(25)
[414.539s][info][gc,heap        ] GC(1259) Survivor regions: 0->0(0)
[414.539s][info][gc,heap        ] GC(1259) Old regions: 494->494
[414.539s][info][gc,heap        ] GC(1259) Archive regions: 2->2
[414.539s][info][gc,heap        ] GC(1259) Humongous regions: 16->16
[414.539s][info][gc,metaspace   ] GC(1259) Metaspace: 44325K(45568K)->44325K(45568K) NonClass: 39086K(39936K)->39086K(39936K) Class: 5238K(5632K)->5238K(5632K)
[414.539s][info][gc             ] GC(1259) Pause Full (G1 Evacuation Pause) 510M->510M(512M) 362.784ms
[414.541s][info][gc,cpu         ] GC(1259) User=2.49s Sys=0.04s Real=0.36s
[414.541s][info][gc,task        ] GC(1260) Using 8 workers of 8 for full compaction
[414.542s][info][gc,start       ] GC(1260) Pause Full (G1 Evacuation Pause)
[414.542s][info][gc,phases,start] GC(1260) Phase 1: Mark live objects
[414.763s][info][gc,phases      ] GC(1260) Phase 1: Mark live objects 221.268ms
[414.763s][info][gc,phases,start] GC(1260) Phase 2: Prepare for compaction
[414.793s][info][gc,phases      ] GC(1260) Phase 2: Prepare for compaction 29.833ms
[414.793s][info][gc,phases,start] GC(1260) Phase 3: Adjust pointers
[414.870s][info][gc,phases      ] GC(1260) Phase 3: Adjust pointers 77.216ms
[414.870s][info][gc,phases,start] GC(1260) Phase 4: Compact heap
[414.897s][info][gc,phases      ] GC(1260) Phase 4: Compact heap 26.757ms
[414.901s][info][gc,heap        ] GC(1260) Eden regions: 0->0(25)
[414.901s][info][gc,heap        ] GC(1260) Survivor regions: 0->0(0)
[414.901s][info][gc,heap        ] GC(1260) Old regions: 494->494
[414.901s][info][gc,heap        ] GC(1260) Archive regions: 2->2
[414.901s][info][gc,heap        ] GC(1260) Humongous regions: 16->16
[414.901s][info][gc,metaspace   ] GC(1260) Metaspace: 44325K(45568K)->44325K(45568K) NonClass: 39086K(39936K)->39086K(39936K) Class: 5238K(5632K)->5238K(5632K)
[414.901s][info][gc             ] GC(1260) Pause Full (G1 Evacuation Pause) 510M->510M(512M) 359.368ms
[414.903s][info][gc,cpu         ] GC(1260) User=2.51s Sys=0.03s Real=0.36s
[414.903s][info][gc,start       ] GC(1261) Pause Young (Concurrent Start) (G1 Evacuation Pause)
[414.903s][info][gc,task        ] GC(1261) Using 8 workers of 8 for evacuation
[414.904s][info][gc,phases      ] GC(1261)   Pre Evacuate Collection Set: 0.1ms
[414.904s][info][gc,phases      ] GC(1261)   Merge Heap Roots: 0.0ms
[414.904s][info][gc,phases      ] GC(1261)   Evacuate Collection Set: 0.5ms
[414.904s][info][gc,phases      ] GC(1261)   Post Evacuate Collection Set: 0.2ms
[414.904s][info][gc,phases      ] GC(1261)   Other: 0.1ms
[414.904s][info][gc,heap        ] GC(1261) Eden regions: 0->0(25)
[414.904s][info][gc,heap        ] GC(1261) Survivor regions: 0->0(0)
[414.904s][info][gc,heap        ] GC(1261) Old regions: 494->494
[414.904s][info][gc,heap        ] GC(1261) Archive regions: 2->2
[414.904s][info][gc,heap        ] GC(1261) Humongous regions: 16->16
[414.904s][info][gc,metaspace   ] GC(1261) Metaspace: 44325K(45568K)->44325K(45568K) NonClass: 39086K(39936K)->39086K(39936K) Class: 5238K(5632K)->5238K(5632K)
[414.904s][info][gc             ] GC(1261) Pause Young (Concurrent Start) (G1 Evacuation Pause) 510M->510M(512M) 0.986ms
[414.904s][info][gc,cpu         ] GC(1261) User=0.00s Sys=0.00s Real=0.00s
[414.904s][info][gc,ergo        ] Attempting maximally compacting collection
[414.904s][info][gc,task        ] GC(1262) Using 8 workers of 8 for full compaction
[414.904s][info][gc,start       ] GC(1262) Pause Full (G1 Evacuation Pause)
[414.904s][info][gc             ] GC(1263) Concurrent Cycle
[414.904s][info][gc,marking     ] GC(1263) Concurrent Clear Claimed Marks
[414.904s][info][gc,marking     ] GC(1263) Concurrent Clear Claimed Marks 0.068ms
[414.904s][info][gc,marking     ] GC(1263) Concurrent Scan Root Regions
[414.904s][info][gc,marking     ] GC(1263) Concurrent Scan Root Regions 0.029ms
[414.904s][info][gc,marking     ] GC(1263) Concurrent Mark (414.904s)
[414.904s][info][gc,marking     ] GC(1263) Concurrent Mark From Roots
[414.904s][info][gc,task        ] GC(1263) Using 2 workers of 2 for marking
[414.904s][info][gc,phases,start] GC(1262) Phase 1: Mark live objects
[415.123s][info][gc,phases      ] GC(1262) Phase 1: Mark live objects 218.512ms
[415.123s][info][gc,phases,start] GC(1262) Phase 2: Prepare for compaction
[415.152s][info][gc,phases      ] GC(1262) Phase 2: Prepare for compaction 29.141ms
[415.152s][info][gc,phases,start] GC(1262) Phase 3: Adjust pointers
[415.225s][info][gc,phases      ] GC(1262) Phase 3: Adjust pointers 72.506ms
[415.225s][info][gc,phases,start] GC(1262) Phase 4: Compact heap
[415.251s][info][gc,phases      ] GC(1262) Phase 4: Compact heap 26.626ms
[415.255s][info][gc,heap        ] GC(1262) Eden regions: 0->0(25)
[415.255s][info][gc,heap        ] GC(1262) Survivor regions: 0->0(0)
[415.255s][info][gc,heap        ] GC(1262) Old regions: 494->494
[415.255s][info][gc,heap        ] GC(1262) Archive regions: 2->2
[415.255s][info][gc,heap        ] GC(1262) Humongous regions: 16->16
[415.255s][info][gc,metaspace   ] GC(1262) Metaspace: 44325K(45568K)->44325K(45568K) NonClass: 39086K(39936K)->39086K(39936K) Class: 5238K(5632K)->5238K(5632K)
[415.255s][info][gc             ] GC(1262) Pause Full (G1 Evacuation Pause) 510M->510M(512M) 351.639ms
[415.257s][info][gc,cpu         ] GC(1262) User=2.50s Sys=0.03s Real=0.36s
[415.257s][info][gc,task        ] GC(1264) Using 8 workers of 8 for full compaction
[415.257s][info][gc,start       ] GC(1264) Pause Full (G1 Evacuation Pause)
[415.257s][info][gc,phases,start] GC(1264) Phase 1: Mark live objects
[415.480s][info][gc,phases      ] GC(1264) Phase 1: Mark live objects 222.762ms
[415.480s][info][gc,phases,start] GC(1264) Phase 2: Prepare for compaction
[415.511s][info][gc,phases      ] GC(1264) Phase 2: Prepare for compaction 30.998ms
[415.511s][info][gc,phases,start] GC(1264) Phase 3: Adjust pointers
[415.583s][info][gc,phases      ] GC(1264) Phase 3: Adjust pointers 71.699ms
[415.583s][info][gc,phases,start] GC(1264) Phase 4: Compact heap
[415.607s][info][gc,phases      ] GC(1264) Phase 4: Compact heap 24.672ms
[415.611s][info][gc,heap        ] GC(1264) Eden regions: 0->0(25)
[415.612s][info][gc,heap        ] GC(1264) Survivor regions: 0->0(0)
[415.612s][info][gc,heap        ] GC(1264) Old regions: 494->494
[415.612s][info][gc,heap        ] GC(1264) Archive regions: 2->2
[415.612s][info][gc,heap        ] GC(1264) Humongous regions: 16->16
[415.612s][info][gc,metaspace   ] GC(1264) Metaspace: 44325K(45568K)->44325K(45568K) NonClass: 39086K(39936K)->39086K(39936K) Class: 5238K(5632K)->5238K(5632K)
[415.612s][info][gc             ] GC(1264) Pause Full (G1 Evacuation Pause) 510M->510M(512M) 354.421ms
[415.613s][info][gc,cpu         ] GC(1264) User=2.48s Sys=0.04s Real=0.35s
[415.613s][info][gc,task        ] GC(1265) Using 8 workers of 8 for full compaction
[415.613s][info][gc,start       ] GC(1265) Pause Full (G1 Evacuation Pause)
[415.613s][info][gc,phases,start] GC(1265) Phase 1: Mark live objects
[415.847s][info][gc,phases      ] GC(1265) Phase 1: Mark live objects 234.788ms
[415.847s][info][gc,phases,start] GC(1265) Phase 2: Prepare for compaction
[415.883s][info][gc,phases      ] GC(1265) Phase 2: Prepare for compaction 35.400ms
[415.883s][info][gc,phases,start] GC(1265) Phase 3: Adjust pointers
[415.963s][info][gc,phases      ] GC(1265) Phase 3: Adjust pointers 80.613ms
[415.964s][info][gc,phases,start] GC(1265) Phase 4: Compact heap
[415.999s][info][gc,phases      ] GC(1265) Phase 4: Compact heap 35.566ms
[416.004s][info][gc,heap        ] GC(1265) Eden regions: 0->0(25)
[416.004s][info][gc,heap        ] GC(1265) Survivor regions: 0->0(0)
[416.004s][info][gc,heap        ] GC(1265) Old regions: 494->494
[416.004s][info][gc,heap        ] GC(1265) Archive regions: 2->2
[416.004s][info][gc,heap        ] GC(1265) Humongous regions: 16->16
[416.004s][info][gc,metaspace   ] GC(1265) Metaspace: 44325K(45568K)->44325K(45568K) NonClass: 39086K(39936K)->39086K(39936K) Class: 5238K(5632K)->5238K(5632K)
[416.004s][info][gc             ] GC(1265) Pause Full (G1 Evacuation Pause) 510M->510M(512M) 391.405ms
[416.006s][info][gc,cpu         ] GC(1265) User=2.47s Sys=0.03s Real=0.40s
[416.006s][info][gc,marking     ] GC(1263) Concurrent Mark From Roots 1101.916ms
[416.006s][info][gc,start       ] GC(1266) Pause Young (Normal) (G1 Evacuation Pause)
[416.006s][info][gc,task        ] GC(1266) Using 8 workers of 8 for evacuation
[416.007s][info][gc,phases      ] GC(1266)   Pre Evacuate Collection Set: 0.1ms
[416.007s][info][gc,phases      ] GC(1266)   Merge Heap Roots: 0.0ms
[416.007s][info][gc,phases      ] GC(1266)   Evacuate Collection Set: 0.3ms
[416.007s][info][gc,phases      ] GC(1266)   Post Evacuate Collection Set: 0.2ms
[416.007s][info][gc,phases      ] GC(1266)   Other: 0.1ms
[416.007s][info][gc,heap        ] GC(1266) Eden regions: 0->0(25)
[416.007s][info][gc,heap        ] GC(1266) Survivor regions: 0->0(0)
[416.007s][info][gc,heap        ] GC(1266) Old regions: 494->494
[416.007s][info][gc,heap        ] GC(1266) Archive regions: 2->2
[416.007s][info][gc,heap        ] GC(1266) Humongous regions: 16->16
[416.007s][info][gc,metaspace   ] GC(1266) Metaspace: 44325K(45568K)->44325K(45568K) NonClass: 39086K(39936K)->39086K(39936K) Class: 5238K(5632K)->5238K(5632K)
[416.007s][info][gc             ] GC(1266) Pause Young (Normal) (G1 Evacuation Pause) 510M->510M(512M) 0.893ms
[416.007s][info][gc,cpu         ] GC(1266) User=0.01s Sys=0.00s Real=0.00s
[416.007s][info][gc,ergo        ] Attempting maximally compacting collection
[416.007s][info][gc,task        ] GC(1267) Using 8 workers of 8 for full compaction
[416.007s][info][gc,start       ] GC(1267) Pause Full (G1 Evacuation Pause)
[416.007s][info][gc,phases,start] GC(1267) Phase 1: Mark live objects
[416.310s][info][gc,phases      ] GC(1267) Phase 1: Mark live objects 302.674ms
[416.310s][info][gc,phases,start] GC(1267) Phase 2: Prepare for compaction
[416.347s][info][gc,phases      ] GC(1267) Phase 2: Prepare for compaction 36.642ms
[416.347s][info][gc,phases,start] GC(1267) Phase 3: Adjust pointers
[416.423s][info][gc,phases      ] GC(1267) Phase 3: Adjust pointers 75.920ms
[416.423s][info][gc,phases,start] GC(1267) Phase 4: Compact heap
[416.451s][info][gc,phases      ] GC(1267) Phase 4: Compact heap 28.671ms
[416.455s][info][gc,heap        ] GC(1267) Eden regions: 0->0(25)
[416.455s][info][gc,heap        ] GC(1267) Survivor regions: 0->0(0)
[416.456s][info][gc,heap        ] GC(1267) Old regions: 494->494
[416.456s][info][gc,heap        ] GC(1267) Archive regions: 2->2
[416.456s][info][gc,heap        ] GC(1267) Humongous regions: 16->16
[416.456s][info][gc,metaspace   ] GC(1267) Metaspace: 44325K(45568K)->44325K(45568K) NonClass: 39086K(39936K)->39086K(39936K) Class: 5238K(5632K)->5238K(5632K)
[416.456s][info][gc             ] GC(1267) Pause Full (G1 Evacuation Pause) 510M->510M(512M) 448.193ms
[416.457s][info][gc,cpu         ] GC(1267) User=2.48s Sys=0.05s Real=0.45s
[416.457s][info][gc,task        ] GC(1268) Using 8 workers of 8 for full compaction
[416.457s][info][gc,start       ] GC(1268) Pause Full (G1 Evacuation Pause)
[416.457s][info][gc,phases,start] GC(1268) Phase 1: Mark live objects
[416.685s][info][gc,phases      ] GC(1268) Phase 1: Mark live objects 227.818ms
[416.685s][info][gc,phases,start] GC(1268) Phase 2: Prepare for compaction
[416.715s][info][gc,phases      ] GC(1268) Phase 2: Prepare for compaction 30.088ms
[416.715s][info][gc,phases,start] GC(1268) Phase 3: Adjust pointers
[416.801s][info][gc,phases      ] GC(1268) Phase 3: Adjust pointers 85.373ms
[416.801s][info][gc,phases,start] GC(1268) Phase 4: Compact heap
[416.832s][info][gc,phases      ] GC(1268) Phase 4: Compact heap 31.506ms
[416.837s][info][gc,heap        ] GC(1268) Eden regions: 0->0(25)
[416.837s][info][gc,heap        ] GC(1268) Survivor regions: 0->0(0)
[416.837s][info][gc,heap        ] GC(1268) Old regions: 494->494
[416.837s][info][gc,heap        ] GC(1268) Archive regions: 2->2
[416.837s][info][gc,heap        ] GC(1268) Humongous regions: 16->16
[416.837s][info][gc,metaspace   ] GC(1268) Metaspace: 44325K(45568K)->44325K(45568K) NonClass: 39086K(39936K)->39086K(39936K) Class: 5238K(5632K)->5238K(5632K)
[416.837s][info][gc             ] GC(1268) Pause Full (G1 Evacuation Pause) 510M->510M(512M) 380.317ms
[416.838s][info][gc,cpu         ] GC(1268) User=2.50s Sys=0.03s Real=0.38s
[416.838s][info][gc,task        ] GC(1269) Using 8 workers of 8 for full compaction
[416.838s][info][gc,start       ] GC(1269) Pause Full (G1 Evacuation Pause)
[416.839s][info][gc,phases,start] GC(1269) Phase 1: Mark live objects
[417.066s][info][gc,phases      ] GC(1269) Phase 1: Mark live objects 227.578ms
[417.066s][info][gc,phases,start] GC(1269) Phase 2: Prepare for compaction
[417.101s][info][gc,phases      ] GC(1269) Phase 2: Prepare for compaction 34.912ms
[417.101s][info][gc,phases,start] GC(1269) Phase 3: Adjust pointers
[417.179s][info][gc,phases      ] GC(1269) Phase 3: Adjust pointers 77.906ms
[417.179s][info][gc,phases,start] GC(1269) Phase 4: Compact heap
[417.205s][info][gc,phases      ] GC(1269) Phase 4: Compact heap 25.676ms
[417.209s][info][gc,heap        ] GC(1269) Eden regions: 0->0(25)
[417.209s][info][gc,heap        ] GC(1269) Survivor regions: 0->0(0)
[417.209s][info][gc,heap        ] GC(1269) Old regions: 494->494
[417.209s][info][gc,heap        ] GC(1269) Archive regions: 2->2
[417.209s][info][gc,heap        ] GC(1269) Humongous regions: 16->16
[417.209s][info][gc,metaspace   ] GC(1269) Metaspace: 44325K(45568K)->44325K(45568K) NonClass: 39086K(39936K)->39086K(39936K) Class: 5238K(5632K)->5238K(5632K)
[417.209s][info][gc             ] GC(1269) Pause Full (G1 Evacuation Pause) 510M->510M(512M) 370.406ms
[417.210s][info][gc,cpu         ] GC(1269) User=2.46s Sys=0.02s Real=0.37s
[417.210s][info][gc,marking     ] GC(1263) Concurrent Mark Abort
[417.210s][info][gc             ] GC(1263) Concurrent Cycle 2306.431ms
[417.210s][info][gc,start       ] GC(1270) Pause Young (Normal) (G1 Evacuation Pause)
[417.210s][info][gc,task        ] GC(1270) Using 8 workers of 8 for evacuation
[417.211s][info][gc,phases      ] GC(1270)   Pre Evacuate Collection Set: 0.1ms
[417.211s][info][gc,phases      ] GC(1270)   Merge Heap Roots: 0.0ms
[417.211s][info][gc,phases      ] GC(1270)   Evacuate Collection Set: 0.2ms
[417.211s][info][gc,phases      ] GC(1270)   Post Evacuate Collection Set: 0.2ms
[417.211s][info][gc,phases      ] GC(1270)   Other: 0.1ms
[417.211s][info][gc,heap        ] GC(1270) Eden regions: 0->0(25)
[417.211s][info][gc,heap        ] GC(1270) Survivor regions: 0->0(0)
[417.211s][info][gc,heap        ] GC(1270) Old regions: 494->494
[417.211s][info][gc,heap        ] GC(1270) Archive regions: 2->2
[417.211s][info][gc,heap        ] GC(1270) Humongous regions: 16->16
[417.211s][info][gc,metaspace   ] GC(1270) Metaspace: 44325K(45568K)->44325K(45568K) NonClass: 39086K(39936K)->39086K(39936K) Class: 5238K(5632K)->5238K(5632K)
[417.211s][info][gc             ] GC(1270) Pause Young (Normal) (G1 Evacuation Pause) 510M->510M(512M) 0.642ms
[417.211s][info][gc,cpu         ] GC(1270) User=0.00s Sys=0.00s Real=0.00s
[417.211s][info][gc,ergo        ] Attempting maximally compacting collection
[417.211s][info][gc,task        ] GC(1271) Using 8 workers of 8 for full compaction
[417.211s][info][gc,start       ] GC(1271) Pause Full (G1 Evacuation Pause)
[417.211s][info][gc,phases,start] GC(1271) Phase 1: Mark live objects
[417.431s][info][gc,phases      ] GC(1271) Phase 1: Mark live objects 219.824ms
[417.431s][info][gc,phases,start] GC(1271) Phase 2: Prepare for compaction
[417.462s][info][gc,phases      ] GC(1271) Phase 2: Prepare for compaction 30.508ms
[417.462s][info][gc,phases,start] GC(1271) Phase 3: Adjust pointers
[417.545s][info][gc,phases      ] GC(1271) Phase 3: Adjust pointers 83.282ms
[417.545s][info][gc,phases,start] GC(1271) Phase 4: Compact heap
[417.580s][info][gc,phases      ] GC(1271) Phase 4: Compact heap 34.770ms
[417.584s][info][gc,heap        ] GC(1271) Eden regions: 0->0(25)
[417.584s][info][gc,heap        ] GC(1271) Survivor regions: 0->0(0)
[417.584s][info][gc,heap        ] GC(1271) Old regions: 494->494
[417.584s][info][gc,heap        ] GC(1271) Archive regions: 2->2
[417.584s][info][gc,heap        ] GC(1271) Humongous regions: 16->16
[417.584s][info][gc,metaspace   ] GC(1271) Metaspace: 44325K(45568K)->44325K(45568K) NonClass: 39086K(39936K)->39086K(39936K) Class: 5238K(5632K)->5238K(5632K)
[417.584s][info][gc             ] GC(1271) Pause Full (G1 Evacuation Pause) 510M->510M(512M) 372.817ms
[417.585s][info][gc,cpu         ] GC(1271) User=2.49s Sys=0.04s Real=0.37s
[417.585s][info][gc,task        ] GC(1272) Using 8 workers of 8 for full compaction
[417.585s][info][gc,start       ] GC(1272) Pause Full (G1 Evacuation Pause)
[417.585s][info][gc,phases,start] GC(1272) Phase 1: Mark live objects
[417.812s][info][gc,phases      ] GC(1272) Phase 1: Mark live objects 227.131ms
[417.812s][info][gc,phases,start] GC(1272) Phase 2: Prepare for compaction
[417.845s][info][gc,phases      ] GC(1272) Phase 2: Prepare for compaction 32.844ms
[417.845s][info][gc,phases,start] GC(1272) Phase 3: Adjust pointers
[417.915s][info][gc,phases      ] GC(1272) Phase 3: Adjust pointers 69.694ms
[417.915s][info][gc,phases,start] GC(1272) Phase 4: Compact heap
[417.941s][info][gc,phases      ] GC(1272) Phase 4: Compact heap 26.573ms
[417.946s][info][gc,heap        ] GC(1272) Eden regions: 0->0(25)
[417.946s][info][gc,heap        ] GC(1272) Survivor regions: 0->0(0)
[417.946s][info][gc,heap        ] GC(1272) Old regions: 494->494
[417.946s][info][gc,heap        ] GC(1272) Archive regions: 2->2
[417.946s][info][gc,heap        ] GC(1272) Humongous regions: 16->16
[417.946s][info][gc,metaspace   ] GC(1272) Metaspace: 44325K(45568K)->44325K(45568K) NonClass: 39086K(39936K)->39086K(39936K) Class: 5238K(5632K)->5238K(5632K)
[417.946s][info][gc             ] GC(1272) Pause Full (G1 Evacuation Pause) 510M->510M(512M) 360.689ms
[417.947s][info][gc,cpu         ] GC(1272) User=2.48s Sys=0.03s Real=0.37s
[417.947s][info][gc,task        ] GC(1273) Using 8 workers of 8 for full compaction
[417.947s][info][gc,start       ] GC(1273) Pause Full (G1 Evacuation Pause)
[417.947s][info][gc,phases,start] GC(1273) Phase 1: Mark live objects
[418.177s][info][gc,phases      ] GC(1273) Phase 1: Mark live objects 230.046ms
[418.177s][info][gc,phases,start] GC(1273) Phase 2: Prepare for compaction
[418.209s][info][gc,phases      ] GC(1273) Phase 2: Prepare for compaction 31.325ms
[418.209s][info][gc,phases,start] GC(1273) Phase 3: Adjust pointers
[418.281s][info][gc,phases      ] GC(1273) Phase 3: Adjust pointers 71.962ms
[418.281s][info][gc,phases,start] GC(1273) Phase 4: Compact heap
[418.311s][info][gc,phases      ] GC(1273) Phase 4: Compact heap 30.229ms
[418.315s][info][gc,heap        ] GC(1273) Eden regions: 0->0(25)
[418.315s][info][gc,heap        ] GC(1273) Survivor regions: 0->0(0)
[418.315s][info][gc,heap        ] GC(1273) Old regions: 494->494
[418.315s][info][gc,heap        ] GC(1273) Archive regions: 2->2
[418.315s][info][gc,heap        ] GC(1273) Humongous regions: 16->16
[418.315s][info][gc,metaspace   ] GC(1273) Metaspace: 44325K(45568K)->44325K(45568K) NonClass: 39086K(39936K)->39086K(39936K) Class: 5238K(5632K)->5238K(5632K)
[418.315s][info][gc             ] GC(1273) Pause Full (G1 Evacuation Pause) 510M->510M(512M) 368.048ms
[418.317s][info][gc,cpu         ] GC(1273) User=2.46s Sys=0.03s Real=0.37s
[418.317s][info][gc,start       ] GC(1274) Pause Young (Concurrent Start) (G1 Evacuation Pause)
[418.317s][info][gc,task        ] GC(1274) Using 8 workers of 8 for evacuation
[418.318s][info][gc,phases      ] GC(1274)   Pre Evacuate Collection Set: 0.1ms
[418.318s][info][gc,phases      ] GC(1274)   Merge Heap Roots: 0.0ms
[418.318s][info][gc,phases      ] GC(1274)   Evacuate Collection Set: 0.5ms
[418.318s][info][gc,phases      ] GC(1274)   Post Evacuate Collection Set: 0.2ms
[418.318s][info][gc,phases      ] GC(1274)   Other: 0.1ms
[418.318s][info][gc,heap        ] GC(1274) Eden regions: 0->0(25)
[418.318s][info][gc,heap        ] GC(1274) Survivor regions: 0->0(0)
[418.318s][info][gc,heap        ] GC(1274) Old regions: 494->494
[418.318s][info][gc,heap        ] GC(1274) Archive regions: 2->2
[418.318s][info][gc,heap        ] GC(1274) Humongous regions: 16->16
[418.318s][info][gc,metaspace   ] GC(1274) Metaspace: 44325K(45568K)->44325K(45568K) NonClass: 39086K(39936K)->39086K(39936K) Class: 5238K(5632K)->5238K(5632K)
[418.318s][info][gc             ] GC(1274) Pause Young (Concurrent Start) (G1 Evacuation Pause) 510M->510M(512M) 1.026ms
[418.318s][info][gc,cpu         ] GC(1274) User=0.01s Sys=0.00s Real=0.00s
[418.318s][info][gc,ergo        ] Attempting maximally compacting collection
[418.318s][info][gc             ] GC(1275) Concurrent Cycle
[418.318s][info][gc,task        ] GC(1276) Using 8 workers of 8 for full compaction
[418.318s][info][gc,marking     ] GC(1275) Concurrent Clear Claimed Marks
[418.318s][info][gc,start       ] GC(1276) Pause Full (G1 Evacuation Pause)
[418.318s][info][gc,marking     ] GC(1275) Concurrent Clear Claimed Marks 0.077ms
[418.318s][info][gc,marking     ] GC(1275) Concurrent Scan Root Regions
[418.318s][info][gc,marking     ] GC(1275) Concurrent Scan Root Regions 0.024ms
[418.318s][info][gc,marking     ] GC(1275) Concurrent Mark (418.318s)
[418.318s][info][gc,marking     ] GC(1275) Concurrent Mark From Roots
[418.318s][info][gc,task        ] GC(1275) Using 2 workers of 2 for marking
[418.319s][info][gc,phases,start] GC(1276) Phase 1: Mark live objects
[418.543s][info][gc,phases      ] GC(1276) Phase 1: Mark live objects 224.529ms
[418.543s][info][gc,phases,start] GC(1276) Phase 2: Prepare for compaction
[418.573s][info][gc,phases      ] GC(1276) Phase 2: Prepare for compaction 29.998ms
[418.574s][info][gc,phases,start] GC(1276) Phase 3: Adjust pointers
[418.645s][info][gc,phases      ] GC(1276) Phase 3: Adjust pointers 71.760ms
[418.645s][info][gc,phases,start] GC(1276) Phase 4: Compact heap
[418.672s][info][gc,phases      ] GC(1276) Phase 4: Compact heap 27.083ms
[418.677s][info][gc,heap        ] GC(1276) Eden regions: 0->0(25)
[418.677s][info][gc,heap        ] GC(1276) Survivor regions: 0->0(0)
[418.677s][info][gc,heap        ] GC(1276) Old regions: 494->494
[418.677s][info][gc,heap        ] GC(1276) Archive regions: 2->2
[418.677s][info][gc,heap        ] GC(1276) Humongous regions: 16->16
[418.677s][info][gc,metaspace   ] GC(1276) Metaspace: 44325K(45568K)->44325K(45568K) NonClass: 39086K(39936K)->39086K(39936K) Class: 5238K(5632K)->5238K(5632K)
[418.677s][info][gc             ] GC(1276) Pause Full (G1 Evacuation Pause) 510M->510M(512M) 358.446ms
[418.678s][info][gc,cpu         ] GC(1276) User=2.51s Sys=0.04s Real=0.36s
[418.678s][info][gc,task        ] GC(1277) Using 8 workers of 8 for full compaction
[418.678s][info][gc,start       ] GC(1277) Pause Full (G1 Evacuation Pause)
[418.678s][info][gc,phases,start] GC(1277) Phase 1: Mark live objects
[418.909s][info][gc,phases      ] GC(1277) Phase 1: Mark live objects 230.869ms
[418.909s][info][gc,phases,start] GC(1277) Phase 2: Prepare for compaction
[418.939s][info][gc,phases      ] GC(1277) Phase 2: Prepare for compaction 30.250ms
[418.939s][info][gc,phases,start] GC(1277) Phase 3: Adjust pointers
[419.012s][info][gc,phases      ] GC(1277) Phase 3: Adjust pointers 73.260ms
[419.012s][info][gc,phases,start] GC(1277) Phase 4: Compact heap
[419.038s][info][gc,phases      ] GC(1277) Phase 4: Compact heap 26.000ms
[419.043s][info][gc,heap        ] GC(1277) Eden regions: 0->0(25)
[419.043s][info][gc,heap        ] GC(1277) Survivor regions: 0->0(0)
[419.043s][info][gc,heap        ] GC(1277) Old regions: 494->494
[419.043s][info][gc,heap        ] GC(1277) Archive regions: 2->2
[419.043s][info][gc,heap        ] GC(1277) Humongous regions: 16->16
[419.043s][info][gc,metaspace   ] GC(1277) Metaspace: 44325K(45568K)->44325K(45568K) NonClass: 39086K(39936K)->39086K(39936K) Class: 5238K(5632K)->5238K(5632K)
[419.043s][info][gc             ] GC(1277) Pause Full (G1 Evacuation Pause) 510M->510M(512M) 364.825ms
[419.044s][info][gc,cpu         ] GC(1277) User=2.46s Sys=0.04s Real=0.36s
[419.044s][info][gc,task        ] GC(1278) Using 8 workers of 8 for full compaction
[419.044s][info][gc,start       ] GC(1278) Pause Full (G1 Evacuation Pause)
[419.044s][info][gc,phases,start] GC(1278) Phase 1: Mark live objects
[419.266s][info][gc,phases      ] GC(1278) Phase 1: Mark live objects 222.049ms
[419.267s][info][gc,phases,start] GC(1278) Phase 2: Prepare for compaction
[419.296s][info][gc,phases      ] GC(1278) Phase 2: Prepare for compaction 29.242ms
[419.296s][info][gc,phases,start] GC(1278) Phase 3: Adjust pointers
[419.369s][info][gc,phases      ] GC(1278) Phase 3: Adjust pointers 73.404ms
[419.369s][info][gc,phases,start] GC(1278) Phase 4: Compact heap
[419.397s][info][gc,phases      ] GC(1278) Phase 4: Compact heap 28.133ms
[419.401s][info][gc,heap        ] GC(1278) Eden regions: 0->0(25)
[419.401s][info][gc,heap        ] GC(1278) Survivor regions: 0->0(0)
[419.401s][info][gc,heap        ] GC(1278) Old regions: 494->494
[419.401s][info][gc,heap        ] GC(1278) Archive regions: 2->2
[419.401s][info][gc,heap        ] GC(1278) Humongous regions: 16->16
[419.402s][info][gc,metaspace   ] GC(1278) Metaspace: 44325K(45568K)->44325K(45568K) NonClass: 39086K(39936K)->39086K(39936K) Class: 5238K(5632K)->5238K(5632K)
[419.402s][info][gc             ] GC(1278) Pause Full (G1 Evacuation Pause) 510M->510M(512M) 357.146ms
[419.403s][info][gc,cpu         ] GC(1278) User=2.47s Sys=0.04s Real=0.36s
[419.403s][info][gc,marking     ] GC(1275) Concurrent Mark From Roots 1084.725ms
[419.403s][info][gc,marking     ] GC(1275) Concurrent Mark Abort
[419.403s][info][gc             ] GC(1275) Concurrent Cycle 1085.018ms
[419.403s][info][gc,start       ] GC(1279) Pause Young (Normal) (G1 Evacuation Pause)
[419.403s][info][gc,task        ] GC(1279) Using 8 workers of 8 for evacuation
[419.404s][info][gc,phases      ] GC(1279)   Pre Evacuate Collection Set: 0.1ms
[419.404s][info][gc,phases      ] GC(1279)   Merge Heap Roots: 0.0ms
[419.404s][info][gc,phases      ] GC(1279)   Evacuate Collection Set: 0.2ms
[419.404s][info][gc,phases      ] GC(1279)   Post Evacuate Collection Set: 0.2ms
[419.404s][info][gc,phases      ] GC(1279)   Other: 0.1ms
[419.404s][info][gc,heap        ] GC(1279) Eden regions: 0->0(25)
[419.404s][info][gc,heap        ] GC(1279) Survivor regions: 0->0(0)
[419.404s][info][gc,heap        ] GC(1279) Old regions: 494->494
[419.404s][info][gc,heap        ] GC(1279) Archive regions: 2->2
[419.404s][info][gc,heap        ] GC(1279) Humongous regions: 16->16
[419.404s][info][gc,metaspace   ] GC(1279) Metaspace: 44325K(45568K)->44325K(45568K) NonClass: 39086K(39936K)->39086K(39936K) Class: 5238K(5632K)->5238K(5632K)
[419.404s][info][gc             ] GC(1279) Pause Young (Normal) (G1 Evacuation Pause) 510M->510M(512M) 0.628ms
[419.404s][info][gc,cpu         ] GC(1279) User=0.00s Sys=0.00s Real=0.00s
[419.404s][info][gc,ergo        ] Attempting maximally compacting collection
[419.404s][info][gc,task        ] GC(1280) Using 8 workers of 8 for full compaction
[419.404s][info][gc,start       ] GC(1280) Pause Full (G1 Evacuation Pause)
[419.404s][info][gc,phases,start] GC(1280) Phase 1: Mark live objects
[419.631s][info][gc,phases      ] GC(1280) Phase 1: Mark live objects 227.221ms
[419.631s][info][gc,phases,start] GC(1280) Phase 2: Prepare for compaction
[419.662s][info][gc,phases      ] GC(1280) Phase 2: Prepare for compaction 30.522ms
[419.662s][info][gc,phases,start] GC(1280) Phase 3: Adjust pointers
[419.743s][info][gc,phases      ] GC(1280) Phase 3: Adjust pointers 81.162ms
[419.743s][info][gc,phases,start] GC(1280) Phase 4: Compact heap
[419.770s][info][gc,phases      ] GC(1280) Phase 4: Compact heap 27.052ms
[419.774s][info][gc,heap        ] GC(1280) Eden regions: 0->0(25)
[419.774s][info][gc,heap        ] GC(1280) Survivor regions: 0->0(0)
[419.774s][info][gc,heap        ] GC(1280) Old regions: 494->494
[419.774s][info][gc,heap        ] GC(1280) Archive regions: 2->2
[419.774s][info][gc,heap        ] GC(1280) Humongous regions: 16->16
[419.774s][info][gc,metaspace   ] GC(1280) Metaspace: 44325K(45568K)->44325K(45568K) NonClass: 39086K(39936K)->39086K(39936K) Class: 5238K(5632K)->5238K(5632K)
[419.774s][info][gc             ] GC(1280) Pause Full (G1 Evacuation Pause) 510M->510M(512M) 370.372ms
[419.776s][info][gc,cpu         ] GC(1280) User=2.48s Sys=0.03s Real=0.38s
[419.776s][info][gc,task        ] GC(1281) Using 8 workers of 8 for full compaction
[419.776s][info][gc,start       ] GC(1281) Pause Full (G1 Evacuation Pause)
[419.776s][info][gc,phases,start] GC(1281) Phase 1: Mark live objects
[420.002s][info][gc,phases      ] GC(1281) Phase 1: Mark live objects 226.328ms
[420.002s][info][gc,phases,start] GC(1281) Phase 2: Prepare for compaction
[420.033s][info][gc,phases      ] GC(1281) Phase 2: Prepare for compaction 30.796ms
[420.033s][info][gc,phases,start] GC(1281) Phase 3: Adjust pointers
[420.113s][info][gc,phases      ] GC(1281) Phase 3: Adjust pointers 80.095ms
[420.113s][info][gc,phases,start] GC(1281) Phase 4: Compact heap
[420.149s][info][gc,phases      ] GC(1281) Phase 4: Compact heap 36.213ms
[420.154s][info][gc,heap        ] GC(1281) Eden regions: 0->0(25)
[420.154s][info][gc,heap        ] GC(1281) Survivor regions: 0->0(0)
[420.154s][info][gc,heap        ] GC(1281) Old regions: 494->494
[420.154s][info][gc,heap        ] GC(1281) Archive regions: 2->2
[420.154s][info][gc,heap        ] GC(1281) Humongous regions: 16->16
[420.154s][info][gc,metaspace   ] GC(1281) Metaspace: 44325K(45568K)->44325K(45568K) NonClass: 39086K(39936K)->39086K(39936K) Class: 5238K(5632K)->5238K(5632K)
[420.154s][info][gc             ] GC(1281) Pause Full (G1 Evacuation Pause) 510M->510M(512M) 378.473ms
[420.156s][info][gc,cpu         ] GC(1281) User=2.50s Sys=0.03s Real=0.38s
[420.157s][info][gc,task        ] GC(1282) Using 8 workers of 8 for full compaction
[420.157s][info][gc,start       ] GC(1282) Pause Full (G1 Evacuation Pause)
[420.157s][info][gc,phases,start] GC(1282) Phase 1: Mark live objects
[420.388s][info][gc,phases      ] GC(1282) Phase 1: Mark live objects 231.417ms
[420.388s][info][gc,phases,start] GC(1282) Phase 2: Prepare for compaction
[420.418s][info][gc,phases      ] GC(1282) Phase 2: Prepare for compaction 29.529ms
[420.418s][info][gc,phases,start] GC(1282) Phase 3: Adjust pointers
[420.490s][info][gc,phases      ] GC(1282) Phase 3: Adjust pointers 72.298ms
[420.490s][info][gc,phases,start] GC(1282) Phase 4: Compact heap
[420.518s][info][gc,phases      ] GC(1282) Phase 4: Compact heap 28.029ms
[420.522s][info][gc,heap        ] GC(1282) Eden regions: 0->0(25)
[420.523s][info][gc,heap        ] GC(1282) Survivor regions: 0->0(0)
[420.523s][info][gc,heap        ] GC(1282) Old regions: 494->494
[420.523s][info][gc,heap        ] GC(1282) Archive regions: 2->2
[420.523s][info][gc,heap        ] GC(1282) Humongous regions: 16->16
[420.523s][info][gc,metaspace   ] GC(1282) Metaspace: 44325K(45568K)->44325K(45568K) NonClass: 39086K(39936K)->39086K(39936K) Class: 5238K(5632K)->5238K(5632K)
[420.523s][info][gc             ] GC(1282) Pause Full (G1 Evacuation Pause) 510M->510M(512M) 366.023ms
[420.524s][info][gc,cpu         ] GC(1282) User=2.54s Sys=0.02s Real=0.36s
[420.524s][info][gc,start       ] GC(1283) Pause Young (Concurrent Start) (G1 Evacuation Pause)
[420.524s][info][gc,task        ] GC(1283) Using 8 workers of 8 for evacuation
[420.525s][info][gc,phases      ] GC(1283)   Pre Evacuate Collection Set: 0.1ms
[420.525s][info][gc,phases      ] GC(1283)   Merge Heap Roots: 0.0ms
[420.525s][info][gc,phases      ] GC(1283)   Evacuate Collection Set: 0.7ms
[420.525s][info][gc,phases      ] GC(1283)   Post Evacuate Collection Set: 0.2ms
[420.525s][info][gc,phases      ] GC(1283)   Other: 0.1ms
[420.525s][info][gc,heap        ] GC(1283) Eden regions: 0->0(25)
[420.525s][info][gc,heap        ] GC(1283) Survivor regions: 0->0(0)
[420.525s][info][gc,heap        ] GC(1283) Old regions: 494->494
[420.525s][info][gc,heap        ] GC(1283) Archive regions: 2->2
[420.525s][info][gc,heap        ] GC(1283) Humongous regions: 16->16
[420.525s][info][gc,metaspace   ] GC(1283) Metaspace: 44325K(45568K)->44325K(45568K) NonClass: 39086K(39936K)->39086K(39936K) Class: 5238K(5632K)->5238K(5632K)
[420.525s][info][gc             ] GC(1283) Pause Young (Concurrent Start) (G1 Evacuation Pause) 510M->510M(512M) 1.288ms
[420.525s][info][gc,cpu         ] GC(1283) User=0.01s Sys=0.00s Real=0.00s
[420.525s][info][gc,ergo        ] Attempting maximally compacting collection
[420.525s][info][gc,task        ] GC(1284) Using 8 workers of 8 for full compaction
[420.525s][info][gc             ] GC(1285) Concurrent Cycle
[420.525s][info][gc,start       ] GC(1284) Pause Full (G1 Evacuation Pause)
[420.525s][info][gc,marking     ] GC(1285) Concurrent Clear Claimed Marks
[420.525s][info][gc,marking     ] GC(1285) Concurrent Clear Claimed Marks 0.111ms
[420.525s][info][gc,marking     ] GC(1285) Concurrent Scan Root Regions
[420.525s][info][gc,marking     ] GC(1285) Concurrent Scan Root Regions 0.026ms
[420.525s][info][gc,marking     ] GC(1285) Concurrent Mark (420.525s)
[420.526s][info][gc,marking     ] GC(1285) Concurrent Mark From Roots
[420.526s][info][gc,task        ] GC(1285) Using 2 workers of 2 for marking
[420.526s][info][gc,phases,start] GC(1284) Phase 1: Mark live objects
[420.752s][info][gc,phases      ] GC(1284) Phase 1: Mark live objects 226.139ms
[420.752s][info][gc,phases,start] GC(1284) Phase 2: Prepare for compaction
[420.783s][info][gc,phases      ] GC(1284) Phase 2: Prepare for compaction 30.899ms
[420.783s][info][gc,phases,start] GC(1284) Phase 3: Adjust pointers
[420.858s][info][gc,phases      ] GC(1284) Phase 3: Adjust pointers 74.975ms
[420.858s][info][gc,phases,start] GC(1284) Phase 4: Compact heap
[420.886s][info][gc,phases      ] GC(1284) Phase 4: Compact heap 28.344ms
[420.891s][info][gc,heap        ] GC(1284) Eden regions: 0->0(25)
[420.891s][info][gc,heap        ] GC(1284) Survivor regions: 0->0(0)
[420.891s][info][gc,heap        ] GC(1284) Old regions: 494->494
[420.891s][info][gc,heap        ] GC(1284) Archive regions: 2->2
[420.891s][info][gc,heap        ] GC(1284) Humongous regions: 16->16
[420.891s][info][gc,metaspace   ] GC(1284) Metaspace: 44325K(45568K)->44325K(45568K) NonClass: 39086K(39936K)->39086K(39936K) Class: 5238K(5632K)->5238K(5632K)
[420.891s][info][gc             ] GC(1284) Pause Full (G1 Evacuation Pause) 510M->510M(512M) 365.375ms
[420.892s][info][gc,cpu         ] GC(1284) User=2.54s Sys=0.04s Real=0.37s
[420.892s][info][gc,task        ] GC(1286) Using 8 workers of 8 for full compaction
[420.892s][info][gc,start       ] GC(1286) Pause Full (G1 Evacuation Pause)
[420.892s][info][gc,phases,start] GC(1286) Phase 1: Mark live objects
[421.199s][info][gc,phases      ] GC(1286) Phase 1: Mark live objects 307.179ms
[421.199s][info][gc,phases,start] GC(1286) Phase 2: Prepare for compaction
[421.250s][info][gc,phases      ] GC(1286) Phase 2: Prepare for compaction 50.641ms
[421.250s][info][gc,phases,start] GC(1286) Phase 3: Adjust pointers
[421.330s][info][gc,phases      ] GC(1286) Phase 3: Adjust pointers 79.905ms
[421.330s][info][gc,phases,start] GC(1286) Phase 4: Compact heap
[421.360s][info][gc,phases      ] GC(1286) Phase 4: Compact heap 29.952ms
[421.364s][info][gc,heap        ] GC(1286) Eden regions: 0->0(25)
[421.364s][info][gc,heap        ] GC(1286) Survivor regions: 0->0(0)
[421.364s][info][gc,heap        ] GC(1286) Old regions: 494->494
[421.364s][info][gc,heap        ] GC(1286) Archive regions: 2->2
[421.364s][info][gc,heap        ] GC(1286) Humongous regions: 16->16
[421.364s][info][gc,metaspace   ] GC(1286) Metaspace: 44325K(45568K)->44325K(45568K) NonClass: 39086K(39936K)->39086K(39936K) Class: 5238K(5632K)->5238K(5632K)
[421.364s][info][gc             ] GC(1286) Pause Full (G1 Evacuation Pause) 510M->510M(512M) 472.174ms
[421.366s][info][gc,cpu         ] GC(1286) User=2.52s Sys=0.06s Real=0.48s
[421.366s][info][gc,task        ] GC(1287) Using 8 workers of 8 for full compaction
[421.366s][info][gc,start       ] GC(1287) Pause Full (G1 Evacuation Pause)
[421.366s][info][gc,phases,start] GC(1287) Phase 1: Mark live objects
[421.595s][info][gc,phases      ] GC(1287) Phase 1: Mark live objects 228.905ms
[421.595s][info][gc,phases,start] GC(1287) Phase 2: Prepare for compaction
[421.629s][info][gc,phases      ] GC(1287) Phase 2: Prepare for compaction 33.816ms
[421.629s][info][gc,phases,start] GC(1287) Phase 3: Adjust pointers
[421.712s][info][gc,phases      ] GC(1287) Phase 3: Adjust pointers 82.890ms
[421.712s][info][gc,phases,start] GC(1287) Phase 4: Compact heap
[421.742s][info][gc,phases      ] GC(1287) Phase 4: Compact heap 30.378ms
[421.747s][info][gc,heap        ] GC(1287) Eden regions: 0->0(25)
[421.747s][info][gc,heap        ] GC(1287) Survivor regions: 0->0(0)
[421.747s][info][gc,heap        ] GC(1287) Old regions: 494->494
[421.747s][info][gc,heap        ] GC(1287) Archive regions: 2->2
[421.747s][info][gc,heap        ] GC(1287) Humongous regions: 16->16
[421.747s][info][gc,metaspace   ] GC(1287) Metaspace: 44325K(45568K)->44325K(45568K) NonClass: 39086K(39936K)->39086K(39936K) Class: 5238K(5632K)->5238K(5632K)
[421.747s][info][gc             ] GC(1287) Pause Full (G1 Evacuation Pause) 510M->510M(512M) 380.721ms
[421.748s][info][gc,cpu         ] GC(1287) User=2.49s Sys=0.02s Real=0.38s
[421.748s][info][gc,marking     ] GC(1285) Concurrent Mark From Roots 1222.523ms
[421.748s][info][gc,marking     ] GC(1285) Concurrent Mark Abort
[421.748s][info][gc             ] GC(1285) Concurrent Cycle 1222.817ms
[421.748s][info][gc,start       ] GC(1288) Pause Young (Normal) (G1 Evacuation Pause)
[421.748s][info][gc,task        ] GC(1288) Using 8 workers of 8 for evacuation
[421.749s][info][gc,phases      ] GC(1288)   Pre Evacuate Collection Set: 0.1ms
[421.749s][info][gc,phases      ] GC(1288)   Merge Heap Roots: 0.1ms
[421.749s][info][gc,phases      ] GC(1288)   Evacuate Collection Set: 0.2ms
[421.749s][info][gc,phases      ] GC(1288)   Post Evacuate Collection Set: 0.2ms
[421.749s][info][gc,phases      ] GC(1288)   Other: 0.1ms
[421.749s][info][gc,heap        ] GC(1288) Eden regions: 0->0(25)
[421.749s][info][gc,heap        ] GC(1288) Survivor regions: 0->0(0)
[421.749s][info][gc,heap        ] GC(1288) Old regions: 494->494
[421.749s][info][gc,heap        ] GC(1288) Archive regions: 2->2
[421.749s][info][gc,heap        ] GC(1288) Humongous regions: 16->16
[421.749s][info][gc,metaspace   ] GC(1288) Metaspace: 44325K(45568K)->44325K(45568K) NonClass: 39086K(39936K)->39086K(39936K) Class: 5238K(5632K)->5238K(5632K)
[421.749s][info][gc             ] GC(1288) Pause Young (Normal) (G1 Evacuation Pause) 510M->510M(512M) 0.632ms
[421.749s][info][gc,cpu         ] GC(1288) User=0.01s Sys=0.00s Real=0.00s
[421.749s][info][gc,ergo        ] Attempting maximally compacting collection
[421.749s][info][gc,task        ] GC(1289) Using 8 workers of 8 for full compaction
[421.749s][info][gc,start       ] GC(1289) Pause Full (G1 Evacuation Pause)
[421.749s][info][gc,phases,start] GC(1289) Phase 1: Mark live objects
[421.975s][info][gc,phases      ] GC(1289) Phase 1: Mark live objects 226.116ms
[421.975s][info][gc,phases,start] GC(1289) Phase 2: Prepare for compaction
[422.008s][info][gc,phases      ] GC(1289) Phase 2: Prepare for compaction 33.112ms
[422.008s][info][gc,phases,start] GC(1289) Phase 3: Adjust pointers
[422.081s][info][gc,phases      ] GC(1289) Phase 3: Adjust pointers 72.311ms
[422.081s][info][gc,phases,start] GC(1289) Phase 4: Compact heap
[422.108s][info][gc,phases      ] GC(1289) Phase 4: Compact heap 27.322ms
[422.112s][info][gc,heap        ] GC(1289) Eden regions: 0->0(25)
[422.112s][info][gc,heap        ] GC(1289) Survivor regions: 0->0(0)
[422.112s][info][gc,heap        ] GC(1289) Old regions: 494->494
[422.112s][info][gc,heap        ] GC(1289) Archive regions: 2->2
[422.112s][info][gc,heap        ] GC(1289) Humongous regions: 16->16
[422.112s][info][gc,metaspace   ] GC(1289) Metaspace: 44325K(45568K)->44325K(45568K) NonClass: 39086K(39936K)->39086K(39936K) Class: 5238K(5632K)->5238K(5632K)
[422.112s][info][gc             ] GC(1289) Pause Full (G1 Evacuation Pause) 510M->510M(512M) 363.150ms
[422.114s][info][gc,cpu         ] GC(1289) User=2.50s Sys=0.04s Real=0.36s
[422.114s][info][gc,task        ] GC(1290) Using 8 workers of 8 for full compaction
[422.114s][info][gc,start       ] GC(1290) Pause Full (G1 Evacuation Pause)
[422.114s][info][gc,phases,start] GC(1290) Phase 1: Mark live objects
[422.337s][info][gc,phases      ] GC(1290) Phase 1: Mark live objects 223.361ms
[422.337s][info][gc,phases,start] GC(1290) Phase 2: Prepare for compaction
[422.371s][info][gc,phases      ] GC(1290) Phase 2: Prepare for compaction 33.669ms
[422.371s][info][gc,phases,start] GC(1290) Phase 3: Adjust pointers
[422.445s][info][gc,phases      ] GC(1290) Phase 3: Adjust pointers 73.874ms
[422.445s][info][gc,phases,start] GC(1290) Phase 4: Compact heap
[422.468s][info][gc,phases      ] GC(1290) Phase 4: Compact heap 23.509ms
[422.472s][info][gc,heap        ] GC(1290) Eden regions: 0->0(25)
[422.472s][info][gc,heap        ] GC(1290) Survivor regions: 0->0(0)
[422.472s][info][gc,heap        ] GC(1290) Old regions: 494->494
[422.472s][info][gc,heap        ] GC(1290) Archive regions: 2->2
[422.472s][info][gc,heap        ] GC(1290) Humongous regions: 16->16
[422.472s][info][gc,metaspace   ] GC(1290) Metaspace: 44325K(45568K)->44325K(45568K) NonClass: 39086K(39936K)->39086K(39936K) Class: 5238K(5632K)->5238K(5632K)
[422.472s][info][gc             ] GC(1290) Pause Full (G1 Evacuation Pause) 510M->510M(512M) 358.701ms
[422.474s][info][gc,cpu         ] GC(1290) User=2.49s Sys=0.04s Real=0.36s
[422.474s][info][gc,task        ] GC(1291) Using 8 workers of 8 for full compaction
[422.474s][info][gc,start       ] GC(1291) Pause Full (G1 Evacuation Pause)
[422.474s][info][gc,phases,start] GC(1291) Phase 1: Mark live objects
[422.697s][info][gc,phases      ] GC(1291) Phase 1: Mark live objects 222.528ms
[422.697s][info][gc,phases,start] GC(1291) Phase 2: Prepare for compaction
[422.728s][info][gc,phases      ] GC(1291) Phase 2: Prepare for compaction 31.154ms
[422.728s][info][gc,phases,start] GC(1291) Phase 3: Adjust pointers
[422.821s][info][gc,phases      ] GC(1291) Phase 3: Adjust pointers 93.005ms
[422.821s][info][gc,phases,start] GC(1291) Phase 4: Compact heap
[422.848s][info][gc,phases      ] GC(1291) Phase 4: Compact heap 26.635ms
[422.853s][info][gc,heap        ] GC(1291) Eden regions: 0->0(25)
[422.853s][info][gc,heap        ] GC(1291) Survivor regions: 0->0(0)
[422.853s][info][gc,heap        ] GC(1291) Old regions: 494->494
[422.853s][info][gc,heap        ] GC(1291) Archive regions: 2->2
[422.853s][info][gc,heap        ] GC(1291) Humongous regions: 16->16
[422.853s][info][gc,metaspace   ] GC(1291) Metaspace: 44325K(45568K)->44325K(45568K) NonClass: 39086K(39936K)->39086K(39936K) Class: 5238K(5632K)->5238K(5632K)
[422.853s][info][gc             ] GC(1291) Pause Full (G1 Evacuation Pause) 510M->510M(512M) 378.479ms
[422.854s][info][gc,cpu         ] GC(1291) User=2.48s Sys=0.05s Real=0.38s
[422.855s][info][gc,start       ] GC(1292) Pause Young (Concurrent Start) (G1 Evacuation Pause)
[422.855s][info][gc,task        ] GC(1292) Using 8 workers of 8 for evacuation
[422.855s][info][gc,phases      ] GC(1292)   Pre Evacuate Collection Set: 0.1ms
[422.856s][info][gc,phases      ] GC(1292)   Merge Heap Roots: 0.0ms
[422.856s][info][gc,phases      ] GC(1292)   Evacuate Collection Set: 0.5ms
[422.856s][info][gc,phases      ] GC(1292)   Post Evacuate Collection Set: 0.2ms
[422.856s][info][gc,phases      ] GC(1292)   Other: 0.1ms
[422.856s][info][gc,heap        ] GC(1292) Eden regions: 0->0(25)
[422.856s][info][gc,heap        ] GC(1292) Survivor regions: 0->0(0)
[422.856s][info][gc,heap        ] GC(1292) Old regions: 494->494
[422.856s][info][gc,heap        ] GC(1292) Archive regions: 2->2
[422.856s][info][gc,heap        ] GC(1292) Humongous regions: 16->16
[422.856s][info][gc,metaspace   ] GC(1292) Metaspace: 44325K(45568K)->44325K(45568K) NonClass: 39086K(39936K)->39086K(39936K) Class: 5238K(5632K)->5238K(5632K)
[422.856s][info][gc             ] GC(1292) Pause Young (Concurrent Start) (G1 Evacuation Pause) 510M->510M(512M) 0.971ms
[422.856s][info][gc,cpu         ] GC(1292) User=0.00s Sys=0.00s Real=0.01s
[422.856s][info][gc,ergo        ] Attempting maximally compacting collection
[422.856s][info][gc             ] GC(1293) Concurrent Cycle
[422.856s][info][gc,task        ] GC(1294) Using 8 workers of 8 for full compaction
[422.856s][info][gc,marking     ] GC(1293) Concurrent Clear Claimed Marks
[422.856s][info][gc,start       ] GC(1294) Pause Full (G1 Evacuation Pause)
[422.856s][info][gc,marking     ] GC(1293) Concurrent Clear Claimed Marks 0.030ms
[422.856s][info][gc,marking     ] GC(1293) Concurrent Scan Root Regions
[422.856s][info][gc,marking     ] GC(1293) Concurrent Scan Root Regions 0.012ms
[422.856s][info][gc,marking     ] GC(1293) Concurrent Mark (422.856s)
[422.856s][info][gc,marking     ] GC(1293) Concurrent Mark From Roots
[422.856s][info][gc,task        ] GC(1293) Using 2 workers of 2 for marking
[422.856s][info][gc,phases,start] GC(1294) Phase 1: Mark live objects
[423.074s][info][gc,phases      ] GC(1294) Phase 1: Mark live objects 217.973ms
[423.074s][info][gc,phases,start] GC(1294) Phase 2: Prepare for compaction
[423.105s][info][gc,phases      ] GC(1294) Phase 2: Prepare for compaction 30.998ms
[423.105s][info][gc,phases,start] GC(1294) Phase 3: Adjust pointers
[423.174s][info][gc,phases      ] GC(1294) Phase 3: Adjust pointers 68.894ms
[423.174s][info][gc,phases,start] GC(1294) Phase 4: Compact heap
[423.205s][info][gc,phases      ] GC(1294) Phase 4: Compact heap 30.620ms
[423.209s][info][gc,heap        ] GC(1294) Eden regions: 0->0(25)
[423.209s][info][gc,heap        ] GC(1294) Survivor regions: 0->0(0)
[423.209s][info][gc,heap        ] GC(1294) Old regions: 494->494
[423.209s][info][gc,heap        ] GC(1294) Archive regions: 2->2
[423.209s][info][gc,heap        ] GC(1294) Humongous regions: 16->16
[423.209s][info][gc,metaspace   ] GC(1294) Metaspace: 44325K(45568K)->44325K(45568K) NonClass: 39086K(39936K)->39086K(39936K) Class: 5238K(5632K)->5238K(5632K)
[423.209s][info][gc             ] GC(1294) Pause Full (G1 Evacuation Pause) 510M->510M(512M) 353.369ms
[423.211s][info][gc,cpu         ] GC(1294) User=2.47s Sys=0.03s Real=0.35s
[423.211s][info][gc,task        ] GC(1295) Using 8 workers of 8 for full compaction
[423.211s][info][gc,start       ] GC(1295) Pause Full (G1 Evacuation Pause)
[423.211s][info][gc,phases,start] GC(1295) Phase 1: Mark live objects
[423.438s][info][gc,phases      ] GC(1295) Phase 1: Mark live objects 226.923ms
[423.438s][info][gc,phases,start] GC(1295) Phase 2: Prepare for compaction
[423.468s][info][gc,phases      ] GC(1295) Phase 2: Prepare for compaction 29.969ms
[423.468s][info][gc,phases,start] GC(1295) Phase 3: Adjust pointers
[423.545s][info][gc,phases      ] GC(1295) Phase 3: Adjust pointers 76.431ms
[423.545s][info][gc,phases,start] GC(1295) Phase 4: Compact heap
[423.571s][info][gc,phases      ] GC(1295) Phase 4: Compact heap 26.930ms
[423.576s][info][gc,heap        ] GC(1295) Eden regions: 0->0(25)
[423.576s][info][gc,heap        ] GC(1295) Survivor regions: 0->0(0)
[423.576s][info][gc,heap        ] GC(1295) Old regions: 494->494
[423.576s][info][gc,heap        ] GC(1295) Archive regions: 2->2
[423.576s][info][gc,heap        ] GC(1295) Humongous regions: 16->16
[423.576s][info][gc,metaspace   ] GC(1295) Metaspace: 44325K(45568K)->44325K(45568K) NonClass: 39086K(39936K)->39086K(39936K) Class: 5238K(5632K)->5238K(5632K)
[423.576s][info][gc             ] GC(1295) Pause Full (G1 Evacuation Pause) 510M->510M(512M) 364.594ms
[423.577s][info][gc,cpu         ] GC(1295) User=2.45s Sys=0.03s Real=0.37s
[423.577s][info][gc,task        ] GC(1296) Using 8 workers of 8 for full compaction
[423.577s][info][gc,start       ] GC(1296) Pause Full (G1 Evacuation Pause)
[423.577s][info][gc,phases,start] GC(1296) Phase 1: Mark live objects
[423.808s][info][gc,phases      ] GC(1296) Phase 1: Mark live objects 231.481ms
[423.808s][info][gc,phases,start] GC(1296) Phase 2: Prepare for compaction
[423.841s][info][gc,phases      ] GC(1296) Phase 2: Prepare for compaction 32.897ms
[423.841s][info][gc,phases,start] GC(1296) Phase 3: Adjust pointers
[423.917s][info][gc,phases      ] GC(1296) Phase 3: Adjust pointers 75.548ms
[423.917s][info][gc,phases,start] GC(1296) Phase 4: Compact heap
[423.943s][info][gc,phases      ] GC(1296) Phase 4: Compact heap 25.577ms
[423.947s][info][gc,heap        ] GC(1296) Eden regions: 0->0(25)
[423.947s][info][gc,heap        ] GC(1296) Survivor regions: 0->0(0)
[423.947s][info][gc,heap        ] GC(1296) Old regions: 494->494
[423.947s][info][gc,heap        ] GC(1296) Archive regions: 2->2
[423.947s][info][gc,heap        ] GC(1296) Humongous regions: 16->16
[423.947s][info][gc,metaspace   ] GC(1296) Metaspace: 44325K(45568K)->44325K(45568K) NonClass: 39086K(39936K)->39086K(39936K) Class: 5238K(5632K)->5238K(5632K)
[423.947s][info][gc             ] GC(1296) Pause Full (G1 Evacuation Pause) 510M->510M(512M) 370.196ms
[423.949s][info][gc,cpu         ] GC(1296) User=2.48s Sys=0.05s Real=0.37s
[423.949s][info][gc,marking     ] GC(1293) Concurrent Mark From Roots 1093.273ms
[423.949s][info][gc,marking     ] GC(1293) Concurrent Mark Abort
[423.949s][info][gc             ] GC(1293) Concurrent Cycle 1093.436ms
[423.949s][info][gc,start       ] GC(1297) Pause Young (Normal) (G1 Evacuation Pause)
[423.949s][info][gc,task        ] GC(1297) Using 8 workers of 8 for evacuation
[423.950s][info][gc,phases      ] GC(1297)   Pre Evacuate Collection Set: 0.1ms
[423.950s][info][gc,phases      ] GC(1297)   Merge Heap Roots: 0.0ms
[423.950s][info][gc,phases      ] GC(1297)   Evacuate Collection Set: 0.2ms
[423.950s][info][gc,phases      ] GC(1297)   Post Evacuate Collection Set: 0.2ms
[423.950s][info][gc,phases      ] GC(1297)   Other: 0.1ms
[423.950s][info][gc,heap        ] GC(1297) Eden regions: 0->0(25)
[423.950s][info][gc,heap        ] GC(1297) Survivor regions: 0->0(0)
[423.950s][info][gc,heap        ] GC(1297) Old regions: 494->494
[423.950s][info][gc,heap        ] GC(1297) Archive regions: 2->2
[423.950s][info][gc,heap        ] GC(1297) Humongous regions: 16->16
[423.950s][info][gc,metaspace   ] GC(1297) Metaspace: 44325K(45568K)->44325K(45568K) NonClass: 39087K(39936K)->39087K(39936K) Class: 5238K(5632K)->5238K(5632K)
[423.950s][info][gc             ] GC(1297) Pause Young (Normal) (G1 Evacuation Pause) 510M->510M(512M) 0.607ms
[423.950s][info][gc,cpu         ] GC(1297) User=0.00s Sys=0.00s Real=0.00s
[423.950s][info][gc,ergo        ] Attempting maximally compacting collection
[423.950s][info][gc,task        ] GC(1298) Using 8 workers of 8 for full compaction
[423.950s][info][gc,start       ] GC(1298) Pause Full (G1 Evacuation Pause)
[423.950s][info][gc,phases,start] GC(1298) Phase 1: Mark live objects
[424.174s][info][gc,phases      ] GC(1298) Phase 1: Mark live objects 223.741ms
[424.174s][info][gc,phases,start] GC(1298) Phase 2: Prepare for compaction
[424.205s][info][gc,phases      ] GC(1298) Phase 2: Prepare for compaction 31.108ms
[424.205s][info][gc,phases,start] GC(1298) Phase 3: Adjust pointers
[424.275s][info][gc,phases      ] GC(1298) Phase 3: Adjust pointers 70.048ms
[424.275s][info][gc,phases,start] GC(1298) Phase 4: Compact heap
[424.303s][info][gc,phases      ] GC(1298) Phase 4: Compact heap 27.953ms
[424.307s][info][gc,heap        ] GC(1298) Eden regions: 0->0(25)
[424.307s][info][gc,heap        ] GC(1298) Survivor regions: 0->0(0)
[424.307s][info][gc,heap        ] GC(1298) Old regions: 494->494
[424.307s][info][gc,heap        ] GC(1298) Archive regions: 2->2
[424.307s][info][gc,heap        ] GC(1298) Humongous regions: 16->16
[424.307s][info][gc,metaspace   ] GC(1298) Metaspace: 44325K(45568K)->44325K(45568K) NonClass: 39087K(39936K)->39087K(39936K) Class: 5238K(5632K)->5238K(5632K)
[424.307s][info][gc             ] GC(1298) Pause Full (G1 Evacuation Pause) 510M->510M(512M) 357.170ms
[424.308s][info][gc,cpu         ] GC(1298) User=2.46s Sys=0.03s Real=0.36s
[424.309s][info][gc,task        ] GC(1299) Using 8 workers of 8 for full compaction
[424.309s][info][gc,start       ] GC(1299) Pause Full (G1 Evacuation Pause)
[424.309s][info][gc,phases,start] GC(1299) Phase 1: Mark live objects
[424.540s][info][gc,phases      ] GC(1299) Phase 1: Mark live objects 231.787ms
[424.540s][info][gc,phases,start] GC(1299) Phase 2: Prepare for compaction
[424.572s][info][gc,phases      ] GC(1299) Phase 2: Prepare for compaction 31.666ms
[424.572s][info][gc,phases,start] GC(1299) Phase 3: Adjust pointers
[424.646s][info][gc,phases      ] GC(1299) Phase 3: Adjust pointers 73.954ms
[424.646s][info][gc,phases,start] GC(1299) Phase 4: Compact heap
[424.673s][info][gc,phases      ] GC(1299) Phase 4: Compact heap 26.426ms
[424.677s][info][gc,heap        ] GC(1299) Eden regions: 0->0(25)
[424.677s][info][gc,heap        ] GC(1299) Survivor regions: 0->0(0)
[424.677s][info][gc,heap        ] GC(1299) Old regions: 494->494
[424.677s][info][gc,heap        ] GC(1299) Archive regions: 2->2
[424.677s][info][gc,heap        ] GC(1299) Humongous regions: 16->16
[424.677s][info][gc,metaspace   ] GC(1299) Metaspace: 44325K(45568K)->44325K(45568K) NonClass: 39087K(39936K)->39087K(39936K) Class: 5238K(5632K)->5238K(5632K)
[424.677s][info][gc             ] GC(1299) Pause Full (G1 Evacuation Pause) 510M->510M(512M) 368.243ms
[424.678s][info][gc,cpu         ] GC(1299) User=2.46s Sys=0.03s Real=0.37s
[424.678s][info][gc,task        ] GC(1300) Using 8 workers of 8 for full compaction
[424.678s][info][gc,start       ] GC(1300) Pause Full (G1 Evacuation Pause)
[424.678s][info][gc,phases,start] GC(1300) Phase 1: Mark live objects
[424.970s][info][gc,phases      ] GC(1300) Phase 1: Mark live objects 291.545ms
[424.970s][info][gc,phases,start] GC(1300) Phase 2: Prepare for compaction
[425.037s][info][gc,phases      ] GC(1300) Phase 2: Prepare for compaction 67.293ms
[425.037s][info][gc,phases,start] GC(1300) Phase 3: Adjust pointers
[425.113s][info][gc,phases      ] GC(1300) Phase 3: Adjust pointers 75.649ms
[425.113s][info][gc,phases,start] GC(1300) Phase 4: Compact heap
[425.141s][info][gc,phases      ] GC(1300) Phase 4: Compact heap 27.750ms
[425.145s][info][gc,heap        ] GC(1300) Eden regions: 0->0(25)
[425.145s][info][gc,heap        ] GC(1300) Survivor regions: 0->0(0)
[425.145s][info][gc,heap        ] GC(1300) Old regions: 494->494
[425.145s][info][gc,heap        ] GC(1300) Archive regions: 2->2
[425.145s][info][gc,heap        ] GC(1300) Humongous regions: 16->16
[425.145s][info][gc,metaspace   ] GC(1300) Metaspace: 44325K(45568K)->44325K(45568K) NonClass: 39087K(39936K)->39087K(39936K) Class: 5238K(5632K)->5238K(5632K)
[425.145s][info][gc             ] GC(1300) Pause Full (G1 Evacuation Pause) 510M->510M(512M) 466.663ms
[425.147s][info][gc,cpu         ] GC(1300) User=2.70s Sys=0.02s Real=0.47s
[425.147s][info][gc,start       ] GC(1301) Pause Young (Concurrent Start) (G1 Evacuation Pause)
[425.147s][info][gc,task        ] GC(1301) Using 8 workers of 8 for evacuation
[425.148s][info][gc,phases      ] GC(1301)   Pre Evacuate Collection Set: 0.1ms
[425.148s][info][gc,phases      ] GC(1301)   Merge Heap Roots: 0.0ms
[425.148s][info][gc,phases      ] GC(1301)   Evacuate Collection Set: 0.5ms
[425.148s][info][gc,phases      ] GC(1301)   Post Evacuate Collection Set: 0.2ms
[425.148s][info][gc,phases      ] GC(1301)   Other: 0.1ms
[425.148s][info][gc,heap        ] GC(1301) Eden regions: 0->0(25)
[425.148s][info][gc,heap        ] GC(1301) Survivor regions: 0->0(0)
[425.148s][info][gc,heap        ] GC(1301) Old regions: 494->494
[425.148s][info][gc,heap        ] GC(1301) Archive regions: 2->2
[425.148s][info][gc,heap        ] GC(1301) Humongous regions: 16->16
[425.148s][info][gc,metaspace   ] GC(1301) Metaspace: 44325K(45568K)->44325K(45568K) NonClass: 39087K(39936K)->39087K(39936K) Class: 5238K(5632K)->5238K(5632K)
[425.148s][info][gc             ] GC(1301) Pause Young (Concurrent Start) (G1 Evacuation Pause) 510M->510M(512M) 1.021ms
[425.148s][info][gc,cpu         ] GC(1301) User=0.00s Sys=0.00s Real=0.00s
[425.148s][info][gc,ergo        ] Attempting maximally compacting collection
[425.148s][info][gc,task        ] GC(1302) Using 8 workers of 8 for full compaction
[425.148s][info][gc,start       ] GC(1302) Pause Full (G1 Evacuation Pause)
[425.148s][info][gc             ] GC(1303) Concurrent Cycle
[425.148s][info][gc,marking     ] GC(1303) Concurrent Clear Claimed Marks
[425.148s][info][gc,marking     ] GC(1303) Concurrent Clear Claimed Marks 0.041ms
[425.148s][info][gc,marking     ] GC(1303) Concurrent Scan Root Regions
[425.148s][info][gc,marking     ] GC(1303) Concurrent Scan Root Regions 0.025ms
[425.148s][info][gc,marking     ] GC(1303) Concurrent Mark (425.148s)
[425.148s][info][gc,marking     ] GC(1303) Concurrent Mark From Roots
[425.148s][info][gc,task        ] GC(1303) Using 2 workers of 2 for marking
[425.149s][info][gc,phases,start] GC(1302) Phase 1: Mark live objects
[425.383s][info][gc,phases      ] GC(1302) Phase 1: Mark live objects 234.526ms
[425.383s][info][gc,phases,start] GC(1302) Phase 2: Prepare for compaction
[425.418s][info][gc,phases      ] GC(1302) Phase 2: Prepare for compaction 34.810ms
[425.418s][info][gc,phases,start] GC(1302) Phase 3: Adjust pointers
[425.498s][info][gc,phases      ] GC(1302) Phase 3: Adjust pointers 80.303ms
[425.498s][info][gc,phases,start] GC(1302) Phase 4: Compact heap
[425.525s][info][gc,phases      ] GC(1302) Phase 4: Compact heap 26.613ms
[425.529s][info][gc,heap        ] GC(1302) Eden regions: 0->0(25)
[425.529s][info][gc,heap        ] GC(1302) Survivor regions: 0->0(0)
[425.529s][info][gc,heap        ] GC(1302) Old regions: 494->494
[425.529s][info][gc,heap        ] GC(1302) Archive regions: 2->2
[425.529s][info][gc,heap        ] GC(1302) Humongous regions: 16->16
[425.529s][info][gc,metaspace   ] GC(1302) Metaspace: 44325K(45568K)->44325K(45568K) NonClass: 39087K(39936K)->39087K(39936K) Class: 5238K(5632K)->5238K(5632K)
[425.529s][info][gc             ] GC(1302) Pause Full (G1 Evacuation Pause) 510M->510M(512M) 381.384ms
[425.531s][info][gc,cpu         ] GC(1302) User=2.51s Sys=0.05s Real=0.38s
[425.531s][info][gc,task        ] GC(1304) Using 8 workers of 8 for full compaction
[425.531s][info][gc,start       ] GC(1304) Pause Full (G1 Evacuation Pause)
[425.531s][info][gc,phases,start] GC(1304) Phase 1: Mark live objects
[425.757s][info][gc,phases      ] GC(1304) Phase 1: Mark live objects 226.614ms
[425.758s][info][gc,phases,start] GC(1304) Phase 2: Prepare for compaction
[425.788s][info][gc,phases      ] GC(1304) Phase 2: Prepare for compaction 30.130ms
[425.788s][info][gc,phases,start] GC(1304) Phase 3: Adjust pointers
[425.858s][info][gc,phases      ] GC(1304) Phase 3: Adjust pointers 70.753ms
[425.859s][info][gc,phases,start] GC(1304) Phase 4: Compact heap
[425.886s][info][gc,phases      ] GC(1304) Phase 4: Compact heap 27.734ms
[425.890s][info][gc,heap        ] GC(1304) Eden regions: 0->0(25)
[425.890s][info][gc,heap        ] GC(1304) Survivor regions: 0->0(0)
[425.890s][info][gc,heap        ] GC(1304) Old regions: 494->494
[425.890s][info][gc,heap        ] GC(1304) Archive regions: 2->2
[425.890s][info][gc,heap        ] GC(1304) Humongous regions: 16->16
[425.890s][info][gc,metaspace   ] GC(1304) Metaspace: 44325K(45568K)->44325K(45568K) NonClass: 39087K(39936K)->39087K(39936K) Class: 5238K(5632K)->5238K(5632K)
[425.890s][info][gc             ] GC(1304) Pause Full (G1 Evacuation Pause) 510M->510M(512M) 359.535ms
[425.892s][info][gc,cpu         ] GC(1304) User=2.49s Sys=0.05s Real=0.36s
[425.892s][info][gc,task        ] GC(1305) Using 8 workers of 8 for full compaction
[425.892s][info][gc,start       ] GC(1305) Pause Full (G1 Evacuation Pause)
[425.892s][info][gc,phases,start] GC(1305) Phase 1: Mark live objects
[426.181s][info][gc,phases      ] GC(1305) Phase 1: Mark live objects 288.921ms
[426.181s][info][gc,phases,start] GC(1305) Phase 2: Prepare for compaction
[426.229s][info][gc,phases      ] GC(1305) Phase 2: Prepare for compaction 48.126ms
[426.229s][info][gc,phases,start] GC(1305) Phase 3: Adjust pointers
[426.316s][info][gc,phases      ] GC(1305) Phase 3: Adjust pointers 87.028ms
[426.316s][info][gc,phases,start] GC(1305) Phase 4: Compact heap
[426.344s][info][gc,phases      ] GC(1305) Phase 4: Compact heap 27.082ms
[426.348s][info][gc,heap        ] GC(1305) Eden regions: 0->0(25)
[426.348s][info][gc,heap        ] GC(1305) Survivor regions: 0->0(0)
[426.348s][info][gc,heap        ] GC(1305) Old regions: 494->494
[426.348s][info][gc,heap        ] GC(1305) Archive regions: 2->2
[426.348s][info][gc,heap        ] GC(1305) Humongous regions: 16->16
[426.348s][info][gc,metaspace   ] GC(1305) Metaspace: 44325K(45568K)->44325K(45568K) NonClass: 39087K(39936K)->39087K(39936K) Class: 5238K(5632K)->5238K(5632K)
[426.348s][info][gc             ] GC(1305) Pause Full (G1 Evacuation Pause) 510M->510M(512M) 455.553ms
[426.350s][info][gc,cpu         ] GC(1305) User=2.48s Sys=0.04s Real=0.46s
[426.350s][info][gc,marking     ] GC(1303) Concurrent Mark From Roots 1201.518ms
[426.350s][info][gc,start       ] GC(1306) Pause Young (Normal) (G1 Evacuation Pause)
[426.350s][info][gc,task        ] GC(1306) Using 8 workers of 8 for evacuation
[426.350s][info][gc,phases      ] GC(1306)   Pre Evacuate Collection Set: 0.1ms
[426.350s][info][gc,phases      ] GC(1306)   Merge Heap Roots: 0.0ms
[426.350s][info][gc,phases      ] GC(1306)   Evacuate Collection Set: 0.2ms
[426.350s][info][gc,phases      ] GC(1306)   Post Evacuate Collection Set: 0.2ms
[426.350s][info][gc,phases      ] GC(1306)   Other: 0.1ms
[426.350s][info][gc,heap        ] GC(1306) Eden regions: 0->0(25)
[426.351s][info][gc,heap        ] GC(1306) Survivor regions: 0->0(0)
[426.351s][info][gc,heap        ] GC(1306) Old regions: 494->494
[426.351s][info][gc,heap        ] GC(1306) Archive regions: 2->2
[426.351s][info][gc,heap        ] GC(1306) Humongous regions: 16->16
[426.351s][info][gc,metaspace   ] GC(1306) Metaspace: 44325K(45568K)->44325K(45568K) NonClass: 39087K(39936K)->39087K(39936K) Class: 5238K(5632K)->5238K(5632K)
[426.351s][info][gc             ] GC(1306) Pause Young (Normal) (G1 Evacuation Pause) 510M->510M(512M) 0.681ms
[426.351s][info][gc,cpu         ] GC(1306) User=0.00s Sys=0.00s Real=0.00s
[426.351s][info][gc,ergo        ] Attempting maximally compacting collection
[426.351s][info][gc,task        ] GC(1307) Using 8 workers of 8 for full compaction
[426.351s][info][gc,start       ] GC(1307) Pause Full (G1 Evacuation Pause)
[426.351s][info][gc,phases,start] GC(1307) Phase 1: Mark live objects
[426.585s][info][gc,phases      ] GC(1307) Phase 1: Mark live objects 234.157ms
[426.585s][info][gc,phases,start] GC(1307) Phase 2: Prepare for compaction
[426.617s][info][gc,phases      ] GC(1307) Phase 2: Prepare for compaction 31.690ms
[426.617s][info][gc,phases,start] GC(1307) Phase 3: Adjust pointers
[426.689s][info][gc,phases      ] GC(1307) Phase 3: Adjust pointers 72.683ms
[426.689s][info][gc,phases,start] GC(1307) Phase 4: Compact heap
[426.715s][info][gc,phases      ] GC(1307) Phase 4: Compact heap 25.476ms
[426.720s][info][gc,heap        ] GC(1307) Eden regions: 0->0(25)
[426.720s][info][gc,heap        ] GC(1307) Survivor regions: 0->0(0)
[426.720s][info][gc,heap        ] GC(1307) Old regions: 494->494
[426.720s][info][gc,heap        ] GC(1307) Archive regions: 2->2
[426.720s][info][gc,heap        ] GC(1307) Humongous regions: 16->16
[426.720s][info][gc,metaspace   ] GC(1307) Metaspace: 44325K(45568K)->44325K(45568K) NonClass: 39087K(39936K)->39087K(39936K) Class: 5238K(5632K)->5238K(5632K)
[426.720s][info][gc             ] GC(1307) Pause Full (G1 Evacuation Pause) 510M->510M(512M) 369.431ms
[426.722s][info][gc,cpu         ] GC(1307) User=2.56s Sys=0.04s Real=0.37s
[426.722s][info][gc,task        ] GC(1308) Using 8 workers of 8 for full compaction
[426.722s][info][gc,start       ] GC(1308) Pause Full (G1 Evacuation Pause)
[426.722s][info][gc,phases,start] GC(1308) Phase 1: Mark live objects
[426.963s][info][gc,phases      ] GC(1308) Phase 1: Mark live objects 240.666ms
[426.963s][info][gc,phases,start] GC(1308) Phase 2: Prepare for compaction
[426.995s][info][gc,phases      ] GC(1308) Phase 2: Prepare for compaction 32.361ms
[426.995s][info][gc,phases,start] GC(1308) Phase 3: Adjust pointers
[427.150s][info][gc,phases      ] GC(1308) Phase 3: Adjust pointers 155.118ms
[427.150s][info][gc,phases,start] GC(1308) Phase 4: Compact heap
[427.200s][info][gc,phases      ] GC(1308) Phase 4: Compact heap 49.832ms
[427.205s][info][gc,heap        ] GC(1308) Eden regions: 0->0(25)
[427.205s][info][gc,heap        ] GC(1308) Survivor regions: 0->0(0)
[427.205s][info][gc,heap        ] GC(1308) Old regions: 494->494
[427.205s][info][gc,heap        ] GC(1308) Archive regions: 2->2
[427.205s][info][gc,heap        ] GC(1308) Humongous regions: 16->16
[427.205s][info][gc,metaspace   ] GC(1308) Metaspace: 44325K(45568K)->44325K(45568K) NonClass: 39087K(39936K)->39087K(39936K) Class: 5238K(5632K)->5238K(5632K)
[427.205s][info][gc             ] GC(1308) Pause Full (G1 Evacuation Pause) 510M->510M(512M) 483.536ms
[427.207s][info][gc,cpu         ] GC(1308) User=2.55s Sys=0.03s Real=0.49s
[427.208s][info][gc,task        ] GC(1309) Using 8 workers of 8 for full compaction
[427.208s][info][gc,start       ] GC(1309) Pause Full (G1 Evacuation Pause)
[427.208s][info][gc,phases,start] GC(1309) Phase 1: Mark live objects
[427.534s][info][gc,phases      ] GC(1309) Phase 1: Mark live objects 326.225ms
[427.534s][info][gc,phases,start] GC(1309) Phase 2: Prepare for compaction
[427.574s][info][gc,phases      ] GC(1309) Phase 2: Prepare for compaction 39.983ms
[427.574s][info][gc,phases,start] GC(1309) Phase 3: Adjust pointers
[427.671s][info][gc,phases      ] GC(1309) Phase 3: Adjust pointers 96.631ms
[427.671s][info][gc,phases,start] GC(1309) Phase 4: Compact heap
[427.706s][info][gc,phases      ] GC(1309) Phase 4: Compact heap 35.005ms
[427.710s][info][gc,heap        ] GC(1309) Eden regions: 0->0(25)
[427.710s][info][gc,heap        ] GC(1309) Survivor regions: 0->0(0)
[427.710s][info][gc,heap        ] GC(1309) Old regions: 494->494
[427.710s][info][gc,heap        ] GC(1309) Archive regions: 2->2
[427.710s][info][gc,heap        ] GC(1309) Humongous regions: 16->16
[427.710s][info][gc,metaspace   ] GC(1309) Metaspace: 44325K(45568K)->44325K(45568K) NonClass: 39087K(39936K)->39087K(39936K) Class: 5238K(5632K)->5238K(5632K)
[427.710s][info][gc             ] GC(1309) Pause Full (G1 Evacuation Pause) 510M->510M(512M) 502.500ms
[427.712s][info][gc,cpu         ] GC(1309) User=2.53s Sys=0.03s Real=0.50s
[427.712s][info][gc,marking     ] GC(1303) Concurrent Mark Abort
[427.712s][info][gc             ] GC(1303) Concurrent Cycle 2564.012ms
[427.712s][info][gc,start       ] GC(1310) Pause Young (Normal) (G1 Evacuation Pause)
[427.712s][info][gc,task        ] GC(1310) Using 8 workers of 8 for evacuation
[427.714s][info][gc,phases      ] GC(1310)   Pre Evacuate Collection Set: 0.1ms
[427.714s][info][gc,phases      ] GC(1310)   Merge Heap Roots: 0.0ms
[427.714s][info][gc,phases      ] GC(1310)   Evacuate Collection Set: 1.0ms
[427.714s][info][gc,phases      ] GC(1310)   Post Evacuate Collection Set: 0.3ms
[427.714s][info][gc,phases      ] GC(1310)   Other: 0.1ms
[427.714s][info][gc,heap        ] GC(1310) Eden regions: 0->0(25)
[427.714s][info][gc,heap        ] GC(1310) Survivor regions: 0->0(0)
[427.714s][info][gc,heap        ] GC(1310) Old regions: 494->494
[427.714s][info][gc,heap        ] GC(1310) Archive regions: 2->2
[427.714s][info][gc,heap        ] GC(1310) Humongous regions: 16->16
[427.714s][info][gc,metaspace   ] GC(1310) Metaspace: 44325K(45568K)->44325K(45568K) NonClass: 39087K(39936K)->39087K(39936K) Class: 5238K(5632K)->5238K(5632K)
[427.714s][info][gc             ] GC(1310) Pause Young (Normal) (G1 Evacuation Pause) 510M->510M(512M) 1.620ms
[427.714s][info][gc,cpu         ] GC(1310) User=0.00s Sys=0.01s Real=0.00s
[427.714s][info][gc,ergo        ] Attempting maximally compacting collection
[427.714s][info][gc,task        ] GC(1311) Using 8 workers of 8 for full compaction
[427.714s][info][gc,start       ] GC(1311) Pause Full (G1 Evacuation Pause)
[427.714s][info][gc,phases,start] GC(1311) Phase 1: Mark live objects
[428.003s][info][gc,phases      ] GC(1311) Phase 1: Mark live objects 289.480ms
[428.004s][info][gc,phases,start] GC(1311) Phase 2: Prepare for compaction
[428.043s][info][gc,phases      ] GC(1311) Phase 2: Prepare for compaction 39.810ms
[428.043s][info][gc,phases,start] GC(1311) Phase 3: Adjust pointers
[428.127s][info][gc,phases      ] GC(1311) Phase 3: Adjust pointers 83.071ms
[428.127s][info][gc,phases,start] GC(1311) Phase 4: Compact heap
[428.156s][info][gc,phases      ] GC(1311) Phase 4: Compact heap 29.933ms
[428.161s][info][gc,heap        ] GC(1311) Eden regions: 0->0(25)
[428.161s][info][gc,heap        ] GC(1311) Survivor regions: 0->0(0)
[428.161s][info][gc,heap        ] GC(1311) Old regions: 494->494
[428.161s][info][gc,heap        ] GC(1311) Archive regions: 2->2
[428.161s][info][gc,heap        ] GC(1311) Humongous regions: 16->16
[428.161s][info][gc,metaspace   ] GC(1311) Metaspace: 44325K(45568K)->44325K(45568K) NonClass: 39087K(39936K)->39087K(39936K) Class: 5238K(5632K)->5238K(5632K)
[428.161s][info][gc             ] GC(1311) Pause Full (G1 Evacuation Pause) 510M->510M(512M) 447.041ms
[428.163s][info][gc,cpu         ] GC(1311) User=2.53s Sys=0.03s Real=0.45s
[428.163s][info][gc,task        ] GC(1312) Using 8 workers of 8 for full compaction
[428.163s][info][gc,start       ] GC(1312) Pause Full (G1 Evacuation Pause)
[428.163s][info][gc,phases,start] GC(1312) Phase 1: Mark live objects
[428.405s][info][gc,phases      ] GC(1312) Phase 1: Mark live objects 242.194ms
[428.405s][info][gc,phases,start] GC(1312) Phase 2: Prepare for compaction
[428.439s][info][gc,phases      ] GC(1312) Phase 2: Prepare for compaction 33.597ms
[428.439s][info][gc,phases,start] GC(1312) Phase 3: Adjust pointers
[428.516s][info][gc,phases      ] GC(1312) Phase 3: Adjust pointers 77.326ms
[428.516s][info][gc,phases,start] GC(1312) Phase 4: Compact heap
[428.542s][info][gc,phases      ] GC(1312) Phase 4: Compact heap 26.158ms
[428.547s][info][gc,heap        ] GC(1312) Eden regions: 0->0(25)
[428.547s][info][gc,heap        ] GC(1312) Survivor regions: 0->0(0)
[428.547s][info][gc,heap        ] GC(1312) Old regions: 494->494
[428.547s][info][gc,heap        ] GC(1312) Archive regions: 2->2
[428.547s][info][gc,heap        ] GC(1312) Humongous regions: 16->16
[428.547s][info][gc,metaspace   ] GC(1312) Metaspace: 44325K(45568K)->44325K(45568K) NonClass: 39087K(39936K)->39087K(39936K) Class: 5238K(5632K)->5238K(5632K)
[428.547s][info][gc             ] GC(1312) Pause Full (G1 Evacuation Pause) 510M->510M(512M) 383.768ms
[428.548s][info][gc,cpu         ] GC(1312) User=2.54s Sys=0.02s Real=0.39s
[428.548s][info][gc,task        ] GC(1313) Using 8 workers of 8 for full compaction
[428.548s][info][gc,start       ] GC(1313) Pause Full (G1 Evacuation Pause)
[428.549s][info][gc,phases,start] GC(1313) Phase 1: Mark live objects
[428.771s][info][gc,phases      ] GC(1313) Phase 1: Mark live objects 221.966ms
[428.771s][info][gc,phases,start] GC(1313) Phase 2: Prepare for compaction
[428.801s][info][gc,phases      ] GC(1313) Phase 2: Prepare for compaction 30.129ms
[428.801s][info][gc,phases,start] GC(1313) Phase 3: Adjust pointers
[428.875s][info][gc,phases      ] GC(1313) Phase 3: Adjust pointers 74.186ms
[428.875s][info][gc,phases,start] GC(1313) Phase 4: Compact heap
[428.904s][info][gc,phases      ] GC(1313) Phase 4: Compact heap 29.236ms
[428.908s][info][gc,heap        ] GC(1313) Eden regions: 0->0(25)
[428.908s][info][gc,heap        ] GC(1313) Survivor regions: 0->0(0)
[428.908s][info][gc,heap        ] GC(1313) Old regions: 494->494
[428.908s][info][gc,heap        ] GC(1313) Archive regions: 2->2
[428.908s][info][gc,heap        ] GC(1313) Humongous regions: 16->16
[428.908s][info][gc,metaspace   ] GC(1313) Metaspace: 44325K(45568K)->44325K(45568K) NonClass: 39087K(39936K)->39087K(39936K) Class: 5238K(5632K)->5238K(5632K)
[428.908s][info][gc             ] GC(1313) Pause Full (G1 Evacuation Pause) 510M->510M(512M) 359.785ms
[428.910s][info][gc,cpu         ] GC(1313) User=2.49s Sys=0.04s Real=0.36s
[428.910s][info][gc,start       ] GC(1314) Pause Young (Concurrent Start) (G1 Evacuation Pause)
[428.910s][info][gc,task        ] GC(1314) Using 8 workers of 8 for evacuation
[428.911s][info][gc,phases      ] GC(1314)   Pre Evacuate Collection Set: 0.1ms
[428.911s][info][gc,phases      ] GC(1314)   Merge Heap Roots: 0.0ms
[428.911s][info][gc,phases      ] GC(1314)   Evacuate Collection Set: 0.5ms
[428.911s][info][gc,phases      ] GC(1314)   Post Evacuate Collection Set: 0.1ms
[428.911s][info][gc,phases      ] GC(1314)   Other: 0.1ms
[428.911s][info][gc,heap        ] GC(1314) Eden regions: 0->0(25)
[428.911s][info][gc,heap        ] GC(1314) Survivor regions: 0->0(0)
[428.911s][info][gc,heap        ] GC(1314) Old regions: 494->494
[428.911s][info][gc,heap        ] GC(1314) Archive regions: 2->2
[428.911s][info][gc,heap        ] GC(1314) Humongous regions: 16->16
[428.911s][info][gc,metaspace   ] GC(1314) Metaspace: 44325K(45568K)->44325K(45568K) NonClass: 39087K(39936K)->39087K(39936K) Class: 5238K(5632K)->5238K(5632K)
[428.911s][info][gc             ] GC(1314) Pause Young (Concurrent Start) (G1 Evacuation Pause) 510M->510M(512M) 0.969ms
[428.911s][info][gc,cpu         ] GC(1314) User=0.00s Sys=0.00s Real=0.00s
[428.911s][info][gc,ergo        ] Attempting maximally compacting collection
[428.911s][info][gc,task        ] GC(1315) Using 8 workers of 8 for full compaction
[428.911s][info][gc,start       ] GC(1315) Pause Full (G1 Evacuation Pause)
[428.911s][info][gc             ] GC(1316) Concurrent Cycle
[428.911s][info][gc,marking     ] GC(1316) Concurrent Clear Claimed Marks
[428.912s][info][gc,marking     ] GC(1316) Concurrent Clear Claimed Marks 0.064ms
[428.912s][info][gc,marking     ] GC(1316) Concurrent Scan Root Regions
[428.912s][info][gc,marking     ] GC(1316) Concurrent Scan Root Regions 0.025ms
[428.912s][info][gc,marking     ] GC(1316) Concurrent Mark (428.912s)
[428.912s][info][gc,marking     ] GC(1316) Concurrent Mark From Roots
[428.912s][info][gc,task        ] GC(1316) Using 2 workers of 2 for marking
[428.912s][info][gc,phases,start] GC(1315) Phase 1: Mark live objects
[429.134s][info][gc,phases      ] GC(1315) Phase 1: Mark live objects 221.771ms
[429.134s][info][gc,phases,start] GC(1315) Phase 2: Prepare for compaction
[429.163s][info][gc,phases      ] GC(1315) Phase 2: Prepare for compaction 29.135ms
[429.163s][info][gc,phases,start] GC(1315) Phase 3: Adjust pointers
[429.237s][info][gc,phases      ] GC(1315) Phase 3: Adjust pointers 73.729ms
[429.237s][info][gc,phases,start] GC(1315) Phase 4: Compact heap
[429.268s][info][gc,phases      ] GC(1315) Phase 4: Compact heap 30.788ms
[429.272s][info][gc,heap        ] GC(1315) Eden regions: 0->0(25)
[429.272s][info][gc,heap        ] GC(1315) Survivor regions: 0->0(0)
[429.272s][info][gc,heap        ] GC(1315) Old regions: 494->494
[429.272s][info][gc,heap        ] GC(1315) Archive regions: 2->2
[429.272s][info][gc,heap        ] GC(1315) Humongous regions: 16->16
[429.272s][info][gc,metaspace   ] GC(1315) Metaspace: 44325K(45568K)->44325K(45568K) NonClass: 39087K(39936K)->39087K(39936K) Class: 5238K(5632K)->5238K(5632K)
[429.272s][info][gc             ] GC(1315) Pause Full (G1 Evacuation Pause) 510M->510M(512M) 360.366ms
[429.273s][info][gc,cpu         ] GC(1315) User=2.51s Sys=0.02s Real=0.36s
[429.273s][info][gc,task        ] GC(1317) Using 8 workers of 8 for full compaction
[429.273s][info][gc,start       ] GC(1317) Pause Full (G1 Evacuation Pause)
[429.273s][info][gc,phases,start] GC(1317) Phase 1: Mark live objects
[429.501s][info][gc,phases      ] GC(1317) Phase 1: Mark live objects 227.882ms
[429.501s][info][gc,phases,start] GC(1317) Phase 2: Prepare for compaction
[429.531s][info][gc,phases      ] GC(1317) Phase 2: Prepare for compaction 29.628ms
[429.531s][info][gc,phases,start] GC(1317) Phase 3: Adjust pointers
[429.605s][info][gc,phases      ] GC(1317) Phase 3: Adjust pointers 73.931ms
[429.605s][info][gc,phases,start] GC(1317) Phase 4: Compact heap
[429.632s][info][gc,phases      ] GC(1317) Phase 4: Compact heap 26.484ms
[429.636s][info][gc,heap        ] GC(1317) Eden regions: 0->0(25)
[429.636s][info][gc,heap        ] GC(1317) Survivor regions: 0->0(0)
[429.636s][info][gc,heap        ] GC(1317) Old regions: 494->494
[429.636s][info][gc,heap        ] GC(1317) Archive regions: 2->2
[429.636s][info][gc,heap        ] GC(1317) Humongous regions: 16->16
[429.636s][info][gc,metaspace   ] GC(1317) Metaspace: 44325K(45568K)->44325K(45568K) NonClass: 39087K(39936K)->39087K(39936K) Class: 5238K(5632K)->5238K(5632K)
[429.636s][info][gc             ] GC(1317) Pause Full (G1 Evacuation Pause) 510M->510M(512M) 362.339ms
[429.637s][info][gc,cpu         ] GC(1317) User=2.49s Sys=0.03s Real=0.37s
[429.637s][info][gc,task        ] GC(1318) Using 8 workers of 8 for full compaction
[429.637s][info][gc,start       ] GC(1318) Pause Full (G1 Evacuation Pause)
[429.637s][info][gc,phases,start] GC(1318) Phase 1: Mark live objects
[429.860s][info][gc,phases      ] GC(1318) Phase 1: Mark live objects 222.440ms
[429.860s][info][gc,phases,start] GC(1318) Phase 2: Prepare for compaction
[429.891s][info][gc,phases      ] GC(1318) Phase 2: Prepare for compaction 30.783ms
[429.891s][info][gc,phases,start] GC(1318) Phase 3: Adjust pointers
[429.964s][info][gc,phases      ] GC(1318) Phase 3: Adjust pointers 73.017ms
[429.964s][info][gc,phases,start] GC(1318) Phase 4: Compact heap
[429.988s][info][gc,phases      ] GC(1318) Phase 4: Compact heap 24.598ms
[429.993s][info][gc,heap        ] GC(1318) Eden regions: 0->0(25)
[429.993s][info][gc,heap        ] GC(1318) Survivor regions: 0->0(0)
[429.993s][info][gc,heap        ] GC(1318) Old regions: 494->494
[429.993s][info][gc,heap        ] GC(1318) Archive regions: 2->2
[429.993s][info][gc,heap        ] GC(1318) Humongous regions: 16->16
[429.993s][info][gc,metaspace   ] GC(1318) Metaspace: 44325K(45568K)->44325K(45568K) NonClass: 39087K(39936K)->39087K(39936K) Class: 5238K(5632K)->5238K(5632K)
[429.993s][info][gc             ] GC(1318) Pause Full (G1 Evacuation Pause) 510M->510M(512M) 355.188ms
[429.994s][info][gc,cpu         ] GC(1318) User=2.49s Sys=0.03s Real=0.35s
[429.994s][info][gc,marking     ] GC(1316) Concurrent Mark From Roots 1082.426ms
[429.994s][info][gc,start       ] GC(1319) Pause Young (Normal) (G1 Evacuation Pause)
[429.994s][info][gc,task        ] GC(1319) Using 8 workers of 8 for evacuation
[429.995s][info][gc,phases      ] GC(1319)   Pre Evacuate Collection Set: 0.1ms
[429.995s][info][gc,phases      ] GC(1319)   Merge Heap Roots: 0.0ms
[429.995s][info][gc,phases      ] GC(1319)   Evacuate Collection Set: 0.2ms
[429.995s][info][gc,phases      ] GC(1319)   Post Evacuate Collection Set: 0.2ms
[429.995s][info][gc,phases      ] GC(1319)   Other: 0.1ms
[429.995s][info][gc,heap        ] GC(1319) Eden regions: 0->0(25)
[429.995s][info][gc,heap        ] GC(1319) Survivor regions: 0->0(0)
[429.995s][info][gc,heap        ] GC(1319) Old regions: 494->494
[429.995s][info][gc,heap        ] GC(1319) Archive regions: 2->2
[429.995s][info][gc,heap        ] GC(1319) Humongous regions: 16->16
[429.995s][info][gc,metaspace   ] GC(1319) Metaspace: 44325K(45568K)->44325K(45568K) NonClass: 39087K(39936K)->39087K(39936K) Class: 5238K(5632K)->5238K(5632K)
[429.995s][info][gc             ] GC(1319) Pause Young (Normal) (G1 Evacuation Pause) 510M->510M(512M) 0.636ms
[429.995s][info][gc,cpu         ] GC(1319) User=0.01s Sys=0.00s Real=0.00s
[429.995s][info][gc,ergo        ] Attempting maximally compacting collection
[429.995s][info][gc,task        ] GC(1320) Using 8 workers of 8 for full compaction
[429.995s][info][gc,start       ] GC(1320) Pause Full (G1 Evacuation Pause)
[429.995s][info][gc,phases,start] GC(1320) Phase 1: Mark live objects
[430.214s][info][gc,phases      ] GC(1320) Phase 1: Mark live objects 218.737ms
[430.214s][info][gc,phases,start] GC(1320) Phase 2: Prepare for compaction
[430.247s][info][gc,phases      ] GC(1320) Phase 2: Prepare for compaction 33.125ms
[430.247s][info][gc,phases,start] GC(1320) Phase 3: Adjust pointers
[430.324s][info][gc,phases      ] GC(1320) Phase 3: Adjust pointers 76.901ms
[430.324s][info][gc,phases,start] GC(1320) Phase 4: Compact heap
[430.353s][info][gc,phases      ] GC(1320) Phase 4: Compact heap 28.861ms
[430.357s][info][gc,heap        ] GC(1320) Eden regions: 0->0(25)
[430.357s][info][gc,heap        ] GC(1320) Survivor regions: 0->0(0)
[430.357s][info][gc,heap        ] GC(1320) Old regions: 494->494
[430.357s][info][gc,heap        ] GC(1320) Archive regions: 2->2
[430.357s][info][gc,heap        ] GC(1320) Humongous regions: 16->16
[430.357s][info][gc,metaspace   ] GC(1320) Metaspace: 44325K(45568K)->44325K(45568K) NonClass: 39087K(39936K)->39087K(39936K) Class: 5238K(5632K)->5238K(5632K)
[430.357s][info][gc             ] GC(1320) Pause Full (G1 Evacuation Pause) 510M->510M(512M) 362.106ms
[430.358s][info][gc,cpu         ] GC(1320) User=2.48s Sys=0.03s Real=0.37s
[430.358s][info][gc,task        ] GC(1321) Using 8 workers of 8 for full compaction
[430.358s][info][gc,start       ] GC(1321) Pause Full (G1 Evacuation Pause)
[430.359s][info][gc,phases,start] GC(1321) Phase 1: Mark live objects
[430.601s][info][gc,phases      ] GC(1321) Phase 1: Mark live objects 242.882ms
[430.601s][info][gc,phases,start] GC(1321) Phase 2: Prepare for compaction
[430.633s][info][gc,phases      ] GC(1321) Phase 2: Prepare for compaction 32.037ms
[430.634s][info][gc,phases,start] GC(1321) Phase 3: Adjust pointers
[430.705s][info][gc,phases      ] GC(1321) Phase 3: Adjust pointers 71.666ms
[430.705s][info][gc,phases,start] GC(1321) Phase 4: Compact heap
[430.738s][info][gc,phases      ] GC(1321) Phase 4: Compact heap 32.531ms
[430.742s][info][gc,heap        ] GC(1321) Eden regions: 0->0(25)
[430.742s][info][gc,heap        ] GC(1321) Survivor regions: 0->0(0)
[430.742s][info][gc,heap        ] GC(1321) Old regions: 494->494
[430.742s][info][gc,heap        ] GC(1321) Archive regions: 2->2
[430.742s][info][gc,heap        ] GC(1321) Humongous regions: 16->16
[430.742s][info][gc,metaspace   ] GC(1321) Metaspace: 44325K(45568K)->44325K(45568K) NonClass: 39087K(39936K)->39087K(39936K) Class: 5238K(5632K)->5238K(5632K)
[430.742s][info][gc             ] GC(1321) Pause Full (G1 Evacuation Pause) 510M->510M(512M) 383.711ms
[430.744s][info][gc,cpu         ] GC(1321) User=2.49s Sys=0.04s Real=0.38s
[430.744s][info][gc,task        ] GC(1322) Using 8 workers of 8 for full compaction
[430.744s][info][gc,start       ] GC(1322) Pause Full (G1 Evacuation Pause)
[430.744s][info][gc,phases,start] GC(1322) Phase 1: Mark live objects
[430.985s][info][gc,phases      ] GC(1322) Phase 1: Mark live objects 240.422ms
[430.985s][info][gc,phases,start] GC(1322) Phase 2: Prepare for compaction
[431.071s][info][gc,phases      ] GC(1322) Phase 2: Prepare for compaction 86.278ms
[431.071s][info][gc,phases,start] GC(1322) Phase 3: Adjust pointers
[431.267s][info][gc,phases      ] GC(1322) Phase 3: Adjust pointers 196.362ms
[431.267s][info][gc,phases,start] GC(1322) Phase 4: Compact heap
[431.312s][info][gc,phases      ] GC(1322) Phase 4: Compact heap 44.726ms
[431.316s][info][gc,heap        ] GC(1322) Eden regions: 0->0(25)
[431.317s][info][gc,heap        ] GC(1322) Survivor regions: 0->0(0)
[431.317s][info][gc,heap        ] GC(1322) Old regions: 494->494
[431.317s][info][gc,heap        ] GC(1322) Archive regions: 2->2
[431.317s][info][gc,heap        ] GC(1322) Humongous regions: 16->16
[431.317s][info][gc,metaspace   ] GC(1322) Metaspace: 44325K(45568K)->44325K(45568K) NonClass: 39087K(39936K)->39087K(39936K) Class: 5238K(5632K)->5238K(5632K)
[431.317s][info][gc             ] GC(1322) Pause Full (G1 Evacuation Pause) 510M->510M(512M) 572.438ms
[431.319s][info][gc,cpu         ] GC(1322) User=2.45s Sys=0.05s Real=0.58s
[431.319s][info][gc,marking     ] GC(1316) Concurrent Mark Abort
[431.319s][info][gc             ] GC(1316) Concurrent Cycle 2408.035ms
[431.320s][info][gc,start       ] GC(1323) Pause Young (Normal) (G1 Evacuation Pause)
[431.320s][info][gc,task        ] GC(1323) Using 8 workers of 8 for evacuation
[431.321s][info][gc,phases      ] GC(1323)   Pre Evacuate Collection Set: 0.1ms
[431.321s][info][gc,phases      ] GC(1323)   Merge Heap Roots: 0.0ms
[431.321s][info][gc,phases      ] GC(1323)   Evacuate Collection Set: 0.8ms
[431.321s][info][gc,phases      ] GC(1323)   Post Evacuate Collection Set: 0.2ms
[431.321s][info][gc,phases      ] GC(1323)   Other: 0.1ms
[431.321s][info][gc,heap        ] GC(1323) Eden regions: 0->0(25)
[431.321s][info][gc,heap        ] GC(1323) Survivor regions: 0->0(0)
[431.321s][info][gc,heap        ] GC(1323) Old regions: 494->494
[431.321s][info][gc,heap        ] GC(1323) Archive regions: 2->2
[431.321s][info][gc,heap        ] GC(1323) Humongous regions: 16->16
[431.321s][info][gc,metaspace   ] GC(1323) Metaspace: 44325K(45568K)->44325K(45568K) NonClass: 39087K(39936K)->39087K(39936K) Class: 5238K(5632K)->5238K(5632K)
[431.321s][info][gc             ] GC(1323) Pause Young (Normal) (G1 Evacuation Pause) 510M->510M(512M) 1.463ms
[431.321s][info][gc,cpu         ] GC(1323) User=0.00s Sys=0.00s Real=0.00s
[431.321s][info][gc,ergo        ] Attempting maximally compacting collection
[431.321s][info][gc,task        ] GC(1324) Using 8 workers of 8 for full compaction
[431.321s][info][gc,start       ] GC(1324) Pause Full (G1 Evacuation Pause)
[431.321s][info][gc,phases,start] GC(1324) Phase 1: Mark live objects
[431.623s][info][gc,phases      ] GC(1324) Phase 1: Mark live objects 301.791ms
[431.623s][info][gc,phases,start] GC(1324) Phase 2: Prepare for compaction
[431.663s][info][gc,phases      ] GC(1324) Phase 2: Prepare for compaction 39.550ms
[431.663s][info][gc,phases,start] GC(1324) Phase 3: Adjust pointers
[431.747s][info][gc,phases      ] GC(1324) Phase 3: Adjust pointers 84.263ms
[431.747s][info][gc,phases,start] GC(1324) Phase 4: Compact heap
[431.781s][info][gc,phases      ] GC(1324) Phase 4: Compact heap 34.267ms
[431.786s][info][gc,heap        ] GC(1324) Eden regions: 0->0(25)
[431.786s][info][gc,heap        ] GC(1324) Survivor regions: 0->0(0)
[431.786s][info][gc,heap        ] GC(1324) Old regions: 494->494
[431.786s][info][gc,heap        ] GC(1324) Archive regions: 2->2
[431.786s][info][gc,heap        ] GC(1324) Humongous regions: 16->16
[431.786s][info][gc,metaspace   ] GC(1324) Metaspace: 44325K(45568K)->44325K(45568K) NonClass: 39087K(39936K)->39087K(39936K) Class: 5238K(5632K)->5238K(5632K)
[431.786s][info][gc             ] GC(1324) Pause Full (G1 Evacuation Pause) 510M->510M(512M) 464.850ms
[431.789s][info][gc,cpu         ] GC(1324) User=2.53s Sys=0.03s Real=0.47s
[431.789s][info][gc,task        ] GC(1325) Using 8 workers of 8 for full compaction
[431.789s][info][gc,start       ] GC(1325) Pause Full (G1 Evacuation Pause)
[431.789s][info][gc,phases,start] GC(1325) Phase 1: Mark live objects
[432.050s][info][gc,phases      ] GC(1325) Phase 1: Mark live objects 261.357ms
[432.050s][info][gc,phases,start] GC(1325) Phase 2: Prepare for compaction
[432.084s][info][gc,phases      ] GC(1325) Phase 2: Prepare for compaction 33.877ms
[432.084s][info][gc,phases,start] GC(1325) Phase 3: Adjust pointers
[432.175s][info][gc,phases      ] GC(1325) Phase 3: Adjust pointers 90.969ms
[432.175s][info][gc,phases,start] GC(1325) Phase 4: Compact heap
[432.210s][info][gc,phases      ] GC(1325) Phase 4: Compact heap 34.673ms
[432.214s][info][gc,heap        ] GC(1325) Eden regions: 0->0(25)
[432.214s][info][gc,heap        ] GC(1325) Survivor regions: 0->0(0)
[432.214s][info][gc,heap        ] GC(1325) Old regions: 494->494
[432.214s][info][gc,heap        ] GC(1325) Archive regions: 2->2
[432.214s][info][gc,heap        ] GC(1325) Humongous regions: 16->16
[432.214s][info][gc,metaspace   ] GC(1325) Metaspace: 44325K(45568K)->44325K(45568K) NonClass: 39087K(39936K)->39087K(39936K) Class: 5238K(5632K)->5238K(5632K)
[432.214s][info][gc             ] GC(1325) Pause Full (G1 Evacuation Pause) 510M->510M(512M) 425.361ms
[432.216s][info][gc,cpu         ] GC(1325) User=2.53s Sys=0.03s Real=0.43s
[432.216s][info][gc,task        ] GC(1326) Using 8 workers of 8 for full compaction
[432.216s][info][gc,start       ] GC(1326) Pause Full (G1 Evacuation Pause)
[432.216s][info][gc,phases,start] GC(1326) Phase 1: Mark live objects
[432.453s][info][gc,phases      ] GC(1326) Phase 1: Mark live objects 237.408ms
[432.453s][info][gc,phases,start] GC(1326) Phase 2: Prepare for compaction
[432.486s][info][gc,phases      ] GC(1326) Phase 2: Prepare for compaction 32.720ms
[432.486s][info][gc,phases,start] GC(1326) Phase 3: Adjust pointers
[432.558s][info][gc,phases      ] GC(1326) Phase 3: Adjust pointers 72.407ms
[432.558s][info][gc,phases,start] GC(1326) Phase 4: Compact heap
[432.583s][info][gc,phases      ] GC(1326) Phase 4: Compact heap 24.640ms
[432.587s][info][gc,heap        ] GC(1326) Eden regions: 0->0(25)
[432.588s][info][gc,heap        ] GC(1326) Survivor regions: 0->0(0)
[432.588s][info][gc,heap        ] GC(1326) Old regions: 494->494
[432.588s][info][gc,heap        ] GC(1326) Archive regions: 2->2
[432.588s][info][gc,heap        ] GC(1326) Humongous regions: 16->16
[432.588s][info][gc,metaspace   ] GC(1326) Metaspace: 44325K(45568K)->44325K(45568K) NonClass: 39087K(39936K)->39087K(39936K) Class: 5238K(5632K)->5238K(5632K)
[432.588s][info][gc             ] GC(1326) Pause Full (G1 Evacuation Pause) 510M->510M(512M) 371.842ms
[432.589s][info][gc,cpu         ] GC(1326) User=2.55s Sys=0.04s Real=0.37s
[432.590s][info][gc,start       ] GC(1327) Pause Young (Concurrent Start) (G1 Evacuation Pause)
[432.590s][info][gc,task        ] GC(1327) Using 8 workers of 8 for evacuation
[432.590s][info][gc,phases      ] GC(1327)   Pre Evacuate Collection Set: 0.1ms
[432.590s][info][gc,phases      ] GC(1327)   Merge Heap Roots: 0.0ms
[432.590s][info][gc,phases      ] GC(1327)   Evacuate Collection Set: 0.5ms
[432.590s][info][gc,phases      ] GC(1327)   Post Evacuate Collection Set: 0.2ms
[432.590s][info][gc,phases      ] GC(1327)   Other: 0.1ms
[432.591s][info][gc,heap        ] GC(1327) Eden regions: 0->0(25)
[432.591s][info][gc,heap        ] GC(1327) Survivor regions: 0->0(0)
[432.591s][info][gc,heap        ] GC(1327) Old regions: 494->494
[432.591s][info][gc,heap        ] GC(1327) Archive regions: 2->2
[432.591s][info][gc,heap        ] GC(1327) Humongous regions: 16->16
[432.591s][info][gc,metaspace   ] GC(1327) Metaspace: 44325K(45568K)->44325K(45568K) NonClass: 39087K(39936K)->39087K(39936K) Class: 5238K(5632K)->5238K(5632K)
[432.591s][info][gc             ] GC(1327) Pause Young (Concurrent Start) (G1 Evacuation Pause) 510M->510M(512M) 1.055ms
[432.591s][info][gc,cpu         ] GC(1327) User=0.00s Sys=0.00s Real=0.00s
[432.591s][info][gc,ergo        ] Attempting maximally compacting collection
[432.591s][info][gc,task        ] GC(1328) Using 8 workers of 8 for full compaction
[432.591s][info][gc,start       ] GC(1328) Pause Full (G1 Evacuation Pause)
[432.591s][info][gc             ] GC(1329) Concurrent Cycle
[432.591s][info][gc,marking     ] GC(1329) Concurrent Clear Claimed Marks
[432.591s][info][gc,marking     ] GC(1329) Concurrent Clear Claimed Marks 0.052ms
[432.591s][info][gc,marking     ] GC(1329) Concurrent Scan Root Regions
[432.591s][info][gc,marking     ] GC(1329) Concurrent Scan Root Regions 0.023ms
[432.591s][info][gc,marking     ] GC(1329) Concurrent Mark (432.591s)
[432.591s][info][gc,marking     ] GC(1329) Concurrent Mark From Roots
[432.591s][info][gc,task        ] GC(1329) Using 2 workers of 2 for marking
[432.591s][info][gc,phases,start] GC(1328) Phase 1: Mark live objects
[432.829s][info][gc,phases      ] GC(1328) Phase 1: Mark live objects 237.677ms
[432.829s][info][gc,phases,start] GC(1328) Phase 2: Prepare for compaction
[432.861s][info][gc,phases      ] GC(1328) Phase 2: Prepare for compaction 32.272ms
[432.861s][info][gc,phases,start] GC(1328) Phase 3: Adjust pointers
[432.942s][info][gc,phases      ] GC(1328) Phase 3: Adjust pointers 80.341ms
[432.942s][info][gc,phases,start] GC(1328) Phase 4: Compact heap
[432.972s][info][gc,phases      ] GC(1328) Phase 4: Compact heap 30.547ms
[432.976s][info][gc,heap        ] GC(1328) Eden regions: 0->0(25)
[432.977s][info][gc,heap        ] GC(1328) Survivor regions: 0->0(0)
[432.977s][info][gc,heap        ] GC(1328) Old regions: 494->494
[432.977s][info][gc,heap        ] GC(1328) Archive regions: 2->2
[432.977s][info][gc,heap        ] GC(1328) Humongous regions: 16->16
[432.977s][info][gc,metaspace   ] GC(1328) Metaspace: 44325K(45568K)->44325K(45568K) NonClass: 39087K(39936K)->39087K(39936K) Class: 5238K(5632K)->5238K(5632K)
[432.977s][info][gc             ] GC(1328) Pause Full (G1 Evacuation Pause) 510M->510M(512M) 385.954ms
[432.978s][info][gc,cpu         ] GC(1328) User=2.57s Sys=0.03s Real=0.39s
[432.979s][info][gc,task        ] GC(1330) Using 8 workers of 8 for full compaction
[432.979s][info][gc,start       ] GC(1330) Pause Full (G1 Evacuation Pause)
[432.979s][info][gc,phases,start] GC(1330) Phase 1: Mark live objects
[433.222s][info][gc,phases      ] GC(1330) Phase 1: Mark live objects 243.180ms
[433.222s][info][gc,phases,start] GC(1330) Phase 2: Prepare for compaction
[433.253s][info][gc,phases      ] GC(1330) Phase 2: Prepare for compaction 31.118ms
[433.253s][info][gc,phases,start] GC(1330) Phase 3: Adjust pointers
[433.328s][info][gc,phases      ] GC(1330) Phase 3: Adjust pointers 75.051ms
[433.328s][info][gc,phases,start] GC(1330) Phase 4: Compact heap
[433.354s][info][gc,phases      ] GC(1330) Phase 4: Compact heap 26.048ms
[433.358s][info][gc,heap        ] GC(1330) Eden regions: 0->0(25)
[433.358s][info][gc,heap        ] GC(1330) Survivor regions: 0->0(0)
[433.358s][info][gc,heap        ] GC(1330) Old regions: 494->494
[433.358s][info][gc,heap        ] GC(1330) Archive regions: 2->2
[433.358s][info][gc,heap        ] GC(1330) Humongous regions: 16->16
[433.358s][info][gc,metaspace   ] GC(1330) Metaspace: 44325K(45568K)->44325K(45568K) NonClass: 39087K(39936K)->39087K(39936K) Class: 5238K(5632K)->5238K(5632K)
[433.358s][info][gc             ] GC(1330) Pause Full (G1 Evacuation Pause) 510M->510M(512M) 379.784ms
[433.360s][info][gc,cpu         ] GC(1330) User=2.54s Sys=0.04s Real=0.38s
[433.360s][info][gc,task        ] GC(1331) Using 8 workers of 8 for full compaction
[433.360s][info][gc,start       ] GC(1331) Pause Full (G1 Evacuation Pause)
[433.360s][info][gc,phases,start] GC(1331) Phase 1: Mark live objects
[433.592s][info][gc,phases      ] GC(1331) Phase 1: Mark live objects 231.818ms
[433.592s][info][gc,phases,start] GC(1331) Phase 2: Prepare for compaction
[433.624s][info][gc,phases      ] GC(1331) Phase 2: Prepare for compaction 32.533ms
[433.624s][info][gc,phases,start] GC(1331) Phase 3: Adjust pointers
[433.699s][info][gc,phases      ] GC(1331) Phase 3: Adjust pointers 74.309ms
[433.699s][info][gc,phases,start] GC(1331) Phase 4: Compact heap
[433.724s][info][gc,phases      ] GC(1331) Phase 4: Compact heap 25.278ms
[433.728s][info][gc,heap        ] GC(1331) Eden regions: 0->0(25)
[433.728s][info][gc,heap        ] GC(1331) Survivor regions: 0->0(0)
[433.728s][info][gc,heap        ] GC(1331) Old regions: 494->494
[433.728s][info][gc,heap        ] GC(1331) Archive regions: 2->2
[433.728s][info][gc,heap        ] GC(1331) Humongous regions: 16->16
[433.728s][info][gc,metaspace   ] GC(1331) Metaspace: 44325K(45568K)->44325K(45568K) NonClass: 39087K(39936K)->39087K(39936K) Class: 5238K(5632K)->5238K(5632K)
[433.728s][info][gc             ] GC(1331) Pause Full (G1 Evacuation Pause) 510M->510M(512M) 368.678ms
[433.730s][info][gc,cpu         ] GC(1331) User=2.58s Sys=0.04s Real=0.37s
[433.730s][info][gc,marking     ] GC(1329) Concurrent Mark From Roots 1139.343ms
[433.730s][info][gc,start       ] GC(1332) Pause Young (Normal) (G1 Evacuation Pause)
[433.730s][info][gc,task        ] GC(1332) Using 8 workers of 8 for evacuation
[433.731s][info][gc,phases      ] GC(1332)   Pre Evacuate Collection Set: 0.1ms
[433.731s][info][gc,phases      ] GC(1332)   Merge Heap Roots: 0.0ms
[433.731s][info][gc,phases      ] GC(1332)   Evacuate Collection Set: 0.2ms
[433.731s][info][gc,phases      ] GC(1332)   Post Evacuate Collection Set: 0.2ms
[433.731s][info][gc,phases      ] GC(1332)   Other: 0.1ms
[433.731s][info][gc,heap        ] GC(1332) Eden regions: 0->0(25)
[433.731s][info][gc,heap        ] GC(1332) Survivor regions: 0->0(0)
[433.731s][info][gc,heap        ] GC(1332) Old regions: 494->494
[433.731s][info][gc,heap        ] GC(1332) Archive regions: 2->2
[433.731s][info][gc,heap        ] GC(1332) Humongous regions: 16->16
[433.731s][info][gc,metaspace   ] GC(1332) Metaspace: 44325K(45568K)->44325K(45568K) NonClass: 39087K(39936K)->39087K(39936K) Class: 5238K(5632K)->5238K(5632K)
[433.731s][info][gc             ] GC(1332) Pause Young (Normal) (G1 Evacuation Pause) 510M->510M(512M) 0.626ms
[433.731s][info][gc,cpu         ] GC(1332) User=0.00s Sys=0.00s Real=0.00s
[433.731s][info][gc,ergo        ] Attempting maximally compacting collection
[433.731s][info][gc,task        ] GC(1333) Using 8 workers of 8 for full compaction
[433.731s][info][gc,start       ] GC(1333) Pause Full (G1 Evacuation Pause)
[433.731s][info][gc,phases,start] GC(1333) Phase 1: Mark live objects
[433.963s][info][gc,phases      ] GC(1333) Phase 1: Mark live objects 232.080ms
[433.963s][info][gc,phases,start] GC(1333) Phase 2: Prepare for compaction
[434.004s][info][gc,phases      ] GC(1333) Phase 2: Prepare for compaction 40.634ms
[434.004s][info][gc,phases,start] GC(1333) Phase 3: Adjust pointers
[434.075s][info][gc,phases      ] GC(1333) Phase 3: Adjust pointers 70.863ms
[434.075s][info][gc,phases,start] GC(1333) Phase 4: Compact heap
[434.103s][info][gc,phases      ] GC(1333) Phase 4: Compact heap 28.661ms
[434.108s][info][gc,heap        ] GC(1333) Eden regions: 0->0(25)
[434.108s][info][gc,heap        ] GC(1333) Survivor regions: 0->0(0)
[434.108s][info][gc,heap        ] GC(1333) Old regions: 494->494
[434.108s][info][gc,heap        ] GC(1333) Archive regions: 2->2
[434.108s][info][gc,heap        ] GC(1333) Humongous regions: 16->16
[434.108s][info][gc,metaspace   ] GC(1333) Metaspace: 44325K(45568K)->44325K(45568K) NonClass: 39087K(39936K)->39087K(39936K) Class: 5238K(5632K)->5238K(5632K)
[434.108s][info][gc             ] GC(1333) Pause Full (G1 Evacuation Pause) 510M->510M(512M) 376.797ms
[434.109s][info][gc,cpu         ] GC(1333) User=2.58s Sys=0.03s Real=0.38s
[434.109s][info][gc,task        ] GC(1334) Using 8 workers of 8 for full compaction
[434.109s][info][gc,start       ] GC(1334) Pause Full (G1 Evacuation Pause)
[434.109s][info][gc,phases,start] GC(1334) Phase 1: Mark live objects
[434.328s][info][gc,phases      ] GC(1334) Phase 1: Mark live objects 218.345ms
[434.328s][info][gc,phases,start] GC(1334) Phase 2: Prepare for compaction
[434.358s][info][gc,phases      ] GC(1334) Phase 2: Prepare for compaction 30.399ms
[434.358s][info][gc,phases,start] GC(1334) Phase 3: Adjust pointers
[434.433s][info][gc,phases      ] GC(1334) Phase 3: Adjust pointers 75.289ms
[434.433s][info][gc,phases,start] GC(1334) Phase 4: Compact heap
[434.462s][info][gc,phases      ] GC(1334) Phase 4: Compact heap 28.182ms
[434.466s][info][gc,heap        ] GC(1334) Eden regions: 0->0(25)
[434.466s][info][gc,heap        ] GC(1334) Survivor regions: 0->0(0)
[434.466s][info][gc,heap        ] GC(1334) Old regions: 494->494
[434.466s][info][gc,heap        ] GC(1334) Archive regions: 2->2
[434.466s][info][gc,heap        ] GC(1334) Humongous regions: 16->16
[434.466s][info][gc,metaspace   ] GC(1334) Metaspace: 44325K(45568K)->44325K(45568K) NonClass: 39087K(39936K)->39087K(39936K) Class: 5238K(5632K)->5238K(5632K)
[434.466s][info][gc             ] GC(1334) Pause Full (G1 Evacuation Pause) 510M->510M(512M) 356.686ms
[434.468s][info][gc,cpu         ] GC(1334) User=2.47s Sys=0.04s Real=0.36s
[434.468s][info][gc,task        ] GC(1335) Using 8 workers of 8 for full compaction
[434.468s][info][gc,start       ] GC(1335) Pause Full (G1 Evacuation Pause)
[434.468s][info][gc,phases,start] GC(1335) Phase 1: Mark live objects
[434.701s][info][gc,phases      ] GC(1335) Phase 1: Mark live objects 233.109ms
[434.701s][info][gc,phases,start] GC(1335) Phase 2: Prepare for compaction
[434.733s][info][gc,phases      ] GC(1335) Phase 2: Prepare for compaction 31.738ms
[434.733s][info][gc,phases,start] GC(1335) Phase 3: Adjust pointers
[434.807s][info][gc,phases      ] GC(1335) Phase 3: Adjust pointers 74.416ms
[434.807s][info][gc,phases,start] GC(1335) Phase 4: Compact heap
[434.835s][info][gc,phases      ] GC(1335) Phase 4: Compact heap 27.737ms
[434.839s][info][gc,heap        ] GC(1335) Eden regions: 0->0(25)
[434.839s][info][gc,heap        ] GC(1335) Survivor regions: 0->0(0)
[434.839s][info][gc,heap        ] GC(1335) Old regions: 494->494
[434.839s][info][gc,heap        ] GC(1335) Archive regions: 2->2
[434.839s][info][gc,heap        ] GC(1335) Humongous regions: 16->16
[434.839s][info][gc,metaspace   ] GC(1335) Metaspace: 44325K(45568K)->44325K(45568K) NonClass: 39087K(39936K)->39087K(39936K) Class: 5238K(5632K)->5238K(5632K)
[434.839s][info][gc             ] GC(1335) Pause Full (G1 Evacuation Pause) 510M->510M(512M) 371.399ms
[434.841s][info][gc,cpu         ] GC(1335) User=2.49s Sys=0.04s Real=0.37s
[434.841s][info][gc,marking     ] GC(1329) Concurrent Mark Abort
[434.841s][info][gc             ] GC(1329) Concurrent Cycle 2250.452ms
[434.841s][info][gc,start       ] GC(1336) Pause Young (Normal) (G1 Evacuation Pause)
[434.841s][info][gc,task        ] GC(1336) Using 8 workers of 8 for evacuation
[434.842s][info][gc,phases      ] GC(1336)   Pre Evacuate Collection Set: 0.1ms
[434.842s][info][gc,phases      ] GC(1336)   Merge Heap Roots: 0.0ms
[434.842s][info][gc,phases      ] GC(1336)   Evacuate Collection Set: 0.2ms
[434.842s][info][gc,phases      ] GC(1336)   Post Evacuate Collection Set: 0.1ms
[434.842s][info][gc,phases      ] GC(1336)   Other: 0.1ms
[434.842s][info][gc,heap        ] GC(1336) Eden regions: 0->0(25)
[434.842s][info][gc,heap        ] GC(1336) Survivor regions: 0->0(0)
[434.842s][info][gc,heap        ] GC(1336) Old regions: 494->494
[434.842s][info][gc,heap        ] GC(1336) Archive regions: 2->2
[434.842s][info][gc,heap        ] GC(1336) Humongous regions: 16->16
[434.842s][info][gc,metaspace   ] GC(1336) Metaspace: 44325K(45568K)->44325K(45568K) NonClass: 39087K(39936K)->39087K(39936K) Class: 5238K(5632K)->5238K(5632K)
[434.842s][info][gc             ] GC(1336) Pause Young (Normal) (G1 Evacuation Pause) 510M->510M(512M) 0.602ms
[434.842s][info][gc,cpu         ] GC(1336) User=0.00s Sys=0.00s Real=0.00s
[434.842s][info][gc,ergo        ] Attempting maximally compacting collection
[434.842s][info][gc,task        ] GC(1337) Using 8 workers of 8 for full compaction
[434.842s][info][gc,start       ] GC(1337) Pause Full (G1 Evacuation Pause)
[434.842s][info][gc,phases,start] GC(1337) Phase 1: Mark live objects
[435.066s][info][gc,phases      ] GC(1337) Phase 1: Mark live objects 223.560ms
[435.066s][info][gc,phases,start] GC(1337) Phase 2: Prepare for compaction
[435.097s][info][gc,phases      ] GC(1337) Phase 2: Prepare for compaction 31.763ms
[435.097s][info][gc,phases,start] GC(1337) Phase 3: Adjust pointers
[435.173s][info][gc,phases      ] GC(1337) Phase 3: Adjust pointers 75.706ms
[435.173s][info][gc,phases,start] GC(1337) Phase 4: Compact heap
[435.202s][info][gc,phases      ] GC(1337) Phase 4: Compact heap 28.585ms
[435.206s][info][gc,heap        ] GC(1337) Eden regions: 0->0(25)
[435.206s][info][gc,heap        ] GC(1337) Survivor regions: 0->0(0)
[435.206s][info][gc,heap        ] GC(1337) Old regions: 494->494
[435.206s][info][gc,heap        ] GC(1337) Archive regions: 2->2
[435.206s][info][gc,heap        ] GC(1337) Humongous regions: 16->16
[435.206s][info][gc,metaspace   ] GC(1337) Metaspace: 44325K(45568K)->44325K(45568K) NonClass: 39087K(39936K)->39087K(39936K) Class: 5238K(5632K)->5238K(5632K)
[435.206s][info][gc             ] GC(1337) Pause Full (G1 Evacuation Pause) 510M->510M(512M) 364.041ms
[435.208s][info][gc,cpu         ] GC(1337) User=2.54s Sys=0.05s Real=0.37s
[435.208s][info][gc,task        ] GC(1338) Using 8 workers of 8 for full compaction
[435.208s][info][gc,start       ] GC(1338) Pause Full (G1 Evacuation Pause)
[435.208s][info][gc,phases,start] GC(1338) Phase 1: Mark live objects
[435.437s][info][gc,phases      ] GC(1338) Phase 1: Mark live objects 229.277ms
[435.437s][info][gc,phases,start] GC(1338) Phase 2: Prepare for compaction
[435.468s][info][gc,phases      ] GC(1338) Phase 2: Prepare for compaction 30.331ms
[435.468s][info][gc,phases,start] GC(1338) Phase 3: Adjust pointers
[435.542s][info][gc,phases      ] GC(1338) Phase 3: Adjust pointers 74.362ms
[435.542s][info][gc,phases,start] GC(1338) Phase 4: Compact heap
[435.568s][info][gc,phases      ] GC(1338) Phase 4: Compact heap 25.733ms
[435.572s][info][gc,heap        ] GC(1338) Eden regions: 0->0(25)
[435.572s][info][gc,heap        ] GC(1338) Survivor regions: 0->0(0)
[435.572s][info][gc,heap        ] GC(1338) Old regions: 494->494
[435.572s][info][gc,heap        ] GC(1338) Archive regions: 2->2
[435.572s][info][gc,heap        ] GC(1338) Humongous regions: 16->16
[435.572s][info][gc,metaspace   ] GC(1338) Metaspace: 44325K(45568K)->44325K(45568K) NonClass: 39087K(39936K)->39087K(39936K) Class: 5238K(5632K)->5238K(5632K)
[435.572s][info][gc             ] GC(1338) Pause Full (G1 Evacuation Pause) 510M->510M(512M) 363.984ms
[435.574s][info][gc,cpu         ] GC(1338) User=2.48s Sys=0.04s Real=0.36s
[435.574s][info][gc,task        ] GC(1339) Using 8 workers of 8 for full compaction
[435.574s][info][gc,start       ] GC(1339) Pause Full (G1 Evacuation Pause)
[435.574s][info][gc,phases,start] GC(1339) Phase 1: Mark live objects
[435.808s][info][gc,phases      ] GC(1339) Phase 1: Mark live objects 234.157ms
[435.808s][info][gc,phases,start] GC(1339) Phase 2: Prepare for compaction
[435.844s][info][gc,phases      ] GC(1339) Phase 2: Prepare for compaction 36.580ms
[435.844s][info][gc,phases,start] GC(1339) Phase 3: Adjust pointers
[435.922s][info][gc,phases      ] GC(1339) Phase 3: Adjust pointers 77.773ms
[435.922s][info][gc,phases,start] GC(1339) Phase 4: Compact heap
[435.953s][info][gc,phases      ] GC(1339) Phase 4: Compact heap 30.252ms
[435.957s][info][gc,heap        ] GC(1339) Eden regions: 0->0(25)
[435.957s][info][gc,heap        ] GC(1339) Survivor regions: 0->0(0)
[435.957s][info][gc,heap        ] GC(1339) Old regions: 494->494
[435.957s][info][gc,heap        ] GC(1339) Archive regions: 2->2
[435.957s][info][gc,heap        ] GC(1339) Humongous regions: 16->16
[435.957s][info][gc,metaspace   ] GC(1339) Metaspace: 44325K(45568K)->44325K(45568K) NonClass: 39087K(39936K)->39087K(39936K) Class: 5238K(5632K)->5238K(5632K)
[435.957s][info][gc             ] GC(1339) Pause Full (G1 Evacuation Pause) 510M->510M(512M) 383.835ms
[435.959s][info][gc,cpu         ] GC(1339) User=2.49s Sys=0.03s Real=0.39s
[435.959s][info][gc,start       ] GC(1340) Pause Young (Concurrent Start) (G1 Evacuation Pause)
[435.959s][info][gc,task        ] GC(1340) Using 8 workers of 8 for evacuation
[435.960s][info][gc,phases      ] GC(1340)   Pre Evacuate Collection Set: 0.1ms
[435.960s][info][gc,phases      ] GC(1340)   Merge Heap Roots: 0.0ms
[435.960s][info][gc,phases      ] GC(1340)   Evacuate Collection Set: 0.6ms
[435.960s][info][gc,phases      ] GC(1340)   Post Evacuate Collection Set: 0.2ms
[435.960s][info][gc,phases      ] GC(1340)   Other: 0.1ms
[435.960s][info][gc,heap        ] GC(1340) Eden regions: 0->0(25)
[435.960s][info][gc,heap        ] GC(1340) Survivor regions: 0->0(0)
[435.960s][info][gc,heap        ] GC(1340) Old regions: 494->494
[435.961s][info][gc,heap        ] GC(1340) Archive regions: 2->2
[435.961s][info][gc,heap        ] GC(1340) Humongous regions: 16->16
[435.961s][info][gc,metaspace   ] GC(1340) Metaspace: 44325K(45568K)->44325K(45568K) NonClass: 39087K(39936K)->39087K(39936K) Class: 5238K(5632K)->5238K(5632K)
[435.961s][info][gc             ] GC(1340) Pause Young (Concurrent Start) (G1 Evacuation Pause) 510M->510M(512M) 1.317ms
[435.961s][info][gc,cpu         ] GC(1340) User=0.01s Sys=0.00s Real=0.00s
[435.961s][info][gc,ergo        ] Attempting maximally compacting collection
[435.961s][info][gc             ] GC(1341) Concurrent Cycle
[435.961s][info][gc,task        ] GC(1342) Using 8 workers of 8 for full compaction
[435.961s][info][gc,marking     ] GC(1341) Concurrent Clear Claimed Marks
[435.961s][info][gc,start       ] GC(1342) Pause Full (G1 Evacuation Pause)
[435.961s][info][gc,marking     ] GC(1341) Concurrent Clear Claimed Marks 0.054ms
[435.961s][info][gc,marking     ] GC(1341) Concurrent Scan Root Regions
[435.961s][info][gc,marking     ] GC(1341) Concurrent Scan Root Regions 0.020ms
[435.961s][info][gc,marking     ] GC(1341) Concurrent Mark (435.961s)
[435.961s][info][gc,marking     ] GC(1341) Concurrent Mark From Roots
[435.961s][info][gc,task        ] GC(1341) Using 2 workers of 2 for marking
[435.961s][info][gc,phases,start] GC(1342) Phase 1: Mark live objects
[436.285s][info][gc,phases      ] GC(1342) Phase 1: Mark live objects 323.780ms
[436.285s][info][gc,phases,start] GC(1342) Phase 2: Prepare for compaction
[436.318s][info][gc,phases      ] GC(1342) Phase 2: Prepare for compaction 33.293ms
[436.318s][info][gc,phases,start] GC(1342) Phase 3: Adjust pointers
[436.393s][info][gc,phases      ] GC(1342) Phase 3: Adjust pointers 74.333ms
[436.393s][info][gc,phases,start] GC(1342) Phase 4: Compact heap
[436.420s][info][gc,phases      ] GC(1342) Phase 4: Compact heap 26.866ms
[436.424s][info][gc,heap        ] GC(1342) Eden regions: 0->0(25)
[436.425s][info][gc,heap        ] GC(1342) Survivor regions: 0->0(0)
[436.425s][info][gc,heap        ] GC(1342) Old regions: 494->494
[436.425s][info][gc,heap        ] GC(1342) Archive regions: 2->2
[436.425s][info][gc,heap        ] GC(1342) Humongous regions: 16->16
[436.425s][info][gc,metaspace   ] GC(1342) Metaspace: 44325K(45568K)->44325K(45568K) NonClass: 39087K(39936K)->39087K(39936K) Class: 5238K(5632K)->5238K(5632K)
[436.425s][info][gc             ] GC(1342) Pause Full (G1 Evacuation Pause) 510M->510M(512M) 463.891ms
[436.426s][info][gc,cpu         ] GC(1342) User=2.49s Sys=0.04s Real=0.47s
[436.426s][info][gc,task        ] GC(1343) Using 8 workers of 8 for full compaction
[436.426s][info][gc,start       ] GC(1343) Pause Full (G1 Evacuation Pause)
[436.426s][info][gc,phases,start] GC(1343) Phase 1: Mark live objects
[436.655s][info][gc,phases      ] GC(1343) Phase 1: Mark live objects 228.645ms
[436.655s][info][gc,phases,start] GC(1343) Phase 2: Prepare for compaction
[436.688s][info][gc,phases      ] GC(1343) Phase 2: Prepare for compaction 33.216ms
[436.688s][info][gc,phases,start] GC(1343) Phase 3: Adjust pointers
[436.761s][info][gc,phases      ] GC(1343) Phase 3: Adjust pointers 73.186ms
[436.761s][info][gc,phases,start] GC(1343) Phase 4: Compact heap
[436.797s][info][gc,phases      ] GC(1343) Phase 4: Compact heap 35.516ms
[436.802s][info][gc,heap        ] GC(1343) Eden regions: 0->0(25)
[436.802s][info][gc,heap        ] GC(1343) Survivor regions: 0->0(0)
[436.802s][info][gc,heap        ] GC(1343) Old regions: 494->494
[436.802s][info][gc,heap        ] GC(1343) Archive regions: 2->2
[436.802s][info][gc,heap        ] GC(1343) Humongous regions: 16->16
[436.802s][info][gc,metaspace   ] GC(1343) Metaspace: 44325K(45568K)->44325K(45568K) NonClass: 39087K(39936K)->39087K(39936K) Class: 5238K(5632K)->5238K(5632K)
[436.802s][info][gc             ] GC(1343) Pause Full (G1 Evacuation Pause) 510M->510M(512M) 375.691ms
[436.803s][info][gc,cpu         ] GC(1343) User=2.57s Sys=0.04s Real=0.37s
[436.803s][info][gc,task        ] GC(1344) Using 8 workers of 8 for full compaction
[436.803s][info][gc,start       ] GC(1344) Pause Full (G1 Evacuation Pause)
[436.803s][info][gc,phases,start] GC(1344) Phase 1: Mark live objects
[437.035s][info][gc,phases      ] GC(1344) Phase 1: Mark live objects 231.540ms
[437.035s][info][gc,phases,start] GC(1344) Phase 2: Prepare for compaction
[437.065s][info][gc,phases      ] GC(1344) Phase 2: Prepare for compaction 29.997ms
[437.065s][info][gc,phases,start] GC(1344) Phase 3: Adjust pointers
[437.139s][info][gc,phases      ] GC(1344) Phase 3: Adjust pointers 74.327ms
[437.139s][info][gc,phases,start] GC(1344) Phase 4: Compact heap
[437.169s][info][gc,phases      ] GC(1344) Phase 4: Compact heap 29.853ms
[437.173s][info][gc,heap        ] GC(1344) Eden regions: 0->0(25)
[437.173s][info][gc,heap        ] GC(1344) Survivor regions: 0->0(0)
[437.173s][info][gc,heap        ] GC(1344) Old regions: 494->494
[437.173s][info][gc,heap        ] GC(1344) Archive regions: 2->2
[437.173s][info][gc,heap        ] GC(1344) Humongous regions: 16->16
[437.173s][info][gc,metaspace   ] GC(1344) Metaspace: 44325K(45568K)->44325K(45568K) NonClass: 39087K(39936K)->39087K(39936K) Class: 5238K(5632K)->5238K(5632K)
[437.174s][info][gc             ] GC(1344) Pause Full (G1 Evacuation Pause) 510M->510M(512M) 370.109ms
[437.175s][info][gc,cpu         ] GC(1344) User=2.56s Sys=0.04s Real=0.37s
[437.175s][info][gc,marking     ] GC(1341) Concurrent Mark From Roots 1214.378ms
[437.175s][info][gc,marking     ] GC(1341) Concurrent Mark Abort
[437.175s][info][gc             ] GC(1341) Concurrent Cycle 1214.583ms
[437.175s][info][gc,start       ] GC(1345) Pause Young (Normal) (G1 Evacuation Pause)
[437.175s][info][gc,task        ] GC(1345) Using 8 workers of 8 for evacuation
[437.176s][info][gc,phases      ] GC(1345)   Pre Evacuate Collection Set: 0.1ms
[437.176s][info][gc,phases      ] GC(1345)   Merge Heap Roots: 0.0ms
[437.176s][info][gc,phases      ] GC(1345)   Evacuate Collection Set: 0.2ms
[437.176s][info][gc,phases      ] GC(1345)   Post Evacuate Collection Set: 0.2ms
[437.176s][info][gc,phases      ] GC(1345)   Other: 0.1ms
[437.176s][info][gc,heap        ] GC(1345) Eden regions: 0->0(25)
[437.176s][info][gc,heap        ] GC(1345) Survivor regions: 0->0(0)
[437.176s][info][gc,heap        ] GC(1345) Old regions: 494->494
[437.176s][info][gc,heap        ] GC(1345) Archive regions: 2->2
[437.176s][info][gc,heap        ] GC(1345) Humongous regions: 16->16
[437.176s][info][gc,metaspace   ] GC(1345) Metaspace: 44325K(45568K)->44325K(45568K) NonClass: 39087K(39936K)->39087K(39936K) Class: 5238K(5632K)->5238K(5632K)
[437.176s][info][gc             ] GC(1345) Pause Young (Normal) (G1 Evacuation Pause) 510M->510M(512M) 0.654ms
[437.176s][info][gc,cpu         ] GC(1345) User=0.00s Sys=0.00s Real=0.01s
[437.176s][info][gc,ergo        ] Attempting maximally compacting collection
[437.176s][info][gc,task        ] GC(1346) Using 8 workers of 8 for full compaction
[437.176s][info][gc,start       ] GC(1346) Pause Full (G1 Evacuation Pause)
[437.176s][info][gc,phases,start] GC(1346) Phase 1: Mark live objects
[437.406s][info][gc,phases      ] GC(1346) Phase 1: Mark live objects 229.879ms
[437.406s][info][gc,phases,start] GC(1346) Phase 2: Prepare for compaction
[437.440s][info][gc,phases      ] GC(1346) Phase 2: Prepare for compaction 33.735ms
[437.440s][info][gc,phases,start] GC(1346) Phase 3: Adjust pointers
[437.514s][info][gc,phases      ] GC(1346) Phase 3: Adjust pointers 74.290ms
[437.514s][info][gc,phases,start] GC(1346) Phase 4: Compact heap
[437.539s][info][gc,phases      ] GC(1346) Phase 4: Compact heap 24.476ms
[437.543s][info][gc,heap        ] GC(1346) Eden regions: 0->0(25)
[437.543s][info][gc,heap        ] GC(1346) Survivor regions: 0->0(0)
[437.543s][info][gc,heap        ] GC(1346) Old regions: 494->494
[437.543s][info][gc,heap        ] GC(1346) Archive regions: 2->2
[437.543s][info][gc,heap        ] GC(1346) Humongous regions: 16->16
[437.543s][info][gc,metaspace   ] GC(1346) Metaspace: 44325K(45568K)->44325K(45568K) NonClass: 39087K(39936K)->39087K(39936K) Class: 5238K(5632K)->5238K(5632K)
[437.543s][info][gc             ] GC(1346) Pause Full (G1 Evacuation Pause) 510M->510M(512M) 366.755ms
[437.545s][info][gc,cpu         ] GC(1346) User=2.56s Sys=0.04s Real=0.36s
[437.545s][info][gc,task        ] GC(1347) Using 8 workers of 8 for full compaction
[437.545s][info][gc,start       ] GC(1347) Pause Full (G1 Evacuation Pause)
[437.545s][info][gc,phases,start] GC(1347) Phase 1: Mark live objects
[437.764s][info][gc,phases      ] GC(1347) Phase 1: Mark live objects 218.718ms
[437.764s][info][gc,phases,start] GC(1347) Phase 2: Prepare for compaction
[437.798s][info][gc,phases      ] GC(1347) Phase 2: Prepare for compaction 33.970ms
[437.798s][info][gc,phases,start] GC(1347) Phase 3: Adjust pointers
[437.867s][info][gc,phases      ] GC(1347) Phase 3: Adjust pointers 69.065ms
[437.867s][info][gc,phases,start] GC(1347) Phase 4: Compact heap
[437.895s][info][gc,phases      ] GC(1347) Phase 4: Compact heap 28.131ms
[437.899s][info][gc,heap        ] GC(1347) Eden regions: 0->0(25)
[437.899s][info][gc,heap        ] GC(1347) Survivor regions: 0->0(0)
[437.899s][info][gc,heap        ] GC(1347) Old regions: 494->494
[437.899s][info][gc,heap        ] GC(1347) Archive regions: 2->2
[437.899s][info][gc,heap        ] GC(1347) Humongous regions: 16->16
[437.899s][info][gc,metaspace   ] GC(1347) Metaspace: 44325K(45568K)->44325K(45568K) NonClass: 39087K(39936K)->39087K(39936K) Class: 5238K(5632K)->5238K(5632K)
[437.899s][info][gc             ] GC(1347) Pause Full (G1 Evacuation Pause) 510M->510M(512M) 354.223ms
[437.901s][info][gc,cpu         ] GC(1347) User=2.44s Sys=0.02s Real=0.36s
[437.901s][info][gc,task        ] GC(1348) Using 8 workers of 8 for full compaction
[437.901s][info][gc,start       ] GC(1348) Pause Full (G1 Evacuation Pause)
[437.901s][info][gc,phases,start] GC(1348) Phase 1: Mark live objects
[438.122s][info][gc,phases      ] GC(1348) Phase 1: Mark live objects 220.780ms
[438.122s][info][gc,phases,start] GC(1348) Phase 2: Prepare for compaction
[438.153s][info][gc,phases      ] GC(1348) Phase 2: Prepare for compaction 31.019ms
[438.153s][info][gc,phases,start] GC(1348) Phase 3: Adjust pointers
[438.224s][info][gc,phases      ] GC(1348) Phase 3: Adjust pointers 71.107ms
[438.224s][info][gc,phases,start] GC(1348) Phase 4: Compact heap
[438.249s][info][gc,phases      ] GC(1348) Phase 4: Compact heap 25.074ms
[438.253s][info][gc,heap        ] GC(1348) Eden regions: 0->0(25)
[438.253s][info][gc,heap        ] GC(1348) Survivor regions: 0->0(0)
[438.253s][info][gc,heap        ] GC(1348) Old regions: 494->494
[438.253s][info][gc,heap        ] GC(1348) Archive regions: 2->2
[438.253s][info][gc,heap        ] GC(1348) Humongous regions: 16->16
[438.253s][info][gc,metaspace   ] GC(1348) Metaspace: 44325K(45568K)->44325K(45568K) NonClass: 39087K(39936K)->39087K(39936K) Class: 5238K(5632K)->5238K(5632K)
[438.253s][info][gc             ] GC(1348) Pause Full (G1 Evacuation Pause) 510M->510M(512M) 352.277ms
[438.255s][info][gc,cpu         ] GC(1348) User=2.49s Sys=0.04s Real=0.35s
[438.255s][info][gc,start       ] GC(1349) Pause Young (Concurrent Start) (G1 Evacuation Pause)
[438.255s][info][gc,task        ] GC(1349) Using 8 workers of 8 for evacuation
[438.256s][info][gc,phases      ] GC(1349)   Pre Evacuate Collection Set: 0.1ms
[438.256s][info][gc,phases      ] GC(1349)   Merge Heap Roots: 0.0ms
[438.256s][info][gc,phases      ] GC(1349)   Evacuate Collection Set: 0.5ms
[438.256s][info][gc,phases      ] GC(1349)   Post Evacuate Collection Set: 0.2ms
[438.256s][info][gc,phases      ] GC(1349)   Other: 0.1ms
[438.256s][info][gc,heap        ] GC(1349) Eden regions: 0->0(25)
[438.256s][info][gc,heap        ] GC(1349) Survivor regions: 0->0(0)
[438.256s][info][gc,heap        ] GC(1349) Old regions: 494->494
[438.256s][info][gc,heap        ] GC(1349) Archive regions: 2->2
[438.256s][info][gc,heap        ] GC(1349) Humongous regions: 16->16
[438.256s][info][gc,metaspace   ] GC(1349) Metaspace: 44325K(45568K)->44325K(45568K) NonClass: 39087K(39936K)->39087K(39936K) Class: 5238K(5632K)->5238K(5632K)
[438.256s][info][gc             ] GC(1349) Pause Young (Concurrent Start) (G1 Evacuation Pause) 510M->510M(512M) 0.971ms
[438.256s][info][gc,cpu         ] GC(1349) User=0.00s Sys=0.00s Real=0.01s
[438.256s][info][gc,ergo        ] Attempting maximally compacting collection
[438.256s][info][gc,task        ] GC(1350) Using 8 workers of 8 for full compaction
[438.256s][info][gc,start       ] GC(1350) Pause Full (G1 Evacuation Pause)
[438.256s][info][gc             ] GC(1351) Concurrent Cycle
[438.256s][info][gc,marking     ] GC(1351) Concurrent Clear Claimed Marks
[438.256s][info][gc,marking     ] GC(1351) Concurrent Clear Claimed Marks 0.048ms
[438.256s][info][gc,marking     ] GC(1351) Concurrent Scan Root Regions
[438.256s][info][gc,marking     ] GC(1351) Concurrent Scan Root Regions 0.026ms
[438.256s][info][gc,marking     ] GC(1351) Concurrent Mark (438.256s)
[438.256s][info][gc,marking     ] GC(1351) Concurrent Mark From Roots
[438.256s][info][gc,task        ] GC(1351) Using 2 workers of 2 for marking
[438.257s][info][gc,phases,start] GC(1350) Phase 1: Mark live objects
[438.481s][info][gc,phases      ] GC(1350) Phase 1: Mark live objects 224.352ms
[438.481s][info][gc,phases,start] GC(1350) Phase 2: Prepare for compaction
[438.512s][info][gc,phases      ] GC(1350) Phase 2: Prepare for compaction 30.661ms
[438.512s][info][gc,phases,start] GC(1350) Phase 3: Adjust pointers
[438.584s][info][gc,phases      ] GC(1350) Phase 3: Adjust pointers 72.690ms
[438.584s][info][gc,phases,start] GC(1350) Phase 4: Compact heap
[438.612s][info][gc,phases      ] GC(1350) Phase 4: Compact heap 28.073ms
[438.617s][info][gc,heap        ] GC(1350) Eden regions: 0->0(25)
[438.617s][info][gc,heap        ] GC(1350) Survivor regions: 0->0(0)
[438.617s][info][gc,heap        ] GC(1350) Old regions: 494->494
[438.617s][info][gc,heap        ] GC(1350) Archive regions: 2->2
[438.617s][info][gc,heap        ] GC(1350) Humongous regions: 16->16
[438.617s][info][gc,metaspace   ] GC(1350) Metaspace: 44325K(45568K)->44325K(45568K) NonClass: 39087K(39936K)->39087K(39936K) Class: 5238K(5632K)->5238K(5632K)
[438.617s][info][gc             ] GC(1350) Pause Full (G1 Evacuation Pause) 510M->510M(512M) 360.675ms
[438.618s][info][gc,cpu         ] GC(1350) User=2.50s Sys=0.05s Real=0.36s
[438.618s][info][gc,task        ] GC(1352) Using 8 workers of 8 for full compaction
[438.618s][info][gc,start       ] GC(1352) Pause Full (G1 Evacuation Pause)
[438.618s][info][gc,phases,start] GC(1352) Phase 1: Mark live objects
[438.838s][info][gc,phases      ] GC(1352) Phase 1: Mark live objects 219.846ms
[438.838s][info][gc,phases,start] GC(1352) Phase 2: Prepare for compaction
[438.868s][info][gc,phases      ] GC(1352) Phase 2: Prepare for compaction 30.445ms
[438.868s][info][gc,phases,start] GC(1352) Phase 3: Adjust pointers
[438.940s][info][gc,phases      ] GC(1352) Phase 3: Adjust pointers 71.591ms
[438.940s][info][gc,phases,start] GC(1352) Phase 4: Compact heap
[438.966s][info][gc,phases      ] GC(1352) Phase 4: Compact heap 25.949ms
[438.970s][info][gc,heap        ] GC(1352) Eden regions: 0->0(25)
[438.970s][info][gc,heap        ] GC(1352) Survivor regions: 0->0(0)
[438.970s][info][gc,heap        ] GC(1352) Old regions: 494->494
[438.970s][info][gc,heap        ] GC(1352) Archive regions: 2->2
[438.970s][info][gc,heap        ] GC(1352) Humongous regions: 16->16
[438.970s][info][gc,metaspace   ] GC(1352) Metaspace: 44325K(45568K)->44325K(45568K) NonClass: 39087K(39936K)->39087K(39936K) Class: 5238K(5632K)->5238K(5632K)
[438.970s][info][gc             ] GC(1352) Pause Full (G1 Evacuation Pause) 510M->510M(512M) 352.094ms
[438.972s][info][gc,cpu         ] GC(1352) User=2.49s Sys=0.02s Real=0.35s
[438.972s][info][gc,task        ] GC(1353) Using 8 workers of 8 for full compaction
[438.972s][info][gc,start       ] GC(1353) Pause Full (G1 Evacuation Pause)
[438.972s][info][gc,phases,start] GC(1353) Phase 1: Mark live objects
[439.192s][info][gc,phases      ] GC(1353) Phase 1: Mark live objects 219.860ms
[439.192s][info][gc,phases,start] GC(1353) Phase 2: Prepare for compaction
[439.221s][info][gc,phases      ] GC(1353) Phase 2: Prepare for compaction 29.266ms
[439.221s][info][gc,phases,start] GC(1353) Phase 3: Adjust pointers
[439.296s][info][gc,phases      ] GC(1353) Phase 3: Adjust pointers 74.921ms
[439.296s][info][gc,phases,start] GC(1353) Phase 4: Compact heap
[439.322s][info][gc,phases      ] GC(1353) Phase 4: Compact heap 25.446ms
[439.326s][info][gc,heap        ] GC(1353) Eden regions: 0->0(25)
[439.326s][info][gc,heap        ] GC(1353) Survivor regions: 0->0(0)
[439.326s][info][gc,heap        ] GC(1353) Old regions: 494->494
[439.326s][info][gc,heap        ] GC(1353) Archive regions: 2->2
[439.326s][info][gc,heap        ] GC(1353) Humongous regions: 16->16
[439.326s][info][gc,metaspace   ] GC(1353) Metaspace: 44325K(45568K)->44325K(45568K) NonClass: 39087K(39936K)->39087K(39936K) Class: 5238K(5632K)->5238K(5632K)
[439.326s][info][gc             ] GC(1353) Pause Full (G1 Evacuation Pause) 510M->510M(512M) 354.294ms
[439.328s][info][gc,cpu         ] GC(1353) User=2.48s Sys=0.03s Real=0.36s
[439.328s][info][gc,marking     ] GC(1351) Concurrent Mark From Roots 1071.762ms
[439.328s][info][gc,marking     ] GC(1351) Concurrent Mark Abort
[439.328s][info][gc             ] GC(1351) Concurrent Cycle 1071.985ms
[439.328s][info][gc,start       ] GC(1354) Pause Young (Normal) (G1 Evacuation Pause)
[439.328s][info][gc,task        ] GC(1354) Using 8 workers of 8 for evacuation
[439.329s][info][gc,phases      ] GC(1354)   Pre Evacuate Collection Set: 0.1ms
[439.329s][info][gc,phases      ] GC(1354)   Merge Heap Roots: 0.0ms
[439.329s][info][gc,phases      ] GC(1354)   Evacuate Collection Set: 0.2ms
[439.329s][info][gc,phases      ] GC(1354)   Post Evacuate Collection Set: 0.1ms
[439.329s][info][gc,phases      ] GC(1354)   Other: 0.1ms
[439.329s][info][gc,heap        ] GC(1354) Eden regions: 0->0(25)
[439.329s][info][gc,heap        ] GC(1354) Survivor regions: 0->0(0)
[439.329s][info][gc,heap        ] GC(1354) Old regions: 494->494
[439.329s][info][gc,heap        ] GC(1354) Archive regions: 2->2
[439.329s][info][gc,heap        ] GC(1354) Humongous regions: 16->16
[439.329s][info][gc,metaspace   ] GC(1354) Metaspace: 44325K(45568K)->44325K(45568K) NonClass: 39087K(39936K)->39087K(39936K) Class: 5238K(5632K)->5238K(5632K)
[439.329s][info][gc             ] GC(1354) Pause Young (Normal) (G1 Evacuation Pause) 510M->510M(512M) 0.592ms
[439.329s][info][gc,cpu         ] GC(1354) User=0.00s Sys=0.00s Real=0.00s
[439.329s][info][gc,ergo        ] Attempting maximally compacting collection
[439.329s][info][gc,task        ] GC(1355) Using 8 workers of 8 for full compaction
[439.329s][info][gc,start       ] GC(1355) Pause Full (G1 Evacuation Pause)
[439.329s][info][gc,phases,start] GC(1355) Phase 1: Mark live objects
[439.551s][info][gc,phases      ] GC(1355) Phase 1: Mark live objects 221.968ms
[439.551s][info][gc,phases,start] GC(1355) Phase 2: Prepare for compaction
[439.581s][info][gc,phases      ] GC(1355) Phase 2: Prepare for compaction 30.572ms
[439.581s][info][gc,phases,start] GC(1355) Phase 3: Adjust pointers
[439.652s][info][gc,phases      ] GC(1355) Phase 3: Adjust pointers 70.952ms
[439.652s][info][gc,phases,start] GC(1355) Phase 4: Compact heap
[439.680s][info][gc,phases      ] GC(1355) Phase 4: Compact heap 27.275ms
[439.684s][info][gc,heap        ] GC(1355) Eden regions: 0->0(25)
[439.684s][info][gc,heap        ] GC(1355) Survivor regions: 0->0(0)
[439.684s][info][gc,heap        ] GC(1355) Old regions: 494->494
[439.684s][info][gc,heap        ] GC(1355) Archive regions: 2->2
[439.684s][info][gc,heap        ] GC(1355) Humongous regions: 16->16
[439.684s][info][gc,metaspace   ] GC(1355) Metaspace: 44325K(45568K)->44325K(45568K) NonClass: 39087K(39936K)->39087K(39936K) Class: 5238K(5632K)->5238K(5632K)
[439.684s][info][gc             ] GC(1355) Pause Full (G1 Evacuation Pause) 510M->510M(512M) 355.014ms
[439.685s][info][gc,cpu         ] GC(1355) User=2.48s Sys=0.04s Real=0.35s
[439.685s][info][gc,task        ] GC(1356) Using 8 workers of 8 for full compaction
[439.685s][info][gc,start       ] GC(1356) Pause Full (G1 Evacuation Pause)
[439.685s][info][gc,phases,start] GC(1356) Phase 1: Mark live objects
[439.910s][info][gc,phases      ] GC(1356) Phase 1: Mark live objects 224.307ms
[439.910s][info][gc,phases,start] GC(1356) Phase 2: Prepare for compaction
[439.940s][info][gc,phases      ] GC(1356) Phase 2: Prepare for compaction 30.716ms
[439.940s][info][gc,phases,start] GC(1356) Phase 3: Adjust pointers
[440.020s][info][gc,phases      ] GC(1356) Phase 3: Adjust pointers 79.876ms
[440.020s][info][gc,phases,start] GC(1356) Phase 4: Compact heap
[440.046s][info][gc,phases      ] GC(1356) Phase 4: Compact heap 26.163ms
[440.050s][info][gc,heap        ] GC(1356) Eden regions: 0->0(25)
[440.050s][info][gc,heap        ] GC(1356) Survivor regions: 0->0(0)
[440.051s][info][gc,heap        ] GC(1356) Old regions: 494->494
[440.051s][info][gc,heap        ] GC(1356) Archive regions: 2->2
[440.051s][info][gc,heap        ] GC(1356) Humongous regions: 16->16
[440.051s][info][gc,metaspace   ] GC(1356) Metaspace: 44325K(45568K)->44325K(45568K) NonClass: 39087K(39936K)->39087K(39936K) Class: 5238K(5632K)->5238K(5632K)
[440.051s][info][gc             ] GC(1356) Pause Full (G1 Evacuation Pause) 510M->510M(512M) 365.385ms
[440.052s][info][gc,cpu         ] GC(1356) User=2.49s Sys=0.04s Real=0.37s
[440.052s][info][gc,task        ] GC(1357) Using 8 workers of 8 for full compaction
[440.052s][info][gc,start       ] GC(1357) Pause Full (G1 Evacuation Pause)
[440.052s][info][gc,phases,start] GC(1357) Phase 1: Mark live objects
[440.273s][info][gc,phases      ] GC(1357) Phase 1: Mark live objects 220.313ms
[440.273s][info][gc,phases,start] GC(1357) Phase 2: Prepare for compaction
[440.303s][info][gc,phases      ] GC(1357) Phase 2: Prepare for compaction 30.237ms
[440.303s][info][gc,phases,start] GC(1357) Phase 3: Adjust pointers
[440.379s][info][gc,phases      ] GC(1357) Phase 3: Adjust pointers 76.472ms
[440.379s][info][gc,phases,start] GC(1357) Phase 4: Compact heap
[440.412s][info][gc,phases      ] GC(1357) Phase 4: Compact heap 32.812ms
[440.417s][info][gc,heap        ] GC(1357) Eden regions: 0->0(25)
[440.417s][info][gc,heap        ] GC(1357) Survivor regions: 0->0(0)
[440.417s][info][gc,heap        ] GC(1357) Old regions: 494->494
[440.417s][info][gc,heap        ] GC(1357) Archive regions: 2->2
[440.417s][info][gc,heap        ] GC(1357) Humongous regions: 16->16
[440.417s][info][gc,metaspace   ] GC(1357) Metaspace: 44325K(45568K)->44325K(45568K) NonClass: 39087K(39936K)->39087K(39936K) Class: 5238K(5632K)->5238K(5632K)
[440.417s][info][gc             ] GC(1357) Pause Full (G1 Evacuation Pause) 510M->510M(512M) 364.602ms
[440.419s][info][gc,cpu         ] GC(1357) User=2.50s Sys=0.03s Real=0.37s
[440.419s][info][gc,start       ] GC(1358) Pause Young (Concurrent Start) (G1 Evacuation Pause)
[440.419s][info][gc,task        ] GC(1358) Using 8 workers of 8 for evacuation
[440.420s][info][gc,phases      ] GC(1358)   Pre Evacuate Collection Set: 0.1ms
[440.420s][info][gc,phases      ] GC(1358)   Merge Heap Roots: 0.0ms
[440.420s][info][gc,phases      ] GC(1358)   Evacuate Collection Set: 0.5ms
[440.420s][info][gc,phases      ] GC(1358)   Post Evacuate Collection Set: 0.2ms
[440.420s][info][gc,phases      ] GC(1358)   Other: 0.1ms
[440.420s][info][gc,heap        ] GC(1358) Eden regions: 0->0(25)
[440.420s][info][gc,heap        ] GC(1358) Survivor regions: 0->0(0)
[440.420s][info][gc,heap        ] GC(1358) Old regions: 494->494
[440.420s][info][gc,heap        ] GC(1358) Archive regions: 2->2
[440.420s][info][gc,heap        ] GC(1358) Humongous regions: 16->16
[440.420s][info][gc,metaspace   ] GC(1358) Metaspace: 44325K(45568K)->44325K(45568K) NonClass: 39087K(39936K)->39087K(39936K) Class: 5238K(5632K)->5238K(5632K)
[440.420s][info][gc             ] GC(1358) Pause Young (Concurrent Start) (G1 Evacuation Pause) 510M->510M(512M) 1.054ms
[440.420s][info][gc,cpu         ] GC(1358) User=0.00s Sys=0.00s Real=0.00s
[440.420s][info][gc,ergo        ] Attempting maximally compacting collection
[440.420s][info][gc,task        ] GC(1359) Using 8 workers of 8 for full compaction
[440.420s][info][gc,start       ] GC(1359) Pause Full (G1 Evacuation Pause)
[440.420s][info][gc             ] GC(1360) Concurrent Cycle
[440.420s][info][gc,marking     ] GC(1360) Concurrent Clear Claimed Marks
[440.420s][info][gc,marking     ] GC(1360) Concurrent Clear Claimed Marks 0.058ms
[440.420s][info][gc,marking     ] GC(1360) Concurrent Scan Root Regions
[440.420s][info][gc,marking     ] GC(1360) Concurrent Scan Root Regions 0.028ms
[440.420s][info][gc,marking     ] GC(1360) Concurrent Mark (440.420s)
[440.421s][info][gc,marking     ] GC(1360) Concurrent Mark From Roots
[440.421s][info][gc,task        ] GC(1360) Using 2 workers of 2 for marking
[440.421s][info][gc,phases,start] GC(1359) Phase 1: Mark live objects
[440.655s][info][gc,phases      ] GC(1359) Phase 1: Mark live objects 234.115ms
[440.655s][info][gc,phases,start] GC(1359) Phase 2: Prepare for compaction
[440.689s][info][gc,phases      ] GC(1359) Phase 2: Prepare for compaction 33.930ms
[440.689s][info][gc,phases,start] GC(1359) Phase 3: Adjust pointers
[440.760s][info][gc,phases      ] GC(1359) Phase 3: Adjust pointers 70.422ms
[440.760s][info][gc,phases,start] GC(1359) Phase 4: Compact heap
[440.787s][info][gc,phases      ] GC(1359) Phase 4: Compact heap 27.557ms
[440.791s][info][gc,heap        ] GC(1359) Eden regions: 0->0(25)
[440.791s][info][gc,heap        ] GC(1359) Survivor regions: 0->0(0)
[440.791s][info][gc,heap        ] GC(1359) Old regions: 494->494
[440.791s][info][gc,heap        ] GC(1359) Archive regions: 2->2
[440.791s][info][gc,heap        ] GC(1359) Humongous regions: 16->16
[440.791s][info][gc,metaspace   ] GC(1359) Metaspace: 44325K(45568K)->44325K(45568K) NonClass: 39087K(39936K)->39087K(39936K) Class: 5238K(5632K)->5238K(5632K)
[440.791s][info][gc             ] GC(1359) Pause Full (G1 Evacuation Pause) 510M->510M(512M) 371.007ms
[440.793s][info][gc,cpu         ] GC(1359) User=2.52s Sys=0.03s Real=0.37s
[440.793s][info][gc,task        ] GC(1361) Using 8 workers of 8 for full compaction
[440.793s][info][gc,start       ] GC(1361) Pause Full (G1 Evacuation Pause)
[440.793s][info][gc,phases,start] GC(1361) Phase 1: Mark live objects
[441.050s][info][gc,phases      ] GC(1361) Phase 1: Mark live objects 256.947ms
[441.050s][info][gc,phases,start] GC(1361) Phase 2: Prepare for compaction
[441.093s][info][gc,phases      ] GC(1361) Phase 2: Prepare for compaction 43.480ms
[441.093s][info][gc,phases,start] GC(1361) Phase 3: Adjust pointers
[441.199s][info][gc,phases      ] GC(1361) Phase 3: Adjust pointers 105.680ms
[441.199s][info][gc,phases,start] GC(1361) Phase 4: Compact heap
[441.241s][info][gc,phases      ] GC(1361) Phase 4: Compact heap 41.295ms
[441.247s][info][gc,heap        ] GC(1361) Eden regions: 0->0(25)
[441.247s][info][gc,heap        ] GC(1361) Survivor regions: 0->0(0)
[441.247s][info][gc,heap        ] GC(1361) Old regions: 494->494
[441.247s][info][gc,heap        ] GC(1361) Archive regions: 2->2
[441.247s][info][gc,heap        ] GC(1361) Humongous regions: 16->16
[441.247s][info][gc,metaspace   ] GC(1361) Metaspace: 44325K(45568K)->44325K(45568K) NonClass: 39087K(39936K)->39087K(39936K) Class: 5238K(5632K)->5238K(5632K)
[441.247s][info][gc             ] GC(1361) Pause Full (G1 Evacuation Pause) 510M->510M(512M) 454.314ms
[441.250s][info][gc,cpu         ] GC(1361) User=2.45s Sys=0.05s Real=0.46s
[441.250s][info][gc,task        ] GC(1362) Using 8 workers of 8 for full compaction
[441.250s][info][gc,start       ] GC(1362) Pause Full (G1 Evacuation Pause)
[441.250s][info][gc,phases,start] GC(1362) Phase 1: Mark live objects
[441.480s][info][gc,phases      ] GC(1362) Phase 1: Mark live objects 230.253ms
[441.480s][info][gc,phases,start] GC(1362) Phase 2: Prepare for compaction
[441.513s][info][gc,phases      ] GC(1362) Phase 2: Prepare for compaction 33.109ms
[441.513s][info][gc,phases,start] GC(1362) Phase 3: Adjust pointers
[441.589s][info][gc,phases      ] GC(1362) Phase 3: Adjust pointers 75.982ms
[441.589s][info][gc,phases,start] GC(1362) Phase 4: Compact heap
[441.616s][info][gc,phases      ] GC(1362) Phase 4: Compact heap 26.773ms
[441.621s][info][gc,heap        ] GC(1362) Eden regions: 0->0(25)
[441.621s][info][gc,heap        ] GC(1362) Survivor regions: 0->0(0)
[441.621s][info][gc,heap        ] GC(1362) Old regions: 494->494
[441.621s][info][gc,heap        ] GC(1362) Archive regions: 2->2
[441.621s][info][gc,heap        ] GC(1362) Humongous regions: 16->16
[441.621s][info][gc,metaspace   ] GC(1362) Metaspace: 44325K(45568K)->44325K(45568K) NonClass: 39087K(39936K)->39087K(39936K) Class: 5238K(5632K)->5238K(5632K)
[441.621s][info][gc             ] GC(1362) Pause Full (G1 Evacuation Pause) 510M->510M(512M) 371.440ms
[441.624s][info][gc,cpu         ] GC(1362) User=2.56s Sys=0.02s Real=0.37s
[441.624s][info][gc,marking     ] GC(1360) Concurrent Mark From Roots 1203.240ms
[441.624s][info][gc,start       ] GC(1363) Pause Young (Normal) (G1 Evacuation Pause)
[441.624s][info][gc,task        ] GC(1363) Using 8 workers of 8 for evacuation
[441.625s][info][gc,phases      ] GC(1363)   Pre Evacuate Collection Set: 0.1ms
[441.625s][info][gc,phases      ] GC(1363)   Merge Heap Roots: 0.0ms
[441.625s][info][gc,phases      ] GC(1363)   Evacuate Collection Set: 0.2ms
[441.625s][info][gc,phases      ] GC(1363)   Post Evacuate Collection Set: 0.6ms
[441.625s][info][gc,phases      ] GC(1363)   Other: 0.1ms
[441.625s][info][gc,heap        ] GC(1363) Eden regions: 0->0(25)
[441.625s][info][gc,heap        ] GC(1363) Survivor regions: 0->0(0)
[441.625s][info][gc,heap        ] GC(1363) Old regions: 494->494
[441.625s][info][gc,heap        ] GC(1363) Archive regions: 2->2
[441.625s][info][gc,heap        ] GC(1363) Humongous regions: 16->16
[441.625s][info][gc,metaspace   ] GC(1363) Metaspace: 44325K(45568K)->44325K(45568K) NonClass: 39087K(39936K)->39087K(39936K) Class: 5238K(5632K)->5238K(5632K)
[441.625s][info][gc             ] GC(1363) Pause Young (Normal) (G1 Evacuation Pause) 510M->510M(512M) 1.200ms
[441.625s][info][gc,cpu         ] GC(1363) User=0.00s Sys=0.00s Real=0.00s
[441.625s][info][gc,ergo        ] Attempting maximally compacting collection
[441.625s][info][gc,task        ] GC(1364) Using 8 workers of 8 for full compaction
[441.625s][info][gc,start       ] GC(1364) Pause Full (G1 Evacuation Pause)
[441.625s][info][gc,phases,start] GC(1364) Phase 1: Mark live objects
[441.855s][info][gc,phases      ] GC(1364) Phase 1: Mark live objects 229.738ms
[441.855s][info][gc,phases,start] GC(1364) Phase 2: Prepare for compaction
[441.892s][info][gc,phases      ] GC(1364) Phase 2: Prepare for compaction 36.901ms
[441.892s][info][gc,phases,start] GC(1364) Phase 3: Adjust pointers
[441.975s][info][gc,phases      ] GC(1364) Phase 3: Adjust pointers 82.914ms
[441.975s][info][gc,phases,start] GC(1364) Phase 4: Compact heap
[442.002s][info][gc,phases      ] GC(1364) Phase 4: Compact heap 26.748ms
[442.006s][info][gc,heap        ] GC(1364) Eden regions: 0->0(25)
[442.006s][info][gc,heap        ] GC(1364) Survivor regions: 0->0(0)
[442.006s][info][gc,heap        ] GC(1364) Old regions: 494->494
[442.006s][info][gc,heap        ] GC(1364) Archive regions: 2->2
[442.006s][info][gc,heap        ] GC(1364) Humongous regions: 16->16
[442.006s][info][gc,metaspace   ] GC(1364) Metaspace: 44325K(45568K)->44325K(45568K) NonClass: 39087K(39936K)->39087K(39936K) Class: 5238K(5632K)->5238K(5632K)
[442.006s][info][gc             ] GC(1364) Pause Full (G1 Evacuation Pause) 510M->510M(512M) 380.722ms
[442.008s][info][gc,cpu         ] GC(1364) User=2.59s Sys=0.03s Real=0.39s
[442.008s][info][gc,task        ] GC(1365) Using 8 workers of 8 for full compaction
[442.008s][info][gc,start       ] GC(1365) Pause Full (G1 Evacuation Pause)
[442.008s][info][gc,phases,start] GC(1365) Phase 1: Mark live objects
[442.252s][info][gc,phases      ] GC(1365) Phase 1: Mark live objects 243.782ms
[442.252s][info][gc,phases,start] GC(1365) Phase 2: Prepare for compaction
[442.283s][info][gc,phases      ] GC(1365) Phase 2: Prepare for compaction 30.941ms
[442.283s][info][gc,phases,start] GC(1365) Phase 3: Adjust pointers
[442.361s][info][gc,phases      ] GC(1365) Phase 3: Adjust pointers 78.083ms
[442.361s][info][gc,phases,start] GC(1365) Phase 4: Compact heap
[442.390s][info][gc,phases      ] GC(1365) Phase 4: Compact heap 28.959ms
[442.394s][info][gc,heap        ] GC(1365) Eden regions: 0->0(25)
[442.394s][info][gc,heap        ] GC(1365) Survivor regions: 0->0(0)
[442.394s][info][gc,heap        ] GC(1365) Old regions: 494->494
[442.394s][info][gc,heap        ] GC(1365) Archive regions: 2->2
[442.394s][info][gc,heap        ] GC(1365) Humongous regions: 16->16
[442.394s][info][gc,metaspace   ] GC(1365) Metaspace: 44325K(45568K)->44325K(45568K) NonClass: 39087K(39936K)->39087K(39936K) Class: 5238K(5632K)->5238K(5632K)
[442.394s][info][gc             ] GC(1365) Pause Full (G1 Evacuation Pause) 510M->510M(512M) 386.158ms
[442.396s][info][gc,cpu         ] GC(1365) User=2.59s Sys=0.04s Real=0.39s
[442.396s][info][gc,task        ] GC(1366) Using 8 workers of 8 for full compaction
[442.396s][info][gc,start       ] GC(1366) Pause Full (G1 Evacuation Pause)
[442.396s][info][gc,phases,start] GC(1366) Phase 1: Mark live objects
[442.622s][info][gc,phases      ] GC(1366) Phase 1: Mark live objects 226.082ms
[442.622s][info][gc,phases,start] GC(1366) Phase 2: Prepare for compaction
[442.652s][info][gc,phases      ] GC(1366) Phase 2: Prepare for compaction 30.496ms
[442.652s][info][gc,phases,start] GC(1366) Phase 3: Adjust pointers
[442.724s][info][gc,phases      ] GC(1366) Phase 3: Adjust pointers 71.979ms
[442.724s][info][gc,phases,start] GC(1366) Phase 4: Compact heap
[442.748s][info][gc,phases      ] GC(1366) Phase 4: Compact heap 23.644ms
[442.752s][info][gc,heap        ] GC(1366) Eden regions: 0->0(25)
[442.752s][info][gc,heap        ] GC(1366) Survivor regions: 0->0(0)
[442.752s][info][gc,heap        ] GC(1366) Old regions: 494->494
[442.752s][info][gc,heap        ] GC(1366) Archive regions: 2->2
[442.752s][info][gc,heap        ] GC(1366) Humongous regions: 16->16
[442.752s][info][gc,metaspace   ] GC(1366) Metaspace: 44325K(45568K)->44325K(45568K) NonClass: 39087K(39936K)->39087K(39936K) Class: 5238K(5632K)->5238K(5632K)
[442.752s][info][gc             ] GC(1366) Pause Full (G1 Evacuation Pause) 510M->510M(512M) 356.490ms
[442.754s][info][gc,cpu         ] GC(1366) User=2.51s Sys=0.03s Real=0.35s
[442.754s][info][gc,marking     ] GC(1360) Concurrent Mark Abort
[442.754s][info][gc             ] GC(1360) Concurrent Cycle 2334.034ms
[442.754s][info][gc,start       ] GC(1367) Pause Young (Normal) (G1 Evacuation Pause)
[442.754s][info][gc,task        ] GC(1367) Using 8 workers of 8 for evacuation
[442.755s][info][gc,phases      ] GC(1367)   Pre Evacuate Collection Set: 0.1ms
[442.755s][info][gc,phases      ] GC(1367)   Merge Heap Roots: 0.0ms
[442.755s][info][gc,phases      ] GC(1367)   Evacuate Collection Set: 0.2ms
[442.755s][info][gc,phases      ] GC(1367)   Post Evacuate Collection Set: 0.2ms
[442.755s][info][gc,phases      ] GC(1367)   Other: 0.1ms
[442.755s][info][gc,heap        ] GC(1367) Eden regions: 0->0(25)
[442.755s][info][gc,heap        ] GC(1367) Survivor regions: 0->0(0)
[442.755s][info][gc,heap        ] GC(1367) Old regions: 494->494
[442.755s][info][gc,heap        ] GC(1367) Archive regions: 2->2
[442.755s][info][gc,heap        ] GC(1367) Humongous regions: 16->16
[442.755s][info][gc,metaspace   ] GC(1367) Metaspace: 44325K(45568K)->44325K(45568K) NonClass: 39087K(39936K)->39087K(39936K) Class: 5238K(5632K)->5238K(5632K)
[442.755s][info][gc             ] GC(1367) Pause Young (Normal) (G1 Evacuation Pause) 510M->510M(512M) 0.594ms
[442.755s][info][gc,cpu         ] GC(1367) User=0.01s Sys=0.00s Real=0.00s
[442.755s][info][gc,ergo        ] Attempting maximally compacting collection
[442.755s][info][gc,task        ] GC(1368) Using 8 workers of 8 for full compaction
[442.755s][info][gc,start       ] GC(1368) Pause Full (G1 Evacuation Pause)
[442.755s][info][gc,phases,start] GC(1368) Phase 1: Mark live objects
[442.999s][info][gc,phases      ] GC(1368) Phase 1: Mark live objects 243.653ms
[442.999s][info][gc,phases,start] GC(1368) Phase 2: Prepare for compaction
[443.031s][info][gc,phases      ] GC(1368) Phase 2: Prepare for compaction 31.710ms
[443.031s][info][gc,phases,start] GC(1368) Phase 3: Adjust pointers
[443.104s][info][gc,phases      ] GC(1368) Phase 3: Adjust pointers 73.674ms
[443.104s][info][gc,phases,start] GC(1368) Phase 4: Compact heap
[443.129s][info][gc,phases      ] GC(1368) Phase 4: Compact heap 25.168ms
[443.134s][info][gc,heap        ] GC(1368) Eden regions: 0->0(25)
[443.134s][info][gc,heap        ] GC(1368) Survivor regions: 0->0(0)
[443.134s][info][gc,heap        ] GC(1368) Old regions: 494->494
[443.134s][info][gc,heap        ] GC(1368) Archive regions: 2->2
[443.134s][info][gc,heap        ] GC(1368) Humongous regions: 16->16
[443.134s][info][gc,metaspace   ] GC(1368) Metaspace: 44325K(45568K)->44325K(45568K) NonClass: 39087K(39936K)->39087K(39936K) Class: 5238K(5632K)->5238K(5632K)
[443.134s][info][gc             ] GC(1368) Pause Full (G1 Evacuation Pause) 510M->510M(512M) 378.640ms
[443.135s][info][gc,cpu         ] GC(1368) User=2.50s Sys=0.04s Real=0.38s
[443.136s][info][gc,task        ] GC(1369) Using 8 workers of 8 for full compaction
[443.136s][info][gc,start       ] GC(1369) Pause Full (G1 Evacuation Pause)
[443.136s][info][gc,phases,start] GC(1369) Phase 1: Mark live objects
[443.369s][info][gc,phases      ] GC(1369) Phase 1: Mark live objects 233.622ms
[443.369s][info][gc,phases,start] GC(1369) Phase 2: Prepare for compaction
[443.399s][info][gc,phases      ] GC(1369) Phase 2: Prepare for compaction 30.060ms
[443.399s][info][gc,phases,start] GC(1369) Phase 3: Adjust pointers
[443.473s][info][gc,phases      ] GC(1369) Phase 3: Adjust pointers 73.586ms
[443.473s][info][gc,phases,start] GC(1369) Phase 4: Compact heap
[443.499s][info][gc,phases      ] GC(1369) Phase 4: Compact heap 25.973ms
[443.503s][info][gc,heap        ] GC(1369) Eden regions: 0->0(25)
[443.503s][info][gc,heap        ] GC(1369) Survivor regions: 0->0(0)
[443.503s][info][gc,heap        ] GC(1369) Old regions: 494->494
[443.503s][info][gc,heap        ] GC(1369) Archive regions: 2->2
[443.503s][info][gc,heap        ] GC(1369) Humongous regions: 16->16
[443.503s][info][gc,metaspace   ] GC(1369) Metaspace: 44325K(45568K)->44325K(45568K) NonClass: 39087K(39936K)->39087K(39936K) Class: 5238K(5632K)->5238K(5632K)
[443.503s][info][gc             ] GC(1369) Pause Full (G1 Evacuation Pause) 510M->510M(512M) 367.573ms
[443.505s][info][gc,cpu         ] GC(1369) User=2.49s Sys=0.03s Real=0.36s
[443.505s][info][gc,task        ] GC(1370) Using 8 workers of 8 for full compaction
[443.505s][info][gc,start       ] GC(1370) Pause Full (G1 Evacuation Pause)
[443.505s][info][gc,phases,start] GC(1370) Phase 1: Mark live objects
[443.724s][info][gc,phases      ] GC(1370) Phase 1: Mark live objects 219.036ms
[443.724s][info][gc,phases,start] GC(1370) Phase 2: Prepare for compaction
[443.754s][info][gc,phases      ] GC(1370) Phase 2: Prepare for compaction 30.370ms
[443.755s][info][gc,phases,start] GC(1370) Phase 3: Adjust pointers
[443.831s][info][gc,phases      ] GC(1370) Phase 3: Adjust pointers 76.576ms
[443.831s][info][gc,phases,start] GC(1370) Phase 4: Compact heap
[443.859s][info][gc,phases      ] GC(1370) Phase 4: Compact heap 27.482ms
[443.863s][info][gc,heap        ] GC(1370) Eden regions: 0->0(25)
[443.863s][info][gc,heap        ] GC(1370) Survivor regions: 0->0(0)
[443.863s][info][gc,heap        ] GC(1370) Old regions: 494->494
[443.863s][info][gc,heap        ] GC(1370) Archive regions: 2->2
[443.863s][info][gc,heap        ] GC(1370) Humongous regions: 16->16
[443.863s][info][gc,metaspace   ] GC(1370) Metaspace: 44325K(45568K)->44325K(45568K) NonClass: 39087K(39936K)->39087K(39936K) Class: 5238K(5632K)->5238K(5632K)
[443.863s][info][gc             ] GC(1370) Pause Full (G1 Evacuation Pause) 510M->510M(512M) 358.108ms
[443.865s][info][gc,cpu         ] GC(1370) User=2.49s Sys=0.03s Real=0.36s
[443.865s][info][gc,start       ] GC(1371) Pause Young (Concurrent Start) (G1 Evacuation Pause)
[443.865s][info][gc,task        ] GC(1371) Using 8 workers of 8 for evacuation
[443.866s][info][gc,phases      ] GC(1371)   Pre Evacuate Collection Set: 0.1ms
[443.866s][info][gc,phases      ] GC(1371)   Merge Heap Roots: 0.1ms
[443.866s][info][gc,phases      ] GC(1371)   Evacuate Collection Set: 0.6ms
[443.866s][info][gc,phases      ] GC(1371)   Post Evacuate Collection Set: 0.2ms
[443.866s][info][gc,phases      ] GC(1371)   Other: 0.1ms
[443.866s][info][gc,heap        ] GC(1371) Eden regions: 0->0(25)
[443.866s][info][gc,heap        ] GC(1371) Survivor regions: 0->0(0)
[443.866s][info][gc,heap        ] GC(1371) Old regions: 494->494
[443.866s][info][gc,heap        ] GC(1371) Archive regions: 2->2
[443.866s][info][gc,heap        ] GC(1371) Humongous regions: 16->16
[443.866s][info][gc,metaspace   ] GC(1371) Metaspace: 44325K(45568K)->44325K(45568K) NonClass: 39087K(39936K)->39087K(39936K) Class: 5238K(5632K)->5238K(5632K)
[443.866s][info][gc             ] GC(1371) Pause Young (Concurrent Start) (G1 Evacuation Pause) 510M->510M(512M) 1.126ms
[443.866s][info][gc,cpu         ] GC(1371) User=0.00s Sys=0.00s Real=0.01s
[443.866s][info][gc,ergo        ] Attempting maximally compacting collection
[443.866s][info][gc,task        ] GC(1372) Using 8 workers of 8 for full compaction
[443.866s][info][gc,start       ] GC(1372) Pause Full (G1 Evacuation Pause)
[443.866s][info][gc             ] GC(1373) Concurrent Cycle
[443.866s][info][gc,marking     ] GC(1373) Concurrent Clear Claimed Marks
[443.866s][info][gc,marking     ] GC(1373) Concurrent Clear Claimed Marks 0.043ms
[443.866s][info][gc,marking     ] GC(1373) Concurrent Scan Root Regions
[443.866s][info][gc,marking     ] GC(1373) Concurrent Scan Root Regions 0.028ms
[443.866s][info][gc,marking     ] GC(1373) Concurrent Mark (443.866s)
[443.866s][info][gc,marking     ] GC(1373) Concurrent Mark From Roots
[443.866s][info][gc,task        ] GC(1373) Using 2 workers of 2 for marking
[443.867s][info][gc,phases,start] GC(1372) Phase 1: Mark live objects
[444.091s][info][gc,phases      ] GC(1372) Phase 1: Mark live objects 224.449ms
[444.091s][info][gc,phases,start] GC(1372) Phase 2: Prepare for compaction
[444.120s][info][gc,phases      ] GC(1372) Phase 2: Prepare for compaction 29.379ms
[444.120s][info][gc,phases,start] GC(1372) Phase 3: Adjust pointers
[444.191s][info][gc,phases      ] GC(1372) Phase 3: Adjust pointers 70.848ms
[444.191s][info][gc,phases,start] GC(1372) Phase 4: Compact heap
[444.220s][info][gc,phases      ] GC(1372) Phase 4: Compact heap 28.887ms
[444.224s][info][gc,heap        ] GC(1372) Eden regions: 0->0(25)
[444.224s][info][gc,heap        ] GC(1372) Survivor regions: 0->0(0)
[444.224s][info][gc,heap        ] GC(1372) Old regions: 494->494
[444.224s][info][gc,heap        ] GC(1372) Archive regions: 2->2
[444.224s][info][gc,heap        ] GC(1372) Humongous regions: 16->16
[444.224s][info][gc,metaspace   ] GC(1372) Metaspace: 44325K(45568K)->44325K(45568K) NonClass: 39087K(39936K)->39087K(39936K) Class: 5238K(5632K)->5238K(5632K)
[444.224s][info][gc             ] GC(1372) Pause Full (G1 Evacuation Pause) 510M->510M(512M) 358.407ms
[444.226s][info][gc,cpu         ] GC(1372) User=2.49s Sys=0.05s Real=0.36s
[444.226s][info][gc,task        ] GC(1374) Using 8 workers of 8 for full compaction
[444.226s][info][gc,start       ] GC(1374) Pause Full (G1 Evacuation Pause)
[444.226s][info][gc,phases,start] GC(1374) Phase 1: Mark live objects
[444.447s][info][gc,phases      ] GC(1374) Phase 1: Mark live objects 220.623ms
[444.447s][info][gc,phases,start] GC(1374) Phase 2: Prepare for compaction
[444.478s][info][gc,phases      ] GC(1374) Phase 2: Prepare for compaction 31.323ms
[444.478s][info][gc,phases,start] GC(1374) Phase 3: Adjust pointers
[444.550s][info][gc,phases      ] GC(1374) Phase 3: Adjust pointers 71.654ms
[444.550s][info][gc,phases,start] GC(1374) Phase 4: Compact heap
[444.576s][info][gc,phases      ] GC(1374) Phase 4: Compact heap 26.169ms
[444.580s][info][gc,heap        ] GC(1374) Eden regions: 0->0(25)
[444.580s][info][gc,heap        ] GC(1374) Survivor regions: 0->0(0)
[444.580s][info][gc,heap        ] GC(1374) Old regions: 494->494
[444.580s][info][gc,heap        ] GC(1374) Archive regions: 2->2
[444.580s][info][gc,heap        ] GC(1374) Humongous regions: 16->16
[444.580s][info][gc,metaspace   ] GC(1374) Metaspace: 44325K(45568K)->44325K(45568K) NonClass: 39087K(39936K)->39087K(39936K) Class: 5238K(5632K)->5238K(5632K)
[444.580s][info][gc             ] GC(1374) Pause Full (G1 Evacuation Pause) 510M->510M(512M) 354.421ms
[444.582s][info][gc,cpu         ] GC(1374) User=2.48s Sys=0.02s Real=0.35s
[444.582s][info][gc,task        ] GC(1375) Using 8 workers of 8 for full compaction
[444.582s][info][gc,start       ] GC(1375) Pause Full (G1 Evacuation Pause)
[444.582s][info][gc,phases,start] GC(1375) Phase 1: Mark live objects
[444.800s][info][gc,phases      ] GC(1375) Phase 1: Mark live objects 218.422ms
[444.801s][info][gc,phases,start] GC(1375) Phase 2: Prepare for compaction
[444.833s][info][gc,phases      ] GC(1375) Phase 2: Prepare for compaction 32.045ms
[444.833s][info][gc,phases,start] GC(1375) Phase 3: Adjust pointers
[444.907s][info][gc,phases      ] GC(1375) Phase 3: Adjust pointers 74.128ms
[444.907s][info][gc,phases,start] GC(1375) Phase 4: Compact heap
[444.931s][info][gc,phases      ] GC(1375) Phase 4: Compact heap 24.592ms
[444.936s][info][gc,heap        ] GC(1375) Eden regions: 0->0(25)
[444.936s][info][gc,heap        ] GC(1375) Survivor regions: 0->0(0)
[444.936s][info][gc,heap        ] GC(1375) Old regions: 494->494
[444.936s][info][gc,heap        ] GC(1375) Archive regions: 2->2
[444.936s][info][gc,heap        ] GC(1375) Humongous regions: 16->16
[444.936s][info][gc,metaspace   ] GC(1375) Metaspace: 44325K(45568K)->44325K(45568K) NonClass: 39087K(39936K)->39087K(39936K) Class: 5238K(5632K)->5238K(5632K)
[444.936s][info][gc             ] GC(1375) Pause Full (G1 Evacuation Pause) 510M->510M(512M) 353.717ms
[444.937s][info][gc,cpu         ] GC(1375) User=2.49s Sys=0.03s Real=0.36s
[444.937s][info][gc,marking     ] GC(1373) Concurrent Mark From Roots 1071.260ms
[444.937s][info][gc,marking     ] GC(1373) Concurrent Mark Abort
[444.937s][info][gc             ] GC(1373) Concurrent Cycle 1071.488ms
[444.938s][info][gc,start       ] GC(1376) Pause Young (Normal) (G1 Evacuation Pause)
[444.938s][info][gc,task        ] GC(1376) Using 8 workers of 8 for evacuation
[444.938s][info][gc,phases      ] GC(1376)   Pre Evacuate Collection Set: 0.1ms
[444.938s][info][gc,phases      ] GC(1376)   Merge Heap Roots: 0.0ms
[444.938s][info][gc,phases      ] GC(1376)   Evacuate Collection Set: 0.2ms
[444.938s][info][gc,phases      ] GC(1376)   Post Evacuate Collection Set: 0.1ms
[444.938s][info][gc,phases      ] GC(1376)   Other: 0.1ms
[444.938s][info][gc,heap        ] GC(1376) Eden regions: 0->0(25)
[444.938s][info][gc,heap        ] GC(1376) Survivor regions: 0->0(0)
[444.938s][info][gc,heap        ] GC(1376) Old regions: 494->494
[444.938s][info][gc,heap        ] GC(1376) Archive regions: 2->2
[444.938s][info][gc,heap        ] GC(1376) Humongous regions: 16->16
[444.938s][info][gc,metaspace   ] GC(1376) Metaspace: 44325K(45568K)->44325K(45568K) NonClass: 39087K(39936K)->39087K(39936K) Class: 5238K(5632K)->5238K(5632K)
[444.938s][info][gc             ] GC(1376) Pause Young (Normal) (G1 Evacuation Pause) 510M->510M(512M) 0.604ms
[444.938s][info][gc,cpu         ] GC(1376) User=0.00s Sys=0.00s Real=0.00s
[444.938s][info][gc,ergo        ] Attempting maximally compacting collection
[444.938s][info][gc,task        ] GC(1377) Using 8 workers of 8 for full compaction
[444.938s][info][gc,start       ] GC(1377) Pause Full (G1 Evacuation Pause)
[444.938s][info][gc,phases,start] GC(1377) Phase 1: Mark live objects
[445.180s][info][gc,phases      ] GC(1377) Phase 1: Mark live objects 241.330ms
[445.180s][info][gc,phases,start] GC(1377) Phase 2: Prepare for compaction
[445.209s][info][gc,phases      ] GC(1377) Phase 2: Prepare for compaction 29.823ms
[445.210s][info][gc,phases,start] GC(1377) Phase 3: Adjust pointers
[445.279s][info][gc,phases      ] GC(1377) Phase 3: Adjust pointers 69.851ms
[445.279s][info][gc,phases,start] GC(1377) Phase 4: Compact heap
[445.308s][info][gc,phases      ] GC(1377) Phase 4: Compact heap 28.477ms
[445.312s][info][gc,heap        ] GC(1377) Eden regions: 0->0(25)
[445.312s][info][gc,heap        ] GC(1377) Survivor regions: 0->0(0)
[445.312s][info][gc,heap        ] GC(1377) Old regions: 494->494
[445.312s][info][gc,heap        ] GC(1377) Archive regions: 2->2
[445.312s][info][gc,heap        ] GC(1377) Humongous regions: 16->16
[445.312s][info][gc,metaspace   ] GC(1377) Metaspace: 44325K(45568K)->44325K(45568K) NonClass: 39087K(39936K)->39087K(39936K) Class: 5238K(5632K)->5238K(5632K)
[445.312s][info][gc             ] GC(1377) Pause Full (G1 Evacuation Pause) 510M->510M(512M) 373.892ms
[445.314s][info][gc,cpu         ] GC(1377) User=2.49s Sys=0.03s Real=0.37s
[445.314s][info][gc,task        ] GC(1378) Using 8 workers of 8 for full compaction
[445.314s][info][gc,start       ] GC(1378) Pause Full (G1 Evacuation Pause)
[445.314s][info][gc,phases,start] GC(1378) Phase 1: Mark live objects
[445.563s][info][gc,phases      ] GC(1378) Phase 1: Mark live objects 249.025ms
[445.563s][info][gc,phases,start] GC(1378) Phase 2: Prepare for compaction
[445.593s][info][gc,phases      ] GC(1378) Phase 2: Prepare for compaction 30.351ms
[445.594s][info][gc,phases,start] GC(1378) Phase 3: Adjust pointers
[445.664s][info][gc,phases      ] GC(1378) Phase 3: Adjust pointers 70.577ms
[445.664s][info][gc,phases,start] GC(1378) Phase 4: Compact heap
[445.689s][info][gc,phases      ] GC(1378) Phase 4: Compact heap 25.146ms
[445.693s][info][gc,heap        ] GC(1378) Eden regions: 0->0(25)
[445.693s][info][gc,heap        ] GC(1378) Survivor regions: 0->0(0)
[445.693s][info][gc,heap        ] GC(1378) Old regions: 494->494
[445.693s][info][gc,heap        ] GC(1378) Archive regions: 2->2
[445.693s][info][gc,heap        ] GC(1378) Humongous regions: 16->16
[445.693s][info][gc,metaspace   ] GC(1378) Metaspace: 44325K(45568K)->44325K(45568K) NonClass: 39087K(39936K)->39087K(39936K) Class: 5238K(5632K)->5238K(5632K)
[445.693s][info][gc             ] GC(1378) Pause Full (G1 Evacuation Pause) 510M->510M(512M) 379.461ms
[445.695s][info][gc,cpu         ] GC(1378) User=2.50s Sys=0.05s Real=0.38s
[445.695s][info][gc,task        ] GC(1379) Using 8 workers of 8 for full compaction
[445.695s][info][gc,start       ] GC(1379) Pause Full (G1 Evacuation Pause)
[445.695s][info][gc,phases,start] GC(1379) Phase 1: Mark live objects
[445.938s][info][gc,phases      ] GC(1379) Phase 1: Mark live objects 242.546ms
[445.938s][info][gc,phases,start] GC(1379) Phase 2: Prepare for compaction
[445.972s][info][gc,phases      ] GC(1379) Phase 2: Prepare for compaction 34.466ms
[445.972s][info][gc,phases,start] GC(1379) Phase 3: Adjust pointers
[446.082s][info][gc,phases      ] GC(1379) Phase 3: Adjust pointers 109.786ms
[446.082s][info][gc,phases,start] GC(1379) Phase 4: Compact heap
[446.113s][info][gc,phases      ] GC(1379) Phase 4: Compact heap 30.952ms
[446.118s][info][gc,heap        ] GC(1379) Eden regions: 0->0(25)
[446.118s][info][gc,heap        ] GC(1379) Survivor regions: 0->0(0)
[446.118s][info][gc,heap        ] GC(1379) Old regions: 494->494
[446.118s][info][gc,heap        ] GC(1379) Archive regions: 2->2
[446.118s][info][gc,heap        ] GC(1379) Humongous regions: 16->16
[446.118s][info][gc,metaspace   ] GC(1379) Metaspace: 44325K(45568K)->44325K(45568K) NonClass: 39087K(39936K)->39087K(39936K) Class: 5238K(5632K)->5238K(5632K)
[446.118s][info][gc             ] GC(1379) Pause Full (G1 Evacuation Pause) 510M->510M(512M) 422.239ms
[446.119s][info][gc,cpu         ] GC(1379) User=2.51s Sys=0.04s Real=0.43s
[446.119s][info][gc,start       ] GC(1380) Pause Young (Concurrent Start) (G1 Evacuation Pause)
[446.119s][info][gc,task        ] GC(1380) Using 8 workers of 8 for evacuation
[446.120s][info][gc,phases      ] GC(1380)   Pre Evacuate Collection Set: 0.1ms
[446.120s][info][gc,phases      ] GC(1380)   Merge Heap Roots: 0.0ms
[446.120s][info][gc,phases      ] GC(1380)   Evacuate Collection Set: 0.5ms
[446.120s][info][gc,phases      ] GC(1380)   Post Evacuate Collection Set: 0.2ms
[446.120s][info][gc,phases      ] GC(1380)   Other: 0.1ms
[446.120s][info][gc,heap        ] GC(1380) Eden regions: 0->0(25)
[446.120s][info][gc,heap        ] GC(1380) Survivor regions: 0->0(0)
[446.120s][info][gc,heap        ] GC(1380) Old regions: 494->494
[446.120s][info][gc,heap        ] GC(1380) Archive regions: 2->2
[446.120s][info][gc,heap        ] GC(1380) Humongous regions: 16->16
[446.120s][info][gc,metaspace   ] GC(1380) Metaspace: 44325K(45568K)->44325K(45568K) NonClass: 39087K(39936K)->39087K(39936K) Class: 5238K(5632K)->5238K(5632K)
[446.120s][info][gc             ] GC(1380) Pause Young (Concurrent Start) (G1 Evacuation Pause) 510M->510M(512M) 1.000ms
[446.120s][info][gc,cpu         ] GC(1380) User=0.01s Sys=0.00s Real=0.00s
[446.120s][info][gc,ergo        ] Attempting maximally compacting collection
[446.120s][info][gc,task        ] GC(1381) Using 8 workers of 8 for full compaction
[446.120s][info][gc             ] GC(1382) Concurrent Cycle
[446.120s][info][gc,start       ] GC(1381) Pause Full (G1 Evacuation Pause)
[446.120s][info][gc,marking     ] GC(1382) Concurrent Clear Claimed Marks
[446.120s][info][gc,marking     ] GC(1382) Concurrent Clear Claimed Marks 0.067ms
[446.120s][info][gc,marking     ] GC(1382) Concurrent Scan Root Regions
[446.120s][info][gc,marking     ] GC(1382) Concurrent Scan Root Regions 0.022ms
[446.120s][info][gc,marking     ] GC(1382) Concurrent Mark (446.120s)
[446.120s][info][gc,marking     ] GC(1382) Concurrent Mark From Roots
[446.120s][info][gc,task        ] GC(1382) Using 2 workers of 2 for marking
[446.121s][info][gc,phases,start] GC(1381) Phase 1: Mark live objects
[446.394s][info][gc,phases      ] GC(1381) Phase 1: Mark live objects 272.891ms
[446.394s][info][gc,phases,start] GC(1381) Phase 2: Prepare for compaction
[446.425s][info][gc,phases      ] GC(1381) Phase 2: Prepare for compaction 30.942ms
[446.425s][info][gc,phases,start] GC(1381) Phase 3: Adjust pointers
[446.500s][info][gc,phases      ] GC(1381) Phase 3: Adjust pointers 75.401ms
[446.500s][info][gc,phases,start] GC(1381) Phase 4: Compact heap
[446.525s][info][gc,phases      ] GC(1381) Phase 4: Compact heap 24.584ms
[446.529s][info][gc,heap        ] GC(1381) Eden regions: 0->0(25)
[446.529s][info][gc,heap        ] GC(1381) Survivor regions: 0->0(0)
[446.529s][info][gc,heap        ] GC(1381) Old regions: 494->494
[446.529s][info][gc,heap        ] GC(1381) Archive regions: 2->2
[446.529s][info][gc,heap        ] GC(1381) Humongous regions: 16->16
[446.529s][info][gc,metaspace   ] GC(1381) Metaspace: 44325K(45568K)->44325K(45568K) NonClass: 39087K(39936K)->39087K(39936K) Class: 5238K(5632K)->5238K(5632K)
[446.529s][info][gc             ] GC(1381) Pause Full (G1 Evacuation Pause) 510M->510M(512M) 408.872ms
[446.530s][info][gc,cpu         ] GC(1381) User=2.50s Sys=0.03s Real=0.41s
[446.530s][info][gc,task        ] GC(1383) Using 8 workers of 8 for full compaction
[446.530s][info][gc,start       ] GC(1383) Pause Full (G1 Evacuation Pause)
[446.530s][info][gc,phases,start] GC(1383) Phase 1: Mark live objects
[446.766s][info][gc,phases      ] GC(1383) Phase 1: Mark live objects 235.764ms
[446.766s][info][gc,phases,start] GC(1383) Phase 2: Prepare for compaction
[446.800s][info][gc,phases      ] GC(1383) Phase 2: Prepare for compaction 33.771ms
[446.800s][info][gc,phases,start] GC(1383) Phase 3: Adjust pointers
[446.910s][info][gc,phases      ] GC(1383) Phase 3: Adjust pointers 110.173ms
[446.910s][info][gc,phases,start] GC(1383) Phase 4: Compact heap
[446.938s][info][gc,phases      ] GC(1383) Phase 4: Compact heap 27.824ms
[446.942s][info][gc,heap        ] GC(1383) Eden regions: 0->0(25)
[446.942s][info][gc,heap        ] GC(1383) Survivor regions: 0->0(0)
[446.942s][info][gc,heap        ] GC(1383) Old regions: 494->494
[446.942s][info][gc,heap        ] GC(1383) Archive regions: 2->2
[446.942s][info][gc,heap        ] GC(1383) Humongous regions: 16->16
[446.942s][info][gc,metaspace   ] GC(1383) Metaspace: 44325K(45568K)->44325K(45568K) NonClass: 39087K(39936K)->39087K(39936K) Class: 5238K(5632K)->5238K(5632K)
[446.942s][info][gc             ] GC(1383) Pause Full (G1 Evacuation Pause) 510M->510M(512M) 412.018ms
[446.945s][info][gc,cpu         ] GC(1383) User=2.53s Sys=0.04s Real=0.41s
[446.945s][info][gc,task        ] GC(1384) Using 8 workers of 8 for full compaction
[446.945s][info][gc,start       ] GC(1384) Pause Full (G1 Evacuation Pause)
[446.945s][info][gc,phases,start] GC(1384) Phase 1: Mark live objects
[447.175s][info][gc,phases      ] GC(1384) Phase 1: Mark live objects 230.600ms
[447.175s][info][gc,phases,start] GC(1384) Phase 2: Prepare for compaction
[447.207s][info][gc,phases      ] GC(1384) Phase 2: Prepare for compaction 31.295ms
[447.207s][info][gc,phases,start] GC(1384) Phase 3: Adjust pointers
[447.280s][info][gc,phases      ] GC(1384) Phase 3: Adjust pointers 73.461ms
[447.280s][info][gc,phases,start] GC(1384) Phase 4: Compact heap
[447.308s][info][gc,phases      ] GC(1384) Phase 4: Compact heap 27.757ms
[447.312s][info][gc,heap        ] GC(1384) Eden regions: 0->0(25)
[447.312s][info][gc,heap        ] GC(1384) Survivor regions: 0->0(0)
[447.312s][info][gc,heap        ] GC(1384) Old regions: 494->494
[447.312s][info][gc,heap        ] GC(1384) Archive regions: 2->2
[447.312s][info][gc,heap        ] GC(1384) Humongous regions: 16->16
[447.312s][info][gc,metaspace   ] GC(1384) Metaspace: 44325K(45568K)->44325K(45568K) NonClass: 39087K(39936K)->39087K(39936K) Class: 5238K(5632K)->5238K(5632K)
[447.312s][info][gc             ] GC(1384) Pause Full (G1 Evacuation Pause) 510M->510M(512M) 367.494ms
[447.314s][info][gc,cpu         ] GC(1384) User=2.56s Sys=0.03s Real=0.37s
[447.314s][info][gc,marking     ] GC(1382) Concurrent Mark From Roots 1193.549ms
[447.314s][info][gc,start       ] GC(1385) Pause Young (Normal) (G1 Evacuation Pause)
[447.314s][info][gc,task        ] GC(1385) Using 8 workers of 8 for evacuation
[447.315s][info][gc,phases      ] GC(1385)   Pre Evacuate Collection Set: 0.1ms
[447.315s][info][gc,phases      ] GC(1385)   Merge Heap Roots: 0.0ms
[447.315s][info][gc,phases      ] GC(1385)   Evacuate Collection Set: 0.2ms
[447.315s][info][gc,phases      ] GC(1385)   Post Evacuate Collection Set: 0.2ms
[447.315s][info][gc,phases      ] GC(1385)   Other: 0.1ms
[447.315s][info][gc,heap        ] GC(1385) Eden regions: 0->0(25)
[447.315s][info][gc,heap        ] GC(1385) Survivor regions: 0->0(0)
[447.315s][info][gc,heap        ] GC(1385) Old regions: 494->494
[447.315s][info][gc,heap        ] GC(1385) Archive regions: 2->2
[447.315s][info][gc,heap        ] GC(1385) Humongous regions: 16->16
[447.315s][info][gc,metaspace   ] GC(1385) Metaspace: 44325K(45568K)->44325K(45568K) NonClass: 39087K(39936K)->39087K(39936K) Class: 5238K(5632K)->5238K(5632K)
[447.315s][info][gc             ] GC(1385) Pause Young (Normal) (G1 Evacuation Pause) 510M->510M(512M) 0.687ms
[447.315s][info][gc,cpu         ] GC(1385) User=0.00s Sys=0.00s Real=0.00s
[447.315s][info][gc,ergo        ] Attempting maximally compacting collection
[447.315s][info][gc,task        ] GC(1386) Using 8 workers of 8 for full compaction
[447.315s][info][gc,start       ] GC(1386) Pause Full (G1 Evacuation Pause)
[447.315s][info][gc,phases,start] GC(1386) Phase 1: Mark live objects
[447.542s][info][gc,phases      ] GC(1386) Phase 1: Mark live objects 226.930ms
[447.542s][info][gc,phases,start] GC(1386) Phase 2: Prepare for compaction
[447.575s][info][gc,phases      ] GC(1386) Phase 2: Prepare for compaction 33.026ms
[447.575s][info][gc,phases,start] GC(1386) Phase 3: Adjust pointers
[447.648s][info][gc,phases      ] GC(1386) Phase 3: Adjust pointers 72.653ms
[447.648s][info][gc,phases,start] GC(1386) Phase 4: Compact heap
[447.673s][info][gc,phases      ] GC(1386) Phase 4: Compact heap 25.221ms
[447.677s][info][gc,heap        ] GC(1386) Eden regions: 0->0(25)
[447.677s][info][gc,heap        ] GC(1386) Survivor regions: 0->0(0)
[447.677s][info][gc,heap        ] GC(1386) Old regions: 494->494
[447.677s][info][gc,heap        ] GC(1386) Archive regions: 2->2
[447.677s][info][gc,heap        ] GC(1386) Humongous regions: 16->16
[447.677s][info][gc,metaspace   ] GC(1386) Metaspace: 44325K(45568K)->44325K(45568K) NonClass: 39087K(39936K)->39087K(39936K) Class: 5238K(5632K)->5238K(5632K)
[447.677s][info][gc             ] GC(1386) Pause Full (G1 Evacuation Pause) 510M->510M(512M) 362.158ms
[447.678s][info][gc,cpu         ] GC(1386) User=2.56s Sys=0.02s Real=0.37s
[447.678s][info][gc,task        ] GC(1387) Using 8 workers of 8 for full compaction
[447.678s][info][gc,start       ] GC(1387) Pause Full (G1 Evacuation Pause)
[447.678s][info][gc,phases,start] GC(1387) Phase 1: Mark live objects
[447.901s][info][gc,phases      ] GC(1387) Phase 1: Mark live objects 222.153ms
[447.901s][info][gc,phases,start] GC(1387) Phase 2: Prepare for compaction
[447.931s][info][gc,phases      ] GC(1387) Phase 2: Prepare for compaction 30.169ms
[447.931s][info][gc,phases,start] GC(1387) Phase 3: Adjust pointers
[448.006s][info][gc,phases      ] GC(1387) Phase 3: Adjust pointers 75.290ms
[448.006s][info][gc,phases,start] GC(1387) Phase 4: Compact heap
[448.031s][info][gc,phases      ] GC(1387) Phase 4: Compact heap 24.563ms
[448.035s][info][gc,heap        ] GC(1387) Eden regions: 0->0(25)
[448.035s][info][gc,heap        ] GC(1387) Survivor regions: 0->0(0)
[448.035s][info][gc,heap        ] GC(1387) Old regions: 494->494
[448.035s][info][gc,heap        ] GC(1387) Archive regions: 2->2
[448.035s][info][gc,heap        ] GC(1387) Humongous regions: 16->16
[448.035s][info][gc,metaspace   ] GC(1387) Metaspace: 44325K(45568K)->44325K(45568K) NonClass: 39087K(39936K)->39087K(39936K) Class: 5238K(5632K)->5238K(5632K)
[448.035s][info][gc             ] GC(1387) Pause Full (G1 Evacuation Pause) 510M->510M(512M) 356.474ms
[448.037s][info][gc,cpu         ] GC(1387) User=2.49s Sys=0.04s Real=0.36s
[448.037s][info][gc,task        ] GC(1388) Using 8 workers of 8 for full compaction
[448.037s][info][gc,start       ] GC(1388) Pause Full (G1 Evacuation Pause)
[448.037s][info][gc,phases,start] GC(1388) Phase 1: Mark live objects
[448.255s][info][gc,phases      ] GC(1388) Phase 1: Mark live objects 218.622ms
[448.255s][info][gc,phases,start] GC(1388) Phase 2: Prepare for compaction
[448.285s][info][gc,phases      ] GC(1388) Phase 2: Prepare for compaction 29.526ms
[448.285s][info][gc,phases,start] GC(1388) Phase 3: Adjust pointers
[448.358s][info][gc,phases      ] GC(1388) Phase 3: Adjust pointers 72.948ms
[448.358s][info][gc,phases,start] GC(1388) Phase 4: Compact heap
[448.385s][info][gc,phases      ] GC(1388) Phase 4: Compact heap 27.225ms
[448.389s][info][gc,heap        ] GC(1388) Eden regions: 0->0(25)
[448.389s][info][gc,heap        ] GC(1388) Survivor regions: 0->0(0)
[448.389s][info][gc,heap        ] GC(1388) Old regions: 494->494
[448.389s][info][gc,heap        ] GC(1388) Archive regions: 2->2
[448.389s][info][gc,heap        ] GC(1388) Humongous regions: 16->16
[448.389s][info][gc,metaspace   ] GC(1388) Metaspace: 44325K(45568K)->44325K(45568K) NonClass: 39087K(39936K)->39087K(39936K) Class: 5238K(5632K)->5238K(5632K)
[448.389s][info][gc             ] GC(1388) Pause Full (G1 Evacuation Pause) 510M->510M(512M) 352.651ms
[448.391s][info][gc,cpu         ] GC(1388) User=2.49s Sys=0.03s Real=0.35s
[448.391s][info][gc,marking     ] GC(1382) Concurrent Mark Abort
[448.391s][info][gc             ] GC(1382) Concurrent Cycle 2270.915ms
[448.391s][info][gc,start       ] GC(1389) Pause Young (Normal) (G1 Evacuation Pause)
[448.391s][info][gc,task        ] GC(1389) Using 8 workers of 8 for evacuation
[448.392s][info][gc,phases      ] GC(1389)   Pre Evacuate Collection Set: 0.1ms
[448.392s][info][gc,phases      ] GC(1389)   Merge Heap Roots: 0.0ms
[448.392s][info][gc,phases      ] GC(1389)   Evacuate Collection Set: 0.2ms
[448.392s][info][gc,phases      ] GC(1389)   Post Evacuate Collection Set: 0.2ms
[448.392s][info][gc,phases      ] GC(1389)   Other: 0.1ms
[448.392s][info][gc,heap        ] GC(1389) Eden regions: 0->0(25)
[448.392s][info][gc,heap        ] GC(1389) Survivor regions: 0->0(0)
[448.392s][info][gc,heap        ] GC(1389) Old regions: 494->494
[448.392s][info][gc,heap        ] GC(1389) Archive regions: 2->2
[448.392s][info][gc,heap        ] GC(1389) Humongous regions: 16->16
[448.392s][info][gc,metaspace   ] GC(1389) Metaspace: 44325K(45568K)->44325K(45568K) NonClass: 39087K(39936K)->39087K(39936K) Class: 5238K(5632K)->5238K(5632K)
[448.392s][info][gc             ] GC(1389) Pause Young (Normal) (G1 Evacuation Pause) 510M->510M(512M) 0.648ms
[448.392s][info][gc,cpu         ] GC(1389) User=0.00s Sys=0.00s Real=0.00s
[448.392s][info][gc,ergo        ] Attempting maximally compacting collection
[448.392s][info][gc,task        ] GC(1390) Using 8 workers of 8 for full compaction
[448.392s][info][gc,start       ] GC(1390) Pause Full (G1 Evacuation Pause)
[448.392s][info][gc,phases,start] GC(1390) Phase 1: Mark live objects
[448.616s][info][gc,phases      ] GC(1390) Phase 1: Mark live objects 224.208ms
[448.616s][info][gc,phases,start] GC(1390) Phase 2: Prepare for compaction
[448.649s][info][gc,phases      ] GC(1390) Phase 2: Prepare for compaction 32.821ms
[448.649s][info][gc,phases,start] GC(1390) Phase 3: Adjust pointers
[448.719s][info][gc,phases      ] GC(1390) Phase 3: Adjust pointers 70.201ms
[448.719s][info][gc,phases,start] GC(1390) Phase 4: Compact heap
[448.745s][info][gc,phases      ] GC(1390) Phase 4: Compact heap 25.533ms
[448.749s][info][gc,heap        ] GC(1390) Eden regions: 0->0(25)
[448.749s][info][gc,heap        ] GC(1390) Survivor regions: 0->0(0)
[448.749s][info][gc,heap        ] GC(1390) Old regions: 494->494
[448.749s][info][gc,heap        ] GC(1390) Archive regions: 2->2
[448.749s][info][gc,heap        ] GC(1390) Humongous regions: 16->16
[448.749s][info][gc,metaspace   ] GC(1390) Metaspace: 44325K(45568K)->44325K(45568K) NonClass: 39087K(39936K)->39087K(39936K) Class: 5238K(5632K)->5238K(5632K)
[448.749s][info][gc             ] GC(1390) Pause Full (G1 Evacuation Pause) 510M->510M(512M) 357.020ms
[448.751s][info][gc,cpu         ] GC(1390) User=2.49s Sys=0.05s Real=0.36s
[448.751s][info][gc,task        ] GC(1391) Using 8 workers of 8 for full compaction
[448.751s][info][gc,start       ] GC(1391) Pause Full (G1 Evacuation Pause)
[448.751s][info][gc,phases,start] GC(1391) Phase 1: Mark live objects
[448.973s][info][gc,phases      ] GC(1391) Phase 1: Mark live objects 222.392ms
[448.973s][info][gc,phases,start] GC(1391) Phase 2: Prepare for compaction
[449.007s][info][gc,phases      ] GC(1391) Phase 2: Prepare for compaction 34.025ms
[449.007s][info][gc,phases,start] GC(1391) Phase 3: Adjust pointers
[449.081s][info][gc,phases      ] GC(1391) Phase 3: Adjust pointers 73.264ms
[449.081s][info][gc,phases,start] GC(1391) Phase 4: Compact heap
[449.105s][info][gc,phases      ] GC(1391) Phase 4: Compact heap 24.664ms
[449.109s][info][gc,heap        ] GC(1391) Eden regions: 0->0(25)
[449.109s][info][gc,heap        ] GC(1391) Survivor regions: 0->0(0)
[449.109s][info][gc,heap        ] GC(1391) Old regions: 494->494
[449.109s][info][gc,heap        ] GC(1391) Archive regions: 2->2
[449.109s][info][gc,heap        ] GC(1391) Humongous regions: 16->16
[449.109s][info][gc,metaspace   ] GC(1391) Metaspace: 44325K(45568K)->44325K(45568K) NonClass: 39087K(39936K)->39087K(39936K) Class: 5238K(5632K)->5238K(5632K)
[449.109s][info][gc             ] GC(1391) Pause Full (G1 Evacuation Pause) 510M->510M(512M) 358.676ms
[449.111s][info][gc,cpu         ] GC(1391) User=2.51s Sys=0.04s Real=0.36s
[449.111s][info][gc,task        ] GC(1392) Using 8 workers of 8 for full compaction
[449.111s][info][gc,start       ] GC(1392) Pause Full (G1 Evacuation Pause)
[449.111s][info][gc,phases,start] GC(1392) Phase 1: Mark live objects
[449.334s][info][gc,phases      ] GC(1392) Phase 1: Mark live objects 222.759ms
[449.334s][info][gc,phases,start] GC(1392) Phase 2: Prepare for compaction
[449.364s][info][gc,phases      ] GC(1392) Phase 2: Prepare for compaction 30.098ms
[449.364s][info][gc,phases,start] GC(1392) Phase 3: Adjust pointers
[449.437s][info][gc,phases      ] GC(1392) Phase 3: Adjust pointers 73.172ms
[449.437s][info][gc,phases,start] GC(1392) Phase 4: Compact heap
[449.463s][info][gc,phases      ] GC(1392) Phase 4: Compact heap 25.547ms
[449.467s][info][gc,heap        ] GC(1392) Eden regions: 0->0(25)
[449.467s][info][gc,heap        ] GC(1392) Survivor regions: 0->0(0)
[449.467s][info][gc,heap        ] GC(1392) Old regions: 494->494
[449.467s][info][gc,heap        ] GC(1392) Archive regions: 2->2
[449.467s][info][gc,heap        ] GC(1392) Humongous regions: 16->16
[449.467s][info][gc,metaspace   ] GC(1392) Metaspace: 44325K(45568K)->44325K(45568K) NonClass: 39087K(39936K)->39087K(39936K) Class: 5238K(5632K)->5238K(5632K)
[449.467s][info][gc             ] GC(1392) Pause Full (G1 Evacuation Pause) 510M->510M(512M) 355.914ms
[449.469s][info][gc,cpu         ] GC(1392) User=2.51s Sys=0.05s Real=0.36s
[449.469s][info][gc,start       ] GC(1393) Pause Young (Concurrent Start) (G1 Evacuation Pause)
[449.469s][info][gc,task        ] GC(1393) Using 8 workers of 8 for evacuation
[449.470s][info][gc,phases      ] GC(1393)   Pre Evacuate Collection Set: 0.1ms
[449.470s][info][gc,phases      ] GC(1393)   Merge Heap Roots: 0.0ms
[449.470s][info][gc,phases      ] GC(1393)   Evacuate Collection Set: 0.5ms
[449.470s][info][gc,phases      ] GC(1393)   Post Evacuate Collection Set: 0.2ms
[449.470s][info][gc,phases      ] GC(1393)   Other: 0.1ms
[449.470s][info][gc,heap        ] GC(1393) Eden regions: 0->0(25)
[449.470s][info][gc,heap        ] GC(1393) Survivor regions: 0->0(0)
[449.470s][info][gc,heap        ] GC(1393) Old regions: 494->494
[449.470s][info][gc,heap        ] GC(1393) Archive regions: 2->2
[449.470s][info][gc,heap        ] GC(1393) Humongous regions: 16->16
[449.470s][info][gc,metaspace   ] GC(1393) Metaspace: 44325K(45568K)->44325K(45568K) NonClass: 39087K(39936K)->39087K(39936K) Class: 5238K(5632K)->5238K(5632K)
[449.470s][info][gc             ] GC(1393) Pause Young (Concurrent Start) (G1 Evacuation Pause) 510M->510M(512M) 1.058ms
[449.470s][info][gc,cpu         ] GC(1393) User=0.00s Sys=0.00s Real=0.00s
[449.470s][info][gc,ergo        ] Attempting maximally compacting collection
[449.470s][info][gc,task        ] GC(1394) Using 8 workers of 8 for full compaction
[449.470s][info][gc             ] GC(1395) Concurrent Cycle
[449.470s][info][gc,start       ] GC(1394) Pause Full (G1 Evacuation Pause)
[449.471s][info][gc,marking     ] GC(1395) Concurrent Clear Claimed Marks
[449.471s][info][gc,marking     ] GC(1395) Concurrent Clear Claimed Marks 0.050ms
[449.471s][info][gc,marking     ] GC(1395) Concurrent Scan Root Regions
[449.471s][info][gc,marking     ] GC(1395) Concurrent Scan Root Regions 0.008ms
[449.471s][info][gc,marking     ] GC(1395) Concurrent Mark (449.471s)
[449.471s][info][gc,marking     ] GC(1395) Concurrent Mark From Roots
[449.471s][info][gc,task        ] GC(1395) Using 2 workers of 2 for marking
[449.471s][info][gc,phases,start] GC(1394) Phase 1: Mark live objects
[449.698s][info][gc,phases      ] GC(1394) Phase 1: Mark live objects 227.227ms
[449.698s][info][gc,phases,start] GC(1394) Phase 2: Prepare for compaction
[449.729s][info][gc,phases      ] GC(1394) Phase 2: Prepare for compaction 30.169ms
[449.729s][info][gc,phases,start] GC(1394) Phase 3: Adjust pointers
[449.802s][info][gc,phases      ] GC(1394) Phase 3: Adjust pointers 73.315ms
[449.802s][info][gc,phases,start] GC(1394) Phase 4: Compact heap
[449.827s][info][gc,phases      ] GC(1394) Phase 4: Compact heap 25.121ms
[449.832s][info][gc,heap        ] GC(1394) Eden regions: 0->0(25)
[449.832s][info][gc,heap        ] GC(1394) Survivor regions: 0->0(0)
[449.832s][info][gc,heap        ] GC(1394) Old regions: 494->494
[449.832s][info][gc,heap        ] GC(1394) Archive regions: 2->2
[449.832s][info][gc,heap        ] GC(1394) Humongous regions: 16->16
[449.832s][info][gc,metaspace   ] GC(1394) Metaspace: 44325K(45568K)->44325K(45568K) NonClass: 39087K(39936K)->39087K(39936K) Class: 5238K(5632K)->5238K(5632K)
[449.832s][info][gc             ] GC(1394) Pause Full (G1 Evacuation Pause) 510M->510M(512M) 361.812ms
[449.834s][info][gc,cpu         ] GC(1394) User=2.48s Sys=0.03s Real=0.36s
[449.834s][info][gc,task        ] GC(1396) Using 8 workers of 8 for full compaction
[449.834s][info][gc,start       ] GC(1396) Pause Full (G1 Evacuation Pause)
[449.834s][info][gc,phases,start] GC(1396) Phase 1: Mark live objects
[450.056s][info][gc,phases      ] GC(1396) Phase 1: Mark live objects 222.314ms
[450.057s][info][gc,phases,start] GC(1396) Phase 2: Prepare for compaction
[450.087s][info][gc,phases      ] GC(1396) Phase 2: Prepare for compaction 30.256ms
[450.087s][info][gc,phases,start] GC(1396) Phase 3: Adjust pointers
[450.157s][info][gc,phases      ] GC(1396) Phase 3: Adjust pointers 70.390ms
[450.157s][info][gc,phases,start] GC(1396) Phase 4: Compact heap
[450.182s][info][gc,phases      ] GC(1396) Phase 4: Compact heap 24.733ms
[450.186s][info][gc,heap        ] GC(1396) Eden regions: 0->0(25)
[450.186s][info][gc,heap        ] GC(1396) Survivor regions: 0->0(0)
[450.186s][info][gc,heap        ] GC(1396) Old regions: 494->494
[450.186s][info][gc,heap        ] GC(1396) Archive regions: 2->2
[450.186s][info][gc,heap        ] GC(1396) Humongous regions: 16->16
[450.186s][info][gc,metaspace   ] GC(1396) Metaspace: 44325K(45568K)->44325K(45568K) NonClass: 39087K(39936K)->39087K(39936K) Class: 5238K(5632K)->5238K(5632K)
[450.186s][info][gc             ] GC(1396) Pause Full (G1 Evacuation Pause) 510M->510M(512M) 351.993ms
[450.188s][info][gc,cpu         ] GC(1396) User=2.48s Sys=0.03s Real=0.36s
[450.188s][info][gc,task        ] GC(1397) Using 8 workers of 8 for full compaction
[450.188s][info][gc,start       ] GC(1397) Pause Full (G1 Evacuation Pause)
[450.188s][info][gc,phases,start] GC(1397) Phase 1: Mark live objects
[450.410s][info][gc,phases      ] GC(1397) Phase 1: Mark live objects 221.700ms
[450.410s][info][gc,phases,start] GC(1397) Phase 2: Prepare for compaction
[450.439s][info][gc,phases      ] GC(1397) Phase 2: Prepare for compaction 28.937ms
[450.439s][info][gc,phases,start] GC(1397) Phase 3: Adjust pointers
[450.511s][info][gc,phases      ] GC(1397) Phase 3: Adjust pointers 72.396ms
[450.511s][info][gc,phases,start] GC(1397) Phase 4: Compact heap
[450.542s][info][gc,phases      ] GC(1397) Phase 4: Compact heap 30.321ms
[450.546s][info][gc,heap        ] GC(1397) Eden regions: 0->0(25)
[450.546s][info][gc,heap        ] GC(1397) Survivor regions: 0->0(0)
[450.546s][info][gc,heap        ] GC(1397) Old regions: 494->494
[450.546s][info][gc,heap        ] GC(1397) Archive regions: 2->2
[450.546s][info][gc,heap        ] GC(1397) Humongous regions: 16->16
[450.546s][info][gc,metaspace   ] GC(1397) Metaspace: 44325K(45568K)->44325K(45568K) NonClass: 39087K(39936K)->39087K(39936K) Class: 5238K(5632K)->5238K(5632K)
[450.546s][info][gc             ] GC(1397) Pause Full (G1 Evacuation Pause) 510M->510M(512M) 357.789ms
[450.547s][info][gc,cpu         ] GC(1397) User=2.48s Sys=0.03s Real=0.36s
[450.547s][info][gc,marking     ] GC(1395) Concurrent Mark From Roots 1076.705ms
[450.547s][info][gc,start       ] GC(1398) Pause Young (Normal) (G1 Evacuation Pause)
[450.547s][info][gc,task        ] GC(1398) Using 8 workers of 8 for evacuation
[450.548s][info][gc,phases      ] GC(1398)   Pre Evacuate Collection Set: 0.1ms
[450.548s][info][gc,phases      ] GC(1398)   Merge Heap Roots: 0.0ms
[450.548s][info][gc,phases      ] GC(1398)   Evacuate Collection Set: 0.2ms
[450.548s][info][gc,phases      ] GC(1398)   Post Evacuate Collection Set: 0.1ms
[450.548s][info][gc,phases      ] GC(1398)   Other: 0.1ms
[450.548s][info][gc,heap        ] GC(1398) Eden regions: 0->0(25)
[450.548s][info][gc,heap        ] GC(1398) Survivor regions: 0->0(0)
[450.548s][info][gc,heap        ] GC(1398) Old regions: 494->494
[450.548s][info][gc,heap        ] GC(1398) Archive regions: 2->2
[450.548s][info][gc,heap        ] GC(1398) Humongous regions: 16->16
[450.548s][info][gc,metaspace   ] GC(1398) Metaspace: 44325K(45568K)->44325K(45568K) NonClass: 39087K(39936K)->39087K(39936K) Class: 5238K(5632K)->5238K(5632K)
[450.548s][info][gc             ] GC(1398) Pause Young (Normal) (G1 Evacuation Pause) 510M->510M(512M) 0.568ms
[450.548s][info][gc,cpu         ] GC(1398) User=0.00s Sys=0.00s Real=0.00s
[450.548s][info][gc,ergo        ] Attempting maximally compacting collection
[450.548s][info][gc,task        ] GC(1399) Using 8 workers of 8 for full compaction
[450.548s][info][gc,start       ] GC(1399) Pause Full (G1 Evacuation Pause)
[450.548s][info][gc,phases,start] GC(1399) Phase 1: Mark live objects
[450.769s][info][gc,phases      ] GC(1399) Phase 1: Mark live objects 220.745ms
[450.769s][info][gc,phases,start] GC(1399) Phase 2: Prepare for compaction
[450.801s][info][gc,phases      ] GC(1399) Phase 2: Prepare for compaction 32.256ms
[450.801s][info][gc,phases,start] GC(1399) Phase 3: Adjust pointers
[450.874s][info][gc,phases      ] GC(1399) Phase 3: Adjust pointers 73.198ms
[450.874s][info][gc,phases,start] GC(1399) Phase 4: Compact heap
[450.901s][info][gc,phases      ] GC(1399) Phase 4: Compact heap 26.555ms
[450.905s][info][gc,heap        ] GC(1399) Eden regions: 0->0(25)
[450.905s][info][gc,heap        ] GC(1399) Survivor regions: 0->0(0)
[450.905s][info][gc,heap        ] GC(1399) Old regions: 494->494
[450.905s][info][gc,heap        ] GC(1399) Archive regions: 2->2
[450.905s][info][gc,heap        ] GC(1399) Humongous regions: 16->16
[450.905s][info][gc,metaspace   ] GC(1399) Metaspace: 44325K(45568K)->44325K(45568K) NonClass: 39087K(39936K)->39087K(39936K) Class: 5238K(5632K)->5238K(5632K)
[450.905s][info][gc             ] GC(1399) Pause Full (G1 Evacuation Pause) 510M->510M(512M) 357.082ms
[450.907s][info][gc,cpu         ] GC(1399) User=2.48s Sys=0.03s Real=0.36s
[450.907s][info][gc,task        ] GC(1400) Using 8 workers of 8 for full compaction
[450.907s][info][gc,start       ] GC(1400) Pause Full (G1 Evacuation Pause)
[450.907s][info][gc,phases,start] GC(1400) Phase 1: Mark live objects
[451.209s][info][gc,phases      ] GC(1400) Phase 1: Mark live objects 302.112ms
[451.209s][info][gc,phases,start] GC(1400) Phase 2: Prepare for compaction
[451.259s][info][gc,phases      ] GC(1400) Phase 2: Prepare for compaction 49.774ms
[451.259s][info][gc,phases,start] GC(1400) Phase 3: Adjust pointers
[451.337s][info][gc,phases      ] GC(1400) Phase 3: Adjust pointers 78.323ms
[451.337s][info][gc,phases,start] GC(1400) Phase 4: Compact heap
[451.369s][info][gc,phases      ] GC(1400) Phase 4: Compact heap 32.063ms
[451.374s][info][gc,heap        ] GC(1400) Eden regions: 0->0(25)
[451.374s][info][gc,heap        ] GC(1400) Survivor regions: 0->0(0)
[451.374s][info][gc,heap        ] GC(1400) Old regions: 494->494
[451.374s][info][gc,heap        ] GC(1400) Archive regions: 2->2
[451.374s][info][gc,heap        ] GC(1400) Humongous regions: 16->16
[451.374s][info][gc,metaspace   ] GC(1400) Metaspace: 44325K(45568K)->44325K(45568K) NonClass: 39087K(39936K)->39087K(39936K) Class: 5238K(5632K)->5238K(5632K)
[451.374s][info][gc             ] GC(1400) Pause Full (G1 Evacuation Pause) 510M->510M(512M) 466.876ms
[451.375s][info][gc,cpu         ] GC(1400) User=2.45s Sys=0.04s Real=0.46s
[451.375s][info][gc,task        ] GC(1401) Using 8 workers of 8 for full compaction
[451.375s][info][gc,start       ] GC(1401) Pause Full (G1 Evacuation Pause)
[451.375s][info][gc,phases,start] GC(1401) Phase 1: Mark live objects
[451.604s][info][gc,phases      ] GC(1401) Phase 1: Mark live objects 229.203ms
[451.604s][info][gc,phases,start] GC(1401) Phase 2: Prepare for compaction
[451.635s][info][gc,phases      ] GC(1401) Phase 2: Prepare for compaction 30.522ms
[451.635s][info][gc,phases,start] GC(1401) Phase 3: Adjust pointers
[451.712s][info][gc,phases      ] GC(1401) Phase 3: Adjust pointers 76.736ms
[451.712s][info][gc,phases,start] GC(1401) Phase 4: Compact heap
[451.739s][info][gc,phases      ] GC(1401) Phase 4: Compact heap 27.184ms
[451.743s][info][gc,heap        ] GC(1401) Eden regions: 0->0(25)
[451.743s][info][gc,heap        ] GC(1401) Survivor regions: 0->0(0)
[451.743s][info][gc,heap        ] GC(1401) Old regions: 494->494
[451.743s][info][gc,heap        ] GC(1401) Archive regions: 2->2
[451.743s][info][gc,heap        ] GC(1401) Humongous regions: 16->16
[451.743s][info][gc,metaspace   ] GC(1401) Metaspace: 44325K(45568K)->44325K(45568K) NonClass: 39087K(39936K)->39087K(39936K) Class: 5238K(5632K)->5238K(5632K)
[451.743s][info][gc             ] GC(1401) Pause Full (G1 Evacuation Pause) 510M->510M(512M) 367.936ms
[451.745s][info][gc,cpu         ] GC(1401) User=2.48s Sys=0.03s Real=0.37s
[451.745s][info][gc,marking     ] GC(1395) Concurrent Mark Abort
[451.745s][info][gc             ] GC(1395) Concurrent Cycle 2274.301ms
[451.745s][info][gc,start       ] GC(1402) Pause Young (Normal) (G1 Evacuation Pause)
[451.745s][info][gc,task        ] GC(1402) Using 8 workers of 8 for evacuation
[451.745s][info][gc,phases      ] GC(1402)   Pre Evacuate Collection Set: 0.1ms
[451.745s][info][gc,phases      ] GC(1402)   Merge Heap Roots: 0.0ms
[451.745s][info][gc,phases      ] GC(1402)   Evacuate Collection Set: 0.2ms
[451.745s][info][gc,phases      ] GC(1402)   Post Evacuate Collection Set: 0.2ms
[451.745s][info][gc,phases      ] GC(1402)   Other: 0.1ms
[451.745s][info][gc,heap        ] GC(1402) Eden regions: 0->0(25)
[451.745s][info][gc,heap        ] GC(1402) Survivor regions: 0->0(0)
[451.745s][info][gc,heap        ] GC(1402) Old regions: 494->494
[451.746s][info][gc,heap        ] GC(1402) Archive regions: 2->2
[451.746s][info][gc,heap        ] GC(1402) Humongous regions: 16->16
[451.746s][info][gc,metaspace   ] GC(1402) Metaspace: 44325K(45568K)->44325K(45568K) NonClass: 39087K(39936K)->39087K(39936K) Class: 5238K(5632K)->5238K(5632K)
[451.746s][info][gc             ] GC(1402) Pause Young (Normal) (G1 Evacuation Pause) 510M->510M(512M) 0.626ms
[451.746s][info][gc,cpu         ] GC(1402) User=0.00s Sys=0.00s Real=0.01s
[451.746s][info][gc,ergo        ] Attempting maximally compacting collection
[451.746s][info][gc,task        ] GC(1403) Using 8 workers of 8 for full compaction
[451.746s][info][gc,start       ] GC(1403) Pause Full (G1 Evacuation Pause)
[451.746s][info][gc,phases,start] GC(1403) Phase 1: Mark live objects
[451.971s][info][gc,phases      ] GC(1403) Phase 1: Mark live objects 225.654ms
[451.971s][info][gc,phases,start] GC(1403) Phase 2: Prepare for compaction
[452.001s][info][gc,phases      ] GC(1403) Phase 2: Prepare for compaction 29.954ms
[452.001s][info][gc,phases,start] GC(1403) Phase 3: Adjust pointers
[452.082s][info][gc,phases      ] GC(1403) Phase 3: Adjust pointers 80.363ms
[452.082s][info][gc,phases,start] GC(1403) Phase 4: Compact heap
[452.109s][info][gc,phases      ] GC(1403) Phase 4: Compact heap 26.875ms
[452.113s][info][gc,heap        ] GC(1403) Eden regions: 0->0(25)
[452.113s][info][gc,heap        ] GC(1403) Survivor regions: 0->0(0)
[452.113s][info][gc,heap        ] GC(1403) Old regions: 494->494
[452.113s][info][gc,heap        ] GC(1403) Archive regions: 2->2
[452.113s][info][gc,heap        ] GC(1403) Humongous regions: 16->16
[452.113s][info][gc,metaspace   ] GC(1403) Metaspace: 44325K(45568K)->44325K(45568K) NonClass: 39087K(39936K)->39087K(39936K) Class: 5238K(5632K)->5238K(5632K)
[452.113s][info][gc             ] GC(1403) Pause Full (G1 Evacuation Pause) 510M->510M(512M) 367.162ms
[452.115s][info][gc,cpu         ] GC(1403) User=2.51s Sys=0.04s Real=0.36s
[452.115s][info][gc,task        ] GC(1404) Using 8 workers of 8 for full compaction
[452.115s][info][gc,start       ] GC(1404) Pause Full (G1 Evacuation Pause)
[452.115s][info][gc,phases,start] GC(1404) Phase 1: Mark live objects
[452.343s][info][gc,phases      ] GC(1404) Phase 1: Mark live objects 227.831ms
[452.343s][info][gc,phases,start] GC(1404) Phase 2: Prepare for compaction
[452.374s][info][gc,phases      ] GC(1404) Phase 2: Prepare for compaction 31.198ms
[452.374s][info][gc,phases,start] GC(1404) Phase 3: Adjust pointers
[452.446s][info][gc,phases      ] GC(1404) Phase 3: Adjust pointers 71.842ms
[452.446s][info][gc,phases,start] GC(1404) Phase 4: Compact heap
[452.470s][info][gc,phases      ] GC(1404) Phase 4: Compact heap 24.734ms
[452.475s][info][gc,heap        ] GC(1404) Eden regions: 0->0(25)
[452.475s][info][gc,heap        ] GC(1404) Survivor regions: 0->0(0)
[452.475s][info][gc,heap        ] GC(1404) Old regions: 494->494
[452.475s][info][gc,heap        ] GC(1404) Archive regions: 2->2
[452.475s][info][gc,heap        ] GC(1404) Humongous regions: 16->16
[452.475s][info][gc,metaspace   ] GC(1404) Metaspace: 44325K(45568K)->44325K(45568K) NonClass: 39087K(39936K)->39087K(39936K) Class: 5238K(5632K)->5238K(5632K)
[452.475s][info][gc             ] GC(1404) Pause Full (G1 Evacuation Pause) 510M->510M(512M) 360.012ms
[452.476s][info][gc,cpu         ] GC(1404) User=2.49s Sys=0.05s Real=0.37s
[452.477s][info][gc,task        ] GC(1405) Using 8 workers of 8 for full compaction
[452.477s][info][gc,start       ] GC(1405) Pause Full (G1 Evacuation Pause)
[452.477s][info][gc,phases,start] GC(1405) Phase 1: Mark live objects
[452.704s][info][gc,phases      ] GC(1405) Phase 1: Mark live objects 227.079ms
[452.704s][info][gc,phases,start] GC(1405) Phase 2: Prepare for compaction
[452.734s][info][gc,phases      ] GC(1405) Phase 2: Prepare for compaction 30.277ms
[452.734s][info][gc,phases,start] GC(1405) Phase 3: Adjust pointers
[452.808s][info][gc,phases      ] GC(1405) Phase 3: Adjust pointers 74.010ms
[452.808s][info][gc,phases,start] GC(1405) Phase 4: Compact heap
[452.833s][info][gc,phases      ] GC(1405) Phase 4: Compact heap 24.633ms
[452.838s][info][gc,heap        ] GC(1405) Eden regions: 0->0(25)
[452.838s][info][gc,heap        ] GC(1405) Survivor regions: 0->0(0)
[452.838s][info][gc,heap        ] GC(1405) Old regions: 494->494
[452.838s][info][gc,heap        ] GC(1405) Archive regions: 2->2
[452.838s][info][gc,heap        ] GC(1405) Humongous regions: 16->16
[452.838s][info][gc,metaspace   ] GC(1405) Metaspace: 44325K(45568K)->44325K(45568K) NonClass: 39087K(39936K)->39087K(39936K) Class: 5238K(5632K)->5238K(5632K)
[452.838s][info][gc             ] GC(1405) Pause Full (G1 Evacuation Pause) 510M->510M(512M) 361.138ms
[452.839s][info][gc,cpu         ] GC(1405) User=2.49s Sys=0.03s Real=0.36s
[452.839s][info][gc,start       ] GC(1406) Pause Young (Concurrent Start) (G1 Evacuation Pause)
[452.839s][info][gc,task        ] GC(1406) Using 8 workers of 8 for evacuation
[452.840s][info][gc,phases      ] GC(1406)   Pre Evacuate Collection Set: 0.1ms
[452.840s][info][gc,phases      ] GC(1406)   Merge Heap Roots: 0.0ms
[452.840s][info][gc,phases      ] GC(1406)   Evacuate Collection Set: 0.5ms
[452.840s][info][gc,phases      ] GC(1406)   Post Evacuate Collection Set: 0.2ms
[452.840s][info][gc,phases      ] GC(1406)   Other: 0.1ms
[452.840s][info][gc,heap        ] GC(1406) Eden regions: 0->0(25)
[452.840s][info][gc,heap        ] GC(1406) Survivor regions: 0->0(0)
[452.840s][info][gc,heap        ] GC(1406) Old regions: 494->494
[452.840s][info][gc,heap        ] GC(1406) Archive regions: 2->2
[452.840s][info][gc,heap        ] GC(1406) Humongous regions: 16->16
[452.840s][info][gc,metaspace   ] GC(1406) Metaspace: 44325K(45568K)->44325K(45568K) NonClass: 39087K(39936K)->39087K(39936K) Class: 5238K(5632K)->5238K(5632K)
[452.840s][info][gc             ] GC(1406) Pause Young (Concurrent Start) (G1 Evacuation Pause) 510M->510M(512M) 1.005ms
[452.840s][info][gc,cpu         ] GC(1406) User=0.00s Sys=0.00s Real=0.00s
[452.840s][info][gc,ergo        ] Attempting maximally compacting collection
[452.840s][info][gc,task        ] GC(1407) Using 8 workers of 8 for full compaction
[452.840s][info][gc             ] GC(1408) Concurrent Cycle
[452.840s][info][gc,start       ] GC(1407) Pause Full (G1 Evacuation Pause)
[452.840s][info][gc,marking     ] GC(1408) Concurrent Clear Claimed Marks
[452.840s][info][gc,marking     ] GC(1408) Concurrent Clear Claimed Marks 0.056ms
[452.840s][info][gc,marking     ] GC(1408) Concurrent Scan Root Regions
[452.840s][info][gc,marking     ] GC(1408) Concurrent Scan Root Regions 0.022ms
[452.840s][info][gc,marking     ] GC(1408) Concurrent Mark (452.840s)
[452.840s][info][gc,marking     ] GC(1408) Concurrent Mark From Roots
[452.840s][info][gc,task        ] GC(1408) Using 2 workers of 2 for marking
[452.841s][info][gc,phases,start] GC(1407) Phase 1: Mark live objects
[453.070s][info][gc,phases      ] GC(1407) Phase 1: Mark live objects 228.665ms
[453.070s][info][gc,phases,start] GC(1407) Phase 2: Prepare for compaction
[453.102s][info][gc,phases      ] GC(1407) Phase 2: Prepare for compaction 32.063ms
[453.102s][info][gc,phases,start] GC(1407) Phase 3: Adjust pointers
[453.174s][info][gc,phases      ] GC(1407) Phase 3: Adjust pointers 72.056ms
[453.174s][info][gc,phases,start] GC(1407) Phase 4: Compact heap
[453.202s][info][gc,phases      ] GC(1407) Phase 4: Compact heap 28.262ms
[453.207s][info][gc,heap        ] GC(1407) Eden regions: 0->0(25)
[453.207s][info][gc,heap        ] GC(1407) Survivor regions: 0->0(0)
[453.207s][info][gc,heap        ] GC(1407) Old regions: 494->494
[453.207s][info][gc,heap        ] GC(1407) Archive regions: 2->2
[453.207s][info][gc,heap        ] GC(1407) Humongous regions: 16->16
[453.207s][info][gc,metaspace   ] GC(1407) Metaspace: 44325K(45568K)->44325K(45568K) NonClass: 39087K(39936K)->39087K(39936K) Class: 5238K(5632K)->5238K(5632K)
[453.207s][info][gc             ] GC(1407) Pause Full (G1 Evacuation Pause) 510M->510M(512M) 366.360ms
[453.208s][info][gc,cpu         ] GC(1407) User=2.52s Sys=0.04s Real=0.37s
[453.208s][info][gc,task        ] GC(1409) Using 8 workers of 8 for full compaction
[453.208s][info][gc,start       ] GC(1409) Pause Full (G1 Evacuation Pause)
[453.208s][info][gc,phases,start] GC(1409) Phase 1: Mark live objects
[453.444s][info][gc,phases      ] GC(1409) Phase 1: Mark live objects 235.489ms
[453.444s][info][gc,phases,start] GC(1409) Phase 2: Prepare for compaction
[453.480s][info][gc,phases      ] GC(1409) Phase 2: Prepare for compaction 35.667ms
[453.480s][info][gc,phases,start] GC(1409) Phase 3: Adjust pointers
[453.557s][info][gc,phases      ] GC(1409) Phase 3: Adjust pointers 77.526ms
[453.557s][info][gc,phases,start] GC(1409) Phase 4: Compact heap
[453.585s][info][gc,phases      ] GC(1409) Phase 4: Compact heap 27.904ms
[453.589s][info][gc,heap        ] GC(1409) Eden regions: 0->0(25)
[453.589s][info][gc,heap        ] GC(1409) Survivor regions: 0->0(0)
[453.589s][info][gc,heap        ] GC(1409) Old regions: 494->494
[453.589s][info][gc,heap        ] GC(1409) Archive regions: 2->2
[453.589s][info][gc,heap        ] GC(1409) Humongous regions: 16->16
[453.589s][info][gc,metaspace   ] GC(1409) Metaspace: 44325K(45568K)->44325K(45568K) NonClass: 39087K(39936K)->39087K(39936K) Class: 5238K(5632K)->5238K(5632K)
[453.589s][info][gc             ] GC(1409) Pause Full (G1 Evacuation Pause) 510M->510M(512M) 380.983ms
[453.591s][info][gc,cpu         ] GC(1409) User=2.55s Sys=0.03s Real=0.38s
[453.591s][info][gc,task        ] GC(1410) Using 8 workers of 8 for full compaction
[453.591s][info][gc,start       ] GC(1410) Pause Full (G1 Evacuation Pause)
[453.591s][info][gc,phases,start] GC(1410) Phase 1: Mark live objects
[453.819s][info][gc,phases      ] GC(1410) Phase 1: Mark live objects 228.217ms
[453.819s][info][gc,phases,start] GC(1410) Phase 2: Prepare for compaction
[453.851s][info][gc,phases      ] GC(1410) Phase 2: Prepare for compaction 31.273ms
[453.851s][info][gc,phases,start] GC(1410) Phase 3: Adjust pointers
[453.925s][info][gc,phases      ] GC(1410) Phase 3: Adjust pointers 74.667ms
[453.925s][info][gc,phases,start] GC(1410) Phase 4: Compact heap
[453.950s][info][gc,phases      ] GC(1410) Phase 4: Compact heap 24.269ms
[453.954s][info][gc,heap        ] GC(1410) Eden regions: 0->0(25)
[453.954s][info][gc,heap        ] GC(1410) Survivor regions: 0->0(0)
[453.954s][info][gc,heap        ] GC(1410) Old regions: 494->494
[453.954s][info][gc,heap        ] GC(1410) Archive regions: 2->2
[453.954s][info][gc,heap        ] GC(1410) Humongous regions: 16->16
[453.954s][info][gc,metaspace   ] GC(1410) Metaspace: 44325K(45568K)->44325K(45568K) NonClass: 39087K(39936K)->39087K(39936K) Class: 5238K(5632K)->5238K(5632K)
[453.954s][info][gc             ] GC(1410) Pause Full (G1 Evacuation Pause) 510M->510M(512M) 362.826ms
[453.956s][info][gc,cpu         ] GC(1410) User=2.55s Sys=0.04s Real=0.37s
[453.956s][info][gc,marking     ] GC(1408) Concurrent Mark From Roots 1115.400ms
[453.956s][info][gc,marking     ] GC(1408) Concurrent Mark Abort
[453.956s][info][gc             ] GC(1408) Concurrent Cycle 1115.634ms
[453.956s][info][gc,start       ] GC(1411) Pause Young (Normal) (G1 Evacuation Pause)
[453.956s][info][gc,task        ] GC(1411) Using 8 workers of 8 for evacuation
[453.956s][info][gc,phases      ] GC(1411)   Pre Evacuate Collection Set: 0.1ms
[453.957s][info][gc,phases      ] GC(1411)   Merge Heap Roots: 0.0ms
[453.957s][info][gc,phases      ] GC(1411)   Evacuate Collection Set: 0.2ms
[453.957s][info][gc,phases      ] GC(1411)   Post Evacuate Collection Set: 0.1ms
[453.957s][info][gc,phases      ] GC(1411)   Other: 0.1ms
[453.957s][info][gc,heap        ] GC(1411) Eden regions: 0->0(25)
[453.957s][info][gc,heap        ] GC(1411) Survivor regions: 0->0(0)
[453.957s][info][gc,heap        ] GC(1411) Old regions: 494->494
[453.957s][info][gc,heap        ] GC(1411) Archive regions: 2->2
[453.957s][info][gc,heap        ] GC(1411) Humongous regions: 16->16
[453.957s][info][gc,metaspace   ] GC(1411) Metaspace: 44325K(45568K)->44325K(45568K) NonClass: 39087K(39936K)->39087K(39936K) Class: 5238K(5632K)->5238K(5632K)
[453.957s][info][gc             ] GC(1411) Pause Young (Normal) (G1 Evacuation Pause) 510M->510M(512M) 0.616ms
[453.957s][info][gc,cpu         ] GC(1411) User=0.00s Sys=0.00s Real=0.00s
[453.957s][info][gc,ergo        ] Attempting maximally compacting collection
[453.957s][info][gc,task        ] GC(1412) Using 8 workers of 8 for full compaction
[453.957s][info][gc,start       ] GC(1412) Pause Full (G1 Evacuation Pause)
[453.957s][info][gc,phases,start] GC(1412) Phase 1: Mark live objects
[454.182s][info][gc,phases      ] GC(1412) Phase 1: Mark live objects 225.441ms
[454.182s][info][gc,phases,start] GC(1412) Phase 2: Prepare for compaction
[454.212s][info][gc,phases      ] GC(1412) Phase 2: Prepare for compaction 29.693ms
[454.212s][info][gc,phases,start] GC(1412) Phase 3: Adjust pointers
[454.282s][info][gc,phases      ] GC(1412) Phase 3: Adjust pointers 70.099ms
[454.282s][info][gc,phases,start] GC(1412) Phase 4: Compact heap
[454.310s][info][gc,phases      ] GC(1412) Phase 4: Compact heap 28.210ms
[454.314s][info][gc,heap        ] GC(1412) Eden regions: 0->0(25)
[454.314s][info][gc,heap        ] GC(1412) Survivor regions: 0->0(0)
[454.314s][info][gc,heap        ] GC(1412) Old regions: 494->494
[454.314s][info][gc,heap        ] GC(1412) Archive regions: 2->2
[454.314s][info][gc,heap        ] GC(1412) Humongous regions: 16->16
[454.314s][info][gc,metaspace   ] GC(1412) Metaspace: 44325K(45568K)->44325K(45568K) NonClass: 39087K(39936K)->39087K(39936K) Class: 5238K(5632K)->5238K(5632K)
[454.314s][info][gc             ] GC(1412) Pause Full (G1 Evacuation Pause) 510M->510M(512M) 357.779ms
[454.316s][info][gc,cpu         ] GC(1412) User=2.49s Sys=0.02s Real=0.36s
[454.316s][info][gc,task        ] GC(1413) Using 8 workers of 8 for full compaction
[454.316s][info][gc,start       ] GC(1413) Pause Full (G1 Evacuation Pause)
[454.316s][info][gc,phases,start] GC(1413) Phase 1: Mark live objects
[454.541s][info][gc,phases      ] GC(1413) Phase 1: Mark live objects 224.522ms
[454.541s][info][gc,phases,start] GC(1413) Phase 2: Prepare for compaction
[454.572s][info][gc,phases      ] GC(1413) Phase 2: Prepare for compaction 31.102ms
[454.572s][info][gc,phases,start] GC(1413) Phase 3: Adjust pointers
[454.646s][info][gc,phases      ] GC(1413) Phase 3: Adjust pointers 74.269ms
[454.646s][info][gc,phases,start] GC(1413) Phase 4: Compact heap
[454.673s][info][gc,phases      ] GC(1413) Phase 4: Compact heap 26.777ms
[454.677s][info][gc,heap        ] GC(1413) Eden regions: 0->0(25)
[454.677s][info][gc,heap        ] GC(1413) Survivor regions: 0->0(0)
[454.677s][info][gc,heap        ] GC(1413) Old regions: 494->494
[454.677s][info][gc,heap        ] GC(1413) Archive regions: 2->2
[454.677s][info][gc,heap        ] GC(1413) Humongous regions: 16->16
[454.677s][info][gc,metaspace   ] GC(1413) Metaspace: 44325K(45568K)->44325K(45568K) NonClass: 39087K(39936K)->39087K(39936K) Class: 5238K(5632K)->5238K(5632K)
[454.677s][info][gc             ] GC(1413) Pause Full (G1 Evacuation Pause) 510M->510M(512M) 361.023ms
[454.679s][info][gc,cpu         ] GC(1413) User=2.49s Sys=0.02s Real=0.36s
[454.679s][info][gc,task        ] GC(1414) Using 8 workers of 8 for full compaction
[454.679s][info][gc,start       ] GC(1414) Pause Full (G1 Evacuation Pause)
[454.679s][info][gc,phases,start] GC(1414) Phase 1: Mark live objects
[454.901s][info][gc,phases      ] GC(1414) Phase 1: Mark live objects 221.548ms
[454.901s][info][gc,phases,start] GC(1414) Phase 2: Prepare for compaction
[454.932s][info][gc,phases      ] GC(1414) Phase 2: Prepare for compaction 31.795ms
[454.932s][info][gc,phases,start] GC(1414) Phase 3: Adjust pointers
[455.007s][info][gc,phases      ] GC(1414) Phase 3: Adjust pointers 74.088ms
[455.007s][info][gc,phases,start] GC(1414) Phase 4: Compact heap
[455.033s][info][gc,phases      ] GC(1414) Phase 4: Compact heap 26.102ms
[455.037s][info][gc,heap        ] GC(1414) Eden regions: 0->0(25)
[455.037s][info][gc,heap        ] GC(1414) Survivor regions: 0->0(0)
[455.037s][info][gc,heap        ] GC(1414) Old regions: 494->494
[455.037s][info][gc,heap        ] GC(1414) Archive regions: 2->2
[455.037s][info][gc,heap        ] GC(1414) Humongous regions: 16->16
[455.037s][info][gc,metaspace   ] GC(1414) Metaspace: 44325K(45568K)->44325K(45568K) NonClass: 39087K(39936K)->39087K(39936K) Class: 5238K(5632K)->5238K(5632K)
[455.037s][info][gc             ] GC(1414) Pause Full (G1 Evacuation Pause) 510M->510M(512M) 358.074ms
[455.039s][info][gc,cpu         ] GC(1414) User=2.49s Sys=0.03s Real=0.36s
[455.039s][info][gc,start       ] GC(1415) Pause Young (Concurrent Start) (G1 Evacuation Pause)
[455.039s][info][gc,task        ] GC(1415) Using 8 workers of 8 for evacuation
[455.040s][info][gc,phases      ] GC(1415)   Pre Evacuate Collection Set: 0.1ms
[455.040s][info][gc,phases      ] GC(1415)   Merge Heap Roots: 0.0ms
[455.040s][info][gc,phases      ] GC(1415)   Evacuate Collection Set: 0.5ms
[455.040s][info][gc,phases      ] GC(1415)   Post Evacuate Collection Set: 0.1ms
[455.040s][info][gc,phases      ] GC(1415)   Other: 0.1ms
[455.040s][info][gc,heap        ] GC(1415) Eden regions: 0->0(25)
[455.040s][info][gc,heap        ] GC(1415) Survivor regions: 0->0(0)
[455.040s][info][gc,heap        ] GC(1415) Old regions: 494->494
[455.040s][info][gc,heap        ] GC(1415) Archive regions: 2->2
[455.040s][info][gc,heap        ] GC(1415) Humongous regions: 16->16
[455.040s][info][gc,metaspace   ] GC(1415) Metaspace: 44325K(45568K)->44325K(45568K) NonClass: 39087K(39936K)->39087K(39936K) Class: 5238K(5632K)->5238K(5632K)
[455.040s][info][gc             ] GC(1415) Pause Young (Concurrent Start) (G1 Evacuation Pause) 510M->510M(512M) 0.922ms
[455.040s][info][gc,cpu         ] GC(1415) User=0.00s Sys=0.00s Real=0.00s
[455.040s][info][gc,ergo        ] Attempting maximally compacting collection
[455.040s][info][gc             ] GC(1416) Concurrent Cycle
[455.040s][info][gc,task        ] GC(1417) Using 8 workers of 8 for full compaction
[455.040s][info][gc,marking     ] GC(1416) Concurrent Clear Claimed Marks
[455.040s][info][gc,start       ] GC(1417) Pause Full (G1 Evacuation Pause)
[455.040s][info][gc,marking     ] GC(1416) Concurrent Clear Claimed Marks 0.031ms
[455.040s][info][gc,marking     ] GC(1416) Concurrent Scan Root Regions
[455.040s][info][gc,marking     ] GC(1416) Concurrent Scan Root Regions 0.011ms
[455.040s][info][gc,marking     ] GC(1416) Concurrent Mark (455.040s)
[455.040s][info][gc,marking     ] GC(1416) Concurrent Mark From Roots
[455.040s][info][gc,task        ] GC(1416) Using 2 workers of 2 for marking
[455.041s][info][gc,phases,start] GC(1417) Phase 1: Mark live objects
[455.260s][info][gc,phases      ] GC(1417) Phase 1: Mark live objects 219.213ms
[455.260s][info][gc,phases,start] GC(1417) Phase 2: Prepare for compaction
[455.294s][info][gc,phases      ] GC(1417) Phase 2: Prepare for compaction 34.316ms
[455.294s][info][gc,phases,start] GC(1417) Phase 3: Adjust pointers
[455.368s][info][gc,phases      ] GC(1417) Phase 3: Adjust pointers 73.753ms
[455.368s][info][gc,phases,start] GC(1417) Phase 4: Compact heap
[455.395s][info][gc,phases      ] GC(1417) Phase 4: Compact heap 26.868ms
[455.399s][info][gc,heap        ] GC(1417) Eden regions: 0->0(25)
[455.399s][info][gc,heap        ] GC(1417) Survivor regions: 0->0(0)
[455.399s][info][gc,heap        ] GC(1417) Old regions: 494->494
[455.399s][info][gc,heap        ] GC(1417) Archive regions: 2->2
[455.399s][info][gc,heap        ] GC(1417) Humongous regions: 16->16
[455.399s][info][gc,metaspace   ] GC(1417) Metaspace: 44325K(45568K)->44325K(45568K) NonClass: 39087K(39936K)->39087K(39936K) Class: 5238K(5632K)->5238K(5632K)
[455.399s][info][gc             ] GC(1417) Pause Full (G1 Evacuation Pause) 510M->510M(512M) 358.968ms
[455.401s][info][gc,cpu         ] GC(1417) User=2.53s Sys=0.04s Real=0.36s
[455.401s][info][gc,task        ] GC(1418) Using 8 workers of 8 for full compaction
[455.401s][info][gc,start       ] GC(1418) Pause Full (G1 Evacuation Pause)
[455.401s][info][gc,phases,start] GC(1418) Phase 1: Mark live objects
[455.627s][info][gc,phases      ] GC(1418) Phase 1: Mark live objects 226.212ms
[455.627s][info][gc,phases,start] GC(1418) Phase 2: Prepare for compaction
[455.657s][info][gc,phases      ] GC(1418) Phase 2: Prepare for compaction 30.061ms
[455.657s][info][gc,phases,start] GC(1418) Phase 3: Adjust pointers
[455.731s][info][gc,phases      ] GC(1418) Phase 3: Adjust pointers 73.618ms
[455.731s][info][gc,phases,start] GC(1418) Phase 4: Compact heap
[455.759s][info][gc,phases      ] GC(1418) Phase 4: Compact heap 28.109ms
[455.763s][info][gc,heap        ] GC(1418) Eden regions: 0->0(25)
[455.763s][info][gc,heap        ] GC(1418) Survivor regions: 0->0(0)
[455.763s][info][gc,heap        ] GC(1418) Old regions: 494->494
[455.763s][info][gc,heap        ] GC(1418) Archive regions: 2->2
[455.763s][info][gc,heap        ] GC(1418) Humongous regions: 16->16
[455.763s][info][gc,metaspace   ] GC(1418) Metaspace: 44325K(45568K)->44325K(45568K) NonClass: 39087K(39936K)->39087K(39936K) Class: 5238K(5632K)->5238K(5632K)
[455.763s][info][gc             ] GC(1418) Pause Full (G1 Evacuation Pause) 510M->510M(512M) 362.485ms
[455.765s][info][gc,cpu         ] GC(1418) User=2.49s Sys=0.04s Real=0.36s
[455.765s][info][gc,task        ] GC(1419) Using 8 workers of 8 for full compaction
[455.765s][info][gc,start       ] GC(1419) Pause Full (G1 Evacuation Pause)
[455.765s][info][gc,phases,start] GC(1419) Phase 1: Mark live objects
[455.996s][info][gc,phases      ] GC(1419) Phase 1: Mark live objects 231.484ms
[455.996s][info][gc,phases,start] GC(1419) Phase 2: Prepare for compaction
[456.041s][info][gc,phases      ] GC(1419) Phase 2: Prepare for compaction 45.034ms
[456.041s][info][gc,phases,start] GC(1419) Phase 3: Adjust pointers
[456.143s][info][gc,phases      ] GC(1419) Phase 3: Adjust pointers 101.375ms
[456.143s][info][gc,phases,start] GC(1419) Phase 4: Compact heap
[456.182s][info][gc,phases      ] GC(1419) Phase 4: Compact heap 39.549ms
[456.187s][info][gc,heap        ] GC(1419) Eden regions: 0->0(25)
[456.187s][info][gc,heap        ] GC(1419) Survivor regions: 0->0(0)
[456.187s][info][gc,heap        ] GC(1419) Old regions: 494->494
[456.187s][info][gc,heap        ] GC(1419) Archive regions: 2->2
[456.187s][info][gc,heap        ] GC(1419) Humongous regions: 16->16
[456.187s][info][gc,metaspace   ] GC(1419) Metaspace: 44325K(45568K)->44325K(45568K) NonClass: 39087K(39936K)->39087K(39936K) Class: 5238K(5632K)->5238K(5632K)
[456.187s][info][gc             ] GC(1419) Pause Full (G1 Evacuation Pause) 510M->510M(512M) 422.222ms
[456.188s][info][gc,cpu         ] GC(1419) User=2.46s Sys=0.05s Real=0.43s
[456.189s][info][gc,marking     ] GC(1416) Concurrent Mark From Roots 1148.291ms
[456.189s][info][gc,start       ] GC(1420) Pause Young (Normal) (G1 Evacuation Pause)
[456.189s][info][gc,task        ] GC(1420) Using 8 workers of 8 for evacuation
[456.189s][info][gc,phases      ] GC(1420)   Pre Evacuate Collection Set: 0.1ms
[456.189s][info][gc,phases      ] GC(1420)   Merge Heap Roots: 0.0ms
[456.189s][info][gc,phases      ] GC(1420)   Evacuate Collection Set: 0.2ms
[456.189s][info][gc,phases      ] GC(1420)   Post Evacuate Collection Set: 0.2ms
[456.189s][info][gc,phases      ] GC(1420)   Other: 0.1ms
[456.189s][info][gc,heap        ] GC(1420) Eden regions: 0->0(25)
[456.189s][info][gc,heap        ] GC(1420) Survivor regions: 0->0(0)
[456.189s][info][gc,heap        ] GC(1420) Old regions: 494->494
[456.189s][info][gc,heap        ] GC(1420) Archive regions: 2->2
[456.189s][info][gc,heap        ] GC(1420) Humongous regions: 16->16
[456.189s][info][gc,metaspace   ] GC(1420) Metaspace: 44325K(45568K)->44325K(45568K) NonClass: 39087K(39936K)->39087K(39936K) Class: 5238K(5632K)->5238K(5632K)
[456.189s][info][gc             ] GC(1420) Pause Young (Normal) (G1 Evacuation Pause) 510M->510M(512M) 0.748ms
[456.189s][info][gc,cpu         ] GC(1420) User=0.00s Sys=0.00s Real=0.00s
[456.189s][info][gc,ergo        ] Attempting maximally compacting collection
[456.190s][info][gc,task        ] GC(1421) Using 8 workers of 8 for full compaction
[456.190s][info][gc,start       ] GC(1421) Pause Full (G1 Evacuation Pause)
[456.190s][info][gc,phases,start] GC(1421) Phase 1: Mark live objects
[456.438s][info][gc,phases      ] GC(1421) Phase 1: Mark live objects 248.375ms
[456.438s][info][gc,phases,start] GC(1421) Phase 2: Prepare for compaction
[456.472s][info][gc,phases      ] GC(1421) Phase 2: Prepare for compaction 34.120ms
[456.472s][info][gc,phases,start] GC(1421) Phase 3: Adjust pointers
[456.547s][info][gc,phases      ] GC(1421) Phase 3: Adjust pointers 74.609ms
[456.547s][info][gc,phases,start] GC(1421) Phase 4: Compact heap
[456.574s][info][gc,phases      ] GC(1421) Phase 4: Compact heap 26.956ms
[456.579s][info][gc,heap        ] GC(1421) Eden regions: 0->0(25)
[456.579s][info][gc,heap        ] GC(1421) Survivor regions: 0->0(0)
[456.579s][info][gc,heap        ] GC(1421) Old regions: 494->494
[456.579s][info][gc,heap        ] GC(1421) Archive regions: 2->2
[456.580s][info][gc,heap        ] GC(1421) Humongous regions: 16->16
[456.580s][info][gc,metaspace   ] GC(1421) Metaspace: 44325K(45568K)->44325K(45568K) NonClass: 39087K(39936K)->39087K(39936K) Class: 5238K(5632K)->5238K(5632K)
[456.580s][info][gc             ] GC(1421) Pause Full (G1 Evacuation Pause) 510M->510M(512M) 390.039ms
[456.582s][info][gc,cpu         ] GC(1421) User=2.52s Sys=0.03s Real=0.39s
[456.582s][info][gc,task        ] GC(1422) Using 8 workers of 8 for full compaction
[456.582s][info][gc,start       ] GC(1422) Pause Full (G1 Evacuation Pause)
[456.582s][info][gc,phases,start] GC(1422) Phase 1: Mark live objects
[456.802s][info][gc,phases      ] GC(1422) Phase 1: Mark live objects 220.597ms
[456.802s][info][gc,phases,start] GC(1422) Phase 2: Prepare for compaction
[456.833s][info][gc,phases      ] GC(1422) Phase 2: Prepare for compaction 30.232ms
[456.833s][info][gc,phases,start] GC(1422) Phase 3: Adjust pointers
[456.909s][info][gc,phases      ] GC(1422) Phase 3: Adjust pointers 76.295ms
[456.909s][info][gc,phases,start] GC(1422) Phase 4: Compact heap
[456.938s][info][gc,phases      ] GC(1422) Phase 4: Compact heap 28.514ms
[456.942s][info][gc,heap        ] GC(1422) Eden regions: 0->0(25)
[456.942s][info][gc,heap        ] GC(1422) Survivor regions: 0->0(0)
[456.942s][info][gc,heap        ] GC(1422) Old regions: 494->494
[456.942s][info][gc,heap        ] GC(1422) Archive regions: 2->2
[456.942s][info][gc,heap        ] GC(1422) Humongous regions: 16->16
[456.942s][info][gc,metaspace   ] GC(1422) Metaspace: 44325K(45568K)->44325K(45568K) NonClass: 39087K(39936K)->39087K(39936K) Class: 5238K(5632K)->5238K(5632K)
[456.942s][info][gc             ] GC(1422) Pause Full (G1 Evacuation Pause) 510M->510M(512M) 359.932ms
[456.944s][info][gc,cpu         ] GC(1422) User=2.47s Sys=0.02s Real=0.36s
[456.944s][info][gc,task        ] GC(1423) Using 8 workers of 8 for full compaction
[456.944s][info][gc,start       ] GC(1423) Pause Full (G1 Evacuation Pause)
[456.944s][info][gc,phases,start] GC(1423) Phase 1: Mark live objects
[457.165s][info][gc,phases      ] GC(1423) Phase 1: Mark live objects 221.357ms
[457.165s][info][gc,phases,start] GC(1423) Phase 2: Prepare for compaction
[457.195s][info][gc,phases      ] GC(1423) Phase 2: Prepare for compaction 29.963ms
[457.195s][info][gc,phases,start] GC(1423) Phase 3: Adjust pointers
[457.266s][info][gc,phases      ] GC(1423) Phase 3: Adjust pointers 70.499ms
[457.266s][info][gc,phases,start] GC(1423) Phase 4: Compact heap
[457.291s][info][gc,phases      ] GC(1423) Phase 4: Compact heap 25.556ms
[457.295s][info][gc,heap        ] GC(1423) Eden regions: 0->0(25)
[457.295s][info][gc,heap        ] GC(1423) Survivor regions: 0->0(0)
[457.295s][info][gc,heap        ] GC(1423) Old regions: 494->494
[457.295s][info][gc,heap        ] GC(1423) Archive regions: 2->2
[457.295s][info][gc,heap        ] GC(1423) Humongous regions: 16->16
[457.295s][info][gc,metaspace   ] GC(1423) Metaspace: 44325K(45568K)->44325K(45568K) NonClass: 39087K(39936K)->39087K(39936K) Class: 5238K(5632K)->5238K(5632K)
[457.295s][info][gc             ] GC(1423) Pause Full (G1 Evacuation Pause) 510M->510M(512M) 351.849ms
[457.297s][info][gc,cpu         ] GC(1423) User=2.47s Sys=0.03s Real=0.36s
[457.297s][info][gc,marking     ] GC(1416) Concurrent Mark Abort
[457.297s][info][gc             ] GC(1416) Concurrent Cycle 2257.023ms
[457.297s][info][gc,start       ] GC(1424) Pause Young (Normal) (G1 Evacuation Pause)
[457.297s][info][gc,task        ] GC(1424) Using 8 workers of 8 for evacuation
[457.298s][info][gc,phases      ] GC(1424)   Pre Evacuate Collection Set: 0.1ms
[457.298s][info][gc,phases      ] GC(1424)   Merge Heap Roots: 0.0ms
[457.298s][info][gc,phases      ] GC(1424)   Evacuate Collection Set: 0.2ms
[457.298s][info][gc,phases      ] GC(1424)   Post Evacuate Collection Set: 0.2ms
[457.298s][info][gc,phases      ] GC(1424)   Other: 0.1ms
[457.298s][info][gc,heap        ] GC(1424) Eden regions: 0->0(25)
[457.298s][info][gc,heap        ] GC(1424) Survivor regions: 0->0(0)
[457.298s][info][gc,heap        ] GC(1424) Old regions: 494->494
[457.298s][info][gc,heap        ] GC(1424) Archive regions: 2->2
[457.298s][info][gc,heap        ] GC(1424) Humongous regions: 16->16
[457.298s][info][gc,metaspace   ] GC(1424) Metaspace: 44325K(45568K)->44325K(45568K) NonClass: 39087K(39936K)->39087K(39936K) Class: 5238K(5632K)->5238K(5632K)
[457.298s][info][gc             ] GC(1424) Pause Young (Normal) (G1 Evacuation Pause) 510M->510M(512M) 0.654ms
[457.298s][info][gc,cpu         ] GC(1424) User=0.00s Sys=0.00s Real=0.00s
[457.298s][info][gc,ergo        ] Attempting maximally compacting collection
[457.298s][info][gc,task        ] GC(1425) Using 8 workers of 8 for full compaction
[457.298s][info][gc,start       ] GC(1425) Pause Full (G1 Evacuation Pause)
[457.298s][info][gc,phases,start] GC(1425) Phase 1: Mark live objects
[457.518s][info][gc,phases      ] GC(1425) Phase 1: Mark live objects 220.359ms
[457.518s][info][gc,phases,start] GC(1425) Phase 2: Prepare for compaction
[457.550s][info][gc,phases      ] GC(1425) Phase 2: Prepare for compaction 32.003ms
[457.550s][info][gc,phases,start] GC(1425) Phase 3: Adjust pointers
[457.625s][info][gc,phases      ] GC(1425) Phase 3: Adjust pointers 74.243ms
[457.625s][info][gc,phases,start] GC(1425) Phase 4: Compact heap
[457.651s][info][gc,phases      ] GC(1425) Phase 4: Compact heap 26.129ms
[457.655s][info][gc,heap        ] GC(1425) Eden regions: 0->0(25)
[457.655s][info][gc,heap        ] GC(1425) Survivor regions: 0->0(0)
[457.655s][info][gc,heap        ] GC(1425) Old regions: 494->494
[457.655s][info][gc,heap        ] GC(1425) Archive regions: 2->2
[457.655s][info][gc,heap        ] GC(1425) Humongous regions: 16->16
[457.655s][info][gc,metaspace   ] GC(1425) Metaspace: 44325K(45568K)->44325K(45568K) NonClass: 39087K(39936K)->39087K(39936K) Class: 5238K(5632K)->5238K(5632K)
[457.655s][info][gc             ] GC(1425) Pause Full (G1 Evacuation Pause) 510M->510M(512M) 357.207ms
[457.657s][info][gc,cpu         ] GC(1425) User=2.49s Sys=0.03s Real=0.36s
[457.657s][info][gc,task        ] GC(1426) Using 8 workers of 8 for full compaction
[457.657s][info][gc,start       ] GC(1426) Pause Full (G1 Evacuation Pause)
[457.657s][info][gc,phases,start] GC(1426) Phase 1: Mark live objects
[457.878s][info][gc,phases      ] GC(1426) Phase 1: Mark live objects 220.777ms
[457.878s][info][gc,phases,start] GC(1426) Phase 2: Prepare for compaction
[457.913s][info][gc,phases      ] GC(1426) Phase 2: Prepare for compaction 34.713ms
[457.913s][info][gc,phases,start] GC(1426) Phase 3: Adjust pointers
[457.983s][info][gc,phases      ] GC(1426) Phase 3: Adjust pointers 70.227ms
[457.983s][info][gc,phases,start] GC(1426) Phase 4: Compact heap
[458.010s][info][gc,phases      ] GC(1426) Phase 4: Compact heap 26.830ms
[458.014s][info][gc,heap        ] GC(1426) Eden regions: 0->0(25)
[458.014s][info][gc,heap        ] GC(1426) Survivor regions: 0->0(0)
[458.014s][info][gc,heap        ] GC(1426) Old regions: 494->494
[458.014s][info][gc,heap        ] GC(1426) Archive regions: 2->2
[458.014s][info][gc,heap        ] GC(1426) Humongous regions: 16->16
[458.014s][info][gc,metaspace   ] GC(1426) Metaspace: 44325K(45568K)->44325K(45568K) NonClass: 39087K(39936K)->39087K(39936K) Class: 5238K(5632K)->5238K(5632K)
[458.014s][info][gc             ] GC(1426) Pause Full (G1 Evacuation Pause) 510M->510M(512M) 357.113ms
[458.015s][info][gc,cpu         ] GC(1426) User=2.52s Sys=0.03s Real=0.35s
[458.015s][info][gc,task        ] GC(1427) Using 8 workers of 8 for full compaction
[458.015s][info][gc,start       ] GC(1427) Pause Full (G1 Evacuation Pause)
[458.016s][info][gc,phases,start] GC(1427) Phase 1: Mark live objects
[458.237s][info][gc,phases      ] GC(1427) Phase 1: Mark live objects 221.214ms
[458.237s][info][gc,phases,start] GC(1427) Phase 2: Prepare for compaction
[458.283s][info][gc,phases      ] GC(1427) Phase 2: Prepare for compaction 46.135ms
[458.283s][info][gc,phases,start] GC(1427) Phase 3: Adjust pointers
[458.353s][info][gc,phases      ] GC(1427) Phase 3: Adjust pointers 70.087ms
[458.353s][info][gc,phases,start] GC(1427) Phase 4: Compact heap
[458.385s][info][gc,phases      ] GC(1427) Phase 4: Compact heap 31.566ms
[458.389s][info][gc,heap        ] GC(1427) Eden regions: 0->0(25)
[458.389s][info][gc,heap        ] GC(1427) Survivor regions: 0->0(0)
[458.389s][info][gc,heap        ] GC(1427) Old regions: 494->494
[458.389s][info][gc,heap        ] GC(1427) Archive regions: 2->2
[458.389s][info][gc,heap        ] GC(1427) Humongous regions: 16->16
[458.389s][info][gc,metaspace   ] GC(1427) Metaspace: 44325K(45568K)->44325K(45568K) NonClass: 39087K(39936K)->39087K(39936K) Class: 5238K(5632K)->5238K(5632K)
[458.389s][info][gc             ] GC(1427) Pause Full (G1 Evacuation Pause) 510M->510M(512M) 373.293ms
[458.391s][info][gc,cpu         ] GC(1427) User=2.57s Sys=0.04s Real=0.38s
[458.391s][info][gc,start       ] GC(1428) Pause Young (Concurrent Start) (G1 Evacuation Pause)
[458.391s][info][gc,task        ] GC(1428) Using 8 workers of 8 for evacuation
[458.392s][info][gc,phases      ] GC(1428)   Pre Evacuate Collection Set: 0.1ms
[458.392s][info][gc,phases      ] GC(1428)   Merge Heap Roots: 0.0ms
[458.392s][info][gc,phases      ] GC(1428)   Evacuate Collection Set: 0.5ms
[458.392s][info][gc,phases      ] GC(1428)   Post Evacuate Collection Set: 0.2ms
[458.392s][info][gc,phases      ] GC(1428)   Other: 0.1ms
[458.392s][info][gc,heap        ] GC(1428) Eden regions: 0->0(25)
[458.392s][info][gc,heap        ] GC(1428) Survivor regions: 0->0(0)
[458.392s][info][gc,heap        ] GC(1428) Old regions: 494->494
[458.392s][info][gc,heap        ] GC(1428) Archive regions: 2->2
[458.392s][info][gc,heap        ] GC(1428) Humongous regions: 16->16
[458.392s][info][gc,metaspace   ] GC(1428) Metaspace: 44325K(45568K)->44325K(45568K) NonClass: 39087K(39936K)->39087K(39936K) Class: 5238K(5632K)->5238K(5632K)
[458.392s][info][gc             ] GC(1428) Pause Young (Concurrent Start) (G1 Evacuation Pause) 510M->510M(512M) 1.007ms
[458.392s][info][gc,cpu         ] GC(1428) User=0.00s Sys=0.00s Real=0.00s
[458.392s][info][gc,ergo        ] Attempting maximally compacting collection
[458.392s][info][gc,task        ] GC(1430) Using 8 workers of 8 for full compaction
[458.392s][info][gc             ] GC(1429) Concurrent Cycle
[458.392s][info][gc,start       ] GC(1430) Pause Full (G1 Evacuation Pause)
[458.392s][info][gc,marking     ] GC(1429) Concurrent Clear Claimed Marks
[458.392s][info][gc,marking     ] GC(1429) Concurrent Clear Claimed Marks 0.091ms
[458.392s][info][gc,marking     ] GC(1429) Concurrent Scan Root Regions
[458.392s][info][gc,marking     ] GC(1429) Concurrent Scan Root Regions 0.027ms
[458.392s][info][gc,marking     ] GC(1429) Concurrent Mark (458.392s)
[458.392s][info][gc,marking     ] GC(1429) Concurrent Mark From Roots
[458.392s][info][gc,task        ] GC(1429) Using 2 workers of 2 for marking
[458.392s][info][gc,phases,start] GC(1430) Phase 1: Mark live objects
[458.617s][info][gc,phases      ] GC(1430) Phase 1: Mark live objects 224.537ms
[458.617s][info][gc,phases,start] GC(1430) Phase 2: Prepare for compaction
[458.646s][info][gc,phases      ] GC(1430) Phase 2: Prepare for compaction 29.159ms
[458.646s][info][gc,phases,start] GC(1430) Phase 3: Adjust pointers
[458.718s][info][gc,phases      ] GC(1430) Phase 3: Adjust pointers 71.311ms
[458.718s][info][gc,phases,start] GC(1430) Phase 4: Compact heap
[458.746s][info][gc,phases      ] GC(1430) Phase 4: Compact heap 28.246ms
[458.750s][info][gc,heap        ] GC(1430) Eden regions: 0->0(25)
[458.750s][info][gc,heap        ] GC(1430) Survivor regions: 0->0(0)
[458.750s][info][gc,heap        ] GC(1430) Old regions: 494->494
[458.750s][info][gc,heap        ] GC(1430) Archive regions: 2->2
[458.750s][info][gc,heap        ] GC(1430) Humongous regions: 16->16
[458.750s][info][gc,metaspace   ] GC(1430) Metaspace: 44325K(45568K)->44325K(45568K) NonClass: 39087K(39936K)->39087K(39936K) Class: 5238K(5632K)->5238K(5632K)
[458.750s][info][gc             ] GC(1430) Pause Full (G1 Evacuation Pause) 510M->510M(512M) 358.101ms
[458.751s][info][gc,cpu         ] GC(1430) User=2.50s Sys=0.04s Real=0.36s
[458.751s][info][gc,task        ] GC(1431) Using 8 workers of 8 for full compaction
[458.751s][info][gc,start       ] GC(1431) Pause Full (G1 Evacuation Pause)
[458.751s][info][gc,phases,start] GC(1431) Phase 1: Mark live objects
[458.972s][info][gc,phases      ] GC(1431) Phase 1: Mark live objects 220.384ms
[458.972s][info][gc,phases,start] GC(1431) Phase 2: Prepare for compaction
[459.001s][info][gc,phases      ] GC(1431) Phase 2: Prepare for compaction 29.616ms
[459.001s][info][gc,phases,start] GC(1431) Phase 3: Adjust pointers
[459.074s][info][gc,phases      ] GC(1431) Phase 3: Adjust pointers 72.008ms
[459.074s][info][gc,phases,start] GC(1431) Phase 4: Compact heap
[459.100s][info][gc,phases      ] GC(1431) Phase 4: Compact heap 26.741ms
[459.104s][info][gc,heap        ] GC(1431) Eden regions: 0->0(25)
[459.104s][info][gc,heap        ] GC(1431) Survivor regions: 0->0(0)
[459.104s][info][gc,heap        ] GC(1431) Old regions: 494->494
[459.104s][info][gc,heap        ] GC(1431) Archive regions: 2->2
[459.104s][info][gc,heap        ] GC(1431) Humongous regions: 16->16
[459.104s][info][gc,metaspace   ] GC(1431) Metaspace: 44325K(45568K)->44325K(45568K) NonClass: 39087K(39936K)->39087K(39936K) Class: 5238K(5632K)->5238K(5632K)
[459.104s][info][gc             ] GC(1431) Pause Full (G1 Evacuation Pause) 510M->510M(512M) 353.063ms
[459.106s][info][gc,cpu         ] GC(1431) User=2.48s Sys=0.03s Real=0.36s
[459.106s][info][gc,task        ] GC(1432) Using 8 workers of 8 for full compaction
[459.106s][info][gc,start       ] GC(1432) Pause Full (G1 Evacuation Pause)
[459.106s][info][gc,phases,start] GC(1432) Phase 1: Mark live objects
[459.326s][info][gc,phases      ] GC(1432) Phase 1: Mark live objects 219.283ms
[459.326s][info][gc,phases,start] GC(1432) Phase 2: Prepare for compaction
[459.357s][info][gc,phases      ] GC(1432) Phase 2: Prepare for compaction 30.894ms
[459.357s][info][gc,phases,start] GC(1432) Phase 3: Adjust pointers
[459.431s][info][gc,phases      ] GC(1432) Phase 3: Adjust pointers 74.089ms
[459.431s][info][gc,phases,start] GC(1432) Phase 4: Compact heap
[459.458s][info][gc,phases      ] GC(1432) Phase 4: Compact heap 27.280ms
[459.463s][info][gc,heap        ] GC(1432) Eden regions: 0->0(25)
[459.463s][info][gc,heap        ] GC(1432) Survivor regions: 0->0(0)
[459.463s][info][gc,heap        ] GC(1432) Old regions: 494->494
[459.463s][info][gc,heap        ] GC(1432) Archive regions: 2->2
[459.463s][info][gc,heap        ] GC(1432) Humongous regions: 16->16
[459.463s][info][gc,metaspace   ] GC(1432) Metaspace: 44325K(45568K)->44325K(45568K) NonClass: 39087K(39936K)->39087K(39936K) Class: 5238K(5632K)->5238K(5632K)
[459.463s][info][gc             ] GC(1432) Pause Full (G1 Evacuation Pause) 510M->510M(512M) 356.284ms
[459.464s][info][gc,cpu         ] GC(1432) User=2.45s Sys=0.03s Real=0.35s
[459.464s][info][gc,marking     ] GC(1429) Concurrent Mark From Roots 1072.146ms
[459.464s][info][gc,marking     ] GC(1429) Concurrent Mark Abort
[459.464s][info][gc             ] GC(1429) Concurrent Cycle 1072.436ms
[459.464s][info][gc,start       ] GC(1433) Pause Young (Normal) (G1 Evacuation Pause)
[459.464s][info][gc,task        ] GC(1433) Using 8 workers of 8 for evacuation
[459.465s][info][gc,phases      ] GC(1433)   Pre Evacuate Collection Set: 0.1ms
[459.465s][info][gc,phases      ] GC(1433)   Merge Heap Roots: 0.0ms
[459.465s][info][gc,phases      ] GC(1433)   Evacuate Collection Set: 0.2ms
[459.465s][info][gc,phases      ] GC(1433)   Post Evacuate Collection Set: 0.2ms
[459.465s][info][gc,phases      ] GC(1433)   Other: 0.1ms
[459.465s][info][gc,heap        ] GC(1433) Eden regions: 0->0(25)
[459.465s][info][gc,heap        ] GC(1433) Survivor regions: 0->0(0)
[459.465s][info][gc,heap        ] GC(1433) Old regions: 494->494
[459.465s][info][gc,heap        ] GC(1433) Archive regions: 2->2
[459.465s][info][gc,heap        ] GC(1433) Humongous regions: 16->16
[459.465s][info][gc,metaspace   ] GC(1433) Metaspace: 44325K(45568K)->44325K(45568K) NonClass: 39087K(39936K)->39087K(39936K) Class: 5238K(5632K)->5238K(5632K)
[459.465s][info][gc             ] GC(1433) Pause Young (Normal) (G1 Evacuation Pause) 510M->510M(512M) 0.618ms
[459.465s][info][gc,cpu         ] GC(1433) User=0.00s Sys=0.00s Real=0.00s
[459.465s][info][gc,ergo        ] Attempting maximally compacting collection
[459.465s][info][gc,task        ] GC(1434) Using 8 workers of 8 for full compaction
[459.465s][info][gc,start       ] GC(1434) Pause Full (G1 Evacuation Pause)
[459.465s][info][gc,phases,start] GC(1434) Phase 1: Mark live objects
[459.689s][info][gc,phases      ] GC(1434) Phase 1: Mark live objects 223.823ms
[459.689s][info][gc,phases,start] GC(1434) Phase 2: Prepare for compaction
[459.722s][info][gc,phases      ] GC(1434) Phase 2: Prepare for compaction 32.794ms
[459.722s][info][gc,phases,start] GC(1434) Phase 3: Adjust pointers
[459.794s][info][gc,phases      ] GC(1434) Phase 3: Adjust pointers 71.644ms
[459.794s][info][gc,phases,start] GC(1434) Phase 4: Compact heap
[459.822s][info][gc,phases      ] GC(1434) Phase 4: Compact heap 28.113ms
[459.826s][info][gc,heap        ] GC(1434) Eden regions: 0->0(25)
[459.826s][info][gc,heap        ] GC(1434) Survivor regions: 0->0(0)
[459.826s][info][gc,heap        ] GC(1434) Old regions: 494->494
[459.826s][info][gc,heap        ] GC(1434) Archive regions: 2->2
[459.826s][info][gc,heap        ] GC(1434) Humongous regions: 16->16
[459.826s][info][gc,metaspace   ] GC(1434) Metaspace: 44325K(45568K)->44325K(45568K) NonClass: 39087K(39936K)->39087K(39936K) Class: 5238K(5632K)->5238K(5632K)
[459.826s][info][gc             ] GC(1434) Pause Full (G1 Evacuation Pause) 510M->510M(512M) 360.690ms
[459.828s][info][gc,cpu         ] GC(1434) User=2.52s Sys=0.03s Real=0.37s
[459.828s][info][gc,task        ] GC(1435) Using 8 workers of 8 for full compaction
[459.828s][info][gc,start       ] GC(1435) Pause Full (G1 Evacuation Pause)
[459.828s][info][gc,phases,start] GC(1435) Phase 1: Mark live objects
[460.050s][info][gc,phases      ] GC(1435) Phase 1: Mark live objects 222.063ms
[460.050s][info][gc,phases,start] GC(1435) Phase 2: Prepare for compaction
[460.094s][info][gc,phases      ] GC(1435) Phase 2: Prepare for compaction 44.656ms
[460.094s][info][gc,phases,start] GC(1435) Phase 3: Adjust pointers
[460.166s][info][gc,phases      ] GC(1435) Phase 3: Adjust pointers 71.094ms
[460.166s][info][gc,phases,start] GC(1435) Phase 4: Compact heap
[460.196s][info][gc,phases      ] GC(1435) Phase 4: Compact heap 30.138ms
[460.200s][info][gc,heap        ] GC(1435) Eden regions: 0->0(25)
[460.200s][info][gc,heap        ] GC(1435) Survivor regions: 0->0(0)
[460.200s][info][gc,heap        ] GC(1435) Old regions: 494->494
[460.200s][info][gc,heap        ] GC(1435) Archive regions: 2->2
[460.200s][info][gc,heap        ] GC(1435) Humongous regions: 16->16
[460.200s][info][gc,metaspace   ] GC(1435) Metaspace: 44325K(45568K)->44325K(45568K) NonClass: 39087K(39936K)->39087K(39936K) Class: 5238K(5632K)->5238K(5632K)
[460.200s][info][gc             ] GC(1435) Pause Full (G1 Evacuation Pause) 510M->510M(512M) 372.571ms
[460.202s][info][gc,cpu         ] GC(1435) User=2.58s Sys=0.05s Real=0.37s
[460.202s][info][gc,task        ] GC(1436) Using 8 workers of 8 for full compaction
[460.202s][info][gc,start       ] GC(1436) Pause Full (G1 Evacuation Pause)
[460.202s][info][gc,phases,start] GC(1436) Phase 1: Mark live objects
[460.432s][info][gc,phases      ] GC(1436) Phase 1: Mark live objects 230.803ms
[460.432s][info][gc,phases,start] GC(1436) Phase 2: Prepare for compaction
[460.462s][info][gc,phases      ] GC(1436) Phase 2: Prepare for compaction 29.606ms
[460.462s][info][gc,phases,start] GC(1436) Phase 3: Adjust pointers
[460.534s][info][gc,phases      ] GC(1436) Phase 3: Adjust pointers 72.284ms
[460.534s][info][gc,phases,start] GC(1436) Phase 4: Compact heap
[460.560s][info][gc,phases      ] GC(1436) Phase 4: Compact heap 25.864ms
[460.564s][info][gc,heap        ] GC(1436) Eden regions: 0->0(25)
[460.564s][info][gc,heap        ] GC(1436) Survivor regions: 0->0(0)
[460.564s][info][gc,heap        ] GC(1436) Old regions: 494->494
[460.564s][info][gc,heap        ] GC(1436) Archive regions: 2->2
[460.564s][info][gc,heap        ] GC(1436) Humongous regions: 16->16
[460.564s][info][gc,metaspace   ] GC(1436) Metaspace: 44325K(45568K)->44325K(45568K) NonClass: 39087K(39936K)->39087K(39936K) Class: 5238K(5632K)->5238K(5632K)
[460.564s][info][gc             ] GC(1436) Pause Full (G1 Evacuation Pause) 510M->510M(512M) 362.883ms
[460.566s][info][gc,cpu         ] GC(1436) User=2.47s Sys=0.03s Real=0.37s
[460.567s][info][gc,start       ] GC(1437) Pause Young (Concurrent Start) (G1 Evacuation Pause)
[460.567s][info][gc,task        ] GC(1437) Using 8 workers of 8 for evacuation
[460.568s][info][gc,phases      ] GC(1437)   Pre Evacuate Collection Set: 0.1ms
[460.568s][info][gc,phases      ] GC(1437)   Merge Heap Roots: 0.0ms
[460.568s][info][gc,phases      ] GC(1437)   Evacuate Collection Set: 0.7ms
[460.568s][info][gc,phases      ] GC(1437)   Post Evacuate Collection Set: 0.2ms
[460.568s][info][gc,phases      ] GC(1437)   Other: 0.1ms
[460.568s][info][gc,heap        ] GC(1437) Eden regions: 0->0(25)
[460.568s][info][gc,heap        ] GC(1437) Survivor regions: 0->0(0)
[460.568s][info][gc,heap        ] GC(1437) Old regions: 494->494
[460.568s][info][gc,heap        ] GC(1437) Archive regions: 2->2
[460.568s][info][gc,heap        ] GC(1437) Humongous regions: 16->16
[460.568s][info][gc,metaspace   ] GC(1437) Metaspace: 44325K(45568K)->44325K(45568K) NonClass: 39087K(39936K)->39087K(39936K) Class: 5238K(5632K)->5238K(5632K)
[460.568s][info][gc             ] GC(1437) Pause Young (Concurrent Start) (G1 Evacuation Pause) 510M->510M(512M) 1.301ms
[460.568s][info][gc,cpu         ] GC(1437) User=0.00s Sys=0.00s Real=0.00s
[460.568s][info][gc,ergo        ] Attempting maximally compacting collection
[460.568s][info][gc,task        ] GC(1438) Using 8 workers of 8 for full compaction
[460.568s][info][gc             ] GC(1439) Concurrent Cycle
[460.568s][info][gc,start       ] GC(1438) Pause Full (G1 Evacuation Pause)
[460.568s][info][gc,marking     ] GC(1439) Concurrent Clear Claimed Marks
[460.568s][info][gc,marking     ] GC(1439) Concurrent Clear Claimed Marks 0.087ms
[460.568s][info][gc,marking     ] GC(1439) Concurrent Scan Root Regions
[460.568s][info][gc,marking     ] GC(1439) Concurrent Scan Root Regions 0.024ms
[460.568s][info][gc,marking     ] GC(1439) Concurrent Mark (460.568s)
[460.568s][info][gc,marking     ] GC(1439) Concurrent Mark From Roots
[460.568s][info][gc,task        ] GC(1439) Using 2 workers of 2 for marking
[460.569s][info][gc,phases,start] GC(1438) Phase 1: Mark live objects
[460.797s][info][gc,phases      ] GC(1438) Phase 1: Mark live objects 228.375ms
[460.797s][info][gc,phases,start] GC(1438) Phase 2: Prepare for compaction
[460.828s][info][gc,phases      ] GC(1438) Phase 2: Prepare for compaction 30.691ms
[460.828s][info][gc,phases,start] GC(1438) Phase 3: Adjust pointers
[460.904s][info][gc,phases      ] GC(1438) Phase 3: Adjust pointers 75.627ms
[460.904s][info][gc,phases,start] GC(1438) Phase 4: Compact heap
[460.928s][info][gc,phases      ] GC(1438) Phase 4: Compact heap 24.156ms
[460.932s][info][gc,heap        ] GC(1438) Eden regions: 0->0(25)
[460.932s][info][gc,heap        ] GC(1438) Survivor regions: 0->0(0)
[460.932s][info][gc,heap        ] GC(1438) Old regions: 494->494
[460.932s][info][gc,heap        ] GC(1438) Archive regions: 2->2
[460.932s][info][gc,heap        ] GC(1438) Humongous regions: 16->16
[460.932s][info][gc,metaspace   ] GC(1438) Metaspace: 44325K(45568K)->44325K(45568K) NonClass: 39087K(39936K)->39087K(39936K) Class: 5238K(5632K)->5238K(5632K)
[460.932s][info][gc             ] GC(1438) Pause Full (G1 Evacuation Pause) 510M->510M(512M) 363.798ms
[460.934s][info][gc,cpu         ] GC(1438) User=2.51s Sys=0.03s Real=0.36s
[460.934s][info][gc,task        ] GC(1440) Using 8 workers of 8 for full compaction
[460.934s][info][gc,start       ] GC(1440) Pause Full (G1 Evacuation Pause)
[460.934s][info][gc,phases,start] GC(1440) Phase 1: Mark live objects
[461.258s][info][gc,phases      ] GC(1440) Phase 1: Mark live objects 324.100ms
[461.258s][info][gc,phases,start] GC(1440) Phase 2: Prepare for compaction
[461.289s][info][gc,phases      ] GC(1440) Phase 2: Prepare for compaction 31.532ms
[461.290s][info][gc,phases,start] GC(1440) Phase 3: Adjust pointers
[461.361s][info][gc,phases      ] GC(1440) Phase 3: Adjust pointers 71.358ms
[461.361s][info][gc,phases,start] GC(1440) Phase 4: Compact heap
[461.387s][info][gc,phases      ] GC(1440) Phase 4: Compact heap 26.201ms
[461.391s][info][gc,heap        ] GC(1440) Eden regions: 0->0(25)
[461.391s][info][gc,heap        ] GC(1440) Survivor regions: 0->0(0)
[461.391s][info][gc,heap        ] GC(1440) Old regions: 494->494
[461.391s][info][gc,heap        ] GC(1440) Archive regions: 2->2
[461.391s][info][gc,heap        ] GC(1440) Humongous regions: 16->16
[461.391s][info][gc,metaspace   ] GC(1440) Metaspace: 44325K(45568K)->44325K(45568K) NonClass: 39087K(39936K)->39087K(39936K) Class: 5238K(5632K)->5238K(5632K)
[461.391s][info][gc             ] GC(1440) Pause Full (G1 Evacuation Pause) 510M->510M(512M) 457.681ms
[461.393s][info][gc,cpu         ] GC(1440) User=2.47s Sys=0.05s Real=0.46s
[461.393s][info][gc,task        ] GC(1441) Using 8 workers of 8 for full compaction
[461.393s][info][gc,start       ] GC(1441) Pause Full (G1 Evacuation Pause)
[461.393s][info][gc,phases,start] GC(1441) Phase 1: Mark live objects
[461.621s][info][gc,phases      ] GC(1441) Phase 1: Mark live objects 227.522ms
[461.621s][info][gc,phases,start] GC(1441) Phase 2: Prepare for compaction
[461.659s][info][gc,phases      ] GC(1441) Phase 2: Prepare for compaction 38.159ms
[461.659s][info][gc,phases,start] GC(1441) Phase 3: Adjust pointers
[461.733s][info][gc,phases      ] GC(1441) Phase 3: Adjust pointers 73.905ms
[461.733s][info][gc,phases,start] GC(1441) Phase 4: Compact heap
[461.764s][info][gc,phases      ] GC(1441) Phase 4: Compact heap 31.580ms
[461.769s][info][gc,heap        ] GC(1441) Eden regions: 0->0(25)
[461.769s][info][gc,heap        ] GC(1441) Survivor regions: 0->0(0)
[461.769s][info][gc,heap        ] GC(1441) Old regions: 494->494
[461.769s][info][gc,heap        ] GC(1441) Archive regions: 2->2
[461.769s][info][gc,heap        ] GC(1441) Humongous regions: 16->16
[461.769s][info][gc,metaspace   ] GC(1441) Metaspace: 44325K(45568K)->44325K(45568K) NonClass: 39087K(39936K)->39087K(39936K) Class: 5238K(5632K)->5238K(5632K)
[461.769s][info][gc             ] GC(1441) Pause Full (G1 Evacuation Pause) 510M->510M(512M) 375.549ms
[461.770s][info][gc,cpu         ] GC(1441) User=2.49s Sys=0.03s Real=0.38s
[461.770s][info][gc,marking     ] GC(1439) Concurrent Mark From Roots 1201.795ms
[461.770s][info][gc,marking     ] GC(1439) Concurrent Mark Abort
[461.770s][info][gc             ] GC(1439) Concurrent Cycle 1202.059ms
[461.770s][info][gc,start       ] GC(1442) Pause Young (Normal) (G1 Evacuation Pause)
[461.770s][info][gc,task        ] GC(1442) Using 8 workers of 8 for evacuation
[461.771s][info][gc,phases      ] GC(1442)   Pre Evacuate Collection Set: 0.1ms
[461.771s][info][gc,phases      ] GC(1442)   Merge Heap Roots: 0.0ms
[461.771s][info][gc,phases      ] GC(1442)   Evacuate Collection Set: 0.2ms
[461.771s][info][gc,phases      ] GC(1442)   Post Evacuate Collection Set: 0.2ms
[461.771s][info][gc,phases      ] GC(1442)   Other: 0.1ms
[461.771s][info][gc,heap        ] GC(1442) Eden regions: 0->0(25)
[461.771s][info][gc,heap        ] GC(1442) Survivor regions: 0->0(0)
[461.771s][info][gc,heap        ] GC(1442) Old regions: 494->494
[461.771s][info][gc,heap        ] GC(1442) Archive regions: 2->2
[461.771s][info][gc,heap        ] GC(1442) Humongous regions: 16->16
[461.771s][info][gc,metaspace   ] GC(1442) Metaspace: 44325K(45568K)->44325K(45568K) NonClass: 39087K(39936K)->39087K(39936K) Class: 5238K(5632K)->5238K(5632K)
[461.771s][info][gc             ] GC(1442) Pause Young (Normal) (G1 Evacuation Pause) 510M->510M(512M) 0.589ms
[461.771s][info][gc,cpu         ] GC(1442) User=0.01s Sys=0.00s Real=0.00s
[461.771s][info][gc,ergo        ] Attempting maximally compacting collection
[461.771s][info][gc,task        ] GC(1443) Using 8 workers of 8 for full compaction
[461.771s][info][gc,start       ] GC(1443) Pause Full (G1 Evacuation Pause)
[461.771s][info][gc,phases,start] GC(1443) Phase 1: Mark live objects
[462.000s][info][gc,phases      ] GC(1443) Phase 1: Mark live objects 228.723ms
[462.000s][info][gc,phases,start] GC(1443) Phase 2: Prepare for compaction
[462.030s][info][gc,phases      ] GC(1443) Phase 2: Prepare for compaction 30.402ms
[462.030s][info][gc,phases,start] GC(1443) Phase 3: Adjust pointers
[462.105s][info][gc,phases      ] GC(1443) Phase 3: Adjust pointers 74.560ms
[462.105s][info][gc,phases,start] GC(1443) Phase 4: Compact heap
[462.135s][info][gc,phases      ] GC(1443) Phase 4: Compact heap 29.834ms
[462.139s][info][gc,heap        ] GC(1443) Eden regions: 0->0(25)
[462.139s][info][gc,heap        ] GC(1443) Survivor regions: 0->0(0)
[462.139s][info][gc,heap        ] GC(1443) Old regions: 494->494
[462.139s][info][gc,heap        ] GC(1443) Archive regions: 2->2
[462.139s][info][gc,heap        ] GC(1443) Humongous regions: 16->16
[462.139s][info][gc,metaspace   ] GC(1443) Metaspace: 44325K(45568K)->44325K(45568K) NonClass: 39087K(39936K)->39087K(39936K) Class: 5238K(5632K)->5238K(5632K)
[462.139s][info][gc             ] GC(1443) Pause Full (G1 Evacuation Pause) 510M->510M(512M) 368.106ms
[462.141s][info][gc,cpu         ] GC(1443) User=2.55s Sys=0.04s Real=0.37s
[462.141s][info][gc,task        ] GC(1444) Using 8 workers of 8 for full compaction
[462.141s][info][gc,start       ] GC(1444) Pause Full (G1 Evacuation Pause)
[462.141s][info][gc,phases,start] GC(1444) Phase 1: Mark live objects
[462.371s][info][gc,phases      ] GC(1444) Phase 1: Mark live objects 230.355ms
[462.371s][info][gc,phases,start] GC(1444) Phase 2: Prepare for compaction
[462.408s][info][gc,phases      ] GC(1444) Phase 2: Prepare for compaction 36.561ms
[462.408s][info][gc,phases,start] GC(1444) Phase 3: Adjust pointers
[462.483s][info][gc,phases      ] GC(1444) Phase 3: Adjust pointers 75.010ms
[462.483s][info][gc,phases,start] GC(1444) Phase 4: Compact heap
[462.513s][info][gc,phases      ] GC(1444) Phase 4: Compact heap 29.674ms
[462.517s][info][gc,heap        ] GC(1444) Eden regions: 0->0(25)
[462.517s][info][gc,heap        ] GC(1444) Survivor regions: 0->0(0)
[462.517s][info][gc,heap        ] GC(1444) Old regions: 494->494
[462.517s][info][gc,heap        ] GC(1444) Archive regions: 2->2
[462.517s][info][gc,heap        ] GC(1444) Humongous regions: 16->16
[462.517s][info][gc,metaspace   ] GC(1444) Metaspace: 44325K(45568K)->44325K(45568K) NonClass: 39087K(39936K)->39087K(39936K) Class: 5238K(5632K)->5238K(5632K)
[462.517s][info][gc             ] GC(1444) Pause Full (G1 Evacuation Pause) 510M->510M(512M) 376.116ms
[462.518s][info][gc,cpu         ] GC(1444) User=2.58s Sys=0.04s Real=0.38s
[462.518s][info][gc,task        ] GC(1445) Using 8 workers of 8 for full compaction
[462.518s][info][gc,start       ] GC(1445) Pause Full (G1 Evacuation Pause)
[462.519s][info][gc,phases,start] GC(1445) Phase 1: Mark live objects
[462.743s][info][gc,phases      ] GC(1445) Phase 1: Mark live objects 224.944ms
[462.743s][info][gc,phases,start] GC(1445) Phase 2: Prepare for compaction
[462.773s][info][gc,phases      ] GC(1445) Phase 2: Prepare for compaction 29.289ms
[462.773s][info][gc,phases,start] GC(1445) Phase 3: Adjust pointers
[462.844s][info][gc,phases      ] GC(1445) Phase 3: Adjust pointers 71.330ms
[462.844s][info][gc,phases,start] GC(1445) Phase 4: Compact heap
[462.871s][info][gc,phases      ] GC(1445) Phase 4: Compact heap 26.850ms
[462.875s][info][gc,heap        ] GC(1445) Eden regions: 0->0(25)
[462.875s][info][gc,heap        ] GC(1445) Survivor regions: 0->0(0)
[462.875s][info][gc,heap        ] GC(1445) Old regions: 494->494
[462.875s][info][gc,heap        ] GC(1445) Archive regions: 2->2
[462.875s][info][gc,heap        ] GC(1445) Humongous regions: 16->16
[462.875s][info][gc,metaspace   ] GC(1445) Metaspace: 44325K(45568K)->44325K(45568K) NonClass: 39087K(39936K)->39087K(39936K) Class: 5238K(5632K)->5238K(5632K)
[462.875s][info][gc             ] GC(1445) Pause Full (G1 Evacuation Pause) 510M->510M(512M) 356.919ms
[462.877s][info][gc,cpu         ] GC(1445) User=2.51s Sys=0.04s Real=0.36s
[462.877s][info][gc,start       ] GC(1446) Pause Young (Concurrent Start) (G1 Evacuation Pause)
[462.877s][info][gc,task        ] GC(1446) Using 8 workers of 8 for evacuation
[462.878s][info][gc,phases      ] GC(1446)   Pre Evacuate Collection Set: 0.1ms
[462.878s][info][gc,phases      ] GC(1446)   Merge Heap Roots: 0.0ms
[462.878s][info][gc,phases      ] GC(1446)   Evacuate Collection Set: 0.5ms
[462.878s][info][gc,phases      ] GC(1446)   Post Evacuate Collection Set: 0.1ms
[462.878s][info][gc,phases      ] GC(1446)   Other: 0.1ms
[462.878s][info][gc,heap        ] GC(1446) Eden regions: 0->0(25)
[462.878s][info][gc,heap        ] GC(1446) Survivor regions: 0->0(0)
[462.878s][info][gc,heap        ] GC(1446) Old regions: 494->494
[462.878s][info][gc,heap        ] GC(1446) Archive regions: 2->2
[462.878s][info][gc,heap        ] GC(1446) Humongous regions: 16->16
[462.878s][info][gc,metaspace   ] GC(1446) Metaspace: 44325K(45568K)->44325K(45568K) NonClass: 39087K(39936K)->39087K(39936K) Class: 5238K(5632K)->5238K(5632K)
[462.878s][info][gc             ] GC(1446) Pause Young (Concurrent Start) (G1 Evacuation Pause) 510M->510M(512M) 0.978ms
[462.878s][info][gc,cpu         ] GC(1446) User=0.00s Sys=0.00s Real=0.00s
[462.878s][info][gc,ergo        ] Attempting maximally compacting collection
[462.878s][info][gc,task        ] GC(1447) Using 8 workers of 8 for full compaction
[462.878s][info][gc,start       ] GC(1447) Pause Full (G1 Evacuation Pause)
[462.878s][info][gc             ] GC(1448) Concurrent Cycle
[462.878s][info][gc,marking     ] GC(1448) Concurrent Clear Claimed Marks
[462.878s][info][gc,marking     ] GC(1448) Concurrent Clear Claimed Marks 0.044ms
[462.878s][info][gc,marking     ] GC(1448) Concurrent Scan Root Regions
[462.879s][info][gc,marking     ] GC(1448) Concurrent Scan Root Regions 0.025ms
[462.879s][info][gc,marking     ] GC(1448) Concurrent Mark (462.879s)
[462.879s][info][gc,marking     ] GC(1448) Concurrent Mark From Roots
[462.879s][info][gc,task        ] GC(1448) Using 2 workers of 2 for marking
[462.879s][info][gc,phases,start] GC(1447) Phase 1: Mark live objects
[463.100s][info][gc,phases      ] GC(1447) Phase 1: Mark live objects 221.346ms
[463.100s][info][gc,phases,start] GC(1447) Phase 2: Prepare for compaction
[463.130s][info][gc,phases      ] GC(1447) Phase 2: Prepare for compaction 29.415ms
[463.130s][info][gc,phases,start] GC(1447) Phase 3: Adjust pointers
[463.201s][info][gc,phases      ] GC(1447) Phase 3: Adjust pointers 71.586ms
[463.201s][info][gc,phases,start] GC(1447) Phase 4: Compact heap
[463.232s][info][gc,phases      ] GC(1447) Phase 4: Compact heap 30.135ms
[463.236s][info][gc,heap        ] GC(1447) Eden regions: 0->0(25)
[463.236s][info][gc,heap        ] GC(1447) Survivor regions: 0->0(0)
[463.236s][info][gc,heap        ] GC(1447) Old regions: 494->494
[463.236s][info][gc,heap        ] GC(1447) Archive regions: 2->2
[463.236s][info][gc,heap        ] GC(1447) Humongous regions: 16->16
[463.236s][info][gc,metaspace   ] GC(1447) Metaspace: 44325K(45568K)->44325K(45568K) NonClass: 39087K(39936K)->39087K(39936K) Class: 5238K(5632K)->5238K(5632K)
[463.236s][info][gc             ] GC(1447) Pause Full (G1 Evacuation Pause) 510M->510M(512M) 357.275ms
[463.237s][info][gc,cpu         ] GC(1447) User=2.49s Sys=0.03s Real=0.36s
[463.237s][info][gc,task        ] GC(1449) Using 8 workers of 8 for full compaction
[463.237s][info][gc,start       ] GC(1449) Pause Full (G1 Evacuation Pause)
[463.237s][info][gc,phases,start] GC(1449) Phase 1: Mark live objects
[463.457s][info][gc,phases      ] GC(1449) Phase 1: Mark live objects 219.132ms
[463.457s][info][gc,phases,start] GC(1449) Phase 2: Prepare for compaction
[463.486s][info][gc,phases      ] GC(1449) Phase 2: Prepare for compaction 29.687ms
[463.486s][info][gc,phases,start] GC(1449) Phase 3: Adjust pointers
[463.557s][info][gc,phases      ] GC(1449) Phase 3: Adjust pointers 70.741ms
[463.557s][info][gc,phases,start] GC(1449) Phase 4: Compact heap
[463.583s][info][gc,phases      ] GC(1449) Phase 4: Compact heap 26.074ms
[463.588s][info][gc,heap        ] GC(1449) Eden regions: 0->0(25)
[463.588s][info][gc,heap        ] GC(1449) Survivor regions: 0->0(0)
[463.588s][info][gc,heap        ] GC(1449) Old regions: 494->494
[463.588s][info][gc,heap        ] GC(1449) Archive regions: 2->2
[463.588s][info][gc,heap        ] GC(1449) Humongous regions: 16->16
[463.588s][info][gc,metaspace   ] GC(1449) Metaspace: 44325K(45568K)->44325K(45568K) NonClass: 39087K(39936K)->39087K(39936K) Class: 5238K(5632K)->5238K(5632K)
[463.588s][info][gc             ] GC(1449) Pause Full (G1 Evacuation Pause) 510M->510M(512M) 350.310ms
[463.589s][info][gc,cpu         ] GC(1449) User=2.48s Sys=0.04s Real=0.35s
[463.589s][info][gc,task        ] GC(1450) Using 8 workers of 8 for full compaction
[463.589s][info][gc,start       ] GC(1450) Pause Full (G1 Evacuation Pause)
[463.589s][info][gc,phases,start] GC(1450) Phase 1: Mark live objects
[463.809s][info][gc,phases      ] GC(1450) Phase 1: Mark live objects 219.382ms
[463.809s][info][gc,phases,start] GC(1450) Phase 2: Prepare for compaction
[463.839s][info][gc,phases      ] GC(1450) Phase 2: Prepare for compaction 30.228ms
[463.839s][info][gc,phases,start] GC(1450) Phase 3: Adjust pointers
[463.910s][info][gc,phases      ] GC(1450) Phase 3: Adjust pointers 70.920ms
[463.910s][info][gc,phases,start] GC(1450) Phase 4: Compact heap
[463.937s][info][gc,phases      ] GC(1450) Phase 4: Compact heap 27.616ms
[463.942s][info][gc,heap        ] GC(1450) Eden regions: 0->0(25)
[463.942s][info][gc,heap        ] GC(1450) Survivor regions: 0->0(0)
[463.942s][info][gc,heap        ] GC(1450) Old regions: 494->494
[463.942s][info][gc,heap        ] GC(1450) Archive regions: 2->2
[463.942s][info][gc,heap        ] GC(1450) Humongous regions: 16->16
[463.942s][info][gc,metaspace   ] GC(1450) Metaspace: 44325K(45568K)->44325K(45568K) NonClass: 39087K(39936K)->39087K(39936K) Class: 5238K(5632K)->5238K(5632K)
[463.942s][info][gc             ] GC(1450) Pause Full (G1 Evacuation Pause) 510M->510M(512M) 352.550ms
[463.943s][info][gc,cpu         ] GC(1450) User=2.48s Sys=0.02s Real=0.35s
[463.943s][info][gc,marking     ] GC(1448) Concurrent Mark From Roots 1064.859ms
[463.944s][info][gc,start       ] GC(1451) Pause Young (Normal) (G1 Evacuation Pause)
[463.944s][info][gc,task        ] GC(1451) Using 8 workers of 8 for evacuation
[463.944s][info][gc,phases      ] GC(1451)   Pre Evacuate Collection Set: 0.1ms
[463.944s][info][gc,phases      ] GC(1451)   Merge Heap Roots: 0.0ms
[463.944s][info][gc,phases      ] GC(1451)   Evacuate Collection Set: 0.2ms
[463.944s][info][gc,phases      ] GC(1451)   Post Evacuate Collection Set: 0.2ms
[463.944s][info][gc,phases      ] GC(1451)   Other: 0.1ms
[463.944s][info][gc,heap        ] GC(1451) Eden regions: 0->0(25)
[463.944s][info][gc,heap        ] GC(1451) Survivor regions: 0->0(0)
[463.944s][info][gc,heap        ] GC(1451) Old regions: 494->494
[463.944s][info][gc,heap        ] GC(1451) Archive regions: 2->2
[463.944s][info][gc,heap        ] GC(1451) Humongous regions: 16->16
[463.944s][info][gc,metaspace   ] GC(1451) Metaspace: 44325K(45568K)->44325K(45568K) NonClass: 39087K(39936K)->39087K(39936K) Class: 5238K(5632K)->5238K(5632K)
[463.944s][info][gc             ] GC(1451) Pause Young (Normal) (G1 Evacuation Pause) 510M->510M(512M) 0.621ms
[463.944s][info][gc,cpu         ] GC(1451) User=0.00s Sys=0.00s Real=0.00s
[463.944s][info][gc,ergo        ] Attempting maximally compacting collection
[463.944s][info][gc,task        ] GC(1452) Using 8 workers of 8 for full compaction
[463.944s][info][gc,start       ] GC(1452) Pause Full (G1 Evacuation Pause)
[463.944s][info][gc,phases,start] GC(1452) Phase 1: Mark live objects
[464.166s][info][gc,phases      ] GC(1452) Phase 1: Mark live objects 221.525ms
[464.166s][info][gc,phases,start] GC(1452) Phase 2: Prepare for compaction
[464.195s][info][gc,phases      ] GC(1452) Phase 2: Prepare for compaction 28.930ms
[464.195s][info][gc,phases,start] GC(1452) Phase 3: Adjust pointers
[464.265s][info][gc,phases      ] GC(1452) Phase 3: Adjust pointers 70.227ms
[464.265s][info][gc,phases,start] GC(1452) Phase 4: Compact heap
[464.293s][info][gc,phases      ] GC(1452) Phase 4: Compact heap 27.965ms
[464.297s][info][gc,heap        ] GC(1452) Eden regions: 0->0(25)
[464.297s][info][gc,heap        ] GC(1452) Survivor regions: 0->0(0)
[464.297s][info][gc,heap        ] GC(1452) Old regions: 494->494
[464.297s][info][gc,heap        ] GC(1452) Archive regions: 2->2
[464.297s][info][gc,heap        ] GC(1452) Humongous regions: 16->16
[464.297s][info][gc,metaspace   ] GC(1452) Metaspace: 44325K(45568K)->44325K(45568K) NonClass: 39087K(39936K)->39087K(39936K) Class: 5238K(5632K)->5238K(5632K)
[464.297s][info][gc             ] GC(1452) Pause Full (G1 Evacuation Pause) 510M->510M(512M) 353.157ms
[464.300s][info][gc,cpu         ] GC(1452) User=2.48s Sys=0.03s Real=0.36s
[464.300s][info][gc,task        ] GC(1453) Using 8 workers of 8 for full compaction
[464.300s][info][gc,start       ] GC(1453) Pause Full (G1 Evacuation Pause)
[464.300s][info][gc,phases,start] GC(1453) Phase 1: Mark live objects
[464.522s][info][gc,phases      ] GC(1453) Phase 1: Mark live objects 222.081ms
[464.522s][info][gc,phases,start] GC(1453) Phase 2: Prepare for compaction
[464.559s][info][gc,phases      ] GC(1453) Phase 2: Prepare for compaction 37.204ms
[464.559s][info][gc,phases,start] GC(1453) Phase 3: Adjust pointers
[464.645s][info][gc,phases      ] GC(1453) Phase 3: Adjust pointers 85.382ms
[464.645s][info][gc,phases,start] GC(1453) Phase 4: Compact heap
[464.675s][info][gc,phases      ] GC(1453) Phase 4: Compact heap 30.865ms
[464.680s][info][gc,heap        ] GC(1453) Eden regions: 0->0(25)
[464.680s][info][gc,heap        ] GC(1453) Survivor regions: 0->0(0)
[464.680s][info][gc,heap        ] GC(1453) Old regions: 494->494
[464.680s][info][gc,heap        ] GC(1453) Archive regions: 2->2
[464.680s][info][gc,heap        ] GC(1453) Humongous regions: 16->16
[464.680s][info][gc,metaspace   ] GC(1453) Metaspace: 44325K(45568K)->44325K(45568K) NonClass: 39087K(39936K)->39087K(39936K) Class: 5238K(5632K)->5238K(5632K)
[464.680s][info][gc             ] GC(1453) Pause Full (G1 Evacuation Pause) 510M->510M(512M) 379.934ms
[464.682s][info][gc,cpu         ] GC(1453) User=2.46s Sys=0.02s Real=0.38s
[464.682s][info][gc,task        ] GC(1454) Using 8 workers of 8 for full compaction
[464.682s][info][gc,start       ] GC(1454) Pause Full (G1 Evacuation Pause)
[464.682s][info][gc,phases,start] GC(1454) Phase 1: Mark live objects
[464.943s][info][gc,phases      ] GC(1454) Phase 1: Mark live objects 261.812ms
[464.944s][info][gc,phases,start] GC(1454) Phase 2: Prepare for compaction
[464.977s][info][gc,phases      ] GC(1454) Phase 2: Prepare for compaction 33.929ms
[464.977s][info][gc,phases,start] GC(1454) Phase 3: Adjust pointers
[465.059s][info][gc,phases      ] GC(1454) Phase 3: Adjust pointers 81.651ms
[465.059s][info][gc,phases,start] GC(1454) Phase 4: Compact heap
[465.089s][info][gc,phases      ] GC(1454) Phase 4: Compact heap 29.472ms
[465.093s][info][gc,heap        ] GC(1454) Eden regions: 0->0(25)
[465.093s][info][gc,heap        ] GC(1454) Survivor regions: 0->0(0)
[465.093s][info][gc,heap        ] GC(1454) Old regions: 494->494
[465.093s][info][gc,heap        ] GC(1454) Archive regions: 2->2
[465.093s][info][gc,heap        ] GC(1454) Humongous regions: 16->16
[465.093s][info][gc,metaspace   ] GC(1454) Metaspace: 44325K(45568K)->44325K(45568K) NonClass: 39087K(39936K)->39087K(39936K) Class: 5238K(5632K)->5238K(5632K)
[465.093s][info][gc             ] GC(1454) Pause Full (G1 Evacuation Pause) 510M->510M(512M) 411.406ms
[465.095s][info][gc,cpu         ] GC(1454) User=2.47s Sys=0.03s Real=0.41s
[465.095s][info][gc,marking     ] GC(1448) Concurrent Mark Abort
[465.095s][info][gc             ] GC(1448) Concurrent Cycle 2216.388ms
[465.095s][info][gc,start       ] GC(1455) Pause Young (Normal) (G1 Evacuation Pause)
[465.095s][info][gc,task        ] GC(1455) Using 8 workers of 8 for evacuation
[465.096s][info][gc,phases      ] GC(1455)   Pre Evacuate Collection Set: 0.1ms
[465.096s][info][gc,phases      ] GC(1455)   Merge Heap Roots: 0.0ms
[465.096s][info][gc,phases      ] GC(1455)   Evacuate Collection Set: 0.2ms
[465.096s][info][gc,phases      ] GC(1455)   Post Evacuate Collection Set: 0.2ms
[465.096s][info][gc,phases      ] GC(1455)   Other: 0.1ms
[465.096s][info][gc,heap        ] GC(1455) Eden regions: 0->0(25)
[465.096s][info][gc,heap        ] GC(1455) Survivor regions: 0->0(0)
[465.096s][info][gc,heap        ] GC(1455) Old regions: 494->494
[465.096s][info][gc,heap        ] GC(1455) Archive regions: 2->2
[465.096s][info][gc,heap        ] GC(1455) Humongous regions: 16->16
[465.096s][info][gc,metaspace   ] GC(1455) Metaspace: 44325K(45568K)->44325K(45568K) NonClass: 39087K(39936K)->39087K(39936K) Class: 5238K(5632K)->5238K(5632K)
[465.096s][info][gc             ] GC(1455) Pause Young (Normal) (G1 Evacuation Pause) 510M->510M(512M) 0.714ms
[465.096s][info][gc,cpu         ] GC(1455) User=0.00s Sys=0.00s Real=0.01s
[465.096s][info][gc,ergo        ] Attempting maximally compacting collection
[465.096s][info][gc,task        ] GC(1456) Using 8 workers of 8 for full compaction
[465.096s][info][gc,start       ] GC(1456) Pause Full (G1 Evacuation Pause)
[465.096s][info][gc,phases,start] GC(1456) Phase 1: Mark live objects
[465.345s][info][gc,phases      ] GC(1456) Phase 1: Mark live objects 249.403ms
[465.345s][info][gc,phases,start] GC(1456) Phase 2: Prepare for compaction
[465.387s][info][gc,phases      ] GC(1456) Phase 2: Prepare for compaction 41.705ms
[465.387s][info][gc,phases,start] GC(1456) Phase 3: Adjust pointers
[465.465s][info][gc,phases      ] GC(1456) Phase 3: Adjust pointers 78.320ms
[465.465s][info][gc,phases,start] GC(1456) Phase 4: Compact heap
[465.497s][info][gc,phases      ] GC(1456) Phase 4: Compact heap 31.254ms
[465.501s][info][gc,heap        ] GC(1456) Eden regions: 0->0(25)
[465.501s][info][gc,heap        ] GC(1456) Survivor regions: 0->0(0)
[465.501s][info][gc,heap        ] GC(1456) Old regions: 494->494
[465.501s][info][gc,heap        ] GC(1456) Archive regions: 2->2
[465.501s][info][gc,heap        ] GC(1456) Humongous regions: 16->16
[465.501s][info][gc,metaspace   ] GC(1456) Metaspace: 44325K(45568K)->44325K(45568K) NonClass: 39087K(39936K)->39087K(39936K) Class: 5238K(5632K)->5238K(5632K)
[465.501s][info][gc             ] GC(1456) Pause Full (G1 Evacuation Pause) 510M->510M(512M) 404.976ms
[465.502s][info][gc,cpu         ] GC(1456) User=2.53s Sys=0.03s Real=0.40s
[465.502s][info][gc,task        ] GC(1457) Using 8 workers of 8 for full compaction
[465.502s][info][gc,start       ] GC(1457) Pause Full (G1 Evacuation Pause)
[465.502s][info][gc,phases,start] GC(1457) Phase 1: Mark live objects
[465.762s][info][gc,phases      ] GC(1457) Phase 1: Mark live objects 259.683ms
[465.762s][info][gc,phases,start] GC(1457) Phase 2: Prepare for compaction
[465.798s][info][gc,phases      ] GC(1457) Phase 2: Prepare for compaction 35.744ms
[465.798s][info][gc,phases,start] GC(1457) Phase 3: Adjust pointers
[465.905s][info][gc,phases      ] GC(1457) Phase 3: Adjust pointers 107.115ms
[465.905s][info][gc,phases,start] GC(1457) Phase 4: Compact heap
[465.933s][info][gc,phases      ] GC(1457) Phase 4: Compact heap 28.189ms
[465.938s][info][gc,heap        ] GC(1457) Eden regions: 0->0(25)
[465.938s][info][gc,heap        ] GC(1457) Survivor regions: 0->0(0)
[465.938s][info][gc,heap        ] GC(1457) Old regions: 494->494
[465.938s][info][gc,heap        ] GC(1457) Archive regions: 2->2
[465.938s][info][gc,heap        ] GC(1457) Humongous regions: 16->16
[465.938s][info][gc,metaspace   ] GC(1457) Metaspace: 44325K(45568K)->44325K(45568K) NonClass: 39087K(39936K)->39087K(39936K) Class: 5238K(5632K)->5238K(5632K)
[465.938s][info][gc             ] GC(1457) Pause Full (G1 Evacuation Pause) 510M->510M(512M) 435.383ms
[465.940s][info][gc,cpu         ] GC(1457) User=2.46s Sys=0.03s Real=0.44s
[465.940s][info][gc,task        ] GC(1458) Using 8 workers of 8 for full compaction
[465.940s][info][gc,start       ] GC(1458) Pause Full (G1 Evacuation Pause)
[465.940s][info][gc,phases,start] GC(1458) Phase 1: Mark live objects
[466.274s][info][gc,phases      ] GC(1458) Phase 1: Mark live objects 333.989ms
[466.274s][info][gc,phases,start] GC(1458) Phase 2: Prepare for compaction
[466.304s][info][gc,phases      ] GC(1458) Phase 2: Prepare for compaction 30.103ms
[466.304s][info][gc,phases,start] GC(1458) Phase 3: Adjust pointers
[466.387s][info][gc,phases      ] GC(1458) Phase 3: Adjust pointers 83.436ms
[466.387s][info][gc,phases,start] GC(1458) Phase 4: Compact heap
[466.412s][info][gc,phases      ] GC(1458) Phase 4: Compact heap 24.729ms
[466.416s][info][gc,heap        ] GC(1458) Eden regions: 0->0(25)
[466.416s][info][gc,heap        ] GC(1458) Survivor regions: 0->0(0)
[466.416s][info][gc,heap        ] GC(1458) Old regions: 494->494
[466.416s][info][gc,heap        ] GC(1458) Archive regions: 2->2
[466.416s][info][gc,heap        ] GC(1458) Humongous regions: 16->16
[466.416s][info][gc,metaspace   ] GC(1458) Metaspace: 44325K(45568K)->44325K(45568K) NonClass: 39087K(39936K)->39087K(39936K) Class: 5238K(5632K)->5238K(5632K)
[466.416s][info][gc             ] GC(1458) Pause Full (G1 Evacuation Pause) 510M->510M(512M) 476.640ms
[466.418s][info][gc,cpu         ] GC(1458) User=2.50s Sys=0.04s Real=0.48s
[466.418s][info][gc,start       ] GC(1459) Pause Young (Concurrent Start) (G1 Evacuation Pause)
[466.418s][info][gc,task        ] GC(1459) Using 8 workers of 8 for evacuation
[466.419s][info][gc,phases      ] GC(1459)   Pre Evacuate Collection Set: 0.1ms
[466.419s][info][gc,phases      ] GC(1459)   Merge Heap Roots: 0.0ms
[466.419s][info][gc,phases      ] GC(1459)   Evacuate Collection Set: 0.8ms
[466.419s][info][gc,phases      ] GC(1459)   Post Evacuate Collection Set: 0.2ms
[466.419s][info][gc,phases      ] GC(1459)   Other: 0.1ms
[466.419s][info][gc,heap        ] GC(1459) Eden regions: 0->0(25)
[466.419s][info][gc,heap        ] GC(1459) Survivor regions: 0->0(0)
[466.419s][info][gc,heap        ] GC(1459) Old regions: 494->494
[466.419s][info][gc,heap        ] GC(1459) Archive regions: 2->2
[466.419s][info][gc,heap        ] GC(1459) Humongous regions: 16->16
[466.419s][info][gc,metaspace   ] GC(1459) Metaspace: 44325K(45568K)->44325K(45568K) NonClass: 39087K(39936K)->39087K(39936K) Class: 5238K(5632K)->5238K(5632K)
[466.419s][info][gc             ] GC(1459) Pause Young (Concurrent Start) (G1 Evacuation Pause) 510M->510M(512M) 1.397ms
[466.419s][info][gc,cpu         ] GC(1459) User=0.01s Sys=0.00s Real=0.00s
[466.419s][info][gc,ergo        ] Attempting maximally compacting collection
[466.419s][info][gc             ] GC(1460) Concurrent Cycle
[466.419s][info][gc,task        ] GC(1461) Using 8 workers of 8 for full compaction
[466.419s][info][gc,marking     ] GC(1460) Concurrent Clear Claimed Marks
[466.419s][info][gc,start       ] GC(1461) Pause Full (G1 Evacuation Pause)
[466.419s][info][gc,marking     ] GC(1460) Concurrent Clear Claimed Marks 0.069ms
[466.420s][info][gc,marking     ] GC(1460) Concurrent Scan Root Regions
[466.420s][info][gc,marking     ] GC(1460) Concurrent Scan Root Regions 0.014ms
[466.420s][info][gc,marking     ] GC(1460) Concurrent Mark (466.420s)
[466.420s][info][gc,marking     ] GC(1460) Concurrent Mark From Roots
[466.420s][info][gc,task        ] GC(1460) Using 2 workers of 2 for marking
[466.420s][info][gc,phases,start] GC(1461) Phase 1: Mark live objects
[466.652s][info][gc,phases      ] GC(1461) Phase 1: Mark live objects 231.574ms
[466.652s][info][gc,phases,start] GC(1461) Phase 2: Prepare for compaction
[466.706s][info][gc,phases      ] GC(1461) Phase 2: Prepare for compaction 54.170ms
[466.706s][info][gc,phases,start] GC(1461) Phase 3: Adjust pointers
[466.789s][info][gc,phases      ] GC(1461) Phase 3: Adjust pointers 83.015ms
[466.789s][info][gc,phases,start] GC(1461) Phase 4: Compact heap
[466.822s][info][gc,phases      ] GC(1461) Phase 4: Compact heap 32.778ms
[466.826s][info][gc,heap        ] GC(1461) Eden regions: 0->0(25)
[466.826s][info][gc,heap        ] GC(1461) Survivor regions: 0->0(0)
[466.826s][info][gc,heap        ] GC(1461) Old regions: 494->494
[466.826s][info][gc,heap        ] GC(1461) Archive regions: 2->2
[466.826s][info][gc,heap        ] GC(1461) Humongous regions: 16->16
[466.826s][info][gc,metaspace   ] GC(1461) Metaspace: 44325K(45568K)->44325K(45568K) NonClass: 39087K(39936K)->39087K(39936K) Class: 5238K(5632K)->5238K(5632K)
[466.826s][info][gc             ] GC(1461) Pause Full (G1 Evacuation Pause) 510M->510M(512M) 406.665ms
[466.827s][info][gc,cpu         ] GC(1461) User=2.61s Sys=0.03s Real=0.41s
[466.828s][info][gc,task        ] GC(1462) Using 8 workers of 8 for full compaction
[466.828s][info][gc,start       ] GC(1462) Pause Full (G1 Evacuation Pause)
[466.828s][info][gc,phases,start] GC(1462) Phase 1: Mark live objects
[467.070s][info][gc,phases      ] GC(1462) Phase 1: Mark live objects 242.815ms
[467.070s][info][gc,phases,start] GC(1462) Phase 2: Prepare for compaction
[467.105s][info][gc,phases      ] GC(1462) Phase 2: Prepare for compaction 34.486ms
[467.105s][info][gc,phases,start] GC(1462) Phase 3: Adjust pointers
[467.180s][info][gc,phases      ] GC(1462) Phase 3: Adjust pointers 75.080ms
[467.180s][info][gc,phases,start] GC(1462) Phase 4: Compact heap
[467.206s][info][gc,phases      ] GC(1462) Phase 4: Compact heap 25.442ms
[467.210s][info][gc,heap        ] GC(1462) Eden regions: 0->0(25)
[467.210s][info][gc,heap        ] GC(1462) Survivor regions: 0->0(0)
[467.210s][info][gc,heap        ] GC(1462) Old regions: 494->494
[467.210s][info][gc,heap        ] GC(1462) Archive regions: 2->2
[467.210s][info][gc,heap        ] GC(1462) Humongous regions: 16->16
[467.210s][info][gc,metaspace   ] GC(1462) Metaspace: 44325K(45568K)->44325K(45568K) NonClass: 39087K(39936K)->39087K(39936K) Class: 5238K(5632K)->5238K(5632K)
[467.210s][info][gc             ] GC(1462) Pause Full (G1 Evacuation Pause) 510M->510M(512M) 382.236ms
[467.211s][info][gc,cpu         ] GC(1462) User=2.53s Sys=0.04s Real=0.38s
[467.211s][info][gc,task        ] GC(1463) Using 8 workers of 8 for full compaction
[467.212s][info][gc,start       ] GC(1463) Pause Full (G1 Evacuation Pause)
[467.212s][info][gc,phases,start] GC(1463) Phase 1: Mark live objects
[467.438s][info][gc,phases      ] GC(1463) Phase 1: Mark live objects 226.103ms
[467.438s][info][gc,phases,start] GC(1463) Phase 2: Prepare for compaction
[467.469s][info][gc,phases      ] GC(1463) Phase 2: Prepare for compaction 31.598ms
[467.469s][info][gc,phases,start] GC(1463) Phase 3: Adjust pointers
[467.542s][info][gc,phases      ] GC(1463) Phase 3: Adjust pointers 72.523ms
[467.542s][info][gc,phases,start] GC(1463) Phase 4: Compact heap
[467.566s][info][gc,phases      ] GC(1463) Phase 4: Compact heap 24.193ms
[467.571s][info][gc,heap        ] GC(1463) Eden regions: 0->0(25)
[467.571s][info][gc,heap        ] GC(1463) Survivor regions: 0->0(0)
[467.571s][info][gc,heap        ] GC(1463) Old regions: 494->494
[467.571s][info][gc,heap        ] GC(1463) Archive regions: 2->2
[467.571s][info][gc,heap        ] GC(1463) Humongous regions: 16->16
[467.571s][info][gc,metaspace   ] GC(1463) Metaspace: 44325K(45568K)->44325K(45568K) NonClass: 39087K(39936K)->39087K(39936K) Class: 5238K(5632K)->5238K(5632K)
[467.571s][info][gc             ] GC(1463) Pause Full (G1 Evacuation Pause) 510M->510M(512M) 359.110ms
[467.573s][info][gc,cpu         ] GC(1463) User=2.51s Sys=0.02s Real=0.36s
[467.573s][info][gc,marking     ] GC(1460) Concurrent Mark From Roots 1153.089ms
[467.573s][info][gc,marking     ] GC(1460) Concurrent Mark Abort
[467.573s][info][gc             ] GC(1460) Concurrent Cycle 1153.311ms
[467.573s][info][gc,start       ] GC(1464) Pause Young (Normal) (G1 Evacuation Pause)
[467.573s][info][gc,task        ] GC(1464) Using 8 workers of 8 for evacuation
[467.573s][info][gc,phases      ] GC(1464)   Pre Evacuate Collection Set: 0.1ms
[467.573s][info][gc,phases      ] GC(1464)   Merge Heap Roots: 0.0ms
[467.573s][info][gc,phases      ] GC(1464)   Evacuate Collection Set: 0.2ms
[467.573s][info][gc,phases      ] GC(1464)   Post Evacuate Collection Set: 0.2ms
[467.573s][info][gc,phases      ] GC(1464)   Other: 0.1ms
[467.573s][info][gc,heap        ] GC(1464) Eden regions: 0->0(25)
[467.573s][info][gc,heap        ] GC(1464) Survivor regions: 0->0(0)
[467.573s][info][gc,heap        ] GC(1464) Old regions: 494->494
[467.573s][info][gc,heap        ] GC(1464) Archive regions: 2->2
[467.574s][info][gc,heap        ] GC(1464) Humongous regions: 16->16
[467.574s][info][gc,metaspace   ] GC(1464) Metaspace: 44325K(45568K)->44325K(45568K) NonClass: 39087K(39936K)->39087K(39936K) Class: 5238K(5632K)->5238K(5632K)
[467.574s][info][gc             ] GC(1464) Pause Young (Normal) (G1 Evacuation Pause) 510M->510M(512M) 0.679ms
[467.574s][info][gc,cpu         ] GC(1464) User=0.01s Sys=0.00s Real=0.00s
[467.574s][info][gc,ergo        ] Attempting maximally compacting collection
[467.574s][info][gc,task        ] GC(1465) Using 8 workers of 8 for full compaction
[467.574s][info][gc,start       ] GC(1465) Pause Full (G1 Evacuation Pause)
[467.574s][info][gc,phases,start] GC(1465) Phase 1: Mark live objects
[467.801s][info][gc,phases      ] GC(1465) Phase 1: Mark live objects 227.558ms
[467.801s][info][gc,phases,start] GC(1465) Phase 2: Prepare for compaction
[467.832s][info][gc,phases      ] GC(1465) Phase 2: Prepare for compaction 31.102ms
[467.832s][info][gc,phases,start] GC(1465) Phase 3: Adjust pointers
[467.907s][info][gc,phases      ] GC(1465) Phase 3: Adjust pointers 74.813ms
[467.907s][info][gc,phases,start] GC(1465) Phase 4: Compact heap
[467.932s][info][gc,phases      ] GC(1465) Phase 4: Compact heap 24.244ms
[467.936s][info][gc,heap        ] GC(1465) Eden regions: 0->0(25)
[467.936s][info][gc,heap        ] GC(1465) Survivor regions: 0->0(0)
[467.936s][info][gc,heap        ] GC(1465) Old regions: 494->494
[467.936s][info][gc,heap        ] GC(1465) Archive regions: 2->2
[467.936s][info][gc,heap        ] GC(1465) Humongous regions: 16->16
[467.936s][info][gc,metaspace   ] GC(1465) Metaspace: 44325K(45568K)->44325K(45568K) NonClass: 39087K(39936K)->39087K(39936K) Class: 5238K(5632K)->5238K(5632K)
[467.936s][info][gc             ] GC(1465) Pause Full (G1 Evacuation Pause) 510M->510M(512M) 362.387ms
[467.938s][info][gc,cpu         ] GC(1465) User=2.51s Sys=0.04s Real=0.37s
[467.938s][info][gc,task        ] GC(1466) Using 8 workers of 8 for full compaction
[467.938s][info][gc,start       ] GC(1466) Pause Full (G1 Evacuation Pause)
[467.938s][info][gc,phases,start] GC(1466) Phase 1: Mark live objects
[468.162s][info][gc,phases      ] GC(1466) Phase 1: Mark live objects 224.296ms
[468.162s][info][gc,phases,start] GC(1466) Phase 2: Prepare for compaction
[468.192s][info][gc,phases      ] GC(1466) Phase 2: Prepare for compaction 30.269ms
[468.192s][info][gc,phases,start] GC(1466) Phase 3: Adjust pointers
[468.269s][info][gc,phases      ] GC(1466) Phase 3: Adjust pointers 76.624ms
[468.269s][info][gc,phases,start] GC(1466) Phase 4: Compact heap
[468.295s][info][gc,phases      ] GC(1466) Phase 4: Compact heap 25.572ms
[468.299s][info][gc,heap        ] GC(1466) Eden regions: 0->0(25)
[468.299s][info][gc,heap        ] GC(1466) Survivor regions: 0->0(0)
[468.299s][info][gc,heap        ] GC(1466) Old regions: 494->494
[468.299s][info][gc,heap        ] GC(1466) Archive regions: 2->2
[468.299s][info][gc,heap        ] GC(1466) Humongous regions: 16->16
[468.299s][info][gc,metaspace   ] GC(1466) Metaspace: 44325K(45568K)->44325K(45568K) NonClass: 39087K(39936K)->39087K(39936K) Class: 5238K(5632K)->5238K(5632K)
[468.299s][info][gc             ] GC(1466) Pause Full (G1 Evacuation Pause) 510M->510M(512M) 361.127ms
[468.301s][info][gc,cpu         ] GC(1466) User=2.47s Sys=0.04s Real=0.36s
[468.301s][info][gc,task        ] GC(1467) Using 8 workers of 8 for full compaction
[468.301s][info][gc,start       ] GC(1467) Pause Full (G1 Evacuation Pause)
[468.301s][info][gc,phases,start] GC(1467) Phase 1: Mark live objects
[468.522s][info][gc,phases      ] GC(1467) Phase 1: Mark live objects 221.062ms
[468.522s][info][gc,phases,start] GC(1467) Phase 2: Prepare for compaction
[468.554s][info][gc,phases      ] GC(1467) Phase 2: Prepare for compaction 32.738ms
[468.554s][info][gc,phases,start] GC(1467) Phase 3: Adjust pointers
[468.630s][info][gc,phases      ] GC(1467) Phase 3: Adjust pointers 75.734ms
[468.630s][info][gc,phases,start] GC(1467) Phase 4: Compact heap
[468.657s][info][gc,phases      ] GC(1467) Phase 4: Compact heap 26.510ms
[468.661s][info][gc,heap        ] GC(1467) Eden regions: 0->0(25)
[468.661s][info][gc,heap        ] GC(1467) Survivor regions: 0->0(0)
[468.661s][info][gc,heap        ] GC(1467) Old regions: 494->494
[468.661s][info][gc,heap        ] GC(1467) Archive regions: 2->2
[468.661s][info][gc,heap        ] GC(1467) Humongous regions: 16->16
[468.661s][info][gc,metaspace   ] GC(1467) Metaspace: 44325K(45568K)->44325K(45568K) NonClass: 39087K(39936K)->39087K(39936K) Class: 5238K(5632K)->5238K(5632K)
[468.661s][info][gc             ] GC(1467) Pause Full (G1 Evacuation Pause) 510M->510M(512M) 360.328ms
[468.663s][info][gc,cpu         ] GC(1467) User=2.50s Sys=0.04s Real=0.36s
[468.663s][info][gc,start       ] GC(1468) Pause Young (Concurrent Start) (G1 Evacuation Pause)
[468.663s][info][gc,task        ] GC(1468) Using 8 workers of 8 for evacuation
[468.664s][info][gc,phases      ] GC(1468)   Pre Evacuate Collection Set: 0.1ms
[468.664s][info][gc,phases      ] GC(1468)   Merge Heap Roots: 0.0ms
[468.664s][info][gc,phases      ] GC(1468)   Evacuate Collection Set: 0.5ms
[468.664s][info][gc,phases      ] GC(1468)   Post Evacuate Collection Set: 0.1ms
[468.664s][info][gc,phases      ] GC(1468)   Other: 0.1ms
[468.664s][info][gc,heap        ] GC(1468) Eden regions: 0->0(25)
[468.664s][info][gc,heap        ] GC(1468) Survivor regions: 0->0(0)
[468.664s][info][gc,heap        ] GC(1468) Old regions: 494->494
[468.664s][info][gc,heap        ] GC(1468) Archive regions: 2->2
[468.664s][info][gc,heap        ] GC(1468) Humongous regions: 16->16
[468.664s][info][gc,metaspace   ] GC(1468) Metaspace: 44325K(45568K)->44325K(45568K) NonClass: 39087K(39936K)->39087K(39936K) Class: 5238K(5632K)->5238K(5632K)
[468.664s][info][gc             ] GC(1468) Pause Young (Concurrent Start) (G1 Evacuation Pause) 510M->510M(512M) 0.949ms
[468.664s][info][gc,cpu         ] GC(1468) User=0.00s Sys=0.00s Real=0.00s
[468.664s][info][gc,ergo        ] Attempting maximally compacting collection
[468.664s][info][gc             ] GC(1469) Concurrent Cycle
[468.664s][info][gc,task        ] GC(1470) Using 8 workers of 8 for full compaction
[468.664s][info][gc,marking     ] GC(1469) Concurrent Clear Claimed Marks
[468.664s][info][gc,start       ] GC(1470) Pause Full (G1 Evacuation Pause)
[468.664s][info][gc,marking     ] GC(1469) Concurrent Clear Claimed Marks 0.030ms
[468.664s][info][gc,marking     ] GC(1469) Concurrent Scan Root Regions
[468.664s][info][gc,marking     ] GC(1469) Concurrent Scan Root Regions 0.020ms
[468.664s][info][gc,marking     ] GC(1469) Concurrent Mark (468.664s)
[468.664s][info][gc,marking     ] GC(1469) Concurrent Mark From Roots
[468.664s][info][gc,task        ] GC(1469) Using 2 workers of 2 for marking
[468.664s][info][gc,phases,start] GC(1470) Phase 1: Mark live objects
[468.892s][info][gc,phases      ] GC(1470) Phase 1: Mark live objects 227.497ms
[468.892s][info][gc,phases,start] GC(1470) Phase 2: Prepare for compaction
[468.935s][info][gc,phases      ] GC(1470) Phase 2: Prepare for compaction 42.576ms
[468.935s][info][gc,phases,start] GC(1470) Phase 3: Adjust pointers
[469.008s][info][gc,phases      ] GC(1470) Phase 3: Adjust pointers 73.892ms
[469.009s][info][gc,phases,start] GC(1470) Phase 4: Compact heap
[469.040s][info][gc,phases      ] GC(1470) Phase 4: Compact heap 31.369ms
[469.044s][info][gc,heap        ] GC(1470) Eden regions: 0->0(25)
[469.044s][info][gc,heap        ] GC(1470) Survivor regions: 0->0(0)
[469.044s][info][gc,heap        ] GC(1470) Old regions: 494->494
[469.044s][info][gc,heap        ] GC(1470) Archive regions: 2->2
[469.044s][info][gc,heap        ] GC(1470) Humongous regions: 16->16
[469.044s][info][gc,metaspace   ] GC(1470) Metaspace: 44325K(45568K)->44325K(45568K) NonClass: 39087K(39936K)->39087K(39936K) Class: 5238K(5632K)->5238K(5632K)
[469.044s][info][gc             ] GC(1470) Pause Full (G1 Evacuation Pause) 510M->510M(512M) 380.181ms
[469.046s][info][gc,cpu         ] GC(1470) User=2.60s Sys=0.04s Real=0.39s
[469.046s][info][gc,task        ] GC(1471) Using 8 workers of 8 for full compaction
[469.046s][info][gc,start       ] GC(1471) Pause Full (G1 Evacuation Pause)
[469.046s][info][gc,phases,start] GC(1471) Phase 1: Mark live objects
[469.268s][info][gc,phases      ] GC(1471) Phase 1: Mark live objects 222.229ms
[469.268s][info][gc,phases,start] GC(1471) Phase 2: Prepare for compaction
[469.300s][info][gc,phases      ] GC(1471) Phase 2: Prepare for compaction 32.321ms
[469.300s][info][gc,phases,start] GC(1471) Phase 3: Adjust pointers
[469.374s][info][gc,phases      ] GC(1471) Phase 3: Adjust pointers 73.531ms
[469.374s][info][gc,phases,start] GC(1471) Phase 4: Compact heap
[469.405s][info][gc,phases      ] GC(1471) Phase 4: Compact heap 30.918ms
[469.409s][info][gc,heap        ] GC(1471) Eden regions: 0->0(25)
[469.409s][info][gc,heap        ] GC(1471) Survivor regions: 0->0(0)
[469.409s][info][gc,heap        ] GC(1471) Old regions: 494->494
[469.409s][info][gc,heap        ] GC(1471) Archive regions: 2->2
[469.409s][info][gc,heap        ] GC(1471) Humongous regions: 16->16
[469.409s][info][gc,metaspace   ] GC(1471) Metaspace: 44325K(45568K)->44325K(45568K) NonClass: 39087K(39936K)->39087K(39936K) Class: 5238K(5632K)->5238K(5632K)
[469.409s][info][gc             ] GC(1471) Pause Full (G1 Evacuation Pause) 510M->510M(512M) 363.316ms
[469.411s][info][gc,cpu         ] GC(1471) User=2.47s Sys=0.02s Real=0.36s
[469.411s][info][gc,task        ] GC(1472) Using 8 workers of 8 for full compaction
[469.411s][info][gc,start       ] GC(1472) Pause Full (G1 Evacuation Pause)
[469.411s][info][gc,phases,start] GC(1472) Phase 1: Mark live objects
[469.636s][info][gc,phases      ] GC(1472) Phase 1: Mark live objects 224.972ms
[469.636s][info][gc,phases,start] GC(1472) Phase 2: Prepare for compaction
[469.666s][info][gc,phases      ] GC(1472) Phase 2: Prepare for compaction 29.590ms
[469.666s][info][gc,phases,start] GC(1472) Phase 3: Adjust pointers
[469.740s][info][gc,phases      ] GC(1472) Phase 3: Adjust pointers 74.436ms
[469.740s][info][gc,phases,start] GC(1472) Phase 4: Compact heap
[469.766s][info][gc,phases      ] GC(1472) Phase 4: Compact heap 26.336ms
[469.770s][info][gc,heap        ] GC(1472) Eden regions: 0->0(25)
[469.771s][info][gc,heap        ] GC(1472) Survivor regions: 0->0(0)
[469.771s][info][gc,heap        ] GC(1472) Old regions: 494->494
[469.771s][info][gc,heap        ] GC(1472) Archive regions: 2->2
[469.771s][info][gc,heap        ] GC(1472) Humongous regions: 16->16
[469.771s][info][gc,metaspace   ] GC(1472) Metaspace: 44325K(45568K)->44325K(45568K) NonClass: 39087K(39936K)->39087K(39936K) Class: 5238K(5632K)->5238K(5632K)
[469.771s][info][gc             ] GC(1472) Pause Full (G1 Evacuation Pause) 510M->510M(512M) 359.620ms
[469.772s][info][gc,cpu         ] GC(1472) User=2.48s Sys=0.02s Real=0.36s
[469.772s][info][gc,marking     ] GC(1469) Concurrent Mark From Roots 1108.131ms
[469.772s][info][gc,start       ] GC(1473) Pause Young (Normal) (G1 Evacuation Pause)
[469.772s][info][gc,task        ] GC(1473) Using 8 workers of 8 for evacuation
[469.773s][info][gc,phases      ] GC(1473)   Pre Evacuate Collection Set: 0.1ms
[469.773s][info][gc,phases      ] GC(1473)   Merge Heap Roots: 0.0ms
[469.773s][info][gc,phases      ] GC(1473)   Evacuate Collection Set: 0.2ms
[469.773s][info][gc,phases      ] GC(1473)   Post Evacuate Collection Set: 0.2ms
[469.773s][info][gc,phases      ] GC(1473)   Other: 0.1ms
[469.773s][info][gc,heap        ] GC(1473) Eden regions: 0->0(25)
[469.773s][info][gc,heap        ] GC(1473) Survivor regions: 0->0(0)
[469.773s][info][gc,heap        ] GC(1473) Old regions: 494->494
[469.773s][info][gc,heap        ] GC(1473) Archive regions: 2->2
[469.773s][info][gc,heap        ] GC(1473) Humongous regions: 16->16
[469.773s][info][gc,metaspace   ] GC(1473) Metaspace: 44325K(45568K)->44325K(45568K) NonClass: 39087K(39936K)->39087K(39936K) Class: 5238K(5632K)->5238K(5632K)
[469.773s][info][gc             ] GC(1473) Pause Young (Normal) (G1 Evacuation Pause) 510M->510M(512M) 0.671ms
[469.773s][info][gc,cpu         ] GC(1473) User=0.00s Sys=0.00s Real=0.00s
[469.773s][info][gc,ergo        ] Attempting maximally compacting collection
[469.773s][info][gc,task        ] GC(1474) Using 8 workers of 8 for full compaction
[469.773s][info][gc,start       ] GC(1474) Pause Full (G1 Evacuation Pause)
[469.773s][info][gc,phases,start] GC(1474) Phase 1: Mark live objects
[470.000s][info][gc,phases      ] GC(1474) Phase 1: Mark live objects 226.626ms
[470.000s][info][gc,phases,start] GC(1474) Phase 2: Prepare for compaction
[470.029s][info][gc,phases      ] GC(1474) Phase 2: Prepare for compaction 29.277ms
[470.029s][info][gc,phases,start] GC(1474) Phase 3: Adjust pointers
[470.101s][info][gc,phases      ] GC(1474) Phase 3: Adjust pointers 71.880ms
[470.101s][info][gc,phases,start] GC(1474) Phase 4: Compact heap
[470.126s][info][gc,phases      ] GC(1474) Phase 4: Compact heap 25.307ms
[470.131s][info][gc,heap        ] GC(1474) Eden regions: 0->0(25)
[470.131s][info][gc,heap        ] GC(1474) Survivor regions: 0->0(0)
[470.131s][info][gc,heap        ] GC(1474) Old regions: 494->494
[470.131s][info][gc,heap        ] GC(1474) Archive regions: 2->2
[470.131s][info][gc,heap        ] GC(1474) Humongous regions: 16->16
[470.131s][info][gc,metaspace   ] GC(1474) Metaspace: 44325K(45568K)->44325K(45568K) NonClass: 39087K(39936K)->39087K(39936K) Class: 5238K(5632K)->5238K(5632K)
[470.131s][info][gc             ] GC(1474) Pause Full (G1 Evacuation Pause) 510M->510M(512M) 357.685ms
[470.132s][info][gc,cpu         ] GC(1474) User=2.48s Sys=0.04s Real=0.36s
[470.132s][info][gc,task        ] GC(1475) Using 8 workers of 8 for full compaction
[470.132s][info][gc,start       ] GC(1475) Pause Full (G1 Evacuation Pause)
[470.133s][info][gc,phases,start] GC(1475) Phase 1: Mark live objects
[470.354s][info][gc,phases      ] GC(1475) Phase 1: Mark live objects 221.728ms
[470.354s][info][gc,phases,start] GC(1475) Phase 2: Prepare for compaction
[470.384s][info][gc,phases      ] GC(1475) Phase 2: Prepare for compaction 29.765ms
[470.384s][info][gc,phases,start] GC(1475) Phase 3: Adjust pointers
[470.454s][info][gc,phases      ] GC(1475) Phase 3: Adjust pointers 69.438ms
[470.454s][info][gc,phases,start] GC(1475) Phase 4: Compact heap
[470.482s][info][gc,phases      ] GC(1475) Phase 4: Compact heap 28.587ms
[470.486s][info][gc,heap        ] GC(1475) Eden regions: 0->0(25)
[470.486s][info][gc,heap        ] GC(1475) Survivor regions: 0->0(0)
[470.486s][info][gc,heap        ] GC(1475) Old regions: 494->494
[470.486s][info][gc,heap        ] GC(1475) Archive regions: 2->2
[470.486s][info][gc,heap        ] GC(1475) Humongous regions: 16->16
[470.486s][info][gc,metaspace   ] GC(1475) Metaspace: 44325K(45568K)->44325K(45568K) NonClass: 39087K(39936K)->39087K(39936K) Class: 5238K(5632K)->5238K(5632K)
[470.486s][info][gc             ] GC(1475) Pause Full (G1 Evacuation Pause) 510M->510M(512M) 353.799ms
[470.488s][info][gc,cpu         ] GC(1475) User=2.49s Sys=0.04s Real=0.36s
[470.488s][info][gc,task        ] GC(1476) Using 8 workers of 8 for full compaction
[470.488s][info][gc,start       ] GC(1476) Pause Full (G1 Evacuation Pause)
[470.488s][info][gc,phases,start] GC(1476) Phase 1: Mark live objects
[470.709s][info][gc,phases      ] GC(1476) Phase 1: Mark live objects 220.689ms
[470.709s][info][gc,phases,start] GC(1476) Phase 2: Prepare for compaction
[470.738s][info][gc,phases      ] GC(1476) Phase 2: Prepare for compaction 29.412ms
[470.738s][info][gc,phases,start] GC(1476) Phase 3: Adjust pointers
[470.808s][info][gc,phases      ] GC(1476) Phase 3: Adjust pointers 69.842ms
[470.808s][info][gc,phases,start] GC(1476) Phase 4: Compact heap
[470.836s][info][gc,phases      ] GC(1476) Phase 4: Compact heap 27.898ms
[470.840s][info][gc,heap        ] GC(1476) Eden regions: 0->0(25)
[470.840s][info][gc,heap        ] GC(1476) Survivor regions: 0->0(0)
[470.840s][info][gc,heap        ] GC(1476) Old regions: 494->494
[470.840s][info][gc,heap        ] GC(1476) Archive regions: 2->2
[470.840s][info][gc,heap        ] GC(1476) Humongous regions: 16->16
[470.840s][info][gc,metaspace   ] GC(1476) Metaspace: 44325K(45568K)->44325K(45568K) NonClass: 39087K(39936K)->39087K(39936K) Class: 5238K(5632K)->5238K(5632K)
[470.840s][info][gc             ] GC(1476) Pause Full (G1 Evacuation Pause) 510M->510M(512M) 352.187ms
[470.842s][info][gc,cpu         ] GC(1476) User=2.46s Sys=0.03s Real=0.35s
[470.842s][info][gc,marking     ] GC(1469) Concurrent Mark Abort
[470.842s][info][gc             ] GC(1469) Concurrent Cycle 2178.045ms
[470.842s][info][gc,start       ] GC(1477) Pause Young (Normal) (G1 Evacuation Pause)
[470.842s][info][gc,task        ] GC(1477) Using 8 workers of 8 for evacuation
[470.842s][info][gc,phases      ] GC(1477)   Pre Evacuate Collection Set: 0.1ms
[470.842s][info][gc,phases      ] GC(1477)   Merge Heap Roots: 0.0ms
[470.842s][info][gc,phases      ] GC(1477)   Evacuate Collection Set: 0.2ms
[470.842s][info][gc,phases      ] GC(1477)   Post Evacuate Collection Set: 0.2ms
[470.842s][info][gc,phases      ] GC(1477)   Other: 0.1ms
[470.842s][info][gc,heap        ] GC(1477) Eden regions: 0->0(25)
[470.842s][info][gc,heap        ] GC(1477) Survivor regions: 0->0(0)
[470.843s][info][gc,heap        ] GC(1477) Old regions: 494->494
[470.843s][info][gc,heap        ] GC(1477) Archive regions: 2->2
[470.843s][info][gc,heap        ] GC(1477) Humongous regions: 16->16
[470.843s][info][gc,metaspace   ] GC(1477) Metaspace: 44325K(45568K)->44325K(45568K) NonClass: 39087K(39936K)->39087K(39936K) Class: 5238K(5632K)->5238K(5632K)
[470.843s][info][gc             ] GC(1477) Pause Young (Normal) (G1 Evacuation Pause) 510M->510M(512M) 0.633ms
[470.843s][info][gc,cpu         ] GC(1477) User=0.00s Sys=0.00s Real=0.00s
[470.843s][info][gc,ergo        ] Attempting maximally compacting collection
[470.843s][info][gc,task        ] GC(1478) Using 8 workers of 8 for full compaction
[470.843s][info][gc,start       ] GC(1478) Pause Full (G1 Evacuation Pause)
[470.843s][info][gc,phases,start] GC(1478) Phase 1: Mark live objects
[471.108s][info][gc,phases      ] GC(1478) Phase 1: Mark live objects 265.357ms
[471.108s][info][gc,phases,start] GC(1478) Phase 2: Prepare for compaction
[471.154s][info][gc,phases      ] GC(1478) Phase 2: Prepare for compaction 46.346ms
[471.154s][info][gc,phases,start] GC(1478) Phase 3: Adjust pointers
[471.269s][info][gc,phases      ] GC(1478) Phase 3: Adjust pointers 114.182ms
[471.269s][info][gc,phases,start] GC(1478) Phase 4: Compact heap
[471.301s][info][gc,phases      ] GC(1478) Phase 4: Compact heap 32.174ms
[471.305s][info][gc,heap        ] GC(1478) Eden regions: 0->0(25)
[471.305s][info][gc,heap        ] GC(1478) Survivor regions: 0->0(0)
[471.305s][info][gc,heap        ] GC(1478) Old regions: 494->494
[471.305s][info][gc,heap        ] GC(1478) Archive regions: 2->2
[471.305s][info][gc,heap        ] GC(1478) Humongous regions: 16->16
[471.305s][info][gc,metaspace   ] GC(1478) Metaspace: 44325K(45568K)->44325K(45568K) NonClass: 39087K(39936K)->39087K(39936K) Class: 5238K(5632K)->5238K(5632K)
[471.305s][info][gc             ] GC(1478) Pause Full (G1 Evacuation Pause) 510M->510M(512M) 462.532ms
[471.307s][info][gc,cpu         ] GC(1478) User=2.47s Sys=0.04s Real=0.47s
[471.307s][info][gc,task        ] GC(1479) Using 8 workers of 8 for full compaction
[471.307s][info][gc,start       ] GC(1479) Pause Full (G1 Evacuation Pause)
[471.307s][info][gc,phases,start] GC(1479) Phase 1: Mark live objects
[471.527s][info][gc,phases      ] GC(1479) Phase 1: Mark live objects 219.423ms
[471.527s][info][gc,phases,start] GC(1479) Phase 2: Prepare for compaction
[471.558s][info][gc,phases      ] GC(1479) Phase 2: Prepare for compaction 31.211ms
[471.558s][info][gc,phases,start] GC(1479) Phase 3: Adjust pointers
[471.632s][info][gc,phases      ] GC(1479) Phase 3: Adjust pointers 74.254ms
[471.632s][info][gc,phases,start] GC(1479) Phase 4: Compact heap
[471.661s][info][gc,phases      ] GC(1479) Phase 4: Compact heap 28.882ms
[471.666s][info][gc,heap        ] GC(1479) Eden regions: 0->0(25)
[471.666s][info][gc,heap        ] GC(1479) Survivor regions: 0->0(0)
[471.666s][info][gc,heap        ] GC(1479) Old regions: 494->494
[471.666s][info][gc,heap        ] GC(1479) Archive regions: 2->2
[471.666s][info][gc,heap        ] GC(1479) Humongous regions: 16->16
[471.666s][info][gc,metaspace   ] GC(1479) Metaspace: 44325K(45568K)->44325K(45568K) NonClass: 39087K(39936K)->39087K(39936K) Class: 5238K(5632K)->5238K(5632K)
[471.666s][info][gc             ] GC(1479) Pause Full (G1 Evacuation Pause) 510M->510M(512M) 358.431ms
[471.667s][info][gc,cpu         ] GC(1479) User=2.49s Sys=0.03s Real=0.36s
[471.667s][info][gc,task        ] GC(1480) Using 8 workers of 8 for full compaction
[471.668s][info][gc,start       ] GC(1480) Pause Full (G1 Evacuation Pause)
[471.668s][info][gc,phases,start] GC(1480) Phase 1: Mark live objects
[471.894s][info][gc,phases      ] GC(1480) Phase 1: Mark live objects 226.720ms
[471.894s][info][gc,phases,start] GC(1480) Phase 2: Prepare for compaction
[471.927s][info][gc,phases      ] GC(1480) Phase 2: Prepare for compaction 32.527ms
[471.927s][info][gc,phases,start] GC(1480) Phase 3: Adjust pointers
[472.002s][info][gc,phases      ] GC(1480) Phase 3: Adjust pointers 74.909ms
[472.002s][info][gc,phases,start] GC(1480) Phase 4: Compact heap
[472.028s][info][gc,phases      ] GC(1480) Phase 4: Compact heap 25.749ms
[472.032s][info][gc,heap        ] GC(1480) Eden regions: 0->0(25)
[472.032s][info][gc,heap        ] GC(1480) Survivor regions: 0->0(0)
[472.032s][info][gc,heap        ] GC(1480) Old regions: 494->494
[472.032s][info][gc,heap        ] GC(1480) Archive regions: 2->2
[472.032s][info][gc,heap        ] GC(1480) Humongous regions: 16->16
[472.032s][info][gc,metaspace   ] GC(1480) Metaspace: 44325K(45568K)->44325K(45568K) NonClass: 39087K(39936K)->39087K(39936K) Class: 5238K(5632K)->5238K(5632K)
[472.032s][info][gc             ] GC(1480) Pause Full (G1 Evacuation Pause) 510M->510M(512M) 364.521ms
[472.034s][info][gc,cpu         ] GC(1480) User=2.51s Sys=0.02s Real=0.36s
[472.034s][info][gc,start       ] GC(1481) Pause Young (Concurrent Start) (G1 Evacuation Pause)
[472.034s][info][gc,task        ] GC(1481) Using 8 workers of 8 for evacuation
[472.035s][info][gc,phases      ] GC(1481)   Pre Evacuate Collection Set: 0.1ms
[472.035s][info][gc,phases      ] GC(1481)   Merge Heap Roots: 0.0ms
[472.035s][info][gc,phases      ] GC(1481)   Evacuate Collection Set: 0.6ms
[472.035s][info][gc,phases      ] GC(1481)   Post Evacuate Collection Set: 0.1ms
[472.035s][info][gc,phases      ] GC(1481)   Other: 0.1ms
[472.035s][info][gc,heap        ] GC(1481) Eden regions: 0->0(25)
[472.035s][info][gc,heap        ] GC(1481) Survivor regions: 0->0(0)
[472.035s][info][gc,heap        ] GC(1481) Old regions: 494->494
[472.035s][info][gc,heap        ] GC(1481) Archive regions: 2->2
[472.035s][info][gc,heap        ] GC(1481) Humongous regions: 16->16
[472.035s][info][gc,metaspace   ] GC(1481) Metaspace: 44325K(45568K)->44325K(45568K) NonClass: 39087K(39936K)->39087K(39936K) Class: 5238K(5632K)->5238K(5632K)
[472.035s][info][gc             ] GC(1481) Pause Young (Concurrent Start) (G1 Evacuation Pause) 510M->510M(512M) 1.013ms
[472.035s][info][gc,cpu         ] GC(1481) User=0.00s Sys=0.00s Real=0.00s
[472.035s][info][gc,ergo        ] Attempting maximally compacting collection
[472.035s][info][gc,task        ] GC(1482) Using 8 workers of 8 for full compaction
[472.035s][info][gc,start       ] GC(1482) Pause Full (G1 Evacuation Pause)
[472.035s][info][gc             ] GC(1483) Concurrent Cycle
[472.035s][info][gc,marking     ] GC(1483) Concurrent Clear Claimed Marks
[472.035s][info][gc,marking     ] GC(1483) Concurrent Clear Claimed Marks 0.045ms
[472.035s][info][gc,marking     ] GC(1483) Concurrent Scan Root Regions
[472.035s][info][gc,marking     ] GC(1483) Concurrent Scan Root Regions 0.026ms
[472.035s][info][gc,marking     ] GC(1483) Concurrent Mark (472.035s)
[472.035s][info][gc,marking     ] GC(1483) Concurrent Mark From Roots
[472.035s][info][gc,task        ] GC(1483) Using 2 workers of 2 for marking
[472.035s][info][gc,phases,start] GC(1482) Phase 1: Mark live objects
[472.257s][info][gc,phases      ] GC(1482) Phase 1: Mark live objects 221.789ms
[472.257s][info][gc,phases,start] GC(1482) Phase 2: Prepare for compaction
[472.287s][info][gc,phases      ] GC(1482) Phase 2: Prepare for compaction 30.102ms
[472.287s][info][gc,phases,start] GC(1482) Phase 3: Adjust pointers
[472.359s][info][gc,phases      ] GC(1482) Phase 3: Adjust pointers 71.237ms
[472.359s][info][gc,phases,start] GC(1482) Phase 4: Compact heap
[472.387s][info][gc,phases      ] GC(1482) Phase 4: Compact heap 28.306ms
[472.392s][info][gc,heap        ] GC(1482) Eden regions: 0->0(25)
[472.392s][info][gc,heap        ] GC(1482) Survivor regions: 0->0(0)
[472.392s][info][gc,heap        ] GC(1482) Old regions: 494->494
[472.392s][info][gc,heap        ] GC(1482) Archive regions: 2->2
[472.392s][info][gc,heap        ] GC(1482) Humongous regions: 16->16
[472.392s][info][gc,metaspace   ] GC(1482) Metaspace: 44325K(45568K)->44325K(45568K) NonClass: 39087K(39936K)->39087K(39936K) Class: 5238K(5632K)->5238K(5632K)
[472.392s][info][gc             ] GC(1482) Pause Full (G1 Evacuation Pause) 510M->510M(512M) 356.695ms
[472.393s][info][gc,cpu         ] GC(1482) User=2.49s Sys=0.04s Real=0.36s
[472.393s][info][gc,task        ] GC(1484) Using 8 workers of 8 for full compaction
[472.393s][info][gc,start       ] GC(1484) Pause Full (G1 Evacuation Pause)
[472.393s][info][gc,phases,start] GC(1484) Phase 1: Mark live objects
[472.609s][info][gc,phases      ] GC(1484) Phase 1: Mark live objects 215.629ms
[472.609s][info][gc,phases,start] GC(1484) Phase 2: Prepare for compaction
[472.659s][info][gc,phases      ] GC(1484) Phase 2: Prepare for compaction 50.216ms
[472.659s][info][gc,phases,start] GC(1484) Phase 3: Adjust pointers
[472.730s][info][gc,phases      ] GC(1484) Phase 3: Adjust pointers 70.507ms
[472.730s][info][gc,phases,start] GC(1484) Phase 4: Compact heap
[472.762s][info][gc,phases      ] GC(1484) Phase 4: Compact heap 32.171ms
[472.767s][info][gc,heap        ] GC(1484) Eden regions: 0->0(25)
[472.767s][info][gc,heap        ] GC(1484) Survivor regions: 0->0(0)
[472.767s][info][gc,heap        ] GC(1484) Old regions: 494->494
[472.767s][info][gc,heap        ] GC(1484) Archive regions: 2->2
[472.767s][info][gc,heap        ] GC(1484) Humongous regions: 16->16
[472.767s][info][gc,metaspace   ] GC(1484) Metaspace: 44325K(45568K)->44325K(45568K) NonClass: 39087K(39936K)->39087K(39936K) Class: 5238K(5632K)->5238K(5632K)
[472.767s][info][gc             ] GC(1484) Pause Full (G1 Evacuation Pause) 510M->510M(512M) 373.272ms
[472.768s][info][gc,cpu         ] GC(1484) User=2.59s Sys=0.02s Real=0.38s
[472.768s][info][gc,task        ] GC(1485) Using 8 workers of 8 for full compaction
[472.768s][info][gc,start       ] GC(1485) Pause Full (G1 Evacuation Pause)
[472.768s][info][gc,phases,start] GC(1485) Phase 1: Mark live objects
[472.994s][info][gc,phases      ] GC(1485) Phase 1: Mark live objects 225.672ms
[472.994s][info][gc,phases,start] GC(1485) Phase 2: Prepare for compaction
[473.031s][info][gc,phases      ] GC(1485) Phase 2: Prepare for compaction 36.493ms
[473.031s][info][gc,phases,start] GC(1485) Phase 3: Adjust pointers
[473.103s][info][gc,phases      ] GC(1485) Phase 3: Adjust pointers 71.913ms
[473.103s][info][gc,phases,start] GC(1485) Phase 4: Compact heap
[473.131s][info][gc,phases      ] GC(1485) Phase 4: Compact heap 28.128ms
[473.135s][info][gc,heap        ] GC(1485) Eden regions: 0->0(25)
[473.135s][info][gc,heap        ] GC(1485) Survivor regions: 0->0(0)
[473.135s][info][gc,heap        ] GC(1485) Old regions: 494->494
[473.135s][info][gc,heap        ] GC(1485) Archive regions: 2->2
[473.135s][info][gc,heap        ] GC(1485) Humongous regions: 16->16
[473.135s][info][gc,metaspace   ] GC(1485) Metaspace: 44325K(45568K)->44325K(45568K) NonClass: 39087K(39936K)->39087K(39936K) Class: 5238K(5632K)->5238K(5632K)
[473.135s][info][gc             ] GC(1485) Pause Full (G1 Evacuation Pause) 510M->510M(512M) 366.510ms
[473.136s][info][gc,cpu         ] GC(1485) User=2.51s Sys=0.03s Real=0.37s
[473.136s][info][gc,marking     ] GC(1483) Concurrent Mark From Roots 1101.191ms
[473.136s][info][gc,marking     ] GC(1483) Concurrent Mark Abort
[473.136s][info][gc             ] GC(1483) Concurrent Cycle 1101.417ms
[473.136s][info][gc,start       ] GC(1486) Pause Young (Normal) (G1 Evacuation Pause)
[473.136s][info][gc,task        ] GC(1486) Using 8 workers of 8 for evacuation
[473.137s][info][gc,phases      ] GC(1486)   Pre Evacuate Collection Set: 0.1ms
[473.137s][info][gc,phases      ] GC(1486)   Merge Heap Roots: 0.0ms
[473.137s][info][gc,phases      ] GC(1486)   Evacuate Collection Set: 0.2ms
[473.137s][info][gc,phases      ] GC(1486)   Post Evacuate Collection Set: 0.1ms
[473.137s][info][gc,phases      ] GC(1486)   Other: 0.1ms
[473.137s][info][gc,heap        ] GC(1486) Eden regions: 0->0(25)
[473.137s][info][gc,heap        ] GC(1486) Survivor regions: 0->0(0)
[473.137s][info][gc,heap        ] GC(1486) Old regions: 494->494
[473.137s][info][gc,heap        ] GC(1486) Archive regions: 2->2
[473.137s][info][gc,heap        ] GC(1486) Humongous regions: 16->16
[473.137s][info][gc,metaspace   ] GC(1486) Metaspace: 44325K(45568K)->44325K(45568K) NonClass: 39087K(39936K)->39087K(39936K) Class: 5238K(5632K)->5238K(5632K)
[473.137s][info][gc             ] GC(1486) Pause Young (Normal) (G1 Evacuation Pause) 510M->510M(512M) 0.573ms
[473.137s][info][gc,cpu         ] GC(1486) User=0.00s Sys=0.00s Real=0.00s
[473.137s][info][gc,ergo        ] Attempting maximally compacting collection
[473.137s][info][gc,task        ] GC(1487) Using 8 workers of 8 for full compaction
[473.137s][info][gc,start       ] GC(1487) Pause Full (G1 Evacuation Pause)
[473.137s][info][gc,phases,start] GC(1487) Phase 1: Mark live objects
[473.363s][info][gc,phases      ] GC(1487) Phase 1: Mark live objects 225.683ms
[473.363s][info][gc,phases,start] GC(1487) Phase 2: Prepare for compaction
[473.392s][info][gc,phases      ] GC(1487) Phase 2: Prepare for compaction 28.926ms
[473.392s][info][gc,phases,start] GC(1487) Phase 3: Adjust pointers
[473.465s][info][gc,phases      ] GC(1487) Phase 3: Adjust pointers 73.248ms
[473.465s][info][gc,phases,start] GC(1487) Phase 4: Compact heap
[473.490s][info][gc,phases      ] GC(1487) Phase 4: Compact heap 25.198ms
[473.494s][info][gc,heap        ] GC(1487) Eden regions: 0->0(25)
[473.494s][info][gc,heap        ] GC(1487) Survivor regions: 0->0(0)
[473.495s][info][gc,heap        ] GC(1487) Old regions: 494->494
[473.495s][info][gc,heap        ] GC(1487) Archive regions: 2->2
[473.495s][info][gc,heap        ] GC(1487) Humongous regions: 16->16
[473.495s][info][gc,metaspace   ] GC(1487) Metaspace: 44325K(45568K)->44325K(45568K) NonClass: 39087K(39936K)->39087K(39936K) Class: 5238K(5632K)->5238K(5632K)
[473.495s][info][gc             ] GC(1487) Pause Full (G1 Evacuation Pause) 510M->510M(512M) 357.500ms
[473.496s][info][gc,cpu         ] GC(1487) User=2.49s Sys=0.05s Real=0.36s
[473.497s][info][gc,task        ] GC(1488) Using 8 workers of 8 for full compaction
[473.497s][info][gc,start       ] GC(1488) Pause Full (G1 Evacuation Pause)
[473.497s][info][gc,phases,start] GC(1488) Phase 1: Mark live objects
[473.716s][info][gc,phases      ] GC(1488) Phase 1: Mark live objects 219.898ms
[473.717s][info][gc,phases,start] GC(1488) Phase 2: Prepare for compaction
[473.747s][info][gc,phases      ] GC(1488) Phase 2: Prepare for compaction 29.990ms
[473.747s][info][gc,phases,start] GC(1488) Phase 3: Adjust pointers
[473.817s][info][gc,phases      ] GC(1488) Phase 3: Adjust pointers 70.685ms
[473.817s][info][gc,phases,start] GC(1488) Phase 4: Compact heap
[473.843s][info][gc,phases      ] GC(1488) Phase 4: Compact heap 25.551ms
[473.847s][info][gc,heap        ] GC(1488) Eden regions: 0->0(25)
[473.847s][info][gc,heap        ] GC(1488) Survivor regions: 0->0(0)
[473.847s][info][gc,heap        ] GC(1488) Old regions: 494->494
[473.847s][info][gc,heap        ] GC(1488) Archive regions: 2->2
[473.847s][info][gc,heap        ] GC(1488) Humongous regions: 16->16
[473.847s][info][gc,metaspace   ] GC(1488) Metaspace: 44325K(45568K)->44325K(45568K) NonClass: 39087K(39936K)->39087K(39936K) Class: 5238K(5632K)->5238K(5632K)
[473.847s][info][gc             ] GC(1488) Pause Full (G1 Evacuation Pause) 510M->510M(512M) 350.510ms
[473.848s][info][gc,cpu         ] GC(1488) User=2.46s Sys=0.04s Real=0.35s
[473.848s][info][gc,task        ] GC(1489) Using 8 workers of 8 for full compaction
[473.848s][info][gc,start       ] GC(1489) Pause Full (G1 Evacuation Pause)
[473.848s][info][gc,phases,start] GC(1489) Phase 1: Mark live objects
[474.069s][info][gc,phases      ] GC(1489) Phase 1: Mark live objects 220.316ms
[474.069s][info][gc,phases,start] GC(1489) Phase 2: Prepare for compaction
[474.103s][info][gc,phases      ] GC(1489) Phase 2: Prepare for compaction 34.033ms
[474.103s][info][gc,phases,start] GC(1489) Phase 3: Adjust pointers
[474.178s][info][gc,phases      ] GC(1489) Phase 3: Adjust pointers 74.761ms
[474.178s][info][gc,phases,start] GC(1489) Phase 4: Compact heap
[474.204s][info][gc,phases      ] GC(1489) Phase 4: Compact heap 26.256ms
[474.208s][info][gc,heap        ] GC(1489) Eden regions: 0->0(25)
[474.209s][info][gc,heap        ] GC(1489) Survivor regions: 0->0(0)
[474.209s][info][gc,heap        ] GC(1489) Old regions: 494->494
[474.209s][info][gc,heap        ] GC(1489) Archive regions: 2->2
[474.209s][info][gc,heap        ] GC(1489) Humongous regions: 16->16
[474.209s][info][gc,metaspace   ] GC(1489) Metaspace: 44325K(45568K)->44325K(45568K) NonClass: 39087K(39936K)->39087K(39936K) Class: 5238K(5632K)->5238K(5632K)
[474.209s][info][gc             ] GC(1489) Pause Full (G1 Evacuation Pause) 510M->510M(512M) 360.099ms
[474.210s][info][gc,cpu         ] GC(1489) User=2.53s Sys=0.03s Real=0.36s
[474.210s][info][gc,start       ] GC(1490) Pause Young (Concurrent Start) (G1 Evacuation Pause)
[474.210s][info][gc,task        ] GC(1490) Using 8 workers of 8 for evacuation
[474.211s][info][gc,phases      ] GC(1490)   Pre Evacuate Collection Set: 0.1ms
[474.211s][info][gc,phases      ] GC(1490)   Merge Heap Roots: 0.0ms
[474.211s][info][gc,phases      ] GC(1490)   Evacuate Collection Set: 0.5ms
[474.211s][info][gc,phases      ] GC(1490)   Post Evacuate Collection Set: 0.2ms
[474.211s][info][gc,phases      ] GC(1490)   Other: 0.1ms
[474.211s][info][gc,heap        ] GC(1490) Eden regions: 0->0(25)
[474.211s][info][gc,heap        ] GC(1490) Survivor regions: 0->0(0)
[474.211s][info][gc,heap        ] GC(1490) Old regions: 494->494
[474.211s][info][gc,heap        ] GC(1490) Archive regions: 2->2
[474.211s][info][gc,heap        ] GC(1490) Humongous regions: 16->16
[474.211s][info][gc,metaspace   ] GC(1490) Metaspace: 44325K(45568K)->44325K(45568K) NonClass: 39087K(39936K)->39087K(39936K) Class: 5238K(5632K)->5238K(5632K)
[474.211s][info][gc             ] GC(1490) Pause Young (Concurrent Start) (G1 Evacuation Pause) 510M->510M(512M) 0.975ms
[474.211s][info][gc,cpu         ] GC(1490) User=0.00s Sys=0.00s Real=0.00s
[474.211s][info][gc,ergo        ] Attempting maximally compacting collection
[474.211s][info][gc,task        ] GC(1491) Using 8 workers of 8 for full compaction
[474.211s][info][gc,start       ] GC(1491) Pause Full (G1 Evacuation Pause)
[474.211s][info][gc             ] GC(1492) Concurrent Cycle
[474.211s][info][gc,marking     ] GC(1492) Concurrent Clear Claimed Marks
[474.211s][info][gc,marking     ] GC(1492) Concurrent Clear Claimed Marks 0.043ms
[474.211s][info][gc,marking     ] GC(1492) Concurrent Scan Root Regions
[474.211s][info][gc,marking     ] GC(1492) Concurrent Scan Root Regions 0.024ms
[474.211s][info][gc,marking     ] GC(1492) Concurrent Mark (474.211s)
[474.211s][info][gc,marking     ] GC(1492) Concurrent Mark From Roots
[474.211s][info][gc,task        ] GC(1492) Using 2 workers of 2 for marking
[474.212s][info][gc,phases,start] GC(1491) Phase 1: Mark live objects
[474.436s][info][gc,phases      ] GC(1491) Phase 1: Mark live objects 224.111ms
[474.436s][info][gc,phases,start] GC(1491) Phase 2: Prepare for compaction
[474.475s][info][gc,phases      ] GC(1491) Phase 2: Prepare for compaction 38.860ms
[474.475s][info][gc,phases,start] GC(1491) Phase 3: Adjust pointers
[474.545s][info][gc,phases      ] GC(1491) Phase 3: Adjust pointers 70.512ms
[474.545s][info][gc,phases,start] GC(1491) Phase 4: Compact heap
[474.573s][info][gc,phases      ] GC(1491) Phase 4: Compact heap 27.144ms
[474.577s][info][gc,heap        ] GC(1491) Eden regions: 0->0(25)
[474.577s][info][gc,heap        ] GC(1491) Survivor regions: 0->0(0)
[474.577s][info][gc,heap        ] GC(1491) Old regions: 494->494
[474.577s][info][gc,heap        ] GC(1491) Archive regions: 2->2
[474.577s][info][gc,heap        ] GC(1491) Humongous regions: 16->16
[474.577s][info][gc,metaspace   ] GC(1491) Metaspace: 44325K(45568K)->44325K(45568K) NonClass: 39087K(39936K)->39087K(39936K) Class: 5238K(5632K)->5238K(5632K)
[474.577s][info][gc             ] GC(1491) Pause Full (G1 Evacuation Pause) 510M->510M(512M) 365.552ms
[474.578s][info][gc,cpu         ] GC(1491) User=2.51s Sys=0.01s Real=0.37s
[474.578s][info][gc,task        ] GC(1493) Using 8 workers of 8 for full compaction
[474.578s][info][gc,start       ] GC(1493) Pause Full (G1 Evacuation Pause)
[474.578s][info][gc,phases,start] GC(1493) Phase 1: Mark live objects
[474.805s][info][gc,phases      ] GC(1493) Phase 1: Mark live objects 226.351ms
[474.805s][info][gc,phases,start] GC(1493) Phase 2: Prepare for compaction
[474.834s][info][gc,phases      ] GC(1493) Phase 2: Prepare for compaction 29.357ms
[474.834s][info][gc,phases,start] GC(1493) Phase 3: Adjust pointers
[474.909s][info][gc,phases      ] GC(1493) Phase 3: Adjust pointers 75.077ms
[474.909s][info][gc,phases,start] GC(1493) Phase 4: Compact heap
[474.937s][info][gc,phases      ] GC(1493) Phase 4: Compact heap 27.312ms
[474.941s][info][gc,heap        ] GC(1493) Eden regions: 0->0(25)
[474.941s][info][gc,heap        ] GC(1493) Survivor regions: 0->0(0)
[474.941s][info][gc,heap        ] GC(1493) Old regions: 494->494
[474.941s][info][gc,heap        ] GC(1493) Archive regions: 2->2
[474.941s][info][gc,heap        ] GC(1493) Humongous regions: 16->16
[474.941s][info][gc,metaspace   ] GC(1493) Metaspace: 44325K(45568K)->44325K(45568K) NonClass: 39087K(39936K)->39087K(39936K) Class: 5238K(5632K)->5238K(5632K)
[474.941s][info][gc             ] GC(1493) Pause Full (G1 Evacuation Pause) 510M->510M(512M) 362.443ms
[474.943s][info][gc,cpu         ] GC(1493) User=2.50s Sys=0.05s Real=0.36s
[474.943s][info][gc,task        ] GC(1494) Using 8 workers of 8 for full compaction
[474.943s][info][gc,start       ] GC(1494) Pause Full (G1 Evacuation Pause)
[474.943s][info][gc,phases,start] GC(1494) Phase 1: Mark live objects
[475.163s][info][gc,phases      ] GC(1494) Phase 1: Mark live objects 220.629ms
[475.163s][info][gc,phases,start] GC(1494) Phase 2: Prepare for compaction
[475.193s][info][gc,phases      ] GC(1494) Phase 2: Prepare for compaction 29.742ms
[475.193s][info][gc,phases,start] GC(1494) Phase 3: Adjust pointers
[475.266s][info][gc,phases      ] GC(1494) Phase 3: Adjust pointers 72.600ms
[475.266s][info][gc,phases,start] GC(1494) Phase 4: Compact heap
[475.290s][info][gc,phases      ] GC(1494) Phase 4: Compact heap 24.412ms
[475.294s][info][gc,heap        ] GC(1494) Eden regions: 0->0(25)
[475.294s][info][gc,heap        ] GC(1494) Survivor regions: 0->0(0)
[475.294s][info][gc,heap        ] GC(1494) Old regions: 494->494
[475.294s][info][gc,heap        ] GC(1494) Archive regions: 2->2
[475.294s][info][gc,heap        ] GC(1494) Humongous regions: 16->16
[475.294s][info][gc,metaspace   ] GC(1494) Metaspace: 44325K(45568K)->44325K(45568K) NonClass: 39087K(39936K)->39087K(39936K) Class: 5238K(5632K)->5238K(5632K)
[475.294s][info][gc             ] GC(1494) Pause Full (G1 Evacuation Pause) 510M->510M(512M) 351.727ms
[475.296s][info][gc,cpu         ] GC(1494) User=2.48s Sys=0.04s Real=0.36s
[475.296s][info][gc,marking     ] GC(1492) Concurrent Mark From Roots 1084.838ms
[475.296s][info][gc,start       ] GC(1495) Pause Young (Normal) (G1 Evacuation Pause)
[475.296s][info][gc,task        ] GC(1495) Using 8 workers of 8 for evacuation
[475.297s][info][gc,phases      ] GC(1495)   Pre Evacuate Collection Set: 0.1ms
[475.297s][info][gc,phases      ] GC(1495)   Merge Heap Roots: 0.0ms
[475.297s][info][gc,phases      ] GC(1495)   Evacuate Collection Set: 0.2ms
[475.297s][info][gc,phases      ] GC(1495)   Post Evacuate Collection Set: 0.2ms
[475.297s][info][gc,phases      ] GC(1495)   Other: 0.1ms
[475.297s][info][gc,heap        ] GC(1495) Eden regions: 0->0(25)
[475.297s][info][gc,heap        ] GC(1495) Survivor regions: 0->0(0)
[475.297s][info][gc,heap        ] GC(1495) Old regions: 494->494
[475.297s][info][gc,heap        ] GC(1495) Archive regions: 2->2
[475.297s][info][gc,heap        ] GC(1495) Humongous regions: 16->16
[475.297s][info][gc,metaspace   ] GC(1495) Metaspace: 44325K(45568K)->44325K(45568K) NonClass: 39087K(39936K)->39087K(39936K) Class: 5238K(5632K)->5238K(5632K)
[475.297s][info][gc             ] GC(1495) Pause Young (Normal) (G1 Evacuation Pause) 510M->510M(512M) 0.619ms
[475.297s][info][gc,cpu         ] GC(1495) User=0.00s Sys=0.00s Real=0.00s
[475.297s][info][gc,ergo        ] Attempting maximally compacting collection
[475.297s][info][gc,task        ] GC(1496) Using 8 workers of 8 for full compaction
[475.297s][info][gc,start       ] GC(1496) Pause Full (G1 Evacuation Pause)
[475.297s][info][gc,phases,start] GC(1496) Phase 1: Mark live objects
[475.518s][info][gc,phases      ] GC(1496) Phase 1: Mark live objects 220.824ms
[475.518s][info][gc,phases,start] GC(1496) Phase 2: Prepare for compaction
[475.548s][info][gc,phases      ] GC(1496) Phase 2: Prepare for compaction 30.326ms
[475.548s][info][gc,phases,start] GC(1496) Phase 3: Adjust pointers
[475.624s][info][gc,phases      ] GC(1496) Phase 3: Adjust pointers 75.453ms
[475.624s][info][gc,phases,start] GC(1496) Phase 4: Compact heap
[475.649s][info][gc,phases      ] GC(1496) Phase 4: Compact heap 25.302ms
[475.653s][info][gc,heap        ] GC(1496) Eden regions: 0->0(25)
[475.653s][info][gc,heap        ] GC(1496) Survivor regions: 0->0(0)
[475.653s][info][gc,heap        ] GC(1496) Old regions: 494->494
[475.653s][info][gc,heap        ] GC(1496) Archive regions: 2->2
[475.653s][info][gc,heap        ] GC(1496) Humongous regions: 16->16
[475.653s][info][gc,metaspace   ] GC(1496) Metaspace: 44325K(45568K)->44325K(45568K) NonClass: 39087K(39936K)->39087K(39936K) Class: 5238K(5632K)->5238K(5632K)
[475.653s][info][gc             ] GC(1496) Pause Full (G1 Evacuation Pause) 510M->510M(512M) 356.392ms
[475.655s][info][gc,cpu         ] GC(1496) User=2.50s Sys=0.03s Real=0.35s
[475.655s][info][gc,task        ] GC(1497) Using 8 workers of 8 for full compaction
[475.655s][info][gc,start       ] GC(1497) Pause Full (G1 Evacuation Pause)
[475.655s][info][gc,phases,start] GC(1497) Phase 1: Mark live objects
[475.879s][info][gc,phases      ] GC(1497) Phase 1: Mark live objects 223.688ms
[475.879s][info][gc,phases,start] GC(1497) Phase 2: Prepare for compaction
[475.911s][info][gc,phases      ] GC(1497) Phase 2: Prepare for compaction 31.883ms
[475.911s][info][gc,phases,start] GC(1497) Phase 3: Adjust pointers
[475.990s][info][gc,phases      ] GC(1497) Phase 3: Adjust pointers 78.952ms
[475.990s][info][gc,phases,start] GC(1497) Phase 4: Compact heap
[476.026s][info][gc,phases      ] GC(1497) Phase 4: Compact heap 36.609ms
[476.030s][info][gc,heap        ] GC(1497) Eden regions: 0->0(25)
[476.031s][info][gc,heap        ] GC(1497) Survivor regions: 0->0(0)
[476.031s][info][gc,heap        ] GC(1497) Old regions: 494->494
[476.031s][info][gc,heap        ] GC(1497) Archive regions: 2->2
[476.031s][info][gc,heap        ] GC(1497) Humongous regions: 16->16
[476.031s][info][gc,metaspace   ] GC(1497) Metaspace: 44325K(45568K)->44325K(45568K) NonClass: 39087K(39936K)->39087K(39936K) Class: 5238K(5632K)->5238K(5632K)
[476.031s][info][gc             ] GC(1497) Pause Full (G1 Evacuation Pause) 510M->510M(512M) 375.758ms
[476.033s][info][gc,cpu         ] GC(1497) User=2.48s Sys=0.03s Real=0.38s
[476.033s][info][gc,task        ] GC(1498) Using 8 workers of 8 for full compaction
[476.033s][info][gc,start       ] GC(1498) Pause Full (G1 Evacuation Pause)
[476.033s][info][gc,phases,start] GC(1498) Phase 1: Mark live objects
[476.341s][info][gc,phases      ] GC(1498) Phase 1: Mark live objects 308.037ms
[476.341s][info][gc,phases,start] GC(1498) Phase 2: Prepare for compaction
[476.371s][info][gc,phases      ] GC(1498) Phase 2: Prepare for compaction 30.289ms
[476.371s][info][gc,phases,start] GC(1498) Phase 3: Adjust pointers
[476.442s][info][gc,phases      ] GC(1498) Phase 3: Adjust pointers 71.134ms
[476.442s][info][gc,phases,start] GC(1498) Phase 4: Compact heap
[476.471s][info][gc,phases      ] GC(1498) Phase 4: Compact heap 29.178ms
[476.476s][info][gc,heap        ] GC(1498) Eden regions: 0->0(25)
[476.477s][info][gc,heap        ] GC(1498) Survivor regions: 0->0(0)
[476.477s][info][gc,heap        ] GC(1498) Old regions: 494->494
[476.477s][info][gc,heap        ] GC(1498) Archive regions: 2->2
[476.477s][info][gc,heap        ] GC(1498) Humongous regions: 16->16
[476.477s][info][gc,metaspace   ] GC(1498) Metaspace: 44325K(45568K)->44325K(45568K) NonClass: 39087K(39936K)->39087K(39936K) Class: 5238K(5632K)->5238K(5632K)
[476.477s][info][gc             ] GC(1498) Pause Full (G1 Evacuation Pause) 510M->510M(512M) 444.019ms
[476.479s][info][gc,cpu         ] GC(1498) User=2.46s Sys=0.05s Real=0.45s
[476.479s][info][gc,marking     ] GC(1492) Concurrent Mark Abort
[476.479s][info][gc             ] GC(1492) Concurrent Cycle 2268.287ms
[476.480s][info][gc,start       ] GC(1499) Pause Young (Normal) (G1 Evacuation Pause)
[476.480s][info][gc,task        ] GC(1499) Using 8 workers of 8 for evacuation
[476.480s][info][gc,phases      ] GC(1499)   Pre Evacuate Collection Set: 0.1ms
[476.480s][info][gc,phases      ] GC(1499)   Merge Heap Roots: 0.0ms
[476.480s][info][gc,phases      ] GC(1499)   Evacuate Collection Set: 0.2ms
[476.480s][info][gc,phases      ] GC(1499)   Post Evacuate Collection Set: 0.3ms
[476.480s][info][gc,phases      ] GC(1499)   Other: 0.1ms
[476.480s][info][gc,heap        ] GC(1499) Eden regions: 0->0(25)
[476.480s][info][gc,heap        ] GC(1499) Survivor regions: 0->0(0)
[476.480s][info][gc,heap        ] GC(1499) Old regions: 494->494
[476.480s][info][gc,heap        ] GC(1499) Archive regions: 2->2
[476.480s][info][gc,heap        ] GC(1499) Humongous regions: 16->16
[476.480s][info][gc,metaspace   ] GC(1499) Metaspace: 44325K(45568K)->44325K(45568K) NonClass: 39087K(39936K)->39087K(39936K) Class: 5238K(5632K)->5238K(5632K)
[476.480s][info][gc             ] GC(1499) Pause Young (Normal) (G1 Evacuation Pause) 510M->510M(512M) 0.811ms
[476.480s][info][gc,cpu         ] GC(1499) User=0.01s Sys=0.00s Real=0.00s
[476.480s][info][gc,ergo        ] Attempting maximally compacting collection
[476.480s][info][gc,task        ] GC(1500) Using 8 workers of 8 for full compaction
[476.480s][info][gc,start       ] GC(1500) Pause Full (G1 Evacuation Pause)
[476.480s][info][gc,phases,start] GC(1500) Phase 1: Mark live objects
[476.716s][info][gc,phases      ] GC(1500) Phase 1: Mark live objects 235.077ms
[476.716s][info][gc,phases,start] GC(1500) Phase 2: Prepare for compaction
[476.745s][info][gc,phases      ] GC(1500) Phase 2: Prepare for compaction 29.420ms
[476.745s][info][gc,phases,start] GC(1500) Phase 3: Adjust pointers
[476.819s][info][gc,phases      ] GC(1500) Phase 3: Adjust pointers 73.933ms
[476.819s][info][gc,phases,start] GC(1500) Phase 4: Compact heap
[476.848s][info][gc,phases      ] GC(1500) Phase 4: Compact heap 29.081ms
[476.852s][info][gc,heap        ] GC(1500) Eden regions: 0->0(25)
[476.852s][info][gc,heap        ] GC(1500) Survivor regions: 0->0(0)
[476.852s][info][gc,heap        ] GC(1500) Old regions: 494->494
[476.852s][info][gc,heap        ] GC(1500) Archive regions: 2->2
[476.852s][info][gc,heap        ] GC(1500) Humongous regions: 16->16
[476.852s][info][gc,metaspace   ] GC(1500) Metaspace: 44325K(45568K)->44325K(45568K) NonClass: 39087K(39936K)->39087K(39936K) Class: 5238K(5632K)->5238K(5632K)
[476.852s][info][gc             ] GC(1500) Pause Full (G1 Evacuation Pause) 510M->510M(512M) 371.951ms
[476.854s][info][gc,cpu         ] GC(1500) User=2.49s Sys=0.05s Real=0.37s
[476.854s][info][gc,task        ] GC(1501) Using 8 workers of 8 for full compaction
[476.854s][info][gc,start       ] GC(1501) Pause Full (G1 Evacuation Pause)
[476.854s][info][gc,phases,start] GC(1501) Phase 1: Mark live objects
[477.078s][info][gc,phases      ] GC(1501) Phase 1: Mark live objects 223.706ms
[477.078s][info][gc,phases,start] GC(1501) Phase 2: Prepare for compaction
[477.114s][info][gc,phases      ] GC(1501) Phase 2: Prepare for compaction 36.337ms
[477.114s][info][gc,phases,start] GC(1501) Phase 3: Adjust pointers
[477.189s][info][gc,phases      ] GC(1501) Phase 3: Adjust pointers 74.329ms
[477.189s][info][gc,phases,start] GC(1501) Phase 4: Compact heap
[477.215s][info][gc,phases      ] GC(1501) Phase 4: Compact heap 26.337ms
[477.219s][info][gc,heap        ] GC(1501) Eden regions: 0->0(25)
[477.219s][info][gc,heap        ] GC(1501) Survivor regions: 0->0(0)
[477.219s][info][gc,heap        ] GC(1501) Old regions: 494->494
[477.219s][info][gc,heap        ] GC(1501) Archive regions: 2->2
[477.219s][info][gc,heap        ] GC(1501) Humongous regions: 16->16
[477.219s][info][gc,metaspace   ] GC(1501) Metaspace: 44325K(45568K)->44325K(45568K) NonClass: 39087K(39936K)->39087K(39936K) Class: 5238K(5632K)->5238K(5632K)
[477.219s][info][gc             ] GC(1501) Pause Full (G1 Evacuation Pause) 510M->510M(512M) 365.007ms
[477.221s][info][gc,cpu         ] GC(1501) User=2.53s Sys=0.03s Real=0.37s
[477.221s][info][gc,task        ] GC(1502) Using 8 workers of 8 for full compaction
[477.221s][info][gc,start       ] GC(1502) Pause Full (G1 Evacuation Pause)
[477.221s][info][gc,phases,start] GC(1502) Phase 1: Mark live objects
[477.508s][info][gc,phases      ] GC(1502) Phase 1: Mark live objects 287.121ms
[477.508s][info][gc,phases,start] GC(1502) Phase 2: Prepare for compaction
[477.551s][info][gc,phases      ] GC(1502) Phase 2: Prepare for compaction 42.411ms
[477.551s][info][gc,phases,start] GC(1502) Phase 3: Adjust pointers
[477.659s][info][gc,phases      ] GC(1502) Phase 3: Adjust pointers 108.400ms
[477.659s][info][gc,phases,start] GC(1502) Phase 4: Compact heap
[477.697s][info][gc,phases      ] GC(1502) Phase 4: Compact heap 37.398ms
[477.701s][info][gc,heap        ] GC(1502) Eden regions: 0->0(25)
[477.701s][info][gc,heap        ] GC(1502) Survivor regions: 0->0(0)
[477.701s][info][gc,heap        ] GC(1502) Old regions: 494->494
[477.701s][info][gc,heap        ] GC(1502) Archive regions: 2->2
[477.701s][info][gc,heap        ] GC(1502) Humongous regions: 16->16
[477.701s][info][gc,metaspace   ] GC(1502) Metaspace: 44325K(45568K)->44325K(45568K) NonClass: 39087K(39936K)->39087K(39936K) Class: 5238K(5632K)->5238K(5632K)
[477.701s][info][gc             ] GC(1502) Pause Full (G1 Evacuation Pause) 510M->510M(512M) 480.427ms
[477.703s][info][gc,cpu         ] GC(1502) User=2.55s Sys=0.04s Real=0.48s
[477.703s][info][gc,start       ] GC(1503) Pause Young (Concurrent Start) (G1 Evacuation Pause)
[477.704s][info][gc,task        ] GC(1503) Using 8 workers of 8 for evacuation
[477.704s][info][gc,phases      ] GC(1503)   Pre Evacuate Collection Set: 0.1ms
[477.704s][info][gc,phases      ] GC(1503)   Merge Heap Roots: 0.0ms
[477.704s][info][gc,phases      ] GC(1503)   Evacuate Collection Set: 0.6ms
[477.705s][info][gc,phases      ] GC(1503)   Post Evacuate Collection Set: 0.2ms
[477.705s][info][gc,phases      ] GC(1503)   Other: 0.1ms
[477.705s][info][gc,heap        ] GC(1503) Eden regions: 0->0(25)
[477.705s][info][gc,heap        ] GC(1503) Survivor regions: 0->0(0)
[477.705s][info][gc,heap        ] GC(1503) Old regions: 494->494
[477.705s][info][gc,heap        ] GC(1503) Archive regions: 2->2
[477.705s][info][gc,heap        ] GC(1503) Humongous regions: 16->16
[477.705s][info][gc,metaspace   ] GC(1503) Metaspace: 44325K(45568K)->44325K(45568K) NonClass: 39087K(39936K)->39087K(39936K) Class: 5238K(5632K)->5238K(5632K)
[477.705s][info][gc             ] GC(1503) Pause Young (Concurrent Start) (G1 Evacuation Pause) 510M->510M(512M) 1.095ms
[477.705s][info][gc,cpu         ] GC(1503) User=0.00s Sys=0.00s Real=0.00s
[477.705s][info][gc,ergo        ] Attempting maximally compacting collection
[477.705s][info][gc,task        ] GC(1504) Using 8 workers of 8 for full compaction
[477.705s][info][gc,start       ] GC(1504) Pause Full (G1 Evacuation Pause)
[477.705s][info][gc             ] GC(1505) Concurrent Cycle
[477.705s][info][gc,marking     ] GC(1505) Concurrent Clear Claimed Marks
[477.705s][info][gc,marking     ] GC(1505) Concurrent Clear Claimed Marks 0.055ms
[477.705s][info][gc,marking     ] GC(1505) Concurrent Scan Root Regions
[477.705s][info][gc,marking     ] GC(1505) Concurrent Scan Root Regions 0.022ms
[477.705s][info][gc,marking     ] GC(1505) Concurrent Mark (477.705s)
[477.705s][info][gc,marking     ] GC(1505) Concurrent Mark From Roots
[477.705s][info][gc,task        ] GC(1505) Using 2 workers of 2 for marking
[477.705s][info][gc,phases,start] GC(1504) Phase 1: Mark live objects
[477.961s][info][gc,phases      ] GC(1504) Phase 1: Mark live objects 255.512ms
[477.961s][info][gc,phases,start] GC(1504) Phase 2: Prepare for compaction
[477.992s][info][gc,phases      ] GC(1504) Phase 2: Prepare for compaction 31.522ms
[477.992s][info][gc,phases,start] GC(1504) Phase 3: Adjust pointers
[478.068s][info][gc,phases      ] GC(1504) Phase 3: Adjust pointers 76.063ms
[478.069s][info][gc,phases,start] GC(1504) Phase 4: Compact heap
[478.098s][info][gc,phases      ] GC(1504) Phase 4: Compact heap 29.311ms
[478.102s][info][gc,heap        ] GC(1504) Eden regions: 0->0(25)
[478.102s][info][gc,heap        ] GC(1504) Survivor regions: 0->0(0)
[478.102s][info][gc,heap        ] GC(1504) Old regions: 494->494
[478.102s][info][gc,heap        ] GC(1504) Archive regions: 2->2
[478.102s][info][gc,heap        ] GC(1504) Humongous regions: 16->16
[478.102s][info][gc,metaspace   ] GC(1504) Metaspace: 44325K(45568K)->44325K(45568K) NonClass: 39087K(39936K)->39087K(39936K) Class: 5238K(5632K)->5238K(5632K)
[478.102s][info][gc             ] GC(1504) Pause Full (G1 Evacuation Pause) 510M->510M(512M) 397.457ms
[478.104s][info][gc,cpu         ] GC(1504) User=2.55s Sys=0.02s Real=0.40s
[478.104s][info][gc,task        ] GC(1506) Using 8 workers of 8 for full compaction
[478.104s][info][gc,start       ] GC(1506) Pause Full (G1 Evacuation Pause)
[478.104s][info][gc,phases,start] GC(1506) Phase 1: Mark live objects
[478.342s][info][gc,phases      ] GC(1506) Phase 1: Mark live objects 237.789ms
[478.342s][info][gc,phases,start] GC(1506) Phase 2: Prepare for compaction
[478.373s][info][gc,phases      ] GC(1506) Phase 2: Prepare for compaction 30.687ms
[478.373s][info][gc,phases,start] GC(1506) Phase 3: Adjust pointers
[478.453s][info][gc,phases      ] GC(1506) Phase 3: Adjust pointers 79.986ms
[478.453s][info][gc,phases,start] GC(1506) Phase 4: Compact heap
[478.479s][info][gc,phases      ] GC(1506) Phase 4: Compact heap 26.099ms
[478.483s][info][gc,heap        ] GC(1506) Eden regions: 0->0(25)
[478.483s][info][gc,heap        ] GC(1506) Survivor regions: 0->0(0)
[478.483s][info][gc,heap        ] GC(1506) Old regions: 494->494
[478.483s][info][gc,heap        ] GC(1506) Archive regions: 2->2
[478.484s][info][gc,heap        ] GC(1506) Humongous regions: 16->16
[478.484s][info][gc,metaspace   ] GC(1506) Metaspace: 44325K(45568K)->44325K(45568K) NonClass: 39087K(39936K)->39087K(39936K) Class: 5238K(5632K)->5238K(5632K)
[478.484s][info][gc             ] GC(1506) Pause Full (G1 Evacuation Pause) 510M->510M(512M) 379.367ms
[478.485s][info][gc,cpu         ] GC(1506) User=2.54s Sys=0.04s Real=0.38s
[478.485s][info][gc,task        ] GC(1507) Using 8 workers of 8 for full compaction
[478.485s][info][gc,start       ] GC(1507) Pause Full (G1 Evacuation Pause)
[478.485s][info][gc,phases,start] GC(1507) Phase 1: Mark live objects
[478.711s][info][gc,phases      ] GC(1507) Phase 1: Mark live objects 226.092ms
[478.711s][info][gc,phases,start] GC(1507) Phase 2: Prepare for compaction
[478.742s][info][gc,phases      ] GC(1507) Phase 2: Prepare for compaction 31.302ms
[478.742s][info][gc,phases,start] GC(1507) Phase 3: Adjust pointers
[478.816s][info][gc,phases      ] GC(1507) Phase 3: Adjust pointers 74.099ms
[478.817s][info][gc,phases,start] GC(1507) Phase 4: Compact heap
[478.846s][info][gc,phases      ] GC(1507) Phase 4: Compact heap 29.023ms
[478.850s][info][gc,heap        ] GC(1507) Eden regions: 0->0(25)
[478.850s][info][gc,heap        ] GC(1507) Survivor regions: 0->0(0)
[478.850s][info][gc,heap        ] GC(1507) Old regions: 494->494
[478.850s][info][gc,heap        ] GC(1507) Archive regions: 2->2
[478.850s][info][gc,heap        ] GC(1507) Humongous regions: 16->16
[478.850s][info][gc,metaspace   ] GC(1507) Metaspace: 44325K(45568K)->44325K(45568K) NonClass: 39087K(39936K)->39087K(39936K) Class: 5238K(5632K)->5238K(5632K)
[478.850s][info][gc             ] GC(1507) Pause Full (G1 Evacuation Pause) 510M->510M(512M) 364.836ms
[478.851s][info][gc,cpu         ] GC(1507) User=2.48s Sys=0.03s Real=0.37s
[478.851s][info][gc,marking     ] GC(1505) Concurrent Mark From Roots 1146.586ms
[478.852s][info][gc,start       ] GC(1508) Pause Young (Normal) (G1 Evacuation Pause)
[478.852s][info][gc,task        ] GC(1508) Using 8 workers of 8 for evacuation
[478.852s][info][gc,phases      ] GC(1508)   Pre Evacuate Collection Set: 0.1ms
[478.852s][info][gc,phases      ] GC(1508)   Merge Heap Roots: 0.0ms
[478.852s][info][gc,phases      ] GC(1508)   Evacuate Collection Set: 0.2ms
[478.852s][info][gc,phases      ] GC(1508)   Post Evacuate Collection Set: 0.2ms
[478.852s][info][gc,phases      ] GC(1508)   Other: 0.1ms
[478.852s][info][gc,heap        ] GC(1508) Eden regions: 0->0(25)
[478.852s][info][gc,heap        ] GC(1508) Survivor regions: 0->0(0)
[478.852s][info][gc,heap        ] GC(1508) Old regions: 494->494
[478.852s][info][gc,heap        ] GC(1508) Archive regions: 2->2
[478.852s][info][gc,heap        ] GC(1508) Humongous regions: 16->16
[478.852s][info][gc,metaspace   ] GC(1508) Metaspace: 44325K(45568K)->44325K(45568K) NonClass: 39087K(39936K)->39087K(39936K) Class: 5238K(5632K)->5238K(5632K)
[478.852s][info][gc             ] GC(1508) Pause Young (Normal) (G1 Evacuation Pause) 510M->510M(512M) 0.650ms
[478.852s][info][gc,cpu         ] GC(1508) User=0.00s Sys=0.00s Real=0.00s
[478.852s][info][gc,ergo        ] Attempting maximally compacting collection
[478.852s][info][gc,task        ] GC(1509) Using 8 workers of 8 for full compaction
[478.852s][info][gc,start       ] GC(1509) Pause Full (G1 Evacuation Pause)
[478.852s][info][gc,phases,start] GC(1509) Phase 1: Mark live objects
[479.088s][info][gc,phases      ] GC(1509) Phase 1: Mark live objects 235.440ms
[479.088s][info][gc,phases,start] GC(1509) Phase 2: Prepare for compaction
[479.123s][info][gc,phases      ] GC(1509) Phase 2: Prepare for compaction 35.075ms
[479.123s][info][gc,phases,start] GC(1509) Phase 3: Adjust pointers
[479.200s][info][gc,phases      ] GC(1509) Phase 3: Adjust pointers 76.785ms
[479.200s][info][gc,phases,start] GC(1509) Phase 4: Compact heap
[479.231s][info][gc,phases      ] GC(1509) Phase 4: Compact heap 31.559ms
[479.236s][info][gc,heap        ] GC(1509) Eden regions: 0->0(25)
[479.236s][info][gc,heap        ] GC(1509) Survivor regions: 0->0(0)
[479.236s][info][gc,heap        ] GC(1509) Old regions: 494->494
[479.236s][info][gc,heap        ] GC(1509) Archive regions: 2->2
[479.236s][info][gc,heap        ] GC(1509) Humongous regions: 16->16
[479.236s][info][gc,metaspace   ] GC(1509) Metaspace: 44325K(45568K)->44325K(45568K) NonClass: 39087K(39936K)->39087K(39936K) Class: 5238K(5632K)->5238K(5632K)
[479.236s][info][gc             ] GC(1509) Pause Full (G1 Evacuation Pause) 510M->510M(512M) 383.423ms
[479.237s][info][gc,cpu         ] GC(1509) User=2.48s Sys=0.03s Real=0.39s
[479.237s][info][gc,task        ] GC(1510) Using 8 workers of 8 for full compaction
[479.237s][info][gc,start       ] GC(1510) Pause Full (G1 Evacuation Pause)
[479.237s][info][gc,phases,start] GC(1510) Phase 1: Mark live objects
[479.464s][info][gc,phases      ] GC(1510) Phase 1: Mark live objects 226.306ms
[479.464s][info][gc,phases,start] GC(1510) Phase 2: Prepare for compaction
[479.498s][info][gc,phases      ] GC(1510) Phase 2: Prepare for compaction 34.716ms
[479.498s][info][gc,phases,start] GC(1510) Phase 3: Adjust pointers
[479.577s][info][gc,phases      ] GC(1510) Phase 3: Adjust pointers 78.834ms
[479.577s][info][gc,phases,start] GC(1510) Phase 4: Compact heap
[479.606s][info][gc,phases      ] GC(1510) Phase 4: Compact heap 28.439ms
[479.610s][info][gc,heap        ] GC(1510) Eden regions: 0->0(25)
[479.610s][info][gc,heap        ] GC(1510) Survivor regions: 0->0(0)
[479.610s][info][gc,heap        ] GC(1510) Old regions: 494->494
[479.610s][info][gc,heap        ] GC(1510) Archive regions: 2->2
[479.610s][info][gc,heap        ] GC(1510) Humongous regions: 16->16
[479.610s][info][gc,metaspace   ] GC(1510) Metaspace: 44325K(45568K)->44325K(45568K) NonClass: 39087K(39936K)->39087K(39936K) Class: 5238K(5632K)->5238K(5632K)
[479.610s][info][gc             ] GC(1510) Pause Full (G1 Evacuation Pause) 510M->510M(512M) 372.683ms
[479.612s][info][gc,cpu         ] GC(1510) User=2.50s Sys=0.04s Real=0.37s
[479.612s][info][gc,task        ] GC(1511) Using 8 workers of 8 for full compaction
[479.612s][info][gc,start       ] GC(1511) Pause Full (G1 Evacuation Pause)
[479.612s][info][gc,phases,start] GC(1511) Phase 1: Mark live objects
[479.845s][info][gc,phases      ] GC(1511) Phase 1: Mark live objects 233.234ms
[479.845s][info][gc,phases,start] GC(1511) Phase 2: Prepare for compaction
[479.882s][info][gc,phases      ] GC(1511) Phase 2: Prepare for compaction 36.262ms
[479.882s][info][gc,phases,start] GC(1511) Phase 3: Adjust pointers
[479.956s][info][gc,phases      ] GC(1511) Phase 3: Adjust pointers 74.014ms
[479.956s][info][gc,phases,start] GC(1511) Phase 4: Compact heap
[479.984s][info][gc,phases      ] GC(1511) Phase 4: Compact heap 28.699ms
[479.988s][info][gc,heap        ] GC(1511) Eden regions: 0->0(25)
[479.988s][info][gc,heap        ] GC(1511) Survivor regions: 0->0(0)
[479.988s][info][gc,heap        ] GC(1511) Old regions: 494->494
[479.988s][info][gc,heap        ] GC(1511) Archive regions: 2->2
[479.989s][info][gc,heap        ] GC(1511) Humongous regions: 16->16
[479.989s][info][gc,metaspace   ] GC(1511) Metaspace: 44325K(45568K)->44325K(45568K) NonClass: 39087K(39936K)->39087K(39936K) Class: 5238K(5632K)->5238K(5632K)
[479.989s][info][gc             ] GC(1511) Pause Full (G1 Evacuation Pause) 510M->510M(512M) 376.568ms
[479.990s][info][gc,cpu         ] GC(1511) User=2.53s Sys=0.03s Real=0.38s
[479.991s][info][gc,marking     ] GC(1505) Concurrent Mark Abort
[479.991s][info][gc             ] GC(1505) Concurrent Cycle 2285.941ms
[479.991s][info][gc,start       ] GC(1512) Pause Young (Normal) (G1 Evacuation Pause)
[479.991s][info][gc,task        ] GC(1512) Using 8 workers of 8 for evacuation
[479.991s][info][gc,phases      ] GC(1512)   Pre Evacuate Collection Set: 0.1ms
[479.991s][info][gc,phases      ] GC(1512)   Merge Heap Roots: 0.0ms
[479.991s][info][gc,phases      ] GC(1512)   Evacuate Collection Set: 0.3ms
[479.991s][info][gc,phases      ] GC(1512)   Post Evacuate Collection Set: 0.2ms
[479.991s][info][gc,phases      ] GC(1512)   Other: 0.1ms
[479.991s][info][gc,heap        ] GC(1512) Eden regions: 0->0(25)
[479.991s][info][gc,heap        ] GC(1512) Survivor regions: 0->0(0)
[479.991s][info][gc,heap        ] GC(1512) Old regions: 494->494
[479.991s][info][gc,heap        ] GC(1512) Archive regions: 2->2
[479.991s][info][gc,heap        ] GC(1512) Humongous regions: 16->16
[479.991s][info][gc,metaspace   ] GC(1512) Metaspace: 44325K(45568K)->44325K(45568K) NonClass: 39087K(39936K)->39087K(39936K) Class: 5238K(5632K)->5238K(5632K)
[479.991s][info][gc             ] GC(1512) Pause Young (Normal) (G1 Evacuation Pause) 510M->510M(512M) 0.782ms
[479.991s][info][gc,cpu         ] GC(1512) User=0.00s Sys=0.00s Real=0.00s
[479.992s][info][gc,ergo        ] Attempting maximally compacting collection
[479.992s][info][gc,task        ] GC(1513) Using 8 workers of 8 for full compaction
[479.992s][info][gc,start       ] GC(1513) Pause Full (G1 Evacuation Pause)
[479.992s][info][gc,phases,start] GC(1513) Phase 1: Mark live objects
[480.290s][info][gc,phases      ] GC(1513) Phase 1: Mark live objects 297.960ms
[480.290s][info][gc,phases,start] GC(1513) Phase 2: Prepare for compaction
[480.330s][info][gc,phases      ] GC(1513) Phase 2: Prepare for compaction 39.943ms
[480.330s][info][gc,phases,start] GC(1513) Phase 3: Adjust pointers
[480.407s][info][gc,phases      ] GC(1513) Phase 3: Adjust pointers 77.085ms
[480.407s][info][gc,phases,start] GC(1513) Phase 4: Compact heap
[480.438s][info][gc,phases      ] GC(1513) Phase 4: Compact heap 31.016ms
[480.442s][info][gc,heap        ] GC(1513) Eden regions: 0->0(25)
[480.442s][info][gc,heap        ] GC(1513) Survivor regions: 0->0(0)
[480.442s][info][gc,heap        ] GC(1513) Old regions: 494->494
[480.442s][info][gc,heap        ] GC(1513) Archive regions: 2->2
[480.442s][info][gc,heap        ] GC(1513) Humongous regions: 16->16
[480.442s][info][gc,metaspace   ] GC(1513) Metaspace: 44325K(45568K)->44325K(45568K) NonClass: 39087K(39936K)->39087K(39936K) Class: 5238K(5632K)->5238K(5632K)
[480.442s][info][gc             ] GC(1513) Pause Full (G1 Evacuation Pause) 510M->510M(512M) 450.341ms
[480.443s][info][gc,cpu         ] GC(1513) User=2.52s Sys=0.04s Real=0.45s
[480.444s][info][gc,task        ] GC(1514) Using 8 workers of 8 for full compaction
[480.444s][info][gc,start       ] GC(1514) Pause Full (G1 Evacuation Pause)
[480.444s][info][gc,phases,start] GC(1514) Phase 1: Mark live objects
[480.670s][info][gc,phases      ] GC(1514) Phase 1: Mark live objects 226.755ms
[480.670s][info][gc,phases,start] GC(1514) Phase 2: Prepare for compaction
[480.705s][info][gc,phases      ] GC(1514) Phase 2: Prepare for compaction 34.405ms
[480.705s][info][gc,phases,start] GC(1514) Phase 3: Adjust pointers
[480.779s][info][gc,phases      ] GC(1514) Phase 3: Adjust pointers 74.479ms
[480.779s][info][gc,phases,start] GC(1514) Phase 4: Compact heap
[480.807s][info][gc,phases      ] GC(1514) Phase 4: Compact heap 28.108ms
[480.812s][info][gc,heap        ] GC(1514) Eden regions: 0->0(25)
[480.812s][info][gc,heap        ] GC(1514) Survivor regions: 0->0(0)
[480.812s][info][gc,heap        ] GC(1514) Old regions: 494->494
[480.812s][info][gc,heap        ] GC(1514) Archive regions: 2->2
[480.812s][info][gc,heap        ] GC(1514) Humongous regions: 16->16
[480.812s][info][gc,metaspace   ] GC(1514) Metaspace: 44325K(45568K)->44325K(45568K) NonClass: 39087K(39936K)->39087K(39936K) Class: 5238K(5632K)->5238K(5632K)
[480.812s][info][gc             ] GC(1514) Pause Full (G1 Evacuation Pause) 510M->510M(512M) 368.271ms
[480.813s][info][gc,cpu         ] GC(1514) User=2.51s Sys=0.03s Real=0.37s
[480.813s][info][gc,task        ] GC(1515) Using 8 workers of 8 for full compaction
[480.813s][info][gc,start       ] GC(1515) Pause Full (G1 Evacuation Pause)
[480.813s][info][gc,phases,start] GC(1515) Phase 1: Mark live objects
[481.089s][info][gc,phases      ] GC(1515) Phase 1: Mark live objects 275.533ms
[481.089s][info][gc,phases,start] GC(1515) Phase 2: Prepare for compaction
[481.128s][info][gc,phases      ] GC(1515) Phase 2: Prepare for compaction 39.450ms
[481.128s][info][gc,phases,start] GC(1515) Phase 3: Adjust pointers
[481.252s][info][gc,phases      ] GC(1515) Phase 3: Adjust pointers 123.314ms
[481.252s][info][gc,phases,start] GC(1515) Phase 4: Compact heap
[481.296s][info][gc,phases      ] GC(1515) Phase 4: Compact heap 44.513ms
[481.300s][info][gc,heap        ] GC(1515) Eden regions: 0->0(25)
[481.300s][info][gc,heap        ] GC(1515) Survivor regions: 0->0(0)
[481.300s][info][gc,heap        ] GC(1515) Old regions: 494->494
[481.300s][info][gc,heap        ] GC(1515) Archive regions: 2->2
[481.300s][info][gc,heap        ] GC(1515) Humongous regions: 16->16
[481.300s][info][gc,metaspace   ] GC(1515) Metaspace: 44325K(45568K)->44325K(45568K) NonClass: 39087K(39936K)->39087K(39936K) Class: 5238K(5632K)->5238K(5632K)
[481.300s][info][gc             ] GC(1515) Pause Full (G1 Evacuation Pause) 510M->510M(512M) 487.097ms
[481.302s][info][gc,cpu         ] GC(1515) User=2.46s Sys=0.05s Real=0.49s
[481.302s][info][gc,start       ] GC(1516) Pause Young (Concurrent Start) (G1 Evacuation Pause)
[481.302s][info][gc,task        ] GC(1516) Using 8 workers of 8 for evacuation
[481.303s][info][gc,phases      ] GC(1516)   Pre Evacuate Collection Set: 0.1ms
[481.303s][info][gc,phases      ] GC(1516)   Merge Heap Roots: 0.0ms
[481.303s][info][gc,phases      ] GC(1516)   Evacuate Collection Set: 0.5ms
[481.303s][info][gc,phases      ] GC(1516)   Post Evacuate Collection Set: 0.1ms
[481.303s][info][gc,phases      ] GC(1516)   Other: 0.1ms
[481.303s][info][gc,heap        ] GC(1516) Eden regions: 0->0(25)
[481.303s][info][gc,heap        ] GC(1516) Survivor regions: 0->0(0)
[481.303s][info][gc,heap        ] GC(1516) Old regions: 494->494
[481.303s][info][gc,heap        ] GC(1516) Archive regions: 2->2
[481.303s][info][gc,heap        ] GC(1516) Humongous regions: 16->16
[481.303s][info][gc,metaspace   ] GC(1516) Metaspace: 44325K(45568K)->44325K(45568K) NonClass: 39087K(39936K)->39087K(39936K) Class: 5238K(5632K)->5238K(5632K)
[481.303s][info][gc             ] GC(1516) Pause Young (Concurrent Start) (G1 Evacuation Pause) 510M->510M(512M) 0.971ms
[481.303s][info][gc,cpu         ] GC(1516) User=0.00s Sys=0.00s Real=0.00s
[481.303s][info][gc,ergo        ] Attempting maximally compacting collection
[481.303s][info][gc,task        ] GC(1517) Using 8 workers of 8 for full compaction
[481.303s][info][gc,start       ] GC(1517) Pause Full (G1 Evacuation Pause)
[481.303s][info][gc             ] GC(1518) Concurrent Cycle
[481.303s][info][gc,marking     ] GC(1518) Concurrent Clear Claimed Marks
[481.303s][info][gc,marking     ] GC(1518) Concurrent Clear Claimed Marks 0.052ms
[481.303s][info][gc,marking     ] GC(1518) Concurrent Scan Root Regions
[481.303s][info][gc,marking     ] GC(1518) Concurrent Scan Root Regions 0.027ms
[481.303s][info][gc,marking     ] GC(1518) Concurrent Mark (481.303s)
[481.303s][info][gc,marking     ] GC(1518) Concurrent Mark From Roots
[481.303s][info][gc,task        ] GC(1518) Using 2 workers of 2 for marking
[481.304s][info][gc,phases,start] GC(1517) Phase 1: Mark live objects
[481.533s][info][gc,phases      ] GC(1517) Phase 1: Mark live objects 228.989ms
[481.533s][info][gc,phases,start] GC(1517) Phase 2: Prepare for compaction
[481.571s][info][gc,phases      ] GC(1517) Phase 2: Prepare for compaction 38.579ms
[481.571s][info][gc,phases,start] GC(1517) Phase 3: Adjust pointers
[481.646s][info][gc,phases      ] GC(1517) Phase 3: Adjust pointers 74.437ms
[481.646s][info][gc,phases,start] GC(1517) Phase 4: Compact heap
[481.679s][info][gc,phases      ] GC(1517) Phase 4: Compact heap 32.849ms
[481.685s][info][gc,heap        ] GC(1517) Eden regions: 0->0(25)
[481.685s][info][gc,heap        ] GC(1517) Survivor regions: 0->0(0)
[481.685s][info][gc,heap        ] GC(1517) Old regions: 494->494
[481.685s][info][gc,heap        ] GC(1517) Archive regions: 2->2
[481.685s][info][gc,heap        ] GC(1517) Humongous regions: 16->16
[481.685s][info][gc,metaspace   ] GC(1517) Metaspace: 44325K(45568K)->44325K(45568K) NonClass: 39087K(39936K)->39087K(39936K) Class: 5238K(5632K)->5238K(5632K)
[481.685s][info][gc             ] GC(1517) Pause Full (G1 Evacuation Pause) 510M->510M(512M) 381.855ms
[481.687s][info][gc,cpu         ] GC(1517) User=2.51s Sys=0.03s Real=0.39s
[481.687s][info][gc,task        ] GC(1519) Using 8 workers of 8 for full compaction
[481.687s][info][gc,start       ] GC(1519) Pause Full (G1 Evacuation Pause)
[481.687s][info][gc,phases,start] GC(1519) Phase 1: Mark live objects
[481.922s][info][gc,phases      ] GC(1519) Phase 1: Mark live objects 234.672ms
[481.922s][info][gc,phases,start] GC(1519) Phase 2: Prepare for compaction
[481.957s][info][gc,phases      ] GC(1519) Phase 2: Prepare for compaction 34.825ms
[481.957s][info][gc,phases,start] GC(1519) Phase 3: Adjust pointers
[482.032s][info][gc,phases      ] GC(1519) Phase 3: Adjust pointers 74.533ms
[482.032s][info][gc,phases,start] GC(1519) Phase 4: Compact heap
[482.064s][info][gc,phases      ] GC(1519) Phase 4: Compact heap 32.283ms
[482.068s][info][gc,heap        ] GC(1519) Eden regions: 0->0(25)
[482.068s][info][gc,heap        ] GC(1519) Survivor regions: 0->0(0)
[482.068s][info][gc,heap        ] GC(1519) Old regions: 494->494
[482.068s][info][gc,heap        ] GC(1519) Archive regions: 2->2
[482.068s][info][gc,heap        ] GC(1519) Humongous regions: 16->16
[482.068s][info][gc,metaspace   ] GC(1519) Metaspace: 44325K(45568K)->44325K(45568K) NonClass: 39087K(39936K)->39087K(39936K) Class: 5238K(5632K)->5238K(5632K)
[482.068s][info][gc             ] GC(1519) Pause Full (G1 Evacuation Pause) 510M->510M(512M) 380.912ms
[482.070s][info][gc,cpu         ] GC(1519) User=2.48s Sys=0.04s Real=0.38s
[482.070s][info][gc,task        ] GC(1520) Using 8 workers of 8 for full compaction
[482.070s][info][gc,start       ] GC(1520) Pause Full (G1 Evacuation Pause)
[482.070s][info][gc,phases,start] GC(1520) Phase 1: Mark live objects
[482.297s][info][gc,phases      ] GC(1520) Phase 1: Mark live objects 227.315ms
[482.297s][info][gc,phases,start] GC(1520) Phase 2: Prepare for compaction
[482.329s][info][gc,phases      ] GC(1520) Phase 2: Prepare for compaction 31.175ms
[482.329s][info][gc,phases,start] GC(1520) Phase 3: Adjust pointers
[482.403s][info][gc,phases      ] GC(1520) Phase 3: Adjust pointers 74.741ms
[482.403s][info][gc,phases,start] GC(1520) Phase 4: Compact heap
[482.434s][info][gc,phases      ] GC(1520) Phase 4: Compact heap 30.475ms
[482.438s][info][gc,heap        ] GC(1520) Eden regions: 0->0(25)
[482.438s][info][gc,heap        ] GC(1520) Survivor regions: 0->0(0)
[482.438s][info][gc,heap        ] GC(1520) Old regions: 494->494
[482.438s][info][gc,heap        ] GC(1520) Archive regions: 2->2
[482.438s][info][gc,heap        ] GC(1520) Humongous regions: 16->16
[482.438s][info][gc,metaspace   ] GC(1520) Metaspace: 44325K(45568K)->44325K(45568K) NonClass: 39087K(39936K)->39087K(39936K) Class: 5238K(5632K)->5238K(5632K)
[482.438s][info][gc             ] GC(1520) Pause Full (G1 Evacuation Pause) 510M->510M(512M) 368.416ms
[482.440s][info][gc,cpu         ] GC(1520) User=2.48s Sys=0.02s Real=0.37s
[482.440s][info][gc,marking     ] GC(1518) Concurrent Mark From Roots 1137.198ms
[482.440s][info][gc,start       ] GC(1521) Pause Young (Normal) (G1 Evacuation Pause)
[482.441s][info][gc,task        ] GC(1521) Using 8 workers of 8 for evacuation
[482.441s][info][gc,phases      ] GC(1521)   Pre Evacuate Collection Set: 0.1ms
[482.441s][info][gc,phases      ] GC(1521)   Merge Heap Roots: 0.0ms
[482.441s][info][gc,phases      ] GC(1521)   Evacuate Collection Set: 0.2ms
[482.441s][info][gc,phases      ] GC(1521)   Post Evacuate Collection Set: 0.1ms
[482.441s][info][gc,phases      ] GC(1521)   Other: 0.1ms
[482.441s][info][gc,heap        ] GC(1521) Eden regions: 0->0(25)
[482.441s][info][gc,heap        ] GC(1521) Survivor regions: 0->0(0)
[482.441s][info][gc,heap        ] GC(1521) Old regions: 494->494
[482.441s][info][gc,heap        ] GC(1521) Archive regions: 2->2
[482.441s][info][gc,heap        ] GC(1521) Humongous regions: 16->16
[482.441s][info][gc,metaspace   ] GC(1521) Metaspace: 44325K(45568K)->44325K(45568K) NonClass: 39087K(39936K)->39087K(39936K) Class: 5238K(5632K)->5238K(5632K)
[482.441s][info][gc             ] GC(1521) Pause Young (Normal) (G1 Evacuation Pause) 510M->510M(512M) 0.563ms
[482.441s][info][gc,cpu         ] GC(1521) User=0.00s Sys=0.00s Real=0.00s
[482.441s][info][gc,ergo        ] Attempting maximally compacting collection
[482.441s][info][gc,task        ] GC(1522) Using 8 workers of 8 for full compaction
[482.441s][info][gc,start       ] GC(1522) Pause Full (G1 Evacuation Pause)
[482.441s][info][gc,phases,start] GC(1522) Phase 1: Mark live objects
[482.668s][info][gc,phases      ] GC(1522) Phase 1: Mark live objects 226.564ms
[482.668s][info][gc,phases,start] GC(1522) Phase 2: Prepare for compaction
[482.703s][info][gc,phases      ] GC(1522) Phase 2: Prepare for compaction 35.366ms
[482.703s][info][gc,phases,start] GC(1522) Phase 3: Adjust pointers
[482.777s][info][gc,phases      ] GC(1522) Phase 3: Adjust pointers 73.764ms
[482.777s][info][gc,phases,start] GC(1522) Phase 4: Compact heap
[482.803s][info][gc,phases      ] GC(1522) Phase 4: Compact heap 25.903ms
[482.808s][info][gc,heap        ] GC(1522) Eden regions: 0->0(25)
[482.808s][info][gc,heap        ] GC(1522) Survivor regions: 0->0(0)
[482.808s][info][gc,heap        ] GC(1522) Old regions: 494->494
[482.808s][info][gc,heap        ] GC(1522) Archive regions: 2->2
[482.808s][info][gc,heap        ] GC(1522) Humongous regions: 16->16
[482.808s][info][gc,metaspace   ] GC(1522) Metaspace: 44325K(45568K)->44325K(45568K) NonClass: 39087K(39936K)->39087K(39936K) Class: 5238K(5632K)->5238K(5632K)
[482.808s][info][gc             ] GC(1522) Pause Full (G1 Evacuation Pause) 510M->510M(512M) 366.574ms
[482.809s][info][gc,cpu         ] GC(1522) User=2.50s Sys=0.04s Real=0.37s
[482.809s][info][gc,task        ] GC(1523) Using 8 workers of 8 for full compaction
[482.809s][info][gc,start       ] GC(1523) Pause Full (G1 Evacuation Pause)
[482.809s][info][gc,phases,start] GC(1523) Phase 1: Mark live objects
[483.039s][info][gc,phases      ] GC(1523) Phase 1: Mark live objects 229.720ms
[483.039s][info][gc,phases,start] GC(1523) Phase 2: Prepare for compaction
[483.072s][info][gc,phases      ] GC(1523) Phase 2: Prepare for compaction 32.890ms
[483.072s][info][gc,phases,start] GC(1523) Phase 3: Adjust pointers
[483.151s][info][gc,phases      ] GC(1523) Phase 3: Adjust pointers 79.178ms
[483.151s][info][gc,phases,start] GC(1523) Phase 4: Compact heap
[483.178s][info][gc,phases      ] GC(1523) Phase 4: Compact heap 27.148ms
[483.183s][info][gc,heap        ] GC(1523) Eden regions: 0->0(25)
[483.183s][info][gc,heap        ] GC(1523) Survivor regions: 0->0(0)
[483.183s][info][gc,heap        ] GC(1523) Old regions: 494->494
[483.183s][info][gc,heap        ] GC(1523) Archive regions: 2->2
[483.183s][info][gc,heap        ] GC(1523) Humongous regions: 16->16
[483.183s][info][gc,metaspace   ] GC(1523) Metaspace: 44325K(45568K)->44325K(45568K) NonClass: 39087K(39936K)->39087K(39936K) Class: 5238K(5632K)->5238K(5632K)
[483.183s][info][gc             ] GC(1523) Pause Full (G1 Evacuation Pause) 510M->510M(512M) 373.618ms
[483.185s][info][gc,cpu         ] GC(1523) User=2.50s Sys=0.03s Real=0.37s
[483.185s][info][gc,task        ] GC(1524) Using 8 workers of 8 for full compaction
[483.185s][info][gc,start       ] GC(1524) Pause Full (G1 Evacuation Pause)
[483.185s][info][gc,phases,start] GC(1524) Phase 1: Mark live objects
[483.420s][info][gc,phases      ] GC(1524) Phase 1: Mark live objects 234.608ms
[483.420s][info][gc,phases,start] GC(1524) Phase 2: Prepare for compaction
[483.456s][info][gc,phases      ] GC(1524) Phase 2: Prepare for compaction 36.725ms
[483.456s][info][gc,phases,start] GC(1524) Phase 3: Adjust pointers
[483.531s][info][gc,phases      ] GC(1524) Phase 3: Adjust pointers 74.119ms
[483.531s][info][gc,phases,start] GC(1524) Phase 4: Compact heap
[483.559s][info][gc,phases      ] GC(1524) Phase 4: Compact heap 28.452ms
[483.563s][info][gc,heap        ] GC(1524) Eden regions: 0->0(25)
[483.563s][info][gc,heap        ] GC(1524) Survivor regions: 0->0(0)
[483.563s][info][gc,heap        ] GC(1524) Old regions: 494->494
[483.563s][info][gc,heap        ] GC(1524) Archive regions: 2->2
[483.563s][info][gc,heap        ] GC(1524) Humongous regions: 16->16
[483.563s][info][gc,metaspace   ] GC(1524) Metaspace: 44325K(45568K)->44325K(45568K) NonClass: 39087K(39936K)->39087K(39936K) Class: 5238K(5632K)->5238K(5632K)
[483.563s][info][gc             ] GC(1524) Pause Full (G1 Evacuation Pause) 510M->510M(512M) 378.411ms
[483.565s][info][gc,cpu         ] GC(1524) User=2.53s Sys=0.04s Real=0.38s
[483.565s][info][gc,marking     ] GC(1518) Concurrent Mark Abort
[483.565s][info][gc             ] GC(1518) Concurrent Cycle 2262.000ms
[483.565s][info][gc,start       ] GC(1525) Pause Young (Normal) (G1 Evacuation Pause)
[483.565s][info][gc,task        ] GC(1525) Using 8 workers of 8 for evacuation
[483.566s][info][gc,phases      ] GC(1525)   Pre Evacuate Collection Set: 0.1ms
[483.566s][info][gc,phases      ] GC(1525)   Merge Heap Roots: 0.0ms
[483.566s][info][gc,phases      ] GC(1525)   Evacuate Collection Set: 0.2ms
[483.566s][info][gc,phases      ] GC(1525)   Post Evacuate Collection Set: 0.2ms
[483.566s][info][gc,phases      ] GC(1525)   Other: 0.1ms
[483.566s][info][gc,heap        ] GC(1525) Eden regions: 0->0(25)
[483.566s][info][gc,heap        ] GC(1525) Survivor regions: 0->0(0)
[483.566s][info][gc,heap        ] GC(1525) Old regions: 494->494
[483.566s][info][gc,heap        ] GC(1525) Archive regions: 2->2
[483.566s][info][gc,heap        ] GC(1525) Humongous regions: 16->16
[483.566s][info][gc,metaspace   ] GC(1525) Metaspace: 44325K(45568K)->44325K(45568K) NonClass: 39087K(39936K)->39087K(39936K) Class: 5238K(5632K)->5238K(5632K)
[483.566s][info][gc             ] GC(1525) Pause Young (Normal) (G1 Evacuation Pause) 510M->510M(512M) 0.647ms
[483.566s][info][gc,cpu         ] GC(1525) User=0.01s Sys=0.00s Real=0.01s
[483.566s][info][gc,ergo        ] Attempting maximally compacting collection
[483.566s][info][gc,task        ] GC(1526) Using 8 workers of 8 for full compaction
[483.566s][info][gc,start       ] GC(1526) Pause Full (G1 Evacuation Pause)
[483.566s][info][gc,phases,start] GC(1526) Phase 1: Mark live objects
[483.796s][info][gc,phases      ] GC(1526) Phase 1: Mark live objects 230.582ms
[483.796s][info][gc,phases,start] GC(1526) Phase 2: Prepare for compaction
[483.836s][info][gc,phases      ] GC(1526) Phase 2: Prepare for compaction 39.365ms
[483.836s][info][gc,phases,start] GC(1526) Phase 3: Adjust pointers
[483.911s][info][gc,phases      ] GC(1526) Phase 3: Adjust pointers 75.571ms
[483.911s][info][gc,phases,start] GC(1526) Phase 4: Compact heap
[483.943s][info][gc,phases      ] GC(1526) Phase 4: Compact heap 31.255ms
[483.947s][info][gc,heap        ] GC(1526) Eden regions: 0->0(25)
[483.947s][info][gc,heap        ] GC(1526) Survivor regions: 0->0(0)
[483.947s][info][gc,heap        ] GC(1526) Old regions: 494->494
[483.947s][info][gc,heap        ] GC(1526) Archive regions: 2->2
[483.947s][info][gc,heap        ] GC(1526) Humongous regions: 16->16
[483.947s][info][gc,metaspace   ] GC(1526) Metaspace: 44325K(45568K)->44325K(45568K) NonClass: 39087K(39936K)->39087K(39936K) Class: 5238K(5632K)->5238K(5632K)
[483.947s][info][gc             ] GC(1526) Pause Full (G1 Evacuation Pause) 510M->510M(512M) 381.244ms
[483.949s][info][gc,cpu         ] GC(1526) User=2.55s Sys=0.03s Real=0.38s
[483.949s][info][gc,task        ] GC(1527) Using 8 workers of 8 for full compaction
[483.949s][info][gc,start       ] GC(1527) Pause Full (G1 Evacuation Pause)
[483.949s][info][gc,phases,start] GC(1527) Phase 1: Mark live objects
[484.182s][info][gc,phases      ] GC(1527) Phase 1: Mark live objects 232.609ms
[484.182s][info][gc,phases,start] GC(1527) Phase 2: Prepare for compaction
[484.215s][info][gc,phases      ] GC(1527) Phase 2: Prepare for compaction 33.433ms
[484.215s][info][gc,phases,start] GC(1527) Phase 3: Adjust pointers
[484.292s][info][gc,phases      ] GC(1527) Phase 3: Adjust pointers 76.257ms
[484.292s][info][gc,phases,start] GC(1527) Phase 4: Compact heap
[484.319s][info][gc,phases      ] GC(1527) Phase 4: Compact heap 27.400ms
[484.323s][info][gc,heap        ] GC(1527) Eden regions: 0->0(25)
[484.323s][info][gc,heap        ] GC(1527) Survivor regions: 0->0(0)
[484.323s][info][gc,heap        ] GC(1527) Old regions: 494->494
[484.323s][info][gc,heap        ] GC(1527) Archive regions: 2->2
[484.323s][info][gc,heap        ] GC(1527) Humongous regions: 16->16
[484.323s][info][gc,metaspace   ] GC(1527) Metaspace: 44325K(45568K)->44325K(45568K) NonClass: 39087K(39936K)->39087K(39936K) Class: 5238K(5632K)->5238K(5632K)
[484.323s][info][gc             ] GC(1527) Pause Full (G1 Evacuation Pause) 510M->510M(512M) 374.299ms
[484.325s][info][gc,cpu         ] GC(1527) User=2.51s Sys=0.06s Real=0.37s
[484.325s][info][gc,task        ] GC(1528) Using 8 workers of 8 for full compaction
[484.325s][info][gc,start       ] GC(1528) Pause Full (G1 Evacuation Pause)
[484.325s][info][gc,phases,start] GC(1528) Phase 1: Mark live objects
[484.556s][info][gc,phases      ] GC(1528) Phase 1: Mark live objects 231.260ms
[484.556s][info][gc,phases,start] GC(1528) Phase 2: Prepare for compaction
[484.587s][info][gc,phases      ] GC(1528) Phase 2: Prepare for compaction 31.023ms
[484.587s][info][gc,phases,start] GC(1528) Phase 3: Adjust pointers
[484.662s][info][gc,phases      ] GC(1528) Phase 3: Adjust pointers 74.598ms
[484.662s][info][gc,phases,start] GC(1528) Phase 4: Compact heap
[484.690s][info][gc,phases      ] GC(1528) Phase 4: Compact heap 28.273ms
[484.694s][info][gc,heap        ] GC(1528) Eden regions: 0->0(25)
[484.694s][info][gc,heap        ] GC(1528) Survivor regions: 0->0(0)
[484.695s][info][gc,heap        ] GC(1528) Old regions: 494->494
[484.695s][info][gc,heap        ] GC(1528) Archive regions: 2->2
[484.695s][info][gc,heap        ] GC(1528) Humongous regions: 16->16
[484.695s][info][gc,metaspace   ] GC(1528) Metaspace: 44325K(45568K)->44325K(45568K) NonClass: 39087K(39936K)->39087K(39936K) Class: 5238K(5632K)->5238K(5632K)
[484.695s][info][gc             ] GC(1528) Pause Full (G1 Evacuation Pause) 510M->510M(512M) 369.475ms
[484.696s][info][gc,cpu         ] GC(1528) User=2.47s Sys=0.03s Real=0.38s
[484.697s][info][gc,start       ] GC(1529) Pause Young (Concurrent Start) (G1 Evacuation Pause)
[484.697s][info][gc,task        ] GC(1529) Using 8 workers of 8 for evacuation
[484.697s][info][gc,phases      ] GC(1529)   Pre Evacuate Collection Set: 0.1ms
[484.697s][info][gc,phases      ] GC(1529)   Merge Heap Roots: 0.0ms
[484.697s][info][gc,phases      ] GC(1529)   Evacuate Collection Set: 0.5ms
[484.697s][info][gc,phases      ] GC(1529)   Post Evacuate Collection Set: 0.2ms
[484.697s][info][gc,phases      ] GC(1529)   Other: 0.1ms
[484.697s][info][gc,heap        ] GC(1529) Eden regions: 0->0(25)
[484.697s][info][gc,heap        ] GC(1529) Survivor regions: 0->0(0)
[484.697s][info][gc,heap        ] GC(1529) Old regions: 494->494
[484.697s][info][gc,heap        ] GC(1529) Archive regions: 2->2
[484.698s][info][gc,heap        ] GC(1529) Humongous regions: 16->16
[484.698s][info][gc,metaspace   ] GC(1529) Metaspace: 44325K(45568K)->44325K(45568K) NonClass: 39087K(39936K)->39087K(39936K) Class: 5238K(5632K)->5238K(5632K)
[484.698s][info][gc             ] GC(1529) Pause Young (Concurrent Start) (G1 Evacuation Pause) 510M->510M(512M) 0.983ms
[484.698s][info][gc,cpu         ] GC(1529) User=0.01s Sys=0.00s Real=0.00s
[484.698s][info][gc,ergo        ] Attempting maximally compacting collection
[484.698s][info][gc,task        ] GC(1530) Using 8 workers of 8 for full compaction
[484.698s][info][gc,start       ] GC(1530) Pause Full (G1 Evacuation Pause)
[484.698s][info][gc             ] GC(1531) Concurrent Cycle
[484.698s][info][gc,marking     ] GC(1531) Concurrent Clear Claimed Marks
[484.698s][info][gc,marking     ] GC(1531) Concurrent Clear Claimed Marks 0.048ms
[484.698s][info][gc,marking     ] GC(1531) Concurrent Scan Root Regions
[484.698s][info][gc,marking     ] GC(1531) Concurrent Scan Root Regions 0.027ms
[484.698s][info][gc,marking     ] GC(1531) Concurrent Mark (484.698s)
[484.698s][info][gc,marking     ] GC(1531) Concurrent Mark From Roots
[484.698s][info][gc,task        ] GC(1531) Using 2 workers of 2 for marking
[484.698s][info][gc,phases,start] GC(1530) Phase 1: Mark live objects
[484.929s][info][gc,phases      ] GC(1530) Phase 1: Mark live objects 230.780ms
[484.929s][info][gc,phases,start] GC(1530) Phase 2: Prepare for compaction
[484.971s][info][gc,phases      ] GC(1530) Phase 2: Prepare for compaction 42.041ms
[484.971s][info][gc,phases,start] GC(1530) Phase 3: Adjust pointers
[485.050s][info][gc,phases      ] GC(1530) Phase 3: Adjust pointers 79.280ms
[485.050s][info][gc,phases,start] GC(1530) Phase 4: Compact heap
[485.079s][info][gc,phases      ] GC(1530) Phase 4: Compact heap 28.506ms
[485.083s][info][gc,heap        ] GC(1530) Eden regions: 0->0(25)
[485.083s][info][gc,heap        ] GC(1530) Survivor regions: 0->0(0)
[485.083s][info][gc,heap        ] GC(1530) Old regions: 494->494
[485.083s][info][gc,heap        ] GC(1530) Archive regions: 2->2
[485.083s][info][gc,heap        ] GC(1530) Humongous regions: 16->16
[485.083s][info][gc,metaspace   ] GC(1530) Metaspace: 44325K(45568K)->44325K(45568K) NonClass: 39087K(39936K)->39087K(39936K) Class: 5238K(5632K)->5238K(5632K)
[485.083s][info][gc             ] GC(1530) Pause Full (G1 Evacuation Pause) 510M->510M(512M) 385.592ms
[485.085s][info][gc,cpu         ] GC(1530) User=2.55s Sys=0.04s Real=0.38s
[485.085s][info][gc,task        ] GC(1532) Using 8 workers of 8 for full compaction
[485.085s][info][gc,start       ] GC(1532) Pause Full (G1 Evacuation Pause)
[485.085s][info][gc,phases,start] GC(1532) Phase 1: Mark live objects
[485.312s][info][gc,phases      ] GC(1532) Phase 1: Mark live objects 226.651ms
[485.312s][info][gc,phases,start] GC(1532) Phase 2: Prepare for compaction
[485.348s][info][gc,phases      ] GC(1532) Phase 2: Prepare for compaction 35.956ms
[485.348s][info][gc,phases,start] GC(1532) Phase 3: Adjust pointers
[485.423s][info][gc,phases      ] GC(1532) Phase 3: Adjust pointers 74.826ms
[485.423s][info][gc,phases,start] GC(1532) Phase 4: Compact heap
[485.451s][info][gc,phases      ] GC(1532) Phase 4: Compact heap 28.218ms
[485.455s][info][gc,heap        ] GC(1532) Eden regions: 0->0(25)
[485.455s][info][gc,heap        ] GC(1532) Survivor regions: 0->0(0)
[485.455s][info][gc,heap        ] GC(1532) Old regions: 494->494
[485.455s][info][gc,heap        ] GC(1532) Archive regions: 2->2
[485.455s][info][gc,heap        ] GC(1532) Humongous regions: 16->16
[485.455s][info][gc,metaspace   ] GC(1532) Metaspace: 44325K(45568K)->44325K(45568K) NonClass: 39087K(39936K)->39087K(39936K) Class: 5238K(5632K)->5238K(5632K)
[485.455s][info][gc             ] GC(1532) Pause Full (G1 Evacuation Pause) 510M->510M(512M) 370.059ms
[485.457s][info][gc,cpu         ] GC(1532) User=2.51s Sys=0.03s Real=0.38s
[485.457s][info][gc,task        ] GC(1533) Using 8 workers of 8 for full compaction
[485.457s][info][gc,start       ] GC(1533) Pause Full (G1 Evacuation Pause)
[485.457s][info][gc,phases,start] GC(1533) Phase 1: Mark live objects
[485.684s][info][gc,phases      ] GC(1533) Phase 1: Mark live objects 226.503ms
[485.684s][info][gc,phases,start] GC(1533) Phase 2: Prepare for compaction
[485.718s][info][gc,phases      ] GC(1533) Phase 2: Prepare for compaction 34.295ms
[485.718s][info][gc,phases,start] GC(1533) Phase 3: Adjust pointers
[485.793s][info][gc,phases      ] GC(1533) Phase 3: Adjust pointers 75.256ms
[485.793s][info][gc,phases,start] GC(1533) Phase 4: Compact heap
[485.822s][info][gc,phases      ] GC(1533) Phase 4: Compact heap 28.219ms
[485.826s][info][gc,heap        ] GC(1533) Eden regions: 0->0(25)
[485.826s][info][gc,heap        ] GC(1533) Survivor regions: 0->0(0)
[485.826s][info][gc,heap        ] GC(1533) Old regions: 494->494
[485.826s][info][gc,heap        ] GC(1533) Archive regions: 2->2
[485.826s][info][gc,heap        ] GC(1533) Humongous regions: 16->16
[485.826s][info][gc,metaspace   ] GC(1533) Metaspace: 44325K(45568K)->44325K(45568K) NonClass: 39087K(39936K)->39087K(39936K) Class: 5238K(5632K)->5238K(5632K)
[485.826s][info][gc             ] GC(1533) Pause Full (G1 Evacuation Pause) 510M->510M(512M) 368.952ms
[485.828s][info][gc,cpu         ] GC(1533) User=2.49s Sys=0.03s Real=0.37s
[485.828s][info][gc,marking     ] GC(1531) Concurrent Mark From Roots 1130.166ms
[485.828s][info][gc,marking     ] GC(1531) Concurrent Mark Abort
[485.828s][info][gc             ] GC(1531) Concurrent Cycle 1130.415ms
[485.828s][info][gc,start       ] GC(1534) Pause Young (Normal) (G1 Evacuation Pause)
[485.828s][info][gc,task        ] GC(1534) Using 8 workers of 8 for evacuation
[485.829s][info][gc,phases      ] GC(1534)   Pre Evacuate Collection Set: 0.1ms
[485.829s][info][gc,phases      ] GC(1534)   Merge Heap Roots: 0.0ms
[485.829s][info][gc,phases      ] GC(1534)   Evacuate Collection Set: 0.1ms
[485.829s][info][gc,phases      ] GC(1534)   Post Evacuate Collection Set: 0.2ms
[485.829s][info][gc,phases      ] GC(1534)   Other: 0.1ms
[485.829s][info][gc,heap        ] GC(1534) Eden regions: 0->0(25)
[485.829s][info][gc,heap        ] GC(1534) Survivor regions: 0->0(0)
[485.829s][info][gc,heap        ] GC(1534) Old regions: 494->494
[485.829s][info][gc,heap        ] GC(1534) Archive regions: 2->2
[485.829s][info][gc,heap        ] GC(1534) Humongous regions: 16->16
[485.829s][info][gc,metaspace   ] GC(1534) Metaspace: 44325K(45568K)->44325K(45568K) NonClass: 39087K(39936K)->39087K(39936K) Class: 5238K(5632K)->5238K(5632K)
[485.829s][info][gc             ] GC(1534) Pause Young (Normal) (G1 Evacuation Pause) 510M->510M(512M) 0.572ms
[485.829s][info][gc,cpu         ] GC(1534) User=0.00s Sys=0.00s Real=0.00s
[485.829s][info][gc,ergo        ] Attempting maximally compacting collection
[485.829s][info][gc,task        ] GC(1535) Using 8 workers of 8 for full compaction
[485.829s][info][gc,start       ] GC(1535) Pause Full (G1 Evacuation Pause)
[485.829s][info][gc,phases,start] GC(1535) Phase 1: Mark live objects
[486.101s][info][gc,phases      ] GC(1535) Phase 1: Mark live objects 272.466ms
[486.101s][info][gc,phases,start] GC(1535) Phase 2: Prepare for compaction
[486.147s][info][gc,phases      ] GC(1535) Phase 2: Prepare for compaction 45.507ms
[486.147s][info][gc,phases,start] GC(1535) Phase 3: Adjust pointers
[486.272s][info][gc,phases      ] GC(1535) Phase 3: Adjust pointers 124.964ms
[486.272s][info][gc,phases,start] GC(1535) Phase 4: Compact heap
[486.306s][info][gc,phases      ] GC(1535) Phase 4: Compact heap 34.373ms
[486.311s][info][gc,heap        ] GC(1535) Eden regions: 0->0(25)
[486.311s][info][gc,heap        ] GC(1535) Survivor regions: 0->0(0)
[486.311s][info][gc,heap        ] GC(1535) Old regions: 494->494
[486.311s][info][gc,heap        ] GC(1535) Archive regions: 2->2
[486.311s][info][gc,heap        ] GC(1535) Humongous regions: 16->16
[486.311s][info][gc,metaspace   ] GC(1535) Metaspace: 44325K(45568K)->44325K(45568K) NonClass: 39087K(39936K)->39087K(39936K) Class: 5238K(5632K)->5238K(5632K)
[486.311s][info][gc             ] GC(1535) Pause Full (G1 Evacuation Pause) 510M->510M(512M) 482.021ms
[486.312s][info][gc,cpu         ] GC(1535) User=2.47s Sys=0.05s Real=0.48s
[486.312s][info][gc,task        ] GC(1536) Using 8 workers of 8 for full compaction
[486.312s][info][gc,start       ] GC(1536) Pause Full (G1 Evacuation Pause)
[486.312s][info][gc,phases,start] GC(1536) Phase 1: Mark live objects
[486.549s][info][gc,phases      ] GC(1536) Phase 1: Mark live objects 237.068ms
[486.549s][info][gc,phases,start] GC(1536) Phase 2: Prepare for compaction
[486.581s][info][gc,phases      ] GC(1536) Phase 2: Prepare for compaction 31.425ms
[486.581s][info][gc,phases,start] GC(1536) Phase 3: Adjust pointers
[486.659s][info][gc,phases      ] GC(1536) Phase 3: Adjust pointers 78.368ms
[486.659s][info][gc,phases,start] GC(1536) Phase 4: Compact heap
[486.687s][info][gc,phases      ] GC(1536) Phase 4: Compact heap 27.339ms
[486.693s][info][gc,heap        ] GC(1536) Eden regions: 0->0(25)
[486.693s][info][gc,heap        ] GC(1536) Survivor regions: 0->0(0)
[486.693s][info][gc,heap        ] GC(1536) Old regions: 494->494
[486.693s][info][gc,heap        ] GC(1536) Archive regions: 2->2
[486.693s][info][gc,heap        ] GC(1536) Humongous regions: 16->16
[486.693s][info][gc,metaspace   ] GC(1536) Metaspace: 44325K(45568K)->44325K(45568K) NonClass: 39087K(39936K)->39087K(39936K) Class: 5238K(5632K)->5238K(5632K)
[486.693s][info][gc             ] GC(1536) Pause Full (G1 Evacuation Pause) 510M->510M(512M) 381.012ms
[486.695s][info][gc,cpu         ] GC(1536) User=2.56s Sys=0.02s Real=0.38s
[486.695s][info][gc,task        ] GC(1537) Using 8 workers of 8 for full compaction
[486.695s][info][gc,start       ] GC(1537) Pause Full (G1 Evacuation Pause)
[486.695s][info][gc,phases,start] GC(1537) Phase 1: Mark live objects
[486.936s][info][gc,phases      ] GC(1537) Phase 1: Mark live objects 240.984ms
[486.936s][info][gc,phases,start] GC(1537) Phase 2: Prepare for compaction
[486.973s][info][gc,phases      ] GC(1537) Phase 2: Prepare for compaction 36.895ms
[486.973s][info][gc,phases,start] GC(1537) Phase 3: Adjust pointers
[487.049s][info][gc,phases      ] GC(1537) Phase 3: Adjust pointers 75.915ms
[487.049s][info][gc,phases,start] GC(1537) Phase 4: Compact heap
[487.077s][info][gc,phases      ] GC(1537) Phase 4: Compact heap 27.829ms
[487.083s][info][gc,heap        ] GC(1537) Eden regions: 0->0(25)
[487.083s][info][gc,heap        ] GC(1537) Survivor regions: 0->0(0)
[487.083s][info][gc,heap        ] GC(1537) Old regions: 494->494
[487.083s][info][gc,heap        ] GC(1537) Archive regions: 2->2
[487.083s][info][gc,heap        ] GC(1537) Humongous regions: 16->16
[487.083s][info][gc,metaspace   ] GC(1537) Metaspace: 44325K(45568K)->44325K(45568K) NonClass: 39087K(39936K)->39087K(39936K) Class: 5238K(5632K)->5238K(5632K)
[487.083s][info][gc             ] GC(1537) Pause Full (G1 Evacuation Pause) 510M->510M(512M) 388.208ms
[487.086s][info][gc,cpu         ] GC(1537) User=2.53s Sys=0.04s Real=0.40s
[487.086s][info][gc,start       ] GC(1538) Pause Young (Concurrent Start) (G1 Evacuation Pause)
[487.086s][info][gc,task        ] GC(1538) Using 8 workers of 8 for evacuation
[487.087s][info][gc,phases      ] GC(1538)   Pre Evacuate Collection Set: 0.1ms
[487.087s][info][gc,phases      ] GC(1538)   Merge Heap Roots: 0.0ms
[487.087s][info][gc,phases      ] GC(1538)   Evacuate Collection Set: 0.6ms
[487.087s][info][gc,phases      ] GC(1538)   Post Evacuate Collection Set: 0.1ms
[487.087s][info][gc,phases      ] GC(1538)   Other: 0.1ms
[487.087s][info][gc,heap        ] GC(1538) Eden regions: 0->0(25)
[487.087s][info][gc,heap        ] GC(1538) Survivor regions: 0->0(0)
[487.087s][info][gc,heap        ] GC(1538) Old regions: 494->494
[487.087s][info][gc,heap        ] GC(1538) Archive regions: 2->2
[487.087s][info][gc,heap        ] GC(1538) Humongous regions: 16->16
[487.087s][info][gc,metaspace   ] GC(1538) Metaspace: 44325K(45568K)->44325K(45568K) NonClass: 39087K(39936K)->39087K(39936K) Class: 5238K(5632K)->5238K(5632K)
[487.087s][info][gc             ] GC(1538) Pause Young (Concurrent Start) (G1 Evacuation Pause) 510M->510M(512M) 1.046ms
[487.087s][info][gc,cpu         ] GC(1538) User=0.01s Sys=0.00s Real=0.00s
[487.087s][info][gc,ergo        ] Attempting maximally compacting collection
[487.087s][info][gc,task        ] GC(1539) Using 8 workers of 8 for full compaction
[487.087s][info][gc,start       ] GC(1539) Pause Full (G1 Evacuation Pause)
[487.087s][info][gc             ] GC(1540) Concurrent Cycle
[487.087s][info][gc,marking     ] GC(1540) Concurrent Clear Claimed Marks
[487.087s][info][gc,marking     ] GC(1540) Concurrent Clear Claimed Marks 0.065ms
[487.087s][info][gc,marking     ] GC(1540) Concurrent Scan Root Regions
[487.087s][info][gc,marking     ] GC(1540) Concurrent Scan Root Regions 0.022ms
[487.087s][info][gc,marking     ] GC(1540) Concurrent Mark (487.087s)
[487.087s][info][gc,marking     ] GC(1540) Concurrent Mark From Roots
[487.087s][info][gc,task        ] GC(1540) Using 2 workers of 2 for marking
[487.088s][info][gc,phases,start] GC(1539) Phase 1: Mark live objects
[487.322s][info][gc,phases      ] GC(1539) Phase 1: Mark live objects 234.684ms
[487.322s][info][gc,phases,start] GC(1539) Phase 2: Prepare for compaction
[487.356s][info][gc,phases      ] GC(1539) Phase 2: Prepare for compaction 33.957ms
[487.356s][info][gc,phases,start] GC(1539) Phase 3: Adjust pointers
[487.429s][info][gc,phases      ] GC(1539) Phase 3: Adjust pointers 72.244ms
[487.429s][info][gc,phases,start] GC(1539) Phase 4: Compact heap
[487.458s][info][gc,phases      ] GC(1539) Phase 4: Compact heap 29.214ms
[487.462s][info][gc,heap        ] GC(1539) Eden regions: 0->0(25)
[487.462s][info][gc,heap        ] GC(1539) Survivor regions: 0->0(0)
[487.462s][info][gc,heap        ] GC(1539) Old regions: 494->494
[487.462s][info][gc,heap        ] GC(1539) Archive regions: 2->2
[487.462s][info][gc,heap        ] GC(1539) Humongous regions: 16->16
[487.462s][info][gc,metaspace   ] GC(1539) Metaspace: 44325K(45568K)->44325K(45568K) NonClass: 39087K(39936K)->39087K(39936K) Class: 5238K(5632K)->5238K(5632K)
[487.462s][info][gc             ] GC(1539) Pause Full (G1 Evacuation Pause) 510M->510M(512M) 375.022ms
[487.464s][info][gc,cpu         ] GC(1539) User=2.49s Sys=0.04s Real=0.37s
[487.464s][info][gc,task        ] GC(1541) Using 8 workers of 8 for full compaction
[487.464s][info][gc,start       ] GC(1541) Pause Full (G1 Evacuation Pause)
[487.464s][info][gc,phases,start] GC(1541) Phase 1: Mark live objects
[487.694s][info][gc,phases      ] GC(1541) Phase 1: Mark live objects 230.053ms
[487.694s][info][gc,phases,start] GC(1541) Phase 2: Prepare for compaction
[487.723s][info][gc,phases      ] GC(1541) Phase 2: Prepare for compaction 29.280ms
[487.723s][info][gc,phases,start] GC(1541) Phase 3: Adjust pointers
[487.808s][info][gc,phases      ] GC(1541) Phase 3: Adjust pointers 85.127ms
[487.808s][info][gc,phases,start] GC(1541) Phase 4: Compact heap
[487.834s][info][gc,phases      ] GC(1541) Phase 4: Compact heap 25.929ms
[487.839s][info][gc,heap        ] GC(1541) Eden regions: 0->0(25)
[487.839s][info][gc,heap        ] GC(1541) Survivor regions: 0->0(0)
[487.839s][info][gc,heap        ] GC(1541) Old regions: 494->494
[487.839s][info][gc,heap        ] GC(1541) Archive regions: 2->2
[487.839s][info][gc,heap        ] GC(1541) Humongous regions: 16->16
[487.839s][info][gc,metaspace   ] GC(1541) Metaspace: 44325K(45568K)->44325K(45568K) NonClass: 39087K(39936K)->39087K(39936K) Class: 5238K(5632K)->5238K(5632K)
[487.839s][info][gc             ] GC(1541) Pause Full (G1 Evacuation Pause) 510M->510M(512M) 375.439ms
[487.841s][info][gc,cpu         ] GC(1541) User=2.50s Sys=0.04s Real=0.38s
[487.841s][info][gc,task        ] GC(1542) Using 8 workers of 8 for full compaction
[487.841s][info][gc,start       ] GC(1542) Pause Full (G1 Evacuation Pause)
[487.841s][info][gc,phases,start] GC(1542) Phase 1: Mark live objects
[488.078s][info][gc,phases      ] GC(1542) Phase 1: Mark live objects 236.723ms
[488.078s][info][gc,phases,start] GC(1542) Phase 2: Prepare for compaction
[488.111s][info][gc,phases      ] GC(1542) Phase 2: Prepare for compaction 33.020ms
[488.111s][info][gc,phases,start] GC(1542) Phase 3: Adjust pointers
[488.186s][info][gc,phases      ] GC(1542) Phase 3: Adjust pointers 75.032ms
[488.186s][info][gc,phases,start] GC(1542) Phase 4: Compact heap
[488.212s][info][gc,phases      ] GC(1542) Phase 4: Compact heap 25.461ms
[488.216s][info][gc,heap        ] GC(1542) Eden regions: 0->0(25)
[488.216s][info][gc,heap        ] GC(1542) Survivor regions: 0->0(0)
[488.216s][info][gc,heap        ] GC(1542) Old regions: 494->494
[488.216s][info][gc,heap        ] GC(1542) Archive regions: 2->2
[488.216s][info][gc,heap        ] GC(1542) Humongous regions: 16->16
[488.216s][info][gc,metaspace   ] GC(1542) Metaspace: 44325K(45568K)->44325K(45568K) NonClass: 39087K(39936K)->39087K(39936K) Class: 5238K(5632K)->5238K(5632K)
[488.216s][info][gc             ] GC(1542) Pause Full (G1 Evacuation Pause) 510M->510M(512M) 375.000ms
[488.218s][info][gc,cpu         ] GC(1542) User=2.52s Sys=0.04s Real=0.38s
[488.218s][info][gc,marking     ] GC(1540) Concurrent Mark From Roots 1130.291ms
[488.218s][info][gc,marking     ] GC(1540) Concurrent Mark Abort
[488.218s][info][gc             ] GC(1540) Concurrent Cycle 1130.553ms
[488.218s][info][gc,start       ] GC(1543) Pause Young (Normal) (G1 Evacuation Pause)
[488.218s][info][gc,task        ] GC(1543) Using 8 workers of 8 for evacuation
[488.218s][info][gc,phases      ] GC(1543)   Pre Evacuate Collection Set: 0.1ms
[488.218s][info][gc,phases      ] GC(1543)   Merge Heap Roots: 0.0ms
[488.218s][info][gc,phases      ] GC(1543)   Evacuate Collection Set: 0.2ms
[488.218s][info][gc,phases      ] GC(1543)   Post Evacuate Collection Set: 0.2ms
[488.218s][info][gc,phases      ] GC(1543)   Other: 0.1ms
[488.218s][info][gc,heap        ] GC(1543) Eden regions: 0->0(25)
[488.218s][info][gc,heap        ] GC(1543) Survivor regions: 0->0(0)
[488.218s][info][gc,heap        ] GC(1543) Old regions: 494->494
[488.218s][info][gc,heap        ] GC(1543) Archive regions: 2->2
[488.218s][info][gc,heap        ] GC(1543) Humongous regions: 16->16
[488.218s][info][gc,metaspace   ] GC(1543) Metaspace: 44325K(45568K)->44325K(45568K) NonClass: 39087K(39936K)->39087K(39936K) Class: 5238K(5632K)->5238K(5632K)
[488.218s][info][gc             ] GC(1543) Pause Young (Normal) (G1 Evacuation Pause) 510M->510M(512M) 0.605ms
[488.218s][info][gc,cpu         ] GC(1543) User=0.00s Sys=0.00s Real=0.00s
[488.218s][info][gc,ergo        ] Attempting maximally compacting collection
[488.218s][info][gc,task        ] GC(1544) Using 8 workers of 8 for full compaction
[488.218s][info][gc,start       ] GC(1544) Pause Full (G1 Evacuation Pause)
[488.218s][info][gc,phases,start] GC(1544) Phase 1: Mark live objects
[488.452s][info][gc,phases      ] GC(1544) Phase 1: Mark live objects 233.133ms
[488.452s][info][gc,phases,start] GC(1544) Phase 2: Prepare for compaction
[488.485s][info][gc,phases      ] GC(1544) Phase 2: Prepare for compaction 33.266ms
[488.485s][info][gc,phases,start] GC(1544) Phase 3: Adjust pointers
[488.561s][info][gc,phases      ] GC(1544) Phase 3: Adjust pointers 76.065ms
[488.561s][info][gc,phases,start] GC(1544) Phase 4: Compact heap
[488.589s][info][gc,phases      ] GC(1544) Phase 4: Compact heap 28.351ms
[488.594s][info][gc,heap        ] GC(1544) Eden regions: 0->0(25)
[488.594s][info][gc,heap        ] GC(1544) Survivor regions: 0->0(0)
[488.594s][info][gc,heap        ] GC(1544) Old regions: 494->494
[488.594s][info][gc,heap        ] GC(1544) Archive regions: 2->2
[488.594s][info][gc,heap        ] GC(1544) Humongous regions: 16->16
[488.594s][info][gc,metaspace   ] GC(1544) Metaspace: 44325K(45568K)->44325K(45568K) NonClass: 39087K(39936K)->39087K(39936K) Class: 5238K(5632K)->5238K(5632K)
[488.594s][info][gc             ] GC(1544) Pause Full (G1 Evacuation Pause) 510M->510M(512M) 375.132ms
[488.595s][info][gc,cpu         ] GC(1544) User=2.51s Sys=0.05s Real=0.37s
[488.595s][info][gc,task        ] GC(1545) Using 8 workers of 8 for full compaction
[488.595s][info][gc,start       ] GC(1545) Pause Full (G1 Evacuation Pause)
[488.595s][info][gc,phases,start] GC(1545) Phase 1: Mark live objects
[488.824s][info][gc,phases      ] GC(1545) Phase 1: Mark live objects 229.038ms
[488.824s][info][gc,phases,start] GC(1545) Phase 2: Prepare for compaction
[488.854s][info][gc,phases      ] GC(1545) Phase 2: Prepare for compaction 30.050ms
[488.854s][info][gc,phases,start] GC(1545) Phase 3: Adjust pointers
[488.928s][info][gc,phases      ] GC(1545) Phase 3: Adjust pointers 73.598ms
[488.928s][info][gc,phases,start] GC(1545) Phase 4: Compact heap
[488.965s][info][gc,phases      ] GC(1545) Phase 4: Compact heap 36.808ms
[488.969s][info][gc,heap        ] GC(1545) Eden regions: 0->0(25)
[488.969s][info][gc,heap        ] GC(1545) Survivor regions: 0->0(0)
[488.969s][info][gc,heap        ] GC(1545) Old regions: 494->494
[488.969s][info][gc,heap        ] GC(1545) Archive regions: 2->2
[488.969s][info][gc,heap        ] GC(1545) Humongous regions: 16->16
[488.969s][info][gc,metaspace   ] GC(1545) Metaspace: 44325K(45568K)->44325K(45568K) NonClass: 39087K(39936K)->39087K(39936K) Class: 5238K(5632K)->5238K(5632K)
[488.969s][info][gc             ] GC(1545) Pause Full (G1 Evacuation Pause) 510M->510M(512M) 374.011ms
[488.971s][info][gc,cpu         ] GC(1545) User=2.49s Sys=0.03s Real=0.38s
[488.971s][info][gc,task        ] GC(1546) Using 8 workers of 8 for full compaction
[488.971s][info][gc,start       ] GC(1546) Pause Full (G1 Evacuation Pause)
[488.971s][info][gc,phases,start] GC(1546) Phase 1: Mark live objects
[489.196s][info][gc,phases      ] GC(1546) Phase 1: Mark live objects 225.266ms
[489.196s][info][gc,phases,start] GC(1546) Phase 2: Prepare for compaction
[489.242s][info][gc,phases      ] GC(1546) Phase 2: Prepare for compaction 45.407ms
[489.242s][info][gc,phases,start] GC(1546) Phase 3: Adjust pointers
[489.320s][info][gc,phases      ] GC(1546) Phase 3: Adjust pointers 78.199ms
[489.320s][info][gc,phases,start] GC(1546) Phase 4: Compact heap
[489.353s][info][gc,phases      ] GC(1546) Phase 4: Compact heap 33.407ms
[489.358s][info][gc,heap        ] GC(1546) Eden regions: 0->0(25)
[489.358s][info][gc,heap        ] GC(1546) Survivor regions: 0->0(0)
[489.358s][info][gc,heap        ] GC(1546) Old regions: 494->494
[489.358s][info][gc,heap        ] GC(1546) Archive regions: 2->2
[489.358s][info][gc,heap        ] GC(1546) Humongous regions: 16->16
[489.358s][info][gc,metaspace   ] GC(1546) Metaspace: 44325K(45568K)->44325K(45568K) NonClass: 39087K(39936K)->39087K(39936K) Class: 5238K(5632K)->5238K(5632K)
[489.358s][info][gc             ] GC(1546) Pause Full (G1 Evacuation Pause) 510M->510M(512M) 387.403ms
[489.360s][info][gc,cpu         ] GC(1546) User=2.59s Sys=0.03s Real=0.39s
[489.360s][info][gc,start       ] GC(1547) Pause Young (Concurrent Start) (G1 Evacuation Pause)
[489.360s][info][gc,task        ] GC(1547) Using 8 workers of 8 for evacuation
[489.361s][info][gc,phases      ] GC(1547)   Pre Evacuate Collection Set: 0.1ms
[489.361s][info][gc,phases      ] GC(1547)   Merge Heap Roots: 0.0ms
[489.361s][info][gc,phases      ] GC(1547)   Evacuate Collection Set: 0.5ms
[489.361s][info][gc,phases      ] GC(1547)   Post Evacuate Collection Set: 0.1ms
[489.361s][info][gc,phases      ] GC(1547)   Other: 0.1ms
[489.361s][info][gc,heap        ] GC(1547) Eden regions: 0->0(25)
[489.361s][info][gc,heap        ] GC(1547) Survivor regions: 0->0(0)
[489.361s][info][gc,heap        ] GC(1547) Old regions: 494->494
[489.361s][info][gc,heap        ] GC(1547) Archive regions: 2->2
[489.361s][info][gc,heap        ] GC(1547) Humongous regions: 16->16
[489.361s][info][gc,metaspace   ] GC(1547) Metaspace: 44325K(45568K)->44325K(45568K) NonClass: 39087K(39936K)->39087K(39936K) Class: 5238K(5632K)->5238K(5632K)
[489.361s][info][gc             ] GC(1547) Pause Young (Concurrent Start) (G1 Evacuation Pause) 510M->510M(512M) 0.983ms
[489.361s][info][gc,cpu         ] GC(1547) User=0.01s Sys=0.00s Real=0.00s
[489.361s][info][gc,ergo        ] Attempting maximally compacting collection
[489.361s][info][gc,task        ] GC(1548) Using 8 workers of 8 for full compaction
[489.361s][info][gc,start       ] GC(1548) Pause Full (G1 Evacuation Pause)
[489.361s][info][gc             ] GC(1549) Concurrent Cycle
[489.361s][info][gc,marking     ] GC(1549) Concurrent Clear Claimed Marks
[489.361s][info][gc,marking     ] GC(1549) Concurrent Clear Claimed Marks 0.074ms
[489.361s][info][gc,marking     ] GC(1549) Concurrent Scan Root Regions
[489.361s][info][gc,marking     ] GC(1549) Concurrent Scan Root Regions 0.028ms
[489.361s][info][gc,marking     ] GC(1549) Concurrent Mark (489.361s)
[489.361s][info][gc,marking     ] GC(1549) Concurrent Mark From Roots
[489.361s][info][gc,task        ] GC(1549) Using 2 workers of 2 for marking
[489.362s][info][gc,phases,start] GC(1548) Phase 1: Mark live objects
[489.636s][info][gc,phases      ] GC(1548) Phase 1: Mark live objects 274.033ms
[489.636s][info][gc,phases,start] GC(1548) Phase 2: Prepare for compaction
[489.672s][info][gc,phases      ] GC(1548) Phase 2: Prepare for compaction 36.518ms
[489.672s][info][gc,phases,start] GC(1548) Phase 3: Adjust pointers
[489.745s][info][gc,phases      ] GC(1548) Phase 3: Adjust pointers 72.216ms
[489.745s][info][gc,phases,start] GC(1548) Phase 4: Compact heap
[489.777s][info][gc,phases      ] GC(1548) Phase 4: Compact heap 32.094ms
[489.781s][info][gc,heap        ] GC(1548) Eden regions: 0->0(25)
[489.781s][info][gc,heap        ] GC(1548) Survivor regions: 0->0(0)
[489.781s][info][gc,heap        ] GC(1548) Old regions: 494->494
[489.781s][info][gc,heap        ] GC(1548) Archive regions: 2->2
[489.781s][info][gc,heap        ] GC(1548) Humongous regions: 16->16
[489.781s][info][gc,metaspace   ] GC(1548) Metaspace: 44325K(45568K)->44325K(45568K) NonClass: 39087K(39936K)->39087K(39936K) Class: 5238K(5632K)->5238K(5632K)
[489.781s][info][gc             ] GC(1548) Pause Full (G1 Evacuation Pause) 510M->510M(512M) 420.171ms
[489.783s][info][gc,cpu         ] GC(1548) User=2.49s Sys=0.04s Real=0.42s
[489.783s][info][gc,task        ] GC(1550) Using 8 workers of 8 for full compaction
[489.783s][info][gc,start       ] GC(1550) Pause Full (G1 Evacuation Pause)
[489.783s][info][gc,phases,start] GC(1550) Phase 1: Mark live objects
[490.015s][info][gc,phases      ] GC(1550) Phase 1: Mark live objects 231.948ms
[490.015s][info][gc,phases,start] GC(1550) Phase 2: Prepare for compaction
[490.048s][info][gc,phases      ] GC(1550) Phase 2: Prepare for compaction 32.456ms
[490.048s][info][gc,phases,start] GC(1550) Phase 3: Adjust pointers
[490.121s][info][gc,phases      ] GC(1550) Phase 3: Adjust pointers 73.187ms
[490.121s][info][gc,phases,start] GC(1550) Phase 4: Compact heap
[490.151s][info][gc,phases      ] GC(1550) Phase 4: Compact heap 29.772ms
[490.155s][info][gc,heap        ] GC(1550) Eden regions: 0->0(25)
[490.155s][info][gc,heap        ] GC(1550) Survivor regions: 0->0(0)
[490.155s][info][gc,heap        ] GC(1550) Old regions: 494->494
[490.155s][info][gc,heap        ] GC(1550) Archive regions: 2->2
[490.155s][info][gc,heap        ] GC(1550) Humongous regions: 16->16
[490.155s][info][gc,metaspace   ] GC(1550) Metaspace: 44325K(45568K)->44325K(45568K) NonClass: 39087K(39936K)->39087K(39936K) Class: 5238K(5632K)->5238K(5632K)
[490.155s][info][gc             ] GC(1550) Pause Full (G1 Evacuation Pause) 510M->510M(512M) 371.861ms
[490.157s][info][gc,cpu         ] GC(1550) User=2.48s Sys=0.05s Real=0.38s
[490.157s][info][gc,task        ] GC(1551) Using 8 workers of 8 for full compaction
[490.157s][info][gc,start       ] GC(1551) Pause Full (G1 Evacuation Pause)
[490.157s][info][gc,phases,start] GC(1551) Phase 1: Mark live objects
[490.387s][info][gc,phases      ] GC(1551) Phase 1: Mark live objects 230.145ms
[490.387s][info][gc,phases,start] GC(1551) Phase 2: Prepare for compaction
[490.421s][info][gc,phases      ] GC(1551) Phase 2: Prepare for compaction 33.376ms
[490.421s][info][gc,phases,start] GC(1551) Phase 3: Adjust pointers
[490.504s][info][gc,phases      ] GC(1551) Phase 3: Adjust pointers 83.641ms
[490.504s][info][gc,phases,start] GC(1551) Phase 4: Compact heap
[490.537s][info][gc,phases      ] GC(1551) Phase 4: Compact heap 32.953ms
[490.541s][info][gc,heap        ] GC(1551) Eden regions: 0->0(25)
[490.541s][info][gc,heap        ] GC(1551) Survivor regions: 0->0(0)
[490.541s][info][gc,heap        ] GC(1551) Old regions: 494->494
[490.541s][info][gc,heap        ] GC(1551) Archive regions: 2->2
[490.541s][info][gc,heap        ] GC(1551) Humongous regions: 16->16
[490.541s][info][gc,metaspace   ] GC(1551) Metaspace: 44325K(45568K)->44325K(45568K) NonClass: 39087K(39936K)->39087K(39936K) Class: 5238K(5632K)->5238K(5632K)
[490.541s][info][gc             ] GC(1551) Pause Full (G1 Evacuation Pause) 510M->510M(512M) 384.504ms
[490.543s][info][gc,cpu         ] GC(1551) User=2.46s Sys=0.05s Real=0.38s
[490.543s][info][gc,marking     ] GC(1549) Concurrent Mark From Roots 1181.714ms
[490.543s][info][gc,start       ] GC(1552) Pause Young (Normal) (G1 Evacuation Pause)
[490.543s][info][gc,task        ] GC(1552) Using 8 workers of 8 for evacuation
[490.544s][info][gc,phases      ] GC(1552)   Pre Evacuate Collection Set: 0.1ms
[490.544s][info][gc,phases      ] GC(1552)   Merge Heap Roots: 0.1ms
[490.544s][info][gc,phases      ] GC(1552)   Evacuate Collection Set: 0.2ms
[490.544s][info][gc,phases      ] GC(1552)   Post Evacuate Collection Set: 0.2ms
[490.544s][info][gc,phases      ] GC(1552)   Other: 0.1ms
[490.544s][info][gc,heap        ] GC(1552) Eden regions: 0->0(25)
[490.544s][info][gc,heap        ] GC(1552) Survivor regions: 0->0(0)
[490.544s][info][gc,heap        ] GC(1552) Old regions: 494->494
[490.544s][info][gc,heap        ] GC(1552) Archive regions: 2->2
[490.544s][info][gc,heap        ] GC(1552) Humongous regions: 16->16
[490.544s][info][gc,metaspace   ] GC(1552) Metaspace: 44325K(45568K)->44325K(45568K) NonClass: 39087K(39936K)->39087K(39936K) Class: 5238K(5632K)->5238K(5632K)
[490.544s][info][gc             ] GC(1552) Pause Young (Normal) (G1 Evacuation Pause) 510M->510M(512M) 0.629ms
[490.544s][info][gc,cpu         ] GC(1552) User=0.00s Sys=0.00s Real=0.00s
[490.544s][info][gc,ergo        ] Attempting maximally compacting collection
[490.544s][info][gc,task        ] GC(1553) Using 8 workers of 8 for full compaction
[490.544s][info][gc,start       ] GC(1553) Pause Full (G1 Evacuation Pause)
[490.544s][info][gc,phases,start] GC(1553) Phase 1: Mark live objects
[490.776s][info][gc,phases      ] GC(1553) Phase 1: Mark live objects 231.962ms
[490.776s][info][gc,phases,start] GC(1553) Phase 2: Prepare for compaction
[490.812s][info][gc,phases      ] GC(1553) Phase 2: Prepare for compaction 35.914ms
[490.812s][info][gc,phases,start] GC(1553) Phase 3: Adjust pointers
[490.887s][info][gc,phases      ] GC(1553) Phase 3: Adjust pointers 75.052ms
[490.887s][info][gc,phases,start] GC(1553) Phase 4: Compact heap
[490.916s][info][gc,phases      ] GC(1553) Phase 4: Compact heap 29.010ms
[490.920s][info][gc,heap        ] GC(1553) Eden regions: 0->0(25)
[490.920s][info][gc,heap        ] GC(1553) Survivor regions: 0->0(0)
[490.920s][info][gc,heap        ] GC(1553) Old regions: 494->494
[490.920s][info][gc,heap        ] GC(1553) Archive regions: 2->2
[490.920s][info][gc,heap        ] GC(1553) Humongous regions: 16->16
[490.920s][info][gc,metaspace   ] GC(1553) Metaspace: 44325K(45568K)->44325K(45568K) NonClass: 39087K(39936K)->39087K(39936K) Class: 5238K(5632K)->5238K(5632K)
[490.921s][info][gc             ] GC(1553) Pause Full (G1 Evacuation Pause) 510M->510M(512M) 376.508ms
[490.923s][info][gc,cpu         ] GC(1553) User=2.52s Sys=0.03s Real=0.38s
[490.923s][info][gc,task        ] GC(1554) Using 8 workers of 8 for full compaction
[490.923s][info][gc,start       ] GC(1554) Pause Full (G1 Evacuation Pause)
[490.923s][info][gc,phases,start] GC(1554) Phase 1: Mark live objects
[491.235s][info][gc,phases      ] GC(1554) Phase 1: Mark live objects 312.525ms
[491.235s][info][gc,phases,start] GC(1554) Phase 2: Prepare for compaction
[491.293s][info][gc,phases      ] GC(1554) Phase 2: Prepare for compaction 58.182ms
[491.294s][info][gc,phases,start] GC(1554) Phase 3: Adjust pointers
[491.366s][info][gc,phases      ] GC(1554) Phase 3: Adjust pointers 72.311ms
[491.366s][info][gc,phases,start] GC(1554) Phase 4: Compact heap
[491.394s][info][gc,phases      ] GC(1554) Phase 4: Compact heap 27.645ms
[491.398s][info][gc,heap        ] GC(1554) Eden regions: 0->0(25)
[491.398s][info][gc,heap        ] GC(1554) Survivor regions: 0->0(0)
[491.398s][info][gc,heap        ] GC(1554) Old regions: 494->494
[491.398s][info][gc,heap        ] GC(1554) Archive regions: 2->2
[491.398s][info][gc,heap        ] GC(1554) Humongous regions: 16->16
[491.398s][info][gc,metaspace   ] GC(1554) Metaspace: 44325K(45568K)->44325K(45568K) NonClass: 39087K(39936K)->39087K(39936K) Class: 5238K(5632K)->5238K(5632K)
[491.398s][info][gc             ] GC(1554) Pause Full (G1 Evacuation Pause) 510M->510M(512M) 475.786ms
[491.400s][info][gc,cpu         ] GC(1554) User=2.46s Sys=0.04s Real=0.48s
[491.400s][info][gc,task        ] GC(1555) Using 8 workers of 8 for full compaction
[491.400s][info][gc,start       ] GC(1555) Pause Full (G1 Evacuation Pause)
[491.400s][info][gc,phases,start] GC(1555) Phase 1: Mark live objects
[491.629s][info][gc,phases      ] GC(1555) Phase 1: Mark live objects 228.334ms
[491.629s][info][gc,phases,start] GC(1555) Phase 2: Prepare for compaction
[491.660s][info][gc,phases      ] GC(1555) Phase 2: Prepare for compaction 31.396ms
[491.660s][info][gc,phases,start] GC(1555) Phase 3: Adjust pointers
[491.736s][info][gc,phases      ] GC(1555) Phase 3: Adjust pointers 75.728ms
[491.736s][info][gc,phases,start] GC(1555) Phase 4: Compact heap
[491.769s][info][gc,phases      ] GC(1555) Phase 4: Compact heap 33.300ms
[491.773s][info][gc,heap        ] GC(1555) Eden regions: 0->0(25)
[491.774s][info][gc,heap        ] GC(1555) Survivor regions: 0->0(0)
[491.774s][info][gc,heap        ] GC(1555) Old regions: 494->494
[491.774s][info][gc,heap        ] GC(1555) Archive regions: 2->2
[491.774s][info][gc,heap        ] GC(1555) Humongous regions: 16->16
[491.774s][info][gc,metaspace   ] GC(1555) Metaspace: 44325K(45568K)->44325K(45568K) NonClass: 39087K(39936K)->39087K(39936K) Class: 5238K(5632K)->5238K(5632K)
[491.774s][info][gc             ] GC(1555) Pause Full (G1 Evacuation Pause) 510M->510M(512M) 373.447ms
[491.776s][info][gc,cpu         ] GC(1555) User=2.47s Sys=0.03s Real=0.38s
[491.776s][info][gc,marking     ] GC(1549) Concurrent Mark Abort
[491.776s][info][gc             ] GC(1549) Concurrent Cycle 2414.887ms
[491.776s][info][gc,start       ] GC(1556) Pause Young (Normal) (G1 Evacuation Pause)
[491.776s][info][gc,task        ] GC(1556) Using 8 workers of 8 for evacuation
[491.777s][info][gc,phases      ] GC(1556)   Pre Evacuate Collection Set: 0.1ms
[491.777s][info][gc,phases      ] GC(1556)   Merge Heap Roots: 0.0ms
[491.777s][info][gc,phases      ] GC(1556)   Evacuate Collection Set: 0.3ms
[491.777s][info][gc,phases      ] GC(1556)   Post Evacuate Collection Set: 0.3ms
[491.777s][info][gc,phases      ] GC(1556)   Other: 0.1ms
[491.777s][info][gc,heap        ] GC(1556) Eden regions: 0->0(25)
[491.777s][info][gc,heap        ] GC(1556) Survivor regions: 0->0(0)
[491.777s][info][gc,heap        ] GC(1556) Old regions: 494->494
[491.777s][info][gc,heap        ] GC(1556) Archive regions: 2->2
[491.777s][info][gc,heap        ] GC(1556) Humongous regions: 16->16
[491.777s][info][gc,metaspace   ] GC(1556) Metaspace: 44325K(45568K)->44325K(45568K) NonClass: 39087K(39936K)->39087K(39936K) Class: 5238K(5632K)->5238K(5632K)
[491.777s][info][gc             ] GC(1556) Pause Young (Normal) (G1 Evacuation Pause) 510M->510M(512M) 0.902ms
[491.777s][info][gc,cpu         ] GC(1556) User=0.00s Sys=0.00s Real=0.00s
[491.777s][info][gc,ergo        ] Attempting maximally compacting collection
[491.777s][info][gc,task        ] GC(1557) Using 8 workers of 8 for full compaction
[491.777s][info][gc,start       ] GC(1557) Pause Full (G1 Evacuation Pause)
[491.777s][info][gc,phases,start] GC(1557) Phase 1: Mark live objects
[492.013s][info][gc,phases      ] GC(1557) Phase 1: Mark live objects 235.987ms
[492.013s][info][gc,phases,start] GC(1557) Phase 2: Prepare for compaction
[492.042s][info][gc,phases      ] GC(1557) Phase 2: Prepare for compaction 28.894ms
[492.042s][info][gc,phases,start] GC(1557) Phase 3: Adjust pointers
[492.120s][info][gc,phases      ] GC(1557) Phase 3: Adjust pointers 77.174ms
[492.120s][info][gc,phases,start] GC(1557) Phase 4: Compact heap
[492.147s][info][gc,phases      ] GC(1557) Phase 4: Compact heap 27.687ms
[492.151s][info][gc,heap        ] GC(1557) Eden regions: 0->0(25)
[492.151s][info][gc,heap        ] GC(1557) Survivor regions: 0->0(0)
[492.151s][info][gc,heap        ] GC(1557) Old regions: 494->494
[492.151s][info][gc,heap        ] GC(1557) Archive regions: 2->2
[492.151s][info][gc,heap        ] GC(1557) Humongous regions: 16->16
[492.151s][info][gc,metaspace   ] GC(1557) Metaspace: 44325K(45568K)->44325K(45568K) NonClass: 39087K(39936K)->39087K(39936K) Class: 5238K(5632K)->5238K(5632K)
[492.151s][info][gc             ] GC(1557) Pause Full (G1 Evacuation Pause) 510M->510M(512M) 374.031ms
[492.153s][info][gc,cpu         ] GC(1557) User=2.48s Sys=0.03s Real=0.37s
[492.153s][info][gc,task        ] GC(1558) Using 8 workers of 8 for full compaction
[492.153s][info][gc,start       ] GC(1558) Pause Full (G1 Evacuation Pause)
[492.153s][info][gc,phases,start] GC(1558) Phase 1: Mark live objects
[492.383s][info][gc,phases      ] GC(1558) Phase 1: Mark live objects 229.587ms
[492.383s][info][gc,phases,start] GC(1558) Phase 2: Prepare for compaction
[492.412s][info][gc,phases      ] GC(1558) Phase 2: Prepare for compaction 29.357ms
[492.412s][info][gc,phases,start] GC(1558) Phase 3: Adjust pointers
[492.488s][info][gc,phases      ] GC(1558) Phase 3: Adjust pointers 75.585ms
[492.488s][info][gc,phases,start] GC(1558) Phase 4: Compact heap
[492.515s][info][gc,phases      ] GC(1558) Phase 4: Compact heap 26.841ms
[492.519s][info][gc,heap        ] GC(1558) Eden regions: 0->0(25)
[492.519s][info][gc,heap        ] GC(1558) Survivor regions: 0->0(0)
[492.519s][info][gc,heap        ] GC(1558) Old regions: 494->494
[492.519s][info][gc,heap        ] GC(1558) Archive regions: 2->2
[492.519s][info][gc,heap        ] GC(1558) Humongous regions: 16->16
[492.519s][info][gc,metaspace   ] GC(1558) Metaspace: 44325K(45568K)->44325K(45568K) NonClass: 39087K(39936K)->39087K(39936K) Class: 5238K(5632K)->5238K(5632K)
[492.519s][info][gc             ] GC(1558) Pause Full (G1 Evacuation Pause) 510M->510M(512M) 366.047ms
[492.521s][info][gc,cpu         ] GC(1558) User=2.50s Sys=0.04s Real=0.37s
[492.521s][info][gc,task        ] GC(1559) Using 8 workers of 8 for full compaction
[492.521s][info][gc,start       ] GC(1559) Pause Full (G1 Evacuation Pause)
[492.521s][info][gc,phases,start] GC(1559) Phase 1: Mark live objects
[492.746s][info][gc,phases      ] GC(1559) Phase 1: Mark live objects 225.277ms
[492.746s][info][gc,phases,start] GC(1559) Phase 2: Prepare for compaction
[492.781s][info][gc,phases      ] GC(1559) Phase 2: Prepare for compaction 35.043ms
[492.781s][info][gc,phases,start] GC(1559) Phase 3: Adjust pointers
[492.854s][info][gc,phases      ] GC(1559) Phase 3: Adjust pointers 72.827ms
[492.854s][info][gc,phases,start] GC(1559) Phase 4: Compact heap
[492.881s][info][gc,phases      ] GC(1559) Phase 4: Compact heap 26.553ms
[492.885s][info][gc,heap        ] GC(1559) Eden regions: 0->0(25)
[492.885s][info][gc,heap        ] GC(1559) Survivor regions: 0->0(0)
[492.885s][info][gc,heap        ] GC(1559) Old regions: 494->494
[492.885s][info][gc,heap        ] GC(1559) Archive regions: 2->2
[492.885s][info][gc,heap        ] GC(1559) Humongous regions: 16->16
[492.885s][info][gc,metaspace   ] GC(1559) Metaspace: 44325K(45568K)->44325K(45568K) NonClass: 39087K(39936K)->39087K(39936K) Class: 5238K(5632K)->5238K(5632K)
[492.885s][info][gc             ] GC(1559) Pause Full (G1 Evacuation Pause) 510M->510M(512M) 364.176ms
[492.887s][info][gc,cpu         ] GC(1559) User=2.47s Sys=0.02s Real=0.37s
[492.887s][info][gc,start       ] GC(1560) Pause Young (Concurrent Start) (G1 Evacuation Pause)
[492.887s][info][gc,task        ] GC(1560) Using 8 workers of 8 for evacuation
[492.888s][info][gc,phases      ] GC(1560)   Pre Evacuate Collection Set: 0.1ms
[492.888s][info][gc,phases      ] GC(1560)   Merge Heap Roots: 0.0ms
[492.888s][info][gc,phases      ] GC(1560)   Evacuate Collection Set: 0.5ms
[492.888s][info][gc,phases      ] GC(1560)   Post Evacuate Collection Set: 0.2ms
[492.888s][info][gc,phases      ] GC(1560)   Other: 0.1ms
[492.888s][info][gc,heap        ] GC(1560) Eden regions: 0->0(25)
[492.888s][info][gc,heap        ] GC(1560) Survivor regions: 0->0(0)
[492.888s][info][gc,heap        ] GC(1560) Old regions: 494->494
[492.888s][info][gc,heap        ] GC(1560) Archive regions: 2->2
[492.888s][info][gc,heap        ] GC(1560) Humongous regions: 16->16
[492.888s][info][gc,metaspace   ] GC(1560) Metaspace: 44325K(45568K)->44325K(45568K) NonClass: 39087K(39936K)->39087K(39936K) Class: 5238K(5632K)->5238K(5632K)
[492.888s][info][gc             ] GC(1560) Pause Young (Concurrent Start) (G1 Evacuation Pause) 510M->510M(512M) 0.990ms
[492.888s][info][gc,cpu         ] GC(1560) User=0.01s Sys=0.00s Real=0.00s
[492.888s][info][gc,ergo        ] Attempting maximally compacting collection
[492.888s][info][gc             ] GC(1561) Concurrent Cycle
[492.888s][info][gc,task        ] GC(1562) Using 8 workers of 8 for full compaction
[492.888s][info][gc,marking     ] GC(1561) Concurrent Clear Claimed Marks
[492.888s][info][gc,start       ] GC(1562) Pause Full (G1 Evacuation Pause)
[492.888s][info][gc,marking     ] GC(1561) Concurrent Clear Claimed Marks 0.062ms
[492.888s][info][gc,marking     ] GC(1561) Concurrent Scan Root Regions
[492.888s][info][gc,marking     ] GC(1561) Concurrent Scan Root Regions 0.029ms
[492.888s][info][gc,marking     ] GC(1561) Concurrent Mark (492.888s)
[492.888s][info][gc,marking     ] GC(1561) Concurrent Mark From Roots
[492.888s][info][gc,task        ] GC(1561) Using 2 workers of 2 for marking
[492.889s][info][gc,phases,start] GC(1562) Phase 1: Mark live objects
[493.117s][info][gc,phases      ] GC(1562) Phase 1: Mark live objects 228.432ms
[493.117s][info][gc,phases,start] GC(1562) Phase 2: Prepare for compaction
[493.150s][info][gc,phases      ] GC(1562) Phase 2: Prepare for compaction 32.786ms
[493.150s][info][gc,phases,start] GC(1562) Phase 3: Adjust pointers
[493.224s][info][gc,phases      ] GC(1562) Phase 3: Adjust pointers 74.038ms
[493.224s][info][gc,phases,start] GC(1562) Phase 4: Compact heap
[493.249s][info][gc,phases      ] GC(1562) Phase 4: Compact heap 24.578ms
[493.254s][info][gc,heap        ] GC(1562) Eden regions: 0->0(25)
[493.254s][info][gc,heap        ] GC(1562) Survivor regions: 0->0(0)
[493.254s][info][gc,heap        ] GC(1562) Old regions: 494->494
[493.254s][info][gc,heap        ] GC(1562) Archive regions: 2->2
[493.254s][info][gc,heap        ] GC(1562) Humongous regions: 16->16
[493.254s][info][gc,metaspace   ] GC(1562) Metaspace: 44325K(45568K)->44325K(45568K) NonClass: 39087K(39936K)->39087K(39936K) Class: 5238K(5632K)->5238K(5632K)
[493.254s][info][gc             ] GC(1562) Pause Full (G1 Evacuation Pause) 510M->510M(512M) 365.529ms
[493.255s][info][gc,cpu         ] GC(1562) User=2.50s Sys=0.05s Real=0.36s
[493.255s][info][gc,task        ] GC(1563) Using 8 workers of 8 for full compaction
[493.255s][info][gc,start       ] GC(1563) Pause Full (G1 Evacuation Pause)
[493.255s][info][gc,phases,start] GC(1563) Phase 1: Mark live objects
[493.484s][info][gc,phases      ] GC(1563) Phase 1: Mark live objects 229.363ms
[493.485s][info][gc,phases,start] GC(1563) Phase 2: Prepare for compaction
[493.516s][info][gc,phases      ] GC(1563) Phase 2: Prepare for compaction 31.820ms
[493.516s][info][gc,phases,start] GC(1563) Phase 3: Adjust pointers
[493.595s][info][gc,phases      ] GC(1563) Phase 3: Adjust pointers 78.896ms
[493.595s][info][gc,phases,start] GC(1563) Phase 4: Compact heap
[493.620s][info][gc,phases      ] GC(1563) Phase 4: Compact heap 24.848ms
[493.624s][info][gc,heap        ] GC(1563) Eden regions: 0->0(25)
[493.624s][info][gc,heap        ] GC(1563) Survivor regions: 0->0(0)
[493.624s][info][gc,heap        ] GC(1563) Old regions: 494->494
[493.624s][info][gc,heap        ] GC(1563) Archive regions: 2->2
[493.624s][info][gc,heap        ] GC(1563) Humongous regions: 16->16
[493.624s][info][gc,metaspace   ] GC(1563) Metaspace: 44325K(45568K)->44325K(45568K) NonClass: 39087K(39936K)->39087K(39936K) Class: 5238K(5632K)->5238K(5632K)
[493.624s][info][gc             ] GC(1563) Pause Full (G1 Evacuation Pause) 510M->510M(512M) 369.406ms
[493.626s][info][gc,cpu         ] GC(1563) User=2.51s Sys=0.04s Real=0.38s
[493.626s][info][gc,task        ] GC(1564) Using 8 workers of 8 for full compaction
[493.626s][info][gc,start       ] GC(1564) Pause Full (G1 Evacuation Pause)
[493.626s][info][gc,phases,start] GC(1564) Phase 1: Mark live objects
[493.855s][info][gc,phases      ] GC(1564) Phase 1: Mark live objects 228.871ms
[493.855s][info][gc,phases,start] GC(1564) Phase 2: Prepare for compaction
[493.884s][info][gc,phases      ] GC(1564) Phase 2: Prepare for compaction 29.150ms
[493.884s][info][gc,phases,start] GC(1564) Phase 3: Adjust pointers
[493.959s][info][gc,phases      ] GC(1564) Phase 3: Adjust pointers 74.783ms
[493.959s][info][gc,phases,start] GC(1564) Phase 4: Compact heap
[493.992s][info][gc,phases      ] GC(1564) Phase 4: Compact heap 33.236ms
[493.996s][info][gc,heap        ] GC(1564) Eden regions: 0->0(25)
[493.996s][info][gc,heap        ] GC(1564) Survivor regions: 0->0(0)
[493.996s][info][gc,heap        ] GC(1564) Old regions: 494->494
[493.996s][info][gc,heap        ] GC(1564) Archive regions: 2->2
[493.996s][info][gc,heap        ] GC(1564) Humongous regions: 16->16
