[0.009s][info][gc] Using G1
[0.012s][info][gc,init] Version: 15.0.1+9 (release)
[0.012s][info][gc,init] CPUs: 8 total, 8 available
[0.012s][info][gc,init] Memory: 32768M
[0.012s][info][gc,init] Large Page Support: Disabled
[0.012s][info][gc,init] NUMA Support: Disabled
[0.012s][info][gc,init] Compressed Oops: Enabled (Zero based)
[0.012s][info][gc,init] Heap Region Size: 1M
[0.012s][info][gc,init] Heap Min Capacity: 8M
[0.012s][info][gc,init] Heap Initial Capacity: 512M
[0.012s][info][gc,init] Heap Max Capacity: 512M
[0.012s][info][gc,init] Pre-touch: Disabled
[0.012s][info][gc,init] Parallel Workers: 8
[0.012s][info][gc,init] Concurrent Workers: 2
[0.012s][info][gc,init] Concurrent Refinement Workers: 8
[0.012s][info][gc,init] Periodic GC: Disabled
[0.013s][info][gc,cds ] Mark closed archive regions in map: [0x00000007fff00000, 0x00000007fff78ff8]
[0.013s][info][gc,cds ] Mark open archive regions in map: [0x00000007ffe00000, 0x00000007ffe50ff8]
[0.013s][info][gc,metaspace] CDS archive(s) mapped at: [0x0000000800000000-0x0000000800b2d000-0x0000000800b2d000), size 11718656, SharedBaseAddress: 0x0000000800000000, ArchiveRelocationMode: 0.
[0.013s][info][gc,metaspace] Compressed class space mapped at: 0x0000000800b30000-0x0000000840b30000, size: 1073741824
[0.013s][info][gc,metaspace] Narrow klass base: 0x0000000800000000, Narrow klass shift: 3, Narrow klass range: 0x100000000
[0.311s][info][gc,start    ] GC(0) Pause Young (Normal) (G1 Evacuation Pause)
[0.312s][info][gc,task     ] GC(0) Using 8 workers of 8 for evacuation
[0.314s][info][gc,phases   ] GC(0)   Pre Evacuate Collection Set: 0.1ms
[0.314s][info][gc,phases   ] GC(0)   Merge Heap Roots: 0.1ms
[0.314s][info][gc,phases   ] GC(0)   Evacuate Collection Set: 2.0ms
[0.314s][info][gc,phases   ] GC(0)   Post Evacuate Collection Set: 0.3ms
[0.314s][info][gc,phases   ] GC(0)   Other: 0.6ms
[0.314s][info][gc,heap     ] GC(0) Eden regions: 25->0(42)
[0.314s][info][gc,heap     ] GC(0) Survivor regions: 0->3(4)
[0.314s][info][gc,heap     ] GC(0) Old regions: 0->0
[0.314s][info][gc,heap     ] GC(0) Archive regions: 2->2
[0.314s][info][gc,heap     ] GC(0) Humongous regions: 0->0
[0.314s][info][gc,metaspace] GC(0) Metaspace: 3602K(6272K)->3602K(6272K) NonClass: 3250K(5632K)->3250K(5632K) Class: 351K(640K)->351K(640K)
[0.314s][info][gc          ] GC(0) Pause Young (Normal) (G1 Evacuation Pause) 25M->3M(512M) 3.036ms
[0.314s][info][gc,cpu      ] GC(0) User=0.01s Sys=0.00s Real=0.00s
[0.632s][info][gc,start    ] GC(1) Pause Young (Normal) (G1 Evacuation Pause)
[0.632s][info][gc,task     ] GC(1) Using 8 workers of 8 for evacuation
[0.635s][info][gc,phases   ] GC(1)   Pre Evacuate Collection Set: 0.1ms
[0.635s][info][gc,phases   ] GC(1)   Merge Heap Roots: 0.0ms
[0.635s][info][gc,phases   ] GC(1)   Evacuate Collection Set: 2.6ms
[0.635s][info][gc,phases   ] GC(1)   Post Evacuate Collection Set: 0.4ms
[0.635s][info][gc,phases   ] GC(1)   Other: 0.1ms
[0.635s][info][gc,heap     ] GC(1) Eden regions: 42->0(303)
[0.635s][info][gc,heap     ] GC(1) Survivor regions: 3->4(6)
[0.635s][info][gc,heap     ] GC(1) Old regions: 0->0
[0.635s][info][gc,heap     ] GC(1) Archive regions: 2->2
[0.635s][info][gc,heap     ] GC(1) Humongous regions: 0->0
[0.635s][info][gc,metaspace] GC(1) Metaspace: 7391K(8704K)->7391K(8704K) NonClass: 6499K(7680K)->6499K(7680K) Class: 891K(1024K)->891K(1024K)
[0.635s][info][gc          ] GC(1) Pause Young (Normal) (G1 Evacuation Pause) 45M->4M(512M) 3.261ms
[0.635s][info][gc,cpu      ] GC(1) User=0.03s Sys=0.01s Real=0.01s
[1.801s][info][gc,start    ] GC(2) Pause Young (Concurrent Start) (Metadata GC Threshold)
[1.801s][info][gc,task     ] GC(2) Using 8 workers of 8 for evacuation
[1.808s][info][gc,phases   ] GC(2)   Pre Evacuate Collection Set: 0.1ms
[1.809s][info][gc,phases   ] GC(2)   Merge Heap Roots: 0.0ms
[1.809s][info][gc,phases   ] GC(2)   Evacuate Collection Set: 6.7ms
[1.809s][info][gc,phases   ] GC(2)   Post Evacuate Collection Set: 0.8ms
[1.809s][info][gc,phases   ] GC(2)   Other: 0.2ms
[1.809s][info][gc,heap     ] GC(2) Eden regions: 222->0(299)
[1.809s][info][gc,heap     ] GC(2) Survivor regions: 4->8(39)
[1.809s][info][gc,heap     ] GC(2) Old regions: 0->0
[1.809s][info][gc,heap     ] GC(2) Archive regions: 2->2
[1.809s][info][gc,heap     ] GC(2) Humongous regions: 0->0
[1.809s][info][gc,metaspace] GC(2) Metaspace: 20673K(21248K)->20673K(21248K) NonClass: 18203K(18688K)->18203K(18688K) Class: 2469K(2560K)->2469K(2560K)
[1.809s][info][gc          ] GC(2) Pause Young (Concurrent Start) (Metadata GC Threshold) 225M->8M(512M) 7.957ms
[1.809s][info][gc,cpu      ] GC(2) User=0.05s Sys=0.00s Real=0.01s
[1.809s][info][gc          ] GC(3) Concurrent Cycle
[1.809s][info][gc,marking  ] GC(3) Concurrent Clear Claimed Marks
[1.809s][info][gc,marking  ] GC(3) Concurrent Clear Claimed Marks 0.029ms
[1.809s][info][gc,marking  ] GC(3) Concurrent Scan Root Regions
[1.812s][info][gc,marking  ] GC(3) Concurrent Scan Root Regions 3.168ms
[1.812s][info][gc,marking  ] GC(3) Concurrent Mark (1.812s)
[1.812s][info][gc,marking  ] GC(3) Concurrent Mark From Roots
[1.812s][info][gc,task     ] GC(3) Using 2 workers of 2 for marking
[1.813s][info][gc,marking  ] GC(3) Concurrent Mark From Roots 0.729ms
[1.813s][info][gc,marking  ] GC(3) Concurrent Preclean
[1.813s][info][gc,marking  ] GC(3) Concurrent Preclean 0.023ms
[1.813s][info][gc,marking  ] GC(3) Concurrent Mark (1.812s, 1.813s) 0.783ms
[1.813s][info][gc,start    ] GC(3) Pause Remark
[1.819s][info][gc          ] GC(3) Pause Remark 9M->9M(37M) 6.342ms
[1.819s][info][gc,cpu      ] GC(3) User=0.00s Sys=0.01s Real=0.01s
[1.819s][info][gc,marking  ] GC(3) Concurrent Rebuild Remembered Sets
[1.820s][info][gc,marking  ] GC(3) Concurrent Rebuild Remembered Sets 0.311ms
[1.820s][info][gc,start    ] GC(3) Pause Cleanup
[1.820s][info][gc          ] GC(3) Pause Cleanup 9M->9M(37M) 0.041ms
[1.820s][info][gc,cpu      ] GC(3) User=0.00s Sys=0.00s Real=0.00s
[1.820s][info][gc,marking  ] GC(3) Concurrent Cleanup for Next Mark
[1.820s][info][gc,marking  ] GC(3) Concurrent Cleanup for Next Mark 0.277ms
[1.820s][info][gc          ] GC(3) Concurrent Cycle 11.545ms
[1.985s][info][gc,start    ] GC(4) Pause Young (Normal) (G1 Evacuation Pause)
[1.985s][info][gc,task     ] GC(4) Using 5 workers of 8 for evacuation
[1.996s][info][gc,phases   ] GC(4)   Pre Evacuate Collection Set: 0.0ms
[1.996s][info][gc,phases   ] GC(4)   Merge Heap Roots: 0.0ms
[1.996s][info][gc,phases   ] GC(4)   Evacuate Collection Set: 10.3ms
[1.996s][info][gc,phases   ] GC(4)   Post Evacuate Collection Set: 0.8ms
[1.996s][info][gc,phases   ] GC(4)   Other: 0.1ms
[1.996s][info][gc,heap     ] GC(4) Eden regions: 14->0(17)
[1.996s][info][gc,heap     ] GC(4) Survivor regions: 8->2(3)
[1.996s][info][gc,heap     ] GC(4) Old regions: 0->8
[1.996s][info][gc,heap     ] GC(4) Archive regions: 2->2
[1.996s][info][gc,heap     ] GC(4) Humongous regions: 0->0
[1.996s][info][gc,metaspace] GC(4) Metaspace: 22625K(23420K)->22625K(23420K) NonClass: 19893K(20480K)->19893K(20480K) Class: 2731K(2940K)->2731K(2940K)
[1.996s][info][gc          ] GC(4) Pause Young (Normal) (G1 Evacuation Pause) 22M->10M(37M) 11.409ms
[1.996s][info][gc,cpu      ] GC(4) User=0.06s Sys=0.00s Real=0.01s
[2.219s][info][gc,start    ] GC(5) Pause Young (Normal) (G1 Evacuation Pause)
[2.219s][info][gc,task     ] GC(5) Using 3 workers of 8 for evacuation
[2.221s][info][gc,phases   ] GC(5)   Pre Evacuate Collection Set: 0.0ms
[2.221s][info][gc,phases   ] GC(5)   Merge Heap Roots: 0.0ms
[2.221s][info][gc,phases   ] GC(5)   Evacuate Collection Set: 2.2ms
[2.221s][info][gc,phases   ] GC(5)   Post Evacuate Collection Set: 0.2ms
[2.221s][info][gc,phases   ] GC(5)   Other: 0.1ms
[2.221s][info][gc,heap     ] GC(5) Eden regions: 17->0(16)
[2.221s][info][gc,heap     ] GC(5) Survivor regions: 2->3(3)
[2.221s][info][gc,heap     ] GC(5) Old regions: 8->8
[2.221s][info][gc,heap     ] GC(5) Archive regions: 2->2
[2.221s][info][gc,heap     ] GC(5) Humongous regions: 0->0
[2.221s][info][gc,metaspace] GC(5) Metaspace: 24624K(25468K)->24624K(25468K) NonClass: 21683K(22272K)->21683K(22272K) Class: 2940K(3196K)->2940K(3196K)
[2.221s][info][gc          ] GC(5) Pause Young (Normal) (G1 Evacuation Pause) 27M->10M(37M) 2.667ms
[2.221s][info][gc,cpu      ] GC(5) User=0.01s Sys=0.00s Real=0.00s
[2.336s][info][gc,start    ] GC(6) Pause Young (Normal) (G1 Evacuation Pause)
[2.336s][info][gc,task     ] GC(6) Using 8 workers of 8 for evacuation
[2.338s][info][gc,phases   ] GC(6)   Pre Evacuate Collection Set: 0.0ms
[2.338s][info][gc,phases   ] GC(6)   Merge Heap Roots: 0.0ms
[2.339s][info][gc,phases   ] GC(6)   Evacuate Collection Set: 1.7ms
[2.339s][info][gc,phases   ] GC(6)   Post Evacuate Collection Set: 0.2ms
[2.339s][info][gc,phases   ] GC(6)   Other: 0.1ms
[2.339s][info][gc,heap     ] GC(6) Eden regions: 16->0(17)
[2.339s][info][gc,heap     ] GC(6) Survivor regions: 3->2(3)
[2.339s][info][gc,heap     ] GC(6) Old regions: 8->9
[2.339s][info][gc,heap     ] GC(6) Archive regions: 2->2
[2.339s][info][gc,heap     ] GC(6) Humongous regions: 0->0
[2.339s][info][gc,metaspace] GC(6) Metaspace: 25714K(26620K)->25714K(26620K) NonClass: 22639K(23296K)->22639K(23296K) Class: 3075K(3324K)->3075K(3324K)
[2.339s][info][gc          ] GC(6) Pause Young (Normal) (G1 Evacuation Pause) 26M->11M(37M) 2.274ms
[2.339s][info][gc,cpu      ] GC(6) User=0.02s Sys=0.00s Real=0.00s
[2.515s][info][gc,start    ] GC(7) Pause Young (Normal) (G1 Evacuation Pause)
[2.515s][info][gc,task     ] GC(7) Using 8 workers of 8 for evacuation
[2.517s][info][gc,phases   ] GC(7)   Pre Evacuate Collection Set: 0.0ms
[2.517s][info][gc,phases   ] GC(7)   Merge Heap Roots: 0.0ms
[2.517s][info][gc,phases   ] GC(7)   Evacuate Collection Set: 1.6ms
[2.517s][info][gc,phases   ] GC(7)   Post Evacuate Collection Set: 0.2ms
[2.517s][info][gc,phases   ] GC(7)   Other: 0.1ms
[2.517s][info][gc,heap     ] GC(7) Eden regions: 17->0(16)
[2.517s][info][gc,heap     ] GC(7) Survivor regions: 2->3(3)
[2.517s][info][gc,heap     ] GC(7) Old regions: 9->9
[2.517s][info][gc,heap     ] GC(7) Archive regions: 2->2
[2.517s][info][gc,heap     ] GC(7) Humongous regions: 0->0
[2.517s][info][gc,metaspace] GC(7) Metaspace: 26710K(27516K)->26710K(27516K) NonClass: 23518K(24064K)->23518K(24064K) Class: 3191K(3452K)->3191K(3452K)
[2.517s][info][gc          ] GC(7) Pause Young (Normal) (G1 Evacuation Pause) 28M->12M(37M) 2.077ms
[2.517s][info][gc,cpu      ] GC(7) User=0.01s Sys=0.00s Real=0.00s
[2.688s][info][gc,start    ] GC(8) Pause Young (Normal) (G1 Evacuation Pause)
[2.688s][info][gc,task     ] GC(8) Using 8 workers of 8 for evacuation
[2.690s][info][gc,phases   ] GC(8)   Pre Evacuate Collection Set: 0.0ms
[2.690s][info][gc,phases   ] GC(8)   Merge Heap Roots: 0.0ms
[2.690s][info][gc,phases   ] GC(8)   Evacuate Collection Set: 2.0ms
[2.690s][info][gc,phases   ] GC(8)   Post Evacuate Collection Set: 0.2ms
[2.690s][info][gc,phases   ] GC(8)   Other: 0.1ms
[2.690s][info][gc,heap     ] GC(8) Eden regions: 16->0(15)
[2.690s][info][gc,heap     ] GC(8) Survivor regions: 3->3(3)
[2.690s][info][gc,heap     ] GC(8) Old regions: 9->10
[2.690s][info][gc,heap     ] GC(8) Archive regions: 2->2
[2.690s][info][gc,heap     ] GC(8) Humongous regions: 0->0
[2.690s][info][gc,metaspace] GC(8) Metaspace: 27967K(28924K)->27967K(28924K) NonClass: 24624K(25344K)->24624K(25344K) Class: 3343K(3580K)->3343K(3580K)
[2.690s][info][gc          ] GC(8) Pause Young (Normal) (G1 Evacuation Pause) 28M->12M(37M) 2.417ms
[2.690s][info][gc,cpu      ] GC(8) User=0.01s Sys=0.00s Real=0.00s
[2.859s][info][gc,start    ] GC(9) Pause Young (Normal) (G1 Evacuation Pause)
[2.859s][info][gc,task     ] GC(9) Using 8 workers of 8 for evacuation
[2.862s][info][gc,phases   ] GC(9)   Pre Evacuate Collection Set: 0.0ms
[2.862s][info][gc,phases   ] GC(9)   Merge Heap Roots: 0.0ms
[2.862s][info][gc,phases   ] GC(9)   Evacuate Collection Set: 2.6ms
[2.862s][info][gc,phases   ] GC(9)   Post Evacuate Collection Set: 0.5ms
[2.862s][info][gc,phases   ] GC(9)   Other: 0.1ms
[2.862s][info][gc,heap     ] GC(9) Eden regions: 15->0(14)
[2.862s][info][gc,heap     ] GC(9) Survivor regions: 3->2(3)
[2.862s][info][gc,heap     ] GC(9) Old regions: 10->12
[2.862s][info][gc,heap     ] GC(9) Archive regions: 2->2
[2.862s][info][gc,heap     ] GC(9) Humongous regions: 0->0
[2.862s][info][gc,metaspace] GC(9) Metaspace: 28836K(29820K)->28836K(29820K) NonClass: 25373K(26112K)->25373K(26112K) Class: 3462K(3708K)->3462K(3708K)
[2.862s][info][gc          ] GC(9) Pause Young (Normal) (G1 Evacuation Pause) 27M->13M(37M) 3.537ms
[2.862s][info][gc,cpu      ] GC(9) User=0.02s Sys=0.00s Real=0.00s
[2.946s][info][gc,start    ] GC(10) Pause Young (Normal) (G1 Evacuation Pause)
[2.946s][info][gc,task     ] GC(10) Using 8 workers of 8 for evacuation
[2.948s][info][gc,phases   ] GC(10)   Pre Evacuate Collection Set: 0.0ms
[2.948s][info][gc,phases   ] GC(10)   Merge Heap Roots: 0.0ms
[2.948s][info][gc,phases   ] GC(10)   Evacuate Collection Set: 1.8ms
[2.948s][info][gc,phases   ] GC(10)   Post Evacuate Collection Set: 0.2ms
[2.948s][info][gc,phases   ] GC(10)   Other: 0.1ms
[2.948s][info][gc,heap     ] GC(10) Eden regions: 14->0(13)
[2.948s][info][gc,heap     ] GC(10) Survivor regions: 2->2(2)
[2.948s][info][gc,heap     ] GC(10) Old regions: 12->13
[2.948s][info][gc,heap     ] GC(10) Archive regions: 2->2
[2.948s][info][gc,heap     ] GC(10) Humongous regions: 0->0
[2.948s][info][gc,metaspace] GC(10) Metaspace: 29669K(30716K)->29669K(30716K) NonClass: 26102K(26880K)->26102K(26880K) Class: 3567K(3836K)->3567K(3836K)
[2.948s][info][gc          ] GC(10) Pause Young (Normal) (G1 Evacuation Pause) 27M->14M(37M) 2.278ms
[2.948s][info][gc,cpu      ] GC(10) User=0.01s Sys=0.00s Real=0.00s
[3.017s][info][gc,start    ] GC(11) Pause Young (Normal) (G1 Evacuation Pause)
[3.017s][info][gc,task     ] GC(11) Using 8 workers of 8 for evacuation
[3.019s][info][gc,phases   ] GC(11)   Pre Evacuate Collection Set: 0.0ms
[3.019s][info][gc,phases   ] GC(11)   Merge Heap Roots: 0.0ms
[3.019s][info][gc,phases   ] GC(11)   Evacuate Collection Set: 1.0ms
[3.019s][info][gc,phases   ] GC(11)   Post Evacuate Collection Set: 0.2ms
[3.019s][info][gc,phases   ] GC(11)   Other: 0.1ms
[3.019s][info][gc,heap     ] GC(11) Eden regions: 13->0(15)
[3.019s][info][gc,heap     ] GC(11) Survivor regions: 2->1(2)
[3.019s][info][gc,heap     ] GC(11) Old regions: 13->13
[3.019s][info][gc,heap     ] GC(11) Archive regions: 2->2
[3.019s][info][gc,heap     ] GC(11) Humongous regions: 0->0
[3.019s][info][gc,metaspace] GC(11) Metaspace: 30445K(31484K)->30445K(31484K) NonClass: 26772K(27648K)->26772K(27648K) Class: 3673K(3836K)->3673K(3836K)
[3.019s][info][gc          ] GC(11) Pause Young (Normal) (G1 Evacuation Pause) 27M->14M(37M) 1.378ms
[3.019s][info][gc,cpu      ] GC(11) User=0.01s Sys=0.00s Real=0.00s
[3.141s][info][gc,start    ] GC(12) Pause Young (Normal) (G1 Evacuation Pause)
[3.142s][info][gc,task     ] GC(12) Using 8 workers of 8 for evacuation
[3.144s][info][gc,phases   ] GC(12)   Pre Evacuate Collection Set: 0.0ms
[3.144s][info][gc,phases   ] GC(12)   Merge Heap Roots: 0.0ms
[3.144s][info][gc,phases   ] GC(12)   Evacuate Collection Set: 1.8ms
[3.144s][info][gc,phases   ] GC(12)   Post Evacuate Collection Set: 0.2ms
[3.144s][info][gc,phases   ] GC(12)   Other: 0.1ms
[3.144s][info][gc,heap     ] GC(12) Eden regions: 15->0(14)
[3.144s][info][gc,heap     ] GC(12) Survivor regions: 1->2(2)
[3.144s][info][gc,heap     ] GC(12) Old regions: 13->13
[3.144s][info][gc,heap     ] GC(12) Archive regions: 2->2
[3.144s][info][gc,heap     ] GC(12) Humongous regions: 0->0
[3.144s][info][gc,metaspace] GC(12) Metaspace: 31390K(32508K)->31390K(32508K) NonClass: 27602K(28416K)->27602K(28416K) Class: 3787K(4092K)->3787K(4092K)
[3.144s][info][gc          ] GC(12) Pause Young (Normal) (G1 Evacuation Pause) 29M->14M(37M) 2.433ms
[3.144s][info][gc,cpu      ] GC(12) User=0.02s Sys=0.00s Real=0.00s
[3.284s][info][gc,start    ] GC(13) Pause Young (Normal) (G1 Evacuation Pause)
[3.284s][info][gc,task     ] GC(13) Using 8 workers of 8 for evacuation
[3.286s][info][gc,phases   ] GC(13)   Pre Evacuate Collection Set: 0.0ms
[3.286s][info][gc,phases   ] GC(13)   Merge Heap Roots: 0.0ms
[3.286s][info][gc,phases   ] GC(13)   Evacuate Collection Set: 1.8ms
[3.286s][info][gc,phases   ] GC(13)   Post Evacuate Collection Set: 0.3ms
[3.286s][info][gc,phases   ] GC(13)   Other: 0.1ms
[3.286s][info][gc,heap     ] GC(13) Eden regions: 14->0(13)
[3.286s][info][gc,heap     ] GC(13) Survivor regions: 2->2(2)
[3.286s][info][gc,heap     ] GC(13) Old regions: 13->14
[3.286s][info][gc,heap     ] GC(13) Archive regions: 2->2
[3.286s][info][gc,heap     ] GC(13) Humongous regions: 0->0
[3.286s][info][gc,metaspace] GC(13) Metaspace: 32824K(34044K)->32824K(34044K) NonClass: 28783K(29696K)->28783K(29696K) Class: 4040K(4348K)->4040K(4348K)
[3.286s][info][gc          ] GC(13) Pause Young (Normal) (G1 Evacuation Pause) 28M->15M(37M) 2.413ms
[3.287s][info][gc,cpu      ] GC(13) User=0.02s Sys=0.00s Real=0.01s
[3.331s][info][gc,start    ] GC(14) Pause Young (Normal) (G1 Evacuation Pause)
[3.331s][info][gc,task     ] GC(14) Using 8 workers of 8 for evacuation
[3.334s][info][gc,phases   ] GC(14)   Pre Evacuate Collection Set: 0.0ms
[3.334s][info][gc,phases   ] GC(14)   Merge Heap Roots: 0.0ms
[3.334s][info][gc,phases   ] GC(14)   Evacuate Collection Set: 1.2ms
[3.334s][info][gc,phases   ] GC(14)   Post Evacuate Collection Set: 1.2ms
[3.334s][info][gc,phases   ] GC(14)   Other: 0.1ms
[3.334s][info][gc,heap     ] GC(14) Eden regions: 13->0(164)
[3.334s][info][gc,heap     ] GC(14) Survivor regions: 2->1(2)
[3.334s][info][gc,heap     ] GC(14) Old regions: 14->15
[3.334s][info][gc,heap     ] GC(14) Archive regions: 2->2
[3.334s][info][gc,heap     ] GC(14) Humongous regions: 0->0
[3.334s][info][gc,metaspace] GC(14) Metaspace: 33568K(34684K)->33568K(34684K) NonClass: 29419K(30208K)->29419K(30208K) Class: 4149K(4476K)->4149K(4476K)
[3.334s][info][gc          ] GC(14) Pause Young (Normal) (G1 Evacuation Pause) 28M->15M(275M) 2.663ms
[3.334s][info][gc,cpu      ] GC(14) User=0.01s Sys=0.00s Real=0.00s
[3.421s][info][gc,start    ] GC(15) Pause Young (Concurrent Start) (Metadata GC Threshold)
[3.421s][info][gc,task     ] GC(15) Using 8 workers of 8 for evacuation
[3.423s][info][gc,phases   ] GC(15)   Pre Evacuate Collection Set: 0.1ms
[3.423s][info][gc,phases   ] GC(15)   Merge Heap Roots: 0.0ms
[3.423s][info][gc,phases   ] GC(15)   Evacuate Collection Set: 1.4ms
[3.423s][info][gc,phases   ] GC(15)   Post Evacuate Collection Set: 0.2ms
[3.423s][info][gc,phases   ] GC(15)   Other: 0.2ms
[3.423s][info][gc,heap     ] GC(15) Eden regions: 23->0(163)
[3.423s][info][gc,heap     ] GC(15) Survivor regions: 1->2(21)
[3.423s][info][gc,heap     ] GC(15) Old regions: 15->15
[3.423s][info][gc,heap     ] GC(15) Archive regions: 2->2
[3.423s][info][gc,heap     ] GC(15) Humongous regions: 0->0
[3.423s][info][gc,metaspace] GC(15) Metaspace: 34967K(36048K)->34967K(36048K) NonClass: 30632K(31444K)->30632K(31444K) Class: 4334K(4604K)->4334K(4604K)
[3.423s][info][gc          ] GC(15) Pause Young (Concurrent Start) (Metadata GC Threshold) 38M->16M(275M) 2.010ms
[3.423s][info][gc,cpu      ] GC(15) User=0.01s Sys=0.00s Real=0.00s
[3.423s][info][gc          ] GC(16) Concurrent Cycle
[3.423s][info][gc,marking  ] GC(16) Concurrent Clear Claimed Marks
[3.423s][info][gc,marking  ] GC(16) Concurrent Clear Claimed Marks 0.022ms
[3.423s][info][gc,marking  ] GC(16) Concurrent Scan Root Regions
[3.424s][info][gc,marking  ] GC(16) Concurrent Scan Root Regions 1.172ms
[3.424s][info][gc,marking  ] GC(16) Concurrent Mark (3.424s)
[3.424s][info][gc,marking  ] GC(16) Concurrent Mark From Roots
[3.424s][info][gc,task     ] GC(16) Using 2 workers of 2 for marking
[3.439s][info][gc,marking  ] GC(16) Concurrent Mark From Roots 14.795ms
[3.439s][info][gc,marking  ] GC(16) Concurrent Preclean
[3.439s][info][gc,marking  ] GC(16) Concurrent Preclean 0.062ms
[3.439s][info][gc,marking  ] GC(16) Concurrent Mark (3.424s, 3.439s) 14.901ms
[3.439s][info][gc,start    ] GC(16) Pause Remark
[3.441s][info][gc          ] GC(16) Pause Remark 20M->20M(77M) 2.250ms
[3.441s][info][gc,cpu      ] GC(16) User=0.01s Sys=0.00s Real=0.00s
[3.441s][info][gc,marking  ] GC(16) Concurrent Rebuild Remembered Sets
[3.450s][info][gc,marking  ] GC(16) Concurrent Rebuild Remembered Sets 9.168ms
[3.451s][info][gc,start    ] GC(16) Pause Cleanup
[3.451s][info][gc          ] GC(16) Pause Cleanup 21M->21M(77M) 0.075ms
[3.451s][info][gc,cpu      ] GC(16) User=0.00s Sys=0.00s Real=0.00s
[3.451s][info][gc,marking  ] GC(16) Concurrent Cleanup for Next Mark
[3.451s][info][gc,marking  ] GC(16) Concurrent Cleanup for Next Mark 0.430ms
[3.451s][info][gc          ] GC(16) Concurrent Cycle 28.641ms
[32.491s][info][gc,start    ] GC(17) Pause Young (Concurrent Start) (G1 Evacuation Pause)
[32.491s][info][gc,task     ] GC(17) Using 8 workers of 8 for evacuation
[32.494s][info][gc,phases   ] GC(17)   Pre Evacuate Collection Set: 0.1ms
[32.494s][info][gc,phases   ] GC(17)   Merge Heap Roots: 0.1ms
[32.494s][info][gc,phases   ] GC(17)   Evacuate Collection Set: 2.3ms
[32.494s][info][gc,phases   ] GC(17)   Post Evacuate Collection Set: 0.3ms
[32.494s][info][gc,phases   ] GC(17)   Other: 0.1ms
[32.494s][info][gc,heap     ] GC(17) Eden regions: 44->0(43)
[32.494s][info][gc,heap     ] GC(17) Survivor regions: 2->3(6)
[32.494s][info][gc,heap     ] GC(17) Old regions: 15->15
[32.494s][info][gc,heap     ] GC(17) Archive regions: 2->2
[32.494s][info][gc,heap     ] GC(17) Humongous regions: 0->0
[32.494s][info][gc,metaspace] GC(17) Metaspace: 41033K(41936K)->41033K(41936K) NonClass: 35987K(36564K)->35987K(36564K) Class: 5045K(5372K)->5045K(5372K)
[32.494s][info][gc          ] GC(17) Pause Young (Concurrent Start) (G1 Evacuation Pause) 60M->17M(77M) 2.973ms
[32.494s][info][gc,cpu      ] GC(17) User=0.02s Sys=0.00s Real=0.00s
[32.494s][info][gc          ] GC(18) Concurrent Cycle
[32.494s][info][gc,marking  ] GC(18) Concurrent Clear Claimed Marks
[32.494s][info][gc,marking  ] GC(18) Concurrent Clear Claimed Marks 0.046ms
[32.494s][info][gc,marking  ] GC(18) Concurrent Scan Root Regions
[32.496s][info][gc,marking  ] GC(18) Concurrent Scan Root Regions 1.582ms
[32.496s][info][gc,marking  ] GC(18) Concurrent Mark (32.496s)
[32.496s][info][gc,marking  ] GC(18) Concurrent Mark From Roots
[32.496s][info][gc,task     ] GC(18) Using 2 workers of 2 for marking
[32.507s][info][gc,marking  ] GC(18) Concurrent Mark From Roots 11.453ms
[32.507s][info][gc,marking  ] GC(18) Concurrent Preclean
[32.508s][info][gc,marking  ] GC(18) Concurrent Preclean 0.110ms
[32.508s][info][gc,marking  ] GC(18) Concurrent Mark (32.496s, 32.508s) 11.650ms
[32.508s][info][gc,start    ] GC(18) Pause Remark
[32.509s][info][gc          ] GC(18) Pause Remark 22M->22M(77M) 1.462ms
[32.509s][info][gc,cpu      ] GC(18) User=0.01s Sys=0.00s Real=0.00s
[32.509s][info][gc,marking  ] GC(18) Concurrent Rebuild Remembered Sets
[32.517s][info][gc,marking  ] GC(18) Concurrent Rebuild Remembered Sets 7.886ms
[32.517s][info][gc,start    ] GC(18) Pause Cleanup
[32.517s][info][gc          ] GC(18) Pause Cleanup 24M->24M(77M) 0.069ms
[32.518s][info][gc,cpu      ] GC(18) User=0.00s Sys=0.00s Real=0.00s
[32.518s][info][gc,marking  ] GC(18) Concurrent Cleanup for Next Mark
[32.518s][info][gc,marking  ] GC(18) Concurrent Cleanup for Next Mark 0.308ms
[32.518s][info][gc          ] GC(18) Concurrent Cycle 23.629ms
[32.655s][info][gc,start    ] GC(19) Pause Young (Normal) (G1 Evacuation Pause)
[32.655s][info][gc,task     ] GC(19) Using 8 workers of 8 for evacuation
[32.661s][info][gc,phases   ] GC(19)   Pre Evacuate Collection Set: 0.1ms
[32.661s][info][gc,phases   ] GC(19)   Merge Heap Roots: 0.0ms
[32.661s][info][gc,phases   ] GC(19)   Evacuate Collection Set: 5.3ms
[32.661s][info][gc,phases   ] GC(19)   Post Evacuate Collection Set: 0.4ms
[32.661s][info][gc,phases   ] GC(19)   Other: 0.2ms
[32.661s][info][gc,heap     ] GC(19) Eden regions: 43->0(26)
[32.661s][info][gc,heap     ] GC(19) Survivor regions: 3->6(6)
[32.661s][info][gc,heap     ] GC(19) Old regions: 15->22
[32.661s][info][gc,heap     ] GC(19) Archive regions: 2->2
[32.661s][info][gc,heap     ] GC(19) Humongous regions: 0->0
[32.661s][info][gc,metaspace] GC(19) Metaspace: 43193K(44240K)->43193K(44240K) NonClass: 37915K(38612K)->37915K(38612K) Class: 5277K(5628K)->5277K(5628K)
[32.661s][info][gc          ] GC(19) Pause Young (Normal) (G1 Evacuation Pause) 60M->27M(77M) 6.058ms
[32.661s][info][gc,cpu      ] GC(19) User=0.04s Sys=0.00s Real=0.00s
[33.149s][info][gc,start    ] GC(20) Pause Young (Normal) (G1 Evacuation Pause)
[33.149s][info][gc,task     ] GC(20) Using 8 workers of 8 for evacuation
[33.151s][info][gc,phases   ] GC(20)   Pre Evacuate Collection Set: 0.0ms
[33.151s][info][gc,phases   ] GC(20)   Merge Heap Roots: 0.0ms
[33.151s][info][gc,phases   ] GC(20)   Evacuate Collection Set: 2.2ms
[33.151s][info][gc,phases   ] GC(20)   Post Evacuate Collection Set: 0.2ms
[33.151s][info][gc,phases   ] GC(20)   Other: 0.1ms
[33.151s][info][gc,heap     ] GC(20) Eden regions: 26->0(27)
[33.151s][info][gc,heap     ] GC(20) Survivor regions: 6->2(4)
[33.151s][info][gc,heap     ] GC(20) Old regions: 22->28
[33.151s][info][gc,heap     ] GC(20) Archive regions: 2->2
[33.151s][info][gc,heap     ] GC(20) Humongous regions: 0->0
[33.151s][info][gc,metaspace] GC(20) Metaspace: 43887K(45008K)->43887K(45008K) NonClass: 38609K(39380K)->38609K(39380K) Class: 5278K(5628K)->5278K(5628K)
[33.151s][info][gc          ] GC(20) Pause Young (Normal) (G1 Evacuation Pause) 53M->29M(77M) 2.675ms
[33.151s][info][gc,cpu      ] GC(20) User=0.01s Sys=0.00s Real=0.00s
[33.468s][info][gc,start    ] GC(21) Pause Young (Normal) (G1 Evacuation Pause)
[33.468s][info][gc,task     ] GC(21) Using 8 workers of 8 for evacuation
[33.469s][info][gc,phases   ] GC(21)   Pre Evacuate Collection Set: 0.0ms
[33.469s][info][gc,phases   ] GC(21)   Merge Heap Roots: 0.0ms
[33.469s][info][gc,phases   ] GC(21)   Evacuate Collection Set: 0.8ms
[33.469s][info][gc,phases   ] GC(21)   Post Evacuate Collection Set: 0.2ms
[33.469s][info][gc,phases   ] GC(21)   Other: 0.1ms
[33.469s][info][gc,heap     ] GC(21) Eden regions: 27->0(28)
[33.469s][info][gc,heap     ] GC(21) Survivor regions: 2->2(4)
[33.469s][info][gc,heap     ] GC(21) Old regions: 28->28
[33.469s][info][gc,heap     ] GC(21) Archive regions: 2->2
[33.469s][info][gc,heap     ] GC(21) Humongous regions: 0->0
[33.469s][info][gc,metaspace] GC(21) Metaspace: 43945K(45008K)->43945K(45008K) NonClass: 38666K(39380K)->38666K(39380K) Class: 5279K(5628K)->5279K(5628K)
[33.469s][info][gc          ] GC(21) Pause Young (Normal) (G1 Evacuation Pause) 56M->29M(77M) 1.144ms
[33.469s][info][gc,cpu      ] GC(21) User=0.00s Sys=0.00s Real=0.00s
[34.647s][info][gc,start    ] GC(22) Pause Young (Normal) (G1 Evacuation Pause)
[34.647s][info][gc,task     ] GC(22) Using 8 workers of 8 for evacuation
[34.648s][info][gc,phases   ] GC(22)   Pre Evacuate Collection Set: 0.0ms
[34.648s][info][gc,phases   ] GC(22)   Merge Heap Roots: 0.0ms
[34.648s][info][gc,phases   ] GC(22)   Evacuate Collection Set: 0.9ms
[34.648s][info][gc,phases   ] GC(22)   Post Evacuate Collection Set: 0.2ms
[34.648s][info][gc,phases   ] GC(22)   Other: 0.1ms
[34.648s][info][gc,heap     ] GC(22) Eden regions: 28->0(29)
[34.648s][info][gc,heap     ] GC(22) Survivor regions: 2->3(4)
[34.648s][info][gc,heap     ] GC(22) Old regions: 28->28
[34.648s][info][gc,heap     ] GC(22) Archive regions: 2->2
[34.648s][info][gc,heap     ] GC(22) Humongous regions: 0->0
[34.648s][info][gc,metaspace] GC(22) Metaspace: 44012K(45008K)->44012K(45008K) NonClass: 38730K(39380K)->38730K(39380K) Class: 5281K(5628K)->5281K(5628K)
[34.648s][info][gc          ] GC(22) Pause Young (Normal) (G1 Evacuation Pause) 57M->29M(77M) 1.352ms
[34.648s][info][gc,cpu      ] GC(22) User=0.01s Sys=0.00s Real=0.00s
[45.559s][info][gc,start    ] GC(23) Pause Young (Normal) (G1 Evacuation Pause)
[45.559s][info][gc,task     ] GC(23) Using 8 workers of 8 for evacuation
[45.561s][info][gc,phases   ] GC(23)   Pre Evacuate Collection Set: 0.1ms
[45.561s][info][gc,phases   ] GC(23)   Merge Heap Roots: 0.0ms
[45.561s][info][gc,phases   ] GC(23)   Evacuate Collection Set: 1.4ms
[45.561s][info][gc,phases   ] GC(23)   Post Evacuate Collection Set: 0.2ms
[45.561s][info][gc,phases   ] GC(23)   Other: 0.1ms
[45.561s][info][gc,heap     ] GC(23) Eden regions: 29->0(29)
[45.561s][info][gc,heap     ] GC(23) Survivor regions: 3->4(4)
[45.561s][info][gc,heap     ] GC(23) Old regions: 28->28
[45.561s][info][gc,heap     ] GC(23) Archive regions: 2->2
[45.561s][info][gc,heap     ] GC(23) Humongous regions: 0->0
[45.561s][info][gc,metaspace] GC(23) Metaspace: 44108K(45264K)->44108K(45264K) NonClass: 38825K(39636K)->38825K(39636K) Class: 5283K(5628K)->5283K(5628K)
[45.561s][info][gc          ] GC(23) Pause Young (Normal) (G1 Evacuation Pause) 58M->30M(77M) 2.081ms
[45.561s][info][gc,cpu      ] GC(23) User=0.01s Sys=0.00s Real=0.00s
[45.845s][info][gc,start    ] GC(24) Pause Young (Normal) (G1 Evacuation Pause)
[45.845s][info][gc,task     ] GC(24) Using 8 workers of 8 for evacuation
[45.847s][info][gc,phases   ] GC(24)   Pre Evacuate Collection Set: 0.0ms
[45.847s][info][gc,phases   ] GC(24)   Merge Heap Roots: 0.0ms
[45.847s][info][gc,phases   ] GC(24)   Evacuate Collection Set: 2.0ms
[45.847s][info][gc,phases   ] GC(24)   Post Evacuate Collection Set: 0.3ms
[45.847s][info][gc,phases   ] GC(24)   Other: 0.2ms
[45.847s][info][gc,heap     ] GC(24) Eden regions: 29->0(28)
[45.847s][info][gc,heap     ] GC(24) Survivor regions: 4->4(5)
[45.847s][info][gc,heap     ] GC(24) Old regions: 28->29
[45.847s][info][gc,heap     ] GC(24) Archive regions: 2->2
[45.847s][info][gc,heap     ] GC(24) Humongous regions: 0->0
[45.847s][info][gc,metaspace] GC(24) Metaspace: 44156K(45264K)->44156K(45264K) NonClass: 38873K(39636K)->38873K(39636K) Class: 5283K(5628K)->5283K(5628K)
[45.847s][info][gc          ] GC(24) Pause Young (Normal) (G1 Evacuation Pause) 59M->31M(77M) 2.641ms
[45.847s][info][gc,cpu      ] GC(24) User=0.01s Sys=0.00s Real=0.01s
[60.234s][info][gc,start    ] GC(25) Pause Young (Normal) (G1 Evacuation Pause)
[60.234s][info][gc,task     ] GC(25) Using 8 workers of 8 for evacuation
[60.236s][info][gc,phases   ] GC(25)   Pre Evacuate Collection Set: 0.1ms
[60.236s][info][gc,phases   ] GC(25)   Merge Heap Roots: 0.0ms
[60.236s][info][gc,phases   ] GC(25)   Evacuate Collection Set: 1.5ms
[60.236s][info][gc,phases   ] GC(25)   Post Evacuate Collection Set: 0.2ms
[60.236s][info][gc,phases   ] GC(25)   Other: 0.2ms
[60.236s][info][gc,heap     ] GC(25) Eden regions: 28->0(29)
[60.236s][info][gc,heap     ] GC(25) Survivor regions: 4->3(4)
[60.236s][info][gc,heap     ] GC(25) Old regions: 29->30
[60.236s][info][gc,heap     ] GC(25) Archive regions: 2->2
[60.236s][info][gc,heap     ] GC(25) Humongous regions: 0->0
[60.236s][info][gc,metaspace] GC(25) Metaspace: 44209K(45264K)->44209K(45264K) NonClass: 38925K(39636K)->38925K(39636K) Class: 5284K(5628K)->5284K(5628K)
[60.236s][info][gc          ] GC(25) Pause Young (Normal) (G1 Evacuation Pause) 59M->32M(77M) 2.027ms
[60.236s][info][gc,cpu      ] GC(25) User=0.01s Sys=0.00s Real=0.01s
[60.434s][info][gc,start    ] GC(26) Pause Young (Normal) (G1 Evacuation Pause)
[60.434s][info][gc,task     ] GC(26) Using 8 workers of 8 for evacuation
[60.436s][info][gc,phases   ] GC(26)   Pre Evacuate Collection Set: 0.0ms
[60.436s][info][gc,phases   ] GC(26)   Merge Heap Roots: 0.0ms
[60.436s][info][gc,phases   ] GC(26)   Evacuate Collection Set: 1.3ms
[60.436s][info][gc,phases   ] GC(26)   Post Evacuate Collection Set: 0.2ms
[60.436s][info][gc,phases   ] GC(26)   Other: 0.1ms
[60.436s][info][gc,heap     ] GC(26) Eden regions: 29->0(28)
[60.436s][info][gc,heap     ] GC(26) Survivor regions: 3->3(4)
[60.436s][info][gc,heap     ] GC(26) Old regions: 30->31
[60.436s][info][gc,heap     ] GC(26) Archive regions: 2->2
[60.436s][info][gc,heap     ] GC(26) Humongous regions: 0->0
[60.436s][info][gc,metaspace] GC(26) Metaspace: 44211K(45264K)->44211K(45264K) NonClass: 38926K(39636K)->38926K(39636K) Class: 5284K(5628K)->5284K(5628K)
[60.436s][info][gc          ] GC(26) Pause Young (Normal) (G1 Evacuation Pause) 61M->33M(77M) 1.713ms
[60.436s][info][gc,cpu      ] GC(26) User=0.01s Sys=0.00s Real=0.01s
[60.628s][info][gc,start    ] GC(27) Pause Young (Normal) (G1 Evacuation Pause)
[60.628s][info][gc,task     ] GC(27) Using 8 workers of 8 for evacuation
[60.630s][info][gc,phases   ] GC(27)   Pre Evacuate Collection Set: 0.0ms
[60.630s][info][gc,phases   ] GC(27)   Merge Heap Roots: 0.0ms
[60.630s][info][gc,phases   ] GC(27)   Evacuate Collection Set: 1.6ms
[60.630s][info][gc,phases   ] GC(27)   Post Evacuate Collection Set: 0.2ms
[60.630s][info][gc,phases   ] GC(27)   Other: 0.2ms
[60.630s][info][gc,heap     ] GC(27) Eden regions: 28->0(28)
[60.630s][info][gc,heap     ] GC(27) Survivor regions: 3->3(4)
[60.630s][info][gc,heap     ] GC(27) Old regions: 31->32
[60.630s][info][gc,heap     ] GC(27) Archive regions: 2->2
[60.630s][info][gc,heap     ] GC(27) Humongous regions: 0->0
[60.630s][info][gc,metaspace] GC(27) Metaspace: 44211K(45264K)->44211K(45264K) NonClass: 38927K(39636K)->38927K(39636K) Class: 5284K(5628K)->5284K(5628K)
[60.630s][info][gc          ] GC(27) Pause Young (Normal) (G1 Evacuation Pause) 61M->34M(77M) 2.182ms
[60.630s][info][gc,cpu      ] GC(27) User=0.01s Sys=0.01s Real=0.00s
[60.842s][info][gc,start    ] GC(28) Pause Young (Normal) (G1 Evacuation Pause)
[60.842s][info][gc,task     ] GC(28) Using 8 workers of 8 for evacuation
[60.844s][info][gc,phases   ] GC(28)   Pre Evacuate Collection Set: 0.0ms
[60.844s][info][gc,phases   ] GC(28)   Merge Heap Roots: 0.0ms
[60.844s][info][gc,phases   ] GC(28)   Evacuate Collection Set: 1.4ms
[60.844s][info][gc,phases   ] GC(28)   Post Evacuate Collection Set: 0.2ms
[60.844s][info][gc,phases   ] GC(28)   Other: 0.1ms
[60.844s][info][gc,heap     ] GC(28) Eden regions: 28->0(27)
[60.844s][info][gc,heap     ] GC(28) Survivor regions: 3->2(4)
[60.844s][info][gc,heap     ] GC(28) Old regions: 32->34
[60.844s][info][gc,heap     ] GC(28) Archive regions: 2->2
[60.844s][info][gc,heap     ] GC(28) Humongous regions: 0->0
[60.844s][info][gc,metaspace] GC(28) Metaspace: 44212K(45264K)->44212K(45264K) NonClass: 38928K(39636K)->38928K(39636K) Class: 5284K(5628K)->5284K(5628K)
[60.844s][info][gc          ] GC(28) Pause Young (Normal) (G1 Evacuation Pause) 62M->34M(77M) 1.846ms
[60.844s][info][gc,cpu      ] GC(28) User=0.01s Sys=0.00s Real=0.00s
[61.034s][info][gc,start    ] GC(29) Pause Young (Concurrent Start) (G1 Evacuation Pause)
[61.034s][info][gc,task     ] GC(29) Using 8 workers of 8 for evacuation
[61.036s][info][gc,phases   ] GC(29)   Pre Evacuate Collection Set: 0.1ms
[61.036s][info][gc,phases   ] GC(29)   Merge Heap Roots: 0.1ms
[61.036s][info][gc,phases   ] GC(29)   Evacuate Collection Set: 1.4ms
[61.036s][info][gc,phases   ] GC(29)   Post Evacuate Collection Set: 0.2ms
[61.036s][info][gc,phases   ] GC(29)   Other: 0.2ms
[61.036s][info][gc,heap     ] GC(29) Eden regions: 27->0(26)
[61.036s][info][gc,heap     ] GC(29) Survivor regions: 2->3(4)
[61.036s][info][gc,heap     ] GC(29) Old regions: 34->34
[61.036s][info][gc,heap     ] GC(29) Archive regions: 2->2
[61.036s][info][gc,heap     ] GC(29) Humongous regions: 0->0
[61.036s][info][gc,metaspace] GC(29) Metaspace: 44215K(45264K)->44215K(45264K) NonClass: 38931K(39636K)->38931K(39636K) Class: 5284K(5628K)->5284K(5628K)
[61.036s][info][gc          ] GC(29) Pause Young (Concurrent Start) (G1 Evacuation Pause) 61M->35M(77M) 1.962ms
[61.036s][info][gc,cpu      ] GC(29) User=0.01s Sys=0.00s Real=0.01s
[61.036s][info][gc          ] GC(30) Concurrent Cycle
[61.036s][info][gc,marking  ] GC(30) Concurrent Clear Claimed Marks
[61.036s][info][gc,marking  ] GC(30) Concurrent Clear Claimed Marks 0.045ms
[61.036s][info][gc,marking  ] GC(30) Concurrent Scan Root Regions
[61.038s][info][gc,marking  ] GC(30) Concurrent Scan Root Regions 2.282ms
[61.038s][info][gc,marking  ] GC(30) Concurrent Mark (61.038s)
[61.038s][info][gc,marking  ] GC(30) Concurrent Mark From Roots
[61.038s][info][gc,task     ] GC(30) Using 2 workers of 2 for marking
[61.076s][info][gc,marking  ] GC(30) Concurrent Mark From Roots 38.090ms
[61.077s][info][gc,marking  ] GC(30) Concurrent Preclean
[61.077s][info][gc,marking  ] GC(30) Concurrent Preclean 0.057ms
[61.077s][info][gc,marking  ] GC(30) Concurrent Mark (61.038s, 61.077s) 38.203ms
[61.077s][info][gc,start    ] GC(30) Pause Remark
[61.080s][info][gc          ] GC(30) Pause Remark 40M->40M(77M) 3.153ms
[61.080s][info][gc,cpu      ] GC(30) User=0.02s Sys=0.00s Real=0.00s
[61.080s][info][gc,marking  ] GC(30) Concurrent Rebuild Remembered Sets
[61.103s][info][gc,marking  ] GC(30) Concurrent Rebuild Remembered Sets 22.527ms
[61.103s][info][gc,start    ] GC(30) Pause Cleanup
[61.103s][info][gc          ] GC(30) Pause Cleanup 42M->42M(77M) 0.072ms
[61.103s][info][gc,cpu      ] GC(30) User=0.00s Sys=0.00s Real=0.00s
[61.103s][info][gc,marking  ] GC(30) Concurrent Cleanup for Next Mark
[61.103s][info][gc,marking  ] GC(30) Concurrent Cleanup for Next Mark 0.141ms
[61.103s][info][gc          ] GC(30) Concurrent Cycle 67.100ms
[61.221s][info][gc,start    ] GC(31) Pause Young (Normal) (G1 Evacuation Pause)
[61.221s][info][gc,task     ] GC(31) Using 8 workers of 8 for evacuation
[61.223s][info][gc,phases   ] GC(31)   Pre Evacuate Collection Set: 0.0ms
[61.223s][info][gc,phases   ] GC(31)   Merge Heap Roots: 0.0ms
[61.223s][info][gc,phases   ] GC(31)   Evacuate Collection Set: 1.7ms
[61.223s][info][gc,phases   ] GC(31)   Post Evacuate Collection Set: 0.2ms
[61.223s][info][gc,phases   ] GC(31)   Other: 0.1ms
[61.223s][info][gc,heap     ] GC(31) Eden regions: 26->0(26)
[61.223s][info][gc,heap     ] GC(31) Survivor regions: 3->3(4)
[61.223s][info][gc,heap     ] GC(31) Old regions: 34->35
[61.223s][info][gc,heap     ] GC(31) Archive regions: 2->2
[61.223s][info][gc,heap     ] GC(31) Humongous regions: 0->0
[61.223s][info][gc,metaspace] GC(31) Metaspace: 44200K(45264K)->44200K(45264K) NonClass: 38918K(39636K)->38918K(39636K) Class: 5282K(5628K)->5282K(5628K)
[61.223s][info][gc          ] GC(31) Pause Young (Normal) (G1 Evacuation Pause) 61M->36M(77M) 2.134ms
[61.223s][info][gc,cpu      ] GC(31) User=0.02s Sys=0.00s Real=0.00s
[61.380s][info][gc,start    ] GC(32) Pause Young (Concurrent Start) (G1 Evacuation Pause)
[61.380s][info][gc,task     ] GC(32) Using 8 workers of 8 for evacuation
[61.383s][info][gc,phases   ] GC(32)   Pre Evacuate Collection Set: 0.1ms
[61.383s][info][gc,phases   ] GC(32)   Merge Heap Roots: 0.0ms
[61.383s][info][gc,phases   ] GC(32)   Evacuate Collection Set: 2.0ms
[61.383s][info][gc,phases   ] GC(32)   Post Evacuate Collection Set: 0.2ms
[61.383s][info][gc,phases   ] GC(32)   Other: 0.2ms
[61.383s][info][gc,heap     ] GC(32) Eden regions: 26->0(26)
[61.383s][info][gc,heap     ] GC(32) Survivor regions: 3->3(4)
[61.383s][info][gc,heap     ] GC(32) Old regions: 35->35
[61.383s][info][gc,heap     ] GC(32) Archive regions: 2->2
[61.383s][info][gc,heap     ] GC(32) Humongous regions: 0->0
[61.383s][info][gc,metaspace] GC(32) Metaspace: 44201K(45264K)->44201K(45264K) NonClass: 38918K(39636K)->38918K(39636K) Class: 5282K(5628K)->5282K(5628K)
[61.383s][info][gc          ] GC(32) Pause Young (Concurrent Start) (G1 Evacuation Pause) 62M->36M(77M) 2.571ms
[61.383s][info][gc,cpu      ] GC(32) User=0.01s Sys=0.00s Real=0.00s
[61.383s][info][gc          ] GC(33) Concurrent Cycle
[61.383s][info][gc,marking  ] GC(33) Concurrent Clear Claimed Marks
[61.383s][info][gc,marking  ] GC(33) Concurrent Clear Claimed Marks 0.064ms
[61.383s][info][gc,marking  ] GC(33) Concurrent Scan Root Regions
[61.387s][info][gc,marking  ] GC(33) Concurrent Scan Root Regions 3.827ms
[61.387s][info][gc,marking  ] GC(33) Concurrent Mark (61.387s)
[61.387s][info][gc,marking  ] GC(33) Concurrent Mark From Roots
[61.387s][info][gc,task     ] GC(33) Using 2 workers of 2 for marking
[61.413s][info][gc,marking  ] GC(33) Concurrent Mark From Roots 25.958ms
[61.413s][info][gc,marking  ] GC(33) Concurrent Preclean
[61.413s][info][gc,marking  ] GC(33) Concurrent Preclean 0.084ms
[61.413s][info][gc,marking  ] GC(33) Concurrent Mark (61.387s, 61.413s) 26.126ms
[61.413s][info][gc,start    ] GC(33) Pause Remark
[61.415s][info][gc          ] GC(33) Pause Remark 40M->40M(77M) 1.803ms
[61.415s][info][gc,cpu      ] GC(33) User=0.02s Sys=0.00s Real=0.01s
[61.415s][info][gc,marking  ] GC(33) Concurrent Rebuild Remembered Sets
[61.432s][info][gc,marking  ] GC(33) Concurrent Rebuild Remembered Sets 16.719ms
[61.432s][info][gc,start    ] GC(33) Pause Cleanup
[61.432s][info][gc          ] GC(33) Pause Cleanup 42M->42M(77M) 0.089ms
[61.432s][info][gc,cpu      ] GC(33) User=0.00s Sys=0.00s Real=0.00s
[61.432s][info][gc,marking  ] GC(33) Concurrent Cleanup for Next Mark
[61.432s][info][gc,marking  ] GC(33) Concurrent Cleanup for Next Mark 0.191ms
[61.432s][info][gc          ] GC(33) Concurrent Cycle 49.401ms
[61.563s][info][gc,start    ] GC(34) Pause Young (Normal) (G1 Evacuation Pause)
[61.563s][info][gc,task     ] GC(34) Using 8 workers of 8 for evacuation
[61.565s][info][gc,phases   ] GC(34)   Pre Evacuate Collection Set: 0.0ms
[61.565s][info][gc,phases   ] GC(34)   Merge Heap Roots: 0.0ms
[61.565s][info][gc,phases   ] GC(34)   Evacuate Collection Set: 1.9ms
[61.565s][info][gc,phases   ] GC(34)   Post Evacuate Collection Set: 0.2ms
[61.565s][info][gc,phases   ] GC(34)   Other: 0.1ms
[61.565s][info][gc,heap     ] GC(34) Eden regions: 26->0(26)
[61.565s][info][gc,heap     ] GC(34) Survivor regions: 3->3(4)
[61.565s][info][gc,heap     ] GC(34) Old regions: 35->35
[61.565s][info][gc,heap     ] GC(34) Archive regions: 2->2
[61.565s][info][gc,heap     ] GC(34) Humongous regions: 0->0
[61.565s][info][gc,metaspace] GC(34) Metaspace: 44205K(45264K)->44205K(45264K) NonClass: 38922K(39636K)->38922K(39636K) Class: 5282K(5628K)->5282K(5628K)
[61.565s][info][gc          ] GC(34) Pause Young (Normal) (G1 Evacuation Pause) 62M->37M(77M) 2.337ms
[61.565s][info][gc,cpu      ] GC(34) User=0.01s Sys=0.00s Real=0.01s
[61.750s][info][gc,start    ] GC(35) Pause Young (Concurrent Start) (G1 Evacuation Pause)
[61.750s][info][gc,task     ] GC(35) Using 8 workers of 8 for evacuation
[61.752s][info][gc,phases   ] GC(35)   Pre Evacuate Collection Set: 0.1ms
[61.752s][info][gc,phases   ] GC(35)   Merge Heap Roots: 0.0ms
[61.752s][info][gc,phases   ] GC(35)   Evacuate Collection Set: 2.1ms
[61.752s][info][gc,phases   ] GC(35)   Post Evacuate Collection Set: 0.3ms
[61.752s][info][gc,phases   ] GC(35)   Other: 0.2ms
[61.753s][info][gc,heap     ] GC(35) Eden regions: 26->0(25)
[61.753s][info][gc,heap     ] GC(35) Survivor regions: 3->3(4)
[61.753s][info][gc,heap     ] GC(35) Old regions: 35->36
[61.753s][info][gc,heap     ] GC(35) Archive regions: 2->2
[61.753s][info][gc,heap     ] GC(35) Humongous regions: 0->0
[61.753s][info][gc,metaspace] GC(35) Metaspace: 44206K(45264K)->44206K(45264K) NonClass: 38923K(39636K)->38923K(39636K) Class: 5282K(5628K)->5282K(5628K)
[61.753s][info][gc          ] GC(35) Pause Young (Concurrent Start) (G1 Evacuation Pause) 63M->38M(77M) 2.673ms
[61.753s][info][gc,cpu      ] GC(35) User=0.01s Sys=0.00s Real=0.00s
[61.753s][info][gc          ] GC(36) Concurrent Cycle
[61.753s][info][gc,marking  ] GC(36) Concurrent Clear Claimed Marks
[61.753s][info][gc,marking  ] GC(36) Concurrent Clear Claimed Marks 0.047ms
[61.753s][info][gc,marking  ] GC(36) Concurrent Scan Root Regions
[61.756s][info][gc,marking  ] GC(36) Concurrent Scan Root Regions 3.410ms
[61.756s][info][gc,marking  ] GC(36) Concurrent Mark (61.756s)
[61.756s][info][gc,marking  ] GC(36) Concurrent Mark From Roots
[61.756s][info][gc,task     ] GC(36) Using 2 workers of 2 for marking
[61.789s][info][gc,marking  ] GC(36) Concurrent Mark From Roots 33.023ms
[61.789s][info][gc,marking  ] GC(36) Concurrent Preclean
[61.789s][info][gc,marking  ] GC(36) Concurrent Preclean 0.073ms
[61.789s][info][gc,marking  ] GC(36) Concurrent Mark (61.756s, 61.789s) 33.163ms
[61.789s][info][gc,start    ] GC(36) Pause Remark
[61.791s][info][gc          ] GC(36) Pause Remark 42M->42M(77M) 1.600ms
[61.791s][info][gc,cpu      ] GC(36) User=0.01s Sys=0.00s Real=0.00s
[61.791s][info][gc,marking  ] GC(36) Concurrent Rebuild Remembered Sets
[61.810s][info][gc,marking  ] GC(36) Concurrent Rebuild Remembered Sets 19.333ms
[61.811s][info][gc,start    ] GC(36) Pause Cleanup
[61.811s][info][gc          ] GC(36) Pause Cleanup 47M->47M(77M) 0.085ms
[61.811s][info][gc,cpu      ] GC(36) User=0.00s Sys=0.00s Real=0.00s
[61.811s][info][gc,marking  ] GC(36) Concurrent Cleanup for Next Mark
[61.812s][info][gc,marking  ] GC(36) Concurrent Cleanup for Next Mark 0.143ms
[61.812s][info][gc          ] GC(36) Concurrent Cycle 58.959ms
[61.906s][info][gc,start    ] GC(37) Pause Young (Normal) (G1 Evacuation Pause)
[61.906s][info][gc,task     ] GC(37) Using 8 workers of 8 for evacuation
[61.908s][info][gc,phases   ] GC(37)   Pre Evacuate Collection Set: 0.1ms
[61.908s][info][gc,phases   ] GC(37)   Merge Heap Roots: 0.0ms
[61.908s][info][gc,phases   ] GC(37)   Evacuate Collection Set: 2.0ms
[61.908s][info][gc,phases   ] GC(37)   Post Evacuate Collection Set: 0.2ms
[61.908s][info][gc,phases   ] GC(37)   Other: 0.2ms
[61.908s][info][gc,heap     ] GC(37) Eden regions: 25->0(24)
[61.908s][info][gc,heap     ] GC(37) Survivor regions: 3->3(4)
[61.908s][info][gc,heap     ] GC(37) Old regions: 36->37
[61.908s][info][gc,heap     ] GC(37) Archive regions: 2->2
[61.908s][info][gc,heap     ] GC(37) Humongous regions: 0->0
[61.908s][info][gc,metaspace] GC(37) Metaspace: 44214K(45264K)->44214K(45264K) NonClass: 38929K(39636K)->38929K(39636K) Class: 5284K(5628K)->5284K(5628K)
[61.908s][info][gc          ] GC(37) Pause Young (Normal) (G1 Evacuation Pause) 63M->38M(77M) 2.692ms
[61.908s][info][gc,cpu      ] GC(37) User=0.01s Sys=0.00s Real=0.00s
[62.106s][info][gc,start    ] GC(38) Pause Young (Concurrent Start) (G1 Evacuation Pause)
[62.106s][info][gc,task     ] GC(38) Using 8 workers of 8 for evacuation
[62.108s][info][gc,phases   ] GC(38)   Pre Evacuate Collection Set: 0.1ms
[62.108s][info][gc,phases   ] GC(38)   Merge Heap Roots: 0.0ms
[62.108s][info][gc,phases   ] GC(38)   Evacuate Collection Set: 2.0ms
[62.108s][info][gc,phases   ] GC(38)   Post Evacuate Collection Set: 0.2ms
[62.108s][info][gc,phases   ] GC(38)   Other: 0.1ms
[62.108s][info][gc,heap     ] GC(38) Eden regions: 24->0(24)
[62.108s][info][gc,heap     ] GC(38) Survivor regions: 3->3(4)
[62.108s][info][gc,heap     ] GC(38) Old regions: 37->37
[62.108s][info][gc,heap     ] GC(38) Archive regions: 2->2
[62.108s][info][gc,heap     ] GC(38) Humongous regions: 0->0
[62.108s][info][gc,metaspace] GC(38) Metaspace: 44214K(45264K)->44214K(45264K) NonClass: 38930K(39636K)->38930K(39636K) Class: 5284K(5628K)->5284K(5628K)
[62.108s][info][gc          ] GC(38) Pause Young (Concurrent Start) (G1 Evacuation Pause) 62M->39M(77M) 2.573ms
[62.108s][info][gc,cpu      ] GC(38) User=0.01s Sys=0.00s Real=0.00s
[62.108s][info][gc          ] GC(39) Concurrent Cycle
[62.108s][info][gc,marking  ] GC(39) Concurrent Clear Claimed Marks
[62.108s][info][gc,marking  ] GC(39) Concurrent Clear Claimed Marks 0.041ms
[62.108s][info][gc,marking  ] GC(39) Concurrent Scan Root Regions
[62.113s][info][gc,marking  ] GC(39) Concurrent Scan Root Regions 4.323ms
[62.113s][info][gc,marking  ] GC(39) Concurrent Mark (62.113s)
[62.113s][info][gc,marking  ] GC(39) Concurrent Mark From Roots
[62.113s][info][gc,task     ] GC(39) Using 2 workers of 2 for marking
[62.151s][info][gc,marking  ] GC(39) Concurrent Mark From Roots 38.212ms
[62.151s][info][gc,marking  ] GC(39) Concurrent Preclean
[62.151s][info][gc,marking  ] GC(39) Concurrent Preclean 0.070ms
[62.151s][info][gc,marking  ] GC(39) Concurrent Mark (62.113s, 62.151s) 38.343ms
[62.151s][info][gc,start    ] GC(39) Pause Remark
[62.153s][info][gc          ] GC(39) Pause Remark 42M->42M(77M) 1.717ms
[62.153s][info][gc,cpu      ] GC(39) User=0.01s Sys=0.00s Real=0.00s
[62.153s][info][gc,marking  ] GC(39) Concurrent Rebuild Remembered Sets
[62.174s][info][gc,marking  ] GC(39) Concurrent Rebuild Remembered Sets 20.553ms
[62.174s][info][gc,start    ] GC(39) Pause Cleanup
[62.174s][info][gc          ] GC(39) Pause Cleanup 44M->44M(77M) 0.089ms
[62.174s][info][gc,cpu      ] GC(39) User=0.00s Sys=0.00s Real=0.00s
[62.174s][info][gc,marking  ] GC(39) Concurrent Cleanup for Next Mark
[62.176s][info][gc,marking  ] GC(39) Concurrent Cleanup for Next Mark 2.041ms
[62.176s][info][gc          ] GC(39) Concurrent Cycle 67.820ms
[62.321s][info][gc,start    ] GC(40) Pause Young (Normal) (G1 Evacuation Pause)
[62.321s][info][gc,task     ] GC(40) Using 8 workers of 8 for evacuation
[62.323s][info][gc,phases   ] GC(40)   Pre Evacuate Collection Set: 0.0ms
[62.323s][info][gc,phases   ] GC(40)   Merge Heap Roots: 0.0ms
[62.323s][info][gc,phases   ] GC(40)   Evacuate Collection Set: 2.0ms
[62.323s][info][gc,phases   ] GC(40)   Post Evacuate Collection Set: 0.2ms
[62.323s][info][gc,phases   ] GC(40)   Other: 0.1ms
[62.323s][info][gc,heap     ] GC(40) Eden regions: 24->0(23)
[62.323s][info][gc,heap     ] GC(40) Survivor regions: 3->3(4)
[62.323s][info][gc,heap     ] GC(40) Old regions: 37->38
[62.323s][info][gc,heap     ] GC(40) Archive regions: 2->2
[62.323s][info][gc,heap     ] GC(40) Humongous regions: 0->0
[62.323s][info][gc,metaspace] GC(40) Metaspace: 44214K(45264K)->44214K(45264K) NonClass: 38930K(39636K)->38930K(39636K) Class: 5284K(5628K)->5284K(5628K)
[62.323s][info][gc          ] GC(40) Pause Young (Normal) (G1 Evacuation Pause) 63M->40M(77M) 2.466ms
[62.323s][info][gc,cpu      ] GC(40) User=0.02s Sys=0.00s Real=0.00s
[62.460s][info][gc,start    ] GC(41) Pause Young (Concurrent Start) (G1 Evacuation Pause)
[62.460s][info][gc,task     ] GC(41) Using 8 workers of 8 for evacuation
[62.462s][info][gc,phases   ] GC(41)   Pre Evacuate Collection Set: 0.1ms
[62.462s][info][gc,phases   ] GC(41)   Merge Heap Roots: 0.0ms
[62.462s][info][gc,phases   ] GC(41)   Evacuate Collection Set: 1.7ms
[62.462s][info][gc,phases   ] GC(41)   Post Evacuate Collection Set: 0.2ms
[62.462s][info][gc,phases   ] GC(41)   Other: 0.2ms
[62.462s][info][gc,heap     ] GC(41) Eden regions: 23->0(23)
[62.462s][info][gc,heap     ] GC(41) Survivor regions: 3->3(4)
[62.462s][info][gc,heap     ] GC(41) Old regions: 38->38
[62.462s][info][gc,heap     ] GC(41) Archive regions: 2->2
[62.463s][info][gc,heap     ] GC(41) Humongous regions: 0->0
[62.463s][info][gc,metaspace] GC(41) Metaspace: 44224K(45264K)->44224K(45264K) NonClass: 38939K(39636K)->38939K(39636K) Class: 5285K(5628K)->5285K(5628K)
[62.463s][info][gc          ] GC(41) Pause Young (Concurrent Start) (G1 Evacuation Pause) 63M->40M(77M) 2.299ms
[62.463s][info][gc,cpu      ] GC(41) User=0.01s Sys=0.00s Real=0.00s
[62.463s][info][gc          ] GC(42) Concurrent Cycle
[62.463s][info][gc,marking  ] GC(42) Concurrent Clear Claimed Marks
[62.463s][info][gc,marking  ] GC(42) Concurrent Clear Claimed Marks 0.047ms
[62.463s][info][gc,marking  ] GC(42) Concurrent Scan Root Regions
[62.467s][info][gc,marking  ] GC(42) Concurrent Scan Root Regions 3.997ms
[62.467s][info][gc,marking  ] GC(42) Concurrent Mark (62.467s)
[62.467s][info][gc,marking  ] GC(42) Concurrent Mark From Roots
[62.467s][info][gc,task     ] GC(42) Using 2 workers of 2 for marking
[62.501s][info][gc,marking  ] GC(42) Concurrent Mark From Roots 34.373ms
[62.501s][info][gc,marking  ] GC(42) Concurrent Preclean
[62.501s][info][gc,marking  ] GC(42) Concurrent Preclean 0.048ms
[62.501s][info][gc,marking  ] GC(42) Concurrent Mark (62.467s, 62.501s) 34.472ms
[62.501s][info][gc,start    ] GC(42) Pause Remark
[62.503s][info][gc          ] GC(42) Pause Remark 45M->45M(82M) 1.964ms
[62.503s][info][gc,cpu      ] GC(42) User=0.01s Sys=0.01s Real=0.00s
[62.503s][info][gc,marking  ] GC(42) Concurrent Rebuild Remembered Sets
[62.523s][info][gc,marking  ] GC(42) Concurrent Rebuild Remembered Sets 19.630ms
[62.523s][info][gc,start    ] GC(42) Pause Cleanup
[62.523s][info][gc          ] GC(42) Pause Cleanup 48M->48M(82M) 0.081ms
[62.523s][info][gc,cpu      ] GC(42) User=0.00s Sys=0.00s Real=0.00s
[62.523s][info][gc,marking  ] GC(42) Concurrent Cleanup for Next Mark
[62.523s][info][gc,marking  ] GC(42) Concurrent Cleanup for Next Mark 0.152ms
[62.524s][info][gc          ] GC(42) Concurrent Cycle 60.963ms
[62.615s][info][gc,start    ] GC(43) Pause Young (Normal) (G1 Evacuation Pause)
[62.615s][info][gc,task     ] GC(43) Using 8 workers of 8 for evacuation
[62.617s][info][gc,phases   ] GC(43)   Pre Evacuate Collection Set: 0.0ms
[62.617s][info][gc,phases   ] GC(43)   Merge Heap Roots: 0.0ms
[62.617s][info][gc,phases   ] GC(43)   Evacuate Collection Set: 2.2ms
[62.617s][info][gc,phases   ] GC(43)   Post Evacuate Collection Set: 0.2ms
[62.617s][info][gc,phases   ] GC(43)   Other: 0.1ms
[62.617s][info][gc,heap     ] GC(43) Eden regions: 23->0(26)
[62.617s][info][gc,heap     ] GC(43) Survivor regions: 3->3(4)
[62.617s][info][gc,heap     ] GC(43) Old regions: 38->39
[62.617s][info][gc,heap     ] GC(43) Archive regions: 2->2
[62.617s][info][gc,heap     ] GC(43) Humongous regions: 0->0
[62.617s][info][gc,metaspace] GC(43) Metaspace: 44233K(45264K)->44233K(45264K) NonClass: 38947K(39636K)->38947K(39636K) Class: 5286K(5628K)->5286K(5628K)
[62.617s][info][gc          ] GC(43) Pause Young (Normal) (G1 Evacuation Pause) 63M->40M(82M) 2.676ms
[62.617s][info][gc,cpu      ] GC(43) User=0.01s Sys=0.00s Real=0.01s
[62.772s][info][gc,start    ] GC(44) Pause Young (Concurrent Start) (G1 Evacuation Pause)
[62.772s][info][gc,task     ] GC(44) Using 8 workers of 8 for evacuation
[62.774s][info][gc,phases   ] GC(44)   Pre Evacuate Collection Set: 0.1ms
[62.774s][info][gc,phases   ] GC(44)   Merge Heap Roots: 0.0ms
[62.775s][info][gc,phases   ] GC(44)   Evacuate Collection Set: 2.1ms
[62.775s][info][gc,phases   ] GC(44)   Post Evacuate Collection Set: 0.3ms
[62.775s][info][gc,phases   ] GC(44)   Other: 0.2ms
[62.775s][info][gc,heap     ] GC(44) Eden regions: 26->0(25)
[62.775s][info][gc,heap     ] GC(44) Survivor regions: 3->3(4)
[62.775s][info][gc,heap     ] GC(44) Old regions: 39->40
[62.775s][info][gc,heap     ] GC(44) Archive regions: 2->2
[62.775s][info][gc,heap     ] GC(44) Humongous regions: 0->0
[62.775s][info][gc,metaspace] GC(44) Metaspace: 44236K(45264K)->44236K(45264K) NonClass: 38949K(39636K)->38949K(39636K) Class: 5286K(5628K)->5286K(5628K)
[62.775s][info][gc          ] GC(44) Pause Young (Concurrent Start) (G1 Evacuation Pause) 66M->41M(82M) 2.793ms
[62.775s][info][gc,cpu      ] GC(44) User=0.01s Sys=0.00s Real=0.00s
[62.775s][info][gc          ] GC(45) Concurrent Cycle
[62.775s][info][gc,marking  ] GC(45) Concurrent Clear Claimed Marks
[62.775s][info][gc,marking  ] GC(45) Concurrent Clear Claimed Marks 0.052ms
[62.775s][info][gc,marking  ] GC(45) Concurrent Scan Root Regions
[62.777s][info][gc,marking  ] GC(45) Concurrent Scan Root Regions 2.303ms
[62.777s][info][gc,marking  ] GC(45) Concurrent Mark (62.777s)
[62.777s][info][gc,marking  ] GC(45) Concurrent Mark From Roots
[62.777s][info][gc,task     ] GC(45) Using 2 workers of 2 for marking
[62.811s][info][gc,marking  ] GC(45) Concurrent Mark From Roots 33.825ms
[62.811s][info][gc,marking  ] GC(45) Concurrent Preclean
[62.811s][info][gc,marking  ] GC(45) Concurrent Preclean 0.055ms
[62.811s][info][gc,marking  ] GC(45) Concurrent Mark (62.777s, 62.811s) 33.935ms
[62.811s][info][gc,start    ] GC(45) Pause Remark
[62.813s][info][gc          ] GC(45) Pause Remark 45M->45M(82M) 1.543ms
[62.813s][info][gc,cpu      ] GC(45) User=0.01s Sys=0.00s Real=0.00s
[62.813s][info][gc,marking  ] GC(45) Concurrent Rebuild Remembered Sets
[62.835s][info][gc,marking  ] GC(45) Concurrent Rebuild Remembered Sets 22.517ms
[62.836s][info][gc,start    ] GC(45) Pause Cleanup
[62.836s][info][gc          ] GC(45) Pause Cleanup 48M->48M(82M) 0.094ms
[62.836s][info][gc,cpu      ] GC(45) User=0.00s Sys=0.00s Real=0.00s
[62.836s][info][gc,marking  ] GC(45) Concurrent Cleanup for Next Mark
[62.836s][info][gc,marking  ] GC(45) Concurrent Cleanup for Next Mark 0.198ms
[62.836s][info][gc          ] GC(45) Concurrent Cycle 61.214ms
[62.937s][info][gc,start    ] GC(46) Pause Young (Normal) (G1 Evacuation Pause)
[62.937s][info][gc,task     ] GC(46) Using 8 workers of 8 for evacuation
[62.939s][info][gc,phases   ] GC(46)   Pre Evacuate Collection Set: 0.0ms
[62.939s][info][gc,phases   ] GC(46)   Merge Heap Roots: 0.0ms
[62.939s][info][gc,phases   ] GC(46)   Evacuate Collection Set: 1.8ms
[62.939s][info][gc,phases   ] GC(46)   Post Evacuate Collection Set: 0.2ms
[62.939s][info][gc,phases   ] GC(46)   Other: 0.1ms
[62.939s][info][gc,heap     ] GC(46) Eden regions: 25->0(25)
[62.939s][info][gc,heap     ] GC(46) Survivor regions: 3->3(4)
[62.939s][info][gc,heap     ] GC(46) Old regions: 40->40
[62.939s][info][gc,heap     ] GC(46) Archive regions: 2->2
[62.939s][info][gc,heap     ] GC(46) Humongous regions: 0->0
[62.939s][info][gc,metaspace] GC(46) Metaspace: 44236K(45264K)->44236K(45264K) NonClass: 38949K(39636K)->38949K(39636K) Class: 5286K(5628K)->5286K(5628K)
[62.939s][info][gc          ] GC(46) Pause Young (Normal) (G1 Evacuation Pause) 66M->42M(82M) 2.236ms
[62.939s][info][gc,cpu      ] GC(46) User=0.02s Sys=0.00s Real=0.00s
[63.055s][info][gc,start    ] GC(47) Pause Young (Concurrent Start) (G1 Evacuation Pause)
[63.055s][info][gc,task     ] GC(47) Using 8 workers of 8 for evacuation
[63.058s][info][gc,phases   ] GC(47)   Pre Evacuate Collection Set: 0.1ms
[63.058s][info][gc,phases   ] GC(47)   Merge Heap Roots: 0.0ms
[63.058s][info][gc,phases   ] GC(47)   Evacuate Collection Set: 2.1ms
[63.058s][info][gc,phases   ] GC(47)   Post Evacuate Collection Set: 0.2ms
[63.058s][info][gc,phases   ] GC(47)   Other: 0.2ms
[63.058s][info][gc,heap     ] GC(47) Eden regions: 25->0(22)
[63.058s][info][gc,heap     ] GC(47) Survivor regions: 3->4(4)
[63.058s][info][gc,heap     ] GC(47) Old regions: 40->41
[63.058s][info][gc,heap     ] GC(47) Archive regions: 2->2
[63.058s][info][gc,heap     ] GC(47) Humongous regions: 0->0
[63.058s][info][gc,metaspace] GC(47) Metaspace: 44238K(45264K)->44238K(45264K) NonClass: 38951K(39636K)->38951K(39636K) Class: 5286K(5628K)->5286K(5628K)
[63.058s][info][gc          ] GC(47) Pause Young (Concurrent Start) (G1 Evacuation Pause) 67M->43M(82M) 2.754ms
[63.058s][info][gc,cpu      ] GC(47) User=0.02s Sys=0.00s Real=0.00s
[63.058s][info][gc          ] GC(48) Concurrent Cycle
[63.058s][info][gc,marking  ] GC(48) Concurrent Clear Claimed Marks
[63.058s][info][gc,marking  ] GC(48) Concurrent Clear Claimed Marks 0.042ms
[63.058s][info][gc,marking  ] GC(48) Concurrent Scan Root Regions
[63.063s][info][gc,marking  ] GC(48) Concurrent Scan Root Regions 5.177ms
[63.063s][info][gc,marking  ] GC(48) Concurrent Mark (63.063s)
[63.063s][info][gc,marking  ] GC(48) Concurrent Mark From Roots
[63.063s][info][gc,task     ] GC(48) Using 2 workers of 2 for marking
[63.103s][info][gc,marking  ] GC(48) Concurrent Mark From Roots 40.117ms
[63.103s][info][gc,marking  ] GC(48) Concurrent Preclean
[63.103s][info][gc,marking  ] GC(48) Concurrent Preclean 0.075ms
[63.103s][info][gc,marking  ] GC(48) Concurrent Mark (63.063s, 63.103s) 40.279ms
[63.104s][info][gc,start    ] GC(48) Pause Remark
[63.106s][info][gc          ] GC(48) Pause Remark 48M->48M(89M) 2.293ms
[63.106s][info][gc,cpu      ] GC(48) User=0.01s Sys=0.00s Real=0.01s
[63.106s][info][gc,marking  ] GC(48) Concurrent Rebuild Remembered Sets
[63.128s][info][gc,marking  ] GC(48) Concurrent Rebuild Remembered Sets 21.558ms
[63.128s][info][gc,start    ] GC(48) Pause Cleanup
[63.128s][info][gc          ] GC(48) Pause Cleanup 51M->51M(89M) 0.096ms
[63.128s][info][gc,cpu      ] GC(48) User=0.01s Sys=0.00s Real=0.00s
[63.129s][info][gc,marking  ] GC(48) Concurrent Cleanup for Next Mark
[63.129s][info][gc,marking  ] GC(48) Concurrent Cleanup for Next Mark 0.452ms
[63.129s][info][gc          ] GC(48) Concurrent Cycle 71.206ms
[63.204s][info][gc,start    ] GC(49) Pause Young (Normal) (G1 Evacuation Pause)
[63.204s][info][gc,task     ] GC(49) Using 8 workers of 8 for evacuation
[63.207s][info][gc,phases   ] GC(49)   Pre Evacuate Collection Set: 0.0ms
[63.207s][info][gc,phases   ] GC(49)   Merge Heap Roots: 0.0ms
[63.207s][info][gc,phases   ] GC(49)   Evacuate Collection Set: 1.9ms
[63.207s][info][gc,phases   ] GC(49)   Post Evacuate Collection Set: 0.3ms
[63.207s][info][gc,phases   ] GC(49)   Other: 0.1ms
[63.207s][info][gc,heap     ] GC(49) Eden regions: 22->0(30)
[63.207s][info][gc,heap     ] GC(49) Survivor regions: 4->3(4)
[63.207s][info][gc,heap     ] GC(49) Old regions: 41->42
[63.207s][info][gc,heap     ] GC(49) Archive regions: 2->2
[63.207s][info][gc,heap     ] GC(49) Humongous regions: 0->0
[63.207s][info][gc,metaspace] GC(49) Metaspace: 44240K(45264K)->44240K(45264K) NonClass: 38952K(39636K)->38952K(39636K) Class: 5287K(5628K)->5287K(5628K)
[63.207s][info][gc          ] GC(49) Pause Young (Normal) (G1 Evacuation Pause) 65M->43M(89M) 2.513ms
[63.207s][info][gc,cpu      ] GC(49) User=0.01s Sys=0.00s Real=0.01s
[63.368s][info][gc,start    ] GC(50) Pause Young (Concurrent Start) (G1 Evacuation Pause)
[63.368s][info][gc,task     ] GC(50) Using 8 workers of 8 for evacuation
[63.370s][info][gc,phases   ] GC(50)   Pre Evacuate Collection Set: 0.1ms
[63.370s][info][gc,phases   ] GC(50)   Merge Heap Roots: 0.0ms
[63.370s][info][gc,phases   ] GC(50)   Evacuate Collection Set: 1.8ms
[63.370s][info][gc,phases   ] GC(50)   Post Evacuate Collection Set: 0.2ms
[63.370s][info][gc,phases   ] GC(50)   Other: 0.1ms
[63.370s][info][gc,heap     ] GC(50) Eden regions: 30->0(30)
[63.370s][info][gc,heap     ] GC(50) Survivor regions: 3->3(5)
[63.370s][info][gc,heap     ] GC(50) Old regions: 42->42
[63.370s][info][gc,heap     ] GC(50) Archive regions: 2->2
[63.370s][info][gc,heap     ] GC(50) Humongous regions: 0->0
[63.370s][info][gc,metaspace] GC(50) Metaspace: 44240K(45264K)->44240K(45264K) NonClass: 38952K(39636K)->38952K(39636K) Class: 5287K(5628K)->5287K(5628K)
[63.370s][info][gc          ] GC(50) Pause Young (Concurrent Start) (G1 Evacuation Pause) 73M->44M(89M) 2.338ms
[63.370s][info][gc,cpu      ] GC(50) User=0.01s Sys=0.00s Real=0.00s
[63.370s][info][gc          ] GC(51) Concurrent Cycle
[63.370s][info][gc,marking  ] GC(51) Concurrent Clear Claimed Marks
[63.370s][info][gc,marking  ] GC(51) Concurrent Clear Claimed Marks 0.034ms
[63.370s][info][gc,marking  ] GC(51) Concurrent Scan Root Regions
[63.375s][info][gc,marking  ] GC(51) Concurrent Scan Root Regions 4.641ms
[63.375s][info][gc,marking  ] GC(51) Concurrent Mark (63.375s)
[63.375s][info][gc,marking  ] GC(51) Concurrent Mark From Roots
[63.375s][info][gc,task     ] GC(51) Using 2 workers of 2 for marking
[63.413s][info][gc,marking  ] GC(51) Concurrent Mark From Roots 38.426ms
[63.413s][info][gc,marking  ] GC(51) Concurrent Preclean
[63.413s][info][gc,marking  ] GC(51) Concurrent Preclean 0.072ms
[63.413s][info][gc,marking  ] GC(51) Concurrent Mark (63.375s, 63.413s) 38.576ms
[63.414s][info][gc,start    ] GC(51) Pause Remark
[63.415s][info][gc          ] GC(51) Pause Remark 50M->50M(89M) 1.761ms
[63.415s][info][gc,cpu      ] GC(51) User=0.01s Sys=0.00s Real=0.01s
[63.415s][info][gc,marking  ] GC(51) Concurrent Rebuild Remembered Sets
[63.440s][info][gc,marking  ] GC(51) Concurrent Rebuild Remembered Sets 24.733ms
[63.440s][info][gc,start    ] GC(51) Pause Cleanup
[63.440s][info][gc          ] GC(51) Pause Cleanup 53M->53M(89M) 0.089ms
[63.440s][info][gc,cpu      ] GC(51) User=0.00s Sys=0.00s Real=0.00s
[63.440s][info][gc,marking  ] GC(51) Concurrent Cleanup for Next Mark
[63.441s][info][gc,marking  ] GC(51) Concurrent Cleanup for Next Mark 0.169ms
[63.441s][info][gc          ] GC(51) Concurrent Cycle 70.518ms
[63.556s][info][gc,start    ] GC(52) Pause Young (Normal) (G1 Evacuation Pause)
[63.556s][info][gc,task     ] GC(52) Using 8 workers of 8 for evacuation
[63.559s][info][gc,phases   ] GC(52)   Pre Evacuate Collection Set: 0.0ms
[63.559s][info][gc,phases   ] GC(52)   Merge Heap Roots: 0.0ms
[63.559s][info][gc,phases   ] GC(52)   Evacuate Collection Set: 2.2ms
[63.559s][info][gc,phases   ] GC(52)   Post Evacuate Collection Set: 0.2ms
[63.559s][info][gc,phases   ] GC(52)   Other: 0.1ms
[63.559s][info][gc,heap     ] GC(52) Eden regions: 30->0(27)
[63.559s][info][gc,heap     ] GC(52) Survivor regions: 3->4(5)
[63.559s][info][gc,heap     ] GC(52) Old regions: 42->43
[63.559s][info][gc,heap     ] GC(52) Archive regions: 2->2
[63.559s][info][gc,heap     ] GC(52) Humongous regions: 0->0
[63.559s][info][gc,metaspace] GC(52) Metaspace: 44240K(45264K)->44240K(45264K) NonClass: 38952K(39636K)->38952K(39636K) Class: 5287K(5628K)->5287K(5628K)
[63.559s][info][gc          ] GC(52) Pause Young (Normal) (G1 Evacuation Pause) 74M->45M(89M) 2.695ms
[63.559s][info][gc,cpu      ] GC(52) User=0.01s Sys=0.00s Real=0.00s
[63.724s][info][gc,start    ] GC(53) Pause Young (Concurrent Start) (G1 Evacuation Pause)
[63.724s][info][gc,task     ] GC(53) Using 8 workers of 8 for evacuation
[63.727s][info][gc,phases   ] GC(53)   Pre Evacuate Collection Set: 0.1ms
[63.727s][info][gc,phases   ] GC(53)   Merge Heap Roots: 0.0ms
[63.727s][info][gc,phases   ] GC(53)   Evacuate Collection Set: 2.4ms
[63.727s][info][gc,phases   ] GC(53)   Post Evacuate Collection Set: 0.3ms
[63.727s][info][gc,phases   ] GC(53)   Other: 0.2ms
[63.727s][info][gc,heap     ] GC(53) Eden regions: 27->0(28)
[63.727s][info][gc,heap     ] GC(53) Survivor regions: 4->3(4)
[63.727s][info][gc,heap     ] GC(53) Old regions: 43->44
[63.727s][info][gc,heap     ] GC(53) Archive regions: 2->2
[63.727s][info][gc,heap     ] GC(53) Humongous regions: 0->0
[63.727s][info][gc,metaspace] GC(53) Metaspace: 44240K(45264K)->44240K(45264K) NonClass: 38952K(39636K)->38952K(39636K) Class: 5287K(5628K)->5287K(5628K)
[63.727s][info][gc          ] GC(53) Pause Young (Concurrent Start) (G1 Evacuation Pause) 72M->45M(89M) 3.201ms
[63.727s][info][gc,cpu      ] GC(53) User=0.01s Sys=0.00s Real=0.01s
[63.727s][info][gc          ] GC(54) Concurrent Cycle
[63.727s][info][gc,marking  ] GC(54) Concurrent Clear Claimed Marks
[63.727s][info][gc,marking  ] GC(54) Concurrent Clear Claimed Marks 0.057ms
[63.727s][info][gc,marking  ] GC(54) Concurrent Scan Root Regions
[63.734s][info][gc,marking  ] GC(54) Concurrent Scan Root Regions 6.658ms
[63.734s][info][gc,marking  ] GC(54) Concurrent Mark (63.734s)
[63.734s][info][gc,marking  ] GC(54) Concurrent Mark From Roots
[63.734s][info][gc,task     ] GC(54) Using 2 workers of 2 for marking
[63.776s][info][gc,marking  ] GC(54) Concurrent Mark From Roots 41.665ms
[63.776s][info][gc,marking  ] GC(54) Concurrent Preclean
[63.776s][info][gc,marking  ] GC(54) Concurrent Preclean 0.084ms
[63.776s][info][gc,marking  ] GC(54) Concurrent Mark (63.734s, 63.776s) 41.827ms
[63.776s][info][gc,start    ] GC(54) Pause Remark
[63.778s][info][gc          ] GC(54) Pause Remark 51M->51M(92M) 1.983ms
[63.778s][info][gc,cpu      ] GC(54) User=0.01s Sys=0.00s Real=0.00s
[63.778s][info][gc,marking  ] GC(54) Concurrent Rebuild Remembered Sets
[63.804s][info][gc,marking  ] GC(54) Concurrent Rebuild Remembered Sets 26.144ms
[63.805s][info][gc,start    ] GC(54) Pause Cleanup
[63.805s][info][gc          ] GC(54) Pause Cleanup 54M->54M(92M) 0.110ms
[63.805s][info][gc,cpu      ] GC(54) User=0.00s Sys=0.00s Real=0.01s
[63.805s][info][gc,marking  ] GC(54) Concurrent Cleanup for Next Mark
[63.805s][info][gc,marking  ] GC(54) Concurrent Cleanup for Next Mark 0.283ms
[63.805s][info][gc          ] GC(54) Concurrent Cycle 77.835ms
[63.900s][info][gc,start    ] GC(55) Pause Young (Normal) (G1 Evacuation Pause)
[63.900s][info][gc,task     ] GC(55) Using 8 workers of 8 for evacuation
[63.903s][info][gc,phases   ] GC(55)   Pre Evacuate Collection Set: 0.0ms
[63.903s][info][gc,phases   ] GC(55)   Merge Heap Roots: 0.0ms
[63.903s][info][gc,phases   ] GC(55)   Evacuate Collection Set: 2.6ms
[63.903s][info][gc,phases   ] GC(55)   Post Evacuate Collection Set: 0.2ms
[63.903s][info][gc,phases   ] GC(55)   Other: 0.1ms
[63.903s][info][gc,heap     ] GC(55) Eden regions: 27->0(29)
[63.903s][info][gc,heap     ] GC(55) Survivor regions: 3->3(4)
[63.903s][info][gc,heap     ] GC(55) Old regions: 44->45
[63.903s][info][gc,heap     ] GC(55) Archive regions: 2->2
[63.903s][info][gc,heap     ] GC(55) Humongous regions: 0->0
[63.903s][info][gc,metaspace] GC(55) Metaspace: 44242K(45264K)->44242K(45264K) NonClass: 38954K(39636K)->38954K(39636K) Class: 5287K(5628K)->5287K(5628K)
[63.903s][info][gc          ] GC(55) Pause Young (Normal) (G1 Evacuation Pause) 72M->46M(92M) 3.059ms
[63.903s][info][gc,cpu      ] GC(55) User=0.02s Sys=0.00s Real=0.00s
[64.036s][info][gc,start    ] GC(56) Pause Young (Concurrent Start) (G1 Evacuation Pause)
[64.036s][info][gc,task     ] GC(56) Using 8 workers of 8 for evacuation
[64.038s][info][gc,phases   ] GC(56)   Pre Evacuate Collection Set: 0.1ms
[64.038s][info][gc,phases   ] GC(56)   Merge Heap Roots: 0.0ms
[64.038s][info][gc,phases   ] GC(56)   Evacuate Collection Set: 1.7ms
[64.038s][info][gc,phases   ] GC(56)   Post Evacuate Collection Set: 0.2ms
[64.038s][info][gc,phases   ] GC(56)   Other: 0.2ms
[64.038s][info][gc,heap     ] GC(56) Eden regions: 29->0(28)
[64.038s][info][gc,heap     ] GC(56) Survivor regions: 3->3(4)
[64.038s][info][gc,heap     ] GC(56) Old regions: 45->46
[64.038s][info][gc,heap     ] GC(56) Archive regions: 2->2
[64.038s][info][gc,heap     ] GC(56) Humongous regions: 0->0
[64.038s][info][gc,metaspace] GC(56) Metaspace: 44242K(45264K)->44242K(45264K) NonClass: 38954K(39636K)->38954K(39636K) Class: 5287K(5628K)->5287K(5628K)
[64.039s][info][gc          ] GC(56) Pause Young (Concurrent Start) (G1 Evacuation Pause) 75M->47M(92M) 2.290ms
[64.039s][info][gc,cpu      ] GC(56) User=0.02s Sys=0.00s Real=0.00s
[64.039s][info][gc          ] GC(57) Concurrent Cycle
[64.039s][info][gc,marking  ] GC(57) Concurrent Clear Claimed Marks
[64.039s][info][gc,marking  ] GC(57) Concurrent Clear Claimed Marks 0.042ms
[64.039s][info][gc,marking  ] GC(57) Concurrent Scan Root Regions
[64.041s][info][gc,marking  ] GC(57) Concurrent Scan Root Regions 2.057ms
[64.041s][info][gc,marking  ] GC(57) Concurrent Mark (64.041s)
[64.041s][info][gc,marking  ] GC(57) Concurrent Mark From Roots
[64.041s][info][gc,task     ] GC(57) Using 2 workers of 2 for marking
[64.083s][info][gc,marking  ] GC(57) Concurrent Mark From Roots 41.763ms
[64.083s][info][gc,marking  ] GC(57) Concurrent Preclean
[64.083s][info][gc,marking  ] GC(57) Concurrent Preclean 0.056ms
[64.083s][info][gc,marking  ] GC(57) Concurrent Mark (64.041s, 64.083s) 41.872ms
[64.083s][info][gc,start    ] GC(57) Pause Remark
[64.084s][info][gc          ] GC(57) Pause Remark 53M->53M(97M) 1.649ms
[64.084s][info][gc,cpu      ] GC(57) User=0.01s Sys=0.00s Real=0.00s
[64.085s][info][gc,marking  ] GC(57) Concurrent Rebuild Remembered Sets
[64.109s][info][gc,marking  ] GC(57) Concurrent Rebuild Remembered Sets 24.863ms
[64.110s][info][gc,start    ] GC(57) Pause Cleanup
[64.110s][info][gc          ] GC(57) Pause Cleanup 56M->56M(97M) 0.088ms
[64.110s][info][gc,cpu      ] GC(57) User=0.00s Sys=0.00s Real=0.00s
[64.110s][info][gc,marking  ] GC(57) Concurrent Cleanup for Next Mark
[64.110s][info][gc,marking  ] GC(57) Concurrent Cleanup for Next Mark 0.174ms
[64.110s][info][gc          ] GC(57) Concurrent Cycle 71.387ms
[64.196s][info][gc,start    ] GC(58) Pause Young (Normal) (G1 Evacuation Pause)
[64.196s][info][gc,task     ] GC(58) Using 8 workers of 8 for evacuation
[64.198s][info][gc,phases   ] GC(58)   Pre Evacuate Collection Set: 0.0ms
[64.198s][info][gc,phases   ] GC(58)   Merge Heap Roots: 0.0ms
[64.198s][info][gc,phases   ] GC(58)   Evacuate Collection Set: 1.6ms
[64.198s][info][gc,phases   ] GC(58)   Post Evacuate Collection Set: 0.2ms
[64.198s][info][gc,phases   ] GC(58)   Other: 0.2ms
[64.198s][info][gc,heap     ] GC(58) Eden regions: 28->0(33)
[64.198s][info][gc,heap     ] GC(58) Survivor regions: 3->3(4)
[64.198s][info][gc,heap     ] GC(58) Old regions: 46->46
[64.198s][info][gc,heap     ] GC(58) Archive regions: 2->2
[64.198s][info][gc,heap     ] GC(58) Humongous regions: 0->0
[64.198s][info][gc,metaspace] GC(58) Metaspace: 44244K(45264K)->44244K(45264K) NonClass: 38956K(39636K)->38956K(39636K) Class: 5287K(5628K)->5287K(5628K)
[64.198s][info][gc          ] GC(58) Pause Young (Normal) (G1 Evacuation Pause) 75M->47M(97M) 2.237ms
[64.198s][info][gc,cpu      ] GC(58) User=0.02s Sys=0.00s Real=0.00s
[64.340s][info][gc,start    ] GC(59) Pause Young (Concurrent Start) (G1 Evacuation Pause)
[64.340s][info][gc,task     ] GC(59) Using 8 workers of 8 for evacuation
[64.342s][info][gc,phases   ] GC(59)   Pre Evacuate Collection Set: 0.1ms
[64.342s][info][gc,phases   ] GC(59)   Merge Heap Roots: 0.0ms
[64.342s][info][gc,phases   ] GC(59)   Evacuate Collection Set: 2.1ms
[64.342s][info][gc,phases   ] GC(59)   Post Evacuate Collection Set: 0.3ms
[64.342s][info][gc,phases   ] GC(59)   Other: 0.2ms
[64.342s][info][gc,heap     ] GC(59) Eden regions: 33->0(33)
[64.342s][info][gc,heap     ] GC(59) Survivor regions: 3->3(5)
[64.342s][info][gc,heap     ] GC(59) Old regions: 46->46
[64.342s][info][gc,heap     ] GC(59) Archive regions: 2->2
[64.342s][info][gc,heap     ] GC(59) Humongous regions: 0->0
[64.342s][info][gc,metaspace] GC(59) Metaspace: 44252K(45264K)->44252K(45264K) NonClass: 38965K(39636K)->38965K(39636K) Class: 5287K(5628K)->5287K(5628K)
[64.342s][info][gc          ] GC(59) Pause Young (Concurrent Start) (G1 Evacuation Pause) 80M->48M(97M) 2.697ms
[64.342s][info][gc,cpu      ] GC(59) User=0.02s Sys=0.00s Real=0.00s
[64.342s][info][gc          ] GC(60) Concurrent Cycle
[64.342s][info][gc,marking  ] GC(60) Concurrent Clear Claimed Marks
[64.342s][info][gc,marking  ] GC(60) Concurrent Clear Claimed Marks 0.045ms
[64.342s][info][gc,marking  ] GC(60) Concurrent Scan Root Regions
[64.345s][info][gc,marking  ] GC(60) Concurrent Scan Root Regions 2.083ms
[64.345s][info][gc,marking  ] GC(60) Concurrent Mark (64.345s)
[64.345s][info][gc,marking  ] GC(60) Concurrent Mark From Roots
[64.345s][info][gc,task     ] GC(60) Using 2 workers of 2 for marking
[64.384s][info][gc,marking  ] GC(60) Concurrent Mark From Roots 39.739ms
[64.384s][info][gc,marking  ] GC(60) Concurrent Preclean
[64.384s][info][gc,marking  ] GC(60) Concurrent Preclean 0.074ms
[64.384s][info][gc,marking  ] GC(60) Concurrent Mark (64.345s, 64.384s) 39.880ms
[64.385s][info][gc,start    ] GC(60) Pause Remark
[64.386s][info][gc          ] GC(60) Pause Remark 55M->55M(97M) 1.556ms
[64.386s][info][gc,cpu      ] GC(60) User=0.01s Sys=0.01s Real=0.01s
[64.386s][info][gc,marking  ] GC(60) Concurrent Rebuild Remembered Sets
[64.408s][info][gc,marking  ] GC(60) Concurrent Rebuild Remembered Sets 22.115ms
[64.409s][info][gc,start    ] GC(60) Pause Cleanup
[64.409s][info][gc          ] GC(60) Pause Cleanup 59M->59M(97M) 0.110ms
[64.409s][info][gc,cpu      ] GC(60) User=0.00s Sys=0.00s Real=0.00s
[64.409s][info][gc,marking  ] GC(60) Concurrent Cleanup for Next Mark
[64.409s][info][gc,marking  ] GC(60) Concurrent Cleanup for Next Mark 0.159ms
[64.409s][info][gc          ] GC(60) Concurrent Cycle 66.498ms
[64.508s][info][gc,start    ] GC(61) Pause Young (Normal) (G1 Evacuation Pause)
[64.508s][info][gc,task     ] GC(61) Using 8 workers of 8 for evacuation
[64.510s][info][gc,phases   ] GC(61)   Pre Evacuate Collection Set: 0.0ms
[64.510s][info][gc,phases   ] GC(61)   Merge Heap Roots: 0.0ms
[64.510s][info][gc,phases   ] GC(61)   Evacuate Collection Set: 2.3ms
[64.510s][info][gc,phases   ] GC(61)   Post Evacuate Collection Set: 0.2ms
[64.510s][info][gc,phases   ] GC(61)   Other: 0.1ms
[64.510s][info][gc,heap     ] GC(61) Eden regions: 33->0(30)
[64.510s][info][gc,heap     ] GC(61) Survivor regions: 3->4(5)
[64.510s][info][gc,heap     ] GC(61) Old regions: 46->47
[64.511s][info][gc,heap     ] GC(61) Archive regions: 2->2
[64.511s][info][gc,heap     ] GC(61) Humongous regions: 0->0
[64.511s][info][gc,metaspace] GC(61) Metaspace: 44253K(45264K)->44253K(45264K) NonClass: 38965K(39636K)->38965K(39636K) Class: 5287K(5628K)->5287K(5628K)
[64.511s][info][gc          ] GC(61) Pause Young (Normal) (G1 Evacuation Pause) 81M->49M(97M) 2.834ms
[64.511s][info][gc,cpu      ] GC(61) User=0.02s Sys=0.00s Real=0.00s
[64.566s][info][gc,start    ] GC(62) Pause Young (Concurrent Start) (G1 Humongous Allocation)
[64.566s][info][gc,task     ] GC(62) Using 8 workers of 8 for evacuation
[64.569s][info][gc,phases   ] GC(62)   Pre Evacuate Collection Set: 0.1ms
[64.569s][info][gc,phases   ] GC(62)   Merge Heap Roots: 0.0ms
[64.569s][info][gc,phases   ] GC(62)   Evacuate Collection Set: 2.2ms
[64.569s][info][gc,phases   ] GC(62)   Post Evacuate Collection Set: 0.2ms
[64.569s][info][gc,phases   ] GC(62)   Other: 0.2ms
[64.569s][info][gc,heap     ] GC(62) Eden regions: 10->0(31)
[64.569s][info][gc,heap     ] GC(62) Survivor regions: 4->3(5)
[64.569s][info][gc,heap     ] GC(62) Old regions: 47->48
[64.569s][info][gc,heap     ] GC(62) Archive regions: 2->2
[64.569s][info][gc,heap     ] GC(62) Humongous regions: 0->0
[64.569s][info][gc,metaspace] GC(62) Metaspace: 44253K(45264K)->44253K(45264K) NonClass: 38965K(39636K)->38965K(39636K) Class: 5287K(5628K)->5287K(5628K)
[64.569s][info][gc          ] GC(62) Pause Young (Concurrent Start) (G1 Humongous Allocation) 59M->49M(97M) 2.858ms
[64.569s][info][gc,cpu      ] GC(62) User=0.02s Sys=0.00s Real=0.00s
[64.569s][info][gc          ] GC(63) Concurrent Cycle
[64.569s][info][gc,marking  ] GC(63) Concurrent Clear Claimed Marks
[64.569s][info][gc,marking  ] GC(63) Concurrent Clear Claimed Marks 0.061ms
[64.569s][info][gc,marking  ] GC(63) Concurrent Scan Root Regions
[64.572s][info][gc,marking  ] GC(63) Concurrent Scan Root Regions 2.825ms
[64.572s][info][gc,marking  ] GC(63) Concurrent Mark (64.572s)
[64.572s][info][gc,marking  ] GC(63) Concurrent Mark From Roots
[64.572s][info][gc,task     ] GC(63) Using 2 workers of 2 for marking
[64.620s][info][gc,marking  ] GC(63) Concurrent Mark From Roots 47.651ms
[64.620s][info][gc,marking  ] GC(63) Concurrent Preclean
[64.620s][info][gc,marking  ] GC(63) Concurrent Preclean 0.054ms
[64.620s][info][gc,marking  ] GC(63) Concurrent Mark (64.572s, 64.620s) 47.774ms
[64.620s][info][gc,start    ] GC(63) Pause Remark
[64.622s][info][gc          ] GC(63) Pause Remark 60M->60M(107M) 1.691ms
[64.622s][info][gc,cpu      ] GC(63) User=0.01s Sys=0.00s Real=0.00s
[64.622s][info][gc,marking  ] GC(63) Concurrent Rebuild Remembered Sets
[64.651s][info][gc,marking  ] GC(63) Concurrent Rebuild Remembered Sets 29.729ms
[64.652s][info][gc,start    ] GC(63) Pause Cleanup
[64.652s][info][gc          ] GC(63) Pause Cleanup 65M->65M(107M) 0.077ms
[64.652s][info][gc,cpu      ] GC(63) User=0.00s Sys=0.00s Real=0.00s
[64.652s][info][gc,marking  ] GC(63) Concurrent Cleanup for Next Mark
[64.652s][info][gc,marking  ] GC(63) Concurrent Cleanup for Next Mark 0.198ms
[64.652s][info][gc          ] GC(63) Concurrent Cycle 82.900ms
[64.754s][info][gc,start    ] GC(64) Pause Young (Normal) (G1 Evacuation Pause)
[64.754s][info][gc,task     ] GC(64) Using 8 workers of 8 for evacuation
[64.757s][info][gc,phases   ] GC(64)   Pre Evacuate Collection Set: 0.0ms
[64.757s][info][gc,phases   ] GC(64)   Merge Heap Roots: 0.0ms
[64.757s][info][gc,phases   ] GC(64)   Evacuate Collection Set: 2.8ms
[64.757s][info][gc,phases   ] GC(64)   Post Evacuate Collection Set: 0.2ms
[64.757s][info][gc,phases   ] GC(64)   Other: 0.1ms
[64.757s][info][gc,heap     ] GC(64) Eden regions: 31->0(35)
[64.757s][info][gc,heap     ] GC(64) Survivor regions: 3->4(5)
[64.757s][info][gc,heap     ] GC(64) Old regions: 48->48
[64.757s][info][gc,heap     ] GC(64) Archive regions: 2->2
[64.757s][info][gc,heap     ] GC(64) Humongous regions: 3->3
[64.757s][info][gc,metaspace] GC(64) Metaspace: 44253K(45264K)->44253K(45264K) NonClass: 38966K(39636K)->38966K(39636K) Class: 5287K(5628K)->5287K(5628K)
[64.757s][info][gc          ] GC(64) Pause Young (Normal) (G1 Evacuation Pause) 83M->53M(107M) 3.328ms
[64.757s][info][gc,cpu      ] GC(64) User=0.02s Sys=0.00s Real=0.01s
[64.920s][info][gc,start    ] GC(65) Pause Young (Concurrent Start) (G1 Evacuation Pause)
[64.920s][info][gc,task     ] GC(65) Using 8 workers of 8 for evacuation
[64.923s][info][gc,phases   ] GC(65)   Pre Evacuate Collection Set: 0.1ms
[64.923s][info][gc,phases   ] GC(65)   Merge Heap Roots: 0.0ms
[64.923s][info][gc,phases   ] GC(65)   Evacuate Collection Set: 2.9ms
[64.923s][info][gc,phases   ] GC(65)   Post Evacuate Collection Set: 0.2ms
[64.923s][info][gc,phases   ] GC(65)   Other: 0.1ms
[64.923s][info][gc,heap     ] GC(65) Eden regions: 35->0(36)
[64.923s][info][gc,heap     ] GC(65) Survivor regions: 4->3(5)
[64.923s][info][gc,heap     ] GC(65) Old regions: 48->49
[64.923s][info][gc,heap     ] GC(65) Archive regions: 2->2
[64.923s][info][gc,heap     ] GC(65) Humongous regions: 3->3
[64.923s][info][gc,metaspace] GC(65) Metaspace: 44254K(45264K)->44254K(45264K) NonClass: 38967K(39636K)->38967K(39636K) Class: 5287K(5628K)->5287K(5628K)
[64.923s][info][gc          ] GC(65) Pause Young (Concurrent Start) (G1 Evacuation Pause) 88M->54M(107M) 3.429ms
[64.923s][info][gc,cpu      ] GC(65) User=0.02s Sys=0.00s Real=0.00s
[64.923s][info][gc          ] GC(66) Concurrent Cycle
[64.923s][info][gc,marking  ] GC(66) Concurrent Clear Claimed Marks
[64.923s][info][gc,marking  ] GC(66) Concurrent Clear Claimed Marks 0.048ms
[64.923s][info][gc,marking  ] GC(66) Concurrent Scan Root Regions
[64.927s][info][gc,marking  ] GC(66) Concurrent Scan Root Regions 3.202ms
[64.927s][info][gc,marking  ] GC(66) Concurrent Mark (64.927s)
[64.927s][info][gc,marking  ] GC(66) Concurrent Mark From Roots
[64.927s][info][gc,task     ] GC(66) Using 2 workers of 2 for marking
[64.978s][info][gc,marking  ] GC(66) Concurrent Mark From Roots 51.497ms
[64.978s][info][gc,marking  ] GC(66) Concurrent Preclean
[64.978s][info][gc,marking  ] GC(66) Concurrent Preclean 0.087ms
[64.978s][info][gc,marking  ] GC(66) Concurrent Mark (64.927s, 64.978s) 51.673ms
[64.978s][info][gc,start    ] GC(66) Pause Remark
[64.982s][info][gc          ] GC(66) Pause Remark 60M->58M(107M) 3.521ms
[64.982s][info][gc,cpu      ] GC(66) User=0.02s Sys=0.00s Real=0.00s
[64.988s][info][gc,marking  ] GC(66) Concurrent Rebuild Remembered Sets
[65.025s][info][gc,marking  ] GC(66) Concurrent Rebuild Remembered Sets 36.391ms
[65.025s][info][gc,start    ] GC(66) Pause Cleanup
[65.025s][info][gc          ] GC(66) Pause Cleanup 62M->62M(107M) 0.179ms
[65.025s][info][gc,cpu      ] GC(66) User=0.00s Sys=0.00s Real=0.00s
[65.025s][info][gc,marking  ] GC(66) Concurrent Cleanup for Next Mark
[65.026s][info][gc,marking  ] GC(66) Concurrent Cleanup for Next Mark 0.505ms
[65.026s][info][gc          ] GC(66) Concurrent Cycle 102.581ms
[92.054s][info][gc,start    ] GC(67) Pause Young (Normal) (G1 Evacuation Pause)
[92.054s][info][gc,task     ] GC(67) Using 8 workers of 8 for evacuation
[92.059s][info][gc,phases   ] GC(67)   Pre Evacuate Collection Set: 0.1ms
[92.059s][info][gc,phases   ] GC(67)   Merge Heap Roots: 0.1ms
[92.059s][info][gc,phases   ] GC(67)   Evacuate Collection Set: 3.6ms
[92.059s][info][gc,phases   ] GC(67)   Post Evacuate Collection Set: 0.3ms
[92.059s][info][gc,phases   ] GC(67)   Other: 0.2ms
[92.059s][info][gc,heap     ] GC(67) Eden regions: 36->0(35)
[92.059s][info][gc,heap     ] GC(67) Survivor regions: 3->4(5)
[92.059s][info][gc,heap     ] GC(67) Old regions: 49->50
[92.059s][info][gc,heap     ] GC(67) Archive regions: 2->2
[92.059s][info][gc,heap     ] GC(67) Humongous regions: 1->1
[92.059s][info][gc,metaspace] GC(67) Metaspace: 44271K(45264K)->44271K(45264K) NonClass: 38983K(39636K)->38983K(39636K) Class: 5287K(5628K)->5287K(5628K)
[92.059s][info][gc          ] GC(67) Pause Young (Normal) (G1 Evacuation Pause) 88M->53M(107M) 4.507ms
[92.059s][info][gc,cpu      ] GC(67) User=0.02s Sys=0.00s Real=0.01s
[92.263s][info][gc,start    ] GC(68) Pause Young (Concurrent Start) (G1 Evacuation Pause)
[92.263s][info][gc,task     ] GC(68) Using 8 workers of 8 for evacuation
[92.267s][info][gc,phases   ] GC(68)   Pre Evacuate Collection Set: 0.1ms
[92.267s][info][gc,phases   ] GC(68)   Merge Heap Roots: 0.1ms
[92.267s][info][gc,phases   ] GC(68)   Evacuate Collection Set: 3.6ms
[92.267s][info][gc,phases   ] GC(68)   Post Evacuate Collection Set: 0.3ms
[92.267s][info][gc,phases   ] GC(68)   Other: 0.3ms
[92.267s][info][gc,heap     ] GC(68) Eden regions: 35->0(34)
[92.267s][info][gc,heap     ] GC(68) Survivor regions: 4->4(5)
[92.267s][info][gc,heap     ] GC(68) Old regions: 50->51
[92.267s][info][gc,heap     ] GC(68) Archive regions: 2->2
[92.267s][info][gc,heap     ] GC(68) Humongous regions: 1->1
[92.267s][info][gc,metaspace] GC(68) Metaspace: 44276K(45264K)->44276K(45264K) NonClass: 38988K(39636K)->38988K(39636K) Class: 5287K(5628K)->5287K(5628K)
[92.267s][info][gc          ] GC(68) Pause Young (Concurrent Start) (G1 Evacuation Pause) 88M->54M(107M) 4.571ms
[92.267s][info][gc,cpu      ] GC(68) User=0.02s Sys=0.00s Real=0.01s
[92.267s][info][gc          ] GC(69) Concurrent Cycle
[92.267s][info][gc,marking  ] GC(69) Concurrent Clear Claimed Marks
[92.268s][info][gc,marking  ] GC(69) Concurrent Clear Claimed Marks 0.046ms
[92.268s][info][gc,marking  ] GC(69) Concurrent Scan Root Regions
[92.271s][info][gc,marking  ] GC(69) Concurrent Scan Root Regions 3.111ms
[92.271s][info][gc,marking  ] GC(69) Concurrent Mark (92.271s)
[92.271s][info][gc,marking  ] GC(69) Concurrent Mark From Roots
[92.271s][info][gc,task     ] GC(69) Using 2 workers of 2 for marking
[92.332s][info][gc,marking  ] GC(69) Concurrent Mark From Roots 60.988ms
[92.332s][info][gc,marking  ] GC(69) Concurrent Preclean
[92.332s][info][gc,marking  ] GC(69) Concurrent Preclean 0.090ms
[92.332s][info][gc,marking  ] GC(69) Concurrent Mark (92.271s, 92.332s) 61.167ms
[92.332s][info][gc,start    ] GC(69) Pause Remark
[92.334s][info][gc          ] GC(69) Pause Remark 59M->59M(107M) 2.018ms
[92.334s][info][gc,cpu      ] GC(69) User=0.01s Sys=0.00s Real=0.00s
[92.335s][info][gc,marking  ] GC(69) Concurrent Rebuild Remembered Sets
[92.366s][info][gc,marking  ] GC(69) Concurrent Rebuild Remembered Sets 31.174ms
[92.366s][info][gc,start    ] GC(69) Pause Cleanup
[92.366s][info][gc          ] GC(69) Pause Cleanup 64M->64M(107M) 0.084ms
[92.366s][info][gc,cpu      ] GC(69) User=0.00s Sys=0.00s Real=0.00s
[92.366s][info][gc,marking  ] GC(69) Concurrent Cleanup for Next Mark
[92.366s][info][gc,marking  ] GC(69) Concurrent Cleanup for Next Mark 0.196ms
[92.366s][info][gc          ] GC(69) Concurrent Cycle 98.775ms
[92.481s][info][gc,start    ] GC(70) Pause Young (Normal) (G1 Evacuation Pause)
[92.481s][info][gc,task     ] GC(70) Using 8 workers of 8 for evacuation
[92.483s][info][gc,phases   ] GC(70)   Pre Evacuate Collection Set: 0.0ms
[92.483s][info][gc,phases   ] GC(70)   Merge Heap Roots: 0.0ms
[92.483s][info][gc,phases   ] GC(70)   Evacuate Collection Set: 2.3ms
[92.483s][info][gc,phases   ] GC(70)   Post Evacuate Collection Set: 0.2ms
[92.483s][info][gc,phases   ] GC(70)   Other: 0.1ms
[92.483s][info][gc,heap     ] GC(70) Eden regions: 34->0(33)
[92.483s][info][gc,heap     ] GC(70) Survivor regions: 4->4(5)
[92.483s][info][gc,heap     ] GC(70) Old regions: 51->52
[92.483s][info][gc,heap     ] GC(70) Archive regions: 2->2
[92.483s][info][gc,heap     ] GC(70) Humongous regions: 1->1
[92.483s][info][gc,metaspace] GC(70) Metaspace: 44276K(45264K)->44276K(45264K) NonClass: 38988K(39636K)->38988K(39636K) Class: 5287K(5628K)->5287K(5628K)
[92.483s][info][gc          ] GC(70) Pause Young (Normal) (G1 Evacuation Pause) 88M->55M(107M) 2.760ms
[92.483s][info][gc,cpu      ] GC(70) User=0.01s Sys=0.00s Real=0.00s
[92.623s][info][gc,start    ] GC(71) Pause Young (Concurrent Start) (G1 Evacuation Pause)
[92.623s][info][gc,task     ] GC(71) Using 8 workers of 8 for evacuation
[92.626s][info][gc,phases   ] GC(71)   Pre Evacuate Collection Set: 0.1ms
[92.626s][info][gc,phases   ] GC(71)   Merge Heap Roots: 0.0ms
[92.626s][info][gc,phases   ] GC(71)   Evacuate Collection Set: 2.7ms
[92.626s][info][gc,phases   ] GC(71)   Post Evacuate Collection Set: 0.2ms
[92.626s][info][gc,phases   ] GC(71)   Other: 0.2ms
[92.626s][info][gc,heap     ] GC(71) Eden regions: 33->0(34)
[92.626s][info][gc,heap     ] GC(71) Survivor regions: 4->3(5)
[92.626s][info][gc,heap     ] GC(71) Old regions: 52->53
[92.626s][info][gc,heap     ] GC(71) Archive regions: 2->2
[92.626s][info][gc,heap     ] GC(71) Humongous regions: 1->1
[92.627s][info][gc,metaspace] GC(71) Metaspace: 44276K(45264K)->44276K(45264K) NonClass: 38988K(39636K)->38988K(39636K) Class: 5287K(5628K)->5287K(5628K)
[92.627s][info][gc          ] GC(71) Pause Young (Concurrent Start) (G1 Evacuation Pause) 88M->56M(107M) 3.397ms
[92.627s][info][gc,cpu      ] GC(71) User=0.02s Sys=0.00s Real=0.01s
[92.627s][info][gc          ] GC(72) Concurrent Cycle
[92.627s][info][gc,marking  ] GC(72) Concurrent Clear Claimed Marks
[92.627s][info][gc,marking  ] GC(72) Concurrent Clear Claimed Marks 0.049ms
[92.627s][info][gc,marking  ] GC(72) Concurrent Scan Root Regions
[92.629s][info][gc,marking  ] GC(72) Concurrent Scan Root Regions 2.236ms
[92.629s][info][gc,marking  ] GC(72) Concurrent Mark (92.629s)
[92.629s][info][gc,marking  ] GC(72) Concurrent Mark From Roots
[92.629s][info][gc,task     ] GC(72) Using 2 workers of 2 for marking
[92.680s][info][gc,marking  ] GC(72) Concurrent Mark From Roots 51.001ms
[92.680s][info][gc,marking  ] GC(72) Concurrent Preclean
[92.680s][info][gc,marking  ] GC(72) Concurrent Preclean 0.062ms
[92.680s][info][gc,marking  ] GC(72) Concurrent Mark (92.629s, 92.680s) 51.137ms
[92.680s][info][gc,start    ] GC(72) Pause Remark
[92.683s][info][gc          ] GC(72) Pause Remark 63M->63M(112M) 2.702ms
[92.683s][info][gc,cpu      ] GC(72) User=0.01s Sys=0.00s Real=0.00s
[92.683s][info][gc,marking  ] GC(72) Concurrent Rebuild Remembered Sets
[92.712s][info][gc,marking  ] GC(72) Concurrent Rebuild Remembered Sets 29.455ms
[92.713s][info][gc,start    ] GC(72) Pause Cleanup
[92.713s][info][gc          ] GC(72) Pause Cleanup 67M->67M(112M) 0.100ms
[92.713s][info][gc,cpu      ] GC(72) User=0.00s Sys=0.00s Real=0.00s
[92.713s][info][gc,marking  ] GC(72) Concurrent Cleanup for Next Mark
[92.713s][info][gc,marking  ] GC(72) Concurrent Cleanup for Next Mark 0.200ms
[92.713s][info][gc          ] GC(72) Concurrent Cycle 86.477ms
[92.820s][info][gc,start    ] GC(73) Pause Young (Normal) (G1 Evacuation Pause)
[92.820s][info][gc,task     ] GC(73) Using 8 workers of 8 for evacuation
[92.822s][info][gc,phases   ] GC(73)   Pre Evacuate Collection Set: 0.0ms
[92.822s][info][gc,phases   ] GC(73)   Merge Heap Roots: 0.0ms
[92.822s][info][gc,phases   ] GC(73)   Evacuate Collection Set: 1.9ms
[92.822s][info][gc,phases   ] GC(73)   Post Evacuate Collection Set: 0.2ms
[92.822s][info][gc,phases   ] GC(73)   Other: 0.1ms
[92.822s][info][gc,heap     ] GC(73) Eden regions: 34->0(37)
[92.822s][info][gc,heap     ] GC(73) Survivor regions: 3->3(5)
[92.822s][info][gc,heap     ] GC(73) Old regions: 53->54
[92.822s][info][gc,heap     ] GC(73) Archive regions: 2->2
[92.822s][info][gc,heap     ] GC(73) Humongous regions: 1->1
[92.822s][info][gc,metaspace] GC(73) Metaspace: 44276K(45264K)->44276K(45264K) NonClass: 38988K(39636K)->38988K(39636K) Class: 5287K(5628K)->5287K(5628K)
[92.822s][info][gc          ] GC(73) Pause Young (Normal) (G1 Evacuation Pause) 90M->56M(112M) 2.408ms
[92.822s][info][gc,cpu      ] GC(73) User=0.02s Sys=0.00s Real=0.00s
[92.982s][info][gc,start    ] GC(74) Pause Young (Concurrent Start) (G1 Evacuation Pause)
[92.982s][info][gc,task     ] GC(74) Using 8 workers of 8 for evacuation
[92.987s][info][gc,phases   ] GC(74)   Pre Evacuate Collection Set: 0.1ms
[92.987s][info][gc,phases   ] GC(74)   Merge Heap Roots: 0.0ms
[92.987s][info][gc,phases   ] GC(74)   Evacuate Collection Set: 3.4ms
[92.987s][info][gc,phases   ] GC(74)   Post Evacuate Collection Set: 0.6ms
[92.987s][info][gc,phases   ] GC(74)   Other: 0.2ms
[92.987s][info][gc,heap     ] GC(74) Eden regions: 37->0(35)
[92.987s][info][gc,heap     ] GC(74) Survivor regions: 3->4(5)
[92.987s][info][gc,heap     ] GC(74) Old regions: 54->54
[92.987s][info][gc,heap     ] GC(74) Archive regions: 2->2
[92.987s][info][gc,heap     ] GC(74) Humongous regions: 1->1
[92.987s][info][gc,metaspace] GC(74) Metaspace: 44276K(45264K)->44276K(45264K) NonClass: 38988K(39636K)->38988K(39636K) Class: 5287K(5628K)->5287K(5628K)
[92.987s][info][gc          ] GC(74) Pause Young (Concurrent Start) (G1 Evacuation Pause) 93M->57M(112M) 4.631ms
[92.987s][info][gc,cpu      ] GC(74) User=0.02s Sys=0.00s Real=0.01s
[92.987s][info][gc          ] GC(75) Concurrent Cycle
[92.987s][info][gc,marking  ] GC(75) Concurrent Clear Claimed Marks
[92.987s][info][gc,marking  ] GC(75) Concurrent Clear Claimed Marks 0.079ms
[92.987s][info][gc,marking  ] GC(75) Concurrent Scan Root Regions
[92.990s][info][gc,marking  ] GC(75) Concurrent Scan Root Regions 2.917ms
[92.990s][info][gc,marking  ] GC(75) Concurrent Mark (92.990s)
[92.990s][info][gc,marking  ] GC(75) Concurrent Mark From Roots
[92.990s][info][gc,task     ] GC(75) Using 2 workers of 2 for marking
[93.036s][info][gc,marking  ] GC(75) Concurrent Mark From Roots 45.896ms
[93.036s][info][gc,marking  ] GC(75) Concurrent Preclean
[93.036s][info][gc,marking  ] GC(75) Concurrent Preclean 0.065ms
[93.036s][info][gc,marking  ] GC(75) Concurrent Mark (92.990s, 93.036s) 46.029ms
[93.036s][info][gc,start    ] GC(75) Pause Remark
[93.038s][info][gc          ] GC(75) Pause Remark 64M->64M(114M) 1.652ms
[93.038s][info][gc,cpu      ] GC(75) User=0.01s Sys=0.00s Real=0.00s
[93.038s][info][gc,marking  ] GC(75) Concurrent Rebuild Remembered Sets
[93.066s][info][gc,marking  ] GC(75) Concurrent Rebuild Remembered Sets 28.144ms
[93.066s][info][gc,start    ] GC(75) Pause Cleanup
[93.066s][info][gc          ] GC(75) Pause Cleanup 67M->67M(114M) 0.091ms
[93.066s][info][gc,cpu      ] GC(75) User=0.00s Sys=0.00s Real=0.00s
[93.066s][info][gc,marking  ] GC(75) Concurrent Cleanup for Next Mark
[93.067s][info][gc,marking  ] GC(75) Concurrent Cleanup for Next Mark 0.211ms
[93.067s][info][gc          ] GC(75) Concurrent Cycle 79.692ms
[93.195s][info][gc,start    ] GC(76) Pause Young (Normal) (G1 Evacuation Pause)
[93.195s][info][gc,task     ] GC(76) Using 8 workers of 8 for evacuation
[93.197s][info][gc,phases   ] GC(76)   Pre Evacuate Collection Set: 0.0ms
[93.197s][info][gc,phases   ] GC(76)   Merge Heap Roots: 0.0ms
[93.197s][info][gc,phases   ] GC(76)   Evacuate Collection Set: 2.4ms
[93.197s][info][gc,phases   ] GC(76)   Post Evacuate Collection Set: 0.2ms
[93.197s][info][gc,phases   ] GC(76)   Other: 0.2ms
[93.197s][info][gc,heap     ] GC(76) Eden regions: 35->0(36)
[93.197s][info][gc,heap     ] GC(76) Survivor regions: 4->4(5)
[93.197s][info][gc,heap     ] GC(76) Old regions: 54->55
[93.197s][info][gc,heap     ] GC(76) Archive regions: 2->2
[93.197s][info][gc,heap     ] GC(76) Humongous regions: 1->1
[93.197s][info][gc,metaspace] GC(76) Metaspace: 44277K(45264K)->44277K(45264K) NonClass: 38989K(39636K)->38989K(39636K) Class: 5287K(5628K)->5287K(5628K)
[93.198s][info][gc          ] GC(76) Pause Young (Normal) (G1 Evacuation Pause) 92M->58M(114M) 2.948ms
[93.198s][info][gc,cpu      ] GC(76) User=0.02s Sys=0.00s Real=0.01s
[93.337s][info][gc,start    ] GC(77) Pause Young (Concurrent Start) (G1 Evacuation Pause)
[93.337s][info][gc,task     ] GC(77) Using 8 workers of 8 for evacuation
[93.343s][info][gc,phases   ] GC(77)   Pre Evacuate Collection Set: 0.3ms
[93.343s][info][gc,phases   ] GC(77)   Merge Heap Roots: 0.0ms
[93.343s][info][gc,phases   ] GC(77)   Evacuate Collection Set: 3.9ms
[93.343s][info][gc,phases   ] GC(77)   Post Evacuate Collection Set: 1.1ms
[93.343s][info][gc,phases   ] GC(77)   Other: 0.2ms
[93.343s][info][gc,heap     ] GC(77) Eden regions: 36->0(37)
[93.343s][info][gc,heap     ] GC(77) Survivor regions: 4->3(5)
[93.343s][info][gc,heap     ] GC(77) Old regions: 55->56
[93.343s][info][gc,heap     ] GC(77) Archive regions: 2->2
[93.343s][info][gc,heap     ] GC(77) Humongous regions: 1->1
[93.343s][info][gc,metaspace] GC(77) Metaspace: 44277K(45264K)->44277K(45264K) NonClass: 38989K(39636K)->38989K(39636K) Class: 5287K(5628K)->5287K(5628K)
[93.343s][info][gc          ] GC(77) Pause Young (Concurrent Start) (G1 Evacuation Pause) 94M->59M(114M) 5.758ms
[93.343s][info][gc,cpu      ] GC(77) User=0.02s Sys=0.00s Real=0.00s
[93.343s][info][gc          ] GC(78) Concurrent Cycle
[93.343s][info][gc,marking  ] GC(78) Concurrent Clear Claimed Marks
[93.343s][info][gc,marking  ] GC(78) Concurrent Clear Claimed Marks 0.081ms
[93.343s][info][gc,marking  ] GC(78) Concurrent Scan Root Regions
[93.348s][info][gc,marking  ] GC(78) Concurrent Scan Root Regions 4.235ms
[93.348s][info][gc,marking  ] GC(78) Concurrent Mark (93.348s)
[93.348s][info][gc,marking  ] GC(78) Concurrent Mark From Roots
[93.348s][info][gc,task     ] GC(78) Using 2 workers of 2 for marking
[93.404s][info][gc,marking  ] GC(78) Concurrent Mark From Roots 56.196ms
[93.404s][info][gc,marking  ] GC(78) Concurrent Preclean
[93.404s][info][gc,marking  ] GC(78) Concurrent Preclean 0.060ms
[93.404s][info][gc,marking  ] GC(78) Concurrent Mark (93.348s, 93.404s) 56.349ms
[93.404s][info][gc,start    ] GC(78) Pause Remark
[93.406s][info][gc          ] GC(78) Pause Remark 69M->69M(120M) 1.639ms
[93.406s][info][gc,cpu      ] GC(78) User=0.01s Sys=0.00s Real=0.01s
[93.406s][info][gc,marking  ] GC(78) Concurrent Rebuild Remembered Sets
[93.442s][info][gc,marking  ] GC(78) Concurrent Rebuild Remembered Sets 36.368ms
[93.442s][info][gc,start    ] GC(78) Pause Cleanup
[93.443s][info][gc          ] GC(78) Pause Cleanup 75M->75M(120M) 0.112ms
[93.443s][info][gc,cpu      ] GC(78) User=0.00s Sys=0.00s Real=0.00s
[93.443s][info][gc,marking  ] GC(78) Concurrent Cleanup for Next Mark
[93.443s][info][gc,marking  ] GC(78) Concurrent Cleanup for Next Mark 0.275ms
[93.443s][info][gc          ] GC(78) Concurrent Cycle 99.965ms
[93.538s][info][gc,start    ] GC(79) Pause Young (Normal) (G1 Evacuation Pause)
[93.538s][info][gc,task     ] GC(79) Using 8 workers of 8 for evacuation
[93.541s][info][gc,phases   ] GC(79)   Pre Evacuate Collection Set: 0.0ms
[93.541s][info][gc,phases   ] GC(79)   Merge Heap Roots: 0.0ms
[93.541s][info][gc,phases   ] GC(79)   Evacuate Collection Set: 2.7ms
[93.541s][info][gc,phases   ] GC(79)   Post Evacuate Collection Set: 0.2ms
[93.541s][info][gc,phases   ] GC(79)   Other: 0.2ms
[93.541s][info][gc,heap     ] GC(79) Eden regions: 37->0(42)
[93.541s][info][gc,heap     ] GC(79) Survivor regions: 3->3(5)
[93.541s][info][gc,heap     ] GC(79) Old regions: 56->57
[93.541s][info][gc,heap     ] GC(79) Archive regions: 2->2
[93.541s][info][gc,heap     ] GC(79) Humongous regions: 1->1
[93.542s][info][gc,metaspace] GC(79) Metaspace: 44277K(45264K)->44277K(45264K) NonClass: 38989K(39636K)->38989K(39636K) Class: 5287K(5628K)->5287K(5628K)
[93.542s][info][gc          ] GC(79) Pause Young (Normal) (G1 Evacuation Pause) 96M->60M(120M) 3.381ms
[93.542s][info][gc,cpu      ] GC(79) User=0.02s Sys=0.00s Real=0.00s
[93.657s][info][gc,start    ] GC(80) Pause Young (Concurrent Start) (G1 Humongous Allocation)
[93.657s][info][gc,task     ] GC(80) Using 8 workers of 8 for evacuation
[93.660s][info][gc,phases   ] GC(80)   Pre Evacuate Collection Set: 0.1ms
[93.660s][info][gc,phases   ] GC(80)   Merge Heap Roots: 0.0ms
[93.660s][info][gc,phases   ] GC(80)   Evacuate Collection Set: 2.8ms
[93.660s][info][gc,phases   ] GC(80)   Post Evacuate Collection Set: 0.2ms
[93.660s][info][gc,phases   ] GC(80)   Other: 0.1ms
[93.660s][info][gc,heap     ] GC(80) Eden regions: 27->0(40)
[93.660s][info][gc,heap     ] GC(80) Survivor regions: 3->4(6)
[93.660s][info][gc,heap     ] GC(80) Old regions: 57->57
[93.660s][info][gc,heap     ] GC(80) Archive regions: 2->2
[93.660s][info][gc,heap     ] GC(80) Humongous regions: 1->1
[93.660s][info][gc,metaspace] GC(80) Metaspace: 44277K(45264K)->44277K(45264K) NonClass: 38989K(39636K)->38989K(39636K) Class: 5287K(5628K)->5287K(5628K)
[93.660s][info][gc          ] GC(80) Pause Young (Concurrent Start) (G1 Humongous Allocation) 86M->60M(120M) 3.438ms
[93.660s][info][gc,cpu      ] GC(80) User=0.01s Sys=0.00s Real=0.00s
[93.660s][info][gc          ] GC(81) Concurrent Cycle
[93.660s][info][gc,marking  ] GC(81) Concurrent Clear Claimed Marks
[93.660s][info][gc,marking  ] GC(81) Concurrent Clear Claimed Marks 0.052ms
[93.660s][info][gc,marking  ] GC(81) Concurrent Scan Root Regions
[93.663s][info][gc,marking  ] GC(81) Concurrent Scan Root Regions 2.875ms
[93.663s][info][gc,marking  ] GC(81) Concurrent Mark (93.663s)
[93.663s][info][gc,marking  ] GC(81) Concurrent Mark From Roots
[93.663s][info][gc,task     ] GC(81) Using 2 workers of 2 for marking
[93.726s][info][gc,marking  ] GC(81) Concurrent Mark From Roots 63.030ms
[93.726s][info][gc,marking  ] GC(81) Concurrent Preclean
[93.726s][info][gc,marking  ] GC(81) Concurrent Preclean 0.059ms
[93.726s][info][gc,marking  ] GC(81) Concurrent Mark (93.663s, 93.726s) 63.169ms
[93.727s][info][gc,start    ] GC(81) Pause Remark
[93.728s][info][gc          ] GC(81) Pause Remark 72M->72M(127M) 1.808ms
[93.728s][info][gc,cpu      ] GC(81) User=0.01s Sys=0.00s Real=0.00s
[93.728s][info][gc,marking  ] GC(81) Concurrent Rebuild Remembered Sets
[93.764s][info][gc,marking  ] GC(81) Concurrent Rebuild Remembered Sets 35.157ms
[93.764s][info][gc,start    ] GC(81) Pause Cleanup
[93.764s][info][gc          ] GC(81) Pause Cleanup 77M->77M(127M) 0.093ms
[93.764s][info][gc,cpu      ] GC(81) User=0.00s Sys=0.00s Real=0.00s
[93.764s][info][gc,marking  ] GC(81) Concurrent Cleanup for Next Mark
[93.764s][info][gc,marking  ] GC(81) Concurrent Cleanup for Next Mark 0.275ms
[93.764s][info][gc          ] GC(81) Concurrent Cycle 104.026ms
[93.874s][info][gc,start    ] GC(82) Pause Young (Normal) (G1 Evacuation Pause)
[93.874s][info][gc,task     ] GC(82) Using 8 workers of 8 for evacuation
[93.878s][info][gc,phases   ] GC(82)   Pre Evacuate Collection Set: 0.0ms
[93.878s][info][gc,phases   ] GC(82)   Merge Heap Roots: 0.0ms
[93.878s][info][gc,phases   ] GC(82)   Evacuate Collection Set: 3.3ms
[93.878s][info][gc,phases   ] GC(82)   Post Evacuate Collection Set: 0.2ms
[93.878s][info][gc,phases   ] GC(82)   Other: 0.2ms
[93.878s][info][gc,heap     ] GC(82) Eden regions: 39->0(42)
[93.878s][info][gc,heap     ] GC(82) Survivor regions: 4->4(6)
[93.878s][info][gc,heap     ] GC(82) Old regions: 57->58
[93.878s][info][gc,heap     ] GC(82) Archive regions: 2->2
[93.878s][info][gc,heap     ] GC(82) Humongous regions: 4->4
[93.878s][info][gc,metaspace] GC(82) Metaspace: 44278K(45264K)->44278K(45264K) NonClass: 38990K(39636K)->38990K(39636K) Class: 5287K(5628K)->5287K(5628K)
[93.878s][info][gc          ] GC(82) Pause Young (Normal) (G1 Evacuation Pause) 102M->64M(127M) 3.925ms
[93.878s][info][gc,cpu      ] GC(82) User=0.02s Sys=0.00s Real=0.01s
[94.047s][info][gc,start    ] GC(83) Pause Young (Concurrent Start) (G1 Evacuation Pause)
[94.047s][info][gc,task     ] GC(83) Using 8 workers of 8 for evacuation
[94.051s][info][gc,phases   ] GC(83)   Pre Evacuate Collection Set: 0.1ms
[94.051s][info][gc,phases   ] GC(83)   Merge Heap Roots: 0.0ms
[94.051s][info][gc,phases   ] GC(83)   Evacuate Collection Set: 3.3ms
[94.051s][info][gc,phases   ] GC(83)   Post Evacuate Collection Set: 0.3ms
[94.051s][info][gc,phases   ] GC(83)   Other: 0.2ms
[94.051s][info][gc,heap     ] GC(83) Eden regions: 42->0(41)
[94.051s][info][gc,heap     ] GC(83) Survivor regions: 4->4(6)
[94.051s][info][gc,heap     ] GC(83) Old regions: 58->59
[94.051s][info][gc,heap     ] GC(83) Archive regions: 2->2
[94.051s][info][gc,heap     ] GC(83) Humongous regions: 4->4
[94.051s][info][gc,metaspace] GC(83) Metaspace: 44278K(45264K)->44278K(45264K) NonClass: 38990K(39636K)->38990K(39636K) Class: 5287K(5628K)->5287K(5628K)
[94.051s][info][gc          ] GC(83) Pause Young (Concurrent Start) (G1 Evacuation Pause) 106M->65M(127M) 3.996ms
[94.051s][info][gc,cpu      ] GC(83) User=0.02s Sys=0.00s Real=0.00s
[94.051s][info][gc          ] GC(84) Concurrent Cycle
[94.051s][info][gc,marking  ] GC(84) Concurrent Clear Claimed Marks
[94.051s][info][gc,marking  ] GC(84) Concurrent Clear Claimed Marks 0.049ms
[94.051s][info][gc,marking  ] GC(84) Concurrent Scan Root Regions
[94.054s][info][gc,marking  ] GC(84) Concurrent Scan Root Regions 2.701ms
[94.054s][info][gc,marking  ] GC(84) Concurrent Mark (94.054s)
[94.054s][info][gc,marking  ] GC(84) Concurrent Mark From Roots
[94.054s][info][gc,task     ] GC(84) Using 2 workers of 2 for marking
[94.109s][info][gc,marking  ] GC(84) Concurrent Mark From Roots 54.775ms
[94.109s][info][gc,marking  ] GC(84) Concurrent Preclean
[94.109s][info][gc,marking  ] GC(84) Concurrent Preclean 0.068ms
[94.109s][info][gc,marking  ] GC(84) Concurrent Mark (94.054s, 94.109s) 54.914ms
[94.109s][info][gc,start    ] GC(84) Pause Remark
[94.111s][info][gc          ] GC(84) Pause Remark 74M->71M(127M) 1.684ms
[94.111s][info][gc,cpu      ] GC(84) User=0.01s Sys=0.00s Real=0.00s
[94.111s][info][gc,marking  ] GC(84) Concurrent Rebuild Remembered Sets
[94.143s][info][gc,marking  ] GC(84) Concurrent Rebuild Remembered Sets 32.368ms
[94.143s][info][gc,start    ] GC(84) Pause Cleanup
[94.144s][info][gc          ] GC(84) Pause Cleanup 77M->77M(127M) 0.104ms
[94.144s][info][gc,cpu      ] GC(84) User=0.00s Sys=0.00s Real=0.00s
[94.144s][info][gc,marking  ] GC(84) Concurrent Cleanup for Next Mark
[94.144s][info][gc,marking  ] GC(84) Concurrent Cleanup for Next Mark 0.303ms
[94.144s][info][gc          ] GC(84) Concurrent Cycle 92.781ms
[94.258s][info][gc,start    ] GC(85) Pause Young (Normal) (G1 Evacuation Pause)
[94.258s][info][gc,task     ] GC(85) Using 8 workers of 8 for evacuation
[94.261s][info][gc,phases   ] GC(85)   Pre Evacuate Collection Set: 0.0ms
[94.261s][info][gc,phases   ] GC(85)   Merge Heap Roots: 0.0ms
[94.261s][info][gc,phases   ] GC(85)   Evacuate Collection Set: 2.6ms
[94.261s][info][gc,phases   ] GC(85)   Post Evacuate Collection Set: 0.3ms
[94.261s][info][gc,phases   ] GC(85)   Other: 0.1ms
[94.261s][info][gc,heap     ] GC(85) Eden regions: 41->0(43)
[94.261s][info][gc,heap     ] GC(85) Survivor regions: 4->4(6)
[94.261s][info][gc,heap     ] GC(85) Old regions: 59->60
[94.261s][info][gc,heap     ] GC(85) Archive regions: 2->2
[94.261s][info][gc,heap     ] GC(85) Humongous regions: 1->1
[94.262s][info][gc,metaspace] GC(85) Metaspace: 44278K(45264K)->44278K(45264K) NonClass: 38990K(39636K)->38990K(39636K) Class: 5287K(5628K)->5287K(5628K)
[94.262s][info][gc          ] GC(85) Pause Young (Normal) (G1 Evacuation Pause) 103M->63M(127M) 3.278ms
[94.262s][info][gc,cpu      ] GC(85) User=0.02s Sys=0.00s Real=0.00s
[94.449s][info][gc,start    ] GC(86) Pause Young (Concurrent Start) (G1 Evacuation Pause)
[94.449s][info][gc,task     ] GC(86) Using 8 workers of 8 for evacuation
[94.452s][info][gc,phases   ] GC(86)   Pre Evacuate Collection Set: 0.1ms
[94.452s][info][gc,phases   ] GC(86)   Merge Heap Roots: 0.0ms
[94.452s][info][gc,phases   ] GC(86)   Evacuate Collection Set: 2.8ms
[94.452s][info][gc,phases   ] GC(86)   Post Evacuate Collection Set: 0.2ms
[94.452s][info][gc,phases   ] GC(86)   Other: 0.2ms
[94.452s][info][gc,heap     ] GC(86) Eden regions: 43->0(41)
[94.452s][info][gc,heap     ] GC(86) Survivor regions: 4->5(6)
[94.452s][info][gc,heap     ] GC(86) Old regions: 60->60
[94.452s][info][gc,heap     ] GC(86) Archive regions: 2->2
[94.452s][info][gc,heap     ] GC(86) Humongous regions: 1->1
[94.452s][info][gc,metaspace] GC(86) Metaspace: 44281K(45264K)->44281K(45264K) NonClass: 38993K(39636K)->38993K(39636K) Class: 5287K(5628K)->5287K(5628K)
[94.452s][info][gc          ] GC(86) Pause Young (Concurrent Start) (G1 Evacuation Pause) 106M->64M(127M) 3.481ms
[94.452s][info][gc,cpu      ] GC(86) User=0.02s Sys=0.00s Real=0.00s
[94.452s][info][gc          ] GC(87) Concurrent Cycle
[94.452s][info][gc,marking  ] GC(87) Concurrent Clear Claimed Marks
[94.453s][info][gc,marking  ] GC(87) Concurrent Clear Claimed Marks 0.067ms
[94.453s][info][gc,marking  ] GC(87) Concurrent Scan Root Regions
[94.456s][info][gc,marking  ] GC(87) Concurrent Scan Root Regions 3.538ms
[94.456s][info][gc,marking  ] GC(87) Concurrent Mark (94.456s)
[94.456s][info][gc,marking  ] GC(87) Concurrent Mark From Roots
[94.456s][info][gc,task     ] GC(87) Using 2 workers of 2 for marking
[94.519s][info][gc,marking  ] GC(87) Concurrent Mark From Roots 62.556ms
[94.519s][info][gc,marking  ] GC(87) Concurrent Preclean
[94.519s][info][gc,marking  ] GC(87) Concurrent Preclean 0.062ms
[94.519s][info][gc,marking  ] GC(87) Concurrent Mark (94.456s, 94.519s) 62.680ms
[94.519s][info][gc,start    ] GC(87) Pause Remark
[94.521s][info][gc          ] GC(87) Pause Remark 75M->75M(132M) 1.614ms
[94.521s][info][gc,cpu      ] GC(87) User=0.01s Sys=0.00s Real=0.00s
[94.521s][info][gc,marking  ] GC(87) Concurrent Rebuild Remembered Sets
[94.560s][info][gc,marking  ] GC(87) Concurrent Rebuild Remembered Sets 39.029ms
[94.560s][info][gc,start    ] GC(87) Pause Cleanup
[94.560s][info][gc          ] GC(87) Pause Cleanup 80M->80M(132M) 0.098ms
[94.560s][info][gc,cpu      ] GC(87) User=0.00s Sys=0.00s Real=0.00s
[94.560s][info][gc,marking  ] GC(87) Concurrent Cleanup for Next Mark
[94.560s][info][gc,marking  ] GC(87) Concurrent Cleanup for Next Mark 0.228ms
[94.560s][info][gc          ] GC(87) Concurrent Cycle 107.873ms
[94.676s][info][gc,start    ] GC(88) Pause Young (Normal) (G1 Evacuation Pause)
[94.676s][info][gc,task     ] GC(88) Using 8 workers of 8 for evacuation
[94.680s][info][gc,phases   ] GC(88)   Pre Evacuate Collection Set: 0.0ms
[94.680s][info][gc,phases   ] GC(88)   Merge Heap Roots: 0.0ms
[94.680s][info][gc,phases   ] GC(88)   Evacuate Collection Set: 3.8ms
[94.680s][info][gc,phases   ] GC(88)   Post Evacuate Collection Set: 0.2ms
[94.680s][info][gc,phases   ] GC(88)   Other: 0.2ms
[94.680s][info][gc,heap     ] GC(88) Eden regions: 41->0(44)
[94.680s][info][gc,heap     ] GC(88) Survivor regions: 5->5(6)
[94.680s][info][gc,heap     ] GC(88) Old regions: 60->61
[94.680s][info][gc,heap     ] GC(88) Archive regions: 2->2
[94.680s][info][gc,heap     ] GC(88) Humongous regions: 1->1
[94.680s][info][gc,metaspace] GC(88) Metaspace: 44281K(45264K)->44281K(45264K) NonClass: 38993K(39636K)->38993K(39636K) Class: 5287K(5628K)->5287K(5628K)
[94.680s][info][gc          ] GC(88) Pause Young (Normal) (G1 Evacuation Pause) 105M->65M(132M) 4.425ms
[94.680s][info][gc,cpu      ] GC(88) User=0.02s Sys=0.00s Real=0.00s
[94.886s][info][gc,start    ] GC(89) Pause Young (Concurrent Start) (G1 Evacuation Pause)
[94.886s][info][gc,task     ] GC(89) Using 8 workers of 8 for evacuation
[94.890s][info][gc,phases   ] GC(89)   Pre Evacuate Collection Set: 0.1ms
[94.890s][info][gc,phases   ] GC(89)   Merge Heap Roots: 0.0ms
[94.890s][info][gc,phases   ] GC(89)   Evacuate Collection Set: 3.7ms
[94.890s][info][gc,phases   ] GC(89)   Post Evacuate Collection Set: 0.2ms
[94.890s][info][gc,phases   ] GC(89)   Other: 0.2ms
[94.890s][info][gc,heap     ] GC(89) Eden regions: 44->0(43)
[94.890s][info][gc,heap     ] GC(89) Survivor regions: 5->5(7)
[94.890s][info][gc,heap     ] GC(89) Old regions: 61->62
[94.890s][info][gc,heap     ] GC(89) Archive regions: 2->2
[94.890s][info][gc,heap     ] GC(89) Humongous regions: 1->1
[94.890s][info][gc,metaspace] GC(89) Metaspace: 44281K(45264K)->44281K(45264K) NonClass: 38993K(39636K)->38993K(39636K) Class: 5287K(5628K)->5287K(5628K)
[94.890s][info][gc          ] GC(89) Pause Young (Concurrent Start) (G1 Evacuation Pause) 109M->67M(132M) 4.302ms
[94.890s][info][gc,cpu      ] GC(89) User=0.03s Sys=0.00s Real=0.00s
[94.890s][info][gc          ] GC(90) Concurrent Cycle
[94.890s][info][gc,marking  ] GC(90) Concurrent Clear Claimed Marks
[94.890s][info][gc,marking  ] GC(90) Concurrent Clear Claimed Marks 0.050ms
[94.890s][info][gc,marking  ] GC(90) Concurrent Scan Root Regions
[94.894s][info][gc,marking  ] GC(90) Concurrent Scan Root Regions 3.755ms
[94.894s][info][gc,marking  ] GC(90) Concurrent Mark (94.894s)
[94.894s][info][gc,marking  ] GC(90) Concurrent Mark From Roots
[94.894s][info][gc,task     ] GC(90) Using 2 workers of 2 for marking
[94.960s][info][gc,marking  ] GC(90) Concurrent Mark From Roots 66.217ms
[94.960s][info][gc,marking  ] GC(90) Concurrent Preclean
[94.960s][info][gc,marking  ] GC(90) Concurrent Preclean 0.094ms
[94.960s][info][gc,marking  ] GC(90) Concurrent Mark (94.894s, 94.960s) 66.403ms
[94.960s][info][gc,start    ] GC(90) Pause Remark
[94.963s][info][gc          ] GC(90) Pause Remark 78M->78M(135M) 2.061ms
[94.963s][info][gc,cpu      ] GC(90) User=0.01s Sys=0.00s Real=0.00s
[94.963s][info][gc,marking  ] GC(90) Concurrent Rebuild Remembered Sets
[94.998s][info][gc,marking  ] GC(90) Concurrent Rebuild Remembered Sets 35.547ms
[94.998s][info][gc,start    ] GC(90) Pause Cleanup
[94.999s][info][gc          ] GC(90) Pause Cleanup 84M->84M(135M) 0.091ms
[94.999s][info][gc,cpu      ] GC(90) User=0.00s Sys=0.00s Real=0.00s
[94.999s][info][gc,marking  ] GC(90) Concurrent Cleanup for Next Mark
[94.999s][info][gc,marking  ] GC(90) Concurrent Cleanup for Next Mark 0.217ms
[94.999s][info][gc          ] GC(90) Concurrent Cycle 108.938ms
[95.119s][info][gc,start    ] GC(91) Pause Young (Normal) (G1 Evacuation Pause)
[95.119s][info][gc,task     ] GC(91) Using 8 workers of 8 for evacuation
[95.123s][info][gc,phases   ] GC(91)   Pre Evacuate Collection Set: 0.0ms
[95.123s][info][gc,phases   ] GC(91)   Merge Heap Roots: 0.0ms
[95.123s][info][gc,phases   ] GC(91)   Evacuate Collection Set: 3.3ms
[95.123s][info][gc,phases   ] GC(91)   Post Evacuate Collection Set: 0.2ms
[95.123s][info][gc,phases   ] GC(91)   Other: 0.2ms
[95.123s][info][gc,heap     ] GC(91) Eden regions: 43->0(46)
[95.123s][info][gc,heap     ] GC(91) Survivor regions: 5->4(6)
[95.123s][info][gc,heap     ] GC(91) Old regions: 62->64
[95.123s][info][gc,heap     ] GC(91) Archive regions: 2->2
[95.123s][info][gc,heap     ] GC(91) Humongous regions: 1->1
[95.123s][info][gc,metaspace] GC(91) Metaspace: 44281K(45264K)->44281K(45264K) NonClass: 38993K(39636K)->38993K(39636K) Class: 5287K(5628K)->5287K(5628K)
[95.123s][info][gc          ] GC(91) Pause Young (Normal) (G1 Evacuation Pause) 110M->68M(135M) 3.859ms
[95.123s][info][gc,cpu      ] GC(91) User=0.02s Sys=0.00s Real=0.00s
[95.363s][info][gc,start    ] GC(92) Pause Young (Concurrent Start) (G1 Evacuation Pause)
[95.363s][info][gc,task     ] GC(92) Using 8 workers of 8 for evacuation
[95.366s][info][gc,phases   ] GC(92)   Pre Evacuate Collection Set: 0.1ms
[95.366s][info][gc,phases   ] GC(92)   Merge Heap Roots: 0.0ms
[95.366s][info][gc,phases   ] GC(92)   Evacuate Collection Set: 2.6ms
[95.366s][info][gc,phases   ] GC(92)   Post Evacuate Collection Set: 0.2ms
[95.366s][info][gc,phases   ] GC(92)   Other: 0.2ms
[95.366s][info][gc,heap     ] GC(92) Eden regions: 46->0(44)
[95.366s][info][gc,heap     ] GC(92) Survivor regions: 4->5(7)
[95.366s][info][gc,heap     ] GC(92) Old regions: 64->64
[95.366s][info][gc,heap     ] GC(92) Archive regions: 2->2
[95.366s][info][gc,heap     ] GC(92) Humongous regions: 1->1
[95.366s][info][gc,metaspace] GC(92) Metaspace: 44281K(45264K)->44281K(45264K) NonClass: 38993K(39636K)->38993K(39636K) Class: 5287K(5628K)->5287K(5628K)
[95.366s][info][gc          ] GC(92) Pause Young (Concurrent Start) (G1 Evacuation Pause) 114M->69M(135M) 3.245ms
[95.366s][info][gc,cpu      ] GC(92) User=0.02s Sys=0.00s Real=0.01s
[95.366s][info][gc          ] GC(93) Concurrent Cycle
[95.366s][info][gc,marking  ] GC(93) Concurrent Clear Claimed Marks
[95.366s][info][gc,marking  ] GC(93) Concurrent Clear Claimed Marks 0.049ms
[95.366s][info][gc,marking  ] GC(93) Concurrent Scan Root Regions
[95.369s][info][gc,marking  ] GC(93) Concurrent Scan Root Regions 2.446ms
[95.369s][info][gc,marking  ] GC(93) Concurrent Mark (95.369s)
[95.369s][info][gc,marking  ] GC(93) Concurrent Mark From Roots
[95.369s][info][gc,task     ] GC(93) Using 2 workers of 2 for marking
[95.433s][info][gc,marking  ] GC(93) Concurrent Mark From Roots 64.023ms
[95.433s][info][gc,marking  ] GC(93) Concurrent Preclean
[95.433s][info][gc,marking  ] GC(93) Concurrent Preclean 0.078ms
[95.433s][info][gc,marking  ] GC(93) Concurrent Mark (95.369s, 95.433s) 64.182ms
[95.433s][info][gc,start    ] GC(93) Pause Remark
[95.435s][info][gc          ] GC(93) Pause Remark 78M->78M(135M) 1.608ms
[95.435s][info][gc,cpu      ] GC(93) User=0.01s Sys=0.00s Real=0.00s
[95.435s][info][gc,marking  ] GC(93) Concurrent Rebuild Remembered Sets
[95.470s][info][gc,marking  ] GC(93) Concurrent Rebuild Remembered Sets 35.214ms
[95.470s][info][gc,start    ] GC(93) Pause Cleanup
[95.470s][info][gc          ] GC(93) Pause Cleanup 84M->84M(135M) 0.108ms
[95.470s][info][gc,cpu      ] GC(93) User=0.00s Sys=0.00s Real=0.00s
[95.470s][info][gc,marking  ] GC(93) Concurrent Cleanup for Next Mark
[95.471s][info][gc,marking  ] GC(93) Concurrent Cleanup for Next Mark 0.248ms
[95.471s][info][gc          ] GC(93) Concurrent Cycle 104.532ms
[95.599s][info][gc,start    ] GC(94) Pause Young (Normal) (G1 Evacuation Pause)
[95.599s][info][gc,task     ] GC(94) Using 8 workers of 8 for evacuation
[95.602s][info][gc,phases   ] GC(94)   Pre Evacuate Collection Set: 0.0ms
[95.602s][info][gc,phases   ] GC(94)   Merge Heap Roots: 0.0ms
[95.602s][info][gc,phases   ] GC(94)   Evacuate Collection Set: 3.0ms
[95.602s][info][gc,phases   ] GC(94)   Post Evacuate Collection Set: 0.2ms
[95.602s][info][gc,phases   ] GC(94)   Other: 0.2ms
[95.602s][info][gc,heap     ] GC(94) Eden regions: 44->0(43)
[95.602s][info][gc,heap     ] GC(94) Survivor regions: 5->5(7)
[95.602s][info][gc,heap     ] GC(94) Old regions: 64->65
[95.602s][info][gc,heap     ] GC(94) Archive regions: 2->2
[95.602s][info][gc,heap     ] GC(94) Humongous regions: 1->1
[95.602s][info][gc,metaspace] GC(94) Metaspace: 44281K(45264K)->44281K(45264K) NonClass: 38993K(39636K)->38993K(39636K) Class: 5287K(5628K)->5287K(5628K)
[95.602s][info][gc          ] GC(94) Pause Young (Normal) (G1 Evacuation Pause) 113M->70M(135M) 3.630ms
[95.602s][info][gc,cpu      ] GC(94) User=0.02s Sys=0.00s Real=0.00s
[95.866s][info][gc,start    ] GC(95) Pause Young (Concurrent Start) (G1 Evacuation Pause)
[95.866s][info][gc,task     ] GC(95) Using 8 workers of 8 for evacuation
[95.871s][info][gc,phases   ] GC(95)   Pre Evacuate Collection Set: 0.1ms
[95.871s][info][gc,phases   ] GC(95)   Merge Heap Roots: 0.1ms
[95.871s][info][gc,phases   ] GC(95)   Evacuate Collection Set: 4.0ms
[95.871s][info][gc,phases   ] GC(95)   Post Evacuate Collection Set: 0.3ms
[95.871s][info][gc,phases   ] GC(95)   Other: 0.2ms
[95.871s][info][gc,heap     ] GC(95) Eden regions: 43->0(43)
[95.871s][info][gc,heap     ] GC(95) Survivor regions: 5->4(6)
[95.871s][info][gc,heap     ] GC(95) Old regions: 65->67
[95.871s][info][gc,heap     ] GC(95) Archive regions: 2->2
[95.871s][info][gc,heap     ] GC(95) Humongous regions: 1->1
[95.871s][info][gc,metaspace] GC(95) Metaspace: 44282K(45264K)->44282K(45264K) NonClass: 38994K(39636K)->38994K(39636K) Class: 5287K(5628K)->5287K(5628K)
[95.871s][info][gc          ] GC(95) Pause Young (Concurrent Start) (G1 Evacuation Pause) 113M->71M(135M) 4.665ms
[95.871s][info][gc,cpu      ] GC(95) User=0.03s Sys=0.00s Real=0.00s
[95.871s][info][gc          ] GC(96) Concurrent Cycle
[95.871s][info][gc,marking  ] GC(96) Concurrent Clear Claimed Marks
[95.871s][info][gc,marking  ] GC(96) Concurrent Clear Claimed Marks 0.061ms
[95.871s][info][gc,marking  ] GC(96) Concurrent Scan Root Regions
[95.875s][info][gc,marking  ] GC(96) Concurrent Scan Root Regions 3.895ms
[95.875s][info][gc,marking  ] GC(96) Concurrent Mark (95.875s)
[95.875s][info][gc,marking  ] GC(96) Concurrent Mark From Roots
[95.875s][info][gc,task     ] GC(96) Using 2 workers of 2 for marking
[95.956s][info][gc,marking  ] GC(96) Concurrent Mark From Roots 80.783ms
[95.956s][info][gc,marking  ] GC(96) Concurrent Preclean
[95.956s][info][gc,marking  ] GC(96) Concurrent Preclean 0.063ms
[95.956s][info][gc,marking  ] GC(96) Concurrent Mark (95.875s, 95.956s) 80.913ms
[95.956s][info][gc,start    ] GC(96) Pause Remark
[95.958s][info][gc          ] GC(96) Pause Remark 81M->81M(140M) 1.676ms
[95.958s][info][gc,cpu      ] GC(96) User=0.01s Sys=0.00s Real=0.00s
[95.958s][info][gc,marking  ] GC(96) Concurrent Rebuild Remembered Sets
[96.019s][info][gc,marking  ] GC(96) Concurrent Rebuild Remembered Sets 61.046ms
[96.020s][info][gc,start    ] GC(96) Pause Cleanup
[96.020s][info][gc          ] GC(96) Pause Cleanup 89M->89M(140M) 0.114ms
[96.020s][info][gc,cpu      ] GC(96) User=0.00s Sys=0.00s Real=0.00s
[96.020s][info][gc,marking  ] GC(96) Concurrent Cleanup for Next Mark
[96.020s][info][gc,marking  ] GC(96) Concurrent Cleanup for Next Mark 0.262ms
[96.020s][info][gc          ] GC(96) Concurrent Cycle 148.957ms
[96.162s][info][gc,start    ] GC(97) Pause Young (Normal) (G1 Evacuation Pause)
[96.162s][info][gc,task     ] GC(97) Using 8 workers of 8 for evacuation
[96.167s][info][gc,phases   ] GC(97)   Pre Evacuate Collection Set: 0.1ms
[96.167s][info][gc,phases   ] GC(97)   Merge Heap Roots: 0.1ms
[96.167s][info][gc,phases   ] GC(97)   Evacuate Collection Set: 4.1ms
[96.167s][info][gc,phases   ] GC(97)   Post Evacuate Collection Set: 0.3ms
[96.167s][info][gc,phases   ] GC(97)   Other: 0.2ms
[96.167s][info][gc,heap     ] GC(97) Eden regions: 43->0(46)
[96.167s][info][gc,heap     ] GC(97) Survivor regions: 4->4(6)
[96.167s][info][gc,heap     ] GC(97) Old regions: 67->69
[96.167s][info][gc,heap     ] GC(97) Archive regions: 2->2
[96.167s][info][gc,heap     ] GC(97) Humongous regions: 1->1
[96.167s][info][gc,metaspace] GC(97) Metaspace: 44282K(45264K)->44282K(45264K) NonClass: 38994K(39636K)->38994K(39636K) Class: 5287K(5628K)->5287K(5628K)
[96.167s][info][gc          ] GC(97) Pause Young (Normal) (G1 Evacuation Pause) 114M->72M(140M) 4.871ms
[96.167s][info][gc,cpu      ] GC(97) User=0.02s Sys=0.00s Real=0.01s
[96.420s][info][gc,start    ] GC(98) Pause Young (Concurrent Start) (G1 Evacuation Pause)
[96.420s][info][gc,task     ] GC(98) Using 8 workers of 8 for evacuation
[96.424s][info][gc,phases   ] GC(98)   Pre Evacuate Collection Set: 0.1ms
[96.424s][info][gc,phases   ] GC(98)   Merge Heap Roots: 0.0ms
[96.424s][info][gc,phases   ] GC(98)   Evacuate Collection Set: 3.0ms
[96.424s][info][gc,phases   ] GC(98)   Post Evacuate Collection Set: 0.3ms
[96.424s][info][gc,phases   ] GC(98)   Other: 0.2ms
[96.424s][info][gc,heap     ] GC(98) Eden regions: 46->0(44)
[96.424s][info][gc,heap     ] GC(98) Survivor regions: 4->5(7)
[96.424s][info][gc,heap     ] GC(98) Old regions: 69->69
[96.424s][info][gc,heap     ] GC(98) Archive regions: 2->2
[96.424s][info][gc,heap     ] GC(98) Humongous regions: 1->1
[96.424s][info][gc,metaspace] GC(98) Metaspace: 44284K(45264K)->44284K(45264K) NonClass: 38996K(39636K)->38996K(39636K) Class: 5287K(5628K)->5287K(5628K)
[96.424s][info][gc          ] GC(98) Pause Young (Concurrent Start) (G1 Evacuation Pause) 118M->73M(140M) 3.641ms
[96.424s][info][gc,cpu      ] GC(98) User=0.02s Sys=0.00s Real=0.00s
[96.424s][info][gc          ] GC(99) Concurrent Cycle
[96.424s][info][gc,marking  ] GC(99) Concurrent Clear Claimed Marks
[96.424s][info][gc,marking  ] GC(99) Concurrent Clear Claimed Marks 0.037ms
[96.424s][info][gc,marking  ] GC(99) Concurrent Scan Root Regions
[96.427s][info][gc,marking  ] GC(99) Concurrent Scan Root Regions 3.506ms
[96.428s][info][gc,marking  ] GC(99) Concurrent Mark (96.428s)
[96.428s][info][gc,marking  ] GC(99) Concurrent Mark From Roots
[96.428s][info][gc,task     ] GC(99) Using 2 workers of 2 for marking
[96.503s][info][gc,marking  ] GC(99) Concurrent Mark From Roots 75.772ms
[96.503s][info][gc,marking  ] GC(99) Concurrent Preclean
[96.503s][info][gc,marking  ] GC(99) Concurrent Preclean 0.064ms
[96.503s][info][gc,marking  ] GC(99) Concurrent Mark (96.428s, 96.503s) 75.897ms
[96.504s][info][gc,start    ] GC(99) Pause Remark
[96.505s][info][gc          ] GC(99) Pause Remark 85M->85M(150M) 1.711ms
[96.505s][info][gc,cpu      ] GC(99) User=0.01s Sys=0.00s Real=0.01s
[96.505s][info][gc,marking  ] GC(99) Concurrent Rebuild Remembered Sets
[96.547s][info][gc,marking  ] GC(99) Concurrent Rebuild Remembered Sets 41.181ms
[96.547s][info][gc,start    ] GC(99) Pause Cleanup
[96.547s][info][gc          ] GC(99) Pause Cleanup 91M->91M(150M) 0.115ms
[96.547s][info][gc,cpu      ] GC(99) User=0.00s Sys=0.00s Real=0.00s
[96.547s][info][gc,marking  ] GC(99) Concurrent Cleanup for Next Mark
[96.547s][info][gc,marking  ] GC(99) Concurrent Cleanup for Next Mark 0.298ms
[96.547s][info][gc          ] GC(99) Concurrent Cycle 123.331ms
[96.670s][info][gc,start    ] GC(100) Pause Young (Normal) (G1 Evacuation Pause)
[96.671s][info][gc,task     ] GC(100) Using 8 workers of 8 for evacuation
[96.675s][info][gc,phases   ] GC(100)   Pre Evacuate Collection Set: 0.1ms
[96.675s][info][gc,phases   ] GC(100)   Merge Heap Roots: 0.0ms
[96.675s][info][gc,phases   ] GC(100)   Evacuate Collection Set: 4.0ms
[96.675s][info][gc,phases   ] GC(100)   Post Evacuate Collection Set: 0.2ms
[96.675s][info][gc,phases   ] GC(100)   Other: 0.1ms
[96.675s][info][gc,heap     ] GC(100) Eden regions: 43->0(53)
[96.675s][info][gc,heap     ] GC(100) Survivor regions: 5->4(6)
[96.675s][info][gc,heap     ] GC(100) Old regions: 69->71
[96.675s][info][gc,heap     ] GC(100) Archive regions: 2->2
[96.675s][info][gc,heap     ] GC(100) Humongous regions: 1->1
[96.675s][info][gc,metaspace] GC(100) Metaspace: 44284K(45264K)->44284K(45264K) NonClass: 38996K(39636K)->38996K(39636K) Class: 5287K(5628K)->5287K(5628K)
[96.675s][info][gc          ] GC(100) Pause Young (Normal) (G1 Evacuation Pause) 116M->74M(150M) 4.624ms
[96.675s][info][gc,cpu      ] GC(100) User=0.03s Sys=0.00s Real=0.01s
[96.862s][info][gc,start    ] GC(101) Pause Young (Concurrent Start) (G1 Humongous Allocation)
[96.862s][info][gc,task     ] GC(101) Using 8 workers of 8 for evacuation
[96.865s][info][gc,phases   ] GC(101)   Pre Evacuate Collection Set: 0.1ms
[96.865s][info][gc,phases   ] GC(101)   Merge Heap Roots: 0.0ms
[96.865s][info][gc,phases   ] GC(101)   Evacuate Collection Set: 2.5ms
[96.865s][info][gc,phases   ] GC(101)   Post Evacuate Collection Set: 0.2ms
[96.865s][info][gc,phases   ] GC(101)   Other: 0.2ms
[96.865s][info][gc,heap     ] GC(101) Eden regions: 39->0(51)
[96.865s][info][gc,heap     ] GC(101) Survivor regions: 4->5(8)
[96.865s][info][gc,heap     ] GC(101) Old regions: 71->71
[96.865s][info][gc,heap     ] GC(101) Archive regions: 2->2
[96.865s][info][gc,heap     ] GC(101) Humongous regions: 1->1
[96.865s][info][gc,metaspace] GC(101) Metaspace: 44284K(45264K)->44284K(45264K) NonClass: 38996K(39636K)->38996K(39636K) Class: 5287K(5628K)->5287K(5628K)
[96.865s][info][gc          ] GC(101) Pause Young (Concurrent Start) (G1 Humongous Allocation) 112M->75M(150M) 3.134ms
[96.865s][info][gc,cpu      ] GC(101) User=0.02s Sys=0.00s Real=0.01s
[96.865s][info][gc          ] GC(102) Concurrent Cycle
[96.865s][info][gc,marking  ] GC(102) Concurrent Clear Claimed Marks
[96.865s][info][gc,marking  ] GC(102) Concurrent Clear Claimed Marks 0.034ms
[96.865s][info][gc,marking  ] GC(102) Concurrent Scan Root Regions
[96.868s][info][gc,marking  ] GC(102) Concurrent Scan Root Regions 3.064ms
[96.868s][info][gc,marking  ] GC(102) Concurrent Mark (96.868s)
[96.868s][info][gc,marking  ] GC(102) Concurrent Mark From Roots
[96.868s][info][gc,task     ] GC(102) Using 2 workers of 2 for marking
[96.943s][info][gc,marking  ] GC(102) Concurrent Mark From Roots 74.756ms
[96.943s][info][gc,marking  ] GC(102) Concurrent Preclean
[96.943s][info][gc,marking  ] GC(102) Concurrent Preclean 0.103ms
[96.943s][info][gc,marking  ] GC(102) Concurrent Mark (96.868s, 96.943s) 74.950ms
[96.943s][info][gc,start    ] GC(102) Pause Remark
[96.947s][info][gc          ] GC(102) Pause Remark 92M->92M(162M) 3.572ms
[96.947s][info][gc,cpu      ] GC(102) User=0.01s Sys=0.00s Real=0.01s
[96.947s][info][gc,marking  ] GC(102) Concurrent Rebuild Remembered Sets
[96.996s][info][gc,marking  ] GC(102) Concurrent Rebuild Remembered Sets 49.309ms
[96.997s][info][gc,start    ] GC(102) Pause Cleanup
[96.997s][info][gc          ] GC(102) Pause Cleanup 96M->96M(162M) 0.139ms
[96.997s][info][gc,cpu      ] GC(102) User=0.00s Sys=0.00s Real=0.00s
[96.998s][info][gc,marking  ] GC(102) Concurrent Cleanup for Next Mark
[96.998s][info][gc,marking  ] GC(102) Concurrent Cleanup for Next Mark 0.444ms
[96.998s][info][gc          ] GC(102) Concurrent Cycle 133.188ms
[97.254s][info][gc,start    ] GC(103) Pause Young (Normal) (G1 Evacuation Pause)
[97.254s][info][gc,task     ] GC(103) Using 8 workers of 8 for evacuation
[97.259s][info][gc,phases   ] GC(103)   Pre Evacuate Collection Set: 0.0ms
[97.259s][info][gc,phases   ] GC(103)   Merge Heap Roots: 0.0ms
[97.259s][info][gc,phases   ] GC(103)   Evacuate Collection Set: 4.2ms
[97.259s][info][gc,phases   ] GC(103)   Post Evacuate Collection Set: 0.3ms
[97.259s][info][gc,phases   ] GC(103)   Other: 0.2ms
[97.259s][info][gc,heap     ] GC(103) Eden regions: 49->0(54)
[97.259s][info][gc,heap     ] GC(103) Survivor regions: 5->5(7)
[97.259s][info][gc,heap     ] GC(103) Old regions: 71->72
[97.259s][info][gc,heap     ] GC(103) Archive regions: 2->2
[97.259s][info][gc,heap     ] GC(103) Humongous regions: 7->7
[97.259s][info][gc,metaspace] GC(103) Metaspace: 44284K(45264K)->44284K(45264K) NonClass: 38996K(39636K)->38996K(39636K) Class: 5287K(5628K)->5287K(5628K)
[97.259s][info][gc          ] GC(103) Pause Young (Normal) (G1 Evacuation Pause) 130M->82M(162M) 4.986ms
[97.259s][info][gc,cpu      ] GC(103) User=0.03s Sys=0.01s Real=0.01s
[97.518s][info][gc,start    ] GC(104) Pause Young (Concurrent Start) (G1 Evacuation Pause)
[97.518s][info][gc,task     ] GC(104) Using 8 workers of 8 for evacuation
[97.523s][info][gc,phases   ] GC(104)   Pre Evacuate Collection Set: 0.1ms
[97.523s][info][gc,phases   ] GC(104)   Merge Heap Roots: 0.0ms
[97.523s][info][gc,phases   ] GC(104)   Evacuate Collection Set: 4.1ms
[97.523s][info][gc,phases   ] GC(104)   Post Evacuate Collection Set: 0.3ms
[97.523s][info][gc,phases   ] GC(104)   Other: 0.2ms
[97.523s][info][gc,heap     ] GC(104) Eden regions: 54->0(53)
[97.523s][info][gc,heap     ] GC(104) Survivor regions: 5->5(8)
[97.523s][info][gc,heap     ] GC(104) Old regions: 72->73
[97.523s][info][gc,heap     ] GC(104) Archive regions: 2->2
[97.523s][info][gc,heap     ] GC(104) Humongous regions: 7->7
[97.523s][info][gc,metaspace] GC(104) Metaspace: 44284K(45264K)->44284K(45264K) NonClass: 38996K(39636K)->38996K(39636K) Class: 5287K(5628K)->5287K(5628K)
[97.523s][info][gc          ] GC(104) Pause Young (Concurrent Start) (G1 Evacuation Pause) 136M->83M(162M) 4.740ms
[97.523s][info][gc,cpu      ] GC(104) User=0.03s Sys=0.00s Real=0.00s
[97.523s][info][gc          ] GC(105) Concurrent Cycle
[97.523s][info][gc,marking  ] GC(105) Concurrent Clear Claimed Marks
[97.523s][info][gc,marking  ] GC(105) Concurrent Clear Claimed Marks 0.054ms
[97.523s][info][gc,marking  ] GC(105) Concurrent Scan Root Regions
[97.527s][info][gc,marking  ] GC(105) Concurrent Scan Root Regions 3.654ms
[97.527s][info][gc,marking  ] GC(105) Concurrent Mark (97.527s)
[97.527s][info][gc,marking  ] GC(105) Concurrent Mark From Roots
[97.527s][info][gc,task     ] GC(105) Using 2 workers of 2 for marking
[97.608s][info][gc,marking  ] GC(105) Concurrent Mark From Roots 81.202ms
[97.608s][info][gc,marking  ] GC(105) Concurrent Preclean
[97.608s][info][gc,marking  ] GC(105) Concurrent Preclean 0.113ms
[97.608s][info][gc,marking  ] GC(105) Concurrent Mark (97.527s, 97.608s) 81.395ms
[97.609s][info][gc,start    ] GC(105) Pause Remark
[97.610s][info][gc          ] GC(105) Pause Remark 98M->93M(162M) 1.858ms
[97.610s][info][gc,cpu      ] GC(105) User=0.01s Sys=0.00s Real=0.00s
[97.611s][info][gc,marking  ] GC(105) Concurrent Rebuild Remembered Sets
[97.666s][info][gc,marking  ] GC(105) Concurrent Rebuild Remembered Sets 55.720ms
[97.667s][info][gc,start    ] GC(105) Pause Cleanup
[97.667s][info][gc          ] GC(105) Pause Cleanup 102M->102M(162M) 0.144ms
[97.667s][info][gc,cpu      ] GC(105) User=0.00s Sys=0.00s Real=0.00s
[97.667s][info][gc,marking  ] GC(105) Concurrent Cleanup for Next Mark
[97.667s][info][gc,marking  ] GC(105) Concurrent Cleanup for Next Mark 0.394ms
[97.667s][info][gc          ] GC(105) Concurrent Cycle 143.986ms
[97.846s][info][gc,start    ] GC(106) Pause Young (Normal) (G1 Evacuation Pause)
[97.846s][info][gc,task     ] GC(106) Using 8 workers of 8 for evacuation
[97.851s][info][gc,phases   ] GC(106)   Pre Evacuate Collection Set: 0.1ms
[97.851s][info][gc,phases   ] GC(106)   Merge Heap Roots: 0.1ms
[97.851s][info][gc,phases   ] GC(106)   Evacuate Collection Set: 4.4ms
[97.851s][info][gc,phases   ] GC(106)   Post Evacuate Collection Set: 0.2ms
[97.851s][info][gc,phases   ] GC(106)   Other: 0.2ms
[97.851s][info][gc,heap     ] GC(106) Eden regions: 53->0(57)
[97.851s][info][gc,heap     ] GC(106) Survivor regions: 5->5(8)
[97.851s][info][gc,heap     ] GC(106) Old regions: 73->74
[97.851s][info][gc,heap     ] GC(106) Archive regions: 2->2
[97.851s][info][gc,heap     ] GC(106) Humongous regions: 2->2
[97.851s][info][gc,metaspace] GC(106) Metaspace: 44284K(45264K)->44284K(45264K) NonClass: 38996K(39636K)->38996K(39636K) Class: 5287K(5628K)->5287K(5628K)
[97.851s][info][gc          ] GC(106) Pause Young (Normal) (G1 Evacuation Pause) 131M->79M(162M) 5.055ms
[97.851s][info][gc,cpu      ] GC(106) User=0.03s Sys=0.00s Real=0.00s
[98.122s][info][gc,start    ] GC(107) Pause Young (Concurrent Start) (G1 Evacuation Pause)
[98.122s][info][gc,task     ] GC(107) Using 8 workers of 8 for evacuation
[98.127s][info][gc,phases   ] GC(107)   Pre Evacuate Collection Set: 0.1ms
[98.127s][info][gc,phases   ] GC(107)   Merge Heap Roots: 0.0ms
[98.127s][info][gc,phases   ] GC(107)   Evacuate Collection Set: 4.5ms
[98.127s][info][gc,phases   ] GC(107)   Post Evacuate Collection Set: 0.3ms
[98.127s][info][gc,phases   ] GC(107)   Other: 0.2ms
[98.127s][info][gc,heap     ] GC(107) Eden regions: 57->0(54)
[98.127s][info][gc,heap     ] GC(107) Survivor regions: 5->6(8)
[98.127s][info][gc,heap     ] GC(107) Old regions: 74->75
[98.127s][info][gc,heap     ] GC(107) Archive regions: 2->2
[98.127s][info][gc,heap     ] GC(107) Humongous regions: 2->2
[98.127s][info][gc,metaspace] GC(107) Metaspace: 44284K(45264K)->44284K(45264K) NonClass: 38996K(39636K)->38996K(39636K) Class: 5287K(5628K)->5287K(5628K)
[98.127s][info][gc          ] GC(107) Pause Young (Concurrent Start) (G1 Evacuation Pause) 136M->81M(162M) 5.193ms
[98.127s][info][gc,cpu      ] GC(107) User=0.03s Sys=0.00s Real=0.01s
[98.128s][info][gc          ] GC(108) Concurrent Cycle
[98.128s][info][gc,marking  ] GC(108) Concurrent Clear Claimed Marks
[98.128s][info][gc,marking  ] GC(108) Concurrent Clear Claimed Marks 0.065ms
[98.128s][info][gc,marking  ] GC(108) Concurrent Scan Root Regions
[98.132s][info][gc,marking  ] GC(108) Concurrent Scan Root Regions 4.722ms
[98.132s][info][gc,marking  ] GC(108) Concurrent Mark (98.132s)
[98.132s][info][gc,marking  ] GC(108) Concurrent Mark From Roots
[98.132s][info][gc,task     ] GC(108) Using 2 workers of 2 for marking
[98.220s][info][gc,marking  ] GC(108) Concurrent Mark From Roots 87.498ms
[98.220s][info][gc,marking  ] GC(108) Concurrent Preclean
[98.220s][info][gc,marking  ] GC(108) Concurrent Preclean 0.094ms
[98.220s][info][gc,marking  ] GC(108) Concurrent Mark (98.132s, 98.220s) 87.668ms
[98.220s][info][gc,start    ] GC(108) Pause Remark
[98.223s][info][gc          ] GC(108) Pause Remark 93M->93M(164M) 2.112ms
[98.223s][info][gc,cpu      ] GC(108) User=0.01s Sys=0.00s Real=0.00s
[98.223s][info][gc,marking  ] GC(108) Concurrent Rebuild Remembered Sets
[98.276s][info][gc,marking  ] GC(108) Concurrent Rebuild Remembered Sets 53.472ms
[98.276s][info][gc,start    ] GC(108) Pause Cleanup
[98.276s][info][gc          ] GC(108) Pause Cleanup 102M->102M(164M) 0.125ms
[98.276s][info][gc,cpu      ] GC(108) User=0.00s Sys=0.00s Real=0.00s
[98.277s][info][gc,marking  ] GC(108) Concurrent Cleanup for Next Mark
[98.277s][info][gc,marking  ] GC(108) Concurrent Cleanup for Next Mark 0.253ms
[98.277s][info][gc          ] GC(108) Concurrent Cycle 149.260ms
[98.433s][info][gc,start    ] GC(109) Pause Young (Normal) (G1 Evacuation Pause)
[98.433s][info][gc,task     ] GC(109) Using 8 workers of 8 for evacuation
[98.437s][info][gc,phases   ] GC(109)   Pre Evacuate Collection Set: 0.0ms
[98.437s][info][gc,phases   ] GC(109)   Merge Heap Roots: 0.0ms
[98.437s][info][gc,phases   ] GC(109)   Evacuate Collection Set: 3.8ms
[98.437s][info][gc,phases   ] GC(109)   Post Evacuate Collection Set: 0.4ms
[98.437s][info][gc,phases   ] GC(109)   Other: 0.2ms
[98.437s][info][gc,heap     ] GC(109) Eden regions: 54->0(55)
[98.437s][info][gc,heap     ] GC(109) Survivor regions: 6->6(8)
[98.437s][info][gc,heap     ] GC(109) Old regions: 75->76
[98.437s][info][gc,heap     ] GC(109) Archive regions: 2->2
[98.437s][info][gc,heap     ] GC(109) Humongous regions: 2->2
[98.437s][info][gc,metaspace] GC(109) Metaspace: 44284K(45264K)->44284K(45264K) NonClass: 38996K(39636K)->38996K(39636K) Class: 5287K(5628K)->5287K(5628K)
[98.437s][info][gc          ] GC(109) Pause Young (Normal) (G1 Evacuation Pause) 135M->82M(164M) 4.469ms
[98.437s][info][gc,cpu      ] GC(109) User=0.02s Sys=0.00s Real=0.01s
[98.685s][info][gc,start    ] GC(110) Pause Young (Concurrent Start) (G1 Evacuation Pause)
[98.685s][info][gc,task     ] GC(110) Using 8 workers of 8 for evacuation
[98.690s][info][gc,phases   ] GC(110)   Pre Evacuate Collection Set: 0.1ms
[98.690s][info][gc,phases   ] GC(110)   Merge Heap Roots: 0.1ms
[98.690s][info][gc,phases   ] GC(110)   Evacuate Collection Set: 4.7ms
[98.690s][info][gc,phases   ] GC(110)   Post Evacuate Collection Set: 0.3ms
[98.690s][info][gc,phases   ] GC(110)   Other: 0.2ms
[98.690s][info][gc,heap     ] GC(110) Eden regions: 55->0(54)
[98.690s][info][gc,heap     ] GC(110) Survivor regions: 6->6(8)
[98.690s][info][gc,heap     ] GC(110) Old regions: 76->77
[98.690s][info][gc,heap     ] GC(110) Archive regions: 2->2
[98.690s][info][gc,heap     ] GC(110) Humongous regions: 2->2
[98.690s][info][gc,metaspace] GC(110) Metaspace: 44284K(45264K)->44284K(45264K) NonClass: 38996K(39636K)->38996K(39636K) Class: 5287K(5628K)->5287K(5628K)
[98.690s][info][gc          ] GC(110) Pause Young (Concurrent Start) (G1 Evacuation Pause) 137M->83M(164M) 5.401ms
[98.690s][info][gc,cpu      ] GC(110) User=0.03s Sys=0.00s Real=0.00s
[98.691s][info][gc          ] GC(111) Concurrent Cycle
[98.691s][info][gc,marking  ] GC(111) Concurrent Clear Claimed Marks
[98.691s][info][gc,marking  ] GC(111) Concurrent Clear Claimed Marks 0.060ms
[98.691s][info][gc,marking  ] GC(111) Concurrent Scan Root Regions
[98.696s][info][gc,marking  ] GC(111) Concurrent Scan Root Regions 5.137ms
[98.696s][info][gc,marking  ] GC(111) Concurrent Mark (98.696s)
[98.696s][info][gc,marking  ] GC(111) Concurrent Mark From Roots
[98.696s][info][gc,task     ] GC(111) Using 2 workers of 2 for marking
[98.799s][info][gc,marking  ] GC(111) Concurrent Mark From Roots 102.740ms
[98.799s][info][gc,marking  ] GC(111) Concurrent Preclean
[98.799s][info][gc,marking  ] GC(111) Concurrent Preclean 0.056ms
[98.799s][info][gc,marking  ] GC(111) Concurrent Mark (98.696s, 98.799s) 102.850ms
[98.799s][info][gc,start    ] GC(111) Pause Remark
[98.800s][info][gc          ] GC(111) Pause Remark 99M->99M(172M) 1.629ms
[98.800s][info][gc,cpu      ] GC(111) User=0.01s Sys=0.00s Real=0.00s
[98.801s][info][gc,marking  ] GC(111) Concurrent Rebuild Remembered Sets
[98.876s][info][gc,marking  ] GC(111) Concurrent Rebuild Remembered Sets 75.776ms
[98.876s][info][gc,start    ] GC(111) Pause Cleanup
[98.877s][info][gc          ] GC(111) Pause Cleanup 112M->112M(172M) 0.113ms
[98.877s][info][gc,cpu      ] GC(111) User=0.00s Sys=0.00s Real=0.00s
[98.877s][info][gc,marking  ] GC(111) Concurrent Cleanup for Next Mark
[98.877s][info][gc,marking  ] GC(111) Concurrent Cleanup for Next Mark 0.359ms
[98.877s][info][gc          ] GC(111) Concurrent Cycle 186.530ms
[98.983s][info][gc,start    ] GC(112) Pause Young (Normal) (G1 Evacuation Pause)
[98.983s][info][gc,task     ] GC(112) Using 8 workers of 8 for evacuation
[98.988s][info][gc,phases   ] GC(112)   Pre Evacuate Collection Set: 0.1ms
[98.988s][info][gc,phases   ] GC(112)   Merge Heap Roots: 0.0ms
[98.988s][info][gc,phases   ] GC(112)   Evacuate Collection Set: 4.4ms
[98.988s][info][gc,phases   ] GC(112)   Post Evacuate Collection Set: 0.3ms
[98.988s][info][gc,phases   ] GC(112)   Other: 0.2ms
[98.988s][info][gc,heap     ] GC(112) Eden regions: 54->0(60)
[98.988s][info][gc,heap     ] GC(112) Survivor regions: 6->6(8)
[98.988s][info][gc,heap     ] GC(112) Old regions: 77->78
[98.988s][info][gc,heap     ] GC(112) Archive regions: 2->2
[98.988s][info][gc,heap     ] GC(112) Humongous regions: 2->2
[98.988s][info][gc,metaspace] GC(112) Metaspace: 44285K(45264K)->44285K(45264K) NonClass: 38997K(39636K)->38997K(39636K) Class: 5287K(5628K)->5287K(5628K)
[98.988s][info][gc          ] GC(112) Pause Young (Normal) (G1 Evacuation Pause) 137M->85M(172M) 5.136ms
[98.988s][info][gc,cpu      ] GC(112) User=0.03s Sys=0.00s Real=0.01s
[99.234s][info][gc,start    ] GC(113) Pause Young (Concurrent Start) (G1 Evacuation Pause)
[99.234s][info][gc,task     ] GC(113) Using 8 workers of 8 for evacuation
[99.239s][info][gc,phases   ] GC(113)   Pre Evacuate Collection Set: 0.1ms
[99.239s][info][gc,phases   ] GC(113)   Merge Heap Roots: 0.0ms
[99.239s][info][gc,phases   ] GC(113)   Evacuate Collection Set: 4.6ms
[99.239s][info][gc,phases   ] GC(113)   Post Evacuate Collection Set: 0.3ms
[99.239s][info][gc,phases   ] GC(113)   Other: 0.2ms
[99.239s][info][gc,heap     ] GC(113) Eden regions: 60->0(58)
[99.239s][info][gc,heap     ] GC(113) Survivor regions: 6->6(9)
[99.239s][info][gc,heap     ] GC(113) Old regions: 78->80
[99.239s][info][gc,heap     ] GC(113) Archive regions: 2->2
[99.239s][info][gc,heap     ] GC(113) Humongous regions: 2->2
[99.239s][info][gc,metaspace] GC(113) Metaspace: 44285K(45264K)->44285K(45264K) NonClass: 38997K(39636K)->38997K(39636K) Class: 5287K(5628K)->5287K(5628K)
[99.239s][info][gc          ] GC(113) Pause Young (Concurrent Start) (G1 Evacuation Pause) 145M->86M(172M) 5.210ms
[99.239s][info][gc,cpu      ] GC(113) User=0.03s Sys=0.00s Real=0.01s
[99.239s][info][gc          ] GC(114) Concurrent Cycle
[99.239s][info][gc,marking  ] GC(114) Concurrent Clear Claimed Marks
[99.239s][info][gc,marking  ] GC(114) Concurrent Clear Claimed Marks 0.071ms
[99.239s][info][gc,marking  ] GC(114) Concurrent Scan Root Regions
[99.244s][info][gc,marking  ] GC(114) Concurrent Scan Root Regions 4.773ms
[99.244s][info][gc,marking  ] GC(114) Concurrent Mark (99.244s)
[99.244s][info][gc,marking  ] GC(114) Concurrent Mark From Roots
[99.244s][info][gc,task     ] GC(114) Using 2 workers of 2 for marking
[99.347s][info][gc,marking  ] GC(114) Concurrent Mark From Roots 102.451ms
[99.347s][info][gc,marking  ] GC(114) Concurrent Preclean
[99.347s][info][gc,marking  ] GC(114) Concurrent Preclean 0.103ms
[99.347s][info][gc,marking  ] GC(114) Concurrent Mark (99.244s, 99.347s) 102.638ms
[99.347s][info][gc,start    ] GC(114) Pause Remark
[99.349s][info][gc          ] GC(114) Pause Remark 103M->103M(179M) 1.699ms
[99.349s][info][gc,cpu      ] GC(114) User=0.01s Sys=0.00s Real=0.00s
[99.349s][info][gc,marking  ] GC(114) Concurrent Rebuild Remembered Sets
[99.410s][info][gc,marking  ] GC(114) Concurrent Rebuild Remembered Sets 60.883ms
[99.410s][info][gc,start    ] GC(114) Pause Cleanup
[99.410s][info][gc          ] GC(114) Pause Cleanup 114M->114M(179M) 0.115ms
[99.410s][info][gc,cpu      ] GC(114) User=0.00s Sys=0.00s Real=0.00s
[99.410s][info][gc,marking  ] GC(114) Concurrent Cleanup for Next Mark
[99.410s][info][gc,marking  ] GC(114) Concurrent Cleanup for Next Mark 0.394ms
[99.410s][info][gc          ] GC(114) Concurrent Cycle 171.167ms
[99.537s][info][gc,start    ] GC(115) Pause Young (Normal) (G1 Evacuation Pause)
[99.537s][info][gc,task     ] GC(115) Using 8 workers of 8 for evacuation
[99.542s][info][gc,phases   ] GC(115)   Pre Evacuate Collection Set: 0.1ms
[99.542s][info][gc,phases   ] GC(115)   Merge Heap Roots: 0.0ms
[99.542s][info][gc,phases   ] GC(115)   Evacuate Collection Set: 4.3ms
[99.542s][info][gc,phases   ] GC(115)   Post Evacuate Collection Set: 0.3ms
[99.542s][info][gc,phases   ] GC(115)   Other: 0.1ms
[99.542s][info][gc,heap     ] GC(115) Eden regions: 58->0(64)
[99.542s][info][gc,heap     ] GC(115) Survivor regions: 6->6(8)
[99.542s][info][gc,heap     ] GC(115) Old regions: 80->81
[99.542s][info][gc,heap     ] GC(115) Archive regions: 2->2
[99.542s][info][gc,heap     ] GC(115) Humongous regions: 2->2
[99.542s][info][gc,metaspace] GC(115) Metaspace: 44285K(45264K)->44285K(45264K) NonClass: 38997K(39636K)->38997K(39636K) Class: 5287K(5628K)->5287K(5628K)
[99.542s][info][gc          ] GC(115) Pause Young (Normal) (G1 Evacuation Pause) 144M->88M(179M) 4.921ms
[99.542s][info][gc,cpu      ] GC(115) User=0.03s Sys=0.00s Real=0.00s
[99.853s][info][gc,start    ] GC(116) Pause Young (Concurrent Start) (G1 Evacuation Pause)
[99.853s][info][gc,task     ] GC(116) Using 8 workers of 8 for evacuation
[99.858s][info][gc,phases   ] GC(116)   Pre Evacuate Collection Set: 0.1ms
[99.858s][info][gc,phases   ] GC(116)   Merge Heap Roots: 0.0ms
[99.858s][info][gc,phases   ] GC(116)   Evacuate Collection Set: 4.1ms
[99.858s][info][gc,phases   ] GC(116)   Post Evacuate Collection Set: 0.3ms
[99.858s][info][gc,phases   ] GC(116)   Other: 0.2ms
[99.858s][info][gc,heap     ] GC(116) Eden regions: 64->0(62)
[99.858s][info][gc,heap     ] GC(116) Survivor regions: 6->6(9)
[99.858s][info][gc,heap     ] GC(116) Old regions: 81->83
[99.858s][info][gc,heap     ] GC(116) Archive regions: 2->2
[99.858s][info][gc,heap     ] GC(116) Humongous regions: 2->2
[99.858s][info][gc,metaspace] GC(116) Metaspace: 44285K(45264K)->44285K(45264K) NonClass: 38997K(39636K)->38997K(39636K) Class: 5287K(5628K)->5287K(5628K)
[99.858s][info][gc          ] GC(116) Pause Young (Concurrent Start) (G1 Evacuation Pause) 152M->89M(179M) 4.735ms
[99.858s][info][gc,cpu      ] GC(116) User=0.03s Sys=0.00s Real=0.01s
[99.858s][info][gc          ] GC(117) Concurrent Cycle
[99.858s][info][gc,marking  ] GC(117) Concurrent Clear Claimed Marks
[99.858s][info][gc,marking  ] GC(117) Concurrent Clear Claimed Marks 0.045ms
[99.858s][info][gc,marking  ] GC(117) Concurrent Scan Root Regions
[99.863s][info][gc,marking  ] GC(117) Concurrent Scan Root Regions 4.664ms
[99.863s][info][gc,marking  ] GC(117) Concurrent Mark (99.863s)
[99.863s][info][gc,marking  ] GC(117) Concurrent Mark From Roots
[99.863s][info][gc,task     ] GC(117) Using 2 workers of 2 for marking
[99.965s][info][gc,marking  ] GC(117) Concurrent Mark From Roots 102.481ms
[99.965s][info][gc,marking  ] GC(117) Concurrent Preclean
[99.965s][info][gc,marking  ] GC(117) Concurrent Preclean 0.065ms
[99.965s][info][gc,marking  ] GC(117) Concurrent Mark (99.863s, 99.965s) 102.605ms
[99.965s][info][gc,start    ] GC(117) Pause Remark
[99.967s][info][gc          ] GC(117) Pause Remark 105M->105M(182M) 1.696ms
[99.967s][info][gc,cpu      ] GC(117) User=0.01s Sys=0.00s Real=0.00s
[99.967s][info][gc,marking  ] GC(117) Concurrent Rebuild Remembered Sets
[100.024s][info][gc,marking  ] GC(117) Concurrent Rebuild Remembered Sets 57.400ms
[100.025s][info][gc,start    ] GC(117) Pause Cleanup
[100.025s][info][gc          ] GC(117) Pause Cleanup 115M->115M(182M) 0.113ms
[100.025s][info][gc,cpu      ] GC(117) User=0.00s Sys=0.00s Real=0.01s
[100.025s][info][gc,marking  ] GC(117) Concurrent Cleanup for Next Mark
[100.025s][info][gc,marking  ] GC(117) Concurrent Cleanup for Next Mark 0.378ms
[100.025s][info][gc          ] GC(117) Concurrent Cycle 167.539ms
[100.193s][info][gc,start    ] GC(118) Pause Young (Normal) (G1 Evacuation Pause)
[100.193s][info][gc,task     ] GC(118) Using 8 workers of 8 for evacuation
[100.198s][info][gc,phases   ] GC(118)   Pre Evacuate Collection Set: 0.1ms
[100.198s][info][gc,phases   ] GC(118)   Merge Heap Roots: 0.1ms
[100.198s][info][gc,phases   ] GC(118)   Evacuate Collection Set: 4.8ms
[100.198s][info][gc,phases   ] GC(118)   Post Evacuate Collection Set: 0.3ms
[100.198s][info][gc,phases   ] GC(118)   Other: 0.1ms
[100.198s][info][gc,heap     ] GC(118) Eden regions: 62->0(61)
[100.198s][info][gc,heap     ] GC(118) Survivor regions: 6->7(9)
[100.198s][info][gc,heap     ] GC(118) Old regions: 83->84
[100.198s][info][gc,heap     ] GC(118) Archive regions: 2->2
[100.198s][info][gc,heap     ] GC(118) Humongous regions: 2->2
[100.198s][info][gc,metaspace] GC(118) Metaspace: 44285K(45264K)->44285K(45264K) NonClass: 38997K(39636K)->38997K(39636K) Class: 5287K(5628K)->5287K(5628K)
[100.198s][info][gc          ] GC(118) Pause Young (Normal) (G1 Evacuation Pause) 151M->91M(182M) 5.439ms
[100.198s][info][gc,cpu      ] GC(118) User=0.03s Sys=0.00s Real=0.01s
[100.457s][info][gc,start    ] GC(119) Pause Young (Concurrent Start) (G1 Evacuation Pause)
[100.457s][info][gc,task     ] GC(119) Using 8 workers of 8 for evacuation
[100.462s][info][gc,phases   ] GC(119)   Pre Evacuate Collection Set: 0.1ms
[100.463s][info][gc,phases   ] GC(119)   Merge Heap Roots: 0.0ms
[100.463s][info][gc,phases   ] GC(119)   Evacuate Collection Set: 5.0ms
[100.463s][info][gc,phases   ] GC(119)   Post Evacuate Collection Set: 0.3ms
[100.463s][info][gc,phases   ] GC(119)   Other: 0.2ms
[100.463s][info][gc,heap     ] GC(119) Eden regions: 61->0(60)
[100.463s][info][gc,heap     ] GC(119) Survivor regions: 7->7(9)
[100.463s][info][gc,heap     ] GC(119) Old regions: 84->85
[100.463s][info][gc,heap     ] GC(119) Archive regions: 2->2
[100.463s][info][gc,heap     ] GC(119) Humongous regions: 2->2
[100.463s][info][gc,metaspace] GC(119) Metaspace: 44285K(45264K)->44285K(45264K) NonClass: 38997K(39636K)->38997K(39636K) Class: 5287K(5628K)->5287K(5628K)
[100.463s][info][gc          ] GC(119) Pause Young (Concurrent Start) (G1 Evacuation Pause) 152M->93M(182M) 5.626ms
[100.463s][info][gc,cpu      ] GC(119) User=0.03s Sys=0.00s Real=0.00s
[100.463s][info][gc          ] GC(120) Concurrent Cycle
[100.463s][info][gc,marking  ] GC(120) Concurrent Clear Claimed Marks
[100.463s][info][gc,marking  ] GC(120) Concurrent Clear Claimed Marks 0.039ms
[100.463s][info][gc,marking  ] GC(120) Concurrent Scan Root Regions
[100.468s][info][gc,marking  ] GC(120) Concurrent Scan Root Regions 5.326ms
[100.468s][info][gc,marking  ] GC(120) Concurrent Mark (100.468s)
[100.468s][info][gc,marking  ] GC(120) Concurrent Mark From Roots
[100.468s][info][gc,task     ] GC(120) Using 2 workers of 2 for marking
[100.571s][info][gc,marking  ] GC(120) Concurrent Mark From Roots 102.482ms
[100.571s][info][gc,marking  ] GC(120) Concurrent Preclean
[100.571s][info][gc,marking  ] GC(120) Concurrent Preclean 0.066ms
[100.571s][info][gc,marking  ] GC(120) Concurrent Mark (100.468s, 100.571s) 102.610ms
[100.571s][info][gc,start    ] GC(120) Pause Remark
[100.573s][info][gc          ] GC(120) Pause Remark 111M->111M(192M) 1.904ms
[100.573s][info][gc,cpu      ] GC(120) User=0.01s Sys=0.00s Real=0.00s
[100.573s][info][gc,marking  ] GC(120) Concurrent Rebuild Remembered Sets
[100.638s][info][gc,marking  ] GC(120) Concurrent Rebuild Remembered Sets 64.933ms
[100.638s][info][gc,start    ] GC(120) Pause Cleanup
[100.638s][info][gc          ] GC(120) Pause Cleanup 123M->123M(192M) 0.106ms
[100.638s][info][gc,cpu      ] GC(120) User=0.00s Sys=0.00s Real=0.00s
[100.638s][info][gc,marking  ] GC(120) Concurrent Cleanup for Next Mark
[100.639s][info][gc,marking  ] GC(120) Concurrent Cleanup for Next Mark 0.451ms
[100.639s][info][gc          ] GC(120) Concurrent Cycle 176.024ms
[100.794s][info][gc,start    ] GC(121) Pause Young (Normal) (G1 Evacuation Pause)
[100.794s][info][gc,task     ] GC(121) Using 8 workers of 8 for evacuation
[100.799s][info][gc,phases   ] GC(121)   Pre Evacuate Collection Set: 0.0ms
[100.799s][info][gc,phases   ] GC(121)   Merge Heap Roots: 0.0ms
[100.799s][info][gc,phases   ] GC(121)   Evacuate Collection Set: 4.5ms
[100.799s][info][gc,phases   ] GC(121)   Post Evacuate Collection Set: 0.3ms
[100.799s][info][gc,phases   ] GC(121)   Other: 0.2ms
[100.799s][info][gc,heap     ] GC(121) Eden regions: 60->0(67)
[100.799s][info][gc,heap     ] GC(121) Survivor regions: 7->7(9)
[100.799s][info][gc,heap     ] GC(121) Old regions: 85->87
[100.799s][info][gc,heap     ] GC(121) Archive regions: 2->2
[100.799s][info][gc,heap     ] GC(121) Humongous regions: 2->2
[100.799s][info][gc,metaspace] GC(121) Metaspace: 44285K(45264K)->44285K(45264K) NonClass: 38997K(39636K)->38997K(39636K) Class: 5287K(5628K)->5287K(5628K)
[100.800s][info][gc          ] GC(121) Pause Young (Normal) (G1 Evacuation Pause) 153M->94M(192M) 5.117ms
[100.800s][info][gc,cpu      ] GC(121) User=0.03s Sys=0.01s Real=0.01s
[101.128s][info][gc,start    ] GC(122) Pause Young (Concurrent Start) (G1 Evacuation Pause)
[101.128s][info][gc,task     ] GC(122) Using 8 workers of 8 for evacuation
[101.136s][info][gc,phases   ] GC(122)   Pre Evacuate Collection Set: 0.1ms
[101.136s][info][gc,phases   ] GC(122)   Merge Heap Roots: 0.1ms
[101.136s][info][gc,phases   ] GC(122)   Evacuate Collection Set: 7.4ms
[101.136s][info][gc,phases   ] GC(122)   Post Evacuate Collection Set: 0.6ms
[101.136s][info][gc,phases   ] GC(122)   Other: 0.4ms
[101.137s][info][gc,heap     ] GC(122) Eden regions: 67->0(66)
[101.137s][info][gc,heap     ] GC(122) Survivor regions: 7->7(10)
[101.137s][info][gc,heap     ] GC(122) Old regions: 87->88
[101.137s][info][gc,heap     ] GC(122) Archive regions: 2->2
[101.137s][info][gc,heap     ] GC(122) Humongous regions: 2->2
[101.137s][info][gc,metaspace] GC(122) Metaspace: 44285K(45264K)->44285K(45264K) NonClass: 38997K(39636K)->38997K(39636K) Class: 5287K(5628K)->5287K(5628K)
[101.137s][info][gc          ] GC(122) Pause Young (Concurrent Start) (G1 Evacuation Pause) 161M->95M(192M) 8.735ms
[101.137s][info][gc,cpu      ] GC(122) User=0.04s Sys=0.00s Real=0.01s
[101.137s][info][gc          ] GC(123) Concurrent Cycle
[101.137s][info][gc,marking  ] GC(123) Concurrent Clear Claimed Marks
[101.137s][info][gc,marking  ] GC(123) Concurrent Clear Claimed Marks 0.083ms
[101.137s][info][gc,marking  ] GC(123) Concurrent Scan Root Regions
[101.144s][info][gc,marking  ] GC(123) Concurrent Scan Root Regions 6.892ms
[101.144s][info][gc,marking  ] GC(123) Concurrent Mark (101.144s)
[101.144s][info][gc,marking  ] GC(123) Concurrent Mark From Roots
[101.144s][info][gc,task     ] GC(123) Using 2 workers of 2 for marking
[101.254s][info][gc,marking  ] GC(123) Concurrent Mark From Roots 110.380ms
[101.254s][info][gc,marking  ] GC(123) Concurrent Preclean
[101.254s][info][gc,marking  ] GC(123) Concurrent Preclean 0.097ms
[101.254s][info][gc,marking  ] GC(123) Concurrent Mark (101.144s, 101.254s) 110.581ms
[101.255s][info][gc,start    ] GC(123) Pause Remark
[101.257s][info][gc          ] GC(123) Pause Remark 107M->107M(192M) 2.212ms
[101.257s][info][gc,cpu      ] GC(123) User=0.02s Sys=0.00s Real=0.00s
[101.257s][info][gc,marking  ] GC(123) Concurrent Rebuild Remembered Sets
[101.316s][info][gc,marking  ] GC(123) Concurrent Rebuild Remembered Sets 58.699ms
[101.316s][info][gc,start    ] GC(123) Pause Cleanup
[101.316s][info][gc          ] GC(123) Pause Cleanup 113M->113M(192M) 0.138ms
[101.316s][info][gc,cpu      ] GC(123) User=0.00s Sys=0.00s Real=0.00s
[101.316s][info][gc,marking  ] GC(123) Concurrent Cleanup for Next Mark
[101.317s][info][gc,marking  ] GC(123) Concurrent Cleanup for Next Mark 0.390ms
[101.317s][info][gc          ] GC(123) Concurrent Cycle 180.080ms
[101.658s][info][gc,start    ] GC(124) Pause Young (Normal) (G1 Evacuation Pause)
[101.658s][info][gc,task     ] GC(124) Using 8 workers of 8 for evacuation
[101.665s][info][gc,phases   ] GC(124)   Pre Evacuate Collection Set: 0.1ms
[101.665s][info][gc,phases   ] GC(124)   Merge Heap Roots: 0.1ms
[101.665s][info][gc,phases   ] GC(124)   Evacuate Collection Set: 5.7ms
[101.665s][info][gc,phases   ] GC(124)   Post Evacuate Collection Set: 0.4ms
[101.665s][info][gc,phases   ] GC(124)   Other: 0.2ms
[101.665s][info][gc,heap     ] GC(124) Eden regions: 66->0(64)
[101.665s][info][gc,heap     ] GC(124) Survivor regions: 7->7(10)
[101.665s][info][gc,heap     ] GC(124) Old regions: 88->90
[101.665s][info][gc,heap     ] GC(124) Archive regions: 2->2
[101.665s][info][gc,heap     ] GC(124) Humongous regions: 2->2
[101.665s][info][gc,metaspace] GC(124) Metaspace: 44285K(45264K)->44285K(45264K) NonClass: 38997K(39636K)->38997K(39636K) Class: 5287K(5628K)->5287K(5628K)
[101.665s][info][gc          ] GC(124) Pause Young (Normal) (G1 Evacuation Pause) 161M->97M(192M) 6.668ms
[101.665s][info][gc,cpu      ] GC(124) User=0.03s Sys=0.00s Real=0.01s
[101.791s][info][gc,start    ] GC(125) Pause Young (Concurrent Start) (G1 Humongous Allocation)
[101.791s][info][gc,task     ] GC(125) Using 8 workers of 8 for evacuation
[101.796s][info][gc,phases   ] GC(125)   Pre Evacuate Collection Set: 0.1ms
[101.796s][info][gc,phases   ] GC(125)   Merge Heap Roots: 0.1ms
[101.796s][info][gc,phases   ] GC(125)   Evacuate Collection Set: 4.5ms
[101.796s][info][gc,phases   ] GC(125)   Post Evacuate Collection Set: 0.3ms
[101.796s][info][gc,phases   ] GC(125)   Other: 0.2ms
[101.796s][info][gc,heap     ] GC(125) Eden regions: 21->0(65)
[101.796s][info][gc,heap     ] GC(125) Survivor regions: 7->5(9)
[101.796s][info][gc,heap     ] GC(125) Old regions: 90->93
[101.796s][info][gc,heap     ] GC(125) Archive regions: 2->2
[101.796s][info][gc,heap     ] GC(125) Humongous regions: 2->2
[101.796s][info][gc,metaspace] GC(125) Metaspace: 44285K(45264K)->44285K(45264K) NonClass: 38997K(39636K)->38997K(39636K) Class: 5287K(5628K)->5287K(5628K)
[101.796s][info][gc          ] GC(125) Pause Young (Concurrent Start) (G1 Humongous Allocation) 118M->98M(192M) 5.196ms
[101.796s][info][gc,cpu      ] GC(125) User=0.04s Sys=0.00s Real=0.01s
[101.796s][info][gc          ] GC(126) Concurrent Cycle
[101.796s][info][gc,marking  ] GC(126) Concurrent Clear Claimed Marks
[101.796s][info][gc,marking  ] GC(126) Concurrent Clear Claimed Marks 0.086ms
[101.796s][info][gc,marking  ] GC(126) Concurrent Scan Root Regions
[101.803s][info][gc,marking  ] GC(126) Concurrent Scan Root Regions 6.202ms
[101.803s][info][gc,marking  ] GC(126) Concurrent Mark (101.803s)
[101.803s][info][gc,marking  ] GC(126) Concurrent Mark From Roots
[101.803s][info][gc,task     ] GC(126) Using 2 workers of 2 for marking
[101.941s][info][gc,marking  ] GC(126) Concurrent Mark From Roots 138.681ms
[101.941s][info][gc,marking  ] GC(126) Concurrent Preclean
[101.942s][info][gc,marking  ] GC(126) Concurrent Preclean 0.082ms
[101.942s][info][gc,marking  ] GC(126) Concurrent Mark (101.803s, 101.942s) 138.841ms
[101.942s][info][gc,start    ] GC(126) Pause Remark
[101.944s][info][gc          ] GC(126) Pause Remark 137M->137M(237M) 2.718ms
[101.945s][info][gc,cpu      ] GC(126) User=0.01s Sys=0.00s Real=0.00s
[101.945s][info][gc,marking  ] GC(126) Concurrent Rebuild Remembered Sets
[102.080s][info][gc,marking  ] GC(126) Concurrent Rebuild Remembered Sets 135.219ms
[102.080s][info][gc,start    ] GC(126) Pause Cleanup
[102.080s][info][gc          ] GC(126) Pause Cleanup 153M->153M(237M) 0.114ms
[102.080s][info][gc,cpu      ] GC(126) User=0.00s Sys=0.00s Real=0.00s
[102.080s][info][gc,marking  ] GC(126) Concurrent Cleanup for Next Mark
[102.081s][info][gc,marking  ] GC(126) Concurrent Cleanup for Next Mark 0.984ms
[102.081s][info][gc          ] GC(126) Concurrent Cycle 284.817ms
[102.263s][info][gc,start    ] GC(127) Pause Young (Normal) (G1 Evacuation Pause)
[102.263s][info][gc,task     ] GC(127) Using 8 workers of 8 for evacuation
[102.268s][info][gc,phases   ] GC(127)   Pre Evacuate Collection Set: 0.1ms
[102.268s][info][gc,phases   ] GC(127)   Merge Heap Roots: 0.0ms
[102.268s][info][gc,phases   ] GC(127)   Evacuate Collection Set: 4.7ms
[102.268s][info][gc,phases   ] GC(127)   Post Evacuate Collection Set: 0.2ms
[102.268s][info][gc,phases   ] GC(127)   Other: 0.2ms
[102.268s][info][gc,heap     ] GC(127) Eden regions: 61->0(85)
[102.268s][info][gc,heap     ] GC(127) Survivor regions: 5->6(9)
[102.268s][info][gc,heap     ] GC(127) Old regions: 93->93
[102.268s][info][gc,heap     ] GC(127) Archive regions: 2->2
[102.268s][info][gc,heap     ] GC(127) Humongous regions: 20->20
[102.268s][info][gc,metaspace] GC(127) Metaspace: 44285K(45264K)->44285K(45264K) NonClass: 38997K(39636K)->38997K(39636K) Class: 5287K(5628K)->5287K(5628K)
[102.268s][info][gc          ] GC(127) Pause Young (Normal) (G1 Evacuation Pause) 177M->117M(237M) 5.344ms
[102.268s][info][gc,cpu      ] GC(127) User=0.03s Sys=0.00s Real=0.01s
[102.648s][info][gc,start    ] GC(128) Pause Young (Concurrent Start) (G1 Evacuation Pause)
[102.648s][info][gc,task     ] GC(128) Using 8 workers of 8 for evacuation
[102.654s][info][gc,phases   ] GC(128)   Pre Evacuate Collection Set: 0.1ms
[102.654s][info][gc,phases   ] GC(128)   Merge Heap Roots: 0.0ms
[102.654s][info][gc,phases   ] GC(128)   Evacuate Collection Set: 5.0ms
[102.654s][info][gc,phases   ] GC(128)   Post Evacuate Collection Set: 0.3ms
[102.654s][info][gc,phases   ] GC(128)   Other: 0.2ms
[102.654s][info][gc,heap     ] GC(128) Eden regions: 85->0(82)
[102.654s][info][gc,heap     ] GC(128) Survivor regions: 6->8(12)
[102.654s][info][gc,heap     ] GC(128) Old regions: 93->93
[102.654s][info][gc,heap     ] GC(128) Archive regions: 2->2
[102.654s][info][gc,heap     ] GC(128) Humongous regions: 20->20
[102.654s][info][gc,metaspace] GC(128) Metaspace: 44285K(45264K)->44285K(45264K) NonClass: 38997K(39636K)->38997K(39636K) Class: 5287K(5628K)->5287K(5628K)
[102.654s][info][gc          ] GC(128) Pause Young (Concurrent Start) (G1 Evacuation Pause) 202M->119M(237M) 5.711ms
[102.654s][info][gc,cpu      ] GC(128) User=0.04s Sys=0.00s Real=0.00s
[102.654s][info][gc          ] GC(129) Concurrent Cycle
[102.654s][info][gc,marking  ] GC(129) Concurrent Clear Claimed Marks
[102.654s][info][gc,marking  ] GC(129) Concurrent Clear Claimed Marks 0.056ms
[102.654s][info][gc,marking  ] GC(129) Concurrent Scan Root Regions
[102.660s][info][gc,marking  ] GC(129) Concurrent Scan Root Regions 5.685ms
[102.660s][info][gc,marking  ] GC(129) Concurrent Mark (102.660s)
[102.660s][info][gc,marking  ] GC(129) Concurrent Mark From Roots
[102.660s][info][gc,task     ] GC(129) Using 2 workers of 2 for marking
[102.776s][info][gc,marking  ] GC(129) Concurrent Mark From Roots 116.745ms
[102.777s][info][gc,marking  ] GC(129) Concurrent Preclean
[102.777s][info][gc,marking  ] GC(129) Concurrent Preclean 0.064ms
[102.777s][info][gc,marking  ] GC(129) Concurrent Mark (102.660s, 102.777s) 116.876ms
[102.777s][info][gc,start    ] GC(129) Pause Remark
[102.779s][info][gc          ] GC(129) Pause Remark 133M->116M(237M) 1.895ms
[102.779s][info][gc,cpu      ] GC(129) User=0.01s Sys=0.00s Real=0.00s
[102.779s][info][gc,marking  ] GC(129) Concurrent Rebuild Remembered Sets
[102.836s][info][gc,marking  ] GC(129) Concurrent Rebuild Remembered Sets 56.980ms
[102.838s][info][gc,start    ] GC(129) Pause Cleanup
[102.838s][info][gc          ] GC(129) Pause Cleanup 125M->125M(237M) 0.189ms
[102.838s][info][gc,cpu      ] GC(129) User=0.00s Sys=0.00s Real=0.00s
[102.838s][info][gc,marking  ] GC(129) Concurrent Cleanup for Next Mark
[102.839s][info][gc,marking  ] GC(129) Concurrent Cleanup for Next Mark 0.591ms
[102.839s][info][gc          ] GC(129) Concurrent Cycle 185.053ms
[103.113s][info][gc,start    ] GC(130) Pause Young (Normal) (G1 Evacuation Pause)
[103.113s][info][gc,task     ] GC(130) Using 8 workers of 8 for evacuation
[103.120s][info][gc,phases   ] GC(130)   Pre Evacuate Collection Set: 0.1ms
[103.120s][info][gc,phases   ] GC(130)   Merge Heap Roots: 0.1ms
[103.120s][info][gc,phases   ] GC(130)   Evacuate Collection Set: 6.5ms
[103.120s][info][gc,phases   ] GC(130)   Post Evacuate Collection Set: 0.3ms
[103.120s][info][gc,phases   ] GC(130)   Other: 0.2ms
[103.120s][info][gc,heap     ] GC(130) Eden regions: 82->0(98)
[103.120s][info][gc,heap     ] GC(130) Survivor regions: 8->8(12)
[103.120s][info][gc,heap     ] GC(130) Old regions: 93->94
[103.120s][info][gc,heap     ] GC(130) Archive regions: 2->2
[103.120s][info][gc,heap     ] GC(130) Humongous regions: 3->3
[103.120s][info][gc,metaspace] GC(130) Metaspace: 44285K(45264K)->44285K(45264K) NonClass: 38997K(39636K)->38997K(39636K) Class: 5287K(5628K)->5287K(5628K)
[103.120s][info][gc          ] GC(130) Pause Young (Normal) (G1 Evacuation Pause) 184M->104M(237M) 7.233ms
[103.120s][info][gc,cpu      ] GC(130) User=0.04s Sys=0.00s Real=0.01s
[103.535s][info][gc,start    ] GC(131) Pause Young (Normal) (G1 Evacuation Pause)
[103.535s][info][gc,task     ] GC(131) Using 8 workers of 8 for evacuation
[103.542s][info][gc,phases   ] GC(131)   Pre Evacuate Collection Set: 0.0ms
[103.542s][info][gc,phases   ] GC(131)   Merge Heap Roots: 0.0ms
[103.542s][info][gc,phases   ] GC(131)   Evacuate Collection Set: 5.8ms
[103.542s][info][gc,phases   ] GC(131)   Post Evacuate Collection Set: 0.3ms
[103.542s][info][gc,phases   ] GC(131)   Other: 0.2ms
[103.542s][info][gc,heap     ] GC(131) Eden regions: 98->0(94)
[103.542s][info][gc,heap     ] GC(131) Survivor regions: 8->9(14)
[103.542s][info][gc,heap     ] GC(131) Old regions: 94->96
[103.542s][info][gc,heap     ] GC(131) Archive regions: 2->2
[103.542s][info][gc,heap     ] GC(131) Humongous regions: 3->3
[103.542s][info][gc,metaspace] GC(131) Metaspace: 44285K(45264K)->44285K(45264K) NonClass: 38997K(39636K)->38997K(39636K) Class: 5287K(5628K)->5287K(5628K)
[103.542s][info][gc          ] GC(131) Pause Young (Normal) (G1 Evacuation Pause) 202M->107M(237M) 6.547ms
[103.542s][info][gc,cpu      ] GC(131) User=0.04s Sys=0.00s Real=0.00s
[103.988s][info][gc,start    ] GC(132) Pause Young (Normal) (G1 Evacuation Pause)
[103.988s][info][gc,task     ] GC(132) Using 8 workers of 8 for evacuation
[103.995s][info][gc,phases   ] GC(132)   Pre Evacuate Collection Set: 0.1ms
[103.995s][info][gc,phases   ] GC(132)   Merge Heap Roots: 0.0ms
[103.995s][info][gc,phases   ] GC(132)   Evacuate Collection Set: 6.0ms
[103.995s][info][gc,phases   ] GC(132)   Post Evacuate Collection Set: 0.4ms
[103.995s][info][gc,phases   ] GC(132)   Other: 0.2ms
[103.995s][info][gc,heap     ] GC(132) Eden regions: 94->0(92)
[103.995s][info][gc,heap     ] GC(132) Survivor regions: 9->9(13)
[103.995s][info][gc,heap     ] GC(132) Old regions: 96->98
[103.995s][info][gc,heap     ] GC(132) Archive regions: 2->2
[103.995s][info][gc,heap     ] GC(132) Humongous regions: 3->3
[103.995s][info][gc,metaspace] GC(132) Metaspace: 44290K(45264K)->44290K(45264K) NonClass: 39002K(39636K)->39002K(39636K) Class: 5287K(5628K)->5287K(5628K)
[103.995s][info][gc          ] GC(132) Pause Young (Normal) (G1 Evacuation Pause) 201M->109M(237M) 6.819ms
[103.995s][info][gc,cpu      ] GC(132) User=0.05s Sys=0.00s Real=0.01s
[104.399s][info][gc,start    ] GC(133) Pause Young (Normal) (G1 Evacuation Pause)
[104.399s][info][gc,task     ] GC(133) Using 8 workers of 8 for evacuation
[104.405s][info][gc,phases   ] GC(133)   Pre Evacuate Collection Set: 0.1ms
[104.405s][info][gc,phases   ] GC(133)   Merge Heap Roots: 0.0ms
[104.405s][info][gc,phases   ] GC(133)   Evacuate Collection Set: 6.1ms
[104.405s][info][gc,phases   ] GC(133)   Post Evacuate Collection Set: 0.3ms
[104.405s][info][gc,phases   ] GC(133)   Other: 0.2ms
[104.405s][info][gc,heap     ] GC(133) Eden regions: 92->0(90)
[104.405s][info][gc,heap     ] GC(133) Survivor regions: 9->9(13)
[104.405s][info][gc,heap     ] GC(133) Old regions: 98->100
[104.405s][info][gc,heap     ] GC(133) Archive regions: 2->2
[104.405s][info][gc,heap     ] GC(133) Humongous regions: 3->3
[104.405s][info][gc,metaspace] GC(133) Metaspace: 44290K(45264K)->44290K(45264K) NonClass: 39002K(39636K)->39002K(39636K) Class: 5287K(5628K)->5287K(5628K)
[104.405s][info][gc          ] GC(133) Pause Young (Normal) (G1 Evacuation Pause) 201M->111M(237M) 6.781ms
[104.405s][info][gc,cpu      ] GC(133) User=0.04s Sys=0.00s Real=0.01s
[104.794s][info][gc,start    ] GC(134) Pause Young (Normal) (G1 Evacuation Pause)
[104.794s][info][gc,task     ] GC(134) Using 8 workers of 8 for evacuation
[104.800s][info][gc,phases   ] GC(134)   Pre Evacuate Collection Set: 0.1ms
[104.800s][info][gc,phases   ] GC(134)   Merge Heap Roots: 0.0ms
[104.800s][info][gc,phases   ] GC(134)   Evacuate Collection Set: 6.1ms
[104.800s][info][gc,phases   ] GC(134)   Post Evacuate Collection Set: 0.3ms
[104.800s][info][gc,phases   ] GC(134)   Other: 0.2ms
[104.800s][info][gc,heap     ] GC(134) Eden regions: 90->0(88)
[104.801s][info][gc,heap     ] GC(134) Survivor regions: 9->8(13)
[104.801s][info][gc,heap     ] GC(134) Old regions: 100->104
[104.801s][info][gc,heap     ] GC(134) Archive regions: 2->2
[104.801s][info][gc,heap     ] GC(134) Humongous regions: 3->3
[104.801s][info][gc,metaspace] GC(134) Metaspace: 44290K(45264K)->44290K(45264K) NonClass: 39002K(39636K)->39002K(39636K) Class: 5287K(5628K)->5287K(5628K)
[104.801s][info][gc          ] GC(134) Pause Young (Normal) (G1 Evacuation Pause) 201M->114M(237M) 6.811ms
[104.801s][info][gc,cpu      ] GC(134) User=0.05s Sys=0.00s Real=0.01s
[105.185s][info][gc,start    ] GC(135) Pause Young (Concurrent Start) (G1 Evacuation Pause)
[105.185s][info][gc,task     ] GC(135) Using 8 workers of 8 for evacuation
[105.191s][info][gc,phases   ] GC(135)   Pre Evacuate Collection Set: 0.1ms
[105.191s][info][gc,phases   ] GC(135)   Merge Heap Roots: 0.1ms
[105.191s][info][gc,phases   ] GC(135)   Evacuate Collection Set: 5.1ms
[105.191s][info][gc,phases   ] GC(135)   Post Evacuate Collection Set: 0.3ms
[105.191s][info][gc,phases   ] GC(135)   Other: 0.2ms
[105.191s][info][gc,heap     ] GC(135) Eden regions: 88->0(85)
[105.191s][info][gc,heap     ] GC(135) Survivor regions: 8->8(12)
[105.191s][info][gc,heap     ] GC(135) Old regions: 104->107
[105.191s][info][gc,heap     ] GC(135) Archive regions: 2->2
[105.191s][info][gc,heap     ] GC(135) Humongous regions: 3->3
[105.191s][info][gc,metaspace] GC(135) Metaspace: 44290K(45264K)->44290K(45264K) NonClass: 39002K(39636K)->39002K(39636K) Class: 5287K(5628K)->5287K(5628K)
[105.191s][info][gc          ] GC(135) Pause Young (Concurrent Start) (G1 Evacuation Pause) 202M->116M(237M) 5.989ms
[105.191s][info][gc,cpu      ] GC(135) User=0.04s Sys=0.00s Real=0.00s
[105.191s][info][gc          ] GC(136) Concurrent Cycle
[105.191s][info][gc,marking  ] GC(136) Concurrent Clear Claimed Marks
[105.191s][info][gc,marking  ] GC(136) Concurrent Clear Claimed Marks 0.054ms
[105.191s][info][gc,marking  ] GC(136) Concurrent Scan Root Regions
[105.197s][info][gc,marking  ] GC(136) Concurrent Scan Root Regions 6.081ms
[105.197s][info][gc,marking  ] GC(136) Concurrent Mark (105.197s)
[105.197s][info][gc,marking  ] GC(136) Concurrent Mark From Roots
[105.197s][info][gc,task     ] GC(136) Using 2 workers of 2 for marking
[105.322s][info][gc,marking  ] GC(136) Concurrent Mark From Roots 125.107ms
[105.322s][info][gc,marking  ] GC(136) Concurrent Preclean
[105.322s][info][gc,marking  ] GC(136) Concurrent Preclean 0.064ms
[105.323s][info][gc,marking  ] GC(136) Concurrent Mark (105.197s, 105.323s) 125.235ms
[105.323s][info][gc,start    ] GC(136) Pause Remark
[105.324s][info][gc          ] GC(136) Pause Remark 136M->136M(237M) 1.760ms
[105.324s][info][gc,cpu      ] GC(136) User=0.01s Sys=0.00s Real=0.00s
[105.325s][info][gc,marking  ] GC(136) Concurrent Rebuild Remembered Sets
[105.408s][info][gc,marking  ] GC(136) Concurrent Rebuild Remembered Sets 83.178ms
[105.408s][info][gc,start    ] GC(136) Pause Cleanup
[105.408s][info][gc          ] GC(136) Pause Cleanup 152M->152M(237M) 0.135ms
[105.408s][info][gc,cpu      ] GC(136) User=0.00s Sys=0.00s Real=0.00s
[105.408s][info][gc,marking  ] GC(136) Concurrent Cleanup for Next Mark
[105.409s][info][gc,marking  ] GC(136) Concurrent Cleanup for Next Mark 0.397ms
[105.409s][info][gc          ] GC(136) Concurrent Cycle 217.814ms
[105.619s][info][gc,start    ] GC(137) Pause Young (Normal) (G1 Evacuation Pause)
[105.619s][info][gc,task     ] GC(137) Using 8 workers of 8 for evacuation
[105.624s][info][gc,phases   ] GC(137)   Pre Evacuate Collection Set: 0.1ms
[105.625s][info][gc,phases   ] GC(137)   Merge Heap Roots: 0.0ms
[105.625s][info][gc,phases   ] GC(137)   Evacuate Collection Set: 5.1ms
[105.625s][info][gc,phases   ] GC(137)   Post Evacuate Collection Set: 0.3ms
[105.625s][info][gc,phases   ] GC(137)   Other: 0.1ms
[105.625s][info][gc,heap     ] GC(137) Eden regions: 85->0(85)
[105.625s][info][gc,heap     ] GC(137) Survivor regions: 8->7(12)
[105.625s][info][gc,heap     ] GC(137) Old regions: 107->109
[105.625s][info][gc,heap     ] GC(137) Archive regions: 2->2
[105.625s][info][gc,heap     ] GC(137) Humongous regions: 3->3
[105.625s][info][gc,metaspace] GC(137) Metaspace: 44291K(45264K)->44291K(45264K) NonClass: 39003K(39636K)->39003K(39636K) Class: 5287K(5628K)->5287K(5628K)
[105.625s][info][gc          ] GC(137) Pause Young (Normal) (G1 Evacuation Pause) 201M->118M(237M) 5.700ms
[105.625s][info][gc,cpu      ] GC(137) User=0.04s Sys=0.00s Real=0.00s
[105.996s][info][gc,start    ] GC(138) Pause Young (Concurrent Start) (G1 Evacuation Pause)
[105.996s][info][gc,task     ] GC(138) Using 8 workers of 8 for evacuation
[106.002s][info][gc,phases   ] GC(138)   Pre Evacuate Collection Set: 0.1ms
[106.003s][info][gc,phases   ] GC(138)   Merge Heap Roots: 0.0ms
[106.003s][info][gc,phases   ] GC(138)   Evacuate Collection Set: 5.9ms
[106.003s][info][gc,phases   ] GC(138)   Post Evacuate Collection Set: 0.4ms
[106.003s][info][gc,phases   ] GC(138)   Other: 0.2ms
[106.003s][info][gc,heap     ] GC(138) Eden regions: 85->0(83)
[106.003s][info][gc,heap     ] GC(138) Survivor regions: 7->7(12)
[106.003s][info][gc,heap     ] GC(138) Old regions: 109->111
[106.003s][info][gc,heap     ] GC(138) Archive regions: 2->2
[106.003s][info][gc,heap     ] GC(138) Humongous regions: 3->3
[106.003s][info][gc,metaspace] GC(138) Metaspace: 44291K(45264K)->44291K(45264K) NonClass: 39003K(39636K)->39003K(39636K) Class: 5287K(5628K)->5287K(5628K)
[106.003s][info][gc          ] GC(138) Pause Young (Concurrent Start) (G1 Evacuation Pause) 203M->120M(237M) 6.947ms
[106.003s][info][gc,cpu      ] GC(138) User=0.04s Sys=0.00s Real=0.00s
[106.003s][info][gc          ] GC(139) Concurrent Cycle
[106.003s][info][gc,marking  ] GC(139) Concurrent Clear Claimed Marks
[106.003s][info][gc,marking  ] GC(139) Concurrent Clear Claimed Marks 0.055ms
[106.003s][info][gc,marking  ] GC(139) Concurrent Scan Root Regions
[106.009s][info][gc,marking  ] GC(139) Concurrent Scan Root Regions 6.140ms
[106.009s][info][gc,marking  ] GC(139) Concurrent Mark (106.009s)
[106.009s][info][gc,marking  ] GC(139) Concurrent Mark From Roots
[106.009s][info][gc,task     ] GC(139) Using 2 workers of 2 for marking
[106.140s][info][gc,marking  ] GC(139) Concurrent Mark From Roots 131.071ms
[106.140s][info][gc,marking  ] GC(139) Concurrent Preclean
[106.140s][info][gc,marking  ] GC(139) Concurrent Preclean 0.075ms
[106.140s][info][gc,marking  ] GC(139) Concurrent Mark (106.009s, 106.140s) 131.222ms
[106.140s][info][gc,start    ] GC(139) Pause Remark
[106.142s][info][gc          ] GC(139) Pause Remark 143M->143M(244M) 1.713ms
[106.142s][info][gc,cpu      ] GC(139) User=0.02s Sys=0.00s Real=0.00s
[106.142s][info][gc,marking  ] GC(139) Concurrent Rebuild Remembered Sets
[106.226s][info][gc,marking  ] GC(139) Concurrent Rebuild Remembered Sets 83.975ms
[106.226s][info][gc,start    ] GC(139) Pause Cleanup
[106.227s][info][gc          ] GC(139) Pause Cleanup 156M->156M(244M) 0.164ms
[106.227s][info][gc,cpu      ] GC(139) User=0.00s Sys=0.00s Real=0.00s
[106.227s][info][gc,marking  ] GC(139) Concurrent Cleanup for Next Mark
[106.227s][info][gc,marking  ] GC(139) Concurrent Cleanup for Next Mark 0.601ms
[106.227s][info][gc          ] GC(139) Concurrent Cycle 224.519ms
[106.419s][info][gc,start    ] GC(140) Pause Young (Normal) (G1 Evacuation Pause)
[106.420s][info][gc,task     ] GC(140) Using 8 workers of 8 for evacuation
[106.425s][info][gc,phases   ] GC(140)   Pre Evacuate Collection Set: 0.1ms
[106.425s][info][gc,phases   ] GC(140)   Merge Heap Roots: 0.0ms
[106.425s][info][gc,phases   ] GC(140)   Evacuate Collection Set: 5.0ms
[106.425s][info][gc,phases   ] GC(140)   Post Evacuate Collection Set: 0.3ms
[106.425s][info][gc,phases   ] GC(140)   Other: 0.2ms
[106.425s][info][gc,heap     ] GC(140) Eden regions: 82->0(85)
[106.425s][info][gc,heap     ] GC(140) Survivor regions: 7->9(12)
[106.425s][info][gc,heap     ] GC(140) Old regions: 111->111
[106.425s][info][gc,heap     ] GC(140) Archive regions: 2->2
[106.425s][info][gc,heap     ] GC(140) Humongous regions: 3->3
[106.425s][info][gc,metaspace] GC(140) Metaspace: 44293K(45264K)->44293K(45264K) NonClass: 39005K(39636K)->39005K(39636K) Class: 5287K(5628K)->5287K(5628K)
[106.425s][info][gc          ] GC(140) Pause Young (Normal) (G1 Evacuation Pause) 202M->122M(244M) 5.750ms
[106.425s][info][gc,cpu      ] GC(140) User=0.04s Sys=0.00s Real=0.01s
[106.821s][info][gc,start    ] GC(141) Pause Young (Concurrent Start) (G1 Evacuation Pause)
[106.821s][info][gc,task     ] GC(141) Using 8 workers of 8 for evacuation
[106.827s][info][gc,phases   ] GC(141)   Pre Evacuate Collection Set: 0.1ms
[106.827s][info][gc,phases   ] GC(141)   Merge Heap Roots: 0.0ms
[106.827s][info][gc,phases   ] GC(141)   Evacuate Collection Set: 5.7ms
[106.827s][info][gc,phases   ] GC(141)   Post Evacuate Collection Set: 0.3ms
[106.827s][info][gc,phases   ] GC(141)   Other: 0.2ms
[106.827s][info][gc,heap     ] GC(141) Eden regions: 85->0(82)
[106.827s][info][gc,heap     ] GC(141) Survivor regions: 9->9(12)
[106.827s][info][gc,heap     ] GC(141) Old regions: 111->114
[106.827s][info][gc,heap     ] GC(141) Archive regions: 2->2
[106.827s][info][gc,heap     ] GC(141) Humongous regions: 3->3
[106.827s][info][gc,metaspace] GC(141) Metaspace: 44293K(45264K)->44293K(45264K) NonClass: 39005K(39636K)->39005K(39636K) Class: 5287K(5628K)->5287K(5628K)
[106.827s][info][gc          ] GC(141) Pause Young (Concurrent Start) (G1 Evacuation Pause) 207M->124M(244M) 6.432ms
[106.827s][info][gc,cpu      ] GC(141) User=0.04s Sys=0.01s Real=0.01s
[106.827s][info][gc          ] GC(142) Concurrent Cycle
[106.827s][info][gc,marking  ] GC(142) Concurrent Clear Claimed Marks
[106.827s][info][gc,marking  ] GC(142) Concurrent Clear Claimed Marks 0.049ms
[106.827s][info][gc,marking  ] GC(142) Concurrent Scan Root Regions
[106.834s][info][gc,marking  ] GC(142) Concurrent Scan Root Regions 7.026ms
[106.834s][info][gc,marking  ] GC(142) Concurrent Mark (106.834s)
[106.834s][info][gc,marking  ] GC(142) Concurrent Mark From Roots
[106.834s][info][gc,task     ] GC(142) Using 2 workers of 2 for marking
[107.010s][info][gc,marking  ] GC(142) Concurrent Mark From Roots 175.400ms
[107.010s][info][gc,marking  ] GC(142) Concurrent Preclean
[107.010s][info][gc,marking  ] GC(142) Concurrent Preclean 0.104ms
[107.010s][info][gc,marking  ] GC(142) Concurrent Mark (106.834s, 107.010s) 175.591ms
[107.010s][info][gc,start    ] GC(142) Pause Remark
[107.012s][info][gc          ] GC(142) Pause Remark 150M->150M(259M) 1.779ms
[107.012s][info][gc,cpu      ] GC(142) User=0.01s Sys=0.00s Real=0.00s
[107.012s][info][gc,marking  ] GC(142) Concurrent Rebuild Remembered Sets
[107.116s][info][gc,marking  ] GC(142) Concurrent Rebuild Remembered Sets 103.543ms
[107.116s][info][gc,start    ] GC(142) Pause Cleanup
[107.116s][info][gc          ] GC(142) Pause Cleanup 160M->160M(259M) 0.186ms
[107.116s][info][gc,cpu      ] GC(142) User=0.00s Sys=0.00s Real=0.00s
[107.116s][info][gc,marking  ] GC(142) Concurrent Cleanup for Next Mark
[107.118s][info][gc,marking  ] GC(142) Concurrent Cleanup for Next Mark 1.447ms
[107.118s][info][gc          ] GC(142) Concurrent Cycle 290.358ms
[107.374s][info][gc,start    ] GC(143) Pause Young (Normal) (G1 Evacuation Pause)
[107.374s][info][gc,task     ] GC(143) Using 8 workers of 8 for evacuation
[107.380s][info][gc,phases   ] GC(143)   Pre Evacuate Collection Set: 0.1ms
[107.380s][info][gc,phases   ] GC(143)   Merge Heap Roots: 0.0ms
[107.380s][info][gc,phases   ] GC(143)   Evacuate Collection Set: 5.6ms
[107.380s][info][gc,phases   ] GC(143)   Post Evacuate Collection Set: 0.3ms
[107.380s][info][gc,phases   ] GC(143)   Other: 0.2ms
[107.380s][info][gc,heap     ] GC(143) Eden regions: 81->0(94)
[107.380s][info][gc,heap     ] GC(143) Survivor regions: 9->9(12)
[107.380s][info][gc,heap     ] GC(143) Old regions: 114->116
[107.380s][info][gc,heap     ] GC(143) Archive regions: 2->2
[107.380s][info][gc,heap     ] GC(143) Humongous regions: 3->3
[107.380s][info][gc,metaspace] GC(143) Metaspace: 44293K(45264K)->44293K(45264K) NonClass: 39005K(39636K)->39005K(39636K) Class: 5287K(5628K)->5287K(5628K)
[107.380s][info][gc          ] GC(143) Pause Young (Normal) (G1 Evacuation Pause) 205M->126M(259M) 6.361ms
[107.380s][info][gc,cpu      ] GC(143) User=0.04s Sys=0.00s Real=0.01s
[107.795s][info][gc,start    ] GC(144) Pause Young (Concurrent Start) (G1 Evacuation Pause)
[107.795s][info][gc,task     ] GC(144) Using 8 workers of 8 for evacuation
[107.801s][info][gc,phases   ] GC(144)   Pre Evacuate Collection Set: 0.1ms
[107.802s][info][gc,phases   ] GC(144)   Merge Heap Roots: 0.0ms
[107.802s][info][gc,phases   ] GC(144)   Evacuate Collection Set: 6.4ms
[107.802s][info][gc,phases   ] GC(144)   Post Evacuate Collection Set: 0.3ms
[107.802s][info][gc,phases   ] GC(144)   Other: 0.2ms
[107.802s][info][gc,heap     ] GC(144) Eden regions: 94->0(92)
[107.802s][info][gc,heap     ] GC(144) Survivor regions: 9->9(13)
[107.802s][info][gc,heap     ] GC(144) Old regions: 116->118
[107.802s][info][gc,heap     ] GC(144) Archive regions: 2->2
[107.802s][info][gc,heap     ] GC(144) Humongous regions: 3->3
[107.802s][info][gc,metaspace] GC(144) Metaspace: 44293K(45264K)->44293K(45264K) NonClass: 39005K(39636K)->39005K(39636K) Class: 5287K(5628K)->5287K(5628K)
[107.802s][info][gc          ] GC(144) Pause Young (Concurrent Start) (G1 Evacuation Pause) 220M->129M(259M) 7.123ms
[107.802s][info][gc,cpu      ] GC(144) User=0.04s Sys=0.00s Real=0.01s
[107.802s][info][gc          ] GC(145) Concurrent Cycle
[107.802s][info][gc,marking  ] GC(145) Concurrent Clear Claimed Marks
[107.802s][info][gc,marking  ] GC(145) Concurrent Clear Claimed Marks 0.053ms
[107.802s][info][gc,marking  ] GC(145) Concurrent Scan Root Regions
[107.808s][info][gc,marking  ] GC(145) Concurrent Scan Root Regions 5.902ms
[107.808s][info][gc,marking  ] GC(145) Concurrent Mark (107.808s)
[107.808s][info][gc,marking  ] GC(145) Concurrent Mark From Roots
[107.808s][info][gc,task     ] GC(145) Using 2 workers of 2 for marking
[107.962s][info][gc,marking  ] GC(145) Concurrent Mark From Roots 154.233ms
[107.962s][info][gc,marking  ] GC(145) Concurrent Preclean
[107.962s][info][gc,marking  ] GC(145) Concurrent Preclean 0.100ms
[107.962s][info][gc,marking  ] GC(145) Concurrent Mark (107.808s, 107.962s) 154.428ms
[107.962s][info][gc,start    ] GC(145) Pause Remark
[107.964s][info][gc          ] GC(145) Pause Remark 156M->156M(265M) 1.832ms
[107.964s][info][gc,cpu      ] GC(145) User=0.02s Sys=0.01s Real=0.00s
[107.964s][info][gc,marking  ] GC(145) Concurrent Rebuild Remembered Sets
[108.069s][info][gc,marking  ] GC(145) Concurrent Rebuild Remembered Sets 105.115ms
[108.070s][info][gc,start    ] GC(145) Pause Cleanup
[108.070s][info][gc          ] GC(145) Pause Cleanup 175M->175M(265M) 0.131ms
[108.070s][info][gc,cpu      ] GC(145) User=0.00s Sys=0.00s Real=0.00s
[108.070s][info][gc,marking  ] GC(145) Concurrent Cleanup for Next Mark
[108.070s][info][gc,marking  ] GC(145) Concurrent Cleanup for Next Mark 0.595ms
[108.070s][info][gc          ] GC(145) Concurrent Cycle 268.706ms
[108.250s][info][gc,start    ] GC(146) Pause Young (Normal) (G1 Evacuation Pause)
[108.250s][info][gc,task     ] GC(146) Using 8 workers of 8 for evacuation
[108.256s][info][gc,phases   ] GC(146)   Pre Evacuate Collection Set: 0.1ms
[108.256s][info][gc,phases   ] GC(146)   Merge Heap Roots: 0.1ms
[108.256s][info][gc,phases   ] GC(146)   Evacuate Collection Set: 5.9ms
[108.257s][info][gc,phases   ] GC(146)   Post Evacuate Collection Set: 0.3ms
[108.257s][info][gc,phases   ] GC(146)   Other: 0.2ms
[108.257s][info][gc,heap     ] GC(146) Eden regions: 91->0(95)
[108.257s][info][gc,heap     ] GC(146) Survivor regions: 9->9(13)
[108.257s][info][gc,heap     ] GC(146) Old regions: 118->120
[108.257s][info][gc,heap     ] GC(146) Archive regions: 2->2
[108.257s][info][gc,heap     ] GC(146) Humongous regions: 3->3
[108.257s][info][gc,metaspace] GC(146) Metaspace: 44298K(45264K)->44298K(45264K) NonClass: 39010K(39636K)->39010K(39636K) Class: 5287K(5628K)->5287K(5628K)
[108.257s][info][gc          ] GC(146) Pause Young (Normal) (G1 Evacuation Pause) 220M->130M(265M) 6.559ms
[108.257s][info][gc,cpu      ] GC(146) User=0.04s Sys=0.00s Real=0.01s
[108.450s][info][gc,start    ] GC(147) Pause Young (Concurrent Start) (G1 Humongous Allocation)
[108.450s][info][gc,task     ] GC(147) Using 8 workers of 8 for evacuation
[108.457s][info][gc,phases   ] GC(147)   Pre Evacuate Collection Set: 0.1ms
[108.457s][info][gc,phases   ] GC(147)   Merge Heap Roots: 0.1ms
[108.457s][info][gc,phases   ] GC(147)   Evacuate Collection Set: 5.8ms
[108.457s][info][gc,phases   ] GC(147)   Post Evacuate Collection Set: 0.3ms
[108.457s][info][gc,phases   ] GC(147)   Other: 0.2ms
[108.457s][info][gc,heap     ] GC(147) Eden regions: 48->0(95)
[108.457s][info][gc,heap     ] GC(147) Survivor regions: 9->8(13)
[108.457s][info][gc,heap     ] GC(147) Old regions: 120->122
[108.457s][info][gc,heap     ] GC(147) Archive regions: 2->2
[108.457s][info][gc,heap     ] GC(147) Humongous regions: 3->3
[108.457s][info][gc,metaspace] GC(147) Metaspace: 44298K(45264K)->44298K(45264K) NonClass: 39010K(39636K)->39010K(39636K) Class: 5287K(5628K)->5287K(5628K)
[108.457s][info][gc          ] GC(147) Pause Young (Concurrent Start) (G1 Humongous Allocation) 178M->132M(265M) 6.534ms
[108.457s][info][gc,cpu      ] GC(147) User=0.04s Sys=0.00s Real=0.01s
[108.457s][info][gc          ] GC(148) Concurrent Cycle
[108.457s][info][gc,marking  ] GC(148) Concurrent Clear Claimed Marks
[108.457s][info][gc,marking  ] GC(148) Concurrent Clear Claimed Marks 0.059ms
[108.457s][info][gc,marking  ] GC(148) Concurrent Scan Root Regions
[108.470s][info][gc,marking  ] GC(148) Concurrent Scan Root Regions 12.906ms
[108.470s][info][gc,marking  ] GC(148) Concurrent Mark (108.470s)
[108.470s][info][gc,marking  ] GC(148) Concurrent Mark From Roots
[108.470s][info][gc,task     ] GC(148) Using 2 workers of 2 for marking
[108.631s][info][gc,marking  ] GC(148) Concurrent Mark From Roots 160.493ms
[108.631s][info][gc,marking  ] GC(148) Concurrent Preclean
[108.631s][info][gc,marking  ] GC(148) Concurrent Preclean 0.097ms
[108.631s][info][gc,marking  ] GC(148) Concurrent Mark (108.470s, 108.631s) 160.687ms
[108.631s][info][gc,start    ] GC(148) Pause Remark
[108.633s][info][gc          ] GC(148) Pause Remark 198M->198M(337M) 2.068ms
[108.633s][info][gc,cpu      ] GC(148) User=0.02s Sys=0.00s Real=0.00s
[108.633s][info][gc,marking  ] GC(148) Concurrent Rebuild Remembered Sets
[108.753s][info][gc,marking  ] GC(148) Concurrent Rebuild Remembered Sets 120.092ms
[108.753s][info][gc,start    ] GC(148) Pause Cleanup
[108.754s][info][gc          ] GC(148) Pause Cleanup 216M->216M(337M) 0.128ms
[108.754s][info][gc,cpu      ] GC(148) User=0.00s Sys=0.00s Real=0.00s
[108.754s][info][gc,marking  ] GC(148) Concurrent Cleanup for Next Mark
[108.754s][info][gc,marking  ] GC(148) Concurrent Cleanup for Next Mark 0.690ms
[108.754s][info][gc          ] GC(148) Concurrent Cycle 297.357ms
[108.952s][info][gc,start    ] GC(149) Pause Young (Normal) (G1 Evacuation Pause)
[108.953s][info][gc,task     ] GC(149) Using 8 workers of 8 for evacuation
[108.966s][info][gc,phases   ] GC(149)   Pre Evacuate Collection Set: 0.1ms
[108.966s][info][gc,phases   ] GC(149)   Merge Heap Roots: 0.1ms
[108.966s][info][gc,phases   ] GC(149)   Evacuate Collection Set: 12.8ms
[108.966s][info][gc,phases   ] GC(149)   Post Evacuate Collection Set: 0.3ms
[108.966s][info][gc,phases   ] GC(149)   Other: 0.2ms
[108.966s][info][gc,heap     ] GC(149) Eden regions: 88->0(121)
[108.966s][info][gc,heap     ] GC(149) Survivor regions: 8->8(12)
[108.966s][info][gc,heap     ] GC(149) Old regions: 122->124
[108.966s][info][gc,heap     ] GC(149) Archive regions: 2->2
[108.966s][info][gc,heap     ] GC(149) Humongous regions: 39->39
[108.966s][info][gc,metaspace] GC(149) Metaspace: 44298K(45264K)->44298K(45264K) NonClass: 39010K(39636K)->39010K(39636K) Class: 5287K(5628K)->5287K(5628K)
[108.966s][info][gc          ] GC(149) Pause Young (Normal) (G1 Evacuation Pause) 256M->170M(337M) 13.512ms
[108.966s][info][gc,cpu      ] GC(149) User=0.06s Sys=0.00s Real=0.02s
[109.472s][info][gc,start    ] GC(150) Pause Young (Concurrent Start) (G1 Evacuation Pause)
[109.472s][info][gc,task     ] GC(150) Using 8 workers of 8 for evacuation
[109.480s][info][gc,phases   ] GC(150)   Pre Evacuate Collection Set: 0.1ms
[109.480s][info][gc,phases   ] GC(150)   Merge Heap Roots: 0.0ms
[109.480s][info][gc,phases   ] GC(150)   Evacuate Collection Set: 7.4ms
[109.480s][info][gc,phases   ] GC(150)   Post Evacuate Collection Set: 0.3ms
[109.480s][info][gc,phases   ] GC(150)   Other: 0.2ms
[109.480s][info][gc,heap     ] GC(150) Eden regions: 121->0(116)
[109.480s][info][gc,heap     ] GC(150) Survivor regions: 8->11(17)
[109.480s][info][gc,heap     ] GC(150) Old regions: 124->124
[109.480s][info][gc,heap     ] GC(150) Archive regions: 2->2
[109.480s][info][gc,heap     ] GC(150) Humongous regions: 39->39
[109.480s][info][gc,metaspace] GC(150) Metaspace: 44298K(45264K)->44298K(45264K) NonClass: 39010K(39636K)->39010K(39636K) Class: 5287K(5628K)->5287K(5628K)
[109.480s][info][gc          ] GC(150) Pause Young (Concurrent Start) (G1 Evacuation Pause) 291M->173M(337M) 8.102ms
[109.480s][info][gc,cpu      ] GC(150) User=0.06s Sys=0.00s Real=0.01s
[109.480s][info][gc          ] GC(151) Concurrent Cycle
[109.480s][info][gc,marking  ] GC(151) Concurrent Clear Claimed Marks
[109.480s][info][gc,marking  ] GC(151) Concurrent Clear Claimed Marks 0.046ms
[109.480s][info][gc,marking  ] GC(151) Concurrent Scan Root Regions
[109.487s][info][gc,marking  ] GC(151) Concurrent Scan Root Regions 6.661ms
[109.487s][info][gc,marking  ] GC(151) Concurrent Mark (109.487s)
[109.487s][info][gc,marking  ] GC(151) Concurrent Mark From Roots
[109.487s][info][gc,task     ] GC(151) Using 2 workers of 2 for marking
[109.659s][info][gc,marking  ] GC(151) Concurrent Mark From Roots 172.560ms
[109.660s][info][gc,marking  ] GC(151) Concurrent Preclean
[109.660s][info][gc,marking  ] GC(151) Concurrent Preclean 0.095ms
[109.660s][info][gc,marking  ] GC(151) Concurrent Mark (109.487s, 109.660s) 172.788ms
[109.666s][info][gc,start    ] GC(151) Pause Remark
[109.669s][info][gc          ] GC(151) Pause Remark 203M->168M(337M) 2.413ms
[109.669s][info][gc,cpu      ] GC(151) User=0.01s Sys=0.00s Real=0.00s
[109.669s][info][gc,marking  ] GC(151) Concurrent Rebuild Remembered Sets
[109.777s][info][gc,marking  ] GC(151) Concurrent Rebuild Remembered Sets 108.345ms
[109.777s][info][gc,start    ] GC(151) Pause Cleanup
[109.778s][info][gc          ] GC(151) Pause Cleanup 189M->189M(337M) 0.123ms
[109.778s][info][gc,cpu      ] GC(151) User=0.00s Sys=0.00s Real=0.00s
[109.778s][info][gc,marking  ] GC(151) Concurrent Cleanup for Next Mark
[109.779s][info][gc,marking  ] GC(151) Concurrent Cleanup for Next Mark 1.407ms
[109.779s][info][gc          ] GC(151) Concurrent Cycle 298.996ms
[110.062s][info][gc,start    ] GC(152) Pause Young (Normal) (G1 Evacuation Pause)
[110.062s][info][gc,task     ] GC(152) Using 8 workers of 8 for evacuation
[110.072s][info][gc,phases   ] GC(152)   Pre Evacuate Collection Set: 0.1ms
[110.072s][info][gc,phases   ] GC(152)   Merge Heap Roots: 0.1ms
[110.072s][info][gc,phases   ] GC(152)   Evacuate Collection Set: 8.5ms
[110.072s][info][gc,phases   ] GC(152)   Post Evacuate Collection Set: 0.4ms
[110.072s][info][gc,phases   ] GC(152)   Other: 0.2ms
[110.072s][info][gc,heap     ] GC(152) Eden regions: 116->0(147)
[110.072s][info][gc,heap     ] GC(152) Survivor regions: 11->12(16)
[110.072s][info][gc,heap     ] GC(152) Old regions: 124->126
[110.072s][info][gc,heap     ] GC(152) Archive regions: 2->2
[110.072s][info][gc,heap     ] GC(152) Humongous regions: 4->4
[110.072s][info][gc,metaspace] GC(152) Metaspace: 44298K(45264K)->44298K(45264K) NonClass: 39010K(39636K)->39010K(39636K) Class: 5287K(5628K)->5287K(5628K)
[110.072s][info][gc          ] GC(152) Pause Young (Normal) (G1 Evacuation Pause) 254M->140M(337M) 9.312ms
[110.072s][info][gc,cpu      ] GC(152) User=0.05s Sys=0.00s Real=0.01s
[110.735s][info][gc,start    ] GC(153) Pause Young (Normal) (G1 Evacuation Pause)
[110.735s][info][gc,task     ] GC(153) Using 8 workers of 8 for evacuation
[110.746s][info][gc,phases   ] GC(153)   Pre Evacuate Collection Set: 0.1ms
[110.746s][info][gc,phases   ] GC(153)   Merge Heap Roots: 0.1ms
[110.746s][info][gc,phases   ] GC(153)   Evacuate Collection Set: 10.1ms
[110.746s][info][gc,phases   ] GC(153)   Post Evacuate Collection Set: 0.4ms
[110.746s][info][gc,phases   ] GC(153)   Other: 0.2ms
[110.746s][info][gc,heap     ] GC(153) Eden regions: 147->0(143)
[110.746s][info][gc,heap     ] GC(153) Survivor regions: 12->13(20)
[110.746s][info][gc,heap     ] GC(153) Old regions: 126->128
[110.746s][info][gc,heap     ] GC(153) Archive regions: 2->2
[110.746s][info][gc,heap     ] GC(153) Humongous regions: 4->4
[110.746s][info][gc,metaspace] GC(153) Metaspace: 44298K(45264K)->44298K(45264K) NonClass: 39010K(39636K)->39010K(39636K) Class: 5287K(5628K)->5287K(5628K)
[110.746s][info][gc          ] GC(153) Pause Young (Normal) (G1 Evacuation Pause) 287M->144M(337M) 11.005ms
[110.746s][info][gc,cpu      ] GC(153) User=0.06s Sys=0.00s Real=0.01s
[111.388s][info][gc,start    ] GC(154) Pause Young (Normal) (G1 Evacuation Pause)
[111.388s][info][gc,task     ] GC(154) Using 8 workers of 8 for evacuation
[111.399s][info][gc,phases   ] GC(154)   Pre Evacuate Collection Set: 0.1ms
[111.399s][info][gc,phases   ] GC(154)   Merge Heap Roots: 0.0ms
[111.399s][info][gc,phases   ] GC(154)   Evacuate Collection Set: 10.3ms
[111.399s][info][gc,phases   ] GC(154)   Post Evacuate Collection Set: 0.4ms
[111.399s][info][gc,phases   ] GC(154)   Other: 0.2ms
[111.399s][info][gc,heap     ] GC(154) Eden regions: 143->0(140)
[111.399s][info][gc,heap     ] GC(154) Survivor regions: 13->13(20)
[111.399s][info][gc,heap     ] GC(154) Old regions: 128->131
[111.399s][info][gc,heap     ] GC(154) Archive regions: 2->2
[111.399s][info][gc,heap     ] GC(154) Humongous regions: 4->4
[111.399s][info][gc,metaspace] GC(154) Metaspace: 44298K(45264K)->44298K(45264K) NonClass: 39010K(39636K)->39010K(39636K) Class: 5287K(5628K)->5287K(5628K)
[111.399s][info][gc          ] GC(154) Pause Young (Normal) (G1 Evacuation Pause) 287M->147M(337M) 11.155ms
[111.399s][info][gc,cpu      ] GC(154) User=0.06s Sys=0.00s Real=0.01s
[112.630s][info][gc,start    ] GC(155) Pause Young (Normal) (G1 Evacuation Pause)
[112.630s][info][gc,task     ] GC(155) Using 8 workers of 8 for evacuation
[112.639s][info][gc,phases   ] GC(155)   Pre Evacuate Collection Set: 0.1ms
[112.639s][info][gc,phases   ] GC(155)   Merge Heap Roots: 0.1ms
[112.639s][info][gc,phases   ] GC(155)   Evacuate Collection Set: 9.0ms
[112.639s][info][gc,phases   ] GC(155)   Post Evacuate Collection Set: 0.4ms
[112.639s][info][gc,phases   ] GC(155)   Other: 0.2ms
[112.639s][info][gc,heap     ] GC(155) Eden regions: 140->0(135)
[112.639s][info][gc,heap     ] GC(155) Survivor regions: 13->14(20)
[112.639s][info][gc,heap     ] GC(155) Old regions: 131->134
[112.639s][info][gc,heap     ] GC(155) Archive regions: 2->2
[112.639s][info][gc,heap     ] GC(155) Humongous regions: 4->4
[112.639s][info][gc,metaspace] GC(155) Metaspace: 44299K(45264K)->44299K(45264K) NonClass: 39011K(39636K)->39011K(39636K) Class: 5287K(5628K)->5287K(5628K)
[112.640s][info][gc          ] GC(155) Pause Young (Normal) (G1 Evacuation Pause) 287M->151M(337M) 9.963ms
[112.640s][info][gc,cpu      ] GC(155) User=0.07s Sys=0.00s Real=0.01s
[113.482s][info][gc,start    ] GC(156) Pause Young (Normal) (G1 Evacuation Pause)
[113.482s][info][gc,task     ] GC(156) Using 8 workers of 8 for evacuation
[113.491s][info][gc,phases   ] GC(156)   Pre Evacuate Collection Set: 0.1ms
[113.491s][info][gc,phases   ] GC(156)   Merge Heap Roots: 0.0ms
[113.491s][info][gc,phases   ] GC(156)   Evacuate Collection Set: 8.7ms
[113.491s][info][gc,phases   ] GC(156)   Post Evacuate Collection Set: 0.3ms
[113.491s][info][gc,phases   ] GC(156)   Other: 0.2ms
[113.491s][info][gc,heap     ] GC(156) Eden regions: 135->0(134)
[113.491s][info][gc,heap     ] GC(156) Survivor regions: 14->11(19)
[113.491s][info][gc,heap     ] GC(156) Old regions: 134->141
[113.491s][info][gc,heap     ] GC(156) Archive regions: 2->2
[113.491s][info][gc,heap     ] GC(156) Humongous regions: 4->4
[113.491s][info][gc,metaspace] GC(156) Metaspace: 44300K(45264K)->44300K(45264K) NonClass: 39012K(39636K)->39012K(39636K) Class: 5287K(5628K)->5287K(5628K)
[113.491s][info][gc          ] GC(156) Pause Young (Normal) (G1 Evacuation Pause) 286M->154M(337M) 9.461ms
[113.491s][info][gc,cpu      ] GC(156) User=0.07s Sys=0.00s Real=0.01s
[114.239s][info][gc,start    ] GC(157) Pause Young (Normal) (G1 Evacuation Pause)
[114.239s][info][gc,task     ] GC(157) Using 8 workers of 8 for evacuation
[114.248s][info][gc,phases   ] GC(157)   Pre Evacuate Collection Set: 0.1ms
[114.248s][info][gc,phases   ] GC(157)   Merge Heap Roots: 0.1ms
[114.248s][info][gc,phases   ] GC(157)   Evacuate Collection Set: 8.6ms
[114.248s][info][gc,phases   ] GC(157)   Post Evacuate Collection Set: 0.4ms
[114.248s][info][gc,phases   ] GC(157)   Other: 0.2ms
[114.248s][info][gc,heap     ] GC(157) Eden regions: 134->0(131)
[114.248s][info][gc,heap     ] GC(157) Survivor regions: 11->11(19)
[114.248s][info][gc,heap     ] GC(157) Old regions: 141->144
[114.248s][info][gc,heap     ] GC(157) Archive regions: 2->2
[114.248s][info][gc,heap     ] GC(157) Humongous regions: 4->4
[114.248s][info][gc,metaspace] GC(157) Metaspace: 44300K(45264K)->44300K(45264K) NonClass: 39012K(39636K)->39012K(39636K) Class: 5287K(5628K)->5287K(5628K)
[114.248s][info][gc          ] GC(157) Pause Young (Normal) (G1 Evacuation Pause) 288M->158M(337M) 9.411ms
[114.248s][info][gc,cpu      ] GC(157) User=0.06s Sys=0.00s Real=0.01s
[114.950s][info][gc,start    ] GC(158) Pause Young (Normal) (G1 Evacuation Pause)
[114.950s][info][gc,task     ] GC(158) Using 8 workers of 8 for evacuation
[114.958s][info][gc,phases   ] GC(158)   Pre Evacuate Collection Set: 0.1ms
[114.958s][info][gc,phases   ] GC(158)   Merge Heap Roots: 0.1ms
[114.958s][info][gc,phases   ] GC(158)   Evacuate Collection Set: 7.4ms
[114.958s][info][gc,phases   ] GC(158)   Post Evacuate Collection Set: 0.5ms
[114.958s][info][gc,phases   ] GC(158)   Other: 0.2ms
[114.958s][info][gc,heap     ] GC(158) Eden regions: 131->0(129)
[114.958s][info][gc,heap     ] GC(158) Survivor regions: 11->10(18)
[114.958s][info][gc,heap     ] GC(158) Old regions: 144->148
[114.958s][info][gc,heap     ] GC(158) Archive regions: 2->2
[114.958s][info][gc,heap     ] GC(158) Humongous regions: 4->4
[114.958s][info][gc,metaspace] GC(158) Metaspace: 44300K(45264K)->44300K(45264K) NonClass: 39012K(39636K)->39012K(39636K) Class: 5287K(5628K)->5287K(5628K)
[114.958s][info][gc          ] GC(158) Pause Young (Normal) (G1 Evacuation Pause) 289M->161M(337M) 8.359ms
[114.958s][info][gc,cpu      ] GC(158) User=0.06s Sys=0.00s Real=0.01s
[115.566s][info][gc,start    ] GC(159) Pause Young (Concurrent Start) (G1 Evacuation Pause)
[115.566s][info][gc,task     ] GC(159) Using 8 workers of 8 for evacuation
[115.574s][info][gc,phases   ] GC(159)   Pre Evacuate Collection Set: 0.1ms
[115.574s][info][gc,phases   ] GC(159)   Merge Heap Roots: 0.1ms
[115.574s][info][gc,phases   ] GC(159)   Evacuate Collection Set: 7.4ms
[115.574s][info][gc,phases   ] GC(159)   Post Evacuate Collection Set: 0.4ms
[115.575s][info][gc,phases   ] GC(159)   Other: 0.2ms
[115.575s][info][gc,heap     ] GC(159) Eden regions: 129->0(126)
[115.575s][info][gc,heap     ] GC(159) Survivor regions: 10->10(18)
[115.575s][info][gc,heap     ] GC(159) Old regions: 148->151
[115.575s][info][gc,heap     ] GC(159) Archive regions: 2->2
[115.575s][info][gc,heap     ] GC(159) Humongous regions: 4->4
[115.575s][info][gc,metaspace] GC(159) Metaspace: 44300K(45264K)->44300K(45264K) NonClass: 39012K(39636K)->39012K(39636K) Class: 5287K(5628K)->5287K(5628K)
[115.575s][info][gc          ] GC(159) Pause Young (Concurrent Start) (G1 Evacuation Pause) 290M->164M(337M) 8.386ms
[115.575s][info][gc,cpu      ] GC(159) User=0.05s Sys=0.00s Real=0.00s
[115.575s][info][gc          ] GC(160) Concurrent Cycle
[115.575s][info][gc,marking  ] GC(160) Concurrent Clear Claimed Marks
[115.575s][info][gc,marking  ] GC(160) Concurrent Clear Claimed Marks 0.039ms
[115.575s][info][gc,marking  ] GC(160) Concurrent Scan Root Regions
[115.582s][info][gc,marking  ] GC(160) Concurrent Scan Root Regions 7.598ms
[115.582s][info][gc,marking  ] GC(160) Concurrent Mark (115.582s)
[115.582s][info][gc,marking  ] GC(160) Concurrent Mark From Roots
[115.582s][info][gc,task     ] GC(160) Using 2 workers of 2 for marking
[115.768s][info][gc,marking  ] GC(160) Concurrent Mark From Roots 185.319ms
[115.768s][info][gc,marking  ] GC(160) Concurrent Preclean
[115.768s][info][gc,marking  ] GC(160) Concurrent Preclean 0.063ms
[115.768s][info][gc,marking  ] GC(160) Concurrent Mark (115.582s, 115.768s) 185.441ms
[115.768s][info][gc,start    ] GC(160) Pause Remark
[115.770s][info][gc          ] GC(160) Pause Remark 186M->186M(337M) 2.089ms
[115.770s][info][gc,cpu      ] GC(160) User=0.01s Sys=0.00s Real=0.00s
[115.771s][info][gc,marking  ] GC(160) Concurrent Rebuild Remembered Sets
[115.918s][info][gc,marking  ] GC(160) Concurrent Rebuild Remembered Sets 147.201ms
[115.918s][info][gc,start    ] GC(160) Pause Cleanup
[115.918s][info][gc          ] GC(160) Pause Cleanup 212M->212M(337M) 0.144ms
[115.918s][info][gc,cpu      ] GC(160) User=0.00s Sys=0.00s Real=0.00s
[115.918s][info][gc,marking  ] GC(160) Concurrent Cleanup for Next Mark
[115.919s][info][gc,marking  ] GC(160) Concurrent Cleanup for Next Mark 0.821ms
[115.919s][info][gc          ] GC(160) Concurrent Cycle 344.516ms
[116.269s][info][gc,start    ] GC(161) Pause Young (Normal) (G1 Evacuation Pause)
[116.269s][info][gc,task     ] GC(161) Using 8 workers of 8 for evacuation
[116.277s][info][gc,phases   ] GC(161)   Pre Evacuate Collection Set: 0.1ms
[116.277s][info][gc,phases   ] GC(161)   Merge Heap Roots: 0.1ms
[116.277s][info][gc,phases   ] GC(161)   Evacuate Collection Set: 7.2ms
[116.277s][info][gc,phases   ] GC(161)   Post Evacuate Collection Set: 0.3ms
[116.277s][info][gc,phases   ] GC(161)   Other: 0.2ms
[116.277s][info][gc,heap     ] GC(161) Eden regions: 126->0(122)
[116.277s][info][gc,heap     ] GC(161) Survivor regions: 10->10(17)
[116.277s][info][gc,heap     ] GC(161) Old regions: 151->155
[116.277s][info][gc,heap     ] GC(161) Archive regions: 2->2
[116.277s][info][gc,heap     ] GC(161) Humongous regions: 4->4
[116.277s][info][gc,metaspace] GC(161) Metaspace: 44300K(45264K)->44300K(45264K) NonClass: 39012K(39636K)->39012K(39636K) Class: 5287K(5628K)->5287K(5628K)
[116.277s][info][gc          ] GC(161) Pause Young (Normal) (G1 Evacuation Pause) 290M->168M(337M) 7.986ms
[116.277s][info][gc,cpu      ] GC(161) User=0.06s Sys=0.00s Real=0.01s
[116.869s][info][gc,start    ] GC(162) Pause Young (Concurrent Start) (G1 Evacuation Pause)
[116.870s][info][gc,task     ] GC(162) Using 8 workers of 8 for evacuation
[116.877s][info][gc,phases   ] GC(162)   Pre Evacuate Collection Set: 0.1ms
[116.877s][info][gc,phases   ] GC(162)   Merge Heap Roots: 0.1ms
[116.877s][info][gc,phases   ] GC(162)   Evacuate Collection Set: 6.9ms
[116.877s][info][gc,phases   ] GC(162)   Post Evacuate Collection Set: 0.3ms
[116.877s][info][gc,phases   ] GC(162)   Other: 0.2ms
[116.877s][info][gc,heap     ] GC(162) Eden regions: 122->0(119)
[116.877s][info][gc,heap     ] GC(162) Survivor regions: 10->10(17)
[116.877s][info][gc,heap     ] GC(162) Old regions: 155->158
[116.877s][info][gc,heap     ] GC(162) Archive regions: 2->2
[116.877s][info][gc,heap     ] GC(162) Humongous regions: 4->4
[116.877s][info][gc,metaspace] GC(162) Metaspace: 44300K(45264K)->44300K(45264K) NonClass: 39012K(39636K)->39012K(39636K) Class: 5287K(5628K)->5287K(5628K)
[116.877s][info][gc          ] GC(162) Pause Young (Concurrent Start) (G1 Evacuation Pause) 290M->171M(337M) 7.656ms
[116.877s][info][gc,cpu      ] GC(162) User=0.05s Sys=0.00s Real=0.01s
[116.877s][info][gc          ] GC(163) Concurrent Cycle
[116.877s][info][gc,marking  ] GC(163) Concurrent Clear Claimed Marks
[116.877s][info][gc,marking  ] GC(163) Concurrent Clear Claimed Marks 0.061ms
[116.877s][info][gc,marking  ] GC(163) Concurrent Scan Root Regions
[116.886s][info][gc,marking  ] GC(163) Concurrent Scan Root Regions 8.442ms
[116.886s][info][gc,marking  ] GC(163) Concurrent Mark (116.886s)
[116.886s][info][gc,marking  ] GC(163) Concurrent Mark From Roots
[116.886s][info][gc,task     ] GC(163) Using 2 workers of 2 for marking
[117.150s][info][gc,marking  ] GC(163) Concurrent Mark From Roots 264.127ms
[117.150s][info][gc,marking  ] GC(163) Concurrent Preclean
[117.150s][info][gc,marking  ] GC(163) Concurrent Preclean 0.086ms
[117.150s][info][gc,marking  ] GC(163) Concurrent Mark (116.886s, 117.150s) 264.281ms
[117.150s][info][gc,start    ] GC(163) Pause Remark
[117.152s][info][gc          ] GC(163) Pause Remark 198M->198M(337M) 1.957ms
[117.152s][info][gc,cpu      ] GC(163) User=0.01s Sys=0.00s Real=0.00s
[117.152s][info][gc,marking  ] GC(163) Concurrent Rebuild Remembered Sets
[117.364s][info][gc,marking  ] GC(163) Concurrent Rebuild Remembered Sets 211.815ms
[117.364s][info][gc,start    ] GC(163) Pause Cleanup
[117.365s][info][gc          ] GC(163) Pause Cleanup 222M->222M(337M) 0.157ms
[117.365s][info][gc,cpu      ] GC(163) User=0.00s Sys=0.00s Real=0.00s
[117.365s][info][gc,marking  ] GC(163) Concurrent Cleanup for Next Mark
[117.365s][info][gc,marking  ] GC(163) Concurrent Cleanup for Next Mark 0.898ms
[117.366s][info][gc          ] GC(163) Concurrent Cycle 488.293ms
[117.763s][info][gc,start    ] GC(164) Pause Young (Normal) (G1 Evacuation Pause)
[117.763s][info][gc,task     ] GC(164) Using 8 workers of 8 for evacuation
[117.770s][info][gc,phases   ] GC(164)   Pre Evacuate Collection Set: 0.1ms
[117.770s][info][gc,phases   ] GC(164)   Merge Heap Roots: 0.1ms
[117.770s][info][gc,phases   ] GC(164)   Evacuate Collection Set: 6.6ms
[117.770s][info][gc,phases   ] GC(164)   Post Evacuate Collection Set: 0.4ms
[117.770s][info][gc,phases   ] GC(164)   Other: 0.2ms
[117.770s][info][gc,heap     ] GC(164) Eden regions: 119->0(116)
[117.770s][info][gc,heap     ] GC(164) Survivor regions: 10->10(17)
[117.770s][info][gc,heap     ] GC(164) Old regions: 158->161
[117.770s][info][gc,heap     ] GC(164) Archive regions: 2->2
[117.770s][info][gc,heap     ] GC(164) Humongous regions: 4->4
[117.770s][info][gc,metaspace] GC(164) Metaspace: 44300K(45264K)->44300K(45264K) NonClass: 39012K(39636K)->39012K(39636K) Class: 5287K(5628K)->5287K(5628K)
[117.770s][info][gc          ] GC(164) Pause Young (Normal) (G1 Evacuation Pause) 290M->174M(337M) 7.374ms
[117.770s][info][gc,cpu      ] GC(164) User=0.05s Sys=0.00s Real=0.01s
[118.270s][info][gc,start    ] GC(165) Pause Young (Concurrent Start) (G1 Evacuation Pause)
[118.270s][info][gc,task     ] GC(165) Using 8 workers of 8 for evacuation
[118.277s][info][gc,phases   ] GC(165)   Pre Evacuate Collection Set: 0.1ms
[118.277s][info][gc,phases   ] GC(165)   Merge Heap Roots: 0.0ms
[118.277s][info][gc,phases   ] GC(165)   Evacuate Collection Set: 6.7ms
[118.277s][info][gc,phases   ] GC(165)   Post Evacuate Collection Set: 0.3ms
[118.277s][info][gc,phases   ] GC(165)   Other: 0.2ms
[118.277s][info][gc,heap     ] GC(165) Eden regions: 116->0(114)
[118.277s][info][gc,heap     ] GC(165) Survivor regions: 10->9(16)
[118.277s][info][gc,heap     ] GC(165) Old regions: 161->165
[118.277s][info][gc,heap     ] GC(165) Archive regions: 2->2
[118.277s][info][gc,heap     ] GC(165) Humongous regions: 4->4
[118.277s][info][gc,metaspace] GC(165) Metaspace: 44301K(45264K)->44301K(45264K) NonClass: 39013K(39636K)->39013K(39636K) Class: 5287K(5628K)->5287K(5628K)
[118.277s][info][gc          ] GC(165) Pause Young (Concurrent Start) (G1 Evacuation Pause) 290M->176M(337M) 7.423ms
[118.277s][info][gc,cpu      ] GC(165) User=0.05s Sys=0.00s Real=0.01s
[118.278s][info][gc          ] GC(166) Concurrent Cycle
[118.278s][info][gc,marking  ] GC(166) Concurrent Clear Claimed Marks
[118.278s][info][gc,marking  ] GC(166) Concurrent Clear Claimed Marks 0.048ms
[118.278s][info][gc,marking  ] GC(166) Concurrent Scan Root Regions
[118.286s][info][gc,marking  ] GC(166) Concurrent Scan Root Regions 8.619ms
[118.286s][info][gc,marking  ] GC(166) Concurrent Mark (118.286s)
[118.286s][info][gc,marking  ] GC(166) Concurrent Mark From Roots
[118.286s][info][gc,task     ] GC(166) Using 2 workers of 2 for marking
[118.523s][info][gc,marking  ] GC(166) Concurrent Mark From Roots 236.620ms
[118.523s][info][gc,marking  ] GC(166) Concurrent Preclean
[118.523s][info][gc,marking  ] GC(166) Concurrent Preclean 0.072ms
[118.523s][info][gc,marking  ] GC(166) Concurrent Mark (118.286s, 118.523s) 236.754ms
[118.523s][info][gc,start    ] GC(166) Pause Remark
[118.525s][info][gc          ] GC(166) Pause Remark 216M->216M(367M) 1.900ms
[118.525s][info][gc,cpu      ] GC(166) User=0.01s Sys=0.00s Real=0.01s
[118.525s][info][gc,marking  ] GC(166) Concurrent Rebuild Remembered Sets
[118.691s][info][gc,marking  ] GC(166) Concurrent Rebuild Remembered Sets 165.633ms
[118.691s][info][gc,start    ] GC(166) Pause Cleanup
[118.691s][info][gc          ] GC(166) Pause Cleanup 244M->244M(367M) 0.170ms
[118.691s][info][gc,cpu      ] GC(166) User=0.00s Sys=0.01s Real=0.00s
[118.692s][info][gc,marking  ] GC(166) Concurrent Cleanup for Next Mark
[118.692s][info][gc,marking  ] GC(166) Concurrent Cleanup for Next Mark 0.588ms
[118.692s][info][gc          ] GC(166) Concurrent Cycle 414.831ms
[118.910s][info][gc,start    ] GC(167) Pause Young (Normal) (G1 Evacuation Pause)
[118.910s][info][gc,task     ] GC(167) Using 8 workers of 8 for evacuation
[118.917s][info][gc,phases   ] GC(167)   Pre Evacuate Collection Set: 0.1ms
[118.917s][info][gc,phases   ] GC(167)   Merge Heap Roots: 0.0ms
[118.917s][info][gc,phases   ] GC(167)   Evacuate Collection Set: 6.7ms
[118.917s][info][gc,phases   ] GC(167)   Post Evacuate Collection Set: 0.3ms
[118.917s][info][gc,phases   ] GC(167)   Other: 0.1ms
[118.917s][info][gc,heap     ] GC(167) Eden regions: 114->0(138)
[118.917s][info][gc,heap     ] GC(167) Survivor regions: 9->9(16)
[118.917s][info][gc,heap     ] GC(167) Old regions: 165->168
[118.917s][info][gc,heap     ] GC(167) Archive regions: 2->2
[118.917s][info][gc,heap     ] GC(167) Humongous regions: 4->4
[118.917s][info][gc,metaspace] GC(167) Metaspace: 44302K(45264K)->44302K(45264K) NonClass: 39014K(39636K)->39014K(39636K) Class: 5287K(5628K)->5287K(5628K)
[118.917s][info][gc          ] GC(167) Pause Young (Normal) (G1 Evacuation Pause) 290M->179M(367M) 7.308ms
[118.917s][info][gc,cpu      ] GC(167) User=0.05s Sys=0.00s Real=0.01s
[119.521s][info][gc,start    ] GC(168) Pause Young (Concurrent Start) (G1 Humongous Allocation)
[119.521s][info][gc,task     ] GC(168) Using 8 workers of 8 for evacuation
[119.528s][info][gc,phases   ] GC(168)   Pre Evacuate Collection Set: 0.1ms
[119.528s][info][gc,phases   ] GC(168)   Merge Heap Roots: 0.0ms
[119.528s][info][gc,phases   ] GC(168)   Evacuate Collection Set: 6.3ms
[119.528s][info][gc,phases   ] GC(168)   Post Evacuate Collection Set: 0.3ms
[119.528s][info][gc,phases   ] GC(168)   Other: 0.2ms
[119.528s][info][gc,heap     ] GC(168) Eden regions: 127->0(132)
[119.528s][info][gc,heap     ] GC(168) Survivor regions: 9->12(19)
[119.528s][info][gc,heap     ] GC(168) Old regions: 168->168
[119.528s][info][gc,heap     ] GC(168) Archive regions: 2->2
[119.528s][info][gc,heap     ] GC(168) Humongous regions: 4->4
[119.528s][info][gc,metaspace] GC(168) Metaspace: 44302K(45264K)->44302K(45264K) NonClass: 39014K(39636K)->39014K(39636K) Class: 5287K(5628K)->5287K(5628K)
[119.528s][info][gc          ] GC(168) Pause Young (Concurrent Start) (G1 Humongous Allocation) 306M->182M(367M) 7.070ms
[119.528s][info][gc,cpu      ] GC(168) User=0.05s Sys=0.00s Real=0.01s
[119.528s][info][gc          ] GC(169) Concurrent Cycle
[119.528s][info][gc,marking  ] GC(169) Concurrent Clear Claimed Marks
[119.528s][info][gc,marking  ] GC(169) Concurrent Clear Claimed Marks 0.061ms
[119.528s][info][gc,marking  ] GC(169) Concurrent Scan Root Regions
[119.535s][info][gc,marking  ] GC(169) Concurrent Scan Root Regions 6.817ms
[119.535s][info][gc,marking  ] GC(169) Concurrent Mark (119.535s)
[119.535s][info][gc,marking  ] GC(169) Concurrent Mark From Roots
[119.535s][info][gc,task     ] GC(169) Using 2 workers of 2 for marking
[119.789s][info][gc,marking  ] GC(169) Concurrent Mark From Roots 253.698ms
[119.789s][info][gc,marking  ] GC(169) Concurrent Preclean
[119.789s][info][gc,marking  ] GC(169) Concurrent Preclean 0.087ms
[119.789s][info][gc,marking  ] GC(169) Concurrent Mark (119.535s, 119.789s) 253.855ms
[119.789s][info][gc,start    ] GC(169) Pause Remark
[119.791s][info][gc          ] GC(169) Pause Remark 227M->227M(385M) 2.369ms
[119.791s][info][gc,cpu      ] GC(169) User=0.01s Sys=0.00s Real=0.00s
[119.792s][info][gc,marking  ] GC(169) Concurrent Rebuild Remembered Sets
[119.958s][info][gc,marking  ] GC(169) Concurrent Rebuild Remembered Sets 166.951ms
[119.959s][info][gc,start    ] GC(169) Pause Cleanup
[119.959s][info][gc          ] GC(169) Pause Cleanup 258M->258M(385M) 0.166ms
[119.959s][info][gc,cpu      ] GC(169) User=0.00s Sys=0.00s Real=0.00s
[119.959s][info][gc,marking  ] GC(169) Concurrent Cleanup for Next Mark
[119.962s][info][gc,marking  ] GC(169) Concurrent Cleanup for Next Mark 2.227ms
[119.962s][info][gc          ] GC(169) Concurrent Cycle 433.560ms
[120.231s][info][gc,start    ] GC(170) Pause Young (Normal) (G1 Evacuation Pause)
[120.231s][info][gc,task     ] GC(170) Using 8 workers of 8 for evacuation
[120.241s][info][gc,phases   ] GC(170)   Pre Evacuate Collection Set: 0.1ms
[120.241s][info][gc,phases   ] GC(170)   Merge Heap Roots: 0.1ms
[120.241s][info][gc,phases   ] GC(170)   Evacuate Collection Set: 9.8ms
[120.241s][info][gc,phases   ] GC(170)   Post Evacuate Collection Set: 0.3ms
[120.241s][info][gc,phases   ] GC(170)   Other: 0.2ms
[120.241s][info][gc,heap     ] GC(170) Eden regions: 130->0(139)
[120.241s][info][gc,heap     ] GC(170) Survivor regions: 12->13(18)
[120.241s][info][gc,heap     ] GC(170) Old regions: 168->170
[120.241s][info][gc,heap     ] GC(170) Archive regions: 2->2
[120.241s][info][gc,heap     ] GC(170) Humongous regions: 9->9
[120.241s][info][gc,metaspace] GC(170) Metaspace: 44304K(45264K)->44304K(45264K) NonClass: 39016K(39636K)->39016K(39636K) Class: 5287K(5628K)->5287K(5628K)
[120.241s][info][gc          ] GC(170) Pause Young (Normal) (G1 Evacuation Pause) 317M->191M(385M) 10.416ms
[120.241s][info][gc,cpu      ] GC(170) User=0.07s Sys=0.00s Real=0.01s
[120.863s][info][gc,start    ] GC(171) Pause Young (Concurrent Start) (G1 Evacuation Pause)
[120.863s][info][gc,task     ] GC(171) Using 8 workers of 8 for evacuation
[120.872s][info][gc,phases   ] GC(171)   Pre Evacuate Collection Set: 0.1ms
[120.872s][info][gc,phases   ] GC(171)   Merge Heap Roots: 0.0ms
[120.872s][info][gc,phases   ] GC(171)   Evacuate Collection Set: 8.8ms
[120.872s][info][gc,phases   ] GC(171)   Post Evacuate Collection Set: 0.3ms
[120.872s][info][gc,phases   ] GC(171)   Other: 0.2ms
[120.872s][info][gc,heap     ] GC(171) Eden regions: 139->0(136)
[120.872s][info][gc,heap     ] GC(171) Survivor regions: 13->13(19)
[120.872s][info][gc,heap     ] GC(171) Old regions: 170->173
[120.872s][info][gc,heap     ] GC(171) Archive regions: 2->2
[120.872s][info][gc,heap     ] GC(171) Humongous regions: 9->9
[120.872s][info][gc,metaspace] GC(171) Metaspace: 44304K(45264K)->44304K(45264K) NonClass: 39016K(39636K)->39016K(39636K) Class: 5287K(5628K)->5287K(5628K)
[120.872s][info][gc          ] GC(171) Pause Young (Concurrent Start) (G1 Evacuation Pause) 330M->194M(385M) 9.593ms
[120.872s][info][gc,cpu      ] GC(171) User=0.07s Sys=0.00s Real=0.01s
[120.872s][info][gc          ] GC(172) Concurrent Cycle
[120.872s][info][gc,marking  ] GC(172) Concurrent Clear Claimed Marks
[120.873s][info][gc,marking  ] GC(172) Concurrent Clear Claimed Marks 0.044ms
[120.873s][info][gc,marking  ] GC(172) Concurrent Scan Root Regions
[120.881s][info][gc,marking  ] GC(172) Concurrent Scan Root Regions 8.236ms
[120.881s][info][gc,marking  ] GC(172) Concurrent Mark (120.881s)
[120.881s][info][gc,marking  ] GC(172) Concurrent Mark From Roots
[120.881s][info][gc,task     ] GC(172) Using 2 workers of 2 for marking
[121.141s][info][gc,marking  ] GC(172) Concurrent Mark From Roots 260.249ms
[121.141s][info][gc,marking  ] GC(172) Concurrent Preclean
[121.141s][info][gc,marking  ] GC(172) Concurrent Preclean 0.062ms
[121.141s][info][gc,marking  ] GC(172) Concurrent Mark (120.881s, 121.141s) 260.373ms
[121.141s][info][gc,start    ] GC(172) Pause Remark
[121.143s][info][gc          ] GC(172) Pause Remark 241M->237M(402M) 1.954ms
[121.143s][info][gc,cpu      ] GC(172) User=0.02s Sys=0.00s Real=0.00s
[121.143s][info][gc,marking  ] GC(172) Concurrent Rebuild Remembered Sets
[121.294s][info][gc,marking  ] GC(172) Concurrent Rebuild Remembered Sets 151.003ms
[121.295s][info][gc,start    ] GC(172) Pause Cleanup
[121.295s][info][gc          ] GC(172) Pause Cleanup 265M->265M(402M) 0.143ms
[121.295s][info][gc,cpu      ] GC(172) User=0.00s Sys=0.00s Real=0.01s
[121.295s][info][gc,marking  ] GC(172) Concurrent Cleanup for Next Mark
[121.296s][info][gc,marking  ] GC(172) Concurrent Cleanup for Next Mark 0.987ms
[121.296s][info][gc          ] GC(172) Concurrent Cycle 423.327ms
[121.543s][info][gc,start    ] GC(173) Pause Young (Normal) (G1 Evacuation Pause)
[121.543s][info][gc,task     ] GC(173) Using 8 workers of 8 for evacuation
[121.552s][info][gc,phases   ] GC(173)   Pre Evacuate Collection Set: 0.1ms
[121.552s][info][gc,phases   ] GC(173)   Merge Heap Roots: 0.1ms
[121.552s][info][gc,phases   ] GC(173)   Evacuate Collection Set: 8.3ms
[121.552s][info][gc,phases   ] GC(173)   Post Evacuate Collection Set: 0.4ms
[121.552s][info][gc,phases   ] GC(173)   Other: 0.2ms
[121.552s][info][gc,heap     ] GC(173) Eden regions: 134->0(152)
[121.552s][info][gc,heap     ] GC(173) Survivor regions: 13->13(19)
[121.552s][info][gc,heap     ] GC(173) Old regions: 173->176
[121.552s][info][gc,heap     ] GC(173) Archive regions: 2->2
[121.552s][info][gc,heap     ] GC(173) Humongous regions: 5->5
[121.552s][info][gc,metaspace] GC(173) Metaspace: 44304K(45264K)->44304K(45264K) NonClass: 39016K(39636K)->39016K(39636K) Class: 5287K(5628K)->5287K(5628K)
[121.552s][info][gc          ] GC(173) Pause Young (Normal) (G1 Evacuation Pause) 324M->193M(402M) 9.072ms
[121.552s][info][gc,cpu      ] GC(173) User=0.07s Sys=0.00s Real=0.01s
[122.345s][info][gc,start    ] GC(174) Pause Young (Concurrent Start) (G1 Evacuation Pause)
[122.345s][info][gc,task     ] GC(174) Using 8 workers of 8 for evacuation
[122.356s][info][gc,phases   ] GC(174)   Pre Evacuate Collection Set: 0.3ms
[122.356s][info][gc,phases   ] GC(174)   Merge Heap Roots: 0.1ms
[122.356s][info][gc,phases   ] GC(174)   Evacuate Collection Set: 10.1ms
[122.356s][info][gc,phases   ] GC(174)   Post Evacuate Collection Set: 0.4ms
[122.356s][info][gc,phases   ] GC(174)   Other: 0.3ms
[122.356s][info][gc,heap     ] GC(174) Eden regions: 152->0(147)
[122.356s][info][gc,heap     ] GC(174) Survivor regions: 13->14(21)
[122.356s][info][gc,heap     ] GC(174) Old regions: 176->179
[122.356s][info][gc,heap     ] GC(174) Archive regions: 2->2
[122.356s][info][gc,heap     ] GC(174) Humongous regions: 5->5
[122.356s][info][gc,metaspace] GC(174) Metaspace: 44304K(45264K)->44304K(45264K) NonClass: 39016K(39636K)->39016K(39636K) Class: 5287K(5628K)->5287K(5628K)
[122.356s][info][gc          ] GC(174) Pause Young (Concurrent Start) (G1 Evacuation Pause) 345M->197M(402M) 11.369ms
[122.356s][info][gc,cpu      ] GC(174) User=0.06s Sys=0.00s Real=0.01s
[122.356s][info][gc          ] GC(175) Concurrent Cycle
[122.356s][info][gc,marking  ] GC(175) Concurrent Clear Claimed Marks
[122.356s][info][gc,marking  ] GC(175) Concurrent Clear Claimed Marks 0.044ms
[122.356s][info][gc,marking  ] GC(175) Concurrent Scan Root Regions
[122.366s][info][gc,marking  ] GC(175) Concurrent Scan Root Regions 9.398ms
[122.366s][info][gc,marking  ] GC(175) Concurrent Mark (122.366s)
[122.366s][info][gc,marking  ] GC(175) Concurrent Mark From Roots
[122.366s][info][gc,task     ] GC(175) Using 2 workers of 2 for marking
[122.594s][info][gc,marking  ] GC(175) Concurrent Mark From Roots 228.162ms
[122.594s][info][gc,marking  ] GC(175) Concurrent Preclean
[122.594s][info][gc,marking  ] GC(175) Concurrent Preclean 0.086ms
[122.594s][info][gc,marking  ] GC(175) Concurrent Mark (122.366s, 122.594s) 228.316ms
[122.594s][info][gc,start    ] GC(175) Pause Remark
[122.596s][info][gc          ] GC(175) Pause Remark 227M->227M(402M) 1.748ms
[122.596s][info][gc,cpu      ] GC(175) User=0.01s Sys=0.00s Real=0.01s
[122.596s][info][gc,marking  ] GC(175) Concurrent Rebuild Remembered Sets
[122.747s][info][gc,marking  ] GC(175) Concurrent Rebuild Remembered Sets 150.987ms
[122.747s][info][gc,start    ] GC(175) Pause Cleanup
[122.748s][info][gc          ] GC(175) Pause Cleanup 253M->253M(402M) 0.188ms
[122.748s][info][gc,cpu      ] GC(175) User=0.00s Sys=0.00s Real=0.00s
[122.748s][info][gc,marking  ] GC(175) Concurrent Cleanup for Next Mark
[122.748s][info][gc,marking  ] GC(175) Concurrent Cleanup for Next Mark 0.639ms
[122.748s][info][gc          ] GC(175) Concurrent Cycle 392.008ms
[123.085s][info][gc,start    ] GC(176) Pause Young (Normal) (G1 Evacuation Pause)
[123.085s][info][gc,task     ] GC(176) Using 8 workers of 8 for evacuation
[123.095s][info][gc,phases   ] GC(176)   Pre Evacuate Collection Set: 0.1ms
[123.095s][info][gc,phases   ] GC(176)   Merge Heap Roots: 0.1ms
[123.095s][info][gc,phases   ] GC(176)   Evacuate Collection Set: 9.3ms
[123.095s][info][gc,phases   ] GC(176)   Post Evacuate Collection Set: 0.4ms
[123.095s][info][gc,phases   ] GC(176)   Other: 0.2ms
[123.095s][info][gc,heap     ] GC(176) Eden regions: 147->0(141)
[123.095s][info][gc,heap     ] GC(176) Survivor regions: 14->15(21)
[123.095s][info][gc,heap     ] GC(176) Old regions: 179->183
[123.095s][info][gc,heap     ] GC(176) Archive regions: 2->2
[123.095s][info][gc,heap     ] GC(176) Humongous regions: 5->5
[123.095s][info][gc,metaspace] GC(176) Metaspace: 44304K(45264K)->44304K(45264K) NonClass: 39016K(39636K)->39016K(39636K) Class: 5287K(5628K)->5287K(5628K)
[123.095s][info][gc          ] GC(176) Pause Young (Normal) (G1 Evacuation Pause) 344M->201M(402M) 10.065ms
[123.095s][info][gc,cpu      ] GC(176) User=0.07s Sys=0.00s Real=0.01s
[123.760s][info][gc,start    ] GC(177) Pause Young (Concurrent Start) (G1 Evacuation Pause)
[123.760s][info][gc,task     ] GC(177) Using 8 workers of 8 for evacuation
[123.770s][info][gc,phases   ] GC(177)   Pre Evacuate Collection Set: 0.1ms
[123.770s][info][gc,phases   ] GC(177)   Merge Heap Roots: 0.1ms
[123.770s][info][gc,phases   ] GC(177)   Evacuate Collection Set: 9.2ms
[123.770s][info][gc,phases   ] GC(177)   Post Evacuate Collection Set: 0.3ms
[123.770s][info][gc,phases   ] GC(177)   Other: 0.2ms
[123.770s][info][gc,heap     ] GC(177) Eden regions: 141->0(140)
[123.770s][info][gc,heap     ] GC(177) Survivor regions: 15->14(20)
[123.770s][info][gc,heap     ] GC(177) Old regions: 183->186
[123.770s][info][gc,heap     ] GC(177) Archive regions: 2->2
[123.770s][info][gc,heap     ] GC(177) Humongous regions: 5->5
[123.770s][info][gc,metaspace] GC(177) Metaspace: 44304K(45264K)->44304K(45264K) NonClass: 39016K(39636K)->39016K(39636K) Class: 5287K(5628K)->5287K(5628K)
[123.770s][info][gc          ] GC(177) Pause Young (Concurrent Start) (G1 Evacuation Pause) 342M->204M(402M) 9.980ms
[123.770s][info][gc,cpu      ] GC(177) User=0.07s Sys=0.01s Real=0.01s
[123.770s][info][gc          ] GC(178) Concurrent Cycle
[123.770s][info][gc,marking  ] GC(178) Concurrent Clear Claimed Marks
[123.770s][info][gc,marking  ] GC(178) Concurrent Clear Claimed Marks 0.053ms
[123.771s][info][gc,marking  ] GC(178) Concurrent Scan Root Regions
[123.780s][info][gc,marking  ] GC(178) Concurrent Scan Root Regions 9.767ms
[123.780s][info][gc,marking  ] GC(178) Concurrent Mark (123.780s)
[123.780s][info][gc,marking  ] GC(178) Concurrent Mark From Roots
[123.780s][info][gc,task     ] GC(178) Using 2 workers of 2 for marking
[123.992s][info][gc,marking  ] GC(178) Concurrent Mark From Roots 212.159ms
[123.993s][info][gc,marking  ] GC(178) Concurrent Preclean
[123.993s][info][gc,marking  ] GC(178) Concurrent Preclean 0.088ms
[123.993s][info][gc,marking  ] GC(178) Concurrent Mark (123.780s, 123.993s) 212.317ms
[123.993s][info][gc,start    ] GC(178) Pause Remark
[123.995s][info][gc          ] GC(178) Pause Remark 234M->234M(402M) 1.768ms
[123.995s][info][gc,cpu      ] GC(178) User=0.01s Sys=0.00s Real=0.00s
[123.995s][info][gc,marking  ] GC(178) Concurrent Rebuild Remembered Sets
[124.225s][info][gc,marking  ] GC(178) Concurrent Rebuild Remembered Sets 230.575ms
[124.225s][info][gc,start    ] GC(178) Pause Cleanup
[124.226s][info][gc          ] GC(178) Pause Cleanup 286M->286M(402M) 0.175ms
[124.226s][info][gc,cpu      ] GC(178) User=0.00s Sys=0.01s Real=0.00s
[124.226s][info][gc,marking  ] GC(178) Concurrent Cleanup for Next Mark
[124.226s][info][gc,marking  ] GC(178) Concurrent Cleanup for Next Mark 0.581ms
[124.226s][info][gc          ] GC(178) Concurrent Cycle 455.795ms
[124.513s][info][gc,start    ] GC(179) Pause Young (Normal) (G1 Evacuation Pause)
[124.513s][info][gc,task     ] GC(179) Using 8 workers of 8 for evacuation
[124.523s][info][gc,phases   ] GC(179)   Pre Evacuate Collection Set: 0.1ms
[124.523s][info][gc,phases   ] GC(179)   Merge Heap Roots: 0.1ms
[124.523s][info][gc,phases   ] GC(179)   Evacuate Collection Set: 10.2ms
[124.523s][info][gc,phases   ] GC(179)   Post Evacuate Collection Set: 0.3ms
[124.523s][info][gc,phases   ] GC(179)   Other: 0.1ms
[124.523s][info][gc,heap     ] GC(179) Eden regions: 140->0(137)
[124.523s][info][gc,heap     ] GC(179) Survivor regions: 14->12(20)
[124.523s][info][gc,heap     ] GC(179) Old regions: 186->193
[124.523s][info][gc,heap     ] GC(179) Archive regions: 2->2
[124.523s][info][gc,heap     ] GC(179) Humongous regions: 5->5
[124.523s][info][gc,metaspace] GC(179) Metaspace: 44304K(45264K)->44304K(45264K) NonClass: 39016K(39636K)->39016K(39636K) Class: 5287K(5628K)->5287K(5628K)
[124.523s][info][gc          ] GC(179) Pause Young (Normal) (G1 Evacuation Pause) 344M->208M(402M) 10.917ms
[124.523s][info][gc,cpu      ] GC(179) User=0.07s Sys=0.00s Real=0.01s
[125.143s][info][gc,start    ] GC(180) Pause Young (Concurrent Start) (G1 Evacuation Pause)
[125.143s][info][gc,task     ] GC(180) Using 8 workers of 8 for evacuation
[125.154s][info][gc,phases   ] GC(180)   Pre Evacuate Collection Set: 0.3ms
[125.154s][info][gc,phases   ] GC(180)   Merge Heap Roots: 0.1ms
[125.154s][info][gc,phases   ] GC(180)   Evacuate Collection Set: 9.5ms
[125.154s][info][gc,phases   ] GC(180)   Post Evacuate Collection Set: 0.6ms
[125.154s][info][gc,phases   ] GC(180)   Other: 0.2ms
[125.154s][info][gc,heap     ] GC(180) Eden regions: 137->0(136)
[125.154s][info][gc,heap     ] GC(180) Survivor regions: 12->11(19)
[125.154s][info][gc,heap     ] GC(180) Old regions: 193->196
[125.154s][info][gc,heap     ] GC(180) Archive regions: 2->2
[125.154s][info][gc,heap     ] GC(180) Humongous regions: 5->5
[125.154s][info][gc,metaspace] GC(180) Metaspace: 44304K(45264K)->44304K(45264K) NonClass: 39016K(39636K)->39016K(39636K) Class: 5287K(5628K)->5287K(5628K)
[125.154s][info][gc          ] GC(180) Pause Young (Concurrent Start) (G1 Evacuation Pause) 345M->211M(402M) 10.967ms
[125.154s][info][gc,cpu      ] GC(180) User=0.06s Sys=0.00s Real=0.01s
[125.154s][info][gc          ] GC(181) Concurrent Cycle
[125.154s][info][gc,marking  ] GC(181) Concurrent Clear Claimed Marks
[125.154s][info][gc,marking  ] GC(181) Concurrent Clear Claimed Marks 0.055ms
[125.154s][info][gc,marking  ] GC(181) Concurrent Scan Root Regions
[125.166s][info][gc,marking  ] GC(181) Concurrent Scan Root Regions 12.129ms
[125.166s][info][gc,marking  ] GC(181) Concurrent Mark (125.166s)
[125.166s][info][gc,marking  ] GC(181) Concurrent Mark From Roots
[125.166s][info][gc,task     ] GC(181) Using 2 workers of 2 for marking
[125.548s][info][gc,marking  ] GC(181) Concurrent Mark From Roots 382.086ms
[125.548s][info][gc,marking  ] GC(181) Concurrent Preclean
[125.549s][info][gc,marking  ] GC(181) Concurrent Preclean 0.087ms
[125.549s][info][gc,marking  ] GC(181) Concurrent Mark (125.166s, 125.549s) 382.260ms
[125.549s][info][gc,start    ] GC(181) Pause Remark
[125.551s][info][gc          ] GC(181) Pause Remark 284M->284M(479M) 2.291ms
[125.551s][info][gc,cpu      ] GC(181) User=0.01s Sys=0.00s Real=0.00s
[125.551s][info][gc,marking  ] GC(181) Concurrent Rebuild Remembered Sets
[125.731s][info][gc,marking  ] GC(181) Concurrent Rebuild Remembered Sets 179.882ms
[125.731s][info][gc,start    ] GC(181) Pause Cleanup
[125.731s][info][gc          ] GC(181) Pause Cleanup 315M->315M(479M) 0.167ms
[125.731s][info][gc,cpu      ] GC(181) User=0.00s Sys=0.00s Real=0.00s
[125.731s][info][gc,marking  ] GC(181) Concurrent Cleanup for Next Mark
[125.732s][info][gc,marking  ] GC(181) Concurrent Cleanup for Next Mark 0.863ms
[125.732s][info][gc          ] GC(181) Concurrent Cycle 578.275ms
[125.885s][info][gc,start    ] GC(182) Pause Young (Normal) (G1 Evacuation Pause)
[125.885s][info][gc,task     ] GC(182) Using 8 workers of 8 for evacuation
[125.894s][info][gc,phases   ] GC(182)   Pre Evacuate Collection Set: 0.1ms
[125.894s][info][gc,phases   ] GC(182)   Merge Heap Roots: 0.1ms
[125.894s][info][gc,phases   ] GC(182)   Evacuate Collection Set: 8.7ms
[125.894s][info][gc,phases   ] GC(182)   Post Evacuate Collection Set: 0.4ms
[125.894s][info][gc,phases   ] GC(182)   Other: 0.2ms
[125.894s][info][gc,heap     ] GC(182) Eden regions: 136->0(200)
[125.894s][info][gc,heap     ] GC(182) Survivor regions: 11->11(19)
[125.894s][info][gc,heap     ] GC(182) Old regions: 196->200
[125.894s][info][gc,heap     ] GC(182) Archive regions: 2->2
[125.894s][info][gc,heap     ] GC(182) Humongous regions: 5->5
[125.894s][info][gc,metaspace] GC(182) Metaspace: 44304K(45264K)->44304K(45264K) NonClass: 39016K(39636K)->39016K(39636K) Class: 5287K(5628K)->5287K(5628K)
[125.894s][info][gc          ] GC(182) Pause Young (Normal) (G1 Evacuation Pause) 347M->214M(479M) 9.520ms
[125.894s][info][gc,cpu      ] GC(182) User=0.06s Sys=0.00s Real=0.01s
[126.763s][info][gc,start    ] GC(183) Pause Young (Normal) (G1 Evacuation Pause)
[126.763s][info][gc,task     ] GC(183) Using 8 workers of 8 for evacuation
[126.773s][info][gc,phases   ] GC(183)   Pre Evacuate Collection Set: 0.1ms
[126.773s][info][gc,phases   ] GC(183)   Merge Heap Roots: 0.1ms
[126.773s][info][gc,phases   ] GC(183)   Evacuate Collection Set: 9.2ms
[126.773s][info][gc,phases   ] GC(183)   Post Evacuate Collection Set: 0.4ms
[126.773s][info][gc,phases   ] GC(183)   Other: 0.2ms
[126.773s][info][gc,heap     ] GC(183) Eden regions: 200->0(194)
[126.773s][info][gc,heap     ] GC(183) Survivor regions: 11->15(27)
[126.773s][info][gc,heap     ] GC(183) Old regions: 200->200
[126.773s][info][gc,heap     ] GC(183) Archive regions: 2->2
[126.773s][info][gc,heap     ] GC(183) Humongous regions: 5->5
[126.773s][info][gc,metaspace] GC(183) Metaspace: 44304K(45264K)->44304K(45264K) NonClass: 39016K(39636K)->39016K(39636K) Class: 5287K(5628K)->5287K(5628K)
[126.773s][info][gc          ] GC(183) Pause Young (Normal) (G1 Evacuation Pause) 414M->219M(479M) 10.036ms
[126.773s][info][gc,cpu      ] GC(183) User=0.06s Sys=0.00s Real=0.01s
[127.757s][info][gc,start    ] GC(184) Pause Young (Normal) (G1 Evacuation Pause)
[127.757s][info][gc,task     ] GC(184) Using 8 workers of 8 for evacuation
[127.770s][info][gc,phases   ] GC(184)   Pre Evacuate Collection Set: 0.1ms
[127.770s][info][gc,phases   ] GC(184)   Merge Heap Roots: 0.1ms
[127.770s][info][gc,phases   ] GC(184)   Evacuate Collection Set: 12.3ms
[127.770s][info][gc,phases   ] GC(184)   Post Evacuate Collection Set: 0.3ms
[127.770s][info][gc,phases   ] GC(184)   Other: 0.2ms
[127.770s][info][gc,heap     ] GC(184) Eden regions: 194->0(187)
[127.770s][info][gc,heap     ] GC(184) Survivor regions: 15->17(27)
[127.770s][info][gc,heap     ] GC(184) Old regions: 200->203
[127.770s][info][gc,heap     ] GC(184) Archive regions: 2->2
[127.770s][info][gc,heap     ] GC(184) Humongous regions: 5->5
[127.770s][info][gc,metaspace] GC(184) Metaspace: 44304K(45264K)->44304K(45264K) NonClass: 39016K(39636K)->39016K(39636K) Class: 5287K(5628K)->5287K(5628K)
[127.770s][info][gc          ] GC(184) Pause Young (Normal) (G1 Evacuation Pause) 413M->224M(479M) 12.980ms
[127.770s][info][gc,cpu      ] GC(184) User=0.08s Sys=0.01s Real=0.01s
[128.544s][info][gc,start    ] GC(185) Pause Young (Normal) (G1 Evacuation Pause)
[128.545s][info][gc,task     ] GC(185) Using 8 workers of 8 for evacuation
[128.556s][info][gc,phases   ] GC(185)   Pre Evacuate Collection Set: 0.1ms
[128.556s][info][gc,phases   ] GC(185)   Merge Heap Roots: 0.1ms
[128.556s][info][gc,phases   ] GC(185)   Evacuate Collection Set: 10.8ms
[128.556s][info][gc,phases   ] GC(185)   Post Evacuate Collection Set: 0.4ms
[128.556s][info][gc,phases   ] GC(185)   Other: 0.2ms
[128.556s][info][gc,heap     ] GC(185) Eden regions: 187->0(181)
[128.556s][info][gc,heap     ] GC(185) Survivor regions: 17->18(26)
[128.556s][info][gc,heap     ] GC(185) Old regions: 203->207
[128.556s][info][gc,heap     ] GC(185) Archive regions: 2->2
[128.556s][info][gc,heap     ] GC(185) Humongous regions: 5->5
[128.556s][info][gc,metaspace] GC(185) Metaspace: 44305K(45264K)->44305K(45264K) NonClass: 39017K(39636K)->39017K(39636K) Class: 5287K(5628K)->5287K(5628K)
[128.556s][info][gc          ] GC(185) Pause Young (Normal) (G1 Evacuation Pause) 411M->228M(479M) 11.620ms
[128.556s][info][gc,cpu      ] GC(185) User=0.08s Sys=0.00s Real=0.02s
[129.309s][info][gc,start    ] GC(186) Pause Young (Normal) (G1 Evacuation Pause)
[129.309s][info][gc,task     ] GC(186) Using 8 workers of 8 for evacuation
[129.320s][info][gc,phases   ] GC(186)   Pre Evacuate Collection Set: 0.1ms
[129.320s][info][gc,phases   ] GC(186)   Merge Heap Roots: 0.1ms
[129.320s][info][gc,phases   ] GC(186)   Evacuate Collection Set: 11.2ms
[129.320s][info][gc,phases   ] GC(186)   Post Evacuate Collection Set: 0.3ms
[129.320s][info][gc,phases   ] GC(186)   Other: 0.2ms
[129.320s][info][gc,heap     ] GC(186) Eden regions: 181->0(179)
[129.320s][info][gc,heap     ] GC(186) Survivor regions: 18->15(25)
[129.320s][info][gc,heap     ] GC(186) Old regions: 207->215
[129.320s][info][gc,heap     ] GC(186) Archive regions: 2->2
[129.320s][info][gc,heap     ] GC(186) Humongous regions: 5->5
[129.320s][info][gc,metaspace] GC(186) Metaspace: 44305K(45264K)->44305K(45264K) NonClass: 39017K(39636K)->39017K(39636K) Class: 5287K(5628K)->5287K(5628K)
[129.320s][info][gc          ] GC(186) Pause Young (Normal) (G1 Evacuation Pause) 409M->233M(479M) 11.905ms
[129.321s][info][gc,cpu      ] GC(186) User=0.09s Sys=0.00s Real=0.01s
[130.072s][info][gc,start    ] GC(187) Pause Young (Concurrent Start) (G1 Evacuation Pause)
[130.072s][info][gc,task     ] GC(187) Using 8 workers of 8 for evacuation
[130.082s][info][gc,phases   ] GC(187)   Pre Evacuate Collection Set: 0.1ms
[130.082s][info][gc,phases   ] GC(187)   Merge Heap Roots: 0.1ms
[130.082s][info][gc,phases   ] GC(187)   Evacuate Collection Set: 9.2ms
[130.082s][info][gc,phases   ] GC(187)   Post Evacuate Collection Set: 0.4ms
[130.082s][info][gc,phases   ] GC(187)   Other: 0.2ms
[130.082s][info][gc,heap     ] GC(187) Eden regions: 179->0(177)
[130.082s][info][gc,heap     ] GC(187) Survivor regions: 15->14(25)
[130.082s][info][gc,heap     ] GC(187) Old regions: 215->219
[130.082s][info][gc,heap     ] GC(187) Archive regions: 2->2
[130.082s][info][gc,heap     ] GC(187) Humongous regions: 5->5
[130.082s][info][gc,metaspace] GC(187) Metaspace: 44305K(45264K)->44305K(45264K) NonClass: 39017K(39636K)->39017K(39636K) Class: 5287K(5628K)->5287K(5628K)
[130.082s][info][gc          ] GC(187) Pause Young (Concurrent Start) (G1 Evacuation Pause) 412M->237M(479M) 10.060ms
[130.082s][info][gc,cpu      ] GC(187) User=0.07s Sys=0.00s Real=0.01s
[130.082s][info][gc          ] GC(188) Concurrent Cycle
[130.082s][info][gc,marking  ] GC(188) Concurrent Clear Claimed Marks
[130.082s][info][gc,marking  ] GC(188) Concurrent Clear Claimed Marks 0.048ms
[130.082s][info][gc,marking  ] GC(188) Concurrent Scan Root Regions
[130.094s][info][gc,marking  ] GC(188) Concurrent Scan Root Regions 11.713ms
[130.094s][info][gc,marking  ] GC(188) Concurrent Mark (130.094s)
[130.094s][info][gc,marking  ] GC(188) Concurrent Mark From Roots
[130.094s][info][gc,task     ] GC(188) Using 2 workers of 2 for marking
[130.295s][info][gc,marking  ] GC(188) Concurrent Mark From Roots 201.143ms
[130.295s][info][gc,marking  ] GC(188) Concurrent Preclean
[130.295s][info][gc,marking  ] GC(188) Concurrent Preclean 0.062ms
[130.295s][info][gc,marking  ] GC(188) Concurrent Mark (130.094s, 130.295s) 201.259ms
[130.296s][info][gc,start    ] GC(188) Pause Remark
[130.297s][info][gc          ] GC(188) Pause Remark 244M->244M(479M) 1.779ms
[130.297s][info][gc,cpu      ] GC(188) User=0.01s Sys=0.00s Real=0.00s
[130.297s][info][gc,marking  ] GC(188) Concurrent Rebuild Remembered Sets
[130.410s][info][gc,marking  ] GC(188) Concurrent Rebuild Remembered Sets 112.227ms
[130.410s][info][gc,start    ] GC(188) Pause Cleanup
[130.410s][info][gc          ] GC(188) Pause Cleanup 244M->244M(479M) 0.144ms
[130.410s][info][gc,cpu      ] GC(188) User=0.00s Sys=0.00s Real=0.00s
[130.410s][info][gc,marking  ] GC(188) Concurrent Cleanup for Next Mark
[130.411s][info][gc,marking  ] GC(188) Concurrent Cleanup for Next Mark 0.795ms
[130.411s][info][gc          ] GC(188) Concurrent Cycle 328.490ms
[167.767s][info][gc,start    ] GC(189) Pause Young (Normal) (G1 Evacuation Pause)
[167.767s][info][gc,task     ] GC(189) Using 8 workers of 8 for evacuation
[167.776s][info][gc,phases   ] GC(189)   Pre Evacuate Collection Set: 0.1ms
[167.776s][info][gc,phases   ] GC(189)   Merge Heap Roots: 0.1ms
[167.776s][info][gc,phases   ] GC(189)   Evacuate Collection Set: 7.9ms
[167.776s][info][gc,phases   ] GC(189)   Post Evacuate Collection Set: 0.3ms
[167.776s][info][gc,phases   ] GC(189)   Other: 0.1ms
[167.776s][info][gc,heap     ] GC(189) Eden regions: 177->0(172)
[167.776s][info][gc,heap     ] GC(189) Survivor regions: 14->14(24)
[167.776s][info][gc,heap     ] GC(189) Old regions: 219->224
[167.776s][info][gc,heap     ] GC(189) Archive regions: 2->2
[167.776s][info][gc,heap     ] GC(189) Humongous regions: 5->5
[167.776s][info][gc,metaspace] GC(189) Metaspace: 44331K(45264K)->44331K(45264K) NonClass: 39043K(39636K)->39043K(39636K) Class: 5287K(5628K)->5287K(5628K)
[167.776s][info][gc          ] GC(189) Pause Young (Normal) (G1 Evacuation Pause) 414M->242M(479M) 8.619ms
[167.776s][info][gc,cpu      ] GC(189) User=0.06s Sys=0.00s Real=0.01s
[168.351s][info][gc,start    ] GC(190) Pause Young (Concurrent Start) (G1 Evacuation Pause)
[168.351s][info][gc,task     ] GC(190) Using 8 workers of 8 for evacuation
[168.360s][info][gc,phases   ] GC(190)   Pre Evacuate Collection Set: 0.1ms
[168.360s][info][gc,phases   ] GC(190)   Merge Heap Roots: 0.1ms
[168.360s][info][gc,phases   ] GC(190)   Evacuate Collection Set: 8.1ms
[168.360s][info][gc,phases   ] GC(190)   Post Evacuate Collection Set: 0.3ms
[168.360s][info][gc,phases   ] GC(190)   Other: 0.2ms
[168.360s][info][gc,heap     ] GC(190) Eden regions: 172->0(167)
[168.360s][info][gc,heap     ] GC(190) Survivor regions: 14->14(24)
[168.360s][info][gc,heap     ] GC(190) Old regions: 224->229
[168.360s][info][gc,heap     ] GC(190) Archive regions: 2->2
[168.360s][info][gc,heap     ] GC(190) Humongous regions: 5->5
[168.360s][info][gc,metaspace] GC(190) Metaspace: 44332K(45264K)->44332K(45264K) NonClass: 39044K(39636K)->39044K(39636K) Class: 5287K(5628K)->5287K(5628K)
[168.360s][info][gc          ] GC(190) Pause Young (Concurrent Start) (G1 Evacuation Pause) 414M->246M(479M) 8.847ms
[168.360s][info][gc,cpu      ] GC(190) User=0.06s Sys=0.01s Real=0.01s
[168.360s][info][gc          ] GC(191) Concurrent Cycle
[168.360s][info][gc,marking  ] GC(191) Concurrent Clear Claimed Marks
[168.360s][info][gc,marking  ] GC(191) Concurrent Clear Claimed Marks 0.057ms
[168.360s][info][gc,marking  ] GC(191) Concurrent Scan Root Regions
[168.369s][info][gc,marking  ] GC(191) Concurrent Scan Root Regions 9.133ms
[168.369s][info][gc,marking  ] GC(191) Concurrent Mark (168.369s)
[168.369s][info][gc,marking  ] GC(191) Concurrent Mark From Roots
[168.369s][info][gc,task     ] GC(191) Using 2 workers of 2 for marking
[168.655s][info][gc,marking  ] GC(191) Concurrent Mark From Roots 285.585ms
[168.655s][info][gc,marking  ] GC(191) Concurrent Preclean
[168.655s][info][gc,marking  ] GC(191) Concurrent Preclean 0.063ms
[168.655s][info][gc,marking  ] GC(191) Concurrent Mark (168.369s, 168.655s) 285.719ms
[168.655s][info][gc,start    ] GC(191) Pause Remark
[168.657s][info][gc          ] GC(191) Pause Remark 306M->306M(512M) 2.227ms
[168.657s][info][gc,cpu      ] GC(191) User=0.01s Sys=0.01s Real=0.00s
[168.657s][info][gc,marking  ] GC(191) Concurrent Rebuild Remembered Sets
[168.835s][info][gc,marking  ] GC(191) Concurrent Rebuild Remembered Sets 177.773ms
[168.835s][info][gc,start    ] GC(191) Pause Cleanup
[168.835s][info][gc          ] GC(191) Pause Cleanup 345M->345M(512M) 0.155ms
[168.836s][info][gc,cpu      ] GC(191) User=0.00s Sys=0.00s Real=0.00s
[168.836s][info][gc,marking  ] GC(191) Concurrent Cleanup for Next Mark
[168.837s][info][gc,marking  ] GC(191) Concurrent Cleanup for Next Mark 1.168ms
[168.837s][info][gc          ] GC(191) Concurrent Cycle 476.817ms
[169.061s][info][gc,start    ] GC(192) Pause Young (Normal) (G1 Evacuation Pause)
[169.061s][info][gc,task     ] GC(192) Using 8 workers of 8 for evacuation
[169.070s][info][gc,phases   ] GC(192)   Pre Evacuate Collection Set: 0.1ms
[169.070s][info][gc,phases   ] GC(192)   Merge Heap Roots: 0.1ms
[169.070s][info][gc,phases   ] GC(192)   Evacuate Collection Set: 8.5ms
[169.070s][info][gc,phases   ] GC(192)   Post Evacuate Collection Set: 0.3ms
[169.070s][info][gc,phases   ] GC(192)   Other: 0.1ms
[169.070s][info][gc,heap     ] GC(192) Eden regions: 163->0(192)
[169.070s][info][gc,heap     ] GC(192) Survivor regions: 14->14(23)
[169.070s][info][gc,heap     ] GC(192) Old regions: 229->233
[169.070s][info][gc,heap     ] GC(192) Archive regions: 2->2
[169.070s][info][gc,heap     ] GC(192) Humongous regions: 5->5
[169.070s][info][gc,metaspace] GC(192) Metaspace: 44332K(45264K)->44332K(45264K) NonClass: 39044K(39636K)->39044K(39636K) Class: 5287K(5628K)->5287K(5628K)
[169.070s][info][gc          ] GC(192) Pause Young (Normal) (G1 Evacuation Pause) 409M->250M(512M) 9.153ms
[169.070s][info][gc,cpu      ] GC(192) User=0.07s Sys=0.00s Real=0.01s
[169.766s][info][gc,start    ] GC(193) Pause Young (Concurrent Start) (G1 Evacuation Pause)
[169.766s][info][gc,task     ] GC(193) Using 8 workers of 8 for evacuation
[169.775s][info][gc,phases   ] GC(193)   Pre Evacuate Collection Set: 0.1ms
[169.775s][info][gc,phases   ] GC(193)   Merge Heap Roots: 0.1ms
[169.775s][info][gc,phases   ] GC(193)   Evacuate Collection Set: 8.2ms
[169.775s][info][gc,phases   ] GC(193)   Post Evacuate Collection Set: 0.4ms
[169.775s][info][gc,phases   ] GC(193)   Other: 0.2ms
[169.775s][info][gc,heap     ] GC(193) Eden regions: 192->0(184)
[169.775s][info][gc,heap     ] GC(193) Survivor regions: 14->18(26)
[169.775s][info][gc,heap     ] GC(193) Old regions: 233->233
[169.775s][info][gc,heap     ] GC(193) Archive regions: 2->2
[169.775s][info][gc,heap     ] GC(193) Humongous regions: 5->5
[169.775s][info][gc,metaspace] GC(193) Metaspace: 44332K(45264K)->44332K(45264K) NonClass: 39044K(39636K)->39044K(39636K) Class: 5287K(5628K)->5287K(5628K)
[169.775s][info][gc          ] GC(193) Pause Young (Concurrent Start) (G1 Evacuation Pause) 442M->254M(512M) 9.105ms
[169.775s][info][gc,cpu      ] GC(193) User=0.06s Sys=0.00s Real=0.01s
[169.775s][info][gc          ] GC(194) Concurrent Cycle
[169.775s][info][gc,marking  ] GC(194) Concurrent Clear Claimed Marks
[169.775s][info][gc,marking  ] GC(194) Concurrent Clear Claimed Marks 0.052ms
[169.775s][info][gc,marking  ] GC(194) Concurrent Scan Root Regions
[169.785s][info][gc,marking  ] GC(194) Concurrent Scan Root Regions 9.475ms
[169.785s][info][gc,marking  ] GC(194) Concurrent Mark (169.785s)
[169.785s][info][gc,marking  ] GC(194) Concurrent Mark From Roots
[169.785s][info][gc,task     ] GC(194) Using 2 workers of 2 for marking
[170.074s][info][gc,marking  ] GC(194) Concurrent Mark From Roots 289.426ms
[170.074s][info][gc,marking  ] GC(194) Concurrent Preclean
[170.074s][info][gc,marking  ] GC(194) Concurrent Preclean 0.060ms
[170.074s][info][gc,marking  ] GC(194) Concurrent Mark (169.785s, 170.074s) 289.556ms
[170.074s][info][gc,start    ] GC(194) Pause Remark
[170.076s][info][gc          ] GC(194) Pause Remark 312M->312M(512M) 1.630ms
[170.076s][info][gc,cpu      ] GC(194) User=0.01s Sys=0.01s Real=0.01s
[170.076s][info][gc,marking  ] GC(194) Concurrent Rebuild Remembered Sets
[170.282s][info][gc,marking  ] GC(194) Concurrent Rebuild Remembered Sets 205.764ms
[170.282s][info][gc,start    ] GC(194) Pause Cleanup
[170.282s][info][gc          ] GC(194) Pause Cleanup 367M->367M(512M) 0.172ms
[170.282s][info][gc,cpu      ] GC(194) User=0.00s Sys=0.00s Real=0.00s
[170.282s][info][gc,marking  ] GC(194) Concurrent Cleanup for Next Mark
[170.283s][info][gc,marking  ] GC(194) Concurrent Cleanup for Next Mark 1.018ms
[170.283s][info][gc          ] GC(194) Concurrent Cycle 508.279ms
[170.310s][info][gc,start    ] GC(195) Pause Young (Concurrent Start) (G1 Humongous Allocation)
[170.310s][info][gc,task     ] GC(195) Using 8 workers of 8 for evacuation
[170.320s][info][gc,phases   ] GC(195)   Pre Evacuate Collection Set: 0.1ms
[170.320s][info][gc,phases   ] GC(195)   Merge Heap Roots: 0.1ms
[170.320s][info][gc,phases   ] GC(195)   Evacuate Collection Set: 9.5ms
[170.320s][info][gc,phases   ] GC(195)   Post Evacuate Collection Set: 0.3ms
[170.320s][info][gc,phases   ] GC(195)   Other: 0.2ms
[170.320s][info][gc,heap     ] GC(195) Eden regions: 119->0(184)
[170.320s][info][gc,heap     ] GC(195) Survivor regions: 18->16(26)
[170.320s][info][gc,heap     ] GC(195) Old regions: 233->237
[170.320s][info][gc,heap     ] GC(195) Archive regions: 2->2
[170.320s][info][gc,heap     ] GC(195) Humongous regions: 5->5
[170.320s][info][gc,metaspace] GC(195) Metaspace: 44332K(45264K)->44332K(45264K) NonClass: 39044K(39636K)->39044K(39636K) Class: 5287K(5628K)->5287K(5628K)
[170.320s][info][gc          ] GC(195) Pause Young (Concurrent Start) (G1 Humongous Allocation) 373M->257M(512M) 10.276ms
[170.320s][info][gc,cpu      ] GC(195) User=0.07s Sys=0.01s Real=0.01s
[170.320s][info][gc          ] GC(196) Concurrent Cycle
[170.320s][info][gc,marking  ] GC(196) Concurrent Clear Claimed Marks
[170.320s][info][gc,marking  ] GC(196) Concurrent Clear Claimed Marks 0.047ms
[170.320s][info][gc,marking  ] GC(196) Concurrent Scan Root Regions
[170.345s][info][gc,marking  ] GC(196) Concurrent Scan Root Regions 25.474ms
[170.345s][info][gc,marking  ] GC(196) Concurrent Mark (170.345s)
[170.345s][info][gc,marking  ] GC(196) Concurrent Mark From Roots
[170.346s][info][gc,task     ] GC(196) Using 2 workers of 2 for marking
[170.704s][info][gc,marking  ] GC(196) Concurrent Mark From Roots 358.389ms
[170.704s][info][gc,marking  ] GC(196) Concurrent Preclean
[170.704s][info][gc,marking  ] GC(196) Concurrent Preclean 0.072ms
[170.704s][info][gc,marking  ] GC(196) Concurrent Mark (170.345s, 170.704s) 358.575ms
[170.704s][info][gc,start    ] GC(196) Pause Remark
[170.706s][info][gc          ] GC(196) Pause Remark 391M->391M(512M) 1.733ms
[170.706s][info][gc,cpu      ] GC(196) User=0.01s Sys=0.00s Real=0.01s
[170.706s][info][gc,marking  ] GC(196) Concurrent Rebuild Remembered Sets
[170.936s][info][gc,marking  ] GC(196) Concurrent Rebuild Remembered Sets 230.429ms
[170.937s][info][gc,start    ] GC(196) Pause Cleanup
[170.937s][info][gc          ] GC(196) Pause Cleanup 444M->444M(512M) 0.160ms
[170.937s][info][gc,cpu      ] GC(196) User=0.00s Sys=0.00s Real=0.00s
[170.937s][info][gc,marking  ] GC(196) Concurrent Cleanup for Next Mark
[170.938s][info][gc,marking  ] GC(196) Concurrent Cleanup for Next Mark 1.360ms
[170.938s][info][gc          ] GC(196) Concurrent Cycle 618.356ms
[171.135s][info][gc,start    ] GC(197) Pause Young (Normal) (G1 Evacuation Pause)
[171.135s][info][gc,task     ] GC(197) Using 8 workers of 8 for evacuation
[171.166s][info][gc          ] GC(197) To-space exhausted
[171.166s][info][gc,phases   ] GC(197)   Pre Evacuate Collection Set: 0.1ms
[171.166s][info][gc,phases   ] GC(197)   Merge Heap Roots: 0.1ms
[171.166s][info][gc,phases   ] GC(197)   Evacuate Collection Set: 15.6ms
[171.166s][info][gc,phases   ] GC(197)   Post Evacuate Collection Set: 15.4ms
[171.166s][info][gc,phases   ] GC(197)   Other: 0.2ms
[171.166s][info][gc,heap     ] GC(197) Eden regions: 184->0(17)
[171.166s][info][gc,heap     ] GC(197) Survivor regions: 16->8(12)
[171.166s][info][gc,heap     ] GC(197) Old regions: 237->436
[171.166s][info][gc,heap     ] GC(197) Archive regions: 2->2
[171.167s][info][gc,heap     ] GC(197) Humongous regions: 61->61
[171.167s][info][gc,metaspace] GC(197) Metaspace: 44332K(45264K)->44332K(45264K) NonClass: 39044K(39636K)->39044K(39636K) Class: 5287K(5628K)->5287K(5628K)
[171.167s][info][gc          ] GC(197) Pause Young (Normal) (G1 Evacuation Pause) 497M->504M(512M) 31.507ms
[171.167s][info][gc,cpu      ] GC(197) User=0.24s Sys=0.00s Real=0.03s
[171.187s][info][gc,start    ] GC(198) Pause Young (Concurrent Start) (G1 Evacuation Pause)
[171.187s][info][gc,task     ] GC(198) Using 8 workers of 8 for evacuation
[171.199s][info][gc          ] GC(198) To-space exhausted
[171.199s][info][gc,phases   ] GC(198)   Pre Evacuate Collection Set: 0.1ms
[171.199s][info][gc,phases   ] GC(198)   Merge Heap Roots: 0.1ms
[171.199s][info][gc,phases   ] GC(198)   Evacuate Collection Set: 7.7ms
[171.199s][info][gc,phases   ] GC(198)   Post Evacuate Collection Set: 3.4ms
[171.199s][info][gc,phases   ] GC(198)   Other: 0.2ms
[171.199s][info][gc,heap     ] GC(198) Eden regions: 5->0(25)
[171.199s][info][gc,heap     ] GC(198) Survivor regions: 8->0(0)
[171.199s][info][gc,heap     ] GC(198) Old regions: 436->449
[171.199s][info][gc,heap     ] GC(198) Archive regions: 2->2
[171.199s][info][gc,heap     ] GC(198) Humongous regions: 61->61
[171.199s][info][gc,metaspace] GC(198) Metaspace: 44334K(45264K)->44334K(45264K) NonClass: 39046K(39636K)->39046K(39636K) Class: 5287K(5628K)->5287K(5628K)
[171.199s][info][gc          ] GC(198) Pause Young (Concurrent Start) (G1 Evacuation Pause) 509M->509M(512M) 11.576ms
[171.199s][info][gc,cpu      ] GC(198) User=0.08s Sys=0.01s Real=0.01s
[171.199s][info][gc,ergo     ] Attempting maximally compacting collection
[171.199s][info][gc,task     ] GC(199) Using 8 workers of 8 for full compaction
[171.199s][info][gc,start    ] GC(199) Pause Full (G1 Evacuation Pause)
[171.199s][info][gc          ] GC(200) Concurrent Cycle
[171.199s][info][gc,marking  ] GC(200) Concurrent Clear Claimed Marks
[171.199s][info][gc,marking  ] GC(200) Concurrent Clear Claimed Marks 0.204ms
[171.199s][info][gc,marking  ] GC(200) Concurrent Scan Root Regions
[171.199s][info][gc,marking  ] GC(200) Concurrent Scan Root Regions 0.027ms
[171.199s][info][gc,marking  ] GC(200) Concurrent Mark (171.199s)
[171.199s][info][gc,marking  ] GC(200) Concurrent Mark From Roots
[171.199s][info][gc,task     ] GC(200) Using 2 workers of 2 for marking
[171.199s][info][gc,phases,start] GC(199) Phase 1: Mark live objects
[171.301s][info][gc,phases      ] GC(199) Phase 1: Mark live objects 101.383ms
[171.301s][info][gc,phases,start] GC(199) Phase 2: Prepare for compaction
[171.322s][info][gc,phases      ] GC(199) Phase 2: Prepare for compaction 21.295ms
[171.322s][info][gc,phases,start] GC(199) Phase 3: Adjust pointers
[171.359s][info][gc,phases      ] GC(199) Phase 3: Adjust pointers 36.867ms
[171.359s][info][gc,phases,start] GC(199) Phase 4: Compact heap
[171.391s][info][gc,phases      ] GC(199) Phase 4: Compact heap 31.515ms
[171.395s][info][gc,heap        ] GC(199) Eden regions: 0->0(204)
[171.395s][info][gc,heap        ] GC(199) Survivor regions: 0->0(0)
[171.395s][info][gc,heap        ] GC(199) Old regions: 449->238
[171.395s][info][gc,heap        ] GC(199) Archive regions: 2->2
[171.395s][info][gc,heap        ] GC(199) Humongous regions: 61->7
[171.395s][info][gc,metaspace   ] GC(199) Metaspace: 44334K(45264K)->43909K(45264K) NonClass: 39046K(39636K)->38690K(39636K) Class: 5287K(5628K)->5218K(5628K)
[171.395s][info][gc             ] GC(199) Pause Full (G1 Evacuation Pause) 509M->241M(512M) 196.037ms
[171.396s][info][gc,cpu         ] GC(199) User=1.40s Sys=0.01s Real=0.20s
[171.396s][info][gc,marking     ] GC(200) Concurrent Mark From Roots 196.974ms
[171.396s][info][gc,marking     ] GC(200) Concurrent Mark Abort
[171.396s][info][gc             ] GC(200) Concurrent Cycle 197.398ms
[172.295s][info][gc,start       ] GC(201) Pause Young (Normal) (G1 Evacuation Pause)
[172.295s][info][gc,task        ] GC(201) Using 8 workers of 8 for evacuation
[172.298s][info][gc,phases      ] GC(201)   Pre Evacuate Collection Set: 0.1ms
[172.299s][info][gc,phases      ] GC(201)   Merge Heap Roots: 0.0ms
[172.299s][info][gc,phases      ] GC(201)   Evacuate Collection Set: 3.1ms
[172.299s][info][gc,phases      ] GC(201)   Post Evacuate Collection Set: 0.4ms
[172.299s][info][gc,phases      ] GC(201)   Other: 0.1ms
[172.299s][info][gc,heap        ] GC(201) Eden regions: 204->0(197)
[172.299s][info][gc,heap        ] GC(201) Survivor regions: 0->6(26)
[172.299s][info][gc,heap        ] GC(201) Old regions: 238->238
[172.299s][info][gc,heap        ] GC(201) Archive regions: 2->2
[172.299s][info][gc,heap        ] GC(201) Humongous regions: 7->7
[172.299s][info][gc,metaspace   ] GC(201) Metaspace: 44031K(45264K)->44031K(45264K) NonClass: 38796K(39636K)->38796K(39636K) Class: 5235K(5628K)->5235K(5628K)
[172.299s][info][gc             ] GC(201) Pause Young (Normal) (G1 Evacuation Pause) 445M->246M(512M) 3.959ms
[172.299s][info][gc,cpu         ] GC(201) User=0.03s Sys=0.00s Real=0.01s
[173.080s][info][gc,start       ] GC(202) Pause Young (Concurrent Start) (G1 Evacuation Pause)
[173.080s][info][gc,task        ] GC(202) Using 8 workers of 8 for evacuation
[173.086s][info][gc,phases      ] GC(202)   Pre Evacuate Collection Set: 0.1ms
[173.086s][info][gc,phases      ] GC(202)   Merge Heap Roots: 0.1ms
[173.086s][info][gc,phases      ] GC(202)   Evacuate Collection Set: 5.6ms
[173.086s][info][gc,phases      ] GC(202)   Post Evacuate Collection Set: 0.3ms
[173.086s][info][gc,phases      ] GC(202)   Other: 0.2ms
[173.086s][info][gc,heap        ] GC(202) Eden regions: 197->0(193)
[173.086s][info][gc,heap        ] GC(202) Survivor regions: 6->10(26)
[173.086s][info][gc,heap        ] GC(202) Old regions: 238->238
[173.086s][info][gc,heap        ] GC(202) Archive regions: 2->2
[173.086s][info][gc,heap        ] GC(202) Humongous regions: 7->7
[173.086s][info][gc,metaspace   ] GC(202) Metaspace: 44040K(45264K)->44040K(45264K) NonClass: 38803K(39636K)->38803K(39636K) Class: 5236K(5628K)->5236K(5628K)
[173.086s][info][gc             ] GC(202) Pause Young (Concurrent Start) (G1 Evacuation Pause) 443M->251M(512M) 6.430ms
[173.086s][info][gc,cpu         ] GC(202) User=0.05s Sys=0.00s Real=0.01s
[173.086s][info][gc             ] GC(203) Concurrent Cycle
[173.086s][info][gc,marking     ] GC(203) Concurrent Clear Claimed Marks
[173.086s][info][gc,marking     ] GC(203) Concurrent Clear Claimed Marks 0.038ms
[173.086s][info][gc,marking     ] GC(203) Concurrent Scan Root Regions
[173.092s][info][gc,marking     ] GC(203) Concurrent Scan Root Regions 5.451ms
[173.092s][info][gc,marking     ] GC(203) Concurrent Mark (173.092s)
[173.092s][info][gc,marking     ] GC(203) Concurrent Mark From Roots
[173.092s][info][gc,task        ] GC(203) Using 2 workers of 2 for marking
[173.431s][info][gc,marking     ] GC(203) Concurrent Mark From Roots 339.656ms
[173.431s][info][gc,marking     ] GC(203) Concurrent Preclean
[173.432s][info][gc,marking     ] GC(203) Concurrent Preclean 0.106ms
[173.432s][info][gc,marking     ] GC(203) Concurrent Mark (173.092s, 173.432s) 339.868ms
[173.432s][info][gc,start       ] GC(203) Pause Remark
[173.433s][info][gc             ] GC(203) Pause Remark 322M->322M(512M) 1.679ms
[173.433s][info][gc,cpu         ] GC(203) User=0.01s Sys=0.00s Real=0.00s
[173.434s][info][gc,marking     ] GC(203) Concurrent Rebuild Remembered Sets
[173.617s][info][gc,marking     ] GC(203) Concurrent Rebuild Remembered Sets 183.514ms
[173.617s][info][gc,start       ] GC(203) Pause Cleanup
[173.617s][info][gc             ] GC(203) Pause Cleanup 360M->360M(512M) 0.247ms
[173.618s][info][gc,cpu         ] GC(203) User=0.00s Sys=0.00s Real=0.00s
[173.618s][info][gc,marking     ] GC(203) Concurrent Cleanup for Next Mark
[173.618s][info][gc,marking     ] GC(203) Concurrent Cleanup for Next Mark 0.775ms
[173.618s][info][gc             ] GC(203) Concurrent Cycle 532.196ms
[173.962s][info][gc,start       ] GC(204) Pause Young (Normal) (G1 Evacuation Pause)
[173.962s][info][gc,task        ] GC(204) Using 8 workers of 8 for evacuation
[173.970s][info][gc,phases      ] GC(204)   Pre Evacuate Collection Set: 0.1ms
[173.970s][info][gc,phases      ] GC(204)   Merge Heap Roots: 0.1ms
[173.970s][info][gc,phases      ] GC(204)   Evacuate Collection Set: 7.4ms
[173.970s][info][gc,phases      ] GC(204)   Post Evacuate Collection Set: 0.3ms
[173.970s][info][gc,phases      ] GC(204)   Other: 0.2ms
[173.970s][info][gc,heap        ] GC(204) Eden regions: 193->0(183)
[173.970s][info][gc,heap        ] GC(204) Survivor regions: 10->15(26)
[173.970s][info][gc,heap        ] GC(204) Old regions: 238->238
[173.970s][info][gc,heap        ] GC(204) Archive regions: 2->2
[173.970s][info][gc,heap        ] GC(204) Humongous regions: 7->7
[173.970s][info][gc,metaspace   ] GC(204) Metaspace: 44045K(45264K)->44045K(45264K) NonClass: 38808K(39636K)->38808K(39636K) Class: 5236K(5628K)->5236K(5628K)
[173.970s][info][gc             ] GC(204) Pause Young (Normal) (G1 Evacuation Pause) 444M->255M(512M) 8.111ms
[173.970s][info][gc,cpu         ] GC(204) User=0.06s Sys=0.00s Real=0.01s
[174.665s][info][gc,start       ] GC(205) Pause Young (Concurrent Start) (G1 Evacuation Pause)
[174.665s][info][gc,task        ] GC(205) Using 8 workers of 8 for evacuation
[174.678s][info][gc,phases      ] GC(205)   Pre Evacuate Collection Set: 0.1ms
[174.678s][info][gc,phases      ] GC(205)   Merge Heap Roots: 0.1ms
[174.678s][info][gc,phases      ] GC(205)   Evacuate Collection Set: 11.9ms
[174.678s][info][gc,phases      ] GC(205)   Post Evacuate Collection Set: 0.3ms
[174.678s][info][gc,phases      ] GC(205)   Other: 0.2ms
[174.678s][info][gc,heap        ] GC(205) Eden regions: 183->0(178)
[174.678s][info][gc,heap        ] GC(205) Survivor regions: 15->15(25)
[174.678s][info][gc,heap        ] GC(205) Old regions: 238->243
[174.678s][info][gc,heap        ] GC(205) Archive regions: 2->2
[174.678s][info][gc,heap        ] GC(205) Humongous regions: 7->7
[174.678s][info][gc,metaspace   ] GC(205) Metaspace: 44046K(45264K)->44046K(45264K) NonClass: 38809K(39636K)->38809K(39636K) Class: 5236K(5628K)->5236K(5628K)
[174.678s][info][gc             ] GC(205) Pause Young (Concurrent Start) (G1 Evacuation Pause) 438M->260M(512M) 12.730ms
[174.678s][info][gc,cpu         ] GC(205) User=0.07s Sys=0.01s Real=0.01s
[174.678s][info][gc             ] GC(206) Concurrent Cycle
[174.678s][info][gc,marking     ] GC(206) Concurrent Clear Claimed Marks
[174.678s][info][gc,marking     ] GC(206) Concurrent Clear Claimed Marks 0.045ms
[174.678s][info][gc,marking     ] GC(206) Concurrent Scan Root Regions
[174.690s][info][gc,marking     ] GC(206) Concurrent Scan Root Regions 11.846ms
[174.690s][info][gc,marking     ] GC(206) Concurrent Mark (174.690s)
[174.690s][info][gc,marking     ] GC(206) Concurrent Mark From Roots
[174.690s][info][gc,task        ] GC(206) Using 2 workers of 2 for marking
[175.042s][info][gc,marking     ] GC(206) Concurrent Mark From Roots 352.217ms
[175.042s][info][gc,marking     ] GC(206) Concurrent Preclean
[175.042s][info][gc,marking     ] GC(206) Concurrent Preclean 0.095ms
[175.042s][info][gc,marking     ] GC(206) Concurrent Mark (174.690s, 175.042s) 352.397ms
[175.043s][info][gc,start       ] GC(206) Pause Remark
[175.044s][info][gc             ] GC(206) Pause Remark 331M->331M(512M) 1.624ms
[175.044s][info][gc,cpu         ] GC(206) User=0.01s Sys=0.00s Real=0.00s
[175.044s][info][gc,marking     ] GC(206) Concurrent Rebuild Remembered Sets
[175.252s][info][gc,marking     ] GC(206) Concurrent Rebuild Remembered Sets 207.672ms
[175.252s][info][gc,start       ] GC(206) Pause Cleanup
[175.252s][info][gc             ] GC(206) Pause Cleanup 379M->379M(512M) 0.180ms
[175.252s][info][gc,cpu         ] GC(206) User=0.00s Sys=0.00s Real=0.00s
[175.252s][info][gc,marking     ] GC(206) Concurrent Cleanup for Next Mark
[175.253s][info][gc,marking     ] GC(206) Concurrent Cleanup for Next Mark 0.778ms
[175.253s][info][gc             ] GC(206) Concurrent Cycle 575.184ms
[175.476s][info][gc,start       ] GC(207) Pause Young (Normal) (G1 Evacuation Pause)
[175.476s][info][gc,task        ] GC(207) Using 8 workers of 8 for evacuation
[175.486s][info][gc,phases      ] GC(207)   Pre Evacuate Collection Set: 0.1ms
[175.486s][info][gc,phases      ] GC(207)   Merge Heap Roots: 0.1ms
[175.486s][info][gc,phases      ] GC(207)   Evacuate Collection Set: 9.3ms
[175.486s][info][gc,phases      ] GC(207)   Post Evacuate Collection Set: 0.4ms
[175.486s][info][gc,phases      ] GC(207)   Other: 0.2ms
[175.486s][info][gc,heap        ] GC(207) Eden regions: 178->0(175)
[175.486s][info][gc,heap        ] GC(207) Survivor regions: 15->14(25)
[175.486s][info][gc,heap        ] GC(207) Old regions: 243->248
[175.486s][info][gc,heap        ] GC(207) Archive regions: 2->2
[175.486s][info][gc,heap        ] GC(207) Humongous regions: 7->7
[175.486s][info][gc,metaspace   ] GC(207) Metaspace: 44046K(45264K)->44046K(45264K) NonClass: 38809K(39636K)->38809K(39636K) Class: 5236K(5628K)->5236K(5628K)
[175.486s][info][gc             ] GC(207) Pause Young (Normal) (G1 Evacuation Pause) 438M->264M(512M) 10.101ms
[175.486s][info][gc,cpu         ] GC(207) User=0.07s Sys=0.00s Real=0.01s
[176.157s][info][gc,start       ] GC(208) Pause Young (Concurrent Start) (G1 Evacuation Pause)
[176.157s][info][gc,task        ] GC(208) Using 8 workers of 8 for evacuation
[176.166s][info][gc,phases      ] GC(208)   Pre Evacuate Collection Set: 0.1ms
[176.166s][info][gc,phases      ] GC(208)   Merge Heap Roots: 0.1ms
[176.166s][info][gc,phases      ] GC(208)   Evacuate Collection Set: 8.5ms
[176.166s][info][gc,phases      ] GC(208)   Post Evacuate Collection Set: 0.3ms
[176.166s][info][gc,phases      ] GC(208)   Other: 0.2ms
[176.166s][info][gc,heap        ] GC(208) Eden regions: 175->0(170)
[176.166s][info][gc,heap        ] GC(208) Survivor regions: 14->14(24)
[176.166s][info][gc,heap        ] GC(208) Old regions: 248->253
[176.166s][info][gc,heap        ] GC(208) Archive regions: 2->2
[176.166s][info][gc,heap        ] GC(208) Humongous regions: 7->7
[176.166s][info][gc,metaspace   ] GC(208) Metaspace: 44046K(45264K)->44046K(45264K) NonClass: 38809K(39636K)->38809K(39636K) Class: 5236K(5628K)->5236K(5628K)
[176.166s][info][gc             ] GC(208) Pause Young (Concurrent Start) (G1 Evacuation Pause) 439M->269M(512M) 9.286ms
[176.166s][info][gc,cpu         ] GC(208) User=0.07s Sys=0.00s Real=0.01s
[176.166s][info][gc             ] GC(209) Concurrent Cycle
[176.166s][info][gc,marking     ] GC(209) Concurrent Clear Claimed Marks
[176.166s][info][gc,marking     ] GC(209) Concurrent Clear Claimed Marks 0.044ms
[176.166s][info][gc,marking     ] GC(209) Concurrent Scan Root Regions
[176.176s][info][gc,marking     ] GC(209) Concurrent Scan Root Regions 9.756ms
[176.176s][info][gc,marking     ] GC(209) Concurrent Mark (176.176s)
[176.176s][info][gc,marking     ] GC(209) Concurrent Mark From Roots
[176.176s][info][gc,task        ] GC(209) Using 2 workers of 2 for marking
[176.524s][info][gc,marking     ] GC(209) Concurrent Mark From Roots 348.597ms
[176.524s][info][gc,marking     ] GC(209) Concurrent Preclean
[176.525s][info][gc,marking     ] GC(209) Concurrent Preclean 0.066ms
[176.525s][info][gc,marking     ] GC(209) Concurrent Mark (176.176s, 176.525s) 348.733ms
[176.525s][info][gc,start       ] GC(209) Pause Remark
[176.526s][info][gc             ] GC(209) Pause Remark 340M->340M(512M) 1.593ms
[176.526s][info][gc,cpu         ] GC(209) User=0.01s Sys=0.00s Real=0.01s
[176.526s][info][gc,marking     ] GC(209) Concurrent Rebuild Remembered Sets
[176.743s][info][gc,marking     ] GC(209) Concurrent Rebuild Remembered Sets 216.537ms
[176.743s][info][gc,start       ] GC(209) Pause Cleanup
[176.743s][info][gc             ] GC(209) Pause Cleanup 387M->387M(512M) 0.170ms
[176.743s][info][gc,cpu         ] GC(209) User=0.00s Sys=0.00s Real=0.00s
[176.743s][info][gc,marking     ] GC(209) Concurrent Cleanup for Next Mark
[176.744s][info][gc,marking     ] GC(209) Concurrent Cleanup for Next Mark 0.699ms
[176.744s][info][gc             ] GC(209) Concurrent Cycle 578.159ms
[176.950s][info][gc,start       ] GC(210) Pause Young (Normal) (G1 Evacuation Pause)
[176.950s][info][gc,task        ] GC(210) Using 8 workers of 8 for evacuation
[176.959s][info][gc,phases      ] GC(210)   Pre Evacuate Collection Set: 0.1ms
[176.959s][info][gc,phases      ] GC(210)   Merge Heap Roots: 0.1ms
[176.959s][info][gc,phases      ] GC(210)   Evacuate Collection Set: 8.7ms
[176.959s][info][gc,phases      ] GC(210)   Post Evacuate Collection Set: 0.3ms
[176.959s][info][gc,phases      ] GC(210)   Other: 0.2ms
[176.959s][info][gc,heap        ] GC(210) Eden regions: 170->0(167)
[176.959s][info][gc,heap        ] GC(210) Survivor regions: 14->13(23)
[176.959s][info][gc,heap        ] GC(210) Old regions: 253->258
[176.959s][info][gc,heap        ] GC(210) Archive regions: 2->2
[176.959s][info][gc,heap        ] GC(210) Humongous regions: 7->7
[176.959s][info][gc,metaspace   ] GC(210) Metaspace: 44048K(45264K)->44048K(45264K) NonClass: 38811K(39636K)->38811K(39636K) Class: 5237K(5628K)->5237K(5628K)
[176.959s][info][gc             ] GC(210) Pause Young (Normal) (G1 Evacuation Pause) 439M->273M(512M) 9.437ms
[176.959s][info][gc,cpu         ] GC(210) User=0.07s Sys=0.00s Real=0.01s
[177.731s][info][gc,start       ] GC(211) Pause Young (Concurrent Start) (G1 Evacuation Pause)
[177.731s][info][gc,task        ] GC(211) Using 8 workers of 8 for evacuation
[177.740s][info][gc,phases      ] GC(211)   Pre Evacuate Collection Set: 0.1ms
[177.740s][info][gc,phases      ] GC(211)   Merge Heap Roots: 0.1ms
[177.740s][info][gc,phases      ] GC(211)   Evacuate Collection Set: 8.8ms
[177.740s][info][gc,phases      ] GC(211)   Post Evacuate Collection Set: 0.4ms
[177.740s][info][gc,phases      ] GC(211)   Other: 0.2ms
[177.740s][info][gc,heap        ] GC(211) Eden regions: 167->0(163)
[177.740s][info][gc,heap        ] GC(211) Survivor regions: 13->13(23)
[177.740s][info][gc,heap        ] GC(211) Old regions: 258->262
[177.740s][info][gc,heap        ] GC(211) Archive regions: 2->2
[177.740s][info][gc,heap        ] GC(211) Humongous regions: 7->7
[177.740s][info][gc,metaspace   ] GC(211) Metaspace: 44048K(45264K)->44048K(45264K) NonClass: 38811K(39636K)->38811K(39636K) Class: 5237K(5628K)->5237K(5628K)
[177.740s][info][gc             ] GC(211) Pause Young (Concurrent Start) (G1 Evacuation Pause) 440M->277M(512M) 9.653ms
[177.741s][info][gc,cpu         ] GC(211) User=0.07s Sys=0.00s Real=0.01s
[177.741s][info][gc             ] GC(212) Concurrent Cycle
[177.741s][info][gc,marking     ] GC(212) Concurrent Clear Claimed Marks
[177.741s][info][gc,marking     ] GC(212) Concurrent Clear Claimed Marks 0.030ms
[177.741s][info][gc,marking     ] GC(212) Concurrent Scan Root Regions
[177.749s][info][gc,marking     ] GC(212) Concurrent Scan Root Regions 8.394ms
[177.749s][info][gc,marking     ] GC(212) Concurrent Mark (177.749s)
[177.749s][info][gc,marking     ] GC(212) Concurrent Mark From Roots
[177.749s][info][gc,task        ] GC(212) Using 2 workers of 2 for marking
[178.107s][info][gc,marking     ] GC(212) Concurrent Mark From Roots 357.515ms
[178.107s][info][gc,marking     ] GC(212) Concurrent Preclean
[178.107s][info][gc,marking     ] GC(212) Concurrent Preclean 0.088ms
[178.107s][info][gc,marking     ] GC(212) Concurrent Mark (177.749s, 178.107s) 357.675ms
[178.107s][info][gc,start       ] GC(212) Pause Remark
[178.108s][info][gc             ] GC(212) Pause Remark 352M->352M(512M) 1.671ms
[178.109s][info][gc,cpu         ] GC(212) User=0.01s Sys=0.00s Real=0.00s
[178.109s][info][gc,marking     ] GC(212) Concurrent Rebuild Remembered Sets
[178.337s][info][gc,marking     ] GC(212) Concurrent Rebuild Remembered Sets 228.785ms
[178.338s][info][gc,start       ] GC(212) Pause Cleanup
[178.338s][info][gc             ] GC(212) Pause Cleanup 405M->405M(512M) 0.167ms
[178.338s][info][gc,cpu         ] GC(212) User=0.00s Sys=0.00s Real=0.00s
[178.338s][info][gc,marking     ] GC(212) Concurrent Cleanup for Next Mark
[178.339s][info][gc,marking     ] GC(212) Concurrent Cleanup for Next Mark 0.832ms
[178.339s][info][gc             ] GC(212) Concurrent Cycle 598.144ms
[178.475s][info][gc,start       ] GC(213) Pause Young (Normal) (G1 Evacuation Pause)
[178.475s][info][gc,task        ] GC(213) Using 8 workers of 8 for evacuation
[178.484s][info][gc,phases      ] GC(213)   Pre Evacuate Collection Set: 0.1ms
[178.484s][info][gc,phases      ] GC(213)   Merge Heap Roots: 0.1ms
[178.484s][info][gc,phases      ] GC(213)   Evacuate Collection Set: 8.3ms
[178.484s][info][gc,phases      ] GC(213)   Post Evacuate Collection Set: 0.4ms
[178.484s][info][gc,phases      ] GC(213)   Other: 0.2ms
[178.484s][info][gc,heap        ] GC(213) Eden regions: 163->0(159)
[178.484s][info][gc,heap        ] GC(213) Survivor regions: 13->13(22)
[178.484s][info][gc,heap        ] GC(213) Old regions: 262->266
[178.484s][info][gc,heap        ] GC(213) Archive regions: 2->2
[178.484s][info][gc,heap        ] GC(213) Humongous regions: 7->7
[178.484s][info][gc,metaspace   ] GC(213) Metaspace: 44059K(45520K)->44059K(45520K) NonClass: 38822K(39892K)->38822K(39892K) Class: 5237K(5628K)->5237K(5628K)
[178.484s][info][gc             ] GC(213) Pause Young (Normal) (G1 Evacuation Pause) 440M->281M(512M) 9.023ms
[178.484s][info][gc,cpu         ] GC(213) User=0.06s Sys=0.00s Real=0.00s
[179.072s][info][gc,start       ] GC(214) Pause Young (Concurrent Start) (G1 Evacuation Pause)
[179.072s][info][gc,task        ] GC(214) Using 8 workers of 8 for evacuation
[179.081s][info][gc,phases      ] GC(214)   Pre Evacuate Collection Set: 0.1ms
[179.081s][info][gc,phases      ] GC(214)   Merge Heap Roots: 0.1ms
[179.081s][info][gc,phases      ] GC(214)   Evacuate Collection Set: 7.9ms
[179.081s][info][gc,phases      ] GC(214)   Post Evacuate Collection Set: 0.3ms
[179.081s][info][gc,phases      ] GC(214)   Other: 0.2ms
[179.081s][info][gc,heap        ] GC(214) Eden regions: 159->0(157)
[179.081s][info][gc,heap        ] GC(214) Survivor regions: 13->12(22)
[179.081s][info][gc,heap        ] GC(214) Old regions: 266->270
[179.081s][info][gc,heap        ] GC(214) Archive regions: 2->2
[179.081s][info][gc,heap        ] GC(214) Humongous regions: 7->7
[179.081s][info][gc,metaspace   ] GC(214) Metaspace: 44059K(45520K)->44059K(45520K) NonClass: 38822K(39892K)->38822K(39892K) Class: 5237K(5628K)->5237K(5628K)
[179.081s][info][gc             ] GC(214) Pause Young (Concurrent Start) (G1 Evacuation Pause) 440M->285M(512M) 8.694ms
[179.081s][info][gc,cpu         ] GC(214) User=0.07s Sys=0.00s Real=0.01s
[179.081s][info][gc             ] GC(215) Concurrent Cycle
[179.081s][info][gc,marking     ] GC(215) Concurrent Clear Claimed Marks
[179.081s][info][gc,marking     ] GC(215) Concurrent Clear Claimed Marks 0.033ms
[179.081s][info][gc,marking     ] GC(215) Concurrent Scan Root Regions
[179.090s][info][gc,marking     ] GC(215) Concurrent Scan Root Regions 8.762ms
[179.090s][info][gc,marking     ] GC(215) Concurrent Mark (179.090s)
[179.090s][info][gc,marking     ] GC(215) Concurrent Mark From Roots
[179.090s][info][gc,task        ] GC(215) Using 2 workers of 2 for marking
[179.454s][info][gc,marking     ] GC(215) Concurrent Mark From Roots 364.268ms
[179.454s][info][gc,marking     ] GC(215) Concurrent Preclean
[179.454s][info][gc,marking     ] GC(215) Concurrent Preclean 0.088ms
[179.454s][info][gc,marking     ] GC(215) Concurrent Mark (179.090s, 179.454s) 364.425ms
[179.454s][info][gc,start       ] GC(215) Pause Remark
[179.456s][info][gc             ] GC(215) Pause Remark 355M->355M(512M) 1.646ms
[179.456s][info][gc,cpu         ] GC(215) User=0.01s Sys=0.00s Real=0.01s
[179.456s][info][gc,marking     ] GC(215) Concurrent Rebuild Remembered Sets
[179.692s][info][gc,marking     ] GC(215) Concurrent Rebuild Remembered Sets 235.653ms
[179.692s][info][gc,start       ] GC(215) Pause Cleanup
[179.692s][info][gc             ] GC(215) Pause Cleanup 408M->408M(512M) 0.198ms
[179.692s][info][gc,cpu         ] GC(215) User=0.01s Sys=0.00s Real=0.00s
[179.692s][info][gc,marking     ] GC(215) Concurrent Cleanup for Next Mark
[179.693s][info][gc,marking     ] GC(215) Concurrent Cleanup for Next Mark 0.830ms
[179.693s][info][gc             ] GC(215) Concurrent Cycle 612.113ms
[179.810s][info][gc,start       ] GC(216) Pause Young (Normal) (G1 Evacuation Pause)
[179.810s][info][gc,task        ] GC(216) Using 8 workers of 8 for evacuation
[179.819s][info][gc,phases      ] GC(216)   Pre Evacuate Collection Set: 0.1ms
[179.819s][info][gc,phases      ] GC(216)   Merge Heap Roots: 0.1ms
[179.819s][info][gc,phases      ] GC(216)   Evacuate Collection Set: 8.2ms
[179.819s][info][gc,phases      ] GC(216)   Post Evacuate Collection Set: 0.3ms
[179.819s][info][gc,phases      ] GC(216)   Other: 0.2ms
[179.819s][info][gc,heap        ] GC(216) Eden regions: 157->0(152)
[179.819s][info][gc,heap        ] GC(216) Survivor regions: 12->12(22)
[179.819s][info][gc,heap        ] GC(216) Old regions: 270->275
[179.819s][info][gc,heap        ] GC(216) Archive regions: 2->2
[179.819s][info][gc,heap        ] GC(216) Humongous regions: 7->7
[179.819s][info][gc,metaspace   ] GC(216) Metaspace: 44060K(45520K)->44060K(45520K) NonClass: 38823K(39892K)->38823K(39892K) Class: 5237K(5628K)->5237K(5628K)
[179.819s][info][gc             ] GC(216) Pause Young (Normal) (G1 Evacuation Pause) 442M->289M(512M) 8.987ms
[179.819s][info][gc,cpu         ] GC(216) User=0.07s Sys=0.00s Real=0.01s
[180.362s][info][gc,start       ] GC(217) Pause Young (Concurrent Start) (G1 Evacuation Pause)
[180.362s][info][gc,task        ] GC(217) Using 8 workers of 8 for evacuation
[180.371s][info][gc,phases      ] GC(217)   Pre Evacuate Collection Set: 0.1ms
[180.371s][info][gc,phases      ] GC(217)   Merge Heap Roots: 0.1ms
[180.371s][info][gc,phases      ] GC(217)   Evacuate Collection Set: 7.8ms
[180.371s][info][gc,phases      ] GC(217)   Post Evacuate Collection Set: 0.3ms
[180.371s][info][gc,phases      ] GC(217)   Other: 0.2ms
[180.371s][info][gc,heap        ] GC(217) Eden regions: 152->0(148)
[180.371s][info][gc,heap        ] GC(217) Survivor regions: 12->12(21)
[180.371s][info][gc,heap        ] GC(217) Old regions: 275->279
[180.371s][info][gc,heap        ] GC(217) Archive regions: 2->2
[180.371s][info][gc,heap        ] GC(217) Humongous regions: 7->7
[180.371s][info][gc,metaspace   ] GC(217) Metaspace: 44060K(45520K)->44060K(45520K) NonClass: 38823K(39892K)->38823K(39892K) Class: 5237K(5628K)->5237K(5628K)
[180.371s][info][gc             ] GC(217) Pause Young (Concurrent Start) (G1 Evacuation Pause) 441M->293M(512M) 8.489ms
[180.371s][info][gc,cpu         ] GC(217) User=0.07s Sys=0.00s Real=0.01s
[180.371s][info][gc             ] GC(218) Concurrent Cycle
[180.371s][info][gc,marking     ] GC(218) Concurrent Clear Claimed Marks
[180.371s][info][gc,marking     ] GC(218) Concurrent Clear Claimed Marks 0.029ms
[180.371s][info][gc,marking     ] GC(218) Concurrent Scan Root Regions
[180.381s][info][gc,marking     ] GC(218) Concurrent Scan Root Regions 10.424ms
[180.381s][info][gc,marking     ] GC(218) Concurrent Mark (180.381s)
[180.381s][info][gc,marking     ] GC(218) Concurrent Mark From Roots
[180.381s][info][gc,task        ] GC(218) Using 2 workers of 2 for marking
[180.725s][info][gc,marking     ] GC(218) Concurrent Mark From Roots 343.703ms
[180.725s][info][gc,marking     ] GC(218) Concurrent Preclean
[180.725s][info][gc,marking     ] GC(218) Concurrent Preclean 0.076ms
[180.725s][info][gc,marking     ] GC(218) Concurrent Mark (180.381s, 180.725s) 343.843ms
[180.725s][info][gc,start       ] GC(218) Pause Remark
[180.727s][info][gc             ] GC(218) Pause Remark 347M->347M(512M) 1.667ms
[180.727s][info][gc,cpu         ] GC(218) User=0.01s Sys=0.00s Real=0.00s
[180.727s][info][gc,marking     ] GC(218) Concurrent Rebuild Remembered Sets
[180.966s][info][gc,marking     ] GC(218) Concurrent Rebuild Remembered Sets 238.745ms
[180.966s][info][gc,start       ] GC(218) Pause Cleanup
[180.966s][info][gc             ] GC(218) Pause Cleanup 400M->400M(512M) 0.174ms
[180.966s][info][gc,cpu         ] GC(218) User=0.00s Sys=0.00s Real=0.00s
[180.966s][info][gc,marking     ] GC(218) Concurrent Cleanup for Next Mark
[180.967s][info][gc,marking     ] GC(218) Concurrent Cleanup for Next Mark 1.018ms
[180.967s][info][gc             ] GC(218) Concurrent Cycle 596.492ms
[181.116s][info][gc,start       ] GC(219) Pause Young (Normal) (G1 Evacuation Pause)
[181.116s][info][gc,task        ] GC(219) Using 8 workers of 8 for evacuation
[181.124s][info][gc,phases      ] GC(219)   Pre Evacuate Collection Set: 0.1ms
[181.124s][info][gc,phases      ] GC(219)   Merge Heap Roots: 0.0ms
[181.124s][info][gc,phases      ] GC(219)   Evacuate Collection Set: 7.6ms
[181.124s][info][gc,phases      ] GC(219)   Post Evacuate Collection Set: 0.3ms
[181.124s][info][gc,phases      ] GC(219)   Other: 0.2ms
[181.124s][info][gc,heap        ] GC(219) Eden regions: 148->0(145)
[181.124s][info][gc,heap        ] GC(219) Survivor regions: 12->12(20)
[181.124s][info][gc,heap        ] GC(219) Old regions: 279->282
[181.124s][info][gc,heap        ] GC(219) Archive regions: 2->2
[181.124s][info][gc,heap        ] GC(219) Humongous regions: 7->7
[181.124s][info][gc,metaspace   ] GC(219) Metaspace: 44060K(45520K)->44060K(45520K) NonClass: 38823K(39892K)->38823K(39892K) Class: 5237K(5628K)->5237K(5628K)
[181.124s][info][gc             ] GC(219) Pause Young (Normal) (G1 Evacuation Pause) 441M->296M(512M) 8.324ms
[181.124s][info][gc,cpu         ] GC(219) User=0.06s Sys=0.00s Real=0.00s
[181.720s][info][gc,start       ] GC(220) Pause Young (Concurrent Start) (G1 Evacuation Pause)
[181.720s][info][gc,task        ] GC(220) Using 8 workers of 8 for evacuation
[181.728s][info][gc,phases      ] GC(220)   Pre Evacuate Collection Set: 0.1ms
[181.728s][info][gc,phases      ] GC(220)   Merge Heap Roots: 0.1ms
[181.728s][info][gc,phases      ] GC(220)   Evacuate Collection Set: 7.6ms
[181.728s][info][gc,phases      ] GC(220)   Post Evacuate Collection Set: 0.4ms
[181.728s][info][gc,phases      ] GC(220)   Other: 0.2ms
[181.728s][info][gc,heap        ] GC(220) Eden regions: 145->0(143)
[181.728s][info][gc,heap        ] GC(220) Survivor regions: 12->11(20)
[181.728s][info][gc,heap        ] GC(220) Old regions: 282->286
[181.728s][info][gc,heap        ] GC(220) Archive regions: 2->2
[181.728s][info][gc,heap        ] GC(220) Humongous regions: 7->7
[181.728s][info][gc,metaspace   ] GC(220) Metaspace: 44060K(45520K)->44060K(45520K) NonClass: 38823K(39892K)->38823K(39892K) Class: 5237K(5628K)->5237K(5628K)
[181.728s][info][gc             ] GC(220) Pause Young (Concurrent Start) (G1 Evacuation Pause) 441M->300M(512M) 8.367ms
[181.729s][info][gc,cpu         ] GC(220) User=0.06s Sys=0.00s Real=0.01s
[181.729s][info][gc             ] GC(221) Concurrent Cycle
[181.729s][info][gc,marking     ] GC(221) Concurrent Clear Claimed Marks
[181.729s][info][gc,marking     ] GC(221) Concurrent Clear Claimed Marks 0.037ms
[181.729s][info][gc,marking     ] GC(221) Concurrent Scan Root Regions
[181.738s][info][gc,marking     ] GC(221) Concurrent Scan Root Regions 9.817ms
[181.738s][info][gc,marking     ] GC(221) Concurrent Mark (181.738s)
[181.739s][info][gc,marking     ] GC(221) Concurrent Mark From Roots
[181.739s][info][gc,task        ] GC(221) Using 2 workers of 2 for marking
[182.256s][info][gc,marking     ] GC(221) Concurrent Mark From Roots 517.652ms
[182.256s][info][gc,marking     ] GC(221) Concurrent Preclean
[182.256s][info][gc,marking     ] GC(221) Concurrent Preclean 0.105ms
[182.256s][info][gc,marking     ] GC(221) Concurrent Mark (181.738s, 182.256s) 517.853ms
[182.257s][info][gc,start       ] GC(221) Pause Remark
[182.259s][info][gc             ] GC(221) Pause Remark 385M->385M(512M) 2.020ms
[182.259s][info][gc,cpu         ] GC(221) User=0.02s Sys=0.00s Real=0.00s
[182.259s][info][gc,marking     ] GC(221) Concurrent Rebuild Remembered Sets
[182.516s][info][gc,marking     ] GC(221) Concurrent Rebuild Remembered Sets 257.711ms
[182.517s][info][gc,start       ] GC(221) Pause Cleanup
[182.517s][info][gc             ] GC(221) Pause Cleanup 432M->432M(512M) 0.232ms
[182.517s][info][gc,cpu         ] GC(221) User=0.00s Sys=0.00s Real=0.00s
[182.517s][info][gc,marking     ] GC(221) Concurrent Cleanup for Next Mark
[182.518s][info][gc,marking     ] GC(221) Concurrent Cleanup for Next Mark 0.967ms
[182.518s][info][gc             ] GC(221) Concurrent Cycle 789.315ms
[182.582s][info][gc,start       ] GC(222) Pause Young (Normal) (G1 Evacuation Pause)
[182.582s][info][gc,task        ] GC(222) Using 8 workers of 8 for evacuation
[182.590s][info][gc,phases      ] GC(222)   Pre Evacuate Collection Set: 0.1ms
[182.590s][info][gc,phases      ] GC(222)   Merge Heap Roots: 0.1ms
[182.590s][info][gc,phases      ] GC(222)   Evacuate Collection Set: 7.7ms
[182.590s][info][gc,phases      ] GC(222)   Post Evacuate Collection Set: 0.3ms
[182.590s][info][gc,phases      ] GC(222)   Other: 0.2ms
[182.590s][info][gc,heap        ] GC(222) Eden regions: 143->0(137)
[182.590s][info][gc,heap        ] GC(222) Survivor regions: 11->12(20)
[182.590s][info][gc,heap        ] GC(222) Old regions: 286->290
[182.590s][info][gc,heap        ] GC(222) Archive regions: 2->2
[182.590s][info][gc,heap        ] GC(222) Humongous regions: 7->7
[182.590s][info][gc,metaspace   ] GC(222) Metaspace: 44067K(45520K)->44067K(45520K) NonClass: 38829K(39892K)->38829K(39892K) Class: 5238K(5628K)->5238K(5628K)
[182.590s][info][gc             ] GC(222) Pause Young (Normal) (G1 Evacuation Pause) 443M->304M(512M) 8.355ms
[182.590s][info][gc,cpu         ] GC(222) User=0.06s Sys=0.00s Real=0.01s
[183.141s][info][gc,start       ] GC(223) Pause Young (Concurrent Start) (G1 Evacuation Pause)
[183.141s][info][gc,task        ] GC(223) Using 8 workers of 8 for evacuation
[183.149s][info][gc,phases      ] GC(223)   Pre Evacuate Collection Set: 0.1ms
[183.149s][info][gc,phases      ] GC(223)   Merge Heap Roots: 0.1ms
[183.149s][info][gc,phases      ] GC(223)   Evacuate Collection Set: 7.2ms
[183.149s][info][gc,phases      ] GC(223)   Post Evacuate Collection Set: 0.3ms
[183.149s][info][gc,phases      ] GC(223)   Other: 0.2ms
[183.149s][info][gc,heap        ] GC(223) Eden regions: 137->0(133)
[183.149s][info][gc,heap        ] GC(223) Survivor regions: 12->12(19)
[183.149s][info][gc,heap        ] GC(223) Old regions: 290->294
[183.149s][info][gc,heap        ] GC(223) Archive regions: 2->2
[183.149s][info][gc,heap        ] GC(223) Humongous regions: 7->7
[183.149s][info][gc,metaspace   ] GC(223) Metaspace: 44068K(45520K)->44068K(45520K) NonClass: 38829K(39892K)->38829K(39892K) Class: 5238K(5628K)->5238K(5628K)
[183.149s][info][gc             ] GC(223) Pause Young (Concurrent Start) (G1 Evacuation Pause) 441M->307M(512M) 7.881ms
[183.149s][info][gc,cpu         ] GC(223) User=0.06s Sys=0.00s Real=0.01s
[183.149s][info][gc             ] GC(224) Concurrent Cycle
[183.149s][info][gc,marking     ] GC(224) Concurrent Clear Claimed Marks
[183.149s][info][gc,marking     ] GC(224) Concurrent Clear Claimed Marks 0.032ms
[183.149s][info][gc,marking     ] GC(224) Concurrent Scan Root Regions
[183.157s][info][gc,marking     ] GC(224) Concurrent Scan Root Regions 8.096ms
[183.157s][info][gc,marking     ] GC(224) Concurrent Mark (183.157s)
[183.157s][info][gc,marking     ] GC(224) Concurrent Mark From Roots
[183.157s][info][gc,task        ] GC(224) Using 2 workers of 2 for marking
[183.598s][info][gc,marking     ] GC(224) Concurrent Mark From Roots 440.824ms
[183.598s][info][gc,marking     ] GC(224) Concurrent Preclean
[183.598s][info][gc,marking     ] GC(224) Concurrent Preclean 0.094ms
[183.598s][info][gc,marking     ] GC(224) Concurrent Mark (183.157s, 183.598s) 440.983ms
[183.599s][info][gc,start       ] GC(224) Pause Remark
[183.602s][info][gc             ] GC(224) Pause Remark 393M->393M(512M) 3.617ms
[183.602s][info][gc,cpu         ] GC(224) User=0.01s Sys=0.00s Real=0.00s
[183.602s][info][gc,marking     ] GC(224) Concurrent Rebuild Remembered Sets
[183.895s][info][gc,marking     ] GC(224) Concurrent Rebuild Remembered Sets 292.456ms
[183.895s][info][gc,start       ] GC(224) Pause Cleanup
[183.895s][info][gc             ] GC(224) Pause Cleanup 440M->440M(512M) 0.199ms
[183.895s][info][gc,cpu         ] GC(224) User=0.00s Sys=0.00s Real=0.00s
[183.895s][info][gc,marking     ] GC(224) Concurrent Cleanup for Next Mark
[183.896s][info][gc,marking     ] GC(224) Concurrent Cleanup for Next Mark 0.823ms
[183.896s][info][gc             ] GC(224) Concurrent Cycle 747.188ms
[183.898s][info][gc,start       ] GC(225) Pause Young (Normal) (G1 Evacuation Pause)
[183.898s][info][gc,task        ] GC(225) Using 8 workers of 8 for evacuation
[183.906s][info][gc,phases      ] GC(225)   Pre Evacuate Collection Set: 0.1ms
[183.906s][info][gc,phases      ] GC(225)   Merge Heap Roots: 0.1ms
[183.906s][info][gc,phases      ] GC(225)   Evacuate Collection Set: 7.4ms
[183.906s][info][gc,phases      ] GC(225)   Post Evacuate Collection Set: 0.3ms
[183.906s][info][gc,phases      ] GC(225)   Other: 0.1ms
[183.906s][info][gc,heap        ] GC(225) Eden regions: 133->0(132)
[183.906s][info][gc,heap        ] GC(225) Survivor regions: 12->11(19)
[183.906s][info][gc,heap        ] GC(225) Old regions: 294->297
[183.906s][info][gc,heap        ] GC(225) Archive regions: 2->2
[183.906s][info][gc,heap        ] GC(225) Humongous regions: 7->7
[183.906s][info][gc,metaspace   ] GC(225) Metaspace: 44068K(45520K)->44068K(45520K) NonClass: 38829K(39892K)->38829K(39892K) Class: 5238K(5628K)->5238K(5628K)
[183.906s][info][gc             ] GC(225) Pause Young (Normal) (G1 Evacuation Pause) 440M->310M(512M) 8.079ms
[183.906s][info][gc,cpu         ] GC(225) User=0.06s Sys=0.00s Real=0.01s
[184.407s][info][gc,start       ] GC(226) Pause Young (Concurrent Start) (G1 Evacuation Pause)
[184.407s][info][gc,task        ] GC(226) Using 8 workers of 8 for evacuation
[184.415s][info][gc,phases      ] GC(226)   Pre Evacuate Collection Set: 0.1ms
[184.415s][info][gc,phases      ] GC(226)   Merge Heap Roots: 0.1ms
[184.415s][info][gc,phases      ] GC(226)   Evacuate Collection Set: 7.1ms
[184.415s][info][gc,phases      ] GC(226)   Post Evacuate Collection Set: 0.3ms
[184.415s][info][gc,phases      ] GC(226)   Other: 0.2ms
[184.415s][info][gc,heap        ] GC(226) Eden regions: 132->0(130)
[184.415s][info][gc,heap        ] GC(226) Survivor regions: 11->10(18)
[184.415s][info][gc,heap        ] GC(226) Old regions: 297->301
[184.415s][info][gc,heap        ] GC(226) Archive regions: 2->2
[184.415s][info][gc,heap        ] GC(226) Humongous regions: 7->7
[184.415s][info][gc,metaspace   ] GC(226) Metaspace: 44068K(45520K)->44068K(45520K) NonClass: 38829K(39892K)->38829K(39892K) Class: 5238K(5628K)->5238K(5628K)
[184.415s][info][gc             ] GC(226) Pause Young (Concurrent Start) (G1 Evacuation Pause) 442M->313M(512M) 7.825ms
[184.415s][info][gc,cpu         ] GC(226) User=0.06s Sys=0.00s Real=0.01s
[184.415s][info][gc             ] GC(227) Concurrent Cycle
[184.415s][info][gc,marking     ] GC(227) Concurrent Clear Claimed Marks
[184.415s][info][gc,marking     ] GC(227) Concurrent Clear Claimed Marks 0.040ms
[184.415s][info][gc,marking     ] GC(227) Concurrent Scan Root Regions
[184.423s][info][gc,marking     ] GC(227) Concurrent Scan Root Regions 8.052ms
[184.423s][info][gc,marking     ] GC(227) Concurrent Mark (184.423s)
[184.423s][info][gc,marking     ] GC(227) Concurrent Mark From Roots
[184.423s][info][gc,task        ] GC(227) Using 2 workers of 2 for marking
[184.895s][info][gc,marking     ] GC(227) Concurrent Mark From Roots 471.338ms
[184.895s][info][gc,marking     ] GC(227) Concurrent Preclean
[184.895s][info][gc,marking     ] GC(227) Concurrent Preclean 0.066ms
[184.895s][info][gc,marking     ] GC(227) Concurrent Mark (184.423s, 184.895s) 471.460ms
[184.895s][info][gc,start       ] GC(227) Pause Remark
[184.897s][info][gc             ] GC(227) Pause Remark 405M->405M(512M) 1.635ms
[184.897s][info][gc,cpu         ] GC(227) User=0.01s Sys=0.00s Real=0.00s
[184.897s][info][gc,marking     ] GC(227) Concurrent Rebuild Remembered Sets
[185.067s][info][gc,start       ] GC(228) Pause Young (Normal) (G1 Evacuation Pause)
[185.067s][info][gc,task        ] GC(228) Using 8 workers of 8 for evacuation
[185.074s][info][gc,phases      ] GC(228)   Pre Evacuate Collection Set: 0.1ms
[185.074s][info][gc,phases      ] GC(228)   Merge Heap Roots: 0.1ms
[185.074s][info][gc,phases      ] GC(228)   Evacuate Collection Set: 6.8ms
[185.074s][info][gc,phases      ] GC(228)   Post Evacuate Collection Set: 0.4ms
[185.074s][info][gc,phases      ] GC(228)   Other: 0.2ms
[185.074s][info][gc,heap        ] GC(228) Eden regions: 130->0(127)
[185.074s][info][gc,heap        ] GC(228) Survivor regions: 10->10(18)
[185.074s][info][gc,heap        ] GC(228) Old regions: 301->304
[185.074s][info][gc,heap        ] GC(228) Archive regions: 2->2
[185.074s][info][gc,heap        ] GC(228) Humongous regions: 7->7
[185.074s][info][gc,metaspace   ] GC(228) Metaspace: 44068K(45520K)->44068K(45520K) NonClass: 38829K(39892K)->38829K(39892K) Class: 5238K(5628K)->5238K(5628K)
[185.074s][info][gc             ] GC(228) Pause Young (Normal) (G1 Evacuation Pause) 443M->317M(512M) 7.540ms
[185.074s][info][gc,cpu         ] GC(228) User=0.05s Sys=0.01s Real=0.00s
[185.167s][info][gc,marking     ] GC(227) Concurrent Rebuild Remembered Sets 270.220ms
[185.167s][info][gc,start       ] GC(227) Pause Cleanup
[185.167s][info][gc             ] GC(227) Pause Cleanup 339M->339M(512M) 0.223ms
[185.167s][info][gc,cpu         ] GC(227) User=0.01s Sys=0.00s Real=0.00s
[185.167s][info][gc,marking     ] GC(227) Concurrent Cleanup for Next Mark
[185.168s][info][gc,marking     ] GC(227) Concurrent Cleanup for Next Mark 0.875ms
[185.168s][info][gc             ] GC(227) Concurrent Cycle 753.170ms
[185.557s][info][gc,start       ] GC(229) Pause Young (Normal) (G1 Evacuation Pause)
[185.557s][info][gc,task        ] GC(229) Using 8 workers of 8 for evacuation
[185.565s][info][gc,phases      ] GC(229)   Pre Evacuate Collection Set: 0.1ms
[185.565s][info][gc,phases      ] GC(229)   Merge Heap Roots: 0.1ms
[185.565s][info][gc,phases      ] GC(229)   Evacuate Collection Set: 7.4ms
[185.565s][info][gc,phases      ] GC(229)   Post Evacuate Collection Set: 0.3ms
[185.565s][info][gc,phases      ] GC(229)   Other: 0.2ms
[185.565s][info][gc,heap        ] GC(229) Eden regions: 127->0(123)
[185.565s][info][gc,heap        ] GC(229) Survivor regions: 10->10(18)
[185.565s][info][gc,heap        ] GC(229) Old regions: 304->308
[185.565s][info][gc,heap        ] GC(229) Archive regions: 2->2
[185.565s][info][gc,heap        ] GC(229) Humongous regions: 7->7
[185.565s][info][gc,metaspace   ] GC(229) Metaspace: 44068K(45520K)->44068K(45520K) NonClass: 38829K(39892K)->38829K(39892K) Class: 5238K(5628K)->5238K(5628K)
[185.565s][info][gc             ] GC(229) Pause Young (Normal) (G1 Evacuation Pause) 444M->320M(512M) 8.063ms
[185.565s][info][gc,cpu         ] GC(229) User=0.05s Sys=0.00s Real=0.01s
[186.023s][info][gc,start       ] GC(230) Pause Young (Concurrent Start) (G1 Evacuation Pause)
[186.023s][info][gc,task        ] GC(230) Using 8 workers of 8 for evacuation
[186.031s][info][gc,phases      ] GC(230)   Pre Evacuate Collection Set: 0.1ms
[186.031s][info][gc,phases      ] GC(230)   Merge Heap Roots: 0.1ms
[186.031s][info][gc,phases      ] GC(230)   Evacuate Collection Set: 6.6ms
[186.031s][info][gc,phases      ] GC(230)   Post Evacuate Collection Set: 0.3ms
[186.031s][info][gc,phases      ] GC(230)   Other: 0.2ms
[186.031s][info][gc,heap        ] GC(230) Eden regions: 123->0(120)
[186.031s][info][gc,heap        ] GC(230) Survivor regions: 10->10(17)
[186.031s][info][gc,heap        ] GC(230) Old regions: 308->311
[186.031s][info][gc,heap        ] GC(230) Archive regions: 2->2
[186.031s][info][gc,heap        ] GC(230) Humongous regions: 7->7
[186.031s][info][gc,metaspace   ] GC(230) Metaspace: 44068K(45520K)->44068K(45520K) NonClass: 38829K(39892K)->38829K(39892K) Class: 5238K(5628K)->5238K(5628K)
[186.031s][info][gc             ] GC(230) Pause Young (Concurrent Start) (G1 Evacuation Pause) 443M->323M(512M) 7.332ms
[186.031s][info][gc,cpu         ] GC(230) User=0.05s Sys=0.00s Real=0.01s
[186.031s][info][gc             ] GC(231) Concurrent Cycle
[186.031s][info][gc,marking     ] GC(231) Concurrent Clear Claimed Marks
[186.031s][info][gc,marking     ] GC(231) Concurrent Clear Claimed Marks 0.031ms
[186.031s][info][gc,marking     ] GC(231) Concurrent Scan Root Regions
[186.038s][info][gc,marking     ] GC(231) Concurrent Scan Root Regions 7.550ms
[186.038s][info][gc,marking     ] GC(231) Concurrent Mark (186.038s)
[186.038s][info][gc,marking     ] GC(231) Concurrent Mark From Roots
[186.038s][info][gc,task        ] GC(231) Using 2 workers of 2 for marking
[186.511s][info][gc,marking     ] GC(231) Concurrent Mark From Roots 472.107ms
[186.511s][info][gc,marking     ] GC(231) Concurrent Preclean
[186.511s][info][gc,marking     ] GC(231) Concurrent Preclean 0.082ms
[186.511s][info][gc,marking     ] GC(231) Concurrent Mark (186.038s, 186.511s) 472.250ms
[186.511s][info][gc,start       ] GC(231) Pause Remark
[186.513s][info][gc             ] GC(231) Pause Remark 412M->412M(512M) 1.681ms
[186.513s][info][gc,cpu         ] GC(231) User=0.01s Sys=0.00s Real=0.00s
[186.513s][info][gc,marking     ] GC(231) Concurrent Rebuild Remembered Sets
[186.649s][info][gc,start       ] GC(232) Pause Young (Normal) (G1 Evacuation Pause)
[186.649s][info][gc,task        ] GC(232) Using 8 workers of 8 for evacuation
[186.657s][info][gc,phases      ] GC(232)   Pre Evacuate Collection Set: 0.1ms
[186.657s][info][gc,phases      ] GC(232)   Merge Heap Roots: 0.1ms
[186.657s][info][gc,phases      ] GC(232)   Evacuate Collection Set: 7.6ms
[186.657s][info][gc,phases      ] GC(232)   Post Evacuate Collection Set: 0.3ms
[186.657s][info][gc,phases      ] GC(232)   Other: 0.1ms
[186.657s][info][gc,heap        ] GC(232) Eden regions: 120->0(119)
[186.657s][info][gc,heap        ] GC(232) Survivor regions: 10->9(17)
[186.657s][info][gc,heap        ] GC(232) Old regions: 311->314
[186.657s][info][gc,heap        ] GC(232) Archive regions: 2->2
[186.657s][info][gc,heap        ] GC(232) Humongous regions: 7->7
[186.657s][info][gc,metaspace   ] GC(232) Metaspace: 44068K(45520K)->44068K(45520K) NonClass: 38829K(39892K)->38829K(39892K) Class: 5238K(5628K)->5238K(5628K)
[186.657s][info][gc             ] GC(232) Pause Young (Normal) (G1 Evacuation Pause) 443M->325M(512M) 8.285ms
[186.657s][info][gc,cpu         ] GC(232) User=0.05s Sys=0.00s Real=0.01s
[186.805s][info][gc,marking     ] GC(231) Concurrent Rebuild Remembered Sets 292.271ms
[186.805s][info][gc,start       ] GC(231) Pause Cleanup
[186.805s][info][gc             ] GC(231) Pause Cleanup 357M->357M(512M) 0.226ms
[186.805s][info][gc,cpu         ] GC(231) User=0.00s Sys=0.00s Real=0.00s
[186.805s][info][gc,marking     ] GC(231) Concurrent Cleanup for Next Mark
[186.806s][info][gc,marking     ] GC(231) Concurrent Cleanup for Next Mark 0.755ms
[186.806s][info][gc             ] GC(231) Concurrent Cycle 775.355ms
[187.241s][info][gc,start       ] GC(233) Pause Young (Normal) (G1 Evacuation Pause)
[187.241s][info][gc,task        ] GC(233) Using 8 workers of 8 for evacuation
[187.249s][info][gc,phases      ] GC(233)   Pre Evacuate Collection Set: 0.1ms
[187.249s][info][gc,phases      ] GC(233)   Merge Heap Roots: 0.1ms
[187.249s][info][gc,phases      ] GC(233)   Evacuate Collection Set: 8.1ms
[187.249s][info][gc,phases      ] GC(233)   Post Evacuate Collection Set: 0.3ms
[187.249s][info][gc,phases      ] GC(233)   Other: 0.2ms
[187.249s][info][gc,heap        ] GC(233) Eden regions: 119->0(116)
[187.249s][info][gc,heap        ] GC(233) Survivor regions: 9->9(16)
[187.249s][info][gc,heap        ] GC(233) Old regions: 314->317
[187.249s][info][gc,heap        ] GC(233) Archive regions: 2->2
[187.249s][info][gc,heap        ] GC(233) Humongous regions: 7->7
[187.249s][info][gc,metaspace   ] GC(233) Metaspace: 44068K(45520K)->44068K(45520K) NonClass: 38829K(39892K)->38829K(39892K) Class: 5238K(5628K)->5238K(5628K)
[187.249s][info][gc             ] GC(233) Pause Young (Normal) (G1 Evacuation Pause) 444M->328M(512M) 8.783ms
[187.250s][info][gc,cpu         ] GC(233) User=0.05s Sys=0.00s Real=0.01s
[187.723s][info][gc,start       ] GC(234) Pause Young (Concurrent Start) (G1 Evacuation Pause)
[187.723s][info][gc,task        ] GC(234) Using 8 workers of 8 for evacuation
[187.730s][info][gc,phases      ] GC(234)   Pre Evacuate Collection Set: 0.1ms
[187.730s][info][gc,phases      ] GC(234)   Merge Heap Roots: 0.1ms
[187.730s][info][gc,phases      ] GC(234)   Evacuate Collection Set: 6.6ms
[187.730s][info][gc,phases      ] GC(234)   Post Evacuate Collection Set: 0.3ms
[187.730s][info][gc,phases      ] GC(234)   Other: 0.2ms
[187.730s][info][gc,heap        ] GC(234) Eden regions: 116->0(113)
[187.730s][info][gc,heap        ] GC(234) Survivor regions: 9->9(16)
[187.730s][info][gc,heap        ] GC(234) Old regions: 317->320
[187.730s][info][gc,heap        ] GC(234) Archive regions: 2->2
[187.730s][info][gc,heap        ] GC(234) Humongous regions: 7->7
[187.730s][info][gc,metaspace   ] GC(234) Metaspace: 44068K(45520K)->44068K(45520K) NonClass: 38829K(39892K)->38829K(39892K) Class: 5238K(5628K)->5238K(5628K)
[187.730s][info][gc             ] GC(234) Pause Young (Concurrent Start) (G1 Evacuation Pause) 444M->331M(512M) 7.318ms
[187.730s][info][gc,cpu         ] GC(234) User=0.05s Sys=0.00s Real=0.01s
[187.730s][info][gc             ] GC(235) Concurrent Cycle
[187.730s][info][gc,marking     ] GC(235) Concurrent Clear Claimed Marks
[187.730s][info][gc,marking     ] GC(235) Concurrent Clear Claimed Marks 0.029ms
[187.730s][info][gc,marking     ] GC(235) Concurrent Scan Root Regions
[187.737s][info][gc,marking     ] GC(235) Concurrent Scan Root Regions 6.584ms
[187.737s][info][gc,marking     ] GC(235) Concurrent Mark (187.737s)
[187.737s][info][gc,marking     ] GC(235) Concurrent Mark From Roots
[187.737s][info][gc,task        ] GC(235) Using 2 workers of 2 for marking
[188.193s][info][gc,marking     ] GC(235) Concurrent Mark From Roots 455.728ms
[188.193s][info][gc,marking     ] GC(235) Concurrent Preclean
[188.193s][info][gc,marking     ] GC(235) Concurrent Preclean 0.078ms
[188.193s][info][gc,marking     ] GC(235) Concurrent Mark (187.737s, 188.193s) 455.866ms
[188.193s][info][gc,start       ] GC(235) Pause Remark
[188.195s][info][gc             ] GC(235) Pause Remark 416M->416M(512M) 1.690ms
[188.195s][info][gc,cpu         ] GC(235) User=0.01s Sys=0.00s Real=0.00s
[188.195s][info][gc,marking     ] GC(235) Concurrent Rebuild Remembered Sets
[188.326s][info][gc,start       ] GC(236) Pause Young (Normal) (G1 Evacuation Pause)
[188.326s][info][gc,task        ] GC(236) Using 8 workers of 8 for evacuation
[188.333s][info][gc,phases      ] GC(236)   Pre Evacuate Collection Set: 0.1ms
[188.333s][info][gc,phases      ] GC(236)   Merge Heap Roots: 0.1ms
[188.333s][info][gc,phases      ] GC(236)   Evacuate Collection Set: 6.1ms
[188.333s][info][gc,phases      ] GC(236)   Post Evacuate Collection Set: 0.3ms
[188.333s][info][gc,phases      ] GC(236)   Other: 0.2ms
[188.333s][info][gc,heap        ] GC(236) Eden regions: 113->0(110)
[188.333s][info][gc,heap        ] GC(236) Survivor regions: 9->9(16)
[188.333s][info][gc,heap        ] GC(236) Old regions: 320->323
[188.333s][info][gc,heap        ] GC(236) Archive regions: 2->2
[188.333s][info][gc,heap        ] GC(236) Humongous regions: 7->7
[188.333s][info][gc,metaspace   ] GC(236) Metaspace: 44068K(45520K)->44068K(45520K) NonClass: 38829K(39892K)->38829K(39892K) Class: 5238K(5628K)->5238K(5628K)
[188.333s][info][gc             ] GC(236) Pause Young (Normal) (G1 Evacuation Pause) 444M->335M(512M) 6.867ms
[188.333s][info][gc,cpu         ] GC(236) User=0.05s Sys=0.00s Real=0.00s
[188.500s][info][gc,marking     ] GC(235) Concurrent Rebuild Remembered Sets 305.081ms
[188.500s][info][gc,start       ] GC(235) Pause Cleanup
[188.500s][info][gc             ] GC(235) Pause Cleanup 374M->374M(512M) 0.212ms
[188.500s][info][gc,cpu         ] GC(235) User=0.00s Sys=0.00s Real=0.00s
[188.501s][info][gc,marking     ] GC(235) Concurrent Cleanup for Next Mark
[188.501s][info][gc,marking     ] GC(235) Concurrent Cleanup for Next Mark 0.720ms
[188.501s][info][gc             ] GC(235) Concurrent Cycle 771.021ms
[188.773s][info][gc,start       ] GC(237) Pause Young (Normal) (G1 Evacuation Pause)
[188.773s][info][gc,task        ] GC(237) Using 8 workers of 8 for evacuation
[188.781s][info][gc,phases      ] GC(237)   Pre Evacuate Collection Set: 0.1ms
[188.781s][info][gc,phases      ] GC(237)   Merge Heap Roots: 0.1ms
[188.781s][info][gc,phases      ] GC(237)   Evacuate Collection Set: 7.2ms
[188.781s][info][gc,phases      ] GC(237)   Post Evacuate Collection Set: 0.3ms
[188.781s][info][gc,phases      ] GC(237)   Other: 0.2ms
[188.781s][info][gc,heap        ] GC(237) Eden regions: 110->0(107)
[188.781s][info][gc,heap        ] GC(237) Survivor regions: 9->9(15)
[188.781s][info][gc,heap        ] GC(237) Old regions: 323->326
[188.781s][info][gc,heap        ] GC(237) Archive regions: 2->2
[188.781s][info][gc,heap        ] GC(237) Humongous regions: 7->7
[188.781s][info][gc,metaspace   ] GC(237) Metaspace: 44068K(45520K)->44068K(45520K) NonClass: 38830K(39892K)->38830K(39892K) Class: 5238K(5628K)->5238K(5628K)
[188.781s][info][gc             ] GC(237) Pause Young (Normal) (G1 Evacuation Pause) 445M->337M(512M) 7.966ms
[188.781s][info][gc,cpu         ] GC(237) User=0.05s Sys=0.00s Real=0.01s
[189.209s][info][gc,start       ] GC(238) Pause Young (Concurrent Start) (G1 Evacuation Pause)
[189.209s][info][gc,task        ] GC(238) Using 8 workers of 8 for evacuation
[189.216s][info][gc,phases      ] GC(238)   Pre Evacuate Collection Set: 0.1ms
[189.216s][info][gc,phases      ] GC(238)   Merge Heap Roots: 0.0ms
[189.216s][info][gc,phases      ] GC(238)   Evacuate Collection Set: 6.0ms
[189.216s][info][gc,phases      ] GC(238)   Post Evacuate Collection Set: 0.3ms
[189.216s][info][gc,phases      ] GC(238)   Other: 0.2ms
[189.216s][info][gc,heap        ] GC(238) Eden regions: 107->0(104)
[189.216s][info][gc,heap        ] GC(238) Survivor regions: 9->9(15)
[189.216s][info][gc,heap        ] GC(238) Old regions: 326->329
[189.216s][info][gc,heap        ] GC(238) Archive regions: 2->2
[189.216s][info][gc,heap        ] GC(238) Humongous regions: 7->7
[189.216s][info][gc,metaspace   ] GC(238) Metaspace: 44068K(45520K)->44068K(45520K) NonClass: 38830K(39892K)->38830K(39892K) Class: 5238K(5628K)->5238K(5628K)
[189.216s][info][gc             ] GC(238) Pause Young (Concurrent Start) (G1 Evacuation Pause) 444M->340M(512M) 6.821ms
[189.216s][info][gc,cpu         ] GC(238) User=0.04s Sys=0.00s Real=0.01s
[189.216s][info][gc             ] GC(239) Concurrent Cycle
[189.216s][info][gc,marking     ] GC(239) Concurrent Clear Claimed Marks
[189.216s][info][gc,marking     ] GC(239) Concurrent Clear Claimed Marks 0.046ms
[189.216s][info][gc,marking     ] GC(239) Concurrent Scan Root Regions
[189.224s][info][gc,marking     ] GC(239) Concurrent Scan Root Regions 7.621ms
[189.224s][info][gc,marking     ] GC(239) Concurrent Mark (189.224s)
[189.224s][info][gc,marking     ] GC(239) Concurrent Mark From Roots
[189.224s][info][gc,task        ] GC(239) Using 2 workers of 2 for marking
[189.678s][info][gc,marking     ] GC(239) Concurrent Mark From Roots 453.773ms
[189.678s][info][gc,marking     ] GC(239) Concurrent Preclean
[189.678s][info][gc,marking     ] GC(239) Concurrent Preclean 0.081ms
[189.678s][info][gc,marking     ] GC(239) Concurrent Mark (189.224s, 189.678s) 453.918ms
[189.678s][info][gc,start       ] GC(239) Pause Remark
[189.680s][info][gc             ] GC(239) Pause Remark 415M->415M(512M) 2.213ms
[189.680s][info][gc,cpu         ] GC(239) User=0.01s Sys=0.00s Real=0.00s
[189.680s][info][gc,marking     ] GC(239) Concurrent Rebuild Remembered Sets
[189.817s][info][gc,start       ] GC(240) Pause Young (Normal) (G1 Evacuation Pause)
[189.817s][info][gc,task        ] GC(240) Using 8 workers of 8 for evacuation
[189.824s][info][gc,phases      ] GC(240)   Pre Evacuate Collection Set: 0.1ms
[189.824s][info][gc,phases      ] GC(240)   Merge Heap Roots: 0.0ms
[189.824s][info][gc,phases      ] GC(240)   Evacuate Collection Set: 6.3ms
[189.824s][info][gc,phases      ] GC(240)   Post Evacuate Collection Set: 0.3ms
[189.824s][info][gc,phases      ] GC(240)   Other: 0.2ms
[189.824s][info][gc,heap        ] GC(240) Eden regions: 104->0(103)
[189.824s][info][gc,heap        ] GC(240) Survivor regions: 9->8(15)
[189.824s][info][gc,heap        ] GC(240) Old regions: 329->332
[189.824s][info][gc,heap        ] GC(240) Archive regions: 2->2
[189.824s][info][gc,heap        ] GC(240) Humongous regions: 7->7
[189.824s][info][gc,metaspace   ] GC(240) Metaspace: 44069K(45520K)->44069K(45520K) NonClass: 38831K(39892K)->38831K(39892K) Class: 5238K(5628K)->5238K(5628K)
[189.824s][info][gc             ] GC(240) Pause Young (Normal) (G1 Evacuation Pause) 444M->342M(512M) 6.987ms
[189.824s][info][gc,cpu         ] GC(240) User=0.05s Sys=0.00s Real=0.00s
[189.997s][info][gc,marking     ] GC(239) Concurrent Rebuild Remembered Sets 316.574ms
[189.997s][info][gc,start       ] GC(239) Pause Cleanup
[189.997s][info][gc             ] GC(239) Pause Cleanup 380M->380M(512M) 0.223ms
[189.997s][info][gc,cpu         ] GC(239) User=0.00s Sys=0.00s Real=0.00s
[189.998s][info][gc,marking     ] GC(239) Concurrent Cleanup for Next Mark
[189.999s][info][gc,marking     ] GC(239) Concurrent Cleanup for Next Mark 0.811ms
[189.999s][info][gc             ] GC(239) Concurrent Cycle 782.335ms
[190.286s][info][gc,start       ] GC(241) Pause Young (Normal) (G1 Evacuation Pause)
[190.286s][info][gc,task        ] GC(241) Using 8 workers of 8 for evacuation
[190.295s][info][gc,phases      ] GC(241)   Pre Evacuate Collection Set: 0.1ms
[190.295s][info][gc,phases      ] GC(241)   Merge Heap Roots: 0.1ms
[190.295s][info][gc,phases      ] GC(241)   Evacuate Collection Set: 8.1ms
[190.295s][info][gc,phases      ] GC(241)   Post Evacuate Collection Set: 0.4ms
[190.295s][info][gc,phases      ] GC(241)   Other: 0.2ms
[190.295s][info][gc,heap        ] GC(241) Eden regions: 103->0(100)
[190.295s][info][gc,heap        ] GC(241) Survivor regions: 8->8(14)
[190.295s][info][gc,heap        ] GC(241) Old regions: 332->335
[190.295s][info][gc,heap        ] GC(241) Archive regions: 2->2
[190.295s][info][gc,heap        ] GC(241) Humongous regions: 7->7
[190.295s][info][gc,metaspace   ] GC(241) Metaspace: 44069K(45520K)->44069K(45520K) NonClass: 38831K(39892K)->38831K(39892K) Class: 5238K(5628K)->5238K(5628K)
[190.295s][info][gc             ] GC(241) Pause Young (Normal) (G1 Evacuation Pause) 445M->345M(512M) 8.979ms
[190.295s][info][gc,cpu         ] GC(241) User=0.05s Sys=0.00s Real=0.01s
[190.750s][info][gc,start       ] GC(242) Pause Young (Concurrent Start) (G1 Evacuation Pause)
[190.750s][info][gc,task        ] GC(242) Using 8 workers of 8 for evacuation
[190.757s][info][gc,phases      ] GC(242)   Pre Evacuate Collection Set: 0.1ms
[190.757s][info][gc,phases      ] GC(242)   Merge Heap Roots: 0.0ms
[190.757s][info][gc,phases      ] GC(242)   Evacuate Collection Set: 6.0ms
[190.757s][info][gc,phases      ] GC(242)   Post Evacuate Collection Set: 0.4ms
[190.757s][info][gc,phases      ] GC(242)   Other: 0.3ms
[190.757s][info][gc,heap        ] GC(242) Eden regions: 100->0(98)
[190.757s][info][gc,heap        ] GC(242) Survivor regions: 8->8(14)
[190.757s][info][gc,heap        ] GC(242) Old regions: 335->337
[190.757s][info][gc,heap        ] GC(242) Archive regions: 2->2
[190.757s][info][gc,heap        ] GC(242) Humongous regions: 7->7
[190.757s][info][gc,metaspace   ] GC(242) Metaspace: 44069K(45520K)->44069K(45520K) NonClass: 38831K(39892K)->38831K(39892K) Class: 5238K(5628K)->5238K(5628K)
[190.757s][info][gc             ] GC(242) Pause Young (Concurrent Start) (G1 Evacuation Pause) 445M->348M(512M) 6.957ms
[190.757s][info][gc,cpu         ] GC(242) User=0.04s Sys=0.00s Real=0.01s
[190.757s][info][gc             ] GC(243) Concurrent Cycle
[190.757s][info][gc,marking     ] GC(243) Concurrent Clear Claimed Marks
[190.757s][info][gc,marking     ] GC(243) Concurrent Clear Claimed Marks 0.044ms
[190.757s][info][gc,marking     ] GC(243) Concurrent Scan Root Regions
[190.765s][info][gc,marking     ] GC(243) Concurrent Scan Root Regions 8.116ms
[190.765s][info][gc,marking     ] GC(243) Concurrent Mark (190.765s)
[190.765s][info][gc,marking     ] GC(243) Concurrent Mark From Roots
[190.765s][info][gc,task        ] GC(243) Using 2 workers of 2 for marking
[191.252s][info][gc,marking     ] GC(243) Concurrent Mark From Roots 486.458ms
[191.252s][info][gc,marking     ] GC(243) Concurrent Preclean
[191.252s][info][gc,marking     ] GC(243) Concurrent Preclean 0.112ms
[191.252s][info][gc,marking     ] GC(243) Concurrent Mark (190.765s, 191.252s) 486.674ms
[191.252s][info][gc,start       ] GC(243) Pause Remark
[191.254s][info][gc             ] GC(243) Pause Remark 490M->490M(512M) 2.081ms
[191.254s][info][gc,cpu         ] GC(243) User=0.01s Sys=0.00s Real=0.00s
[191.254s][info][gc,marking     ] GC(243) Concurrent Rebuild Remembered Sets
[191.328s][info][gc,start       ] GC(244) Pause Young (Normal) (G1 Evacuation Pause)
[191.328s][info][gc,task        ] GC(244) Using 8 workers of 8 for evacuation
[191.350s][info][gc             ] GC(244) To-space exhausted
[191.350s][info][gc,phases      ] GC(244)   Pre Evacuate Collection Set: 0.1ms
[191.350s][info][gc,phases      ] GC(244)   Merge Heap Roots: 0.1ms
[191.350s][info][gc,phases      ] GC(244)   Evacuate Collection Set: 10.1ms
[191.350s][info][gc,phases      ] GC(244)   Post Evacuate Collection Set: 10.8ms
[191.350s][info][gc,phases      ] GC(244)   Other: 0.3ms
[191.350s][info][gc,heap        ] GC(244) Eden regions: 92->0(25)
[191.350s][info][gc,heap        ] GC(244) Survivor regions: 8->0(0)
[191.350s][info][gc,heap        ] GC(244) Old regions: 337->437
[191.350s][info][gc,heap        ] GC(244) Archive regions: 2->2
[191.350s][info][gc,heap        ] GC(244) Humongous regions: 73->73
[191.350s][info][gc,metaspace   ] GC(244) Metaspace: 44069K(45520K)->44069K(45520K) NonClass: 38831K(39892K)->38831K(39892K) Class: 5238K(5628K)->5238K(5628K)
[191.350s][info][gc             ] GC(244) Pause Young (Normal) (G1 Evacuation Pause) 506M->506M(512M) 21.458ms
[191.350s][info][gc,cpu         ] GC(244) User=0.14s Sys=0.00s Real=0.02s
[191.350s][info][gc,ergo        ] Attempting maximally compacting collection
[191.350s][info][gc,task        ] GC(245) Using 8 workers of 8 for full compaction
[191.350s][info][gc,start       ] GC(245) Pause Full (G1 Evacuation Pause)
[191.351s][info][gc,phases,start] GC(245) Phase 1: Mark live objects
[191.504s][info][gc,phases      ] GC(245) Phase 1: Mark live objects 153.315ms
[191.504s][info][gc,phases,start] GC(245) Phase 2: Prepare for compaction
[191.534s][info][gc,phases      ] GC(245) Phase 2: Prepare for compaction 30.525ms
[191.534s][info][gc,phases,start] GC(245) Phase 3: Adjust pointers
[191.592s][info][gc,phases      ] GC(245) Phase 3: Adjust pointers 57.691ms
[191.592s][info][gc,phases,start] GC(245) Phase 4: Compact heap
[191.624s][info][gc,phases      ] GC(245) Phase 4: Compact heap 31.733ms
[191.628s][info][gc,heap        ] GC(245) Eden regions: 0->0(103)
[191.628s][info][gc,heap        ] GC(245) Survivor regions: 0->0(0)
[191.628s][info][gc,heap        ] GC(245) Old regions: 437->338
[191.628s][info][gc,heap        ] GC(245) Archive regions: 2->2
[191.628s][info][gc,heap        ] GC(245) Humongous regions: 73->11
[191.628s][info][gc,metaspace   ] GC(245) Metaspace: 44069K(45520K)->43932K(45520K) NonClass: 38831K(39892K)->38713K(39892K) Class: 5238K(5628K)->5218K(5628K)
[191.628s][info][gc             ] GC(245) Pause Full (G1 Evacuation Pause) 506M->345M(512M) 278.494ms
[191.629s][info][gc,cpu         ] GC(245) User=1.94s Sys=0.02s Real=0.28s
[191.629s][info][gc,marking     ] GC(243) Concurrent Rebuild Remembered Sets 375.407ms
[191.629s][info][gc,marking     ] GC(243) Concurrent Mark Abort
[191.629s][info][gc             ] GC(243) Concurrent Cycle 872.686ms
[192.187s][info][gc,start       ] GC(246) Pause Young (Normal) (G1 Evacuation Pause)
[192.187s][info][gc,task        ] GC(246) Using 8 workers of 8 for evacuation
[192.190s][info][gc,phases      ] GC(246)   Pre Evacuate Collection Set: 0.1ms
[192.190s][info][gc,phases      ] GC(246)   Merge Heap Roots: 0.0ms
[192.190s][info][gc,phases      ] GC(246)   Evacuate Collection Set: 2.4ms
[192.190s][info][gc,phases      ] GC(246)   Post Evacuate Collection Set: 0.5ms
[192.190s][info][gc,phases      ] GC(246)   Other: 0.2ms
[192.190s][info][gc,heap        ] GC(246) Eden regions: 103->0(100)
[192.190s][info][gc,heap        ] GC(246) Survivor regions: 0->3(13)
[192.190s][info][gc,heap        ] GC(246) Old regions: 338->338
[192.190s][info][gc,heap        ] GC(246) Archive regions: 2->2
[192.190s][info][gc,heap        ] GC(246) Humongous regions: 11->11
[192.190s][info][gc,metaspace   ] GC(246) Metaspace: 44090K(45520K)->44090K(45520K) NonClass: 38854K(39892K)->38854K(39892K) Class: 5236K(5628K)->5236K(5628K)
[192.190s][info][gc             ] GC(246) Pause Young (Normal) (G1 Evacuation Pause) 448M->347M(512M) 3.362ms
[192.190s][info][gc,cpu         ] GC(246) User=0.01s Sys=0.00s Real=0.00s
[192.691s][info][gc,start       ] GC(247) Pause Young (Concurrent Start) (G1 Evacuation Pause)
[192.691s][info][gc,task        ] GC(247) Using 8 workers of 8 for evacuation
[192.695s][info][gc,phases      ] GC(247)   Pre Evacuate Collection Set: 0.1ms
[192.695s][info][gc,phases      ] GC(247)   Merge Heap Roots: 0.0ms
[192.695s][info][gc,phases      ] GC(247)   Evacuate Collection Set: 3.7ms
[192.695s][info][gc,phases      ] GC(247)   Post Evacuate Collection Set: 0.3ms
[192.695s][info][gc,phases      ] GC(247)   Other: 0.2ms
[192.695s][info][gc,heap        ] GC(247) Eden regions: 100->0(97)
[192.695s][info][gc,heap        ] GC(247) Survivor regions: 3->6(13)
[192.695s][info][gc,heap        ] GC(247) Old regions: 338->338
[192.695s][info][gc,heap        ] GC(247) Archive regions: 2->2
[192.695s][info][gc,heap        ] GC(247) Humongous regions: 11->11
[192.695s][info][gc,metaspace   ] GC(247) Metaspace: 44100K(45520K)->44100K(45520K) NonClass: 38862K(39892K)->38862K(39892K) Class: 5237K(5628K)->5237K(5628K)
[192.695s][info][gc             ] GC(247) Pause Young (Concurrent Start) (G1 Evacuation Pause) 447M->350M(512M) 4.432ms
[192.695s][info][gc,cpu         ] GC(247) User=0.03s Sys=0.00s Real=0.01s
[192.695s][info][gc             ] GC(248) Concurrent Cycle
[192.695s][info][gc,marking     ] GC(248) Concurrent Clear Claimed Marks
[192.696s][info][gc,marking     ] GC(248) Concurrent Clear Claimed Marks 0.035ms
[192.696s][info][gc,marking     ] GC(248) Concurrent Scan Root Regions
[192.699s][info][gc,marking     ] GC(248) Concurrent Scan Root Regions 3.149ms
[192.699s][info][gc,marking     ] GC(248) Concurrent Mark (192.699s)
[192.699s][info][gc,marking     ] GC(248) Concurrent Mark From Roots
[192.699s][info][gc,task        ] GC(248) Using 2 workers of 2 for marking
[193.252s][info][gc,start       ] GC(249) Pause Young (Normal) (G1 Evacuation Pause)
[193.252s][info][gc,task        ] GC(249) Using 8 workers of 8 for evacuation
[193.258s][info][gc,phases      ] GC(249)   Pre Evacuate Collection Set: 0.1ms
[193.258s][info][gc,phases      ] GC(249)   Merge Heap Roots: 0.0ms
[193.258s][info][gc,phases      ] GC(249)   Evacuate Collection Set: 5.2ms
[193.258s][info][gc,phases      ] GC(249)   Post Evacuate Collection Set: 0.3ms
[193.258s][info][gc,phases      ] GC(249)   Other: 0.2ms
[193.258s][info][gc,heap        ] GC(249) Eden regions: 97->0(93)
[193.258s][info][gc,heap        ] GC(249) Survivor regions: 6->8(13)
[193.258s][info][gc,heap        ] GC(249) Old regions: 338->338
[193.258s][info][gc,heap        ] GC(249) Archive regions: 2->2
[193.258s][info][gc,heap        ] GC(249) Humongous regions: 11->11
[193.258s][info][gc,metaspace   ] GC(249) Metaspace: 44100K(45520K)->44100K(45520K) NonClass: 38862K(39892K)->38862K(39892K) Class: 5237K(5628K)->5237K(5628K)
[193.258s][info][gc             ] GC(249) Pause Young (Normal) (G1 Evacuation Pause) 447M->352M(512M) 5.949ms
[193.258s][info][gc,cpu         ] GC(249) User=0.04s Sys=0.00s Real=0.01s
[193.319s][info][gc,marking     ] GC(248) Concurrent Mark From Roots 620.349ms
[193.319s][info][gc,marking     ] GC(248) Concurrent Preclean
[193.319s][info][gc,marking     ] GC(248) Concurrent Preclean 0.087ms
[193.319s][info][gc,marking     ] GC(248) Concurrent Mark (192.699s, 193.319s) 620.510ms
[193.319s][info][gc,start       ] GC(248) Pause Remark
[193.322s][info][gc             ] GC(248) Pause Remark 363M->363M(512M) 2.125ms
[193.322s][info][gc,cpu         ] GC(248) User=0.01s Sys=0.00s Real=0.00s
[193.322s][info][gc,marking     ] GC(248) Concurrent Rebuild Remembered Sets
[193.665s][info][gc,marking     ] GC(248) Concurrent Rebuild Remembered Sets 343.555ms
[193.665s][info][gc,start       ] GC(248) Pause Cleanup
[193.666s][info][gc             ] GC(248) Pause Cleanup 435M->435M(512M) 0.217ms
[193.666s][info][gc,cpu         ] GC(248) User=0.00s Sys=0.00s Real=0.00s
[193.666s][info][gc,marking     ] GC(248) Concurrent Cleanup for Next Mark
[193.666s][info][gc,marking     ] GC(248) Concurrent Cleanup for Next Mark 0.762ms
[193.666s][info][gc             ] GC(248) Concurrent Cycle 971.002ms
[193.714s][info][gc,start       ] GC(250) Pause Young (Normal) (G1 Evacuation Pause)
[193.714s][info][gc,task        ] GC(250) Using 8 workers of 8 for evacuation
[193.721s][info][gc,phases      ] GC(250)   Pre Evacuate Collection Set: 0.1ms
[193.721s][info][gc,phases      ] GC(250)   Merge Heap Roots: 0.1ms
[193.721s][info][gc,phases      ] GC(250)   Evacuate Collection Set: 6.7ms
[193.721s][info][gc,phases      ] GC(250)   Post Evacuate Collection Set: 0.3ms
[193.721s][info][gc,phases      ] GC(250)   Other: 0.1ms
[193.721s][info][gc,heap        ] GC(250) Eden regions: 93->0(90)
[193.721s][info][gc,heap        ] GC(250) Survivor regions: 8->8(13)
[193.721s][info][gc,heap        ] GC(250) Old regions: 338->341
[193.721s][info][gc,heap        ] GC(250) Archive regions: 2->2
[193.721s][info][gc,heap        ] GC(250) Humongous regions: 11->11
[193.721s][info][gc,metaspace   ] GC(250) Metaspace: 44104K(45520K)->44104K(45520K) NonClass: 38866K(39892K)->38866K(39892K) Class: 5237K(5628K)->5237K(5628K)
[193.721s][info][gc             ] GC(250) Pause Young (Normal) (G1 Evacuation Pause) 445M->354M(512M) 7.382ms
[193.721s][info][gc,cpu         ] GC(250) User=0.04s Sys=0.00s Real=0.01s
[194.108s][info][gc,start       ] GC(251) Pause Young (Concurrent Start) (G1 Evacuation Pause)
[194.108s][info][gc,task        ] GC(251) Using 8 workers of 8 for evacuation
[194.114s][info][gc,phases      ] GC(251)   Pre Evacuate Collection Set: 0.1ms
[194.114s][info][gc,phases      ] GC(251)   Merge Heap Roots: 0.0ms
[194.114s][info][gc,phases      ] GC(251)   Evacuate Collection Set: 5.4ms
[194.114s][info][gc,phases      ] GC(251)   Post Evacuate Collection Set: 0.3ms
[194.114s][info][gc,phases      ] GC(251)   Other: 0.2ms
[194.114s][info][gc,heap        ] GC(251) Eden regions: 90->0(90)
[194.114s][info][gc,heap        ] GC(251) Survivor regions: 8->7(13)
[194.114s][info][gc,heap        ] GC(251) Old regions: 341->343
[194.114s][info][gc,heap        ] GC(251) Archive regions: 2->2
[194.114s][info][gc,heap        ] GC(251) Humongous regions: 11->11
[194.114s][info][gc,metaspace   ] GC(251) Metaspace: 44104K(45520K)->44104K(45520K) NonClass: 38866K(39892K)->38866K(39892K) Class: 5237K(5628K)->5237K(5628K)
[194.114s][info][gc             ] GC(251) Pause Young (Concurrent Start) (G1 Evacuation Pause) 444M->357M(512M) 6.099ms
[194.114s][info][gc,cpu         ] GC(251) User=0.04s Sys=0.00s Real=0.00s
[194.114s][info][gc             ] GC(252) Concurrent Cycle
[194.114s][info][gc,marking     ] GC(252) Concurrent Clear Claimed Marks
[194.114s][info][gc,marking     ] GC(252) Concurrent Clear Claimed Marks 0.034ms
[194.114s][info][gc,marking     ] GC(252) Concurrent Scan Root Regions
[194.120s][info][gc,marking     ] GC(252) Concurrent Scan Root Regions 6.542ms
[194.120s][info][gc,marking     ] GC(252) Concurrent Mark (194.120s)
[194.120s][info][gc,marking     ] GC(252) Concurrent Mark From Roots
[194.120s][info][gc,task        ] GC(252) Using 2 workers of 2 for marking
[194.597s][info][gc,start       ] GC(253) Pause Young (Normal) (G1 Evacuation Pause)
[194.597s][info][gc,task        ] GC(253) Using 8 workers of 8 for evacuation
[194.602s][info][gc,phases      ] GC(253)   Pre Evacuate Collection Set: 0.1ms
[194.602s][info][gc,phases      ] GC(253)   Merge Heap Roots: 0.1ms
[194.602s][info][gc,phases      ] GC(253)   Evacuate Collection Set: 5.1ms
[194.602s][info][gc,phases      ] GC(253)   Post Evacuate Collection Set: 0.2ms
[194.602s][info][gc,phases      ] GC(253)   Other: 0.2ms
[194.602s][info][gc,heap        ] GC(253) Eden regions: 90->0(87)
[194.602s][info][gc,heap        ] GC(253) Survivor regions: 7->7(13)
[194.602s][info][gc,heap        ] GC(253) Old regions: 343->346
[194.602s][info][gc,heap        ] GC(253) Archive regions: 2->2
[194.602s][info][gc,heap        ] GC(253) Humongous regions: 11->11
[194.602s][info][gc,metaspace   ] GC(253) Metaspace: 44104K(45520K)->44104K(45520K) NonClass: 38866K(39892K)->38866K(39892K) Class: 5237K(5628K)->5237K(5628K)
[194.602s][info][gc             ] GC(253) Pause Young (Normal) (G1 Evacuation Pause) 447M->359M(512M) 5.732ms
[194.602s][info][gc,cpu         ] GC(253) User=0.04s Sys=0.00s Real=0.00s
[194.756s][info][gc,marking     ] GC(252) Concurrent Mark From Roots 635.561ms
[194.756s][info][gc,marking     ] GC(252) Concurrent Preclean
[194.756s][info][gc,marking     ] GC(252) Concurrent Preclean 0.080ms
[194.756s][info][gc,marking     ] GC(252) Concurrent Mark (194.120s, 194.756s) 635.713ms
[194.756s][info][gc,start       ] GC(252) Pause Remark
[194.760s][info][gc             ] GC(252) Pause Remark 386M->386M(512M) 3.824ms
[194.760s][info][gc,cpu         ] GC(252) User=0.03s Sys=0.00s Real=0.00s
[194.760s][info][gc,marking     ] GC(252) Concurrent Rebuild Remembered Sets
[195.042s][info][gc,start       ] GC(254) Pause Young (Normal) (G1 Evacuation Pause)
[195.042s][info][gc,task        ] GC(254) Using 8 workers of 8 for evacuation
[195.047s][info][gc,phases      ] GC(254)   Pre Evacuate Collection Set: 0.1ms
[195.047s][info][gc,phases      ] GC(254)   Merge Heap Roots: 0.1ms
[195.047s][info][gc,phases      ] GC(254)   Evacuate Collection Set: 4.9ms
[195.047s][info][gc,phases      ] GC(254)   Post Evacuate Collection Set: 0.3ms
[195.047s][info][gc,phases      ] GC(254)   Other: 0.1ms
[195.047s][info][gc,heap        ] GC(254) Eden regions: 87->0(85)
[195.047s][info][gc,heap        ] GC(254) Survivor regions: 7->7(12)
[195.047s][info][gc,heap        ] GC(254) Old regions: 346->348
[195.047s][info][gc,heap        ] GC(254) Archive regions: 2->2
[195.047s][info][gc,heap        ] GC(254) Humongous regions: 11->11
[195.047s][info][gc,metaspace   ] GC(254) Metaspace: 44098K(45520K)->44098K(45520K) NonClass: 38861K(39892K)->38861K(39892K) Class: 5236K(5628K)->5236K(5628K)
[195.047s][info][gc             ] GC(254) Pause Young (Normal) (G1 Evacuation Pause) 446M->361M(512M) 5.641ms
[195.047s][info][gc,cpu         ] GC(254) User=0.03s Sys=0.00s Real=0.01s
[195.124s][info][gc,marking     ] GC(252) Concurrent Rebuild Remembered Sets 363.949ms
[195.124s][info][gc,start       ] GC(252) Pause Cleanup
[195.125s][info][gc             ] GC(252) Pause Cleanup 379M->379M(512M) 0.216ms
[195.125s][info][gc,cpu         ] GC(252) User=0.00s Sys=0.00s Real=0.00s
[195.125s][info][gc,marking     ] GC(252) Concurrent Cleanup for Next Mark
[195.125s][info][gc,marking     ] GC(252) Concurrent Cleanup for Next Mark 0.712ms
[195.125s][info][gc             ] GC(252) Concurrent Cycle 1011.743ms
[195.407s][info][gc,start       ] GC(255) Pause Young (Normal) (G1 Evacuation Pause)
[195.407s][info][gc,task        ] GC(255) Using 8 workers of 8 for evacuation
[195.414s][info][gc,phases      ] GC(255)   Pre Evacuate Collection Set: 0.1ms
[195.414s][info][gc,phases      ] GC(255)   Merge Heap Roots: 0.1ms
[195.414s][info][gc,phases      ] GC(255)   Evacuate Collection Set: 5.3ms
[195.414s][info][gc,phases      ] GC(255)   Post Evacuate Collection Set: 1.3ms
[195.414s][info][gc,phases      ] GC(255)   Other: 0.2ms
[195.414s][info][gc,heap        ] GC(255) Eden regions: 85->0(83)
[195.414s][info][gc,heap        ] GC(255) Survivor regions: 7->7(12)
[195.414s][info][gc,heap        ] GC(255) Old regions: 348->350
[195.414s][info][gc,heap        ] GC(255) Archive regions: 2->2
[195.414s][info][gc,heap        ] GC(255) Humongous regions: 11->11
[195.414s][info][gc,metaspace   ] GC(255) Metaspace: 44099K(45520K)->44099K(45520K) NonClass: 38862K(39892K)->38862K(39892K) Class: 5236K(5628K)->5236K(5628K)
[195.414s][info][gc             ] GC(255) Pause Young (Normal) (G1 Evacuation Pause) 446M->363M(512M) 7.216ms
[195.414s][info][gc,cpu         ] GC(255) User=0.04s Sys=0.00s Real=0.00s
[195.763s][info][gc,start       ] GC(256) Pause Young (Concurrent Start) (G1 Evacuation Pause)
[195.763s][info][gc,task        ] GC(256) Using 8 workers of 8 for evacuation
[195.768s][info][gc,phases      ] GC(256)   Pre Evacuate Collection Set: 0.1ms
[195.768s][info][gc,phases      ] GC(256)   Merge Heap Roots: 0.0ms
[195.769s][info][gc,phases      ] GC(256)   Evacuate Collection Set: 5.0ms
[195.769s][info][gc,phases      ] GC(256)   Post Evacuate Collection Set: 0.3ms
[195.769s][info][gc,phases      ] GC(256)   Other: 0.2ms
[195.769s][info][gc,heap        ] GC(256) Eden regions: 83->0(80)
[195.769s][info][gc,heap        ] GC(256) Survivor regions: 7->7(12)
[195.769s][info][gc,heap        ] GC(256) Old regions: 350->353
[195.769s][info][gc,heap        ] GC(256) Archive regions: 2->2
[195.769s][info][gc,heap        ] GC(256) Humongous regions: 11->11
[195.769s][info][gc,metaspace   ] GC(256) Metaspace: 44099K(45520K)->44099K(45520K) NonClass: 38862K(39892K)->38862K(39892K) Class: 5236K(5628K)->5236K(5628K)
[195.769s][info][gc             ] GC(256) Pause Young (Concurrent Start) (G1 Evacuation Pause) 446M->365M(512M) 5.737ms
[195.769s][info][gc,cpu         ] GC(256) User=0.04s Sys=0.00s Real=0.01s
[195.769s][info][gc             ] GC(257) Concurrent Cycle
[195.769s][info][gc,marking     ] GC(257) Concurrent Clear Claimed Marks
[195.769s][info][gc,marking     ] GC(257) Concurrent Clear Claimed Marks 0.031ms
[195.769s][info][gc,marking     ] GC(257) Concurrent Scan Root Regions
[195.774s][info][gc,marking     ] GC(257) Concurrent Scan Root Regions 5.123ms
[195.774s][info][gc,marking     ] GC(257) Concurrent Mark (195.774s)
[195.774s][info][gc,marking     ] GC(257) Concurrent Mark From Roots
[195.774s][info][gc,task        ] GC(257) Using 2 workers of 2 for marking
[196.187s][info][gc,start       ] GC(258) Pause Young (Normal) (G1 Evacuation Pause)
[196.187s][info][gc,task        ] GC(258) Using 8 workers of 8 for evacuation
[196.192s][info][gc,phases      ] GC(258)   Pre Evacuate Collection Set: 0.1ms
[196.192s][info][gc,phases      ] GC(258)   Merge Heap Roots: 0.1ms
[196.192s][info][gc,phases      ] GC(258)   Evacuate Collection Set: 4.9ms
[196.192s][info][gc,phases      ] GC(258)   Post Evacuate Collection Set: 0.3ms
[196.192s][info][gc,phases      ] GC(258)   Other: 0.2ms
[196.192s][info][gc,heap        ] GC(258) Eden regions: 80->0(78)
[196.192s][info][gc,heap        ] GC(258) Survivor regions: 7->7(11)
[196.192s][info][gc,heap        ] GC(258) Old regions: 353->355
[196.192s][info][gc,heap        ] GC(258) Archive regions: 2->2
[196.192s][info][gc,heap        ] GC(258) Humongous regions: 11->11
[196.192s][info][gc,metaspace   ] GC(258) Metaspace: 44103K(45520K)->44103K(45520K) NonClass: 38866K(39892K)->38866K(39892K) Class: 5236K(5628K)->5236K(5628K)
[196.193s][info][gc             ] GC(258) Pause Young (Normal) (G1 Evacuation Pause) 445M->367M(512M) 5.630ms
[196.193s][info][gc,cpu         ] GC(258) User=0.03s Sys=0.00s Real=0.00s
[196.339s][info][gc,marking     ] GC(257) Concurrent Mark From Roots 565.435ms
[196.339s][info][gc,marking     ] GC(257) Concurrent Preclean
[196.340s][info][gc,marking     ] GC(257) Concurrent Preclean 0.120ms
[196.340s][info][gc,marking     ] GC(257) Concurrent Mark (195.774s, 196.340s) 565.646ms
[196.340s][info][gc,start       ] GC(257) Pause Remark
[196.342s][info][gc             ] GC(257) Pause Remark 396M->396M(512M) 2.313ms
[196.342s][info][gc,cpu         ] GC(257) User=0.01s Sys=0.00s Real=0.00s
[196.342s][info][gc,marking     ] GC(257) Concurrent Rebuild Remembered Sets
[196.570s][info][gc,start       ] GC(259) Pause Young (Normal) (G1 Evacuation Pause)
[196.570s][info][gc,task        ] GC(259) Using 8 workers of 8 for evacuation
[196.576s][info][gc,phases      ] GC(259)   Pre Evacuate Collection Set: 0.1ms
[196.576s][info][gc,phases      ] GC(259)   Merge Heap Roots: 0.1ms
[196.576s][info][gc,phases      ] GC(259)   Evacuate Collection Set: 4.8ms
[196.576s][info][gc,phases      ] GC(259)   Post Evacuate Collection Set: 0.3ms
[196.576s][info][gc,phases      ] GC(259)   Other: 0.2ms
[196.576s][info][gc,heap        ] GC(259) Eden regions: 78->0(76)
[196.576s][info][gc,heap        ] GC(259) Survivor regions: 7->7(11)
[196.576s][info][gc,heap        ] GC(259) Old regions: 355->357
[196.576s][info][gc,heap        ] GC(259) Archive regions: 2->2
[196.576s][info][gc,heap        ] GC(259) Humongous regions: 11->11
[196.576s][info][gc,metaspace   ] GC(259) Metaspace: 44103K(45520K)->44103K(45520K) NonClass: 38866K(39892K)->38866K(39892K) Class: 5236K(5628K)->5236K(5628K)
[196.576s][info][gc             ] GC(259) Pause Young (Normal) (G1 Evacuation Pause) 445M->369M(512M) 5.584ms
[196.576s][info][gc,cpu         ] GC(259) User=0.04s Sys=0.00s Real=0.01s
[196.684s][info][gc,marking     ] GC(257) Concurrent Rebuild Remembered Sets 342.135ms
[196.684s][info][gc,start       ] GC(257) Pause Cleanup
[196.685s][info][gc             ] GC(257) Pause Cleanup 393M->393M(512M) 0.222ms
[196.685s][info][gc,cpu         ] GC(257) User=0.00s Sys=0.00s Real=0.00s
[196.685s][info][gc,marking     ] GC(257) Concurrent Cleanup for Next Mark
[196.686s][info][gc,marking     ] GC(257) Concurrent Cleanup for Next Mark 0.740ms
[196.686s][info][gc             ] GC(257) Concurrent Cycle 917.376ms
[196.900s][info][gc,start       ] GC(260) Pause Young (Normal) (G1 Evacuation Pause)
[196.900s][info][gc,task        ] GC(260) Using 8 workers of 8 for evacuation
[196.907s][info][gc,phases      ] GC(260)   Pre Evacuate Collection Set: 0.1ms
[196.907s][info][gc,phases      ] GC(260)   Merge Heap Roots: 0.1ms
[196.907s][info][gc,phases      ] GC(260)   Evacuate Collection Set: 6.0ms
[196.907s][info][gc,phases      ] GC(260)   Post Evacuate Collection Set: 0.2ms
[196.907s][info][gc,phases      ] GC(260)   Other: 0.1ms
[196.907s][info][gc,heap        ] GC(260) Eden regions: 76->0(76)
[196.907s][info][gc,heap        ] GC(260) Survivor regions: 7->6(11)
[196.907s][info][gc,heap        ] GC(260) Old regions: 357->359
[196.907s][info][gc,heap        ] GC(260) Archive regions: 2->2
[196.907s][info][gc,heap        ] GC(260) Humongous regions: 11->11
[196.907s][info][gc,metaspace   ] GC(260) Metaspace: 44103K(45520K)->44103K(45520K) NonClass: 38866K(39892K)->38866K(39892K) Class: 5236K(5628K)->5236K(5628K)
[196.907s][info][gc             ] GC(260) Pause Young (Normal) (G1 Evacuation Pause) 445M->371M(512M) 6.618ms
[196.907s][info][gc,cpu         ] GC(260) User=0.04s Sys=0.00s Real=0.01s
[197.320s][info][gc,start       ] GC(261) Pause Young (Concurrent Start) (G1 Evacuation Pause)
[197.320s][info][gc,task        ] GC(261) Using 8 workers of 8 for evacuation
[197.325s][info][gc,phases      ] GC(261)   Pre Evacuate Collection Set: 0.1ms
[197.325s][info][gc,phases      ] GC(261)   Merge Heap Roots: 0.0ms
[197.325s][info][gc,phases      ] GC(261)   Evacuate Collection Set: 4.5ms
[197.325s][info][gc,phases      ] GC(261)   Post Evacuate Collection Set: 0.3ms
[197.325s][info][gc,phases      ] GC(261)   Other: 0.2ms
[197.325s][info][gc,heap        ] GC(261) Eden regions: 76->0(72)
[197.325s][info][gc,heap        ] GC(261) Survivor regions: 6->8(11)
[197.325s][info][gc,heap        ] GC(261) Old regions: 359->359
[197.325s][info][gc,heap        ] GC(261) Archive regions: 2->2
[197.325s][info][gc,heap        ] GC(261) Humongous regions: 11->11
[197.325s][info][gc,metaspace   ] GC(261) Metaspace: 44103K(45520K)->44103K(45520K) NonClass: 38866K(39892K)->38866K(39892K) Class: 5236K(5628K)->5236K(5628K)
[197.325s][info][gc             ] GC(261) Pause Young (Concurrent Start) (G1 Evacuation Pause) 447M->373M(512M) 5.145ms
[197.325s][info][gc,cpu         ] GC(261) User=0.03s Sys=0.00s Real=0.01s
[197.325s][info][gc             ] GC(262) Concurrent Cycle
[197.325s][info][gc,marking     ] GC(262) Concurrent Clear Claimed Marks
[197.325s][info][gc,marking     ] GC(262) Concurrent Clear Claimed Marks 0.045ms
[197.325s][info][gc,marking     ] GC(262) Concurrent Scan Root Regions
[197.330s][info][gc,marking     ] GC(262) Concurrent Scan Root Regions 5.341ms
[197.330s][info][gc,marking     ] GC(262) Concurrent Mark (197.330s)
[197.330s][info][gc,marking     ] GC(262) Concurrent Mark From Roots
[197.330s][info][gc,task        ] GC(262) Using 2 workers of 2 for marking
[197.754s][info][gc,start       ] GC(263) Pause Young (Normal) (G1 Evacuation Pause)
[197.754s][info][gc,task        ] GC(263) Using 8 workers of 8 for evacuation
[197.760s][info][gc,phases      ] GC(263)   Pre Evacuate Collection Set: 0.1ms
[197.760s][info][gc,phases      ] GC(263)   Merge Heap Roots: 0.0ms
[197.760s][info][gc,phases      ] GC(263)   Evacuate Collection Set: 5.4ms
[197.760s][info][gc,phases      ] GC(263)   Post Evacuate Collection Set: 0.3ms
[197.760s][info][gc,phases      ] GC(263)   Other: 0.2ms
[197.760s][info][gc,heap        ] GC(263) Eden regions: 72->0(72)
[197.760s][info][gc,heap        ] GC(263) Survivor regions: 8->6(10)
[197.760s][info][gc,heap        ] GC(263) Old regions: 359->363
[197.760s][info][gc,heap        ] GC(263) Archive regions: 2->2
[197.760s][info][gc,heap        ] GC(263) Humongous regions: 11->11
[197.760s][info][gc,metaspace   ] GC(263) Metaspace: 44106K(45520K)->44106K(45520K) NonClass: 38870K(39892K)->38870K(39892K) Class: 5236K(5628K)->5236K(5628K)
[197.760s][info][gc             ] GC(263) Pause Young (Normal) (G1 Evacuation Pause) 445M->374M(512M) 6.130ms
[197.760s][info][gc,cpu         ] GC(263) User=0.04s Sys=0.00s Real=0.01s
[197.988s][info][gc,marking     ] GC(262) Concurrent Mark From Roots 657.915ms
[197.988s][info][gc,marking     ] GC(262) Concurrent Preclean
[197.988s][info][gc,marking     ] GC(262) Concurrent Preclean 0.080ms
[197.988s][info][gc,marking     ] GC(262) Concurrent Mark (197.330s, 197.988s) 658.049ms
[197.989s][info][gc,start       ] GC(262) Pause Remark
[197.990s][info][gc             ] GC(262) Pause Remark 418M->418M(512M) 1.690ms
[197.990s][info][gc,cpu         ] GC(262) User=0.01s Sys=0.00s Real=0.00s
[197.990s][info][gc,marking     ] GC(262) Concurrent Rebuild Remembered Sets
[198.126s][info][gc,start       ] GC(264) Pause Young (Normal) (G1 Evacuation Pause)
[198.126s][info][gc,task        ] GC(264) Using 8 workers of 8 for evacuation
[198.131s][info][gc,phases      ] GC(264)   Pre Evacuate Collection Set: 0.1ms
[198.131s][info][gc,phases      ] GC(264)   Merge Heap Roots: 0.1ms
[198.131s][info][gc,phases      ] GC(264)   Evacuate Collection Set: 4.7ms
[198.131s][info][gc,phases      ] GC(264)   Post Evacuate Collection Set: 0.3ms
[198.131s][info][gc,phases      ] GC(264)   Other: 0.1ms
[198.131s][info][gc,heap        ] GC(264) Eden regions: 72->0(71)
[198.131s][info][gc,heap        ] GC(264) Survivor regions: 6->6(10)
[198.131s][info][gc,heap        ] GC(264) Old regions: 363->364
[198.131s][info][gc,heap        ] GC(264) Archive regions: 2->2
[198.131s][info][gc,heap        ] GC(264) Humongous regions: 11->11
[198.131s][info][gc,metaspace   ] GC(264) Metaspace: 44114K(45520K)->44114K(45520K) NonClass: 38876K(39892K)->38876K(39892K) Class: 5237K(5628K)->5237K(5628K)
[198.131s][info][gc             ] GC(264) Pause Young (Normal) (G1 Evacuation Pause) 446M->376M(512M) 5.312ms
[198.131s][info][gc,cpu         ] GC(264) User=0.04s Sys=0.00s Real=0.00s
[198.339s][info][gc,marking     ] GC(262) Concurrent Rebuild Remembered Sets 348.519ms
[198.339s][info][gc,start       ] GC(262) Pause Cleanup
[198.340s][info][gc             ] GC(262) Pause Cleanup 422M->422M(512M) 0.300ms
[198.340s][info][gc,cpu         ] GC(262) User=0.00s Sys=0.00s Real=0.00s
[198.340s][info][gc,marking     ] GC(262) Concurrent Cleanup for Next Mark
[198.340s][info][gc,marking     ] GC(262) Concurrent Cleanup for Next Mark 0.791ms
[198.340s][info][gc             ] GC(262) Concurrent Cycle 1015.594ms
[198.445s][info][gc,start       ] GC(265) Pause Young (Normal) (G1 Evacuation Pause)
[198.445s][info][gc,task        ] GC(265) Using 8 workers of 8 for evacuation
[198.452s][info][gc,phases      ] GC(265)   Pre Evacuate Collection Set: 0.1ms
[198.452s][info][gc,phases      ] GC(265)   Merge Heap Roots: 0.1ms
[198.452s][info][gc,phases      ] GC(265)   Evacuate Collection Set: 6.1ms
[198.452s][info][gc,phases      ] GC(265)   Post Evacuate Collection Set: 0.3ms
[198.452s][info][gc,phases      ] GC(265)   Other: 0.2ms
[198.452s][info][gc,heap        ] GC(265) Eden regions: 71->0(69)
[198.452s][info][gc,heap        ] GC(265) Survivor regions: 6->6(10)
[198.452s][info][gc,heap        ] GC(265) Old regions: 364->366
[198.452s][info][gc,heap        ] GC(265) Archive regions: 2->2
[198.452s][info][gc,heap        ] GC(265) Humongous regions: 11->11
[198.452s][info][gc,metaspace   ] GC(265) Metaspace: 44114K(45520K)->44114K(45520K) NonClass: 38877K(39892K)->38877K(39892K) Class: 5237K(5628K)->5237K(5628K)
[198.452s][info][gc             ] GC(265) Pause Young (Normal) (G1 Evacuation Pause) 447M->378M(512M) 6.759ms
[198.452s][info][gc,cpu         ] GC(265) User=0.03s Sys=0.00s Real=0.00s
[198.745s][info][gc,start       ] GC(266) Pause Young (Concurrent Start) (G1 Evacuation Pause)
[198.745s][info][gc,task        ] GC(266) Using 8 workers of 8 for evacuation
[198.750s][info][gc,phases      ] GC(266)   Pre Evacuate Collection Set: 0.1ms
[198.750s][info][gc,phases      ] GC(266)   Merge Heap Roots: 0.0ms
[198.750s][info][gc,phases      ] GC(266)   Evacuate Collection Set: 4.1ms
[198.750s][info][gc,phases      ] GC(266)   Post Evacuate Collection Set: 0.3ms
[198.750s][info][gc,phases      ] GC(266)   Other: 0.2ms
[198.750s][info][gc,heap        ] GC(266) Eden regions: 69->0(67)
[198.750s][info][gc,heap        ] GC(266) Survivor regions: 6->6(10)
[198.750s][info][gc,heap        ] GC(266) Old regions: 366->368
[198.750s][info][gc,heap        ] GC(266) Archive regions: 2->2
[198.750s][info][gc,heap        ] GC(266) Humongous regions: 11->11
[198.750s][info][gc,metaspace   ] GC(266) Metaspace: 44116K(45520K)->44116K(45520K) NonClass: 38878K(39892K)->38878K(39892K) Class: 5238K(5628K)->5238K(5628K)
[198.750s][info][gc             ] GC(266) Pause Young (Concurrent Start) (G1 Evacuation Pause) 447M->380M(512M) 4.874ms
[198.750s][info][gc,cpu         ] GC(266) User=0.04s Sys=0.00s Real=0.00s
[198.750s][info][gc             ] GC(267) Concurrent Cycle
[198.750s][info][gc,marking     ] GC(267) Concurrent Clear Claimed Marks
[198.750s][info][gc,marking     ] GC(267) Concurrent Clear Claimed Marks 0.039ms
[198.750s][info][gc,marking     ] GC(267) Concurrent Scan Root Regions
[198.755s][info][gc,marking     ] GC(267) Concurrent Scan Root Regions 4.484ms
[198.755s][info][gc,marking     ] GC(267) Concurrent Mark (198.755s)
[198.755s][info][gc,marking     ] GC(267) Concurrent Mark From Roots
[198.755s][info][gc,task        ] GC(267) Using 2 workers of 2 for marking
[199.138s][info][gc,start       ] GC(268) Pause Young (Normal) (G1 Evacuation Pause)
[199.138s][info][gc,task        ] GC(268) Using 8 workers of 8 for evacuation
[199.143s][info][gc,phases      ] GC(268)   Pre Evacuate Collection Set: 0.1ms
[199.143s][info][gc,phases      ] GC(268)   Merge Heap Roots: 0.1ms
[199.143s][info][gc,phases      ] GC(268)   Evacuate Collection Set: 4.5ms
[199.143s][info][gc,phases      ] GC(268)   Post Evacuate Collection Set: 0.2ms
[199.143s][info][gc,phases      ] GC(268)   Other: 0.1ms
[199.143s][info][gc,heap        ] GC(268) Eden regions: 67->0(65)
[199.143s][info][gc,heap        ] GC(268) Survivor regions: 6->7(10)
[199.143s][info][gc,heap        ] GC(268) Old regions: 368->368
[199.143s][info][gc,heap        ] GC(268) Archive regions: 2->2
[199.143s][info][gc,heap        ] GC(268) Humongous regions: 11->11
[199.143s][info][gc,metaspace   ] GC(268) Metaspace: 44116K(45520K)->44116K(45520K) NonClass: 38878K(39892K)->38878K(39892K) Class: 5238K(5628K)->5238K(5628K)
[199.143s][info][gc             ] GC(268) Pause Young (Normal) (G1 Evacuation Pause) 447M->381M(512M) 5.106ms
[199.143s][info][gc,cpu         ] GC(268) User=0.04s Sys=0.00s Real=0.00s
[199.315s][info][gc,marking     ] GC(267) Concurrent Mark From Roots 560.019ms
[199.315s][info][gc,marking     ] GC(267) Concurrent Preclean
[199.315s][info][gc,marking     ] GC(267) Concurrent Preclean 0.109ms
[199.315s][info][gc,marking     ] GC(267) Concurrent Mark (198.755s, 199.315s) 560.207ms
[199.315s][info][gc,start       ] GC(267) Pause Remark
[199.317s][info][gc             ] GC(267) Pause Remark 415M->415M(512M) 1.682ms
[199.317s][info][gc,cpu         ] GC(267) User=0.01s Sys=0.00s Real=0.00s
[199.317s][info][gc,marking     ] GC(267) Concurrent Rebuild Remembered Sets
[199.464s][info][gc,start       ] GC(269) Pause Young (Normal) (G1 Evacuation Pause)
[199.464s][info][gc,task        ] GC(269) Using 8 workers of 8 for evacuation
[199.470s][info][gc,phases      ] GC(269)   Pre Evacuate Collection Set: 0.0ms
[199.470s][info][gc,phases      ] GC(269)   Merge Heap Roots: 0.0ms
[199.470s][info][gc,phases      ] GC(269)   Evacuate Collection Set: 5.2ms
[199.470s][info][gc,phases      ] GC(269)   Post Evacuate Collection Set: 0.4ms
[199.470s][info][gc,phases      ] GC(269)   Other: 0.2ms
[199.470s][info][gc,heap        ] GC(269) Eden regions: 65->0(64)
[199.470s][info][gc,heap        ] GC(269) Survivor regions: 7->6(9)
[199.470s][info][gc,heap        ] GC(269) Old regions: 368->371
[199.470s][info][gc,heap        ] GC(269) Archive regions: 2->2
[199.470s][info][gc,heap        ] GC(269) Humongous regions: 11->11
[199.470s][info][gc,metaspace   ] GC(269) Metaspace: 44116K(45520K)->44116K(45520K) NonClass: 38878K(39892K)->38878K(39892K) Class: 5238K(5628K)->5238K(5628K)
[199.470s][info][gc             ] GC(269) Pause Young (Normal) (G1 Evacuation Pause) 446M->383M(512M) 6.121ms
[199.470s][info][gc,cpu         ] GC(269) User=0.04s Sys=0.00s Real=0.01s
[199.682s][info][gc,marking     ] GC(267) Concurrent Rebuild Remembered Sets 364.643ms
[199.682s][info][gc,start       ] GC(267) Pause Cleanup
[199.682s][info][gc             ] GC(267) Pause Cleanup 429M->429M(512M) 0.221ms
[199.682s][info][gc,cpu         ] GC(267) User=0.00s Sys=0.00s Real=0.00s
[199.682s][info][gc,marking     ] GC(267) Concurrent Cleanup for Next Mark
[199.683s][info][gc,marking     ] GC(267) Concurrent Cleanup for Next Mark 0.713ms
[199.683s][info][gc             ] GC(267) Concurrent Cycle 932.581ms
[199.762s][info][gc,start       ] GC(270) Pause Young (Normal) (G1 Evacuation Pause)
[199.762s][info][gc,task        ] GC(270) Using 8 workers of 8 for evacuation
[199.767s][info][gc,phases      ] GC(270)   Pre Evacuate Collection Set: 0.1ms
[199.767s][info][gc,phases      ] GC(270)   Merge Heap Roots: 0.1ms
[199.767s][info][gc,phases      ] GC(270)   Evacuate Collection Set: 4.7ms
[199.767s][info][gc,phases      ] GC(270)   Post Evacuate Collection Set: 0.2ms
[199.767s][info][gc,phases      ] GC(270)   Other: 0.2ms
[199.767s][info][gc,heap        ] GC(270) Eden regions: 64->0(64)
[199.767s][info][gc,heap        ] GC(270) Survivor regions: 6->5(9)
[199.767s][info][gc,heap        ] GC(270) Old regions: 371->373
[199.767s][info][gc,heap        ] GC(270) Archive regions: 2->2
[199.767s][info][gc,heap        ] GC(270) Humongous regions: 11->11
[199.767s][info][gc,metaspace   ] GC(270) Metaspace: 44116K(45520K)->44116K(45520K) NonClass: 38878K(39892K)->38878K(39892K) Class: 5238K(5628K)->5238K(5628K)
[199.767s][info][gc             ] GC(270) Pause Young (Normal) (G1 Evacuation Pause) 447M->384M(512M) 5.397ms
[199.767s][info][gc,cpu         ] GC(270) User=0.04s Sys=0.00s Real=0.01s
[200.005s][info][gc,start       ] GC(271) Pause Young (Concurrent Start) (G1 Evacuation Pause)
[200.005s][info][gc,task        ] GC(271) Using 8 workers of 8 for evacuation
[200.010s][info][gc,phases      ] GC(271)   Pre Evacuate Collection Set: 0.1ms
[200.010s][info][gc,phases      ] GC(271)   Merge Heap Roots: 0.0ms
[200.010s][info][gc,phases      ] GC(271)   Evacuate Collection Set: 4.6ms
[200.010s][info][gc,phases      ] GC(271)   Post Evacuate Collection Set: 0.3ms
[200.010s][info][gc,phases      ] GC(271)   Other: 0.2ms
[200.010s][info][gc,heap        ] GC(271) Eden regions: 64->0(62)
[200.010s][info][gc,heap        ] GC(271) Survivor regions: 5->5(9)
[200.010s][info][gc,heap        ] GC(271) Old regions: 373->375
[200.010s][info][gc,heap        ] GC(271) Archive regions: 2->2
[200.010s][info][gc,heap        ] GC(271) Humongous regions: 11->11
[200.010s][info][gc,metaspace   ] GC(271) Metaspace: 44116K(45520K)->44116K(45520K) NonClass: 38878K(39892K)->38878K(39892K) Class: 5238K(5628K)->5238K(5628K)
[200.010s][info][gc             ] GC(271) Pause Young (Concurrent Start) (G1 Evacuation Pause) 448M->386M(512M) 5.298ms
[200.010s][info][gc,cpu         ] GC(271) User=0.03s Sys=0.00s Real=0.01s
[200.010s][info][gc             ] GC(272) Concurrent Cycle
[200.010s][info][gc,marking     ] GC(272) Concurrent Clear Claimed Marks
[200.010s][info][gc,marking     ] GC(272) Concurrent Clear Claimed Marks 0.035ms
[200.010s][info][gc,marking     ] GC(272) Concurrent Scan Root Regions
[200.015s][info][gc,marking     ] GC(272) Concurrent Scan Root Regions 4.514ms
[200.015s][info][gc,marking     ] GC(272) Concurrent Mark (200.015s)
[200.015s][info][gc,marking     ] GC(272) Concurrent Mark From Roots
[200.015s][info][gc,task        ] GC(272) Using 2 workers of 2 for marking
[200.323s][info][gc,start       ] GC(273) Pause Young (Normal) (G1 Evacuation Pause)
[200.323s][info][gc,task        ] GC(273) Using 8 workers of 8 for evacuation
[200.328s][info][gc,phases      ] GC(273)   Pre Evacuate Collection Set: 0.1ms
[200.328s][info][gc,phases      ] GC(273)   Merge Heap Roots: 0.1ms
[200.328s][info][gc,phases      ] GC(273)   Evacuate Collection Set: 4.3ms
[200.328s][info][gc,phases      ] GC(273)   Post Evacuate Collection Set: 0.3ms
[200.328s][info][gc,phases      ] GC(273)   Other: 0.2ms
[200.328s][info][gc,heap        ] GC(273) Eden regions: 62->0(58)
[200.328s][info][gc,heap        ] GC(273) Survivor regions: 5->7(9)
[200.328s][info][gc,heap        ] GC(273) Old regions: 375->375
[200.328s][info][gc,heap        ] GC(273) Archive regions: 2->2
[200.328s][info][gc,heap        ] GC(273) Humongous regions: 11->11
[200.328s][info][gc,metaspace   ] GC(273) Metaspace: 44116K(45520K)->44116K(45520K) NonClass: 38878K(39892K)->38878K(39892K) Class: 5238K(5628K)->5238K(5628K)
[200.328s][info][gc             ] GC(273) Pause Young (Normal) (G1 Evacuation Pause) 448M->387M(512M) 4.933ms
[200.328s][info][gc,cpu         ] GC(273) User=0.03s Sys=0.00s Real=0.01s
[200.623s][info][gc,start       ] GC(274) Pause Young (Normal) (G1 Evacuation Pause)
[200.623s][info][gc,task        ] GC(274) Using 8 workers of 8 for evacuation
[200.628s][info][gc,phases      ] GC(274)   Pre Evacuate Collection Set: 0.1ms
[200.628s][info][gc,phases      ] GC(274)   Merge Heap Roots: 0.0ms
[200.628s][info][gc,phases      ] GC(274)   Evacuate Collection Set: 4.6ms
[200.628s][info][gc,phases      ] GC(274)   Post Evacuate Collection Set: 0.3ms
[200.628s][info][gc,phases      ] GC(274)   Other: 0.2ms
[200.628s][info][gc,heap        ] GC(274) Eden regions: 58->0(59)
[200.628s][info][gc,heap        ] GC(274) Survivor regions: 7->6(9)
[200.628s][info][gc,heap        ] GC(274) Old regions: 375->376
[200.628s][info][gc,heap        ] GC(274) Archive regions: 2->2
[200.628s][info][gc,heap        ] GC(274) Humongous regions: 11->11
[200.628s][info][gc,metaspace   ] GC(274) Metaspace: 44116K(45520K)->44116K(45520K) NonClass: 38878K(39892K)->38878K(39892K) Class: 5238K(5628K)->5238K(5628K)
[200.628s][info][gc             ] GC(274) Pause Young (Normal) (G1 Evacuation Pause) 445M->388M(512M) 5.292ms
[200.628s][info][gc,cpu         ] GC(274) User=0.03s Sys=0.00s Real=0.01s
[200.702s][info][gc,marking     ] GC(272) Concurrent Mark From Roots 687.103ms
[200.702s][info][gc,marking     ] GC(272) Concurrent Preclean
[200.702s][info][gc,marking     ] GC(272) Concurrent Preclean 0.102ms
[200.702s][info][gc,marking     ] GC(272) Concurrent Mark (200.015s, 200.702s) 687.274ms
[200.702s][info][gc,start       ] GC(272) Pause Remark
[200.704s][info][gc             ] GC(272) Pause Remark 401M->401M(512M) 2.241ms
[200.704s][info][gc,cpu         ] GC(272) User=0.02s Sys=0.00s Real=0.00s
[200.704s][info][gc,marking     ] GC(272) Concurrent Rebuild Remembered Sets
[200.934s][info][gc,start       ] GC(275) Pause Young (Normal) (G1 Evacuation Pause)
[200.934s][info][gc,task        ] GC(275) Using 8 workers of 8 for evacuation
[200.939s][info][gc,phases      ] GC(275)   Pre Evacuate Collection Set: 0.1ms
[200.939s][info][gc,phases      ] GC(275)   Merge Heap Roots: 0.0ms
[200.939s][info][gc,phases      ] GC(275)   Evacuate Collection Set: 4.6ms
[200.939s][info][gc,phases      ] GC(275)   Post Evacuate Collection Set: 0.2ms
[200.939s][info][gc,phases      ] GC(275)   Other: 0.1ms
[200.939s][info][gc,heap        ] GC(275) Eden regions: 59->0(55)
[200.939s][info][gc,heap        ] GC(275) Survivor regions: 6->7(9)
[200.939s][info][gc,heap        ] GC(275) Old regions: 376->378
[200.939s][info][gc,heap        ] GC(275) Archive regions: 2->2
[200.939s][info][gc,heap        ] GC(275) Humongous regions: 11->11
[200.939s][info][gc,metaspace   ] GC(275) Metaspace: 44116K(45520K)->44116K(45520K) NonClass: 38878K(39892K)->38878K(39892K) Class: 5238K(5628K)->5238K(5628K)
[200.939s][info][gc             ] GC(275) Pause Young (Normal) (G1 Evacuation Pause) 447M->390M(512M) 5.215ms
[200.939s][info][gc,cpu         ] GC(275) User=0.03s Sys=0.00s Real=0.01s
[201.062s][info][gc,marking     ] GC(272) Concurrent Rebuild Remembered Sets 357.066ms
[201.062s][info][gc,start       ] GC(272) Pause Cleanup
[201.062s][info][gc             ] GC(272) Pause Cleanup 414M->414M(512M) 0.241ms
[201.062s][info][gc,cpu         ] GC(272) User=0.00s Sys=0.00s Real=0.00s
[201.062s][info][gc,marking     ] GC(272) Concurrent Cleanup for Next Mark
[201.063s][info][gc,marking     ] GC(272) Concurrent Cleanup for Next Mark 0.728ms
[201.063s][info][gc             ] GC(272) Concurrent Cycle 1052.811ms
[201.197s][info][gc,start       ] GC(276) Pause Young (Normal) (G1 Evacuation Pause)
[201.197s][info][gc,task        ] GC(276) Using 8 workers of 8 for evacuation
[201.202s][info][gc,phases      ] GC(276)   Pre Evacuate Collection Set: 0.1ms
[201.202s][info][gc,phases      ] GC(276)   Merge Heap Roots: 0.1ms
[201.202s][info][gc,phases      ] GC(276)   Evacuate Collection Set: 4.3ms
[201.202s][info][gc,phases      ] GC(276)   Post Evacuate Collection Set: 0.2ms
[201.202s][info][gc,phases      ] GC(276)   Other: 0.1ms
[201.202s][info][gc,heap        ] GC(276) Eden regions: 55->0(56)
[201.202s][info][gc,heap        ] GC(276) Survivor regions: 7->5(8)
[201.202s][info][gc,heap        ] GC(276) Old regions: 378->381
[201.202s][info][gc,heap        ] GC(276) Archive regions: 2->2
[201.202s][info][gc,heap        ] GC(276) Humongous regions: 11->11
[201.202s][info][gc,metaspace   ] GC(276) Metaspace: 44119K(45520K)->44119K(45520K) NonClass: 38881K(39892K)->38881K(39892K) Class: 5238K(5628K)->5238K(5628K)
[201.202s][info][gc             ] GC(276) Pause Young (Normal) (G1 Evacuation Pause) 445M->392M(512M) 4.933ms
[201.202s][info][gc,cpu         ] GC(276) User=0.03s Sys=0.00s Real=0.00s
[302.082s][info][gc,task        ] GC(277) Using 8 workers of 8 for full compaction
[302.082s][info][gc,start       ] GC(277) Pause Full (Heap Inspection Initiated GC)
[302.082s][info][gc,phases,start] GC(277) Phase 1: Mark live objects
[302.276s][info][gc,phases      ] GC(277) Phase 1: Mark live objects 193.595ms
[302.276s][info][gc,phases,start] GC(277) Phase 2: Prepare for compaction
[302.316s][info][gc,phases      ] GC(277) Phase 2: Prepare for compaction 40.121ms
[302.316s][info][gc,phases,start] GC(277) Phase 3: Adjust pointers
[302.385s][info][gc,phases      ] GC(277) Phase 3: Adjust pointers 69.182ms
[302.385s][info][gc,phases,start] GC(277) Phase 4: Compact heap
[302.424s][info][gc,phases      ] GC(277) Phase 4: Compact heap 38.817ms
[302.429s][info][gc,heap        ] GC(277) Eden regions: 50->0(62)
[302.429s][info][gc,heap        ] GC(277) Survivor regions: 5->0(8)
[302.429s][info][gc,heap        ] GC(277) Old regions: 381->381
[302.429s][info][gc,heap        ] GC(277) Archive regions: 2->2
[302.429s][info][gc,heap        ] GC(277) Humongous regions: 11->11
[302.429s][info][gc,metaspace   ] GC(277) Metaspace: 44161K(45520K)->44161K(45520K) NonClass: 38922K(39892K)->38922K(39892K) Class: 5238K(5628K)->5238K(5628K)
[302.429s][info][gc             ] GC(277) Pause Full (Heap Inspection Initiated GC) 441M->389M(512M) 347.606ms
[302.431s][info][gc,cpu         ] GC(277) User=1.88s Sys=0.01s Real=0.35s
[316.299s][info][gc,start       ] GC(278) Pause Young (Concurrent Start) (G1 Evacuation Pause)
[316.299s][info][gc,task        ] GC(278) Using 8 workers of 8 for evacuation
[316.301s][info][gc,phases      ] GC(278)   Pre Evacuate Collection Set: 0.1ms
[316.301s][info][gc,phases      ] GC(278)   Merge Heap Roots: 0.0ms
[316.301s][info][gc,phases      ] GC(278)   Evacuate Collection Set: 1.9ms
[316.301s][info][gc,phases      ] GC(278)   Post Evacuate Collection Set: 0.2ms
[316.301s][info][gc,phases      ] GC(278)   Other: 0.1ms
[316.301s][info][gc,heap        ] GC(278) Eden regions: 62->0(48)
[316.301s][info][gc,heap        ] GC(278) Survivor regions: 0->8(8)
[316.301s][info][gc,heap        ] GC(278) Old regions: 381->383
[316.301s][info][gc,heap        ] GC(278) Archive regions: 2->2
[316.301s][info][gc,heap        ] GC(278) Humongous regions: 11->11
[316.301s][info][gc,metaspace   ] GC(278) Metaspace: 44182K(45520K)->44182K(45520K) NonClass: 38944K(39892K)->38944K(39892K) Class: 5238K(5628K)->5238K(5628K)
[316.301s][info][gc             ] GC(278) Pause Young (Concurrent Start) (G1 Evacuation Pause) 451M->398M(512M) 2.573ms
[316.301s][info][gc,cpu         ] GC(278) User=0.02s Sys=0.00s Real=0.00s
[316.301s][info][gc             ] GC(279) Concurrent Cycle
[316.301s][info][gc,marking     ] GC(279) Concurrent Clear Claimed Marks
[316.301s][info][gc,marking     ] GC(279) Concurrent Clear Claimed Marks 0.030ms
[316.301s][info][gc,marking     ] GC(279) Concurrent Scan Root Regions
[316.303s][info][gc,marking     ] GC(279) Concurrent Scan Root Regions 1.900ms
[316.303s][info][gc,marking     ] GC(279) Concurrent Mark (316.303s)
[316.303s][info][gc,marking     ] GC(279) Concurrent Mark From Roots
[316.303s][info][gc,task        ] GC(279) Using 2 workers of 2 for marking
[316.525s][info][gc,start       ] GC(280) Pause Young (Normal) (G1 Evacuation Pause)
[316.525s][info][gc,task        ] GC(280) Using 8 workers of 8 for evacuation
[316.528s][info][gc,phases      ] GC(280)   Pre Evacuate Collection Set: 0.1ms
[316.528s][info][gc,phases      ] GC(280)   Merge Heap Roots: 0.0ms
[316.528s][info][gc,phases      ] GC(280)   Evacuate Collection Set: 2.2ms
[316.528s][info][gc,phases      ] GC(280)   Post Evacuate Collection Set: 0.2ms
[316.528s][info][gc,phases      ] GC(280)   Other: 0.1ms
[316.528s][info][gc,heap        ] GC(280) Eden regions: 48->0(48)
[316.528s][info][gc,heap        ] GC(280) Survivor regions: 8->2(7)
[316.528s][info][gc,heap        ] GC(280) Old regions: 383->391
[316.528s][info][gc,heap        ] GC(280) Archive regions: 2->2
[316.528s][info][gc,heap        ] GC(280) Humongous regions: 11->11
[316.528s][info][gc,metaspace   ] GC(280) Metaspace: 44182K(45520K)->44182K(45520K) NonClass: 38944K(39892K)->38944K(39892K) Class: 5238K(5628K)->5238K(5628K)
[316.528s][info][gc             ] GC(280) Pause Young (Normal) (G1 Evacuation Pause) 446M->400M(512M) 2.814ms
[316.528s][info][gc,cpu         ] GC(280) User=0.02s Sys=0.00s Real=0.00s
[316.752s][info][gc,start       ] GC(281) Pause Young (Normal) (G1 Evacuation Pause)
[316.752s][info][gc,task        ] GC(281) Using 8 workers of 8 for evacuation
[316.754s][info][gc,phases      ] GC(281)   Pre Evacuate Collection Set: 0.1ms
[316.754s][info][gc,phases      ] GC(281)   Merge Heap Roots: 0.0ms
[316.754s][info][gc,phases      ] GC(281)   Evacuate Collection Set: 1.9ms
[316.754s][info][gc,phases      ] GC(281)   Post Evacuate Collection Set: 0.2ms
[316.755s][info][gc,phases      ] GC(281)   Other: 0.1ms
[316.755s][info][gc,heap        ] GC(281) Eden regions: 48->0(47)
[316.755s][info][gc,heap        ] GC(281) Survivor regions: 2->3(7)
[316.755s][info][gc,heap        ] GC(281) Old regions: 391->391
[316.755s][info][gc,heap        ] GC(281) Archive regions: 2->2
[316.755s][info][gc,heap        ] GC(281) Humongous regions: 11->11
[316.755s][info][gc,metaspace   ] GC(281) Metaspace: 44182K(45520K)->44182K(45520K) NonClass: 38944K(39892K)->38944K(39892K) Class: 5238K(5628K)->5238K(5628K)
[316.755s][info][gc             ] GC(281) Pause Young (Normal) (G1 Evacuation Pause) 448M->401M(512M) 2.417ms
[316.755s][info][gc,cpu         ] GC(281) User=0.01s Sys=0.00s Real=0.00s
[316.891s][info][gc,marking     ] GC(279) Concurrent Mark From Roots 587.238ms
[316.891s][info][gc,marking     ] GC(279) Concurrent Preclean
[316.891s][info][gc,marking     ] GC(279) Concurrent Preclean 0.076ms
[316.891s][info][gc,marking     ] GC(279) Concurrent Mark (316.303s, 316.891s) 587.374ms
[316.891s][info][gc,start       ] GC(279) Pause Remark
[316.893s][info][gc             ] GC(279) Pause Remark 432M->432M(512M) 1.676ms
[316.893s][info][gc,cpu         ] GC(279) User=0.01s Sys=0.00s Real=0.00s
[316.893s][info][gc,marking     ] GC(279) Concurrent Rebuild Remembered Sets
[316.963s][info][gc,start       ] GC(282) Pause Young (Normal) (G1 Evacuation Pause)
[316.963s][info][gc,task        ] GC(282) Using 8 workers of 8 for evacuation
[316.966s][info][gc,phases      ] GC(282)   Pre Evacuate Collection Set: 0.1ms
[316.966s][info][gc,phases      ] GC(282)   Merge Heap Roots: 0.0ms
[316.966s][info][gc,phases      ] GC(282)   Evacuate Collection Set: 2.3ms
[316.966s][info][gc,phases      ] GC(282)   Post Evacuate Collection Set: 0.2ms
[316.966s][info][gc,phases      ] GC(282)   Other: 0.1ms
[316.966s][info][gc,heap        ] GC(282) Eden regions: 47->0(47)
[316.966s][info][gc,heap        ] GC(282) Survivor regions: 3->4(7)
[316.966s][info][gc,heap        ] GC(282) Old regions: 391->391
[316.966s][info][gc,heap        ] GC(282) Archive regions: 2->2
[316.966s][info][gc,heap        ] GC(282) Humongous regions: 11->11
[316.966s][info][gc,metaspace   ] GC(282) Metaspace: 44182K(45520K)->44182K(45520K) NonClass: 38944K(39892K)->38944K(39892K) Class: 5238K(5628K)->5238K(5628K)
[316.966s][info][gc             ] GC(282) Pause Young (Normal) (G1 Evacuation Pause) 448M->402M(512M) 2.817ms
[316.966s][info][gc,cpu         ] GC(282) User=0.02s Sys=0.00s Real=0.01s
[317.223s][info][gc,start       ] GC(283) Pause Young (Normal) (G1 Evacuation Pause)
[317.223s][info][gc,task        ] GC(283) Using 8 workers of 8 for evacuation
[317.227s][info][gc,phases      ] GC(283)   Pre Evacuate Collection Set: 0.1ms
[317.227s][info][gc,phases      ] GC(283)   Merge Heap Roots: 0.0ms
[317.227s][info][gc,phases      ] GC(283)   Evacuate Collection Set: 3.6ms
[317.227s][info][gc,phases      ] GC(283)   Post Evacuate Collection Set: 0.2ms
[317.227s][info][gc,phases      ] GC(283)   Other: 0.2ms
[317.227s][info][gc,heap        ] GC(283) Eden regions: 47->0(46)
[317.227s][info][gc,heap        ] GC(283) Survivor regions: 4->5(7)
[317.227s][info][gc,heap        ] GC(283) Old regions: 391->391
[317.227s][info][gc,heap        ] GC(283) Archive regions: 2->2
[317.227s][info][gc,heap        ] GC(283) Humongous regions: 11->11
[317.227s][info][gc,metaspace   ] GC(283) Metaspace: 44182K(45520K)->44182K(45520K) NonClass: 38944K(39892K)->38944K(39892K) Class: 5238K(5628K)->5238K(5628K)
[317.227s][info][gc             ] GC(283) Pause Young (Normal) (G1 Evacuation Pause) 449M->403M(512M) 4.150ms
[317.227s][info][gc,cpu         ] GC(283) User=0.02s Sys=0.00s Real=0.01s
[317.330s][info][gc,marking     ] GC(279) Concurrent Rebuild Remembered Sets 437.550ms
[317.331s][info][gc,start       ] GC(279) Pause Cleanup
[317.331s][info][gc             ] GC(279) Pause Cleanup 420M->420M(512M) 0.246ms
[317.331s][info][gc,cpu         ] GC(279) User=0.00s Sys=0.00s Real=0.00s
[317.331s][info][gc,marking     ] GC(279) Concurrent Cleanup for Next Mark
[317.332s][info][gc,marking     ] GC(279) Concurrent Cleanup for Next Mark 0.769ms
[317.332s][info][gc             ] GC(279) Concurrent Cycle 1030.317ms
[317.454s][info][gc,start       ] GC(284) Pause Young (Normal) (G1 Evacuation Pause)
[317.454s][info][gc,task        ] GC(284) Using 8 workers of 8 for evacuation
[317.458s][info][gc,phases      ] GC(284)   Pre Evacuate Collection Set: 0.1ms
[317.458s][info][gc,phases      ] GC(284)   Merge Heap Roots: 0.0ms
[317.458s][info][gc,phases      ] GC(284)   Evacuate Collection Set: 3.5ms
[317.458s][info][gc,phases      ] GC(284)   Post Evacuate Collection Set: 0.3ms
[317.459s][info][gc,phases      ] GC(284)   Other: 0.2ms
[317.459s][info][gc,heap        ] GC(284) Eden regions: 46->0(45)
[317.459s][info][gc,heap        ] GC(284) Survivor regions: 5->5(7)
[317.459s][info][gc,heap        ] GC(284) Old regions: 391->392
[317.459s][info][gc,heap        ] GC(284) Archive regions: 2->2
[317.459s][info][gc,heap        ] GC(284) Humongous regions: 11->11
[317.459s][info][gc,metaspace   ] GC(284) Metaspace: 44186K(45520K)->44186K(45520K) NonClass: 38947K(39892K)->38947K(39892K) Class: 5238K(5628K)->5238K(5628K)
[317.459s][info][gc             ] GC(284) Pause Young (Normal) (G1 Evacuation Pause) 449M->404M(512M) 4.154ms
[317.459s][info][gc,cpu         ] GC(284) User=0.03s Sys=0.00s Real=0.01s
[317.614s][info][gc,start       ] GC(285) Pause Young (Concurrent Start) (G1 Evacuation Pause)
[317.614s][info][gc,task        ] GC(285) Using 8 workers of 8 for evacuation
[317.617s][info][gc,phases      ] GC(285)   Pre Evacuate Collection Set: 0.1ms
[317.617s][info][gc,phases      ] GC(285)   Merge Heap Roots: 0.0ms
[317.617s][info][gc,phases      ] GC(285)   Evacuate Collection Set: 3.2ms
[317.617s][info][gc,phases      ] GC(285)   Post Evacuate Collection Set: 0.2ms
[317.618s][info][gc,phases      ] GC(285)   Other: 0.2ms
[317.618s][info][gc,heap        ] GC(285) Eden regions: 45->0(44)
[317.618s][info][gc,heap        ] GC(285) Survivor regions: 5->5(7)
[317.618s][info][gc,heap        ] GC(285) Old regions: 392->393
[317.618s][info][gc,heap        ] GC(285) Archive regions: 2->2
[317.618s][info][gc,heap        ] GC(285) Humongous regions: 11->11
[317.618s][info][gc,metaspace   ] GC(285) Metaspace: 44186K(45520K)->44186K(45520K) NonClass: 38947K(39892K)->38947K(39892K) Class: 5238K(5628K)->5238K(5628K)
[317.618s][info][gc             ] GC(285) Pause Young (Concurrent Start) (G1 Evacuation Pause) 449M->406M(512M) 3.810ms
[317.618s][info][gc,cpu         ] GC(285) User=0.02s Sys=0.00s Real=0.01s
[317.618s][info][gc             ] GC(286) Concurrent Cycle
[317.618s][info][gc,marking     ] GC(286) Concurrent Clear Claimed Marks
[317.618s][info][gc,marking     ] GC(286) Concurrent Clear Claimed Marks 0.028ms
[317.618s][info][gc,marking     ] GC(286) Concurrent Scan Root Regions
[317.621s][info][gc,marking     ] GC(286) Concurrent Scan Root Regions 3.720ms
[317.621s][info][gc,marking     ] GC(286) Concurrent Mark (317.621s)
[317.621s][info][gc,marking     ] GC(286) Concurrent Mark From Roots
[317.621s][info][gc,task        ] GC(286) Using 2 workers of 2 for marking
[317.849s][info][gc,start       ] GC(287) Pause Young (Normal) (G1 Evacuation Pause)
[317.849s][info][gc,task        ] GC(287) Using 8 workers of 8 for evacuation
[317.853s][info][gc,phases      ] GC(287)   Pre Evacuate Collection Set: 0.1ms
[317.853s][info][gc,phases      ] GC(287)   Merge Heap Roots: 0.1ms
[317.853s][info][gc,phases      ] GC(287)   Evacuate Collection Set: 3.0ms
[317.853s][info][gc,phases      ] GC(287)   Post Evacuate Collection Set: 0.2ms
[317.853s][info][gc,phases      ] GC(287)   Other: 0.1ms
[317.853s][info][gc,heap        ] GC(287) Eden regions: 44->0(42)
[317.853s][info][gc,heap        ] GC(287) Survivor regions: 5->5(7)
[317.853s][info][gc,heap        ] GC(287) Old regions: 393->395
[317.853s][info][gc,heap        ] GC(287) Archive regions: 2->2
[317.853s][info][gc,heap        ] GC(287) Humongous regions: 11->11
[317.853s][info][gc,metaspace   ] GC(287) Metaspace: 44186K(45520K)->44186K(45520K) NonClass: 38947K(39892K)->38947K(39892K) Class: 5238K(5628K)->5238K(5628K)
[317.853s][info][gc             ] GC(287) Pause Young (Normal) (G1 Evacuation Pause) 450M->407M(512M) 3.590ms
[317.853s][info][gc,cpu         ] GC(287) User=0.02s Sys=0.00s Real=0.00s
[318.070s][info][gc,start       ] GC(288) Pause Young (Normal) (G1 Evacuation Pause)
[318.070s][info][gc,task        ] GC(288) Using 8 workers of 8 for evacuation
[318.075s][info][gc,phases      ] GC(288)   Pre Evacuate Collection Set: 0.1ms
[318.075s][info][gc,phases      ] GC(288)   Merge Heap Roots: 0.0ms
[318.075s][info][gc,phases      ] GC(288)   Evacuate Collection Set: 3.8ms
[318.075s][info][gc,phases      ] GC(288)   Post Evacuate Collection Set: 0.3ms
[318.075s][info][gc,phases      ] GC(288)   Other: 0.2ms
[318.075s][info][gc,heap        ] GC(288) Eden regions: 42->0(42)
[318.075s][info][gc,heap        ] GC(288) Survivor regions: 5->4(6)
[318.075s][info][gc,heap        ] GC(288) Old regions: 395->397
[318.075s][info][gc,heap        ] GC(288) Archive regions: 2->2
[318.075s][info][gc,heap        ] GC(288) Humongous regions: 11->11
[318.075s][info][gc,metaspace   ] GC(288) Metaspace: 44186K(45520K)->44186K(45520K) NonClass: 38947K(39892K)->38947K(39892K) Class: 5238K(5628K)->5238K(5628K)
[318.075s][info][gc             ] GC(288) Pause Young (Normal) (G1 Evacuation Pause) 449M->408M(512M) 4.550ms
[318.075s][info][gc,cpu         ] GC(288) User=0.02s Sys=0.00s Real=0.01s
[318.170s][info][gc,marking     ] GC(286) Concurrent Mark From Roots 548.691ms
[318.170s][info][gc,marking     ] GC(286) Concurrent Preclean
[318.170s][info][gc,marking     ] GC(286) Concurrent Preclean 0.073ms
[318.170s][info][gc,marking     ] GC(286) Concurrent Mark (317.621s, 318.170s) 548.835ms
[318.170s][info][gc,start       ] GC(286) Pause Remark
[318.174s][info][gc             ] GC(286) Pause Remark 426M->426M(512M) 3.226ms
[318.174s][info][gc,cpu         ] GC(286) User=0.02s Sys=0.00s Real=0.00s
[318.174s][info][gc,marking     ] GC(286) Concurrent Rebuild Remembered Sets
[318.282s][info][gc,start       ] GC(289) Pause Young (Normal) (G1 Evacuation Pause)
[318.282s][info][gc,task        ] GC(289) Using 8 workers of 8 for evacuation
[318.285s][info][gc,phases      ] GC(289)   Pre Evacuate Collection Set: 0.1ms
[318.286s][info][gc,phases      ] GC(289)   Merge Heap Roots: 0.0ms
[318.286s][info][gc,phases      ] GC(289)   Evacuate Collection Set: 2.9ms
[318.286s][info][gc,phases      ] GC(289)   Post Evacuate Collection Set: 0.2ms
[318.286s][info][gc,phases      ] GC(289)   Other: 0.1ms
[318.286s][info][gc,heap        ] GC(289) Eden regions: 42->0(41)
[318.286s][info][gc,heap        ] GC(289) Survivor regions: 4->4(6)
[318.286s][info][gc,heap        ] GC(289) Old regions: 397->398
[318.286s][info][gc,heap        ] GC(289) Archive regions: 2->2
[318.286s][info][gc,heap        ] GC(289) Humongous regions: 11->11
[318.286s][info][gc,metaspace   ] GC(289) Metaspace: 44182K(45520K)->44182K(45520K) NonClass: 38944K(39892K)->38944K(39892K) Class: 5238K(5628K)->5238K(5628K)
[318.286s][info][gc             ] GC(289) Pause Young (Normal) (G1 Evacuation Pause) 450M->409M(512M) 3.505ms
[318.286s][info][gc,cpu         ] GC(289) User=0.02s Sys=0.00s Real=0.01s
[318.458s][info][gc,start       ] GC(290) Pause Young (Normal) (G1 Evacuation Pause)
[318.458s][info][gc,task        ] GC(290) Using 8 workers of 8 for evacuation
[318.462s][info][gc,phases      ] GC(290)   Pre Evacuate Collection Set: 0.1ms
[318.462s][info][gc,phases      ] GC(290)   Merge Heap Roots: 0.1ms
[318.462s][info][gc,phases      ] GC(290)   Evacuate Collection Set: 3.0ms
[318.462s][info][gc,phases      ] GC(290)   Post Evacuate Collection Set: 0.3ms
[318.462s][info][gc,phases      ] GC(290)   Other: 0.1ms
[318.462s][info][gc,heap        ] GC(290) Eden regions: 41->0(40)
[318.462s][info][gc,heap        ] GC(290) Survivor regions: 4->4(6)
[318.462s][info][gc,heap        ] GC(290) Old regions: 398->399
[318.462s][info][gc,heap        ] GC(290) Archive regions: 2->2
[318.462s][info][gc,heap        ] GC(290) Humongous regions: 11->11
[318.462s][info][gc,metaspace   ] GC(290) Metaspace: 44182K(45520K)->44182K(45520K) NonClass: 38944K(39892K)->38944K(39892K) Class: 5238K(5628K)->5238K(5628K)
[318.462s][info][gc             ] GC(290) Pause Young (Normal) (G1 Evacuation Pause) 450M->409M(512M) 3.694ms
[318.462s][info][gc,cpu         ] GC(290) User=0.02s Sys=0.00s Real=0.00s
[318.527s][info][gc,marking     ] GC(286) Concurrent Rebuild Remembered Sets 353.303ms
[318.527s][info][gc,start       ] GC(286) Pause Cleanup
[318.527s][info][gc             ] GC(286) Pause Cleanup 426M->426M(512M) 0.245ms
[318.528s][info][gc,cpu         ] GC(286) User=0.00s Sys=0.00s Real=0.00s
[318.528s][info][gc,marking     ] GC(286) Concurrent Cleanup for Next Mark
[318.529s][info][gc,marking     ] GC(286) Concurrent Cleanup for Next Mark 1.118ms
[318.529s][info][gc             ] GC(286) Concurrent Cycle 911.093ms
[318.617s][info][gc,start       ] GC(291) Pause Young (Normal) (G1 Evacuation Pause)
[318.617s][info][gc,task        ] GC(291) Using 8 workers of 8 for evacuation
[318.621s][info][gc,phases      ] GC(291)   Pre Evacuate Collection Set: 0.1ms
[318.621s][info][gc,phases      ] GC(291)   Merge Heap Roots: 0.1ms
[318.621s][info][gc,phases      ] GC(291)   Evacuate Collection Set: 3.5ms
[318.621s][info][gc,phases      ] GC(291)   Post Evacuate Collection Set: 0.2ms
[318.621s][info][gc,phases      ] GC(291)   Other: 0.1ms
[318.621s][info][gc,heap        ] GC(291) Eden regions: 40->0(38)
[318.621s][info][gc,heap        ] GC(291) Survivor regions: 4->5(6)
[318.621s][info][gc,heap        ] GC(291) Old regions: 399->399
[318.621s][info][gc,heap        ] GC(291) Archive regions: 2->2
[318.621s][info][gc,heap        ] GC(291) Humongous regions: 11->11
[318.621s][info][gc,metaspace   ] GC(291) Metaspace: 44182K(45520K)->44182K(45520K) NonClass: 38944K(39892K)->38944K(39892K) Class: 5238K(5628K)->5238K(5628K)
[318.621s][info][gc             ] GC(291) Pause Young (Normal) (G1 Evacuation Pause) 449M->411M(512M) 4.071ms
[318.621s][info][gc,cpu         ] GC(291) User=0.02s Sys=0.00s Real=0.00s
[318.769s][info][gc,start       ] GC(292) Pause Young (Concurrent Start) (G1 Evacuation Pause)
[318.769s][info][gc,task        ] GC(292) Using 8 workers of 8 for evacuation
[318.772s][info][gc,phases      ] GC(292)   Pre Evacuate Collection Set: 0.1ms
[318.772s][info][gc,phases      ] GC(292)   Merge Heap Roots: 0.0ms
[318.772s][info][gc,phases      ] GC(292)   Evacuate Collection Set: 2.7ms
[318.772s][info][gc,phases      ] GC(292)   Post Evacuate Collection Set: 0.2ms
[318.772s][info][gc,phases      ] GC(292)   Other: 0.2ms
[318.772s][info][gc,heap        ] GC(292) Eden regions: 38->0(37)
[318.772s][info][gc,heap        ] GC(292) Survivor regions: 5->5(6)
[318.772s][info][gc,heap        ] GC(292) Old regions: 399->400
[318.772s][info][gc,heap        ] GC(292) Archive regions: 2->2
[318.772s][info][gc,heap        ] GC(292) Humongous regions: 11->11
[318.772s][info][gc,metaspace   ] GC(292) Metaspace: 44182K(45520K)->44182K(45520K) NonClass: 38944K(39892K)->38944K(39892K) Class: 5238K(5628K)->5238K(5628K)
[318.772s][info][gc             ] GC(292) Pause Young (Concurrent Start) (G1 Evacuation Pause) 449M->411M(512M) 3.327ms
[318.772s][info][gc,cpu         ] GC(292) User=0.02s Sys=0.00s Real=0.00s
[318.772s][info][gc             ] GC(293) Concurrent Cycle
[318.772s][info][gc,marking     ] GC(293) Concurrent Clear Claimed Marks
[318.772s][info][gc,marking     ] GC(293) Concurrent Clear Claimed Marks 0.038ms
[318.772s][info][gc,marking     ] GC(293) Concurrent Scan Root Regions
[318.776s][info][gc,marking     ] GC(293) Concurrent Scan Root Regions 3.478ms
[318.776s][info][gc,marking     ] GC(293) Concurrent Mark (318.776s)
[318.776s][info][gc,marking     ] GC(293) Concurrent Mark From Roots
[318.776s][info][gc,task        ] GC(293) Using 2 workers of 2 for marking
[318.968s][info][gc,start       ] GC(294) Pause Young (Normal) (G1 Evacuation Pause)
[318.968s][info][gc,task        ] GC(294) Using 8 workers of 8 for evacuation
[318.971s][info][gc,phases      ] GC(294)   Pre Evacuate Collection Set: 0.1ms
[318.971s][info][gc,phases      ] GC(294)   Merge Heap Roots: 0.1ms
[318.971s][info][gc,phases      ] GC(294)   Evacuate Collection Set: 2.8ms
[318.971s][info][gc,phases      ] GC(294)   Post Evacuate Collection Set: 0.3ms
[318.971s][info][gc,phases      ] GC(294)   Other: 0.1ms
[318.971s][info][gc,heap        ] GC(294) Eden regions: 37->0(38)
[318.971s][info][gc,heap        ] GC(294) Survivor regions: 5->4(6)
[318.971s][info][gc,heap        ] GC(294) Old regions: 400->401
[318.971s][info][gc,heap        ] GC(294) Archive regions: 2->2
[318.971s][info][gc,heap        ] GC(294) Humongous regions: 11->11
[318.971s][info][gc,metaspace   ] GC(294) Metaspace: 44182K(45520K)->44182K(45520K) NonClass: 38944K(39892K)->38944K(39892K) Class: 5238K(5628K)->5238K(5628K)
[318.971s][info][gc             ] GC(294) Pause Young (Normal) (G1 Evacuation Pause) 448M->412M(512M) 3.477ms
[318.971s][info][gc,cpu         ] GC(294) User=0.02s Sys=0.00s Real=0.00s
[319.148s][info][gc,start       ] GC(295) Pause Young (Normal) (G1 Evacuation Pause)
[319.148s][info][gc,task        ] GC(295) Using 8 workers of 8 for evacuation
[319.151s][info][gc,phases      ] GC(295)   Pre Evacuate Collection Set: 0.1ms
[319.151s][info][gc,phases      ] GC(295)   Merge Heap Roots: 0.0ms
[319.151s][info][gc,phases      ] GC(295)   Evacuate Collection Set: 2.8ms
[319.151s][info][gc,phases      ] GC(295)   Post Evacuate Collection Set: 0.2ms
[319.151s][info][gc,phases      ] GC(295)   Other: 0.2ms
[319.151s][info][gc,heap        ] GC(295) Eden regions: 38->0(37)
[319.151s][info][gc,heap        ] GC(295) Survivor regions: 4->4(6)
[319.151s][info][gc,heap        ] GC(295) Old regions: 401->402
[319.151s][info][gc,heap        ] GC(295) Archive regions: 2->2
[319.151s][info][gc,heap        ] GC(295) Humongous regions: 11->11
[319.151s][info][gc,metaspace   ] GC(295) Metaspace: 44182K(45520K)->44182K(45520K) NonClass: 38944K(39892K)->38944K(39892K) Class: 5238K(5628K)->5238K(5628K)
[319.151s][info][gc             ] GC(295) Pause Young (Normal) (G1 Evacuation Pause) 450M->413M(512M) 3.429ms
[319.151s][info][gc,cpu         ] GC(295) User=0.02s Sys=0.00s Real=0.00s
[319.318s][info][gc,start       ] GC(296) Pause Young (Normal) (G1 Evacuation Pause)
[319.318s][info][gc,task        ] GC(296) Using 8 workers of 8 for evacuation
[319.321s][info][gc,phases      ] GC(296)   Pre Evacuate Collection Set: 0.1ms
[319.321s][info][gc,phases      ] GC(296)   Merge Heap Roots: 0.0ms
[319.321s][info][gc,phases      ] GC(296)   Evacuate Collection Set: 3.0ms
[319.321s][info][gc,phases      ] GC(296)   Post Evacuate Collection Set: 0.2ms
[319.321s][info][gc,phases      ] GC(296)   Other: 0.1ms
[319.321s][info][gc,heap        ] GC(296) Eden regions: 37->0(36)
[319.321s][info][gc,heap        ] GC(296) Survivor regions: 4->4(6)
[319.321s][info][gc,heap        ] GC(296) Old regions: 402->403
[319.321s][info][gc,heap        ] GC(296) Archive regions: 2->2
[319.321s][info][gc,heap        ] GC(296) Humongous regions: 11->11
[319.321s][info][gc,metaspace   ] GC(296) Metaspace: 44182K(45520K)->44182K(45520K) NonClass: 38944K(39892K)->38944K(39892K) Class: 5238K(5628K)->5238K(5628K)
[319.321s][info][gc             ] GC(296) Pause Young (Normal) (G1 Evacuation Pause) 450M->414M(512M) 3.562ms
[319.321s][info][gc,cpu         ] GC(296) User=0.02s Sys=0.00s Real=0.00s
[319.430s][info][gc,marking     ] GC(293) Concurrent Mark From Roots 653.742ms
[319.430s][info][gc,marking     ] GC(293) Concurrent Preclean
[319.430s][info][gc,marking     ] GC(293) Concurrent Preclean 0.088ms
[319.430s][info][gc,marking     ] GC(293) Concurrent Mark (318.776s, 319.430s) 653.905ms
[319.430s][info][gc,start       ] GC(293) Pause Remark
[319.432s][info][gc             ] GC(293) Pause Remark 438M->438M(512M) 1.805ms
[319.432s][info][gc,cpu         ] GC(293) User=0.01s Sys=0.00s Real=0.00s
[319.432s][info][gc,marking     ] GC(293) Concurrent Rebuild Remembered Sets
[319.485s][info][gc,start       ] GC(297) Pause Young (Normal) (G1 Evacuation Pause)
[319.485s][info][gc,task        ] GC(297) Using 8 workers of 8 for evacuation
[319.489s][info][gc,phases      ] GC(297)   Pre Evacuate Collection Set: 0.1ms
[319.489s][info][gc,phases      ] GC(297)   Merge Heap Roots: 0.0ms
[319.489s][info][gc,phases      ] GC(297)   Evacuate Collection Set: 3.0ms
[319.489s][info][gc,phases      ] GC(297)   Post Evacuate Collection Set: 0.2ms
[319.489s][info][gc,phases      ] GC(297)   Other: 0.1ms
[319.489s][info][gc,heap        ] GC(297) Eden regions: 36->0(34)
[319.489s][info][gc,heap        ] GC(297) Survivor regions: 4->4(5)
[319.489s][info][gc,heap        ] GC(297) Old regions: 403->405
[319.489s][info][gc,heap        ] GC(297) Archive regions: 2->2
[319.489s][info][gc,heap        ] GC(297) Humongous regions: 11->11
[319.489s][info][gc,metaspace   ] GC(297) Metaspace: 44182K(45520K)->44182K(45520K) NonClass: 38944K(39892K)->38944K(39892K) Class: 5238K(5628K)->5238K(5628K)
[319.489s][info][gc             ] GC(297) Pause Young (Normal) (G1 Evacuation Pause) 450M->415M(512M) 3.582ms
[319.489s][info][gc,cpu         ] GC(297) User=0.02s Sys=0.00s Real=0.00s
[319.632s][info][gc,start       ] GC(298) Pause Young (Normal) (G1 Evacuation Pause)
[319.632s][info][gc,task        ] GC(298) Using 8 workers of 8 for evacuation
[319.635s][info][gc,phases      ] GC(298)   Pre Evacuate Collection Set: 0.1ms
[319.635s][info][gc,phases      ] GC(298)   Merge Heap Roots: 0.1ms
[319.635s][info][gc,phases      ] GC(298)   Evacuate Collection Set: 2.7ms
[319.635s][info][gc,phases      ] GC(298)   Post Evacuate Collection Set: 0.2ms
[319.635s][info][gc,phases      ] GC(298)   Other: 0.1ms
[319.635s][info][gc,heap        ] GC(298) Eden regions: 34->0(35)
[319.635s][info][gc,heap        ] GC(298) Survivor regions: 4->3(5)
[319.635s][info][gc,heap        ] GC(298) Old regions: 405->406
[319.635s][info][gc,heap        ] GC(298) Archive regions: 2->2
[319.635s][info][gc,heap        ] GC(298) Humongous regions: 11->11
[319.635s][info][gc,metaspace   ] GC(298) Metaspace: 44182K(45520K)->44182K(45520K) NonClass: 38944K(39892K)->38944K(39892K) Class: 5238K(5628K)->5238K(5628K)
[319.635s][info][gc             ] GC(298) Pause Young (Normal) (G1 Evacuation Pause) 449M->416M(512M) 3.394ms
[319.635s][info][gc,cpu         ] GC(298) User=0.02s Sys=0.00s Real=0.01s
[319.787s][info][gc,marking     ] GC(293) Concurrent Rebuild Remembered Sets 355.522ms
[319.788s][info][gc,start       ] GC(293) Pause Cleanup
[319.788s][info][gc             ] GC(293) Pause Cleanup 448M->448M(512M) 0.275ms
[319.788s][info][gc,cpu         ] GC(293) User=0.00s Sys=0.00s Real=0.00s
[319.788s][info][gc,marking     ] GC(293) Concurrent Cleanup for Next Mark
[319.789s][info][gc,marking     ] GC(293) Concurrent Cleanup for Next Mark 0.764ms
[319.789s][info][gc             ] GC(293) Concurrent Cycle 1016.578ms
[319.798s][info][gc,start       ] GC(299) Pause Young (Normal) (G1 Evacuation Pause)
[319.798s][info][gc,task        ] GC(299) Using 8 workers of 8 for evacuation
[319.801s][info][gc,phases      ] GC(299)   Pre Evacuate Collection Set: 0.1ms
[319.801s][info][gc,phases      ] GC(299)   Merge Heap Roots: 0.1ms
[319.801s][info][gc,phases      ] GC(299)   Evacuate Collection Set: 2.5ms
[319.801s][info][gc,phases      ] GC(299)   Post Evacuate Collection Set: 0.2ms
[319.801s][info][gc,phases      ] GC(299)   Other: 0.1ms
[319.801s][info][gc,heap        ] GC(299) Eden regions: 35->0(34)
[319.801s][info][gc,heap        ] GC(299) Survivor regions: 3->3(5)
[319.801s][info][gc,heap        ] GC(299) Old regions: 406->407
[319.801s][info][gc,heap        ] GC(299) Archive regions: 2->2
[319.801s][info][gc,heap        ] GC(299) Humongous regions: 11->11
[319.802s][info][gc,metaspace   ] GC(299) Metaspace: 44182K(45520K)->44182K(45520K) NonClass: 38944K(39892K)->38944K(39892K) Class: 5238K(5628K)->5238K(5628K)
[319.802s][info][gc             ] GC(299) Pause Young (Normal) (G1 Evacuation Pause) 451M->417M(512M) 3.101ms
[319.802s][info][gc,cpu         ] GC(299) User=0.02s Sys=0.00s Real=0.00s
[319.974s][info][gc,start       ] GC(300) Pause Young (Concurrent Start) (G1 Evacuation Pause)
[319.974s][info][gc,task        ] GC(300) Using 8 workers of 8 for evacuation
[319.976s][info][gc,phases      ] GC(300)   Pre Evacuate Collection Set: 0.1ms
[319.976s][info][gc,phases      ] GC(300)   Merge Heap Roots: 0.0ms
[319.976s][info][gc,phases      ] GC(300)   Evacuate Collection Set: 2.3ms
[319.976s][info][gc,phases      ] GC(300)   Post Evacuate Collection Set: 0.2ms
[319.976s][info][gc,phases      ] GC(300)   Other: 0.2ms
[319.976s][info][gc,heap        ] GC(300) Eden regions: 34->0(32)
[319.976s][info][gc,heap        ] GC(300) Survivor regions: 3->4(5)
[319.976s][info][gc,heap        ] GC(300) Old regions: 407->407
[319.976s][info][gc,heap        ] GC(300) Archive regions: 2->2
[319.976s][info][gc,heap        ] GC(300) Humongous regions: 11->11
[319.976s][info][gc,metaspace   ] GC(300) Metaspace: 44182K(45520K)->44182K(45520K) NonClass: 38944K(39892K)->38944K(39892K) Class: 5238K(5628K)->5238K(5628K)
[319.976s][info][gc             ] GC(300) Pause Young (Concurrent Start) (G1 Evacuation Pause) 451M->418M(512M) 2.886ms
[319.976s][info][gc,cpu         ] GC(300) User=0.02s Sys=0.00s Real=0.01s
[319.977s][info][gc             ] GC(301) Concurrent Cycle
[319.977s][info][gc,marking     ] GC(301) Concurrent Clear Claimed Marks
[319.977s][info][gc,marking     ] GC(301) Concurrent Clear Claimed Marks 0.029ms
[319.977s][info][gc,marking     ] GC(301) Concurrent Scan Root Regions
[319.980s][info][gc,marking     ] GC(301) Concurrent Scan Root Regions 3.178ms
[319.980s][info][gc,marking     ] GC(301) Concurrent Mark (319.980s)
[319.980s][info][gc,marking     ] GC(301) Concurrent Mark From Roots
[319.980s][info][gc,task        ] GC(301) Using 2 workers of 2 for marking
[320.189s][info][gc,start       ] GC(302) Pause Young (Normal) (G1 Evacuation Pause)
[320.189s][info][gc,task        ] GC(302) Using 8 workers of 8 for evacuation
[320.191s][info][gc,phases      ] GC(302)   Pre Evacuate Collection Set: 0.1ms
[320.192s][info][gc,phases      ] GC(302)   Merge Heap Roots: 0.0ms
[320.192s][info][gc,phases      ] GC(302)   Evacuate Collection Set: 2.4ms
[320.192s][info][gc,phases      ] GC(302)   Post Evacuate Collection Set: 0.2ms
[320.192s][info][gc,phases      ] GC(302)   Other: 0.1ms
[320.192s][info][gc,heap        ] GC(302) Eden regions: 32->0(31)
[320.192s][info][gc,heap        ] GC(302) Survivor regions: 4->4(5)
[320.192s][info][gc,heap        ] GC(302) Old regions: 407->408
[320.192s][info][gc,heap        ] GC(302) Archive regions: 2->2
[320.192s][info][gc,heap        ] GC(302) Humongous regions: 11->11
[320.192s][info][gc,metaspace   ] GC(302) Metaspace: 44182K(45520K)->44182K(45520K) NonClass: 38944K(39892K)->38944K(39892K) Class: 5238K(5628K)->5238K(5628K)
[320.192s][info][gc             ] GC(302) Pause Young (Normal) (G1 Evacuation Pause) 450M->418M(512M) 2.955ms
[320.192s][info][gc,cpu         ] GC(302) User=0.02s Sys=0.00s Real=0.00s
[320.372s][info][gc,start       ] GC(303) Pause Young (Normal) (G1 Evacuation Pause)
[320.372s][info][gc,task        ] GC(303) Using 8 workers of 8 for evacuation
[320.375s][info][gc,phases      ] GC(303)   Pre Evacuate Collection Set: 0.1ms
[320.375s][info][gc,phases      ] GC(303)   Merge Heap Roots: 0.0ms
[320.375s][info][gc,phases      ] GC(303)   Evacuate Collection Set: 2.9ms
[320.375s][info][gc,phases      ] GC(303)   Post Evacuate Collection Set: 0.2ms
[320.375s][info][gc,phases      ] GC(303)   Other: 0.1ms
[320.375s][info][gc,heap        ] GC(303) Eden regions: 31->0(30)
[320.375s][info][gc,heap        ] GC(303) Survivor regions: 4->4(5)
[320.375s][info][gc,heap        ] GC(303) Old regions: 408->409
[320.375s][info][gc,heap        ] GC(303) Archive regions: 2->2
[320.375s][info][gc,heap        ] GC(303) Humongous regions: 11->11
[320.375s][info][gc,metaspace   ] GC(303) Metaspace: 44183K(45520K)->44183K(45520K) NonClass: 38945K(39892K)->38945K(39892K) Class: 5238K(5628K)->5238K(5628K)
[320.375s][info][gc             ] GC(303) Pause Young (Normal) (G1 Evacuation Pause) 449M->419M(512M) 3.467ms
[320.375s][info][gc,cpu         ] GC(303) User=0.02s Sys=0.00s Real=0.01s
[320.521s][info][gc,start       ] GC(304) Pause Young (Normal) (G1 Evacuation Pause)
[320.521s][info][gc,task        ] GC(304) Using 8 workers of 8 for evacuation
[320.524s][info][gc,phases      ] GC(304)   Pre Evacuate Collection Set: 0.1ms
[320.524s][info][gc,phases      ] GC(304)   Merge Heap Roots: 0.1ms
[320.524s][info][gc,phases      ] GC(304)   Evacuate Collection Set: 2.8ms
[320.524s][info][gc,phases      ] GC(304)   Post Evacuate Collection Set: 0.2ms
[320.524s][info][gc,phases      ] GC(304)   Other: 0.1ms
[320.524s][info][gc,heap        ] GC(304) Eden regions: 30->0(30)
[320.524s][info][gc,heap        ] GC(304) Survivor regions: 4->4(5)
[320.524s][info][gc,heap        ] GC(304) Old regions: 409->409
[320.524s][info][gc,heap        ] GC(304) Archive regions: 2->2
[320.524s][info][gc,heap        ] GC(304) Humongous regions: 11->11
[320.524s][info][gc,metaspace   ] GC(304) Metaspace: 44183K(45520K)->44183K(45520K) NonClass: 38945K(39892K)->38945K(39892K) Class: 5238K(5628K)->5238K(5628K)
[320.525s][info][gc             ] GC(304) Pause Young (Normal) (G1 Evacuation Pause) 449M->420M(512M) 3.400ms
[320.525s][info][gc,cpu         ] GC(304) User=0.02s Sys=0.00s Real=0.00s
[320.669s][info][gc,start       ] GC(305) Pause Young (Normal) (G1 Evacuation Pause)
[320.669s][info][gc,task        ] GC(305) Using 8 workers of 8 for evacuation
[320.672s][info][gc,phases      ] GC(305)   Pre Evacuate Collection Set: 0.1ms
[320.672s][info][gc,phases      ] GC(305)   Merge Heap Roots: 0.0ms
[320.672s][info][gc,phases      ] GC(305)   Evacuate Collection Set: 3.2ms
[320.672s][info][gc,phases      ] GC(305)   Post Evacuate Collection Set: 0.2ms
[320.672s][info][gc,phases      ] GC(305)   Other: 0.1ms
[320.672s][info][gc,heap        ] GC(305) Eden regions: 30->0(29)
[320.672s][info][gc,heap        ] GC(305) Survivor regions: 4->4(5)
[320.672s][info][gc,heap        ] GC(305) Old regions: 409->410
[320.672s][info][gc,heap        ] GC(305) Archive regions: 2->2
[320.672s][info][gc,heap        ] GC(305) Humongous regions: 11->11
[320.672s][info][gc,metaspace   ] GC(305) Metaspace: 44184K(45520K)->44184K(45520K) NonClass: 38945K(39892K)->38945K(39892K) Class: 5238K(5628K)->5238K(5628K)
[320.672s][info][gc             ] GC(305) Pause Young (Normal) (G1 Evacuation Pause) 450M->421M(512M) 3.773ms
[320.673s][info][gc,cpu         ] GC(305) User=0.02s Sys=0.00s Real=0.00s
[320.674s][info][gc,marking     ] GC(301) Concurrent Mark From Roots 694.050ms
[320.674s][info][gc,marking     ] GC(301) Concurrent Preclean
[320.674s][info][gc,marking     ] GC(301) Concurrent Preclean 0.099ms
[320.674s][info][gc,marking     ] GC(301) Concurrent Mark (319.980s, 320.674s) 694.223ms
[320.674s][info][gc,start       ] GC(301) Pause Remark
[320.676s][info][gc             ] GC(301) Pause Remark 421M->421M(512M) 2.048ms
[320.676s][info][gc,cpu         ] GC(301) User=0.02s Sys=0.00s Real=0.01s
[320.677s][info][gc,marking     ] GC(301) Concurrent Rebuild Remembered Sets
[320.839s][info][gc,start       ] GC(306) Pause Young (Normal) (G1 Evacuation Pause)
[320.839s][info][gc,task        ] GC(306) Using 8 workers of 8 for evacuation
[320.842s][info][gc,phases      ] GC(306)   Pre Evacuate Collection Set: 0.1ms
[320.842s][info][gc,phases      ] GC(306)   Merge Heap Roots: 0.0ms
[320.842s][info][gc,phases      ] GC(306)   Evacuate Collection Set: 2.9ms
[320.842s][info][gc,phases      ] GC(306)   Post Evacuate Collection Set: 0.2ms
[320.842s][info][gc,phases      ] GC(306)   Other: 0.2ms
[320.843s][info][gc,heap        ] GC(306) Eden regions: 29->0(28)
[320.843s][info][gc,heap        ] GC(306) Survivor regions: 4->4(5)
[320.843s][info][gc,heap        ] GC(306) Old regions: 410->411
[320.843s][info][gc,heap        ] GC(306) Archive regions: 2->2
[320.843s][info][gc,heap        ] GC(306) Humongous regions: 11->11
[320.843s][info][gc,metaspace   ] GC(306) Metaspace: 44184K(45520K)->44184K(45520K) NonClass: 38945K(39892K)->38945K(39892K) Class: 5238K(5628K)->5238K(5628K)
[320.843s][info][gc             ] GC(306) Pause Young (Normal) (G1 Evacuation Pause) 450M->421M(512M) 3.720ms
[320.843s][info][gc,cpu         ] GC(306) User=0.01s Sys=0.00s Real=0.00s
[320.965s][info][gc,start       ] GC(307) Pause Young (Normal) (G1 Evacuation Pause)
[320.965s][info][gc,task        ] GC(307) Using 8 workers of 8 for evacuation
[320.968s][info][gc,phases      ] GC(307)   Pre Evacuate Collection Set: 0.1ms
[320.968s][info][gc,phases      ] GC(307)   Merge Heap Roots: 0.0ms
[320.968s][info][gc,phases      ] GC(307)   Evacuate Collection Set: 2.7ms
[320.968s][info][gc,phases      ] GC(307)   Post Evacuate Collection Set: 0.2ms
[320.968s][info][gc,phases      ] GC(307)   Other: 0.1ms
[320.968s][info][gc,heap        ] GC(307) Eden regions: 28->0(29)
[320.968s][info][gc,heap        ] GC(307) Survivor regions: 4->3(4)
[320.968s][info][gc,heap        ] GC(307) Old regions: 411->412
[320.968s][info][gc,heap        ] GC(307) Archive regions: 2->2
[320.968s][info][gc,heap        ] GC(307) Humongous regions: 11->11
[320.968s][info][gc,metaspace   ] GC(307) Metaspace: 44184K(45520K)->44184K(45520K) NonClass: 38945K(39892K)->38945K(39892K) Class: 5238K(5628K)->5238K(5628K)
[320.968s][info][gc             ] GC(307) Pause Young (Normal) (G1 Evacuation Pause) 449M->422M(512M) 3.300ms
[320.968s][info][gc,cpu         ] GC(307) User=0.02s Sys=0.00s Real=0.01s
[321.063s][info][gc,marking     ] GC(301) Concurrent Rebuild Remembered Sets 386.410ms
[321.063s][info][gc,start       ] GC(301) Pause Cleanup
[321.063s][info][gc             ] GC(301) Pause Cleanup 443M->443M(512M) 0.255ms
[321.064s][info][gc,cpu         ] GC(301) User=0.00s Sys=0.00s Real=0.00s
[321.064s][info][gc,marking     ] GC(301) Concurrent Cleanup for Next Mark
[321.064s][info][gc,marking     ] GC(301) Concurrent Cleanup for Next Mark 0.718ms
[321.064s][info][gc             ] GC(301) Concurrent Cycle 1087.822ms
[321.097s][info][gc,start       ] GC(308) Pause Young (Normal) (G1 Evacuation Pause)
[321.097s][info][gc,task        ] GC(308) Using 8 workers of 8 for evacuation
[321.100s][info][gc,phases      ] GC(308)   Pre Evacuate Collection Set: 0.0ms
[321.100s][info][gc,phases      ] GC(308)   Merge Heap Roots: 0.0ms
[321.100s][info][gc,phases      ] GC(308)   Evacuate Collection Set: 2.2ms
[321.100s][info][gc,phases      ] GC(308)   Post Evacuate Collection Set: 0.2ms
[321.100s][info][gc,phases      ] GC(308)   Other: 0.1ms
[321.100s][info][gc,heap        ] GC(308) Eden regions: 29->0(28)
[321.100s][info][gc,heap        ] GC(308) Survivor regions: 3->3(4)
[321.100s][info][gc,heap        ] GC(308) Old regions: 412->413
[321.100s][info][gc,heap        ] GC(308) Archive regions: 2->2
[321.100s][info][gc,heap        ] GC(308) Humongous regions: 11->11
[321.100s][info][gc,metaspace   ] GC(308) Metaspace: 44184K(45520K)->44184K(45520K) NonClass: 38945K(39892K)->38945K(39892K) Class: 5238K(5628K)->5238K(5628K)
[321.100s][info][gc             ] GC(308) Pause Young (Normal) (G1 Evacuation Pause) 451M->423M(512M) 2.686ms
[321.100s][info][gc,cpu         ] GC(308) User=0.02s Sys=0.00s Real=0.00s
[321.203s][info][gc,start       ] GC(309) Pause Young (Concurrent Start) (G1 Evacuation Pause)
[321.203s][info][gc,task        ] GC(309) Using 8 workers of 8 for evacuation
[321.205s][info][gc,phases      ] GC(309)   Pre Evacuate Collection Set: 0.1ms
[321.206s][info][gc,phases      ] GC(309)   Merge Heap Roots: 0.0ms
[321.206s][info][gc,phases      ] GC(309)   Evacuate Collection Set: 1.7ms
[321.206s][info][gc,phases      ] GC(309)   Post Evacuate Collection Set: 0.2ms
[321.206s][info][gc,phases      ] GC(309)   Other: 0.1ms
[321.206s][info][gc,heap        ] GC(309) Eden regions: 28->0(27)
[321.206s][info][gc,heap        ] GC(309) Survivor regions: 3->3(4)
[321.206s][info][gc,heap        ] GC(309) Old regions: 413->414
[321.206s][info][gc,heap        ] GC(309) Archive regions: 2->2
[321.206s][info][gc,heap        ] GC(309) Humongous regions: 11->11
[321.206s][info][gc,metaspace   ] GC(309) Metaspace: 44184K(45520K)->44184K(45520K) NonClass: 38945K(39892K)->38945K(39892K) Class: 5238K(5628K)->5238K(5628K)
[321.206s][info][gc             ] GC(309) Pause Young (Concurrent Start) (G1 Evacuation Pause) 451M->423M(512M) 2.338ms
[321.206s][info][gc,cpu         ] GC(309) User=0.02s Sys=0.00s Real=0.01s
[321.206s][info][gc             ] GC(310) Concurrent Cycle
[321.206s][info][gc,marking     ] GC(310) Concurrent Clear Claimed Marks
[321.206s][info][gc,marking     ] GC(310) Concurrent Clear Claimed Marks 0.029ms
[321.206s][info][gc,marking     ] GC(310) Concurrent Scan Root Regions
[321.208s][info][gc,marking     ] GC(310) Concurrent Scan Root Regions 1.981ms
[321.208s][info][gc,marking     ] GC(310) Concurrent Mark (321.208s)
[321.208s][info][gc,marking     ] GC(310) Concurrent Mark From Roots
[321.208s][info][gc,task        ] GC(310) Using 2 workers of 2 for marking
[321.340s][info][gc,start       ] GC(311) Pause Young (Normal) (G1 Evacuation Pause)
[321.340s][info][gc,task        ] GC(311) Using 8 workers of 8 for evacuation
[321.342s][info][gc,phases      ] GC(311)   Pre Evacuate Collection Set: 0.1ms
[321.342s][info][gc,phases      ] GC(311)   Merge Heap Roots: 0.1ms
[321.342s][info][gc,phases      ] GC(311)   Evacuate Collection Set: 1.7ms
[321.342s][info][gc,phases      ] GC(311)   Post Evacuate Collection Set: 0.2ms
[321.342s][info][gc,phases      ] GC(311)   Other: 0.1ms
[321.342s][info][gc,heap        ] GC(311) Eden regions: 27->0(26)
[321.342s][info][gc,heap        ] GC(311) Survivor regions: 3->3(4)
[321.342s][info][gc,heap        ] GC(311) Old regions: 414->415
[321.342s][info][gc,heap        ] GC(311) Archive regions: 2->2
[321.342s][info][gc,heap        ] GC(311) Humongous regions: 11->11
[321.342s][info][gc,metaspace   ] GC(311) Metaspace: 44184K(45520K)->44184K(45520K) NonClass: 38945K(39892K)->38945K(39892K) Class: 5238K(5628K)->5238K(5628K)
[321.342s][info][gc             ] GC(311) Pause Young (Normal) (G1 Evacuation Pause) 450M->424M(512M) 2.293ms
[321.342s][info][gc,cpu         ] GC(311) User=0.01s Sys=0.00s Real=0.00s
[321.455s][info][gc,start       ] GC(312) Pause Young (Normal) (G1 Evacuation Pause)
[321.455s][info][gc,task        ] GC(312) Using 8 workers of 8 for evacuation
[321.457s][info][gc,phases      ] GC(312)   Pre Evacuate Collection Set: 0.1ms
[321.457s][info][gc,phases      ] GC(312)   Merge Heap Roots: 0.0ms
[321.457s][info][gc,phases      ] GC(312)   Evacuate Collection Set: 1.9ms
[321.457s][info][gc,phases      ] GC(312)   Post Evacuate Collection Set: 0.2ms
[321.458s][info][gc,phases      ] GC(312)   Other: 0.1ms
[321.458s][info][gc,heap        ] GC(312) Eden regions: 26->0(26)
[321.458s][info][gc,heap        ] GC(312) Survivor regions: 3->3(4)
[321.458s][info][gc,heap        ] GC(312) Old regions: 415->415
[321.458s][info][gc,heap        ] GC(312) Archive regions: 2->2
[321.458s][info][gc,heap        ] GC(312) Humongous regions: 11->11
[321.458s][info][gc,metaspace   ] GC(312) Metaspace: 44184K(45520K)->44184K(45520K) NonClass: 38946K(39892K)->38946K(39892K) Class: 5238K(5628K)->5238K(5628K)
[321.458s][info][gc             ] GC(312) Pause Young (Normal) (G1 Evacuation Pause) 450M->425M(512M) 2.456ms
[321.458s][info][gc,cpu         ] GC(312) User=0.01s Sys=0.00s Real=0.00s
[321.580s][info][gc,start       ] GC(313) Pause Young (Normal) (G1 Evacuation Pause)
[321.580s][info][gc,task        ] GC(313) Using 8 workers of 8 for evacuation
[321.582s][info][gc,phases      ] GC(313)   Pre Evacuate Collection Set: 0.1ms
[321.583s][info][gc,phases      ] GC(313)   Merge Heap Roots: 0.0ms
[321.583s][info][gc,phases      ] GC(313)   Evacuate Collection Set: 1.9ms
[321.583s][info][gc,phases      ] GC(313)   Post Evacuate Collection Set: 0.2ms
[321.583s][info][gc,phases      ] GC(313)   Other: 0.1ms
[321.583s][info][gc,heap        ] GC(313) Eden regions: 26->0(26)
[321.583s][info][gc,heap        ] GC(313) Survivor regions: 3->3(4)
[321.583s][info][gc,heap        ] GC(313) Old regions: 415->415
[321.583s][info][gc,heap        ] GC(313) Archive regions: 2->2
[321.583s][info][gc,heap        ] GC(313) Humongous regions: 11->11
[321.583s][info][gc,metaspace   ] GC(313) Metaspace: 44184K(45520K)->44184K(45520K) NonClass: 38946K(39892K)->38946K(39892K) Class: 5238K(5628K)->5238K(5628K)
[321.583s][info][gc             ] GC(313) Pause Young (Normal) (G1 Evacuation Pause) 451M->425M(512M) 2.368ms
[321.583s][info][gc,cpu         ] GC(313) User=0.01s Sys=0.00s Real=0.00s
[321.718s][info][gc,start       ] GC(314) Pause Young (Normal) (G1 Evacuation Pause)
[321.718s][info][gc,task        ] GC(314) Using 8 workers of 8 for evacuation
[321.721s][info][gc,phases      ] GC(314)   Pre Evacuate Collection Set: 0.1ms
[321.721s][info][gc,phases      ] GC(314)   Merge Heap Roots: 0.0ms
[321.721s][info][gc,phases      ] GC(314)   Evacuate Collection Set: 2.6ms
[321.721s][info][gc,phases      ] GC(314)   Post Evacuate Collection Set: 0.3ms
[321.721s][info][gc,phases      ] GC(314)   Other: 0.1ms
[321.721s][info][gc,heap        ] GC(314) Eden regions: 26->0(25)
[321.721s][info][gc,heap        ] GC(314) Survivor regions: 3->3(4)
[321.721s][info][gc,heap        ] GC(314) Old regions: 415->416
[321.721s][info][gc,heap        ] GC(314) Archive regions: 2->2
[321.721s][info][gc,heap        ] GC(314) Humongous regions: 11->11
[321.721s][info][gc,metaspace   ] GC(314) Metaspace: 44184K(45520K)->44184K(45520K) NonClass: 38946K(39892K)->38946K(39892K) Class: 5238K(5628K)->5238K(5628K)
[321.721s][info][gc             ] GC(314) Pause Young (Normal) (G1 Evacuation Pause) 451M->426M(512M) 3.222ms
[321.721s][info][gc,cpu         ] GC(314) User=0.01s Sys=0.01s Real=0.00s
[321.846s][info][gc,start       ] GC(315) Pause Young (Normal) (G1 Evacuation Pause)
[321.846s][info][gc,task        ] GC(315) Using 8 workers of 8 for evacuation
[321.849s][info][gc,phases      ] GC(315)   Pre Evacuate Collection Set: 0.1ms
[321.849s][info][gc,phases      ] GC(315)   Merge Heap Roots: 0.0ms
[321.849s][info][gc,phases      ] GC(315)   Evacuate Collection Set: 2.3ms
[321.849s][info][gc,phases      ] GC(315)   Post Evacuate Collection Set: 0.2ms
[321.849s][info][gc,phases      ] GC(315)   Other: 0.1ms
[321.849s][info][gc,heap        ] GC(315) Eden regions: 25->0(24)
[321.849s][info][gc,heap        ] GC(315) Survivor regions: 3->3(4)
[321.849s][info][gc,heap        ] GC(315) Old regions: 416->417
[321.849s][info][gc,heap        ] GC(315) Archive regions: 2->2
[321.849s][info][gc,heap        ] GC(315) Humongous regions: 11->11
[321.849s][info][gc,metaspace   ] GC(315) Metaspace: 44184K(45520K)->44184K(45520K) NonClass: 38946K(39892K)->38946K(39892K) Class: 5238K(5628K)->5238K(5628K)
[321.849s][info][gc             ] GC(315) Pause Young (Normal) (G1 Evacuation Pause) 451M->427M(512M) 2.851ms
[321.849s][info][gc,cpu         ] GC(315) User=0.02s Sys=0.01s Real=0.00s
[321.934s][info][gc,marking     ] GC(310) Concurrent Mark From Roots 726.171ms
[321.934s][info][gc,marking     ] GC(310) Concurrent Preclean
[321.934s][info][gc,marking     ] GC(310) Concurrent Preclean 0.068ms
[321.934s][info][gc,marking     ] GC(310) Concurrent Mark (321.208s, 321.934s) 726.316ms
[321.934s][info][gc,start       ] GC(310) Pause Remark
[321.936s][info][gc             ] GC(310) Pause Remark 446M->446M(512M) 1.665ms
[321.936s][info][gc,cpu         ] GC(310) User=0.01s Sys=0.00s Real=0.01s
[321.936s][info][gc,marking     ] GC(310) Concurrent Rebuild Remembered Sets
[321.959s][info][gc,start       ] GC(316) Pause Young (Normal) (G1 Evacuation Pause)
[321.959s][info][gc,task        ] GC(316) Using 8 workers of 8 for evacuation
[321.961s][info][gc,phases      ] GC(316)   Pre Evacuate Collection Set: 0.1ms
[321.961s][info][gc,phases      ] GC(316)   Merge Heap Roots: 0.1ms
[321.961s][info][gc,phases      ] GC(316)   Evacuate Collection Set: 2.1ms
[321.961s][info][gc,phases      ] GC(316)   Post Evacuate Collection Set: 0.2ms
[321.961s][info][gc,phases      ] GC(316)   Other: 0.1ms
[321.961s][info][gc,heap        ] GC(316) Eden regions: 24->0(24)
[321.961s][info][gc,heap        ] GC(316) Survivor regions: 3->3(4)
[321.961s][info][gc,heap        ] GC(316) Old regions: 417->417
[321.961s][info][gc,heap        ] GC(316) Archive regions: 2->2
[321.961s][info][gc,heap        ] GC(316) Humongous regions: 11->11
[321.961s][info][gc,metaspace   ] GC(316) Metaspace: 44186K(45520K)->44186K(45520K) NonClass: 38948K(39892K)->38948K(39892K) Class: 5238K(5628K)->5238K(5628K)
[321.961s][info][gc             ] GC(316) Pause Young (Normal) (G1 Evacuation Pause) 451M->427M(512M) 2.657ms
[321.961s][info][gc,cpu         ] GC(316) User=0.02s Sys=0.00s Real=0.00s
[322.088s][info][gc,start       ] GC(317) Pause Young (Normal) (G1 Evacuation Pause)
[322.088s][info][gc,task        ] GC(317) Using 8 workers of 8 for evacuation
[322.091s][info][gc,phases      ] GC(317)   Pre Evacuate Collection Set: 0.1ms
[322.091s][info][gc,phases      ] GC(317)   Merge Heap Roots: 0.1ms
[322.091s][info][gc,phases      ] GC(317)   Evacuate Collection Set: 2.6ms
[322.091s][info][gc,phases      ] GC(317)   Post Evacuate Collection Set: 0.3ms
[322.091s][info][gc,phases      ] GC(317)   Other: 0.1ms
[322.091s][info][gc,heap        ] GC(317) Eden regions: 24->0(23)
[322.091s][info][gc,heap        ] GC(317) Survivor regions: 3->3(4)
[322.091s][info][gc,heap        ] GC(317) Old regions: 417->418
[322.091s][info][gc,heap        ] GC(317) Archive regions: 2->2
[322.091s][info][gc,heap        ] GC(317) Humongous regions: 11->11
[322.091s][info][gc,metaspace   ] GC(317) Metaspace: 44186K(45520K)->44186K(45520K) NonClass: 38948K(39892K)->38948K(39892K) Class: 5238K(5628K)->5238K(5628K)
[322.091s][info][gc             ] GC(317) Pause Young (Normal) (G1 Evacuation Pause) 451M->428M(512M) 3.299ms
[322.091s][info][gc,cpu         ] GC(317) User=0.01s Sys=0.00s Real=0.00s
[322.239s][info][gc,start       ] GC(318) Pause Young (Normal) (G1 Evacuation Pause)
[322.239s][info][gc,task        ] GC(318) Using 8 workers of 8 for evacuation
[322.242s][info][gc,phases      ] GC(318)   Pre Evacuate Collection Set: 0.0ms
[322.242s][info][gc,phases      ] GC(318)   Merge Heap Roots: 0.0ms
[322.242s][info][gc,phases      ] GC(318)   Evacuate Collection Set: 2.5ms
[322.242s][info][gc,phases      ] GC(318)   Post Evacuate Collection Set: 0.2ms
[322.242s][info][gc,phases      ] GC(318)   Other: 0.1ms
[322.242s][info][gc,heap        ] GC(318) Eden regions: 23->0(22)
[322.242s][info][gc,heap        ] GC(318) Survivor regions: 3->3(4)
[322.242s][info][gc,heap        ] GC(318) Old regions: 418->419
[322.242s][info][gc,heap        ] GC(318) Archive regions: 2->2
[322.242s][info][gc,heap        ] GC(318) Humongous regions: 11->11
[322.242s][info][gc,metaspace   ] GC(318) Metaspace: 44198K(45520K)->44198K(45520K) NonClass: 38958K(39892K)->38958K(39892K) Class: 5239K(5628K)->5239K(5628K)
[322.242s][info][gc             ] GC(318) Pause Young (Normal) (G1 Evacuation Pause) 451M->428M(512M) 3.026ms
[322.242s][info][gc,cpu         ] GC(318) User=0.02s Sys=0.00s Real=0.00s
[322.373s][info][gc,start       ] GC(319) Pause Young (Normal) (G1 Evacuation Pause)
[322.373s][info][gc,task        ] GC(319) Using 8 workers of 8 for evacuation
[322.375s][info][gc,phases      ] GC(319)   Pre Evacuate Collection Set: 0.1ms
[322.375s][info][gc,phases      ] GC(319)   Merge Heap Roots: 0.1ms
[322.375s][info][gc,phases      ] GC(319)   Evacuate Collection Set: 2.3ms
[322.375s][info][gc,phases      ] GC(319)   Post Evacuate Collection Set: 0.2ms
[322.375s][info][gc,phases      ] GC(319)   Other: 0.1ms
[322.375s][info][gc,heap        ] GC(319) Eden regions: 22->0(22)
[322.375s][info][gc,heap        ] GC(319) Survivor regions: 3->3(4)
[322.375s][info][gc,heap        ] GC(319) Old regions: 419->419
[322.375s][info][gc,heap        ] GC(319) Archive regions: 2->2
[322.375s][info][gc,heap        ] GC(319) Humongous regions: 11->11
[322.375s][info][gc,metaspace   ] GC(319) Metaspace: 44198K(45520K)->44198K(45520K) NonClass: 38958K(39892K)->38958K(39892K) Class: 5239K(5628K)->5239K(5628K)
[322.375s][info][gc             ] GC(319) Pause Young (Normal) (G1 Evacuation Pause) 450M->429M(512M) 2.844ms
[322.375s][info][gc,cpu         ] GC(319) User=0.02s Sys=0.00s Real=0.01s
[322.407s][info][gc,marking     ] GC(310) Concurrent Rebuild Remembered Sets 471.259ms
[322.407s][info][gc,start       ] GC(310) Pause Cleanup
[322.408s][info][gc             ] GC(310) Pause Cleanup 436M->436M(512M) 0.242ms
[322.408s][info][gc,cpu         ] GC(310) User=0.00s Sys=0.00s Real=0.00s
[322.408s][info][gc,marking     ] GC(310) Concurrent Cleanup for Next Mark
[322.409s][info][gc,marking     ] GC(310) Concurrent Cleanup for Next Mark 0.997ms
[322.409s][info][gc             ] GC(310) Concurrent Cycle 1203.056ms
[322.473s][info][gc,start       ] GC(320) Pause Young (Normal) (G1 Evacuation Pause)
[322.473s][info][gc,task        ] GC(320) Using 8 workers of 8 for evacuation
[322.475s][info][gc,phases      ] GC(320)   Pre Evacuate Collection Set: 0.1ms
[322.475s][info][gc,phases      ] GC(320)   Merge Heap Roots: 0.1ms
[322.475s][info][gc,phases      ] GC(320)   Evacuate Collection Set: 2.1ms
[322.475s][info][gc,phases      ] GC(320)   Post Evacuate Collection Set: 0.2ms
[322.475s][info][gc,phases      ] GC(320)   Other: 0.1ms
[322.475s][info][gc,heap        ] GC(320) Eden regions: 22->0(22)
[322.475s][info][gc,heap        ] GC(320) Survivor regions: 3->3(4)
[322.475s][info][gc,heap        ] GC(320) Old regions: 419->420
[322.475s][info][gc,heap        ] GC(320) Archive regions: 2->2
[322.475s][info][gc,heap        ] GC(320) Humongous regions: 11->11
[322.475s][info][gc,metaspace   ] GC(320) Metaspace: 44198K(45520K)->44198K(45520K) NonClass: 38958K(39892K)->38958K(39892K) Class: 5239K(5628K)->5239K(5628K)
[322.475s][info][gc             ] GC(320) Pause Young (Normal) (G1 Evacuation Pause) 451M->429M(512M) 2.670ms
[322.476s][info][gc,cpu         ] GC(320) User=0.01s Sys=0.00s Real=0.01s
[322.568s][info][gc,start       ] GC(321) Pause Young (Concurrent Start) (G1 Evacuation Pause)
[322.568s][info][gc,task        ] GC(321) Using 8 workers of 8 for evacuation
[322.570s][info][gc,phases      ] GC(321)   Pre Evacuate Collection Set: 0.1ms
[322.570s][info][gc,phases      ] GC(321)   Merge Heap Roots: 0.0ms
[322.570s][info][gc,phases      ] GC(321)   Evacuate Collection Set: 1.7ms
[322.570s][info][gc,phases      ] GC(321)   Post Evacuate Collection Set: 0.2ms
[322.570s][info][gc,phases      ] GC(321)   Other: 0.2ms
[322.570s][info][gc,heap        ] GC(321) Eden regions: 22->0(22)
[322.570s][info][gc,heap        ] GC(321) Survivor regions: 3->3(4)
[322.570s][info][gc,heap        ] GC(321) Old regions: 420->420
[322.570s][info][gc,heap        ] GC(321) Archive regions: 2->2
[322.570s][info][gc,heap        ] GC(321) Humongous regions: 11->11
[322.570s][info][gc,metaspace   ] GC(321) Metaspace: 44198K(45520K)->44198K(45520K) NonClass: 38958K(39892K)->38958K(39892K) Class: 5239K(5628K)->5239K(5628K)
[322.570s][info][gc             ] GC(321) Pause Young (Concurrent Start) (G1 Evacuation Pause) 451M->430M(512M) 2.265ms
[322.570s][info][gc,cpu         ] GC(321) User=0.01s Sys=0.00s Real=0.00s
[322.570s][info][gc             ] GC(322) Concurrent Cycle
[322.570s][info][gc,marking     ] GC(322) Concurrent Clear Claimed Marks
[322.570s][info][gc,marking     ] GC(322) Concurrent Clear Claimed Marks 0.032ms
[322.570s][info][gc,marking     ] GC(322) Concurrent Scan Root Regions
[322.572s][info][gc,marking     ] GC(322) Concurrent Scan Root Regions 2.487ms
[322.573s][info][gc,marking     ] GC(322) Concurrent Mark (322.573s)
[322.573s][info][gc,marking     ] GC(322) Concurrent Mark From Roots
[322.573s][info][gc,task        ] GC(322) Using 2 workers of 2 for marking
[322.698s][info][gc,start       ] GC(323) Pause Young (Normal) (G1 Evacuation Pause)
[322.698s][info][gc,task        ] GC(323) Using 8 workers of 8 for evacuation
[322.701s][info][gc,phases      ] GC(323)   Pre Evacuate Collection Set: 0.1ms
[322.701s][info][gc,phases      ] GC(323)   Merge Heap Roots: 0.0ms
[322.701s][info][gc,phases      ] GC(323)   Evacuate Collection Set: 2.6ms
[322.701s][info][gc,phases      ] GC(323)   Post Evacuate Collection Set: 0.2ms
[322.701s][info][gc,phases      ] GC(323)   Other: 0.1ms
[322.701s][info][gc,heap        ] GC(323) Eden regions: 22->0(22)
[322.701s][info][gc,heap        ] GC(323) Survivor regions: 3->3(4)
[322.701s][info][gc,heap        ] GC(323) Old regions: 420->421
[322.701s][info][gc,heap        ] GC(323) Archive regions: 2->2
[322.701s][info][gc,heap        ] GC(323) Humongous regions: 11->11
[322.701s][info][gc,metaspace   ] GC(323) Metaspace: 44198K(45520K)->44198K(45520K) NonClass: 38958K(39892K)->38958K(39892K) Class: 5239K(5628K)->5239K(5628K)
[322.701s][info][gc             ] GC(323) Pause Young (Normal) (G1 Evacuation Pause) 452M->431M(512M) 3.090ms
[322.701s][info][gc,cpu         ] GC(323) User=0.01s Sys=0.00s Real=0.00s
[322.814s][info][gc,start       ] GC(324) Pause Young (Normal) (G1 Evacuation Pause)
[322.814s][info][gc,task        ] GC(324) Using 8 workers of 8 for evacuation
[322.816s][info][gc,phases      ] GC(324)   Pre Evacuate Collection Set: 0.1ms
[322.816s][info][gc,phases      ] GC(324)   Merge Heap Roots: 0.0ms
[322.816s][info][gc,phases      ] GC(324)   Evacuate Collection Set: 1.9ms
[322.816s][info][gc,phases      ] GC(324)   Post Evacuate Collection Set: 0.2ms
[322.816s][info][gc,phases      ] GC(324)   Other: 0.1ms
[322.816s][info][gc,heap        ] GC(324) Eden regions: 22->0(22)
[322.816s][info][gc,heap        ] GC(324) Survivor regions: 3->3(4)
[322.816s][info][gc,heap        ] GC(324) Old regions: 421->421
[322.816s][info][gc,heap        ] GC(324) Archive regions: 2->2
[322.816s][info][gc,heap        ] GC(324) Humongous regions: 11->11
[322.816s][info][gc,metaspace   ] GC(324) Metaspace: 44200K(45520K)->44200K(45520K) NonClass: 38960K(39892K)->38960K(39892K) Class: 5239K(5628K)->5239K(5628K)
[322.816s][info][gc             ] GC(324) Pause Young (Normal) (G1 Evacuation Pause) 453M->431M(512M) 2.390ms
[322.816s][info][gc,cpu         ] GC(324) User=0.01s Sys=0.00s Real=0.01s
[322.922s][info][gc,start       ] GC(325) Pause Young (Normal) (G1 Evacuation Pause)
[322.922s][info][gc,task        ] GC(325) Using 8 workers of 8 for evacuation
[322.924s][info][gc,phases      ] GC(325)   Pre Evacuate Collection Set: 0.1ms
[322.924s][info][gc,phases      ] GC(325)   Merge Heap Roots: 0.0ms
[322.924s][info][gc,phases      ] GC(325)   Evacuate Collection Set: 2.1ms
[322.924s][info][gc,phases      ] GC(325)   Post Evacuate Collection Set: 0.2ms
[322.924s][info][gc,phases      ] GC(325)   Other: 0.1ms
[322.924s][info][gc,heap        ] GC(325) Eden regions: 22->0(22)
[322.924s][info][gc,heap        ] GC(325) Survivor regions: 3->3(4)
[322.924s][info][gc,heap        ] GC(325) Old regions: 421->422
[322.924s][info][gc,heap        ] GC(325) Archive regions: 2->2
[322.924s][info][gc,heap        ] GC(325) Humongous regions: 11->11
[322.924s][info][gc,metaspace   ] GC(325) Metaspace: 44200K(45520K)->44200K(45520K) NonClass: 38960K(39892K)->38960K(39892K) Class: 5239K(5628K)->5239K(5628K)
[322.924s][info][gc             ] GC(325) Pause Young (Normal) (G1 Evacuation Pause) 453M->432M(512M) 2.606ms
[322.924s][info][gc,cpu         ] GC(325) User=0.02s Sys=0.00s Real=0.00s
[323.031s][info][gc,start       ] GC(326) Pause Young (Normal) (G1 Evacuation Pause)
[323.031s][info][gc,task        ] GC(326) Using 8 workers of 8 for evacuation
[323.034s][info][gc,phases      ] GC(326)   Pre Evacuate Collection Set: 0.1ms
[323.034s][info][gc,phases      ] GC(326)   Merge Heap Roots: 0.0ms
[323.034s][info][gc,phases      ] GC(326)   Evacuate Collection Set: 2.4ms
[323.034s][info][gc,phases      ] GC(326)   Post Evacuate Collection Set: 0.2ms
[323.034s][info][gc,phases      ] GC(326)   Other: 0.1ms
[323.034s][info][gc,heap        ] GC(326) Eden regions: 22->0(22)
[323.034s][info][gc,heap        ] GC(326) Survivor regions: 3->3(4)
[323.034s][info][gc,heap        ] GC(326) Old regions: 422->423
[323.034s][info][gc,heap        ] GC(326) Archive regions: 2->2
[323.034s][info][gc,heap        ] GC(326) Humongous regions: 11->11
[323.034s][info][gc,metaspace   ] GC(326) Metaspace: 44200K(45520K)->44200K(45520K) NonClass: 38960K(39892K)->38960K(39892K) Class: 5239K(5628K)->5239K(5628K)
[323.034s][info][gc             ] GC(326) Pause Young (Normal) (G1 Evacuation Pause) 454M->432M(512M) 2.940ms
[323.034s][info][gc,cpu         ] GC(326) User=0.01s Sys=0.00s Real=0.00s
[323.143s][info][gc,start       ] GC(327) Pause Young (Normal) (G1 Evacuation Pause)
[323.143s][info][gc,task        ] GC(327) Using 8 workers of 8 for evacuation
[323.145s][info][gc,phases      ] GC(327)   Pre Evacuate Collection Set: 0.1ms
[323.145s][info][gc,phases      ] GC(327)   Merge Heap Roots: 0.0ms
[323.145s][info][gc,phases      ] GC(327)   Evacuate Collection Set: 1.9ms
[323.145s][info][gc,phases      ] GC(327)   Post Evacuate Collection Set: 0.2ms
[323.145s][info][gc,phases      ] GC(327)   Other: 0.1ms
[323.145s][info][gc,heap        ] GC(327) Eden regions: 22->0(22)
[323.145s][info][gc,heap        ] GC(327) Survivor regions: 3->3(4)
[323.145s][info][gc,heap        ] GC(327) Old regions: 423->423
[323.145s][info][gc,heap        ] GC(327) Archive regions: 2->2
[323.145s][info][gc,heap        ] GC(327) Humongous regions: 11->11
[323.145s][info][gc,metaspace   ] GC(327) Metaspace: 44200K(45520K)->44200K(45520K) NonClass: 38960K(39892K)->38960K(39892K) Class: 5239K(5628K)->5239K(5628K)
[323.145s][info][gc             ] GC(327) Pause Young (Normal) (G1 Evacuation Pause) 454M->433M(512M) 2.453ms
[323.145s][info][gc,cpu         ] GC(327) User=0.02s Sys=0.00s Real=0.01s
[323.248s][info][gc,start       ] GC(328) Pause Young (Normal) (G1 Evacuation Pause)
[323.249s][info][gc,task        ] GC(328) Using 8 workers of 8 for evacuation
[323.251s][info][gc,phases      ] GC(328)   Pre Evacuate Collection Set: 0.1ms
[323.251s][info][gc,phases      ] GC(328)   Merge Heap Roots: 0.0ms
[323.251s][info][gc,phases      ] GC(328)   Evacuate Collection Set: 1.9ms
[323.251s][info][gc,phases      ] GC(328)   Post Evacuate Collection Set: 0.2ms
[323.251s][info][gc,phases      ] GC(328)   Other: 0.1ms
[323.251s][info][gc,heap        ] GC(328) Eden regions: 22->0(22)
[323.251s][info][gc,heap        ] GC(328) Survivor regions: 3->3(4)
[323.251s][info][gc,heap        ] GC(328) Old regions: 423->424
[323.251s][info][gc,heap        ] GC(328) Archive regions: 2->2
[323.251s][info][gc,heap        ] GC(328) Humongous regions: 11->11
[323.251s][info][gc,metaspace   ] GC(328) Metaspace: 44200K(45520K)->44200K(45520K) NonClass: 38960K(39892K)->38960K(39892K) Class: 5239K(5628K)->5239K(5628K)
[323.251s][info][gc             ] GC(328) Pause Young (Normal) (G1 Evacuation Pause) 455M->433M(512M) 2.353ms
[323.251s][info][gc,cpu         ] GC(328) User=0.01s Sys=0.00s Real=0.00s
[323.304s][info][gc,marking     ] GC(322) Concurrent Mark From Roots 731.071ms
[323.304s][info][gc,marking     ] GC(322) Concurrent Preclean
[323.304s][info][gc,marking     ] GC(322) Concurrent Preclean 0.096ms
[323.304s][info][gc,marking     ] GC(322) Concurrent Mark (322.573s, 323.304s) 731.236ms
[323.304s][info][gc,start       ] GC(322) Pause Remark
[323.306s][info][gc             ] GC(322) Pause Remark 444M->444M(512M) 1.758ms
[323.306s][info][gc,cpu         ] GC(322) User=0.01s Sys=0.00s Real=0.01s
[323.306s][info][gc,marking     ] GC(322) Concurrent Rebuild Remembered Sets
[323.351s][info][gc,start       ] GC(329) Pause Young (Normal) (G1 Evacuation Pause)
[323.351s][info][gc,task        ] GC(329) Using 8 workers of 8 for evacuation
[323.353s][info][gc,phases      ] GC(329)   Pre Evacuate Collection Set: 0.1ms
[323.353s][info][gc,phases      ] GC(329)   Merge Heap Roots: 0.0ms
[323.353s][info][gc,phases      ] GC(329)   Evacuate Collection Set: 1.9ms
[323.353s][info][gc,phases      ] GC(329)   Post Evacuate Collection Set: 0.2ms
[323.353s][info][gc,phases      ] GC(329)   Other: 0.1ms
[323.353s][info][gc,heap        ] GC(329) Eden regions: 22->0(22)
[323.353s][info][gc,heap        ] GC(329) Survivor regions: 3->3(4)
[323.353s][info][gc,heap        ] GC(329) Old regions: 424->424
[323.353s][info][gc,heap        ] GC(329) Archive regions: 2->2
[323.353s][info][gc,heap        ] GC(329) Humongous regions: 11->11
[323.353s][info][gc,metaspace   ] GC(329) Metaspace: 44200K(45520K)->44200K(45520K) NonClass: 38960K(39892K)->38960K(39892K) Class: 5239K(5628K)->5239K(5628K)
[323.353s][info][gc             ] GC(329) Pause Young (Normal) (G1 Evacuation Pause) 455M->434M(512M) 2.421ms
[323.353s][info][gc,cpu         ] GC(329) User=0.02s Sys=0.00s Real=0.00s
[323.446s][info][gc,start       ] GC(330) Pause Young (Normal) (G1 Evacuation Pause)
[323.446s][info][gc,task        ] GC(330) Using 8 workers of 8 for evacuation
[323.448s][info][gc,phases      ] GC(330)   Pre Evacuate Collection Set: 0.1ms
[323.449s][info][gc,phases      ] GC(330)   Merge Heap Roots: 0.1ms
[323.449s][info][gc,phases      ] GC(330)   Evacuate Collection Set: 1.9ms
[323.449s][info][gc,phases      ] GC(330)   Post Evacuate Collection Set: 0.2ms
[323.449s][info][gc,phases      ] GC(330)   Other: 0.1ms
[323.449s][info][gc,heap        ] GC(330) Eden regions: 22->0(22)
[323.449s][info][gc,heap        ] GC(330) Survivor regions: 3->3(4)
[323.449s][info][gc,heap        ] GC(330) Old regions: 424->425
[323.449s][info][gc,heap        ] GC(330) Archive regions: 2->2
[323.449s][info][gc,heap        ] GC(330) Humongous regions: 11->11
[323.449s][info][gc,metaspace   ] GC(330) Metaspace: 44200K(45520K)->44200K(45520K) NonClass: 38960K(39892K)->38960K(39892K) Class: 5239K(5628K)->5239K(5628K)
[323.449s][info][gc             ] GC(330) Pause Young (Normal) (G1 Evacuation Pause) 456M->434M(512M) 2.534ms
[323.449s][info][gc,cpu         ] GC(330) User=0.02s Sys=0.00s Real=0.00s
[323.545s][info][gc,start       ] GC(331) Pause Young (Normal) (G1 Evacuation Pause)
[323.545s][info][gc,task        ] GC(331) Using 8 workers of 8 for evacuation
[323.547s][info][gc,phases      ] GC(331)   Pre Evacuate Collection Set: 0.0ms
[323.547s][info][gc,phases      ] GC(331)   Merge Heap Roots: 0.0ms
[323.547s][info][gc,phases      ] GC(331)   Evacuate Collection Set: 1.9ms
[323.547s][info][gc,phases      ] GC(331)   Post Evacuate Collection Set: 0.3ms
[323.547s][info][gc,phases      ] GC(331)   Other: 0.2ms
[323.547s][info][gc,heap        ] GC(331) Eden regions: 22->0(22)
[323.547s][info][gc,heap        ] GC(331) Survivor regions: 3->3(4)
[323.547s][info][gc,heap        ] GC(331) Old regions: 425->425
[323.547s][info][gc,heap        ] GC(331) Archive regions: 2->2
[323.547s][info][gc,heap        ] GC(331) Humongous regions: 11->11
[323.547s][info][gc,metaspace   ] GC(331) Metaspace: 44200K(45520K)->44200K(45520K) NonClass: 38960K(39892K)->38960K(39892K) Class: 5239K(5628K)->5239K(5628K)
[323.547s][info][gc             ] GC(331) Pause Young (Normal) (G1 Evacuation Pause) 456M->435M(512M) 2.575ms
[323.547s][info][gc,cpu         ] GC(331) User=0.02s Sys=0.00s Real=0.01s
[323.658s][info][gc,start       ] GC(332) Pause Young (Normal) (G1 Evacuation Pause)
[323.658s][info][gc,task        ] GC(332) Using 8 workers of 8 for evacuation
[323.661s][info][gc,phases      ] GC(332)   Pre Evacuate Collection Set: 0.1ms
[323.661s][info][gc,phases      ] GC(332)   Merge Heap Roots: 0.1ms
[323.661s][info][gc,phases      ] GC(332)   Evacuate Collection Set: 2.5ms
[323.661s][info][gc,phases      ] GC(332)   Post Evacuate Collection Set: 0.2ms
[323.661s][info][gc,phases      ] GC(332)   Other: 0.1ms
[323.661s][info][gc,heap        ] GC(332) Eden regions: 22->0(22)
[323.661s][info][gc,heap        ] GC(332) Survivor regions: 3->3(4)
[323.661s][info][gc,heap        ] GC(332) Old regions: 425->426
[323.661s][info][gc,heap        ] GC(332) Archive regions: 2->2
[323.661s][info][gc,heap        ] GC(332) Humongous regions: 11->11
[323.661s][info][gc,metaspace   ] GC(332) Metaspace: 44200K(45520K)->44200K(45520K) NonClass: 38960K(39892K)->38960K(39892K) Class: 5239K(5628K)->5239K(5628K)
[323.661s][info][gc             ] GC(332) Pause Young (Normal) (G1 Evacuation Pause) 457M->435M(512M) 3.055ms
[323.661s][info][gc,cpu         ] GC(332) User=0.01s Sys=0.01s Real=0.00s
[323.703s][info][gc,marking     ] GC(322) Concurrent Rebuild Remembered Sets 397.356ms
[323.703s][info][gc,start       ] GC(322) Pause Cleanup
[323.704s][info][gc             ] GC(322) Pause Cleanup 442M->442M(512M) 0.321ms
[323.704s][info][gc,cpu         ] GC(322) User=0.00s Sys=0.00s Real=0.00s
[323.704s][info][gc,marking     ] GC(322) Concurrent Cleanup for Next Mark
[323.705s][info][gc,marking     ] GC(322) Concurrent Cleanup for Next Mark 0.959ms
[323.705s][info][gc             ] GC(322) Concurrent Cycle 1134.719ms
[323.795s][info][gc,start       ] GC(333) Pause Young (Normal) (G1 Evacuation Pause)
[323.795s][info][gc,task        ] GC(333) Using 8 workers of 8 for evacuation
[323.798s][info][gc,phases      ] GC(333)   Pre Evacuate Collection Set: 0.1ms
[323.798s][info][gc,phases      ] GC(333)   Merge Heap Roots: 0.1ms
[323.798s][info][gc,phases      ] GC(333)   Evacuate Collection Set: 2.5ms
[323.798s][info][gc,phases      ] GC(333)   Post Evacuate Collection Set: 0.2ms
[323.798s][info][gc,phases      ] GC(333)   Other: 0.1ms
[323.798s][info][gc,heap        ] GC(333) Eden regions: 22->0(22)
[323.798s][info][gc,heap        ] GC(333) Survivor regions: 3->3(4)
[323.798s][info][gc,heap        ] GC(333) Old regions: 426->426
[323.798s][info][gc,heap        ] GC(333) Archive regions: 2->2
[323.798s][info][gc,heap        ] GC(333) Humongous regions: 11->11
[323.798s][info][gc,metaspace   ] GC(333) Metaspace: 44200K(45520K)->44200K(45520K) NonClass: 38960K(39892K)->38960K(39892K) Class: 5239K(5628K)->5239K(5628K)
[323.798s][info][gc             ] GC(333) Pause Young (Normal) (G1 Evacuation Pause) 457M->436M(512M) 3.097ms
[323.798s][info][gc,cpu         ] GC(333) User=0.02s Sys=0.00s Real=0.01s
[323.904s][info][gc,start       ] GC(334) Pause Young (Concurrent Start) (G1 Evacuation Pause)
[323.904s][info][gc,task        ] GC(334) Using 8 workers of 8 for evacuation
[323.907s][info][gc,phases      ] GC(334)   Pre Evacuate Collection Set: 0.1ms
[323.907s][info][gc,phases      ] GC(334)   Merge Heap Roots: 0.0ms
[323.907s][info][gc,phases      ] GC(334)   Evacuate Collection Set: 1.8ms
[323.907s][info][gc,phases      ] GC(334)   Post Evacuate Collection Set: 0.2ms
[323.907s][info][gc,phases      ] GC(334)   Other: 0.2ms
[323.907s][info][gc,heap        ] GC(334) Eden regions: 22->0(22)
[323.907s][info][gc,heap        ] GC(334) Survivor regions: 3->3(4)
[323.907s][info][gc,heap        ] GC(334) Old regions: 426->427
[323.907s][info][gc,heap        ] GC(334) Archive regions: 2->2
[323.907s][info][gc,heap        ] GC(334) Humongous regions: 11->11
[323.907s][info][gc,metaspace   ] GC(334) Metaspace: 44200K(45520K)->44200K(45520K) NonClass: 38960K(39892K)->38960K(39892K) Class: 5239K(5628K)->5239K(5628K)
[323.907s][info][gc             ] GC(334) Pause Young (Concurrent Start) (G1 Evacuation Pause) 458M->436M(512M) 2.414ms
[323.907s][info][gc,cpu         ] GC(334) User=0.01s Sys=0.00s Real=0.01s
[323.907s][info][gc             ] GC(335) Concurrent Cycle
[323.907s][info][gc,marking     ] GC(335) Concurrent Clear Claimed Marks
[323.907s][info][gc,marking     ] GC(335) Concurrent Clear Claimed Marks 0.047ms
[323.907s][info][gc,marking     ] GC(335) Concurrent Scan Root Regions
[323.910s][info][gc,marking     ] GC(335) Concurrent Scan Root Regions 2.865ms
[323.910s][info][gc,marking     ] GC(335) Concurrent Mark (323.910s)
[323.910s][info][gc,marking     ] GC(335) Concurrent Mark From Roots
[323.910s][info][gc,task        ] GC(335) Using 2 workers of 2 for marking
[324.026s][info][gc,start       ] GC(336) Pause Young (Normal) (G1 Evacuation Pause)
[324.026s][info][gc,task        ] GC(336) Using 8 workers of 8 for evacuation
[324.029s][info][gc,phases      ] GC(336)   Pre Evacuate Collection Set: 0.1ms
[324.029s][info][gc,phases      ] GC(336)   Merge Heap Roots: 0.0ms
[324.029s][info][gc,phases      ] GC(336)   Evacuate Collection Set: 2.4ms
[324.029s][info][gc,phases      ] GC(336)   Post Evacuate Collection Set: 0.2ms
[324.029s][info][gc,phases      ] GC(336)   Other: 0.1ms
[324.029s][info][gc,heap        ] GC(336) Eden regions: 22->0(22)
[324.029s][info][gc,heap        ] GC(336) Survivor regions: 3->3(4)
[324.029s][info][gc,heap        ] GC(336) Old regions: 427->427
[324.029s][info][gc,heap        ] GC(336) Archive regions: 2->2
[324.029s][info][gc,heap        ] GC(336) Humongous regions: 11->11
[324.029s][info][gc,metaspace   ] GC(336) Metaspace: 44200K(45520K)->44200K(45520K) NonClass: 38960K(39892K)->38960K(39892K) Class: 5239K(5628K)->5239K(5628K)
[324.029s][info][gc             ] GC(336) Pause Young (Normal) (G1 Evacuation Pause) 458M->437M(512M) 2.952ms
[324.029s][info][gc,cpu         ] GC(336) User=0.01s Sys=0.00s Real=0.00s
[324.143s][info][gc,start       ] GC(337) Pause Young (Normal) (G1 Evacuation Pause)
[324.143s][info][gc,task        ] GC(337) Using 8 workers of 8 for evacuation
[324.145s][info][gc,phases      ] GC(337)   Pre Evacuate Collection Set: 0.1ms
[324.145s][info][gc,phases      ] GC(337)   Merge Heap Roots: 0.0ms
[324.145s][info][gc,phases      ] GC(337)   Evacuate Collection Set: 2.0ms
[324.145s][info][gc,phases      ] GC(337)   Post Evacuate Collection Set: 0.2ms
[324.145s][info][gc,phases      ] GC(337)   Other: 0.1ms
[324.145s][info][gc,heap        ] GC(337) Eden regions: 22->0(22)
[324.145s][info][gc,heap        ] GC(337) Survivor regions: 3->3(4)
[324.145s][info][gc,heap        ] GC(337) Old regions: 427->428
[324.145s][info][gc,heap        ] GC(337) Archive regions: 2->2
[324.145s][info][gc,heap        ] GC(337) Humongous regions: 11->11
[324.145s][info][gc,metaspace   ] GC(337) Metaspace: 44201K(45520K)->44201K(45520K) NonClass: 38961K(39892K)->38961K(39892K) Class: 5239K(5628K)->5239K(5628K)
[324.145s][info][gc             ] GC(337) Pause Young (Normal) (G1 Evacuation Pause) 459M->438M(512M) 2.547ms
[324.145s][info][gc,cpu         ] GC(337) User=0.02s Sys=0.00s Real=0.01s
[324.249s][info][gc,start       ] GC(338) Pause Young (Normal) (G1 Evacuation Pause)
[324.249s][info][gc,task        ] GC(338) Using 8 workers of 8 for evacuation
[324.252s][info][gc,phases      ] GC(338)   Pre Evacuate Collection Set: 0.1ms
[324.252s][info][gc,phases      ] GC(338)   Merge Heap Roots: 0.0ms
[324.252s][info][gc,phases      ] GC(338)   Evacuate Collection Set: 1.9ms
[324.252s][info][gc,phases      ] GC(338)   Post Evacuate Collection Set: 0.2ms
[324.252s][info][gc,phases      ] GC(338)   Other: 0.2ms
[324.252s][info][gc,heap        ] GC(338) Eden regions: 22->0(22)
[324.252s][info][gc,heap        ] GC(338) Survivor regions: 3->3(4)
[324.252s][info][gc,heap        ] GC(338) Old regions: 428->429
[324.252s][info][gc,heap        ] GC(338) Archive regions: 2->2
[324.252s][info][gc,heap        ] GC(338) Humongous regions: 11->11
[324.252s][info][gc,metaspace   ] GC(338) Metaspace: 44201K(45520K)->44201K(45520K) NonClass: 38961K(39892K)->38961K(39892K) Class: 5239K(5628K)->5239K(5628K)
[324.252s][info][gc             ] GC(338) Pause Young (Normal) (G1 Evacuation Pause) 460M->438M(512M) 2.472ms
[324.252s][info][gc,cpu         ] GC(338) User=0.01s Sys=0.00s Real=0.00s
[324.357s][info][gc,start       ] GC(339) Pause Young (Normal) (G1 Evacuation Pause)
[324.357s][info][gc,task        ] GC(339) Using 8 workers of 8 for evacuation
[324.360s][info][gc,phases      ] GC(339)   Pre Evacuate Collection Set: 0.1ms
[324.360s][info][gc,phases      ] GC(339)   Merge Heap Roots: 0.0ms
[324.360s][info][gc,phases      ] GC(339)   Evacuate Collection Set: 1.9ms
[324.360s][info][gc,phases      ] GC(339)   Post Evacuate Collection Set: 0.2ms
[324.360s][info][gc,phases      ] GC(339)   Other: 0.1ms
[324.360s][info][gc,heap        ] GC(339) Eden regions: 22->0(22)
[324.360s][info][gc,heap        ] GC(339) Survivor regions: 3->3(4)
[324.360s][info][gc,heap        ] GC(339) Old regions: 429->429
[324.360s][info][gc,heap        ] GC(339) Archive regions: 2->2
[324.360s][info][gc,heap        ] GC(339) Humongous regions: 11->11
[324.360s][info][gc,metaspace   ] GC(339) Metaspace: 44201K(45520K)->44201K(45520K) NonClass: 38961K(39892K)->38961K(39892K) Class: 5239K(5628K)->5239K(5628K)
[324.360s][info][gc             ] GC(339) Pause Young (Normal) (G1 Evacuation Pause) 460M->439M(512M) 2.467ms
[324.360s][info][gc,cpu         ] GC(339) User=0.01s Sys=0.00s Real=0.00s
[324.474s][info][gc,start       ] GC(340) Pause Young (Normal) (G1 Evacuation Pause)
[324.475s][info][gc,task        ] GC(340) Using 8 workers of 8 for evacuation
[324.477s][info][gc,phases      ] GC(340)   Pre Evacuate Collection Set: 0.1ms
[324.477s][info][gc,phases      ] GC(340)   Merge Heap Roots: 0.0ms
[324.477s][info][gc,phases      ] GC(340)   Evacuate Collection Set: 1.9ms
[324.477s][info][gc,phases      ] GC(340)   Post Evacuate Collection Set: 0.2ms
[324.477s][info][gc,phases      ] GC(340)   Other: 0.1ms
[324.477s][info][gc,heap        ] GC(340) Eden regions: 22->0(22)
[324.477s][info][gc,heap        ] GC(340) Survivor regions: 3->3(4)
[324.477s][info][gc,heap        ] GC(340) Old regions: 429->430
[324.477s][info][gc,heap        ] GC(340) Archive regions: 2->2
[324.477s][info][gc,heap        ] GC(340) Humongous regions: 11->11
[324.477s][info][gc,metaspace   ] GC(340) Metaspace: 44201K(45520K)->44201K(45520K) NonClass: 38961K(39892K)->38961K(39892K) Class: 5239K(5628K)->5239K(5628K)
[324.477s][info][gc             ] GC(340) Pause Young (Normal) (G1 Evacuation Pause) 461M->439M(512M) 2.447ms
[324.477s][info][gc,cpu         ] GC(340) User=0.01s Sys=0.00s Real=0.01s
[324.577s][info][gc,start       ] GC(341) Pause Young (Normal) (G1 Evacuation Pause)
[324.577s][info][gc,task        ] GC(341) Using 8 workers of 8 for evacuation
[324.580s][info][gc,phases      ] GC(341)   Pre Evacuate Collection Set: 0.1ms
[324.580s][info][gc,phases      ] GC(341)   Merge Heap Roots: 0.0ms
[324.580s][info][gc,phases      ] GC(341)   Evacuate Collection Set: 2.0ms
[324.580s][info][gc,phases      ] GC(341)   Post Evacuate Collection Set: 0.3ms
[324.580s][info][gc,phases      ] GC(341)   Other: 0.1ms
[324.580s][info][gc,heap        ] GC(341) Eden regions: 22->0(22)
[324.580s][info][gc,heap        ] GC(341) Survivor regions: 3->3(4)
[324.580s][info][gc,heap        ] GC(341) Old regions: 430->430
[324.580s][info][gc,heap        ] GC(341) Archive regions: 2->2
[324.580s][info][gc,heap        ] GC(341) Humongous regions: 11->11
[324.580s][info][gc,metaspace   ] GC(341) Metaspace: 44201K(45520K)->44201K(45520K) NonClass: 38961K(39892K)->38961K(39892K) Class: 5239K(5628K)->5239K(5628K)
[324.580s][info][gc             ] GC(341) Pause Young (Normal) (G1 Evacuation Pause) 461M->440M(512M) 2.555ms
[324.580s][info][gc,cpu         ] GC(341) User=0.02s Sys=0.00s Real=0.00s
[324.680s][info][gc,marking     ] GC(335) Concurrent Mark From Roots 770.106ms
[324.680s][info][gc,marking     ] GC(335) Concurrent Preclean
[324.680s][info][gc,marking     ] GC(335) Concurrent Preclean 0.074ms
[324.680s][info][gc,marking     ] GC(335) Concurrent Mark (323.910s, 324.680s) 770.239ms
[324.680s][info][gc,start       ] GC(335) Pause Remark
[324.683s][info][gc             ] GC(335) Pause Remark 462M->462M(512M) 2.229ms
[324.683s][info][gc,cpu         ] GC(335) User=0.01s Sys=0.00s Real=0.00s
[324.683s][info][gc,marking     ] GC(335) Concurrent Rebuild Remembered Sets
[324.684s][info][gc,start       ] GC(342) Pause Young (Normal) (G1 Evacuation Pause)
[324.684s][info][gc,task        ] GC(342) Using 8 workers of 8 for evacuation
[324.686s][info][gc,phases      ] GC(342)   Pre Evacuate Collection Set: 0.1ms
[324.686s][info][gc,phases      ] GC(342)   Merge Heap Roots: 0.0ms
[324.686s][info][gc,phases      ] GC(342)   Evacuate Collection Set: 2.2ms
[324.686s][info][gc,phases      ] GC(342)   Post Evacuate Collection Set: 0.2ms
[324.686s][info][gc,phases      ] GC(342)   Other: 0.1ms
[324.686s][info][gc,heap        ] GC(342) Eden regions: 22->0(22)
[324.686s][info][gc,heap        ] GC(342) Survivor regions: 3->3(4)
[324.686s][info][gc,heap        ] GC(342) Old regions: 430->431
[324.686s][info][gc,heap        ] GC(342) Archive regions: 2->2
[324.686s][info][gc,heap        ] GC(342) Humongous regions: 11->11
[324.686s][info][gc,metaspace   ] GC(342) Metaspace: 44201K(45520K)->44201K(45520K) NonClass: 38961K(39892K)->38961K(39892K) Class: 5239K(5628K)->5239K(5628K)
[324.686s][info][gc             ] GC(342) Pause Young (Normal) (G1 Evacuation Pause) 462M->440M(512M) 2.655ms
[324.686s][info][gc,cpu         ] GC(342) User=0.01s Sys=0.00s Real=0.01s
[324.798s][info][gc,start       ] GC(343) Pause Young (Normal) (G1 Evacuation Pause)
[324.798s][info][gc,task        ] GC(343) Using 8 workers of 8 for evacuation
[324.801s][info][gc,phases      ] GC(343)   Pre Evacuate Collection Set: 0.1ms
[324.801s][info][gc,phases      ] GC(343)   Merge Heap Roots: 0.1ms
[324.801s][info][gc,phases      ] GC(343)   Evacuate Collection Set: 2.5ms
[324.801s][info][gc,phases      ] GC(343)   Post Evacuate Collection Set: 0.3ms
[324.801s][info][gc,phases      ] GC(343)   Other: 0.1ms
[324.801s][info][gc,heap        ] GC(343) Eden regions: 22->0(22)
[324.801s][info][gc,heap        ] GC(343) Survivor regions: 3->3(4)
[324.801s][info][gc,heap        ] GC(343) Old regions: 431->431
[324.801s][info][gc,heap        ] GC(343) Archive regions: 2->2
[324.801s][info][gc,heap        ] GC(343) Humongous regions: 11->11
[324.801s][info][gc,metaspace   ] GC(343) Metaspace: 44201K(45520K)->44201K(45520K) NonClass: 38961K(39892K)->38961K(39892K) Class: 5239K(5628K)->5239K(5628K)
[324.801s][info][gc             ] GC(343) Pause Young (Normal) (G1 Evacuation Pause) 462M->441M(512M) 3.086ms
[324.801s][info][gc,cpu         ] GC(343) User=0.01s Sys=0.00s Real=0.00s
[324.901s][info][gc,start       ] GC(344) Pause Young (Normal) (G1 Evacuation Pause)
[324.901s][info][gc,task        ] GC(344) Using 8 workers of 8 for evacuation
[324.903s][info][gc,phases      ] GC(344)   Pre Evacuate Collection Set: 0.1ms
[324.903s][info][gc,phases      ] GC(344)   Merge Heap Roots: 0.0ms
[324.903s][info][gc,phases      ] GC(344)   Evacuate Collection Set: 1.8ms
[324.903s][info][gc,phases      ] GC(344)   Post Evacuate Collection Set: 0.2ms
[324.903s][info][gc,phases      ] GC(344)   Other: 0.2ms
[324.903s][info][gc,heap        ] GC(344) Eden regions: 22->0(22)
[324.903s][info][gc,heap        ] GC(344) Survivor regions: 3->3(4)
[324.903s][info][gc,heap        ] GC(344) Old regions: 431->432
[324.903s][info][gc,heap        ] GC(344) Archive regions: 2->2
[324.903s][info][gc,heap        ] GC(344) Humongous regions: 11->11
[324.903s][info][gc,metaspace   ] GC(344) Metaspace: 44201K(45520K)->44201K(45520K) NonClass: 38961K(39892K)->38961K(39892K) Class: 5239K(5628K)->5239K(5628K)
[324.903s][info][gc             ] GC(344) Pause Young (Normal) (G1 Evacuation Pause) 463M->441M(512M) 2.423ms
[324.903s][info][gc,cpu         ] GC(344) User=0.01s Sys=0.00s Real=0.00s
[324.999s][info][gc,start       ] GC(345) Pause Young (Normal) (G1 Evacuation Pause)
[324.999s][info][gc,task        ] GC(345) Using 8 workers of 8 for evacuation
[325.001s][info][gc,phases      ] GC(345)   Pre Evacuate Collection Set: 0.1ms
[325.001s][info][gc,phases      ] GC(345)   Merge Heap Roots: 0.0ms
[325.001s][info][gc,phases      ] GC(345)   Evacuate Collection Set: 2.1ms
[325.001s][info][gc,phases      ] GC(345)   Post Evacuate Collection Set: 0.2ms
[325.001s][info][gc,phases      ] GC(345)   Other: 0.1ms
[325.001s][info][gc,heap        ] GC(345) Eden regions: 22->0(22)
[325.001s][info][gc,heap        ] GC(345) Survivor regions: 3->3(4)
[325.001s][info][gc,heap        ] GC(345) Old regions: 432->432
[325.001s][info][gc,heap        ] GC(345) Archive regions: 2->2
[325.001s][info][gc,heap        ] GC(345) Humongous regions: 11->11
[325.001s][info][gc,metaspace   ] GC(345) Metaspace: 44201K(45520K)->44201K(45520K) NonClass: 38961K(39892K)->38961K(39892K) Class: 5239K(5628K)->5239K(5628K)
[325.001s][info][gc             ] GC(345) Pause Young (Normal) (G1 Evacuation Pause) 463M->442M(512M) 2.709ms
[325.001s][info][gc,cpu         ] GC(345) User=0.01s Sys=0.00s Real=0.00s
[325.100s][info][gc,start       ] GC(346) Pause Young (Normal) (G1 Evacuation Pause)
[325.100s][info][gc,task        ] GC(346) Using 8 workers of 8 for evacuation
[325.102s][info][gc,phases      ] GC(346)   Pre Evacuate Collection Set: 0.1ms
[325.102s][info][gc,phases      ] GC(346)   Merge Heap Roots: 0.0ms
[325.102s][info][gc,phases      ] GC(346)   Evacuate Collection Set: 2.2ms
[325.102s][info][gc,phases      ] GC(346)   Post Evacuate Collection Set: 0.3ms
[325.103s][info][gc,phases      ] GC(346)   Other: 0.1ms
[325.103s][info][gc,heap        ] GC(346) Eden regions: 22->0(22)
[325.103s][info][gc,heap        ] GC(346) Survivor regions: 3->3(4)
[325.103s][info][gc,heap        ] GC(346) Old regions: 432->433
[325.103s][info][gc,heap        ] GC(346) Archive regions: 2->2
[325.103s][info][gc,heap        ] GC(346) Humongous regions: 11->11
[325.103s][info][gc,metaspace   ] GC(346) Metaspace: 44201K(45520K)->44201K(45520K) NonClass: 38961K(39892K)->38961K(39892K) Class: 5239K(5628K)->5239K(5628K)
[325.103s][info][gc             ] GC(346) Pause Young (Normal) (G1 Evacuation Pause) 464M->442M(512M) 2.805ms
[325.103s][info][gc,cpu         ] GC(346) User=0.02s Sys=0.00s Real=0.00s
[325.105s][info][gc,marking     ] GC(335) Concurrent Rebuild Remembered Sets 421.949ms
[325.105s][info][gc,start       ] GC(335) Pause Cleanup
[325.105s][info][gc             ] GC(335) Pause Cleanup 443M->443M(512M) 0.252ms
[325.105s][info][gc,cpu         ] GC(335) User=0.00s Sys=0.00s Real=0.00s
[325.106s][info][gc,marking     ] GC(335) Concurrent Cleanup for Next Mark
[325.107s][info][gc,marking     ] GC(335) Concurrent Cleanup for Next Mark 1.030ms
[325.107s][info][gc             ] GC(335) Concurrent Cycle 1199.649ms
[325.191s][info][gc,start       ] GC(347) Pause Young (Normal) (G1 Evacuation Pause)
[325.191s][info][gc,task        ] GC(347) Using 8 workers of 8 for evacuation
[325.194s][info][gc,phases      ] GC(347)   Pre Evacuate Collection Set: 0.1ms
[325.194s][info][gc,phases      ] GC(347)   Merge Heap Roots: 0.0ms
[325.194s][info][gc,phases      ] GC(347)   Evacuate Collection Set: 2.3ms
[325.194s][info][gc,phases      ] GC(347)   Post Evacuate Collection Set: 0.2ms
[325.194s][info][gc,phases      ] GC(347)   Other: 0.1ms
[325.194s][info][gc,heap        ] GC(347) Eden regions: 22->0(22)
[325.194s][info][gc,heap        ] GC(347) Survivor regions: 3->3(4)
[325.194s][info][gc,heap        ] GC(347) Old regions: 433->433
[325.194s][info][gc,heap        ] GC(347) Archive regions: 2->2
[325.194s][info][gc,heap        ] GC(347) Humongous regions: 11->11
[325.194s][info][gc,metaspace   ] GC(347) Metaspace: 44201K(45520K)->44201K(45520K) NonClass: 38961K(39892K)->38961K(39892K) Class: 5239K(5628K)->5239K(5628K)
[325.194s][info][gc             ] GC(347) Pause Young (Normal) (G1 Evacuation Pause) 464M->443M(512M) 2.904ms
[325.194s][info][gc,cpu         ] GC(347) User=0.02s Sys=0.00s Real=0.00s
[325.285s][info][gc,start       ] GC(348) Pause Young (Concurrent Start) (G1 Evacuation Pause)
[325.285s][info][gc,task        ] GC(348) Using 8 workers of 8 for evacuation
[325.288s][info][gc,phases      ] GC(348)   Pre Evacuate Collection Set: 0.1ms
[325.288s][info][gc,phases      ] GC(348)   Merge Heap Roots: 0.0ms
[325.288s][info][gc,phases      ] GC(348)   Evacuate Collection Set: 1.9ms
[325.288s][info][gc,phases      ] GC(348)   Post Evacuate Collection Set: 0.2ms
[325.288s][info][gc,phases      ] GC(348)   Other: 0.1ms
[325.288s][info][gc,heap        ] GC(348) Eden regions: 22->0(22)
[325.288s][info][gc,heap        ] GC(348) Survivor regions: 3->3(4)
[325.288s][info][gc,heap        ] GC(348) Old regions: 433->434
[325.288s][info][gc,heap        ] GC(348) Archive regions: 2->2
[325.288s][info][gc,heap        ] GC(348) Humongous regions: 11->11
[325.288s][info][gc,metaspace   ] GC(348) Metaspace: 44201K(45520K)->44201K(45520K) NonClass: 38961K(39892K)->38961K(39892K) Class: 5239K(5628K)->5239K(5628K)
[325.288s][info][gc             ] GC(348) Pause Young (Concurrent Start) (G1 Evacuation Pause) 465M->444M(512M) 2.541ms
[325.288s][info][gc,cpu         ] GC(348) User=0.01s Sys=0.00s Real=0.00s
[325.288s][info][gc             ] GC(349) Concurrent Cycle
[325.288s][info][gc,marking     ] GC(349) Concurrent Clear Claimed Marks
[325.288s][info][gc,marking     ] GC(349) Concurrent Clear Claimed Marks 0.039ms
[325.288s][info][gc,marking     ] GC(349) Concurrent Scan Root Regions
[325.292s][info][gc,marking     ] GC(349) Concurrent Scan Root Regions 3.838ms
[325.292s][info][gc,marking     ] GC(349) Concurrent Mark (325.292s)
[325.292s][info][gc,marking     ] GC(349) Concurrent Mark From Roots
[325.292s][info][gc,task        ] GC(349) Using 2 workers of 2 for marking
[325.395s][info][gc,start       ] GC(350) Pause Young (Normal) (G1 Evacuation Pause)
[325.395s][info][gc,task        ] GC(350) Using 8 workers of 8 for evacuation
[325.398s][info][gc,phases      ] GC(350)   Pre Evacuate Collection Set: 0.1ms
[325.398s][info][gc,phases      ] GC(350)   Merge Heap Roots: 0.0ms
[325.398s][info][gc,phases      ] GC(350)   Evacuate Collection Set: 2.2ms
[325.398s][info][gc,phases      ] GC(350)   Post Evacuate Collection Set: 0.2ms
[325.398s][info][gc,phases      ] GC(350)   Other: 0.1ms
[325.398s][info][gc,heap        ] GC(350) Eden regions: 22->0(22)
[325.398s][info][gc,heap        ] GC(350) Survivor regions: 3->3(4)
[325.398s][info][gc,heap        ] GC(350) Old regions: 434->435
[325.398s][info][gc,heap        ] GC(350) Archive regions: 2->2
[325.398s][info][gc,heap        ] GC(350) Humongous regions: 11->11
[325.398s][info][gc,metaspace   ] GC(350) Metaspace: 44204K(45520K)->44204K(45520K) NonClass: 38964K(39892K)->38964K(39892K) Class: 5239K(5628K)->5239K(5628K)
[325.398s][info][gc             ] GC(350) Pause Young (Normal) (G1 Evacuation Pause) 466M->444M(512M) 2.711ms
[325.398s][info][gc,cpu         ] GC(350) User=0.02s Sys=0.00s Real=0.00s
[325.505s][info][gc,start       ] GC(351) Pause Young (Normal) (G1 Evacuation Pause)
[325.505s][info][gc,task        ] GC(351) Using 8 workers of 8 for evacuation
[325.508s][info][gc,phases      ] GC(351)   Pre Evacuate Collection Set: 0.1ms
[325.508s][info][gc,phases      ] GC(351)   Merge Heap Roots: 0.0ms
[325.508s][info][gc,phases      ] GC(351)   Evacuate Collection Set: 2.0ms
[325.508s][info][gc,phases      ] GC(351)   Post Evacuate Collection Set: 0.2ms
[325.508s][info][gc,phases      ] GC(351)   Other: 0.1ms
[325.508s][info][gc,heap        ] GC(351) Eden regions: 22->0(22)
[325.508s][info][gc,heap        ] GC(351) Survivor regions: 3->3(4)
[325.508s][info][gc,heap        ] GC(351) Old regions: 435->435
[325.508s][info][gc,heap        ] GC(351) Archive regions: 2->2
[325.508s][info][gc,heap        ] GC(351) Humongous regions: 11->11
[325.508s][info][gc,metaspace   ] GC(351) Metaspace: 44206K(45520K)->44206K(45520K) NonClass: 38966K(39892K)->38966K(39892K) Class: 5239K(5628K)->5239K(5628K)
[325.508s][info][gc             ] GC(351) Pause Young (Normal) (G1 Evacuation Pause) 466M->445M(512M) 2.561ms
[325.508s][info][gc,cpu         ] GC(351) User=0.01s Sys=0.00s Real=0.00s
[325.611s][info][gc,start       ] GC(352) Pause Young (Normal) (G1 Evacuation Pause)
[325.611s][info][gc,task        ] GC(352) Using 8 workers of 8 for evacuation
[325.613s][info][gc,phases      ] GC(352)   Pre Evacuate Collection Set: 0.1ms
[325.613s][info][gc,phases      ] GC(352)   Merge Heap Roots: 0.0ms
[325.613s][info][gc,phases      ] GC(352)   Evacuate Collection Set: 1.9ms
[325.613s][info][gc,phases      ] GC(352)   Post Evacuate Collection Set: 0.2ms
[325.613s][info][gc,phases      ] GC(352)   Other: 0.1ms
[325.613s][info][gc,heap        ] GC(352) Eden regions: 22->0(22)
[325.613s][info][gc,heap        ] GC(352) Survivor regions: 3->3(4)
[325.613s][info][gc,heap        ] GC(352) Old regions: 435->436
[325.613s][info][gc,heap        ] GC(352) Archive regions: 2->2
[325.613s][info][gc,heap        ] GC(352) Humongous regions: 11->11
[325.613s][info][gc,metaspace   ] GC(352) Metaspace: 44207K(45520K)->44207K(45520K) NonClass: 38968K(39892K)->38968K(39892K) Class: 5239K(5628K)->5239K(5628K)
[325.613s][info][gc             ] GC(352) Pause Young (Normal) (G1 Evacuation Pause) 467M->445M(512M) 2.448ms
[325.613s][info][gc,cpu         ] GC(352) User=0.02s Sys=0.00s Real=0.00s
[325.735s][info][gc,start       ] GC(353) Pause Young (Normal) (G1 Evacuation Pause)
[325.735s][info][gc,task        ] GC(353) Using 8 workers of 8 for evacuation
[325.738s][info][gc,phases      ] GC(353)   Pre Evacuate Collection Set: 0.1ms
[325.738s][info][gc,phases      ] GC(353)   Merge Heap Roots: 0.0ms
[325.738s][info][gc,phases      ] GC(353)   Evacuate Collection Set: 2.2ms
[325.738s][info][gc,phases      ] GC(353)   Post Evacuate Collection Set: 0.4ms
[325.738s][info][gc,phases      ] GC(353)   Other: 0.2ms
[325.738s][info][gc,heap        ] GC(353) Eden regions: 22->0(22)
[325.738s][info][gc,heap        ] GC(353) Survivor regions: 3->3(4)
[325.738s][info][gc,heap        ] GC(353) Old regions: 436->436
[325.738s][info][gc,heap        ] GC(353) Archive regions: 2->2
[325.738s][info][gc,heap        ] GC(353) Humongous regions: 11->11
[325.738s][info][gc,metaspace   ] GC(353) Metaspace: 44208K(45520K)->44208K(45520K) NonClass: 38968K(39892K)->38968K(39892K) Class: 5239K(5628K)->5239K(5628K)
[325.738s][info][gc             ] GC(353) Pause Young (Normal) (G1 Evacuation Pause) 467M->446M(512M) 3.152ms
[325.738s][info][gc,cpu         ] GC(353) User=0.02s Sys=0.00s Real=0.01s
[325.855s][info][gc,start       ] GC(354) Pause Young (Normal) (G1 Evacuation Pause)
[325.855s][info][gc,task        ] GC(354) Using 8 workers of 8 for evacuation
[325.858s][info][gc,phases      ] GC(354)   Pre Evacuate Collection Set: 0.1ms
[325.858s][info][gc,phases      ] GC(354)   Merge Heap Roots: 0.0ms
[325.858s][info][gc,phases      ] GC(354)   Evacuate Collection Set: 1.9ms
[325.858s][info][gc,phases      ] GC(354)   Post Evacuate Collection Set: 0.2ms
[325.858s][info][gc,phases      ] GC(354)   Other: 0.1ms
[325.858s][info][gc,heap        ] GC(354) Eden regions: 22->0(22)
[325.858s][info][gc,heap        ] GC(354) Survivor regions: 3->3(4)
[325.858s][info][gc,heap        ] GC(354) Old regions: 436->437
[325.858s][info][gc,heap        ] GC(354) Archive regions: 2->2
[325.858s][info][gc,heap        ] GC(354) Humongous regions: 11->11
[325.858s][info][gc,metaspace   ] GC(354) Metaspace: 44212K(45520K)->44212K(45520K) NonClass: 38972K(39892K)->38972K(39892K) Class: 5239K(5628K)->5239K(5628K)
[325.858s][info][gc             ] GC(354) Pause Young (Normal) (G1 Evacuation Pause) 468M->446M(512M) 2.455ms
[325.858s][info][gc,cpu         ] GC(354) User=0.02s Sys=0.00s Real=0.00s
[325.961s][info][gc,start       ] GC(355) Pause Young (Normal) (G1 Evacuation Pause)
[325.961s][info][gc,task        ] GC(355) Using 8 workers of 8 for evacuation
[325.963s][info][gc,phases      ] GC(355)   Pre Evacuate Collection Set: 0.1ms
[325.963s][info][gc,phases      ] GC(355)   Merge Heap Roots: 0.0ms
[325.963s][info][gc,phases      ] GC(355)   Evacuate Collection Set: 2.2ms
[325.963s][info][gc,phases      ] GC(355)   Post Evacuate Collection Set: 0.2ms
[325.963s][info][gc,phases      ] GC(355)   Other: 0.1ms
[325.963s][info][gc,heap        ] GC(355) Eden regions: 22->0(22)
[325.963s][info][gc,heap        ] GC(355) Survivor regions: 3->3(4)
[325.963s][info][gc,heap        ] GC(355) Old regions: 437->437
[325.963s][info][gc,heap        ] GC(355) Archive regions: 2->2
[325.963s][info][gc,heap        ] GC(355) Humongous regions: 11->11
[325.963s][info][gc,metaspace   ] GC(355) Metaspace: 44212K(45520K)->44212K(45520K) NonClass: 38972K(39892K)->38972K(39892K) Class: 5239K(5628K)->5239K(5628K)
[325.963s][info][gc             ] GC(355) Pause Young (Normal) (G1 Evacuation Pause) 468M->447M(512M) 2.685ms
[325.963s][info][gc,cpu         ] GC(355) User=0.01s Sys=0.00s Real=0.00s
[326.071s][info][gc,marking     ] GC(349) Concurrent Mark From Roots 779.508ms
[326.071s][info][gc,marking     ] GC(349) Concurrent Preclean
[326.071s][info][gc,marking     ] GC(349) Concurrent Preclean 0.111ms
[326.071s][info][gc,marking     ] GC(349) Concurrent Mark (325.292s, 326.071s) 779.684ms
[326.072s][info][gc,start       ] GC(349) Pause Remark
[326.073s][info][gc             ] GC(349) Pause Remark 469M->469M(512M) 1.712ms
[326.073s][info][gc,cpu         ] GC(349) User=0.01s Sys=0.00s Real=0.00s
[326.073s][info][gc,marking     ] GC(349) Concurrent Rebuild Remembered Sets
[326.074s][info][gc,start       ] GC(356) Pause Young (Normal) (G1 Evacuation Pause)
[326.074s][info][gc,task        ] GC(356) Using 8 workers of 8 for evacuation
[326.076s][info][gc,phases      ] GC(356)   Pre Evacuate Collection Set: 0.1ms
[326.076s][info][gc,phases      ] GC(356)   Merge Heap Roots: 0.0ms
[326.076s][info][gc,phases      ] GC(356)   Evacuate Collection Set: 1.6ms
[326.076s][info][gc,phases      ] GC(356)   Post Evacuate Collection Set: 0.2ms
[326.076s][info][gc,phases      ] GC(356)   Other: 0.1ms
[326.076s][info][gc,heap        ] GC(356) Eden regions: 22->0(22)
[326.076s][info][gc,heap        ] GC(356) Survivor regions: 3->3(4)
[326.076s][info][gc,heap        ] GC(356) Old regions: 437->438
[326.076s][info][gc,heap        ] GC(356) Archive regions: 2->2
[326.076s][info][gc,heap        ] GC(356) Humongous regions: 11->11
[326.076s][info][gc,metaspace   ] GC(356) Metaspace: 44212K(45520K)->44212K(45520K) NonClass: 38972K(39892K)->38972K(39892K) Class: 5239K(5628K)->5239K(5628K)
[326.076s][info][gc             ] GC(356) Pause Young (Normal) (G1 Evacuation Pause) 469M->447M(512M) 2.143ms
[326.076s][info][gc,cpu         ] GC(356) User=0.01s Sys=0.00s Real=0.01s
[326.176s][info][gc,start       ] GC(357) Pause Young (Normal) (G1 Evacuation Pause)
[326.176s][info][gc,task        ] GC(357) Using 8 workers of 8 for evacuation
[326.178s][info][gc,phases      ] GC(357)   Pre Evacuate Collection Set: 0.1ms
[326.178s][info][gc,phases      ] GC(357)   Merge Heap Roots: 0.1ms
[326.178s][info][gc,phases      ] GC(357)   Evacuate Collection Set: 2.2ms
[326.178s][info][gc,phases      ] GC(357)   Post Evacuate Collection Set: 0.2ms
[326.178s][info][gc,phases      ] GC(357)   Other: 0.1ms
[326.178s][info][gc,heap        ] GC(357) Eden regions: 22->0(22)
[326.178s][info][gc,heap        ] GC(357) Survivor regions: 3->3(4)
[326.178s][info][gc,heap        ] GC(357) Old regions: 438->438
[326.178s][info][gc,heap        ] GC(357) Archive regions: 2->2
[326.178s][info][gc,heap        ] GC(357) Humongous regions: 11->11
[326.178s][info][gc,metaspace   ] GC(357) Metaspace: 44212K(45520K)->44212K(45520K) NonClass: 38972K(39892K)->38972K(39892K) Class: 5239K(5628K)->5239K(5628K)
[326.179s][info][gc             ] GC(357) Pause Young (Normal) (G1 Evacuation Pause) 469M->448M(512M) 2.824ms
[326.179s][info][gc,cpu         ] GC(357) User=0.01s Sys=0.00s Real=0.00s
[326.282s][info][gc,start       ] GC(358) Pause Young (Normal) (G1 Evacuation Pause)
[326.282s][info][gc,task        ] GC(358) Using 8 workers of 8 for evacuation
[326.285s][info][gc,phases      ] GC(358)   Pre Evacuate Collection Set: 0.1ms
[326.285s][info][gc,phases      ] GC(358)   Merge Heap Roots: 0.1ms
[326.285s][info][gc,phases      ] GC(358)   Evacuate Collection Set: 2.5ms
[326.285s][info][gc,phases      ] GC(358)   Post Evacuate Collection Set: 0.3ms
[326.285s][info][gc,phases      ] GC(358)   Other: 0.1ms
[326.285s][info][gc,heap        ] GC(358) Eden regions: 22->0(22)
[326.285s][info][gc,heap        ] GC(358) Survivor regions: 3->3(4)
[326.285s][info][gc,heap        ] GC(358) Old regions: 438->439
[326.285s][info][gc,heap        ] GC(358) Archive regions: 2->2
[326.285s][info][gc,heap        ] GC(358) Humongous regions: 11->11
[326.285s][info][gc,metaspace   ] GC(358) Metaspace: 44213K(45520K)->44213K(45520K) NonClass: 38974K(39892K)->38974K(39892K) Class: 5239K(5628K)->5239K(5628K)
[326.285s][info][gc             ] GC(358) Pause Young (Normal) (G1 Evacuation Pause) 470M->448M(512M) 3.187ms
[326.285s][info][gc,cpu         ] GC(358) User=0.01s Sys=0.00s Real=0.01s
[326.386s][info][gc,start       ] GC(359) Pause Young (Normal) (G1 Evacuation Pause)
[326.386s][info][gc,task        ] GC(359) Using 8 workers of 8 for evacuation
[326.389s][info][gc,phases      ] GC(359)   Pre Evacuate Collection Set: 0.1ms
[326.389s][info][gc,phases      ] GC(359)   Merge Heap Roots: 0.1ms
[326.389s][info][gc,phases      ] GC(359)   Evacuate Collection Set: 2.2ms
[326.389s][info][gc,phases      ] GC(359)   Post Evacuate Collection Set: 0.3ms
[326.389s][info][gc,phases      ] GC(359)   Other: 0.1ms
[326.389s][info][gc,heap        ] GC(359) Eden regions: 22->0(22)
[326.389s][info][gc,heap        ] GC(359) Survivor regions: 3->3(4)
[326.389s][info][gc,heap        ] GC(359) Old regions: 439->439
[326.389s][info][gc,heap        ] GC(359) Archive regions: 2->2
[326.389s][info][gc,heap        ] GC(359) Humongous regions: 11->11
[326.389s][info][gc,metaspace   ] GC(359) Metaspace: 44213K(45520K)->44213K(45520K) NonClass: 38974K(39892K)->38974K(39892K) Class: 5239K(5628K)->5239K(5628K)
[326.389s][info][gc             ] GC(359) Pause Young (Normal) (G1 Evacuation Pause) 470M->449M(512M) 2.769ms
[326.389s][info][gc,cpu         ] GC(359) User=0.02s Sys=0.00s Real=0.00s
[326.493s][info][gc,start       ] GC(360) Pause Young (Normal) (G1 Evacuation Pause)
[326.493s][info][gc,task        ] GC(360) Using 8 workers of 8 for evacuation
[326.496s][info][gc,phases      ] GC(360)   Pre Evacuate Collection Set: 0.1ms
[326.496s][info][gc,phases      ] GC(360)   Merge Heap Roots: 0.0ms
[326.496s][info][gc,phases      ] GC(360)   Evacuate Collection Set: 2.4ms
[326.496s][info][gc,phases      ] GC(360)   Post Evacuate Collection Set: 0.2ms
[326.496s][info][gc,phases      ] GC(360)   Other: 0.2ms
[326.496s][info][gc,heap        ] GC(360) Eden regions: 22->0(22)
[326.496s][info][gc,heap        ] GC(360) Survivor regions: 3->3(4)
[326.496s][info][gc,heap        ] GC(360) Old regions: 439->440
[326.496s][info][gc,heap        ] GC(360) Archive regions: 2->2
[326.496s][info][gc,heap        ] GC(360) Humongous regions: 11->11
[326.496s][info][gc,metaspace   ] GC(360) Metaspace: 44213K(45520K)->44213K(45520K) NonClass: 38974K(39892K)->38974K(39892K) Class: 5239K(5628K)->5239K(5628K)
[326.496s][info][gc             ] GC(360) Pause Young (Normal) (G1 Evacuation Pause) 471M->450M(512M) 3.026ms
[326.496s][info][gc,cpu         ] GC(360) User=0.02s Sys=0.00s Real=0.01s
[326.505s][info][gc,marking     ] GC(349) Concurrent Rebuild Remembered Sets 431.700ms
[326.505s][info][gc,start       ] GC(349) Pause Cleanup
[326.506s][info][gc             ] GC(349) Pause Cleanup 452M->452M(512M) 0.331ms
[326.506s][info][gc,cpu         ] GC(349) User=0.00s Sys=0.00s Real=0.00s
[326.506s][info][gc,marking     ] GC(349) Concurrent Cleanup for Next Mark
[326.507s][info][gc,marking     ] GC(349) Concurrent Cleanup for Next Mark 0.784ms
[326.507s][info][gc             ] GC(349) Concurrent Cycle 1218.788ms
[326.581s][info][gc,start       ] GC(361) Pause Young (Normal) (G1 Evacuation Pause)
[326.581s][info][gc,task        ] GC(361) Using 8 workers of 8 for evacuation
[326.584s][info][gc,phases      ] GC(361)   Pre Evacuate Collection Set: 0.1ms
[326.584s][info][gc,phases      ] GC(361)   Merge Heap Roots: 0.0ms
[326.584s][info][gc,phases      ] GC(361)   Evacuate Collection Set: 2.5ms
[326.584s][info][gc,phases      ] GC(361)   Post Evacuate Collection Set: 0.2ms
[326.584s][info][gc,phases      ] GC(361)   Other: 0.2ms
[326.584s][info][gc,heap        ] GC(361) Eden regions: 22->0(22)
[326.584s][info][gc,heap        ] GC(361) Survivor regions: 3->3(4)
[326.584s][info][gc,heap        ] GC(361) Old regions: 440->441
[326.584s][info][gc,heap        ] GC(361) Archive regions: 2->2
[326.584s][info][gc,heap        ] GC(361) Humongous regions: 11->11
[326.584s][info][gc,metaspace   ] GC(361) Metaspace: 44213K(45520K)->44213K(45520K) NonClass: 38974K(39892K)->38974K(39892K) Class: 5239K(5628K)->5239K(5628K)
[326.584s][info][gc             ] GC(361) Pause Young (Normal) (G1 Evacuation Pause) 472M->450M(512M) 3.166ms
[326.584s][info][gc,cpu         ] GC(361) User=0.02s Sys=0.00s Real=0.00s
[326.666s][info][gc,start       ] GC(362) Pause Young (Concurrent Start) (G1 Evacuation Pause)
[326.667s][info][gc,task        ] GC(362) Using 8 workers of 8 for evacuation
[326.669s][info][gc,phases      ] GC(362)   Pre Evacuate Collection Set: 0.1ms
[326.669s][info][gc,phases      ] GC(362)   Merge Heap Roots: 0.0ms
[326.669s][info][gc,phases      ] GC(362)   Evacuate Collection Set: 1.9ms
[326.669s][info][gc,phases      ] GC(362)   Post Evacuate Collection Set: 0.2ms
[326.669s][info][gc,phases      ] GC(362)   Other: 0.1ms
[326.669s][info][gc,heap        ] GC(362) Eden regions: 22->0(22)
[326.669s][info][gc,heap        ] GC(362) Survivor regions: 3->3(4)
[326.669s][info][gc,heap        ] GC(362) Old regions: 441->441
[326.669s][info][gc,heap        ] GC(362) Archive regions: 2->2
[326.669s][info][gc,heap        ] GC(362) Humongous regions: 11->11
[326.669s][info][gc,metaspace   ] GC(362) Metaspace: 44215K(45520K)->44215K(45520K) NonClass: 38975K(39892K)->38975K(39892K) Class: 5239K(5628K)->5239K(5628K)
[326.669s][info][gc             ] GC(362) Pause Young (Concurrent Start) (G1 Evacuation Pause) 472M->451M(512M) 2.499ms
[326.669s][info][gc,cpu         ] GC(362) User=0.01s Sys=0.00s Real=0.00s
[326.669s][info][gc             ] GC(363) Concurrent Cycle
[326.669s][info][gc,marking     ] GC(363) Concurrent Clear Claimed Marks
[326.669s][info][gc,marking     ] GC(363) Concurrent Clear Claimed Marks 0.034ms
[326.669s][info][gc,marking     ] GC(363) Concurrent Scan Root Regions
[326.672s][info][gc,marking     ] GC(363) Concurrent Scan Root Regions 2.915ms
[326.672s][info][gc,marking     ] GC(363) Concurrent Mark (326.672s)
[326.672s][info][gc,marking     ] GC(363) Concurrent Mark From Roots
[326.672s][info][gc,task        ] GC(363) Using 2 workers of 2 for marking
[326.801s][info][gc,start       ] GC(364) Pause Young (Normal) (G1 Evacuation Pause)
[326.801s][info][gc,task        ] GC(364) Using 8 workers of 8 for evacuation
[326.804s][info][gc,phases      ] GC(364)   Pre Evacuate Collection Set: 0.1ms
[326.804s][info][gc,phases      ] GC(364)   Merge Heap Roots: 0.0ms
[326.804s][info][gc,phases      ] GC(364)   Evacuate Collection Set: 2.1ms
[326.804s][info][gc,phases      ] GC(364)   Post Evacuate Collection Set: 0.3ms
[326.804s][info][gc,phases      ] GC(364)   Other: 0.1ms
[326.804s][info][gc,heap        ] GC(364) Eden regions: 22->0(22)
[326.804s][info][gc,heap        ] GC(364) Survivor regions: 3->3(4)
[326.804s][info][gc,heap        ] GC(364) Old regions: 441->442
[326.804s][info][gc,heap        ] GC(364) Archive regions: 2->2
[326.804s][info][gc,heap        ] GC(364) Humongous regions: 11->11
[326.804s][info][gc,metaspace   ] GC(364) Metaspace: 44215K(45520K)->44215K(45520K) NonClass: 38975K(39892K)->38975K(39892K) Class: 5239K(5628K)->5239K(5628K)
[326.804s][info][gc             ] GC(364) Pause Young (Normal) (G1 Evacuation Pause) 473M->451M(512M) 2.652ms
[326.804s][info][gc,cpu         ] GC(364) User=0.02s Sys=0.00s Real=0.00s
[326.915s][info][gc,start       ] GC(365) Pause Young (Normal) (G1 Evacuation Pause)
[326.915s][info][gc,task        ] GC(365) Using 8 workers of 8 for evacuation
[326.917s][info][gc,phases      ] GC(365)   Pre Evacuate Collection Set: 0.1ms
[326.917s][info][gc,phases      ] GC(365)   Merge Heap Roots: 0.0ms
[326.917s][info][gc,phases      ] GC(365)   Evacuate Collection Set: 1.9ms
[326.917s][info][gc,phases      ] GC(365)   Post Evacuate Collection Set: 0.2ms
[326.917s][info][gc,phases      ] GC(365)   Other: 0.1ms
[326.917s][info][gc,heap        ] GC(365) Eden regions: 22->0(22)
[326.917s][info][gc,heap        ] GC(365) Survivor regions: 3->3(4)
[326.917s][info][gc,heap        ] GC(365) Old regions: 442->442
[326.917s][info][gc,heap        ] GC(365) Archive regions: 2->2
[326.917s][info][gc,heap        ] GC(365) Humongous regions: 11->11
[326.917s][info][gc,metaspace   ] GC(365) Metaspace: 44215K(45520K)->44215K(45520K) NonClass: 38975K(39892K)->38975K(39892K) Class: 5239K(5628K)->5239K(5628K)
[326.917s][info][gc             ] GC(365) Pause Young (Normal) (G1 Evacuation Pause) 473M->452M(512M) 2.452ms
[326.917s][info][gc,cpu         ] GC(365) User=0.01s Sys=0.01s Real=0.00s
[327.032s][info][gc,start       ] GC(366) Pause Young (Normal) (G1 Evacuation Pause)
[327.032s][info][gc,task        ] GC(366) Using 8 workers of 8 for evacuation
[327.035s][info][gc,phases      ] GC(366)   Pre Evacuate Collection Set: 0.1ms
[327.035s][info][gc,phases      ] GC(366)   Merge Heap Roots: 0.0ms
[327.035s][info][gc,phases      ] GC(366)   Evacuate Collection Set: 2.0ms
[327.035s][info][gc,phases      ] GC(366)   Post Evacuate Collection Set: 0.2ms
[327.035s][info][gc,phases      ] GC(366)   Other: 0.1ms
[327.035s][info][gc,heap        ] GC(366) Eden regions: 22->0(22)
[327.035s][info][gc,heap        ] GC(366) Survivor regions: 3->3(4)
[327.035s][info][gc,heap        ] GC(366) Old regions: 442->443
[327.035s][info][gc,heap        ] GC(366) Archive regions: 2->2
[327.035s][info][gc,heap        ] GC(366) Humongous regions: 11->11
[327.035s][info][gc,metaspace   ] GC(366) Metaspace: 44215K(45520K)->44215K(45520K) NonClass: 38975K(39892K)->38975K(39892K) Class: 5239K(5628K)->5239K(5628K)
[327.035s][info][gc             ] GC(366) Pause Young (Normal) (G1 Evacuation Pause) 474M->452M(512M) 2.614ms
[327.035s][info][gc,cpu         ] GC(366) User=0.01s Sys=0.00s Real=0.01s
[327.204s][info][gc,start       ] GC(367) Pause Young (Normal) (G1 Evacuation Pause)
[327.204s][info][gc,task        ] GC(367) Using 8 workers of 8 for evacuation
[327.206s][info][gc,phases      ] GC(367)   Pre Evacuate Collection Set: 0.1ms
[327.206s][info][gc,phases      ] GC(367)   Merge Heap Roots: 0.0ms
[327.206s][info][gc,phases      ] GC(367)   Evacuate Collection Set: 2.3ms
[327.206s][info][gc,phases      ] GC(367)   Post Evacuate Collection Set: 0.3ms
[327.206s][info][gc,phases      ] GC(367)   Other: 0.1ms
[327.206s][info][gc,heap        ] GC(367) Eden regions: 22->0(22)
[327.206s][info][gc,heap        ] GC(367) Survivor regions: 3->3(4)
[327.207s][info][gc,heap        ] GC(367) Old regions: 443->443
[327.207s][info][gc,heap        ] GC(367) Archive regions: 2->2
[327.207s][info][gc,heap        ] GC(367) Humongous regions: 11->11
[327.207s][info][gc,metaspace   ] GC(367) Metaspace: 44215K(45520K)->44215K(45520K) NonClass: 38975K(39892K)->38975K(39892K) Class: 5239K(5628K)->5239K(5628K)
[327.207s][info][gc             ] GC(367) Pause Young (Normal) (G1 Evacuation Pause) 474M->453M(512M) 2.937ms
[327.207s][info][gc,cpu         ] GC(367) User=0.01s Sys=0.00s Real=0.01s
[327.392s][info][gc,start       ] GC(368) Pause Young (Normal) (G1 Evacuation Pause)
[327.392s][info][gc,task        ] GC(368) Using 8 workers of 8 for evacuation
[327.394s][info][gc,phases      ] GC(368)   Pre Evacuate Collection Set: 0.1ms
[327.394s][info][gc,phases      ] GC(368)   Merge Heap Roots: 0.0ms
[327.394s][info][gc,phases      ] GC(368)   Evacuate Collection Set: 1.8ms
[327.394s][info][gc,phases      ] GC(368)   Post Evacuate Collection Set: 0.2ms
[327.394s][info][gc,phases      ] GC(368)   Other: 0.1ms
[327.394s][info][gc,heap        ] GC(368) Eden regions: 22->0(22)
[327.394s][info][gc,heap        ] GC(368) Survivor regions: 3->3(4)
[327.394s][info][gc,heap        ] GC(368) Old regions: 443->444
[327.394s][info][gc,heap        ] GC(368) Archive regions: 2->2
[327.394s][info][gc,heap        ] GC(368) Humongous regions: 11->11
[327.394s][info][gc,metaspace   ] GC(368) Metaspace: 44219K(45520K)->44219K(45520K) NonClass: 38980K(39892K)->38980K(39892K) Class: 5239K(5628K)->5239K(5628K)
[327.394s][info][gc             ] GC(368) Pause Young (Normal) (G1 Evacuation Pause) 475M->454M(512M) 2.328ms
[327.394s][info][gc,cpu         ] GC(368) User=0.02s Sys=0.00s Real=0.00s
[327.519s][info][gc,start       ] GC(369) Pause Young (Normal) (G1 Evacuation Pause)
[327.519s][info][gc,task        ] GC(369) Using 8 workers of 8 for evacuation
[327.521s][info][gc,phases      ] GC(369)   Pre Evacuate Collection Set: 0.1ms
[327.521s][info][gc,phases      ] GC(369)   Merge Heap Roots: 0.0ms
[327.521s][info][gc,phases      ] GC(369)   Evacuate Collection Set: 1.7ms
[327.521s][info][gc,phases      ] GC(369)   Post Evacuate Collection Set: 0.2ms
[327.521s][info][gc,phases      ] GC(369)   Other: 0.1ms
[327.521s][info][gc,heap        ] GC(369) Eden regions: 22->0(22)
[327.521s][info][gc,heap        ] GC(369) Survivor regions: 3->3(4)
[327.521s][info][gc,heap        ] GC(369) Old regions: 444->444
[327.521s][info][gc,heap        ] GC(369) Archive regions: 2->2
[327.521s][info][gc,heap        ] GC(369) Humongous regions: 11->11
[327.521s][info][gc,metaspace   ] GC(369) Metaspace: 44219K(45520K)->44219K(45520K) NonClass: 38980K(39892K)->38980K(39892K) Class: 5239K(5628K)->5239K(5628K)
[327.521s][info][gc             ] GC(369) Pause Young (Normal) (G1 Evacuation Pause) 476M->454M(512M) 2.170ms
[327.521s][info][gc,cpu         ] GC(369) User=0.01s Sys=0.00s Real=0.00s
[327.638s][info][gc,start       ] GC(370) Pause Young (Normal) (G1 Evacuation Pause)
[327.638s][info][gc,task        ] GC(370) Using 8 workers of 8 for evacuation
[327.640s][info][gc,phases      ] GC(370)   Pre Evacuate Collection Set: 0.1ms
[327.640s][info][gc,phases      ] GC(370)   Merge Heap Roots: 0.0ms
[327.640s][info][gc,phases      ] GC(370)   Evacuate Collection Set: 1.7ms
[327.640s][info][gc,phases      ] GC(370)   Post Evacuate Collection Set: 0.2ms
[327.640s][info][gc,phases      ] GC(370)   Other: 0.1ms
[327.640s][info][gc,heap        ] GC(370) Eden regions: 22->0(22)
[327.640s][info][gc,heap        ] GC(370) Survivor regions: 3->3(4)
[327.640s][info][gc,heap        ] GC(370) Old regions: 444->445
[327.640s][info][gc,heap        ] GC(370) Archive regions: 2->2
[327.640s][info][gc,heap        ] GC(370) Humongous regions: 11->11
[327.640s][info][gc,metaspace   ] GC(370) Metaspace: 44219K(45520K)->44219K(45520K) NonClass: 38980K(39892K)->38980K(39892K) Class: 5239K(5628K)->5239K(5628K)
[327.640s][info][gc             ] GC(370) Pause Young (Normal) (G1 Evacuation Pause) 476M->455M(512M) 2.269ms
[327.640s][info][gc,cpu         ] GC(370) User=0.01s Sys=0.00s Real=0.00s
[327.643s][info][gc,marking     ] GC(363) Concurrent Mark From Roots 970.461ms
[327.643s][info][gc,marking     ] GC(363) Concurrent Preclean
[327.643s][info][gc,marking     ] GC(363) Concurrent Preclean 0.082ms
[327.643s][info][gc,marking     ] GC(363) Concurrent Mark (326.672s, 327.643s) 970.598ms
[327.643s][info][gc,start       ] GC(363) Pause Remark
[327.645s][info][gc             ] GC(363) Pause Remark 456M->456M(512M) 1.928ms
[327.645s][info][gc,cpu         ] GC(363) User=0.01s Sys=0.00s Real=0.01s
[327.645s][info][gc,marking     ] GC(363) Concurrent Rebuild Remembered Sets
[327.760s][info][gc,start       ] GC(371) Pause Young (Normal) (G1 Evacuation Pause)
[327.760s][info][gc,task        ] GC(371) Using 8 workers of 8 for evacuation
[327.762s][info][gc,phases      ] GC(371)   Pre Evacuate Collection Set: 0.1ms
[327.762s][info][gc,phases      ] GC(371)   Merge Heap Roots: 0.0ms
[327.762s][info][gc,phases      ] GC(371)   Evacuate Collection Set: 2.0ms
[327.762s][info][gc,phases      ] GC(371)   Post Evacuate Collection Set: 0.2ms
[327.762s][info][gc,phases      ] GC(371)   Other: 0.1ms
[327.762s][info][gc,heap        ] GC(371) Eden regions: 22->0(22)
[327.762s][info][gc,heap        ] GC(371) Survivor regions: 3->3(4)
[327.762s][info][gc,heap        ] GC(371) Old regions: 445->446
[327.762s][info][gc,heap        ] GC(371) Archive regions: 2->2
[327.762s][info][gc,heap        ] GC(371) Humongous regions: 11->11
[327.762s][info][gc,metaspace   ] GC(371) Metaspace: 44219K(45520K)->44219K(45520K) NonClass: 38980K(39892K)->38980K(39892K) Class: 5239K(5628K)->5239K(5628K)
[327.762s][info][gc             ] GC(371) Pause Young (Normal) (G1 Evacuation Pause) 477M->455M(512M) 2.508ms
[327.762s][info][gc,cpu         ] GC(371) User=0.01s Sys=0.00s Real=0.00s
[327.868s][info][gc,start       ] GC(372) Pause Young (Normal) (G1 Evacuation Pause)
[327.868s][info][gc,task        ] GC(372) Using 8 workers of 8 for evacuation
[327.870s][info][gc,phases      ] GC(372)   Pre Evacuate Collection Set: 0.1ms
[327.870s][info][gc,phases      ] GC(372)   Merge Heap Roots: 0.1ms
[327.870s][info][gc,phases      ] GC(372)   Evacuate Collection Set: 2.1ms
[327.870s][info][gc,phases      ] GC(372)   Post Evacuate Collection Set: 0.2ms
[327.870s][info][gc,phases      ] GC(372)   Other: 0.1ms
[327.870s][info][gc,heap        ] GC(372) Eden regions: 22->0(22)
[327.870s][info][gc,heap        ] GC(372) Survivor regions: 3->3(4)
[327.870s][info][gc,heap        ] GC(372) Old regions: 446->446
[327.870s][info][gc,heap        ] GC(372) Archive regions: 2->2
[327.870s][info][gc,heap        ] GC(372) Humongous regions: 11->11
[327.870s][info][gc,metaspace   ] GC(372) Metaspace: 44220K(45520K)->44220K(45520K) NonClass: 38980K(39892K)->38980K(39892K) Class: 5239K(5628K)->5239K(5628K)
[327.870s][info][gc             ] GC(372) Pause Young (Normal) (G1 Evacuation Pause) 477M->456M(512M) 2.746ms
[327.870s][info][gc,cpu         ] GC(372) User=0.01s Sys=0.00s Real=0.00s
[327.972s][info][gc,start       ] GC(373) Pause Young (Normal) (G1 Evacuation Pause)
[327.972s][info][gc,task        ] GC(373) Using 8 workers of 8 for evacuation
[327.975s][info][gc,phases      ] GC(373)   Pre Evacuate Collection Set: 0.1ms
[327.975s][info][gc,phases      ] GC(373)   Merge Heap Roots: 0.1ms
[327.975s][info][gc,phases      ] GC(373)   Evacuate Collection Set: 2.4ms
[327.975s][info][gc,phases      ] GC(373)   Post Evacuate Collection Set: 0.2ms
[327.975s][info][gc,phases      ] GC(373)   Other: 0.1ms
[327.975s][info][gc,heap        ] GC(373) Eden regions: 22->0(22)
[327.975s][info][gc,heap        ] GC(373) Survivor regions: 3->3(4)
[327.975s][info][gc,heap        ] GC(373) Old regions: 446->447
[327.975s][info][gc,heap        ] GC(373) Archive regions: 2->2
[327.975s][info][gc,heap        ] GC(373) Humongous regions: 11->11
[327.975s][info][gc,metaspace   ] GC(373) Metaspace: 44220K(45520K)->44220K(45520K) NonClass: 38980K(39892K)->38980K(39892K) Class: 5239K(5628K)->5239K(5628K)
[327.975s][info][gc             ] GC(373) Pause Young (Normal) (G1 Evacuation Pause) 478M->456M(512M) 2.949ms
[327.975s][info][gc,cpu         ] GC(373) User=0.02s Sys=0.00s Real=0.01s
[328.075s][info][gc,start       ] GC(374) Pause Young (Normal) (G1 Evacuation Pause)
[328.075s][info][gc,task        ] GC(374) Using 8 workers of 8 for evacuation
[328.078s][info][gc,phases      ] GC(374)   Pre Evacuate Collection Set: 0.1ms
[328.078s][info][gc,phases      ] GC(374)   Merge Heap Roots: 0.0ms
[328.078s][info][gc,phases      ] GC(374)   Evacuate Collection Set: 2.5ms
[328.078s][info][gc,phases      ] GC(374)   Post Evacuate Collection Set: 0.3ms
[328.078s][info][gc,phases      ] GC(374)   Other: 0.1ms
[328.078s][info][gc,heap        ] GC(374) Eden regions: 22->0(22)
[328.078s][info][gc,heap        ] GC(374) Survivor regions: 3->3(4)
[328.078s][info][gc,heap        ] GC(374) Old regions: 447->447
[328.078s][info][gc,heap        ] GC(374) Archive regions: 2->2
[328.078s][info][gc,heap        ] GC(374) Humongous regions: 11->11
[328.078s][info][gc,metaspace   ] GC(374) Metaspace: 44220K(45520K)->44220K(45520K) NonClass: 38980K(39892K)->38980K(39892K) Class: 5239K(5628K)->5239K(5628K)
[328.078s][info][gc             ] GC(374) Pause Young (Normal) (G1 Evacuation Pause) 478M->457M(512M) 3.073ms
[328.078s][info][gc,cpu         ] GC(374) User=0.01s Sys=0.00s Real=0.00s
[328.080s][info][gc,marking     ] GC(363) Concurrent Rebuild Remembered Sets 435.220ms
[328.080s][info][gc,start       ] GC(363) Pause Cleanup
[328.080s][info][gc             ] GC(363) Pause Cleanup 458M->458M(512M) 0.252ms
[328.080s][info][gc,cpu         ] GC(363) User=0.00s Sys=0.00s Real=0.00s
[328.081s][info][gc,marking     ] GC(363) Concurrent Cleanup for Next Mark
[328.082s][info][gc,marking     ] GC(363) Concurrent Cleanup for Next Mark 1.021ms
[328.082s][info][gc             ] GC(363) Concurrent Cycle 1412.555ms
[328.170s][info][gc,start       ] GC(375) Pause Young (Normal) (G1 Evacuation Pause)
[328.170s][info][gc,task        ] GC(375) Using 8 workers of 8 for evacuation
[328.173s][info][gc,phases      ] GC(375)   Pre Evacuate Collection Set: 0.1ms
[328.173s][info][gc,phases      ] GC(375)   Merge Heap Roots: 0.0ms
[328.173s][info][gc,phases      ] GC(375)   Evacuate Collection Set: 2.4ms
[328.173s][info][gc,phases      ] GC(375)   Post Evacuate Collection Set: 0.2ms
[328.173s][info][gc,phases      ] GC(375)   Other: 0.1ms
[328.173s][info][gc,heap        ] GC(375) Eden regions: 22->0(22)
[328.173s][info][gc,heap        ] GC(375) Survivor regions: 3->3(4)
[328.173s][info][gc,heap        ] GC(375) Old regions: 447->448
[328.173s][info][gc,heap        ] GC(375) Archive regions: 2->2
[328.173s][info][gc,heap        ] GC(375) Humongous regions: 11->11
[328.173s][info][gc,metaspace   ] GC(375) Metaspace: 44220K(45520K)->44220K(45520K) NonClass: 38980K(39892K)->38980K(39892K) Class: 5239K(5628K)->5239K(5628K)
[328.173s][info][gc             ] GC(375) Pause Young (Normal) (G1 Evacuation Pause) 479M->457M(512M) 2.926ms
[328.173s][info][gc,cpu         ] GC(375) User=0.02s Sys=0.00s Real=0.00s
[328.256s][info][gc,start       ] GC(376) Pause Young (Concurrent Start) (G1 Evacuation Pause)
[328.256s][info][gc,task        ] GC(376) Using 8 workers of 8 for evacuation
[328.258s][info][gc,phases      ] GC(376)   Pre Evacuate Collection Set: 0.1ms
[328.258s][info][gc,phases      ] GC(376)   Merge Heap Roots: 0.0ms
[328.258s][info][gc,phases      ] GC(376)   Evacuate Collection Set: 1.9ms
[328.258s][info][gc,phases      ] GC(376)   Post Evacuate Collection Set: 0.2ms
[328.258s][info][gc,phases      ] GC(376)   Other: 0.2ms
[328.258s][info][gc,heap        ] GC(376) Eden regions: 22->0(22)
[328.258s][info][gc,heap        ] GC(376) Survivor regions: 3->3(4)
[328.258s][info][gc,heap        ] GC(376) Old regions: 448->448
[328.258s][info][gc,heap        ] GC(376) Archive regions: 2->2
[328.258s][info][gc,heap        ] GC(376) Humongous regions: 11->11
[328.258s][info][gc,metaspace   ] GC(376) Metaspace: 44220K(45520K)->44220K(45520K) NonClass: 38980K(39892K)->38980K(39892K) Class: 5239K(5628K)->5239K(5628K)
[328.258s][info][gc             ] GC(376) Pause Young (Concurrent Start) (G1 Evacuation Pause) 479M->458M(512M) 2.511ms
[328.258s][info][gc,cpu         ] GC(376) User=0.02s Sys=0.00s Real=0.00s
[328.258s][info][gc             ] GC(377) Concurrent Cycle
[328.258s][info][gc,marking     ] GC(377) Concurrent Clear Claimed Marks
[328.258s][info][gc,marking     ] GC(377) Concurrent Clear Claimed Marks 0.044ms
[328.258s][info][gc,marking     ] GC(377) Concurrent Scan Root Regions
[328.261s][info][gc,marking     ] GC(377) Concurrent Scan Root Regions 2.525ms
[328.261s][info][gc,marking     ] GC(377) Concurrent Mark (328.261s)
[328.261s][info][gc,marking     ] GC(377) Concurrent Mark From Roots
[328.261s][info][gc,task        ] GC(377) Using 2 workers of 2 for marking
[328.372s][info][gc,start       ] GC(378) Pause Young (Normal) (G1 Evacuation Pause)
[328.372s][info][gc,task        ] GC(378) Using 8 workers of 8 for evacuation
[328.375s][info][gc,phases      ] GC(378)   Pre Evacuate Collection Set: 0.1ms
[328.375s][info][gc,phases      ] GC(378)   Merge Heap Roots: 0.0ms
[328.375s][info][gc,phases      ] GC(378)   Evacuate Collection Set: 2.2ms
[328.375s][info][gc,phases      ] GC(378)   Post Evacuate Collection Set: 0.2ms
[328.375s][info][gc,phases      ] GC(378)   Other: 0.1ms
[328.375s][info][gc,heap        ] GC(378) Eden regions: 22->0(22)
[328.375s][info][gc,heap        ] GC(378) Survivor regions: 3->3(4)
[328.375s][info][gc,heap        ] GC(378) Old regions: 448->449
[328.375s][info][gc,heap        ] GC(378) Archive regions: 2->2
[328.375s][info][gc,heap        ] GC(378) Humongous regions: 11->11
[328.375s][info][gc,metaspace   ] GC(378) Metaspace: 44220K(45520K)->44220K(45520K) NonClass: 38980K(39892K)->38980K(39892K) Class: 5239K(5628K)->5239K(5628K)
[328.375s][info][gc             ] GC(378) Pause Young (Normal) (G1 Evacuation Pause) 480M->458M(512M) 2.683ms
[328.375s][info][gc,cpu         ] GC(378) User=0.02s Sys=0.00s Real=0.01s
[328.481s][info][gc,start       ] GC(379) Pause Young (Normal) (G1 Evacuation Pause)
[328.481s][info][gc,task        ] GC(379) Using 8 workers of 8 for evacuation
[328.483s][info][gc,phases      ] GC(379)   Pre Evacuate Collection Set: 0.1ms
[328.483s][info][gc,phases      ] GC(379)   Merge Heap Roots: 0.0ms
[328.483s][info][gc,phases      ] GC(379)   Evacuate Collection Set: 1.8ms
[328.483s][info][gc,phases      ] GC(379)   Post Evacuate Collection Set: 0.2ms
[328.483s][info][gc,phases      ] GC(379)   Other: 0.1ms
[328.483s][info][gc,heap        ] GC(379) Eden regions: 22->0(22)
[328.483s][info][gc,heap        ] GC(379) Survivor regions: 3->3(4)
[328.483s][info][gc,heap        ] GC(379) Old regions: 449->449
[328.483s][info][gc,heap        ] GC(379) Archive regions: 2->2
[328.483s][info][gc,heap        ] GC(379) Humongous regions: 11->11
[328.483s][info][gc,metaspace   ] GC(379) Metaspace: 44220K(45520K)->44220K(45520K) NonClass: 38980K(39892K)->38980K(39892K) Class: 5239K(5628K)->5239K(5628K)
[328.483s][info][gc             ] GC(379) Pause Young (Normal) (G1 Evacuation Pause) 480M->459M(512M) 2.352ms
[328.483s][info][gc,cpu         ] GC(379) User=0.02s Sys=0.00s Real=0.00s
[328.586s][info][gc,start       ] GC(380) Pause Young (Normal) (G1 Evacuation Pause)
[328.586s][info][gc,task        ] GC(380) Using 8 workers of 8 for evacuation
[328.588s][info][gc,phases      ] GC(380)   Pre Evacuate Collection Set: 0.1ms
[328.588s][info][gc,phases      ] GC(380)   Merge Heap Roots: 0.0ms
[328.588s][info][gc,phases      ] GC(380)   Evacuate Collection Set: 1.6ms
[328.588s][info][gc,phases      ] GC(380)   Post Evacuate Collection Set: 0.2ms
[328.588s][info][gc,phases      ] GC(380)   Other: 0.1ms
[328.588s][info][gc,heap        ] GC(380) Eden regions: 22->0(22)
[328.588s][info][gc,heap        ] GC(380) Survivor regions: 3->3(4)
[328.588s][info][gc,heap        ] GC(380) Old regions: 449->450
[328.588s][info][gc,heap        ] GC(380) Archive regions: 2->2
[328.588s][info][gc,heap        ] GC(380) Humongous regions: 11->11
[328.588s][info][gc,metaspace   ] GC(380) Metaspace: 44220K(45520K)->44220K(45520K) NonClass: 38980K(39892K)->38980K(39892K) Class: 5239K(5628K)->5239K(5628K)
[328.588s][info][gc             ] GC(380) Pause Young (Normal) (G1 Evacuation Pause) 481M->460M(512M) 2.198ms
[328.588s][info][gc,cpu         ] GC(380) User=0.01s Sys=0.00s Real=0.00s
[328.713s][info][gc,start       ] GC(381) Pause Young (Normal) (G1 Evacuation Pause)
[328.713s][info][gc,task        ] GC(381) Using 8 workers of 8 for evacuation
[328.716s][info][gc,phases      ] GC(381)   Pre Evacuate Collection Set: 0.1ms
[328.716s][info][gc,phases      ] GC(381)   Merge Heap Roots: 0.0ms
[328.716s][info][gc,phases      ] GC(381)   Evacuate Collection Set: 2.0ms
[328.716s][info][gc,phases      ] GC(381)   Post Evacuate Collection Set: 0.2ms
[328.716s][info][gc,phases      ] GC(381)   Other: 0.1ms
[328.716s][info][gc,heap        ] GC(381) Eden regions: 22->0(22)
[328.716s][info][gc,heap        ] GC(381) Survivor regions: 3->3(4)
[328.716s][info][gc,heap        ] GC(381) Old regions: 450->451
[328.716s][info][gc,heap        ] GC(381) Archive regions: 2->2
[328.716s][info][gc,heap        ] GC(381) Humongous regions: 11->11
[328.716s][info][gc,metaspace   ] GC(381) Metaspace: 44220K(45520K)->44220K(45520K) NonClass: 38980K(39892K)->38980K(39892K) Class: 5239K(5628K)->5239K(5628K)
[328.716s][info][gc             ] GC(381) Pause Young (Normal) (G1 Evacuation Pause) 482M->460M(512M) 2.519ms
[328.716s][info][gc,cpu         ] GC(381) User=0.02s Sys=0.00s Real=0.01s
[328.864s][info][gc,start       ] GC(382) Pause Young (Normal) (G1 Evacuation Pause)
[328.864s][info][gc,task        ] GC(382) Using 8 workers of 8 for evacuation
[328.866s][info][gc,phases      ] GC(382)   Pre Evacuate Collection Set: 0.1ms
[328.866s][info][gc,phases      ] GC(382)   Merge Heap Roots: 0.0ms
[328.866s][info][gc,phases      ] GC(382)   Evacuate Collection Set: 2.0ms
[328.866s][info][gc,phases      ] GC(382)   Post Evacuate Collection Set: 0.2ms
[328.866s][info][gc,phases      ] GC(382)   Other: 0.1ms
[328.866s][info][gc,heap        ] GC(382) Eden regions: 22->0(22)
[328.866s][info][gc,heap        ] GC(382) Survivor regions: 3->3(4)
[328.866s][info][gc,heap        ] GC(382) Old regions: 451->451
[328.866s][info][gc,heap        ] GC(382) Archive regions: 2->2
[328.866s][info][gc,heap        ] GC(382) Humongous regions: 11->11
[328.866s][info][gc,metaspace   ] GC(382) Metaspace: 44220K(45520K)->44220K(45520K) NonClass: 38980K(39892K)->38980K(39892K) Class: 5239K(5628K)->5239K(5628K)
[328.866s][info][gc             ] GC(382) Pause Young (Normal) (G1 Evacuation Pause) 482M->461M(512M) 2.500ms
[328.866s][info][gc,cpu         ] GC(382) User=0.01s Sys=0.00s Real=0.01s
[328.996s][info][gc,start       ] GC(383) Pause Young (Normal) (G1 Evacuation Pause)
[328.996s][info][gc,task        ] GC(383) Using 8 workers of 8 for evacuation
[328.999s][info][gc,phases      ] GC(383)   Pre Evacuate Collection Set: 0.1ms
[328.999s][info][gc,phases      ] GC(383)   Merge Heap Roots: 0.0ms
[328.999s][info][gc,phases      ] GC(383)   Evacuate Collection Set: 1.9ms
[328.999s][info][gc,phases      ] GC(383)   Post Evacuate Collection Set: 0.2ms
[328.999s][info][gc,phases      ] GC(383)   Other: 0.1ms
[328.999s][info][gc,heap        ] GC(383) Eden regions: 22->0(22)
[328.999s][info][gc,heap        ] GC(383) Survivor regions: 3->3(4)
[328.999s][info][gc,heap        ] GC(383) Old regions: 451->452
[328.999s][info][gc,heap        ] GC(383) Archive regions: 2->2
[328.999s][info][gc,heap        ] GC(383) Humongous regions: 11->11
[328.999s][info][gc,metaspace   ] GC(383) Metaspace: 44220K(45520K)->44220K(45520K) NonClass: 38980K(39892K)->38980K(39892K) Class: 5239K(5628K)->5239K(5628K)
[328.999s][info][gc             ] GC(383) Pause Young (Normal) (G1 Evacuation Pause) 483M->461M(512M) 2.428ms
[328.999s][info][gc,cpu         ] GC(383) User=0.02s Sys=0.00s Real=0.00s
[329.095s][info][gc,marking     ] GC(377) Concurrent Mark From Roots 833.947ms
[329.095s][info][gc,marking     ] GC(377) Concurrent Preclean
[329.095s][info][gc,marking     ] GC(377) Concurrent Preclean 0.098ms
[329.095s][info][gc,marking     ] GC(377) Concurrent Mark (328.261s, 329.095s) 834.114ms
[329.095s][info][gc,start       ] GC(377) Pause Remark
[329.097s][info][gc             ] GC(377) Pause Remark 481M->481M(512M) 1.777ms
[329.097s][info][gc,cpu         ] GC(377) User=0.01s Sys=0.00s Real=0.00s
[329.097s][info][gc,marking     ] GC(377) Concurrent Rebuild Remembered Sets
[329.107s][info][gc,start       ] GC(384) Pause Young (Normal) (G1 Evacuation Pause)
[329.107s][info][gc,task        ] GC(384) Using 8 workers of 8 for evacuation
[329.110s][info][gc,phases      ] GC(384)   Pre Evacuate Collection Set: 0.1ms
[329.110s][info][gc,phases      ] GC(384)   Merge Heap Roots: 0.1ms
[329.110s][info][gc,phases      ] GC(384)   Evacuate Collection Set: 2.0ms
[329.110s][info][gc,phases      ] GC(384)   Post Evacuate Collection Set: 0.3ms
[329.110s][info][gc,phases      ] GC(384)   Other: 0.1ms
[329.110s][info][gc,heap        ] GC(384) Eden regions: 22->0(22)
[329.110s][info][gc,heap        ] GC(384) Survivor regions: 3->3(4)
[329.110s][info][gc,heap        ] GC(384) Old regions: 452->452
[329.110s][info][gc,heap        ] GC(384) Archive regions: 2->2
[329.110s][info][gc,heap        ] GC(384) Humongous regions: 11->11
[329.110s][info][gc,metaspace   ] GC(384) Metaspace: 44220K(45520K)->44220K(45520K) NonClass: 38980K(39892K)->38980K(39892K) Class: 5239K(5628K)->5239K(5628K)
[329.110s][info][gc             ] GC(384) Pause Young (Normal) (G1 Evacuation Pause) 483M->462M(512M) 2.561ms
[329.110s][info][gc,cpu         ] GC(384) User=0.02s Sys=0.00s Real=0.00s
[329.211s][info][gc,start       ] GC(385) Pause Young (Normal) (G1 Evacuation Pause)
[329.211s][info][gc,task        ] GC(385) Using 8 workers of 8 for evacuation
[329.213s][info][gc,phases      ] GC(385)   Pre Evacuate Collection Set: 0.1ms
[329.213s][info][gc,phases      ] GC(385)   Merge Heap Roots: 0.1ms
[329.213s][info][gc,phases      ] GC(385)   Evacuate Collection Set: 2.0ms
[329.213s][info][gc,phases      ] GC(385)   Post Evacuate Collection Set: 0.2ms
[329.213s][info][gc,phases      ] GC(385)   Other: 0.1ms
[329.213s][info][gc,heap        ] GC(385) Eden regions: 22->0(22)
[329.213s][info][gc,heap        ] GC(385) Survivor regions: 3->3(4)
[329.213s][info][gc,heap        ] GC(385) Old regions: 452->453
[329.213s][info][gc,heap        ] GC(385) Archive regions: 2->2
[329.213s][info][gc,heap        ] GC(385) Humongous regions: 11->11
[329.213s][info][gc,metaspace   ] GC(385) Metaspace: 44220K(45520K)->44220K(45520K) NonClass: 38980K(39892K)->38980K(39892K) Class: 5239K(5628K)->5239K(5628K)
[329.214s][info][gc             ] GC(385) Pause Young (Normal) (G1 Evacuation Pause) 484M->462M(512M) 2.566ms
[329.214s][info][gc,cpu         ] GC(385) User=0.02s Sys=0.01s Real=0.00s
[329.310s][info][gc,start       ] GC(386) Pause Young (Normal) (G1 Evacuation Pause)
[329.310s][info][gc,task        ] GC(386) Using 8 workers of 8 for evacuation
[329.313s][info][gc,phases      ] GC(386)   Pre Evacuate Collection Set: 0.1ms
[329.313s][info][gc,phases      ] GC(386)   Merge Heap Roots: 0.1ms
[329.313s][info][gc,phases      ] GC(386)   Evacuate Collection Set: 2.2ms
[329.313s][info][gc,phases      ] GC(386)   Post Evacuate Collection Set: 0.2ms
[329.313s][info][gc,phases      ] GC(386)   Other: 0.1ms
[329.313s][info][gc,heap        ] GC(386) Eden regions: 22->0(22)
[329.313s][info][gc,heap        ] GC(386) Survivor regions: 3->3(4)
[329.313s][info][gc,heap        ] GC(386) Old regions: 453->453
[329.313s][info][gc,heap        ] GC(386) Archive regions: 2->2
[329.313s][info][gc,heap        ] GC(386) Humongous regions: 11->11
[329.313s][info][gc,metaspace   ] GC(386) Metaspace: 44220K(45520K)->44220K(45520K) NonClass: 38980K(39892K)->38980K(39892K) Class: 5239K(5628K)->5239K(5628K)
[329.313s][info][gc             ] GC(386) Pause Young (Normal) (G1 Evacuation Pause) 484M->463M(512M) 2.809ms
[329.313s][info][gc,cpu         ] GC(386) User=0.01s Sys=0.00s Real=0.00s
[329.413s][info][gc,start       ] GC(387) Pause Young (Normal) (G1 Evacuation Pause)
[329.413s][info][gc,task        ] GC(387) Using 8 workers of 8 for evacuation
[329.416s][info][gc,phases      ] GC(387)   Pre Evacuate Collection Set: 0.1ms
[329.416s][info][gc,phases      ] GC(387)   Merge Heap Roots: 0.1ms
[329.416s][info][gc,phases      ] GC(387)   Evacuate Collection Set: 2.3ms
[329.416s][info][gc,phases      ] GC(387)   Post Evacuate Collection Set: 0.2ms
[329.416s][info][gc,phases      ] GC(387)   Other: 0.3ms
[329.416s][info][gc,heap        ] GC(387) Eden regions: 22->0(22)
[329.416s][info][gc,heap        ] GC(387) Survivor regions: 3->3(4)
[329.416s][info][gc,heap        ] GC(387) Old regions: 453->454
[329.416s][info][gc,heap        ] GC(387) Archive regions: 2->2
[329.416s][info][gc,heap        ] GC(387) Humongous regions: 11->11
[329.416s][info][gc,metaspace   ] GC(387) Metaspace: 44220K(45520K)->44220K(45520K) NonClass: 38980K(39892K)->38980K(39892K) Class: 5239K(5628K)->5239K(5628K)
[329.416s][info][gc             ] GC(387) Pause Young (Normal) (G1 Evacuation Pause) 485M->463M(512M) 2.976ms
[329.416s][info][gc,cpu         ] GC(387) User=0.02s Sys=0.01s Real=0.01s
[329.520s][info][gc,start       ] GC(388) Pause Young (Normal) (G1 Evacuation Pause)
[329.520s][info][gc,task        ] GC(388) Using 8 workers of 8 for evacuation
[329.523s][info][gc,phases      ] GC(388)   Pre Evacuate Collection Set: 0.1ms
[329.523s][info][gc,phases      ] GC(388)   Merge Heap Roots: 0.1ms
[329.523s][info][gc,phases      ] GC(388)   Evacuate Collection Set: 2.4ms
[329.523s][info][gc,phases      ] GC(388)   Post Evacuate Collection Set: 0.2ms
[329.523s][info][gc,phases      ] GC(388)   Other: 0.1ms
[329.523s][info][gc,heap        ] GC(388) Eden regions: 22->0(22)
[329.523s][info][gc,heap        ] GC(388) Survivor regions: 3->3(4)
[329.523s][info][gc,heap        ] GC(388) Old regions: 454->454
[329.523s][info][gc,heap        ] GC(388) Archive regions: 2->2
[329.523s][info][gc,heap        ] GC(388) Humongous regions: 11->11
[329.523s][info][gc,metaspace   ] GC(388) Metaspace: 44220K(45520K)->44220K(45520K) NonClass: 38980K(39892K)->38980K(39892K) Class: 5239K(5628K)->5239K(5628K)
[329.523s][info][gc             ] GC(388) Pause Young (Normal) (G1 Evacuation Pause) 485M->464M(512M) 2.983ms
[329.523s][info][gc,cpu         ] GC(388) User=0.02s Sys=0.00s Real=0.00s
[329.538s][info][gc,marking     ] GC(377) Concurrent Rebuild Remembered Sets 441.532ms
[329.539s][info][gc,start       ] GC(377) Pause Cleanup
[329.539s][info][gc             ] GC(377) Pause Cleanup 467M->467M(512M) 0.324ms
[329.539s][info][gc,cpu         ] GC(377) User=0.00s Sys=0.00s Real=0.00s
[329.539s][info][gc,marking     ] GC(377) Concurrent Cleanup for Next Mark
[329.540s][info][gc,marking     ] GC(377) Concurrent Cleanup for Next Mark 0.920ms
[329.540s][info][gc             ] GC(377) Concurrent Cycle 1281.924ms
[329.610s][info][gc,start       ] GC(389) Pause Young (Normal) (G1 Evacuation Pause)
[329.610s][info][gc,task        ] GC(389) Using 8 workers of 8 for evacuation
[329.613s][info][gc,phases      ] GC(389)   Pre Evacuate Collection Set: 0.0ms
[329.613s][info][gc,phases      ] GC(389)   Merge Heap Roots: 0.0ms
[329.613s][info][gc,phases      ] GC(389)   Evacuate Collection Set: 2.4ms
[329.613s][info][gc,phases      ] GC(389)   Post Evacuate Collection Set: 0.2ms
[329.613s][info][gc,phases      ] GC(389)   Other: 0.1ms
[329.613s][info][gc,heap        ] GC(389) Eden regions: 22->0(22)
[329.613s][info][gc,heap        ] GC(389) Survivor regions: 3->3(4)
[329.613s][info][gc,heap        ] GC(389) Old regions: 454->455
[329.613s][info][gc,heap        ] GC(389) Archive regions: 2->2
[329.613s][info][gc,heap        ] GC(389) Humongous regions: 11->11
[329.613s][info][gc,metaspace   ] GC(389) Metaspace: 44220K(45520K)->44220K(45520K) NonClass: 38980K(39892K)->38980K(39892K) Class: 5239K(5628K)->5239K(5628K)
[329.613s][info][gc             ] GC(389) Pause Young (Normal) (G1 Evacuation Pause) 486M->465M(512M) 2.942ms
[329.613s][info][gc,cpu         ] GC(389) User=0.02s Sys=0.00s Real=0.00s
[329.714s][info][gc,start       ] GC(390) Pause Young (Concurrent Start) (G1 Evacuation Pause)
[329.714s][info][gc,task        ] GC(390) Using 8 workers of 8 for evacuation
[329.716s][info][gc,phases      ] GC(390)   Pre Evacuate Collection Set: 0.1ms
[329.717s][info][gc,phases      ] GC(390)   Merge Heap Roots: 0.0ms
[329.717s][info][gc,phases      ] GC(390)   Evacuate Collection Set: 2.0ms
[329.717s][info][gc,phases      ] GC(390)   Post Evacuate Collection Set: 0.2ms
[329.717s][info][gc,phases      ] GC(390)   Other: 0.2ms
[329.717s][info][gc,heap        ] GC(390) Eden regions: 22->0(22)
[329.717s][info][gc,heap        ] GC(390) Survivor regions: 3->3(4)
[329.717s][info][gc,heap        ] GC(390) Old regions: 455->456
[329.717s][info][gc,heap        ] GC(390) Archive regions: 2->2
[329.717s][info][gc,heap        ] GC(390) Humongous regions: 11->11
[329.717s][info][gc,metaspace   ] GC(390) Metaspace: 44220K(45520K)->44220K(45520K) NonClass: 38980K(39892K)->38980K(39892K) Class: 5239K(5628K)->5239K(5628K)
[329.717s][info][gc             ] GC(390) Pause Young (Concurrent Start) (G1 Evacuation Pause) 487M->465M(512M) 2.589ms
[329.717s][info][gc,cpu         ] GC(390) User=0.01s Sys=0.00s Real=0.01s
[329.717s][info][gc             ] GC(391) Concurrent Cycle
[329.717s][info][gc,marking     ] GC(391) Concurrent Clear Claimed Marks
[329.717s][info][gc,marking     ] GC(391) Concurrent Clear Claimed Marks 0.026ms
[329.717s][info][gc,marking     ] GC(391) Concurrent Scan Root Regions
[329.719s][info][gc,marking     ] GC(391) Concurrent Scan Root Regions 2.418ms
[329.719s][info][gc,marking     ] GC(391) Concurrent Mark (329.719s)
[329.719s][info][gc,marking     ] GC(391) Concurrent Mark From Roots
[329.719s][info][gc,task        ] GC(391) Using 2 workers of 2 for marking
[329.848s][info][gc,start       ] GC(392) Pause Young (Normal) (G1 Evacuation Pause)
[329.848s][info][gc,task        ] GC(392) Using 8 workers of 8 for evacuation
[329.851s][info][gc,phases      ] GC(392)   Pre Evacuate Collection Set: 0.1ms
[329.851s][info][gc,phases      ] GC(392)   Merge Heap Roots: 0.0ms
[329.851s][info][gc,phases      ] GC(392)   Evacuate Collection Set: 1.8ms
[329.851s][info][gc,phases      ] GC(392)   Post Evacuate Collection Set: 0.2ms
[329.851s][info][gc,phases      ] GC(392)   Other: 0.1ms
[329.851s][info][gc,heap        ] GC(392) Eden regions: 22->0(22)
[329.851s][info][gc,heap        ] GC(392) Survivor regions: 3->3(4)
[329.851s][info][gc,heap        ] GC(392) Old regions: 456->456
[329.851s][info][gc,heap        ] GC(392) Archive regions: 2->2
[329.851s][info][gc,heap        ] GC(392) Humongous regions: 11->11
[329.851s][info][gc,metaspace   ] GC(392) Metaspace: 44220K(45520K)->44220K(45520K) NonClass: 38980K(39892K)->38980K(39892K) Class: 5239K(5628K)->5239K(5628K)
[329.851s][info][gc             ] GC(392) Pause Young (Normal) (G1 Evacuation Pause) 487M->466M(512M) 2.285ms
[329.851s][info][gc,cpu         ] GC(392) User=0.01s Sys=0.00s Real=0.00s
[329.979s][info][gc,start       ] GC(393) Pause Young (Normal) (G1 Evacuation Pause)
[329.979s][info][gc,task        ] GC(393) Using 8 workers of 8 for evacuation
[329.981s][info][gc,phases      ] GC(393)   Pre Evacuate Collection Set: 0.1ms
[329.981s][info][gc,phases      ] GC(393)   Merge Heap Roots: 0.0ms
[329.981s][info][gc,phases      ] GC(393)   Evacuate Collection Set: 1.6ms
[329.981s][info][gc,phases      ] GC(393)   Post Evacuate Collection Set: 0.2ms
[329.981s][info][gc,phases      ] GC(393)   Other: 0.1ms
[329.981s][info][gc,heap        ] GC(393) Eden regions: 22->0(22)
[329.981s][info][gc,heap        ] GC(393) Survivor regions: 3->3(4)
[329.981s][info][gc,heap        ] GC(393) Old regions: 456->457
[329.981s][info][gc,heap        ] GC(393) Archive regions: 2->2
[329.981s][info][gc,heap        ] GC(393) Humongous regions: 11->11
[329.981s][info][gc,metaspace   ] GC(393) Metaspace: 44220K(45520K)->44220K(45520K) NonClass: 38980K(39892K)->38980K(39892K) Class: 5239K(5628K)->5239K(5628K)
[329.981s][info][gc             ] GC(393) Pause Young (Normal) (G1 Evacuation Pause) 488M->466M(512M) 2.104ms
[329.981s][info][gc,cpu         ] GC(393) User=0.02s Sys=0.00s Real=0.00s
[330.085s][info][gc,start       ] GC(394) Pause Young (Normal) (G1 Evacuation Pause)
[330.085s][info][gc,task        ] GC(394) Using 8 workers of 8 for evacuation
[330.087s][info][gc,phases      ] GC(394)   Pre Evacuate Collection Set: 0.1ms
[330.087s][info][gc,phases      ] GC(394)   Merge Heap Roots: 0.0ms
[330.087s][info][gc,phases      ] GC(394)   Evacuate Collection Set: 1.7ms
[330.087s][info][gc,phases      ] GC(394)   Post Evacuate Collection Set: 0.2ms
[330.087s][info][gc,phases      ] GC(394)   Other: 0.1ms
[330.087s][info][gc,heap        ] GC(394) Eden regions: 22->0(22)
[330.087s][info][gc,heap        ] GC(394) Survivor regions: 3->3(4)
[330.087s][info][gc,heap        ] GC(394) Old regions: 457->457
[330.087s][info][gc,heap        ] GC(394) Archive regions: 2->2
[330.087s][info][gc,heap        ] GC(394) Humongous regions: 11->11
[330.087s][info][gc,metaspace   ] GC(394) Metaspace: 44220K(45520K)->44220K(45520K) NonClass: 38980K(39892K)->38980K(39892K) Class: 5239K(5628K)->5239K(5628K)
[330.087s][info][gc             ] GC(394) Pause Young (Normal) (G1 Evacuation Pause) 488M->467M(512M) 2.198ms
[330.087s][info][gc,cpu         ] GC(394) User=0.01s Sys=0.00s Real=0.00s
[330.198s][info][gc,start       ] GC(395) Pause Young (Normal) (G1 Evacuation Pause)
[330.198s][info][gc,task        ] GC(395) Using 8 workers of 8 for evacuation
[330.201s][info][gc,phases      ] GC(395)   Pre Evacuate Collection Set: 0.1ms
[330.201s][info][gc,phases      ] GC(395)   Merge Heap Roots: 0.0ms
[330.201s][info][gc,phases      ] GC(395)   Evacuate Collection Set: 1.9ms
[330.201s][info][gc,phases      ] GC(395)   Post Evacuate Collection Set: 0.2ms
[330.201s][info][gc,phases      ] GC(395)   Other: 0.1ms
[330.201s][info][gc,heap        ] GC(395) Eden regions: 22->0(22)
[330.201s][info][gc,heap        ] GC(395) Survivor regions: 3->3(4)
[330.201s][info][gc,heap        ] GC(395) Old regions: 457->458
[330.201s][info][gc,heap        ] GC(395) Archive regions: 2->2
[330.201s][info][gc,heap        ] GC(395) Humongous regions: 11->11
[330.201s][info][gc,metaspace   ] GC(395) Metaspace: 44220K(45520K)->44220K(45520K) NonClass: 38980K(39892K)->38980K(39892K) Class: 5239K(5628K)->5239K(5628K)
[330.201s][info][gc             ] GC(395) Pause Young (Normal) (G1 Evacuation Pause) 489M->467M(512M) 2.446ms
[330.201s][info][gc,cpu         ] GC(395) User=0.01s Sys=0.00s Real=0.00s
[330.319s][info][gc,start       ] GC(396) Pause Young (Normal) (G1 Evacuation Pause)
[330.319s][info][gc,task        ] GC(396) Using 8 workers of 8 for evacuation
[330.321s][info][gc,phases      ] GC(396)   Pre Evacuate Collection Set: 0.1ms
[330.321s][info][gc,phases      ] GC(396)   Merge Heap Roots: 0.0ms
[330.321s][info][gc,phases      ] GC(396)   Evacuate Collection Set: 2.0ms
[330.321s][info][gc,phases      ] GC(396)   Post Evacuate Collection Set: 0.2ms
[330.321s][info][gc,phases      ] GC(396)   Other: 0.1ms
[330.321s][info][gc,heap        ] GC(396) Eden regions: 22->0(22)
[330.321s][info][gc,heap        ] GC(396) Survivor regions: 3->3(4)
[330.321s][info][gc,heap        ] GC(396) Old regions: 458->458
[330.321s][info][gc,heap        ] GC(396) Archive regions: 2->2
[330.321s][info][gc,heap        ] GC(396) Humongous regions: 11->11
[330.321s][info][gc,metaspace   ] GC(396) Metaspace: 44220K(45520K)->44220K(45520K) NonClass: 38980K(39892K)->38980K(39892K) Class: 5239K(5628K)->5239K(5628K)
[330.321s][info][gc             ] GC(396) Pause Young (Normal) (G1 Evacuation Pause) 489M->468M(512M) 2.479ms
[330.321s][info][gc,cpu         ] GC(396) User=0.02s Sys=0.00s Real=0.00s
[330.426s][info][gc,start       ] GC(397) Pause Young (Normal) (G1 Evacuation Pause)
[330.426s][info][gc,task        ] GC(397) Using 8 workers of 8 for evacuation
[330.428s][info][gc,phases      ] GC(397)   Pre Evacuate Collection Set: 0.1ms
[330.428s][info][gc,phases      ] GC(397)   Merge Heap Roots: 0.0ms
[330.428s][info][gc,phases      ] GC(397)   Evacuate Collection Set: 2.0ms
[330.428s][info][gc,phases      ] GC(397)   Post Evacuate Collection Set: 0.2ms
[330.428s][info][gc,phases      ] GC(397)   Other: 0.1ms
[330.428s][info][gc,heap        ] GC(397) Eden regions: 22->0(22)
[330.428s][info][gc,heap        ] GC(397) Survivor regions: 3->3(4)
[330.429s][info][gc,heap        ] GC(397) Old regions: 458->459
[330.429s][info][gc,heap        ] GC(397) Archive regions: 2->2
[330.429s][info][gc,heap        ] GC(397) Humongous regions: 11->11
[330.429s][info][gc,metaspace   ] GC(397) Metaspace: 44220K(45520K)->44220K(45520K) NonClass: 38980K(39892K)->38980K(39892K) Class: 5239K(5628K)->5239K(5628K)
[330.429s][info][gc             ] GC(397) Pause Young (Normal) (G1 Evacuation Pause) 490M->468M(512M) 2.566ms
[330.429s][info][gc,cpu         ] GC(397) User=0.02s Sys=0.00s Real=0.00s
[330.447s][info][gc,marking     ] GC(391) Concurrent Mark From Roots 728.115ms
[330.447s][info][gc,marking     ] GC(391) Concurrent Preclean
[330.447s][info][gc,marking     ] GC(391) Concurrent Preclean 0.068ms
[330.447s][info][gc,marking     ] GC(391) Concurrent Mark (329.719s, 330.447s) 728.245ms
[330.448s][info][gc,start       ] GC(391) Pause Remark
[330.449s][info][gc             ] GC(391) Pause Remark 473M->473M(512M) 1.829ms
[330.449s][info][gc,cpu         ] GC(391) User=0.01s Sys=0.00s Real=0.00s
[330.449s][info][gc,marking     ] GC(391) Concurrent Rebuild Remembered Sets
[330.525s][info][gc,start       ] GC(398) Pause Young (Normal) (G1 Evacuation Pause)
[330.525s][info][gc,task        ] GC(398) Using 8 workers of 8 for evacuation
[330.527s][info][gc,phases      ] GC(398)   Pre Evacuate Collection Set: 0.1ms
[330.527s][info][gc,phases      ] GC(398)   Merge Heap Roots: 0.1ms
[330.527s][info][gc,phases      ] GC(398)   Evacuate Collection Set: 2.0ms
[330.527s][info][gc,phases      ] GC(398)   Post Evacuate Collection Set: 0.2ms
[330.527s][info][gc,phases      ] GC(398)   Other: 0.1ms
[330.527s][info][gc,heap        ] GC(398) Eden regions: 22->0(22)
[330.527s][info][gc,heap        ] GC(398) Survivor regions: 3->3(4)
[330.527s][info][gc,heap        ] GC(398) Old regions: 459->459
[330.527s][info][gc,heap        ] GC(398) Archive regions: 2->2
[330.527s][info][gc,heap        ] GC(398) Humongous regions: 11->11
[330.527s][info][gc,metaspace   ] GC(398) Metaspace: 44220K(45520K)->44220K(45520K) NonClass: 38980K(39892K)->38980K(39892K) Class: 5239K(5628K)->5239K(5628K)
[330.527s][info][gc             ] GC(398) Pause Young (Normal) (G1 Evacuation Pause) 490M->469M(512M) 2.501ms
[330.527s][info][gc,cpu         ] GC(398) User=0.02s Sys=0.00s Real=0.01s
[330.620s][info][gc,start       ] GC(399) Pause Young (Normal) (G1 Evacuation Pause)
[330.620s][info][gc,task        ] GC(399) Using 8 workers of 8 for evacuation
[330.623s][info][gc,phases      ] GC(399)   Pre Evacuate Collection Set: 0.1ms
[330.623s][info][gc,phases      ] GC(399)   Merge Heap Roots: 0.0ms
[330.623s][info][gc,phases      ] GC(399)   Evacuate Collection Set: 2.1ms
[330.623s][info][gc,phases      ] GC(399)   Post Evacuate Collection Set: 0.2ms
[330.623s][info][gc,phases      ] GC(399)   Other: 0.1ms
[330.623s][info][gc,heap        ] GC(399) Eden regions: 22->0(22)
[330.623s][info][gc,heap        ] GC(399) Survivor regions: 3->3(4)
[330.623s][info][gc,heap        ] GC(399) Old regions: 459->460
[330.623s][info][gc,heap        ] GC(399) Archive regions: 2->2
[330.623s][info][gc,heap        ] GC(399) Humongous regions: 11->11
[330.623s][info][gc,metaspace   ] GC(399) Metaspace: 44220K(45520K)->44220K(45520K) NonClass: 38980K(39892K)->38980K(39892K) Class: 5239K(5628K)->5239K(5628K)
[330.623s][info][gc             ] GC(399) Pause Young (Normal) (G1 Evacuation Pause) 491M->469M(512M) 2.638ms
[330.623s][info][gc,cpu         ] GC(399) User=0.02s Sys=0.00s Real=0.00s
[330.740s][info][gc,start       ] GC(400) Pause Young (Normal) (G1 Evacuation Pause)
[330.741s][info][gc,task        ] GC(400) Using 8 workers of 8 for evacuation
[330.743s][info][gc,phases      ] GC(400)   Pre Evacuate Collection Set: 0.1ms
[330.743s][info][gc,phases      ] GC(400)   Merge Heap Roots: 0.0ms
[330.743s][info][gc,phases      ] GC(400)   Evacuate Collection Set: 2.2ms
[330.743s][info][gc,phases      ] GC(400)   Post Evacuate Collection Set: 0.2ms
[330.743s][info][gc,phases      ] GC(400)   Other: 0.1ms
[330.743s][info][gc,heap        ] GC(400) Eden regions: 22->0(22)
[330.743s][info][gc,heap        ] GC(400) Survivor regions: 3->3(4)
[330.743s][info][gc,heap        ] GC(400) Old regions: 460->460
[330.743s][info][gc,heap        ] GC(400) Archive regions: 2->2
[330.743s][info][gc,heap        ] GC(400) Humongous regions: 11->11
[330.743s][info][gc,metaspace   ] GC(400) Metaspace: 44220K(45520K)->44220K(45520K) NonClass: 38980K(39892K)->38980K(39892K) Class: 5239K(5628K)->5239K(5628K)
[330.743s][info][gc             ] GC(400) Pause Young (Normal) (G1 Evacuation Pause) 491M->470M(512M) 2.707ms
[330.743s][info][gc,cpu         ] GC(400) User=0.02s Sys=0.00s Real=0.00s
[330.837s][info][gc,start       ] GC(401) Pause Young (Normal) (G1 Evacuation Pause)
[330.837s][info][gc,task        ] GC(401) Using 8 workers of 8 for evacuation
[330.839s][info][gc,phases      ] GC(401)   Pre Evacuate Collection Set: 0.1ms
[330.839s][info][gc,phases      ] GC(401)   Merge Heap Roots: 0.0ms
[330.839s][info][gc,phases      ] GC(401)   Evacuate Collection Set: 2.2ms
[330.839s][info][gc,phases      ] GC(401)   Post Evacuate Collection Set: 0.2ms
[330.839s][info][gc,phases      ] GC(401)   Other: 0.2ms
[330.839s][info][gc,heap        ] GC(401) Eden regions: 22->0(22)
[330.839s][info][gc,heap        ] GC(401) Survivor regions: 3->3(4)
[330.839s][info][gc,heap        ] GC(401) Old regions: 460->461
[330.839s][info][gc,heap        ] GC(401) Archive regions: 2->2
[330.839s][info][gc,heap        ] GC(401) Humongous regions: 11->11
[330.839s][info][gc,metaspace   ] GC(401) Metaspace: 44220K(45520K)->44220K(45520K) NonClass: 38980K(39892K)->38980K(39892K) Class: 5239K(5628K)->5239K(5628K)
[330.839s][info][gc             ] GC(401) Pause Young (Normal) (G1 Evacuation Pause) 492M->471M(512M) 2.743ms
[330.839s][info][gc,cpu         ] GC(401) User=0.02s Sys=0.00s Real=0.00s
[330.904s][info][gc,marking     ] GC(391) Concurrent Rebuild Remembered Sets 454.342ms
[330.904s][info][gc,start       ] GC(391) Pause Cleanup
[330.904s][info][gc             ] GC(391) Pause Cleanup 484M->484M(512M) 0.289ms
[330.904s][info][gc,cpu         ] GC(391) User=0.00s Sys=0.00s Real=0.00s
[330.905s][info][gc,marking     ] GC(391) Concurrent Cleanup for Next Mark
[330.905s][info][gc,marking     ] GC(391) Concurrent Cleanup for Next Mark 0.895ms
[330.905s][info][gc             ] GC(391) Concurrent Cycle 1188.777ms
[330.941s][info][gc,start       ] GC(402) Pause Young (Normal) (G1 Evacuation Pause)
[330.941s][info][gc,task        ] GC(402) Using 8 workers of 8 for evacuation
[330.944s][info][gc,phases      ] GC(402)   Pre Evacuate Collection Set: 0.1ms
[330.944s][info][gc,phases      ] GC(402)   Merge Heap Roots: 0.0ms
[330.944s][info][gc,phases      ] GC(402)   Evacuate Collection Set: 2.5ms
[330.944s][info][gc,phases      ] GC(402)   Post Evacuate Collection Set: 0.2ms
[330.944s][info][gc,phases      ] GC(402)   Other: 0.1ms
[330.944s][info][gc,heap        ] GC(402) Eden regions: 22->0(22)
[330.944s][info][gc,heap        ] GC(402) Survivor regions: 3->3(4)
[330.944s][info][gc,heap        ] GC(402) Old regions: 461->462
[330.944s][info][gc,heap        ] GC(402) Archive regions: 2->2
[330.944s][info][gc,heap        ] GC(402) Humongous regions: 11->11
[330.944s][info][gc,metaspace   ] GC(402) Metaspace: 44220K(45520K)->44220K(45520K) NonClass: 38980K(39892K)->38980K(39892K) Class: 5239K(5628K)->5239K(5628K)
[330.944s][info][gc             ] GC(402) Pause Young (Normal) (G1 Evacuation Pause) 493M->471M(512M) 3.018ms
[330.944s][info][gc,cpu         ] GC(402) User=0.01s Sys=0.00s Real=0.00s
[331.040s][info][gc,start       ] GC(403) Pause Young (Concurrent Start) (G1 Evacuation Pause)
[331.040s][info][gc,task        ] GC(403) Using 8 workers of 8 for evacuation
[331.043s][info][gc,phases      ] GC(403)   Pre Evacuate Collection Set: 0.1ms
[331.043s][info][gc,phases      ] GC(403)   Merge Heap Roots: 0.0ms
[331.043s][info][gc,phases      ] GC(403)   Evacuate Collection Set: 1.9ms
[331.043s][info][gc,phases      ] GC(403)   Post Evacuate Collection Set: 0.2ms
[331.043s][info][gc,phases      ] GC(403)   Other: 0.2ms
[331.043s][info][gc,heap        ] GC(403) Eden regions: 22->0(22)
[331.043s][info][gc,heap        ] GC(403) Survivor regions: 3->3(4)
[331.043s][info][gc,heap        ] GC(403) Old regions: 462->462
[331.043s][info][gc,heap        ] GC(403) Archive regions: 2->2
[331.043s][info][gc,heap        ] GC(403) Humongous regions: 11->11
[331.043s][info][gc,metaspace   ] GC(403) Metaspace: 44220K(45520K)->44220K(45520K) NonClass: 38980K(39892K)->38980K(39892K) Class: 5239K(5628K)->5239K(5628K)
[331.043s][info][gc             ] GC(403) Pause Young (Concurrent Start) (G1 Evacuation Pause) 493M->472M(512M) 2.474ms
[331.043s][info][gc,cpu         ] GC(403) User=0.01s Sys=0.00s Real=0.00s
[331.043s][info][gc             ] GC(404) Concurrent Cycle
[331.043s][info][gc,marking     ] GC(404) Concurrent Clear Claimed Marks
[331.043s][info][gc,marking     ] GC(404) Concurrent Clear Claimed Marks 0.032ms
[331.043s][info][gc,marking     ] GC(404) Concurrent Scan Root Regions
[331.045s][info][gc,marking     ] GC(404) Concurrent Scan Root Regions 2.670ms
[331.045s][info][gc,marking     ] GC(404) Concurrent Mark (331.045s)
[331.046s][info][gc,marking     ] GC(404) Concurrent Mark From Roots
[331.046s][info][gc,task        ] GC(404) Using 2 workers of 2 for marking
[331.169s][info][gc,start       ] GC(405) Pause Young (Normal) (G1 Evacuation Pause)
[331.169s][info][gc,task        ] GC(405) Using 8 workers of 8 for evacuation
[331.171s][info][gc,phases      ] GC(405)   Pre Evacuate Collection Set: 0.1ms
[331.171s][info][gc,phases      ] GC(405)   Merge Heap Roots: 0.0ms
[331.171s][info][gc,phases      ] GC(405)   Evacuate Collection Set: 1.8ms
[331.171s][info][gc,phases      ] GC(405)   Post Evacuate Collection Set: 0.2ms
[331.171s][info][gc,phases      ] GC(405)   Other: 0.1ms
[331.171s][info][gc,heap        ] GC(405) Eden regions: 22->0(22)
[331.171s][info][gc,heap        ] GC(405) Survivor regions: 3->3(4)
[331.171s][info][gc,heap        ] GC(405) Old regions: 462->463
[331.171s][info][gc,heap        ] GC(405) Archive regions: 2->2
[331.171s][info][gc,heap        ] GC(405) Humongous regions: 11->11
[331.171s][info][gc,metaspace   ] GC(405) Metaspace: 44220K(45520K)->44220K(45520K) NonClass: 38980K(39892K)->38980K(39892K) Class: 5239K(5628K)->5239K(5628K)
[331.171s][info][gc             ] GC(405) Pause Young (Normal) (G1 Evacuation Pause) 494M->472M(512M) 2.295ms
[331.171s][info][gc,cpu         ] GC(405) User=0.01s Sys=0.00s Real=0.00s
[331.299s][info][gc,start       ] GC(406) Pause Young (Normal) (G1 Evacuation Pause)
[331.299s][info][gc,task        ] GC(406) Using 8 workers of 8 for evacuation
[331.301s][info][gc,phases      ] GC(406)   Pre Evacuate Collection Set: 0.1ms
[331.301s][info][gc,phases      ] GC(406)   Merge Heap Roots: 0.0ms
[331.301s][info][gc,phases      ] GC(406)   Evacuate Collection Set: 1.8ms
[331.301s][info][gc,phases      ] GC(406)   Post Evacuate Collection Set: 0.2ms
[331.301s][info][gc,phases      ] GC(406)   Other: 0.1ms
[331.302s][info][gc,heap        ] GC(406) Eden regions: 22->0(22)
[331.302s][info][gc,heap        ] GC(406) Survivor regions: 3->3(4)
[331.302s][info][gc,heap        ] GC(406) Old regions: 463->463
[331.302s][info][gc,heap        ] GC(406) Archive regions: 2->2
[331.302s][info][gc,heap        ] GC(406) Humongous regions: 11->11
[331.302s][info][gc,metaspace   ] GC(406) Metaspace: 44220K(45520K)->44220K(45520K) NonClass: 38980K(39892K)->38980K(39892K) Class: 5239K(5628K)->5239K(5628K)
[331.302s][info][gc             ] GC(406) Pause Young (Normal) (G1 Evacuation Pause) 494M->473M(512M) 2.357ms
[331.302s][info][gc,cpu         ] GC(406) User=0.01s Sys=0.00s Real=0.00s
[331.427s][info][gc,start       ] GC(407) Pause Young (Normal) (G1 Evacuation Pause)
[331.427s][info][gc,task        ] GC(407) Using 8 workers of 8 for evacuation
[331.429s][info][gc,phases      ] GC(407)   Pre Evacuate Collection Set: 0.1ms
[331.429s][info][gc,phases      ] GC(407)   Merge Heap Roots: 0.0ms
[331.429s][info][gc,phases      ] GC(407)   Evacuate Collection Set: 2.0ms
[331.429s][info][gc,phases      ] GC(407)   Post Evacuate Collection Set: 0.2ms
[331.429s][info][gc,phases      ] GC(407)   Other: 0.1ms
[331.429s][info][gc,heap        ] GC(407) Eden regions: 22->0(22)
[331.429s][info][gc,heap        ] GC(407) Survivor regions: 3->3(4)
[331.429s][info][gc,heap        ] GC(407) Old regions: 463->464
[331.429s][info][gc,heap        ] GC(407) Archive regions: 2->2
[331.429s][info][gc,heap        ] GC(407) Humongous regions: 11->11
[331.429s][info][gc,metaspace   ] GC(407) Metaspace: 44220K(45520K)->44220K(45520K) NonClass: 38980K(39892K)->38980K(39892K) Class: 5239K(5628K)->5239K(5628K)
[331.429s][info][gc             ] GC(407) Pause Young (Normal) (G1 Evacuation Pause) 495M->473M(512M) 2.507ms
[331.429s][info][gc,cpu         ] GC(407) User=0.02s Sys=0.00s Real=0.00s
[331.549s][info][gc,start       ] GC(408) Pause Young (Normal) (G1 Evacuation Pause)
[331.549s][info][gc,task        ] GC(408) Using 8 workers of 8 for evacuation
[331.551s][info][gc,phases      ] GC(408)   Pre Evacuate Collection Set: 0.1ms
[331.551s][info][gc,phases      ] GC(408)   Merge Heap Roots: 0.1ms
[331.551s][info][gc,phases      ] GC(408)   Evacuate Collection Set: 2.0ms
[331.551s][info][gc,phases      ] GC(408)   Post Evacuate Collection Set: 0.2ms
[331.551s][info][gc,phases      ] GC(408)   Other: 0.1ms
[331.551s][info][gc,heap        ] GC(408) Eden regions: 22->0(22)
[331.551s][info][gc,heap        ] GC(408) Survivor regions: 3->3(4)
[331.551s][info][gc,heap        ] GC(408) Old regions: 464->464
[331.551s][info][gc,heap        ] GC(408) Archive regions: 2->2
[331.551s][info][gc,heap        ] GC(408) Humongous regions: 11->11
[331.551s][info][gc,metaspace   ] GC(408) Metaspace: 44220K(45520K)->44220K(45520K) NonClass: 38980K(39892K)->38980K(39892K) Class: 5239K(5628K)->5239K(5628K)
[331.551s][info][gc             ] GC(408) Pause Young (Normal) (G1 Evacuation Pause) 495M->474M(512M) 2.519ms
[331.551s][info][gc,cpu         ] GC(408) User=0.02s Sys=0.00s Real=0.00s
[331.662s][info][gc,start       ] GC(409) Pause Young (Normal) (G1 Evacuation Pause)
[331.662s][info][gc,task        ] GC(409) Using 8 workers of 8 for evacuation
[331.665s][info][gc,phases      ] GC(409)   Pre Evacuate Collection Set: 0.1ms
[331.665s][info][gc,phases      ] GC(409)   Merge Heap Roots: 0.0ms
[331.665s][info][gc,phases      ] GC(409)   Evacuate Collection Set: 2.4ms
[331.665s][info][gc,phases      ] GC(409)   Post Evacuate Collection Set: 0.3ms
[331.665s][info][gc,phases      ] GC(409)   Other: 0.1ms
[331.665s][info][gc,heap        ] GC(409) Eden regions: 22->0(22)
[331.665s][info][gc,heap        ] GC(409) Survivor regions: 3->3(4)
[331.665s][info][gc,heap        ] GC(409) Old regions: 464->465
[331.665s][info][gc,heap        ] GC(409) Archive regions: 2->2
[331.665s][info][gc,heap        ] GC(409) Humongous regions: 11->11
[331.665s][info][gc,metaspace   ] GC(409) Metaspace: 44220K(45520K)->44220K(45520K) NonClass: 38980K(39892K)->38980K(39892K) Class: 5239K(5628K)->5239K(5628K)
[331.665s][info][gc             ] GC(409) Pause Young (Normal) (G1 Evacuation Pause) 496M->474M(512M) 3.026ms
[331.665s][info][gc,cpu         ] GC(409) User=0.02s Sys=0.00s Real=0.01s
[331.773s][info][gc,start       ] GC(410) Pause Young (Normal) (G1 Evacuation Pause)
[331.773s][info][gc,task        ] GC(410) Using 8 workers of 8 for evacuation
[331.775s][info][gc,phases      ] GC(410)   Pre Evacuate Collection Set: 0.1ms
[331.775s][info][gc,phases      ] GC(410)   Merge Heap Roots: 0.0ms
[331.775s][info][gc,phases      ] GC(410)   Evacuate Collection Set: 2.0ms
[331.775s][info][gc,phases      ] GC(410)   Post Evacuate Collection Set: 0.2ms
[331.775s][info][gc,phases      ] GC(410)   Other: 0.1ms
[331.775s][info][gc,heap        ] GC(410) Eden regions: 22->0(22)
[331.775s][info][gc,heap        ] GC(410) Survivor regions: 3->3(4)
[331.775s][info][gc,heap        ] GC(410) Old regions: 465->465
[331.775s][info][gc,heap        ] GC(410) Archive regions: 2->2
[331.775s][info][gc,heap        ] GC(410) Humongous regions: 11->11
[331.775s][info][gc,metaspace   ] GC(410) Metaspace: 44220K(45520K)->44220K(45520K) NonClass: 38980K(39892K)->38980K(39892K) Class: 5239K(5628K)->5239K(5628K)
[331.775s][info][gc             ] GC(410) Pause Young (Normal) (G1 Evacuation Pause) 496M->475M(512M) 2.469ms
[331.775s][info][gc,cpu         ] GC(410) User=0.01s Sys=0.00s Real=0.01s
[331.885s][info][gc,start       ] GC(411) Pause Young (Normal) (G1 Evacuation Pause)
[331.885s][info][gc,task        ] GC(411) Using 8 workers of 8 for evacuation
[331.887s][info][gc,phases      ] GC(411)   Pre Evacuate Collection Set: 0.1ms
[331.888s][info][gc,phases      ] GC(411)   Merge Heap Roots: 0.0ms
[331.888s][info][gc,phases      ] GC(411)   Evacuate Collection Set: 2.0ms
[331.888s][info][gc,phases      ] GC(411)   Post Evacuate Collection Set: 0.2ms
[331.888s][info][gc,phases      ] GC(411)   Other: 0.1ms
[331.888s][info][gc,heap        ] GC(411) Eden regions: 22->0(22)
[331.888s][info][gc,heap        ] GC(411) Survivor regions: 3->3(4)
[331.888s][info][gc,heap        ] GC(411) Old regions: 465->466
[331.888s][info][gc,heap        ] GC(411) Archive regions: 2->2
[331.888s][info][gc,heap        ] GC(411) Humongous regions: 11->11
[331.888s][info][gc,metaspace   ] GC(411) Metaspace: 44220K(45520K)->44220K(45520K) NonClass: 38980K(39892K)->38980K(39892K) Class: 5239K(5628K)->5239K(5628K)
[331.888s][info][gc             ] GC(411) Pause Young (Normal) (G1 Evacuation Pause) 497M->476M(512M) 2.534ms
[331.888s][info][gc,cpu         ] GC(411) User=0.02s Sys=0.00s Real=0.00s
[331.915s][info][gc,marking     ] GC(404) Concurrent Mark From Roots 869.623ms
[331.915s][info][gc,marking     ] GC(404) Concurrent Preclean
[331.915s][info][gc,marking     ] GC(404) Concurrent Preclean 0.066ms
[331.915s][info][gc,marking     ] GC(404) Concurrent Mark (331.045s, 331.915s) 869.745ms
[331.915s][info][gc,start       ] GC(404) Pause Remark
[331.917s][info][gc             ] GC(404) Pause Remark 482M->482M(512M) 1.910ms
[331.917s][info][gc,cpu         ] GC(404) User=0.01s Sys=0.00s Real=0.00s
[331.918s][info][gc,marking     ] GC(404) Concurrent Rebuild Remembered Sets
[331.986s][info][gc,start       ] GC(412) Pause Young (Normal) (G1 Evacuation Pause)
[331.986s][info][gc,task        ] GC(412) Using 8 workers of 8 for evacuation
[331.988s][info][gc,phases      ] GC(412)   Pre Evacuate Collection Set: 0.1ms
[331.988s][info][gc,phases      ] GC(412)   Merge Heap Roots: 0.0ms
[331.988s][info][gc,phases      ] GC(412)   Evacuate Collection Set: 2.0ms
[331.988s][info][gc,phases      ] GC(412)   Post Evacuate Collection Set: 0.2ms
[331.988s][info][gc,phases      ] GC(412)   Other: 0.1ms
[331.988s][info][gc,heap        ] GC(412) Eden regions: 22->0(22)
[331.988s][info][gc,heap        ] GC(412) Survivor regions: 3->3(4)
[331.988s][info][gc,heap        ] GC(412) Old regions: 466->467
[331.988s][info][gc,heap        ] GC(412) Archive regions: 2->2
[331.988s][info][gc,heap        ] GC(412) Humongous regions: 11->11
[331.988s][info][gc,metaspace   ] GC(412) Metaspace: 44220K(45520K)->44220K(45520K) NonClass: 38980K(39892K)->38980K(39892K) Class: 5239K(5628K)->5239K(5628K)
[331.988s][info][gc             ] GC(412) Pause Young (Normal) (G1 Evacuation Pause) 498M->476M(512M) 2.471ms
[331.988s][info][gc,cpu         ] GC(412) User=0.02s Sys=0.00s Real=0.00s
[332.107s][info][gc,start       ] GC(413) Pause Young (Normal) (G1 Evacuation Pause)
[332.107s][info][gc,task        ] GC(413) Using 8 workers of 8 for evacuation
[332.111s][info][gc,phases      ] GC(413)   Pre Evacuate Collection Set: 0.1ms
[332.111s][info][gc,phases      ] GC(413)   Merge Heap Roots: 0.1ms
[332.111s][info][gc,phases      ] GC(413)   Evacuate Collection Set: 2.5ms
[332.111s][info][gc,phases      ] GC(413)   Post Evacuate Collection Set: 0.3ms
[332.111s][info][gc,phases      ] GC(413)   Other: 0.1ms
[332.111s][info][gc,heap        ] GC(413) Eden regions: 22->0(22)
[332.111s][info][gc,heap        ] GC(413) Survivor regions: 3->3(4)
[332.111s][info][gc,heap        ] GC(413) Old regions: 467->467
[332.111s][info][gc,heap        ] GC(413) Archive regions: 2->2
[332.111s][info][gc,heap        ] GC(413) Humongous regions: 11->11
[332.111s][info][gc,metaspace   ] GC(413) Metaspace: 44220K(45520K)->44220K(45520K) NonClass: 38980K(39892K)->38980K(39892K) Class: 5239K(5628K)->5239K(5628K)
[332.111s][info][gc             ] GC(413) Pause Young (Normal) (G1 Evacuation Pause) 498M->477M(512M) 3.232ms
[332.111s][info][gc,cpu         ] GC(413) User=0.01s Sys=0.00s Real=0.00s
[332.263s][info][gc,start       ] GC(414) Pause Young (Normal) (G1 Evacuation Pause)
[332.263s][info][gc,task        ] GC(414) Using 8 workers of 8 for evacuation
[332.266s][info][gc,phases      ] GC(414)   Pre Evacuate Collection Set: 0.1ms
[332.266s][info][gc,phases      ] GC(414)   Merge Heap Roots: 0.0ms
[332.266s][info][gc,phases      ] GC(414)   Evacuate Collection Set: 2.5ms
[332.266s][info][gc,phases      ] GC(414)   Post Evacuate Collection Set: 0.3ms
[332.266s][info][gc,phases      ] GC(414)   Other: 0.1ms
[332.266s][info][gc,heap        ] GC(414) Eden regions: 22->0(22)
[332.266s][info][gc,heap        ] GC(414) Survivor regions: 3->3(4)
[332.266s][info][gc,heap        ] GC(414) Old regions: 467->468
[332.266s][info][gc,heap        ] GC(414) Archive regions: 2->2
[332.266s][info][gc,heap        ] GC(414) Humongous regions: 11->11
[332.266s][info][gc,metaspace   ] GC(414) Metaspace: 44220K(45520K)->44220K(45520K) NonClass: 38980K(39892K)->38980K(39892K) Class: 5239K(5628K)->5239K(5628K)
[332.266s][info][gc             ] GC(414) Pause Young (Normal) (G1 Evacuation Pause) 499M->477M(512M) 3.107ms
[332.266s][info][gc,cpu         ] GC(414) User=0.02s Sys=0.00s Real=0.01s
[332.411s][info][gc,start       ] GC(415) Pause Young (Normal) (G1 Evacuation Pause)
[332.411s][info][gc,task        ] GC(415) Using 8 workers of 8 for evacuation
[332.414s][info][gc,phases      ] GC(415)   Pre Evacuate Collection Set: 0.1ms
[332.414s][info][gc,phases      ] GC(415)   Merge Heap Roots: 0.0ms
[332.414s][info][gc,phases      ] GC(415)   Evacuate Collection Set: 2.4ms
[332.414s][info][gc,phases      ] GC(415)   Post Evacuate Collection Set: 0.2ms
[332.414s][info][gc,phases      ] GC(415)   Other: 0.2ms
[332.414s][info][gc,heap        ] GC(415) Eden regions: 22->0(22)
[332.414s][info][gc,heap        ] GC(415) Survivor regions: 3->3(4)
[332.414s][info][gc,heap        ] GC(415) Old regions: 468->468
[332.414s][info][gc,heap        ] GC(415) Archive regions: 2->2
[332.414s][info][gc,heap        ] GC(415) Humongous regions: 11->11
[332.414s][info][gc,metaspace   ] GC(415) Metaspace: 44220K(45520K)->44220K(45520K) NonClass: 38980K(39892K)->38980K(39892K) Class: 5239K(5628K)->5239K(5628K)
[332.414s][info][gc             ] GC(415) Pause Young (Normal) (G1 Evacuation Pause) 499M->478M(512M) 3.044ms
[332.415s][info][gc,cpu         ] GC(415) User=0.02s Sys=0.00s Real=0.00s
[332.494s][info][gc,marking     ] GC(404) Concurrent Rebuild Remembered Sets 576.451ms
[332.494s][info][gc,start       ] GC(404) Pause Cleanup
[332.495s][info][gc             ] GC(404) Pause Cleanup 493M->493M(512M) 0.275ms
[332.495s][info][gc,cpu         ] GC(404) User=0.01s Sys=0.00s Real=0.00s
[332.495s][info][gc,marking     ] GC(404) Concurrent Cleanup for Next Mark
[332.496s][info][gc,marking     ] GC(404) Concurrent Cleanup for Next Mark 0.919ms
[332.496s][info][gc             ] GC(404) Concurrent Cycle 1452.834ms
[332.527s][info][gc,start       ] GC(416) Pause Young (Normal) (G1 Evacuation Pause)
[332.527s][info][gc,task        ] GC(416) Using 8 workers of 8 for evacuation
[332.530s][info][gc,phases      ] GC(416)   Pre Evacuate Collection Set: 0.1ms
[332.530s][info][gc,phases      ] GC(416)   Merge Heap Roots: 0.1ms
[332.530s][info][gc,phases      ] GC(416)   Evacuate Collection Set: 2.4ms
[332.530s][info][gc,phases      ] GC(416)   Post Evacuate Collection Set: 0.3ms
[332.530s][info][gc,phases      ] GC(416)   Other: 0.1ms
[332.530s][info][gc,heap        ] GC(416) Eden regions: 22->0(22)
[332.530s][info][gc,heap        ] GC(416) Survivor regions: 3->3(4)
[332.530s][info][gc,heap        ] GC(416) Old regions: 468->469
[332.530s][info][gc,heap        ] GC(416) Archive regions: 2->2
[332.530s][info][gc,heap        ] GC(416) Humongous regions: 11->11
[332.530s][info][gc,metaspace   ] GC(416) Metaspace: 44220K(45520K)->44220K(45520K) NonClass: 38980K(39892K)->38980K(39892K) Class: 5239K(5628K)->5239K(5628K)
[332.530s][info][gc             ] GC(416) Pause Young (Normal) (G1 Evacuation Pause) 500M->478M(512M) 3.080ms
[332.530s][info][gc,cpu         ] GC(416) User=0.02s Sys=0.00s Real=0.00s
[332.640s][info][gc,start       ] GC(417) Pause Young (Concurrent Start) (G1 Evacuation Pause)
[332.640s][info][gc,task        ] GC(417) Using 8 workers of 8 for evacuation
[332.643s][info][gc,phases      ] GC(417)   Pre Evacuate Collection Set: 0.1ms
[332.643s][info][gc,phases      ] GC(417)   Merge Heap Roots: 0.0ms
[332.643s][info][gc,phases      ] GC(417)   Evacuate Collection Set: 2.4ms
[332.643s][info][gc,phases      ] GC(417)   Post Evacuate Collection Set: 0.2ms
[332.643s][info][gc,phases      ] GC(417)   Other: 0.2ms
[332.643s][info][gc,heap        ] GC(417) Eden regions: 22->0(22)
[332.643s][info][gc,heap        ] GC(417) Survivor regions: 3->3(4)
[332.643s][info][gc,heap        ] GC(417) Old regions: 469->469
[332.643s][info][gc,heap        ] GC(417) Archive regions: 2->2
[332.643s][info][gc,heap        ] GC(417) Humongous regions: 11->11
[332.643s][info][gc,metaspace   ] GC(417) Metaspace: 44220K(45520K)->44220K(45520K) NonClass: 38980K(39892K)->38980K(39892K) Class: 5239K(5628K)->5239K(5628K)
[332.643s][info][gc             ] GC(417) Pause Young (Concurrent Start) (G1 Evacuation Pause) 500M->479M(512M) 3.133ms
[332.643s][info][gc,cpu         ] GC(417) User=0.01s Sys=0.00s Real=0.00s
[332.643s][info][gc             ] GC(418) Concurrent Cycle
[332.643s][info][gc,marking     ] GC(418) Concurrent Clear Claimed Marks
[332.643s][info][gc,marking     ] GC(418) Concurrent Clear Claimed Marks 0.047ms
[332.643s][info][gc,marking     ] GC(418) Concurrent Scan Root Regions
[332.647s][info][gc,marking     ] GC(418) Concurrent Scan Root Regions 3.629ms
[332.647s][info][gc,marking     ] GC(418) Concurrent Mark (332.647s)
[332.647s][info][gc,marking     ] GC(418) Concurrent Mark From Roots
[332.647s][info][gc,task        ] GC(418) Using 2 workers of 2 for marking
[332.798s][info][gc,start       ] GC(419) Pause Young (Normal) (G1 Evacuation Pause)
[332.798s][info][gc,task        ] GC(419) Using 8 workers of 8 for evacuation
[332.801s][info][gc,phases      ] GC(419)   Pre Evacuate Collection Set: 0.1ms
[332.801s][info][gc,phases      ] GC(419)   Merge Heap Roots: 0.0ms
[332.801s][info][gc,phases      ] GC(419)   Evacuate Collection Set: 2.1ms
[332.801s][info][gc,phases      ] GC(419)   Post Evacuate Collection Set: 0.2ms
[332.801s][info][gc,phases      ] GC(419)   Other: 0.2ms
[332.801s][info][gc,heap        ] GC(419) Eden regions: 22->0(22)
[332.801s][info][gc,heap        ] GC(419) Survivor regions: 3->3(4)
[332.801s][info][gc,heap        ] GC(419) Old regions: 469->470
[332.801s][info][gc,heap        ] GC(419) Archive regions: 2->2
[332.801s][info][gc,heap        ] GC(419) Humongous regions: 11->11
[332.801s][info][gc,metaspace   ] GC(419) Metaspace: 44220K(45520K)->44220K(45520K) NonClass: 38980K(39892K)->38980K(39892K) Class: 5239K(5628K)->5239K(5628K)
[332.801s][info][gc             ] GC(419) Pause Young (Normal) (G1 Evacuation Pause) 501M->479M(512M) 2.730ms
[332.801s][info][gc,cpu         ] GC(419) User=0.01s Sys=0.00s Real=0.00s
[332.917s][info][gc,start       ] GC(420) Pause Young (Normal) (G1 Evacuation Pause)
[332.917s][info][gc,task        ] GC(420) Using 8 workers of 8 for evacuation
[332.919s][info][gc,phases      ] GC(420)   Pre Evacuate Collection Set: 0.1ms
[332.919s][info][gc,phases      ] GC(420)   Merge Heap Roots: 0.0ms
[332.919s][info][gc,phases      ] GC(420)   Evacuate Collection Set: 2.0ms
[332.919s][info][gc,phases      ] GC(420)   Post Evacuate Collection Set: 0.2ms
[332.919s][info][gc,phases      ] GC(420)   Other: 0.1ms
[332.919s][info][gc,heap        ] GC(420) Eden regions: 22->0(22)
[332.919s][info][gc,heap        ] GC(420) Survivor regions: 3->3(4)
[332.919s][info][gc,heap        ] GC(420) Old regions: 470->470
[332.919s][info][gc,heap        ] GC(420) Archive regions: 2->2
[332.919s][info][gc,heap        ] GC(420) Humongous regions: 11->11
[332.919s][info][gc,metaspace   ] GC(420) Metaspace: 44220K(45520K)->44220K(45520K) NonClass: 38980K(39892K)->38980K(39892K) Class: 5239K(5628K)->5239K(5628K)
[332.919s][info][gc             ] GC(420) Pause Young (Normal) (G1 Evacuation Pause) 501M->480M(512M) 2.560ms
[332.919s][info][gc,cpu         ] GC(420) User=0.01s Sys=0.00s Real=0.00s
[333.039s][info][gc,start       ] GC(421) Pause Young (Normal) (G1 Evacuation Pause)
[333.039s][info][gc,task        ] GC(421) Using 8 workers of 8 for evacuation
[333.042s][info][gc,phases      ] GC(421)   Pre Evacuate Collection Set: 0.1ms
[333.043s][info][gc,phases      ] GC(421)   Merge Heap Roots: 0.0ms
[333.043s][info][gc,phases      ] GC(421)   Evacuate Collection Set: 2.0ms
[333.043s][info][gc,phases      ] GC(421)   Post Evacuate Collection Set: 0.2ms
[333.043s][info][gc,phases      ] GC(421)   Other: 0.1ms
[333.043s][info][gc,heap        ] GC(421) Eden regions: 22->0(22)
[333.043s][info][gc,heap        ] GC(421) Survivor regions: 3->3(4)
[333.043s][info][gc,heap        ] GC(421) Old regions: 470->471
[333.043s][info][gc,heap        ] GC(421) Archive regions: 2->2
[333.043s][info][gc,heap        ] GC(421) Humongous regions: 11->11
[333.043s][info][gc,metaspace   ] GC(421) Metaspace: 44220K(45520K)->44220K(45520K) NonClass: 38980K(39892K)->38980K(39892K) Class: 5239K(5628K)->5239K(5628K)
[333.043s][info][gc             ] GC(421) Pause Young (Normal) (G1 Evacuation Pause) 502M->481M(512M) 3.448ms
[333.043s][info][gc,cpu         ] GC(421) User=0.02s Sys=0.00s Real=0.00s
[333.154s][info][gc,start       ] GC(422) Pause Young (Normal) (G1 Evacuation Pause)
[333.154s][info][gc,task        ] GC(422) Using 8 workers of 8 for evacuation
[333.156s][info][gc,phases      ] GC(422)   Pre Evacuate Collection Set: 0.1ms
[333.156s][info][gc,phases      ] GC(422)   Merge Heap Roots: 0.0ms
[333.156s][info][gc,phases      ] GC(422)   Evacuate Collection Set: 2.0ms
[333.156s][info][gc,phases      ] GC(422)   Post Evacuate Collection Set: 0.2ms
[333.156s][info][gc,phases      ] GC(422)   Other: 0.1ms
[333.156s][info][gc,heap        ] GC(422) Eden regions: 22->0(22)
[333.156s][info][gc,heap        ] GC(422) Survivor regions: 3->3(3)
[333.156s][info][gc,heap        ] GC(422) Old regions: 471->471
[333.156s][info][gc,heap        ] GC(422) Archive regions: 2->2
[333.156s][info][gc,heap        ] GC(422) Humongous regions: 11->11
[333.156s][info][gc,metaspace   ] GC(422) Metaspace: 44220K(45520K)->44220K(45520K) NonClass: 38980K(39892K)->38980K(39892K) Class: 5239K(5628K)->5239K(5628K)
[333.156s][info][gc             ] GC(422) Pause Young (Normal) (G1 Evacuation Pause) 503M->481M(512M) 2.501ms
[333.156s][info][gc,cpu         ] GC(422) User=0.01s Sys=0.00s Real=0.01s
[333.264s][info][gc,start       ] GC(423) Pause Young (Normal) (G1 Evacuation Pause)
[333.264s][info][gc,task        ] GC(423) Using 8 workers of 8 for evacuation
[333.267s][info][gc,phases      ] GC(423)   Pre Evacuate Collection Set: 0.1ms
[333.267s][info][gc,phases      ] GC(423)   Merge Heap Roots: 0.0ms
[333.267s][info][gc,phases      ] GC(423)   Evacuate Collection Set: 2.0ms
[333.267s][info][gc,phases      ] GC(423)   Post Evacuate Collection Set: 0.2ms
[333.267s][info][gc,phases      ] GC(423)   Other: 0.1ms
[333.267s][info][gc,heap        ] GC(423) Eden regions: 22->0(23)
[333.267s][info][gc,heap        ] GC(423) Survivor regions: 3->2(3)
[333.267s][info][gc,heap        ] GC(423) Old regions: 471->472
[333.267s][info][gc,heap        ] GC(423) Archive regions: 2->2
[333.267s][info][gc,heap        ] GC(423) Humongous regions: 11->11
[333.267s][info][gc,metaspace   ] GC(423) Metaspace: 44220K(45520K)->44220K(45520K) NonClass: 38980K(39892K)->38980K(39892K) Class: 5239K(5628K)->5239K(5628K)
[333.267s][info][gc             ] GC(423) Pause Young (Normal) (G1 Evacuation Pause) 503M->481M(512M) 2.532ms
[333.267s][info][gc,cpu         ] GC(423) User=0.02s Sys=0.00s Real=0.01s
[333.381s][info][gc,start       ] GC(424) Pause Young (Normal) (G1 Evacuation Pause)
[333.381s][info][gc,task        ] GC(424) Using 8 workers of 8 for evacuation
[333.384s][info][gc             ] GC(424) To-space exhausted
[333.384s][info][gc,phases      ] GC(424)   Pre Evacuate Collection Set: 0.1ms
[333.384s][info][gc,phases      ] GC(424)   Merge Heap Roots: 0.0ms
[333.384s][info][gc,phases      ] GC(424)   Evacuate Collection Set: 1.9ms
[333.384s][info][gc,phases      ] GC(424)   Post Evacuate Collection Set: 1.3ms
[333.384s][info][gc,phases      ] GC(424)   Other: 0.2ms
[333.384s][info][gc,heap        ] GC(424) Eden regions: 23->0(23)
[333.384s][info][gc,heap        ] GC(424) Survivor regions: 2->2(2)
[333.384s][info][gc,heap        ] GC(424) Old regions: 472->483
[333.384s][info][gc,heap        ] GC(424) Archive regions: 2->2
[333.384s][info][gc,heap        ] GC(424) Humongous regions: 11->11
[333.384s][info][gc,metaspace   ] GC(424) Metaspace: 44220K(45520K)->44220K(45520K) NonClass: 38980K(39892K)->38980K(39892K) Class: 5239K(5628K)->5239K(5628K)
[333.384s][info][gc             ] GC(424) Pause Young (Normal) (G1 Evacuation Pause) 504M->493M(512M) 3.502ms
[333.384s][info][gc,cpu         ] GC(424) User=0.02s Sys=0.00s Real=0.00s
[333.448s][info][gc,start       ] GC(425) Pause Young (Normal) (G1 Evacuation Pause)
[333.448s][info][gc,task        ] GC(425) Using 8 workers of 8 for evacuation
[333.452s][info][gc             ] GC(425) To-space exhausted
[333.452s][info][gc,phases      ] GC(425)   Pre Evacuate Collection Set: 0.1ms
[333.452s][info][gc,phases      ] GC(425)   Merge Heap Roots: 0.1ms
[333.452s][info][gc,phases      ] GC(425)   Evacuate Collection Set: 2.2ms
[333.452s][info][gc,phases      ] GC(425)   Post Evacuate Collection Set: 1.8ms
[333.452s][info][gc,phases      ] GC(425)   Other: 0.1ms
[333.452s][info][gc,heap        ] GC(425) Eden regions: 14->0(25)
[333.452s][info][gc,heap        ] GC(425) Survivor regions: 2->0(0)
[333.452s][info][gc,heap        ] GC(425) Old regions: 483->499
[333.452s][info][gc,heap        ] GC(425) Archive regions: 2->2
[333.452s][info][gc,heap        ] GC(425) Humongous regions: 11->11
[333.452s][info][gc,metaspace   ] GC(425) Metaspace: 44220K(45520K)->44220K(45520K) NonClass: 38980K(39892K)->38980K(39892K) Class: 5239K(5628K)->5239K(5628K)
[333.452s][info][gc             ] GC(425) Pause Young (Normal) (G1 Evacuation Pause) 507M->507M(512M) 4.309ms
[333.452s][info][gc,cpu         ] GC(425) User=0.03s Sys=0.00s Real=0.00s
[333.452s][info][gc,ergo        ] Attempting maximally compacting collection
[333.452s][info][gc,task        ] GC(426) Using 8 workers of 8 for full compaction
[333.452s][info][gc,start       ] GC(426) Pause Full (G1 Evacuation Pause)
[333.453s][info][gc,phases,start] GC(426) Phase 1: Mark live objects
[333.649s][info][gc,phases      ] GC(426) Phase 1: Mark live objects 196.010ms
[333.649s][info][gc,phases,start] GC(426) Phase 2: Prepare for compaction
[333.689s][info][gc,phases      ] GC(426) Phase 2: Prepare for compaction 39.788ms
[333.689s][info][gc,phases,start] GC(426) Phase 3: Adjust pointers
[333.764s][info][gc,phases      ] GC(426) Phase 3: Adjust pointers 74.639ms
[333.764s][info][gc,phases,start] GC(426) Phase 4: Compact heap
[333.823s][info][gc,phases      ] GC(426) Phase 4: Compact heap 59.677ms
[333.828s][info][gc,heap        ] GC(426) Eden regions: 0->0(25)
[333.828s][info][gc,heap        ] GC(426) Survivor regions: 0->0(0)
[333.828s][info][gc,heap        ] GC(426) Old regions: 499->458
[333.828s][info][gc,heap        ] GC(426) Archive regions: 2->2
[333.828s][info][gc,heap        ] GC(426) Humongous regions: 11->11
[333.828s][info][gc,metaspace   ] GC(426) Metaspace: 44220K(45520K)->44069K(45520K) NonClass: 38980K(39892K)->38850K(39892K) Class: 5239K(5628K)->5218K(5628K)
[333.828s][info][gc             ] GC(426) Pause Full (G1 Evacuation Pause) 507M->465M(512M) 375.641ms
[333.829s][info][gc,cpu         ] GC(426) User=2.78s Sys=0.02s Real=0.38s
[333.829s][info][gc,marking     ] GC(418) Concurrent Mark From Roots 1182.263ms
[333.829s][info][gc,marking     ] GC(418) Concurrent Mark Abort
[333.829s][info][gc             ] GC(418) Concurrent Cycle 1186.082ms
[333.957s][info][gc,start       ] GC(427) Pause Young (Normal) (G1 Evacuation Pause)
[333.957s][info][gc,task        ] GC(427) Using 8 workers of 8 for evacuation
[333.958s][info][gc,phases      ] GC(427)   Pre Evacuate Collection Set: 0.1ms
[333.958s][info][gc,phases      ] GC(427)   Merge Heap Roots: 0.0ms
[333.958s][info][gc,phases      ] GC(427)   Evacuate Collection Set: 0.8ms
[333.958s][info][gc,phases      ] GC(427)   Post Evacuate Collection Set: 0.4ms
[333.958s][info][gc,phases      ] GC(427)   Other: 0.1ms
[333.958s][info][gc,heap        ] GC(427) Eden regions: 25->0(24)
[333.958s][info][gc,heap        ] GC(427) Survivor regions: 0->1(4)
[333.958s][info][gc,heap        ] GC(427) Old regions: 458->458
[333.958s][info][gc,heap        ] GC(427) Archive regions: 2->2
[333.958s][info][gc,heap        ] GC(427) Humongous regions: 11->11
[333.958s][info][gc,metaspace   ] GC(427) Metaspace: 44188K(45520K)->44188K(45520K) NonClass: 38952K(39892K)->38952K(39892K) Class: 5236K(5628K)->5236K(5628K)
[333.958s][info][gc             ] GC(427) Pause Young (Normal) (G1 Evacuation Pause) 490M->466M(512M) 1.496ms
[333.958s][info][gc,cpu         ] GC(427) User=0.00s Sys=0.00s Real=0.00s
[334.063s][info][gc,start       ] GC(428) Pause Young (Concurrent Start) (G1 Evacuation Pause)
[334.063s][info][gc,task        ] GC(428) Using 8 workers of 8 for evacuation
[334.066s][info][gc,phases      ] GC(428)   Pre Evacuate Collection Set: 0.1ms
[334.066s][info][gc,phases      ] GC(428)   Merge Heap Roots: 0.1ms
[334.066s][info][gc,phases      ] GC(428)   Evacuate Collection Set: 2.4ms
[334.066s][info][gc,phases      ] GC(428)   Post Evacuate Collection Set: 0.3ms
[334.066s][info][gc,phases      ] GC(428)   Other: 0.2ms
[334.066s][info][gc,heap        ] GC(428) Eden regions: 24->0(23)
[334.066s][info][gc,heap        ] GC(428) Survivor regions: 1->2(4)
[334.066s][info][gc,heap        ] GC(428) Old regions: 458->458
[334.066s][info][gc,heap        ] GC(428) Archive regions: 2->2
[334.066s][info][gc,heap        ] GC(428) Humongous regions: 11->11
[334.066s][info][gc,metaspace   ] GC(428) Metaspace: 44193K(45520K)->44193K(45520K) NonClass: 38956K(39892K)->38956K(39892K) Class: 5236K(5628K)->5236K(5628K)
[334.066s][info][gc             ] GC(428) Pause Young (Concurrent Start) (G1 Evacuation Pause) 490M->466M(512M) 3.262ms
[334.066s][info][gc,cpu         ] GC(428) User=0.00s Sys=0.00s Real=0.01s
[334.066s][info][gc             ] GC(429) Concurrent Cycle
[334.066s][info][gc,marking     ] GC(429) Concurrent Clear Claimed Marks
[334.066s][info][gc,marking     ] GC(429) Concurrent Clear Claimed Marks 0.035ms
[334.066s][info][gc,marking     ] GC(429) Concurrent Scan Root Regions
[334.067s][info][gc,marking     ] GC(429) Concurrent Scan Root Regions 1.294ms
[334.067s][info][gc,marking     ] GC(429) Concurrent Mark (334.067s)
[334.067s][info][gc,marking     ] GC(429) Concurrent Mark From Roots
[334.068s][info][gc,task        ] GC(429) Using 2 workers of 2 for marking
[334.188s][info][gc,start       ] GC(430) Pause Young (Normal) (G1 Evacuation Pause)
[334.188s][info][gc,task        ] GC(430) Using 8 workers of 8 for evacuation
[334.190s][info][gc,phases      ] GC(430)   Pre Evacuate Collection Set: 0.1ms
[334.190s][info][gc,phases      ] GC(430)   Merge Heap Roots: 0.1ms
[334.190s][info][gc,phases      ] GC(430)   Evacuate Collection Set: 1.4ms
[334.190s][info][gc,phases      ] GC(430)   Post Evacuate Collection Set: 0.2ms
[334.190s][info][gc,phases      ] GC(430)   Other: 0.1ms
[334.190s][info][gc,heap        ] GC(430) Eden regions: 23->0(23)
[334.190s][info][gc,heap        ] GC(430) Survivor regions: 2->2(4)
[334.190s][info][gc,heap        ] GC(430) Old regions: 458->458
[334.190s][info][gc,heap        ] GC(430) Archive regions: 2->2
[334.190s][info][gc,heap        ] GC(430) Humongous regions: 11->11
[334.190s][info][gc,metaspace   ] GC(430) Metaspace: 44197K(45520K)->44197K(45520K) NonClass: 38960K(39892K)->38960K(39892K) Class: 5237K(5628K)->5237K(5628K)
[334.190s][info][gc             ] GC(430) Pause Young (Normal) (G1 Evacuation Pause) 489M->467M(512M) 1.921ms
[334.190s][info][gc,cpu         ] GC(430) User=0.01s Sys=0.00s Real=0.00s
[334.302s][info][gc,start       ] GC(431) Pause Young (Normal) (G1 Evacuation Pause)
[334.302s][info][gc,task        ] GC(431) Using 8 workers of 8 for evacuation
[334.304s][info][gc,phases      ] GC(431)   Pre Evacuate Collection Set: 0.1ms
[334.304s][info][gc,phases      ] GC(431)   Merge Heap Roots: 0.0ms
[334.304s][info][gc,phases      ] GC(431)   Evacuate Collection Set: 1.5ms
[334.304s][info][gc,phases      ] GC(431)   Post Evacuate Collection Set: 0.2ms
[334.304s][info][gc,phases      ] GC(431)   Other: 0.1ms
[334.304s][info][gc,heap        ] GC(431) Eden regions: 23->0(22)
[334.304s][info][gc,heap        ] GC(431) Survivor regions: 2->3(4)
[334.304s][info][gc,heap        ] GC(431) Old regions: 458->458
[334.304s][info][gc,heap        ] GC(431) Archive regions: 2->2
[334.304s][info][gc,heap        ] GC(431) Humongous regions: 11->11
[334.304s][info][gc,metaspace   ] GC(431) Metaspace: 44197K(45520K)->44197K(45520K) NonClass: 38960K(39892K)->38960K(39892K) Class: 5237K(5628K)->5237K(5628K)
[334.304s][info][gc             ] GC(431) Pause Young (Normal) (G1 Evacuation Pause) 490M->468M(512M) 2.067ms
[334.304s][info][gc,cpu         ] GC(431) User=0.02s Sys=0.00s Real=0.00s
[334.410s][info][gc,start       ] GC(432) Pause Young (Normal) (G1 Evacuation Pause)
[334.410s][info][gc,task        ] GC(432) Using 8 workers of 8 for evacuation
[334.412s][info][gc,phases      ] GC(432)   Pre Evacuate Collection Set: 0.1ms
[334.412s][info][gc,phases      ] GC(432)   Merge Heap Roots: 0.1ms
[334.412s][info][gc,phases      ] GC(432)   Evacuate Collection Set: 1.8ms
[334.412s][info][gc,phases      ] GC(432)   Post Evacuate Collection Set: 0.2ms
[334.412s][info][gc,phases      ] GC(432)   Other: 0.1ms
[334.412s][info][gc,heap        ] GC(432) Eden regions: 22->0(22)
[334.412s][info][gc,heap        ] GC(432) Survivor regions: 3->3(4)
[334.412s][info][gc,heap        ] GC(432) Old regions: 458->459
[334.412s][info][gc,heap        ] GC(432) Archive regions: 2->2
[334.412s][info][gc,heap        ] GC(432) Humongous regions: 11->11
[334.412s][info][gc,metaspace   ] GC(432) Metaspace: 44201K(45520K)->44201K(45520K) NonClass: 38964K(39892K)->38964K(39892K) Class: 5237K(5628K)->5237K(5628K)
[334.412s][info][gc             ] GC(432) Pause Young (Normal) (G1 Evacuation Pause) 490M->468M(512M) 2.419ms
[334.412s][info][gc,cpu         ] GC(432) User=0.02s Sys=0.00s Real=0.00s
[334.511s][info][gc,start       ] GC(433) Pause Young (Normal) (G1 Evacuation Pause)
[334.511s][info][gc,task        ] GC(433) Using 8 workers of 8 for evacuation
[334.513s][info][gc,phases      ] GC(433)   Pre Evacuate Collection Set: 0.1ms
[334.513s][info][gc,phases      ] GC(433)   Merge Heap Roots: 0.0ms
[334.513s][info][gc,phases      ] GC(433)   Evacuate Collection Set: 1.9ms
[334.513s][info][gc,phases      ] GC(433)   Post Evacuate Collection Set: 0.2ms
[334.513s][info][gc,phases      ] GC(433)   Other: 0.1ms
[334.513s][info][gc,heap        ] GC(433) Eden regions: 22->0(22)
[334.513s][info][gc,heap        ] GC(433) Survivor regions: 3->3(4)
[334.513s][info][gc,heap        ] GC(433) Old regions: 459->460
[334.513s][info][gc,heap        ] GC(433) Archive regions: 2->2
[334.513s][info][gc,heap        ] GC(433) Humongous regions: 11->11
[334.513s][info][gc,metaspace   ] GC(433) Metaspace: 44201K(45520K)->44201K(45520K) NonClass: 38964K(39892K)->38964K(39892K) Class: 5237K(5628K)->5237K(5628K)
[334.513s][info][gc             ] GC(433) Pause Young (Normal) (G1 Evacuation Pause) 490M->469M(512M) 2.447ms
[334.513s][info][gc,cpu         ] GC(433) User=0.02s Sys=0.00s Real=0.00s
[334.612s][info][gc,start       ] GC(434) Pause Young (Normal) (G1 Evacuation Pause)
[334.612s][info][gc,task        ] GC(434) Using 8 workers of 8 for evacuation
[334.614s][info][gc,phases      ] GC(434)   Pre Evacuate Collection Set: 0.1ms
[334.614s][info][gc,phases      ] GC(434)   Merge Heap Roots: 0.0ms
[334.614s][info][gc,phases      ] GC(434)   Evacuate Collection Set: 2.2ms
[334.614s][info][gc,phases      ] GC(434)   Post Evacuate Collection Set: 0.2ms
[334.614s][info][gc,phases      ] GC(434)   Other: 0.1ms
[334.614s][info][gc,heap        ] GC(434) Eden regions: 22->0(22)
[334.614s][info][gc,heap        ] GC(434) Survivor regions: 3->3(4)
[334.614s][info][gc,heap        ] GC(434) Old regions: 460->460
[334.614s][info][gc,heap        ] GC(434) Archive regions: 2->2
[334.614s][info][gc,heap        ] GC(434) Humongous regions: 11->11
[334.614s][info][gc,metaspace   ] GC(434) Metaspace: 44201K(45520K)->44201K(45520K) NonClass: 38964K(39892K)->38964K(39892K) Class: 5237K(5628K)->5237K(5628K)
[334.614s][info][gc             ] GC(434) Pause Young (Normal) (G1 Evacuation Pause) 491M->469M(512M) 2.760ms
[334.614s][info][gc,cpu         ] GC(434) User=0.01s Sys=0.00s Real=0.00s
[334.713s][info][gc,start       ] GC(435) Pause Young (Normal) (G1 Evacuation Pause)
[334.713s][info][gc,task        ] GC(435) Using 8 workers of 8 for evacuation
[334.715s][info][gc,phases      ] GC(435)   Pre Evacuate Collection Set: 0.1ms
[334.715s][info][gc,phases      ] GC(435)   Merge Heap Roots: 0.0ms
[334.715s][info][gc,phases      ] GC(435)   Evacuate Collection Set: 2.0ms
[334.715s][info][gc,phases      ] GC(435)   Post Evacuate Collection Set: 0.2ms
[334.715s][info][gc,phases      ] GC(435)   Other: 0.1ms
[334.715s][info][gc,heap        ] GC(435) Eden regions: 22->0(22)
[334.715s][info][gc,heap        ] GC(435) Survivor regions: 3->3(4)
[334.715s][info][gc,heap        ] GC(435) Old regions: 460->461
[334.715s][info][gc,heap        ] GC(435) Archive regions: 2->2
[334.715s][info][gc,heap        ] GC(435) Humongous regions: 11->11
[334.715s][info][gc,metaspace   ] GC(435) Metaspace: 44201K(45520K)->44201K(45520K) NonClass: 38964K(39892K)->38964K(39892K) Class: 5237K(5628K)->5237K(5628K)
[334.715s][info][gc             ] GC(435) Pause Young (Normal) (G1 Evacuation Pause) 491M->470M(512M) 2.501ms
[334.715s][info][gc,cpu         ] GC(435) User=0.01s Sys=0.00s Real=0.01s
[334.822s][info][gc,start       ] GC(436) Pause Young (Normal) (G1 Evacuation Pause)
[334.822s][info][gc,task        ] GC(436) Using 8 workers of 8 for evacuation
[334.824s][info][gc,phases      ] GC(436)   Pre Evacuate Collection Set: 0.1ms
[334.824s][info][gc,phases      ] GC(436)   Merge Heap Roots: 0.0ms
[334.824s][info][gc,phases      ] GC(436)   Evacuate Collection Set: 2.0ms
[334.825s][info][gc,phases      ] GC(436)   Post Evacuate Collection Set: 0.2ms
[334.825s][info][gc,phases      ] GC(436)   Other: 0.1ms
[334.825s][info][gc,heap        ] GC(436) Eden regions: 22->0(22)
[334.825s][info][gc,heap        ] GC(436) Survivor regions: 3->3(4)
[334.825s][info][gc,heap        ] GC(436) Old regions: 461->462
[334.825s][info][gc,heap        ] GC(436) Archive regions: 2->2
[334.825s][info][gc,heap        ] GC(436) Humongous regions: 11->11
[334.825s][info][gc,metaspace   ] GC(436) Metaspace: 44201K(45520K)->44201K(45520K) NonClass: 38964K(39892K)->38964K(39892K) Class: 5237K(5628K)->5237K(5628K)
[334.825s][info][gc             ] GC(436) Pause Young (Normal) (G1 Evacuation Pause) 492M->471M(512M) 2.513ms
[334.825s][info][gc,cpu         ] GC(436) User=0.01s Sys=0.00s Real=0.00s
[334.906s][info][gc,marking     ] GC(429) Concurrent Mark From Roots 838.048ms
[334.906s][info][gc,marking     ] GC(429) Concurrent Preclean
[334.906s][info][gc,marking     ] GC(429) Concurrent Preclean 0.087ms
[334.906s][info][gc,marking     ] GC(429) Concurrent Mark (334.067s, 334.906s) 838.205ms
[334.906s][info][gc,start       ] GC(429) Pause Remark
[334.908s][info][gc             ] GC(429) Pause Remark 482M->482M(512M) 1.742ms
[334.908s][info][gc,cpu         ] GC(429) User=0.01s Sys=0.00s Real=0.00s
[334.908s][info][gc,marking     ] GC(429) Concurrent Rebuild Remembered Sets
[334.953s][info][gc,start       ] GC(437) Pause Young (Normal) (G1 Evacuation Pause)
[334.953s][info][gc,task        ] GC(437) Using 8 workers of 8 for evacuation
[334.955s][info][gc,phases      ] GC(437)   Pre Evacuate Collection Set: 0.1ms
[334.955s][info][gc,phases      ] GC(437)   Merge Heap Roots: 0.0ms
[334.955s][info][gc,phases      ] GC(437)   Evacuate Collection Set: 2.0ms
[334.955s][info][gc,phases      ] GC(437)   Post Evacuate Collection Set: 0.2ms
[334.955s][info][gc,phases      ] GC(437)   Other: 0.1ms
[334.955s][info][gc,heap        ] GC(437) Eden regions: 22->0(22)
[334.955s][info][gc,heap        ] GC(437) Survivor regions: 3->3(4)
[334.955s][info][gc,heap        ] GC(437) Old regions: 462->462
[334.955s][info][gc,heap        ] GC(437) Archive regions: 2->2
[334.955s][info][gc,heap        ] GC(437) Humongous regions: 11->11
[334.955s][info][gc,metaspace   ] GC(437) Metaspace: 44201K(45520K)->44201K(45520K) NonClass: 38964K(39892K)->38964K(39892K) Class: 5237K(5628K)->5237K(5628K)
[334.955s][info][gc             ] GC(437) Pause Young (Normal) (G1 Evacuation Pause) 493M->471M(512M) 2.501ms
[334.955s][info][gc,cpu         ] GC(437) User=0.02s Sys=0.00s Real=0.01s
[335.055s][info][gc,start       ] GC(438) Pause Young (Normal) (G1 Evacuation Pause)
[335.055s][info][gc,task        ] GC(438) Using 8 workers of 8 for evacuation
[335.057s][info][gc,phases      ] GC(438)   Pre Evacuate Collection Set: 0.1ms
[335.057s][info][gc,phases      ] GC(438)   Merge Heap Roots: 0.1ms
[335.057s][info][gc,phases      ] GC(438)   Evacuate Collection Set: 2.1ms
[335.057s][info][gc,phases      ] GC(438)   Post Evacuate Collection Set: 0.3ms
[335.057s][info][gc,phases      ] GC(438)   Other: 0.1ms
[335.057s][info][gc,heap        ] GC(438) Eden regions: 22->0(22)
[335.057s][info][gc,heap        ] GC(438) Survivor regions: 3->3(4)
[335.057s][info][gc,heap        ] GC(438) Old regions: 462->463
[335.057s][info][gc,heap        ] GC(438) Archive regions: 2->2
[335.057s][info][gc,heap        ] GC(438) Humongous regions: 11->11
[335.057s][info][gc,metaspace   ] GC(438) Metaspace: 44201K(45520K)->44201K(45520K) NonClass: 38964K(39892K)->38964K(39892K) Class: 5237K(5628K)->5237K(5628K)
[335.057s][info][gc             ] GC(438) Pause Young (Normal) (G1 Evacuation Pause) 493M->472M(512M) 2.677ms
[335.057s][info][gc,cpu         ] GC(438) User=0.01s Sys=0.00s Real=0.00s
[335.152s][info][gc,start       ] GC(439) Pause Young (Normal) (G1 Evacuation Pause)
[335.152s][info][gc,task        ] GC(439) Using 8 workers of 8 for evacuation
[335.155s][info][gc,phases      ] GC(439)   Pre Evacuate Collection Set: 0.1ms
[335.155s][info][gc,phases      ] GC(439)   Merge Heap Roots: 0.1ms
[335.155s][info][gc,phases      ] GC(439)   Evacuate Collection Set: 2.2ms
[335.155s][info][gc,phases      ] GC(439)   Post Evacuate Collection Set: 0.3ms
[335.155s][info][gc,phases      ] GC(439)   Other: 0.1ms
[335.155s][info][gc,heap        ] GC(439) Eden regions: 22->0(22)
[335.155s][info][gc,heap        ] GC(439) Survivor regions: 3->3(4)
[335.155s][info][gc,heap        ] GC(439) Old regions: 463->463
[335.155s][info][gc,heap        ] GC(439) Archive regions: 2->2
[335.155s][info][gc,heap        ] GC(439) Humongous regions: 11->11
[335.155s][info][gc,metaspace   ] GC(439) Metaspace: 44202K(45520K)->44202K(45520K) NonClass: 38965K(39892K)->38965K(39892K) Class: 5237K(5628K)->5237K(5628K)
[335.155s][info][gc             ] GC(439) Pause Young (Normal) (G1 Evacuation Pause) 494M->472M(512M) 2.784ms
[335.155s][info][gc,cpu         ] GC(439) User=0.02s Sys=0.00s Real=0.01s
[335.252s][info][gc,start       ] GC(440) Pause Young (Normal) (G1 Evacuation Pause)
[335.252s][info][gc,task        ] GC(440) Using 8 workers of 8 for evacuation
[335.255s][info][gc,phases      ] GC(440)   Pre Evacuate Collection Set: 0.1ms
[335.255s][info][gc,phases      ] GC(440)   Merge Heap Roots: 0.1ms
[335.255s][info][gc,phases      ] GC(440)   Evacuate Collection Set: 2.5ms
[335.255s][info][gc,phases      ] GC(440)   Post Evacuate Collection Set: 0.2ms
[335.255s][info][gc,phases      ] GC(440)   Other: 0.1ms
[335.255s][info][gc,heap        ] GC(440) Eden regions: 22->0(22)
[335.255s][info][gc,heap        ] GC(440) Survivor regions: 3->3(4)
[335.255s][info][gc,heap        ] GC(440) Old regions: 463->464
[335.255s][info][gc,heap        ] GC(440) Archive regions: 2->2
[335.255s][info][gc,heap        ] GC(440) Humongous regions: 11->11
[335.255s][info][gc,metaspace   ] GC(440) Metaspace: 44202K(45520K)->44202K(45520K) NonClass: 38965K(39892K)->38965K(39892K) Class: 5237K(5628K)->5237K(5628K)
[335.255s][info][gc             ] GC(440) Pause Young (Normal) (G1 Evacuation Pause) 494M->473M(512M) 3.077ms
[335.255s][info][gc,cpu         ] GC(440) User=0.02s Sys=0.00s Real=0.01s
[335.341s][info][gc,marking     ] GC(429) Concurrent Rebuild Remembered Sets 433.633ms
[335.341s][info][gc,start       ] GC(429) Pause Cleanup
[335.342s][info][gc             ] GC(429) Pause Cleanup 490M->490M(512M) 0.268ms
[335.342s][info][gc,cpu         ] GC(429) User=0.00s Sys=0.00s Real=0.00s
[335.342s][info][gc,marking     ] GC(429) Concurrent Cleanup for Next Mark
[335.343s][info][gc,marking     ] GC(429) Concurrent Cleanup for Next Mark 0.791ms
[335.343s][info][gc             ] GC(429) Concurrent Cycle 1276.695ms
[335.364s][info][gc,start       ] GC(441) Pause Young (Normal) (G1 Evacuation Pause)
[335.364s][info][gc,task        ] GC(441) Using 8 workers of 8 for evacuation
[335.366s][info][gc,phases      ] GC(441)   Pre Evacuate Collection Set: 0.1ms
[335.366s][info][gc,phases      ] GC(441)   Merge Heap Roots: 0.0ms
[335.366s][info][gc,phases      ] GC(441)   Evacuate Collection Set: 2.1ms
[335.366s][info][gc,phases      ] GC(441)   Post Evacuate Collection Set: 0.2ms
[335.366s][info][gc,phases      ] GC(441)   Other: 0.1ms
[335.366s][info][gc,heap        ] GC(441) Eden regions: 22->0(22)
[335.366s][info][gc,heap        ] GC(441) Survivor regions: 3->3(4)
[335.367s][info][gc,heap        ] GC(441) Old regions: 464->464
[335.367s][info][gc,heap        ] GC(441) Archive regions: 2->2
[335.367s][info][gc,heap        ] GC(441) Humongous regions: 11->11
[335.367s][info][gc,metaspace   ] GC(441) Metaspace: 44202K(45520K)->44202K(45520K) NonClass: 38965K(39892K)->38965K(39892K) Class: 5237K(5628K)->5237K(5628K)
[335.367s][info][gc             ] GC(441) Pause Young (Normal) (G1 Evacuation Pause) 495M->473M(512M) 2.591ms
[335.367s][info][gc,cpu         ] GC(441) User=0.01s Sys=0.00s Real=0.01s
[335.456s][info][gc,start       ] GC(442) Pause Young (Concurrent Start) (G1 Evacuation Pause)
[335.456s][info][gc,task        ] GC(442) Using 8 workers of 8 for evacuation
[335.458s][info][gc,phases      ] GC(442)   Pre Evacuate Collection Set: 0.1ms
[335.458s][info][gc,phases      ] GC(442)   Merge Heap Roots: 0.0ms
[335.458s][info][gc,phases      ] GC(442)   Evacuate Collection Set: 1.7ms
[335.458s][info][gc,phases      ] GC(442)   Post Evacuate Collection Set: 0.2ms
[335.458s][info][gc,phases      ] GC(442)   Other: 0.2ms
[335.458s][info][gc,heap        ] GC(442) Eden regions: 22->0(22)
[335.458s][info][gc,heap        ] GC(442) Survivor regions: 3->3(4)
[335.458s][info][gc,heap        ] GC(442) Old regions: 464->465
[335.458s][info][gc,heap        ] GC(442) Archive regions: 2->2
[335.458s][info][gc,heap        ] GC(442) Humongous regions: 11->11
[335.459s][info][gc,metaspace   ] GC(442) Metaspace: 44211K(45520K)->44211K(45520K) NonClass: 38972K(39892K)->38972K(39892K) Class: 5238K(5628K)->5238K(5628K)
[335.459s][info][gc             ] GC(442) Pause Young (Concurrent Start) (G1 Evacuation Pause) 495M->474M(512M) 2.236ms
[335.459s][info][gc,cpu         ] GC(442) User=0.01s Sys=0.00s Real=0.00s
[335.459s][info][gc             ] GC(443) Concurrent Cycle
[335.459s][info][gc,marking     ] GC(443) Concurrent Clear Claimed Marks
[335.459s][info][gc,marking     ] GC(443) Concurrent Clear Claimed Marks 0.038ms
[335.459s][info][gc,marking     ] GC(443) Concurrent Scan Root Regions
[335.460s][info][gc,marking     ] GC(443) Concurrent Scan Root Regions 1.682ms
[335.460s][info][gc,marking     ] GC(443) Concurrent Mark (335.460s)
[335.460s][info][gc,marking     ] GC(443) Concurrent Mark From Roots
[335.460s][info][gc,task        ] GC(443) Using 2 workers of 2 for marking
[335.568s][info][gc,start       ] GC(444) Pause Young (Normal) (G1 Evacuation Pause)
[335.568s][info][gc,task        ] GC(444) Using 8 workers of 8 for evacuation
[335.570s][info][gc,phases      ] GC(444)   Pre Evacuate Collection Set: 0.1ms
[335.570s][info][gc,phases      ] GC(444)   Merge Heap Roots: 0.0ms
[335.570s][info][gc,phases      ] GC(444)   Evacuate Collection Set: 1.8ms
[335.570s][info][gc,phases      ] GC(444)   Post Evacuate Collection Set: 0.2ms
[335.570s][info][gc,phases      ] GC(444)   Other: 0.1ms
[335.570s][info][gc,heap        ] GC(444) Eden regions: 22->0(22)
[335.570s][info][gc,heap        ] GC(444) Survivor regions: 3->3(4)
[335.570s][info][gc,heap        ] GC(444) Old regions: 465->465
[335.570s][info][gc,heap        ] GC(444) Archive regions: 2->2
[335.570s][info][gc,heap        ] GC(444) Humongous regions: 11->11
[335.570s][info][gc,metaspace   ] GC(444) Metaspace: 44211K(45520K)->44211K(45520K) NonClass: 38972K(39892K)->38972K(39892K) Class: 5238K(5628K)->5238K(5628K)
[335.570s][info][gc             ] GC(444) Pause Young (Normal) (G1 Evacuation Pause) 496M->474M(512M) 2.272ms
[335.570s][info][gc,cpu         ] GC(444) User=0.01s Sys=0.00s Real=0.00s
[335.678s][info][gc,start       ] GC(445) Pause Young (Normal) (G1 Evacuation Pause)
[335.678s][info][gc,task        ] GC(445) Using 8 workers of 8 for evacuation
[335.681s][info][gc,phases      ] GC(445)   Pre Evacuate Collection Set: 0.1ms
[335.681s][info][gc,phases      ] GC(445)   Merge Heap Roots: 0.0ms
[335.681s][info][gc,phases      ] GC(445)   Evacuate Collection Set: 2.3ms
[335.681s][info][gc,phases      ] GC(445)   Post Evacuate Collection Set: 0.2ms
[335.681s][info][gc,phases      ] GC(445)   Other: 0.1ms
[335.681s][info][gc,heap        ] GC(445) Eden regions: 22->0(22)
[335.681s][info][gc,heap        ] GC(445) Survivor regions: 3->3(4)
[335.681s][info][gc,heap        ] GC(445) Old regions: 465->466
[335.681s][info][gc,heap        ] GC(445) Archive regions: 2->2
[335.681s][info][gc,heap        ] GC(445) Humongous regions: 11->11
[335.681s][info][gc,metaspace   ] GC(445) Metaspace: 44211K(45520K)->44211K(45520K) NonClass: 38972K(39892K)->38972K(39892K) Class: 5238K(5628K)->5238K(5628K)
[335.681s][info][gc             ] GC(445) Pause Young (Normal) (G1 Evacuation Pause) 496M->475M(512M) 2.816ms
[335.681s][info][gc,cpu         ] GC(445) User=0.01s Sys=0.00s Real=0.00s
[335.789s][info][gc,start       ] GC(446) Pause Young (Normal) (G1 Evacuation Pause)
[335.789s][info][gc,task        ] GC(446) Using 8 workers of 8 for evacuation
[335.791s][info][gc,phases      ] GC(446)   Pre Evacuate Collection Set: 0.1ms
[335.792s][info][gc,phases      ] GC(446)   Merge Heap Roots: 0.0ms
[335.792s][info][gc,phases      ] GC(446)   Evacuate Collection Set: 2.0ms
[335.792s][info][gc,phases      ] GC(446)   Post Evacuate Collection Set: 0.2ms
[335.792s][info][gc,phases      ] GC(446)   Other: 0.1ms
[335.792s][info][gc,heap        ] GC(446) Eden regions: 22->0(22)
[335.792s][info][gc,heap        ] GC(446) Survivor regions: 3->3(4)
[335.792s][info][gc,heap        ] GC(446) Old regions: 466->467
[335.792s][info][gc,heap        ] GC(446) Archive regions: 2->2
[335.792s][info][gc,heap        ] GC(446) Humongous regions: 11->11
[335.792s][info][gc,metaspace   ] GC(446) Metaspace: 44211K(45520K)->44211K(45520K) NonClass: 38972K(39892K)->38972K(39892K) Class: 5238K(5628K)->5238K(5628K)
[335.792s][info][gc             ] GC(446) Pause Young (Normal) (G1 Evacuation Pause) 497M->475M(512M) 2.496ms
[335.792s][info][gc,cpu         ] GC(446) User=0.01s Sys=0.00s Real=0.00s
[335.899s][info][gc,start       ] GC(447) Pause Young (Normal) (G1 Evacuation Pause)
[335.899s][info][gc,task        ] GC(447) Using 8 workers of 8 for evacuation
[335.901s][info][gc,phases      ] GC(447)   Pre Evacuate Collection Set: 0.1ms
[335.901s][info][gc,phases      ] GC(447)   Merge Heap Roots: 0.0ms
[335.901s][info][gc,phases      ] GC(447)   Evacuate Collection Set: 1.9ms
[335.901s][info][gc,phases      ] GC(447)   Post Evacuate Collection Set: 0.2ms
[335.901s][info][gc,phases      ] GC(447)   Other: 0.1ms
[335.901s][info][gc,heap        ] GC(447) Eden regions: 22->0(22)
[335.901s][info][gc,heap        ] GC(447) Survivor regions: 3->3(4)
[335.901s][info][gc,heap        ] GC(447) Old regions: 467->467
[335.901s][info][gc,heap        ] GC(447) Archive regions: 2->2
[335.901s][info][gc,heap        ] GC(447) Humongous regions: 11->11
[335.902s][info][gc,metaspace   ] GC(447) Metaspace: 44212K(45520K)->44212K(45520K) NonClass: 38973K(39892K)->38973K(39892K) Class: 5238K(5628K)->5238K(5628K)
[335.902s][info][gc             ] GC(447) Pause Young (Normal) (G1 Evacuation Pause) 497M->476M(512M) 2.456ms
[335.902s][info][gc,cpu         ] GC(447) User=0.01s Sys=0.00s Real=0.00s
[336.002s][info][gc,start       ] GC(448) Pause Young (Normal) (G1 Evacuation Pause)
[336.002s][info][gc,task        ] GC(448) Using 8 workers of 8 for evacuation
[336.005s][info][gc,phases      ] GC(448)   Pre Evacuate Collection Set: 0.1ms
[336.005s][info][gc,phases      ] GC(448)   Merge Heap Roots: 0.0ms
[336.005s][info][gc,phases      ] GC(448)   Evacuate Collection Set: 1.9ms
[336.005s][info][gc,phases      ] GC(448)   Post Evacuate Collection Set: 0.2ms
[336.005s][info][gc,phases      ] GC(448)   Other: 0.1ms
[336.005s][info][gc,heap        ] GC(448) Eden regions: 22->0(22)
[336.005s][info][gc,heap        ] GC(448) Survivor regions: 3->3(4)
[336.005s][info][gc,heap        ] GC(448) Old regions: 467->468
[336.005s][info][gc,heap        ] GC(448) Archive regions: 2->2
[336.005s][info][gc,heap        ] GC(448) Humongous regions: 11->11
[336.005s][info][gc,metaspace   ] GC(448) Metaspace: 44212K(45520K)->44212K(45520K) NonClass: 38973K(39892K)->38973K(39892K) Class: 5238K(5628K)->5238K(5628K)
[336.005s][info][gc             ] GC(448) Pause Young (Normal) (G1 Evacuation Pause) 498M->476M(512M) 2.495ms
[336.005s][info][gc,cpu         ] GC(448) User=0.02s Sys=0.00s Real=0.01s
[336.105s][info][gc,start       ] GC(449) Pause Young (Normal) (G1 Evacuation Pause)
[336.105s][info][gc,task        ] GC(449) Using 8 workers of 8 for evacuation
[336.107s][info][gc,phases      ] GC(449)   Pre Evacuate Collection Set: 0.1ms
[336.108s][info][gc,phases      ] GC(449)   Merge Heap Roots: 0.0ms
[336.108s][info][gc,phases      ] GC(449)   Evacuate Collection Set: 2.0ms
[336.108s][info][gc,phases      ] GC(449)   Post Evacuate Collection Set: 0.2ms
[336.108s][info][gc,phases      ] GC(449)   Other: 0.1ms
[336.108s][info][gc,heap        ] GC(449) Eden regions: 22->0(22)
[336.108s][info][gc,heap        ] GC(449) Survivor regions: 3->3(4)
[336.108s][info][gc,heap        ] GC(449) Old regions: 468->468
[336.108s][info][gc,heap        ] GC(449) Archive regions: 2->2
[336.108s][info][gc,heap        ] GC(449) Humongous regions: 11->11
[336.108s][info][gc,metaspace   ] GC(449) Metaspace: 44212K(45520K)->44212K(45520K) NonClass: 38973K(39892K)->38973K(39892K) Class: 5238K(5628K)->5238K(5628K)
[336.108s][info][gc             ] GC(449) Pause Young (Normal) (G1 Evacuation Pause) 498M->477M(512M) 2.542ms
[336.108s][info][gc,cpu         ] GC(449) User=0.01s Sys=0.00s Real=0.00s
[336.211s][info][gc,start       ] GC(450) Pause Young (Normal) (G1 Evacuation Pause)
[336.211s][info][gc,task        ] GC(450) Using 8 workers of 8 for evacuation
[336.213s][info][gc,phases      ] GC(450)   Pre Evacuate Collection Set: 0.1ms
[336.213s][info][gc,phases      ] GC(450)   Merge Heap Roots: 0.0ms
[336.213s][info][gc,phases      ] GC(450)   Evacuate Collection Set: 2.0ms
[336.213s][info][gc,phases      ] GC(450)   Post Evacuate Collection Set: 0.2ms
[336.213s][info][gc,phases      ] GC(450)   Other: 0.1ms
[336.213s][info][gc,heap        ] GC(450) Eden regions: 22->0(22)
[336.213s][info][gc,heap        ] GC(450) Survivor regions: 3->3(4)
[336.213s][info][gc,heap        ] GC(450) Old regions: 468->469
[336.213s][info][gc,heap        ] GC(450) Archive regions: 2->2
[336.213s][info][gc,heap        ] GC(450) Humongous regions: 11->11
[336.213s][info][gc,metaspace   ] GC(450) Metaspace: 44212K(45520K)->44212K(45520K) NonClass: 38973K(39892K)->38973K(39892K) Class: 5238K(5628K)->5238K(5628K)
[336.214s][info][gc             ] GC(450) Pause Young (Normal) (G1 Evacuation Pause) 499M->478M(512M) 2.703ms
[336.214s][info][gc,cpu         ] GC(450) User=0.02s Sys=0.00s Real=0.00s
[336.295s][info][gc,marking     ] GC(443) Concurrent Mark From Roots 834.234ms
[336.295s][info][gc,marking     ] GC(443) Concurrent Preclean
[336.295s][info][gc,marking     ] GC(443) Concurrent Preclean 0.084ms
[336.295s][info][gc,marking     ] GC(443) Concurrent Mark (335.460s, 336.295s) 834.382ms
[336.295s][info][gc,start       ] GC(443) Pause Remark
[336.298s][info][gc             ] GC(443) Pause Remark 495M->495M(512M) 3.374ms
[336.298s][info][gc,cpu         ] GC(443) User=0.02s Sys=0.00s Real=0.00s
[336.298s][info][gc,marking     ] GC(443) Concurrent Rebuild Remembered Sets
[336.322s][info][gc,start       ] GC(451) Pause Young (Normal) (G1 Evacuation Pause)
[336.322s][info][gc,task        ] GC(451) Using 8 workers of 8 for evacuation
[336.324s][info][gc,phases      ] GC(451)   Pre Evacuate Collection Set: 0.1ms
[336.324s][info][gc,phases      ] GC(451)   Merge Heap Roots: 0.0ms
[336.324s][info][gc,phases      ] GC(451)   Evacuate Collection Set: 2.0ms
[336.324s][info][gc,phases      ] GC(451)   Post Evacuate Collection Set: 0.2ms
[336.324s][info][gc,phases      ] GC(451)   Other: 0.1ms
[336.324s][info][gc,heap        ] GC(451) Eden regions: 22->0(22)
[336.324s][info][gc,heap        ] GC(451) Survivor regions: 3->3(4)
[336.324s][info][gc,heap        ] GC(451) Old regions: 469->469
[336.324s][info][gc,heap        ] GC(451) Archive regions: 2->2
[336.324s][info][gc,heap        ] GC(451) Humongous regions: 11->11
[336.324s][info][gc,metaspace   ] GC(451) Metaspace: 44206K(45520K)->44206K(45520K) NonClass: 38968K(39892K)->38968K(39892K) Class: 5237K(5628K)->5237K(5628K)
[336.324s][info][gc             ] GC(451) Pause Young (Normal) (G1 Evacuation Pause) 500M->478M(512M) 2.530ms
[336.324s][info][gc,cpu         ] GC(451) User=0.01s Sys=0.00s Real=0.00s
[336.422s][info][gc,start       ] GC(452) Pause Young (Normal) (G1 Evacuation Pause)
[336.422s][info][gc,task        ] GC(452) Using 8 workers of 8 for evacuation
[336.424s][info][gc,phases      ] GC(452)   Pre Evacuate Collection Set: 0.1ms
[336.424s][info][gc,phases      ] GC(452)   Merge Heap Roots: 0.0ms
[336.424s][info][gc,phases      ] GC(452)   Evacuate Collection Set: 2.0ms
[336.424s][info][gc,phases      ] GC(452)   Post Evacuate Collection Set: 0.2ms
[336.424s][info][gc,phases      ] GC(452)   Other: 0.2ms
[336.424s][info][gc,heap        ] GC(452) Eden regions: 22->0(22)
[336.424s][info][gc,heap        ] GC(452) Survivor regions: 3->3(4)
[336.424s][info][gc,heap        ] GC(452) Old regions: 469->470
[336.424s][info][gc,heap        ] GC(452) Archive regions: 2->2
[336.424s][info][gc,heap        ] GC(452) Humongous regions: 11->11
[336.424s][info][gc,metaspace   ] GC(452) Metaspace: 44206K(45520K)->44206K(45520K) NonClass: 38968K(39892K)->38968K(39892K) Class: 5237K(5628K)->5237K(5628K)
[336.425s][info][gc             ] GC(452) Pause Young (Normal) (G1 Evacuation Pause) 500M->479M(512M) 2.595ms
[336.425s][info][gc,cpu         ] GC(452) User=0.02s Sys=0.00s Real=0.00s
[336.518s][info][gc,start       ] GC(453) Pause Young (Normal) (G1 Evacuation Pause)
[336.518s][info][gc,task        ] GC(453) Using 8 workers of 8 for evacuation
[336.520s][info][gc,phases      ] GC(453)   Pre Evacuate Collection Set: 0.1ms
[336.520s][info][gc,phases      ] GC(453)   Merge Heap Roots: 0.0ms
[336.520s][info][gc,phases      ] GC(453)   Evacuate Collection Set: 2.0ms
[336.520s][info][gc,phases      ] GC(453)   Post Evacuate Collection Set: 0.2ms
[336.520s][info][gc,phases      ] GC(453)   Other: 0.1ms
[336.520s][info][gc,heap        ] GC(453) Eden regions: 22->0(22)
[336.520s][info][gc,heap        ] GC(453) Survivor regions: 3->3(4)
[336.520s][info][gc,heap        ] GC(453) Old regions: 470->470
[336.520s][info][gc,heap        ] GC(453) Archive regions: 2->2
[336.520s][info][gc,heap        ] GC(453) Humongous regions: 11->11
[336.520s][info][gc,metaspace   ] GC(453) Metaspace: 44206K(45520K)->44206K(45520K) NonClass: 38968K(39892K)->38968K(39892K) Class: 5237K(5628K)->5237K(5628K)
[336.521s][info][gc             ] GC(453) Pause Young (Normal) (G1 Evacuation Pause) 501M->479M(512M) 2.570ms
[336.521s][info][gc,cpu         ] GC(453) User=0.01s Sys=0.00s Real=0.00s
[336.610s][info][gc,start       ] GC(454) Pause Young (Normal) (G1 Evacuation Pause)
[336.610s][info][gc,task        ] GC(454) Using 8 workers of 8 for evacuation
[336.612s][info][gc,phases      ] GC(454)   Pre Evacuate Collection Set: 0.1ms
[336.612s][info][gc,phases      ] GC(454)   Merge Heap Roots: 0.1ms
[336.612s][info][gc,phases      ] GC(454)   Evacuate Collection Set: 2.0ms
[336.612s][info][gc,phases      ] GC(454)   Post Evacuate Collection Set: 0.2ms
[336.612s][info][gc,phases      ] GC(454)   Other: 0.1ms
[336.612s][info][gc,heap        ] GC(454) Eden regions: 22->0(22)
[336.612s][info][gc,heap        ] GC(454) Survivor regions: 3->3(4)
[336.612s][info][gc,heap        ] GC(454) Old regions: 470->471
[336.612s][info][gc,heap        ] GC(454) Archive regions: 2->2
[336.612s][info][gc,heap        ] GC(454) Humongous regions: 11->11
[336.612s][info][gc,metaspace   ] GC(454) Metaspace: 44206K(45520K)->44206K(45520K) NonClass: 38968K(39892K)->38968K(39892K) Class: 5237K(5628K)->5237K(5628K)
[336.612s][info][gc             ] GC(454) Pause Young (Normal) (G1 Evacuation Pause) 501M->480M(512M) 2.623ms
[336.612s][info][gc,cpu         ] GC(454) User=0.02s Sys=0.00s Real=0.00s
[336.717s][info][gc,start       ] GC(455) Pause Young (Normal) (G1 Evacuation Pause)
[336.717s][info][gc,task        ] GC(455) Using 8 workers of 8 for evacuation
[336.719s][info][gc             ] GC(455) To-space exhausted
[336.719s][info][gc,phases      ] GC(455)   Pre Evacuate Collection Set: 0.1ms
[336.719s][info][gc,phases      ] GC(455)   Merge Heap Roots: 0.0ms
[336.719s][info][gc,phases      ] GC(455)   Evacuate Collection Set: 2.1ms
[336.719s][info][gc,phases      ] GC(455)   Post Evacuate Collection Set: 0.4ms
[336.719s][info][gc,phases      ] GC(455)   Other: 0.2ms
[336.719s][info][gc,heap        ] GC(455) Eden regions: 22->0(22)
[336.719s][info][gc,heap        ] GC(455) Survivor regions: 3->3(3)
[336.719s][info][gc,heap        ] GC(455) Old regions: 471->472
[336.719s][info][gc,heap        ] GC(455) Archive regions: 2->2
[336.719s][info][gc,heap        ] GC(455) Humongous regions: 11->11
[336.719s][info][gc,metaspace   ] GC(455) Metaspace: 44206K(45520K)->44206K(45520K) NonClass: 38968K(39892K)->38968K(39892K) Class: 5237K(5628K)->5237K(5628K)
[336.719s][info][gc             ] GC(455) Pause Young (Normal) (G1 Evacuation Pause) 502M->481M(512M) 2.896ms
[336.720s][info][gc,cpu         ] GC(455) User=0.02s Sys=0.00s Real=0.00s
[336.757s][info][gc,marking     ] GC(443) Concurrent Rebuild Remembered Sets 458.479ms
[336.757s][info][gc,start       ] GC(443) Pause Cleanup
[336.757s][info][gc             ] GC(443) Pause Cleanup 489M->489M(512M) 0.254ms
[336.757s][info][gc,cpu         ] GC(443) User=0.00s Sys=0.00s Real=0.00s
[336.758s][info][gc,marking     ] GC(443) Concurrent Cleanup for Next Mark
[336.758s][info][gc,marking     ] GC(443) Concurrent Cleanup for Next Mark 0.872ms
[336.758s][info][gc             ] GC(443) Concurrent Cycle 1299.912ms
[336.806s][info][gc,start       ] GC(456) Pause Young (Normal) (G1 Evacuation Pause)
[336.806s][info][gc,task        ] GC(456) Using 8 workers of 8 for evacuation
[336.811s][info][gc             ] GC(456) To-space exhausted
[336.811s][info][gc,phases      ] GC(456)   Pre Evacuate Collection Set: 0.1ms
[336.811s][info][gc,phases      ] GC(456)   Merge Heap Roots: 0.1ms
[336.811s][info][gc,phases      ] GC(456)   Evacuate Collection Set: 2.8ms
[336.811s][info][gc,phases      ] GC(456)   Post Evacuate Collection Set: 1.5ms
[336.811s][info][gc,phases      ] GC(456)   Other: 0.2ms
[336.811s][info][gc,heap        ] GC(456) Eden regions: 22->0(24)
[336.811s][info][gc,heap        ] GC(456) Survivor regions: 3->1(2)
[336.811s][info][gc,heap        ] GC(456) Old regions: 472->485
[336.811s][info][gc,heap        ] GC(456) Archive regions: 2->2
[336.811s][info][gc,heap        ] GC(456) Humongous regions: 11->11
[336.811s][info][gc,metaspace   ] GC(456) Metaspace: 44206K(45520K)->44206K(45520K) NonClass: 38968K(39892K)->38968K(39892K) Class: 5237K(5628K)->5237K(5628K)
[336.811s][info][gc             ] GC(456) Pause Young (Normal) (G1 Evacuation Pause) 503M->492M(512M) 4.716ms
[336.811s][info][gc,cpu         ] GC(456) User=0.03s Sys=0.00s Real=0.00s
[336.863s][info][gc,start       ] GC(457) Pause Young (Concurrent Start) (G1 Evacuation Pause)
[336.863s][info][gc,task        ] GC(457) Using 8 workers of 8 for evacuation
[336.867s][info][gc             ] GC(457) To-space exhausted
[336.867s][info][gc,phases      ] GC(457)   Pre Evacuate Collection Set: 0.1ms
[336.867s][info][gc,phases      ] GC(457)   Merge Heap Roots: 0.0ms
[336.867s][info][gc,phases      ] GC(457)   Evacuate Collection Set: 1.3ms
[336.867s][info][gc,phases      ] GC(457)   Post Evacuate Collection Set: 1.7ms
[336.867s][info][gc,phases      ] GC(457)   Other: 0.2ms
[336.867s][info][gc,heap        ] GC(457) Eden regions: 13->0(25)
[336.867s][info][gc,heap        ] GC(457) Survivor regions: 1->0(0)
[336.867s][info][gc,heap        ] GC(457) Old regions: 485->499
[336.867s][info][gc,heap        ] GC(457) Archive regions: 2->2
[336.867s][info][gc,heap        ] GC(457) Humongous regions: 11->11
[336.867s][info][gc,metaspace   ] GC(457) Metaspace: 44206K(45520K)->44206K(45520K) NonClass: 38968K(39892K)->38968K(39892K) Class: 5237K(5628K)->5237K(5628K)
[336.867s][info][gc             ] GC(457) Pause Young (Concurrent Start) (G1 Evacuation Pause) 505M->505M(512M) 3.444ms
[336.867s][info][gc,cpu         ] GC(457) User=0.02s Sys=0.01s Real=0.01s
[336.867s][info][gc,ergo        ] Attempting maximally compacting collection
[336.867s][info][gc             ] GC(458) Concurrent Cycle
[336.867s][info][gc,task        ] GC(459) Using 8 workers of 8 for full compaction
[336.867s][info][gc,marking     ] GC(458) Concurrent Clear Claimed Marks
[336.867s][info][gc,start       ] GC(459) Pause Full (G1 Evacuation Pause)
[336.867s][info][gc,marking     ] GC(458) Concurrent Clear Claimed Marks 0.057ms
[336.867s][info][gc,marking     ] GC(458) Concurrent Scan Root Regions
[336.867s][info][gc,marking     ] GC(458) Concurrent Scan Root Regions 0.011ms
[336.867s][info][gc,marking     ] GC(458) Concurrent Mark (336.867s)
[336.867s][info][gc,marking     ] GC(458) Concurrent Mark From Roots
[336.867s][info][gc,task        ] GC(458) Using 2 workers of 2 for marking
[336.868s][info][gc,phases,start] GC(459) Phase 1: Mark live objects
[337.083s][info][gc,phases      ] GC(459) Phase 1: Mark live objects 215.702ms
[337.083s][info][gc,phases,start] GC(459) Phase 2: Prepare for compaction
[337.125s][info][gc,phases      ] GC(459) Phase 2: Prepare for compaction 41.967ms
[337.125s][info][gc,phases,start] GC(459) Phase 3: Adjust pointers
[337.219s][info][gc,phases      ] GC(459) Phase 3: Adjust pointers 93.563ms
[337.219s][info][gc,phases,start] GC(459) Phase 4: Compact heap
[337.264s][info][gc,phases      ] GC(459) Phase 4: Compact heap 44.774ms
[337.268s][info][gc,heap        ] GC(459) Eden regions: 0->0(25)
[337.268s][info][gc,heap        ] GC(459) Survivor regions: 0->0(0)
[337.268s][info][gc,heap        ] GC(459) Old regions: 499->470
[337.268s][info][gc,heap        ] GC(459) Archive regions: 2->2
[337.268s][info][gc,heap        ] GC(459) Humongous regions: 11->11
[337.268s][info][gc,metaspace   ] GC(459) Metaspace: 44206K(45520K)->44073K(45520K) NonClass: 38968K(39892K)->38854K(39892K) Class: 5237K(5628K)->5218K(5628K)
[337.268s][info][gc             ] GC(459) Pause Full (G1 Evacuation Pause) 505M->480M(512M) 401.606ms
[337.269s][info][gc,cpu         ] GC(459) User=2.50s Sys=0.02s Real=0.40s
[337.270s][info][gc,marking     ] GC(458) Concurrent Mark From Roots 402.552ms
[337.270s][info][gc,marking     ] GC(458) Concurrent Mark Abort
[337.270s][info][gc             ] GC(458) Concurrent Cycle 402.728ms
[337.409s][info][gc,start       ] GC(460) Pause Young (Normal) (G1 Evacuation Pause)
[337.409s][info][gc,task        ] GC(460) Using 8 workers of 8 for evacuation
[337.410s][info][gc,phases      ] GC(460)   Pre Evacuate Collection Set: 0.1ms
[337.410s][info][gc,phases      ] GC(460)   Merge Heap Roots: 0.0ms
[337.410s][info][gc,phases      ] GC(460)   Evacuate Collection Set: 0.6ms
[337.410s][info][gc,phases      ] GC(460)   Post Evacuate Collection Set: 0.4ms
[337.410s][info][gc,phases      ] GC(460)   Other: 0.1ms
[337.410s][info][gc,heap        ] GC(460) Eden regions: 25->0(24)
[337.410s][info][gc,heap        ] GC(460) Survivor regions: 0->1(4)
[337.410s][info][gc,heap        ] GC(460) Old regions: 470->470
[337.410s][info][gc,heap        ] GC(460) Archive regions: 2->2
[337.410s][info][gc,heap        ] GC(460) Humongous regions: 11->11
[337.410s][info][gc,metaspace   ] GC(460) Metaspace: 44178K(45520K)->44178K(45520K) NonClass: 38946K(39892K)->38946K(39892K) Class: 5232K(5628K)->5232K(5628K)
[337.410s][info][gc             ] GC(460) Pause Young (Normal) (G1 Evacuation Pause) 505M->480M(512M) 1.299ms
[337.410s][info][gc,cpu         ] GC(460) User=0.01s Sys=0.00s Real=0.00s
[337.510s][info][gc,start       ] GC(461) Pause Young (Concurrent Start) (G1 Evacuation Pause)
[337.510s][info][gc,task        ] GC(461) Using 8 workers of 8 for evacuation
[337.512s][info][gc,phases      ] GC(461)   Pre Evacuate Collection Set: 0.1ms
[337.512s][info][gc,phases      ] GC(461)   Merge Heap Roots: 0.0ms
[337.512s][info][gc,phases      ] GC(461)   Evacuate Collection Set: 1.1ms
[337.512s][info][gc,phases      ] GC(461)   Post Evacuate Collection Set: 0.2ms
[337.512s][info][gc,phases      ] GC(461)   Other: 0.1ms
[337.512s][info][gc,heap        ] GC(461) Eden regions: 24->0(23)
[337.512s][info][gc,heap        ] GC(461) Survivor regions: 1->2(4)
[337.512s][info][gc,heap        ] GC(461) Old regions: 470->470
[337.512s][info][gc,heap        ] GC(461) Archive regions: 2->2
[337.512s][info][gc,heap        ] GC(461) Humongous regions: 11->11
[337.512s][info][gc,metaspace   ] GC(461) Metaspace: 44178K(45520K)->44178K(45520K) NonClass: 38946K(39892K)->38946K(39892K) Class: 5232K(5628K)->5232K(5628K)
[337.512s][info][gc             ] GC(461) Pause Young (Concurrent Start) (G1 Evacuation Pause) 504M->481M(512M) 1.674ms
[337.512s][info][gc,cpu         ] GC(461) User=0.01s Sys=0.00s Real=0.00s
[337.512s][info][gc             ] GC(462) Concurrent Cycle
[337.512s][info][gc,marking     ] GC(462) Concurrent Clear Claimed Marks
[337.512s][info][gc,marking     ] GC(462) Concurrent Clear Claimed Marks 0.022ms
[337.512s][info][gc,marking     ] GC(462) Concurrent Scan Root Regions
[337.513s][info][gc,marking     ] GC(462) Concurrent Scan Root Regions 1.332ms
[337.513s][info][gc,marking     ] GC(462) Concurrent Mark (337.513s)
[337.513s][info][gc,marking     ] GC(462) Concurrent Mark From Roots
[337.513s][info][gc,task        ] GC(462) Using 2 workers of 2 for marking
[337.630s][info][gc,start       ] GC(463) Pause Young (Normal) (G1 Evacuation Pause)
[337.630s][info][gc,task        ] GC(463) Using 8 workers of 8 for evacuation
[337.632s][info][gc,phases      ] GC(463)   Pre Evacuate Collection Set: 0.1ms
[337.632s][info][gc,phases      ] GC(463)   Merge Heap Roots: 0.0ms
[337.632s][info][gc,phases      ] GC(463)   Evacuate Collection Set: 1.5ms
[337.632s][info][gc,phases      ] GC(463)   Post Evacuate Collection Set: 0.2ms
[337.632s][info][gc,phases      ] GC(463)   Other: 0.1ms
[337.632s][info][gc,heap        ] GC(463) Eden regions: 23->0(22)
[337.632s][info][gc,heap        ] GC(463) Survivor regions: 2->3(4)
[337.632s][info][gc,heap        ] GC(463) Old regions: 470->470
[337.632s][info][gc,heap        ] GC(463) Archive regions: 2->2
[337.632s][info][gc,heap        ] GC(463) Humongous regions: 11->11
[337.632s][info][gc,metaspace   ] GC(463) Metaspace: 44178K(45520K)->44178K(45520K) NonClass: 38946K(39892K)->38946K(39892K) Class: 5232K(5628K)->5232K(5628K)
[337.632s][info][gc             ] GC(463) Pause Young (Normal) (G1 Evacuation Pause) 504M->482M(512M) 2.042ms
[337.632s][info][gc,cpu         ] GC(463) User=0.01s Sys=0.00s Real=0.00s
[337.752s][info][gc,start       ] GC(464) Pause Young (Normal) (G1 Evacuation Pause)
[337.752s][info][gc,task        ] GC(464) Using 8 workers of 8 for evacuation
[337.754s][info][gc,phases      ] GC(464)   Pre Evacuate Collection Set: 0.1ms
[337.754s][info][gc,phases      ] GC(464)   Merge Heap Roots: 0.1ms
[337.754s][info][gc,phases      ] GC(464)   Evacuate Collection Set: 1.8ms
[337.754s][info][gc,phases      ] GC(464)   Post Evacuate Collection Set: 0.2ms
[337.754s][info][gc,phases      ] GC(464)   Other: 0.1ms
[337.754s][info][gc,heap        ] GC(464) Eden regions: 22->0(22)
[337.754s][info][gc,heap        ] GC(464) Survivor regions: 3->3(4)
[337.754s][info][gc,heap        ] GC(464) Old regions: 470->470
[337.754s][info][gc,heap        ] GC(464) Archive regions: 2->2
[337.754s][info][gc,heap        ] GC(464) Humongous regions: 11->11
[337.754s][info][gc,metaspace   ] GC(464) Metaspace: 44207K(45520K)->44207K(45520K) NonClass: 38971K(39892K)->38971K(39892K) Class: 5236K(5628K)->5236K(5628K)
[337.754s][info][gc             ] GC(464) Pause Young (Normal) (G1 Evacuation Pause) 504M->482M(512M) 2.433ms
[337.754s][info][gc,cpu         ] GC(464) User=0.02s Sys=0.00s Real=0.00s
[337.859s][info][gc,start       ] GC(465) Pause Young (Normal) (G1 Evacuation Pause)
[337.859s][info][gc,task        ] GC(465) Using 8 workers of 8 for evacuation
[337.862s][info][gc,phases      ] GC(465)   Pre Evacuate Collection Set: 0.1ms
[337.862s][info][gc,phases      ] GC(465)   Merge Heap Roots: 0.0ms
[337.862s][info][gc,phases      ] GC(465)   Evacuate Collection Set: 2.6ms
[337.862s][info][gc,phases      ] GC(465)   Post Evacuate Collection Set: 0.3ms
[337.862s][info][gc,phases      ] GC(465)   Other: 0.1ms
[337.862s][info][gc,heap        ] GC(465) Eden regions: 22->0(22)
[337.862s][info][gc,heap        ] GC(465) Survivor regions: 3->3(4)
[337.862s][info][gc,heap        ] GC(465) Old regions: 470->471
[337.862s][info][gc,heap        ] GC(465) Archive regions: 2->2
[337.862s][info][gc,heap        ] GC(465) Humongous regions: 11->11
[337.862s][info][gc,metaspace   ] GC(465) Metaspace: 44211K(45520K)->44211K(45520K) NonClass: 38974K(39892K)->38974K(39892K) Class: 5236K(5628K)->5236K(5628K)
[337.862s][info][gc             ] GC(465) Pause Young (Normal) (G1 Evacuation Pause) 504M->483M(512M) 3.212ms
[337.862s][info][gc,cpu         ] GC(465) User=0.01s Sys=0.00s Real=0.00s
[337.955s][info][gc,start       ] GC(466) Pause Young (Normal) (G1 Evacuation Pause)
[337.955s][info][gc,task        ] GC(466) Using 8 workers of 8 for evacuation
[337.958s][info][gc,phases      ] GC(466)   Pre Evacuate Collection Set: 0.1ms
[337.958s][info][gc,phases      ] GC(466)   Merge Heap Roots: 0.0ms
[337.958s][info][gc,phases      ] GC(466)   Evacuate Collection Set: 2.3ms
[337.958s][info][gc,phases      ] GC(466)   Post Evacuate Collection Set: 0.2ms
[337.958s][info][gc,phases      ] GC(466)   Other: 0.1ms
[337.958s][info][gc,heap        ] GC(466) Eden regions: 22->0(23)
[337.958s][info][gc,heap        ] GC(466) Survivor regions: 3->2(3)
[337.958s][info][gc,heap        ] GC(466) Old regions: 471->472
[337.958s][info][gc,heap        ] GC(466) Archive regions: 2->2
[337.958s][info][gc,heap        ] GC(466) Humongous regions: 11->11
[337.958s][info][gc,metaspace   ] GC(466) Metaspace: 44211K(45520K)->44211K(45520K) NonClass: 38974K(39892K)->38974K(39892K) Class: 5236K(5628K)->5236K(5628K)
[337.958s][info][gc             ] GC(466) Pause Young (Normal) (G1 Evacuation Pause) 505M->483M(512M) 2.745ms
[337.958s][info][gc,cpu         ] GC(466) User=0.02s Sys=0.00s Real=0.00s
[338.077s][info][gc,start       ] GC(467) Pause Young (Normal) (G1 Evacuation Pause)
[338.077s][info][gc,task        ] GC(467) Using 8 workers of 8 for evacuation
[338.080s][info][gc             ] GC(467) To-space exhausted
[338.080s][info][gc,phases      ] GC(467)   Pre Evacuate Collection Set: 0.1ms
[338.080s][info][gc,phases      ] GC(467)   Merge Heap Roots: 0.0ms
[338.080s][info][gc,phases      ] GC(467)   Evacuate Collection Set: 1.9ms
[338.080s][info][gc,phases      ] GC(467)   Post Evacuate Collection Set: 0.7ms
[338.080s][info][gc,phases      ] GC(467)   Other: 0.2ms
[338.080s][info][gc,heap        ] GC(467) Eden regions: 23->0(23)
[338.080s][info][gc,heap        ] GC(467) Survivor regions: 2->2(2)
[338.080s][info][gc,heap        ] GC(467) Old regions: 472->476
[338.080s][info][gc,heap        ] GC(467) Archive regions: 2->2
[338.080s][info][gc,heap        ] GC(467) Humongous regions: 11->11
[338.080s][info][gc,metaspace   ] GC(467) Metaspace: 44211K(45520K)->44211K(45520K) NonClass: 38974K(39892K)->38974K(39892K) Class: 5236K(5628K)->5236K(5628K)
[338.080s][info][gc             ] GC(467) Pause Young (Normal) (G1 Evacuation Pause) 506M->488M(512M) 2.927ms
[338.080s][info][gc,cpu         ] GC(467) User=0.02s Sys=0.00s Real=0.00s
[338.186s][info][gc,start       ] GC(468) Pause Young (Normal) (G1 Evacuation Pause)
[338.186s][info][gc,task        ] GC(468) Using 8 workers of 8 for evacuation
[338.191s][info][gc             ] GC(468) To-space exhausted
[338.191s][info][gc,phases      ] GC(468)   Pre Evacuate Collection Set: 0.1ms
[338.191s][info][gc,phases      ] GC(468)   Merge Heap Roots: 0.1ms
[338.191s][info][gc,phases      ] GC(468)   Evacuate Collection Set: 2.0ms
[338.191s][info][gc,phases      ] GC(468)   Post Evacuate Collection Set: 3.0ms
[338.191s][info][gc,phases      ] GC(468)   Other: 0.2ms
[338.191s][info][gc,heap        ] GC(468) Eden regions: 21->0(25)
[338.191s][info][gc,heap        ] GC(468) Survivor regions: 2->0(0)
[338.191s][info][gc,heap        ] GC(468) Old regions: 476->499
[338.191s][info][gc,heap        ] GC(468) Archive regions: 2->2
[338.191s][info][gc,heap        ] GC(468) Humongous regions: 11->11
[338.191s][info][gc,metaspace   ] GC(468) Metaspace: 44211K(45520K)->44211K(45520K) NonClass: 38974K(39892K)->38974K(39892K) Class: 5236K(5628K)->5236K(5628K)
[338.191s][info][gc             ] GC(468) Pause Young (Normal) (G1 Evacuation Pause) 509M->509M(512M) 5.393ms
[338.192s][info][gc,cpu         ] GC(468) User=0.03s Sys=0.00s Real=0.00s
[338.192s][info][gc,ergo        ] Attempting maximally compacting collection
[338.192s][info][gc,task        ] GC(469) Using 8 workers of 8 for full compaction
[338.192s][info][gc,start       ] GC(469) Pause Full (G1 Evacuation Pause)
[338.192s][info][gc,phases,start] GC(469) Phase 1: Mark live objects
[338.401s][info][gc,phases      ] GC(469) Phase 1: Mark live objects 209.147ms
[338.401s][info][gc,phases,start] GC(469) Phase 2: Prepare for compaction
[338.434s][info][gc,phases      ] GC(469) Phase 2: Prepare for compaction 33.021ms
[338.434s][info][gc,phases,start] GC(469) Phase 3: Adjust pointers
[338.501s][info][gc,phases      ] GC(469) Phase 3: Adjust pointers 66.486ms
[338.501s][info][gc,phases,start] GC(469) Phase 4: Compact heap
[338.533s][info][gc,phases      ] GC(469) Phase 4: Compact heap 32.366ms
[338.538s][info][gc,heap        ] GC(469) Eden regions: 0->0(25)
[338.538s][info][gc,heap        ] GC(469) Survivor regions: 0->0(0)
[338.538s][info][gc,heap        ] GC(469) Old regions: 499->475
[338.538s][info][gc,heap        ] GC(469) Archive regions: 2->2
[338.538s][info][gc,heap        ] GC(469) Humongous regions: 11->11
[338.538s][info][gc,metaspace   ] GC(469) Metaspace: 44211K(45520K)->44086K(45520K) NonClass: 38974K(39892K)->38867K(39892K) Class: 5236K(5628K)->5218K(5628K)
[338.538s][info][gc             ] GC(469) Pause Full (G1 Evacuation Pause) 509M->484M(512M) 346.647ms
[338.539s][info][gc,cpu         ] GC(469) User=2.59s Sys=0.03s Real=0.35s
[338.539s][info][gc,marking     ] GC(462) Concurrent Mark From Roots 1025.836ms
[338.539s][info][gc,marking     ] GC(462) Concurrent Mark Abort
[338.539s][info][gc             ] GC(462) Concurrent Cycle 1027.284ms
[338.636s][info][gc,start       ] GC(470) Pause Young (Normal) (G1 Evacuation Pause)
[338.636s][info][gc,task        ] GC(470) Using 8 workers of 8 for evacuation
[338.639s][info][gc             ] GC(470) To-space exhausted
[338.639s][info][gc,phases      ] GC(470)   Pre Evacuate Collection Set: 0.1ms
[338.639s][info][gc,phases      ] GC(470)   Merge Heap Roots: 0.0ms
[338.639s][info][gc,phases      ] GC(470)   Evacuate Collection Set: 0.6ms
[338.639s][info][gc,phases      ] GC(470)   Post Evacuate Collection Set: 2.1ms
[338.639s][info][gc,phases      ] GC(470)   Other: 0.2ms
[338.639s][info][gc,heap        ] GC(470) Eden regions: 24->0(25)
[338.639s][info][gc,heap        ] GC(470) Survivor regions: 0->0(0)
[338.639s][info][gc,heap        ] GC(470) Old regions: 475->499
[338.639s][info][gc,heap        ] GC(470) Archive regions: 2->2
[338.639s][info][gc,heap        ] GC(470) Humongous regions: 11->11
[338.639s][info][gc,metaspace   ] GC(470) Metaspace: 44182K(45520K)->44182K(45520K) NonClass: 38949K(39892K)->38949K(39892K) Class: 5232K(5628K)->5232K(5628K)
[338.639s][info][gc             ] GC(470) Pause Young (Normal) (G1 Evacuation Pause) 508M->508M(512M) 3.015ms
[338.639s][info][gc,cpu         ] GC(470) User=0.02s Sys=0.00s Real=0.00s
[338.639s][info][gc,ergo        ] Attempting maximally compacting collection
[338.639s][info][gc,task        ] GC(471) Using 8 workers of 8 for full compaction
[338.639s][info][gc,start       ] GC(471) Pause Full (G1 Evacuation Pause)
[338.640s][info][gc,phases,start] GC(471) Phase 1: Mark live objects
[338.851s][info][gc,phases      ] GC(471) Phase 1: Mark live objects 211.334ms
[338.851s][info][gc,phases,start] GC(471) Phase 2: Prepare for compaction
[338.881s][info][gc,phases      ] GC(471) Phase 2: Prepare for compaction 30.142ms
[338.881s][info][gc,phases,start] GC(471) Phase 3: Adjust pointers
[338.947s][info][gc,phases      ] GC(471) Phase 3: Adjust pointers 66.412ms
[338.948s][info][gc,phases,start] GC(471) Phase 4: Compact heap
[338.978s][info][gc,phases      ] GC(471) Phase 4: Compact heap 30.259ms
[338.982s][info][gc,heap        ] GC(471) Eden regions: 0->0(25)
[338.982s][info][gc,heap        ] GC(471) Survivor regions: 0->0(0)
[338.982s][info][gc,heap        ] GC(471) Old regions: 499->477
[338.982s][info][gc,heap        ] GC(471) Archive regions: 2->2
[338.982s][info][gc,heap        ] GC(471) Humongous regions: 11->11
[338.982s][info][gc,metaspace   ] GC(471) Metaspace: 44182K(45520K)->44089K(45520K) NonClass: 38949K(39892K)->38870K(39892K) Class: 5232K(5628K)->5218K(5628K)
[338.982s][info][gc             ] GC(471) Pause Full (G1 Evacuation Pause) 508M->484M(512M) 342.715ms
[338.983s][info][gc,cpu         ] GC(471) User=2.49s Sys=0.03s Real=0.34s
[339.089s][info][gc,start       ] GC(472) Pause Young (Concurrent Start) (G1 Evacuation Pause)
[339.089s][info][gc,task        ] GC(472) Using 8 workers of 8 for evacuation
[339.092s][info][gc             ] GC(472) To-space exhausted
[339.092s][info][gc,phases      ] GC(472)   Pre Evacuate Collection Set: 0.1ms
[339.092s][info][gc,phases      ] GC(472)   Merge Heap Roots: 0.0ms
[339.092s][info][gc,phases      ] GC(472)   Evacuate Collection Set: 0.7ms
[339.092s][info][gc,phases      ] GC(472)   Post Evacuate Collection Set: 2.1ms
[339.092s][info][gc,phases      ] GC(472)   Other: 0.2ms
[339.092s][info][gc,heap        ] GC(472) Eden regions: 22->0(25)
[339.092s][info][gc,heap        ] GC(472) Survivor regions: 0->0(0)
[339.092s][info][gc,heap        ] GC(472) Old regions: 477->499
[339.092s][info][gc,heap        ] GC(472) Archive regions: 2->2
[339.092s][info][gc,heap        ] GC(472) Humongous regions: 11->11
[339.092s][info][gc,metaspace   ] GC(472) Metaspace: 44218K(45520K)->44218K(45520K) NonClass: 38983K(39892K)->38983K(39892K) Class: 5235K(5628K)->5235K(5628K)
[339.092s][info][gc             ] GC(472) Pause Young (Concurrent Start) (G1 Evacuation Pause) 506M->506M(512M) 3.121ms
[339.092s][info][gc,cpu         ] GC(472) User=0.02s Sys=0.00s Real=0.00s
[339.092s][info][gc,ergo        ] Attempting maximally compacting collection
[339.092s][info][gc             ] GC(473) Concurrent Cycle
[339.092s][info][gc,task        ] GC(474) Using 8 workers of 8 for full compaction
[339.092s][info][gc,marking     ] GC(473) Concurrent Clear Claimed Marks
[339.092s][info][gc,start       ] GC(474) Pause Full (G1 Evacuation Pause)
[339.092s][info][gc,marking     ] GC(473) Concurrent Clear Claimed Marks 0.037ms
[339.092s][info][gc,marking     ] GC(473) Concurrent Scan Root Regions
[339.092s][info][gc,marking     ] GC(473) Concurrent Scan Root Regions 0.013ms
[339.092s][info][gc,marking     ] GC(473) Concurrent Mark (339.092s)
[339.092s][info][gc,marking     ] GC(473) Concurrent Mark From Roots
[339.092s][info][gc,task        ] GC(473) Using 2 workers of 2 for marking
[339.093s][info][gc,phases,start] GC(474) Phase 1: Mark live objects
[339.299s][info][gc,phases      ] GC(474) Phase 1: Mark live objects 205.917ms
[339.299s][info][gc,phases,start] GC(474) Phase 2: Prepare for compaction
[339.330s][info][gc,phases      ] GC(474) Phase 2: Prepare for compaction 30.931ms
[339.330s][info][gc,phases,start] GC(474) Phase 3: Adjust pointers
[339.398s][info][gc,phases      ] GC(474) Phase 3: Adjust pointers 68.590ms
[339.398s][info][gc,phases,start] GC(474) Phase 4: Compact heap
[339.430s][info][gc,phases      ] GC(474) Phase 4: Compact heap 32.120ms
[339.435s][info][gc,heap        ] GC(474) Eden regions: 0->0(25)
[339.435s][info][gc,heap        ] GC(474) Survivor regions: 0->0(0)
[339.435s][info][gc,heap        ] GC(474) Old regions: 499->479
[339.435s][info][gc,heap        ] GC(474) Archive regions: 2->2
[339.435s][info][gc,heap        ] GC(474) Humongous regions: 11->11
[339.435s][info][gc,metaspace   ] GC(474) Metaspace: 44218K(45520K)->44157K(45520K) NonClass: 38983K(39892K)->38930K(39892K) Class: 5235K(5628K)->5226K(5628K)
[339.435s][info][gc             ] GC(474) Pause Full (G1 Evacuation Pause) 506M->485M(512M) 342.396ms
[339.436s][info][gc,cpu         ] GC(474) User=2.54s Sys=0.03s Real=0.35s
[339.436s][info][gc,marking     ] GC(473) Concurrent Mark From Roots 343.428ms
[339.436s][info][gc,marking     ] GC(473) Concurrent Mark Abort
[339.436s][info][gc             ] GC(473) Concurrent Cycle 343.587ms
[339.513s][info][gc,start       ] GC(475) Pause Young (Normal) (G1 Evacuation Pause)
[339.513s][info][gc,task        ] GC(475) Using 8 workers of 8 for evacuation
[339.516s][info][gc             ] GC(475) To-space exhausted
[339.516s][info][gc,phases      ] GC(475)   Pre Evacuate Collection Set: 0.1ms
[339.516s][info][gc,phases      ] GC(475)   Merge Heap Roots: 0.0ms
[339.516s][info][gc,phases      ] GC(475)   Evacuate Collection Set: 0.6ms
[339.516s][info][gc,phases      ] GC(475)   Post Evacuate Collection Set: 1.9ms
[339.516s][info][gc,phases      ] GC(475)   Other: 0.2ms
[339.516s][info][gc,heap        ] GC(475) Eden regions: 20->0(25)
[339.516s][info][gc,heap        ] GC(475) Survivor regions: 0->0(0)
[339.516s][info][gc,heap        ] GC(475) Old regions: 479->499
[339.516s][info][gc,heap        ] GC(475) Archive regions: 2->2
[339.516s][info][gc,heap        ] GC(475) Humongous regions: 11->11
[339.516s][info][gc,metaspace   ] GC(475) Metaspace: 44196K(45520K)->44196K(45520K) NonClass: 38964K(39892K)->38964K(39892K) Class: 5232K(5628K)->5232K(5628K)
[339.516s][info][gc             ] GC(475) Pause Young (Normal) (G1 Evacuation Pause) 505M->505M(512M) 2.783ms
[339.516s][info][gc,cpu         ] GC(475) User=0.01s Sys=0.00s Real=0.01s
[339.516s][info][gc,ergo        ] Attempting maximally compacting collection
[339.516s][info][gc,task        ] GC(476) Using 8 workers of 8 for full compaction
[339.516s][info][gc,start       ] GC(476) Pause Full (G1 Evacuation Pause)
[339.516s][info][gc,phases,start] GC(476) Phase 1: Mark live objects
[339.725s][info][gc,phases      ] GC(476) Phase 1: Mark live objects 208.794ms
[339.725s][info][gc,phases,start] GC(476) Phase 2: Prepare for compaction
[339.754s][info][gc,phases      ] GC(476) Phase 2: Prepare for compaction 28.696ms
[339.754s][info][gc,phases,start] GC(476) Phase 3: Adjust pointers
[339.819s][info][gc,phases      ] GC(476) Phase 3: Adjust pointers 65.246ms
[339.819s][info][gc,phases,start] GC(476) Phase 4: Compact heap
[339.852s][info][gc,phases      ] GC(476) Phase 4: Compact heap 32.717ms
[339.856s][info][gc,heap        ] GC(476) Eden regions: 0->0(25)
[339.856s][info][gc,heap        ] GC(476) Survivor regions: 0->0(0)
[339.856s][info][gc,heap        ] GC(476) Old regions: 499->479
[339.856s][info][gc,heap        ] GC(476) Archive regions: 2->2
[339.856s][info][gc,heap        ] GC(476) Humongous regions: 11->11
[339.856s][info][gc,metaspace   ] GC(476) Metaspace: 44196K(45520K)->44102K(45520K) NonClass: 38964K(39892K)->38883K(39892K) Class: 5232K(5628K)->5218K(5628K)
[339.856s][info][gc             ] GC(476) Pause Full (G1 Evacuation Pause) 505M->485M(512M) 339.991ms
[339.857s][info][gc,cpu         ] GC(476) User=2.48s Sys=0.02s Real=0.34s
[339.948s][info][gc,start       ] GC(477) Pause Young (Concurrent Start) (G1 Evacuation Pause)
[339.948s][info][gc,task        ] GC(477) Using 8 workers of 8 for evacuation
[339.952s][info][gc             ] GC(477) To-space exhausted
[339.952s][info][gc,phases      ] GC(477)   Pre Evacuate Collection Set: 0.1ms
[339.952s][info][gc,phases      ] GC(477)   Merge Heap Roots: 0.0ms
[339.952s][info][gc,phases      ] GC(477)   Evacuate Collection Set: 1.0ms
[339.952s][info][gc,phases      ] GC(477)   Post Evacuate Collection Set: 2.6ms
[339.952s][info][gc,phases      ] GC(477)   Other: 0.2ms
[339.952s][info][gc,heap        ] GC(477) Eden regions: 20->0(25)
[339.952s][info][gc,heap        ] GC(477) Survivor regions: 0->0(0)
[339.952s][info][gc,heap        ] GC(477) Old regions: 479->499
[339.952s][info][gc,heap        ] GC(477) Archive regions: 2->2
[339.952s][info][gc,heap        ] GC(477) Humongous regions: 11->11
[339.952s][info][gc,metaspace   ] GC(477) Metaspace: 44201K(45520K)->44201K(45520K) NonClass: 38968K(39892K)->38968K(39892K) Class: 5232K(5628K)->5232K(5628K)
[339.952s][info][gc             ] GC(477) Pause Young (Concurrent Start) (G1 Evacuation Pause) 505M->505M(512M) 4.016ms
[339.952s][info][gc,cpu         ] GC(477) User=0.01s Sys=0.00s Real=0.00s
[339.952s][info][gc,ergo        ] Attempting maximally compacting collection
[339.952s][info][gc             ] GC(479) Concurrent Cycle
[339.952s][info][gc,task        ] GC(478) Using 8 workers of 8 for full compaction
[339.952s][info][gc,marking     ] GC(479) Concurrent Clear Claimed Marks
[339.952s][info][gc,start       ] GC(478) Pause Full (G1 Evacuation Pause)
[339.952s][info][gc,marking     ] GC(479) Concurrent Clear Claimed Marks 0.043ms
[339.952s][info][gc,marking     ] GC(479) Concurrent Scan Root Regions
[339.952s][info][gc,marking     ] GC(479) Concurrent Scan Root Regions 0.009ms
[339.952s][info][gc,marking     ] GC(479) Concurrent Mark (339.952s)
[339.952s][info][gc,marking     ] GC(479) Concurrent Mark From Roots
[339.952s][info][gc,task        ] GC(479) Using 2 workers of 2 for marking
[339.953s][info][gc,phases,start] GC(478) Phase 1: Mark live objects
[340.166s][info][gc,phases      ] GC(478) Phase 1: Mark live objects 213.320ms
[340.166s][info][gc,phases,start] GC(478) Phase 2: Prepare for compaction
[340.194s][info][gc,phases      ] GC(478) Phase 2: Prepare for compaction 28.120ms
[340.194s][info][gc,phases,start] GC(478) Phase 3: Adjust pointers
[340.262s][info][gc,phases      ] GC(478) Phase 3: Adjust pointers 67.722ms
[340.262s][info][gc,phases,start] GC(478) Phase 4: Compact heap
[340.286s][info][gc,phases      ] GC(478) Phase 4: Compact heap 24.384ms
[340.291s][info][gc,heap        ] GC(478) Eden regions: 0->0(25)
[340.291s][info][gc,heap        ] GC(478) Survivor regions: 0->0(0)
[340.291s][info][gc,heap        ] GC(478) Old regions: 499->479
[340.291s][info][gc,heap        ] GC(478) Archive regions: 2->2
[340.291s][info][gc,heap        ] GC(478) Humongous regions: 11->11
[340.291s][info][gc,metaspace   ] GC(478) Metaspace: 44201K(45520K)->44107K(45520K) NonClass: 38968K(39892K)->38889K(39892K) Class: 5232K(5628K)->5218K(5628K)
[340.291s][info][gc             ] GC(478) Pause Full (G1 Evacuation Pause) 505M->486M(512M) 338.678ms
[340.292s][info][gc,cpu         ] GC(478) User=2.46s Sys=0.02s Real=0.34s
[340.292s][info][gc,marking     ] GC(479) Concurrent Mark From Roots 339.732ms
[340.292s][info][gc,marking     ] GC(479) Concurrent Mark Abort
[340.292s][info][gc             ] GC(479) Concurrent Cycle 339.886ms
[340.394s][info][gc,start       ] GC(480) Pause Young (Normal) (G1 Evacuation Pause)
[340.394s][info][gc,task        ] GC(480) Using 8 workers of 8 for evacuation
[340.398s][info][gc             ] GC(480) To-space exhausted
[340.398s][info][gc,phases      ] GC(480)   Pre Evacuate Collection Set: 0.1ms
[340.398s][info][gc,phases      ] GC(480)   Merge Heap Roots: 0.0ms
[340.398s][info][gc,phases      ] GC(480)   Evacuate Collection Set: 0.9ms
[340.398s][info][gc,phases      ] GC(480)   Post Evacuate Collection Set: 3.1ms
[340.398s][info][gc,phases      ] GC(480)   Other: 0.2ms
[340.398s][info][gc,heap        ] GC(480) Eden regions: 20->0(25)
[340.398s][info][gc,heap        ] GC(480) Survivor regions: 0->0(0)
[340.398s][info][gc,heap        ] GC(480) Old regions: 479->499
[340.398s][info][gc,heap        ] GC(480) Archive regions: 2->2
[340.398s][info][gc,heap        ] GC(480) Humongous regions: 11->11
[340.398s][info][gc,metaspace   ] GC(480) Metaspace: 44230K(45520K)->44230K(45520K) NonClass: 38994K(39892K)->38994K(39892K) Class: 5236K(5628K)->5236K(5628K)
[340.398s][info][gc             ] GC(480) Pause Young (Normal) (G1 Evacuation Pause) 506M->506M(512M) 4.265ms
[340.399s][info][gc,cpu         ] GC(480) User=0.02s Sys=0.00s Real=0.01s
[340.399s][info][gc,ergo        ] Attempting maximally compacting collection
[340.399s][info][gc,task        ] GC(481) Using 8 workers of 8 for full compaction
[340.399s][info][gc,start       ] GC(481) Pause Full (G1 Evacuation Pause)
[340.399s][info][gc,phases,start] GC(481) Phase 1: Mark live objects
[340.612s][info][gc,phases      ] GC(481) Phase 1: Mark live objects 213.535ms
[340.612s][info][gc,phases,start] GC(481) Phase 2: Prepare for compaction
[340.640s][info][gc,phases      ] GC(481) Phase 2: Prepare for compaction 27.624ms
[340.640s][info][gc,phases,start] GC(481) Phase 3: Adjust pointers
[340.706s][info][gc,phases      ] GC(481) Phase 3: Adjust pointers 66.278ms
[340.706s][info][gc,phases,start] GC(481) Phase 4: Compact heap
[340.731s][info][gc,phases      ] GC(481) Phase 4: Compact heap 24.994ms
[340.735s][info][gc,heap        ] GC(481) Eden regions: 0->0(25)
[340.735s][info][gc,heap        ] GC(481) Survivor regions: 0->0(0)
[340.735s][info][gc,heap        ] GC(481) Old regions: 499->480
[340.735s][info][gc,heap        ] GC(481) Archive regions: 2->2
[340.735s][info][gc,heap        ] GC(481) Humongous regions: 11->11
[340.735s][info][gc,metaspace   ] GC(481) Metaspace: 44230K(45520K)->44135K(45520K) NonClass: 38994K(39892K)->38912K(39892K) Class: 5236K(5628K)->5222K(5628K)
[340.735s][info][gc             ] GC(481) Pause Full (G1 Evacuation Pause) 506M->486M(512M) 336.888ms
[340.736s][info][gc,cpu         ] GC(481) User=2.46s Sys=0.01s Real=0.34s
[340.825s][info][gc,start       ] GC(482) Pause Young (Concurrent Start) (G1 Evacuation Pause)
[340.825s][info][gc,task        ] GC(482) Using 8 workers of 8 for evacuation
[340.829s][info][gc             ] GC(482) To-space exhausted
[340.829s][info][gc,phases      ] GC(482)   Pre Evacuate Collection Set: 0.1ms
[340.829s][info][gc,phases      ] GC(482)   Merge Heap Roots: 0.1ms
[340.829s][info][gc,phases      ] GC(482)   Evacuate Collection Set: 0.8ms
[340.829s][info][gc,phases      ] GC(482)   Post Evacuate Collection Set: 2.8ms
[340.829s][info][gc,phases      ] GC(482)   Other: 0.2ms
[340.829s][info][gc,heap        ] GC(482) Eden regions: 19->0(25)
[340.829s][info][gc,heap        ] GC(482) Survivor regions: 0->0(0)
[340.829s][info][gc,heap        ] GC(482) Old regions: 480->499
[340.829s][info][gc,heap        ] GC(482) Archive regions: 2->2
[340.829s][info][gc,heap        ] GC(482) Humongous regions: 11->11
[340.829s][info][gc,metaspace   ] GC(482) Metaspace: 44203K(45520K)->44203K(45520K) NonClass: 38970K(39892K)->38970K(39892K) Class: 5232K(5628K)->5232K(5628K)
[340.829s][info][gc             ] GC(482) Pause Young (Concurrent Start) (G1 Evacuation Pause) 505M->505M(512M) 4.016ms
[340.829s][info][gc,cpu         ] GC(482) User=0.02s Sys=0.00s Real=0.00s
[340.829s][info][gc,ergo        ] Attempting maximally compacting collection
[340.829s][info][gc,task        ] GC(483) Using 8 workers of 8 for full compaction
[340.829s][info][gc,start       ] GC(483) Pause Full (G1 Evacuation Pause)
[340.829s][info][gc             ] GC(484) Concurrent Cycle
[340.829s][info][gc,marking     ] GC(484) Concurrent Clear Claimed Marks
[340.829s][info][gc,marking     ] GC(484) Concurrent Clear Claimed Marks 0.112ms
[340.829s][info][gc,marking     ] GC(484) Concurrent Scan Root Regions
[340.829s][info][gc,marking     ] GC(484) Concurrent Scan Root Regions 0.032ms
[340.829s][info][gc,marking     ] GC(484) Concurrent Mark (340.829s)
[340.829s][info][gc,marking     ] GC(484) Concurrent Mark From Roots
[340.829s][info][gc,task        ] GC(484) Using 2 workers of 2 for marking
[340.830s][info][gc,phases,start] GC(483) Phase 1: Mark live objects
[341.055s][info][gc,phases      ] GC(483) Phase 1: Mark live objects 224.955ms
[341.055s][info][gc,phases,start] GC(483) Phase 2: Prepare for compaction
[341.086s][info][gc,phases      ] GC(483) Phase 2: Prepare for compaction 31.059ms
[341.086s][info][gc,phases,start] GC(483) Phase 3: Adjust pointers
[341.159s][info][gc,phases      ] GC(483) Phase 3: Adjust pointers 73.329ms
[341.159s][info][gc,phases,start] GC(483) Phase 4: Compact heap
[341.188s][info][gc,phases      ] GC(483) Phase 4: Compact heap 28.925ms
[341.192s][info][gc,heap        ] GC(483) Eden regions: 0->0(25)
[341.192s][info][gc,heap        ] GC(483) Survivor regions: 0->0(0)
[341.192s][info][gc,heap        ] GC(483) Old regions: 499->480
[341.192s][info][gc,heap        ] GC(483) Archive regions: 2->2
[341.192s][info][gc,heap        ] GC(483) Humongous regions: 11->11
[341.192s][info][gc,metaspace   ] GC(483) Metaspace: 44203K(45520K)->44109K(45520K) NonClass: 38970K(39892K)->38890K(39892K) Class: 5232K(5628K)->5218K(5628K)
[341.192s][info][gc             ] GC(483) Pause Full (G1 Evacuation Pause) 505M->487M(512M) 363.302ms
[341.193s][info][gc,cpu         ] GC(483) User=2.50s Sys=0.03s Real=0.36s
[341.193s][info][gc,marking     ] GC(484) Concurrent Mark From Roots 364.081ms
[341.193s][info][gc,marking     ] GC(484) Concurrent Mark Abort
[341.193s][info][gc             ] GC(484) Concurrent Cycle 364.352ms
[341.302s][info][gc,start       ] GC(485) Pause Young (Normal) (G1 Evacuation Pause)
[341.302s][info][gc,task        ] GC(485) Using 8 workers of 8 for evacuation
[341.305s][info][gc             ] GC(485) To-space exhausted
[341.305s][info][gc,phases      ] GC(485)   Pre Evacuate Collection Set: 0.1ms
[341.305s][info][gc,phases      ] GC(485)   Merge Heap Roots: 0.0ms
[341.305s][info][gc,phases      ] GC(485)   Evacuate Collection Set: 0.6ms
[341.305s][info][gc,phases      ] GC(485)   Post Evacuate Collection Set: 2.0ms
[341.305s][info][gc,phases      ] GC(485)   Other: 0.2ms
[341.305s][info][gc,heap        ] GC(485) Eden regions: 19->0(25)
[341.305s][info][gc,heap        ] GC(485) Survivor regions: 0->0(0)
[341.305s][info][gc,heap        ] GC(485) Old regions: 480->499
[341.305s][info][gc,heap        ] GC(485) Archive regions: 2->2
[341.305s][info][gc,heap        ] GC(485) Humongous regions: 11->11
[341.305s][info][gc,metaspace   ] GC(485) Metaspace: 44225K(45520K)->44225K(45520K) NonClass: 38989K(39892K)->38989K(39892K) Class: 5235K(5628K)->5235K(5628K)
[341.305s][info][gc             ] GC(485) Pause Young (Normal) (G1 Evacuation Pause) 506M->506M(512M) 3.000ms
[341.305s][info][gc,cpu         ] GC(485) User=0.02s Sys=0.00s Real=0.01s
[341.305s][info][gc,ergo        ] Attempting maximally compacting collection
[341.305s][info][gc,task        ] GC(486) Using 8 workers of 8 for full compaction
[341.305s][info][gc,start       ] GC(486) Pause Full (G1 Evacuation Pause)
[341.305s][info][gc,phases,start] GC(486) Phase 1: Mark live objects
[341.515s][info][gc,phases      ] GC(486) Phase 1: Mark live objects 210.178ms
[341.515s][info][gc,phases,start] GC(486) Phase 2: Prepare for compaction
[341.544s][info][gc,phases      ] GC(486) Phase 2: Prepare for compaction 29.200ms
[341.544s][info][gc,phases,start] GC(486) Phase 3: Adjust pointers
[341.613s][info][gc,phases      ] GC(486) Phase 3: Adjust pointers 68.567ms
[341.613s][info][gc,phases,start] GC(486) Phase 4: Compact heap
[341.640s][info][gc,phases      ] GC(486) Phase 4: Compact heap 26.731ms
[341.644s][info][gc,heap        ] GC(486) Eden regions: 0->0(25)
[341.644s][info][gc,heap        ] GC(486) Survivor regions: 0->0(0)
[341.644s][info][gc,heap        ] GC(486) Old regions: 499->481
[341.644s][info][gc,heap        ] GC(486) Archive regions: 2->2
[341.644s][info][gc,heap        ] GC(486) Humongous regions: 11->11
[341.644s][info][gc,metaspace   ] GC(486) Metaspace: 44225K(45520K)->44174K(45520K) NonClass: 38989K(39892K)->38946K(39892K) Class: 5235K(5628K)->5228K(5628K)
[341.644s][info][gc             ] GC(486) Pause Full (G1 Evacuation Pause) 506M->487M(512M) 339.305ms
[341.645s][info][gc,cpu         ] GC(486) User=2.48s Sys=0.02s Real=0.34s
[341.744s][info][gc,start       ] GC(487) Pause Young (Concurrent Start) (G1 Evacuation Pause)
[341.744s][info][gc,task        ] GC(487) Using 8 workers of 8 for evacuation
[341.753s][info][gc             ] GC(487) To-space exhausted
[341.753s][info][gc,phases      ] GC(487)   Pre Evacuate Collection Set: 0.2ms
[341.753s][info][gc,phases      ] GC(487)   Merge Heap Roots: 0.1ms
[341.753s][info][gc,phases      ] GC(487)   Evacuate Collection Set: 3.6ms
[341.753s][info][gc,phases      ] GC(487)   Post Evacuate Collection Set: 4.9ms
[341.753s][info][gc,phases      ] GC(487)   Other: 0.5ms
[341.753s][info][gc,heap        ] GC(487) Eden regions: 18->0(25)
[341.753s][info][gc,heap        ] GC(487) Survivor regions: 0->0(0)
[341.753s][info][gc,heap        ] GC(487) Old regions: 481->499
[341.753s][info][gc,heap        ] GC(487) Archive regions: 2->2
[341.753s][info][gc,heap        ] GC(487) Humongous regions: 11->11
[341.753s][info][gc,metaspace   ] GC(487) Metaspace: 44215K(45520K)->44215K(45520K) NonClass: 38982K(39892K)->38982K(39892K) Class: 5232K(5628K)->5232K(5628K)
[341.753s][info][gc             ] GC(487) Pause Young (Concurrent Start) (G1 Evacuation Pause) 505M->505M(512M) 9.413ms
[341.753s][info][gc,cpu         ] GC(487) User=0.02s Sys=0.00s Real=0.01s
[341.753s][info][gc,ergo        ] Attempting maximally compacting collection
[341.753s][info][gc             ] GC(488) Concurrent Cycle
[341.753s][info][gc,marking     ] GC(488) Concurrent Clear Claimed Marks
[341.753s][info][gc,task        ] GC(489) Using 8 workers of 8 for full compaction
[341.753s][info][gc,start       ] GC(489) Pause Full (G1 Evacuation Pause)
[341.753s][info][gc,marking     ] GC(488) Concurrent Clear Claimed Marks 0.082ms
[341.753s][info][gc,marking     ] GC(488) Concurrent Scan Root Regions
[341.753s][info][gc,marking     ] GC(488) Concurrent Scan Root Regions 0.010ms
[341.754s][info][gc,marking     ] GC(488) Concurrent Mark (341.754s)
[341.754s][info][gc,marking     ] GC(488) Concurrent Mark From Roots
[341.754s][info][gc,task        ] GC(488) Using 2 workers of 2 for marking
[341.755s][info][gc,phases,start] GC(489) Phase 1: Mark live objects
[342.025s][info][gc,phases      ] GC(489) Phase 1: Mark live objects 269.893ms
[342.025s][info][gc,phases,start] GC(489) Phase 2: Prepare for compaction
[342.056s][info][gc,phases      ] GC(489) Phase 2: Prepare for compaction 31.186ms
[342.056s][info][gc,phases,start] GC(489) Phase 3: Adjust pointers
[342.150s][info][gc,phases      ] GC(489) Phase 3: Adjust pointers 93.854ms
[342.150s][info][gc,phases,start] GC(489) Phase 4: Compact heap
[342.196s][info][gc,phases      ] GC(489) Phase 4: Compact heap 46.446ms
[342.202s][info][gc,heap        ] GC(489) Eden regions: 0->0(25)
[342.202s][info][gc,heap        ] GC(489) Survivor regions: 0->0(0)
[342.202s][info][gc,heap        ] GC(489) Old regions: 499->479
[342.202s][info][gc,heap        ] GC(489) Archive regions: 2->2
[342.202s][info][gc,heap        ] GC(489) Humongous regions: 11->11
[342.202s][info][gc,metaspace   ] GC(489) Metaspace: 44215K(45520K)->44121K(45520K) NonClass: 38982K(39892K)->38902K(39892K) Class: 5232K(5628K)->5218K(5628K)
[342.202s][info][gc             ] GC(489) Pause Full (G1 Evacuation Pause) 505M->489M(512M) 448.330ms
[342.203s][info][gc,cpu         ] GC(489) User=2.49s Sys=0.03s Real=0.45s
[342.203s][info][gc,marking     ] GC(488) Concurrent Mark From Roots 449.451ms
[342.203s][info][gc,marking     ] GC(488) Concurrent Mark Abort
[342.203s][info][gc             ] GC(488) Concurrent Cycle 449.636ms
[342.310s][info][gc,start       ] GC(490) Pause Young (Normal) (G1 Evacuation Pause)
[342.310s][info][gc,task        ] GC(490) Using 8 workers of 8 for evacuation
[342.314s][info][gc             ] GC(490) To-space exhausted
[342.314s][info][gc,phases      ] GC(490)   Pre Evacuate Collection Set: 0.1ms
[342.314s][info][gc,phases      ] GC(490)   Merge Heap Roots: 0.0ms
[342.314s][info][gc,phases      ] GC(490)   Evacuate Collection Set: 0.9ms
[342.314s][info][gc,phases      ] GC(490)   Post Evacuate Collection Set: 2.8ms
[342.314s][info][gc,phases      ] GC(490)   Other: 0.2ms
[342.314s][info][gc,heap        ] GC(490) Eden regions: 20->0(25)
[342.314s][info][gc,heap        ] GC(490) Survivor regions: 0->0(0)
[342.314s][info][gc,heap        ] GC(490) Old regions: 479->499
[342.314s][info][gc,heap        ] GC(490) Archive regions: 2->2
[342.314s][info][gc,heap        ] GC(490) Humongous regions: 11->11
[342.314s][info][gc,metaspace   ] GC(490) Metaspace: 44236K(45520K)->44236K(45520K) NonClass: 39000K(39892K)->39000K(39892K) Class: 5235K(5628K)->5235K(5628K)
[342.314s][info][gc             ] GC(490) Pause Young (Normal) (G1 Evacuation Pause) 509M->509M(512M) 4.131ms
[342.314s][info][gc,cpu         ] GC(490) User=0.02s Sys=0.00s Real=0.00s
[342.314s][info][gc,ergo        ] Attempting maximally compacting collection
[342.314s][info][gc,task        ] GC(491) Using 8 workers of 8 for full compaction
[342.314s][info][gc,start       ] GC(491) Pause Full (G1 Evacuation Pause)
[342.314s][info][gc,phases,start] GC(491) Phase 1: Mark live objects
[342.559s][info][gc,phases      ] GC(491) Phase 1: Mark live objects 245.248ms
[342.559s][info][gc,phases,start] GC(491) Phase 2: Prepare for compaction
[342.589s][info][gc,phases      ] GC(491) Phase 2: Prepare for compaction 29.119ms
[342.589s][info][gc,phases,start] GC(491) Phase 3: Adjust pointers
[342.654s][info][gc,phases      ] GC(491) Phase 3: Adjust pointers 65.820ms
[342.655s][info][gc,phases,start] GC(491) Phase 4: Compact heap
[342.681s][info][gc,phases      ] GC(491) Phase 4: Compact heap 26.959ms
[342.686s][info][gc,heap        ] GC(491) Eden regions: 0->0(25)
[342.686s][info][gc,heap        ] GC(491) Survivor regions: 0->0(0)
[342.686s][info][gc,heap        ] GC(491) Old regions: 499->482
[342.686s][info][gc,heap        ] GC(491) Archive regions: 2->2
[342.686s][info][gc,heap        ] GC(491) Humongous regions: 11->11
[342.686s][info][gc,metaspace   ] GC(491) Metaspace: 44236K(45520K)->44169K(45520K) NonClass: 39000K(39892K)->38943K(39892K) Class: 5235K(5628K)->5225K(5628K)
[342.686s][info][gc             ] GC(491) Pause Full (G1 Evacuation Pause) 509M->490M(512M) 371.894ms
[342.687s][info][gc,cpu         ] GC(491) User=2.53s Sys=0.02s Real=0.38s
[342.773s][info][gc,start       ] GC(492) Pause Young (Concurrent Start) (G1 Evacuation Pause)
[342.773s][info][gc,task        ] GC(492) Using 8 workers of 8 for evacuation
[342.776s][info][gc             ] GC(492) To-space exhausted
[342.776s][info][gc,phases      ] GC(492)   Pre Evacuate Collection Set: 0.1ms
[342.776s][info][gc,phases      ] GC(492)   Merge Heap Roots: 0.0ms
[342.776s][info][gc,phases      ] GC(492)   Evacuate Collection Set: 0.7ms
[342.776s][info][gc,phases      ] GC(492)   Post Evacuate Collection Set: 2.0ms
[342.776s][info][gc,phases      ] GC(492)   Other: 0.2ms
[342.776s][info][gc,heap        ] GC(492) Eden regions: 17->0(25)
[342.776s][info][gc,heap        ] GC(492) Survivor regions: 0->0(0)
[342.776s][info][gc,heap        ] GC(492) Old regions: 482->499
[342.776s][info][gc,heap        ] GC(492) Archive regions: 2->2
[342.776s][info][gc,heap        ] GC(492) Humongous regions: 11->11
[342.776s][info][gc,metaspace   ] GC(492) Metaspace: 44219K(45520K)->44219K(45520K) NonClass: 38986K(39892K)->38986K(39892K) Class: 5232K(5628K)->5232K(5628K)
[342.776s][info][gc             ] GC(492) Pause Young (Concurrent Start) (G1 Evacuation Pause) 507M->507M(512M) 3.191ms
[342.776s][info][gc,cpu         ] GC(492) User=0.02s Sys=0.00s Real=0.01s
[342.776s][info][gc,ergo        ] Attempting maximally compacting collection
[342.776s][info][gc             ] GC(493) Concurrent Cycle
[342.776s][info][gc,marking     ] GC(493) Concurrent Clear Claimed Marks
[342.776s][info][gc,task        ] GC(494) Using 8 workers of 8 for full compaction
[342.776s][info][gc,marking     ] GC(493) Concurrent Clear Claimed Marks 0.029ms
[342.776s][info][gc,start       ] GC(494) Pause Full (G1 Evacuation Pause)
[342.776s][info][gc,marking     ] GC(493) Concurrent Scan Root Regions
[342.776s][info][gc,marking     ] GC(493) Concurrent Scan Root Regions 0.062ms
[342.776s][info][gc,marking     ] GC(493) Concurrent Mark (342.776s)
[342.776s][info][gc,marking     ] GC(493) Concurrent Mark From Roots
[342.776s][info][gc,task        ] GC(493) Using 2 workers of 2 for marking
[342.777s][info][gc,phases,start] GC(494) Phase 1: Mark live objects
[342.997s][info][gc,phases      ] GC(494) Phase 1: Mark live objects 220.372ms
[342.997s][info][gc,phases,start] GC(494) Phase 2: Prepare for compaction
[343.026s][info][gc,phases      ] GC(494) Phase 2: Prepare for compaction 29.250ms
[343.026s][info][gc,phases,start] GC(494) Phase 3: Adjust pointers
[343.097s][info][gc,phases      ] GC(494) Phase 3: Adjust pointers 70.130ms
[343.097s][info][gc,phases,start] GC(494) Phase 4: Compact heap
[343.122s][info][gc,phases      ] GC(494) Phase 4: Compact heap 25.336ms
[343.127s][info][gc,heap        ] GC(494) Eden regions: 0->0(25)
[343.127s][info][gc,heap        ] GC(494) Survivor regions: 0->0(0)
[343.127s][info][gc,heap        ] GC(494) Old regions: 499->484
[343.127s][info][gc,heap        ] GC(494) Archive regions: 2->2
[343.127s][info][gc,heap        ] GC(494) Humongous regions: 11->11
[343.127s][info][gc,metaspace   ] GC(494) Metaspace: 44219K(45520K)->44122K(45520K) NonClass: 38986K(39892K)->38903K(39892K) Class: 5232K(5628K)->5218K(5628K)
[343.127s][info][gc             ] GC(494) Pause Full (G1 Evacuation Pause) 507M->490M(512M) 350.523ms
[343.128s][info][gc,cpu         ] GC(494) User=2.52s Sys=0.02s Real=0.35s
[343.128s][info][gc,marking     ] GC(493) Concurrent Mark From Roots 351.600ms
[343.128s][info][gc,marking     ] GC(493) Concurrent Mark Abort
[343.128s][info][gc             ] GC(493) Concurrent Cycle 351.847ms
[343.218s][info][gc,start       ] GC(495) Pause Young (Normal) (G1 Evacuation Pause)
[343.218s][info][gc,task        ] GC(495) Using 8 workers of 8 for evacuation
[343.221s][info][gc             ] GC(495) To-space exhausted
[343.221s][info][gc,phases      ] GC(495)   Pre Evacuate Collection Set: 0.1ms
[343.221s][info][gc,phases      ] GC(495)   Merge Heap Roots: 0.0ms
[343.221s][info][gc,phases      ] GC(495)   Evacuate Collection Set: 0.6ms
[343.221s][info][gc,phases      ] GC(495)   Post Evacuate Collection Set: 1.5ms
[343.221s][info][gc,phases      ] GC(495)   Other: 0.2ms
[343.221s][info][gc,heap        ] GC(495) Eden regions: 15->0(25)
[343.221s][info][gc,heap        ] GC(495) Survivor regions: 0->0(0)
[343.221s][info][gc,heap        ] GC(495) Old regions: 484->499
[343.221s][info][gc,heap        ] GC(495) Archive regions: 2->2
[343.221s][info][gc,heap        ] GC(495) Humongous regions: 11->11
[343.221s][info][gc,metaspace   ] GC(495) Metaspace: 44252K(45520K)->44252K(45520K) NonClass: 39016K(39892K)->39016K(39892K) Class: 5235K(5628K)->5235K(5628K)
[343.221s][info][gc             ] GC(495) Pause Young (Normal) (G1 Evacuation Pause) 505M->505M(512M) 2.479ms
[343.221s][info][gc,cpu         ] GC(495) User=0.01s Sys=0.00s Real=0.00s
[343.221s][info][gc,ergo        ] Attempting maximally compacting collection
[343.221s][info][gc,task        ] GC(496) Using 8 workers of 8 for full compaction
[343.221s][info][gc,start       ] GC(496) Pause Full (G1 Evacuation Pause)
[343.221s][info][gc,phases,start] GC(496) Phase 1: Mark live objects
[343.436s][info][gc,phases      ] GC(496) Phase 1: Mark live objects 215.217ms
[343.436s][info][gc,phases,start] GC(496) Phase 2: Prepare for compaction
[343.465s][info][gc,phases      ] GC(496) Phase 2: Prepare for compaction 29.065ms
[343.465s][info][gc,phases,start] GC(496) Phase 3: Adjust pointers
[343.543s][info][gc,phases      ] GC(496) Phase 3: Adjust pointers 77.553ms
[343.543s][info][gc,phases,start] GC(496) Phase 4: Compact heap
[343.573s][info][gc,phases      ] GC(496) Phase 4: Compact heap 29.927ms
[343.577s][info][gc,heap        ] GC(496) Eden regions: 0->0(25)
[343.577s][info][gc,heap        ] GC(496) Survivor regions: 0->0(0)
[343.577s][info][gc,heap        ] GC(496) Old regions: 499->483
[343.577s][info][gc,heap        ] GC(496) Archive regions: 2->2
[343.577s][info][gc,heap        ] GC(496) Humongous regions: 11->11
[343.577s][info][gc,metaspace   ] GC(496) Metaspace: 44252K(45520K)->44200K(45520K) NonClass: 39016K(39892K)->38972K(39892K) Class: 5235K(5628K)->5228K(5628K)
[343.577s][info][gc             ] GC(496) Pause Full (G1 Evacuation Pause) 505M->490M(512M) 356.649ms
[343.579s][info][gc,cpu         ] GC(496) User=2.51s Sys=0.02s Real=0.36s
[343.629s][info][gc,start       ] GC(497) Pause Young (Concurrent Start) (G1 Evacuation Pause)
[343.629s][info][gc,task        ] GC(497) Using 8 workers of 8 for evacuation
[343.631s][info][gc             ] GC(497) To-space exhausted
[343.631s][info][gc,phases      ] GC(497)   Pre Evacuate Collection Set: 0.1ms
[343.631s][info][gc,phases      ] GC(497)   Merge Heap Roots: 0.0ms
[343.631s][info][gc,phases      ] GC(497)   Evacuate Collection Set: 0.6ms
[343.631s][info][gc,phases      ] GC(497)   Post Evacuate Collection Set: 1.6ms
[343.631s][info][gc,phases      ] GC(497)   Other: 0.2ms
[343.631s][info][gc,heap        ] GC(497) Eden regions: 16->0(25)
[343.631s][info][gc,heap        ] GC(497) Survivor regions: 0->0(0)
[343.631s][info][gc,heap        ] GC(497) Old regions: 483->499
[343.631s][info][gc,heap        ] GC(497) Archive regions: 2->2
[343.631s][info][gc,heap        ] GC(497) Humongous regions: 11->11
[343.631s][info][gc,metaspace   ] GC(497) Metaspace: 44237K(45520K)->44237K(45520K) NonClass: 39004K(39892K)->39004K(39892K) Class: 5232K(5628K)->5232K(5628K)
[343.631s][info][gc             ] GC(497) Pause Young (Concurrent Start) (G1 Evacuation Pause) 506M->506M(512M) 2.601ms
[343.631s][info][gc,cpu         ] GC(497) User=0.02s Sys=0.00s Real=0.00s
[343.631s][info][gc,ergo        ] Attempting maximally compacting collection
[343.631s][info][gc             ] GC(498) Concurrent Cycle
[343.631s][info][gc,task        ] GC(499) Using 8 workers of 8 for full compaction
[343.631s][info][gc,marking     ] GC(498) Concurrent Clear Claimed Marks
[343.631s][info][gc,start       ] GC(499) Pause Full (G1 Evacuation Pause)
[343.631s][info][gc,marking     ] GC(498) Concurrent Clear Claimed Marks 0.054ms
[343.631s][info][gc,marking     ] GC(498) Concurrent Scan Root Regions
[343.631s][info][gc,marking     ] GC(498) Concurrent Scan Root Regions 0.025ms
[343.632s][info][gc,marking     ] GC(498) Concurrent Mark (343.632s)
[343.632s][info][gc,marking     ] GC(498) Concurrent Mark From Roots
[343.632s][info][gc,task        ] GC(498) Using 2 workers of 2 for marking
[343.632s][info][gc,phases,start] GC(499) Phase 1: Mark live objects
[343.847s][info][gc,phases      ] GC(499) Phase 1: Mark live objects 214.490ms
[343.847s][info][gc,phases,start] GC(499) Phase 2: Prepare for compaction
[343.875s][info][gc,phases      ] GC(499) Phase 2: Prepare for compaction 28.864ms
[343.875s][info][gc,phases,start] GC(499) Phase 3: Adjust pointers
[343.944s][info][gc,phases      ] GC(499) Phase 3: Adjust pointers 68.254ms
[343.944s][info][gc,phases,start] GC(499) Phase 4: Compact heap
[343.970s][info][gc,phases      ] GC(499) Phase 4: Compact heap 26.095ms
[343.974s][info][gc,heap        ] GC(499) Eden regions: 0->0(25)
[343.974s][info][gc,heap        ] GC(499) Survivor regions: 0->0(0)
[343.974s][info][gc,heap        ] GC(499) Old regions: 499->484
[343.974s][info][gc,heap        ] GC(499) Archive regions: 2->2
[343.974s][info][gc,heap        ] GC(499) Humongous regions: 11->11
[343.974s][info][gc,metaspace   ] GC(499) Metaspace: 44237K(45520K)->44143K(45520K) NonClass: 39004K(39892K)->38924K(39892K) Class: 5232K(5628K)->5218K(5628K)
[343.974s][info][gc             ] GC(499) Pause Full (G1 Evacuation Pause) 506M->491M(512M) 343.070ms
[343.976s][info][gc,cpu         ] GC(499) User=2.51s Sys=0.01s Real=0.35s
[343.976s][info][gc,marking     ] GC(498) Concurrent Mark From Roots 344.184ms
[343.976s][info][gc,marking     ] GC(498) Concurrent Mark Abort
[343.976s][info][gc             ] GC(498) Concurrent Cycle 344.431ms
[344.055s][info][gc,start       ] GC(500) Pause Young (Normal) (G1 Evacuation Pause)
[344.055s][info][gc,task        ] GC(500) Using 8 workers of 8 for evacuation
[344.059s][info][gc             ] GC(500) To-space exhausted
[344.059s][info][gc,phases      ] GC(500)   Pre Evacuate Collection Set: 0.4ms
[344.059s][info][gc,phases      ] GC(500)   Merge Heap Roots: 0.2ms
[344.059s][info][gc,phases      ] GC(500)   Evacuate Collection Set: 0.7ms
[344.059s][info][gc,phases      ] GC(500)   Post Evacuate Collection Set: 2.1ms
[344.059s][info][gc,phases      ] GC(500)   Other: 0.2ms
[344.059s][info][gc,heap        ] GC(500) Eden regions: 15->0(25)
[344.059s][info][gc,heap        ] GC(500) Survivor regions: 0->0(0)
[344.059s][info][gc,heap        ] GC(500) Old regions: 484->499
[344.059s][info][gc,heap        ] GC(500) Archive regions: 2->2
[344.059s][info][gc,heap        ] GC(500) Humongous regions: 11->11
[344.059s][info][gc,metaspace   ] GC(500) Metaspace: 44257K(45520K)->44257K(45520K) NonClass: 39021K(39892K)->39021K(39892K) Class: 5235K(5628K)->5235K(5628K)
[344.059s][info][gc             ] GC(500) Pause Young (Normal) (G1 Evacuation Pause) 506M->506M(512M) 3.691ms
[344.059s][info][gc,cpu         ] GC(500) User=0.02s Sys=0.00s Real=0.00s
[344.059s][info][gc,ergo        ] Attempting maximally compacting collection
[344.059s][info][gc,task        ] GC(501) Using 8 workers of 8 for full compaction
[344.059s][info][gc,start       ] GC(501) Pause Full (G1 Evacuation Pause)
[344.059s][info][gc,phases,start] GC(501) Phase 1: Mark live objects
[344.269s][info][gc,phases      ] GC(501) Phase 1: Mark live objects 210.271ms
[344.269s][info][gc,phases,start] GC(501) Phase 2: Prepare for compaction
[344.298s][info][gc,phases      ] GC(501) Phase 2: Prepare for compaction 28.484ms
[344.298s][info][gc,phases,start] GC(501) Phase 3: Adjust pointers
[344.362s][info][gc,phases      ] GC(501) Phase 3: Adjust pointers 64.787ms
[344.363s][info][gc,phases,start] GC(501) Phase 4: Compact heap
[344.388s][info][gc,phases      ] GC(501) Phase 4: Compact heap 25.473ms
[344.392s][info][gc,heap        ] GC(501) Eden regions: 0->0(25)
[344.392s][info][gc,heap        ] GC(501) Survivor regions: 0->0(0)
[344.392s][info][gc,heap        ] GC(501) Old regions: 499->486
[344.392s][info][gc,heap        ] GC(501) Archive regions: 2->2
[344.392s][info][gc,heap        ] GC(501) Humongous regions: 11->11
[344.392s][info][gc,metaspace   ] GC(501) Metaspace: 44257K(45520K)->44206K(45520K) NonClass: 39021K(39892K)->38978K(39892K) Class: 5235K(5628K)->5228K(5628K)
[344.392s][info][gc             ] GC(501) Pause Full (G1 Evacuation Pause) 506M->491M(512M) 333.665ms
[344.393s][info][gc,cpu         ] GC(501) User=2.49s Sys=0.02s Real=0.33s
[344.438s][info][gc,start       ] GC(502) Pause Young (Concurrent Start) (G1 Evacuation Pause)
[344.438s][info][gc,task        ] GC(502) Using 8 workers of 8 for evacuation
[344.441s][info][gc             ] GC(502) To-space exhausted
[344.441s][info][gc,phases      ] GC(502)   Pre Evacuate Collection Set: 0.1ms
[344.441s][info][gc,phases      ] GC(502)   Merge Heap Roots: 0.0ms
[344.441s][info][gc,phases      ] GC(502)   Evacuate Collection Set: 0.8ms
[344.441s][info][gc,phases      ] GC(502)   Post Evacuate Collection Set: 1.6ms
[344.441s][info][gc,phases      ] GC(502)   Other: 0.2ms
[344.441s][info][gc,heap        ] GC(502) Eden regions: 13->0(25)
[344.441s][info][gc,heap        ] GC(502) Survivor regions: 0->0(0)
[344.441s][info][gc,heap        ] GC(502) Old regions: 486->499
[344.441s][info][gc,heap        ] GC(502) Archive regions: 2->2
[344.441s][info][gc,heap        ] GC(502) Humongous regions: 11->11
[344.441s][info][gc,metaspace   ] GC(502) Metaspace: 44237K(45520K)->44237K(45520K) NonClass: 39004K(39892K)->39004K(39892K) Class: 5232K(5628K)->5232K(5628K)
[344.441s][info][gc             ] GC(502) Pause Young (Concurrent Start) (G1 Evacuation Pause) 504M->504M(512M) 2.909ms
[344.441s][info][gc,cpu         ] GC(502) User=0.01s Sys=0.00s Real=0.00s
[344.441s][info][gc,ergo        ] Attempting maximally compacting collection
[344.441s][info][gc             ] GC(503) Concurrent Cycle
[344.441s][info][gc,task        ] GC(504) Using 8 workers of 8 for full compaction
[344.441s][info][gc,marking     ] GC(503) Concurrent Clear Claimed Marks
[344.441s][info][gc,start       ] GC(504) Pause Full (G1 Evacuation Pause)
[344.441s][info][gc,marking     ] GC(503) Concurrent Clear Claimed Marks 0.060ms
[344.441s][info][gc,marking     ] GC(503) Concurrent Scan Root Regions
[344.441s][info][gc,marking     ] GC(503) Concurrent Scan Root Regions 0.026ms
[344.441s][info][gc,marking     ] GC(503) Concurrent Mark (344.441s)
[344.441s][info][gc,marking     ] GC(503) Concurrent Mark From Roots
[344.441s][info][gc,task        ] GC(503) Using 2 workers of 2 for marking
[344.442s][info][gc,phases,start] GC(504) Phase 1: Mark live objects
[344.653s][info][gc,phases      ] GC(504) Phase 1: Mark live objects 211.245ms
[344.653s][info][gc,phases,start] GC(504) Phase 2: Prepare for compaction
[344.682s][info][gc,phases      ] GC(504) Phase 2: Prepare for compaction 28.575ms
[344.682s][info][gc,phases,start] GC(504) Phase 3: Adjust pointers
[344.747s][info][gc,phases      ] GC(504) Phase 3: Adjust pointers 65.676ms
[344.747s][info][gc,phases,start] GC(504) Phase 4: Compact heap
[344.772s][info][gc,phases      ] GC(504) Phase 4: Compact heap 24.343ms
[344.776s][info][gc,heap        ] GC(504) Eden regions: 0->0(25)
[344.777s][info][gc,heap        ] GC(504) Survivor regions: 0->0(0)
[344.777s][info][gc,heap        ] GC(504) Old regions: 499->485
[344.777s][info][gc,heap        ] GC(504) Archive regions: 2->2
[344.777s][info][gc,heap        ] GC(504) Humongous regions: 11->11
[344.777s][info][gc,metaspace   ] GC(504) Metaspace: 44237K(45520K)->44143K(45520K) NonClass: 39004K(39892K)->38924K(39892K) Class: 5232K(5628K)->5218K(5628K)
[344.777s][info][gc             ] GC(504) Pause Full (G1 Evacuation Pause) 504M->491M(512M) 335.384ms
[344.777s][info][gc,cpu         ] GC(504) User=2.50s Sys=0.02s Real=0.34s
[344.778s][info][gc,marking     ] GC(503) Concurrent Mark From Roots 336.263ms
[344.778s][info][gc,marking     ] GC(503) Concurrent Mark Abort
[344.778s][info][gc             ] GC(503) Concurrent Cycle 336.492ms
[344.819s][info][gc,start       ] GC(505) Pause Young (Normal) (G1 Evacuation Pause)
[344.819s][info][gc,task        ] GC(505) Using 8 workers of 8 for evacuation
[344.822s][info][gc             ] GC(505) To-space exhausted
[344.822s][info][gc,phases      ] GC(505)   Pre Evacuate Collection Set: 0.1ms
[344.822s][info][gc,phases      ] GC(505)   Merge Heap Roots: 0.0ms
[344.822s][info][gc,phases      ] GC(505)   Evacuate Collection Set: 0.5ms
[344.822s][info][gc,phases      ] GC(505)   Post Evacuate Collection Set: 1.5ms
[344.822s][info][gc,phases      ] GC(505)   Other: 0.2ms
[344.822s][info][gc,heap        ] GC(505) Eden regions: 14->0(25)
[344.822s][info][gc,heap        ] GC(505) Survivor regions: 0->0(0)
[344.822s][info][gc,heap        ] GC(505) Old regions: 485->499
[344.822s][info][gc,heap        ] GC(505) Archive regions: 2->2
[344.822s][info][gc,heap        ] GC(505) Humongous regions: 11->11
[344.822s][info][gc,metaspace   ] GC(505) Metaspace: 44244K(45520K)->44244K(45520K) NonClass: 39010K(39892K)->39010K(39892K) Class: 5233K(5628K)->5233K(5628K)
[344.822s][info][gc             ] GC(505) Pause Young (Normal) (G1 Evacuation Pause) 505M->505M(512M) 2.428ms
[344.822s][info][gc,cpu         ] GC(505) User=0.02s Sys=0.00s Real=0.00s
[344.822s][info][gc,ergo        ] Attempting maximally compacting collection
[344.822s][info][gc,task        ] GC(506) Using 8 workers of 8 for full compaction
[344.822s][info][gc,start       ] GC(506) Pause Full (G1 Evacuation Pause)
[344.822s][info][gc,phases,start] GC(506) Phase 1: Mark live objects
[345.041s][info][gc,phases      ] GC(506) Phase 1: Mark live objects 218.982ms
[345.041s][info][gc,phases,start] GC(506) Phase 2: Prepare for compaction
[345.069s][info][gc,phases      ] GC(506) Phase 2: Prepare for compaction 28.532ms
[345.070s][info][gc,phases,start] GC(506) Phase 3: Adjust pointers
[345.136s][info][gc,phases      ] GC(506) Phase 3: Adjust pointers 66.570ms
[345.136s][info][gc,phases,start] GC(506) Phase 4: Compact heap
[345.165s][info][gc,phases      ] GC(506) Phase 4: Compact heap 28.610ms
[345.169s][info][gc,heap        ] GC(506) Eden regions: 0->0(25)
[345.169s][info][gc,heap        ] GC(506) Survivor regions: 0->0(0)
[345.169s][info][gc,heap        ] GC(506) Old regions: 499->487
[345.169s][info][gc,heap        ] GC(506) Archive regions: 2->2
[345.169s][info][gc,heap        ] GC(506) Humongous regions: 11->11
[345.169s][info][gc,metaspace   ] GC(506) Metaspace: 44244K(45520K)->44143K(45520K) NonClass: 39010K(39892K)->38924K(39892K) Class: 5233K(5628K)->5218K(5628K)
[345.169s][info][gc             ] GC(506) Pause Full (G1 Evacuation Pause) 505M->492M(512M) 347.094ms
[345.170s][info][gc,cpu         ] GC(506) User=2.49s Sys=0.02s Real=0.35s
[345.231s][info][gc,start       ] GC(507) Pause Young (Concurrent Start) (G1 Evacuation Pause)
[345.231s][info][gc,task        ] GC(507) Using 8 workers of 8 for evacuation
[345.236s][info][gc             ] GC(507) To-space exhausted
[345.236s][info][gc,phases      ] GC(507)   Pre Evacuate Collection Set: 0.1ms
[345.236s][info][gc,phases      ] GC(507)   Merge Heap Roots: 0.0ms
[345.236s][info][gc,phases      ] GC(507)   Evacuate Collection Set: 1.3ms
[345.236s][info][gc,phases      ] GC(507)   Post Evacuate Collection Set: 3.2ms
[345.236s][info][gc,phases      ] GC(507)   Other: 0.3ms
[345.236s][info][gc,heap        ] GC(507) Eden regions: 12->0(25)
[345.236s][info][gc,heap        ] GC(507) Survivor regions: 0->0(0)
[345.236s][info][gc,heap        ] GC(507) Old regions: 487->499
[345.236s][info][gc,heap        ] GC(507) Archive regions: 2->2
[345.236s][info][gc,heap        ] GC(507) Humongous regions: 11->11
[345.236s][info][gc,metaspace   ] GC(507) Metaspace: 44263K(45520K)->44263K(45520K) NonClass: 39027K(39892K)->39027K(39892K) Class: 5236K(5628K)->5236K(5628K)
[345.236s][info][gc             ] GC(507) Pause Young (Concurrent Start) (G1 Evacuation Pause) 504M->504M(512M) 5.009ms
[345.236s][info][gc,cpu         ] GC(507) User=0.01s Sys=0.00s Real=0.01s
[345.236s][info][gc,ergo        ] Attempting maximally compacting collection
[345.236s][info][gc,task        ] GC(508) Using 8 workers of 8 for full compaction
[345.236s][info][gc,start       ] GC(508) Pause Full (G1 Evacuation Pause)
[345.236s][info][gc             ] GC(509) Concurrent Cycle
[345.236s][info][gc,marking     ] GC(509) Concurrent Clear Claimed Marks
[345.236s][info][gc,marking     ] GC(509) Concurrent Clear Claimed Marks 0.076ms
[345.236s][info][gc,marking     ] GC(509) Concurrent Scan Root Regions
[345.236s][info][gc,marking     ] GC(509) Concurrent Scan Root Regions 0.013ms
[345.236s][info][gc,marking     ] GC(509) Concurrent Mark (345.236s)
[345.236s][info][gc,marking     ] GC(509) Concurrent Mark From Roots
[345.236s][info][gc,task        ] GC(509) Using 2 workers of 2 for marking
[345.236s][info][gc,phases,start] GC(508) Phase 1: Mark live objects
[345.459s][info][gc,phases      ] GC(508) Phase 1: Mark live objects 222.162ms
[345.459s][info][gc,phases,start] GC(508) Phase 2: Prepare for compaction
[345.487s][info][gc,phases      ] GC(508) Phase 2: Prepare for compaction 28.098ms
[345.487s][info][gc,phases,start] GC(508) Phase 3: Adjust pointers
[345.552s][info][gc,phases      ] GC(508) Phase 3: Adjust pointers 65.412ms
[345.552s][info][gc,phases,start] GC(508) Phase 4: Compact heap
[345.574s][info][gc,phases      ] GC(508) Phase 4: Compact heap 22.258ms
[345.579s][info][gc,heap        ] GC(508) Eden regions: 0->0(25)
[345.579s][info][gc,heap        ] GC(508) Survivor regions: 0->0(0)
[345.579s][info][gc,heap        ] GC(508) Old regions: 499->486
[345.579s][info][gc,heap        ] GC(508) Archive regions: 2->2
[345.579s][info][gc,heap        ] GC(508) Humongous regions: 11->11
[345.579s][info][gc,metaspace   ] GC(508) Metaspace: 44263K(45520K)->44166K(45520K) NonClass: 39027K(39892K)->38944K(39892K) Class: 5236K(5628K)->5222K(5628K)
[345.579s][info][gc             ] GC(508) Pause Full (G1 Evacuation Pause) 504M->492M(512M) 343.127ms
[345.580s][info][gc,cpu         ] GC(508) User=2.50s Sys=0.02s Real=0.34s
[345.580s][info][gc,marking     ] GC(509) Concurrent Mark From Roots 344.180ms
[345.580s][info][gc,marking     ] GC(509) Concurrent Mark Abort
[345.580s][info][gc             ] GC(509) Concurrent Cycle 344.395ms
[345.638s][info][gc,start       ] GC(510) Pause Young (Normal) (G1 Evacuation Pause)
[345.638s][info][gc,task        ] GC(510) Using 8 workers of 8 for evacuation
[345.640s][info][gc             ] GC(510) To-space exhausted
[345.640s][info][gc,phases      ] GC(510)   Pre Evacuate Collection Set: 0.0ms
[345.640s][info][gc,phases      ] GC(510)   Merge Heap Roots: 0.0ms
[345.640s][info][gc,phases      ] GC(510)   Evacuate Collection Set: 0.5ms
[345.640s][info][gc,phases      ] GC(510)   Post Evacuate Collection Set: 1.5ms
[345.640s][info][gc,phases      ] GC(510)   Other: 0.2ms
[345.640s][info][gc,heap        ] GC(510) Eden regions: 13->0(25)
[345.640s][info][gc,heap        ] GC(510) Survivor regions: 0->0(0)
[345.640s][info][gc,heap        ] GC(510) Old regions: 486->499
[345.640s][info][gc,heap        ] GC(510) Archive regions: 2->2
[345.640s][info][gc,heap        ] GC(510) Humongous regions: 11->11
[345.640s][info][gc,metaspace   ] GC(510) Metaspace: 44237K(45520K)->44237K(45520K) NonClass: 39005K(39892K)->39005K(39892K) Class: 5232K(5628K)->5232K(5628K)
[345.640s][info][gc             ] GC(510) Pause Young (Normal) (G1 Evacuation Pause) 505M->505M(512M) 2.294ms
[345.640s][info][gc,cpu         ] GC(510) User=0.01s Sys=0.00s Real=0.00s
[345.640s][info][gc,ergo        ] Attempting maximally compacting collection
[345.640s][info][gc,task        ] GC(511) Using 8 workers of 8 for full compaction
[345.640s][info][gc,start       ] GC(511) Pause Full (G1 Evacuation Pause)
[345.640s][info][gc,phases,start] GC(511) Phase 1: Mark live objects
[345.853s][info][gc,phases      ] GC(511) Phase 1: Mark live objects 212.939ms
[345.853s][info][gc,phases,start] GC(511) Phase 2: Prepare for compaction
[345.882s][info][gc,phases      ] GC(511) Phase 2: Prepare for compaction 29.015ms
[345.882s][info][gc,phases,start] GC(511) Phase 3: Adjust pointers
[345.951s][info][gc,phases      ] GC(511) Phase 3: Adjust pointers 68.606ms
[345.951s][info][gc,phases,start] GC(511) Phase 4: Compact heap
[345.974s][info][gc,phases      ] GC(511) Phase 4: Compact heap 23.231ms
[345.979s][info][gc,heap        ] GC(511) Eden regions: 0->0(25)
[345.979s][info][gc,heap        ] GC(511) Survivor regions: 0->0(0)
[345.979s][info][gc,heap        ] GC(511) Old regions: 499->487
[345.979s][info][gc,heap        ] GC(511) Archive regions: 2->2
[345.979s][info][gc,heap        ] GC(511) Humongous regions: 11->11
[345.979s][info][gc,metaspace   ] GC(511) Metaspace: 44237K(45520K)->44143K(45520K) NonClass: 39005K(39892K)->38924K(39892K) Class: 5232K(5628K)->5218K(5628K)
[345.979s][info][gc             ] GC(511) Pause Full (G1 Evacuation Pause) 505M->492M(512M) 338.420ms
[345.980s][info][gc,cpu         ] GC(511) User=2.51s Sys=0.02s Real=0.34s
[346.015s][info][gc,start       ] GC(512) Pause Young (Concurrent Start) (G1 Evacuation Pause)
[346.015s][info][gc,task        ] GC(512) Using 8 workers of 8 for evacuation
[346.018s][info][gc             ] GC(512) To-space exhausted
[346.018s][info][gc,phases      ] GC(512)   Pre Evacuate Collection Set: 0.1ms
[346.018s][info][gc,phases      ] GC(512)   Merge Heap Roots: 0.0ms
[346.018s][info][gc,phases      ] GC(512)   Evacuate Collection Set: 0.7ms
[346.018s][info][gc,phases      ] GC(512)   Post Evacuate Collection Set: 1.8ms
[346.018s][info][gc,phases      ] GC(512)   Other: 0.2ms
[346.018s][info][gc,heap        ] GC(512) Eden regions: 12->0(25)
[346.018s][info][gc,heap        ] GC(512) Survivor regions: 0->0(0)
[346.018s][info][gc,heap        ] GC(512) Old regions: 487->499
[346.018s][info][gc,heap        ] GC(512) Archive regions: 2->2
[346.018s][info][gc,heap        ] GC(512) Humongous regions: 11->11
[346.018s][info][gc,metaspace   ] GC(512) Metaspace: 44255K(45520K)->44255K(45520K) NonClass: 39020K(39892K)->39020K(39892K) Class: 5235K(5628K)->5235K(5628K)
[346.018s][info][gc             ] GC(512) Pause Young (Concurrent Start) (G1 Evacuation Pause) 504M->504M(512M) 3.066ms
[346.018s][info][gc,cpu         ] GC(512) User=0.02s Sys=0.00s Real=0.00s
[346.018s][info][gc,ergo        ] Attempting maximally compacting collection
[346.018s][info][gc             ] GC(513) Concurrent Cycle
[346.018s][info][gc,task        ] GC(514) Using 8 workers of 8 for full compaction
[346.019s][info][gc,marking     ] GC(513) Concurrent Clear Claimed Marks
[346.019s][info][gc,start       ] GC(514) Pause Full (G1 Evacuation Pause)
[346.019s][info][gc,marking     ] GC(513) Concurrent Clear Claimed Marks 0.056ms
[346.019s][info][gc,marking     ] GC(513) Concurrent Scan Root Regions
[346.019s][info][gc,marking     ] GC(513) Concurrent Scan Root Regions 0.027ms
[346.019s][info][gc,marking     ] GC(513) Concurrent Mark (346.019s)
[346.019s][info][gc,marking     ] GC(513) Concurrent Mark From Roots
[346.019s][info][gc,task        ] GC(513) Using 2 workers of 2 for marking
[346.019s][info][gc,phases,start] GC(514) Phase 1: Mark live objects
[346.245s][info][gc,phases      ] GC(514) Phase 1: Mark live objects 225.741ms
[346.245s][info][gc,phases,start] GC(514) Phase 2: Prepare for compaction
[346.273s][info][gc,phases      ] GC(514) Phase 2: Prepare for compaction 27.590ms
[346.273s][info][gc,phases,start] GC(514) Phase 3: Adjust pointers
[346.340s][info][gc,phases      ] GC(514) Phase 3: Adjust pointers 67.754ms
[346.340s][info][gc,phases,start] GC(514) Phase 4: Compact heap
[346.365s][info][gc,phases      ] GC(514) Phase 4: Compact heap 24.699ms
[346.369s][info][gc,heap        ] GC(514) Eden regions: 0->0(25)
[346.369s][info][gc,heap        ] GC(514) Survivor regions: 0->0(0)
[346.369s][info][gc,heap        ] GC(514) Old regions: 499->486
[346.369s][info][gc,heap        ] GC(514) Archive regions: 2->2
[346.369s][info][gc,heap        ] GC(514) Humongous regions: 11->11
[346.369s][info][gc,metaspace   ] GC(514) Metaspace: 44255K(45520K)->44143K(45520K) NonClass: 39020K(39892K)->38924K(39892K) Class: 5235K(5628K)->5218K(5628K)
[346.370s][info][gc             ] GC(514) Pause Full (G1 Evacuation Pause) 504M->492M(512M) 350.969ms
[346.371s][info][gc,cpu         ] GC(514) User=2.50s Sys=0.02s Real=0.35s
[346.371s][info][gc,marking     ] GC(513) Concurrent Mark From Roots 351.994ms
[346.371s][info][gc,marking     ] GC(513) Concurrent Mark Abort
[346.371s][info][gc             ] GC(513) Concurrent Cycle 352.245ms
[346.426s][info][gc,start       ] GC(515) Pause Young (Normal) (G1 Evacuation Pause)
[346.426s][info][gc,task        ] GC(515) Using 8 workers of 8 for evacuation
[346.429s][info][gc             ] GC(515) To-space exhausted
[346.429s][info][gc,phases      ] GC(515)   Pre Evacuate Collection Set: 0.1ms
[346.429s][info][gc,phases      ] GC(515)   Merge Heap Roots: 0.1ms
[346.429s][info][gc,phases      ] GC(515)   Evacuate Collection Set: 0.6ms
[346.429s][info][gc,phases      ] GC(515)   Post Evacuate Collection Set: 1.5ms
[346.429s][info][gc,phases      ] GC(515)   Other: 0.2ms
[346.429s][info][gc,heap        ] GC(515) Eden regions: 13->0(25)
[346.429s][info][gc,heap        ] GC(515) Survivor regions: 0->0(0)
[346.429s][info][gc,heap        ] GC(515) Old regions: 486->499
[346.429s][info][gc,heap        ] GC(515) Archive regions: 2->2
[346.429s][info][gc,heap        ] GC(515) Humongous regions: 11->11
[346.429s][info][gc,metaspace   ] GC(515) Metaspace: 44237K(45520K)->44237K(45520K) NonClass: 39004K(39892K)->39004K(39892K) Class: 5232K(5628K)->5232K(5628K)
[346.429s][info][gc             ] GC(515) Pause Young (Normal) (G1 Evacuation Pause) 505M->505M(512M) 2.481ms
[346.429s][info][gc,cpu         ] GC(515) User=0.01s Sys=0.00s Real=0.00s
[346.429s][info][gc,ergo        ] Attempting maximally compacting collection
[346.429s][info][gc,task        ] GC(516) Using 8 workers of 8 for full compaction
[346.429s][info][gc,start       ] GC(516) Pause Full (G1 Evacuation Pause)
[346.429s][info][gc,phases,start] GC(516) Phase 1: Mark live objects
[346.642s][info][gc,phases      ] GC(516) Phase 1: Mark live objects 212.689ms
[346.642s][info][gc,phases,start] GC(516) Phase 2: Prepare for compaction
[346.669s][info][gc,phases      ] GC(516) Phase 2: Prepare for compaction 27.636ms
[346.669s][info][gc,phases,start] GC(516) Phase 3: Adjust pointers
[346.734s][info][gc,phases      ] GC(516) Phase 3: Adjust pointers 64.683ms
[346.734s][info][gc,phases,start] GC(516) Phase 4: Compact heap
[346.757s][info][gc,phases      ] GC(516) Phase 4: Compact heap 22.622ms
[346.761s][info][gc,heap        ] GC(516) Eden regions: 0->0(25)
[346.761s][info][gc,heap        ] GC(516) Survivor regions: 0->0(0)
[346.761s][info][gc,heap        ] GC(516) Old regions: 499->487
[346.761s][info][gc,heap        ] GC(516) Archive regions: 2->2
[346.761s][info][gc,heap        ] GC(516) Humongous regions: 11->11
[346.761s][info][gc,metaspace   ] GC(516) Metaspace: 44237K(45520K)->44144K(45520K) NonClass: 39004K(39892K)->38925K(39892K) Class: 5232K(5628K)->5218K(5628K)
[346.761s][info][gc             ] GC(516) Pause Full (G1 Evacuation Pause) 505M->493M(512M) 332.317ms
[346.762s][info][gc,cpu         ] GC(516) User=2.50s Sys=0.02s Real=0.33s
[346.825s][info][gc,start       ] GC(517) Pause Young (Concurrent Start) (G1 Evacuation Pause)
[346.825s][info][gc,task        ] GC(517) Using 8 workers of 8 for evacuation
[346.828s][info][gc             ] GC(517) To-space exhausted
[346.828s][info][gc,phases      ] GC(517)   Pre Evacuate Collection Set: 0.1ms
[346.828s][info][gc,phases      ] GC(517)   Merge Heap Roots: 0.0ms
[346.828s][info][gc,phases      ] GC(517)   Evacuate Collection Set: 0.8ms
[346.828s][info][gc,phases      ] GC(517)   Post Evacuate Collection Set: 2.4ms
[346.828s][info][gc,phases      ] GC(517)   Other: 0.2ms
[346.828s][info][gc,heap        ] GC(517) Eden regions: 12->0(25)
[346.828s][info][gc,heap        ] GC(517) Survivor regions: 0->0(0)
[346.828s][info][gc,heap        ] GC(517) Old regions: 487->499
[346.828s][info][gc,heap        ] GC(517) Archive regions: 2->2
[346.828s][info][gc,heap        ] GC(517) Humongous regions: 11->11
[346.829s][info][gc,metaspace   ] GC(517) Metaspace: 44258K(45520K)->44258K(45520K) NonClass: 39022K(39892K)->39022K(39892K) Class: 5235K(5628K)->5235K(5628K)
[346.829s][info][gc             ] GC(517) Pause Young (Concurrent Start) (G1 Evacuation Pause) 505M->505M(512M) 3.625ms
[346.829s][info][gc,cpu         ] GC(517) User=0.01s Sys=0.00s Real=0.00s
[346.829s][info][gc,ergo        ] Attempting maximally compacting collection
[346.829s][info][gc             ] GC(518) Concurrent Cycle
[346.829s][info][gc,task        ] GC(519) Using 8 workers of 8 for full compaction
[346.829s][info][gc,marking     ] GC(518) Concurrent Clear Claimed Marks
[346.829s][info][gc,start       ] GC(519) Pause Full (G1 Evacuation Pause)
[346.829s][info][gc,marking     ] GC(518) Concurrent Clear Claimed Marks 0.065ms
[346.829s][info][gc,marking     ] GC(518) Concurrent Scan Root Regions
[346.829s][info][gc,marking     ] GC(518) Concurrent Scan Root Regions 0.014ms
[346.829s][info][gc,marking     ] GC(518) Concurrent Mark (346.829s)
[346.829s][info][gc,marking     ] GC(518) Concurrent Mark From Roots
[346.829s][info][gc,task        ] GC(518) Using 2 workers of 2 for marking
[346.829s][info][gc,phases,start] GC(519) Phase 1: Mark live objects
[347.052s][info][gc,phases      ] GC(519) Phase 1: Mark live objects 222.175ms
[347.052s][info][gc,phases,start] GC(519) Phase 2: Prepare for compaction
[347.086s][info][gc,phases      ] GC(519) Phase 2: Prepare for compaction 34.592ms
[347.086s][info][gc,phases,start] GC(519) Phase 3: Adjust pointers
[347.182s][info][gc,phases      ] GC(519) Phase 3: Adjust pointers 95.269ms
[347.182s][info][gc,phases,start] GC(519) Phase 4: Compact heap
[347.213s][info][gc,phases      ] GC(519) Phase 4: Compact heap 31.551ms
[347.218s][info][gc,heap        ] GC(519) Eden regions: 0->0(25)
[347.218s][info][gc,heap        ] GC(519) Survivor regions: 0->0(0)
[347.218s][info][gc,heap        ] GC(519) Old regions: 499->484
[347.218s][info][gc,heap        ] GC(519) Archive regions: 2->2
[347.218s][info][gc,heap        ] GC(519) Humongous regions: 11->11
[347.218s][info][gc,metaspace   ] GC(519) Metaspace: 44258K(45520K)->44206K(45520K) NonClass: 39022K(39892K)->38978K(39892K) Class: 5235K(5628K)->5228K(5628K)
[347.219s][info][gc             ] GC(519) Pause Full (G1 Evacuation Pause) 505M->493M(512M) 389.869ms
[347.220s][info][gc,cpu         ] GC(519) User=2.50s Sys=0.03s Real=0.39s
[347.220s][info][gc,marking     ] GC(518) Concurrent Mark From Roots 390.921ms
[347.220s][info][gc,marking     ] GC(518) Concurrent Mark Abort
[347.220s][info][gc             ] GC(518) Concurrent Cycle 391.150ms
[347.301s][info][gc,start       ] GC(520) Pause Young (Normal) (G1 Evacuation Pause)
[347.301s][info][gc,task        ] GC(520) Using 8 workers of 8 for evacuation
[347.304s][info][gc             ] GC(520) To-space exhausted
[347.305s][info][gc,phases      ] GC(520)   Pre Evacuate Collection Set: 0.1ms
[347.305s][info][gc,phases      ] GC(520)   Merge Heap Roots: 0.0ms
[347.305s][info][gc,phases      ] GC(520)   Evacuate Collection Set: 1.0ms
[347.305s][info][gc,phases      ] GC(520)   Post Evacuate Collection Set: 2.4ms
[347.305s][info][gc,phases      ] GC(520)   Other: 0.2ms
[347.305s][info][gc,heap        ] GC(520) Eden regions: 15->0(25)
[347.305s][info][gc,heap        ] GC(520) Survivor regions: 0->0(0)
[347.305s][info][gc,heap        ] GC(520) Old regions: 484->499
[347.305s][info][gc,heap        ] GC(520) Archive regions: 2->2
[347.305s][info][gc,heap        ] GC(520) Humongous regions: 11->11
[347.305s][info][gc,metaspace   ] GC(520) Metaspace: 44240K(45520K)->44240K(45520K) NonClass: 39008K(39892K)->39008K(39892K) Class: 5232K(5628K)->5232K(5628K)
[347.305s][info][gc             ] GC(520) Pause Young (Normal) (G1 Evacuation Pause) 508M->508M(512M) 3.839ms
[347.305s][info][gc,cpu         ] GC(520) User=0.01s Sys=0.00s Real=0.00s
[347.305s][info][gc,ergo        ] Attempting maximally compacting collection
[347.305s][info][gc,task        ] GC(521) Using 8 workers of 8 for full compaction
[347.305s][info][gc,start       ] GC(521) Pause Full (G1 Evacuation Pause)
[347.305s][info][gc,phases,start] GC(521) Phase 1: Mark live objects
[347.561s][info][gc,phases      ] GC(521) Phase 1: Mark live objects 256.050ms
[347.561s][info][gc,phases,start] GC(521) Phase 2: Prepare for compaction
[347.590s][info][gc,phases      ] GC(521) Phase 2: Prepare for compaction 28.876ms
[347.590s][info][gc,phases,start] GC(521) Phase 3: Adjust pointers
[347.656s][info][gc,phases      ] GC(521) Phase 3: Adjust pointers 65.884ms
[347.656s][info][gc,phases,start] GC(521) Phase 4: Compact heap
[347.678s][info][gc,phases      ] GC(521) Phase 4: Compact heap 22.686ms
[347.683s][info][gc,heap        ] GC(521) Eden regions: 0->0(25)
[347.683s][info][gc,heap        ] GC(521) Survivor regions: 0->0(0)
[347.683s][info][gc,heap        ] GC(521) Old regions: 499->487
[347.683s][info][gc,heap        ] GC(521) Archive regions: 2->2
[347.683s][info][gc,heap        ] GC(521) Humongous regions: 11->11
[347.683s][info][gc,metaspace   ] GC(521) Metaspace: 44240K(45520K)->44146K(45520K) NonClass: 39008K(39892K)->38927K(39892K) Class: 5232K(5628K)->5218K(5628K)
[347.683s][info][gc             ] GC(521) Pause Full (G1 Evacuation Pause) 508M->493M(512M) 378.331ms
[347.684s][info][gc,cpu         ] GC(521) User=2.52s Sys=0.03s Real=0.38s
[347.720s][info][gc,start       ] GC(522) Pause Young (Concurrent Start) (G1 Evacuation Pause)
[347.720s][info][gc,task        ] GC(522) Using 8 workers of 8 for evacuation
[347.722s][info][gc             ] GC(522) To-space exhausted
[347.722s][info][gc,phases      ] GC(522)   Pre Evacuate Collection Set: 0.1ms
[347.722s][info][gc,phases      ] GC(522)   Merge Heap Roots: 0.0ms
[347.723s][info][gc,phases      ] GC(522)   Evacuate Collection Set: 0.6ms
[347.723s][info][gc,phases      ] GC(522)   Post Evacuate Collection Set: 1.5ms
[347.723s][info][gc,phases      ] GC(522)   Other: 0.2ms
[347.723s][info][gc,heap        ] GC(522) Eden regions: 12->0(25)
[347.723s][info][gc,heap        ] GC(522) Survivor regions: 0->0(0)
[347.723s][info][gc,heap        ] GC(522) Old regions: 487->499
[347.723s][info][gc,heap        ] GC(522) Archive regions: 2->2
[347.723s][info][gc,heap        ] GC(522) Humongous regions: 11->11
[347.723s][info][gc,metaspace   ] GC(522) Metaspace: 44239K(45520K)->44239K(45520K) NonClass: 39007K(39892K)->39007K(39892K) Class: 5232K(5628K)->5232K(5628K)
[347.723s][info][gc             ] GC(522) Pause Young (Concurrent Start) (G1 Evacuation Pause) 505M->505M(512M) 2.526ms
[347.723s][info][gc,cpu         ] GC(522) User=0.01s Sys=0.00s Real=0.00s
[347.723s][info][gc,ergo        ] Attempting maximally compacting collection
[347.723s][info][gc             ] GC(524) Concurrent Cycle
[347.723s][info][gc,task        ] GC(523) Using 8 workers of 8 for full compaction
[347.723s][info][gc,marking     ] GC(524) Concurrent Clear Claimed Marks
[347.723s][info][gc,start       ] GC(523) Pause Full (G1 Evacuation Pause)
[347.723s][info][gc,marking     ] GC(524) Concurrent Clear Claimed Marks 0.044ms
[347.723s][info][gc,marking     ] GC(524) Concurrent Scan Root Regions
[347.723s][info][gc,marking     ] GC(524) Concurrent Scan Root Regions 0.018ms
[347.723s][info][gc,marking     ] GC(524) Concurrent Mark (347.723s)
[347.723s][info][gc,marking     ] GC(524) Concurrent Mark From Roots
[347.723s][info][gc,task        ] GC(524) Using 2 workers of 2 for marking
[347.723s][info][gc,phases,start] GC(523) Phase 1: Mark live objects
[347.950s][info][gc,phases      ] GC(523) Phase 1: Mark live objects 226.259ms
[347.950s][info][gc,phases,start] GC(523) Phase 2: Prepare for compaction
[347.982s][info][gc,phases      ] GC(523) Phase 2: Prepare for compaction 32.119ms
[347.982s][info][gc,phases,start] GC(523) Phase 3: Adjust pointers
[348.052s][info][gc,phases      ] GC(523) Phase 3: Adjust pointers 70.684ms
[348.052s][info][gc,phases,start] GC(523) Phase 4: Compact heap
[348.076s][info][gc,phases      ] GC(523) Phase 4: Compact heap 23.971ms
[348.081s][info][gc,heap        ] GC(523) Eden regions: 0->0(25)
[348.081s][info][gc,heap        ] GC(523) Survivor regions: 0->0(0)
[348.081s][info][gc,heap        ] GC(523) Old regions: 499->487
[348.081s][info][gc,heap        ] GC(523) Archive regions: 2->2
[348.081s][info][gc,heap        ] GC(523) Humongous regions: 11->11
[348.081s][info][gc,metaspace   ] GC(523) Metaspace: 44239K(45520K)->44146K(45520K) NonClass: 39007K(39892K)->38927K(39892K) Class: 5232K(5628K)->5218K(5628K)
[348.081s][info][gc             ] GC(523) Pause Full (G1 Evacuation Pause) 505M->493M(512M) 358.186ms
[348.082s][info][gc,cpu         ] GC(523) User=2.51s Sys=0.03s Real=0.36s
[348.083s][info][gc,marking     ] GC(524) Concurrent Mark From Roots 359.723ms
[348.083s][info][gc,marking     ] GC(524) Concurrent Mark Abort
[348.083s][info][gc             ] GC(524) Concurrent Cycle 359.907ms
[348.158s][info][gc,start       ] GC(525) Pause Young (Normal) (G1 Evacuation Pause)
[348.158s][info][gc,task        ] GC(525) Using 8 workers of 8 for evacuation
[348.162s][info][gc             ] GC(525) To-space exhausted
[348.162s][info][gc,phases      ] GC(525)   Pre Evacuate Collection Set: 0.1ms
[348.162s][info][gc,phases      ] GC(525)   Merge Heap Roots: 0.0ms
[348.162s][info][gc,phases      ] GC(525)   Evacuate Collection Set: 0.6ms
[348.162s][info][gc,phases      ] GC(525)   Post Evacuate Collection Set: 2.8ms
[348.162s][info][gc,phases      ] GC(525)   Other: 0.2ms
[348.162s][info][gc,heap        ] GC(525) Eden regions: 12->0(25)
[348.162s][info][gc,heap        ] GC(525) Survivor regions: 0->0(0)
[348.162s][info][gc,heap        ] GC(525) Old regions: 487->499
[348.162s][info][gc,heap        ] GC(525) Archive regions: 2->2
[348.162s][info][gc,heap        ] GC(525) Humongous regions: 11->11
[348.162s][info][gc,metaspace   ] GC(525) Metaspace: 44260K(45520K)->44260K(45520K) NonClass: 39025K(39892K)->39025K(39892K) Class: 5235K(5628K)->5235K(5628K)
[348.162s][info][gc             ] GC(525) Pause Young (Normal) (G1 Evacuation Pause) 505M->505M(512M) 3.867ms
[348.162s][info][gc,cpu         ] GC(525) User=0.02s Sys=0.01s Real=0.00s
[348.162s][info][gc,ergo        ] Attempting maximally compacting collection
[348.162s][info][gc,task        ] GC(526) Using 8 workers of 8 for full compaction
[348.162s][info][gc,start       ] GC(526) Pause Full (G1 Evacuation Pause)
[348.162s][info][gc,phases,start] GC(526) Phase 1: Mark live objects
[348.388s][info][gc,phases      ] GC(526) Phase 1: Mark live objects 225.403ms
[348.388s][info][gc,phases,start] GC(526) Phase 2: Prepare for compaction
[348.418s][info][gc,phases      ] GC(526) Phase 2: Prepare for compaction 30.191ms
[348.418s][info][gc,phases,start] GC(526) Phase 3: Adjust pointers
[348.484s][info][gc,phases      ] GC(526) Phase 3: Adjust pointers 66.476ms
[348.484s][info][gc,phases,start] GC(526) Phase 4: Compact heap
[348.509s][info][gc,phases      ] GC(526) Phase 4: Compact heap 24.432ms
[348.513s][info][gc,heap        ] GC(526) Eden regions: 0->0(25)
[348.513s][info][gc,heap        ] GC(526) Survivor regions: 0->0(0)
[348.513s][info][gc,heap        ] GC(526) Old regions: 499->487
[348.513s][info][gc,heap        ] GC(526) Archive regions: 2->2
[348.513s][info][gc,heap        ] GC(526) Humongous regions: 11->11
[348.513s][info][gc,metaspace   ] GC(526) Metaspace: 44260K(45520K)->44209K(45520K) NonClass: 39025K(39892K)->38981K(39892K) Class: 5235K(5628K)->5228K(5628K)
[348.513s][info][gc             ] GC(526) Pause Full (G1 Evacuation Pause) 505M->494M(512M) 351.112ms
[348.515s][info][gc,cpu         ] GC(526) User=2.54s Sys=0.01s Real=0.35s
[348.558s][info][gc,start       ] GC(527) Pause Young (Concurrent Start) (G1 Evacuation Pause)
[348.558s][info][gc,task        ] GC(527) Using 8 workers of 8 for evacuation
[348.560s][info][gc             ] GC(527) To-space exhausted
[348.560s][info][gc,phases      ] GC(527)   Pre Evacuate Collection Set: 0.1ms
[348.560s][info][gc,phases      ] GC(527)   Merge Heap Roots: 0.0ms
[348.560s][info][gc,phases      ] GC(527)   Evacuate Collection Set: 0.6ms
[348.560s][info][gc,phases      ] GC(527)   Post Evacuate Collection Set: 1.6ms
[348.560s][info][gc,phases      ] GC(527)   Other: 0.2ms
[348.560s][info][gc,heap        ] GC(527) Eden regions: 12->0(25)
[348.560s][info][gc,heap        ] GC(527) Survivor regions: 0->0(0)
[348.560s][info][gc,heap        ] GC(527) Old regions: 487->499
[348.560s][info][gc,heap        ] GC(527) Archive regions: 2->2
[348.561s][info][gc,heap        ] GC(527) Humongous regions: 11->11
[348.561s][info][gc,metaspace   ] GC(527) Metaspace: 44240K(45520K)->44240K(45520K) NonClass: 39008K(39892K)->39008K(39892K) Class: 5232K(5628K)->5232K(5628K)
[348.561s][info][gc             ] GC(527) Pause Young (Concurrent Start) (G1 Evacuation Pause) 506M->506M(512M) 2.636ms
[348.561s][info][gc,cpu         ] GC(527) User=0.01s Sys=0.00s Real=0.00s
[348.561s][info][gc,ergo        ] Attempting maximally compacting collection
[348.561s][info][gc             ] GC(528) Concurrent Cycle
[348.561s][info][gc,task        ] GC(529) Using 8 workers of 8 for full compaction
[348.561s][info][gc,marking     ] GC(528) Concurrent Clear Claimed Marks
[348.561s][info][gc,start       ] GC(529) Pause Full (G1 Evacuation Pause)
[348.561s][info][gc,marking     ] GC(528) Concurrent Clear Claimed Marks 0.071ms
[348.561s][info][gc,marking     ] GC(528) Concurrent Scan Root Regions
[348.561s][info][gc,marking     ] GC(528) Concurrent Scan Root Regions 0.021ms
[348.561s][info][gc,marking     ] GC(528) Concurrent Mark (348.561s)
[348.561s][info][gc,marking     ] GC(528) Concurrent Mark From Roots
[348.561s][info][gc,task        ] GC(528) Using 2 workers of 2 for marking
[348.561s][info][gc,phases,start] GC(529) Phase 1: Mark live objects
[348.775s][info][gc,phases      ] GC(529) Phase 1: Mark live objects 214.060ms
[348.775s][info][gc,phases,start] GC(529) Phase 2: Prepare for compaction
[348.803s][info][gc,phases      ] GC(529) Phase 2: Prepare for compaction 27.642ms
[348.803s][info][gc,phases,start] GC(529) Phase 3: Adjust pointers
[348.872s][info][gc,phases      ] GC(529) Phase 3: Adjust pointers 69.240ms
[348.872s][info][gc,phases,start] GC(529) Phase 4: Compact heap
[348.896s][info][gc,phases      ] GC(529) Phase 4: Compact heap 23.620ms
[348.900s][info][gc,heap        ] GC(529) Eden regions: 0->0(25)
[348.900s][info][gc,heap        ] GC(529) Survivor regions: 0->0(0)
[348.900s][info][gc,heap        ] GC(529) Old regions: 499->487
[348.900s][info][gc,heap        ] GC(529) Archive regions: 2->2
[348.900s][info][gc,heap        ] GC(529) Humongous regions: 11->11
[348.900s][info][gc,metaspace   ] GC(529) Metaspace: 44240K(45520K)->44146K(45520K) NonClass: 39008K(39892K)->38927K(39892K) Class: 5232K(5628K)->5218K(5628K)
[348.900s][info][gc             ] GC(529) Pause Full (G1 Evacuation Pause) 506M->494M(512M) 339.774ms
[348.901s][info][gc,cpu         ] GC(529) User=2.56s Sys=0.02s Real=0.34s
[348.902s][info][gc,marking     ] GC(528) Concurrent Mark From Roots 340.841ms
[348.902s][info][gc,marking     ] GC(528) Concurrent Mark Abort
[348.902s][info][gc             ] GC(528) Concurrent Cycle 341.073ms
[348.949s][info][gc,start       ] GC(530) Pause Young (Normal) (G1 Evacuation Pause)
[348.949s][info][gc,task        ] GC(530) Using 8 workers of 8 for evacuation
[348.951s][info][gc             ] GC(530) To-space exhausted
[348.951s][info][gc,phases      ] GC(530)   Pre Evacuate Collection Set: 0.1ms
[348.951s][info][gc,phases      ] GC(530)   Merge Heap Roots: 0.0ms
[348.951s][info][gc,phases      ] GC(530)   Evacuate Collection Set: 0.5ms
[348.951s][info][gc,phases      ] GC(530)   Post Evacuate Collection Set: 1.5ms
[348.951s][info][gc,phases      ] GC(530)   Other: 0.2ms
[348.951s][info][gc,heap        ] GC(530) Eden regions: 12->0(25)
[348.951s][info][gc,heap        ] GC(530) Survivor regions: 0->0(0)
[348.951s][info][gc,heap        ] GC(530) Old regions: 487->499
[348.951s][info][gc,heap        ] GC(530) Archive regions: 2->2
[348.951s][info][gc,heap        ] GC(530) Humongous regions: 11->11
[348.951s][info][gc,metaspace   ] GC(530) Metaspace: 44240K(45520K)->44240K(45520K) NonClass: 39007K(39892K)->39007K(39892K) Class: 5232K(5628K)->5232K(5628K)
[348.951s][info][gc             ] GC(530) Pause Young (Normal) (G1 Evacuation Pause) 506M->506M(512M) 2.369ms
[348.951s][info][gc,cpu         ] GC(530) User=0.02s Sys=0.00s Real=0.00s
[348.951s][info][gc,ergo        ] Attempting maximally compacting collection
[348.951s][info][gc,task        ] GC(531) Using 8 workers of 8 for full compaction
[348.951s][info][gc,start       ] GC(531) Pause Full (G1 Evacuation Pause)
[348.951s][info][gc,phases,start] GC(531) Phase 1: Mark live objects
[349.165s][info][gc,phases      ] GC(531) Phase 1: Mark live objects 213.250ms
[349.165s][info][gc,phases,start] GC(531) Phase 2: Prepare for compaction
[349.193s][info][gc,phases      ] GC(531) Phase 2: Prepare for compaction 28.741ms
[349.193s][info][gc,phases,start] GC(531) Phase 3: Adjust pointers
[349.258s][info][gc,phases      ] GC(531) Phase 3: Adjust pointers 65.067ms
[349.258s][info][gc,phases,start] GC(531) Phase 4: Compact heap
[349.282s][info][gc,phases      ] GC(531) Phase 4: Compact heap 23.374ms
[349.286s][info][gc,heap        ] GC(531) Eden regions: 0->0(25)
[349.286s][info][gc,heap        ] GC(531) Survivor regions: 0->0(0)
[349.286s][info][gc,heap        ] GC(531) Old regions: 499->487
[349.286s][info][gc,heap        ] GC(531) Archive regions: 2->2
[349.286s][info][gc,heap        ] GC(531) Humongous regions: 11->11
[349.286s][info][gc,metaspace   ] GC(531) Metaspace: 44240K(45520K)->44147K(45520K) NonClass: 39007K(39892K)->38928K(39892K) Class: 5232K(5628K)->5218K(5628K)
[349.286s][info][gc             ] GC(531) Pause Full (G1 Evacuation Pause) 506M->494M(512M) 335.086ms
[349.287s][info][gc,cpu         ] GC(531) User=2.51s Sys=0.01s Real=0.34s
[349.347s][info][gc,start       ] GC(532) Pause Young (Concurrent Start) (G1 Evacuation Pause)
[349.347s][info][gc,task        ] GC(532) Using 8 workers of 8 for evacuation
[349.350s][info][gc             ] GC(532) To-space exhausted
[349.350s][info][gc,phases      ] GC(532)   Pre Evacuate Collection Set: 0.1ms
[349.350s][info][gc,phases      ] GC(532)   Merge Heap Roots: 0.0ms
[349.350s][info][gc,phases      ] GC(532)   Evacuate Collection Set: 0.7ms
[349.350s][info][gc,phases      ] GC(532)   Post Evacuate Collection Set: 2.4ms
[349.350s][info][gc,phases      ] GC(532)   Other: 0.2ms
[349.350s][info][gc,heap        ] GC(532) Eden regions: 12->0(25)
[349.350s][info][gc,heap        ] GC(532) Survivor regions: 0->0(0)
[349.350s][info][gc,heap        ] GC(532) Old regions: 487->499
[349.350s][info][gc,heap        ] GC(532) Archive regions: 2->2
[349.350s][info][gc,heap        ] GC(532) Humongous regions: 11->11
[349.350s][info][gc,metaspace   ] GC(532) Metaspace: 44264K(45520K)->44264K(45520K) NonClass: 39028K(39892K)->39028K(39892K) Class: 5236K(5628K)->5236K(5628K)
[349.350s][info][gc             ] GC(532) Pause Young (Concurrent Start) (G1 Evacuation Pause) 506M->506M(512M) 3.427ms
[349.350s][info][gc,cpu         ] GC(532) User=0.02s Sys=0.00s Real=0.00s
[349.350s][info][gc,ergo        ] Attempting maximally compacting collection
[349.350s][info][gc             ] GC(534) Concurrent Cycle
[349.350s][info][gc,task        ] GC(533) Using 8 workers of 8 for full compaction
[349.350s][info][gc,marking     ] GC(534) Concurrent Clear Claimed Marks
[349.350s][info][gc,start       ] GC(533) Pause Full (G1 Evacuation Pause)
[349.350s][info][gc,marking     ] GC(534) Concurrent Clear Claimed Marks 0.057ms
[349.350s][info][gc,marking     ] GC(534) Concurrent Scan Root Regions
[349.351s][info][gc,marking     ] GC(534) Concurrent Scan Root Regions 0.016ms
[349.351s][info][gc,marking     ] GC(534) Concurrent Mark (349.351s)
[349.351s][info][gc,marking     ] GC(534) Concurrent Mark From Roots
[349.351s][info][gc,task        ] GC(534) Using 2 workers of 2 for marking
[349.351s][info][gc,phases,start] GC(533) Phase 1: Mark live objects
[349.569s][info][gc,phases      ] GC(533) Phase 1: Mark live objects 217.441ms
[349.569s][info][gc,phases,start] GC(533) Phase 2: Prepare for compaction
[349.597s][info][gc,phases      ] GC(533) Phase 2: Prepare for compaction 28.468ms
[349.597s][info][gc,phases,start] GC(533) Phase 3: Adjust pointers
[349.662s][info][gc,phases      ] GC(533) Phase 3: Adjust pointers 65.373ms
[349.663s][info][gc,phases,start] GC(533) Phase 4: Compact heap
[349.686s][info][gc,phases      ] GC(533) Phase 4: Compact heap 23.299ms
[349.690s][info][gc,heap        ] GC(533) Eden regions: 0->0(25)
[349.690s][info][gc,heap        ] GC(533) Survivor regions: 0->0(0)
[349.690s][info][gc,heap        ] GC(533) Old regions: 499->486
[349.690s][info][gc,heap        ] GC(533) Archive regions: 2->2
[349.690s][info][gc,heap        ] GC(533) Humongous regions: 11->11
[349.690s][info][gc,metaspace   ] GC(533) Metaspace: 44264K(45520K)->44209K(45520K) NonClass: 39028K(39892K)->38981K(39892K) Class: 5236K(5628K)->5228K(5628K)
[349.690s][info][gc             ] GC(533) Pause Full (G1 Evacuation Pause) 506M->495M(512M) 339.594ms
[349.691s][info][gc,cpu         ] GC(533) User=2.52s Sys=0.02s Real=0.34s
[349.691s][info][gc,marking     ] GC(534) Concurrent Mark From Roots 340.749ms
[349.691s][info][gc,marking     ] GC(534) Concurrent Mark Abort
[349.691s][info][gc             ] GC(534) Concurrent Cycle 340.926ms
[349.739s][info][gc,start       ] GC(535) Pause Young (Normal) (G1 Evacuation Pause)
[349.739s][info][gc,task        ] GC(535) Using 8 workers of 8 for evacuation
[349.741s][info][gc             ] GC(535) To-space exhausted
[349.741s][info][gc,phases      ] GC(535)   Pre Evacuate Collection Set: 0.1ms
[349.741s][info][gc,phases      ] GC(535)   Merge Heap Roots: 0.0ms
[349.741s][info][gc,phases      ] GC(535)   Evacuate Collection Set: 0.5ms
[349.741s][info][gc,phases      ] GC(535)   Post Evacuate Collection Set: 1.5ms
[349.741s][info][gc,phases      ] GC(535)   Other: 0.1ms
[349.741s][info][gc,heap        ] GC(535) Eden regions: 13->0(25)
[349.741s][info][gc,heap        ] GC(535) Survivor regions: 0->0(0)
[349.741s][info][gc,heap        ] GC(535) Old regions: 486->499
[349.741s][info][gc,heap        ] GC(535) Archive regions: 2->2
[349.741s][info][gc,heap        ] GC(535) Humongous regions: 11->11
[349.741s][info][gc,metaspace   ] GC(535) Metaspace: 44240K(45520K)->44240K(45520K) NonClass: 39008K(39892K)->39008K(39892K) Class: 5232K(5628K)->5232K(5628K)
[349.741s][info][gc             ] GC(535) Pause Young (Normal) (G1 Evacuation Pause) 508M->508M(512M) 2.353ms
[349.741s][info][gc,cpu         ] GC(535) User=0.01s Sys=0.00s Real=0.00s
[349.741s][info][gc,ergo        ] Attempting maximally compacting collection
[349.741s][info][gc,task        ] GC(536) Using 8 workers of 8 for full compaction
[349.741s][info][gc,start       ] GC(536) Pause Full (G1 Evacuation Pause)
[349.741s][info][gc,phases,start] GC(536) Phase 1: Mark live objects
[349.958s][info][gc,phases      ] GC(536) Phase 1: Mark live objects 216.767ms
[349.958s][info][gc,phases,start] GC(536) Phase 2: Prepare for compaction
[349.989s][info][gc,phases      ] GC(536) Phase 2: Prepare for compaction 30.507ms
[349.989s][info][gc,phases,start] GC(536) Phase 3: Adjust pointers
[350.054s][info][gc,phases      ] GC(536) Phase 3: Adjust pointers 65.438ms
[350.054s][info][gc,phases,start] GC(536) Phase 4: Compact heap
[350.080s][info][gc,phases      ] GC(536) Phase 4: Compact heap 25.818ms
[350.084s][info][gc,heap        ] GC(536) Eden regions: 0->0(25)
[350.084s][info][gc,heap        ] GC(536) Survivor regions: 0->0(0)
[350.084s][info][gc,heap        ] GC(536) Old regions: 499->486
[350.084s][info][gc,heap        ] GC(536) Archive regions: 2->2
[350.084s][info][gc,heap        ] GC(536) Humongous regions: 11->11
[350.084s][info][gc,metaspace   ] GC(536) Metaspace: 44240K(45520K)->44147K(45520K) NonClass: 39008K(39892K)->38928K(39892K) Class: 5232K(5628K)->5218K(5628K)
[350.084s][info][gc             ] GC(536) Pause Full (G1 Evacuation Pause) 508M->495M(512M) 342.985ms
[350.086s][info][gc,cpu         ] GC(536) User=2.51s Sys=0.02s Real=0.35s
[350.130s][info][gc,start       ] GC(537) Pause Young (Concurrent Start) (G1 Evacuation Pause)
[350.131s][info][gc,task        ] GC(537) Using 8 workers of 8 for evacuation
[350.135s][info][gc             ] GC(537) To-space exhausted
[350.135s][info][gc,phases      ] GC(537)   Pre Evacuate Collection Set: 0.1ms
[350.135s][info][gc,phases      ] GC(537)   Merge Heap Roots: 0.1ms
[350.135s][info][gc,phases      ] GC(537)   Evacuate Collection Set: 1.4ms
[350.135s][info][gc,phases      ] GC(537)   Post Evacuate Collection Set: 2.9ms
[350.135s][info][gc,phases      ] GC(537)   Other: 0.2ms
[350.135s][info][gc,heap        ] GC(537) Eden regions: 13->0(25)
[350.135s][info][gc,heap        ] GC(537) Survivor regions: 0->0(0)
[350.135s][info][gc,heap        ] GC(537) Old regions: 486->499
[350.135s][info][gc,heap        ] GC(537) Archive regions: 2->2
[350.135s][info][gc,heap        ] GC(537) Humongous regions: 11->11
[350.135s][info][gc,metaspace   ] GC(537) Metaspace: 44272K(45520K)->44272K(45520K) NonClass: 39036K(39892K)->39036K(39892K) Class: 5236K(5628K)->5236K(5628K)
[350.135s][info][gc             ] GC(537) Pause Young (Concurrent Start) (G1 Evacuation Pause) 508M->508M(512M) 4.752ms
[350.135s][info][gc,cpu         ] GC(537) User=0.01s Sys=0.00s Real=0.01s
[350.135s][info][gc,ergo        ] Attempting maximally compacting collection
[350.135s][info][gc             ] GC(538) Concurrent Cycle
[350.135s][info][gc,task        ] GC(539) Using 8 workers of 8 for full compaction
[350.135s][info][gc,marking     ] GC(538) Concurrent Clear Claimed Marks
[350.135s][info][gc,start       ] GC(539) Pause Full (G1 Evacuation Pause)
[350.135s][info][gc,marking     ] GC(538) Concurrent Clear Claimed Marks 0.072ms
[350.135s][info][gc,marking     ] GC(538) Concurrent Scan Root Regions
[350.135s][info][gc,marking     ] GC(538) Concurrent Scan Root Regions 0.005ms
[350.135s][info][gc,marking     ] GC(538) Concurrent Mark (350.135s)
[350.135s][info][gc,marking     ] GC(538) Concurrent Mark From Roots
[350.135s][info][gc,task        ] GC(538) Using 2 workers of 2 for marking
[350.136s][info][gc,phases,start] GC(539) Phase 1: Mark live objects
[350.370s][info][gc,phases      ] GC(539) Phase 1: Mark live objects 233.534ms
[350.370s][info][gc,phases,start] GC(539) Phase 2: Prepare for compaction
[350.400s][info][gc,phases      ] GC(539) Phase 2: Prepare for compaction 30.475ms
[350.400s][info][gc,phases,start] GC(539) Phase 3: Adjust pointers
[350.469s][info][gc,phases      ] GC(539) Phase 3: Adjust pointers 68.342ms
[350.469s][info][gc,phases,start] GC(539) Phase 4: Compact heap
[350.492s][info][gc,phases      ] GC(539) Phase 4: Compact heap 23.833ms
[350.497s][info][gc,heap        ] GC(539) Eden regions: 0->0(25)
[350.497s][info][gc,heap        ] GC(539) Survivor regions: 0->0(0)
[350.497s][info][gc,heap        ] GC(539) Old regions: 499->487
[350.497s][info][gc,heap        ] GC(539) Archive regions: 2->2
[350.497s][info][gc,heap        ] GC(539) Humongous regions: 11->11
[350.497s][info][gc,metaspace   ] GC(539) Metaspace: 44272K(45520K)->44192K(45520K) NonClass: 39036K(39892K)->38968K(39892K) Class: 5236K(5628K)->5224K(5628K)
[350.497s][info][gc             ] GC(539) Pause Full (G1 Evacuation Pause) 508M->495M(512M) 361.568ms
[350.498s][info][gc,cpu         ] GC(539) User=2.52s Sys=0.01s Real=0.36s
[350.498s][info][gc,marking     ] GC(538) Concurrent Mark From Roots 362.851ms
[350.498s][info][gc,marking     ] GC(538) Concurrent Mark Abort
[350.498s][info][gc             ] GC(538) Concurrent Cycle 363.007ms
[350.552s][info][gc,start       ] GC(540) Pause Young (Normal) (G1 Evacuation Pause)
[350.552s][info][gc,task        ] GC(540) Using 8 workers of 8 for evacuation
[350.554s][info][gc             ] GC(540) To-space exhausted
[350.554s][info][gc,phases      ] GC(540)   Pre Evacuate Collection Set: 0.1ms
[350.554s][info][gc,phases      ] GC(540)   Merge Heap Roots: 0.0ms
[350.554s][info][gc,phases      ] GC(540)   Evacuate Collection Set: 0.6ms
[350.554s][info][gc,phases      ] GC(540)   Post Evacuate Collection Set: 1.6ms
[350.554s][info][gc,phases      ] GC(540)   Other: 0.2ms
[350.554s][info][gc,heap        ] GC(540) Eden regions: 12->0(25)
[350.554s][info][gc,heap        ] GC(540) Survivor regions: 0->0(0)
[350.554s][info][gc,heap        ] GC(540) Old regions: 487->499
[350.554s][info][gc,heap        ] GC(540) Archive regions: 2->2
[350.554s][info][gc,heap        ] GC(540) Humongous regions: 11->11
[350.554s][info][gc,metaspace   ] GC(540) Metaspace: 44244K(45520K)->44244K(45520K) NonClass: 39012K(39892K)->39012K(39892K) Class: 5232K(5628K)->5232K(5628K)
[350.554s][info][gc             ] GC(540) Pause Young (Normal) (G1 Evacuation Pause) 507M->507M(512M) 2.468ms
[350.554s][info][gc,cpu         ] GC(540) User=0.01s Sys=0.00s Real=0.00s
[350.554s][info][gc,ergo        ] Attempting maximally compacting collection
[350.554s][info][gc,task        ] GC(541) Using 8 workers of 8 for full compaction
[350.554s][info][gc,start       ] GC(541) Pause Full (G1 Evacuation Pause)
[350.554s][info][gc,phases,start] GC(541) Phase 1: Mark live objects
[350.769s][info][gc,phases      ] GC(541) Phase 1: Mark live objects 214.437ms
[350.769s][info][gc,phases,start] GC(541) Phase 2: Prepare for compaction
[350.800s][info][gc,phases      ] GC(541) Phase 2: Prepare for compaction 31.398ms
[350.800s][info][gc,phases,start] GC(541) Phase 3: Adjust pointers
[350.867s][info][gc,phases      ] GC(541) Phase 3: Adjust pointers 67.130ms
[350.867s][info][gc,phases,start] GC(541) Phase 4: Compact heap
[350.897s][info][gc,phases      ] GC(541) Phase 4: Compact heap 29.250ms
[350.901s][info][gc,heap        ] GC(541) Eden regions: 0->0(25)
[350.901s][info][gc,heap        ] GC(541) Survivor regions: 0->0(0)
[350.901s][info][gc,heap        ] GC(541) Old regions: 499->487
[350.901s][info][gc,heap        ] GC(541) Archive regions: 2->2
[350.901s][info][gc,heap        ] GC(541) Humongous regions: 11->11
[350.901s][info][gc,metaspace   ] GC(541) Metaspace: 44244K(45520K)->44150K(45520K) NonClass: 39012K(39892K)->38932K(39892K) Class: 5232K(5628K)->5218K(5628K)
[350.901s][info][gc             ] GC(541) Pause Full (G1 Evacuation Pause) 507M->496M(512M) 347.213ms
[350.903s][info][gc,cpu         ] GC(541) User=2.53s Sys=0.02s Real=0.35s
[350.973s][info][gc,start       ] GC(542) Pause Young (Concurrent Start) (G1 Evacuation Pause)
[350.973s][info][gc,task        ] GC(542) Using 8 workers of 8 for evacuation
[350.976s][info][gc             ] GC(542) To-space exhausted
[350.976s][info][gc,phases      ] GC(542)   Pre Evacuate Collection Set: 0.1ms
[350.976s][info][gc,phases      ] GC(542)   Merge Heap Roots: 0.0ms
[350.976s][info][gc,phases      ] GC(542)   Evacuate Collection Set: 0.6ms
[350.976s][info][gc,phases      ] GC(542)   Post Evacuate Collection Set: 1.9ms
[350.976s][info][gc,phases      ] GC(542)   Other: 0.2ms
[350.976s][info][gc,heap        ] GC(542) Eden regions: 12->0(25)
[350.976s][info][gc,heap        ] GC(542) Survivor regions: 0->0(0)
[350.976s][info][gc,heap        ] GC(542) Old regions: 487->499
[350.976s][info][gc,heap        ] GC(542) Archive regions: 2->2
[350.976s][info][gc,heap        ] GC(542) Humongous regions: 11->11
[350.976s][info][gc,metaspace   ] GC(542) Metaspace: 44264K(45520K)->44264K(45520K) NonClass: 39029K(39892K)->39029K(39892K) Class: 5235K(5628K)->5235K(5628K)
[350.976s][info][gc             ] GC(542) Pause Young (Concurrent Start) (G1 Evacuation Pause) 508M->508M(512M) 2.938ms
[350.976s][info][gc,cpu         ] GC(542) User=0.01s Sys=0.00s Real=0.01s
[350.976s][info][gc,ergo        ] Attempting maximally compacting collection
[350.976s][info][gc,task        ] GC(543) Using 8 workers of 8 for full compaction
[350.976s][info][gc,start       ] GC(543) Pause Full (G1 Evacuation Pause)
[350.976s][info][gc             ] GC(544) Concurrent Cycle
[350.976s][info][gc,marking     ] GC(544) Concurrent Clear Claimed Marks
[350.976s][info][gc,marking     ] GC(544) Concurrent Clear Claimed Marks 0.092ms
[350.976s][info][gc,marking     ] GC(544) Concurrent Scan Root Regions
[350.976s][info][gc,marking     ] GC(544) Concurrent Scan Root Regions 0.017ms
[350.976s][info][gc,marking     ] GC(544) Concurrent Mark (350.976s)
[350.976s][info][gc,marking     ] GC(544) Concurrent Mark From Roots
[350.976s][info][gc,task        ] GC(544) Using 2 workers of 2 for marking
[350.977s][info][gc,phases,start] GC(543) Phase 1: Mark live objects
[351.193s][info][gc,phases      ] GC(543) Phase 1: Mark live objects 216.777ms
[351.193s][info][gc,phases,start] GC(543) Phase 2: Prepare for compaction
[351.222s][info][gc,phases      ] GC(543) Phase 2: Prepare for compaction 28.395ms
[351.222s][info][gc,phases,start] GC(543) Phase 3: Adjust pointers
[351.299s][info][gc,phases      ] GC(543) Phase 3: Adjust pointers 76.734ms
[351.299s][info][gc,phases,start] GC(543) Phase 4: Compact heap
[351.324s][info][gc,phases      ] GC(543) Phase 4: Compact heap 25.238ms
[351.328s][info][gc,heap        ] GC(543) Eden regions: 0->0(25)
[351.328s][info][gc,heap        ] GC(543) Survivor regions: 0->0(0)
[351.328s][info][gc,heap        ] GC(543) Old regions: 499->489
[351.328s][info][gc,heap        ] GC(543) Archive regions: 2->2
[351.328s][info][gc,heap        ] GC(543) Humongous regions: 11->11
[351.328s][info][gc,metaspace   ] GC(543) Metaspace: 44264K(45520K)->44213K(45520K) NonClass: 39029K(39892K)->38985K(39892K) Class: 5235K(5628K)->5228K(5628K)
[351.328s][info][gc             ] GC(543) Pause Full (G1 Evacuation Pause) 508M->496M(512M) 352.535ms
[351.329s][info][gc,cpu         ] GC(543) User=2.55s Sys=0.01s Real=0.35s
[351.329s][info][gc,marking     ] GC(544) Concurrent Mark From Roots 353.339ms
[351.329s][info][gc,marking     ] GC(544) Concurrent Mark Abort
[351.329s][info][gc             ] GC(544) Concurrent Cycle 353.583ms
[351.362s][info][gc,start       ] GC(545) Pause Young (Normal) (G1 Evacuation Pause)
[351.362s][info][gc,task        ] GC(545) Using 8 workers of 8 for evacuation
[351.364s][info][gc             ] GC(545) To-space exhausted
[351.364s][info][gc,phases      ] GC(545)   Pre Evacuate Collection Set: 0.1ms
[351.364s][info][gc,phases      ] GC(545)   Merge Heap Roots: 0.0ms
[351.364s][info][gc,phases      ] GC(545)   Evacuate Collection Set: 0.5ms
[351.364s][info][gc,phases      ] GC(545)   Post Evacuate Collection Set: 1.3ms
[351.364s][info][gc,phases      ] GC(545)   Other: 0.2ms
[351.364s][info][gc,heap        ] GC(545) Eden regions: 10->0(25)
[351.364s][info][gc,heap        ] GC(545) Survivor regions: 0->0(0)
[351.364s][info][gc,heap        ] GC(545) Old regions: 489->499
[351.364s][info][gc,heap        ] GC(545) Archive regions: 2->2
[351.364s][info][gc,heap        ] GC(545) Humongous regions: 11->11
[351.364s][info][gc,metaspace   ] GC(545) Metaspace: 44244K(45520K)->44244K(45520K) NonClass: 39012K(39892K)->39012K(39892K) Class: 5232K(5628K)->5232K(5628K)
[351.364s][info][gc             ] GC(545) Pause Young (Normal) (G1 Evacuation Pause) 506M->506M(512M) 2.229ms
[351.365s][info][gc,cpu         ] GC(545) User=0.00s Sys=0.00s Real=0.00s
[351.365s][info][gc,ergo        ] Attempting maximally compacting collection
[351.365s][info][gc,task        ] GC(546) Using 8 workers of 8 for full compaction
[351.365s][info][gc,start       ] GC(546) Pause Full (G1 Evacuation Pause)
[351.365s][info][gc,phases,start] GC(546) Phase 1: Mark live objects
[351.588s][info][gc,phases      ] GC(546) Phase 1: Mark live objects 223.599ms
[351.588s][info][gc,phases,start] GC(546) Phase 2: Prepare for compaction
[351.619s][info][gc,phases      ] GC(546) Phase 2: Prepare for compaction 30.444ms
[351.619s][info][gc,phases,start] GC(546) Phase 3: Adjust pointers
[351.689s][info][gc,phases      ] GC(546) Phase 3: Adjust pointers 69.872ms
[351.689s][info][gc,phases,start] GC(546) Phase 4: Compact heap
[351.714s][info][gc,phases      ] GC(546) Phase 4: Compact heap 25.034ms
[351.718s][info][gc,heap        ] GC(546) Eden regions: 0->0(25)
[351.718s][info][gc,heap        ] GC(546) Survivor regions: 0->0(0)
[351.718s][info][gc,heap        ] GC(546) Old regions: 499->490
[351.718s][info][gc,heap        ] GC(546) Archive regions: 2->2
[351.718s][info][gc,heap        ] GC(546) Humongous regions: 11->11
[351.718s][info][gc,metaspace   ] GC(546) Metaspace: 44244K(45520K)->44150K(45520K) NonClass: 39012K(39892K)->38932K(39892K) Class: 5232K(5628K)->5218K(5628K)
[351.718s][info][gc             ] GC(546) Pause Full (G1 Evacuation Pause) 506M->496M(512M) 353.252ms
[351.719s][info][gc,cpu         ] GC(546) User=2.53s Sys=0.03s Real=0.36s
[351.754s][info][gc,start       ] GC(547) Pause Young (Concurrent Start) (G1 Evacuation Pause)
[351.754s][info][gc,task        ] GC(547) Using 8 workers of 8 for evacuation
[351.757s][info][gc             ] GC(547) To-space exhausted
[351.757s][info][gc,phases      ] GC(547)   Pre Evacuate Collection Set: 0.1ms
[351.757s][info][gc,phases      ] GC(547)   Merge Heap Roots: 0.1ms
[351.757s][info][gc,phases      ] GC(547)   Evacuate Collection Set: 0.7ms
[351.757s][info][gc,phases      ] GC(547)   Post Evacuate Collection Set: 1.5ms
[351.757s][info][gc,phases      ] GC(547)   Other: 0.2ms
[351.757s][info][gc,heap        ] GC(547) Eden regions: 9->0(25)
[351.757s][info][gc,heap        ] GC(547) Survivor regions: 0->0(0)
[351.757s][info][gc,heap        ] GC(547) Old regions: 490->499
[351.757s][info][gc,heap        ] GC(547) Archive regions: 2->2
[351.757s][info][gc,heap        ] GC(547) Humongous regions: 11->11
[351.757s][info][gc,metaspace   ] GC(547) Metaspace: 44247K(45520K)->44247K(45520K) NonClass: 39015K(39892K)->39015K(39892K) Class: 5232K(5628K)->5232K(5628K)
[351.757s][info][gc             ] GC(547) Pause Young (Concurrent Start) (G1 Evacuation Pause) 505M->505M(512M) 2.585ms
[351.757s][info][gc,cpu         ] GC(547) User=0.01s Sys=0.00s Real=0.01s
[351.757s][info][gc,ergo        ] Attempting maximally compacting collection
[351.757s][info][gc,task        ] GC(548) Using 8 workers of 8 for full compaction
[351.757s][info][gc,start       ] GC(548) Pause Full (G1 Evacuation Pause)
[351.757s][info][gc             ] GC(549) Concurrent Cycle
[351.757s][info][gc,marking     ] GC(549) Concurrent Clear Claimed Marks
[351.757s][info][gc,marking     ] GC(549) Concurrent Clear Claimed Marks 0.091ms
[351.757s][info][gc,marking     ] GC(549) Concurrent Scan Root Regions
[351.757s][info][gc,marking     ] GC(549) Concurrent Scan Root Regions 0.029ms
[351.757s][info][gc,marking     ] GC(549) Concurrent Mark (351.757s)
[351.757s][info][gc,marking     ] GC(549) Concurrent Mark From Roots
[351.757s][info][gc,task        ] GC(549) Using 2 workers of 2 for marking
[351.758s][info][gc,phases,start] GC(548) Phase 1: Mark live objects
[351.979s][info][gc,phases      ] GC(548) Phase 1: Mark live objects 221.332ms
[351.979s][info][gc,phases,start] GC(548) Phase 2: Prepare for compaction
[352.007s][info][gc,phases      ] GC(548) Phase 2: Prepare for compaction 28.509ms
[352.007s][info][gc,phases,start] GC(548) Phase 3: Adjust pointers
[352.083s][info][gc,phases      ] GC(548) Phase 3: Adjust pointers 75.973ms
[352.083s][info][gc,phases,start] GC(548) Phase 4: Compact heap
[352.119s][info][gc,phases      ] GC(548) Phase 4: Compact heap 35.644ms
[352.124s][info][gc,heap        ] GC(548) Eden regions: 0->0(25)
[352.124s][info][gc,heap        ] GC(548) Survivor regions: 0->0(0)
[352.124s][info][gc,heap        ] GC(548) Old regions: 499->488
[352.124s][info][gc,heap        ] GC(548) Archive regions: 2->2
[352.124s][info][gc,heap        ] GC(548) Humongous regions: 11->11
[352.124s][info][gc,metaspace   ] GC(548) Metaspace: 44247K(45520K)->44154K(45520K) NonClass: 39015K(39892K)->38935K(39892K) Class: 5232K(5628K)->5218K(5628K)
[352.124s][info][gc             ] GC(548) Pause Full (G1 Evacuation Pause) 505M->496M(512M) 367.104ms
[352.126s][info][gc,cpu         ] GC(548) User=2.51s Sys=0.03s Real=0.37s
[352.126s][info][gc,marking     ] GC(549) Concurrent Mark From Roots 368.988ms
[352.126s][info][gc,marking     ] GC(549) Concurrent Mark Abort
[352.126s][info][gc             ] GC(549) Concurrent Cycle 369.246ms
[352.180s][info][gc,start       ] GC(550) Pause Young (Normal) (G1 Evacuation Pause)
[352.180s][info][gc,task        ] GC(550) Using 8 workers of 8 for evacuation
[352.187s][info][gc             ] GC(550) To-space exhausted
[352.187s][info][gc,phases      ] GC(550)   Pre Evacuate Collection Set: 0.2ms
[352.187s][info][gc,phases      ] GC(550)   Merge Heap Roots: 0.1ms
[352.187s][info][gc,phases      ] GC(550)   Evacuate Collection Set: 2.8ms
[352.187s][info][gc,phases      ] GC(550)   Post Evacuate Collection Set: 4.3ms
[352.187s][info][gc,phases      ] GC(550)   Other: 0.2ms
[352.187s][info][gc,heap        ] GC(550) Eden regions: 11->0(25)
[352.187s][info][gc,heap        ] GC(550) Survivor regions: 0->0(0)
[352.187s][info][gc,heap        ] GC(550) Old regions: 488->499
[352.187s][info][gc,heap        ] GC(550) Archive regions: 2->2
[352.187s][info][gc,heap        ] GC(550) Humongous regions: 11->11
[352.187s][info][gc,metaspace   ] GC(550) Metaspace: 44269K(45520K)->44269K(45520K) NonClass: 39034K(39892K)->39034K(39892K) Class: 5235K(5628K)->5235K(5628K)
[352.187s][info][gc             ] GC(550) Pause Young (Normal) (G1 Evacuation Pause) 507M->507M(512M) 7.579ms
[352.187s][info][gc,cpu         ] GC(550) User=0.01s Sys=0.00s Real=0.01s
[352.187s][info][gc,ergo        ] Attempting maximally compacting collection
[352.188s][info][gc,task        ] GC(551) Using 8 workers of 8 for full compaction
[352.188s][info][gc,start       ] GC(551) Pause Full (G1 Evacuation Pause)
[352.188s][info][gc,phases,start] GC(551) Phase 1: Mark live objects
[352.486s][info][gc,phases      ] GC(551) Phase 1: Mark live objects 298.196ms
[352.486s][info][gc,phases,start] GC(551) Phase 2: Prepare for compaction
[352.515s][info][gc,phases      ] GC(551) Phase 2: Prepare for compaction 29.333ms
[352.515s][info][gc,phases,start] GC(551) Phase 3: Adjust pointers
[352.584s][info][gc,phases      ] GC(551) Phase 3: Adjust pointers 69.284ms
[352.585s][info][gc,phases,start] GC(551) Phase 4: Compact heap
[352.609s][info][gc,phases      ] GC(551) Phase 4: Compact heap 24.038ms
[352.612s][info][gc,heap        ] GC(551) Eden regions: 0->0(25)
[352.612s][info][gc,heap        ] GC(551) Survivor regions: 0->0(0)
[352.612s][info][gc,heap        ] GC(551) Old regions: 499->490
[352.612s][info][gc,heap        ] GC(551) Archive regions: 2->2
[352.612s][info][gc,heap        ] GC(551) Humongous regions: 11->11
[352.612s][info][gc,metaspace   ] GC(551) Metaspace: 44269K(45520K)->44210K(45520K) NonClass: 39034K(39892K)->38984K(39892K) Class: 5235K(5628K)->5226K(5628K)
[352.613s][info][gc             ] GC(551) Pause Full (G1 Evacuation Pause) 507M->497M(512M) 424.970ms
[352.613s][info][gc,cpu         ] GC(551) User=2.54s Sys=0.03s Real=0.42s
[352.642s][info][gc,start       ] GC(552) Pause Young (Concurrent Start) (G1 Evacuation Pause)
[352.642s][info][gc,task        ] GC(552) Using 8 workers of 8 for evacuation
[352.645s][info][gc             ] GC(552) To-space exhausted
[352.645s][info][gc,phases      ] GC(552)   Pre Evacuate Collection Set: 0.1ms
[352.645s][info][gc,phases      ] GC(552)   Merge Heap Roots: 0.0ms
[352.645s][info][gc,phases      ] GC(552)   Evacuate Collection Set: 0.7ms
[352.645s][info][gc,phases      ] GC(552)   Post Evacuate Collection Set: 1.9ms
[352.645s][info][gc,phases      ] GC(552)   Other: 0.2ms
[352.645s][info][gc,heap        ] GC(552) Eden regions: 9->0(25)
[352.645s][info][gc,heap        ] GC(552) Survivor regions: 0->0(0)
[352.645s][info][gc,heap        ] GC(552) Old regions: 490->499
[352.645s][info][gc,heap        ] GC(552) Archive regions: 2->2
[352.645s][info][gc,heap        ] GC(552) Humongous regions: 11->11
[352.645s][info][gc,metaspace   ] GC(552) Metaspace: 44249K(45520K)->44249K(45520K) NonClass: 39017K(39892K)->39017K(39892K) Class: 5232K(5628K)->5232K(5628K)
[352.645s][info][gc             ] GC(552) Pause Young (Concurrent Start) (G1 Evacuation Pause) 506M->506M(512M) 2.991ms
[352.645s][info][gc,cpu         ] GC(552) User=0.01s Sys=0.00s Real=0.01s
[352.645s][info][gc,ergo        ] Attempting maximally compacting collection
[352.645s][info][gc             ] GC(553) Concurrent Cycle
[352.645s][info][gc,task        ] GC(554) Using 8 workers of 8 for full compaction
[352.645s][info][gc,marking     ] GC(553) Concurrent Clear Claimed Marks
[352.645s][info][gc,start       ] GC(554) Pause Full (G1 Evacuation Pause)
[352.645s][info][gc,marking     ] GC(553) Concurrent Clear Claimed Marks 0.035ms
[352.645s][info][gc,marking     ] GC(553) Concurrent Scan Root Regions
[352.645s][info][gc,marking     ] GC(553) Concurrent Scan Root Regions 0.006ms
[352.645s][info][gc,marking     ] GC(553) Concurrent Mark (352.645s)
[352.645s][info][gc,marking     ] GC(553) Concurrent Mark From Roots
[352.645s][info][gc,task        ] GC(553) Using 2 workers of 2 for marking
[352.646s][info][gc,phases,start] GC(554) Phase 1: Mark live objects
[352.879s][info][gc,phases      ] GC(554) Phase 1: Mark live objects 233.283ms
[352.879s][info][gc,phases,start] GC(554) Phase 2: Prepare for compaction
[352.915s][info][gc,phases      ] GC(554) Phase 2: Prepare for compaction 35.910ms
[352.915s][info][gc,phases,start] GC(554) Phase 3: Adjust pointers
[352.985s][info][gc,phases      ] GC(554) Phase 3: Adjust pointers 69.556ms
[352.985s][info][gc,phases,start] GC(554) Phase 4: Compact heap
[353.010s][info][gc,phases      ] GC(554) Phase 4: Compact heap 25.178ms
[353.014s][info][gc,heap        ] GC(554) Eden regions: 0->0(25)
[353.014s][info][gc,heap        ] GC(554) Survivor regions: 0->0(0)
[353.014s][info][gc,heap        ] GC(554) Old regions: 499->489
[353.014s][info][gc,heap        ] GC(554) Archive regions: 2->2
[353.014s][info][gc,heap        ] GC(554) Humongous regions: 11->11
[353.014s][info][gc,metaspace   ] GC(554) Metaspace: 44249K(45520K)->44155K(45520K) NonClass: 39017K(39892K)->38936K(39892K) Class: 5232K(5628K)->5218K(5628K)
[353.014s][info][gc             ] GC(554) Pause Full (G1 Evacuation Pause) 506M->497M(512M) 369.123ms
[353.016s][info][gc,cpu         ] GC(554) User=2.50s Sys=0.02s Real=0.37s
[353.016s][info][gc,marking     ] GC(553) Concurrent Mark From Roots 370.527ms
[353.016s][info][gc,marking     ] GC(553) Concurrent Mark Abort
[353.016s][info][gc             ] GC(553) Concurrent Cycle 370.652ms
[353.061s][info][gc,start       ] GC(555) Pause Young (Normal) (G1 Evacuation Pause)
[353.061s][info][gc,task        ] GC(555) Using 8 workers of 8 for evacuation
[353.064s][info][gc             ] GC(555) To-space exhausted
[353.064s][info][gc,phases      ] GC(555)   Pre Evacuate Collection Set: 0.1ms
[353.064s][info][gc,phases      ] GC(555)   Merge Heap Roots: 0.0ms
[353.064s][info][gc,phases      ] GC(555)   Evacuate Collection Set: 0.7ms
[353.064s][info][gc,phases      ] GC(555)   Post Evacuate Collection Set: 1.7ms
[353.064s][info][gc,phases      ] GC(555)   Other: 0.2ms
[353.064s][info][gc,heap        ] GC(555) Eden regions: 10->0(25)
[353.064s][info][gc,heap        ] GC(555) Survivor regions: 0->0(0)
[353.064s][info][gc,heap        ] GC(555) Old regions: 489->499
[353.064s][info][gc,heap        ] GC(555) Archive regions: 2->2
[353.064s][info][gc,heap        ] GC(555) Humongous regions: 11->11
[353.064s][info][gc,metaspace   ] GC(555) Metaspace: 44270K(45520K)->44270K(45520K) NonClass: 39034K(39892K)->39034K(39892K) Class: 5235K(5628K)->5235K(5628K)
[353.064s][info][gc             ] GC(555) Pause Young (Normal) (G1 Evacuation Pause) 507M->507M(512M) 2.756ms
[353.064s][info][gc,cpu         ] GC(555) User=0.01s Sys=0.00s Real=0.00s
[353.064s][info][gc,ergo        ] Attempting maximally compacting collection
[353.064s][info][gc,task        ] GC(556) Using 8 workers of 8 for full compaction
[353.064s][info][gc,start       ] GC(556) Pause Full (G1 Evacuation Pause)
[353.064s][info][gc,phases,start] GC(556) Phase 1: Mark live objects
[353.283s][info][gc,phases      ] GC(556) Phase 1: Mark live objects 219.299ms
[353.284s][info][gc,phases,start] GC(556) Phase 2: Prepare for compaction
[353.313s][info][gc,phases      ] GC(556) Phase 2: Prepare for compaction 29.407ms
[353.313s][info][gc,phases,start] GC(556) Phase 3: Adjust pointers
[353.379s][info][gc,phases      ] GC(556) Phase 3: Adjust pointers 66.025ms
[353.379s][info][gc,phases,start] GC(556) Phase 4: Compact heap
[353.407s][info][gc,phases      ] GC(556) Phase 4: Compact heap 27.599ms
[353.411s][info][gc,heap        ] GC(556) Eden regions: 0->0(25)
[353.411s][info][gc,heap        ] GC(556) Survivor regions: 0->0(0)
[353.411s][info][gc,heap        ] GC(556) Old regions: 499->489
[353.411s][info][gc,heap        ] GC(556) Archive regions: 2->2
[353.411s][info][gc,heap        ] GC(556) Humongous regions: 11->11
[353.411s][info][gc,metaspace   ] GC(556) Metaspace: 44270K(45520K)->44211K(45520K) NonClass: 39034K(39892K)->38984K(39892K) Class: 5235K(5628K)->5226K(5628K)
[353.411s][info][gc             ] GC(556) Pause Full (G1 Evacuation Pause) 507M->497M(512M) 346.531ms
[353.412s][info][gc,cpu         ] GC(556) User=2.51s Sys=0.02s Real=0.35s
[353.455s][info][gc,start       ] GC(557) Pause Young (Concurrent Start) (G1 Evacuation Pause)
[353.455s][info][gc,task        ] GC(557) Using 8 workers of 8 for evacuation
[353.457s][info][gc             ] GC(557) To-space exhausted
[353.457s][info][gc,phases      ] GC(557)   Pre Evacuate Collection Set: 0.1ms
[353.457s][info][gc,phases      ] GC(557)   Merge Heap Roots: 0.0ms
[353.457s][info][gc,phases      ] GC(557)   Evacuate Collection Set: 0.5ms
[353.457s][info][gc,phases      ] GC(557)   Post Evacuate Collection Set: 1.3ms
[353.457s][info][gc,phases      ] GC(557)   Other: 0.2ms
[353.457s][info][gc,heap        ] GC(557) Eden regions: 10->0(25)
[353.457s][info][gc,heap        ] GC(557) Survivor regions: 0->0(0)
[353.457s][info][gc,heap        ] GC(557) Old regions: 489->499
[353.457s][info][gc,heap        ] GC(557) Archive regions: 2->2
[353.457s][info][gc,heap        ] GC(557) Humongous regions: 11->11
[353.457s][info][gc,metaspace   ] GC(557) Metaspace: 44249K(45520K)->44249K(45520K) NonClass: 39017K(39892K)->39017K(39892K) Class: 5232K(5628K)->5232K(5628K)
[353.457s][info][gc             ] GC(557) Pause Young (Concurrent Start) (G1 Evacuation Pause) 507M->507M(512M) 2.241ms
[353.457s][info][gc,cpu         ] GC(557) User=0.01s Sys=0.00s Real=0.01s
[353.457s][info][gc,ergo        ] Attempting maximally compacting collection
[353.457s][info][gc,task        ] GC(558) Using 8 workers of 8 for full compaction
[353.457s][info][gc,start       ] GC(558) Pause Full (G1 Evacuation Pause)
[353.457s][info][gc             ] GC(559) Concurrent Cycle
[353.457s][info][gc,marking     ] GC(559) Concurrent Clear Claimed Marks
[353.457s][info][gc,marking     ] GC(559) Concurrent Clear Claimed Marks 0.070ms
[353.457s][info][gc,marking     ] GC(559) Concurrent Scan Root Regions
[353.457s][info][gc,marking     ] GC(559) Concurrent Scan Root Regions 0.017ms
[353.457s][info][gc,marking     ] GC(559) Concurrent Mark (353.457s)
[353.457s][info][gc,marking     ] GC(559) Concurrent Mark From Roots
[353.457s][info][gc,task        ] GC(559) Using 2 workers of 2 for marking
[353.457s][info][gc,phases,start] GC(558) Phase 1: Mark live objects
[353.672s][info][gc,phases      ] GC(558) Phase 1: Mark live objects 214.185ms
[353.672s][info][gc,phases,start] GC(558) Phase 2: Prepare for compaction
[353.700s][info][gc,phases      ] GC(558) Phase 2: Prepare for compaction 27.812ms
[353.700s][info][gc,phases,start] GC(558) Phase 3: Adjust pointers
[353.768s][info][gc,phases      ] GC(558) Phase 3: Adjust pointers 68.355ms
[353.768s][info][gc,phases,start] GC(558) Phase 4: Compact heap
[353.790s][info][gc,phases      ] GC(558) Phase 4: Compact heap 21.583ms
[353.794s][info][gc,heap        ] GC(558) Eden regions: 0->0(25)
[353.794s][info][gc,heap        ] GC(558) Survivor regions: 0->0(0)
[353.794s][info][gc,heap        ] GC(558) Old regions: 499->490
[353.794s][info][gc,heap        ] GC(558) Archive regions: 2->2
[353.794s][info][gc,heap        ] GC(558) Humongous regions: 11->11
[353.794s][info][gc,metaspace   ] GC(558) Metaspace: 44249K(45520K)->44156K(45520K) NonClass: 39017K(39892K)->38937K(39892K) Class: 5232K(5628K)->5218K(5628K)
[353.794s][info][gc             ] GC(558) Pause Full (G1 Evacuation Pause) 507M->497M(512M) 336.772ms
[353.795s][info][gc,cpu         ] GC(558) User=2.50s Sys=0.02s Real=0.34s
[353.795s][info][gc,marking     ] GC(559) Concurrent Mark From Roots 338.055ms
[353.795s][info][gc,marking     ] GC(559) Concurrent Mark Abort
[353.795s][info][gc             ] GC(559) Concurrent Cycle 338.260ms
[353.827s][info][gc,start       ] GC(560) Pause Young (Normal) (G1 Evacuation Pause)
[353.828s][info][gc,task        ] GC(560) Using 8 workers of 8 for evacuation
[353.830s][info][gc             ] GC(560) To-space exhausted
[353.830s][info][gc,phases      ] GC(560)   Pre Evacuate Collection Set: 0.1ms
[353.830s][info][gc,phases      ] GC(560)   Merge Heap Roots: 0.0ms
[353.830s][info][gc,phases      ] GC(560)   Evacuate Collection Set: 0.5ms
[353.830s][info][gc,phases      ] GC(560)   Post Evacuate Collection Set: 1.7ms
[353.830s][info][gc,phases      ] GC(560)   Other: 0.2ms
[353.830s][info][gc,heap        ] GC(560) Eden regions: 9->0(25)
[353.830s][info][gc,heap        ] GC(560) Survivor regions: 0->0(0)
[353.830s][info][gc,heap        ] GC(560) Old regions: 490->499
[353.830s][info][gc,heap        ] GC(560) Archive regions: 2->2
[353.830s][info][gc,heap        ] GC(560) Humongous regions: 11->11
[353.830s][info][gc,metaspace   ] GC(560) Metaspace: 44270K(45520K)->44270K(45520K) NonClass: 39034K(39892K)->39034K(39892K) Class: 5235K(5628K)->5235K(5628K)
[353.830s][info][gc             ] GC(560) Pause Young (Normal) (G1 Evacuation Pause) 506M->506M(512M) 2.576ms
[353.830s][info][gc,cpu         ] GC(560) User=0.01s Sys=0.00s Real=0.00s
[353.830s][info][gc,ergo        ] Attempting maximally compacting collection
[353.830s][info][gc,task        ] GC(561) Using 8 workers of 8 for full compaction
[353.830s][info][gc,start       ] GC(561) Pause Full (G1 Evacuation Pause)
[353.830s][info][gc,phases,start] GC(561) Phase 1: Mark live objects
[354.059s][info][gc,phases      ] GC(561) Phase 1: Mark live objects 228.646ms
[354.059s][info][gc,phases,start] GC(561) Phase 2: Prepare for compaction
[354.087s][info][gc,phases      ] GC(561) Phase 2: Prepare for compaction 27.951ms
[354.087s][info][gc,phases,start] GC(561) Phase 3: Adjust pointers
[354.152s][info][gc,phases      ] GC(561) Phase 3: Adjust pointers 65.024ms
[354.152s][info][gc,phases,start] GC(561) Phase 4: Compact heap
[354.175s][info][gc,phases      ] GC(561) Phase 4: Compact heap 23.185ms
[354.179s][info][gc,heap        ] GC(561) Eden regions: 0->0(25)
[354.179s][info][gc,heap        ] GC(561) Survivor regions: 0->0(0)
[354.179s][info][gc,heap        ] GC(561) Old regions: 499->490
[354.179s][info][gc,heap        ] GC(561) Archive regions: 2->2
[354.179s][info][gc,heap        ] GC(561) Humongous regions: 11->11
[354.179s][info][gc,metaspace   ] GC(561) Metaspace: 44270K(45520K)->44219K(45520K) NonClass: 39034K(39892K)->38991K(39892K) Class: 5235K(5628K)->5228K(5628K)
[354.179s][info][gc             ] GC(561) Pause Full (G1 Evacuation Pause) 506M->498M(512M) 349.103ms
[354.180s][info][gc,cpu         ] GC(561) User=2.52s Sys=0.01s Real=0.35s
[354.214s][info][gc,start       ] GC(562) Pause Young (Concurrent Start) (G1 Evacuation Pause)
[354.214s][info][gc,task        ] GC(562) Using 8 workers of 8 for evacuation
[354.216s][info][gc             ] GC(562) To-space exhausted
[354.216s][info][gc,phases      ] GC(562)   Pre Evacuate Collection Set: 0.1ms
[354.217s][info][gc,phases      ] GC(562)   Merge Heap Roots: 0.0ms
[354.217s][info][gc,phases      ] GC(562)   Evacuate Collection Set: 0.6ms
[354.217s][info][gc,phases      ] GC(562)   Post Evacuate Collection Set: 1.5ms
[354.217s][info][gc,phases      ] GC(562)   Other: 0.2ms
[354.217s][info][gc,heap        ] GC(562) Eden regions: 9->0(25)
[354.217s][info][gc,heap        ] GC(562) Survivor regions: 0->0(0)
[354.217s][info][gc,heap        ] GC(562) Old regions: 490->499
[354.217s][info][gc,heap        ] GC(562) Archive regions: 2->2
[354.217s][info][gc,heap        ] GC(562) Humongous regions: 11->11
[354.217s][info][gc,metaspace   ] GC(562) Metaspace: 44250K(45520K)->44250K(45520K) NonClass: 39017K(39892K)->39017K(39892K) Class: 5232K(5628K)->5232K(5628K)
[354.217s][info][gc             ] GC(562) Pause Young (Concurrent Start) (G1 Evacuation Pause) 507M->507M(512M) 2.453ms
[354.217s][info][gc,cpu         ] GC(562) User=0.01s Sys=0.00s Real=0.01s
[354.217s][info][gc,ergo        ] Attempting maximally compacting collection
[354.217s][info][gc,task        ] GC(563) Using 8 workers of 8 for full compaction
[354.217s][info][gc,start       ] GC(563) Pause Full (G1 Evacuation Pause)
[354.217s][info][gc             ] GC(564) Concurrent Cycle
[354.217s][info][gc,marking     ] GC(564) Concurrent Clear Claimed Marks
[354.217s][info][gc,marking     ] GC(564) Concurrent Clear Claimed Marks 0.086ms
[354.217s][info][gc,marking     ] GC(564) Concurrent Scan Root Regions
[354.217s][info][gc,marking     ] GC(564) Concurrent Scan Root Regions 0.017ms
[354.217s][info][gc,marking     ] GC(564) Concurrent Mark (354.217s)
[354.217s][info][gc,marking     ] GC(564) Concurrent Mark From Roots
[354.217s][info][gc,task        ] GC(564) Using 2 workers of 2 for marking
[354.217s][info][gc,phases,start] GC(563) Phase 1: Mark live objects
[354.436s][info][gc,phases      ] GC(563) Phase 1: Mark live objects 219.181ms
[354.436s][info][gc,phases,start] GC(563) Phase 2: Prepare for compaction
[354.469s][info][gc,phases      ] GC(563) Phase 2: Prepare for compaction 32.542ms
[354.469s][info][gc,phases,start] GC(563) Phase 3: Adjust pointers
[354.537s][info][gc,phases      ] GC(563) Phase 3: Adjust pointers 68.391ms
[354.537s][info][gc,phases,start] GC(563) Phase 4: Compact heap
[354.561s][info][gc,phases      ] GC(563) Phase 4: Compact heap 23.546ms
[354.565s][info][gc,heap        ] GC(563) Eden regions: 0->0(25)
[354.565s][info][gc,heap        ] GC(563) Survivor regions: 0->0(0)
[354.565s][info][gc,heap        ] GC(563) Old regions: 499->492
[354.565s][info][gc,heap        ] GC(563) Archive regions: 2->2
[354.565s][info][gc,heap        ] GC(563) Humongous regions: 11->11
[354.565s][info][gc,metaspace   ] GC(563) Metaspace: 44250K(45520K)->44156K(45520K) NonClass: 39017K(39892K)->38937K(39892K) Class: 5232K(5628K)->5218K(5628K)
[354.565s][info][gc             ] GC(563) Pause Full (G1 Evacuation Pause) 507M->498M(512M) 348.476ms
[354.566s][info][gc,cpu         ] GC(563) User=2.54s Sys=0.04s Real=0.35s
[354.566s][info][gc,marking     ] GC(564) Concurrent Mark From Roots 349.393ms
[354.566s][info][gc,marking     ] GC(564) Concurrent Mark Abort
[354.566s][info][gc             ] GC(564) Concurrent Cycle 349.601ms
[354.587s][info][gc,start       ] GC(565) Pause Young (Normal) (G1 Evacuation Pause)
[354.587s][info][gc,task        ] GC(565) Using 8 workers of 8 for evacuation
[354.589s][info][gc             ] GC(565) To-space exhausted
[354.589s][info][gc,phases      ] GC(565)   Pre Evacuate Collection Set: 0.1ms
[354.589s][info][gc,phases      ] GC(565)   Merge Heap Roots: 0.0ms
[354.589s][info][gc,phases      ] GC(565)   Evacuate Collection Set: 0.4ms
[354.589s][info][gc,phases      ] GC(565)   Post Evacuate Collection Set: 1.1ms
[354.589s][info][gc,phases      ] GC(565)   Other: 0.2ms
[354.589s][info][gc,heap        ] GC(565) Eden regions: 7->0(25)
[354.589s][info][gc,heap        ] GC(565) Survivor regions: 0->0(0)
[354.589s][info][gc,heap        ] GC(565) Old regions: 492->499
[354.589s][info][gc,heap        ] GC(565) Archive regions: 2->2
[354.589s][info][gc,heap        ] GC(565) Humongous regions: 11->11
[354.589s][info][gc,metaspace   ] GC(565) Metaspace: 44249K(45520K)->44249K(45520K) NonClass: 39017K(39892K)->39017K(39892K) Class: 5232K(5628K)->5232K(5628K)
[354.589s][info][gc             ] GC(565) Pause Young (Normal) (G1 Evacuation Pause) 505M->505M(512M) 1.871ms
[354.589s][info][gc,cpu         ] GC(565) User=0.01s Sys=0.00s Real=0.00s
[354.589s][info][gc,ergo        ] Attempting maximally compacting collection
[354.589s][info][gc,task        ] GC(566) Using 8 workers of 8 for full compaction
[354.589s][info][gc,start       ] GC(566) Pause Full (G1 Evacuation Pause)
[354.589s][info][gc,phases,start] GC(566) Phase 1: Mark live objects
[354.809s][info][gc,phases      ] GC(566) Phase 1: Mark live objects 219.388ms
[354.809s][info][gc,phases,start] GC(566) Phase 2: Prepare for compaction
[354.837s][info][gc,phases      ] GC(566) Phase 2: Prepare for compaction 28.520ms
[354.837s][info][gc,phases,start] GC(566) Phase 3: Adjust pointers
[354.907s][info][gc,phases      ] GC(566) Phase 3: Adjust pointers 69.828ms
[354.907s][info][gc,phases,start] GC(566) Phase 4: Compact heap
[354.932s][info][gc,phases      ] GC(566) Phase 4: Compact heap 24.789ms
[354.936s][info][gc,heap        ] GC(566) Eden regions: 0->0(25)
[354.936s][info][gc,heap        ] GC(566) Survivor regions: 0->0(0)
[354.936s][info][gc,heap        ] GC(566) Old regions: 499->490
[354.936s][info][gc,heap        ] GC(566) Archive regions: 2->2
[354.936s][info][gc,heap        ] GC(566) Humongous regions: 11->11
[354.936s][info][gc,metaspace   ] GC(566) Metaspace: 44249K(45520K)->44156K(45520K) NonClass: 39017K(39892K)->38937K(39892K) Class: 5232K(5628K)->5218K(5628K)
[354.936s][info][gc             ] GC(566) Pause Full (G1 Evacuation Pause) 505M->498M(512M) 347.087ms
[354.938s][info][gc,cpu         ] GC(566) User=2.52s Sys=0.03s Real=0.35s
[354.968s][info][gc,start       ] GC(567) Pause Young (Concurrent Start) (G1 Evacuation Pause)
[354.968s][info][gc,task        ] GC(567) Using 8 workers of 8 for evacuation
[354.971s][info][gc             ] GC(567) To-space exhausted
[354.971s][info][gc,phases      ] GC(567)   Pre Evacuate Collection Set: 0.1ms
[354.971s][info][gc,phases      ] GC(567)   Merge Heap Roots: 0.1ms
[354.971s][info][gc,phases      ] GC(567)   Evacuate Collection Set: 0.6ms
[354.971s][info][gc,phases      ] GC(567)   Post Evacuate Collection Set: 2.0ms
[354.971s][info][gc,phases      ] GC(567)   Other: 0.2ms
[354.971s][info][gc,heap        ] GC(567) Eden regions: 9->0(25)
[354.971s][info][gc,heap        ] GC(567) Survivor regions: 0->0(0)
[354.971s][info][gc,heap        ] GC(567) Old regions: 490->499
[354.971s][info][gc,heap        ] GC(567) Archive regions: 2->2
[354.971s][info][gc,heap        ] GC(567) Humongous regions: 11->11
[354.971s][info][gc,metaspace   ] GC(567) Metaspace: 44276K(45520K)->44276K(45520K) NonClass: 39040K(39892K)->39040K(39892K) Class: 5236K(5628K)->5236K(5628K)
[354.971s][info][gc             ] GC(567) Pause Young (Concurrent Start) (G1 Evacuation Pause) 507M->507M(512M) 3.040ms
[354.971s][info][gc,cpu         ] GC(567) User=0.01s Sys=0.01s Real=0.00s
[354.971s][info][gc,ergo        ] Attempting maximally compacting collection
[354.971s][info][gc             ] GC(568) Concurrent Cycle
[354.971s][info][gc,task        ] GC(569) Using 8 workers of 8 for full compaction
[354.971s][info][gc,marking     ] GC(568) Concurrent Clear Claimed Marks
[354.971s][info][gc,start       ] GC(569) Pause Full (G1 Evacuation Pause)
[354.971s][info][gc,marking     ] GC(568) Concurrent Clear Claimed Marks 0.050ms
[354.971s][info][gc,marking     ] GC(568) Concurrent Scan Root Regions
[354.971s][info][gc,marking     ] GC(568) Concurrent Scan Root Regions 0.008ms
[354.971s][info][gc,marking     ] GC(568) Concurrent Mark (354.971s)
[354.971s][info][gc,marking     ] GC(568) Concurrent Mark From Roots
[354.971s][info][gc,task        ] GC(568) Using 2 workers of 2 for marking
[354.972s][info][gc,phases,start] GC(569) Phase 1: Mark live objects
[355.218s][info][gc,phases      ] GC(569) Phase 1: Mark live objects 245.660ms
[355.218s][info][gc,phases,start] GC(569) Phase 2: Prepare for compaction
[355.246s][info][gc,phases      ] GC(569) Phase 2: Prepare for compaction 28.684ms
[355.246s][info][gc,phases,start] GC(569) Phase 3: Adjust pointers
[355.316s][info][gc,phases      ] GC(569) Phase 3: Adjust pointers 69.247ms
[355.316s][info][gc,phases,start] GC(569) Phase 4: Compact heap
[355.339s][info][gc,phases      ] GC(569) Phase 4: Compact heap 23.113ms
[355.343s][info][gc,heap        ] GC(569) Eden regions: 0->0(25)
[355.343s][info][gc,heap        ] GC(569) Survivor regions: 0->0(0)
[355.343s][info][gc,heap        ] GC(569) Old regions: 499->492
[355.343s][info][gc,heap        ] GC(569) Archive regions: 2->2
[355.343s][info][gc,heap        ] GC(569) Humongous regions: 11->11
[355.343s][info][gc,metaspace   ] GC(569) Metaspace: 44276K(45520K)->44182K(45520K) NonClass: 39040K(39892K)->38960K(39892K) Class: 5236K(5628K)->5222K(5628K)
[355.343s][info][gc             ] GC(569) Pause Full (G1 Evacuation Pause) 507M->498M(512M) 371.695ms
[355.345s][info][gc,cpu         ] GC(569) User=2.53s Sys=0.01s Real=0.37s
[355.345s][info][gc,marking     ] GC(568) Concurrent Mark From Roots 373.254ms
[355.345s][info][gc,marking     ] GC(568) Concurrent Mark Abort
[355.345s][info][gc             ] GC(568) Concurrent Cycle 373.415ms
[355.368s][info][gc,start       ] GC(570) Pause Young (Normal) (G1 Evacuation Pause)
[355.368s][info][gc,task        ] GC(570) Using 8 workers of 8 for evacuation
[355.370s][info][gc             ] GC(570) To-space exhausted
[355.370s][info][gc,phases      ] GC(570)   Pre Evacuate Collection Set: 0.1ms
[355.370s][info][gc,phases      ] GC(570)   Merge Heap Roots: 0.0ms
[355.370s][info][gc,phases      ] GC(570)   Evacuate Collection Set: 0.4ms
[355.370s][info][gc,phases      ] GC(570)   Post Evacuate Collection Set: 1.1ms
[355.370s][info][gc,phases      ] GC(570)   Other: 0.1ms
[355.370s][info][gc,heap        ] GC(570) Eden regions: 7->0(25)
[355.370s][info][gc,heap        ] GC(570) Survivor regions: 0->0(0)
[355.370s][info][gc,heap        ] GC(570) Old regions: 492->499
[355.370s][info][gc,heap        ] GC(570) Archive regions: 2->2
[355.370s][info][gc,heap        ] GC(570) Humongous regions: 11->11
[355.370s][info][gc,metaspace   ] GC(570) Metaspace: 44250K(45520K)->44250K(45520K) NonClass: 39017K(39892K)->39017K(39892K) Class: 5232K(5628K)->5232K(5628K)
[355.370s][info][gc             ] GC(570) Pause Young (Normal) (G1 Evacuation Pause) 505M->505M(512M) 1.820ms
[355.370s][info][gc,cpu         ] GC(570) User=0.00s Sys=0.01s Real=0.00s
[355.370s][info][gc,ergo        ] Attempting maximally compacting collection
[355.370s][info][gc,task        ] GC(571) Using 8 workers of 8 for full compaction
[355.370s][info][gc,start       ] GC(571) Pause Full (G1 Evacuation Pause)
[355.370s][info][gc,phases,start] GC(571) Phase 1: Mark live objects
[355.589s][info][gc,phases      ] GC(571) Phase 1: Mark live objects 218.531ms
[355.589s][info][gc,phases,start] GC(571) Phase 2: Prepare for compaction
[355.618s][info][gc,phases      ] GC(571) Phase 2: Prepare for compaction 29.189ms
[355.618s][info][gc,phases,start] GC(571) Phase 3: Adjust pointers
[355.683s][info][gc,phases      ] GC(571) Phase 3: Adjust pointers 65.139ms
[355.683s][info][gc,phases,start] GC(571) Phase 4: Compact heap
[355.708s][info][gc,phases      ] GC(571) Phase 4: Compact heap 25.075ms
[355.712s][info][gc,heap        ] GC(571) Eden regions: 0->0(25)
[355.712s][info][gc,heap        ] GC(571) Survivor regions: 0->0(0)
[355.712s][info][gc,heap        ] GC(571) Old regions: 499->493
[355.712s][info][gc,heap        ] GC(571) Archive regions: 2->2
[355.712s][info][gc,heap        ] GC(571) Humongous regions: 11->11
[355.712s][info][gc,metaspace   ] GC(571) Metaspace: 44250K(45520K)->44156K(45520K) NonClass: 39017K(39892K)->38937K(39892K) Class: 5232K(5628K)->5218K(5628K)
[355.712s][info][gc             ] GC(571) Pause Full (G1 Evacuation Pause) 505M->498M(512M) 342.115ms
[355.713s][info][gc,cpu         ] GC(571) User=2.55s Sys=0.02s Real=0.34s
[355.735s][info][gc,start       ] GC(572) Pause Young (Concurrent Start) (G1 Evacuation Pause)
[355.735s][info][gc,task        ] GC(572) Using 8 workers of 8 for evacuation
[355.739s][info][gc             ] GC(572) To-space exhausted
[355.739s][info][gc,phases      ] GC(572)   Pre Evacuate Collection Set: 0.2ms
[355.739s][info][gc,phases      ] GC(572)   Merge Heap Roots: 0.2ms
[355.739s][info][gc,phases      ] GC(572)   Evacuate Collection Set: 2.2ms
[355.739s][info][gc,phases      ] GC(572)   Post Evacuate Collection Set: 1.1ms
[355.739s][info][gc,phases      ] GC(572)   Other: 0.2ms
[355.739s][info][gc,heap        ] GC(572) Eden regions: 6->0(25)
[355.739s][info][gc,heap        ] GC(572) Survivor regions: 0->0(0)
[355.739s][info][gc,heap        ] GC(572) Old regions: 493->499
[355.739s][info][gc,heap        ] GC(572) Archive regions: 2->2
[355.739s][info][gc,heap        ] GC(572) Humongous regions: 11->11
[355.739s][info][gc,metaspace   ] GC(572) Metaspace: 44249K(45520K)->44249K(45520K) NonClass: 39017K(39892K)->39017K(39892K) Class: 5232K(5628K)->5232K(5628K)
[355.739s][info][gc             ] GC(572) Pause Young (Concurrent Start) (G1 Evacuation Pause) 504M->504M(512M) 3.949ms
[355.739s][info][gc,cpu         ] GC(572) User=0.01s Sys=0.00s Real=0.00s
[355.739s][info][gc,ergo        ] Attempting maximally compacting collection
[355.739s][info][gc             ] GC(573) Concurrent Cycle
[355.739s][info][gc,task        ] GC(573) Using 8 workers of 8 for full compaction
[355.739s][info][gc,marking     ] GC(573) Concurrent Clear Claimed Marks
[355.739s][info][gc,start       ] GC(573) Pause Full (G1 Evacuation Pause)
[355.739s][info][gc,marking     ] GC(573) Concurrent Clear Claimed Marks 0.039ms
[355.739s][info][gc,marking     ] GC(573) Concurrent Scan Root Regions
[355.739s][info][gc,marking     ] GC(573) Concurrent Scan Root Regions 0.016ms
[355.739s][info][gc,marking     ] GC(573) Concurrent Mark (355.739s)
[355.739s][info][gc,marking     ] GC(573) Concurrent Mark From Roots
[355.739s][info][gc,task        ] GC(573) Using 2 workers of 2 for marking
[355.739s][info][gc,phases,start] GC(573) Phase 1: Mark live objects
[355.962s][info][gc,phases      ] GC(573) Phase 1: Mark live objects 222.062ms
[355.962s][info][gc,phases,start] GC(573) Phase 2: Prepare for compaction
[355.992s][info][gc,phases      ] GC(573) Phase 2: Prepare for compaction 30.428ms
[355.992s][info][gc,phases,start] GC(573) Phase 3: Adjust pointers
[356.058s][info][gc,phases      ] GC(573) Phase 3: Adjust pointers 65.760ms
[356.058s][info][gc,phases,start] GC(573) Phase 4: Compact heap
[356.081s][info][gc,phases      ] GC(573) Phase 4: Compact heap 23.500ms
[356.085s][info][gc,heap        ] GC(573) Eden regions: 0->0(25)
[356.085s][info][gc,heap        ] GC(573) Survivor regions: 0->0(0)
[356.085s][info][gc,heap        ] GC(573) Old regions: 499->493
[356.085s][info][gc,heap        ] GC(573) Archive regions: 2->2
[356.085s][info][gc,heap        ] GC(573) Humongous regions: 11->11
[356.085s][info][gc,metaspace   ] GC(573) Metaspace: 44249K(45520K)->44156K(45520K) NonClass: 39017K(39892K)->38937K(39892K) Class: 5232K(5628K)->5218K(5628K)
[356.086s][info][gc             ] GC(573) Pause Full (G1 Evacuation Pause) 504M->499M(512M) 346.651ms
[356.087s][info][gc,cpu         ] GC(573) User=2.52s Sys=0.02s Real=0.35s
[356.087s][info][gc,marking     ] GC(573) Concurrent Mark From Roots 347.931ms
[356.087s][info][gc,marking     ] GC(573) Concurrent Mark Abort
[356.087s][info][gc             ] GC(573) Concurrent Cycle 348.083ms
[356.104s][info][gc,start       ] GC(574) Pause Young (Normal) (G1 Evacuation Pause)
[356.104s][info][gc,task        ] GC(574) Using 8 workers of 8 for evacuation
[356.106s][info][gc             ] GC(574) To-space exhausted
[356.106s][info][gc,phases      ] GC(574)   Pre Evacuate Collection Set: 0.1ms
[356.106s][info][gc,phases      ] GC(574)   Merge Heap Roots: 0.0ms
[356.106s][info][gc,phases      ] GC(574)   Evacuate Collection Set: 0.4ms
[356.106s][info][gc,phases      ] GC(574)   Post Evacuate Collection Set: 0.9ms
[356.106s][info][gc,phases      ] GC(574)   Other: 0.1ms
[356.106s][info][gc,heap        ] GC(574) Eden regions: 6->0(25)
[356.106s][info][gc,heap        ] GC(574) Survivor regions: 0->0(0)
[356.106s][info][gc,heap        ] GC(574) Old regions: 493->499
[356.106s][info][gc,heap        ] GC(574) Archive regions: 2->2
[356.106s][info][gc,heap        ] GC(574) Humongous regions: 11->11
[356.106s][info][gc,metaspace   ] GC(574) Metaspace: 44266K(45520K)->44266K(45520K) NonClass: 39031K(39892K)->39031K(39892K) Class: 5235K(5628K)->5235K(5628K)
[356.106s][info][gc             ] GC(574) Pause Young (Normal) (G1 Evacuation Pause) 505M->505M(512M) 1.627ms
[356.106s][info][gc,cpu         ] GC(574) User=0.01s Sys=0.00s Real=0.01s
[356.106s][info][gc,ergo        ] Attempting maximally compacting collection
[356.106s][info][gc,task        ] GC(575) Using 8 workers of 8 for full compaction
[356.106s][info][gc,start       ] GC(575) Pause Full (G1 Evacuation Pause)
[356.106s][info][gc,phases,start] GC(575) Phase 1: Mark live objects
[356.322s][info][gc,phases      ] GC(575) Phase 1: Mark live objects 216.322ms
[356.322s][info][gc,phases,start] GC(575) Phase 2: Prepare for compaction
[356.351s][info][gc,phases      ] GC(575) Phase 2: Prepare for compaction 28.266ms
[356.351s][info][gc,phases,start] GC(575) Phase 3: Adjust pointers
[356.416s][info][gc,phases      ] GC(575) Phase 3: Adjust pointers 65.715ms
[356.416s][info][gc,phases,start] GC(575) Phase 4: Compact heap
[356.440s][info][gc,phases      ] GC(575) Phase 4: Compact heap 23.430ms
[356.444s][info][gc,heap        ] GC(575) Eden regions: 0->0(25)
[356.444s][info][gc,heap        ] GC(575) Survivor regions: 0->0(0)
[356.444s][info][gc,heap        ] GC(575) Old regions: 499->493
[356.444s][info][gc,heap        ] GC(575) Archive regions: 2->2
[356.444s][info][gc,heap        ] GC(575) Humongous regions: 11->11
[356.444s][info][gc,metaspace   ] GC(575) Metaspace: 44266K(45520K)->44215K(45520K) NonClass: 39031K(39892K)->38987K(39892K) Class: 5235K(5628K)->5227K(5628K)
[356.444s][info][gc             ] GC(575) Pause Full (G1 Evacuation Pause) 505M->499M(512M) 338.201ms
[356.446s][info][gc,cpu         ] GC(575) User=2.49s Sys=0.02s Real=0.34s
[356.467s][info][gc,start       ] GC(576) Pause Young (Concurrent Start) (G1 Evacuation Pause)
[356.467s][info][gc,task        ] GC(576) Using 8 workers of 8 for evacuation
[356.469s][info][gc             ] GC(576) To-space exhausted
[356.469s][info][gc,phases      ] GC(576)   Pre Evacuate Collection Set: 0.1ms
[356.469s][info][gc,phases      ] GC(576)   Merge Heap Roots: 0.0ms
[356.469s][info][gc,phases      ] GC(576)   Evacuate Collection Set: 0.6ms
[356.469s][info][gc,phases      ] GC(576)   Post Evacuate Collection Set: 1.1ms
[356.469s][info][gc,phases      ] GC(576)   Other: 0.2ms
[356.469s][info][gc,heap        ] GC(576) Eden regions: 6->0(25)
[356.469s][info][gc,heap        ] GC(576) Survivor regions: 0->0(0)
[356.469s][info][gc,heap        ] GC(576) Old regions: 493->499
[356.469s][info][gc,heap        ] GC(576) Archive regions: 2->2
[356.469s][info][gc,heap        ] GC(576) Humongous regions: 11->11
[356.469s][info][gc,metaspace   ] GC(576) Metaspace: 44261K(45520K)->44261K(45520K) NonClass: 39027K(39892K)->39027K(39892K) Class: 5233K(5628K)->5233K(5628K)
[356.469s][info][gc             ] GC(576) Pause Young (Concurrent Start) (G1 Evacuation Pause) 505M->505M(512M) 2.039ms
[356.469s][info][gc,cpu         ] GC(576) User=0.01s Sys=0.00s Real=0.00s
[356.469s][info][gc,ergo        ] Attempting maximally compacting collection
[356.469s][info][gc             ] GC(577) Concurrent Cycle
[356.469s][info][gc,task        ] GC(578) Using 8 workers of 8 for full compaction
[356.469s][info][gc,marking     ] GC(577) Concurrent Clear Claimed Marks
[356.470s][info][gc,start       ] GC(578) Pause Full (G1 Evacuation Pause)
[356.470s][info][gc,marking     ] GC(577) Concurrent Clear Claimed Marks 0.045ms
[356.470s][info][gc,marking     ] GC(577) Concurrent Scan Root Regions
[356.470s][info][gc,marking     ] GC(577) Concurrent Scan Root Regions 0.010ms
[356.470s][info][gc,marking     ] GC(577) Concurrent Mark (356.470s)
[356.470s][info][gc,marking     ] GC(577) Concurrent Mark From Roots
[356.470s][info][gc,task        ] GC(577) Using 2 workers of 2 for marking
[356.470s][info][gc,phases,start] GC(578) Phase 1: Mark live objects
[356.699s][info][gc,phases      ] GC(578) Phase 1: Mark live objects 229.209ms
[356.699s][info][gc,phases,start] GC(578) Phase 2: Prepare for compaction
[356.728s][info][gc,phases      ] GC(578) Phase 2: Prepare for compaction 28.151ms
[356.728s][info][gc,phases,start] GC(578) Phase 3: Adjust pointers
[356.794s][info][gc,phases      ] GC(578) Phase 3: Adjust pointers 66.647ms
[356.794s][info][gc,phases,start] GC(578) Phase 4: Compact heap
[356.818s][info][gc,phases      ] GC(578) Phase 4: Compact heap 23.329ms
[356.822s][info][gc,heap        ] GC(578) Eden regions: 0->0(25)
[356.822s][info][gc,heap        ] GC(578) Survivor regions: 0->0(0)
[356.822s][info][gc,heap        ] GC(578) Old regions: 499->492
[356.822s][info][gc,heap        ] GC(578) Archive regions: 2->2
[356.822s][info][gc,heap        ] GC(578) Humongous regions: 11->11
[356.822s][info][gc,metaspace   ] GC(578) Metaspace: 44261K(45520K)->44156K(45520K) NonClass: 39027K(39892K)->38937K(39892K) Class: 5233K(5628K)->5218K(5628K)
[356.822s][info][gc             ] GC(578) Pause Full (G1 Evacuation Pause) 505M->499M(512M) 352.165ms
[356.823s][info][gc,cpu         ] GC(578) User=2.54s Sys=0.03s Real=0.35s
[356.823s][info][gc,marking     ] GC(577) Concurrent Mark From Roots 353.354ms
[356.823s][info][gc,marking     ] GC(577) Concurrent Mark Abort
[356.823s][info][gc             ] GC(577) Concurrent Cycle 353.492ms
[356.844s][info][gc,start       ] GC(579) Pause Young (Normal) (G1 Evacuation Pause)
[356.844s][info][gc,task        ] GC(579) Using 8 workers of 8 for evacuation
[356.845s][info][gc             ] GC(579) To-space exhausted
[356.845s][info][gc,phases      ] GC(579)   Pre Evacuate Collection Set: 0.1ms
[356.845s][info][gc,phases      ] GC(579)   Merge Heap Roots: 0.0ms
[356.845s][info][gc,phases      ] GC(579)   Evacuate Collection Set: 0.4ms
[356.845s][info][gc,phases      ] GC(579)   Post Evacuate Collection Set: 1.1ms
[356.845s][info][gc,phases      ] GC(579)   Other: 0.2ms
[356.845s][info][gc,heap        ] GC(579) Eden regions: 7->0(25)
[356.845s][info][gc,heap        ] GC(579) Survivor regions: 0->0(0)
[356.845s][info][gc,heap        ] GC(579) Old regions: 492->499
[356.845s][info][gc,heap        ] GC(579) Archive regions: 2->2
[356.845s][info][gc,heap        ] GC(579) Humongous regions: 11->11
[356.845s][info][gc,metaspace   ] GC(579) Metaspace: 44249K(45520K)->44249K(45520K) NonClass: 39017K(39892K)->39017K(39892K) Class: 5232K(5628K)->5232K(5628K)
[356.845s][info][gc             ] GC(579) Pause Young (Normal) (G1 Evacuation Pause) 506M->506M(512M) 1.845ms
[356.845s][info][gc,cpu         ] GC(579) User=0.01s Sys=0.00s Real=0.01s
[356.845s][info][gc,ergo        ] Attempting maximally compacting collection
[356.845s][info][gc,task        ] GC(580) Using 8 workers of 8 for full compaction
[356.846s][info][gc,start       ] GC(580) Pause Full (G1 Evacuation Pause)
[356.846s][info][gc,phases,start] GC(580) Phase 1: Mark live objects
[357.067s][info][gc,phases      ] GC(580) Phase 1: Mark live objects 221.726ms
[357.067s][info][gc,phases,start] GC(580) Phase 2: Prepare for compaction
[357.105s][info][gc,phases      ] GC(580) Phase 2: Prepare for compaction 38.140ms
[357.105s][info][gc,phases,start] GC(580) Phase 3: Adjust pointers
[357.201s][info][gc,phases      ] GC(580) Phase 3: Adjust pointers 95.411ms
[357.201s][info][gc,phases,start] GC(580) Phase 4: Compact heap
[357.236s][info][gc,phases      ] GC(580) Phase 4: Compact heap 35.534ms
[357.241s][info][gc,heap        ] GC(580) Eden regions: 0->0(25)
[357.241s][info][gc,heap        ] GC(580) Survivor regions: 0->0(0)
[357.241s][info][gc,heap        ] GC(580) Old regions: 499->491
[357.241s][info][gc,heap        ] GC(580) Archive regions: 2->2
[357.241s][info][gc,heap        ] GC(580) Humongous regions: 11->11
[357.241s][info][gc,metaspace   ] GC(580) Metaspace: 44249K(45520K)->44156K(45520K) NonClass: 39017K(39892K)->38937K(39892K) Class: 5232K(5628K)->5218K(5628K)
[357.241s][info][gc             ] GC(580) Pause Full (G1 Evacuation Pause) 506M->499M(512M) 395.364ms
[357.242s][info][gc,cpu         ] GC(580) User=2.53s Sys=0.03s Real=0.39s
[357.269s][info][gc,start       ] GC(581) Pause Young (Concurrent Start) (G1 Evacuation Pause)
[357.269s][info][gc,task        ] GC(581) Using 8 workers of 8 for evacuation
[357.273s][info][gc             ] GC(581) To-space exhausted
[357.273s][info][gc,phases      ] GC(581)   Pre Evacuate Collection Set: 0.1ms
[357.273s][info][gc,phases      ] GC(581)   Merge Heap Roots: 0.0ms
[357.273s][info][gc,phases      ] GC(581)   Evacuate Collection Set: 1.0ms
[357.273s][info][gc,phases      ] GC(581)   Post Evacuate Collection Set: 2.7ms
[357.273s][info][gc,phases      ] GC(581)   Other: 0.2ms
[357.273s][info][gc,heap        ] GC(581) Eden regions: 8->0(25)
[357.273s][info][gc,heap        ] GC(581) Survivor regions: 0->0(0)
[357.273s][info][gc,heap        ] GC(581) Old regions: 491->499
[357.273s][info][gc,heap        ] GC(581) Archive regions: 2->2
[357.273s][info][gc,heap        ] GC(581) Humongous regions: 11->11
[357.273s][info][gc,metaspace   ] GC(581) Metaspace: 44249K(45520K)->44249K(45520K) NonClass: 39017K(39892K)->39017K(39892K) Class: 5232K(5628K)->5232K(5628K)
[357.273s][info][gc             ] GC(581) Pause Young (Concurrent Start) (G1 Evacuation Pause) 507M->507M(512M) 4.079ms
[357.274s][info][gc,cpu         ] GC(581) User=0.01s Sys=0.00s Real=0.00s
[357.274s][info][gc,ergo        ] Attempting maximally compacting collection
[357.274s][info][gc             ] GC(582) Concurrent Cycle
[357.274s][info][gc,task        ] GC(583) Using 8 workers of 8 for full compaction
[357.274s][info][gc,marking     ] GC(582) Concurrent Clear Claimed Marks
[357.274s][info][gc,start       ] GC(583) Pause Full (G1 Evacuation Pause)
[357.274s][info][gc,marking     ] GC(582) Concurrent Clear Claimed Marks 0.070ms
[357.274s][info][gc,marking     ] GC(582) Concurrent Scan Root Regions
[357.274s][info][gc,marking     ] GC(582) Concurrent Scan Root Regions 0.013ms
[357.274s][info][gc,marking     ] GC(582) Concurrent Mark (357.274s)
[357.274s][info][gc,marking     ] GC(582) Concurrent Mark From Roots
[357.274s][info][gc,task        ] GC(582) Using 2 workers of 2 for marking
[357.274s][info][gc,phases,start] GC(583) Phase 1: Mark live objects
[357.561s][info][gc,phases      ] GC(583) Phase 1: Mark live objects 287.242ms
[357.562s][info][gc,phases,start] GC(583) Phase 2: Prepare for compaction
[357.590s][info][gc,phases      ] GC(583) Phase 2: Prepare for compaction 28.809ms
[357.590s][info][gc,phases,start] GC(583) Phase 3: Adjust pointers
[357.655s][info][gc,phases      ] GC(583) Phase 3: Adjust pointers 64.914ms
[357.655s][info][gc,phases,start] GC(583) Phase 4: Compact heap
[357.678s][info][gc,phases      ] GC(583) Phase 4: Compact heap 22.248ms
[357.682s][info][gc,heap        ] GC(583) Eden regions: 0->0(25)
[357.682s][info][gc,heap        ] GC(583) Survivor regions: 0->0(0)
[357.682s][info][gc,heap        ] GC(583) Old regions: 499->491
[357.682s][info][gc,heap        ] GC(583) Archive regions: 2->2
[357.682s][info][gc,heap        ] GC(583) Humongous regions: 11->11
[357.682s][info][gc,metaspace   ] GC(583) Metaspace: 44249K(45520K)->44156K(45520K) NonClass: 39017K(39892K)->38937K(39892K) Class: 5232K(5628K)->5218K(5628K)
[357.682s][info][gc             ] GC(583) Pause Full (G1 Evacuation Pause) 507M->499M(512M) 408.394ms
[357.683s][info][gc,cpu         ] GC(583) User=2.52s Sys=0.03s Real=0.41s
[357.683s][info][gc,marking     ] GC(582) Concurrent Mark From Roots 409.426ms
[357.683s][info][gc,marking     ] GC(582) Concurrent Mark Abort
[357.683s][info][gc             ] GC(582) Concurrent Cycle 409.601ms
[357.717s][info][gc,start       ] GC(584) Pause Young (Normal) (G1 Evacuation Pause)
[357.717s][info][gc,task        ] GC(584) Using 8 workers of 8 for evacuation
[357.720s][info][gc             ] GC(584) To-space exhausted
[357.720s][info][gc,phases      ] GC(584)   Pre Evacuate Collection Set: 0.1ms
[357.720s][info][gc,phases      ] GC(584)   Merge Heap Roots: 0.0ms
[357.720s][info][gc,phases      ] GC(584)   Evacuate Collection Set: 0.7ms
[357.720s][info][gc,phases      ] GC(584)   Post Evacuate Collection Set: 1.6ms
[357.720s][info][gc,phases      ] GC(584)   Other: 0.2ms
[357.720s][info][gc,heap        ] GC(584) Eden regions: 8->0(25)
[357.720s][info][gc,heap        ] GC(584) Survivor regions: 0->0(0)
[357.720s][info][gc,heap        ] GC(584) Old regions: 491->499
[357.720s][info][gc,heap        ] GC(584) Archive regions: 2->2
[357.720s][info][gc,heap        ] GC(584) Humongous regions: 11->11
[357.720s][info][gc,metaspace   ] GC(584) Metaspace: 44268K(45520K)->44268K(45520K) NonClass: 39033K(39892K)->39033K(39892K) Class: 5235K(5628K)->5235K(5628K)
[357.720s][info][gc             ] GC(584) Pause Young (Normal) (G1 Evacuation Pause) 507M->507M(512M) 2.590ms
[357.720s][info][gc,cpu         ] GC(584) User=0.01s Sys=0.00s Real=0.00s
[357.720s][info][gc,ergo        ] Attempting maximally compacting collection
[357.720s][info][gc,task        ] GC(585) Using 8 workers of 8 for full compaction
[357.720s][info][gc,start       ] GC(585) Pause Full (G1 Evacuation Pause)
[357.720s][info][gc,phases,start] GC(585) Phase 1: Mark live objects
[357.959s][info][gc,phases      ] GC(585) Phase 1: Mark live objects 239.354ms
[357.959s][info][gc,phases,start] GC(585) Phase 2: Prepare for compaction
[357.989s][info][gc,phases      ] GC(585) Phase 2: Prepare for compaction 30.056ms
[357.989s][info][gc,phases,start] GC(585) Phase 3: Adjust pointers
[358.067s][info][gc,phases      ] GC(585) Phase 3: Adjust pointers 77.249ms
[358.067s][info][gc,phases,start] GC(585) Phase 4: Compact heap
[358.093s][info][gc,phases      ] GC(585) Phase 4: Compact heap 25.862ms
[358.097s][info][gc,heap        ] GC(585) Eden regions: 0->0(25)
[358.097s][info][gc,heap        ] GC(585) Survivor regions: 0->0(0)
[358.097s][info][gc,heap        ] GC(585) Old regions: 499->493
[358.097s][info][gc,heap        ] GC(585) Archive regions: 2->2
[358.097s][info][gc,heap        ] GC(585) Humongous regions: 11->11
[358.097s][info][gc,metaspace   ] GC(585) Metaspace: 44268K(45520K)->44175K(45520K) NonClass: 39033K(39892K)->38953K(39892K) Class: 5235K(5628K)->5221K(5628K)
[358.097s][info][gc             ] GC(585) Pause Full (G1 Evacuation Pause) 507M->499M(512M) 376.888ms
[358.098s][info][gc,cpu         ] GC(585) User=2.53s Sys=0.02s Real=0.38s
[358.115s][info][gc,start       ] GC(586) Pause Young (Concurrent Start) (G1 Evacuation Pause)
[358.115s][info][gc,task        ] GC(586) Using 8 workers of 8 for evacuation
[358.117s][info][gc             ] GC(586) To-space exhausted
[358.117s][info][gc,phases      ] GC(586)   Pre Evacuate Collection Set: 0.1ms
[358.117s][info][gc,phases      ] GC(586)   Merge Heap Roots: 0.0ms
[358.117s][info][gc,phases      ] GC(586)   Evacuate Collection Set: 0.6ms
[358.117s][info][gc,phases      ] GC(586)   Post Evacuate Collection Set: 1.1ms
[358.117s][info][gc,phases      ] GC(586)   Other: 0.2ms
[358.117s][info][gc,heap        ] GC(586) Eden regions: 6->0(25)
[358.117s][info][gc,heap        ] GC(586) Survivor regions: 0->0(0)
[358.117s][info][gc,heap        ] GC(586) Old regions: 493->499
[358.117s][info][gc,heap        ] GC(586) Archive regions: 2->2
[358.117s][info][gc,heap        ] GC(586) Humongous regions: 11->11
[358.117s][info][gc,metaspace   ] GC(586) Metaspace: 44272K(45520K)->44272K(45520K) NonClass: 39037K(39892K)->39037K(39892K) Class: 5235K(5628K)->5235K(5628K)
[358.117s][info][gc             ] GC(586) Pause Young (Concurrent Start) (G1 Evacuation Pause) 505M->505M(512M) 2.057ms
[358.117s][info][gc,cpu         ] GC(586) User=0.01s Sys=0.00s Real=0.00s
[358.117s][info][gc,ergo        ] Attempting maximally compacting collection
[358.117s][info][gc             ] GC(587) Concurrent Cycle
[358.117s][info][gc,task        ] GC(588) Using 8 workers of 8 for full compaction
[358.117s][info][gc,marking     ] GC(587) Concurrent Clear Claimed Marks
[358.117s][info][gc,start       ] GC(588) Pause Full (G1 Evacuation Pause)
[358.117s][info][gc,marking     ] GC(587) Concurrent Clear Claimed Marks 0.060ms
[358.117s][info][gc,marking     ] GC(587) Concurrent Scan Root Regions
[358.117s][info][gc,marking     ] GC(587) Concurrent Scan Root Regions 0.014ms
[358.117s][info][gc,marking     ] GC(587) Concurrent Mark (358.117s)
[358.117s][info][gc,marking     ] GC(587) Concurrent Mark From Roots
[358.117s][info][gc,task        ] GC(587) Using 2 workers of 2 for marking
[358.118s][info][gc,phases,start] GC(588) Phase 1: Mark live objects
[358.358s][info][gc,phases      ] GC(588) Phase 1: Mark live objects 240.084ms
[358.358s][info][gc,phases,start] GC(588) Phase 2: Prepare for compaction
[358.387s][info][gc,phases      ] GC(588) Phase 2: Prepare for compaction 29.538ms
[358.387s][info][gc,phases,start] GC(588) Phase 3: Adjust pointers
[358.453s][info][gc,phases      ] GC(588) Phase 3: Adjust pointers 65.120ms
[358.453s][info][gc,phases,start] GC(588) Phase 4: Compact heap
[358.478s][info][gc,phases      ] GC(588) Phase 4: Compact heap 25.293ms
[358.482s][info][gc,heap        ] GC(588) Eden regions: 0->0(25)
[358.482s][info][gc,heap        ] GC(588) Survivor regions: 0->0(0)
[358.482s][info][gc,heap        ] GC(588) Old regions: 499->493
[358.482s][info][gc,heap        ] GC(588) Archive regions: 2->2
[358.482s][info][gc,heap        ] GC(588) Humongous regions: 11->11
[358.482s][info][gc,metaspace   ] GC(588) Metaspace: 44272K(45520K)->44192K(45520K) NonClass: 39037K(39892K)->38968K(39892K) Class: 5235K(5628K)->5224K(5628K)
[358.482s][info][gc             ] GC(588) Pause Full (G1 Evacuation Pause) 505M->499M(512M) 364.927ms
[358.483s][info][gc,cpu         ] GC(588) User=2.52s Sys=0.03s Real=0.36s
[358.483s][info][gc,marking     ] GC(587) Concurrent Mark From Roots 366.099ms
[358.483s][info][gc,marking     ] GC(587) Concurrent Mark Abort
[358.483s][info][gc             ] GC(587) Concurrent Cycle 366.315ms
[358.501s][info][gc,start       ] GC(589) Pause Young (Normal) (G1 Evacuation Pause)
[358.501s][info][gc,task        ] GC(589) Using 8 workers of 8 for evacuation
[358.502s][info][gc             ] GC(589) To-space exhausted
[358.502s][info][gc,phases      ] GC(589)   Pre Evacuate Collection Set: 0.1ms
[358.502s][info][gc,phases      ] GC(589)   Merge Heap Roots: 0.0ms
[358.502s][info][gc,phases      ] GC(589)   Evacuate Collection Set: 0.4ms
[358.502s][info][gc,phases      ] GC(589)   Post Evacuate Collection Set: 1.0ms
[358.502s][info][gc,phases      ] GC(589)   Other: 0.1ms
[358.502s][info][gc,heap        ] GC(589) Eden regions: 6->0(25)
[358.502s][info][gc,heap        ] GC(589) Survivor regions: 0->0(0)
[358.502s][info][gc,heap        ] GC(589) Old regions: 493->499
[358.502s][info][gc,heap        ] GC(589) Archive regions: 2->2
[358.502s][info][gc,heap        ] GC(589) Humongous regions: 11->11
[358.502s][info][gc,metaspace   ] GC(589) Metaspace: 44249K(45520K)->44249K(45520K) NonClass: 39017K(39892K)->39017K(39892K) Class: 5232K(5628K)->5232K(5628K)
[358.502s][info][gc             ] GC(589) Pause Young (Normal) (G1 Evacuation Pause) 505M->505M(512M) 1.717ms
[358.502s][info][gc,cpu         ] GC(589) User=0.00s Sys=0.00s Real=0.00s
[358.502s][info][gc,ergo        ] Attempting maximally compacting collection
[358.502s][info][gc,task        ] GC(590) Using 8 workers of 8 for full compaction
[358.502s][info][gc,start       ] GC(590) Pause Full (G1 Evacuation Pause)
[358.502s][info][gc,phases,start] GC(590) Phase 1: Mark live objects
[358.716s][info][gc,phases      ] GC(590) Phase 1: Mark live objects 213.705ms
[358.716s][info][gc,phases,start] GC(590) Phase 2: Prepare for compaction
[358.744s][info][gc,phases      ] GC(590) Phase 2: Prepare for compaction 27.633ms
[358.744s][info][gc,phases,start] GC(590) Phase 3: Adjust pointers
[358.810s][info][gc,phases      ] GC(590) Phase 3: Adjust pointers 66.625ms
[358.811s][info][gc,phases,start] GC(590) Phase 4: Compact heap
[358.835s][info][gc,phases      ] GC(590) Phase 4: Compact heap 24.836ms
[358.839s][info][gc,heap        ] GC(590) Eden regions: 0->0(25)
[358.839s][info][gc,heap        ] GC(590) Survivor regions: 0->0(0)
[358.839s][info][gc,heap        ] GC(590) Old regions: 499->494
[358.839s][info][gc,heap        ] GC(590) Archive regions: 2->2
[358.839s][info][gc,heap        ] GC(590) Humongous regions: 11->11
[358.839s][info][gc,metaspace   ] GC(590) Metaspace: 44249K(45520K)->44156K(45520K) NonClass: 39017K(39892K)->38937K(39892K) Class: 5232K(5628K)->5218K(5628K)
[358.839s][info][gc             ] GC(590) Pause Full (G1 Evacuation Pause) 505M->500M(512M) 337.006ms
[358.841s][info][gc,cpu         ] GC(590) User=2.52s Sys=0.02s Real=0.34s
[358.855s][info][gc,start       ] GC(591) Pause Young (Concurrent Start) (G1 Evacuation Pause)
[358.855s][info][gc,task        ] GC(591) Using 8 workers of 8 for evacuation
[358.857s][info][gc             ] GC(591) To-space exhausted
[358.857s][info][gc,phases      ] GC(591)   Pre Evacuate Collection Set: 0.1ms
[358.857s][info][gc,phases      ] GC(591)   Merge Heap Roots: 0.0ms
[358.857s][info][gc,phases      ] GC(591)   Evacuate Collection Set: 0.5ms
[358.857s][info][gc,phases      ] GC(591)   Post Evacuate Collection Set: 1.0ms
[358.857s][info][gc,phases      ] GC(591)   Other: 0.2ms
[358.857s][info][gc,heap        ] GC(591) Eden regions: 5->0(25)
[358.857s][info][gc,heap        ] GC(591) Survivor regions: 0->0(0)
[358.857s][info][gc,heap        ] GC(591) Old regions: 494->499
[358.857s][info][gc,heap        ] GC(591) Archive regions: 2->2
[358.857s][info][gc,heap        ] GC(591) Humongous regions: 11->11
[358.857s][info][gc,metaspace   ] GC(591) Metaspace: 44266K(45520K)->44266K(45520K) NonClass: 39031K(39892K)->39031K(39892K) Class: 5235K(5628K)->5235K(5628K)
[358.857s][info][gc             ] GC(591) Pause Young (Concurrent Start) (G1 Evacuation Pause) 505M->505M(512M) 1.908ms
[358.857s][info][gc,cpu         ] GC(591) User=0.01s Sys=0.00s Real=0.00s
[358.857s][info][gc,ergo        ] Attempting maximally compacting collection
[358.857s][info][gc,task        ] GC(592) Using 8 workers of 8 for full compaction
[358.857s][info][gc             ] GC(593) Concurrent Cycle
[358.857s][info][gc,start       ] GC(592) Pause Full (G1 Evacuation Pause)
[358.857s][info][gc,marking     ] GC(593) Concurrent Clear Claimed Marks
[358.857s][info][gc,marking     ] GC(593) Concurrent Clear Claimed Marks 0.059ms
[358.857s][info][gc,marking     ] GC(593) Concurrent Scan Root Regions
[358.857s][info][gc,marking     ] GC(593) Concurrent Scan Root Regions 0.018ms
[358.857s][info][gc,marking     ] GC(593) Concurrent Mark (358.857s)
[358.857s][info][gc,marking     ] GC(593) Concurrent Mark From Roots
[358.857s][info][gc,task        ] GC(593) Using 2 workers of 2 for marking
[358.857s][info][gc,phases,start] GC(592) Phase 1: Mark live objects
[359.081s][info][gc,phases      ] GC(592) Phase 1: Mark live objects 223.602ms
[359.081s][info][gc,phases,start] GC(592) Phase 2: Prepare for compaction
[359.110s][info][gc,phases      ] GC(592) Phase 2: Prepare for compaction 29.210ms
[359.110s][info][gc,phases,start] GC(592) Phase 3: Adjust pointers
[359.178s][info][gc,phases      ] GC(592) Phase 3: Adjust pointers 67.381ms
[359.178s][info][gc,phases,start] GC(592) Phase 4: Compact heap
[359.202s][info][gc,phases      ] GC(592) Phase 4: Compact heap 24.325ms
[359.206s][info][gc,heap        ] GC(592) Eden regions: 0->0(25)
[359.206s][info][gc,heap        ] GC(592) Survivor regions: 0->0(0)
[359.206s][info][gc,heap        ] GC(592) Old regions: 499->494
[359.206s][info][gc,heap        ] GC(592) Archive regions: 2->2
[359.206s][info][gc,heap        ] GC(592) Humongous regions: 11->11
[359.206s][info][gc,metaspace   ] GC(592) Metaspace: 44266K(45520K)->44211K(45520K) NonClass: 39031K(39892K)->38984K(39892K) Class: 5235K(5628K)->5226K(5628K)
[359.206s][info][gc             ] GC(592) Pause Full (G1 Evacuation Pause) 505M->500M(512M) 349.345ms
[359.208s][info][gc,cpu         ] GC(592) User=2.51s Sys=0.02s Real=0.35s
[359.208s][info][gc,marking     ] GC(593) Concurrent Mark From Roots 350.785ms
[359.208s][info][gc,marking     ] GC(593) Concurrent Mark Abort
[359.208s][info][gc             ] GC(593) Concurrent Cycle 351.001ms
[359.224s][info][gc,start       ] GC(594) Pause Young (Normal) (G1 Evacuation Pause)
[359.224s][info][gc,task        ] GC(594) Using 8 workers of 8 for evacuation
[359.225s][info][gc             ] GC(594) To-space exhausted
[359.225s][info][gc,phases      ] GC(594)   Pre Evacuate Collection Set: 0.1ms
[359.225s][info][gc,phases      ] GC(594)   Merge Heap Roots: 0.0ms
[359.225s][info][gc,phases      ] GC(594)   Evacuate Collection Set: 0.4ms
[359.225s][info][gc,phases      ] GC(594)   Post Evacuate Collection Set: 0.9ms
[359.225s][info][gc,phases      ] GC(594)   Other: 0.1ms
[359.225s][info][gc,heap        ] GC(594) Eden regions: 5->0(25)
[359.225s][info][gc,heap        ] GC(594) Survivor regions: 0->0(0)
[359.225s][info][gc,heap        ] GC(594) Old regions: 494->499
[359.225s][info][gc,heap        ] GC(594) Archive regions: 2->2
[359.225s][info][gc,heap        ] GC(594) Humongous regions: 11->11
[359.225s][info][gc,metaspace   ] GC(594) Metaspace: 44268K(45520K)->44268K(45520K) NonClass: 39033K(39892K)->39033K(39892K) Class: 5235K(5628K)->5235K(5628K)
[359.225s][info][gc             ] GC(594) Pause Young (Normal) (G1 Evacuation Pause) 505M->505M(512M) 1.605ms
[359.225s][info][gc,cpu         ] GC(594) User=0.00s Sys=0.00s Real=0.01s
[359.225s][info][gc,ergo        ] Attempting maximally compacting collection
[359.225s][info][gc,task        ] GC(595) Using 8 workers of 8 for full compaction
[359.225s][info][gc,start       ] GC(595) Pause Full (G1 Evacuation Pause)
[359.225s][info][gc,phases,start] GC(595) Phase 1: Mark live objects
[359.458s][info][gc,phases      ] GC(595) Phase 1: Mark live objects 232.384ms
[359.458s][info][gc,phases,start] GC(595) Phase 2: Prepare for compaction
[359.489s][info][gc,phases      ] GC(595) Phase 2: Prepare for compaction 31.376ms
[359.489s][info][gc,phases,start] GC(595) Phase 3: Adjust pointers
[359.567s][info][gc,phases      ] GC(595) Phase 3: Adjust pointers 77.450ms
[359.567s][info][gc,phases,start] GC(595) Phase 4: Compact heap
[359.596s][info][gc,phases      ] GC(595) Phase 4: Compact heap 29.313ms
[359.600s][info][gc,heap        ] GC(595) Eden regions: 0->0(25)
[359.600s][info][gc,heap        ] GC(595) Survivor regions: 0->0(0)
[359.600s][info][gc,heap        ] GC(595) Old regions: 499->494
[359.600s][info][gc,heap        ] GC(595) Archive regions: 2->2
[359.600s][info][gc,heap        ] GC(595) Humongous regions: 11->11
[359.600s][info][gc,metaspace   ] GC(595) Metaspace: 44268K(45520K)->44167K(45520K) NonClass: 39033K(39892K)->38947K(39892K) Class: 5235K(5628K)->5220K(5628K)
[359.600s][info][gc             ] GC(595) Pause Full (G1 Evacuation Pause) 505M->500M(512M) 374.820ms
[359.601s][info][gc,cpu         ] GC(595) User=2.56s Sys=0.02s Real=0.37s
[359.615s][info][gc,start       ] GC(596) Pause Young (Concurrent Start) (G1 Evacuation Pause)
[359.615s][info][gc,task        ] GC(596) Using 8 workers of 8 for evacuation
[359.617s][info][gc             ] GC(596) To-space exhausted
[359.617s][info][gc,phases      ] GC(596)   Pre Evacuate Collection Set: 0.1ms
[359.617s][info][gc,phases      ] GC(596)   Merge Heap Roots: 0.0ms
[359.617s][info][gc,phases      ] GC(596)   Evacuate Collection Set: 0.5ms
[359.617s][info][gc,phases      ] GC(596)   Post Evacuate Collection Set: 0.8ms
[359.617s][info][gc,phases      ] GC(596)   Other: 0.2ms
[359.617s][info][gc,heap        ] GC(596) Eden regions: 5->0(25)
[359.617s][info][gc,heap        ] GC(596) Survivor regions: 0->0(0)
[359.617s][info][gc,heap        ] GC(596) Old regions: 494->499
[359.617s][info][gc,heap        ] GC(596) Archive regions: 2->2
[359.617s][info][gc,heap        ] GC(596) Humongous regions: 11->11
[359.617s][info][gc,metaspace   ] GC(596) Metaspace: 44249K(45520K)->44249K(45520K) NonClass: 39017K(39892K)->39017K(39892K) Class: 5232K(5628K)->5232K(5628K)
[359.617s][info][gc             ] GC(596) Pause Young (Concurrent Start) (G1 Evacuation Pause) 505M->505M(512M) 1.709ms
[359.617s][info][gc,cpu         ] GC(596) User=0.01s Sys=0.00s Real=0.00s
[359.617s][info][gc,ergo        ] Attempting maximally compacting collection
[359.617s][info][gc,task        ] GC(597) Using 8 workers of 8 for full compaction
[359.617s][info][gc             ] GC(598) Concurrent Cycle
[359.617s][info][gc,start       ] GC(597) Pause Full (G1 Evacuation Pause)
[359.617s][info][gc,marking     ] GC(598) Concurrent Clear Claimed Marks
[359.617s][info][gc,marking     ] GC(598) Concurrent Clear Claimed Marks 0.053ms
[359.617s][info][gc,marking     ] GC(598) Concurrent Scan Root Regions
[359.617s][info][gc,marking     ] GC(598) Concurrent Scan Root Regions 0.017ms
[359.617s][info][gc,marking     ] GC(598) Concurrent Mark (359.617s)
[359.617s][info][gc,marking     ] GC(598) Concurrent Mark From Roots
[359.617s][info][gc,task        ] GC(598) Using 2 workers of 2 for marking
[359.617s][info][gc,phases,start] GC(597) Phase 1: Mark live objects
[359.834s][info][gc,phases      ] GC(597) Phase 1: Mark live objects 216.191ms
[359.834s][info][gc,phases,start] GC(597) Phase 2: Prepare for compaction
[359.862s][info][gc,phases      ] GC(597) Phase 2: Prepare for compaction 28.398ms
[359.862s][info][gc,phases,start] GC(597) Phase 3: Adjust pointers
[359.931s][info][gc,phases      ] GC(597) Phase 3: Adjust pointers 68.828ms
[359.931s][info][gc,phases,start] GC(597) Phase 4: Compact heap
[359.957s][info][gc,phases      ] GC(597) Phase 4: Compact heap 25.857ms
[359.961s][info][gc,heap        ] GC(597) Eden regions: 0->0(25)
[359.961s][info][gc,heap        ] GC(597) Survivor regions: 0->0(0)
[359.961s][info][gc,heap        ] GC(597) Old regions: 499->494
[359.961s][info][gc,heap        ] GC(597) Archive regions: 2->2
[359.961s][info][gc,heap        ] GC(597) Humongous regions: 11->11
[359.961s][info][gc,metaspace   ] GC(597) Metaspace: 44249K(45520K)->44160K(45520K) NonClass: 39017K(39892K)->38940K(39892K) Class: 5232K(5628K)->5219K(5628K)
[359.961s][info][gc             ] GC(597) Pause Full (G1 Evacuation Pause) 505M->500M(512M) 344.185ms
[359.963s][info][gc,cpu         ] GC(597) User=2.53s Sys=0.03s Real=0.34s
[359.963s][info][gc,marking     ] GC(598) Concurrent Mark From Roots 345.684ms
[359.963s][info][gc,marking     ] GC(598) Concurrent Mark Abort
[359.963s][info][gc             ] GC(598) Concurrent Cycle 345.880ms
[359.984s][info][gc,start       ] GC(599) Pause Young (Normal) (G1 Evacuation Pause)
[359.984s][info][gc,task        ] GC(599) Using 8 workers of 8 for evacuation
[359.987s][info][gc             ] GC(599) To-space exhausted
[359.987s][info][gc,phases      ] GC(599)   Pre Evacuate Collection Set: 0.1ms
[359.987s][info][gc,phases      ] GC(599)   Merge Heap Roots: 0.0ms
[359.987s][info][gc,phases      ] GC(599)   Evacuate Collection Set: 0.7ms
[359.987s][info][gc,phases      ] GC(599)   Post Evacuate Collection Set: 1.2ms
[359.987s][info][gc,phases      ] GC(599)   Other: 0.2ms
[359.987s][info][gc,heap        ] GC(599) Eden regions: 5->0(25)
[359.987s][info][gc,heap        ] GC(599) Survivor regions: 0->0(0)
[359.987s][info][gc,heap        ] GC(599) Old regions: 494->499
[359.987s][info][gc,heap        ] GC(599) Archive regions: 2->2
[359.987s][info][gc,heap        ] GC(599) Humongous regions: 11->11
[359.987s][info][gc,metaspace   ] GC(599) Metaspace: 44253K(45520K)->44253K(45520K) NonClass: 39020K(39892K)->39020K(39892K) Class: 5232K(5628K)->5232K(5628K)
[359.987s][info][gc             ] GC(599) Pause Young (Normal) (G1 Evacuation Pause) 505M->505M(512M) 2.277ms
[359.987s][info][gc,cpu         ] GC(599) User=0.00s Sys=0.00s Real=0.01s
[359.987s][info][gc,ergo        ] Attempting maximally compacting collection
[359.987s][info][gc,task        ] GC(600) Using 8 workers of 8 for full compaction
[359.987s][info][gc,start       ] GC(600) Pause Full (G1 Evacuation Pause)
[359.987s][info][gc,phases,start] GC(600) Phase 1: Mark live objects
[360.209s][info][gc,phases      ] GC(600) Phase 1: Mark live objects 222.481ms
[360.209s][info][gc,phases,start] GC(600) Phase 2: Prepare for compaction
[360.238s][info][gc,phases      ] GC(600) Phase 2: Prepare for compaction 29.041ms
[360.238s][info][gc,phases,start] GC(600) Phase 3: Adjust pointers
[360.304s][info][gc,phases      ] GC(600) Phase 3: Adjust pointers 66.022ms
[360.304s][info][gc,phases,start] GC(600) Phase 4: Compact heap
[360.327s][info][gc,phases      ] GC(600) Phase 4: Compact heap 22.420ms
[360.331s][info][gc,heap        ] GC(600) Eden regions: 0->0(25)
[360.331s][info][gc,heap        ] GC(600) Survivor regions: 0->0(0)
[360.331s][info][gc,heap        ] GC(600) Old regions: 499->494
[360.331s][info][gc,heap        ] GC(600) Archive regions: 2->2
[360.331s][info][gc,heap        ] GC(600) Humongous regions: 11->11
[360.331s][info][gc,metaspace   ] GC(600) Metaspace: 44253K(45520K)->44156K(45520K) NonClass: 39020K(39892K)->38937K(39892K) Class: 5232K(5628K)->5218K(5628K)
[360.331s][info][gc             ] GC(600) Pause Full (G1 Evacuation Pause) 505M->500M(512M) 344.350ms
[360.333s][info][gc,cpu         ] GC(600) User=2.51s Sys=0.02s Real=0.34s
[360.337s][info][gc,start       ] GC(601) Pause Young (Concurrent Start) (G1 Humongous Allocation)
[360.337s][info][gc,task        ] GC(601) Using 8 workers of 8 for evacuation
[360.338s][info][gc,phases      ] GC(601)   Pre Evacuate Collection Set: 0.1ms
[360.338s][info][gc,phases      ] GC(601)   Merge Heap Roots: 0.0ms
[360.338s][info][gc,phases      ] GC(601)   Evacuate Collection Set: 0.5ms
[360.338s][info][gc,phases      ] GC(601)   Post Evacuate Collection Set: 0.3ms
[360.338s][info][gc,phases      ] GC(601)   Other: 0.2ms
[360.338s][info][gc,heap        ] GC(601) Eden regions: 2->0(24)
[360.338s][info][gc,heap        ] GC(601) Survivor regions: 0->1(3)
[360.338s][info][gc,heap        ] GC(601) Old regions: 494->494
[360.338s][info][gc,heap        ] GC(601) Archive regions: 2->2
[360.338s][info][gc,heap        ] GC(601) Humongous regions: 11->11
[360.338s][info][gc,metaspace   ] GC(601) Metaspace: 44163K(45520K)->44163K(45520K) NonClass: 38943K(39892K)->38943K(39892K) Class: 5219K(5628K)->5219K(5628K)
[360.338s][info][gc             ] GC(601) Pause Young (Concurrent Start) (G1 Humongous Allocation) 501M->500M(512M) 1.053ms
[360.338s][info][gc,cpu         ] GC(601) User=0.01s Sys=0.01s Real=0.00s
[360.338s][info][gc             ] GC(602) Concurrent Cycle
[360.338s][info][gc,marking     ] GC(602) Concurrent Clear Claimed Marks
[360.338s][info][gc,marking     ] GC(602) Concurrent Clear Claimed Marks 0.018ms
[360.338s][info][gc,marking     ] GC(602) Concurrent Scan Root Regions
[360.339s][info][gc,marking     ] GC(602) Concurrent Scan Root Regions 0.564ms
[360.339s][info][gc,start       ] GC(603) Pause Young (Normal) (G1 Humongous Allocation)
[360.339s][info][gc,marking     ] GC(602) Concurrent Mark (360.339s)
[360.339s][info][gc,task        ] GC(603) Using 8 workers of 8 for evacuation
[360.339s][info][gc,marking     ] GC(602) Concurrent Mark From Roots
[360.339s][info][gc,task        ] GC(602) Using 2 workers of 2 for marking
[360.339s][info][gc,phases      ] GC(603)   Pre Evacuate Collection Set: 0.1ms
[360.339s][info][gc,phases      ] GC(603)   Merge Heap Roots: 0.0ms
[360.339s][info][gc,phases      ] GC(603)   Evacuate Collection Set: 0.2ms
[360.339s][info][gc,phases      ] GC(603)   Post Evacuate Collection Set: 0.1ms
[360.339s][info][gc,phases      ] GC(603)   Other: 0.1ms
[360.339s][info][gc,heap        ] GC(603) Eden regions: 0->0(24)
[360.339s][info][gc,heap        ] GC(603) Survivor regions: 1->1(4)
[360.339s][info][gc,heap        ] GC(603) Old regions: 494->494
[360.339s][info][gc,heap        ] GC(603) Archive regions: 2->2
[360.339s][info][gc,heap        ] GC(603) Humongous regions: 11->11
[360.339s][info][gc,metaspace   ] GC(603) Metaspace: 44163K(45520K)->44163K(45520K) NonClass: 38943K(39892K)->38943K(39892K) Class: 5219K(5628K)->5219K(5628K)
[360.339s][info][gc             ] GC(603) Pause Young (Normal) (G1 Humongous Allocation) 500M->500M(512M) 0.591ms
[360.339s][info][gc,cpu         ] GC(603) User=0.00s Sys=0.00s Real=0.00s
[360.339s][info][gc,task        ] GC(604) Using 8 workers of 8 for full compaction
[360.339s][info][gc,start       ] GC(604) Pause Full (G1 Humongous Allocation)
[360.340s][info][gc,phases,start] GC(604) Phase 1: Mark live objects
[360.557s][info][gc,phases      ] GC(604) Phase 1: Mark live objects 216.768ms
[360.557s][info][gc,phases,start] GC(604) Phase 2: Prepare for compaction
[360.585s][info][gc,phases      ] GC(604) Phase 2: Prepare for compaction 27.953ms
[360.585s][info][gc,phases,start] GC(604) Phase 3: Adjust pointers
[360.653s][info][gc,phases      ] GC(604) Phase 3: Adjust pointers 68.035ms
[360.653s][info][gc,phases,start] GC(604) Phase 4: Compact heap
[360.675s][info][gc,phases      ] GC(604) Phase 4: Compact heap 22.413ms
[360.679s][info][gc,heap        ] GC(604) Eden regions: 0->0(25)
[360.679s][info][gc,heap        ] GC(604) Survivor regions: 1->0(4)
[360.679s][info][gc,heap        ] GC(604) Old regions: 494->493
[360.679s][info][gc,heap        ] GC(604) Archive regions: 2->2
[360.679s][info][gc,heap        ] GC(604) Humongous regions: 11->11
[360.679s][info][gc,metaspace   ] GC(604) Metaspace: 44163K(45520K)->44163K(45520K) NonClass: 38943K(39892K)->38943K(39892K) Class: 5219K(5628K)->5219K(5628K)
[360.679s][info][gc             ] GC(604) Pause Full (G1 Humongous Allocation) 500M->500M(512M) 339.851ms
[360.680s][info][gc,cpu         ] GC(604) User=2.52s Sys=0.02s Real=0.34s
[360.680s][info][gc,task        ] GC(605) Using 8 workers of 8 for full compaction
[360.680s][info][gc,start       ] GC(605) Pause Full (G1 Humongous Allocation)
[360.681s][info][gc,phases,start] GC(605) Phase 1: Mark live objects
[360.894s][info][gc,phases      ] GC(605) Phase 1: Mark live objects 213.846ms
[360.894s][info][gc,phases,start] GC(605) Phase 2: Prepare for compaction
[360.925s][info][gc,phases      ] GC(605) Phase 2: Prepare for compaction 30.247ms
[360.925s][info][gc,phases,start] GC(605) Phase 3: Adjust pointers
[360.992s][info][gc,phases      ] GC(605) Phase 3: Adjust pointers 67.322ms
[360.992s][info][gc,phases,start] GC(605) Phase 4: Compact heap
[361.016s][info][gc,phases      ] GC(605) Phase 4: Compact heap 23.618ms
[361.020s][info][gc,heap        ] GC(605) Eden regions: 0->0(25)
[361.020s][info][gc,heap        ] GC(605) Survivor regions: 0->0(4)
[361.020s][info][gc,heap        ] GC(605) Old regions: 493->493
[361.020s][info][gc,heap        ] GC(605) Archive regions: 2->2
[361.020s][info][gc,heap        ] GC(605) Humongous regions: 11->11
[361.020s][info][gc,metaspace   ] GC(605) Metaspace: 44163K(45520K)->44163K(45520K) NonClass: 38943K(39892K)->38943K(39892K) Class: 5219K(5628K)->5219K(5628K)
[361.020s][info][gc             ] GC(605) Pause Full (G1 Humongous Allocation) 500M->500M(512M) 339.176ms
[361.021s][info][gc,cpu         ] GC(605) User=2.50s Sys=0.03s Real=0.34s
[361.021s][info][gc,marking     ] GC(602) Concurrent Mark From Roots 682.271ms
[361.021s][info][gc,marking     ] GC(602) Concurrent Mark Abort
[361.021s][info][gc             ] GC(602) Concurrent Cycle 682.953ms
[361.022s][info][gc,start       ] GC(606) Pause Young (Concurrent Start) (G1 Humongous Allocation)
[361.022s][info][gc,task        ] GC(606) Using 8 workers of 8 for evacuation
[361.022s][info][gc,phases      ] GC(606)   Pre Evacuate Collection Set: 0.1ms
[361.022s][info][gc,phases      ] GC(606)   Merge Heap Roots: 0.0ms
[361.022s][info][gc,phases      ] GC(606)   Evacuate Collection Set: 0.5ms
[361.022s][info][gc,phases      ] GC(606)   Post Evacuate Collection Set: 0.2ms
[361.022s][info][gc,phases      ] GC(606)   Other: 0.1ms
[361.022s][info][gc,heap        ] GC(606) Eden regions: 0->0(25)
[361.023s][info][gc,heap        ] GC(606) Survivor regions: 0->0(4)
[361.023s][info][gc,heap        ] GC(606) Old regions: 493->493
[361.023s][info][gc,heap        ] GC(606) Archive regions: 2->2
[361.023s][info][gc,heap        ] GC(606) Humongous regions: 11->11
[361.023s][info][gc,metaspace   ] GC(606) Metaspace: 44163K(45520K)->44163K(45520K) NonClass: 38943K(39892K)->38943K(39892K) Class: 5219K(5628K)->5219K(5628K)
[361.023s][info][gc             ] GC(606) Pause Young (Concurrent Start) (G1 Humongous Allocation) 500M->500M(512M) 0.898ms
[361.023s][info][gc,cpu         ] GC(606) User=0.01s Sys=0.00s Real=0.00s
[361.023s][info][gc             ] GC(607) Concurrent Cycle
[361.023s][info][gc,marking     ] GC(607) Concurrent Clear Claimed Marks
[361.023s][info][gc,marking     ] GC(607) Concurrent Clear Claimed Marks 0.030ms
[361.023s][info][gc,marking     ] GC(607) Concurrent Scan Root Regions
[361.023s][info][gc,marking     ] GC(607) Concurrent Scan Root Regions 0.007ms
[361.023s][info][gc,marking     ] GC(607) Concurrent Mark (361.023s)
[361.023s][info][gc,marking     ] GC(607) Concurrent Mark From Roots
[361.023s][info][gc,task        ] GC(607) Using 2 workers of 2 for marking
[361.023s][info][gc,start       ] GC(608) Pause Young (Normal) (G1 Humongous Allocation)
[361.023s][info][gc,task        ] GC(608) Using 8 workers of 8 for evacuation
[361.024s][info][gc,phases      ] GC(608)   Pre Evacuate Collection Set: 0.1ms
[361.024s][info][gc,phases      ] GC(608)   Merge Heap Roots: 0.0ms
[361.024s][info][gc,phases      ] GC(608)   Evacuate Collection Set: 0.1ms
[361.024s][info][gc,phases      ] GC(608)   Post Evacuate Collection Set: 0.1ms
[361.024s][info][gc,phases      ] GC(608)   Other: 0.1ms
[361.024s][info][gc,heap        ] GC(608) Eden regions: 0->0(25)
[361.024s][info][gc,heap        ] GC(608) Survivor regions: 0->0(4)
[361.024s][info][gc,heap        ] GC(608) Old regions: 493->493
[361.024s][info][gc,heap        ] GC(608) Archive regions: 2->2
[361.024s][info][gc,heap        ] GC(608) Humongous regions: 11->11
[361.024s][info][gc,metaspace   ] GC(608) Metaspace: 44163K(45520K)->44163K(45520K) NonClass: 38943K(39892K)->38943K(39892K) Class: 5219K(5628K)->5219K(5628K)
[361.024s][info][gc             ] GC(608) Pause Young (Normal) (G1 Humongous Allocation) 500M->500M(512M) 0.510ms
[361.024s][info][gc,cpu         ] GC(608) User=0.00s Sys=0.00s Real=0.00s
[361.024s][info][gc,task        ] GC(609) Using 8 workers of 8 for full compaction
[361.024s][info][gc,start       ] GC(609) Pause Full (G1 Humongous Allocation)
[361.024s][info][gc,phases,start] GC(609) Phase 1: Mark live objects
[361.241s][info][gc,phases      ] GC(609) Phase 1: Mark live objects 216.490ms
[361.241s][info][gc,phases,start] GC(609) Phase 2: Prepare for compaction
[361.270s][info][gc,phases      ] GC(609) Phase 2: Prepare for compaction 29.393ms
[361.270s][info][gc,phases,start] GC(609) Phase 3: Adjust pointers
[361.340s][info][gc,phases      ] GC(609) Phase 3: Adjust pointers 69.752ms
[361.340s][info][gc,phases,start] GC(609) Phase 4: Compact heap
[361.368s][info][gc,phases      ] GC(609) Phase 4: Compact heap 28.077ms
[361.372s][info][gc,heap        ] GC(609) Eden regions: 0->0(25)
[361.372s][info][gc,heap        ] GC(609) Survivor regions: 0->0(4)
[361.372s][info][gc,heap        ] GC(609) Old regions: 493->493
[361.372s][info][gc,heap        ] GC(609) Archive regions: 2->2
[361.372s][info][gc,heap        ] GC(609) Humongous regions: 11->11
[361.372s][info][gc,metaspace   ] GC(609) Metaspace: 44163K(45520K)->44163K(45520K) NonClass: 38943K(39892K)->38943K(39892K) Class: 5219K(5628K)->5219K(5628K)
[361.372s][info][gc             ] GC(609) Pause Full (G1 Humongous Allocation) 500M->500M(512M) 348.450ms
[361.374s][info][gc,cpu         ] GC(609) User=2.50s Sys=0.03s Real=0.35s
[361.374s][info][gc,task        ] GC(610) Using 8 workers of 8 for full compaction
[361.374s][info][gc,start       ] GC(610) Pause Full (G1 Humongous Allocation)
[361.374s][info][gc,phases,start] GC(610) Phase 1: Mark live objects
[361.597s][info][gc,phases      ] GC(610) Phase 1: Mark live objects 222.909ms
[361.597s][info][gc,phases,start] GC(610) Phase 2: Prepare for compaction
[361.626s][info][gc,phases      ] GC(610) Phase 2: Prepare for compaction 29.055ms
[361.626s][info][gc,phases,start] GC(610) Phase 3: Adjust pointers
[361.695s][info][gc,phases      ] GC(610) Phase 3: Adjust pointers 68.762ms
[361.695s][info][gc,phases,start] GC(610) Phase 4: Compact heap
[361.721s][info][gc,phases      ] GC(610) Phase 4: Compact heap 26.570ms
[361.725s][info][gc,heap        ] GC(610) Eden regions: 0->0(25)
[361.725s][info][gc,heap        ] GC(610) Survivor regions: 0->0(4)
[361.725s][info][gc,heap        ] GC(610) Old regions: 493->493
[361.725s][info][gc,heap        ] GC(610) Archive regions: 2->2
[361.725s][info][gc,heap        ] GC(610) Humongous regions: 11->11
[361.725s][info][gc,metaspace   ] GC(610) Metaspace: 44163K(45520K)->44163K(45520K) NonClass: 38943K(39892K)->38943K(39892K) Class: 5219K(5628K)->5219K(5628K)
[361.725s][info][gc             ] GC(610) Pause Full (G1 Humongous Allocation) 500M->500M(512M) 351.364ms
[361.726s][info][gc,cpu         ] GC(610) User=2.54s Sys=0.02s Real=0.36s
[361.726s][info][gc,marking     ] GC(607) Concurrent Mark From Roots 703.794ms
[361.726s][info][gc,marking     ] GC(607) Concurrent Mark Abort
[361.727s][info][gc             ] GC(607) Concurrent Cycle 703.914ms
[361.727s][info][gc,start       ] GC(611) Pause Young (Concurrent Start) (G1 Humongous Allocation)
[361.727s][info][gc,task        ] GC(611) Using 8 workers of 8 for evacuation
[361.728s][info][gc,phases      ] GC(611)   Pre Evacuate Collection Set: 0.1ms
[361.728s][info][gc,phases      ] GC(611)   Merge Heap Roots: 0.0ms
[361.728s][info][gc,phases      ] GC(611)   Evacuate Collection Set: 0.5ms
[361.728s][info][gc,phases      ] GC(611)   Post Evacuate Collection Set: 0.1ms
[361.728s][info][gc,phases      ] GC(611)   Other: 0.1ms
[361.728s][info][gc,heap        ] GC(611) Eden regions: 1->0(24)
[361.728s][info][gc,heap        ] GC(611) Survivor regions: 0->1(4)
[361.728s][info][gc,heap        ] GC(611) Old regions: 493->493
[361.728s][info][gc,heap        ] GC(611) Archive regions: 2->2
[361.728s][info][gc,heap        ] GC(611) Humongous regions: 11->11
[361.728s][info][gc,metaspace   ] GC(611) Metaspace: 44163K(45520K)->44163K(45520K) NonClass: 38943K(39892K)->38943K(39892K) Class: 5219K(5628K)->5219K(5628K)
[361.728s][info][gc             ] GC(611) Pause Young (Concurrent Start) (G1 Humongous Allocation) 500M->500M(512M) 0.873ms
[361.728s][info][gc,cpu         ] GC(611) User=0.00s Sys=0.00s Real=0.00s
[361.728s][info][gc             ] GC(612) Concurrent Cycle
[361.728s][info][gc,marking     ] GC(612) Concurrent Clear Claimed Marks
[361.728s][info][gc,marking     ] GC(612) Concurrent Clear Claimed Marks 0.013ms
[361.728s][info][gc,marking     ] GC(612) Concurrent Scan Root Regions
[361.728s][info][gc,marking     ] GC(612) Concurrent Scan Root Regions 0.393ms
[361.728s][info][gc,marking     ] GC(612) Concurrent Mark (361.728s)
[361.728s][info][gc,marking     ] GC(612) Concurrent Mark From Roots
[361.728s][info][gc,task        ] GC(612) Using 2 workers of 2 for marking
[361.728s][info][gc,start       ] GC(613) Pause Young (Normal) (G1 Humongous Allocation)
[361.728s][info][gc,task        ] GC(613) Using 8 workers of 8 for evacuation
[361.729s][info][gc,phases      ] GC(613)   Pre Evacuate Collection Set: 0.2ms
[361.729s][info][gc,phases      ] GC(613)   Merge Heap Roots: 0.0ms
[361.729s][info][gc,phases      ] GC(613)   Evacuate Collection Set: 0.2ms
[361.729s][info][gc,phases      ] GC(613)   Post Evacuate Collection Set: 0.1ms
[361.729s][info][gc,phases      ] GC(613)   Other: 0.1ms
[361.729s][info][gc,heap        ] GC(613) Eden regions: 0->0(24)
[361.729s][info][gc,heap        ] GC(613) Survivor regions: 1->1(4)
[361.729s][info][gc,heap        ] GC(613) Old regions: 493->493
[361.729s][info][gc,heap        ] GC(613) Archive regions: 2->2
[361.729s][info][gc,heap        ] GC(613) Humongous regions: 11->11
[361.729s][info][gc,metaspace   ] GC(613) Metaspace: 44163K(45520K)->44163K(45520K) NonClass: 38943K(39892K)->38943K(39892K) Class: 5219K(5628K)->5219K(5628K)
[361.729s][info][gc             ] GC(613) Pause Young (Normal) (G1 Humongous Allocation) 500M->500M(512M) 0.587ms
[361.729s][info][gc,cpu         ] GC(613) User=0.00s Sys=0.00s Real=0.00s
[361.729s][info][gc,task        ] GC(614) Using 8 workers of 8 for full compaction
[361.729s][info][gc,start       ] GC(614) Pause Full (G1 Humongous Allocation)
[361.729s][info][gc,phases,start] GC(614) Phase 1: Mark live objects
[361.946s][info][gc,phases      ] GC(614) Phase 1: Mark live objects 216.225ms
[361.946s][info][gc,phases,start] GC(614) Phase 2: Prepare for compaction
[361.974s][info][gc,phases      ] GC(614) Phase 2: Prepare for compaction 28.787ms
[361.974s][info][gc,phases,start] GC(614) Phase 3: Adjust pointers
[362.043s][info][gc,phases      ] GC(614) Phase 3: Adjust pointers 68.799ms
[362.043s][info][gc,phases,start] GC(614) Phase 4: Compact heap
[362.070s][info][gc,phases      ] GC(614) Phase 4: Compact heap 27.169ms
[362.075s][info][gc,heap        ] GC(614) Eden regions: 0->0(25)
[362.075s][info][gc,heap        ] GC(614) Survivor regions: 1->0(4)
[362.075s][info][gc,heap        ] GC(614) Old regions: 493->491
[362.075s][info][gc,heap        ] GC(614) Archive regions: 2->2
[362.075s][info][gc,heap        ] GC(614) Humongous regions: 11->11
[362.075s][info][gc,metaspace   ] GC(614) Metaspace: 44163K(45520K)->44163K(45520K) NonClass: 38943K(39892K)->38943K(39892K) Class: 5219K(5628K)->5219K(5628K)
[362.075s][info][gc             ] GC(614) Pause Full (G1 Humongous Allocation) 500M->500M(512M) 346.073ms
[362.076s][info][gc,cpu         ] GC(614) User=2.51s Sys=0.03s Real=0.35s
[362.076s][info][gc,task        ] GC(615) Using 8 workers of 8 for full compaction
[362.076s][info][gc,start       ] GC(615) Pause Full (G1 Humongous Allocation)
[362.076s][info][gc,phases,start] GC(615) Phase 1: Mark live objects
[362.385s][info][gc,phases      ] GC(615) Phase 1: Mark live objects 308.656ms
[362.385s][info][gc,phases,start] GC(615) Phase 2: Prepare for compaction
[362.413s][info][gc,phases      ] GC(615) Phase 2: Prepare for compaction 28.398ms
[362.413s][info][gc,phases,start] GC(615) Phase 3: Adjust pointers
[362.481s][info][gc,phases      ] GC(615) Phase 3: Adjust pointers 67.529ms
[362.481s][info][gc,phases,start] GC(615) Phase 4: Compact heap
[362.509s][info][gc,phases      ] GC(615) Phase 4: Compact heap 27.619ms
[362.513s][info][gc,heap        ] GC(615) Eden regions: 0->0(25)
[362.513s][info][gc,heap        ] GC(615) Survivor regions: 0->0(4)
[362.513s][info][gc,heap        ] GC(615) Old regions: 491->491
[362.513s][info][gc,heap        ] GC(615) Archive regions: 2->2
[362.513s][info][gc,heap        ] GC(615) Humongous regions: 11->11
[362.513s][info][gc,metaspace   ] GC(615) Metaspace: 44163K(45520K)->44163K(45520K) NonClass: 38943K(39892K)->38943K(39892K) Class: 5219K(5628K)->5219K(5628K)
[362.513s][info][gc             ] GC(615) Pause Full (G1 Humongous Allocation) 500M->500M(512M) 436.272ms
[362.514s][info][gc,cpu         ] GC(615) User=2.52s Sys=0.03s Real=0.43s
[362.514s][info][gc,marking     ] GC(612) Concurrent Mark From Roots 786.295ms
[362.514s][info][gc,marking     ] GC(612) Concurrent Mark Abort
[362.514s][info][gc             ] GC(612) Concurrent Cycle 786.767ms
[362.515s][info][gc,start       ] GC(616) Pause Young (Concurrent Start) (G1 Humongous Allocation)
[362.515s][info][gc,task        ] GC(616) Using 8 workers of 8 for evacuation
[362.515s][info][gc,phases      ] GC(616)   Pre Evacuate Collection Set: 0.1ms
[362.515s][info][gc,phases      ] GC(616)   Merge Heap Roots: 0.0ms
[362.515s][info][gc,phases      ] GC(616)   Evacuate Collection Set: 0.4ms
[362.515s][info][gc,phases      ] GC(616)   Post Evacuate Collection Set: 0.2ms
[362.515s][info][gc,phases      ] GC(616)   Other: 0.1ms
[362.515s][info][gc,heap        ] GC(616) Eden regions: 1->0(24)
[362.515s][info][gc,heap        ] GC(616) Survivor regions: 0->1(4)
[362.515s][info][gc,heap        ] GC(616) Old regions: 491->491
[362.515s][info][gc,heap        ] GC(616) Archive regions: 2->2
[362.515s][info][gc,heap        ] GC(616) Humongous regions: 11->11
[362.515s][info][gc,metaspace   ] GC(616) Metaspace: 44163K(45520K)->44163K(45520K) NonClass: 38943K(39892K)->38943K(39892K) Class: 5219K(5628K)->5219K(5628K)
[362.515s][info][gc             ] GC(616) Pause Young (Concurrent Start) (G1 Humongous Allocation) 500M->500M(512M) 0.863ms
[362.515s][info][gc,cpu         ] GC(616) User=0.00s Sys=0.00s Real=0.01s
[362.516s][info][gc             ] GC(617) Concurrent Cycle
[362.516s][info][gc,marking     ] GC(617) Concurrent Clear Claimed Marks
[362.516s][info][gc,marking     ] GC(617) Concurrent Clear Claimed Marks 0.026ms
[362.516s][info][gc,marking     ] GC(617) Concurrent Scan Root Regions
[362.516s][info][gc,marking     ] GC(617) Concurrent Scan Root Regions 0.404ms
[362.516s][info][gc,marking     ] GC(617) Concurrent Mark (362.516s)
[362.516s][info][gc,marking     ] GC(617) Concurrent Mark From Roots
[362.516s][info][gc,task        ] GC(617) Using 2 workers of 2 for marking
[362.516s][info][gc,start       ] GC(618) Pause Young (Normal) (G1 Humongous Allocation)
[362.516s][info][gc,task        ] GC(618) Using 8 workers of 8 for evacuation
[362.516s][info][gc,phases      ] GC(618)   Pre Evacuate Collection Set: 0.4ms
[362.516s][info][gc,phases      ] GC(618)   Merge Heap Roots: 0.0ms
[362.517s][info][gc,phases      ] GC(618)   Evacuate Collection Set: 0.2ms
[362.517s][info][gc,phases      ] GC(618)   Post Evacuate Collection Set: 0.1ms
[362.517s][info][gc,phases      ] GC(618)   Other: 0.1ms
[362.517s][info][gc,heap        ] GC(618) Eden regions: 1->0(24)
[362.517s][info][gc,heap        ] GC(618) Survivor regions: 1->1(4)
[362.517s][info][gc,heap        ] GC(618) Old regions: 491->491
[362.517s][info][gc,heap        ] GC(618) Archive regions: 2->2
[362.517s][info][gc,heap        ] GC(618) Humongous regions: 11->11
[362.517s][info][gc,metaspace   ] GC(618) Metaspace: 44163K(45520K)->44163K(45520K) NonClass: 38943K(39892K)->38943K(39892K) Class: 5219K(5628K)->5219K(5628K)
[362.517s][info][gc             ] GC(618) Pause Young (Normal) (G1 Humongous Allocation) 500M->500M(512M) 0.527ms
[362.517s][info][gc,cpu         ] GC(618) User=0.00s Sys=0.00s Real=0.00s
[362.517s][info][gc,task        ] GC(619) Using 8 workers of 8 for full compaction
[362.517s][info][gc,start       ] GC(619) Pause Full (G1 Humongous Allocation)
[362.517s][info][gc,phases,start] GC(619) Phase 1: Mark live objects
[362.735s][info][gc,phases      ] GC(619) Phase 1: Mark live objects 217.820ms
[362.735s][info][gc,phases,start] GC(619) Phase 2: Prepare for compaction
[362.764s][info][gc,phases      ] GC(619) Phase 2: Prepare for compaction 29.019ms
[362.764s][info][gc,phases,start] GC(619) Phase 3: Adjust pointers
[362.830s][info][gc,phases      ] GC(619) Phase 3: Adjust pointers 66.064ms
[362.830s][info][gc,phases,start] GC(619) Phase 4: Compact heap
[362.857s][info][gc,phases      ] GC(619) Phase 4: Compact heap 27.133ms
[362.861s][info][gc,heap        ] GC(619) Eden regions: 0->0(25)
[362.862s][info][gc,heap        ] GC(619) Survivor regions: 1->0(4)
[362.862s][info][gc,heap        ] GC(619) Old regions: 491->492
[362.862s][info][gc,heap        ] GC(619) Archive regions: 2->2
[362.862s][info][gc,heap        ] GC(619) Humongous regions: 11->11
[362.862s][info][gc,metaspace   ] GC(619) Metaspace: 44163K(45520K)->44163K(45520K) NonClass: 38943K(39892K)->38943K(39892K) Class: 5219K(5628K)->5219K(5628K)
[362.862s][info][gc             ] GC(619) Pause Full (G1 Humongous Allocation) 500M->500M(512M) 344.927ms
[362.863s][info][gc,cpu         ] GC(619) User=2.53s Sys=0.03s Real=0.34s
[362.863s][info][gc,task        ] GC(620) Using 8 workers of 8 for full compaction
[362.863s][info][gc,start       ] GC(620) Pause Full (G1 Humongous Allocation)
[362.863s][info][gc,phases,start] GC(620) Phase 1: Mark live objects
[363.077s][info][gc,phases      ] GC(620) Phase 1: Mark live objects 214.066ms
[363.077s][info][gc,phases,start] GC(620) Phase 2: Prepare for compaction
[363.106s][info][gc,phases      ] GC(620) Phase 2: Prepare for compaction 28.758ms
[363.106s][info][gc,phases,start] GC(620) Phase 3: Adjust pointers
[363.171s][info][gc,phases      ] GC(620) Phase 3: Adjust pointers 65.282ms
[363.171s][info][gc,phases,start] GC(620) Phase 4: Compact heap
[363.200s][info][gc,phases      ] GC(620) Phase 4: Compact heap 28.975ms
[363.206s][info][gc,heap        ] GC(620) Eden regions: 0->0(25)
[363.206s][info][gc,heap        ] GC(620) Survivor regions: 0->0(4)
[363.206s][info][gc,heap        ] GC(620) Old regions: 492->492
[363.206s][info][gc,heap        ] GC(620) Archive regions: 2->2
[363.206s][info][gc,heap        ] GC(620) Humongous regions: 11->11
[363.206s][info][gc,metaspace   ] GC(620) Metaspace: 44163K(45520K)->44163K(45520K) NonClass: 38943K(39892K)->38943K(39892K) Class: 5219K(5628K)->5219K(5628K)
[363.206s][info][gc             ] GC(620) Pause Full (G1 Humongous Allocation) 500M->500M(512M) 342.331ms
[363.207s][info][gc,cpu         ] GC(620) User=2.50s Sys=0.02s Real=0.35s
[363.207s][info][gc,marking     ] GC(617) Concurrent Mark From Roots 691.418ms
[363.207s][info][gc,marking     ] GC(617) Concurrent Mark Abort
[363.207s][info][gc             ] GC(617) Concurrent Cycle 691.925ms
[363.208s][info][gc,start       ] GC(621) Pause Young (Concurrent Start) (G1 Humongous Allocation)
[363.208s][info][gc,task        ] GC(621) Using 8 workers of 8 for evacuation
[363.209s][info][gc,phases      ] GC(621)   Pre Evacuate Collection Set: 0.1ms
[363.209s][info][gc,phases      ] GC(621)   Merge Heap Roots: 0.0ms
[363.209s][info][gc,phases      ] GC(621)   Evacuate Collection Set: 0.5ms
[363.209s][info][gc,phases      ] GC(621)   Post Evacuate Collection Set: 0.1ms
[363.209s][info][gc,phases      ] GC(621)   Other: 0.1ms
[363.209s][info][gc,heap        ] GC(621) Eden regions: 1->0(24)
[363.209s][info][gc,heap        ] GC(621) Survivor regions: 0->1(4)
[363.209s][info][gc,heap        ] GC(621) Old regions: 492->492
[363.209s][info][gc,heap        ] GC(621) Archive regions: 2->2
[363.209s][info][gc,heap        ] GC(621) Humongous regions: 11->11
[363.209s][info][gc,metaspace   ] GC(621) Metaspace: 44163K(45520K)->44163K(45520K) NonClass: 38943K(39892K)->38943K(39892K) Class: 5219K(5628K)->5219K(5628K)
[363.209s][info][gc             ] GC(621) Pause Young (Concurrent Start) (G1 Humongous Allocation) 500M->500M(512M) 0.900ms
[363.209s][info][gc,cpu         ] GC(621) User=0.00s Sys=0.00s Real=0.00s
[363.209s][info][gc             ] GC(622) Concurrent Cycle
[363.209s][info][gc,marking     ] GC(622) Concurrent Clear Claimed Marks
[363.209s][info][gc,marking     ] GC(622) Concurrent Clear Claimed Marks 0.031ms
[363.209s][info][gc,marking     ] GC(622) Concurrent Scan Root Regions
[363.209s][info][gc,marking     ] GC(622) Concurrent Scan Root Regions 0.383ms
[363.209s][info][gc,marking     ] GC(622) Concurrent Mark (363.209s)
[363.209s][info][gc,marking     ] GC(622) Concurrent Mark From Roots
[363.209s][info][gc,task        ] GC(622) Using 2 workers of 2 for marking
[363.209s][info][gc,start       ] GC(623) Pause Young (Normal) (G1 Humongous Allocation)
[363.209s][info][gc,task        ] GC(623) Using 8 workers of 8 for evacuation
[363.210s][info][gc,phases      ] GC(623)   Pre Evacuate Collection Set: 0.3ms
[363.210s][info][gc,phases      ] GC(623)   Merge Heap Roots: 0.0ms
[363.210s][info][gc,phases      ] GC(623)   Evacuate Collection Set: 0.2ms
[363.210s][info][gc,phases      ] GC(623)   Post Evacuate Collection Set: 0.1ms
[363.210s][info][gc,phases      ] GC(623)   Other: 0.1ms
[363.210s][info][gc,heap        ] GC(623) Eden regions: 1->0(24)
[363.210s][info][gc,heap        ] GC(623) Survivor regions: 1->1(4)
[363.210s][info][gc,heap        ] GC(623) Old regions: 492->492
[363.210s][info][gc,heap        ] GC(623) Archive regions: 2->2
[363.210s][info][gc,heap        ] GC(623) Humongous regions: 11->11
[363.210s][info][gc,metaspace   ] GC(623) Metaspace: 44164K(45520K)->44164K(45520K) NonClass: 38944K(39892K)->38944K(39892K) Class: 5219K(5628K)->5219K(5628K)
[363.210s][info][gc             ] GC(623) Pause Young (Normal) (G1 Humongous Allocation) 500M->500M(512M) 0.507ms
[363.210s][info][gc,cpu         ] GC(623) User=0.00s Sys=0.00s Real=0.00s
[363.210s][info][gc,task        ] GC(624) Using 8 workers of 8 for full compaction
[363.210s][info][gc,start       ] GC(624) Pause Full (G1 Humongous Allocation)
[363.210s][info][gc,phases,start] GC(624) Phase 1: Mark live objects
[363.423s][info][gc,phases      ] GC(624) Phase 1: Mark live objects 213.110ms
[363.423s][info][gc,phases,start] GC(624) Phase 2: Prepare for compaction
[363.452s][info][gc,phases      ] GC(624) Phase 2: Prepare for compaction 28.318ms
[363.452s][info][gc,phases,start] GC(624) Phase 3: Adjust pointers
[363.519s][info][gc,phases      ] GC(624) Phase 3: Adjust pointers 67.186ms
[363.519s][info][gc,phases,start] GC(624) Phase 4: Compact heap
[363.542s][info][gc,phases      ] GC(624) Phase 4: Compact heap 22.540ms
[363.546s][info][gc,heap        ] GC(624) Eden regions: 0->0(25)
[363.546s][info][gc,heap        ] GC(624) Survivor regions: 1->0(4)
[363.546s][info][gc,heap        ] GC(624) Old regions: 492->493
[363.546s][info][gc,heap        ] GC(624) Archive regions: 2->2
[363.546s][info][gc,heap        ] GC(624) Humongous regions: 11->11
[363.546s][info][gc,metaspace   ] GC(624) Metaspace: 44164K(45520K)->44164K(45520K) NonClass: 38944K(39892K)->38944K(39892K) Class: 5219K(5628K)->5219K(5628K)
[363.546s][info][gc             ] GC(624) Pause Full (G1 Humongous Allocation) 500M->500M(512M) 336.295ms
[363.548s][info][gc,cpu         ] GC(624) User=2.50s Sys=0.02s Real=0.34s
[363.548s][info][gc,task        ] GC(625) Using 8 workers of 8 for full compaction
[363.548s][info][gc,start       ] GC(625) Pause Full (G1 Humongous Allocation)
[363.548s][info][gc,phases,start] GC(625) Phase 1: Mark live objects
[363.765s][info][gc,phases      ] GC(625) Phase 1: Mark live objects 217.445ms
[363.765s][info][gc,phases,start] GC(625) Phase 2: Prepare for compaction
[363.793s][info][gc,phases      ] GC(625) Phase 2: Prepare for compaction 28.222ms
[363.793s][info][gc,phases,start] GC(625) Phase 3: Adjust pointers
[363.860s][info][gc,phases      ] GC(625) Phase 3: Adjust pointers 66.835ms
[363.860s][info][gc,phases,start] GC(625) Phase 4: Compact heap
[363.886s][info][gc,phases      ] GC(625) Phase 4: Compact heap 26.122ms
[363.891s][info][gc,heap        ] GC(625) Eden regions: 0->0(25)
[363.891s][info][gc,heap        ] GC(625) Survivor regions: 0->0(4)
[363.891s][info][gc,heap        ] GC(625) Old regions: 493->492
[363.891s][info][gc,heap        ] GC(625) Archive regions: 2->2
[363.891s][info][gc,heap        ] GC(625) Humongous regions: 11->11
[363.891s][info][gc,metaspace   ] GC(625) Metaspace: 44164K(45520K)->44164K(45520K) NonClass: 38944K(39892K)->38944K(39892K) Class: 5219K(5628K)->5219K(5628K)
[363.891s][info][gc             ] GC(625) Pause Full (G1 Humongous Allocation) 500M->500M(512M) 343.832ms
[363.893s][info][gc,cpu         ] GC(625) User=2.49s Sys=0.03s Real=0.34s
[363.893s][info][gc,marking     ] GC(622) Concurrent Mark From Roots 684.257ms
[363.893s][info][gc,marking     ] GC(622) Concurrent Mark Abort
[363.893s][info][gc             ] GC(622) Concurrent Cycle 684.783ms
[363.894s][info][gc,start       ] GC(626) Pause Young (Normal) (G1 Humongous Allocation)
[363.894s][info][gc,task        ] GC(626) Using 8 workers of 8 for evacuation
[363.894s][info][gc,phases      ] GC(626)   Pre Evacuate Collection Set: 0.1ms
[363.894s][info][gc,phases      ] GC(626)   Merge Heap Roots: 0.0ms
[363.894s][info][gc,phases      ] GC(626)   Evacuate Collection Set: 0.2ms
[363.895s][info][gc,phases      ] GC(626)   Post Evacuate Collection Set: 0.2ms
[363.895s][info][gc,phases      ] GC(626)   Other: 0.1ms
[363.895s][info][gc,heap        ] GC(626) Eden regions: 1->0(24)
[363.895s][info][gc,heap        ] GC(626) Survivor regions: 0->1(4)
[363.895s][info][gc,heap        ] GC(626) Old regions: 492->492
[363.895s][info][gc,heap        ] GC(626) Archive regions: 2->2
[363.895s][info][gc,heap        ] GC(626) Humongous regions: 11->11
[363.895s][info][gc,metaspace   ] GC(626) Metaspace: 44164K(45520K)->44164K(45520K) NonClass: 38944K(39892K)->38944K(39892K) Class: 5219K(5628K)->5219K(5628K)
[363.895s][info][gc             ] GC(626) Pause Young (Normal) (G1 Humongous Allocation) 500M->500M(512M) 0.717ms
[363.895s][info][gc,cpu         ] GC(626) User=0.00s Sys=0.00s Real=0.00s
[363.895s][info][gc,task        ] GC(627) Using 8 workers of 8 for full compaction
[363.895s][info][gc,start       ] GC(627) Pause Full (G1 Humongous Allocation)
[363.895s][info][gc,phases,start] GC(627) Phase 1: Mark live objects
[364.111s][info][gc,phases      ] GC(627) Phase 1: Mark live objects 216.371ms
[364.111s][info][gc,phases,start] GC(627) Phase 2: Prepare for compaction
[364.139s][info][gc,phases      ] GC(627) Phase 2: Prepare for compaction 28.360ms
[364.139s][info][gc,phases,start] GC(627) Phase 3: Adjust pointers
[364.205s][info][gc,phases      ] GC(627) Phase 3: Adjust pointers 65.297ms
[364.205s][info][gc,phases,start] GC(627) Phase 4: Compact heap
[364.231s][info][gc,phases      ] GC(627) Phase 4: Compact heap 25.875ms
[364.235s][info][gc,heap        ] GC(627) Eden regions: 0->0(25)
[364.235s][info][gc,heap        ] GC(627) Survivor regions: 1->0(4)
[364.235s][info][gc,heap        ] GC(627) Old regions: 492->493
[364.235s][info][gc,heap        ] GC(627) Archive regions: 2->2
[364.235s][info][gc,heap        ] GC(627) Humongous regions: 11->11
[364.235s][info][gc,metaspace   ] GC(627) Metaspace: 44164K(45520K)->44164K(45520K) NonClass: 38944K(39892K)->38944K(39892K) Class: 5219K(5628K)->5219K(5628K)
[364.235s][info][gc             ] GC(627) Pause Full (G1 Humongous Allocation) 500M->500M(512M) 340.044ms
[364.236s][info][gc,cpu         ] GC(627) User=2.51s Sys=0.02s Real=0.35s
[364.236s][info][gc,task        ] GC(628) Using 8 workers of 8 for full compaction
[364.237s][info][gc,start       ] GC(628) Pause Full (G1 Humongous Allocation)
[364.237s][info][gc,phases,start] GC(628) Phase 1: Mark live objects
[364.449s][info][gc,phases      ] GC(628) Phase 1: Mark live objects 211.981ms
[364.449s][info][gc,phases,start] GC(628) Phase 2: Prepare for compaction
[364.477s][info][gc,phases      ] GC(628) Phase 2: Prepare for compaction 28.151ms
[364.477s][info][gc,phases,start] GC(628) Phase 3: Adjust pointers
[364.545s][info][gc,phases      ] GC(628) Phase 3: Adjust pointers 67.919ms
[364.545s][info][gc,phases,start] GC(628) Phase 4: Compact heap
[364.570s][info][gc,phases      ] GC(628) Phase 4: Compact heap 24.897ms
[364.573s][info][gc,heap        ] GC(628) Eden regions: 0->0(25)
[364.574s][info][gc,heap        ] GC(628) Survivor regions: 0->0(4)
[364.574s][info][gc,heap        ] GC(628) Old regions: 493->492
[364.574s][info][gc,heap        ] GC(628) Archive regions: 2->2
[364.574s][info][gc,heap        ] GC(628) Humongous regions: 11->11
[364.574s][info][gc,metaspace   ] GC(628) Metaspace: 44164K(45520K)->44164K(45520K) NonClass: 38944K(39892K)->38944K(39892K) Class: 5219K(5628K)->5219K(5628K)
[364.574s][info][gc             ] GC(628) Pause Full (G1 Humongous Allocation) 500M->500M(512M) 337.030ms
[364.575s][info][gc,cpu         ] GC(628) User=2.47s Sys=0.03s Real=0.34s
[364.576s][info][gc,start       ] GC(629) Pause Young (Concurrent Start) (G1 Humongous Allocation)
[364.576s][info][gc,task        ] GC(629) Using 8 workers of 8 for evacuation
[364.576s][info][gc,phases      ] GC(629)   Pre Evacuate Collection Set: 0.1ms
[364.576s][info][gc,phases      ] GC(629)   Merge Heap Roots: 0.0ms
[364.576s][info][gc,phases      ] GC(629)   Evacuate Collection Set: 0.5ms
[364.576s][info][gc,phases      ] GC(629)   Post Evacuate Collection Set: 0.2ms
[364.576s][info][gc,phases      ] GC(629)   Other: 0.1ms
[364.576s][info][gc,heap        ] GC(629) Eden regions: 1->0(24)
[364.576s][info][gc,heap        ] GC(629) Survivor regions: 0->1(4)
[364.576s][info][gc,heap        ] GC(629) Old regions: 492->492
[364.576s][info][gc,heap        ] GC(629) Archive regions: 2->2
[364.576s][info][gc,heap        ] GC(629) Humongous regions: 11->11
[364.576s][info][gc,metaspace   ] GC(629) Metaspace: 44167K(45520K)->44167K(45520K) NonClass: 38947K(39892K)->38947K(39892K) Class: 5220K(5628K)->5220K(5628K)
[364.576s][info][gc             ] GC(629) Pause Young (Concurrent Start) (G1 Humongous Allocation) 500M->500M(512M) 0.934ms
[364.576s][info][gc,cpu         ] GC(629) User=0.01s Sys=0.00s Real=0.00s
[364.576s][info][gc             ] GC(630) Concurrent Cycle
[364.576s][info][gc,marking     ] GC(630) Concurrent Clear Claimed Marks
[364.577s][info][gc,marking     ] GC(630) Concurrent Clear Claimed Marks 0.012ms
[364.577s][info][gc,marking     ] GC(630) Concurrent Scan Root Regions
[364.577s][info][gc,marking     ] GC(630) Concurrent Scan Root Regions 0.070ms
[364.577s][info][gc,marking     ] GC(630) Concurrent Mark (364.577s)
[364.577s][info][gc,marking     ] GC(630) Concurrent Mark From Roots
[364.577s][info][gc,task        ] GC(630) Using 2 workers of 2 for marking
[364.577s][info][gc,start       ] GC(631) Pause Young (Normal) (G1 Humongous Allocation)
[364.577s][info][gc,task        ] GC(631) Using 8 workers of 8 for evacuation
[364.577s][info][gc,phases      ] GC(631)   Pre Evacuate Collection Set: 0.0ms
[364.577s][info][gc,phases      ] GC(631)   Merge Heap Roots: 0.0ms
[364.577s][info][gc,phases      ] GC(631)   Evacuate Collection Set: 0.1ms
[364.577s][info][gc,phases      ] GC(631)   Post Evacuate Collection Set: 0.2ms
[364.578s][info][gc,phases      ] GC(631)   Other: 0.1ms
[364.578s][info][gc,heap        ] GC(631) Eden regions: 0->0(24)
[364.578s][info][gc,heap        ] GC(631) Survivor regions: 1->1(4)
[364.578s][info][gc,heap        ] GC(631) Old regions: 492->492
[364.578s][info][gc,heap        ] GC(631) Archive regions: 2->2
[364.578s][info][gc,heap        ] GC(631) Humongous regions: 11->11
[364.578s][info][gc,metaspace   ] GC(631) Metaspace: 44167K(45520K)->44167K(45520K) NonClass: 38947K(39892K)->38947K(39892K) Class: 5220K(5628K)->5220K(5628K)
[364.578s][info][gc             ] GC(631) Pause Young (Normal) (G1 Humongous Allocation) 500M->500M(512M) 0.531ms
[364.578s][info][gc,cpu         ] GC(631) User=0.00s Sys=0.00s Real=0.00s
[364.578s][info][gc,task        ] GC(632) Using 8 workers of 8 for full compaction
[364.578s][info][gc,start       ] GC(632) Pause Full (G1 Humongous Allocation)
[364.578s][info][gc,phases,start] GC(632) Phase 1: Mark live objects
[364.790s][info][gc,phases      ] GC(632) Phase 1: Mark live objects 211.354ms
[364.790s][info][gc,phases,start] GC(632) Phase 2: Prepare for compaction
[364.818s][info][gc,phases      ] GC(632) Phase 2: Prepare for compaction 28.282ms
[364.818s][info][gc,phases,start] GC(632) Phase 3: Adjust pointers
[364.885s][info][gc,phases      ] GC(632) Phase 3: Adjust pointers 67.307ms
[364.885s][info][gc,phases,start] GC(632) Phase 4: Compact heap
[364.909s][info][gc,phases      ] GC(632) Phase 4: Compact heap 23.331ms
[364.913s][info][gc,heap        ] GC(632) Eden regions: 0->0(25)
[364.913s][info][gc,heap        ] GC(632) Survivor regions: 1->0(4)
[364.913s][info][gc,heap        ] GC(632) Old regions: 492->492
[364.913s][info][gc,heap        ] GC(632) Archive regions: 2->2
[364.913s][info][gc,heap        ] GC(632) Humongous regions: 11->11
[364.913s][info][gc,metaspace   ] GC(632) Metaspace: 44167K(45520K)->44167K(45520K) NonClass: 38947K(39892K)->38947K(39892K) Class: 5220K(5628K)->5220K(5628K)
[364.913s][info][gc             ] GC(632) Pause Full (G1 Humongous Allocation) 500M->500M(512M) 335.626ms
[364.914s][info][gc,cpu         ] GC(632) User=2.49s Sys=0.01s Real=0.33s
[364.914s][info][gc,task        ] GC(633) Using 8 workers of 8 for full compaction
[364.914s][info][gc,start       ] GC(633) Pause Full (G1 Humongous Allocation)
[364.914s][info][gc,phases,start] GC(633) Phase 1: Mark live objects
[365.133s][info][gc,phases      ] GC(633) Phase 1: Mark live objects 218.769ms
[365.133s][info][gc,phases,start] GC(633) Phase 2: Prepare for compaction
[365.162s][info][gc,phases      ] GC(633) Phase 2: Prepare for compaction 29.175ms
[365.162s][info][gc,phases,start] GC(633) Phase 3: Adjust pointers
[365.232s][info][gc,phases      ] GC(633) Phase 3: Adjust pointers 70.172ms
[365.233s][info][gc,phases,start] GC(633) Phase 4: Compact heap
[365.259s][info][gc,phases      ] GC(633) Phase 4: Compact heap 26.327ms
[365.263s][info][gc,heap        ] GC(633) Eden regions: 0->0(25)
[365.263s][info][gc,heap        ] GC(633) Survivor regions: 0->0(4)
[365.263s][info][gc,heap        ] GC(633) Old regions: 492->492
[365.263s][info][gc,heap        ] GC(633) Archive regions: 2->2
[365.263s][info][gc,heap        ] GC(633) Humongous regions: 11->11
[365.263s][info][gc,metaspace   ] GC(633) Metaspace: 44167K(45520K)->44167K(45520K) NonClass: 38947K(39892K)->38947K(39892K) Class: 5220K(5628K)->5220K(5628K)
[365.263s][info][gc             ] GC(633) Pause Full (G1 Humongous Allocation) 500M->500M(512M) 348.565ms
[365.265s][info][gc,cpu         ] GC(633) User=2.48s Sys=0.02s Real=0.35s
[365.265s][info][gc,marking     ] GC(630) Concurrent Mark From Roots 688.064ms
[365.265s][info][gc,marking     ] GC(630) Concurrent Mark Abort
[365.265s][info][gc             ] GC(630) Concurrent Cycle 688.218ms
[365.265s][info][gc,start       ] GC(634) Pause Young (Concurrent Start) (G1 Humongous Allocation)
[365.265s][info][gc,task        ] GC(634) Using 8 workers of 8 for evacuation
[365.266s][info][gc,phases      ] GC(634)   Pre Evacuate Collection Set: 0.1ms
[365.266s][info][gc,phases      ] GC(634)   Merge Heap Roots: 0.0ms
[365.266s][info][gc,phases      ] GC(634)   Evacuate Collection Set: 0.5ms
[365.266s][info][gc,phases      ] GC(634)   Post Evacuate Collection Set: 0.2ms
[365.266s][info][gc,phases      ] GC(634)   Other: 0.1ms
[365.266s][info][gc,heap        ] GC(634) Eden regions: 1->0(24)
[365.266s][info][gc,heap        ] GC(634) Survivor regions: 0->1(4)
[365.266s][info][gc,heap        ] GC(634) Old regions: 492->492
[365.266s][info][gc,heap        ] GC(634) Archive regions: 2->2
[365.266s][info][gc,heap        ] GC(634) Humongous regions: 11->11
[365.266s][info][gc,metaspace   ] GC(634) Metaspace: 44167K(45520K)->44167K(45520K) NonClass: 38947K(39892K)->38947K(39892K) Class: 5220K(5628K)->5220K(5628K)
[365.266s][info][gc             ] GC(634) Pause Young (Concurrent Start) (G1 Humongous Allocation) 500M->500M(512M) 0.926ms
[365.266s][info][gc,cpu         ] GC(634) User=0.00s Sys=0.00s Real=0.00s
[365.266s][info][gc             ] GC(635) Concurrent Cycle
[365.266s][info][gc,marking     ] GC(635) Concurrent Clear Claimed Marks
[365.266s][info][gc,marking     ] GC(635) Concurrent Clear Claimed Marks 0.019ms
[365.266s][info][gc,marking     ] GC(635) Concurrent Scan Root Regions
[365.266s][info][gc,marking     ] GC(635) Concurrent Scan Root Regions 0.074ms
[365.266s][info][gc,marking     ] GC(635) Concurrent Mark (365.266s)
[365.266s][info][gc,marking     ] GC(635) Concurrent Mark From Roots
[365.266s][info][gc,task        ] GC(635) Using 2 workers of 2 for marking
[365.266s][info][gc,start       ] GC(636) Pause Young (Normal) (G1 Humongous Allocation)
[365.266s][info][gc,task        ] GC(636) Using 8 workers of 8 for evacuation
[365.266s][info][gc,phases      ] GC(636)   Pre Evacuate Collection Set: 0.1ms
[365.266s][info][gc,phases      ] GC(636)   Merge Heap Roots: 0.0ms
[365.266s][info][gc,phases      ] GC(636)   Evacuate Collection Set: 0.2ms
[365.266s][info][gc,phases      ] GC(636)   Post Evacuate Collection Set: 0.1ms
[365.266s][info][gc,phases      ] GC(636)   Other: 0.1ms
[365.266s][info][gc,heap        ] GC(636) Eden regions: 0->0(24)
[365.266s][info][gc,heap        ] GC(636) Survivor regions: 1->1(4)
[365.266s][info][gc,heap        ] GC(636) Old regions: 492->492
[365.266s][info][gc,heap        ] GC(636) Archive regions: 2->2
[365.266s][info][gc,heap        ] GC(636) Humongous regions: 11->11
[365.266s][info][gc,metaspace   ] GC(636) Metaspace: 44167K(45520K)->44167K(45520K) NonClass: 38947K(39892K)->38947K(39892K) Class: 5220K(5628K)->5220K(5628K)
[365.266s][info][gc             ] GC(636) Pause Young (Normal) (G1 Humongous Allocation) 500M->500M(512M) 0.530ms
[365.267s][info][gc,cpu         ] GC(636) User=0.00s Sys=0.00s Real=0.00s
[365.267s][info][gc,task        ] GC(637) Using 8 workers of 8 for full compaction
[365.267s][info][gc,start       ] GC(637) Pause Full (G1 Humongous Allocation)
[365.267s][info][gc,phases,start] GC(637) Phase 1: Mark live objects
[365.478s][info][gc,phases      ] GC(637) Phase 1: Mark live objects 210.402ms
[365.478s][info][gc,phases,start] GC(637) Phase 2: Prepare for compaction
[365.506s][info][gc,phases      ] GC(637) Phase 2: Prepare for compaction 28.746ms
[365.506s][info][gc,phases,start] GC(637) Phase 3: Adjust pointers
[365.575s][info][gc,phases      ] GC(637) Phase 3: Adjust pointers 68.824ms
[365.575s][info][gc,phases,start] GC(637) Phase 4: Compact heap
[365.598s][info][gc,phases      ] GC(637) Phase 4: Compact heap 22.820ms
[365.602s][info][gc,heap        ] GC(637) Eden regions: 0->0(25)
[365.602s][info][gc,heap        ] GC(637) Survivor regions: 1->0(4)
[365.602s][info][gc,heap        ] GC(637) Old regions: 492->493
[365.602s][info][gc,heap        ] GC(637) Archive regions: 2->2
[365.602s][info][gc,heap        ] GC(637) Humongous regions: 11->11
[365.602s][info][gc,metaspace   ] GC(637) Metaspace: 44167K(45520K)->44167K(45520K) NonClass: 38947K(39892K)->38947K(39892K) Class: 5220K(5628K)->5220K(5628K)
[365.602s][info][gc             ] GC(637) Pause Full (G1 Humongous Allocation) 500M->500M(512M) 335.548ms
[365.604s][info][gc,cpu         ] GC(637) User=2.49s Sys=0.02s Real=0.33s
[365.604s][info][gc,task        ] GC(638) Using 8 workers of 8 for full compaction
[365.604s][info][gc,start       ] GC(638) Pause Full (G1 Humongous Allocation)
[365.604s][info][gc,phases,start] GC(638) Phase 1: Mark live objects
[365.814s][info][gc,phases      ] GC(638) Phase 1: Mark live objects 209.536ms
[365.814s][info][gc,phases,start] GC(638) Phase 2: Prepare for compaction
[365.843s][info][gc,phases      ] GC(638) Phase 2: Prepare for compaction 29.188ms
[365.843s][info][gc,phases,start] GC(638) Phase 3: Adjust pointers
[365.909s][info][gc,phases      ] GC(638) Phase 3: Adjust pointers 66.693ms
[365.909s][info][gc,phases,start] GC(638) Phase 4: Compact heap
[365.937s][info][gc,phases      ] GC(638) Phase 4: Compact heap 27.106ms
[365.941s][info][gc,heap        ] GC(638) Eden regions: 0->0(25)
[365.941s][info][gc,heap        ] GC(638) Survivor regions: 0->0(4)
[365.941s][info][gc,heap        ] GC(638) Old regions: 493->493
[365.941s][info][gc,heap        ] GC(638) Archive regions: 2->2
[365.941s][info][gc,heap        ] GC(638) Humongous regions: 11->11
[365.941s][info][gc,metaspace   ] GC(638) Metaspace: 44167K(45520K)->44167K(45520K) NonClass: 38947K(39892K)->38947K(39892K) Class: 5220K(5628K)->5220K(5628K)
[365.941s][info][gc             ] GC(638) Pause Full (G1 Humongous Allocation) 500M->500M(512M) 336.678ms
[365.942s][info][gc,cpu         ] GC(638) User=2.51s Sys=0.01s Real=0.34s
[365.942s][info][gc,marking     ] GC(635) Concurrent Mark From Roots 676.336ms
[365.942s][info][gc,marking     ] GC(635) Concurrent Mark Abort
[365.942s][info][gc             ] GC(635) Concurrent Cycle 676.500ms
[365.942s][info][gc,start       ] GC(639) Pause Young (Normal) (G1 Humongous Allocation)
[365.942s][info][gc,task        ] GC(639) Using 8 workers of 8 for evacuation
[365.943s][info][gc,phases      ] GC(639)   Pre Evacuate Collection Set: 0.1ms
[365.943s][info][gc,phases      ] GC(639)   Merge Heap Roots: 0.0ms
[365.943s][info][gc,phases      ] GC(639)   Evacuate Collection Set: 0.2ms
[365.943s][info][gc,phases      ] GC(639)   Post Evacuate Collection Set: 0.1ms
[365.943s][info][gc,phases      ] GC(639)   Other: 0.1ms
[365.943s][info][gc,heap        ] GC(639) Eden regions: 1->0(24)
[365.943s][info][gc,heap        ] GC(639) Survivor regions: 0->1(4)
[365.943s][info][gc,heap        ] GC(639) Old regions: 493->493
[365.943s][info][gc,heap        ] GC(639) Archive regions: 2->2
[365.943s][info][gc,heap        ] GC(639) Humongous regions: 11->11
[365.943s][info][gc,metaspace   ] GC(639) Metaspace: 44167K(45520K)->44167K(45520K) NonClass: 38947K(39892K)->38947K(39892K) Class: 5220K(5628K)->5220K(5628K)
[365.943s][info][gc             ] GC(639) Pause Young (Normal) (G1 Humongous Allocation) 500M->500M(512M) 0.539ms
[365.943s][info][gc,cpu         ] GC(639) User=0.00s Sys=0.00s Real=0.00s
[365.943s][info][gc,task        ] GC(640) Using 8 workers of 8 for full compaction
[365.943s][info][gc,start       ] GC(640) Pause Full (G1 Humongous Allocation)
[365.943s][info][gc,phases,start] GC(640) Phase 1: Mark live objects
[366.158s][info][gc,phases      ] GC(640) Phase 1: Mark live objects 215.049ms
[366.158s][info][gc,phases,start] GC(640) Phase 2: Prepare for compaction
[366.186s][info][gc,phases      ] GC(640) Phase 2: Prepare for compaction 28.194ms
[366.186s][info][gc,phases,start] GC(640) Phase 3: Adjust pointers
[366.252s][info][gc,phases      ] GC(640) Phase 3: Adjust pointers 65.607ms
[366.252s][info][gc,phases,start] GC(640) Phase 4: Compact heap
[366.273s][info][gc,phases      ] GC(640) Phase 4: Compact heap 21.448ms
[366.277s][info][gc,heap        ] GC(640) Eden regions: 0->0(25)
[366.277s][info][gc,heap        ] GC(640) Survivor regions: 1->0(4)
[366.277s][info][gc,heap        ] GC(640) Old regions: 493->493
[366.277s][info][gc,heap        ] GC(640) Archive regions: 2->2
[366.277s][info][gc,heap        ] GC(640) Humongous regions: 11->11
[366.277s][info][gc,metaspace   ] GC(640) Metaspace: 44167K(45520K)->44167K(45520K) NonClass: 38947K(39892K)->38947K(39892K) Class: 5220K(5628K)->5220K(5628K)
[366.278s][info][gc             ] GC(640) Pause Full (G1 Humongous Allocation) 500M->500M(512M) 334.468ms
[366.279s][info][gc,cpu         ] GC(640) User=2.50s Sys=0.03s Real=0.34s
[366.279s][info][gc,task        ] GC(641) Using 8 workers of 8 for full compaction
[366.279s][info][gc,start       ] GC(641) Pause Full (G1 Humongous Allocation)
[366.279s][info][gc,phases,start] GC(641) Phase 1: Mark live objects
[366.494s][info][gc,phases      ] GC(641) Phase 1: Mark live objects 214.192ms
[366.494s][info][gc,phases,start] GC(641) Phase 2: Prepare for compaction
[366.524s][info][gc,phases      ] GC(641) Phase 2: Prepare for compaction 30.427ms
[366.524s][info][gc,phases,start] GC(641) Phase 3: Adjust pointers
[366.589s][info][gc,phases      ] GC(641) Phase 3: Adjust pointers 65.335ms
[366.589s][info][gc,phases,start] GC(641) Phase 4: Compact heap
[366.613s][info][gc,phases      ] GC(641) Phase 4: Compact heap 23.575ms
[366.617s][info][gc,heap        ] GC(641) Eden regions: 0->0(25)
[366.617s][info][gc,heap        ] GC(641) Survivor regions: 0->0(4)
[366.617s][info][gc,heap        ] GC(641) Old regions: 493->493
[366.617s][info][gc,heap        ] GC(641) Archive regions: 2->2
[366.617s][info][gc,heap        ] GC(641) Humongous regions: 11->11
[366.617s][info][gc,metaspace   ] GC(641) Metaspace: 44167K(45520K)->44167K(45520K) NonClass: 38947K(39892K)->38947K(39892K) Class: 5220K(5628K)->5220K(5628K)
[366.617s][info][gc             ] GC(641) Pause Full (G1 Humongous Allocation) 500M->500M(512M) 337.880ms
[366.618s][info][gc,cpu         ] GC(641) User=2.50s Sys=0.03s Real=0.34s
[366.619s][info][gc,start       ] GC(642) Pause Young (Concurrent Start) (G1 Humongous Allocation)
[366.619s][info][gc,task        ] GC(642) Using 8 workers of 8 for evacuation
[366.620s][info][gc,phases      ] GC(642)   Pre Evacuate Collection Set: 0.1ms
[366.620s][info][gc,phases      ] GC(642)   Merge Heap Roots: 0.0ms
[366.620s][info][gc,phases      ] GC(642)   Evacuate Collection Set: 0.5ms
[366.620s][info][gc,phases      ] GC(642)   Post Evacuate Collection Set: 0.2ms
[366.620s][info][gc,phases      ] GC(642)   Other: 0.1ms
[366.620s][info][gc,heap        ] GC(642) Eden regions: 1->0(24)
[366.620s][info][gc,heap        ] GC(642) Survivor regions: 0->1(4)
[366.620s][info][gc,heap        ] GC(642) Old regions: 493->493
[366.620s][info][gc,heap        ] GC(642) Archive regions: 2->2
[366.620s][info][gc,heap        ] GC(642) Humongous regions: 11->11
[366.620s][info][gc,metaspace   ] GC(642) Metaspace: 44167K(45520K)->44167K(45520K) NonClass: 38947K(39892K)->38947K(39892K) Class: 5220K(5628K)->5220K(5628K)
[366.620s][info][gc             ] GC(642) Pause Young (Concurrent Start) (G1 Humongous Allocation) 500M->500M(512M) 1.013ms
[366.620s][info][gc,cpu         ] GC(642) User=0.01s Sys=0.00s Real=0.00s
[366.620s][info][gc,task        ] GC(643) Using 8 workers of 8 for full compaction
[366.620s][info][gc,start       ] GC(643) Pause Full (G1 Humongous Allocation)
[366.620s][info][gc             ] GC(644) Concurrent Cycle
[366.620s][info][gc,marking     ] GC(644) Concurrent Clear Claimed Marks
[366.620s][info][gc,marking     ] GC(644) Concurrent Clear Claimed Marks 0.013ms
[366.620s][info][gc,marking     ] GC(644) Concurrent Scan Root Regions
[366.620s][info][gc,marking     ] GC(644) Concurrent Scan Root Regions 0.014ms
[366.620s][info][gc,marking     ] GC(644) Concurrent Mark (366.620s)
[366.620s][info][gc,marking     ] GC(644) Concurrent Mark From Roots
[366.620s][info][gc,task        ] GC(644) Using 2 workers of 2 for marking
[366.620s][info][gc,phases,start] GC(643) Phase 1: Mark live objects
[366.833s][info][gc,phases      ] GC(643) Phase 1: Mark live objects 212.141ms
[366.833s][info][gc,phases,start] GC(643) Phase 2: Prepare for compaction
[366.861s][info][gc,phases      ] GC(643) Phase 2: Prepare for compaction 28.469ms
[366.861s][info][gc,phases,start] GC(643) Phase 3: Adjust pointers
[366.929s][info][gc,phases      ] GC(643) Phase 3: Adjust pointers 67.775ms
[366.929s][info][gc,phases,start] GC(643) Phase 4: Compact heap
[366.955s][info][gc,phases      ] GC(643) Phase 4: Compact heap 26.132ms
[366.959s][info][gc,heap        ] GC(643) Eden regions: 0->0(25)
[366.959s][info][gc,heap        ] GC(643) Survivor regions: 1->0(4)
[366.959s][info][gc,heap        ] GC(643) Old regions: 493->493
[366.959s][info][gc,heap        ] GC(643) Archive regions: 2->2
[366.959s][info][gc,heap        ] GC(643) Humongous regions: 11->11
[366.959s][info][gc,metaspace   ] GC(643) Metaspace: 44167K(45520K)->44167K(45520K) NonClass: 38947K(39892K)->38947K(39892K) Class: 5220K(5628K)->5220K(5628K)
[366.959s][info][gc             ] GC(643) Pause Full (G1 Humongous Allocation) 500M->500M(512M) 339.133ms
[366.960s][info][gc,cpu         ] GC(643) User=2.51s Sys=0.03s Real=0.34s
[366.960s][info][gc,task        ] GC(645) Using 8 workers of 8 for full compaction
[366.960s][info][gc,start       ] GC(645) Pause Full (G1 Humongous Allocation)
[366.960s][info][gc,phases,start] GC(645) Phase 1: Mark live objects
[367.245s][info][gc,phases      ] GC(645) Phase 1: Mark live objects 284.490ms
[367.245s][info][gc,phases,start] GC(645) Phase 2: Prepare for compaction
[367.288s][info][gc,phases      ] GC(645) Phase 2: Prepare for compaction 43.266ms
[367.288s][info][gc,phases,start] GC(645) Phase 3: Adjust pointers
[367.390s][info][gc,phases      ] GC(645) Phase 3: Adjust pointers 101.702ms
[367.390s][info][gc,phases,start] GC(645) Phase 4: Compact heap
[367.419s][info][gc,phases      ] GC(645) Phase 4: Compact heap 28.662ms
[367.423s][info][gc,heap        ] GC(645) Eden regions: 0->0(25)
[367.423s][info][gc,heap        ] GC(645) Survivor regions: 0->0(4)
[367.423s][info][gc,heap        ] GC(645) Old regions: 493->492
[367.423s][info][gc,heap        ] GC(645) Archive regions: 2->2
[367.423s][info][gc,heap        ] GC(645) Humongous regions: 11->11
[367.423s][info][gc,metaspace   ] GC(645) Metaspace: 44167K(45520K)->44167K(45520K) NonClass: 38947K(39892K)->38947K(39892K) Class: 5220K(5628K)->5220K(5628K)
[367.423s][info][gc             ] GC(645) Pause Full (G1 Humongous Allocation) 500M->500M(512M) 462.504ms
[367.424s][info][gc,cpu         ] GC(645) User=2.49s Sys=0.04s Real=0.46s
[367.424s][info][gc,marking     ] GC(644) Concurrent Mark From Roots 804.089ms
[367.424s][info][gc,start       ] GC(646) Pause Young (Normal) (G1 Humongous Allocation)
[367.424s][info][gc,task        ] GC(646) Using 8 workers of 8 for evacuation
[367.425s][info][gc,phases      ] GC(646)   Pre Evacuate Collection Set: 0.1ms
[367.425s][info][gc,phases      ] GC(646)   Merge Heap Roots: 0.0ms
[367.425s][info][gc,phases      ] GC(646)   Evacuate Collection Set: 0.2ms
[367.425s][info][gc,phases      ] GC(646)   Post Evacuate Collection Set: 0.1ms
[367.425s][info][gc,phases      ] GC(646)   Other: 0.1ms
[367.425s][info][gc,heap        ] GC(646) Eden regions: 1->0(24)
[367.425s][info][gc,heap        ] GC(646) Survivor regions: 0->1(4)
[367.425s][info][gc,heap        ] GC(646) Old regions: 492->492
[367.425s][info][gc,heap        ] GC(646) Archive regions: 2->2
[367.425s][info][gc,heap        ] GC(646) Humongous regions: 11->11
[367.425s][info][gc,metaspace   ] GC(646) Metaspace: 44167K(45520K)->44167K(45520K) NonClass: 38947K(39892K)->38947K(39892K) Class: 5220K(5628K)->5220K(5628K)
[367.425s][info][gc             ] GC(646) Pause Young (Normal) (G1 Humongous Allocation) 500M->500M(512M) 0.549ms
[367.425s][info][gc,cpu         ] GC(646) User=0.00s Sys=0.01s Real=0.00s
[367.425s][info][gc,task        ] GC(647) Using 8 workers of 8 for full compaction
[367.425s][info][gc,start       ] GC(647) Pause Full (G1 Humongous Allocation)
[367.425s][info][gc,phases,start] GC(647) Phase 1: Mark live objects
[367.646s][info][gc,phases      ] GC(647) Phase 1: Mark live objects 221.638ms
[367.646s][info][gc,phases,start] GC(647) Phase 2: Prepare for compaction
[367.675s][info][gc,phases      ] GC(647) Phase 2: Prepare for compaction 28.863ms
[367.675s][info][gc,phases,start] GC(647) Phase 3: Adjust pointers
[367.746s][info][gc,phases      ] GC(647) Phase 3: Adjust pointers 70.450ms
[367.746s][info][gc,phases,start] GC(647) Phase 4: Compact heap
[367.778s][info][gc,phases      ] GC(647) Phase 4: Compact heap 32.366ms
[367.783s][info][gc,heap        ] GC(647) Eden regions: 0->0(25)
[367.783s][info][gc,heap        ] GC(647) Survivor regions: 1->0(4)
[367.783s][info][gc,heap        ] GC(647) Old regions: 492->493
[367.783s][info][gc,heap        ] GC(647) Archive regions: 2->2
[367.783s][info][gc,heap        ] GC(647) Humongous regions: 11->11
[367.783s][info][gc,metaspace   ] GC(647) Metaspace: 44167K(45520K)->44167K(45520K) NonClass: 38947K(39892K)->38947K(39892K) Class: 5220K(5628K)->5220K(5628K)
[367.783s][info][gc             ] GC(647) Pause Full (G1 Humongous Allocation) 500M->500M(512M) 358.562ms
[367.785s][info][gc,cpu         ] GC(647) User=2.49s Sys=0.01s Real=0.36s
[367.785s][info][gc,task        ] GC(648) Using 8 workers of 8 for full compaction
[367.785s][info][gc,start       ] GC(648) Pause Full (G1 Humongous Allocation)
[367.785s][info][gc,phases,start] GC(648) Phase 1: Mark live objects
[368.010s][info][gc,phases      ] GC(648) Phase 1: Mark live objects 225.095ms
[368.010s][info][gc,phases,start] GC(648) Phase 2: Prepare for compaction
[368.052s][info][gc,phases      ] GC(648) Phase 2: Prepare for compaction 41.636ms
[368.052s][info][gc,phases,start] GC(648) Phase 3: Adjust pointers
[368.117s][info][gc,phases      ] GC(648) Phase 3: Adjust pointers 65.598ms
[368.117s][info][gc,phases,start] GC(648) Phase 4: Compact heap
[368.145s][info][gc,phases      ] GC(648) Phase 4: Compact heap 27.766ms
[368.149s][info][gc,heap        ] GC(648) Eden regions: 0->0(25)
[368.149s][info][gc,heap        ] GC(648) Survivor regions: 0->0(4)
[368.149s][info][gc,heap        ] GC(648) Old regions: 493->490
[368.149s][info][gc,heap        ] GC(648) Archive regions: 2->2
[368.149s][info][gc,heap        ] GC(648) Humongous regions: 11->11
[368.149s][info][gc,metaspace   ] GC(648) Metaspace: 44167K(45520K)->44167K(45520K) NonClass: 38947K(39892K)->38947K(39892K) Class: 5220K(5628K)->5220K(5628K)
[368.149s][info][gc             ] GC(648) Pause Full (G1 Humongous Allocation) 500M->500M(512M) 364.252ms
[368.150s][info][gc,cpu         ] GC(648) User=2.58s Sys=0.03s Real=0.37s
[368.150s][info][gc,marking     ] GC(644) Concurrent Mark Abort
[368.150s][info][gc             ] GC(644) Concurrent Cycle 1530.620ms
[368.151s][info][gc,start       ] GC(649) Pause Young (Normal) (G1 Humongous Allocation)
[368.151s][info][gc,task        ] GC(649) Using 8 workers of 8 for evacuation
[368.151s][info][gc,phases      ] GC(649)   Pre Evacuate Collection Set: 0.1ms
[368.151s][info][gc,phases      ] GC(649)   Merge Heap Roots: 0.0ms
[368.151s][info][gc,phases      ] GC(649)   Evacuate Collection Set: 0.2ms
[368.151s][info][gc,phases      ] GC(649)   Post Evacuate Collection Set: 0.1ms
[368.151s][info][gc,phases      ] GC(649)   Other: 0.1ms
[368.151s][info][gc,heap        ] GC(649) Eden regions: 1->0(24)
[368.151s][info][gc,heap        ] GC(649) Survivor regions: 0->1(4)
[368.151s][info][gc,heap        ] GC(649) Old regions: 490->490
[368.151s][info][gc,heap        ] GC(649) Archive regions: 2->2
[368.151s][info][gc,heap        ] GC(649) Humongous regions: 11->11
[368.151s][info][gc,metaspace   ] GC(649) Metaspace: 44167K(45520K)->44167K(45520K) NonClass: 38947K(39892K)->38947K(39892K) Class: 5220K(5628K)->5220K(5628K)
[368.151s][info][gc             ] GC(649) Pause Young (Normal) (G1 Humongous Allocation) 500M->500M(512M) 0.527ms
[368.151s][info][gc,cpu         ] GC(649) User=0.00s Sys=0.00s Real=0.00s
[368.151s][info][gc,task        ] GC(650) Using 8 workers of 8 for full compaction
[368.151s][info][gc,start       ] GC(650) Pause Full (G1 Humongous Allocation)
[368.151s][info][gc,phases,start] GC(650) Phase 1: Mark live objects
[368.365s][info][gc,phases      ] GC(650) Phase 1: Mark live objects 213.649ms
[368.365s][info][gc,phases,start] GC(650) Phase 2: Prepare for compaction
[368.394s][info][gc,phases      ] GC(650) Phase 2: Prepare for compaction 29.121ms
[368.394s][info][gc,phases,start] GC(650) Phase 3: Adjust pointers
[368.461s][info][gc,phases      ] GC(650) Phase 3: Adjust pointers 66.470ms
[368.461s][info][gc,phases,start] GC(650) Phase 4: Compact heap
[368.483s][info][gc,phases      ] GC(650) Phase 4: Compact heap 22.806ms
[368.487s][info][gc,heap        ] GC(650) Eden regions: 0->0(25)
[368.487s][info][gc,heap        ] GC(650) Survivor regions: 1->0(4)
[368.487s][info][gc,heap        ] GC(650) Old regions: 490->491
[368.487s][info][gc,heap        ] GC(650) Archive regions: 2->2
[368.487s][info][gc,heap        ] GC(650) Humongous regions: 11->11
[368.487s][info][gc,metaspace   ] GC(650) Metaspace: 44167K(45520K)->44167K(45520K) NonClass: 38947K(39892K)->38947K(39892K) Class: 5220K(5628K)->5220K(5628K)
[368.487s][info][gc             ] GC(650) Pause Full (G1 Humongous Allocation) 500M->500M(512M) 336.221ms
[368.489s][info][gc,cpu         ] GC(650) User=2.52s Sys=0.03s Real=0.34s
[368.489s][info][gc,task        ] GC(651) Using 8 workers of 8 for full compaction
[368.489s][info][gc,start       ] GC(651) Pause Full (G1 Humongous Allocation)
[368.489s][info][gc,phases,start] GC(651) Phase 1: Mark live objects
[368.706s][info][gc,phases      ] GC(651) Phase 1: Mark live objects 217.335ms
[368.706s][info][gc,phases,start] GC(651) Phase 2: Prepare for compaction
[368.736s][info][gc,phases      ] GC(651) Phase 2: Prepare for compaction 29.696ms
[368.736s][info][gc,phases,start] GC(651) Phase 3: Adjust pointers
[368.803s][info][gc,phases      ] GC(651) Phase 3: Adjust pointers 67.142ms
[368.803s][info][gc,phases,start] GC(651) Phase 4: Compact heap
[368.827s][info][gc,phases      ] GC(651) Phase 4: Compact heap 23.228ms
[368.831s][info][gc,heap        ] GC(651) Eden regions: 0->0(25)
[368.831s][info][gc,heap        ] GC(651) Survivor regions: 0->0(4)
[368.831s][info][gc,heap        ] GC(651) Old regions: 491->491
[368.831s][info][gc,heap        ] GC(651) Archive regions: 2->2
[368.831s][info][gc,heap        ] GC(651) Humongous regions: 11->11
[368.831s][info][gc,metaspace   ] GC(651) Metaspace: 44167K(45520K)->44167K(45520K) NonClass: 38947K(39892K)->38947K(39892K) Class: 5220K(5628K)->5220K(5628K)
[368.831s][info][gc             ] GC(651) Pause Full (G1 Humongous Allocation) 500M->500M(512M) 341.648ms
[368.832s][info][gc,cpu         ] GC(651) User=2.50s Sys=0.02s Real=0.34s
[368.833s][info][gc,start       ] GC(652) Pause Young (Concurrent Start) (G1 Humongous Allocation)
[368.833s][info][gc,task        ] GC(652) Using 8 workers of 8 for evacuation
[368.834s][info][gc,phases      ] GC(652)   Pre Evacuate Collection Set: 0.1ms
[368.834s][info][gc,phases      ] GC(652)   Merge Heap Roots: 0.0ms
[368.834s][info][gc,phases      ] GC(652)   Evacuate Collection Set: 0.6ms
[368.834s][info][gc,phases      ] GC(652)   Post Evacuate Collection Set: 0.2ms
[368.834s][info][gc,phases      ] GC(652)   Other: 0.1ms
[368.834s][info][gc,heap        ] GC(652) Eden regions: 1->0(24)
[368.834s][info][gc,heap        ] GC(652) Survivor regions: 0->1(4)
[368.834s][info][gc,heap        ] GC(652) Old regions: 491->491
[368.834s][info][gc,heap        ] GC(652) Archive regions: 2->2
[368.834s][info][gc,heap        ] GC(652) Humongous regions: 11->11
[368.834s][info][gc,metaspace   ] GC(652) Metaspace: 44167K(45520K)->44167K(45520K) NonClass: 38947K(39892K)->38947K(39892K) Class: 5220K(5628K)->5220K(5628K)
[368.834s][info][gc             ] GC(652) Pause Young (Concurrent Start) (G1 Humongous Allocation) 500M->500M(512M) 1.062ms
[368.834s][info][gc,cpu         ] GC(652) User=0.00s Sys=0.00s Real=0.00s
[368.834s][info][gc,task        ] GC(653) Using 8 workers of 8 for full compaction
[368.834s][info][gc,start       ] GC(653) Pause Full (G1 Humongous Allocation)
[368.834s][info][gc             ] GC(654) Concurrent Cycle
[368.834s][info][gc,marking     ] GC(654) Concurrent Clear Claimed Marks
[368.834s][info][gc,marking     ] GC(654) Concurrent Clear Claimed Marks 0.015ms
[368.834s][info][gc,marking     ] GC(654) Concurrent Scan Root Regions
[368.834s][info][gc,marking     ] GC(654) Concurrent Scan Root Regions 0.015ms
[368.834s][info][gc,marking     ] GC(654) Concurrent Mark (368.834s)
[368.834s][info][gc,marking     ] GC(654) Concurrent Mark From Roots
[368.834s][info][gc,task        ] GC(654) Using 2 workers of 2 for marking
[368.835s][info][gc,phases,start] GC(653) Phase 1: Mark live objects
[369.054s][info][gc,phases      ] GC(653) Phase 1: Mark live objects 219.048ms
[369.054s][info][gc,phases,start] GC(653) Phase 2: Prepare for compaction
[369.082s][info][gc,phases      ] GC(653) Phase 2: Prepare for compaction 27.996ms
[369.082s][info][gc,phases,start] GC(653) Phase 3: Adjust pointers
[369.148s][info][gc,phases      ] GC(653) Phase 3: Adjust pointers 66.177ms
[369.148s][info][gc,phases,start] GC(653) Phase 4: Compact heap
[369.171s][info][gc,phases      ] GC(653) Phase 4: Compact heap 23.097ms
[369.176s][info][gc,heap        ] GC(653) Eden regions: 0->0(25)
[369.176s][info][gc,heap        ] GC(653) Survivor regions: 1->0(4)
[369.176s][info][gc,heap        ] GC(653) Old regions: 491->492
[369.176s][info][gc,heap        ] GC(653) Archive regions: 2->2
[369.176s][info][gc,heap        ] GC(653) Humongous regions: 11->11
[369.176s][info][gc,metaspace   ] GC(653) Metaspace: 44167K(45520K)->44167K(45520K) NonClass: 38947K(39892K)->38947K(39892K) Class: 5220K(5628K)->5220K(5628K)
[369.176s][info][gc             ] GC(653) Pause Full (G1 Humongous Allocation) 500M->500M(512M) 341.613ms
[369.177s][info][gc,cpu         ] GC(653) User=2.51s Sys=0.03s Real=0.35s
[369.177s][info][gc,task        ] GC(655) Using 8 workers of 8 for full compaction
[369.177s][info][gc,start       ] GC(655) Pause Full (G1 Humongous Allocation)
[369.177s][info][gc,phases,start] GC(655) Phase 1: Mark live objects
[369.386s][info][gc,phases      ] GC(655) Phase 1: Mark live objects 209.236ms
[369.386s][info][gc,phases,start] GC(655) Phase 2: Prepare for compaction
[369.415s][info][gc,phases      ] GC(655) Phase 2: Prepare for compaction 28.284ms
[369.415s][info][gc,phases,start] GC(655) Phase 3: Adjust pointers
[369.480s][info][gc,phases      ] GC(655) Phase 3: Adjust pointers 65.690ms
[369.480s][info][gc,phases,start] GC(655) Phase 4: Compact heap
[369.504s][info][gc,phases      ] GC(655) Phase 4: Compact heap 23.973ms
[369.508s][info][gc,heap        ] GC(655) Eden regions: 0->0(25)
[369.508s][info][gc,heap        ] GC(655) Survivor regions: 0->0(4)
[369.508s][info][gc,heap        ] GC(655) Old regions: 492->491
[369.508s][info][gc,heap        ] GC(655) Archive regions: 2->2
[369.508s][info][gc,heap        ] GC(655) Humongous regions: 11->11
[369.508s][info][gc,metaspace   ] GC(655) Metaspace: 44167K(45520K)->44167K(45520K) NonClass: 38947K(39892K)->38947K(39892K) Class: 5220K(5628K)->5220K(5628K)
[369.508s][info][gc             ] GC(655) Pause Full (G1 Humongous Allocation) 500M->500M(512M) 331.267ms
[369.510s][info][gc,cpu         ] GC(655) User=2.47s Sys=0.02s Real=0.33s
[369.510s][info][gc,marking     ] GC(654) Concurrent Mark From Roots 676.059ms
[369.510s][info][gc,marking     ] GC(654) Concurrent Mark Abort
[369.510s][info][gc             ] GC(654) Concurrent Cycle 676.160ms
[369.510s][info][gc,start       ] GC(656) Pause Young (Normal) (G1 Humongous Allocation)
[369.510s][info][gc,task        ] GC(656) Using 8 workers of 8 for evacuation
[369.511s][info][gc,phases      ] GC(656)   Pre Evacuate Collection Set: 0.1ms
[369.511s][info][gc,phases      ] GC(656)   Merge Heap Roots: 0.0ms
[369.511s][info][gc,phases      ] GC(656)   Evacuate Collection Set: 0.2ms
[369.511s][info][gc,phases      ] GC(656)   Post Evacuate Collection Set: 0.1ms
[369.511s][info][gc,phases      ] GC(656)   Other: 0.1ms
[369.511s][info][gc,heap        ] GC(656) Eden regions: 0->0(25)
[369.511s][info][gc,heap        ] GC(656) Survivor regions: 0->0(4)
[369.511s][info][gc,heap        ] GC(656) Old regions: 491->491
[369.511s][info][gc,heap        ] GC(656) Archive regions: 2->2
[369.511s][info][gc,heap        ] GC(656) Humongous regions: 11->11
[369.511s][info][gc,metaspace   ] GC(656) Metaspace: 44167K(45520K)->44167K(45520K) NonClass: 38947K(39892K)->38947K(39892K) Class: 5220K(5628K)->5220K(5628K)
[369.511s][info][gc             ] GC(656) Pause Young (Normal) (G1 Humongous Allocation) 500M->500M(512M) 0.520ms
[369.511s][info][gc,cpu         ] GC(656) User=0.00s Sys=0.00s Real=0.00s
[369.511s][info][gc,task        ] GC(657) Using 8 workers of 8 for full compaction
[369.511s][info][gc,start       ] GC(657) Pause Full (G1 Humongous Allocation)
[369.511s][info][gc,phases,start] GC(657) Phase 1: Mark live objects
[369.723s][info][gc,phases      ] GC(657) Phase 1: Mark live objects 212.116ms
[369.723s][info][gc,phases,start] GC(657) Phase 2: Prepare for compaction
[369.752s][info][gc,phases      ] GC(657) Phase 2: Prepare for compaction 28.572ms
[369.752s][info][gc,phases,start] GC(657) Phase 3: Adjust pointers
[369.818s][info][gc,phases      ] GC(657) Phase 3: Adjust pointers 65.915ms
[369.818s][info][gc,phases,start] GC(657) Phase 4: Compact heap
[369.843s][info][gc,phases      ] GC(657) Phase 4: Compact heap 24.982ms
[369.847s][info][gc,heap        ] GC(657) Eden regions: 0->0(25)
[369.847s][info][gc,heap        ] GC(657) Survivor regions: 0->0(4)
[369.847s][info][gc,heap        ] GC(657) Old regions: 491->491
[369.847s][info][gc,heap        ] GC(657) Archive regions: 2->2
[369.847s][info][gc,heap        ] GC(657) Humongous regions: 11->11
[369.847s][info][gc,metaspace   ] GC(657) Metaspace: 44167K(45520K)->44167K(45520K) NonClass: 38947K(39892K)->38947K(39892K) Class: 5220K(5628K)->5220K(5628K)
[369.847s][info][gc             ] GC(657) Pause Full (G1 Humongous Allocation) 500M->500M(512M) 336.025ms
[369.849s][info][gc,cpu         ] GC(657) User=2.47s Sys=0.01s Real=0.34s
[369.849s][info][gc,task        ] GC(658) Using 8 workers of 8 for full compaction
[369.849s][info][gc,start       ] GC(658) Pause Full (G1 Humongous Allocation)
[369.849s][info][gc,phases,start] GC(658) Phase 1: Mark live objects
[370.068s][info][gc,phases      ] GC(658) Phase 1: Mark live objects 218.717ms
[370.068s][info][gc,phases,start] GC(658) Phase 2: Prepare for compaction
[370.096s][info][gc,phases      ] GC(658) Phase 2: Prepare for compaction 28.232ms
[370.096s][info][gc,phases,start] GC(658) Phase 3: Adjust pointers
[370.162s][info][gc,phases      ] GC(658) Phase 3: Adjust pointers 65.802ms
[370.162s][info][gc,phases,start] GC(658) Phase 4: Compact heap
[370.184s][info][gc,phases      ] GC(658) Phase 4: Compact heap 22.678ms
[370.188s][info][gc,heap        ] GC(658) Eden regions: 0->0(25)
[370.188s][info][gc,heap        ] GC(658) Survivor regions: 0->0(4)
[370.188s][info][gc,heap        ] GC(658) Old regions: 491->491
[370.188s][info][gc,heap        ] GC(658) Archive regions: 2->2
[370.188s][info][gc,heap        ] GC(658) Humongous regions: 11->11
[370.188s][info][gc,metaspace   ] GC(658) Metaspace: 44167K(45520K)->44167K(45520K) NonClass: 38947K(39892K)->38947K(39892K) Class: 5220K(5628K)->5220K(5628K)
[370.188s][info][gc             ] GC(658) Pause Full (G1 Humongous Allocation) 500M->500M(512M) 339.646ms
[370.190s][info][gc,cpu         ] GC(658) User=2.50s Sys=0.03s Real=0.34s
[370.192s][info][gc,start       ] GC(659) Pause Young (Concurrent Start) (G1 Humongous Allocation)
[370.192s][info][gc,task        ] GC(659) Using 8 workers of 8 for evacuation
[370.193s][info][gc,phases      ] GC(659)   Pre Evacuate Collection Set: 0.1ms
[370.193s][info][gc,phases      ] GC(659)   Merge Heap Roots: 0.0ms
[370.193s][info][gc,phases      ] GC(659)   Evacuate Collection Set: 0.5ms
[370.193s][info][gc,phases      ] GC(659)   Post Evacuate Collection Set: 0.3ms
[370.193s][info][gc,phases      ] GC(659)   Other: 0.1ms
[370.193s][info][gc,heap        ] GC(659) Eden regions: 1->0(24)
[370.193s][info][gc,heap        ] GC(659) Survivor regions: 0->1(4)
[370.193s][info][gc,heap        ] GC(659) Old regions: 491->491
[370.193s][info][gc,heap        ] GC(659) Archive regions: 2->2
[370.193s][info][gc,heap        ] GC(659) Humongous regions: 11->11
[370.193s][info][gc,metaspace   ] GC(659) Metaspace: 44191K(45776K)->44191K(45776K) NonClass: 38968K(40148K)->38968K(40148K) Class: 5223K(5628K)->5223K(5628K)
[370.193s][info][gc             ] GC(659) Pause Young (Concurrent Start) (G1 Humongous Allocation) 501M->500M(512M) 1.148ms
[370.193s][info][gc,cpu         ] GC(659) User=0.00s Sys=0.00s Real=0.00s
[370.193s][info][gc,task        ] GC(660) Using 8 workers of 8 for full compaction
[370.193s][info][gc,start       ] GC(660) Pause Full (G1 Humongous Allocation)
[370.193s][info][gc             ] GC(661) Concurrent Cycle
[370.193s][info][gc,marking     ] GC(661) Concurrent Clear Claimed Marks
[370.193s][info][gc,marking     ] GC(661) Concurrent Clear Claimed Marks 0.019ms
[370.193s][info][gc,marking     ] GC(661) Concurrent Scan Root Regions
[370.194s][info][gc,marking     ] GC(661) Concurrent Scan Root Regions 0.015ms
[370.194s][info][gc,marking     ] GC(661) Concurrent Mark (370.194s)
[370.194s][info][gc,marking     ] GC(661) Concurrent Mark From Roots
[370.194s][info][gc,task        ] GC(661) Using 2 workers of 2 for marking
[370.194s][info][gc,phases,start] GC(660) Phase 1: Mark live objects
[370.411s][info][gc,phases      ] GC(660) Phase 1: Mark live objects 217.318ms
[370.411s][info][gc,phases,start] GC(660) Phase 2: Prepare for compaction
[370.440s][info][gc,phases      ] GC(660) Phase 2: Prepare for compaction 28.558ms
[370.440s][info][gc,phases,start] GC(660) Phase 3: Adjust pointers
[370.517s][info][gc,phases      ] GC(660) Phase 3: Adjust pointers 77.073ms
[370.517s][info][gc,phases,start] GC(660) Phase 4: Compact heap
[370.548s][info][gc,phases      ] GC(660) Phase 4: Compact heap 30.688ms
[370.552s][info][gc,heap        ] GC(660) Eden regions: 0->0(25)
[370.552s][info][gc,heap        ] GC(660) Survivor regions: 1->0(4)
[370.552s][info][gc,heap        ] GC(660) Old regions: 491->491
[370.552s][info][gc,heap        ] GC(660) Archive regions: 2->2
[370.552s][info][gc,heap        ] GC(660) Humongous regions: 11->11
[370.552s][info][gc,metaspace   ] GC(660) Metaspace: 44191K(45776K)->44191K(45776K) NonClass: 38968K(40148K)->38968K(40148K) Class: 5223K(5628K)->5223K(5628K)
[370.552s][info][gc             ] GC(660) Pause Full (G1 Humongous Allocation) 500M->500M(512M) 358.288ms
[370.553s][info][gc,cpu         ] GC(660) User=2.62s Sys=0.02s Real=0.36s
[370.553s][info][gc,task        ] GC(662) Using 8 workers of 8 for full compaction
[370.553s][info][gc,start       ] GC(662) Pause Full (G1 Humongous Allocation)
[370.553s][info][gc,phases,start] GC(662) Phase 1: Mark live objects
[370.767s][info][gc,phases      ] GC(662) Phase 1: Mark live objects 213.772ms
[370.767s][info][gc,phases,start] GC(662) Phase 2: Prepare for compaction
[370.796s][info][gc,phases      ] GC(662) Phase 2: Prepare for compaction 29.191ms
[370.796s][info][gc,phases,start] GC(662) Phase 3: Adjust pointers
[370.865s][info][gc,phases      ] GC(662) Phase 3: Adjust pointers 68.361ms
[370.865s][info][gc,phases,start] GC(662) Phase 4: Compact heap
[370.892s][info][gc,phases      ] GC(662) Phase 4: Compact heap 27.878ms
[370.897s][info][gc,heap        ] GC(662) Eden regions: 0->0(25)
[370.906s][info][gc,heap        ] GC(662) Survivor regions: 0->0(4)
[370.906s][info][gc,heap        ] GC(662) Old regions: 491->491
[370.906s][info][gc,heap        ] GC(662) Archive regions: 2->2
[370.906s][info][gc,heap        ] GC(662) Humongous regions: 11->11
[370.906s][info][gc,metaspace   ] GC(662) Metaspace: 44191K(45776K)->44188K(45776K) NonClass: 38968K(40148K)->38964K(40148K) Class: 5223K(5628K)->5223K(5628K)
[370.906s][info][gc             ] GC(662) Pause Full (G1 Humongous Allocation) 500M->500M(512M) 353.343ms
[370.908s][info][gc,cpu         ] GC(662) User=2.52s Sys=0.03s Real=0.36s
[370.908s][info][gc,marking     ] GC(661) Concurrent Mark From Roots 714.925ms
[370.908s][info][gc,marking     ] GC(661) Concurrent Mark Abort
[370.908s][info][gc             ] GC(661) Concurrent Cycle 715.052ms
[370.909s][info][gc,start       ] GC(663) Pause Young (Normal) (G1 Humongous Allocation)
[370.909s][info][gc,task        ] GC(663) Using 8 workers of 8 for evacuation
[370.909s][info][gc,phases      ] GC(663)   Pre Evacuate Collection Set: 0.1ms
[370.909s][info][gc,phases      ] GC(663)   Merge Heap Roots: 0.0ms
[370.909s][info][gc,phases      ] GC(663)   Evacuate Collection Set: 0.3ms
[370.909s][info][gc,phases      ] GC(663)   Post Evacuate Collection Set: 0.1ms
[370.909s][info][gc,phases      ] GC(663)   Other: 0.1ms
[370.909s][info][gc,heap        ] GC(663) Eden regions: 0->0(25)
[370.909s][info][gc,heap        ] GC(663) Survivor regions: 0->0(4)
[370.909s][info][gc,heap        ] GC(663) Old regions: 491->491
[370.909s][info][gc,heap        ] GC(663) Archive regions: 2->2
[370.909s][info][gc,heap        ] GC(663) Humongous regions: 11->11
[370.909s][info][gc,metaspace   ] GC(663) Metaspace: 44188K(45776K)->44188K(45776K) NonClass: 38965K(40148K)->38965K(40148K) Class: 5223K(5628K)->5223K(5628K)
[370.909s][info][gc             ] GC(663) Pause Young (Normal) (G1 Humongous Allocation) 500M->500M(512M) 0.695ms
[370.909s][info][gc,cpu         ] GC(663) User=0.00s Sys=0.00s Real=0.00s
[370.909s][info][gc,task        ] GC(664) Using 8 workers of 8 for full compaction
[370.909s][info][gc,start       ] GC(664) Pause Full (G1 Humongous Allocation)
[370.909s][info][gc,phases,start] GC(664) Phase 1: Mark live objects
[371.133s][info][gc,phases      ] GC(664) Phase 1: Mark live objects 223.920ms
[371.135s][info][gc,phases,start] GC(664) Phase 2: Prepare for compaction
[371.164s][info][gc,phases      ] GC(664) Phase 2: Prepare for compaction 29.074ms
[371.164s][info][gc,phases,start] GC(664) Phase 3: Adjust pointers
[371.231s][info][gc,phases      ] GC(664) Phase 3: Adjust pointers 66.956ms
[371.231s][info][gc,phases,start] GC(664) Phase 4: Compact heap
[371.255s][info][gc,phases      ] GC(664) Phase 4: Compact heap 24.498ms
[371.259s][info][gc,heap        ] GC(664) Eden regions: 0->0(25)
[371.259s][info][gc,heap        ] GC(664) Survivor regions: 0->0(4)
[371.259s][info][gc,heap        ] GC(664) Old regions: 491->491
[371.259s][info][gc,heap        ] GC(664) Archive regions: 2->2
[371.259s][info][gc,heap        ] GC(664) Humongous regions: 11->11
[371.259s][info][gc,metaspace   ] GC(664) Metaspace: 44188K(45776K)->44188K(45776K) NonClass: 38965K(40148K)->38965K(40148K) Class: 5223K(5628K)->5223K(5628K)
[371.259s][info][gc             ] GC(664) Pause Full (G1 Humongous Allocation) 500M->500M(512M) 349.752ms
[371.261s][info][gc,cpu         ] GC(664) User=2.47s Sys=0.01s Real=0.35s
[371.261s][info][gc,task        ] GC(665) Using 8 workers of 8 for full compaction
[371.261s][info][gc,start       ] GC(665) Pause Full (G1 Humongous Allocation)
[371.261s][info][gc,phases,start] GC(665) Phase 1: Mark live objects
[371.478s][info][gc,phases      ] GC(665) Phase 1: Mark live objects 216.621ms
[371.478s][info][gc,phases,start] GC(665) Phase 2: Prepare for compaction
[371.507s][info][gc,phases      ] GC(665) Phase 2: Prepare for compaction 29.541ms
[371.507s][info][gc,phases,start] GC(665) Phase 3: Adjust pointers
[371.577s][info][gc,phases      ] GC(665) Phase 3: Adjust pointers 69.885ms
[371.577s][info][gc,phases,start] GC(665) Phase 4: Compact heap
[371.604s][info][gc,phases      ] GC(665) Phase 4: Compact heap 26.397ms
[371.608s][info][gc,heap        ] GC(665) Eden regions: 0->0(25)
[371.608s][info][gc,heap        ] GC(665) Survivor regions: 0->0(4)
[371.608s][info][gc,heap        ] GC(665) Old regions: 491->491
[371.608s][info][gc,heap        ] GC(665) Archive regions: 2->2
[371.608s][info][gc,heap        ] GC(665) Humongous regions: 11->11
[371.608s][info][gc,metaspace   ] GC(665) Metaspace: 44188K(45776K)->44188K(45776K) NonClass: 38965K(40148K)->38965K(40148K) Class: 5223K(5628K)->5223K(5628K)
[371.608s][info][gc             ] GC(665) Pause Full (G1 Humongous Allocation) 500M->500M(512M) 346.837ms
[371.609s][info][gc,cpu         ] GC(665) User=2.49s Sys=0.03s Real=0.35s
[371.610s][info][gc,start       ] GC(666) Pause Young (Concurrent Start) (G1 Humongous Allocation)
[371.610s][info][gc,task        ] GC(666) Using 8 workers of 8 for evacuation
[371.611s][info][gc,phases      ] GC(666)   Pre Evacuate Collection Set: 0.1ms
[371.611s][info][gc,phases      ] GC(666)   Merge Heap Roots: 0.0ms
[371.611s][info][gc,phases      ] GC(666)   Evacuate Collection Set: 0.5ms
[371.611s][info][gc,phases      ] GC(666)   Post Evacuate Collection Set: 0.2ms
[371.611s][info][gc,phases      ] GC(666)   Other: 0.1ms
[371.611s][info][gc,heap        ] GC(666) Eden regions: 1->0(24)
[371.611s][info][gc,heap        ] GC(666) Survivor regions: 0->1(4)
[371.611s][info][gc,heap        ] GC(666) Old regions: 491->491
[371.611s][info][gc,heap        ] GC(666) Archive regions: 2->2
[371.611s][info][gc,heap        ] GC(666) Humongous regions: 11->11
[371.611s][info][gc,metaspace   ] GC(666) Metaspace: 44191K(45776K)->44191K(45776K) NonClass: 38967K(40148K)->38967K(40148K) Class: 5223K(5628K)->5223K(5628K)
[371.611s][info][gc             ] GC(666) Pause Young (Concurrent Start) (G1 Humongous Allocation) 500M->500M(512M) 0.991ms
[371.611s][info][gc,cpu         ] GC(666) User=0.00s Sys=0.00s Real=0.00s
[371.611s][info][gc             ] GC(667) Concurrent Cycle
[371.611s][info][gc,marking     ] GC(667) Concurrent Clear Claimed Marks
[371.611s][info][gc,marking     ] GC(667) Concurrent Clear Claimed Marks 0.030ms
[371.611s][info][gc,marking     ] GC(667) Concurrent Scan Root Regions
[371.612s][info][gc,marking     ] GC(667) Concurrent Scan Root Regions 0.401ms
[371.612s][info][gc,marking     ] GC(667) Concurrent Mark (371.612s)
[371.612s][info][gc,marking     ] GC(667) Concurrent Mark From Roots
[371.612s][info][gc,task        ] GC(667) Using 2 workers of 2 for marking
[371.612s][info][gc,start       ] GC(668) Pause Young (Normal) (G1 Humongous Allocation)
[371.612s][info][gc,task        ] GC(668) Using 8 workers of 8 for evacuation
[371.613s][info][gc,phases      ] GC(668)   Pre Evacuate Collection Set: 0.1ms
[371.613s][info][gc,phases      ] GC(668)   Merge Heap Roots: 0.1ms
[371.613s][info][gc,phases      ] GC(668)   Evacuate Collection Set: 0.2ms
[371.613s][info][gc,phases      ] GC(668)   Post Evacuate Collection Set: 0.2ms
[371.613s][info][gc,phases      ] GC(668)   Other: 0.1ms
[371.613s][info][gc,heap        ] GC(668) Eden regions: 0->0(24)
[371.613s][info][gc,heap        ] GC(668) Survivor regions: 1->1(4)
[371.613s][info][gc,heap        ] GC(668) Old regions: 491->491
[371.613s][info][gc,heap        ] GC(668) Archive regions: 2->2
[371.613s][info][gc,heap        ] GC(668) Humongous regions: 11->11
[371.613s][info][gc,metaspace   ] GC(668) Metaspace: 44191K(45776K)->44191K(45776K) NonClass: 38967K(40148K)->38967K(40148K) Class: 5223K(5628K)->5223K(5628K)
[371.613s][info][gc             ] GC(668) Pause Young (Normal) (G1 Humongous Allocation) 500M->500M(512M) 0.724ms
[371.613s][info][gc,cpu         ] GC(668) User=0.00s Sys=0.00s Real=0.00s
[371.613s][info][gc,task        ] GC(669) Using 8 workers of 8 for full compaction
[371.613s][info][gc,start       ] GC(669) Pause Full (G1 Humongous Allocation)
[371.613s][info][gc,phases,start] GC(669) Phase 1: Mark live objects
[371.833s][info][gc,phases      ] GC(669) Phase 1: Mark live objects 219.730ms
[371.833s][info][gc,phases,start] GC(669) Phase 2: Prepare for compaction
[371.861s][info][gc,phases      ] GC(669) Phase 2: Prepare for compaction 28.044ms
[371.861s][info][gc,phases,start] GC(669) Phase 3: Adjust pointers
[371.929s][info][gc,phases      ] GC(669) Phase 3: Adjust pointers 68.255ms
[371.929s][info][gc,phases,start] GC(669) Phase 4: Compact heap
[371.956s][info][gc,phases      ] GC(669) Phase 4: Compact heap 27.064ms
[371.961s][info][gc,heap        ] GC(669) Eden regions: 0->0(25)
[371.961s][info][gc,heap        ] GC(669) Survivor regions: 1->0(4)
[371.961s][info][gc,heap        ] GC(669) Old regions: 491->492
[371.961s][info][gc,heap        ] GC(669) Archive regions: 2->2
[371.961s][info][gc,heap        ] GC(669) Humongous regions: 11->11
[371.961s][info][gc,metaspace   ] GC(669) Metaspace: 44191K(45776K)->44191K(45776K) NonClass: 38967K(40148K)->38967K(40148K) Class: 5223K(5628K)->5223K(5628K)
[371.961s][info][gc             ] GC(669) Pause Full (G1 Humongous Allocation) 500M->500M(512M) 347.908ms
[371.962s][info][gc,cpu         ] GC(669) User=2.52s Sys=0.03s Real=0.35s
[371.962s][info][gc,task        ] GC(670) Using 8 workers of 8 for full compaction
[371.962s][info][gc,start       ] GC(670) Pause Full (G1 Humongous Allocation)
[371.962s][info][gc,phases,start] GC(670) Phase 1: Mark live objects
[372.233s][info][gc,phases      ] GC(670) Phase 1: Mark live objects 271.355ms
[372.233s][info][gc,phases,start] GC(670) Phase 2: Prepare for compaction
[372.275s][info][gc,phases      ] GC(670) Phase 2: Prepare for compaction 41.243ms
[372.275s][info][gc,phases,start] GC(670) Phase 3: Adjust pointers
[372.381s][info][gc,phases      ] GC(670) Phase 3: Adjust pointers 106.649ms
[372.381s][info][gc,phases,start] GC(670) Phase 4: Compact heap
[372.409s][info][gc,phases      ] GC(670) Phase 4: Compact heap 27.714ms
[372.413s][info][gc,heap        ] GC(670) Eden regions: 0->0(25)
[372.413s][info][gc,heap        ] GC(670) Survivor regions: 0->0(4)
[372.413s][info][gc,heap        ] GC(670) Old regions: 492->491
[372.413s][info][gc,heap        ] GC(670) Archive regions: 2->2
[372.413s][info][gc,heap        ] GC(670) Humongous regions: 11->11
[372.413s][info][gc,metaspace   ] GC(670) Metaspace: 44191K(45776K)->44191K(45776K) NonClass: 38967K(40148K)->38967K(40148K) Class: 5223K(5628K)->5223K(5628K)
[372.413s][info][gc             ] GC(670) Pause Full (G1 Humongous Allocation) 500M->500M(512M) 451.151ms
[372.415s][info][gc,cpu         ] GC(670) User=2.51s Sys=0.04s Real=0.45s
[372.415s][info][gc,marking     ] GC(667) Concurrent Mark From Roots 802.919ms
[372.415s][info][gc,marking     ] GC(667) Concurrent Mark Abort
[372.415s][info][gc             ] GC(667) Concurrent Cycle 803.473ms
[372.415s][info][gc,start       ] GC(671) Pause Young (Normal) (G1 Humongous Allocation)
[372.415s][info][gc,task        ] GC(671) Using 8 workers of 8 for evacuation
[372.416s][info][gc,phases      ] GC(671)   Pre Evacuate Collection Set: 0.1ms
[372.416s][info][gc,phases      ] GC(671)   Merge Heap Roots: 0.0ms
[372.416s][info][gc,phases      ] GC(671)   Evacuate Collection Set: 0.2ms
[372.416s][info][gc,phases      ] GC(671)   Post Evacuate Collection Set: 0.2ms
[372.416s][info][gc,phases      ] GC(671)   Other: 0.1ms
[372.416s][info][gc,heap        ] GC(671) Eden regions: 1->0(24)
[372.416s][info][gc,heap        ] GC(671) Survivor regions: 0->1(4)
[372.416s][info][gc,heap        ] GC(671) Old regions: 491->491
[372.416s][info][gc,heap        ] GC(671) Archive regions: 2->2
[372.416s][info][gc,heap        ] GC(671) Humongous regions: 11->11
[372.416s][info][gc,metaspace   ] GC(671) Metaspace: 44191K(45776K)->44191K(45776K) NonClass: 38968K(40148K)->38968K(40148K) Class: 5223K(5628K)->5223K(5628K)
[372.416s][info][gc             ] GC(671) Pause Young (Normal) (G1 Humongous Allocation) 500M->500M(512M) 0.638ms
[372.416s][info][gc,cpu         ] GC(671) User=0.00s Sys=0.00s Real=0.00s
[372.416s][info][gc,task        ] GC(672) Using 8 workers of 8 for full compaction
[372.416s][info][gc,start       ] GC(672) Pause Full (G1 Humongous Allocation)
[372.416s][info][gc,phases,start] GC(672) Phase 1: Mark live objects
[372.639s][info][gc,phases      ] GC(672) Phase 1: Mark live objects 222.599ms
[372.639s][info][gc,phases,start] GC(672) Phase 2: Prepare for compaction
[372.668s][info][gc,phases      ] GC(672) Phase 2: Prepare for compaction 29.087ms
[372.668s][info][gc,phases,start] GC(672) Phase 3: Adjust pointers
[372.740s][info][gc,phases      ] GC(672) Phase 3: Adjust pointers 71.703ms
[372.740s][info][gc,phases,start] GC(672) Phase 4: Compact heap
[372.770s][info][gc,phases      ] GC(672) Phase 4: Compact heap 30.055ms
[372.773s][info][gc,heap        ] GC(672) Eden regions: 0->0(25)
[372.774s][info][gc,heap        ] GC(672) Survivor regions: 1->0(4)
[372.774s][info][gc,heap        ] GC(672) Old regions: 491->490
[372.774s][info][gc,heap        ] GC(672) Archive regions: 2->2
[372.774s][info][gc,heap        ] GC(672) Humongous regions: 11->11
[372.774s][info][gc,metaspace   ] GC(672) Metaspace: 44191K(45776K)->44191K(45776K) NonClass: 38968K(40148K)->38968K(40148K) Class: 5223K(5628K)->5223K(5628K)
[372.774s][info][gc             ] GC(672) Pause Full (G1 Humongous Allocation) 500M->500M(512M) 357.517ms
[372.775s][info][gc,cpu         ] GC(672) User=2.50s Sys=0.03s Real=0.35s
[372.775s][info][gc,task        ] GC(673) Using 8 workers of 8 for full compaction
[372.775s][info][gc,start       ] GC(673) Pause Full (G1 Humongous Allocation)
[372.775s][info][gc,phases,start] GC(673) Phase 1: Mark live objects
[372.998s][info][gc,phases      ] GC(673) Phase 1: Mark live objects 223.243ms
[372.998s][info][gc,phases,start] GC(673) Phase 2: Prepare for compaction
[373.027s][info][gc,phases      ] GC(673) Phase 2: Prepare for compaction 28.521ms
[373.027s][info][gc,phases,start] GC(673) Phase 3: Adjust pointers
[373.099s][info][gc,phases      ] GC(673) Phase 3: Adjust pointers 71.984ms
[373.099s][info][gc,phases,start] GC(673) Phase 4: Compact heap
[373.123s][info][gc,phases      ] GC(673) Phase 4: Compact heap 24.690ms
[373.127s][info][gc,heap        ] GC(673) Eden regions: 0->0(25)
[373.127s][info][gc,heap        ] GC(673) Survivor regions: 0->0(4)
[373.127s][info][gc,heap        ] GC(673) Old regions: 490->490
[373.127s][info][gc,heap        ] GC(673) Archive regions: 2->2
[373.127s][info][gc,heap        ] GC(673) Humongous regions: 11->11
[373.127s][info][gc,metaspace   ] GC(673) Metaspace: 44191K(45776K)->44191K(45776K) NonClass: 38968K(40148K)->38968K(40148K) Class: 5223K(5628K)->5223K(5628K)
[373.127s][info][gc             ] GC(673) Pause Full (G1 Humongous Allocation) 500M->500M(512M) 352.613ms
[373.129s][info][gc,cpu         ] GC(673) User=2.51s Sys=0.03s Real=0.35s
[373.130s][info][gc,start       ] GC(674) Pause Young (Concurrent Start) (G1 Humongous Allocation)
[373.130s][info][gc,task        ] GC(674) Using 8 workers of 8 for evacuation
[373.130s][info][gc,phases      ] GC(674)   Pre Evacuate Collection Set: 0.1ms
[373.130s][info][gc,phases      ] GC(674)   Merge Heap Roots: 0.0ms
[373.130s][info][gc,phases      ] GC(674)   Evacuate Collection Set: 0.5ms
[373.130s][info][gc,phases      ] GC(674)   Post Evacuate Collection Set: 0.2ms
[373.130s][info][gc,phases      ] GC(674)   Other: 0.1ms
[373.130s][info][gc,heap        ] GC(674) Eden regions: 1->0(24)
[373.131s][info][gc,heap        ] GC(674) Survivor regions: 0->1(4)
[373.131s][info][gc,heap        ] GC(674) Old regions: 490->490
[373.131s][info][gc,heap        ] GC(674) Archive regions: 2->2
[373.131s][info][gc,heap        ] GC(674) Humongous regions: 11->11
[373.131s][info][gc,metaspace   ] GC(674) Metaspace: 44191K(45776K)->44191K(45776K) NonClass: 38968K(40148K)->38968K(40148K) Class: 5223K(5628K)->5223K(5628K)
[373.131s][info][gc             ] GC(674) Pause Young (Concurrent Start) (G1 Humongous Allocation) 500M->500M(512M) 1.005ms
[373.131s][info][gc,cpu         ] GC(674) User=0.00s Sys=0.00s Real=0.00s
[373.131s][info][gc             ] GC(675) Concurrent Cycle
[373.131s][info][gc,marking     ] GC(675) Concurrent Clear Claimed Marks
[373.131s][info][gc,marking     ] GC(675) Concurrent Clear Claimed Marks 0.036ms
[373.131s][info][gc,marking     ] GC(675) Concurrent Scan Root Regions
[373.131s][info][gc,marking     ] GC(675) Concurrent Scan Root Regions 0.411ms
[373.131s][info][gc,marking     ] GC(675) Concurrent Mark (373.131s)
[373.131s][info][gc,marking     ] GC(675) Concurrent Mark From Roots
[373.131s][info][gc,task        ] GC(675) Using 2 workers of 2 for marking
[373.131s][info][gc,start       ] GC(676) Pause Young (Normal) (G1 Humongous Allocation)
[373.131s][info][gc,task        ] GC(676) Using 8 workers of 8 for evacuation
[373.132s][info][gc,phases      ] GC(676)   Pre Evacuate Collection Set: 0.1ms
[373.132s][info][gc,phases      ] GC(676)   Merge Heap Roots: 0.0ms
[373.132s][info][gc,phases      ] GC(676)   Evacuate Collection Set: 0.2ms
[373.132s][info][gc,phases      ] GC(676)   Post Evacuate Collection Set: 0.2ms
[373.132s][info][gc,phases      ] GC(676)   Other: 0.2ms
[373.132s][info][gc,heap        ] GC(676) Eden regions: 0->0(24)
[373.132s][info][gc,heap        ] GC(676) Survivor regions: 1->1(4)
[373.132s][info][gc,heap        ] GC(676) Old regions: 490->490
[373.132s][info][gc,heap        ] GC(676) Archive regions: 2->2
[373.132s][info][gc,heap        ] GC(676) Humongous regions: 11->11
[373.132s][info][gc,metaspace   ] GC(676) Metaspace: 44191K(45776K)->44191K(45776K) NonClass: 38968K(40148K)->38968K(40148K) Class: 5223K(5628K)->5223K(5628K)
[373.132s][info][gc             ] GC(676) Pause Young (Normal) (G1 Humongous Allocation) 500M->500M(512M) 0.731ms
[373.132s][info][gc,cpu         ] GC(676) User=0.00s Sys=0.00s Real=0.00s
[373.132s][info][gc,task        ] GC(677) Using 8 workers of 8 for full compaction
[373.132s][info][gc,start       ] GC(677) Pause Full (G1 Humongous Allocation)
[373.133s][info][gc,phases,start] GC(677) Phase 1: Mark live objects
[373.347s][info][gc,phases      ] GC(677) Phase 1: Mark live objects 214.308ms
[373.347s][info][gc,phases,start] GC(677) Phase 2: Prepare for compaction
[373.376s][info][gc,phases      ] GC(677) Phase 2: Prepare for compaction 28.727ms
[373.376s][info][gc,phases,start] GC(677) Phase 3: Adjust pointers
[373.442s][info][gc,phases      ] GC(677) Phase 3: Adjust pointers 66.114ms
[373.442s][info][gc,phases,start] GC(677) Phase 4: Compact heap
[373.467s][info][gc,phases      ] GC(677) Phase 4: Compact heap 24.796ms
[373.471s][info][gc,heap        ] GC(677) Eden regions: 0->0(25)
[373.471s][info][gc,heap        ] GC(677) Survivor regions: 1->0(4)
[373.471s][info][gc,heap        ] GC(677) Old regions: 490->490
[373.471s][info][gc,heap        ] GC(677) Archive regions: 2->2
[373.471s][info][gc,heap        ] GC(677) Humongous regions: 11->11
[373.471s][info][gc,metaspace   ] GC(677) Metaspace: 44191K(45776K)->44191K(45776K) NonClass: 38968K(40148K)->38968K(40148K) Class: 5223K(5628K)->5223K(5628K)
[373.471s][info][gc             ] GC(677) Pause Full (G1 Humongous Allocation) 500M->500M(512M) 338.849ms
[373.473s][info][gc,cpu         ] GC(677) User=2.49s Sys=0.02s Real=0.34s
[373.473s][info][gc,task        ] GC(678) Using 8 workers of 8 for full compaction
[373.473s][info][gc,start       ] GC(678) Pause Full (G1 Humongous Allocation)
[373.473s][info][gc,phases,start] GC(678) Phase 1: Mark live objects
[373.687s][info][gc,phases      ] GC(678) Phase 1: Mark live objects 214.484ms
[373.687s][info][gc,phases,start] GC(678) Phase 2: Prepare for compaction
[373.716s][info][gc,phases      ] GC(678) Phase 2: Prepare for compaction 28.542ms
[373.716s][info][gc,phases,start] GC(678) Phase 3: Adjust pointers
[373.783s][info][gc,phases      ] GC(678) Phase 3: Adjust pointers 66.689ms
[373.783s][info][gc,phases,start] GC(678) Phase 4: Compact heap
[373.806s][info][gc,phases      ] GC(678) Phase 4: Compact heap 23.798ms
[373.810s][info][gc,heap        ] GC(678) Eden regions: 0->0(25)
[373.810s][info][gc,heap        ] GC(678) Survivor regions: 0->0(4)
[373.810s][info][gc,heap        ] GC(678) Old regions: 490->490
[373.810s][info][gc,heap        ] GC(678) Archive regions: 2->2
[373.810s][info][gc,heap        ] GC(678) Humongous regions: 11->11
[373.810s][info][gc,metaspace   ] GC(678) Metaspace: 44191K(45776K)->44191K(45776K) NonClass: 38968K(40148K)->38968K(40148K) Class: 5223K(5628K)->5223K(5628K)
[373.810s][info][gc             ] GC(678) Pause Full (G1 Humongous Allocation) 500M->500M(512M) 337.600ms
[373.812s][info][gc,cpu         ] GC(678) User=2.49s Sys=0.02s Real=0.34s
[373.812s][info][gc,marking     ] GC(675) Concurrent Mark From Roots 680.967ms
[373.812s][info][gc,marking     ] GC(675) Concurrent Mark Abort
[373.812s][info][gc             ] GC(675) Concurrent Cycle 681.532ms
[373.813s][info][gc,start       ] GC(679) Pause Young (Concurrent Start) (G1 Humongous Allocation)
[373.813s][info][gc,task        ] GC(679) Using 8 workers of 8 for evacuation
[373.814s][info][gc,phases      ] GC(679)   Pre Evacuate Collection Set: 0.1ms
[373.814s][info][gc,phases      ] GC(679)   Merge Heap Roots: 0.0ms
[373.814s][info][gc,phases      ] GC(679)   Evacuate Collection Set: 0.5ms
[373.814s][info][gc,phases      ] GC(679)   Post Evacuate Collection Set: 0.1ms
[373.814s][info][gc,phases      ] GC(679)   Other: 0.1ms
[373.814s][info][gc,heap        ] GC(679) Eden regions: 1->0(24)
[373.814s][info][gc,heap        ] GC(679) Survivor regions: 0->1(4)
[373.814s][info][gc,heap        ] GC(679) Old regions: 490->490
[373.814s][info][gc,heap        ] GC(679) Archive regions: 2->2
[373.814s][info][gc,heap        ] GC(679) Humongous regions: 11->11
[373.814s][info][gc,metaspace   ] GC(679) Metaspace: 44191K(45776K)->44191K(45776K) NonClass: 38968K(40148K)->38968K(40148K) Class: 5223K(5628K)->5223K(5628K)
[373.814s][info][gc             ] GC(679) Pause Young (Concurrent Start) (G1 Humongous Allocation) 500M->500M(512M) 0.984ms
[373.814s][info][gc,cpu         ] GC(679) User=0.00s Sys=0.00s Real=0.00s
[373.814s][info][gc             ] GC(680) Concurrent Cycle
[373.814s][info][gc,marking     ] GC(680) Concurrent Clear Claimed Marks
[373.814s][info][gc,marking     ] GC(680) Concurrent Clear Claimed Marks 0.017ms
[373.814s][info][gc,marking     ] GC(680) Concurrent Scan Root Regions
[373.814s][info][gc,marking     ] GC(680) Concurrent Scan Root Regions 0.411ms
[373.814s][info][gc,marking     ] GC(680) Concurrent Mark (373.814s)
[373.814s][info][gc,marking     ] GC(680) Concurrent Mark From Roots
[373.814s][info][gc,task        ] GC(680) Using 2 workers of 2 for marking
[373.814s][info][gc,start       ] GC(681) Pause Young (Normal) (G1 Humongous Allocation)
[373.814s][info][gc,task        ] GC(681) Using 8 workers of 8 for evacuation
[373.815s][info][gc,phases      ] GC(681)   Pre Evacuate Collection Set: 0.1ms
[373.815s][info][gc,phases      ] GC(681)   Merge Heap Roots: 0.0ms
[373.815s][info][gc,phases      ] GC(681)   Evacuate Collection Set: 0.2ms
[373.815s][info][gc,phases      ] GC(681)   Post Evacuate Collection Set: 0.1ms
[373.815s][info][gc,phases      ] GC(681)   Other: 0.1ms
[373.815s][info][gc,heap        ] GC(681) Eden regions: 1->0(24)
[373.815s][info][gc,heap        ] GC(681) Survivor regions: 1->1(4)
[373.815s][info][gc,heap        ] GC(681) Old regions: 490->490
[373.815s][info][gc,heap        ] GC(681) Archive regions: 2->2
[373.815s][info][gc,heap        ] GC(681) Humongous regions: 11->11
[373.815s][info][gc,metaspace   ] GC(681) Metaspace: 44191K(45776K)->44191K(45776K) NonClass: 38968K(40148K)->38968K(40148K) Class: 5223K(5628K)->5223K(5628K)
[373.815s][info][gc             ] GC(681) Pause Young (Normal) (G1 Humongous Allocation) 500M->500M(512M) 0.618ms
[373.815s][info][gc,cpu         ] GC(681) User=0.00s Sys=0.00s Real=0.01s
[373.815s][info][gc,task        ] GC(682) Using 8 workers of 8 for full compaction
[373.815s][info][gc,start       ] GC(682) Pause Full (G1 Humongous Allocation)
[373.816s][info][gc,phases,start] GC(682) Phase 1: Mark live objects
[374.031s][info][gc,phases      ] GC(682) Phase 1: Mark live objects 215.132ms
[374.031s][info][gc,phases,start] GC(682) Phase 2: Prepare for compaction
[374.061s][info][gc,phases      ] GC(682) Phase 2: Prepare for compaction 30.564ms
[374.061s][info][gc,phases,start] GC(682) Phase 3: Adjust pointers
[374.128s][info][gc,phases      ] GC(682) Phase 3: Adjust pointers 66.493ms
[374.128s][info][gc,phases,start] GC(682) Phase 4: Compact heap
[374.153s][info][gc,phases      ] GC(682) Phase 4: Compact heap 24.640ms
[374.157s][info][gc,heap        ] GC(682) Eden regions: 0->0(25)
[374.157s][info][gc,heap        ] GC(682) Survivor regions: 1->0(4)
[374.157s][info][gc,heap        ] GC(682) Old regions: 490->490
[374.157s][info][gc,heap        ] GC(682) Archive regions: 2->2
[374.157s][info][gc,heap        ] GC(682) Humongous regions: 11->11
[374.157s][info][gc,metaspace   ] GC(682) Metaspace: 44191K(45776K)->44191K(45776K) NonClass: 38968K(40148K)->38968K(40148K) Class: 5223K(5628K)->5223K(5628K)
[374.157s][info][gc             ] GC(682) Pause Full (G1 Humongous Allocation) 500M->500M(512M) 341.495ms
[374.158s][info][gc,cpu         ] GC(682) User=2.51s Sys=0.03s Real=0.34s
[374.158s][info][gc,task        ] GC(683) Using 8 workers of 8 for full compaction
[374.158s][info][gc,start       ] GC(683) Pause Full (G1 Humongous Allocation)
[374.158s][info][gc,phases,start] GC(683) Phase 1: Mark live objects
[374.371s][info][gc,phases      ] GC(683) Phase 1: Mark live objects 213.027ms
[374.371s][info][gc,phases,start] GC(683) Phase 2: Prepare for compaction
[374.400s][info][gc,phases      ] GC(683) Phase 2: Prepare for compaction 28.688ms
[374.400s][info][gc,phases,start] GC(683) Phase 3: Adjust pointers
[374.465s][info][gc,phases      ] GC(683) Phase 3: Adjust pointers 65.708ms
[374.465s][info][gc,phases,start] GC(683) Phase 4: Compact heap
[374.490s][info][gc,phases      ] GC(683) Phase 4: Compact heap 24.503ms
[374.494s][info][gc,heap        ] GC(683) Eden regions: 0->0(25)
[374.494s][info][gc,heap        ] GC(683) Survivor regions: 0->0(4)
[374.494s][info][gc,heap        ] GC(683) Old regions: 490->490
[374.494s][info][gc,heap        ] GC(683) Archive regions: 2->2
[374.494s][info][gc,heap        ] GC(683) Humongous regions: 11->11
[374.494s][info][gc,metaspace   ] GC(683) Metaspace: 44191K(45776K)->44191K(45776K) NonClass: 38968K(40148K)->38968K(40148K) Class: 5223K(5628K)->5223K(5628K)
[374.494s][info][gc             ] GC(683) Pause Full (G1 Humongous Allocation) 500M->500M(512M) 336.006ms
[374.496s][info][gc,cpu         ] GC(683) User=2.47s Sys=0.02s Real=0.34s
[374.496s][info][gc,marking     ] GC(680) Concurrent Mark From Roots 681.442ms
[374.496s][info][gc,marking     ] GC(680) Concurrent Mark Abort
[374.496s][info][gc             ] GC(680) Concurrent Cycle 681.931ms
[374.497s][info][gc,start       ] GC(684) Pause Young (Concurrent Start) (G1 Humongous Allocation)
[374.497s][info][gc,task        ] GC(684) Using 8 workers of 8 for evacuation
[374.498s][info][gc,phases      ] GC(684)   Pre Evacuate Collection Set: 0.1ms
[374.498s][info][gc,phases      ] GC(684)   Merge Heap Roots: 0.0ms
[374.498s][info][gc,phases      ] GC(684)   Evacuate Collection Set: 0.5ms
[374.498s][info][gc,phases      ] GC(684)   Post Evacuate Collection Set: 0.2ms
[374.498s][info][gc,phases      ] GC(684)   Other: 0.1ms
[374.498s][info][gc,heap        ] GC(684) Eden regions: 1->0(24)
[374.498s][info][gc,heap        ] GC(684) Survivor regions: 0->1(4)
[374.498s][info][gc,heap        ] GC(684) Old regions: 490->490
[374.498s][info][gc,heap        ] GC(684) Archive regions: 2->2
[374.498s][info][gc,heap        ] GC(684) Humongous regions: 11->11
[374.498s][info][gc,metaspace   ] GC(684) Metaspace: 44196K(45776K)->44196K(45776K) NonClass: 38972K(40148K)->38972K(40148K) Class: 5224K(5628K)->5224K(5628K)
[374.498s][info][gc             ] GC(684) Pause Young (Concurrent Start) (G1 Humongous Allocation) 500M->500M(512M) 1.067ms
[374.498s][info][gc,cpu         ] GC(684) User=0.00s Sys=0.00s Real=0.00s
[374.498s][info][gc             ] GC(685) Concurrent Cycle
[374.498s][info][gc,marking     ] GC(685) Concurrent Clear Claimed Marks
[374.498s][info][gc,marking     ] GC(685) Concurrent Clear Claimed Marks 0.020ms
[374.498s][info][gc,marking     ] GC(685) Concurrent Scan Root Regions
[374.498s][info][gc,marking     ] GC(685) Concurrent Scan Root Regions 0.548ms
[374.498s][info][gc,marking     ] GC(685) Concurrent Mark (374.498s)
[374.498s][info][gc,marking     ] GC(685) Concurrent Mark From Roots
[374.498s][info][gc,task        ] GC(685) Using 2 workers of 2 for marking
[374.499s][info][gc,start       ] GC(686) Pause Young (Normal) (G1 Humongous Allocation)
[374.499s][info][gc,task        ] GC(686) Using 8 workers of 8 for evacuation
[374.499s][info][gc,phases      ] GC(686)   Pre Evacuate Collection Set: 0.1ms
[374.499s][info][gc,phases      ] GC(686)   Merge Heap Roots: 0.0ms
[374.499s][info][gc,phases      ] GC(686)   Evacuate Collection Set: 0.2ms
[374.499s][info][gc,phases      ] GC(686)   Post Evacuate Collection Set: 0.1ms
[374.499s][info][gc,phases      ] GC(686)   Other: 0.1ms
[374.499s][info][gc,heap        ] GC(686) Eden regions: 0->0(24)
[374.499s][info][gc,heap        ] GC(686) Survivor regions: 1->1(4)
[374.499s][info][gc,heap        ] GC(686) Old regions: 490->490
[374.499s][info][gc,heap        ] GC(686) Archive regions: 2->2
[374.499s][info][gc,heap        ] GC(686) Humongous regions: 11->11
[374.499s][info][gc,metaspace   ] GC(686) Metaspace: 44196K(45776K)->44196K(45776K) NonClass: 38972K(40148K)->38972K(40148K) Class: 5224K(5628K)->5224K(5628K)
[374.499s][info][gc             ] GC(686) Pause Young (Normal) (G1 Humongous Allocation) 500M->500M(512M) 0.600ms
[374.499s][info][gc,cpu         ] GC(686) User=0.00s Sys=0.00s Real=0.00s
[374.499s][info][gc,task        ] GC(687) Using 8 workers of 8 for full compaction
[374.499s][info][gc,start       ] GC(687) Pause Full (G1 Humongous Allocation)
[374.500s][info][gc,phases,start] GC(687) Phase 1: Mark live objects
[374.713s][info][gc,phases      ] GC(687) Phase 1: Mark live objects 212.965ms
[374.713s][info][gc,phases,start] GC(687) Phase 2: Prepare for compaction
[374.741s][info][gc,phases      ] GC(687) Phase 2: Prepare for compaction 27.686ms
[374.741s][info][gc,phases,start] GC(687) Phase 3: Adjust pointers
[374.808s][info][gc,phases      ] GC(687) Phase 3: Adjust pointers 67.502ms
[374.808s][info][gc,phases,start] GC(687) Phase 4: Compact heap
[374.831s][info][gc,phases      ] GC(687) Phase 4: Compact heap 22.832ms
[374.835s][info][gc,heap        ] GC(687) Eden regions: 0->0(25)
[374.835s][info][gc,heap        ] GC(687) Survivor regions: 1->0(4)
[374.835s][info][gc,heap        ] GC(687) Old regions: 490->491
[374.835s][info][gc,heap        ] GC(687) Archive regions: 2->2
[374.835s][info][gc,heap        ] GC(687) Humongous regions: 11->11
[374.835s][info][gc,metaspace   ] GC(687) Metaspace: 44196K(45776K)->44196K(45776K) NonClass: 38972K(40148K)->38972K(40148K) Class: 5224K(5628K)->5224K(5628K)
[374.835s][info][gc             ] GC(687) Pause Full (G1 Humongous Allocation) 500M->500M(512M) 335.894ms
[374.837s][info][gc,cpu         ] GC(687) User=2.49s Sys=0.03s Real=0.34s
[374.837s][info][gc,task        ] GC(688) Using 8 workers of 8 for full compaction
[374.837s][info][gc,start       ] GC(688) Pause Full (G1 Humongous Allocation)
[374.837s][info][gc,phases,start] GC(688) Phase 1: Mark live objects
[375.057s][info][gc,phases      ] GC(688) Phase 1: Mark live objects 220.248ms
[375.057s][info][gc,phases,start] GC(688) Phase 2: Prepare for compaction
[375.088s][info][gc,phases      ] GC(688) Phase 2: Prepare for compaction 30.605ms
[375.088s][info][gc,phases,start] GC(688) Phase 3: Adjust pointers
[375.154s][info][gc,phases      ] GC(688) Phase 3: Adjust pointers 66.580ms
[375.154s][info][gc,phases,start] GC(688) Phase 4: Compact heap
[375.178s][info][gc,phases      ] GC(688) Phase 4: Compact heap 23.863ms
[375.182s][info][gc,heap        ] GC(688) Eden regions: 0->0(25)
[375.182s][info][gc,heap        ] GC(688) Survivor regions: 0->0(4)
[375.182s][info][gc,heap        ] GC(688) Old regions: 491->491
[375.182s][info][gc,heap        ] GC(688) Archive regions: 2->2
[375.182s][info][gc,heap        ] GC(688) Humongous regions: 11->11
[375.182s][info][gc,metaspace   ] GC(688) Metaspace: 44196K(45776K)->44196K(45776K) NonClass: 38972K(40148K)->38972K(40148K) Class: 5224K(5628K)->5224K(5628K)
[375.182s][info][gc             ] GC(688) Pause Full (G1 Humongous Allocation) 500M->500M(512M) 345.843ms
[375.184s][info][gc,cpu         ] GC(688) User=2.49s Sys=0.02s Real=0.34s
[375.184s][info][gc,marking     ] GC(685) Concurrent Mark From Roots 686.077ms
[375.184s][info][gc,marking     ] GC(685) Concurrent Mark Abort
[375.184s][info][gc             ] GC(685) Concurrent Cycle 686.711ms
[375.185s][info][gc,start       ] GC(689) Pause Young (Concurrent Start) (G1 Humongous Allocation)
[375.185s][info][gc,task        ] GC(689) Using 8 workers of 8 for evacuation
[375.186s][info][gc,phases      ] GC(689)   Pre Evacuate Collection Set: 0.1ms
[375.186s][info][gc,phases      ] GC(689)   Merge Heap Roots: 0.1ms
[375.186s][info][gc,phases      ] GC(689)   Evacuate Collection Set: 0.5ms
[375.186s][info][gc,phases      ] GC(689)   Post Evacuate Collection Set: 0.2ms
[375.186s][info][gc,phases      ] GC(689)   Other: 0.1ms
[375.186s][info][gc,heap        ] GC(689) Eden regions: 1->0(24)
[375.186s][info][gc,heap        ] GC(689) Survivor regions: 0->1(4)
[375.186s][info][gc,heap        ] GC(689) Old regions: 491->491
[375.186s][info][gc,heap        ] GC(689) Archive regions: 2->2
[375.186s][info][gc,heap        ] GC(689) Humongous regions: 11->11
[375.186s][info][gc,metaspace   ] GC(689) Metaspace: 44196K(45776K)->44196K(45776K) NonClass: 38972K(40148K)->38972K(40148K) Class: 5224K(5628K)->5224K(5628K)
[375.186s][info][gc             ] GC(689) Pause Young (Concurrent Start) (G1 Humongous Allocation) 500M->500M(512M) 1.038ms
[375.186s][info][gc,cpu         ] GC(689) User=0.00s Sys=0.00s Real=0.00s
[375.186s][info][gc             ] GC(690) Concurrent Cycle
[375.186s][info][gc,marking     ] GC(690) Concurrent Clear Claimed Marks
[375.186s][info][gc,marking     ] GC(690) Concurrent Clear Claimed Marks 0.025ms
[375.186s][info][gc,marking     ] GC(690) Concurrent Scan Root Regions
[375.186s][info][gc,marking     ] GC(690) Concurrent Scan Root Regions 0.420ms
[375.186s][info][gc,marking     ] GC(690) Concurrent Mark (375.186s)
[375.186s][info][gc,start       ] GC(691) Pause Young (Normal) (G1 Humongous Allocation)
[375.186s][info][gc,marking     ] GC(690) Concurrent Mark From Roots
[375.186s][info][gc,task        ] GC(691) Using 8 workers of 8 for evacuation
[375.186s][info][gc,task        ] GC(690) Using 2 workers of 2 for marking
[375.187s][info][gc,phases      ] GC(691)   Pre Evacuate Collection Set: 0.4ms
[375.187s][info][gc,phases      ] GC(691)   Merge Heap Roots: 0.0ms
[375.187s][info][gc,phases      ] GC(691)   Evacuate Collection Set: 0.1ms
[375.187s][info][gc,phases      ] GC(691)   Post Evacuate Collection Set: 0.1ms
[375.187s][info][gc,phases      ] GC(691)   Other: 0.1ms
[375.187s][info][gc,heap        ] GC(691) Eden regions: 0->0(24)
[375.187s][info][gc,heap        ] GC(691) Survivor regions: 1->1(4)
[375.187s][info][gc,heap        ] GC(691) Old regions: 491->491
[375.187s][info][gc,heap        ] GC(691) Archive regions: 2->2
[375.187s][info][gc,heap        ] GC(691) Humongous regions: 11->11
[375.187s][info][gc,metaspace   ] GC(691) Metaspace: 44196K(45776K)->44196K(45776K) NonClass: 38972K(40148K)->38972K(40148K) Class: 5224K(5628K)->5224K(5628K)
[375.187s][info][gc             ] GC(691) Pause Young (Normal) (G1 Humongous Allocation) 500M->500M(512M) 0.524ms
[375.187s][info][gc,cpu         ] GC(691) User=0.00s Sys=0.00s Real=0.00s
[375.187s][info][gc,task        ] GC(692) Using 8 workers of 8 for full compaction
[375.187s][info][gc,start       ] GC(692) Pause Full (G1 Humongous Allocation)
[375.188s][info][gc,phases,start] GC(692) Phase 1: Mark live objects
[375.399s][info][gc,phases      ] GC(692) Phase 1: Mark live objects 211.022ms
[375.399s][info][gc,phases,start] GC(692) Phase 2: Prepare for compaction
[375.427s][info][gc,phases      ] GC(692) Phase 2: Prepare for compaction 28.709ms
[375.427s][info][gc,phases,start] GC(692) Phase 3: Adjust pointers
[375.494s][info][gc,phases      ] GC(692) Phase 3: Adjust pointers 66.202ms
[375.494s][info][gc,phases,start] GC(692) Phase 4: Compact heap
[375.518s][info][gc,phases      ] GC(692) Phase 4: Compact heap 24.480ms
[375.522s][info][gc,heap        ] GC(692) Eden regions: 0->0(25)
[375.522s][info][gc,heap        ] GC(692) Survivor regions: 1->0(4)
[375.522s][info][gc,heap        ] GC(692) Old regions: 491->491
[375.522s][info][gc,heap        ] GC(692) Archive regions: 2->2
[375.522s][info][gc,heap        ] GC(692) Humongous regions: 11->11
[375.522s][info][gc,metaspace   ] GC(692) Metaspace: 44196K(45776K)->44196K(45776K) NonClass: 38972K(40148K)->38972K(40148K) Class: 5224K(5628K)->5224K(5628K)
[375.522s][info][gc             ] GC(692) Pause Full (G1 Humongous Allocation) 500M->500M(512M) 335.129ms
[375.524s][info][gc,cpu         ] GC(692) User=2.49s Sys=0.03s Real=0.33s
[375.524s][info][gc,task        ] GC(693) Using 8 workers of 8 for full compaction
[375.524s][info][gc,start       ] GC(693) Pause Full (G1 Humongous Allocation)
[375.524s][info][gc,phases,start] GC(693) Phase 1: Mark live objects
[375.739s][info][gc,phases      ] GC(693) Phase 1: Mark live objects 214.654ms
[375.739s][info][gc,phases,start] GC(693) Phase 2: Prepare for compaction
[375.767s][info][gc,phases      ] GC(693) Phase 2: Prepare for compaction 28.105ms
[375.767s][info][gc,phases,start] GC(693) Phase 3: Adjust pointers
[375.833s][info][gc,phases      ] GC(693) Phase 3: Adjust pointers 66.595ms
[375.833s][info][gc,phases,start] GC(693) Phase 4: Compact heap
[375.857s][info][gc,phases      ] GC(693) Phase 4: Compact heap 23.633ms
[375.861s][info][gc,heap        ] GC(693) Eden regions: 0->0(25)
[375.861s][info][gc,heap        ] GC(693) Survivor regions: 0->0(4)
[375.861s][info][gc,heap        ] GC(693) Old regions: 491->490
[375.861s][info][gc,heap        ] GC(693) Archive regions: 2->2
[375.861s][info][gc,heap        ] GC(693) Humongous regions: 11->11
[375.861s][info][gc,metaspace   ] GC(693) Metaspace: 44196K(45776K)->44196K(45776K) NonClass: 38972K(40148K)->38972K(40148K) Class: 5224K(5628K)->5224K(5628K)
[375.861s][info][gc             ] GC(693) Pause Full (G1 Humongous Allocation) 500M->500M(512M) 337.038ms
[375.863s][info][gc,cpu         ] GC(693) User=2.48s Sys=0.03s Real=0.34s
[375.863s][info][gc,marking     ] GC(690) Concurrent Mark From Roots 676.270ms
[375.863s][info][gc,marking     ] GC(690) Concurrent Mark Abort
[375.863s][info][gc             ] GC(690) Concurrent Cycle 676.804ms
[375.863s][info][gc,start       ] GC(694) Pause Young (Concurrent Start) (G1 Humongous Allocation)
[375.863s][info][gc,task        ] GC(694) Using 8 workers of 8 for evacuation
[375.864s][info][gc,phases      ] GC(694)   Pre Evacuate Collection Set: 0.1ms
[375.864s][info][gc,phases      ] GC(694)   Merge Heap Roots: 0.0ms
[375.864s][info][gc,phases      ] GC(694)   Evacuate Collection Set: 0.5ms
[375.864s][info][gc,phases      ] GC(694)   Post Evacuate Collection Set: 0.1ms
[375.864s][info][gc,phases      ] GC(694)   Other: 0.1ms
[375.864s][info][gc,heap        ] GC(694) Eden regions: 1->0(24)
[375.864s][info][gc,heap        ] GC(694) Survivor regions: 0->1(4)
[375.864s][info][gc,heap        ] GC(694) Old regions: 490->490
[375.864s][info][gc,heap        ] GC(694) Archive regions: 2->2
[375.864s][info][gc,heap        ] GC(694) Humongous regions: 11->11
[375.864s][info][gc,metaspace   ] GC(694) Metaspace: 44196K(45776K)->44196K(45776K) NonClass: 38972K(40148K)->38972K(40148K) Class: 5224K(5628K)->5224K(5628K)
[375.864s][info][gc             ] GC(694) Pause Young (Concurrent Start) (G1 Humongous Allocation) 500M->500M(512M) 0.845ms
[375.864s][info][gc,cpu         ] GC(694) User=0.00s Sys=0.00s Real=0.00s
[375.864s][info][gc             ] GC(695) Concurrent Cycle
[375.864s][info][gc,marking     ] GC(695) Concurrent Clear Claimed Marks
[375.864s][info][gc,marking     ] GC(695) Concurrent Clear Claimed Marks 0.028ms
[375.864s][info][gc,marking     ] GC(695) Concurrent Scan Root Regions
[375.864s][info][gc,marking     ] GC(695) Concurrent Scan Root Regions 0.362ms
[375.864s][info][gc,marking     ] GC(695) Concurrent Mark (375.864s)
[375.864s][info][gc,marking     ] GC(695) Concurrent Mark From Roots
[375.864s][info][gc,task        ] GC(695) Using 2 workers of 2 for marking
[375.864s][info][gc,start       ] GC(696) Pause Young (Normal) (G1 Humongous Allocation)
[375.864s][info][gc,task        ] GC(696) Using 8 workers of 8 for evacuation
[375.865s][info][gc,phases      ] GC(696)   Pre Evacuate Collection Set: 0.3ms
[375.865s][info][gc,phases      ] GC(696)   Merge Heap Roots: 0.0ms
[375.865s][info][gc,phases      ] GC(696)   Evacuate Collection Set: 0.1ms
[375.865s][info][gc,phases      ] GC(696)   Post Evacuate Collection Set: 0.2ms
[375.865s][info][gc,phases      ] GC(696)   Other: 0.1ms
[375.865s][info][gc,heap        ] GC(696) Eden regions: 1->0(24)
[375.865s][info][gc,heap        ] GC(696) Survivor regions: 1->1(4)
[375.865s][info][gc,heap        ] GC(696) Old regions: 490->490
[375.865s][info][gc,heap        ] GC(696) Archive regions: 2->2
[375.865s][info][gc,heap        ] GC(696) Humongous regions: 11->11
[375.865s][info][gc,metaspace   ] GC(696) Metaspace: 44196K(45776K)->44196K(45776K) NonClass: 38972K(40148K)->38972K(40148K) Class: 5224K(5628K)->5224K(5628K)
[375.865s][info][gc             ] GC(696) Pause Young (Normal) (G1 Humongous Allocation) 500M->500M(512M) 0.592ms
[375.865s][info][gc,cpu         ] GC(696) User=0.00s Sys=0.00s Real=0.01s
[375.865s][info][gc,task        ] GC(697) Using 8 workers of 8 for full compaction
[375.865s][info][gc,start       ] GC(697) Pause Full (G1 Humongous Allocation)
[375.866s][info][gc,phases,start] GC(697) Phase 1: Mark live objects
[376.083s][info][gc,phases      ] GC(697) Phase 1: Mark live objects 217.110ms
[376.083s][info][gc,phases,start] GC(697) Phase 2: Prepare for compaction
[376.111s][info][gc,phases      ] GC(697) Phase 2: Prepare for compaction 28.029ms
[376.111s][info][gc,phases,start] GC(697) Phase 3: Adjust pointers
[376.177s][info][gc,phases      ] GC(697) Phase 3: Adjust pointers 66.350ms
[376.177s][info][gc,phases,start] GC(697) Phase 4: Compact heap
[376.201s][info][gc,phases      ] GC(697) Phase 4: Compact heap 23.647ms
[376.205s][info][gc,heap        ] GC(697) Eden regions: 0->0(25)
[376.205s][info][gc,heap        ] GC(697) Survivor regions: 1->0(4)
[376.205s][info][gc,heap        ] GC(697) Old regions: 490->490
[376.205s][info][gc,heap        ] GC(697) Archive regions: 2->2
[376.205s][info][gc,heap        ] GC(697) Humongous regions: 11->11
[376.205s][info][gc,metaspace   ] GC(697) Metaspace: 44196K(45776K)->44196K(45776K) NonClass: 38972K(40148K)->38972K(40148K) Class: 5224K(5628K)->5224K(5628K)
[376.205s][info][gc             ] GC(697) Pause Full (G1 Humongous Allocation) 500M->500M(512M) 339.803ms
[376.206s][info][gc,cpu         ] GC(697) User=2.50s Sys=0.03s Real=0.34s
[376.206s][info][gc,task        ] GC(698) Using 8 workers of 8 for full compaction
[376.206s][info][gc,start       ] GC(698) Pause Full (G1 Humongous Allocation)
[376.206s][info][gc,phases,start] GC(698) Phase 1: Mark live objects
[376.418s][info][gc,phases      ] GC(698) Phase 1: Mark live objects 211.943ms
[376.418s][info][gc,phases,start] GC(698) Phase 2: Prepare for compaction
[376.447s][info][gc,phases      ] GC(698) Phase 2: Prepare for compaction 29.071ms
[376.447s][info][gc,phases,start] GC(698) Phase 3: Adjust pointers
[376.513s][info][gc,phases      ] GC(698) Phase 3: Adjust pointers 65.493ms
[376.513s][info][gc,phases,start] GC(698) Phase 4: Compact heap
[376.537s][info][gc,phases      ] GC(698) Phase 4: Compact heap 24.020ms
[376.541s][info][gc,heap        ] GC(698) Eden regions: 0->0(25)
[376.541s][info][gc,heap        ] GC(698) Survivor regions: 0->0(4)
[376.541s][info][gc,heap        ] GC(698) Old regions: 490->490
[376.541s][info][gc,heap        ] GC(698) Archive regions: 2->2
[376.541s][info][gc,heap        ] GC(698) Humongous regions: 11->11
[376.541s][info][gc,metaspace   ] GC(698) Metaspace: 44196K(45776K)->44196K(45776K) NonClass: 38972K(40148K)->38972K(40148K) Class: 5224K(5628K)->5224K(5628K)
[376.541s][info][gc             ] GC(698) Pause Full (G1 Humongous Allocation) 500M->500M(512M) 334.673ms
[376.542s][info][gc,cpu         ] GC(698) User=2.47s Sys=0.02s Real=0.33s
[376.542s][info][gc,marking     ] GC(695) Concurrent Mark From Roots 678.074ms
[376.542s][info][gc,marking     ] GC(695) Concurrent Mark Abort
[376.542s][info][gc             ] GC(695) Concurrent Cycle 678.578ms
[376.543s][info][gc,start       ] GC(699) Pause Young (Normal) (G1 Humongous Allocation)
[376.543s][info][gc,task        ] GC(699) Using 8 workers of 8 for evacuation
[376.543s][info][gc,phases      ] GC(699)   Pre Evacuate Collection Set: 0.1ms
[376.543s][info][gc,phases      ] GC(699)   Merge Heap Roots: 0.0ms
[376.543s][info][gc,phases      ] GC(699)   Evacuate Collection Set: 0.2ms
[376.543s][info][gc,phases      ] GC(699)   Post Evacuate Collection Set: 0.1ms
[376.543s][info][gc,phases      ] GC(699)   Other: 0.1ms
[376.543s][info][gc,heap        ] GC(699) Eden regions: 1->0(24)
[376.543s][info][gc,heap        ] GC(699) Survivor regions: 0->1(4)
[376.543s][info][gc,heap        ] GC(699) Old regions: 490->490
[376.543s][info][gc,heap        ] GC(699) Archive regions: 2->2
[376.543s][info][gc,heap        ] GC(699) Humongous regions: 11->11
[376.543s][info][gc,metaspace   ] GC(699) Metaspace: 44196K(45776K)->44196K(45776K) NonClass: 38972K(40148K)->38972K(40148K) Class: 5224K(5628K)->5224K(5628K)
[376.543s][info][gc             ] GC(699) Pause Young (Normal) (G1 Humongous Allocation) 500M->500M(512M) 0.542ms
[376.543s][info][gc,cpu         ] GC(699) User=0.00s Sys=0.00s Real=0.00s
[376.543s][info][gc,task        ] GC(700) Using 8 workers of 8 for full compaction
[376.543s][info][gc,start       ] GC(700) Pause Full (G1 Humongous Allocation)
[376.543s][info][gc,phases,start] GC(700) Phase 1: Mark live objects
[376.756s][info][gc,phases      ] GC(700) Phase 1: Mark live objects 212.427ms
[376.756s][info][gc,phases,start] GC(700) Phase 2: Prepare for compaction
[376.784s][info][gc,phases      ] GC(700) Phase 2: Prepare for compaction 28.761ms
[376.784s][info][gc,phases,start] GC(700) Phase 3: Adjust pointers
[376.849s][info][gc,phases      ] GC(700) Phase 3: Adjust pointers 65.047ms
[376.849s][info][gc,phases,start] GC(700) Phase 4: Compact heap
[376.875s][info][gc,phases      ] GC(700) Phase 4: Compact heap 25.041ms
[376.879s][info][gc,heap        ] GC(700) Eden regions: 0->0(25)
[376.879s][info][gc,heap        ] GC(700) Survivor regions: 1->0(4)
[376.879s][info][gc,heap        ] GC(700) Old regions: 490->490
[376.879s][info][gc,heap        ] GC(700) Archive regions: 2->2
[376.879s][info][gc,heap        ] GC(700) Humongous regions: 11->11
[376.879s][info][gc,metaspace   ] GC(700) Metaspace: 44196K(45776K)->44196K(45776K) NonClass: 38972K(40148K)->38972K(40148K) Class: 5224K(5628K)->5224K(5628K)
[376.879s][info][gc             ] GC(700) Pause Full (G1 Humongous Allocation) 500M->500M(512M) 335.493ms
[376.880s][info][gc,cpu         ] GC(700) User=2.48s Sys=0.02s Real=0.34s
[376.880s][info][gc,task        ] GC(701) Using 8 workers of 8 for full compaction
[376.880s][info][gc,start       ] GC(701) Pause Full (G1 Humongous Allocation)
[376.880s][info][gc,phases,start] GC(701) Phase 1: Mark live objects
[377.112s][info][gc,phases      ] GC(701) Phase 1: Mark live objects 232.499ms
[377.112s][info][gc,phases,start] GC(701) Phase 2: Prepare for compaction
[377.153s][info][gc,phases      ] GC(701) Phase 2: Prepare for compaction 40.845ms
[377.153s][info][gc,phases,start] GC(701) Phase 3: Adjust pointers
[377.246s][info][gc,phases      ] GC(701) Phase 3: Adjust pointers 93.111ms
[377.246s][info][gc,phases,start] GC(701) Phase 4: Compact heap
[377.285s][info][gc,phases      ] GC(701) Phase 4: Compact heap 38.701ms
[377.290s][info][gc,heap        ] GC(701) Eden regions: 0->0(25)
[377.290s][info][gc,heap        ] GC(701) Survivor regions: 0->0(4)
[377.290s][info][gc,heap        ] GC(701) Old regions: 490->490
[377.290s][info][gc,heap        ] GC(701) Archive regions: 2->2
[377.290s][info][gc,heap        ] GC(701) Humongous regions: 11->11
[377.290s][info][gc,metaspace   ] GC(701) Metaspace: 44196K(45776K)->44196K(45776K) NonClass: 38972K(40148K)->38972K(40148K) Class: 5224K(5628K)->5224K(5628K)
[377.290s][info][gc             ] GC(701) Pause Full (G1 Humongous Allocation) 500M->500M(512M) 409.689ms
[377.291s][info][gc,cpu         ] GC(701) User=2.47s Sys=0.03s Real=0.41s
[377.291s][info][gc,start       ] GC(702) Pause Young (Concurrent Start) (G1 Humongous Allocation)
[377.291s][info][gc,task        ] GC(702) Using 8 workers of 8 for evacuation
[377.293s][info][gc,phases      ] GC(702)   Pre Evacuate Collection Set: 0.1ms
[377.293s][info][gc,phases      ] GC(702)   Merge Heap Roots: 0.0ms
[377.293s][info][gc,phases      ] GC(702)   Evacuate Collection Set: 0.7ms
[377.293s][info][gc,phases      ] GC(702)   Post Evacuate Collection Set: 0.2ms
[377.293s][info][gc,phases      ] GC(702)   Other: 0.2ms
[377.293s][info][gc,heap        ] GC(702) Eden regions: 1->0(24)
[377.293s][info][gc,heap        ] GC(702) Survivor regions: 0->1(4)
[377.293s][info][gc,heap        ] GC(702) Old regions: 490->490
[377.293s][info][gc,heap        ] GC(702) Archive regions: 2->2
[377.293s][info][gc,heap        ] GC(702) Humongous regions: 11->11
[377.293s][info][gc,metaspace   ] GC(702) Metaspace: 44196K(45776K)->44196K(45776K) NonClass: 38972K(40148K)->38972K(40148K) Class: 5224K(5628K)->5224K(5628K)
[377.293s][info][gc             ] GC(702) Pause Young (Concurrent Start) (G1 Humongous Allocation) 500M->500M(512M) 1.256ms
[377.293s][info][gc,cpu         ] GC(702) User=0.00s Sys=0.00s Real=0.00s
[377.293s][info][gc             ] GC(703) Concurrent Cycle
[377.293s][info][gc,marking     ] GC(703) Concurrent Clear Claimed Marks
[377.293s][info][gc,marking     ] GC(703) Concurrent Clear Claimed Marks 0.026ms
[377.293s][info][gc,marking     ] GC(703) Concurrent Scan Root Regions
[377.293s][info][gc,marking     ] GC(703) Concurrent Scan Root Regions 0.093ms
[377.293s][info][gc,marking     ] GC(703) Concurrent Mark (377.293s)
[377.293s][info][gc,start       ] GC(704) Pause Young (Normal) (G1 Humongous Allocation)
[377.293s][info][gc,marking     ] GC(703) Concurrent Mark From Roots
[377.293s][info][gc,task        ] GC(704) Using 8 workers of 8 for evacuation
[377.293s][info][gc,task        ] GC(703) Using 2 workers of 2 for marking
[377.293s][info][gc,phases      ] GC(704)   Pre Evacuate Collection Set: 0.1ms
[377.293s][info][gc,phases      ] GC(704)   Merge Heap Roots: 0.0ms
[377.293s][info][gc,phases      ] GC(704)   Evacuate Collection Set: 0.2ms
[377.293s][info][gc,phases      ] GC(704)   Post Evacuate Collection Set: 0.2ms
[377.293s][info][gc,phases      ] GC(704)   Other: 0.1ms
[377.293s][info][gc,heap        ] GC(704) Eden regions: 1->0(24)
[377.293s][info][gc,heap        ] GC(704) Survivor regions: 1->1(4)
[377.293s][info][gc,heap        ] GC(704) Old regions: 490->490
[377.293s][info][gc,heap        ] GC(704) Archive regions: 2->2
[377.293s][info][gc,heap        ] GC(704) Humongous regions: 11->11
[377.293s][info][gc,metaspace   ] GC(704) Metaspace: 44196K(45776K)->44196K(45776K) NonClass: 38972K(40148K)->38972K(40148K) Class: 5224K(5628K)->5224K(5628K)
[377.293s][info][gc             ] GC(704) Pause Young (Normal) (G1 Humongous Allocation) 500M->500M(512M) 0.678ms
[377.294s][info][gc,cpu         ] GC(704) User=0.00s Sys=0.00s Real=0.00s
[377.294s][info][gc,task        ] GC(705) Using 8 workers of 8 for full compaction
[377.294s][info][gc,start       ] GC(705) Pause Full (G1 Humongous Allocation)
[377.294s][info][gc,phases,start] GC(705) Phase 1: Mark live objects
[377.536s][info][gc,phases      ] GC(705) Phase 1: Mark live objects 241.872ms
[377.536s][info][gc,phases,start] GC(705) Phase 2: Prepare for compaction
[377.565s][info][gc,phases      ] GC(705) Phase 2: Prepare for compaction 29.210ms
[377.565s][info][gc,phases,start] GC(705) Phase 3: Adjust pointers
[377.640s][info][gc,phases      ] GC(705) Phase 3: Adjust pointers 74.916ms
[377.640s][info][gc,phases,start] GC(705) Phase 4: Compact heap
[377.666s][info][gc,phases      ] GC(705) Phase 4: Compact heap 25.612ms
[377.670s][info][gc,heap        ] GC(705) Eden regions: 0->0(25)
[377.670s][info][gc,heap        ] GC(705) Survivor regions: 1->0(4)
[377.670s][info][gc,heap        ] GC(705) Old regions: 490->490
[377.670s][info][gc,heap        ] GC(705) Archive regions: 2->2
[377.670s][info][gc,heap        ] GC(705) Humongous regions: 11->11
[377.670s][info][gc,metaspace   ] GC(705) Metaspace: 44196K(45776K)->44196K(45776K) NonClass: 38972K(40148K)->38972K(40148K) Class: 5224K(5628K)->5224K(5628K)
[377.670s][info][gc             ] GC(705) Pause Full (G1 Humongous Allocation) 500M->500M(512M) 376.413ms
[377.672s][info][gc,cpu         ] GC(705) User=2.51s Sys=0.02s Real=0.38s
[377.672s][info][gc,task        ] GC(706) Using 8 workers of 8 for full compaction
[377.672s][info][gc,start       ] GC(706) Pause Full (G1 Humongous Allocation)
[377.672s][info][gc,phases,start] GC(706) Phase 1: Mark live objects
[377.897s][info][gc,phases      ] GC(706) Phase 1: Mark live objects 225.027ms
[377.897s][info][gc,phases,start] GC(706) Phase 2: Prepare for compaction
[377.925s][info][gc,phases      ] GC(706) Phase 2: Prepare for compaction 28.642ms
[377.925s][info][gc,phases,start] GC(706) Phase 3: Adjust pointers
[377.994s][info][gc,phases      ] GC(706) Phase 3: Adjust pointers 68.325ms
[377.994s][info][gc,phases,start] GC(706) Phase 4: Compact heap
[378.016s][info][gc,phases      ] GC(706) Phase 4: Compact heap 22.486ms
[378.021s][info][gc,heap        ] GC(706) Eden regions: 0->0(25)
[378.021s][info][gc,heap        ] GC(706) Survivor regions: 0->0(4)
[378.021s][info][gc,heap        ] GC(706) Old regions: 490->490
[378.021s][info][gc,heap        ] GC(706) Archive regions: 2->2
[378.021s][info][gc,heap        ] GC(706) Humongous regions: 11->11
[378.021s][info][gc,metaspace   ] GC(706) Metaspace: 44196K(45776K)->44196K(45776K) NonClass: 38972K(40148K)->38972K(40148K) Class: 5224K(5628K)->5224K(5628K)
[378.021s][info][gc             ] GC(706) Pause Full (G1 Humongous Allocation) 500M->500M(512M) 349.006ms
[378.022s][info][gc,cpu         ] GC(706) User=2.50s Sys=0.03s Real=0.35s
[378.023s][info][gc,marking     ] GC(703) Concurrent Mark From Roots 729.719ms
[378.023s][info][gc,marking     ] GC(703) Concurrent Mark Abort
[378.023s][info][gc             ] GC(703) Concurrent Cycle 729.922ms
[378.023s][info][gc,start       ] GC(707) Pause Young (Concurrent Start) (G1 Humongous Allocation)
[378.023s][info][gc,task        ] GC(707) Using 8 workers of 8 for evacuation
[378.024s][info][gc,phases      ] GC(707)   Pre Evacuate Collection Set: 0.1ms
[378.024s][info][gc,phases      ] GC(707)   Merge Heap Roots: 0.0ms
[378.024s][info][gc,phases      ] GC(707)   Evacuate Collection Set: 0.5ms
[378.024s][info][gc,phases      ] GC(707)   Post Evacuate Collection Set: 0.2ms
[378.024s][info][gc,phases      ] GC(707)   Other: 0.1ms
[378.024s][info][gc,heap        ] GC(707) Eden regions: 1->0(24)
[378.024s][info][gc,heap        ] GC(707) Survivor regions: 0->1(4)
[378.024s][info][gc,heap        ] GC(707) Old regions: 490->490
[378.024s][info][gc,heap        ] GC(707) Archive regions: 2->2
[378.024s][info][gc,heap        ] GC(707) Humongous regions: 11->11
[378.024s][info][gc,metaspace   ] GC(707) Metaspace: 44196K(45776K)->44196K(45776K) NonClass: 38972K(40148K)->38972K(40148K) Class: 5224K(5628K)->5224K(5628K)
[378.024s][info][gc             ] GC(707) Pause Young (Concurrent Start) (G1 Humongous Allocation) 500M->500M(512M) 0.923ms
[378.024s][info][gc,cpu         ] GC(707) User=0.00s Sys=0.00s Real=0.00s
[378.024s][info][gc             ] GC(708) Concurrent Cycle
[378.024s][info][gc,marking     ] GC(708) Concurrent Clear Claimed Marks
[378.024s][info][gc,marking     ] GC(708) Concurrent Clear Claimed Marks 0.011ms
[378.024s][info][gc,marking     ] GC(708) Concurrent Scan Root Regions
[378.024s][info][gc,marking     ] GC(708) Concurrent Scan Root Regions 0.374ms
[378.024s][info][gc,marking     ] GC(708) Concurrent Mark (378.024s)
[378.024s][info][gc,marking     ] GC(708) Concurrent Mark From Roots
[378.024s][info][gc,task        ] GC(708) Using 2 workers of 2 for marking
[378.024s][info][gc,start       ] GC(709) Pause Young (Normal) (G1 Humongous Allocation)
[378.024s][info][gc,task        ] GC(709) Using 8 workers of 8 for evacuation
[378.025s][info][gc,phases      ] GC(709)   Pre Evacuate Collection Set: 0.4ms
[378.025s][info][gc,phases      ] GC(709)   Merge Heap Roots: 0.0ms
[378.025s][info][gc,phases      ] GC(709)   Evacuate Collection Set: 0.2ms
[378.025s][info][gc,phases      ] GC(709)   Post Evacuate Collection Set: 0.2ms
[378.025s][info][gc,phases      ] GC(709)   Other: 0.1ms
[378.025s][info][gc,heap        ] GC(709) Eden regions: 0->0(24)
[378.025s][info][gc,heap        ] GC(709) Survivor regions: 1->1(4)
[378.025s][info][gc,heap        ] GC(709) Old regions: 490->490
[378.025s][info][gc,heap        ] GC(709) Archive regions: 2->2
[378.025s][info][gc,heap        ] GC(709) Humongous regions: 11->11
[378.025s][info][gc,metaspace   ] GC(709) Metaspace: 44196K(45776K)->44196K(45776K) NonClass: 38972K(40148K)->38972K(40148K) Class: 5224K(5628K)->5224K(5628K)
[378.025s][info][gc             ] GC(709) Pause Young (Normal) (G1 Humongous Allocation) 500M->500M(512M) 0.573ms
[378.025s][info][gc,cpu         ] GC(709) User=0.00s Sys=0.00s Real=0.00s
[378.025s][info][gc,task        ] GC(710) Using 8 workers of 8 for full compaction
[378.025s][info][gc,start       ] GC(710) Pause Full (G1 Humongous Allocation)
[378.025s][info][gc,phases,start] GC(710) Phase 1: Mark live objects
[378.238s][info][gc,phases      ] GC(710) Phase 1: Mark live objects 212.906ms
[378.238s][info][gc,phases,start] GC(710) Phase 2: Prepare for compaction
[378.267s][info][gc,phases      ] GC(710) Phase 2: Prepare for compaction 28.140ms
[378.267s][info][gc,phases,start] GC(710) Phase 3: Adjust pointers
[378.332s][info][gc,phases      ] GC(710) Phase 3: Adjust pointers 65.430ms
[378.332s][info][gc,phases,start] GC(710) Phase 4: Compact heap
[378.354s][info][gc,phases      ] GC(710) Phase 4: Compact heap 22.378ms
[378.358s][info][gc,heap        ] GC(710) Eden regions: 0->0(25)
[378.358s][info][gc,heap        ] GC(710) Survivor regions: 1->0(4)
[378.358s][info][gc,heap        ] GC(710) Old regions: 490->490
[378.358s][info][gc,heap        ] GC(710) Archive regions: 2->2
[378.358s][info][gc,heap        ] GC(710) Humongous regions: 11->11
[378.358s][info][gc,metaspace   ] GC(710) Metaspace: 44196K(45776K)->44196K(45776K) NonClass: 38972K(40148K)->38972K(40148K) Class: 5224K(5628K)->5224K(5628K)
[378.358s][info][gc             ] GC(710) Pause Full (G1 Humongous Allocation) 500M->500M(512M) 333.668ms
[378.360s][info][gc,cpu         ] GC(710) User=2.49s Sys=0.03s Real=0.33s
[378.360s][info][gc,task        ] GC(711) Using 8 workers of 8 for full compaction
[378.360s][info][gc,start       ] GC(711) Pause Full (G1 Humongous Allocation)
[378.360s][info][gc,phases,start] GC(711) Phase 1: Mark live objects
[378.570s][info][gc,phases      ] GC(711) Phase 1: Mark live objects 210.185ms
[378.570s][info][gc,phases,start] GC(711) Phase 2: Prepare for compaction
[378.601s][info][gc,phases      ] GC(711) Phase 2: Prepare for compaction 30.308ms
[378.601s][info][gc,phases,start] GC(711) Phase 3: Adjust pointers
[378.667s][info][gc,phases      ] GC(711) Phase 3: Adjust pointers 65.885ms
[378.667s][info][gc,phases,start] GC(711) Phase 4: Compact heap
[378.691s][info][gc,phases      ] GC(711) Phase 4: Compact heap 24.086ms
[378.695s][info][gc,heap        ] GC(711) Eden regions: 0->0(25)
[378.695s][info][gc,heap        ] GC(711) Survivor regions: 0->0(4)
[378.695s][info][gc,heap        ] GC(711) Old regions: 490->490
[378.695s][info][gc,heap        ] GC(711) Archive regions: 2->2
[378.695s][info][gc,heap        ] GC(711) Humongous regions: 11->11
[378.695s][info][gc,metaspace   ] GC(711) Metaspace: 44196K(45776K)->44196K(45776K) NonClass: 38972K(40148K)->38972K(40148K) Class: 5224K(5628K)->5224K(5628K)
[378.695s][info][gc             ] GC(711) Pause Full (G1 Humongous Allocation) 500M->500M(512M) 334.706ms
[378.696s][info][gc,cpu         ] GC(711) User=2.49s Sys=0.02s Real=0.34s
[378.696s][info][gc,marking     ] GC(708) Concurrent Mark From Roots 672.171ms
[378.696s][info][gc,marking     ] GC(708) Concurrent Mark Abort
[378.696s][info][gc             ] GC(708) Concurrent Cycle 672.641ms
[378.697s][info][gc,start       ] GC(712) Pause Young (Normal) (G1 Humongous Allocation)
[378.697s][info][gc,task        ] GC(712) Using 8 workers of 8 for evacuation
[378.697s][info][gc,phases      ] GC(712)   Pre Evacuate Collection Set: 0.1ms
[378.697s][info][gc,phases      ] GC(712)   Merge Heap Roots: 0.0ms
[378.697s][info][gc,phases      ] GC(712)   Evacuate Collection Set: 0.2ms
[378.697s][info][gc,phases      ] GC(712)   Post Evacuate Collection Set: 0.2ms
[378.697s][info][gc,phases      ] GC(712)   Other: 0.1ms
[378.697s][info][gc,heap        ] GC(712) Eden regions: 1->0(24)
[378.697s][info][gc,heap        ] GC(712) Survivor regions: 0->1(4)
[378.697s][info][gc,heap        ] GC(712) Old regions: 490->490
[378.697s][info][gc,heap        ] GC(712) Archive regions: 2->2
[378.697s][info][gc,heap        ] GC(712) Humongous regions: 11->11
[378.697s][info][gc,metaspace   ] GC(712) Metaspace: 44196K(45776K)->44196K(45776K) NonClass: 38972K(40148K)->38972K(40148K) Class: 5224K(5628K)->5224K(5628K)
[378.697s][info][gc             ] GC(712) Pause Young (Normal) (G1 Humongous Allocation) 500M->500M(512M) 0.617ms
[378.697s][info][gc,cpu         ] GC(712) User=0.00s Sys=0.00s Real=0.00s
[378.697s][info][gc,task        ] GC(713) Using 8 workers of 8 for full compaction
[378.697s][info][gc,start       ] GC(713) Pause Full (G1 Humongous Allocation)
[378.697s][info][gc,phases,start] GC(713) Phase 1: Mark live objects
[378.915s][info][gc,phases      ] GC(713) Phase 1: Mark live objects 217.903ms
[378.915s][info][gc,phases,start] GC(713) Phase 2: Prepare for compaction
[378.944s][info][gc,phases      ] GC(713) Phase 2: Prepare for compaction 28.720ms
[378.944s][info][gc,phases,start] GC(713) Phase 3: Adjust pointers
[379.013s][info][gc,phases      ] GC(713) Phase 3: Adjust pointers 68.798ms
[379.013s][info][gc,phases,start] GC(713) Phase 4: Compact heap
[379.036s][info][gc,phases      ] GC(713) Phase 4: Compact heap 22.982ms
[379.040s][info][gc,heap        ] GC(713) Eden regions: 0->0(25)
[379.040s][info][gc,heap        ] GC(713) Survivor regions: 1->0(4)
[379.040s][info][gc,heap        ] GC(713) Old regions: 490->491
[379.040s][info][gc,heap        ] GC(713) Archive regions: 2->2
[379.040s][info][gc,heap        ] GC(713) Humongous regions: 11->11
[379.040s][info][gc,metaspace   ] GC(713) Metaspace: 44196K(45776K)->44196K(45776K) NonClass: 38972K(40148K)->38972K(40148K) Class: 5224K(5628K)->5224K(5628K)
[379.040s][info][gc             ] GC(713) Pause Full (G1 Humongous Allocation) 500M->500M(512M) 342.411ms
[379.041s][info][gc,cpu         ] GC(713) User=2.46s Sys=0.02s Real=0.34s
[379.041s][info][gc,task        ] GC(714) Using 8 workers of 8 for full compaction
[379.041s][info][gc,start       ] GC(714) Pause Full (G1 Humongous Allocation)
[379.041s][info][gc,phases,start] GC(714) Phase 1: Mark live objects
[379.256s][info][gc,phases      ] GC(714) Phase 1: Mark live objects 214.088ms
[379.256s][info][gc,phases,start] GC(714) Phase 2: Prepare for compaction
[379.283s][info][gc,phases      ] GC(714) Phase 2: Prepare for compaction 27.696ms
[379.283s][info][gc,phases,start] GC(714) Phase 3: Adjust pointers
[379.350s][info][gc,phases      ] GC(714) Phase 3: Adjust pointers 66.177ms
[379.350s][info][gc,phases,start] GC(714) Phase 4: Compact heap
[379.372s][info][gc,phases      ] GC(714) Phase 4: Compact heap 22.775ms
[379.376s][info][gc,heap        ] GC(714) Eden regions: 0->0(25)
[379.376s][info][gc,heap        ] GC(714) Survivor regions: 0->0(4)
[379.376s][info][gc,heap        ] GC(714) Old regions: 491->491
[379.376s][info][gc,heap        ] GC(714) Archive regions: 2->2
[379.376s][info][gc,heap        ] GC(714) Humongous regions: 11->11
[379.376s][info][gc,metaspace   ] GC(714) Metaspace: 44196K(45776K)->44196K(45776K) NonClass: 38972K(40148K)->38972K(40148K) Class: 5224K(5628K)->5224K(5628K)
[379.376s][info][gc             ] GC(714) Pause Full (G1 Humongous Allocation) 500M->500M(512M) 334.832ms
[379.377s][info][gc,cpu         ] GC(714) User=2.47s Sys=0.03s Real=0.34s
[379.378s][info][gc,start       ] GC(715) Pause Young (Concurrent Start) (G1 Humongous Allocation)
[379.378s][info][gc,task        ] GC(715) Using 8 workers of 8 for evacuation
[379.379s][info][gc,phases      ] GC(715)   Pre Evacuate Collection Set: 0.1ms
[379.379s][info][gc,phases      ] GC(715)   Merge Heap Roots: 0.0ms
[379.379s][info][gc,phases      ] GC(715)   Evacuate Collection Set: 0.5ms
[379.379s][info][gc,phases      ] GC(715)   Post Evacuate Collection Set: 0.1ms
[379.379s][info][gc,phases      ] GC(715)   Other: 0.1ms
[379.379s][info][gc,heap        ] GC(715) Eden regions: 1->0(24)
[379.379s][info][gc,heap        ] GC(715) Survivor regions: 0->1(4)
[379.379s][info][gc,heap        ] GC(715) Old regions: 491->491
[379.379s][info][gc,heap        ] GC(715) Archive regions: 2->2
[379.379s][info][gc,heap        ] GC(715) Humongous regions: 11->11
[379.379s][info][gc,metaspace   ] GC(715) Metaspace: 44197K(45776K)->44197K(45776K) NonClass: 38972K(40148K)->38972K(40148K) Class: 5224K(5628K)->5224K(5628K)
[379.379s][info][gc             ] GC(715) Pause Young (Concurrent Start) (G1 Humongous Allocation) 500M->500M(512M) 0.907ms
[379.379s][info][gc,cpu         ] GC(715) User=0.00s Sys=0.00s Real=0.00s
[379.379s][info][gc             ] GC(716) Concurrent Cycle
[379.379s][info][gc,marking     ] GC(716) Concurrent Clear Claimed Marks
[379.379s][info][gc,marking     ] GC(716) Concurrent Clear Claimed Marks 0.017ms
[379.379s][info][gc,marking     ] GC(716) Concurrent Scan Root Regions
[379.379s][info][gc,marking     ] GC(716) Concurrent Scan Root Regions 0.393ms
[379.379s][info][gc,marking     ] GC(716) Concurrent Mark (379.379s)
[379.379s][info][gc,marking     ] GC(716) Concurrent Mark From Roots
[379.379s][info][gc,task        ] GC(716) Using 2 workers of 2 for marking
[379.379s][info][gc,start       ] GC(717) Pause Young (Normal) (G1 Humongous Allocation)
[379.379s][info][gc,task        ] GC(717) Using 8 workers of 8 for evacuation
[379.380s][info][gc,phases      ] GC(717)   Pre Evacuate Collection Set: 0.4ms
[379.380s][info][gc,phases      ] GC(717)   Merge Heap Roots: 0.0ms
[379.380s][info][gc,phases      ] GC(717)   Evacuate Collection Set: 0.2ms
[379.380s][info][gc,phases      ] GC(717)   Post Evacuate Collection Set: 0.2ms
[379.380s][info][gc,phases      ] GC(717)   Other: 0.1ms
[379.380s][info][gc,heap        ] GC(717) Eden regions: 0->0(24)
[379.380s][info][gc,heap        ] GC(717) Survivor regions: 1->1(4)
[379.380s][info][gc,heap        ] GC(717) Old regions: 491->491
[379.380s][info][gc,heap        ] GC(717) Archive regions: 2->2
[379.380s][info][gc,heap        ] GC(717) Humongous regions: 11->11
[379.380s][info][gc,metaspace   ] GC(717) Metaspace: 44197K(45776K)->44197K(45776K) NonClass: 38972K(40148K)->38972K(40148K) Class: 5224K(5628K)->5224K(5628K)
[379.380s][info][gc             ] GC(717) Pause Young (Normal) (G1 Humongous Allocation) 500M->500M(512M) 0.561ms
[379.380s][info][gc,cpu         ] GC(717) User=0.00s Sys=0.00s Real=0.00s
[379.380s][info][gc,task        ] GC(718) Using 8 workers of 8 for full compaction
[379.380s][info][gc,start       ] GC(718) Pause Full (G1 Humongous Allocation)
[379.380s][info][gc,phases,start] GC(718) Phase 1: Mark live objects
[379.592s][info][gc,phases      ] GC(718) Phase 1: Mark live objects 211.758ms
[379.592s][info][gc,phases,start] GC(718) Phase 2: Prepare for compaction
[379.621s][info][gc,phases      ] GC(718) Phase 2: Prepare for compaction 28.648ms
[379.621s][info][gc,phases,start] GC(718) Phase 3: Adjust pointers
[379.687s][info][gc,phases      ] GC(718) Phase 3: Adjust pointers 66.129ms
[379.687s][info][gc,phases,start] GC(718) Phase 4: Compact heap
[379.710s][info][gc,phases      ] GC(718) Phase 4: Compact heap 23.372ms
[379.714s][info][gc,heap        ] GC(718) Eden regions: 0->0(25)
[379.714s][info][gc,heap        ] GC(718) Survivor regions: 1->0(4)
[379.714s][info][gc,heap        ] GC(718) Old regions: 491->492
[379.714s][info][gc,heap        ] GC(718) Archive regions: 2->2
[379.714s][info][gc,heap        ] GC(718) Humongous regions: 11->11
[379.714s][info][gc,metaspace   ] GC(718) Metaspace: 44197K(45776K)->44197K(45776K) NonClass: 38972K(40148K)->38972K(40148K) Class: 5224K(5628K)->5224K(5628K)
[379.714s][info][gc             ] GC(718) Pause Full (G1 Humongous Allocation) 500M->500M(512M) 334.527ms
[379.716s][info][gc,cpu         ] GC(718) User=2.49s Sys=0.03s Real=0.34s
[379.716s][info][gc,task        ] GC(719) Using 8 workers of 8 for full compaction
[379.716s][info][gc,start       ] GC(719) Pause Full (G1 Humongous Allocation)
[379.716s][info][gc,phases,start] GC(719) Phase 1: Mark live objects
[379.927s][info][gc,phases      ] GC(719) Phase 1: Mark live objects 211.532ms
[379.927s][info][gc,phases,start] GC(719) Phase 2: Prepare for compaction
[379.957s][info][gc,phases      ] GC(719) Phase 2: Prepare for compaction 29.528ms
[379.957s][info][gc,phases,start] GC(719) Phase 3: Adjust pointers
[380.024s][info][gc,phases      ] GC(719) Phase 3: Adjust pointers 66.674ms
[380.024s][info][gc,phases,start] GC(719) Phase 4: Compact heap
[380.047s][info][gc,phases      ] GC(719) Phase 4: Compact heap 23.079ms
[380.051s][info][gc,heap        ] GC(719) Eden regions: 0->0(25)
[380.051s][info][gc,heap        ] GC(719) Survivor regions: 0->0(4)
[380.051s][info][gc,heap        ] GC(719) Old regions: 492->491
[380.051s][info][gc,heap        ] GC(719) Archive regions: 2->2
[380.051s][info][gc,heap        ] GC(719) Humongous regions: 11->11
[380.051s][info][gc,metaspace   ] GC(719) Metaspace: 44197K(45776K)->44197K(45776K) NonClass: 38972K(40148K)->38972K(40148K) Class: 5224K(5628K)->5224K(5628K)
[380.051s][info][gc             ] GC(719) Pause Full (G1 Humongous Allocation) 500M->500M(512M) 335.246ms
[380.053s][info][gc,cpu         ] GC(719) User=2.48s Sys=0.02s Real=0.33s
[380.053s][info][gc,marking     ] GC(716) Concurrent Mark From Roots 673.613ms
[380.053s][info][gc,marking     ] GC(716) Concurrent Mark Abort
[380.053s][info][gc             ] GC(716) Concurrent Cycle 674.094ms
[380.053s][info][gc,start       ] GC(720) Pause Young (Concurrent Start) (G1 Humongous Allocation)
[380.053s][info][gc,task        ] GC(720) Using 8 workers of 8 for evacuation
[380.054s][info][gc,phases      ] GC(720)   Pre Evacuate Collection Set: 0.1ms
[380.054s][info][gc,phases      ] GC(720)   Merge Heap Roots: 0.0ms
[380.054s][info][gc,phases      ] GC(720)   Evacuate Collection Set: 0.5ms
[380.054s][info][gc,phases      ] GC(720)   Post Evacuate Collection Set: 0.1ms
[380.054s][info][gc,phases      ] GC(720)   Other: 0.1ms
[380.054s][info][gc,heap        ] GC(720) Eden regions: 1->0(24)
[380.054s][info][gc,heap        ] GC(720) Survivor regions: 0->1(4)
[380.054s][info][gc,heap        ] GC(720) Old regions: 491->491
[380.054s][info][gc,heap        ] GC(720) Archive regions: 2->2
[380.054s][info][gc,heap        ] GC(720) Humongous regions: 11->11
[380.054s][info][gc,metaspace   ] GC(720) Metaspace: 44197K(45776K)->44197K(45776K) NonClass: 38972K(40148K)->38972K(40148K) Class: 5224K(5628K)->5224K(5628K)
[380.054s][info][gc             ] GC(720) Pause Young (Concurrent Start) (G1 Humongous Allocation) 500M->500M(512M) 0.983ms
[380.054s][info][gc,cpu         ] GC(720) User=0.00s Sys=0.00s Real=0.00s
[380.054s][info][gc             ] GC(721) Concurrent Cycle
[380.054s][info][gc,marking     ] GC(721) Concurrent Clear Claimed Marks
[380.054s][info][gc,marking     ] GC(721) Concurrent Clear Claimed Marks 0.028ms
[380.054s][info][gc,marking     ] GC(721) Concurrent Scan Root Regions
[380.054s][info][gc,marking     ] GC(721) Concurrent Scan Root Regions 0.419ms
[380.055s][info][gc,marking     ] GC(721) Concurrent Mark (380.055s)
[380.055s][info][gc,marking     ] GC(721) Concurrent Mark From Roots
[380.055s][info][gc,task        ] GC(721) Using 2 workers of 2 for marking
[380.055s][info][gc,start       ] GC(722) Pause Young (Normal) (G1 Humongous Allocation)
[380.055s][info][gc,task        ] GC(722) Using 8 workers of 8 for evacuation
[380.055s][info][gc,phases      ] GC(722)   Pre Evacuate Collection Set: 0.4ms
[380.055s][info][gc,phases      ] GC(722)   Merge Heap Roots: 0.0ms
[380.055s][info][gc,phases      ] GC(722)   Evacuate Collection Set: 0.2ms
[380.055s][info][gc,phases      ] GC(722)   Post Evacuate Collection Set: 0.1ms
[380.055s][info][gc,phases      ] GC(722)   Other: 0.1ms
[380.055s][info][gc,heap        ] GC(722) Eden regions: 1->0(24)
[380.055s][info][gc,heap        ] GC(722) Survivor regions: 1->1(4)
[380.055s][info][gc,heap        ] GC(722) Old regions: 491->491
[380.055s][info][gc,heap        ] GC(722) Archive regions: 2->2
[380.055s][info][gc,heap        ] GC(722) Humongous regions: 11->11
[380.055s][info][gc,metaspace   ] GC(722) Metaspace: 44197K(45776K)->44197K(45776K) NonClass: 38972K(40148K)->38972K(40148K) Class: 5224K(5628K)->5224K(5628K)
[380.055s][info][gc             ] GC(722) Pause Young (Normal) (G1 Humongous Allocation) 500M->500M(512M) 0.581ms
[380.055s][info][gc,cpu         ] GC(722) User=0.00s Sys=0.00s Real=0.01s
[380.055s][info][gc,task        ] GC(723) Using 8 workers of 8 for full compaction
[380.055s][info][gc,start       ] GC(723) Pause Full (G1 Humongous Allocation)
[380.056s][info][gc,phases,start] GC(723) Phase 1: Mark live objects
[380.273s][info][gc,phases      ] GC(723) Phase 1: Mark live objects 217.530ms
[380.273s][info][gc,phases,start] GC(723) Phase 2: Prepare for compaction
[380.302s][info][gc,phases      ] GC(723) Phase 2: Prepare for compaction 28.307ms
[380.302s][info][gc,phases,start] GC(723) Phase 3: Adjust pointers
[380.368s][info][gc,phases      ] GC(723) Phase 3: Adjust pointers 66.238ms
[380.368s][info][gc,phases,start] GC(723) Phase 4: Compact heap
[380.391s][info][gc,phases      ] GC(723) Phase 4: Compact heap 23.533ms
[380.395s][info][gc,heap        ] GC(723) Eden regions: 0->0(25)
[380.395s][info][gc,heap        ] GC(723) Survivor regions: 1->0(4)
[380.395s][info][gc,heap        ] GC(723) Old regions: 491->491
[380.395s][info][gc,heap        ] GC(723) Archive regions: 2->2
[380.395s][info][gc,heap        ] GC(723) Humongous regions: 11->11
[380.395s][info][gc,metaspace   ] GC(723) Metaspace: 44197K(45776K)->44197K(45776K) NonClass: 38972K(40148K)->38972K(40148K) Class: 5224K(5628K)->5224K(5628K)
[380.395s][info][gc             ] GC(723) Pause Full (G1 Humongous Allocation) 500M->500M(512M) 340.162ms
[380.396s][info][gc,cpu         ] GC(723) User=2.49s Sys=0.02s Real=0.34s
[380.396s][info][gc,task        ] GC(724) Using 8 workers of 8 for full compaction
[380.396s][info][gc,start       ] GC(724) Pause Full (G1 Humongous Allocation)
[380.397s][info][gc,phases,start] GC(724) Phase 1: Mark live objects
[380.612s][info][gc,phases      ] GC(724) Phase 1: Mark live objects 215.105ms
[380.612s][info][gc,phases,start] GC(724) Phase 2: Prepare for compaction
[380.640s][info][gc,phases      ] GC(724) Phase 2: Prepare for compaction 28.321ms
[380.640s][info][gc,phases,start] GC(724) Phase 3: Adjust pointers
[380.708s][info][gc,phases      ] GC(724) Phase 3: Adjust pointers 67.605ms
[380.708s][info][gc,phases,start] GC(724) Phase 4: Compact heap
[380.736s][info][gc,phases      ] GC(724) Phase 4: Compact heap 28.675ms
[380.741s][info][gc,heap        ] GC(724) Eden regions: 0->0(25)
[380.741s][info][gc,heap        ] GC(724) Survivor regions: 0->0(4)
[380.741s][info][gc,heap        ] GC(724) Old regions: 491->491
[380.741s][info][gc,heap        ] GC(724) Archive regions: 2->2
[380.741s][info][gc,heap        ] GC(724) Humongous regions: 11->11
[380.741s][info][gc,metaspace   ] GC(724) Metaspace: 44197K(45776K)->44197K(45776K) NonClass: 38972K(40148K)->38972K(40148K) Class: 5224K(5628K)->5224K(5628K)
[380.741s][info][gc             ] GC(724) Pause Full (G1 Humongous Allocation) 500M->500M(512M) 344.257ms
[380.742s][info][gc,cpu         ] GC(724) User=2.47s Sys=0.03s Real=0.34s
[380.742s][info][gc,marking     ] GC(721) Concurrent Mark From Roots 687.956ms
[380.743s][info][gc,marking     ] GC(721) Concurrent Mark Abort
[380.743s][info][gc             ] GC(721) Concurrent Cycle 688.515ms
[380.743s][info][gc,start       ] GC(725) Pause Young (Normal) (G1 Humongous Allocation)
[380.743s][info][gc,task        ] GC(725) Using 8 workers of 8 for evacuation
[380.743s][info][gc,phases      ] GC(725)   Pre Evacuate Collection Set: 0.1ms
[380.743s][info][gc,phases      ] GC(725)   Merge Heap Roots: 0.0ms
[380.743s][info][gc,phases      ] GC(725)   Evacuate Collection Set: 0.2ms
[380.743s][info][gc,phases      ] GC(725)   Post Evacuate Collection Set: 0.2ms
[380.743s][info][gc,phases      ] GC(725)   Other: 0.1ms
[380.743s][info][gc,heap        ] GC(725) Eden regions: 1->0(24)
[380.743s][info][gc,heap        ] GC(725) Survivor regions: 0->1(4)
[380.743s][info][gc,heap        ] GC(725) Old regions: 491->491
[380.743s][info][gc,heap        ] GC(725) Archive regions: 2->2
[380.743s][info][gc,heap        ] GC(725) Humongous regions: 11->11
[380.743s][info][gc,metaspace   ] GC(725) Metaspace: 44197K(45776K)->44197K(45776K) NonClass: 38972K(40148K)->38972K(40148K) Class: 5224K(5628K)->5224K(5628K)
[380.743s][info][gc             ] GC(725) Pause Young (Normal) (G1 Humongous Allocation) 500M->500M(512M) 0.571ms
[380.743s][info][gc,cpu         ] GC(725) User=0.00s Sys=0.00s Real=0.00s
[380.743s][info][gc,task        ] GC(726) Using 8 workers of 8 for full compaction
[380.743s][info][gc,start       ] GC(726) Pause Full (G1 Humongous Allocation)
[380.743s][info][gc,phases,start] GC(726) Phase 1: Mark live objects
[380.961s][info][gc,phases      ] GC(726) Phase 1: Mark live objects 218.025ms
[380.961s][info][gc,phases,start] GC(726) Phase 2: Prepare for compaction
[380.994s][info][gc,phases      ] GC(726) Phase 2: Prepare for compaction 32.104ms
[380.994s][info][gc,phases,start] GC(726) Phase 3: Adjust pointers
[381.063s][info][gc,phases      ] GC(726) Phase 3: Adjust pointers 69.108ms
[381.063s][info][gc,phases,start] GC(726) Phase 4: Compact heap
[381.086s][info][gc,phases      ] GC(726) Phase 4: Compact heap 23.115ms
[381.090s][info][gc,heap        ] GC(726) Eden regions: 0->0(25)
[381.090s][info][gc,heap        ] GC(726) Survivor regions: 1->0(4)
[381.090s][info][gc,heap        ] GC(726) Old regions: 491->490
[381.090s][info][gc,heap        ] GC(726) Archive regions: 2->2
[381.090s][info][gc,heap        ] GC(726) Humongous regions: 11->11
[381.090s][info][gc,metaspace   ] GC(726) Metaspace: 44197K(45776K)->44197K(45776K) NonClass: 38972K(40148K)->38972K(40148K) Class: 5224K(5628K)->5224K(5628K)
[381.090s][info][gc             ] GC(726) Pause Full (G1 Humongous Allocation) 500M->500M(512M) 346.623ms
[381.092s][info][gc,cpu         ] GC(726) User=2.50s Sys=0.02s Real=0.35s
[381.092s][info][gc,task        ] GC(727) Using 8 workers of 8 for full compaction
[381.092s][info][gc,start       ] GC(727) Pause Full (G1 Humongous Allocation)
[381.092s][info][gc,phases,start] GC(727) Phase 1: Mark live objects
[381.307s][info][gc,phases      ] GC(727) Phase 1: Mark live objects 214.958ms
[381.307s][info][gc,phases,start] GC(727) Phase 2: Prepare for compaction
[381.335s][info][gc,phases      ] GC(727) Phase 2: Prepare for compaction 28.471ms
[381.335s][info][gc,phases,start] GC(727) Phase 3: Adjust pointers
[381.401s][info][gc,phases      ] GC(727) Phase 3: Adjust pointers 65.829ms
[381.401s][info][gc,phases,start] GC(727) Phase 4: Compact heap
[381.427s][info][gc,phases      ] GC(727) Phase 4: Compact heap 25.883ms
[381.431s][info][gc,heap        ] GC(727) Eden regions: 0->0(25)
[381.431s][info][gc,heap        ] GC(727) Survivor regions: 0->0(4)
[381.431s][info][gc,heap        ] GC(727) Old regions: 490->490
[381.431s][info][gc,heap        ] GC(727) Archive regions: 2->2
[381.431s][info][gc,heap        ] GC(727) Humongous regions: 11->11
[381.431s][info][gc,metaspace   ] GC(727) Metaspace: 44197K(45776K)->44197K(45776K) NonClass: 38972K(40148K)->38972K(40148K) Class: 5224K(5628K)->5224K(5628K)
[381.431s][info][gc             ] GC(727) Pause Full (G1 Humongous Allocation) 500M->500M(512M) 339.197ms
[381.433s][info][gc,cpu         ] GC(727) User=2.46s Sys=0.04s Real=0.34s
[381.433s][info][gc,start       ] GC(728) Pause Young (Concurrent Start) (G1 Humongous Allocation)
[381.433s][info][gc,task        ] GC(728) Using 8 workers of 8 for evacuation
[381.434s][info][gc,phases      ] GC(728)   Pre Evacuate Collection Set: 0.1ms
[381.434s][info][gc,phases      ] GC(728)   Merge Heap Roots: 0.0ms
[381.434s][info][gc,phases      ] GC(728)   Evacuate Collection Set: 0.7ms
[381.434s][info][gc,phases      ] GC(728)   Post Evacuate Collection Set: 0.3ms
[381.434s][info][gc,phases      ] GC(728)   Other: 0.1ms
[381.434s][info][gc,heap        ] GC(728) Eden regions: 1->0(24)
[381.434s][info][gc,heap        ] GC(728) Survivor regions: 0->1(4)
[381.434s][info][gc,heap        ] GC(728) Old regions: 490->490
[381.434s][info][gc,heap        ] GC(728) Archive regions: 2->2
[381.434s][info][gc,heap        ] GC(728) Humongous regions: 11->11
[381.434s][info][gc,metaspace   ] GC(728) Metaspace: 44197K(45776K)->44197K(45776K) NonClass: 38972K(40148K)->38972K(40148K) Class: 5224K(5628K)->5224K(5628K)
[381.434s][info][gc             ] GC(728) Pause Young (Concurrent Start) (G1 Humongous Allocation) 500M->500M(512M) 1.228ms
[381.434s][info][gc,cpu         ] GC(728) User=0.00s Sys=0.00s Real=0.00s
[381.434s][info][gc,task        ] GC(729) Using 8 workers of 8 for full compaction
[381.434s][info][gc,start       ] GC(729) Pause Full (G1 Humongous Allocation)
[381.434s][info][gc             ] GC(730) Concurrent Cycle
[381.435s][info][gc,marking     ] GC(730) Concurrent Clear Claimed Marks
[381.435s][info][gc,marking     ] GC(730) Concurrent Clear Claimed Marks 0.013ms
[381.435s][info][gc,marking     ] GC(730) Concurrent Scan Root Regions
[381.435s][info][gc,marking     ] GC(730) Concurrent Scan Root Regions 0.014ms
[381.435s][info][gc,marking     ] GC(730) Concurrent Mark (381.435s)
[381.435s][info][gc,marking     ] GC(730) Concurrent Mark From Roots
[381.435s][info][gc,task        ] GC(730) Using 2 workers of 2 for marking
[381.435s][info][gc,phases,start] GC(729) Phase 1: Mark live objects
[381.653s][info][gc,phases      ] GC(729) Phase 1: Mark live objects 217.869ms
[381.653s][info][gc,phases,start] GC(729) Phase 2: Prepare for compaction
[381.681s][info][gc,phases      ] GC(729) Phase 2: Prepare for compaction 28.190ms
[381.681s][info][gc,phases,start] GC(729) Phase 3: Adjust pointers
[381.746s][info][gc,phases      ] GC(729) Phase 3: Adjust pointers 64.709ms
[381.746s][info][gc,phases,start] GC(729) Phase 4: Compact heap
[381.770s][info][gc,phases      ] GC(729) Phase 4: Compact heap 23.644ms
[381.773s][info][gc,heap        ] GC(729) Eden regions: 0->0(25)
[381.774s][info][gc,heap        ] GC(729) Survivor regions: 1->0(4)
[381.774s][info][gc,heap        ] GC(729) Old regions: 490->490
[381.774s][info][gc,heap        ] GC(729) Archive regions: 2->2
[381.774s][info][gc,heap        ] GC(729) Humongous regions: 11->11
[381.774s][info][gc,metaspace   ] GC(729) Metaspace: 44197K(45776K)->44197K(45776K) NonClass: 38972K(40148K)->38972K(40148K) Class: 5224K(5628K)->5224K(5628K)
[381.774s][info][gc             ] GC(729) Pause Full (G1 Humongous Allocation) 500M->500M(512M) 339.078ms
[381.775s][info][gc,cpu         ] GC(729) User=2.48s Sys=0.01s Real=0.35s
[381.775s][info][gc,task        ] GC(731) Using 8 workers of 8 for full compaction
[381.775s][info][gc,start       ] GC(731) Pause Full (G1 Humongous Allocation)
[381.775s][info][gc,phases,start] GC(731) Phase 1: Mark live objects
[381.985s][info][gc,phases      ] GC(731) Phase 1: Mark live objects 209.823ms
[381.985s][info][gc,phases,start] GC(731) Phase 2: Prepare for compaction
[382.013s][info][gc,phases      ] GC(731) Phase 2: Prepare for compaction 27.869ms
[382.013s][info][gc,phases,start] GC(731) Phase 3: Adjust pointers
[382.085s][info][gc,phases      ] GC(731) Phase 3: Adjust pointers 71.995ms
[382.085s][info][gc,phases,start] GC(731) Phase 4: Compact heap
[382.122s][info][gc,phases      ] GC(731) Phase 4: Compact heap 36.917ms
[382.126s][info][gc,heap        ] GC(731) Eden regions: 0->0(25)
[382.126s][info][gc,heap        ] GC(731) Survivor regions: 0->0(4)
[382.126s][info][gc,heap        ] GC(731) Old regions: 490->490
[382.126s][info][gc,heap        ] GC(731) Archive regions: 2->2
[382.126s][info][gc,heap        ] GC(731) Humongous regions: 11->11
[382.126s][info][gc,metaspace   ] GC(731) Metaspace: 44197K(45776K)->44197K(45776K) NonClass: 38972K(40148K)->38972K(40148K) Class: 5224K(5628K)->5224K(5628K)
[382.126s][info][gc             ] GC(731) Pause Full (G1 Humongous Allocation) 500M->500M(512M) 350.970ms
[382.129s][info][gc,cpu         ] GC(731) User=2.44s Sys=0.02s Real=0.35s
[382.129s][info][gc,marking     ] GC(730) Concurrent Mark From Roots 694.114ms
[382.129s][info][gc,marking     ] GC(730) Concurrent Mark Abort
[382.129s][info][gc             ] GC(730) Concurrent Cycle 694.227ms
[382.129s][info][gc,start       ] GC(732) Pause Young (Normal) (G1 Humongous Allocation)
[382.129s][info][gc,task        ] GC(732) Using 8 workers of 8 for evacuation
[382.131s][info][gc,phases      ] GC(732)   Pre Evacuate Collection Set: 0.1ms
[382.131s][info][gc,phases      ] GC(732)   Merge Heap Roots: 0.0ms
[382.131s][info][gc,phases      ] GC(732)   Evacuate Collection Set: 0.9ms
[382.131s][info][gc,phases      ] GC(732)   Post Evacuate Collection Set: 0.2ms
[382.131s][info][gc,phases      ] GC(732)   Other: 0.1ms
[382.131s][info][gc,heap        ] GC(732) Eden regions: 1->0(24)
[382.131s][info][gc,heap        ] GC(732) Survivor regions: 0->1(4)
[382.131s][info][gc,heap        ] GC(732) Old regions: 490->490
[382.131s][info][gc,heap        ] GC(732) Archive regions: 2->2
[382.131s][info][gc,heap        ] GC(732) Humongous regions: 11->11
[382.131s][info][gc,metaspace   ] GC(732) Metaspace: 44197K(45776K)->44197K(45776K) NonClass: 38972K(40148K)->38972K(40148K) Class: 5224K(5628K)->5224K(5628K)
[382.131s][info][gc             ] GC(732) Pause Young (Normal) (G1 Humongous Allocation) 501M->500M(512M) 1.466ms
[382.131s][info][gc,cpu         ] GC(732) User=0.00s Sys=0.00s Real=0.00s
[382.131s][info][gc,task        ] GC(733) Using 8 workers of 8 for full compaction
[382.131s][info][gc,start       ] GC(733) Pause Full (G1 Humongous Allocation)
[382.131s][info][gc,phases,start] GC(733) Phase 1: Mark live objects
[382.420s][info][gc,phases      ] GC(733) Phase 1: Mark live objects 289.335ms
[382.420s][info][gc,phases,start] GC(733) Phase 2: Prepare for compaction
[382.449s][info][gc,phases      ] GC(733) Phase 2: Prepare for compaction 28.562ms
[382.449s][info][gc,phases,start] GC(733) Phase 3: Adjust pointers
[382.516s][info][gc,phases      ] GC(733) Phase 3: Adjust pointers 66.950ms
[382.516s][info][gc,phases,start] GC(733) Phase 4: Compact heap
[382.545s][info][gc,phases      ] GC(733) Phase 4: Compact heap 29.659ms
[382.550s][info][gc,heap        ] GC(733) Eden regions: 0->0(25)
[382.550s][info][gc,heap        ] GC(733) Survivor regions: 1->0(4)
[382.550s][info][gc,heap        ] GC(733) Old regions: 490->491
[382.550s][info][gc,heap        ] GC(733) Archive regions: 2->2
[382.550s][info][gc,heap        ] GC(733) Humongous regions: 11->11
[382.550s][info][gc,metaspace   ] GC(733) Metaspace: 44197K(45776K)->44197K(45776K) NonClass: 38972K(40148K)->38972K(40148K) Class: 5224K(5628K)->5224K(5628K)
[382.550s][info][gc             ] GC(733) Pause Full (G1 Humongous Allocation) 500M->500M(512M) 419.272ms
[382.552s][info][gc,cpu         ] GC(733) User=2.49s Sys=0.02s Real=0.42s
[382.552s][info][gc,task        ] GC(734) Using 8 workers of 8 for full compaction
[382.552s][info][gc,start       ] GC(734) Pause Full (G1 Humongous Allocation)
[382.552s][info][gc,phases,start] GC(734) Phase 1: Mark live objects
[382.767s][info][gc,phases      ] GC(734) Phase 1: Mark live objects 214.657ms
[382.767s][info][gc,phases,start] GC(734) Phase 2: Prepare for compaction
[382.795s][info][gc,phases      ] GC(734) Phase 2: Prepare for compaction 27.636ms
[382.795s][info][gc,phases,start] GC(734) Phase 3: Adjust pointers
[382.862s][info][gc,phases      ] GC(734) Phase 3: Adjust pointers 67.593ms
[382.862s][info][gc,phases,start] GC(734) Phase 4: Compact heap
[382.889s][info][gc,phases      ] GC(734) Phase 4: Compact heap 26.446ms
[382.893s][info][gc,heap        ] GC(734) Eden regions: 0->0(25)
[382.893s][info][gc,heap        ] GC(734) Survivor regions: 0->0(4)
[382.893s][info][gc,heap        ] GC(734) Old regions: 491->490
[382.893s][info][gc,heap        ] GC(734) Archive regions: 2->2
[382.893s][info][gc,heap        ] GC(734) Humongous regions: 11->11
[382.893s][info][gc,metaspace   ] GC(734) Metaspace: 44197K(45776K)->44197K(45776K) NonClass: 38972K(40148K)->38972K(40148K) Class: 5224K(5628K)->5224K(5628K)
[382.893s][info][gc             ] GC(734) Pause Full (G1 Humongous Allocation) 500M->500M(512M) 340.682ms
[382.895s][info][gc,cpu         ] GC(734) User=2.47s Sys=0.03s Real=0.35s
[382.895s][info][gc,start       ] GC(735) Pause Young (Concurrent Start) (G1 Humongous Allocation)
[382.895s][info][gc,task        ] GC(735) Using 8 workers of 8 for evacuation
[382.896s][info][gc,phases      ] GC(735)   Pre Evacuate Collection Set: 0.1ms
[382.896s][info][gc,phases      ] GC(735)   Merge Heap Roots: 0.0ms
[382.896s][info][gc,phases      ] GC(735)   Evacuate Collection Set: 0.5ms
[382.896s][info][gc,phases      ] GC(735)   Post Evacuate Collection Set: 0.2ms
[382.896s][info][gc,phases      ] GC(735)   Other: 0.1ms
[382.896s][info][gc,heap        ] GC(735) Eden regions: 1->0(24)
[382.896s][info][gc,heap        ] GC(735) Survivor regions: 0->1(4)
[382.896s][info][gc,heap        ] GC(735) Old regions: 490->490
[382.896s][info][gc,heap        ] GC(735) Archive regions: 2->2
[382.896s][info][gc,heap        ] GC(735) Humongous regions: 11->11
[382.896s][info][gc,metaspace   ] GC(735) Metaspace: 44197K(45776K)->44197K(45776K) NonClass: 38972K(40148K)->38972K(40148K) Class: 5224K(5628K)->5224K(5628K)
[382.896s][info][gc             ] GC(735) Pause Young (Concurrent Start) (G1 Humongous Allocation) 500M->500M(512M) 0.996ms
[382.896s][info][gc,cpu         ] GC(735) User=0.00s Sys=0.00s Real=0.00s
[382.896s][info][gc             ] GC(736) Concurrent Cycle
[382.896s][info][gc,marking     ] GC(736) Concurrent Clear Claimed Marks
[382.896s][info][gc,marking     ] GC(736) Concurrent Clear Claimed Marks 0.019ms
[382.896s][info][gc,marking     ] GC(736) Concurrent Scan Root Regions
[382.897s][info][gc,marking     ] GC(736) Concurrent Scan Root Regions 0.406ms
[382.897s][info][gc,marking     ] GC(736) Concurrent Mark (382.897s)
[382.897s][info][gc,marking     ] GC(736) Concurrent Mark From Roots
[382.897s][info][gc,task        ] GC(736) Using 2 workers of 2 for marking
[382.897s][info][gc,start       ] GC(737) Pause Young (Normal) (G1 Humongous Allocation)
[382.897s][info][gc,task        ] GC(737) Using 8 workers of 8 for evacuation
[382.897s][info][gc,phases      ] GC(737)   Pre Evacuate Collection Set: 0.4ms
[382.897s][info][gc,phases      ] GC(737)   Merge Heap Roots: 0.0ms
[382.898s][info][gc,phases      ] GC(737)   Evacuate Collection Set: 0.5ms
[382.898s][info][gc,phases      ] GC(737)   Post Evacuate Collection Set: 0.1ms
[382.898s][info][gc,phases      ] GC(737)   Other: 0.1ms
[382.898s][info][gc,heap        ] GC(737) Eden regions: 0->0(24)
[382.898s][info][gc,heap        ] GC(737) Survivor regions: 1->1(4)
[382.898s][info][gc,heap        ] GC(737) Old regions: 490->490
[382.898s][info][gc,heap        ] GC(737) Archive regions: 2->2
[382.898s][info][gc,heap        ] GC(737) Humongous regions: 11->11
[382.898s][info][gc,metaspace   ] GC(737) Metaspace: 44197K(45776K)->44197K(45776K) NonClass: 38972K(40148K)->38972K(40148K) Class: 5224K(5628K)->5224K(5628K)
[382.898s][info][gc             ] GC(737) Pause Young (Normal) (G1 Humongous Allocation) 500M->500M(512M) 0.847ms
[382.898s][info][gc,cpu         ] GC(737) User=0.00s Sys=0.00s Real=0.00s
[382.898s][info][gc,task        ] GC(738) Using 8 workers of 8 for full compaction
[382.898s][info][gc,start       ] GC(738) Pause Full (G1 Humongous Allocation)
[382.898s][info][gc,phases,start] GC(738) Phase 1: Mark live objects
[383.118s][info][gc,phases      ] GC(738) Phase 1: Mark live objects 219.309ms
[383.118s][info][gc,phases,start] GC(738) Phase 2: Prepare for compaction
[383.146s][info][gc,phases      ] GC(738) Phase 2: Prepare for compaction 27.869ms
[383.146s][info][gc,phases,start] GC(738) Phase 3: Adjust pointers
[383.211s][info][gc,phases      ] GC(738) Phase 3: Adjust pointers 65.664ms
[383.211s][info][gc,phases,start] GC(738) Phase 4: Compact heap
[383.234s][info][gc,phases      ] GC(738) Phase 4: Compact heap 22.594ms
[383.238s][info][gc,heap        ] GC(738) Eden regions: 0->0(25)
[383.238s][info][gc,heap        ] GC(738) Survivor regions: 1->0(4)
[383.238s][info][gc,heap        ] GC(738) Old regions: 490->490
[383.238s][info][gc,heap        ] GC(738) Archive regions: 2->2
[383.238s][info][gc,heap        ] GC(738) Humongous regions: 11->11
[383.238s][info][gc,metaspace   ] GC(738) Metaspace: 44197K(45776K)->44197K(45776K) NonClass: 38972K(40148K)->38972K(40148K) Class: 5224K(5628K)->5224K(5628K)
[383.238s][info][gc             ] GC(738) Pause Full (G1 Humongous Allocation) 500M->500M(512M) 340.144ms
[383.239s][info][gc,cpu         ] GC(738) User=2.47s Sys=0.02s Real=0.34s
[383.239s][info][gc,task        ] GC(739) Using 8 workers of 8 for full compaction
[383.239s][info][gc,start       ] GC(739) Pause Full (G1 Humongous Allocation)
[383.239s][info][gc,phases,start] GC(739) Phase 1: Mark live objects
[383.448s][info][gc,phases      ] GC(739) Phase 1: Mark live objects 209.385ms
[383.448s][info][gc,phases,start] GC(739) Phase 2: Prepare for compaction
[383.476s][info][gc,phases      ] GC(739) Phase 2: Prepare for compaction 27.414ms
[383.476s][info][gc,phases,start] GC(739) Phase 3: Adjust pointers
[383.541s][info][gc,phases      ] GC(739) Phase 3: Adjust pointers 65.030ms
[383.541s][info][gc,phases,start] GC(739) Phase 4: Compact heap
[383.566s][info][gc,phases      ] GC(739) Phase 4: Compact heap 24.957ms
[383.569s][info][gc,heap        ] GC(739) Eden regions: 0->0(25)
[383.570s][info][gc,heap        ] GC(739) Survivor regions: 0->0(4)
[383.570s][info][gc,heap        ] GC(739) Old regions: 490->490
[383.570s][info][gc,heap        ] GC(739) Archive regions: 2->2
[383.570s][info][gc,heap        ] GC(739) Humongous regions: 11->11
[383.570s][info][gc,metaspace   ] GC(739) Metaspace: 44197K(45776K)->44197K(45776K) NonClass: 38972K(40148K)->38972K(40148K) Class: 5224K(5628K)->5224K(5628K)
[383.570s][info][gc             ] GC(739) Pause Full (G1 Humongous Allocation) 500M->500M(512M) 330.716ms
[383.571s][info][gc,cpu         ] GC(739) User=2.46s Sys=0.02s Real=0.33s
[383.571s][info][gc,marking     ] GC(736) Concurrent Mark From Roots 674.523ms
[383.571s][info][gc,marking     ] GC(736) Concurrent Mark Abort
[383.571s][info][gc             ] GC(736) Concurrent Cycle 675.058ms
[383.571s][info][gc,start       ] GC(740) Pause Young (Concurrent Start) (G1 Humongous Allocation)
[383.571s][info][gc,task        ] GC(740) Using 8 workers of 8 for evacuation
[383.572s][info][gc,phases      ] GC(740)   Pre Evacuate Collection Set: 0.1ms
[383.572s][info][gc,phases      ] GC(740)   Merge Heap Roots: 0.1ms
[383.572s][info][gc,phases      ] GC(740)   Evacuate Collection Set: 0.5ms
[383.572s][info][gc,phases      ] GC(740)   Post Evacuate Collection Set: 0.1ms
[383.572s][info][gc,phases      ] GC(740)   Other: 0.1ms
[383.572s][info][gc,heap        ] GC(740) Eden regions: 1->0(24)
[383.572s][info][gc,heap        ] GC(740) Survivor regions: 0->1(4)
[383.572s][info][gc,heap        ] GC(740) Old regions: 490->490
[383.572s][info][gc,heap        ] GC(740) Archive regions: 2->2
[383.572s][info][gc,heap        ] GC(740) Humongous regions: 11->11
[383.572s][info][gc,metaspace   ] GC(740) Metaspace: 44197K(45776K)->44197K(45776K) NonClass: 38972K(40148K)->38972K(40148K) Class: 5224K(5628K)->5224K(5628K)
[383.572s][info][gc             ] GC(740) Pause Young (Concurrent Start) (G1 Humongous Allocation) 500M->500M(512M) 0.995ms
[383.572s][info][gc,cpu         ] GC(740) User=0.01s Sys=0.00s Real=0.00s
[383.572s][info][gc             ] GC(741) Concurrent Cycle
[383.572s][info][gc,marking     ] GC(741) Concurrent Clear Claimed Marks
[383.572s][info][gc,marking     ] GC(741) Concurrent Clear Claimed Marks 0.014ms
[383.572s][info][gc,marking     ] GC(741) Concurrent Scan Root Regions
[383.573s][info][gc,marking     ] GC(741) Concurrent Scan Root Regions 0.072ms
[383.573s][info][gc,marking     ] GC(741) Concurrent Mark (383.573s)
[383.573s][info][gc,marking     ] GC(741) Concurrent Mark From Roots
[383.573s][info][gc,task        ] GC(741) Using 2 workers of 2 for marking
[383.573s][info][gc,start       ] GC(742) Pause Young (Normal) (G1 Humongous Allocation)
[383.573s][info][gc,task        ] GC(742) Using 8 workers of 8 for evacuation
[383.574s][info][gc,phases      ] GC(742)   Pre Evacuate Collection Set: 0.0ms
[383.574s][info][gc,phases      ] GC(742)   Merge Heap Roots: 0.0ms
[383.574s][info][gc,phases      ] GC(742)   Evacuate Collection Set: 0.2ms
[383.574s][info][gc,phases      ] GC(742)   Post Evacuate Collection Set: 0.2ms
[383.574s][info][gc,phases      ] GC(742)   Other: 0.1ms
[383.574s][info][gc,heap        ] GC(742) Eden regions: 0->0(24)
[383.574s][info][gc,heap        ] GC(742) Survivor regions: 1->1(4)
[383.574s][info][gc,heap        ] GC(742) Old regions: 490->490
[383.574s][info][gc,heap        ] GC(742) Archive regions: 2->2
[383.574s][info][gc,heap        ] GC(742) Humongous regions: 11->11
[383.574s][info][gc,metaspace   ] GC(742) Metaspace: 44197K(45776K)->44197K(45776K) NonClass: 38972K(40148K)->38972K(40148K) Class: 5224K(5628K)->5224K(5628K)
[383.574s][info][gc             ] GC(742) Pause Young (Normal) (G1 Humongous Allocation) 500M->500M(512M) 0.593ms
[383.574s][info][gc,cpu         ] GC(742) User=0.00s Sys=0.00s Real=0.00s
[383.574s][info][gc,task        ] GC(743) Using 8 workers of 8 for full compaction
[383.574s][info][gc,start       ] GC(743) Pause Full (G1 Humongous Allocation)
[383.574s][info][gc,phases,start] GC(743) Phase 1: Mark live objects
[383.784s][info][gc,phases      ] GC(743) Phase 1: Mark live objects 209.169ms
[383.784s][info][gc,phases,start] GC(743) Phase 2: Prepare for compaction
[383.812s][info][gc,phases      ] GC(743) Phase 2: Prepare for compaction 28.096ms
[383.812s][info][gc,phases,start] GC(743) Phase 3: Adjust pointers
[383.877s][info][gc,phases      ] GC(743) Phase 3: Adjust pointers 65.417ms
[383.877s][info][gc,phases,start] GC(743) Phase 4: Compact heap
[383.901s][info][gc,phases      ] GC(743) Phase 4: Compact heap 23.347ms
[383.904s][info][gc,heap        ] GC(743) Eden regions: 0->0(25)
[383.904s][info][gc,heap        ] GC(743) Survivor regions: 1->0(4)
[383.904s][info][gc,heap        ] GC(743) Old regions: 490->491
[383.904s][info][gc,heap        ] GC(743) Archive regions: 2->2
[383.904s][info][gc,heap        ] GC(743) Humongous regions: 11->11
[383.904s][info][gc,metaspace   ] GC(743) Metaspace: 44197K(45776K)->44197K(45776K) NonClass: 38972K(40148K)->38972K(40148K) Class: 5224K(5628K)->5224K(5628K)
[383.904s][info][gc             ] GC(743) Pause Full (G1 Humongous Allocation) 500M->500M(512M) 330.698ms
[383.906s][info][gc,cpu         ] GC(743) User=2.47s Sys=0.02s Real=0.34s
[383.906s][info][gc,task        ] GC(744) Using 8 workers of 8 for full compaction
[383.906s][info][gc,start       ] GC(744) Pause Full (G1 Humongous Allocation)
[383.906s][info][gc,phases,start] GC(744) Phase 1: Mark live objects
[384.120s][info][gc,phases      ] GC(744) Phase 1: Mark live objects 213.831ms
[384.120s][info][gc,phases,start] GC(744) Phase 2: Prepare for compaction
[384.149s][info][gc,phases      ] GC(744) Phase 2: Prepare for compaction 28.922ms
[384.149s][info][gc,phases,start] GC(744) Phase 3: Adjust pointers
[384.215s][info][gc,phases      ] GC(744) Phase 3: Adjust pointers 65.990ms
[384.215s][info][gc,phases,start] GC(744) Phase 4: Compact heap
[384.239s][info][gc,phases      ] GC(744) Phase 4: Compact heap 23.705ms
[384.243s][info][gc,heap        ] GC(744) Eden regions: 0->0(25)
[384.243s][info][gc,heap        ] GC(744) Survivor regions: 0->0(4)
[384.243s][info][gc,heap        ] GC(744) Old regions: 491->490
[384.243s][info][gc,heap        ] GC(744) Archive regions: 2->2
[384.243s][info][gc,heap        ] GC(744) Humongous regions: 11->11
[384.243s][info][gc,metaspace   ] GC(744) Metaspace: 44197K(45776K)->44197K(45776K) NonClass: 38972K(40148K)->38972K(40148K) Class: 5224K(5628K)->5224K(5628K)
[384.243s][info][gc             ] GC(744) Pause Full (G1 Humongous Allocation) 500M->500M(512M) 336.450ms
[384.244s][info][gc,cpu         ] GC(744) User=2.48s Sys=0.03s Real=0.33s
[384.244s][info][gc,marking     ] GC(741) Concurrent Mark From Roots 671.388ms
[384.244s][info][gc,marking     ] GC(741) Concurrent Mark Abort
[384.244s][info][gc             ] GC(741) Concurrent Cycle 671.542ms
[384.244s][info][gc,start       ] GC(745) Pause Young (Concurrent Start) (G1 Humongous Allocation)
[384.244s][info][gc,task        ] GC(745) Using 8 workers of 8 for evacuation
[384.245s][info][gc,phases      ] GC(745)   Pre Evacuate Collection Set: 0.1ms
[384.245s][info][gc,phases      ] GC(745)   Merge Heap Roots: 0.0ms
[384.245s][info][gc,phases      ] GC(745)   Evacuate Collection Set: 0.5ms
[384.245s][info][gc,phases      ] GC(745)   Post Evacuate Collection Set: 0.1ms
[384.245s][info][gc,phases      ] GC(745)   Other: 0.1ms
[384.245s][info][gc,heap        ] GC(745) Eden regions: 1->0(24)
[384.245s][info][gc,heap        ] GC(745) Survivor regions: 0->1(4)
[384.245s][info][gc,heap        ] GC(745) Old regions: 490->490
[384.245s][info][gc,heap        ] GC(745) Archive regions: 2->2
[384.245s][info][gc,heap        ] GC(745) Humongous regions: 11->11
[384.245s][info][gc,metaspace   ] GC(745) Metaspace: 44197K(45776K)->44197K(45776K) NonClass: 38972K(40148K)->38972K(40148K) Class: 5224K(5628K)->5224K(5628K)
[384.245s][info][gc             ] GC(745) Pause Young (Concurrent Start) (G1 Humongous Allocation) 500M->500M(512M) 0.864ms
[384.245s][info][gc,cpu         ] GC(745) User=0.00s Sys=0.00s Real=0.01s
[384.245s][info][gc             ] GC(746) Concurrent Cycle
[384.245s][info][gc,marking     ] GC(746) Concurrent Clear Claimed Marks
[384.245s][info][gc,marking     ] GC(746) Concurrent Clear Claimed Marks 0.011ms
[384.245s][info][gc,marking     ] GC(746) Concurrent Scan Root Regions
[384.245s][info][gc,marking     ] GC(746) Concurrent Scan Root Regions 0.377ms
[384.245s][info][gc,marking     ] GC(746) Concurrent Mark (384.245s)
[384.245s][info][gc,marking     ] GC(746) Concurrent Mark From Roots
[384.245s][info][gc,task        ] GC(746) Using 2 workers of 2 for marking
[384.246s][info][gc,start       ] GC(747) Pause Young (Normal) (G1 Humongous Allocation)
[384.246s][info][gc,task        ] GC(747) Using 8 workers of 8 for evacuation
[384.246s][info][gc,phases      ] GC(747)   Pre Evacuate Collection Set: 0.3ms
[384.246s][info][gc,phases      ] GC(747)   Merge Heap Roots: 0.0ms
[384.246s][info][gc,phases      ] GC(747)   Evacuate Collection Set: 0.2ms
[384.246s][info][gc,phases      ] GC(747)   Post Evacuate Collection Set: 0.1ms
[384.246s][info][gc,phases      ] GC(747)   Other: 0.1ms
[384.246s][info][gc,heap        ] GC(747) Eden regions: 1->0(24)
[384.246s][info][gc,heap        ] GC(747) Survivor regions: 1->1(4)
[384.246s][info][gc,heap        ] GC(747) Old regions: 490->490
[384.246s][info][gc,heap        ] GC(747) Archive regions: 2->2
[384.246s][info][gc,heap        ] GC(747) Humongous regions: 11->11
[384.246s][info][gc,metaspace   ] GC(747) Metaspace: 44197K(45776K)->44197K(45776K) NonClass: 38972K(40148K)->38972K(40148K) Class: 5224K(5628K)->5224K(5628K)
[384.246s][info][gc             ] GC(747) Pause Young (Normal) (G1 Humongous Allocation) 500M->500M(512M) 0.465ms
[384.246s][info][gc,cpu         ] GC(747) User=0.00s Sys=0.00s Real=0.00s
[384.246s][info][gc,task        ] GC(748) Using 8 workers of 8 for full compaction
[384.246s][info][gc,start       ] GC(748) Pause Full (G1 Humongous Allocation)
[384.247s][info][gc,phases,start] GC(748) Phase 1: Mark live objects
[384.457s][info][gc,phases      ] GC(748) Phase 1: Mark live objects 210.162ms
[384.457s][info][gc,phases,start] GC(748) Phase 2: Prepare for compaction
[384.485s][info][gc,phases      ] GC(748) Phase 2: Prepare for compaction 28.097ms
[384.485s][info][gc,phases,start] GC(748) Phase 3: Adjust pointers
[384.549s][info][gc,phases      ] GC(748) Phase 3: Adjust pointers 64.281ms
[384.549s][info][gc,phases,start] GC(748) Phase 4: Compact heap
[384.572s][info][gc,phases      ] GC(748) Phase 4: Compact heap 22.367ms
[384.576s][info][gc,heap        ] GC(748) Eden regions: 0->0(25)
[384.576s][info][gc,heap        ] GC(748) Survivor regions: 1->0(4)
[384.576s][info][gc,heap        ] GC(748) Old regions: 490->491
[384.576s][info][gc,heap        ] GC(748) Archive regions: 2->2
[384.576s][info][gc,heap        ] GC(748) Humongous regions: 11->11
[384.576s][info][gc,metaspace   ] GC(748) Metaspace: 44197K(45776K)->44197K(45776K) NonClass: 38972K(40148K)->38972K(40148K) Class: 5224K(5628K)->5224K(5628K)
[384.576s][info][gc             ] GC(748) Pause Full (G1 Humongous Allocation) 500M->500M(512M) 329.554ms
[384.577s][info][gc,cpu         ] GC(748) User=2.46s Sys=0.02s Real=0.33s
[384.577s][info][gc,task        ] GC(749) Using 8 workers of 8 for full compaction
[384.577s][info][gc,start       ] GC(749) Pause Full (G1 Humongous Allocation)
[384.577s][info][gc,phases,start] GC(749) Phase 1: Mark live objects
[384.790s][info][gc,phases      ] GC(749) Phase 1: Mark live objects 213.027ms
[384.790s][info][gc,phases,start] GC(749) Phase 2: Prepare for compaction
[384.817s][info][gc,phases      ] GC(749) Phase 2: Prepare for compaction 27.353ms
[384.817s][info][gc,phases,start] GC(749) Phase 3: Adjust pointers
[384.884s][info][gc,phases      ] GC(749) Phase 3: Adjust pointers 66.237ms
[384.884s][info][gc,phases,start] GC(749) Phase 4: Compact heap
[384.910s][info][gc,phases      ] GC(749) Phase 4: Compact heap 26.528ms
[384.914s][info][gc,heap        ] GC(749) Eden regions: 0->0(25)
[384.914s][info][gc,heap        ] GC(749) Survivor regions: 0->0(4)
[384.915s][info][gc,heap        ] GC(749) Old regions: 491->491
[384.915s][info][gc,heap        ] GC(749) Archive regions: 2->2
[384.915s][info][gc,heap        ] GC(749) Humongous regions: 11->11
[384.915s][info][gc,metaspace   ] GC(749) Metaspace: 44197K(45776K)->44197K(45776K) NonClass: 38972K(40148K)->38972K(40148K) Class: 5224K(5628K)->5224K(5628K)
[384.915s][info][gc             ] GC(749) Pause Full (G1 Humongous Allocation) 500M->500M(512M) 337.727ms
[384.916s][info][gc,cpu         ] GC(749) User=2.46s Sys=0.03s Real=0.34s
[384.916s][info][gc,marking     ] GC(746) Concurrent Mark From Roots 670.874ms
[384.916s][info][gc,marking     ] GC(746) Concurrent Mark Abort
[384.916s][info][gc             ] GC(746) Concurrent Cycle 671.324ms
[384.917s][info][gc,start       ] GC(750) Pause Young (Concurrent Start) (G1 Humongous Allocation)
[384.917s][info][gc,task        ] GC(750) Using 8 workers of 8 for evacuation
[384.917s][info][gc,phases      ] GC(750)   Pre Evacuate Collection Set: 0.1ms
[384.917s][info][gc,phases      ] GC(750)   Merge Heap Roots: 0.0ms
[384.917s][info][gc,phases      ] GC(750)   Evacuate Collection Set: 0.5ms
[384.917s][info][gc,phases      ] GC(750)   Post Evacuate Collection Set: 0.1ms
[384.917s][info][gc,phases      ] GC(750)   Other: 0.1ms
[384.917s][info][gc,heap        ] GC(750) Eden regions: 1->0(24)
[384.917s][info][gc,heap        ] GC(750) Survivor regions: 0->1(4)
[384.917s][info][gc,heap        ] GC(750) Old regions: 491->491
[384.917s][info][gc,heap        ] GC(750) Archive regions: 2->2
[384.917s][info][gc,heap        ] GC(750) Humongous regions: 11->11
[384.917s][info][gc,metaspace   ] GC(750) Metaspace: 44197K(45776K)->44197K(45776K) NonClass: 38972K(40148K)->38972K(40148K) Class: 5224K(5628K)->5224K(5628K)
[384.917s][info][gc             ] GC(750) Pause Young (Concurrent Start) (G1 Humongous Allocation) 500M->500M(512M) 0.885ms
[384.917s][info][gc,cpu         ] GC(750) User=0.01s Sys=0.00s Real=0.00s
[384.918s][info][gc             ] GC(751) Concurrent Cycle
[384.918s][info][gc,marking     ] GC(751) Concurrent Clear Claimed Marks
[384.918s][info][gc,marking     ] GC(751) Concurrent Clear Claimed Marks 0.023ms
[384.918s][info][gc,marking     ] GC(751) Concurrent Scan Root Regions
[384.918s][info][gc,marking     ] GC(751) Concurrent Scan Root Regions 0.365ms
[384.918s][info][gc,marking     ] GC(751) Concurrent Mark (384.918s)
[384.918s][info][gc,marking     ] GC(751) Concurrent Mark From Roots
[384.918s][info][gc,task        ] GC(751) Using 2 workers of 2 for marking
[384.918s][info][gc,start       ] GC(752) Pause Young (Normal) (G1 Humongous Allocation)
[384.918s][info][gc,task        ] GC(752) Using 8 workers of 8 for evacuation
[384.918s][info][gc,phases      ] GC(752)   Pre Evacuate Collection Set: 0.4ms
[384.918s][info][gc,phases      ] GC(752)   Merge Heap Roots: 0.0ms
[384.918s][info][gc,phases      ] GC(752)   Evacuate Collection Set: 0.2ms
[384.918s][info][gc,phases      ] GC(752)   Post Evacuate Collection Set: 0.1ms
[384.918s][info][gc,phases      ] GC(752)   Other: 0.1ms
[384.918s][info][gc,heap        ] GC(752) Eden regions: 0->0(24)
[384.918s][info][gc,heap        ] GC(752) Survivor regions: 1->1(4)
[384.918s][info][gc,heap        ] GC(752) Old regions: 491->491
[384.918s][info][gc,heap        ] GC(752) Archive regions: 2->2
[384.918s][info][gc,heap        ] GC(752) Humongous regions: 11->11
[384.918s][info][gc,metaspace   ] GC(752) Metaspace: 44197K(45776K)->44197K(45776K) NonClass: 38972K(40148K)->38972K(40148K) Class: 5224K(5628K)->5224K(5628K)
[384.918s][info][gc             ] GC(752) Pause Young (Normal) (G1 Humongous Allocation) 500M->500M(512M) 0.494ms
[384.918s][info][gc,cpu         ] GC(752) User=0.00s Sys=0.00s Real=0.00s
[384.918s][info][gc,task        ] GC(753) Using 8 workers of 8 for full compaction
[384.919s][info][gc,start       ] GC(753) Pause Full (G1 Humongous Allocation)
[384.919s][info][gc,phases,start] GC(753) Phase 1: Mark live objects
[385.132s][info][gc,phases      ] GC(753) Phase 1: Mark live objects 212.561ms
[385.132s][info][gc,phases,start] GC(753) Phase 2: Prepare for compaction
[385.162s][info][gc,phases      ] GC(753) Phase 2: Prepare for compaction 29.833ms
[385.162s][info][gc,phases,start] GC(753) Phase 3: Adjust pointers
[385.226s][info][gc,phases      ] GC(753) Phase 3: Adjust pointers 64.894ms
[385.226s][info][gc,phases,start] GC(753) Phase 4: Compact heap
[385.250s][info][gc,phases      ] GC(753) Phase 4: Compact heap 23.825ms
[385.254s][info][gc,heap        ] GC(753) Eden regions: 0->0(25)
[385.254s][info][gc,heap        ] GC(753) Survivor regions: 1->0(4)
[385.254s][info][gc,heap        ] GC(753) Old regions: 491->492
[385.254s][info][gc,heap        ] GC(753) Archive regions: 2->2
[385.254s][info][gc,heap        ] GC(753) Humongous regions: 11->11
[385.254s][info][gc,metaspace   ] GC(753) Metaspace: 44197K(45776K)->44197K(45776K) NonClass: 38972K(40148K)->38972K(40148K) Class: 5224K(5628K)->5224K(5628K)
[385.254s][info][gc             ] GC(753) Pause Full (G1 Humongous Allocation) 500M->500M(512M) 335.917ms
[385.256s][info][gc,cpu         ] GC(753) User=2.45s Sys=0.02s Real=0.34s
[385.256s][info][gc,task        ] GC(754) Using 8 workers of 8 for full compaction
[385.256s][info][gc,start       ] GC(754) Pause Full (G1 Humongous Allocation)
[385.256s][info][gc,phases,start] GC(754) Phase 1: Mark live objects
[385.467s][info][gc,phases      ] GC(754) Phase 1: Mark live objects 211.542ms
[385.467s][info][gc,phases,start] GC(754) Phase 2: Prepare for compaction
[385.496s][info][gc,phases      ] GC(754) Phase 2: Prepare for compaction 29.067ms
[385.496s][info][gc,phases,start] GC(754) Phase 3: Adjust pointers
[385.564s][info][gc,phases      ] GC(754) Phase 3: Adjust pointers 67.405ms
[385.564s][info][gc,phases,start] GC(754) Phase 4: Compact heap
[385.588s][info][gc,phases      ] GC(754) Phase 4: Compact heap 24.665ms
[385.593s][info][gc,heap        ] GC(754) Eden regions: 0->0(25)
[385.593s][info][gc,heap        ] GC(754) Survivor regions: 0->0(4)
[385.593s][info][gc,heap        ] GC(754) Old regions: 492->491
[385.593s][info][gc,heap        ] GC(754) Archive regions: 2->2
[385.593s][info][gc,heap        ] GC(754) Humongous regions: 11->11
[385.593s][info][gc,metaspace   ] GC(754) Metaspace: 44197K(45776K)->44197K(45776K) NonClass: 38972K(40148K)->38972K(40148K) Class: 5224K(5628K)->5224K(5628K)
[385.593s][info][gc             ] GC(754) Pause Full (G1 Humongous Allocation) 500M->500M(512M) 337.073ms
[385.594s][info][gc,cpu         ] GC(754) User=2.47s Sys=0.03s Real=0.33s
[385.594s][info][gc,marking     ] GC(751) Concurrent Mark From Roots 676.257ms
[385.594s][info][gc,marking     ] GC(751) Concurrent Mark Abort
[385.594s][info][gc             ] GC(751) Concurrent Cycle 676.715ms
[385.594s][info][gc,start       ] GC(755) Pause Young (Concurrent Start) (G1 Humongous Allocation)
[385.594s][info][gc,task        ] GC(755) Using 8 workers of 8 for evacuation
[385.596s][info][gc,phases      ] GC(755)   Pre Evacuate Collection Set: 0.1ms
[385.596s][info][gc,phases      ] GC(755)   Merge Heap Roots: 0.0ms
[385.596s][info][gc,phases      ] GC(755)   Evacuate Collection Set: 0.7ms
[385.596s][info][gc,phases      ] GC(755)   Post Evacuate Collection Set: 0.2ms
[385.596s][info][gc,phases      ] GC(755)   Other: 0.1ms
[385.596s][info][gc,heap        ] GC(755) Eden regions: 0->0(25)
[385.596s][info][gc,heap        ] GC(755) Survivor regions: 0->0(4)
[385.596s][info][gc,heap        ] GC(755) Old regions: 491->491
[385.596s][info][gc,heap        ] GC(755) Archive regions: 2->2
[385.596s][info][gc,heap        ] GC(755) Humongous regions: 11->11
[385.596s][info][gc,metaspace   ] GC(755) Metaspace: 44197K(45776K)->44197K(45776K) NonClass: 38972K(40148K)->38972K(40148K) Class: 5224K(5628K)->5224K(5628K)
[385.596s][info][gc             ] GC(755) Pause Young (Concurrent Start) (G1 Humongous Allocation) 500M->500M(512M) 1.258ms
[385.596s][info][gc,cpu         ] GC(755) User=0.01s Sys=0.00s Real=0.01s
[385.596s][info][gc             ] GC(756) Concurrent Cycle
[385.596s][info][gc,marking     ] GC(756) Concurrent Clear Claimed Marks
[385.596s][info][gc,marking     ] GC(756) Concurrent Clear Claimed Marks 0.023ms
[385.596s][info][gc,marking     ] GC(756) Concurrent Scan Root Regions
[385.596s][info][gc,marking     ] GC(756) Concurrent Scan Root Regions 0.007ms
[385.596s][info][gc,marking     ] GC(756) Concurrent Mark (385.596s)
[385.596s][info][gc,marking     ] GC(756) Concurrent Mark From Roots
[385.596s][info][gc,task        ] GC(756) Using 2 workers of 2 for marking
[385.596s][info][gc,start       ] GC(757) Pause Young (Normal) (G1 Humongous Allocation)
[385.596s][info][gc,task        ] GC(757) Using 8 workers of 8 for evacuation
[385.597s][info][gc,phases      ] GC(757)   Pre Evacuate Collection Set: 0.1ms
[385.597s][info][gc,phases      ] GC(757)   Merge Heap Roots: 0.0ms
[385.597s][info][gc,phases      ] GC(757)   Evacuate Collection Set: 0.3ms
[385.597s][info][gc,phases      ] GC(757)   Post Evacuate Collection Set: 0.3ms
[385.597s][info][gc,phases      ] GC(757)   Other: 0.1ms
[385.597s][info][gc,heap        ] GC(757) Eden regions: 1->0(24)
[385.597s][info][gc,heap        ] GC(757) Survivor regions: 0->1(4)
[385.597s][info][gc,heap        ] GC(757) Old regions: 491->491
[385.597s][info][gc,heap        ] GC(757) Archive regions: 2->2
[385.597s][info][gc,heap        ] GC(757) Humongous regions: 11->11
[385.597s][info][gc,metaspace   ] GC(757) Metaspace: 44197K(45776K)->44197K(45776K) NonClass: 38972K(40148K)->38972K(40148K) Class: 5224K(5628K)->5224K(5628K)
[385.597s][info][gc             ] GC(757) Pause Young (Normal) (G1 Humongous Allocation) 500M->500M(512M) 0.869ms
[385.597s][info][gc,cpu         ] GC(757) User=0.00s Sys=0.00s Real=0.00s
[385.597s][info][gc,task        ] GC(758) Using 8 workers of 8 for full compaction
[385.597s][info][gc,start       ] GC(758) Pause Full (G1 Humongous Allocation)
[385.598s][info][gc,phases,start] GC(758) Phase 1: Mark live objects
[385.812s][info][gc,phases      ] GC(758) Phase 1: Mark live objects 214.438ms
[385.812s][info][gc,phases,start] GC(758) Phase 2: Prepare for compaction
[385.842s][info][gc,phases      ] GC(758) Phase 2: Prepare for compaction 30.053ms
[385.842s][info][gc,phases,start] GC(758) Phase 3: Adjust pointers
[385.908s][info][gc,phases      ] GC(758) Phase 3: Adjust pointers 66.010ms
[385.908s][info][gc,phases,start] GC(758) Phase 4: Compact heap
[385.931s][info][gc,phases      ] GC(758) Phase 4: Compact heap 22.672ms
[385.935s][info][gc,heap        ] GC(758) Eden regions: 0->0(25)
[385.935s][info][gc,heap        ] GC(758) Survivor regions: 1->0(4)
[385.935s][info][gc,heap        ] GC(758) Old regions: 491->490
[385.935s][info][gc,heap        ] GC(758) Archive regions: 2->2
[385.935s][info][gc,heap        ] GC(758) Humongous regions: 11->11
[385.935s][info][gc,metaspace   ] GC(758) Metaspace: 44197K(45776K)->44197K(45776K) NonClass: 38972K(40148K)->38972K(40148K) Class: 5224K(5628K)->5224K(5628K)
[385.935s][info][gc             ] GC(758) Pause Full (G1 Humongous Allocation) 500M->500M(512M) 338.110ms
[385.937s][info][gc,cpu         ] GC(758) User=2.47s Sys=0.03s Real=0.34s
[385.937s][info][gc,task        ] GC(759) Using 8 workers of 8 for full compaction
[385.937s][info][gc,start       ] GC(759) Pause Full (G1 Humongous Allocation)
[385.937s][info][gc,phases,start] GC(759) Phase 1: Mark live objects
[386.153s][info][gc,phases      ] GC(759) Phase 1: Mark live objects 216.376ms
[386.153s][info][gc,phases,start] GC(759) Phase 2: Prepare for compaction
[386.182s][info][gc,phases      ] GC(759) Phase 2: Prepare for compaction 29.021ms
[386.182s][info][gc,phases,start] GC(759) Phase 3: Adjust pointers
[386.251s][info][gc,phases      ] GC(759) Phase 3: Adjust pointers 68.285ms
[386.251s][info][gc,phases,start] GC(759) Phase 4: Compact heap
[386.275s][info][gc,phases      ] GC(759) Phase 4: Compact heap 24.267ms
[386.279s][info][gc,heap        ] GC(759) Eden regions: 0->0(25)
[386.279s][info][gc,heap        ] GC(759) Survivor regions: 0->0(4)
[386.279s][info][gc,heap        ] GC(759) Old regions: 490->490
[386.279s][info][gc,heap        ] GC(759) Archive regions: 2->2
[386.279s][info][gc,heap        ] GC(759) Humongous regions: 11->11
[386.279s][info][gc,metaspace   ] GC(759) Metaspace: 44197K(45776K)->44197K(45776K) NonClass: 38972K(40148K)->38972K(40148K) Class: 5224K(5628K)->5224K(5628K)
[386.279s][info][gc             ] GC(759) Pause Full (G1 Humongous Allocation) 500M->500M(512M) 342.022ms
[386.281s][info][gc,cpu         ] GC(759) User=2.48s Sys=0.03s Real=0.34s
[386.281s][info][gc,marking     ] GC(756) Concurrent Mark From Roots 684.813ms
[386.281s][info][gc,marking     ] GC(756) Concurrent Mark Abort
[386.281s][info][gc             ] GC(756) Concurrent Cycle 684.923ms
[386.281s][info][gc,start       ] GC(760) Pause Young (Concurrent Start) (G1 Humongous Allocation)
[386.281s][info][gc,task        ] GC(760) Using 8 workers of 8 for evacuation
[386.282s][info][gc,phases      ] GC(760)   Pre Evacuate Collection Set: 0.1ms
[386.282s][info][gc,phases      ] GC(760)   Merge Heap Roots: 0.0ms
[386.282s][info][gc,phases      ] GC(760)   Evacuate Collection Set: 0.5ms
[386.282s][info][gc,phases      ] GC(760)   Post Evacuate Collection Set: 0.1ms
[386.282s][info][gc,phases      ] GC(760)   Other: 0.1ms
[386.282s][info][gc,heap        ] GC(760) Eden regions: 1->0(24)
[386.282s][info][gc,heap        ] GC(760) Survivor regions: 0->1(4)
[386.282s][info][gc,heap        ] GC(760) Old regions: 490->490
[386.282s][info][gc,heap        ] GC(760) Archive regions: 2->2
[386.282s][info][gc,heap        ] GC(760) Humongous regions: 11->11
[386.282s][info][gc,metaspace   ] GC(760) Metaspace: 44197K(45776K)->44197K(45776K) NonClass: 38972K(40148K)->38972K(40148K) Class: 5224K(5628K)->5224K(5628K)
[386.282s][info][gc             ] GC(760) Pause Young (Concurrent Start) (G1 Humongous Allocation) 500M->500M(512M) 0.890ms
[386.282s][info][gc,cpu         ] GC(760) User=0.00s Sys=0.00s Real=0.00s
[386.282s][info][gc             ] GC(761) Concurrent Cycle
[386.282s][info][gc,marking     ] GC(761) Concurrent Clear Claimed Marks
[386.282s][info][gc,marking     ] GC(761) Concurrent Clear Claimed Marks 0.014ms
[386.282s][info][gc,marking     ] GC(761) Concurrent Scan Root Regions
[386.282s][info][gc,marking     ] GC(761) Concurrent Scan Root Regions 0.387ms
[386.282s][info][gc,marking     ] GC(761) Concurrent Mark (386.282s)
[386.282s][info][gc,marking     ] GC(761) Concurrent Mark From Roots
[386.282s][info][gc,start       ] GC(762) Pause Young (Normal) (G1 Humongous Allocation)
[386.282s][info][gc,task        ] GC(761) Using 2 workers of 2 for marking
[386.282s][info][gc,task        ] GC(762) Using 8 workers of 8 for evacuation
[386.283s][info][gc,phases      ] GC(762)   Pre Evacuate Collection Set: 0.4ms
[386.283s][info][gc,phases      ] GC(762)   Merge Heap Roots: 0.0ms
[386.283s][info][gc,phases      ] GC(762)   Evacuate Collection Set: 0.2ms
[386.283s][info][gc,phases      ] GC(762)   Post Evacuate Collection Set: 0.1ms
[386.283s][info][gc,phases      ] GC(762)   Other: 0.1ms
[386.283s][info][gc,heap        ] GC(762) Eden regions: 0->0(24)
[386.283s][info][gc,heap        ] GC(762) Survivor regions: 1->1(4)
[386.283s][info][gc,heap        ] GC(762) Old regions: 490->490
[386.283s][info][gc,heap        ] GC(762) Archive regions: 2->2
[386.283s][info][gc,heap        ] GC(762) Humongous regions: 11->11
[386.283s][info][gc,metaspace   ] GC(762) Metaspace: 44197K(45776K)->44197K(45776K) NonClass: 38972K(40148K)->38972K(40148K) Class: 5224K(5628K)->5224K(5628K)
[386.283s][info][gc             ] GC(762) Pause Young (Normal) (G1 Humongous Allocation) 500M->500M(512M) 0.559ms
[386.283s][info][gc,cpu         ] GC(762) User=0.01s Sys=0.00s Real=0.00s
[386.283s][info][gc,task        ] GC(763) Using 8 workers of 8 for full compaction
[386.283s][info][gc,start       ] GC(763) Pause Full (G1 Humongous Allocation)
[386.283s][info][gc,phases,start] GC(763) Phase 1: Mark live objects
[386.500s][info][gc,phases      ] GC(763) Phase 1: Mark live objects 216.932ms
[386.500s][info][gc,phases,start] GC(763) Phase 2: Prepare for compaction
[386.530s][info][gc,phases      ] GC(763) Phase 2: Prepare for compaction 30.061ms
[386.530s][info][gc,phases,start] GC(763) Phase 3: Adjust pointers
[386.595s][info][gc,phases      ] GC(763) Phase 3: Adjust pointers 64.744ms
[386.595s][info][gc,phases,start] GC(763) Phase 4: Compact heap
[386.619s][info][gc,phases      ] GC(763) Phase 4: Compact heap 24.048ms
[386.623s][info][gc,heap        ] GC(763) Eden regions: 0->0(25)
[386.623s][info][gc,heap        ] GC(763) Survivor regions: 1->0(4)
[386.623s][info][gc,heap        ] GC(763) Old regions: 490->491
[386.623s][info][gc,heap        ] GC(763) Archive regions: 2->2
[386.623s][info][gc,heap        ] GC(763) Humongous regions: 11->11
[386.623s][info][gc,metaspace   ] GC(763) Metaspace: 44197K(45776K)->44197K(45776K) NonClass: 38972K(40148K)->38972K(40148K) Class: 5224K(5628K)->5224K(5628K)
[386.623s][info][gc             ] GC(763) Pause Full (G1 Humongous Allocation) 500M->500M(512M) 340.451ms
[386.625s][info][gc,cpu         ] GC(763) User=2.47s Sys=0.04s Real=0.35s
[386.625s][info][gc,task        ] GC(764) Using 8 workers of 8 for full compaction
[386.625s][info][gc,start       ] GC(764) Pause Full (G1 Humongous Allocation)
[386.625s][info][gc,phases,start] GC(764) Phase 1: Mark live objects
[386.852s][info][gc,phases      ] GC(764) Phase 1: Mark live objects 227.101ms
[386.852s][info][gc,phases,start] GC(764) Phase 2: Prepare for compaction
[386.882s][info][gc,phases      ] GC(764) Phase 2: Prepare for compaction 29.644ms
[386.882s][info][gc,phases,start] GC(764) Phase 3: Adjust pointers
[386.953s][info][gc,phases      ] GC(764) Phase 3: Adjust pointers 70.814ms
[386.953s][info][gc,phases,start] GC(764) Phase 4: Compact heap
[386.975s][info][gc,phases      ] GC(764) Phase 4: Compact heap 22.594ms
[386.979s][info][gc,heap        ] GC(764) Eden regions: 0->0(25)
[386.979s][info][gc,heap        ] GC(764) Survivor regions: 0->0(4)
[386.979s][info][gc,heap        ] GC(764) Old regions: 491->491
[386.979s][info][gc,heap        ] GC(764) Archive regions: 2->2
[386.979s][info][gc,heap        ] GC(764) Humongous regions: 11->11
[386.979s][info][gc,metaspace   ] GC(764) Metaspace: 44197K(45776K)->44197K(45776K) NonClass: 38972K(40148K)->38972K(40148K) Class: 5224K(5628K)->5224K(5628K)
[386.979s][info][gc             ] GC(764) Pause Full (G1 Humongous Allocation) 500M->500M(512M) 354.235ms
[386.981s][info][gc,cpu         ] GC(764) User=2.47s Sys=0.02s Real=0.35s
[386.981s][info][gc,marking     ] GC(761) Concurrent Mark From Roots 698.551ms
[386.981s][info][gc,marking     ] GC(761) Concurrent Mark Abort
[386.981s][info][gc             ] GC(761) Concurrent Cycle 699.046ms
[386.981s][info][gc,start       ] GC(765) Pause Young (Concurrent Start) (G1 Humongous Allocation)
[386.981s][info][gc,task        ] GC(765) Using 8 workers of 8 for evacuation
[386.982s][info][gc,phases      ] GC(765)   Pre Evacuate Collection Set: 0.1ms
[386.982s][info][gc,phases      ] GC(765)   Merge Heap Roots: 0.0ms
[386.982s][info][gc,phases      ] GC(765)   Evacuate Collection Set: 0.6ms
[386.982s][info][gc,phases      ] GC(765)   Post Evacuate Collection Set: 0.2ms
[386.982s][info][gc,phases      ] GC(765)   Other: 0.1ms
[386.982s][info][gc,heap        ] GC(765) Eden regions: 1->0(24)
[386.982s][info][gc,heap        ] GC(765) Survivor regions: 0->1(4)
[386.982s][info][gc,heap        ] GC(765) Old regions: 491->491
[386.982s][info][gc,heap        ] GC(765) Archive regions: 2->2
[386.982s][info][gc,heap        ] GC(765) Humongous regions: 11->11
[386.982s][info][gc,metaspace   ] GC(765) Metaspace: 44197K(45776K)->44197K(45776K) NonClass: 38973K(40148K)->38973K(40148K) Class: 5224K(5628K)->5224K(5628K)
[386.982s][info][gc             ] GC(765) Pause Young (Concurrent Start) (G1 Humongous Allocation) 500M->500M(512M) 1.076ms
[386.982s][info][gc,cpu         ] GC(765) User=0.00s Sys=0.00s Real=0.00s
[386.982s][info][gc             ] GC(766) Concurrent Cycle
[386.982s][info][gc,marking     ] GC(766) Concurrent Clear Claimed Marks
[386.982s][info][gc,marking     ] GC(766) Concurrent Clear Claimed Marks 0.017ms
[386.982s][info][gc,marking     ] GC(766) Concurrent Scan Root Regions
[386.982s][info][gc,marking     ] GC(766) Concurrent Scan Root Regions 0.058ms
[386.982s][info][gc,marking     ] GC(766) Concurrent Mark (386.982s)
[386.982s][info][gc,marking     ] GC(766) Concurrent Mark From Roots
[386.982s][info][gc,task        ] GC(766) Using 2 workers of 2 for marking
[386.982s][info][gc,start       ] GC(767) Pause Young (Normal) (G1 Humongous Allocation)
[386.982s][info][gc,task        ] GC(767) Using 8 workers of 8 for evacuation
[386.983s][info][gc,phases      ] GC(767)   Pre Evacuate Collection Set: 0.0ms
[386.983s][info][gc,phases      ] GC(767)   Merge Heap Roots: 0.0ms
[386.983s][info][gc,phases      ] GC(767)   Evacuate Collection Set: 0.3ms
[386.983s][info][gc,phases      ] GC(767)   Post Evacuate Collection Set: 0.2ms
[386.983s][info][gc,phases      ] GC(767)   Other: 0.1ms
[386.983s][info][gc,heap        ] GC(767) Eden regions: 0->0(24)
[386.983s][info][gc,heap        ] GC(767) Survivor regions: 1->1(4)
[386.983s][info][gc,heap        ] GC(767) Old regions: 491->491
[386.983s][info][gc,heap        ] GC(767) Archive regions: 2->2
[386.983s][info][gc,heap        ] GC(767) Humongous regions: 11->11
[386.983s][info][gc,metaspace   ] GC(767) Metaspace: 44197K(45776K)->44197K(45776K) NonClass: 38973K(40148K)->38973K(40148K) Class: 5224K(5628K)->5224K(5628K)
[386.983s][info][gc             ] GC(767) Pause Young (Normal) (G1 Humongous Allocation) 500M->500M(512M) 0.644ms
[386.983s][info][gc,cpu         ] GC(767) User=0.00s Sys=0.00s Real=0.00s
[386.983s][info][gc,task        ] GC(768) Using 8 workers of 8 for full compaction
[386.983s][info][gc,start       ] GC(768) Pause Full (G1 Humongous Allocation)
[386.984s][info][gc,phases,start] GC(768) Phase 1: Mark live objects
[387.262s][info][gc,phases      ] GC(768) Phase 1: Mark live objects 278.701ms
[387.262s][info][gc,phases,start] GC(768) Phase 2: Prepare for compaction
[387.303s][info][gc,phases      ] GC(768) Phase 2: Prepare for compaction 41.018ms
[387.303s][info][gc,phases,start] GC(768) Phase 3: Adjust pointers
[387.408s][info][gc,phases      ] GC(768) Phase 3: Adjust pointers 104.773ms
[387.408s][info][gc,phases,start] GC(768) Phase 4: Compact heap
[387.436s][info][gc,phases      ] GC(768) Phase 4: Compact heap 27.768ms
[387.440s][info][gc,heap        ] GC(768) Eden regions: 0->0(25)
[387.440s][info][gc,heap        ] GC(768) Survivor regions: 1->0(4)
[387.440s][info][gc,heap        ] GC(768) Old regions: 491->490
[387.440s][info][gc,heap        ] GC(768) Archive regions: 2->2
[387.440s][info][gc,heap        ] GC(768) Humongous regions: 11->11
[387.440s][info][gc,metaspace   ] GC(768) Metaspace: 44197K(45776K)->44197K(45776K) NonClass: 38973K(40148K)->38973K(40148K) Class: 5224K(5628K)->5224K(5628K)
[387.440s][info][gc             ] GC(768) Pause Full (G1 Humongous Allocation) 500M->500M(512M) 457.359ms
[387.442s][info][gc,cpu         ] GC(768) User=2.49s Sys=0.03s Real=0.46s
[387.442s][info][gc,task        ] GC(769) Using 8 workers of 8 for full compaction
[387.442s][info][gc,start       ] GC(769) Pause Full (G1 Humongous Allocation)
[387.442s][info][gc,phases,start] GC(769) Phase 1: Mark live objects
[387.673s][info][gc,phases      ] GC(769) Phase 1: Mark live objects 230.973ms
[387.673s][info][gc,phases,start] GC(769) Phase 2: Prepare for compaction
[387.704s][info][gc,phases      ] GC(769) Phase 2: Prepare for compaction 31.054ms
[387.704s][info][gc,phases,start] GC(769) Phase 3: Adjust pointers
[387.779s][info][gc,phases      ] GC(769) Phase 3: Adjust pointers 74.918ms
[387.779s][info][gc,phases,start] GC(769) Phase 4: Compact heap
[387.808s][info][gc,phases      ] GC(769) Phase 4: Compact heap 29.124ms
[387.812s][info][gc,heap        ] GC(769) Eden regions: 0->0(25)
[387.812s][info][gc,heap        ] GC(769) Survivor regions: 0->0(4)
[387.812s][info][gc,heap        ] GC(769) Old regions: 490->490
[387.812s][info][gc,heap        ] GC(769) Archive regions: 2->2
[387.812s][info][gc,heap        ] GC(769) Humongous regions: 11->11
[387.812s][info][gc,metaspace   ] GC(769) Metaspace: 44197K(45776K)->44197K(45776K) NonClass: 38973K(40148K)->38973K(40148K) Class: 5224K(5628K)->5224K(5628K)
[387.812s][info][gc             ] GC(769) Pause Full (G1 Humongous Allocation) 500M->500M(512M) 370.251ms
[387.813s][info][gc,cpu         ] GC(769) User=2.49s Sys=0.02s Real=0.37s
[387.813s][info][gc,marking     ] GC(766) Concurrent Mark From Roots 830.842ms
[387.813s][info][gc,marking     ] GC(766) Concurrent Mark Abort
[387.813s][info][gc             ] GC(766) Concurrent Cycle 830.991ms
[387.813s][info][gc,start       ] GC(770) Pause Young (Normal) (G1 Humongous Allocation)
[387.813s][info][gc,task        ] GC(770) Using 8 workers of 8 for evacuation
[387.814s][info][gc,phases      ] GC(770)   Pre Evacuate Collection Set: 0.1ms
[387.814s][info][gc,phases      ] GC(770)   Merge Heap Roots: 0.0ms
[387.814s][info][gc,phases      ] GC(770)   Evacuate Collection Set: 0.3ms
[387.814s][info][gc,phases      ] GC(770)   Post Evacuate Collection Set: 0.1ms
[387.814s][info][gc,phases      ] GC(770)   Other: 0.1ms
[387.814s][info][gc,heap        ] GC(770) Eden regions: 1->0(24)
[387.814s][info][gc,heap        ] GC(770) Survivor regions: 0->1(4)
[387.814s][info][gc,heap        ] GC(770) Old regions: 490->490
[387.814s][info][gc,heap        ] GC(770) Archive regions: 2->2
[387.814s][info][gc,heap        ] GC(770) Humongous regions: 11->11
[387.814s][info][gc,metaspace   ] GC(770) Metaspace: 44197K(45776K)->44197K(45776K) NonClass: 38973K(40148K)->38973K(40148K) Class: 5224K(5628K)->5224K(5628K)
[387.814s][info][gc             ] GC(770) Pause Young (Normal) (G1 Humongous Allocation) 500M->500M(512M) 0.698ms
[387.814s][info][gc,cpu         ] GC(770) User=0.00s Sys=0.00s Real=0.00s
[387.814s][info][gc,task        ] GC(771) Using 8 workers of 8 for full compaction
[387.814s][info][gc,start       ] GC(771) Pause Full (G1 Humongous Allocation)
[387.814s][info][gc,phases,start] GC(771) Phase 1: Mark live objects
[388.056s][info][gc,phases      ] GC(771) Phase 1: Mark live objects 242.166ms
[388.056s][info][gc,phases,start] GC(771) Phase 2: Prepare for compaction
[388.085s][info][gc,phases      ] GC(771) Phase 2: Prepare for compaction 29.001ms
[388.085s][info][gc,phases,start] GC(771) Phase 3: Adjust pointers
[388.160s][info][gc,phases      ] GC(771) Phase 3: Adjust pointers 75.201ms
[388.160s][info][gc,phases,start] GC(771) Phase 4: Compact heap
[388.189s][info][gc,phases      ] GC(771) Phase 4: Compact heap 28.568ms
[388.193s][info][gc,heap        ] GC(771) Eden regions: 0->0(25)
[388.193s][info][gc,heap        ] GC(771) Survivor regions: 1->0(4)
[388.193s][info][gc,heap        ] GC(771) Old regions: 490->491
[388.193s][info][gc,heap        ] GC(771) Archive regions: 2->2
[388.193s][info][gc,heap        ] GC(771) Humongous regions: 11->11
[388.193s][info][gc,metaspace   ] GC(771) Metaspace: 44197K(45776K)->44197K(45776K) NonClass: 38973K(40148K)->38973K(40148K) Class: 5224K(5628K)->5224K(5628K)
[388.193s][info][gc             ] GC(771) Pause Full (G1 Humongous Allocation) 500M->500M(512M) 379.408ms
[388.195s][info][gc,cpu         ] GC(771) User=2.51s Sys=0.03s Real=0.38s
[388.195s][info][gc,task        ] GC(772) Using 8 workers of 8 for full compaction
[388.195s][info][gc,start       ] GC(772) Pause Full (G1 Humongous Allocation)
[388.195s][info][gc,phases,start] GC(772) Phase 1: Mark live objects
[388.418s][info][gc,phases      ] GC(772) Phase 1: Mark live objects 223.192ms
[388.418s][info][gc,phases,start] GC(772) Phase 2: Prepare for compaction
[388.446s][info][gc,phases      ] GC(772) Phase 2: Prepare for compaction 28.025ms
[388.446s][info][gc,phases,start] GC(772) Phase 3: Adjust pointers
[388.512s][info][gc,phases      ] GC(772) Phase 3: Adjust pointers 66.400ms
[388.513s][info][gc,phases,start] GC(772) Phase 4: Compact heap
[388.534s][info][gc,phases      ] GC(772) Phase 4: Compact heap 21.953ms
[388.540s][info][gc,heap        ] GC(772) Eden regions: 0->0(25)
[388.540s][info][gc,heap        ] GC(772) Survivor regions: 0->0(4)
[388.540s][info][gc,heap        ] GC(772) Old regions: 491->491
[388.540s][info][gc,heap        ] GC(772) Archive regions: 2->2
[388.540s][info][gc,heap        ] GC(772) Humongous regions: 11->11
[388.540s][info][gc,metaspace   ] GC(772) Metaspace: 44197K(45776K)->44197K(45776K) NonClass: 38973K(40148K)->38973K(40148K) Class: 5224K(5628K)->5224K(5628K)
[388.540s][info][gc             ] GC(772) Pause Full (G1 Humongous Allocation) 500M->500M(512M) 345.317ms
[388.542s][info][gc,cpu         ] GC(772) User=2.49s Sys=0.02s Real=0.35s
[388.542s][info][gc,start       ] GC(773) Pause Young (Concurrent Start) (G1 Humongous Allocation)
[388.542s][info][gc,task        ] GC(773) Using 8 workers of 8 for evacuation
[388.543s][info][gc,phases      ] GC(773)   Pre Evacuate Collection Set: 0.1ms
[388.543s][info][gc,phases      ] GC(773)   Merge Heap Roots: 0.0ms
[388.543s][info][gc,phases      ] GC(773)   Evacuate Collection Set: 0.5ms
[388.543s][info][gc,phases      ] GC(773)   Post Evacuate Collection Set: 0.1ms
[388.543s][info][gc,phases      ] GC(773)   Other: 0.1ms
[388.543s][info][gc,heap        ] GC(773) Eden regions: 1->0(24)
[388.543s][info][gc,heap        ] GC(773) Survivor regions: 0->1(4)
[388.543s][info][gc,heap        ] GC(773) Old regions: 491->491
[388.543s][info][gc,heap        ] GC(773) Archive regions: 2->2
[388.543s][info][gc,heap        ] GC(773) Humongous regions: 11->11
[388.543s][info][gc,metaspace   ] GC(773) Metaspace: 44197K(45776K)->44197K(45776K) NonClass: 38973K(40148K)->38973K(40148K) Class: 5224K(5628K)->5224K(5628K)
[388.543s][info][gc             ] GC(773) Pause Young (Concurrent Start) (G1 Humongous Allocation) 500M->500M(512M) 0.952ms
[388.543s][info][gc,cpu         ] GC(773) User=0.00s Sys=0.00s Real=0.00s
[388.543s][info][gc             ] GC(774) Concurrent Cycle
[388.543s][info][gc,marking     ] GC(774) Concurrent Clear Claimed Marks
[388.543s][info][gc,marking     ] GC(774) Concurrent Clear Claimed Marks 0.012ms
[388.543s][info][gc,marking     ] GC(774) Concurrent Scan Root Regions
[388.544s][info][gc,marking     ] GC(774) Concurrent Scan Root Regions 0.444ms
[388.544s][info][gc,marking     ] GC(774) Concurrent Mark (388.544s)
[388.544s][info][gc,marking     ] GC(774) Concurrent Mark From Roots
[388.544s][info][gc,task        ] GC(774) Using 2 workers of 2 for marking
[388.544s][info][gc,start       ] GC(775) Pause Young (Normal) (G1 Humongous Allocation)
[388.544s][info][gc,task        ] GC(775) Using 8 workers of 8 for evacuation
[388.544s][info][gc,phases      ] GC(775)   Pre Evacuate Collection Set: 0.3ms
[388.544s][info][gc,phases      ] GC(775)   Merge Heap Roots: 0.0ms
[388.544s][info][gc,phases      ] GC(775)   Evacuate Collection Set: 0.2ms
[388.544s][info][gc,phases      ] GC(775)   Post Evacuate Collection Set: 0.1ms
[388.544s][info][gc,phases      ] GC(775)   Other: 0.1ms
[388.544s][info][gc,heap        ] GC(775) Eden regions: 1->0(24)
[388.544s][info][gc,heap        ] GC(775) Survivor regions: 1->1(4)
[388.544s][info][gc,heap        ] GC(775) Old regions: 491->491
[388.544s][info][gc,heap        ] GC(775) Archive regions: 2->2
[388.544s][info][gc,heap        ] GC(775) Humongous regions: 11->11
[388.544s][info][gc,metaspace   ] GC(775) Metaspace: 44197K(45776K)->44197K(45776K) NonClass: 38973K(40148K)->38973K(40148K) Class: 5224K(5628K)->5224K(5628K)
[388.544s][info][gc             ] GC(775) Pause Young (Normal) (G1 Humongous Allocation) 500M->500M(512M) 0.506ms
[388.544s][info][gc,cpu         ] GC(775) User=0.00s Sys=0.00s Real=0.00s
[388.544s][info][gc,task        ] GC(776) Using 8 workers of 8 for full compaction
[388.544s][info][gc,start       ] GC(776) Pause Full (G1 Humongous Allocation)
[388.545s][info][gc,phases,start] GC(776) Phase 1: Mark live objects
[388.771s][info][gc,phases      ] GC(776) Phase 1: Mark live objects 226.512ms
[388.771s][info][gc,phases,start] GC(776) Phase 2: Prepare for compaction
[388.799s][info][gc,phases      ] GC(776) Phase 2: Prepare for compaction 27.939ms
[388.799s][info][gc,phases,start] GC(776) Phase 3: Adjust pointers
[388.865s][info][gc,phases      ] GC(776) Phase 3: Adjust pointers 66.028ms
[388.865s][info][gc,phases,start] GC(776) Phase 4: Compact heap
[388.892s][info][gc,phases      ] GC(776) Phase 4: Compact heap 26.432ms
[388.896s][info][gc,heap        ] GC(776) Eden regions: 0->0(25)
[388.896s][info][gc,heap        ] GC(776) Survivor regions: 1->0(4)
[388.896s][info][gc,heap        ] GC(776) Old regions: 491->491
[388.896s][info][gc,heap        ] GC(776) Archive regions: 2->2
[388.896s][info][gc,heap        ] GC(776) Humongous regions: 11->11
[388.896s][info][gc,metaspace   ] GC(776) Metaspace: 44197K(45776K)->44197K(45776K) NonClass: 38973K(40148K)->38973K(40148K) Class: 5224K(5628K)->5224K(5628K)
[388.896s][info][gc             ] GC(776) Pause Full (G1 Humongous Allocation) 500M->500M(512M) 351.629ms
[388.897s][info][gc,cpu         ] GC(776) User=2.47s Sys=0.03s Real=0.36s
[388.897s][info][gc,task        ] GC(777) Using 8 workers of 8 for full compaction
[388.897s][info][gc,start       ] GC(777) Pause Full (G1 Humongous Allocation)
[388.897s][info][gc,phases,start] GC(777) Phase 1: Mark live objects
[389.118s][info][gc,phases      ] GC(777) Phase 1: Mark live objects 221.396ms
[389.118s][info][gc,phases,start] GC(777) Phase 2: Prepare for compaction
[389.149s][info][gc,phases      ] GC(777) Phase 2: Prepare for compaction 30.373ms
[389.149s][info][gc,phases,start] GC(777) Phase 3: Adjust pointers
[389.228s][info][gc,phases      ] GC(777) Phase 3: Adjust pointers 79.089ms
[389.228s][info][gc,phases,start] GC(777) Phase 4: Compact heap
[389.256s][info][gc,phases      ] GC(777) Phase 4: Compact heap 27.987ms
[389.260s][info][gc,heap        ] GC(777) Eden regions: 0->0(25)
[389.260s][info][gc,heap        ] GC(777) Survivor regions: 0->0(4)
[389.260s][info][gc,heap        ] GC(777) Old regions: 491->491
[389.260s][info][gc,heap        ] GC(777) Archive regions: 2->2
[389.260s][info][gc,heap        ] GC(777) Humongous regions: 11->11
[389.260s][info][gc,metaspace   ] GC(777) Metaspace: 44197K(45776K)->44197K(45776K) NonClass: 38973K(40148K)->38973K(40148K) Class: 5224K(5628K)->5224K(5628K)
[389.260s][info][gc             ] GC(777) Pause Full (G1 Humongous Allocation) 500M->500M(512M) 363.111ms
[389.262s][info][gc,cpu         ] GC(777) User=2.48s Sys=0.03s Real=0.36s
[389.262s][info][gc,marking     ] GC(774) Concurrent Mark From Roots 718.295ms
[389.262s][info][gc,marking     ] GC(774) Concurrent Mark Abort
[389.262s][info][gc             ] GC(774) Concurrent Cycle 718.828ms
[389.262s][info][gc,start       ] GC(778) Pause Young (Concurrent Start) (G1 Humongous Allocation)
[389.262s][info][gc,task        ] GC(778) Using 8 workers of 8 for evacuation
[389.263s][info][gc,phases      ] GC(778)   Pre Evacuate Collection Set: 0.1ms
[389.263s][info][gc,phases      ] GC(778)   Merge Heap Roots: 0.0ms
[389.263s][info][gc,phases      ] GC(778)   Evacuate Collection Set: 0.7ms
[389.263s][info][gc,phases      ] GC(778)   Post Evacuate Collection Set: 0.2ms
[389.263s][info][gc,phases      ] GC(778)   Other: 0.1ms
[389.263s][info][gc,heap        ] GC(778) Eden regions: 1->0(24)
[389.263s][info][gc,heap        ] GC(778) Survivor regions: 0->1(4)
[389.263s][info][gc,heap        ] GC(778) Old regions: 491->491
[389.263s][info][gc,heap        ] GC(778) Archive regions: 2->2
[389.263s][info][gc,heap        ] GC(778) Humongous regions: 11->11
[389.263s][info][gc,metaspace   ] GC(778) Metaspace: 44197K(45776K)->44197K(45776K) NonClass: 38973K(40148K)->38973K(40148K) Class: 5224K(5628K)->5224K(5628K)
[389.263s][info][gc             ] GC(778) Pause Young (Concurrent Start) (G1 Humongous Allocation) 500M->500M(512M) 1.189ms
[389.263s][info][gc,cpu         ] GC(778) User=0.01s Sys=0.00s Real=0.00s
[389.263s][info][gc             ] GC(779) Concurrent Cycle
[389.263s][info][gc,marking     ] GC(779) Concurrent Clear Claimed Marks
[389.263s][info][gc,marking     ] GC(779) Concurrent Clear Claimed Marks 0.020ms
[389.263s][info][gc,marking     ] GC(779) Concurrent Scan Root Regions
[389.264s][info][gc,marking     ] GC(779) Concurrent Scan Root Regions 0.387ms
[389.264s][info][gc,start       ] GC(780) Pause Young (Normal) (G1 Humongous Allocation)
[389.264s][info][gc,marking     ] GC(779) Concurrent Mark (389.264s)
[389.264s][info][gc,task        ] GC(780) Using 8 workers of 8 for evacuation
[389.264s][info][gc,marking     ] GC(779) Concurrent Mark From Roots
[389.264s][info][gc,task        ] GC(779) Using 2 workers of 2 for marking
[389.264s][info][gc,phases      ] GC(780)   Pre Evacuate Collection Set: 0.2ms
[389.264s][info][gc,phases      ] GC(780)   Merge Heap Roots: 0.0ms
[389.264s][info][gc,phases      ] GC(780)   Evacuate Collection Set: 0.2ms
[389.264s][info][gc,phases      ] GC(780)   Post Evacuate Collection Set: 0.1ms
[389.264s][info][gc,phases      ] GC(780)   Other: 0.1ms
[389.264s][info][gc,heap        ] GC(780) Eden regions: 0->0(24)
[389.264s][info][gc,heap        ] GC(780) Survivor regions: 1->1(4)
[389.264s][info][gc,heap        ] GC(780) Old regions: 491->491
[389.264s][info][gc,heap        ] GC(780) Archive regions: 2->2
[389.264s][info][gc,heap        ] GC(780) Humongous regions: 11->11
[389.264s][info][gc,metaspace   ] GC(780) Metaspace: 44197K(45776K)->44197K(45776K) NonClass: 38973K(40148K)->38973K(40148K) Class: 5224K(5628K)->5224K(5628K)
[389.264s][info][gc             ] GC(780) Pause Young (Normal) (G1 Humongous Allocation) 500M->500M(512M) 0.575ms
[389.264s][info][gc,cpu         ] GC(780) User=0.00s Sys=0.00s Real=0.00s
[389.264s][info][gc,task        ] GC(781) Using 8 workers of 8 for full compaction
[389.264s][info][gc,start       ] GC(781) Pause Full (G1 Humongous Allocation)
[389.265s][info][gc,phases,start] GC(781) Phase 1: Mark live objects
[389.522s][info][gc,phases      ] GC(781) Phase 1: Mark live objects 257.213ms
[389.522s][info][gc,phases,start] GC(781) Phase 2: Prepare for compaction
[389.550s][info][gc,phases      ] GC(781) Phase 2: Prepare for compaction 28.024ms
[389.550s][info][gc,phases,start] GC(781) Phase 3: Adjust pointers
[389.615s][info][gc,phases      ] GC(781) Phase 3: Adjust pointers 64.957ms
[389.615s][info][gc,phases,start] GC(781) Phase 4: Compact heap
[389.638s][info][gc,phases      ] GC(781) Phase 4: Compact heap 22.874ms
[389.643s][info][gc,heap        ] GC(781) Eden regions: 0->0(25)
[389.643s][info][gc,heap        ] GC(781) Survivor regions: 1->0(4)
[389.643s][info][gc,heap        ] GC(781) Old regions: 491->491
[389.643s][info][gc,heap        ] GC(781) Archive regions: 2->2
[389.643s][info][gc,heap        ] GC(781) Humongous regions: 11->11
[389.643s][info][gc,metaspace   ] GC(781) Metaspace: 44197K(45776K)->44197K(45776K) NonClass: 38973K(40148K)->38973K(40148K) Class: 5224K(5628K)->5224K(5628K)
[389.643s][info][gc             ] GC(781) Pause Full (G1 Humongous Allocation) 500M->500M(512M) 378.189ms
[389.644s][info][gc,cpu         ] GC(781) User=2.48s Sys=0.03s Real=0.38s
[389.645s][info][gc,task        ] GC(782) Using 8 workers of 8 for full compaction
[389.645s][info][gc,start       ] GC(782) Pause Full (G1 Humongous Allocation)
[389.645s][info][gc,phases,start] GC(782) Phase 1: Mark live objects
[389.863s][info][gc,phases      ] GC(782) Phase 1: Mark live objects 218.115ms
[389.863s][info][gc,phases,start] GC(782) Phase 2: Prepare for compaction
[389.897s][info][gc,phases      ] GC(782) Phase 2: Prepare for compaction 34.749ms
[389.898s][info][gc,phases,start] GC(782) Phase 3: Adjust pointers
[389.976s][info][gc,phases      ] GC(782) Phase 3: Adjust pointers 77.988ms
[389.976s][info][gc,phases,start] GC(782) Phase 4: Compact heap
[390.003s][info][gc,phases      ] GC(782) Phase 4: Compact heap 27.105ms
[390.007s][info][gc,heap        ] GC(782) Eden regions: 0->0(25)
[390.007s][info][gc,heap        ] GC(782) Survivor regions: 0->0(4)
[390.007s][info][gc,heap        ] GC(782) Old regions: 491->490
[390.007s][info][gc,heap        ] GC(782) Archive regions: 2->2
[390.007s][info][gc,heap        ] GC(782) Humongous regions: 11->11
[390.007s][info][gc,metaspace   ] GC(782) Metaspace: 44197K(45776K)->44197K(45776K) NonClass: 38973K(40148K)->38973K(40148K) Class: 5224K(5628K)->5224K(5628K)
[390.007s][info][gc             ] GC(782) Pause Full (G1 Humongous Allocation) 500M->500M(512M) 362.681ms
[390.008s][info][gc,cpu         ] GC(782) User=2.49s Sys=0.03s Real=0.37s
[390.009s][info][gc,marking     ] GC(779) Concurrent Mark From Roots 744.693ms
[390.009s][info][gc,marking     ] GC(779) Concurrent Mark Abort
[390.009s][info][gc             ] GC(779) Concurrent Cycle 745.209ms
[390.009s][info][gc,start       ] GC(783) Pause Young (Concurrent Start) (G1 Humongous Allocation)
[390.009s][info][gc,task        ] GC(783) Using 8 workers of 8 for evacuation
[390.010s][info][gc,phases      ] GC(783)   Pre Evacuate Collection Set: 0.1ms
[390.010s][info][gc,phases      ] GC(783)   Merge Heap Roots: 0.0ms
[390.010s][info][gc,phases      ] GC(783)   Evacuate Collection Set: 0.5ms
[390.010s][info][gc,phases      ] GC(783)   Post Evacuate Collection Set: 0.2ms
[390.010s][info][gc,phases      ] GC(783)   Other: 0.1ms
[390.010s][info][gc,heap        ] GC(783) Eden regions: 1->0(24)
[390.010s][info][gc,heap        ] GC(783) Survivor regions: 0->1(4)
[390.010s][info][gc,heap        ] GC(783) Old regions: 490->490
[390.010s][info][gc,heap        ] GC(783) Archive regions: 2->2
[390.010s][info][gc,heap        ] GC(783) Humongous regions: 11->11
[390.010s][info][gc,metaspace   ] GC(783) Metaspace: 44197K(45776K)->44197K(45776K) NonClass: 38973K(40148K)->38973K(40148K) Class: 5224K(5628K)->5224K(5628K)
[390.010s][info][gc             ] GC(783) Pause Young (Concurrent Start) (G1 Humongous Allocation) 500M->500M(512M) 0.968ms
[390.010s][info][gc,cpu         ] GC(783) User=0.00s Sys=0.00s Real=0.00s
[390.010s][info][gc             ] GC(784) Concurrent Cycle
[390.010s][info][gc,marking     ] GC(784) Concurrent Clear Claimed Marks
[390.010s][info][gc,marking     ] GC(784) Concurrent Clear Claimed Marks 0.016ms
[390.010s][info][gc,marking     ] GC(784) Concurrent Scan Root Regions
[390.010s][info][gc,marking     ] GC(784) Concurrent Scan Root Regions 0.354ms
[390.010s][info][gc,marking     ] GC(784) Concurrent Mark (390.010s)
[390.010s][info][gc,marking     ] GC(784) Concurrent Mark From Roots
[390.010s][info][gc,task        ] GC(784) Using 2 workers of 2 for marking
[390.010s][info][gc,start       ] GC(785) Pause Young (Normal) (G1 Humongous Allocation)
[390.010s][info][gc,task        ] GC(785) Using 8 workers of 8 for evacuation
[390.011s][info][gc,phases      ] GC(785)   Pre Evacuate Collection Set: 0.4ms
[390.011s][info][gc,phases      ] GC(785)   Merge Heap Roots: 0.0ms
[390.011s][info][gc,phases      ] GC(785)   Evacuate Collection Set: 0.1ms
[390.011s][info][gc,phases      ] GC(785)   Post Evacuate Collection Set: 0.1ms
[390.011s][info][gc,phases      ] GC(785)   Other: 0.1ms
[390.011s][info][gc,heap        ] GC(785) Eden regions: 0->0(24)
[390.011s][info][gc,heap        ] GC(785) Survivor regions: 1->1(4)
[390.011s][info][gc,heap        ] GC(785) Old regions: 490->490
[390.011s][info][gc,heap        ] GC(785) Archive regions: 2->2
[390.011s][info][gc,heap        ] GC(785) Humongous regions: 11->11
[390.011s][info][gc,metaspace   ] GC(785) Metaspace: 44197K(45776K)->44197K(45776K) NonClass: 38973K(40148K)->38973K(40148K) Class: 5224K(5628K)->5224K(5628K)
[390.011s][info][gc             ] GC(785) Pause Young (Normal) (G1 Humongous Allocation) 500M->500M(512M) 0.526ms
[390.011s][info][gc,cpu         ] GC(785) User=0.00s Sys=0.00s Real=0.00s
[390.011s][info][gc,task        ] GC(786) Using 8 workers of 8 for full compaction
[390.011s][info][gc,start       ] GC(786) Pause Full (G1 Humongous Allocation)
[390.011s][info][gc,phases,start] GC(786) Phase 1: Mark live objects
[390.258s][info][gc,phases      ] GC(786) Phase 1: Mark live objects 246.480ms
[390.258s][info][gc,phases,start] GC(786) Phase 2: Prepare for compaction
[390.289s][info][gc,phases      ] GC(786) Phase 2: Prepare for compaction 31.006ms
[390.289s][info][gc,phases,start] GC(786) Phase 3: Adjust pointers
[390.363s][info][gc,phases      ] GC(786) Phase 3: Adjust pointers 73.857ms
[390.363s][info][gc,phases,start] GC(786) Phase 4: Compact heap
[390.387s][info][gc,phases      ] GC(786) Phase 4: Compact heap 24.440ms
[390.391s][info][gc,heap        ] GC(786) Eden regions: 0->0(25)
[390.391s][info][gc,heap        ] GC(786) Survivor regions: 1->0(4)
[390.391s][info][gc,heap        ] GC(786) Old regions: 490->491
[390.391s][info][gc,heap        ] GC(786) Archive regions: 2->2
[390.391s][info][gc,heap        ] GC(786) Humongous regions: 11->11
[390.391s][info][gc,metaspace   ] GC(786) Metaspace: 44197K(45776K)->44197K(45776K) NonClass: 38973K(40148K)->38973K(40148K) Class: 5224K(5628K)->5224K(5628K)
[390.391s][info][gc             ] GC(786) Pause Full (G1 Humongous Allocation) 500M->500M(512M) 380.609ms
[390.393s][info][gc,cpu         ] GC(786) User=2.50s Sys=0.03s Real=0.38s
[390.393s][info][gc,task        ] GC(787) Using 8 workers of 8 for full compaction
[390.393s][info][gc,start       ] GC(787) Pause Full (G1 Humongous Allocation)
[390.393s][info][gc,phases,start] GC(787) Phase 1: Mark live objects
[390.627s][info][gc,phases      ] GC(787) Phase 1: Mark live objects 234.471ms
[390.627s][info][gc,phases,start] GC(787) Phase 2: Prepare for compaction
[390.658s][info][gc,phases      ] GC(787) Phase 2: Prepare for compaction 30.076ms
[390.658s][info][gc,phases,start] GC(787) Phase 3: Adjust pointers
[390.724s][info][gc,phases      ] GC(787) Phase 3: Adjust pointers 66.833ms
[390.724s][info][gc,phases,start] GC(787) Phase 4: Compact heap
[390.747s][info][gc,phases      ] GC(787) Phase 4: Compact heap 22.988ms
[390.751s][info][gc,heap        ] GC(787) Eden regions: 0->0(25)
[390.751s][info][gc,heap        ] GC(787) Survivor regions: 0->0(4)
[390.751s][info][gc,heap        ] GC(787) Old regions: 491->490
[390.751s][info][gc,heap        ] GC(787) Archive regions: 2->2
[390.751s][info][gc,heap        ] GC(787) Humongous regions: 11->11
[390.751s][info][gc,metaspace   ] GC(787) Metaspace: 44197K(45776K)->44197K(45776K) NonClass: 38973K(40148K)->38973K(40148K) Class: 5224K(5628K)->5224K(5628K)
[390.751s][info][gc             ] GC(787) Pause Full (G1 Humongous Allocation) 500M->500M(512M) 358.394ms
[390.753s][info][gc,cpu         ] GC(787) User=2.50s Sys=0.03s Real=0.36s
[390.753s][info][gc,marking     ] GC(784) Concurrent Mark From Roots 742.667ms
[390.753s][info][gc,marking     ] GC(784) Concurrent Mark Abort
[390.753s][info][gc             ] GC(784) Concurrent Cycle 743.122ms
[390.753s][info][gc,start       ] GC(788) Pause Young (Concurrent Start) (G1 Humongous Allocation)
[390.753s][info][gc,task        ] GC(788) Using 8 workers of 8 for evacuation
[390.754s][info][gc,phases      ] GC(788)   Pre Evacuate Collection Set: 0.1ms
[390.754s][info][gc,phases      ] GC(788)   Merge Heap Roots: 0.0ms
[390.754s][info][gc,phases      ] GC(788)   Evacuate Collection Set: 0.5ms
[390.754s][info][gc,phases      ] GC(788)   Post Evacuate Collection Set: 0.2ms
[390.754s][info][gc,phases      ] GC(788)   Other: 0.1ms
[390.754s][info][gc,heap        ] GC(788) Eden regions: 1->0(24)
[390.754s][info][gc,heap        ] GC(788) Survivor regions: 0->1(4)
[390.754s][info][gc,heap        ] GC(788) Old regions: 490->490
[390.754s][info][gc,heap        ] GC(788) Archive regions: 2->2
[390.754s][info][gc,heap        ] GC(788) Humongous regions: 11->11
[390.754s][info][gc,metaspace   ] GC(788) Metaspace: 44197K(45776K)->44197K(45776K) NonClass: 38973K(40148K)->38973K(40148K) Class: 5224K(5628K)->5224K(5628K)
[390.754s][info][gc             ] GC(788) Pause Young (Concurrent Start) (G1 Humongous Allocation) 500M->500M(512M) 0.994ms
[390.754s][info][gc,cpu         ] GC(788) User=0.00s Sys=0.00s Real=0.00s
[390.754s][info][gc             ] GC(789) Concurrent Cycle
[390.754s][info][gc,marking     ] GC(789) Concurrent Clear Claimed Marks
[390.754s][info][gc,marking     ] GC(789) Concurrent Clear Claimed Marks 0.013ms
[390.754s][info][gc,marking     ] GC(789) Concurrent Scan Root Regions
[390.755s][info][gc,marking     ] GC(789) Concurrent Scan Root Regions 0.382ms
[390.755s][info][gc,marking     ] GC(789) Concurrent Mark (390.755s)
[390.755s][info][gc,marking     ] GC(789) Concurrent Mark From Roots
[390.755s][info][gc,task        ] GC(789) Using 2 workers of 2 for marking
[390.755s][info][gc,start       ] GC(790) Pause Young (Normal) (G1 Humongous Allocation)
[390.755s][info][gc,task        ] GC(790) Using 8 workers of 8 for evacuation
[390.755s][info][gc,phases      ] GC(790)   Pre Evacuate Collection Set: 0.4ms
[390.755s][info][gc,phases      ] GC(790)   Merge Heap Roots: 0.1ms
[390.755s][info][gc,phases      ] GC(790)   Evacuate Collection Set: 0.2ms
[390.755s][info][gc,phases      ] GC(790)   Post Evacuate Collection Set: 0.1ms
[390.755s][info][gc,phases      ] GC(790)   Other: 0.1ms
[390.755s][info][gc,heap        ] GC(790) Eden regions: 0->0(24)
[390.755s][info][gc,heap        ] GC(790) Survivor regions: 1->1(4)
[390.755s][info][gc,heap        ] GC(790) Old regions: 490->490
[390.755s][info][gc,heap        ] GC(790) Archive regions: 2->2
[390.755s][info][gc,heap        ] GC(790) Humongous regions: 11->11
[390.755s][info][gc,metaspace   ] GC(790) Metaspace: 44197K(45776K)->44197K(45776K) NonClass: 38973K(40148K)->38973K(40148K) Class: 5224K(5628K)->5224K(5628K)
[390.755s][info][gc             ] GC(790) Pause Young (Normal) (G1 Humongous Allocation) 500M->500M(512M) 0.516ms
[390.755s][info][gc,cpu         ] GC(790) User=0.00s Sys=0.00s Real=0.01s
[390.755s][info][gc,task        ] GC(791) Using 8 workers of 8 for full compaction
[390.755s][info][gc,start       ] GC(791) Pause Full (G1 Humongous Allocation)
[390.756s][info][gc,phases,start] GC(791) Phase 1: Mark live objects
[390.977s][info][gc,phases      ] GC(791) Phase 1: Mark live objects 221.006ms
[390.977s][info][gc,phases,start] GC(791) Phase 2: Prepare for compaction
[391.014s][info][gc,phases      ] GC(791) Phase 2: Prepare for compaction 37.397ms
[391.014s][info][gc,phases,start] GC(791) Phase 3: Adjust pointers
[391.101s][info][gc,phases      ] GC(791) Phase 3: Adjust pointers 86.631ms
[391.101s][info][gc,phases,start] GC(791) Phase 4: Compact heap
[391.129s][info][gc,phases      ] GC(791) Phase 4: Compact heap 27.893ms
[391.133s][info][gc,heap        ] GC(791) Eden regions: 0->0(25)
[391.133s][info][gc,heap        ] GC(791) Survivor regions: 1->0(4)
[391.133s][info][gc,heap        ] GC(791) Old regions: 490->490
[391.133s][info][gc,heap        ] GC(791) Archive regions: 2->2
[391.133s][info][gc,heap        ] GC(791) Humongous regions: 11->11
[391.133s][info][gc,metaspace   ] GC(791) Metaspace: 44197K(45776K)->44197K(45776K) NonClass: 38973K(40148K)->38973K(40148K) Class: 5224K(5628K)->5224K(5628K)
[391.133s][info][gc             ] GC(791) Pause Full (G1 Humongous Allocation) 500M->500M(512M) 378.233ms
[391.135s][info][gc,cpu         ] GC(791) User=2.48s Sys=0.03s Real=0.38s
[391.135s][info][gc,task        ] GC(792) Using 8 workers of 8 for full compaction
[391.135s][info][gc,start       ] GC(792) Pause Full (G1 Humongous Allocation)
[391.135s][info][gc,phases,start] GC(792) Phase 1: Mark live objects
[391.400s][info][gc,phases      ] GC(792) Phase 1: Mark live objects 265.080ms
[391.400s][info][gc,phases,start] GC(792) Phase 2: Prepare for compaction
[391.447s][info][gc,phases      ] GC(792) Phase 2: Prepare for compaction 46.206ms
[391.447s][info][gc,phases,start] GC(792) Phase 3: Adjust pointers
[391.524s][info][gc,phases      ] GC(792) Phase 3: Adjust pointers 77.260ms
[391.524s][info][gc,phases,start] GC(792) Phase 4: Compact heap
[391.553s][info][gc,phases      ] GC(792) Phase 4: Compact heap 28.732ms
[391.557s][info][gc,heap        ] GC(792) Eden regions: 0->0(25)
[391.557s][info][gc,heap        ] GC(792) Survivor regions: 0->0(4)
[391.557s][info][gc,heap        ] GC(792) Old regions: 490->490
[391.557s][info][gc,heap        ] GC(792) Archive regions: 2->2
[391.557s][info][gc,heap        ] GC(792) Humongous regions: 11->11
[391.557s][info][gc,metaspace   ] GC(792) Metaspace: 44197K(45776K)->44197K(45776K) NonClass: 38973K(40148K)->38973K(40148K) Class: 5224K(5628K)->5224K(5628K)
[391.557s][info][gc             ] GC(792) Pause Full (G1 Humongous Allocation) 500M->500M(512M) 421.466ms
[391.558s][info][gc,cpu         ] GC(792) User=2.54s Sys=0.05s Real=0.42s
[391.558s][info][gc,marking     ] GC(789) Concurrent Mark From Roots 803.569ms
[391.558s][info][gc,marking     ] GC(789) Concurrent Mark Abort
[391.558s][info][gc             ] GC(789) Concurrent Cycle 804.211ms
[391.558s][info][gc,start       ] GC(793) Pause Young (Normal) (G1 Humongous Allocation)
[391.558s][info][gc,task        ] GC(793) Using 8 workers of 8 for evacuation
[391.559s][info][gc,phases      ] GC(793)   Pre Evacuate Collection Set: 0.1ms
[391.559s][info][gc,phases      ] GC(793)   Merge Heap Roots: 0.0ms
[391.559s][info][gc,phases      ] GC(793)   Evacuate Collection Set: 0.2ms
[391.559s][info][gc,phases      ] GC(793)   Post Evacuate Collection Set: 0.1ms
[391.559s][info][gc,phases      ] GC(793)   Other: 0.1ms
[391.559s][info][gc,heap        ] GC(793) Eden regions: 0->0(25)
[391.559s][info][gc,heap        ] GC(793) Survivor regions: 0->0(4)
[391.559s][info][gc,heap        ] GC(793) Old regions: 490->490
[391.559s][info][gc,heap        ] GC(793) Archive regions: 2->2
[391.559s][info][gc,heap        ] GC(793) Humongous regions: 11->11
[391.559s][info][gc,metaspace   ] GC(793) Metaspace: 44197K(45776K)->44197K(45776K) NonClass: 38973K(40148K)->38973K(40148K) Class: 5224K(5628K)->5224K(5628K)
[391.559s][info][gc             ] GC(793) Pause Young (Normal) (G1 Humongous Allocation) 500M->500M(512M) 0.578ms
[391.559s][info][gc,cpu         ] GC(793) User=0.00s Sys=0.00s Real=0.00s
[391.559s][info][gc,task        ] GC(794) Using 8 workers of 8 for full compaction
[391.559s][info][gc,start       ] GC(794) Pause Full (G1 Humongous Allocation)
[391.559s][info][gc,phases,start] GC(794) Phase 1: Mark live objects
[391.782s][info][gc,phases      ] GC(794) Phase 1: Mark live objects 222.892ms
[391.782s][info][gc,phases,start] GC(794) Phase 2: Prepare for compaction
[391.810s][info][gc,phases      ] GC(794) Phase 2: Prepare for compaction 27.653ms
[391.810s][info][gc,phases,start] GC(794) Phase 3: Adjust pointers
[391.875s][info][gc,phases      ] GC(794) Phase 3: Adjust pointers 65.543ms
[391.875s][info][gc,phases,start] GC(794) Phase 4: Compact heap
[391.899s][info][gc,phases      ] GC(794) Phase 4: Compact heap 23.557ms
[391.903s][info][gc,heap        ] GC(794) Eden regions: 0->0(25)
[391.903s][info][gc,heap        ] GC(794) Survivor regions: 0->0(4)
[391.903s][info][gc,heap        ] GC(794) Old regions: 490->490
[391.903s][info][gc,heap        ] GC(794) Archive regions: 2->2
[391.903s][info][gc,heap        ] GC(794) Humongous regions: 11->11
[391.903s][info][gc,metaspace   ] GC(794) Metaspace: 44197K(45776K)->44197K(45776K) NonClass: 38973K(40148K)->38973K(40148K) Class: 5224K(5628K)->5224K(5628K)
[391.903s][info][gc             ] GC(794) Pause Full (G1 Humongous Allocation) 500M->500M(512M) 343.666ms
[391.904s][info][gc,cpu         ] GC(794) User=2.48s Sys=0.03s Real=0.34s
[391.904s][info][gc,task        ] GC(795) Using 8 workers of 8 for full compaction
[391.904s][info][gc,start       ] GC(795) Pause Full (G1 Humongous Allocation)
[391.904s][info][gc,phases,start] GC(795) Phase 1: Mark live objects
[392.135s][info][gc,phases      ] GC(795) Phase 1: Mark live objects 230.554ms
[392.135s][info][gc,phases,start] GC(795) Phase 2: Prepare for compaction
[392.185s][info][gc,phases      ] GC(795) Phase 2: Prepare for compaction 50.234ms
[392.185s][info][gc,phases,start] GC(795) Phase 3: Adjust pointers
[392.301s][info][gc,phases      ] GC(795) Phase 3: Adjust pointers 115.928ms
[392.301s][info][gc,phases,start] GC(795) Phase 4: Compact heap
[392.351s][info][gc,phases      ] GC(795) Phase 4: Compact heap 49.474ms
[392.355s][info][gc,heap        ] GC(795) Eden regions: 0->0(25)
[392.355s][info][gc,heap        ] GC(795) Survivor regions: 0->0(4)
[392.355s][info][gc,heap        ] GC(795) Old regions: 490->490
[392.355s][info][gc,heap        ] GC(795) Archive regions: 2->2
[392.355s][info][gc,heap        ] GC(795) Humongous regions: 11->11
[392.355s][info][gc,metaspace   ] GC(795) Metaspace: 44197K(45776K)->44197K(45776K) NonClass: 38973K(40148K)->38973K(40148K) Class: 5224K(5628K)->5224K(5628K)
[392.355s][info][gc             ] GC(795) Pause Full (G1 Humongous Allocation) 500M->500M(512M) 450.559ms
[392.357s][info][gc,cpu         ] GC(795) User=2.44s Sys=0.02s Real=0.46s
[392.357s][info][gc,start       ] GC(796) Pause Young (Concurrent Start) (G1 Humongous Allocation)
[392.357s][info][gc,task        ] GC(796) Using 8 workers of 8 for evacuation
[392.358s][info][gc,phases      ] GC(796)   Pre Evacuate Collection Set: 0.1ms
[392.358s][info][gc,phases      ] GC(796)   Merge Heap Roots: 0.0ms
[392.358s][info][gc,phases      ] GC(796)   Evacuate Collection Set: 0.6ms
[392.358s][info][gc,phases      ] GC(796)   Post Evacuate Collection Set: 0.2ms
[392.358s][info][gc,phases      ] GC(796)   Other: 0.1ms
[392.358s][info][gc,heap        ] GC(796) Eden regions: 0->0(25)
[392.358s][info][gc,heap        ] GC(796) Survivor regions: 0->0(4)
[392.358s][info][gc,heap        ] GC(796) Old regions: 490->490
[392.358s][info][gc,heap        ] GC(796) Archive regions: 2->2
[392.358s][info][gc,heap        ] GC(796) Humongous regions: 11->11
[392.358s][info][gc,metaspace   ] GC(796) Metaspace: 44197K(45776K)->44197K(45776K) NonClass: 38973K(40148K)->38973K(40148K) Class: 5224K(5628K)->5224K(5628K)
[392.358s][info][gc             ] GC(796) Pause Young (Concurrent Start) (G1 Humongous Allocation) 500M->500M(512M) 1.101ms
[392.358s][info][gc,cpu         ] GC(796) User=0.00s Sys=0.00s Real=0.00s
[392.358s][info][gc,task        ] GC(797) Using 8 workers of 8 for full compaction
[392.358s][info][gc             ] GC(798) Concurrent Cycle
[392.358s][info][gc,start       ] GC(797) Pause Full (G1 Humongous Allocation)
[392.358s][info][gc,marking     ] GC(798) Concurrent Clear Claimed Marks
[392.358s][info][gc,marking     ] GC(798) Concurrent Clear Claimed Marks 0.037ms
[392.358s][info][gc,marking     ] GC(798) Concurrent Scan Root Regions
[392.358s][info][gc,marking     ] GC(798) Concurrent Scan Root Regions 0.008ms
[392.358s][info][gc,marking     ] GC(798) Concurrent Mark (392.358s)
[392.358s][info][gc,marking     ] GC(798) Concurrent Mark From Roots
[392.358s][info][gc,task        ] GC(798) Using 2 workers of 2 for marking
[392.359s][info][gc,phases,start] GC(797) Phase 1: Mark live objects
[392.612s][info][gc,phases      ] GC(797) Phase 1: Mark live objects 252.973ms
[392.612s][info][gc,phases,start] GC(797) Phase 2: Prepare for compaction
[392.643s][info][gc,phases      ] GC(797) Phase 2: Prepare for compaction 31.510ms
[392.643s][info][gc,phases,start] GC(797) Phase 3: Adjust pointers
[392.729s][info][gc,phases      ] GC(797) Phase 3: Adjust pointers 85.906ms
[392.729s][info][gc,phases,start] GC(797) Phase 4: Compact heap
[392.756s][info][gc,phases      ] GC(797) Phase 4: Compact heap 26.598ms
[392.760s][info][gc,heap        ] GC(797) Eden regions: 0->0(25)
[392.760s][info][gc,heap        ] GC(797) Survivor regions: 0->0(4)
[392.760s][info][gc,heap        ] GC(797) Old regions: 490->490
[392.760s][info][gc,heap        ] GC(797) Archive regions: 2->2
[392.760s][info][gc,heap        ] GC(797) Humongous regions: 11->11
[392.760s][info][gc,metaspace   ] GC(797) Metaspace: 44197K(45776K)->44197K(45776K) NonClass: 38973K(40148K)->38973K(40148K) Class: 5224K(5628K)->5224K(5628K)
[392.760s][info][gc             ] GC(797) Pause Full (G1 Humongous Allocation) 500M->500M(512M) 401.842ms
[392.762s][info][gc,cpu         ] GC(797) User=2.49s Sys=0.03s Real=0.40s
[392.762s][info][gc,task        ] GC(799) Using 8 workers of 8 for full compaction
[392.762s][info][gc,start       ] GC(799) Pause Full (G1 Humongous Allocation)
[392.762s][info][gc,phases,start] GC(799) Phase 1: Mark live objects
[392.997s][info][gc,phases      ] GC(799) Phase 1: Mark live objects 235.078ms
[392.997s][info][gc,phases,start] GC(799) Phase 2: Prepare for compaction
[393.028s][info][gc,phases      ] GC(799) Phase 2: Prepare for compaction 30.675ms
[393.028s][info][gc,phases,start] GC(799) Phase 3: Adjust pointers
[393.105s][info][gc,phases      ] GC(799) Phase 3: Adjust pointers 76.977ms
[393.105s][info][gc,phases,start] GC(799) Phase 4: Compact heap
[393.134s][info][gc,phases      ] GC(799) Phase 4: Compact heap 29.555ms
[393.138s][info][gc,heap        ] GC(799) Eden regions: 0->0(25)
[393.138s][info][gc,heap        ] GC(799) Survivor regions: 0->0(4)
[393.138s][info][gc,heap        ] GC(799) Old regions: 490->490
[393.138s][info][gc,heap        ] GC(799) Archive regions: 2->2
[393.138s][info][gc,heap        ] GC(799) Humongous regions: 11->11
[393.138s][info][gc,metaspace   ] GC(799) Metaspace: 44197K(45776K)->44197K(45776K) NonClass: 38973K(40148K)->38973K(40148K) Class: 5224K(5628K)->5224K(5628K)
[393.138s][info][gc             ] GC(799) Pause Full (G1 Humongous Allocation) 500M->500M(512M) 376.629ms
[393.140s][info][gc,cpu         ] GC(799) User=2.48s Sys=0.03s Real=0.38s
[393.140s][info][gc,marking     ] GC(798) Concurrent Mark From Roots 781.807ms
[393.140s][info][gc,marking     ] GC(798) Concurrent Mark Abort
[393.140s][info][gc             ] GC(798) Concurrent Cycle 781.922ms
[393.140s][info][gc,start       ] GC(800) Pause Young (Concurrent Start) (G1 Humongous Allocation)
[393.140s][info][gc,task        ] GC(800) Using 8 workers of 8 for evacuation
[393.141s][info][gc,phases      ] GC(800)   Pre Evacuate Collection Set: 0.1ms
[393.141s][info][gc,phases      ] GC(800)   Merge Heap Roots: 0.0ms
[393.141s][info][gc,phases      ] GC(800)   Evacuate Collection Set: 0.5ms
[393.141s][info][gc,phases      ] GC(800)   Post Evacuate Collection Set: 0.2ms
[393.141s][info][gc,phases      ] GC(800)   Other: 0.1ms
[393.141s][info][gc,heap        ] GC(800) Eden regions: 1->0(24)
[393.141s][info][gc,heap        ] GC(800) Survivor regions: 0->1(4)
[393.141s][info][gc,heap        ] GC(800) Old regions: 490->490
[393.141s][info][gc,heap        ] GC(800) Archive regions: 2->2
[393.141s][info][gc,heap        ] GC(800) Humongous regions: 11->11
[393.141s][info][gc,metaspace   ] GC(800) Metaspace: 44197K(45776K)->44197K(45776K) NonClass: 38973K(40148K)->38973K(40148K) Class: 5224K(5628K)->5224K(5628K)
[393.141s][info][gc             ] GC(800) Pause Young (Concurrent Start) (G1 Humongous Allocation) 500M->500M(512M) 0.973ms
[393.141s][info][gc,cpu         ] GC(800) User=0.00s Sys=0.00s Real=0.00s
[393.141s][info][gc             ] GC(801) Concurrent Cycle
[393.141s][info][gc,marking     ] GC(801) Concurrent Clear Claimed Marks
[393.141s][info][gc,marking     ] GC(801) Concurrent Clear Claimed Marks 0.014ms
[393.141s][info][gc,marking     ] GC(801) Concurrent Scan Root Regions
[393.142s][info][gc,marking     ] GC(801) Concurrent Scan Root Regions 0.403ms
[393.142s][info][gc,marking     ] GC(801) Concurrent Mark (393.142s)
[393.142s][info][gc,marking     ] GC(801) Concurrent Mark From Roots
[393.142s][info][gc,task        ] GC(801) Using 2 workers of 2 for marking
[393.142s][info][gc,start       ] GC(802) Pause Young (Normal) (G1 Humongous Allocation)
[393.142s][info][gc,task        ] GC(802) Using 8 workers of 8 for evacuation
[393.142s][info][gc,phases      ] GC(802)   Pre Evacuate Collection Set: 0.3ms
[393.142s][info][gc,phases      ] GC(802)   Merge Heap Roots: 0.0ms
[393.142s][info][gc,phases      ] GC(802)   Evacuate Collection Set: 0.2ms
[393.142s][info][gc,phases      ] GC(802)   Post Evacuate Collection Set: 0.2ms
[393.142s][info][gc,phases      ] GC(802)   Other: 0.1ms
[393.142s][info][gc,heap        ] GC(802) Eden regions: 1->0(24)
[393.142s][info][gc,heap        ] GC(802) Survivor regions: 1->1(4)
[393.142s][info][gc,heap        ] GC(802) Old regions: 490->490
[393.142s][info][gc,heap        ] GC(802) Archive regions: 2->2
[393.142s][info][gc,heap        ] GC(802) Humongous regions: 11->11
[393.142s][info][gc,metaspace   ] GC(802) Metaspace: 44197K(45776K)->44197K(45776K) NonClass: 38973K(40148K)->38973K(40148K) Class: 5224K(5628K)->5224K(5628K)
[393.142s][info][gc             ] GC(802) Pause Young (Normal) (G1 Humongous Allocation) 500M->500M(512M) 0.575ms
[393.142s][info][gc,cpu         ] GC(802) User=0.01s Sys=0.00s Real=0.00s
[393.142s][info][gc,task        ] GC(803) Using 8 workers of 8 for full compaction
[393.142s][info][gc,start       ] GC(803) Pause Full (G1 Humongous Allocation)
[393.143s][info][gc,phases,start] GC(803) Phase 1: Mark live objects
[393.372s][info][gc,phases      ] GC(803) Phase 1: Mark live objects 229.431ms
[393.372s][info][gc,phases,start] GC(803) Phase 2: Prepare for compaction
[393.404s][info][gc,phases      ] GC(803) Phase 2: Prepare for compaction 31.549ms
[393.404s][info][gc,phases,start] GC(803) Phase 3: Adjust pointers
[393.478s][info][gc,phases      ] GC(803) Phase 3: Adjust pointers 73.761ms
[393.478s][info][gc,phases,start] GC(803) Phase 4: Compact heap
[393.506s][info][gc,phases      ] GC(803) Phase 4: Compact heap 28.273ms
[393.510s][info][gc,heap        ] GC(803) Eden regions: 0->0(25)
[393.510s][info][gc,heap        ] GC(803) Survivor regions: 1->0(4)
[393.510s][info][gc,heap        ] GC(803) Old regions: 490->491
[393.510s][info][gc,heap        ] GC(803) Archive regions: 2->2
[393.510s][info][gc,heap        ] GC(803) Humongous regions: 11->11
[393.510s][info][gc,metaspace   ] GC(803) Metaspace: 44197K(45776K)->44197K(45776K) NonClass: 38973K(40148K)->38973K(40148K) Class: 5224K(5628K)->5224K(5628K)
[393.510s][info][gc             ] GC(803) Pause Full (G1 Humongous Allocation) 500M->500M(512M) 367.921ms
[393.512s][info][gc,cpu         ] GC(803) User=2.48s Sys=0.03s Real=0.37s
[393.512s][info][gc,task        ] GC(804) Using 8 workers of 8 for full compaction
[393.512s][info][gc,start       ] GC(804) Pause Full (G1 Humongous Allocation)
[393.512s][info][gc,phases,start] GC(804) Phase 1: Mark live objects
[393.752s][info][gc,phases      ] GC(804) Phase 1: Mark live objects 239.627ms
[393.752s][info][gc,phases,start] GC(804) Phase 2: Prepare for compaction
[393.783s][info][gc,phases      ] GC(804) Phase 2: Prepare for compaction 31.731ms
[393.783s][info][gc,phases,start] GC(804) Phase 3: Adjust pointers
[393.857s][info][gc,phases      ] GC(804) Phase 3: Adjust pointers 73.153ms
[393.857s][info][gc,phases,start] GC(804) Phase 4: Compact heap
[393.883s][info][gc,phases      ] GC(804) Phase 4: Compact heap 26.901ms
[393.887s][info][gc,heap        ] GC(804) Eden regions: 0->0(25)
[393.887s][info][gc,heap        ] GC(804) Survivor regions: 0->0(4)
[393.887s][info][gc,heap        ] GC(804) Old regions: 491->490
[393.887s][info][gc,heap        ] GC(804) Archive regions: 2->2
[393.887s][info][gc,heap        ] GC(804) Humongous regions: 11->11
[393.887s][info][gc,metaspace   ] GC(804) Metaspace: 44197K(45776K)->44197K(45776K) NonClass: 38973K(40148K)->38973K(40148K) Class: 5224K(5628K)->5224K(5628K)
[393.887s][info][gc             ] GC(804) Pause Full (G1 Humongous Allocation) 500M->500M(512M) 375.562ms
[393.889s][info][gc,cpu         ] GC(804) User=2.47s Sys=0.02s Real=0.38s
[393.889s][info][gc,marking     ] GC(801) Concurrent Mark From Roots 747.515ms
[393.889s][info][gc,marking     ] GC(801) Concurrent Mark Abort
[393.889s][info][gc             ] GC(801) Concurrent Cycle 748.002ms
[393.889s][info][gc,start       ] GC(805) Pause Young (Concurrent Start) (G1 Humongous Allocation)
[393.889s][info][gc,task        ] GC(805) Using 8 workers of 8 for evacuation
[393.890s][info][gc,phases      ] GC(805)   Pre Evacuate Collection Set: 0.1ms
[393.890s][info][gc,phases      ] GC(805)   Merge Heap Roots: 0.0ms
[393.890s][info][gc,phases      ] GC(805)   Evacuate Collection Set: 0.5ms
[393.890s][info][gc,phases      ] GC(805)   Post Evacuate Collection Set: 0.1ms
[393.890s][info][gc,phases      ] GC(805)   Other: 0.1ms
[393.890s][info][gc,heap        ] GC(805) Eden regions: 1->0(24)
[393.890s][info][gc,heap        ] GC(805) Survivor regions: 0->1(4)
[393.890s][info][gc,heap        ] GC(805) Old regions: 490->490
[393.890s][info][gc,heap        ] GC(805) Archive regions: 2->2
[393.890s][info][gc,heap        ] GC(805) Humongous regions: 11->11
[393.890s][info][gc,metaspace   ] GC(805) Metaspace: 44197K(45776K)->44197K(45776K) NonClass: 38973K(40148K)->38973K(40148K) Class: 5224K(5628K)->5224K(5628K)
[393.890s][info][gc             ] GC(805) Pause Young (Concurrent Start) (G1 Humongous Allocation) 500M->500M(512M) 0.911ms
[393.890s][info][gc,cpu         ] GC(805) User=0.01s Sys=0.00s Real=0.00s
[393.890s][info][gc             ] GC(806) Concurrent Cycle
[393.890s][info][gc,marking     ] GC(806) Concurrent Clear Claimed Marks
[393.890s][info][gc,marking     ] GC(806) Concurrent Clear Claimed Marks 0.014ms
[393.890s][info][gc,marking     ] GC(806) Concurrent Scan Root Regions
[393.891s][info][gc,marking     ] GC(806) Concurrent Scan Root Regions 0.076ms
[393.891s][info][gc,marking     ] GC(806) Concurrent Mark (393.891s)
[393.891s][info][gc,marking     ] GC(806) Concurrent Mark From Roots
[393.891s][info][gc,task        ] GC(806) Using 2 workers of 2 for marking
[393.891s][info][gc,start       ] GC(807) Pause Young (Normal) (G1 Humongous Allocation)
[393.891s][info][gc,task        ] GC(807) Using 8 workers of 8 for evacuation
[393.891s][info][gc,phases      ] GC(807)   Pre Evacuate Collection Set: 0.1ms
[393.891s][info][gc,phases      ] GC(807)   Merge Heap Roots: 0.0ms
[393.891s][info][gc,phases      ] GC(807)   Evacuate Collection Set: 0.2ms
[393.891s][info][gc,phases      ] GC(807)   Post Evacuate Collection Set: 0.1ms
[393.891s][info][gc,phases      ] GC(807)   Other: 0.1ms
[393.891s][info][gc,heap        ] GC(807) Eden regions: 1->0(24)
[393.891s][info][gc,heap        ] GC(807) Survivor regions: 1->1(4)
[393.891s][info][gc,heap        ] GC(807) Old regions: 490->490
[393.891s][info][gc,heap        ] GC(807) Archive regions: 2->2
[393.891s][info][gc,heap        ] GC(807) Humongous regions: 11->11
[393.891s][info][gc,metaspace   ] GC(807) Metaspace: 44197K(45776K)->44197K(45776K) NonClass: 38973K(40148K)->38973K(40148K) Class: 5224K(5628K)->5224K(5628K)
[393.891s][info][gc             ] GC(807) Pause Young (Normal) (G1 Humongous Allocation) 500M->500M(512M) 0.528ms
[393.891s][info][gc,cpu         ] GC(807) User=0.00s Sys=0.00s Real=0.00s
[393.891s][info][gc,task        ] GC(808) Using 8 workers of 8 for full compaction
[393.891s][info][gc,start       ] GC(808) Pause Full (G1 Humongous Allocation)
[393.892s][info][gc,phases,start] GC(808) Phase 1: Mark live objects
[394.131s][info][gc,phases      ] GC(808) Phase 1: Mark live objects 239.611ms
[394.132s][info][gc,phases,start] GC(808) Phase 2: Prepare for compaction
[394.164s][info][gc,phases      ] GC(808) Phase 2: Prepare for compaction 32.582ms
[394.164s][info][gc,phases,start] GC(808) Phase 3: Adjust pointers
[394.236s][info][gc,phases      ] GC(808) Phase 3: Adjust pointers 72.083ms
[394.236s][info][gc,phases,start] GC(808) Phase 4: Compact heap
[394.261s][info][gc,phases      ] GC(808) Phase 4: Compact heap 24.761ms
[394.265s][info][gc,heap        ] GC(808) Eden regions: 0->0(25)
[394.265s][info][gc,heap        ] GC(808) Survivor regions: 1->0(4)
[394.265s][info][gc,heap        ] GC(808) Old regions: 490->490
[394.265s][info][gc,heap        ] GC(808) Archive regions: 2->2
[394.265s][info][gc,heap        ] GC(808) Humongous regions: 11->11
[394.265s][info][gc,metaspace   ] GC(808) Metaspace: 44197K(45776K)->44197K(45776K) NonClass: 38973K(40148K)->38973K(40148K) Class: 5224K(5628K)->5224K(5628K)
[394.265s][info][gc             ] GC(808) Pause Full (G1 Humongous Allocation) 500M->500M(512M) 373.738ms
[394.266s][info][gc,cpu         ] GC(808) User=2.50s Sys=0.03s Real=0.38s
[394.266s][info][gc,task        ] GC(809) Using 8 workers of 8 for full compaction
[394.266s][info][gc,start       ] GC(809) Pause Full (G1 Humongous Allocation)
[394.266s][info][gc,phases,start] GC(809) Phase 1: Mark live objects
[394.503s][info][gc,phases      ] GC(809) Phase 1: Mark live objects 237.049ms
[394.503s][info][gc,phases,start] GC(809) Phase 2: Prepare for compaction
[394.537s][info][gc,phases      ] GC(809) Phase 2: Prepare for compaction 33.268ms
[394.537s][info][gc,phases,start] GC(809) Phase 3: Adjust pointers
[394.615s][info][gc,phases      ] GC(809) Phase 3: Adjust pointers 78.612ms
[394.615s][info][gc,phases,start] GC(809) Phase 4: Compact heap
[394.643s][info][gc,phases      ] GC(809) Phase 4: Compact heap 27.410ms
[394.647s][info][gc,heap        ] GC(809) Eden regions: 0->0(25)
[394.647s][info][gc,heap        ] GC(809) Survivor regions: 0->0(4)
[394.647s][info][gc,heap        ] GC(809) Old regions: 490->490
[394.647s][info][gc,heap        ] GC(809) Archive regions: 2->2
[394.647s][info][gc,heap        ] GC(809) Humongous regions: 11->11
[394.647s][info][gc,metaspace   ] GC(809) Metaspace: 44197K(45776K)->44197K(45776K) NonClass: 38973K(40148K)->38973K(40148K) Class: 5224K(5628K)->5224K(5628K)
[394.647s][info][gc             ] GC(809) Pause Full (G1 Humongous Allocation) 500M->500M(512M) 380.644ms
[394.648s][info][gc,cpu         ] GC(809) User=2.51s Sys=0.04s Real=0.38s
[394.649s][info][gc,marking     ] GC(806) Concurrent Mark From Roots 757.966ms
[394.649s][info][gc,marking     ] GC(806) Concurrent Mark Abort
[394.649s][info][gc             ] GC(806) Concurrent Cycle 758.138ms
[394.649s][info][gc,start       ] GC(810) Pause Young (Normal) (G1 Humongous Allocation)
[394.649s][info][gc,task        ] GC(810) Using 8 workers of 8 for evacuation
[394.649s][info][gc,phases      ] GC(810)   Pre Evacuate Collection Set: 0.1ms
[394.649s][info][gc,phases      ] GC(810)   Merge Heap Roots: 0.0ms
[394.649s][info][gc,phases      ] GC(810)   Evacuate Collection Set: 0.2ms
[394.649s][info][gc,phases      ] GC(810)   Post Evacuate Collection Set: 0.1ms
[394.649s][info][gc,phases      ] GC(810)   Other: 0.1ms
[394.649s][info][gc,heap        ] GC(810) Eden regions: 1->0(24)
[394.649s][info][gc,heap        ] GC(810) Survivor regions: 0->1(4)
[394.649s][info][gc,heap        ] GC(810) Old regions: 490->490
[394.649s][info][gc,heap        ] GC(810) Archive regions: 2->2
[394.649s][info][gc,heap        ] GC(810) Humongous regions: 11->11
[394.649s][info][gc,metaspace   ] GC(810) Metaspace: 44197K(45776K)->44197K(45776K) NonClass: 38973K(40148K)->38973K(40148K) Class: 5224K(5628K)->5224K(5628K)
[394.649s][info][gc             ] GC(810) Pause Young (Normal) (G1 Humongous Allocation) 500M->500M(512M) 0.545ms
[394.649s][info][gc,cpu         ] GC(810) User=0.00s Sys=0.00s Real=0.00s
[394.649s][info][gc,task        ] GC(811) Using 8 workers of 8 for full compaction
[394.649s][info][gc,start       ] GC(811) Pause Full (G1 Humongous Allocation)
[394.649s][info][gc,phases,start] GC(811) Phase 1: Mark live objects
[394.888s][info][gc,phases      ] GC(811) Phase 1: Mark live objects 238.868ms
[394.888s][info][gc,phases,start] GC(811) Phase 2: Prepare for compaction
[394.923s][info][gc,phases      ] GC(811) Phase 2: Prepare for compaction 34.673ms
[394.923s][info][gc,phases,start] GC(811) Phase 3: Adjust pointers
[395.005s][info][gc,phases      ] GC(811) Phase 3: Adjust pointers 82.360ms
[395.005s][info][gc,phases,start] GC(811) Phase 4: Compact heap
[395.036s][info][gc,phases      ] GC(811) Phase 4: Compact heap 30.716ms
[395.041s][info][gc,heap        ] GC(811) Eden regions: 0->0(25)
[395.041s][info][gc,heap        ] GC(811) Survivor regions: 1->0(4)
[395.041s][info][gc,heap        ] GC(811) Old regions: 490->491
[395.041s][info][gc,heap        ] GC(811) Archive regions: 2->2
[395.041s][info][gc,heap        ] GC(811) Humongous regions: 11->11
[395.041s][info][gc,metaspace   ] GC(811) Metaspace: 44197K(45776K)->44197K(45776K) NonClass: 38973K(40148K)->38973K(40148K) Class: 5224K(5628K)->5224K(5628K)
[395.041s][info][gc             ] GC(811) Pause Full (G1 Humongous Allocation) 500M->500M(512M) 391.356ms
[395.042s][info][gc,cpu         ] GC(811) User=2.50s Sys=0.03s Real=0.39s
[395.042s][info][gc,task        ] GC(812) Using 8 workers of 8 for full compaction
[395.042s][info][gc,start       ] GC(812) Pause Full (G1 Humongous Allocation)
[395.042s][info][gc,phases,start] GC(812) Phase 1: Mark live objects
[395.291s][info][gc,phases      ] GC(812) Phase 1: Mark live objects 248.820ms
[395.291s][info][gc,phases,start] GC(812) Phase 2: Prepare for compaction
[395.322s][info][gc,phases      ] GC(812) Phase 2: Prepare for compaction 30.686ms
[395.322s][info][gc,phases,start] GC(812) Phase 3: Adjust pointers
[395.394s][info][gc,phases      ] GC(812) Phase 3: Adjust pointers 71.957ms
[395.394s][info][gc,phases,start] GC(812) Phase 4: Compact heap
[395.417s][info][gc,phases      ] GC(812) Phase 4: Compact heap 23.479ms
[395.422s][info][gc,heap        ] GC(812) Eden regions: 0->0(25)
[395.422s][info][gc,heap        ] GC(812) Survivor regions: 0->0(4)
[395.422s][info][gc,heap        ] GC(812) Old regions: 491->490
[395.422s][info][gc,heap        ] GC(812) Archive regions: 2->2
[395.422s][info][gc,heap        ] GC(812) Humongous regions: 11->11
[395.422s][info][gc,metaspace   ] GC(812) Metaspace: 44197K(45776K)->44197K(45776K) NonClass: 38973K(40148K)->38973K(40148K) Class: 5224K(5628K)->5224K(5628K)
[395.422s][info][gc             ] GC(812) Pause Full (G1 Humongous Allocation) 500M->500M(512M) 379.456ms
[395.423s][info][gc,cpu         ] GC(812) User=2.52s Sys=0.03s Real=0.38s
[395.424s][info][gc,start       ] GC(813) Pause Young (Concurrent Start) (G1 Humongous Allocation)
[395.424s][info][gc,task        ] GC(813) Using 8 workers of 8 for evacuation
[395.425s][info][gc,phases      ] GC(813)   Pre Evacuate Collection Set: 0.1ms
[395.425s][info][gc,phases      ] GC(813)   Merge Heap Roots: 0.0ms
[395.425s][info][gc,phases      ] GC(813)   Evacuate Collection Set: 0.6ms
[395.425s][info][gc,phases      ] GC(813)   Post Evacuate Collection Set: 0.2ms
[395.425s][info][gc,phases      ] GC(813)   Other: 0.1ms
[395.425s][info][gc,heap        ] GC(813) Eden regions: 1->0(24)
[395.425s][info][gc,heap        ] GC(813) Survivor regions: 0->1(4)
[395.425s][info][gc,heap        ] GC(813) Old regions: 490->490
[395.425s][info][gc,heap        ] GC(813) Archive regions: 2->2
[395.425s][info][gc,heap        ] GC(813) Humongous regions: 11->11
[395.425s][info][gc,metaspace   ] GC(813) Metaspace: 44197K(45776K)->44197K(45776K) NonClass: 38973K(40148K)->38973K(40148K) Class: 5224K(5628K)->5224K(5628K)
[395.425s][info][gc             ] GC(813) Pause Young (Concurrent Start) (G1 Humongous Allocation) 500M->500M(512M) 0.994ms
[395.425s][info][gc,cpu         ] GC(813) User=0.01s Sys=0.00s Real=0.00s
[395.425s][info][gc             ] GC(814) Concurrent Cycle
[395.425s][info][gc,marking     ] GC(814) Concurrent Clear Claimed Marks
[395.425s][info][gc,marking     ] GC(814) Concurrent Clear Claimed Marks 0.024ms
[395.425s][info][gc,marking     ] GC(814) Concurrent Scan Root Regions
[395.425s][info][gc,marking     ] GC(814) Concurrent Scan Root Regions 0.388ms
[395.425s][info][gc,marking     ] GC(814) Concurrent Mark (395.425s)
[395.425s][info][gc,marking     ] GC(814) Concurrent Mark From Roots
[395.425s][info][gc,task        ] GC(814) Using 2 workers of 2 for marking
[395.425s][info][gc,start       ] GC(815) Pause Young (Normal) (G1 Humongous Allocation)
[395.425s][info][gc,task        ] GC(815) Using 8 workers of 8 for evacuation
[395.426s][info][gc,phases      ] GC(815)   Pre Evacuate Collection Set: 0.4ms
[395.426s][info][gc,phases      ] GC(815)   Merge Heap Roots: 0.0ms
[395.426s][info][gc,phases      ] GC(815)   Evacuate Collection Set: 0.2ms
[395.426s][info][gc,phases      ] GC(815)   Post Evacuate Collection Set: 0.1ms
[395.426s][info][gc,phases      ] GC(815)   Other: 0.1ms
[395.426s][info][gc,heap        ] GC(815) Eden regions: 0->0(24)
[395.426s][info][gc,heap        ] GC(815) Survivor regions: 1->1(4)
[395.426s][info][gc,heap        ] GC(815) Old regions: 490->490
[395.426s][info][gc,heap        ] GC(815) Archive regions: 2->2
[395.426s][info][gc,heap        ] GC(815) Humongous regions: 11->11
[395.426s][info][gc,metaspace   ] GC(815) Metaspace: 44197K(45776K)->44197K(45776K) NonClass: 38973K(40148K)->38973K(40148K) Class: 5224K(5628K)->5224K(5628K)
[395.426s][info][gc             ] GC(815) Pause Young (Normal) (G1 Humongous Allocation) 500M->500M(512M) 0.602ms
[395.426s][info][gc,cpu         ] GC(815) User=0.00s Sys=0.00s Real=0.00s
[395.426s][info][gc,task        ] GC(816) Using 8 workers of 8 for full compaction
[395.426s][info][gc,start       ] GC(816) Pause Full (G1 Humongous Allocation)
[395.427s][info][gc,phases,start] GC(816) Phase 1: Mark live objects
[395.657s][info][gc,phases      ] GC(816) Phase 1: Mark live objects 230.791ms
[395.657s][info][gc,phases,start] GC(816) Phase 2: Prepare for compaction
[395.688s][info][gc,phases      ] GC(816) Phase 2: Prepare for compaction 30.665ms
[395.688s][info][gc,phases,start] GC(816) Phase 3: Adjust pointers
[395.758s][info][gc,phases      ] GC(816) Phase 3: Adjust pointers 69.979ms
[395.758s][info][gc,phases,start] GC(816) Phase 4: Compact heap
[395.781s][info][gc,phases      ] GC(816) Phase 4: Compact heap 23.375ms
[395.786s][info][gc,heap        ] GC(816) Eden regions: 0->0(25)
[395.786s][info][gc,heap        ] GC(816) Survivor regions: 1->0(4)
[395.786s][info][gc,heap        ] GC(816) Old regions: 490->491
[395.786s][info][gc,heap        ] GC(816) Archive regions: 2->2
[395.786s][info][gc,heap        ] GC(816) Humongous regions: 11->11
[395.786s][info][gc,metaspace   ] GC(816) Metaspace: 44197K(45776K)->44197K(45776K) NonClass: 38973K(40148K)->38973K(40148K) Class: 5224K(5628K)->5224K(5628K)
[395.786s][info][gc             ] GC(816) Pause Full (G1 Humongous Allocation) 500M->500M(512M) 359.860ms
[395.788s][info][gc,cpu         ] GC(816) User=2.52s Sys=0.03s Real=0.36s
[395.788s][info][gc,task        ] GC(817) Using 8 workers of 8 for full compaction
[395.788s][info][gc,start       ] GC(817) Pause Full (G1 Humongous Allocation)
[395.788s][info][gc,phases,start] GC(817) Phase 1: Mark live objects
[396.011s][info][gc,phases      ] GC(817) Phase 1: Mark live objects 223.138ms
[396.011s][info][gc,phases,start] GC(817) Phase 2: Prepare for compaction
[396.042s][info][gc,phases      ] GC(817) Phase 2: Prepare for compaction 30.885ms
[396.042s][info][gc,phases,start] GC(817) Phase 3: Adjust pointers
[396.115s][info][gc,phases      ] GC(817) Phase 3: Adjust pointers 73.064ms
[396.115s][info][gc,phases,start] GC(817) Phase 4: Compact heap
[396.140s][info][gc,phases      ] GC(817) Phase 4: Compact heap 25.139ms
[396.144s][info][gc,heap        ] GC(817) Eden regions: 0->0(25)
[396.144s][info][gc,heap        ] GC(817) Survivor regions: 0->0(4)
[396.144s][info][gc,heap        ] GC(817) Old regions: 491->491
[396.144s][info][gc,heap        ] GC(817) Archive regions: 2->2
[396.144s][info][gc,heap        ] GC(817) Humongous regions: 11->11
[396.144s][info][gc,metaspace   ] GC(817) Metaspace: 44197K(45776K)->44197K(45776K) NonClass: 38973K(40148K)->38973K(40148K) Class: 5224K(5628K)->5224K(5628K)
[396.144s][info][gc             ] GC(817) Pause Full (G1 Humongous Allocation) 500M->500M(512M) 356.590ms
[396.146s][info][gc,cpu         ] GC(817) User=2.53s Sys=0.02s Real=0.36s
[396.146s][info][gc,marking     ] GC(814) Concurrent Mark From Roots 720.365ms
[396.146s][info][gc,marking     ] GC(814) Concurrent Mark Abort
[396.146s][info][gc             ] GC(814) Concurrent Cycle 720.854ms
[396.146s][info][gc,start       ] GC(818) Pause Young (Concurrent Start) (G1 Humongous Allocation)
[396.146s][info][gc,task        ] GC(818) Using 8 workers of 8 for evacuation
[396.147s][info][gc,phases      ] GC(818)   Pre Evacuate Collection Set: 0.1ms
[396.147s][info][gc,phases      ] GC(818)   Merge Heap Roots: 0.0ms
[396.147s][info][gc,phases      ] GC(818)   Evacuate Collection Set: 0.6ms
[396.147s][info][gc,phases      ] GC(818)   Post Evacuate Collection Set: 0.3ms
[396.147s][info][gc,phases      ] GC(818)   Other: 0.1ms
[396.147s][info][gc,heap        ] GC(818) Eden regions: 1->0(24)
[396.147s][info][gc,heap        ] GC(818) Survivor regions: 0->1(4)
[396.147s][info][gc,heap        ] GC(818) Old regions: 491->491
[396.147s][info][gc,heap        ] GC(818) Archive regions: 2->2
[396.147s][info][gc,heap        ] GC(818) Humongous regions: 11->11
[396.147s][info][gc,metaspace   ] GC(818) Metaspace: 44197K(45776K)->44197K(45776K) NonClass: 38973K(40148K)->38973K(40148K) Class: 5224K(5628K)->5224K(5628K)
[396.147s][info][gc             ] GC(818) Pause Young (Concurrent Start) (G1 Humongous Allocation) 501M->500M(512M) 1.179ms
[396.147s][info][gc,cpu         ] GC(818) User=0.01s Sys=0.01s Real=0.00s
[396.147s][info][gc             ] GC(819) Concurrent Cycle
[396.147s][info][gc,marking     ] GC(819) Concurrent Clear Claimed Marks
[396.147s][info][gc,marking     ] GC(819) Concurrent Clear Claimed Marks 0.016ms
[396.147s][info][gc,marking     ] GC(819) Concurrent Scan Root Regions
[396.148s][info][gc,marking     ] GC(819) Concurrent Scan Root Regions 0.578ms
[396.148s][info][gc,marking     ] GC(819) Concurrent Mark (396.148s)
[396.148s][info][gc,marking     ] GC(819) Concurrent Mark From Roots
[396.148s][info][gc,task        ] GC(819) Using 2 workers of 2 for marking
[396.148s][info][gc,start       ] GC(820) Pause Young (Normal) (G1 Humongous Allocation)
[396.148s][info][gc,task        ] GC(820) Using 8 workers of 8 for evacuation
[396.149s][info][gc,phases      ] GC(820)   Pre Evacuate Collection Set: 0.2ms
[396.149s][info][gc,phases      ] GC(820)   Merge Heap Roots: 0.0ms
[396.149s][info][gc,phases      ] GC(820)   Evacuate Collection Set: 0.3ms
[396.149s][info][gc,phases      ] GC(820)   Post Evacuate Collection Set: 0.2ms
[396.149s][info][gc,phases      ] GC(820)   Other: 0.1ms
[396.149s][info][gc,heap        ] GC(820) Eden regions: 1->0(24)
[396.149s][info][gc,heap        ] GC(820) Survivor regions: 1->1(4)
[396.149s][info][gc,heap        ] GC(820) Old regions: 491->491
[396.149s][info][gc,heap        ] GC(820) Archive regions: 2->2
[396.149s][info][gc,heap        ] GC(820) Humongous regions: 11->11
[396.149s][info][gc,metaspace   ] GC(820) Metaspace: 44197K(45776K)->44197K(45776K) NonClass: 38973K(40148K)->38973K(40148K) Class: 5224K(5628K)->5224K(5628K)
[396.149s][info][gc             ] GC(820) Pause Young (Normal) (G1 Humongous Allocation) 501M->500M(512M) 0.683ms
[396.149s][info][gc,cpu         ] GC(820) User=0.00s Sys=0.00s Real=0.00s
[396.149s][info][gc,task        ] GC(821) Using 8 workers of 8 for full compaction
[396.149s][info][gc,start       ] GC(821) Pause Full (G1 Humongous Allocation)
[396.149s][info][gc,phases,start] GC(821) Phase 1: Mark live objects
[396.370s][info][gc,phases      ] GC(821) Phase 1: Mark live objects 220.381ms
[396.370s][info][gc,phases,start] GC(821) Phase 2: Prepare for compaction
[396.404s][info][gc,phases      ] GC(821) Phase 2: Prepare for compaction 34.497ms
[396.404s][info][gc,phases,start] GC(821) Phase 3: Adjust pointers
[396.489s][info][gc,phases      ] GC(821) Phase 3: Adjust pointers 84.276ms
[396.489s][info][gc,phases,start] GC(821) Phase 4: Compact heap
[396.527s][info][gc,phases      ] GC(821) Phase 4: Compact heap 38.708ms
[396.533s][info][gc,heap        ] GC(821) Eden regions: 0->0(25)
[396.533s][info][gc,heap        ] GC(821) Survivor regions: 1->0(4)
[396.533s][info][gc,heap        ] GC(821) Old regions: 491->491
[396.533s][info][gc,heap        ] GC(821) Archive regions: 2->2
[396.533s][info][gc,heap        ] GC(821) Humongous regions: 11->11
[396.533s][info][gc,metaspace   ] GC(821) Metaspace: 44197K(45776K)->44197K(45776K) NonClass: 38973K(40148K)->38973K(40148K) Class: 5224K(5628K)->5224K(5628K)
[396.533s][info][gc             ] GC(821) Pause Full (G1 Humongous Allocation) 500M->500M(512M) 383.934ms
[396.535s][info][gc,cpu         ] GC(821) User=2.52s Sys=0.03s Real=0.38s
[396.535s][info][gc,task        ] GC(822) Using 8 workers of 8 for full compaction
[396.535s][info][gc,start       ] GC(822) Pause Full (G1 Humongous Allocation)
[396.535s][info][gc,phases,start] GC(822) Phase 1: Mark live objects
[396.822s][info][gc,phases      ] GC(822) Phase 1: Mark live objects 287.167ms
[396.822s][info][gc,phases,start] GC(822) Phase 2: Prepare for compaction
[396.855s][info][gc,phases      ] GC(822) Phase 2: Prepare for compaction 32.829ms
[396.855s][info][gc,phases,start] GC(822) Phase 3: Adjust pointers
[396.923s][info][gc,phases      ] GC(822) Phase 3: Adjust pointers 67.733ms
[396.923s][info][gc,phases,start] GC(822) Phase 4: Compact heap
[396.948s][info][gc,phases      ] GC(822) Phase 4: Compact heap 25.353ms
[396.952s][info][gc,heap        ] GC(822) Eden regions: 0->0(25)
[396.952s][info][gc,heap        ] GC(822) Survivor regions: 0->0(4)
[396.952s][info][gc,heap        ] GC(822) Old regions: 491->490
[396.952s][info][gc,heap        ] GC(822) Archive regions: 2->2
[396.952s][info][gc,heap        ] GC(822) Humongous regions: 11->11
[396.952s][info][gc,metaspace   ] GC(822) Metaspace: 44197K(45776K)->44197K(45776K) NonClass: 38973K(40148K)->38973K(40148K) Class: 5224K(5628K)->5224K(5628K)
[396.952s][info][gc             ] GC(822) Pause Full (G1 Humongous Allocation) 500M->500M(512M) 417.570ms
[396.954s][info][gc,cpu         ] GC(822) User=2.59s Sys=0.03s Real=0.41s
[396.954s][info][gc,marking     ] GC(819) Concurrent Mark From Roots 806.325ms
[396.954s][info][gc,marking     ] GC(819) Concurrent Mark Abort
[396.954s][info][gc             ] GC(819) Concurrent Cycle 807.014ms
[396.955s][info][gc,start       ] GC(823) Pause Young (Concurrent Start) (G1 Humongous Allocation)
[396.955s][info][gc,task        ] GC(823) Using 8 workers of 8 for evacuation
[396.956s][info][gc,phases      ] GC(823)   Pre Evacuate Collection Set: 0.1ms
[396.956s][info][gc,phases      ] GC(823)   Merge Heap Roots: 0.0ms
[396.956s][info][gc,phases      ] GC(823)   Evacuate Collection Set: 0.6ms
[396.956s][info][gc,phases      ] GC(823)   Post Evacuate Collection Set: 0.2ms
[396.956s][info][gc,phases      ] GC(823)   Other: 0.1ms
[396.956s][info][gc,heap        ] GC(823) Eden regions: 1->0(24)
[396.956s][info][gc,heap        ] GC(823) Survivor regions: 0->1(4)
[396.956s][info][gc,heap        ] GC(823) Old regions: 490->490
[396.956s][info][gc,heap        ] GC(823) Archive regions: 2->2
[396.956s][info][gc,heap        ] GC(823) Humongous regions: 11->11
[396.956s][info][gc,metaspace   ] GC(823) Metaspace: 44197K(45776K)->44197K(45776K) NonClass: 38973K(40148K)->38973K(40148K) Class: 5224K(5628K)->5224K(5628K)
[396.956s][info][gc             ] GC(823) Pause Young (Concurrent Start) (G1 Humongous Allocation) 500M->500M(512M) 1.116ms
[396.956s][info][gc,cpu         ] GC(823) User=0.00s Sys=0.00s Real=0.00s
[396.956s][info][gc             ] GC(824) Concurrent Cycle
[396.956s][info][gc,marking     ] GC(824) Concurrent Clear Claimed Marks
[396.956s][info][gc,marking     ] GC(824) Concurrent Clear Claimed Marks 0.023ms
[396.956s][info][gc,marking     ] GC(824) Concurrent Scan Root Regions
[396.957s][info][gc,marking     ] GC(824) Concurrent Scan Root Regions 0.525ms
[396.957s][info][gc,marking     ] GC(824) Concurrent Mark (396.957s)
[396.957s][info][gc,marking     ] GC(824) Concurrent Mark From Roots
[396.957s][info][gc,task        ] GC(824) Using 2 workers of 2 for marking
[396.957s][info][gc,start       ] GC(825) Pause Young (Normal) (G1 Humongous Allocation)
[396.957s][info][gc,task        ] GC(825) Using 8 workers of 8 for evacuation
[396.957s][info][gc,phases      ] GC(825)   Pre Evacuate Collection Set: 0.1ms
[396.957s][info][gc,phases      ] GC(825)   Merge Heap Roots: 0.0ms
[396.957s][info][gc,phases      ] GC(825)   Evacuate Collection Set: 0.2ms
[396.957s][info][gc,phases      ] GC(825)   Post Evacuate Collection Set: 0.1ms
[396.957s][info][gc,phases      ] GC(825)   Other: 0.1ms
[396.957s][info][gc,heap        ] GC(825) Eden regions: 1->0(24)
[396.957s][info][gc,heap        ] GC(825) Survivor regions: 1->1(4)
[396.957s][info][gc,heap        ] GC(825) Old regions: 490->490
[396.957s][info][gc,heap        ] GC(825) Archive regions: 2->2
[396.957s][info][gc,heap        ] GC(825) Humongous regions: 11->11
[396.957s][info][gc,metaspace   ] GC(825) Metaspace: 44197K(45776K)->44197K(45776K) NonClass: 38973K(40148K)->38973K(40148K) Class: 5224K(5628K)->5224K(5628K)
[396.957s][info][gc             ] GC(825) Pause Young (Normal) (G1 Humongous Allocation) 501M->500M(512M) 0.590ms
[396.957s][info][gc,cpu         ] GC(825) User=0.00s Sys=0.00s Real=0.00s
[396.957s][info][gc,task        ] GC(826) Using 8 workers of 8 for full compaction
[396.957s][info][gc,start       ] GC(826) Pause Full (G1 Humongous Allocation)
[396.958s][info][gc,phases,start] GC(826) Phase 1: Mark live objects
[397.307s][info][gc,phases      ] GC(826) Phase 1: Mark live objects 348.980ms
[397.307s][info][gc,phases,start] GC(826) Phase 2: Prepare for compaction
[397.375s][info][gc,phases      ] GC(826) Phase 2: Prepare for compaction 67.821ms
[397.375s][info][gc,phases,start] GC(826) Phase 3: Adjust pointers
[397.479s][info][gc,phases      ] GC(826) Phase 3: Adjust pointers 104.139ms
[397.479s][info][gc,phases,start] GC(826) Phase 4: Compact heap
[397.512s][info][gc,phases      ] GC(826) Phase 4: Compact heap 32.718ms
[397.518s][info][gc,heap        ] GC(826) Eden regions: 0->0(25)
[397.518s][info][gc,heap        ] GC(826) Survivor regions: 1->0(4)
[397.518s][info][gc,heap        ] GC(826) Old regions: 490->490
[397.518s][info][gc,heap        ] GC(826) Archive regions: 2->2
[397.518s][info][gc,heap        ] GC(826) Humongous regions: 11->11
[397.518s][info][gc,metaspace   ] GC(826) Metaspace: 44197K(45776K)->44197K(45776K) NonClass: 38973K(40148K)->38973K(40148K) Class: 5224K(5628K)->5224K(5628K)
[397.518s][info][gc             ] GC(826) Pause Full (G1 Humongous Allocation) 500M->500M(512M) 560.504ms
[397.519s][info][gc,cpu         ] GC(826) User=2.55s Sys=0.06s Real=0.56s
[397.519s][info][gc,task        ] GC(827) Using 8 workers of 8 for full compaction
[397.519s][info][gc,start       ] GC(827) Pause Full (G1 Humongous Allocation)
[397.519s][info][gc,phases,start] GC(827) Phase 1: Mark live objects
[397.800s][info][gc,phases      ] GC(827) Phase 1: Mark live objects 280.832ms
[397.800s][info][gc,phases,start] GC(827) Phase 2: Prepare for compaction
[397.835s][info][gc,phases      ] GC(827) Phase 2: Prepare for compaction 34.526ms
[397.835s][info][gc,phases,start] GC(827) Phase 3: Adjust pointers
[397.914s][info][gc,phases      ] GC(827) Phase 3: Adjust pointers 79.650ms
[397.914s][info][gc,phases,start] GC(827) Phase 4: Compact heap
[397.949s][info][gc,phases      ] GC(827) Phase 4: Compact heap 34.489ms
[397.954s][info][gc,heap        ] GC(827) Eden regions: 0->0(25)
[397.954s][info][gc,heap        ] GC(827) Survivor regions: 0->0(4)
[397.954s][info][gc,heap        ] GC(827) Old regions: 490->490
[397.954s][info][gc,heap        ] GC(827) Archive regions: 2->2
[397.954s][info][gc,heap        ] GC(827) Humongous regions: 11->11
[397.954s][info][gc,metaspace   ] GC(827) Metaspace: 44197K(45776K)->44197K(45776K) NonClass: 38973K(40148K)->38973K(40148K) Class: 5224K(5628K)->5224K(5628K)
[397.954s][info][gc             ] GC(827) Pause Full (G1 Humongous Allocation) 500M->500M(512M) 434.508ms
[397.956s][info][gc,cpu         ] GC(827) User=2.62s Sys=0.02s Real=0.44s
[397.956s][info][gc,marking     ] GC(824) Concurrent Mark From Roots 999.612ms
[397.956s][info][gc,marking     ] GC(824) Concurrent Mark Abort
[397.956s][info][gc             ] GC(824) Concurrent Cycle 1000.283ms
[397.956s][info][gc,start       ] GC(828) Pause Young (Normal) (G1 Humongous Allocation)
[397.956s][info][gc,task        ] GC(828) Using 8 workers of 8 for evacuation
[397.957s][info][gc,phases      ] GC(828)   Pre Evacuate Collection Set: 0.2ms
[397.957s][info][gc,phases      ] GC(828)   Merge Heap Roots: 0.0ms
[397.957s][info][gc,phases      ] GC(828)   Evacuate Collection Set: 0.2ms
[397.957s][info][gc,phases      ] GC(828)   Post Evacuate Collection Set: 0.2ms
[397.957s][info][gc,phases      ] GC(828)   Other: 0.1ms
[397.957s][info][gc,heap        ] GC(828) Eden regions: 1->0(24)
[397.957s][info][gc,heap        ] GC(828) Survivor regions: 0->1(4)
[397.957s][info][gc,heap        ] GC(828) Old regions: 490->490
[397.957s][info][gc,heap        ] GC(828) Archive regions: 2->2
[397.957s][info][gc,heap        ] GC(828) Humongous regions: 11->11
[397.957s][info][gc,metaspace   ] GC(828) Metaspace: 44197K(45776K)->44197K(45776K) NonClass: 38973K(40148K)->38973K(40148K) Class: 5224K(5628K)->5224K(5628K)
[397.957s][info][gc             ] GC(828) Pause Young (Normal) (G1 Humongous Allocation) 500M->500M(512M) 0.860ms
[397.957s][info][gc,cpu         ] GC(828) User=0.00s Sys=0.00s Real=0.00s
[397.957s][info][gc,task        ] GC(829) Using 8 workers of 8 for full compaction
[397.957s][info][gc,start       ] GC(829) Pause Full (G1 Humongous Allocation)
[397.957s][info][gc,phases,start] GC(829) Phase 1: Mark live objects
[398.196s][info][gc,phases      ] GC(829) Phase 1: Mark live objects 238.374ms
[398.196s][info][gc,phases,start] GC(829) Phase 2: Prepare for compaction
[398.225s][info][gc,phases      ] GC(829) Phase 2: Prepare for compaction 28.828ms
[398.225s][info][gc,phases,start] GC(829) Phase 3: Adjust pointers
[398.292s][info][gc,phases      ] GC(829) Phase 3: Adjust pointers 67.196ms
[398.292s][info][gc,phases,start] GC(829) Phase 4: Compact heap
[398.316s][info][gc,phases      ] GC(829) Phase 4: Compact heap 23.847ms
[398.320s][info][gc,heap        ] GC(829) Eden regions: 0->0(25)
[398.320s][info][gc,heap        ] GC(829) Survivor regions: 1->0(4)
[398.320s][info][gc,heap        ] GC(829) Old regions: 490->491
[398.320s][info][gc,heap        ] GC(829) Archive regions: 2->2
[398.320s][info][gc,heap        ] GC(829) Humongous regions: 11->11
[398.320s][info][gc,metaspace   ] GC(829) Metaspace: 44197K(45776K)->44197K(45776K) NonClass: 38973K(40148K)->38973K(40148K) Class: 5224K(5628K)->5224K(5628K)
[398.320s][info][gc             ] GC(829) Pause Full (G1 Humongous Allocation) 500M->500M(512M) 362.860ms
[398.322s][info][gc,cpu         ] GC(829) User=2.53s Sys=0.03s Real=0.36s
[398.322s][info][gc,task        ] GC(830) Using 8 workers of 8 for full compaction
[398.322s][info][gc,start       ] GC(830) Pause Full (G1 Humongous Allocation)
[398.322s][info][gc,phases,start] GC(830) Phase 1: Mark live objects
[398.561s][info][gc,phases      ] GC(830) Phase 1: Mark live objects 239.485ms
[398.562s][info][gc,phases,start] GC(830) Phase 2: Prepare for compaction
[398.590s][info][gc,phases      ] GC(830) Phase 2: Prepare for compaction 28.311ms
[398.590s][info][gc,phases,start] GC(830) Phase 3: Adjust pointers
[398.657s][info][gc,phases      ] GC(830) Phase 3: Adjust pointers 66.888ms
[398.657s][info][gc,phases,start] GC(830) Phase 4: Compact heap
[398.679s][info][gc,phases      ] GC(830) Phase 4: Compact heap 21.975ms
[398.683s][info][gc,heap        ] GC(830) Eden regions: 0->0(25)
[398.683s][info][gc,heap        ] GC(830) Survivor regions: 0->0(4)
[398.683s][info][gc,heap        ] GC(830) Old regions: 491->491
[398.683s][info][gc,heap        ] GC(830) Archive regions: 2->2
[398.683s][info][gc,heap        ] GC(830) Humongous regions: 11->11
[398.683s][info][gc,metaspace   ] GC(830) Metaspace: 44197K(45776K)->44197K(45776K) NonClass: 38973K(40148K)->38973K(40148K) Class: 5224K(5628K)->5224K(5628K)
[398.683s][info][gc             ] GC(830) Pause Full (G1 Humongous Allocation) 500M->500M(512M) 361.284ms
[398.685s][info][gc,cpu         ] GC(830) User=2.50s Sys=0.03s Real=0.37s
[398.686s][info][gc,start       ] GC(831) Pause Young (Concurrent Start) (G1 Humongous Allocation)
[398.686s][info][gc,task        ] GC(831) Using 8 workers of 8 for evacuation
[398.688s][info][gc,phases      ] GC(831)   Pre Evacuate Collection Set: 0.1ms
[398.688s][info][gc,phases      ] GC(831)   Merge Heap Roots: 0.0ms
[398.688s][info][gc,phases      ] GC(831)   Evacuate Collection Set: 0.7ms
[398.688s][info][gc,phases      ] GC(831)   Post Evacuate Collection Set: 0.2ms
[398.688s][info][gc,phases      ] GC(831)   Other: 0.2ms
[398.688s][info][gc,heap        ] GC(831) Eden regions: 1->0(24)
[398.688s][info][gc,heap        ] GC(831) Survivor regions: 0->1(4)
[398.688s][info][gc,heap        ] GC(831) Old regions: 491->491
[398.688s][info][gc,heap        ] GC(831) Archive regions: 2->2
[398.688s][info][gc,heap        ] GC(831) Humongous regions: 11->11
[398.688s][info][gc,metaspace   ] GC(831) Metaspace: 44202K(45776K)->44202K(45776K) NonClass: 38977K(40148K)->38977K(40148K) Class: 5224K(5628K)->5224K(5628K)
[398.688s][info][gc             ] GC(831) Pause Young (Concurrent Start) (G1 Humongous Allocation) 501M->500M(512M) 1.291ms
[398.688s][info][gc,cpu         ] GC(831) User=0.00s Sys=0.00s Real=0.00s
[398.688s][info][gc             ] GC(832) Concurrent Cycle
[398.688s][info][gc,marking     ] GC(832) Concurrent Clear Claimed Marks
[398.688s][info][gc,marking     ] GC(832) Concurrent Clear Claimed Marks 0.045ms
[398.688s][info][gc,marking     ] GC(832) Concurrent Scan Root Regions
[398.688s][info][gc,marking     ] GC(832) Concurrent Scan Root Regions 0.513ms
[398.688s][info][gc,marking     ] GC(832) Concurrent Mark (398.688s)
[398.688s][info][gc,marking     ] GC(832) Concurrent Mark From Roots
[398.688s][info][gc,start       ] GC(833) Pause Young (Normal) (G1 Humongous Allocation)
[398.688s][info][gc,task        ] GC(832) Using 2 workers of 2 for marking
[398.688s][info][gc,task        ] GC(833) Using 8 workers of 8 for evacuation
[398.689s][info][gc,phases      ] GC(833)   Pre Evacuate Collection Set: 0.1ms
[398.689s][info][gc,phases      ] GC(833)   Merge Heap Roots: 0.1ms
[398.689s][info][gc,phases      ] GC(833)   Evacuate Collection Set: 0.3ms
[398.689s][info][gc,phases      ] GC(833)   Post Evacuate Collection Set: 0.1ms
[398.689s][info][gc,phases      ] GC(833)   Other: 0.1ms
[398.689s][info][gc,heap        ] GC(833) Eden regions: 0->0(24)
[398.689s][info][gc,heap        ] GC(833) Survivor regions: 1->1(4)
[398.689s][info][gc,heap        ] GC(833) Old regions: 491->491
[398.689s][info][gc,heap        ] GC(833) Archive regions: 2->2
[398.689s][info][gc,heap        ] GC(833) Humongous regions: 11->11
[398.689s][info][gc,metaspace   ] GC(833) Metaspace: 44202K(45776K)->44202K(45776K) NonClass: 38977K(40148K)->38977K(40148K) Class: 5224K(5628K)->5224K(5628K)
[398.689s][info][gc             ] GC(833) Pause Young (Normal) (G1 Humongous Allocation) 500M->500M(512M) 0.718ms
[398.689s][info][gc,cpu         ] GC(833) User=0.00s Sys=0.00s Real=0.00s
[398.689s][info][gc,task        ] GC(834) Using 8 workers of 8 for full compaction
[398.689s][info][gc,start       ] GC(834) Pause Full (G1 Humongous Allocation)
[398.690s][info][gc,phases,start] GC(834) Phase 1: Mark live objects
[398.906s][info][gc,phases      ] GC(834) Phase 1: Mark live objects 216.247ms
[398.906s][info][gc,phases,start] GC(834) Phase 2: Prepare for compaction
[398.939s][info][gc,phases      ] GC(834) Phase 2: Prepare for compaction 33.076ms
[398.939s][info][gc,phases,start] GC(834) Phase 3: Adjust pointers
[399.018s][info][gc,phases      ] GC(834) Phase 3: Adjust pointers 78.416ms
[399.018s][info][gc,phases,start] GC(834) Phase 4: Compact heap
[399.046s][info][gc,phases      ] GC(834) Phase 4: Compact heap 28.638ms
[399.050s][info][gc,heap        ] GC(834) Eden regions: 0->0(25)
[399.050s][info][gc,heap        ] GC(834) Survivor regions: 1->0(4)
[399.050s][info][gc,heap        ] GC(834) Old regions: 491->491
[399.050s][info][gc,heap        ] GC(834) Archive regions: 2->2
[399.050s][info][gc,heap        ] GC(834) Humongous regions: 11->11
[399.050s][info][gc,metaspace   ] GC(834) Metaspace: 44202K(45776K)->44202K(45776K) NonClass: 38977K(40148K)->38977K(40148K) Class: 5224K(5628K)->5224K(5628K)
[399.050s][info][gc             ] GC(834) Pause Full (G1 Humongous Allocation) 500M->500M(512M) 361.395ms
[399.052s][info][gc,cpu         ] GC(834) User=2.56s Sys=0.03s Real=0.36s
[399.052s][info][gc,task        ] GC(835) Using 8 workers of 8 for full compaction
[399.052s][info][gc,start       ] GC(835) Pause Full (G1 Humongous Allocation)
[399.052s][info][gc,phases,start] GC(835) Phase 1: Mark live objects
[399.276s][info][gc,phases      ] GC(835) Phase 1: Mark live objects 223.751ms
[399.276s][info][gc,phases,start] GC(835) Phase 2: Prepare for compaction
[399.304s][info][gc,phases      ] GC(835) Phase 2: Prepare for compaction 27.913ms
[399.304s][info][gc,phases,start] GC(835) Phase 3: Adjust pointers
[399.369s][info][gc,phases      ] GC(835) Phase 3: Adjust pointers 65.823ms
[399.370s][info][gc,phases,start] GC(835) Phase 4: Compact heap
[399.393s][info][gc,phases      ] GC(835) Phase 4: Compact heap 23.050ms
[399.397s][info][gc,heap        ] GC(835) Eden regions: 0->0(25)
[399.397s][info][gc,heap        ] GC(835) Survivor regions: 0->0(4)
[399.397s][info][gc,heap        ] GC(835) Old regions: 491->490
[399.397s][info][gc,heap        ] GC(835) Archive regions: 2->2
[399.397s][info][gc,heap        ] GC(835) Humongous regions: 11->11
[399.397s][info][gc,metaspace   ] GC(835) Metaspace: 44202K(45776K)->44202K(45776K) NonClass: 38977K(40148K)->38977K(40148K) Class: 5224K(5628K)->5224K(5628K)
[399.397s][info][gc             ] GC(835) Pause Full (G1 Humongous Allocation) 500M->500M(512M) 344.978ms
[399.398s][info][gc,cpu         ] GC(835) User=2.52s Sys=0.03s Real=0.35s
[399.398s][info][gc,marking     ] GC(832) Concurrent Mark From Roots 709.807ms
[399.398s][info][gc,marking     ] GC(832) Concurrent Mark Abort
[399.398s][info][gc             ] GC(832) Concurrent Cycle 710.463ms
[399.398s][info][gc,start       ] GC(836) Pause Young (Normal) (G1 Humongous Allocation)
[399.398s][info][gc,task        ] GC(836) Using 8 workers of 8 for evacuation
[399.399s][info][gc,phases      ] GC(836)   Pre Evacuate Collection Set: 0.1ms
[399.399s][info][gc,phases      ] GC(836)   Merge Heap Roots: 0.0ms
[399.399s][info][gc,phases      ] GC(836)   Evacuate Collection Set: 0.2ms
[399.399s][info][gc,phases      ] GC(836)   Post Evacuate Collection Set: 0.2ms
[399.399s][info][gc,phases      ] GC(836)   Other: 0.1ms
[399.399s][info][gc,heap        ] GC(836) Eden regions: 1->0(24)
[399.399s][info][gc,heap        ] GC(836) Survivor regions: 0->1(4)
[399.399s][info][gc,heap        ] GC(836) Old regions: 490->490
[399.399s][info][gc,heap        ] GC(836) Archive regions: 2->2
[399.399s][info][gc,heap        ] GC(836) Humongous regions: 11->11
[399.399s][info][gc,metaspace   ] GC(836) Metaspace: 44202K(45776K)->44202K(45776K) NonClass: 38977K(40148K)->38977K(40148K) Class: 5224K(5628K)->5224K(5628K)
[399.399s][info][gc             ] GC(836) Pause Young (Normal) (G1 Humongous Allocation) 500M->500M(512M) 0.621ms
[399.399s][info][gc,cpu         ] GC(836) User=0.01s Sys=0.00s Real=0.00s
[399.399s][info][gc,task        ] GC(837) Using 8 workers of 8 for full compaction
[399.399s][info][gc,start       ] GC(837) Pause Full (G1 Humongous Allocation)
[399.399s][info][gc,phases,start] GC(837) Phase 1: Mark live objects
[399.632s][info][gc,phases      ] GC(837) Phase 1: Mark live objects 232.993ms
[399.632s][info][gc,phases,start] GC(837) Phase 2: Prepare for compaction
[399.663s][info][gc,phases      ] GC(837) Phase 2: Prepare for compaction 30.923ms
[399.663s][info][gc,phases,start] GC(837) Phase 3: Adjust pointers
[399.734s][info][gc,phases      ] GC(837) Phase 3: Adjust pointers 71.429ms
[399.734s][info][gc,phases,start] GC(837) Phase 4: Compact heap
[399.759s][info][gc,phases      ] GC(837) Phase 4: Compact heap 24.162ms
[399.763s][info][gc,heap        ] GC(837) Eden regions: 0->0(25)
[399.763s][info][gc,heap        ] GC(837) Survivor regions: 1->0(4)
[399.763s][info][gc,heap        ] GC(837) Old regions: 490->490
[399.763s][info][gc,heap        ] GC(837) Archive regions: 2->2
[399.763s][info][gc,heap        ] GC(837) Humongous regions: 11->11
[399.763s][info][gc,metaspace   ] GC(837) Metaspace: 44202K(45776K)->44202K(45776K) NonClass: 38977K(40148K)->38977K(40148K) Class: 5224K(5628K)->5224K(5628K)
[399.763s][info][gc             ] GC(837) Pause Full (G1 Humongous Allocation) 500M->500M(512M) 363.880ms
[399.764s][info][gc,cpu         ] GC(837) User=2.52s Sys=0.03s Real=0.36s
[399.764s][info][gc,task        ] GC(838) Using 8 workers of 8 for full compaction
[399.764s][info][gc,start       ] GC(838) Pause Full (G1 Humongous Allocation)
[399.764s][info][gc,phases,start] GC(838) Phase 1: Mark live objects
[399.988s][info][gc,phases      ] GC(838) Phase 1: Mark live objects 223.590ms
[399.988s][info][gc,phases,start] GC(838) Phase 2: Prepare for compaction
[400.017s][info][gc,phases      ] GC(838) Phase 2: Prepare for compaction 29.223ms
[400.017s][info][gc,phases,start] GC(838) Phase 3: Adjust pointers
[400.088s][info][gc,phases      ] GC(838) Phase 3: Adjust pointers 71.153ms
[400.088s][info][gc,phases,start] GC(838) Phase 4: Compact heap
[400.113s][info][gc,phases      ] GC(838) Phase 4: Compact heap 24.326ms
[400.117s][info][gc,heap        ] GC(838) Eden regions: 0->0(25)
[400.117s][info][gc,heap        ] GC(838) Survivor regions: 0->0(4)
[400.117s][info][gc,heap        ] GC(838) Old regions: 490->490
[400.117s][info][gc,heap        ] GC(838) Archive regions: 2->2
[400.117s][info][gc,heap        ] GC(838) Humongous regions: 11->11
[400.117s][info][gc,metaspace   ] GC(838) Metaspace: 44202K(45776K)->44202K(45776K) NonClass: 38977K(40148K)->38977K(40148K) Class: 5224K(5628K)->5224K(5628K)
[400.117s][info][gc             ] GC(838) Pause Full (G1 Humongous Allocation) 500M->500M(512M) 352.778ms
[400.119s][info][gc,cpu         ] GC(838) User=2.51s Sys=0.03s Real=0.36s
[400.119s][info][gc,start       ] GC(839) Pause Young (Concurrent Start) (G1 Humongous Allocation)
[400.119s][info][gc,task        ] GC(839) Using 8 workers of 8 for evacuation
[400.120s][info][gc,phases      ] GC(839)   Pre Evacuate Collection Set: 0.1ms
[400.120s][info][gc,phases      ] GC(839)   Merge Heap Roots: 0.0ms
[400.120s][info][gc,phases      ] GC(839)   Evacuate Collection Set: 0.6ms
[400.120s][info][gc,phases      ] GC(839)   Post Evacuate Collection Set: 0.1ms
[400.120s][info][gc,phases      ] GC(839)   Other: 0.1ms
[400.120s][info][gc,heap        ] GC(839) Eden regions: 0->0(25)
[400.120s][info][gc,heap        ] GC(839) Survivor regions: 0->0(4)
[400.120s][info][gc,heap        ] GC(839) Old regions: 490->490
[400.120s][info][gc,heap        ] GC(839) Archive regions: 2->2
[400.120s][info][gc,heap        ] GC(839) Humongous regions: 11->11
[400.120s][info][gc,metaspace   ] GC(839) Metaspace: 44202K(45776K)->44202K(45776K) NonClass: 38977K(40148K)->38977K(40148K) Class: 5224K(5628K)->5224K(5628K)
[400.120s][info][gc             ] GC(839) Pause Young (Concurrent Start) (G1 Humongous Allocation) 500M->500M(512M) 0.997ms
[400.120s][info][gc,cpu         ] GC(839) User=0.00s Sys=0.00s Real=0.00s
[400.120s][info][gc,task        ] GC(840) Using 8 workers of 8 for full compaction
[400.120s][info][gc,start       ] GC(840) Pause Full (G1 Humongous Allocation)
[400.120s][info][gc             ] GC(841) Concurrent Cycle
[400.120s][info][gc,marking     ] GC(841) Concurrent Clear Claimed Marks
[400.120s][info][gc,marking     ] GC(841) Concurrent Clear Claimed Marks 0.057ms
[400.120s][info][gc,marking     ] GC(841) Concurrent Scan Root Regions
[400.120s][info][gc,marking     ] GC(841) Concurrent Scan Root Regions 0.020ms
[400.120s][info][gc,marking     ] GC(841) Concurrent Mark (400.120s)
[400.121s][info][gc,marking     ] GC(841) Concurrent Mark From Roots
[400.121s][info][gc,task        ] GC(841) Using 2 workers of 2 for marking
[400.121s][info][gc,phases,start] GC(840) Phase 1: Mark live objects
[400.366s][info][gc,phases      ] GC(840) Phase 1: Mark live objects 244.947ms
[400.366s][info][gc,phases,start] GC(840) Phase 2: Prepare for compaction
[400.399s][info][gc,phases      ] GC(840) Phase 2: Prepare for compaction 32.978ms
[400.399s][info][gc,phases,start] GC(840) Phase 3: Adjust pointers
[400.482s][info][gc,phases      ] GC(840) Phase 3: Adjust pointers 82.619ms
[400.482s][info][gc,phases,start] GC(840) Phase 4: Compact heap
[400.510s][info][gc,phases      ] GC(840) Phase 4: Compact heap 27.960ms
[400.514s][info][gc,heap        ] GC(840) Eden regions: 0->0(25)
[400.514s][info][gc,heap        ] GC(840) Survivor regions: 0->0(4)
[400.514s][info][gc,heap        ] GC(840) Old regions: 490->490
[400.514s][info][gc,heap        ] GC(840) Archive regions: 2->2
[400.514s][info][gc,heap        ] GC(840) Humongous regions: 11->11
[400.514s][info][gc,metaspace   ] GC(840) Metaspace: 44202K(45776K)->44202K(45776K) NonClass: 38977K(40148K)->38977K(40148K) Class: 5224K(5628K)->5224K(5628K)
[400.514s][info][gc             ] GC(840) Pause Full (G1 Humongous Allocation) 500M->500M(512M) 393.467ms
[400.516s][info][gc,cpu         ] GC(840) User=2.54s Sys=0.03s Real=0.40s
[400.516s][info][gc,task        ] GC(842) Using 8 workers of 8 for full compaction
[400.516s][info][gc,start       ] GC(842) Pause Full (G1 Humongous Allocation)
[400.516s][info][gc,phases,start] GC(842) Phase 1: Mark live objects
[400.745s][info][gc,phases      ] GC(842) Phase 1: Mark live objects 228.846ms
[400.745s][info][gc,phases,start] GC(842) Phase 2: Prepare for compaction
[400.774s][info][gc,phases      ] GC(842) Phase 2: Prepare for compaction 29.364ms
[400.774s][info][gc,phases,start] GC(842) Phase 3: Adjust pointers
[400.850s][info][gc,phases      ] GC(842) Phase 3: Adjust pointers 75.908ms
[400.850s][info][gc,phases,start] GC(842) Phase 4: Compact heap
[400.877s][info][gc,phases      ] GC(842) Phase 4: Compact heap 26.899ms
[400.881s][info][gc,heap        ] GC(842) Eden regions: 0->0(25)
[400.881s][info][gc,heap        ] GC(842) Survivor regions: 0->0(4)
[400.881s][info][gc,heap        ] GC(842) Old regions: 490->490
[400.881s][info][gc,heap        ] GC(842) Archive regions: 2->2
[400.881s][info][gc,heap        ] GC(842) Humongous regions: 11->11
[400.881s][info][gc,metaspace   ] GC(842) Metaspace: 44202K(45776K)->44202K(45776K) NonClass: 38977K(40148K)->38977K(40148K) Class: 5224K(5628K)->5224K(5628K)
[400.881s][info][gc             ] GC(842) Pause Full (G1 Humongous Allocation) 500M->500M(512M) 365.695ms
[400.883s][info][gc,cpu         ] GC(842) User=2.54s Sys=0.04s Real=0.36s
[400.883s][info][gc,marking     ] GC(841) Concurrent Mark From Roots 762.851ms
[400.883s][info][gc,marking     ] GC(841) Concurrent Mark Abort
[400.883s][info][gc             ] GC(841) Concurrent Cycle 763.048ms
[400.884s][info][gc,start       ] GC(843) Pause Young (Concurrent Start) (G1 Humongous Allocation)
[400.884s][info][gc,task        ] GC(843) Using 8 workers of 8 for evacuation
[400.885s][info][gc,phases      ] GC(843)   Pre Evacuate Collection Set: 0.1ms
[400.885s][info][gc,phases      ] GC(843)   Merge Heap Roots: 0.0ms
[400.885s][info][gc,phases      ] GC(843)   Evacuate Collection Set: 0.6ms
[400.885s][info][gc,phases      ] GC(843)   Post Evacuate Collection Set: 0.2ms
[400.885s][info][gc,phases      ] GC(843)   Other: 0.1ms
[400.885s][info][gc,heap        ] GC(843) Eden regions: 1->0(24)
[400.885s][info][gc,heap        ] GC(843) Survivor regions: 0->1(4)
[400.885s][info][gc,heap        ] GC(843) Old regions: 490->490
[400.885s][info][gc,heap        ] GC(843) Archive regions: 2->2
[400.885s][info][gc,heap        ] GC(843) Humongous regions: 11->11
[400.885s][info][gc,metaspace   ] GC(843) Metaspace: 44205K(45776K)->44205K(45776K) NonClass: 38980K(40148K)->38980K(40148K) Class: 5225K(5628K)->5225K(5628K)
[400.885s][info][gc             ] GC(843) Pause Young (Concurrent Start) (G1 Humongous Allocation) 500M->500M(512M) 1.085ms
[400.885s][info][gc,cpu         ] GC(843) User=0.01s Sys=0.00s Real=0.01s
[400.885s][info][gc             ] GC(844) Concurrent Cycle
[400.885s][info][gc,marking     ] GC(844) Concurrent Clear Claimed Marks
[400.885s][info][gc,marking     ] GC(844) Concurrent Clear Claimed Marks 0.020ms
[400.885s][info][gc,marking     ] GC(844) Concurrent Scan Root Regions
[400.885s][info][gc,marking     ] GC(844) Concurrent Scan Root Regions 0.516ms
[400.885s][info][gc,marking     ] GC(844) Concurrent Mark (400.885s)
[400.885s][info][gc,marking     ] GC(844) Concurrent Mark From Roots
[400.885s][info][gc,start       ] GC(845) Pause Young (Normal) (G1 Humongous Allocation)
[400.885s][info][gc,task        ] GC(844) Using 2 workers of 2 for marking
[400.886s][info][gc,task        ] GC(845) Using 8 workers of 8 for evacuation
[400.886s][info][gc,phases      ] GC(845)   Pre Evacuate Collection Set: 0.3ms
[400.886s][info][gc,phases      ] GC(845)   Merge Heap Roots: 0.0ms
[400.887s][info][gc,phases      ] GC(845)   Evacuate Collection Set: 0.6ms
[400.887s][info][gc,phases      ] GC(845)   Post Evacuate Collection Set: 0.2ms
[400.887s][info][gc,phases      ] GC(845)   Other: 0.1ms
[400.887s][info][gc,heap        ] GC(845) Eden regions: 1->0(24)
[400.887s][info][gc,heap        ] GC(845) Survivor regions: 1->1(4)
[400.887s][info][gc,heap        ] GC(845) Old regions: 490->490
[400.887s][info][gc,heap        ] GC(845) Archive regions: 2->2
[400.887s][info][gc,heap        ] GC(845) Humongous regions: 11->11
[400.887s][info][gc,metaspace   ] GC(845) Metaspace: 44205K(45776K)->44205K(45776K) NonClass: 38980K(40148K)->38980K(40148K) Class: 5225K(5628K)->5225K(5628K)
[400.887s][info][gc             ] GC(845) Pause Young (Normal) (G1 Humongous Allocation) 500M->500M(512M) 1.086ms
[400.887s][info][gc,cpu         ] GC(845) User=0.00s Sys=0.00s Real=0.00s
[400.887s][info][gc,task        ] GC(846) Using 8 workers of 8 for full compaction
[400.887s][info][gc,start       ] GC(846) Pause Full (G1 Humongous Allocation)
[400.887s][info][gc,phases,start] GC(846) Phase 1: Mark live objects
[401.138s][info][gc,phases      ] GC(846) Phase 1: Mark live objects 250.818ms
[401.138s][info][gc,phases,start] GC(846) Phase 2: Prepare for compaction
[401.165s][info][gc,phases      ] GC(846) Phase 2: Prepare for compaction 27.275ms
[401.165s][info][gc,phases,start] GC(846) Phase 3: Adjust pointers
[401.233s][info][gc,phases      ] GC(846) Phase 3: Adjust pointers 68.050ms
[401.234s][info][gc,phases,start] GC(846) Phase 4: Compact heap
[401.257s][info][gc,phases      ] GC(846) Phase 4: Compact heap 23.267ms
[401.261s][info][gc,heap        ] GC(846) Eden regions: 0->0(25)
[401.261s][info][gc,heap        ] GC(846) Survivor regions: 1->0(4)
[401.261s][info][gc,heap        ] GC(846) Old regions: 490->491
[401.261s][info][gc,heap        ] GC(846) Archive regions: 2->2
[401.261s][info][gc,heap        ] GC(846) Humongous regions: 11->11
[401.261s][info][gc,metaspace   ] GC(846) Metaspace: 44205K(45776K)->44205K(45776K) NonClass: 38980K(40148K)->38980K(40148K) Class: 5225K(5628K)->5225K(5628K)
[401.261s][info][gc             ] GC(846) Pause Full (G1 Humongous Allocation) 500M->500M(512M) 374.434ms
[401.263s][info][gc,cpu         ] GC(846) User=2.51s Sys=0.04s Real=0.37s
[401.263s][info][gc,task        ] GC(847) Using 8 workers of 8 for full compaction
[401.263s][info][gc,start       ] GC(847) Pause Full (G1 Humongous Allocation)
[401.263s][info][gc,phases,start] GC(847) Phase 1: Mark live objects
[401.490s][info][gc,phases      ] GC(847) Phase 1: Mark live objects 227.487ms
[401.490s][info][gc,phases,start] GC(847) Phase 2: Prepare for compaction
[401.523s][info][gc,phases      ] GC(847) Phase 2: Prepare for compaction 32.512ms
[401.523s][info][gc,phases,start] GC(847) Phase 3: Adjust pointers
[401.598s][info][gc,phases      ] GC(847) Phase 3: Adjust pointers 75.438ms
[401.598s][info][gc,phases,start] GC(847) Phase 4: Compact heap
[401.626s][info][gc,phases      ] GC(847) Phase 4: Compact heap 27.781ms
[401.631s][info][gc,heap        ] GC(847) Eden regions: 0->0(25)
[401.631s][info][gc,heap        ] GC(847) Survivor regions: 0->0(4)
[401.631s][info][gc,heap        ] GC(847) Old regions: 491->491
[401.631s][info][gc,heap        ] GC(847) Archive regions: 2->2
[401.631s][info][gc,heap        ] GC(847) Humongous regions: 11->11
[401.631s][info][gc,metaspace   ] GC(847) Metaspace: 44205K(45776K)->44205K(45776K) NonClass: 38980K(40148K)->38980K(40148K) Class: 5225K(5628K)->5225K(5628K)
[401.631s][info][gc             ] GC(847) Pause Full (G1 Humongous Allocation) 500M->500M(512M) 368.317ms
[401.633s][info][gc,cpu         ] GC(847) User=2.51s Sys=0.03s Real=0.37s
[401.633s][info][gc,marking     ] GC(844) Concurrent Mark From Roots 747.405ms
[401.633s][info][gc,marking     ] GC(844) Concurrent Mark Abort
[401.633s][info][gc             ] GC(844) Concurrent Cycle 748.034ms
[401.634s][info][gc,start       ] GC(848) Pause Young (Normal) (G1 Humongous Allocation)
[401.634s][info][gc,task        ] GC(848) Using 8 workers of 8 for evacuation
[401.635s][info][gc,phases      ] GC(848)   Pre Evacuate Collection Set: 0.1ms
[401.635s][info][gc,phases      ] GC(848)   Merge Heap Roots: 0.0ms
[401.635s][info][gc,phases      ] GC(848)   Evacuate Collection Set: 0.6ms
[401.635s][info][gc,phases      ] GC(848)   Post Evacuate Collection Set: 0.3ms
[401.635s][info][gc,phases      ] GC(848)   Other: 0.1ms
[401.635s][info][gc,heap        ] GC(848) Eden regions: 1->0(24)
[401.635s][info][gc,heap        ] GC(848) Survivor regions: 0->1(4)
[401.635s][info][gc,heap        ] GC(848) Old regions: 491->491
[401.635s][info][gc,heap        ] GC(848) Archive regions: 2->2
[401.635s][info][gc,heap        ] GC(848) Humongous regions: 11->11
[401.635s][info][gc,metaspace   ] GC(848) Metaspace: 44210K(45776K)->44210K(45776K) NonClass: 38984K(40148K)->38984K(40148K) Class: 5225K(5628K)->5225K(5628K)
[401.635s][info][gc             ] GC(848) Pause Young (Normal) (G1 Humongous Allocation) 501M->500M(512M) 1.254ms
[401.635s][info][gc,cpu         ] GC(848) User=0.01s Sys=0.00s Real=0.01s
[401.635s][info][gc,task        ] GC(849) Using 8 workers of 8 for full compaction
[401.635s][info][gc,start       ] GC(849) Pause Full (G1 Humongous Allocation)
[401.635s][info][gc,phases,start] GC(849) Phase 1: Mark live objects
[401.862s][info][gc,phases      ] GC(849) Phase 1: Mark live objects 226.446ms
[401.862s][info][gc,phases,start] GC(849) Phase 2: Prepare for compaction
[401.891s][info][gc,phases      ] GC(849) Phase 2: Prepare for compaction 29.170ms
[401.891s][info][gc,phases,start] GC(849) Phase 3: Adjust pointers
[401.977s][info][gc,phases      ] GC(849) Phase 3: Adjust pointers 85.791ms
[401.977s][info][gc,phases,start] GC(849) Phase 4: Compact heap
[402.013s][info][gc,phases      ] GC(849) Phase 4: Compact heap 36.575ms
[402.018s][info][gc,heap        ] GC(849) Eden regions: 0->0(25)
[402.018s][info][gc,heap        ] GC(849) Survivor regions: 1->0(4)
[402.018s][info][gc,heap        ] GC(849) Old regions: 491->492
[402.018s][info][gc,heap        ] GC(849) Archive regions: 2->2
[402.018s][info][gc,heap        ] GC(849) Humongous regions: 11->11
[402.018s][info][gc,metaspace   ] GC(849) Metaspace: 44210K(45776K)->44210K(45776K) NonClass: 38984K(40148K)->38984K(40148K) Class: 5225K(5628K)->5225K(5628K)
[402.018s][info][gc             ] GC(849) Pause Full (G1 Humongous Allocation) 500M->500M(512M) 382.424ms
[402.020s][info][gc,cpu         ] GC(849) User=2.66s Sys=0.03s Real=0.38s
[402.020s][info][gc,task        ] GC(850) Using 8 workers of 8 for full compaction
[402.020s][info][gc,start       ] GC(850) Pause Full (G1 Humongous Allocation)
[402.020s][info][gc,phases,start] GC(850) Phase 1: Mark live objects
[402.369s][info][gc,phases      ] GC(850) Phase 1: Mark live objects 349.161ms
[402.369s][info][gc,phases,start] GC(850) Phase 2: Prepare for compaction
[402.412s][info][gc,phases      ] GC(850) Phase 2: Prepare for compaction 42.988ms
[402.412s][info][gc,phases,start] GC(850) Phase 3: Adjust pointers
[402.489s][info][gc,phases      ] GC(850) Phase 3: Adjust pointers 76.700ms
[402.489s][info][gc,phases,start] GC(850) Phase 4: Compact heap
[402.516s][info][gc,phases      ] GC(850) Phase 4: Compact heap 27.233ms
[402.521s][info][gc,heap        ] GC(850) Eden regions: 0->0(25)
[402.521s][info][gc,heap        ] GC(850) Survivor regions: 0->0(4)
[402.521s][info][gc,heap        ] GC(850) Old regions: 492->492
[402.521s][info][gc,heap        ] GC(850) Archive regions: 2->2
[402.521s][info][gc,heap        ] GC(850) Humongous regions: 11->11
[402.521s][info][gc,metaspace   ] GC(850) Metaspace: 44210K(45776K)->44210K(45776K) NonClass: 38984K(40148K)->38984K(40148K) Class: 5225K(5628K)->5225K(5628K)
[402.521s][info][gc             ] GC(850) Pause Full (G1 Humongous Allocation) 500M->500M(512M) 501.081ms
[402.522s][info][gc,cpu         ] GC(850) User=2.48s Sys=0.03s Real=0.50s
[402.523s][info][gc,start       ] GC(851) Pause Young (Concurrent Start) (G1 Humongous Allocation)
[402.523s][info][gc,task        ] GC(851) Using 8 workers of 8 for evacuation
[402.525s][info][gc,phases      ] GC(851)   Pre Evacuate Collection Set: 0.1ms
[402.525s][info][gc,phases      ] GC(851)   Merge Heap Roots: 0.0ms
[402.525s][info][gc,phases      ] GC(851)   Evacuate Collection Set: 0.7ms
[402.525s][info][gc,phases      ] GC(851)   Post Evacuate Collection Set: 0.5ms
[402.525s][info][gc,phases      ] GC(851)   Other: 0.2ms
[402.525s][info][gc,heap        ] GC(851) Eden regions: 1->0(24)
[402.525s][info][gc,heap        ] GC(851) Survivor regions: 0->1(4)
[402.525s][info][gc,heap        ] GC(851) Old regions: 492->492
[402.525s][info][gc,heap        ] GC(851) Archive regions: 2->2
[402.525s][info][gc,heap        ] GC(851) Humongous regions: 11->11
[402.525s][info][gc,metaspace   ] GC(851) Metaspace: 44210K(45776K)->44210K(45776K) NonClass: 38984K(40148K)->38984K(40148K) Class: 5225K(5628K)->5225K(5628K)
[402.525s][info][gc             ] GC(851) Pause Young (Concurrent Start) (G1 Humongous Allocation) 500M->500M(512M) 1.588ms
[402.525s][info][gc,cpu         ] GC(851) User=0.00s Sys=0.00s Real=0.00s
[402.525s][info][gc,task        ] GC(852) Using 8 workers of 8 for full compaction
[402.525s][info][gc,start       ] GC(852) Pause Full (G1 Humongous Allocation)
[402.525s][info][gc             ] GC(853) Concurrent Cycle
[402.525s][info][gc,marking     ] GC(853) Concurrent Clear Claimed Marks
[402.525s][info][gc,marking     ] GC(853) Concurrent Clear Claimed Marks 0.021ms
[402.525s][info][gc,marking     ] GC(853) Concurrent Scan Root Regions
[402.525s][info][gc,marking     ] GC(853) Concurrent Scan Root Regions 0.017ms
[402.525s][info][gc,marking     ] GC(853) Concurrent Mark (402.525s)
[402.525s][info][gc,marking     ] GC(853) Concurrent Mark From Roots
[402.525s][info][gc,task        ] GC(853) Using 2 workers of 2 for marking
[402.525s][info][gc,phases,start] GC(852) Phase 1: Mark live objects
[402.769s][info][gc,phases      ] GC(852) Phase 1: Mark live objects 243.192ms
[402.769s][info][gc,phases,start] GC(852) Phase 2: Prepare for compaction
[402.803s][info][gc,phases      ] GC(852) Phase 2: Prepare for compaction 34.633ms
[402.803s][info][gc,phases,start] GC(852) Phase 3: Adjust pointers
[402.888s][info][gc,phases      ] GC(852) Phase 3: Adjust pointers 84.790ms
[402.888s][info][gc,phases,start] GC(852) Phase 4: Compact heap
[402.917s][info][gc,phases      ] GC(852) Phase 4: Compact heap 28.502ms
[402.921s][info][gc,heap        ] GC(852) Eden regions: 0->0(25)
[402.921s][info][gc,heap        ] GC(852) Survivor regions: 1->0(4)
[402.921s][info][gc,heap        ] GC(852) Old regions: 492->490
[402.921s][info][gc,heap        ] GC(852) Archive regions: 2->2
[402.921s][info][gc,heap        ] GC(852) Humongous regions: 11->11
[402.921s][info][gc,metaspace   ] GC(852) Metaspace: 44210K(45776K)->44210K(45776K) NonClass: 38984K(40148K)->38984K(40148K) Class: 5225K(5628K)->5225K(5628K)
[402.921s][info][gc             ] GC(852) Pause Full (G1 Humongous Allocation) 500M->500M(512M) 396.274ms
[402.923s][info][gc,cpu         ] GC(852) User=2.60s Sys=0.03s Real=0.40s
[402.923s][info][gc,task        ] GC(854) Using 8 workers of 8 for full compaction
[402.923s][info][gc,start       ] GC(854) Pause Full (G1 Humongous Allocation)
[402.923s][info][gc,phases,start] GC(854) Phase 1: Mark live objects
[403.152s][info][gc,phases      ] GC(854) Phase 1: Mark live objects 228.729ms
[403.152s][info][gc,phases,start] GC(854) Phase 2: Prepare for compaction
[403.184s][info][gc,phases      ] GC(854) Phase 2: Prepare for compaction 32.627ms
[403.184s][info][gc,phases,start] GC(854) Phase 3: Adjust pointers
[403.265s][info][gc,phases      ] GC(854) Phase 3: Adjust pointers 81.143ms
[403.265s][info][gc,phases,start] GC(854) Phase 4: Compact heap
[403.296s][info][gc,phases      ] GC(854) Phase 4: Compact heap 31.031ms
[403.301s][info][gc,heap        ] GC(854) Eden regions: 0->0(25)
[403.301s][info][gc,heap        ] GC(854) Survivor regions: 0->0(4)
[403.301s][info][gc,heap        ] GC(854) Old regions: 490->490
[403.301s][info][gc,heap        ] GC(854) Archive regions: 2->2
[403.301s][info][gc,heap        ] GC(854) Humongous regions: 11->11
[403.301s][info][gc,metaspace   ] GC(854) Metaspace: 44210K(45776K)->44210K(45776K) NonClass: 38984K(40148K)->38984K(40148K) Class: 5225K(5628K)->5225K(5628K)
[403.301s][info][gc             ] GC(854) Pause Full (G1 Humongous Allocation) 500M->500M(512M) 378.201ms
[403.303s][info][gc,cpu         ] GC(854) User=2.56s Sys=0.02s Real=0.38s
[403.303s][info][gc,marking     ] GC(853) Concurrent Mark From Roots 777.902ms
[403.303s][info][gc,marking     ] GC(853) Concurrent Mark Abort
[403.303s][info][gc             ] GC(853) Concurrent Cycle 778.044ms
[403.304s][info][gc,start       ] GC(855) Pause Young (Normal) (G1 Humongous Allocation)
[403.304s][info][gc,task        ] GC(855) Using 8 workers of 8 for evacuation
[403.305s][info][gc,phases      ] GC(855)   Pre Evacuate Collection Set: 0.1ms
[403.305s][info][gc,phases      ] GC(855)   Merge Heap Roots: 0.0ms
[403.305s][info][gc,phases      ] GC(855)   Evacuate Collection Set: 0.4ms
[403.305s][info][gc,phases      ] GC(855)   Post Evacuate Collection Set: 0.3ms
[403.305s][info][gc,phases      ] GC(855)   Other: 0.1ms
[403.305s][info][gc,heap        ] GC(855) Eden regions: 1->0(24)
[403.305s][info][gc,heap        ] GC(855) Survivor regions: 0->1(4)
[403.305s][info][gc,heap        ] GC(855) Old regions: 490->490
[403.305s][info][gc,heap        ] GC(855) Archive regions: 2->2
[403.305s][info][gc,heap        ] GC(855) Humongous regions: 11->11
[403.305s][info][gc,metaspace   ] GC(855) Metaspace: 44216K(45776K)->44216K(45776K) NonClass: 38990K(40148K)->38990K(40148K) Class: 5226K(5628K)->5226K(5628K)
[403.305s][info][gc             ] GC(855) Pause Young (Normal) (G1 Humongous Allocation) 501M->500M(512M) 0.957ms
[403.305s][info][gc,cpu         ] GC(855) User=0.01s Sys=0.01s Real=0.01s
[403.305s][info][gc,task        ] GC(856) Using 8 workers of 8 for full compaction
[403.305s][info][gc,start       ] GC(856) Pause Full (G1 Humongous Allocation)
[403.305s][info][gc,phases,start] GC(856) Phase 1: Mark live objects
[403.546s][info][gc,phases      ] GC(856) Phase 1: Mark live objects 240.342ms
[403.546s][info][gc,phases,start] GC(856) Phase 2: Prepare for compaction
[403.578s][info][gc,phases      ] GC(856) Phase 2: Prepare for compaction 31.781ms
[403.578s][info][gc,phases,start] GC(856) Phase 3: Adjust pointers
[403.654s][info][gc,phases      ] GC(856) Phase 3: Adjust pointers 76.422ms
[403.654s][info][gc,phases,start] GC(856) Phase 4: Compact heap
[403.685s][info][gc,phases      ] GC(856) Phase 4: Compact heap 30.474ms
[403.689s][info][gc,heap        ] GC(856) Eden regions: 0->0(25)
[403.689s][info][gc,heap        ] GC(856) Survivor regions: 1->0(4)
[403.689s][info][gc,heap        ] GC(856) Old regions: 490->491
[403.689s][info][gc,heap        ] GC(856) Archive regions: 2->2
[403.689s][info][gc,heap        ] GC(856) Humongous regions: 11->11
[403.689s][info][gc,metaspace   ] GC(856) Metaspace: 44216K(45776K)->44216K(45776K) NonClass: 38990K(40148K)->38990K(40148K) Class: 5226K(5628K)->5226K(5628K)
[403.689s][info][gc             ] GC(856) Pause Full (G1 Humongous Allocation) 500M->500M(512M) 383.589ms
[403.690s][info][gc,cpu         ] GC(856) User=2.53s Sys=0.03s Real=0.38s
[403.690s][info][gc,task        ] GC(857) Using 8 workers of 8 for full compaction
[403.690s][info][gc,start       ] GC(857) Pause Full (G1 Humongous Allocation)
[403.690s][info][gc,phases,start] GC(857) Phase 1: Mark live objects
[403.912s][info][gc,phases      ] GC(857) Phase 1: Mark live objects 221.839ms
[403.912s][info][gc,phases,start] GC(857) Phase 2: Prepare for compaction
[403.943s][info][gc,phases      ] GC(857) Phase 2: Prepare for compaction 31.124ms
[403.944s][info][gc,phases,start] GC(857) Phase 3: Adjust pointers
[404.019s][info][gc,phases      ] GC(857) Phase 3: Adjust pointers 75.212ms
[404.019s][info][gc,phases,start] GC(857) Phase 4: Compact heap
[404.047s][info][gc,phases      ] GC(857) Phase 4: Compact heap 28.063ms
[404.052s][info][gc,heap        ] GC(857) Eden regions: 0->0(25)
[404.052s][info][gc,heap        ] GC(857) Survivor regions: 0->0(4)
[404.052s][info][gc,heap        ] GC(857) Old regions: 491->491
[404.052s][info][gc,heap        ] GC(857) Archive regions: 2->2
[404.052s][info][gc,heap        ] GC(857) Humongous regions: 11->11
[404.052s][info][gc,metaspace   ] GC(857) Metaspace: 44216K(45776K)->44216K(45776K) NonClass: 38990K(40148K)->38990K(40148K) Class: 5226K(5628K)->5226K(5628K)
[404.052s][info][gc             ] GC(857) Pause Full (G1 Humongous Allocation) 500M->500M(512M) 361.511ms
[404.053s][info][gc,cpu         ] GC(857) User=2.54s Sys=0.03s Real=0.36s
[404.064s][info][gc,start       ] GC(858) Pause Young (Concurrent Start) (G1 Humongous Allocation)
[404.064s][info][gc,task        ] GC(858) Using 8 workers of 8 for evacuation
[404.066s][info][gc             ] GC(858) To-space exhausted
[404.066s][info][gc,phases      ] GC(858)   Pre Evacuate Collection Set: 0.1ms
[404.066s][info][gc,phases      ] GC(858)   Merge Heap Roots: 0.0ms
[404.066s][info][gc,phases      ] GC(858)   Evacuate Collection Set: 1.0ms
[404.066s][info][gc,phases      ] GC(858)   Post Evacuate Collection Set: 1.4ms
[404.066s][info][gc,phases      ] GC(858)   Other: 0.2ms
[404.066s][info][gc,heap        ] GC(858) Eden regions: 8->0(25)
[404.066s][info][gc,heap        ] GC(858) Survivor regions: 0->0(0)
[404.066s][info][gc,heap        ] GC(858) Old regions: 491->499
[404.066s][info][gc,heap        ] GC(858) Archive regions: 2->2
[404.066s][info][gc,heap        ] GC(858) Humongous regions: 11->11
[404.066s][info][gc,metaspace   ] GC(858) Metaspace: 44298K(45776K)->44298K(45776K) NonClass: 39060K(40148K)->39060K(40148K) Class: 5237K(5628K)->5237K(5628K)
[404.066s][info][gc             ] GC(858) Pause Young (Concurrent Start) (G1 Humongous Allocation) 507M->507M(512M) 2.784ms
[404.066s][info][gc,cpu         ] GC(858) User=0.01s Sys=0.00s Real=0.01s
[404.066s][info][gc             ] GC(859) Concurrent Cycle
[404.067s][info][gc,marking     ] GC(859) Concurrent Clear Claimed Marks
[404.067s][info][gc,marking     ] GC(859) Concurrent Clear Claimed Marks 0.035ms
[404.067s][info][gc,marking     ] GC(859) Concurrent Scan Root Regions
[404.067s][info][gc,marking     ] GC(859) Concurrent Scan Root Regions 0.011ms
[404.067s][info][gc,marking     ] GC(859) Concurrent Mark (404.067s)
[404.067s][info][gc,marking     ] GC(859) Concurrent Mark From Roots
[404.067s][info][gc,task        ] GC(859) Using 2 workers of 2 for marking
[404.067s][info][gc,start       ] GC(860) Pause Young (Normal) (G1 Humongous Allocation)
[404.067s][info][gc,task        ] GC(860) Using 8 workers of 8 for evacuation
[404.068s][info][gc,phases      ] GC(860)   Pre Evacuate Collection Set: 0.1ms
[404.068s][info][gc,phases      ] GC(860)   Merge Heap Roots: 0.1ms
[404.068s][info][gc,phases      ] GC(860)   Evacuate Collection Set: 0.6ms
[404.068s][info][gc,phases      ] GC(860)   Post Evacuate Collection Set: 0.2ms
[404.068s][info][gc,phases      ] GC(860)   Other: 0.1ms
[404.068s][info][gc,heap        ] GC(860) Eden regions: 0->0(25)
[404.068s][info][gc,heap        ] GC(860) Survivor regions: 0->0(0)
[404.068s][info][gc,heap        ] GC(860) Old regions: 499->499
[404.068s][info][gc,heap        ] GC(860) Archive regions: 2->2
[404.068s][info][gc,heap        ] GC(860) Humongous regions: 11->11
[404.068s][info][gc,metaspace   ] GC(860) Metaspace: 44299K(45776K)->44299K(45776K) NonClass: 39062K(40148K)->39062K(40148K) Class: 5237K(5628K)->5237K(5628K)
[404.068s][info][gc             ] GC(860) Pause Young (Normal) (G1 Humongous Allocation) 507M->507M(512M) 1.123ms
[404.068s][info][gc,cpu         ] GC(860) User=0.01s Sys=0.00s Real=0.00s
[404.068s][info][gc,task        ] GC(861) Using 8 workers of 8 for full compaction
[404.068s][info][gc,start       ] GC(861) Pause Full (G1 Humongous Allocation)
[404.069s][info][gc,phases,start] GC(861) Phase 1: Mark live objects
[404.307s][info][gc,phases      ] GC(861) Phase 1: Mark live objects 237.980ms
[404.307s][info][gc,phases,start] GC(861) Phase 2: Prepare for compaction
[404.338s][info][gc,phases      ] GC(861) Phase 2: Prepare for compaction 31.002ms
[404.338s][info][gc,phases,start] GC(861) Phase 3: Adjust pointers
[404.426s][info][gc,phases      ] GC(861) Phase 3: Adjust pointers 87.787ms
[404.426s][info][gc,phases,start] GC(861) Phase 4: Compact heap
[404.463s][info][gc,phases      ] GC(861) Phase 4: Compact heap 36.864ms
[404.467s][info][gc,heap        ] GC(861) Eden regions: 0->0(25)
[404.467s][info][gc,heap        ] GC(861) Survivor regions: 0->0(0)
[404.467s][info][gc,heap        ] GC(861) Old regions: 499->492
[404.467s][info][gc,heap        ] GC(861) Archive regions: 2->2
[404.467s][info][gc,heap        ] GC(861) Humongous regions: 11->11
[404.467s][info][gc,metaspace   ] GC(861) Metaspace: 44299K(45776K)->44296K(45776K) NonClass: 39062K(40148K)->39058K(40148K) Class: 5237K(5628K)->5237K(5628K)
[404.467s][info][gc             ] GC(861) Pause Full (G1 Humongous Allocation) 507M->500M(512M) 398.802ms
[404.469s][info][gc,cpu         ] GC(861) User=2.69s Sys=0.07s Real=0.40s
[404.469s][info][gc,task        ] GC(862) Using 8 workers of 8 for full compaction
[404.469s][info][gc,start       ] GC(862) Pause Full (G1 Humongous Allocation)
[404.469s][info][gc,phases,start] GC(862) Phase 1: Mark live objects
[404.694s][info][gc,phases      ] GC(862) Phase 1: Mark live objects 224.188ms
[404.694s][info][gc,phases,start] GC(862) Phase 2: Prepare for compaction
[404.725s][info][gc,phases      ] GC(862) Phase 2: Prepare for compaction 31.376ms
[404.725s][info][gc,phases,start] GC(862) Phase 3: Adjust pointers
[404.794s][info][gc,phases      ] GC(862) Phase 3: Adjust pointers 69.234ms
[404.794s][info][gc,phases,start] GC(862) Phase 4: Compact heap
[404.822s][info][gc,phases      ] GC(862) Phase 4: Compact heap 28.042ms
[404.827s][info][gc,heap        ] GC(862) Eden regions: 0->0(25)
[404.827s][info][gc,heap        ] GC(862) Survivor regions: 0->0(0)
[404.827s][info][gc,heap        ] GC(862) Old regions: 492->492
[404.827s][info][gc,heap        ] GC(862) Archive regions: 2->2
[404.827s][info][gc,heap        ] GC(862) Humongous regions: 11->11
[404.827s][info][gc,metaspace   ] GC(862) Metaspace: 44296K(45776K)->44187K(45776K) NonClass: 39058K(40148K)->38966K(40148K) Class: 5237K(5628K)->5221K(5628K)
[404.827s][info][gc             ] GC(862) Pause Full (G1 Humongous Allocation) 500M->500M(512M) 357.543ms
[404.829s][info][gc,cpu         ] GC(862) User=2.57s Sys=0.04s Real=0.36s
[404.829s][info][gc,marking     ] GC(859) Concurrent Mark From Roots 762.185ms
[404.829s][info][gc,marking     ] GC(859) Concurrent Mark Abort
[404.829s][info][gc             ] GC(859) Concurrent Cycle 762.335ms
[404.829s][info][gc,start       ] GC(863) Pause Young (Concurrent Start) (G1 Humongous Allocation)
[404.830s][info][gc,task        ] GC(863) Using 8 workers of 8 for evacuation
[404.830s][info][gc,phases      ] GC(863)   Pre Evacuate Collection Set: 0.1ms
[404.831s][info][gc,phases      ] GC(863)   Merge Heap Roots: 0.0ms
[404.831s][info][gc,phases      ] GC(863)   Evacuate Collection Set: 0.6ms
[404.831s][info][gc,phases      ] GC(863)   Post Evacuate Collection Set: 0.2ms
[404.831s][info][gc,phases      ] GC(863)   Other: 0.1ms
[404.831s][info][gc,heap        ] GC(863) Eden regions: 1->0(24)
[404.831s][info][gc,heap        ] GC(863) Survivor regions: 0->1(4)
[404.831s][info][gc,heap        ] GC(863) Old regions: 492->492
[404.831s][info][gc,heap        ] GC(863) Archive regions: 2->2
[404.831s][info][gc,heap        ] GC(863) Humongous regions: 11->11
[404.831s][info][gc,metaspace   ] GC(863) Metaspace: 44187K(45776K)->44187K(45776K) NonClass: 38966K(40148K)->38966K(40148K) Class: 5221K(5628K)->5221K(5628K)
[404.831s][info][gc             ] GC(863) Pause Young (Concurrent Start) (G1 Humongous Allocation) 500M->500M(512M) 1.113ms
[404.831s][info][gc,cpu         ] GC(863) User=0.01s Sys=0.00s Real=0.00s
[404.831s][info][gc             ] GC(864) Concurrent Cycle
[404.831s][info][gc,marking     ] GC(864) Concurrent Clear Claimed Marks
[404.831s][info][gc,marking     ] GC(864) Concurrent Clear Claimed Marks 0.019ms
[404.831s][info][gc,marking     ] GC(864) Concurrent Scan Root Regions
[404.831s][info][gc,marking     ] GC(864) Concurrent Scan Root Regions 0.433ms
[404.831s][info][gc,marking     ] GC(864) Concurrent Mark (404.831s)
[404.831s][info][gc,marking     ] GC(864) Concurrent Mark From Roots
[404.831s][info][gc,task        ] GC(864) Using 2 workers of 2 for marking
[404.831s][info][gc,start       ] GC(865) Pause Young (Normal) (G1 Humongous Allocation)
[404.831s][info][gc,task        ] GC(865) Using 8 workers of 8 for evacuation
[404.832s][info][gc,phases      ] GC(865)   Pre Evacuate Collection Set: 0.1ms
[404.832s][info][gc,phases      ] GC(865)   Merge Heap Roots: 0.0ms
[404.832s][info][gc,phases      ] GC(865)   Evacuate Collection Set: 0.2ms
[404.832s][info][gc,phases      ] GC(865)   Post Evacuate Collection Set: 0.2ms
[404.832s][info][gc,phases      ] GC(865)   Other: 0.1ms
[404.832s][info][gc,heap        ] GC(865) Eden regions: 0->0(24)
[404.832s][info][gc,heap        ] GC(865) Survivor regions: 1->1(4)
[404.832s][info][gc,heap        ] GC(865) Old regions: 492->492
[404.832s][info][gc,heap        ] GC(865) Archive regions: 2->2
[404.832s][info][gc,heap        ] GC(865) Humongous regions: 11->11
[404.832s][info][gc,metaspace   ] GC(865) Metaspace: 44187K(45776K)->44187K(45776K) NonClass: 38966K(40148K)->38966K(40148K) Class: 5221K(5628K)->5221K(5628K)
[404.832s][info][gc             ] GC(865) Pause Young (Normal) (G1 Humongous Allocation) 500M->500M(512M) 0.655ms
[404.832s][info][gc,cpu         ] GC(865) User=0.00s Sys=0.00s Real=0.00s
[404.832s][info][gc,task        ] GC(866) Using 8 workers of 8 for full compaction
[404.832s][info][gc,start       ] GC(866) Pause Full (G1 Humongous Allocation)
[404.833s][info][gc,phases,start] GC(866) Phase 1: Mark live objects
[405.058s][info][gc,phases      ] GC(866) Phase 1: Mark live objects 225.361ms
[405.058s][info][gc,phases,start] GC(866) Phase 2: Prepare for compaction
[405.088s][info][gc,phases      ] GC(866) Phase 2: Prepare for compaction 29.593ms
[405.088s][info][gc,phases,start] GC(866) Phase 3: Adjust pointers
[405.158s][info][gc,phases      ] GC(866) Phase 3: Adjust pointers 69.980ms
[405.158s][info][gc,phases,start] GC(866) Phase 4: Compact heap
[405.184s][info][gc,phases      ] GC(866) Phase 4: Compact heap 25.925ms
[405.188s][info][gc,heap        ] GC(866) Eden regions: 0->0(25)
[405.188s][info][gc,heap        ] GC(866) Survivor regions: 1->0(4)
[405.188s][info][gc,heap        ] GC(866) Old regions: 492->491
[405.188s][info][gc,heap        ] GC(866) Archive regions: 2->2
[405.188s][info][gc,heap        ] GC(866) Humongous regions: 11->11
[405.188s][info][gc,metaspace   ] GC(866) Metaspace: 44187K(45776K)->44187K(45776K) NonClass: 38966K(40148K)->38966K(40148K) Class: 5221K(5628K)->5221K(5628K)
[405.188s][info][gc             ] GC(866) Pause Full (G1 Humongous Allocation) 500M->500M(512M) 355.887ms
[405.190s][info][gc,cpu         ] GC(866) User=2.54s Sys=0.02s Real=0.36s
[405.190s][info][gc,task        ] GC(867) Using 8 workers of 8 for full compaction
[405.190s][info][gc,start       ] GC(867) Pause Full (G1 Humongous Allocation)
[405.190s][info][gc,phases,start] GC(867) Phase 1: Mark live objects
[405.410s][info][gc,phases      ] GC(867) Phase 1: Mark live objects 219.827ms
[405.410s][info][gc,phases,start] GC(867) Phase 2: Prepare for compaction
[405.439s][info][gc,phases      ] GC(867) Phase 2: Prepare for compaction 29.686ms
[405.439s][info][gc,phases,start] GC(867) Phase 3: Adjust pointers
[405.505s][info][gc,phases      ] GC(867) Phase 3: Adjust pointers 65.592ms
[405.505s][info][gc,phases,start] GC(867) Phase 4: Compact heap
[405.531s][info][gc,phases      ] GC(867) Phase 4: Compact heap 26.169ms
[405.535s][info][gc,heap        ] GC(867) Eden regions: 0->0(25)
[405.535s][info][gc,heap        ] GC(867) Survivor regions: 0->0(4)
[405.535s][info][gc,heap        ] GC(867) Old regions: 491->491
[405.535s][info][gc,heap        ] GC(867) Archive regions: 2->2
[405.535s][info][gc,heap        ] GC(867) Humongous regions: 11->11
[405.535s][info][gc,metaspace   ] GC(867) Metaspace: 44187K(45776K)->44187K(45776K) NonClass: 38966K(40148K)->38966K(40148K) Class: 5221K(5628K)->5221K(5628K)
[405.535s][info][gc             ] GC(867) Pause Full (G1 Humongous Allocation) 500M->500M(512M) 345.733ms
[405.537s][info][gc,cpu         ] GC(867) User=2.51s Sys=0.02s Real=0.35s
[405.538s][info][gc,marking     ] GC(864) Concurrent Mark From Roots 706.415ms
[405.538s][info][gc,marking     ] GC(864) Concurrent Mark Abort
[405.538s][info][gc             ] GC(864) Concurrent Cycle 707.021ms
[405.538s][info][gc,start       ] GC(868) Pause Young (Normal) (G1 Humongous Allocation)
[405.538s][info][gc,task        ] GC(868) Using 8 workers of 8 for evacuation
[405.540s][info][gc,phases      ] GC(868)   Pre Evacuate Collection Set: 0.1ms
[405.540s][info][gc,phases      ] GC(868)   Merge Heap Roots: 0.0ms
[405.540s][info][gc,phases      ] GC(868)   Evacuate Collection Set: 0.2ms
[405.540s][info][gc,phases      ] GC(868)   Post Evacuate Collection Set: 0.2ms
[405.540s][info][gc,phases      ] GC(868)   Other: 0.8ms
[405.540s][info][gc,heap        ] GC(868) Eden regions: 0->0(25)
[405.540s][info][gc,heap        ] GC(868) Survivor regions: 0->0(4)
[405.540s][info][gc,heap        ] GC(868) Old regions: 491->491
[405.540s][info][gc,heap        ] GC(868) Archive regions: 2->2
[405.540s][info][gc,heap        ] GC(868) Humongous regions: 11->11
[405.540s][info][gc,metaspace   ] GC(868) Metaspace: 44187K(45776K)->44187K(45776K) NonClass: 38966K(40148K)->38966K(40148K) Class: 5221K(5628K)->5221K(5628K)
[405.540s][info][gc             ] GC(868) Pause Young (Normal) (G1 Humongous Allocation) 500M->500M(512M) 1.601ms
[405.540s][info][gc,cpu         ] GC(868) User=0.01s Sys=0.00s Real=0.00s
[405.540s][info][gc,task        ] GC(869) Using 8 workers of 8 for full compaction
[405.540s][info][gc,start       ] GC(869) Pause Full (G1 Humongous Allocation)
[405.541s][info][gc,phases,start] GC(869) Phase 1: Mark live objects
[405.843s][info][gc,phases      ] GC(869) Phase 1: Mark live objects 302.621ms
[405.843s][info][gc,phases,start] GC(869) Phase 2: Prepare for compaction
[405.883s][info][gc,phases      ] GC(869) Phase 2: Prepare for compaction 39.810ms
[405.883s][info][gc,phases,start] GC(869) Phase 3: Adjust pointers
[405.972s][info][gc,phases      ] GC(869) Phase 3: Adjust pointers 89.504ms
[405.973s][info][gc,phases,start] GC(869) Phase 4: Compact heap
[406.006s][info][gc,phases      ] GC(869) Phase 4: Compact heap 33.882ms
[406.011s][info][gc,heap        ] GC(869) Eden regions: 0->0(25)
[406.011s][info][gc,heap        ] GC(869) Survivor regions: 0->0(4)
[406.011s][info][gc,heap        ] GC(869) Old regions: 491->491
[406.011s][info][gc,heap        ] GC(869) Archive regions: 2->2
[406.011s][info][gc,heap        ] GC(869) Humongous regions: 11->11
[406.011s][info][gc,metaspace   ] GC(869) Metaspace: 44187K(45776K)->44187K(45776K) NonClass: 38966K(40148K)->38966K(40148K) Class: 5221K(5628K)->5221K(5628K)
[406.011s][info][gc             ] GC(869) Pause Full (G1 Humongous Allocation) 500M->500M(512M) 470.608ms
[406.013s][info][gc,cpu         ] GC(869) User=2.59s Sys=0.04s Real=0.47s
[406.013s][info][gc,task        ] GC(870) Using 8 workers of 8 for full compaction
[406.013s][info][gc,start       ] GC(870) Pause Full (G1 Humongous Allocation)
[406.013s][info][gc,phases,start] GC(870) Phase 1: Mark live objects
[406.235s][info][gc,phases      ] GC(870) Phase 1: Mark live objects 222.490ms
[406.235s][info][gc,phases,start] GC(870) Phase 2: Prepare for compaction
[406.273s][info][gc,phases      ] GC(870) Phase 2: Prepare for compaction 37.743ms
[406.273s][info][gc,phases,start] GC(870) Phase 3: Adjust pointers
[406.341s][info][gc,phases      ] GC(870) Phase 3: Adjust pointers 68.405ms
[406.341s][info][gc,phases,start] GC(870) Phase 4: Compact heap
[406.368s][info][gc,phases      ] GC(870) Phase 4: Compact heap 26.999ms
[406.373s][info][gc,heap        ] GC(870) Eden regions: 0->0(25)
[406.373s][info][gc,heap        ] GC(870) Survivor regions: 0->0(4)
[406.373s][info][gc,heap        ] GC(870) Old regions: 491->491
[406.373s][info][gc,heap        ] GC(870) Archive regions: 2->2
[406.373s][info][gc,heap        ] GC(870) Humongous regions: 11->11
[406.373s][info][gc,metaspace   ] GC(870) Metaspace: 44187K(45776K)->44187K(45776K) NonClass: 38966K(40148K)->38966K(40148K) Class: 5221K(5628K)->5221K(5628K)
[406.373s][info][gc             ] GC(870) Pause Full (G1 Humongous Allocation) 500M->500M(512M) 360.025ms
[406.374s][info][gc,cpu         ] GC(870) User=2.59s Sys=0.04s Real=0.36s
[406.375s][info][gc,start       ] GC(871) Pause Young (Concurrent Start) (G1 Humongous Allocation)
[406.375s][info][gc,task        ] GC(871) Using 8 workers of 8 for evacuation
[406.375s][info][gc,phases      ] GC(871)   Pre Evacuate Collection Set: 0.1ms
[406.375s][info][gc,phases      ] GC(871)   Merge Heap Roots: 0.0ms
[406.376s][info][gc,phases      ] GC(871)   Evacuate Collection Set: 0.5ms
[406.376s][info][gc,phases      ] GC(871)   Post Evacuate Collection Set: 0.2ms
[406.376s][info][gc,phases      ] GC(871)   Other: 0.1ms
[406.376s][info][gc,heap        ] GC(871) Eden regions: 1->0(24)
[406.376s][info][gc,heap        ] GC(871) Survivor regions: 0->1(4)
[406.376s][info][gc,heap        ] GC(871) Old regions: 491->491
[406.376s][info][gc,heap        ] GC(871) Archive regions: 2->2
[406.376s][info][gc,heap        ] GC(871) Humongous regions: 11->11
[406.376s][info][gc,metaspace   ] GC(871) Metaspace: 44187K(45776K)->44187K(45776K) NonClass: 38966K(40148K)->38966K(40148K) Class: 5221K(5628K)->5221K(5628K)
[406.376s][info][gc             ] GC(871) Pause Young (Concurrent Start) (G1 Humongous Allocation) 500M->500M(512M) 0.972ms
[406.376s][info][gc,cpu         ] GC(871) User=0.01s Sys=0.00s Real=0.01s
[406.376s][info][gc             ] GC(872) Concurrent Cycle
[406.376s][info][gc,marking     ] GC(872) Concurrent Clear Claimed Marks
[406.376s][info][gc,marking     ] GC(872) Concurrent Clear Claimed Marks 0.017ms
[406.376s][info][gc,marking     ] GC(872) Concurrent Scan Root Regions
[406.376s][info][gc,marking     ] GC(872) Concurrent Scan Root Regions 0.494ms
[406.376s][info][gc,marking     ] GC(872) Concurrent Mark (406.376s)
[406.376s][info][gc,marking     ] GC(872) Concurrent Mark From Roots
[406.376s][info][gc,task        ] GC(872) Using 2 workers of 2 for marking
[406.376s][info][gc,start       ] GC(873) Pause Young (Normal) (G1 Humongous Allocation)
[406.376s][info][gc,task        ] GC(873) Using 8 workers of 8 for evacuation
[406.377s][info][gc,phases      ] GC(873)   Pre Evacuate Collection Set: 0.0ms
[406.377s][info][gc,phases      ] GC(873)   Merge Heap Roots: 0.0ms
[406.377s][info][gc,phases      ] GC(873)   Evacuate Collection Set: 0.2ms
[406.377s][info][gc,phases      ] GC(873)   Post Evacuate Collection Set: 0.2ms
[406.377s][info][gc,phases      ] GC(873)   Other: 0.1ms
[406.377s][info][gc,heap        ] GC(873) Eden regions: 0->0(24)
[406.377s][info][gc,heap        ] GC(873) Survivor regions: 1->1(4)
[406.377s][info][gc,heap        ] GC(873) Old regions: 491->491
[406.377s][info][gc,heap        ] GC(873) Archive regions: 2->2
[406.377s][info][gc,heap        ] GC(873) Humongous regions: 11->11
[406.377s][info][gc,metaspace   ] GC(873) Metaspace: 44187K(45776K)->44187K(45776K) NonClass: 38966K(40148K)->38966K(40148K) Class: 5221K(5628K)->5221K(5628K)
[406.377s][info][gc             ] GC(873) Pause Young (Normal) (G1 Humongous Allocation) 500M->500M(512M) 0.576ms
[406.377s][info][gc,cpu         ] GC(873) User=0.00s Sys=0.00s Real=0.00s
[406.377s][info][gc,task        ] GC(874) Using 8 workers of 8 for full compaction
[406.377s][info][gc,start       ] GC(874) Pause Full (G1 Humongous Allocation)
[406.377s][info][gc,phases,start] GC(874) Phase 1: Mark live objects
[406.593s][info][gc,phases      ] GC(874) Phase 1: Mark live objects 215.421ms
[406.593s][info][gc,phases,start] GC(874) Phase 2: Prepare for compaction
[406.621s][info][gc,phases      ] GC(874) Phase 2: Prepare for compaction 28.257ms
[406.621s][info][gc,phases,start] GC(874) Phase 3: Adjust pointers
[406.689s][info][gc,phases      ] GC(874) Phase 3: Adjust pointers 67.904ms
[406.689s][info][gc,phases,start] GC(874) Phase 4: Compact heap
[406.715s][info][gc,phases      ] GC(874) Phase 4: Compact heap 25.434ms
[406.719s][info][gc,heap        ] GC(874) Eden regions: 0->0(25)
[406.719s][info][gc,heap        ] GC(874) Survivor regions: 1->0(4)
[406.719s][info][gc,heap        ] GC(874) Old regions: 491->491
[406.719s][info][gc,heap        ] GC(874) Archive regions: 2->2
[406.719s][info][gc,heap        ] GC(874) Humongous regions: 11->11
[406.719s][info][gc,metaspace   ] GC(874) Metaspace: 44187K(45776K)->44187K(45776K) NonClass: 38966K(40148K)->38966K(40148K) Class: 5221K(5628K)->5221K(5628K)
[406.719s][info][gc             ] GC(874) Pause Full (G1 Humongous Allocation) 500M->500M(512M) 342.009ms
[406.720s][info][gc,cpu         ] GC(874) User=2.46s Sys=0.03s Real=0.34s
[406.720s][info][gc,task        ] GC(875) Using 8 workers of 8 for full compaction
[406.720s][info][gc,start       ] GC(875) Pause Full (G1 Humongous Allocation)
[406.720s][info][gc,phases,start] GC(875) Phase 1: Mark live objects
[406.934s][info][gc,phases      ] GC(875) Phase 1: Mark live objects 214.023ms
[406.934s][info][gc,phases,start] GC(875) Phase 2: Prepare for compaction
[406.962s][info][gc,phases      ] GC(875) Phase 2: Prepare for compaction 27.320ms
[406.962s][info][gc,phases,start] GC(875) Phase 3: Adjust pointers
[407.027s][info][gc,phases      ] GC(875) Phase 3: Adjust pointers 65.753ms
[407.027s][info][gc,phases,start] GC(875) Phase 4: Compact heap
[407.053s][info][gc,phases      ] GC(875) Phase 4: Compact heap 25.747ms
[407.058s][info][gc,heap        ] GC(875) Eden regions: 0->0(25)
[407.058s][info][gc,heap        ] GC(875) Survivor regions: 0->0(4)
[407.058s][info][gc,heap        ] GC(875) Old regions: 491->491
[407.058s][info][gc,heap        ] GC(875) Archive regions: 2->2
[407.058s][info][gc,heap        ] GC(875) Humongous regions: 11->11
[407.058s][info][gc,metaspace   ] GC(875) Metaspace: 44187K(45776K)->44187K(45776K) NonClass: 38966K(40148K)->38966K(40148K) Class: 5221K(5628K)->5221K(5628K)
[407.058s][info][gc             ] GC(875) Pause Full (G1 Humongous Allocation) 500M->500M(512M) 337.464ms
[407.060s][info][gc,cpu         ] GC(875) User=2.46s Sys=0.03s Real=0.34s
[407.060s][info][gc,marking     ] GC(872) Concurrent Mark From Roots 684.079ms
[407.060s][info][gc,marking     ] GC(872) Concurrent Mark Abort
[407.060s][info][gc             ] GC(872) Concurrent Cycle 684.711ms
[407.062s][info][gc,start       ] GC(876) Pause Young (Concurrent Start) (G1 Humongous Allocation)
[407.062s][info][gc,task        ] GC(876) Using 8 workers of 8 for evacuation
[407.063s][info][gc,phases      ] GC(876)   Pre Evacuate Collection Set: 0.1ms
[407.063s][info][gc,phases      ] GC(876)   Merge Heap Roots: 0.0ms
[407.063s][info][gc,phases      ] GC(876)   Evacuate Collection Set: 0.6ms
[407.063s][info][gc,phases      ] GC(876)   Post Evacuate Collection Set: 0.2ms
[407.063s][info][gc,phases      ] GC(876)   Other: 0.2ms
[407.063s][info][gc,heap        ] GC(876) Eden regions: 1->0(24)
[407.063s][info][gc,heap        ] GC(876) Survivor regions: 0->1(4)
[407.063s][info][gc,heap        ] GC(876) Old regions: 491->491
[407.063s][info][gc,heap        ] GC(876) Archive regions: 2->2
[407.063s][info][gc,heap        ] GC(876) Humongous regions: 11->11
[407.063s][info][gc,metaspace   ] GC(876) Metaspace: 44187K(45776K)->44187K(45776K) NonClass: 38966K(40148K)->38966K(40148K) Class: 5221K(5628K)->5221K(5628K)
[407.063s][info][gc             ] GC(876) Pause Young (Concurrent Start) (G1 Humongous Allocation) 500M->500M(512M) 1.220ms
[407.063s][info][gc,cpu         ] GC(876) User=0.00s Sys=0.01s Real=0.00s
[407.063s][info][gc             ] GC(877) Concurrent Cycle
[407.063s][info][gc,marking     ] GC(877) Concurrent Clear Claimed Marks
[407.063s][info][gc,marking     ] GC(877) Concurrent Clear Claimed Marks 0.024ms
[407.063s][info][gc,marking     ] GC(877) Concurrent Scan Root Regions
[407.063s][info][gc,marking     ] GC(877) Concurrent Scan Root Regions 0.613ms
[407.063s][info][gc,marking     ] GC(877) Concurrent Mark (407.063s)
[407.063s][info][gc,marking     ] GC(877) Concurrent Mark From Roots
[407.064s][info][gc,task        ] GC(877) Using 2 workers of 2 for marking
[407.064s][info][gc,start       ] GC(878) Pause Young (Normal) (G1 Humongous Allocation)
[407.064s][info][gc,task        ] GC(878) Using 8 workers of 8 for evacuation
[407.064s][info][gc,phases      ] GC(878)   Pre Evacuate Collection Set: 0.1ms
[407.064s][info][gc,phases      ] GC(878)   Merge Heap Roots: 0.0ms
[407.064s][info][gc,phases      ] GC(878)   Evacuate Collection Set: 0.2ms
[407.064s][info][gc,phases      ] GC(878)   Post Evacuate Collection Set: 0.2ms
[407.064s][info][gc,phases      ] GC(878)   Other: 0.1ms
[407.064s][info][gc,heap        ] GC(878) Eden regions: 1->0(24)
[407.064s][info][gc,heap        ] GC(878) Survivor regions: 1->1(4)
[407.064s][info][gc,heap        ] GC(878) Old regions: 491->491
[407.064s][info][gc,heap        ] GC(878) Archive regions: 2->2
[407.064s][info][gc,heap        ] GC(878) Humongous regions: 11->11
[407.064s][info][gc,metaspace   ] GC(878) Metaspace: 44187K(45776K)->44187K(45776K) NonClass: 38966K(40148K)->38966K(40148K) Class: 5221K(5628K)->5221K(5628K)
[407.064s][info][gc             ] GC(878) Pause Young (Normal) (G1 Humongous Allocation) 500M->500M(512M) 0.669ms
[407.064s][info][gc,cpu         ] GC(878) User=0.00s Sys=0.00s Real=0.00s
[407.064s][info][gc,task        ] GC(879) Using 8 workers of 8 for full compaction
[407.064s][info][gc,start       ] GC(879) Pause Full (G1 Humongous Allocation)
[407.065s][info][gc,phases,start] GC(879) Phase 1: Mark live objects
[407.374s][info][gc,phases      ] GC(879) Phase 1: Mark live objects 309.184ms
[407.374s][info][gc,phases,start] GC(879) Phase 2: Prepare for compaction
[407.401s][info][gc,phases      ] GC(879) Phase 2: Prepare for compaction 27.235ms
[407.401s][info][gc,phases,start] GC(879) Phase 3: Adjust pointers
[407.468s][info][gc,phases      ] GC(879) Phase 3: Adjust pointers 66.402ms
[407.468s][info][gc,phases,start] GC(879) Phase 4: Compact heap
[407.490s][info][gc,phases      ] GC(879) Phase 4: Compact heap 22.552ms
[407.495s][info][gc,heap        ] GC(879) Eden regions: 0->0(25)
[407.495s][info][gc,heap        ] GC(879) Survivor regions: 1->0(4)
[407.495s][info][gc,heap        ] GC(879) Old regions: 491->491
[407.495s][info][gc,heap        ] GC(879) Archive regions: 2->2
[407.495s][info][gc,heap        ] GC(879) Humongous regions: 11->11
[407.495s][info][gc,metaspace   ] GC(879) Metaspace: 44187K(45776K)->44187K(45776K) NonClass: 38966K(40148K)->38966K(40148K) Class: 5221K(5628K)->5221K(5628K)
[407.495s][info][gc             ] GC(879) Pause Full (G1 Humongous Allocation) 500M->500M(512M) 430.646ms
[407.496s][info][gc,cpu         ] GC(879) User=2.44s Sys=0.03s Real=0.44s
[407.496s][info][gc,task        ] GC(880) Using 8 workers of 8 for full compaction
[407.496s][info][gc,start       ] GC(880) Pause Full (G1 Humongous Allocation)
[407.497s][info][gc,phases,start] GC(880) Phase 1: Mark live objects
[407.727s][info][gc,phases      ] GC(880) Phase 1: Mark live objects 230.774ms
[407.727s][info][gc,phases,start] GC(880) Phase 2: Prepare for compaction
[407.766s][info][gc,phases      ] GC(880) Phase 2: Prepare for compaction 38.455ms
[407.766s][info][gc,phases,start] GC(880) Phase 3: Adjust pointers
[407.832s][info][gc,phases      ] GC(880) Phase 3: Adjust pointers 66.482ms
[407.832s][info][gc,phases,start] GC(880) Phase 4: Compact heap
[407.856s][info][gc,phases      ] GC(880) Phase 4: Compact heap 23.608ms
[407.860s][info][gc,heap        ] GC(880) Eden regions: 0->0(25)
[407.860s][info][gc,heap        ] GC(880) Survivor regions: 0->0(4)
[407.860s][info][gc,heap        ] GC(880) Old regions: 491->491
[407.860s][info][gc,heap        ] GC(880) Archive regions: 2->2
[407.860s][info][gc,heap        ] GC(880) Humongous regions: 11->11
[407.860s][info][gc,metaspace   ] GC(880) Metaspace: 44187K(45776K)->44187K(45776K) NonClass: 38966K(40148K)->38966K(40148K) Class: 5221K(5628K)->5221K(5628K)
[407.860s][info][gc             ] GC(880) Pause Full (G1 Humongous Allocation) 500M->500M(512M) 363.773ms
[407.862s][info][gc,cpu         ] GC(880) User=2.49s Sys=0.03s Real=0.36s
[407.862s][info][gc,marking     ] GC(877) Concurrent Mark From Roots 798.722ms
[407.863s][info][gc,marking     ] GC(877) Concurrent Mark Abort
[407.863s][info][gc             ] GC(877) Concurrent Cycle 800.060ms
[407.864s][info][gc,start       ] GC(881) Pause Young (Normal) (G1 Humongous Allocation)
[407.864s][info][gc,task        ] GC(881) Using 8 workers of 8 for evacuation
[407.864s][info][gc,phases      ] GC(881)   Pre Evacuate Collection Set: 0.1ms
[407.864s][info][gc,phases      ] GC(881)   Merge Heap Roots: 0.1ms
[407.864s][info][gc,phases      ] GC(881)   Evacuate Collection Set: 0.2ms
[407.864s][info][gc,phases      ] GC(881)   Post Evacuate Collection Set: 0.2ms
[407.864s][info][gc,phases      ] GC(881)   Other: 0.1ms
[407.864s][info][gc,heap        ] GC(881) Eden regions: 0->0(25)
[407.864s][info][gc,heap        ] GC(881) Survivor regions: 0->0(4)
[407.864s][info][gc,heap        ] GC(881) Old regions: 491->491
[407.864s][info][gc,heap        ] GC(881) Archive regions: 2->2
[407.864s][info][gc,heap        ] GC(881) Humongous regions: 11->11
[407.864s][info][gc,metaspace   ] GC(881) Metaspace: 44187K(45776K)->44187K(45776K) NonClass: 38966K(40148K)->38966K(40148K) Class: 5221K(5628K)->5221K(5628K)
[407.864s][info][gc             ] GC(881) Pause Young (Normal) (G1 Humongous Allocation) 500M->500M(512M) 0.705ms
[407.864s][info][gc,cpu         ] GC(881) User=0.00s Sys=0.00s Real=0.00s
[407.864s][info][gc,task        ] GC(882) Using 8 workers of 8 for full compaction
[407.864s][info][gc,start       ] GC(882) Pause Full (G1 Humongous Allocation)
[407.864s][info][gc,phases,start] GC(882) Phase 1: Mark live objects
[408.084s][info][gc,phases      ] GC(882) Phase 1: Mark live objects 219.987ms
[408.084s][info][gc,phases,start] GC(882) Phase 2: Prepare for compaction
[408.112s][info][gc,phases      ] GC(882) Phase 2: Prepare for compaction 27.858ms
[408.112s][info][gc,phases,start] GC(882) Phase 3: Adjust pointers
[408.178s][info][gc,phases      ] GC(882) Phase 3: Adjust pointers 66.062ms
[408.178s][info][gc,phases,start] GC(882) Phase 4: Compact heap
[408.204s][info][gc,phases      ] GC(882) Phase 4: Compact heap 25.664ms
[408.208s][info][gc,heap        ] GC(882) Eden regions: 0->0(25)
[408.208s][info][gc,heap        ] GC(882) Survivor regions: 0->0(4)
[408.208s][info][gc,heap        ] GC(882) Old regions: 491->491
[408.208s][info][gc,heap        ] GC(882) Archive regions: 2->2
[408.208s][info][gc,heap        ] GC(882) Humongous regions: 11->11
[408.208s][info][gc,metaspace   ] GC(882) Metaspace: 44187K(45776K)->44187K(45776K) NonClass: 38966K(40148K)->38966K(40148K) Class: 5221K(5628K)->5221K(5628K)
[408.208s][info][gc             ] GC(882) Pause Full (G1 Humongous Allocation) 500M->500M(512M) 343.982ms
[408.210s][info][gc,cpu         ] GC(882) User=2.51s Sys=0.03s Real=0.35s
[408.210s][info][gc,task        ] GC(883) Using 8 workers of 8 for full compaction
[408.210s][info][gc,start       ] GC(883) Pause Full (G1 Humongous Allocation)
[408.210s][info][gc,phases,start] GC(883) Phase 1: Mark live objects
[408.436s][info][gc,phases      ] GC(883) Phase 1: Mark live objects 225.655ms
[408.436s][info][gc,phases,start] GC(883) Phase 2: Prepare for compaction
[408.466s][info][gc,phases      ] GC(883) Phase 2: Prepare for compaction 29.864ms
[408.466s][info][gc,phases,start] GC(883) Phase 3: Adjust pointers
[408.535s][info][gc,phases      ] GC(883) Phase 3: Adjust pointers 68.876ms
[408.535s][info][gc,phases,start] GC(883) Phase 4: Compact heap
[408.560s][info][gc,phases      ] GC(883) Phase 4: Compact heap 25.598ms
[408.565s][info][gc,heap        ] GC(883) Eden regions: 0->0(25)
[408.565s][info][gc,heap        ] GC(883) Survivor regions: 0->0(4)
[408.565s][info][gc,heap        ] GC(883) Old regions: 491->491
[408.565s][info][gc,heap        ] GC(883) Archive regions: 2->2
[408.565s][info][gc,heap        ] GC(883) Humongous regions: 11->11
[408.565s][info][gc,metaspace   ] GC(883) Metaspace: 44187K(45776K)->44187K(45776K) NonClass: 38966K(40148K)->38966K(40148K) Class: 5221K(5628K)->5221K(5628K)
[408.565s][info][gc             ] GC(883) Pause Full (G1 Humongous Allocation) 500M->500M(512M) 354.550ms
[408.567s][info][gc,cpu         ] GC(883) User=2.51s Sys=0.03s Real=0.36s
[408.567s][info][gc,start       ] GC(884) Pause Young (Concurrent Start) (G1 Humongous Allocation)
[408.567s][info][gc,task        ] GC(884) Using 8 workers of 8 for evacuation
[408.568s][info][gc,phases      ] GC(884)   Pre Evacuate Collection Set: 0.1ms
[408.568s][info][gc,phases      ] GC(884)   Merge Heap Roots: 0.0ms
[408.568s][info][gc,phases      ] GC(884)   Evacuate Collection Set: 0.6ms
[408.568s][info][gc,phases      ] GC(884)   Post Evacuate Collection Set: 0.2ms
[408.568s][info][gc,phases      ] GC(884)   Other: 0.1ms
[408.568s][info][gc,heap        ] GC(884) Eden regions: 1->0(24)
[408.568s][info][gc,heap        ] GC(884) Survivor regions: 0->1(4)
[408.568s][info][gc,heap        ] GC(884) Old regions: 491->491
[408.568s][info][gc,heap        ] GC(884) Archive regions: 2->2
[408.568s][info][gc,heap        ] GC(884) Humongous regions: 11->11
[408.568s][info][gc,metaspace   ] GC(884) Metaspace: 44187K(45776K)->44187K(45776K) NonClass: 38966K(40148K)->38966K(40148K) Class: 5221K(5628K)->5221K(5628K)
[408.568s][info][gc             ] GC(884) Pause Young (Concurrent Start) (G1 Humongous Allocation) 500M->500M(512M) 1.106ms
[408.568s][info][gc,cpu         ] GC(884) User=0.00s Sys=0.00s Real=0.00s
[408.568s][info][gc,task        ] GC(885) Using 8 workers of 8 for full compaction
[408.568s][info][gc,start       ] GC(885) Pause Full (G1 Humongous Allocation)
[408.568s][info][gc             ] GC(886) Concurrent Cycle
[408.568s][info][gc,marking     ] GC(886) Concurrent Clear Claimed Marks
[408.568s][info][gc,marking     ] GC(886) Concurrent Clear Claimed Marks 0.016ms
[408.568s][info][gc,marking     ] GC(886) Concurrent Scan Root Regions
[408.568s][info][gc,marking     ] GC(886) Concurrent Scan Root Regions 0.018ms
[408.568s][info][gc,marking     ] GC(886) Concurrent Mark (408.568s)
[408.568s][info][gc,marking     ] GC(886) Concurrent Mark From Roots
[408.568s][info][gc,task        ] GC(886) Using 2 workers of 2 for marking
[408.569s][info][gc,phases,start] GC(885) Phase 1: Mark live objects
[408.793s][info][gc,phases      ] GC(885) Phase 1: Mark live objects 224.175ms
[408.793s][info][gc,phases,start] GC(885) Phase 2: Prepare for compaction
[408.823s][info][gc,phases      ] GC(885) Phase 2: Prepare for compaction 30.295ms
[408.823s][info][gc,phases,start] GC(885) Phase 3: Adjust pointers
[408.892s][info][gc,phases      ] GC(885) Phase 3: Adjust pointers 68.728ms
[408.892s][info][gc,phases,start] GC(885) Phase 4: Compact heap
[408.919s][info][gc,phases      ] GC(885) Phase 4: Compact heap 27.054ms
[408.924s][info][gc,heap        ] GC(885) Eden regions: 0->0(25)
[408.924s][info][gc,heap        ] GC(885) Survivor regions: 1->0(4)
[408.924s][info][gc,heap        ] GC(885) Old regions: 491->490
[408.924s][info][gc,heap        ] GC(885) Archive regions: 2->2
[408.924s][info][gc,heap        ] GC(885) Humongous regions: 11->11
[408.924s][info][gc,metaspace   ] GC(885) Metaspace: 44187K(45776K)->44187K(45776K) NonClass: 38966K(40148K)->38966K(40148K) Class: 5221K(5628K)->5221K(5628K)
[408.924s][info][gc             ] GC(885) Pause Full (G1 Humongous Allocation) 500M->499M(512M) 355.710ms
[408.925s][info][gc,cpu         ] GC(885) User=2.57s Sys=0.03s Real=0.36s
[408.925s][info][gc,task        ] GC(887) Using 8 workers of 8 for full compaction
[408.925s][info][gc,start       ] GC(887) Pause Full (G1 Humongous Allocation)
[408.925s][info][gc,phases,start] GC(887) Phase 1: Mark live objects
[409.152s][info][gc,phases      ] GC(887) Phase 1: Mark live objects 226.542ms
[409.152s][info][gc,phases,start] GC(887) Phase 2: Prepare for compaction
[409.182s][info][gc,phases      ] GC(887) Phase 2: Prepare for compaction 30.292ms
[409.182s][info][gc,phases,start] GC(887) Phase 3: Adjust pointers
[409.254s][info][gc,phases      ] GC(887) Phase 3: Adjust pointers 71.947ms
[409.254s][info][gc,phases,start] GC(887) Phase 4: Compact heap
[409.281s][info][gc,phases      ] GC(887) Phase 4: Compact heap 27.510ms
[409.286s][info][gc,heap        ] GC(887) Eden regions: 0->0(25)
[409.286s][info][gc,heap        ] GC(887) Survivor regions: 0->0(4)
[409.286s][info][gc,heap        ] GC(887) Old regions: 490->490
[409.286s][info][gc,heap        ] GC(887) Archive regions: 2->2
[409.286s][info][gc,heap        ] GC(887) Humongous regions: 11->11
[409.286s][info][gc,metaspace   ] GC(887) Metaspace: 44187K(45776K)->44187K(45776K) NonClass: 38966K(40148K)->38966K(40148K) Class: 5221K(5628K)->5221K(5628K)
[409.286s][info][gc             ] GC(887) Pause Full (G1 Humongous Allocation) 499M->499M(512M) 361.121ms
[409.288s][info][gc,cpu         ] GC(887) User=2.53s Sys=0.03s Real=0.36s
[409.288s][info][gc,marking     ] GC(886) Concurrent Mark From Roots 719.631ms
[409.288s][info][gc,marking     ] GC(886) Concurrent Mark Abort
[409.288s][info][gc             ] GC(886) Concurrent Cycle 719.788ms
[409.288s][info][gc,start       ] GC(888) Pause Young (Concurrent Start) (G1 Humongous Allocation)
[409.288s][info][gc,task        ] GC(888) Using 8 workers of 8 for evacuation
[409.289s][info][gc,phases      ] GC(888)   Pre Evacuate Collection Set: 0.1ms
[409.289s][info][gc,phases      ] GC(888)   Merge Heap Roots: 0.0ms
[409.289s][info][gc,phases      ] GC(888)   Evacuate Collection Set: 0.6ms
[409.289s][info][gc,phases      ] GC(888)   Post Evacuate Collection Set: 0.2ms
[409.289s][info][gc,phases      ] GC(888)   Other: 0.1ms
[409.289s][info][gc,heap        ] GC(888) Eden regions: 1->0(24)
[409.289s][info][gc,heap        ] GC(888) Survivor regions: 0->1(4)
[409.289s][info][gc,heap        ] GC(888) Old regions: 490->490
[409.289s][info][gc,heap        ] GC(888) Archive regions: 2->2
[409.289s][info][gc,heap        ] GC(888) Humongous regions: 11->11
[409.289s][info][gc,metaspace   ] GC(888) Metaspace: 44187K(45776K)->44187K(45776K) NonClass: 38966K(40148K)->38966K(40148K) Class: 5221K(5628K)->5221K(5628K)
[409.289s][info][gc             ] GC(888) Pause Young (Concurrent Start) (G1 Humongous Allocation) 500M->499M(512M) 1.046ms
[409.289s][info][gc,cpu         ] GC(888) User=0.01s Sys=0.00s Real=0.00s
[409.289s][info][gc             ] GC(889) Concurrent Cycle
[409.289s][info][gc,marking     ] GC(889) Concurrent Clear Claimed Marks
[409.289s][info][gc,marking     ] GC(889) Concurrent Clear Claimed Marks 0.017ms
[409.289s][info][gc,marking     ] GC(889) Concurrent Scan Root Regions
[409.290s][info][gc,marking     ] GC(889) Concurrent Scan Root Regions 0.457ms
[409.290s][info][gc,marking     ] GC(889) Concurrent Mark (409.290s)
[409.290s][info][gc,marking     ] GC(889) Concurrent Mark From Roots
[409.290s][info][gc,task        ] GC(889) Using 2 workers of 2 for marking
[409.290s][info][gc,start       ] GC(890) Pause Young (Normal) (G1 Humongous Allocation)
[409.290s][info][gc,task        ] GC(890) Using 8 workers of 8 for evacuation
[409.290s][info][gc,phases      ] GC(890)   Pre Evacuate Collection Set: 0.4ms
[409.290s][info][gc,phases      ] GC(890)   Merge Heap Roots: 0.0ms
[409.290s][info][gc,phases      ] GC(890)   Evacuate Collection Set: 0.2ms
[409.290s][info][gc,phases      ] GC(890)   Post Evacuate Collection Set: 0.2ms
[409.290s][info][gc,phases      ] GC(890)   Other: 0.1ms
[409.290s][info][gc,heap        ] GC(890) Eden regions: 0->0(24)
[409.290s][info][gc,heap        ] GC(890) Survivor regions: 1->1(4)
[409.290s][info][gc,heap        ] GC(890) Old regions: 490->490
[409.290s][info][gc,heap        ] GC(890) Archive regions: 2->2
[409.290s][info][gc,heap        ] GC(890) Humongous regions: 11->11
[409.290s][info][gc,metaspace   ] GC(890) Metaspace: 44187K(45776K)->44187K(45776K) NonClass: 38966K(40148K)->38966K(40148K) Class: 5221K(5628K)->5221K(5628K)
[409.290s][info][gc             ] GC(890) Pause Young (Normal) (G1 Humongous Allocation) 499M->499M(512M) 0.725ms
[409.290s][info][gc,cpu         ] GC(890) User=0.00s Sys=0.00s Real=0.00s
[409.291s][info][gc,task        ] GC(891) Using 8 workers of 8 for full compaction
[409.291s][info][gc,start       ] GC(891) Pause Full (G1 Humongous Allocation)
[409.291s][info][gc,phases,start] GC(891) Phase 1: Mark live objects
[409.512s][info][gc,phases      ] GC(891) Phase 1: Mark live objects 221.212ms
[409.512s][info][gc,phases,start] GC(891) Phase 2: Prepare for compaction
[409.544s][info][gc,phases      ] GC(891) Phase 2: Prepare for compaction 31.501ms
[409.544s][info][gc,phases,start] GC(891) Phase 3: Adjust pointers
[409.612s][info][gc,phases      ] GC(891) Phase 3: Adjust pointers 67.801ms
[409.612s][info][gc,phases,start] GC(891) Phase 4: Compact heap
[409.640s][info][gc,phases      ] GC(891) Phase 4: Compact heap 27.984ms
[409.644s][info][gc,heap        ] GC(891) Eden regions: 0->0(25)
[409.644s][info][gc,heap        ] GC(891) Survivor regions: 1->0(4)
[409.644s][info][gc,heap        ] GC(891) Old regions: 490->489
[409.644s][info][gc,heap        ] GC(891) Archive regions: 2->2
[409.644s][info][gc,heap        ] GC(891) Humongous regions: 11->11
[409.644s][info][gc,metaspace   ] GC(891) Metaspace: 44187K(45776K)->44187K(45776K) NonClass: 38966K(40148K)->38966K(40148K) Class: 5221K(5628K)->5221K(5628K)
[409.644s][info][gc             ] GC(891) Pause Full (G1 Humongous Allocation) 499M->498M(512M) 353.630ms
[409.645s][info][gc,cpu         ] GC(891) User=2.57s Sys=0.03s Real=0.36s
[409.645s][info][gc,task        ] GC(892) Using 8 workers of 8 for full compaction
[409.646s][info][gc,start       ] GC(892) Pause Full (G1 Humongous Allocation)
[409.646s][info][gc,phases,start] GC(892) Phase 1: Mark live objects
[409.866s][info][gc,phases      ] GC(892) Phase 1: Mark live objects 220.764ms
[409.866s][info][gc,phases,start] GC(892) Phase 2: Prepare for compaction
[409.896s][info][gc,phases      ] GC(892) Phase 2: Prepare for compaction 29.530ms
[409.896s][info][gc,phases,start] GC(892) Phase 3: Adjust pointers
[409.964s][info][gc,phases      ] GC(892) Phase 3: Adjust pointers 68.529ms
[409.964s][info][gc,phases,start] GC(892) Phase 4: Compact heap
[409.991s][info][gc,phases      ] GC(892) Phase 4: Compact heap 26.309ms
[409.995s][info][gc,heap        ] GC(892) Eden regions: 0->0(25)
[409.995s][info][gc,heap        ] GC(892) Survivor regions: 0->0(4)
[409.995s][info][gc,heap        ] GC(892) Old regions: 489->489
[409.995s][info][gc,heap        ] GC(892) Archive regions: 2->2
[409.995s][info][gc,heap        ] GC(892) Humongous regions: 11->11
[409.995s][info][gc,metaspace   ] GC(892) Metaspace: 44187K(45776K)->44187K(45776K) NonClass: 38966K(40148K)->38966K(40148K) Class: 5221K(5628K)->5221K(5628K)
[409.995s][info][gc             ] GC(892) Pause Full (G1 Humongous Allocation) 498M->498M(512M) 349.688ms
[409.997s][info][gc,cpu         ] GC(892) User=2.52s Sys=0.02s Real=0.35s
[409.997s][info][gc,marking     ] GC(889) Concurrent Mark From Roots 707.373ms
[409.997s][info][gc,marking     ] GC(889) Concurrent Mark Abort
[409.997s][info][gc             ] GC(889) Concurrent Cycle 707.940ms
[409.997s][info][gc,start       ] GC(893) Pause Young (Concurrent Start) (G1 Humongous Allocation)
[409.997s][info][gc,task        ] GC(893) Using 8 workers of 8 for evacuation
[409.998s][info][gc,phases      ] GC(893)   Pre Evacuate Collection Set: 0.1ms
[409.998s][info][gc,phases      ] GC(893)   Merge Heap Roots: 0.0ms
[409.998s][info][gc,phases      ] GC(893)   Evacuate Collection Set: 0.5ms
[409.998s][info][gc,phases      ] GC(893)   Post Evacuate Collection Set: 0.2ms
[409.998s][info][gc,phases      ] GC(893)   Other: 0.1ms
[409.998s][info][gc,heap        ] GC(893) Eden regions: 1->0(24)
[409.998s][info][gc,heap        ] GC(893) Survivor regions: 0->1(4)
[409.998s][info][gc,heap        ] GC(893) Old regions: 489->489
[409.998s][info][gc,heap        ] GC(893) Archive regions: 2->2
[409.998s][info][gc,heap        ] GC(893) Humongous regions: 11->11
[409.998s][info][gc,metaspace   ] GC(893) Metaspace: 44187K(45776K)->44187K(45776K) NonClass: 38966K(40148K)->38966K(40148K) Class: 5221K(5628K)->5221K(5628K)
[409.998s][info][gc             ] GC(893) Pause Young (Concurrent Start) (G1 Humongous Allocation) 498M->498M(512M) 1.054ms
[409.998s][info][gc,cpu         ] GC(893) User=0.00s Sys=0.00s Real=0.00s
[409.998s][info][gc             ] GC(894) Concurrent Cycle
[409.998s][info][gc,marking     ] GC(894) Concurrent Clear Claimed Marks
[409.998s][info][gc,marking     ] GC(894) Concurrent Clear Claimed Marks 0.023ms
[409.999s][info][gc,marking     ] GC(894) Concurrent Scan Root Regions
[409.999s][info][gc,marking     ] GC(894) Concurrent Scan Root Regions 0.406ms
[409.999s][info][gc,marking     ] GC(894) Concurrent Mark (409.999s)
[409.999s][info][gc,marking     ] GC(894) Concurrent Mark From Roots
[409.999s][info][gc,task        ] GC(894) Using 2 workers of 2 for marking
[409.999s][info][gc,start       ] GC(895) Pause Young (Normal) (G1 Humongous Allocation)
[409.999s][info][gc,task        ] GC(895) Using 8 workers of 8 for evacuation
[409.999s][info][gc,phases      ] GC(895)   Pre Evacuate Collection Set: 0.4ms
[409.999s][info][gc,phases      ] GC(895)   Merge Heap Roots: 0.0ms
[409.999s][info][gc,phases      ] GC(895)   Evacuate Collection Set: 0.2ms
[409.999s][info][gc,phases      ] GC(895)   Post Evacuate Collection Set: 0.2ms
[409.999s][info][gc,phases      ] GC(895)   Other: 0.1ms
[410.000s][info][gc,heap        ] GC(895) Eden regions: 1->0(24)
[410.000s][info][gc,heap        ] GC(895) Survivor regions: 1->1(4)
[410.000s][info][gc,heap        ] GC(895) Old regions: 489->489
[410.000s][info][gc,heap        ] GC(895) Archive regions: 2->2
[410.000s][info][gc,heap        ] GC(895) Humongous regions: 11->11
[410.000s][info][gc,metaspace   ] GC(895) Metaspace: 44187K(45776K)->44187K(45776K) NonClass: 38966K(40148K)->38966K(40148K) Class: 5221K(5628K)->5221K(5628K)
[410.000s][info][gc             ] GC(895) Pause Young (Normal) (G1 Humongous Allocation) 498M->498M(512M) 0.627ms
[410.000s][info][gc,cpu         ] GC(895) User=0.00s Sys=0.00s Real=0.00s
[410.000s][info][gc,task        ] GC(896) Using 8 workers of 8 for full compaction
[410.000s][info][gc,start       ] GC(896) Pause Full (G1 Humongous Allocation)
[410.000s][info][gc,phases,start] GC(896) Phase 1: Mark live objects
[410.223s][info][gc,phases      ] GC(896) Phase 1: Mark live objects 222.770ms
[410.223s][info][gc,phases,start] GC(896) Phase 2: Prepare for compaction
[410.252s][info][gc,phases      ] GC(896) Phase 2: Prepare for compaction 28.835ms
[410.252s][info][gc,phases,start] GC(896) Phase 3: Adjust pointers
[410.320s][info][gc,phases      ] GC(896) Phase 3: Adjust pointers 68.375ms
[410.320s][info][gc,phases,start] GC(896) Phase 4: Compact heap
[410.345s][info][gc,phases      ] GC(896) Phase 4: Compact heap 24.717ms
[410.349s][info][gc,heap        ] GC(896) Eden regions: 0->0(25)
[410.349s][info][gc,heap        ] GC(896) Survivor regions: 1->0(4)
[410.349s][info][gc,heap        ] GC(896) Old regions: 489->489
[410.349s][info][gc,heap        ] GC(896) Archive regions: 2->2
[410.349s][info][gc,heap        ] GC(896) Humongous regions: 11->11
[410.349s][info][gc,metaspace   ] GC(896) Metaspace: 44187K(45776K)->44187K(45776K) NonClass: 38966K(40148K)->38966K(40148K) Class: 5221K(5628K)->5221K(5628K)
[410.349s][info][gc             ] GC(896) Pause Full (G1 Humongous Allocation) 498M->497M(512M) 349.648ms
[410.351s][info][gc,cpu         ] GC(896) User=2.55s Sys=0.04s Real=0.35s
[410.351s][info][gc,task        ] GC(897) Using 8 workers of 8 for full compaction
[410.351s][info][gc,start       ] GC(897) Pause Full (G1 Humongous Allocation)
[410.351s][info][gc,phases,start] GC(897) Phase 1: Mark live objects
[410.563s][info][gc,phases      ] GC(897) Phase 1: Mark live objects 212.363ms
[410.563s][info][gc,phases,start] GC(897) Phase 2: Prepare for compaction
[410.591s][info][gc,phases      ] GC(897) Phase 2: Prepare for compaction 27.992ms
[410.591s][info][gc,phases,start] GC(897) Phase 3: Adjust pointers
[410.657s][info][gc,phases      ] GC(897) Phase 3: Adjust pointers 65.614ms
[410.657s][info][gc,phases,start] GC(897) Phase 4: Compact heap
[410.682s][info][gc,phases      ] GC(897) Phase 4: Compact heap 25.491ms
[410.687s][info][gc,heap        ] GC(897) Eden regions: 0->0(25)
[410.687s][info][gc,heap        ] GC(897) Survivor regions: 0->0(4)
[410.687s][info][gc,heap        ] GC(897) Old regions: 489->488
[410.687s][info][gc,heap        ] GC(897) Archive regions: 2->2
[410.687s][info][gc,heap        ] GC(897) Humongous regions: 11->11
[410.687s][info][gc,metaspace   ] GC(897) Metaspace: 44187K(45776K)->44187K(45776K) NonClass: 38966K(40148K)->38966K(40148K) Class: 5221K(5628K)->5221K(5628K)
[410.687s][info][gc             ] GC(897) Pause Full (G1 Humongous Allocation) 497M->497M(512M) 336.036ms
[410.688s][info][gc,cpu         ] GC(897) User=2.46s Sys=0.02s Real=0.34s
[410.689s][info][gc,marking     ] GC(894) Concurrent Mark From Roots 689.639ms
[410.689s][info][gc,marking     ] GC(894) Concurrent Mark Abort
[410.689s][info][gc             ] GC(894) Concurrent Cycle 690.212ms
[410.689s][info][gc,start       ] GC(898) Pause Young (Normal) (G1 Humongous Allocation)
[410.689s][info][gc,task        ] GC(898) Using 8 workers of 8 for evacuation
[410.689s][info][gc,phases      ] GC(898)   Pre Evacuate Collection Set: 0.1ms
[410.689s][info][gc,phases      ] GC(898)   Merge Heap Roots: 0.0ms
[410.689s][info][gc,phases      ] GC(898)   Evacuate Collection Set: 0.2ms
[410.689s][info][gc,phases      ] GC(898)   Post Evacuate Collection Set: 0.2ms
[410.689s][info][gc,phases      ] GC(898)   Other: 0.1ms
[410.689s][info][gc,heap        ] GC(898) Eden regions: 1->0(24)
[410.689s][info][gc,heap        ] GC(898) Survivor regions: 0->1(4)
[410.689s][info][gc,heap        ] GC(898) Old regions: 488->488
[410.689s][info][gc,heap        ] GC(898) Archive regions: 2->2
[410.689s][info][gc,heap        ] GC(898) Humongous regions: 11->11
[410.689s][info][gc,metaspace   ] GC(898) Metaspace: 44187K(45776K)->44187K(45776K) NonClass: 38966K(40148K)->38966K(40148K) Class: 5221K(5628K)->5221K(5628K)
[410.689s][info][gc             ] GC(898) Pause Young (Normal) (G1 Humongous Allocation) 497M->497M(512M) 0.587ms
[410.689s][info][gc,cpu         ] GC(898) User=0.00s Sys=0.00s Real=0.00s
[410.689s][info][gc,task        ] GC(899) Using 8 workers of 8 for full compaction
[410.689s][info][gc,start       ] GC(899) Pause Full (G1 Humongous Allocation)
[410.689s][info][gc,phases,start] GC(899) Phase 1: Mark live objects
[410.910s][info][gc,phases      ] GC(899) Phase 1: Mark live objects 220.370ms
[410.910s][info][gc,phases,start] GC(899) Phase 2: Prepare for compaction
[410.939s][info][gc,phases      ] GC(899) Phase 2: Prepare for compaction 29.143ms
[410.939s][info][gc,phases,start] GC(899) Phase 3: Adjust pointers
[411.005s][info][gc,phases      ] GC(899) Phase 3: Adjust pointers 65.787ms
[411.005s][info][gc,phases,start] GC(899) Phase 4: Compact heap
[411.031s][info][gc,phases      ] GC(899) Phase 4: Compact heap 26.137ms
[411.035s][info][gc,heap        ] GC(899) Eden regions: 0->0(25)
[411.035s][info][gc,heap        ] GC(899) Survivor regions: 1->0(4)
[411.035s][info][gc,heap        ] GC(899) Old regions: 488->488
[411.035s][info][gc,heap        ] GC(899) Archive regions: 2->2
[411.035s][info][gc,heap        ] GC(899) Humongous regions: 11->11
[411.035s][info][gc,metaspace   ] GC(899) Metaspace: 44187K(45776K)->44187K(45776K) NonClass: 38966K(40148K)->38966K(40148K) Class: 5221K(5628K)->5221K(5628K)
[411.035s][info][gc             ] GC(899) Pause Full (G1 Humongous Allocation) 497M->497M(512M) 345.862ms
[411.036s][info][gc,cpu         ] GC(899) User=2.46s Sys=0.03s Real=0.35s
[411.036s][info][gc,task        ] GC(900) Using 8 workers of 8 for full compaction
[411.037s][info][gc,start       ] GC(900) Pause Full (G1 Humongous Allocation)
[411.037s][info][gc,phases,start] GC(900) Phase 1: Mark live objects
[411.249s][info][gc,phases      ] GC(900) Phase 1: Mark live objects 212.386ms
[411.249s][info][gc,phases,start] GC(900) Phase 2: Prepare for compaction
[411.280s][info][gc,phases      ] GC(900) Phase 2: Prepare for compaction 31.228ms
[411.280s][info][gc,phases,start] GC(900) Phase 3: Adjust pointers
[411.347s][info][gc,phases      ] GC(900) Phase 3: Adjust pointers 66.839ms
[411.347s][info][gc,phases,start] GC(900) Phase 4: Compact heap
[411.371s][info][gc,phases      ] GC(900) Phase 4: Compact heap 24.296ms
[411.376s][info][gc,heap        ] GC(900) Eden regions: 0->0(25)
[411.376s][info][gc,heap        ] GC(900) Survivor regions: 0->0(4)
[411.376s][info][gc,heap        ] GC(900) Old regions: 488->488
[411.376s][info][gc,heap        ] GC(900) Archive regions: 2->2
[411.376s][info][gc,heap        ] GC(900) Humongous regions: 11->11
[411.376s][info][gc,metaspace   ] GC(900) Metaspace: 44187K(45776K)->44187K(45776K) NonClass: 38966K(40148K)->38966K(40148K) Class: 5221K(5628K)->5221K(5628K)
[411.376s][info][gc             ] GC(900) Pause Full (G1 Humongous Allocation) 497M->497M(512M) 339.186ms
[411.377s][info][gc,cpu         ] GC(900) User=2.46s Sys=0.04s Real=0.34s
[411.378s][info][gc,start       ] GC(901) Pause Young (Concurrent Start) (G1 Humongous Allocation)
[411.378s][info][gc,task        ] GC(901) Using 8 workers of 8 for evacuation
[411.379s][info][gc,phases      ] GC(901)   Pre Evacuate Collection Set: 0.1ms
[411.379s][info][gc,phases      ] GC(901)   Merge Heap Roots: 0.0ms
[411.379s][info][gc,phases      ] GC(901)   Evacuate Collection Set: 0.5ms
[411.379s][info][gc,phases      ] GC(901)   Post Evacuate Collection Set: 0.3ms
[411.379s][info][gc,phases      ] GC(901)   Other: 0.1ms
[411.379s][info][gc,heap        ] GC(901) Eden regions: 1->0(24)
[411.379s][info][gc,heap        ] GC(901) Survivor regions: 0->1(4)
[411.379s][info][gc,heap        ] GC(901) Old regions: 488->488
[411.379s][info][gc,heap        ] GC(901) Archive regions: 2->2
[411.379s][info][gc,heap        ] GC(901) Humongous regions: 11->11
[411.379s][info][gc,metaspace   ] GC(901) Metaspace: 44187K(45776K)->44187K(45776K) NonClass: 38966K(40148K)->38966K(40148K) Class: 5221K(5628K)->5221K(5628K)
[411.379s][info][gc             ] GC(901) Pause Young (Concurrent Start) (G1 Humongous Allocation) 497M->497M(512M) 1.174ms
[411.379s][info][gc,cpu         ] GC(901) User=0.00s Sys=0.00s Real=0.00s
[411.379s][info][gc             ] GC(902) Concurrent Cycle
[411.379s][info][gc,marking     ] GC(902) Concurrent Clear Claimed Marks
[411.379s][info][gc,marking     ] GC(902) Concurrent Clear Claimed Marks 0.023ms
[411.379s][info][gc,marking     ] GC(902) Concurrent Scan Root Regions
[411.380s][info][gc,marking     ] GC(902) Concurrent Scan Root Regions 0.652ms
[411.380s][info][gc,marking     ] GC(902) Concurrent Mark (411.380s)
[411.380s][info][gc,marking     ] GC(902) Concurrent Mark From Roots
[411.380s][info][gc,task        ] GC(902) Using 2 workers of 2 for marking
[411.380s][info][gc,start       ] GC(903) Pause Young (Normal) (G1 Humongous Allocation)
[411.380s][info][gc,task        ] GC(903) Using 8 workers of 8 for evacuation
[411.380s][info][gc,phases      ] GC(903)   Pre Evacuate Collection Set: 0.4ms
[411.380s][info][gc,phases      ] GC(903)   Merge Heap Roots: 0.0ms
[411.380s][info][gc,phases      ] GC(903)   Evacuate Collection Set: 0.2ms
[411.380s][info][gc,phases      ] GC(903)   Post Evacuate Collection Set: 0.1ms
[411.380s][info][gc,phases      ] GC(903)   Other: 0.1ms
[411.380s][info][gc,heap        ] GC(903) Eden regions: 0->0(24)
[411.381s][info][gc,heap        ] GC(903) Survivor regions: 1->1(4)
[411.381s][info][gc,heap        ] GC(903) Old regions: 488->488
[411.381s][info][gc,heap        ] GC(903) Archive regions: 2->2
[411.381s][info][gc,heap        ] GC(903) Humongous regions: 11->11
[411.381s][info][gc,metaspace   ] GC(903) Metaspace: 44187K(45776K)->44187K(45776K) NonClass: 38966K(40148K)->38966K(40148K) Class: 5221K(5628K)->5221K(5628K)
[411.381s][info][gc             ] GC(903) Pause Young (Normal) (G1 Humongous Allocation) 497M->497M(512M) 0.683ms
[411.381s][info][gc,cpu         ] GC(903) User=0.00s Sys=0.00s Real=0.00s
[411.381s][info][gc,task        ] GC(904) Using 8 workers of 8 for full compaction
[411.381s][info][gc,start       ] GC(904) Pause Full (G1 Humongous Allocation)
[411.381s][info][gc,phases,start] GC(904) Phase 1: Mark live objects
[411.601s][info][gc,phases      ] GC(904) Phase 1: Mark live objects 220.129ms
[411.601s][info][gc,phases,start] GC(904) Phase 2: Prepare for compaction
[411.634s][info][gc,phases      ] GC(904) Phase 2: Prepare for compaction 32.580ms
[411.634s][info][gc,phases,start] GC(904) Phase 3: Adjust pointers
[411.705s][info][gc,phases      ] GC(904) Phase 3: Adjust pointers 71.185ms
[411.705s][info][gc,phases,start] GC(904) Phase 4: Compact heap
[411.737s][info][gc,phases      ] GC(904) Phase 4: Compact heap 31.335ms
[411.741s][info][gc,heap        ] GC(904) Eden regions: 0->0(25)
[411.741s][info][gc,heap        ] GC(904) Survivor regions: 1->0(4)
[411.741s][info][gc,heap        ] GC(904) Old regions: 488->487
[411.741s][info][gc,heap        ] GC(904) Archive regions: 2->2
[411.741s][info][gc,heap        ] GC(904) Humongous regions: 11->11
[411.741s][info][gc,metaspace   ] GC(904) Metaspace: 44187K(45776K)->44187K(45776K) NonClass: 38966K(40148K)->38966K(40148K) Class: 5221K(5628K)->5221K(5628K)
[411.741s][info][gc             ] GC(904) Pause Full (G1 Humongous Allocation) 497M->494M(512M) 360.617ms
[411.743s][info][gc,cpu         ] GC(904) User=2.56s Sys=0.03s Real=0.36s
[411.743s][info][gc,task        ] GC(905) Using 8 workers of 8 for full compaction
[411.743s][info][gc,start       ] GC(905) Pause Full (G1 Humongous Allocation)
[411.743s][info][gc,phases,start] GC(905) Phase 1: Mark live objects
[411.973s][info][gc,phases      ] GC(905) Phase 1: Mark live objects 230.011ms
[411.973s][info][gc,phases,start] GC(905) Phase 2: Prepare for compaction
[412.002s][info][gc,phases      ] GC(905) Phase 2: Prepare for compaction 28.653ms
[412.002s][info][gc,phases,start] GC(905) Phase 3: Adjust pointers
[412.074s][info][gc,phases      ] GC(905) Phase 3: Adjust pointers 71.709ms
[412.074s][info][gc,phases,start] GC(905) Phase 4: Compact heap
[412.106s][info][gc,phases      ] GC(905) Phase 4: Compact heap 31.905ms
[412.111s][info][gc,heap        ] GC(905) Eden regions: 0->0(25)
[412.111s][info][gc,heap        ] GC(905) Survivor regions: 0->0(4)
[412.111s][info][gc,heap        ] GC(905) Old regions: 487->487
[412.111s][info][gc,heap        ] GC(905) Archive regions: 2->2
[412.111s][info][gc,heap        ] GC(905) Humongous regions: 11->11
[412.111s][info][gc,metaspace   ] GC(905) Metaspace: 44187K(45776K)->44187K(45776K) NonClass: 38966K(40148K)->38966K(40148K) Class: 5221K(5628K)->5221K(5628K)
[412.111s][info][gc             ] GC(905) Pause Full (G1 Humongous Allocation) 494M->494M(512M) 367.772ms
[412.113s][info][gc,cpu         ] GC(905) User=2.51s Sys=0.03s Real=0.37s
[412.113s][info][gc,marking     ] GC(902) Concurrent Mark From Roots 733.030ms
[412.113s][info][gc,marking     ] GC(902) Concurrent Mark Abort
[412.113s][info][gc             ] GC(902) Concurrent Cycle 733.839ms
[412.113s][info][gc,start       ] GC(906) Pause Young (Normal) (G1 Humongous Allocation)
[412.113s][info][gc,task        ] GC(906) Using 8 workers of 8 for evacuation
[412.114s][info][gc,phases      ] GC(906)   Pre Evacuate Collection Set: 0.1ms
[412.114s][info][gc,phases      ] GC(906)   Merge Heap Roots: 0.0ms
[412.114s][info][gc,phases      ] GC(906)   Evacuate Collection Set: 0.3ms
[412.114s][info][gc,phases      ] GC(906)   Post Evacuate Collection Set: 0.3ms
[412.114s][info][gc,phases      ] GC(906)   Other: 0.1ms
[412.114s][info][gc,heap        ] GC(906) Eden regions: 1->0(24)
[412.114s][info][gc,heap        ] GC(906) Survivor regions: 0->1(4)
[412.114s][info][gc,heap        ] GC(906) Old regions: 487->487
[412.114s][info][gc,heap        ] GC(906) Archive regions: 2->2
[412.114s][info][gc,heap        ] GC(906) Humongous regions: 11->11
[412.114s][info][gc,metaspace   ] GC(906) Metaspace: 44187K(45776K)->44187K(45776K) NonClass: 38966K(40148K)->38966K(40148K) Class: 5221K(5628K)->5221K(5628K)
[412.114s][info][gc             ] GC(906) Pause Young (Normal) (G1 Humongous Allocation) 495M->494M(512M) 0.888ms
[412.114s][info][gc,cpu         ] GC(906) User=0.00s Sys=0.00s Real=0.00s
[412.114s][info][gc,task        ] GC(907) Using 8 workers of 8 for full compaction
[412.114s][info][gc,start       ] GC(907) Pause Full (G1 Humongous Allocation)
[412.114s][info][gc,phases,start] GC(907) Phase 1: Mark live objects
[412.439s][info][gc,phases      ] GC(907) Phase 1: Mark live objects 325.245ms
[412.440s][info][gc,phases,start] GC(907) Phase 2: Prepare for compaction
[412.478s][info][gc,phases      ] GC(907) Phase 2: Prepare for compaction 38.836ms
[412.478s][info][gc,phases,start] GC(907) Phase 3: Adjust pointers
[412.574s][info][gc,phases      ] GC(907) Phase 3: Adjust pointers 95.463ms
[412.574s][info][gc,phases,start] GC(907) Phase 4: Compact heap
[412.608s][info][gc,phases      ] GC(907) Phase 4: Compact heap 34.224ms
[412.613s][info][gc,heap        ] GC(907) Eden regions: 0->0(25)
[412.613s][info][gc,heap        ] GC(907) Survivor regions: 1->0(4)
[412.613s][info][gc,heap        ] GC(907) Old regions: 487->485
[412.613s][info][gc,heap        ] GC(907) Archive regions: 2->2
[412.613s][info][gc,heap        ] GC(907) Humongous regions: 11->11
[412.613s][info][gc,metaspace   ] GC(907) Metaspace: 44187K(45776K)->44187K(45776K) NonClass: 38966K(40148K)->38966K(40148K) Class: 5221K(5628K)->5221K(5628K)
[412.613s][info][gc             ] GC(907) Pause Full (G1 Humongous Allocation) 494M->494M(512M) 498.812ms
[412.614s][info][gc,cpu         ] GC(907) User=2.53s Sys=0.05s Real=0.50s
[412.614s][info][gc,task        ] GC(908) Using 8 workers of 8 for full compaction
[412.614s][info][gc,start       ] GC(908) Pause Full (G1 Humongous Allocation)
[412.614s][info][gc,phases,start] GC(908) Phase 1: Mark live objects
[412.882s][info][gc,phases      ] GC(908) Phase 1: Mark live objects 267.583ms
[412.882s][info][gc,phases,start] GC(908) Phase 2: Prepare for compaction
[412.913s][info][gc,phases      ] GC(908) Phase 2: Prepare for compaction 31.143ms
[412.913s][info][gc,phases,start] GC(908) Phase 3: Adjust pointers
[412.989s][info][gc,phases      ] GC(908) Phase 3: Adjust pointers 76.083ms
[412.989s][info][gc,phases,start] GC(908) Phase 4: Compact heap
[413.016s][info][gc,phases      ] GC(908) Phase 4: Compact heap 26.269ms
[413.021s][info][gc,heap        ] GC(908) Eden regions: 0->0(25)
[413.021s][info][gc,heap        ] GC(908) Survivor regions: 0->0(4)
[413.021s][info][gc,heap        ] GC(908) Old regions: 485->485
[413.021s][info][gc,heap        ] GC(908) Archive regions: 2->2
[413.021s][info][gc,heap        ] GC(908) Humongous regions: 11->11
[413.021s][info][gc,metaspace   ] GC(908) Metaspace: 44187K(45776K)->44187K(45776K) NonClass: 38966K(40148K)->38966K(40148K) Class: 5221K(5628K)->5221K(5628K)
[413.021s][info][gc             ] GC(908) Pause Full (G1 Humongous Allocation) 494M->494M(512M) 406.196ms
[413.023s][info][gc,cpu         ] GC(908) User=2.52s Sys=0.03s Real=0.41s
[413.023s][info][gc,start       ] GC(909) Pause Young (Concurrent Start) (G1 Humongous Allocation)
[413.023s][info][gc,task        ] GC(909) Using 8 workers of 8 for evacuation
[413.024s][info][gc,phases      ] GC(909)   Pre Evacuate Collection Set: 0.1ms
[413.024s][info][gc,phases      ] GC(909)   Merge Heap Roots: 0.0ms
[413.024s][info][gc,phases      ] GC(909)   Evacuate Collection Set: 0.6ms
[413.024s][info][gc,phases      ] GC(909)   Post Evacuate Collection Set: 0.2ms
[413.024s][info][gc,phases      ] GC(909)   Other: 0.1ms
[413.024s][info][gc,heap        ] GC(909) Eden regions: 1->0(24)
[413.024s][info][gc,heap        ] GC(909) Survivor regions: 0->1(4)
[413.024s][info][gc,heap        ] GC(909) Old regions: 485->485
[413.024s][info][gc,heap        ] GC(909) Archive regions: 2->2
[413.024s][info][gc,heap        ] GC(909) Humongous regions: 11->11
[413.024s][info][gc,metaspace   ] GC(909) Metaspace: 44187K(45776K)->44187K(45776K) NonClass: 38966K(40148K)->38966K(40148K) Class: 5221K(5628K)->5221K(5628K)
[413.024s][info][gc             ] GC(909) Pause Young (Concurrent Start) (G1 Humongous Allocation) 495M->495M(512M) 1.094ms
[413.024s][info][gc,cpu         ] GC(909) User=0.00s Sys=0.00s Real=0.00s
[413.024s][info][gc             ] GC(910) Concurrent Cycle
[413.024s][info][gc,marking     ] GC(910) Concurrent Clear Claimed Marks
[413.024s][info][gc,marking     ] GC(910) Concurrent Clear Claimed Marks 0.024ms
[413.024s][info][gc,marking     ] GC(910) Concurrent Scan Root Regions
[413.025s][info][gc,marking     ] GC(910) Concurrent Scan Root Regions 0.461ms
[413.025s][info][gc,marking     ] GC(910) Concurrent Mark (413.025s)
[413.025s][info][gc,marking     ] GC(910) Concurrent Mark From Roots
[413.025s][info][gc,task        ] GC(910) Using 2 workers of 2 for marking
[413.025s][info][gc,start       ] GC(911) Pause Young (Normal) (G1 Humongous Allocation)
[413.025s][info][gc,task        ] GC(911) Using 8 workers of 8 for evacuation
[413.025s][info][gc,phases      ] GC(911)   Pre Evacuate Collection Set: 0.4ms
[413.025s][info][gc,phases      ] GC(911)   Merge Heap Roots: 0.0ms
[413.025s][info][gc,phases      ] GC(911)   Evacuate Collection Set: 0.2ms
[413.025s][info][gc,phases      ] GC(911)   Post Evacuate Collection Set: 0.1ms
[413.025s][info][gc,phases      ] GC(911)   Other: 0.1ms
[413.025s][info][gc,heap        ] GC(911) Eden regions: 1->0(24)
[413.025s][info][gc,heap        ] GC(911) Survivor regions: 1->1(4)
[413.025s][info][gc,heap        ] GC(911) Old regions: 485->485
[413.026s][info][gc,heap        ] GC(911) Archive regions: 2->2
[413.026s][info][gc,heap        ] GC(911) Humongous regions: 11->11
[413.026s][info][gc,metaspace   ] GC(911) Metaspace: 44187K(45776K)->44187K(45776K) NonClass: 38966K(40148K)->38966K(40148K) Class: 5221K(5628K)->5221K(5628K)
[413.026s][info][gc             ] GC(911) Pause Young (Normal) (G1 Humongous Allocation) 495M->495M(512M) 0.592ms
[413.026s][info][gc,cpu         ] GC(911) User=0.00s Sys=0.00s Real=0.00s
[413.026s][info][gc,task        ] GC(912) Using 8 workers of 8 for full compaction
[413.026s][info][gc,start       ] GC(912) Pause Full (G1 Humongous Allocation)
[413.026s][info][gc,phases,start] GC(912) Phase 1: Mark live objects
[413.277s][info][gc,phases      ] GC(912) Phase 1: Mark live objects 251.148ms
[413.277s][info][gc,phases,start] GC(912) Phase 2: Prepare for compaction
[413.310s][info][gc,phases      ] GC(912) Phase 2: Prepare for compaction 33.042ms
[413.310s][info][gc,phases,start] GC(912) Phase 3: Adjust pointers
[413.381s][info][gc,phases      ] GC(912) Phase 3: Adjust pointers 70.592ms
[413.381s][info][gc,phases,start] GC(912) Phase 4: Compact heap
[413.413s][info][gc,phases      ] GC(912) Phase 4: Compact heap 32.315ms
[413.418s][info][gc,heap        ] GC(912) Eden regions: 0->0(25)
[413.418s][info][gc,heap        ] GC(912) Survivor regions: 1->0(4)
[413.418s][info][gc,heap        ] GC(912) Old regions: 485->486
[413.418s][info][gc,heap        ] GC(912) Archive regions: 2->2
[413.418s][info][gc,heap        ] GC(912) Humongous regions: 11->11
[413.418s][info][gc,metaspace   ] GC(912) Metaspace: 44187K(45776K)->44187K(45776K) NonClass: 38966K(40148K)->38966K(40148K) Class: 5221K(5628K)->5221K(5628K)
[413.418s][info][gc             ] GC(912) Pause Full (G1 Humongous Allocation) 495M->494M(512M) 392.828ms
[413.420s][info][gc,cpu         ] GC(912) User=2.55s Sys=0.03s Real=0.39s
[413.420s][info][gc,task        ] GC(913) Using 8 workers of 8 for full compaction
[413.420s][info][gc,start       ] GC(913) Pause Full (G1 Humongous Allocation)
[413.420s][info][gc,phases,start] GC(913) Phase 1: Mark live objects
[413.655s][info][gc,phases      ] GC(913) Phase 1: Mark live objects 235.475ms
[413.655s][info][gc,phases,start] GC(913) Phase 2: Prepare for compaction
[413.687s][info][gc,phases      ] GC(913) Phase 2: Prepare for compaction 32.002ms
[413.687s][info][gc,phases,start] GC(913) Phase 3: Adjust pointers
[413.758s][info][gc,phases      ] GC(913) Phase 3: Adjust pointers 70.876ms
[413.758s][info][gc,phases,start] GC(913) Phase 4: Compact heap
[413.786s][info][gc,phases      ] GC(913) Phase 4: Compact heap 27.843ms
[413.790s][info][gc,heap        ] GC(913) Eden regions: 0->0(25)
[413.790s][info][gc,heap        ] GC(913) Survivor regions: 0->0(4)
[413.791s][info][gc,heap        ] GC(913) Old regions: 486->486
[413.791s][info][gc,heap        ] GC(913) Archive regions: 2->2
[413.791s][info][gc,heap        ] GC(913) Humongous regions: 11->11
[413.791s][info][gc,metaspace   ] GC(913) Metaspace: 44187K(45776K)->44187K(45776K) NonClass: 38966K(40148K)->38966K(40148K) Class: 5221K(5628K)->5221K(5628K)
[413.791s][info][gc             ] GC(913) Pause Full (G1 Humongous Allocation) 494M->494M(512M) 370.726ms
[413.792s][info][gc,cpu         ] GC(913) User=2.54s Sys=0.03s Real=0.37s
[413.792s][info][gc,marking     ] GC(910) Concurrent Mark From Roots 767.515ms
[413.792s][info][gc,marking     ] GC(910) Concurrent Mark Abort
[413.792s][info][gc             ] GC(910) Concurrent Cycle 768.130ms
[413.793s][info][gc,start       ] GC(914) Pause Young (Concurrent Start) (G1 Humongous Allocation)
[413.793s][info][gc,task        ] GC(914) Using 8 workers of 8 for evacuation
[413.794s][info][gc,phases      ] GC(914)   Pre Evacuate Collection Set: 0.1ms
[413.794s][info][gc,phases      ] GC(914)   Merge Heap Roots: 0.0ms
[413.794s][info][gc,phases      ] GC(914)   Evacuate Collection Set: 0.6ms
[413.794s][info][gc,phases      ] GC(914)   Post Evacuate Collection Set: 0.2ms
[413.794s][info][gc,phases      ] GC(914)   Other: 0.1ms
[413.794s][info][gc,heap        ] GC(914) Eden regions: 1->0(24)
[413.794s][info][gc,heap        ] GC(914) Survivor regions: 0->1(4)
[413.794s][info][gc,heap        ] GC(914) Old regions: 486->486
[413.794s][info][gc,heap        ] GC(914) Archive regions: 2->2
[413.794s][info][gc,heap        ] GC(914) Humongous regions: 11->11
[413.794s][info][gc,metaspace   ] GC(914) Metaspace: 44190K(45776K)->44190K(45776K) NonClass: 38968K(40148K)->38968K(40148K) Class: 5222K(5628K)->5222K(5628K)
[413.794s][info][gc             ] GC(914) Pause Young (Concurrent Start) (G1 Humongous Allocation) 495M->495M(512M) 1.108ms
[413.794s][info][gc,cpu         ] GC(914) User=0.00s Sys=0.00s Real=0.00s
[413.794s][info][gc             ] GC(915) Concurrent Cycle
[413.794s][info][gc,marking     ] GC(915) Concurrent Clear Claimed Marks
[413.794s][info][gc,marking     ] GC(915) Concurrent Clear Claimed Marks 0.025ms
[413.794s][info][gc,marking     ] GC(915) Concurrent Scan Root Regions
[413.795s][info][gc,marking     ] GC(915) Concurrent Scan Root Regions 0.564ms
[413.795s][info][gc,marking     ] GC(915) Concurrent Mark (413.795s)
[413.795s][info][gc,start       ] GC(916) Pause Young (Normal) (G1 Humongous Allocation)
[413.795s][info][gc,marking     ] GC(915) Concurrent Mark From Roots
[413.795s][info][gc,task        ] GC(916) Using 8 workers of 8 for evacuation
[413.795s][info][gc,task        ] GC(915) Using 2 workers of 2 for marking
[413.795s][info][gc,phases      ] GC(916)   Pre Evacuate Collection Set: 0.4ms
[413.795s][info][gc,phases      ] GC(916)   Merge Heap Roots: 0.0ms
[413.795s][info][gc,phases      ] GC(916)   Evacuate Collection Set: 0.2ms
[413.795s][info][gc,phases      ] GC(916)   Post Evacuate Collection Set: 0.2ms
[413.795s][info][gc,phases      ] GC(916)   Other: 0.1ms
[413.795s][info][gc,heap        ] GC(916) Eden regions: 0->0(24)
[413.795s][info][gc,heap        ] GC(916) Survivor regions: 1->1(4)
[413.795s][info][gc,heap        ] GC(916) Old regions: 486->486
[413.795s][info][gc,heap        ] GC(916) Archive regions: 2->2
[413.795s][info][gc,heap        ] GC(916) Humongous regions: 11->11
[413.795s][info][gc,metaspace   ] GC(916) Metaspace: 44193K(45776K)->44193K(45776K) NonClass: 38971K(40148K)->38971K(40148K) Class: 5222K(5628K)->5222K(5628K)
[413.795s][info][gc             ] GC(916) Pause Young (Normal) (G1 Humongous Allocation) 495M->495M(512M) 0.744ms
[413.795s][info][gc,cpu         ] GC(916) User=0.01s Sys=0.00s Real=0.01s
[413.795s][info][gc,task        ] GC(917) Using 8 workers of 8 for full compaction
[413.796s][info][gc,start       ] GC(917) Pause Full (G1 Humongous Allocation)
[413.796s][info][gc,phases,start] GC(917) Phase 1: Mark live objects
[414.020s][info][gc,phases      ] GC(917) Phase 1: Mark live objects 224.290ms
[414.021s][info][gc,phases,start] GC(917) Phase 2: Prepare for compaction
[414.050s][info][gc,phases      ] GC(917) Phase 2: Prepare for compaction 29.244ms
[414.050s][info][gc,phases,start] GC(917) Phase 3: Adjust pointers
[414.122s][info][gc,phases      ] GC(917) Phase 3: Adjust pointers 72.307ms
[414.122s][info][gc,phases,start] GC(917) Phase 4: Compact heap
[414.150s][info][gc,phases      ] GC(917) Phase 4: Compact heap 28.045ms
[414.154s][info][gc,heap        ] GC(917) Eden regions: 0->0(25)
[414.154s][info][gc,heap        ] GC(917) Survivor regions: 1->0(4)
[414.154s][info][gc,heap        ] GC(917) Old regions: 486->486
[414.154s][info][gc,heap        ] GC(917) Archive regions: 2->2
[414.155s][info][gc,heap        ] GC(917) Humongous regions: 11->11
[414.155s][info][gc,metaspace   ] GC(917) Metaspace: 44193K(45776K)->44193K(45776K) NonClass: 38971K(40148K)->38971K(40148K) Class: 5222K(5628K)->5222K(5628K)
[414.155s][info][gc             ] GC(917) Pause Full (G1 Humongous Allocation) 495M->495M(512M) 359.030ms
[414.156s][info][gc,cpu         ] GC(917) User=2.53s Sys=0.03s Real=0.36s
[414.156s][info][gc,task        ] GC(918) Using 8 workers of 8 for full compaction
[414.157s][info][gc,start       ] GC(918) Pause Full (G1 Humongous Allocation)
[414.157s][info][gc,phases,start] GC(918) Phase 1: Mark live objects
[414.406s][info][gc,phases      ] GC(918) Phase 1: Mark live objects 249.530ms
[414.406s][info][gc,phases,start] GC(918) Phase 2: Prepare for compaction
[414.438s][info][gc,phases      ] GC(918) Phase 2: Prepare for compaction 31.382ms
[414.438s][info][gc,phases,start] GC(918) Phase 3: Adjust pointers
[414.507s][info][gc,phases      ] GC(918) Phase 3: Adjust pointers 69.764ms
[414.507s][info][gc,phases,start] GC(918) Phase 4: Compact heap
[414.532s][info][gc,phases      ] GC(918) Phase 4: Compact heap 24.981ms
[414.538s][info][gc,heap        ] GC(918) Eden regions: 0->0(25)
[414.538s][info][gc,heap        ] GC(918) Survivor regions: 0->0(4)
[414.538s][info][gc,heap        ] GC(918) Old regions: 486->485
[414.538s][info][gc,heap        ] GC(918) Archive regions: 2->2
[414.538s][info][gc,heap        ] GC(918) Humongous regions: 11->11
[414.538s][info][gc,metaspace   ] GC(918) Metaspace: 44193K(45776K)->44193K(45776K) NonClass: 38971K(40148K)->38971K(40148K) Class: 5222K(5628K)->5222K(5628K)
[414.538s][info][gc             ] GC(918) Pause Full (G1 Humongous Allocation) 495M->494M(512M) 381.113ms
[414.539s][info][gc,cpu         ] GC(918) User=2.52s Sys=0.03s Real=0.38s
[414.540s][info][gc,marking     ] GC(915) Concurrent Mark From Roots 744.901ms
[414.540s][info][gc,marking     ] GC(915) Concurrent Mark Abort
[414.540s][info][gc             ] GC(915) Concurrent Cycle 745.728ms
[414.540s][info][gc,start       ] GC(919) Pause Young (Normal) (G1 Humongous Allocation)
[414.540s][info][gc,task        ] GC(919) Using 8 workers of 8 for evacuation
[414.540s][info][gc,phases      ] GC(919)   Pre Evacuate Collection Set: 0.1ms
[414.540s][info][gc,phases      ] GC(919)   Merge Heap Roots: 0.0ms
[414.540s][info][gc,phases      ] GC(919)   Evacuate Collection Set: 0.2ms
[414.540s][info][gc,phases      ] GC(919)   Post Evacuate Collection Set: 0.2ms
[414.540s][info][gc,phases      ] GC(919)   Other: 0.1ms
[414.540s][info][gc,heap        ] GC(919) Eden regions: 1->0(24)
[414.540s][info][gc,heap        ] GC(919) Survivor regions: 0->1(4)
[414.540s][info][gc,heap        ] GC(919) Old regions: 485->485
[414.540s][info][gc,heap        ] GC(919) Archive regions: 2->2
[414.541s][info][gc,heap        ] GC(919) Humongous regions: 11->11
[414.541s][info][gc,metaspace   ] GC(919) Metaspace: 44193K(45776K)->44193K(45776K) NonClass: 38971K(40148K)->38971K(40148K) Class: 5222K(5628K)->5222K(5628K)
[414.541s][info][gc             ] GC(919) Pause Young (Normal) (G1 Humongous Allocation) 494M->494M(512M) 0.674ms
[414.541s][info][gc,cpu         ] GC(919) User=0.00s Sys=0.00s Real=0.00s
[414.541s][info][gc,task        ] GC(920) Using 8 workers of 8 for full compaction
[414.541s][info][gc,start       ] GC(920) Pause Full (G1 Humongous Allocation)
[414.541s][info][gc,phases,start] GC(920) Phase 1: Mark live objects
[414.809s][info][gc,phases      ] GC(920) Phase 1: Mark live objects 268.796ms
[414.809s][info][gc,phases,start] GC(920) Phase 2: Prepare for compaction
[414.839s][info][gc,phases      ] GC(920) Phase 2: Prepare for compaction 29.727ms
[414.839s][info][gc,phases,start] GC(920) Phase 3: Adjust pointers
[414.910s][info][gc,phases      ] GC(920) Phase 3: Adjust pointers 70.302ms
[414.910s][info][gc,phases,start] GC(920) Phase 4: Compact heap
[414.938s][info][gc,phases      ] GC(920) Phase 4: Compact heap 28.043ms
[414.942s][info][gc,heap        ] GC(920) Eden regions: 0->0(25)
[414.942s][info][gc,heap        ] GC(920) Survivor regions: 1->0(4)
[414.942s][info][gc,heap        ] GC(920) Old regions: 485->486
[414.942s][info][gc,heap        ] GC(920) Archive regions: 2->2
[414.942s][info][gc,heap        ] GC(920) Humongous regions: 11->11
[414.942s][info][gc,metaspace   ] GC(920) Metaspace: 44193K(45776K)->44193K(45776K) NonClass: 38971K(40148K)->38971K(40148K) Class: 5222K(5628K)->5222K(5628K)
[414.942s][info][gc             ] GC(920) Pause Full (G1 Humongous Allocation) 494M->494M(512M) 401.459ms
[414.944s][info][gc,cpu         ] GC(920) User=2.53s Sys=0.04s Real=0.40s
[414.944s][info][gc,task        ] GC(921) Using 8 workers of 8 for full compaction
[414.944s][info][gc,start       ] GC(921) Pause Full (G1 Humongous Allocation)
[414.944s][info][gc,phases,start] GC(921) Phase 1: Mark live objects
[415.177s][info][gc,phases      ] GC(921) Phase 1: Mark live objects 232.568ms
[415.177s][info][gc,phases,start] GC(921) Phase 2: Prepare for compaction
[415.209s][info][gc,phases      ] GC(921) Phase 2: Prepare for compaction 31.818ms
[415.209s][info][gc,phases,start] GC(921) Phase 3: Adjust pointers
[415.281s][info][gc,phases      ] GC(921) Phase 3: Adjust pointers 72.069ms
[415.281s][info][gc,phases,start] GC(921) Phase 4: Compact heap
[415.311s][info][gc,phases      ] GC(921) Phase 4: Compact heap 30.458ms
[415.316s][info][gc,heap        ] GC(921) Eden regions: 0->0(25)
[415.316s][info][gc,heap        ] GC(921) Survivor regions: 0->0(4)
[415.316s][info][gc,heap        ] GC(921) Old regions: 486->486
[415.316s][info][gc,heap        ] GC(921) Archive regions: 2->2
[415.316s][info][gc,heap        ] GC(921) Humongous regions: 11->11
[415.316s][info][gc,metaspace   ] GC(921) Metaspace: 44193K(45776K)->44193K(45776K) NonClass: 38971K(40148K)->38971K(40148K) Class: 5222K(5628K)->5222K(5628K)
[415.316s][info][gc             ] GC(921) Pause Full (G1 Humongous Allocation) 494M->494M(512M) 371.624ms
[415.317s][info][gc,cpu         ] GC(921) User=2.52s Sys=0.02s Real=0.38s
[415.317s][info][gc,start       ] GC(922) Pause Young (Concurrent Start) (G1 Humongous Allocation)
[415.317s][info][gc,task        ] GC(922) Using 8 workers of 8 for evacuation
[415.318s][info][gc,phases      ] GC(922)   Pre Evacuate Collection Set: 0.1ms
[415.318s][info][gc,phases      ] GC(922)   Merge Heap Roots: 0.0ms
[415.318s][info][gc,phases      ] GC(922)   Evacuate Collection Set: 0.5ms
[415.318s][info][gc,phases      ] GC(922)   Post Evacuate Collection Set: 0.2ms
[415.318s][info][gc,phases      ] GC(922)   Other: 0.1ms
[415.318s][info][gc,heap        ] GC(922) Eden regions: 1->0(24)
[415.318s][info][gc,heap        ] GC(922) Survivor regions: 0->1(4)
[415.318s][info][gc,heap        ] GC(922) Old regions: 486->486
[415.318s][info][gc,heap        ] GC(922) Archive regions: 2->2
[415.318s][info][gc,heap        ] GC(922) Humongous regions: 11->11
[415.318s][info][gc,metaspace   ] GC(922) Metaspace: 44193K(45776K)->44193K(45776K) NonClass: 38971K(40148K)->38971K(40148K) Class: 5222K(5628K)->5222K(5628K)
[415.318s][info][gc             ] GC(922) Pause Young (Concurrent Start) (G1 Humongous Allocation) 495M->494M(512M) 1.054ms
[415.318s][info][gc,cpu         ] GC(922) User=0.01s Sys=0.01s Real=0.00s
[415.318s][info][gc             ] GC(923) Concurrent Cycle
[415.318s][info][gc,marking     ] GC(923) Concurrent Clear Claimed Marks
[415.318s][info][gc,marking     ] GC(923) Concurrent Clear Claimed Marks 0.019ms
[415.318s][info][gc,marking     ] GC(923) Concurrent Scan Root Regions
[415.319s][info][gc,marking     ] GC(923) Concurrent Scan Root Regions 0.522ms
[415.319s][info][gc,marking     ] GC(923) Concurrent Mark (415.319s)
[415.319s][info][gc,marking     ] GC(923) Concurrent Mark From Roots
[415.319s][info][gc,task        ] GC(923) Using 2 workers of 2 for marking
[415.319s][info][gc,start       ] GC(924) Pause Young (Normal) (G1 Humongous Allocation)
[415.319s][info][gc,task        ] GC(924) Using 8 workers of 8 for evacuation
[415.319s][info][gc,phases      ] GC(924)   Pre Evacuate Collection Set: 0.2ms
[415.319s][info][gc,phases      ] GC(924)   Merge Heap Roots: 0.0ms
[415.319s][info][gc,phases      ] GC(924)   Evacuate Collection Set: 0.2ms
[415.319s][info][gc,phases      ] GC(924)   Post Evacuate Collection Set: 0.2ms
[415.319s][info][gc,phases      ] GC(924)   Other: 0.1ms
[415.319s][info][gc,heap        ] GC(924) Eden regions: 1->0(24)
[415.319s][info][gc,heap        ] GC(924) Survivor regions: 1->1(4)
[415.319s][info][gc,heap        ] GC(924) Old regions: 486->486
[415.319s][info][gc,heap        ] GC(924) Archive regions: 2->2
[415.319s][info][gc,heap        ] GC(924) Humongous regions: 11->11
[415.319s][info][gc,metaspace   ] GC(924) Metaspace: 44194K(45776K)->44194K(45776K) NonClass: 38971K(40148K)->38971K(40148K) Class: 5222K(5628K)->5222K(5628K)
[415.319s][info][gc             ] GC(924) Pause Young (Normal) (G1 Humongous Allocation) 495M->495M(512M) 0.636ms
[415.320s][info][gc,cpu         ] GC(924) User=0.00s Sys=0.00s Real=0.00s
[415.320s][info][gc,task        ] GC(925) Using 8 workers of 8 for full compaction
[415.320s][info][gc,start       ] GC(925) Pause Full (G1 Humongous Allocation)
[415.320s][info][gc,phases,start] GC(925) Phase 1: Mark live objects
[415.542s][info][gc,phases      ] GC(925) Phase 1: Mark live objects 221.539ms
[415.542s][info][gc,phases,start] GC(925) Phase 2: Prepare for compaction
[415.570s][info][gc,phases      ] GC(925) Phase 2: Prepare for compaction 28.331ms
[415.570s][info][gc,phases,start] GC(925) Phase 3: Adjust pointers
[415.641s][info][gc,phases      ] GC(925) Phase 3: Adjust pointers 70.510ms
[415.641s][info][gc,phases,start] GC(925) Phase 4: Compact heap
[415.665s][info][gc,phases      ] GC(925) Phase 4: Compact heap 24.863ms
[415.670s][info][gc,heap        ] GC(925) Eden regions: 0->0(25)
[415.670s][info][gc,heap        ] GC(925) Survivor regions: 1->0(4)
[415.670s][info][gc,heap        ] GC(925) Old regions: 486->486
[415.670s][info][gc,heap        ] GC(925) Archive regions: 2->2
[415.670s][info][gc,heap        ] GC(925) Humongous regions: 11->11
[415.670s][info][gc,metaspace   ] GC(925) Metaspace: 44194K(45776K)->44194K(45776K) NonClass: 38971K(40148K)->38971K(40148K) Class: 5222K(5628K)->5222K(5628K)
[415.670s][info][gc             ] GC(925) Pause Full (G1 Humongous Allocation) 495M->494M(512M) 350.145ms
[415.671s][info][gc,cpu         ] GC(925) User=2.48s Sys=0.02s Real=0.35s
[415.671s][info][gc,task        ] GC(926) Using 8 workers of 8 for full compaction
[415.671s][info][gc,start       ] GC(926) Pause Full (G1 Humongous Allocation)
[415.671s][info][gc,phases,start] GC(926) Phase 1: Mark live objects
[415.892s][info][gc,phases      ] GC(926) Phase 1: Mark live objects 220.443ms
[415.892s][info][gc,phases,start] GC(926) Phase 2: Prepare for compaction
[415.923s][info][gc,phases      ] GC(926) Phase 2: Prepare for compaction 31.030ms
[415.923s][info][gc,phases,start] GC(926) Phase 3: Adjust pointers
[415.994s][info][gc,phases      ] GC(926) Phase 3: Adjust pointers 71.211ms
[415.994s][info][gc,phases,start] GC(926) Phase 4: Compact heap
[416.019s][info][gc,phases      ] GC(926) Phase 4: Compact heap 25.192ms
[416.024s][info][gc,heap        ] GC(926) Eden regions: 0->0(25)
[416.024s][info][gc,heap        ] GC(926) Survivor regions: 0->0(4)
[416.024s][info][gc,heap        ] GC(926) Old regions: 486->486
[416.024s][info][gc,heap        ] GC(926) Archive regions: 2->2
[416.024s][info][gc,heap        ] GC(926) Humongous regions: 11->11
[416.024s][info][gc,metaspace   ] GC(926) Metaspace: 44194K(45776K)->44194K(45776K) NonClass: 38971K(40148K)->38971K(40148K) Class: 5222K(5628K)->5222K(5628K)
[416.024s][info][gc             ] GC(926) Pause Full (G1 Humongous Allocation) 494M->494M(512M) 352.253ms
[416.025s][info][gc,cpu         ] GC(926) User=2.50s Sys=0.03s Real=0.36s
[416.025s][info][gc,marking     ] GC(923) Concurrent Mark From Roots 706.516ms
[416.025s][info][gc,marking     ] GC(923) Concurrent Mark Abort
[416.025s][info][gc             ] GC(923) Concurrent Cycle 707.186ms
[416.026s][info][gc,start       ] GC(927) Pause Young (Concurrent Start) (G1 Humongous Allocation)
[416.026s][info][gc,task        ] GC(927) Using 8 workers of 8 for evacuation
[416.027s][info][gc,phases      ] GC(927)   Pre Evacuate Collection Set: 0.1ms
[416.027s][info][gc,phases      ] GC(927)   Merge Heap Roots: 0.0ms
[416.027s][info][gc,phases      ] GC(927)   Evacuate Collection Set: 0.5ms
[416.027s][info][gc,phases      ] GC(927)   Post Evacuate Collection Set: 0.2ms
[416.027s][info][gc,phases      ] GC(927)   Other: 0.1ms
[416.027s][info][gc,heap        ] GC(927) Eden regions: 1->0(24)
[416.027s][info][gc,heap        ] GC(927) Survivor regions: 0->1(4)
[416.027s][info][gc,heap        ] GC(927) Old regions: 486->486
[416.027s][info][gc,heap        ] GC(927) Archive regions: 2->2
[416.027s][info][gc,heap        ] GC(927) Humongous regions: 11->11
[416.027s][info][gc,metaspace   ] GC(927) Metaspace: 44194K(45776K)->44194K(45776K) NonClass: 38971K(40148K)->38971K(40148K) Class: 5222K(5628K)->5222K(5628K)
[416.027s][info][gc             ] GC(927) Pause Young (Concurrent Start) (G1 Humongous Allocation) 495M->495M(512M) 1.113ms
[416.027s][info][gc,cpu         ] GC(927) User=0.00s Sys=0.00s Real=0.00s
[416.027s][info][gc             ] GC(928) Concurrent Cycle
[416.027s][info][gc,marking     ] GC(928) Concurrent Clear Claimed Marks
[416.027s][info][gc,marking     ] GC(928) Concurrent Clear Claimed Marks 0.021ms
[416.027s][info][gc,marking     ] GC(928) Concurrent Scan Root Regions
[416.028s][info][gc,marking     ] GC(928) Concurrent Scan Root Regions 0.606ms
[416.028s][info][gc,marking     ] GC(928) Concurrent Mark (416.028s)
[416.028s][info][gc,start       ] GC(929) Pause Young (Normal) (G1 Humongous Allocation)
[416.028s][info][gc,marking     ] GC(928) Concurrent Mark From Roots
[416.028s][info][gc,task        ] GC(929) Using 8 workers of 8 for evacuation
[416.028s][info][gc,task        ] GC(928) Using 2 workers of 2 for marking
[416.028s][info][gc,phases      ] GC(929)   Pre Evacuate Collection Set: 0.2ms
[416.028s][info][gc,phases      ] GC(929)   Merge Heap Roots: 0.0ms
[416.028s][info][gc,phases      ] GC(929)   Evacuate Collection Set: 0.5ms
[416.029s][info][gc,phases      ] GC(929)   Post Evacuate Collection Set: 0.2ms
[416.029s][info][gc,phases      ] GC(929)   Other: 0.1ms
[416.029s][info][gc,heap        ] GC(929) Eden regions: 0->0(24)
[416.029s][info][gc,heap        ] GC(929) Survivor regions: 1->1(4)
[416.029s][info][gc,heap        ] GC(929) Old regions: 486->486
[416.029s][info][gc,heap        ] GC(929) Archive regions: 2->2
[416.029s][info][gc,heap        ] GC(929) Humongous regions: 11->11
[416.029s][info][gc,metaspace   ] GC(929) Metaspace: 44194K(45776K)->44194K(45776K) NonClass: 38971K(40148K)->38971K(40148K) Class: 5222K(5628K)->5222K(5628K)
[416.029s][info][gc             ] GC(929) Pause Young (Normal) (G1 Humongous Allocation) 495M->494M(512M) 1.002ms
[416.029s][info][gc,cpu         ] GC(929) User=0.00s Sys=0.00s Real=0.00s
[416.029s][info][gc,task        ] GC(930) Using 8 workers of 8 for full compaction
[416.029s][info][gc,start       ] GC(930) Pause Full (G1 Humongous Allocation)
[416.029s][info][gc,phases,start] GC(930) Phase 1: Mark live objects
[416.254s][info][gc,phases      ] GC(930) Phase 1: Mark live objects 224.952ms
[416.254s][info][gc,phases,start] GC(930) Phase 2: Prepare for compaction
[416.282s][info][gc,phases      ] GC(930) Phase 2: Prepare for compaction 27.648ms
[416.282s][info][gc,phases,start] GC(930) Phase 3: Adjust pointers
[416.355s][info][gc,phases      ] GC(930) Phase 3: Adjust pointers 73.184ms
[416.355s][info][gc,phases,start] GC(930) Phase 4: Compact heap
[416.382s][info][gc,phases      ] GC(930) Phase 4: Compact heap 26.670ms
[416.386s][info][gc,heap        ] GC(930) Eden regions: 0->0(25)
[416.386s][info][gc,heap        ] GC(930) Survivor regions: 1->0(4)
[416.386s][info][gc,heap        ] GC(930) Old regions: 486->486
[416.386s][info][gc,heap        ] GC(930) Archive regions: 2->2
[416.386s][info][gc,heap        ] GC(930) Humongous regions: 11->11
[416.386s][info][gc,metaspace   ] GC(930) Metaspace: 44194K(45776K)->44194K(45776K) NonClass: 38971K(40148K)->38971K(40148K) Class: 5222K(5628K)->5222K(5628K)
[416.386s][info][gc             ] GC(930) Pause Full (G1 Humongous Allocation) 494M->494M(512M) 357.522ms
[416.387s][info][gc,cpu         ] GC(930) User=2.47s Sys=0.03s Real=0.36s
[416.387s][info][gc,task        ] GC(931) Using 8 workers of 8 for full compaction
[416.387s][info][gc,start       ] GC(931) Pause Full (G1 Humongous Allocation)
[416.387s][info][gc,phases,start] GC(931) Phase 1: Mark live objects
[416.614s][info][gc,phases      ] GC(931) Phase 1: Mark live objects 226.895ms
[416.614s][info][gc,phases,start] GC(931) Phase 2: Prepare for compaction
[416.646s][info][gc,phases      ] GC(931) Phase 2: Prepare for compaction 31.484ms
[416.646s][info][gc,phases,start] GC(931) Phase 3: Adjust pointers
[416.717s][info][gc,phases      ] GC(931) Phase 3: Adjust pointers 71.425ms
[416.717s][info][gc,phases,start] GC(931) Phase 4: Compact heap
[416.744s][info][gc,phases      ] GC(931) Phase 4: Compact heap 26.153ms
[416.748s][info][gc,heap        ] GC(931) Eden regions: 0->0(25)
[416.748s][info][gc,heap        ] GC(931) Survivor regions: 0->0(4)
[416.748s][info][gc,heap        ] GC(931) Old regions: 486->486
[416.748s][info][gc,heap        ] GC(931) Archive regions: 2->2
[416.748s][info][gc,heap        ] GC(931) Humongous regions: 11->11
[416.748s][info][gc,metaspace   ] GC(931) Metaspace: 44194K(45776K)->44194K(45776K) NonClass: 38971K(40148K)->38971K(40148K) Class: 5222K(5628K)->5222K(5628K)
[416.748s][info][gc             ] GC(931) Pause Full (G1 Humongous Allocation) 494M->494M(512M) 360.594ms
[416.750s][info][gc,cpu         ] GC(931) User=2.46s Sys=0.04s Real=0.36s
[416.750s][info][gc,marking     ] GC(928) Concurrent Mark From Roots 722.332ms
[416.750s][info][gc,marking     ] GC(928) Concurrent Mark Abort
[416.750s][info][gc             ] GC(928) Concurrent Cycle 723.103ms
[416.750s][info][gc,start       ] GC(932) Pause Young (Concurrent Start) (G1 Humongous Allocation)
[416.750s][info][gc,task        ] GC(932) Using 8 workers of 8 for evacuation
[416.751s][info][gc,phases      ] GC(932)   Pre Evacuate Collection Set: 0.1ms
[416.751s][info][gc,phases      ] GC(932)   Merge Heap Roots: 0.0ms
[416.751s][info][gc,phases      ] GC(932)   Evacuate Collection Set: 0.5ms
[416.751s][info][gc,phases      ] GC(932)   Post Evacuate Collection Set: 0.2ms
[416.751s][info][gc,phases      ] GC(932)   Other: 0.1ms
[416.751s][info][gc,heap        ] GC(932) Eden regions: 0->0(25)
[416.751s][info][gc,heap        ] GC(932) Survivor regions: 0->0(4)
[416.751s][info][gc,heap        ] GC(932) Old regions: 486->486
[416.751s][info][gc,heap        ] GC(932) Archive regions: 2->2
[416.751s][info][gc,heap        ] GC(932) Humongous regions: 11->11
[416.751s][info][gc,metaspace   ] GC(932) Metaspace: 44194K(45776K)->44194K(45776K) NonClass: 38971K(40148K)->38971K(40148K) Class: 5222K(5628K)->5222K(5628K)
[416.751s][info][gc             ] GC(932) Pause Young (Concurrent Start) (G1 Humongous Allocation) 494M->494M(512M) 1.025ms
[416.751s][info][gc,cpu         ] GC(932) User=0.00s Sys=0.00s Real=0.00s
[416.751s][info][gc             ] GC(933) Concurrent Cycle
[416.751s][info][gc,marking     ] GC(933) Concurrent Clear Claimed Marks
[416.751s][info][gc,marking     ] GC(933) Concurrent Clear Claimed Marks 0.021ms
[416.751s][info][gc,marking     ] GC(933) Concurrent Scan Root Regions
[416.751s][info][gc,marking     ] GC(933) Concurrent Scan Root Regions 0.015ms
[416.751s][info][gc,marking     ] GC(933) Concurrent Mark (416.751s)
[416.751s][info][gc,marking     ] GC(933) Concurrent Mark From Roots
[416.751s][info][gc,task        ] GC(933) Using 2 workers of 2 for marking
[416.751s][info][gc,start       ] GC(934) Pause Young (Normal) (G1 Humongous Allocation)
[416.751s][info][gc,task        ] GC(934) Using 8 workers of 8 for evacuation
[416.752s][info][gc,phases      ] GC(934)   Pre Evacuate Collection Set: 0.1ms
[416.752s][info][gc,phases      ] GC(934)   Merge Heap Roots: 0.0ms
[416.752s][info][gc,phases      ] GC(934)   Evacuate Collection Set: 0.2ms
[416.752s][info][gc,phases      ] GC(934)   Post Evacuate Collection Set: 0.2ms
[416.752s][info][gc,phases      ] GC(934)   Other: 0.1ms
[416.752s][info][gc,heap        ] GC(934) Eden regions: 1->0(24)
[416.752s][info][gc,heap        ] GC(934) Survivor regions: 0->1(4)
[416.752s][info][gc,heap        ] GC(934) Old regions: 486->486
[416.752s][info][gc,heap        ] GC(934) Archive regions: 2->2
[416.752s][info][gc,heap        ] GC(934) Humongous regions: 11->11
[416.752s][info][gc,metaspace   ] GC(934) Metaspace: 44194K(45776K)->44194K(45776K) NonClass: 38971K(40148K)->38971K(40148K) Class: 5222K(5628K)->5222K(5628K)
[416.752s][info][gc             ] GC(934) Pause Young (Normal) (G1 Humongous Allocation) 495M->494M(512M) 0.585ms
[416.752s][info][gc,cpu         ] GC(934) User=0.00s Sys=0.00s Real=0.00s
[416.752s][info][gc,task        ] GC(935) Using 8 workers of 8 for full compaction
[416.752s][info][gc,start       ] GC(935) Pause Full (G1 Humongous Allocation)
[416.753s][info][gc,phases,start] GC(935) Phase 1: Mark live objects
[416.982s][info][gc,phases      ] GC(935) Phase 1: Mark live objects 229.110ms
[416.982s][info][gc,phases,start] GC(935) Phase 2: Prepare for compaction
[417.016s][info][gc,phases      ] GC(935) Phase 2: Prepare for compaction 33.714ms
[417.016s][info][gc,phases,start] GC(935) Phase 3: Adjust pointers
[417.099s][info][gc,phases      ] GC(935) Phase 3: Adjust pointers 82.970ms
[417.099s][info][gc,phases,start] GC(935) Phase 4: Compact heap
[417.142s][info][gc,phases      ] GC(935) Phase 4: Compact heap 43.270ms
[417.148s][info][gc,heap        ] GC(935) Eden regions: 0->0(25)
[417.148s][info][gc,heap        ] GC(935) Survivor regions: 1->0(4)
[417.148s][info][gc,heap        ] GC(935) Old regions: 486->486
[417.148s][info][gc,heap        ] GC(935) Archive regions: 2->2
[417.149s][info][gc,heap        ] GC(935) Humongous regions: 11->11
[417.149s][info][gc,metaspace   ] GC(935) Metaspace: 44194K(45776K)->44194K(45776K) NonClass: 38971K(40148K)->38971K(40148K) Class: 5222K(5628K)->5222K(5628K)
[417.149s][info][gc             ] GC(935) Pause Full (G1 Humongous Allocation) 494M->494M(512M) 396.504ms
[417.150s][info][gc,cpu         ] GC(935) User=2.48s Sys=0.03s Real=0.40s
[417.150s][info][gc,task        ] GC(936) Using 8 workers of 8 for full compaction
[417.150s][info][gc,start       ] GC(936) Pause Full (G1 Humongous Allocation)
[417.150s][info][gc,phases,start] GC(936) Phase 1: Mark live objects
[417.487s][info][gc,phases      ] GC(936) Phase 1: Mark live objects 336.368ms
[417.487s][info][gc,phases,start] GC(936) Phase 2: Prepare for compaction
[417.521s][info][gc,phases      ] GC(936) Phase 2: Prepare for compaction 34.325ms
[417.521s][info][gc,phases,start] GC(936) Phase 3: Adjust pointers
[417.601s][info][gc,phases      ] GC(936) Phase 3: Adjust pointers 79.563ms
[417.601s][info][gc,phases,start] GC(936) Phase 4: Compact heap
[417.628s][info][gc,phases      ] GC(936) Phase 4: Compact heap 26.866ms
[417.633s][info][gc,heap        ] GC(936) Eden regions: 0->0(25)
[417.633s][info][gc,heap        ] GC(936) Survivor regions: 0->0(4)
[417.633s][info][gc,heap        ] GC(936) Old regions: 486->485
[417.633s][info][gc,heap        ] GC(936) Archive regions: 2->2
[417.633s][info][gc,heap        ] GC(936) Humongous regions: 11->11
[417.633s][info][gc,metaspace   ] GC(936) Metaspace: 44194K(45776K)->44194K(45776K) NonClass: 38971K(40148K)->38971K(40148K) Class: 5222K(5628K)->5222K(5628K)
[417.633s][info][gc             ] GC(936) Pause Full (G1 Humongous Allocation) 494M->494M(512M) 482.297ms
[417.635s][info][gc,cpu         ] GC(936) User=2.48s Sys=0.03s Real=0.49s
[417.635s][info][gc,marking     ] GC(933) Concurrent Mark From Roots 883.734ms
[417.635s][info][gc,marking     ] GC(933) Concurrent Mark Abort
[417.635s][info][gc             ] GC(933) Concurrent Cycle 883.886ms
[417.635s][info][gc,start       ] GC(937) Pause Young (Normal) (G1 Humongous Allocation)
[417.635s][info][gc,task        ] GC(937) Using 8 workers of 8 for evacuation
[417.637s][info][gc,phases      ] GC(937)   Pre Evacuate Collection Set: 0.1ms
[417.637s][info][gc,phases      ] GC(937)   Merge Heap Roots: 0.0ms
[417.637s][info][gc,phases      ] GC(937)   Evacuate Collection Set: 0.4ms
[417.637s][info][gc,phases      ] GC(937)   Post Evacuate Collection Set: 0.7ms
[417.637s][info][gc,phases      ] GC(937)   Other: 0.1ms
[417.637s][info][gc,heap        ] GC(937) Eden regions: 1->0(24)
[417.637s][info][gc,heap        ] GC(937) Survivor regions: 0->1(4)
[417.637s][info][gc,heap        ] GC(937) Old regions: 485->485
[417.637s][info][gc,heap        ] GC(937) Archive regions: 2->2
[417.637s][info][gc,heap        ] GC(937) Humongous regions: 11->11
[417.637s][info][gc,metaspace   ] GC(937) Metaspace: 44194K(45776K)->44194K(45776K) NonClass: 38971K(40148K)->38971K(40148K) Class: 5222K(5628K)->5222K(5628K)
[417.637s][info][gc             ] GC(937) Pause Young (Normal) (G1 Humongous Allocation) 495M->495M(512M) 1.494ms
[417.637s][info][gc,cpu         ] GC(937) User=0.00s Sys=0.00s Real=0.00s
[417.637s][info][gc,task        ] GC(938) Using 8 workers of 8 for full compaction
[417.637s][info][gc,start       ] GC(938) Pause Full (G1 Humongous Allocation)
[417.637s][info][gc,phases,start] GC(938) Phase 1: Mark live objects
[417.874s][info][gc,phases      ] GC(938) Phase 1: Mark live objects 236.928ms
[417.874s][info][gc,phases,start] GC(938) Phase 2: Prepare for compaction
[417.913s][info][gc,phases      ] GC(938) Phase 2: Prepare for compaction 38.937ms
[417.913s][info][gc,phases,start] GC(938) Phase 3: Adjust pointers
[417.984s][info][gc,phases      ] GC(938) Phase 3: Adjust pointers 70.630ms
[417.984s][info][gc,phases,start] GC(938) Phase 4: Compact heap
[418.015s][info][gc,phases      ] GC(938) Phase 4: Compact heap 31.912ms
[418.020s][info][gc,heap        ] GC(938) Eden regions: 0->0(25)
[418.020s][info][gc,heap        ] GC(938) Survivor regions: 1->0(4)
[418.020s][info][gc,heap        ] GC(938) Old regions: 485->486
[418.020s][info][gc,heap        ] GC(938) Archive regions: 2->2
[418.020s][info][gc,heap        ] GC(938) Humongous regions: 11->11
[418.020s][info][gc,metaspace   ] GC(938) Metaspace: 44194K(45776K)->44194K(45776K) NonClass: 38971K(40148K)->38971K(40148K) Class: 5222K(5628K)->5222K(5628K)
[418.020s][info][gc             ] GC(938) Pause Full (G1 Humongous Allocation) 495M->494M(512M) 383.174ms
[418.021s][info][gc,cpu         ] GC(938) User=2.51s Sys=0.02s Real=0.38s
[418.021s][info][gc,task        ] GC(939) Using 8 workers of 8 for full compaction
[418.021s][info][gc,start       ] GC(939) Pause Full (G1 Humongous Allocation)
[418.021s][info][gc,phases,start] GC(939) Phase 1: Mark live objects
[418.263s][info][gc,phases      ] GC(939) Phase 1: Mark live objects 241.140ms
[418.263s][info][gc,phases,start] GC(939) Phase 2: Prepare for compaction
[418.292s][info][gc,phases      ] GC(939) Phase 2: Prepare for compaction 29.878ms
[418.293s][info][gc,phases,start] GC(939) Phase 3: Adjust pointers
[418.364s][info][gc,phases      ] GC(939) Phase 3: Adjust pointers 71.437ms
[418.364s][info][gc,phases,start] GC(939) Phase 4: Compact heap
[418.390s][info][gc,phases      ] GC(939) Phase 4: Compact heap 26.483ms
[418.395s][info][gc,heap        ] GC(939) Eden regions: 0->0(25)
[418.395s][info][gc,heap        ] GC(939) Survivor regions: 0->0(4)
[418.395s][info][gc,heap        ] GC(939) Old regions: 486->486
[418.395s][info][gc,heap        ] GC(939) Archive regions: 2->2
[418.395s][info][gc,heap        ] GC(939) Humongous regions: 11->11
[418.395s][info][gc,metaspace   ] GC(939) Metaspace: 44194K(45776K)->44194K(45776K) NonClass: 38971K(40148K)->38971K(40148K) Class: 5222K(5628K)->5222K(5628K)
[418.395s][info][gc             ] GC(939) Pause Full (G1 Humongous Allocation) 494M->494M(512M) 373.676ms
[418.396s][info][gc,cpu         ] GC(939) User=2.53s Sys=0.03s Real=0.38s
[418.397s][info][gc,start       ] GC(940) Pause Young (Concurrent Start) (G1 Humongous Allocation)
[418.397s][info][gc,task        ] GC(940) Using 8 workers of 8 for evacuation
[418.398s][info][gc,phases      ] GC(940)   Pre Evacuate Collection Set: 0.1ms
[418.398s][info][gc,phases      ] GC(940)   Merge Heap Roots: 0.0ms
[418.398s][info][gc,phases      ] GC(940)   Evacuate Collection Set: 0.7ms
[418.398s][info][gc,phases      ] GC(940)   Post Evacuate Collection Set: 0.2ms
[418.398s][info][gc,phases      ] GC(940)   Other: 0.1ms
[418.398s][info][gc,heap        ] GC(940) Eden regions: 1->0(24)
[418.398s][info][gc,heap        ] GC(940) Survivor regions: 0->1(4)
[418.398s][info][gc,heap        ] GC(940) Old regions: 486->486
[418.398s][info][gc,heap        ] GC(940) Archive regions: 2->2
[418.398s][info][gc,heap        ] GC(940) Humongous regions: 11->11
[418.398s][info][gc,metaspace   ] GC(940) Metaspace: 44194K(45776K)->44194K(45776K) NonClass: 38971K(40148K)->38971K(40148K) Class: 5222K(5628K)->5222K(5628K)
[418.398s][info][gc             ] GC(940) Pause Young (Concurrent Start) (G1 Humongous Allocation) 495M->495M(512M) 1.283ms
[418.398s][info][gc,cpu         ] GC(940) User=0.00s Sys=0.00s Real=0.00s
[418.398s][info][gc,task        ] GC(941) Using 8 workers of 8 for full compaction
[418.398s][info][gc             ] GC(942) Concurrent Cycle
[418.398s][info][gc,start       ] GC(941) Pause Full (G1 Humongous Allocation)
[418.398s][info][gc,marking     ] GC(942) Concurrent Clear Claimed Marks
[418.398s][info][gc,marking     ] GC(942) Concurrent Clear Claimed Marks 0.039ms
[418.398s][info][gc,marking     ] GC(942) Concurrent Scan Root Regions
[418.398s][info][gc,marking     ] GC(942) Concurrent Scan Root Regions 0.017ms
[418.398s][info][gc,marking     ] GC(942) Concurrent Mark (418.398s)
[418.398s][info][gc,marking     ] GC(942) Concurrent Mark From Roots
[418.398s][info][gc,task        ] GC(942) Using 2 workers of 2 for marking
[418.399s][info][gc,phases,start] GC(941) Phase 1: Mark live objects
[418.629s][info][gc,phases      ] GC(941) Phase 1: Mark live objects 229.688ms
[418.629s][info][gc,phases,start] GC(941) Phase 2: Prepare for compaction
[418.658s][info][gc,phases      ] GC(941) Phase 2: Prepare for compaction 29.065ms
[418.658s][info][gc,phases,start] GC(941) Phase 3: Adjust pointers
[418.728s][info][gc,phases      ] GC(941) Phase 3: Adjust pointers 69.769ms
[418.728s][info][gc,phases,start] GC(941) Phase 4: Compact heap
[418.752s][info][gc,phases      ] GC(941) Phase 4: Compact heap 24.772ms
[418.757s][info][gc,heap        ] GC(941) Eden regions: 0->0(25)
[418.757s][info][gc,heap        ] GC(941) Survivor regions: 1->0(4)
[418.757s][info][gc,heap        ] GC(941) Old regions: 486->486
[418.757s][info][gc,heap        ] GC(941) Archive regions: 2->2
[418.757s][info][gc,heap        ] GC(941) Humongous regions: 11->11
[418.757s][info][gc,metaspace   ] GC(941) Metaspace: 44194K(45776K)->44194K(45776K) NonClass: 38971K(40148K)->38971K(40148K) Class: 5222K(5628K)->5222K(5628K)
[418.757s][info][gc             ] GC(941) Pause Full (G1 Humongous Allocation) 495M->494M(512M) 358.630ms
[418.759s][info][gc,cpu         ] GC(941) User=2.55s Sys=0.04s Real=0.36s
[418.759s][info][gc,task        ] GC(943) Using 8 workers of 8 for full compaction
[418.759s][info][gc,start       ] GC(943) Pause Full (G1 Humongous Allocation)
[418.759s][info][gc,phases,start] GC(943) Phase 1: Mark live objects
[418.986s][info][gc,phases      ] GC(943) Phase 1: Mark live objects 227.318ms
[418.986s][info][gc,phases,start] GC(943) Phase 2: Prepare for compaction
[419.021s][info][gc,phases      ] GC(943) Phase 2: Prepare for compaction 34.168ms
[419.021s][info][gc,phases,start] GC(943) Phase 3: Adjust pointers
[419.090s][info][gc,phases      ] GC(943) Phase 3: Adjust pointers 68.946ms
[419.090s][info][gc,phases,start] GC(943) Phase 4: Compact heap
[419.121s][info][gc,phases      ] GC(943) Phase 4: Compact heap 31.378ms
[419.125s][info][gc,heap        ] GC(943) Eden regions: 0->0(25)
[419.125s][info][gc,heap        ] GC(943) Survivor regions: 0->0(4)
[419.125s][info][gc,heap        ] GC(943) Old regions: 486->485
[419.125s][info][gc,heap        ] GC(943) Archive regions: 2->2
[419.125s][info][gc,heap        ] GC(943) Humongous regions: 11->11
[419.125s][info][gc,metaspace   ] GC(943) Metaspace: 44194K(45776K)->44194K(45776K) NonClass: 38971K(40148K)->38971K(40148K) Class: 5222K(5628K)->5222K(5628K)
[419.125s][info][gc             ] GC(943) Pause Full (G1 Humongous Allocation) 494M->494M(512M) 366.312ms
[419.127s][info][gc,cpu         ] GC(943) User=2.51s Sys=0.03s Real=0.37s
[419.127s][info][gc,marking     ] GC(942) Concurrent Mark From Roots 728.774ms
[419.127s][info][gc,marking     ] GC(942) Concurrent Mark Abort
[419.127s][info][gc             ] GC(942) Concurrent Cycle 728.924ms
[419.127s][info][gc,start       ] GC(944) Pause Young (Normal) (G1 Humongous Allocation)
[419.127s][info][gc,task        ] GC(944) Using 8 workers of 8 for evacuation
[419.128s][info][gc,phases      ] GC(944)   Pre Evacuate Collection Set: 0.1ms
[419.128s][info][gc,phases      ] GC(944)   Merge Heap Roots: 0.0ms
[419.128s][info][gc,phases      ] GC(944)   Evacuate Collection Set: 0.2ms
[419.128s][info][gc,phases      ] GC(944)   Post Evacuate Collection Set: 0.2ms
[419.128s][info][gc,phases      ] GC(944)   Other: 0.1ms
[419.128s][info][gc,heap        ] GC(944) Eden regions: 1->0(24)
[419.128s][info][gc,heap        ] GC(944) Survivor regions: 0->1(4)
[419.128s][info][gc,heap        ] GC(944) Old regions: 485->485
[419.128s][info][gc,heap        ] GC(944) Archive regions: 2->2
[419.128s][info][gc,heap        ] GC(944) Humongous regions: 11->11
[419.128s][info][gc,metaspace   ] GC(944) Metaspace: 44196K(45776K)->44196K(45776K) NonClass: 38973K(40148K)->38973K(40148K) Class: 5222K(5628K)->5222K(5628K)
[419.128s][info][gc             ] GC(944) Pause Young (Normal) (G1 Humongous Allocation) 495M->495M(512M) 0.769ms
[419.128s][info][gc,cpu         ] GC(944) User=0.01s Sys=0.00s Real=0.00s
[419.128s][info][gc,task        ] GC(945) Using 8 workers of 8 for full compaction
[419.128s][info][gc,start       ] GC(945) Pause Full (G1 Humongous Allocation)
[419.128s][info][gc,phases,start] GC(945) Phase 1: Mark live objects
[419.360s][info][gc,phases      ] GC(945) Phase 1: Mark live objects 232.243ms
[419.360s][info][gc,phases,start] GC(945) Phase 2: Prepare for compaction
[419.394s][info][gc,phases      ] GC(945) Phase 2: Prepare for compaction 33.198ms
[419.394s][info][gc,phases,start] GC(945) Phase 3: Adjust pointers
[419.466s][info][gc,phases      ] GC(945) Phase 3: Adjust pointers 71.876ms
[419.466s][info][gc,phases,start] GC(945) Phase 4: Compact heap
[419.490s][info][gc,phases      ] GC(945) Phase 4: Compact heap 24.103ms
[419.494s][info][gc,heap        ] GC(945) Eden regions: 0->0(25)
[419.494s][info][gc,heap        ] GC(945) Survivor regions: 1->0(4)
[419.494s][info][gc,heap        ] GC(945) Old regions: 485->486
[419.494s][info][gc,heap        ] GC(945) Archive regions: 2->2
[419.494s][info][gc,heap        ] GC(945) Humongous regions: 11->11
[419.494s][info][gc,metaspace   ] GC(945) Metaspace: 44196K(45776K)->44196K(45776K) NonClass: 38973K(40148K)->38973K(40148K) Class: 5222K(5628K)->5222K(5628K)
[419.494s][info][gc             ] GC(945) Pause Full (G1 Humongous Allocation) 495M->494M(512M) 365.910ms
[419.495s][info][gc,cpu         ] GC(945) User=2.53s Sys=0.02s Real=0.37s
[419.495s][info][gc,task        ] GC(946) Using 8 workers of 8 for full compaction
[419.495s][info][gc,start       ] GC(946) Pause Full (G1 Humongous Allocation)
[419.495s][info][gc,phases,start] GC(946) Phase 1: Mark live objects
[419.719s][info][gc,phases      ] GC(946) Phase 1: Mark live objects 223.828ms
[419.719s][info][gc,phases,start] GC(946) Phase 2: Prepare for compaction
[419.748s][info][gc,phases      ] GC(946) Phase 2: Prepare for compaction 28.667ms
[419.748s][info][gc,phases,start] GC(946) Phase 3: Adjust pointers
[419.836s][info][gc,phases      ] GC(946) Phase 3: Adjust pointers 87.543ms
[419.836s][info][gc,phases,start] GC(946) Phase 4: Compact heap
[419.866s][info][gc,phases      ] GC(946) Phase 4: Compact heap 30.538ms
[419.870s][info][gc,heap        ] GC(946) Eden regions: 0->0(25)
[419.870s][info][gc,heap        ] GC(946) Survivor regions: 0->0(4)
[419.870s][info][gc,heap        ] GC(946) Old regions: 486->486
[419.870s][info][gc,heap        ] GC(946) Archive regions: 2->2
[419.870s][info][gc,heap        ] GC(946) Humongous regions: 11->11
[419.870s][info][gc,metaspace   ] GC(946) Metaspace: 44196K(45776K)->44196K(45776K) NonClass: 38973K(40148K)->38973K(40148K) Class: 5222K(5628K)->5222K(5628K)
[419.870s][info][gc             ] GC(946) Pause Full (G1 Humongous Allocation) 494M->494M(512M) 375.044ms
[419.872s][info][gc,cpu         ] GC(946) User=2.51s Sys=0.03s Real=0.37s
[419.873s][info][gc,start       ] GC(947) Pause Young (Concurrent Start) (G1 Humongous Allocation)
[419.873s][info][gc,task        ] GC(947) Using 8 workers of 8 for evacuation
[419.874s][info][gc,phases      ] GC(947)   Pre Evacuate Collection Set: 0.1ms
[419.874s][info][gc,phases      ] GC(947)   Merge Heap Roots: 0.0ms
[419.874s][info][gc,phases      ] GC(947)   Evacuate Collection Set: 0.6ms
[419.874s][info][gc,phases      ] GC(947)   Post Evacuate Collection Set: 0.2ms
[419.874s][info][gc,phases      ] GC(947)   Other: 0.2ms
[419.874s][info][gc,heap        ] GC(947) Eden regions: 1->0(24)
[419.874s][info][gc,heap        ] GC(947) Survivor regions: 0->1(4)
[419.874s][info][gc,heap        ] GC(947) Old regions: 486->486
[419.874s][info][gc,heap        ] GC(947) Archive regions: 2->2
[419.874s][info][gc,heap        ] GC(947) Humongous regions: 11->11
[419.874s][info][gc,metaspace   ] GC(947) Metaspace: 44198K(45776K)->44198K(45776K) NonClass: 38975K(40148K)->38975K(40148K) Class: 5222K(5628K)->5222K(5628K)
[419.874s][info][gc             ] GC(947) Pause Young (Concurrent Start) (G1 Humongous Allocation) 495M->495M(512M) 1.298ms
[419.874s][info][gc,cpu         ] GC(947) User=0.00s Sys=0.01s Real=0.00s
[419.874s][info][gc,task        ] GC(948) Using 8 workers of 8 for full compaction
[419.874s][info][gc,start       ] GC(948) Pause Full (G1 Humongous Allocation)
[419.874s][info][gc             ] GC(949) Concurrent Cycle
[419.874s][info][gc,marking     ] GC(949) Concurrent Clear Claimed Marks
[419.874s][info][gc,marking     ] GC(949) Concurrent Clear Claimed Marks 0.023ms
[419.874s][info][gc,marking     ] GC(949) Concurrent Scan Root Regions
[419.874s][info][gc,marking     ] GC(949) Concurrent Scan Root Regions 0.018ms
[419.874s][info][gc,marking     ] GC(949) Concurrent Mark (419.874s)
[419.874s][info][gc,marking     ] GC(949) Concurrent Mark From Roots
[419.874s][info][gc,task        ] GC(949) Using 2 workers of 2 for marking
[419.875s][info][gc,phases,start] GC(948) Phase 1: Mark live objects
[420.100s][info][gc,phases      ] GC(948) Phase 1: Mark live objects 224.880ms
[420.100s][info][gc,phases,start] GC(948) Phase 2: Prepare for compaction
[420.129s][info][gc,phases      ] GC(948) Phase 2: Prepare for compaction 29.613ms
[420.130s][info][gc,phases,start] GC(948) Phase 3: Adjust pointers
[420.199s][info][gc,phases      ] GC(948) Phase 3: Adjust pointers 69.530ms
[420.199s][info][gc,phases,start] GC(948) Phase 4: Compact heap
[420.227s][info][gc,phases      ] GC(948) Phase 4: Compact heap 27.960ms
[420.231s][info][gc,heap        ] GC(948) Eden regions: 0->0(25)
[420.231s][info][gc,heap        ] GC(948) Survivor regions: 1->0(4)
[420.231s][info][gc,heap        ] GC(948) Old regions: 486->485
[420.231s][info][gc,heap        ] GC(948) Archive regions: 2->2
[420.231s][info][gc,heap        ] GC(948) Humongous regions: 11->11
[420.231s][info][gc,metaspace   ] GC(948) Metaspace: 44198K(45776K)->44198K(45776K) NonClass: 38975K(40148K)->38975K(40148K) Class: 5222K(5628K)->5222K(5628K)
[420.231s][info][gc             ] GC(948) Pause Full (G1 Humongous Allocation) 495M->495M(512M) 357.173ms
[420.233s][info][gc,cpu         ] GC(948) User=2.51s Sys=0.02s Real=0.36s
[420.233s][info][gc,task        ] GC(950) Using 8 workers of 8 for full compaction
[420.233s][info][gc,start       ] GC(950) Pause Full (G1 Humongous Allocation)
[420.233s][info][gc,phases,start] GC(950) Phase 1: Mark live objects
[420.465s][info][gc,phases      ] GC(950) Phase 1: Mark live objects 231.582ms
[420.465s][info][gc,phases,start] GC(950) Phase 2: Prepare for compaction
[420.494s][info][gc,phases      ] GC(950) Phase 2: Prepare for compaction 29.672ms
[420.494s][info][gc,phases,start] GC(950) Phase 3: Adjust pointers
[420.562s][info][gc,phases      ] GC(950) Phase 3: Adjust pointers 68.127ms
[420.563s][info][gc,phases,start] GC(950) Phase 4: Compact heap
[420.586s][info][gc,phases      ] GC(950) Phase 4: Compact heap 23.895ms
[420.591s][info][gc,heap        ] GC(950) Eden regions: 0->0(25)
[420.591s][info][gc,heap        ] GC(950) Survivor regions: 0->0(4)
[420.591s][info][gc,heap        ] GC(950) Old regions: 485->485
[420.591s][info][gc,heap        ] GC(950) Archive regions: 2->2
[420.591s][info][gc,heap        ] GC(950) Humongous regions: 11->11
[420.591s][info][gc,metaspace   ] GC(950) Metaspace: 44198K(45776K)->44198K(45776K) NonClass: 38975K(40148K)->38975K(40148K) Class: 5222K(5628K)->5222K(5628K)
[420.591s][info][gc             ] GC(950) Pause Full (G1 Humongous Allocation) 495M->495M(512M) 358.062ms
[420.593s][info][gc,cpu         ] GC(950) User=2.46s Sys=0.03s Real=0.36s
[420.593s][info][gc,marking     ] GC(949) Concurrent Mark From Roots 718.543ms
[420.593s][info][gc,marking     ] GC(949) Concurrent Mark Abort
[420.593s][info][gc             ] GC(949) Concurrent Cycle 718.694ms
[420.593s][info][gc,start       ] GC(951) Pause Young (Concurrent Start) (G1 Humongous Allocation)
[420.593s][info][gc,task        ] GC(951) Using 8 workers of 8 for evacuation
[420.594s][info][gc,phases      ] GC(951)   Pre Evacuate Collection Set: 0.1ms
[420.594s][info][gc,phases      ] GC(951)   Merge Heap Roots: 0.0ms
[420.594s][info][gc,phases      ] GC(951)   Evacuate Collection Set: 0.5ms
[420.594s][info][gc,phases      ] GC(951)   Post Evacuate Collection Set: 0.2ms
[420.594s][info][gc,phases      ] GC(951)   Other: 0.1ms
[420.594s][info][gc,heap        ] GC(951) Eden regions: 0->0(25)
[420.594s][info][gc,heap        ] GC(951) Survivor regions: 0->0(4)
[420.594s][info][gc,heap        ] GC(951) Old regions: 485->485
[420.594s][info][gc,heap        ] GC(951) Archive regions: 2->2
[420.594s][info][gc,heap        ] GC(951) Humongous regions: 11->11
[420.594s][info][gc,metaspace   ] GC(951) Metaspace: 44198K(45776K)->44198K(45776K) NonClass: 38975K(40148K)->38975K(40148K) Class: 5222K(5628K)->5222K(5628K)
[420.594s][info][gc             ] GC(951) Pause Young (Concurrent Start) (G1 Humongous Allocation) 495M->495M(512M) 1.044ms
[420.594s][info][gc,cpu         ] GC(951) User=0.01s Sys=0.00s Real=0.00s
[420.594s][info][gc             ] GC(952) Concurrent Cycle
[420.594s][info][gc,marking     ] GC(952) Concurrent Clear Claimed Marks
[420.594s][info][gc,marking     ] GC(952) Concurrent Clear Claimed Marks 0.023ms
[420.594s][info][gc,marking     ] GC(952) Concurrent Scan Root Regions
[420.594s][info][gc,marking     ] GC(952) Concurrent Scan Root Regions 0.024ms
[420.594s][info][gc,marking     ] GC(952) Concurrent Mark (420.594s)
[420.594s][info][gc,marking     ] GC(952) Concurrent Mark From Roots
[420.594s][info][gc,task        ] GC(952) Using 2 workers of 2 for marking
[420.594s][info][gc,start       ] GC(953) Pause Young (Normal) (G1 Humongous Allocation)
[420.594s][info][gc,task        ] GC(953) Using 8 workers of 8 for evacuation
[420.595s][info][gc,phases      ] GC(953)   Pre Evacuate Collection Set: 0.0ms
[420.595s][info][gc,phases      ] GC(953)   Merge Heap Roots: 0.0ms
[420.595s][info][gc,phases      ] GC(953)   Evacuate Collection Set: 0.3ms
[420.595s][info][gc,phases      ] GC(953)   Post Evacuate Collection Set: 0.2ms
[420.595s][info][gc,phases      ] GC(953)   Other: 0.1ms
[420.595s][info][gc,heap        ] GC(953) Eden regions: 0->0(25)
[420.595s][info][gc,heap        ] GC(953) Survivor regions: 0->0(4)
[420.595s][info][gc,heap        ] GC(953) Old regions: 485->485
[420.595s][info][gc,heap        ] GC(953) Archive regions: 2->2
[420.595s][info][gc,heap        ] GC(953) Humongous regions: 11->11
[420.595s][info][gc,metaspace   ] GC(953) Metaspace: 44198K(45776K)->44198K(45776K) NonClass: 38975K(40148K)->38975K(40148K) Class: 5222K(5628K)->5222K(5628K)
[420.595s][info][gc             ] GC(953) Pause Young (Normal) (G1 Humongous Allocation) 495M->495M(512M) 0.656ms
[420.595s][info][gc,cpu         ] GC(953) User=0.00s Sys=0.00s Real=0.01s
[420.595s][info][gc,task        ] GC(954) Using 8 workers of 8 for full compaction
[420.595s][info][gc,start       ] GC(954) Pause Full (G1 Humongous Allocation)
[420.596s][info][gc,phases,start] GC(954) Phase 1: Mark live objects
[420.814s][info][gc,phases      ] GC(954) Phase 1: Mark live objects 218.217ms
[420.814s][info][gc,phases,start] GC(954) Phase 2: Prepare for compaction
[420.846s][info][gc,phases      ] GC(954) Phase 2: Prepare for compaction 31.618ms
[420.846s][info][gc,phases,start] GC(954) Phase 3: Adjust pointers
[420.912s][info][gc,phases      ] GC(954) Phase 3: Adjust pointers 66.935ms
[420.913s][info][gc,phases,start] GC(954) Phase 4: Compact heap
[420.942s][info][gc,phases      ] GC(954) Phase 4: Compact heap 29.864ms
[420.947s][info][gc,heap        ] GC(954) Eden regions: 0->0(25)
[420.947s][info][gc,heap        ] GC(954) Survivor regions: 0->0(4)
[420.947s][info][gc,heap        ] GC(954) Old regions: 485->485
[420.947s][info][gc,heap        ] GC(954) Archive regions: 2->2
[420.947s][info][gc,heap        ] GC(954) Humongous regions: 11->11
[420.947s][info][gc,metaspace   ] GC(954) Metaspace: 44198K(45776K)->44198K(45776K) NonClass: 38975K(40148K)->38975K(40148K) Class: 5222K(5628K)->5222K(5628K)
[420.947s][info][gc             ] GC(954) Pause Full (G1 Humongous Allocation) 495M->495M(512M) 351.554ms
[420.949s][info][gc,cpu         ] GC(954) User=2.47s Sys=0.03s Real=0.35s
[420.949s][info][gc,task        ] GC(955) Using 8 workers of 8 for full compaction
[420.949s][info][gc,start       ] GC(955) Pause Full (G1 Humongous Allocation)
[420.949s][info][gc,phases,start] GC(955) Phase 1: Mark live objects
[421.168s][info][gc,phases      ] GC(955) Phase 1: Mark live objects 219.578ms
[421.168s][info][gc,phases,start] GC(955) Phase 2: Prepare for compaction
[421.199s][info][gc,phases      ] GC(955) Phase 2: Prepare for compaction 30.346ms
[421.199s][info][gc,phases,start] GC(955) Phase 3: Adjust pointers
[421.265s][info][gc,phases      ] GC(955) Phase 3: Adjust pointers 66.211ms
[421.265s][info][gc,phases,start] GC(955) Phase 4: Compact heap
[421.293s][info][gc,phases      ] GC(955) Phase 4: Compact heap 28.338ms
[421.297s][info][gc,heap        ] GC(955) Eden regions: 0->0(25)
[421.297s][info][gc,heap        ] GC(955) Survivor regions: 0->0(4)
[421.297s][info][gc,heap        ] GC(955) Old regions: 485->485
[421.297s][info][gc,heap        ] GC(955) Archive regions: 2->2
[421.297s][info][gc,heap        ] GC(955) Humongous regions: 11->11
[421.297s][info][gc,metaspace   ] GC(955) Metaspace: 44198K(45776K)->44198K(45776K) NonClass: 38975K(40148K)->38975K(40148K) Class: 5222K(5628K)->5222K(5628K)
[421.297s][info][gc             ] GC(955) Pause Full (G1 Humongous Allocation) 495M->494M(512M) 348.829ms
[421.299s][info][gc,cpu         ] GC(955) User=2.45s Sys=0.03s Real=0.35s
[421.299s][info][gc,marking     ] GC(952) Concurrent Mark From Roots 705.034ms
[421.299s][info][gc,marking     ] GC(952) Concurrent Mark Abort
[421.299s][info][gc             ] GC(952) Concurrent Cycle 705.230ms
[421.300s][info][gc,start       ] GC(956) Pause Young (Normal) (G1 Humongous Allocation)
[421.300s][info][gc,task        ] GC(956) Using 8 workers of 8 for evacuation
[421.300s][info][gc,phases      ] GC(956)   Pre Evacuate Collection Set: 0.1ms
[421.300s][info][gc,phases      ] GC(956)   Merge Heap Roots: 0.0ms
[421.300s][info][gc,phases      ] GC(956)   Evacuate Collection Set: 0.2ms
[421.300s][info][gc,phases      ] GC(956)   Post Evacuate Collection Set: 0.2ms
[421.300s][info][gc,phases      ] GC(956)   Other: 0.1ms
[421.300s][info][gc,heap        ] GC(956) Eden regions: 1->0(24)
[421.300s][info][gc,heap        ] GC(956) Survivor regions: 0->1(4)
[421.300s][info][gc,heap        ] GC(956) Old regions: 485->485
[421.300s][info][gc,heap        ] GC(956) Archive regions: 2->2
[421.300s][info][gc,heap        ] GC(956) Humongous regions: 11->11
[421.300s][info][gc,metaspace   ] GC(956) Metaspace: 44198K(45776K)->44198K(45776K) NonClass: 38975K(40148K)->38975K(40148K) Class: 5222K(5628K)->5222K(5628K)
[421.300s][info][gc             ] GC(956) Pause Young (Normal) (G1 Humongous Allocation) 495M->495M(512M) 0.707ms
[421.300s][info][gc,cpu         ] GC(956) User=0.01s Sys=0.00s Real=0.00s
[421.300s][info][gc,task        ] GC(957) Using 8 workers of 8 for full compaction
[421.300s][info][gc,start       ] GC(957) Pause Full (G1 Humongous Allocation)
[421.300s][info][gc,phases,start] GC(957) Phase 1: Mark live objects
[421.524s][info][gc,phases      ] GC(957) Phase 1: Mark live objects 223.937ms
[421.524s][info][gc,phases,start] GC(957) Phase 2: Prepare for compaction
[421.553s][info][gc,phases      ] GC(957) Phase 2: Prepare for compaction 28.365ms
[421.553s][info][gc,phases,start] GC(957) Phase 3: Adjust pointers
[421.622s][info][gc,phases      ] GC(957) Phase 3: Adjust pointers 69.117ms
[421.622s][info][gc,phases,start] GC(957) Phase 4: Compact heap
[421.648s][info][gc,phases      ] GC(957) Phase 4: Compact heap 25.895ms
[421.653s][info][gc,heap        ] GC(957) Eden regions: 0->0(25)
[421.653s][info][gc,heap        ] GC(957) Survivor regions: 1->0(4)
[421.653s][info][gc,heap        ] GC(957) Old regions: 485->486
[421.653s][info][gc,heap        ] GC(957) Archive regions: 2->2
[421.653s][info][gc,heap        ] GC(957) Humongous regions: 11->11
[421.653s][info][gc,metaspace   ] GC(957) Metaspace: 44198K(45776K)->44198K(45776K) NonClass: 38975K(40148K)->38975K(40148K) Class: 5222K(5628K)->5222K(5628K)
[421.653s][info][gc             ] GC(957) Pause Full (G1 Humongous Allocation) 495M->494M(512M) 352.321ms
[421.654s][info][gc,cpu         ] GC(957) User=2.47s Sys=0.03s Real=0.35s
[421.654s][info][gc,task        ] GC(958) Using 8 workers of 8 for full compaction
[421.654s][info][gc,start       ] GC(958) Pause Full (G1 Humongous Allocation)
[421.654s][info][gc,phases,start] GC(958) Phase 1: Mark live objects
[421.875s][info][gc,phases      ] GC(958) Phase 1: Mark live objects 221.124ms
[421.876s][info][gc,phases,start] GC(958) Phase 2: Prepare for compaction
[421.904s][info][gc,phases      ] GC(958) Phase 2: Prepare for compaction 28.890ms
[421.904s][info][gc,phases,start] GC(958) Phase 3: Adjust pointers
[421.973s][info][gc,phases      ] GC(958) Phase 3: Adjust pointers 68.410ms
[421.973s][info][gc,phases,start] GC(958) Phase 4: Compact heap
[421.997s][info][gc,phases      ] GC(958) Phase 4: Compact heap 24.144ms
[422.001s][info][gc,heap        ] GC(958) Eden regions: 0->0(25)
[422.001s][info][gc,heap        ] GC(958) Survivor regions: 0->0(4)
[422.001s][info][gc,heap        ] GC(958) Old regions: 486->486
[422.001s][info][gc,heap        ] GC(958) Archive regions: 2->2
[422.001s][info][gc,heap        ] GC(958) Humongous regions: 11->11
[422.001s][info][gc,metaspace   ] GC(958) Metaspace: 44198K(45776K)->44198K(45776K) NonClass: 38975K(40148K)->38975K(40148K) Class: 5222K(5628K)->5222K(5628K)
[422.001s][info][gc             ] GC(958) Pause Full (G1 Humongous Allocation) 494M->494M(512M) 347.076ms
[422.003s][info][gc,cpu         ] GC(958) User=2.49s Sys=0.04s Real=0.35s
[422.003s][info][gc,start       ] GC(959) Pause Young (Concurrent Start) (G1 Humongous Allocation)
[422.003s][info][gc,task        ] GC(959) Using 8 workers of 8 for evacuation
[422.004s][info][gc,phases      ] GC(959)   Pre Evacuate Collection Set: 0.1ms
[422.004s][info][gc,phases      ] GC(959)   Merge Heap Roots: 0.0ms
[422.004s][info][gc,phases      ] GC(959)   Evacuate Collection Set: 0.6ms
[422.004s][info][gc,phases      ] GC(959)   Post Evacuate Collection Set: 0.2ms
[422.004s][info][gc,phases      ] GC(959)   Other: 0.1ms
[422.004s][info][gc,heap        ] GC(959) Eden regions: 1->0(24)
[422.004s][info][gc,heap        ] GC(959) Survivor regions: 0->1(4)
[422.004s][info][gc,heap        ] GC(959) Old regions: 486->486
[422.004s][info][gc,heap        ] GC(959) Archive regions: 2->2
[422.004s][info][gc,heap        ] GC(959) Humongous regions: 11->11
[422.004s][info][gc,metaspace   ] GC(959) Metaspace: 44198K(45776K)->44198K(45776K) NonClass: 38975K(40148K)->38975K(40148K) Class: 5222K(5628K)->5222K(5628K)
[422.004s][info][gc             ] GC(959) Pause Young (Concurrent Start) (G1 Humongous Allocation) 495M->495M(512M) 1.161ms
[422.004s][info][gc,cpu         ] GC(959) User=0.01s Sys=0.00s Real=0.00s
[422.004s][info][gc             ] GC(960) Concurrent Cycle
[422.004s][info][gc,marking     ] GC(960) Concurrent Clear Claimed Marks
[422.004s][info][gc,marking     ] GC(960) Concurrent Clear Claimed Marks 0.045ms
[422.004s][info][gc,marking     ] GC(960) Concurrent Scan Root Regions
[422.005s][info][gc,marking     ] GC(960) Concurrent Scan Root Regions 0.416ms
[422.005s][info][gc,start       ] GC(961) Pause Young (Normal) (G1 Humongous Allocation)
[422.005s][info][gc,marking     ] GC(960) Concurrent Mark (422.005s)
[422.005s][info][gc,task        ] GC(961) Using 8 workers of 8 for evacuation
[422.005s][info][gc,marking     ] GC(960) Concurrent Mark From Roots
[422.005s][info][gc,task        ] GC(960) Using 2 workers of 2 for marking
[422.005s][info][gc,phases      ] GC(961)   Pre Evacuate Collection Set: 0.4ms
[422.005s][info][gc,phases      ] GC(961)   Merge Heap Roots: 0.0ms
[422.005s][info][gc,phases      ] GC(961)   Evacuate Collection Set: 0.2ms
[422.005s][info][gc,phases      ] GC(961)   Post Evacuate Collection Set: 0.2ms
[422.005s][info][gc,phases      ] GC(961)   Other: 0.1ms
[422.005s][info][gc,heap        ] GC(961) Eden regions: 0->0(24)
[422.005s][info][gc,heap        ] GC(961) Survivor regions: 1->1(4)
[422.005s][info][gc,heap        ] GC(961) Old regions: 486->486
[422.005s][info][gc,heap        ] GC(961) Archive regions: 2->2
[422.005s][info][gc,heap        ] GC(961) Humongous regions: 11->11
[422.005s][info][gc,metaspace   ] GC(961) Metaspace: 44198K(45776K)->44198K(45776K) NonClass: 38976K(40148K)->38976K(40148K) Class: 5222K(5628K)->5222K(5628K)
[422.005s][info][gc             ] GC(961) Pause Young (Normal) (G1 Humongous Allocation) 495M->495M(512M) 0.685ms
[422.005s][info][gc,cpu         ] GC(961) User=0.00s Sys=0.00s Real=0.01s
[422.005s][info][gc,task        ] GC(962) Using 8 workers of 8 for full compaction
[422.005s][info][gc,start       ] GC(962) Pause Full (G1 Humongous Allocation)
[422.006s][info][gc,phases,start] GC(962) Phase 1: Mark live objects
[422.304s][info][gc,phases      ] GC(962) Phase 1: Mark live objects 297.577ms
[422.304s][info][gc,phases,start] GC(962) Phase 2: Prepare for compaction
[422.358s][info][gc,phases      ] GC(962) Phase 2: Prepare for compaction 53.995ms
[422.358s][info][gc,phases,start] GC(962) Phase 3: Adjust pointers
[422.441s][info][gc,phases      ] GC(962) Phase 3: Adjust pointers 83.469ms
[422.441s][info][gc,phases,start] GC(962) Phase 4: Compact heap
[422.470s][info][gc,phases      ] GC(962) Phase 4: Compact heap 28.620ms
[422.474s][info][gc,heap        ] GC(962) Eden regions: 0->0(25)
[422.474s][info][gc,heap        ] GC(962) Survivor regions: 1->0(4)
[422.474s][info][gc,heap        ] GC(962) Old regions: 486->485
[422.474s][info][gc,heap        ] GC(962) Archive regions: 2->2
[422.474s][info][gc,heap        ] GC(962) Humongous regions: 11->11
[422.474s][info][gc,metaspace   ] GC(962) Metaspace: 44198K(45776K)->44198K(45776K) NonClass: 38976K(40148K)->38976K(40148K) Class: 5222K(5628K)->5222K(5628K)
[422.474s][info][gc             ] GC(962) Pause Full (G1 Humongous Allocation) 495M->494M(512M) 468.737ms
[422.476s][info][gc,cpu         ] GC(962) User=2.49s Sys=0.03s Real=0.47s
[422.476s][info][gc,task        ] GC(963) Using 8 workers of 8 for full compaction
[422.476s][info][gc,start       ] GC(963) Pause Full (G1 Humongous Allocation)
[422.476s][info][gc,phases,start] GC(963) Phase 1: Mark live objects
[422.712s][info][gc,phases      ] GC(963) Phase 1: Mark live objects 235.845ms
[422.712s][info][gc,phases,start] GC(963) Phase 2: Prepare for compaction
[422.749s][info][gc,phases      ] GC(963) Phase 2: Prepare for compaction 36.529ms
[422.749s][info][gc,phases,start] GC(963) Phase 3: Adjust pointers
[422.833s][info][gc,phases      ] GC(963) Phase 3: Adjust pointers 84.367ms
[422.833s][info][gc,phases,start] GC(963) Phase 4: Compact heap
[422.873s][info][gc,phases      ] GC(963) Phase 4: Compact heap 39.599ms
[422.877s][info][gc,heap        ] GC(963) Eden regions: 0->0(25)
[422.877s][info][gc,heap        ] GC(963) Survivor regions: 0->0(4)
[422.877s][info][gc,heap        ] GC(963) Old regions: 485->485
[422.877s][info][gc,heap        ] GC(963) Archive regions: 2->2
[422.877s][info][gc,heap        ] GC(963) Humongous regions: 11->11
[422.877s][info][gc,metaspace   ] GC(963) Metaspace: 44198K(45776K)->44198K(45776K) NonClass: 38976K(40148K)->38976K(40148K) Class: 5222K(5628K)->5222K(5628K)
[422.877s][info][gc             ] GC(963) Pause Full (G1 Humongous Allocation) 494M->494M(512M) 400.912ms
[422.878s][info][gc,cpu         ] GC(963) User=2.55s Sys=0.03s Real=0.40s
[422.879s][info][gc,marking     ] GC(960) Concurrent Mark From Roots 873.808ms
[422.879s][info][gc,marking     ] GC(960) Concurrent Mark Abort
[422.879s][info][gc             ] GC(960) Concurrent Cycle 874.438ms
[422.879s][info][gc,start       ] GC(964) Pause Young (Concurrent Start) (G1 Humongous Allocation)
[422.879s][info][gc,task        ] GC(964) Using 8 workers of 8 for evacuation
[422.880s][info][gc,phases      ] GC(964)   Pre Evacuate Collection Set: 0.1ms
[422.880s][info][gc,phases      ] GC(964)   Merge Heap Roots: 0.0ms
[422.880s][info][gc,phases      ] GC(964)   Evacuate Collection Set: 0.6ms
[422.880s][info][gc,phases      ] GC(964)   Post Evacuate Collection Set: 0.4ms
[422.880s][info][gc,phases      ] GC(964)   Other: 0.2ms
[422.880s][info][gc,heap        ] GC(964) Eden regions: 1->0(24)
[422.881s][info][gc,heap        ] GC(964) Survivor regions: 0->1(4)
[422.881s][info][gc,heap        ] GC(964) Old regions: 485->485
[422.881s][info][gc,heap        ] GC(964) Archive regions: 2->2
[422.881s][info][gc,heap        ] GC(964) Humongous regions: 11->11
[422.881s][info][gc,metaspace   ] GC(964) Metaspace: 44198K(45776K)->44198K(45776K) NonClass: 38976K(40148K)->38976K(40148K) Class: 5222K(5628K)->5222K(5628K)
[422.881s][info][gc             ] GC(964) Pause Young (Concurrent Start) (G1 Humongous Allocation) 495M->494M(512M) 1.472ms
[422.881s][info][gc,cpu         ] GC(964) User=0.00s Sys=0.00s Real=0.00s
[422.881s][info][gc             ] GC(965) Concurrent Cycle
[422.881s][info][gc,marking     ] GC(965) Concurrent Clear Claimed Marks
[422.881s][info][gc,marking     ] GC(965) Concurrent Clear Claimed Marks 0.034ms
[422.881s][info][gc,marking     ] GC(965) Concurrent Scan Root Regions
[422.881s][info][gc,marking     ] GC(965) Concurrent Scan Root Regions 0.636ms
[422.881s][info][gc,marking     ] GC(965) Concurrent Mark (422.881s)
[422.881s][info][gc,start       ] GC(966) Pause Young (Normal) (G1 Humongous Allocation)
[422.881s][info][gc,marking     ] GC(965) Concurrent Mark From Roots
[422.881s][info][gc,task        ] GC(966) Using 8 workers of 8 for evacuation
[422.881s][info][gc,task        ] GC(965) Using 2 workers of 2 for marking
[422.883s][info][gc,phases      ] GC(966)   Pre Evacuate Collection Set: 0.5ms
[422.883s][info][gc,phases      ] GC(966)   Merge Heap Roots: 0.0ms
[422.883s][info][gc,phases      ] GC(966)   Evacuate Collection Set: 0.7ms
[422.883s][info][gc,phases      ] GC(966)   Post Evacuate Collection Set: 0.2ms
[422.883s][info][gc,phases      ] GC(966)   Other: 0.2ms
[422.883s][info][gc,heap        ] GC(966) Eden regions: 0->0(24)
[422.883s][info][gc,heap        ] GC(966) Survivor regions: 1->1(4)
[422.883s][info][gc,heap        ] GC(966) Old regions: 485->485
[422.883s][info][gc,heap        ] GC(966) Archive regions: 2->2
[422.883s][info][gc,heap        ] GC(966) Humongous regions: 11->11
[422.883s][info][gc,metaspace   ] GC(966) Metaspace: 44198K(45776K)->44198K(45776K) NonClass: 38976K(40148K)->38976K(40148K) Class: 5222K(5628K)->5222K(5628K)
[422.883s][info][gc             ] GC(966) Pause Young (Normal) (G1 Humongous Allocation) 494M->494M(512M) 1.379ms
[422.883s][info][gc,cpu         ] GC(966) User=0.00s Sys=0.00s Real=0.00s
[422.883s][info][gc,task        ] GC(967) Using 8 workers of 8 for full compaction
[422.883s][info][gc,start       ] GC(967) Pause Full (G1 Humongous Allocation)
[422.884s][info][gc,phases,start] GC(967) Phase 1: Mark live objects
[423.131s][info][gc,phases      ] GC(967) Phase 1: Mark live objects 247.671ms
[423.131s][info][gc,phases,start] GC(967) Phase 2: Prepare for compaction
[423.162s][info][gc,phases      ] GC(967) Phase 2: Prepare for compaction 31.012ms
[423.162s][info][gc,phases,start] GC(967) Phase 3: Adjust pointers
[423.258s][info][gc,phases      ] GC(967) Phase 3: Adjust pointers 95.354ms
[423.258s][info][gc,phases,start] GC(967) Phase 4: Compact heap
[423.288s][info][gc,phases      ] GC(967) Phase 4: Compact heap 29.783ms
[423.293s][info][gc,heap        ] GC(967) Eden regions: 0->0(25)
[423.293s][info][gc,heap        ] GC(967) Survivor regions: 1->0(4)
[423.293s][info][gc,heap        ] GC(967) Old regions: 485->486
[423.293s][info][gc,heap        ] GC(967) Archive regions: 2->2
[423.293s][info][gc,heap        ] GC(967) Humongous regions: 11->11
[423.293s][info][gc,metaspace   ] GC(967) Metaspace: 44198K(45776K)->44198K(45776K) NonClass: 38976K(40148K)->38976K(40148K) Class: 5222K(5628K)->5222K(5628K)
[423.293s][info][gc             ] GC(967) Pause Full (G1 Humongous Allocation) 494M->494M(512M) 410.398ms
[423.296s][info][gc,cpu         ] GC(967) User=2.53s Sys=0.04s Real=0.42s
[423.297s][info][gc,task        ] GC(968) Using 8 workers of 8 for full compaction
[423.297s][info][gc,start       ] GC(968) Pause Full (G1 Humongous Allocation)
[423.297s][info][gc,phases,start] GC(968) Phase 1: Mark live objects
[423.547s][info][gc,phases      ] GC(968) Phase 1: Mark live objects 249.930ms
[423.547s][info][gc,phases,start] GC(968) Phase 2: Prepare for compaction
[423.603s][info][gc,phases      ] GC(968) Phase 2: Prepare for compaction 56.794ms
[423.603s][info][gc,phases,start] GC(968) Phase 3: Adjust pointers
[423.710s][info][gc,phases      ] GC(968) Phase 3: Adjust pointers 106.092ms
[423.710s][info][gc,phases,start] GC(968) Phase 4: Compact heap
[423.743s][info][gc,phases      ] GC(968) Phase 4: Compact heap 32.948ms
[423.747s][info][gc,heap        ] GC(968) Eden regions: 0->0(25)
[423.747s][info][gc,heap        ] GC(968) Survivor regions: 0->0(4)
[423.747s][info][gc,heap        ] GC(968) Old regions: 486->485
[423.747s][info][gc,heap        ] GC(968) Archive regions: 2->2
[423.747s][info][gc,heap        ] GC(968) Humongous regions: 11->11
[423.747s][info][gc,metaspace   ] GC(968) Metaspace: 44198K(45776K)->44198K(45776K) NonClass: 38976K(40148K)->38976K(40148K) Class: 5222K(5628K)->5222K(5628K)
[423.747s][info][gc             ] GC(968) Pause Full (G1 Humongous Allocation) 494M->494M(512M) 450.330ms
[423.749s][info][gc,cpu         ] GC(968) User=2.58s Sys=0.03s Real=0.45s
[423.749s][info][gc,marking     ] GC(965) Concurrent Mark From Roots 867.297ms
[423.749s][info][gc,marking     ] GC(965) Concurrent Mark Abort
[423.749s][info][gc             ] GC(965) Concurrent Cycle 868.097ms
[423.749s][info][gc,start       ] GC(969) Pause Young (Normal) (G1 Humongous Allocation)
[423.749s][info][gc,task        ] GC(969) Using 8 workers of 8 for evacuation
[423.749s][info][gc,phases      ] GC(969)   Pre Evacuate Collection Set: 0.1ms
[423.749s][info][gc,phases      ] GC(969)   Merge Heap Roots: 0.0ms
[423.749s][info][gc,phases      ] GC(969)   Evacuate Collection Set: 0.2ms
[423.749s][info][gc,phases      ] GC(969)   Post Evacuate Collection Set: 0.2ms
[423.749s][info][gc,phases      ] GC(969)   Other: 0.1ms
[423.749s][info][gc,heap        ] GC(969) Eden regions: 1->0(24)
[423.750s][info][gc,heap        ] GC(969) Survivor regions: 0->1(4)
[423.750s][info][gc,heap        ] GC(969) Old regions: 485->485
[423.750s][info][gc,heap        ] GC(969) Archive regions: 2->2
[423.750s][info][gc,heap        ] GC(969) Humongous regions: 11->11
[423.750s][info][gc,metaspace   ] GC(969) Metaspace: 44198K(45776K)->44198K(45776K) NonClass: 38976K(40148K)->38976K(40148K) Class: 5222K(5628K)->5222K(5628K)
[423.750s][info][gc             ] GC(969) Pause Young (Normal) (G1 Humongous Allocation) 495M->494M(512M) 0.679ms
[423.750s][info][gc,cpu         ] GC(969) User=0.01s Sys=0.00s Real=0.00s
[423.750s][info][gc,task        ] GC(970) Using 8 workers of 8 for full compaction
[423.750s][info][gc,start       ] GC(970) Pause Full (G1 Humongous Allocation)
[423.750s][info][gc,phases,start] GC(970) Phase 1: Mark live objects
[424.023s][info][gc,phases      ] GC(970) Phase 1: Mark live objects 273.032ms
[424.023s][info][gc,phases,start] GC(970) Phase 2: Prepare for compaction
[424.053s][info][gc,phases      ] GC(970) Phase 2: Prepare for compaction 29.886ms
[424.053s][info][gc,phases,start] GC(970) Phase 3: Adjust pointers
[424.124s][info][gc,phases      ] GC(970) Phase 3: Adjust pointers 71.544ms
[424.124s][info][gc,phases,start] GC(970) Phase 4: Compact heap
[424.150s][info][gc,phases      ] GC(970) Phase 4: Compact heap 25.668ms
[424.154s][info][gc,heap        ] GC(970) Eden regions: 0->0(25)
[424.154s][info][gc,heap        ] GC(970) Survivor regions: 1->0(4)
[424.154s][info][gc,heap        ] GC(970) Old regions: 485->486
[424.154s][info][gc,heap        ] GC(970) Archive regions: 2->2
[424.154s][info][gc,heap        ] GC(970) Humongous regions: 11->11
[424.154s][info][gc,metaspace   ] GC(970) Metaspace: 44198K(45776K)->44198K(45776K) NonClass: 38976K(40148K)->38976K(40148K) Class: 5222K(5628K)->5222K(5628K)
[424.154s][info][gc             ] GC(970) Pause Full (G1 Humongous Allocation) 494M->494M(512M) 404.649ms
[424.156s][info][gc,cpu         ] GC(970) User=2.52s Sys=0.02s Real=0.41s
[424.156s][info][gc,task        ] GC(971) Using 8 workers of 8 for full compaction
[424.156s][info][gc,start       ] GC(971) Pause Full (G1 Humongous Allocation)
[424.156s][info][gc,phases,start] GC(971) Phase 1: Mark live objects
[424.384s][info][gc,phases      ] GC(971) Phase 1: Mark live objects 227.620ms
[424.384s][info][gc,phases,start] GC(971) Phase 2: Prepare for compaction
[424.413s][info][gc,phases      ] GC(971) Phase 2: Prepare for compaction 28.881ms
[424.413s][info][gc,phases,start] GC(971) Phase 3: Adjust pointers
[424.486s][info][gc,phases      ] GC(971) Phase 3: Adjust pointers 73.171ms
[424.486s][info][gc,phases,start] GC(971) Phase 4: Compact heap
[424.515s][info][gc,phases      ] GC(971) Phase 4: Compact heap 28.482ms
[424.519s][info][gc,heap        ] GC(971) Eden regions: 0->0(25)
[424.519s][info][gc,heap        ] GC(971) Survivor regions: 0->0(4)
[424.519s][info][gc,heap        ] GC(971) Old regions: 486->486
[424.519s][info][gc,heap        ] GC(971) Archive regions: 2->2
[424.519s][info][gc,heap        ] GC(971) Humongous regions: 11->11
[424.519s][info][gc,metaspace   ] GC(971) Metaspace: 44198K(45776K)->44198K(45776K) NonClass: 38976K(40148K)->38976K(40148K) Class: 5222K(5628K)->5222K(5628K)
[424.519s][info][gc             ] GC(971) Pause Full (G1 Humongous Allocation) 494M->494M(512M) 363.061ms
[424.521s][info][gc,cpu         ] GC(971) User=2.54s Sys=0.04s Real=0.36s
[424.521s][info][gc,start       ] GC(972) Pause Young (Concurrent Start) (G1 Humongous Allocation)
[424.521s][info][gc,task        ] GC(972) Using 8 workers of 8 for evacuation
[424.522s][info][gc,phases      ] GC(972)   Pre Evacuate Collection Set: 0.1ms
[424.522s][info][gc,phases      ] GC(972)   Merge Heap Roots: 0.0ms
[424.522s][info][gc,phases      ] GC(972)   Evacuate Collection Set: 0.6ms
[424.522s][info][gc,phases      ] GC(972)   Post Evacuate Collection Set: 0.2ms
[424.522s][info][gc,phases      ] GC(972)   Other: 0.1ms
[424.522s][info][gc,heap        ] GC(972) Eden regions: 1->0(24)
[424.522s][info][gc,heap        ] GC(972) Survivor regions: 0->1(4)
[424.522s][info][gc,heap        ] GC(972) Old regions: 486->486
[424.522s][info][gc,heap        ] GC(972) Archive regions: 2->2
[424.522s][info][gc,heap        ] GC(972) Humongous regions: 11->11
[424.522s][info][gc,metaspace   ] GC(972) Metaspace: 44198K(45776K)->44198K(45776K) NonClass: 38976K(40148K)->38976K(40148K) Class: 5222K(5628K)->5222K(5628K)
[424.522s][info][gc             ] GC(972) Pause Young (Concurrent Start) (G1 Humongous Allocation) 495M->494M(512M) 1.054ms
[424.522s][info][gc,cpu         ] GC(972) User=0.01s Sys=0.00s Real=0.00s
[424.522s][info][gc,task        ] GC(973) Using 8 workers of 8 for full compaction
[424.522s][info][gc,start       ] GC(973) Pause Full (G1 Humongous Allocation)
[424.522s][info][gc             ] GC(974) Concurrent Cycle
[424.522s][info][gc,marking     ] GC(974) Concurrent Clear Claimed Marks
[424.522s][info][gc,marking     ] GC(974) Concurrent Clear Claimed Marks 0.018ms
[424.522s][info][gc,marking     ] GC(974) Concurrent Scan Root Regions
[424.522s][info][gc,marking     ] GC(974) Concurrent Scan Root Regions 0.018ms
[424.522s][info][gc,marking     ] GC(974) Concurrent Mark (424.522s)
[424.522s][info][gc,marking     ] GC(974) Concurrent Mark From Roots
[424.522s][info][gc,task        ] GC(974) Using 2 workers of 2 for marking
[424.523s][info][gc,phases,start] GC(973) Phase 1: Mark live objects
[424.779s][info][gc,phases      ] GC(973) Phase 1: Mark live objects 256.265ms
[424.779s][info][gc,phases,start] GC(973) Phase 2: Prepare for compaction
[424.807s][info][gc,phases      ] GC(973) Phase 2: Prepare for compaction 27.998ms
[424.807s][info][gc,phases,start] GC(973) Phase 3: Adjust pointers
[424.881s][info][gc,phases      ] GC(973) Phase 3: Adjust pointers 74.141ms
[424.881s][info][gc,phases,start] GC(973) Phase 4: Compact heap
[424.907s][info][gc,phases      ] GC(973) Phase 4: Compact heap 25.490ms
[424.911s][info][gc,heap        ] GC(973) Eden regions: 0->0(25)
[424.911s][info][gc,heap        ] GC(973) Survivor regions: 1->0(4)
[424.911s][info][gc,heap        ] GC(973) Old regions: 486->486
[424.911s][info][gc,heap        ] GC(973) Archive regions: 2->2
[424.911s][info][gc,heap        ] GC(973) Humongous regions: 11->11
[424.911s][info][gc,metaspace   ] GC(973) Metaspace: 44198K(45776K)->44198K(45776K) NonClass: 38976K(40148K)->38976K(40148K) Class: 5222K(5628K)->5222K(5628K)
[424.911s][info][gc             ] GC(973) Pause Full (G1 Humongous Allocation) 494M->494M(512M) 389.074ms
[424.913s][info][gc,cpu         ] GC(973) User=2.53s Sys=0.04s Real=0.39s
[424.913s][info][gc,task        ] GC(975) Using 8 workers of 8 for full compaction
[424.913s][info][gc,start       ] GC(975) Pause Full (G1 Humongous Allocation)
[424.913s][info][gc,phases,start] GC(975) Phase 1: Mark live objects
[425.160s][info][gc,phases      ] GC(975) Phase 1: Mark live objects 247.316ms
[425.160s][info][gc,phases,start] GC(975) Phase 2: Prepare for compaction
[425.190s][info][gc,phases      ] GC(975) Phase 2: Prepare for compaction 29.569ms
[425.190s][info][gc,phases,start] GC(975) Phase 3: Adjust pointers
[425.264s][info][gc,phases      ] GC(975) Phase 3: Adjust pointers 74.556ms
[425.265s][info][gc,phases,start] GC(975) Phase 4: Compact heap
[425.289s][info][gc,phases      ] GC(975) Phase 4: Compact heap 24.913ms
[425.294s][info][gc,heap        ] GC(975) Eden regions: 0->0(25)
[425.294s][info][gc,heap        ] GC(975) Survivor regions: 0->0(4)
[425.294s][info][gc,heap        ] GC(975) Old regions: 486->486
[425.294s][info][gc,heap        ] GC(975) Archive regions: 2->2
[425.294s][info][gc,heap        ] GC(975) Humongous regions: 11->11
[425.294s][info][gc,metaspace   ] GC(975) Metaspace: 44198K(45776K)->44198K(45776K) NonClass: 38976K(40148K)->38976K(40148K) Class: 5222K(5628K)->5222K(5628K)
[425.294s][info][gc             ] GC(975) Pause Full (G1 Humongous Allocation) 494M->494M(512M) 380.873ms
[425.295s][info][gc,cpu         ] GC(975) User=2.54s Sys=0.03s Real=0.39s
[425.295s][info][gc,marking     ] GC(974) Concurrent Mark From Roots 773.145ms
[425.295s][info][gc,marking     ] GC(974) Concurrent Mark Abort
[425.295s][info][gc             ] GC(974) Concurrent Cycle 773.291ms
[425.296s][info][gc,start       ] GC(976) Pause Young (Normal) (G1 Humongous Allocation)
[425.296s][info][gc,task        ] GC(976) Using 8 workers of 8 for evacuation
[425.297s][info][gc,phases      ] GC(976)   Pre Evacuate Collection Set: 0.1ms
[425.297s][info][gc,phases      ] GC(976)   Merge Heap Roots: 0.0ms
[425.297s][info][gc,phases      ] GC(976)   Evacuate Collection Set: 0.5ms
[425.297s][info][gc,phases      ] GC(976)   Post Evacuate Collection Set: 0.2ms
[425.297s][info][gc,phases      ] GC(976)   Other: 0.1ms
[425.297s][info][gc,heap        ] GC(976) Eden regions: 1->0(24)
[425.297s][info][gc,heap        ] GC(976) Survivor regions: 0->1(4)
[425.297s][info][gc,heap        ] GC(976) Old regions: 486->486
[425.297s][info][gc,heap        ] GC(976) Archive regions: 2->2
[425.297s][info][gc,heap        ] GC(976) Humongous regions: 11->11
[425.297s][info][gc,metaspace   ] GC(976) Metaspace: 44198K(45776K)->44198K(45776K) NonClass: 38976K(40148K)->38976K(40148K) Class: 5222K(5628K)->5222K(5628K)
[425.297s][info][gc             ] GC(976) Pause Young (Normal) (G1 Humongous Allocation) 495M->494M(512M) 1.040ms
[425.297s][info][gc,cpu         ] GC(976) User=0.00s Sys=0.00s Real=0.00s
[425.297s][info][gc,task        ] GC(977) Using 8 workers of 8 for full compaction
[425.297s][info][gc,start       ] GC(977) Pause Full (G1 Humongous Allocation)
[425.297s][info][gc,phases,start] GC(977) Phase 1: Mark live objects
[425.521s][info][gc,phases      ] GC(977) Phase 1: Mark live objects 224.322ms
[425.521s][info][gc,phases,start] GC(977) Phase 2: Prepare for compaction
[425.551s][info][gc,phases      ] GC(977) Phase 2: Prepare for compaction 29.525ms
[425.551s][info][gc,phases,start] GC(977) Phase 3: Adjust pointers
[425.619s][info][gc,phases      ] GC(977) Phase 3: Adjust pointers 68.688ms
[425.619s][info][gc,phases,start] GC(977) Phase 4: Compact heap
[425.644s][info][gc,phases      ] GC(977) Phase 4: Compact heap 24.113ms
[425.648s][info][gc,heap        ] GC(977) Eden regions: 0->0(25)
[425.648s][info][gc,heap        ] GC(977) Survivor regions: 1->0(4)
[425.648s][info][gc,heap        ] GC(977) Old regions: 486->486
[425.648s][info][gc,heap        ] GC(977) Archive regions: 2->2
[425.648s][info][gc,heap        ] GC(977) Humongous regions: 11->11
[425.648s][info][gc,metaspace   ] GC(977) Metaspace: 44198K(45776K)->44198K(45776K) NonClass: 38976K(40148K)->38976K(40148K) Class: 5222K(5628K)->5222K(5628K)
[425.648s][info][gc             ] GC(977) Pause Full (G1 Humongous Allocation) 494M->494M(512M) 351.015ms
[425.651s][info][gc,cpu         ] GC(977) User=2.46s Sys=0.03s Real=0.35s
[425.651s][info][gc,task        ] GC(978) Using 8 workers of 8 for full compaction
[425.651s][info][gc,start       ] GC(978) Pause Full (G1 Humongous Allocation)
[425.651s][info][gc,phases,start] GC(978) Phase 1: Mark live objects
[425.875s][info][gc,phases      ] GC(978) Phase 1: Mark live objects 224.597ms
[425.875s][info][gc,phases,start] GC(978) Phase 2: Prepare for compaction
[425.905s][info][gc,phases      ] GC(978) Phase 2: Prepare for compaction 29.476ms
[425.905s][info][gc,phases,start] GC(978) Phase 3: Adjust pointers
[425.974s][info][gc,phases      ] GC(978) Phase 3: Adjust pointers 69.289ms
[425.974s][info][gc,phases,start] GC(978) Phase 4: Compact heap
[425.999s][info][gc,phases      ] GC(978) Phase 4: Compact heap 24.940ms
[426.003s][info][gc,heap        ] GC(978) Eden regions: 0->0(25)
[426.003s][info][gc,heap        ] GC(978) Survivor regions: 0->0(4)
[426.003s][info][gc,heap        ] GC(978) Old regions: 486->486
[426.003s][info][gc,heap        ] GC(978) Archive regions: 2->2
[426.003s][info][gc,heap        ] GC(978) Humongous regions: 11->11
[426.003s][info][gc,metaspace   ] GC(978) Metaspace: 44198K(45776K)->44198K(45776K) NonClass: 38976K(40148K)->38976K(40148K) Class: 5222K(5628K)->5222K(5628K)
[426.003s][info][gc             ] GC(978) Pause Full (G1 Humongous Allocation) 494M->494M(512M) 352.747ms
[426.005s][info][gc,cpu         ] GC(978) User=2.45s Sys=0.03s Real=0.36s
[426.006s][info][gc,start       ] GC(979) Pause Young (Concurrent Start) (G1 Humongous Allocation)
[426.006s][info][gc,task        ] GC(979) Using 8 workers of 8 for evacuation
[426.007s][info][gc,phases      ] GC(979)   Pre Evacuate Collection Set: 0.1ms
[426.007s][info][gc,phases      ] GC(979)   Merge Heap Roots: 0.0ms
[426.007s][info][gc,phases      ] GC(979)   Evacuate Collection Set: 0.6ms
[426.007s][info][gc,phases      ] GC(979)   Post Evacuate Collection Set: 0.2ms
[426.007s][info][gc,phases      ] GC(979)   Other: 0.1ms
[426.007s][info][gc,heap        ] GC(979) Eden regions: 1->0(24)
[426.007s][info][gc,heap        ] GC(979) Survivor regions: 0->1(4)
[426.007s][info][gc,heap        ] GC(979) Old regions: 486->486
[426.007s][info][gc,heap        ] GC(979) Archive regions: 2->2
[426.007s][info][gc,heap        ] GC(979) Humongous regions: 11->11
[426.007s][info][gc,metaspace   ] GC(979) Metaspace: 44198K(45776K)->44198K(45776K) NonClass: 38976K(40148K)->38976K(40148K) Class: 5222K(5628K)->5222K(5628K)
[426.007s][info][gc             ] GC(979) Pause Young (Concurrent Start) (G1 Humongous Allocation) 495M->495M(512M) 1.117ms
[426.007s][info][gc,cpu         ] GC(979) User=0.01s Sys=0.00s Real=0.00s
[426.007s][info][gc,task        ] GC(980) Using 8 workers of 8 for full compaction
[426.007s][info][gc,start       ] GC(980) Pause Full (G1 Humongous Allocation)
[426.007s][info][gc             ] GC(981) Concurrent Cycle
[426.007s][info][gc,marking     ] GC(981) Concurrent Clear Claimed Marks
[426.007s][info][gc,marking     ] GC(981) Concurrent Clear Claimed Marks 0.016ms
[426.007s][info][gc,marking     ] GC(981) Concurrent Scan Root Regions
[426.007s][info][gc,marking     ] GC(981) Concurrent Scan Root Regions 0.017ms
[426.007s][info][gc,marking     ] GC(981) Concurrent Mark (426.007s)
[426.007s][info][gc,marking     ] GC(981) Concurrent Mark From Roots
[426.007s][info][gc,task        ] GC(981) Using 2 workers of 2 for marking
[426.007s][info][gc,phases,start] GC(980) Phase 1: Mark live objects
[426.226s][info][gc,phases      ] GC(980) Phase 1: Mark live objects 218.849ms
[426.226s][info][gc,phases,start] GC(980) Phase 2: Prepare for compaction
[426.255s][info][gc,phases      ] GC(980) Phase 2: Prepare for compaction 28.965ms
[426.255s][info][gc,phases,start] GC(980) Phase 3: Adjust pointers
[426.326s][info][gc,phases      ] GC(980) Phase 3: Adjust pointers 70.987ms
[426.326s][info][gc,phases,start] GC(980) Phase 4: Compact heap
[426.350s][info][gc,phases      ] GC(980) Phase 4: Compact heap 24.140ms
[426.356s][info][gc,heap        ] GC(980) Eden regions: 0->0(25)
[426.356s][info][gc,heap        ] GC(980) Survivor regions: 1->0(4)
[426.356s][info][gc,heap        ] GC(980) Old regions: 486->486
[426.356s][info][gc,heap        ] GC(980) Archive regions: 2->2
[426.356s][info][gc,heap        ] GC(980) Humongous regions: 11->11
[426.356s][info][gc,metaspace   ] GC(980) Metaspace: 44198K(45776K)->44198K(45776K) NonClass: 38976K(40148K)->38976K(40148K) Class: 5222K(5628K)->5222K(5628K)
[426.356s][info][gc             ] GC(980) Pause Full (G1 Humongous Allocation) 495M->495M(512M) 348.891ms
[426.357s][info][gc,cpu         ] GC(980) User=2.46s Sys=0.02s Real=0.35s
[426.357s][info][gc,task        ] GC(982) Using 8 workers of 8 for full compaction
[426.357s][info][gc,start       ] GC(982) Pause Full (G1 Humongous Allocation)
[426.357s][info][gc,phases,start] GC(982) Phase 1: Mark live objects
[426.577s][info][gc,phases      ] GC(982) Phase 1: Mark live objects 219.673ms
[426.577s][info][gc,phases,start] GC(982) Phase 2: Prepare for compaction
[426.604s][info][gc,phases      ] GC(982) Phase 2: Prepare for compaction 27.150ms
[426.604s][info][gc,phases,start] GC(982) Phase 3: Adjust pointers
[426.671s][info][gc,phases      ] GC(982) Phase 3: Adjust pointers 66.698ms
[426.671s][info][gc,phases,start] GC(982) Phase 4: Compact heap
[426.699s][info][gc,phases      ] GC(982) Phase 4: Compact heap 28.223ms
[426.704s][info][gc,heap        ] GC(982) Eden regions: 0->0(25)
[426.704s][info][gc,heap        ] GC(982) Survivor regions: 0->0(4)
[426.704s][info][gc,heap        ] GC(982) Old regions: 486->485
[426.704s][info][gc,heap        ] GC(982) Archive regions: 2->2
[426.704s][info][gc,heap        ] GC(982) Humongous regions: 11->11
[426.704s][info][gc,metaspace   ] GC(982) Metaspace: 44198K(45776K)->44198K(45776K) NonClass: 38976K(40148K)->38976K(40148K) Class: 5222K(5628K)->5222K(5628K)
[426.704s][info][gc             ] GC(982) Pause Full (G1 Humongous Allocation) 495M->495M(512M) 346.535ms
[426.705s][info][gc,cpu         ] GC(982) User=2.46s Sys=0.03s Real=0.35s
[426.705s][info][gc,marking     ] GC(981) Concurrent Mark From Roots 698.517ms
[426.705s][info][gc,marking     ] GC(981) Concurrent Mark Abort
[426.705s][info][gc             ] GC(981) Concurrent Cycle 698.651ms
[426.706s][info][gc,start       ] GC(983) Pause Young (Concurrent Start) (G1 Humongous Allocation)
[426.706s][info][gc,task        ] GC(983) Using 8 workers of 8 for evacuation
[426.707s][info][gc,phases      ] GC(983)   Pre Evacuate Collection Set: 0.1ms
[426.707s][info][gc,phases      ] GC(983)   Merge Heap Roots: 0.0ms
[426.707s][info][gc,phases      ] GC(983)   Evacuate Collection Set: 0.6ms
[426.707s][info][gc,phases      ] GC(983)   Post Evacuate Collection Set: 0.2ms
[426.707s][info][gc,phases      ] GC(983)   Other: 0.1ms
[426.707s][info][gc,heap        ] GC(983) Eden regions: 1->0(24)
[426.707s][info][gc,heap        ] GC(983) Survivor regions: 0->1(4)
[426.707s][info][gc,heap        ] GC(983) Old regions: 485->485
[426.707s][info][gc,heap        ] GC(983) Archive regions: 2->2
[426.707s][info][gc,heap        ] GC(983) Humongous regions: 11->11
[426.707s][info][gc,metaspace   ] GC(983) Metaspace: 44198K(45776K)->44198K(45776K) NonClass: 38976K(40148K)->38976K(40148K) Class: 5222K(5628K)->5222K(5628K)
[426.707s][info][gc             ] GC(983) Pause Young (Concurrent Start) (G1 Humongous Allocation) 495M->495M(512M) 1.048ms
[426.707s][info][gc,cpu         ] GC(983) User=0.00s Sys=0.00s Real=0.00s
[426.707s][info][gc             ] GC(984) Concurrent Cycle
[426.707s][info][gc,marking     ] GC(984) Concurrent Clear Claimed Marks
[426.707s][info][gc,marking     ] GC(984) Concurrent Clear Claimed Marks 0.016ms
[426.707s][info][gc,marking     ] GC(984) Concurrent Scan Root Regions
[426.707s][info][gc,marking     ] GC(984) Concurrent Scan Root Regions 0.423ms
[426.707s][info][gc,marking     ] GC(984) Concurrent Mark (426.707s)
[426.707s][info][gc,marking     ] GC(984) Concurrent Mark From Roots
[426.707s][info][gc,start       ] GC(985) Pause Young (Normal) (G1 Humongous Allocation)
[426.707s][info][gc,task        ] GC(984) Using 2 workers of 2 for marking
[426.707s][info][gc,task        ] GC(985) Using 8 workers of 8 for evacuation
[426.708s][info][gc,phases      ] GC(985)   Pre Evacuate Collection Set: 0.4ms
[426.708s][info][gc,phases      ] GC(985)   Merge Heap Roots: 0.0ms
[426.708s][info][gc,phases      ] GC(985)   Evacuate Collection Set: 0.2ms
[426.708s][info][gc,phases      ] GC(985)   Post Evacuate Collection Set: 0.2ms
[426.708s][info][gc,phases      ] GC(985)   Other: 0.1ms
[426.708s][info][gc,heap        ] GC(985) Eden regions: 0->0(24)
[426.708s][info][gc,heap        ] GC(985) Survivor regions: 1->1(4)
[426.708s][info][gc,heap        ] GC(985) Old regions: 485->485
[426.708s][info][gc,heap        ] GC(985) Archive regions: 2->2
[426.708s][info][gc,heap        ] GC(985) Humongous regions: 11->11
[426.708s][info][gc,metaspace   ] GC(985) Metaspace: 44198K(45776K)->44198K(45776K) NonClass: 38976K(40148K)->38976K(40148K) Class: 5222K(5628K)->5222K(5628K)
[426.708s][info][gc             ] GC(985) Pause Young (Normal) (G1 Humongous Allocation) 495M->495M(512M) 0.643ms
[426.708s][info][gc,cpu         ] GC(985) User=0.00s Sys=0.00s Real=0.00s
[426.708s][info][gc,task        ] GC(986) Using 8 workers of 8 for full compaction
[426.708s][info][gc,start       ] GC(986) Pause Full (G1 Humongous Allocation)
[426.708s][info][gc,phases,start] GC(986) Phase 1: Mark live objects
[426.939s][info][gc,phases      ] GC(986) Phase 1: Mark live objects 230.328ms
[426.939s][info][gc,phases,start] GC(986) Phase 2: Prepare for compaction
[426.970s][info][gc,phases      ] GC(986) Phase 2: Prepare for compaction 31.164ms
[426.970s][info][gc,phases,start] GC(986) Phase 3: Adjust pointers
[427.041s][info][gc,phases      ] GC(986) Phase 3: Adjust pointers 70.961ms
[427.041s][info][gc,phases,start] GC(986) Phase 4: Compact heap
[427.065s][info][gc,phases      ] GC(986) Phase 4: Compact heap 24.353ms
[427.071s][info][gc,heap        ] GC(986) Eden regions: 0->0(25)
[427.071s][info][gc,heap        ] GC(986) Survivor regions: 1->0(4)
[427.071s][info][gc,heap        ] GC(986) Old regions: 485->486
[427.071s][info][gc,heap        ] GC(986) Archive regions: 2->2
[427.071s][info][gc,heap        ] GC(986) Humongous regions: 11->11
[427.071s][info][gc,metaspace   ] GC(986) Metaspace: 44198K(45776K)->44198K(45776K) NonClass: 38976K(40148K)->38976K(40148K) Class: 5222K(5628K)->5222K(5628K)
[427.071s][info][gc             ] GC(986) Pause Full (G1 Humongous Allocation) 495M->495M(512M) 363.496ms
[427.073s][info][gc,cpu         ] GC(986) User=2.47s Sys=0.05s Real=0.36s
[427.073s][info][gc,task        ] GC(987) Using 8 workers of 8 for full compaction
[427.073s][info][gc,start       ] GC(987) Pause Full (G1 Humongous Allocation)
[427.073s][info][gc,phases,start] GC(987) Phase 1: Mark live objects
[427.420s][info][gc,phases      ] GC(987) Phase 1: Mark live objects 346.832ms
[427.420s][info][gc,phases,start] GC(987) Phase 2: Prepare for compaction
[427.450s][info][gc,phases      ] GC(987) Phase 2: Prepare for compaction 29.602ms
[427.450s][info][gc,phases,start] GC(987) Phase 3: Adjust pointers
[427.526s][info][gc,phases      ] GC(987) Phase 3: Adjust pointers 76.029ms
[427.526s][info][gc,phases,start] GC(987) Phase 4: Compact heap
[427.551s][info][gc,phases      ] GC(987) Phase 4: Compact heap 25.369ms
[427.555s][info][gc,heap        ] GC(987) Eden regions: 0->0(25)
[427.556s][info][gc,heap        ] GC(987) Survivor regions: 0->0(4)
[427.556s][info][gc,heap        ] GC(987) Old regions: 486->485
[427.556s][info][gc,heap        ] GC(987) Archive regions: 2->2
[427.556s][info][gc,heap        ] GC(987) Humongous regions: 11->11
[427.556s][info][gc,metaspace   ] GC(987) Metaspace: 44198K(45776K)->44198K(45776K) NonClass: 38976K(40148K)->38976K(40148K) Class: 5222K(5628K)->5222K(5628K)
[427.556s][info][gc             ] GC(987) Pause Full (G1 Humongous Allocation) 495M->495M(512M) 482.336ms
[427.557s][info][gc,cpu         ] GC(987) User=2.49s Sys=0.03s Real=0.49s
[427.557s][info][gc,marking     ] GC(984) Concurrent Mark From Roots 850.286ms
[427.558s][info][gc,marking     ] GC(984) Concurrent Mark Abort
[427.558s][info][gc             ] GC(984) Concurrent Cycle 850.843ms
[427.558s][info][gc,start       ] GC(988) Pause Young (Concurrent Start) (G1 Humongous Allocation)
[427.558s][info][gc,task        ] GC(988) Using 8 workers of 8 for evacuation
[427.559s][info][gc,phases      ] GC(988)   Pre Evacuate Collection Set: 0.1ms
[427.559s][info][gc,phases      ] GC(988)   Merge Heap Roots: 0.0ms
[427.559s][info][gc,phases      ] GC(988)   Evacuate Collection Set: 0.6ms
[427.559s][info][gc,phases      ] GC(988)   Post Evacuate Collection Set: 0.2ms
[427.559s][info][gc,phases      ] GC(988)   Other: 0.1ms
[427.559s][info][gc,heap        ] GC(988) Eden regions: 1->0(24)
[427.559s][info][gc,heap        ] GC(988) Survivor regions: 0->1(4)
[427.559s][info][gc,heap        ] GC(988) Old regions: 485->485
[427.559s][info][gc,heap        ] GC(988) Archive regions: 2->2
[427.559s][info][gc,heap        ] GC(988) Humongous regions: 11->11
[427.559s][info][gc,metaspace   ] GC(988) Metaspace: 44198K(45776K)->44198K(45776K) NonClass: 38976K(40148K)->38976K(40148K) Class: 5222K(5628K)->5222K(5628K)
[427.559s][info][gc             ] GC(988) Pause Young (Concurrent Start) (G1 Humongous Allocation) 495M->495M(512M) 1.076ms
[427.559s][info][gc,cpu         ] GC(988) User=0.01s Sys=0.00s Real=0.00s
[427.559s][info][gc             ] GC(989) Concurrent Cycle
[427.559s][info][gc,marking     ] GC(989) Concurrent Clear Claimed Marks
[427.559s][info][gc,marking     ] GC(989) Concurrent Clear Claimed Marks 0.031ms
[427.559s][info][gc,marking     ] GC(989) Concurrent Scan Root Regions
[427.560s][info][gc,marking     ] GC(989) Concurrent Scan Root Regions 0.716ms
[427.560s][info][gc,marking     ] GC(989) Concurrent Mark (427.560s)
[427.560s][info][gc,marking     ] GC(989) Concurrent Mark From Roots
[427.560s][info][gc,task        ] GC(989) Using 2 workers of 2 for marking
[427.560s][info][gc,start       ] GC(990) Pause Young (Normal) (G1 Humongous Allocation)
[427.560s][info][gc,task        ] GC(990) Using 8 workers of 8 for evacuation
[427.560s][info][gc,phases      ] GC(990)   Pre Evacuate Collection Set: 0.1ms
[427.560s][info][gc,phases      ] GC(990)   Merge Heap Roots: 0.0ms
[427.560s][info][gc,phases      ] GC(990)   Evacuate Collection Set: 0.3ms
[427.560s][info][gc,phases      ] GC(990)   Post Evacuate Collection Set: 0.2ms
[427.560s][info][gc,phases      ] GC(990)   Other: 0.1ms
[427.560s][info][gc,heap        ] GC(990) Eden regions: 1->0(24)
[427.560s][info][gc,heap        ] GC(990) Survivor regions: 1->1(4)
[427.560s][info][gc,heap        ] GC(990) Old regions: 485->485
[427.560s][info][gc,heap        ] GC(990) Archive regions: 2->2
[427.561s][info][gc,heap        ] GC(990) Humongous regions: 11->11
[427.561s][info][gc,metaspace   ] GC(990) Metaspace: 44198K(45776K)->44198K(45776K) NonClass: 38976K(40148K)->38976K(40148K) Class: 5222K(5628K)->5222K(5628K)
[427.561s][info][gc             ] GC(990) Pause Young (Normal) (G1 Humongous Allocation) 495M->495M(512M) 0.749ms
[427.561s][info][gc,cpu         ] GC(990) User=0.00s Sys=0.00s Real=0.00s
[427.561s][info][gc,task        ] GC(991) Using 8 workers of 8 for full compaction
[427.561s][info][gc,start       ] GC(991) Pause Full (G1 Humongous Allocation)
[427.561s][info][gc,phases,start] GC(991) Phase 1: Mark live objects
[427.800s][info][gc,phases      ] GC(991) Phase 1: Mark live objects 238.842ms
[427.800s][info][gc,phases,start] GC(991) Phase 2: Prepare for compaction
[427.830s][info][gc,phases      ] GC(991) Phase 2: Prepare for compaction 29.756ms
[427.830s][info][gc,phases,start] GC(991) Phase 3: Adjust pointers
[427.911s][info][gc,phases      ] GC(991) Phase 3: Adjust pointers 80.734ms
[427.911s][info][gc,phases,start] GC(991) Phase 4: Compact heap
[427.938s][info][gc,phases      ] GC(991) Phase 4: Compact heap 27.624ms
[427.944s][info][gc,heap        ] GC(991) Eden regions: 0->0(25)
[427.944s][info][gc,heap        ] GC(991) Survivor regions: 1->0(4)
[427.944s][info][gc,heap        ] GC(991) Old regions: 485->485
[427.944s][info][gc,heap        ] GC(991) Archive regions: 2->2
[427.944s][info][gc,heap        ] GC(991) Humongous regions: 11->11
[427.944s][info][gc,metaspace   ] GC(991) Metaspace: 44198K(45776K)->44198K(45776K) NonClass: 38976K(40148K)->38976K(40148K) Class: 5222K(5628K)->5222K(5628K)
[427.944s][info][gc             ] GC(991) Pause Full (G1 Humongous Allocation) 495M->495M(512M) 383.759ms
[427.946s][info][gc,cpu         ] GC(991) User=2.55s Sys=0.04s Real=0.39s
[427.946s][info][gc,task        ] GC(992) Using 8 workers of 8 for full compaction
[427.946s][info][gc,start       ] GC(992) Pause Full (G1 Humongous Allocation)
[427.946s][info][gc,phases,start] GC(992) Phase 1: Mark live objects
[428.189s][info][gc,phases      ] GC(992) Phase 1: Mark live objects 242.708ms
[428.189s][info][gc,phases,start] GC(992) Phase 2: Prepare for compaction
[428.220s][info][gc,phases      ] GC(992) Phase 2: Prepare for compaction 30.538ms
[428.220s][info][gc,phases,start] GC(992) Phase 3: Adjust pointers
[428.295s][info][gc,phases      ] GC(992) Phase 3: Adjust pointers 75.754ms
[428.295s][info][gc,phases,start] GC(992) Phase 4: Compact heap
[428.324s][info][gc,phases      ] GC(992) Phase 4: Compact heap 29.016ms
[428.329s][info][gc,heap        ] GC(992) Eden regions: 0->0(25)
[428.329s][info][gc,heap        ] GC(992) Survivor regions: 0->0(4)
[428.329s][info][gc,heap        ] GC(992) Old regions: 485->485
[428.329s][info][gc,heap        ] GC(992) Archive regions: 2->2
[428.329s][info][gc,heap        ] GC(992) Humongous regions: 11->11
[428.329s][info][gc,metaspace   ] GC(992) Metaspace: 44198K(45776K)->44195K(45776K) NonClass: 38976K(40148K)->38972K(40148K) Class: 5222K(5628K)->5222K(5628K)
[428.329s][info][gc             ] GC(992) Pause Full (G1 Humongous Allocation) 495M->495M(512M) 382.559ms
[428.330s][info][gc,cpu         ] GC(992) User=2.51s Sys=0.03s Real=0.38s
[428.330s][info][gc,marking     ] GC(989) Concurrent Mark From Roots 770.251ms
[428.330s][info][gc,marking     ] GC(989) Concurrent Mark Abort
[428.330s][info][gc             ] GC(989) Concurrent Cycle 771.143ms
[428.332s][info][gc,start       ] GC(993) Pause Young (Normal) (G1 Humongous Allocation)
[428.332s][info][gc,task        ] GC(993) Using 8 workers of 8 for evacuation
[428.333s][info][gc,phases      ] GC(993)   Pre Evacuate Collection Set: 0.1ms
[428.333s][info][gc,phases      ] GC(993)   Merge Heap Roots: 0.0ms
[428.333s][info][gc,phases      ] GC(993)   Evacuate Collection Set: 0.4ms
[428.333s][info][gc,phases      ] GC(993)   Post Evacuate Collection Set: 0.3ms
[428.333s][info][gc,phases      ] GC(993)   Other: 0.2ms
[428.333s][info][gc,heap        ] GC(993) Eden regions: 1->0(24)
[428.333s][info][gc,heap        ] GC(993) Survivor regions: 0->1(4)
[428.333s][info][gc,heap        ] GC(993) Old regions: 485->485
[428.333s][info][gc,heap        ] GC(993) Archive regions: 2->2
[428.333s][info][gc,heap        ] GC(993) Humongous regions: 11->11
[428.333s][info][gc,metaspace   ] GC(993) Metaspace: 44195K(45776K)->44195K(45776K) NonClass: 38973K(40148K)->38973K(40148K) Class: 5222K(5628K)->5222K(5628K)
[428.333s][info][gc             ] GC(993) Pause Young (Normal) (G1 Humongous Allocation) 496M->495M(512M) 1.189ms
[428.334s][info][gc,cpu         ] GC(993) User=0.00s Sys=0.00s Real=0.00s
[428.334s][info][gc,task        ] GC(994) Using 8 workers of 8 for full compaction
[428.334s][info][gc,start       ] GC(994) Pause Full (G1 Humongous Allocation)
[428.334s][info][gc,phases,start] GC(994) Phase 1: Mark live objects
[428.599s][info][gc,phases      ] GC(994) Phase 1: Mark live objects 264.897ms
[428.599s][info][gc,phases,start] GC(994) Phase 2: Prepare for compaction
[428.643s][info][gc,phases      ] GC(994) Phase 2: Prepare for compaction 44.249ms
[428.643s][info][gc,phases,start] GC(994) Phase 3: Adjust pointers
[428.721s][info][gc,phases      ] GC(994) Phase 3: Adjust pointers 78.502ms
[428.721s][info][gc,phases,start] GC(994) Phase 4: Compact heap
[428.748s][info][gc,phases      ] GC(994) Phase 4: Compact heap 26.781ms
[428.752s][info][gc,heap        ] GC(994) Eden regions: 0->0(25)
[428.753s][info][gc,heap        ] GC(994) Survivor regions: 1->0(4)
[428.753s][info][gc,heap        ] GC(994) Old regions: 485->486
[428.753s][info][gc,heap        ] GC(994) Archive regions: 2->2
[428.753s][info][gc,heap        ] GC(994) Humongous regions: 11->11
[428.753s][info][gc,metaspace   ] GC(994) Metaspace: 44195K(45776K)->44195K(45776K) NonClass: 38973K(40148K)->38973K(40148K) Class: 5222K(5628K)->5222K(5628K)
[428.753s][info][gc             ] GC(994) Pause Full (G1 Humongous Allocation) 495M->494M(512M) 418.992ms
[428.754s][info][gc,cpu         ] GC(994) User=2.52s Sys=0.03s Real=0.42s
[428.754s][info][gc,task        ] GC(995) Using 8 workers of 8 for full compaction
[428.754s][info][gc,start       ] GC(995) Pause Full (G1 Humongous Allocation)
[428.754s][info][gc,phases,start] GC(995) Phase 1: Mark live objects
[428.981s][info][gc,phases      ] GC(995) Phase 1: Mark live objects 227.328ms
[428.981s][info][gc,phases,start] GC(995) Phase 2: Prepare for compaction
[429.013s][info][gc,phases      ] GC(995) Phase 2: Prepare for compaction 32.177ms
[429.014s][info][gc,phases,start] GC(995) Phase 3: Adjust pointers
[429.095s][info][gc,phases      ] GC(995) Phase 3: Adjust pointers 81.540ms
[429.095s][info][gc,phases,start] GC(995) Phase 4: Compact heap
[429.127s][info][gc,phases      ] GC(995) Phase 4: Compact heap 31.978ms
[429.131s][info][gc,heap        ] GC(995) Eden regions: 0->0(25)
[429.131s][info][gc,heap        ] GC(995) Survivor regions: 0->0(4)
[429.131s][info][gc,heap        ] GC(995) Old regions: 486->485
[429.131s][info][gc,heap        ] GC(995) Archive regions: 2->2
[429.131s][info][gc,heap        ] GC(995) Humongous regions: 11->11
[429.131s][info][gc,metaspace   ] GC(995) Metaspace: 44195K(45776K)->44195K(45776K) NonClass: 38973K(40148K)->38973K(40148K) Class: 5222K(5628K)->5222K(5628K)
[429.131s][info][gc             ] GC(995) Pause Full (G1 Humongous Allocation) 494M->494M(512M) 377.566ms
[429.133s][info][gc,cpu         ] GC(995) User=2.50s Sys=0.03s Real=0.38s
[429.135s][info][gc,start       ] GC(996) Pause Young (Concurrent Start) (G1 Humongous Allocation)
[429.135s][info][gc,task        ] GC(996) Using 8 workers of 8 for evacuation
[429.137s][info][gc,phases      ] GC(996)   Pre Evacuate Collection Set: 0.1ms
[429.137s][info][gc,phases      ] GC(996)   Merge Heap Roots: 0.0ms
[429.137s][info][gc,phases      ] GC(996)   Evacuate Collection Set: 0.6ms
[429.137s][info][gc,phases      ] GC(996)   Post Evacuate Collection Set: 0.3ms
[429.137s][info][gc,phases      ] GC(996)   Other: 0.2ms
[429.137s][info][gc,heap        ] GC(996) Eden regions: 1->0(24)
[429.137s][info][gc,heap        ] GC(996) Survivor regions: 0->1(4)
[429.137s][info][gc,heap        ] GC(996) Old regions: 485->485
[429.137s][info][gc,heap        ] GC(996) Archive regions: 2->2
[429.137s][info][gc,heap        ] GC(996) Humongous regions: 11->11
[429.137s][info][gc,metaspace   ] GC(996) Metaspace: 44202K(45776K)->44202K(45776K) NonClass: 38979K(40148K)->38979K(40148K) Class: 5223K(5628K)->5223K(5628K)
[429.137s][info][gc             ] GC(996) Pause Young (Concurrent Start) (G1 Humongous Allocation) 495M->494M(512M) 1.333ms
[429.137s][info][gc,cpu         ] GC(996) User=0.01s Sys=0.00s Real=0.00s
[429.137s][info][gc             ] GC(997) Concurrent Cycle
[429.137s][info][gc,marking     ] GC(997) Concurrent Clear Claimed Marks
[429.137s][info][gc,marking     ] GC(997) Concurrent Clear Claimed Marks 0.032ms
[429.137s][info][gc,marking     ] GC(997) Concurrent Scan Root Regions
[429.137s][info][gc,marking     ] GC(997) Concurrent Scan Root Regions 0.675ms
[429.137s][info][gc,marking     ] GC(997) Concurrent Mark (429.137s)
[429.137s][info][gc,marking     ] GC(997) Concurrent Mark From Roots
[429.137s][info][gc,task        ] GC(997) Using 2 workers of 2 for marking
[429.139s][info][gc,start       ] GC(998) Pause Young (Normal) (G1 Humongous Allocation)
[429.139s][info][gc,task        ] GC(998) Using 8 workers of 8 for evacuation
[429.140s][info][gc,phases      ] GC(998)   Pre Evacuate Collection Set: 0.1ms
[429.140s][info][gc,phases      ] GC(998)   Merge Heap Roots: 0.1ms
[429.140s][info][gc,phases      ] GC(998)   Evacuate Collection Set: 0.4ms
[429.140s][info][gc,phases      ] GC(998)   Post Evacuate Collection Set: 0.2ms
[429.140s][info][gc,phases      ] GC(998)   Other: 0.2ms
[429.140s][info][gc,heap        ] GC(998) Eden regions: 0->0(24)
[429.140s][info][gc,heap        ] GC(998) Survivor regions: 1->1(4)
[429.140s][info][gc,heap        ] GC(998) Old regions: 485->485
[429.140s][info][gc,heap        ] GC(998) Archive regions: 2->2
[429.140s][info][gc,heap        ] GC(998) Humongous regions: 11->11
[429.140s][info][gc,metaspace   ] GC(998) Metaspace: 44203K(45776K)->44203K(45776K) NonClass: 38980K(40148K)->38980K(40148K) Class: 5223K(5628K)->5223K(5628K)
[429.140s][info][gc             ] GC(998) Pause Young (Normal) (G1 Humongous Allocation) 494M->494M(512M) 1.126ms
[429.140s][info][gc,cpu         ] GC(998) User=0.00s Sys=0.01s Real=0.00s
[429.140s][info][gc,task        ] GC(999) Using 8 workers of 8 for full compaction
[429.140s][info][gc,start       ] GC(999) Pause Full (G1 Humongous Allocation)
[429.141s][info][gc,phases,start] GC(999) Phase 1: Mark live objects
[429.395s][info][gc,phases      ] GC(999) Phase 1: Mark live objects 253.823ms
[429.395s][info][gc,phases,start] GC(999) Phase 2: Prepare for compaction
[429.424s][info][gc,phases      ] GC(999) Phase 2: Prepare for compaction 29.667ms
[429.424s][info][gc,phases,start] GC(999) Phase 3: Adjust pointers
[429.498s][info][gc,phases      ] GC(999) Phase 3: Adjust pointers 73.344ms
[429.498s][info][gc,phases,start] GC(999) Phase 4: Compact heap
[429.526s][info][gc,phases      ] GC(999) Phase 4: Compact heap 27.934ms
[429.530s][info][gc,heap        ] GC(999) Eden regions: 0->0(25)
[429.530s][info][gc,heap        ] GC(999) Survivor regions: 1->0(4)
[429.530s][info][gc,heap        ] GC(999) Old regions: 485->485
[429.530s][info][gc,heap        ] GC(999) Archive regions: 2->2
[429.530s][info][gc,heap        ] GC(999) Humongous regions: 11->11
[429.530s][info][gc,metaspace   ] GC(999) Metaspace: 44203K(45776K)->44203K(45776K) NonClass: 38980K(40148K)->38980K(40148K) Class: 5223K(5628K)->5223K(5628K)
[429.530s][info][gc             ] GC(999) Pause Full (G1 Humongous Allocation) 494M->494M(512M) 390.397ms
[429.531s][info][gc,cpu         ] GC(999) User=2.55s Sys=0.01s Real=0.39s
[429.532s][info][gc,task        ] GC(1000) Using 8 workers of 8 for full compaction
[429.532s][info][gc,start       ] GC(1000) Pause Full (G1 Humongous Allocation)
[429.532s][info][gc,phases,start] GC(1000) Phase 1: Mark live objects
[429.770s][info][gc,phases      ] GC(1000) Phase 1: Mark live objects 238.038ms
[429.770s][info][gc,phases,start] GC(1000) Phase 2: Prepare for compaction
[429.802s][info][gc,phases      ] GC(1000) Phase 2: Prepare for compaction 32.769ms
[429.802s][info][gc,phases,start] GC(1000) Phase 3: Adjust pointers
[429.882s][info][gc,phases      ] GC(1000) Phase 3: Adjust pointers 79.171ms
[429.882s][info][gc,phases,start] GC(1000) Phase 4: Compact heap
[429.909s][info][gc,phases      ] GC(1000) Phase 4: Compact heap 27.347ms
[429.913s][info][gc,heap        ] GC(1000) Eden regions: 0->0(25)
[429.913s][info][gc,heap        ] GC(1000) Survivor regions: 0->0(4)
[429.913s][info][gc,heap        ] GC(1000) Old regions: 485->485
[429.913s][info][gc,heap        ] GC(1000) Archive regions: 2->2
[429.913s][info][gc,heap        ] GC(1000) Humongous regions: 11->11
[429.913s][info][gc,metaspace   ] GC(1000) Metaspace: 44203K(45776K)->44203K(45776K) NonClass: 38980K(40148K)->38980K(40148K) Class: 5223K(5628K)->5223K(5628K)
[429.913s][info][gc             ] GC(1000) Pause Full (G1 Humongous Allocation) 494M->494M(512M) 381.825ms
[429.915s][info][gc,cpu         ] GC(1000) User=2.52s Sys=0.03s Real=0.38s
[429.915s][info][gc,marking     ] GC(997) Concurrent Mark From Roots 777.336ms
[429.915s][info][gc,marking     ] GC(997) Concurrent Mark Abort
[429.915s][info][gc             ] GC(997) Concurrent Cycle 778.187ms
[429.916s][info][gc,start       ] GC(1001) Pause Young (Concurrent Start) (G1 Humongous Allocation)
[429.916s][info][gc,task        ] GC(1001) Using 8 workers of 8 for evacuation
[429.917s][info][gc,phases      ] GC(1001)   Pre Evacuate Collection Set: 0.1ms
[429.917s][info][gc,phases      ] GC(1001)   Merge Heap Roots: 0.0ms
[429.917s][info][gc,phases      ] GC(1001)   Evacuate Collection Set: 0.6ms
[429.917s][info][gc,phases      ] GC(1001)   Post Evacuate Collection Set: 0.2ms
[429.917s][info][gc,phases      ] GC(1001)   Other: 0.1ms
[429.917s][info][gc,heap        ] GC(1001) Eden regions: 0->0(25)
[429.917s][info][gc,heap        ] GC(1001) Survivor regions: 0->0(4)
[429.917s][info][gc,heap        ] GC(1001) Old regions: 485->485
[429.917s][info][gc,heap        ] GC(1001) Archive regions: 2->2
[429.917s][info][gc,heap        ] GC(1001) Humongous regions: 11->11
[429.917s][info][gc,metaspace   ] GC(1001) Metaspace: 44203K(45776K)->44203K(45776K) NonClass: 38980K(40148K)->38980K(40148K) Class: 5223K(5628K)->5223K(5628K)
[429.917s][info][gc             ] GC(1001) Pause Young (Concurrent Start) (G1 Humongous Allocation) 494M->494M(512M) 1.064ms
[429.917s][info][gc,cpu         ] GC(1001) User=0.00s Sys=0.00s Real=0.00s
[429.917s][info][gc             ] GC(1002) Concurrent Cycle
[429.917s][info][gc,marking     ] GC(1002) Concurrent Clear Claimed Marks
[429.917s][info][gc,marking     ] GC(1002) Concurrent Clear Claimed Marks 0.018ms
[429.917s][info][gc,marking     ] GC(1002) Concurrent Scan Root Regions
[429.917s][info][gc,marking     ] GC(1002) Concurrent Scan Root Regions 0.009ms
[429.917s][info][gc,marking     ] GC(1002) Concurrent Mark (429.917s)
[429.917s][info][gc,marking     ] GC(1002) Concurrent Mark From Roots
[429.917s][info][gc,task        ] GC(1002) Using 2 workers of 2 for marking
[429.917s][info][gc,start       ] GC(1003) Pause Young (Normal) (G1 Humongous Allocation)
[429.917s][info][gc,task        ] GC(1003) Using 8 workers of 8 for evacuation
[429.918s][info][gc,phases      ] GC(1003)   Pre Evacuate Collection Set: 0.1ms
[429.918s][info][gc,phases      ] GC(1003)   Merge Heap Roots: 0.0ms
[429.918s][info][gc,phases      ] GC(1003)   Evacuate Collection Set: 0.2ms
[429.918s][info][gc,phases      ] GC(1003)   Post Evacuate Collection Set: 0.2ms
[429.918s][info][gc,phases      ] GC(1003)   Other: 0.1ms
[429.918s][info][gc,heap        ] GC(1003) Eden regions: 0->0(25)
[429.918s][info][gc,heap        ] GC(1003) Survivor regions: 0->0(4)
[429.918s][info][gc,heap        ] GC(1003) Old regions: 485->485
[429.918s][info][gc,heap        ] GC(1003) Archive regions: 2->2
[429.918s][info][gc,heap        ] GC(1003) Humongous regions: 11->11
[429.918s][info][gc,metaspace   ] GC(1003) Metaspace: 44203K(45776K)->44203K(45776K) NonClass: 38980K(40148K)->38980K(40148K) Class: 5223K(5628K)->5223K(5628K)
[429.918s][info][gc             ] GC(1003) Pause Young (Normal) (G1 Humongous Allocation) 494M->494M(512M) 0.590ms
[429.918s][info][gc,cpu         ] GC(1003) User=0.00s Sys=0.00s Real=0.00s
[429.918s][info][gc,task        ] GC(1004) Using 8 workers of 8 for full compaction
[429.918s][info][gc,start       ] GC(1004) Pause Full (G1 Humongous Allocation)
[429.919s][info][gc,phases,start] GC(1004) Phase 1: Mark live objects
[430.149s][info][gc,phases      ] GC(1004) Phase 1: Mark live objects 230.857ms
[430.150s][info][gc,phases,start] GC(1004) Phase 2: Prepare for compaction
[430.178s][info][gc,phases      ] GC(1004) Phase 2: Prepare for compaction 28.796ms
[430.178s][info][gc,phases,start] GC(1004) Phase 3: Adjust pointers
[430.248s][info][gc,phases      ] GC(1004) Phase 3: Adjust pointers 69.251ms
[430.248s][info][gc,phases,start] GC(1004) Phase 4: Compact heap
[430.285s][info][gc,phases      ] GC(1004) Phase 4: Compact heap 37.192ms
[430.290s][info][gc,heap        ] GC(1004) Eden regions: 0->0(25)
[430.290s][info][gc,heap        ] GC(1004) Survivor regions: 0->0(4)
[430.290s][info][gc,heap        ] GC(1004) Old regions: 485->485
[430.290s][info][gc,heap        ] GC(1004) Archive regions: 2->2
[430.290s][info][gc,heap        ] GC(1004) Humongous regions: 11->11
[430.290s][info][gc,metaspace   ] GC(1004) Metaspace: 44203K(45776K)->44203K(45776K) NonClass: 38980K(40148K)->38980K(40148K) Class: 5223K(5628K)->5223K(5628K)
[430.290s][info][gc             ] GC(1004) Pause Full (G1 Humongous Allocation) 494M->494M(512M) 371.917ms
[430.292s][info][gc,cpu         ] GC(1004) User=2.54s Sys=0.03s Real=0.37s
[430.292s][info][gc,task        ] GC(1005) Using 8 workers of 8 for full compaction
[430.292s][info][gc,start       ] GC(1005) Pause Full (G1 Humongous Allocation)
[430.292s][info][gc,phases,start] GC(1005) Phase 1: Mark live objects
[430.514s][info][gc,phases      ] GC(1005) Phase 1: Mark live objects 221.874ms
[430.514s][info][gc,phases,start] GC(1005) Phase 2: Prepare for compaction
[430.544s][info][gc,phases      ] GC(1005) Phase 2: Prepare for compaction 29.581ms
[430.544s][info][gc,phases,start] GC(1005) Phase 3: Adjust pointers
[430.612s][info][gc,phases      ] GC(1005) Phase 3: Adjust pointers 67.536ms
[430.612s][info][gc,phases,start] GC(1005) Phase 4: Compact heap
[430.635s][info][gc,phases      ] GC(1005) Phase 4: Compact heap 23.476ms
[430.639s][info][gc,heap        ] GC(1005) Eden regions: 0->0(25)
[430.639s][info][gc,heap        ] GC(1005) Survivor regions: 0->0(4)
[430.639s][info][gc,heap        ] GC(1005) Old regions: 485->485
[430.639s][info][gc,heap        ] GC(1005) Archive regions: 2->2
[430.639s][info][gc,heap        ] GC(1005) Humongous regions: 11->11
[430.639s][info][gc,metaspace   ] GC(1005) Metaspace: 44203K(45776K)->44203K(45776K) NonClass: 38980K(40148K)->38980K(40148K) Class: 5223K(5628K)->5223K(5628K)
[430.639s][info][gc             ] GC(1005) Pause Full (G1 Humongous Allocation) 494M->494M(512M) 346.843ms
[430.641s][info][gc,cpu         ] GC(1005) User=2.46s Sys=0.03s Real=0.35s
[430.641s][info][gc,marking     ] GC(1002) Concurrent Mark From Roots 724.252ms
[430.641s][info][gc,marking     ] GC(1002) Concurrent Mark Abort
[430.641s][info][gc             ] GC(1002) Concurrent Cycle 724.372ms
[430.641s][info][gc,start       ] GC(1006) Pause Young (Concurrent Start) (G1 Humongous Allocation)
[430.641s][info][gc,task        ] GC(1006) Using 8 workers of 8 for evacuation
[430.642s][info][gc,phases      ] GC(1006)   Pre Evacuate Collection Set: 0.1ms
[430.642s][info][gc,phases      ] GC(1006)   Merge Heap Roots: 0.0ms
[430.642s][info][gc,phases      ] GC(1006)   Evacuate Collection Set: 0.7ms
[430.642s][info][gc,phases      ] GC(1006)   Post Evacuate Collection Set: 0.2ms
[430.642s][info][gc,phases      ] GC(1006)   Other: 0.1ms
[430.642s][info][gc,heap        ] GC(1006) Eden regions: 1->0(24)
[430.642s][info][gc,heap        ] GC(1006) Survivor regions: 0->1(4)
[430.642s][info][gc,heap        ] GC(1006) Old regions: 485->485
[430.642s][info][gc,heap        ] GC(1006) Archive regions: 2->2
[430.642s][info][gc,heap        ] GC(1006) Humongous regions: 11->11
[430.643s][info][gc,metaspace   ] GC(1006) Metaspace: 44203K(45776K)->44203K(45776K) NonClass: 38980K(40148K)->38980K(40148K) Class: 5223K(5628K)->5223K(5628K)
[430.643s][info][gc             ] GC(1006) Pause Young (Concurrent Start) (G1 Humongous Allocation) 494M->494M(512M) 1.247ms
[430.643s][info][gc,cpu         ] GC(1006) User=0.00s Sys=0.00s Real=0.00s
[430.643s][info][gc             ] GC(1007) Concurrent Cycle
[430.643s][info][gc,marking     ] GC(1007) Concurrent Clear Claimed Marks
[430.643s][info][gc,marking     ] GC(1007) Concurrent Clear Claimed Marks 0.028ms
[430.643s][info][gc,marking     ] GC(1007) Concurrent Scan Root Regions
[430.643s][info][gc,marking     ] GC(1007) Concurrent Scan Root Regions 0.541ms
[430.643s][info][gc,marking     ] GC(1007) Concurrent Mark (430.643s)
[430.643s][info][gc,marking     ] GC(1007) Concurrent Mark From Roots
[430.643s][info][gc,task        ] GC(1007) Using 2 workers of 2 for marking
[430.643s][info][gc,start       ] GC(1008) Pause Young (Normal) (G1 Humongous Allocation)
[430.643s][info][gc,task        ] GC(1008) Using 8 workers of 8 for evacuation
[430.644s][info][gc,phases      ] GC(1008)   Pre Evacuate Collection Set: 0.6ms
[430.644s][info][gc,phases      ] GC(1008)   Merge Heap Roots: 0.0ms
[430.644s][info][gc,phases      ] GC(1008)   Evacuate Collection Set: 0.3ms
[430.644s][info][gc,phases      ] GC(1008)   Post Evacuate Collection Set: 0.2ms
[430.644s][info][gc,phases      ] GC(1008)   Other: 0.1ms
[430.644s][info][gc,heap        ] GC(1008) Eden regions: 0->0(24)
[430.644s][info][gc,heap        ] GC(1008) Survivor regions: 1->1(4)
[430.644s][info][gc,heap        ] GC(1008) Old regions: 485->485
[430.644s][info][gc,heap        ] GC(1008) Archive regions: 2->2
[430.644s][info][gc,heap        ] GC(1008) Humongous regions: 11->11
[430.644s][info][gc,metaspace   ] GC(1008) Metaspace: 44203K(45776K)->44203K(45776K) NonClass: 38980K(40148K)->38980K(40148K) Class: 5223K(5628K)->5223K(5628K)
[430.644s][info][gc             ] GC(1008) Pause Young (Normal) (G1 Humongous Allocation) 494M->494M(512M) 0.734ms
[430.644s][info][gc,cpu         ] GC(1008) User=0.00s Sys=0.00s Real=0.00s
[430.644s][info][gc,task        ] GC(1009) Using 8 workers of 8 for full compaction
[430.644s][info][gc,start       ] GC(1009) Pause Full (G1 Humongous Allocation)
[430.645s][info][gc,phases,start] GC(1009) Phase 1: Mark live objects
[430.867s][info][gc,phases      ] GC(1009) Phase 1: Mark live objects 221.911ms
[430.867s][info][gc,phases,start] GC(1009) Phase 2: Prepare for compaction
[430.897s][info][gc,phases      ] GC(1009) Phase 2: Prepare for compaction 30.446ms
[430.898s][info][gc,phases,start] GC(1009) Phase 3: Adjust pointers
[430.973s][info][gc,phases      ] GC(1009) Phase 3: Adjust pointers 75.108ms
[430.973s][info][gc,phases,start] GC(1009) Phase 4: Compact heap
[431.002s][info][gc,phases      ] GC(1009) Phase 4: Compact heap 28.712ms
[431.006s][info][gc,heap        ] GC(1009) Eden regions: 0->0(25)
[431.006s][info][gc,heap        ] GC(1009) Survivor regions: 1->0(4)
[431.006s][info][gc,heap        ] GC(1009) Old regions: 485->485
[431.006s][info][gc,heap        ] GC(1009) Archive regions: 2->2
[431.006s][info][gc,heap        ] GC(1009) Humongous regions: 11->11
[431.006s][info][gc,metaspace   ] GC(1009) Metaspace: 44203K(45776K)->44203K(45776K) NonClass: 38980K(40148K)->38980K(40148K) Class: 5223K(5628K)->5223K(5628K)
[431.006s][info][gc             ] GC(1009) Pause Full (G1 Humongous Allocation) 494M->494M(512M) 361.985ms
[431.008s][info][gc,cpu         ] GC(1009) User=2.47s Sys=0.04s Real=0.37s
[431.008s][info][gc,task        ] GC(1010) Using 8 workers of 8 for full compaction
[431.008s][info][gc,start       ] GC(1010) Pause Full (G1 Humongous Allocation)
[431.008s][info][gc,phases,start] GC(1010) Phase 1: Mark live objects
[431.233s][info][gc,phases      ] GC(1010) Phase 1: Mark live objects 224.973ms
[431.233s][info][gc,phases,start] GC(1010) Phase 2: Prepare for compaction
[431.264s][info][gc,phases      ] GC(1010) Phase 2: Prepare for compaction 31.191ms
[431.264s][info][gc,phases,start] GC(1010) Phase 3: Adjust pointers
[431.331s][info][gc,phases      ] GC(1010) Phase 3: Adjust pointers 67.279ms
[431.331s][info][gc,phases,start] GC(1010) Phase 4: Compact heap
[431.357s][info][gc,phases      ] GC(1010) Phase 4: Compact heap 26.123ms
[431.362s][info][gc,heap        ] GC(1010) Eden regions: 0->0(25)
[431.362s][info][gc,heap        ] GC(1010) Survivor regions: 0->0(4)
[431.362s][info][gc,heap        ] GC(1010) Old regions: 485->485
[431.362s][info][gc,heap        ] GC(1010) Archive regions: 2->2
[431.362s][info][gc,heap        ] GC(1010) Humongous regions: 11->11
[431.362s][info][gc,metaspace   ] GC(1010) Metaspace: 44203K(45776K)->44203K(45776K) NonClass: 38980K(40148K)->38980K(40148K) Class: 5223K(5628K)->5223K(5628K)
[431.362s][info][gc             ] GC(1010) Pause Full (G1 Humongous Allocation) 494M->494M(512M) 353.909ms
[431.363s][info][gc,cpu         ] GC(1010) User=2.45s Sys=0.03s Real=0.35s
[431.363s][info][gc,marking     ] GC(1007) Concurrent Mark From Roots 719.887ms
[431.363s][info][gc,marking     ] GC(1007) Concurrent Mark Abort
[431.363s][info][gc             ] GC(1007) Concurrent Cycle 720.573ms
[431.363s][info][gc,start       ] GC(1011) Pause Young (Concurrent Start) (G1 Humongous Allocation)
[431.363s][info][gc,task        ] GC(1011) Using 8 workers of 8 for evacuation
[431.364s][info][gc,phases      ] GC(1011)   Pre Evacuate Collection Set: 0.1ms
[431.364s][info][gc,phases      ] GC(1011)   Merge Heap Roots: 0.0ms
[431.364s][info][gc,phases      ] GC(1011)   Evacuate Collection Set: 0.5ms
[431.364s][info][gc,phases      ] GC(1011)   Post Evacuate Collection Set: 0.1ms
[431.364s][info][gc,phases      ] GC(1011)   Other: 0.1ms
[431.364s][info][gc,heap        ] GC(1011) Eden regions: 1->0(24)
[431.364s][info][gc,heap        ] GC(1011) Survivor regions: 0->1(4)
[431.364s][info][gc,heap        ] GC(1011) Old regions: 485->485
[431.364s][info][gc,heap        ] GC(1011) Archive regions: 2->2
[431.364s][info][gc,heap        ] GC(1011) Humongous regions: 11->11
[431.364s][info][gc,metaspace   ] GC(1011) Metaspace: 44203K(45776K)->44203K(45776K) NonClass: 38980K(40148K)->38980K(40148K) Class: 5223K(5628K)->5223K(5628K)
[431.364s][info][gc             ] GC(1011) Pause Young (Concurrent Start) (G1 Humongous Allocation) 494M->494M(512M) 1.013ms
[431.365s][info][gc,cpu         ] GC(1011) User=0.00s Sys=0.00s Real=0.00s
[431.365s][info][gc             ] GC(1012) Concurrent Cycle
[431.365s][info][gc,marking     ] GC(1012) Concurrent Clear Claimed Marks
[431.365s][info][gc,marking     ] GC(1012) Concurrent Clear Claimed Marks 0.019ms
[431.365s][info][gc,marking     ] GC(1012) Concurrent Scan Root Regions
[431.365s][info][gc,marking     ] GC(1012) Concurrent Scan Root Regions 0.454ms
[431.365s][info][gc,marking     ] GC(1012) Concurrent Mark (431.365s)
[431.365s][info][gc,marking     ] GC(1012) Concurrent Mark From Roots
[431.365s][info][gc,start       ] GC(1013) Pause Young (Normal) (G1 Humongous Allocation)
[431.365s][info][gc,task        ] GC(1012) Using 2 workers of 2 for marking
[431.365s][info][gc,task        ] GC(1013) Using 8 workers of 8 for evacuation
[431.366s][info][gc,phases      ] GC(1013)   Pre Evacuate Collection Set: 0.4ms
[431.366s][info][gc,phases      ] GC(1013)   Merge Heap Roots: 0.0ms
[431.366s][info][gc,phases      ] GC(1013)   Evacuate Collection Set: 0.2ms
[431.366s][info][gc,phases      ] GC(1013)   Post Evacuate Collection Set: 0.1ms
[431.366s][info][gc,phases      ] GC(1013)   Other: 0.1ms
[431.366s][info][gc,heap        ] GC(1013) Eden regions: 0->0(24)
[431.366s][info][gc,heap        ] GC(1013) Survivor regions: 1->1(4)
[431.366s][info][gc,heap        ] GC(1013) Old regions: 485->485
[431.366s][info][gc,heap        ] GC(1013) Archive regions: 2->2
[431.366s][info][gc,heap        ] GC(1013) Humongous regions: 11->11
[431.366s][info][gc,metaspace   ] GC(1013) Metaspace: 44203K(45776K)->44203K(45776K) NonClass: 38980K(40148K)->38980K(40148K) Class: 5223K(5628K)->5223K(5628K)
[431.366s][info][gc             ] GC(1013) Pause Young (Normal) (G1 Humongous Allocation) 494M->494M(512M) 0.615ms
[431.366s][info][gc,cpu         ] GC(1013) User=0.01s Sys=0.00s Real=0.00s
[431.366s][info][gc,task        ] GC(1014) Using 8 workers of 8 for full compaction
[431.366s][info][gc,start       ] GC(1014) Pause Full (G1 Humongous Allocation)
[431.366s][info][gc,phases,start] GC(1014) Phase 1: Mark live objects
[431.601s][info][gc,phases      ] GC(1014) Phase 1: Mark live objects 235.065ms
[431.601s][info][gc,phases,start] GC(1014) Phase 2: Prepare for compaction
[431.632s][info][gc,phases      ] GC(1014) Phase 2: Prepare for compaction 31.013ms
[431.632s][info][gc,phases,start] GC(1014) Phase 3: Adjust pointers
[431.702s][info][gc,phases      ] GC(1014) Phase 3: Adjust pointers 69.200ms
[431.702s][info][gc,phases,start] GC(1014) Phase 4: Compact heap
[431.727s][info][gc,phases      ] GC(1014) Phase 4: Compact heap 25.403ms
[431.731s][info][gc,heap        ] GC(1014) Eden regions: 0->0(25)
[431.731s][info][gc,heap        ] GC(1014) Survivor regions: 1->0(4)
[431.731s][info][gc,heap        ] GC(1014) Old regions: 485->486
[431.731s][info][gc,heap        ] GC(1014) Archive regions: 2->2
[431.731s][info][gc,heap        ] GC(1014) Humongous regions: 11->11
[431.731s][info][gc,metaspace   ] GC(1014) Metaspace: 44203K(45776K)->44203K(45776K) NonClass: 38980K(40148K)->38980K(40148K) Class: 5223K(5628K)->5223K(5628K)
[431.731s][info][gc             ] GC(1014) Pause Full (G1 Humongous Allocation) 494M->494M(512M) 365.548ms
[431.733s][info][gc,cpu         ] GC(1014) User=2.47s Sys=0.03s Real=0.36s
[431.733s][info][gc,task        ] GC(1015) Using 8 workers of 8 for full compaction
[431.733s][info][gc,start       ] GC(1015) Pause Full (G1 Humongous Allocation)
[431.733s][info][gc,phases,start] GC(1015) Phase 1: Mark live objects
[431.964s][info][gc,phases      ] GC(1015) Phase 1: Mark live objects 231.606ms
[431.964s][info][gc,phases,start] GC(1015) Phase 2: Prepare for compaction
[431.996s][info][gc,phases      ] GC(1015) Phase 2: Prepare for compaction 31.165ms
[431.996s][info][gc,phases,start] GC(1015) Phase 3: Adjust pointers
[432.068s][info][gc,phases      ] GC(1015) Phase 3: Adjust pointers 72.539ms
[432.068s][info][gc,phases,start] GC(1015) Phase 4: Compact heap
[432.096s][info][gc,phases      ] GC(1015) Phase 4: Compact heap 27.458ms
[432.100s][info][gc,heap        ] GC(1015) Eden regions: 0->0(25)
[432.100s][info][gc,heap        ] GC(1015) Survivor regions: 0->0(4)
[432.100s][info][gc,heap        ] GC(1015) Old regions: 486->485
[432.100s][info][gc,heap        ] GC(1015) Archive regions: 2->2
[432.100s][info][gc,heap        ] GC(1015) Humongous regions: 11->11
[432.100s][info][gc,metaspace   ] GC(1015) Metaspace: 44203K(45776K)->44203K(45776K) NonClass: 38980K(40148K)->38980K(40148K) Class: 5223K(5628K)->5223K(5628K)
[432.100s][info][gc             ] GC(1015) Pause Full (G1 Humongous Allocation) 494M->494M(512M) 367.584ms
[432.102s][info][gc,cpu         ] GC(1015) User=2.46s Sys=0.04s Real=0.37s
[432.102s][info][gc,marking     ] GC(1012) Concurrent Mark From Roots 737.086ms
[432.102s][info][gc,marking     ] GC(1012) Concurrent Mark Abort
[432.102s][info][gc             ] GC(1012) Concurrent Cycle 737.685ms
[432.102s][info][gc,start       ] GC(1016) Pause Young (Concurrent Start) (G1 Humongous Allocation)
[432.102s][info][gc,task        ] GC(1016) Using 8 workers of 8 for evacuation
[432.103s][info][gc,phases      ] GC(1016)   Pre Evacuate Collection Set: 0.1ms
[432.103s][info][gc,phases      ] GC(1016)   Merge Heap Roots: 0.0ms
[432.103s][info][gc,phases      ] GC(1016)   Evacuate Collection Set: 0.6ms
[432.103s][info][gc,phases      ] GC(1016)   Post Evacuate Collection Set: 0.1ms
[432.103s][info][gc,phases      ] GC(1016)   Other: 0.1ms
[432.103s][info][gc,heap        ] GC(1016) Eden regions: 0->0(25)
[432.103s][info][gc,heap        ] GC(1016) Survivor regions: 0->0(4)
[432.103s][info][gc,heap        ] GC(1016) Old regions: 485->485
[432.103s][info][gc,heap        ] GC(1016) Archive regions: 2->2
[432.103s][info][gc,heap        ] GC(1016) Humongous regions: 11->11
[432.103s][info][gc,metaspace   ] GC(1016) Metaspace: 44203K(45776K)->44203K(45776K) NonClass: 38980K(40148K)->38980K(40148K) Class: 5223K(5628K)->5223K(5628K)
[432.103s][info][gc             ] GC(1016) Pause Young (Concurrent Start) (G1 Humongous Allocation) 494M->494M(512M) 1.048ms
[432.103s][info][gc,cpu         ] GC(1016) User=0.00s Sys=0.00s Real=0.00s
[432.103s][info][gc             ] GC(1017) Concurrent Cycle
[432.103s][info][gc,marking     ] GC(1017) Concurrent Clear Claimed Marks
[432.103s][info][gc,marking     ] GC(1017) Concurrent Clear Claimed Marks 0.021ms
[432.104s][info][gc,marking     ] GC(1017) Concurrent Scan Root Regions
[432.104s][info][gc,marking     ] GC(1017) Concurrent Scan Root Regions 0.015ms
[432.104s][info][gc,marking     ] GC(1017) Concurrent Mark (432.104s)
[432.104s][info][gc,marking     ] GC(1017) Concurrent Mark From Roots
[432.104s][info][gc,task        ] GC(1017) Using 2 workers of 2 for marking
[432.104s][info][gc,start       ] GC(1018) Pause Young (Normal) (G1 Humongous Allocation)
[432.104s][info][gc,task        ] GC(1018) Using 8 workers of 8 for evacuation
[432.104s][info][gc,phases      ] GC(1018)   Pre Evacuate Collection Set: 0.1ms
[432.104s][info][gc,phases      ] GC(1018)   Merge Heap Roots: 0.0ms
[432.104s][info][gc,phases      ] GC(1018)   Evacuate Collection Set: 0.2ms
[432.104s][info][gc,phases      ] GC(1018)   Post Evacuate Collection Set: 0.2ms
[432.104s][info][gc,phases      ] GC(1018)   Other: 0.1ms
[432.104s][info][gc,heap        ] GC(1018) Eden regions: 0->0(25)
[432.104s][info][gc,heap        ] GC(1018) Survivor regions: 0->0(4)
[432.104s][info][gc,heap        ] GC(1018) Old regions: 485->485
[432.104s][info][gc,heap        ] GC(1018) Archive regions: 2->2
[432.104s][info][gc,heap        ] GC(1018) Humongous regions: 11->11
[432.104s][info][gc,metaspace   ] GC(1018) Metaspace: 44203K(45776K)->44203K(45776K) NonClass: 38980K(40148K)->38980K(40148K) Class: 5223K(5628K)->5223K(5628K)
[432.104s][info][gc             ] GC(1018) Pause Young (Normal) (G1 Humongous Allocation) 494M->494M(512M) 0.626ms
[432.104s][info][gc,cpu         ] GC(1018) User=0.00s Sys=0.00s Real=0.00s
[432.104s][info][gc,task        ] GC(1019) Using 8 workers of 8 for full compaction
[432.104s][info][gc,start       ] GC(1019) Pause Full (G1 Humongous Allocation)
[432.105s][info][gc,phases,start] GC(1019) Phase 1: Mark live objects
[432.430s][info][gc,phases      ] GC(1019) Phase 1: Mark live objects 324.714ms
[432.430s][info][gc,phases,start] GC(1019) Phase 2: Prepare for compaction
[432.460s][info][gc,phases      ] GC(1019) Phase 2: Prepare for compaction 30.646ms
[432.460s][info][gc,phases,start] GC(1019) Phase 3: Adjust pointers
[432.530s][info][gc,phases      ] GC(1019) Phase 3: Adjust pointers 69.652ms
[432.530s][info][gc,phases,start] GC(1019) Phase 4: Compact heap
[432.556s][info][gc,phases      ] GC(1019) Phase 4: Compact heap 26.277ms
[432.561s][info][gc,heap        ] GC(1019) Eden regions: 0->0(25)
[432.561s][info][gc,heap        ] GC(1019) Survivor regions: 0->0(4)
[432.561s][info][gc,heap        ] GC(1019) Old regions: 485->485
[432.561s][info][gc,heap        ] GC(1019) Archive regions: 2->2
[432.561s][info][gc,heap        ] GC(1019) Humongous regions: 11->11
[432.561s][info][gc,metaspace   ] GC(1019) Metaspace: 44203K(45776K)->44203K(45776K) NonClass: 38980K(40148K)->38980K(40148K) Class: 5223K(5628K)->5223K(5628K)
[432.561s][info][gc             ] GC(1019) Pause Full (G1 Humongous Allocation) 494M->494M(512M) 457.097ms
[432.563s][info][gc,cpu         ] GC(1019) User=2.51s Sys=0.03s Real=0.46s
[432.563s][info][gc,task        ] GC(1020) Using 8 workers of 8 for full compaction
[432.563s][info][gc,start       ] GC(1020) Pause Full (G1 Humongous Allocation)
[432.564s][info][gc,phases,start] GC(1020) Phase 1: Mark live objects
[432.788s][info][gc,phases      ] GC(1020) Phase 1: Mark live objects 224.704ms
[432.788s][info][gc,phases,start] GC(1020) Phase 2: Prepare for compaction
[432.816s][info][gc,phases      ] GC(1020) Phase 2: Prepare for compaction 27.553ms
[432.816s][info][gc,phases,start] GC(1020) Phase 3: Adjust pointers
[432.885s][info][gc,phases      ] GC(1020) Phase 3: Adjust pointers 69.130ms
[432.885s][info][gc,phases,start] GC(1020) Phase 4: Compact heap
[432.915s][info][gc,phases      ] GC(1020) Phase 4: Compact heap 30.179ms
[432.920s][info][gc,heap        ] GC(1020) Eden regions: 0->0(25)
[432.920s][info][gc,heap        ] GC(1020) Survivor regions: 0->0(4)
[432.920s][info][gc,heap        ] GC(1020) Old regions: 485->485
[432.920s][info][gc,heap        ] GC(1020) Archive regions: 2->2
[432.920s][info][gc,heap        ] GC(1020) Humongous regions: 11->11
[432.920s][info][gc,metaspace   ] GC(1020) Metaspace: 44203K(45776K)->44203K(45776K) NonClass: 38980K(40148K)->38980K(40148K) Class: 5223K(5628K)->5223K(5628K)
[432.920s][info][gc             ] GC(1020) Pause Full (G1 Humongous Allocation) 494M->494M(512M) 356.183ms
[432.921s][info][gc,cpu         ] GC(1020) User=2.54s Sys=0.03s Real=0.36s
[432.921s][info][gc,marking     ] GC(1017) Concurrent Mark From Roots 817.336ms
[432.921s][info][gc,marking     ] GC(1017) Concurrent Mark Abort
[432.921s][info][gc             ] GC(1017) Concurrent Cycle 817.504ms
[432.921s][info][gc,start       ] GC(1021) Pause Young (Concurrent Start) (G1 Humongous Allocation)
[432.921s][info][gc,task        ] GC(1021) Using 8 workers of 8 for evacuation
[432.922s][info][gc,phases      ] GC(1021)   Pre Evacuate Collection Set: 0.1ms
[432.922s][info][gc,phases      ] GC(1021)   Merge Heap Roots: 0.0ms
[432.922s][info][gc,phases      ] GC(1021)   Evacuate Collection Set: 0.6ms
[432.922s][info][gc,phases      ] GC(1021)   Post Evacuate Collection Set: 0.2ms
[432.922s][info][gc,phases      ] GC(1021)   Other: 0.1ms
[432.922s][info][gc,heap        ] GC(1021) Eden regions: 1->0(24)
[432.922s][info][gc,heap        ] GC(1021) Survivor regions: 0->1(4)
[432.922s][info][gc,heap        ] GC(1021) Old regions: 485->485
[432.922s][info][gc,heap        ] GC(1021) Archive regions: 2->2
[432.922s][info][gc,heap        ] GC(1021) Humongous regions: 11->11
[432.922s][info][gc,metaspace   ] GC(1021) Metaspace: 44203K(45776K)->44203K(45776K) NonClass: 38980K(40148K)->38980K(40148K) Class: 5223K(5628K)->5223K(5628K)
[432.922s][info][gc             ] GC(1021) Pause Young (Concurrent Start) (G1 Humongous Allocation) 494M->494M(512M) 1.056ms
[432.922s][info][gc,cpu         ] GC(1021) User=0.00s Sys=0.00s Real=0.00s
[432.922s][info][gc             ] GC(1022) Concurrent Cycle
[432.922s][info][gc,marking     ] GC(1022) Concurrent Clear Claimed Marks
[432.922s][info][gc,marking     ] GC(1022) Concurrent Clear Claimed Marks 0.016ms
[432.922s][info][gc,marking     ] GC(1022) Concurrent Scan Root Regions
[432.923s][info][gc,marking     ] GC(1022) Concurrent Scan Root Regions 0.400ms
[432.923s][info][gc,marking     ] GC(1022) Concurrent Mark (432.923s)
[432.923s][info][gc,marking     ] GC(1022) Concurrent Mark From Roots
[432.923s][info][gc,task        ] GC(1022) Using 2 workers of 2 for marking
[432.923s][info][gc,start       ] GC(1023) Pause Young (Normal) (G1 Humongous Allocation)
[432.923s][info][gc,task        ] GC(1023) Using 8 workers of 8 for evacuation
[432.923s][info][gc,phases      ] GC(1023)   Pre Evacuate Collection Set: 0.4ms
[432.923s][info][gc,phases      ] GC(1023)   Merge Heap Roots: 0.0ms
[432.923s][info][gc,phases      ] GC(1023)   Evacuate Collection Set: 0.2ms
[432.923s][info][gc,phases      ] GC(1023)   Post Evacuate Collection Set: 0.1ms
[432.923s][info][gc,phases      ] GC(1023)   Other: 0.1ms
[432.923s][info][gc,heap        ] GC(1023) Eden regions: 1->0(24)
[432.923s][info][gc,heap        ] GC(1023) Survivor regions: 1->1(4)
[432.923s][info][gc,heap        ] GC(1023) Old regions: 485->485
[432.923s][info][gc,heap        ] GC(1023) Archive regions: 2->2
[432.923s][info][gc,heap        ] GC(1023) Humongous regions: 11->11
[432.923s][info][gc,metaspace   ] GC(1023) Metaspace: 44203K(45776K)->44203K(45776K) NonClass: 38980K(40148K)->38980K(40148K) Class: 5223K(5628K)->5223K(5628K)
[432.923s][info][gc             ] GC(1023) Pause Young (Normal) (G1 Humongous Allocation) 494M->494M(512M) 0.638ms
[432.923s][info][gc,cpu         ] GC(1023) User=0.00s Sys=0.00s Real=0.00s
[432.923s][info][gc,task        ] GC(1024) Using 8 workers of 8 for full compaction
[432.923s][info][gc,start       ] GC(1024) Pause Full (G1 Humongous Allocation)
[432.924s][info][gc,phases,start] GC(1024) Phase 1: Mark live objects
[433.157s][info][gc,phases      ] GC(1024) Phase 1: Mark live objects 232.708ms
[433.157s][info][gc,phases,start] GC(1024) Phase 2: Prepare for compaction
[433.195s][info][gc,phases      ] GC(1024) Phase 2: Prepare for compaction 37.943ms
[433.195s][info][gc,phases,start] GC(1024) Phase 3: Adjust pointers
[433.265s][info][gc,phases      ] GC(1024) Phase 3: Adjust pointers 70.542ms
[433.265s][info][gc,phases,start] GC(1024) Phase 4: Compact heap
[433.297s][info][gc,phases      ] GC(1024) Phase 4: Compact heap 31.747ms
[433.305s][info][gc,heap        ] GC(1024) Eden regions: 0->0(25)
[433.305s][info][gc,heap        ] GC(1024) Survivor regions: 1->0(4)
[433.305s][info][gc,heap        ] GC(1024) Old regions: 485->484
[433.305s][info][gc,heap        ] GC(1024) Archive regions: 2->2
[433.305s][info][gc,heap        ] GC(1024) Humongous regions: 11->11
[433.305s][info][gc,metaspace   ] GC(1024) Metaspace: 44203K(45776K)->44203K(45776K) NonClass: 38980K(40148K)->38980K(40148K) Class: 5223K(5628K)->5223K(5628K)
[433.305s][info][gc             ] GC(1024) Pause Full (G1 Humongous Allocation) 494M->494M(512M) 381.399ms
[433.307s][info][gc,cpu         ] GC(1024) User=2.56s Sys=0.02s Real=0.39s
[433.307s][info][gc,task        ] GC(1025) Using 8 workers of 8 for full compaction
[433.307s][info][gc,start       ] GC(1025) Pause Full (G1 Humongous Allocation)
[433.307s][info][gc,phases,start] GC(1025) Phase 1: Mark live objects
[433.552s][info][gc,phases      ] GC(1025) Phase 1: Mark live objects 245.119ms
[433.552s][info][gc,phases,start] GC(1025) Phase 2: Prepare for compaction
[433.586s][info][gc,phases      ] GC(1025) Phase 2: Prepare for compaction 33.727ms
[433.586s][info][gc,phases,start] GC(1025) Phase 3: Adjust pointers
[433.657s][info][gc,phases      ] GC(1025) Phase 3: Adjust pointers 71.172ms
[433.657s][info][gc,phases,start] GC(1025) Phase 4: Compact heap
[433.688s][info][gc,phases      ] GC(1025) Phase 4: Compact heap 30.773ms
[433.693s][info][gc,heap        ] GC(1025) Eden regions: 0->0(25)
[433.693s][info][gc,heap        ] GC(1025) Survivor regions: 0->0(4)
[433.693s][info][gc,heap        ] GC(1025) Old regions: 484->484
[433.693s][info][gc,heap        ] GC(1025) Archive regions: 2->2
[433.693s][info][gc,heap        ] GC(1025) Humongous regions: 11->11
[433.693s][info][gc,metaspace   ] GC(1025) Metaspace: 44203K(45776K)->44203K(45776K) NonClass: 38980K(40148K)->38980K(40148K) Class: 5223K(5628K)->5223K(5628K)
[433.693s][info][gc             ] GC(1025) Pause Full (G1 Humongous Allocation) 494M->494M(512M) 385.833ms
[433.694s][info][gc,cpu         ] GC(1025) User=2.53s Sys=0.04s Real=0.38s
[433.694s][info][gc,marking     ] GC(1022) Concurrent Mark From Roots 771.557ms
[433.694s][info][gc,marking     ] GC(1022) Concurrent Mark Abort
[433.694s][info][gc             ] GC(1022) Concurrent Cycle 772.097ms
[433.695s][info][gc,start       ] GC(1026) Pause Young (Concurrent Start) (G1 Humongous Allocation)
[433.695s][info][gc,task        ] GC(1026) Using 8 workers of 8 for evacuation
[433.696s][info][gc,phases      ] GC(1026)   Pre Evacuate Collection Set: 0.1ms
[433.696s][info][gc,phases      ] GC(1026)   Merge Heap Roots: 0.0ms
[433.696s][info][gc,phases      ] GC(1026)   Evacuate Collection Set: 0.7ms
[433.696s][info][gc,phases      ] GC(1026)   Post Evacuate Collection Set: 0.2ms
[433.696s][info][gc,phases      ] GC(1026)   Other: 0.1ms
[433.696s][info][gc,heap        ] GC(1026) Eden regions: 1->0(24)
[433.696s][info][gc,heap        ] GC(1026) Survivor regions: 0->1(4)
[433.696s][info][gc,heap        ] GC(1026) Old regions: 484->484
[433.696s][info][gc,heap        ] GC(1026) Archive regions: 2->2
[433.696s][info][gc,heap        ] GC(1026) Humongous regions: 11->11
[433.696s][info][gc,metaspace   ] GC(1026) Metaspace: 44203K(45776K)->44203K(45776K) NonClass: 38980K(40148K)->38980K(40148K) Class: 5223K(5628K)->5223K(5628K)
[433.696s][info][gc             ] GC(1026) Pause Young (Concurrent Start) (G1 Humongous Allocation) 494M->494M(512M) 1.286ms
[433.696s][info][gc,cpu         ] GC(1026) User=0.01s Sys=0.00s Real=0.01s
[433.696s][info][gc             ] GC(1027) Concurrent Cycle
[433.696s][info][gc,marking     ] GC(1027) Concurrent Clear Claimed Marks
[433.696s][info][gc,marking     ] GC(1027) Concurrent Clear Claimed Marks 0.027ms
[433.696s][info][gc,marking     ] GC(1027) Concurrent Scan Root Regions
[433.696s][info][gc,marking     ] GC(1027) Concurrent Scan Root Regions 0.092ms
[433.696s][info][gc,start       ] GC(1028) Pause Young (Normal) (G1 Humongous Allocation)
[433.696s][info][gc,marking     ] GC(1027) Concurrent Mark (433.696s)
[433.696s][info][gc,task        ] GC(1028) Using 8 workers of 8 for evacuation
[433.696s][info][gc,marking     ] GC(1027) Concurrent Mark From Roots
[433.696s][info][gc,task        ] GC(1027) Using 2 workers of 2 for marking
[433.697s][info][gc,phases      ] GC(1028)   Pre Evacuate Collection Set: 0.1ms
[433.697s][info][gc,phases      ] GC(1028)   Merge Heap Roots: 0.0ms
[433.697s][info][gc,phases      ] GC(1028)   Evacuate Collection Set: 0.2ms
[433.697s][info][gc,phases      ] GC(1028)   Post Evacuate Collection Set: 0.2ms
[433.697s][info][gc,phases      ] GC(1028)   Other: 0.1ms
[433.697s][info][gc,heap        ] GC(1028) Eden regions: 0->0(24)
[433.697s][info][gc,heap        ] GC(1028) Survivor regions: 1->1(4)
[433.697s][info][gc,heap        ] GC(1028) Old regions: 484->484
[433.697s][info][gc,heap        ] GC(1028) Archive regions: 2->2
[433.697s][info][gc,heap        ] GC(1028) Humongous regions: 11->11
[433.697s][info][gc,metaspace   ] GC(1028) Metaspace: 44203K(45776K)->44203K(45776K) NonClass: 38980K(40148K)->38980K(40148K) Class: 5223K(5628K)->5223K(5628K)
[433.697s][info][gc             ] GC(1028) Pause Young (Normal) (G1 Humongous Allocation) 494M->494M(512M) 0.664ms
[433.697s][info][gc,cpu         ] GC(1028) User=0.00s Sys=0.00s Real=0.00s
[433.697s][info][gc,task        ] GC(1029) Using 8 workers of 8 for full compaction
[433.697s][info][gc,start       ] GC(1029) Pause Full (G1 Humongous Allocation)
[433.697s][info][gc,phases,start] GC(1029) Phase 1: Mark live objects
[433.929s][info][gc,phases      ] GC(1029) Phase 1: Mark live objects 231.899ms
[433.929s][info][gc,phases,start] GC(1029) Phase 2: Prepare for compaction
[433.962s][info][gc,phases      ] GC(1029) Phase 2: Prepare for compaction 32.740ms
[433.962s][info][gc,phases,start] GC(1029) Phase 3: Adjust pointers
[434.031s][info][gc,phases      ] GC(1029) Phase 3: Adjust pointers 68.635ms
[434.031s][info][gc,phases,start] GC(1029) Phase 4: Compact heap
[434.058s][info][gc,phases      ] GC(1029) Phase 4: Compact heap 27.119ms
[434.062s][info][gc,heap        ] GC(1029) Eden regions: 0->0(25)
[434.062s][info][gc,heap        ] GC(1029) Survivor regions: 1->0(4)
[434.062s][info][gc,heap        ] GC(1029) Old regions: 484->485
[434.062s][info][gc,heap        ] GC(1029) Archive regions: 2->2
[434.062s][info][gc,heap        ] GC(1029) Humongous regions: 11->11
[434.062s][info][gc,metaspace   ] GC(1029) Metaspace: 44203K(45776K)->44203K(45776K) NonClass: 38980K(40148K)->38980K(40148K) Class: 5223K(5628K)->5223K(5628K)
[434.062s][info][gc             ] GC(1029) Pause Full (G1 Humongous Allocation) 494M->494M(512M) 365.521ms
[434.064s][info][gc,cpu         ] GC(1029) User=2.51s Sys=0.03s Real=0.36s
[434.064s][info][gc,task        ] GC(1030) Using 8 workers of 8 for full compaction
[434.064s][info][gc,start       ] GC(1030) Pause Full (G1 Humongous Allocation)
[434.064s][info][gc,phases,start] GC(1030) Phase 1: Mark live objects
[434.289s][info][gc,phases      ] GC(1030) Phase 1: Mark live objects 225.390ms
[434.289s][info][gc,phases,start] GC(1030) Phase 2: Prepare for compaction
[434.317s][info][gc,phases      ] GC(1030) Phase 2: Prepare for compaction 27.589ms
[434.317s][info][gc,phases,start] GC(1030) Phase 3: Adjust pointers
[434.389s][info][gc,phases      ] GC(1030) Phase 3: Adjust pointers 72.168ms
[434.389s][info][gc,phases,start] GC(1030) Phase 4: Compact heap
[434.415s][info][gc,phases      ] GC(1030) Phase 4: Compact heap 26.085ms
[434.419s][info][gc,heap        ] GC(1030) Eden regions: 0->0(25)
[434.419s][info][gc,heap        ] GC(1030) Survivor regions: 0->0(4)
[434.419s][info][gc,heap        ] GC(1030) Old regions: 485->485
[434.419s][info][gc,heap        ] GC(1030) Archive regions: 2->2
[434.419s][info][gc,heap        ] GC(1030) Humongous regions: 11->11
[434.419s][info][gc,metaspace   ] GC(1030) Metaspace: 44203K(45776K)->44203K(45776K) NonClass: 38980K(40148K)->38980K(40148K) Class: 5223K(5628K)->5223K(5628K)
[434.419s][info][gc             ] GC(1030) Pause Full (G1 Humongous Allocation) 494M->494M(512M) 355.572ms
[434.421s][info][gc,cpu         ] GC(1030) User=2.50s Sys=0.03s Real=0.36s
[434.421s][info][gc,marking     ] GC(1027) Concurrent Mark From Roots 725.208ms
[434.421s][info][gc,marking     ] GC(1027) Concurrent Mark Abort
[434.421s][info][gc             ] GC(1027) Concurrent Cycle 725.475ms
[434.422s][info][gc,start       ] GC(1031) Pause Young (Concurrent Start) (G1 Humongous Allocation)
[434.422s][info][gc,task        ] GC(1031) Using 8 workers of 8 for evacuation
[434.423s][info][gc,phases      ] GC(1031)   Pre Evacuate Collection Set: 0.1ms
[434.423s][info][gc,phases      ] GC(1031)   Merge Heap Roots: 0.0ms
[434.423s][info][gc,phases      ] GC(1031)   Evacuate Collection Set: 0.5ms
[434.423s][info][gc,phases      ] GC(1031)   Post Evacuate Collection Set: 0.2ms
[434.423s][info][gc,phases      ] GC(1031)   Other: 0.1ms
[434.423s][info][gc,heap        ] GC(1031) Eden regions: 1->0(24)
[434.423s][info][gc,heap        ] GC(1031) Survivor regions: 0->1(4)
[434.423s][info][gc,heap        ] GC(1031) Old regions: 485->485
[434.423s][info][gc,heap        ] GC(1031) Archive regions: 2->2
[434.423s][info][gc,heap        ] GC(1031) Humongous regions: 11->11
[434.423s][info][gc,metaspace   ] GC(1031) Metaspace: 44203K(45776K)->44203K(45776K) NonClass: 38980K(40148K)->38980K(40148K) Class: 5223K(5628K)->5223K(5628K)
[434.423s][info][gc             ] GC(1031) Pause Young (Concurrent Start) (G1 Humongous Allocation) 495M->494M(512M) 1.126ms
[434.423s][info][gc,cpu         ] GC(1031) User=0.00s Sys=0.00s Real=0.00s
[434.423s][info][gc             ] GC(1032) Concurrent Cycle
[434.423s][info][gc,marking     ] GC(1032) Concurrent Clear Claimed Marks
[434.423s][info][gc,marking     ] GC(1032) Concurrent Clear Claimed Marks 0.018ms
[434.423s][info][gc,marking     ] GC(1032) Concurrent Scan Root Regions
[434.423s][info][gc,marking     ] GC(1032) Concurrent Scan Root Regions 0.548ms
[434.423s][info][gc,marking     ] GC(1032) Concurrent Mark (434.423s)
[434.423s][info][gc,start       ] GC(1033) Pause Young (Normal) (G1 Humongous Allocation)
[434.423s][info][gc,marking     ] GC(1032) Concurrent Mark From Roots
[434.424s][info][gc,task        ] GC(1033) Using 8 workers of 8 for evacuation
[434.424s][info][gc,task        ] GC(1032) Using 2 workers of 2 for marking
[434.424s][info][gc,phases      ] GC(1033)   Pre Evacuate Collection Set: 0.1ms
[434.424s][info][gc,phases      ] GC(1033)   Merge Heap Roots: 0.0ms
[434.424s][info][gc,phases      ] GC(1033)   Evacuate Collection Set: 0.2ms
[434.424s][info][gc,phases      ] GC(1033)   Post Evacuate Collection Set: 0.2ms
[434.424s][info][gc,phases      ] GC(1033)   Other: 0.1ms
[434.424s][info][gc,heap        ] GC(1033) Eden regions: 1->0(24)
[434.424s][info][gc,heap        ] GC(1033) Survivor regions: 1->1(4)
[434.424s][info][gc,heap        ] GC(1033) Old regions: 485->485
[434.424s][info][gc,heap        ] GC(1033) Archive regions: 2->2
[434.424s][info][gc,heap        ] GC(1033) Humongous regions: 11->11
[434.424s][info][gc,metaspace   ] GC(1033) Metaspace: 44203K(45776K)->44203K(45776K) NonClass: 38980K(40148K)->38980K(40148K) Class: 5223K(5628K)->5223K(5628K)
[434.424s][info][gc             ] GC(1033) Pause Young (Normal) (G1 Humongous Allocation) 495M->494M(512M) 0.652ms
[434.424s][info][gc,cpu         ] GC(1033) User=0.00s Sys=0.00s Real=0.00s
[434.424s][info][gc,task        ] GC(1034) Using 8 workers of 8 for full compaction
[434.424s][info][gc,start       ] GC(1034) Pause Full (G1 Humongous Allocation)
[434.425s][info][gc,phases,start] GC(1034) Phase 1: Mark live objects
[434.646s][info][gc,phases      ] GC(1034) Phase 1: Mark live objects 220.822ms
[434.646s][info][gc,phases,start] GC(1034) Phase 2: Prepare for compaction
[434.680s][info][gc,phases      ] GC(1034) Phase 2: Prepare for compaction 34.836ms
[434.681s][info][gc,phases,start] GC(1034) Phase 3: Adjust pointers
[434.753s][info][gc,phases      ] GC(1034) Phase 3: Adjust pointers 72.660ms
[434.753s][info][gc,phases,start] GC(1034) Phase 4: Compact heap
[434.784s][info][gc,phases      ] GC(1034) Phase 4: Compact heap 30.993ms
[434.788s][info][gc,heap        ] GC(1034) Eden regions: 0->0(25)
[434.789s][info][gc,heap        ] GC(1034) Survivor regions: 1->0(4)
[434.789s][info][gc,heap        ] GC(1034) Old regions: 485->484
[434.789s][info][gc,heap        ] GC(1034) Archive regions: 2->2
[434.789s][info][gc,heap        ] GC(1034) Humongous regions: 11->11
[434.789s][info][gc,metaspace   ] GC(1034) Metaspace: 44203K(45776K)->44203K(45776K) NonClass: 38980K(40148K)->38980K(40148K) Class: 5223K(5628K)->5223K(5628K)
[434.789s][info][gc             ] GC(1034) Pause Full (G1 Humongous Allocation) 494M->494M(512M) 364.382ms
[434.790s][info][gc,cpu         ] GC(1034) User=2.51s Sys=0.02s Real=0.37s
[434.790s][info][gc,task        ] GC(1035) Using 8 workers of 8 for full compaction
[434.790s][info][gc,start       ] GC(1035) Pause Full (G1 Humongous Allocation)
[434.790s][info][gc,phases,start] GC(1035) Phase 1: Mark live objects
[435.046s][info][gc,phases      ] GC(1035) Phase 1: Mark live objects 255.865ms
[435.046s][info][gc,phases,start] GC(1035) Phase 2: Prepare for compaction
[435.075s][info][gc,phases      ] GC(1035) Phase 2: Prepare for compaction 28.583ms
[435.075s][info][gc,phases,start] GC(1035) Phase 3: Adjust pointers
[435.144s][info][gc,phases      ] GC(1035) Phase 3: Adjust pointers 69.039ms
[435.144s][info][gc,phases,start] GC(1035) Phase 4: Compact heap
[435.173s][info][gc,phases      ] GC(1035) Phase 4: Compact heap 29.129ms
[435.177s][info][gc,heap        ] GC(1035) Eden regions: 0->0(25)
[435.177s][info][gc,heap        ] GC(1035) Survivor regions: 0->0(4)
[435.177s][info][gc,heap        ] GC(1035) Old regions: 484->484
[435.177s][info][gc,heap        ] GC(1035) Archive regions: 2->2
[435.177s][info][gc,heap        ] GC(1035) Humongous regions: 11->11
[435.177s][info][gc,metaspace   ] GC(1035) Metaspace: 44203K(45776K)->44203K(45776K) NonClass: 38980K(40148K)->38980K(40148K) Class: 5223K(5628K)->5223K(5628K)
[435.177s][info][gc             ] GC(1035) Pause Full (G1 Humongous Allocation) 494M->494M(512M) 387.173ms
[435.179s][info][gc,cpu         ] GC(1035) User=2.45s Sys=0.03s Real=0.39s
[435.179s][info][gc,marking     ] GC(1032) Concurrent Mark From Roots 755.252ms
[435.179s][info][gc,marking     ] GC(1032) Concurrent Mark Abort
[435.179s][info][gc             ] GC(1032) Concurrent Cycle 755.952ms
[435.179s][info][gc,start       ] GC(1036) Pause Young (Normal) (G1 Humongous Allocation)
[435.179s][info][gc,task        ] GC(1036) Using 8 workers of 8 for evacuation
[435.180s][info][gc,phases      ] GC(1036)   Pre Evacuate Collection Set: 0.1ms
[435.180s][info][gc,phases      ] GC(1036)   Merge Heap Roots: 0.0ms
[435.180s][info][gc,phases      ] GC(1036)   Evacuate Collection Set: 0.2ms
[435.180s][info][gc,phases      ] GC(1036)   Post Evacuate Collection Set: 0.1ms
[435.180s][info][gc,phases      ] GC(1036)   Other: 0.1ms
[435.180s][info][gc,heap        ] GC(1036) Eden regions: 1->0(24)
[435.180s][info][gc,heap        ] GC(1036) Survivor regions: 0->1(4)
[435.180s][info][gc,heap        ] GC(1036) Old regions: 484->484
[435.180s][info][gc,heap        ] GC(1036) Archive regions: 2->2
[435.180s][info][gc,heap        ] GC(1036) Humongous regions: 11->11
[435.180s][info][gc,metaspace   ] GC(1036) Metaspace: 44204K(45776K)->44204K(45776K) NonClass: 38981K(40148K)->38981K(40148K) Class: 5223K(5628K)->5223K(5628K)
[435.180s][info][gc             ] GC(1036) Pause Young (Normal) (G1 Humongous Allocation) 494M->494M(512M) 0.661ms
[435.180s][info][gc,cpu         ] GC(1036) User=0.00s Sys=0.00s Real=0.00s
[435.180s][info][gc,task        ] GC(1037) Using 8 workers of 8 for full compaction
[435.180s][info][gc,start       ] GC(1037) Pause Full (G1 Humongous Allocation)
[435.180s][info][gc,phases,start] GC(1037) Phase 1: Mark live objects
[435.446s][info][gc,phases      ] GC(1037) Phase 1: Mark live objects 266.524ms
[435.446s][info][gc,phases,start] GC(1037) Phase 2: Prepare for compaction
[435.475s][info][gc,phases      ] GC(1037) Phase 2: Prepare for compaction 28.531ms
[435.475s][info][gc,phases,start] GC(1037) Phase 3: Adjust pointers
[435.545s][info][gc,phases      ] GC(1037) Phase 3: Adjust pointers 69.734ms
[435.545s][info][gc,phases,start] GC(1037) Phase 4: Compact heap
[435.573s][info][gc,phases      ] GC(1037) Phase 4: Compact heap 27.802ms
[435.577s][info][gc,heap        ] GC(1037) Eden regions: 0->0(25)
[435.577s][info][gc,heap        ] GC(1037) Survivor regions: 1->0(4)
[435.577s][info][gc,heap        ] GC(1037) Old regions: 484->485
[435.577s][info][gc,heap        ] GC(1037) Archive regions: 2->2
[435.577s][info][gc,heap        ] GC(1037) Humongous regions: 11->11
[435.577s][info][gc,metaspace   ] GC(1037) Metaspace: 44204K(45776K)->44204K(45776K) NonClass: 38981K(40148K)->38981K(40148K) Class: 5223K(5628K)->5223K(5628K)
[435.577s][info][gc             ] GC(1037) Pause Full (G1 Humongous Allocation) 494M->494M(512M) 397.169ms
[435.579s][info][gc,cpu         ] GC(1037) User=2.47s Sys=0.03s Real=0.40s
[435.579s][info][gc,task        ] GC(1038) Using 8 workers of 8 for full compaction
[435.579s][info][gc,start       ] GC(1038) Pause Full (G1 Humongous Allocation)
[435.579s][info][gc,phases,start] GC(1038) Phase 1: Mark live objects
[435.830s][info][gc,phases      ] GC(1038) Phase 1: Mark live objects 251.505ms
[435.830s][info][gc,phases,start] GC(1038) Phase 2: Prepare for compaction
[435.864s][info][gc,phases      ] GC(1038) Phase 2: Prepare for compaction 33.447ms
[435.864s][info][gc,phases,start] GC(1038) Phase 3: Adjust pointers
[435.950s][info][gc,phases      ] GC(1038) Phase 3: Adjust pointers 86.311ms
[435.950s][info][gc,phases,start] GC(1038) Phase 4: Compact heap
[435.975s][info][gc,phases      ] GC(1038) Phase 4: Compact heap 24.622ms
[435.979s][info][gc,heap        ] GC(1038) Eden regions: 0->0(25)
[435.980s][info][gc,heap        ] GC(1038) Survivor regions: 0->0(4)
[435.980s][info][gc,heap        ] GC(1038) Old regions: 485->484
[435.980s][info][gc,heap        ] GC(1038) Archive regions: 2->2
[435.980s][info][gc,heap        ] GC(1038) Humongous regions: 11->11
[435.980s][info][gc,metaspace   ] GC(1038) Metaspace: 44204K(45776K)->44204K(45776K) NonClass: 38981K(40148K)->38981K(40148K) Class: 5223K(5628K)->5223K(5628K)
[435.980s][info][gc             ] GC(1038) Pause Full (G1 Humongous Allocation) 494M->494M(512M) 400.976ms
[435.981s][info][gc,cpu         ] GC(1038) User=2.51s Sys=0.04s Real=0.40s
[435.982s][info][gc,start       ] GC(1039) Pause Young (Concurrent Start) (G1 Humongous Allocation)
[435.982s][info][gc,task        ] GC(1039) Using 8 workers of 8 for evacuation
[435.982s][info][gc,phases      ] GC(1039)   Pre Evacuate Collection Set: 0.1ms
[435.983s][info][gc,phases      ] GC(1039)   Merge Heap Roots: 0.0ms
[435.983s][info][gc,phases      ] GC(1039)   Evacuate Collection Set: 0.5ms
[435.983s][info][gc,phases      ] GC(1039)   Post Evacuate Collection Set: 0.2ms
[435.983s][info][gc,phases      ] GC(1039)   Other: 0.1ms
[435.983s][info][gc,heap        ] GC(1039) Eden regions: 0->0(25)
[435.983s][info][gc,heap        ] GC(1039) Survivor regions: 0->0(4)
[435.983s][info][gc,heap        ] GC(1039) Old regions: 484->484
[435.983s][info][gc,heap        ] GC(1039) Archive regions: 2->2
[435.983s][info][gc,heap        ] GC(1039) Humongous regions: 11->11
[435.983s][info][gc,metaspace   ] GC(1039) Metaspace: 44204K(45776K)->44204K(45776K) NonClass: 38981K(40148K)->38981K(40148K) Class: 5223K(5628K)->5223K(5628K)
[435.983s][info][gc             ] GC(1039) Pause Young (Concurrent Start) (G1 Humongous Allocation) 494M->494M(512M) 1.044ms
[435.983s][info][gc,cpu         ] GC(1039) User=0.00s Sys=0.00s Real=0.00s
[435.983s][info][gc             ] GC(1040) Concurrent Cycle
[435.983s][info][gc,marking     ] GC(1040) Concurrent Clear Claimed Marks
[435.983s][info][gc,marking     ] GC(1040) Concurrent Clear Claimed Marks 0.017ms
[435.983s][info][gc,marking     ] GC(1040) Concurrent Scan Root Regions
[435.983s][info][gc,marking     ] GC(1040) Concurrent Scan Root Regions 0.012ms
[435.983s][info][gc,marking     ] GC(1040) Concurrent Mark (435.983s)
[435.983s][info][gc,marking     ] GC(1040) Concurrent Mark From Roots
[435.983s][info][gc,task        ] GC(1040) Using 2 workers of 2 for marking
[435.983s][info][gc,start       ] GC(1041) Pause Young (Normal) (G1 Humongous Allocation)
[435.983s][info][gc,task        ] GC(1041) Using 8 workers of 8 for evacuation
[435.983s][info][gc,phases      ] GC(1041)   Pre Evacuate Collection Set: 0.1ms
[435.983s][info][gc,phases      ] GC(1041)   Merge Heap Roots: 0.0ms
[435.983s][info][gc,phases      ] GC(1041)   Evacuate Collection Set: 0.2ms
[435.983s][info][gc,phases      ] GC(1041)   Post Evacuate Collection Set: 0.2ms
[435.983s][info][gc,phases      ] GC(1041)   Other: 0.1ms
[435.983s][info][gc,heap        ] GC(1041) Eden regions: 0->0(25)
[435.983s][info][gc,heap        ] GC(1041) Survivor regions: 0->0(4)
[435.983s][info][gc,heap        ] GC(1041) Old regions: 484->484
[435.983s][info][gc,heap        ] GC(1041) Archive regions: 2->2
[435.983s][info][gc,heap        ] GC(1041) Humongous regions: 11->11
[435.983s][info][gc,metaspace   ] GC(1041) Metaspace: 44204K(45776K)->44204K(45776K) NonClass: 38981K(40148K)->38981K(40148K) Class: 5223K(5628K)->5223K(5628K)
[435.983s][info][gc             ] GC(1041) Pause Young (Normal) (G1 Humongous Allocation) 494M->494M(512M) 0.607ms
[435.983s][info][gc,cpu         ] GC(1041) User=0.01s Sys=0.00s Real=0.00s
[435.984s][info][gc,task        ] GC(1042) Using 8 workers of 8 for full compaction
[435.984s][info][gc,start       ] GC(1042) Pause Full (G1 Humongous Allocation)
[435.984s][info][gc,phases,start] GC(1042) Phase 1: Mark live objects
[436.206s][info][gc,phases      ] GC(1042) Phase 1: Mark live objects 221.882ms
[436.206s][info][gc,phases,start] GC(1042) Phase 2: Prepare for compaction
[436.234s][info][gc,phases      ] GC(1042) Phase 2: Prepare for compaction 28.391ms
[436.234s][info][gc,phases,start] GC(1042) Phase 3: Adjust pointers
[436.314s][info][gc,phases      ] GC(1042) Phase 3: Adjust pointers 79.624ms
[436.314s][info][gc,phases,start] GC(1042) Phase 4: Compact heap
[436.345s][info][gc,phases      ] GC(1042) Phase 4: Compact heap 30.947ms
[436.350s][info][gc,heap        ] GC(1042) Eden regions: 0->0(25)
[436.350s][info][gc,heap        ] GC(1042) Survivor regions: 0->0(4)
[436.350s][info][gc,heap        ] GC(1042) Old regions: 484->484
[436.350s][info][gc,heap        ] GC(1042) Archive regions: 2->2
[436.350s][info][gc,heap        ] GC(1042) Humongous regions: 11->11
[436.350s][info][gc,metaspace   ] GC(1042) Metaspace: 44204K(45776K)->44204K(45776K) NonClass: 38981K(40148K)->38981K(40148K) Class: 5223K(5628K)->5223K(5628K)
[436.350s][info][gc             ] GC(1042) Pause Full (G1 Humongous Allocation) 494M->494M(512M) 366.241ms
[436.352s][info][gc,cpu         ] GC(1042) User=2.52s Sys=0.02s Real=0.37s
[436.352s][info][gc,task        ] GC(1043) Using 8 workers of 8 for full compaction
[436.352s][info][gc,start       ] GC(1043) Pause Full (G1 Humongous Allocation)
[436.352s][info][gc,phases,start] GC(1043) Phase 1: Mark live objects
[436.589s][info][gc,phases      ] GC(1043) Phase 1: Mark live objects 237.093ms
[436.589s][info][gc,phases,start] GC(1043) Phase 2: Prepare for compaction
[436.622s][info][gc,phases      ] GC(1043) Phase 2: Prepare for compaction 32.967ms
[436.622s][info][gc,phases,start] GC(1043) Phase 3: Adjust pointers
[436.700s][info][gc,phases      ] GC(1043) Phase 3: Adjust pointers 78.134ms
[436.700s][info][gc,phases,start] GC(1043) Phase 4: Compact heap
[436.728s][info][gc,phases      ] GC(1043) Phase 4: Compact heap 28.056ms
[436.733s][info][gc,heap        ] GC(1043) Eden regions: 0->0(25)
[436.733s][info][gc,heap        ] GC(1043) Survivor regions: 0->0(4)
[436.733s][info][gc,heap        ] GC(1043) Old regions: 484->484
[436.733s][info][gc,heap        ] GC(1043) Archive regions: 2->2
[436.733s][info][gc,heap        ] GC(1043) Humongous regions: 11->11
[436.733s][info][gc,metaspace   ] GC(1043) Metaspace: 44204K(45776K)->44204K(45776K) NonClass: 38981K(40148K)->38981K(40148K) Class: 5223K(5628K)->5223K(5628K)
[436.733s][info][gc             ] GC(1043) Pause Full (G1 Humongous Allocation) 494M->494M(512M) 381.455ms
[436.735s][info][gc,cpu         ] GC(1043) User=2.53s Sys=0.03s Real=0.39s
[436.735s][info][gc,marking     ] GC(1040) Concurrent Mark From Roots 752.530ms
[436.735s][info][gc,marking     ] GC(1040) Concurrent Mark Abort
[436.735s][info][gc             ] GC(1040) Concurrent Cycle 752.712ms
[436.736s][info][gc,start       ] GC(1044) Pause Young (Normal) (G1 Humongous Allocation)
[436.736s][info][gc,task        ] GC(1044) Using 8 workers of 8 for evacuation
[436.736s][info][gc,phases      ] GC(1044)   Pre Evacuate Collection Set: 0.1ms
[436.736s][info][gc,phases      ] GC(1044)   Merge Heap Roots: 0.0ms
[436.736s][info][gc,phases      ] GC(1044)   Evacuate Collection Set: 0.3ms
[436.736s][info][gc,phases      ] GC(1044)   Post Evacuate Collection Set: 0.2ms
[436.736s][info][gc,phases      ] GC(1044)   Other: 0.1ms
[436.736s][info][gc,heap        ] GC(1044) Eden regions: 1->0(24)
[436.736s][info][gc,heap        ] GC(1044) Survivor regions: 0->1(4)
[436.736s][info][gc,heap        ] GC(1044) Old regions: 484->484
[436.736s][info][gc,heap        ] GC(1044) Archive regions: 2->2
[436.736s][info][gc,heap        ] GC(1044) Humongous regions: 11->11
[436.736s][info][gc,metaspace   ] GC(1044) Metaspace: 44204K(45776K)->44204K(45776K) NonClass: 38981K(40148K)->38981K(40148K) Class: 5223K(5628K)->5223K(5628K)
[436.736s][info][gc             ] GC(1044) Pause Young (Normal) (G1 Humongous Allocation) 494M->494M(512M) 0.765ms
[436.736s][info][gc,cpu         ] GC(1044) User=0.00s Sys=0.00s Real=0.00s
[436.736s][info][gc,task        ] GC(1045) Using 8 workers of 8 for full compaction
[436.736s][info][gc,start       ] GC(1045) Pause Full (G1 Humongous Allocation)
[436.736s][info][gc,phases,start] GC(1045) Phase 1: Mark live objects
[436.975s][info][gc,phases      ] GC(1045) Phase 1: Mark live objects 238.781ms
[436.975s][info][gc,phases,start] GC(1045) Phase 2: Prepare for compaction
[437.004s][info][gc,phases      ] GC(1045) Phase 2: Prepare for compaction 28.465ms
[437.004s][info][gc,phases,start] GC(1045) Phase 3: Adjust pointers
[437.074s][info][gc,phases      ] GC(1045) Phase 3: Adjust pointers 69.988ms
[437.074s][info][gc,phases,start] GC(1045) Phase 4: Compact heap
[437.110s][info][gc,phases      ] GC(1045) Phase 4: Compact heap 35.773ms
[437.114s][info][gc,heap        ] GC(1045) Eden regions: 0->0(25)
[437.114s][info][gc,heap        ] GC(1045) Survivor regions: 1->0(4)
[437.114s][info][gc,heap        ] GC(1045) Old regions: 484->484
[437.114s][info][gc,heap        ] GC(1045) Archive regions: 2->2
[437.114s][info][gc,heap        ] GC(1045) Humongous regions: 11->11
[437.114s][info][gc,metaspace   ] GC(1045) Metaspace: 44204K(45776K)->44204K(45776K) NonClass: 38981K(40148K)->38981K(40148K) Class: 5223K(5628K)->5223K(5628K)
[437.114s][info][gc             ] GC(1045) Pause Full (G1 Humongous Allocation) 494M->494M(512M) 377.731ms
[437.116s][info][gc,cpu         ] GC(1045) User=2.53s Sys=0.03s Real=0.38s
[437.116s][info][gc,task        ] GC(1046) Using 8 workers of 8 for full compaction
[437.116s][info][gc,start       ] GC(1046) Pause Full (G1 Humongous Allocation)
[437.116s][info][gc,phases,start] GC(1046) Phase 1: Mark live objects
[437.506s][info][gc,phases      ] GC(1046) Phase 1: Mark live objects 389.957ms
[437.506s][info][gc,phases,start] GC(1046) Phase 2: Prepare for compaction
[437.542s][info][gc,phases      ] GC(1046) Phase 2: Prepare for compaction 36.767ms
[437.542s][info][gc,phases,start] GC(1046) Phase 3: Adjust pointers
[437.624s][info][gc,phases      ] GC(1046) Phase 3: Adjust pointers 81.043ms
[437.624s][info][gc,phases,start] GC(1046) Phase 4: Compact heap
[437.656s][info][gc,phases      ] GC(1046) Phase 4: Compact heap 32.051ms
[437.660s][info][gc,heap        ] GC(1046) Eden regions: 0->0(25)
[437.660s][info][gc,heap        ] GC(1046) Survivor regions: 0->0(4)
[437.660s][info][gc,heap        ] GC(1046) Old regions: 484->484
[437.660s][info][gc,heap        ] GC(1046) Archive regions: 2->2
[437.660s][info][gc,heap        ] GC(1046) Humongous regions: 11->11
[437.660s][info][gc,metaspace   ] GC(1046) Metaspace: 44204K(45776K)->44204K(45776K) NonClass: 38981K(40148K)->38981K(40148K) Class: 5223K(5628K)->5223K(5628K)
[437.660s][info][gc             ] GC(1046) Pause Full (G1 Humongous Allocation) 494M->494M(512M) 544.475ms
[437.662s][info][gc,cpu         ] GC(1046) User=2.50s Sys=0.04s Real=0.54s
[437.662s][info][gc,start       ] GC(1047) Pause Young (Concurrent Start) (G1 Humongous Allocation)
[437.662s][info][gc,task        ] GC(1047) Using 8 workers of 8 for evacuation
[437.663s][info][gc,phases      ] GC(1047)   Pre Evacuate Collection Set: 0.1ms
[437.663s][info][gc,phases      ] GC(1047)   Merge Heap Roots: 0.0ms
[437.663s][info][gc,phases      ] GC(1047)   Evacuate Collection Set: 0.6ms
[437.663s][info][gc,phases      ] GC(1047)   Post Evacuate Collection Set: 0.2ms
[437.663s][info][gc,phases      ] GC(1047)   Other: 0.1ms
[437.663s][info][gc,heap        ] GC(1047) Eden regions: 1->0(24)
[437.663s][info][gc,heap        ] GC(1047) Survivor regions: 0->1(4)
[437.663s][info][gc,heap        ] GC(1047) Old regions: 484->484
[437.663s][info][gc,heap        ] GC(1047) Archive regions: 2->2
[437.663s][info][gc,heap        ] GC(1047) Humongous regions: 11->11
[437.663s][info][gc,metaspace   ] GC(1047) Metaspace: 44204K(45776K)->44204K(45776K) NonClass: 38981K(40148K)->38981K(40148K) Class: 5223K(5628K)->5223K(5628K)
[437.663s][info][gc             ] GC(1047) Pause Young (Concurrent Start) (G1 Humongous Allocation) 494M->494M(512M) 1.127ms
[437.663s][info][gc,cpu         ] GC(1047) User=0.00s Sys=0.00s Real=0.00s
[437.664s][info][gc             ] GC(1048) Concurrent Cycle
[437.664s][info][gc,marking     ] GC(1048) Concurrent Clear Claimed Marks
[437.664s][info][gc,marking     ] GC(1048) Concurrent Clear Claimed Marks 0.021ms
[437.664s][info][gc,marking     ] GC(1048) Concurrent Scan Root Regions
[437.664s][info][gc,marking     ] GC(1048) Concurrent Scan Root Regions 0.415ms
[437.664s][info][gc,marking     ] GC(1048) Concurrent Mark (437.664s)
[437.664s][info][gc,marking     ] GC(1048) Concurrent Mark From Roots
[437.664s][info][gc,task        ] GC(1048) Using 2 workers of 2 for marking
[437.664s][info][gc,start       ] GC(1049) Pause Young (Normal) (G1 Humongous Allocation)
[437.664s][info][gc,task        ] GC(1049) Using 8 workers of 8 for evacuation
[437.665s][info][gc,phases      ] GC(1049)   Pre Evacuate Collection Set: 0.4ms
[437.665s][info][gc,phases      ] GC(1049)   Merge Heap Roots: 0.0ms
[437.665s][info][gc,phases      ] GC(1049)   Evacuate Collection Set: 0.2ms
[437.665s][info][gc,phases      ] GC(1049)   Post Evacuate Collection Set: 0.2ms
[437.665s][info][gc,phases      ] GC(1049)   Other: 0.1ms
[437.665s][info][gc,heap        ] GC(1049) Eden regions: 1->0(24)
[437.665s][info][gc,heap        ] GC(1049) Survivor regions: 1->1(4)
[437.665s][info][gc,heap        ] GC(1049) Old regions: 484->484
[437.665s][info][gc,heap        ] GC(1049) Archive regions: 2->2
[437.665s][info][gc,heap        ] GC(1049) Humongous regions: 11->11
[437.665s][info][gc,metaspace   ] GC(1049) Metaspace: 44204K(45776K)->44204K(45776K) NonClass: 38981K(40148K)->38981K(40148K) Class: 5223K(5628K)->5223K(5628K)
[437.665s][info][gc             ] GC(1049) Pause Young (Normal) (G1 Humongous Allocation) 494M->494M(512M) 0.661ms
[437.665s][info][gc,cpu         ] GC(1049) User=0.00s Sys=0.00s Real=0.00s
[437.665s][info][gc,task        ] GC(1050) Using 8 workers of 8 for full compaction
[437.665s][info][gc,start       ] GC(1050) Pause Full (G1 Humongous Allocation)
[437.665s][info][gc,phases,start] GC(1050) Phase 1: Mark live objects
[437.909s][info][gc,phases      ] GC(1050) Phase 1: Mark live objects 244.133ms
[437.910s][info][gc,phases,start] GC(1050) Phase 2: Prepare for compaction
[437.943s][info][gc,phases      ] GC(1050) Phase 2: Prepare for compaction 32.984ms
[437.943s][info][gc,phases,start] GC(1050) Phase 3: Adjust pointers
[438.015s][info][gc,phases      ] GC(1050) Phase 3: Adjust pointers 72.894ms
[438.015s][info][gc,phases,start] GC(1050) Phase 4: Compact heap
[438.045s][info][gc,phases      ] GC(1050) Phase 4: Compact heap 29.947ms
[438.051s][info][gc,heap        ] GC(1050) Eden regions: 0->0(25)
[438.051s][info][gc,heap        ] GC(1050) Survivor regions: 1->0(4)
[438.051s][info][gc,heap        ] GC(1050) Old regions: 484->484
[438.052s][info][gc,heap        ] GC(1050) Archive regions: 2->2
[438.052s][info][gc,heap        ] GC(1050) Humongous regions: 11->11
[438.052s][info][gc,metaspace   ] GC(1050) Metaspace: 44204K(45776K)->44204K(45776K) NonClass: 38981K(40148K)->38981K(40148K) Class: 5223K(5628K)->5223K(5628K)
[438.052s][info][gc             ] GC(1050) Pause Full (G1 Humongous Allocation) 494M->494M(512M) 386.814ms
[438.053s][info][gc,cpu         ] GC(1050) User=2.53s Sys=0.03s Real=0.39s
[438.053s][info][gc,task        ] GC(1051) Using 8 workers of 8 for full compaction
[438.053s][info][gc,start       ] GC(1051) Pause Full (G1 Humongous Allocation)
[438.053s][info][gc,phases,start] GC(1051) Phase 1: Mark live objects
[438.283s][info][gc,phases      ] GC(1051) Phase 1: Mark live objects 229.780ms
[438.283s][info][gc,phases,start] GC(1051) Phase 2: Prepare for compaction
[438.314s][info][gc,phases      ] GC(1051) Phase 2: Prepare for compaction 30.920ms
[438.314s][info][gc,phases,start] GC(1051) Phase 3: Adjust pointers
[438.386s][info][gc,phases      ] GC(1051) Phase 3: Adjust pointers 72.273ms
[438.386s][info][gc,phases,start] GC(1051) Phase 4: Compact heap
[438.413s][info][gc,phases      ] GC(1051) Phase 4: Compact heap 26.264ms
[438.417s][info][gc,heap        ] GC(1051) Eden regions: 0->0(25)
[438.417s][info][gc,heap        ] GC(1051) Survivor regions: 0->0(4)
[438.417s][info][gc,heap        ] GC(1051) Old regions: 484->484
[438.417s][info][gc,heap        ] GC(1051) Archive regions: 2->2
[438.417s][info][gc,heap        ] GC(1051) Humongous regions: 11->11
[438.417s][info][gc,metaspace   ] GC(1051) Metaspace: 44204K(45776K)->44204K(45776K) NonClass: 38981K(40148K)->38981K(40148K) Class: 5223K(5628K)->5223K(5628K)
[438.417s][info][gc             ] GC(1051) Pause Full (G1 Humongous Allocation) 494M->494M(512M) 363.588ms
[438.418s][info][gc,cpu         ] GC(1051) User=2.49s Sys=0.03s Real=0.37s
[438.419s][info][gc,marking     ] GC(1048) Concurrent Mark From Roots 754.576ms
[438.419s][info][gc,marking     ] GC(1048) Concurrent Mark Abort
[438.419s][info][gc             ] GC(1048) Concurrent Cycle 755.118ms
[438.419s][info][gc,start       ] GC(1052) Pause Young (Concurrent Start) (G1 Humongous Allocation)
[438.419s][info][gc,task        ] GC(1052) Using 8 workers of 8 for evacuation
[438.420s][info][gc,phases      ] GC(1052)   Pre Evacuate Collection Set: 0.1ms
[438.420s][info][gc,phases      ] GC(1052)   Merge Heap Roots: 0.0ms
[438.420s][info][gc,phases      ] GC(1052)   Evacuate Collection Set: 0.6ms
[438.420s][info][gc,phases      ] GC(1052)   Post Evacuate Collection Set: 0.3ms
[438.420s][info][gc,phases      ] GC(1052)   Other: 0.1ms
[438.420s][info][gc,heap        ] GC(1052) Eden regions: 1->0(24)
[438.420s][info][gc,heap        ] GC(1052) Survivor regions: 0->1(4)
[438.420s][info][gc,heap        ] GC(1052) Old regions: 484->484
[438.420s][info][gc,heap        ] GC(1052) Archive regions: 2->2
[438.420s][info][gc,heap        ] GC(1052) Humongous regions: 11->11
[438.420s][info][gc,metaspace   ] GC(1052) Metaspace: 44204K(45776K)->44204K(45776K) NonClass: 38981K(40148K)->38981K(40148K) Class: 5223K(5628K)->5223K(5628K)
[438.420s][info][gc             ] GC(1052) Pause Young (Concurrent Start) (G1 Humongous Allocation) 494M->494M(512M) 1.382ms
[438.420s][info][gc,cpu         ] GC(1052) User=0.00s Sys=0.00s Real=0.00s
[438.420s][info][gc             ] GC(1053) Concurrent Cycle
[438.420s][info][gc,marking     ] GC(1053) Concurrent Clear Claimed Marks
[438.420s][info][gc,marking     ] GC(1053) Concurrent Clear Claimed Marks 0.040ms
[438.420s][info][gc,marking     ] GC(1053) Concurrent Scan Root Regions
[438.421s][info][gc,marking     ] GC(1053) Concurrent Scan Root Regions 0.681ms
[438.421s][info][gc,start       ] GC(1054) Pause Young (Normal) (G1 Humongous Allocation)
[438.421s][info][gc,marking     ] GC(1053) Concurrent Mark (438.421s)
[438.421s][info][gc,task        ] GC(1054) Using 8 workers of 8 for evacuation
[438.421s][info][gc,marking     ] GC(1053) Concurrent Mark From Roots
[438.421s][info][gc,task        ] GC(1053) Using 2 workers of 2 for marking
[438.422s][info][gc,phases      ] GC(1054)   Pre Evacuate Collection Set: 0.5ms
[438.422s][info][gc,phases      ] GC(1054)   Merge Heap Roots: 0.1ms
[438.422s][info][gc,phases      ] GC(1054)   Evacuate Collection Set: 0.4ms
[438.422s][info][gc,phases      ] GC(1054)   Post Evacuate Collection Set: 0.2ms
[438.422s][info][gc,phases      ] GC(1054)   Other: 0.2ms
[438.422s][info][gc,heap        ] GC(1054) Eden regions: 1->0(24)
[438.422s][info][gc,heap        ] GC(1054) Survivor regions: 1->1(4)
[438.422s][info][gc,heap        ] GC(1054) Old regions: 484->484
[438.422s][info][gc,heap        ] GC(1054) Archive regions: 2->2
[438.422s][info][gc,heap        ] GC(1054) Humongous regions: 11->11
[438.422s][info][gc,metaspace   ] GC(1054) Metaspace: 44205K(45776K)->44205K(45776K) NonClass: 38982K(40148K)->38982K(40148K) Class: 5223K(5628K)->5223K(5628K)
[438.422s][info][gc             ] GC(1054) Pause Young (Normal) (G1 Humongous Allocation) 494M->494M(512M) 1.061ms
[438.422s][info][gc,cpu         ] GC(1054) User=0.00s Sys=0.00s Real=0.00s
[438.422s][info][gc,task        ] GC(1055) Using 8 workers of 8 for full compaction
[438.422s][info][gc,start       ] GC(1055) Pause Full (G1 Humongous Allocation)
[438.423s][info][gc,phases,start] GC(1055) Phase 1: Mark live objects
[438.645s][info][gc,phases      ] GC(1055) Phase 1: Mark live objects 222.164ms
[438.645s][info][gc,phases,start] GC(1055) Phase 2: Prepare for compaction
[438.674s][info][gc,phases      ] GC(1055) Phase 2: Prepare for compaction 28.621ms
[438.674s][info][gc,phases,start] GC(1055) Phase 3: Adjust pointers
[438.744s][info][gc,phases      ] GC(1055) Phase 3: Adjust pointers 69.996ms
[438.744s][info][gc,phases,start] GC(1055) Phase 4: Compact heap
[438.767s][info][gc,phases      ] GC(1055) Phase 4: Compact heap 23.351ms
[438.771s][info][gc,heap        ] GC(1055) Eden regions: 0->0(25)
[438.771s][info][gc,heap        ] GC(1055) Survivor regions: 1->0(4)
[438.771s][info][gc,heap        ] GC(1055) Old regions: 484->485
[438.771s][info][gc,heap        ] GC(1055) Archive regions: 2->2
[438.771s][info][gc,heap        ] GC(1055) Humongous regions: 11->11
[438.771s][info][gc,metaspace   ] GC(1055) Metaspace: 44205K(45776K)->44205K(45776K) NonClass: 38982K(40148K)->38982K(40148K) Class: 5223K(5628K)->5223K(5628K)
[438.771s][info][gc             ] GC(1055) Pause Full (G1 Humongous Allocation) 494M->494M(512M) 349.182ms
[438.773s][info][gc,cpu         ] GC(1055) User=2.49s Sys=0.03s Real=0.35s
[438.773s][info][gc,task        ] GC(1056) Using 8 workers of 8 for full compaction
[438.773s][info][gc,start       ] GC(1056) Pause Full (G1 Humongous Allocation)
[438.773s][info][gc,phases,start] GC(1056) Phase 1: Mark live objects
[439.002s][info][gc,phases      ] GC(1056) Phase 1: Mark live objects 228.506ms
[439.002s][info][gc,phases,start] GC(1056) Phase 2: Prepare for compaction
[439.032s][info][gc,phases      ] GC(1056) Phase 2: Prepare for compaction 30.805ms
[439.032s][info][gc,phases,start] GC(1056) Phase 3: Adjust pointers
[439.102s][info][gc,phases      ] GC(1056) Phase 3: Adjust pointers 69.167ms
[439.102s][info][gc,phases,start] GC(1056) Phase 4: Compact heap
[439.128s][info][gc,phases      ] GC(1056) Phase 4: Compact heap 26.783ms
[439.133s][info][gc,heap        ] GC(1056) Eden regions: 0->0(25)
[439.133s][info][gc,heap        ] GC(1056) Survivor regions: 0->0(4)
[439.133s][info][gc,heap        ] GC(1056) Old regions: 485->485
[439.133s][info][gc,heap        ] GC(1056) Archive regions: 2->2
[439.133s][info][gc,heap        ] GC(1056) Humongous regions: 11->11
[439.133s][info][gc,metaspace   ] GC(1056) Metaspace: 44205K(45776K)->44205K(45776K) NonClass: 38982K(40148K)->38982K(40148K) Class: 5223K(5628K)->5223K(5628K)
[439.133s][info][gc             ] GC(1056) Pause Full (G1 Humongous Allocation) 494M->494M(512M) 359.964ms
[439.134s][info][gc,cpu         ] GC(1056) User=2.47s Sys=0.02s Real=0.36s
[439.134s][info][gc,marking     ] GC(1053) Concurrent Mark From Roots 712.983ms
[439.134s][info][gc,marking     ] GC(1053) Concurrent Mark Abort
[439.134s][info][gc             ] GC(1053) Concurrent Cycle 713.890ms
[439.135s][info][gc,start       ] GC(1057) Pause Young (Normal) (G1 Humongous Allocation)
[439.135s][info][gc,task        ] GC(1057) Using 8 workers of 8 for evacuation
[439.136s][info][gc,phases      ] GC(1057)   Pre Evacuate Collection Set: 0.1ms
[439.136s][info][gc,phases      ] GC(1057)   Merge Heap Roots: 0.0ms
[439.136s][info][gc,phases      ] GC(1057)   Evacuate Collection Set: 0.5ms
[439.136s][info][gc,phases      ] GC(1057)   Post Evacuate Collection Set: 0.2ms
[439.136s][info][gc,phases      ] GC(1057)   Other: 0.1ms
[439.136s][info][gc,heap        ] GC(1057) Eden regions: 1->0(24)
[439.136s][info][gc,heap        ] GC(1057) Survivor regions: 0->1(4)
[439.136s][info][gc,heap        ] GC(1057) Old regions: 485->485
[439.136s][info][gc,heap        ] GC(1057) Archive regions: 2->2
[439.136s][info][gc,heap        ] GC(1057) Humongous regions: 11->11
[439.136s][info][gc,metaspace   ] GC(1057) Metaspace: 44206K(45776K)->44206K(45776K) NonClass: 38982K(40148K)->38982K(40148K) Class: 5223K(5628K)->5223K(5628K)
[439.136s][info][gc             ] GC(1057) Pause Young (Normal) (G1 Humongous Allocation) 495M->494M(512M) 1.059ms
[439.136s][info][gc,cpu         ] GC(1057) User=0.00s Sys=0.01s Real=0.01s
[439.136s][info][gc,task        ] GC(1058) Using 8 workers of 8 for full compaction
[439.136s][info][gc,start       ] GC(1058) Pause Full (G1 Humongous Allocation)
[439.136s][info][gc,phases,start] GC(1058) Phase 1: Mark live objects
[439.360s][info][gc,phases      ] GC(1058) Phase 1: Mark live objects 224.612ms
[439.360s][info][gc,phases,start] GC(1058) Phase 2: Prepare for compaction
[439.388s][info][gc,phases      ] GC(1058) Phase 2: Prepare for compaction 27.615ms
[439.388s][info][gc,phases,start] GC(1058) Phase 3: Adjust pointers
[439.461s][info][gc,phases      ] GC(1058) Phase 3: Adjust pointers 72.511ms
[439.461s][info][gc,phases,start] GC(1058) Phase 4: Compact heap
[439.485s][info][gc,phases      ] GC(1058) Phase 4: Compact heap 24.123ms
[439.489s][info][gc,heap        ] GC(1058) Eden regions: 0->0(25)
[439.489s][info][gc,heap        ] GC(1058) Survivor regions: 1->0(4)
[439.489s][info][gc,heap        ] GC(1058) Old regions: 485->484
[439.489s][info][gc,heap        ] GC(1058) Archive regions: 2->2
[439.489s][info][gc,heap        ] GC(1058) Humongous regions: 11->11
[439.489s][info][gc,metaspace   ] GC(1058) Metaspace: 44206K(45776K)->44206K(45776K) NonClass: 38982K(40148K)->38982K(40148K) Class: 5223K(5628K)->5223K(5628K)
[439.489s][info][gc             ] GC(1058) Pause Full (G1 Humongous Allocation) 494M->494M(512M) 353.306ms
[439.491s][info][gc,cpu         ] GC(1058) User=2.48s Sys=0.03s Real=0.35s
[439.491s][info][gc,task        ] GC(1059) Using 8 workers of 8 for full compaction
[439.491s][info][gc,start       ] GC(1059) Pause Full (G1 Humongous Allocation)
[439.491s][info][gc,phases,start] GC(1059) Phase 1: Mark live objects
[439.718s][info][gc,phases      ] GC(1059) Phase 1: Mark live objects 227.013ms
[439.718s][info][gc,phases,start] GC(1059) Phase 2: Prepare for compaction
[439.748s][info][gc,phases      ] GC(1059) Phase 2: Prepare for compaction 30.332ms
[439.748s][info][gc,phases,start] GC(1059) Phase 3: Adjust pointers
[439.816s][info][gc,phases      ] GC(1059) Phase 3: Adjust pointers 67.499ms
[439.816s][info][gc,phases,start] GC(1059) Phase 4: Compact heap
[439.843s][info][gc,phases      ] GC(1059) Phase 4: Compact heap 26.713ms
[439.847s][info][gc,heap        ] GC(1059) Eden regions: 0->0(25)
[439.847s][info][gc,heap        ] GC(1059) Survivor regions: 0->0(4)
[439.847s][info][gc,heap        ] GC(1059) Old regions: 484->484
[439.847s][info][gc,heap        ] GC(1059) Archive regions: 2->2
[439.847s][info][gc,heap        ] GC(1059) Humongous regions: 11->11
[439.847s][info][gc,metaspace   ] GC(1059) Metaspace: 44206K(45776K)->44206K(45776K) NonClass: 38982K(40148K)->38982K(40148K) Class: 5223K(5628K)->5223K(5628K)
[439.847s][info][gc             ] GC(1059) Pause Full (G1 Humongous Allocation) 494M->494M(512M) 355.980ms
[439.849s][info][gc,cpu         ] GC(1059) User=2.46s Sys=0.04s Real=0.36s
[439.849s][info][gc,start       ] GC(1060) Pause Young (Concurrent Start) (G1 Humongous Allocation)
[439.849s][info][gc,task        ] GC(1060) Using 8 workers of 8 for evacuation
[439.850s][info][gc,phases      ] GC(1060)   Pre Evacuate Collection Set: 0.1ms
[439.850s][info][gc,phases      ] GC(1060)   Merge Heap Roots: 0.0ms
[439.850s][info][gc,phases      ] GC(1060)   Evacuate Collection Set: 0.7ms
[439.850s][info][gc,phases      ] GC(1060)   Post Evacuate Collection Set: 0.2ms
[439.850s][info][gc,phases      ] GC(1060)   Other: 0.1ms
[439.850s][info][gc,heap        ] GC(1060) Eden regions: 1->0(24)
[439.850s][info][gc,heap        ] GC(1060) Survivor regions: 0->1(4)
[439.850s][info][gc,heap        ] GC(1060) Old regions: 484->484
[439.850s][info][gc,heap        ] GC(1060) Archive regions: 2->2
[439.850s][info][gc,heap        ] GC(1060) Humongous regions: 11->11
[439.850s][info][gc,metaspace   ] GC(1060) Metaspace: 44206K(45776K)->44206K(45776K) NonClass: 38983K(40148K)->38983K(40148K) Class: 5223K(5628K)->5223K(5628K)
[439.850s][info][gc             ] GC(1060) Pause Young (Concurrent Start) (G1 Humongous Allocation) 494M->494M(512M) 1.225ms
[439.850s][info][gc,cpu         ] GC(1060) User=0.01s Sys=0.00s Real=0.00s
[439.850s][info][gc             ] GC(1061) Concurrent Cycle
[439.850s][info][gc,marking     ] GC(1061) Concurrent Clear Claimed Marks
[439.851s][info][gc,marking     ] GC(1061) Concurrent Clear Claimed Marks 0.024ms
[439.851s][info][gc,marking     ] GC(1061) Concurrent Scan Root Regions
[439.851s][info][gc,marking     ] GC(1061) Concurrent Scan Root Regions 0.862ms
[439.851s][info][gc,marking     ] GC(1061) Concurrent Mark (439.851s)
[439.851s][info][gc,marking     ] GC(1061) Concurrent Mark From Roots
[439.851s][info][gc,task        ] GC(1061) Using 2 workers of 2 for marking
[439.851s][info][gc,start       ] GC(1062) Pause Young (Normal) (G1 Humongous Allocation)
[439.851s][info][gc,task        ] GC(1062) Using 8 workers of 8 for evacuation
[439.852s][info][gc,phases      ] GC(1062)   Pre Evacuate Collection Set: 0.1ms
[439.852s][info][gc,phases      ] GC(1062)   Merge Heap Roots: 0.0ms
[439.852s][info][gc,phases      ] GC(1062)   Evacuate Collection Set: 0.3ms
[439.852s][info][gc,phases      ] GC(1062)   Post Evacuate Collection Set: 0.2ms
[439.852s][info][gc,phases      ] GC(1062)   Other: 0.1ms
[439.852s][info][gc,heap        ] GC(1062) Eden regions: 1->0(24)
[439.852s][info][gc,heap        ] GC(1062) Survivor regions: 1->1(4)
[439.852s][info][gc,heap        ] GC(1062) Old regions: 484->484
[439.852s][info][gc,heap        ] GC(1062) Archive regions: 2->2
[439.852s][info][gc,heap        ] GC(1062) Humongous regions: 11->11
[439.852s][info][gc,metaspace   ] GC(1062) Metaspace: 44212K(45776K)->44212K(45776K) NonClass: 38988K(40148K)->38988K(40148K) Class: 5223K(5628K)->5223K(5628K)
[439.852s][info][gc             ] GC(1062) Pause Young (Normal) (G1 Humongous Allocation) 495M->494M(512M) 0.850ms
[439.852s][info][gc,cpu         ] GC(1062) User=0.00s Sys=0.00s Real=0.00s
[439.852s][info][gc,task        ] GC(1063) Using 8 workers of 8 for full compaction
[439.852s][info][gc,start       ] GC(1063) Pause Full (G1 Humongous Allocation)
[439.853s][info][gc,phases,start] GC(1063) Phase 1: Mark live objects
[440.077s][info][gc,phases      ] GC(1063) Phase 1: Mark live objects 224.127ms
[440.077s][info][gc,phases,start] GC(1063) Phase 2: Prepare for compaction
[440.106s][info][gc,phases      ] GC(1063) Phase 2: Prepare for compaction 28.640ms
[440.106s][info][gc,phases,start] GC(1063) Phase 3: Adjust pointers
[440.176s][info][gc,phases      ] GC(1063) Phase 3: Adjust pointers 69.715ms
[440.176s][info][gc,phases,start] GC(1063) Phase 4: Compact heap
[440.201s][info][gc,phases      ] GC(1063) Phase 4: Compact heap 25.882ms
[440.206s][info][gc,heap        ] GC(1063) Eden regions: 0->0(25)
[440.206s][info][gc,heap        ] GC(1063) Survivor regions: 1->0(4)
[440.206s][info][gc,heap        ] GC(1063) Old regions: 484->485
[440.206s][info][gc,heap        ] GC(1063) Archive regions: 2->2
[440.206s][info][gc,heap        ] GC(1063) Humongous regions: 11->11
[440.206s][info][gc,metaspace   ] GC(1063) Metaspace: 44212K(45776K)->44212K(45776K) NonClass: 38988K(40148K)->38988K(40148K) Class: 5223K(5628K)->5223K(5628K)
[440.206s][info][gc             ] GC(1063) Pause Full (G1 Humongous Allocation) 494M->494M(512M) 353.439ms
[440.208s][info][gc,cpu         ] GC(1063) User=2.50s Sys=0.02s Real=0.36s
[440.208s][info][gc,task        ] GC(1064) Using 8 workers of 8 for full compaction
[440.208s][info][gc,start       ] GC(1064) Pause Full (G1 Humongous Allocation)
[440.208s][info][gc,phases,start] GC(1064) Phase 1: Mark live objects
[440.440s][info][gc,phases      ] GC(1064) Phase 1: Mark live objects 232.530ms
[440.440s][info][gc,phases,start] GC(1064) Phase 2: Prepare for compaction
[440.472s][info][gc,phases      ] GC(1064) Phase 2: Prepare for compaction 31.545ms
[440.472s][info][gc,phases,start] GC(1064) Phase 3: Adjust pointers
[440.540s][info][gc,phases      ] GC(1064) Phase 3: Adjust pointers 67.822ms
[440.540s][info][gc,phases,start] GC(1064) Phase 4: Compact heap
[440.570s][info][gc,phases      ] GC(1064) Phase 4: Compact heap 29.830ms
[440.574s][info][gc,heap        ] GC(1064) Eden regions: 0->0(25)
[440.574s][info][gc,heap        ] GC(1064) Survivor regions: 0->0(4)
[440.574s][info][gc,heap        ] GC(1064) Old regions: 485->485
[440.574s][info][gc,heap        ] GC(1064) Archive regions: 2->2
[440.574s][info][gc,heap        ] GC(1064) Humongous regions: 11->11
[440.574s][info][gc,metaspace   ] GC(1064) Metaspace: 44212K(45776K)->44212K(45776K) NonClass: 38988K(40148K)->38988K(40148K) Class: 5223K(5628K)->5223K(5628K)
[440.574s][info][gc             ] GC(1064) Pause Full (G1 Humongous Allocation) 494M->494M(512M) 366.321ms
[440.576s][info][gc,cpu         ] GC(1064) User=2.45s Sys=0.03s Real=0.37s
[440.576s][info][gc,marking     ] GC(1061) Concurrent Mark From Roots 724.409ms
[440.576s][info][gc,marking     ] GC(1061) Concurrent Mark Abort
[440.576s][info][gc             ] GC(1061) Concurrent Cycle 725.444ms
[440.576s][info][gc,start       ] GC(1065) Pause Young (Normal) (G1 Humongous Allocation)
[440.576s][info][gc,task        ] GC(1065) Using 8 workers of 8 for evacuation
[440.577s][info][gc,phases      ] GC(1065)   Pre Evacuate Collection Set: 0.1ms
[440.577s][info][gc,phases      ] GC(1065)   Merge Heap Roots: 0.0ms
[440.577s][info][gc,phases      ] GC(1065)   Evacuate Collection Set: 0.2ms
[440.577s][info][gc,phases      ] GC(1065)   Post Evacuate Collection Set: 0.2ms
[440.577s][info][gc,phases      ] GC(1065)   Other: 0.1ms
[440.577s][info][gc,heap        ] GC(1065) Eden regions: 1->0(24)
[440.577s][info][gc,heap        ] GC(1065) Survivor regions: 0->1(4)
[440.577s][info][gc,heap        ] GC(1065) Old regions: 485->485
[440.577s][info][gc,heap        ] GC(1065) Archive regions: 2->2
[440.577s][info][gc,heap        ] GC(1065) Humongous regions: 11->11
[440.577s][info][gc,metaspace   ] GC(1065) Metaspace: 44213K(45776K)->44213K(45776K) NonClass: 38989K(40148K)->38989K(40148K) Class: 5224K(5628K)->5224K(5628K)
[440.577s][info][gc             ] GC(1065) Pause Young (Normal) (G1 Humongous Allocation) 494M->494M(512M) 0.674ms
[440.577s][info][gc,cpu         ] GC(1065) User=0.00s Sys=0.01s Real=0.00s
[440.577s][info][gc,task        ] GC(1066) Using 8 workers of 8 for full compaction
[440.577s][info][gc,start       ] GC(1066) Pause Full (G1 Humongous Allocation)
[440.577s][info][gc,phases,start] GC(1066) Phase 1: Mark live objects
[440.796s][info][gc,phases      ] GC(1066) Phase 1: Mark live objects 218.783ms
[440.796s][info][gc,phases,start] GC(1066) Phase 2: Prepare for compaction
[440.823s][info][gc,phases      ] GC(1066) Phase 2: Prepare for compaction 27.716ms
[440.823s][info][gc,phases,start] GC(1066) Phase 3: Adjust pointers
[440.894s][info][gc,phases      ] GC(1066) Phase 3: Adjust pointers 70.910ms
[440.894s][info][gc,phases,start] GC(1066) Phase 4: Compact heap
[440.917s][info][gc,phases      ] GC(1066) Phase 4: Compact heap 22.275ms
[440.921s][info][gc,heap        ] GC(1066) Eden regions: 0->0(25)
[440.921s][info][gc,heap        ] GC(1066) Survivor regions: 1->0(4)
[440.921s][info][gc,heap        ] GC(1066) Old regions: 485->485
[440.921s][info][gc,heap        ] GC(1066) Archive regions: 2->2
[440.921s][info][gc,heap        ] GC(1066) Humongous regions: 11->11
[440.921s][info][gc,metaspace   ] GC(1066) Metaspace: 44213K(45776K)->44213K(45776K) NonClass: 38989K(40148K)->38989K(40148K) Class: 5224K(5628K)->5224K(5628K)
[440.921s][info][gc             ] GC(1066) Pause Full (G1 Humongous Allocation) 494M->494M(512M) 344.171ms
[440.923s][info][gc,cpu         ] GC(1066) User=2.48s Sys=0.01s Real=0.34s
[440.923s][info][gc,task        ] GC(1067) Using 8 workers of 8 for full compaction
[440.923s][info][gc,start       ] GC(1067) Pause Full (G1 Humongous Allocation)
[440.923s][info][gc,phases,start] GC(1067) Phase 1: Mark live objects
[441.141s][info][gc,phases      ] GC(1067) Phase 1: Mark live objects 218.755ms
[441.142s][info][gc,phases,start] GC(1067) Phase 2: Prepare for compaction
[441.170s][info][gc,phases      ] GC(1067) Phase 2: Prepare for compaction 28.331ms
[441.170s][info][gc,phases,start] GC(1067) Phase 3: Adjust pointers
[441.238s][info][gc,phases      ] GC(1067) Phase 3: Adjust pointers 67.904ms
[441.238s][info][gc,phases,start] GC(1067) Phase 4: Compact heap
[441.261s][info][gc,phases      ] GC(1067) Phase 4: Compact heap 22.924ms
[441.265s][info][gc,heap        ] GC(1067) Eden regions: 0->0(25)
[441.265s][info][gc,heap        ] GC(1067) Survivor regions: 0->0(4)
[441.265s][info][gc,heap        ] GC(1067) Old regions: 485->485
[441.265s][info][gc,heap        ] GC(1067) Archive regions: 2->2
[441.265s][info][gc,heap        ] GC(1067) Humongous regions: 11->11
[441.265s][info][gc,metaspace   ] GC(1067) Metaspace: 44213K(45776K)->44213K(45776K) NonClass: 38989K(40148K)->38989K(40148K) Class: 5224K(5628K)->5224K(5628K)
[441.265s][info][gc             ] GC(1067) Pause Full (G1 Humongous Allocation) 494M->494M(512M) 342.325ms
[441.267s][info][gc,cpu         ] GC(1067) User=2.46s Sys=0.03s Real=0.35s
[441.268s][info][gc,start       ] GC(1068) Pause Young (Concurrent Start) (G1 Humongous Allocation)
[441.268s][info][gc,task        ] GC(1068) Using 8 workers of 8 for evacuation
[441.269s][info][gc,phases      ] GC(1068)   Pre Evacuate Collection Set: 0.1ms
[441.269s][info][gc,phases      ] GC(1068)   Merge Heap Roots: 0.0ms
[441.269s][info][gc,phases      ] GC(1068)   Evacuate Collection Set: 0.7ms
[441.269s][info][gc,phases      ] GC(1068)   Post Evacuate Collection Set: 0.2ms
[441.269s][info][gc,phases      ] GC(1068)   Other: 0.2ms
[441.269s][info][gc,heap        ] GC(1068) Eden regions: 0->0(25)
[441.269s][info][gc,heap        ] GC(1068) Survivor regions: 0->0(4)
[441.269s][info][gc,heap        ] GC(1068) Old regions: 485->485
[441.269s][info][gc,heap        ] GC(1068) Archive regions: 2->2
[441.269s][info][gc,heap        ] GC(1068) Humongous regions: 11->11
[441.269s][info][gc,metaspace   ] GC(1068) Metaspace: 44214K(45776K)->44214K(45776K) NonClass: 38989K(40148K)->38989K(40148K) Class: 5224K(5628K)->5224K(5628K)
[441.269s][info][gc             ] GC(1068) Pause Young (Concurrent Start) (G1 Humongous Allocation) 494M->494M(512M) 1.274ms
[441.269s][info][gc,cpu         ] GC(1068) User=0.01s Sys=0.00s Real=0.00s
[441.269s][info][gc,task        ] GC(1069) Using 8 workers of 8 for full compaction
[441.269s][info][gc,start       ] GC(1069) Pause Full (G1 Humongous Allocation)
[441.269s][info][gc             ] GC(1070) Concurrent Cycle
[441.269s][info][gc,marking     ] GC(1070) Concurrent Clear Claimed Marks
[441.269s][info][gc,marking     ] GC(1070) Concurrent Clear Claimed Marks 0.073ms
[441.269s][info][gc,marking     ] GC(1070) Concurrent Scan Root Regions
[441.269s][info][gc,marking     ] GC(1070) Concurrent Scan Root Regions 0.025ms
[441.269s][info][gc,marking     ] GC(1070) Concurrent Mark (441.269s)
[441.269s][info][gc,marking     ] GC(1070) Concurrent Mark From Roots
[441.269s][info][gc,task        ] GC(1070) Using 2 workers of 2 for marking
[441.270s][info][gc,phases,start] GC(1069) Phase 1: Mark live objects
[441.493s][info][gc,phases      ] GC(1069) Phase 1: Mark live objects 223.792ms
[441.493s][info][gc,phases,start] GC(1069) Phase 2: Prepare for compaction
[441.524s][info][gc,phases      ] GC(1069) Phase 2: Prepare for compaction 31.067ms
[441.524s][info][gc,phases,start] GC(1069) Phase 3: Adjust pointers
[441.597s][info][gc,phases      ] GC(1069) Phase 3: Adjust pointers 72.203ms
[441.597s][info][gc,phases,start] GC(1069) Phase 4: Compact heap
[441.625s][info][gc,phases      ] GC(1069) Phase 4: Compact heap 28.399ms
[441.630s][info][gc,heap        ] GC(1069) Eden regions: 0->0(25)
[441.630s][info][gc,heap        ] GC(1069) Survivor regions: 0->0(4)
[441.630s][info][gc,heap        ] GC(1069) Old regions: 485->484
[441.630s][info][gc,heap        ] GC(1069) Archive regions: 2->2
[441.630s][info][gc,heap        ] GC(1069) Humongous regions: 11->11
[441.630s][info][gc,metaspace   ] GC(1069) Metaspace: 44214K(45776K)->44214K(45776K) NonClass: 38989K(40148K)->38989K(40148K) Class: 5224K(5628K)->5224K(5628K)
[441.630s][info][gc             ] GC(1069) Pause Full (G1 Humongous Allocation) 494M->493M(512M) 360.924ms
[441.632s][info][gc,cpu         ] GC(1069) User=2.54s Sys=0.06s Real=0.36s
[441.632s][info][gc,task        ] GC(1071) Using 8 workers of 8 for full compaction
[441.632s][info][gc,start       ] GC(1071) Pause Full (G1 Humongous Allocation)
[441.632s][info][gc,phases,start] GC(1071) Phase 1: Mark live objects
[441.854s][info][gc,phases      ] GC(1071) Phase 1: Mark live objects 222.013ms
[441.854s][info][gc,phases,start] GC(1071) Phase 2: Prepare for compaction
[441.884s][info][gc,phases      ] GC(1071) Phase 2: Prepare for compaction 30.263ms
[441.884s][info][gc,phases,start] GC(1071) Phase 3: Adjust pointers
[441.956s][info][gc,phases      ] GC(1071) Phase 3: Adjust pointers 71.681ms
[441.956s][info][gc,phases,start] GC(1071) Phase 4: Compact heap
[441.980s][info][gc,phases      ] GC(1071) Phase 4: Compact heap 24.040ms
[441.985s][info][gc,heap        ] GC(1071) Eden regions: 0->0(25)
[441.985s][info][gc,heap        ] GC(1071) Survivor regions: 0->0(4)
[441.985s][info][gc,heap        ] GC(1071) Old regions: 484->484
[441.985s][info][gc,heap        ] GC(1071) Archive regions: 2->2
[441.985s][info][gc,heap        ] GC(1071) Humongous regions: 11->11
[441.985s][info][gc,metaspace   ] GC(1071) Metaspace: 44214K(45776K)->44214K(45776K) NonClass: 38989K(40148K)->38989K(40148K) Class: 5224K(5628K)->5224K(5628K)
[441.985s][info][gc             ] GC(1071) Pause Full (G1 Humongous Allocation) 493M->493M(512M) 352.926ms
[441.986s][info][gc,cpu         ] GC(1071) User=2.55s Sys=0.02s Real=0.36s
[441.986s][info][gc,marking     ] GC(1070) Concurrent Mark From Roots 716.960ms
[441.986s][info][gc,start       ] GC(1072) Pause Young (Normal) (G1 Humongous Allocation)
[441.986s][info][gc,task        ] GC(1072) Using 8 workers of 8 for evacuation
[441.987s][info][gc,phases      ] GC(1072)   Pre Evacuate Collection Set: 0.1ms
[441.987s][info][gc,phases      ] GC(1072)   Merge Heap Roots: 0.0ms
[441.987s][info][gc,phases      ] GC(1072)   Evacuate Collection Set: 0.2ms
[441.987s][info][gc,phases      ] GC(1072)   Post Evacuate Collection Set: 0.2ms
[441.987s][info][gc,phases      ] GC(1072)   Other: 0.1ms
[441.987s][info][gc,heap        ] GC(1072) Eden regions: 1->0(24)
[441.987s][info][gc,heap        ] GC(1072) Survivor regions: 0->1(4)
[441.987s][info][gc,heap        ] GC(1072) Old regions: 484->484
[441.987s][info][gc,heap        ] GC(1072) Archive regions: 2->2
[441.987s][info][gc,heap        ] GC(1072) Humongous regions: 11->11
[441.987s][info][gc,metaspace   ] GC(1072) Metaspace: 44214K(45776K)->44214K(45776K) NonClass: 38989K(40148K)->38989K(40148K) Class: 5224K(5628K)->5224K(5628K)
[441.987s][info][gc             ] GC(1072) Pause Young (Normal) (G1 Humongous Allocation) 493M->493M(512M) 0.688ms
[441.987s][info][gc,cpu         ] GC(1072) User=0.00s Sys=0.00s Real=0.00s
[441.987s][info][gc,task        ] GC(1073) Using 8 workers of 8 for full compaction
[441.987s][info][gc,start       ] GC(1073) Pause Full (G1 Humongous Allocation)
[441.987s][info][gc,phases,start] GC(1073) Phase 1: Mark live objects
[442.265s][info][gc,phases      ] GC(1073) Phase 1: Mark live objects 277.914ms
[442.265s][info][gc,phases,start] GC(1073) Phase 2: Prepare for compaction
[442.306s][info][gc,phases      ] GC(1073) Phase 2: Prepare for compaction 41.280ms
[442.306s][info][gc,phases,start] GC(1073) Phase 3: Adjust pointers
[442.416s][info][gc,phases      ] GC(1073) Phase 3: Adjust pointers 109.191ms
[442.416s][info][gc,phases,start] GC(1073) Phase 4: Compact heap
[442.447s][info][gc,phases      ] GC(1073) Phase 4: Compact heap 31.903ms
[442.452s][info][gc,heap        ] GC(1073) Eden regions: 0->0(25)
[442.452s][info][gc,heap        ] GC(1073) Survivor regions: 1->0(4)
[442.452s][info][gc,heap        ] GC(1073) Old regions: 484->484
[442.452s][info][gc,heap        ] GC(1073) Archive regions: 2->2
[442.452s][info][gc,heap        ] GC(1073) Humongous regions: 11->11
[442.452s][info][gc,metaspace   ] GC(1073) Metaspace: 44214K(45776K)->44214K(45776K) NonClass: 38989K(40148K)->38989K(40148K) Class: 5224K(5628K)->5224K(5628K)
[442.452s][info][gc             ] GC(1073) Pause Full (G1 Humongous Allocation) 493M->493M(512M) 464.998ms
[442.454s][info][gc,cpu         ] GC(1073) User=2.50s Sys=0.05s Real=0.46s
[442.454s][info][gc,task        ] GC(1074) Using 8 workers of 8 for full compaction
[442.454s][info][gc,start       ] GC(1074) Pause Full (G1 Humongous Allocation)
[442.454s][info][gc,phases,start] GC(1074) Phase 1: Mark live objects
[442.680s][info][gc,phases      ] GC(1074) Phase 1: Mark live objects 226.025ms
[442.680s][info][gc,phases,start] GC(1074) Phase 2: Prepare for compaction
[442.711s][info][gc,phases      ] GC(1074) Phase 2: Prepare for compaction 30.813ms
[442.711s][info][gc,phases,start] GC(1074) Phase 3: Adjust pointers
[442.781s][info][gc,phases      ] GC(1074) Phase 3: Adjust pointers 69.990ms
[442.781s][info][gc,phases,start] GC(1074) Phase 4: Compact heap
[442.805s][info][gc,phases      ] GC(1074) Phase 4: Compact heap 24.246ms
[442.810s][info][gc,heap        ] GC(1074) Eden regions: 0->0(25)
[442.810s][info][gc,heap        ] GC(1074) Survivor regions: 0->0(4)
[442.810s][info][gc,heap        ] GC(1074) Old regions: 484->484
[442.810s][info][gc,heap        ] GC(1074) Archive regions: 2->2
[442.810s][info][gc,heap        ] GC(1074) Humongous regions: 11->11
[442.810s][info][gc,metaspace   ] GC(1074) Metaspace: 44214K(45776K)->44214K(45776K) NonClass: 38989K(40148K)->38989K(40148K) Class: 5224K(5628K)->5224K(5628K)
[442.810s][info][gc             ] GC(1074) Pause Full (G1 Humongous Allocation) 493M->493M(512M) 356.044ms
[442.811s][info][gc,cpu         ] GC(1074) User=2.52s Sys=0.03s Real=0.36s
[442.811s][info][gc,marking     ] GC(1070) Concurrent Mark Abort
[442.811s][info][gc             ] GC(1070) Concurrent Cycle 1542.311ms
[442.811s][info][gc,start       ] GC(1075) Pause Young (Normal) (G1 Humongous Allocation)
[442.811s][info][gc,task        ] GC(1075) Using 8 workers of 8 for evacuation
[442.812s][info][gc,phases      ] GC(1075)   Pre Evacuate Collection Set: 0.1ms
[442.812s][info][gc,phases      ] GC(1075)   Merge Heap Roots: 0.1ms
[442.812s][info][gc,phases      ] GC(1075)   Evacuate Collection Set: 0.2ms
[442.812s][info][gc,phases      ] GC(1075)   Post Evacuate Collection Set: 0.2ms
[442.812s][info][gc,phases      ] GC(1075)   Other: 0.1ms
[442.812s][info][gc,heap        ] GC(1075) Eden regions: 1->0(24)
[442.812s][info][gc,heap        ] GC(1075) Survivor regions: 0->1(4)
[442.812s][info][gc,heap        ] GC(1075) Old regions: 484->484
[442.812s][info][gc,heap        ] GC(1075) Archive regions: 2->2
[442.812s][info][gc,heap        ] GC(1075) Humongous regions: 11->11
[442.812s][info][gc,metaspace   ] GC(1075) Metaspace: 44214K(45776K)->44214K(45776K) NonClass: 38989K(40148K)->38989K(40148K) Class: 5224K(5628K)->5224K(5628K)
[442.812s][info][gc             ] GC(1075) Pause Young (Normal) (G1 Humongous Allocation) 493M->493M(512M) 0.687ms
[442.812s][info][gc,cpu         ] GC(1075) User=0.01s Sys=0.00s Real=0.00s
[442.812s][info][gc,task        ] GC(1076) Using 8 workers of 8 for full compaction
[442.812s][info][gc,start       ] GC(1076) Pause Full (G1 Humongous Allocation)
[442.812s][info][gc,phases,start] GC(1076) Phase 1: Mark live objects
[443.044s][info][gc,phases      ] GC(1076) Phase 1: Mark live objects 231.472ms
[443.044s][info][gc,phases,start] GC(1076) Phase 2: Prepare for compaction
[443.074s][info][gc,phases      ] GC(1076) Phase 2: Prepare for compaction 29.974ms
[443.074s][info][gc,phases,start] GC(1076) Phase 3: Adjust pointers
[443.144s][info][gc,phases      ] GC(1076) Phase 3: Adjust pointers 70.792ms
[443.145s][info][gc,phases,start] GC(1076) Phase 4: Compact heap
[443.170s][info][gc,phases      ] GC(1076) Phase 4: Compact heap 25.280ms
[443.174s][info][gc,heap        ] GC(1076) Eden regions: 0->0(25)
[443.174s][info][gc,heap        ] GC(1076) Survivor regions: 1->0(4)
[443.174s][info][gc,heap        ] GC(1076) Old regions: 484->484
[443.174s][info][gc,heap        ] GC(1076) Archive regions: 2->2
[443.174s][info][gc,heap        ] GC(1076) Humongous regions: 11->11
[443.174s][info][gc,metaspace   ] GC(1076) Metaspace: 44214K(45776K)->44214K(45776K) NonClass: 38989K(40148K)->38989K(40148K) Class: 5224K(5628K)->5224K(5628K)
[443.174s][info][gc             ] GC(1076) Pause Full (G1 Humongous Allocation) 493M->493M(512M) 361.997ms
[443.176s][info][gc,cpu         ] GC(1076) User=2.51s Sys=0.03s Real=0.37s
[443.176s][info][gc,task        ] GC(1077) Using 8 workers of 8 for full compaction
[443.176s][info][gc,start       ] GC(1077) Pause Full (G1 Humongous Allocation)
[443.176s][info][gc,phases,start] GC(1077) Phase 1: Mark live objects
[443.395s][info][gc,phases      ] GC(1077) Phase 1: Mark live objects 219.112ms
[443.395s][info][gc,phases,start] GC(1077) Phase 2: Prepare for compaction
[443.425s][info][gc,phases      ] GC(1077) Phase 2: Prepare for compaction 30.248ms
[443.425s][info][gc,phases,start] GC(1077) Phase 3: Adjust pointers
[443.500s][info][gc,phases      ] GC(1077) Phase 3: Adjust pointers 74.442ms
[443.500s][info][gc,phases,start] GC(1077) Phase 4: Compact heap
[443.528s][info][gc,phases      ] GC(1077) Phase 4: Compact heap 28.766ms
[443.533s][info][gc,heap        ] GC(1077) Eden regions: 0->0(25)
[443.533s][info][gc,heap        ] GC(1077) Survivor regions: 0->0(4)
[443.533s][info][gc,heap        ] GC(1077) Old regions: 484->484
[443.533s][info][gc,heap        ] GC(1077) Archive regions: 2->2
[443.533s][info][gc,heap        ] GC(1077) Humongous regions: 11->11
[443.533s][info][gc,metaspace   ] GC(1077) Metaspace: 44214K(45776K)->44214K(45776K) NonClass: 38989K(40148K)->38989K(40148K) Class: 5224K(5628K)->5224K(5628K)
[443.533s][info][gc             ] GC(1077) Pause Full (G1 Humongous Allocation) 493M->493M(512M) 357.155ms
[443.535s][info][gc,cpu         ] GC(1077) User=2.45s Sys=0.03s Real=0.35s
[443.535s][info][gc,start       ] GC(1078) Pause Young (Concurrent Start) (G1 Humongous Allocation)
[443.535s][info][gc,task        ] GC(1078) Using 8 workers of 8 for evacuation
[443.536s][info][gc,phases      ] GC(1078)   Pre Evacuate Collection Set: 0.1ms
[443.536s][info][gc,phases      ] GC(1078)   Merge Heap Roots: 0.0ms
[443.536s][info][gc,phases      ] GC(1078)   Evacuate Collection Set: 0.5ms
[443.536s][info][gc,phases      ] GC(1078)   Post Evacuate Collection Set: 0.2ms
[443.536s][info][gc,phases      ] GC(1078)   Other: 0.1ms
[443.536s][info][gc,heap        ] GC(1078) Eden regions: 0->0(25)
[443.536s][info][gc,heap        ] GC(1078) Survivor regions: 0->0(4)
[443.536s][info][gc,heap        ] GC(1078) Old regions: 484->484
[443.536s][info][gc,heap        ] GC(1078) Archive regions: 2->2
[443.536s][info][gc,heap        ] GC(1078) Humongous regions: 11->11
[443.536s][info][gc,metaspace   ] GC(1078) Metaspace: 44214K(45776K)->44214K(45776K) NonClass: 38990K(40148K)->38990K(40148K) Class: 5224K(5628K)->5224K(5628K)
[443.536s][info][gc             ] GC(1078) Pause Young (Concurrent Start) (G1 Humongous Allocation) 493M->493M(512M) 1.031ms
[443.536s][info][gc,cpu         ] GC(1078) User=0.01s Sys=0.00s Real=0.00s
[443.536s][info][gc             ] GC(1079) Concurrent Cycle
[443.536s][info][gc,marking     ] GC(1079) Concurrent Clear Claimed Marks
[443.536s][info][gc,marking     ] GC(1079) Concurrent Clear Claimed Marks 0.022ms
[443.536s][info][gc,marking     ] GC(1079) Concurrent Scan Root Regions
[443.536s][info][gc,marking     ] GC(1079) Concurrent Scan Root Regions 0.025ms
[443.536s][info][gc,marking     ] GC(1079) Concurrent Mark (443.536s)
[443.536s][info][gc,marking     ] GC(1079) Concurrent Mark From Roots
[443.536s][info][gc,task        ] GC(1079) Using 2 workers of 2 for marking
[443.536s][info][gc,start       ] GC(1080) Pause Young (Normal) (G1 Humongous Allocation)
[443.536s][info][gc,task        ] GC(1080) Using 8 workers of 8 for evacuation
[443.537s][info][gc,phases      ] GC(1080)   Pre Evacuate Collection Set: 0.1ms
[443.537s][info][gc,phases      ] GC(1080)   Merge Heap Roots: 0.0ms
[443.537s][info][gc,phases      ] GC(1080)   Evacuate Collection Set: 0.2ms
[443.537s][info][gc,phases      ] GC(1080)   Post Evacuate Collection Set: 0.2ms
[443.537s][info][gc,phases      ] GC(1080)   Other: 0.1ms
[443.537s][info][gc,heap        ] GC(1080) Eden regions: 1->0(24)
[443.537s][info][gc,heap        ] GC(1080) Survivor regions: 0->1(4)
[443.537s][info][gc,heap        ] GC(1080) Old regions: 484->484
[443.537s][info][gc,heap        ] GC(1080) Archive regions: 2->2
[443.537s][info][gc,heap        ] GC(1080) Humongous regions: 11->11
[443.537s][info][gc,metaspace   ] GC(1080) Metaspace: 44214K(45776K)->44214K(45776K) NonClass: 38990K(40148K)->38990K(40148K) Class: 5224K(5628K)->5224K(5628K)
[443.537s][info][gc             ] GC(1080) Pause Young (Normal) (G1 Humongous Allocation) 493M->493M(512M) 0.647ms
[443.537s][info][gc,cpu         ] GC(1080) User=0.00s Sys=0.00s Real=0.00s
[443.537s][info][gc,task        ] GC(1081) Using 8 workers of 8 for full compaction
[443.537s][info][gc,start       ] GC(1081) Pause Full (G1 Humongous Allocation)
[443.537s][info][gc,phases,start] GC(1081) Phase 1: Mark live objects
[443.755s][info][gc,phases      ] GC(1081) Phase 1: Mark live objects 217.320ms
[443.755s][info][gc,phases,start] GC(1081) Phase 2: Prepare for compaction
[443.782s][info][gc,phases      ] GC(1081) Phase 2: Prepare for compaction 26.773ms
[443.782s][info][gc,phases,start] GC(1081) Phase 3: Adjust pointers
[443.851s][info][gc,phases      ] GC(1081) Phase 3: Adjust pointers 69.593ms
[443.851s][info][gc,phases,start] GC(1081) Phase 4: Compact heap
[443.876s][info][gc,phases      ] GC(1081) Phase 4: Compact heap 25.013ms
[443.880s][info][gc,heap        ] GC(1081) Eden regions: 0->0(25)
[443.880s][info][gc,heap        ] GC(1081) Survivor regions: 1->0(4)
[443.880s][info][gc,heap        ] GC(1081) Old regions: 484->484
[443.880s][info][gc,heap        ] GC(1081) Archive regions: 2->2
[443.880s][info][gc,heap        ] GC(1081) Humongous regions: 11->11
[443.880s][info][gc,metaspace   ] GC(1081) Metaspace: 44214K(45776K)->44214K(45776K) NonClass: 38990K(40148K)->38990K(40148K) Class: 5224K(5628K)->5224K(5628K)
[443.880s][info][gc             ] GC(1081) Pause Full (G1 Humongous Allocation) 493M->493M(512M) 343.619ms
[443.882s][info][gc,cpu         ] GC(1081) User=2.49s Sys=0.03s Real=0.34s
[443.882s][info][gc,task        ] GC(1082) Using 8 workers of 8 for full compaction
[443.882s][info][gc,start       ] GC(1082) Pause Full (G1 Humongous Allocation)
[443.882s][info][gc,phases,start] GC(1082) Phase 1: Mark live objects
[444.102s][info][gc,phases      ] GC(1082) Phase 1: Mark live objects 220.200ms
[444.102s][info][gc,phases,start] GC(1082) Phase 2: Prepare for compaction
[444.131s][info][gc,phases      ] GC(1082) Phase 2: Prepare for compaction 29.272ms
[444.131s][info][gc,phases,start] GC(1082) Phase 3: Adjust pointers
[444.199s][info][gc,phases      ] GC(1082) Phase 3: Adjust pointers 67.517ms
[444.199s][info][gc,phases,start] GC(1082) Phase 4: Compact heap
[444.224s][info][gc,phases      ] GC(1082) Phase 4: Compact heap 25.443ms
[444.228s][info][gc,heap        ] GC(1082) Eden regions: 0->0(25)
[444.229s][info][gc,heap        ] GC(1082) Survivor regions: 0->0(4)
[444.229s][info][gc,heap        ] GC(1082) Old regions: 484->484
[444.229s][info][gc,heap        ] GC(1082) Archive regions: 2->2
[444.229s][info][gc,heap        ] GC(1082) Humongous regions: 11->11
[444.229s][info][gc,metaspace   ] GC(1082) Metaspace: 44214K(45776K)->44214K(45776K) NonClass: 38990K(40148K)->38990K(40148K) Class: 5224K(5628K)->5224K(5628K)
[444.229s][info][gc             ] GC(1082) Pause Full (G1 Humongous Allocation) 493M->493M(512M) 346.869ms
[444.230s][info][gc,cpu         ] GC(1082) User=2.44s Sys=0.02s Real=0.35s
[444.230s][info][gc,marking     ] GC(1079) Concurrent Mark From Roots 694.087ms
[444.230s][info][gc,marking     ] GC(1079) Concurrent Mark Abort
[444.230s][info][gc             ] GC(1079) Concurrent Cycle 694.246ms
[444.230s][info][gc,start       ] GC(1083) Pause Young (Concurrent Start) (G1 Humongous Allocation)
[444.230s][info][gc,task        ] GC(1083) Using 8 workers of 8 for evacuation
[444.231s][info][gc,phases      ] GC(1083)   Pre Evacuate Collection Set: 0.1ms
[444.231s][info][gc,phases      ] GC(1083)   Merge Heap Roots: 0.0ms
[444.231s][info][gc,phases      ] GC(1083)   Evacuate Collection Set: 0.6ms
[444.231s][info][gc,phases      ] GC(1083)   Post Evacuate Collection Set: 0.2ms
[444.231s][info][gc,phases      ] GC(1083)   Other: 0.1ms
[444.231s][info][gc,heap        ] GC(1083) Eden regions: 1->0(24)
[444.231s][info][gc,heap        ] GC(1083) Survivor regions: 0->1(4)
[444.231s][info][gc,heap        ] GC(1083) Old regions: 484->484
[444.231s][info][gc,heap        ] GC(1083) Archive regions: 2->2
[444.231s][info][gc,heap        ] GC(1083) Humongous regions: 11->11
[444.231s][info][gc,metaspace   ] GC(1083) Metaspace: 44214K(45776K)->44214K(45776K) NonClass: 38990K(40148K)->38990K(40148K) Class: 5224K(5628K)->5224K(5628K)
[444.231s][info][gc             ] GC(1083) Pause Young (Concurrent Start) (G1 Humongous Allocation) 493M->493M(512M) 1.073ms
[444.231s][info][gc,cpu         ] GC(1083) User=0.00s Sys=0.00s Real=0.00s
[444.231s][info][gc             ] GC(1084) Concurrent Cycle
[444.231s][info][gc,marking     ] GC(1084) Concurrent Clear Claimed Marks
[444.232s][info][gc,marking     ] GC(1084) Concurrent Clear Claimed Marks 0.024ms
[444.232s][info][gc,marking     ] GC(1084) Concurrent Scan Root Regions
[444.232s][info][gc,marking     ] GC(1084) Concurrent Scan Root Regions 0.519ms
[444.232s][info][gc,marking     ] GC(1084) Concurrent Mark (444.232s)
[444.232s][info][gc,marking     ] GC(1084) Concurrent Mark From Roots
[444.232s][info][gc,task        ] GC(1084) Using 2 workers of 2 for marking
[444.232s][info][gc,start       ] GC(1085) Pause Young (Normal) (G1 Humongous Allocation)
[444.232s][info][gc,task        ] GC(1085) Using 8 workers of 8 for evacuation
[444.233s][info][gc,phases      ] GC(1085)   Pre Evacuate Collection Set: 0.5ms
[444.233s][info][gc,phases      ] GC(1085)   Merge Heap Roots: 0.0ms
[444.233s][info][gc,phases      ] GC(1085)   Evacuate Collection Set: 0.2ms
[444.233s][info][gc,phases      ] GC(1085)   Post Evacuate Collection Set: 0.2ms
[444.233s][info][gc,phases      ] GC(1085)   Other: 0.1ms
[444.233s][info][gc,heap        ] GC(1085) Eden regions: 0->0(24)
[444.233s][info][gc,heap        ] GC(1085) Survivor regions: 1->1(4)
[444.233s][info][gc,heap        ] GC(1085) Old regions: 484->484
[444.233s][info][gc,heap        ] GC(1085) Archive regions: 2->2
[444.233s][info][gc,heap        ] GC(1085) Humongous regions: 11->11
[444.233s][info][gc,metaspace   ] GC(1085) Metaspace: 44214K(45776K)->44214K(45776K) NonClass: 38990K(40148K)->38990K(40148K) Class: 5224K(5628K)->5224K(5628K)
[444.233s][info][gc             ] GC(1085) Pause Young (Normal) (G1 Humongous Allocation) 493M->493M(512M) 0.639ms
[444.233s][info][gc,cpu         ] GC(1085) User=0.00s Sys=0.00s Real=0.00s
[444.233s][info][gc,task        ] GC(1086) Using 8 workers of 8 for full compaction
[444.233s][info][gc,start       ] GC(1086) Pause Full (G1 Humongous Allocation)
[444.233s][info][gc,phases,start] GC(1086) Phase 1: Mark live objects
[444.455s][info][gc,phases      ] GC(1086) Phase 1: Mark live objects 221.128ms
[444.455s][info][gc,phases,start] GC(1086) Phase 2: Prepare for compaction
[444.484s][info][gc,phases      ] GC(1086) Phase 2: Prepare for compaction 29.275ms
[444.484s][info][gc,phases,start] GC(1086) Phase 3: Adjust pointers
[444.551s][info][gc,phases      ] GC(1086) Phase 3: Adjust pointers 66.920ms
[444.551s][info][gc,phases,start] GC(1086) Phase 4: Compact heap
[444.577s][info][gc,phases      ] GC(1086) Phase 4: Compact heap 26.514ms
[444.582s][info][gc,heap        ] GC(1086) Eden regions: 0->0(25)
[444.582s][info][gc,heap        ] GC(1086) Survivor regions: 1->0(4)
[444.582s][info][gc,heap        ] GC(1086) Old regions: 484->484
[444.582s][info][gc,heap        ] GC(1086) Archive regions: 2->2
[444.582s][info][gc,heap        ] GC(1086) Humongous regions: 11->11
[444.582s][info][gc,metaspace   ] GC(1086) Metaspace: 44214K(45776K)->44214K(45776K) NonClass: 38990K(40148K)->38990K(40148K) Class: 5224K(5628K)->5224K(5628K)
[444.582s][info][gc             ] GC(1086) Pause Full (G1 Humongous Allocation) 493M->493M(512M) 348.839ms
[444.584s][info][gc,cpu         ] GC(1086) User=2.47s Sys=0.04s Real=0.35s
[444.584s][info][gc,task        ] GC(1087) Using 8 workers of 8 for full compaction
[444.584s][info][gc,start       ] GC(1087) Pause Full (G1 Humongous Allocation)
[444.584s][info][gc,phases,start] GC(1087) Phase 1: Mark live objects
[444.802s][info][gc,phases      ] GC(1087) Phase 1: Mark live objects 218.051ms
[444.802s][info][gc,phases,start] GC(1087) Phase 2: Prepare for compaction
[444.829s][info][gc,phases      ] GC(1087) Phase 2: Prepare for compaction 27.705ms
[444.829s][info][gc,phases,start] GC(1087) Phase 3: Adjust pointers
[444.901s][info][gc,phases      ] GC(1087) Phase 3: Adjust pointers 71.956ms
[444.901s][info][gc,phases,start] GC(1087) Phase 4: Compact heap
[444.925s][info][gc,phases      ] GC(1087) Phase 4: Compact heap 23.514ms
[444.929s][info][gc,heap        ] GC(1087) Eden regions: 0->0(25)
[444.929s][info][gc,heap        ] GC(1087) Survivor regions: 0->0(4)
[444.929s][info][gc,heap        ] GC(1087) Old regions: 484->484
[444.929s][info][gc,heap        ] GC(1087) Archive regions: 2->2
[444.929s][info][gc,heap        ] GC(1087) Humongous regions: 11->11
[444.929s][info][gc,metaspace   ] GC(1087) Metaspace: 44214K(45776K)->44214K(45776K) NonClass: 38990K(40148K)->38990K(40148K) Class: 5224K(5628K)->5224K(5628K)
[444.929s][info][gc             ] GC(1087) Pause Full (G1 Humongous Allocation) 493M->493M(512M) 345.694ms
[444.931s][info][gc,cpu         ] GC(1087) User=2.45s Sys=0.02s Real=0.35s
[444.931s][info][gc,marking     ] GC(1084) Concurrent Mark From Roots 699.190ms
[444.931s][info][gc,marking     ] GC(1084) Concurrent Mark Abort
[444.931s][info][gc             ] GC(1084) Concurrent Cycle 699.840ms
[444.932s][info][gc,start       ] GC(1088) Pause Young (Normal) (G1 Humongous Allocation)
[444.932s][info][gc,task        ] GC(1088) Using 8 workers of 8 for evacuation
[444.932s][info][gc,phases      ] GC(1088)   Pre Evacuate Collection Set: 0.1ms
[444.932s][info][gc,phases      ] GC(1088)   Merge Heap Roots: 0.0ms
[444.932s][info][gc,phases      ] GC(1088)   Evacuate Collection Set: 0.3ms
[444.932s][info][gc,phases      ] GC(1088)   Post Evacuate Collection Set: 0.3ms
[444.932s][info][gc,phases      ] GC(1088)   Other: 0.1ms
[444.932s][info][gc,heap        ] GC(1088) Eden regions: 1->0(24)
[444.932s][info][gc,heap        ] GC(1088) Survivor regions: 0->1(4)
[444.932s][info][gc,heap        ] GC(1088) Old regions: 484->484
[444.933s][info][gc,heap        ] GC(1088) Archive regions: 2->2
[444.933s][info][gc,heap        ] GC(1088) Humongous regions: 11->11
[444.933s][info][gc,metaspace   ] GC(1088) Metaspace: 44215K(45776K)->44215K(45776K) NonClass: 38990K(40148K)->38990K(40148K) Class: 5224K(5628K)->5224K(5628K)
[444.933s][info][gc             ] GC(1088) Pause Young (Normal) (G1 Humongous Allocation) 494M->493M(512M) 0.895ms
[444.933s][info][gc,cpu         ] GC(1088) User=0.00s Sys=0.01s Real=0.00s
[444.933s][info][gc,task        ] GC(1089) Using 8 workers of 8 for full compaction
[444.933s][info][gc,start       ] GC(1089) Pause Full (G1 Humongous Allocation)
[444.933s][info][gc,phases,start] GC(1089) Phase 1: Mark live objects
[445.157s][info][gc,phases      ] GC(1089) Phase 1: Mark live objects 224.369ms
[445.157s][info][gc,phases,start] GC(1089) Phase 2: Prepare for compaction
[445.187s][info][gc,phases      ] GC(1089) Phase 2: Prepare for compaction 30.326ms
[445.187s][info][gc,phases,start] GC(1089) Phase 3: Adjust pointers
[445.255s][info][gc,phases      ] GC(1089) Phase 3: Adjust pointers 67.994ms
[445.255s][info][gc,phases,start] GC(1089) Phase 4: Compact heap
[445.278s][info][gc,phases      ] GC(1089) Phase 4: Compact heap 22.756ms
[445.283s][info][gc,heap        ] GC(1089) Eden regions: 0->0(25)
[445.283s][info][gc,heap        ] GC(1089) Survivor regions: 1->0(4)
[445.283s][info][gc,heap        ] GC(1089) Old regions: 484->483
[445.283s][info][gc,heap        ] GC(1089) Archive regions: 2->2
[445.283s][info][gc,heap        ] GC(1089) Humongous regions: 11->11
[445.283s][info][gc,metaspace   ] GC(1089) Metaspace: 44215K(45776K)->44215K(45776K) NonClass: 38990K(40148K)->38990K(40148K) Class: 5224K(5628K)->5224K(5628K)
[445.283s][info][gc             ] GC(1089) Pause Full (G1 Humongous Allocation) 493M->493M(512M) 350.414ms
[445.285s][info][gc,cpu         ] GC(1089) User=2.47s Sys=0.02s Real=0.35s
[445.286s][info][gc,start       ] GC(1090) Pause Young (Concurrent Start) (G1 Evacuation Pause)
[445.286s][info][gc,task        ] GC(1090) Using 8 workers of 8 for evacuation
[445.286s][info][gc,phases      ] GC(1090)   Pre Evacuate Collection Set: 0.1ms
[445.287s][info][gc,phases      ] GC(1090)   Merge Heap Roots: 0.0ms
[445.287s][info][gc,phases      ] GC(1090)   Evacuate Collection Set: 0.6ms
[445.287s][info][gc,phases      ] GC(1090)   Post Evacuate Collection Set: 0.2ms
[445.287s][info][gc,phases      ] GC(1090)   Other: 0.2ms
[445.287s][info][gc,heap        ] GC(1090) Eden regions: 0->0(25)
[445.287s][info][gc,heap        ] GC(1090) Survivor regions: 0->0(0)
[445.287s][info][gc,heap        ] GC(1090) Old regions: 483->483
[445.287s][info][gc,heap        ] GC(1090) Archive regions: 2->2
[445.287s][info][gc,heap        ] GC(1090) Humongous regions: 27->27
[445.287s][info][gc,metaspace   ] GC(1090) Metaspace: 44215K(45776K)->44215K(45776K) NonClass: 38991K(40148K)->38991K(40148K) Class: 5224K(5628K)->5224K(5628K)
[445.287s][info][gc             ] GC(1090) Pause Young (Concurrent Start) (G1 Evacuation Pause) 509M->509M(512M) 1.085ms
[445.287s][info][gc,cpu         ] GC(1090) User=0.00s Sys=0.00s Real=0.00s
[445.287s][info][gc,ergo        ] Attempting maximally compacting collection
[445.287s][info][gc,task        ] GC(1091) Using 8 workers of 8 for full compaction
[445.287s][info][gc,start       ] GC(1091) Pause Full (G1 Evacuation Pause)
[445.287s][info][gc             ] GC(1092) Concurrent Cycle
[445.287s][info][gc,marking     ] GC(1092) Concurrent Clear Claimed Marks
[445.287s][info][gc,marking     ] GC(1092) Concurrent Clear Claimed Marks 0.068ms
[445.287s][info][gc,marking     ] GC(1092) Concurrent Scan Root Regions
[445.287s][info][gc,marking     ] GC(1092) Concurrent Scan Root Regions 0.029ms
[445.287s][info][gc,marking     ] GC(1092) Concurrent Mark (445.287s)
[445.287s][info][gc,marking     ] GC(1092) Concurrent Mark From Roots
[445.287s][info][gc,task        ] GC(1092) Using 2 workers of 2 for marking
[445.287s][info][gc,phases,start] GC(1091) Phase 1: Mark live objects
[445.509s][info][gc,phases      ] GC(1091) Phase 1: Mark live objects 221.938ms
[445.509s][info][gc,phases,start] GC(1091) Phase 2: Prepare for compaction
[445.541s][info][gc,phases      ] GC(1091) Phase 2: Prepare for compaction 32.136ms
[445.542s][info][gc,phases,start] GC(1091) Phase 3: Adjust pointers
[445.625s][info][gc,phases      ] GC(1091) Phase 3: Adjust pointers 83.102ms
[445.625s][info][gc,phases,start] GC(1091) Phase 4: Compact heap
[445.653s][info][gc,phases      ] GC(1091) Phase 4: Compact heap 28.742ms
[445.658s][info][gc,heap        ] GC(1091) Eden regions: 0->0(25)
[445.658s][info][gc,heap        ] GC(1091) Survivor regions: 0->0(0)
[445.658s][info][gc,heap        ] GC(1091) Old regions: 483->482
[445.658s][info][gc,heap        ] GC(1091) Archive regions: 2->2
[445.658s][info][gc,heap        ] GC(1091) Humongous regions: 27->27
[445.658s][info][gc,metaspace   ] GC(1091) Metaspace: 44215K(45776K)->44215K(45776K) NonClass: 38991K(40148K)->38991K(40148K) Class: 5224K(5628K)->5224K(5628K)
[445.658s][info][gc             ] GC(1091) Pause Full (G1 Evacuation Pause) 509M->509M(512M) 371.067ms
[445.659s][info][gc,cpu         ] GC(1091) User=2.57s Sys=0.03s Real=0.37s
[445.660s][info][gc,marking     ] GC(1092) Concurrent Mark From Roots 372.657ms
[445.660s][info][gc,marking     ] GC(1092) Concurrent Mark Abort
[445.660s][info][gc             ] GC(1092) Concurrent Cycle 372.954ms
[445.662s][info][gc,start       ] GC(1093) Pause Young (Concurrent Start) (G1 Humongous Allocation)
[445.662s][info][gc,task        ] GC(1093) Using 8 workers of 8 for evacuation
[445.669s][info][gc             ] GC(1093) To-space exhausted
[445.669s][info][gc,phases      ] GC(1093)   Pre Evacuate Collection Set: 0.3ms
[445.669s][info][gc,phases      ] GC(1093)   Merge Heap Roots: 0.2ms
[445.669s][info][gc,phases      ] GC(1093)   Evacuate Collection Set: 5.7ms
[445.669s][info][gc,phases      ] GC(1093)   Post Evacuate Collection Set: 0.2ms
[445.669s][info][gc,phases      ] GC(1093)   Other: 0.3ms
[445.669s][info][gc,heap        ] GC(1093) Eden regions: 1->0(25)
[445.669s][info][gc,heap        ] GC(1093) Survivor regions: 0->0(0)
[445.669s][info][gc,heap        ] GC(1093) Old regions: 482->483
[445.669s][info][gc,heap        ] GC(1093) Archive regions: 2->2
[445.669s][info][gc,heap        ] GC(1093) Humongous regions: 27->27
[445.669s][info][gc,metaspace   ] GC(1093) Metaspace: 44215K(45776K)->44215K(45776K) NonClass: 38991K(40148K)->38991K(40148K) Class: 5224K(5628K)->5224K(5628K)
[445.669s][info][gc             ] GC(1093) Pause Young (Concurrent Start) (G1 Humongous Allocation) 510M->510M(512M) 6.716ms
[445.669s][info][gc,cpu         ] GC(1093) User=0.03s Sys=0.00s Real=0.01s
[445.669s][info][gc             ] GC(1094) Concurrent Cycle
[445.669s][info][gc,marking     ] GC(1094) Concurrent Clear Claimed Marks
[445.669s][info][gc,marking     ] GC(1094) Concurrent Clear Claimed Marks 0.032ms
[445.669s][info][gc,marking     ] GC(1094) Concurrent Scan Root Regions
[445.669s][info][gc,marking     ] GC(1094) Concurrent Scan Root Regions 0.037ms
[445.669s][info][gc,marking     ] GC(1094) Concurrent Mark (445.669s)
[445.669s][info][gc,marking     ] GC(1094) Concurrent Mark From Roots
[445.669s][info][gc,task        ] GC(1094) Using 2 workers of 2 for marking
[445.669s][info][gc,start       ] GC(1095) Pause Young (Normal) (G1 Humongous Allocation)
[445.669s][info][gc,task        ] GC(1095) Using 8 workers of 8 for evacuation
[445.670s][info][gc,phases      ] GC(1095)   Pre Evacuate Collection Set: 0.1ms
[445.670s][info][gc,phases      ] GC(1095)   Merge Heap Roots: 0.0ms
[445.670s][info][gc,phases      ] GC(1095)   Evacuate Collection Set: 0.2ms
[445.670s][info][gc,phases      ] GC(1095)   Post Evacuate Collection Set: 0.1ms
[445.670s][info][gc,phases      ] GC(1095)   Other: 0.1ms
[445.670s][info][gc,heap        ] GC(1095) Eden regions: 0->0(25)
[445.670s][info][gc,heap        ] GC(1095) Survivor regions: 0->0(0)
[445.670s][info][gc,heap        ] GC(1095) Old regions: 483->483
[445.670s][info][gc,heap        ] GC(1095) Archive regions: 2->2
[445.670s][info][gc,heap        ] GC(1095) Humongous regions: 27->27
[445.670s][info][gc,metaspace   ] GC(1095) Metaspace: 44215K(45776K)->44215K(45776K) NonClass: 38991K(40148K)->38991K(40148K) Class: 5224K(5628K)->5224K(5628K)
[445.670s][info][gc             ] GC(1095) Pause Young (Normal) (G1 Humongous Allocation) 510M->510M(512M) 0.593ms
[445.670s][info][gc,cpu         ] GC(1095) User=0.00s Sys=0.00s Real=0.00s
[445.670s][info][gc,task        ] GC(1096) Using 8 workers of 8 for full compaction
[445.670s][info][gc,start       ] GC(1096) Pause Full (G1 Humongous Allocation)
[445.670s][info][gc,phases,start] GC(1096) Phase 1: Mark live objects
[445.895s][info][gc,phases      ] GC(1096) Phase 1: Mark live objects 224.743ms
[445.895s][info][gc,phases,start] GC(1096) Phase 2: Prepare for compaction
[445.925s][info][gc,phases      ] GC(1096) Phase 2: Prepare for compaction 29.346ms
[445.925s][info][gc,phases,start] GC(1096) Phase 3: Adjust pointers
[446.011s][info][gc,phases      ] GC(1096) Phase 3: Adjust pointers 86.207ms
[446.011s][info][gc,phases,start] GC(1096) Phase 4: Compact heap
[446.036s][info][gc,phases      ] GC(1096) Phase 4: Compact heap 25.341ms
[446.040s][info][gc,heap        ] GC(1096) Eden regions: 0->0(25)
[446.040s][info][gc,heap        ] GC(1096) Survivor regions: 0->0(0)
[446.040s][info][gc,heap        ] GC(1096) Old regions: 483->482
[446.040s][info][gc,heap        ] GC(1096) Archive regions: 2->2
[446.040s][info][gc,heap        ] GC(1096) Humongous regions: 27->27
[446.040s][info][gc,metaspace   ] GC(1096) Metaspace: 44215K(45776K)->44215K(45776K) NonClass: 38991K(40148K)->38991K(40148K) Class: 5224K(5628K)->5224K(5628K)
[446.040s][info][gc             ] GC(1096) Pause Full (G1 Humongous Allocation) 510M->509M(512M) 370.562ms
[446.042s][info][gc,cpu         ] GC(1096) User=2.61s Sys=0.04s Real=0.37s
[446.042s][info][gc,task        ] GC(1097) Using 8 workers of 8 for full compaction
[446.042s][info][gc,start       ] GC(1097) Pause Full (G1 Humongous Allocation)
[446.042s][info][gc,phases,start] GC(1097) Phase 1: Mark live objects
[446.266s][info][gc,phases      ] GC(1097) Phase 1: Mark live objects 224.700ms
[446.266s][info][gc,phases,start] GC(1097) Phase 2: Prepare for compaction
[446.296s][info][gc,phases      ] GC(1097) Phase 2: Prepare for compaction 29.357ms
[446.296s][info][gc,phases,start] GC(1097) Phase 3: Adjust pointers
[446.422s][info][gc,phases      ] GC(1097) Phase 3: Adjust pointers 126.448ms
[446.422s][info][gc,phases,start] GC(1097) Phase 4: Compact heap
[446.463s][info][gc,phases      ] GC(1097) Phase 4: Compact heap 40.314ms
[446.467s][info][gc,heap        ] GC(1097) Eden regions: 0->0(25)
[446.467s][info][gc,heap        ] GC(1097) Survivor regions: 0->0(0)
[446.467s][info][gc,heap        ] GC(1097) Old regions: 482->482
[446.467s][info][gc,heap        ] GC(1097) Archive regions: 2->2
[446.467s][info][gc,heap        ] GC(1097) Humongous regions: 27->27
[446.467s][info][gc,metaspace   ] GC(1097) Metaspace: 44215K(45776K)->44215K(45776K) NonClass: 38991K(40148K)->38991K(40148K) Class: 5224K(5628K)->5224K(5628K)
[446.467s][info][gc             ] GC(1097) Pause Full (G1 Humongous Allocation) 509M->509M(512M) 425.901ms
[446.469s][info][gc,cpu         ] GC(1097) User=2.61s Sys=0.03s Real=0.43s
[446.469s][info][gc,marking     ] GC(1094) Concurrent Mark From Roots 800.073ms
[446.469s][info][gc,marking     ] GC(1094) Concurrent Mark Abort
[446.469s][info][gc             ] GC(1094) Concurrent Cycle 800.268ms
[446.470s][info][gc,start       ] GC(1098) Pause Young (Normal) (G1 Humongous Allocation)
[446.470s][info][gc,task        ] GC(1098) Using 8 workers of 8 for evacuation
[446.470s][info][gc             ] GC(1098) To-space exhausted
[446.470s][info][gc,phases      ] GC(1098)   Pre Evacuate Collection Set: 0.1ms
[446.470s][info][gc,phases      ] GC(1098)   Merge Heap Roots: 0.0ms
[446.470s][info][gc,phases      ] GC(1098)   Evacuate Collection Set: 0.4ms
[446.470s][info][gc,phases      ] GC(1098)   Post Evacuate Collection Set: 0.2ms
[446.470s][info][gc,phases      ] GC(1098)   Other: 0.1ms
[446.470s][info][gc,heap        ] GC(1098) Eden regions: 1->0(25)
[446.470s][info][gc,heap        ] GC(1098) Survivor regions: 0->0(0)
[446.470s][info][gc,heap        ] GC(1098) Old regions: 482->483
[446.470s][info][gc,heap        ] GC(1098) Archive regions: 2->2
[446.470s][info][gc,heap        ] GC(1098) Humongous regions: 27->27
[446.470s][info][gc,metaspace   ] GC(1098) Metaspace: 44216K(45776K)->44216K(45776K) NonClass: 38991K(40148K)->38991K(40148K) Class: 5224K(5628K)->5224K(5628K)
[446.470s][info][gc             ] GC(1098) Pause Young (Normal) (G1 Humongous Allocation) 510M->510M(512M) 0.943ms
[446.470s][info][gc,cpu         ] GC(1098) User=0.00s Sys=0.00s Real=0.00s
[446.470s][info][gc,task        ] GC(1099) Using 8 workers of 8 for full compaction
[446.471s][info][gc,start       ] GC(1099) Pause Full (G1 Humongous Allocation)
[446.471s][info][gc,phases,start] GC(1099) Phase 1: Mark live objects
[446.729s][info][gc,phases      ] GC(1099) Phase 1: Mark live objects 258.193ms
[446.729s][info][gc,phases,start] GC(1099) Phase 2: Prepare for compaction
[446.769s][info][gc,phases      ] GC(1099) Phase 2: Prepare for compaction 40.077ms
[446.769s][info][gc,phases,start] GC(1099) Phase 3: Adjust pointers
[446.866s][info][gc,phases      ] GC(1099) Phase 3: Adjust pointers 97.389ms
[446.866s][info][gc,phases,start] GC(1099) Phase 4: Compact heap
[446.905s][info][gc,phases      ] GC(1099) Phase 4: Compact heap 38.722ms
[446.909s][info][gc,heap        ] GC(1099) Eden regions: 0->0(25)
[446.909s][info][gc,heap        ] GC(1099) Survivor regions: 0->0(0)
[446.909s][info][gc,heap        ] GC(1099) Old regions: 483->482
[446.909s][info][gc,heap        ] GC(1099) Archive regions: 2->2
[446.909s][info][gc,heap        ] GC(1099) Humongous regions: 27->27
[446.909s][info][gc,metaspace   ] GC(1099) Metaspace: 44216K(45776K)->44216K(45776K) NonClass: 38991K(40148K)->38991K(40148K) Class: 5224K(5628K)->5224K(5628K)
[446.909s][info][gc             ] GC(1099) Pause Full (G1 Humongous Allocation) 510M->509M(512M) 438.853ms
[446.911s][info][gc,cpu         ] GC(1099) User=2.76s Sys=0.02s Real=0.44s
[446.911s][info][gc,task        ] GC(1100) Using 8 workers of 8 for full compaction
[446.911s][info][gc,start       ] GC(1100) Pause Full (G1 Humongous Allocation)
[446.911s][info][gc,phases,start] GC(1100) Phase 1: Mark live objects
[447.162s][info][gc,phases      ] GC(1100) Phase 1: Mark live objects 250.453ms
[447.162s][info][gc,phases,start] GC(1100) Phase 2: Prepare for compaction
[447.201s][info][gc,phases      ] GC(1100) Phase 2: Prepare for compaction 39.651ms
[447.201s][info][gc,phases,start] GC(1100) Phase 3: Adjust pointers
[447.324s][info][gc,phases      ] GC(1100) Phase 3: Adjust pointers 122.070ms
[447.324s][info][gc,phases,start] GC(1100) Phase 4: Compact heap
[447.369s][info][gc,phases      ] GC(1100) Phase 4: Compact heap 45.635ms
[447.374s][info][gc,heap        ] GC(1100) Eden regions: 0->0(25)
[447.374s][info][gc,heap        ] GC(1100) Survivor regions: 0->0(0)
[447.374s][info][gc,heap        ] GC(1100) Old regions: 482->482
[447.374s][info][gc,heap        ] GC(1100) Archive regions: 2->2
[447.374s][info][gc,heap        ] GC(1100) Humongous regions: 27->27
[447.374s][info][gc,metaspace   ] GC(1100) Metaspace: 44216K(45776K)->44216K(45776K) NonClass: 38991K(40148K)->38991K(40148K) Class: 5224K(5628K)->5224K(5628K)
[447.374s][info][gc             ] GC(1100) Pause Full (G1 Humongous Allocation) 509M->509M(512M) 462.614ms
[447.376s][info][gc,cpu         ] GC(1100) User=2.57s Sys=0.04s Real=0.47s
[447.378s][info][gc,start       ] GC(1101) Pause Young (Concurrent Start) (G1 Humongous Allocation)
[447.378s][info][gc,task        ] GC(1101) Using 8 workers of 8 for evacuation
[447.384s][info][gc             ] GC(1101) To-space exhausted
[447.384s][info][gc,phases      ] GC(1101)   Pre Evacuate Collection Set: 0.7ms
[447.384s][info][gc,phases      ] GC(1101)   Merge Heap Roots: 0.1ms
[447.384s][info][gc,phases      ] GC(1101)   Evacuate Collection Set: 3.6ms
[447.384s][info][gc,phases      ] GC(1101)   Post Evacuate Collection Set: 0.9ms
[447.384s][info][gc,phases      ] GC(1101)   Other: 0.3ms
[447.384s][info][gc,heap        ] GC(1101) Eden regions: 1->0(25)
[447.384s][info][gc,heap        ] GC(1101) Survivor regions: 0->0(0)
[447.384s][info][gc,heap        ] GC(1101) Old regions: 482->483
[447.384s][info][gc,heap        ] GC(1101) Archive regions: 2->2
[447.384s][info][gc,heap        ] GC(1101) Humongous regions: 27->27
[447.384s][info][gc,metaspace   ] GC(1101) Metaspace: 44224K(45776K)->44224K(45776K) NonClass: 38999K(40148K)->38999K(40148K) Class: 5225K(5628K)->5225K(5628K)
[447.384s][info][gc             ] GC(1101) Pause Young (Concurrent Start) (G1 Humongous Allocation) 510M->510M(512M) 5.754ms
[447.384s][info][gc,cpu         ] GC(1101) User=0.01s Sys=0.00s Real=0.00s
[447.384s][info][gc             ] GC(1103) Concurrent Cycle
[447.384s][info][gc,task        ] GC(1102) Using 8 workers of 8 for full compaction
[447.384s][info][gc,marking     ] GC(1103) Concurrent Clear Claimed Marks
[447.384s][info][gc,start       ] GC(1102) Pause Full (G1 Humongous Allocation)
[447.384s][info][gc,marking     ] GC(1103) Concurrent Clear Claimed Marks 0.069ms
[447.384s][info][gc,marking     ] GC(1103) Concurrent Scan Root Regions
[447.384s][info][gc,marking     ] GC(1103) Concurrent Scan Root Regions 0.013ms
[447.384s][info][gc,marking     ] GC(1103) Concurrent Mark (447.384s)
[447.384s][info][gc,marking     ] GC(1103) Concurrent Mark From Roots
[447.384s][info][gc,task        ] GC(1103) Using 2 workers of 2 for marking
[447.385s][info][gc,phases,start] GC(1102) Phase 1: Mark live objects
[447.620s][info][gc,phases      ] GC(1102) Phase 1: Mark live objects 235.130ms
[447.620s][info][gc,phases,start] GC(1102) Phase 2: Prepare for compaction
[447.650s][info][gc,phases      ] GC(1102) Phase 2: Prepare for compaction 30.296ms
[447.651s][info][gc,phases,start] GC(1102) Phase 3: Adjust pointers
[447.746s][info][gc,phases      ] GC(1102) Phase 3: Adjust pointers 95.796ms
[447.746s][info][gc,phases,start] GC(1102) Phase 4: Compact heap
[447.783s][info][gc,phases      ] GC(1102) Phase 4: Compact heap 36.918ms
[447.789s][info][gc,heap        ] GC(1102) Eden regions: 0->0(25)
[447.789s][info][gc,heap        ] GC(1102) Survivor regions: 0->0(0)
[447.789s][info][gc,heap        ] GC(1102) Old regions: 483->482
[447.789s][info][gc,heap        ] GC(1102) Archive regions: 2->2
[447.789s][info][gc,heap        ] GC(1102) Humongous regions: 27->27
[447.789s][info][gc,metaspace   ] GC(1102) Metaspace: 44224K(45776K)->44224K(45776K) NonClass: 38999K(40148K)->38999K(40148K) Class: 5225K(5628K)->5225K(5628K)
[447.789s][info][gc             ] GC(1102) Pause Full (G1 Humongous Allocation) 510M->509M(512M) 404.539ms
[447.792s][info][gc,cpu         ] GC(1102) User=2.66s Sys=0.02s Real=0.41s
[447.792s][info][gc,task        ] GC(1104) Using 8 workers of 8 for full compaction
[447.792s][info][gc,start       ] GC(1104) Pause Full (G1 Humongous Allocation)
[447.792s][info][gc,phases,start] GC(1104) Phase 1: Mark live objects
[448.038s][info][gc,phases      ] GC(1104) Phase 1: Mark live objects 246.223ms
[448.038s][info][gc,phases,start] GC(1104) Phase 2: Prepare for compaction
[448.073s][info][gc,phases      ] GC(1104) Phase 2: Prepare for compaction 35.393ms
[448.073s][info][gc,phases,start] GC(1104) Phase 3: Adjust pointers
[448.174s][info][gc,phases      ] GC(1104) Phase 3: Adjust pointers 100.765ms
[448.174s][info][gc,phases,start] GC(1104) Phase 4: Compact heap
[448.208s][info][gc,phases      ] GC(1104) Phase 4: Compact heap 34.102ms
[448.213s][info][gc,heap        ] GC(1104) Eden regions: 0->0(25)
[448.213s][info][gc,heap        ] GC(1104) Survivor regions: 0->0(0)
[448.213s][info][gc,heap        ] GC(1104) Old regions: 482->482
[448.213s][info][gc,heap        ] GC(1104) Archive regions: 2->2
[448.213s][info][gc,heap        ] GC(1104) Humongous regions: 27->27
[448.213s][info][gc,metaspace   ] GC(1104) Metaspace: 44224K(45776K)->44224K(45776K) NonClass: 38999K(40148K)->38999K(40148K) Class: 5225K(5628K)->5225K(5628K)
[448.213s][info][gc             ] GC(1104) Pause Full (G1 Humongous Allocation) 509M->509M(512M) 421.399ms
[448.215s][info][gc,cpu         ] GC(1104) User=2.65s Sys=0.03s Real=0.43s
[448.215s][info][gc,marking     ] GC(1103) Concurrent Mark From Roots 830.602ms
[448.215s][info][gc,marking     ] GC(1103) Concurrent Mark Abort
[448.215s][info][gc             ] GC(1103) Concurrent Cycle 830.811ms
[448.216s][info][gc,start       ] GC(1105) Pause Young (Normal) (G1 Evacuation Pause)
[448.216s][info][gc,task        ] GC(1105) Using 8 workers of 8 for evacuation
[448.217s][info][gc             ] GC(1105) To-space exhausted
[448.217s][info][gc,phases      ] GC(1105)   Pre Evacuate Collection Set: 0.1ms
[448.217s][info][gc,phases      ] GC(1105)   Merge Heap Roots: 0.0ms
[448.217s][info][gc,phases      ] GC(1105)   Evacuate Collection Set: 0.3ms
[448.217s][info][gc,phases      ] GC(1105)   Post Evacuate Collection Set: 0.4ms
[448.217s][info][gc,phases      ] GC(1105)   Other: 0.1ms
[448.217s][info][gc,heap        ] GC(1105) Eden regions: 1->0(25)
[448.217s][info][gc,heap        ] GC(1105) Survivor regions: 0->0(0)
[448.217s][info][gc,heap        ] GC(1105) Old regions: 482->483
[448.217s][info][gc,heap        ] GC(1105) Archive regions: 2->2
[448.217s][info][gc,heap        ] GC(1105) Humongous regions: 27->27
[448.217s][info][gc,metaspace   ] GC(1105) Metaspace: 44231K(45776K)->44231K(45776K) NonClass: 39004K(40148K)->39004K(40148K) Class: 5226K(5628K)->5226K(5628K)
[448.217s][info][gc             ] GC(1105) Pause Young (Normal) (G1 Evacuation Pause) 510M->510M(512M) 1.028ms
[448.217s][info][gc,cpu         ] GC(1105) User=0.01s Sys=0.00s Real=0.00s
[448.217s][info][gc,ergo        ] Attempting maximally compacting collection
[448.217s][info][gc,task        ] GC(1106) Using 8 workers of 8 for full compaction
[448.217s][info][gc,start       ] GC(1106) Pause Full (G1 Evacuation Pause)
[448.217s][info][gc,phases,start] GC(1106) Phase 1: Mark live objects
[448.447s][info][gc,phases      ] GC(1106) Phase 1: Mark live objects 230.266ms
[448.447s][info][gc,phases,start] GC(1106) Phase 2: Prepare for compaction
[448.482s][info][gc,phases      ] GC(1106) Phase 2: Prepare for compaction 34.308ms
[448.482s][info][gc,phases,start] GC(1106) Phase 3: Adjust pointers
[448.556s][info][gc,phases      ] GC(1106) Phase 3: Adjust pointers 74.645ms
[448.556s][info][gc,phases,start] GC(1106) Phase 4: Compact heap
[448.592s][info][gc,phases      ] GC(1106) Phase 4: Compact heap 35.319ms
[448.597s][info][gc,heap        ] GC(1106) Eden regions: 0->0(25)
[448.597s][info][gc,heap        ] GC(1106) Survivor regions: 0->0(0)
[448.597s][info][gc,heap        ] GC(1106) Old regions: 483->483
[448.597s][info][gc,heap        ] GC(1106) Archive regions: 2->2
[448.597s][info][gc,heap        ] GC(1106) Humongous regions: 27->16
[448.597s][info][gc,metaspace   ] GC(1106) Metaspace: 44231K(45776K)->44231K(45776K) NonClass: 39004K(40148K)->39004K(40148K) Class: 5226K(5628K)->5226K(5628K)
[448.597s][info][gc             ] GC(1106) Pause Full (G1 Evacuation Pause) 510M->498M(512M) 379.741ms
[448.598s][info][gc,cpu         ] GC(1106) User=2.50s Sys=0.04s Real=0.38s
[448.610s][info][gc,start       ] GC(1107) Pause Young (Concurrent Start) (G1 Evacuation Pause)
[448.611s][info][gc,task        ] GC(1107) Using 8 workers of 8 for evacuation
[448.614s][info][gc             ] GC(1107) To-space exhausted
[448.615s][info][gc,phases      ] GC(1107)   Pre Evacuate Collection Set: 0.1ms
[448.615s][info][gc,phases      ] GC(1107)   Merge Heap Roots: 0.1ms
[448.615s][info][gc,phases      ] GC(1107)   Evacuate Collection Set: 1.7ms
[448.615s][info][gc,phases      ] GC(1107)   Post Evacuate Collection Set: 2.0ms
[448.615s][info][gc,phases      ] GC(1107)   Other: 0.2ms
[448.615s][info][gc,heap        ] GC(1107) Eden regions: 11->0(25)
[448.615s][info][gc,heap        ] GC(1107) Survivor regions: 0->0(0)
[448.615s][info][gc,heap        ] GC(1107) Old regions: 483->494
[448.615s][info][gc,heap        ] GC(1107) Archive regions: 2->2
[448.615s][info][gc,heap        ] GC(1107) Humongous regions: 16->16
[448.615s][info][gc,metaspace   ] GC(1107) Metaspace: 44385K(45776K)->44385K(45776K) NonClass: 39138K(40148K)->39138K(40148K) Class: 5247K(5628K)->5247K(5628K)
[448.615s][info][gc             ] GC(1107) Pause Young (Concurrent Start) (G1 Evacuation Pause) 509M->509M(512M) 4.165ms
[448.615s][info][gc,cpu         ] GC(1107) User=0.01s Sys=0.00s Real=0.00s
[448.615s][info][gc,ergo        ] Attempting maximally compacting collection
[448.615s][info][gc,task        ] GC(1108) Using 8 workers of 8 for full compaction
[448.615s][info][gc,start       ] GC(1108) Pause Full (G1 Evacuation Pause)
[448.615s][info][gc             ] GC(1109) Concurrent Cycle
[448.615s][info][gc,marking     ] GC(1109) Concurrent Clear Claimed Marks
[448.615s][info][gc,marking     ] GC(1109) Concurrent Clear Claimed Marks 0.125ms
[448.615s][info][gc,marking     ] GC(1109) Concurrent Scan Root Regions
[448.615s][info][gc,marking     ] GC(1109) Concurrent Scan Root Regions 0.025ms
[448.615s][info][gc,marking     ] GC(1109) Concurrent Mark (448.615s)
[448.615s][info][gc,marking     ] GC(1109) Concurrent Mark From Roots
[448.615s][info][gc,task        ] GC(1109) Using 2 workers of 2 for marking
[448.615s][info][gc,phases,start] GC(1108) Phase 1: Mark live objects
[448.850s][info][gc,phases      ] GC(1108) Phase 1: Mark live objects 234.321ms
[448.850s][info][gc,phases,start] GC(1108) Phase 2: Prepare for compaction
[448.891s][info][gc,phases      ] GC(1108) Phase 2: Prepare for compaction 40.982ms
[448.891s][info][gc,phases,start] GC(1108) Phase 3: Adjust pointers
[448.985s][info][gc,phases      ] GC(1108) Phase 3: Adjust pointers 94.730ms
[448.985s][info][gc,phases,start] GC(1108) Phase 4: Compact heap
[449.029s][info][gc,phases      ] GC(1108) Phase 4: Compact heap 43.675ms
[449.034s][info][gc,heap        ] GC(1108) Eden regions: 0->0(25)
[449.034s][info][gc,heap        ] GC(1108) Survivor regions: 0->0(0)
[449.034s][info][gc,heap        ] GC(1108) Old regions: 494->488
[449.034s][info][gc,heap        ] GC(1108) Archive regions: 2->2
[449.034s][info][gc,heap        ] GC(1108) Humongous regions: 16->16
[449.034s][info][gc,metaspace   ] GC(1108) Metaspace: 44385K(45776K)->44360K(45776K) NonClass: 39138K(40148K)->39117K(40148K) Class: 5247K(5628K)->5243K(5628K)
[449.034s][info][gc             ] GC(1108) Pause Full (G1 Evacuation Pause) 509M->501M(512M) 418.889ms
[449.035s][info][gc,cpu         ] GC(1108) User=2.83s Sys=0.04s Real=0.42s
[449.035s][info][gc,marking     ] GC(1109) Concurrent Mark From Roots 419.861ms
[449.035s][info][gc,marking     ] GC(1109) Concurrent Mark Abort
[449.035s][info][gc             ] GC(1109) Concurrent Cycle 420.165ms
[449.038s][info][gc,start       ] GC(1110) Pause Young (Normal) (G1 Evacuation Pause)
[449.038s][info][gc,task        ] GC(1110) Using 8 workers of 8 for evacuation
[449.040s][info][gc             ] GC(1110) To-space exhausted
[449.040s][info][gc,phases      ] GC(1110)   Pre Evacuate Collection Set: 0.1ms
[449.040s][info][gc,phases      ] GC(1110)   Merge Heap Roots: 0.0ms
[449.040s][info][gc,phases      ] GC(1110)   Evacuate Collection Set: 1.2ms
[449.041s][info][gc,phases      ] GC(1110)   Post Evacuate Collection Set: 0.9ms
[449.041s][info][gc,phases      ] GC(1110)   Other: 0.2ms
[449.041s][info][gc,heap        ] GC(1110) Eden regions: 6->0(25)
[449.041s][info][gc,heap        ] GC(1110) Survivor regions: 0->0(0)
[449.041s][info][gc,heap        ] GC(1110) Old regions: 488->494
[449.041s][info][gc,heap        ] GC(1110) Archive regions: 2->2
[449.041s][info][gc,heap        ] GC(1110) Humongous regions: 16->16
[449.041s][info][gc,metaspace   ] GC(1110) Metaspace: 44422K(45776K)->44422K(45776K) NonClass: 39168K(40148K)->39168K(40148K) Class: 5253K(5628K)->5253K(5628K)
[449.041s][info][gc             ] GC(1110) Pause Young (Normal) (G1 Evacuation Pause) 507M->507M(512M) 2.545ms
[449.041s][info][gc,cpu         ] GC(1110) User=0.01s Sys=0.00s Real=0.00s
[449.041s][info][gc,ergo        ] Attempting maximally compacting collection
[449.041s][info][gc,task        ] GC(1111) Using 8 workers of 8 for full compaction
[449.041s][info][gc,start       ] GC(1111) Pause Full (G1 Evacuation Pause)
[449.041s][info][gc,phases,start] GC(1111) Phase 1: Mark live objects
[449.299s][info][gc,phases      ] GC(1111) Phase 1: Mark live objects 258.466ms
[449.299s][info][gc,phases,start] GC(1111) Phase 2: Prepare for compaction
[449.339s][info][gc,phases      ] GC(1111) Phase 2: Prepare for compaction 39.745ms
[449.339s][info][gc,phases,start] GC(1111) Phase 3: Adjust pointers
[449.428s][info][gc,phases      ] GC(1111) Phase 3: Adjust pointers 89.461ms
[449.429s][info][gc,phases,start] GC(1111) Phase 4: Compact heap
[449.474s][info][gc,phases      ] GC(1111) Phase 4: Compact heap 45.417ms
[449.479s][info][gc,heap        ] GC(1111) Eden regions: 0->0(25)
[449.479s][info][gc,heap        ] GC(1111) Survivor regions: 0->0(0)
[449.479s][info][gc,heap        ] GC(1111) Old regions: 494->489
[449.479s][info][gc,heap        ] GC(1111) Archive regions: 2->2
[449.479s][info][gc,heap        ] GC(1111) Humongous regions: 16->16
[449.479s][info][gc,metaspace   ] GC(1111) Metaspace: 44422K(45776K)->44418K(45776K) NonClass: 39168K(40148K)->39165K(40148K) Class: 5253K(5628K)->5252K(5628K)
[449.479s][info][gc             ] GC(1111) Pause Full (G1 Evacuation Pause) 507M->503M(512M) 438.074ms
[449.481s][info][gc,cpu         ] GC(1111) User=2.85s Sys=0.04s Real=0.44s
[449.505s][info][gc,start       ] GC(1112) Pause Young (Concurrent Start) (G1 Evacuation Pause)
[449.505s][info][gc,task        ] GC(1112) Using 8 workers of 8 for evacuation
[449.578s][info][gc             ] GC(1112) To-space exhausted
[449.578s][info][gc,phases      ] GC(1112)   Pre Evacuate Collection Set: 8.3ms
[449.578s][info][gc,phases      ] GC(1112)   Merge Heap Roots: 0.1ms
[449.578s][info][gc,phases      ] GC(1112)   Evacuate Collection Set: 24.9ms
[449.578s][info][gc,phases      ] GC(1112)   Post Evacuate Collection Set: 39.1ms
[449.578s][info][gc,phases      ] GC(1112)   Other: 0.4ms
[449.578s][info][gc,heap        ] GC(1112) Eden regions: 5->0(25)
[449.578s][info][gc,heap        ] GC(1112) Survivor regions: 0->0(0)
[449.578s][info][gc,heap        ] GC(1112) Old regions: 489->494
[449.578s][info][gc,heap        ] GC(1112) Archive regions: 2->2
[449.578s][info][gc,heap        ] GC(1112) Humongous regions: 16->16
[449.578s][info][gc,metaspace   ] GC(1112) Metaspace: 44495K(45776K)->44495K(45776K) NonClass: 39232K(40148K)->39232K(40148K) Class: 5263K(5628K)->5263K(5628K)
[449.578s][info][gc             ] GC(1112) Pause Young (Concurrent Start) (G1 Evacuation Pause) 508M->508M(512M) 72.951ms
[449.578s][info][gc,cpu         ] GC(1112) User=0.01s Sys=0.00s Real=0.07s
[449.578s][info][gc,ergo        ] Attempting maximally compacting collection
[449.578s][info][gc             ] GC(1113) Concurrent Cycle
[449.578s][info][gc,task        ] GC(1114) Using 8 workers of 8 for full compaction
[449.578s][info][gc,marking     ] GC(1113) Concurrent Clear Claimed Marks
[449.578s][info][gc,start       ] GC(1114) Pause Full (G1 Evacuation Pause)
[449.578s][info][gc,marking     ] GC(1113) Concurrent Clear Claimed Marks 0.109ms
[449.579s][info][gc,marking     ] GC(1113) Concurrent Scan Root Regions
[449.579s][info][gc,marking     ] GC(1113) Concurrent Scan Root Regions 0.024ms
[449.579s][info][gc,marking     ] GC(1113) Concurrent Mark (449.579s)
[449.579s][info][gc,marking     ] GC(1113) Concurrent Mark From Roots
[449.579s][info][gc,task        ] GC(1113) Using 2 workers of 2 for marking
[449.579s][info][gc,phases,start] GC(1114) Phase 1: Mark live objects
[450.083s][info][gc,phases      ] GC(1114) Phase 1: Mark live objects 503.342ms
[450.083s][info][gc,phases,start] GC(1114) Phase 2: Prepare for compaction
[450.155s][info][gc,phases      ] GC(1114) Phase 2: Prepare for compaction 72.021ms
[450.155s][info][gc,phases,start] GC(1114) Phase 3: Adjust pointers
[450.343s][info][gc,phases      ] GC(1114) Phase 3: Adjust pointers 187.821ms
[450.343s][info][gc,phases,start] GC(1114) Phase 4: Compact heap
[450.418s][info][gc,phases      ] GC(1114) Phase 4: Compact heap 75.741ms
[450.427s][info][gc,heap        ] GC(1114) Eden regions: 0->0(25)
[450.427s][info][gc,heap        ] GC(1114) Survivor regions: 0->0(0)
[450.427s][info][gc,heap        ] GC(1114) Old regions: 494->489
[450.427s][info][gc,heap        ] GC(1114) Archive regions: 2->2
[450.427s][info][gc,heap        ] GC(1114) Humongous regions: 16->16
[450.427s][info][gc,metaspace   ] GC(1114) Metaspace: 44495K(45776K)->44483K(45776K) NonClass: 39232K(40148K)->39222K(40148K) Class: 5263K(5628K)->5261K(5628K)
[450.427s][info][gc             ] GC(1114) Pause Full (G1 Evacuation Pause) 508M->504M(512M) 848.412ms
[450.428s][info][gc,cpu         ] GC(1114) User=2.73s Sys=0.02s Real=0.85s
[450.428s][info][gc,marking     ] GC(1113) Concurrent Mark From Roots 849.641ms
[450.428s][info][gc,marking     ] GC(1113) Concurrent Mark Abort
[450.428s][info][gc             ] GC(1113) Concurrent Cycle 850.014ms
[450.482s][info][gc,start       ] GC(1115) Pause Young (Normal) (G1 Evacuation Pause)
[450.482s][info][gc,task        ] GC(1115) Using 8 workers of 8 for evacuation
[450.487s][info][gc             ] GC(1115) To-space exhausted
[450.487s][info][gc,phases      ] GC(1115)   Pre Evacuate Collection Set: 0.1ms
[450.487s][info][gc,phases      ] GC(1115)   Merge Heap Roots: 0.1ms
[450.487s][info][gc,phases      ] GC(1115)   Evacuate Collection Set: 1.8ms
[450.487s][info][gc,phases      ] GC(1115)   Post Evacuate Collection Set: 3.1ms
[450.487s][info][gc,phases      ] GC(1115)   Other: 0.3ms
[450.487s][info][gc,heap        ] GC(1115) Eden regions: 5->0(25)
[450.487s][info][gc,heap        ] GC(1115) Survivor regions: 0->0(0)
[450.487s][info][gc,heap        ] GC(1115) Old regions: 489->494
[450.487s][info][gc,heap        ] GC(1115) Archive regions: 2->2
[450.487s][info][gc,heap        ] GC(1115) Humongous regions: 16->16
[450.487s][info][gc,metaspace   ] GC(1115) Metaspace: 44533K(45776K)->44533K(45776K) NonClass: 39264K(40148K)->39264K(40148K) Class: 5269K(5628K)->5269K(5628K)
[450.487s][info][gc             ] GC(1115) Pause Young (Normal) (G1 Evacuation Pause) 509M->509M(512M) 5.538ms
[450.487s][info][gc,cpu         ] GC(1115) User=0.01s Sys=0.00s Real=0.01s
[450.487s][info][gc,ergo        ] Attempting maximally compacting collection
[450.487s][info][gc,task        ] GC(1116) Using 8 workers of 8 for full compaction
[450.487s][info][gc,start       ] GC(1116) Pause Full (G1 Evacuation Pause)
[450.487s][info][gc,phases,start] GC(1116) Phase 1: Mark live objects
[450.936s][info][gc,phases      ] GC(1116) Phase 1: Mark live objects 448.151ms
[450.936s][info][gc,phases,start] GC(1116) Phase 2: Prepare for compaction
[450.993s][info][gc,phases      ] GC(1116) Phase 2: Prepare for compaction 57.701ms
[450.993s][info][gc,phases,start] GC(1116) Phase 3: Adjust pointers
[451.177s][info][gc,phases      ] GC(1116) Phase 3: Adjust pointers 183.488ms
[451.177s][info][gc,phases,start] GC(1116) Phase 4: Compact heap
[451.261s][info][gc,phases      ] GC(1116) Phase 4: Compact heap 84.088ms
[451.268s][info][gc,heap        ] GC(1116) Eden regions: 0->0(25)
[451.268s][info][gc,heap        ] GC(1116) Survivor regions: 0->0(0)
[451.268s][info][gc,heap        ] GC(1116) Old regions: 494->490
[451.269s][info][gc,heap        ] GC(1116) Archive regions: 2->2
[451.269s][info][gc,heap        ] GC(1116) Humongous regions: 16->16
[451.269s][info][gc,metaspace   ] GC(1116) Metaspace: 44533K(45776K)->44435K(45776K) NonClass: 39264K(40148K)->39180K(40148K) Class: 5269K(5628K)->5255K(5628K)
[451.269s][info][gc             ] GC(1116) Pause Full (G1 Evacuation Pause) 509M->505M(512M) 781.120ms
[451.270s][info][gc,cpu         ] GC(1116) User=2.74s Sys=0.05s Real=0.78s
[451.285s][info][gc,start       ] GC(1117) Pause Young (Concurrent Start) (G1 Evacuation Pause)
[451.285s][info][gc,task        ] GC(1117) Using 8 workers of 8 for evacuation
[451.288s][info][gc             ] GC(1117) To-space exhausted
[451.288s][info][gc,phases      ] GC(1117)   Pre Evacuate Collection Set: 0.1ms
[451.288s][info][gc,phases      ] GC(1117)   Merge Heap Roots: 0.1ms
[451.288s][info][gc,phases      ] GC(1117)   Evacuate Collection Set: 1.1ms
[451.288s][info][gc,phases      ] GC(1117)   Post Evacuate Collection Set: 0.9ms
[451.288s][info][gc,phases      ] GC(1117)   Other: 0.2ms
[451.288s][info][gc,heap        ] GC(1117) Eden regions: 4->0(25)
[451.288s][info][gc,heap        ] GC(1117) Survivor regions: 0->0(0)
[451.288s][info][gc,heap        ] GC(1117) Old regions: 490->492
[451.288s][info][gc,heap        ] GC(1117) Archive regions: 2->2
[451.288s][info][gc,heap        ] GC(1117) Humongous regions: 16->16
[451.288s][info][gc,metaspace   ] GC(1117) Metaspace: 44445K(45776K)->44445K(45776K) NonClass: 39189K(40148K)->39189K(40148K) Class: 5256K(5628K)->5256K(5628K)
[451.288s][info][gc             ] GC(1117) Pause Young (Concurrent Start) (G1 Evacuation Pause) 509M->507M(512M) 2.593ms
[451.288s][info][gc,cpu         ] GC(1117) User=0.01s Sys=0.00s Real=0.00s
[451.288s][info][gc             ] GC(1118) Concurrent Cycle
[451.288s][info][gc,marking     ] GC(1118) Concurrent Clear Claimed Marks
[451.288s][info][gc,marking     ] GC(1118) Concurrent Clear Claimed Marks 0.033ms
[451.288s][info][gc,marking     ] GC(1118) Concurrent Scan Root Regions
[451.288s][info][gc,marking     ] GC(1118) Concurrent Scan Root Regions 0.011ms
[451.288s][info][gc,marking     ] GC(1118) Concurrent Mark (451.288s)
[451.288s][info][gc,marking     ] GC(1118) Concurrent Mark From Roots
[451.288s][info][gc,task        ] GC(1118) Using 2 workers of 2 for marking
[451.291s][info][gc,start       ] GC(1119) Pause Young (Normal) (G1 Evacuation Pause)
[451.291s][info][gc,task        ] GC(1119) Using 8 workers of 8 for evacuation
[451.293s][info][gc             ] GC(1119) To-space exhausted
[451.293s][info][gc,phases      ] GC(1119)   Pre Evacuate Collection Set: 0.1ms
[451.293s][info][gc,phases      ] GC(1119)   Merge Heap Roots: 0.1ms
[451.293s][info][gc,phases      ] GC(1119)   Evacuate Collection Set: 1.1ms
[451.293s][info][gc,phases      ] GC(1119)   Post Evacuate Collection Set: 0.7ms
[451.293s][info][gc,phases      ] GC(1119)   Other: 0.2ms
[451.293s][info][gc,heap        ] GC(1119) Eden regions: 2->0(25)
[451.293s][info][gc,heap        ] GC(1119) Survivor regions: 0->0(0)
[451.293s][info][gc,heap        ] GC(1119) Old regions: 492->494
[451.293s][info][gc,heap        ] GC(1119) Archive regions: 2->2
[451.293s][info][gc,heap        ] GC(1119) Humongous regions: 16->16
[451.293s][info][gc,metaspace   ] GC(1119) Metaspace: 44483K(45776K)->44483K(45776K) NonClass: 39223K(40148K)->39223K(40148K) Class: 5259K(5628K)->5259K(5628K)
[451.293s][info][gc             ] GC(1119) Pause Young (Normal) (G1 Evacuation Pause) 509M->509M(512M) 2.318ms
[451.293s][info][gc,cpu         ] GC(1119) User=0.00s Sys=0.00s Real=0.00s
[451.293s][info][gc,ergo        ] Attempting maximally compacting collection
[451.293s][info][gc,task        ] GC(1120) Using 8 workers of 8 for full compaction
[451.293s][info][gc,start       ] GC(1120) Pause Full (G1 Evacuation Pause)
[451.294s][info][gc,phases,start] GC(1120) Phase 1: Mark live objects
[451.752s][info][gc,phases      ] GC(1120) Phase 1: Mark live objects 457.994ms
[451.752s][info][gc,phases,start] GC(1120) Phase 2: Prepare for compaction
[451.815s][info][gc,phases      ] GC(1120) Phase 2: Prepare for compaction 62.451ms
[451.815s][info][gc,phases,start] GC(1120) Phase 3: Adjust pointers
[452.002s][info][gc,phases      ] GC(1120) Phase 3: Adjust pointers 186.913ms
[452.002s][info][gc,phases,start] GC(1120) Phase 4: Compact heap
[452.154s][info][gc,phases      ] GC(1120) Phase 4: Compact heap 152.355ms
[452.166s][info][gc,heap        ] GC(1120) Eden regions: 0->0(25)
[452.166s][info][gc,heap        ] GC(1120) Survivor regions: 0->0(0)
[452.166s][info][gc,heap        ] GC(1120) Old regions: 494->490
[452.166s][info][gc,heap        ] GC(1120) Archive regions: 2->2
[452.166s][info][gc,heap        ] GC(1120) Humongous regions: 16->16
[452.166s][info][gc,metaspace   ] GC(1120) Metaspace: 44483K(45776K)->44475K(45776K) NonClass: 39223K(40148K)->39216K(40148K) Class: 5259K(5628K)->5258K(5628K)
[452.166s][info][gc             ] GC(1120) Pause Full (G1 Evacuation Pause) 509M->504M(512M) 873.079ms
[452.168s][info][gc,cpu         ] GC(1120) User=2.81s Sys=0.03s Real=0.88s
[452.168s][info][gc,marking     ] GC(1118) Concurrent Mark From Roots 879.873ms
[452.168s][info][gc,marking     ] GC(1118) Concurrent Mark Abort
[452.168s][info][gc             ] GC(1118) Concurrent Cycle 880.080ms
[452.183s][info][gc,heap,exit   ] Heap
[452.183s][info][gc,heap,exit   ]  garbage-first heap   total 524288K, used 516504K [0x00000007e0000000, 0x0000000800000000)
[452.183s][info][gc,heap,exit   ]   region size 1024K, 1 young (1024K), 0 survivors (0K)
[452.183s][info][gc,heap,exit   ]  Metaspace       used 44498K, capacity 44991K, committed 45776K, reserved 1089536K
[452.183s][info][gc,heap,exit   ]   class space    used 5262K, capacity 5426K, committed 5628K, reserved 1048576K
