[0.008s][info][gc] Using G1
[0.012s][info][gc,init] Version: 15.0.1+9 (release)
[0.012s][info][gc,init] CPUs: 8 total, 8 available
[0.012s][info][gc,init] Memory: 32768M
[0.012s][info][gc,init] Large Page Support: Disabled
[0.012s][info][gc,init] NUMA Support: Disabled
[0.012s][info][gc,init] Compressed Oops: Enabled (Zero based)
[0.012s][info][gc,init] Heap Region Size: 1M
[0.012s][info][gc,init] Heap Min Capacity: 8M
[0.012s][info][gc,init] Heap Initial Capacity: 512M
[0.012s][info][gc,init] Heap Max Capacity: 512M
[0.012s][info][gc,init] Pre-touch: Disabled
[0.012s][info][gc,init] Parallel Workers: 8
[0.012s][info][gc,init] Concurrent Workers: 2
[0.012s][info][gc,init] Concurrent Refinement Workers: 8
[0.012s][info][gc,init] Periodic GC: Disabled
[0.013s][info][gc,cds ] Mark closed archive regions in map: [0x00000007fff00000, 0x00000007fff78ff8]
[0.013s][info][gc,cds ] Mark open archive regions in map: [0x00000007ffe00000, 0x00000007ffe50ff8]
[0.013s][info][gc,metaspace] CDS archive(s) mapped at: [0x0000000800000000-0x0000000800b2d000-0x0000000800b2d000), size 11718656, SharedBaseAddress: 0x0000000800000000, ArchiveRelocationMode: 0.
[0.013s][info][gc,metaspace] Compressed class space mapped at: 0x0000000800b30000-0x0000000840b30000, size: 1073741824
[0.013s][info][gc,metaspace] Narrow klass base: 0x0000000800000000, Narrow klass shift: 3, Narrow klass range: 0x100000000
[0.557s][info][gc,start    ] GC(0) Pause Young (Normal) (G1 Evacuation Pause)
[0.558s][info][gc,task     ] GC(0) Using 8 workers of 8 for evacuation
[0.561s][info][gc,phases   ] GC(0)   Pre Evacuate Collection Set: 0.1ms
[0.561s][info][gc,phases   ] GC(0)   Merge Heap Roots: 0.0ms
[0.561s][info][gc,phases   ] GC(0)   Evacuate Collection Set: 2.8ms
[0.561s][info][gc,phases   ] GC(0)   Post Evacuate Collection Set: 0.3ms
[0.561s][info][gc,phases   ] GC(0)   Other: 0.6ms
[0.561s][info][gc,heap     ] GC(0) Eden regions: 25->0(41)
[0.561s][info][gc,heap     ] GC(0) Survivor regions: 0->3(4)
[0.561s][info][gc,heap     ] GC(0) Old regions: 0->0
[0.561s][info][gc,heap     ] GC(0) Archive regions: 2->2
[0.561s][info][gc,heap     ] GC(0) Humongous regions: 0->0
[0.561s][info][gc,metaspace] GC(0) Metaspace: 3685K(6272K)->3685K(6272K) NonClass: 3335K(5632K)->3335K(5632K) Class: 349K(640K)->349K(640K)
[0.561s][info][gc          ] GC(0) Pause Young (Normal) (G1 Evacuation Pause) 25M->3M(512M) 3.926ms
[0.561s][info][gc,cpu      ] GC(0) User=0.02s Sys=0.00s Real=0.00s
[1.177s][info][gc,start    ] GC(1) Pause Young (Normal) (G1 Evacuation Pause)
[1.177s][info][gc,task     ] GC(1) Using 8 workers of 8 for evacuation
[1.181s][info][gc,phases   ] GC(1)   Pre Evacuate Collection Set: 0.1ms
[1.181s][info][gc,phases   ] GC(1)   Merge Heap Roots: 0.0ms
[1.181s][info][gc,phases   ] GC(1)   Evacuate Collection Set: 3.3ms
[1.181s][info][gc,phases   ] GC(1)   Post Evacuate Collection Set: 0.5ms
[1.181s][info][gc,phases   ] GC(1)   Other: 0.2ms
[1.181s][info][gc,heap     ] GC(1) Eden regions: 41->0(303)
[1.181s][info][gc,heap     ] GC(1) Survivor regions: 3->4(6)
[1.181s][info][gc,heap     ] GC(1) Old regions: 0->0
[1.182s][info][gc,heap     ] GC(1) Archive regions: 2->2
[1.182s][info][gc,heap     ] GC(1) Humongous regions: 0->0
[1.182s][info][gc,metaspace] GC(1) Metaspace: 7334K(8704K)->7334K(8704K) NonClass: 6465K(7680K)->6465K(7680K) Class: 869K(1024K)->869K(1024K)
[1.182s][info][gc          ] GC(1) Pause Young (Normal) (G1 Evacuation Pause) 44M->4M(512M) 4.194ms
[1.182s][info][gc,cpu      ] GC(1) User=0.02s Sys=0.00s Real=0.00s
[3.691s][info][gc,start    ] GC(2) Pause Young (Concurrent Start) (Metadata GC Threshold)
[3.691s][info][gc,task     ] GC(2) Using 8 workers of 8 for evacuation
[3.701s][info][gc,phases   ] GC(2)   Pre Evacuate Collection Set: 0.3ms
[3.702s][info][gc,phases   ] GC(2)   Merge Heap Roots: 0.1ms
[3.702s][info][gc,phases   ] GC(2)   Evacuate Collection Set: 8.9ms
[3.702s][info][gc,phases   ] GC(2)   Post Evacuate Collection Set: 1.0ms
[3.702s][info][gc,phases   ] GC(2)   Other: 0.3ms
[3.702s][info][gc,heap     ] GC(2) Eden regions: 281->0(298)
[3.702s][info][gc,heap     ] GC(2) Survivor regions: 4->9(39)
[3.702s][info][gc,heap     ] GC(2) Old regions: 0->0
[3.702s][info][gc,heap     ] GC(2) Archive regions: 2->2
[3.702s][info][gc,heap     ] GC(2) Humongous regions: 0->0
[3.702s][info][gc,metaspace] GC(2) Metaspace: 20609K(21296K)->20609K(21296K) NonClass: 18133K(18608K)->18133K(18608K) Class: 2476K(2688K)->2476K(2688K)
[3.702s][info][gc          ] GC(2) Pause Young (Concurrent Start) (Metadata GC Threshold) 285M->9M(512M) 10.708ms
[3.702s][info][gc,cpu      ] GC(2) User=0.04s Sys=0.01s Real=0.01s
[3.702s][info][gc          ] GC(3) Concurrent Cycle
[3.702s][info][gc,marking  ] GC(3) Concurrent Clear Claimed Marks
[3.702s][info][gc,marking  ] GC(3) Concurrent Clear Claimed Marks 0.021ms
[3.702s][info][gc,marking  ] GC(3) Concurrent Scan Root Regions
[3.706s][info][gc,marking  ] GC(3) Concurrent Scan Root Regions 4.157ms
[3.706s][info][gc,marking  ] GC(3) Concurrent Mark (3.706s)
[3.706s][info][gc,marking  ] GC(3) Concurrent Mark From Roots
[3.706s][info][gc,task     ] GC(3) Using 2 workers of 2 for marking
[3.707s][info][gc,marking  ] GC(3) Concurrent Mark From Roots 1.121ms
[3.707s][info][gc,marking  ] GC(3) Concurrent Preclean
[3.707s][info][gc,marking  ] GC(3) Concurrent Preclean 0.036ms
[3.707s][info][gc,marking  ] GC(3) Concurrent Mark (3.706s, 3.707s) 1.207ms
[3.707s][info][gc,start    ] GC(3) Pause Remark
[3.731s][info][gc          ] GC(3) Pause Remark 10M->10M(40M) 23.743ms
[3.731s][info][gc,cpu      ] GC(3) User=0.01s Sys=0.02s Real=0.02s
[3.731s][info][gc,marking  ] GC(3) Concurrent Rebuild Remembered Sets
[3.732s][info][gc,marking  ] GC(3) Concurrent Rebuild Remembered Sets 0.532ms
[3.732s][info][gc,start    ] GC(3) Pause Cleanup
[3.732s][info][gc          ] GC(3) Pause Cleanup 10M->10M(40M) 0.123ms
[3.732s][info][gc,cpu      ] GC(3) User=0.00s Sys=0.00s Real=0.00s
[3.732s][info][gc,marking  ] GC(3) Concurrent Cleanup for Next Mark
[3.733s][info][gc,marking  ] GC(3) Concurrent Cleanup for Next Mark 0.354ms
[3.733s][info][gc          ] GC(3) Concurrent Cycle 30.868ms
[4.019s][info][gc,start    ] GC(4) Pause Young (Normal) (G1 Evacuation Pause)
[4.019s][info][gc,task     ] GC(4) Using 5 workers of 8 for evacuation
[4.033s][info][gc,phases   ] GC(4)   Pre Evacuate Collection Set: 0.0ms
[4.033s][info][gc,phases   ] GC(4)   Merge Heap Roots: 0.0ms
[4.033s][info][gc,phases   ] GC(4)   Evacuate Collection Set: 11.6ms
[4.033s][info][gc,phases   ] GC(4)   Post Evacuate Collection Set: 2.2ms
[4.033s][info][gc,phases   ] GC(4)   Other: 0.2ms
[4.033s][info][gc,heap     ] GC(4) Eden regions: 17->0(19)
[4.033s][info][gc,heap     ] GC(4) Survivor regions: 9->2(4)
[4.033s][info][gc,heap     ] GC(4) Old regions: 0->9
[4.033s][info][gc,heap     ] GC(4) Archive regions: 2->2
[4.033s][info][gc,heap     ] GC(4) Humongous regions: 0->0
[4.033s][info][gc,metaspace] GC(4) Metaspace: 22434K(23088K)->22434K(23088K) NonClass: 19694K(20144K)->19694K(20144K) Class: 2740K(2944K)->2740K(2944K)
[4.033s][info][gc          ] GC(4) Pause Young (Normal) (G1 Evacuation Pause) 26M->10M(40M) 14.204ms
[4.033s][info][gc,cpu      ] GC(4) User=0.04s Sys=0.01s Real=0.02s
[4.347s][info][gc,start    ] GC(5) Pause Young (Normal) (G1 Evacuation Pause)
[4.347s][info][gc,task     ] GC(5) Using 3 workers of 8 for evacuation
[4.350s][info][gc,phases   ] GC(5)   Pre Evacuate Collection Set: 0.0ms
[4.350s][info][gc,phases   ] GC(5)   Merge Heap Roots: 0.0ms
[4.350s][info][gc,phases   ] GC(5)   Evacuate Collection Set: 2.5ms
[4.350s][info][gc,phases   ] GC(5)   Post Evacuate Collection Set: 0.2ms
[4.350s][info][gc,phases   ] GC(5)   Other: 0.1ms
[4.350s][info][gc,heap     ] GC(5) Eden regions: 19->0(18)
[4.350s][info][gc,heap     ] GC(5) Survivor regions: 2->3(3)
[4.350s][info][gc,heap     ] GC(5) Old regions: 9->9
[4.350s][info][gc,heap     ] GC(5) Archive regions: 2->2
[4.350s][info][gc,heap     ] GC(5) Humongous regions: 0->0
[4.350s][info][gc,metaspace] GC(5) Metaspace: 25243K(26160K)->25243K(26160K) NonClass: 22219K(22960K)->22219K(22960K) Class: 3024K(3200K)->3024K(3200K)
[4.350s][info][gc          ] GC(5) Pause Young (Normal) (G1 Evacuation Pause) 29M->11M(40M) 2.985ms
[4.350s][info][gc,cpu      ] GC(5) User=0.01s Sys=0.01s Real=0.00s
[4.592s][info][gc,start    ] GC(6) Pause Young (Normal) (G1 Evacuation Pause)
[4.592s][info][gc,task     ] GC(6) Using 2 workers of 8 for evacuation
[4.598s][info][gc,phases   ] GC(6)   Pre Evacuate Collection Set: 0.0ms
[4.598s][info][gc,phases   ] GC(6)   Merge Heap Roots: 0.0ms
[4.598s][info][gc,phases   ] GC(6)   Evacuate Collection Set: 4.9ms
[4.598s][info][gc,phases   ] GC(6)   Post Evacuate Collection Set: 0.3ms
[4.598s][info][gc,phases   ] GC(6)   Other: 0.2ms
[4.598s][info][gc,heap     ] GC(6) Eden regions: 18->0(18)
[4.598s][info][gc,heap     ] GC(6) Survivor regions: 3->2(3)
[4.598s][info][gc,heap     ] GC(6) Old regions: 9->10
[4.598s][info][gc,heap     ] GC(6) Archive regions: 2->2
[4.598s][info][gc,heap     ] GC(6) Humongous regions: 0->0
[4.598s][info][gc,metaspace] GC(6) Metaspace: 26349K(27184K)->26349K(27184K) NonClass: 23143K(23728K)->23143K(23728K) Class: 3205K(3456K)->3205K(3456K)
[4.598s][info][gc          ] GC(6) Pause Young (Normal) (G1 Evacuation Pause) 29M->11M(40M) 5.586ms
[4.598s][info][gc,cpu      ] GC(6) User=0.02s Sys=0.00s Real=0.01s
[4.783s][info][gc,start    ] GC(7) Pause Young (Normal) (G1 Evacuation Pause)
[4.783s][info][gc,task     ] GC(7) Using 8 workers of 8 for evacuation
[4.787s][info][gc,phases   ] GC(7)   Pre Evacuate Collection Set: 0.0ms
[4.787s][info][gc,phases   ] GC(7)   Merge Heap Roots: 0.0ms
[4.787s][info][gc,phases   ] GC(7)   Evacuate Collection Set: 3.3ms
[4.787s][info][gc,phases   ] GC(7)   Post Evacuate Collection Set: 0.6ms
[4.788s][info][gc,phases   ] GC(7)   Other: 0.3ms
[4.788s][info][gc,heap     ] GC(7) Eden regions: 18->0(18)
[4.788s][info][gc,heap     ] GC(7) Survivor regions: 2->2(3)
[4.788s][info][gc,heap     ] GC(7) Old regions: 10->11
[4.788s][info][gc,heap     ] GC(7) Archive regions: 2->2
[4.788s][info][gc,heap     ] GC(7) Humongous regions: 0->0
[4.788s][info][gc,metaspace] GC(7) Metaspace: 27901K(28848K)->27901K(28848K) NonClass: 24493K(25264K)->24493K(25264K) Class: 3408K(3584K)->3408K(3584K)
[4.788s][info][gc          ] GC(7) Pause Young (Normal) (G1 Evacuation Pause) 29M->12M(40M) 4.421ms
[4.788s][info][gc,cpu      ] GC(7) User=0.02s Sys=0.00s Real=0.00s
[5.031s][info][gc,start    ] GC(8) Pause Young (Normal) (G1 Evacuation Pause)
[5.031s][info][gc,task     ] GC(8) Using 8 workers of 8 for evacuation
[5.036s][info][gc,phases   ] GC(8)   Pre Evacuate Collection Set: 0.1ms
[5.036s][info][gc,phases   ] GC(8)   Merge Heap Roots: 0.1ms
[5.036s][info][gc,phases   ] GC(8)   Evacuate Collection Set: 3.5ms
[5.036s][info][gc,phases   ] GC(8)   Post Evacuate Collection Set: 0.3ms
[5.036s][info][gc,phases   ] GC(8)   Other: 0.3ms
[5.036s][info][gc,heap     ] GC(8) Eden regions: 18->0(17)
[5.036s][info][gc,heap     ] GC(8) Survivor regions: 2->3(3)
[5.036s][info][gc,heap     ] GC(8) Old regions: 11->11
[5.036s][info][gc,heap     ] GC(8) Archive regions: 2->2
[5.036s][info][gc,heap     ] GC(8) Humongous regions: 0->0
[5.036s][info][gc,metaspace] GC(8) Metaspace: 28947K(29744K)->28947K(29744K) NonClass: 25417K(26032K)->25417K(26032K) Class: 3529K(3712K)->3529K(3712K)
[5.036s][info][gc          ] GC(8) Pause Young (Normal) (G1 Evacuation Pause) 30M->13M(40M) 4.491ms
[5.036s][info][gc,cpu      ] GC(8) User=0.02s Sys=0.00s Real=0.01s
[5.290s][info][gc,start    ] GC(9) Pause Young (Normal) (G1 Evacuation Pause)
[5.290s][info][gc,task     ] GC(9) Using 8 workers of 8 for evacuation
[5.293s][info][gc,phases   ] GC(9)   Pre Evacuate Collection Set: 0.0ms
[5.293s][info][gc,phases   ] GC(9)   Merge Heap Roots: 0.0ms
[5.293s][info][gc,phases   ] GC(9)   Evacuate Collection Set: 2.5ms
[5.293s][info][gc,phases   ] GC(9)   Post Evacuate Collection Set: 0.3ms
[5.293s][info][gc,phases   ] GC(9)   Other: 0.2ms
[5.294s][info][gc,heap     ] GC(9) Eden regions: 17->0(16)
[5.294s][info][gc,heap     ] GC(9) Survivor regions: 3->3(3)
[5.294s][info][gc,heap     ] GC(9) Old regions: 11->12
[5.294s][info][gc,heap     ] GC(9) Archive regions: 2->2
[5.294s][info][gc,heap     ] GC(9) Humongous regions: 0->0
[5.294s][info][gc,metaspace] GC(9) Metaspace: 29868K(30640K)->29868K(30640K) NonClass: 26215K(26800K)->26215K(26800K) Class: 3653K(3840K)->3653K(3840K)
[5.294s][info][gc          ] GC(9) Pause Young (Normal) (G1 Evacuation Pause) 30M->14M(40M) 3.212ms
[5.294s][info][gc,cpu      ] GC(9) User=0.01s Sys=0.01s Real=0.01s
[5.451s][info][gc,start    ] GC(10) Pause Young (Normal) (G1 Evacuation Pause)
[5.451s][info][gc,task     ] GC(10) Using 8 workers of 8 for evacuation
[5.454s][info][gc,phases   ] GC(10)   Pre Evacuate Collection Set: 0.0ms
[5.454s][info][gc,phases   ] GC(10)   Merge Heap Roots: 0.1ms
[5.454s][info][gc,phases   ] GC(10)   Evacuate Collection Set: 2.2ms
[5.454s][info][gc,phases   ] GC(10)   Post Evacuate Collection Set: 0.3ms
[5.454s][info][gc,phases   ] GC(10)   Other: 0.1ms
[5.454s][info][gc,heap     ] GC(10) Eden regions: 16->0(16)
[5.454s][info][gc,heap     ] GC(10) Survivor regions: 3->2(3)
[5.454s][info][gc,heap     ] GC(10) Old regions: 12->13
[5.454s][info][gc,heap     ] GC(10) Archive regions: 2->2
[5.454s][info][gc,heap     ] GC(10) Humongous regions: 0->0
[5.454s][info][gc,metaspace] GC(10) Metaspace: 30690K(31536K)->30690K(31536K) NonClass: 26934K(27568K)->26934K(27568K) Class: 3756K(3968K)->3756K(3968K)
[5.454s][info][gc          ] GC(10) Pause Young (Normal) (G1 Evacuation Pause) 30M->14M(40M) 3.018ms
[5.454s][info][gc,cpu      ] GC(10) User=0.02s Sys=0.00s Real=0.01s
[5.671s][info][gc,start    ] GC(11) Pause Young (Normal) (G1 Evacuation Pause)
[5.671s][info][gc,task     ] GC(11) Using 8 workers of 8 for evacuation
[5.674s][info][gc,phases   ] GC(11)   Pre Evacuate Collection Set: 0.0ms
[5.674s][info][gc,phases   ] GC(11)   Merge Heap Roots: 0.0ms
[5.674s][info][gc,phases   ] GC(11)   Evacuate Collection Set: 2.3ms
[5.674s][info][gc,phases   ] GC(11)   Post Evacuate Collection Set: 0.2ms
[5.674s][info][gc,phases   ] GC(11)   Other: 0.1ms
[5.674s][info][gc,heap     ] GC(11) Eden regions: 16->0(15)
[5.674s][info][gc,heap     ] GC(11) Survivor regions: 2->3(3)
[5.674s][info][gc,heap     ] GC(11) Old regions: 13->13
[5.674s][info][gc,heap     ] GC(11) Archive regions: 2->2
[5.674s][info][gc,heap     ] GC(11) Humongous regions: 0->0
[5.674s][info][gc,metaspace] GC(11) Metaspace: 31699K(32688K)->31699K(32688K) NonClass: 27814K(28592K)->27814K(28592K) Class: 3885K(4096K)->3885K(4096K)
[5.674s][info][gc          ] GC(11) Pause Young (Normal) (G1 Evacuation Pause) 30M->15M(40M) 2.852ms
[5.674s][info][gc,cpu      ] GC(11) User=0.01s Sys=0.00s Real=0.01s
[5.983s][info][gc,start    ] GC(12) Pause Young (Normal) (G1 Evacuation Pause)
[5.983s][info][gc,task     ] GC(12) Using 8 workers of 8 for evacuation
[5.988s][info][gc,phases   ] GC(12)   Pre Evacuate Collection Set: 0.0ms
[5.988s][info][gc,phases   ] GC(12)   Merge Heap Roots: 0.0ms
[5.988s][info][gc,phases   ] GC(12)   Evacuate Collection Set: 3.5ms
[5.988s][info][gc,phases   ] GC(12)   Post Evacuate Collection Set: 1.8ms
[5.988s][info][gc,phases   ] GC(12)   Other: 0.2ms
[5.988s][info][gc,heap     ] GC(12) Eden regions: 15->0(15)
[5.988s][info][gc,heap     ] GC(12) Survivor regions: 3->2(3)
[5.988s][info][gc,heap     ] GC(12) Old regions: 13->14
[5.988s][info][gc,heap     ] GC(12) Archive regions: 2->2
[5.988s][info][gc,heap     ] GC(12) Humongous regions: 0->0
[5.988s][info][gc,metaspace] GC(12) Metaspace: 32544K(33584K)->32544K(33584K) NonClass: 28541K(29360K)->28541K(29360K) Class: 4003K(4224K)->4003K(4224K)
[5.988s][info][gc          ] GC(12) Pause Young (Normal) (G1 Evacuation Pause) 30M->15M(40M) 5.660ms
[5.988s][info][gc,cpu      ] GC(12) User=0.03s Sys=0.00s Real=0.01s
[6.126s][info][gc,start    ] GC(13) Pause Young (Normal) (G1 Evacuation Pause)
[6.126s][info][gc,task     ] GC(13) Using 8 workers of 8 for evacuation
[6.128s][info][gc,phases   ] GC(13)   Pre Evacuate Collection Set: 0.1ms
[6.128s][info][gc,phases   ] GC(13)   Merge Heap Roots: 0.0ms
[6.128s][info][gc,phases   ] GC(13)   Evacuate Collection Set: 1.7ms
[6.128s][info][gc,phases   ] GC(13)   Post Evacuate Collection Set: 0.3ms
[6.128s][info][gc,phases   ] GC(13)   Other: 0.2ms
[6.128s][info][gc,heap     ] GC(13) Eden regions: 15->0(16)
[6.128s][info][gc,heap     ] GC(13) Survivor regions: 2->2(3)
[6.128s][info][gc,heap     ] GC(13) Old regions: 14->14
[6.128s][info][gc,heap     ] GC(13) Archive regions: 2->2
[6.128s][info][gc,heap     ] GC(13) Humongous regions: 0->0
[6.128s][info][gc,metaspace] GC(13) Metaspace: 33352K(34224K)->33352K(34224K) NonClass: 29230K(29872K)->29230K(29872K) Class: 4121K(4352K)->4121K(4352K)
[6.128s][info][gc          ] GC(13) Pause Young (Normal) (G1 Evacuation Pause) 30M->16M(40M) 2.598ms
[6.128s][info][gc,cpu      ] GC(13) User=0.01s Sys=0.00s Real=0.00s
[6.354s][info][gc,start    ] GC(14) Pause Young (Normal) (G1 Evacuation Pause)
[6.354s][info][gc,task     ] GC(14) Using 8 workers of 8 for evacuation
[6.358s][info][gc,phases   ] GC(14)   Pre Evacuate Collection Set: 0.0ms
[6.358s][info][gc,phases   ] GC(14)   Merge Heap Roots: 0.1ms
[6.358s][info][gc,phases   ] GC(14)   Evacuate Collection Set: 2.6ms
[6.358s][info][gc,phases   ] GC(14)   Post Evacuate Collection Set: 0.5ms
[6.358s][info][gc,phases   ] GC(14)   Other: 0.1ms
[6.358s][info][gc,heap     ] GC(14) Eden regions: 16->0(15)
[6.358s][info][gc,heap     ] GC(14) Survivor regions: 2->2(3)
[6.358s][info][gc,heap     ] GC(14) Old regions: 14->15
[6.358s][info][gc,heap     ] GC(14) Archive regions: 2->2
[6.358s][info][gc,heap     ] GC(14) Humongous regions: 0->0
[6.358s][info][gc,metaspace] GC(14) Metaspace: 34215K(35120K)->34215K(35120K) NonClass: 29990K(30640K)->29990K(30640K) Class: 4224K(4480K)->4224K(4480K)
[6.358s][info][gc          ] GC(14) Pause Young (Normal) (G1 Evacuation Pause) 32M->16M(40M) 3.497ms
[6.358s][info][gc,cpu      ] GC(14) User=0.02s Sys=0.01s Real=0.00s
[6.474s][info][gc,start    ] GC(15) Pause Young (Concurrent Start) (Metadata GC Threshold)
[6.474s][info][gc,task     ] GC(15) Using 8 workers of 8 for evacuation
[6.477s][info][gc,phases   ] GC(15)   Pre Evacuate Collection Set: 0.1ms
[6.477s][info][gc,phases   ] GC(15)   Merge Heap Roots: 0.0ms
[6.477s][info][gc,phases   ] GC(15)   Evacuate Collection Set: 1.7ms
[6.477s][info][gc,phases   ] GC(15)   Post Evacuate Collection Set: 1.5ms
[6.477s][info][gc,phases   ] GC(15)   Other: 0.2ms
[6.477s][info][gc,heap     ] GC(15) Eden regions: 8->0(163)
[6.477s][info][gc,heap     ] GC(15) Survivor regions: 2->2(3)
[6.477s][info][gc,heap     ] GC(15) Old regions: 15->15
[6.477s][info][gc,heap     ] GC(15) Archive regions: 2->2
[6.477s][info][gc,heap     ] GC(15) Humongous regions: 0->0
[6.477s][info][gc,metaspace] GC(15) Metaspace: 34965K(35920K)->34965K(35920K) NonClass: 30627K(31312K)->30627K(31312K) Class: 4337K(4608K)->4337K(4608K)
[6.477s][info][gc          ] GC(15) Pause Young (Concurrent Start) (Metadata GC Threshold) 24M->17M(276M) 3.553ms
[6.477s][info][gc,cpu      ] GC(15) User=0.02s Sys=0.01s Real=0.00s
[6.477s][info][gc          ] GC(16) Concurrent Cycle
[6.477s][info][gc,marking  ] GC(16) Concurrent Clear Claimed Marks
[6.477s][info][gc,marking  ] GC(16) Concurrent Clear Claimed Marks 0.256ms
[6.477s][info][gc,marking  ] GC(16) Concurrent Scan Root Regions
[6.480s][info][gc,marking  ] GC(16) Concurrent Scan Root Regions 2.535ms
[6.480s][info][gc,marking  ] GC(16) Concurrent Mark (6.480s)
[6.480s][info][gc,marking  ] GC(16) Concurrent Mark From Roots
[6.480s][info][gc,task     ] GC(16) Using 2 workers of 2 for marking
[6.507s][info][gc,marking  ] GC(16) Concurrent Mark From Roots 27.056ms
[6.507s][info][gc,marking  ] GC(16) Concurrent Preclean
[6.507s][info][gc,marking  ] GC(16) Concurrent Preclean 0.065ms
[6.507s][info][gc,marking  ] GC(16) Concurrent Mark (6.480s, 6.507s) 27.208ms
[6.507s][info][gc,start    ] GC(16) Pause Remark
[6.512s][info][gc          ] GC(16) Pause Remark 18M->18M(70M) 4.119ms
[6.512s][info][gc,cpu      ] GC(16) User=0.01s Sys=0.00s Real=0.00s
[6.512s][info][gc,marking  ] GC(16) Concurrent Rebuild Remembered Sets
[6.533s][info][gc,marking  ] GC(16) Concurrent Rebuild Remembered Sets 20.583ms
[6.535s][info][gc,start    ] GC(16) Pause Cleanup
[6.535s][info][gc          ] GC(16) Pause Cleanup 19M->19M(70M) 0.336ms
[6.535s][info][gc,cpu      ] GC(16) User=0.00s Sys=0.00s Real=0.00s
[6.535s][info][gc,marking  ] GC(16) Concurrent Cleanup for Next Mark
[6.536s][info][gc,marking  ] GC(16) Concurrent Cleanup for Next Mark 0.578ms
[6.536s][info][gc          ] GC(16) Concurrent Cycle 58.902ms
[6.902s][info][gc,start    ] GC(17) Pause Young (Normal) (G1 Evacuation Pause)
[6.902s][info][gc,task     ] GC(17) Using 8 workers of 8 for evacuation
[6.907s][info][gc,phases   ] GC(17)   Pre Evacuate Collection Set: 0.0ms
[6.907s][info][gc,phases   ] GC(17)   Merge Heap Roots: 0.1ms
[6.907s][info][gc,phases   ] GC(17)   Evacuate Collection Set: 3.6ms
[6.907s][info][gc,phases   ] GC(17)   Post Evacuate Collection Set: 0.7ms
[6.907s][info][gc,phases   ] GC(17)   Other: 0.1ms
[6.907s][info][gc,heap     ] GC(17) Eden regions: 40->0(38)
[6.907s][info][gc,heap     ] GC(17) Survivor regions: 2->3(6)
[6.907s][info][gc,heap     ] GC(17) Old regions: 15->15
[6.907s][info][gc,heap     ] GC(17) Archive regions: 2->2
[6.907s][info][gc,heap     ] GC(17) Humongous regions: 0->0
[6.907s][info][gc,metaspace] GC(17) Metaspace: 37691K(38864K)->37691K(38864K) NonClass: 32926K(33872K)->32926K(33872K) Class: 4765K(4992K)->4765K(4992K)
[6.907s][info][gc          ] GC(17) Pause Young (Normal) (G1 Evacuation Pause) 57M->17M(70M) 4.787ms
[6.907s][info][gc,cpu      ] GC(17) User=0.02s Sys=0.00s Real=0.01s
[257.005s][info][gc,start    ] GC(18) Pause Young (Normal) (G1 Evacuation Pause)
[257.005s][info][gc,task     ] GC(18) Using 8 workers of 8 for evacuation
[257.009s][info][gc,phases   ] GC(18)   Pre Evacuate Collection Set: 0.0ms
[257.009s][info][gc,phases   ] GC(18)   Merge Heap Roots: 0.1ms
[257.009s][info][gc,phases   ] GC(18)   Evacuate Collection Set: 2.8ms
[257.009s][info][gc,phases   ] GC(18)   Post Evacuate Collection Set: 0.4ms
[257.009s][info][gc,phases   ] GC(18)   Other: 0.2ms
[257.009s][info][gc,heap     ] GC(18) Eden regions: 38->0(37)
[257.009s][info][gc,heap     ] GC(18) Survivor regions: 3->4(6)
[257.009s][info][gc,heap     ] GC(18) Old regions: 15->15
[257.009s][info][gc,heap     ] GC(18) Archive regions: 2->2
[257.009s][info][gc,heap     ] GC(18) Humongous regions: 0->0
[257.009s][info][gc,metaspace] GC(18) Metaspace: 42267K(43344K)->42267K(43344K) NonClass: 37001K(37712K)->37001K(37712K) Class: 5266K(5632K)->5266K(5632K)
[257.009s][info][gc          ] GC(18) Pause Young (Normal) (G1 Evacuation Pause) 55M->19M(70M) 3.717ms
[257.009s][info][gc,cpu      ] GC(18) User=0.02s Sys=0.00s Real=0.00s
[268.455s][info][gc,start    ] GC(19) Pause Young (Normal) (G1 Evacuation Pause)
[268.455s][info][gc,task     ] GC(19) Using 8 workers of 8 for evacuation
[268.461s][info][gc,phases   ] GC(19)   Pre Evacuate Collection Set: 0.0ms
[268.461s][info][gc,phases   ] GC(19)   Merge Heap Roots: 0.0ms
[268.461s][info][gc,phases   ] GC(19)   Evacuate Collection Set: 4.1ms
[268.461s][info][gc,phases   ] GC(19)   Post Evacuate Collection Set: 1.7ms
[268.461s][info][gc,phases   ] GC(19)   Other: 0.2ms
[268.461s][info][gc,heap     ] GC(19) Eden regions: 37->0(37)
[268.461s][info][gc,heap     ] GC(19) Survivor regions: 4->4(6)
[268.461s][info][gc,heap     ] GC(19) Old regions: 15->16
[268.461s][info][gc,heap     ] GC(19) Archive regions: 2->2
[268.461s][info][gc,heap     ] GC(19) Humongous regions: 0->0
[268.461s][info][gc,metaspace] GC(19) Metaspace: 44608K(45648K)->44608K(45648K) NonClass: 39039K(39760K)->39039K(39760K) Class: 5569K(5888K)->5569K(5888K)
[268.461s][info][gc          ] GC(19) Pause Young (Normal) (G1 Evacuation Pause) 56M->19M(70M) 6.235ms
[268.461s][info][gc,cpu      ] GC(19) User=0.02s Sys=0.00s Real=0.00s
[269.469s][info][gc,start    ] GC(20) Pause Young (Normal) (G1 Evacuation Pause)
[269.469s][info][gc,task     ] GC(20) Using 8 workers of 8 for evacuation
[269.476s][info][gc,phases   ] GC(20)   Pre Evacuate Collection Set: 0.0ms
[269.476s][info][gc,phases   ] GC(20)   Merge Heap Roots: 0.0ms
[269.476s][info][gc,phases   ] GC(20)   Evacuate Collection Set: 5.4ms
[269.476s][info][gc,phases   ] GC(20)   Post Evacuate Collection Set: 0.7ms
[269.476s][info][gc,phases   ] GC(20)   Other: 0.3ms
[269.476s][info][gc,heap     ] GC(20) Eden regions: 37->0(24)
[269.476s][info][gc,heap     ] GC(20) Survivor regions: 4->6(6)
[269.476s][info][gc,heap     ] GC(20) Old regions: 16->24
[269.476s][info][gc,heap     ] GC(20) Archive regions: 2->2
[269.476s][info][gc,heap     ] GC(20) Humongous regions: 0->0
[269.476s][info][gc,metaspace] GC(20) Metaspace: 46382K(47568K)->46382K(47568K) NonClass: 40736K(41552K)->40736K(41552K) Class: 5646K(6016K)->5646K(6016K)
[269.476s][info][gc          ] GC(20) Pause Young (Normal) (G1 Evacuation Pause) 56M->29M(73M) 6.739ms
[269.476s][info][gc,cpu      ] GC(20) User=0.04s Sys=0.00s Real=0.01s
[269.947s][info][gc,start    ] GC(21) Pause Young (Normal) (G1 Evacuation Pause)
[269.947s][info][gc,task     ] GC(21) Using 8 workers of 8 for evacuation
[269.951s][info][gc,phases   ] GC(21)   Pre Evacuate Collection Set: 0.0ms
[269.951s][info][gc,phases   ] GC(21)   Merge Heap Roots: 0.1ms
[269.951s][info][gc,phases   ] GC(21)   Evacuate Collection Set: 3.7ms
[269.951s][info][gc,phases   ] GC(21)   Post Evacuate Collection Set: 0.4ms
[269.951s][info][gc,phases   ] GC(21)   Other: 0.2ms
[269.951s][info][gc,heap     ] GC(21) Eden regions: 24->0(25)
[269.951s][info][gc,heap     ] GC(21) Survivor regions: 6->1(4)
[269.951s][info][gc,heap     ] GC(21) Old regions: 24->30
[269.951s][info][gc,heap     ] GC(21) Archive regions: 2->2
[269.951s][info][gc,heap     ] GC(21) Humongous regions: 0->0
[269.951s][info][gc,metaspace] GC(21) Metaspace: 46444K(47568K)->46444K(47568K) NonClass: 40797K(41552K)->40797K(41552K) Class: 5646K(6016K)->5646K(6016K)
[269.951s][info][gc          ] GC(21) Pause Young (Normal) (G1 Evacuation Pause) 53M->30M(73M) 4.476ms
[269.951s][info][gc,cpu      ] GC(21) User=0.01s Sys=0.00s Real=0.00s
[270.471s][info][gc,start    ] GC(22) Pause Young (Normal) (G1 Evacuation Pause)
[270.471s][info][gc,task     ] GC(22) Using 8 workers of 8 for evacuation
[270.471s][info][gc,phases   ] GC(22)   Pre Evacuate Collection Set: 0.0ms
[270.471s][info][gc,phases   ] GC(22)   Merge Heap Roots: 0.0ms
[270.471s][info][gc,phases   ] GC(22)   Evacuate Collection Set: 0.5ms
[270.471s][info][gc,phases   ] GC(22)   Post Evacuate Collection Set: 0.2ms
[270.471s][info][gc,phases   ] GC(22)   Other: 0.1ms
[270.471s][info][gc,heap     ] GC(22) Eden regions: 25->0(26)
[270.471s][info][gc,heap     ] GC(22) Survivor regions: 1->1(4)
[270.471s][info][gc,heap     ] GC(22) Old regions: 30->30
[270.471s][info][gc,heap     ] GC(22) Archive regions: 2->2
[270.471s][info][gc,heap     ] GC(22) Humongous regions: 0->0
[270.472s][info][gc,metaspace] GC(22) Metaspace: 46484K(47568K)->46484K(47568K) NonClass: 40837K(41552K)->40837K(41552K) Class: 5646K(6016K)->5646K(6016K)
[270.472s][info][gc          ] GC(22) Pause Young (Normal) (G1 Evacuation Pause) 55M->30M(73M) 0.954ms
[270.472s][info][gc,cpu      ] GC(22) User=0.00s Sys=0.00s Real=0.00s
[296.367s][info][gc,start    ] GC(23) Pause Young (Normal) (G1 Evacuation Pause)
[296.367s][info][gc,task     ] GC(23) Using 8 workers of 8 for evacuation
[296.369s][info][gc,phases   ] GC(23)   Pre Evacuate Collection Set: 0.3ms
[296.369s][info][gc,phases   ] GC(23)   Merge Heap Roots: 0.5ms
[296.369s][info][gc,phases   ] GC(23)   Evacuate Collection Set: 1.3ms
[296.369s][info][gc,phases   ] GC(23)   Post Evacuate Collection Set: 0.3ms
[296.369s][info][gc,phases   ] GC(23)   Other: 0.2ms
[296.369s][info][gc,heap     ] GC(23) Eden regions: 26->0(27)
[296.369s][info][gc,heap     ] GC(23) Survivor regions: 1->1(4)
[296.369s][info][gc,heap     ] GC(23) Old regions: 30->30
[296.369s][info][gc,heap     ] GC(23) Archive regions: 2->2
[296.369s][info][gc,heap     ] GC(23) Humongous regions: 0->0
[296.369s][info][gc,metaspace] GC(23) Metaspace: 46549K(47568K)->46549K(47568K) NonClass: 40901K(41552K)->40901K(41552K) Class: 5647K(6016K)->5647K(6016K)
[296.369s][info][gc          ] GC(23) Pause Young (Normal) (G1 Evacuation Pause) 56M->30M(73M) 2.768ms
[296.369s][info][gc,cpu      ] GC(23) User=0.01s Sys=0.00s Real=0.00s
[296.873s][info][gc,start    ] GC(24) Pause Young (Normal) (G1 Evacuation Pause)
[296.873s][info][gc,task     ] GC(24) Using 8 workers of 8 for evacuation
[296.875s][info][gc,phases   ] GC(24)   Pre Evacuate Collection Set: 0.1ms
[296.875s][info][gc,phases   ] GC(24)   Merge Heap Roots: 0.0ms
[296.875s][info][gc,phases   ] GC(24)   Evacuate Collection Set: 0.8ms
[296.875s][info][gc,phases   ] GC(24)   Post Evacuate Collection Set: 0.3ms
[296.875s][info][gc,phases   ] GC(24)   Other: 0.3ms
[296.875s][info][gc,heap     ] GC(24) Eden regions: 27->0(28)
[296.875s][info][gc,heap     ] GC(24) Survivor regions: 1->1(4)
[296.875s][info][gc,heap     ] GC(24) Old regions: 30->30
[296.875s][info][gc,heap     ] GC(24) Archive regions: 2->2
[296.875s][info][gc,heap     ] GC(24) Humongous regions: 0->0
[296.875s][info][gc,metaspace] GC(24) Metaspace: 46569K(47824K)->46569K(47824K) NonClass: 40921K(41808K)->40921K(41808K) Class: 5648K(6016K)->5648K(6016K)
[296.875s][info][gc          ] GC(24) Pause Young (Normal) (G1 Evacuation Pause) 57M->30M(73M) 1.623ms
[296.875s][info][gc,cpu      ] GC(24) User=0.00s Sys=0.00s Real=0.00s
[297.320s][info][gc,start    ] GC(25) Pause Young (Normal) (G1 Evacuation Pause)
[297.320s][info][gc,task     ] GC(25) Using 8 workers of 8 for evacuation
[297.321s][info][gc,phases   ] GC(25)   Pre Evacuate Collection Set: 0.0ms
[297.321s][info][gc,phases   ] GC(25)   Merge Heap Roots: 0.0ms
[297.321s][info][gc,phases   ] GC(25)   Evacuate Collection Set: 0.5ms
[297.321s][info][gc,phases   ] GC(25)   Post Evacuate Collection Set: 0.2ms
[297.321s][info][gc,phases   ] GC(25)   Other: 0.2ms
[297.321s][info][gc,heap     ] GC(25) Eden regions: 28->0(28)
[297.321s][info][gc,heap     ] GC(25) Survivor regions: 1->1(4)
[297.321s][info][gc,heap     ] GC(25) Old regions: 30->30
[297.321s][info][gc,heap     ] GC(25) Archive regions: 2->2
[297.321s][info][gc,heap     ] GC(25) Humongous regions: 0->0
[297.321s][info][gc,metaspace] GC(25) Metaspace: 46603K(47824K)->46603K(47824K) NonClass: 40954K(41808K)->40954K(41808K) Class: 5648K(6016K)->5648K(6016K)
[297.321s][info][gc          ] GC(25) Pause Young (Normal) (G1 Evacuation Pause) 58M->30M(73M) 0.947ms
[297.321s][info][gc,cpu      ] GC(25) User=0.01s Sys=0.00s Real=0.00s
[323.000s][info][gc,start    ] GC(26) Pause Young (Normal) (G1 Evacuation Pause)
[323.001s][info][gc,task     ] GC(26) Using 8 workers of 8 for evacuation
[323.001s][info][gc,phases   ] GC(26)   Pre Evacuate Collection Set: 0.0ms
[323.001s][info][gc,phases   ] GC(26)   Merge Heap Roots: 0.0ms
[323.001s][info][gc,phases   ] GC(26)   Evacuate Collection Set: 0.4ms
[323.001s][info][gc,phases   ] GC(26)   Post Evacuate Collection Set: 0.2ms
[323.001s][info][gc,phases   ] GC(26)   Other: 0.9ms
[323.001s][info][gc,heap     ] GC(26) Eden regions: 28->0(29)
[323.001s][info][gc,heap     ] GC(26) Survivor regions: 1->1(4)
[323.001s][info][gc,heap     ] GC(26) Old regions: 30->30
[323.001s][info][gc,heap     ] GC(26) Archive regions: 2->2
[323.001s][info][gc,heap     ] GC(26) Humongous regions: 0->0
[323.001s][info][gc,metaspace] GC(26) Metaspace: 46632K(47824K)->46632K(47824K) NonClass: 40984K(41808K)->40984K(41808K) Class: 5648K(6016K)->5648K(6016K)
[323.001s][info][gc          ] GC(26) Pause Young (Normal) (G1 Evacuation Pause) 58M->30M(73M) 1.605ms
[323.002s][info][gc,cpu      ] GC(26) User=0.00s Sys=0.00s Real=0.00s
[411.096s][info][gc,start    ] GC(27) Pause Young (Normal) (G1 Evacuation Pause)
[411.096s][info][gc,task     ] GC(27) Using 8 workers of 8 for evacuation
[411.100s][info][gc,phases   ] GC(27)   Pre Evacuate Collection Set: 0.1ms
[411.100s][info][gc,phases   ] GC(27)   Merge Heap Roots: 0.0ms
[411.100s][info][gc,phases   ] GC(27)   Evacuate Collection Set: 3.2ms
[411.100s][info][gc,phases   ] GC(27)   Post Evacuate Collection Set: 0.3ms
[411.100s][info][gc,phases   ] GC(27)   Other: 0.3ms
[411.100s][info][gc,heap     ] GC(27) Eden regions: 29->0(16)
[411.100s][info][gc,heap     ] GC(27) Survivor regions: 1->4(4)
[411.100s][info][gc,heap     ] GC(27) Old regions: 30->34
[411.100s][info][gc,heap     ] GC(27) Archive regions: 2->2
[411.100s][info][gc,heap     ] GC(27) Humongous regions: 0->0
[411.100s][info][gc,metaspace] GC(27) Metaspace: 46655K(47824K)->46655K(47824K) NonClass: 41007K(41808K)->41007K(41808K) Class: 5648K(6016K)->5648K(6016K)
[411.100s][info][gc          ] GC(27) Pause Young (Normal) (G1 Evacuation Pause) 59M->38M(73M) 4.159ms
[411.101s][info][gc,cpu      ] GC(27) User=0.02s Sys=0.00s Real=0.00s
[411.283s][info][gc,start    ] GC(28) Pause Young (Concurrent Start) (G1 Evacuation Pause)
[411.283s][info][gc,task     ] GC(28) Using 8 workers of 8 for evacuation
[411.285s][info][gc,phases   ] GC(28)   Pre Evacuate Collection Set: 0.1ms
[411.285s][info][gc,phases   ] GC(28)   Merge Heap Roots: 0.0ms
[411.285s][info][gc,phases   ] GC(28)   Evacuate Collection Set: 1.2ms
[411.285s][info][gc,phases   ] GC(28)   Post Evacuate Collection Set: 0.2ms
[411.285s][info][gc,phases   ] GC(28)   Other: 0.2ms
[411.285s][info][gc,heap     ] GC(28) Eden regions: 16->0(16)
[411.285s][info][gc,heap     ] GC(28) Survivor regions: 4->1(3)
[411.285s][info][gc,heap     ] GC(28) Old regions: 34->38
[411.285s][info][gc,heap     ] GC(28) Archive regions: 2->2
[411.285s][info][gc,heap     ] GC(28) Humongous regions: 0->0
[411.285s][info][gc,metaspace] GC(28) Metaspace: 46668K(47824K)->46668K(47824K) NonClass: 41020K(41808K)->41020K(41808K) Class: 5648K(6016K)->5648K(6016K)
[411.285s][info][gc          ] GC(28) Pause Young (Concurrent Start) (G1 Evacuation Pause) 54M->38M(73M) 1.882ms
[411.285s][info][gc,cpu      ] GC(28) User=0.01s Sys=0.00s Real=0.00s
[411.285s][info][gc          ] GC(29) Concurrent Cycle
[411.285s][info][gc,marking  ] GC(29) Concurrent Clear Claimed Marks
[411.285s][info][gc,marking  ] GC(29) Concurrent Clear Claimed Marks 0.049ms
[411.285s][info][gc,marking  ] GC(29) Concurrent Scan Root Regions
[411.287s][info][gc,marking  ] GC(29) Concurrent Scan Root Regions 1.604ms
[411.287s][info][gc,marking  ] GC(29) Concurrent Mark (411.287s)
[411.287s][info][gc,marking  ] GC(29) Concurrent Mark From Roots
[411.287s][info][gc,task     ] GC(29) Using 2 workers of 2 for marking
[411.319s][info][gc,marking  ] GC(29) Concurrent Mark From Roots 31.616ms
[411.319s][info][gc,marking  ] GC(29) Concurrent Preclean
[411.319s][info][gc,marking  ] GC(29) Concurrent Preclean 0.086ms
[411.319s][info][gc,marking  ] GC(29) Concurrent Mark (411.287s, 411.319s) 31.777ms
[411.319s][info][gc,start    ] GC(29) Pause Remark
[411.323s][info][gc          ] GC(29) Pause Remark 40M->40M(73M) 3.700ms
[411.323s][info][gc,cpu      ] GC(29) User=0.02s Sys=0.00s Real=0.00s
[411.323s][info][gc,marking  ] GC(29) Concurrent Rebuild Remembered Sets
[411.342s][info][gc,marking  ] GC(29) Concurrent Rebuild Remembered Sets 19.414ms
[411.343s][info][gc,start    ] GC(29) Pause Cleanup
[411.343s][info][gc          ] GC(29) Pause Cleanup 42M->42M(73M) 0.120ms
[411.344s][info][gc,cpu      ] GC(29) User=0.00s Sys=0.00s Real=0.00s
[411.344s][info][gc,marking  ] GC(29) Concurrent Cleanup for Next Mark
[411.344s][info][gc,marking  ] GC(29) Concurrent Cleanup for Next Mark 0.577ms
[411.344s][info][gc          ] GC(29) Concurrent Cycle 59.082ms
[411.473s][info][gc,start    ] GC(30) Pause Young (Normal) (G1 Evacuation Pause)
[411.473s][info][gc,task     ] GC(30) Using 8 workers of 8 for evacuation
[411.473s][info][gc,phases   ] GC(30)   Pre Evacuate Collection Set: 0.0ms
[411.473s][info][gc,phases   ] GC(30)   Merge Heap Roots: 0.0ms
[411.473s][info][gc,phases   ] GC(30)   Evacuate Collection Set: 0.4ms
[411.473s][info][gc,phases   ] GC(30)   Post Evacuate Collection Set: 0.2ms
[411.473s][info][gc,phases   ] GC(30)   Other: 0.1ms
[411.473s][info][gc,heap     ] GC(30) Eden regions: 16->0(17)
[411.473s][info][gc,heap     ] GC(30) Survivor regions: 1->1(3)
[411.473s][info][gc,heap     ] GC(30) Old regions: 38->38
[411.473s][info][gc,heap     ] GC(30) Archive regions: 2->2
[411.473s][info][gc,heap     ] GC(30) Humongous regions: 0->0
[411.473s][info][gc,metaspace] GC(30) Metaspace: 46674K(47824K)->46674K(47824K) NonClass: 41025K(41808K)->41025K(41808K) Class: 5648K(6016K)->5648K(6016K)
[411.473s][info][gc          ] GC(30) Pause Young (Normal) (G1 Evacuation Pause) 54M->38M(73M) 0.941ms
[411.474s][info][gc,cpu      ] GC(30) User=0.00s Sys=0.00s Real=0.01s
[411.643s][info][gc,start    ] GC(31) Pause Young (Concurrent Start) (G1 Evacuation Pause)
[411.643s][info][gc,task     ] GC(31) Using 8 workers of 8 for evacuation
[411.644s][info][gc,phases   ] GC(31)   Pre Evacuate Collection Set: 0.1ms
[411.644s][info][gc,phases   ] GC(31)   Merge Heap Roots: 0.0ms
[411.644s][info][gc,phases   ] GC(31)   Evacuate Collection Set: 0.6ms
[411.644s][info][gc,phases   ] GC(31)   Post Evacuate Collection Set: 0.2ms
[411.644s][info][gc,phases   ] GC(31)   Other: 0.1ms
[411.644s][info][gc,heap     ] GC(31) Eden regions: 17->0(19)
[411.644s][info][gc,heap     ] GC(31) Survivor regions: 1->1(3)
[411.644s][info][gc,heap     ] GC(31) Old regions: 38->38
[411.644s][info][gc,heap     ] GC(31) Archive regions: 2->2
[411.644s][info][gc,heap     ] GC(31) Humongous regions: 0->0
[411.644s][info][gc,metaspace] GC(31) Metaspace: 46679K(47824K)->46679K(47824K) NonClass: 41029K(41808K)->41029K(41808K) Class: 5650K(6016K)->5650K(6016K)
[411.644s][info][gc          ] GC(31) Pause Young (Concurrent Start) (G1 Evacuation Pause) 55M->38M(73M) 1.116ms
[411.644s][info][gc,cpu      ] GC(31) User=0.00s Sys=0.00s Real=0.00s
[411.644s][info][gc          ] GC(32) Concurrent Cycle
[411.644s][info][gc,marking  ] GC(32) Concurrent Clear Claimed Marks
[411.645s][info][gc,marking  ] GC(32) Concurrent Clear Claimed Marks 0.043ms
[411.645s][info][gc,marking  ] GC(32) Concurrent Scan Root Regions
[411.646s][info][gc,marking  ] GC(32) Concurrent Scan Root Regions 1.034ms
[411.646s][info][gc,marking  ] GC(32) Concurrent Mark (411.646s)
[411.646s][info][gc,marking  ] GC(32) Concurrent Mark From Roots
[411.646s][info][gc,task     ] GC(32) Using 2 workers of 2 for marking
[411.677s][info][gc,marking  ] GC(32) Concurrent Mark From Roots 31.235ms
[411.677s][info][gc,marking  ] GC(32) Concurrent Preclean
[411.677s][info][gc,marking  ] GC(32) Concurrent Preclean 0.107ms
[411.677s][info][gc,marking  ] GC(32) Concurrent Mark (411.646s, 411.677s) 31.424ms
[411.677s][info][gc,start    ] GC(32) Pause Remark
[411.680s][info][gc          ] GC(32) Pause Remark 41M->41M(74M) 2.608ms
[411.680s][info][gc,cpu      ] GC(32) User=0.02s Sys=0.00s Real=0.00s
[411.683s][info][gc,marking  ] GC(32) Concurrent Rebuild Remembered Sets
[411.699s][info][gc,marking  ] GC(32) Concurrent Rebuild Remembered Sets 16.005ms
[411.700s][info][gc,start    ] GC(32) Pause Cleanup
[411.700s][info][gc          ] GC(32) Pause Cleanup 42M->42M(74M) 0.133ms
[411.700s][info][gc,cpu      ] GC(32) User=0.00s Sys=0.00s Real=0.00s
[411.700s][info][gc,marking  ] GC(32) Concurrent Cleanup for Next Mark
[411.700s][info][gc,marking  ] GC(32) Concurrent Cleanup for Next Mark 0.272ms
[411.700s][info][gc          ] GC(32) Concurrent Cycle 55.615ms
[411.825s][info][gc,start    ] GC(33) Pause Young (Prepare Mixed) (G1 Evacuation Pause)
[411.825s][info][gc,task     ] GC(33) Using 8 workers of 8 for evacuation
[411.826s][info][gc,phases   ] GC(33)   Pre Evacuate Collection Set: 0.0ms
[411.826s][info][gc,phases   ] GC(33)   Merge Heap Roots: 0.0ms
[411.826s][info][gc,phases   ] GC(33)   Evacuate Collection Set: 0.4ms
[411.826s][info][gc,phases   ] GC(33)   Post Evacuate Collection Set: 0.4ms
[411.826s][info][gc,phases   ] GC(33)   Other: 0.1ms
[411.826s][info][gc,heap     ] GC(33) Eden regions: 19->0(2)
[411.826s][info][gc,heap     ] GC(33) Survivor regions: 1->1(3)
[411.826s][info][gc,heap     ] GC(33) Old regions: 38->38
[411.826s][info][gc,heap     ] GC(33) Archive regions: 2->2
[411.826s][info][gc,heap     ] GC(33) Humongous regions: 0->0
[411.826s][info][gc,metaspace] GC(33) Metaspace: 46682K(47824K)->46682K(47824K) NonClass: 41031K(41808K)->41031K(41808K) Class: 5650K(6016K)->5650K(6016K)
[411.826s][info][gc          ] GC(33) Pause Young (Prepare Mixed) (G1 Evacuation Pause) 57M->38M(74M) 1.040ms
[411.826s][info][gc,cpu      ] GC(33) User=0.01s Sys=0.00s Real=0.00s
[411.842s][info][gc,start    ] GC(34) Pause Young (Mixed) (G1 Evacuation Pause)
[411.842s][info][gc,task     ] GC(34) Using 8 workers of 8 for evacuation
[411.844s][info][gc,phases   ] GC(34)   Pre Evacuate Collection Set: 0.0ms
[411.844s][info][gc,phases   ] GC(34)   Merge Heap Roots: 0.0ms
[411.844s][info][gc,phases   ] GC(34)   Evacuate Collection Set: 1.6ms
[411.844s][info][gc,phases   ] GC(34)   Post Evacuate Collection Set: 0.4ms
[411.844s][info][gc,phases   ] GC(34)   Other: 0.2ms
[411.844s][info][gc,heap     ] GC(34) Eden regions: 2->0(2)
[411.844s][info][gc,heap     ] GC(34) Survivor regions: 1->1(1)
[411.844s][info][gc,heap     ] GC(34) Old regions: 38->32
[411.844s][info][gc,heap     ] GC(34) Archive regions: 2->2
[411.844s][info][gc,heap     ] GC(34) Humongous regions: 0->0
[411.844s][info][gc,metaspace] GC(34) Metaspace: 46682K(47824K)->46682K(47824K) NonClass: 41032K(41808K)->41032K(41808K) Class: 5650K(6016K)->5650K(6016K)
[411.844s][info][gc          ] GC(34) Pause Young (Mixed) (G1 Evacuation Pause) 40M->32M(74M) 2.709ms
[411.844s][info][gc,cpu      ] GC(34) User=0.02s Sys=0.00s Real=0.01s
[411.864s][info][gc,start    ] GC(35) Pause Young (Mixed) (G1 Evacuation Pause)
[411.864s][info][gc,task     ] GC(35) Using 8 workers of 8 for evacuation
[411.867s][info][gc,phases   ] GC(35)   Pre Evacuate Collection Set: 0.0ms
[411.867s][info][gc,phases   ] GC(35)   Merge Heap Roots: 0.1ms
[411.867s][info][gc,phases   ] GC(35)   Evacuate Collection Set: 3.0ms
[411.867s][info][gc,phases   ] GC(35)   Post Evacuate Collection Set: 0.4ms
[411.867s][info][gc,phases   ] GC(35)   Other: 0.1ms
[411.867s][info][gc,heap     ] GC(35) Eden regions: 2->0(29)
[411.867s][info][gc,heap     ] GC(35) Survivor regions: 1->1(1)
[411.867s][info][gc,heap     ] GC(35) Old regions: 32->28
[411.867s][info][gc,heap     ] GC(35) Archive regions: 2->2
[411.867s][info][gc,heap     ] GC(35) Humongous regions: 0->0
[411.867s][info][gc,metaspace] GC(35) Metaspace: 46682K(47824K)->46682K(47824K) NonClass: 41032K(41808K)->41032K(41808K) Class: 5650K(6016K)->5650K(6016K)
[411.867s][info][gc          ] GC(35) Pause Young (Mixed) (G1 Evacuation Pause) 34M->28M(74M) 3.729ms
[411.867s][info][gc,cpu      ] GC(35) User=0.02s Sys=0.00s Real=0.00s
[412.149s][info][gc,start    ] GC(36) Pause Young (Normal) (G1 Evacuation Pause)
[412.150s][info][gc,task     ] GC(36) Using 8 workers of 8 for evacuation
[412.151s][info][gc,phases   ] GC(36)   Pre Evacuate Collection Set: 0.0ms
[412.151s][info][gc,phases   ] GC(36)   Merge Heap Roots: 0.0ms
[412.151s][info][gc,phases   ] GC(36)   Evacuate Collection Set: 0.9ms
[412.151s][info][gc,phases   ] GC(36)   Post Evacuate Collection Set: 0.2ms
[412.151s][info][gc,phases   ] GC(36)   Other: 0.2ms
[412.151s][info][gc,heap     ] GC(36) Eden regions: 29->0(30)
[412.151s][info][gc,heap     ] GC(36) Survivor regions: 1->1(4)
[412.151s][info][gc,heap     ] GC(36) Old regions: 28->28
[412.151s][info][gc,heap     ] GC(36) Archive regions: 2->2
[412.151s][info][gc,heap     ] GC(36) Humongous regions: 0->0
[412.151s][info][gc,metaspace] GC(36) Metaspace: 46687K(47824K)->46687K(47824K) NonClass: 41035K(41808K)->41035K(41808K) Class: 5651K(6016K)->5651K(6016K)
[412.151s][info][gc          ] GC(36) Pause Young (Normal) (G1 Evacuation Pause) 57M->28M(74M) 1.511ms
[412.151s][info][gc,cpu      ] GC(36) User=0.00s Sys=0.00s Real=0.00s
[412.406s][info][gc,start    ] GC(37) Pause Young (Normal) (G1 Evacuation Pause)
[412.406s][info][gc,task     ] GC(37) Using 8 workers of 8 for evacuation
[412.407s][info][gc,phases   ] GC(37)   Pre Evacuate Collection Set: 0.1ms
[412.407s][info][gc,phases   ] GC(37)   Merge Heap Roots: 0.0ms
[412.407s][info][gc,phases   ] GC(37)   Evacuate Collection Set: 0.5ms
[412.407s][info][gc,phases   ] GC(37)   Post Evacuate Collection Set: 0.2ms
[412.407s][info][gc,phases   ] GC(37)   Other: 0.2ms
[412.407s][info][gc,heap     ] GC(37) Eden regions: 30->0(31)
[412.407s][info][gc,heap     ] GC(37) Survivor regions: 1->1(4)
[412.407s][info][gc,heap     ] GC(37) Old regions: 28->28
[412.407s][info][gc,heap     ] GC(37) Archive regions: 2->2
[412.407s][info][gc,heap     ] GC(37) Humongous regions: 0->0
[412.407s][info][gc,metaspace] GC(37) Metaspace: 46687K(47824K)->46687K(47824K) NonClass: 41035K(41808K)->41035K(41808K) Class: 5652K(6016K)->5652K(6016K)
[412.407s][info][gc          ] GC(37) Pause Young (Normal) (G1 Evacuation Pause) 58M->28M(74M) 1.123ms
[412.407s][info][gc,cpu      ] GC(37) User=0.00s Sys=0.00s Real=0.00s
[412.690s][info][gc,start    ] GC(38) Pause Young (Normal) (G1 Evacuation Pause)
[412.690s][info][gc,task     ] GC(38) Using 8 workers of 8 for evacuation
[412.691s][info][gc,phases   ] GC(38)   Pre Evacuate Collection Set: 0.0ms
[412.691s][info][gc,phases   ] GC(38)   Merge Heap Roots: 0.0ms
[412.691s][info][gc,phases   ] GC(38)   Evacuate Collection Set: 0.4ms
[412.691s][info][gc,phases   ] GC(38)   Post Evacuate Collection Set: 0.5ms
[412.691s][info][gc,phases   ] GC(38)   Other: 0.1ms
[412.691s][info][gc,heap     ] GC(38) Eden regions: 31->0(32)
[412.691s][info][gc,heap     ] GC(38) Survivor regions: 1->1(4)
[412.691s][info][gc,heap     ] GC(38) Old regions: 28->28
[412.691s][info][gc,heap     ] GC(38) Archive regions: 2->2
[412.691s][info][gc,heap     ] GC(38) Humongous regions: 0->0
[412.691s][info][gc,metaspace] GC(38) Metaspace: 46694K(47824K)->46694K(47824K) NonClass: 41041K(41808K)->41041K(41808K) Class: 5652K(6016K)->5652K(6016K)
[412.691s][info][gc          ] GC(38) Pause Young (Normal) (G1 Evacuation Pause) 59M->28M(74M) 1.147ms
[412.691s][info][gc,cpu      ] GC(38) User=0.00s Sys=0.01s Real=0.00s
[412.957s][info][gc,start    ] GC(39) Pause Young (Normal) (G1 Evacuation Pause)
[412.957s][info][gc,task     ] GC(39) Using 8 workers of 8 for evacuation
[412.958s][info][gc,phases   ] GC(39)   Pre Evacuate Collection Set: 0.1ms
[412.958s][info][gc,phases   ] GC(39)   Merge Heap Roots: 0.0ms
[412.958s][info][gc,phases   ] GC(39)   Evacuate Collection Set: 0.5ms
[412.958s][info][gc,phases   ] GC(39)   Post Evacuate Collection Set: 0.2ms
[412.958s][info][gc,phases   ] GC(39)   Other: 0.2ms
[412.958s][info][gc,heap     ] GC(39) Eden regions: 32->0(31)
[412.958s][info][gc,heap     ] GC(39) Survivor regions: 1->2(5)
[412.958s][info][gc,heap     ] GC(39) Old regions: 28->28
[412.958s][info][gc,heap     ] GC(39) Archive regions: 2->2
[412.958s][info][gc,heap     ] GC(39) Humongous regions: 0->0
[412.958s][info][gc,metaspace] GC(39) Metaspace: 46694K(47824K)->46694K(47824K) NonClass: 41042K(41808K)->41042K(41808K) Class: 5652K(6016K)->5652K(6016K)
[412.958s][info][gc          ] GC(39) Pause Young (Normal) (G1 Evacuation Pause) 60M->29M(74M) 1.082ms
[412.958s][info][gc,cpu      ] GC(39) User=0.01s Sys=0.00s Real=0.00s
[413.212s][info][gc,start    ] GC(40) Pause Young (Normal) (G1 Evacuation Pause)
[413.212s][info][gc,task     ] GC(40) Using 8 workers of 8 for evacuation
[413.213s][info][gc,phases   ] GC(40)   Pre Evacuate Collection Set: 0.1ms
[413.214s][info][gc,phases   ] GC(40)   Merge Heap Roots: 0.0ms
[413.214s][info][gc,phases   ] GC(40)   Evacuate Collection Set: 0.8ms
[413.214s][info][gc,phases   ] GC(40)   Post Evacuate Collection Set: 0.2ms
[413.214s][info][gc,phases   ] GC(40)   Other: 0.1ms
[413.214s][info][gc,heap     ] GC(40) Eden regions: 31->0(29)
[413.214s][info][gc,heap     ] GC(40) Survivor regions: 2->3(5)
[413.214s][info][gc,heap     ] GC(40) Old regions: 28->28
[413.214s][info][gc,heap     ] GC(40) Archive regions: 2->2
[413.214s][info][gc,heap     ] GC(40) Humongous regions: 0->0
[413.214s][info][gc,metaspace] GC(40) Metaspace: 46694K(47824K)->46694K(47824K) NonClass: 41042K(41808K)->41042K(41808K) Class: 5652K(6016K)->5652K(6016K)
[413.214s][info][gc          ] GC(40) Pause Young (Normal) (G1 Evacuation Pause) 60M->30M(74M) 1.373ms
[413.214s][info][gc,cpu      ] GC(40) User=0.00s Sys=0.00s Real=0.01s
[413.426s][info][gc,start    ] GC(41) Pause Young (Normal) (G1 Evacuation Pause)
[413.426s][info][gc,task     ] GC(41) Using 8 workers of 8 for evacuation
[413.427s][info][gc,phases   ] GC(41)   Pre Evacuate Collection Set: 0.1ms
[413.427s][info][gc,phases   ] GC(41)   Merge Heap Roots: 0.0ms
[413.427s][info][gc,phases   ] GC(41)   Evacuate Collection Set: 0.6ms
[413.427s][info][gc,phases   ] GC(41)   Post Evacuate Collection Set: 0.2ms
[413.427s][info][gc,phases   ] GC(41)   Other: 0.1ms
[413.427s][info][gc,heap     ] GC(41) Eden regions: 29->0(30)
[413.427s][info][gc,heap     ] GC(41) Survivor regions: 3->3(4)
[413.427s][info][gc,heap     ] GC(41) Old regions: 28->28
[413.427s][info][gc,heap     ] GC(41) Archive regions: 2->2
[413.427s][info][gc,heap     ] GC(41) Humongous regions: 0->0
[413.427s][info][gc,metaspace] GC(41) Metaspace: 46694K(47824K)->46694K(47824K) NonClass: 41042K(41808K)->41042K(41808K) Class: 5652K(6016K)->5652K(6016K)
[413.427s][info][gc          ] GC(41) Pause Young (Normal) (G1 Evacuation Pause) 59M->30M(74M) 1.126ms
[413.427s][info][gc,cpu      ] GC(41) User=0.00s Sys=0.00s Real=0.00s
[413.618s][info][gc,start    ] GC(42) Pause Young (Normal) (G1 Evacuation Pause)
[413.619s][info][gc,task     ] GC(42) Using 8 workers of 8 for evacuation
[413.620s][info][gc,phases   ] GC(42)   Pre Evacuate Collection Set: 0.0ms
[413.620s][info][gc,phases   ] GC(42)   Merge Heap Roots: 0.0ms
[413.620s][info][gc,phases   ] GC(42)   Evacuate Collection Set: 0.9ms
[413.620s][info][gc,phases   ] GC(42)   Post Evacuate Collection Set: 0.3ms
[413.620s][info][gc,phases   ] GC(42)   Other: 0.2ms
[413.620s][info][gc,heap     ] GC(42) Eden regions: 30->0(30)
[413.620s][info][gc,heap     ] GC(42) Survivor regions: 3->3(5)
[413.620s][info][gc,heap     ] GC(42) Old regions: 28->28
[413.620s][info][gc,heap     ] GC(42) Archive regions: 2->2
[413.620s][info][gc,heap     ] GC(42) Humongous regions: 0->0
[413.620s][info][gc,metaspace] GC(42) Metaspace: 46695K(47824K)->46695K(47824K) NonClass: 41043K(41808K)->41043K(41808K) Class: 5652K(6016K)->5652K(6016K)
[413.620s][info][gc          ] GC(42) Pause Young (Normal) (G1 Evacuation Pause) 60M->30M(74M) 1.743ms
[413.620s][info][gc,cpu      ] GC(42) User=0.01s Sys=0.00s Real=0.00s
[413.832s][info][gc,start    ] GC(43) Pause Young (Normal) (G1 Evacuation Pause)
[413.832s][info][gc,task     ] GC(43) Using 8 workers of 8 for evacuation
[413.833s][info][gc,phases   ] GC(43)   Pre Evacuate Collection Set: 0.1ms
[413.834s][info][gc,phases   ] GC(43)   Merge Heap Roots: 0.0ms
[413.834s][info][gc,phases   ] GC(43)   Evacuate Collection Set: 0.6ms
[413.834s][info][gc,phases   ] GC(43)   Post Evacuate Collection Set: 0.2ms
[413.834s][info][gc,phases   ] GC(43)   Other: 0.2ms
[413.834s][info][gc,heap     ] GC(43) Eden regions: 30->0(30)
[413.834s][info][gc,heap     ] GC(43) Survivor regions: 3->3(5)
[413.834s][info][gc,heap     ] GC(43) Old regions: 28->28
[413.834s][info][gc,heap     ] GC(43) Archive regions: 2->2
[413.834s][info][gc,heap     ] GC(43) Humongous regions: 0->0
[413.834s][info][gc,metaspace] GC(43) Metaspace: 46695K(47824K)->46695K(47824K) NonClass: 41043K(41808K)->41043K(41808K) Class: 5652K(6016K)->5652K(6016K)
[413.834s][info][gc          ] GC(43) Pause Young (Normal) (G1 Evacuation Pause) 60M->30M(74M) 1.181ms
[413.834s][info][gc,cpu      ] GC(43) User=0.00s Sys=0.00s Real=0.01s
[414.033s][info][gc,start    ] GC(44) Pause Young (Normal) (G1 Evacuation Pause)
[414.033s][info][gc,task     ] GC(44) Using 8 workers of 8 for evacuation
[414.034s][info][gc,phases   ] GC(44)   Pre Evacuate Collection Set: 0.0ms
[414.034s][info][gc,phases   ] GC(44)   Merge Heap Roots: 0.0ms
[414.034s][info][gc,phases   ] GC(44)   Evacuate Collection Set: 1.0ms
[414.034s][info][gc,phases   ] GC(44)   Post Evacuate Collection Set: 0.3ms
[414.034s][info][gc,phases   ] GC(44)   Other: 0.1ms
[414.034s][info][gc,heap     ] GC(44) Eden regions: 30->0(30)
[414.034s][info][gc,heap     ] GC(44) Survivor regions: 3->3(5)
[414.034s][info][gc,heap     ] GC(44) Old regions: 28->28
[414.034s][info][gc,heap     ] GC(44) Archive regions: 2->2
[414.034s][info][gc,heap     ] GC(44) Humongous regions: 0->0
[414.034s][info][gc,metaspace] GC(44) Metaspace: 46695K(47824K)->46695K(47824K) NonClass: 41043K(41808K)->41043K(41808K) Class: 5652K(6016K)->5652K(6016K)
[414.034s][info][gc          ] GC(44) Pause Young (Normal) (G1 Evacuation Pause) 60M->30M(74M) 1.592ms
[414.034s][info][gc,cpu      ] GC(44) User=0.00s Sys=0.00s Real=0.01s
[414.256s][info][gc,start    ] GC(45) Pause Young (Normal) (G1 Evacuation Pause)
[414.256s][info][gc,task     ] GC(45) Using 8 workers of 8 for evacuation
[414.257s][info][gc,phases   ] GC(45)   Pre Evacuate Collection Set: 0.0ms
[414.257s][info][gc,phases   ] GC(45)   Merge Heap Roots: 0.0ms
[414.257s][info][gc,phases   ] GC(45)   Evacuate Collection Set: 0.8ms
[414.257s][info][gc,phases   ] GC(45)   Post Evacuate Collection Set: 0.2ms
[414.257s][info][gc,phases   ] GC(45)   Other: 0.1ms
[414.257s][info][gc,heap     ] GC(45) Eden regions: 30->0(30)
[414.257s][info][gc,heap     ] GC(45) Survivor regions: 3->3(5)
[414.257s][info][gc,heap     ] GC(45) Old regions: 28->28
[414.257s][info][gc,heap     ] GC(45) Archive regions: 2->2
[414.257s][info][gc,heap     ] GC(45) Humongous regions: 0->0
[414.257s][info][gc,metaspace] GC(45) Metaspace: 46695K(47824K)->46695K(47824K) NonClass: 41043K(41808K)->41043K(41808K) Class: 5652K(6016K)->5652K(6016K)
[414.257s][info][gc          ] GC(45) Pause Young (Normal) (G1 Evacuation Pause) 60M->30M(74M) 1.297ms
[414.257s][info][gc,cpu      ] GC(45) User=0.01s Sys=0.00s Real=0.00s
[414.504s][info][gc,start    ] GC(46) Pause Young (Normal) (G1 Evacuation Pause)
[414.504s][info][gc,task     ] GC(46) Using 8 workers of 8 for evacuation
[414.506s][info][gc,phases   ] GC(46)   Pre Evacuate Collection Set: 0.0ms
[414.506s][info][gc,phases   ] GC(46)   Merge Heap Roots: 0.1ms
[414.506s][info][gc,phases   ] GC(46)   Evacuate Collection Set: 1.2ms
[414.506s][info][gc,phases   ] GC(46)   Post Evacuate Collection Set: 0.4ms
[414.506s][info][gc,phases   ] GC(46)   Other: 0.2ms
[414.506s][info][gc,heap     ] GC(46) Eden regions: 30->0(30)
[414.506s][info][gc,heap     ] GC(46) Survivor regions: 3->3(5)
[414.506s][info][gc,heap     ] GC(46) Old regions: 28->28
[414.506s][info][gc,heap     ] GC(46) Archive regions: 2->2
[414.506s][info][gc,heap     ] GC(46) Humongous regions: 0->0
[414.506s][info][gc,metaspace] GC(46) Metaspace: 46695K(47824K)->46695K(47824K) NonClass: 41043K(41808K)->41043K(41808K) Class: 5652K(6016K)->5652K(6016K)
[414.506s][info][gc          ] GC(46) Pause Young (Normal) (G1 Evacuation Pause) 60M->30M(74M) 1.902ms
[414.506s][info][gc,cpu      ] GC(46) User=0.00s Sys=0.00s Real=0.00s
[414.798s][info][gc,start    ] GC(47) Pause Young (Normal) (G1 Evacuation Pause)
[414.798s][info][gc,task     ] GC(47) Using 8 workers of 8 for evacuation
[414.799s][info][gc,phases   ] GC(47)   Pre Evacuate Collection Set: 0.0ms
[414.799s][info][gc,phases   ] GC(47)   Merge Heap Roots: 0.0ms
[414.799s][info][gc,phases   ] GC(47)   Evacuate Collection Set: 1.2ms
[414.799s][info][gc,phases   ] GC(47)   Post Evacuate Collection Set: 0.3ms
[414.799s][info][gc,phases   ] GC(47)   Other: 0.1ms
[414.799s][info][gc,heap     ] GC(47) Eden regions: 30->0(30)
[414.799s][info][gc,heap     ] GC(47) Survivor regions: 3->3(5)
[414.799s][info][gc,heap     ] GC(47) Old regions: 28->28
[414.799s][info][gc,heap     ] GC(47) Archive regions: 2->2
[414.799s][info][gc,heap     ] GC(47) Humongous regions: 0->0
[414.799s][info][gc,metaspace] GC(47) Metaspace: 46697K(47824K)->46697K(47824K) NonClass: 41044K(41808K)->41044K(41808K) Class: 5652K(6016K)->5652K(6016K)
[414.799s][info][gc          ] GC(47) Pause Young (Normal) (G1 Evacuation Pause) 60M->31M(74M) 1.786ms
[414.799s][info][gc,cpu      ] GC(47) User=0.01s Sys=0.00s Real=0.00s
[415.051s][info][gc,start    ] GC(48) Pause Young (Normal) (G1 Evacuation Pause)
[415.051s][info][gc,task     ] GC(48) Using 8 workers of 8 for evacuation
[415.052s][info][gc,phases   ] GC(48)   Pre Evacuate Collection Set: 0.0ms
[415.052s][info][gc,phases   ] GC(48)   Merge Heap Roots: 0.0ms
[415.052s][info][gc,phases   ] GC(48)   Evacuate Collection Set: 1.2ms
[415.052s][info][gc,phases   ] GC(48)   Post Evacuate Collection Set: 0.3ms
[415.053s][info][gc,phases   ] GC(48)   Other: 0.1ms
[415.053s][info][gc,heap     ] GC(48) Eden regions: 30->0(30)
[415.053s][info][gc,heap     ] GC(48) Survivor regions: 3->3(5)
[415.053s][info][gc,heap     ] GC(48) Old regions: 28->28
[415.053s][info][gc,heap     ] GC(48) Archive regions: 2->2
[415.053s][info][gc,heap     ] GC(48) Humongous regions: 0->0
[415.053s][info][gc,metaspace] GC(48) Metaspace: 46697K(47824K)->46697K(47824K) NonClass: 41045K(41808K)->41045K(41808K) Class: 5652K(6016K)->5652K(6016K)
[415.053s][info][gc          ] GC(48) Pause Young (Normal) (G1 Evacuation Pause) 61M->30M(74M) 1.934ms
[415.053s][info][gc,cpu      ] GC(48) User=0.00s Sys=0.00s Real=0.00s
[415.333s][info][gc,start    ] GC(49) Pause Young (Normal) (G1 Evacuation Pause)
[415.333s][info][gc,task     ] GC(49) Using 8 workers of 8 for evacuation
[415.335s][info][gc,phases   ] GC(49)   Pre Evacuate Collection Set: 0.0ms
[415.335s][info][gc,phases   ] GC(49)   Merge Heap Roots: 0.0ms
[415.335s][info][gc,phases   ] GC(49)   Evacuate Collection Set: 1.0ms
[415.335s][info][gc,phases   ] GC(49)   Post Evacuate Collection Set: 0.2ms
[415.335s][info][gc,phases   ] GC(49)   Other: 0.1ms
[415.335s][info][gc,heap     ] GC(49) Eden regions: 30->0(30)
[415.335s][info][gc,heap     ] GC(49) Survivor regions: 3->3(5)
[415.335s][info][gc,heap     ] GC(49) Old regions: 28->28
[415.335s][info][gc,heap     ] GC(49) Archive regions: 2->2
[415.335s][info][gc,heap     ] GC(49) Humongous regions: 0->0
[415.335s][info][gc,metaspace] GC(49) Metaspace: 46699K(47824K)->46699K(47824K) NonClass: 41047K(41808K)->41047K(41808K) Class: 5652K(6016K)->5652K(6016K)
[415.335s][info][gc          ] GC(49) Pause Young (Normal) (G1 Evacuation Pause) 60M->31M(74M) 1.447ms
[415.335s][info][gc,cpu      ] GC(49) User=0.00s Sys=0.00s Real=0.00s
[415.551s][info][gc,start    ] GC(50) Pause Young (Normal) (G1 Evacuation Pause)
[415.551s][info][gc,task     ] GC(50) Using 8 workers of 8 for evacuation
[415.552s][info][gc,phases   ] GC(50)   Pre Evacuate Collection Set: 0.0ms
[415.552s][info][gc,phases   ] GC(50)   Merge Heap Roots: 0.0ms
[415.552s][info][gc,phases   ] GC(50)   Evacuate Collection Set: 0.7ms
[415.552s][info][gc,phases   ] GC(50)   Post Evacuate Collection Set: 0.2ms
[415.552s][info][gc,phases   ] GC(50)   Other: 0.2ms
[415.552s][info][gc,heap     ] GC(50) Eden regions: 30->0(30)
[415.552s][info][gc,heap     ] GC(50) Survivor regions: 3->3(5)
[415.552s][info][gc,heap     ] GC(50) Old regions: 28->28
[415.552s][info][gc,heap     ] GC(50) Archive regions: 2->2
[415.552s][info][gc,heap     ] GC(50) Humongous regions: 0->0
[415.552s][info][gc,metaspace] GC(50) Metaspace: 46699K(47824K)->46699K(47824K) NonClass: 41047K(41808K)->41047K(41808K) Class: 5652K(6016K)->5652K(6016K)
[415.552s][info][gc          ] GC(50) Pause Young (Normal) (G1 Evacuation Pause) 61M->31M(74M) 1.272ms
[415.552s][info][gc,cpu      ] GC(50) User=0.01s Sys=0.00s Real=0.00s
[415.783s][info][gc,start    ] GC(51) Pause Young (Normal) (G1 Evacuation Pause)
[415.783s][info][gc,task     ] GC(51) Using 8 workers of 8 for evacuation
[415.784s][info][gc,phases   ] GC(51)   Pre Evacuate Collection Set: 0.0ms
[415.784s][info][gc,phases   ] GC(51)   Merge Heap Roots: 0.0ms
[415.784s][info][gc,phases   ] GC(51)   Evacuate Collection Set: 0.7ms
[415.784s][info][gc,phases   ] GC(51)   Post Evacuate Collection Set: 0.2ms
[415.784s][info][gc,phases   ] GC(51)   Other: 0.1ms
[415.784s][info][gc,heap     ] GC(51) Eden regions: 30->0(29)
[415.784s][info][gc,heap     ] GC(51) Survivor regions: 3->3(5)
[415.784s][info][gc,heap     ] GC(51) Old regions: 28->29
[415.784s][info][gc,heap     ] GC(51) Archive regions: 2->2
[415.784s][info][gc,heap     ] GC(51) Humongous regions: 0->0
[415.784s][info][gc,metaspace] GC(51) Metaspace: 46706K(47824K)->46706K(47824K) NonClass: 41053K(41808K)->41053K(41808K) Class: 5652K(6016K)->5652K(6016K)
[415.784s][info][gc          ] GC(51) Pause Young (Normal) (G1 Evacuation Pause) 61M->31M(74M) 1.106ms
[415.784s][info][gc,cpu      ] GC(51) User=0.00s Sys=0.00s Real=0.00s
[415.967s][info][gc,start    ] GC(52) Pause Young (Normal) (G1 Evacuation Pause)
[415.967s][info][gc,task     ] GC(52) Using 8 workers of 8 for evacuation
[415.968s][info][gc,phases   ] GC(52)   Pre Evacuate Collection Set: 0.0ms
[415.968s][info][gc,phases   ] GC(52)   Merge Heap Roots: 0.0ms
[415.968s][info][gc,phases   ] GC(52)   Evacuate Collection Set: 0.6ms
[415.968s][info][gc,phases   ] GC(52)   Post Evacuate Collection Set: 0.2ms
[415.968s][info][gc,phases   ] GC(52)   Other: 0.1ms
[415.968s][info][gc,heap     ] GC(52) Eden regions: 29->0(31)
[415.968s][info][gc,heap     ] GC(52) Survivor regions: 3->2(4)
[415.968s][info][gc,heap     ] GC(52) Old regions: 29->29
[415.968s][info][gc,heap     ] GC(52) Archive regions: 2->2
[415.968s][info][gc,heap     ] GC(52) Humongous regions: 0->0
[415.968s][info][gc,metaspace] GC(52) Metaspace: 46709K(47824K)->46709K(47824K) NonClass: 41056K(41808K)->41056K(41808K) Class: 5652K(6016K)->5652K(6016K)
[415.968s][info][gc          ] GC(52) Pause Young (Normal) (G1 Evacuation Pause) 60M->31M(74M) 1.105ms
[415.968s][info][gc,cpu      ] GC(52) User=0.00s Sys=0.00s Real=0.00s
[416.189s][info][gc,start    ] GC(53) Pause Young (Normal) (G1 Evacuation Pause)
[416.189s][info][gc,task     ] GC(53) Using 8 workers of 8 for evacuation
[416.189s][info][gc,phases   ] GC(53)   Pre Evacuate Collection Set: 0.0ms
[416.189s][info][gc,phases   ] GC(53)   Merge Heap Roots: 0.0ms
[416.189s][info][gc,phases   ] GC(53)   Evacuate Collection Set: 0.5ms
[416.189s][info][gc,phases   ] GC(53)   Post Evacuate Collection Set: 0.2ms
[416.190s][info][gc,phases   ] GC(53)   Other: 0.2ms
[416.190s][info][gc,heap     ] GC(53) Eden regions: 31->0(31)
[416.190s][info][gc,heap     ] GC(53) Survivor regions: 2->2(5)
[416.190s][info][gc,heap     ] GC(53) Old regions: 29->29
[416.190s][info][gc,heap     ] GC(53) Archive regions: 2->2
[416.190s][info][gc,heap     ] GC(53) Humongous regions: 0->0
[416.190s][info][gc,metaspace] GC(53) Metaspace: 46709K(47824K)->46709K(47824K) NonClass: 41056K(41808K)->41056K(41808K) Class: 5652K(6016K)->5652K(6016K)
[416.190s][info][gc          ] GC(53) Pause Young (Normal) (G1 Evacuation Pause) 62M->31M(74M) 1.051ms
[416.190s][info][gc,cpu      ] GC(53) User=0.00s Sys=0.00s Real=0.00s
[416.399s][info][gc,start    ] GC(54) Pause Young (Normal) (G1 Evacuation Pause)
[416.399s][info][gc,task     ] GC(54) Using 8 workers of 8 for evacuation
[416.400s][info][gc,phases   ] GC(54)   Pre Evacuate Collection Set: 0.0ms
[416.400s][info][gc,phases   ] GC(54)   Merge Heap Roots: 0.0ms
[416.400s][info][gc,phases   ] GC(54)   Evacuate Collection Set: 0.7ms
[416.400s][info][gc,phases   ] GC(54)   Post Evacuate Collection Set: 0.2ms
[416.400s][info][gc,phases   ] GC(54)   Other: 0.1ms
[416.400s][info][gc,heap     ] GC(54) Eden regions: 31->0(31)
[416.400s][info][gc,heap     ] GC(54) Survivor regions: 2->2(5)
[416.400s][info][gc,heap     ] GC(54) Old regions: 29->29
[416.400s][info][gc,heap     ] GC(54) Archive regions: 2->2
[416.401s][info][gc,heap     ] GC(54) Humongous regions: 0->0
[416.401s][info][gc,metaspace] GC(54) Metaspace: 46709K(47824K)->46709K(47824K) NonClass: 41056K(41808K)->41056K(41808K) Class: 5652K(6016K)->5652K(6016K)
[416.401s][info][gc          ] GC(54) Pause Young (Normal) (G1 Evacuation Pause) 62M->31M(74M) 1.246ms
[416.401s][info][gc,cpu      ] GC(54) User=0.01s Sys=0.00s Real=0.00s
[416.587s][info][gc,start    ] GC(55) Pause Young (Normal) (G1 Evacuation Pause)
[416.587s][info][gc,task     ] GC(55) Using 8 workers of 8 for evacuation
[416.588s][info][gc,phases   ] GC(55)   Pre Evacuate Collection Set: 0.0ms
[416.588s][info][gc,phases   ] GC(55)   Merge Heap Roots: 0.0ms
[416.588s][info][gc,phases   ] GC(55)   Evacuate Collection Set: 0.7ms
[416.588s][info][gc,phases   ] GC(55)   Post Evacuate Collection Set: 0.2ms
[416.588s][info][gc,phases   ] GC(55)   Other: 0.2ms
[416.588s][info][gc,heap     ] GC(55) Eden regions: 31->0(32)
[416.588s][info][gc,heap     ] GC(55) Survivor regions: 2->1(5)
[416.588s][info][gc,heap     ] GC(55) Old regions: 29->30
[416.588s][info][gc,heap     ] GC(55) Archive regions: 2->2
[416.588s][info][gc,heap     ] GC(55) Humongous regions: 0->0
[416.588s][info][gc,metaspace] GC(55) Metaspace: 46709K(47824K)->46709K(47824K) NonClass: 41057K(41808K)->41057K(41808K) Class: 5652K(6016K)->5652K(6016K)
[416.588s][info][gc          ] GC(55) Pause Young (Normal) (G1 Evacuation Pause) 62M->31M(74M) 1.248ms
[416.588s][info][gc,cpu      ] GC(55) User=0.00s Sys=0.00s Real=0.00s
[416.773s][info][gc,start    ] GC(56) Pause Young (Normal) (G1 Evacuation Pause)
[416.773s][info][gc,task     ] GC(56) Using 8 workers of 8 for evacuation
[416.774s][info][gc,phases   ] GC(56)   Pre Evacuate Collection Set: 0.1ms
[416.774s][info][gc,phases   ] GC(56)   Merge Heap Roots: 0.0ms
[416.774s][info][gc,phases   ] GC(56)   Evacuate Collection Set: 0.6ms
[416.774s][info][gc,phases   ] GC(56)   Post Evacuate Collection Set: 0.3ms
[416.774s][info][gc,phases   ] GC(56)   Other: 0.1ms
[416.774s][info][gc,heap     ] GC(56) Eden regions: 32->0(32)
[416.774s][info][gc,heap     ] GC(56) Survivor regions: 1->1(5)
[416.774s][info][gc,heap     ] GC(56) Old regions: 30->30
[416.774s][info][gc,heap     ] GC(56) Archive regions: 2->2
[416.774s][info][gc,heap     ] GC(56) Humongous regions: 0->0
[416.774s][info][gc,metaspace] GC(56) Metaspace: 46709K(47824K)->46709K(47824K) NonClass: 41057K(41808K)->41057K(41808K) Class: 5652K(6016K)->5652K(6016K)
[416.774s][info][gc          ] GC(56) Pause Young (Normal) (G1 Evacuation Pause) 63M->31M(74M) 1.278ms
[416.774s][info][gc,cpu      ] GC(56) User=0.01s Sys=0.00s Real=0.01s
[416.929s][info][gc,start    ] GC(57) Pause Young (Normal) (G1 Evacuation Pause)
[416.929s][info][gc,task     ] GC(57) Using 8 workers of 8 for evacuation
[416.930s][info][gc,phases   ] GC(57)   Pre Evacuate Collection Set: 0.1ms
[416.930s][info][gc,phases   ] GC(57)   Merge Heap Roots: 0.0ms
[416.930s][info][gc,phases   ] GC(57)   Evacuate Collection Set: 0.6ms
[416.930s][info][gc,phases   ] GC(57)   Post Evacuate Collection Set: 0.2ms
[416.930s][info][gc,phases   ] GC(57)   Other: 0.2ms
[416.930s][info][gc,heap     ] GC(57) Eden regions: 32->0(31)
[416.930s][info][gc,heap     ] GC(57) Survivor regions: 1->1(5)
[416.930s][info][gc,heap     ] GC(57) Old regions: 30->30
[416.931s][info][gc,heap     ] GC(57) Archive regions: 2->2
[416.931s][info][gc,heap     ] GC(57) Humongous regions: 0->0
[416.931s][info][gc,metaspace] GC(57) Metaspace: 46711K(47824K)->46711K(47824K) NonClass: 41059K(41808K)->41059K(41808K) Class: 5652K(6016K)->5652K(6016K)
[416.931s][info][gc          ] GC(57) Pause Young (Normal) (G1 Evacuation Pause) 63M->31M(74M) 1.320ms
[416.931s][info][gc,cpu      ] GC(57) User=0.01s Sys=0.00s Real=0.00s
[417.121s][info][gc,start    ] GC(58) Pause Young (Normal) (G1 Evacuation Pause)
[417.121s][info][gc,task     ] GC(58) Using 8 workers of 8 for evacuation
[417.122s][info][gc,phases   ] GC(58)   Pre Evacuate Collection Set: 0.1ms
[417.122s][info][gc,phases   ] GC(58)   Merge Heap Roots: 0.0ms
[417.122s][info][gc,phases   ] GC(58)   Evacuate Collection Set: 0.7ms
[417.122s][info][gc,phases   ] GC(58)   Post Evacuate Collection Set: 0.3ms
[417.122s][info][gc,phases   ] GC(58)   Other: 0.2ms
[417.122s][info][gc,heap     ] GC(58) Eden regions: 31->0(30)
[417.122s][info][gc,heap     ] GC(58) Survivor regions: 1->2(4)
[417.122s][info][gc,heap     ] GC(58) Old regions: 30->30
[417.122s][info][gc,heap     ] GC(58) Archive regions: 2->2
[417.122s][info][gc,heap     ] GC(58) Humongous regions: 0->0
[417.122s][info][gc,metaspace] GC(58) Metaspace: 46713K(47824K)->46713K(47824K) NonClass: 41060K(41808K)->41060K(41808K) Class: 5652K(6016K)->5652K(6016K)
[417.122s][info][gc          ] GC(58) Pause Young (Normal) (G1 Evacuation Pause) 62M->31M(74M) 1.438ms
[417.122s][info][gc,cpu      ] GC(58) User=0.00s Sys=0.00s Real=0.00s
[417.322s][info][gc,start    ] GC(59) Pause Young (Normal) (G1 Evacuation Pause)
[417.322s][info][gc,task     ] GC(59) Using 8 workers of 8 for evacuation
[417.322s][info][gc,phases   ] GC(59)   Pre Evacuate Collection Set: 0.0ms
[417.323s][info][gc,phases   ] GC(59)   Merge Heap Roots: 0.0ms
[417.323s][info][gc,phases   ] GC(59)   Evacuate Collection Set: 0.5ms
[417.323s][info][gc,phases   ] GC(59)   Post Evacuate Collection Set: 0.2ms
[417.323s][info][gc,phases   ] GC(59)   Other: 0.1ms
[417.323s][info][gc,heap     ] GC(59) Eden regions: 30->0(30)
[417.323s][info][gc,heap     ] GC(59) Survivor regions: 2->2(4)
[417.323s][info][gc,heap     ] GC(59) Old regions: 30->30
[417.323s][info][gc,heap     ] GC(59) Archive regions: 2->2
[417.323s][info][gc,heap     ] GC(59) Humongous regions: 0->0
[417.323s][info][gc,metaspace] GC(59) Metaspace: 46713K(47824K)->46713K(47824K) NonClass: 41060K(41808K)->41060K(41808K) Class: 5652K(6016K)->5652K(6016K)
[417.323s][info][gc          ] GC(59) Pause Young (Normal) (G1 Evacuation Pause) 61M->31M(74M) 1.042ms
[417.323s][info][gc,cpu      ] GC(59) User=0.01s Sys=0.00s Real=0.00s
[417.531s][info][gc,start    ] GC(60) Pause Young (Normal) (G1 Evacuation Pause)
[417.531s][info][gc,task     ] GC(60) Using 8 workers of 8 for evacuation
[417.531s][info][gc,phases   ] GC(60)   Pre Evacuate Collection Set: 0.0ms
[417.531s][info][gc,phases   ] GC(60)   Merge Heap Roots: 0.0ms
[417.531s][info][gc,phases   ] GC(60)   Evacuate Collection Set: 0.4ms
[417.531s][info][gc,phases   ] GC(60)   Post Evacuate Collection Set: 0.2ms
[417.531s][info][gc,phases   ] GC(60)   Other: 0.1ms
[417.531s][info][gc,heap     ] GC(60) Eden regions: 30->0(30)
[417.531s][info][gc,heap     ] GC(60) Survivor regions: 2->2(4)
[417.531s][info][gc,heap     ] GC(60) Old regions: 30->30
[417.531s][info][gc,heap     ] GC(60) Archive regions: 2->2
[417.531s][info][gc,heap     ] GC(60) Humongous regions: 0->0
[417.531s][info][gc,metaspace] GC(60) Metaspace: 46713K(47824K)->46713K(47824K) NonClass: 41060K(41808K)->41060K(41808K) Class: 5652K(6016K)->5652K(6016K)
[417.531s][info][gc          ] GC(60) Pause Young (Normal) (G1 Evacuation Pause) 61M->31M(74M) 0.850ms
[417.531s][info][gc,cpu      ] GC(60) User=0.00s Sys=0.00s Real=0.00s
[417.745s][info][gc,start    ] GC(61) Pause Young (Normal) (G1 Evacuation Pause)
[417.745s][info][gc,task     ] GC(61) Using 8 workers of 8 for evacuation
[417.746s][info][gc,phases   ] GC(61)   Pre Evacuate Collection Set: 0.1ms
[417.746s][info][gc,phases   ] GC(61)   Merge Heap Roots: 0.0ms
[417.746s][info][gc,phases   ] GC(61)   Evacuate Collection Set: 0.6ms
[417.746s][info][gc,phases   ] GC(61)   Post Evacuate Collection Set: 0.2ms
[417.746s][info][gc,phases   ] GC(61)   Other: 0.2ms
[417.746s][info][gc,heap     ] GC(61) Eden regions: 30->0(30)
[417.746s][info][gc,heap     ] GC(61) Survivor regions: 2->2(4)
[417.746s][info][gc,heap     ] GC(61) Old regions: 30->30
[417.746s][info][gc,heap     ] GC(61) Archive regions: 2->2
[417.746s][info][gc,heap     ] GC(61) Humongous regions: 0->0
[417.746s][info][gc,metaspace] GC(61) Metaspace: 46713K(47824K)->46713K(47824K) NonClass: 41060K(41808K)->41060K(41808K) Class: 5652K(6016K)->5652K(6016K)
[417.746s][info][gc          ] GC(61) Pause Young (Normal) (G1 Evacuation Pause) 61M->31M(74M) 1.170ms
[417.746s][info][gc,cpu      ] GC(61) User=0.00s Sys=0.00s Real=0.00s
[417.999s][info][gc,start    ] GC(62) Pause Young (Normal) (G1 Evacuation Pause)
[417.999s][info][gc,task     ] GC(62) Using 8 workers of 8 for evacuation
[418.000s][info][gc,phases   ] GC(62)   Pre Evacuate Collection Set: 0.0ms
[418.000s][info][gc,phases   ] GC(62)   Merge Heap Roots: 0.0ms
[418.000s][info][gc,phases   ] GC(62)   Evacuate Collection Set: 0.6ms
[418.000s][info][gc,phases   ] GC(62)   Post Evacuate Collection Set: 0.2ms
[418.000s][info][gc,phases   ] GC(62)   Other: 0.1ms
[418.000s][info][gc,heap     ] GC(62) Eden regions: 30->0(30)
[418.000s][info][gc,heap     ] GC(62) Survivor regions: 2->2(4)
[418.000s][info][gc,heap     ] GC(62) Old regions: 30->30
[418.000s][info][gc,heap     ] GC(62) Archive regions: 2->2
[418.000s][info][gc,heap     ] GC(62) Humongous regions: 0->0
[418.000s][info][gc,metaspace] GC(62) Metaspace: 46713K(47824K)->46713K(47824K) NonClass: 41060K(41808K)->41060K(41808K) Class: 5652K(6016K)->5652K(6016K)
[418.000s][info][gc          ] GC(62) Pause Young (Normal) (G1 Evacuation Pause) 61M->31M(74M) 1.032ms
[418.000s][info][gc,cpu      ] GC(62) User=0.01s Sys=0.00s Real=0.00s
[418.261s][info][gc,start    ] GC(63) Pause Young (Normal) (G1 Evacuation Pause)
[418.261s][info][gc,task     ] GC(63) Using 8 workers of 8 for evacuation
[418.262s][info][gc,phases   ] GC(63)   Pre Evacuate Collection Set: 0.0ms
[418.262s][info][gc,phases   ] GC(63)   Merge Heap Roots: 0.1ms
[418.262s][info][gc,phases   ] GC(63)   Evacuate Collection Set: 0.6ms
[418.262s][info][gc,phases   ] GC(63)   Post Evacuate Collection Set: 0.3ms
[418.262s][info][gc,phases   ] GC(63)   Other: 0.1ms
[418.262s][info][gc,heap     ] GC(63) Eden regions: 30->0(30)
[418.262s][info][gc,heap     ] GC(63) Survivor regions: 2->2(4)
[418.262s][info][gc,heap     ] GC(63) Old regions: 30->30
[418.262s][info][gc,heap     ] GC(63) Archive regions: 2->2
[418.262s][info][gc,heap     ] GC(63) Humongous regions: 0->0
[418.262s][info][gc,metaspace] GC(63) Metaspace: 46713K(47824K)->46713K(47824K) NonClass: 41060K(41808K)->41060K(41808K) Class: 5652K(6016K)->5652K(6016K)
[418.262s][info][gc          ] GC(63) Pause Young (Normal) (G1 Evacuation Pause) 61M->32M(74M) 1.221ms
[418.262s][info][gc,cpu      ] GC(63) User=0.00s Sys=0.00s Real=0.00s
[418.458s][info][gc,start    ] GC(64) Pause Young (Normal) (G1 Evacuation Pause)
[418.458s][info][gc,task     ] GC(64) Using 8 workers of 8 for evacuation
[418.459s][info][gc,phases   ] GC(64)   Pre Evacuate Collection Set: 0.0ms
[418.459s][info][gc,phases   ] GC(64)   Merge Heap Roots: 0.0ms
[418.459s][info][gc,phases   ] GC(64)   Evacuate Collection Set: 0.5ms
[418.459s][info][gc,phases   ] GC(64)   Post Evacuate Collection Set: 0.2ms
[418.459s][info][gc,phases   ] GC(64)   Other: 0.2ms
[418.459s][info][gc,heap     ] GC(64) Eden regions: 30->0(30)
[418.459s][info][gc,heap     ] GC(64) Survivor regions: 2->2(4)
[418.459s][info][gc,heap     ] GC(64) Old regions: 30->30
[418.459s][info][gc,heap     ] GC(64) Archive regions: 2->2
[418.459s][info][gc,heap     ] GC(64) Humongous regions: 0->0
[418.459s][info][gc,metaspace] GC(64) Metaspace: 46713K(47824K)->46713K(47824K) NonClass: 41060K(41808K)->41060K(41808K) Class: 5652K(6016K)->5652K(6016K)
[418.459s][info][gc          ] GC(64) Pause Young (Normal) (G1 Evacuation Pause) 62M->31M(74M) 1.164ms
[418.459s][info][gc,cpu      ] GC(64) User=0.01s Sys=0.00s Real=0.00s
[418.689s][info][gc,start    ] GC(65) Pause Young (Normal) (G1 Evacuation Pause)
[418.689s][info][gc,task     ] GC(65) Using 8 workers of 8 for evacuation
[418.690s][info][gc,phases   ] GC(65)   Pre Evacuate Collection Set: 0.1ms
[418.690s][info][gc,phases   ] GC(65)   Merge Heap Roots: 0.0ms
[418.690s][info][gc,phases   ] GC(65)   Evacuate Collection Set: 0.6ms
[418.690s][info][gc,phases   ] GC(65)   Post Evacuate Collection Set: 0.2ms
[418.690s][info][gc,phases   ] GC(65)   Other: 0.1ms
[418.690s][info][gc,heap     ] GC(65) Eden regions: 30->0(30)
[418.691s][info][gc,heap     ] GC(65) Survivor regions: 2->2(4)
[418.691s][info][gc,heap     ] GC(65) Old regions: 30->30
[418.691s][info][gc,heap     ] GC(65) Archive regions: 2->2
[418.691s][info][gc,heap     ] GC(65) Humongous regions: 0->0
[418.691s][info][gc,metaspace] GC(65) Metaspace: 46713K(47824K)->46713K(47824K) NonClass: 41060K(41808K)->41060K(41808K) Class: 5652K(6016K)->5652K(6016K)
[418.691s][info][gc          ] GC(65) Pause Young (Normal) (G1 Evacuation Pause) 61M->32M(74M) 1.196ms
[418.691s][info][gc,cpu      ] GC(65) User=0.01s Sys=0.00s Real=0.00s
[418.893s][info][gc,start    ] GC(66) Pause Young (Normal) (G1 Evacuation Pause)
[418.893s][info][gc,task     ] GC(66) Using 8 workers of 8 for evacuation
[418.894s][info][gc,phases   ] GC(66)   Pre Evacuate Collection Set: 0.1ms
[418.894s][info][gc,phases   ] GC(66)   Merge Heap Roots: 0.0ms
[418.894s][info][gc,phases   ] GC(66)   Evacuate Collection Set: 0.6ms
[418.894s][info][gc,phases   ] GC(66)   Post Evacuate Collection Set: 0.3ms
[418.894s][info][gc,phases   ] GC(66)   Other: 0.2ms
[418.894s][info][gc,heap     ] GC(66) Eden regions: 30->0(29)
[418.894s][info][gc,heap     ] GC(66) Survivor regions: 2->2(4)
[418.894s][info][gc,heap     ] GC(66) Old regions: 30->31
[418.894s][info][gc,heap     ] GC(66) Archive regions: 2->2
[418.894s][info][gc,heap     ] GC(66) Humongous regions: 0->0
[418.894s][info][gc,metaspace] GC(66) Metaspace: 46714K(47824K)->46714K(47824K) NonClass: 41062K(41808K)->41062K(41808K) Class: 5652K(6016K)->5652K(6016K)
[418.894s][info][gc          ] GC(66) Pause Young (Normal) (G1 Evacuation Pause) 62M->32M(74M) 1.351ms
[418.894s][info][gc,cpu      ] GC(66) User=0.00s Sys=0.00s Real=0.01s
[419.106s][info][gc,start    ] GC(67) Pause Young (Normal) (G1 Evacuation Pause)
[419.106s][info][gc,task     ] GC(67) Using 8 workers of 8 for evacuation
[419.108s][info][gc,phases   ] GC(67)   Pre Evacuate Collection Set: 0.0ms
[419.108s][info][gc,phases   ] GC(67)   Merge Heap Roots: 0.0ms
[419.108s][info][gc,phases   ] GC(67)   Evacuate Collection Set: 1.1ms
[419.108s][info][gc,phases   ] GC(67)   Post Evacuate Collection Set: 0.4ms
[419.108s][info][gc,phases   ] GC(67)   Other: 0.2ms
[419.108s][info][gc,heap     ] GC(67) Eden regions: 29->0(29)
[419.108s][info][gc,heap     ] GC(67) Survivor regions: 2->2(4)
[419.108s][info][gc,heap     ] GC(67) Old regions: 31->31
[419.108s][info][gc,heap     ] GC(67) Archive regions: 2->2
[419.108s][info][gc,heap     ] GC(67) Humongous regions: 0->0
[419.108s][info][gc,metaspace] GC(67) Metaspace: 46715K(47824K)->46715K(47824K) NonClass: 41063K(41808K)->41063K(41808K) Class: 5652K(6016K)->5652K(6016K)
[419.108s][info][gc          ] GC(67) Pause Young (Normal) (G1 Evacuation Pause) 61M->32M(74M) 1.874ms
[419.108s][info][gc,cpu      ] GC(67) User=0.00s Sys=0.00s Real=0.00s
[419.313s][info][gc,start    ] GC(68) Pause Young (Normal) (G1 Evacuation Pause)
[419.313s][info][gc,task     ] GC(68) Using 8 workers of 8 for evacuation
[419.314s][info][gc,phases   ] GC(68)   Pre Evacuate Collection Set: 0.0ms
[419.314s][info][gc,phases   ] GC(68)   Merge Heap Roots: 0.0ms
[419.314s][info][gc,phases   ] GC(68)   Evacuate Collection Set: 0.5ms
[419.314s][info][gc,phases   ] GC(68)   Post Evacuate Collection Set: 0.3ms
[419.314s][info][gc,phases   ] GC(68)   Other: 0.1ms
[419.314s][info][gc,heap     ] GC(68) Eden regions: 29->0(29)
[419.314s][info][gc,heap     ] GC(68) Survivor regions: 2->2(4)
[419.314s][info][gc,heap     ] GC(68) Old regions: 31->31
[419.314s][info][gc,heap     ] GC(68) Archive regions: 2->2
[419.314s][info][gc,heap     ] GC(68) Humongous regions: 0->0
[419.314s][info][gc,metaspace] GC(68) Metaspace: 46715K(47824K)->46715K(47824K) NonClass: 41063K(41808K)->41063K(41808K) Class: 5652K(6016K)->5652K(6016K)
[419.314s][info][gc          ] GC(68) Pause Young (Normal) (G1 Evacuation Pause) 61M->32M(74M) 1.141ms
[419.314s][info][gc,cpu      ] GC(68) User=0.00s Sys=0.00s Real=0.01s
[419.504s][info][gc,start    ] GC(69) Pause Young (Normal) (G1 Evacuation Pause)
[419.504s][info][gc,task     ] GC(69) Using 8 workers of 8 for evacuation
[419.505s][info][gc,phases   ] GC(69)   Pre Evacuate Collection Set: 0.0ms
[419.505s][info][gc,phases   ] GC(69)   Merge Heap Roots: 0.0ms
[419.505s][info][gc,phases   ] GC(69)   Evacuate Collection Set: 0.7ms
[419.505s][info][gc,phases   ] GC(69)   Post Evacuate Collection Set: 0.3ms
[419.505s][info][gc,phases   ] GC(69)   Other: 0.1ms
[419.505s][info][gc,heap     ] GC(69) Eden regions: 29->0(29)
[419.505s][info][gc,heap     ] GC(69) Survivor regions: 2->2(4)
[419.505s][info][gc,heap     ] GC(69) Old regions: 31->31
[419.505s][info][gc,heap     ] GC(69) Archive regions: 2->2
[419.505s][info][gc,heap     ] GC(69) Humongous regions: 0->0
[419.505s][info][gc,metaspace] GC(69) Metaspace: 46715K(47824K)->46715K(47824K) NonClass: 41063K(41808K)->41063K(41808K) Class: 5652K(6016K)->5652K(6016K)
[419.505s][info][gc          ] GC(69) Pause Young (Normal) (G1 Evacuation Pause) 61M->32M(74M) 1.258ms
[419.505s][info][gc,cpu      ] GC(69) User=0.01s Sys=0.00s Real=0.00s
[419.700s][info][gc,start    ] GC(70) Pause Young (Normal) (G1 Evacuation Pause)
[419.700s][info][gc,task     ] GC(70) Using 8 workers of 8 for evacuation
[419.701s][info][gc,phases   ] GC(70)   Pre Evacuate Collection Set: 0.0ms
[419.701s][info][gc,phases   ] GC(70)   Merge Heap Roots: 0.0ms
[419.701s][info][gc,phases   ] GC(70)   Evacuate Collection Set: 0.6ms
[419.701s][info][gc,phases   ] GC(70)   Post Evacuate Collection Set: 0.2ms
[419.701s][info][gc,phases   ] GC(70)   Other: 0.2ms
[419.701s][info][gc,heap     ] GC(70) Eden regions: 29->0(29)
[419.701s][info][gc,heap     ] GC(70) Survivor regions: 2->2(4)
[419.701s][info][gc,heap     ] GC(70) Old regions: 31->31
[419.701s][info][gc,heap     ] GC(70) Archive regions: 2->2
[419.701s][info][gc,heap     ] GC(70) Humongous regions: 0->0
[419.701s][info][gc,metaspace] GC(70) Metaspace: 46715K(47824K)->46715K(47824K) NonClass: 41063K(41808K)->41063K(41808K) Class: 5652K(6016K)->5652K(6016K)
[419.701s][info][gc          ] GC(70) Pause Young (Normal) (G1 Evacuation Pause) 61M->32M(74M) 1.124ms
[419.701s][info][gc,cpu      ] GC(70) User=0.01s Sys=0.00s Real=0.00s
[419.901s][info][gc,start    ] GC(71) Pause Young (Normal) (G1 Evacuation Pause)
[419.901s][info][gc,task     ] GC(71) Using 8 workers of 8 for evacuation
[419.902s][info][gc,phases   ] GC(71)   Pre Evacuate Collection Set: 0.1ms
[419.902s][info][gc,phases   ] GC(71)   Merge Heap Roots: 0.0ms
[419.902s][info][gc,phases   ] GC(71)   Evacuate Collection Set: 0.5ms
[419.902s][info][gc,phases   ] GC(71)   Post Evacuate Collection Set: 0.2ms
[419.902s][info][gc,phases   ] GC(71)   Other: 0.1ms
[419.902s][info][gc,heap     ] GC(71) Eden regions: 29->0(29)
[419.902s][info][gc,heap     ] GC(71) Survivor regions: 2->2(4)
[419.902s][info][gc,heap     ] GC(71) Old regions: 31->31
[419.902s][info][gc,heap     ] GC(71) Archive regions: 2->2
[419.902s][info][gc,heap     ] GC(71) Humongous regions: 0->0
[419.902s][info][gc,metaspace] GC(71) Metaspace: 46715K(47824K)->46715K(47824K) NonClass: 41063K(41808K)->41063K(41808K) Class: 5652K(6016K)->5652K(6016K)
[419.902s][info][gc          ] GC(71) Pause Young (Normal) (G1 Evacuation Pause) 61M->32M(74M) 1.018ms
[419.902s][info][gc,cpu      ] GC(71) User=0.00s Sys=0.00s Real=0.00s
[420.114s][info][gc,start    ] GC(72) Pause Young (Normal) (G1 Evacuation Pause)
[420.114s][info][gc,task     ] GC(72) Using 8 workers of 8 for evacuation
[420.115s][info][gc,phases   ] GC(72)   Pre Evacuate Collection Set: 0.0ms
[420.115s][info][gc,phases   ] GC(72)   Merge Heap Roots: 0.0ms
[420.115s][info][gc,phases   ] GC(72)   Evacuate Collection Set: 0.5ms
[420.115s][info][gc,phases   ] GC(72)   Post Evacuate Collection Set: 0.2ms
[420.115s][info][gc,phases   ] GC(72)   Other: 0.1ms
[420.115s][info][gc,heap     ] GC(72) Eden regions: 29->0(31)
[420.115s][info][gc,heap     ] GC(72) Survivor regions: 2->1(4)
[420.115s][info][gc,heap     ] GC(72) Old regions: 31->31
[420.115s][info][gc,heap     ] GC(72) Archive regions: 2->2
[420.115s][info][gc,heap     ] GC(72) Humongous regions: 0->0
[420.115s][info][gc,metaspace] GC(72) Metaspace: 46715K(47824K)->46715K(47824K) NonClass: 41063K(41808K)->41063K(41808K) Class: 5652K(6016K)->5652K(6016K)
[420.115s][info][gc          ] GC(72) Pause Young (Normal) (G1 Evacuation Pause) 61M->32M(74M) 0.919ms
[420.115s][info][gc,cpu      ] GC(72) User=0.01s Sys=0.00s Real=0.00s
[420.339s][info][gc,start    ] GC(73) Pause Young (Normal) (G1 Evacuation Pause)
[420.339s][info][gc,task     ] GC(73) Using 8 workers of 8 for evacuation
[420.340s][info][gc,phases   ] GC(73)   Pre Evacuate Collection Set: 0.0ms
[420.340s][info][gc,phases   ] GC(73)   Merge Heap Roots: 0.0ms
[420.340s][info][gc,phases   ] GC(73)   Evacuate Collection Set: 0.5ms
[420.340s][info][gc,phases   ] GC(73)   Post Evacuate Collection Set: 0.2ms
[420.340s][info][gc,phases   ] GC(73)   Other: 0.1ms
[420.340s][info][gc,heap     ] GC(73) Eden regions: 31->0(31)
[420.340s][info][gc,heap     ] GC(73) Survivor regions: 1->1(4)
[420.340s][info][gc,heap     ] GC(73) Old regions: 31->31
[420.340s][info][gc,heap     ] GC(73) Archive regions: 2->2
[420.340s][info][gc,heap     ] GC(73) Humongous regions: 0->0
[420.340s][info][gc,metaspace] GC(73) Metaspace: 46716K(47824K)->46716K(47824K) NonClass: 41063K(41808K)->41063K(41808K) Class: 5652K(6016K)->5652K(6016K)
[420.340s][info][gc          ] GC(73) Pause Young (Normal) (G1 Evacuation Pause) 63M->32M(74M) 1.071ms
[420.340s][info][gc,cpu      ] GC(73) User=0.01s Sys=0.01s Real=0.00s
[420.529s][info][gc,start    ] GC(74) Pause Young (Normal) (G1 Evacuation Pause)
[420.529s][info][gc,task     ] GC(74) Using 8 workers of 8 for evacuation
[420.529s][info][gc,phases   ] GC(74)   Pre Evacuate Collection Set: 0.0ms
[420.529s][info][gc,phases   ] GC(74)   Merge Heap Roots: 0.0ms
[420.529s][info][gc,phases   ] GC(74)   Evacuate Collection Set: 0.4ms
[420.529s][info][gc,phases   ] GC(74)   Post Evacuate Collection Set: 0.2ms
[420.529s][info][gc,phases   ] GC(74)   Other: 0.1ms
[420.529s][info][gc,heap     ] GC(74) Eden regions: 31->0(31)
[420.529s][info][gc,heap     ] GC(74) Survivor regions: 1->1(4)
[420.529s][info][gc,heap     ] GC(74) Old regions: 31->31
[420.529s][info][gc,heap     ] GC(74) Archive regions: 2->2
[420.529s][info][gc,heap     ] GC(74) Humongous regions: 0->0
[420.529s][info][gc,metaspace] GC(74) Metaspace: 46716K(47824K)->46716K(47824K) NonClass: 41063K(41808K)->41063K(41808K) Class: 5652K(6016K)->5652K(6016K)
[420.530s][info][gc          ] GC(74) Pause Young (Normal) (G1 Evacuation Pause) 63M->32M(74M) 0.812ms
[420.530s][info][gc,cpu      ] GC(74) User=0.01s Sys=0.00s Real=0.00s
[420.743s][info][gc,start    ] GC(75) Pause Young (Normal) (G1 Evacuation Pause)
[420.743s][info][gc,task     ] GC(75) Using 8 workers of 8 for evacuation
[420.744s][info][gc,phases   ] GC(75)   Pre Evacuate Collection Set: 0.0ms
[420.744s][info][gc,phases   ] GC(75)   Merge Heap Roots: 0.1ms
[420.744s][info][gc,phases   ] GC(75)   Evacuate Collection Set: 0.4ms
[420.744s][info][gc,phases   ] GC(75)   Post Evacuate Collection Set: 0.2ms
[420.744s][info][gc,phases   ] GC(75)   Other: 0.1ms
[420.744s][info][gc,heap     ] GC(75) Eden regions: 31->0(31)
[420.744s][info][gc,heap     ] GC(75) Survivor regions: 1->1(4)
[420.744s][info][gc,heap     ] GC(75) Old regions: 31->31
[420.744s][info][gc,heap     ] GC(75) Archive regions: 2->2
[420.744s][info][gc,heap     ] GC(75) Humongous regions: 0->0
[420.744s][info][gc,metaspace] GC(75) Metaspace: 46717K(47824K)->46717K(47824K) NonClass: 41064K(41808K)->41064K(41808K) Class: 5652K(6016K)->5652K(6016K)
[420.744s][info][gc          ] GC(75) Pause Young (Normal) (G1 Evacuation Pause) 63M->32M(74M) 0.885ms
[420.744s][info][gc,cpu      ] GC(75) User=0.00s Sys=0.00s Real=0.01s
[420.939s][info][gc,start    ] GC(76) Pause Young (Normal) (G1 Evacuation Pause)
[420.939s][info][gc,task     ] GC(76) Using 8 workers of 8 for evacuation
[420.940s][info][gc,phases   ] GC(76)   Pre Evacuate Collection Set: 0.0ms
[420.940s][info][gc,phases   ] GC(76)   Merge Heap Roots: 0.0ms
[420.940s][info][gc,phases   ] GC(76)   Evacuate Collection Set: 0.6ms
[420.940s][info][gc,phases   ] GC(76)   Post Evacuate Collection Set: 0.2ms
[420.940s][info][gc,phases   ] GC(76)   Other: 0.2ms
[420.940s][info][gc,heap     ] GC(76) Eden regions: 31->0(31)
[420.940s][info][gc,heap     ] GC(76) Survivor regions: 1->1(4)
[420.940s][info][gc,heap     ] GC(76) Old regions: 31->31
[420.940s][info][gc,heap     ] GC(76) Archive regions: 2->2
[420.940s][info][gc,heap     ] GC(76) Humongous regions: 0->0
[420.940s][info][gc,metaspace] GC(76) Metaspace: 46717K(47824K)->46717K(47824K) NonClass: 41064K(41808K)->41064K(41808K) Class: 5652K(6016K)->5652K(6016K)
[420.940s][info][gc          ] GC(76) Pause Young (Normal) (G1 Evacuation Pause) 63M->32M(74M) 1.168ms
[420.941s][info][gc,cpu      ] GC(76) User=0.00s Sys=0.00s Real=0.00s
[421.156s][info][gc,start    ] GC(77) Pause Young (Normal) (G1 Evacuation Pause)
[421.156s][info][gc,task     ] GC(77) Using 8 workers of 8 for evacuation
[421.157s][info][gc,phases   ] GC(77)   Pre Evacuate Collection Set: 0.0ms
[421.157s][info][gc,phases   ] GC(77)   Merge Heap Roots: 0.0ms
[421.157s][info][gc,phases   ] GC(77)   Evacuate Collection Set: 0.5ms
[421.157s][info][gc,phases   ] GC(77)   Post Evacuate Collection Set: 0.2ms
[421.157s][info][gc,phases   ] GC(77)   Other: 0.1ms
[421.157s][info][gc,heap     ] GC(77) Eden regions: 31->0(31)
[421.157s][info][gc,heap     ] GC(77) Survivor regions: 1->1(4)
[421.157s][info][gc,heap     ] GC(77) Old regions: 31->31
[421.157s][info][gc,heap     ] GC(77) Archive regions: 2->2
[421.157s][info][gc,heap     ] GC(77) Humongous regions: 0->0
[421.157s][info][gc,metaspace] GC(77) Metaspace: 46717K(47824K)->46717K(47824K) NonClass: 41064K(41808K)->41064K(41808K) Class: 5652K(6016K)->5652K(6016K)
[421.157s][info][gc          ] GC(77) Pause Young (Normal) (G1 Evacuation Pause) 63M->32M(74M) 0.952ms
[421.157s][info][gc,cpu      ] GC(77) User=0.00s Sys=0.00s Real=0.00s
[421.349s][info][gc,start    ] GC(78) Pause Young (Normal) (G1 Evacuation Pause)
[421.350s][info][gc,task     ] GC(78) Using 8 workers of 8 for evacuation
[421.350s][info][gc,phases   ] GC(78)   Pre Evacuate Collection Set: 0.1ms
[421.350s][info][gc,phases   ] GC(78)   Merge Heap Roots: 0.0ms
[421.350s][info][gc,phases   ] GC(78)   Evacuate Collection Set: 0.5ms
[421.350s][info][gc,phases   ] GC(78)   Post Evacuate Collection Set: 0.2ms
[421.350s][info][gc,phases   ] GC(78)   Other: 0.1ms
[421.350s][info][gc,heap     ] GC(78) Eden regions: 31->0(30)
[421.350s][info][gc,heap     ] GC(78) Survivor regions: 1->1(4)
[421.350s][info][gc,heap     ] GC(78) Old regions: 31->32
[421.350s][info][gc,heap     ] GC(78) Archive regions: 2->2
[421.350s][info][gc,heap     ] GC(78) Humongous regions: 0->0
[421.350s][info][gc,metaspace] GC(78) Metaspace: 46717K(47824K)->46717K(47824K) NonClass: 41064K(41808K)->41064K(41808K) Class: 5652K(6016K)->5652K(6016K)
[421.351s][info][gc          ] GC(78) Pause Young (Normal) (G1 Evacuation Pause) 63M->32M(74M) 1.037ms
[421.351s][info][gc,cpu      ] GC(78) User=0.00s Sys=0.00s Real=0.00s
[421.534s][info][gc,start    ] GC(79) Pause Young (Concurrent Start) (G1 Evacuation Pause)
[421.534s][info][gc,task     ] GC(79) Using 8 workers of 8 for evacuation
[421.535s][info][gc,phases   ] GC(79)   Pre Evacuate Collection Set: 0.2ms
[421.535s][info][gc,phases   ] GC(79)   Merge Heap Roots: 0.1ms
[421.535s][info][gc,phases   ] GC(79)   Evacuate Collection Set: 0.7ms
[421.535s][info][gc,phases   ] GC(79)   Post Evacuate Collection Set: 0.3ms
[421.535s][info][gc,phases   ] GC(79)   Other: 0.2ms
[421.535s][info][gc,heap     ] GC(79) Eden regions: 30->0(30)
[421.535s][info][gc,heap     ] GC(79) Survivor regions: 1->1(4)
[421.535s][info][gc,heap     ] GC(79) Old regions: 32->32
[421.535s][info][gc,heap     ] GC(79) Archive regions: 2->2
[421.535s][info][gc,heap     ] GC(79) Humongous regions: 0->0
[421.535s][info][gc,metaspace] GC(79) Metaspace: 46717K(47824K)->46717K(47824K) NonClass: 41064K(41808K)->41064K(41808K) Class: 5652K(6016K)->5652K(6016K)
[421.535s][info][gc          ] GC(79) Pause Young (Concurrent Start) (G1 Evacuation Pause) 62M->32M(74M) 1.567ms
[421.535s][info][gc,cpu      ] GC(79) User=0.00s Sys=0.00s Real=0.00s
[421.535s][info][gc          ] GC(80) Concurrent Cycle
[421.535s][info][gc,marking  ] GC(80) Concurrent Clear Claimed Marks
[421.535s][info][gc,marking  ] GC(80) Concurrent Clear Claimed Marks 0.040ms
[421.535s][info][gc,marking  ] GC(80) Concurrent Scan Root Regions
[421.536s][info][gc,marking  ] GC(80) Concurrent Scan Root Regions 0.715ms
[421.536s][info][gc,marking  ] GC(80) Concurrent Mark (421.536s)
[421.536s][info][gc,marking  ] GC(80) Concurrent Mark From Roots
[421.536s][info][gc,task     ] GC(80) Using 2 workers of 2 for marking
[421.563s][info][gc,marking  ] GC(80) Concurrent Mark From Roots 26.691ms
[421.563s][info][gc,marking  ] GC(80) Concurrent Preclean
[421.563s][info][gc,marking  ] GC(80) Concurrent Preclean 0.061ms
[421.563s][info][gc,marking  ] GC(80) Concurrent Mark (421.536s, 421.563s) 26.802ms
[421.563s][info][gc,start    ] GC(80) Pause Remark
[421.565s][info][gc          ] GC(80) Pause Remark 35M->35M(74M) 2.063ms
[421.565s][info][gc,cpu      ] GC(80) User=0.02s Sys=0.00s Real=0.00s
[421.565s][info][gc,marking  ] GC(80) Concurrent Rebuild Remembered Sets
[421.581s][info][gc,marking  ] GC(80) Concurrent Rebuild Remembered Sets 15.369ms
[421.581s][info][gc,start    ] GC(80) Pause Cleanup
[421.581s][info][gc          ] GC(80) Pause Cleanup 37M->37M(74M) 0.101ms
[421.581s][info][gc,cpu      ] GC(80) User=0.00s Sys=0.00s Real=0.00s
[421.581s][info][gc,marking  ] GC(80) Concurrent Cleanup for Next Mark
[421.581s][info][gc,marking  ] GC(80) Concurrent Cleanup for Next Mark 0.185ms
[421.581s][info][gc          ] GC(80) Concurrent Cycle 46.081ms
[421.756s][info][gc,start    ] GC(81) Pause Young (Normal) (G1 Evacuation Pause)
[421.756s][info][gc,task     ] GC(81) Using 8 workers of 8 for evacuation
[421.757s][info][gc,phases   ] GC(81)   Pre Evacuate Collection Set: 0.0ms
[421.757s][info][gc,phases   ] GC(81)   Merge Heap Roots: 0.0ms
[421.757s][info][gc,phases   ] GC(81)   Evacuate Collection Set: 0.4ms
[421.757s][info][gc,phases   ] GC(81)   Post Evacuate Collection Set: 0.3ms
[421.757s][info][gc,phases   ] GC(81)   Other: 0.1ms
[421.757s][info][gc,heap     ] GC(81) Eden regions: 30->0(30)
[421.757s][info][gc,heap     ] GC(81) Survivor regions: 1->1(4)
[421.757s][info][gc,heap     ] GC(81) Old regions: 32->32
[421.757s][info][gc,heap     ] GC(81) Archive regions: 2->2
[421.757s][info][gc,heap     ] GC(81) Humongous regions: 0->0
[421.757s][info][gc,metaspace] GC(81) Metaspace: 46717K(47824K)->46717K(47824K) NonClass: 41064K(41808K)->41064K(41808K) Class: 5652K(6016K)->5652K(6016K)
[421.757s][info][gc          ] GC(81) Pause Young (Normal) (G1 Evacuation Pause) 62M->32M(74M) 1.003ms
[421.757s][info][gc,cpu      ] GC(81) User=0.00s Sys=0.00s Real=0.00s
[421.957s][info][gc,start    ] GC(82) Pause Young (Concurrent Start) (G1 Evacuation Pause)
[421.957s][info][gc,task     ] GC(82) Using 8 workers of 8 for evacuation
[421.958s][info][gc,phases   ] GC(82)   Pre Evacuate Collection Set: 0.1ms
[421.958s][info][gc,phases   ] GC(82)   Merge Heap Roots: 0.0ms
[421.958s][info][gc,phases   ] GC(82)   Evacuate Collection Set: 0.7ms
[421.958s][info][gc,phases   ] GC(82)   Post Evacuate Collection Set: 0.2ms
[421.958s][info][gc,phases   ] GC(82)   Other: 0.2ms
[421.958s][info][gc,heap     ] GC(82) Eden regions: 30->0(30)
[421.958s][info][gc,heap     ] GC(82) Survivor regions: 1->1(4)
[421.958s][info][gc,heap     ] GC(82) Old regions: 32->32
[421.958s][info][gc,heap     ] GC(82) Archive regions: 2->2
[421.958s][info][gc,heap     ] GC(82) Humongous regions: 0->0
[421.958s][info][gc,metaspace] GC(82) Metaspace: 46717K(47824K)->46717K(47824K) NonClass: 41064K(41808K)->41064K(41808K) Class: 5652K(6016K)->5652K(6016K)
[421.958s][info][gc          ] GC(82) Pause Young (Concurrent Start) (G1 Evacuation Pause) 62M->32M(74M) 1.374ms
[421.959s][info][gc,cpu      ] GC(82) User=0.00s Sys=0.00s Real=0.00s
[421.959s][info][gc          ] GC(83) Concurrent Cycle
[421.959s][info][gc,marking  ] GC(83) Concurrent Clear Claimed Marks
[421.959s][info][gc,marking  ] GC(83) Concurrent Clear Claimed Marks 0.054ms
[421.959s][info][gc,marking  ] GC(83) Concurrent Scan Root Regions
[421.959s][info][gc,marking  ] GC(83) Concurrent Scan Root Regions 0.726ms
[421.959s][info][gc,marking  ] GC(83) Concurrent Mark (421.959s)
[421.959s][info][gc,marking  ] GC(83) Concurrent Mark From Roots
[421.959s][info][gc,task     ] GC(83) Using 2 workers of 2 for marking
[421.986s][info][gc,marking  ] GC(83) Concurrent Mark From Roots 26.624ms
[421.986s][info][gc,marking  ] GC(83) Concurrent Preclean
[421.986s][info][gc,marking  ] GC(83) Concurrent Preclean 0.210ms
[421.986s][info][gc,marking  ] GC(83) Concurrent Mark (421.959s, 421.986s) 26.987ms
[421.992s][info][gc,start    ] GC(83) Pause Remark
[421.994s][info][gc          ] GC(83) Pause Remark 35M->35M(74M) 1.702ms
[421.994s][info][gc,cpu      ] GC(83) User=0.01s Sys=0.00s Real=0.01s
[421.994s][info][gc,marking  ] GC(83) Concurrent Rebuild Remembered Sets
[422.010s][info][gc,marking  ] GC(83) Concurrent Rebuild Remembered Sets 16.127ms
[422.010s][info][gc,start    ] GC(83) Pause Cleanup
[422.010s][info][gc          ] GC(83) Pause Cleanup 36M->36M(74M) 0.071ms
[422.010s][info][gc,cpu      ] GC(83) User=0.00s Sys=0.00s Real=0.00s
[422.010s][info][gc,marking  ] GC(83) Concurrent Cleanup for Next Mark
[422.010s][info][gc,marking  ] GC(83) Concurrent Cleanup for Next Mark 0.120ms
[422.010s][info][gc          ] GC(83) Concurrent Cycle 51.939ms
[422.195s][info][gc,start    ] GC(84) Pause Young (Normal) (G1 Evacuation Pause)
[422.195s][info][gc,task     ] GC(84) Using 8 workers of 8 for evacuation
[422.196s][info][gc,phases   ] GC(84)   Pre Evacuate Collection Set: 0.0ms
[422.196s][info][gc,phases   ] GC(84)   Merge Heap Roots: 0.0ms
[422.196s][info][gc,phases   ] GC(84)   Evacuate Collection Set: 0.4ms
[422.196s][info][gc,phases   ] GC(84)   Post Evacuate Collection Set: 0.2ms
[422.196s][info][gc,phases   ] GC(84)   Other: 0.1ms
[422.196s][info][gc,heap     ] GC(84) Eden regions: 30->0(30)
[422.196s][info][gc,heap     ] GC(84) Survivor regions: 1->1(4)
[422.196s][info][gc,heap     ] GC(84) Old regions: 32->32
[422.196s][info][gc,heap     ] GC(84) Archive regions: 2->2
[422.196s][info][gc,heap     ] GC(84) Humongous regions: 0->0
[422.196s][info][gc,metaspace] GC(84) Metaspace: 46717K(47824K)->46717K(47824K) NonClass: 41064K(41808K)->41064K(41808K) Class: 5652K(6016K)->5652K(6016K)
[422.196s][info][gc          ] GC(84) Pause Young (Normal) (G1 Evacuation Pause) 62M->32M(74M) 0.938ms
[422.196s][info][gc,cpu      ] GC(84) User=0.00s Sys=0.00s Real=0.00s
[422.384s][info][gc,start    ] GC(85) Pause Young (Concurrent Start) (G1 Evacuation Pause)
[422.384s][info][gc,task     ] GC(85) Using 8 workers of 8 for evacuation
[422.385s][info][gc,phases   ] GC(85)   Pre Evacuate Collection Set: 0.1ms
[422.385s][info][gc,phases   ] GC(85)   Merge Heap Roots: 0.0ms
[422.385s][info][gc,phases   ] GC(85)   Evacuate Collection Set: 0.8ms
[422.385s][info][gc,phases   ] GC(85)   Post Evacuate Collection Set: 0.2ms
[422.385s][info][gc,phases   ] GC(85)   Other: 0.1ms
[422.385s][info][gc,heap     ] GC(85) Eden regions: 30->0(30)
[422.385s][info][gc,heap     ] GC(85) Survivor regions: 1->1(4)
[422.385s][info][gc,heap     ] GC(85) Old regions: 32->32
[422.385s][info][gc,heap     ] GC(85) Archive regions: 2->2
[422.385s][info][gc,heap     ] GC(85) Humongous regions: 0->0
[422.385s][info][gc,metaspace] GC(85) Metaspace: 46717K(47824K)->46717K(47824K) NonClass: 41064K(41808K)->41064K(41808K) Class: 5652K(6016K)->5652K(6016K)
[422.385s][info][gc          ] GC(85) Pause Young (Concurrent Start) (G1 Evacuation Pause) 62M->32M(74M) 1.444ms
[422.385s][info][gc,cpu      ] GC(85) User=0.00s Sys=0.00s Real=0.00s
[422.385s][info][gc          ] GC(86) Concurrent Cycle
[422.385s][info][gc,marking  ] GC(86) Concurrent Clear Claimed Marks
[422.385s][info][gc,marking  ] GC(86) Concurrent Clear Claimed Marks 0.052ms
[422.385s][info][gc,marking  ] GC(86) Concurrent Scan Root Regions
[422.386s][info][gc,marking  ] GC(86) Concurrent Scan Root Regions 0.595ms
[422.386s][info][gc,marking  ] GC(86) Concurrent Mark (422.386s)
[422.386s][info][gc,marking  ] GC(86) Concurrent Mark From Roots
[422.386s][info][gc,task     ] GC(86) Using 2 workers of 2 for marking
[422.415s][info][gc,marking  ] GC(86) Concurrent Mark From Roots 28.584ms
[422.415s][info][gc,marking  ] GC(86) Concurrent Preclean
[422.415s][info][gc,marking  ] GC(86) Concurrent Preclean 0.131ms
[422.415s][info][gc,marking  ] GC(86) Concurrent Mark (422.386s, 422.415s) 28.843ms
[422.416s][info][gc,start    ] GC(86) Pause Remark
[422.422s][info][gc          ] GC(86) Pause Remark 35M->35M(74M) 5.940ms
[422.422s][info][gc,cpu      ] GC(86) User=0.01s Sys=0.00s Real=0.00s
[422.422s][info][gc,marking  ] GC(86) Concurrent Rebuild Remembered Sets
[422.439s][info][gc,marking  ] GC(86) Concurrent Rebuild Remembered Sets 16.319ms
[422.439s][info][gc,start    ] GC(86) Pause Cleanup
[422.439s][info][gc          ] GC(86) Pause Cleanup 37M->37M(74M) 0.176ms
[422.439s][info][gc,cpu      ] GC(86) User=0.00s Sys=0.00s Real=0.00s
[422.439s][info][gc,marking  ] GC(86) Concurrent Cleanup for Next Mark
[422.439s][info][gc,marking  ] GC(86) Concurrent Cleanup for Next Mark 0.146ms
[422.439s][info][gc          ] GC(86) Concurrent Cycle 53.986ms
[422.590s][info][gc,start    ] GC(87) Pause Young (Normal) (G1 Evacuation Pause)
[422.590s][info][gc,task     ] GC(87) Using 8 workers of 8 for evacuation
[422.591s][info][gc,phases   ] GC(87)   Pre Evacuate Collection Set: 0.0ms
[422.591s][info][gc,phases   ] GC(87)   Merge Heap Roots: 0.0ms
[422.591s][info][gc,phases   ] GC(87)   Evacuate Collection Set: 0.4ms
[422.591s][info][gc,phases   ] GC(87)   Post Evacuate Collection Set: 0.3ms
[422.591s][info][gc,phases   ] GC(87)   Other: 0.2ms
[422.591s][info][gc,heap     ] GC(87) Eden regions: 30->0(30)
[422.591s][info][gc,heap     ] GC(87) Survivor regions: 1->1(4)
[422.591s][info][gc,heap     ] GC(87) Old regions: 32->32
[422.591s][info][gc,heap     ] GC(87) Archive regions: 2->2
[422.591s][info][gc,heap     ] GC(87) Humongous regions: 0->0
[422.591s][info][gc,metaspace] GC(87) Metaspace: 46717K(47824K)->46717K(47824K) NonClass: 41064K(41808K)->41064K(41808K) Class: 5652K(6016K)->5652K(6016K)
[422.591s][info][gc          ] GC(87) Pause Young (Normal) (G1 Evacuation Pause) 62M->32M(74M) 0.989ms
[422.591s][info][gc,cpu      ] GC(87) User=0.00s Sys=0.00s Real=0.00s
[422.774s][info][gc,start    ] GC(88) Pause Young (Concurrent Start) (G1 Evacuation Pause)
[422.774s][info][gc,task     ] GC(88) Using 8 workers of 8 for evacuation
[422.776s][info][gc,phases   ] GC(88)   Pre Evacuate Collection Set: 0.1ms
[422.776s][info][gc,phases   ] GC(88)   Merge Heap Roots: 0.0ms
[422.776s][info][gc,phases   ] GC(88)   Evacuate Collection Set: 0.6ms
[422.776s][info][gc,phases   ] GC(88)   Post Evacuate Collection Set: 0.2ms
[422.776s][info][gc,phases   ] GC(88)   Other: 0.2ms
[422.776s][info][gc,heap     ] GC(88) Eden regions: 30->0(30)
[422.776s][info][gc,heap     ] GC(88) Survivor regions: 1->1(4)
[422.776s][info][gc,heap     ] GC(88) Old regions: 32->32
[422.776s][info][gc,heap     ] GC(88) Archive regions: 2->2
[422.776s][info][gc,heap     ] GC(88) Humongous regions: 0->0
[422.776s][info][gc,metaspace] GC(88) Metaspace: 46717K(47824K)->46717K(47824K) NonClass: 41064K(41808K)->41064K(41808K) Class: 5652K(6016K)->5652K(6016K)
[422.776s][info][gc          ] GC(88) Pause Young (Concurrent Start) (G1 Evacuation Pause) 62M->32M(74M) 1.250ms
[422.776s][info][gc,cpu      ] GC(88) User=0.01s Sys=0.00s Real=0.00s
[422.776s][info][gc          ] GC(89) Concurrent Cycle
[422.776s][info][gc,marking  ] GC(89) Concurrent Clear Claimed Marks
[422.776s][info][gc,marking  ] GC(89) Concurrent Clear Claimed Marks 0.036ms
[422.776s][info][gc,marking  ] GC(89) Concurrent Scan Root Regions
[422.776s][info][gc,marking  ] GC(89) Concurrent Scan Root Regions 0.586ms
[422.776s][info][gc,marking  ] GC(89) Concurrent Mark (422.776s)
[422.776s][info][gc,marking  ] GC(89) Concurrent Mark From Roots
[422.776s][info][gc,task     ] GC(89) Using 2 workers of 2 for marking
[422.804s][info][gc,marking  ] GC(89) Concurrent Mark From Roots 27.279ms
[422.804s][info][gc,marking  ] GC(89) Concurrent Preclean
[422.804s][info][gc,marking  ] GC(89) Concurrent Preclean 0.111ms
[422.804s][info][gc,marking  ] GC(89) Concurrent Mark (422.776s, 422.804s) 27.473ms
[422.811s][info][gc,start    ] GC(89) Pause Remark
[422.813s][info][gc          ] GC(89) Pause Remark 36M->36M(74M) 1.904ms
[422.813s][info][gc,cpu      ] GC(89) User=0.01s Sys=0.00s Real=0.01s
[422.813s][info][gc,marking  ] GC(89) Concurrent Rebuild Remembered Sets
[422.829s][info][gc,marking  ] GC(89) Concurrent Rebuild Remembered Sets 15.631ms
[422.829s][info][gc,start    ] GC(89) Pause Cleanup
[422.829s][info][gc          ] GC(89) Pause Cleanup 38M->38M(74M) 0.084ms
[422.829s][info][gc,cpu      ] GC(89) User=0.00s Sys=0.00s Real=0.00s
[422.829s][info][gc,marking  ] GC(89) Concurrent Cleanup for Next Mark
[422.830s][info][gc,marking  ] GC(89) Concurrent Cleanup for Next Mark 0.140ms
[422.830s][info][gc          ] GC(89) Concurrent Cycle 53.850ms
[422.978s][info][gc,start    ] GC(90) Pause Young (Normal) (G1 Evacuation Pause)
[422.978s][info][gc,task     ] GC(90) Using 8 workers of 8 for evacuation
[422.979s][info][gc,phases   ] GC(90)   Pre Evacuate Collection Set: 0.1ms
[422.979s][info][gc,phases   ] GC(90)   Merge Heap Roots: 0.0ms
[422.979s][info][gc,phases   ] GC(90)   Evacuate Collection Set: 0.6ms
[422.979s][info][gc,phases   ] GC(90)   Post Evacuate Collection Set: 0.3ms
[422.979s][info][gc,phases   ] GC(90)   Other: 0.1ms
[422.979s][info][gc,heap     ] GC(90) Eden regions: 30->0(30)
[422.980s][info][gc,heap     ] GC(90) Survivor regions: 1->1(4)
[422.980s][info][gc,heap     ] GC(90) Old regions: 32->32
[422.980s][info][gc,heap     ] GC(90) Archive regions: 2->2
[422.980s][info][gc,heap     ] GC(90) Humongous regions: 0->0
[422.980s][info][gc,metaspace] GC(90) Metaspace: 46717K(47824K)->46717K(47824K) NonClass: 41064K(41808K)->41064K(41808K) Class: 5652K(6016K)->5652K(6016K)
[422.980s][info][gc          ] GC(90) Pause Young (Normal) (G1 Evacuation Pause) 62M->32M(74M) 1.149ms
[422.980s][info][gc,cpu      ] GC(90) User=0.00s Sys=0.00s Real=0.00s
[423.246s][info][gc,start    ] GC(91) Pause Young (Concurrent Start) (G1 Evacuation Pause)
[423.246s][info][gc,task     ] GC(91) Using 8 workers of 8 for evacuation
[423.247s][info][gc,phases   ] GC(91)   Pre Evacuate Collection Set: 0.1ms
[423.247s][info][gc,phases   ] GC(91)   Merge Heap Roots: 0.0ms
[423.247s][info][gc,phases   ] GC(91)   Evacuate Collection Set: 0.6ms
[423.247s][info][gc,phases   ] GC(91)   Post Evacuate Collection Set: 0.2ms
[423.247s][info][gc,phases   ] GC(91)   Other: 0.1ms
[423.247s][info][gc,heap     ] GC(91) Eden regions: 30->0(30)
[423.247s][info][gc,heap     ] GC(91) Survivor regions: 1->1(4)
[423.247s][info][gc,heap     ] GC(91) Old regions: 32->32
[423.247s][info][gc,heap     ] GC(91) Archive regions: 2->2
[423.247s][info][gc,heap     ] GC(91) Humongous regions: 0->0
[423.247s][info][gc,metaspace] GC(91) Metaspace: 46718K(47824K)->46718K(47824K) NonClass: 41066K(41808K)->41066K(41808K) Class: 5652K(6016K)->5652K(6016K)
[423.247s][info][gc          ] GC(91) Pause Young (Concurrent Start) (G1 Evacuation Pause) 62M->32M(74M) 1.081ms
[423.247s][info][gc,cpu      ] GC(91) User=0.01s Sys=0.00s Real=0.00s
[423.247s][info][gc          ] GC(92) Concurrent Cycle
[423.247s][info][gc,marking  ] GC(92) Concurrent Clear Claimed Marks
[423.247s][info][gc,marking  ] GC(92) Concurrent Clear Claimed Marks 0.035ms
[423.247s][info][gc,marking  ] GC(92) Concurrent Scan Root Regions
[423.247s][info][gc,marking  ] GC(92) Concurrent Scan Root Regions 0.557ms
[423.247s][info][gc,marking  ] GC(92) Concurrent Mark (423.247s)
[423.247s][info][gc,marking  ] GC(92) Concurrent Mark From Roots
[423.247s][info][gc,task     ] GC(92) Using 2 workers of 2 for marking
[423.275s][info][gc,marking  ] GC(92) Concurrent Mark From Roots 27.518ms
[423.275s][info][gc,marking  ] GC(92) Concurrent Preclean
[423.275s][info][gc,marking  ] GC(92) Concurrent Preclean 0.085ms
[423.275s][info][gc,marking  ] GC(92) Concurrent Mark (423.247s, 423.275s) 27.672ms
[423.275s][info][gc,start    ] GC(92) Pause Remark
[423.277s][info][gc          ] GC(92) Pause Remark 36M->36M(74M) 2.154ms
[423.277s][info][gc,cpu      ] GC(92) User=0.02s Sys=0.00s Real=0.00s
[423.278s][info][gc,marking  ] GC(92) Concurrent Rebuild Remembered Sets
[423.296s][info][gc,marking  ] GC(92) Concurrent Rebuild Remembered Sets 18.448ms
[423.296s][info][gc,start    ] GC(92) Pause Cleanup
[423.296s][info][gc          ] GC(92) Pause Cleanup 38M->38M(74M) 0.096ms
[423.296s][info][gc,cpu      ] GC(92) User=0.00s Sys=0.00s Real=0.00s
[423.296s][info][gc,marking  ] GC(92) Concurrent Cleanup for Next Mark
[423.296s][info][gc,marking  ] GC(92) Concurrent Cleanup for Next Mark 0.117ms
[423.296s][info][gc          ] GC(92) Concurrent Cycle 49.727ms
[423.456s][info][gc,start    ] GC(93) Pause Young (Normal) (G1 Evacuation Pause)
[423.456s][info][gc,task     ] GC(93) Using 8 workers of 8 for evacuation
[423.457s][info][gc,phases   ] GC(93)   Pre Evacuate Collection Set: 0.1ms
[423.457s][info][gc,phases   ] GC(93)   Merge Heap Roots: 0.0ms
[423.457s][info][gc,phases   ] GC(93)   Evacuate Collection Set: 0.5ms
[423.457s][info][gc,phases   ] GC(93)   Post Evacuate Collection Set: 0.2ms
[423.457s][info][gc,phases   ] GC(93)   Other: 0.1ms
[423.457s][info][gc,heap     ] GC(93) Eden regions: 30->0(30)
[423.457s][info][gc,heap     ] GC(93) Survivor regions: 1->1(4)
[423.457s][info][gc,heap     ] GC(93) Old regions: 32->32
[423.457s][info][gc,heap     ] GC(93) Archive regions: 2->2
[423.457s][info][gc,heap     ] GC(93) Humongous regions: 0->0
[423.457s][info][gc,metaspace] GC(93) Metaspace: 46718K(47824K)->46718K(47824K) NonClass: 41066K(41808K)->41066K(41808K) Class: 5652K(6016K)->5652K(6016K)
[423.457s][info][gc          ] GC(93) Pause Young (Normal) (G1 Evacuation Pause) 62M->32M(74M) 1.107ms
[423.457s][info][gc,cpu      ] GC(93) User=0.01s Sys=0.00s Real=0.00s
[423.662s][info][gc,start    ] GC(94) Pause Young (Concurrent Start) (G1 Evacuation Pause)
[423.662s][info][gc,task     ] GC(94) Using 8 workers of 8 for evacuation
[423.663s][info][gc,phases   ] GC(94)   Pre Evacuate Collection Set: 0.1ms
[423.663s][info][gc,phases   ] GC(94)   Merge Heap Roots: 0.0ms
[423.664s][info][gc,phases   ] GC(94)   Evacuate Collection Set: 0.9ms
[423.664s][info][gc,phases   ] GC(94)   Post Evacuate Collection Set: 0.3ms
[423.664s][info][gc,phases   ] GC(94)   Other: 0.2ms
[423.664s][info][gc,heap     ] GC(94) Eden regions: 30->0(30)
[423.664s][info][gc,heap     ] GC(94) Survivor regions: 1->1(4)
[423.664s][info][gc,heap     ] GC(94) Old regions: 32->32
[423.664s][info][gc,heap     ] GC(94) Archive regions: 2->2
[423.664s][info][gc,heap     ] GC(94) Humongous regions: 0->0
[423.664s][info][gc,metaspace] GC(94) Metaspace: 46718K(47824K)->46718K(47824K) NonClass: 41066K(41808K)->41066K(41808K) Class: 5652K(6016K)->5652K(6016K)
[423.664s][info][gc          ] GC(94) Pause Young (Concurrent Start) (G1 Evacuation Pause) 62M->32M(74M) 1.652ms
[423.664s][info][gc,cpu      ] GC(94) User=0.00s Sys=0.00s Real=0.01s
[423.664s][info][gc          ] GC(95) Concurrent Cycle
[423.664s][info][gc,marking  ] GC(95) Concurrent Clear Claimed Marks
[423.664s][info][gc,marking  ] GC(95) Concurrent Clear Claimed Marks 0.050ms
[423.664s][info][gc,marking  ] GC(95) Concurrent Scan Root Regions
[423.665s][info][gc,marking  ] GC(95) Concurrent Scan Root Regions 0.743ms
[423.665s][info][gc,marking  ] GC(95) Concurrent Mark (423.665s)
[423.665s][info][gc,marking  ] GC(95) Concurrent Mark From Roots
[423.665s][info][gc,task     ] GC(95) Using 2 workers of 2 for marking
[423.699s][info][gc,marking  ] GC(95) Concurrent Mark From Roots 34.136ms
[423.699s][info][gc,marking  ] GC(95) Concurrent Preclean
[423.699s][info][gc,marking  ] GC(95) Concurrent Preclean 0.093ms
[423.699s][info][gc,marking  ] GC(95) Concurrent Mark (423.665s, 423.699s) 34.337ms
[423.699s][info][gc,start    ] GC(95) Pause Remark
[423.702s][info][gc          ] GC(95) Pause Remark 35M->35M(74M) 3.102ms
[423.702s][info][gc,cpu      ] GC(95) User=0.01s Sys=0.00s Real=0.00s
[423.702s][info][gc,marking  ] GC(95) Concurrent Rebuild Remembered Sets
[423.725s][info][gc,marking  ] GC(95) Concurrent Rebuild Remembered Sets 23.081ms
[423.726s][info][gc,start    ] GC(95) Pause Cleanup
[423.726s][info][gc          ] GC(95) Pause Cleanup 37M->37M(74M) 0.110ms
[423.726s][info][gc,cpu      ] GC(95) User=0.00s Sys=0.00s Real=0.00s
[423.726s][info][gc,marking  ] GC(95) Concurrent Cleanup for Next Mark
[423.726s][info][gc,marking  ] GC(95) Concurrent Cleanup for Next Mark 0.130ms
[423.726s][info][gc          ] GC(95) Concurrent Cycle 62.243ms
[423.904s][info][gc,start    ] GC(96) Pause Young (Normal) (G1 Evacuation Pause)
[423.904s][info][gc,task     ] GC(96) Using 8 workers of 8 for evacuation
[423.905s][info][gc,phases   ] GC(96)   Pre Evacuate Collection Set: 0.1ms
[423.905s][info][gc,phases   ] GC(96)   Merge Heap Roots: 0.0ms
[423.905s][info][gc,phases   ] GC(96)   Evacuate Collection Set: 0.6ms
[423.905s][info][gc,phases   ] GC(96)   Post Evacuate Collection Set: 0.2ms
[423.905s][info][gc,phases   ] GC(96)   Other: 0.2ms
[423.905s][info][gc,heap     ] GC(96) Eden regions: 30->0(30)
[423.905s][info][gc,heap     ] GC(96) Survivor regions: 1->1(4)
[423.905s][info][gc,heap     ] GC(96) Old regions: 32->32
[423.905s][info][gc,heap     ] GC(96) Archive regions: 2->2
[423.905s][info][gc,heap     ] GC(96) Humongous regions: 0->0
[423.905s][info][gc,metaspace] GC(96) Metaspace: 46718K(47824K)->46718K(47824K) NonClass: 41066K(41808K)->41066K(41808K) Class: 5652K(6016K)->5652K(6016K)
[423.905s][info][gc          ] GC(96) Pause Young (Normal) (G1 Evacuation Pause) 62M->32M(74M) 1.152ms
[423.905s][info][gc,cpu      ] GC(96) User=0.01s Sys=0.00s Real=0.00s
[424.144s][info][gc,start    ] GC(97) Pause Young (Concurrent Start) (G1 Evacuation Pause)
[424.144s][info][gc,task     ] GC(97) Using 8 workers of 8 for evacuation
[424.145s][info][gc,phases   ] GC(97)   Pre Evacuate Collection Set: 0.1ms
[424.145s][info][gc,phases   ] GC(97)   Merge Heap Roots: 0.0ms
[424.145s][info][gc,phases   ] GC(97)   Evacuate Collection Set: 0.6ms
[424.145s][info][gc,phases   ] GC(97)   Post Evacuate Collection Set: 0.2ms
[424.145s][info][gc,phases   ] GC(97)   Other: 0.2ms
[424.145s][info][gc,heap     ] GC(97) Eden regions: 30->0(30)
[424.145s][info][gc,heap     ] GC(97) Survivor regions: 1->1(4)
[424.145s][info][gc,heap     ] GC(97) Old regions: 32->32
[424.145s][info][gc,heap     ] GC(97) Archive regions: 2->2
[424.145s][info][gc,heap     ] GC(97) Humongous regions: 0->0
[424.145s][info][gc,metaspace] GC(97) Metaspace: 46719K(47824K)->46719K(47824K) NonClass: 41066K(41808K)->41066K(41808K) Class: 5652K(6016K)->5652K(6016K)
[424.145s][info][gc          ] GC(97) Pause Young (Concurrent Start) (G1 Evacuation Pause) 62M->32M(74M) 1.212ms
[424.146s][info][gc,cpu      ] GC(97) User=0.00s Sys=0.00s Real=0.00s
[424.146s][info][gc          ] GC(98) Concurrent Cycle
[424.146s][info][gc,marking  ] GC(98) Concurrent Clear Claimed Marks
[424.146s][info][gc,marking  ] GC(98) Concurrent Clear Claimed Marks 0.041ms
[424.146s][info][gc,marking  ] GC(98) Concurrent Scan Root Regions
[424.147s][info][gc,marking  ] GC(98) Concurrent Scan Root Regions 1.050ms
[424.147s][info][gc,marking  ] GC(98) Concurrent Mark (424.147s)
[424.147s][info][gc,marking  ] GC(98) Concurrent Mark From Roots
[424.147s][info][gc,task     ] GC(98) Using 2 workers of 2 for marking
[424.180s][info][gc,marking  ] GC(98) Concurrent Mark From Roots 33.075ms
[424.180s][info][gc,marking  ] GC(98) Concurrent Preclean
[424.180s][info][gc,marking  ] GC(98) Concurrent Preclean 0.081ms
[424.180s][info][gc,marking  ] GC(98) Concurrent Mark (424.147s, 424.180s) 33.227ms
[424.181s][info][gc,start    ] GC(98) Pause Remark
[424.182s][info][gc          ] GC(98) Pause Remark 35M->35M(74M) 1.761ms
[424.182s][info][gc,cpu      ] GC(98) User=0.01s Sys=0.00s Real=0.00s
[424.182s][info][gc,marking  ] GC(98) Concurrent Rebuild Remembered Sets
[424.201s][info][gc,marking  ] GC(98) Concurrent Rebuild Remembered Sets 18.746ms
[424.201s][info][gc,start    ] GC(98) Pause Cleanup
[424.202s][info][gc          ] GC(98) Pause Cleanup 38M->38M(74M) 0.192ms
[424.202s][info][gc,cpu      ] GC(98) User=0.00s Sys=0.00s Real=0.00s
[424.202s][info][gc,marking  ] GC(98) Concurrent Cleanup for Next Mark
[424.204s][info][gc,marking  ] GC(98) Concurrent Cleanup for Next Mark 1.823ms
[424.204s][info][gc          ] GC(98) Concurrent Cycle 58.182ms
[424.383s][info][gc,start    ] GC(99) Pause Young (Normal) (G1 Evacuation Pause)
[424.383s][info][gc,task     ] GC(99) Using 8 workers of 8 for evacuation
[424.384s][info][gc,phases   ] GC(99)   Pre Evacuate Collection Set: 0.1ms
[424.384s][info][gc,phases   ] GC(99)   Merge Heap Roots: 0.0ms
[424.384s][info][gc,phases   ] GC(99)   Evacuate Collection Set: 0.5ms
[424.384s][info][gc,phases   ] GC(99)   Post Evacuate Collection Set: 0.2ms
[424.384s][info][gc,phases   ] GC(99)   Other: 0.2ms
[424.384s][info][gc,heap     ] GC(99) Eden regions: 30->0(30)
[424.384s][info][gc,heap     ] GC(99) Survivor regions: 1->1(4)
[424.384s][info][gc,heap     ] GC(99) Old regions: 32->32
[424.384s][info][gc,heap     ] GC(99) Archive regions: 2->2
[424.384s][info][gc,heap     ] GC(99) Humongous regions: 0->0
[424.384s][info][gc,metaspace] GC(99) Metaspace: 46719K(47824K)->46719K(47824K) NonClass: 41066K(41808K)->41066K(41808K) Class: 5652K(6016K)->5652K(6016K)
[424.384s][info][gc          ] GC(99) Pause Young (Normal) (G1 Evacuation Pause) 62M->32M(74M) 1.060ms
[424.384s][info][gc,cpu      ] GC(99) User=0.01s Sys=0.00s Real=0.00s
[424.569s][info][gc,start    ] GC(100) Pause Young (Concurrent Start) (G1 Evacuation Pause)
[424.569s][info][gc,task     ] GC(100) Using 8 workers of 8 for evacuation
[424.570s][info][gc,phases   ] GC(100)   Pre Evacuate Collection Set: 0.1ms
[424.570s][info][gc,phases   ] GC(100)   Merge Heap Roots: 0.0ms
[424.570s][info][gc,phases   ] GC(100)   Evacuate Collection Set: 0.8ms
[424.570s][info][gc,phases   ] GC(100)   Post Evacuate Collection Set: 0.2ms
[424.571s][info][gc,phases   ] GC(100)   Other: 0.3ms
[424.571s][info][gc,heap     ] GC(100) Eden regions: 30->0(30)
[424.571s][info][gc,heap     ] GC(100) Survivor regions: 1->1(4)
[424.571s][info][gc,heap     ] GC(100) Old regions: 32->32
[424.571s][info][gc,heap     ] GC(100) Archive regions: 2->2
[424.571s][info][gc,heap     ] GC(100) Humongous regions: 0->0
[424.571s][info][gc,metaspace] GC(100) Metaspace: 46719K(47824K)->46719K(47824K) NonClass: 41066K(41808K)->41066K(41808K) Class: 5652K(6016K)->5652K(6016K)
[424.571s][info][gc          ] GC(100) Pause Young (Concurrent Start) (G1 Evacuation Pause) 62M->32M(74M) 1.496ms
[424.571s][info][gc,cpu      ] GC(100) User=0.00s Sys=0.00s Real=0.00s
[424.571s][info][gc          ] GC(101) Concurrent Cycle
[424.571s][info][gc,marking  ] GC(101) Concurrent Clear Claimed Marks
[424.571s][info][gc,marking  ] GC(101) Concurrent Clear Claimed Marks 0.166ms
[424.571s][info][gc,marking  ] GC(101) Concurrent Scan Root Regions
[424.573s][info][gc,marking  ] GC(101) Concurrent Scan Root Regions 1.857ms
[424.573s][info][gc,marking  ] GC(101) Concurrent Mark (424.573s)
[424.573s][info][gc,marking  ] GC(101) Concurrent Mark From Roots
[424.573s][info][gc,task     ] GC(101) Using 2 workers of 2 for marking
[424.601s][info][gc,marking  ] GC(101) Concurrent Mark From Roots 28.613ms
[424.601s][info][gc,marking  ] GC(101) Concurrent Preclean
[424.601s][info][gc,marking  ] GC(101) Concurrent Preclean 0.081ms
[424.602s][info][gc,marking  ] GC(101) Concurrent Mark (424.573s, 424.602s) 28.768ms
[424.602s][info][gc,start    ] GC(101) Pause Remark
[424.604s][info][gc          ] GC(101) Pause Remark 36M->36M(74M) 1.973ms
[424.604s][info][gc,cpu      ] GC(101) User=0.01s Sys=0.00s Real=0.01s
[424.604s][info][gc,marking  ] GC(101) Concurrent Rebuild Remembered Sets
[424.625s][info][gc,marking  ] GC(101) Concurrent Rebuild Remembered Sets 21.042ms
[424.625s][info][gc,start    ] GC(101) Pause Cleanup
[424.625s][info][gc          ] GC(101) Pause Cleanup 38M->38M(74M) 0.079ms
[424.625s][info][gc,cpu      ] GC(101) User=0.00s Sys=0.00s Real=0.00s
[424.625s][info][gc,marking  ] GC(101) Concurrent Cleanup for Next Mark
[424.625s][info][gc,marking  ] GC(101) Concurrent Cleanup for Next Mark 0.192ms
[424.625s][info][gc          ] GC(101) Concurrent Cycle 54.714ms
[424.817s][info][gc,start    ] GC(102) Pause Young (Normal) (G1 Evacuation Pause)
[424.817s][info][gc,task     ] GC(102) Using 8 workers of 8 for evacuation
[424.819s][info][gc,phases   ] GC(102)   Pre Evacuate Collection Set: 0.1ms
[424.819s][info][gc,phases   ] GC(102)   Merge Heap Roots: 0.0ms
[424.819s][info][gc,phases   ] GC(102)   Evacuate Collection Set: 0.6ms
[424.819s][info][gc,phases   ] GC(102)   Post Evacuate Collection Set: 0.3ms
[424.819s][info][gc,phases   ] GC(102)   Other: 0.2ms
[424.819s][info][gc,heap     ] GC(102) Eden regions: 30->0(30)
[424.819s][info][gc,heap     ] GC(102) Survivor regions: 1->1(4)
[424.819s][info][gc,heap     ] GC(102) Old regions: 32->32
[424.819s][info][gc,heap     ] GC(102) Archive regions: 2->2
[424.819s][info][gc,heap     ] GC(102) Humongous regions: 0->0
[424.819s][info][gc,metaspace] GC(102) Metaspace: 46721K(47824K)->46721K(47824K) NonClass: 41069K(41808K)->41069K(41808K) Class: 5652K(6016K)->5652K(6016K)
[424.819s][info][gc          ] GC(102) Pause Young (Normal) (G1 Evacuation Pause) 62M->32M(74M) 1.384ms
[424.819s][info][gc,cpu      ] GC(102) User=0.00s Sys=0.00s Real=0.00s
[425.064s][info][gc,start    ] GC(103) Pause Young (Concurrent Start) (G1 Evacuation Pause)
[425.064s][info][gc,task     ] GC(103) Using 8 workers of 8 for evacuation
[425.065s][info][gc,phases   ] GC(103)   Pre Evacuate Collection Set: 0.1ms
[425.065s][info][gc,phases   ] GC(103)   Merge Heap Roots: 0.0ms
[425.065s][info][gc,phases   ] GC(103)   Evacuate Collection Set: 0.9ms
[425.065s][info][gc,phases   ] GC(103)   Post Evacuate Collection Set: 0.2ms
[425.065s][info][gc,phases   ] GC(103)   Other: 0.2ms
[425.065s][info][gc,heap     ] GC(103) Eden regions: 30->0(30)
[425.065s][info][gc,heap     ] GC(103) Survivor regions: 1->1(4)
[425.065s][info][gc,heap     ] GC(103) Old regions: 32->32
[425.065s][info][gc,heap     ] GC(103) Archive regions: 2->2
[425.065s][info][gc,heap     ] GC(103) Humongous regions: 0->0
[425.065s][info][gc,metaspace] GC(103) Metaspace: 46727K(47824K)->46727K(47824K) NonClass: 41074K(41808K)->41074K(41808K) Class: 5652K(6016K)->5652K(6016K)
[425.065s][info][gc          ] GC(103) Pause Young (Concurrent Start) (G1 Evacuation Pause) 62M->32M(74M) 1.466ms
[425.065s][info][gc,cpu      ] GC(103) User=0.01s Sys=0.00s Real=0.00s
[425.065s][info][gc          ] GC(104) Concurrent Cycle
[425.065s][info][gc,marking  ] GC(104) Concurrent Clear Claimed Marks
[425.065s][info][gc,marking  ] GC(104) Concurrent Clear Claimed Marks 0.043ms
[425.065s][info][gc,marking  ] GC(104) Concurrent Scan Root Regions
[425.066s][info][gc,marking  ] GC(104) Concurrent Scan Root Regions 0.748ms
[425.066s][info][gc,marking  ] GC(104) Concurrent Mark (425.066s)
[425.066s][info][gc,marking  ] GC(104) Concurrent Mark From Roots
[425.066s][info][gc,task     ] GC(104) Using 2 workers of 2 for marking
[425.103s][info][gc,marking  ] GC(104) Concurrent Mark From Roots 36.947ms
[425.103s][info][gc,marking  ] GC(104) Concurrent Preclean
[425.103s][info][gc,marking  ] GC(104) Concurrent Preclean 0.116ms
[425.103s][info][gc,marking  ] GC(104) Concurrent Mark (425.066s, 425.103s) 37.172ms
[425.104s][info][gc,start    ] GC(104) Pause Remark
[425.106s][info][gc          ] GC(104) Pause Remark 34M->34M(74M) 2.147ms
[425.106s][info][gc,cpu      ] GC(104) User=0.01s Sys=0.00s Real=0.00s
[425.106s][info][gc,marking  ] GC(104) Concurrent Rebuild Remembered Sets
[425.125s][info][gc,marking  ] GC(104) Concurrent Rebuild Remembered Sets 19.524ms
[425.126s][info][gc,start    ] GC(104) Pause Cleanup
[425.126s][info][gc          ] GC(104) Pause Cleanup 36M->36M(74M) 0.133ms
[425.127s][info][gc,cpu      ] GC(104) User=0.00s Sys=0.00s Real=0.00s
[425.127s][info][gc,marking  ] GC(104) Concurrent Cleanup for Next Mark
[425.127s][info][gc,marking  ] GC(104) Concurrent Cleanup for Next Mark 0.236ms
[425.127s][info][gc          ] GC(104) Concurrent Cycle 61.488ms
[425.310s][info][gc,start    ] GC(105) Pause Young (Normal) (G1 Evacuation Pause)
[425.310s][info][gc,task     ] GC(105) Using 8 workers of 8 for evacuation
[425.311s][info][gc,phases   ] GC(105)   Pre Evacuate Collection Set: 0.1ms
[425.311s][info][gc,phases   ] GC(105)   Merge Heap Roots: 0.0ms
[425.311s][info][gc,phases   ] GC(105)   Evacuate Collection Set: 0.5ms
[425.311s][info][gc,phases   ] GC(105)   Post Evacuate Collection Set: 0.3ms
[425.311s][info][gc,phases   ] GC(105)   Other: 0.1ms
[425.311s][info][gc,heap     ] GC(105) Eden regions: 30->0(30)
[425.311s][info][gc,heap     ] GC(105) Survivor regions: 1->1(4)
[425.311s][info][gc,heap     ] GC(105) Old regions: 32->32
[425.311s][info][gc,heap     ] GC(105) Archive regions: 2->2
[425.311s][info][gc,heap     ] GC(105) Humongous regions: 0->0
[425.311s][info][gc,metaspace] GC(105) Metaspace: 46727K(47824K)->46727K(47824K) NonClass: 41074K(41808K)->41074K(41808K) Class: 5652K(6016K)->5652K(6016K)
[425.311s][info][gc          ] GC(105) Pause Young (Normal) (G1 Evacuation Pause) 62M->32M(74M) 1.122ms
[425.311s][info][gc,cpu      ] GC(105) User=0.00s Sys=0.00s Real=0.00s
[425.497s][info][gc,start    ] GC(106) Pause Young (Concurrent Start) (G1 Evacuation Pause)
[425.497s][info][gc,task     ] GC(106) Using 8 workers of 8 for evacuation
[425.498s][info][gc,phases   ] GC(106)   Pre Evacuate Collection Set: 0.1ms
[425.498s][info][gc,phases   ] GC(106)   Merge Heap Roots: 0.0ms
[425.498s][info][gc,phases   ] GC(106)   Evacuate Collection Set: 0.6ms
[425.498s][info][gc,phases   ] GC(106)   Post Evacuate Collection Set: 0.2ms
[425.498s][info][gc,phases   ] GC(106)   Other: 0.2ms
[425.498s][info][gc,heap     ] GC(106) Eden regions: 30->0(30)
[425.498s][info][gc,heap     ] GC(106) Survivor regions: 1->1(4)
[425.498s][info][gc,heap     ] GC(106) Old regions: 32->32
[425.498s][info][gc,heap     ] GC(106) Archive regions: 2->2
[425.498s][info][gc,heap     ] GC(106) Humongous regions: 0->0
[425.498s][info][gc,metaspace] GC(106) Metaspace: 46727K(47824K)->46727K(47824K) NonClass: 41074K(41808K)->41074K(41808K) Class: 5652K(6016K)->5652K(6016K)
[425.498s][info][gc          ] GC(106) Pause Young (Concurrent Start) (G1 Evacuation Pause) 62M->32M(74M) 1.158ms
[425.498s][info][gc,cpu      ] GC(106) User=0.01s Sys=0.00s Real=0.00s
[425.498s][info][gc          ] GC(107) Concurrent Cycle
[425.498s][info][gc,marking  ] GC(107) Concurrent Clear Claimed Marks
[425.498s][info][gc,marking  ] GC(107) Concurrent Clear Claimed Marks 0.041ms
[425.498s][info][gc,marking  ] GC(107) Concurrent Scan Root Regions
[425.499s][info][gc,marking  ] GC(107) Concurrent Scan Root Regions 0.558ms
[425.499s][info][gc,marking  ] GC(107) Concurrent Mark (425.499s)
[425.499s][info][gc,marking  ] GC(107) Concurrent Mark From Roots
[425.499s][info][gc,task     ] GC(107) Using 2 workers of 2 for marking
[425.526s][info][gc,marking  ] GC(107) Concurrent Mark From Roots 27.607ms
[425.526s][info][gc,marking  ] GC(107) Concurrent Preclean
[425.526s][info][gc,marking  ] GC(107) Concurrent Preclean 0.060ms
[425.526s][info][gc,marking  ] GC(107) Concurrent Mark (425.499s, 425.526s) 27.722ms
[425.527s][info][gc,start    ] GC(107) Pause Remark
[425.529s][info][gc          ] GC(107) Pause Remark 36M->36M(74M) 1.891ms
[425.529s][info][gc,cpu      ] GC(107) User=0.01s Sys=0.00s Real=0.00s
[425.529s][info][gc,marking  ] GC(107) Concurrent Rebuild Remembered Sets
[425.547s][info][gc,marking  ] GC(107) Concurrent Rebuild Remembered Sets 18.664ms
[425.548s][info][gc,start    ] GC(107) Pause Cleanup
[425.548s][info][gc          ] GC(107) Pause Cleanup 39M->39M(74M) 0.096ms
[425.548s][info][gc,cpu      ] GC(107) User=0.00s Sys=0.00s Real=0.00s
[425.548s][info][gc,marking  ] GC(107) Concurrent Cleanup for Next Mark
[425.548s][info][gc,marking  ] GC(107) Concurrent Cleanup for Next Mark 0.165ms
[425.548s][info][gc          ] GC(107) Concurrent Cycle 49.917ms
[425.698s][info][gc,start    ] GC(108) Pause Young (Normal) (G1 Evacuation Pause)
[425.698s][info][gc,task     ] GC(108) Using 8 workers of 8 for evacuation
[425.699s][info][gc,phases   ] GC(108)   Pre Evacuate Collection Set: 0.0ms
[425.699s][info][gc,phases   ] GC(108)   Merge Heap Roots: 0.0ms
[425.699s][info][gc,phases   ] GC(108)   Evacuate Collection Set: 0.4ms
[425.699s][info][gc,phases   ] GC(108)   Post Evacuate Collection Set: 0.2ms
[425.699s][info][gc,phases   ] GC(108)   Other: 0.1ms
[425.699s][info][gc,heap     ] GC(108) Eden regions: 30->0(30)
[425.699s][info][gc,heap     ] GC(108) Survivor regions: 1->1(4)
[425.699s][info][gc,heap     ] GC(108) Old regions: 32->32
[425.699s][info][gc,heap     ] GC(108) Archive regions: 2->2
[425.699s][info][gc,heap     ] GC(108) Humongous regions: 0->0
[425.699s][info][gc,metaspace] GC(108) Metaspace: 46727K(47824K)->46727K(47824K) NonClass: 41074K(41808K)->41074K(41808K) Class: 5652K(6016K)->5652K(6016K)
[425.699s][info][gc          ] GC(108) Pause Young (Normal) (G1 Evacuation Pause) 62M->32M(74M) 0.868ms
[425.699s][info][gc,cpu      ] GC(108) User=0.01s Sys=0.00s Real=0.00s
[425.904s][info][gc,start    ] GC(109) Pause Young (Concurrent Start) (G1 Evacuation Pause)
[425.904s][info][gc,task     ] GC(109) Using 8 workers of 8 for evacuation
[425.905s][info][gc,phases   ] GC(109)   Pre Evacuate Collection Set: 0.1ms
[425.905s][info][gc,phases   ] GC(109)   Merge Heap Roots: 0.0ms
[425.905s][info][gc,phases   ] GC(109)   Evacuate Collection Set: 0.5ms
[425.905s][info][gc,phases   ] GC(109)   Post Evacuate Collection Set: 0.2ms
[425.905s][info][gc,phases   ] GC(109)   Other: 0.2ms
[425.905s][info][gc,heap     ] GC(109) Eden regions: 30->0(30)
[425.905s][info][gc,heap     ] GC(109) Survivor regions: 1->1(4)
[425.905s][info][gc,heap     ] GC(109) Old regions: 32->32
[425.905s][info][gc,heap     ] GC(109) Archive regions: 2->2
[425.905s][info][gc,heap     ] GC(109) Humongous regions: 0->0
[425.905s][info][gc,metaspace] GC(109) Metaspace: 46727K(47824K)->46727K(47824K) NonClass: 41074K(41808K)->41074K(41808K) Class: 5652K(6016K)->5652K(6016K)
[425.905s][info][gc          ] GC(109) Pause Young (Concurrent Start) (G1 Evacuation Pause) 62M->32M(74M) 1.084ms
[425.905s][info][gc,cpu      ] GC(109) User=0.01s Sys=0.00s Real=0.00s
[425.905s][info][gc          ] GC(110) Concurrent Cycle
[425.905s][info][gc,marking  ] GC(110) Concurrent Clear Claimed Marks
[425.906s][info][gc,marking  ] GC(110) Concurrent Clear Claimed Marks 0.031ms
[425.906s][info][gc,marking  ] GC(110) Concurrent Scan Root Regions
[425.907s][info][gc,marking  ] GC(110) Concurrent Scan Root Regions 1.154ms
[425.907s][info][gc,marking  ] GC(110) Concurrent Mark (425.907s)
[425.907s][info][gc,marking  ] GC(110) Concurrent Mark From Roots
[425.907s][info][gc,task     ] GC(110) Using 2 workers of 2 for marking
[425.937s][info][gc,marking  ] GC(110) Concurrent Mark From Roots 30.628ms
[425.937s][info][gc,marking  ] GC(110) Concurrent Preclean
[425.937s][info][gc,marking  ] GC(110) Concurrent Preclean 0.090ms
[425.938s][info][gc,marking  ] GC(110) Concurrent Mark (425.907s, 425.938s) 30.785ms
[425.938s][info][gc,start    ] GC(110) Pause Remark
[425.944s][info][gc          ] GC(110) Pause Remark 35M->35M(74M) 5.900ms
[425.944s][info][gc,cpu      ] GC(110) User=0.02s Sys=0.00s Real=0.01s
[425.945s][info][gc,marking  ] GC(110) Concurrent Rebuild Remembered Sets
[425.968s][info][gc,marking  ] GC(110) Concurrent Rebuild Remembered Sets 23.443ms
[425.968s][info][gc,start    ] GC(110) Pause Cleanup
[425.969s][info][gc          ] GC(110) Pause Cleanup 36M->36M(74M) 0.475ms
[425.969s][info][gc,cpu      ] GC(110) User=0.00s Sys=0.00s Real=0.00s
[425.972s][info][gc,marking  ] GC(110) Concurrent Cleanup for Next Mark
[425.972s][info][gc,marking  ] GC(110) Concurrent Cleanup for Next Mark 0.525ms
[425.972s][info][gc          ] GC(110) Concurrent Cycle 66.850ms
[426.206s][info][gc,start    ] GC(111) Pause Young (Normal) (G1 Evacuation Pause)
[426.206s][info][gc,task     ] GC(111) Using 8 workers of 8 for evacuation
[426.208s][info][gc,phases   ] GC(111)   Pre Evacuate Collection Set: 0.1ms
[426.208s][info][gc,phases   ] GC(111)   Merge Heap Roots: 0.0ms
[426.208s][info][gc,phases   ] GC(111)   Evacuate Collection Set: 1.1ms
[426.208s][info][gc,phases   ] GC(111)   Post Evacuate Collection Set: 0.3ms
[426.208s][info][gc,phases   ] GC(111)   Other: 0.2ms
[426.208s][info][gc,heap     ] GC(111) Eden regions: 30->0(28)
[426.208s][info][gc,heap     ] GC(111) Survivor regions: 1->2(4)
[426.208s][info][gc,heap     ] GC(111) Old regions: 32->32
[426.208s][info][gc,heap     ] GC(111) Archive regions: 2->2
[426.208s][info][gc,heap     ] GC(111) Humongous regions: 0->0
[426.208s][info][gc,metaspace] GC(111) Metaspace: 46729K(47824K)->46729K(47824K) NonClass: 41077K(41808K)->41077K(41808K) Class: 5652K(6016K)->5652K(6016K)
[426.208s][info][gc          ] GC(111) Pause Young (Normal) (G1 Evacuation Pause) 62M->33M(74M) 1.733ms
[426.208s][info][gc,cpu      ] GC(111) User=0.00s Sys=0.00s Real=0.00s
[426.375s][info][gc,start    ] GC(112) Pause Young (Concurrent Start) (G1 Evacuation Pause)
[426.375s][info][gc,task     ] GC(112) Using 8 workers of 8 for evacuation
[426.377s][info][gc,phases   ] GC(112)   Pre Evacuate Collection Set: 0.1ms
[426.377s][info][gc,phases   ] GC(112)   Merge Heap Roots: 0.0ms
[426.377s][info][gc,phases   ] GC(112)   Evacuate Collection Set: 1.0ms
[426.377s][info][gc,phases   ] GC(112)   Post Evacuate Collection Set: 0.2ms
[426.377s][info][gc,phases   ] GC(112)   Other: 0.2ms
[426.377s][info][gc,heap     ] GC(112) Eden regions: 28->0(28)
[426.377s][info][gc,heap     ] GC(112) Survivor regions: 2->2(4)
[426.377s][info][gc,heap     ] GC(112) Old regions: 32->32
[426.377s][info][gc,heap     ] GC(112) Archive regions: 2->2
[426.377s][info][gc,heap     ] GC(112) Humongous regions: 0->0
[426.377s][info][gc,metaspace] GC(112) Metaspace: 46729K(47824K)->46729K(47824K) NonClass: 41077K(41808K)->41077K(41808K) Class: 5652K(6016K)->5652K(6016K)
[426.377s][info][gc          ] GC(112) Pause Young (Concurrent Start) (G1 Evacuation Pause) 61M->33M(74M) 1.661ms
[426.377s][info][gc,cpu      ] GC(112) User=0.01s Sys=0.00s Real=0.00s
[426.377s][info][gc          ] GC(113) Concurrent Cycle
[426.377s][info][gc,marking  ] GC(113) Concurrent Clear Claimed Marks
[426.377s][info][gc,marking  ] GC(113) Concurrent Clear Claimed Marks 0.042ms
[426.377s][info][gc,marking  ] GC(113) Concurrent Scan Root Regions
[426.378s][info][gc,marking  ] GC(113) Concurrent Scan Root Regions 0.820ms
[426.378s][info][gc,marking  ] GC(113) Concurrent Mark (426.378s)
[426.378s][info][gc,marking  ] GC(113) Concurrent Mark From Roots
[426.378s][info][gc,task     ] GC(113) Using 2 workers of 2 for marking
[426.406s][info][gc,marking  ] GC(113) Concurrent Mark From Roots 28.321ms
[426.406s][info][gc,marking  ] GC(113) Concurrent Preclean
[426.406s][info][gc,marking  ] GC(113) Concurrent Preclean 0.078ms
[426.406s][info][gc,marking  ] GC(113) Concurrent Mark (426.378s, 426.406s) 28.467ms
[426.407s][info][gc,start    ] GC(113) Pause Remark
[426.408s][info][gc          ] GC(113) Pause Remark 37M->37M(74M) 1.778ms
[426.409s][info][gc,cpu      ] GC(113) User=0.01s Sys=0.00s Real=0.00s
[426.409s][info][gc,marking  ] GC(113) Concurrent Rebuild Remembered Sets
[426.425s][info][gc,marking  ] GC(113) Concurrent Rebuild Remembered Sets 16.499ms
[426.425s][info][gc,start    ] GC(113) Pause Cleanup
[426.425s][info][gc          ] GC(113) Pause Cleanup 39M->39M(74M) 0.081ms
[426.425s][info][gc,cpu      ] GC(113) User=0.00s Sys=0.00s Real=0.00s
[426.425s][info][gc,marking  ] GC(113) Concurrent Cleanup for Next Mark
[426.426s][info][gc,marking  ] GC(113) Concurrent Cleanup for Next Mark 0.123ms
[426.426s][info][gc          ] GC(113) Concurrent Cycle 48.694ms
[426.567s][info][gc,start    ] GC(114) Pause Young (Normal) (G1 Evacuation Pause)
[426.567s][info][gc,task     ] GC(114) Using 8 workers of 8 for evacuation
[426.568s][info][gc,phases   ] GC(114)   Pre Evacuate Collection Set: 0.0ms
[426.568s][info][gc,phases   ] GC(114)   Merge Heap Roots: 0.0ms
[426.568s][info][gc,phases   ] GC(114)   Evacuate Collection Set: 0.7ms
[426.568s][info][gc,phases   ] GC(114)   Post Evacuate Collection Set: 0.2ms
[426.568s][info][gc,phases   ] GC(114)   Other: 0.2ms
[426.568s][info][gc,heap     ] GC(114) Eden regions: 28->0(28)
[426.568s][info][gc,heap     ] GC(114) Survivor regions: 2->2(4)
[426.568s][info][gc,heap     ] GC(114) Old regions: 32->32
[426.568s][info][gc,heap     ] GC(114) Archive regions: 2->2
[426.568s][info][gc,heap     ] GC(114) Humongous regions: 0->0
[426.568s][info][gc,metaspace] GC(114) Metaspace: 46729K(47824K)->46729K(47824K) NonClass: 41077K(41808K)->41077K(41808K) Class: 5652K(6016K)->5652K(6016K)
[426.568s][info][gc          ] GC(114) Pause Young (Normal) (G1 Evacuation Pause) 61M->33M(74M) 1.232ms
[426.568s][info][gc,cpu      ] GC(114) User=0.01s Sys=0.00s Real=0.00s
[426.889s][info][gc,start    ] GC(115) Pause Young (Concurrent Start) (G1 Evacuation Pause)
[426.889s][info][gc,task     ] GC(115) Using 8 workers of 8 for evacuation
[426.891s][info][gc,phases   ] GC(115)   Pre Evacuate Collection Set: 0.1ms
[426.891s][info][gc,phases   ] GC(115)   Merge Heap Roots: 0.0ms
[426.891s][info][gc,phases   ] GC(115)   Evacuate Collection Set: 0.9ms
[426.891s][info][gc,phases   ] GC(115)   Post Evacuate Collection Set: 0.3ms
[426.891s][info][gc,phases   ] GC(115)   Other: 0.3ms
[426.891s][info][gc,heap     ] GC(115) Eden regions: 28->0(28)
[426.891s][info][gc,heap     ] GC(115) Survivor regions: 2->2(4)
[426.891s][info][gc,heap     ] GC(115) Old regions: 32->32
[426.891s][info][gc,heap     ] GC(115) Archive regions: 2->2
[426.891s][info][gc,heap     ] GC(115) Humongous regions: 0->0
[426.891s][info][gc,metaspace] GC(115) Metaspace: 46730K(47824K)->46730K(47824K) NonClass: 41077K(41808K)->41077K(41808K) Class: 5652K(6016K)->5652K(6016K)
[426.891s][info][gc          ] GC(115) Pause Young (Concurrent Start) (G1 Evacuation Pause) 61M->33M(74M) 1.777ms
[426.891s][info][gc,cpu      ] GC(115) User=0.01s Sys=0.00s Real=0.00s
[426.891s][info][gc          ] GC(116) Concurrent Cycle
[426.891s][info][gc,marking  ] GC(116) Concurrent Clear Claimed Marks
[426.891s][info][gc,marking  ] GC(116) Concurrent Clear Claimed Marks 0.072ms
[426.891s][info][gc,marking  ] GC(116) Concurrent Scan Root Regions
[426.892s][info][gc,marking  ] GC(116) Concurrent Scan Root Regions 1.279ms
[426.892s][info][gc,marking  ] GC(116) Concurrent Mark (426.892s)
[426.892s][info][gc,marking  ] GC(116) Concurrent Mark From Roots
[426.892s][info][gc,task     ] GC(116) Using 2 workers of 2 for marking
[426.929s][info][gc,marking  ] GC(116) Concurrent Mark From Roots 36.812ms
[426.929s][info][gc,marking  ] GC(116) Concurrent Preclean
[426.929s][info][gc,marking  ] GC(116) Concurrent Preclean 0.083ms
[426.929s][info][gc,marking  ] GC(116) Concurrent Mark (426.892s, 426.929s) 36.966ms
[426.930s][info][gc,start    ] GC(116) Pause Remark
[426.932s][info][gc          ] GC(116) Pause Remark 35M->35M(74M) 2.093ms
[426.932s][info][gc,cpu      ] GC(116) User=0.02s Sys=0.00s Real=0.00s
[426.932s][info][gc,marking  ] GC(116) Concurrent Rebuild Remembered Sets
[426.950s][info][gc,marking  ] GC(116) Concurrent Rebuild Remembered Sets 18.207ms
[426.951s][info][gc,start    ] GC(116) Pause Cleanup
[426.951s][info][gc          ] GC(116) Pause Cleanup 36M->36M(74M) 0.089ms
[426.951s][info][gc,cpu      ] GC(116) User=0.00s Sys=0.00s Real=0.00s
[426.951s][info][gc,marking  ] GC(116) Concurrent Cleanup for Next Mark
[426.951s][info][gc,marking  ] GC(116) Concurrent Cleanup for Next Mark 0.182ms
[426.951s][info][gc          ] GC(116) Concurrent Cycle 60.456ms
[427.169s][info][gc,start    ] GC(117) Pause Young (Normal) (G1 Evacuation Pause)
[427.169s][info][gc,task     ] GC(117) Using 8 workers of 8 for evacuation
[427.170s][info][gc,phases   ] GC(117)   Pre Evacuate Collection Set: 0.1ms
[427.170s][info][gc,phases   ] GC(117)   Merge Heap Roots: 0.0ms
[427.170s][info][gc,phases   ] GC(117)   Evacuate Collection Set: 0.7ms
[427.170s][info][gc,phases   ] GC(117)   Post Evacuate Collection Set: 0.3ms
[427.170s][info][gc,phases   ] GC(117)   Other: 0.2ms
[427.170s][info][gc,heap     ] GC(117) Eden regions: 28->0(28)
[427.170s][info][gc,heap     ] GC(117) Survivor regions: 2->2(4)
[427.170s][info][gc,heap     ] GC(117) Old regions: 32->32
[427.170s][info][gc,heap     ] GC(117) Archive regions: 2->2
[427.170s][info][gc,heap     ] GC(117) Humongous regions: 0->0
[427.170s][info][gc,metaspace] GC(117) Metaspace: 46730K(47824K)->46730K(47824K) NonClass: 41078K(41808K)->41078K(41808K) Class: 5652K(6016K)->5652K(6016K)
[427.170s][info][gc          ] GC(117) Pause Young (Normal) (G1 Evacuation Pause) 61M->33M(74M) 1.374ms
[427.170s][info][gc,cpu      ] GC(117) User=0.00s Sys=0.00s Real=0.00s
[427.365s][info][gc,start    ] GC(118) Pause Young (Concurrent Start) (G1 Evacuation Pause)
[427.365s][info][gc,task     ] GC(118) Using 8 workers of 8 for evacuation
[427.366s][info][gc,phases   ] GC(118)   Pre Evacuate Collection Set: 0.1ms
[427.366s][info][gc,phases   ] GC(118)   Merge Heap Roots: 0.0ms
[427.366s][info][gc,phases   ] GC(118)   Evacuate Collection Set: 0.7ms
[427.366s][info][gc,phases   ] GC(118)   Post Evacuate Collection Set: 0.2ms
[427.366s][info][gc,phases   ] GC(118)   Other: 0.1ms
[427.366s][info][gc,heap     ] GC(118) Eden regions: 28->0(28)
[427.366s][info][gc,heap     ] GC(118) Survivor regions: 2->2(4)
[427.366s][info][gc,heap     ] GC(118) Old regions: 32->32
[427.366s][info][gc,heap     ] GC(118) Archive regions: 2->2
[427.366s][info][gc,heap     ] GC(118) Humongous regions: 0->0
[427.366s][info][gc,metaspace] GC(118) Metaspace: 46731K(47824K)->46731K(47824K) NonClass: 41079K(41808K)->41079K(41808K) Class: 5652K(6016K)->5652K(6016K)
[427.366s][info][gc          ] GC(118) Pause Young (Concurrent Start) (G1 Evacuation Pause) 61M->33M(74M) 1.188ms
[427.366s][info][gc,cpu      ] GC(118) User=0.00s Sys=0.00s Real=0.00s
[427.366s][info][gc          ] GC(119) Concurrent Cycle
[427.366s][info][gc,marking  ] GC(119) Concurrent Clear Claimed Marks
[427.366s][info][gc,marking  ] GC(119) Concurrent Clear Claimed Marks 0.040ms
[427.366s][info][gc,marking  ] GC(119) Concurrent Scan Root Regions
[427.367s][info][gc,marking  ] GC(119) Concurrent Scan Root Regions 0.964ms
[427.367s][info][gc,marking  ] GC(119) Concurrent Mark (427.367s)
[427.367s][info][gc,marking  ] GC(119) Concurrent Mark From Roots
[427.367s][info][gc,task     ] GC(119) Using 2 workers of 2 for marking
[427.398s][info][gc,marking  ] GC(119) Concurrent Mark From Roots 30.150ms
[427.398s][info][gc,marking  ] GC(119) Concurrent Preclean
[427.398s][info][gc,marking  ] GC(119) Concurrent Preclean 0.083ms
[427.398s][info][gc,marking  ] GC(119) Concurrent Mark (427.367s, 427.398s) 30.307ms
[427.400s][info][gc,start    ] GC(119) Pause Remark
[427.402s][info][gc          ] GC(119) Pause Remark 35M->35M(74M) 2.514ms
[427.403s][info][gc,cpu      ] GC(119) User=0.01s Sys=0.00s Real=0.00s
[427.403s][info][gc,marking  ] GC(119) Concurrent Rebuild Remembered Sets
[427.421s][info][gc,marking  ] GC(119) Concurrent Rebuild Remembered Sets 18.177ms
[427.421s][info][gc,start    ] GC(119) Pause Cleanup
[427.421s][info][gc          ] GC(119) Pause Cleanup 36M->36M(74M) 0.153ms
[427.421s][info][gc,cpu      ] GC(119) User=0.00s Sys=0.00s Real=0.00s
[427.421s][info][gc,marking  ] GC(119) Concurrent Cleanup for Next Mark
[427.422s][info][gc,marking  ] GC(119) Concurrent Cleanup for Next Mark 0.457ms
[427.422s][info][gc          ] GC(119) Concurrent Cycle 55.588ms
[427.632s][info][gc,start    ] GC(120) Pause Young (Normal) (G1 Evacuation Pause)
[427.632s][info][gc,task     ] GC(120) Using 8 workers of 8 for evacuation
[427.633s][info][gc,phases   ] GC(120)   Pre Evacuate Collection Set: 0.0ms
[427.633s][info][gc,phases   ] GC(120)   Merge Heap Roots: 0.0ms
[427.633s][info][gc,phases   ] GC(120)   Evacuate Collection Set: 0.8ms
[427.633s][info][gc,phases   ] GC(120)   Post Evacuate Collection Set: 0.2ms
[427.633s][info][gc,phases   ] GC(120)   Other: 0.1ms
[427.633s][info][gc,heap     ] GC(120) Eden regions: 28->0(28)
[427.633s][info][gc,heap     ] GC(120) Survivor regions: 2->2(4)
[427.633s][info][gc,heap     ] GC(120) Old regions: 32->32
[427.633s][info][gc,heap     ] GC(120) Archive regions: 2->2
[427.633s][info][gc,heap     ] GC(120) Humongous regions: 0->0
[427.633s][info][gc,metaspace] GC(120) Metaspace: 46733K(47824K)->46733K(47824K) NonClass: 41080K(41808K)->41080K(41808K) Class: 5652K(6016K)->5652K(6016K)
[427.633s][info][gc          ] GC(120) Pause Young (Normal) (G1 Evacuation Pause) 61M->33M(74M) 1.283ms
[427.633s][info][gc,cpu      ] GC(120) User=0.00s Sys=0.00s Real=0.01s
[427.877s][info][gc,start    ] GC(121) Pause Young (Concurrent Start) (G1 Evacuation Pause)
[427.877s][info][gc,task     ] GC(121) Using 8 workers of 8 for evacuation
[427.879s][info][gc,phases   ] GC(121)   Pre Evacuate Collection Set: 0.1ms
[427.879s][info][gc,phases   ] GC(121)   Merge Heap Roots: 0.0ms
[427.879s][info][gc,phases   ] GC(121)   Evacuate Collection Set: 0.9ms
[427.879s][info][gc,phases   ] GC(121)   Post Evacuate Collection Set: 0.3ms
[427.879s][info][gc,phases   ] GC(121)   Other: 0.2ms
[427.879s][info][gc,heap     ] GC(121) Eden regions: 28->0(28)
[427.879s][info][gc,heap     ] GC(121) Survivor regions: 2->2(4)
[427.879s][info][gc,heap     ] GC(121) Old regions: 32->32
[427.879s][info][gc,heap     ] GC(121) Archive regions: 2->2
[427.879s][info][gc,heap     ] GC(121) Humongous regions: 0->0
[427.879s][info][gc,metaspace] GC(121) Metaspace: 46738K(47824K)->46738K(47824K) NonClass: 41085K(41808K)->41085K(41808K) Class: 5652K(6016K)->5652K(6016K)
[427.879s][info][gc          ] GC(121) Pause Young (Concurrent Start) (G1 Evacuation Pause) 61M->33M(74M) 1.875ms
[427.879s][info][gc,cpu      ] GC(121) User=0.00s Sys=0.00s Real=0.00s
[427.879s][info][gc          ] GC(122) Concurrent Cycle
[427.879s][info][gc,marking  ] GC(122) Concurrent Clear Claimed Marks
[427.879s][info][gc,marking  ] GC(122) Concurrent Clear Claimed Marks 0.077ms
[427.879s][info][gc,marking  ] GC(122) Concurrent Scan Root Regions
[427.881s][info][gc,marking  ] GC(122) Concurrent Scan Root Regions 1.575ms
[427.881s][info][gc,marking  ] GC(122) Concurrent Mark (427.881s)
[427.881s][info][gc,marking  ] GC(122) Concurrent Mark From Roots
[427.881s][info][gc,task     ] GC(122) Using 2 workers of 2 for marking
[427.915s][info][gc,marking  ] GC(122) Concurrent Mark From Roots 33.521ms
[427.915s][info][gc,marking  ] GC(122) Concurrent Preclean
[427.915s][info][gc,marking  ] GC(122) Concurrent Preclean 0.084ms
[427.915s][info][gc,marking  ] GC(122) Concurrent Mark (427.881s, 427.915s) 33.675ms
[427.915s][info][gc,start    ] GC(122) Pause Remark
[427.917s][info][gc          ] GC(122) Pause Remark 37M->37M(74M) 1.665ms
[427.917s][info][gc,cpu      ] GC(122) User=0.01s Sys=0.00s Real=0.00s
[427.917s][info][gc,marking  ] GC(122) Concurrent Rebuild Remembered Sets
[427.937s][info][gc,marking  ] GC(122) Concurrent Rebuild Remembered Sets 20.129ms
[427.938s][info][gc,start    ] GC(122) Pause Cleanup
[427.938s][info][gc          ] GC(122) Pause Cleanup 39M->39M(74M) 0.090ms
[427.938s][info][gc,cpu      ] GC(122) User=0.00s Sys=0.00s Real=0.00s
[427.938s][info][gc,marking  ] GC(122) Concurrent Cleanup for Next Mark
[427.938s][info][gc,marking  ] GC(122) Concurrent Cleanup for Next Mark 0.125ms
[427.938s][info][gc          ] GC(122) Concurrent Cycle 58.546ms
[428.086s][info][gc,start    ] GC(123) Pause Young (Normal) (G1 Evacuation Pause)
[428.086s][info][gc,task     ] GC(123) Using 8 workers of 8 for evacuation
[428.087s][info][gc,phases   ] GC(123)   Pre Evacuate Collection Set: 0.1ms
[428.087s][info][gc,phases   ] GC(123)   Merge Heap Roots: 0.0ms
[428.087s][info][gc,phases   ] GC(123)   Evacuate Collection Set: 0.8ms
[428.087s][info][gc,phases   ] GC(123)   Post Evacuate Collection Set: 0.2ms
[428.087s][info][gc,phases   ] GC(123)   Other: 0.1ms
[428.087s][info][gc,heap     ] GC(123) Eden regions: 28->0(28)
[428.087s][info][gc,heap     ] GC(123) Survivor regions: 2->2(4)
[428.087s][info][gc,heap     ] GC(123) Old regions: 32->32
[428.087s][info][gc,heap     ] GC(123) Archive regions: 2->2
[428.087s][info][gc,heap     ] GC(123) Humongous regions: 0->0
[428.087s][info][gc,metaspace] GC(123) Metaspace: 46738K(47824K)->46738K(47824K) NonClass: 41085K(41808K)->41085K(41808K) Class: 5652K(6016K)->5652K(6016K)
[428.087s][info][gc          ] GC(123) Pause Young (Normal) (G1 Evacuation Pause) 61M->33M(74M) 1.364ms
[428.087s][info][gc,cpu      ] GC(123) User=0.01s Sys=0.00s Real=0.00s
[428.298s][info][gc,start    ] GC(124) Pause Young (Concurrent Start) (G1 Evacuation Pause)
[428.298s][info][gc,task     ] GC(124) Using 8 workers of 8 for evacuation
[428.300s][info][gc,phases   ] GC(124)   Pre Evacuate Collection Set: 0.1ms
[428.300s][info][gc,phases   ] GC(124)   Merge Heap Roots: 0.0ms
[428.300s][info][gc,phases   ] GC(124)   Evacuate Collection Set: 0.9ms
[428.300s][info][gc,phases   ] GC(124)   Post Evacuate Collection Set: 0.3ms
[428.300s][info][gc,phases   ] GC(124)   Other: 0.2ms
[428.300s][info][gc,heap     ] GC(124) Eden regions: 28->0(28)
[428.300s][info][gc,heap     ] GC(124) Survivor regions: 2->2(4)
[428.300s][info][gc,heap     ] GC(124) Old regions: 32->32
[428.300s][info][gc,heap     ] GC(124) Archive regions: 2->2
[428.300s][info][gc,heap     ] GC(124) Humongous regions: 0->0
[428.300s][info][gc,metaspace] GC(124) Metaspace: 46738K(47824K)->46738K(47824K) NonClass: 41085K(41808K)->41085K(41808K) Class: 5652K(6016K)->5652K(6016K)
[428.300s][info][gc          ] GC(124) Pause Young (Concurrent Start) (G1 Evacuation Pause) 61M->33M(74M) 1.644ms
[428.300s][info][gc,cpu      ] GC(124) User=0.00s Sys=0.00s Real=0.00s
[428.300s][info][gc          ] GC(125) Concurrent Cycle
[428.300s][info][gc,marking  ] GC(125) Concurrent Clear Claimed Marks
[428.300s][info][gc,marking  ] GC(125) Concurrent Clear Claimed Marks 0.088ms
[428.300s][info][gc,marking  ] GC(125) Concurrent Scan Root Regions
[428.301s][info][gc,marking  ] GC(125) Concurrent Scan Root Regions 1.185ms
[428.301s][info][gc,marking  ] GC(125) Concurrent Mark (428.301s)
[428.301s][info][gc,marking  ] GC(125) Concurrent Mark From Roots
[428.301s][info][gc,task     ] GC(125) Using 2 workers of 2 for marking
[428.331s][info][gc,marking  ] GC(125) Concurrent Mark From Roots 30.361ms
[428.332s][info][gc,marking  ] GC(125) Concurrent Preclean
[428.332s][info][gc,marking  ] GC(125) Concurrent Preclean 0.069ms
[428.332s][info][gc,marking  ] GC(125) Concurrent Mark (428.301s, 428.332s) 30.500ms
[428.332s][info][gc,start    ] GC(125) Pause Remark
[428.333s][info][gc          ] GC(125) Pause Remark 38M->38M(74M) 1.704ms
[428.333s][info][gc,cpu      ] GC(125) User=0.01s Sys=0.00s Real=0.01s
[428.334s][info][gc,marking  ] GC(125) Concurrent Rebuild Remembered Sets
[428.358s][info][gc,marking  ] GC(125) Concurrent Rebuild Remembered Sets 23.779ms
[428.358s][info][gc,start    ] GC(125) Pause Cleanup
[428.358s][info][gc          ] GC(125) Pause Cleanup 41M->41M(74M) 0.070ms
[428.358s][info][gc,cpu      ] GC(125) User=0.00s Sys=0.00s Real=0.00s
[428.358s][info][gc,marking  ] GC(125) Concurrent Cleanup for Next Mark
[428.358s][info][gc,marking  ] GC(125) Concurrent Cleanup for Next Mark 0.130ms
[428.358s][info][gc          ] GC(125) Concurrent Cycle 58.336ms
[428.498s][info][gc,start    ] GC(126) Pause Young (Normal) (G1 Evacuation Pause)
[428.498s][info][gc,task     ] GC(126) Using 8 workers of 8 for evacuation
[428.499s][info][gc,phases   ] GC(126)   Pre Evacuate Collection Set: 0.0ms
[428.499s][info][gc,phases   ] GC(126)   Merge Heap Roots: 0.0ms
[428.499s][info][gc,phases   ] GC(126)   Evacuate Collection Set: 0.6ms
[428.499s][info][gc,phases   ] GC(126)   Post Evacuate Collection Set: 0.2ms
[428.499s][info][gc,phases   ] GC(126)   Other: 0.1ms
[428.499s][info][gc,heap     ] GC(126) Eden regions: 28->0(28)
[428.499s][info][gc,heap     ] GC(126) Survivor regions: 2->2(4)
[428.499s][info][gc,heap     ] GC(126) Old regions: 32->32
[428.499s][info][gc,heap     ] GC(126) Archive regions: 2->2
[428.499s][info][gc,heap     ] GC(126) Humongous regions: 0->0
[428.499s][info][gc,metaspace] GC(126) Metaspace: 46738K(47824K)->46738K(47824K) NonClass: 41085K(41808K)->41085K(41808K) Class: 5652K(6016K)->5652K(6016K)
[428.499s][info][gc          ] GC(126) Pause Young (Normal) (G1 Evacuation Pause) 61M->34M(74M) 1.111ms
[428.499s][info][gc,cpu      ] GC(126) User=0.00s Sys=0.00s Real=0.00s
[428.673s][info][gc,start    ] GC(127) Pause Young (Concurrent Start) (G1 Evacuation Pause)
[428.673s][info][gc,task     ] GC(127) Using 8 workers of 8 for evacuation
[428.675s][info][gc,phases   ] GC(127)   Pre Evacuate Collection Set: 0.1ms
[428.675s][info][gc,phases   ] GC(127)   Merge Heap Roots: 0.0ms
[428.675s][info][gc,phases   ] GC(127)   Evacuate Collection Set: 0.7ms
[428.675s][info][gc,phases   ] GC(127)   Post Evacuate Collection Set: 0.2ms
[428.675s][info][gc,phases   ] GC(127)   Other: 0.2ms
[428.675s][info][gc,heap     ] GC(127) Eden regions: 28->0(28)
[428.675s][info][gc,heap     ] GC(127) Survivor regions: 2->2(4)
[428.675s][info][gc,heap     ] GC(127) Old regions: 32->32
[428.675s][info][gc,heap     ] GC(127) Archive regions: 2->2
[428.675s][info][gc,heap     ] GC(127) Humongous regions: 0->0
[428.675s][info][gc,metaspace] GC(127) Metaspace: 46738K(47824K)->46738K(47824K) NonClass: 41085K(41808K)->41085K(41808K) Class: 5652K(6016K)->5652K(6016K)
[428.675s][info][gc          ] GC(127) Pause Young (Concurrent Start) (G1 Evacuation Pause) 62M->33M(74M) 1.333ms
[428.675s][info][gc,cpu      ] GC(127) User=0.01s Sys=0.00s Real=0.00s
[428.675s][info][gc          ] GC(128) Concurrent Cycle
[428.675s][info][gc,marking  ] GC(128) Concurrent Clear Claimed Marks
[428.675s][info][gc,marking  ] GC(128) Concurrent Clear Claimed Marks 0.039ms
[428.675s][info][gc,marking  ] GC(128) Concurrent Scan Root Regions
[428.676s][info][gc,marking  ] GC(128) Concurrent Scan Root Regions 0.832ms
[428.676s][info][gc,marking  ] GC(128) Concurrent Mark (428.676s)
[428.676s][info][gc,marking  ] GC(128) Concurrent Mark From Roots
[428.676s][info][gc,task     ] GC(128) Using 2 workers of 2 for marking
[428.706s][info][gc,marking  ] GC(128) Concurrent Mark From Roots 30.236ms
[428.706s][info][gc,marking  ] GC(128) Concurrent Preclean
[428.706s][info][gc,marking  ] GC(128) Concurrent Preclean 0.171ms
[428.706s][info][gc,marking  ] GC(128) Concurrent Mark (428.676s, 428.706s) 30.527ms
[428.708s][info][gc,start    ] GC(128) Pause Remark
[428.710s][info][gc          ] GC(128) Pause Remark 36M->36M(74M) 2.046ms
[428.711s][info][gc,cpu      ] GC(128) User=0.01s Sys=0.00s Real=0.00s
[428.711s][info][gc,marking  ] GC(128) Concurrent Rebuild Remembered Sets
[428.727s][info][gc,marking  ] GC(128) Concurrent Rebuild Remembered Sets 16.120ms
[428.727s][info][gc,start    ] GC(128) Pause Cleanup
[428.727s][info][gc          ] GC(128) Pause Cleanup 39M->39M(74M) 0.074ms
[428.727s][info][gc,cpu      ] GC(128) User=0.00s Sys=0.00s Real=0.00s
[428.727s][info][gc,marking  ] GC(128) Concurrent Cleanup for Next Mark
[428.727s][info][gc,marking  ] GC(128) Concurrent Cleanup for Next Mark 0.150ms
[428.727s][info][gc          ] GC(128) Concurrent Cycle 52.560ms
[428.869s][info][gc,start    ] GC(129) Pause Young (Normal) (G1 Evacuation Pause)
[428.870s][info][gc,task     ] GC(129) Using 8 workers of 8 for evacuation
[428.871s][info][gc,phases   ] GC(129)   Pre Evacuate Collection Set: 0.0ms
[428.871s][info][gc,phases   ] GC(129)   Merge Heap Roots: 0.0ms
[428.871s][info][gc,phases   ] GC(129)   Evacuate Collection Set: 0.7ms
[428.871s][info][gc,phases   ] GC(129)   Post Evacuate Collection Set: 0.2ms
[428.871s][info][gc,phases   ] GC(129)   Other: 0.2ms
[428.871s][info][gc,heap     ] GC(129) Eden regions: 28->0(28)
[428.871s][info][gc,heap     ] GC(129) Survivor regions: 2->2(4)
[428.871s][info][gc,heap     ] GC(129) Old regions: 32->32
[428.871s][info][gc,heap     ] GC(129) Archive regions: 2->2
[428.871s][info][gc,heap     ] GC(129) Humongous regions: 0->0
[428.871s][info][gc,metaspace] GC(129) Metaspace: 46738K(47824K)->46738K(47824K) NonClass: 41085K(41808K)->41085K(41808K) Class: 5652K(6016K)->5652K(6016K)
[428.871s][info][gc          ] GC(129) Pause Young (Normal) (G1 Evacuation Pause) 61M->34M(74M) 1.233ms
[428.871s][info][gc,cpu      ] GC(129) User=0.01s Sys=0.00s Real=0.00s
[429.033s][info][gc,start    ] GC(130) Pause Young (Concurrent Start) (G1 Evacuation Pause)
[429.033s][info][gc,task     ] GC(130) Using 8 workers of 8 for evacuation
[429.034s][info][gc,phases   ] GC(130)   Pre Evacuate Collection Set: 0.1ms
[429.034s][info][gc,phases   ] GC(130)   Merge Heap Roots: 0.0ms
[429.034s][info][gc,phases   ] GC(130)   Evacuate Collection Set: 0.8ms
[429.034s][info][gc,phases   ] GC(130)   Post Evacuate Collection Set: 0.2ms
[429.034s][info][gc,phases   ] GC(130)   Other: 0.2ms
[429.034s][info][gc,heap     ] GC(130) Eden regions: 28->0(28)
[429.034s][info][gc,heap     ] GC(130) Survivor regions: 2->2(4)
[429.034s][info][gc,heap     ] GC(130) Old regions: 32->32
[429.034s][info][gc,heap     ] GC(130) Archive regions: 2->2
[429.034s][info][gc,heap     ] GC(130) Humongous regions: 0->0
[429.034s][info][gc,metaspace] GC(130) Metaspace: 46738K(47824K)->46738K(47824K) NonClass: 41085K(41808K)->41085K(41808K) Class: 5652K(6016K)->5652K(6016K)
[429.034s][info][gc          ] GC(130) Pause Young (Concurrent Start) (G1 Evacuation Pause) 62M->34M(74M) 1.465ms
[429.034s][info][gc,cpu      ] GC(130) User=0.00s Sys=0.00s Real=0.01s
[429.034s][info][gc          ] GC(131) Concurrent Cycle
[429.034s][info][gc,marking  ] GC(131) Concurrent Clear Claimed Marks
[429.035s][info][gc,marking  ] GC(131) Concurrent Clear Claimed Marks 0.061ms
[429.035s][info][gc,marking  ] GC(131) Concurrent Scan Root Regions
[429.036s][info][gc,marking  ] GC(131) Concurrent Scan Root Regions 0.979ms
[429.036s][info][gc,marking  ] GC(131) Concurrent Mark (429.036s)
[429.036s][info][gc,marking  ] GC(131) Concurrent Mark From Roots
[429.036s][info][gc,task     ] GC(131) Using 2 workers of 2 for marking
[429.065s][info][gc,marking  ] GC(131) Concurrent Mark From Roots 28.977ms
[429.065s][info][gc,marking  ] GC(131) Concurrent Preclean
[429.065s][info][gc,marking  ] GC(131) Concurrent Preclean 0.075ms
[429.065s][info][gc,marking  ] GC(131) Concurrent Mark (429.036s, 429.065s) 29.126ms
[429.065s][info][gc,start    ] GC(131) Pause Remark
[429.067s][info][gc          ] GC(131) Pause Remark 36M->36M(74M) 1.940ms
[429.067s][info][gc,cpu      ] GC(131) User=0.01s Sys=0.00s Real=0.00s
[429.067s][info][gc,marking  ] GC(131) Concurrent Rebuild Remembered Sets
[429.083s][info][gc,marking  ] GC(131) Concurrent Rebuild Remembered Sets 15.570ms
[429.083s][info][gc,start    ] GC(131) Pause Cleanup
[429.083s][info][gc          ] GC(131) Pause Cleanup 39M->39M(74M) 0.077ms
[429.083s][info][gc,cpu      ] GC(131) User=0.00s Sys=0.00s Real=0.01s
[429.083s][info][gc,marking  ] GC(131) Concurrent Cleanup for Next Mark
[429.083s][info][gc,marking  ] GC(131) Concurrent Cleanup for Next Mark 0.115ms
[429.083s][info][gc          ] GC(131) Concurrent Cycle 48.679ms
[429.236s][info][gc,start    ] GC(132) Pause Young (Normal) (G1 Evacuation Pause)
[429.236s][info][gc,task     ] GC(132) Using 8 workers of 8 for evacuation
[429.237s][info][gc,phases   ] GC(132)   Pre Evacuate Collection Set: 0.0ms
[429.237s][info][gc,phases   ] GC(132)   Merge Heap Roots: 0.0ms
[429.237s][info][gc,phases   ] GC(132)   Evacuate Collection Set: 0.8ms
[429.237s][info][gc,phases   ] GC(132)   Post Evacuate Collection Set: 0.2ms
[429.237s][info][gc,phases   ] GC(132)   Other: 0.1ms
[429.237s][info][gc,heap     ] GC(132) Eden regions: 28->0(28)
[429.237s][info][gc,heap     ] GC(132) Survivor regions: 2->2(4)
[429.237s][info][gc,heap     ] GC(132) Old regions: 32->32
[429.237s][info][gc,heap     ] GC(132) Archive regions: 2->2
[429.237s][info][gc,heap     ] GC(132) Humongous regions: 0->0
[429.237s][info][gc,metaspace] GC(132) Metaspace: 46738K(47824K)->46738K(47824K) NonClass: 41085K(41808K)->41085K(41808K) Class: 5652K(6016K)->5652K(6016K)
[429.237s][info][gc          ] GC(132) Pause Young (Normal) (G1 Evacuation Pause) 62M->34M(74M) 1.380ms
[429.237s][info][gc,cpu      ] GC(132) User=0.00s Sys=0.00s Real=0.00s
[429.398s][info][gc,start    ] GC(133) Pause Young (Concurrent Start) (G1 Evacuation Pause)
[429.399s][info][gc,task     ] GC(133) Using 8 workers of 8 for evacuation
[429.400s][info][gc,phases   ] GC(133)   Pre Evacuate Collection Set: 0.1ms
[429.400s][info][gc,phases   ] GC(133)   Merge Heap Roots: 0.0ms
[429.400s][info][gc,phases   ] GC(133)   Evacuate Collection Set: 0.8ms
[429.400s][info][gc,phases   ] GC(133)   Post Evacuate Collection Set: 0.2ms
[429.400s][info][gc,phases   ] GC(133)   Other: 0.2ms
[429.400s][info][gc,heap     ] GC(133) Eden regions: 28->0(29)
[429.400s][info][gc,heap     ] GC(133) Survivor regions: 2->1(4)
[429.400s][info][gc,heap     ] GC(133) Old regions: 32->33
[429.400s][info][gc,heap     ] GC(133) Archive regions: 2->2
[429.400s][info][gc,heap     ] GC(133) Humongous regions: 0->0
[429.400s][info][gc,metaspace] GC(133) Metaspace: 46738K(47824K)->46738K(47824K) NonClass: 41085K(41808K)->41085K(41808K) Class: 5652K(6016K)->5652K(6016K)
[429.400s][info][gc          ] GC(133) Pause Young (Concurrent Start) (G1 Evacuation Pause) 62M->34M(74M) 1.382ms
[429.400s][info][gc,cpu      ] GC(133) User=0.01s Sys=0.01s Real=0.00s
[429.400s][info][gc          ] GC(134) Concurrent Cycle
[429.400s][info][gc,marking  ] GC(134) Concurrent Clear Claimed Marks
[429.400s][info][gc,marking  ] GC(134) Concurrent Clear Claimed Marks 0.044ms
[429.400s][info][gc,marking  ] GC(134) Concurrent Scan Root Regions
[429.401s][info][gc,marking  ] GC(134) Concurrent Scan Root Regions 1.045ms
[429.401s][info][gc,marking  ] GC(134) Concurrent Mark (429.401s)
[429.401s][info][gc,marking  ] GC(134) Concurrent Mark From Roots
[429.401s][info][gc,task     ] GC(134) Using 2 workers of 2 for marking
[429.429s][info][gc,marking  ] GC(134) Concurrent Mark From Roots 27.431ms
[429.429s][info][gc,marking  ] GC(134) Concurrent Preclean
[429.429s][info][gc,marking  ] GC(134) Concurrent Preclean 0.074ms
[429.429s][info][gc,marking  ] GC(134) Concurrent Mark (429.401s, 429.429s) 27.583ms
[429.429s][info][gc,start    ] GC(134) Pause Remark
[429.431s][info][gc          ] GC(134) Pause Remark 38M->38M(74M) 1.896ms
[429.431s][info][gc,cpu      ] GC(134) User=0.01s Sys=0.00s Real=0.00s
[429.431s][info][gc,marking  ] GC(134) Concurrent Rebuild Remembered Sets
[429.449s][info][gc,marking  ] GC(134) Concurrent Rebuild Remembered Sets 17.797ms
[429.450s][info][gc,start    ] GC(134) Pause Cleanup
[429.450s][info][gc          ] GC(134) Pause Cleanup 41M->41M(74M) 0.138ms
[429.450s][info][gc,cpu      ] GC(134) User=0.00s Sys=0.00s Real=0.00s
[429.450s][info][gc,marking  ] GC(134) Concurrent Cleanup for Next Mark
[429.450s][info][gc,marking  ] GC(134) Concurrent Cleanup for Next Mark 0.262ms
[429.451s][info][gc          ] GC(134) Concurrent Cycle 50.604ms
[429.586s][info][gc,start    ] GC(135) Pause Young (Normal) (G1 Evacuation Pause)
[429.586s][info][gc,task     ] GC(135) Using 8 workers of 8 for evacuation
[429.587s][info][gc,phases   ] GC(135)   Pre Evacuate Collection Set: 0.1ms
[429.587s][info][gc,phases   ] GC(135)   Merge Heap Roots: 0.0ms
[429.587s][info][gc,phases   ] GC(135)   Evacuate Collection Set: 0.5ms
[429.587s][info][gc,phases   ] GC(135)   Post Evacuate Collection Set: 0.2ms
[429.587s][info][gc,phases   ] GC(135)   Other: 0.2ms
[429.587s][info][gc,heap     ] GC(135) Eden regions: 29->0(29)
[429.587s][info][gc,heap     ] GC(135) Survivor regions: 1->1(4)
[429.587s][info][gc,heap     ] GC(135) Old regions: 33->33
[429.587s][info][gc,heap     ] GC(135) Archive regions: 2->2
[429.587s][info][gc,heap     ] GC(135) Humongous regions: 0->0
[429.587s][info][gc,metaspace] GC(135) Metaspace: 46738K(47824K)->46738K(47824K) NonClass: 41085K(41808K)->41085K(41808K) Class: 5652K(6016K)->5652K(6016K)
[429.587s][info][gc          ] GC(135) Pause Young (Normal) (G1 Evacuation Pause) 63M->34M(74M) 1.179ms
[429.587s][info][gc,cpu      ] GC(135) User=0.00s Sys=0.00s Real=0.00s
[429.758s][info][gc,start    ] GC(136) Pause Young (Concurrent Start) (G1 Evacuation Pause)
[429.758s][info][gc,task     ] GC(136) Using 8 workers of 8 for evacuation
[429.759s][info][gc,phases   ] GC(136)   Pre Evacuate Collection Set: 0.1ms
[429.759s][info][gc,phases   ] GC(136)   Merge Heap Roots: 0.0ms
[429.759s][info][gc,phases   ] GC(136)   Evacuate Collection Set: 0.6ms
[429.759s][info][gc,phases   ] GC(136)   Post Evacuate Collection Set: 0.2ms
[429.759s][info][gc,phases   ] GC(136)   Other: 0.2ms
[429.759s][info][gc,heap     ] GC(136) Eden regions: 29->0(29)
[429.759s][info][gc,heap     ] GC(136) Survivor regions: 1->1(4)
[429.759s][info][gc,heap     ] GC(136) Old regions: 33->33
[429.759s][info][gc,heap     ] GC(136) Archive regions: 2->2
[429.759s][info][gc,heap     ] GC(136) Humongous regions: 0->0
[429.759s][info][gc,metaspace] GC(136) Metaspace: 46738K(47824K)->46738K(47824K) NonClass: 41085K(41808K)->41085K(41808K) Class: 5652K(6016K)->5652K(6016K)
[429.759s][info][gc          ] GC(136) Pause Young (Concurrent Start) (G1 Evacuation Pause) 63M->33M(74M) 1.093ms
[429.759s][info][gc,cpu      ] GC(136) User=0.00s Sys=0.00s Real=0.00s
[429.759s][info][gc          ] GC(137) Concurrent Cycle
[429.759s][info][gc,marking  ] GC(137) Concurrent Clear Claimed Marks
[429.759s][info][gc,marking  ] GC(137) Concurrent Clear Claimed Marks 0.040ms
[429.759s][info][gc,marking  ] GC(137) Concurrent Scan Root Regions
[429.760s][info][gc,marking  ] GC(137) Concurrent Scan Root Regions 0.620ms
[429.760s][info][gc,marking  ] GC(137) Concurrent Mark (429.760s)
[429.760s][info][gc,marking  ] GC(137) Concurrent Mark From Roots
[429.760s][info][gc,task     ] GC(137) Using 2 workers of 2 for marking
[429.791s][info][gc,marking  ] GC(137) Concurrent Mark From Roots 31.135ms
[429.791s][info][gc,marking  ] GC(137) Concurrent Preclean
[429.791s][info][gc,marking  ] GC(137) Concurrent Preclean 0.115ms
[429.791s][info][gc,marking  ] GC(137) Concurrent Mark (429.760s, 429.791s) 31.346ms
[429.791s][info][gc,start    ] GC(137) Pause Remark
[429.794s][info][gc          ] GC(137) Pause Remark 36M->36M(74M) 2.408ms
[429.794s][info][gc,cpu      ] GC(137) User=0.01s Sys=0.01s Real=0.01s
[429.794s][info][gc,marking  ] GC(137) Concurrent Rebuild Remembered Sets
[429.811s][info][gc,marking  ] GC(137) Concurrent Rebuild Remembered Sets 17.204ms
[429.812s][info][gc,start    ] GC(137) Pause Cleanup
[429.812s][info][gc          ] GC(137) Pause Cleanup 39M->39M(74M) 0.088ms
[429.812s][info][gc,cpu      ] GC(137) User=0.00s Sys=0.00s Real=0.00s
[429.812s][info][gc,marking  ] GC(137) Concurrent Cleanup for Next Mark
[429.812s][info][gc,marking  ] GC(137) Concurrent Cleanup for Next Mark 0.145ms
[429.812s][info][gc          ] GC(137) Concurrent Cycle 52.867ms
[429.939s][info][gc,start    ] GC(138) Pause Young (Normal) (G1 Evacuation Pause)
[429.939s][info][gc,task     ] GC(138) Using 8 workers of 8 for evacuation
[429.940s][info][gc,phases   ] GC(138)   Pre Evacuate Collection Set: 0.1ms
[429.940s][info][gc,phases   ] GC(138)   Merge Heap Roots: 0.0ms
[429.940s][info][gc,phases   ] GC(138)   Evacuate Collection Set: 0.5ms
[429.940s][info][gc,phases   ] GC(138)   Post Evacuate Collection Set: 0.2ms
[429.940s][info][gc,phases   ] GC(138)   Other: 0.2ms
[429.940s][info][gc,heap     ] GC(138) Eden regions: 29->0(29)
[429.940s][info][gc,heap     ] GC(138) Survivor regions: 1->1(4)
[429.940s][info][gc,heap     ] GC(138) Old regions: 33->33
[429.940s][info][gc,heap     ] GC(138) Archive regions: 2->2
[429.940s][info][gc,heap     ] GC(138) Humongous regions: 0->0
[429.940s][info][gc,metaspace] GC(138) Metaspace: 46738K(47824K)->46738K(47824K) NonClass: 41085K(41808K)->41085K(41808K) Class: 5652K(6016K)->5652K(6016K)
[429.940s][info][gc          ] GC(138) Pause Young (Normal) (G1 Evacuation Pause) 62M->34M(74M) 1.051ms
[429.940s][info][gc,cpu      ] GC(138) User=0.01s Sys=0.00s Real=0.00s
[430.121s][info][gc,start    ] GC(139) Pause Young (Concurrent Start) (G1 Evacuation Pause)
[430.121s][info][gc,task     ] GC(139) Using 8 workers of 8 for evacuation
[430.123s][info][gc,phases   ] GC(139)   Pre Evacuate Collection Set: 0.1ms
[430.123s][info][gc,phases   ] GC(139)   Merge Heap Roots: 0.0ms
[430.123s][info][gc,phases   ] GC(139)   Evacuate Collection Set: 0.8ms
[430.123s][info][gc,phases   ] GC(139)   Post Evacuate Collection Set: 0.2ms
[430.123s][info][gc,phases   ] GC(139)   Other: 0.2ms
[430.123s][info][gc,heap     ] GC(139) Eden regions: 29->0(29)
[430.123s][info][gc,heap     ] GC(139) Survivor regions: 1->1(4)
[430.123s][info][gc,heap     ] GC(139) Old regions: 33->33
[430.123s][info][gc,heap     ] GC(139) Archive regions: 2->2
[430.123s][info][gc,heap     ] GC(139) Humongous regions: 0->0
[430.123s][info][gc,metaspace] GC(139) Metaspace: 46738K(47824K)->46738K(47824K) NonClass: 41085K(41808K)->41085K(41808K) Class: 5652K(6016K)->5652K(6016K)
[430.123s][info][gc          ] GC(139) Pause Young (Concurrent Start) (G1 Evacuation Pause) 63M->33M(74M) 1.497ms
[430.123s][info][gc,cpu      ] GC(139) User=0.00s Sys=0.00s Real=0.00s
[430.123s][info][gc          ] GC(140) Concurrent Cycle
[430.123s][info][gc,marking  ] GC(140) Concurrent Clear Claimed Marks
[430.123s][info][gc,marking  ] GC(140) Concurrent Clear Claimed Marks 0.052ms
[430.123s][info][gc,marking  ] GC(140) Concurrent Scan Root Regions
[430.124s][info][gc,marking  ] GC(140) Concurrent Scan Root Regions 0.668ms
[430.124s][info][gc,marking  ] GC(140) Concurrent Mark (430.124s)
[430.124s][info][gc,marking  ] GC(140) Concurrent Mark From Roots
[430.124s][info][gc,task     ] GC(140) Using 2 workers of 2 for marking
[430.151s][info][gc,marking  ] GC(140) Concurrent Mark From Roots 27.326ms
[430.151s][info][gc,marking  ] GC(140) Concurrent Preclean
[430.151s][info][gc,marking  ] GC(140) Concurrent Preclean 0.082ms
[430.151s][info][gc,marking  ] GC(140) Concurrent Mark (430.124s, 430.151s) 27.480ms
[430.151s][info][gc,start    ] GC(140) Pause Remark
[430.153s][info][gc          ] GC(140) Pause Remark 38M->38M(74M) 1.977ms
[430.153s][info][gc,cpu      ] GC(140) User=0.01s Sys=0.01s Real=0.01s
[430.153s][info][gc,marking  ] GC(140) Concurrent Rebuild Remembered Sets
[430.174s][info][gc,marking  ] GC(140) Concurrent Rebuild Remembered Sets 20.800ms
[430.174s][info][gc,start    ] GC(140) Pause Cleanup
[430.174s][info][gc          ] GC(140) Pause Cleanup 41M->41M(74M) 0.081ms
[430.174s][info][gc,cpu      ] GC(140) User=0.00s Sys=0.00s Real=0.00s
[430.174s][info][gc,marking  ] GC(140) Concurrent Cleanup for Next Mark
[430.175s][info][gc,marking  ] GC(140) Concurrent Cleanup for Next Mark 0.121ms
[430.175s][info][gc          ] GC(140) Concurrent Cycle 51.754ms
[430.332s][info][gc,start    ] GC(141) Pause Young (Normal) (G1 Evacuation Pause)
[430.332s][info][gc,task     ] GC(141) Using 8 workers of 8 for evacuation
[430.333s][info][gc,phases   ] GC(141)   Pre Evacuate Collection Set: 0.0ms
[430.333s][info][gc,phases   ] GC(141)   Merge Heap Roots: 0.0ms
[430.333s][info][gc,phases   ] GC(141)   Evacuate Collection Set: 0.5ms
[430.333s][info][gc,phases   ] GC(141)   Post Evacuate Collection Set: 0.2ms
[430.333s][info][gc,phases   ] GC(141)   Other: 0.1ms
[430.333s][info][gc,heap     ] GC(141) Eden regions: 29->0(29)
[430.333s][info][gc,heap     ] GC(141) Survivor regions: 1->1(4)
[430.333s][info][gc,heap     ] GC(141) Old regions: 33->33
[430.333s][info][gc,heap     ] GC(141) Archive regions: 2->2
[430.333s][info][gc,heap     ] GC(141) Humongous regions: 0->0
[430.333s][info][gc,metaspace] GC(141) Metaspace: 46738K(47824K)->46738K(47824K) NonClass: 41085K(41808K)->41085K(41808K) Class: 5652K(6016K)->5652K(6016K)
[430.333s][info][gc          ] GC(141) Pause Young (Normal) (G1 Evacuation Pause) 62M->34M(74M) 1.008ms
[430.333s][info][gc,cpu      ] GC(141) User=0.00s Sys=0.00s Real=0.00s
[430.526s][info][gc,start    ] GC(142) Pause Young (Concurrent Start) (G1 Evacuation Pause)
[430.526s][info][gc,task     ] GC(142) Using 8 workers of 8 for evacuation
[430.528s][info][gc,phases   ] GC(142)   Pre Evacuate Collection Set: 0.1ms
[430.528s][info][gc,phases   ] GC(142)   Merge Heap Roots: 0.0ms
[430.528s][info][gc,phases   ] GC(142)   Evacuate Collection Set: 0.7ms
[430.528s][info][gc,phases   ] GC(142)   Post Evacuate Collection Set: 0.2ms
[430.528s][info][gc,phases   ] GC(142)   Other: 0.3ms
[430.528s][info][gc,heap     ] GC(142) Eden regions: 29->0(29)
[430.528s][info][gc,heap     ] GC(142) Survivor regions: 1->1(4)
[430.528s][info][gc,heap     ] GC(142) Old regions: 33->33
[430.528s][info][gc,heap     ] GC(142) Archive regions: 2->2
[430.528s][info][gc,heap     ] GC(142) Humongous regions: 0->0
[430.528s][info][gc,metaspace] GC(142) Metaspace: 46738K(47824K)->46738K(47824K) NonClass: 41085K(41808K)->41085K(41808K) Class: 5652K(6016K)->5652K(6016K)
[430.528s][info][gc          ] GC(142) Pause Young (Concurrent Start) (G1 Evacuation Pause) 63M->34M(74M) 1.308ms
[430.528s][info][gc,cpu      ] GC(142) User=0.00s Sys=0.00s Real=0.00s
[430.528s][info][gc          ] GC(143) Concurrent Cycle
[430.528s][info][gc,marking  ] GC(143) Concurrent Clear Claimed Marks
[430.528s][info][gc,marking  ] GC(143) Concurrent Clear Claimed Marks 0.032ms
[430.528s][info][gc,marking  ] GC(143) Concurrent Scan Root Regions
[430.529s][info][gc,marking  ] GC(143) Concurrent Scan Root Regions 1.083ms
[430.529s][info][gc,marking  ] GC(143) Concurrent Mark (430.529s)
[430.529s][info][gc,marking  ] GC(143) Concurrent Mark From Roots
[430.529s][info][gc,task     ] GC(143) Using 2 workers of 2 for marking
[430.568s][info][gc,marking  ] GC(143) Concurrent Mark From Roots 38.977ms
[430.568s][info][gc,marking  ] GC(143) Concurrent Preclean
[430.568s][info][gc,marking  ] GC(143) Concurrent Preclean 0.090ms
[430.568s][info][gc,marking  ] GC(143) Concurrent Mark (430.529s, 430.568s) 39.144ms
[430.568s][info][gc,start    ] GC(143) Pause Remark
[430.571s][info][gc          ] GC(143) Pause Remark 38M->38M(74M) 2.471ms
[430.571s][info][gc,cpu      ] GC(143) User=0.01s Sys=0.00s Real=0.00s
[430.571s][info][gc,marking  ] GC(143) Concurrent Rebuild Remembered Sets
[430.592s][info][gc,marking  ] GC(143) Concurrent Rebuild Remembered Sets 21.645ms
[430.593s][info][gc,start    ] GC(143) Pause Cleanup
[430.593s][info][gc          ] GC(143) Pause Cleanup 41M->41M(74M) 0.153ms
[430.593s][info][gc,cpu      ] GC(143) User=0.00s Sys=0.00s Real=0.00s
[430.593s][info][gc,marking  ] GC(143) Concurrent Cleanup for Next Mark
[430.593s][info][gc,marking  ] GC(143) Concurrent Cleanup for Next Mark 0.209ms
[430.593s][info][gc          ] GC(143) Concurrent Cycle 65.607ms
[430.774s][info][gc,start    ] GC(144) Pause Young (Normal) (G1 Evacuation Pause)
[430.774s][info][gc,task     ] GC(144) Using 8 workers of 8 for evacuation
[430.774s][info][gc,phases   ] GC(144)   Pre Evacuate Collection Set: 0.0ms
[430.774s][info][gc,phases   ] GC(144)   Merge Heap Roots: 0.0ms
[430.774s][info][gc,phases   ] GC(144)   Evacuate Collection Set: 0.4ms
[430.774s][info][gc,phases   ] GC(144)   Post Evacuate Collection Set: 0.2ms
[430.774s][info][gc,phases   ] GC(144)   Other: 0.1ms
[430.774s][info][gc,heap     ] GC(144) Eden regions: 29->0(29)
[430.774s][info][gc,heap     ] GC(144) Survivor regions: 1->1(4)
[430.774s][info][gc,heap     ] GC(144) Old regions: 33->33
[430.774s][info][gc,heap     ] GC(144) Archive regions: 2->2
[430.774s][info][gc,heap     ] GC(144) Humongous regions: 0->0
[430.775s][info][gc,metaspace] GC(144) Metaspace: 46744K(47824K)->46744K(47824K) NonClass: 41092K(41808K)->41092K(41808K) Class: 5652K(6016K)->5652K(6016K)
[430.775s][info][gc          ] GC(144) Pause Young (Normal) (G1 Evacuation Pause) 63M->34M(74M) 0.954ms
[430.775s][info][gc,cpu      ] GC(144) User=0.01s Sys=0.00s Real=0.00s
[430.957s][info][gc,start    ] GC(145) Pause Young (Concurrent Start) (G1 Evacuation Pause)
[430.957s][info][gc,task     ] GC(145) Using 8 workers of 8 for evacuation
[430.958s][info][gc,phases   ] GC(145)   Pre Evacuate Collection Set: 0.1ms
[430.958s][info][gc,phases   ] GC(145)   Merge Heap Roots: 0.0ms
[430.958s][info][gc,phases   ] GC(145)   Evacuate Collection Set: 0.6ms
[430.958s][info][gc,phases   ] GC(145)   Post Evacuate Collection Set: 0.2ms
[430.958s][info][gc,phases   ] GC(145)   Other: 0.1ms
[430.958s][info][gc,heap     ] GC(145) Eden regions: 29->0(29)
[430.958s][info][gc,heap     ] GC(145) Survivor regions: 1->1(4)
[430.958s][info][gc,heap     ] GC(145) Old regions: 33->33
[430.958s][info][gc,heap     ] GC(145) Archive regions: 2->2
[430.958s][info][gc,heap     ] GC(145) Humongous regions: 0->0
[430.958s][info][gc,metaspace] GC(145) Metaspace: 46744K(47824K)->46744K(47824K) NonClass: 41092K(41808K)->41092K(41808K) Class: 5652K(6016K)->5652K(6016K)
[430.958s][info][gc          ] GC(145) Pause Young (Concurrent Start) (G1 Evacuation Pause) 63M->34M(74M) 1.088ms
[430.958s][info][gc,cpu      ] GC(145) User=0.00s Sys=0.00s Real=0.00s
[430.958s][info][gc          ] GC(146) Concurrent Cycle
[430.958s][info][gc,marking  ] GC(146) Concurrent Clear Claimed Marks
[430.958s][info][gc,marking  ] GC(146) Concurrent Clear Claimed Marks 0.045ms
[430.958s][info][gc,marking  ] GC(146) Concurrent Scan Root Regions
[430.959s][info][gc,marking  ] GC(146) Concurrent Scan Root Regions 0.656ms
[430.959s][info][gc,marking  ] GC(146) Concurrent Mark (430.959s)
[430.959s][info][gc,marking  ] GC(146) Concurrent Mark From Roots
[430.959s][info][gc,task     ] GC(146) Using 2 workers of 2 for marking
[430.987s][info][gc,marking  ] GC(146) Concurrent Mark From Roots 28.565ms
[430.987s][info][gc,marking  ] GC(146) Concurrent Preclean
[430.988s][info][gc,marking  ] GC(146) Concurrent Preclean 0.084ms
[430.988s][info][gc,marking  ] GC(146) Concurrent Mark (430.959s, 430.988s) 28.722ms
[430.988s][info][gc,start    ] GC(146) Pause Remark
[430.990s][info][gc          ] GC(146) Pause Remark 38M->38M(74M) 2.009ms
[430.990s][info][gc,cpu      ] GC(146) User=0.01s Sys=0.00s Real=0.00s
[430.990s][info][gc,marking  ] GC(146) Concurrent Rebuild Remembered Sets
[431.006s][info][gc,marking  ] GC(146) Concurrent Rebuild Remembered Sets 16.661ms
[431.007s][info][gc,start    ] GC(146) Pause Cleanup
[431.007s][info][gc          ] GC(146) Pause Cleanup 40M->40M(74M) 0.080ms
[431.007s][info][gc,cpu      ] GC(146) User=0.00s Sys=0.00s Real=0.00s
[431.007s][info][gc,marking  ] GC(146) Concurrent Cleanup for Next Mark
[431.007s][info][gc,marking  ] GC(146) Concurrent Cleanup for Next Mark 0.139ms
[431.007s][info][gc          ] GC(146) Concurrent Cycle 48.953ms
[431.163s][info][gc,start    ] GC(147) Pause Young (Normal) (G1 Evacuation Pause)
[431.163s][info][gc,task     ] GC(147) Using 8 workers of 8 for evacuation
[431.164s][info][gc,phases   ] GC(147)   Pre Evacuate Collection Set: 0.0ms
[431.164s][info][gc,phases   ] GC(147)   Merge Heap Roots: 0.0ms
[431.164s][info][gc,phases   ] GC(147)   Evacuate Collection Set: 0.4ms
[431.164s][info][gc,phases   ] GC(147)   Post Evacuate Collection Set: 0.3ms
[431.164s][info][gc,phases   ] GC(147)   Other: 0.2ms
[431.164s][info][gc,heap     ] GC(147) Eden regions: 29->0(29)
[431.164s][info][gc,heap     ] GC(147) Survivor regions: 1->1(4)
[431.164s][info][gc,heap     ] GC(147) Old regions: 33->33
[431.164s][info][gc,heap     ] GC(147) Archive regions: 2->2
[431.164s][info][gc,heap     ] GC(147) Humongous regions: 0->0
[431.164s][info][gc,metaspace] GC(147) Metaspace: 46744K(47824K)->46744K(47824K) NonClass: 41092K(41808K)->41092K(41808K) Class: 5652K(6016K)->5652K(6016K)
[431.164s][info][gc          ] GC(147) Pause Young (Normal) (G1 Evacuation Pause) 63M->34M(74M) 1.097ms
[431.164s][info][gc,cpu      ] GC(147) User=0.00s Sys=0.00s Real=0.00s
[431.351s][info][gc,start    ] GC(148) Pause Young (Concurrent Start) (G1 Evacuation Pause)
[431.351s][info][gc,task     ] GC(148) Using 8 workers of 8 for evacuation
[431.352s][info][gc,phases   ] GC(148)   Pre Evacuate Collection Set: 0.1ms
[431.352s][info][gc,phases   ] GC(148)   Merge Heap Roots: 0.0ms
[431.352s][info][gc,phases   ] GC(148)   Evacuate Collection Set: 0.8ms
[431.352s][info][gc,phases   ] GC(148)   Post Evacuate Collection Set: 0.3ms
[431.352s][info][gc,phases   ] GC(148)   Other: 0.2ms
[431.352s][info][gc,heap     ] GC(148) Eden regions: 29->0(29)
[431.352s][info][gc,heap     ] GC(148) Survivor regions: 1->1(4)
[431.352s][info][gc,heap     ] GC(148) Old regions: 33->33
[431.352s][info][gc,heap     ] GC(148) Archive regions: 2->2
[431.352s][info][gc,heap     ] GC(148) Humongous regions: 0->0
[431.352s][info][gc,metaspace] GC(148) Metaspace: 46744K(47824K)->46744K(47824K) NonClass: 41092K(41808K)->41092K(41808K) Class: 5652K(6016K)->5652K(6016K)
[431.352s][info][gc          ] GC(148) Pause Young (Concurrent Start) (G1 Evacuation Pause) 63M->34M(74M) 1.569ms
[431.352s][info][gc,cpu      ] GC(148) User=0.00s Sys=0.00s Real=0.00s
[431.352s][info][gc          ] GC(149) Concurrent Cycle
[431.352s][info][gc,marking  ] GC(149) Concurrent Clear Claimed Marks
[431.352s][info][gc,marking  ] GC(149) Concurrent Clear Claimed Marks 0.068ms
[431.352s][info][gc,marking  ] GC(149) Concurrent Scan Root Regions
[431.353s][info][gc,marking  ] GC(149) Concurrent Scan Root Regions 0.823ms
[431.353s][info][gc,marking  ] GC(149) Concurrent Mark (431.353s)
[431.353s][info][gc,marking  ] GC(149) Concurrent Mark From Roots
[431.353s][info][gc,task     ] GC(149) Using 2 workers of 2 for marking
[431.380s][info][gc,marking  ] GC(149) Concurrent Mark From Roots 26.650ms
[431.380s][info][gc,marking  ] GC(149) Concurrent Preclean
[431.380s][info][gc,marking  ] GC(149) Concurrent Preclean 0.103ms
[431.380s][info][gc,marking  ] GC(149) Concurrent Mark (431.353s, 431.380s) 26.823ms
[431.380s][info][gc,start    ] GC(149) Pause Remark
[431.382s][info][gc          ] GC(149) Pause Remark 37M->37M(74M) 1.841ms
[431.382s][info][gc,cpu      ] GC(149) User=0.01s Sys=0.00s Real=0.00s
[431.383s][info][gc,marking  ] GC(149) Concurrent Rebuild Remembered Sets
[431.398s][info][gc,marking  ] GC(149) Concurrent Rebuild Remembered Sets 15.826ms
[431.399s][info][gc,start    ] GC(149) Pause Cleanup
[431.399s][info][gc          ] GC(149) Pause Cleanup 39M->39M(74M) 0.083ms
[431.399s][info][gc,cpu      ] GC(149) User=0.00s Sys=0.00s Real=0.00s
[431.399s][info][gc,marking  ] GC(149) Concurrent Cleanup for Next Mark
[431.399s][info][gc,marking  ] GC(149) Concurrent Cleanup for Next Mark 0.119ms
[431.399s][info][gc          ] GC(149) Concurrent Cycle 46.782ms
[431.551s][info][gc,start    ] GC(150) Pause Young (Normal) (G1 Evacuation Pause)
[431.551s][info][gc,task     ] GC(150) Using 8 workers of 8 for evacuation
[431.552s][info][gc,phases   ] GC(150)   Pre Evacuate Collection Set: 0.1ms
[431.552s][info][gc,phases   ] GC(150)   Merge Heap Roots: 0.0ms
[431.552s][info][gc,phases   ] GC(150)   Evacuate Collection Set: 0.5ms
[431.552s][info][gc,phases   ] GC(150)   Post Evacuate Collection Set: 0.2ms
[431.552s][info][gc,phases   ] GC(150)   Other: 0.1ms
[431.552s][info][gc,heap     ] GC(150) Eden regions: 29->0(29)
[431.552s][info][gc,heap     ] GC(150) Survivor regions: 1->1(4)
[431.552s][info][gc,heap     ] GC(150) Old regions: 33->33
[431.552s][info][gc,heap     ] GC(150) Archive regions: 2->2
[431.552s][info][gc,heap     ] GC(150) Humongous regions: 0->0
[431.552s][info][gc,metaspace] GC(150) Metaspace: 46744K(47824K)->46744K(47824K) NonClass: 41092K(41808K)->41092K(41808K) Class: 5652K(6016K)->5652K(6016K)
[431.552s][info][gc          ] GC(150) Pause Young (Normal) (G1 Evacuation Pause) 63M->34M(74M) 0.923ms
[431.552s][info][gc,cpu      ] GC(150) User=0.00s Sys=0.00s Real=0.00s
[431.750s][info][gc,start    ] GC(151) Pause Young (Concurrent Start) (G1 Evacuation Pause)
[431.750s][info][gc,task     ] GC(151) Using 8 workers of 8 for evacuation
[431.751s][info][gc,phases   ] GC(151)   Pre Evacuate Collection Set: 0.2ms
[431.751s][info][gc,phases   ] GC(151)   Merge Heap Roots: 0.0ms
[431.751s][info][gc,phases   ] GC(151)   Evacuate Collection Set: 1.0ms
[431.751s][info][gc,phases   ] GC(151)   Post Evacuate Collection Set: 0.3ms
[431.751s][info][gc,phases   ] GC(151)   Other: 0.3ms
[431.751s][info][gc,heap     ] GC(151) Eden regions: 29->0(28)
[431.751s][info][gc,heap     ] GC(151) Survivor regions: 1->1(4)
[431.751s][info][gc,heap     ] GC(151) Old regions: 33->34
[431.751s][info][gc,heap     ] GC(151) Archive regions: 2->2
[431.751s][info][gc,heap     ] GC(151) Humongous regions: 0->0
[431.751s][info][gc,metaspace] GC(151) Metaspace: 46744K(47824K)->46744K(47824K) NonClass: 41092K(41808K)->41092K(41808K) Class: 5652K(6016K)->5652K(6016K)
[431.751s][info][gc          ] GC(151) Pause Young (Concurrent Start) (G1 Evacuation Pause) 63M->34M(74M) 1.782ms
[431.752s][info][gc,cpu      ] GC(151) User=0.00s Sys=0.00s Real=0.00s
[431.752s][info][gc          ] GC(152) Concurrent Cycle
[431.752s][info][gc,marking  ] GC(152) Concurrent Clear Claimed Marks
[431.752s][info][gc,marking  ] GC(152) Concurrent Clear Claimed Marks 0.059ms
[431.752s][info][gc,marking  ] GC(152) Concurrent Scan Root Regions
[431.753s][info][gc,marking  ] GC(152) Concurrent Scan Root Regions 1.099ms
[431.753s][info][gc,marking  ] GC(152) Concurrent Mark (431.753s)
[431.753s][info][gc,marking  ] GC(152) Concurrent Mark From Roots
[431.753s][info][gc,task     ] GC(152) Using 2 workers of 2 for marking
[431.786s][info][gc,marking  ] GC(152) Concurrent Mark From Roots 33.317ms
[431.786s][info][gc,marking  ] GC(152) Concurrent Preclean
[431.786s][info][gc,marking  ] GC(152) Concurrent Preclean 0.142ms
[431.786s][info][gc,marking  ] GC(152) Concurrent Mark (431.753s, 431.786s) 33.556ms
[431.787s][info][gc,start    ] GC(152) Pause Remark
[431.790s][info][gc          ] GC(152) Pause Remark 36M->36M(74M) 2.820ms
[431.790s][info][gc,cpu      ] GC(152) User=0.01s Sys=0.00s Real=0.00s
[431.790s][info][gc,marking  ] GC(152) Concurrent Rebuild Remembered Sets
[431.807s][info][gc,marking  ] GC(152) Concurrent Rebuild Remembered Sets 17.216ms
[431.808s][info][gc,start    ] GC(152) Pause Cleanup
[431.808s][info][gc          ] GC(152) Pause Cleanup 37M->37M(74M) 0.089ms
[431.808s][info][gc,cpu      ] GC(152) User=0.00s Sys=0.00s Real=0.00s
[431.808s][info][gc,marking  ] GC(152) Concurrent Cleanup for Next Mark
[431.808s][info][gc,marking  ] GC(152) Concurrent Cleanup for Next Mark 0.130ms
[431.808s][info][gc          ] GC(152) Concurrent Cycle 56.415ms
[432.002s][info][gc,start    ] GC(153) Pause Young (Normal) (G1 Evacuation Pause)
[432.002s][info][gc,task     ] GC(153) Using 8 workers of 8 for evacuation
[432.003s][info][gc,phases   ] GC(153)   Pre Evacuate Collection Set: 0.1ms
[432.003s][info][gc,phases   ] GC(153)   Merge Heap Roots: 0.0ms
[432.003s][info][gc,phases   ] GC(153)   Evacuate Collection Set: 0.7ms
[432.003s][info][gc,phases   ] GC(153)   Post Evacuate Collection Set: 0.3ms
[432.003s][info][gc,phases   ] GC(153)   Other: 0.2ms
[432.003s][info][gc,heap     ] GC(153) Eden regions: 28->0(28)
[432.003s][info][gc,heap     ] GC(153) Survivor regions: 1->1(4)
[432.003s][info][gc,heap     ] GC(153) Old regions: 34->34
[432.003s][info][gc,heap     ] GC(153) Archive regions: 2->2
[432.003s][info][gc,heap     ] GC(153) Humongous regions: 0->0
[432.003s][info][gc,metaspace] GC(153) Metaspace: 46744K(47824K)->46744K(47824K) NonClass: 41092K(41808K)->41092K(41808K) Class: 5652K(6016K)->5652K(6016K)
[432.003s][info][gc          ] GC(153) Pause Young (Normal) (G1 Evacuation Pause) 62M->34M(74M) 1.447ms
[432.003s][info][gc,cpu      ] GC(153) User=0.00s Sys=0.00s Real=0.01s
[432.231s][info][gc,start    ] GC(154) Pause Young (Concurrent Start) (G1 Evacuation Pause)
[432.231s][info][gc,task     ] GC(154) Using 8 workers of 8 for evacuation
[432.232s][info][gc,phases   ] GC(154)   Pre Evacuate Collection Set: 0.1ms
[432.232s][info][gc,phases   ] GC(154)   Merge Heap Roots: 0.0ms
[432.232s][info][gc,phases   ] GC(154)   Evacuate Collection Set: 0.6ms
[432.232s][info][gc,phases   ] GC(154)   Post Evacuate Collection Set: 0.2ms
[432.232s][info][gc,phases   ] GC(154)   Other: 0.2ms
[432.232s][info][gc,heap     ] GC(154) Eden regions: 28->0(28)
[432.232s][info][gc,heap     ] GC(154) Survivor regions: 1->1(4)
[432.232s][info][gc,heap     ] GC(154) Old regions: 34->34
[432.232s][info][gc,heap     ] GC(154) Archive regions: 2->2
[432.232s][info][gc,heap     ] GC(154) Humongous regions: 0->0
[432.232s][info][gc,metaspace] GC(154) Metaspace: 46744K(47824K)->46744K(47824K) NonClass: 41092K(41808K)->41092K(41808K) Class: 5652K(6016K)->5652K(6016K)
[432.232s][info][gc          ] GC(154) Pause Young (Concurrent Start) (G1 Evacuation Pause) 62M->34M(74M) 1.214ms
[432.232s][info][gc,cpu      ] GC(154) User=0.00s Sys=0.00s Real=0.00s
[432.232s][info][gc          ] GC(155) Concurrent Cycle
[432.232s][info][gc,marking  ] GC(155) Concurrent Clear Claimed Marks
[432.233s][info][gc,marking  ] GC(155) Concurrent Clear Claimed Marks 0.031ms
[432.233s][info][gc,marking  ] GC(155) Concurrent Scan Root Regions
[432.233s][info][gc,marking  ] GC(155) Concurrent Scan Root Regions 0.534ms
[432.233s][info][gc,marking  ] GC(155) Concurrent Mark (432.233s)
[432.233s][info][gc,marking  ] GC(155) Concurrent Mark From Roots
[432.233s][info][gc,task     ] GC(155) Using 2 workers of 2 for marking
[432.272s][info][gc,marking  ] GC(155) Concurrent Mark From Roots 39.313ms
[432.272s][info][gc,marking  ] GC(155) Concurrent Preclean
[432.273s][info][gc,marking  ] GC(155) Concurrent Preclean 0.196ms
[432.273s][info][gc,marking  ] GC(155) Concurrent Mark (432.233s, 432.273s) 39.639ms
[432.273s][info][gc,start    ] GC(155) Pause Remark
[432.276s][info][gc          ] GC(155) Pause Remark 35M->35M(74M) 2.818ms
[432.276s][info][gc,cpu      ] GC(155) User=0.01s Sys=0.00s Real=0.00s
[432.276s][info][gc,marking  ] GC(155) Concurrent Rebuild Remembered Sets
[432.300s][info][gc,marking  ] GC(155) Concurrent Rebuild Remembered Sets 23.910ms
[432.300s][info][gc,start    ] GC(155) Pause Cleanup
[432.300s][info][gc          ] GC(155) Pause Cleanup 38M->38M(74M) 0.095ms
[432.300s][info][gc,cpu      ] GC(155) User=0.00s Sys=0.00s Real=0.00s
[432.300s][info][gc,marking  ] GC(155) Concurrent Cleanup for Next Mark
[432.301s][info][gc,marking  ] GC(155) Concurrent Cleanup for Next Mark 0.149ms
[432.301s][info][gc          ] GC(155) Concurrent Cycle 68.113ms
[432.514s][info][gc,start    ] GC(156) Pause Young (Normal) (G1 Evacuation Pause)
[432.514s][info][gc,task     ] GC(156) Using 8 workers of 8 for evacuation
[432.515s][info][gc,phases   ] GC(156)   Pre Evacuate Collection Set: 0.1ms
[432.515s][info][gc,phases   ] GC(156)   Merge Heap Roots: 0.0ms
[432.515s][info][gc,phases   ] GC(156)   Evacuate Collection Set: 0.5ms
[432.515s][info][gc,phases   ] GC(156)   Post Evacuate Collection Set: 0.2ms
[432.515s][info][gc,phases   ] GC(156)   Other: 0.1ms
[432.515s][info][gc,heap     ] GC(156) Eden regions: 28->0(28)
[432.515s][info][gc,heap     ] GC(156) Survivor regions: 1->1(4)
[432.515s][info][gc,heap     ] GC(156) Old regions: 34->34
[432.515s][info][gc,heap     ] GC(156) Archive regions: 2->2
[432.515s][info][gc,heap     ] GC(156) Humongous regions: 0->0
[432.515s][info][gc,metaspace] GC(156) Metaspace: 46744K(47824K)->46744K(47824K) NonClass: 41092K(41808K)->41092K(41808K) Class: 5652K(6016K)->5652K(6016K)
[432.515s][info][gc          ] GC(156) Pause Young (Normal) (G1 Evacuation Pause) 62M->34M(74M) 0.970ms
[432.515s][info][gc,cpu      ] GC(156) User=0.00s Sys=0.00s Real=0.00s
[432.713s][info][gc,start    ] GC(157) Pause Young (Concurrent Start) (G1 Evacuation Pause)
[432.713s][info][gc,task     ] GC(157) Using 8 workers of 8 for evacuation
[432.714s][info][gc,phases   ] GC(157)   Pre Evacuate Collection Set: 0.1ms
[432.714s][info][gc,phases   ] GC(157)   Merge Heap Roots: 0.0ms
[432.714s][info][gc,phases   ] GC(157)   Evacuate Collection Set: 0.6ms
[432.714s][info][gc,phases   ] GC(157)   Post Evacuate Collection Set: 0.2ms
[432.714s][info][gc,phases   ] GC(157)   Other: 0.2ms
[432.714s][info][gc,heap     ] GC(157) Eden regions: 28->0(28)
[432.714s][info][gc,heap     ] GC(157) Survivor regions: 1->1(4)
[432.714s][info][gc,heap     ] GC(157) Old regions: 34->34
[432.714s][info][gc,heap     ] GC(157) Archive regions: 2->2
[432.714s][info][gc,heap     ] GC(157) Humongous regions: 0->0
[432.714s][info][gc,metaspace] GC(157) Metaspace: 46744K(47824K)->46744K(47824K) NonClass: 41092K(41808K)->41092K(41808K) Class: 5652K(6016K)->5652K(6016K)
[432.714s][info][gc          ] GC(157) Pause Young (Concurrent Start) (G1 Evacuation Pause) 62M->34M(74M) 1.121ms
[432.714s][info][gc,cpu      ] GC(157) User=0.01s Sys=0.00s Real=0.01s
[432.714s][info][gc          ] GC(158) Concurrent Cycle
[432.714s][info][gc,marking  ] GC(158) Concurrent Clear Claimed Marks
[432.714s][info][gc,marking  ] GC(158) Concurrent Clear Claimed Marks 0.046ms
[432.714s][info][gc,marking  ] GC(158) Concurrent Scan Root Regions
[432.715s][info][gc,marking  ] GC(158) Concurrent Scan Root Regions 1.000ms
[432.715s][info][gc,marking  ] GC(158) Concurrent Mark (432.715s)
[432.715s][info][gc,marking  ] GC(158) Concurrent Mark From Roots
[432.715s][info][gc,task     ] GC(158) Using 2 workers of 2 for marking
[432.750s][info][gc,marking  ] GC(158) Concurrent Mark From Roots 35.133ms
[432.750s][info][gc,marking  ] GC(158) Concurrent Preclean
[432.750s][info][gc,marking  ] GC(158) Concurrent Preclean 0.082ms
[432.750s][info][gc,marking  ] GC(158) Concurrent Mark (432.715s, 432.750s) 35.283ms
[432.750s][info][gc,start    ] GC(158) Pause Remark
[432.752s][info][gc          ] GC(158) Pause Remark 38M->38M(74M) 1.740ms
[432.752s][info][gc,cpu      ] GC(158) User=0.01s Sys=0.00s Real=0.00s
[432.752s][info][gc,marking  ] GC(158) Concurrent Rebuild Remembered Sets
[432.773s][info][gc,marking  ] GC(158) Concurrent Rebuild Remembered Sets 21.050ms
[432.773s][info][gc,start    ] GC(158) Pause Cleanup
[432.773s][info][gc          ] GC(158) Pause Cleanup 40M->40M(74M) 0.094ms
[432.773s][info][gc,cpu      ] GC(158) User=0.00s Sys=0.00s Real=0.00s
[432.774s][info][gc,marking  ] GC(158) Concurrent Cleanup for Next Mark
[432.774s][info][gc,marking  ] GC(158) Concurrent Cleanup for Next Mark 0.179ms
[432.774s][info][gc          ] GC(158) Concurrent Cycle 60.052ms
[432.927s][info][gc,start    ] GC(159) Pause Young (Normal) (G1 Evacuation Pause)
[432.927s][info][gc,task     ] GC(159) Using 8 workers of 8 for evacuation
[432.929s][info][gc,phases   ] GC(159)   Pre Evacuate Collection Set: 0.1ms
[432.929s][info][gc,phases   ] GC(159)   Merge Heap Roots: 0.0ms
[432.929s][info][gc,phases   ] GC(159)   Evacuate Collection Set: 0.8ms
[432.929s][info][gc,phases   ] GC(159)   Post Evacuate Collection Set: 0.4ms
[432.929s][info][gc,phases   ] GC(159)   Other: 0.2ms
[432.929s][info][gc,heap     ] GC(159) Eden regions: 28->0(28)
[432.929s][info][gc,heap     ] GC(159) Survivor regions: 1->1(4)
[432.929s][info][gc,heap     ] GC(159) Old regions: 34->34
[432.929s][info][gc,heap     ] GC(159) Archive regions: 2->2
[432.929s][info][gc,heap     ] GC(159) Humongous regions: 0->0
[432.929s][info][gc,metaspace] GC(159) Metaspace: 46744K(47824K)->46744K(47824K) NonClass: 41092K(41808K)->41092K(41808K) Class: 5652K(6016K)->5652K(6016K)
[432.929s][info][gc          ] GC(159) Pause Young (Normal) (G1 Evacuation Pause) 62M->34M(74M) 1.665ms
[432.929s][info][gc,cpu      ] GC(159) User=0.01s Sys=0.00s Real=0.00s
[433.277s][info][gc,start    ] GC(160) Pause Young (Concurrent Start) (G1 Evacuation Pause)
[433.277s][info][gc,task     ] GC(160) Using 8 workers of 8 for evacuation
[433.278s][info][gc,phases   ] GC(160)   Pre Evacuate Collection Set: 0.2ms
[433.279s][info][gc,phases   ] GC(160)   Merge Heap Roots: 0.0ms
[433.279s][info][gc,phases   ] GC(160)   Evacuate Collection Set: 0.8ms
[433.279s][info][gc,phases   ] GC(160)   Post Evacuate Collection Set: 0.2ms
[433.279s][info][gc,phases   ] GC(160)   Other: 0.2ms
[433.279s][info][gc,heap     ] GC(160) Eden regions: 28->0(28)
[433.279s][info][gc,heap     ] GC(160) Survivor regions: 1->1(4)
[433.279s][info][gc,heap     ] GC(160) Old regions: 34->34
[433.279s][info][gc,heap     ] GC(160) Archive regions: 2->2
[433.279s][info][gc,heap     ] GC(160) Humongous regions: 0->0
[433.279s][info][gc,metaspace] GC(160) Metaspace: 46744K(47824K)->46744K(47824K) NonClass: 41092K(41808K)->41092K(41808K) Class: 5652K(6016K)->5652K(6016K)
[433.279s][info][gc          ] GC(160) Pause Young (Concurrent Start) (G1 Evacuation Pause) 62M->34M(74M) 1.605ms
[433.279s][info][gc,cpu      ] GC(160) User=0.01s Sys=0.00s Real=0.00s
[433.279s][info][gc          ] GC(161) Concurrent Cycle
[433.279s][info][gc,marking  ] GC(161) Concurrent Clear Claimed Marks
[433.279s][info][gc,marking  ] GC(161) Concurrent Clear Claimed Marks 0.060ms
[433.279s][info][gc,marking  ] GC(161) Concurrent Scan Root Regions
[433.279s][info][gc,marking  ] GC(161) Concurrent Scan Root Regions 0.664ms
[433.279s][info][gc,marking  ] GC(161) Concurrent Mark (433.279s)
[433.280s][info][gc,marking  ] GC(161) Concurrent Mark From Roots
[433.280s][info][gc,task     ] GC(161) Using 2 workers of 2 for marking
[433.320s][info][gc,marking  ] GC(161) Concurrent Mark From Roots 40.430ms
[433.320s][info][gc,marking  ] GC(161) Concurrent Preclean
[433.320s][info][gc,marking  ] GC(161) Concurrent Preclean 0.091ms
[433.320s][info][gc,marking  ] GC(161) Concurrent Mark (433.279s, 433.320s) 40.594ms
[433.328s][info][gc,start    ] GC(161) Pause Remark
[433.331s][info][gc          ] GC(161) Pause Remark 35M->35M(74M) 2.392ms
[433.331s][info][gc,cpu      ] GC(161) User=0.01s Sys=0.00s Real=0.00s
[433.331s][info][gc,marking  ] GC(161) Concurrent Rebuild Remembered Sets
[433.350s][info][gc,marking  ] GC(161) Concurrent Rebuild Remembered Sets 19.349ms
[433.350s][info][gc,start    ] GC(161) Pause Cleanup
[433.351s][info][gc          ] GC(161) Pause Cleanup 37M->37M(74M) 0.112ms
[433.351s][info][gc,cpu      ] GC(161) User=0.00s Sys=0.00s Real=0.00s
[433.351s][info][gc,marking  ] GC(161) Concurrent Cleanup for Next Mark
[433.351s][info][gc,marking  ] GC(161) Concurrent Cleanup for Next Mark 0.146ms
[433.351s][info][gc          ] GC(161) Concurrent Cycle 72.116ms
[433.503s][info][gc,start    ] GC(162) Pause Young (Normal) (G1 Evacuation Pause)
[433.503s][info][gc,task     ] GC(162) Using 8 workers of 8 for evacuation
[433.504s][info][gc,phases   ] GC(162)   Pre Evacuate Collection Set: 0.1ms
[433.504s][info][gc,phases   ] GC(162)   Merge Heap Roots: 0.0ms
[433.504s][info][gc,phases   ] GC(162)   Evacuate Collection Set: 0.6ms
[433.505s][info][gc,phases   ] GC(162)   Post Evacuate Collection Set: 0.2ms
[433.505s][info][gc,phases   ] GC(162)   Other: 0.2ms
[433.505s][info][gc,heap     ] GC(162) Eden regions: 28->0(28)
[433.505s][info][gc,heap     ] GC(162) Survivor regions: 1->1(4)
[433.505s][info][gc,heap     ] GC(162) Old regions: 34->34
[433.505s][info][gc,heap     ] GC(162) Archive regions: 2->2
[433.505s][info][gc,heap     ] GC(162) Humongous regions: 0->0
[433.505s][info][gc,metaspace] GC(162) Metaspace: 46745K(47824K)->46745K(47824K) NonClass: 41092K(41808K)->41092K(41808K) Class: 5652K(6016K)->5652K(6016K)
[433.505s][info][gc          ] GC(162) Pause Young (Normal) (G1 Evacuation Pause) 62M->34M(74M) 1.317ms
[433.505s][info][gc,cpu      ] GC(162) User=0.01s Sys=0.00s Real=0.00s
[433.678s][info][gc,start    ] GC(163) Pause Young (Concurrent Start) (G1 Evacuation Pause)
[433.678s][info][gc,task     ] GC(163) Using 8 workers of 8 for evacuation
[433.679s][info][gc,phases   ] GC(163)   Pre Evacuate Collection Set: 0.1ms
[433.679s][info][gc,phases   ] GC(163)   Merge Heap Roots: 0.0ms
[433.679s][info][gc,phases   ] GC(163)   Evacuate Collection Set: 0.8ms
[433.679s][info][gc,phases   ] GC(163)   Post Evacuate Collection Set: 0.3ms
[433.679s][info][gc,phases   ] GC(163)   Other: 0.2ms
[433.679s][info][gc,heap     ] GC(163) Eden regions: 28->0(28)
[433.679s][info][gc,heap     ] GC(163) Survivor regions: 1->1(4)
[433.679s][info][gc,heap     ] GC(163) Old regions: 34->34
[433.679s][info][gc,heap     ] GC(163) Archive regions: 2->2
[433.679s][info][gc,heap     ] GC(163) Humongous regions: 0->0
[433.679s][info][gc,metaspace] GC(163) Metaspace: 46745K(47824K)->46745K(47824K) NonClass: 41092K(41808K)->41092K(41808K) Class: 5652K(6016K)->5652K(6016K)
[433.679s][info][gc          ] GC(163) Pause Young (Concurrent Start) (G1 Evacuation Pause) 62M->34M(74M) 1.559ms
[433.680s][info][gc,cpu      ] GC(163) User=0.01s Sys=0.00s Real=0.00s
[433.680s][info][gc          ] GC(164) Concurrent Cycle
[433.680s][info][gc,marking  ] GC(164) Concurrent Clear Claimed Marks
[433.680s][info][gc,marking  ] GC(164) Concurrent Clear Claimed Marks 0.052ms
[433.680s][info][gc,marking  ] GC(164) Concurrent Scan Root Regions
[433.681s][info][gc,marking  ] GC(164) Concurrent Scan Root Regions 0.911ms
[433.681s][info][gc,marking  ] GC(164) Concurrent Mark (433.681s)
[433.681s][info][gc,marking  ] GC(164) Concurrent Mark From Roots
[433.681s][info][gc,task     ] GC(164) Using 2 workers of 2 for marking
[433.723s][info][gc,marking  ] GC(164) Concurrent Mark From Roots 41.985ms
[433.723s][info][gc,marking  ] GC(164) Concurrent Preclean
[433.723s][info][gc,marking  ] GC(164) Concurrent Preclean 0.078ms
[433.723s][info][gc,marking  ] GC(164) Concurrent Mark (433.681s, 433.723s) 42.133ms
[433.723s][info][gc,start    ] GC(164) Pause Remark
[433.726s][info][gc          ] GC(164) Pause Remark 36M->36M(74M) 2.840ms
[433.726s][info][gc,cpu      ] GC(164) User=0.01s Sys=0.00s Real=0.00s
[433.726s][info][gc,marking  ] GC(164) Concurrent Rebuild Remembered Sets
[433.747s][info][gc,marking  ] GC(164) Concurrent Rebuild Remembered Sets 20.589ms
[433.747s][info][gc,start    ] GC(164) Pause Cleanup
[433.747s][info][gc          ] GC(164) Pause Cleanup 38M->38M(74M) 0.086ms
[433.747s][info][gc,cpu      ] GC(164) User=0.00s Sys=0.00s Real=0.00s
[433.749s][info][gc,marking  ] GC(164) Concurrent Cleanup for Next Mark
[433.749s][info][gc,marking  ] GC(164) Concurrent Cleanup for Next Mark 0.193ms
[433.749s][info][gc          ] GC(164) Concurrent Cycle 69.313ms
[434.007s][info][gc,start    ] GC(165) Pause Young (Normal) (G1 Evacuation Pause)
[434.007s][info][gc,task     ] GC(165) Using 8 workers of 8 for evacuation
[434.008s][info][gc,phases   ] GC(165)   Pre Evacuate Collection Set: 0.0ms
[434.008s][info][gc,phases   ] GC(165)   Merge Heap Roots: 0.0ms
[434.008s][info][gc,phases   ] GC(165)   Evacuate Collection Set: 0.6ms
[434.008s][info][gc,phases   ] GC(165)   Post Evacuate Collection Set: 0.2ms
[434.008s][info][gc,phases   ] GC(165)   Other: 0.2ms
[434.008s][info][gc,heap     ] GC(165) Eden regions: 28->0(28)
[434.008s][info][gc,heap     ] GC(165) Survivor regions: 1->1(4)
[434.008s][info][gc,heap     ] GC(165) Old regions: 34->34
[434.008s][info][gc,heap     ] GC(165) Archive regions: 2->2
[434.008s][info][gc,heap     ] GC(165) Humongous regions: 0->0
[434.008s][info][gc,metaspace] GC(165) Metaspace: 46749K(47824K)->46749K(47824K) NonClass: 41097K(41808K)->41097K(41808K) Class: 5652K(6016K)->5652K(6016K)
[434.008s][info][gc          ] GC(165) Pause Young (Normal) (G1 Evacuation Pause) 62M->34M(74M) 1.114ms
[434.008s][info][gc,cpu      ] GC(165) User=0.00s Sys=0.00s Real=0.00s
[434.281s][info][gc,start    ] GC(166) Pause Young (Concurrent Start) (G1 Evacuation Pause)
[434.281s][info][gc,task     ] GC(166) Using 8 workers of 8 for evacuation
[434.282s][info][gc,phases   ] GC(166)   Pre Evacuate Collection Set: 0.1ms
[434.282s][info][gc,phases   ] GC(166)   Merge Heap Roots: 0.0ms
[434.282s][info][gc,phases   ] GC(166)   Evacuate Collection Set: 0.7ms
[434.282s][info][gc,phases   ] GC(166)   Post Evacuate Collection Set: 0.2ms
[434.282s][info][gc,phases   ] GC(166)   Other: 0.3ms
[434.282s][info][gc,heap     ] GC(166) Eden regions: 28->0(28)
[434.282s][info][gc,heap     ] GC(166) Survivor regions: 1->1(4)
[434.282s][info][gc,heap     ] GC(166) Old regions: 34->34
[434.282s][info][gc,heap     ] GC(166) Archive regions: 2->2
[434.282s][info][gc,heap     ] GC(166) Humongous regions: 0->0
[434.282s][info][gc,metaspace] GC(166) Metaspace: 46750K(47824K)->46750K(47824K) NonClass: 41098K(41808K)->41098K(41808K) Class: 5652K(6016K)->5652K(6016K)
[434.282s][info][gc          ] GC(166) Pause Young (Concurrent Start) (G1 Evacuation Pause) 62M->34M(74M) 1.388ms
[434.282s][info][gc,cpu      ] GC(166) User=0.01s Sys=0.00s Real=0.00s
[434.282s][info][gc          ] GC(167) Concurrent Cycle
[434.282s][info][gc,marking  ] GC(167) Concurrent Clear Claimed Marks
[434.282s][info][gc,marking  ] GC(167) Concurrent Clear Claimed Marks 0.042ms
[434.282s][info][gc,marking  ] GC(167) Concurrent Scan Root Regions
[434.283s][info][gc,marking  ] GC(167) Concurrent Scan Root Regions 0.757ms
[434.283s][info][gc,marking  ] GC(167) Concurrent Mark (434.283s)
[434.283s][info][gc,marking  ] GC(167) Concurrent Mark From Roots
[434.283s][info][gc,task     ] GC(167) Using 2 workers of 2 for marking
[434.317s][info][gc,marking  ] GC(167) Concurrent Mark From Roots 33.909ms
[434.317s][info][gc,marking  ] GC(167) Concurrent Preclean
[434.317s][info][gc,marking  ] GC(167) Concurrent Preclean 0.114ms
[434.317s][info][gc,marking  ] GC(167) Concurrent Mark (434.283s, 434.317s) 34.133ms
[434.318s][info][gc,start    ] GC(167) Pause Remark
[434.320s][info][gc          ] GC(167) Pause Remark 37M->37M(74M) 2.228ms
[434.320s][info][gc,cpu      ] GC(167) User=0.01s Sys=0.00s Real=0.00s
[434.320s][info][gc,marking  ] GC(167) Concurrent Rebuild Remembered Sets
[434.337s][info][gc,marking  ] GC(167) Concurrent Rebuild Remembered Sets 16.494ms
[434.337s][info][gc,start    ] GC(167) Pause Cleanup
[434.337s][info][gc          ] GC(167) Pause Cleanup 39M->39M(74M) 0.098ms
[434.337s][info][gc,cpu      ] GC(167) User=0.00s Sys=0.00s Real=0.00s
[434.337s][info][gc,marking  ] GC(167) Concurrent Cleanup for Next Mark
[434.338s][info][gc,marking  ] GC(167) Concurrent Cleanup for Next Mark 0.119ms
[434.338s][info][gc          ] GC(167) Concurrent Cycle 55.164ms
[434.487s][info][gc,start    ] GC(168) Pause Young (Normal) (G1 Evacuation Pause)
[434.487s][info][gc,task     ] GC(168) Using 8 workers of 8 for evacuation
[434.488s][info][gc,phases   ] GC(168)   Pre Evacuate Collection Set: 0.0ms
[434.488s][info][gc,phases   ] GC(168)   Merge Heap Roots: 0.0ms
[434.488s][info][gc,phases   ] GC(168)   Evacuate Collection Set: 0.4ms
[434.488s][info][gc,phases   ] GC(168)   Post Evacuate Collection Set: 0.2ms
[434.488s][info][gc,phases   ] GC(168)   Other: 0.2ms
[434.488s][info][gc,heap     ] GC(168) Eden regions: 28->0(28)
[434.488s][info][gc,heap     ] GC(168) Survivor regions: 1->1(4)
[434.488s][info][gc,heap     ] GC(168) Old regions: 34->34
[434.488s][info][gc,heap     ] GC(168) Archive regions: 2->2
[434.488s][info][gc,heap     ] GC(168) Humongous regions: 0->0
[434.488s][info][gc,metaspace] GC(168) Metaspace: 46750K(47824K)->46750K(47824K) NonClass: 41098K(41808K)->41098K(41808K) Class: 5652K(6016K)->5652K(6016K)
[434.488s][info][gc          ] GC(168) Pause Young (Normal) (G1 Evacuation Pause) 62M->34M(74M) 0.983ms
[434.488s][info][gc,cpu      ] GC(168) User=0.01s Sys=0.00s Real=0.00s
[434.740s][info][gc,start    ] GC(169) Pause Young (Concurrent Start) (G1 Evacuation Pause)
[434.740s][info][gc,task     ] GC(169) Using 8 workers of 8 for evacuation
[434.742s][info][gc,phases   ] GC(169)   Pre Evacuate Collection Set: 0.7ms
[434.742s][info][gc,phases   ] GC(169)   Merge Heap Roots: 0.0ms
[434.743s][info][gc,phases   ] GC(169)   Evacuate Collection Set: 1.3ms
[434.743s][info][gc,phases   ] GC(169)   Post Evacuate Collection Set: 0.3ms
[434.743s][info][gc,phases   ] GC(169)   Other: 0.4ms
[434.743s][info][gc,heap     ] GC(169) Eden regions: 28->0(28)
[434.743s][info][gc,heap     ] GC(169) Survivor regions: 1->1(4)
[434.743s][info][gc,heap     ] GC(169) Old regions: 34->34
[434.743s][info][gc,heap     ] GC(169) Archive regions: 2->2
[434.743s][info][gc,heap     ] GC(169) Humongous regions: 0->0
[434.743s][info][gc,metaspace] GC(169) Metaspace: 46750K(47824K)->46750K(47824K) NonClass: 41098K(41808K)->41098K(41808K) Class: 5652K(6016K)->5652K(6016K)
[434.743s][info][gc          ] GC(169) Pause Young (Concurrent Start) (G1 Evacuation Pause) 62M->34M(74M) 2.809ms
[434.743s][info][gc,cpu      ] GC(169) User=0.01s Sys=0.00s Real=0.00s
[434.743s][info][gc          ] GC(170) Concurrent Cycle
[434.743s][info][gc,marking  ] GC(170) Concurrent Clear Claimed Marks
[434.743s][info][gc,marking  ] GC(170) Concurrent Clear Claimed Marks 0.063ms
[434.743s][info][gc,marking  ] GC(170) Concurrent Scan Root Regions
[434.744s][info][gc,marking  ] GC(170) Concurrent Scan Root Regions 1.506ms
[434.744s][info][gc,marking  ] GC(170) Concurrent Mark (434.744s)
[434.744s][info][gc,marking  ] GC(170) Concurrent Mark From Roots
[434.744s][info][gc,task     ] GC(170) Using 2 workers of 2 for marking
[434.785s][info][gc,marking  ] GC(170) Concurrent Mark From Roots 40.958ms
[434.785s][info][gc,marking  ] GC(170) Concurrent Preclean
[434.785s][info][gc,marking  ] GC(170) Concurrent Preclean 0.078ms
[434.785s][info][gc,marking  ] GC(170) Concurrent Mark (434.744s, 434.785s) 41.118ms
[434.786s][info][gc,start    ] GC(170) Pause Remark
[434.788s][info][gc          ] GC(170) Pause Remark 37M->37M(74M) 2.129ms
[434.788s][info][gc,cpu      ] GC(170) User=0.01s Sys=0.00s Real=0.00s
[434.788s][info][gc,marking  ] GC(170) Concurrent Rebuild Remembered Sets
[434.818s][info][gc,marking  ] GC(170) Concurrent Rebuild Remembered Sets 30.169ms
[434.818s][info][gc,start    ] GC(170) Pause Cleanup
[434.819s][info][gc          ] GC(170) Pause Cleanup 40M->40M(74M) 0.084ms
[434.819s][info][gc,cpu      ] GC(170) User=0.00s Sys=0.00s Real=0.00s
[434.819s][info][gc,marking  ] GC(170) Concurrent Cleanup for Next Mark
[434.819s][info][gc,marking  ] GC(170) Concurrent Cleanup for Next Mark 0.223ms
[434.819s][info][gc          ] GC(170) Concurrent Cycle 76.156ms
[434.957s][info][gc,start    ] GC(171) Pause Young (Normal) (G1 Evacuation Pause)
[434.957s][info][gc,task     ] GC(171) Using 8 workers of 8 for evacuation
[434.957s][info][gc,phases   ] GC(171)   Pre Evacuate Collection Set: 0.0ms
[434.957s][info][gc,phases   ] GC(171)   Merge Heap Roots: 0.0ms
[434.957s][info][gc,phases   ] GC(171)   Evacuate Collection Set: 0.5ms
[434.957s][info][gc,phases   ] GC(171)   Post Evacuate Collection Set: 0.2ms
[434.957s][info][gc,phases   ] GC(171)   Other: 0.2ms
[434.958s][info][gc,heap     ] GC(171) Eden regions: 28->0(28)
[434.958s][info][gc,heap     ] GC(171) Survivor regions: 1->1(4)
[434.958s][info][gc,heap     ] GC(171) Old regions: 34->34
[434.958s][info][gc,heap     ] GC(171) Archive regions: 2->2
[434.958s][info][gc,heap     ] GC(171) Humongous regions: 0->0
[434.958s][info][gc,metaspace] GC(171) Metaspace: 46750K(47824K)->46750K(47824K) NonClass: 41098K(41808K)->41098K(41808K) Class: 5652K(6016K)->5652K(6016K)
[434.958s][info][gc          ] GC(171) Pause Young (Normal) (G1 Evacuation Pause) 62M->34M(74M) 0.994ms
[434.958s][info][gc,cpu      ] GC(171) User=0.00s Sys=0.00s Real=0.00s
[435.139s][info][gc,start    ] GC(172) Pause Young (Concurrent Start) (G1 Evacuation Pause)
[435.139s][info][gc,task     ] GC(172) Using 8 workers of 8 for evacuation
[435.141s][info][gc,phases   ] GC(172)   Pre Evacuate Collection Set: 0.2ms
[435.141s][info][gc,phases   ] GC(172)   Merge Heap Roots: 0.1ms
[435.141s][info][gc,phases   ] GC(172)   Evacuate Collection Set: 1.8ms
[435.141s][info][gc,phases   ] GC(172)   Post Evacuate Collection Set: 0.4ms
[435.141s][info][gc,phases   ] GC(172)   Other: 0.4ms
[435.141s][info][gc,heap     ] GC(172) Eden regions: 28->0(28)
[435.141s][info][gc,heap     ] GC(172) Survivor regions: 1->1(4)
[435.141s][info][gc,heap     ] GC(172) Old regions: 34->34
[435.141s][info][gc,heap     ] GC(172) Archive regions: 2->2
[435.141s][info][gc,heap     ] GC(172) Humongous regions: 0->0
[435.141s][info][gc,metaspace] GC(172) Metaspace: 46750K(47824K)->46750K(47824K) NonClass: 41098K(41808K)->41098K(41808K) Class: 5652K(6016K)->5652K(6016K)
[435.141s][info][gc          ] GC(172) Pause Young (Concurrent Start) (G1 Evacuation Pause) 62M->34M(74M) 2.868ms
[435.142s][info][gc,cpu      ] GC(172) User=0.01s Sys=0.00s Real=0.00s
[435.142s][info][gc          ] GC(173) Concurrent Cycle
[435.142s][info][gc,marking  ] GC(173) Concurrent Clear Claimed Marks
[435.142s][info][gc,marking  ] GC(173) Concurrent Clear Claimed Marks 0.092ms
[435.142s][info][gc,marking  ] GC(173) Concurrent Scan Root Regions
[435.143s][info][gc,marking  ] GC(173) Concurrent Scan Root Regions 1.186ms
[435.143s][info][gc,marking  ] GC(173) Concurrent Mark (435.143s)
[435.143s][info][gc,marking  ] GC(173) Concurrent Mark From Roots
[435.143s][info][gc,task     ] GC(173) Using 2 workers of 2 for marking
[435.175s][info][gc,marking  ] GC(173) Concurrent Mark From Roots 31.624ms
[435.175s][info][gc,marking  ] GC(173) Concurrent Preclean
[435.175s][info][gc,marking  ] GC(173) Concurrent Preclean 0.084ms
[435.175s][info][gc,marking  ] GC(173) Concurrent Mark (435.143s, 435.175s) 31.782ms
[435.176s][info][gc,start    ] GC(173) Pause Remark
[435.178s][info][gc          ] GC(173) Pause Remark 37M->37M(74M) 2.215ms
[435.178s][info][gc,cpu      ] GC(173) User=0.01s Sys=0.00s Real=0.00s
[435.178s][info][gc,marking  ] GC(173) Concurrent Rebuild Remembered Sets
[435.195s][info][gc,marking  ] GC(173) Concurrent Rebuild Remembered Sets 17.656ms
[435.196s][info][gc,start    ] GC(173) Pause Cleanup
[435.196s][info][gc          ] GC(173) Pause Cleanup 39M->39M(74M) 0.081ms
[435.196s][info][gc,cpu      ] GC(173) User=0.00s Sys=0.00s Real=0.00s
[435.196s][info][gc,marking  ] GC(173) Concurrent Cleanup for Next Mark
[435.196s][info][gc,marking  ] GC(173) Concurrent Cleanup for Next Mark 0.208ms
[435.196s][info][gc          ] GC(173) Concurrent Cycle 54.480ms
[435.400s][info][gc,start    ] GC(174) Pause Young (Normal) (G1 Evacuation Pause)
[435.400s][info][gc,task     ] GC(174) Using 8 workers of 8 for evacuation
[435.402s][info][gc,phases   ] GC(174)   Pre Evacuate Collection Set: 0.1ms
[435.402s][info][gc,phases   ] GC(174)   Merge Heap Roots: 0.1ms
[435.402s][info][gc,phases   ] GC(174)   Evacuate Collection Set: 0.7ms
[435.402s][info][gc,phases   ] GC(174)   Post Evacuate Collection Set: 0.3ms
[435.402s][info][gc,phases   ] GC(174)   Other: 0.2ms
[435.402s][info][gc,heap     ] GC(174) Eden regions: 28->0(28)
[435.402s][info][gc,heap     ] GC(174) Survivor regions: 1->1(4)
[435.402s][info][gc,heap     ] GC(174) Old regions: 34->34
[435.402s][info][gc,heap     ] GC(174) Archive regions: 2->2
[435.402s][info][gc,heap     ] GC(174) Humongous regions: 0->0
[435.402s][info][gc,metaspace] GC(174) Metaspace: 46750K(47824K)->46750K(47824K) NonClass: 41098K(41808K)->41098K(41808K) Class: 5652K(6016K)->5652K(6016K)
[435.402s][info][gc          ] GC(174) Pause Young (Normal) (G1 Evacuation Pause) 62M->34M(74M) 1.463ms
[435.402s][info][gc,cpu      ] GC(174) User=0.01s Sys=0.00s Real=0.00s
[435.552s][info][gc,start    ] GC(175) Pause Young (Concurrent Start) (G1 Evacuation Pause)
[435.552s][info][gc,task     ] GC(175) Using 8 workers of 8 for evacuation
[435.554s][info][gc,phases   ] GC(175)   Pre Evacuate Collection Set: 0.1ms
[435.554s][info][gc,phases   ] GC(175)   Merge Heap Roots: 0.1ms
[435.554s][info][gc,phases   ] GC(175)   Evacuate Collection Set: 0.8ms
[435.554s][info][gc,phases   ] GC(175)   Post Evacuate Collection Set: 0.2ms
[435.554s][info][gc,phases   ] GC(175)   Other: 0.2ms
[435.554s][info][gc,heap     ] GC(175) Eden regions: 28->0(28)
[435.554s][info][gc,heap     ] GC(175) Survivor regions: 1->1(4)
[435.554s][info][gc,heap     ] GC(175) Old regions: 34->34
[435.554s][info][gc,heap     ] GC(175) Archive regions: 2->2
[435.554s][info][gc,heap     ] GC(175) Humongous regions: 0->0
[435.554s][info][gc,metaspace] GC(175) Metaspace: 46750K(47824K)->46750K(47824K) NonClass: 41098K(41808K)->41098K(41808K) Class: 5652K(6016K)->5652K(6016K)
[435.554s][info][gc          ] GC(175) Pause Young (Concurrent Start) (G1 Evacuation Pause) 62M->34M(74M) 1.491ms
[435.554s][info][gc,cpu      ] GC(175) User=0.00s Sys=0.00s Real=0.01s
[435.554s][info][gc          ] GC(176) Concurrent Cycle
[435.554s][info][gc,marking  ] GC(176) Concurrent Clear Claimed Marks
[435.554s][info][gc,marking  ] GC(176) Concurrent Clear Claimed Marks 0.058ms
[435.554s][info][gc,marking  ] GC(176) Concurrent Scan Root Regions
[435.555s][info][gc,marking  ] GC(176) Concurrent Scan Root Regions 0.719ms
[435.555s][info][gc,marking  ] GC(176) Concurrent Mark (435.555s)
[435.555s][info][gc,marking  ] GC(176) Concurrent Mark From Roots
[435.555s][info][gc,task     ] GC(176) Using 2 workers of 2 for marking
[435.585s][info][gc,marking  ] GC(176) Concurrent Mark From Roots 30.622ms
[435.585s][info][gc,marking  ] GC(176) Concurrent Preclean
[435.586s][info][gc,marking  ] GC(176) Concurrent Preclean 0.155ms
[435.586s][info][gc,marking  ] GC(176) Concurrent Mark (435.555s, 435.586s) 30.886ms
[435.586s][info][gc,start    ] GC(176) Pause Remark
[435.588s][info][gc          ] GC(176) Pause Remark 38M->38M(74M) 2.070ms
[435.588s][info][gc,cpu      ] GC(176) User=0.01s Sys=0.00s Real=0.00s
[435.589s][info][gc,marking  ] GC(176) Concurrent Rebuild Remembered Sets
[435.610s][info][gc,marking  ] GC(176) Concurrent Rebuild Remembered Sets 21.510ms
[435.610s][info][gc,start    ] GC(176) Pause Cleanup
[435.611s][info][gc          ] GC(176) Pause Cleanup 41M->41M(74M) 0.106ms
[435.611s][info][gc,cpu      ] GC(176) User=0.00s Sys=0.00s Real=0.00s
[435.611s][info][gc,marking  ] GC(176) Concurrent Cleanup for Next Mark
[435.611s][info][gc,marking  ] GC(176) Concurrent Cleanup for Next Mark 0.150ms
[435.611s][info][gc          ] GC(176) Concurrent Cycle 56.935ms
[435.790s][info][gc,start    ] GC(177) Pause Young (Normal) (G1 Evacuation Pause)
[435.790s][info][gc,task     ] GC(177) Using 8 workers of 8 for evacuation
[435.791s][info][gc,phases   ] GC(177)   Pre Evacuate Collection Set: 0.1ms
[435.791s][info][gc,phases   ] GC(177)   Merge Heap Roots: 0.0ms
[435.791s][info][gc,phases   ] GC(177)   Evacuate Collection Set: 0.6ms
[435.791s][info][gc,phases   ] GC(177)   Post Evacuate Collection Set: 0.3ms
[435.791s][info][gc,phases   ] GC(177)   Other: 0.2ms
[435.791s][info][gc,heap     ] GC(177) Eden regions: 28->0(28)
[435.791s][info][gc,heap     ] GC(177) Survivor regions: 1->1(4)
[435.791s][info][gc,heap     ] GC(177) Old regions: 34->34
[435.791s][info][gc,heap     ] GC(177) Archive regions: 2->2
[435.791s][info][gc,heap     ] GC(177) Humongous regions: 0->0
[435.791s][info][gc,metaspace] GC(177) Metaspace: 46750K(47824K)->46750K(47824K) NonClass: 41098K(41808K)->41098K(41808K) Class: 5652K(6016K)->5652K(6016K)
[435.792s][info][gc          ] GC(177) Pause Young (Normal) (G1 Evacuation Pause) 62M->34M(74M) 1.312ms
[435.792s][info][gc,cpu      ] GC(177) User=0.00s Sys=0.00s Real=0.00s
[436.030s][info][gc,start    ] GC(178) Pause Young (Concurrent Start) (G1 Evacuation Pause)
[436.030s][info][gc,task     ] GC(178) Using 8 workers of 8 for evacuation
[436.031s][info][gc,phases   ] GC(178)   Pre Evacuate Collection Set: 0.1ms
[436.031s][info][gc,phases   ] GC(178)   Merge Heap Roots: 0.0ms
[436.031s][info][gc,phases   ] GC(178)   Evacuate Collection Set: 0.6ms
[436.031s][info][gc,phases   ] GC(178)   Post Evacuate Collection Set: 0.2ms
[436.031s][info][gc,phases   ] GC(178)   Other: 0.1ms
[436.031s][info][gc,heap     ] GC(178) Eden regions: 28->0(28)
[436.031s][info][gc,heap     ] GC(178) Survivor regions: 1->1(4)
[436.031s][info][gc,heap     ] GC(178) Old regions: 34->34
[436.031s][info][gc,heap     ] GC(178) Archive regions: 2->2
[436.031s][info][gc,heap     ] GC(178) Humongous regions: 0->0
[436.031s][info][gc,metaspace] GC(178) Metaspace: 46750K(47824K)->46750K(47824K) NonClass: 41098K(41808K)->41098K(41808K) Class: 5652K(6016K)->5652K(6016K)
[436.031s][info][gc          ] GC(178) Pause Young (Concurrent Start) (G1 Evacuation Pause) 62M->34M(74M) 1.095ms
[436.031s][info][gc,cpu      ] GC(178) User=0.00s Sys=0.00s Real=0.00s
[436.031s][info][gc          ] GC(179) Concurrent Cycle
[436.031s][info][gc,marking  ] GC(179) Concurrent Clear Claimed Marks
[436.031s][info][gc,marking  ] GC(179) Concurrent Clear Claimed Marks 0.034ms
[436.031s][info][gc,marking  ] GC(179) Concurrent Scan Root Regions
[436.032s][info][gc,marking  ] GC(179) Concurrent Scan Root Regions 0.636ms
[436.032s][info][gc,marking  ] GC(179) Concurrent Mark (436.032s)
[436.032s][info][gc,marking  ] GC(179) Concurrent Mark From Roots
[436.032s][info][gc,task     ] GC(179) Using 2 workers of 2 for marking
[436.065s][info][gc,marking  ] GC(179) Concurrent Mark From Roots 33.505ms
[436.065s][info][gc,marking  ] GC(179) Concurrent Preclean
[436.065s][info][gc,marking  ] GC(179) Concurrent Preclean 0.083ms
[436.065s][info][gc,marking  ] GC(179) Concurrent Mark (436.032s, 436.065s) 33.658ms
[436.066s][info][gc,start    ] GC(179) Pause Remark
[436.068s][info][gc          ] GC(179) Pause Remark 37M->37M(74M) 2.549ms
[436.068s][info][gc,cpu      ] GC(179) User=0.01s Sys=0.01s Real=0.00s
[436.068s][info][gc,marking  ] GC(179) Concurrent Rebuild Remembered Sets
[436.087s][info][gc,marking  ] GC(179) Concurrent Rebuild Remembered Sets 18.264ms
[436.087s][info][gc,start    ] GC(179) Pause Cleanup
[436.087s][info][gc          ] GC(179) Pause Cleanup 37M->37M(74M) 0.110ms
[436.087s][info][gc,cpu      ] GC(179) User=0.00s Sys=0.00s Real=0.00s
[436.087s][info][gc,marking  ] GC(179) Concurrent Cleanup for Next Mark
[436.087s][info][gc,marking  ] GC(179) Concurrent Cleanup for Next Mark 0.125ms
[436.087s][info][gc          ] GC(179) Concurrent Cycle 56.164ms
[436.256s][info][gc,start    ] GC(180) Pause Young (Normal) (G1 Evacuation Pause)
[436.256s][info][gc,task     ] GC(180) Using 8 workers of 8 for evacuation
[436.257s][info][gc,phases   ] GC(180)   Pre Evacuate Collection Set: 0.1ms
[436.257s][info][gc,phases   ] GC(180)   Merge Heap Roots: 0.0ms
[436.257s][info][gc,phases   ] GC(180)   Evacuate Collection Set: 0.5ms
[436.257s][info][gc,phases   ] GC(180)   Post Evacuate Collection Set: 0.2ms
[436.257s][info][gc,phases   ] GC(180)   Other: 0.1ms
[436.257s][info][gc,heap     ] GC(180) Eden regions: 28->0(28)
[436.257s][info][gc,heap     ] GC(180) Survivor regions: 1->1(4)
[436.257s][info][gc,heap     ] GC(180) Old regions: 34->34
[436.257s][info][gc,heap     ] GC(180) Archive regions: 2->2
[436.257s][info][gc,heap     ] GC(180) Humongous regions: 0->0
[436.257s][info][gc,metaspace] GC(180) Metaspace: 46750K(47824K)->46750K(47824K) NonClass: 41098K(41808K)->41098K(41808K) Class: 5652K(6016K)->5652K(6016K)
[436.257s][info][gc          ] GC(180) Pause Young (Normal) (G1 Evacuation Pause) 62M->34M(74M) 0.981ms
[436.257s][info][gc,cpu      ] GC(180) User=0.00s Sys=0.00s Real=0.00s
[436.435s][info][gc,start    ] GC(181) Pause Young (Concurrent Start) (G1 Evacuation Pause)
[436.435s][info][gc,task     ] GC(181) Using 8 workers of 8 for evacuation
[436.437s][info][gc,phases   ] GC(181)   Pre Evacuate Collection Set: 0.1ms
[436.437s][info][gc,phases   ] GC(181)   Merge Heap Roots: 0.0ms
[436.437s][info][gc,phases   ] GC(181)   Evacuate Collection Set: 0.7ms
[436.437s][info][gc,phases   ] GC(181)   Post Evacuate Collection Set: 0.4ms
[436.437s][info][gc,phases   ] GC(181)   Other: 0.3ms
[436.437s][info][gc,heap     ] GC(181) Eden regions: 28->0(28)
[436.437s][info][gc,heap     ] GC(181) Survivor regions: 1->1(4)
[436.437s][info][gc,heap     ] GC(181) Old regions: 34->34
[436.437s][info][gc,heap     ] GC(181) Archive regions: 2->2
[436.437s][info][gc,heap     ] GC(181) Humongous regions: 0->0
[436.437s][info][gc,metaspace] GC(181) Metaspace: 46751K(47824K)->46751K(47824K) NonClass: 41098K(41808K)->41098K(41808K) Class: 5652K(6016K)->5652K(6016K)
[436.437s][info][gc          ] GC(181) Pause Young (Concurrent Start) (G1 Evacuation Pause) 62M->34M(74M) 1.740ms
[436.437s][info][gc,cpu      ] GC(181) User=0.00s Sys=0.00s Real=0.00s
[436.437s][info][gc          ] GC(182) Concurrent Cycle
[436.437s][info][gc,marking  ] GC(182) Concurrent Clear Claimed Marks
[436.437s][info][gc,marking  ] GC(182) Concurrent Clear Claimed Marks 0.073ms
[436.437s][info][gc,marking  ] GC(182) Concurrent Scan Root Regions
[436.438s][info][gc,marking  ] GC(182) Concurrent Scan Root Regions 1.181ms
[436.438s][info][gc,marking  ] GC(182) Concurrent Mark (436.438s)
[436.438s][info][gc,marking  ] GC(182) Concurrent Mark From Roots
[436.438s][info][gc,task     ] GC(182) Using 2 workers of 2 for marking
[436.470s][info][gc,marking  ] GC(182) Concurrent Mark From Roots 31.415ms
[436.470s][info][gc,marking  ] GC(182) Concurrent Preclean
[436.470s][info][gc,marking  ] GC(182) Concurrent Preclean 0.092ms
[436.470s][info][gc,marking  ] GC(182) Concurrent Mark (436.438s, 436.470s) 31.587ms
[436.470s][info][gc,start    ] GC(182) Pause Remark
[436.472s][info][gc          ] GC(182) Pause Remark 38M->38M(74M) 2.001ms
[436.472s][info][gc,cpu      ] GC(182) User=0.01s Sys=0.00s Real=0.00s
[436.472s][info][gc,marking  ] GC(182) Concurrent Rebuild Remembered Sets
[436.491s][info][gc,marking  ] GC(182) Concurrent Rebuild Remembered Sets 18.477ms
[436.491s][info][gc,start    ] GC(182) Pause Cleanup
[436.491s][info][gc          ] GC(182) Pause Cleanup 40M->40M(74M) 0.077ms
[436.491s][info][gc,cpu      ] GC(182) User=0.00s Sys=0.00s Real=0.00s
[436.491s][info][gc,marking  ] GC(182) Concurrent Cleanup for Next Mark
[436.491s][info][gc,marking  ] GC(182) Concurrent Cleanup for Next Mark 0.169ms
[436.491s][info][gc          ] GC(182) Concurrent Cycle 54.241ms
[436.606s][info][gc,start    ] GC(183) Pause Young (Normal) (G1 Evacuation Pause)
[436.606s][info][gc,task     ] GC(183) Using 8 workers of 8 for evacuation
[436.607s][info][gc,phases   ] GC(183)   Pre Evacuate Collection Set: 0.0ms
[436.607s][info][gc,phases   ] GC(183)   Merge Heap Roots: 0.0ms
[436.607s][info][gc,phases   ] GC(183)   Evacuate Collection Set: 0.6ms
[436.607s][info][gc,phases   ] GC(183)   Post Evacuate Collection Set: 0.2ms
[436.607s][info][gc,phases   ] GC(183)   Other: 0.2ms
[436.607s][info][gc,heap     ] GC(183) Eden regions: 28->0(28)
[436.607s][info][gc,heap     ] GC(183) Survivor regions: 1->1(4)
[436.607s][info][gc,heap     ] GC(183) Old regions: 34->34
[436.607s][info][gc,heap     ] GC(183) Archive regions: 2->2
[436.607s][info][gc,heap     ] GC(183) Humongous regions: 0->0
[436.607s][info][gc,metaspace] GC(183) Metaspace: 46755K(47824K)->46755K(47824K) NonClass: 41102K(41808K)->41102K(41808K) Class: 5652K(6016K)->5652K(6016K)
[436.607s][info][gc          ] GC(183) Pause Young (Normal) (G1 Evacuation Pause) 62M->34M(74M) 1.213ms
[436.607s][info][gc,cpu      ] GC(183) User=0.00s Sys=0.00s Real=0.00s
[436.762s][info][gc,start    ] GC(184) Pause Young (Concurrent Start) (G1 Evacuation Pause)
[436.762s][info][gc,task     ] GC(184) Using 8 workers of 8 for evacuation
[436.764s][info][gc,phases   ] GC(184)   Pre Evacuate Collection Set: 0.1ms
[436.764s][info][gc,phases   ] GC(184)   Merge Heap Roots: 0.0ms
[436.764s][info][gc,phases   ] GC(184)   Evacuate Collection Set: 0.7ms
[436.764s][info][gc,phases   ] GC(184)   Post Evacuate Collection Set: 0.2ms
[436.764s][info][gc,phases   ] GC(184)   Other: 0.2ms
[436.764s][info][gc,heap     ] GC(184) Eden regions: 28->0(28)
[436.764s][info][gc,heap     ] GC(184) Survivor regions: 1->1(4)
[436.764s][info][gc,heap     ] GC(184) Old regions: 34->34
[436.764s][info][gc,heap     ] GC(184) Archive regions: 2->2
[436.764s][info][gc,heap     ] GC(184) Humongous regions: 0->0
[436.764s][info][gc,metaspace] GC(184) Metaspace: 46765K(47824K)->46765K(47824K) NonClass: 41113K(41808K)->41113K(41808K) Class: 5652K(6016K)->5652K(6016K)
[436.764s][info][gc          ] GC(184) Pause Young (Concurrent Start) (G1 Evacuation Pause) 62M->34M(74M) 1.383ms
[436.764s][info][gc,cpu      ] GC(184) User=0.00s Sys=0.00s Real=0.01s
[436.764s][info][gc          ] GC(185) Concurrent Cycle
[436.764s][info][gc,marking  ] GC(185) Concurrent Clear Claimed Marks
[436.764s][info][gc,marking  ] GC(185) Concurrent Clear Claimed Marks 0.074ms
[436.764s][info][gc,marking  ] GC(185) Concurrent Scan Root Regions
[436.766s][info][gc,marking  ] GC(185) Concurrent Scan Root Regions 2.028ms
[436.766s][info][gc,marking  ] GC(185) Concurrent Mark (436.766s)
[436.766s][info][gc,marking  ] GC(185) Concurrent Mark From Roots
[436.766s][info][gc,task     ] GC(185) Using 2 workers of 2 for marking
[436.815s][info][gc,marking  ] GC(185) Concurrent Mark From Roots 48.710ms
[436.815s][info][gc,marking  ] GC(185) Concurrent Preclean
[436.815s][info][gc,marking  ] GC(185) Concurrent Preclean 0.091ms
[436.815s][info][gc,marking  ] GC(185) Concurrent Mark (436.766s, 436.815s) 48.875ms
[436.815s][info][gc,start    ] GC(185) Pause Remark
[436.817s][info][gc          ] GC(185) Pause Remark 40M->40M(74M) 1.837ms
[436.817s][info][gc,cpu      ] GC(185) User=0.01s Sys=0.00s Real=0.00s
[436.817s][info][gc,marking  ] GC(185) Concurrent Rebuild Remembered Sets
[436.834s][info][gc,marking  ] GC(185) Concurrent Rebuild Remembered Sets 16.895ms
[436.834s][info][gc,start    ] GC(185) Pause Cleanup
[436.835s][info][gc          ] GC(185) Pause Cleanup 43M->43M(74M) 0.082ms
[436.835s][info][gc,cpu      ] GC(185) User=0.00s Sys=0.00s Real=0.00s
[436.835s][info][gc,marking  ] GC(185) Concurrent Cleanup for Next Mark
[436.835s][info][gc,marking  ] GC(185) Concurrent Cleanup for Next Mark 0.180ms
[436.835s][info][gc          ] GC(185) Concurrent Cycle 71.106ms
[436.963s][info][gc,start    ] GC(186) Pause Young (Normal) (G1 Evacuation Pause)
[436.963s][info][gc,task     ] GC(186) Using 8 workers of 8 for evacuation
[436.964s][info][gc,phases   ] GC(186)   Pre Evacuate Collection Set: 0.1ms
[436.964s][info][gc,phases   ] GC(186)   Merge Heap Roots: 0.0ms
[436.964s][info][gc,phases   ] GC(186)   Evacuate Collection Set: 0.6ms
[436.964s][info][gc,phases   ] GC(186)   Post Evacuate Collection Set: 0.3ms
[436.964s][info][gc,phases   ] GC(186)   Other: 0.2ms
[436.964s][info][gc,heap     ] GC(186) Eden regions: 28->0(28)
[436.964s][info][gc,heap     ] GC(186) Survivor regions: 1->1(4)
[436.964s][info][gc,heap     ] GC(186) Old regions: 34->34
[436.964s][info][gc,heap     ] GC(186) Archive regions: 2->2
[436.965s][info][gc,heap     ] GC(186) Humongous regions: 0->0
[436.965s][info][gc,metaspace] GC(186) Metaspace: 46765K(47824K)->46765K(47824K) NonClass: 41113K(41808K)->41113K(41808K) Class: 5652K(6016K)->5652K(6016K)
[436.965s][info][gc          ] GC(186) Pause Young (Normal) (G1 Evacuation Pause) 62M->34M(74M) 1.492ms
[436.965s][info][gc,cpu      ] GC(186) User=0.00s Sys=0.00s Real=0.00s
[437.134s][info][gc,start    ] GC(187) Pause Young (Concurrent Start) (G1 Evacuation Pause)
[437.134s][info][gc,task     ] GC(187) Using 8 workers of 8 for evacuation
[437.135s][info][gc,phases   ] GC(187)   Pre Evacuate Collection Set: 0.1ms
[437.135s][info][gc,phases   ] GC(187)   Merge Heap Roots: 0.0ms
[437.135s][info][gc,phases   ] GC(187)   Evacuate Collection Set: 0.8ms
[437.135s][info][gc,phases   ] GC(187)   Post Evacuate Collection Set: 0.2ms
[437.135s][info][gc,phases   ] GC(187)   Other: 0.1ms
[437.135s][info][gc,heap     ] GC(187) Eden regions: 28->0(28)
[437.135s][info][gc,heap     ] GC(187) Survivor regions: 1->1(4)
[437.135s][info][gc,heap     ] GC(187) Old regions: 34->34
[437.135s][info][gc,heap     ] GC(187) Archive regions: 2->2
[437.135s][info][gc,heap     ] GC(187) Humongous regions: 0->0
[437.135s][info][gc,metaspace] GC(187) Metaspace: 46765K(47824K)->46765K(47824K) NonClass: 41113K(41808K)->41113K(41808K) Class: 5652K(6016K)->5652K(6016K)
[437.135s][info][gc          ] GC(187) Pause Young (Concurrent Start) (G1 Evacuation Pause) 62M->34M(74M) 1.372ms
[437.135s][info][gc,cpu      ] GC(187) User=0.01s Sys=0.00s Real=0.00s
[437.135s][info][gc          ] GC(188) Concurrent Cycle
[437.135s][info][gc,marking  ] GC(188) Concurrent Clear Claimed Marks
[437.135s][info][gc,marking  ] GC(188) Concurrent Clear Claimed Marks 0.038ms
[437.135s][info][gc,marking  ] GC(188) Concurrent Scan Root Regions
[437.136s][info][gc,marking  ] GC(188) Concurrent Scan Root Regions 0.626ms
[437.136s][info][gc,marking  ] GC(188) Concurrent Mark (437.136s)
[437.136s][info][gc,marking  ] GC(188) Concurrent Mark From Roots
[437.136s][info][gc,task     ] GC(188) Using 2 workers of 2 for marking
[437.165s][info][gc,marking  ] GC(188) Concurrent Mark From Roots 28.635ms
[437.165s][info][gc,marking  ] GC(188) Concurrent Preclean
[437.165s][info][gc,marking  ] GC(188) Concurrent Preclean 0.080ms
[437.165s][info][gc,marking  ] GC(188) Concurrent Mark (437.136s, 437.165s) 28.797ms
[437.165s][info][gc,start    ] GC(188) Pause Remark
[437.167s][info][gc          ] GC(188) Pause Remark 38M->38M(74M) 1.841ms
[437.167s][info][gc,cpu      ] GC(188) User=0.01s Sys=0.00s Real=0.00s
[437.167s][info][gc,marking  ] GC(188) Concurrent Rebuild Remembered Sets
[437.184s][info][gc,marking  ] GC(188) Concurrent Rebuild Remembered Sets 16.959ms
[437.184s][info][gc,start    ] GC(188) Pause Cleanup
[437.185s][info][gc          ] GC(188) Pause Cleanup 40M->40M(74M) 0.140ms
[437.185s][info][gc,cpu      ] GC(188) User=0.00s Sys=0.00s Real=0.00s
[437.185s][info][gc,marking  ] GC(188) Concurrent Cleanup for Next Mark
[437.185s][info][gc,marking  ] GC(188) Concurrent Cleanup for Next Mark 0.214ms
[437.185s][info][gc          ] GC(188) Concurrent Cycle 49.494ms
[437.319s][info][gc,start    ] GC(189) Pause Young (Normal) (G1 Evacuation Pause)
[437.319s][info][gc,task     ] GC(189) Using 8 workers of 8 for evacuation
[437.321s][info][gc,phases   ] GC(189)   Pre Evacuate Collection Set: 0.1ms
[437.321s][info][gc,phases   ] GC(189)   Merge Heap Roots: 0.0ms
[437.321s][info][gc,phases   ] GC(189)   Evacuate Collection Set: 0.5ms
[437.321s][info][gc,phases   ] GC(189)   Post Evacuate Collection Set: 0.4ms
[437.321s][info][gc,phases   ] GC(189)   Other: 0.2ms
[437.321s][info][gc,heap     ] GC(189) Eden regions: 28->0(28)
[437.321s][info][gc,heap     ] GC(189) Survivor regions: 1->1(4)
[437.321s][info][gc,heap     ] GC(189) Old regions: 34->34
[437.321s][info][gc,heap     ] GC(189) Archive regions: 2->2
[437.321s][info][gc,heap     ] GC(189) Humongous regions: 0->0
[437.321s][info][gc,metaspace] GC(189) Metaspace: 46765K(47824K)->46765K(47824K) NonClass: 41113K(41808K)->41113K(41808K) Class: 5652K(6016K)->5652K(6016K)
[437.321s][info][gc          ] GC(189) Pause Young (Normal) (G1 Evacuation Pause) 62M->34M(74M) 1.370ms
[437.321s][info][gc,cpu      ] GC(189) User=0.00s Sys=0.00s Real=0.00s
[437.496s][info][gc,start    ] GC(190) Pause Young (Concurrent Start) (G1 Evacuation Pause)
[437.496s][info][gc,task     ] GC(190) Using 8 workers of 8 for evacuation
[437.497s][info][gc,phases   ] GC(190)   Pre Evacuate Collection Set: 0.1ms
[437.497s][info][gc,phases   ] GC(190)   Merge Heap Roots: 0.0ms
[437.498s][info][gc,phases   ] GC(190)   Evacuate Collection Set: 0.6ms
[437.498s][info][gc,phases   ] GC(190)   Post Evacuate Collection Set: 0.2ms
[437.498s][info][gc,phases   ] GC(190)   Other: 0.1ms
[437.498s][info][gc,heap     ] GC(190) Eden regions: 28->0(28)
[437.498s][info][gc,heap     ] GC(190) Survivor regions: 1->1(4)
[437.498s][info][gc,heap     ] GC(190) Old regions: 34->34
[437.498s][info][gc,heap     ] GC(190) Archive regions: 2->2
[437.498s][info][gc,heap     ] GC(190) Humongous regions: 0->0
[437.498s][info][gc,metaspace] GC(190) Metaspace: 46765K(47824K)->46765K(47824K) NonClass: 41113K(41808K)->41113K(41808K) Class: 5652K(6016K)->5652K(6016K)
[437.498s][info][gc          ] GC(190) Pause Young (Concurrent Start) (G1 Evacuation Pause) 62M->34M(74M) 1.142ms
[437.498s][info][gc,cpu      ] GC(190) User=0.00s Sys=0.00s Real=0.00s
[437.498s][info][gc          ] GC(191) Concurrent Cycle
[437.498s][info][gc,marking  ] GC(191) Concurrent Clear Claimed Marks
[437.498s][info][gc,marking  ] GC(191) Concurrent Clear Claimed Marks 0.025ms
[437.498s][info][gc,marking  ] GC(191) Concurrent Scan Root Regions
[437.498s][info][gc,marking  ] GC(191) Concurrent Scan Root Regions 0.633ms
[437.498s][info][gc,marking  ] GC(191) Concurrent Mark (437.498s)
[437.498s][info][gc,marking  ] GC(191) Concurrent Mark From Roots
[437.498s][info][gc,task     ] GC(191) Using 2 workers of 2 for marking
[437.528s][info][gc,marking  ] GC(191) Concurrent Mark From Roots 29.788ms
[437.528s][info][gc,marking  ] GC(191) Concurrent Preclean
[437.528s][info][gc,marking  ] GC(191) Concurrent Preclean 0.084ms
[437.528s][info][gc,marking  ] GC(191) Concurrent Mark (437.498s, 437.528s) 29.943ms
[437.529s][info][gc,start    ] GC(191) Pause Remark
[437.531s][info][gc          ] GC(191) Pause Remark 38M->38M(74M) 2.220ms
[437.531s][info][gc,cpu      ] GC(191) User=0.01s Sys=0.00s Real=0.00s
[437.534s][info][gc,marking  ] GC(191) Concurrent Rebuild Remembered Sets
[437.551s][info][gc,marking  ] GC(191) Concurrent Rebuild Remembered Sets 17.311ms
[437.551s][info][gc,start    ] GC(191) Pause Cleanup
[437.551s][info][gc          ] GC(191) Pause Cleanup 40M->40M(74M) 0.098ms
[437.551s][info][gc,cpu      ] GC(191) User=0.00s Sys=0.00s Real=0.00s
[437.551s][info][gc,marking  ] GC(191) Concurrent Cleanup for Next Mark
[437.552s][info][gc,marking  ] GC(191) Concurrent Cleanup for Next Mark 0.176ms
[437.552s][info][gc          ] GC(191) Concurrent Cycle 54.002ms
[437.691s][info][gc,start    ] GC(192) Pause Young (Normal) (G1 Evacuation Pause)
[437.691s][info][gc,task     ] GC(192) Using 8 workers of 8 for evacuation
[437.692s][info][gc,phases   ] GC(192)   Pre Evacuate Collection Set: 0.0ms
[437.692s][info][gc,phases   ] GC(192)   Merge Heap Roots: 0.0ms
[437.692s][info][gc,phases   ] GC(192)   Evacuate Collection Set: 0.5ms
[437.692s][info][gc,phases   ] GC(192)   Post Evacuate Collection Set: 0.2ms
[437.692s][info][gc,phases   ] GC(192)   Other: 0.1ms
[437.692s][info][gc,heap     ] GC(192) Eden regions: 28->0(28)
[437.692s][info][gc,heap     ] GC(192) Survivor regions: 1->1(4)
[437.692s][info][gc,heap     ] GC(192) Old regions: 34->34
[437.692s][info][gc,heap     ] GC(192) Archive regions: 2->2
[437.692s][info][gc,heap     ] GC(192) Humongous regions: 0->0
[437.692s][info][gc,metaspace] GC(192) Metaspace: 46765K(47824K)->46765K(47824K) NonClass: 41113K(41808K)->41113K(41808K) Class: 5652K(6016K)->5652K(6016K)
[437.692s][info][gc          ] GC(192) Pause Young (Normal) (G1 Evacuation Pause) 62M->34M(74M) 0.953ms
[437.692s][info][gc,cpu      ] GC(192) User=0.00s Sys=0.00s Real=0.00s
[437.893s][info][gc,start    ] GC(193) Pause Young (Concurrent Start) (G1 Evacuation Pause)
[437.893s][info][gc,task     ] GC(193) Using 8 workers of 8 for evacuation
[437.894s][info][gc,phases   ] GC(193)   Pre Evacuate Collection Set: 0.1ms
[437.894s][info][gc,phases   ] GC(193)   Merge Heap Roots: 0.0ms
[437.894s][info][gc,phases   ] GC(193)   Evacuate Collection Set: 0.7ms
[437.894s][info][gc,phases   ] GC(193)   Post Evacuate Collection Set: 0.2ms
[437.894s][info][gc,phases   ] GC(193)   Other: 0.2ms
[437.894s][info][gc,heap     ] GC(193) Eden regions: 28->0(28)
[437.894s][info][gc,heap     ] GC(193) Survivor regions: 1->1(4)
[437.894s][info][gc,heap     ] GC(193) Old regions: 34->34
[437.894s][info][gc,heap     ] GC(193) Archive regions: 2->2
[437.894s][info][gc,heap     ] GC(193) Humongous regions: 0->0
[437.894s][info][gc,metaspace] GC(193) Metaspace: 46765K(47824K)->46765K(47824K) NonClass: 41113K(41808K)->41113K(41808K) Class: 5652K(6016K)->5652K(6016K)
[437.894s][info][gc          ] GC(193) Pause Young (Concurrent Start) (G1 Evacuation Pause) 62M->34M(74M) 1.223ms
[437.895s][info][gc,cpu      ] GC(193) User=0.00s Sys=0.00s Real=0.00s
[437.895s][info][gc          ] GC(194) Concurrent Cycle
[437.895s][info][gc,marking  ] GC(194) Concurrent Clear Claimed Marks
[437.895s][info][gc,marking  ] GC(194) Concurrent Clear Claimed Marks 0.046ms
[437.895s][info][gc,marking  ] GC(194) Concurrent Scan Root Regions
[437.895s][info][gc,marking  ] GC(194) Concurrent Scan Root Regions 0.768ms
[437.895s][info][gc,marking  ] GC(194) Concurrent Mark (437.895s)
[437.895s][info][gc,marking  ] GC(194) Concurrent Mark From Roots
[437.895s][info][gc,task     ] GC(194) Using 2 workers of 2 for marking
[437.923s][info][gc,marking  ] GC(194) Concurrent Mark From Roots 27.678ms
[437.923s][info][gc,marking  ] GC(194) Concurrent Preclean
[437.923s][info][gc,marking  ] GC(194) Concurrent Preclean 0.080ms
[437.923s][info][gc,marking  ] GC(194) Concurrent Mark (437.895s, 437.923s) 27.856ms
[437.924s][info][gc,start    ] GC(194) Pause Remark
[437.926s][info][gc          ] GC(194) Pause Remark 37M->37M(74M) 2.079ms
[437.926s][info][gc,cpu      ] GC(194) User=0.01s Sys=0.00s Real=0.00s
[437.926s][info][gc,marking  ] GC(194) Concurrent Rebuild Remembered Sets
[437.943s][info][gc,marking  ] GC(194) Concurrent Rebuild Remembered Sets 16.959ms
[437.943s][info][gc,start    ] GC(194) Pause Cleanup
[437.943s][info][gc          ] GC(194) Pause Cleanup 40M->40M(74M) 0.088ms
[437.943s][info][gc,cpu      ] GC(194) User=0.00s Sys=0.00s Real=0.01s
[437.943s][info][gc,marking  ] GC(194) Concurrent Cleanup for Next Mark
[437.943s][info][gc,marking  ] GC(194) Concurrent Cleanup for Next Mark 0.168ms
[437.943s][info][gc          ] GC(194) Concurrent Cycle 48.722ms
[438.115s][info][gc,start    ] GC(195) Pause Young (Normal) (G1 Evacuation Pause)
[438.115s][info][gc,task     ] GC(195) Using 8 workers of 8 for evacuation
[438.116s][info][gc,phases   ] GC(195)   Pre Evacuate Collection Set: 0.1ms
[438.116s][info][gc,phases   ] GC(195)   Merge Heap Roots: 0.1ms
[438.116s][info][gc,phases   ] GC(195)   Evacuate Collection Set: 0.5ms
[438.116s][info][gc,phases   ] GC(195)   Post Evacuate Collection Set: 0.2ms
[438.116s][info][gc,phases   ] GC(195)   Other: 0.1ms
[438.116s][info][gc,heap     ] GC(195) Eden regions: 28->0(28)
[438.116s][info][gc,heap     ] GC(195) Survivor regions: 1->1(4)
[438.116s][info][gc,heap     ] GC(195) Old regions: 34->34
[438.116s][info][gc,heap     ] GC(195) Archive regions: 2->2
[438.116s][info][gc,heap     ] GC(195) Humongous regions: 0->0
[438.116s][info][gc,metaspace] GC(195) Metaspace: 46765K(47824K)->46765K(47824K) NonClass: 41113K(41808K)->41113K(41808K) Class: 5652K(6016K)->5652K(6016K)
[438.116s][info][gc          ] GC(195) Pause Young (Normal) (G1 Evacuation Pause) 62M->34M(74M) 1.110ms
[438.116s][info][gc,cpu      ] GC(195) User=0.00s Sys=0.00s Real=0.00s
[438.327s][info][gc,start    ] GC(196) Pause Young (Concurrent Start) (G1 Evacuation Pause)
[438.327s][info][gc,task     ] GC(196) Using 8 workers of 8 for evacuation
[438.329s][info][gc,phases   ] GC(196)   Pre Evacuate Collection Set: 0.2ms
[438.330s][info][gc,phases   ] GC(196)   Merge Heap Roots: 0.1ms
[438.330s][info][gc,phases   ] GC(196)   Evacuate Collection Set: 1.1ms
[438.330s][info][gc,phases   ] GC(196)   Post Evacuate Collection Set: 0.3ms
[438.330s][info][gc,phases   ] GC(196)   Other: 0.4ms
[438.330s][info][gc,heap     ] GC(196) Eden regions: 28->0(28)
[438.330s][info][gc,heap     ] GC(196) Survivor regions: 1->1(4)
[438.330s][info][gc,heap     ] GC(196) Old regions: 34->34
[438.330s][info][gc,heap     ] GC(196) Archive regions: 2->2
[438.330s][info][gc,heap     ] GC(196) Humongous regions: 0->0
[438.330s][info][gc,metaspace] GC(196) Metaspace: 46765K(47824K)->46765K(47824K) NonClass: 41113K(41808K)->41113K(41808K) Class: 5652K(6016K)->5652K(6016K)
[438.330s][info][gc          ] GC(196) Pause Young (Concurrent Start) (G1 Evacuation Pause) 62M->34M(74M) 2.442ms
[438.330s][info][gc,cpu      ] GC(196) User=0.00s Sys=0.00s Real=0.00s
[438.330s][info][gc          ] GC(197) Concurrent Cycle
[438.330s][info][gc,marking  ] GC(197) Concurrent Clear Claimed Marks
[438.330s][info][gc,marking  ] GC(197) Concurrent Clear Claimed Marks 0.098ms
[438.330s][info][gc,marking  ] GC(197) Concurrent Scan Root Regions
[438.331s][info][gc,marking  ] GC(197) Concurrent Scan Root Regions 0.955ms
[438.331s][info][gc,marking  ] GC(197) Concurrent Mark (438.331s)
[438.331s][info][gc,marking  ] GC(197) Concurrent Mark From Roots
[438.331s][info][gc,task     ] GC(197) Using 2 workers of 2 for marking
[438.360s][info][gc,marking  ] GC(197) Concurrent Mark From Roots 29.048ms
[438.360s][info][gc,marking  ] GC(197) Concurrent Preclean
[438.360s][info][gc,marking  ] GC(197) Concurrent Preclean 0.133ms
[438.360s][info][gc,marking  ] GC(197) Concurrent Mark (438.331s, 438.360s) 29.269ms
[438.361s][info][gc,start    ] GC(197) Pause Remark
[438.363s][info][gc          ] GC(197) Pause Remark 37M->37M(74M) 2.046ms
[438.363s][info][gc,cpu      ] GC(197) User=0.01s Sys=0.00s Real=0.00s
[438.363s][info][gc,marking  ] GC(197) Concurrent Rebuild Remembered Sets
[438.379s][info][gc,marking  ] GC(197) Concurrent Rebuild Remembered Sets 16.451ms
[438.380s][info][gc,start    ] GC(197) Pause Cleanup
[438.380s][info][gc          ] GC(197) Pause Cleanup 39M->39M(74M) 0.098ms
[438.380s][info][gc,cpu      ] GC(197) User=0.00s Sys=0.00s Real=0.00s
[438.380s][info][gc,marking  ] GC(197) Concurrent Cleanup for Next Mark
[438.380s][info][gc,marking  ] GC(197) Concurrent Cleanup for Next Mark 0.142ms
[438.380s][info][gc          ] GC(197) Concurrent Cycle 50.340ms
[438.510s][info][gc,start    ] GC(198) Pause Young (Normal) (G1 Evacuation Pause)
[438.510s][info][gc,task     ] GC(198) Using 8 workers of 8 for evacuation
[438.510s][info][gc,phases   ] GC(198)   Pre Evacuate Collection Set: 0.0ms
[438.510s][info][gc,phases   ] GC(198)   Merge Heap Roots: 0.0ms
[438.510s][info][gc,phases   ] GC(198)   Evacuate Collection Set: 0.5ms
[438.510s][info][gc,phases   ] GC(198)   Post Evacuate Collection Set: 0.2ms
[438.510s][info][gc,phases   ] GC(198)   Other: 0.1ms
[438.510s][info][gc,heap     ] GC(198) Eden regions: 28->0(28)
[438.510s][info][gc,heap     ] GC(198) Survivor regions: 1->1(4)
[438.510s][info][gc,heap     ] GC(198) Old regions: 34->34
[438.510s][info][gc,heap     ] GC(198) Archive regions: 2->2
[438.510s][info][gc,heap     ] GC(198) Humongous regions: 0->0
[438.510s][info][gc,metaspace] GC(198) Metaspace: 46765K(47824K)->46765K(47824K) NonClass: 41113K(41808K)->41113K(41808K) Class: 5652K(6016K)->5652K(6016K)
[438.510s][info][gc          ] GC(198) Pause Young (Normal) (G1 Evacuation Pause) 62M->34M(74M) 0.911ms
[438.510s][info][gc,cpu      ] GC(198) User=0.01s Sys=0.00s Real=0.00s
[438.678s][info][gc,start    ] GC(199) Pause Young (Concurrent Start) (G1 Evacuation Pause)
[438.678s][info][gc,task     ] GC(199) Using 8 workers of 8 for evacuation
[438.679s][info][gc,phases   ] GC(199)   Pre Evacuate Collection Set: 0.1ms
[438.679s][info][gc,phases   ] GC(199)   Merge Heap Roots: 0.0ms
[438.679s][info][gc,phases   ] GC(199)   Evacuate Collection Set: 0.8ms
[438.679s][info][gc,phases   ] GC(199)   Post Evacuate Collection Set: 0.3ms
[438.679s][info][gc,phases   ] GC(199)   Other: 0.2ms
[438.679s][info][gc,heap     ] GC(199) Eden regions: 28->0(28)
[438.679s][info][gc,heap     ] GC(199) Survivor regions: 1->1(4)
[438.679s][info][gc,heap     ] GC(199) Old regions: 34->34
[438.679s][info][gc,heap     ] GC(199) Archive regions: 2->2
[438.679s][info][gc,heap     ] GC(199) Humongous regions: 0->0
[438.679s][info][gc,metaspace] GC(199) Metaspace: 46765K(47824K)->46765K(47824K) NonClass: 41113K(41808K)->41113K(41808K) Class: 5652K(6016K)->5652K(6016K)
[438.680s][info][gc          ] GC(199) Pause Young (Concurrent Start) (G1 Evacuation Pause) 62M->34M(74M) 1.589ms
[438.680s][info][gc,cpu      ] GC(199) User=0.00s Sys=0.00s Real=0.00s
[438.680s][info][gc          ] GC(200) Concurrent Cycle
[438.680s][info][gc,marking  ] GC(200) Concurrent Clear Claimed Marks
[438.680s][info][gc,marking  ] GC(200) Concurrent Clear Claimed Marks 0.086ms
[438.680s][info][gc,marking  ] GC(200) Concurrent Scan Root Regions
[438.680s][info][gc,marking  ] GC(200) Concurrent Scan Root Regions 0.690ms
[438.680s][info][gc,marking  ] GC(200) Concurrent Mark (438.680s)
[438.680s][info][gc,marking  ] GC(200) Concurrent Mark From Roots
[438.680s][info][gc,task     ] GC(200) Using 2 workers of 2 for marking
[438.707s][info][gc,marking  ] GC(200) Concurrent Mark From Roots 26.999ms
[438.707s][info][gc,marking  ] GC(200) Concurrent Preclean
[438.708s][info][gc,marking  ] GC(200) Concurrent Preclean 0.080ms
[438.708s][info][gc,marking  ] GC(200) Concurrent Mark (438.680s, 438.708s) 27.153ms
[438.708s][info][gc,start    ] GC(200) Pause Remark
[438.710s][info][gc          ] GC(200) Pause Remark 38M->38M(74M) 1.835ms
[438.710s][info][gc,cpu      ] GC(200) User=0.01s Sys=0.00s Real=0.00s
[438.710s][info][gc,marking  ] GC(200) Concurrent Rebuild Remembered Sets
[438.729s][info][gc,marking  ] GC(200) Concurrent Rebuild Remembered Sets 18.860ms
[438.729s][info][gc,start    ] GC(200) Pause Cleanup
[438.729s][info][gc          ] GC(200) Pause Cleanup 41M->41M(74M) 0.082ms
[438.729s][info][gc,cpu      ] GC(200) User=0.00s Sys=0.00s Real=0.00s
[438.729s][info][gc,marking  ] GC(200) Concurrent Cleanup for Next Mark
[438.729s][info][gc,marking  ] GC(200) Concurrent Cleanup for Next Mark 0.154ms
[438.729s][info][gc          ] GC(200) Concurrent Cycle 49.756ms
[438.845s][info][gc,start    ] GC(201) Pause Young (Normal) (G1 Evacuation Pause)
[438.845s][info][gc,task     ] GC(201) Using 8 workers of 8 for evacuation
[438.846s][info][gc,phases   ] GC(201)   Pre Evacuate Collection Set: 0.0ms
[438.846s][info][gc,phases   ] GC(201)   Merge Heap Roots: 0.0ms
[438.846s][info][gc,phases   ] GC(201)   Evacuate Collection Set: 0.4ms
[438.846s][info][gc,phases   ] GC(201)   Post Evacuate Collection Set: 0.2ms
[438.846s][info][gc,phases   ] GC(201)   Other: 0.1ms
[438.846s][info][gc,heap     ] GC(201) Eden regions: 28->0(28)
[438.846s][info][gc,heap     ] GC(201) Survivor regions: 1->1(4)
[438.846s][info][gc,heap     ] GC(201) Old regions: 34->34
[438.846s][info][gc,heap     ] GC(201) Archive regions: 2->2
[438.846s][info][gc,heap     ] GC(201) Humongous regions: 0->0
[438.846s][info][gc,metaspace] GC(201) Metaspace: 46765K(47824K)->46765K(47824K) NonClass: 41113K(41808K)->41113K(41808K) Class: 5652K(6016K)->5652K(6016K)
[438.846s][info][gc          ] GC(201) Pause Young (Normal) (G1 Evacuation Pause) 62M->34M(74M) 0.905ms
[438.846s][info][gc,cpu      ] GC(201) User=0.00s Sys=0.00s Real=0.00s
[439.006s][info][gc,start    ] GC(202) Pause Young (Concurrent Start) (G1 Evacuation Pause)
[439.006s][info][gc,task     ] GC(202) Using 8 workers of 8 for evacuation
[439.007s][info][gc,phases   ] GC(202)   Pre Evacuate Collection Set: 0.1ms
[439.007s][info][gc,phases   ] GC(202)   Merge Heap Roots: 0.0ms
[439.007s][info][gc,phases   ] GC(202)   Evacuate Collection Set: 0.8ms
[439.007s][info][gc,phases   ] GC(202)   Post Evacuate Collection Set: 0.2ms
[439.007s][info][gc,phases   ] GC(202)   Other: 0.1ms
[439.007s][info][gc,heap     ] GC(202) Eden regions: 28->0(28)
[439.007s][info][gc,heap     ] GC(202) Survivor regions: 1->1(4)
[439.007s][info][gc,heap     ] GC(202) Old regions: 34->34
[439.007s][info][gc,heap     ] GC(202) Archive regions: 2->2
[439.007s][info][gc,heap     ] GC(202) Humongous regions: 0->0
[439.007s][info][gc,metaspace] GC(202) Metaspace: 46765K(47824K)->46765K(47824K) NonClass: 41113K(41808K)->41113K(41808K) Class: 5652K(6016K)->5652K(6016K)
[439.007s][info][gc          ] GC(202) Pause Young (Concurrent Start) (G1 Evacuation Pause) 62M->34M(74M) 1.301ms
[439.007s][info][gc,cpu      ] GC(202) User=0.01s Sys=0.00s Real=0.00s
[439.007s][info][gc          ] GC(203) Concurrent Cycle
[439.007s][info][gc,marking  ] GC(203) Concurrent Clear Claimed Marks
[439.007s][info][gc,marking  ] GC(203) Concurrent Clear Claimed Marks 0.030ms
[439.007s][info][gc,marking  ] GC(203) Concurrent Scan Root Regions
[439.008s][info][gc,marking  ] GC(203) Concurrent Scan Root Regions 0.624ms
[439.008s][info][gc,marking  ] GC(203) Concurrent Mark (439.008s)
[439.008s][info][gc,marking  ] GC(203) Concurrent Mark From Roots
[439.008s][info][gc,task     ] GC(203) Using 2 workers of 2 for marking
[439.038s][info][gc,marking  ] GC(203) Concurrent Mark From Roots 30.070ms
[439.038s][info][gc,marking  ] GC(203) Concurrent Preclean
[439.038s][info][gc,marking  ] GC(203) Concurrent Preclean 0.096ms
[439.038s][info][gc,marking  ] GC(203) Concurrent Mark (439.008s, 439.038s) 30.259ms
[439.038s][info][gc,start    ] GC(203) Pause Remark
[439.041s][info][gc          ] GC(203) Pause Remark 38M->38M(74M) 2.142ms
[439.041s][info][gc,cpu      ] GC(203) User=0.01s Sys=0.00s Real=0.00s
[439.041s][info][gc,marking  ] GC(203) Concurrent Rebuild Remembered Sets
[439.057s][info][gc,marking  ] GC(203) Concurrent Rebuild Remembered Sets 16.802ms
[439.058s][info][gc,start    ] GC(203) Pause Cleanup
[439.058s][info][gc          ] GC(203) Pause Cleanup 41M->41M(74M) 0.098ms
[439.058s][info][gc,cpu      ] GC(203) User=0.00s Sys=0.00s Real=0.00s
[439.058s][info][gc,marking  ] GC(203) Concurrent Cleanup for Next Mark
[439.058s][info][gc,marking  ] GC(203) Concurrent Cleanup for Next Mark 0.131ms
[439.058s][info][gc          ] GC(203) Concurrent Cycle 50.690ms
[439.179s][info][gc,start    ] GC(204) Pause Young (Normal) (G1 Evacuation Pause)
[439.179s][info][gc,task     ] GC(204) Using 8 workers of 8 for evacuation
[439.180s][info][gc,phases   ] GC(204)   Pre Evacuate Collection Set: 0.0ms
[439.180s][info][gc,phases   ] GC(204)   Merge Heap Roots: 0.0ms
[439.180s][info][gc,phases   ] GC(204)   Evacuate Collection Set: 0.5ms
[439.180s][info][gc,phases   ] GC(204)   Post Evacuate Collection Set: 0.2ms
[439.180s][info][gc,phases   ] GC(204)   Other: 0.1ms
[439.180s][info][gc,heap     ] GC(204) Eden regions: 28->0(28)
[439.180s][info][gc,heap     ] GC(204) Survivor regions: 1->1(4)
[439.180s][info][gc,heap     ] GC(204) Old regions: 34->34
[439.180s][info][gc,heap     ] GC(204) Archive regions: 2->2
[439.180s][info][gc,heap     ] GC(204) Humongous regions: 0->0
[439.180s][info][gc,metaspace] GC(204) Metaspace: 46765K(47824K)->46765K(47824K) NonClass: 41113K(41808K)->41113K(41808K) Class: 5652K(6016K)->5652K(6016K)
[439.180s][info][gc          ] GC(204) Pause Young (Normal) (G1 Evacuation Pause) 62M->34M(74M) 1.002ms
[439.180s][info][gc,cpu      ] GC(204) User=0.00s Sys=0.00s Real=0.00s
[439.368s][info][gc,start    ] GC(205) Pause Young (Concurrent Start) (G1 Evacuation Pause)
[439.368s][info][gc,task     ] GC(205) Using 8 workers of 8 for evacuation
[439.369s][info][gc,phases   ] GC(205)   Pre Evacuate Collection Set: 0.1ms
[439.369s][info][gc,phases   ] GC(205)   Merge Heap Roots: 0.0ms
[439.369s][info][gc,phases   ] GC(205)   Evacuate Collection Set: 0.6ms
[439.369s][info][gc,phases   ] GC(205)   Post Evacuate Collection Set: 0.2ms
[439.369s][info][gc,phases   ] GC(205)   Other: 0.2ms
[439.369s][info][gc,heap     ] GC(205) Eden regions: 28->0(28)
[439.370s][info][gc,heap     ] GC(205) Survivor regions: 1->1(4)
[439.370s][info][gc,heap     ] GC(205) Old regions: 34->34
[439.370s][info][gc,heap     ] GC(205) Archive regions: 2->2
[439.370s][info][gc,heap     ] GC(205) Humongous regions: 0->0
[439.370s][info][gc,metaspace] GC(205) Metaspace: 46765K(47824K)->46765K(47824K) NonClass: 41113K(41808K)->41113K(41808K) Class: 5652K(6016K)->5652K(6016K)
[439.370s][info][gc          ] GC(205) Pause Young (Concurrent Start) (G1 Evacuation Pause) 62M->34M(74M) 1.210ms
[439.370s][info][gc,cpu      ] GC(205) User=0.00s Sys=0.00s Real=0.00s
[439.370s][info][gc          ] GC(206) Concurrent Cycle
[439.370s][info][gc,marking  ] GC(206) Concurrent Clear Claimed Marks
[439.370s][info][gc,marking  ] GC(206) Concurrent Clear Claimed Marks 0.056ms
[439.370s][info][gc,marking  ] GC(206) Concurrent Scan Root Regions
[439.370s][info][gc,marking  ] GC(206) Concurrent Scan Root Regions 0.618ms
[439.370s][info][gc,marking  ] GC(206) Concurrent Mark (439.370s)
[439.370s][info][gc,marking  ] GC(206) Concurrent Mark From Roots
[439.370s][info][gc,task     ] GC(206) Using 2 workers of 2 for marking
[439.398s][info][gc,marking  ] GC(206) Concurrent Mark From Roots 27.646ms
[439.398s][info][gc,marking  ] GC(206) Concurrent Preclean
[439.398s][info][gc,marking  ] GC(206) Concurrent Preclean 0.061ms
[439.398s][info][gc,marking  ] GC(206) Concurrent Mark (439.370s, 439.398s) 27.785ms
[439.398s][info][gc,start    ] GC(206) Pause Remark
[439.400s][info][gc          ] GC(206) Pause Remark 38M->38M(74M) 2.042ms
[439.400s][info][gc,cpu      ] GC(206) User=0.01s Sys=0.00s Real=0.00s
[439.400s][info][gc,marking  ] GC(206) Concurrent Rebuild Remembered Sets
[439.417s][info][gc,marking  ] GC(206) Concurrent Rebuild Remembered Sets 16.270ms
[439.417s][info][gc,start    ] GC(206) Pause Cleanup
[439.417s][info][gc          ] GC(206) Pause Cleanup 41M->41M(74M) 0.085ms
[439.417s][info][gc,cpu      ] GC(206) User=0.00s Sys=0.00s Real=0.00s
[439.417s][info][gc,marking  ] GC(206) Concurrent Cleanup for Next Mark
[439.418s][info][gc,marking  ] GC(206) Concurrent Cleanup for Next Mark 0.117ms
[439.418s][info][gc          ] GC(206) Concurrent Cycle 47.917ms
[439.547s][info][gc,start    ] GC(207) Pause Young (Normal) (G1 Evacuation Pause)
[439.547s][info][gc,task     ] GC(207) Using 8 workers of 8 for evacuation
[439.548s][info][gc,phases   ] GC(207)   Pre Evacuate Collection Set: 0.0ms
[439.548s][info][gc,phases   ] GC(207)   Merge Heap Roots: 0.0ms
[439.548s][info][gc,phases   ] GC(207)   Evacuate Collection Set: 0.4ms
[439.548s][info][gc,phases   ] GC(207)   Post Evacuate Collection Set: 0.2ms
[439.548s][info][gc,phases   ] GC(207)   Other: 0.1ms
[439.548s][info][gc,heap     ] GC(207) Eden regions: 28->0(28)
[439.548s][info][gc,heap     ] GC(207) Survivor regions: 1->1(4)
[439.548s][info][gc,heap     ] GC(207) Old regions: 34->34
[439.548s][info][gc,heap     ] GC(207) Archive regions: 2->2
[439.548s][info][gc,heap     ] GC(207) Humongous regions: 0->0
[439.548s][info][gc,metaspace] GC(207) Metaspace: 46765K(47824K)->46765K(47824K) NonClass: 41113K(41808K)->41113K(41808K) Class: 5652K(6016K)->5652K(6016K)
[439.548s][info][gc          ] GC(207) Pause Young (Normal) (G1 Evacuation Pause) 62M->34M(74M) 0.958ms
[439.548s][info][gc,cpu      ] GC(207) User=0.01s Sys=0.00s Real=0.00s
[439.715s][info][gc,start    ] GC(208) Pause Young (Concurrent Start) (G1 Evacuation Pause)
[439.715s][info][gc,task     ] GC(208) Using 8 workers of 8 for evacuation
[439.716s][info][gc,phases   ] GC(208)   Pre Evacuate Collection Set: 0.1ms
[439.716s][info][gc,phases   ] GC(208)   Merge Heap Roots: 0.0ms
[439.716s][info][gc,phases   ] GC(208)   Evacuate Collection Set: 0.6ms
[439.716s][info][gc,phases   ] GC(208)   Post Evacuate Collection Set: 0.2ms
[439.716s][info][gc,phases   ] GC(208)   Other: 0.2ms
[439.716s][info][gc,heap     ] GC(208) Eden regions: 28->0(28)
[439.716s][info][gc,heap     ] GC(208) Survivor regions: 1->1(4)
[439.716s][info][gc,heap     ] GC(208) Old regions: 34->34
[439.716s][info][gc,heap     ] GC(208) Archive regions: 2->2
[439.716s][info][gc,heap     ] GC(208) Humongous regions: 0->0
[439.716s][info][gc,metaspace] GC(208) Metaspace: 46765K(47824K)->46765K(47824K) NonClass: 41113K(41808K)->41113K(41808K) Class: 5652K(6016K)->5652K(6016K)
[439.716s][info][gc          ] GC(208) Pause Young (Concurrent Start) (G1 Evacuation Pause) 62M->34M(74M) 1.152ms
[439.716s][info][gc,cpu      ] GC(208) User=0.01s Sys=0.00s Real=0.00s
[439.716s][info][gc          ] GC(209) Concurrent Cycle
[439.716s][info][gc,marking  ] GC(209) Concurrent Clear Claimed Marks
[439.716s][info][gc,marking  ] GC(209) Concurrent Clear Claimed Marks 0.042ms
[439.716s][info][gc,marking  ] GC(209) Concurrent Scan Root Regions
[439.717s][info][gc,marking  ] GC(209) Concurrent Scan Root Regions 0.586ms
[439.717s][info][gc,marking  ] GC(209) Concurrent Mark (439.717s)
[439.717s][info][gc,marking  ] GC(209) Concurrent Mark From Roots
[439.717s][info][gc,task     ] GC(209) Using 2 workers of 2 for marking
[439.755s][info][gc,marking  ] GC(209) Concurrent Mark From Roots 38.528ms
[439.756s][info][gc,marking  ] GC(209) Concurrent Preclean
[439.756s][info][gc,marking  ] GC(209) Concurrent Preclean 0.139ms
[439.756s][info][gc,marking  ] GC(209) Concurrent Mark (439.717s, 439.756s) 38.792ms
[439.756s][info][gc,start    ] GC(209) Pause Remark
[439.760s][info][gc          ] GC(209) Pause Remark 37M->37M(74M) 3.985ms
[439.760s][info][gc,cpu      ] GC(209) User=0.01s Sys=0.00s Real=0.00s
[439.760s][info][gc,marking  ] GC(209) Concurrent Rebuild Remembered Sets
[439.780s][info][gc,marking  ] GC(209) Concurrent Rebuild Remembered Sets 19.988ms
[439.780s][info][gc,start    ] GC(209) Pause Cleanup
[439.780s][info][gc          ] GC(209) Pause Cleanup 39M->39M(74M) 0.113ms
[439.780s][info][gc,cpu      ] GC(209) User=0.00s Sys=0.00s Real=0.00s
[439.780s][info][gc,marking  ] GC(209) Concurrent Cleanup for Next Mark
[439.781s][info][gc,marking  ] GC(209) Concurrent Cleanup for Next Mark 0.114ms
[439.781s][info][gc          ] GC(209) Concurrent Cycle 64.426ms
[439.923s][info][gc,start    ] GC(210) Pause Young (Normal) (G1 Evacuation Pause)
[439.923s][info][gc,task     ] GC(210) Using 8 workers of 8 for evacuation
[439.924s][info][gc,phases   ] GC(210)   Pre Evacuate Collection Set: 0.0ms
[439.924s][info][gc,phases   ] GC(210)   Merge Heap Roots: 0.0ms
[439.924s][info][gc,phases   ] GC(210)   Evacuate Collection Set: 0.4ms
[439.924s][info][gc,phases   ] GC(210)   Post Evacuate Collection Set: 0.2ms
[439.924s][info][gc,phases   ] GC(210)   Other: 0.2ms
[439.924s][info][gc,heap     ] GC(210) Eden regions: 28->0(28)
[439.924s][info][gc,heap     ] GC(210) Survivor regions: 1->1(4)
[439.924s][info][gc,heap     ] GC(210) Old regions: 34->34
[439.924s][info][gc,heap     ] GC(210) Archive regions: 2->2
[439.924s][info][gc,heap     ] GC(210) Humongous regions: 0->0
[439.924s][info][gc,metaspace] GC(210) Metaspace: 46765K(47824K)->46765K(47824K) NonClass: 41113K(41808K)->41113K(41808K) Class: 5652K(6016K)->5652K(6016K)
[439.924s][info][gc          ] GC(210) Pause Young (Normal) (G1 Evacuation Pause) 62M->34M(74M) 0.941ms
[439.924s][info][gc,cpu      ] GC(210) User=0.00s Sys=0.00s Real=0.00s
[440.097s][info][gc,start    ] GC(211) Pause Young (Concurrent Start) (G1 Evacuation Pause)
[440.097s][info][gc,task     ] GC(211) Using 8 workers of 8 for evacuation
[440.098s][info][gc,phases   ] GC(211)   Pre Evacuate Collection Set: 0.1ms
[440.098s][info][gc,phases   ] GC(211)   Merge Heap Roots: 0.0ms
[440.098s][info][gc,phases   ] GC(211)   Evacuate Collection Set: 0.5ms
[440.098s][info][gc,phases   ] GC(211)   Post Evacuate Collection Set: 0.2ms
[440.098s][info][gc,phases   ] GC(211)   Other: 0.2ms
[440.098s][info][gc,heap     ] GC(211) Eden regions: 28->0(28)
[440.098s][info][gc,heap     ] GC(211) Survivor regions: 1->1(4)
[440.098s][info][gc,heap     ] GC(211) Old regions: 34->34
[440.098s][info][gc,heap     ] GC(211) Archive regions: 2->2
[440.098s][info][gc,heap     ] GC(211) Humongous regions: 0->0
[440.098s][info][gc,metaspace] GC(211) Metaspace: 46766K(47824K)->46766K(47824K) NonClass: 41113K(41808K)->41113K(41808K) Class: 5652K(6016K)->5652K(6016K)
[440.098s][info][gc          ] GC(211) Pause Young (Concurrent Start) (G1 Evacuation Pause) 62M->34M(74M) 1.104ms
[440.098s][info][gc,cpu      ] GC(211) User=0.00s Sys=0.00s Real=0.00s
[440.098s][info][gc          ] GC(212) Concurrent Cycle
[440.098s][info][gc,marking  ] GC(212) Concurrent Clear Claimed Marks
[440.098s][info][gc,marking  ] GC(212) Concurrent Clear Claimed Marks 0.040ms
[440.098s][info][gc,marking  ] GC(212) Concurrent Scan Root Regions
[440.099s][info][gc,marking  ] GC(212) Concurrent Scan Root Regions 0.987ms
[440.099s][info][gc,marking  ] GC(212) Concurrent Mark (440.099s)
[440.099s][info][gc,marking  ] GC(212) Concurrent Mark From Roots
[440.099s][info][gc,task     ] GC(212) Using 2 workers of 2 for marking
[440.128s][info][gc,marking  ] GC(212) Concurrent Mark From Roots 29.360ms
[440.128s][info][gc,marking  ] GC(212) Concurrent Preclean
[440.129s][info][gc,marking  ] GC(212) Concurrent Preclean 0.131ms
[440.129s][info][gc,marking  ] GC(212) Concurrent Mark (440.099s, 440.129s) 29.612ms
[440.129s][info][gc,start    ] GC(212) Pause Remark
[440.131s][info][gc          ] GC(212) Pause Remark 37M->37M(74M) 2.107ms
[440.131s][info][gc,cpu      ] GC(212) User=0.01s Sys=0.00s Real=0.00s
[440.131s][info][gc,marking  ] GC(212) Concurrent Rebuild Remembered Sets
[440.148s][info][gc,marking  ] GC(212) Concurrent Rebuild Remembered Sets 16.830ms
[440.148s][info][gc,start    ] GC(212) Pause Cleanup
[440.148s][info][gc          ] GC(212) Pause Cleanup 39M->39M(74M) 0.073ms
[440.148s][info][gc,cpu      ] GC(212) User=0.00s Sys=0.00s Real=0.00s
[440.148s][info][gc,marking  ] GC(212) Concurrent Cleanup for Next Mark
[440.148s][info][gc,marking  ] GC(212) Concurrent Cleanup for Next Mark 0.141ms
[440.148s][info][gc          ] GC(212) Concurrent Cycle 50.553ms
[440.302s][info][gc,start    ] GC(213) Pause Young (Normal) (G1 Evacuation Pause)
[440.302s][info][gc,task     ] GC(213) Using 8 workers of 8 for evacuation
[440.303s][info][gc,phases   ] GC(213)   Pre Evacuate Collection Set: 0.1ms
[440.303s][info][gc,phases   ] GC(213)   Merge Heap Roots: 0.0ms
[440.303s][info][gc,phases   ] GC(213)   Evacuate Collection Set: 0.4ms
[440.303s][info][gc,phases   ] GC(213)   Post Evacuate Collection Set: 0.2ms
[440.303s][info][gc,phases   ] GC(213)   Other: 0.3ms
[440.303s][info][gc,heap     ] GC(213) Eden regions: 28->0(28)
[440.303s][info][gc,heap     ] GC(213) Survivor regions: 1->1(4)
[440.303s][info][gc,heap     ] GC(213) Old regions: 34->34
[440.303s][info][gc,heap     ] GC(213) Archive regions: 2->2
[440.303s][info][gc,heap     ] GC(213) Humongous regions: 0->0
[440.303s][info][gc,metaspace] GC(213) Metaspace: 46766K(47824K)->46766K(47824K) NonClass: 41113K(41808K)->41113K(41808K) Class: 5652K(6016K)->5652K(6016K)
[440.303s][info][gc          ] GC(213) Pause Young (Normal) (G1 Evacuation Pause) 62M->34M(74M) 1.022ms
[440.303s][info][gc,cpu      ] GC(213) User=0.00s Sys=0.00s Real=0.01s
[440.468s][info][gc,start    ] GC(214) Pause Young (Concurrent Start) (G1 Evacuation Pause)
[440.468s][info][gc,task     ] GC(214) Using 8 workers of 8 for evacuation
[440.469s][info][gc,phases   ] GC(214)   Pre Evacuate Collection Set: 0.1ms
[440.469s][info][gc,phases   ] GC(214)   Merge Heap Roots: 0.0ms
[440.469s][info][gc,phases   ] GC(214)   Evacuate Collection Set: 0.8ms
[440.469s][info][gc,phases   ] GC(214)   Post Evacuate Collection Set: 0.2ms
[440.469s][info][gc,phases   ] GC(214)   Other: 0.2ms
[440.469s][info][gc,heap     ] GC(214) Eden regions: 28->0(28)
[440.469s][info][gc,heap     ] GC(214) Survivor regions: 1->1(4)
[440.469s][info][gc,heap     ] GC(214) Old regions: 34->34
[440.469s][info][gc,heap     ] GC(214) Archive regions: 2->2
[440.469s][info][gc,heap     ] GC(214) Humongous regions: 0->0
[440.469s][info][gc,metaspace] GC(214) Metaspace: 46766K(47824K)->46766K(47824K) NonClass: 41113K(41808K)->41113K(41808K) Class: 5652K(6016K)->5652K(6016K)
[440.469s][info][gc          ] GC(214) Pause Young (Concurrent Start) (G1 Evacuation Pause) 62M->34M(74M) 1.439ms
[440.469s][info][gc,cpu      ] GC(214) User=0.01s Sys=0.00s Real=0.00s
[440.469s][info][gc          ] GC(215) Concurrent Cycle
[440.469s][info][gc,marking  ] GC(215) Concurrent Clear Claimed Marks
[440.469s][info][gc,marking  ] GC(215) Concurrent Clear Claimed Marks 0.047ms
[440.469s][info][gc,marking  ] GC(215) Concurrent Scan Root Regions
[440.470s][info][gc,marking  ] GC(215) Concurrent Scan Root Regions 1.227ms
[440.471s][info][gc,marking  ] GC(215) Concurrent Mark (440.471s)
[440.471s][info][gc,marking  ] GC(215) Concurrent Mark From Roots
[440.471s][info][gc,task     ] GC(215) Using 2 workers of 2 for marking
[440.497s][info][gc,marking  ] GC(215) Concurrent Mark From Roots 26.263ms
[440.497s][info][gc,marking  ] GC(215) Concurrent Preclean
[440.497s][info][gc,marking  ] GC(215) Concurrent Preclean 0.071ms
[440.497s][info][gc,marking  ] GC(215) Concurrent Mark (440.471s, 440.497s) 26.404ms
[440.497s][info][gc,start    ] GC(215) Pause Remark
[440.499s][info][gc          ] GC(215) Pause Remark 38M->38M(74M) 1.977ms
[440.499s][info][gc,cpu      ] GC(215) User=0.01s Sys=0.00s Real=0.00s
[440.499s][info][gc,marking  ] GC(215) Concurrent Rebuild Remembered Sets
[440.516s][info][gc,marking  ] GC(215) Concurrent Rebuild Remembered Sets 16.545ms
[440.516s][info][gc,start    ] GC(215) Pause Cleanup
[440.516s][info][gc          ] GC(215) Pause Cleanup 40M->40M(74M) 0.075ms
[440.516s][info][gc,cpu      ] GC(215) User=0.00s Sys=0.00s Real=0.00s
[440.516s][info][gc,marking  ] GC(215) Concurrent Cleanup for Next Mark
[440.516s][info][gc,marking  ] GC(215) Concurrent Cleanup for Next Mark 0.131ms
[440.516s][info][gc          ] GC(215) Concurrent Cycle 47.009ms
[440.658s][info][gc,start    ] GC(216) Pause Young (Normal) (G1 Evacuation Pause)
[440.658s][info][gc,task     ] GC(216) Using 8 workers of 8 for evacuation
[440.658s][info][gc,phases   ] GC(216)   Pre Evacuate Collection Set: 0.0ms
[440.659s][info][gc,phases   ] GC(216)   Merge Heap Roots: 0.1ms
[440.659s][info][gc,phases   ] GC(216)   Evacuate Collection Set: 0.6ms
[440.659s][info][gc,phases   ] GC(216)   Post Evacuate Collection Set: 0.2ms
[440.659s][info][gc,phases   ] GC(216)   Other: 0.1ms
[440.659s][info][gc,heap     ] GC(216) Eden regions: 28->0(28)
[440.659s][info][gc,heap     ] GC(216) Survivor regions: 1->1(4)
[440.659s][info][gc,heap     ] GC(216) Old regions: 34->34
[440.659s][info][gc,heap     ] GC(216) Archive regions: 2->2
[440.659s][info][gc,heap     ] GC(216) Humongous regions: 0->0
[440.659s][info][gc,metaspace] GC(216) Metaspace: 46766K(47824K)->46766K(47824K) NonClass: 41113K(41808K)->41113K(41808K) Class: 5652K(6016K)->5652K(6016K)
[440.659s][info][gc          ] GC(216) Pause Young (Normal) (G1 Evacuation Pause) 62M->34M(74M) 1.079ms
[440.659s][info][gc,cpu      ] GC(216) User=0.01s Sys=0.00s Real=0.00s
[440.853s][info][gc,start    ] GC(217) Pause Young (Concurrent Start) (G1 Evacuation Pause)
[440.853s][info][gc,task     ] GC(217) Using 8 workers of 8 for evacuation
[440.854s][info][gc,phases   ] GC(217)   Pre Evacuate Collection Set: 0.1ms
[440.854s][info][gc,phases   ] GC(217)   Merge Heap Roots: 0.1ms
[440.854s][info][gc,phases   ] GC(217)   Evacuate Collection Set: 0.7ms
[440.854s][info][gc,phases   ] GC(217)   Post Evacuate Collection Set: 0.2ms
[440.854s][info][gc,phases   ] GC(217)   Other: 0.2ms
[440.854s][info][gc,heap     ] GC(217) Eden regions: 28->0(28)
[440.854s][info][gc,heap     ] GC(217) Survivor regions: 1->1(4)
[440.854s][info][gc,heap     ] GC(217) Old regions: 34->34
[440.854s][info][gc,heap     ] GC(217) Archive regions: 2->2
[440.854s][info][gc,heap     ] GC(217) Humongous regions: 0->0
[440.854s][info][gc,metaspace] GC(217) Metaspace: 46766K(47824K)->46766K(47824K) NonClass: 41113K(41808K)->41113K(41808K) Class: 5652K(6016K)->5652K(6016K)
[440.854s][info][gc          ] GC(217) Pause Young (Concurrent Start) (G1 Evacuation Pause) 62M->34M(74M) 1.447ms
[440.854s][info][gc,cpu      ] GC(217) User=0.01s Sys=0.00s Real=0.01s
[440.854s][info][gc          ] GC(218) Concurrent Cycle
[440.854s][info][gc,marking  ] GC(218) Concurrent Clear Claimed Marks
[440.854s][info][gc,marking  ] GC(218) Concurrent Clear Claimed Marks 0.053ms
[440.854s][info][gc,marking  ] GC(218) Concurrent Scan Root Regions
[440.855s][info][gc,marking  ] GC(218) Concurrent Scan Root Regions 0.512ms
[440.855s][info][gc,marking  ] GC(218) Concurrent Mark (440.855s)
[440.855s][info][gc,marking  ] GC(218) Concurrent Mark From Roots
[440.855s][info][gc,task     ] GC(218) Using 2 workers of 2 for marking
[440.883s][info][gc,marking  ] GC(218) Concurrent Mark From Roots 27.714ms
[440.883s][info][gc,marking  ] GC(218) Concurrent Preclean
[440.883s][info][gc,marking  ] GC(218) Concurrent Preclean 0.105ms
[440.883s][info][gc,marking  ] GC(218) Concurrent Mark (440.855s, 440.883s) 27.897ms
[440.883s][info][gc,start    ] GC(218) Pause Remark
[440.885s][info][gc          ] GC(218) Pause Remark 38M->38M(74M) 2.364ms
[440.885s][info][gc,cpu      ] GC(218) User=0.01s Sys=0.00s Real=0.01s
[440.885s][info][gc,marking  ] GC(218) Concurrent Rebuild Remembered Sets
[440.904s][info][gc,marking  ] GC(218) Concurrent Rebuild Remembered Sets 18.967ms
[440.905s][info][gc,start    ] GC(218) Pause Cleanup
[440.905s][info][gc          ] GC(218) Pause Cleanup 39M->39M(74M) 0.087ms
[440.905s][info][gc,cpu      ] GC(218) User=0.00s Sys=0.00s Real=0.00s
[440.905s][info][gc,marking  ] GC(218) Concurrent Cleanup for Next Mark
[440.905s][info][gc,marking  ] GC(218) Concurrent Cleanup for Next Mark 0.118ms
[440.905s][info][gc          ] GC(218) Concurrent Cycle 50.797ms
[441.022s][info][gc,start    ] GC(219) Pause Young (Normal) (G1 Evacuation Pause)
[441.022s][info][gc,task     ] GC(219) Using 8 workers of 8 for evacuation
[441.022s][info][gc,phases   ] GC(219)   Pre Evacuate Collection Set: 0.0ms
[441.022s][info][gc,phases   ] GC(219)   Merge Heap Roots: 0.0ms
[441.022s][info][gc,phases   ] GC(219)   Evacuate Collection Set: 0.5ms
[441.023s][info][gc,phases   ] GC(219)   Post Evacuate Collection Set: 0.2ms
[441.023s][info][gc,phases   ] GC(219)   Other: 0.1ms
[441.023s][info][gc,heap     ] GC(219) Eden regions: 28->0(28)
[441.023s][info][gc,heap     ] GC(219) Survivor regions: 1->1(4)
[441.023s][info][gc,heap     ] GC(219) Old regions: 34->34
[441.023s][info][gc,heap     ] GC(219) Archive regions: 2->2
[441.023s][info][gc,heap     ] GC(219) Humongous regions: 0->0
[441.023s][info][gc,metaspace] GC(219) Metaspace: 46767K(47824K)->46767K(47824K) NonClass: 41114K(41808K)->41114K(41808K) Class: 5652K(6016K)->5652K(6016K)
[441.023s][info][gc          ] GC(219) Pause Young (Normal) (G1 Evacuation Pause) 62M->34M(74M) 1.004ms
[441.023s][info][gc,cpu      ] GC(219) User=0.01s Sys=0.00s Real=0.00s
[441.141s][info][gc,start    ] GC(220) Pause Young (Concurrent Start) (G1 Evacuation Pause)
[441.141s][info][gc,task     ] GC(220) Using 8 workers of 8 for evacuation
[441.142s][info][gc,phases   ] GC(220)   Pre Evacuate Collection Set: 0.1ms
[441.142s][info][gc,phases   ] GC(220)   Merge Heap Roots: 0.0ms
[441.142s][info][gc,phases   ] GC(220)   Evacuate Collection Set: 0.9ms
[441.142s][info][gc,phases   ] GC(220)   Post Evacuate Collection Set: 0.3ms
[441.142s][info][gc,phases   ] GC(220)   Other: 0.3ms
[441.142s][info][gc,heap     ] GC(220) Eden regions: 28->0(28)
[441.142s][info][gc,heap     ] GC(220) Survivor regions: 1->1(4)
[441.142s][info][gc,heap     ] GC(220) Old regions: 34->34
[441.142s][info][gc,heap     ] GC(220) Archive regions: 2->2
[441.142s][info][gc,heap     ] GC(220) Humongous regions: 0->0
[441.142s][info][gc,metaspace] GC(220) Metaspace: 46767K(47824K)->46767K(47824K) NonClass: 41115K(41808K)->41115K(41808K) Class: 5652K(6016K)->5652K(6016K)
[441.142s][info][gc          ] GC(220) Pause Young (Concurrent Start) (G1 Evacuation Pause) 62M->35M(74M) 1.674ms
[441.142s][info][gc,cpu      ] GC(220) User=0.00s Sys=0.00s Real=0.00s
[441.142s][info][gc          ] GC(221) Concurrent Cycle
[441.142s][info][gc,marking  ] GC(221) Concurrent Clear Claimed Marks
[441.142s][info][gc,marking  ] GC(221) Concurrent Clear Claimed Marks 0.045ms
[441.142s][info][gc,marking  ] GC(221) Concurrent Scan Root Regions
[441.144s][info][gc,marking  ] GC(221) Concurrent Scan Root Regions 1.543ms
[441.144s][info][gc,marking  ] GC(221) Concurrent Mark (441.144s)
[441.144s][info][gc,marking  ] GC(221) Concurrent Mark From Roots
[441.144s][info][gc,task     ] GC(221) Using 2 workers of 2 for marking
[441.179s][info][gc,marking  ] GC(221) Concurrent Mark From Roots 35.327ms
[441.179s][info][gc,marking  ] GC(221) Concurrent Preclean
[441.179s][info][gc,marking  ] GC(221) Concurrent Preclean 0.087ms
[441.179s][info][gc,marking  ] GC(221) Concurrent Mark (441.144s, 441.179s) 35.538ms
[441.180s][info][gc,start    ] GC(221) Pause Remark
[441.182s][info][gc          ] GC(221) Pause Remark 40M->40M(74M) 2.208ms
[441.182s][info][gc,cpu      ] GC(221) User=0.01s Sys=0.00s Real=0.00s
[441.182s][info][gc,marking  ] GC(221) Concurrent Rebuild Remembered Sets
[441.199s][info][gc,marking  ] GC(221) Concurrent Rebuild Remembered Sets 17.135ms
[441.199s][info][gc,start    ] GC(221) Pause Cleanup
[441.199s][info][gc          ] GC(221) Pause Cleanup 43M->43M(74M) 0.080ms
[441.199s][info][gc,cpu      ] GC(221) User=0.00s Sys=0.00s Real=0.00s
[441.200s][info][gc,marking  ] GC(221) Concurrent Cleanup for Next Mark
[441.200s][info][gc,marking  ] GC(221) Concurrent Cleanup for Next Mark 0.140ms
[441.200s][info][gc          ] GC(221) Concurrent Cycle 57.962ms
[441.315s][info][gc,start    ] GC(222) Pause Young (Normal) (G1 Evacuation Pause)
[441.315s][info][gc,task     ] GC(222) Using 8 workers of 8 for evacuation
[441.316s][info][gc,phases   ] GC(222)   Pre Evacuate Collection Set: 0.1ms
[441.316s][info][gc,phases   ] GC(222)   Merge Heap Roots: 0.0ms
[441.316s][info][gc,phases   ] GC(222)   Evacuate Collection Set: 0.5ms
[441.316s][info][gc,phases   ] GC(222)   Post Evacuate Collection Set: 0.2ms
[441.316s][info][gc,phases   ] GC(222)   Other: 0.2ms
[441.316s][info][gc,heap     ] GC(222) Eden regions: 28->0(28)
[441.316s][info][gc,heap     ] GC(222) Survivor regions: 1->1(4)
[441.316s][info][gc,heap     ] GC(222) Old regions: 34->34
[441.316s][info][gc,heap     ] GC(222) Archive regions: 2->2
[441.316s][info][gc,heap     ] GC(222) Humongous regions: 0->0
[441.316s][info][gc,metaspace] GC(222) Metaspace: 46767K(47824K)->46767K(47824K) NonClass: 41115K(41808K)->41115K(41808K) Class: 5652K(6016K)->5652K(6016K)
[441.316s][info][gc          ] GC(222) Pause Young (Normal) (G1 Evacuation Pause) 63M->35M(74M) 1.060ms
[441.316s][info][gc,cpu      ] GC(222) User=0.00s Sys=0.00s Real=0.00s
[441.516s][info][gc,start    ] GC(223) Pause Young (Concurrent Start) (G1 Evacuation Pause)
[441.516s][info][gc,task     ] GC(223) Using 8 workers of 8 for evacuation
[441.518s][info][gc,phases   ] GC(223)   Pre Evacuate Collection Set: 0.1ms
[441.518s][info][gc,phases   ] GC(223)   Merge Heap Roots: 0.0ms
[441.518s][info][gc,phases   ] GC(223)   Evacuate Collection Set: 0.9ms
[441.518s][info][gc,phases   ] GC(223)   Post Evacuate Collection Set: 0.2ms
[441.518s][info][gc,phases   ] GC(223)   Other: 0.2ms
[441.518s][info][gc,heap     ] GC(223) Eden regions: 28->0(28)
[441.518s][info][gc,heap     ] GC(223) Survivor regions: 1->1(4)
[441.518s][info][gc,heap     ] GC(223) Old regions: 34->34
[441.518s][info][gc,heap     ] GC(223) Archive regions: 2->2
[441.518s][info][gc,heap     ] GC(223) Humongous regions: 0->0
[441.518s][info][gc,metaspace] GC(223) Metaspace: 46767K(47824K)->46767K(47824K) NonClass: 41115K(41808K)->41115K(41808K) Class: 5652K(6016K)->5652K(6016K)
[441.518s][info][gc          ] GC(223) Pause Young (Concurrent Start) (G1 Evacuation Pause) 63M->35M(74M) 1.584ms
[441.518s][info][gc,cpu      ] GC(223) User=0.00s Sys=0.00s Real=0.00s
[441.518s][info][gc          ] GC(224) Concurrent Cycle
[441.518s][info][gc,marking  ] GC(224) Concurrent Clear Claimed Marks
[441.518s][info][gc,marking  ] GC(224) Concurrent Clear Claimed Marks 0.080ms
[441.518s][info][gc,marking  ] GC(224) Concurrent Scan Root Regions
[441.519s][info][gc,marking  ] GC(224) Concurrent Scan Root Regions 1.060ms
[441.519s][info][gc,marking  ] GC(224) Concurrent Mark (441.519s)
[441.519s][info][gc,marking  ] GC(224) Concurrent Mark From Roots
[441.519s][info][gc,task     ] GC(224) Using 2 workers of 2 for marking
[441.550s][info][gc,marking  ] GC(224) Concurrent Mark From Roots 30.900ms
[441.550s][info][gc,marking  ] GC(224) Concurrent Preclean
[441.550s][info][gc,marking  ] GC(224) Concurrent Preclean 0.103ms
[441.550s][info][gc,marking  ] GC(224) Concurrent Mark (441.519s, 441.550s) 31.081ms
[441.551s][info][gc,start    ] GC(224) Pause Remark
[441.554s][info][gc          ] GC(224) Pause Remark 38M->38M(74M) 3.261ms
[441.554s][info][gc,cpu      ] GC(224) User=0.01s Sys=0.00s Real=0.01s
[441.554s][info][gc,marking  ] GC(224) Concurrent Rebuild Remembered Sets
[441.576s][info][gc,marking  ] GC(224) Concurrent Rebuild Remembered Sets 21.752ms
[441.576s][info][gc,start    ] GC(224) Pause Cleanup
[441.576s][info][gc          ] GC(224) Pause Cleanup 40M->40M(74M) 0.074ms
[441.576s][info][gc,cpu      ] GC(224) User=0.00s Sys=0.00s Real=0.00s
[441.576s][info][gc,marking  ] GC(224) Concurrent Cleanup for Next Mark
[441.577s][info][gc,marking  ] GC(224) Concurrent Cleanup for Next Mark 0.152ms
[441.577s][info][gc          ] GC(224) Concurrent Cycle 58.473ms
[441.720s][info][gc,start    ] GC(225) Pause Young (Normal) (G1 Evacuation Pause)
[441.720s][info][gc,task     ] GC(225) Using 8 workers of 8 for evacuation
[441.722s][info][gc,phases   ] GC(225)   Pre Evacuate Collection Set: 0.1ms
[441.722s][info][gc,phases   ] GC(225)   Merge Heap Roots: 0.0ms
[441.722s][info][gc,phases   ] GC(225)   Evacuate Collection Set: 0.6ms
[441.722s][info][gc,phases   ] GC(225)   Post Evacuate Collection Set: 0.2ms
[441.722s][info][gc,phases   ] GC(225)   Other: 0.2ms
[441.722s][info][gc,heap     ] GC(225) Eden regions: 28->0(28)
[441.722s][info][gc,heap     ] GC(225) Survivor regions: 1->1(4)
[441.722s][info][gc,heap     ] GC(225) Old regions: 34->34
[441.722s][info][gc,heap     ] GC(225) Archive regions: 2->2
[441.722s][info][gc,heap     ] GC(225) Humongous regions: 0->0
[441.722s][info][gc,metaspace] GC(225) Metaspace: 46767K(47824K)->46767K(47824K) NonClass: 41115K(41808K)->41115K(41808K) Class: 5652K(6016K)->5652K(6016K)
[441.722s][info][gc          ] GC(225) Pause Young (Normal) (G1 Evacuation Pause) 63M->35M(74M) 1.279ms
[441.722s][info][gc,cpu      ] GC(225) User=0.01s Sys=0.00s Real=0.00s
[441.891s][info][gc,start    ] GC(226) Pause Young (Concurrent Start) (G1 Evacuation Pause)
[441.891s][info][gc,task     ] GC(226) Using 8 workers of 8 for evacuation
[441.892s][info][gc,phases   ] GC(226)   Pre Evacuate Collection Set: 0.1ms
[441.892s][info][gc,phases   ] GC(226)   Merge Heap Roots: 0.0ms
[441.892s][info][gc,phases   ] GC(226)   Evacuate Collection Set: 0.6ms
[441.892s][info][gc,phases   ] GC(226)   Post Evacuate Collection Set: 0.2ms
[441.892s][info][gc,phases   ] GC(226)   Other: 0.1ms
[441.892s][info][gc,heap     ] GC(226) Eden regions: 28->0(28)
[441.892s][info][gc,heap     ] GC(226) Survivor regions: 1->1(4)
[441.892s][info][gc,heap     ] GC(226) Old regions: 34->34
[441.892s][info][gc,heap     ] GC(226) Archive regions: 2->2
[441.892s][info][gc,heap     ] GC(226) Humongous regions: 0->0
[441.892s][info][gc,metaspace] GC(226) Metaspace: 46767K(47824K)->46767K(47824K) NonClass: 41115K(41808K)->41115K(41808K) Class: 5652K(6016K)->5652K(6016K)
[441.892s][info][gc          ] GC(226) Pause Young (Concurrent Start) (G1 Evacuation Pause) 63M->35M(74M) 1.047ms
[441.892s][info][gc,cpu      ] GC(226) User=0.00s Sys=0.00s Real=0.00s
[441.892s][info][gc          ] GC(227) Concurrent Cycle
[441.892s][info][gc,marking  ] GC(227) Concurrent Clear Claimed Marks
[441.892s][info][gc,marking  ] GC(227) Concurrent Clear Claimed Marks 0.027ms
[441.892s][info][gc,marking  ] GC(227) Concurrent Scan Root Regions
[441.893s][info][gc,marking  ] GC(227) Concurrent Scan Root Regions 1.102ms
[441.893s][info][gc,marking  ] GC(227) Concurrent Mark (441.893s)
[441.893s][info][gc,marking  ] GC(227) Concurrent Mark From Roots
[441.893s][info][gc,task     ] GC(227) Using 2 workers of 2 for marking
[441.921s][info][gc,marking  ] GC(227) Concurrent Mark From Roots 28.284ms
[441.921s][info][gc,marking  ] GC(227) Concurrent Preclean
[441.921s][info][gc,marking  ] GC(227) Concurrent Preclean 0.080ms
[441.921s][info][gc,marking  ] GC(227) Concurrent Mark (441.893s, 441.921s) 28.434ms
[441.921s][info][gc,start    ] GC(227) Pause Remark
[441.923s][info][gc          ] GC(227) Pause Remark 39M->39M(74M) 1.773ms
[441.923s][info][gc,cpu      ] GC(227) User=0.01s Sys=0.00s Real=0.01s
[441.923s][info][gc,marking  ] GC(227) Concurrent Rebuild Remembered Sets
[441.941s][info][gc,marking  ] GC(227) Concurrent Rebuild Remembered Sets 17.595ms
[441.941s][info][gc,start    ] GC(227) Pause Cleanup
[441.941s][info][gc          ] GC(227) Pause Cleanup 42M->42M(74M) 0.077ms
[441.941s][info][gc,cpu      ] GC(227) User=0.00s Sys=0.00s Real=0.00s
[441.941s][info][gc,marking  ] GC(227) Concurrent Cleanup for Next Mark
[441.941s][info][gc,marking  ] GC(227) Concurrent Cleanup for Next Mark 0.144ms
[441.941s][info][gc          ] GC(227) Concurrent Cycle 49.756ms
[442.061s][info][gc,start    ] GC(228) Pause Young (Normal) (G1 Evacuation Pause)
[442.061s][info][gc,task     ] GC(228) Using 8 workers of 8 for evacuation
[442.062s][info][gc,phases   ] GC(228)   Pre Evacuate Collection Set: 0.1ms
[442.062s][info][gc,phases   ] GC(228)   Merge Heap Roots: 0.0ms
[442.062s][info][gc,phases   ] GC(228)   Evacuate Collection Set: 0.5ms
[442.062s][info][gc,phases   ] GC(228)   Post Evacuate Collection Set: 0.2ms
[442.062s][info][gc,phases   ] GC(228)   Other: 0.1ms
[442.062s][info][gc,heap     ] GC(228) Eden regions: 28->0(28)
[442.062s][info][gc,heap     ] GC(228) Survivor regions: 1->1(4)
[442.062s][info][gc,heap     ] GC(228) Old regions: 34->34
[442.062s][info][gc,heap     ] GC(228) Archive regions: 2->2
[442.062s][info][gc,heap     ] GC(228) Humongous regions: 0->0
[442.062s][info][gc,metaspace] GC(228) Metaspace: 46769K(47824K)->46769K(47824K) NonClass: 41117K(41808K)->41117K(41808K) Class: 5652K(6016K)->5652K(6016K)
[442.062s][info][gc          ] GC(228) Pause Young (Normal) (G1 Evacuation Pause) 63M->35M(74M) 1.028ms
[442.062s][info][gc,cpu      ] GC(228) User=0.00s Sys=0.00s Real=0.00s
[442.211s][info][gc,start    ] GC(229) Pause Young (Concurrent Start) (G1 Evacuation Pause)
[442.211s][info][gc,task     ] GC(229) Using 8 workers of 8 for evacuation
[442.212s][info][gc,phases   ] GC(229)   Pre Evacuate Collection Set: 0.1ms
[442.212s][info][gc,phases   ] GC(229)   Merge Heap Roots: 0.0ms
[442.212s][info][gc,phases   ] GC(229)   Evacuate Collection Set: 0.6ms
[442.212s][info][gc,phases   ] GC(229)   Post Evacuate Collection Set: 0.2ms
[442.212s][info][gc,phases   ] GC(229)   Other: 0.2ms
[442.212s][info][gc,heap     ] GC(229) Eden regions: 28->0(28)
[442.212s][info][gc,heap     ] GC(229) Survivor regions: 1->1(4)
[442.212s][info][gc,heap     ] GC(229) Old regions: 34->34
[442.212s][info][gc,heap     ] GC(229) Archive regions: 2->2
[442.212s][info][gc,heap     ] GC(229) Humongous regions: 0->0
[442.212s][info][gc,metaspace] GC(229) Metaspace: 46769K(47824K)->46769K(47824K) NonClass: 41117K(41808K)->41117K(41808K) Class: 5652K(6016K)->5652K(6016K)
[442.212s][info][gc          ] GC(229) Pause Young (Concurrent Start) (G1 Evacuation Pause) 63M->35M(74M) 1.165ms
[442.212s][info][gc,cpu      ] GC(229) User=0.00s Sys=0.00s Real=0.00s
[442.212s][info][gc          ] GC(230) Concurrent Cycle
[442.212s][info][gc,marking  ] GC(230) Concurrent Clear Claimed Marks
[442.212s][info][gc,marking  ] GC(230) Concurrent Clear Claimed Marks 0.030ms
[442.212s][info][gc,marking  ] GC(230) Concurrent Scan Root Regions
[442.213s][info][gc,marking  ] GC(230) Concurrent Scan Root Regions 0.980ms
[442.213s][info][gc,marking  ] GC(230) Concurrent Mark (442.213s)
[442.213s][info][gc,marking  ] GC(230) Concurrent Mark From Roots
[442.213s][info][gc,task     ] GC(230) Using 2 workers of 2 for marking
[442.243s][info][gc,marking  ] GC(230) Concurrent Mark From Roots 29.236ms
[442.243s][info][gc,marking  ] GC(230) Concurrent Preclean
[442.243s][info][gc,marking  ] GC(230) Concurrent Preclean 0.057ms
[442.243s][info][gc,marking  ] GC(230) Concurrent Mark (442.213s, 442.243s) 29.350ms
[442.243s][info][gc,start    ] GC(230) Pause Remark
[442.245s][info][gc          ] GC(230) Pause Remark 39M->39M(74M) 1.744ms
[442.245s][info][gc,cpu      ] GC(230) User=0.01s Sys=0.00s Real=0.01s
[442.245s][info][gc,marking  ] GC(230) Concurrent Rebuild Remembered Sets
[442.261s][info][gc,marking  ] GC(230) Concurrent Rebuild Remembered Sets 16.796ms
[442.262s][info][gc,start    ] GC(230) Pause Cleanup
[442.262s][info][gc          ] GC(230) Pause Cleanup 42M->42M(74M) 0.118ms
[442.262s][info][gc,cpu      ] GC(230) User=0.00s Sys=0.01s Real=0.00s
[442.262s][info][gc,marking  ] GC(230) Concurrent Cleanup for Next Mark
[442.262s][info][gc,marking  ] GC(230) Concurrent Cleanup for Next Mark 0.211ms
[442.262s][info][gc          ] GC(230) Concurrent Cycle 49.994ms
[442.396s][info][gc,start    ] GC(231) Pause Young (Normal) (G1 Evacuation Pause)
[442.396s][info][gc,task     ] GC(231) Using 8 workers of 8 for evacuation
[442.397s][info][gc,phases   ] GC(231)   Pre Evacuate Collection Set: 0.0ms
[442.397s][info][gc,phases   ] GC(231)   Merge Heap Roots: 0.0ms
[442.397s][info][gc,phases   ] GC(231)   Evacuate Collection Set: 0.5ms
[442.397s][info][gc,phases   ] GC(231)   Post Evacuate Collection Set: 0.2ms
[442.397s][info][gc,phases   ] GC(231)   Other: 0.2ms
[442.397s][info][gc,heap     ] GC(231) Eden regions: 28->0(28)
[442.397s][info][gc,heap     ] GC(231) Survivor regions: 1->1(4)
[442.397s][info][gc,heap     ] GC(231) Old regions: 34->34
[442.397s][info][gc,heap     ] GC(231) Archive regions: 2->2
[442.397s][info][gc,heap     ] GC(231) Humongous regions: 0->0
[442.397s][info][gc,metaspace] GC(231) Metaspace: 46769K(47824K)->46769K(47824K) NonClass: 41117K(41808K)->41117K(41808K) Class: 5652K(6016K)->5652K(6016K)
[442.397s][info][gc          ] GC(231) Pause Young (Normal) (G1 Evacuation Pause) 63M->35M(74M) 1.040ms
[442.397s][info][gc,cpu      ] GC(231) User=0.00s Sys=0.00s Real=0.00s
[442.570s][info][gc,start    ] GC(232) Pause Young (Concurrent Start) (G1 Evacuation Pause)
[442.570s][info][gc,task     ] GC(232) Using 8 workers of 8 for evacuation
[442.571s][info][gc,phases   ] GC(232)   Pre Evacuate Collection Set: 0.1ms
[442.571s][info][gc,phases   ] GC(232)   Merge Heap Roots: 0.0ms
[442.571s][info][gc,phases   ] GC(232)   Evacuate Collection Set: 0.8ms
[442.571s][info][gc,phases   ] GC(232)   Post Evacuate Collection Set: 0.2ms
[442.571s][info][gc,phases   ] GC(232)   Other: 0.3ms
[442.571s][info][gc,heap     ] GC(232) Eden regions: 28->0(28)
[442.571s][info][gc,heap     ] GC(232) Survivor regions: 1->1(4)
[442.571s][info][gc,heap     ] GC(232) Old regions: 34->34
[442.571s][info][gc,heap     ] GC(232) Archive regions: 2->2
[442.571s][info][gc,heap     ] GC(232) Humongous regions: 0->0
[442.572s][info][gc,metaspace] GC(232) Metaspace: 46769K(47824K)->46769K(47824K) NonClass: 41117K(41808K)->41117K(41808K) Class: 5652K(6016K)->5652K(6016K)
[442.572s][info][gc          ] GC(232) Pause Young (Concurrent Start) (G1 Evacuation Pause) 63M->35M(74M) 1.545ms
[442.572s][info][gc,cpu      ] GC(232) User=0.00s Sys=0.00s Real=0.00s
[442.572s][info][gc          ] GC(233) Concurrent Cycle
[442.572s][info][gc,marking  ] GC(233) Concurrent Clear Claimed Marks
[442.572s][info][gc,marking  ] GC(233) Concurrent Clear Claimed Marks 0.063ms
[442.572s][info][gc,marking  ] GC(233) Concurrent Scan Root Regions
[442.572s][info][gc,marking  ] GC(233) Concurrent Scan Root Regions 0.645ms
[442.572s][info][gc,marking  ] GC(233) Concurrent Mark (442.572s)
[442.572s][info][gc,marking  ] GC(233) Concurrent Mark From Roots
[442.572s][info][gc,task     ] GC(233) Using 2 workers of 2 for marking
[442.602s][info][gc,marking  ] GC(233) Concurrent Mark From Roots 29.759ms
[442.602s][info][gc,marking  ] GC(233) Concurrent Preclean
[442.602s][info][gc,marking  ] GC(233) Concurrent Preclean 0.131ms
[442.602s][info][gc,marking  ] GC(233) Concurrent Mark (442.572s, 442.602s) 29.978ms
[442.603s][info][gc,start    ] GC(233) Pause Remark
[442.605s][info][gc          ] GC(233) Pause Remark 37M->37M(74M) 2.587ms
[442.605s][info][gc,cpu      ] GC(233) User=0.01s Sys=0.00s Real=0.01s
[442.605s][info][gc,marking  ] GC(233) Concurrent Rebuild Remembered Sets
[442.623s][info][gc,marking  ] GC(233) Concurrent Rebuild Remembered Sets 17.749ms
[442.623s][info][gc,start    ] GC(233) Pause Cleanup
[442.623s][info][gc          ] GC(233) Pause Cleanup 40M->40M(74M) 0.080ms
[442.623s][info][gc,cpu      ] GC(233) User=0.00s Sys=0.00s Real=0.00s
[442.623s][info][gc,marking  ] GC(233) Concurrent Cleanup for Next Mark
[442.624s][info][gc,marking  ] GC(233) Concurrent Cleanup for Next Mark 0.133ms
[442.624s][info][gc          ] GC(233) Concurrent Cycle 51.941ms
[442.774s][info][gc,start    ] GC(234) Pause Young (Normal) (G1 Evacuation Pause)
[442.774s][info][gc,task     ] GC(234) Using 8 workers of 8 for evacuation
[442.775s][info][gc,phases   ] GC(234)   Pre Evacuate Collection Set: 0.1ms
[442.775s][info][gc,phases   ] GC(234)   Merge Heap Roots: 0.0ms
[442.775s][info][gc,phases   ] GC(234)   Evacuate Collection Set: 0.6ms
[442.775s][info][gc,phases   ] GC(234)   Post Evacuate Collection Set: 0.3ms
[442.775s][info][gc,phases   ] GC(234)   Other: 0.2ms
[442.775s][info][gc,heap     ] GC(234) Eden regions: 28->0(28)
[442.775s][info][gc,heap     ] GC(234) Survivor regions: 1->1(4)
[442.775s][info][gc,heap     ] GC(234) Old regions: 34->34
[442.775s][info][gc,heap     ] GC(234) Archive regions: 2->2
[442.775s][info][gc,heap     ] GC(234) Humongous regions: 0->0
[442.775s][info][gc,metaspace] GC(234) Metaspace: 46769K(47824K)->46769K(47824K) NonClass: 41117K(41808K)->41117K(41808K) Class: 5652K(6016K)->5652K(6016K)
[442.775s][info][gc          ] GC(234) Pause Young (Normal) (G1 Evacuation Pause) 63M->35M(74M) 1.537ms
[442.775s][info][gc,cpu      ] GC(234) User=0.00s Sys=0.01s Real=0.00s
[442.982s][info][gc,start    ] GC(235) Pause Young (Concurrent Start) (G1 Evacuation Pause)
[442.982s][info][gc,task     ] GC(235) Using 8 workers of 8 for evacuation
[442.983s][info][gc,phases   ] GC(235)   Pre Evacuate Collection Set: 0.1ms
[442.983s][info][gc,phases   ] GC(235)   Merge Heap Roots: 0.0ms
[442.983s][info][gc,phases   ] GC(235)   Evacuate Collection Set: 0.5ms
[442.983s][info][gc,phases   ] GC(235)   Post Evacuate Collection Set: 0.2ms
[442.983s][info][gc,phases   ] GC(235)   Other: 0.1ms
[442.983s][info][gc,heap     ] GC(235) Eden regions: 28->0(28)
[442.983s][info][gc,heap     ] GC(235) Survivor regions: 1->1(4)
[442.983s][info][gc,heap     ] GC(235) Old regions: 34->34
[442.983s][info][gc,heap     ] GC(235) Archive regions: 2->2
[442.983s][info][gc,heap     ] GC(235) Humongous regions: 0->0
[442.983s][info][gc,metaspace] GC(235) Metaspace: 46769K(47824K)->46769K(47824K) NonClass: 41117K(41808K)->41117K(41808K) Class: 5652K(6016K)->5652K(6016K)
[442.983s][info][gc          ] GC(235) Pause Young (Concurrent Start) (G1 Evacuation Pause) 63M->35M(74M) 1.059ms
[442.983s][info][gc,cpu      ] GC(235) User=0.00s Sys=0.00s Real=0.00s
[442.983s][info][gc          ] GC(236) Concurrent Cycle
[442.983s][info][gc,marking  ] GC(236) Concurrent Clear Claimed Marks
[442.983s][info][gc,marking  ] GC(236) Concurrent Clear Claimed Marks 0.034ms
[442.983s][info][gc,marking  ] GC(236) Concurrent Scan Root Regions
[442.984s][info][gc,marking  ] GC(236) Concurrent Scan Root Regions 0.928ms
[442.984s][info][gc,marking  ] GC(236) Concurrent Mark (442.984s)
[442.984s][info][gc,marking  ] GC(236) Concurrent Mark From Roots
[442.984s][info][gc,task     ] GC(236) Using 2 workers of 2 for marking
[443.011s][info][gc,marking  ] GC(236) Concurrent Mark From Roots 27.715ms
[443.012s][info][gc,marking  ] GC(236) Concurrent Preclean
[443.012s][info][gc,marking  ] GC(236) Concurrent Preclean 0.085ms
[443.012s][info][gc,marking  ] GC(236) Concurrent Mark (442.984s, 443.012s) 27.874ms
[443.012s][info][gc,start    ] GC(236) Pause Remark
[443.014s][info][gc          ] GC(236) Pause Remark 39M->39M(74M) 1.817ms
[443.014s][info][gc,cpu      ] GC(236) User=0.01s Sys=0.00s Real=0.01s
[443.014s][info][gc,marking  ] GC(236) Concurrent Rebuild Remembered Sets
[443.030s][info][gc,marking  ] GC(236) Concurrent Rebuild Remembered Sets 16.475ms
[443.030s][info][gc,start    ] GC(236) Pause Cleanup
[443.030s][info][gc          ] GC(236) Pause Cleanup 41M->41M(74M) 0.092ms
[443.031s][info][gc,cpu      ] GC(236) User=0.00s Sys=0.00s Real=0.00s
[443.031s][info][gc,marking  ] GC(236) Concurrent Cleanup for Next Mark
[443.031s][info][gc,marking  ] GC(236) Concurrent Cleanup for Next Mark 0.119ms
[443.031s][info][gc          ] GC(236) Concurrent Cycle 47.944ms
[443.208s][info][gc,start    ] GC(237) Pause Young (Normal) (G1 Evacuation Pause)
[443.208s][info][gc,task     ] GC(237) Using 8 workers of 8 for evacuation
[443.209s][info][gc,phases   ] GC(237)   Pre Evacuate Collection Set: 0.0ms
[443.209s][info][gc,phases   ] GC(237)   Merge Heap Roots: 0.0ms
[443.209s][info][gc,phases   ] GC(237)   Evacuate Collection Set: 0.5ms
[443.209s][info][gc,phases   ] GC(237)   Post Evacuate Collection Set: 0.2ms
[443.209s][info][gc,phases   ] GC(237)   Other: 0.1ms
[443.209s][info][gc,heap     ] GC(237) Eden regions: 28->0(28)
[443.209s][info][gc,heap     ] GC(237) Survivor regions: 1->1(4)
[443.209s][info][gc,heap     ] GC(237) Old regions: 34->34
[443.209s][info][gc,heap     ] GC(237) Archive regions: 2->2
[443.209s][info][gc,heap     ] GC(237) Humongous regions: 0->0
[443.209s][info][gc,metaspace] GC(237) Metaspace: 46770K(47824K)->46770K(47824K) NonClass: 41117K(41808K)->41117K(41808K) Class: 5652K(6016K)->5652K(6016K)
[443.209s][info][gc          ] GC(237) Pause Young (Normal) (G1 Evacuation Pause) 63M->35M(74M) 0.927ms
[443.209s][info][gc,cpu      ] GC(237) User=0.00s Sys=0.00s Real=0.00s
[443.396s][info][gc,start    ] GC(238) Pause Young (Concurrent Start) (G1 Evacuation Pause)
[443.396s][info][gc,task     ] GC(238) Using 8 workers of 8 for evacuation
[443.397s][info][gc,phases   ] GC(238)   Pre Evacuate Collection Set: 0.1ms
[443.397s][info][gc,phases   ] GC(238)   Merge Heap Roots: 0.0ms
[443.397s][info][gc,phases   ] GC(238)   Evacuate Collection Set: 0.6ms
[443.397s][info][gc,phases   ] GC(238)   Post Evacuate Collection Set: 0.2ms
[443.397s][info][gc,phases   ] GC(238)   Other: 0.1ms
[443.397s][info][gc,heap     ] GC(238) Eden regions: 28->0(28)
[443.397s][info][gc,heap     ] GC(238) Survivor regions: 1->1(4)
[443.397s][info][gc,heap     ] GC(238) Old regions: 34->34
[443.397s][info][gc,heap     ] GC(238) Archive regions: 2->2
[443.397s][info][gc,heap     ] GC(238) Humongous regions: 0->0
[443.397s][info][gc,metaspace] GC(238) Metaspace: 46770K(47824K)->46770K(47824K) NonClass: 41117K(41808K)->41117K(41808K) Class: 5652K(6016K)->5652K(6016K)
[443.397s][info][gc          ] GC(238) Pause Young (Concurrent Start) (G1 Evacuation Pause) 63M->35M(74M) 1.080ms
[443.397s][info][gc,cpu      ] GC(238) User=0.00s Sys=0.00s Real=0.00s
[443.397s][info][gc          ] GC(239) Concurrent Cycle
[443.397s][info][gc,marking  ] GC(239) Concurrent Clear Claimed Marks
[443.397s][info][gc,marking  ] GC(239) Concurrent Clear Claimed Marks 0.029ms
[443.397s][info][gc,marking  ] GC(239) Concurrent Scan Root Regions
[443.398s][info][gc,marking  ] GC(239) Concurrent Scan Root Regions 1.094ms
[443.398s][info][gc,marking  ] GC(239) Concurrent Mark (443.398s)
[443.398s][info][gc,marking  ] GC(239) Concurrent Mark From Roots
[443.398s][info][gc,task     ] GC(239) Using 2 workers of 2 for marking
[443.427s][info][gc,marking  ] GC(239) Concurrent Mark From Roots 29.098ms
[443.427s][info][gc,marking  ] GC(239) Concurrent Preclean
[443.427s][info][gc,marking  ] GC(239) Concurrent Preclean 0.105ms
[443.427s][info][gc,marking  ] GC(239) Concurrent Mark (443.398s, 443.427s) 29.295ms
[443.428s][info][gc,start    ] GC(239) Pause Remark
[443.430s][info][gc          ] GC(239) Pause Remark 38M->38M(74M) 1.946ms
[443.430s][info][gc,cpu      ] GC(239) User=0.01s Sys=0.00s Real=0.00s
[443.430s][info][gc,marking  ] GC(239) Concurrent Rebuild Remembered Sets
[443.446s][info][gc,marking  ] GC(239) Concurrent Rebuild Remembered Sets 16.017ms
[443.446s][info][gc,start    ] GC(239) Pause Cleanup
[443.446s][info][gc          ] GC(239) Pause Cleanup 41M->41M(74M) 0.075ms
[443.446s][info][gc,cpu      ] GC(239) User=0.00s Sys=0.00s Real=0.00s
[443.447s][info][gc,marking  ] GC(239) Concurrent Cleanup for Next Mark
[443.447s][info][gc,marking  ] GC(239) Concurrent Cleanup for Next Mark 0.129ms
[443.447s][info][gc          ] GC(239) Concurrent Cycle 50.112ms
[443.598s][info][gc,start    ] GC(240) Pause Young (Normal) (G1 Evacuation Pause)
[443.598s][info][gc,task     ] GC(240) Using 8 workers of 8 for evacuation
[443.600s][info][gc,phases   ] GC(240)   Pre Evacuate Collection Set: 0.1ms
[443.600s][info][gc,phases   ] GC(240)   Merge Heap Roots: 0.1ms
[443.600s][info][gc,phases   ] GC(240)   Evacuate Collection Set: 0.6ms
[443.600s][info][gc,phases   ] GC(240)   Post Evacuate Collection Set: 0.3ms
[443.600s][info][gc,phases   ] GC(240)   Other: 0.2ms
[443.600s][info][gc,heap     ] GC(240) Eden regions: 28->0(28)
[443.600s][info][gc,heap     ] GC(240) Survivor regions: 1->1(4)
[443.600s][info][gc,heap     ] GC(240) Old regions: 34->34
[443.600s][info][gc,heap     ] GC(240) Archive regions: 2->2
[443.600s][info][gc,heap     ] GC(240) Humongous regions: 0->0
[443.600s][info][gc,metaspace] GC(240) Metaspace: 46770K(47824K)->46770K(47824K) NonClass: 41118K(41808K)->41118K(41808K) Class: 5652K(6016K)->5652K(6016K)
[443.600s][info][gc          ] GC(240) Pause Young (Normal) (G1 Evacuation Pause) 63M->35M(74M) 1.480ms
[443.600s][info][gc,cpu      ] GC(240) User=0.00s Sys=0.00s Real=0.00s
[443.789s][info][gc,start    ] GC(241) Pause Young (Concurrent Start) (G1 Evacuation Pause)
[443.789s][info][gc,task     ] GC(241) Using 8 workers of 8 for evacuation
[443.790s][info][gc,phases   ] GC(241)   Pre Evacuate Collection Set: 0.1ms
[443.790s][info][gc,phases   ] GC(241)   Merge Heap Roots: 0.1ms
[443.790s][info][gc,phases   ] GC(241)   Evacuate Collection Set: 0.7ms
[443.790s][info][gc,phases   ] GC(241)   Post Evacuate Collection Set: 0.2ms
[443.790s][info][gc,phases   ] GC(241)   Other: 0.2ms
[443.790s][info][gc,heap     ] GC(241) Eden regions: 28->0(28)
[443.790s][info][gc,heap     ] GC(241) Survivor regions: 1->1(4)
[443.790s][info][gc,heap     ] GC(241) Old regions: 34->34
[443.790s][info][gc,heap     ] GC(241) Archive regions: 2->2
[443.790s][info][gc,heap     ] GC(241) Humongous regions: 0->0
[443.790s][info][gc,metaspace] GC(241) Metaspace: 46770K(47824K)->46770K(47824K) NonClass: 41118K(41808K)->41118K(41808K) Class: 5652K(6016K)->5652K(6016K)
[443.790s][info][gc          ] GC(241) Pause Young (Concurrent Start) (G1 Evacuation Pause) 63M->35M(74M) 1.462ms
[443.790s][info][gc,cpu      ] GC(241) User=0.00s Sys=0.00s Real=0.00s
[443.790s][info][gc          ] GC(242) Concurrent Cycle
[443.790s][info][gc,marking  ] GC(242) Concurrent Clear Claimed Marks
[443.790s][info][gc,marking  ] GC(242) Concurrent Clear Claimed Marks 0.039ms
[443.790s][info][gc,marking  ] GC(242) Concurrent Scan Root Regions
[443.791s][info][gc,marking  ] GC(242) Concurrent Scan Root Regions 0.625ms
[443.791s][info][gc,marking  ] GC(242) Concurrent Mark (443.791s)
[443.791s][info][gc,marking  ] GC(242) Concurrent Mark From Roots
[443.791s][info][gc,task     ] GC(242) Using 2 workers of 2 for marking
[443.821s][info][gc,marking  ] GC(242) Concurrent Mark From Roots 30.276ms
[443.821s][info][gc,marking  ] GC(242) Concurrent Preclean
[443.821s][info][gc,marking  ] GC(242) Concurrent Preclean 0.126ms
[443.821s][info][gc,marking  ] GC(242) Concurrent Mark (443.791s, 443.821s) 30.495ms
[443.822s][info][gc,start    ] GC(242) Pause Remark
[443.824s][info][gc          ] GC(242) Pause Remark 38M->38M(74M) 2.200ms
[443.824s][info][gc,cpu      ] GC(242) User=0.01s Sys=0.00s Real=0.01s
[443.824s][info][gc,marking  ] GC(242) Concurrent Rebuild Remembered Sets
[443.846s][info][gc,marking  ] GC(242) Concurrent Rebuild Remembered Sets 21.457ms
[443.846s][info][gc,start    ] GC(242) Pause Cleanup
[443.846s][info][gc          ] GC(242) Pause Cleanup 39M->39M(74M) 0.073ms
[443.846s][info][gc,cpu      ] GC(242) User=0.00s Sys=0.00s Real=0.00s
[443.846s][info][gc,marking  ] GC(242) Concurrent Cleanup for Next Mark
[443.846s][info][gc,marking  ] GC(242) Concurrent Cleanup for Next Mark 0.135ms
[443.846s][info][gc          ] GC(242) Concurrent Cycle 56.143ms
[444.002s][info][gc,start    ] GC(243) Pause Young (Normal) (G1 Evacuation Pause)
[444.002s][info][gc,task     ] GC(243) Using 8 workers of 8 for evacuation
[444.003s][info][gc,phases   ] GC(243)   Pre Evacuate Collection Set: 0.0ms
[444.003s][info][gc,phases   ] GC(243)   Merge Heap Roots: 0.0ms
[444.003s][info][gc,phases   ] GC(243)   Evacuate Collection Set: 0.6ms
[444.003s][info][gc,phases   ] GC(243)   Post Evacuate Collection Set: 0.2ms
[444.003s][info][gc,phases   ] GC(243)   Other: 0.1ms
[444.003s][info][gc,heap     ] GC(243) Eden regions: 28->0(27)
[444.003s][info][gc,heap     ] GC(243) Survivor regions: 1->1(4)
[444.003s][info][gc,heap     ] GC(243) Old regions: 34->35
[444.003s][info][gc,heap     ] GC(243) Archive regions: 2->2
[444.003s][info][gc,heap     ] GC(243) Humongous regions: 0->0
[444.003s][info][gc,metaspace] GC(243) Metaspace: 46770K(47824K)->46770K(47824K) NonClass: 41118K(41808K)->41118K(41808K) Class: 5652K(6016K)->5652K(6016K)
[444.003s][info][gc          ] GC(243) Pause Young (Normal) (G1 Evacuation Pause) 63M->35M(74M) 1.078ms
[444.003s][info][gc,cpu      ] GC(243) User=0.01s Sys=0.00s Real=0.01s
[444.187s][info][gc,start    ] GC(244) Pause Young (Concurrent Start) (G1 Evacuation Pause)
[444.187s][info][gc,task     ] GC(244) Using 8 workers of 8 for evacuation
[444.188s][info][gc,phases   ] GC(244)   Pre Evacuate Collection Set: 0.1ms
[444.188s][info][gc,phases   ] GC(244)   Merge Heap Roots: 0.0ms
[444.188s][info][gc,phases   ] GC(244)   Evacuate Collection Set: 0.6ms
[444.188s][info][gc,phases   ] GC(244)   Post Evacuate Collection Set: 0.3ms
[444.188s][info][gc,phases   ] GC(244)   Other: 0.2ms
[444.188s][info][gc,heap     ] GC(244) Eden regions: 27->0(27)
[444.188s][info][gc,heap     ] GC(244) Survivor regions: 1->1(4)
[444.188s][info][gc,heap     ] GC(244) Old regions: 35->35
[444.188s][info][gc,heap     ] GC(244) Archive regions: 2->2
[444.188s][info][gc,heap     ] GC(244) Humongous regions: 0->0
[444.188s][info][gc,metaspace] GC(244) Metaspace: 46770K(47824K)->46770K(47824K) NonClass: 41118K(41808K)->41118K(41808K) Class: 5652K(6016K)->5652K(6016K)
[444.188s][info][gc          ] GC(244) Pause Young (Concurrent Start) (G1 Evacuation Pause) 62M->35M(74M) 1.434ms
[444.188s][info][gc,cpu      ] GC(244) User=0.00s Sys=0.00s Real=0.00s
[444.188s][info][gc          ] GC(245) Concurrent Cycle
[444.188s][info][gc,marking  ] GC(245) Concurrent Clear Claimed Marks
[444.188s][info][gc,marking  ] GC(245) Concurrent Clear Claimed Marks 0.048ms
[444.188s][info][gc,marking  ] GC(245) Concurrent Scan Root Regions
[444.189s][info][gc,marking  ] GC(245) Concurrent Scan Root Regions 0.687ms
[444.189s][info][gc,marking  ] GC(245) Concurrent Mark (444.189s)
[444.189s][info][gc,marking  ] GC(245) Concurrent Mark From Roots
[444.189s][info][gc,task     ] GC(245) Using 2 workers of 2 for marking
[444.219s][info][gc,marking  ] GC(245) Concurrent Mark From Roots 30.583ms
[444.219s][info][gc,marking  ] GC(245) Concurrent Preclean
[444.220s][info][gc,marking  ] GC(245) Concurrent Preclean 0.057ms
[444.220s][info][gc,marking  ] GC(245) Concurrent Mark (444.189s, 444.220s) 30.696ms
[444.220s][info][gc,start    ] GC(245) Pause Remark
[444.222s][info][gc          ] GC(245) Pause Remark 39M->39M(74M) 2.596ms
[444.222s][info][gc,cpu      ] GC(245) User=0.01s Sys=0.00s Real=0.00s
[444.222s][info][gc,marking  ] GC(245) Concurrent Rebuild Remembered Sets
[444.242s][info][gc,marking  ] GC(245) Concurrent Rebuild Remembered Sets 19.219ms
[444.242s][info][gc,start    ] GC(245) Pause Cleanup
[444.242s][info][gc          ] GC(245) Pause Cleanup 42M->42M(74M) 0.083ms
[444.242s][info][gc,cpu      ] GC(245) User=0.00s Sys=0.00s Real=0.00s
[444.242s][info][gc,marking  ] GC(245) Concurrent Cleanup for Next Mark
[444.242s][info][gc,marking  ] GC(245) Concurrent Cleanup for Next Mark 0.107ms
[444.242s][info][gc          ] GC(245) Concurrent Cycle 54.108ms
[444.367s][info][gc,start    ] GC(246) Pause Young (Normal) (G1 Evacuation Pause)
[444.367s][info][gc,task     ] GC(246) Using 8 workers of 8 for evacuation
[444.367s][info][gc,phases   ] GC(246)   Pre Evacuate Collection Set: 0.0ms
[444.367s][info][gc,phases   ] GC(246)   Merge Heap Roots: 0.0ms
[444.367s][info][gc,phases   ] GC(246)   Evacuate Collection Set: 0.5ms
[444.367s][info][gc,phases   ] GC(246)   Post Evacuate Collection Set: 0.2ms
[444.367s][info][gc,phases   ] GC(246)   Other: 0.1ms
[444.367s][info][gc,heap     ] GC(246) Eden regions: 27->0(27)
[444.367s][info][gc,heap     ] GC(246) Survivor regions: 1->1(4)
[444.367s][info][gc,heap     ] GC(246) Old regions: 35->35
[444.367s][info][gc,heap     ] GC(246) Archive regions: 2->2
[444.367s][info][gc,heap     ] GC(246) Humongous regions: 0->0
[444.367s][info][gc,metaspace] GC(246) Metaspace: 46770K(47824K)->46770K(47824K) NonClass: 41118K(41808K)->41118K(41808K) Class: 5652K(6016K)->5652K(6016K)
[444.367s][info][gc          ] GC(246) Pause Young (Normal) (G1 Evacuation Pause) 62M->35M(74M) 0.949ms
[444.367s][info][gc,cpu      ] GC(246) User=0.01s Sys=0.00s Real=0.00s
[444.531s][info][gc,start    ] GC(247) Pause Young (Concurrent Start) (G1 Evacuation Pause)
[444.531s][info][gc,task     ] GC(247) Using 8 workers of 8 for evacuation
[444.532s][info][gc,phases   ] GC(247)   Pre Evacuate Collection Set: 0.1ms
[444.532s][info][gc,phases   ] GC(247)   Merge Heap Roots: 0.0ms
[444.532s][info][gc,phases   ] GC(247)   Evacuate Collection Set: 0.6ms
[444.532s][info][gc,phases   ] GC(247)   Post Evacuate Collection Set: 0.2ms
[444.532s][info][gc,phases   ] GC(247)   Other: 0.2ms
[444.532s][info][gc,heap     ] GC(247) Eden regions: 27->0(27)
[444.532s][info][gc,heap     ] GC(247) Survivor regions: 1->1(4)
[444.532s][info][gc,heap     ] GC(247) Old regions: 35->35
[444.532s][info][gc,heap     ] GC(247) Archive regions: 2->2
[444.532s][info][gc,heap     ] GC(247) Humongous regions: 0->0
[444.532s][info][gc,metaspace] GC(247) Metaspace: 46770K(47824K)->46770K(47824K) NonClass: 41118K(41808K)->41118K(41808K) Class: 5652K(6016K)->5652K(6016K)
[444.532s][info][gc          ] GC(247) Pause Young (Concurrent Start) (G1 Evacuation Pause) 62M->35M(74M) 1.147ms
[444.532s][info][gc,cpu      ] GC(247) User=0.00s Sys=0.00s Real=0.00s
[444.532s][info][gc          ] GC(248) Concurrent Cycle
[444.532s][info][gc,marking  ] GC(248) Concurrent Clear Claimed Marks
[444.532s][info][gc,marking  ] GC(248) Concurrent Clear Claimed Marks 0.040ms
[444.532s][info][gc,marking  ] GC(248) Concurrent Scan Root Regions
[444.533s][info][gc,marking  ] GC(248) Concurrent Scan Root Regions 0.604ms
[444.533s][info][gc,marking  ] GC(248) Concurrent Mark (444.533s)
[444.533s][info][gc,marking  ] GC(248) Concurrent Mark From Roots
[444.533s][info][gc,task     ] GC(248) Using 2 workers of 2 for marking
[444.561s][info][gc,marking  ] GC(248) Concurrent Mark From Roots 27.744ms
[444.561s][info][gc,marking  ] GC(248) Concurrent Preclean
[444.561s][info][gc,marking  ] GC(248) Concurrent Preclean 0.079ms
[444.561s][info][gc,marking  ] GC(248) Concurrent Mark (444.533s, 444.561s) 27.892ms
[444.561s][info][gc,start    ] GC(248) Pause Remark
[444.563s][info][gc          ] GC(248) Pause Remark 40M->40M(74M) 1.907ms
[444.563s][info][gc,cpu      ] GC(248) User=0.01s Sys=0.00s Real=0.01s
[444.563s][info][gc,marking  ] GC(248) Concurrent Rebuild Remembered Sets
[444.581s][info][gc,marking  ] GC(248) Concurrent Rebuild Remembered Sets 17.375ms
[444.581s][info][gc,start    ] GC(248) Pause Cleanup
[444.581s][info][gc          ] GC(248) Pause Cleanup 42M->42M(74M) 0.071ms
[444.581s][info][gc,cpu      ] GC(248) User=0.00s Sys=0.00s Real=0.00s
[444.581s][info][gc,marking  ] GC(248) Concurrent Cleanup for Next Mark
[444.581s][info][gc,marking  ] GC(248) Concurrent Cleanup for Next Mark 0.132ms
[444.581s][info][gc          ] GC(248) Concurrent Cycle 48.718ms
[444.708s][info][gc,start    ] GC(249) Pause Young (Normal) (G1 Evacuation Pause)
[444.708s][info][gc,task     ] GC(249) Using 8 workers of 8 for evacuation
[444.708s][info][gc,phases   ] GC(249)   Pre Evacuate Collection Set: 0.0ms
[444.708s][info][gc,phases   ] GC(249)   Merge Heap Roots: 0.0ms
[444.708s][info][gc,phases   ] GC(249)   Evacuate Collection Set: 0.4ms
[444.708s][info][gc,phases   ] GC(249)   Post Evacuate Collection Set: 0.2ms
[444.708s][info][gc,phases   ] GC(249)   Other: 0.2ms
[444.708s][info][gc,heap     ] GC(249) Eden regions: 27->0(27)
[444.708s][info][gc,heap     ] GC(249) Survivor regions: 1->1(4)
[444.708s][info][gc,heap     ] GC(249) Old regions: 35->35
[444.708s][info][gc,heap     ] GC(249) Archive regions: 2->2
[444.708s][info][gc,heap     ] GC(249) Humongous regions: 0->0
[444.708s][info][gc,metaspace] GC(249) Metaspace: 46770K(47824K)->46770K(47824K) NonClass: 41118K(41808K)->41118K(41808K) Class: 5652K(6016K)->5652K(6016K)
[444.709s][info][gc          ] GC(249) Pause Young (Normal) (G1 Evacuation Pause) 62M->35M(74M) 0.981ms
[444.709s][info][gc,cpu      ] GC(249) User=0.01s Sys=0.00s Real=0.00s
[444.869s][info][gc,start    ] GC(250) Pause Young (Concurrent Start) (G1 Evacuation Pause)
[444.869s][info][gc,task     ] GC(250) Using 8 workers of 8 for evacuation
[444.870s][info][gc,phases   ] GC(250)   Pre Evacuate Collection Set: 0.1ms
[444.870s][info][gc,phases   ] GC(250)   Merge Heap Roots: 0.0ms
[444.870s][info][gc,phases   ] GC(250)   Evacuate Collection Set: 0.7ms
[444.870s][info][gc,phases   ] GC(250)   Post Evacuate Collection Set: 0.2ms
[444.870s][info][gc,phases   ] GC(250)   Other: 0.2ms
[444.870s][info][gc,heap     ] GC(250) Eden regions: 27->0(27)
[444.870s][info][gc,heap     ] GC(250) Survivor regions: 1->1(4)
[444.870s][info][gc,heap     ] GC(250) Old regions: 35->35
[444.870s][info][gc,heap     ] GC(250) Archive regions: 2->2
[444.870s][info][gc,heap     ] GC(250) Humongous regions: 0->0
[444.870s][info][gc,metaspace] GC(250) Metaspace: 46770K(47824K)->46770K(47824K) NonClass: 41118K(41808K)->41118K(41808K) Class: 5652K(6016K)->5652K(6016K)
[444.870s][info][gc          ] GC(250) Pause Young (Concurrent Start) (G1 Evacuation Pause) 62M->35M(74M) 1.324ms
[444.870s][info][gc,cpu      ] GC(250) User=0.00s Sys=0.00s Real=0.00s
[444.870s][info][gc          ] GC(251) Concurrent Cycle
[444.870s][info][gc,marking  ] GC(251) Concurrent Clear Claimed Marks
[444.871s][info][gc,marking  ] GC(251) Concurrent Clear Claimed Marks 0.043ms
[444.871s][info][gc,marking  ] GC(251) Concurrent Scan Root Regions
[444.871s][info][gc,marking  ] GC(251) Concurrent Scan Root Regions 0.600ms
[444.871s][info][gc,marking  ] GC(251) Concurrent Mark (444.871s)
[444.871s][info][gc,marking  ] GC(251) Concurrent Mark From Roots
[444.871s][info][gc,task     ] GC(251) Using 2 workers of 2 for marking
[444.902s][info][gc,marking  ] GC(251) Concurrent Mark From Roots 30.739ms
[444.902s][info][gc,marking  ] GC(251) Concurrent Preclean
[444.902s][info][gc,marking  ] GC(251) Concurrent Preclean 0.086ms
[444.902s][info][gc,marking  ] GC(251) Concurrent Mark (444.871s, 444.902s) 30.887ms
[444.902s][info][gc,start    ] GC(251) Pause Remark
[444.905s][info][gc          ] GC(251) Pause Remark 40M->40M(74M) 2.791ms
[444.905s][info][gc,cpu      ] GC(251) User=0.01s Sys=0.00s Real=0.01s
[444.906s][info][gc,marking  ] GC(251) Concurrent Rebuild Remembered Sets
[444.923s][info][gc,marking  ] GC(251) Concurrent Rebuild Remembered Sets 17.301ms
[444.923s][info][gc,start    ] GC(251) Pause Cleanup
[444.924s][info][gc          ] GC(251) Pause Cleanup 42M->42M(74M) 0.091ms
[444.924s][info][gc,cpu      ] GC(251) User=0.00s Sys=0.00s Real=0.00s
[444.924s][info][gc,marking  ] GC(251) Concurrent Cleanup for Next Mark
[444.924s][info][gc,marking  ] GC(251) Concurrent Cleanup for Next Mark 0.205ms
[444.924s][info][gc          ] GC(251) Concurrent Cycle 53.544ms
[445.039s][info][gc,start    ] GC(252) Pause Young (Normal) (G1 Evacuation Pause)
[445.039s][info][gc,task     ] GC(252) Using 8 workers of 8 for evacuation
[445.040s][info][gc,phases   ] GC(252)   Pre Evacuate Collection Set: 0.0ms
[445.040s][info][gc,phases   ] GC(252)   Merge Heap Roots: 0.0ms
[445.040s][info][gc,phases   ] GC(252)   Evacuate Collection Set: 0.5ms
[445.040s][info][gc,phases   ] GC(252)   Post Evacuate Collection Set: 0.2ms
[445.040s][info][gc,phases   ] GC(252)   Other: 0.1ms
[445.040s][info][gc,heap     ] GC(252) Eden regions: 27->0(27)
[445.040s][info][gc,heap     ] GC(252) Survivor regions: 1->1(4)
[445.040s][info][gc,heap     ] GC(252) Old regions: 35->35
[445.040s][info][gc,heap     ] GC(252) Archive regions: 2->2
[445.040s][info][gc,heap     ] GC(252) Humongous regions: 0->0
[445.040s][info][gc,metaspace] GC(252) Metaspace: 46770K(47824K)->46770K(47824K) NonClass: 41118K(41808K)->41118K(41808K) Class: 5652K(6016K)->5652K(6016K)
[445.040s][info][gc          ] GC(252) Pause Young (Normal) (G1 Evacuation Pause) 62M->35M(74M) 1.050ms
[445.040s][info][gc,cpu      ] GC(252) User=0.00s Sys=0.00s Real=0.00s
[445.191s][info][gc,start    ] GC(253) Pause Young (Concurrent Start) (G1 Evacuation Pause)
[445.191s][info][gc,task     ] GC(253) Using 8 workers of 8 for evacuation
[445.192s][info][gc,phases   ] GC(253)   Pre Evacuate Collection Set: 0.1ms
[445.192s][info][gc,phases   ] GC(253)   Merge Heap Roots: 0.0ms
[445.192s][info][gc,phases   ] GC(253)   Evacuate Collection Set: 0.6ms
[445.192s][info][gc,phases   ] GC(253)   Post Evacuate Collection Set: 0.2ms
[445.192s][info][gc,phases   ] GC(253)   Other: 0.1ms
[445.192s][info][gc,heap     ] GC(253) Eden regions: 27->0(27)
[445.192s][info][gc,heap     ] GC(253) Survivor regions: 1->1(4)
[445.192s][info][gc,heap     ] GC(253) Old regions: 35->35
[445.192s][info][gc,heap     ] GC(253) Archive regions: 2->2
[445.192s][info][gc,heap     ] GC(253) Humongous regions: 0->0
[445.192s][info][gc,metaspace] GC(253) Metaspace: 46771K(47824K)->46771K(47824K) NonClass: 41118K(41808K)->41118K(41808K) Class: 5652K(6016K)->5652K(6016K)
[445.192s][info][gc          ] GC(253) Pause Young (Concurrent Start) (G1 Evacuation Pause) 62M->35M(74M) 1.101ms
[445.192s][info][gc,cpu      ] GC(253) User=0.01s Sys=0.00s Real=0.00s
[445.192s][info][gc          ] GC(254) Concurrent Cycle
[445.192s][info][gc,marking  ] GC(254) Concurrent Clear Claimed Marks
[445.192s][info][gc,marking  ] GC(254) Concurrent Clear Claimed Marks 0.028ms
[445.192s][info][gc,marking  ] GC(254) Concurrent Scan Root Regions
[445.193s][info][gc,marking  ] GC(254) Concurrent Scan Root Regions 0.990ms
[445.193s][info][gc,marking  ] GC(254) Concurrent Mark (445.193s)
[445.193s][info][gc,marking  ] GC(254) Concurrent Mark From Roots
[445.193s][info][gc,task     ] GC(254) Using 2 workers of 2 for marking
[445.225s][info][gc,marking  ] GC(254) Concurrent Mark From Roots 31.660ms
[445.225s][info][gc,marking  ] GC(254) Concurrent Preclean
[445.225s][info][gc,marking  ] GC(254) Concurrent Preclean 0.079ms
[445.225s][info][gc,marking  ] GC(254) Concurrent Mark (445.193s, 445.225s) 31.808ms
[445.225s][info][gc,start    ] GC(254) Pause Remark
[445.227s][info][gc          ] GC(254) Pause Remark 39M->39M(74M) 1.730ms
[445.227s][info][gc,cpu      ] GC(254) User=0.01s Sys=0.00s Real=0.00s
[445.227s][info][gc,marking  ] GC(254) Concurrent Rebuild Remembered Sets
[445.249s][info][gc,marking  ] GC(254) Concurrent Rebuild Remembered Sets 22.110ms
[445.249s][info][gc,start    ] GC(254) Pause Cleanup
[445.249s][info][gc          ] GC(254) Pause Cleanup 42M->42M(74M) 0.091ms
[445.249s][info][gc,cpu      ] GC(254) User=0.00s Sys=0.00s Real=0.00s
[445.250s][info][gc,marking  ] GC(254) Concurrent Cleanup for Next Mark
[445.250s][info][gc,marking  ] GC(254) Concurrent Cleanup for Next Mark 0.394ms
[445.250s][info][gc          ] GC(254) Concurrent Cycle 57.821ms
[445.379s][info][gc,start    ] GC(255) Pause Young (Normal) (G1 Evacuation Pause)
[445.379s][info][gc,task     ] GC(255) Using 8 workers of 8 for evacuation
[445.380s][info][gc,phases   ] GC(255)   Pre Evacuate Collection Set: 0.1ms
[445.380s][info][gc,phases   ] GC(255)   Merge Heap Roots: 0.0ms
[445.380s][info][gc,phases   ] GC(255)   Evacuate Collection Set: 0.5ms
[445.380s][info][gc,phases   ] GC(255)   Post Evacuate Collection Set: 0.3ms
[445.380s][info][gc,phases   ] GC(255)   Other: 0.2ms
[445.380s][info][gc,heap     ] GC(255) Eden regions: 27->0(27)
[445.380s][info][gc,heap     ] GC(255) Survivor regions: 1->1(4)
[445.380s][info][gc,heap     ] GC(255) Old regions: 35->35
[445.380s][info][gc,heap     ] GC(255) Archive regions: 2->2
[445.380s][info][gc,heap     ] GC(255) Humongous regions: 0->0
[445.380s][info][gc,metaspace] GC(255) Metaspace: 46771K(47824K)->46771K(47824K) NonClass: 41118K(41808K)->41118K(41808K) Class: 5652K(6016K)->5652K(6016K)
[445.381s][info][gc          ] GC(255) Pause Young (Normal) (G1 Evacuation Pause) 62M->35M(74M) 1.257ms
[445.381s][info][gc,cpu      ] GC(255) User=0.01s Sys=0.00s Real=0.00s
[445.543s][info][gc,start    ] GC(256) Pause Young (Concurrent Start) (G1 Evacuation Pause)
[445.543s][info][gc,task     ] GC(256) Using 8 workers of 8 for evacuation
[445.544s][info][gc,phases   ] GC(256)   Pre Evacuate Collection Set: 0.1ms
[445.544s][info][gc,phases   ] GC(256)   Merge Heap Roots: 0.0ms
[445.544s][info][gc,phases   ] GC(256)   Evacuate Collection Set: 0.5ms
[445.544s][info][gc,phases   ] GC(256)   Post Evacuate Collection Set: 0.2ms
[445.544s][info][gc,phases   ] GC(256)   Other: 0.1ms
[445.544s][info][gc,heap     ] GC(256) Eden regions: 27->0(27)
[445.544s][info][gc,heap     ] GC(256) Survivor regions: 1->1(4)
[445.544s][info][gc,heap     ] GC(256) Old regions: 35->35
[445.544s][info][gc,heap     ] GC(256) Archive regions: 2->2
[445.544s][info][gc,heap     ] GC(256) Humongous regions: 0->0
[445.544s][info][gc,metaspace] GC(256) Metaspace: 46771K(47824K)->46771K(47824K) NonClass: 41118K(41808K)->41118K(41808K) Class: 5652K(6016K)->5652K(6016K)
[445.544s][info][gc          ] GC(256) Pause Young (Concurrent Start) (G1 Evacuation Pause) 62M->35M(74M) 1.147ms
[445.544s][info][gc,cpu      ] GC(256) User=0.00s Sys=0.00s Real=0.00s
[445.544s][info][gc          ] GC(257) Concurrent Cycle
[445.544s][info][gc,marking  ] GC(257) Concurrent Clear Claimed Marks
[445.544s][info][gc,marking  ] GC(257) Concurrent Clear Claimed Marks 0.027ms
[445.545s][info][gc,marking  ] GC(257) Concurrent Scan Root Regions
[445.545s][info][gc,marking  ] GC(257) Concurrent Scan Root Regions 0.552ms
[445.545s][info][gc,marking  ] GC(257) Concurrent Mark (445.545s)
[445.545s][info][gc,marking  ] GC(257) Concurrent Mark From Roots
[445.545s][info][gc,task     ] GC(257) Using 2 workers of 2 for marking
[445.579s][info][gc,marking  ] GC(257) Concurrent Mark From Roots 33.714ms
[445.579s][info][gc,marking  ] GC(257) Concurrent Preclean
[445.579s][info][gc,marking  ] GC(257) Concurrent Preclean 0.084ms
[445.579s][info][gc,marking  ] GC(257) Concurrent Mark (445.545s, 445.579s) 33.865ms
[445.579s][info][gc,start    ] GC(257) Pause Remark
[445.581s][info][gc          ] GC(257) Pause Remark 38M->38M(74M) 1.972ms
[445.581s][info][gc,cpu      ] GC(257) User=0.01s Sys=0.00s Real=0.00s
[445.581s][info][gc,marking  ] GC(257) Concurrent Rebuild Remembered Sets
[445.599s][info][gc,marking  ] GC(257) Concurrent Rebuild Remembered Sets 17.504ms
[445.599s][info][gc,start    ] GC(257) Pause Cleanup
[445.599s][info][gc          ] GC(257) Pause Cleanup 40M->40M(74M) 0.078ms
[445.599s][info][gc,cpu      ] GC(257) User=0.00s Sys=0.00s Real=0.00s
[445.600s][info][gc,marking  ] GC(257) Concurrent Cleanup for Next Mark
[445.600s][info][gc,marking  ] GC(257) Concurrent Cleanup for Next Mark 0.178ms
[445.600s][info][gc          ] GC(257) Concurrent Cycle 55.284ms
[445.752s][info][gc,start    ] GC(258) Pause Young (Normal) (G1 Evacuation Pause)
[445.752s][info][gc,task     ] GC(258) Using 8 workers of 8 for evacuation
[445.753s][info][gc,phases   ] GC(258)   Pre Evacuate Collection Set: 0.0ms
[445.753s][info][gc,phases   ] GC(258)   Merge Heap Roots: 0.0ms
[445.753s][info][gc,phases   ] GC(258)   Evacuate Collection Set: 0.6ms
[445.753s][info][gc,phases   ] GC(258)   Post Evacuate Collection Set: 0.3ms
[445.753s][info][gc,phases   ] GC(258)   Other: 0.1ms
[445.753s][info][gc,heap     ] GC(258) Eden regions: 27->0(27)
[445.753s][info][gc,heap     ] GC(258) Survivor regions: 1->1(4)
[445.753s][info][gc,heap     ] GC(258) Old regions: 35->35
[445.753s][info][gc,heap     ] GC(258) Archive regions: 2->2
[445.753s][info][gc,heap     ] GC(258) Humongous regions: 0->0
[445.753s][info][gc,metaspace] GC(258) Metaspace: 46771K(47824K)->46771K(47824K) NonClass: 41118K(41808K)->41118K(41808K) Class: 5652K(6016K)->5652K(6016K)
[445.753s][info][gc          ] GC(258) Pause Young (Normal) (G1 Evacuation Pause) 62M->35M(74M) 1.120ms
[445.753s][info][gc,cpu      ] GC(258) User=0.01s Sys=0.00s Real=0.01s
[445.951s][info][gc,start    ] GC(259) Pause Young (Concurrent Start) (G1 Evacuation Pause)
[445.952s][info][gc,task     ] GC(259) Using 8 workers of 8 for evacuation
[445.953s][info][gc,phases   ] GC(259)   Pre Evacuate Collection Set: 0.1ms
[445.953s][info][gc,phases   ] GC(259)   Merge Heap Roots: 0.0ms
[445.953s][info][gc,phases   ] GC(259)   Evacuate Collection Set: 0.7ms
[445.953s][info][gc,phases   ] GC(259)   Post Evacuate Collection Set: 0.2ms
[445.953s][info][gc,phases   ] GC(259)   Other: 0.2ms
[445.953s][info][gc,heap     ] GC(259) Eden regions: 27->0(27)
[445.953s][info][gc,heap     ] GC(259) Survivor regions: 1->1(4)
[445.953s][info][gc,heap     ] GC(259) Old regions: 35->35
[445.953s][info][gc,heap     ] GC(259) Archive regions: 2->2
[445.953s][info][gc,heap     ] GC(259) Humongous regions: 0->0
[445.953s][info][gc,metaspace] GC(259) Metaspace: 46771K(47824K)->46771K(47824K) NonClass: 41118K(41808K)->41118K(41808K) Class: 5652K(6016K)->5652K(6016K)
[445.953s][info][gc          ] GC(259) Pause Young (Concurrent Start) (G1 Evacuation Pause) 62M->35M(74M) 1.384ms
[445.953s][info][gc,cpu      ] GC(259) User=0.00s Sys=0.00s Real=0.00s
[445.953s][info][gc          ] GC(260) Concurrent Cycle
[445.953s][info][gc,marking  ] GC(260) Concurrent Clear Claimed Marks
[445.953s][info][gc,marking  ] GC(260) Concurrent Clear Claimed Marks 0.046ms
[445.953s][info][gc,marking  ] GC(260) Concurrent Scan Root Regions
[445.954s][info][gc,marking  ] GC(260) Concurrent Scan Root Regions 0.985ms
[445.954s][info][gc,marking  ] GC(260) Concurrent Mark (445.954s)
[445.954s][info][gc,marking  ] GC(260) Concurrent Mark From Roots
[445.954s][info][gc,task     ] GC(260) Using 2 workers of 2 for marking
[445.982s][info][gc,marking  ] GC(260) Concurrent Mark From Roots 27.844ms
[445.982s][info][gc,marking  ] GC(260) Concurrent Preclean
[445.982s][info][gc,marking  ] GC(260) Concurrent Preclean 0.077ms
[445.982s][info][gc,marking  ] GC(260) Concurrent Mark (445.954s, 445.982s) 27.987ms
[445.982s][info][gc,start    ] GC(260) Pause Remark
[445.984s][info][gc          ] GC(260) Pause Remark 40M->40M(74M) 2.055ms
[445.984s][info][gc,cpu      ] GC(260) User=0.01s Sys=0.00s Real=0.01s
[445.985s][info][gc,marking  ] GC(260) Concurrent Rebuild Remembered Sets
[446.004s][info][gc,marking  ] GC(260) Concurrent Rebuild Remembered Sets 18.906ms
[446.005s][info][gc,start    ] GC(260) Pause Cleanup
[446.005s][info][gc          ] GC(260) Pause Cleanup 42M->42M(74M) 0.121ms
[446.005s][info][gc,cpu      ] GC(260) User=0.00s Sys=0.00s Real=0.00s
[446.005s][info][gc,marking  ] GC(260) Concurrent Cleanup for Next Mark
[446.005s][info][gc,marking  ] GC(260) Concurrent Cleanup for Next Mark 0.195ms
[446.005s][info][gc          ] GC(260) Concurrent Cycle 52.456ms
[446.124s][info][gc,start    ] GC(261) Pause Young (Normal) (G1 Evacuation Pause)
[446.124s][info][gc,task     ] GC(261) Using 8 workers of 8 for evacuation
[446.124s][info][gc,phases   ] GC(261)   Pre Evacuate Collection Set: 0.0ms
[446.124s][info][gc,phases   ] GC(261)   Merge Heap Roots: 0.0ms
[446.124s][info][gc,phases   ] GC(261)   Evacuate Collection Set: 0.4ms
[446.124s][info][gc,phases   ] GC(261)   Post Evacuate Collection Set: 0.2ms
[446.125s][info][gc,phases   ] GC(261)   Other: 0.1ms
[446.125s][info][gc,heap     ] GC(261) Eden regions: 27->0(27)
[446.125s][info][gc,heap     ] GC(261) Survivor regions: 1->1(4)
[446.125s][info][gc,heap     ] GC(261) Old regions: 35->35
[446.125s][info][gc,heap     ] GC(261) Archive regions: 2->2
[446.125s][info][gc,heap     ] GC(261) Humongous regions: 0->0
[446.125s][info][gc,metaspace] GC(261) Metaspace: 46771K(47824K)->46771K(47824K) NonClass: 41118K(41808K)->41118K(41808K) Class: 5652K(6016K)->5652K(6016K)
[446.125s][info][gc          ] GC(261) Pause Young (Normal) (G1 Evacuation Pause) 62M->35M(74M) 0.925ms
[446.125s][info][gc,cpu      ] GC(261) User=0.00s Sys=0.00s Real=0.00s
[446.280s][info][gc,start    ] GC(262) Pause Young (Concurrent Start) (G1 Evacuation Pause)
[446.280s][info][gc,task     ] GC(262) Using 8 workers of 8 for evacuation
[446.281s][info][gc,phases   ] GC(262)   Pre Evacuate Collection Set: 0.1ms
[446.281s][info][gc,phases   ] GC(262)   Merge Heap Roots: 0.0ms
[446.281s][info][gc,phases   ] GC(262)   Evacuate Collection Set: 0.6ms
[446.281s][info][gc,phases   ] GC(262)   Post Evacuate Collection Set: 0.2ms
[446.281s][info][gc,phases   ] GC(262)   Other: 0.2ms
[446.281s][info][gc,heap     ] GC(262) Eden regions: 27->0(27)
[446.281s][info][gc,heap     ] GC(262) Survivor regions: 1->1(4)
[446.281s][info][gc,heap     ] GC(262) Old regions: 35->35
[446.281s][info][gc,heap     ] GC(262) Archive regions: 2->2
[446.281s][info][gc,heap     ] GC(262) Humongous regions: 0->0
[446.281s][info][gc,metaspace] GC(262) Metaspace: 46773K(47824K)->46773K(47824K) NonClass: 41121K(41808K)->41121K(41808K) Class: 5652K(6016K)->5652K(6016K)
[446.281s][info][gc          ] GC(262) Pause Young (Concurrent Start) (G1 Evacuation Pause) 62M->35M(74M) 1.236ms
[446.281s][info][gc,cpu      ] GC(262) User=0.00s Sys=0.00s Real=0.00s
[446.281s][info][gc          ] GC(263) Concurrent Cycle
[446.281s][info][gc,marking  ] GC(263) Concurrent Clear Claimed Marks
[446.281s][info][gc,marking  ] GC(263) Concurrent Clear Claimed Marks 0.039ms
[446.281s][info][gc,marking  ] GC(263) Concurrent Scan Root Regions
[446.282s][info][gc,marking  ] GC(263) Concurrent Scan Root Regions 0.971ms
[446.282s][info][gc,marking  ] GC(263) Concurrent Mark (446.282s)
[446.282s][info][gc,marking  ] GC(263) Concurrent Mark From Roots
[446.282s][info][gc,task     ] GC(263) Using 2 workers of 2 for marking
[446.313s][info][gc,marking  ] GC(263) Concurrent Mark From Roots 30.328ms
[446.313s][info][gc,marking  ] GC(263) Concurrent Preclean
[446.313s][info][gc,marking  ] GC(263) Concurrent Preclean 0.084ms
[446.313s][info][gc,marking  ] GC(263) Concurrent Mark (446.282s, 446.313s) 30.513ms
[446.313s][info][gc,start    ] GC(263) Pause Remark
[446.315s][info][gc          ] GC(263) Pause Remark 39M->39M(74M) 1.819ms
[446.315s][info][gc,cpu      ] GC(263) User=0.01s Sys=0.00s Real=0.00s
[446.315s][info][gc,marking  ] GC(263) Concurrent Rebuild Remembered Sets
[446.335s][info][gc,marking  ] GC(263) Concurrent Rebuild Remembered Sets 19.445ms
[446.335s][info][gc,start    ] GC(263) Pause Cleanup
[446.335s][info][gc          ] GC(263) Pause Cleanup 42M->42M(74M) 0.075ms
[446.335s][info][gc,cpu      ] GC(263) User=0.00s Sys=0.00s Real=0.00s
[446.335s][info][gc,marking  ] GC(263) Concurrent Cleanup for Next Mark
[446.335s][info][gc,marking  ] GC(263) Concurrent Cleanup for Next Mark 0.136ms
[446.335s][info][gc          ] GC(263) Concurrent Cycle 53.796ms
[446.456s][info][gc,start    ] GC(264) Pause Young (Normal) (G1 Evacuation Pause)
[446.456s][info][gc,task     ] GC(264) Using 8 workers of 8 for evacuation
[446.457s][info][gc,phases   ] GC(264)   Pre Evacuate Collection Set: 0.0ms
[446.457s][info][gc,phases   ] GC(264)   Merge Heap Roots: 0.0ms
[446.457s][info][gc,phases   ] GC(264)   Evacuate Collection Set: 0.4ms
[446.457s][info][gc,phases   ] GC(264)   Post Evacuate Collection Set: 0.2ms
[446.457s][info][gc,phases   ] GC(264)   Other: 0.2ms
[446.457s][info][gc,heap     ] GC(264) Eden regions: 27->0(27)
[446.457s][info][gc,heap     ] GC(264) Survivor regions: 1->1(4)
[446.457s][info][gc,heap     ] GC(264) Old regions: 35->35
[446.457s][info][gc,heap     ] GC(264) Archive regions: 2->2
[446.457s][info][gc,heap     ] GC(264) Humongous regions: 0->0
[446.457s][info][gc,metaspace] GC(264) Metaspace: 46773K(47824K)->46773K(47824K) NonClass: 41121K(41808K)->41121K(41808K) Class: 5652K(6016K)->5652K(6016K)
[446.457s][info][gc          ] GC(264) Pause Young (Normal) (G1 Evacuation Pause) 62M->35M(74M) 0.961ms
[446.457s][info][gc,cpu      ] GC(264) User=0.01s Sys=0.00s Real=0.00s
[446.612s][info][gc,start    ] GC(265) Pause Young (Concurrent Start) (G1 Evacuation Pause)
[446.612s][info][gc,task     ] GC(265) Using 8 workers of 8 for evacuation
[446.614s][info][gc,phases   ] GC(265)   Pre Evacuate Collection Set: 0.2ms
[446.614s][info][gc,phases   ] GC(265)   Merge Heap Roots: 0.0ms
[446.614s][info][gc,phases   ] GC(265)   Evacuate Collection Set: 1.2ms
[446.614s][info][gc,phases   ] GC(265)   Post Evacuate Collection Set: 0.3ms
[446.614s][info][gc,phases   ] GC(265)   Other: 0.3ms
[446.614s][info][gc,heap     ] GC(265) Eden regions: 27->0(27)
[446.614s][info][gc,heap     ] GC(265) Survivor regions: 1->1(4)
[446.614s][info][gc,heap     ] GC(265) Old regions: 35->35
[446.614s][info][gc,heap     ] GC(265) Archive regions: 2->2
[446.614s][info][gc,heap     ] GC(265) Humongous regions: 0->0
[446.614s][info][gc,metaspace] GC(265) Metaspace: 46773K(47824K)->46773K(47824K) NonClass: 41121K(41808K)->41121K(41808K) Class: 5652K(6016K)->5652K(6016K)
[446.614s][info][gc          ] GC(265) Pause Young (Concurrent Start) (G1 Evacuation Pause) 62M->35M(74M) 2.114ms
[446.614s][info][gc,cpu      ] GC(265) User=0.00s Sys=0.00s Real=0.01s
[446.614s][info][gc          ] GC(266) Concurrent Cycle
[446.614s][info][gc,marking  ] GC(266) Concurrent Clear Claimed Marks
[446.614s][info][gc,marking  ] GC(266) Concurrent Clear Claimed Marks 0.084ms
[446.614s][info][gc,marking  ] GC(266) Concurrent Scan Root Regions
[446.615s][info][gc,marking  ] GC(266) Concurrent Scan Root Regions 1.042ms
[446.615s][info][gc,marking  ] GC(266) Concurrent Mark (446.615s)
[446.615s][info][gc,marking  ] GC(266) Concurrent Mark From Roots
[446.615s][info][gc,task     ] GC(266) Using 2 workers of 2 for marking
[446.646s][info][gc,marking  ] GC(266) Concurrent Mark From Roots 31.087ms
[446.646s][info][gc,marking  ] GC(266) Concurrent Preclean
[446.646s][info][gc,marking  ] GC(266) Concurrent Preclean 0.073ms
[446.646s][info][gc,marking  ] GC(266) Concurrent Mark (446.615s, 446.646s) 31.234ms
[446.647s][info][gc,start    ] GC(266) Pause Remark
[446.649s][info][gc          ] GC(266) Pause Remark 39M->39M(74M) 2.068ms
[446.649s][info][gc,cpu      ] GC(266) User=0.01s Sys=0.00s Real=0.00s
[446.649s][info][gc,marking  ] GC(266) Concurrent Rebuild Remembered Sets
[446.667s][info][gc,marking  ] GC(266) Concurrent Rebuild Remembered Sets 18.475ms
[446.667s][info][gc,start    ] GC(266) Pause Cleanup
[446.667s][info][gc          ] GC(266) Pause Cleanup 42M->42M(74M) 0.091ms
[446.667s][info][gc,cpu      ] GC(266) User=0.00s Sys=0.00s Real=0.00s
[446.668s][info][gc,marking  ] GC(266) Concurrent Cleanup for Next Mark
[446.668s][info][gc,marking  ] GC(266) Concurrent Cleanup for Next Mark 0.164ms
[446.668s][info][gc          ] GC(266) Concurrent Cycle 53.794ms
[446.784s][info][gc,start    ] GC(267) Pause Young (Normal) (G1 Evacuation Pause)
[446.784s][info][gc,task     ] GC(267) Using 8 workers of 8 for evacuation
[446.785s][info][gc,phases   ] GC(267)   Pre Evacuate Collection Set: 0.1ms
[446.785s][info][gc,phases   ] GC(267)   Merge Heap Roots: 0.0ms
[446.785s][info][gc,phases   ] GC(267)   Evacuate Collection Set: 0.4ms
[446.785s][info][gc,phases   ] GC(267)   Post Evacuate Collection Set: 0.2ms
[446.785s][info][gc,phases   ] GC(267)   Other: 0.1ms
[446.785s][info][gc,heap     ] GC(267) Eden regions: 27->0(27)
[446.785s][info][gc,heap     ] GC(267) Survivor regions: 1->1(4)
[446.785s][info][gc,heap     ] GC(267) Old regions: 35->35
[446.785s][info][gc,heap     ] GC(267) Archive regions: 2->2
[446.785s][info][gc,heap     ] GC(267) Humongous regions: 0->0
[446.785s][info][gc,metaspace] GC(267) Metaspace: 46773K(47824K)->46773K(47824K) NonClass: 41121K(41808K)->41121K(41808K) Class: 5652K(6016K)->5652K(6016K)
[446.785s][info][gc          ] GC(267) Pause Young (Normal) (G1 Evacuation Pause) 62M->35M(74M) 0.949ms
[446.785s][info][gc,cpu      ] GC(267) User=0.00s Sys=0.00s Real=0.00s
[446.940s][info][gc,start    ] GC(268) Pause Young (Concurrent Start) (G1 Evacuation Pause)
[446.940s][info][gc,task     ] GC(268) Using 8 workers of 8 for evacuation
[446.941s][info][gc,phases   ] GC(268)   Pre Evacuate Collection Set: 0.1ms
[446.941s][info][gc,phases   ] GC(268)   Merge Heap Roots: 0.0ms
[446.941s][info][gc,phases   ] GC(268)   Evacuate Collection Set: 0.7ms
[446.941s][info][gc,phases   ] GC(268)   Post Evacuate Collection Set: 0.2ms
[446.941s][info][gc,phases   ] GC(268)   Other: 0.2ms
[446.941s][info][gc,heap     ] GC(268) Eden regions: 27->0(27)
[446.941s][info][gc,heap     ] GC(268) Survivor regions: 1->1(4)
[446.941s][info][gc,heap     ] GC(268) Old regions: 35->35
[446.941s][info][gc,heap     ] GC(268) Archive regions: 2->2
[446.941s][info][gc,heap     ] GC(268) Humongous regions: 0->0
[446.941s][info][gc,metaspace] GC(268) Metaspace: 46773K(47824K)->46773K(47824K) NonClass: 41121K(41808K)->41121K(41808K) Class: 5652K(6016K)->5652K(6016K)
[446.941s][info][gc          ] GC(268) Pause Young (Concurrent Start) (G1 Evacuation Pause) 62M->35M(74M) 1.339ms
[446.941s][info][gc,cpu      ] GC(268) User=0.01s Sys=0.00s Real=0.00s
[446.941s][info][gc          ] GC(269) Concurrent Cycle
[446.941s][info][gc,marking  ] GC(269) Concurrent Clear Claimed Marks
[446.941s][info][gc,marking  ] GC(269) Concurrent Clear Claimed Marks 0.048ms
[446.941s][info][gc,marking  ] GC(269) Concurrent Scan Root Regions
[446.942s][info][gc,marking  ] GC(269) Concurrent Scan Root Regions 0.579ms
[446.942s][info][gc,marking  ] GC(269) Concurrent Mark (446.942s)
[446.942s][info][gc,marking  ] GC(269) Concurrent Mark From Roots
[446.942s][info][gc,task     ] GC(269) Using 2 workers of 2 for marking
[446.971s][info][gc,marking  ] GC(269) Concurrent Mark From Roots 29.623ms
[446.971s][info][gc,marking  ] GC(269) Concurrent Preclean
[446.972s][info][gc,marking  ] GC(269) Concurrent Preclean 0.095ms
[446.972s][info][gc,marking  ] GC(269) Concurrent Mark (446.942s, 446.972s) 29.823ms
[446.972s][info][gc,start    ] GC(269) Pause Remark
[446.974s][info][gc          ] GC(269) Pause Remark 39M->39M(74M) 2.050ms
[446.974s][info][gc,cpu      ] GC(269) User=0.01s Sys=0.00s Real=0.01s
[446.974s][info][gc,marking  ] GC(269) Concurrent Rebuild Remembered Sets
[446.992s][info][gc,marking  ] GC(269) Concurrent Rebuild Remembered Sets 17.780ms
[446.992s][info][gc,start    ] GC(269) Pause Cleanup
[446.992s][info][gc          ] GC(269) Pause Cleanup 41M->41M(74M) 0.079ms
[446.992s][info][gc,cpu      ] GC(269) User=0.00s Sys=0.00s Real=0.00s
[446.992s][info][gc,marking  ] GC(269) Concurrent Cleanup for Next Mark
[446.992s][info][gc,marking  ] GC(269) Concurrent Cleanup for Next Mark 0.140ms
[446.992s][info][gc          ] GC(269) Concurrent Cycle 51.273ms
[447.099s][info][gc,start    ] GC(270) Pause Young (Normal) (G1 Evacuation Pause)
[447.099s][info][gc,task     ] GC(270) Using 8 workers of 8 for evacuation
[447.100s][info][gc,phases   ] GC(270)   Pre Evacuate Collection Set: 0.1ms
[447.100s][info][gc,phases   ] GC(270)   Merge Heap Roots: 0.1ms
[447.100s][info][gc,phases   ] GC(270)   Evacuate Collection Set: 0.5ms
[447.100s][info][gc,phases   ] GC(270)   Post Evacuate Collection Set: 0.2ms
[447.100s][info][gc,phases   ] GC(270)   Other: 0.2ms
[447.100s][info][gc,heap     ] GC(270) Eden regions: 27->0(27)
[447.100s][info][gc,heap     ] GC(270) Survivor regions: 1->1(4)
[447.100s][info][gc,heap     ] GC(270) Old regions: 35->35
[447.100s][info][gc,heap     ] GC(270) Archive regions: 2->2
[447.100s][info][gc,heap     ] GC(270) Humongous regions: 0->0
[447.100s][info][gc,metaspace] GC(270) Metaspace: 46773K(47824K)->46773K(47824K) NonClass: 41121K(41808K)->41121K(41808K) Class: 5652K(6016K)->5652K(6016K)
[447.100s][info][gc          ] GC(270) Pause Young (Normal) (G1 Evacuation Pause) 62M->35M(74M) 1.242ms
[447.100s][info][gc,cpu      ] GC(270) User=0.00s Sys=0.00s Real=0.00s
[447.269s][info][gc,start    ] GC(271) Pause Young (Concurrent Start) (G1 Evacuation Pause)
[447.269s][info][gc,task     ] GC(271) Using 8 workers of 8 for evacuation
[447.270s][info][gc,phases   ] GC(271)   Pre Evacuate Collection Set: 0.1ms
[447.270s][info][gc,phases   ] GC(271)   Merge Heap Roots: 0.0ms
[447.270s][info][gc,phases   ] GC(271)   Evacuate Collection Set: 0.7ms
[447.270s][info][gc,phases   ] GC(271)   Post Evacuate Collection Set: 0.2ms
[447.270s][info][gc,phases   ] GC(271)   Other: 0.3ms
[447.270s][info][gc,heap     ] GC(271) Eden regions: 27->0(27)
[447.270s][info][gc,heap     ] GC(271) Survivor regions: 1->1(4)
[447.270s][info][gc,heap     ] GC(271) Old regions: 35->35
[447.270s][info][gc,heap     ] GC(271) Archive regions: 2->2
[447.270s][info][gc,heap     ] GC(271) Humongous regions: 0->0
[447.270s][info][gc,metaspace] GC(271) Metaspace: 46773K(47824K)->46773K(47824K) NonClass: 41121K(41808K)->41121K(41808K) Class: 5652K(6016K)->5652K(6016K)
[447.270s][info][gc          ] GC(271) Pause Young (Concurrent Start) (G1 Evacuation Pause) 62M->35M(74M) 1.483ms
[447.270s][info][gc,cpu      ] GC(271) User=0.01s Sys=0.00s Real=0.00s
[447.270s][info][gc          ] GC(272) Concurrent Cycle
[447.270s][info][gc,marking  ] GC(272) Concurrent Clear Claimed Marks
[447.270s][info][gc,marking  ] GC(272) Concurrent Clear Claimed Marks 0.055ms
[447.270s][info][gc,marking  ] GC(272) Concurrent Scan Root Regions
[447.272s][info][gc,marking  ] GC(272) Concurrent Scan Root Regions 1.197ms
[447.272s][info][gc,marking  ] GC(272) Concurrent Mark (447.272s)
[447.272s][info][gc,marking  ] GC(272) Concurrent Mark From Roots
[447.272s][info][gc,task     ] GC(272) Using 2 workers of 2 for marking
[447.301s][info][gc,marking  ] GC(272) Concurrent Mark From Roots 29.498ms
[447.301s][info][gc,marking  ] GC(272) Concurrent Preclean
[447.301s][info][gc,marking  ] GC(272) Concurrent Preclean 0.089ms
[447.301s][info][gc,marking  ] GC(272) Concurrent Mark (447.272s, 447.301s) 29.660ms
[447.301s][info][gc,start    ] GC(272) Pause Remark
[447.303s][info][gc          ] GC(272) Pause Remark 39M->39M(74M) 1.861ms
[447.303s][info][gc,cpu      ] GC(272) User=0.01s Sys=0.00s Real=0.01s
[447.303s][info][gc,marking  ] GC(272) Concurrent Rebuild Remembered Sets
[447.323s][info][gc,marking  ] GC(272) Concurrent Rebuild Remembered Sets 19.378ms
[447.323s][info][gc,start    ] GC(272) Pause Cleanup
[447.323s][info][gc          ] GC(272) Pause Cleanup 42M->42M(74M) 0.077ms
[447.323s][info][gc,cpu      ] GC(272) User=0.00s Sys=0.00s Real=0.01s
[447.323s][info][gc,marking  ] GC(272) Concurrent Cleanup for Next Mark
[447.323s][info][gc,marking  ] GC(272) Concurrent Cleanup for Next Mark 0.115ms
[447.323s][info][gc          ] GC(272) Concurrent Cycle 52.955ms
[447.452s][info][gc,start    ] GC(273) Pause Young (Normal) (G1 Evacuation Pause)
[447.452s][info][gc,task     ] GC(273) Using 8 workers of 8 for evacuation
[447.453s][info][gc,phases   ] GC(273)   Pre Evacuate Collection Set: 0.0ms
[447.453s][info][gc,phases   ] GC(273)   Merge Heap Roots: 0.0ms
[447.453s][info][gc,phases   ] GC(273)   Evacuate Collection Set: 0.5ms
[447.453s][info][gc,phases   ] GC(273)   Post Evacuate Collection Set: 0.2ms
[447.453s][info][gc,phases   ] GC(273)   Other: 0.1ms
[447.453s][info][gc,heap     ] GC(273) Eden regions: 27->0(27)
[447.453s][info][gc,heap     ] GC(273) Survivor regions: 1->1(4)
[447.453s][info][gc,heap     ] GC(273) Old regions: 35->35
[447.453s][info][gc,heap     ] GC(273) Archive regions: 2->2
[447.453s][info][gc,heap     ] GC(273) Humongous regions: 0->0
[447.453s][info][gc,metaspace] GC(273) Metaspace: 46773K(47824K)->46773K(47824K) NonClass: 41121K(41808K)->41121K(41808K) Class: 5652K(6016K)->5652K(6016K)
[447.453s][info][gc          ] GC(273) Pause Young (Normal) (G1 Evacuation Pause) 62M->35M(74M) 0.963ms
[447.453s][info][gc,cpu      ] GC(273) User=0.01s Sys=0.00s Real=0.00s
[447.613s][info][gc,start    ] GC(274) Pause Young (Concurrent Start) (G1 Evacuation Pause)
[447.613s][info][gc,task     ] GC(274) Using 8 workers of 8 for evacuation
[447.614s][info][gc,phases   ] GC(274)   Pre Evacuate Collection Set: 0.1ms
[447.614s][info][gc,phases   ] GC(274)   Merge Heap Roots: 0.0ms
[447.614s][info][gc,phases   ] GC(274)   Evacuate Collection Set: 0.7ms
[447.614s][info][gc,phases   ] GC(274)   Post Evacuate Collection Set: 0.2ms
[447.614s][info][gc,phases   ] GC(274)   Other: 0.2ms
[447.614s][info][gc,heap     ] GC(274) Eden regions: 27->0(27)
[447.614s][info][gc,heap     ] GC(274) Survivor regions: 1->1(4)
[447.614s][info][gc,heap     ] GC(274) Old regions: 35->35
[447.615s][info][gc,heap     ] GC(274) Archive regions: 2->2
[447.615s][info][gc,heap     ] GC(274) Humongous regions: 0->0
[447.615s][info][gc,metaspace] GC(274) Metaspace: 46773K(47824K)->46773K(47824K) NonClass: 41121K(41808K)->41121K(41808K) Class: 5652K(6016K)->5652K(6016K)
[447.615s][info][gc          ] GC(274) Pause Young (Concurrent Start) (G1 Evacuation Pause) 62M->35M(74M) 1.460ms
[447.615s][info][gc,cpu      ] GC(274) User=0.01s Sys=0.00s Real=0.00s
[447.615s][info][gc          ] GC(275) Concurrent Cycle
[447.615s][info][gc,marking  ] GC(275) Concurrent Clear Claimed Marks
[447.615s][info][gc,marking  ] GC(275) Concurrent Clear Claimed Marks 0.094ms
[447.615s][info][gc,marking  ] GC(275) Concurrent Scan Root Regions
[447.616s][info][gc,marking  ] GC(275) Concurrent Scan Root Regions 1.204ms
[447.616s][info][gc,marking  ] GC(275) Concurrent Mark (447.616s)
[447.616s][info][gc,marking  ] GC(275) Concurrent Mark From Roots
[447.616s][info][gc,task     ] GC(275) Using 2 workers of 2 for marking
[447.647s][info][gc,marking  ] GC(275) Concurrent Mark From Roots 30.967ms
[447.647s][info][gc,marking  ] GC(275) Concurrent Preclean
[447.647s][info][gc,marking  ] GC(275) Concurrent Preclean 0.104ms
[447.647s][info][gc,marking  ] GC(275) Concurrent Mark (447.616s, 447.647s) 31.160ms
[447.648s][info][gc,start    ] GC(275) Pause Remark
[447.650s][info][gc          ] GC(275) Pause Remark 39M->39M(74M) 2.091ms
[447.650s][info][gc,cpu      ] GC(275) User=0.01s Sys=0.00s Real=0.00s
[447.650s][info][gc,marking  ] GC(275) Concurrent Rebuild Remembered Sets
[447.667s][info][gc,marking  ] GC(275) Concurrent Rebuild Remembered Sets 17.212ms
[447.667s][info][gc,start    ] GC(275) Pause Cleanup
[447.667s][info][gc          ] GC(275) Pause Cleanup 42M->42M(74M) 0.074ms
[447.667s][info][gc,cpu      ] GC(275) User=0.00s Sys=0.00s Real=0.00s
[447.667s][info][gc,marking  ] GC(275) Concurrent Cleanup for Next Mark
[447.667s][info][gc,marking  ] GC(275) Concurrent Cleanup for Next Mark 0.107ms
[447.667s][info][gc          ] GC(275) Concurrent Cycle 52.670ms
[447.794s][info][gc,start    ] GC(276) Pause Young (Normal) (G1 Evacuation Pause)
[447.794s][info][gc,task     ] GC(276) Using 8 workers of 8 for evacuation
[447.795s][info][gc,phases   ] GC(276)   Pre Evacuate Collection Set: 0.0ms
[447.795s][info][gc,phases   ] GC(276)   Merge Heap Roots: 0.0ms
[447.795s][info][gc,phases   ] GC(276)   Evacuate Collection Set: 0.5ms
[447.795s][info][gc,phases   ] GC(276)   Post Evacuate Collection Set: 0.2ms
[447.795s][info][gc,phases   ] GC(276)   Other: 0.1ms
[447.795s][info][gc,heap     ] GC(276) Eden regions: 27->0(27)
[447.795s][info][gc,heap     ] GC(276) Survivor regions: 1->1(4)
[447.795s][info][gc,heap     ] GC(276) Old regions: 35->35
[447.795s][info][gc,heap     ] GC(276) Archive regions: 2->2
[447.795s][info][gc,heap     ] GC(276) Humongous regions: 0->0
[447.795s][info][gc,metaspace] GC(276) Metaspace: 46776K(47824K)->46776K(47824K) NonClass: 41124K(41808K)->41124K(41808K) Class: 5652K(6016K)->5652K(6016K)
[447.795s][info][gc          ] GC(276) Pause Young (Normal) (G1 Evacuation Pause) 62M->35M(74M) 0.977ms
[447.795s][info][gc,cpu      ] GC(276) User=0.01s Sys=0.00s Real=0.00s
[447.986s][info][gc,start    ] GC(277) Pause Young (Concurrent Start) (G1 Evacuation Pause)
[447.986s][info][gc,task     ] GC(277) Using 8 workers of 8 for evacuation
[447.987s][info][gc,phases   ] GC(277)   Pre Evacuate Collection Set: 0.1ms
[447.987s][info][gc,phases   ] GC(277)   Merge Heap Roots: 0.0ms
[447.987s][info][gc,phases   ] GC(277)   Evacuate Collection Set: 0.7ms
[447.987s][info][gc,phases   ] GC(277)   Post Evacuate Collection Set: 0.2ms
[447.987s][info][gc,phases   ] GC(277)   Other: 0.2ms
[447.987s][info][gc,heap     ] GC(277) Eden regions: 27->0(27)
[447.987s][info][gc,heap     ] GC(277) Survivor regions: 1->1(4)
[447.987s][info][gc,heap     ] GC(277) Old regions: 35->35
[447.987s][info][gc,heap     ] GC(277) Archive regions: 2->2
[447.987s][info][gc,heap     ] GC(277) Humongous regions: 0->0
[447.987s][info][gc,metaspace] GC(277) Metaspace: 46777K(47824K)->46777K(47824K) NonClass: 41125K(41808K)->41125K(41808K) Class: 5652K(6016K)->5652K(6016K)
[447.987s][info][gc          ] GC(277) Pause Young (Concurrent Start) (G1 Evacuation Pause) 62M->35M(74M) 1.235ms
[447.987s][info][gc,cpu      ] GC(277) User=0.01s Sys=0.00s Real=0.00s
[447.987s][info][gc          ] GC(278) Concurrent Cycle
[447.987s][info][gc,marking  ] GC(278) Concurrent Clear Claimed Marks
[447.987s][info][gc,marking  ] GC(278) Concurrent Clear Claimed Marks 0.033ms
[447.987s][info][gc,marking  ] GC(278) Concurrent Scan Root Regions
[447.988s][info][gc,marking  ] GC(278) Concurrent Scan Root Regions 0.569ms
[447.988s][info][gc,marking  ] GC(278) Concurrent Mark (447.988s)
[447.988s][info][gc,marking  ] GC(278) Concurrent Mark From Roots
[447.988s][info][gc,task     ] GC(278) Using 2 workers of 2 for marking
[448.018s][info][gc,marking  ] GC(278) Concurrent Mark From Roots 30.165ms
[448.018s][info][gc,marking  ] GC(278) Concurrent Preclean
[448.018s][info][gc,marking  ] GC(278) Concurrent Preclean 0.081ms
[448.018s][info][gc,marking  ] GC(278) Concurrent Mark (447.988s, 448.018s) 30.315ms
[448.018s][info][gc,start    ] GC(278) Pause Remark
[448.021s][info][gc          ] GC(278) Pause Remark 39M->39M(74M) 2.183ms
[448.021s][info][gc,cpu      ] GC(278) User=0.01s Sys=0.00s Real=0.00s
[448.021s][info][gc,marking  ] GC(278) Concurrent Rebuild Remembered Sets
[448.039s][info][gc,marking  ] GC(278) Concurrent Rebuild Remembered Sets 18.664ms
[448.039s][info][gc,start    ] GC(278) Pause Cleanup
[448.040s][info][gc          ] GC(278) Pause Cleanup 42M->42M(74M) 0.073ms
[448.040s][info][gc,cpu      ] GC(278) User=0.00s Sys=0.00s Real=0.00s
[448.040s][info][gc,marking  ] GC(278) Concurrent Cleanup for Next Mark
[448.040s][info][gc,marking  ] GC(278) Concurrent Cleanup for Next Mark 0.143ms
[448.040s][info][gc          ] GC(278) Concurrent Cycle 52.514ms
[448.191s][info][gc,start    ] GC(279) Pause Young (Normal) (G1 Evacuation Pause)
[448.191s][info][gc,task     ] GC(279) Using 8 workers of 8 for evacuation
[448.192s][info][gc,phases   ] GC(279)   Pre Evacuate Collection Set: 0.0ms
[448.192s][info][gc,phases   ] GC(279)   Merge Heap Roots: 0.0ms
[448.192s][info][gc,phases   ] GC(279)   Evacuate Collection Set: 0.5ms
[448.192s][info][gc,phases   ] GC(279)   Post Evacuate Collection Set: 0.2ms
[448.192s][info][gc,phases   ] GC(279)   Other: 0.1ms
[448.192s][info][gc,heap     ] GC(279) Eden regions: 27->0(27)
[448.192s][info][gc,heap     ] GC(279) Survivor regions: 1->1(4)
[448.192s][info][gc,heap     ] GC(279) Old regions: 35->35
[448.192s][info][gc,heap     ] GC(279) Archive regions: 2->2
[448.192s][info][gc,heap     ] GC(279) Humongous regions: 0->0
[448.192s][info][gc,metaspace] GC(279) Metaspace: 46777K(47824K)->46777K(47824K) NonClass: 41125K(41808K)->41125K(41808K) Class: 5652K(6016K)->5652K(6016K)
[448.192s][info][gc          ] GC(279) Pause Young (Normal) (G1 Evacuation Pause) 62M->35M(74M) 1.125ms
[448.192s][info][gc,cpu      ] GC(279) User=0.00s Sys=0.00s Real=0.00s
[448.365s][info][gc,start    ] GC(280) Pause Young (Concurrent Start) (G1 Evacuation Pause)
[448.365s][info][gc,task     ] GC(280) Using 8 workers of 8 for evacuation
[448.366s][info][gc,phases   ] GC(280)   Pre Evacuate Collection Set: 0.1ms
[448.366s][info][gc,phases   ] GC(280)   Merge Heap Roots: 0.0ms
[448.366s][info][gc,phases   ] GC(280)   Evacuate Collection Set: 0.5ms
[448.366s][info][gc,phases   ] GC(280)   Post Evacuate Collection Set: 0.2ms
[448.366s][info][gc,phases   ] GC(280)   Other: 0.2ms
[448.366s][info][gc,heap     ] GC(280) Eden regions: 27->0(27)
[448.366s][info][gc,heap     ] GC(280) Survivor regions: 1->1(4)
[448.366s][info][gc,heap     ] GC(280) Old regions: 35->35
[448.366s][info][gc,heap     ] GC(280) Archive regions: 2->2
[448.366s][info][gc,heap     ] GC(280) Humongous regions: 0->0
[448.366s][info][gc,metaspace] GC(280) Metaspace: 46777K(47824K)->46777K(47824K) NonClass: 41125K(41808K)->41125K(41808K) Class: 5652K(6016K)->5652K(6016K)
[448.366s][info][gc          ] GC(280) Pause Young (Concurrent Start) (G1 Evacuation Pause) 62M->35M(74M) 1.012ms
[448.366s][info][gc,cpu      ] GC(280) User=0.01s Sys=0.00s Real=0.00s
[448.366s][info][gc          ] GC(281) Concurrent Cycle
[448.366s][info][gc,marking  ] GC(281) Concurrent Clear Claimed Marks
[448.366s][info][gc,marking  ] GC(281) Concurrent Clear Claimed Marks 0.037ms
[448.366s][info][gc,marking  ] GC(281) Concurrent Scan Root Regions
[448.367s][info][gc,marking  ] GC(281) Concurrent Scan Root Regions 0.944ms
[448.367s][info][gc,marking  ] GC(281) Concurrent Mark (448.367s)
[448.367s][info][gc,marking  ] GC(281) Concurrent Mark From Roots
[448.367s][info][gc,task     ] GC(281) Using 2 workers of 2 for marking
[448.395s][info][gc,marking  ] GC(281) Concurrent Mark From Roots 28.175ms
[448.395s][info][gc,marking  ] GC(281) Concurrent Preclean
[448.395s][info][gc,marking  ] GC(281) Concurrent Preclean 0.058ms
[448.395s][info][gc,marking  ] GC(281) Concurrent Mark (448.367s, 448.395s) 28.286ms
[448.395s][info][gc,start    ] GC(281) Pause Remark
[448.397s][info][gc          ] GC(281) Pause Remark 39M->39M(74M) 1.882ms
[448.397s][info][gc,cpu      ] GC(281) User=0.01s Sys=0.00s Real=0.00s
[448.397s][info][gc,marking  ] GC(281) Concurrent Rebuild Remembered Sets
[448.415s][info][gc,marking  ] GC(281) Concurrent Rebuild Remembered Sets 17.866ms
[448.415s][info][gc,start    ] GC(281) Pause Cleanup
[448.415s][info][gc          ] GC(281) Pause Cleanup 42M->42M(74M) 0.078ms
[448.415s][info][gc,cpu      ] GC(281) User=0.00s Sys=0.00s Real=0.00s
[448.415s][info][gc,marking  ] GC(281) Concurrent Cleanup for Next Mark
[448.416s][info][gc,marking  ] GC(281) Concurrent Cleanup for Next Mark 0.130ms
[448.416s][info][gc          ] GC(281) Concurrent Cycle 49.809ms
[448.542s][info][gc,start    ] GC(282) Pause Young (Normal) (G1 Evacuation Pause)
[448.542s][info][gc,task     ] GC(282) Using 8 workers of 8 for evacuation
[448.543s][info][gc,phases   ] GC(282)   Pre Evacuate Collection Set: 0.0ms
[448.543s][info][gc,phases   ] GC(282)   Merge Heap Roots: 0.0ms
[448.543s][info][gc,phases   ] GC(282)   Evacuate Collection Set: 0.5ms
[448.543s][info][gc,phases   ] GC(282)   Post Evacuate Collection Set: 0.2ms
[448.543s][info][gc,phases   ] GC(282)   Other: 0.1ms
[448.543s][info][gc,heap     ] GC(282) Eden regions: 27->0(27)
[448.543s][info][gc,heap     ] GC(282) Survivor regions: 1->1(4)
[448.543s][info][gc,heap     ] GC(282) Old regions: 35->35
[448.543s][info][gc,heap     ] GC(282) Archive regions: 2->2
[448.543s][info][gc,heap     ] GC(282) Humongous regions: 0->0
[448.543s][info][gc,metaspace] GC(282) Metaspace: 46777K(47824K)->46777K(47824K) NonClass: 41125K(41808K)->41125K(41808K) Class: 5652K(6016K)->5652K(6016K)
[448.543s][info][gc          ] GC(282) Pause Young (Normal) (G1 Evacuation Pause) 62M->35M(74M) 0.915ms
[448.543s][info][gc,cpu      ] GC(282) User=0.00s Sys=0.00s Real=0.00s
[448.708s][info][gc,start    ] GC(283) Pause Young (Concurrent Start) (G1 Evacuation Pause)
[448.708s][info][gc,task     ] GC(283) Using 8 workers of 8 for evacuation
[448.709s][info][gc,phases   ] GC(283)   Pre Evacuate Collection Set: 0.1ms
[448.709s][info][gc,phases   ] GC(283)   Merge Heap Roots: 0.0ms
[448.709s][info][gc,phases   ] GC(283)   Evacuate Collection Set: 0.8ms
[448.709s][info][gc,phases   ] GC(283)   Post Evacuate Collection Set: 0.3ms
[448.709s][info][gc,phases   ] GC(283)   Other: 0.2ms
[448.709s][info][gc,heap     ] GC(283) Eden regions: 27->0(27)
[448.709s][info][gc,heap     ] GC(283) Survivor regions: 1->1(4)
[448.709s][info][gc,heap     ] GC(283) Old regions: 35->35
[448.709s][info][gc,heap     ] GC(283) Archive regions: 2->2
[448.709s][info][gc,heap     ] GC(283) Humongous regions: 0->0
[448.709s][info][gc,metaspace] GC(283) Metaspace: 46778K(47824K)->46778K(47824K) NonClass: 41125K(41808K)->41125K(41808K) Class: 5652K(6016K)->5652K(6016K)
[448.709s][info][gc          ] GC(283) Pause Young (Concurrent Start) (G1 Evacuation Pause) 62M->35M(74M) 1.515ms
[448.709s][info][gc,cpu      ] GC(283) User=0.01s Sys=0.00s Real=0.00s
[448.709s][info][gc          ] GC(284) Concurrent Cycle
[448.709s][info][gc,marking  ] GC(284) Concurrent Clear Claimed Marks
[448.709s][info][gc,marking  ] GC(284) Concurrent Clear Claimed Marks 0.096ms
[448.709s][info][gc,marking  ] GC(284) Concurrent Scan Root Regions
[448.710s][info][gc,marking  ] GC(284) Concurrent Scan Root Regions 1.149ms
[448.711s][info][gc,marking  ] GC(284) Concurrent Mark (448.711s)
[448.711s][info][gc,marking  ] GC(284) Concurrent Mark From Roots
[448.711s][info][gc,task     ] GC(284) Using 2 workers of 2 for marking
[448.741s][info][gc,marking  ] GC(284) Concurrent Mark From Roots 30.222ms
[448.741s][info][gc,marking  ] GC(284) Concurrent Preclean
[448.741s][info][gc,marking  ] GC(284) Concurrent Preclean 0.079ms
[448.741s][info][gc,marking  ] GC(284) Concurrent Mark (448.711s, 448.741s) 30.389ms
[448.742s][info][gc,start    ] GC(284) Pause Remark
[448.745s][info][gc          ] GC(284) Pause Remark 38M->38M(74M) 3.285ms
[448.745s][info][gc,cpu      ] GC(284) User=0.01s Sys=0.00s Real=0.01s
[448.745s][info][gc,marking  ] GC(284) Concurrent Rebuild Remembered Sets
[448.763s][info][gc,marking  ] GC(284) Concurrent Rebuild Remembered Sets 17.731ms
[448.763s][info][gc,start    ] GC(284) Pause Cleanup
[448.763s][info][gc          ] GC(284) Pause Cleanup 40M->40M(74M) 0.091ms
[448.763s][info][gc,cpu      ] GC(284) User=0.01s Sys=0.00s Real=0.00s
[448.764s][info][gc,marking  ] GC(284) Concurrent Cleanup for Next Mark
[448.764s][info][gc,marking  ] GC(284) Concurrent Cleanup for Next Mark 0.125ms
[448.764s][info][gc          ] GC(284) Concurrent Cycle 54.983ms
[448.924s][info][gc,start    ] GC(285) Pause Young (Normal) (G1 Evacuation Pause)
[448.924s][info][gc,task     ] GC(285) Using 8 workers of 8 for evacuation
[448.925s][info][gc,phases   ] GC(285)   Pre Evacuate Collection Set: 0.0ms
[448.925s][info][gc,phases   ] GC(285)   Merge Heap Roots: 0.0ms
[448.925s][info][gc,phases   ] GC(285)   Evacuate Collection Set: 0.5ms
[448.925s][info][gc,phases   ] GC(285)   Post Evacuate Collection Set: 0.2ms
[448.925s][info][gc,phases   ] GC(285)   Other: 0.1ms
[448.925s][info][gc,heap     ] GC(285) Eden regions: 27->0(27)
[448.925s][info][gc,heap     ] GC(285) Survivor regions: 1->1(4)
[448.925s][info][gc,heap     ] GC(285) Old regions: 35->35
[448.925s][info][gc,heap     ] GC(285) Archive regions: 2->2
[448.925s][info][gc,heap     ] GC(285) Humongous regions: 0->0
[448.925s][info][gc,metaspace] GC(285) Metaspace: 46778K(47824K)->46778K(47824K) NonClass: 41125K(41808K)->41125K(41808K) Class: 5652K(6016K)->5652K(6016K)
[448.925s][info][gc          ] GC(285) Pause Young (Normal) (G1 Evacuation Pause) 62M->35M(74M) 0.939ms
[448.925s][info][gc,cpu      ] GC(285) User=0.01s Sys=0.00s Real=0.00s
[449.104s][info][gc,start    ] GC(286) Pause Young (Concurrent Start) (G1 Evacuation Pause)
[449.104s][info][gc,task     ] GC(286) Using 8 workers of 8 for evacuation
[449.105s][info][gc,phases   ] GC(286)   Pre Evacuate Collection Set: 0.1ms
[449.105s][info][gc,phases   ] GC(286)   Merge Heap Roots: 0.0ms
[449.105s][info][gc,phases   ] GC(286)   Evacuate Collection Set: 0.7ms
[449.105s][info][gc,phases   ] GC(286)   Post Evacuate Collection Set: 0.2ms
[449.105s][info][gc,phases   ] GC(286)   Other: 0.2ms
[449.105s][info][gc,heap     ] GC(286) Eden regions: 27->0(27)
[449.105s][info][gc,heap     ] GC(286) Survivor regions: 1->1(4)
[449.105s][info][gc,heap     ] GC(286) Old regions: 35->35
[449.105s][info][gc,heap     ] GC(286) Archive regions: 2->2
[449.105s][info][gc,heap     ] GC(286) Humongous regions: 0->0
[449.105s][info][gc,metaspace] GC(286) Metaspace: 46778K(47824K)->46778K(47824K) NonClass: 41125K(41808K)->41125K(41808K) Class: 5652K(6016K)->5652K(6016K)
[449.105s][info][gc          ] GC(286) Pause Young (Concurrent Start) (G1 Evacuation Pause) 62M->35M(74M) 1.283ms
[449.105s][info][gc,cpu      ] GC(286) User=0.00s Sys=0.00s Real=0.00s
[449.105s][info][gc          ] GC(287) Concurrent Cycle
[449.105s][info][gc,marking  ] GC(287) Concurrent Clear Claimed Marks
[449.105s][info][gc,marking  ] GC(287) Concurrent Clear Claimed Marks 0.041ms
[449.105s][info][gc,marking  ] GC(287) Concurrent Scan Root Regions
[449.106s][info][gc,marking  ] GC(287) Concurrent Scan Root Regions 0.879ms
[449.106s][info][gc,marking  ] GC(287) Concurrent Mark (449.106s)
[449.106s][info][gc,marking  ] GC(287) Concurrent Mark From Roots
[449.106s][info][gc,task     ] GC(287) Using 2 workers of 2 for marking
[449.135s][info][gc,marking  ] GC(287) Concurrent Mark From Roots 28.620ms
[449.135s][info][gc,marking  ] GC(287) Concurrent Preclean
[449.135s][info][gc,marking  ] GC(287) Concurrent Preclean 0.090ms
[449.135s][info][gc,marking  ] GC(287) Concurrent Mark (449.106s, 449.135s) 28.802ms
[449.135s][info][gc,start    ] GC(287) Pause Remark
[449.137s][info][gc          ] GC(287) Pause Remark 39M->39M(74M) 1.857ms
[449.137s][info][gc,cpu      ] GC(287) User=0.01s Sys=0.00s Real=0.00s
[449.137s][info][gc,marking  ] GC(287) Concurrent Rebuild Remembered Sets
[449.155s][info][gc,marking  ] GC(287) Concurrent Rebuild Remembered Sets 17.255ms
[449.155s][info][gc,start    ] GC(287) Pause Cleanup
[449.155s][info][gc          ] GC(287) Pause Cleanup 42M->42M(74M) 0.082ms
[449.155s][info][gc,cpu      ] GC(287) User=0.00s Sys=0.00s Real=0.00s
[449.155s][info][gc,marking  ] GC(287) Concurrent Cleanup for Next Mark
[449.155s][info][gc,marking  ] GC(287) Concurrent Cleanup for Next Mark 0.140ms
[449.155s][info][gc          ] GC(287) Concurrent Cycle 49.659ms
[449.254s][info][gc,start    ] GC(288) Pause Young (Normal) (G1 Evacuation Pause)
[449.254s][info][gc,task     ] GC(288) Using 8 workers of 8 for evacuation
[449.256s][info][gc,phases   ] GC(288)   Pre Evacuate Collection Set: 0.2ms
[449.256s][info][gc,phases   ] GC(288)   Merge Heap Roots: 0.1ms
[449.256s][info][gc,phases   ] GC(288)   Evacuate Collection Set: 0.6ms
[449.256s][info][gc,phases   ] GC(288)   Post Evacuate Collection Set: 0.2ms
[449.256s][info][gc,phases   ] GC(288)   Other: 0.2ms
[449.256s][info][gc,heap     ] GC(288) Eden regions: 27->0(27)
[449.256s][info][gc,heap     ] GC(288) Survivor regions: 1->1(4)
[449.256s][info][gc,heap     ] GC(288) Old regions: 35->35
[449.256s][info][gc,heap     ] GC(288) Archive regions: 2->2
[449.256s][info][gc,heap     ] GC(288) Humongous regions: 0->0
[449.256s][info][gc,metaspace] GC(288) Metaspace: 46778K(47824K)->46778K(47824K) NonClass: 41126K(41808K)->41126K(41808K) Class: 5652K(6016K)->5652K(6016K)
[449.256s][info][gc          ] GC(288) Pause Young (Normal) (G1 Evacuation Pause) 62M->35M(74M) 1.336ms
[449.256s][info][gc,cpu      ] GC(288) User=0.00s Sys=0.00s Real=0.00s
[449.402s][info][gc,start    ] GC(289) Pause Young (Concurrent Start) (G1 Evacuation Pause)
[449.402s][info][gc,task     ] GC(289) Using 8 workers of 8 for evacuation
[449.403s][info][gc,phases   ] GC(289)   Pre Evacuate Collection Set: 0.1ms
[449.403s][info][gc,phases   ] GC(289)   Merge Heap Roots: 0.0ms
[449.403s][info][gc,phases   ] GC(289)   Evacuate Collection Set: 0.5ms
[449.403s][info][gc,phases   ] GC(289)   Post Evacuate Collection Set: 0.2ms
[449.403s][info][gc,phases   ] GC(289)   Other: 0.1ms
[449.403s][info][gc,heap     ] GC(289) Eden regions: 27->0(27)
[449.403s][info][gc,heap     ] GC(289) Survivor regions: 1->1(4)
[449.403s][info][gc,heap     ] GC(289) Old regions: 35->35
[449.403s][info][gc,heap     ] GC(289) Archive regions: 2->2
[449.403s][info][gc,heap     ] GC(289) Humongous regions: 0->0
[449.403s][info][gc,metaspace] GC(289) Metaspace: 46778K(47824K)->46778K(47824K) NonClass: 41126K(41808K)->41126K(41808K) Class: 5652K(6016K)->5652K(6016K)
[449.403s][info][gc          ] GC(289) Pause Young (Concurrent Start) (G1 Evacuation Pause) 62M->35M(74M) 1.045ms
[449.403s][info][gc,cpu      ] GC(289) User=0.00s Sys=0.00s Real=0.01s
[449.403s][info][gc          ] GC(290) Concurrent Cycle
[449.403s][info][gc,marking  ] GC(290) Concurrent Clear Claimed Marks
[449.403s][info][gc,marking  ] GC(290) Concurrent Clear Claimed Marks 0.034ms
[449.403s][info][gc,marking  ] GC(290) Concurrent Scan Root Regions
[449.404s][info][gc,marking  ] GC(290) Concurrent Scan Root Regions 0.526ms
[449.404s][info][gc,marking  ] GC(290) Concurrent Mark (449.404s)
[449.404s][info][gc,marking  ] GC(290) Concurrent Mark From Roots
[449.404s][info][gc,task     ] GC(290) Using 2 workers of 2 for marking
[449.433s][info][gc,marking  ] GC(290) Concurrent Mark From Roots 28.842ms
[449.433s][info][gc,marking  ] GC(290) Concurrent Preclean
[449.433s][info][gc,marking  ] GC(290) Concurrent Preclean 0.076ms
[449.433s][info][gc,marking  ] GC(290) Concurrent Mark (449.404s, 449.433s) 28.987ms
[449.433s][info][gc,start    ] GC(290) Pause Remark
[449.435s][info][gc          ] GC(290) Pause Remark 39M->39M(74M) 2.162ms
[449.435s][info][gc,cpu      ] GC(290) User=0.01s Sys=0.00s Real=0.01s
[449.435s][info][gc,marking  ] GC(290) Concurrent Rebuild Remembered Sets
[449.456s][info][gc,marking  ] GC(290) Concurrent Rebuild Remembered Sets 20.494ms
[449.456s][info][gc,start    ] GC(290) Pause Cleanup
[449.456s][info][gc          ] GC(290) Pause Cleanup 41M->41M(74M) 0.084ms
[449.456s][info][gc,cpu      ] GC(290) User=0.00s Sys=0.00s Real=0.00s
[449.456s][info][gc,marking  ] GC(290) Concurrent Cleanup for Next Mark
[449.457s][info][gc,marking  ] GC(290) Concurrent Cleanup for Next Mark 0.142ms
[449.457s][info][gc          ] GC(290) Concurrent Cycle 53.482ms
[449.604s][info][gc,start    ] GC(291) Pause Young (Normal) (G1 Evacuation Pause)
[449.604s][info][gc,task     ] GC(291) Using 8 workers of 8 for evacuation
[449.605s][info][gc,phases   ] GC(291)   Pre Evacuate Collection Set: 0.1ms
[449.605s][info][gc,phases   ] GC(291)   Merge Heap Roots: 0.1ms
[449.605s][info][gc,phases   ] GC(291)   Evacuate Collection Set: 0.6ms
[449.605s][info][gc,phases   ] GC(291)   Post Evacuate Collection Set: 0.3ms
[449.605s][info][gc,phases   ] GC(291)   Other: 0.1ms
[449.605s][info][gc,heap     ] GC(291) Eden regions: 27->0(27)
[449.605s][info][gc,heap     ] GC(291) Survivor regions: 1->1(4)
[449.605s][info][gc,heap     ] GC(291) Old regions: 35->35
[449.605s][info][gc,heap     ] GC(291) Archive regions: 2->2
[449.605s][info][gc,heap     ] GC(291) Humongous regions: 0->0
[449.605s][info][gc,metaspace] GC(291) Metaspace: 46778K(47824K)->46778K(47824K) NonClass: 41126K(41808K)->41126K(41808K) Class: 5652K(6016K)->5652K(6016K)
[449.605s][info][gc          ] GC(291) Pause Young (Normal) (G1 Evacuation Pause) 62M->35M(74M) 1.372ms
[449.605s][info][gc,cpu      ] GC(291) User=0.00s Sys=0.00s Real=0.00s
[449.785s][info][gc,start    ] GC(292) Pause Young (Concurrent Start) (G1 Evacuation Pause)
[449.785s][info][gc,task     ] GC(292) Using 8 workers of 8 for evacuation
[449.786s][info][gc,phases   ] GC(292)   Pre Evacuate Collection Set: 0.1ms
[449.786s][info][gc,phases   ] GC(292)   Merge Heap Roots: 0.0ms
[449.786s][info][gc,phases   ] GC(292)   Evacuate Collection Set: 0.6ms
[449.786s][info][gc,phases   ] GC(292)   Post Evacuate Collection Set: 0.2ms
[449.786s][info][gc,phases   ] GC(292)   Other: 0.2ms
[449.786s][info][gc,heap     ] GC(292) Eden regions: 27->0(27)
[449.786s][info][gc,heap     ] GC(292) Survivor regions: 1->1(4)
[449.786s][info][gc,heap     ] GC(292) Old regions: 35->35
[449.786s][info][gc,heap     ] GC(292) Archive regions: 2->2
[449.786s][info][gc,heap     ] GC(292) Humongous regions: 0->0
[449.786s][info][gc,metaspace] GC(292) Metaspace: 46778K(47824K)->46778K(47824K) NonClass: 41126K(41808K)->41126K(41808K) Class: 5652K(6016K)->5652K(6016K)
[449.786s][info][gc          ] GC(292) Pause Young (Concurrent Start) (G1 Evacuation Pause) 62M->35M(74M) 1.128ms
[449.786s][info][gc,cpu      ] GC(292) User=0.00s Sys=0.00s Real=0.00s
[449.786s][info][gc          ] GC(293) Concurrent Cycle
[449.786s][info][gc,marking  ] GC(293) Concurrent Clear Claimed Marks
[449.787s][info][gc,marking  ] GC(293) Concurrent Clear Claimed Marks 0.038ms
[449.787s][info][gc,marking  ] GC(293) Concurrent Scan Root Regions
[449.787s][info][gc,marking  ] GC(293) Concurrent Scan Root Regions 0.625ms
[449.787s][info][gc,marking  ] GC(293) Concurrent Mark (449.787s)
[449.787s][info][gc,marking  ] GC(293) Concurrent Mark From Roots
[449.787s][info][gc,task     ] GC(293) Using 2 workers of 2 for marking
[449.818s][info][gc,marking  ] GC(293) Concurrent Mark From Roots 30.774ms
[449.818s][info][gc,marking  ] GC(293) Concurrent Preclean
[449.818s][info][gc,marking  ] GC(293) Concurrent Preclean 0.083ms
[449.818s][info][gc,marking  ] GC(293) Concurrent Mark (449.787s, 449.818s) 30.931ms
[449.818s][info][gc,start    ] GC(293) Pause Remark
[449.821s][info][gc          ] GC(293) Pause Remark 39M->39M(74M) 2.591ms
[449.821s][info][gc,cpu      ] GC(293) User=0.01s Sys=0.00s Real=0.00s
[449.821s][info][gc,marking  ] GC(293) Concurrent Rebuild Remembered Sets
[449.843s][info][gc,marking  ] GC(293) Concurrent Rebuild Remembered Sets 22.095ms
[449.844s][info][gc,start    ] GC(293) Pause Cleanup
[449.844s][info][gc          ] GC(293) Pause Cleanup 42M->42M(74M) 0.105ms
[449.844s][info][gc,cpu      ] GC(293) User=0.00s Sys=0.00s Real=0.00s
[449.844s][info][gc,marking  ] GC(293) Concurrent Cleanup for Next Mark
[449.844s][info][gc,marking  ] GC(293) Concurrent Cleanup for Next Mark 0.225ms
[449.844s][info][gc          ] GC(293) Concurrent Cycle 57.744ms
[449.971s][info][gc,start    ] GC(294) Pause Young (Normal) (G1 Evacuation Pause)
[449.971s][info][gc,task     ] GC(294) Using 8 workers of 8 for evacuation
[449.972s][info][gc,phases   ] GC(294)   Pre Evacuate Collection Set: 0.1ms
[449.972s][info][gc,phases   ] GC(294)   Merge Heap Roots: 0.0ms
[449.972s][info][gc,phases   ] GC(294)   Evacuate Collection Set: 0.7ms
[449.972s][info][gc,phases   ] GC(294)   Post Evacuate Collection Set: 0.2ms
[449.972s][info][gc,phases   ] GC(294)   Other: 0.1ms
[449.972s][info][gc,heap     ] GC(294) Eden regions: 27->0(27)
[449.972s][info][gc,heap     ] GC(294) Survivor regions: 1->1(4)
[449.972s][info][gc,heap     ] GC(294) Old regions: 35->35
[449.972s][info][gc,heap     ] GC(294) Archive regions: 2->2
[449.972s][info][gc,heap     ] GC(294) Humongous regions: 0->0
[449.972s][info][gc,metaspace] GC(294) Metaspace: 46778K(47824K)->46778K(47824K) NonClass: 41126K(41808K)->41126K(41808K) Class: 5652K(6016K)->5652K(6016K)
[449.972s][info][gc          ] GC(294) Pause Young (Normal) (G1 Evacuation Pause) 62M->35M(74M) 1.255ms
[449.972s][info][gc,cpu      ] GC(294) User=0.01s Sys=0.00s Real=0.00s
[450.141s][info][gc,start    ] GC(295) Pause Young (Concurrent Start) (G1 Evacuation Pause)
[450.141s][info][gc,task     ] GC(295) Using 8 workers of 8 for evacuation
[450.142s][info][gc,phases   ] GC(295)   Pre Evacuate Collection Set: 0.1ms
[450.142s][info][gc,phases   ] GC(295)   Merge Heap Roots: 0.0ms
[450.142s][info][gc,phases   ] GC(295)   Evacuate Collection Set: 0.6ms
[450.142s][info][gc,phases   ] GC(295)   Post Evacuate Collection Set: 0.2ms
[450.142s][info][gc,phases   ] GC(295)   Other: 0.2ms
[450.142s][info][gc,heap     ] GC(295) Eden regions: 27->0(27)
[450.142s][info][gc,heap     ] GC(295) Survivor regions: 1->1(4)
[450.142s][info][gc,heap     ] GC(295) Old regions: 35->35
[450.142s][info][gc,heap     ] GC(295) Archive regions: 2->2
[450.142s][info][gc,heap     ] GC(295) Humongous regions: 0->0
[450.142s][info][gc,metaspace] GC(295) Metaspace: 46778K(47824K)->46778K(47824K) NonClass: 41126K(41808K)->41126K(41808K) Class: 5652K(6016K)->5652K(6016K)
[450.142s][info][gc          ] GC(295) Pause Young (Concurrent Start) (G1 Evacuation Pause) 62M->35M(74M) 1.110ms
[450.142s][info][gc,cpu      ] GC(295) User=0.00s Sys=0.00s Real=0.00s
[450.142s][info][gc          ] GC(296) Concurrent Cycle
[450.142s][info][gc,marking  ] GC(296) Concurrent Clear Claimed Marks
[450.142s][info][gc,marking  ] GC(296) Concurrent Clear Claimed Marks 0.031ms
[450.142s][info][gc,marking  ] GC(296) Concurrent Scan Root Regions
[450.143s][info][gc,marking  ] GC(296) Concurrent Scan Root Regions 0.651ms
[450.143s][info][gc,marking  ] GC(296) Concurrent Mark (450.143s)
[450.143s][info][gc,marking  ] GC(296) Concurrent Mark From Roots
[450.143s][info][gc,task     ] GC(296) Using 2 workers of 2 for marking
[450.173s][info][gc,marking  ] GC(296) Concurrent Mark From Roots 30.298ms
[450.173s][info][gc,marking  ] GC(296) Concurrent Preclean
[450.173s][info][gc,marking  ] GC(296) Concurrent Preclean 0.055ms
[450.173s][info][gc,marking  ] GC(296) Concurrent Mark (450.143s, 450.173s) 30.405ms
[450.173s][info][gc,start    ] GC(296) Pause Remark
[450.175s][info][gc          ] GC(296) Pause Remark 39M->39M(74M) 1.853ms
[450.175s][info][gc,cpu      ] GC(296) User=0.02s Sys=0.00s Real=0.00s
[450.175s][info][gc,marking  ] GC(296) Concurrent Rebuild Remembered Sets
[450.193s][info][gc,marking  ] GC(296) Concurrent Rebuild Remembered Sets 17.437ms
[450.193s][info][gc,start    ] GC(296) Pause Cleanup
[450.193s][info][gc          ] GC(296) Pause Cleanup 42M->42M(74M) 0.080ms
[450.193s][info][gc,cpu      ] GC(296) User=0.00s Sys=0.00s Real=0.00s
[450.193s][info][gc,marking  ] GC(296) Concurrent Cleanup for Next Mark
[450.194s][info][gc,marking  ] GC(296) Concurrent Cleanup for Next Mark 0.210ms
[450.194s][info][gc          ] GC(296) Concurrent Cycle 51.353ms
[450.342s][info][gc,start    ] GC(297) Pause Young (Normal) (G1 Evacuation Pause)
[450.342s][info][gc,task     ] GC(297) Using 8 workers of 8 for evacuation
[450.343s][info][gc,phases   ] GC(297)   Pre Evacuate Collection Set: 0.1ms
[450.343s][info][gc,phases   ] GC(297)   Merge Heap Roots: 0.0ms
[450.343s][info][gc,phases   ] GC(297)   Evacuate Collection Set: 0.5ms
[450.343s][info][gc,phases   ] GC(297)   Post Evacuate Collection Set: 0.2ms
[450.343s][info][gc,phases   ] GC(297)   Other: 0.2ms
[450.343s][info][gc,heap     ] GC(297) Eden regions: 27->0(27)
[450.343s][info][gc,heap     ] GC(297) Survivor regions: 1->1(4)
[450.343s][info][gc,heap     ] GC(297) Old regions: 35->35
[450.343s][info][gc,heap     ] GC(297) Archive regions: 2->2
[450.343s][info][gc,heap     ] GC(297) Humongous regions: 0->0
[450.343s][info][gc,metaspace] GC(297) Metaspace: 46778K(47824K)->46778K(47824K) NonClass: 41126K(41808K)->41126K(41808K) Class: 5652K(6016K)->5652K(6016K)
[450.343s][info][gc          ] GC(297) Pause Young (Normal) (G1 Evacuation Pause) 62M->36M(74M) 1.131ms
[450.343s][info][gc,cpu      ] GC(297) User=0.00s Sys=0.00s Real=0.00s
[450.497s][info][gc,start    ] GC(298) Pause Young (Concurrent Start) (G1 Evacuation Pause)
[450.497s][info][gc,task     ] GC(298) Using 8 workers of 8 for evacuation
[450.498s][info][gc,phases   ] GC(298)   Pre Evacuate Collection Set: 0.1ms
[450.498s][info][gc,phases   ] GC(298)   Merge Heap Roots: 0.0ms
[450.498s][info][gc,phases   ] GC(298)   Evacuate Collection Set: 0.9ms
[450.499s][info][gc,phases   ] GC(298)   Post Evacuate Collection Set: 0.2ms
[450.499s][info][gc,phases   ] GC(298)   Other: 0.2ms
[450.499s][info][gc,heap     ] GC(298) Eden regions: 27->0(27)
[450.499s][info][gc,heap     ] GC(298) Survivor regions: 1->1(4)
[450.499s][info][gc,heap     ] GC(298) Old regions: 35->35
[450.499s][info][gc,heap     ] GC(298) Archive regions: 2->2
[450.499s][info][gc,heap     ] GC(298) Humongous regions: 0->0
[450.499s][info][gc,metaspace] GC(298) Metaspace: 46780K(47824K)->46780K(47824K) NonClass: 41127K(41808K)->41127K(41808K) Class: 5652K(6016K)->5652K(6016K)
[450.499s][info][gc          ] GC(298) Pause Young (Concurrent Start) (G1 Evacuation Pause) 63M->35M(74M) 1.519ms
[450.499s][info][gc,cpu      ] GC(298) User=0.00s Sys=0.00s Real=0.00s
[450.499s][info][gc          ] GC(299) Concurrent Cycle
[450.499s][info][gc,marking  ] GC(299) Concurrent Clear Claimed Marks
[450.499s][info][gc,marking  ] GC(299) Concurrent Clear Claimed Marks 0.038ms
[450.499s][info][gc,marking  ] GC(299) Concurrent Scan Root Regions
[450.500s][info][gc,marking  ] GC(299) Concurrent Scan Root Regions 1.504ms
[450.500s][info][gc,marking  ] GC(299) Concurrent Mark (450.500s)
[450.500s][info][gc,marking  ] GC(299) Concurrent Mark From Roots
[450.500s][info][gc,task     ] GC(299) Using 2 workers of 2 for marking
[450.542s][info][gc,marking  ] GC(299) Concurrent Mark From Roots 41.663ms
[450.542s][info][gc,marking  ] GC(299) Concurrent Preclean
[450.542s][info][gc,marking  ] GC(299) Concurrent Preclean 0.100ms
[450.542s][info][gc,marking  ] GC(299) Concurrent Mark (450.500s, 450.542s) 41.879ms
[450.542s][info][gc,start    ] GC(299) Pause Remark
[450.545s][info][gc          ] GC(299) Pause Remark 41M->41M(74M) 2.628ms
[450.545s][info][gc,cpu      ] GC(299) User=0.01s Sys=0.00s Real=0.01s
[450.545s][info][gc,marking  ] GC(299) Concurrent Rebuild Remembered Sets
[450.571s][info][gc,marking  ] GC(299) Concurrent Rebuild Remembered Sets 25.760ms
[450.571s][info][gc,start    ] GC(299) Pause Cleanup
[450.571s][info][gc          ] GC(299) Pause Cleanup 43M->43M(74M) 0.090ms
[450.571s][info][gc,cpu      ] GC(299) User=0.00s Sys=0.00s Real=0.00s
[450.571s][info][gc,marking  ] GC(299) Concurrent Cleanup for Next Mark
[450.571s][info][gc,marking  ] GC(299) Concurrent Cleanup for Next Mark 0.159ms
[450.571s][info][gc          ] GC(299) Concurrent Cycle 72.838ms
[450.681s][info][gc,start    ] GC(300) Pause Young (Normal) (G1 Evacuation Pause)
[450.681s][info][gc,task     ] GC(300) Using 8 workers of 8 for evacuation
[450.682s][info][gc,phases   ] GC(300)   Pre Evacuate Collection Set: 0.0ms
[450.682s][info][gc,phases   ] GC(300)   Merge Heap Roots: 0.1ms
[450.682s][info][gc,phases   ] GC(300)   Evacuate Collection Set: 0.6ms
[450.682s][info][gc,phases   ] GC(300)   Post Evacuate Collection Set: 0.2ms
[450.682s][info][gc,phases   ] GC(300)   Other: 0.2ms
[450.682s][info][gc,heap     ] GC(300) Eden regions: 27->0(27)
[450.682s][info][gc,heap     ] GC(300) Survivor regions: 1->1(4)
[450.682s][info][gc,heap     ] GC(300) Old regions: 35->35
[450.682s][info][gc,heap     ] GC(300) Archive regions: 2->2
[450.682s][info][gc,heap     ] GC(300) Humongous regions: 0->0
[450.682s][info][gc,metaspace] GC(300) Metaspace: 46780K(47824K)->46780K(47824K) NonClass: 41127K(41808K)->41127K(41808K) Class: 5652K(6016K)->5652K(6016K)
[450.682s][info][gc          ] GC(300) Pause Young (Normal) (G1 Evacuation Pause) 62M->36M(74M) 1.135ms
[450.682s][info][gc,cpu      ] GC(300) User=0.00s Sys=0.00s Real=0.00s
[450.848s][info][gc,start    ] GC(301) Pause Young (Concurrent Start) (G1 Evacuation Pause)
[450.848s][info][gc,task     ] GC(301) Using 8 workers of 8 for evacuation
[450.849s][info][gc,phases   ] GC(301)   Pre Evacuate Collection Set: 0.1ms
[450.849s][info][gc,phases   ] GC(301)   Merge Heap Roots: 0.0ms
[450.849s][info][gc,phases   ] GC(301)   Evacuate Collection Set: 0.6ms
[450.849s][info][gc,phases   ] GC(301)   Post Evacuate Collection Set: 0.2ms
[450.849s][info][gc,phases   ] GC(301)   Other: 0.2ms
[450.849s][info][gc,heap     ] GC(301) Eden regions: 27->0(27)
[450.849s][info][gc,heap     ] GC(301) Survivor regions: 1->1(4)
[450.849s][info][gc,heap     ] GC(301) Old regions: 35->35
[450.849s][info][gc,heap     ] GC(301) Archive regions: 2->2
[450.849s][info][gc,heap     ] GC(301) Humongous regions: 0->0
[450.849s][info][gc,metaspace] GC(301) Metaspace: 46780K(47824K)->46780K(47824K) NonClass: 41127K(41808K)->41127K(41808K) Class: 5652K(6016K)->5652K(6016K)
[450.849s][info][gc          ] GC(301) Pause Young (Concurrent Start) (G1 Evacuation Pause) 63M->35M(74M) 1.144ms
[450.849s][info][gc,cpu      ] GC(301) User=0.00s Sys=0.00s Real=0.00s
[450.849s][info][gc          ] GC(302) Concurrent Cycle
[450.849s][info][gc,marking  ] GC(302) Concurrent Clear Claimed Marks
[450.849s][info][gc,marking  ] GC(302) Concurrent Clear Claimed Marks 0.036ms
[450.849s][info][gc,marking  ] GC(302) Concurrent Scan Root Regions
[450.850s][info][gc,marking  ] GC(302) Concurrent Scan Root Regions 0.946ms
[450.850s][info][gc,marking  ] GC(302) Concurrent Mark (450.850s)
[450.850s][info][gc,marking  ] GC(302) Concurrent Mark From Roots
[450.850s][info][gc,task     ] GC(302) Using 2 workers of 2 for marking
[450.881s][info][gc,marking  ] GC(302) Concurrent Mark From Roots 31.167ms
[450.881s][info][gc,marking  ] GC(302) Concurrent Preclean
[450.881s][info][gc,marking  ] GC(302) Concurrent Preclean 0.078ms
[450.881s][info][gc,marking  ] GC(302) Concurrent Mark (450.850s, 450.881s) 31.314ms
[450.881s][info][gc,start    ] GC(302) Pause Remark
[450.883s][info][gc          ] GC(302) Pause Remark 39M->39M(74M) 1.754ms
[450.883s][info][gc,cpu      ] GC(302) User=0.01s Sys=0.00s Real=0.01s
[450.883s][info][gc,marking  ] GC(302) Concurrent Rebuild Remembered Sets
[450.900s][info][gc,marking  ] GC(302) Concurrent Rebuild Remembered Sets 16.769ms
[450.900s][info][gc,start    ] GC(302) Pause Cleanup
[450.900s][info][gc          ] GC(302) Pause Cleanup 41M->41M(74M) 0.085ms
[450.900s][info][gc,cpu      ] GC(302) User=0.00s Sys=0.00s Real=0.00s
[450.901s][info][gc,marking  ] GC(302) Concurrent Cleanup for Next Mark
[450.901s][info][gc,marking  ] GC(302) Concurrent Cleanup for Next Mark 0.163ms
[450.901s][info][gc          ] GC(302) Concurrent Cycle 52.334ms
[451.035s][info][gc,start    ] GC(303) Pause Young (Normal) (G1 Evacuation Pause)
[451.035s][info][gc,task     ] GC(303) Using 8 workers of 8 for evacuation
[451.036s][info][gc,phases   ] GC(303)   Pre Evacuate Collection Set: 0.0ms
[451.036s][info][gc,phases   ] GC(303)   Merge Heap Roots: 0.0ms
[451.036s][info][gc,phases   ] GC(303)   Evacuate Collection Set: 0.5ms
[451.036s][info][gc,phases   ] GC(303)   Post Evacuate Collection Set: 0.2ms
[451.036s][info][gc,phases   ] GC(303)   Other: 0.1ms
[451.036s][info][gc,heap     ] GC(303) Eden regions: 27->0(27)
[451.036s][info][gc,heap     ] GC(303) Survivor regions: 1->1(4)
[451.036s][info][gc,heap     ] GC(303) Old regions: 35->35
[451.036s][info][gc,heap     ] GC(303) Archive regions: 2->2
[451.036s][info][gc,heap     ] GC(303) Humongous regions: 0->0
[451.036s][info][gc,metaspace] GC(303) Metaspace: 46780K(47824K)->46780K(47824K) NonClass: 41127K(41808K)->41127K(41808K) Class: 5652K(6016K)->5652K(6016K)
[451.036s][info][gc          ] GC(303) Pause Young (Normal) (G1 Evacuation Pause) 62M->36M(74M) 1.048ms
[451.036s][info][gc,cpu      ] GC(303) User=0.01s Sys=0.01s Real=0.00s
[451.207s][info][gc,start    ] GC(304) Pause Young (Concurrent Start) (G1 Evacuation Pause)
[451.207s][info][gc,task     ] GC(304) Using 8 workers of 8 for evacuation
[451.208s][info][gc,phases   ] GC(304)   Pre Evacuate Collection Set: 0.1ms
[451.209s][info][gc,phases   ] GC(304)   Merge Heap Roots: 0.0ms
[451.209s][info][gc,phases   ] GC(304)   Evacuate Collection Set: 0.6ms
[451.209s][info][gc,phases   ] GC(304)   Post Evacuate Collection Set: 0.2ms
[451.209s][info][gc,phases   ] GC(304)   Other: 0.1ms
[451.209s][info][gc,heap     ] GC(304) Eden regions: 27->0(27)
[451.209s][info][gc,heap     ] GC(304) Survivor regions: 1->1(4)
[451.209s][info][gc,heap     ] GC(304) Old regions: 35->35
[451.209s][info][gc,heap     ] GC(304) Archive regions: 2->2
[451.209s][info][gc,heap     ] GC(304) Humongous regions: 0->0
[451.209s][info][gc,metaspace] GC(304) Metaspace: 46780K(47824K)->46780K(47824K) NonClass: 41128K(41808K)->41128K(41808K) Class: 5652K(6016K)->5652K(6016K)
[451.209s][info][gc          ] GC(304) Pause Young (Concurrent Start) (G1 Evacuation Pause) 63M->36M(74M) 1.184ms
[451.209s][info][gc,cpu      ] GC(304) User=0.00s Sys=0.00s Real=0.00s
[451.209s][info][gc          ] GC(305) Concurrent Cycle
[451.209s][info][gc,marking  ] GC(305) Concurrent Clear Claimed Marks
[451.209s][info][gc,marking  ] GC(305) Concurrent Clear Claimed Marks 0.040ms
[451.209s][info][gc,marking  ] GC(305) Concurrent Scan Root Regions
[451.210s][info][gc,marking  ] GC(305) Concurrent Scan Root Regions 0.833ms
[451.210s][info][gc,marking  ] GC(305) Concurrent Mark (451.210s)
[451.210s][info][gc,marking  ] GC(305) Concurrent Mark From Roots
[451.210s][info][gc,task     ] GC(305) Using 2 workers of 2 for marking
[451.238s][info][gc,marking  ] GC(305) Concurrent Mark From Roots 28.706ms
[451.238s][info][gc,marking  ] GC(305) Concurrent Preclean
[451.238s][info][gc,marking  ] GC(305) Concurrent Preclean 0.074ms
[451.238s][info][gc,marking  ] GC(305) Concurrent Mark (451.210s, 451.238s) 28.837ms
[451.239s][info][gc,start    ] GC(305) Pause Remark
[451.241s][info][gc          ] GC(305) Pause Remark 39M->39M(74M) 2.442ms
[451.241s][info][gc,cpu      ] GC(305) User=0.01s Sys=0.00s Real=0.00s
[451.241s][info][gc,marking  ] GC(305) Concurrent Rebuild Remembered Sets
[451.259s][info][gc,marking  ] GC(305) Concurrent Rebuild Remembered Sets 17.747ms
[451.259s][info][gc,start    ] GC(305) Pause Cleanup
[451.259s][info][gc          ] GC(305) Pause Cleanup 42M->42M(74M) 0.069ms
[451.259s][info][gc,cpu      ] GC(305) User=0.00s Sys=0.00s Real=0.00s
[451.259s][info][gc,marking  ] GC(305) Concurrent Cleanup for Next Mark
[451.259s][info][gc,marking  ] GC(305) Concurrent Cleanup for Next Mark 0.112ms
[451.259s][info][gc          ] GC(305) Concurrent Cycle 50.653ms
[451.382s][info][gc,start    ] GC(306) Pause Young (Normal) (G1 Evacuation Pause)
[451.382s][info][gc,task     ] GC(306) Using 8 workers of 8 for evacuation
[451.383s][info][gc,phases   ] GC(306)   Pre Evacuate Collection Set: 0.1ms
[451.383s][info][gc,phases   ] GC(306)   Merge Heap Roots: 0.1ms
[451.383s][info][gc,phases   ] GC(306)   Evacuate Collection Set: 0.6ms
[451.383s][info][gc,phases   ] GC(306)   Post Evacuate Collection Set: 0.2ms
[451.383s][info][gc,phases   ] GC(306)   Other: 0.1ms
[451.383s][info][gc,heap     ] GC(306) Eden regions: 27->0(27)
[451.383s][info][gc,heap     ] GC(306) Survivor regions: 1->1(4)
[451.383s][info][gc,heap     ] GC(306) Old regions: 35->35
[451.383s][info][gc,heap     ] GC(306) Archive regions: 2->2
[451.383s][info][gc,heap     ] GC(306) Humongous regions: 0->0
[451.383s][info][gc,metaspace] GC(306) Metaspace: 46780K(47824K)->46780K(47824K) NonClass: 41128K(41808K)->41128K(41808K) Class: 5652K(6016K)->5652K(6016K)
[451.383s][info][gc          ] GC(306) Pause Young (Normal) (G1 Evacuation Pause) 63M->36M(74M) 1.100ms
[451.383s][info][gc,cpu      ] GC(306) User=0.01s Sys=0.00s Real=0.01s
[451.512s][info][gc,start    ] GC(307) Pause Young (Concurrent Start) (G1 Evacuation Pause)
[451.512s][info][gc,task     ] GC(307) Using 8 workers of 8 for evacuation
[451.513s][info][gc,phases   ] GC(307)   Pre Evacuate Collection Set: 0.1ms
[451.513s][info][gc,phases   ] GC(307)   Merge Heap Roots: 0.0ms
[451.513s][info][gc,phases   ] GC(307)   Evacuate Collection Set: 0.6ms
[451.513s][info][gc,phases   ] GC(307)   Post Evacuate Collection Set: 0.2ms
[451.513s][info][gc,phases   ] GC(307)   Other: 0.2ms
[451.513s][info][gc,heap     ] GC(307) Eden regions: 27->0(27)
[451.513s][info][gc,heap     ] GC(307) Survivor regions: 1->1(4)
[451.513s][info][gc,heap     ] GC(307) Old regions: 35->35
[451.513s][info][gc,heap     ] GC(307) Archive regions: 2->2
[451.513s][info][gc,heap     ] GC(307) Humongous regions: 0->0
[451.513s][info][gc,metaspace] GC(307) Metaspace: 46780K(47824K)->46780K(47824K) NonClass: 41128K(41808K)->41128K(41808K) Class: 5652K(6016K)->5652K(6016K)
[451.513s][info][gc          ] GC(307) Pause Young (Concurrent Start) (G1 Evacuation Pause) 63M->36M(74M) 1.245ms
[451.513s][info][gc,cpu      ] GC(307) User=0.00s Sys=0.00s Real=0.01s
[451.513s][info][gc          ] GC(308) Concurrent Cycle
[451.513s][info][gc,marking  ] GC(308) Concurrent Clear Claimed Marks
[451.513s][info][gc,marking  ] GC(308) Concurrent Clear Claimed Marks 0.037ms
[451.513s][info][gc,marking  ] GC(308) Concurrent Scan Root Regions
[451.515s][info][gc,marking  ] GC(308) Concurrent Scan Root Regions 1.147ms
[451.515s][info][gc,marking  ] GC(308) Concurrent Mark (451.515s)
[451.515s][info][gc,marking  ] GC(308) Concurrent Mark From Roots
[451.515s][info][gc,task     ] GC(308) Using 2 workers of 2 for marking
[451.559s][info][gc,marking  ] GC(308) Concurrent Mark From Roots 44.379ms
[451.559s][info][gc,marking  ] GC(308) Concurrent Preclean
[451.559s][info][gc,marking  ] GC(308) Concurrent Preclean 0.092ms
[451.559s][info][gc,marking  ] GC(308) Concurrent Mark (451.515s, 451.559s) 44.552ms
[451.559s][info][gc,start    ] GC(308) Pause Remark
[451.562s][info][gc          ] GC(308) Pause Remark 43M->43M(77M) 2.325ms
[451.562s][info][gc,cpu      ] GC(308) User=0.01s Sys=0.00s Real=0.00s
[451.562s][info][gc,marking  ] GC(308) Concurrent Rebuild Remembered Sets
[451.581s][info][gc,marking  ] GC(308) Concurrent Rebuild Remembered Sets 19.446ms
[451.581s][info][gc,start    ] GC(308) Pause Cleanup
[451.582s][info][gc          ] GC(308) Pause Cleanup 45M->45M(77M) 0.077ms
[451.582s][info][gc,cpu      ] GC(308) User=0.00s Sys=0.00s Real=0.00s
[451.582s][info][gc,marking  ] GC(308) Concurrent Cleanup for Next Mark
[451.582s][info][gc,marking  ] GC(308) Concurrent Cleanup for Next Mark 0.138ms
[451.582s][info][gc          ] GC(308) Concurrent Cycle 68.343ms
[451.699s][info][gc,start    ] GC(309) Pause Young (Normal) (G1 Evacuation Pause)
[451.699s][info][gc,task     ] GC(309) Using 8 workers of 8 for evacuation
[451.700s][info][gc,phases   ] GC(309)   Pre Evacuate Collection Set: 0.1ms
[451.700s][info][gc,phases   ] GC(309)   Merge Heap Roots: 0.0ms
[451.700s][info][gc,phases   ] GC(309)   Evacuate Collection Set: 0.5ms
[451.700s][info][gc,phases   ] GC(309)   Post Evacuate Collection Set: 0.2ms
[451.700s][info][gc,phases   ] GC(309)   Other: 0.1ms
[451.700s][info][gc,heap     ] GC(309) Eden regions: 27->0(30)
[451.700s][info][gc,heap     ] GC(309) Survivor regions: 1->1(4)
[451.700s][info][gc,heap     ] GC(309) Old regions: 35->35
[451.700s][info][gc,heap     ] GC(309) Archive regions: 2->2
[451.700s][info][gc,heap     ] GC(309) Humongous regions: 0->0
[451.700s][info][gc,metaspace] GC(309) Metaspace: 46780K(47824K)->46780K(47824K) NonClass: 41128K(41808K)->41128K(41808K) Class: 5652K(6016K)->5652K(6016K)
[451.700s][info][gc          ] GC(309) Pause Young (Normal) (G1 Evacuation Pause) 63M->36M(77M) 1.088ms
[451.700s][info][gc,cpu      ] GC(309) User=0.00s Sys=0.00s Real=0.00s
[451.927s][info][gc,start    ] GC(310) Pause Young (Concurrent Start) (G1 Evacuation Pause)
[451.927s][info][gc,task     ] GC(310) Using 8 workers of 8 for evacuation
[451.928s][info][gc,phases   ] GC(310)   Pre Evacuate Collection Set: 0.1ms
[451.928s][info][gc,phases   ] GC(310)   Merge Heap Roots: 0.0ms
[451.928s][info][gc,phases   ] GC(310)   Evacuate Collection Set: 0.6ms
[451.928s][info][gc,phases   ] GC(310)   Post Evacuate Collection Set: 0.3ms
[451.928s][info][gc,phases   ] GC(310)   Other: 0.2ms
[451.928s][info][gc,heap     ] GC(310) Eden regions: 30->0(30)
[451.928s][info][gc,heap     ] GC(310) Survivor regions: 1->1(4)
[451.928s][info][gc,heap     ] GC(310) Old regions: 35->35
[451.928s][info][gc,heap     ] GC(310) Archive regions: 2->2
[451.928s][info][gc,heap     ] GC(310) Humongous regions: 0->0
[451.928s][info][gc,metaspace] GC(310) Metaspace: 46780K(47824K)->46780K(47824K) NonClass: 41128K(41808K)->41128K(41808K) Class: 5652K(6016K)->5652K(6016K)
[451.928s][info][gc          ] GC(310) Pause Young (Concurrent Start) (G1 Evacuation Pause) 66M->36M(77M) 1.267ms
[451.928s][info][gc,cpu      ] GC(310) User=0.00s Sys=0.00s Real=0.00s
[451.928s][info][gc          ] GC(311) Concurrent Cycle
[451.928s][info][gc,marking  ] GC(311) Concurrent Clear Claimed Marks
[451.928s][info][gc,marking  ] GC(311) Concurrent Clear Claimed Marks 0.056ms
[451.928s][info][gc,marking  ] GC(311) Concurrent Scan Root Regions
[451.929s][info][gc,marking  ] GC(311) Concurrent Scan Root Regions 0.838ms
[451.929s][info][gc,marking  ] GC(311) Concurrent Mark (451.929s)
[451.929s][info][gc,marking  ] GC(311) Concurrent Mark From Roots
[451.929s][info][gc,task     ] GC(311) Using 2 workers of 2 for marking
[451.958s][info][gc,marking  ] GC(311) Concurrent Mark From Roots 29.044ms
[451.958s][info][gc,marking  ] GC(311) Concurrent Preclean
[451.958s][info][gc,marking  ] GC(311) Concurrent Preclean 0.077ms
[451.958s][info][gc,marking  ] GC(311) Concurrent Mark (451.929s, 451.958s) 29.197ms
[451.959s][info][gc,start    ] GC(311) Pause Remark
[451.961s][info][gc          ] GC(311) Pause Remark 39M->39M(77M) 2.317ms
[451.961s][info][gc,cpu      ] GC(311) User=0.01s Sys=0.00s Real=0.00s
[451.961s][info][gc,marking  ] GC(311) Concurrent Rebuild Remembered Sets
[451.979s][info][gc,marking  ] GC(311) Concurrent Rebuild Remembered Sets 17.992ms
[451.979s][info][gc,start    ] GC(311) Pause Cleanup
[451.979s][info][gc          ] GC(311) Pause Cleanup 42M->42M(77M) 0.088ms
[451.979s][info][gc,cpu      ] GC(311) User=0.00s Sys=0.00s Real=0.00s
[451.979s][info][gc,marking  ] GC(311) Concurrent Cleanup for Next Mark
[451.980s][info][gc,marking  ] GC(311) Concurrent Cleanup for Next Mark 0.171ms
[451.980s][info][gc          ] GC(311) Concurrent Cycle 51.338ms
[452.121s][info][gc,start    ] GC(312) Pause Young (Normal) (G1 Evacuation Pause)
[452.121s][info][gc,task     ] GC(312) Using 8 workers of 8 for evacuation
[452.122s][info][gc,phases   ] GC(312)   Pre Evacuate Collection Set: 0.1ms
[452.122s][info][gc,phases   ] GC(312)   Merge Heap Roots: 0.0ms
[452.122s][info][gc,phases   ] GC(312)   Evacuate Collection Set: 0.6ms
[452.122s][info][gc,phases   ] GC(312)   Post Evacuate Collection Set: 0.2ms
[452.122s][info][gc,phases   ] GC(312)   Other: 0.2ms
[452.122s][info][gc,heap     ] GC(312) Eden regions: 30->0(30)
[452.122s][info][gc,heap     ] GC(312) Survivor regions: 1->1(4)
[452.122s][info][gc,heap     ] GC(312) Old regions: 35->35
[452.122s][info][gc,heap     ] GC(312) Archive regions: 2->2
[452.122s][info][gc,heap     ] GC(312) Humongous regions: 0->0
[452.122s][info][gc,metaspace] GC(312) Metaspace: 46780K(47824K)->46780K(47824K) NonClass: 41128K(41808K)->41128K(41808K) Class: 5652K(6016K)->5652K(6016K)
[452.122s][info][gc          ] GC(312) Pause Young (Normal) (G1 Evacuation Pause) 66M->36M(77M) 1.245ms
[452.122s][info][gc,cpu      ] GC(312) User=0.00s Sys=0.00s Real=0.00s
[452.357s][info][gc,start    ] GC(313) Pause Young (Concurrent Start) (G1 Evacuation Pause)
[452.357s][info][gc,task     ] GC(313) Using 8 workers of 8 for evacuation
[452.359s][info][gc,phases   ] GC(313)   Pre Evacuate Collection Set: 0.1ms
[452.359s][info][gc,phases   ] GC(313)   Merge Heap Roots: 0.1ms
[452.359s][info][gc,phases   ] GC(313)   Evacuate Collection Set: 0.8ms
[452.359s][info][gc,phases   ] GC(313)   Post Evacuate Collection Set: 0.3ms
[452.359s][info][gc,phases   ] GC(313)   Other: 0.2ms
[452.359s][info][gc,heap     ] GC(313) Eden regions: 30->0(30)
[452.359s][info][gc,heap     ] GC(313) Survivor regions: 1->1(4)
[452.359s][info][gc,heap     ] GC(313) Old regions: 35->35
[452.359s][info][gc,heap     ] GC(313) Archive regions: 2->2
[452.359s][info][gc,heap     ] GC(313) Humongous regions: 0->0
[452.359s][info][gc,metaspace] GC(313) Metaspace: 46780K(47824K)->46780K(47824K) NonClass: 41128K(41808K)->41128K(41808K) Class: 5652K(6016K)->5652K(6016K)
[452.359s][info][gc          ] GC(313) Pause Young (Concurrent Start) (G1 Evacuation Pause) 66M->36M(77M) 1.784ms
[452.359s][info][gc,cpu      ] GC(313) User=0.01s Sys=0.00s Real=0.00s
[452.359s][info][gc          ] GC(314) Concurrent Cycle
[452.359s][info][gc,marking  ] GC(314) Concurrent Clear Claimed Marks
[452.359s][info][gc,marking  ] GC(314) Concurrent Clear Claimed Marks 0.049ms
[452.359s][info][gc,marking  ] GC(314) Concurrent Scan Root Regions
[452.360s][info][gc,marking  ] GC(314) Concurrent Scan Root Regions 0.789ms
[452.360s][info][gc,marking  ] GC(314) Concurrent Mark (452.360s)
[452.360s][info][gc,marking  ] GC(314) Concurrent Mark From Roots
[452.360s][info][gc,task     ] GC(314) Using 2 workers of 2 for marking
[452.393s][info][gc,marking  ] GC(314) Concurrent Mark From Roots 32.341ms
[452.393s][info][gc,marking  ] GC(314) Concurrent Preclean
[452.393s][info][gc,marking  ] GC(314) Concurrent Preclean 0.060ms
[452.393s][info][gc,marking  ] GC(314) Concurrent Mark (452.360s, 452.393s) 32.453ms
[452.393s][info][gc,start    ] GC(314) Pause Remark
[452.395s][info][gc          ] GC(314) Pause Remark 38M->38M(77M) 2.246ms
[452.395s][info][gc,cpu      ] GC(314) User=0.01s Sys=0.00s Real=0.01s
[452.395s][info][gc,marking  ] GC(314) Concurrent Rebuild Remembered Sets
[452.415s][info][gc,marking  ] GC(314) Concurrent Rebuild Remembered Sets 20.253ms
[452.416s][info][gc,start    ] GC(314) Pause Cleanup
[452.416s][info][gc          ] GC(314) Pause Cleanup 39M->39M(77M) 0.114ms
[452.416s][info][gc,cpu      ] GC(314) User=0.00s Sys=0.00s Real=0.00s
[452.416s][info][gc,marking  ] GC(314) Concurrent Cleanup for Next Mark
[452.416s][info][gc,marking  ] GC(314) Concurrent Cleanup for Next Mark 0.117ms
[452.416s][info][gc          ] GC(314) Concurrent Cycle 56.683ms
[452.634s][info][gc,start    ] GC(315) Pause Young (Normal) (G1 Evacuation Pause)
[452.634s][info][gc,task     ] GC(315) Using 8 workers of 8 for evacuation
[452.636s][info][gc,phases   ] GC(315)   Pre Evacuate Collection Set: 0.1ms
[452.636s][info][gc,phases   ] GC(315)   Merge Heap Roots: 0.1ms
[452.636s][info][gc,phases   ] GC(315)   Evacuate Collection Set: 0.9ms
[452.636s][info][gc,phases   ] GC(315)   Post Evacuate Collection Set: 0.3ms
[452.636s][info][gc,phases   ] GC(315)   Other: 0.2ms
[452.636s][info][gc,heap     ] GC(315) Eden regions: 30->0(30)
[452.636s][info][gc,heap     ] GC(315) Survivor regions: 1->1(4)
[452.636s][info][gc,heap     ] GC(315) Old regions: 35->35
[452.636s][info][gc,heap     ] GC(315) Archive regions: 2->2
[452.636s][info][gc,heap     ] GC(315) Humongous regions: 0->0
[452.636s][info][gc,metaspace] GC(315) Metaspace: 46780K(47824K)->46780K(47824K) NonClass: 41128K(41808K)->41128K(41808K) Class: 5652K(6016K)->5652K(6016K)
[452.636s][info][gc          ] GC(315) Pause Young (Normal) (G1 Evacuation Pause) 66M->36M(77M) 1.885ms
[452.636s][info][gc,cpu      ] GC(315) User=0.01s Sys=0.00s Real=0.00s
[452.869s][info][gc,start    ] GC(316) Pause Young (Concurrent Start) (G1 Evacuation Pause)
[452.869s][info][gc,task     ] GC(316) Using 8 workers of 8 for evacuation
[452.870s][info][gc,phases   ] GC(316)   Pre Evacuate Collection Set: 0.1ms
[452.870s][info][gc,phases   ] GC(316)   Merge Heap Roots: 0.0ms
[452.870s][info][gc,phases   ] GC(316)   Evacuate Collection Set: 0.9ms
[452.870s][info][gc,phases   ] GC(316)   Post Evacuate Collection Set: 0.3ms
[452.870s][info][gc,phases   ] GC(316)   Other: 0.3ms
[452.870s][info][gc,heap     ] GC(316) Eden regions: 30->0(30)
[452.870s][info][gc,heap     ] GC(316) Survivor regions: 1->1(4)
[452.870s][info][gc,heap     ] GC(316) Old regions: 35->35
[452.870s][info][gc,heap     ] GC(316) Archive regions: 2->2
[452.870s][info][gc,heap     ] GC(316) Humongous regions: 0->0
[452.870s][info][gc,metaspace] GC(316) Metaspace: 46780K(47824K)->46780K(47824K) NonClass: 41128K(41808K)->41128K(41808K) Class: 5652K(6016K)->5652K(6016K)
[452.870s][info][gc          ] GC(316) Pause Young (Concurrent Start) (G1 Evacuation Pause) 66M->36M(77M) 1.647ms
[452.871s][info][gc,cpu      ] GC(316) User=0.00s Sys=0.00s Real=0.00s
[452.871s][info][gc          ] GC(317) Concurrent Cycle
[452.871s][info][gc,marking  ] GC(317) Concurrent Clear Claimed Marks
[452.871s][info][gc,marking  ] GC(317) Concurrent Clear Claimed Marks 0.064ms
[452.871s][info][gc,marking  ] GC(317) Concurrent Scan Root Regions
[452.872s][info][gc,marking  ] GC(317) Concurrent Scan Root Regions 1.424ms
[452.872s][info][gc,marking  ] GC(317) Concurrent Mark (452.872s)
[452.872s][info][gc,marking  ] GC(317) Concurrent Mark From Roots
[452.872s][info][gc,task     ] GC(317) Using 2 workers of 2 for marking
[452.905s][info][gc,marking  ] GC(317) Concurrent Mark From Roots 32.555ms
[452.905s][info][gc,marking  ] GC(317) Concurrent Preclean
[452.905s][info][gc,marking  ] GC(317) Concurrent Preclean 0.089ms
[452.905s][info][gc,marking  ] GC(317) Concurrent Mark (452.872s, 452.905s) 32.738ms
[452.905s][info][gc,start    ] GC(317) Pause Remark
[452.907s][info][gc          ] GC(317) Pause Remark 38M->38M(77M) 1.799ms
[452.907s][info][gc,cpu      ] GC(317) User=0.02s Sys=0.00s Real=0.00s
[452.907s][info][gc,marking  ] GC(317) Concurrent Rebuild Remembered Sets
[452.925s][info][gc,marking  ] GC(317) Concurrent Rebuild Remembered Sets 17.589ms
[452.925s][info][gc,start    ] GC(317) Pause Cleanup
[452.925s][info][gc          ] GC(317) Pause Cleanup 40M->40M(77M) 0.083ms
[452.925s][info][gc,cpu      ] GC(317) User=0.00s Sys=0.00s Real=0.00s
[452.925s][info][gc,marking  ] GC(317) Concurrent Cleanup for Next Mark
[452.925s][info][gc,marking  ] GC(317) Concurrent Cleanup for Next Mark 0.155ms
[452.925s][info][gc          ] GC(317) Concurrent Cycle 54.619ms
[453.167s][info][gc,start    ] GC(318) Pause Young (Normal) (G1 Evacuation Pause)
[453.167s][info][gc,task     ] GC(318) Using 8 workers of 8 for evacuation
[453.169s][info][gc,phases   ] GC(318)   Pre Evacuate Collection Set: 0.1ms
[453.169s][info][gc,phases   ] GC(318)   Merge Heap Roots: 0.0ms
[453.169s][info][gc,phases   ] GC(318)   Evacuate Collection Set: 0.7ms
[453.169s][info][gc,phases   ] GC(318)   Post Evacuate Collection Set: 0.3ms
[453.169s][info][gc,phases   ] GC(318)   Other: 0.2ms
[453.169s][info][gc,heap     ] GC(318) Eden regions: 30->0(30)
[453.169s][info][gc,heap     ] GC(318) Survivor regions: 1->1(4)
[453.169s][info][gc,heap     ] GC(318) Old regions: 35->35
[453.169s][info][gc,heap     ] GC(318) Archive regions: 2->2
[453.169s][info][gc,heap     ] GC(318) Humongous regions: 0->0
[453.169s][info][gc,metaspace] GC(318) Metaspace: 46780K(47824K)->46780K(47824K) NonClass: 41128K(41808K)->41128K(41808K) Class: 5652K(6016K)->5652K(6016K)
[453.169s][info][gc          ] GC(318) Pause Young (Normal) (G1 Evacuation Pause) 66M->36M(77M) 1.365ms
[453.169s][info][gc,cpu      ] GC(318) User=0.00s Sys=0.00s Real=0.00s
[453.384s][info][gc,start    ] GC(319) Pause Young (Concurrent Start) (G1 Evacuation Pause)
[453.384s][info][gc,task     ] GC(319) Using 8 workers of 8 for evacuation
[453.385s][info][gc,phases   ] GC(319)   Pre Evacuate Collection Set: 0.1ms
[453.385s][info][gc,phases   ] GC(319)   Merge Heap Roots: 0.0ms
[453.385s][info][gc,phases   ] GC(319)   Evacuate Collection Set: 0.7ms
[453.385s][info][gc,phases   ] GC(319)   Post Evacuate Collection Set: 0.2ms
[453.385s][info][gc,phases   ] GC(319)   Other: 0.2ms
[453.385s][info][gc,heap     ] GC(319) Eden regions: 30->0(30)
[453.385s][info][gc,heap     ] GC(319) Survivor regions: 1->1(4)
[453.385s][info][gc,heap     ] GC(319) Old regions: 35->35
[453.385s][info][gc,heap     ] GC(319) Archive regions: 2->2
[453.385s][info][gc,heap     ] GC(319) Humongous regions: 0->0
[453.385s][info][gc,metaspace] GC(319) Metaspace: 46781K(47824K)->46781K(47824K) NonClass: 41128K(41808K)->41128K(41808K) Class: 5652K(6016K)->5652K(6016K)
[453.385s][info][gc          ] GC(319) Pause Young (Concurrent Start) (G1 Evacuation Pause) 66M->36M(77M) 1.397ms
[453.385s][info][gc,cpu      ] GC(319) User=0.01s Sys=0.00s Real=0.00s
[453.385s][info][gc          ] GC(320) Concurrent Cycle
[453.385s][info][gc,marking  ] GC(320) Concurrent Clear Claimed Marks
[453.386s][info][gc,marking  ] GC(320) Concurrent Clear Claimed Marks 0.043ms
[453.386s][info][gc,marking  ] GC(320) Concurrent Scan Root Regions
[453.387s][info][gc,marking  ] GC(320) Concurrent Scan Root Regions 1.018ms
[453.387s][info][gc,marking  ] GC(320) Concurrent Mark (453.387s)
[453.387s][info][gc,marking  ] GC(320) Concurrent Mark From Roots
[453.387s][info][gc,task     ] GC(320) Using 2 workers of 2 for marking
[453.417s][info][gc,marking  ] GC(320) Concurrent Mark From Roots 30.407ms
[453.417s][info][gc,marking  ] GC(320) Concurrent Preclean
[453.417s][info][gc,marking  ] GC(320) Concurrent Preclean 0.161ms
[453.417s][info][gc,marking  ] GC(320) Concurrent Mark (453.387s, 453.417s) 30.684ms
[453.418s][info][gc,start    ] GC(320) Pause Remark
[453.422s][info][gc          ] GC(320) Pause Remark 39M->39M(77M) 3.620ms
[453.422s][info][gc,cpu      ] GC(320) User=0.02s Sys=0.00s Real=0.00s
[453.422s][info][gc,marking  ] GC(320) Concurrent Rebuild Remembered Sets
[453.440s][info][gc,marking  ] GC(320) Concurrent Rebuild Remembered Sets 17.793ms
[453.440s][info][gc,start    ] GC(320) Pause Cleanup
[453.440s][info][gc          ] GC(320) Pause Cleanup 42M->42M(77M) 0.112ms
[453.440s][info][gc,cpu      ] GC(320) User=0.00s Sys=0.00s Real=0.00s
[453.440s][info][gc,marking  ] GC(320) Concurrent Cleanup for Next Mark
[453.440s][info][gc,marking  ] GC(320) Concurrent Cleanup for Next Mark 0.180ms
[453.440s][info][gc          ] GC(320) Concurrent Cycle 54.993ms
[453.594s][info][gc,start    ] GC(321) Pause Young (Normal) (G1 Evacuation Pause)
[453.594s][info][gc,task     ] GC(321) Using 8 workers of 8 for evacuation
[453.595s][info][gc,phases   ] GC(321)   Pre Evacuate Collection Set: 0.1ms
[453.595s][info][gc,phases   ] GC(321)   Merge Heap Roots: 0.0ms
[453.595s][info][gc,phases   ] GC(321)   Evacuate Collection Set: 0.4ms
[453.595s][info][gc,phases   ] GC(321)   Post Evacuate Collection Set: 0.2ms
[453.595s][info][gc,phases   ] GC(321)   Other: 0.1ms
[453.595s][info][gc,heap     ] GC(321) Eden regions: 30->0(29)
[453.595s][info][gc,heap     ] GC(321) Survivor regions: 1->1(4)
[453.595s][info][gc,heap     ] GC(321) Old regions: 35->36
[453.595s][info][gc,heap     ] GC(321) Archive regions: 2->2
[453.595s][info][gc,heap     ] GC(321) Humongous regions: 0->0
[453.595s][info][gc,metaspace] GC(321) Metaspace: 46781K(47824K)->46781K(47824K) NonClass: 41128K(41808K)->41128K(41808K) Class: 5652K(6016K)->5652K(6016K)
[453.595s][info][gc          ] GC(321) Pause Young (Normal) (G1 Evacuation Pause) 66M->36M(77M) 0.929ms
[453.595s][info][gc,cpu      ] GC(321) User=0.01s Sys=0.00s Real=0.00s
[453.806s][info][gc,start    ] GC(322) Pause Young (Concurrent Start) (G1 Evacuation Pause)
[453.806s][info][gc,task     ] GC(322) Using 8 workers of 8 for evacuation
[453.807s][info][gc,phases   ] GC(322)   Pre Evacuate Collection Set: 0.1ms
[453.807s][info][gc,phases   ] GC(322)   Merge Heap Roots: 0.0ms
[453.808s][info][gc,phases   ] GC(322)   Evacuate Collection Set: 0.8ms
[453.808s][info][gc,phases   ] GC(322)   Post Evacuate Collection Set: 0.2ms
[453.808s][info][gc,phases   ] GC(322)   Other: 0.1ms
[453.808s][info][gc,heap     ] GC(322) Eden regions: 29->0(29)
[453.808s][info][gc,heap     ] GC(322) Survivor regions: 1->1(4)
[453.808s][info][gc,heap     ] GC(322) Old regions: 36->36
[453.808s][info][gc,heap     ] GC(322) Archive regions: 2->2
[453.808s][info][gc,heap     ] GC(322) Humongous regions: 0->0
[453.808s][info][gc,metaspace] GC(322) Metaspace: 46781K(47824K)->46781K(47824K) NonClass: 41128K(41808K)->41128K(41808K) Class: 5652K(6016K)->5652K(6016K)
[453.808s][info][gc          ] GC(322) Pause Young (Concurrent Start) (G1 Evacuation Pause) 65M->36M(77M) 1.363ms
[453.808s][info][gc,cpu      ] GC(322) User=0.00s Sys=0.00s Real=0.00s
[453.808s][info][gc          ] GC(323) Concurrent Cycle
[453.808s][info][gc,marking  ] GC(323) Concurrent Clear Claimed Marks
[453.808s][info][gc,marking  ] GC(323) Concurrent Clear Claimed Marks 0.034ms
[453.808s][info][gc,marking  ] GC(323) Concurrent Scan Root Regions
[453.809s][info][gc,marking  ] GC(323) Concurrent Scan Root Regions 1.485ms
[453.810s][info][gc,marking  ] GC(323) Concurrent Mark (453.810s)
[453.810s][info][gc,marking  ] GC(323) Concurrent Mark From Roots
[453.810s][info][gc,task     ] GC(323) Using 2 workers of 2 for marking
[453.847s][info][gc,marking  ] GC(323) Concurrent Mark From Roots 37.092ms
[453.847s][info][gc,marking  ] GC(323) Concurrent Preclean
[453.847s][info][gc,marking  ] GC(323) Concurrent Preclean 0.146ms
[453.847s][info][gc,marking  ] GC(323) Concurrent Mark (453.810s, 453.847s) 37.389ms
[453.847s][info][gc,start    ] GC(323) Pause Remark
[453.850s][info][gc          ] GC(323) Pause Remark 38M->38M(77M) 3.217ms
[453.850s][info][gc,cpu      ] GC(323) User=0.01s Sys=0.00s Real=0.00s
[453.851s][info][gc,marking  ] GC(323) Concurrent Rebuild Remembered Sets
[453.870s][info][gc,marking  ] GC(323) Concurrent Rebuild Remembered Sets 19.725ms
[453.870s][info][gc,start    ] GC(323) Pause Cleanup
[453.871s][info][gc          ] GC(323) Pause Cleanup 41M->41M(77M) 0.135ms
[453.871s][info][gc,cpu      ] GC(323) User=0.00s Sys=0.00s Real=0.00s
[453.871s][info][gc,marking  ] GC(323) Concurrent Cleanup for Next Mark
[453.871s][info][gc,marking  ] GC(323) Concurrent Cleanup for Next Mark 0.137ms
[453.871s][info][gc          ] GC(323) Concurrent Cycle 63.855ms
[454.006s][info][gc,start    ] GC(324) Pause Young (Normal) (G1 Evacuation Pause)
[454.006s][info][gc,task     ] GC(324) Using 8 workers of 8 for evacuation
[454.007s][info][gc,phases   ] GC(324)   Pre Evacuate Collection Set: 0.0ms
[454.007s][info][gc,phases   ] GC(324)   Merge Heap Roots: 0.0ms
[454.007s][info][gc,phases   ] GC(324)   Evacuate Collection Set: 0.5ms
[454.007s][info][gc,phases   ] GC(324)   Post Evacuate Collection Set: 0.2ms
[454.007s][info][gc,phases   ] GC(324)   Other: 0.1ms
[454.007s][info][gc,heap     ] GC(324) Eden regions: 29->0(29)
[454.007s][info][gc,heap     ] GC(324) Survivor regions: 1->1(4)
[454.007s][info][gc,heap     ] GC(324) Old regions: 36->36
[454.007s][info][gc,heap     ] GC(324) Archive regions: 2->2
[454.007s][info][gc,heap     ] GC(324) Humongous regions: 0->0
[454.007s][info][gc,metaspace] GC(324) Metaspace: 46781K(47824K)->46781K(47824K) NonClass: 41128K(41808K)->41128K(41808K) Class: 5652K(6016K)->5652K(6016K)
[454.007s][info][gc          ] GC(324) Pause Young (Normal) (G1 Evacuation Pause) 65M->36M(77M) 0.934ms
[454.007s][info][gc,cpu      ] GC(324) User=0.00s Sys=0.00s Real=0.00s
[454.199s][info][gc,start    ] GC(325) Pause Young (Concurrent Start) (G1 Evacuation Pause)
[454.199s][info][gc,task     ] GC(325) Using 8 workers of 8 for evacuation
[454.201s][info][gc,phases   ] GC(325)   Pre Evacuate Collection Set: 0.1ms
[454.201s][info][gc,phases   ] GC(325)   Merge Heap Roots: 0.1ms
[454.201s][info][gc,phases   ] GC(325)   Evacuate Collection Set: 0.9ms
[454.201s][info][gc,phases   ] GC(325)   Post Evacuate Collection Set: 0.2ms
[454.201s][info][gc,phases   ] GC(325)   Other: 0.2ms
[454.201s][info][gc,heap     ] GC(325) Eden regions: 29->0(29)
[454.201s][info][gc,heap     ] GC(325) Survivor regions: 1->1(4)
[454.201s][info][gc,heap     ] GC(325) Old regions: 36->36
[454.201s][info][gc,heap     ] GC(325) Archive regions: 2->2
[454.201s][info][gc,heap     ] GC(325) Humongous regions: 0->0
[454.201s][info][gc,metaspace] GC(325) Metaspace: 46781K(47824K)->46781K(47824K) NonClass: 41129K(41808K)->41129K(41808K) Class: 5652K(6016K)->5652K(6016K)
[454.201s][info][gc          ] GC(325) Pause Young (Concurrent Start) (G1 Evacuation Pause) 65M->36M(77M) 1.602ms
[454.201s][info][gc,cpu      ] GC(325) User=0.00s Sys=0.00s Real=0.00s
[454.201s][info][gc          ] GC(326) Concurrent Cycle
[454.201s][info][gc,marking  ] GC(326) Concurrent Clear Claimed Marks
[454.201s][info][gc,marking  ] GC(326) Concurrent Clear Claimed Marks 0.095ms
[454.201s][info][gc,marking  ] GC(326) Concurrent Scan Root Regions
[454.202s][info][gc,marking  ] GC(326) Concurrent Scan Root Regions 1.173ms
[454.202s][info][gc,marking  ] GC(326) Concurrent Mark (454.202s)
[454.202s][info][gc,marking  ] GC(326) Concurrent Mark From Roots
[454.202s][info][gc,task     ] GC(326) Using 2 workers of 2 for marking
[454.233s][info][gc,marking  ] GC(326) Concurrent Mark From Roots 30.952ms
[454.233s][info][gc,marking  ] GC(326) Concurrent Preclean
[454.233s][info][gc,marking  ] GC(326) Concurrent Preclean 0.086ms
[454.233s][info][gc,marking  ] GC(326) Concurrent Mark (454.202s, 454.233s) 31.105ms
[454.234s][info][gc,start    ] GC(326) Pause Remark
[454.235s][info][gc          ] GC(326) Pause Remark 40M->40M(77M) 1.891ms
[454.236s][info][gc,cpu      ] GC(326) User=0.01s Sys=0.00s Real=0.00s
[454.236s][info][gc,marking  ] GC(326) Concurrent Rebuild Remembered Sets
[454.256s][info][gc,marking  ] GC(326) Concurrent Rebuild Remembered Sets 20.157ms
[454.257s][info][gc,start    ] GC(326) Pause Cleanup
[454.257s][info][gc          ] GC(326) Pause Cleanup 41M->41M(77M) 0.169ms
[454.257s][info][gc,cpu      ] GC(326) User=0.00s Sys=0.00s Real=0.00s
[454.257s][info][gc,marking  ] GC(326) Concurrent Cleanup for Next Mark
[454.257s][info][gc,marking  ] GC(326) Concurrent Cleanup for Next Mark 0.226ms
[454.257s][info][gc          ] GC(326) Concurrent Cycle 56.482ms
[454.418s][info][gc,start    ] GC(327) Pause Young (Normal) (G1 Evacuation Pause)
[454.418s][info][gc,task     ] GC(327) Using 8 workers of 8 for evacuation
[454.419s][info][gc,phases   ] GC(327)   Pre Evacuate Collection Set: 0.1ms
[454.419s][info][gc,phases   ] GC(327)   Merge Heap Roots: 0.0ms
[454.419s][info][gc,phases   ] GC(327)   Evacuate Collection Set: 0.7ms
[454.419s][info][gc,phases   ] GC(327)   Post Evacuate Collection Set: 0.2ms
[454.419s][info][gc,phases   ] GC(327)   Other: 0.2ms
[454.419s][info][gc,heap     ] GC(327) Eden regions: 29->0(29)
[454.419s][info][gc,heap     ] GC(327) Survivor regions: 1->1(4)
[454.419s][info][gc,heap     ] GC(327) Old regions: 36->36
[454.419s][info][gc,heap     ] GC(327) Archive regions: 2->2
[454.419s][info][gc,heap     ] GC(327) Humongous regions: 0->0
[454.419s][info][gc,metaspace] GC(327) Metaspace: 46781K(47824K)->46781K(47824K) NonClass: 41129K(41808K)->41129K(41808K) Class: 5652K(6016K)->5652K(6016K)
[454.419s][info][gc          ] GC(327) Pause Young (Normal) (G1 Evacuation Pause) 65M->36M(77M) 1.354ms
[454.419s][info][gc,cpu      ] GC(327) User=0.01s Sys=0.00s Real=0.00s
[454.598s][info][gc,start    ] GC(328) Pause Young (Concurrent Start) (G1 Evacuation Pause)
[454.598s][info][gc,task     ] GC(328) Using 8 workers of 8 for evacuation
[454.599s][info][gc,phases   ] GC(328)   Pre Evacuate Collection Set: 0.1ms
[454.599s][info][gc,phases   ] GC(328)   Merge Heap Roots: 0.0ms
[454.599s][info][gc,phases   ] GC(328)   Evacuate Collection Set: 0.6ms
[454.599s][info][gc,phases   ] GC(328)   Post Evacuate Collection Set: 0.2ms
[454.599s][info][gc,phases   ] GC(328)   Other: 0.2ms
[454.599s][info][gc,heap     ] GC(328) Eden regions: 29->0(29)
[454.599s][info][gc,heap     ] GC(328) Survivor regions: 1->1(4)
[454.599s][info][gc,heap     ] GC(328) Old regions: 36->36
[454.599s][info][gc,heap     ] GC(328) Archive regions: 2->2
[454.599s][info][gc,heap     ] GC(328) Humongous regions: 0->0
[454.599s][info][gc,metaspace] GC(328) Metaspace: 46781K(47824K)->46781K(47824K) NonClass: 41129K(41808K)->41129K(41808K) Class: 5652K(6016K)->5652K(6016K)
[454.599s][info][gc          ] GC(328) Pause Young (Concurrent Start) (G1 Evacuation Pause) 65M->36M(77M) 1.188ms
[454.599s][info][gc,cpu      ] GC(328) User=0.00s Sys=0.00s Real=0.00s
[454.599s][info][gc          ] GC(329) Concurrent Cycle
[454.599s][info][gc,marking  ] GC(329) Concurrent Clear Claimed Marks
[454.599s][info][gc,marking  ] GC(329) Concurrent Clear Claimed Marks 0.037ms
[454.599s][info][gc,marking  ] GC(329) Concurrent Scan Root Regions
[454.600s][info][gc,marking  ] GC(329) Concurrent Scan Root Regions 0.610ms
[454.600s][info][gc,marking  ] GC(329) Concurrent Mark (454.600s)
[454.600s][info][gc,marking  ] GC(329) Concurrent Mark From Roots
[454.600s][info][gc,task     ] GC(329) Using 2 workers of 2 for marking
[454.631s][info][gc,marking  ] GC(329) Concurrent Mark From Roots 31.614ms
[454.631s][info][gc,marking  ] GC(329) Concurrent Preclean
[454.631s][info][gc,marking  ] GC(329) Concurrent Preclean 0.123ms
[454.631s][info][gc,marking  ] GC(329) Concurrent Mark (454.600s, 454.631s) 31.830ms
[454.632s][info][gc,start    ] GC(329) Pause Remark
[454.634s][info][gc          ] GC(329) Pause Remark 41M->41M(77M) 1.931ms
[454.634s][info][gc,cpu      ] GC(329) User=0.01s Sys=0.00s Real=0.01s
[454.634s][info][gc,marking  ] GC(329) Concurrent Rebuild Remembered Sets
[454.659s][info][gc,marking  ] GC(329) Concurrent Rebuild Remembered Sets 24.561ms
[454.659s][info][gc,start    ] GC(329) Pause Cleanup
[454.659s][info][gc          ] GC(329) Pause Cleanup 43M->43M(77M) 0.079ms
[454.659s][info][gc,cpu      ] GC(329) User=0.00s Sys=0.00s Real=0.00s
[454.659s][info][gc,marking  ] GC(329) Concurrent Cleanup for Next Mark
[454.659s][info][gc,marking  ] GC(329) Concurrent Cleanup for Next Mark 0.147ms
[454.659s][info][gc          ] GC(329) Concurrent Cycle 60.500ms
[454.788s][info][gc,start    ] GC(330) Pause Young (Normal) (G1 Evacuation Pause)
[454.788s][info][gc,task     ] GC(330) Using 8 workers of 8 for evacuation
[454.789s][info][gc,phases   ] GC(330)   Pre Evacuate Collection Set: 0.1ms
[454.789s][info][gc,phases   ] GC(330)   Merge Heap Roots: 0.1ms
[454.789s][info][gc,phases   ] GC(330)   Evacuate Collection Set: 0.4ms
[454.789s][info][gc,phases   ] GC(330)   Post Evacuate Collection Set: 0.2ms
[454.789s][info][gc,phases   ] GC(330)   Other: 0.2ms
[454.789s][info][gc,heap     ] GC(330) Eden regions: 29->0(29)
[454.789s][info][gc,heap     ] GC(330) Survivor regions: 1->1(4)
[454.789s][info][gc,heap     ] GC(330) Old regions: 36->36
[454.789s][info][gc,heap     ] GC(330) Archive regions: 2->2
[454.789s][info][gc,heap     ] GC(330) Humongous regions: 0->0
[454.789s][info][gc,metaspace] GC(330) Metaspace: 46781K(47824K)->46781K(47824K) NonClass: 41129K(41808K)->41129K(41808K) Class: 5652K(6016K)->5652K(6016K)
[454.789s][info][gc          ] GC(330) Pause Young (Normal) (G1 Evacuation Pause) 65M->36M(77M) 0.987ms
[454.789s][info][gc,cpu      ] GC(330) User=0.01s Sys=0.00s Real=0.00s
[454.978s][info][gc,start    ] GC(331) Pause Young (Concurrent Start) (G1 Evacuation Pause)
[454.978s][info][gc,task     ] GC(331) Using 8 workers of 8 for evacuation
[454.979s][info][gc,phases   ] GC(331)   Pre Evacuate Collection Set: 0.1ms
[454.979s][info][gc,phases   ] GC(331)   Merge Heap Roots: 0.0ms
[454.979s][info][gc,phases   ] GC(331)   Evacuate Collection Set: 0.6ms
[454.979s][info][gc,phases   ] GC(331)   Post Evacuate Collection Set: 0.2ms
[454.979s][info][gc,phases   ] GC(331)   Other: 0.2ms
[454.979s][info][gc,heap     ] GC(331) Eden regions: 29->0(29)
[454.979s][info][gc,heap     ] GC(331) Survivor regions: 1->1(4)
[454.979s][info][gc,heap     ] GC(331) Old regions: 36->36
[454.979s][info][gc,heap     ] GC(331) Archive regions: 2->2
[454.979s][info][gc,heap     ] GC(331) Humongous regions: 0->0
[454.979s][info][gc,metaspace] GC(331) Metaspace: 46781K(47824K)->46781K(47824K) NonClass: 41129K(41808K)->41129K(41808K) Class: 5652K(6016K)->5652K(6016K)
[454.979s][info][gc          ] GC(331) Pause Young (Concurrent Start) (G1 Evacuation Pause) 65M->36M(77M) 1.250ms
[454.979s][info][gc,cpu      ] GC(331) User=0.00s Sys=0.00s Real=0.00s
[454.979s][info][gc          ] GC(332) Concurrent Cycle
[454.979s][info][gc,marking  ] GC(332) Concurrent Clear Claimed Marks
[454.979s][info][gc,marking  ] GC(332) Concurrent Clear Claimed Marks 0.044ms
[454.979s][info][gc,marking  ] GC(332) Concurrent Scan Root Regions
[454.980s][info][gc,marking  ] GC(332) Concurrent Scan Root Regions 1.154ms
[454.981s][info][gc,marking  ] GC(332) Concurrent Mark (454.981s)
[454.981s][info][gc,marking  ] GC(332) Concurrent Mark From Roots
[454.981s][info][gc,task     ] GC(332) Using 2 workers of 2 for marking
[455.014s][info][gc,marking  ] GC(332) Concurrent Mark From Roots 33.771ms
[455.014s][info][gc,marking  ] GC(332) Concurrent Preclean
[455.014s][info][gc,marking  ] GC(332) Concurrent Preclean 0.094ms
[455.014s][info][gc,marking  ] GC(332) Concurrent Mark (454.981s, 455.014s) 33.939ms
[455.015s][info][gc,start    ] GC(332) Pause Remark
[455.017s][info][gc          ] GC(332) Pause Remark 40M->40M(77M) 2.398ms
[455.017s][info][gc,cpu      ] GC(332) User=0.01s Sys=0.00s Real=0.00s
[455.017s][info][gc,marking  ] GC(332) Concurrent Rebuild Remembered Sets
[455.038s][info][gc,marking  ] GC(332) Concurrent Rebuild Remembered Sets 20.951ms
[455.038s][info][gc,start    ] GC(332) Pause Cleanup
[455.038s][info][gc          ] GC(332) Pause Cleanup 43M->43M(77M) 0.124ms
[455.038s][info][gc,cpu      ] GC(332) User=0.00s Sys=0.00s Real=0.00s
[455.039s][info][gc,marking  ] GC(332) Concurrent Cleanup for Next Mark
[455.039s][info][gc,marking  ] GC(332) Concurrent Cleanup for Next Mark 0.222ms
[455.039s][info][gc          ] GC(332) Concurrent Cycle 59.582ms
[455.177s][info][gc,start    ] GC(333) Pause Young (Normal) (G1 Evacuation Pause)
[455.177s][info][gc,task     ] GC(333) Using 8 workers of 8 for evacuation
[455.178s][info][gc,phases   ] GC(333)   Pre Evacuate Collection Set: 0.1ms
[455.178s][info][gc,phases   ] GC(333)   Merge Heap Roots: 0.0ms
[455.178s][info][gc,phases   ] GC(333)   Evacuate Collection Set: 0.5ms
[455.178s][info][gc,phases   ] GC(333)   Post Evacuate Collection Set: 0.2ms
[455.178s][info][gc,phases   ] GC(333)   Other: 0.1ms
[455.178s][info][gc,heap     ] GC(333) Eden regions: 29->0(29)
[455.178s][info][gc,heap     ] GC(333) Survivor regions: 1->1(4)
[455.178s][info][gc,heap     ] GC(333) Old regions: 36->36
[455.178s][info][gc,heap     ] GC(333) Archive regions: 2->2
[455.178s][info][gc,heap     ] GC(333) Humongous regions: 0->0
[455.178s][info][gc,metaspace] GC(333) Metaspace: 46782K(47824K)->46782K(47824K) NonClass: 41129K(41808K)->41129K(41808K) Class: 5652K(6016K)->5652K(6016K)
[455.178s][info][gc          ] GC(333) Pause Young (Normal) (G1 Evacuation Pause) 65M->36M(77M) 1.021ms
[455.178s][info][gc,cpu      ] GC(333) User=0.01s Sys=0.00s Real=0.00s
[455.370s][info][gc,start    ] GC(334) Pause Young (Concurrent Start) (G1 Evacuation Pause)
[455.370s][info][gc,task     ] GC(334) Using 8 workers of 8 for evacuation
[455.372s][info][gc,phases   ] GC(334)   Pre Evacuate Collection Set: 0.1ms
[455.372s][info][gc,phases   ] GC(334)   Merge Heap Roots: 0.0ms
[455.372s][info][gc,phases   ] GC(334)   Evacuate Collection Set: 1.1ms
[455.372s][info][gc,phases   ] GC(334)   Post Evacuate Collection Set: 0.3ms
[455.372s][info][gc,phases   ] GC(334)   Other: 0.3ms
[455.372s][info][gc,heap     ] GC(334) Eden regions: 29->0(29)
[455.372s][info][gc,heap     ] GC(334) Survivor regions: 1->1(4)
[455.372s][info][gc,heap     ] GC(334) Old regions: 36->36
[455.372s][info][gc,heap     ] GC(334) Archive regions: 2->2
[455.372s][info][gc,heap     ] GC(334) Humongous regions: 0->0
[455.372s][info][gc,metaspace] GC(334) Metaspace: 46782K(47824K)->46782K(47824K) NonClass: 41129K(41808K)->41129K(41808K) Class: 5652K(6016K)->5652K(6016K)
[455.372s][info][gc          ] GC(334) Pause Young (Concurrent Start) (G1 Evacuation Pause) 65M->36M(77M) 2.038ms
[455.372s][info][gc,cpu      ] GC(334) User=0.00s Sys=0.00s Real=0.00s
[455.372s][info][gc          ] GC(335) Concurrent Cycle
[455.372s][info][gc,marking  ] GC(335) Concurrent Clear Claimed Marks
[455.372s][info][gc,marking  ] GC(335) Concurrent Clear Claimed Marks 0.070ms
[455.372s][info][gc,marking  ] GC(335) Concurrent Scan Root Regions
[455.374s][info][gc,marking  ] GC(335) Concurrent Scan Root Regions 1.488ms
[455.374s][info][gc,marking  ] GC(335) Concurrent Mark (455.374s)
[455.374s][info][gc,marking  ] GC(335) Concurrent Mark From Roots
[455.374s][info][gc,task     ] GC(335) Using 2 workers of 2 for marking
[455.410s][info][gc,marking  ] GC(335) Concurrent Mark From Roots 35.999ms
[455.410s][info][gc,marking  ] GC(335) Concurrent Preclean
[455.410s][info][gc,marking  ] GC(335) Concurrent Preclean 0.087ms
[455.410s][info][gc,marking  ] GC(335) Concurrent Mark (455.374s, 455.410s) 36.168ms
[455.410s][info][gc,start    ] GC(335) Pause Remark
[455.412s][info][gc          ] GC(335) Pause Remark 39M->39M(77M) 1.765ms
[455.412s][info][gc,cpu      ] GC(335) User=0.01s Sys=0.00s Real=0.00s
[455.412s][info][gc,marking  ] GC(335) Concurrent Rebuild Remembered Sets
[455.429s][info][gc,marking  ] GC(335) Concurrent Rebuild Remembered Sets 17.292ms
[455.429s][info][gc,start    ] GC(335) Pause Cleanup
[455.430s][info][gc          ] GC(335) Pause Cleanup 42M->42M(77M) 0.073ms
[455.430s][info][gc,cpu      ] GC(335) User=0.00s Sys=0.00s Real=0.00s
[455.430s][info][gc,marking  ] GC(335) Concurrent Cleanup for Next Mark
[455.430s][info][gc,marking  ] GC(335) Concurrent Cleanup for Next Mark 0.124ms
[455.430s][info][gc          ] GC(335) Concurrent Cycle 57.716ms
[455.580s][info][gc,start    ] GC(336) Pause Young (Normal) (G1 Evacuation Pause)
[455.580s][info][gc,task     ] GC(336) Using 8 workers of 8 for evacuation
[455.581s][info][gc,phases   ] GC(336)   Pre Evacuate Collection Set: 0.0ms
[455.581s][info][gc,phases   ] GC(336)   Merge Heap Roots: 0.0ms
[455.581s][info][gc,phases   ] GC(336)   Evacuate Collection Set: 0.5ms
[455.581s][info][gc,phases   ] GC(336)   Post Evacuate Collection Set: 0.2ms
[455.581s][info][gc,phases   ] GC(336)   Other: 0.1ms
[455.581s][info][gc,heap     ] GC(336) Eden regions: 29->0(29)
[455.581s][info][gc,heap     ] GC(336) Survivor regions: 1->1(4)
[455.581s][info][gc,heap     ] GC(336) Old regions: 36->36
[455.581s][info][gc,heap     ] GC(336) Archive regions: 2->2
[455.581s][info][gc,heap     ] GC(336) Humongous regions: 0->0
[455.581s][info][gc,metaspace] GC(336) Metaspace: 46782K(47824K)->46782K(47824K) NonClass: 41130K(41808K)->41130K(41808K) Class: 5652K(6016K)->5652K(6016K)
[455.581s][info][gc          ] GC(336) Pause Young (Normal) (G1 Evacuation Pause) 65M->36M(77M) 1.004ms
[455.581s][info][gc,cpu      ] GC(336) User=0.01s Sys=0.00s Real=0.00s
[455.756s][info][gc,start    ] GC(337) Pause Young (Concurrent Start) (G1 Evacuation Pause)
[455.756s][info][gc,task     ] GC(337) Using 8 workers of 8 for evacuation
[455.757s][info][gc,phases   ] GC(337)   Pre Evacuate Collection Set: 0.1ms
[455.757s][info][gc,phases   ] GC(337)   Merge Heap Roots: 0.0ms
[455.757s][info][gc,phases   ] GC(337)   Evacuate Collection Set: 0.6ms
[455.757s][info][gc,phases   ] GC(337)   Post Evacuate Collection Set: 0.2ms
[455.757s][info][gc,phases   ] GC(337)   Other: 0.2ms
[455.757s][info][gc,heap     ] GC(337) Eden regions: 29->0(29)
[455.757s][info][gc,heap     ] GC(337) Survivor regions: 1->1(4)
[455.757s][info][gc,heap     ] GC(337) Old regions: 36->36
[455.757s][info][gc,heap     ] GC(337) Archive regions: 2->2
[455.757s][info][gc,heap     ] GC(337) Humongous regions: 0->0
[455.757s][info][gc,metaspace] GC(337) Metaspace: 46782K(47824K)->46782K(47824K) NonClass: 41130K(41808K)->41130K(41808K) Class: 5652K(6016K)->5652K(6016K)
[455.757s][info][gc          ] GC(337) Pause Young (Concurrent Start) (G1 Evacuation Pause) 65M->36M(77M) 1.107ms
[455.757s][info][gc,cpu      ] GC(337) User=0.00s Sys=0.00s Real=0.00s
[455.757s][info][gc          ] GC(338) Concurrent Cycle
[455.757s][info][gc,marking  ] GC(338) Concurrent Clear Claimed Marks
[455.757s][info][gc,marking  ] GC(338) Concurrent Clear Claimed Marks 0.034ms
[455.757s][info][gc,marking  ] GC(338) Concurrent Scan Root Regions
[455.757s][info][gc,marking  ] GC(338) Concurrent Scan Root Regions 0.474ms
[455.757s][info][gc,marking  ] GC(338) Concurrent Mark (455.757s)
[455.757s][info][gc,marking  ] GC(338) Concurrent Mark From Roots
[455.757s][info][gc,task     ] GC(338) Using 2 workers of 2 for marking
[455.788s][info][gc,marking  ] GC(338) Concurrent Mark From Roots 30.078ms
[455.788s][info][gc,marking  ] GC(338) Concurrent Preclean
[455.788s][info][gc,marking  ] GC(338) Concurrent Preclean 0.083ms
[455.788s][info][gc,marking  ] GC(338) Concurrent Mark (455.757s, 455.788s) 30.230ms
[455.788s][info][gc,start    ] GC(338) Pause Remark
[455.790s][info][gc          ] GC(338) Pause Remark 40M->40M(77M) 2.579ms
[455.790s][info][gc,cpu      ] GC(338) User=0.02s Sys=0.00s Real=0.00s
[455.791s][info][gc,marking  ] GC(338) Concurrent Rebuild Remembered Sets
[455.809s][info][gc,marking  ] GC(338) Concurrent Rebuild Remembered Sets 18.907ms
[455.810s][info][gc,start    ] GC(338) Pause Cleanup
[455.810s][info][gc          ] GC(338) Pause Cleanup 43M->43M(77M) 0.077ms
[455.810s][info][gc,cpu      ] GC(338) User=0.00s Sys=0.00s Real=0.00s
[455.810s][info][gc,marking  ] GC(338) Concurrent Cleanup for Next Mark
[455.810s][info][gc,marking  ] GC(338) Concurrent Cleanup for Next Mark 0.118ms
[455.810s][info][gc          ] GC(338) Concurrent Cycle 53.078ms
[455.954s][info][gc,start    ] GC(339) Pause Young (Normal) (G1 Evacuation Pause)
[455.954s][info][gc,task     ] GC(339) Using 8 workers of 8 for evacuation
[455.955s][info][gc,phases   ] GC(339)   Pre Evacuate Collection Set: 0.1ms
[455.955s][info][gc,phases   ] GC(339)   Merge Heap Roots: 0.0ms
[455.955s][info][gc,phases   ] GC(339)   Evacuate Collection Set: 0.7ms
[455.955s][info][gc,phases   ] GC(339)   Post Evacuate Collection Set: 0.2ms
[455.955s][info][gc,phases   ] GC(339)   Other: 0.2ms
[455.955s][info][gc,heap     ] GC(339) Eden regions: 29->0(29)
[455.955s][info][gc,heap     ] GC(339) Survivor regions: 1->1(4)
[455.955s][info][gc,heap     ] GC(339) Old regions: 36->36
[455.955s][info][gc,heap     ] GC(339) Archive regions: 2->2
[455.955s][info][gc,heap     ] GC(339) Humongous regions: 0->0
[455.955s][info][gc,metaspace] GC(339) Metaspace: 46782K(47824K)->46782K(47824K) NonClass: 41130K(41808K)->41130K(41808K) Class: 5652K(6016K)->5652K(6016K)
[455.955s][info][gc          ] GC(339) Pause Young (Normal) (G1 Evacuation Pause) 65M->36M(77M) 1.371ms
[455.955s][info][gc,cpu      ] GC(339) User=0.00s Sys=0.00s Real=0.00s
[456.142s][info][gc,start    ] GC(340) Pause Young (Concurrent Start) (G1 Evacuation Pause)
[456.142s][info][gc,task     ] GC(340) Using 8 workers of 8 for evacuation
[456.143s][info][gc,phases   ] GC(340)   Pre Evacuate Collection Set: 0.1ms
[456.143s][info][gc,phases   ] GC(340)   Merge Heap Roots: 0.0ms
[456.143s][info][gc,phases   ] GC(340)   Evacuate Collection Set: 0.6ms
[456.143s][info][gc,phases   ] GC(340)   Post Evacuate Collection Set: 0.2ms
[456.143s][info][gc,phases   ] GC(340)   Other: 0.1ms
[456.143s][info][gc,heap     ] GC(340) Eden regions: 29->0(29)
[456.143s][info][gc,heap     ] GC(340) Survivor regions: 1->1(4)
[456.143s][info][gc,heap     ] GC(340) Old regions: 36->36
[456.143s][info][gc,heap     ] GC(340) Archive regions: 2->2
[456.143s][info][gc,heap     ] GC(340) Humongous regions: 0->0
[456.143s][info][gc,metaspace] GC(340) Metaspace: 46782K(47824K)->46782K(47824K) NonClass: 41130K(41808K)->41130K(41808K) Class: 5652K(6016K)->5652K(6016K)
[456.143s][info][gc          ] GC(340) Pause Young (Concurrent Start) (G1 Evacuation Pause) 65M->36M(77M) 1.073ms
[456.143s][info][gc,cpu      ] GC(340) User=0.00s Sys=0.00s Real=0.00s
[456.143s][info][gc          ] GC(341) Concurrent Cycle
[456.143s][info][gc,marking  ] GC(341) Concurrent Clear Claimed Marks
[456.143s][info][gc,marking  ] GC(341) Concurrent Clear Claimed Marks 0.033ms
[456.143s][info][gc,marking  ] GC(341) Concurrent Scan Root Regions
[456.144s][info][gc,marking  ] GC(341) Concurrent Scan Root Regions 0.566ms
[456.144s][info][gc,marking  ] GC(341) Concurrent Mark (456.144s)
[456.144s][info][gc,marking  ] GC(341) Concurrent Mark From Roots
[456.144s][info][gc,task     ] GC(341) Using 2 workers of 2 for marking
[456.173s][info][gc,marking  ] GC(341) Concurrent Mark From Roots 29.342ms
[456.173s][info][gc,marking  ] GC(341) Concurrent Preclean
[456.173s][info][gc,marking  ] GC(341) Concurrent Preclean 0.078ms
[456.173s][info][gc,marking  ] GC(341) Concurrent Mark (456.144s, 456.173s) 29.487ms
[456.173s][info][gc,start    ] GC(341) Pause Remark
[456.175s][info][gc          ] GC(341) Pause Remark 41M->41M(77M) 1.697ms
[456.175s][info][gc,cpu      ] GC(341) User=0.01s Sys=0.00s Real=0.00s
[456.175s][info][gc,marking  ] GC(341) Concurrent Rebuild Remembered Sets
[456.194s][info][gc,marking  ] GC(341) Concurrent Rebuild Remembered Sets 19.125ms
[456.194s][info][gc,start    ] GC(341) Pause Cleanup
[456.194s][info][gc          ] GC(341) Pause Cleanup 42M->42M(77M) 0.089ms
[456.194s][info][gc,cpu      ] GC(341) User=0.00s Sys=0.00s Real=0.00s
[456.194s][info][gc,marking  ] GC(341) Concurrent Cleanup for Next Mark
[456.195s][info][gc,marking  ] GC(341) Concurrent Cleanup for Next Mark 0.153ms
[456.195s][info][gc          ] GC(341) Concurrent Cycle 51.767ms
[456.348s][info][gc,start    ] GC(342) Pause Young (Normal) (G1 Evacuation Pause)
[456.348s][info][gc,task     ] GC(342) Using 8 workers of 8 for evacuation
[456.349s][info][gc,phases   ] GC(342)   Pre Evacuate Collection Set: 0.0ms
[456.349s][info][gc,phases   ] GC(342)   Merge Heap Roots: 0.0ms
[456.349s][info][gc,phases   ] GC(342)   Evacuate Collection Set: 0.5ms
[456.349s][info][gc,phases   ] GC(342)   Post Evacuate Collection Set: 0.2ms
[456.349s][info][gc,phases   ] GC(342)   Other: 0.1ms
[456.349s][info][gc,heap     ] GC(342) Eden regions: 29->0(29)
[456.349s][info][gc,heap     ] GC(342) Survivor regions: 1->1(4)
[456.349s][info][gc,heap     ] GC(342) Old regions: 36->36
[456.349s][info][gc,heap     ] GC(342) Archive regions: 2->2
[456.349s][info][gc,heap     ] GC(342) Humongous regions: 0->0
[456.349s][info][gc,metaspace] GC(342) Metaspace: 46782K(47824K)->46782K(47824K) NonClass: 41130K(41808K)->41130K(41808K) Class: 5652K(6016K)->5652K(6016K)
[456.349s][info][gc          ] GC(342) Pause Young (Normal) (G1 Evacuation Pause) 65M->36M(77M) 1.026ms
[456.349s][info][gc,cpu      ] GC(342) User=0.00s Sys=0.00s Real=0.00s
[456.540s][info][gc,start    ] GC(343) Pause Young (Concurrent Start) (G1 Evacuation Pause)
[456.540s][info][gc,task     ] GC(343) Using 8 workers of 8 for evacuation
[456.541s][info][gc,phases   ] GC(343)   Pre Evacuate Collection Set: 0.1ms
[456.541s][info][gc,phases   ] GC(343)   Merge Heap Roots: 0.0ms
[456.541s][info][gc,phases   ] GC(343)   Evacuate Collection Set: 0.8ms
[456.541s][info][gc,phases   ] GC(343)   Post Evacuate Collection Set: 0.3ms
[456.541s][info][gc,phases   ] GC(343)   Other: 0.3ms
[456.541s][info][gc,heap     ] GC(343) Eden regions: 29->0(29)
[456.541s][info][gc,heap     ] GC(343) Survivor regions: 1->1(4)
[456.541s][info][gc,heap     ] GC(343) Old regions: 36->36
[456.541s][info][gc,heap     ] GC(343) Archive regions: 2->2
[456.541s][info][gc,heap     ] GC(343) Humongous regions: 0->0
[456.541s][info][gc,metaspace] GC(343) Metaspace: 46783K(47824K)->46783K(47824K) NonClass: 41130K(41808K)->41130K(41808K) Class: 5652K(6016K)->5652K(6016K)
[456.541s][info][gc          ] GC(343) Pause Young (Concurrent Start) (G1 Evacuation Pause) 65M->36M(77M) 1.648ms
[456.542s][info][gc,cpu      ] GC(343) User=0.01s Sys=0.00s Real=0.00s
[456.542s][info][gc          ] GC(344) Concurrent Cycle
[456.542s][info][gc,marking  ] GC(344) Concurrent Clear Claimed Marks
[456.542s][info][gc,marking  ] GC(344) Concurrent Clear Claimed Marks 0.054ms
[456.542s][info][gc,marking  ] GC(344) Concurrent Scan Root Regions
[456.542s][info][gc,marking  ] GC(344) Concurrent Scan Root Regions 0.764ms
[456.542s][info][gc,marking  ] GC(344) Concurrent Mark (456.542s)
[456.542s][info][gc,marking  ] GC(344) Concurrent Mark From Roots
[456.542s][info][gc,task     ] GC(344) Using 2 workers of 2 for marking
[456.572s][info][gc,marking  ] GC(344) Concurrent Mark From Roots 29.415ms
[456.572s][info][gc,marking  ] GC(344) Concurrent Preclean
[456.572s][info][gc,marking  ] GC(344) Concurrent Preclean 0.155ms
[456.572s][info][gc,marking  ] GC(344) Concurrent Mark (456.542s, 456.572s) 29.733ms
[456.573s][info][gc,start    ] GC(344) Pause Remark
[456.574s][info][gc          ] GC(344) Pause Remark 40M->40M(77M) 1.739ms
[456.575s][info][gc,cpu      ] GC(344) User=0.01s Sys=0.01s Real=0.01s
[456.575s][info][gc,marking  ] GC(344) Concurrent Rebuild Remembered Sets
[456.593s][info][gc,marking  ] GC(344) Concurrent Rebuild Remembered Sets 18.315ms
[456.594s][info][gc,start    ] GC(344) Pause Cleanup
[456.594s][info][gc          ] GC(344) Pause Cleanup 42M->42M(77M) 0.129ms
[456.594s][info][gc,cpu      ] GC(344) User=0.00s Sys=0.00s Real=0.00s
[456.594s][info][gc,marking  ] GC(344) Concurrent Cleanup for Next Mark
[456.594s][info][gc,marking  ] GC(344) Concurrent Cleanup for Next Mark 0.121ms
[456.594s][info][gc          ] GC(344) Concurrent Cycle 52.490ms
[456.735s][info][gc,start    ] GC(345) Pause Young (Normal) (G1 Evacuation Pause)
[456.735s][info][gc,task     ] GC(345) Using 8 workers of 8 for evacuation
[456.735s][info][gc,phases   ] GC(345)   Pre Evacuate Collection Set: 0.0ms
[456.735s][info][gc,phases   ] GC(345)   Merge Heap Roots: 0.0ms
[456.735s][info][gc,phases   ] GC(345)   Evacuate Collection Set: 0.5ms
[456.736s][info][gc,phases   ] GC(345)   Post Evacuate Collection Set: 0.2ms
[456.736s][info][gc,phases   ] GC(345)   Other: 0.1ms
[456.736s][info][gc,heap     ] GC(345) Eden regions: 29->0(29)
[456.736s][info][gc,heap     ] GC(345) Survivor regions: 1->1(4)
[456.736s][info][gc,heap     ] GC(345) Old regions: 36->36
[456.736s][info][gc,heap     ] GC(345) Archive regions: 2->2
[456.736s][info][gc,heap     ] GC(345) Humongous regions: 0->0
[456.736s][info][gc,metaspace] GC(345) Metaspace: 46783K(47824K)->46783K(47824K) NonClass: 41130K(41808K)->41130K(41808K) Class: 5652K(6016K)->5652K(6016K)
[456.736s][info][gc          ] GC(345) Pause Young (Normal) (G1 Evacuation Pause) 65M->36M(77M) 1.062ms
[456.736s][info][gc,cpu      ] GC(345) User=0.01s Sys=0.00s Real=0.00s
[456.936s][info][gc,start    ] GC(346) Pause Young (Concurrent Start) (G1 Evacuation Pause)
[456.936s][info][gc,task     ] GC(346) Using 8 workers of 8 for evacuation
[456.937s][info][gc,phases   ] GC(346)   Pre Evacuate Collection Set: 0.1ms
[456.937s][info][gc,phases   ] GC(346)   Merge Heap Roots: 0.0ms
[456.937s][info][gc,phases   ] GC(346)   Evacuate Collection Set: 0.6ms
[456.937s][info][gc,phases   ] GC(346)   Post Evacuate Collection Set: 0.3ms
[456.937s][info][gc,phases   ] GC(346)   Other: 0.2ms
[456.937s][info][gc,heap     ] GC(346) Eden regions: 29->0(29)
[456.937s][info][gc,heap     ] GC(346) Survivor regions: 1->1(4)
[456.937s][info][gc,heap     ] GC(346) Old regions: 36->36
[456.937s][info][gc,heap     ] GC(346) Archive regions: 2->2
[456.937s][info][gc,heap     ] GC(346) Humongous regions: 0->0
[456.937s][info][gc,metaspace] GC(346) Metaspace: 46783K(47824K)->46783K(47824K) NonClass: 41130K(41808K)->41130K(41808K) Class: 5652K(6016K)->5652K(6016K)
[456.937s][info][gc          ] GC(346) Pause Young (Concurrent Start) (G1 Evacuation Pause) 65M->36M(77M) 1.399ms
[456.938s][info][gc,cpu      ] GC(346) User=0.01s Sys=0.00s Real=0.00s
[456.938s][info][gc          ] GC(347) Concurrent Cycle
[456.938s][info][gc,marking  ] GC(347) Concurrent Clear Claimed Marks
[456.938s][info][gc,marking  ] GC(347) Concurrent Clear Claimed Marks 0.111ms
[456.938s][info][gc,marking  ] GC(347) Concurrent Scan Root Regions
[456.939s][info][gc,marking  ] GC(347) Concurrent Scan Root Regions 1.156ms
[456.939s][info][gc,marking  ] GC(347) Concurrent Mark (456.939s)
[456.939s][info][gc,marking  ] GC(347) Concurrent Mark From Roots
[456.939s][info][gc,task     ] GC(347) Using 2 workers of 2 for marking
[456.969s][info][gc,marking  ] GC(347) Concurrent Mark From Roots 29.911ms
[456.969s][info][gc,marking  ] GC(347) Concurrent Preclean
[456.969s][info][gc,marking  ] GC(347) Concurrent Preclean 0.156ms
[456.969s][info][gc,marking  ] GC(347) Concurrent Mark (456.939s, 456.969s) 30.181ms
[456.969s][info][gc,start    ] GC(347) Pause Remark
[456.976s][info][gc          ] GC(347) Pause Remark 40M->40M(77M) 6.085ms
[456.976s][info][gc,cpu      ] GC(347) User=0.02s Sys=0.00s Real=0.01s
[456.978s][info][gc,marking  ] GC(347) Concurrent Rebuild Remembered Sets
[456.997s][info][gc,marking  ] GC(347) Concurrent Rebuild Remembered Sets 18.781ms
[456.997s][info][gc,start    ] GC(347) Pause Cleanup
[456.997s][info][gc          ] GC(347) Pause Cleanup 42M->42M(77M) 0.101ms
[456.997s][info][gc,cpu      ] GC(347) User=0.00s Sys=0.00s Real=0.00s
[456.997s][info][gc,marking  ] GC(347) Concurrent Cleanup for Next Mark
[456.997s][info][gc,marking  ] GC(347) Concurrent Cleanup for Next Mark 0.159ms
[456.997s][info][gc          ] GC(347) Concurrent Cycle 59.856ms
[457.148s][info][gc,start    ] GC(348) Pause Young (Normal) (G1 Evacuation Pause)
[457.148s][info][gc,task     ] GC(348) Using 8 workers of 8 for evacuation
[457.149s][info][gc,phases   ] GC(348)   Pre Evacuate Collection Set: 0.0ms
[457.149s][info][gc,phases   ] GC(348)   Merge Heap Roots: 0.0ms
[457.149s][info][gc,phases   ] GC(348)   Evacuate Collection Set: 0.5ms
[457.149s][info][gc,phases   ] GC(348)   Post Evacuate Collection Set: 0.2ms
[457.149s][info][gc,phases   ] GC(348)   Other: 0.1ms
[457.149s][info][gc,heap     ] GC(348) Eden regions: 29->0(29)
[457.149s][info][gc,heap     ] GC(348) Survivor regions: 1->1(4)
[457.149s][info][gc,heap     ] GC(348) Old regions: 36->36
[457.149s][info][gc,heap     ] GC(348) Archive regions: 2->2
[457.149s][info][gc,heap     ] GC(348) Humongous regions: 0->0
[457.149s][info][gc,metaspace] GC(348) Metaspace: 46783K(47824K)->46783K(47824K) NonClass: 41130K(41808K)->41130K(41808K) Class: 5652K(6016K)->5652K(6016K)
[457.149s][info][gc          ] GC(348) Pause Young (Normal) (G1 Evacuation Pause) 65M->36M(77M) 1.007ms
[457.149s][info][gc,cpu      ] GC(348) User=0.01s Sys=0.00s Real=0.00s
[457.334s][info][gc,start    ] GC(349) Pause Young (Concurrent Start) (G1 Evacuation Pause)
[457.334s][info][gc,task     ] GC(349) Using 8 workers of 8 for evacuation
[457.336s][info][gc,phases   ] GC(349)   Pre Evacuate Collection Set: 0.1ms
[457.336s][info][gc,phases   ] GC(349)   Merge Heap Roots: 0.0ms
[457.336s][info][gc,phases   ] GC(349)   Evacuate Collection Set: 0.7ms
[457.336s][info][gc,phases   ] GC(349)   Post Evacuate Collection Set: 0.2ms
[457.336s][info][gc,phases   ] GC(349)   Other: 0.2ms
[457.336s][info][gc,heap     ] GC(349) Eden regions: 29->0(29)
[457.336s][info][gc,heap     ] GC(349) Survivor regions: 1->1(4)
[457.336s][info][gc,heap     ] GC(349) Old regions: 36->36
[457.336s][info][gc,heap     ] GC(349) Archive regions: 2->2
[457.336s][info][gc,heap     ] GC(349) Humongous regions: 0->0
[457.336s][info][gc,metaspace] GC(349) Metaspace: 46783K(47824K)->46783K(47824K) NonClass: 41131K(41808K)->41131K(41808K) Class: 5652K(6016K)->5652K(6016K)
[457.336s][info][gc          ] GC(349) Pause Young (Concurrent Start) (G1 Evacuation Pause) 65M->36M(77M) 1.389ms
[457.336s][info][gc,cpu      ] GC(349) User=0.01s Sys=0.00s Real=0.00s
[457.336s][info][gc          ] GC(350) Concurrent Cycle
[457.336s][info][gc,marking  ] GC(350) Concurrent Clear Claimed Marks
[457.336s][info][gc,marking  ] GC(350) Concurrent Clear Claimed Marks 0.038ms
[457.336s][info][gc,marking  ] GC(350) Concurrent Scan Root Regions
[457.337s][info][gc,marking  ] GC(350) Concurrent Scan Root Regions 0.836ms
[457.337s][info][gc,marking  ] GC(350) Concurrent Mark (457.337s)
[457.337s][info][gc,marking  ] GC(350) Concurrent Mark From Roots
[457.337s][info][gc,task     ] GC(350) Using 2 workers of 2 for marking
[457.367s][info][gc,marking  ] GC(350) Concurrent Mark From Roots 30.394ms
[457.367s][info][gc,marking  ] GC(350) Concurrent Preclean
[457.367s][info][gc,marking  ] GC(350) Concurrent Preclean 0.092ms
[457.367s][info][gc,marking  ] GC(350) Concurrent Mark (457.337s, 457.367s) 30.566ms
[457.367s][info][gc,start    ] GC(350) Pause Remark
[457.369s][info][gc          ] GC(350) Pause Remark 40M->40M(77M) 1.860ms
[457.369s][info][gc,cpu      ] GC(350) User=0.01s Sys=0.00s Real=0.00s
[457.369s][info][gc,marking  ] GC(350) Concurrent Rebuild Remembered Sets
[457.389s][info][gc,marking  ] GC(350) Concurrent Rebuild Remembered Sets 19.307ms
[457.389s][info][gc,start    ] GC(350) Pause Cleanup
[457.389s][info][gc          ] GC(350) Pause Cleanup 41M->41M(77M) 0.080ms
[457.389s][info][gc,cpu      ] GC(350) User=0.00s Sys=0.00s Real=0.00s
[457.389s][info][gc,marking  ] GC(350) Concurrent Cleanup for Next Mark
[457.389s][info][gc,marking  ] GC(350) Concurrent Cleanup for Next Mark 0.145ms
[457.389s][info][gc          ] GC(350) Concurrent Cycle 53.440ms
[457.544s][info][gc,start    ] GC(351) Pause Young (Normal) (G1 Evacuation Pause)
[457.544s][info][gc,task     ] GC(351) Using 8 workers of 8 for evacuation
[457.545s][info][gc,phases   ] GC(351)   Pre Evacuate Collection Set: 0.1ms
[457.545s][info][gc,phases   ] GC(351)   Merge Heap Roots: 0.0ms
[457.545s][info][gc,phases   ] GC(351)   Evacuate Collection Set: 0.6ms
[457.545s][info][gc,phases   ] GC(351)   Post Evacuate Collection Set: 0.2ms
[457.545s][info][gc,phases   ] GC(351)   Other: 0.3ms
[457.545s][info][gc,heap     ] GC(351) Eden regions: 29->0(29)
[457.545s][info][gc,heap     ] GC(351) Survivor regions: 1->1(4)
[457.545s][info][gc,heap     ] GC(351) Old regions: 36->36
[457.545s][info][gc,heap     ] GC(351) Archive regions: 2->2
[457.545s][info][gc,heap     ] GC(351) Humongous regions: 0->0
[457.545s][info][gc,metaspace] GC(351) Metaspace: 46783K(47824K)->46783K(47824K) NonClass: 41131K(41808K)->41131K(41808K) Class: 5652K(6016K)->5652K(6016K)
[457.545s][info][gc          ] GC(351) Pause Young (Normal) (G1 Evacuation Pause) 65M->36M(77M) 1.264ms
[457.545s][info][gc,cpu      ] GC(351) User=0.00s Sys=0.00s Real=0.00s
[457.735s][info][gc,start    ] GC(352) Pause Young (Concurrent Start) (G1 Evacuation Pause)
[457.735s][info][gc,task     ] GC(352) Using 8 workers of 8 for evacuation
[457.736s][info][gc,phases   ] GC(352)   Pre Evacuate Collection Set: 0.1ms
[457.736s][info][gc,phases   ] GC(352)   Merge Heap Roots: 0.0ms
[457.736s][info][gc,phases   ] GC(352)   Evacuate Collection Set: 0.6ms
[457.736s][info][gc,phases   ] GC(352)   Post Evacuate Collection Set: 0.2ms
[457.736s][info][gc,phases   ] GC(352)   Other: 0.2ms
[457.736s][info][gc,heap     ] GC(352) Eden regions: 29->0(29)
[457.736s][info][gc,heap     ] GC(352) Survivor regions: 1->1(4)
[457.736s][info][gc,heap     ] GC(352) Old regions: 36->36
[457.736s][info][gc,heap     ] GC(352) Archive regions: 2->2
[457.736s][info][gc,heap     ] GC(352) Humongous regions: 0->0
[457.736s][info][gc,metaspace] GC(352) Metaspace: 46783K(47824K)->46783K(47824K) NonClass: 41131K(41808K)->41131K(41808K) Class: 5652K(6016K)->5652K(6016K)
[457.736s][info][gc          ] GC(352) Pause Young (Concurrent Start) (G1 Evacuation Pause) 65M->36M(77M) 1.388ms
[457.736s][info][gc,cpu      ] GC(352) User=0.01s Sys=0.00s Real=0.00s
[457.736s][info][gc          ] GC(353) Concurrent Cycle
[457.736s][info][gc,marking  ] GC(353) Concurrent Clear Claimed Marks
[457.736s][info][gc,marking  ] GC(353) Concurrent Clear Claimed Marks 0.035ms
[457.736s][info][gc,marking  ] GC(353) Concurrent Scan Root Regions
[457.737s][info][gc,marking  ] GC(353) Concurrent Scan Root Regions 0.859ms
[457.737s][info][gc,marking  ] GC(353) Concurrent Mark (457.737s)
[457.737s][info][gc,marking  ] GC(353) Concurrent Mark From Roots
[457.737s][info][gc,task     ] GC(353) Using 2 workers of 2 for marking
[457.786s][info][gc,marking  ] GC(353) Concurrent Mark From Roots 48.123ms
[457.786s][info][gc,marking  ] GC(353) Concurrent Preclean
[457.786s][info][gc,marking  ] GC(353) Concurrent Preclean 0.091ms
[457.786s][info][gc,marking  ] GC(353) Concurrent Mark (457.737s, 457.786s) 48.302ms
[457.786s][info][gc,start    ] GC(353) Pause Remark
[457.790s][info][gc          ] GC(353) Pause Remark 42M->42M(77M) 3.608ms
[457.790s][info][gc,cpu      ] GC(353) User=0.01s Sys=0.00s Real=0.00s
[457.790s][info][gc,marking  ] GC(353) Concurrent Rebuild Remembered Sets
[457.818s][info][gc,marking  ] GC(353) Concurrent Rebuild Remembered Sets 28.403ms
[457.818s][info][gc,start    ] GC(353) Pause Cleanup
[457.818s][info][gc          ] GC(353) Pause Cleanup 47M->47M(77M) 0.088ms
[457.818s][info][gc,cpu      ] GC(353) User=0.00s Sys=0.00s Real=0.00s
[457.818s][info][gc,marking  ] GC(353) Concurrent Cleanup for Next Mark
[457.819s][info][gc,marking  ] GC(353) Concurrent Cleanup for Next Mark 0.127ms
[457.819s][info][gc          ] GC(353) Concurrent Cycle 82.234ms
[457.956s][info][gc,start    ] GC(354) Pause Young (Normal) (G1 Evacuation Pause)
[457.956s][info][gc,task     ] GC(354) Using 8 workers of 8 for evacuation
[457.957s][info][gc,phases   ] GC(354)   Pre Evacuate Collection Set: 0.1ms
[457.957s][info][gc,phases   ] GC(354)   Merge Heap Roots: 0.0ms
[457.957s][info][gc,phases   ] GC(354)   Evacuate Collection Set: 0.6ms
[457.957s][info][gc,phases   ] GC(354)   Post Evacuate Collection Set: 0.2ms
[457.957s][info][gc,phases   ] GC(354)   Other: 0.2ms
[457.957s][info][gc,heap     ] GC(354) Eden regions: 29->0(29)
[457.957s][info][gc,heap     ] GC(354) Survivor regions: 1->1(4)
[457.957s][info][gc,heap     ] GC(354) Old regions: 36->36
[457.957s][info][gc,heap     ] GC(354) Archive regions: 2->2
[457.957s][info][gc,heap     ] GC(354) Humongous regions: 0->0
[457.957s][info][gc,metaspace] GC(354) Metaspace: 46783K(47824K)->46783K(47824K) NonClass: 41131K(41808K)->41131K(41808K) Class: 5652K(6016K)->5652K(6016K)
[457.957s][info][gc          ] GC(354) Pause Young (Normal) (G1 Evacuation Pause) 65M->36M(77M) 1.224ms
[457.957s][info][gc,cpu      ] GC(354) User=0.01s Sys=0.00s Real=0.00s
[458.207s][info][gc,start    ] GC(355) Pause Young (Concurrent Start) (G1 Evacuation Pause)
[458.207s][info][gc,task     ] GC(355) Using 8 workers of 8 for evacuation
[458.208s][info][gc,phases   ] GC(355)   Pre Evacuate Collection Set: 0.1ms
[458.208s][info][gc,phases   ] GC(355)   Merge Heap Roots: 0.0ms
[458.208s][info][gc,phases   ] GC(355)   Evacuate Collection Set: 0.7ms
[458.208s][info][gc,phases   ] GC(355)   Post Evacuate Collection Set: 0.2ms
[458.208s][info][gc,phases   ] GC(355)   Other: 0.2ms
[458.208s][info][gc,heap     ] GC(355) Eden regions: 29->0(29)
[458.208s][info][gc,heap     ] GC(355) Survivor regions: 1->1(4)
[458.208s][info][gc,heap     ] GC(355) Old regions: 36->36
[458.208s][info][gc,heap     ] GC(355) Archive regions: 2->2
[458.208s][info][gc,heap     ] GC(355) Humongous regions: 0->0
[458.208s][info][gc,metaspace] GC(355) Metaspace: 46784K(47824K)->46784K(47824K) NonClass: 41131K(41808K)->41131K(41808K) Class: 5652K(6016K)->5652K(6016K)
[458.208s][info][gc          ] GC(355) Pause Young (Concurrent Start) (G1 Evacuation Pause) 65M->36M(77M) 1.238ms
[458.208s][info][gc,cpu      ] GC(355) User=0.00s Sys=0.00s Real=0.00s
[458.208s][info][gc          ] GC(356) Concurrent Cycle
[458.208s][info][gc,marking  ] GC(356) Concurrent Clear Claimed Marks
[458.208s][info][gc,marking  ] GC(356) Concurrent Clear Claimed Marks 0.035ms
[458.208s][info][gc,marking  ] GC(356) Concurrent Scan Root Regions
[458.209s][info][gc,marking  ] GC(356) Concurrent Scan Root Regions 0.875ms
[458.209s][info][gc,marking  ] GC(356) Concurrent Mark (458.209s)
[458.209s][info][gc,marking  ] GC(356) Concurrent Mark From Roots
[458.209s][info][gc,task     ] GC(356) Using 2 workers of 2 for marking
[458.244s][info][gc,marking  ] GC(356) Concurrent Mark From Roots 34.820ms
[458.244s][info][gc,marking  ] GC(356) Concurrent Preclean
[458.244s][info][gc,marking  ] GC(356) Concurrent Preclean 0.078ms
[458.244s][info][gc,marking  ] GC(356) Concurrent Mark (458.209s, 458.244s) 35.002ms
[458.245s][info][gc,start    ] GC(356) Pause Remark
[458.247s][info][gc          ] GC(356) Pause Remark 40M->40M(77M) 1.886ms
[458.247s][info][gc,cpu      ] GC(356) User=0.01s Sys=0.00s Real=0.00s
[458.247s][info][gc,marking  ] GC(356) Concurrent Rebuild Remembered Sets
[458.278s][info][gc,marking  ] GC(356) Concurrent Rebuild Remembered Sets 31.059ms
[458.278s][info][gc,start    ] GC(356) Pause Cleanup
[458.278s][info][gc          ] GC(356) Pause Cleanup 42M->42M(77M) 0.097ms
[458.278s][info][gc,cpu      ] GC(356) User=0.00s Sys=0.00s Real=0.00s
[458.278s][info][gc,marking  ] GC(356) Concurrent Cleanup for Next Mark
[458.279s][info][gc,marking  ] GC(356) Concurrent Cleanup for Next Mark 0.204ms
[458.279s][info][gc          ] GC(356) Concurrent Cycle 70.346ms
[458.428s][info][gc,start    ] GC(357) Pause Young (Normal) (G1 Evacuation Pause)
[458.428s][info][gc,task     ] GC(357) Using 8 workers of 8 for evacuation
[458.429s][info][gc,phases   ] GC(357)   Pre Evacuate Collection Set: 0.1ms
[458.429s][info][gc,phases   ] GC(357)   Merge Heap Roots: 0.0ms
[458.429s][info][gc,phases   ] GC(357)   Evacuate Collection Set: 0.4ms
[458.429s][info][gc,phases   ] GC(357)   Post Evacuate Collection Set: 0.2ms
[458.429s][info][gc,phases   ] GC(357)   Other: 0.2ms
[458.429s][info][gc,heap     ] GC(357) Eden regions: 29->0(29)
[458.429s][info][gc,heap     ] GC(357) Survivor regions: 1->1(4)
[458.429s][info][gc,heap     ] GC(357) Old regions: 36->36
[458.429s][info][gc,heap     ] GC(357) Archive regions: 2->2
[458.429s][info][gc,heap     ] GC(357) Humongous regions: 0->0
[458.429s][info][gc,metaspace] GC(357) Metaspace: 46785K(47824K)->46785K(47824K) NonClass: 41133K(41808K)->41133K(41808K) Class: 5652K(6016K)->5652K(6016K)
[458.429s][info][gc          ] GC(357) Pause Young (Normal) (G1 Evacuation Pause) 65M->36M(77M) 0.964ms
[458.429s][info][gc,cpu      ] GC(357) User=0.00s Sys=0.00s Real=0.00s
[458.626s][info][gc,start    ] GC(358) Pause Young (Concurrent Start) (G1 Evacuation Pause)
[458.626s][info][gc,task     ] GC(358) Using 8 workers of 8 for evacuation
[458.627s][info][gc,phases   ] GC(358)   Pre Evacuate Collection Set: 0.1ms
[458.627s][info][gc,phases   ] GC(358)   Merge Heap Roots: 0.0ms
[458.627s][info][gc,phases   ] GC(358)   Evacuate Collection Set: 0.7ms
[458.627s][info][gc,phases   ] GC(358)   Post Evacuate Collection Set: 0.3ms
[458.627s][info][gc,phases   ] GC(358)   Other: 0.2ms
[458.627s][info][gc,heap     ] GC(358) Eden regions: 29->0(29)
[458.627s][info][gc,heap     ] GC(358) Survivor regions: 1->1(4)
[458.627s][info][gc,heap     ] GC(358) Old regions: 36->36
[458.627s][info][gc,heap     ] GC(358) Archive regions: 2->2
[458.628s][info][gc,heap     ] GC(358) Humongous regions: 0->0
[458.628s][info][gc,metaspace] GC(358) Metaspace: 46789K(47824K)->46789K(47824K) NonClass: 41136K(41808K)->41136K(41808K) Class: 5652K(6016K)->5652K(6016K)
[458.628s][info][gc          ] GC(358) Pause Young (Concurrent Start) (G1 Evacuation Pause) 65M->36M(77M) 1.316ms
[458.628s][info][gc,cpu      ] GC(358) User=0.00s Sys=0.00s Real=0.00s
[458.628s][info][gc          ] GC(359) Concurrent Cycle
[458.628s][info][gc,marking  ] GC(359) Concurrent Clear Claimed Marks
[458.628s][info][gc,marking  ] GC(359) Concurrent Clear Claimed Marks 0.038ms
[458.628s][info][gc,marking  ] GC(359) Concurrent Scan Root Regions
[458.629s][info][gc,marking  ] GC(359) Concurrent Scan Root Regions 1.112ms
[458.629s][info][gc,marking  ] GC(359) Concurrent Mark (458.629s)
[458.629s][info][gc,marking  ] GC(359) Concurrent Mark From Roots
[458.629s][info][gc,task     ] GC(359) Using 2 workers of 2 for marking
[458.661s][info][gc,marking  ] GC(359) Concurrent Mark From Roots 32.486ms
[458.661s][info][gc,marking  ] GC(359) Concurrent Preclean
[458.661s][info][gc,marking  ] GC(359) Concurrent Preclean 0.088ms
[458.661s][info][gc,marking  ] GC(359) Concurrent Mark (458.629s, 458.661s) 32.656ms
[458.662s][info][gc,start    ] GC(359) Pause Remark
[458.664s][info][gc          ] GC(359) Pause Remark 40M->40M(77M) 2.182ms
[458.664s][info][gc,cpu      ] GC(359) User=0.01s Sys=0.00s Real=0.01s
[458.664s][info][gc,marking  ] GC(359) Concurrent Rebuild Remembered Sets
[458.683s][info][gc,marking  ] GC(359) Concurrent Rebuild Remembered Sets 18.848ms
[458.683s][info][gc,start    ] GC(359) Pause Cleanup
[458.683s][info][gc          ] GC(359) Pause Cleanup 43M->43M(77M) 0.093ms
[458.683s][info][gc,cpu      ] GC(359) User=0.00s Sys=0.00s Real=0.01s
[458.683s][info][gc,marking  ] GC(359) Concurrent Cleanup for Next Mark
[458.684s][info][gc,marking  ] GC(359) Concurrent Cleanup for Next Mark 0.193ms
[458.684s][info][gc          ] GC(359) Concurrent Cycle 55.955ms
[458.822s][info][gc,start    ] GC(360) Pause Young (Normal) (G1 Evacuation Pause)
[458.822s][info][gc,task     ] GC(360) Using 8 workers of 8 for evacuation
[458.823s][info][gc,phases   ] GC(360)   Pre Evacuate Collection Set: 0.1ms
[458.824s][info][gc,phases   ] GC(360)   Merge Heap Roots: 0.0ms
[458.824s][info][gc,phases   ] GC(360)   Evacuate Collection Set: 0.7ms
[458.824s][info][gc,phases   ] GC(360)   Post Evacuate Collection Set: 0.3ms
[458.824s][info][gc,phases   ] GC(360)   Other: 0.1ms
[458.824s][info][gc,heap     ] GC(360) Eden regions: 29->0(29)
[458.824s][info][gc,heap     ] GC(360) Survivor regions: 1->1(4)
[458.824s][info][gc,heap     ] GC(360) Old regions: 36->36
[458.824s][info][gc,heap     ] GC(360) Archive regions: 2->2
[458.824s][info][gc,heap     ] GC(360) Humongous regions: 0->0
[458.824s][info][gc,metaspace] GC(360) Metaspace: 46789K(47824K)->46789K(47824K) NonClass: 41136K(41808K)->41136K(41808K) Class: 5652K(6016K)->5652K(6016K)
[458.824s][info][gc          ] GC(360) Pause Young (Normal) (G1 Evacuation Pause) 65M->36M(77M) 1.379ms
[458.824s][info][gc,cpu      ] GC(360) User=0.00s Sys=0.00s Real=0.01s
[459.004s][info][gc,start    ] GC(361) Pause Young (Concurrent Start) (G1 Evacuation Pause)
[459.004s][info][gc,task     ] GC(361) Using 8 workers of 8 for evacuation
[459.005s][info][gc,phases   ] GC(361)   Pre Evacuate Collection Set: 0.1ms
[459.005s][info][gc,phases   ] GC(361)   Merge Heap Roots: 0.0ms
[459.005s][info][gc,phases   ] GC(361)   Evacuate Collection Set: 0.7ms
[459.005s][info][gc,phases   ] GC(361)   Post Evacuate Collection Set: 0.3ms
[459.005s][info][gc,phases   ] GC(361)   Other: 0.2ms
[459.005s][info][gc,heap     ] GC(361) Eden regions: 29->0(29)
[459.005s][info][gc,heap     ] GC(361) Survivor regions: 1->1(4)
[459.005s][info][gc,heap     ] GC(361) Old regions: 36->36
[459.005s][info][gc,heap     ] GC(361) Archive regions: 2->2
[459.005s][info][gc,heap     ] GC(361) Humongous regions: 0->0
[459.005s][info][gc,metaspace] GC(361) Metaspace: 46791K(47824K)->46791K(47824K) NonClass: 41138K(41808K)->41138K(41808K) Class: 5652K(6016K)->5652K(6016K)
[459.005s][info][gc          ] GC(361) Pause Young (Concurrent Start) (G1 Evacuation Pause) 65M->36M(77M) 1.417ms
[459.005s][info][gc,cpu      ] GC(361) User=0.00s Sys=0.00s Real=0.00s
[459.005s][info][gc          ] GC(362) Concurrent Cycle
[459.005s][info][gc,marking  ] GC(362) Concurrent Clear Claimed Marks
[459.005s][info][gc,marking  ] GC(362) Concurrent Clear Claimed Marks 0.057ms
[459.005s][info][gc,marking  ] GC(362) Concurrent Scan Root Regions
[459.006s][info][gc,marking  ] GC(362) Concurrent Scan Root Regions 0.944ms
[459.006s][info][gc,marking  ] GC(362) Concurrent Mark (459.006s)
[459.006s][info][gc,marking  ] GC(362) Concurrent Mark From Roots
[459.006s][info][gc,task     ] GC(362) Using 2 workers of 2 for marking
[459.042s][info][gc,marking  ] GC(362) Concurrent Mark From Roots 35.696ms
[459.042s][info][gc,marking  ] GC(362) Concurrent Preclean
[459.042s][info][gc,marking  ] GC(362) Concurrent Preclean 0.079ms
[459.042s][info][gc,marking  ] GC(362) Concurrent Mark (459.006s, 459.042s) 35.882ms
[459.043s][info][gc,start    ] GC(362) Pause Remark
[459.045s][info][gc          ] GC(362) Pause Remark 40M->40M(77M) 2.261ms
[459.045s][info][gc,cpu      ] GC(362) User=0.01s Sys=0.00s Real=0.00s
[459.046s][info][gc,marking  ] GC(362) Concurrent Rebuild Remembered Sets
[459.068s][info][gc,marking  ] GC(362) Concurrent Rebuild Remembered Sets 22.064ms
[459.068s][info][gc,start    ] GC(362) Pause Cleanup
[459.068s][info][gc          ] GC(362) Pause Cleanup 43M->43M(77M) 0.096ms
[459.068s][info][gc,cpu      ] GC(362) User=0.00s Sys=0.00s Real=0.00s
[459.068s][info][gc,marking  ] GC(362) Concurrent Cleanup for Next Mark
[459.068s][info][gc,marking  ] GC(362) Concurrent Cleanup for Next Mark 0.281ms
[459.068s][info][gc          ] GC(362) Concurrent Cycle 63.005ms
[459.213s][info][gc,start    ] GC(363) Pause Young (Normal) (G1 Evacuation Pause)
[459.213s][info][gc,task     ] GC(363) Using 8 workers of 8 for evacuation
[459.214s][info][gc,phases   ] GC(363)   Pre Evacuate Collection Set: 0.1ms
[459.214s][info][gc,phases   ] GC(363)   Merge Heap Roots: 0.0ms
[459.214s][info][gc,phases   ] GC(363)   Evacuate Collection Set: 0.6ms
[459.214s][info][gc,phases   ] GC(363)   Post Evacuate Collection Set: 0.2ms
[459.214s][info][gc,phases   ] GC(363)   Other: 0.2ms
[459.214s][info][gc,heap     ] GC(363) Eden regions: 29->0(29)
[459.214s][info][gc,heap     ] GC(363) Survivor regions: 1->1(4)
[459.214s][info][gc,heap     ] GC(363) Old regions: 36->36
[459.214s][info][gc,heap     ] GC(363) Archive regions: 2->2
[459.214s][info][gc,heap     ] GC(363) Humongous regions: 0->0
[459.214s][info][gc,metaspace] GC(363) Metaspace: 46791K(47824K)->46791K(47824K) NonClass: 41138K(41808K)->41138K(41808K) Class: 5652K(6016K)->5652K(6016K)
[459.214s][info][gc          ] GC(363) Pause Young (Normal) (G1 Evacuation Pause) 65M->36M(77M) 1.127ms
[459.214s][info][gc,cpu      ] GC(363) User=0.00s Sys=0.00s Real=0.01s
[459.399s][info][gc,start    ] GC(364) Pause Young (Concurrent Start) (G1 Evacuation Pause)
[459.399s][info][gc,task     ] GC(364) Using 8 workers of 8 for evacuation
[459.400s][info][gc,phases   ] GC(364)   Pre Evacuate Collection Set: 0.1ms
[459.400s][info][gc,phases   ] GC(364)   Merge Heap Roots: 0.0ms
[459.400s][info][gc,phases   ] GC(364)   Evacuate Collection Set: 0.9ms
[459.400s][info][gc,phases   ] GC(364)   Post Evacuate Collection Set: 0.2ms
[459.400s][info][gc,phases   ] GC(364)   Other: 0.2ms
[459.400s][info][gc,heap     ] GC(364) Eden regions: 29->0(29)
[459.400s][info][gc,heap     ] GC(364) Survivor regions: 1->1(4)
[459.400s][info][gc,heap     ] GC(364) Old regions: 36->36
[459.400s][info][gc,heap     ] GC(364) Archive regions: 2->2
[459.400s][info][gc,heap     ] GC(364) Humongous regions: 0->0
[459.400s][info][gc,metaspace] GC(364) Metaspace: 46791K(47824K)->46791K(47824K) NonClass: 41138K(41808K)->41138K(41808K) Class: 5652K(6016K)->5652K(6016K)
[459.400s][info][gc          ] GC(364) Pause Young (Concurrent Start) (G1 Evacuation Pause) 65M->36M(77M) 1.524ms
[459.401s][info][gc,cpu      ] GC(364) User=0.00s Sys=0.00s Real=0.00s
[459.401s][info][gc          ] GC(365) Concurrent Cycle
[459.401s][info][gc,marking  ] GC(365) Concurrent Clear Claimed Marks
[459.401s][info][gc,marking  ] GC(365) Concurrent Clear Claimed Marks 0.069ms
[459.401s][info][gc,marking  ] GC(365) Concurrent Scan Root Regions
[459.402s][info][gc,marking  ] GC(365) Concurrent Scan Root Regions 0.912ms
[459.402s][info][gc,marking  ] GC(365) Concurrent Mark (459.402s)
[459.402s][info][gc,marking  ] GC(365) Concurrent Mark From Roots
[459.402s][info][gc,task     ] GC(365) Using 2 workers of 2 for marking
[459.437s][info][gc,marking  ] GC(365) Concurrent Mark From Roots 35.636ms
[459.437s][info][gc,marking  ] GC(365) Concurrent Preclean
[459.437s][info][gc,marking  ] GC(365) Concurrent Preclean 0.085ms
[459.437s][info][gc,marking  ] GC(365) Concurrent Mark (459.402s, 459.437s) 35.813ms
[459.438s][info][gc,start    ] GC(365) Pause Remark
[459.440s][info][gc          ] GC(365) Pause Remark 40M->40M(77M) 2.209ms
[459.440s][info][gc,cpu      ] GC(365) User=0.02s Sys=0.00s Real=0.00s
[459.440s][info][gc,marking  ] GC(365) Concurrent Rebuild Remembered Sets
[459.459s][info][gc,marking  ] GC(365) Concurrent Rebuild Remembered Sets 19.162ms
[459.459s][info][gc,start    ] GC(365) Pause Cleanup
[459.459s][info][gc          ] GC(365) Pause Cleanup 43M->43M(77M) 0.077ms
[459.460s][info][gc,cpu      ] GC(365) User=0.00s Sys=0.00s Real=0.00s
[459.460s][info][gc,marking  ] GC(365) Concurrent Cleanup for Next Mark
[459.460s][info][gc,marking  ] GC(365) Concurrent Cleanup for Next Mark 0.136ms
[459.460s][info][gc          ] GC(365) Concurrent Cycle 59.177ms
[459.610s][info][gc,start    ] GC(366) Pause Young (Normal) (G1 Evacuation Pause)
[459.610s][info][gc,task     ] GC(366) Using 8 workers of 8 for evacuation
[459.611s][info][gc,phases   ] GC(366)   Pre Evacuate Collection Set: 0.1ms
[459.611s][info][gc,phases   ] GC(366)   Merge Heap Roots: 0.0ms
[459.611s][info][gc,phases   ] GC(366)   Evacuate Collection Set: 0.5ms
[459.611s][info][gc,phases   ] GC(366)   Post Evacuate Collection Set: 0.3ms
[459.611s][info][gc,phases   ] GC(366)   Other: 0.2ms
[459.611s][info][gc,heap     ] GC(366) Eden regions: 29->0(29)
[459.611s][info][gc,heap     ] GC(366) Survivor regions: 1->1(4)
[459.611s][info][gc,heap     ] GC(366) Old regions: 36->36
[459.611s][info][gc,heap     ] GC(366) Archive regions: 2->2
[459.611s][info][gc,heap     ] GC(366) Humongous regions: 0->0
[459.611s][info][gc,metaspace] GC(366) Metaspace: 46791K(47824K)->46791K(47824K) NonClass: 41138K(41808K)->41138K(41808K) Class: 5652K(6016K)->5652K(6016K)
[459.611s][info][gc          ] GC(366) Pause Young (Normal) (G1 Evacuation Pause) 65M->36M(77M) 1.238ms
[459.611s][info][gc,cpu      ] GC(366) User=0.00s Sys=0.01s Real=0.00s
[459.808s][info][gc,start    ] GC(367) Pause Young (Concurrent Start) (G1 Evacuation Pause)
[459.808s][info][gc,task     ] GC(367) Using 8 workers of 8 for evacuation
[459.809s][info][gc,phases   ] GC(367)   Pre Evacuate Collection Set: 0.1ms
[459.809s][info][gc,phases   ] GC(367)   Merge Heap Roots: 0.0ms
[459.809s][info][gc,phases   ] GC(367)   Evacuate Collection Set: 0.8ms
[459.809s][info][gc,phases   ] GC(367)   Post Evacuate Collection Set: 0.2ms
[459.809s][info][gc,phases   ] GC(367)   Other: 0.2ms
[459.809s][info][gc,heap     ] GC(367) Eden regions: 29->0(29)
[459.809s][info][gc,heap     ] GC(367) Survivor regions: 1->1(4)
[459.809s][info][gc,heap     ] GC(367) Old regions: 36->36
[459.809s][info][gc,heap     ] GC(367) Archive regions: 2->2
[459.809s][info][gc,heap     ] GC(367) Humongous regions: 0->0
[459.809s][info][gc,metaspace] GC(367) Metaspace: 46791K(47824K)->46791K(47824K) NonClass: 41138K(41808K)->41138K(41808K) Class: 5652K(6016K)->5652K(6016K)
[459.809s][info][gc          ] GC(367) Pause Young (Concurrent Start) (G1 Evacuation Pause) 65M->36M(77M) 1.460ms
[459.809s][info][gc,cpu      ] GC(367) User=0.01s Sys=0.00s Real=0.00s
[459.809s][info][gc          ] GC(368) Concurrent Cycle
[459.809s][info][gc,marking  ] GC(368) Concurrent Clear Claimed Marks
[459.809s][info][gc,marking  ] GC(368) Concurrent Clear Claimed Marks 0.079ms
[459.809s][info][gc,marking  ] GC(368) Concurrent Scan Root Regions
[459.810s][info][gc,marking  ] GC(368) Concurrent Scan Root Regions 1.249ms
[459.810s][info][gc,marking  ] GC(368) Concurrent Mark (459.810s)
[459.811s][info][gc,marking  ] GC(368) Concurrent Mark From Roots
[459.811s][info][gc,task     ] GC(368) Using 2 workers of 2 for marking
[459.842s][info][gc,marking  ] GC(368) Concurrent Mark From Roots 31.085ms
[459.842s][info][gc,marking  ] GC(368) Concurrent Preclean
[459.842s][info][gc,marking  ] GC(368) Concurrent Preclean 0.058ms
[459.842s][info][gc,marking  ] GC(368) Concurrent Mark (459.810s, 459.842s) 31.216ms
[459.842s][info][gc,start    ] GC(368) Pause Remark
[459.844s][info][gc          ] GC(368) Pause Remark 40M->40M(77M) 1.881ms
[459.844s][info][gc,cpu      ] GC(368) User=0.01s Sys=0.00s Real=0.01s
[459.844s][info][gc,marking  ] GC(368) Concurrent Rebuild Remembered Sets
[459.862s][info][gc,marking  ] GC(368) Concurrent Rebuild Remembered Sets 18.468ms
[459.863s][info][gc,start    ] GC(368) Pause Cleanup
[459.863s][info][gc          ] GC(368) Pause Cleanup 43M->43M(77M) 0.073ms
[459.863s][info][gc,cpu      ] GC(368) User=0.00s Sys=0.00s Real=0.00s
[459.863s][info][gc,marking  ] GC(368) Concurrent Cleanup for Next Mark
[459.863s][info][gc,marking  ] GC(368) Concurrent Cleanup for Next Mark 0.121ms
[459.863s][info][gc          ] GC(368) Concurrent Cycle 53.772ms
[460.014s][info][gc,start    ] GC(369) Pause Young (Normal) (G1 Evacuation Pause)
[460.014s][info][gc,task     ] GC(369) Using 8 workers of 8 for evacuation
[460.015s][info][gc,phases   ] GC(369)   Pre Evacuate Collection Set: 0.1ms
[460.015s][info][gc,phases   ] GC(369)   Merge Heap Roots: 0.1ms
[460.015s][info][gc,phases   ] GC(369)   Evacuate Collection Set: 0.5ms
[460.015s][info][gc,phases   ] GC(369)   Post Evacuate Collection Set: 0.2ms
[460.015s][info][gc,phases   ] GC(369)   Other: 0.2ms
[460.015s][info][gc,heap     ] GC(369) Eden regions: 29->0(29)
[460.015s][info][gc,heap     ] GC(369) Survivor regions: 1->1(4)
[460.016s][info][gc,heap     ] GC(369) Old regions: 36->36
[460.016s][info][gc,heap     ] GC(369) Archive regions: 2->2
[460.016s][info][gc,heap     ] GC(369) Humongous regions: 0->0
[460.016s][info][gc,metaspace] GC(369) Metaspace: 46793K(47824K)->46793K(47824K) NonClass: 41141K(41808K)->41141K(41808K) Class: 5652K(6016K)->5652K(6016K)
[460.016s][info][gc          ] GC(369) Pause Young (Normal) (G1 Evacuation Pause) 65M->36M(77M) 1.286ms
[460.016s][info][gc,cpu      ] GC(369) User=0.00s Sys=0.00s Real=0.00s
[460.210s][info][gc,start    ] GC(370) Pause Young (Concurrent Start) (G1 Evacuation Pause)
[460.210s][info][gc,task     ] GC(370) Using 8 workers of 8 for evacuation
[460.211s][info][gc,phases   ] GC(370)   Pre Evacuate Collection Set: 0.1ms
[460.211s][info][gc,phases   ] GC(370)   Merge Heap Roots: 0.0ms
[460.211s][info][gc,phases   ] GC(370)   Evacuate Collection Set: 0.9ms
[460.211s][info][gc,phases   ] GC(370)   Post Evacuate Collection Set: 0.3ms
[460.211s][info][gc,phases   ] GC(370)   Other: 0.2ms
[460.211s][info][gc,heap     ] GC(370) Eden regions: 29->0(29)
[460.211s][info][gc,heap     ] GC(370) Survivor regions: 1->1(4)
[460.211s][info][gc,heap     ] GC(370) Old regions: 36->36
[460.211s][info][gc,heap     ] GC(370) Archive regions: 2->2
[460.211s][info][gc,heap     ] GC(370) Humongous regions: 0->0
[460.211s][info][gc,metaspace] GC(370) Metaspace: 46797K(47824K)->46797K(47824K) NonClass: 41144K(41808K)->41144K(41808K) Class: 5652K(6016K)->5652K(6016K)
[460.211s][info][gc          ] GC(370) Pause Young (Concurrent Start) (G1 Evacuation Pause) 65M->36M(77M) 1.688ms
[460.212s][info][gc,cpu      ] GC(370) User=0.00s Sys=0.00s Real=0.00s
[460.212s][info][gc          ] GC(371) Concurrent Cycle
[460.212s][info][gc,marking  ] GC(371) Concurrent Clear Claimed Marks
[460.212s][info][gc,marking  ] GC(371) Concurrent Clear Claimed Marks 0.119ms
[460.212s][info][gc,marking  ] GC(371) Concurrent Scan Root Regions
[460.214s][info][gc,marking  ] GC(371) Concurrent Scan Root Regions 1.929ms
[460.214s][info][gc,marking  ] GC(371) Concurrent Mark (460.214s)
[460.214s][info][gc,marking  ] GC(371) Concurrent Mark From Roots
[460.214s][info][gc,task     ] GC(371) Using 2 workers of 2 for marking
[460.246s][info][gc,marking  ] GC(371) Concurrent Mark From Roots 32.184ms
[460.246s][info][gc,marking  ] GC(371) Concurrent Preclean
[460.246s][info][gc,marking  ] GC(371) Concurrent Preclean 0.072ms
[460.246s][info][gc,marking  ] GC(371) Concurrent Mark (460.214s, 460.246s) 32.331ms
[460.246s][info][gc,start    ] GC(371) Pause Remark
[460.248s][info][gc          ] GC(371) Pause Remark 40M->40M(77M) 1.897ms
[460.248s][info][gc,cpu      ] GC(371) User=0.01s Sys=0.00s Real=0.00s
[460.249s][info][gc,marking  ] GC(371) Concurrent Rebuild Remembered Sets
[460.267s][info][gc,marking  ] GC(371) Concurrent Rebuild Remembered Sets 18.670ms
[460.268s][info][gc,start    ] GC(371) Pause Cleanup
[460.268s][info][gc          ] GC(371) Pause Cleanup 43M->43M(77M) 0.084ms
[460.268s][info][gc,cpu      ] GC(371) User=0.00s Sys=0.00s Real=0.00s
[460.268s][info][gc,marking  ] GC(371) Concurrent Cleanup for Next Mark
[460.268s][info][gc,marking  ] GC(371) Concurrent Cleanup for Next Mark 0.183ms
[460.268s][info][gc          ] GC(371) Concurrent Cycle 56.307ms
[460.408s][info][gc,start    ] GC(372) Pause Young (Normal) (G1 Evacuation Pause)
[460.408s][info][gc,task     ] GC(372) Using 8 workers of 8 for evacuation
[460.409s][info][gc,phases   ] GC(372)   Pre Evacuate Collection Set: 0.0ms
[460.409s][info][gc,phases   ] GC(372)   Merge Heap Roots: 0.0ms
[460.409s][info][gc,phases   ] GC(372)   Evacuate Collection Set: 0.4ms
[460.409s][info][gc,phases   ] GC(372)   Post Evacuate Collection Set: 0.2ms
[460.409s][info][gc,phases   ] GC(372)   Other: 0.1ms
[460.409s][info][gc,heap     ] GC(372) Eden regions: 29->0(29)
[460.409s][info][gc,heap     ] GC(372) Survivor regions: 1->1(4)
[460.409s][info][gc,heap     ] GC(372) Old regions: 36->36
[460.409s][info][gc,heap     ] GC(372) Archive regions: 2->2
[460.409s][info][gc,heap     ] GC(372) Humongous regions: 0->0
[460.409s][info][gc,metaspace] GC(372) Metaspace: 46799K(47824K)->46799K(47824K) NonClass: 41146K(41808K)->41146K(41808K) Class: 5652K(6016K)->5652K(6016K)
[460.409s][info][gc          ] GC(372) Pause Young (Normal) (G1 Evacuation Pause) 65M->36M(77M) 0.861ms
[460.409s][info][gc,cpu      ] GC(372) User=0.00s Sys=0.00s Real=0.00s
[460.606s][info][gc,start    ] GC(373) Pause Young (Concurrent Start) (G1 Evacuation Pause)
[460.606s][info][gc,task     ] GC(373) Using 8 workers of 8 for evacuation
[460.607s][info][gc,phases   ] GC(373)   Pre Evacuate Collection Set: 0.1ms
[460.607s][info][gc,phases   ] GC(373)   Merge Heap Roots: 0.0ms
[460.607s][info][gc,phases   ] GC(373)   Evacuate Collection Set: 0.5ms
[460.607s][info][gc,phases   ] GC(373)   Post Evacuate Collection Set: 0.2ms
[460.607s][info][gc,phases   ] GC(373)   Other: 0.2ms
[460.607s][info][gc,heap     ] GC(373) Eden regions: 29->0(29)
[460.607s][info][gc,heap     ] GC(373) Survivor regions: 1->1(4)
[460.607s][info][gc,heap     ] GC(373) Old regions: 36->36
[460.607s][info][gc,heap     ] GC(373) Archive regions: 2->2
[460.607s][info][gc,heap     ] GC(373) Humongous regions: 0->0
[460.607s][info][gc,metaspace] GC(373) Metaspace: 46799K(47824K)->46799K(47824K) NonClass: 41146K(41808K)->41146K(41808K) Class: 5652K(6016K)->5652K(6016K)
[460.607s][info][gc          ] GC(373) Pause Young (Concurrent Start) (G1 Evacuation Pause) 65M->36M(77M) 1.086ms
[460.607s][info][gc,cpu      ] GC(373) User=0.00s Sys=0.00s Real=0.00s
[460.607s][info][gc          ] GC(374) Concurrent Cycle
[460.607s][info][gc,marking  ] GC(374) Concurrent Clear Claimed Marks
[460.607s][info][gc,marking  ] GC(374) Concurrent Clear Claimed Marks 0.056ms
[460.607s][info][gc,marking  ] GC(374) Concurrent Scan Root Regions
[460.608s][info][gc,marking  ] GC(374) Concurrent Scan Root Regions 0.831ms
[460.608s][info][gc,marking  ] GC(374) Concurrent Mark (460.608s)
[460.608s][info][gc,marking  ] GC(374) Concurrent Mark From Roots
[460.608s][info][gc,task     ] GC(374) Using 2 workers of 2 for marking
[460.638s][info][gc,marking  ] GC(374) Concurrent Mark From Roots 30.085ms
[460.638s][info][gc,marking  ] GC(374) Concurrent Preclean
[460.638s][info][gc,marking  ] GC(374) Concurrent Preclean 0.092ms
[460.639s][info][gc,marking  ] GC(374) Concurrent Mark (460.608s, 460.639s) 30.252ms
[460.639s][info][gc,start    ] GC(374) Pause Remark
[460.641s][info][gc          ] GC(374) Pause Remark 40M->40M(77M) 2.577ms
[460.641s][info][gc,cpu      ] GC(374) User=0.02s Sys=0.00s Real=0.00s
[460.641s][info][gc,marking  ] GC(374) Concurrent Rebuild Remembered Sets
[460.660s][info][gc,marking  ] GC(374) Concurrent Rebuild Remembered Sets 18.723ms
[460.661s][info][gc,start    ] GC(374) Pause Cleanup
[460.661s][info][gc          ] GC(374) Pause Cleanup 41M->41M(77M) 0.087ms
[460.661s][info][gc,cpu      ] GC(374) User=0.00s Sys=0.00s Real=0.00s
[460.661s][info][gc,marking  ] GC(374) Concurrent Cleanup for Next Mark
[460.661s][info][gc,marking  ] GC(374) Concurrent Cleanup for Next Mark 0.140ms
[460.661s][info][gc          ] GC(374) Concurrent Cycle 53.631ms
[460.835s][info][gc,start    ] GC(375) Pause Young (Normal) (G1 Evacuation Pause)
[460.835s][info][gc,task     ] GC(375) Using 8 workers of 8 for evacuation
[460.836s][info][gc,phases   ] GC(375)   Pre Evacuate Collection Set: 0.1ms
[460.836s][info][gc,phases   ] GC(375)   Merge Heap Roots: 0.0ms
[460.836s][info][gc,phases   ] GC(375)   Evacuate Collection Set: 0.5ms
[460.836s][info][gc,phases   ] GC(375)   Post Evacuate Collection Set: 0.2ms
[460.836s][info][gc,phases   ] GC(375)   Other: 0.1ms
[460.836s][info][gc,heap     ] GC(375) Eden regions: 29->0(29)
[460.836s][info][gc,heap     ] GC(375) Survivor regions: 1->1(4)
[460.836s][info][gc,heap     ] GC(375) Old regions: 36->36
[460.836s][info][gc,heap     ] GC(375) Archive regions: 2->2
[460.836s][info][gc,heap     ] GC(375) Humongous regions: 0->0
[460.836s][info][gc,metaspace] GC(375) Metaspace: 46802K(47824K)->46802K(47824K) NonClass: 41149K(41808K)->41149K(41808K) Class: 5652K(6016K)->5652K(6016K)
[460.836s][info][gc          ] GC(375) Pause Young (Normal) (G1 Evacuation Pause) 65M->36M(77M) 1.006ms
[460.836s][info][gc,cpu      ] GC(375) User=0.00s Sys=0.00s Real=0.00s
[461.058s][info][gc,start    ] GC(376) Pause Young (Concurrent Start) (G1 Evacuation Pause)
[461.058s][info][gc,task     ] GC(376) Using 8 workers of 8 for evacuation
[461.059s][info][gc,phases   ] GC(376)   Pre Evacuate Collection Set: 0.1ms
[461.059s][info][gc,phases   ] GC(376)   Merge Heap Roots: 0.0ms
[461.059s][info][gc,phases   ] GC(376)   Evacuate Collection Set: 0.7ms
[461.059s][info][gc,phases   ] GC(376)   Post Evacuate Collection Set: 0.2ms
[461.059s][info][gc,phases   ] GC(376)   Other: 0.1ms
[461.059s][info][gc,heap     ] GC(376) Eden regions: 29->0(29)
[461.059s][info][gc,heap     ] GC(376) Survivor regions: 1->1(4)
[461.059s][info][gc,heap     ] GC(376) Old regions: 36->36
[461.059s][info][gc,heap     ] GC(376) Archive regions: 2->2
[461.059s][info][gc,heap     ] GC(376) Humongous regions: 0->0
[461.059s][info][gc,metaspace] GC(376) Metaspace: 46802K(47824K)->46802K(47824K) NonClass: 41149K(41808K)->41149K(41808K) Class: 5652K(6016K)->5652K(6016K)
[461.059s][info][gc          ] GC(376) Pause Young (Concurrent Start) (G1 Evacuation Pause) 65M->36M(77M) 1.239ms
[461.059s][info][gc,cpu      ] GC(376) User=0.00s Sys=0.00s Real=0.00s
[461.059s][info][gc          ] GC(377) Concurrent Cycle
[461.059s][info][gc,marking  ] GC(377) Concurrent Clear Claimed Marks
[461.059s][info][gc,marking  ] GC(377) Concurrent Clear Claimed Marks 0.038ms
[461.059s][info][gc,marking  ] GC(377) Concurrent Scan Root Regions
[461.060s][info][gc,marking  ] GC(377) Concurrent Scan Root Regions 1.084ms
[461.060s][info][gc,marking  ] GC(377) Concurrent Mark (461.060s)
[461.060s][info][gc,marking  ] GC(377) Concurrent Mark From Roots
[461.060s][info][gc,task     ] GC(377) Using 2 workers of 2 for marking
[461.098s][info][gc,marking  ] GC(377) Concurrent Mark From Roots 38.204ms
[461.098s][info][gc,marking  ] GC(377) Concurrent Preclean
[461.099s][info][gc,marking  ] GC(377) Concurrent Preclean 0.105ms
[461.099s][info][gc,marking  ] GC(377) Concurrent Mark (461.060s, 461.099s) 38.393ms
[461.099s][info][gc,start    ] GC(377) Pause Remark
[461.102s][info][gc          ] GC(377) Pause Remark 40M->40M(77M) 2.872ms
[461.102s][info][gc,cpu      ] GC(377) User=0.01s Sys=0.00s Real=0.00s
[461.102s][info][gc,marking  ] GC(377) Concurrent Rebuild Remembered Sets
[461.124s][info][gc,marking  ] GC(377) Concurrent Rebuild Remembered Sets 22.693ms
[461.125s][info][gc,start    ] GC(377) Pause Cleanup
[461.126s][info][gc          ] GC(377) Pause Cleanup 42M->42M(77M) 0.818ms
[461.126s][info][gc,cpu      ] GC(377) User=0.00s Sys=0.00s Real=0.00s
[461.126s][info][gc,marking  ] GC(377) Concurrent Cleanup for Next Mark
[461.127s][info][gc,marking  ] GC(377) Concurrent Cleanup for Next Mark 0.657ms
[461.127s][info][gc          ] GC(377) Concurrent Cycle 67.790ms
[461.282s][info][gc,start    ] GC(378) Pause Young (Normal) (G1 Evacuation Pause)
[461.282s][info][gc,task     ] GC(378) Using 8 workers of 8 for evacuation
[461.283s][info][gc,phases   ] GC(378)   Pre Evacuate Collection Set: 0.1ms
[461.283s][info][gc,phases   ] GC(378)   Merge Heap Roots: 0.0ms
[461.283s][info][gc,phases   ] GC(378)   Evacuate Collection Set: 0.6ms
[461.283s][info][gc,phases   ] GC(378)   Post Evacuate Collection Set: 0.2ms
[461.283s][info][gc,phases   ] GC(378)   Other: 0.1ms
[461.283s][info][gc,heap     ] GC(378) Eden regions: 29->0(29)
[461.283s][info][gc,heap     ] GC(378) Survivor regions: 1->1(4)
[461.283s][info][gc,heap     ] GC(378) Old regions: 36->36
[461.283s][info][gc,heap     ] GC(378) Archive regions: 2->2
[461.283s][info][gc,heap     ] GC(378) Humongous regions: 0->0
[461.283s][info][gc,metaspace] GC(378) Metaspace: 46802K(47824K)->46802K(47824K) NonClass: 41149K(41808K)->41149K(41808K) Class: 5652K(6016K)->5652K(6016K)
[461.283s][info][gc          ] GC(378) Pause Young (Normal) (G1 Evacuation Pause) 65M->36M(77M) 1.253ms
[461.283s][info][gc,cpu      ] GC(378) User=0.00s Sys=0.00s Real=0.00s
[461.474s][info][gc,start    ] GC(379) Pause Young (Concurrent Start) (G1 Evacuation Pause)
[461.474s][info][gc,task     ] GC(379) Using 8 workers of 8 for evacuation
[461.476s][info][gc,phases   ] GC(379)   Pre Evacuate Collection Set: 0.2ms
[461.476s][info][gc,phases   ] GC(379)   Merge Heap Roots: 0.1ms
[461.476s][info][gc,phases   ] GC(379)   Evacuate Collection Set: 0.9ms
[461.476s][info][gc,phases   ] GC(379)   Post Evacuate Collection Set: 0.2ms
[461.476s][info][gc,phases   ] GC(379)   Other: 0.3ms
[461.476s][info][gc,heap     ] GC(379) Eden regions: 29->0(29)
[461.476s][info][gc,heap     ] GC(379) Survivor regions: 1->1(4)
[461.476s][info][gc,heap     ] GC(379) Old regions: 36->36
[461.476s][info][gc,heap     ] GC(379) Archive regions: 2->2
[461.476s][info][gc,heap     ] GC(379) Humongous regions: 0->0
[461.476s][info][gc,metaspace] GC(379) Metaspace: 46802K(47824K)->46802K(47824K) NonClass: 41149K(41808K)->41149K(41808K) Class: 5652K(6016K)->5652K(6016K)
[461.476s][info][gc          ] GC(379) Pause Young (Concurrent Start) (G1 Evacuation Pause) 65M->36M(77M) 1.888ms
[461.476s][info][gc,cpu      ] GC(379) User=0.00s Sys=0.00s Real=0.00s
[461.476s][info][gc          ] GC(380) Concurrent Cycle
[461.476s][info][gc,marking  ] GC(380) Concurrent Clear Claimed Marks
[461.476s][info][gc,marking  ] GC(380) Concurrent Clear Claimed Marks 0.062ms
[461.476s][info][gc,marking  ] GC(380) Concurrent Scan Root Regions
[461.477s][info][gc,marking  ] GC(380) Concurrent Scan Root Regions 0.622ms
[461.477s][info][gc,marking  ] GC(380) Concurrent Mark (461.477s)
[461.477s][info][gc,marking  ] GC(380) Concurrent Mark From Roots
[461.477s][info][gc,task     ] GC(380) Using 2 workers of 2 for marking
[461.507s][info][gc,marking  ] GC(380) Concurrent Mark From Roots 30.030ms
[461.507s][info][gc,marking  ] GC(380) Concurrent Preclean
[461.507s][info][gc,marking  ] GC(380) Concurrent Preclean 0.071ms
[461.507s][info][gc,marking  ] GC(380) Concurrent Mark (461.477s, 461.507s) 30.170ms
[461.507s][info][gc,start    ] GC(380) Pause Remark
[461.509s][info][gc          ] GC(380) Pause Remark 40M->40M(77M) 1.677ms
[461.509s][info][gc,cpu      ] GC(380) User=0.01s Sys=0.01s Real=0.00s
[461.509s][info][gc,marking  ] GC(380) Concurrent Rebuild Remembered Sets
[461.526s][info][gc,marking  ] GC(380) Concurrent Rebuild Remembered Sets 17.651ms
[461.527s][info][gc,start    ] GC(380) Pause Cleanup
[461.527s][info][gc          ] GC(380) Pause Cleanup 43M->43M(77M) 0.076ms
[461.527s][info][gc,cpu      ] GC(380) User=0.00s Sys=0.00s Real=0.00s
[461.527s][info][gc,marking  ] GC(380) Concurrent Cleanup for Next Mark
[461.527s][info][gc,marking  ] GC(380) Concurrent Cleanup for Next Mark 0.145ms
[461.527s][info][gc          ] GC(380) Concurrent Cycle 51.305ms
[461.667s][info][gc,start    ] GC(381) Pause Young (Normal) (G1 Evacuation Pause)
[461.667s][info][gc,task     ] GC(381) Using 8 workers of 8 for evacuation
[461.668s][info][gc,phases   ] GC(381)   Pre Evacuate Collection Set: 0.0ms
[461.668s][info][gc,phases   ] GC(381)   Merge Heap Roots: 0.0ms
[461.668s][info][gc,phases   ] GC(381)   Evacuate Collection Set: 0.4ms
[461.668s][info][gc,phases   ] GC(381)   Post Evacuate Collection Set: 0.2ms
[461.668s][info][gc,phases   ] GC(381)   Other: 0.1ms
[461.668s][info][gc,heap     ] GC(381) Eden regions: 29->0(29)
[461.668s][info][gc,heap     ] GC(381) Survivor regions: 1->1(4)
[461.668s][info][gc,heap     ] GC(381) Old regions: 36->36
[461.668s][info][gc,heap     ] GC(381) Archive regions: 2->2
[461.668s][info][gc,heap     ] GC(381) Humongous regions: 0->0
[461.668s][info][gc,metaspace] GC(381) Metaspace: 46802K(47824K)->46802K(47824K) NonClass: 41149K(41808K)->41149K(41808K) Class: 5652K(6016K)->5652K(6016K)
[461.668s][info][gc          ] GC(381) Pause Young (Normal) (G1 Evacuation Pause) 65M->36M(77M) 0.899ms
[461.668s][info][gc,cpu      ] GC(381) User=0.01s Sys=0.00s Real=0.00s
[461.850s][info][gc,start    ] GC(382) Pause Young (Concurrent Start) (G1 Evacuation Pause)
[461.850s][info][gc,task     ] GC(382) Using 8 workers of 8 for evacuation
[461.851s][info][gc,phases   ] GC(382)   Pre Evacuate Collection Set: 0.1ms
[461.851s][info][gc,phases   ] GC(382)   Merge Heap Roots: 0.0ms
[461.851s][info][gc,phases   ] GC(382)   Evacuate Collection Set: 0.6ms
[461.851s][info][gc,phases   ] GC(382)   Post Evacuate Collection Set: 0.2ms
[461.851s][info][gc,phases   ] GC(382)   Other: 0.2ms
[461.851s][info][gc,heap     ] GC(382) Eden regions: 29->0(29)
[461.851s][info][gc,heap     ] GC(382) Survivor regions: 1->1(4)
[461.851s][info][gc,heap     ] GC(382) Old regions: 36->36
[461.851s][info][gc,heap     ] GC(382) Archive regions: 2->2
[461.851s][info][gc,heap     ] GC(382) Humongous regions: 0->0
[461.851s][info][gc,metaspace] GC(382) Metaspace: 46802K(47824K)->46802K(47824K) NonClass: 41150K(41808K)->41150K(41808K) Class: 5652K(6016K)->5652K(6016K)
[461.851s][info][gc          ] GC(382) Pause Young (Concurrent Start) (G1 Evacuation Pause) 65M->36M(77M) 1.232ms
[461.852s][info][gc,cpu      ] GC(382) User=0.00s Sys=0.00s Real=0.00s
[461.852s][info][gc          ] GC(383) Concurrent Cycle
[461.852s][info][gc,marking  ] GC(383) Concurrent Clear Claimed Marks
[461.852s][info][gc,marking  ] GC(383) Concurrent Clear Claimed Marks 0.038ms
[461.852s][info][gc,marking  ] GC(383) Concurrent Scan Root Regions
[461.853s][info][gc,marking  ] GC(383) Concurrent Scan Root Regions 0.884ms
[461.853s][info][gc,marking  ] GC(383) Concurrent Mark (461.853s)
[461.853s][info][gc,marking  ] GC(383) Concurrent Mark From Roots
[461.853s][info][gc,task     ] GC(383) Using 2 workers of 2 for marking
[461.885s][info][gc,marking  ] GC(383) Concurrent Mark From Roots 32.338ms
[461.885s][info][gc,marking  ] GC(383) Concurrent Preclean
[461.885s][info][gc,marking  ] GC(383) Concurrent Preclean 0.120ms
[461.885s][info][gc,marking  ] GC(383) Concurrent Mark (461.853s, 461.885s) 32.569ms
[461.885s][info][gc,start    ] GC(383) Pause Remark
[461.888s][info][gc          ] GC(383) Pause Remark 39M->39M(77M) 3.018ms
[461.888s][info][gc,cpu      ] GC(383) User=0.02s Sys=0.01s Real=0.00s
[461.888s][info][gc,marking  ] GC(383) Concurrent Rebuild Remembered Sets
[461.905s][info][gc,marking  ] GC(383) Concurrent Rebuild Remembered Sets 16.923ms
[461.906s][info][gc,start    ] GC(383) Pause Cleanup
[461.906s][info][gc          ] GC(383) Pause Cleanup 41M->41M(77M) 0.130ms
[461.906s][info][gc,cpu      ] GC(383) User=0.00s Sys=0.00s Real=0.00s
[461.906s][info][gc,marking  ] GC(383) Concurrent Cleanup for Next Mark
[461.906s][info][gc,marking  ] GC(383) Concurrent Cleanup for Next Mark 0.167ms
[461.906s][info][gc          ] GC(383) Concurrent Cycle 54.480ms
[462.079s][info][gc,start    ] GC(384) Pause Young (Normal) (G1 Evacuation Pause)
[462.079s][info][gc,task     ] GC(384) Using 8 workers of 8 for evacuation
[462.080s][info][gc,phases   ] GC(384)   Pre Evacuate Collection Set: 0.0ms
[462.080s][info][gc,phases   ] GC(384)   Merge Heap Roots: 0.0ms
[462.080s][info][gc,phases   ] GC(384)   Evacuate Collection Set: 0.5ms
[462.080s][info][gc,phases   ] GC(384)   Post Evacuate Collection Set: 0.2ms
[462.080s][info][gc,phases   ] GC(384)   Other: 0.1ms
[462.080s][info][gc,heap     ] GC(384) Eden regions: 29->0(29)
[462.080s][info][gc,heap     ] GC(384) Survivor regions: 1->1(4)
[462.080s][info][gc,heap     ] GC(384) Old regions: 36->36
[462.080s][info][gc,heap     ] GC(384) Archive regions: 2->2
[462.080s][info][gc,heap     ] GC(384) Humongous regions: 0->0
[462.080s][info][gc,metaspace] GC(384) Metaspace: 46802K(47824K)->46802K(47824K) NonClass: 41150K(41808K)->41150K(41808K) Class: 5652K(6016K)->5652K(6016K)
[462.080s][info][gc          ] GC(384) Pause Young (Normal) (G1 Evacuation Pause) 65M->36M(77M) 1.044ms
[462.080s][info][gc,cpu      ] GC(384) User=0.01s Sys=0.00s Real=0.00s
[462.299s][info][gc,start    ] GC(385) Pause Young (Concurrent Start) (G1 Evacuation Pause)
[462.299s][info][gc,task     ] GC(385) Using 8 workers of 8 for evacuation
[462.300s][info][gc,phases   ] GC(385)   Pre Evacuate Collection Set: 0.1ms
[462.300s][info][gc,phases   ] GC(385)   Merge Heap Roots: 0.0ms
[462.300s][info][gc,phases   ] GC(385)   Evacuate Collection Set: 0.6ms
[462.300s][info][gc,phases   ] GC(385)   Post Evacuate Collection Set: 0.2ms
[462.300s][info][gc,phases   ] GC(385)   Other: 0.2ms
[462.300s][info][gc,heap     ] GC(385) Eden regions: 29->0(29)
[462.300s][info][gc,heap     ] GC(385) Survivor regions: 1->1(4)
[462.300s][info][gc,heap     ] GC(385) Old regions: 36->36
[462.300s][info][gc,heap     ] GC(385) Archive regions: 2->2
[462.300s][info][gc,heap     ] GC(385) Humongous regions: 0->0
[462.300s][info][gc,metaspace] GC(385) Metaspace: 46802K(47824K)->46802K(47824K) NonClass: 41150K(41808K)->41150K(41808K) Class: 5652K(6016K)->5652K(6016K)
[462.300s][info][gc          ] GC(385) Pause Young (Concurrent Start) (G1 Evacuation Pause) 65M->36M(77M) 1.252ms
[462.300s][info][gc,cpu      ] GC(385) User=0.00s Sys=0.00s Real=0.00s
[462.300s][info][gc          ] GC(386) Concurrent Cycle
[462.300s][info][gc,marking  ] GC(386) Concurrent Clear Claimed Marks
[462.300s][info][gc,marking  ] GC(386) Concurrent Clear Claimed Marks 0.068ms
[462.300s][info][gc,marking  ] GC(386) Concurrent Scan Root Regions
[462.301s][info][gc,marking  ] GC(386) Concurrent Scan Root Regions 1.066ms
[462.301s][info][gc,marking  ] GC(386) Concurrent Mark (462.301s)
[462.301s][info][gc,marking  ] GC(386) Concurrent Mark From Roots
[462.301s][info][gc,task     ] GC(386) Using 2 workers of 2 for marking
[462.339s][info][gc,marking  ] GC(386) Concurrent Mark From Roots 37.907ms
[462.339s][info][gc,marking  ] GC(386) Concurrent Preclean
[462.339s][info][gc,marking  ] GC(386) Concurrent Preclean 0.095ms
[462.339s][info][gc,marking  ] GC(386) Concurrent Mark (462.301s, 462.339s) 38.100ms
[462.340s][info][gc,start    ] GC(386) Pause Remark
[462.342s][info][gc          ] GC(386) Pause Remark 41M->41M(77M) 2.889ms
[462.343s][info][gc,cpu      ] GC(386) User=0.01s Sys=0.00s Real=0.00s
[462.343s][info][gc,marking  ] GC(386) Concurrent Rebuild Remembered Sets
[462.364s][info][gc,marking  ] GC(386) Concurrent Rebuild Remembered Sets 21.659ms
[462.365s][info][gc,start    ] GC(386) Pause Cleanup
[462.365s][info][gc          ] GC(386) Pause Cleanup 45M->45M(77M) 0.097ms
[462.365s][info][gc,cpu      ] GC(386) User=0.00s Sys=0.00s Real=0.00s
[462.365s][info][gc,marking  ] GC(386) Concurrent Cleanup for Next Mark
[462.365s][info][gc,marking  ] GC(386) Concurrent Cleanup for Next Mark 0.140ms
[462.365s][info][gc          ] GC(386) Concurrent Cycle 65.419ms
[462.484s][info][gc,start    ] GC(387) Pause Young (Normal) (G1 Evacuation Pause)
[462.484s][info][gc,task     ] GC(387) Using 8 workers of 8 for evacuation
[462.485s][info][gc,phases   ] GC(387)   Pre Evacuate Collection Set: 0.1ms
[462.485s][info][gc,phases   ] GC(387)   Merge Heap Roots: 0.1ms
[462.485s][info][gc,phases   ] GC(387)   Evacuate Collection Set: 0.6ms
[462.485s][info][gc,phases   ] GC(387)   Post Evacuate Collection Set: 0.3ms
[462.485s][info][gc,phases   ] GC(387)   Other: 0.1ms
[462.485s][info][gc,heap     ] GC(387) Eden regions: 29->0(29)
[462.485s][info][gc,heap     ] GC(387) Survivor regions: 1->1(4)
[462.485s][info][gc,heap     ] GC(387) Old regions: 36->36
[462.485s][info][gc,heap     ] GC(387) Archive regions: 2->2
[462.485s][info][gc,heap     ] GC(387) Humongous regions: 0->0
[462.485s][info][gc,metaspace] GC(387) Metaspace: 46802K(47824K)->46802K(47824K) NonClass: 41150K(41808K)->41150K(41808K) Class: 5652K(6016K)->5652K(6016K)
[462.485s][info][gc          ] GC(387) Pause Young (Normal) (G1 Evacuation Pause) 65M->37M(77M) 1.288ms
[462.485s][info][gc,cpu      ] GC(387) User=0.00s Sys=0.00s Real=0.00s
[462.694s][info][gc,start    ] GC(388) Pause Young (Concurrent Start) (G1 Evacuation Pause)
[462.694s][info][gc,task     ] GC(388) Using 8 workers of 8 for evacuation
[462.695s][info][gc,phases   ] GC(388)   Pre Evacuate Collection Set: 0.1ms
[462.695s][info][gc,phases   ] GC(388)   Merge Heap Roots: 0.0ms
[462.695s][info][gc,phases   ] GC(388)   Evacuate Collection Set: 0.6ms
[462.695s][info][gc,phases   ] GC(388)   Post Evacuate Collection Set: 0.2ms
[462.695s][info][gc,phases   ] GC(388)   Other: 0.2ms
[462.695s][info][gc,heap     ] GC(388) Eden regions: 29->0(29)
[462.695s][info][gc,heap     ] GC(388) Survivor regions: 1->1(4)
[462.695s][info][gc,heap     ] GC(388) Old regions: 36->36
[462.695s][info][gc,heap     ] GC(388) Archive regions: 2->2
[462.695s][info][gc,heap     ] GC(388) Humongous regions: 0->0
[462.695s][info][gc,metaspace] GC(388) Metaspace: 46802K(47824K)->46802K(47824K) NonClass: 41150K(41808K)->41150K(41808K) Class: 5652K(6016K)->5652K(6016K)
[462.695s][info][gc          ] GC(388) Pause Young (Concurrent Start) (G1 Evacuation Pause) 66M->37M(77M) 1.260ms
[462.695s][info][gc,cpu      ] GC(388) User=0.00s Sys=0.00s Real=0.00s
[462.695s][info][gc          ] GC(389) Concurrent Cycle
[462.695s][info][gc,marking  ] GC(389) Concurrent Clear Claimed Marks
[462.695s][info][gc,marking  ] GC(389) Concurrent Clear Claimed Marks 0.039ms
[462.695s][info][gc,marking  ] GC(389) Concurrent Scan Root Regions
[462.697s][info][gc,marking  ] GC(389) Concurrent Scan Root Regions 1.164ms
[462.697s][info][gc,marking  ] GC(389) Concurrent Mark (462.697s)
[462.697s][info][gc,marking  ] GC(389) Concurrent Mark From Roots
[462.697s][info][gc,task     ] GC(389) Using 2 workers of 2 for marking
[462.730s][info][gc,marking  ] GC(389) Concurrent Mark From Roots 33.629ms
[462.730s][info][gc,marking  ] GC(389) Concurrent Preclean
[462.730s][info][gc,marking  ] GC(389) Concurrent Preclean 0.078ms
[462.730s][info][gc,marking  ] GC(389) Concurrent Mark (462.697s, 462.730s) 33.780ms
[462.731s][info][gc,start    ] GC(389) Pause Remark
[462.734s][info][gc          ] GC(389) Pause Remark 41M->41M(77M) 2.604ms
[462.734s][info][gc,cpu      ] GC(389) User=0.01s Sys=0.00s Real=0.01s
[462.734s][info][gc,marking  ] GC(389) Concurrent Rebuild Remembered Sets
[462.753s][info][gc,marking  ] GC(389) Concurrent Rebuild Remembered Sets 19.440ms
[462.753s][info][gc,start    ] GC(389) Pause Cleanup
[462.754s][info][gc          ] GC(389) Pause Cleanup 44M->44M(77M) 0.091ms
[462.754s][info][gc,cpu      ] GC(389) User=0.00s Sys=0.00s Real=0.00s
[462.755s][info][gc,marking  ] GC(389) Concurrent Cleanup for Next Mark
[462.755s][info][gc,marking  ] GC(389) Concurrent Cleanup for Next Mark 0.206ms
[462.755s][info][gc          ] GC(389) Concurrent Cycle 59.495ms
[462.900s][info][gc,start    ] GC(390) Pause Young (Normal) (G1 Evacuation Pause)
[462.900s][info][gc,task     ] GC(390) Using 8 workers of 8 for evacuation
[462.901s][info][gc,phases   ] GC(390)   Pre Evacuate Collection Set: 0.1ms
[462.901s][info][gc,phases   ] GC(390)   Merge Heap Roots: 0.0ms
[462.901s][info][gc,phases   ] GC(390)   Evacuate Collection Set: 0.6ms
[462.901s][info][gc,phases   ] GC(390)   Post Evacuate Collection Set: 0.2ms
[462.901s][info][gc,phases   ] GC(390)   Other: 0.1ms
[462.901s][info][gc,heap     ] GC(390) Eden regions: 29->0(29)
[462.901s][info][gc,heap     ] GC(390) Survivor regions: 1->1(4)
[462.901s][info][gc,heap     ] GC(390) Old regions: 36->36
[462.901s][info][gc,heap     ] GC(390) Archive regions: 2->2
[462.901s][info][gc,heap     ] GC(390) Humongous regions: 0->0
[462.901s][info][gc,metaspace] GC(390) Metaspace: 46802K(47824K)->46802K(47824K) NonClass: 41150K(41808K)->41150K(41808K) Class: 5652K(6016K)->5652K(6016K)
[462.901s][info][gc          ] GC(390) Pause Young (Normal) (G1 Evacuation Pause) 66M->37M(77M) 1.113ms
[462.901s][info][gc,cpu      ] GC(390) User=0.01s Sys=0.00s Real=0.00s
[463.132s][info][gc,start    ] GC(391) Pause Young (Concurrent Start) (G1 Evacuation Pause)
[463.132s][info][gc,task     ] GC(391) Using 8 workers of 8 for evacuation
[463.133s][info][gc,phases   ] GC(391)   Pre Evacuate Collection Set: 0.1ms
[463.133s][info][gc,phases   ] GC(391)   Merge Heap Roots: 0.0ms
[463.133s][info][gc,phases   ] GC(391)   Evacuate Collection Set: 0.8ms
[463.133s][info][gc,phases   ] GC(391)   Post Evacuate Collection Set: 0.2ms
[463.133s][info][gc,phases   ] GC(391)   Other: 0.1ms
[463.133s][info][gc,heap     ] GC(391) Eden regions: 29->0(29)
[463.133s][info][gc,heap     ] GC(391) Survivor regions: 1->1(4)
[463.133s][info][gc,heap     ] GC(391) Old regions: 36->36
[463.133s][info][gc,heap     ] GC(391) Archive regions: 2->2
[463.133s][info][gc,heap     ] GC(391) Humongous regions: 0->0
[463.133s][info][gc,metaspace] GC(391) Metaspace: 46802K(47824K)->46802K(47824K) NonClass: 41150K(41808K)->41150K(41808K) Class: 5652K(6016K)->5652K(6016K)
[463.133s][info][gc          ] GC(391) Pause Young (Concurrent Start) (G1 Evacuation Pause) 66M->37M(77M) 1.420ms
[463.133s][info][gc,cpu      ] GC(391) User=0.01s Sys=0.00s Real=0.01s
[463.134s][info][gc          ] GC(392) Concurrent Cycle
[463.134s][info][gc,marking  ] GC(392) Concurrent Clear Claimed Marks
[463.134s][info][gc,marking  ] GC(392) Concurrent Clear Claimed Marks 0.034ms
[463.134s][info][gc,marking  ] GC(392) Concurrent Scan Root Regions
[463.134s][info][gc,marking  ] GC(392) Concurrent Scan Root Regions 0.568ms
[463.134s][info][gc,marking  ] GC(392) Concurrent Mark (463.134s)
[463.134s][info][gc,marking  ] GC(392) Concurrent Mark From Roots
[463.134s][info][gc,task     ] GC(392) Using 2 workers of 2 for marking
[463.169s][info][gc,marking  ] GC(392) Concurrent Mark From Roots 35.071ms
[463.169s][info][gc,marking  ] GC(392) Concurrent Preclean
[463.169s][info][gc,marking  ] GC(392) Concurrent Preclean 0.086ms
[463.169s][info][gc,marking  ] GC(392) Concurrent Mark (463.134s, 463.169s) 35.244ms
[463.172s][info][gc,start    ] GC(392) Pause Remark
[463.174s][info][gc          ] GC(392) Pause Remark 38M->38M(77M) 2.498ms
[463.174s][info][gc,cpu      ] GC(392) User=0.01s Sys=0.00s Real=0.01s
[463.174s][info][gc,marking  ] GC(392) Concurrent Rebuild Remembered Sets
[463.193s][info][gc,marking  ] GC(392) Concurrent Rebuild Remembered Sets 19.007ms
[463.194s][info][gc,start    ] GC(392) Pause Cleanup
[463.194s][info][gc          ] GC(392) Pause Cleanup 40M->40M(77M) 0.104ms
[463.194s][info][gc,cpu      ] GC(392) User=0.00s Sys=0.00s Real=0.00s
[463.194s][info][gc,marking  ] GC(392) Concurrent Cleanup for Next Mark
[463.194s][info][gc,marking  ] GC(392) Concurrent Cleanup for Next Mark 0.134ms
[463.194s][info][gc          ] GC(392) Concurrent Cycle 60.424ms
[463.364s][info][gc,start    ] GC(393) Pause Young (Normal) (G1 Evacuation Pause)
[463.365s][info][gc,task     ] GC(393) Using 8 workers of 8 for evacuation
[463.366s][info][gc,phases   ] GC(393)   Pre Evacuate Collection Set: 0.1ms
[463.366s][info][gc,phases   ] GC(393)   Merge Heap Roots: 0.0ms
[463.366s][info][gc,phases   ] GC(393)   Evacuate Collection Set: 0.6ms
[463.366s][info][gc,phases   ] GC(393)   Post Evacuate Collection Set: 0.2ms
[463.366s][info][gc,phases   ] GC(393)   Other: 0.2ms
[463.366s][info][gc,heap     ] GC(393) Eden regions: 29->0(29)
[463.366s][info][gc,heap     ] GC(393) Survivor regions: 1->1(4)
[463.366s][info][gc,heap     ] GC(393) Old regions: 36->36
[463.366s][info][gc,heap     ] GC(393) Archive regions: 2->2
[463.366s][info][gc,heap     ] GC(393) Humongous regions: 0->0
[463.366s][info][gc,metaspace] GC(393) Metaspace: 46807K(47824K)->46807K(47824K) NonClass: 41155K(41808K)->41155K(41808K) Class: 5652K(6016K)->5652K(6016K)
[463.366s][info][gc          ] GC(393) Pause Young (Normal) (G1 Evacuation Pause) 66M->37M(77M) 1.150ms
[463.366s][info][gc,cpu      ] GC(393) User=0.00s Sys=0.00s Real=0.00s
[463.564s][info][gc,start    ] GC(394) Pause Young (Concurrent Start) (G1 Evacuation Pause)
[463.564s][info][gc,task     ] GC(394) Using 8 workers of 8 for evacuation
[463.565s][info][gc,phases   ] GC(394)   Pre Evacuate Collection Set: 0.1ms
[463.565s][info][gc,phases   ] GC(394)   Merge Heap Roots: 0.0ms
[463.565s][info][gc,phases   ] GC(394)   Evacuate Collection Set: 0.7ms
[463.565s][info][gc,phases   ] GC(394)   Post Evacuate Collection Set: 0.2ms
[463.565s][info][gc,phases   ] GC(394)   Other: 0.1ms
[463.565s][info][gc,heap     ] GC(394) Eden regions: 29->0(29)
[463.565s][info][gc,heap     ] GC(394) Survivor regions: 1->1(4)
[463.565s][info][gc,heap     ] GC(394) Old regions: 36->36
[463.565s][info][gc,heap     ] GC(394) Archive regions: 2->2
[463.565s][info][gc,heap     ] GC(394) Humongous regions: 0->0
[463.565s][info][gc,metaspace] GC(394) Metaspace: 46807K(47824K)->46807K(47824K) NonClass: 41155K(41808K)->41155K(41808K) Class: 5652K(6016K)->5652K(6016K)
[463.565s][info][gc          ] GC(394) Pause Young (Concurrent Start) (G1 Evacuation Pause) 66M->37M(77M) 1.161ms
[463.565s][info][gc,cpu      ] GC(394) User=0.00s Sys=0.00s Real=0.00s
[463.565s][info][gc          ] GC(395) Concurrent Cycle
[463.565s][info][gc,marking  ] GC(395) Concurrent Clear Claimed Marks
[463.565s][info][gc,marking  ] GC(395) Concurrent Clear Claimed Marks 0.039ms
[463.565s][info][gc,marking  ] GC(395) Concurrent Scan Root Regions
[463.566s][info][gc,marking  ] GC(395) Concurrent Scan Root Regions 0.800ms
[463.566s][info][gc,marking  ] GC(395) Concurrent Mark (463.566s)
[463.566s][info][gc,marking  ] GC(395) Concurrent Mark From Roots
[463.566s][info][gc,task     ] GC(395) Using 2 workers of 2 for marking
[463.598s][info][gc,marking  ] GC(395) Concurrent Mark From Roots 31.960ms
[463.598s][info][gc,marking  ] GC(395) Concurrent Preclean
[463.598s][info][gc,marking  ] GC(395) Concurrent Preclean 0.067ms
[463.598s][info][gc,marking  ] GC(395) Concurrent Mark (463.566s, 463.598s) 32.092ms
[463.598s][info][gc,start    ] GC(395) Pause Remark
[463.600s][info][gc          ] GC(395) Pause Remark 41M->41M(77M) 1.821ms
[463.600s][info][gc,cpu      ] GC(395) User=0.01s Sys=0.00s Real=0.00s
[463.600s][info][gc,marking  ] GC(395) Concurrent Rebuild Remembered Sets
[463.621s][info][gc,marking  ] GC(395) Concurrent Rebuild Remembered Sets 21.077ms
[463.621s][info][gc,start    ] GC(395) Pause Cleanup
[463.622s][info][gc          ] GC(395) Pause Cleanup 44M->44M(77M) 0.098ms
[463.622s][info][gc,cpu      ] GC(395) User=0.00s Sys=0.00s Real=0.00s
[463.622s][info][gc,marking  ] GC(395) Concurrent Cleanup for Next Mark
[463.622s][info][gc,marking  ] GC(395) Concurrent Cleanup for Next Mark 0.153ms
[463.622s][info][gc          ] GC(395) Concurrent Cycle 56.720ms
[463.768s][info][gc,start    ] GC(396) Pause Young (Normal) (G1 Evacuation Pause)
[463.768s][info][gc,task     ] GC(396) Using 8 workers of 8 for evacuation
[463.769s][info][gc,phases   ] GC(396)   Pre Evacuate Collection Set: 0.1ms
[463.769s][info][gc,phases   ] GC(396)   Merge Heap Roots: 0.0ms
[463.769s][info][gc,phases   ] GC(396)   Evacuate Collection Set: 0.5ms
[463.769s][info][gc,phases   ] GC(396)   Post Evacuate Collection Set: 0.2ms
[463.769s][info][gc,phases   ] GC(396)   Other: 0.2ms
[463.769s][info][gc,heap     ] GC(396) Eden regions: 29->0(29)
[463.769s][info][gc,heap     ] GC(396) Survivor regions: 1->1(4)
[463.769s][info][gc,heap     ] GC(396) Old regions: 36->36
[463.769s][info][gc,heap     ] GC(396) Archive regions: 2->2
[463.769s][info][gc,heap     ] GC(396) Humongous regions: 0->0
[463.769s][info][gc,metaspace] GC(396) Metaspace: 46807K(47824K)->46807K(47824K) NonClass: 41155K(41808K)->41155K(41808K) Class: 5652K(6016K)->5652K(6016K)
[463.769s][info][gc          ] GC(396) Pause Young (Normal) (G1 Evacuation Pause) 66M->37M(77M) 1.127ms
[463.769s][info][gc,cpu      ] GC(396) User=0.01s Sys=0.00s Real=0.00s
[463.952s][info][gc,start    ] GC(397) Pause Young (Concurrent Start) (G1 Evacuation Pause)
[463.952s][info][gc,task     ] GC(397) Using 8 workers of 8 for evacuation
[463.953s][info][gc,phases   ] GC(397)   Pre Evacuate Collection Set: 0.1ms
[463.953s][info][gc,phases   ] GC(397)   Merge Heap Roots: 0.0ms
[463.953s][info][gc,phases   ] GC(397)   Evacuate Collection Set: 0.6ms
[463.953s][info][gc,phases   ] GC(397)   Post Evacuate Collection Set: 0.2ms
[463.953s][info][gc,phases   ] GC(397)   Other: 0.1ms
[463.953s][info][gc,heap     ] GC(397) Eden regions: 29->0(29)
[463.953s][info][gc,heap     ] GC(397) Survivor regions: 1->1(4)
[463.953s][info][gc,heap     ] GC(397) Old regions: 36->36
[463.953s][info][gc,heap     ] GC(397) Archive regions: 2->2
[463.953s][info][gc,heap     ] GC(397) Humongous regions: 0->0
[463.953s][info][gc,metaspace] GC(397) Metaspace: 46807K(47824K)->46807K(47824K) NonClass: 41155K(41808K)->41155K(41808K) Class: 5652K(6016K)->5652K(6016K)
[463.953s][info][gc          ] GC(397) Pause Young (Concurrent Start) (G1 Evacuation Pause) 66M->37M(77M) 1.111ms
[463.953s][info][gc,cpu      ] GC(397) User=0.00s Sys=0.00s Real=0.00s
[463.953s][info][gc          ] GC(398) Concurrent Cycle
[463.953s][info][gc,marking  ] GC(398) Concurrent Clear Claimed Marks
[463.953s][info][gc,marking  ] GC(398) Concurrent Clear Claimed Marks 0.022ms
[463.953s][info][gc,marking  ] GC(398) Concurrent Scan Root Regions
[463.954s][info][gc,marking  ] GC(398) Concurrent Scan Root Regions 0.753ms
[463.954s][info][gc,marking  ] GC(398) Concurrent Mark (463.954s)
[463.954s][info][gc,marking  ] GC(398) Concurrent Mark From Roots
[463.954s][info][gc,task     ] GC(398) Using 2 workers of 2 for marking
[463.994s][info][gc,marking  ] GC(398) Concurrent Mark From Roots 40.428ms
[463.994s][info][gc,marking  ] GC(398) Concurrent Preclean
[463.994s][info][gc,marking  ] GC(398) Concurrent Preclean 0.081ms
[463.994s][info][gc,marking  ] GC(398) Concurrent Mark (463.954s, 463.994s) 40.586ms
[463.994s][info][gc,start    ] GC(398) Pause Remark
[463.997s][info][gc          ] GC(398) Pause Remark 41M->41M(77M) 2.298ms
[463.997s][info][gc,cpu      ] GC(398) User=0.01s Sys=0.00s Real=0.00s
[463.997s][info][gc,marking  ] GC(398) Concurrent Rebuild Remembered Sets
[464.020s][info][gc,marking  ] GC(398) Concurrent Rebuild Remembered Sets 22.653ms
[464.020s][info][gc,start    ] GC(398) Pause Cleanup
[464.020s][info][gc          ] GC(398) Pause Cleanup 43M->43M(77M) 0.098ms
[464.020s][info][gc,cpu      ] GC(398) User=0.00s Sys=0.00s Real=0.00s
[464.020s][info][gc,marking  ] GC(398) Concurrent Cleanup for Next Mark
[464.025s][info][gc,marking  ] GC(398) Concurrent Cleanup for Next Mark 4.744ms
[464.025s][info][gc          ] GC(398) Concurrent Cycle 71.913ms
[464.174s][info][gc,start    ] GC(399) Pause Young (Normal) (G1 Evacuation Pause)
[464.174s][info][gc,task     ] GC(399) Using 8 workers of 8 for evacuation
[464.174s][info][gc,phases   ] GC(399)   Pre Evacuate Collection Set: 0.0ms
[464.174s][info][gc,phases   ] GC(399)   Merge Heap Roots: 0.0ms
[464.174s][info][gc,phases   ] GC(399)   Evacuate Collection Set: 0.5ms
[464.174s][info][gc,phases   ] GC(399)   Post Evacuate Collection Set: 0.2ms
[464.174s][info][gc,phases   ] GC(399)   Other: 0.1ms
[464.174s][info][gc,heap     ] GC(399) Eden regions: 29->0(29)
[464.174s][info][gc,heap     ] GC(399) Survivor regions: 1->1(4)
[464.174s][info][gc,heap     ] GC(399) Old regions: 36->36
[464.174s][info][gc,heap     ] GC(399) Archive regions: 2->2
[464.174s][info][gc,heap     ] GC(399) Humongous regions: 0->0
[464.174s][info][gc,metaspace] GC(399) Metaspace: 46809K(47824K)->46809K(47824K) NonClass: 41156K(41808K)->41156K(41808K) Class: 5652K(6016K)->5652K(6016K)
[464.174s][info][gc          ] GC(399) Pause Young (Normal) (G1 Evacuation Pause) 66M->37M(77M) 0.940ms
[464.175s][info][gc,cpu      ] GC(399) User=0.01s Sys=0.00s Real=0.00s
[464.379s][info][gc,start    ] GC(400) Pause Young (Concurrent Start) (G1 Evacuation Pause)
[464.379s][info][gc,task     ] GC(400) Using 8 workers of 8 for evacuation
[464.381s][info][gc,phases   ] GC(400)   Pre Evacuate Collection Set: 0.1ms
[464.381s][info][gc,phases   ] GC(400)   Merge Heap Roots: 0.0ms
[464.381s][info][gc,phases   ] GC(400)   Evacuate Collection Set: 0.9ms
[464.381s][info][gc,phases   ] GC(400)   Post Evacuate Collection Set: 0.3ms
[464.381s][info][gc,phases   ] GC(400)   Other: 0.2ms
[464.381s][info][gc,heap     ] GC(400) Eden regions: 29->0(29)
[464.381s][info][gc,heap     ] GC(400) Survivor regions: 1->1(4)
[464.381s][info][gc,heap     ] GC(400) Old regions: 36->36
[464.381s][info][gc,heap     ] GC(400) Archive regions: 2->2
[464.381s][info][gc,heap     ] GC(400) Humongous regions: 0->0
[464.381s][info][gc,metaspace] GC(400) Metaspace: 46809K(47824K)->46809K(47824K) NonClass: 41156K(41808K)->41156K(41808K) Class: 5652K(6016K)->5652K(6016K)
[464.381s][info][gc          ] GC(400) Pause Young (Concurrent Start) (G1 Evacuation Pause) 66M->37M(77M) 1.701ms
[464.381s][info][gc,cpu      ] GC(400) User=0.00s Sys=0.00s Real=0.00s
[464.381s][info][gc          ] GC(401) Concurrent Cycle
[464.381s][info][gc,marking  ] GC(401) Concurrent Clear Claimed Marks
[464.381s][info][gc,marking  ] GC(401) Concurrent Clear Claimed Marks 0.091ms
[464.381s][info][gc,marking  ] GC(401) Concurrent Scan Root Regions
[464.382s][info][gc,marking  ] GC(401) Concurrent Scan Root Regions 0.965ms
[464.382s][info][gc,marking  ] GC(401) Concurrent Mark (464.382s)
[464.382s][info][gc,marking  ] GC(401) Concurrent Mark From Roots
[464.382s][info][gc,task     ] GC(401) Using 2 workers of 2 for marking
[464.417s][info][gc,marking  ] GC(401) Concurrent Mark From Roots 34.445ms
[464.417s][info][gc,marking  ] GC(401) Concurrent Preclean
[464.417s][info][gc,marking  ] GC(401) Concurrent Preclean 0.099ms
[464.417s][info][gc,marking  ] GC(401) Concurrent Mark (464.382s, 464.417s) 34.615ms
[464.417s][info][gc,start    ] GC(401) Pause Remark
[464.419s][info][gc          ] GC(401) Pause Remark 40M->40M(77M) 2.456ms
[464.420s][info][gc,cpu      ] GC(401) User=0.01s Sys=0.01s Real=0.00s
[464.441s][info][gc,marking  ] GC(401) Concurrent Rebuild Remembered Sets
[464.463s][info][gc,marking  ] GC(401) Concurrent Rebuild Remembered Sets 21.941ms
[464.463s][info][gc,start    ] GC(401) Pause Cleanup
[464.463s][info][gc          ] GC(401) Pause Cleanup 42M->42M(77M) 0.080ms
[464.463s][info][gc,cpu      ] GC(401) User=0.00s Sys=0.00s Real=0.00s
[464.463s][info][gc,marking  ] GC(401) Concurrent Cleanup for Next Mark
[464.463s][info][gc,marking  ] GC(401) Concurrent Cleanup for Next Mark 0.130ms
[464.463s][info][gc          ] GC(401) Concurrent Cycle 82.030ms
[464.630s][info][gc,start    ] GC(402) Pause Young (Normal) (G1 Evacuation Pause)
[464.630s][info][gc,task     ] GC(402) Using 8 workers of 8 for evacuation
[464.630s][info][gc,phases   ] GC(402)   Pre Evacuate Collection Set: 0.1ms
[464.630s][info][gc,phases   ] GC(402)   Merge Heap Roots: 0.0ms
[464.630s][info][gc,phases   ] GC(402)   Evacuate Collection Set: 0.5ms
[464.630s][info][gc,phases   ] GC(402)   Post Evacuate Collection Set: 0.2ms
[464.630s][info][gc,phases   ] GC(402)   Other: 0.1ms
[464.630s][info][gc,heap     ] GC(402) Eden regions: 29->0(29)
[464.630s][info][gc,heap     ] GC(402) Survivor regions: 1->1(4)
[464.631s][info][gc,heap     ] GC(402) Old regions: 36->36
[464.631s][info][gc,heap     ] GC(402) Archive regions: 2->2
[464.631s][info][gc,heap     ] GC(402) Humongous regions: 0->0
[464.631s][info][gc,metaspace] GC(402) Metaspace: 46809K(47824K)->46809K(47824K) NonClass: 41156K(41808K)->41156K(41808K) Class: 5652K(6016K)->5652K(6016K)
[464.631s][info][gc          ] GC(402) Pause Young (Normal) (G1 Evacuation Pause) 66M->37M(77M) 0.968ms
[464.631s][info][gc,cpu      ] GC(402) User=0.00s Sys=0.00s Real=0.00s
[464.819s][info][gc,start    ] GC(403) Pause Young (Concurrent Start) (G1 Evacuation Pause)
[464.819s][info][gc,task     ] GC(403) Using 8 workers of 8 for evacuation
[464.820s][info][gc,phases   ] GC(403)   Pre Evacuate Collection Set: 0.1ms
[464.820s][info][gc,phases   ] GC(403)   Merge Heap Roots: 0.0ms
[464.820s][info][gc,phases   ] GC(403)   Evacuate Collection Set: 0.6ms
[464.820s][info][gc,phases   ] GC(403)   Post Evacuate Collection Set: 0.2ms
[464.820s][info][gc,phases   ] GC(403)   Other: 0.1ms
[464.820s][info][gc,heap     ] GC(403) Eden regions: 29->0(29)
[464.820s][info][gc,heap     ] GC(403) Survivor regions: 1->1(4)
[464.820s][info][gc,heap     ] GC(403) Old regions: 36->36
[464.820s][info][gc,heap     ] GC(403) Archive regions: 2->2
[464.820s][info][gc,heap     ] GC(403) Humongous regions: 0->0
[464.820s][info][gc,metaspace] GC(403) Metaspace: 46809K(47824K)->46809K(47824K) NonClass: 41156K(41808K)->41156K(41808K) Class: 5652K(6016K)->5652K(6016K)
[464.820s][info][gc          ] GC(403) Pause Young (Concurrent Start) (G1 Evacuation Pause) 66M->37M(77M) 1.157ms
[464.820s][info][gc,cpu      ] GC(403) User=0.00s Sys=0.00s Real=0.00s
[464.820s][info][gc          ] GC(404) Concurrent Cycle
[464.821s][info][gc,marking  ] GC(404) Concurrent Clear Claimed Marks
[464.821s][info][gc,marking  ] GC(404) Concurrent Clear Claimed Marks 0.043ms
[464.821s][info][gc,marking  ] GC(404) Concurrent Scan Root Regions
[464.821s][info][gc,marking  ] GC(404) Concurrent Scan Root Regions 0.669ms
[464.821s][info][gc,marking  ] GC(404) Concurrent Mark (464.821s)
[464.821s][info][gc,marking  ] GC(404) Concurrent Mark From Roots
[464.821s][info][gc,task     ] GC(404) Using 2 workers of 2 for marking
[464.851s][info][gc,marking  ] GC(404) Concurrent Mark From Roots 29.368ms
[464.851s][info][gc,marking  ] GC(404) Concurrent Preclean
[464.851s][info][gc,marking  ] GC(404) Concurrent Preclean 0.058ms
[464.851s][info][gc,marking  ] GC(404) Concurrent Mark (464.821s, 464.851s) 29.485ms
[464.851s][info][gc,start    ] GC(404) Pause Remark
[464.853s][info][gc          ] GC(404) Pause Remark 41M->41M(77M) 1.717ms
[464.853s][info][gc,cpu      ] GC(404) User=0.01s Sys=0.00s Real=0.00s
[464.853s][info][gc,marking  ] GC(404) Concurrent Rebuild Remembered Sets
[464.870s][info][gc,marking  ] GC(404) Concurrent Rebuild Remembered Sets 17.670ms
[464.871s][info][gc,start    ] GC(404) Pause Cleanup
[464.871s][info][gc          ] GC(404) Pause Cleanup 44M->44M(77M) 0.084ms
[464.871s][info][gc,cpu      ] GC(404) User=0.00s Sys=0.00s Real=0.00s
[464.871s][info][gc,marking  ] GC(404) Concurrent Cleanup for Next Mark
[464.871s][info][gc,marking  ] GC(404) Concurrent Cleanup for Next Mark 0.150ms
[464.871s][info][gc          ] GC(404) Concurrent Cycle 50.608ms
[465.024s][info][gc,start    ] GC(405) Pause Young (Normal) (G1 Evacuation Pause)
[465.024s][info][gc,task     ] GC(405) Using 8 workers of 8 for evacuation
[465.025s][info][gc,phases   ] GC(405)   Pre Evacuate Collection Set: 0.0ms
[465.025s][info][gc,phases   ] GC(405)   Merge Heap Roots: 0.0ms
[465.025s][info][gc,phases   ] GC(405)   Evacuate Collection Set: 0.6ms
[465.025s][info][gc,phases   ] GC(405)   Post Evacuate Collection Set: 0.2ms
[465.025s][info][gc,phases   ] GC(405)   Other: 0.1ms
[465.025s][info][gc,heap     ] GC(405) Eden regions: 29->0(29)
[465.025s][info][gc,heap     ] GC(405) Survivor regions: 1->1(4)
[465.025s][info][gc,heap     ] GC(405) Old regions: 36->36
[465.025s][info][gc,heap     ] GC(405) Archive regions: 2->2
[465.025s][info][gc,heap     ] GC(405) Humongous regions: 0->0
[465.025s][info][gc,metaspace] GC(405) Metaspace: 46809K(47824K)->46809K(47824K) NonClass: 41157K(41808K)->41157K(41808K) Class: 5652K(6016K)->5652K(6016K)
[465.025s][info][gc          ] GC(405) Pause Young (Normal) (G1 Evacuation Pause) 66M->37M(77M) 1.058ms
[465.025s][info][gc,cpu      ] GC(405) User=0.00s Sys=0.00s Real=0.00s
[465.216s][info][gc,start    ] GC(406) Pause Young (Concurrent Start) (G1 Evacuation Pause)
[465.216s][info][gc,task     ] GC(406) Using 8 workers of 8 for evacuation
[465.217s][info][gc,phases   ] GC(406)   Pre Evacuate Collection Set: 0.1ms
[465.217s][info][gc,phases   ] GC(406)   Merge Heap Roots: 0.0ms
[465.217s][info][gc,phases   ] GC(406)   Evacuate Collection Set: 0.6ms
[465.217s][info][gc,phases   ] GC(406)   Post Evacuate Collection Set: 0.2ms
[465.217s][info][gc,phases   ] GC(406)   Other: 0.2ms
[465.217s][info][gc,heap     ] GC(406) Eden regions: 29->0(29)
[465.217s][info][gc,heap     ] GC(406) Survivor regions: 1->1(4)
[465.217s][info][gc,heap     ] GC(406) Old regions: 36->36
[465.217s][info][gc,heap     ] GC(406) Archive regions: 2->2
[465.217s][info][gc,heap     ] GC(406) Humongous regions: 0->0
[465.217s][info][gc,metaspace] GC(406) Metaspace: 46810K(47824K)->46810K(47824K) NonClass: 41158K(41808K)->41158K(41808K) Class: 5652K(6016K)->5652K(6016K)
[465.217s][info][gc          ] GC(406) Pause Young (Concurrent Start) (G1 Evacuation Pause) 66M->37M(77M) 1.181ms
[465.218s][info][gc,cpu      ] GC(406) User=0.00s Sys=0.00s Real=0.00s
[465.218s][info][gc          ] GC(407) Concurrent Cycle
[465.218s][info][gc,marking  ] GC(407) Concurrent Clear Claimed Marks
[465.218s][info][gc,marking  ] GC(407) Concurrent Clear Claimed Marks 0.032ms
[465.218s][info][gc,marking  ] GC(407) Concurrent Scan Root Regions
[465.218s][info][gc,marking  ] GC(407) Concurrent Scan Root Regions 0.836ms
[465.218s][info][gc,marking  ] GC(407) Concurrent Mark (465.218s)
[465.218s][info][gc,marking  ] GC(407) Concurrent Mark From Roots
[465.218s][info][gc,task     ] GC(407) Using 2 workers of 2 for marking
[465.251s][info][gc,marking  ] GC(407) Concurrent Mark From Roots 32.186ms
[465.251s][info][gc,marking  ] GC(407) Concurrent Preclean
[465.251s][info][gc,marking  ] GC(407) Concurrent Preclean 0.078ms
[465.251s][info][gc,marking  ] GC(407) Concurrent Mark (465.218s, 465.251s) 32.335ms
[465.251s][info][gc,start    ] GC(407) Pause Remark
[465.253s][info][gc          ] GC(407) Pause Remark 41M->41M(77M) 1.836ms
[465.253s][info][gc,cpu      ] GC(407) User=0.01s Sys=0.00s Real=0.00s
[465.253s][info][gc,marking  ] GC(407) Concurrent Rebuild Remembered Sets
[465.272s][info][gc,marking  ] GC(407) Concurrent Rebuild Remembered Sets 19.056ms
[465.272s][info][gc,start    ] GC(407) Pause Cleanup
[465.272s][info][gc          ] GC(407) Pause Cleanup 46M->46M(77M) 0.096ms
[465.272s][info][gc,cpu      ] GC(407) User=0.00s Sys=0.00s Real=0.00s
[465.272s][info][gc,marking  ] GC(407) Concurrent Cleanup for Next Mark
[465.273s][info][gc,marking  ] GC(407) Concurrent Cleanup for Next Mark 0.166ms
[465.273s][info][gc          ] GC(407) Concurrent Cycle 55.002ms
[465.366s][info][gc,start    ] GC(408) Pause Young (Normal) (G1 Evacuation Pause)
[465.366s][info][gc,task     ] GC(408) Using 8 workers of 8 for evacuation
[465.366s][info][gc,phases   ] GC(408)   Pre Evacuate Collection Set: 0.1ms
[465.367s][info][gc,phases   ] GC(408)   Merge Heap Roots: 0.0ms
[465.367s][info][gc,phases   ] GC(408)   Evacuate Collection Set: 0.5ms
[465.367s][info][gc,phases   ] GC(408)   Post Evacuate Collection Set: 0.2ms
[465.367s][info][gc,phases   ] GC(408)   Other: 0.2ms
[465.367s][info][gc,heap     ] GC(408) Eden regions: 29->0(29)
[465.367s][info][gc,heap     ] GC(408) Survivor regions: 1->1(4)
[465.367s][info][gc,heap     ] GC(408) Old regions: 36->36
[465.367s][info][gc,heap     ] GC(408) Archive regions: 2->2
[465.367s][info][gc,heap     ] GC(408) Humongous regions: 0->0
[465.367s][info][gc,metaspace] GC(408) Metaspace: 46810K(47824K)->46810K(47824K) NonClass: 41158K(41808K)->41158K(41808K) Class: 5652K(6016K)->5652K(6016K)
[465.367s][info][gc          ] GC(408) Pause Young (Normal) (G1 Evacuation Pause) 66M->37M(77M) 1.097ms
[465.367s][info][gc,cpu      ] GC(408) User=0.01s Sys=0.00s Real=0.00s
[465.551s][info][gc,start    ] GC(409) Pause Young (Concurrent Start) (G1 Evacuation Pause)
[465.551s][info][gc,task     ] GC(409) Using 8 workers of 8 for evacuation
[465.552s][info][gc,phases   ] GC(409)   Pre Evacuate Collection Set: 0.1ms
[465.552s][info][gc,phases   ] GC(409)   Merge Heap Roots: 0.1ms
[465.552s][info][gc,phases   ] GC(409)   Evacuate Collection Set: 0.7ms
[465.552s][info][gc,phases   ] GC(409)   Post Evacuate Collection Set: 0.2ms
[465.552s][info][gc,phases   ] GC(409)   Other: 0.2ms
[465.552s][info][gc,heap     ] GC(409) Eden regions: 29->0(28)
[465.552s][info][gc,heap     ] GC(409) Survivor regions: 1->1(4)
[465.552s][info][gc,heap     ] GC(409) Old regions: 36->37
[465.552s][info][gc,heap     ] GC(409) Archive regions: 2->2
[465.552s][info][gc,heap     ] GC(409) Humongous regions: 0->0
[465.552s][info][gc,metaspace] GC(409) Metaspace: 46810K(47824K)->46810K(47824K) NonClass: 41158K(41808K)->41158K(41808K) Class: 5652K(6016K)->5652K(6016K)
[465.552s][info][gc          ] GC(409) Pause Young (Concurrent Start) (G1 Evacuation Pause) 66M->37M(77M) 1.245ms
[465.552s][info][gc,cpu      ] GC(409) User=0.00s Sys=0.00s Real=0.00s
[465.552s][info][gc          ] GC(410) Concurrent Cycle
[465.552s][info][gc,marking  ] GC(410) Concurrent Clear Claimed Marks
[465.552s][info][gc,marking  ] GC(410) Concurrent Clear Claimed Marks 0.040ms
[465.552s][info][gc,marking  ] GC(410) Concurrent Scan Root Regions
[465.553s][info][gc,marking  ] GC(410) Concurrent Scan Root Regions 0.912ms
[465.553s][info][gc,marking  ] GC(410) Concurrent Mark (465.553s)
[465.553s][info][gc,marking  ] GC(410) Concurrent Mark From Roots
[465.553s][info][gc,task     ] GC(410) Using 2 workers of 2 for marking
[465.588s][info][gc,marking  ] GC(410) Concurrent Mark From Roots 34.356ms
[465.588s][info][gc,marking  ] GC(410) Concurrent Preclean
[465.588s][info][gc,marking  ] GC(410) Concurrent Preclean 0.076ms
[465.588s][info][gc,marking  ] GC(410) Concurrent Mark (465.553s, 465.588s) 34.504ms
[465.588s][info][gc,start    ] GC(410) Pause Remark
[465.590s][info][gc          ] GC(410) Pause Remark 40M->40M(77M) 2.433ms
[465.591s][info][gc,cpu      ] GC(410) User=0.02s Sys=0.00s Real=0.00s
[465.591s][info][gc,marking  ] GC(410) Concurrent Rebuild Remembered Sets
[465.609s][info][gc,marking  ] GC(410) Concurrent Rebuild Remembered Sets 18.188ms
[465.609s][info][gc,start    ] GC(410) Pause Cleanup
[465.609s][info][gc          ] GC(410) Pause Cleanup 42M->42M(77M) 0.080ms
[465.609s][info][gc,cpu      ] GC(410) User=0.00s Sys=0.00s Real=0.00s
[465.609s][info][gc,marking  ] GC(410) Concurrent Cleanup for Next Mark
[465.609s][info][gc,marking  ] GC(410) Concurrent Cleanup for Next Mark 0.132ms
[465.609s][info][gc          ] GC(410) Concurrent Cycle 56.945ms
[465.770s][info][gc,start    ] GC(411) Pause Young (Normal) (G1 Evacuation Pause)
[465.770s][info][gc,task     ] GC(411) Using 8 workers of 8 for evacuation
[465.771s][info][gc,phases   ] GC(411)   Pre Evacuate Collection Set: 0.1ms
[465.771s][info][gc,phases   ] GC(411)   Merge Heap Roots: 0.0ms
[465.771s][info][gc,phases   ] GC(411)   Evacuate Collection Set: 0.6ms
[465.771s][info][gc,phases   ] GC(411)   Post Evacuate Collection Set: 0.2ms
[465.771s][info][gc,phases   ] GC(411)   Other: 0.2ms
[465.771s][info][gc,heap     ] GC(411) Eden regions: 28->0(28)
[465.771s][info][gc,heap     ] GC(411) Survivor regions: 1->1(4)
[465.771s][info][gc,heap     ] GC(411) Old regions: 37->37
[465.771s][info][gc,heap     ] GC(411) Archive regions: 2->2
[465.771s][info][gc,heap     ] GC(411) Humongous regions: 0->0
[465.771s][info][gc,metaspace] GC(411) Metaspace: 46810K(47824K)->46810K(47824K) NonClass: 41158K(41808K)->41158K(41808K) Class: 5652K(6016K)->5652K(6016K)
[465.771s][info][gc          ] GC(411) Pause Young (Normal) (G1 Evacuation Pause) 65M->37M(77M) 1.117ms
[465.771s][info][gc,cpu      ] GC(411) User=0.00s Sys=0.00s Real=0.00s
[490.342s][info][gc,start    ] GC(412) Pause Young (Concurrent Start) (G1 Evacuation Pause)
[490.342s][info][gc,task     ] GC(412) Using 8 workers of 8 for evacuation
[490.344s][info][gc,phases   ] GC(412)   Pre Evacuate Collection Set: 0.1ms
[490.344s][info][gc,phases   ] GC(412)   Merge Heap Roots: 0.0ms
[490.344s][info][gc,phases   ] GC(412)   Evacuate Collection Set: 1.2ms
[490.344s][info][gc,phases   ] GC(412)   Post Evacuate Collection Set: 0.4ms
[490.344s][info][gc,phases   ] GC(412)   Other: 0.2ms
[490.344s][info][gc,heap     ] GC(412) Eden regions: 28->0(26)
[490.344s][info][gc,heap     ] GC(412) Survivor regions: 1->2(4)
[490.344s][info][gc,heap     ] GC(412) Old regions: 37->37
[490.344s][info][gc,heap     ] GC(412) Archive regions: 2->2
[490.344s][info][gc,heap     ] GC(412) Humongous regions: 0->0
[490.344s][info][gc,metaspace] GC(412) Metaspace: 46811K(47824K)->46811K(47824K) NonClass: 41158K(41808K)->41158K(41808K) Class: 5652K(6016K)->5652K(6016K)
[490.344s][info][gc          ] GC(412) Pause Young (Concurrent Start) (G1 Evacuation Pause) 65M->37M(77M) 2.039ms
[490.344s][info][gc,cpu      ] GC(412) User=0.01s Sys=0.00s Real=0.01s
[490.344s][info][gc          ] GC(413) Concurrent Cycle
[490.344s][info][gc,marking  ] GC(413) Concurrent Clear Claimed Marks
[490.344s][info][gc,marking  ] GC(413) Concurrent Clear Claimed Marks 0.063ms
[490.344s][info][gc,marking  ] GC(413) Concurrent Scan Root Regions
[490.345s][info][gc,marking  ] GC(413) Concurrent Scan Root Regions 1.052ms
[490.345s][info][gc,marking  ] GC(413) Concurrent Mark (490.345s)
[490.345s][info][gc,marking  ] GC(413) Concurrent Mark From Roots
[490.345s][info][gc,task     ] GC(413) Using 2 workers of 2 for marking
[490.378s][info][gc,marking  ] GC(413) Concurrent Mark From Roots 33.030ms
[490.379s][info][gc,marking  ] GC(413) Concurrent Preclean
[490.379s][info][gc,marking  ] GC(413) Concurrent Preclean 0.750ms
[490.379s][info][gc,marking  ] GC(413) Concurrent Mark (490.345s, 490.379s) 33.918ms
[490.380s][info][gc,start    ] GC(413) Pause Remark
[490.387s][info][gc          ] GC(413) Pause Remark 40M->40M(77M) 6.897ms
[490.387s][info][gc,cpu      ] GC(413) User=0.03s Sys=0.00s Real=0.01s
[490.387s][info][gc,marking  ] GC(413) Concurrent Rebuild Remembered Sets
[490.404s][info][gc,marking  ] GC(413) Concurrent Rebuild Remembered Sets 17.253ms
[490.405s][info][gc,start    ] GC(413) Pause Cleanup
[490.405s][info][gc          ] GC(413) Pause Cleanup 43M->43M(77M) 0.085ms
[490.405s][info][gc,cpu      ] GC(413) User=0.00s Sys=0.00s Real=0.00s
[490.405s][info][gc,marking  ] GC(413) Concurrent Cleanup for Next Mark
[490.405s][info][gc,marking  ] GC(413) Concurrent Cleanup for Next Mark 0.148ms
[490.405s][info][gc          ] GC(413) Concurrent Cycle 60.946ms
[490.563s][info][gc,start    ] GC(414) Pause Young (Prepare Mixed) (G1 Evacuation Pause)
[490.563s][info][gc,task     ] GC(414) Using 8 workers of 8 for evacuation
[490.564s][info][gc,phases   ] GC(414)   Pre Evacuate Collection Set: 0.1ms
[490.564s][info][gc,phases   ] GC(414)   Merge Heap Roots: 0.1ms
[490.564s][info][gc,phases   ] GC(414)   Evacuate Collection Set: 1.2ms
[490.564s][info][gc,phases   ] GC(414)   Post Evacuate Collection Set: 0.2ms
[490.564s][info][gc,phases   ] GC(414)   Other: 0.2ms
[490.565s][info][gc,heap     ] GC(414) Eden regions: 26->0(1)
[490.565s][info][gc,heap     ] GC(414) Survivor regions: 2->2(4)
[490.565s][info][gc,heap     ] GC(414) Old regions: 37->37
[490.565s][info][gc,heap     ] GC(414) Archive regions: 2->2
[490.565s][info][gc,heap     ] GC(414) Humongous regions: 0->0
[490.565s][info][gc,metaspace] GC(414) Metaspace: 46554K(47824K)->46554K(47824K) NonClass: 40946K(41808K)->40946K(41808K) Class: 5607K(6016K)->5607K(6016K)
[490.565s][info][gc          ] GC(414) Pause Young (Prepare Mixed) (G1 Evacuation Pause) 63M->37M(77M) 1.825ms
[490.565s][info][gc,cpu      ] GC(414) User=0.00s Sys=0.00s Real=0.01s
[490.573s][info][gc,start    ] GC(415) Pause Young (Mixed) (G1 Evacuation Pause)
[490.573s][info][gc,task     ] GC(415) Using 8 workers of 8 for evacuation
[490.580s][info][gc,phases   ] GC(415)   Pre Evacuate Collection Set: 0.1ms
[490.580s][info][gc,phases   ] GC(415)   Merge Heap Roots: 0.2ms
[490.580s][info][gc,phases   ] GC(415)   Evacuate Collection Set: 5.4ms
[490.580s][info][gc,phases   ] GC(415)   Post Evacuate Collection Set: 0.5ms
[490.580s][info][gc,phases   ] GC(415)   Other: 0.3ms
[490.580s][info][gc,heap     ] GC(415) Eden regions: 1->0(31)
[490.580s][info][gc,heap     ] GC(415) Survivor regions: 2->1(1)
[490.580s][info][gc,heap     ] GC(415) Old regions: 37->34
[490.580s][info][gc,heap     ] GC(415) Archive regions: 2->2
[490.580s][info][gc,heap     ] GC(415) Humongous regions: 0->0
[490.580s][info][gc,metaspace] GC(415) Metaspace: 46554K(47824K)->46554K(47824K) NonClass: 40946K(41808K)->40946K(41808K) Class: 5607K(6016K)->5607K(6016K)
[490.580s][info][gc          ] GC(415) Pause Young (Mixed) (G1 Evacuation Pause) 38M->34M(77M) 6.496ms
[490.580s][info][gc,cpu      ] GC(415) User=0.03s Sys=0.00s Real=0.00s
[490.782s][info][gc,start    ] GC(416) Pause Young (Concurrent Start) (G1 Evacuation Pause)
[490.782s][info][gc,task     ] GC(416) Using 8 workers of 8 for evacuation
[490.783s][info][gc,phases   ] GC(416)   Pre Evacuate Collection Set: 0.1ms
[490.783s][info][gc,phases   ] GC(416)   Merge Heap Roots: 0.1ms
[490.783s][info][gc,phases   ] GC(416)   Evacuate Collection Set: 0.7ms
[490.783s][info][gc,phases   ] GC(416)   Post Evacuate Collection Set: 0.2ms
[490.783s][info][gc,phases   ] GC(416)   Other: 0.2ms
[490.783s][info][gc,heap     ] GC(416) Eden regions: 31->0(31)
[490.783s][info][gc,heap     ] GC(416) Survivor regions: 1->1(4)
[490.783s][info][gc,heap     ] GC(416) Old regions: 34->34
[490.783s][info][gc,heap     ] GC(416) Archive regions: 2->2
[490.784s][info][gc,heap     ] GC(416) Humongous regions: 0->0
[490.784s][info][gc,metaspace] GC(416) Metaspace: 46554K(47824K)->46554K(47824K) NonClass: 40946K(41808K)->40946K(41808K) Class: 5607K(6016K)->5607K(6016K)
[490.784s][info][gc          ] GC(416) Pause Young (Concurrent Start) (G1 Evacuation Pause) 65M->34M(77M) 1.410ms
[490.784s][info][gc,cpu      ] GC(416) User=0.00s Sys=0.00s Real=0.01s
[490.784s][info][gc          ] GC(417) Concurrent Cycle
[490.784s][info][gc,marking  ] GC(417) Concurrent Clear Claimed Marks
[490.784s][info][gc,marking  ] GC(417) Concurrent Clear Claimed Marks 0.027ms
[490.784s][info][gc,marking  ] GC(417) Concurrent Scan Root Regions
[490.785s][info][gc,marking  ] GC(417) Concurrent Scan Root Regions 0.851ms
[490.785s][info][gc,marking  ] GC(417) Concurrent Mark (490.785s)
[490.785s][info][gc,marking  ] GC(417) Concurrent Mark From Roots
[490.785s][info][gc,task     ] GC(417) Using 2 workers of 2 for marking
[490.811s][info][gc,marking  ] GC(417) Concurrent Mark From Roots 26.575ms
[490.811s][info][gc,marking  ] GC(417) Concurrent Preclean
[490.811s][info][gc,marking  ] GC(417) Concurrent Preclean 0.122ms
[490.811s][info][gc,marking  ] GC(417) Concurrent Mark (490.785s, 490.811s) 26.767ms
[490.812s][info][gc,start    ] GC(417) Pause Remark
[490.813s][info][gc          ] GC(417) Pause Remark 39M->39M(77M) 1.973ms
[490.814s][info][gc,cpu      ] GC(417) User=0.01s Sys=0.00s Real=0.01s
[490.814s][info][gc,marking  ] GC(417) Concurrent Rebuild Remembered Sets
[490.830s][info][gc,marking  ] GC(417) Concurrent Rebuild Remembered Sets 16.560ms
[490.830s][info][gc,start    ] GC(417) Pause Cleanup
[490.830s][info][gc          ] GC(417) Pause Cleanup 41M->41M(77M) 0.101ms
[490.831s][info][gc,cpu      ] GC(417) User=0.00s Sys=0.00s Real=0.00s
[490.831s][info][gc,marking  ] GC(417) Concurrent Cleanup for Next Mark
[490.831s][info][gc,marking  ] GC(417) Concurrent Cleanup for Next Mark 0.478ms
[490.831s][info][gc          ] GC(417) Concurrent Cycle 47.445ms
[490.979s][info][gc,start    ] GC(418) Pause Young (Normal) (G1 Evacuation Pause)
[490.979s][info][gc,task     ] GC(418) Using 8 workers of 8 for evacuation
[490.980s][info][gc,phases   ] GC(418)   Pre Evacuate Collection Set: 0.1ms
[490.980s][info][gc,phases   ] GC(418)   Merge Heap Roots: 0.0ms
[490.980s][info][gc,phases   ] GC(418)   Evacuate Collection Set: 0.4ms
[490.980s][info][gc,phases   ] GC(418)   Post Evacuate Collection Set: 0.2ms
[490.980s][info][gc,phases   ] GC(418)   Other: 0.1ms
[490.980s][info][gc,heap     ] GC(418) Eden regions: 31->0(31)
[490.980s][info][gc,heap     ] GC(418) Survivor regions: 1->1(4)
[490.980s][info][gc,heap     ] GC(418) Old regions: 34->34
[490.980s][info][gc,heap     ] GC(418) Archive regions: 2->2
[490.980s][info][gc,heap     ] GC(418) Humongous regions: 0->0
[490.980s][info][gc,metaspace] GC(418) Metaspace: 46554K(47824K)->46554K(47824K) NonClass: 40946K(41808K)->40946K(41808K) Class: 5607K(6016K)->5607K(6016K)
[490.980s][info][gc          ] GC(418) Pause Young (Normal) (G1 Evacuation Pause) 65M->34M(77M) 0.842ms
[490.980s][info][gc,cpu      ] GC(418) User=0.01s Sys=0.00s Real=0.00s
[491.188s][info][gc,start    ] GC(419) Pause Young (Concurrent Start) (G1 Evacuation Pause)
[491.188s][info][gc,task     ] GC(419) Using 8 workers of 8 for evacuation
[491.189s][info][gc,phases   ] GC(419)   Pre Evacuate Collection Set: 0.1ms
[491.189s][info][gc,phases   ] GC(419)   Merge Heap Roots: 0.0ms
[491.189s][info][gc,phases   ] GC(419)   Evacuate Collection Set: 0.5ms
[491.189s][info][gc,phases   ] GC(419)   Post Evacuate Collection Set: 0.3ms
[491.189s][info][gc,phases   ] GC(419)   Other: 0.2ms
[491.189s][info][gc,heap     ] GC(419) Eden regions: 31->0(31)
[491.189s][info][gc,heap     ] GC(419) Survivor regions: 1->1(4)
[491.189s][info][gc,heap     ] GC(419) Old regions: 34->34
[491.189s][info][gc,heap     ] GC(419) Archive regions: 2->2
[491.189s][info][gc,heap     ] GC(419) Humongous regions: 0->0
[491.189s][info][gc,metaspace] GC(419) Metaspace: 46554K(47824K)->46554K(47824K) NonClass: 40946K(41808K)->40946K(41808K) Class: 5607K(6016K)->5607K(6016K)
[491.189s][info][gc          ] GC(419) Pause Young (Concurrent Start) (G1 Evacuation Pause) 65M->34M(77M) 1.151ms
[491.189s][info][gc,cpu      ] GC(419) User=0.01s Sys=0.00s Real=0.00s
[491.189s][info][gc          ] GC(420) Concurrent Cycle
[491.189s][info][gc,marking  ] GC(420) Concurrent Clear Claimed Marks
[491.189s][info][gc,marking  ] GC(420) Concurrent Clear Claimed Marks 0.033ms
[491.189s][info][gc,marking  ] GC(420) Concurrent Scan Root Regions
[491.190s][info][gc,marking  ] GC(420) Concurrent Scan Root Regions 1.129ms
[491.190s][info][gc,marking  ] GC(420) Concurrent Mark (491.190s)
[491.190s][info][gc,marking  ] GC(420) Concurrent Mark From Roots
[491.190s][info][gc,task     ] GC(420) Using 2 workers of 2 for marking
[491.217s][info][gc,marking  ] GC(420) Concurrent Mark From Roots 27.203ms
[491.217s][info][gc,marking  ] GC(420) Concurrent Preclean
[491.217s][info][gc,marking  ] GC(420) Concurrent Preclean 0.182ms
[491.217s][info][gc,marking  ] GC(420) Concurrent Mark (491.190s, 491.217s) 27.491ms
[491.218s][info][gc,start    ] GC(420) Pause Remark
[491.220s][info][gc          ] GC(420) Pause Remark 39M->39M(77M) 2.375ms
[491.220s][info][gc,cpu      ] GC(420) User=0.01s Sys=0.00s Real=0.00s
[491.221s][info][gc,marking  ] GC(420) Concurrent Rebuild Remembered Sets
[491.237s][info][gc,marking  ] GC(420) Concurrent Rebuild Remembered Sets 16.559ms
[491.237s][info][gc,start    ] GC(420) Pause Cleanup
[491.237s][info][gc          ] GC(420) Pause Cleanup 40M->40M(77M) 0.127ms
[491.237s][info][gc,cpu      ] GC(420) User=0.00s Sys=0.00s Real=0.00s
[491.237s][info][gc,marking  ] GC(420) Concurrent Cleanup for Next Mark
[491.238s][info][gc,marking  ] GC(420) Concurrent Cleanup for Next Mark 0.139ms
[491.238s][info][gc          ] GC(420) Concurrent Cycle 48.936ms
[491.397s][info][gc,start    ] GC(421) Pause Young (Normal) (G1 Evacuation Pause)
[491.397s][info][gc,task     ] GC(421) Using 8 workers of 8 for evacuation
[491.398s][info][gc,phases   ] GC(421)   Pre Evacuate Collection Set: 0.0ms
[491.398s][info][gc,phases   ] GC(421)   Merge Heap Roots: 0.0ms
[491.398s][info][gc,phases   ] GC(421)   Evacuate Collection Set: 0.5ms
[491.398s][info][gc,phases   ] GC(421)   Post Evacuate Collection Set: 0.3ms
[491.398s][info][gc,phases   ] GC(421)   Other: 0.2ms
[491.398s][info][gc,heap     ] GC(421) Eden regions: 31->0(31)
[491.398s][info][gc,heap     ] GC(421) Survivor regions: 1->1(4)
[491.398s][info][gc,heap     ] GC(421) Old regions: 34->34
[491.398s][info][gc,heap     ] GC(421) Archive regions: 2->2
[491.398s][info][gc,heap     ] GC(421) Humongous regions: 0->0
[491.398s][info][gc,metaspace] GC(421) Metaspace: 46554K(47824K)->46554K(47824K) NonClass: 40946K(41808K)->40946K(41808K) Class: 5607K(6016K)->5607K(6016K)
[491.398s][info][gc          ] GC(421) Pause Young (Normal) (G1 Evacuation Pause) 65M->34M(77M) 1.133ms
[491.398s][info][gc,cpu      ] GC(421) User=0.00s Sys=0.00s Real=0.00s
[491.572s][info][gc,start    ] GC(422) Pause Young (Concurrent Start) (G1 Evacuation Pause)
[491.572s][info][gc,task     ] GC(422) Using 8 workers of 8 for evacuation
[491.573s][info][gc,phases   ] GC(422)   Pre Evacuate Collection Set: 0.1ms
[491.573s][info][gc,phases   ] GC(422)   Merge Heap Roots: 0.0ms
[491.573s][info][gc,phases   ] GC(422)   Evacuate Collection Set: 0.5ms
[491.573s][info][gc,phases   ] GC(422)   Post Evacuate Collection Set: 0.2ms
[491.573s][info][gc,phases   ] GC(422)   Other: 0.1ms
[491.573s][info][gc,heap     ] GC(422) Eden regions: 31->0(31)
[491.573s][info][gc,heap     ] GC(422) Survivor regions: 1->1(4)
[491.573s][info][gc,heap     ] GC(422) Old regions: 34->34
[491.573s][info][gc,heap     ] GC(422) Archive regions: 2->2
[491.573s][info][gc,heap     ] GC(422) Humongous regions: 0->0
[491.573s][info][gc,metaspace] GC(422) Metaspace: 46554K(47824K)->46554K(47824K) NonClass: 40946K(41808K)->40946K(41808K) Class: 5607K(6016K)->5607K(6016K)
[491.573s][info][gc          ] GC(422) Pause Young (Concurrent Start) (G1 Evacuation Pause) 65M->34M(77M) 1.000ms
[491.573s][info][gc,cpu      ] GC(422) User=0.01s Sys=0.00s Real=0.01s
[491.573s][info][gc          ] GC(423) Concurrent Cycle
[491.573s][info][gc,marking  ] GC(423) Concurrent Clear Claimed Marks
[491.573s][info][gc,marking  ] GC(423) Concurrent Clear Claimed Marks 0.027ms
[491.573s][info][gc,marking  ] GC(423) Concurrent Scan Root Regions
[491.575s][info][gc,marking  ] GC(423) Concurrent Scan Root Regions 1.087ms
[491.575s][info][gc,marking  ] GC(423) Concurrent Mark (491.575s)
[491.575s][info][gc,marking  ] GC(423) Concurrent Mark From Roots
[491.575s][info][gc,task     ] GC(423) Using 2 workers of 2 for marking
[491.602s][info][gc,marking  ] GC(423) Concurrent Mark From Roots 27.700ms
[491.602s][info][gc,marking  ] GC(423) Concurrent Preclean
[491.602s][info][gc,marking  ] GC(423) Concurrent Preclean 0.102ms
[491.602s][info][gc,marking  ] GC(423) Concurrent Mark (491.575s, 491.602s) 27.879ms
[491.603s][info][gc,start    ] GC(423) Pause Remark
[491.604s][info][gc          ] GC(423) Pause Remark 38M->38M(77M) 1.694ms
[491.604s][info][gc,cpu      ] GC(423) User=0.01s Sys=0.00s Real=0.01s
[491.604s][info][gc,marking  ] GC(423) Concurrent Rebuild Remembered Sets
[491.624s][info][gc,marking  ] GC(423) Concurrent Rebuild Remembered Sets 19.414ms
[491.624s][info][gc,start    ] GC(423) Pause Cleanup
[491.624s][info][gc          ] GC(423) Pause Cleanup 41M->41M(77M) 0.091ms
[491.624s][info][gc,cpu      ] GC(423) User=0.00s Sys=0.00s Real=0.00s
[491.624s][info][gc,marking  ] GC(423) Concurrent Cleanup for Next Mark
[491.624s][info][gc,marking  ] GC(423) Concurrent Cleanup for Next Mark 0.306ms
[491.625s][info][gc          ] GC(423) Concurrent Cycle 51.143ms
[491.869s][info][gc,start    ] GC(424) Pause Young (Normal) (G1 Evacuation Pause)
[491.869s][info][gc,task     ] GC(424) Using 8 workers of 8 for evacuation
[491.871s][info][gc,phases   ] GC(424)   Pre Evacuate Collection Set: 0.1ms
[491.871s][info][gc,phases   ] GC(424)   Merge Heap Roots: 0.1ms
[491.871s][info][gc,phases   ] GC(424)   Evacuate Collection Set: 0.9ms
[491.871s][info][gc,phases   ] GC(424)   Post Evacuate Collection Set: 0.3ms
[491.871s][info][gc,phases   ] GC(424)   Other: 0.3ms
[491.871s][info][gc,heap     ] GC(424) Eden regions: 31->0(31)
[491.871s][info][gc,heap     ] GC(424) Survivor regions: 1->1(4)
[491.871s][info][gc,heap     ] GC(424) Old regions: 34->34
[491.871s][info][gc,heap     ] GC(424) Archive regions: 2->2
[491.871s][info][gc,heap     ] GC(424) Humongous regions: 0->0
[491.871s][info][gc,metaspace] GC(424) Metaspace: 46554K(47824K)->46554K(47824K) NonClass: 40947K(41808K)->40947K(41808K) Class: 5607K(6016K)->5607K(6016K)
[491.871s][info][gc          ] GC(424) Pause Young (Normal) (G1 Evacuation Pause) 65M->34M(77M) 1.764ms
[491.871s][info][gc,cpu      ] GC(424) User=0.00s Sys=0.00s Real=0.00s
[492.116s][info][gc,start    ] GC(425) Pause Young (Concurrent Start) (G1 Evacuation Pause)
[492.117s][info][gc,task     ] GC(425) Using 8 workers of 8 for evacuation
[492.118s][info][gc,phases   ] GC(425)   Pre Evacuate Collection Set: 0.1ms
[492.118s][info][gc,phases   ] GC(425)   Merge Heap Roots: 0.0ms
[492.118s][info][gc,phases   ] GC(425)   Evacuate Collection Set: 0.7ms
[492.118s][info][gc,phases   ] GC(425)   Post Evacuate Collection Set: 0.2ms
[492.118s][info][gc,phases   ] GC(425)   Other: 0.2ms
[492.118s][info][gc,heap     ] GC(425) Eden regions: 31->0(31)
[492.118s][info][gc,heap     ] GC(425) Survivor regions: 1->1(4)
[492.118s][info][gc,heap     ] GC(425) Old regions: 34->34
[492.118s][info][gc,heap     ] GC(425) Archive regions: 2->2
[492.118s][info][gc,heap     ] GC(425) Humongous regions: 0->0
[492.118s][info][gc,metaspace] GC(425) Metaspace: 46554K(47824K)->46554K(47824K) NonClass: 40947K(41808K)->40947K(41808K) Class: 5607K(6016K)->5607K(6016K)
[492.118s][info][gc          ] GC(425) Pause Young (Concurrent Start) (G1 Evacuation Pause) 65M->34M(77M) 1.251ms
[492.118s][info][gc,cpu      ] GC(425) User=0.00s Sys=0.00s Real=0.00s
[492.118s][info][gc          ] GC(426) Concurrent Cycle
[492.118s][info][gc,marking  ] GC(426) Concurrent Clear Claimed Marks
[492.118s][info][gc,marking  ] GC(426) Concurrent Clear Claimed Marks 0.037ms
[492.118s][info][gc,marking  ] GC(426) Concurrent Scan Root Regions
[492.119s][info][gc,marking  ] GC(426) Concurrent Scan Root Regions 0.881ms
[492.119s][info][gc,marking  ] GC(426) Concurrent Mark (492.119s)
[492.119s][info][gc,marking  ] GC(426) Concurrent Mark From Roots
[492.119s][info][gc,task     ] GC(426) Using 2 workers of 2 for marking
[492.164s][info][gc,marking  ] GC(426) Concurrent Mark From Roots 45.365ms
[492.164s][info][gc,marking  ] GC(426) Concurrent Preclean
[492.164s][info][gc,marking  ] GC(426) Concurrent Preclean 0.110ms
[492.164s][info][gc,marking  ] GC(426) Concurrent Mark (492.119s, 492.164s) 45.595ms
[492.165s][info][gc,start    ] GC(426) Pause Remark
[492.167s][info][gc          ] GC(426) Pause Remark 39M->39M(77M) 2.318ms
[492.167s][info][gc,cpu      ] GC(426) User=0.01s Sys=0.00s Real=0.00s
[492.167s][info][gc,marking  ] GC(426) Concurrent Rebuild Remembered Sets
[492.200s][info][gc,marking  ] GC(426) Concurrent Rebuild Remembered Sets 33.079ms
[492.200s][info][gc,start    ] GC(426) Pause Cleanup
[492.201s][info][gc          ] GC(426) Pause Cleanup 44M->44M(77M) 0.085ms
[492.201s][info][gc,cpu      ] GC(426) User=0.00s Sys=0.00s Real=0.00s
[492.201s][info][gc,marking  ] GC(426) Concurrent Cleanup for Next Mark
[492.201s][info][gc,marking  ] GC(426) Concurrent Cleanup for Next Mark 0.148ms
[492.201s][info][gc          ] GC(426) Concurrent Cycle 83.091ms
[492.340s][info][gc,start    ] GC(427) Pause Young (Normal) (G1 Evacuation Pause)
[492.340s][info][gc,task     ] GC(427) Using 8 workers of 8 for evacuation
[492.341s][info][gc,phases   ] GC(427)   Pre Evacuate Collection Set: 0.1ms
[492.341s][info][gc,phases   ] GC(427)   Merge Heap Roots: 0.0ms
[492.341s][info][gc,phases   ] GC(427)   Evacuate Collection Set: 0.7ms
[492.341s][info][gc,phases   ] GC(427)   Post Evacuate Collection Set: 0.3ms
[492.341s][info][gc,phases   ] GC(427)   Other: 0.3ms
[492.341s][info][gc,heap     ] GC(427) Eden regions: 31->0(31)
[492.341s][info][gc,heap     ] GC(427) Survivor regions: 1->1(4)
[492.341s][info][gc,heap     ] GC(427) Old regions: 34->34
[492.341s][info][gc,heap     ] GC(427) Archive regions: 2->2
[492.341s][info][gc,heap     ] GC(427) Humongous regions: 0->0
[492.341s][info][gc,metaspace] GC(427) Metaspace: 46554K(47824K)->46554K(47824K) NonClass: 40947K(41808K)->40947K(41808K) Class: 5607K(6016K)->5607K(6016K)
[492.341s][info][gc          ] GC(427) Pause Young (Normal) (G1 Evacuation Pause) 65M->34M(77M) 1.501ms
[492.342s][info][gc,cpu      ] GC(427) User=0.00s Sys=0.00s Real=0.00s
[492.533s][info][gc,start    ] GC(428) Pause Young (Concurrent Start) (G1 Evacuation Pause)
[492.533s][info][gc,task     ] GC(428) Using 8 workers of 8 for evacuation
[492.534s][info][gc,phases   ] GC(428)   Pre Evacuate Collection Set: 0.1ms
[492.534s][info][gc,phases   ] GC(428)   Merge Heap Roots: 0.0ms
[492.534s][info][gc,phases   ] GC(428)   Evacuate Collection Set: 0.6ms
[492.534s][info][gc,phases   ] GC(428)   Post Evacuate Collection Set: 0.2ms
[492.534s][info][gc,phases   ] GC(428)   Other: 0.1ms
[492.534s][info][gc,heap     ] GC(428) Eden regions: 31->0(31)
[492.534s][info][gc,heap     ] GC(428) Survivor regions: 1->1(4)
[492.534s][info][gc,heap     ] GC(428) Old regions: 34->34
[492.534s][info][gc,heap     ] GC(428) Archive regions: 2->2
[492.534s][info][gc,heap     ] GC(428) Humongous regions: 0->0
[492.534s][info][gc,metaspace] GC(428) Metaspace: 46554K(47824K)->46554K(47824K) NonClass: 40947K(41808K)->40947K(41808K) Class: 5607K(6016K)->5607K(6016K)
[492.534s][info][gc          ] GC(428) Pause Young (Concurrent Start) (G1 Evacuation Pause) 65M->34M(77M) 1.151ms
[492.534s][info][gc,cpu      ] GC(428) User=0.00s Sys=0.00s Real=0.01s
[492.534s][info][gc          ] GC(429) Concurrent Cycle
[492.534s][info][gc,marking  ] GC(429) Concurrent Clear Claimed Marks
[492.534s][info][gc,marking  ] GC(429) Concurrent Clear Claimed Marks 0.023ms
[492.534s][info][gc,marking  ] GC(429) Concurrent Scan Root Regions
[492.535s][info][gc,marking  ] GC(429) Concurrent Scan Root Regions 1.140ms
[492.535s][info][gc,marking  ] GC(429) Concurrent Mark (492.535s)
[492.535s][info][gc,marking  ] GC(429) Concurrent Mark From Roots
[492.535s][info][gc,task     ] GC(429) Using 2 workers of 2 for marking
[492.562s][info][gc,marking  ] GC(429) Concurrent Mark From Roots 26.497ms
[492.562s][info][gc,marking  ] GC(429) Concurrent Preclean
[492.562s][info][gc,marking  ] GC(429) Concurrent Preclean 0.204ms
[492.562s][info][gc,marking  ] GC(429) Concurrent Mark (492.535s, 492.562s) 26.799ms
[492.563s][info][gc,start    ] GC(429) Pause Remark
[492.565s][info][gc          ] GC(429) Pause Remark 38M->38M(77M) 2.081ms
[492.565s][info][gc,cpu      ] GC(429) User=0.01s Sys=0.01s Real=0.01s
[492.565s][info][gc,marking  ] GC(429) Concurrent Rebuild Remembered Sets
[492.580s][info][gc,marking  ] GC(429) Concurrent Rebuild Remembered Sets 15.288ms
[492.580s][info][gc,start    ] GC(429) Pause Cleanup
[492.580s][info][gc          ] GC(429) Pause Cleanup 41M->41M(77M) 0.102ms
[492.580s][info][gc,cpu      ] GC(429) User=0.00s Sys=0.00s Real=0.00s
[492.580s][info][gc,marking  ] GC(429) Concurrent Cleanup for Next Mark
[492.581s][info][gc,marking  ] GC(429) Concurrent Cleanup for Next Mark 0.140ms
[492.581s][info][gc          ] GC(429) Concurrent Cycle 46.668ms
[492.723s][info][gc,start    ] GC(430) Pause Young (Normal) (G1 Evacuation Pause)
[492.723s][info][gc,task     ] GC(430) Using 8 workers of 8 for evacuation
[492.724s][info][gc,phases   ] GC(430)   Pre Evacuate Collection Set: 0.0ms
[492.724s][info][gc,phases   ] GC(430)   Merge Heap Roots: 0.0ms
[492.724s][info][gc,phases   ] GC(430)   Evacuate Collection Set: 0.6ms
[492.724s][info][gc,phases   ] GC(430)   Post Evacuate Collection Set: 0.2ms
[492.724s][info][gc,phases   ] GC(430)   Other: 0.2ms
[492.724s][info][gc,heap     ] GC(430) Eden regions: 31->0(31)
[492.724s][info][gc,heap     ] GC(430) Survivor regions: 1->1(4)
[492.724s][info][gc,heap     ] GC(430) Old regions: 34->34
[492.724s][info][gc,heap     ] GC(430) Archive regions: 2->2
[492.724s][info][gc,heap     ] GC(430) Humongous regions: 0->0
[492.724s][info][gc,metaspace] GC(430) Metaspace: 46554K(47824K)->46554K(47824K) NonClass: 40947K(41808K)->40947K(41808K) Class: 5607K(6016K)->5607K(6016K)
[492.724s][info][gc          ] GC(430) Pause Young (Normal) (G1 Evacuation Pause) 65M->34M(77M) 1.189ms
[492.724s][info][gc,cpu      ] GC(430) User=0.01s Sys=0.00s Real=0.01s
[492.911s][info][gc,start    ] GC(431) Pause Young (Concurrent Start) (G1 Evacuation Pause)
[492.911s][info][gc,task     ] GC(431) Using 8 workers of 8 for evacuation
[492.912s][info][gc,phases   ] GC(431)   Pre Evacuate Collection Set: 0.1ms
[492.912s][info][gc,phases   ] GC(431)   Merge Heap Roots: 0.0ms
[492.912s][info][gc,phases   ] GC(431)   Evacuate Collection Set: 0.5ms
[492.912s][info][gc,phases   ] GC(431)   Post Evacuate Collection Set: 0.2ms
[492.912s][info][gc,phases   ] GC(431)   Other: 0.1ms
[492.912s][info][gc,heap     ] GC(431) Eden regions: 31->0(31)
[492.912s][info][gc,heap     ] GC(431) Survivor regions: 1->1(4)
[492.912s][info][gc,heap     ] GC(431) Old regions: 34->34
[492.912s][info][gc,heap     ] GC(431) Archive regions: 2->2
[492.912s][info][gc,heap     ] GC(431) Humongous regions: 0->0
[492.912s][info][gc,metaspace] GC(431) Metaspace: 46554K(47824K)->46554K(47824K) NonClass: 40947K(41808K)->40947K(41808K) Class: 5607K(6016K)->5607K(6016K)
[492.912s][info][gc          ] GC(431) Pause Young (Concurrent Start) (G1 Evacuation Pause) 65M->35M(77M) 0.971ms
[492.912s][info][gc,cpu      ] GC(431) User=0.00s Sys=0.00s Real=0.00s
[492.912s][info][gc          ] GC(432) Concurrent Cycle
[492.912s][info][gc,marking  ] GC(432) Concurrent Clear Claimed Marks
[492.912s][info][gc,marking  ] GC(432) Concurrent Clear Claimed Marks 0.028ms
[492.912s][info][gc,marking  ] GC(432) Concurrent Scan Root Regions
[492.913s][info][gc,marking  ] GC(432) Concurrent Scan Root Regions 1.000ms
[492.913s][info][gc,marking  ] GC(432) Concurrent Mark (492.913s)
[492.913s][info][gc,marking  ] GC(432) Concurrent Mark From Roots
[492.913s][info][gc,task     ] GC(432) Using 2 workers of 2 for marking
[492.942s][info][gc,marking  ] GC(432) Concurrent Mark From Roots 28.672ms
[492.942s][info][gc,marking  ] GC(432) Concurrent Preclean
[492.942s][info][gc,marking  ] GC(432) Concurrent Preclean 0.113ms
[492.942s][info][gc,marking  ] GC(432) Concurrent Mark (492.913s, 492.942s) 28.860ms
[492.942s][info][gc,start    ] GC(432) Pause Remark
[492.945s][info][gc          ] GC(432) Pause Remark 37M->37M(77M) 2.307ms
[492.945s][info][gc,cpu      ] GC(432) User=0.02s Sys=0.00s Real=0.01s
[492.945s][info][gc,marking  ] GC(432) Concurrent Rebuild Remembered Sets
[492.962s][info][gc,marking  ] GC(432) Concurrent Rebuild Remembered Sets 17.626ms
[492.963s][info][gc,start    ] GC(432) Pause Cleanup
[492.963s][info][gc          ] GC(432) Pause Cleanup 39M->39M(77M) 0.078ms
[492.963s][info][gc,cpu      ] GC(432) User=0.00s Sys=0.00s Real=0.00s
[492.963s][info][gc,marking  ] GC(432) Concurrent Cleanup for Next Mark
[492.963s][info][gc,marking  ] GC(432) Concurrent Cleanup for Next Mark 0.131ms
[492.963s][info][gc          ] GC(432) Concurrent Cycle 50.725ms
[493.209s][info][gc,start    ] GC(433) Pause Young (Normal) (G1 Evacuation Pause)
[493.209s][info][gc,task     ] GC(433) Using 8 workers of 8 for evacuation
[493.210s][info][gc,phases   ] GC(433)   Pre Evacuate Collection Set: 0.1ms
[493.210s][info][gc,phases   ] GC(433)   Merge Heap Roots: 0.0ms
[493.210s][info][gc,phases   ] GC(433)   Evacuate Collection Set: 0.5ms
[493.210s][info][gc,phases   ] GC(433)   Post Evacuate Collection Set: 0.3ms
[493.210s][info][gc,phases   ] GC(433)   Other: 0.2ms
[493.210s][info][gc,heap     ] GC(433) Eden regions: 31->0(31)
[493.210s][info][gc,heap     ] GC(433) Survivor regions: 1->1(4)
[493.210s][info][gc,heap     ] GC(433) Old regions: 34->34
[493.210s][info][gc,heap     ] GC(433) Archive regions: 2->2
[493.210s][info][gc,heap     ] GC(433) Humongous regions: 0->0
[493.210s][info][gc,metaspace] GC(433) Metaspace: 46554K(47824K)->46554K(47824K) NonClass: 40947K(41808K)->40947K(41808K) Class: 5607K(6016K)->5607K(6016K)
[493.210s][info][gc          ] GC(433) Pause Young (Normal) (G1 Evacuation Pause) 66M->35M(77M) 1.221ms
[493.210s][info][gc,cpu      ] GC(433) User=0.00s Sys=0.00s Real=0.00s
[493.482s][info][gc,start    ] GC(434) Pause Young (Concurrent Start) (G1 Evacuation Pause)
[493.482s][info][gc,task     ] GC(434) Using 8 workers of 8 for evacuation
[493.483s][info][gc,phases   ] GC(434)   Pre Evacuate Collection Set: 0.1ms
[493.483s][info][gc,phases   ] GC(434)   Merge Heap Roots: 0.0ms
[493.483s][info][gc,phases   ] GC(434)   Evacuate Collection Set: 0.6ms
[493.483s][info][gc,phases   ] GC(434)   Post Evacuate Collection Set: 0.3ms
[493.483s][info][gc,phases   ] GC(434)   Other: 0.2ms
[493.483s][info][gc,heap     ] GC(434) Eden regions: 31->0(31)
[493.483s][info][gc,heap     ] GC(434) Survivor regions: 1->1(4)
[493.483s][info][gc,heap     ] GC(434) Old regions: 34->34
[493.483s][info][gc,heap     ] GC(434) Archive regions: 2->2
[493.483s][info][gc,heap     ] GC(434) Humongous regions: 0->0
[493.483s][info][gc,metaspace] GC(434) Metaspace: 46554K(47824K)->46554K(47824K) NonClass: 40947K(41808K)->40947K(41808K) Class: 5607K(6016K)->5607K(6016K)
[493.483s][info][gc          ] GC(434) Pause Young (Concurrent Start) (G1 Evacuation Pause) 66M->35M(77M) 1.319ms
[493.484s][info][gc,cpu      ] GC(434) User=0.00s Sys=0.00s Real=0.01s
[493.484s][info][gc          ] GC(435) Concurrent Cycle
[493.484s][info][gc,marking  ] GC(435) Concurrent Clear Claimed Marks
[493.484s][info][gc,marking  ] GC(435) Concurrent Clear Claimed Marks 0.040ms
[493.484s][info][gc,marking  ] GC(435) Concurrent Scan Root Regions
[493.485s][info][gc,marking  ] GC(435) Concurrent Scan Root Regions 1.235ms
[493.485s][info][gc,marking  ] GC(435) Concurrent Mark (493.485s)
[493.485s][info][gc,marking  ] GC(435) Concurrent Mark From Roots
[493.485s][info][gc,task     ] GC(435) Using 2 workers of 2 for marking
[493.514s][info][gc,marking  ] GC(435) Concurrent Mark From Roots 29.478ms
[493.514s][info][gc,marking  ] GC(435) Concurrent Preclean
[493.515s][info][gc,marking  ] GC(435) Concurrent Preclean 0.155ms
[493.515s][info][gc,marking  ] GC(435) Concurrent Mark (493.485s, 493.515s) 29.709ms
[493.515s][info][gc,start    ] GC(435) Pause Remark
[493.517s][info][gc          ] GC(435) Pause Remark 38M->38M(77M) 2.010ms
[493.517s][info][gc,cpu      ] GC(435) User=0.01s Sys=0.01s Real=0.00s
[493.517s][info][gc,marking  ] GC(435) Concurrent Rebuild Remembered Sets
[493.535s][info][gc,marking  ] GC(435) Concurrent Rebuild Remembered Sets 17.459ms
[493.535s][info][gc,start    ] GC(435) Pause Cleanup
[493.535s][info][gc          ] GC(435) Pause Cleanup 39M->39M(77M) 0.088ms
[493.535s][info][gc,cpu      ] GC(435) User=0.00s Sys=0.00s Real=0.00s
[493.535s][info][gc,marking  ] GC(435) Concurrent Cleanup for Next Mark
[493.535s][info][gc,marking  ] GC(435) Concurrent Cleanup for Next Mark 0.171ms
[493.535s][info][gc          ] GC(435) Concurrent Cycle 51.862ms
[493.689s][info][gc,start    ] GC(436) Pause Young (Normal) (G1 Evacuation Pause)
[493.690s][info][gc,task     ] GC(436) Using 8 workers of 8 for evacuation
[493.691s][info][gc,phases   ] GC(436)   Pre Evacuate Collection Set: 0.1ms
[493.691s][info][gc,phases   ] GC(436)   Merge Heap Roots: 0.0ms
[493.691s][info][gc,phases   ] GC(436)   Evacuate Collection Set: 1.0ms
[493.691s][info][gc,phases   ] GC(436)   Post Evacuate Collection Set: 0.3ms
[493.691s][info][gc,phases   ] GC(436)   Other: 0.3ms
[493.691s][info][gc,heap     ] GC(436) Eden regions: 31->0(31)
[493.691s][info][gc,heap     ] GC(436) Survivor regions: 1->1(4)
[493.691s][info][gc,heap     ] GC(436) Old regions: 34->34
[493.691s][info][gc,heap     ] GC(436) Archive regions: 2->2
[493.691s][info][gc,heap     ] GC(436) Humongous regions: 0->0
[493.691s][info][gc,metaspace] GC(436) Metaspace: 46554K(47824K)->46554K(47824K) NonClass: 40947K(41808K)->40947K(41808K) Class: 5607K(6016K)->5607K(6016K)
[493.691s][info][gc          ] GC(436) Pause Young (Normal) (G1 Evacuation Pause) 66M->35M(77M) 1.869ms
[493.691s][info][gc,cpu      ] GC(436) User=0.00s Sys=0.00s Real=0.00s
[493.873s][info][gc,start    ] GC(437) Pause Young (Concurrent Start) (G1 Evacuation Pause)
[493.873s][info][gc,task     ] GC(437) Using 8 workers of 8 for evacuation
[493.874s][info][gc,phases   ] GC(437)   Pre Evacuate Collection Set: 0.1ms
[493.874s][info][gc,phases   ] GC(437)   Merge Heap Roots: 0.0ms
[493.874s][info][gc,phases   ] GC(437)   Evacuate Collection Set: 0.5ms
[493.874s][info][gc,phases   ] GC(437)   Post Evacuate Collection Set: 0.2ms
[493.874s][info][gc,phases   ] GC(437)   Other: 0.1ms
[493.874s][info][gc,heap     ] GC(437) Eden regions: 31->0(31)
[493.874s][info][gc,heap     ] GC(437) Survivor regions: 1->1(4)
[493.874s][info][gc,heap     ] GC(437) Old regions: 34->34
[493.874s][info][gc,heap     ] GC(437) Archive regions: 2->2
[493.874s][info][gc,heap     ] GC(437) Humongous regions: 0->0
[493.874s][info][gc,metaspace] GC(437) Metaspace: 46554K(47824K)->46554K(47824K) NonClass: 40947K(41808K)->40947K(41808K) Class: 5607K(6016K)->5607K(6016K)
[493.874s][info][gc          ] GC(437) Pause Young (Concurrent Start) (G1 Evacuation Pause) 66M->35M(77M) 1.044ms
[493.874s][info][gc,cpu      ] GC(437) User=0.00s Sys=0.00s Real=0.01s
[493.874s][info][gc          ] GC(438) Concurrent Cycle
[493.874s][info][gc,marking  ] GC(438) Concurrent Clear Claimed Marks
[493.874s][info][gc,marking  ] GC(438) Concurrent Clear Claimed Marks 0.032ms
[493.874s][info][gc,marking  ] GC(438) Concurrent Scan Root Regions
[493.875s][info][gc,marking  ] GC(438) Concurrent Scan Root Regions 0.625ms
[493.875s][info][gc,marking  ] GC(438) Concurrent Mark (493.875s)
[493.875s][info][gc,marking  ] GC(438) Concurrent Mark From Roots
[493.875s][info][gc,task     ] GC(438) Using 2 workers of 2 for marking
[493.903s][info][gc,marking  ] GC(438) Concurrent Mark From Roots 28.470ms
[493.903s][info][gc,marking  ] GC(438) Concurrent Preclean
[493.903s][info][gc,marking  ] GC(438) Concurrent Preclean 0.113ms
[493.903s][info][gc,marking  ] GC(438) Concurrent Mark (493.875s, 493.903s) 28.689ms
[493.903s][info][gc,start    ] GC(438) Pause Remark
[493.906s][info][gc          ] GC(438) Pause Remark 38M->38M(77M) 2.076ms
[493.906s][info][gc,cpu      ] GC(438) User=0.01s Sys=0.00s Real=0.00s
[493.906s][info][gc,marking  ] GC(438) Concurrent Rebuild Remembered Sets
[493.922s][info][gc,marking  ] GC(438) Concurrent Rebuild Remembered Sets 15.973ms
[493.922s][info][gc,start    ] GC(438) Pause Cleanup
[493.922s][info][gc          ] GC(438) Pause Cleanup 40M->40M(77M) 0.105ms
[493.922s][info][gc,cpu      ] GC(438) User=0.00s Sys=0.00s Real=0.00s
[493.922s][info][gc,marking  ] GC(438) Concurrent Cleanup for Next Mark
[493.922s][info][gc,marking  ] GC(438) Concurrent Cleanup for Next Mark 0.154ms
[493.922s][info][gc          ] GC(438) Concurrent Cycle 48.260ms
[494.110s][info][gc,start    ] GC(439) Pause Young (Normal) (G1 Evacuation Pause)
[494.110s][info][gc,task     ] GC(439) Using 8 workers of 8 for evacuation
[494.111s][info][gc,phases   ] GC(439)   Pre Evacuate Collection Set: 0.0ms
[494.111s][info][gc,phases   ] GC(439)   Merge Heap Roots: 0.0ms
[494.111s][info][gc,phases   ] GC(439)   Evacuate Collection Set: 0.6ms
[494.111s][info][gc,phases   ] GC(439)   Post Evacuate Collection Set: 0.2ms
[494.111s][info][gc,phases   ] GC(439)   Other: 0.1ms
[494.111s][info][gc,heap     ] GC(439) Eden regions: 31->0(31)
[494.111s][info][gc,heap     ] GC(439) Survivor regions: 1->1(4)
[494.111s][info][gc,heap     ] GC(439) Old regions: 34->34
[494.111s][info][gc,heap     ] GC(439) Archive regions: 2->2
[494.111s][info][gc,heap     ] GC(439) Humongous regions: 0->0
[494.111s][info][gc,metaspace] GC(439) Metaspace: 46554K(47824K)->46554K(47824K) NonClass: 40947K(41808K)->40947K(41808K) Class: 5607K(6016K)->5607K(6016K)
[494.111s][info][gc          ] GC(439) Pause Young (Normal) (G1 Evacuation Pause) 66M->35M(77M) 1.039ms
[494.111s][info][gc,cpu      ] GC(439) User=0.00s Sys=0.00s Real=0.00s
[494.297s][info][gc,start    ] GC(440) Pause Young (Concurrent Start) (G1 Evacuation Pause)
[494.297s][info][gc,task     ] GC(440) Using 8 workers of 8 for evacuation
[494.298s][info][gc,phases   ] GC(440)   Pre Evacuate Collection Set: 0.1ms
[494.298s][info][gc,phases   ] GC(440)   Merge Heap Roots: 0.0ms
[494.298s][info][gc,phases   ] GC(440)   Evacuate Collection Set: 0.7ms
[494.298s][info][gc,phases   ] GC(440)   Post Evacuate Collection Set: 0.2ms
[494.298s][info][gc,phases   ] GC(440)   Other: 0.2ms
[494.298s][info][gc,heap     ] GC(440) Eden regions: 31->0(31)
[494.298s][info][gc,heap     ] GC(440) Survivor regions: 1->1(4)
[494.298s][info][gc,heap     ] GC(440) Old regions: 34->34
[494.298s][info][gc,heap     ] GC(440) Archive regions: 2->2
[494.298s][info][gc,heap     ] GC(440) Humongous regions: 0->0
[494.298s][info][gc,metaspace] GC(440) Metaspace: 46554K(47824K)->46554K(47824K) NonClass: 40947K(41808K)->40947K(41808K) Class: 5607K(6016K)->5607K(6016K)
[494.298s][info][gc          ] GC(440) Pause Young (Concurrent Start) (G1 Evacuation Pause) 66M->35M(77M) 1.253ms
[494.298s][info][gc,cpu      ] GC(440) User=0.00s Sys=0.00s Real=0.00s
[494.298s][info][gc          ] GC(441) Concurrent Cycle
[494.298s][info][gc,marking  ] GC(441) Concurrent Clear Claimed Marks
[494.298s][info][gc,marking  ] GC(441) Concurrent Clear Claimed Marks 0.048ms
[494.298s][info][gc,marking  ] GC(441) Concurrent Scan Root Regions
[494.299s][info][gc,marking  ] GC(441) Concurrent Scan Root Regions 0.953ms
[494.299s][info][gc,marking  ] GC(441) Concurrent Mark (494.299s)
[494.299s][info][gc,marking  ] GC(441) Concurrent Mark From Roots
[494.299s][info][gc,task     ] GC(441) Using 2 workers of 2 for marking
[494.327s][info][gc,marking  ] GC(441) Concurrent Mark From Roots 27.589ms
[494.327s][info][gc,marking  ] GC(441) Concurrent Preclean
[494.327s][info][gc,marking  ] GC(441) Concurrent Preclean 0.113ms
[494.327s][info][gc,marking  ] GC(441) Concurrent Mark (494.299s, 494.327s) 27.772ms
[494.327s][info][gc,start    ] GC(441) Pause Remark
[494.329s][info][gc          ] GC(441) Pause Remark 38M->38M(77M) 1.883ms
[494.329s][info][gc,cpu      ] GC(441) User=0.01s Sys=0.00s Real=0.00s
[494.329s][info][gc,marking  ] GC(441) Concurrent Rebuild Remembered Sets
[494.347s][info][gc,marking  ] GC(441) Concurrent Rebuild Remembered Sets 17.762ms
[494.347s][info][gc,start    ] GC(441) Pause Cleanup
[494.347s][info][gc          ] GC(441) Pause Cleanup 41M->41M(77M) 0.075ms
[494.347s][info][gc,cpu      ] GC(441) User=0.00s Sys=0.00s Real=0.00s
[494.347s][info][gc,marking  ] GC(441) Concurrent Cleanup for Next Mark
[494.347s][info][gc,marking  ] GC(441) Concurrent Cleanup for Next Mark 0.174ms
[494.347s][info][gc          ] GC(441) Concurrent Cycle 49.259ms
[494.484s][info][gc,start    ] GC(442) Pause Young (Normal) (G1 Evacuation Pause)
[494.484s][info][gc,task     ] GC(442) Using 8 workers of 8 for evacuation
[494.485s][info][gc,phases   ] GC(442)   Pre Evacuate Collection Set: 0.1ms
[494.485s][info][gc,phases   ] GC(442)   Merge Heap Roots: 0.1ms
[494.485s][info][gc,phases   ] GC(442)   Evacuate Collection Set: 0.5ms
[494.485s][info][gc,phases   ] GC(442)   Post Evacuate Collection Set: 0.2ms
[494.485s][info][gc,phases   ] GC(442)   Other: 0.2ms
[494.485s][info][gc,heap     ] GC(442) Eden regions: 31->0(31)
[494.485s][info][gc,heap     ] GC(442) Survivor regions: 1->1(4)
[494.485s][info][gc,heap     ] GC(442) Old regions: 34->34
[494.485s][info][gc,heap     ] GC(442) Archive regions: 2->2
[494.485s][info][gc,heap     ] GC(442) Humongous regions: 0->0
[494.485s][info][gc,metaspace] GC(442) Metaspace: 46554K(47824K)->46554K(47824K) NonClass: 40947K(41808K)->40947K(41808K) Class: 5607K(6016K)->5607K(6016K)
[494.485s][info][gc          ] GC(442) Pause Young (Normal) (G1 Evacuation Pause) 66M->35M(77M) 1.151ms
[494.485s][info][gc,cpu      ] GC(442) User=0.00s Sys=0.00s Real=0.00s
[494.657s][info][gc,start    ] GC(443) Pause Young (Concurrent Start) (G1 Evacuation Pause)
[494.657s][info][gc,task     ] GC(443) Using 8 workers of 8 for evacuation
[494.659s][info][gc,phases   ] GC(443)   Pre Evacuate Collection Set: 0.1ms
[494.659s][info][gc,phases   ] GC(443)   Merge Heap Roots: 0.0ms
[494.659s][info][gc,phases   ] GC(443)   Evacuate Collection Set: 1.0ms
[494.659s][info][gc,phases   ] GC(443)   Post Evacuate Collection Set: 0.3ms
[494.659s][info][gc,phases   ] GC(443)   Other: 0.3ms
[494.659s][info][gc,heap     ] GC(443) Eden regions: 31->0(31)
[494.659s][info][gc,heap     ] GC(443) Survivor regions: 1->1(4)
[494.659s][info][gc,heap     ] GC(443) Old regions: 34->34
[494.659s][info][gc,heap     ] GC(443) Archive regions: 2->2
[494.659s][info][gc,heap     ] GC(443) Humongous regions: 0->0
[494.659s][info][gc,metaspace] GC(443) Metaspace: 46554K(47824K)->46554K(47824K) NonClass: 40947K(41808K)->40947K(41808K) Class: 5607K(6016K)->5607K(6016K)
[494.659s][info][gc          ] GC(443) Pause Young (Concurrent Start) (G1 Evacuation Pause) 66M->35M(77M) 1.890ms
[494.659s][info][gc,cpu      ] GC(443) User=0.00s Sys=0.00s Real=0.00s
[494.659s][info][gc          ] GC(444) Concurrent Cycle
[494.659s][info][gc,marking  ] GC(444) Concurrent Clear Claimed Marks
[494.659s][info][gc,marking  ] GC(444) Concurrent Clear Claimed Marks 0.039ms
[494.659s][info][gc,marking  ] GC(444) Concurrent Scan Root Regions
[494.661s][info][gc,marking  ] GC(444) Concurrent Scan Root Regions 1.182ms
[494.661s][info][gc,marking  ] GC(444) Concurrent Mark (494.661s)
[494.661s][info][gc,marking  ] GC(444) Concurrent Mark From Roots
[494.661s][info][gc,task     ] GC(444) Using 2 workers of 2 for marking
[494.689s][info][gc,marking  ] GC(444) Concurrent Mark From Roots 28.363ms
[494.689s][info][gc,marking  ] GC(444) Concurrent Preclean
[494.689s][info][gc,marking  ] GC(444) Concurrent Preclean 0.105ms
[494.689s][info][gc,marking  ] GC(444) Concurrent Mark (494.661s, 494.689s) 28.532ms
[494.694s][info][gc,start    ] GC(444) Pause Remark
[494.696s][info][gc          ] GC(444) Pause Remark 39M->39M(77M) 2.348ms
[494.696s][info][gc,cpu      ] GC(444) User=0.01s Sys=0.00s Real=0.00s
[494.696s][info][gc,marking  ] GC(444) Concurrent Rebuild Remembered Sets
[494.714s][info][gc,marking  ] GC(444) Concurrent Rebuild Remembered Sets 18.058ms
[494.715s][info][gc,start    ] GC(444) Pause Cleanup
[494.715s][info][gc          ] GC(444) Pause Cleanup 41M->41M(77M) 0.097ms
[494.715s][info][gc,cpu      ] GC(444) User=0.00s Sys=0.00s Real=0.00s
[494.716s][info][gc,marking  ] GC(444) Concurrent Cleanup for Next Mark
[494.716s][info][gc,marking  ] GC(444) Concurrent Cleanup for Next Mark 0.145ms
[494.716s][info][gc          ] GC(444) Concurrent Cycle 56.512ms
[494.874s][info][gc,start    ] GC(445) Pause Young (Normal) (G1 Evacuation Pause)
[494.874s][info][gc,task     ] GC(445) Using 8 workers of 8 for evacuation
[494.875s][info][gc,phases   ] GC(445)   Pre Evacuate Collection Set: 0.0ms
[494.875s][info][gc,phases   ] GC(445)   Merge Heap Roots: 0.0ms
[494.875s][info][gc,phases   ] GC(445)   Evacuate Collection Set: 0.6ms
[494.875s][info][gc,phases   ] GC(445)   Post Evacuate Collection Set: 0.2ms
[494.875s][info][gc,phases   ] GC(445)   Other: 0.1ms
[494.875s][info][gc,heap     ] GC(445) Eden regions: 31->0(31)
[494.875s][info][gc,heap     ] GC(445) Survivor regions: 1->1(4)
[494.875s][info][gc,heap     ] GC(445) Old regions: 34->34
[494.875s][info][gc,heap     ] GC(445) Archive regions: 2->2
[494.875s][info][gc,heap     ] GC(445) Humongous regions: 0->0
[494.875s][info][gc,metaspace] GC(445) Metaspace: 46555K(47824K)->46555K(47824K) NonClass: 40948K(41808K)->40948K(41808K) Class: 5607K(6016K)->5607K(6016K)
[494.875s][info][gc          ] GC(445) Pause Young (Normal) (G1 Evacuation Pause) 66M->35M(77M) 1.106ms
[494.875s][info][gc,cpu      ] GC(445) User=0.00s Sys=0.00s Real=0.00s
[495.040s][info][gc,start    ] GC(446) Pause Young (Concurrent Start) (G1 Evacuation Pause)
[495.040s][info][gc,task     ] GC(446) Using 8 workers of 8 for evacuation
[495.041s][info][gc,phases   ] GC(446)   Pre Evacuate Collection Set: 0.1ms
[495.041s][info][gc,phases   ] GC(446)   Merge Heap Roots: 0.0ms
[495.041s][info][gc,phases   ] GC(446)   Evacuate Collection Set: 0.6ms
[495.041s][info][gc,phases   ] GC(446)   Post Evacuate Collection Set: 0.3ms
[495.041s][info][gc,phases   ] GC(446)   Other: 0.2ms
[495.041s][info][gc,heap     ] GC(446) Eden regions: 31->0(31)
[495.041s][info][gc,heap     ] GC(446) Survivor regions: 1->1(4)
[495.041s][info][gc,heap     ] GC(446) Old regions: 34->34
[495.041s][info][gc,heap     ] GC(446) Archive regions: 2->2
[495.041s][info][gc,heap     ] GC(446) Humongous regions: 0->0
[495.041s][info][gc,metaspace] GC(446) Metaspace: 46555K(47824K)->46555K(47824K) NonClass: 40948K(41808K)->40948K(41808K) Class: 5607K(6016K)->5607K(6016K)
[495.041s][info][gc          ] GC(446) Pause Young (Concurrent Start) (G1 Evacuation Pause) 66M->35M(77M) 1.257ms
[495.041s][info][gc,cpu      ] GC(446) User=0.01s Sys=0.00s Real=0.00s
[495.041s][info][gc          ] GC(447) Concurrent Cycle
[495.041s][info][gc,marking  ] GC(447) Concurrent Clear Claimed Marks
[495.041s][info][gc,marking  ] GC(447) Concurrent Clear Claimed Marks 0.032ms
[495.041s][info][gc,marking  ] GC(447) Concurrent Scan Root Regions
[495.042s][info][gc,marking  ] GC(447) Concurrent Scan Root Regions 1.284ms
[495.042s][info][gc,marking  ] GC(447) Concurrent Mark (495.042s)
[495.042s][info][gc,marking  ] GC(447) Concurrent Mark From Roots
[495.042s][info][gc,task     ] GC(447) Using 2 workers of 2 for marking
[495.069s][info][gc,marking  ] GC(447) Concurrent Mark From Roots 27.209ms
[495.069s][info][gc,marking  ] GC(447) Concurrent Preclean
[495.070s][info][gc,marking  ] GC(447) Concurrent Preclean 0.101ms
[495.070s][info][gc,marking  ] GC(447) Concurrent Mark (495.042s, 495.070s) 27.378ms
[495.070s][info][gc,start    ] GC(447) Pause Remark
[495.071s][info][gc          ] GC(447) Pause Remark 39M->39M(77M) 1.671ms
[495.071s][info][gc,cpu      ] GC(447) User=0.01s Sys=0.00s Real=0.00s
[495.072s][info][gc,marking  ] GC(447) Concurrent Rebuild Remembered Sets
[495.087s][info][gc,marking  ] GC(447) Concurrent Rebuild Remembered Sets 15.659ms
[495.087s][info][gc,start    ] GC(447) Pause Cleanup
[495.088s][info][gc          ] GC(447) Pause Cleanup 41M->41M(77M) 0.152ms
[495.088s][info][gc,cpu      ] GC(447) User=0.00s Sys=0.00s Real=0.00s
[495.088s][info][gc,marking  ] GC(447) Concurrent Cleanup for Next Mark
[495.088s][info][gc,marking  ] GC(447) Concurrent Cleanup for Next Mark 0.115ms
[495.088s][info][gc          ] GC(447) Concurrent Cycle 46.919ms
[495.303s][info][gc,start    ] GC(448) Pause Young (Normal) (G1 Evacuation Pause)
[495.303s][info][gc,task     ] GC(448) Using 8 workers of 8 for evacuation
[495.305s][info][gc,phases   ] GC(448)   Pre Evacuate Collection Set: 0.0ms
[495.305s][info][gc,phases   ] GC(448)   Merge Heap Roots: 0.0ms
[495.305s][info][gc,phases   ] GC(448)   Evacuate Collection Set: 0.9ms
[495.305s][info][gc,phases   ] GC(448)   Post Evacuate Collection Set: 0.2ms
[495.305s][info][gc,phases   ] GC(448)   Other: 0.2ms
[495.305s][info][gc,heap     ] GC(448) Eden regions: 31->0(29)
[495.305s][info][gc,heap     ] GC(448) Survivor regions: 1->2(4)
[495.305s][info][gc,heap     ] GC(448) Old regions: 34->34
[495.305s][info][gc,heap     ] GC(448) Archive regions: 2->2
[495.305s][info][gc,heap     ] GC(448) Humongous regions: 0->0
[495.305s][info][gc,metaspace] GC(448) Metaspace: 47273K(48592K)->47273K(48592K) NonClass: 41569K(42576K)->41569K(42576K) Class: 5703K(6016K)->5703K(6016K)
[495.305s][info][gc          ] GC(448) Pause Young (Normal) (G1 Evacuation Pause) 66M->35M(77M) 1.483ms
[495.305s][info][gc,cpu      ] GC(448) User=0.01s Sys=0.00s Real=0.00s
[495.597s][info][gc,start    ] GC(449) Pause Young (Concurrent Start) (G1 Evacuation Pause)
[495.597s][info][gc,task     ] GC(449) Using 8 workers of 8 for evacuation
[495.600s][info][gc,phases   ] GC(449)   Pre Evacuate Collection Set: 0.1ms
[495.600s][info][gc,phases   ] GC(449)   Merge Heap Roots: 0.1ms
[495.600s][info][gc,phases   ] GC(449)   Evacuate Collection Set: 1.9ms
[495.600s][info][gc,phases   ] GC(449)   Post Evacuate Collection Set: 0.4ms
[495.600s][info][gc,phases   ] GC(449)   Other: 0.2ms
[495.600s][info][gc,heap     ] GC(449) Eden regions: 29->0(28)
[495.600s][info][gc,heap     ] GC(449) Survivor regions: 2->2(4)
[495.600s][info][gc,heap     ] GC(449) Old regions: 34->35
[495.600s][info][gc,heap     ] GC(449) Archive regions: 2->2
[495.600s][info][gc,heap     ] GC(449) Humongous regions: 0->0
[495.600s][info][gc,metaspace] GC(449) Metaspace: 47593K(48720K)->47593K(48720K) NonClass: 41846K(42576K)->41846K(42576K) Class: 5747K(6144K)->5747K(6144K)
[495.600s][info][gc          ] GC(449) Pause Young (Concurrent Start) (G1 Evacuation Pause) 64M->36M(77M) 2.796ms
[495.600s][info][gc,cpu      ] GC(449) User=0.01s Sys=0.00s Real=0.00s
[495.600s][info][gc          ] GC(450) Concurrent Cycle
[495.600s][info][gc,marking  ] GC(450) Concurrent Clear Claimed Marks
[495.600s][info][gc,marking  ] GC(450) Concurrent Clear Claimed Marks 0.065ms
[495.600s][info][gc,marking  ] GC(450) Concurrent Scan Root Regions
[495.602s][info][gc,marking  ] GC(450) Concurrent Scan Root Regions 1.613ms
[495.602s][info][gc,marking  ] GC(450) Concurrent Mark (495.602s)
[495.602s][info][gc,marking  ] GC(450) Concurrent Mark From Roots
[495.602s][info][gc,task     ] GC(450) Using 2 workers of 2 for marking
[495.634s][info][gc,marking  ] GC(450) Concurrent Mark From Roots 32.321ms
[495.634s][info][gc,marking  ] GC(450) Concurrent Preclean
[495.634s][info][gc,marking  ] GC(450) Concurrent Preclean 0.202ms
[495.634s][info][gc,marking  ] GC(450) Concurrent Mark (495.602s, 495.634s) 32.628ms
[495.634s][info][gc,start    ] GC(450) Pause Remark
[495.637s][info][gc          ] GC(450) Pause Remark 38M->38M(77M) 2.057ms
[495.637s][info][gc,cpu      ] GC(450) User=0.02s Sys=0.00s Real=0.00s
[495.637s][info][gc,marking  ] GC(450) Concurrent Rebuild Remembered Sets
[495.657s][info][gc,marking  ] GC(450) Concurrent Rebuild Remembered Sets 20.045ms
[495.657s][info][gc,start    ] GC(450) Pause Cleanup
[495.657s][info][gc          ] GC(450) Pause Cleanup 39M->39M(77M) 0.086ms
[495.657s][info][gc,cpu      ] GC(450) User=0.00s Sys=0.00s Real=0.00s
[495.657s][info][gc,marking  ] GC(450) Concurrent Cleanup for Next Mark
[495.658s][info][gc,marking  ] GC(450) Concurrent Cleanup for Next Mark 0.228ms
[495.658s][info][gc          ] GC(450) Concurrent Cycle 57.829ms
[495.868s][info][gc,start    ] GC(451) Pause Young (Normal) (G1 Evacuation Pause)
[495.868s][info][gc,task     ] GC(451) Using 8 workers of 8 for evacuation
[495.870s][info][gc,phases   ] GC(451)   Pre Evacuate Collection Set: 0.1ms
[495.870s][info][gc,phases   ] GC(451)   Merge Heap Roots: 0.1ms
[495.870s][info][gc,phases   ] GC(451)   Evacuate Collection Set: 2.0ms
[495.871s][info][gc,phases   ] GC(451)   Post Evacuate Collection Set: 0.4ms
[495.871s][info][gc,phases   ] GC(451)   Other: 0.3ms
[495.871s][info][gc,heap     ] GC(451) Eden regions: 28->0(28)
[495.871s][info][gc,heap     ] GC(451) Survivor regions: 2->2(4)
[495.871s][info][gc,heap     ] GC(451) Old regions: 35->35
[495.871s][info][gc,heap     ] GC(451) Archive regions: 2->2
[495.871s][info][gc,heap     ] GC(451) Humongous regions: 0->0
[495.871s][info][gc,metaspace] GC(451) Metaspace: 47593K(48720K)->47593K(48720K) NonClass: 41846K(42576K)->41846K(42576K) Class: 5747K(6144K)->5747K(6144K)
[495.871s][info][gc          ] GC(451) Pause Young (Normal) (G1 Evacuation Pause) 64M->36M(77M) 3.149ms
[495.871s][info][gc,cpu      ] GC(451) User=0.01s Sys=0.00s Real=0.00s
[496.093s][info][gc,start    ] GC(452) Pause Young (Concurrent Start) (G1 Evacuation Pause)
[496.093s][info][gc,task     ] GC(452) Using 8 workers of 8 for evacuation
[496.095s][info][gc,phases   ] GC(452)   Pre Evacuate Collection Set: 0.1ms
[496.095s][info][gc,phases   ] GC(452)   Merge Heap Roots: 0.0ms
[496.095s][info][gc,phases   ] GC(452)   Evacuate Collection Set: 1.3ms
[496.095s][info][gc,phases   ] GC(452)   Post Evacuate Collection Set: 0.2ms
[496.095s][info][gc,phases   ] GC(452)   Other: 0.2ms
[496.095s][info][gc,heap     ] GC(452) Eden regions: 28->0(28)
[496.095s][info][gc,heap     ] GC(452) Survivor regions: 2->2(4)
[496.095s][info][gc,heap     ] GC(452) Old regions: 35->35
[496.095s][info][gc,heap     ] GC(452) Archive regions: 2->2
[496.095s][info][gc,heap     ] GC(452) Humongous regions: 0->0
[496.095s][info][gc,metaspace] GC(452) Metaspace: 47593K(48720K)->47593K(48720K) NonClass: 41846K(42576K)->41846K(42576K) Class: 5747K(6144K)->5747K(6144K)
[496.095s][info][gc          ] GC(452) Pause Young (Concurrent Start) (G1 Evacuation Pause) 64M->36M(77M) 1.976ms
[496.095s][info][gc,cpu      ] GC(452) User=0.00s Sys=0.01s Real=0.00s
[496.095s][info][gc          ] GC(453) Concurrent Cycle
[496.095s][info][gc,marking  ] GC(453) Concurrent Clear Claimed Marks
[496.095s][info][gc,marking  ] GC(453) Concurrent Clear Claimed Marks 0.041ms
[496.095s][info][gc,marking  ] GC(453) Concurrent Scan Root Regions
[496.097s][info][gc,marking  ] GC(453) Concurrent Scan Root Regions 1.598ms
[496.097s][info][gc,marking  ] GC(453) Concurrent Mark (496.097s)
[496.097s][info][gc,marking  ] GC(453) Concurrent Mark From Roots
[496.097s][info][gc,task     ] GC(453) Using 2 workers of 2 for marking
[496.127s][info][gc,marking  ] GC(453) Concurrent Mark From Roots 30.297ms
[496.127s][info][gc,marking  ] GC(453) Concurrent Preclean
[496.127s][info][gc,marking  ] GC(453) Concurrent Preclean 0.114ms
[496.127s][info][gc,marking  ] GC(453) Concurrent Mark (496.097s, 496.127s) 30.486ms
[496.127s][info][gc,start    ] GC(453) Pause Remark
[496.130s][info][gc          ] GC(453) Pause Remark 38M->38M(77M) 2.564ms
[496.130s][info][gc,cpu      ] GC(453) User=0.01s Sys=0.00s Real=0.00s
[496.130s][info][gc,marking  ] GC(453) Concurrent Rebuild Remembered Sets
[496.147s][info][gc,marking  ] GC(453) Concurrent Rebuild Remembered Sets 16.850ms
[496.147s][info][gc,start    ] GC(453) Pause Cleanup
[496.147s][info][gc          ] GC(453) Pause Cleanup 40M->40M(77M) 0.073ms
[496.147s][info][gc,cpu      ] GC(453) User=0.00s Sys=0.00s Real=0.00s
[496.147s][info][gc,marking  ] GC(453) Concurrent Cleanup for Next Mark
[496.147s][info][gc,marking  ] GC(453) Concurrent Cleanup for Next Mark 0.129ms
[496.147s][info][gc          ] GC(453) Concurrent Cycle 52.411ms
[496.345s][info][gc,start    ] GC(454) Pause Young (Normal) (G1 Evacuation Pause)
[496.345s][info][gc,task     ] GC(454) Using 8 workers of 8 for evacuation
[496.347s][info][gc,phases   ] GC(454)   Pre Evacuate Collection Set: 0.1ms
[496.347s][info][gc,phases   ] GC(454)   Merge Heap Roots: 0.0ms
[496.347s][info][gc,phases   ] GC(454)   Evacuate Collection Set: 1.0ms
[496.347s][info][gc,phases   ] GC(454)   Post Evacuate Collection Set: 0.2ms
[496.347s][info][gc,phases   ] GC(454)   Other: 0.1ms
[496.347s][info][gc,heap     ] GC(454) Eden regions: 28->0(28)
[496.347s][info][gc,heap     ] GC(454) Survivor regions: 2->2(4)
[496.347s][info][gc,heap     ] GC(454) Old regions: 35->35
[496.347s][info][gc,heap     ] GC(454) Archive regions: 2->2
[496.347s][info][gc,heap     ] GC(454) Humongous regions: 0->0
[496.347s][info][gc,metaspace] GC(454) Metaspace: 47593K(48720K)->47593K(48720K) NonClass: 41846K(42576K)->41846K(42576K) Class: 5747K(6144K)->5747K(6144K)
[496.347s][info][gc          ] GC(454) Pause Young (Normal) (G1 Evacuation Pause) 64M->36M(77M) 1.535ms
[496.347s][info][gc,cpu      ] GC(454) User=0.01s Sys=0.01s Real=0.00s
[496.559s][info][gc,start    ] GC(455) Pause Young (Concurrent Start) (G1 Evacuation Pause)
[496.559s][info][gc,task     ] GC(455) Using 8 workers of 8 for evacuation
[496.562s][info][gc,phases   ] GC(455)   Pre Evacuate Collection Set: 0.1ms
[496.562s][info][gc,phases   ] GC(455)   Merge Heap Roots: 0.1ms
[496.562s][info][gc,phases   ] GC(455)   Evacuate Collection Set: 1.7ms
[496.562s][info][gc,phases   ] GC(455)   Post Evacuate Collection Set: 0.3ms
[496.562s][info][gc,phases   ] GC(455)   Other: 0.2ms
[496.562s][info][gc,heap     ] GC(455) Eden regions: 28->0(28)
[496.562s][info][gc,heap     ] GC(455) Survivor regions: 2->2(4)
[496.562s][info][gc,heap     ] GC(455) Old regions: 35->35
[496.562s][info][gc,heap     ] GC(455) Archive regions: 2->2
[496.562s][info][gc,heap     ] GC(455) Humongous regions: 0->0
[496.562s][info][gc,metaspace] GC(455) Metaspace: 47593K(48720K)->47593K(48720K) NonClass: 41846K(42576K)->41846K(42576K) Class: 5747K(6144K)->5747K(6144K)
[496.562s][info][gc          ] GC(455) Pause Young (Concurrent Start) (G1 Evacuation Pause) 64M->36M(77M) 2.493ms
[496.562s][info][gc,cpu      ] GC(455) User=0.01s Sys=0.00s Real=0.00s
[496.562s][info][gc          ] GC(456) Concurrent Cycle
[496.562s][info][gc,marking  ] GC(456) Concurrent Clear Claimed Marks
[496.562s][info][gc,marking  ] GC(456) Concurrent Clear Claimed Marks 0.066ms
[496.562s][info][gc,marking  ] GC(456) Concurrent Scan Root Regions
[496.564s][info][gc,marking  ] GC(456) Concurrent Scan Root Regions 1.898ms
[496.564s][info][gc,marking  ] GC(456) Concurrent Mark (496.564s)
[496.564s][info][gc,marking  ] GC(456) Concurrent Mark From Roots
[496.564s][info][gc,task     ] GC(456) Using 2 workers of 2 for marking
[496.594s][info][gc,marking  ] GC(456) Concurrent Mark From Roots 30.159ms
[496.594s][info][gc,marking  ] GC(456) Concurrent Preclean
[496.594s][info][gc,marking  ] GC(456) Concurrent Preclean 0.093ms
[496.594s][info][gc,marking  ] GC(456) Concurrent Mark (496.564s, 496.594s) 30.326ms
[496.594s][info][gc,start    ] GC(456) Pause Remark
[496.596s][info][gc          ] GC(456) Pause Remark 39M->39M(77M) 1.968ms
[496.596s][info][gc,cpu      ] GC(456) User=0.01s Sys=0.00s Real=0.00s
[496.597s][info][gc,marking  ] GC(456) Concurrent Rebuild Remembered Sets
[496.613s][info][gc,marking  ] GC(456) Concurrent Rebuild Remembered Sets 16.539ms
[496.614s][info][gc,start    ] GC(456) Pause Cleanup
[496.614s][info][gc          ] GC(456) Pause Cleanup 41M->41M(77M) 0.107ms
[496.614s][info][gc,cpu      ] GC(456) User=0.00s Sys=0.00s Real=0.00s
[496.614s][info][gc,marking  ] GC(456) Concurrent Cleanup for Next Mark
[496.614s][info][gc,marking  ] GC(456) Concurrent Cleanup for Next Mark 0.166ms
[496.614s][info][gc          ] GC(456) Concurrent Cycle 52.092ms
[496.782s][info][gc,start    ] GC(457) Pause Young (Normal) (G1 Evacuation Pause)
[496.782s][info][gc,task     ] GC(457) Using 8 workers of 8 for evacuation
[496.783s][info][gc,phases   ] GC(457)   Pre Evacuate Collection Set: 0.1ms
[496.783s][info][gc,phases   ] GC(457)   Merge Heap Roots: 0.0ms
[496.783s][info][gc,phases   ] GC(457)   Evacuate Collection Set: 1.0ms
[496.783s][info][gc,phases   ] GC(457)   Post Evacuate Collection Set: 0.3ms
[496.783s][info][gc,phases   ] GC(457)   Other: 0.2ms
[496.783s][info][gc,heap     ] GC(457) Eden regions: 28->0(28)
[496.783s][info][gc,heap     ] GC(457) Survivor regions: 2->2(4)
[496.783s][info][gc,heap     ] GC(457) Old regions: 35->35
[496.783s][info][gc,heap     ] GC(457) Archive regions: 2->2
[496.783s][info][gc,heap     ] GC(457) Humongous regions: 0->0
[496.783s][info][gc,metaspace] GC(457) Metaspace: 47593K(48720K)->47593K(48720K) NonClass: 41846K(42576K)->41846K(42576K) Class: 5747K(6144K)->5747K(6144K)
[496.783s][info][gc          ] GC(457) Pause Young (Normal) (G1 Evacuation Pause) 64M->36M(77M) 1.611ms
[496.783s][info][gc,cpu      ] GC(457) User=0.01s Sys=0.00s Real=0.01s
[496.996s][info][gc,start    ] GC(458) Pause Young (Concurrent Start) (G1 Evacuation Pause)
[496.996s][info][gc,task     ] GC(458) Using 8 workers of 8 for evacuation
[496.998s][info][gc,phases   ] GC(458)   Pre Evacuate Collection Set: 0.1ms
[496.998s][info][gc,phases   ] GC(458)   Merge Heap Roots: 0.0ms
[496.998s][info][gc,phases   ] GC(458)   Evacuate Collection Set: 1.5ms
[496.998s][info][gc,phases   ] GC(458)   Post Evacuate Collection Set: 0.2ms
[496.998s][info][gc,phases   ] GC(458)   Other: 0.2ms
[496.998s][info][gc,heap     ] GC(458) Eden regions: 28->0(28)
[496.998s][info][gc,heap     ] GC(458) Survivor regions: 2->2(4)
[496.998s][info][gc,heap     ] GC(458) Old regions: 35->35
[496.998s][info][gc,heap     ] GC(458) Archive regions: 2->2
[496.998s][info][gc,heap     ] GC(458) Humongous regions: 0->0
[496.998s][info][gc,metaspace] GC(458) Metaspace: 47593K(48720K)->47593K(48720K) NonClass: 41846K(42576K)->41846K(42576K) Class: 5747K(6144K)->5747K(6144K)
[496.998s][info][gc          ] GC(458) Pause Young (Concurrent Start) (G1 Evacuation Pause) 64M->36M(77M) 2.311ms
[496.998s][info][gc,cpu      ] GC(458) User=0.00s Sys=0.00s Real=0.00s
[496.998s][info][gc          ] GC(459) Concurrent Cycle
[496.998s][info][gc,marking  ] GC(459) Concurrent Clear Claimed Marks
[496.999s][info][gc,marking  ] GC(459) Concurrent Clear Claimed Marks 0.044ms
[496.999s][info][gc,marking  ] GC(459) Concurrent Scan Root Regions
[497.000s][info][gc,marking  ] GC(459) Concurrent Scan Root Regions 1.701ms
[497.000s][info][gc,marking  ] GC(459) Concurrent Mark (497.000s)
[497.000s][info][gc,marking  ] GC(459) Concurrent Mark From Roots
[497.000s][info][gc,task     ] GC(459) Using 2 workers of 2 for marking
[497.031s][info][gc,marking  ] GC(459) Concurrent Mark From Roots 30.610ms
[497.031s][info][gc,marking  ] GC(459) Concurrent Preclean
[497.031s][info][gc,marking  ] GC(459) Concurrent Preclean 0.097ms
[497.031s][info][gc,marking  ] GC(459) Concurrent Mark (497.000s, 497.031s) 30.770ms
[497.031s][info][gc,start    ] GC(459) Pause Remark
[497.033s][info][gc          ] GC(459) Pause Remark 38M->38M(77M) 2.095ms
[497.033s][info][gc,cpu      ] GC(459) User=0.01s Sys=0.00s Real=0.01s
[497.033s][info][gc,marking  ] GC(459) Concurrent Rebuild Remembered Sets
[497.052s][info][gc,marking  ] GC(459) Concurrent Rebuild Remembered Sets 18.332ms
[497.052s][info][gc,start    ] GC(459) Pause Cleanup
[497.052s][info][gc          ] GC(459) Pause Cleanup 39M->39M(77M) 0.080ms
[497.052s][info][gc,cpu      ] GC(459) User=0.00s Sys=0.00s Real=0.00s
[497.052s][info][gc,marking  ] GC(459) Concurrent Cleanup for Next Mark
[497.052s][info][gc,marking  ] GC(459) Concurrent Cleanup for Next Mark 0.232ms
[497.052s][info][gc          ] GC(459) Concurrent Cycle 53.889ms
[497.242s][info][gc,start    ] GC(460) Pause Young (Normal) (G1 Evacuation Pause)
[497.242s][info][gc,task     ] GC(460) Using 8 workers of 8 for evacuation
[497.243s][info][gc,phases   ] GC(460)   Pre Evacuate Collection Set: 0.0ms
[497.243s][info][gc,phases   ] GC(460)   Merge Heap Roots: 0.0ms
[497.243s][info][gc,phases   ] GC(460)   Evacuate Collection Set: 1.1ms
[497.243s][info][gc,phases   ] GC(460)   Post Evacuate Collection Set: 0.3ms
[497.243s][info][gc,phases   ] GC(460)   Other: 0.2ms
[497.244s][info][gc,heap     ] GC(460) Eden regions: 28->0(28)
[497.244s][info][gc,heap     ] GC(460) Survivor regions: 2->2(4)
[497.244s][info][gc,heap     ] GC(460) Old regions: 35->35
[497.244s][info][gc,heap     ] GC(460) Archive regions: 2->2
[497.244s][info][gc,heap     ] GC(460) Humongous regions: 0->0
[497.244s][info][gc,metaspace] GC(460) Metaspace: 47593K(48720K)->47593K(48720K) NonClass: 41846K(42576K)->41846K(42576K) Class: 5747K(6144K)->5747K(6144K)
[497.244s][info][gc          ] GC(460) Pause Young (Normal) (G1 Evacuation Pause) 64M->36M(77M) 1.955ms
[497.244s][info][gc,cpu      ] GC(460) User=0.01s Sys=0.00s Real=0.01s
[497.473s][info][gc,start    ] GC(461) Pause Young (Concurrent Start) (G1 Evacuation Pause)
[497.473s][info][gc,task     ] GC(461) Using 8 workers of 8 for evacuation
[497.475s][info][gc,phases   ] GC(461)   Pre Evacuate Collection Set: 0.1ms
[497.475s][info][gc,phases   ] GC(461)   Merge Heap Roots: 0.1ms
[497.475s][info][gc,phases   ] GC(461)   Evacuate Collection Set: 1.2ms
[497.475s][info][gc,phases   ] GC(461)   Post Evacuate Collection Set: 0.3ms
[497.475s][info][gc,phases   ] GC(461)   Other: 0.2ms
[497.475s][info][gc,heap     ] GC(461) Eden regions: 28->0(28)
[497.475s][info][gc,heap     ] GC(461) Survivor regions: 2->2(4)
[497.475s][info][gc,heap     ] GC(461) Old regions: 35->35
[497.475s][info][gc,heap     ] GC(461) Archive regions: 2->2
[497.475s][info][gc,heap     ] GC(461) Humongous regions: 0->0
[497.475s][info][gc,metaspace] GC(461) Metaspace: 47593K(48720K)->47593K(48720K) NonClass: 41846K(42576K)->41846K(42576K) Class: 5747K(6144K)->5747K(6144K)
[497.475s][info][gc          ] GC(461) Pause Young (Concurrent Start) (G1 Evacuation Pause) 64M->36M(77M) 2.047ms
[497.475s][info][gc,cpu      ] GC(461) User=0.00s Sys=0.00s Real=0.00s
[497.475s][info][gc          ] GC(462) Concurrent Cycle
[497.475s][info][gc,marking  ] GC(462) Concurrent Clear Claimed Marks
[497.475s][info][gc,marking  ] GC(462) Concurrent Clear Claimed Marks 0.056ms
[497.475s][info][gc,marking  ] GC(462) Concurrent Scan Root Regions
[497.477s][info][gc,marking  ] GC(462) Concurrent Scan Root Regions 1.870ms
[497.477s][info][gc,marking  ] GC(462) Concurrent Mark (497.477s)
[497.477s][info][gc,marking  ] GC(462) Concurrent Mark From Roots
[497.477s][info][gc,task     ] GC(462) Using 2 workers of 2 for marking
[497.507s][info][gc,marking  ] GC(462) Concurrent Mark From Roots 29.887ms
[497.507s][info][gc,marking  ] GC(462) Concurrent Preclean
[497.507s][info][gc,marking  ] GC(462) Concurrent Preclean 0.105ms
[497.507s][info][gc,marking  ] GC(462) Concurrent Mark (497.477s, 497.507s) 30.073ms
[497.508s][info][gc,start    ] GC(462) Pause Remark
[497.512s][info][gc          ] GC(462) Pause Remark 38M->38M(77M) 3.334ms
[497.512s][info][gc,cpu      ] GC(462) User=0.01s Sys=0.00s Real=0.00s
[497.512s][info][gc,marking  ] GC(462) Concurrent Rebuild Remembered Sets
[497.530s][info][gc,marking  ] GC(462) Concurrent Rebuild Remembered Sets 18.347ms
[497.530s][info][gc,start    ] GC(462) Pause Cleanup
[497.530s][info][gc          ] GC(462) Pause Cleanup 40M->40M(77M) 0.078ms
[497.530s][info][gc,cpu      ] GC(462) User=0.00s Sys=0.00s Real=0.00s
[497.531s][info][gc,marking  ] GC(462) Concurrent Cleanup for Next Mark
[497.531s][info][gc,marking  ] GC(462) Concurrent Cleanup for Next Mark 0.144ms
[497.531s][info][gc          ] GC(462) Concurrent Cycle 55.473ms
[497.742s][info][gc,start    ] GC(463) Pause Young (Normal) (G1 Evacuation Pause)
[497.742s][info][gc,task     ] GC(463) Using 8 workers of 8 for evacuation
[497.744s][info][gc,phases   ] GC(463)   Pre Evacuate Collection Set: 0.1ms
[497.744s][info][gc,phases   ] GC(463)   Merge Heap Roots: 0.0ms
[497.744s][info][gc,phases   ] GC(463)   Evacuate Collection Set: 1.2ms
[497.744s][info][gc,phases   ] GC(463)   Post Evacuate Collection Set: 0.5ms
[497.744s][info][gc,phases   ] GC(463)   Other: 0.2ms
[497.744s][info][gc,heap     ] GC(463) Eden regions: 28->0(28)
[497.744s][info][gc,heap     ] GC(463) Survivor regions: 2->2(4)
[497.744s][info][gc,heap     ] GC(463) Old regions: 35->35
[497.744s][info][gc,heap     ] GC(463) Archive regions: 2->2
[497.744s][info][gc,heap     ] GC(463) Humongous regions: 0->0
[497.744s][info][gc,metaspace] GC(463) Metaspace: 47593K(48720K)->47593K(48720K) NonClass: 41846K(42576K)->41846K(42576K) Class: 5747K(6144K)->5747K(6144K)
[497.744s][info][gc          ] GC(463) Pause Young (Normal) (G1 Evacuation Pause) 64M->36M(77M) 2.007ms
[497.744s][info][gc,cpu      ] GC(463) User=0.01s Sys=0.00s Real=0.01s
[497.947s][info][gc,start    ] GC(464) Pause Young (Concurrent Start) (G1 Evacuation Pause)
[497.947s][info][gc,task     ] GC(464) Using 8 workers of 8 for evacuation
[497.949s][info][gc,phases   ] GC(464)   Pre Evacuate Collection Set: 0.1ms
[497.949s][info][gc,phases   ] GC(464)   Merge Heap Roots: 0.0ms
[497.950s][info][gc,phases   ] GC(464)   Evacuate Collection Set: 1.8ms
[497.950s][info][gc,phases   ] GC(464)   Post Evacuate Collection Set: 0.4ms
[497.950s][info][gc,phases   ] GC(464)   Other: 0.3ms
[497.950s][info][gc,heap     ] GC(464) Eden regions: 28->0(28)
[497.950s][info][gc,heap     ] GC(464) Survivor regions: 2->2(4)
[497.950s][info][gc,heap     ] GC(464) Old regions: 35->35
[497.950s][info][gc,heap     ] GC(464) Archive regions: 2->2
[497.950s][info][gc,heap     ] GC(464) Humongous regions: 0->0
[497.950s][info][gc,metaspace] GC(464) Metaspace: 47595K(48720K)->47595K(48720K) NonClass: 41847K(42576K)->41847K(42576K) Class: 5747K(6144K)->5747K(6144K)
[497.950s][info][gc          ] GC(464) Pause Young (Concurrent Start) (G1 Evacuation Pause) 64M->36M(77M) 2.768ms
[497.950s][info][gc,cpu      ] GC(464) User=0.01s Sys=0.00s Real=0.00s
[497.950s][info][gc          ] GC(465) Concurrent Cycle
[497.950s][info][gc,marking  ] GC(465) Concurrent Clear Claimed Marks
[497.950s][info][gc,marking  ] GC(465) Concurrent Clear Claimed Marks 0.041ms
[497.950s][info][gc,marking  ] GC(465) Concurrent Scan Root Regions
[497.953s][info][gc,marking  ] GC(465) Concurrent Scan Root Regions 2.702ms
[497.953s][info][gc,marking  ] GC(465) Concurrent Mark (497.953s)
[497.953s][info][gc,marking  ] GC(465) Concurrent Mark From Roots
[497.953s][info][gc,task     ] GC(465) Using 2 workers of 2 for marking
[497.988s][info][gc,marking  ] GC(465) Concurrent Mark From Roots 35.036ms
[497.988s][info][gc,marking  ] GC(465) Concurrent Preclean
[497.988s][info][gc,marking  ] GC(465) Concurrent Preclean 0.181ms
[497.988s][info][gc,marking  ] GC(465) Concurrent Mark (497.953s, 497.988s) 35.365ms
[497.988s][info][gc,start    ] GC(465) Pause Remark
[497.990s][info][gc          ] GC(465) Pause Remark 39M->39M(77M) 2.282ms
[497.991s][info][gc,cpu      ] GC(465) User=0.01s Sys=0.00s Real=0.00s
[497.991s][info][gc,marking  ] GC(465) Concurrent Rebuild Remembered Sets
[498.009s][info][gc,marking  ] GC(465) Concurrent Rebuild Remembered Sets 18.390ms
[498.009s][info][gc,start    ] GC(465) Pause Cleanup
[498.009s][info][gc          ] GC(465) Pause Cleanup 41M->41M(77M) 0.164ms
[498.009s][info][gc,cpu      ] GC(465) User=0.00s Sys=0.00s Real=0.00s
[498.009s][info][gc,marking  ] GC(465) Concurrent Cleanup for Next Mark
[498.010s][info][gc,marking  ] GC(465) Concurrent Cleanup for Next Mark 0.147ms
[498.010s][info][gc          ] GC(465) Concurrent Cycle 59.902ms
[498.241s][info][gc,start    ] GC(466) Pause Young (Normal) (G1 Evacuation Pause)
[498.241s][info][gc,task     ] GC(466) Using 8 workers of 8 for evacuation
[498.243s][info][gc,phases   ] GC(466)   Pre Evacuate Collection Set: 0.1ms
[498.243s][info][gc,phases   ] GC(466)   Merge Heap Roots: 0.0ms
[498.243s][info][gc,phases   ] GC(466)   Evacuate Collection Set: 1.1ms
[498.243s][info][gc,phases   ] GC(466)   Post Evacuate Collection Set: 0.3ms
[498.243s][info][gc,phases   ] GC(466)   Other: 0.2ms
[498.243s][info][gc,heap     ] GC(466) Eden regions: 28->0(28)
[498.243s][info][gc,heap     ] GC(466) Survivor regions: 2->2(4)
[498.243s][info][gc,heap     ] GC(466) Old regions: 35->35
[498.243s][info][gc,heap     ] GC(466) Archive regions: 2->2
[498.243s][info][gc,heap     ] GC(466) Humongous regions: 0->0
[498.243s][info][gc,metaspace] GC(466) Metaspace: 47595K(48720K)->47595K(48720K) NonClass: 41847K(42576K)->41847K(42576K) Class: 5747K(6144K)->5747K(6144K)
[498.243s][info][gc          ] GC(466) Pause Young (Normal) (G1 Evacuation Pause) 64M->36M(77M) 1.852ms
[498.243s][info][gc,cpu      ] GC(466) User=0.01s Sys=0.01s Real=0.01s
[498.466s][info][gc,start    ] GC(467) Pause Young (Concurrent Start) (G1 Evacuation Pause)
[498.466s][info][gc,task     ] GC(467) Using 8 workers of 8 for evacuation
[498.468s][info][gc,phases   ] GC(467)   Pre Evacuate Collection Set: 0.1ms
[498.468s][info][gc,phases   ] GC(467)   Merge Heap Roots: 0.0ms
[498.468s][info][gc,phases   ] GC(467)   Evacuate Collection Set: 1.3ms
[498.468s][info][gc,phases   ] GC(467)   Post Evacuate Collection Set: 0.3ms
[498.468s][info][gc,phases   ] GC(467)   Other: 0.3ms
[498.468s][info][gc,heap     ] GC(467) Eden regions: 28->0(28)
[498.468s][info][gc,heap     ] GC(467) Survivor regions: 2->2(4)
[498.468s][info][gc,heap     ] GC(467) Old regions: 35->35
[498.468s][info][gc,heap     ] GC(467) Archive regions: 2->2
[498.468s][info][gc,heap     ] GC(467) Humongous regions: 0->0
[498.468s][info][gc,metaspace] GC(467) Metaspace: 47595K(48720K)->47595K(48720K) NonClass: 41847K(42576K)->41847K(42576K) Class: 5747K(6144K)->5747K(6144K)
[498.468s][info][gc          ] GC(467) Pause Young (Concurrent Start) (G1 Evacuation Pause) 64M->36M(77M) 2.155ms
[498.468s][info][gc,cpu      ] GC(467) User=0.00s Sys=0.00s Real=0.00s
[498.468s][info][gc          ] GC(468) Concurrent Cycle
[498.468s][info][gc,marking  ] GC(468) Concurrent Clear Claimed Marks
[498.468s][info][gc,marking  ] GC(468) Concurrent Clear Claimed Marks 0.056ms
[498.468s][info][gc,marking  ] GC(468) Concurrent Scan Root Regions
[498.470s][info][gc,marking  ] GC(468) Concurrent Scan Root Regions 1.754ms
[498.470s][info][gc,marking  ] GC(468) Concurrent Mark (498.470s)
[498.470s][info][gc,marking  ] GC(468) Concurrent Mark From Roots
[498.470s][info][gc,task     ] GC(468) Using 2 workers of 2 for marking
[498.501s][info][gc,marking  ] GC(468) Concurrent Mark From Roots 30.923ms
[498.501s][info][gc,marking  ] GC(468) Concurrent Preclean
[498.501s][info][gc,marking  ] GC(468) Concurrent Preclean 0.116ms
[498.501s][info][gc,marking  ] GC(468) Concurrent Mark (498.470s, 498.501s) 31.125ms
[498.501s][info][gc,start    ] GC(468) Pause Remark
[498.503s][info][gc          ] GC(468) Pause Remark 40M->40M(77M) 2.094ms
[498.503s][info][gc,cpu      ] GC(468) User=0.01s Sys=0.00s Real=0.01s
[498.503s][info][gc,marking  ] GC(468) Concurrent Rebuild Remembered Sets
[498.531s][info][gc,marking  ] GC(468) Concurrent Rebuild Remembered Sets 28.100ms
[498.532s][info][gc,start    ] GC(468) Pause Cleanup
[498.532s][info][gc          ] GC(468) Pause Cleanup 45M->45M(77M) 0.130ms
[498.532s][info][gc,cpu      ] GC(468) User=0.00s Sys=0.00s Real=0.00s
[498.532s][info][gc,marking  ] GC(468) Concurrent Cleanup for Next Mark
[498.532s][info][gc,marking  ] GC(468) Concurrent Cleanup for Next Mark 0.163ms
[498.532s][info][gc          ] GC(468) Concurrent Cycle 64.069ms
[498.686s][info][gc,start    ] GC(469) Pause Young (Normal) (G1 Evacuation Pause)
[498.686s][info][gc,task     ] GC(469) Using 8 workers of 8 for evacuation
[498.688s][info][gc,phases   ] GC(469)   Pre Evacuate Collection Set: 0.0ms
[498.688s][info][gc,phases   ] GC(469)   Merge Heap Roots: 0.0ms
[498.688s][info][gc,phases   ] GC(469)   Evacuate Collection Set: 0.9ms
[498.688s][info][gc,phases   ] GC(469)   Post Evacuate Collection Set: 0.2ms
[498.688s][info][gc,phases   ] GC(469)   Other: 0.1ms
[498.688s][info][gc,heap     ] GC(469) Eden regions: 28->0(28)
[498.688s][info][gc,heap     ] GC(469) Survivor regions: 2->2(4)
[498.688s][info][gc,heap     ] GC(469) Old regions: 35->35
[498.688s][info][gc,heap     ] GC(469) Archive regions: 2->2
[498.688s][info][gc,heap     ] GC(469) Humongous regions: 0->0
[498.688s][info][gc,metaspace] GC(469) Metaspace: 47595K(48720K)->47595K(48720K) NonClass: 41847K(42576K)->41847K(42576K) Class: 5747K(6144K)->5747K(6144K)
[498.688s][info][gc          ] GC(469) Pause Young (Normal) (G1 Evacuation Pause) 64M->36M(77M) 1.404ms
[498.688s][info][gc,cpu      ] GC(469) User=0.01s Sys=0.00s Real=0.00s
[498.887s][info][gc,start    ] GC(470) Pause Young (Concurrent Start) (G1 Evacuation Pause)
[498.887s][info][gc,task     ] GC(470) Using 8 workers of 8 for evacuation
[498.890s][info][gc,phases   ] GC(470)   Pre Evacuate Collection Set: 0.1ms
[498.890s][info][gc,phases   ] GC(470)   Merge Heap Roots: 0.0ms
[498.890s][info][gc,phases   ] GC(470)   Evacuate Collection Set: 1.6ms
[498.890s][info][gc,phases   ] GC(470)   Post Evacuate Collection Set: 0.3ms
[498.890s][info][gc,phases   ] GC(470)   Other: 0.3ms
[498.890s][info][gc,heap     ] GC(470) Eden regions: 28->0(30)
[498.890s][info][gc,heap     ] GC(470) Survivor regions: 2->1(4)
[498.890s][info][gc,heap     ] GC(470) Old regions: 35->35
[498.890s][info][gc,heap     ] GC(470) Archive regions: 2->2
[498.890s][info][gc,heap     ] GC(470) Humongous regions: 0->0
[498.890s][info][gc,metaspace] GC(470) Metaspace: 47595K(48720K)->47595K(48720K) NonClass: 41847K(42576K)->41847K(42576K) Class: 5747K(6144K)->5747K(6144K)
[498.890s][info][gc          ] GC(470) Pause Young (Concurrent Start) (G1 Evacuation Pause) 64M->36M(77M) 2.304ms
[498.890s][info][gc,cpu      ] GC(470) User=0.01s Sys=0.00s Real=0.00s
[498.890s][info][gc          ] GC(471) Concurrent Cycle
[498.890s][info][gc,marking  ] GC(471) Concurrent Clear Claimed Marks
[498.890s][info][gc,marking  ] GC(471) Concurrent Clear Claimed Marks 0.048ms
[498.890s][info][gc,marking  ] GC(471) Concurrent Scan Root Regions
[498.892s][info][gc,marking  ] GC(471) Concurrent Scan Root Regions 2.496ms
[498.892s][info][gc,marking  ] GC(471) Concurrent Mark (498.892s)
[498.892s][info][gc,marking  ] GC(471) Concurrent Mark From Roots
[498.892s][info][gc,task     ] GC(471) Using 2 workers of 2 for marking
[498.926s][info][gc,marking  ] GC(471) Concurrent Mark From Roots 33.456ms
[498.926s][info][gc,marking  ] GC(471) Concurrent Preclean
[498.926s][info][gc,marking  ] GC(471) Concurrent Preclean 0.109ms
[498.926s][info][gc,marking  ] GC(471) Concurrent Mark (498.892s, 498.926s) 33.637ms
[498.926s][info][gc,start    ] GC(471) Pause Remark
[498.928s][info][gc          ] GC(471) Pause Remark 39M->39M(77M) 1.907ms
[498.928s][info][gc,cpu      ] GC(471) User=0.01s Sys=0.00s Real=0.00s
[498.928s][info][gc,marking  ] GC(471) Concurrent Rebuild Remembered Sets
[498.946s][info][gc,marking  ] GC(471) Concurrent Rebuild Remembered Sets 18.106ms
[498.947s][info][gc,start    ] GC(471) Pause Cleanup
[498.947s][info][gc          ] GC(471) Pause Cleanup 41M->41M(77M) 0.081ms
[498.947s][info][gc,cpu      ] GC(471) User=0.00s Sys=0.00s Real=0.00s
[498.947s][info][gc,marking  ] GC(471) Concurrent Cleanup for Next Mark
[498.947s][info][gc,marking  ] GC(471) Concurrent Cleanup for Next Mark 0.138ms
[498.947s][info][gc          ] GC(471) Concurrent Cycle 57.475ms
[499.163s][info][gc,start    ] GC(472) Pause Young (Normal) (G1 Evacuation Pause)
[499.163s][info][gc,task     ] GC(472) Using 8 workers of 8 for evacuation
[499.165s][info][gc,phases   ] GC(472)   Pre Evacuate Collection Set: 0.1ms
[499.165s][info][gc,phases   ] GC(472)   Merge Heap Roots: 0.0ms
[499.165s][info][gc,phases   ] GC(472)   Evacuate Collection Set: 1.2ms
[499.165s][info][gc,phases   ] GC(472)   Post Evacuate Collection Set: 0.3ms
[499.165s][info][gc,phases   ] GC(472)   Other: 0.3ms
[499.165s][info][gc,heap     ] GC(472) Eden regions: 30->0(27)
[499.165s][info][gc,heap     ] GC(472) Survivor regions: 1->2(4)
[499.165s][info][gc,heap     ] GC(472) Old regions: 35->36
[499.165s][info][gc,heap     ] GC(472) Archive regions: 2->2
[499.165s][info][gc,heap     ] GC(472) Humongous regions: 0->0
[499.165s][info][gc,metaspace] GC(472) Metaspace: 48081K(49232K)->48081K(49232K) NonClass: 42288K(43088K)->42288K(43088K) Class: 5792K(6144K)->5792K(6144K)
[499.165s][info][gc          ] GC(472) Pause Young (Normal) (G1 Evacuation Pause) 66M->37M(77M) 2.054ms
[499.165s][info][gc,cpu      ] GC(472) User=0.01s Sys=0.00s Real=0.00s
[500.125s][info][gc,start    ] GC(473) Pause Young (Concurrent Start) (G1 Evacuation Pause)
[500.125s][info][gc,task     ] GC(473) Using 8 workers of 8 for evacuation
[500.127s][info][gc,phases   ] GC(473)   Pre Evacuate Collection Set: 0.1ms
[500.127s][info][gc,phases   ] GC(473)   Merge Heap Roots: 0.1ms
[500.127s][info][gc,phases   ] GC(473)   Evacuate Collection Set: 1.3ms
[500.127s][info][gc,phases   ] GC(473)   Post Evacuate Collection Set: 0.3ms
[500.127s][info][gc,phases   ] GC(473)   Other: 0.3ms
[500.127s][info][gc,heap     ] GC(473) Eden regions: 27->0(28)
[500.127s][info][gc,heap     ] GC(473) Survivor regions: 2->1(4)
[500.127s][info][gc,heap     ] GC(473) Old regions: 36->36
[500.127s][info][gc,heap     ] GC(473) Archive regions: 2->2
[500.127s][info][gc,heap     ] GC(473) Humongous regions: 0->0
[500.127s][info][gc,metaspace] GC(473) Metaspace: 48431K(49488K)->48431K(49488K) NonClass: 42584K(43344K)->42584K(43344K) Class: 5847K(6144K)->5847K(6144K)
[500.128s][info][gc          ] GC(473) Pause Young (Concurrent Start) (G1 Evacuation Pause) 64M->37M(77M) 2.250ms
[500.128s][info][gc,cpu      ] GC(473) User=0.01s Sys=0.00s Real=0.00s
[500.128s][info][gc          ] GC(474) Concurrent Cycle
[500.128s][info][gc,marking  ] GC(474) Concurrent Clear Claimed Marks
[500.128s][info][gc,marking  ] GC(474) Concurrent Clear Claimed Marks 0.066ms
[500.128s][info][gc,marking  ] GC(474) Concurrent Scan Root Regions
[500.129s][info][gc,marking  ] GC(474) Concurrent Scan Root Regions 1.318ms
[500.129s][info][gc,marking  ] GC(474) Concurrent Mark (500.129s)
[500.129s][info][gc,marking  ] GC(474) Concurrent Mark From Roots
[500.129s][info][gc,task     ] GC(474) Using 2 workers of 2 for marking
[500.164s][info][gc,marking  ] GC(474) Concurrent Mark From Roots 35.093ms
[500.164s][info][gc,marking  ] GC(474) Concurrent Preclean
[500.164s][info][gc,marking  ] GC(474) Concurrent Preclean 0.112ms
[500.164s][info][gc,marking  ] GC(474) Concurrent Mark (500.129s, 500.164s) 35.310ms
[500.165s][info][gc,start    ] GC(474) Pause Remark
[500.167s][info][gc          ] GC(474) Pause Remark 38M->38M(77M) 2.366ms
[500.167s][info][gc,cpu      ] GC(474) User=0.01s Sys=0.00s Real=0.00s
[500.167s][info][gc,marking  ] GC(474) Concurrent Rebuild Remembered Sets
[500.192s][info][gc,marking  ] GC(474) Concurrent Rebuild Remembered Sets 24.695ms
[500.194s][info][gc,start    ] GC(474) Pause Cleanup
[500.194s][info][gc          ] GC(474) Pause Cleanup 39M->39M(77M) 0.120ms
[500.194s][info][gc,cpu      ] GC(474) User=0.01s Sys=0.00s Real=0.00s
[500.194s][info][gc,marking  ] GC(474) Concurrent Cleanup for Next Mark
[500.194s][info][gc,marking  ] GC(474) Concurrent Cleanup for Next Mark 0.162ms
[500.194s][info][gc          ] GC(474) Concurrent Cycle 66.508ms
[500.732s][info][gc,start    ] GC(475) Pause Young (Normal) (G1 Evacuation Pause)
[500.732s][info][gc,task     ] GC(475) Using 8 workers of 8 for evacuation
[500.734s][info][gc,phases   ] GC(475)   Pre Evacuate Collection Set: 0.1ms
[500.734s][info][gc,phases   ] GC(475)   Merge Heap Roots: 0.0ms
[500.734s][info][gc,phases   ] GC(475)   Evacuate Collection Set: 1.2ms
[500.734s][info][gc,phases   ] GC(475)   Post Evacuate Collection Set: 0.3ms
[500.734s][info][gc,phases   ] GC(475)   Other: 0.2ms
[500.734s][info][gc,heap     ] GC(475) Eden regions: 28->0(28)
[500.734s][info][gc,heap     ] GC(475) Survivor regions: 1->1(4)
[500.734s][info][gc,heap     ] GC(475) Old regions: 36->36
[500.734s][info][gc,heap     ] GC(475) Archive regions: 2->2
[500.734s][info][gc,heap     ] GC(475) Humongous regions: 0->0
[500.734s][info][gc,metaspace] GC(475) Metaspace: 48436K(49744K)->48436K(49744K) NonClass: 42588K(43600K)->42588K(43600K) Class: 5847K(6144K)->5847K(6144K)
[500.734s][info][gc          ] GC(475) Pause Young (Normal) (G1 Evacuation Pause) 65M->37M(77M) 2.052ms
[500.734s][info][gc,cpu      ] GC(475) User=0.01s Sys=0.00s Real=0.01s
[501.314s][info][gc,start    ] GC(476) Pause Young (Concurrent Start) (G1 Evacuation Pause)
[501.314s][info][gc,task     ] GC(476) Using 8 workers of 8 for evacuation
[501.315s][info][gc,phases   ] GC(476)   Pre Evacuate Collection Set: 0.1ms
[501.315s][info][gc,phases   ] GC(476)   Merge Heap Roots: 0.0ms
[501.315s][info][gc,phases   ] GC(476)   Evacuate Collection Set: 0.7ms
[501.315s][info][gc,phases   ] GC(476)   Post Evacuate Collection Set: 0.3ms
[501.315s][info][gc,phases   ] GC(476)   Other: 0.2ms
[501.315s][info][gc,heap     ] GC(476) Eden regions: 28->0(28)
[501.315s][info][gc,heap     ] GC(476) Survivor regions: 1->1(4)
[501.315s][info][gc,heap     ] GC(476) Old regions: 36->36
[501.315s][info][gc,heap     ] GC(476) Archive regions: 2->2
[501.315s][info][gc,heap     ] GC(476) Humongous regions: 0->0
[501.315s][info][gc,metaspace] GC(476) Metaspace: 48437K(49744K)->48437K(49744K) NonClass: 42589K(43600K)->42589K(43600K) Class: 5847K(6144K)->5847K(6144K)
[501.316s][info][gc          ] GC(476) Pause Young (Concurrent Start) (G1 Evacuation Pause) 65M->36M(77M) 1.585ms
[501.316s][info][gc,cpu      ] GC(476) User=0.01s Sys=0.00s Real=0.00s
[501.316s][info][gc          ] GC(477) Concurrent Cycle
[501.316s][info][gc,marking  ] GC(477) Concurrent Clear Claimed Marks
[501.316s][info][gc,marking  ] GC(477) Concurrent Clear Claimed Marks 0.070ms
[501.316s][info][gc,marking  ] GC(477) Concurrent Scan Root Regions
[501.317s][info][gc,marking  ] GC(477) Concurrent Scan Root Regions 1.030ms
[501.317s][info][gc,marking  ] GC(477) Concurrent Mark (501.317s)
[501.317s][info][gc,marking  ] GC(477) Concurrent Mark From Roots
[501.317s][info][gc,task     ] GC(477) Using 2 workers of 2 for marking
[501.346s][info][gc,marking  ] GC(477) Concurrent Mark From Roots 29.160ms
[501.346s][info][gc,marking  ] GC(477) Concurrent Preclean
[501.346s][info][gc,marking  ] GC(477) Concurrent Preclean 0.082ms
[501.346s][info][gc,marking  ] GC(477) Concurrent Mark (501.317s, 501.346s) 29.321ms
[501.346s][info][gc,start    ] GC(477) Pause Remark
[501.348s][info][gc          ] GC(477) Pause Remark 38M->38M(77M) 1.991ms
[501.348s][info][gc,cpu      ] GC(477) User=0.01s Sys=0.00s Real=0.00s
[501.348s][info][gc,marking  ] GC(477) Concurrent Rebuild Remembered Sets
[501.367s][info][gc,marking  ] GC(477) Concurrent Rebuild Remembered Sets 18.257ms
[501.368s][info][gc,start    ] GC(477) Pause Cleanup
[501.369s][info][gc          ] GC(477) Pause Cleanup 39M->39M(77M) 0.124ms
[501.369s][info][gc,cpu      ] GC(477) User=0.00s Sys=0.00s Real=0.00s
[501.369s][info][gc,marking  ] GC(477) Concurrent Cleanup for Next Mark
[501.369s][info][gc,marking  ] GC(477) Concurrent Cleanup for Next Mark 0.156ms
[501.369s][info][gc          ] GC(477) Concurrent Cycle 53.255ms
[501.867s][info][gc,start    ] GC(478) Pause Young (Normal) (G1 Evacuation Pause)
[501.867s][info][gc,task     ] GC(478) Using 8 workers of 8 for evacuation
[501.868s][info][gc,phases   ] GC(478)   Pre Evacuate Collection Set: 0.1ms
[501.868s][info][gc,phases   ] GC(478)   Merge Heap Roots: 0.0ms
[501.868s][info][gc,phases   ] GC(478)   Evacuate Collection Set: 0.9ms
[501.868s][info][gc,phases   ] GC(478)   Post Evacuate Collection Set: 0.2ms
[501.869s][info][gc,phases   ] GC(478)   Other: 0.2ms
[501.869s][info][gc,heap     ] GC(478) Eden regions: 28->0(29)
[501.869s][info][gc,heap     ] GC(478) Survivor regions: 1->1(4)
[501.869s][info][gc,heap     ] GC(478) Old regions: 36->36
[501.869s][info][gc,heap     ] GC(478) Archive regions: 2->2
[501.869s][info][gc,heap     ] GC(478) Humongous regions: 0->0
[501.869s][info][gc,metaspace] GC(478) Metaspace: 48443K(49744K)->48443K(49744K) NonClass: 42596K(43600K)->42596K(43600K) Class: 5847K(6144K)->5847K(6144K)
[501.869s][info][gc          ] GC(478) Pause Young (Normal) (G1 Evacuation Pause) 64M->37M(77M) 1.493ms
[501.869s][info][gc,cpu      ] GC(478) User=0.01s Sys=0.00s Real=0.00s
[502.420s][info][gc,start    ] GC(479) Pause Young (Concurrent Start) (G1 Evacuation Pause)
[502.420s][info][gc,task     ] GC(479) Using 8 workers of 8 for evacuation
[502.422s][info][gc,phases   ] GC(479)   Pre Evacuate Collection Set: 0.1ms
[502.422s][info][gc,phases   ] GC(479)   Merge Heap Roots: 0.1ms
[502.422s][info][gc,phases   ] GC(479)   Evacuate Collection Set: 0.9ms
[502.422s][info][gc,phases   ] GC(479)   Post Evacuate Collection Set: 0.2ms
[502.422s][info][gc,phases   ] GC(479)   Other: 0.2ms
[502.422s][info][gc,heap     ] GC(479) Eden regions: 29->0(29)
[502.422s][info][gc,heap     ] GC(479) Survivor regions: 1->1(4)
[502.422s][info][gc,heap     ] GC(479) Old regions: 36->36
[502.422s][info][gc,heap     ] GC(479) Archive regions: 2->2
[502.422s][info][gc,heap     ] GC(479) Humongous regions: 0->0
[502.422s][info][gc,metaspace] GC(479) Metaspace: 48443K(49744K)->48443K(49744K) NonClass: 42596K(43600K)->42596K(43600K) Class: 5847K(6144K)->5847K(6144K)
[502.422s][info][gc          ] GC(479) Pause Young (Concurrent Start) (G1 Evacuation Pause) 66M->37M(77M) 1.642ms
[502.422s][info][gc,cpu      ] GC(479) User=0.01s Sys=0.01s Real=0.00s
[502.422s][info][gc          ] GC(480) Concurrent Cycle
[502.422s][info][gc,marking  ] GC(480) Concurrent Clear Claimed Marks
[502.422s][info][gc,marking  ] GC(480) Concurrent Clear Claimed Marks 0.063ms
[502.422s][info][gc,marking  ] GC(480) Concurrent Scan Root Regions
[502.423s][info][gc,marking  ] GC(480) Concurrent Scan Root Regions 1.058ms
[502.423s][info][gc,marking  ] GC(480) Concurrent Mark (502.423s)
[502.423s][info][gc,marking  ] GC(480) Concurrent Mark From Roots
[502.423s][info][gc,task     ] GC(480) Using 2 workers of 2 for marking
[502.452s][info][gc,marking  ] GC(480) Concurrent Mark From Roots 29.026ms
[502.452s][info][gc,marking  ] GC(480) Concurrent Preclean
[502.452s][info][gc,marking  ] GC(480) Concurrent Preclean 0.091ms
[502.452s][info][gc,marking  ] GC(480) Concurrent Mark (502.423s, 502.452s) 29.197ms
[502.452s][info][gc,start    ] GC(480) Pause Remark
[502.455s][info][gc          ] GC(480) Pause Remark 38M->38M(77M) 2.314ms
[502.455s][info][gc,cpu      ] GC(480) User=0.02s Sys=0.00s Real=0.01s
[502.455s][info][gc,marking  ] GC(480) Concurrent Rebuild Remembered Sets
[502.473s][info][gc,marking  ] GC(480) Concurrent Rebuild Remembered Sets 18.226ms
[502.479s][info][gc,start    ] GC(480) Pause Cleanup
[502.479s][info][gc          ] GC(480) Pause Cleanup 39M->39M(77M) 0.235ms
[502.479s][info][gc,cpu      ] GC(480) User=0.00s Sys=0.00s Real=0.00s
[502.479s][info][gc,marking  ] GC(480) Concurrent Cleanup for Next Mark
[502.479s][info][gc,marking  ] GC(480) Concurrent Cleanup for Next Mark 0.147ms
[502.479s][info][gc          ] GC(480) Concurrent Cycle 57.468ms
[502.993s][info][gc,start    ] GC(481) Pause Young (Normal) (G1 Evacuation Pause)
[502.993s][info][gc,task     ] GC(481) Using 8 workers of 8 for evacuation
[502.994s][info][gc,phases   ] GC(481)   Pre Evacuate Collection Set: 0.1ms
[502.994s][info][gc,phases   ] GC(481)   Merge Heap Roots: 0.0ms
[502.994s][info][gc,phases   ] GC(481)   Evacuate Collection Set: 1.1ms
[502.994s][info][gc,phases   ] GC(481)   Post Evacuate Collection Set: 0.2ms
[502.994s][info][gc,phases   ] GC(481)   Other: 0.1ms
[502.994s][info][gc,heap     ] GC(481) Eden regions: 29->0(29)
[502.994s][info][gc,heap     ] GC(481) Survivor regions: 1->1(4)
[502.995s][info][gc,heap     ] GC(481) Old regions: 36->36
[502.995s][info][gc,heap     ] GC(481) Archive regions: 2->2
[502.995s][info][gc,heap     ] GC(481) Humongous regions: 0->0
[502.995s][info][gc,metaspace] GC(481) Metaspace: 48446K(49744K)->48446K(49744K) NonClass: 42598K(43600K)->42598K(43600K) Class: 5847K(6144K)->5847K(6144K)
[502.995s][info][gc          ] GC(481) Pause Young (Normal) (G1 Evacuation Pause) 66M->37M(77M) 1.732ms
[502.995s][info][gc,cpu      ] GC(481) User=0.00s Sys=0.00s Real=0.01s
[503.589s][info][gc,start    ] GC(482) Pause Young (Concurrent Start) (G1 Evacuation Pause)
[503.589s][info][gc,task     ] GC(482) Using 8 workers of 8 for evacuation
[503.590s][info][gc,phases   ] GC(482)   Pre Evacuate Collection Set: 0.1ms
[503.590s][info][gc,phases   ] GC(482)   Merge Heap Roots: 0.0ms
[503.590s][info][gc,phases   ] GC(482)   Evacuate Collection Set: 0.7ms
[503.590s][info][gc,phases   ] GC(482)   Post Evacuate Collection Set: 0.2ms
[503.590s][info][gc,phases   ] GC(482)   Other: 0.2ms
[503.590s][info][gc,heap     ] GC(482) Eden regions: 29->0(29)
[503.590s][info][gc,heap     ] GC(482) Survivor regions: 1->1(4)
[503.590s][info][gc,heap     ] GC(482) Old regions: 36->36
[503.590s][info][gc,heap     ] GC(482) Archive regions: 2->2
[503.590s][info][gc,heap     ] GC(482) Humongous regions: 0->0
[503.590s][info][gc,metaspace] GC(482) Metaspace: 48446K(49744K)->48446K(49744K) NonClass: 42598K(43600K)->42598K(43600K) Class: 5847K(6144K)->5847K(6144K)
[503.590s][info][gc          ] GC(482) Pause Young (Concurrent Start) (G1 Evacuation Pause) 66M->37M(77M) 1.342ms
[503.590s][info][gc,cpu      ] GC(482) User=0.01s Sys=0.00s Real=0.00s
[503.590s][info][gc          ] GC(483) Concurrent Cycle
[503.590s][info][gc,marking  ] GC(483) Concurrent Clear Claimed Marks
[503.590s][info][gc,marking  ] GC(483) Concurrent Clear Claimed Marks 0.045ms
[503.590s][info][gc,marking  ] GC(483) Concurrent Scan Root Regions
[503.591s][info][gc,marking  ] GC(483) Concurrent Scan Root Regions 0.882ms
[503.591s][info][gc,marking  ] GC(483) Concurrent Mark (503.591s)
[503.591s][info][gc,marking  ] GC(483) Concurrent Mark From Roots
[503.591s][info][gc,task     ] GC(483) Using 2 workers of 2 for marking
[503.622s][info][gc,marking  ] GC(483) Concurrent Mark From Roots 30.489ms
[503.622s][info][gc,marking  ] GC(483) Concurrent Preclean
[503.622s][info][gc,marking  ] GC(483) Concurrent Preclean 0.119ms
[503.622s][info][gc,marking  ] GC(483) Concurrent Mark (503.591s, 503.622s) 30.701ms
[503.622s][info][gc,start    ] GC(483) Pause Remark
[503.624s][info][gc          ] GC(483) Pause Remark 38M->38M(77M) 2.222ms
[503.625s][info][gc,cpu      ] GC(483) User=0.01s Sys=0.00s Real=0.01s
[503.625s][info][gc,marking  ] GC(483) Concurrent Rebuild Remembered Sets
[503.641s][info][gc,marking  ] GC(483) Concurrent Rebuild Remembered Sets 16.626ms
[503.644s][info][gc,start    ] GC(483) Pause Cleanup
[503.644s][info][gc          ] GC(483) Pause Cleanup 39M->39M(77M) 0.176ms
[503.644s][info][gc,cpu      ] GC(483) User=0.00s Sys=0.00s Real=0.00s
[503.645s][info][gc,marking  ] GC(483) Concurrent Cleanup for Next Mark
[503.645s][info][gc,marking  ] GC(483) Concurrent Cleanup for Next Mark 0.185ms
[503.645s][info][gc          ] GC(483) Concurrent Cycle 54.653ms
[504.149s][info][gc,start    ] GC(484) Pause Young (Normal) (G1 Evacuation Pause)
[504.149s][info][gc,task     ] GC(484) Using 8 workers of 8 for evacuation
[504.151s][info][gc,phases   ] GC(484)   Pre Evacuate Collection Set: 0.1ms
[504.151s][info][gc,phases   ] GC(484)   Merge Heap Roots: 0.0ms
[504.151s][info][gc,phases   ] GC(484)   Evacuate Collection Set: 0.9ms
[504.151s][info][gc,phases   ] GC(484)   Post Evacuate Collection Set: 0.3ms
[504.151s][info][gc,phases   ] GC(484)   Other: 0.2ms
[504.151s][info][gc,heap     ] GC(484) Eden regions: 29->0(29)
[504.151s][info][gc,heap     ] GC(484) Survivor regions: 1->1(4)
[504.151s][info][gc,heap     ] GC(484) Old regions: 36->36
[504.151s][info][gc,heap     ] GC(484) Archive regions: 2->2
[504.151s][info][gc,heap     ] GC(484) Humongous regions: 0->0
[504.151s][info][gc,metaspace] GC(484) Metaspace: 48447K(49744K)->48447K(49744K) NonClass: 42600K(43600K)->42600K(43600K) Class: 5847K(6144K)->5847K(6144K)
[504.151s][info][gc          ] GC(484) Pause Young (Normal) (G1 Evacuation Pause) 66M->37M(77M) 1.714ms
[504.151s][info][gc,cpu      ] GC(484) User=0.01s Sys=0.00s Real=0.00s
[504.687s][info][gc,start    ] GC(485) Pause Young (Concurrent Start) (G1 Evacuation Pause)
[504.687s][info][gc,task     ] GC(485) Using 8 workers of 8 for evacuation
[504.688s][info][gc,phases   ] GC(485)   Pre Evacuate Collection Set: 0.1ms
[504.688s][info][gc,phases   ] GC(485)   Merge Heap Roots: 0.0ms
[504.688s][info][gc,phases   ] GC(485)   Evacuate Collection Set: 0.8ms
[504.688s][info][gc,phases   ] GC(485)   Post Evacuate Collection Set: 0.3ms
[504.688s][info][gc,phases   ] GC(485)   Other: 0.2ms
[504.688s][info][gc,heap     ] GC(485) Eden regions: 29->0(29)
[504.688s][info][gc,heap     ] GC(485) Survivor regions: 1->1(4)
[504.688s][info][gc,heap     ] GC(485) Old regions: 36->36
[504.688s][info][gc,heap     ] GC(485) Archive regions: 2->2
[504.688s][info][gc,heap     ] GC(485) Humongous regions: 0->0
[504.688s][info][gc,metaspace] GC(485) Metaspace: 48449K(49744K)->48449K(49744K) NonClass: 42602K(43600K)->42602K(43600K) Class: 5847K(6144K)->5847K(6144K)
[504.688s][info][gc          ] GC(485) Pause Young (Concurrent Start) (G1 Evacuation Pause) 66M->37M(77M) 1.543ms
[504.688s][info][gc,cpu      ] GC(485) User=0.01s Sys=0.00s Real=0.00s
[504.688s][info][gc          ] GC(486) Concurrent Cycle
[504.689s][info][gc,marking  ] GC(486) Concurrent Clear Claimed Marks
[504.689s][info][gc,marking  ] GC(486) Concurrent Clear Claimed Marks 0.063ms
[504.689s][info][gc,marking  ] GC(486) Concurrent Scan Root Regions
[504.690s][info][gc,marking  ] GC(486) Concurrent Scan Root Regions 0.984ms
[504.690s][info][gc,marking  ] GC(486) Concurrent Mark (504.690s)
[504.690s][info][gc,marking  ] GC(486) Concurrent Mark From Roots
[504.690s][info][gc,task     ] GC(486) Using 2 workers of 2 for marking
[504.721s][info][gc,marking  ] GC(486) Concurrent Mark From Roots 31.136ms
[504.721s][info][gc,marking  ] GC(486) Concurrent Preclean
[504.721s][info][gc,marking  ] GC(486) Concurrent Preclean 0.135ms
[504.721s][info][gc,marking  ] GC(486) Concurrent Mark (504.690s, 504.721s) 31.399ms
[504.721s][info][gc,start    ] GC(486) Pause Remark
[504.723s][info][gc          ] GC(486) Pause Remark 38M->38M(77M) 1.666ms
[504.723s][info][gc,cpu      ] GC(486) User=0.00s Sys=0.00s Real=0.01s
[504.723s][info][gc,marking  ] GC(486) Concurrent Rebuild Remembered Sets
[504.745s][info][gc,marking  ] GC(486) Concurrent Rebuild Remembered Sets 21.435ms
[504.746s][info][gc,start    ] GC(486) Pause Cleanup
[504.746s][info][gc          ] GC(486) Pause Cleanup 39M->39M(77M) 0.121ms
[504.746s][info][gc,cpu      ] GC(486) User=0.00s Sys=0.00s Real=0.00s
[504.746s][info][gc,marking  ] GC(486) Concurrent Cleanup for Next Mark
[504.747s][info][gc,marking  ] GC(486) Concurrent Cleanup for Next Mark 0.147ms
[504.747s][info][gc          ] GC(486) Concurrent Cycle 58.085ms
[505.250s][info][gc,start    ] GC(487) Pause Young (Normal) (G1 Evacuation Pause)
[505.250s][info][gc,task     ] GC(487) Using 8 workers of 8 for evacuation
[505.252s][info][gc,phases   ] GC(487)   Pre Evacuate Collection Set: 0.1ms
[505.252s][info][gc,phases   ] GC(487)   Merge Heap Roots: 0.0ms
[505.252s][info][gc,phases   ] GC(487)   Evacuate Collection Set: 0.9ms
[505.252s][info][gc,phases   ] GC(487)   Post Evacuate Collection Set: 0.2ms
[505.252s][info][gc,phases   ] GC(487)   Other: 0.2ms
[505.252s][info][gc,heap     ] GC(487) Eden regions: 29->0(29)
[505.252s][info][gc,heap     ] GC(487) Survivor regions: 1->1(4)
[505.252s][info][gc,heap     ] GC(487) Old regions: 36->36
[505.252s][info][gc,heap     ] GC(487) Archive regions: 2->2
[505.252s][info][gc,heap     ] GC(487) Humongous regions: 0->0
[505.252s][info][gc,metaspace] GC(487) Metaspace: 48449K(49744K)->48449K(49744K) NonClass: 42602K(43600K)->42602K(43600K) Class: 5847K(6144K)->5847K(6144K)
[505.252s][info][gc          ] GC(487) Pause Young (Normal) (G1 Evacuation Pause) 66M->37M(77M) 1.653ms
[505.252s][info][gc,cpu      ] GC(487) User=0.01s Sys=0.00s Real=0.00s
[505.750s][info][gc,start    ] GC(488) Pause Young (Concurrent Start) (G1 Evacuation Pause)
[505.750s][info][gc,task     ] GC(488) Using 8 workers of 8 for evacuation
[505.751s][info][gc,phases   ] GC(488)   Pre Evacuate Collection Set: 0.1ms
[505.751s][info][gc,phases   ] GC(488)   Merge Heap Roots: 0.0ms
[505.751s][info][gc,phases   ] GC(488)   Evacuate Collection Set: 0.7ms
[505.751s][info][gc,phases   ] GC(488)   Post Evacuate Collection Set: 0.2ms
[505.751s][info][gc,phases   ] GC(488)   Other: 0.2ms
[505.751s][info][gc,heap     ] GC(488) Eden regions: 29->0(29)
[505.751s][info][gc,heap     ] GC(488) Survivor regions: 1->1(4)
[505.751s][info][gc,heap     ] GC(488) Old regions: 36->36
[505.751s][info][gc,heap     ] GC(488) Archive regions: 2->2
[505.751s][info][gc,heap     ] GC(488) Humongous regions: 0->0
[505.751s][info][gc,metaspace] GC(488) Metaspace: 48449K(49744K)->48449K(49744K) NonClass: 42602K(43600K)->42602K(43600K) Class: 5847K(6144K)->5847K(6144K)
[505.751s][info][gc          ] GC(488) Pause Young (Concurrent Start) (G1 Evacuation Pause) 66M->37M(77M) 1.349ms
[505.751s][info][gc,cpu      ] GC(488) User=0.01s Sys=0.00s Real=0.00s
[505.751s][info][gc          ] GC(489) Concurrent Cycle
[505.751s][info][gc,marking  ] GC(489) Concurrent Clear Claimed Marks
[505.751s][info][gc,marking  ] GC(489) Concurrent Clear Claimed Marks 0.040ms
[505.751s][info][gc,marking  ] GC(489) Concurrent Scan Root Regions
[505.752s][info][gc,marking  ] GC(489) Concurrent Scan Root Regions 1.022ms
[505.752s][info][gc,marking  ] GC(489) Concurrent Mark (505.752s)
[505.752s][info][gc,marking  ] GC(489) Concurrent Mark From Roots
[505.752s][info][gc,task     ] GC(489) Using 2 workers of 2 for marking
[505.784s][info][gc,marking  ] GC(489) Concurrent Mark From Roots 31.667ms
[505.784s][info][gc,marking  ] GC(489) Concurrent Preclean
[505.784s][info][gc,marking  ] GC(489) Concurrent Preclean 0.111ms
[505.784s][info][gc,marking  ] GC(489) Concurrent Mark (505.752s, 505.784s) 31.868ms
[505.784s][info][gc,start    ] GC(489) Pause Remark
[505.785s][info][gc          ] GC(489) Pause Remark 38M->38M(77M) 0.890ms
[505.785s][info][gc,cpu      ] GC(489) User=0.01s Sys=0.00s Real=0.00s
[505.785s][info][gc,marking  ] GC(489) Concurrent Rebuild Remembered Sets
[505.804s][info][gc,marking  ] GC(489) Concurrent Rebuild Remembered Sets 18.498ms
[505.806s][info][gc,start    ] GC(489) Pause Cleanup
[505.806s][info][gc          ] GC(489) Pause Cleanup 39M->39M(77M) 0.186ms
[505.806s][info][gc,cpu      ] GC(489) User=0.00s Sys=0.00s Real=0.00s
[505.806s][info][gc,marking  ] GC(489) Concurrent Cleanup for Next Mark
[505.806s][info][gc,marking  ] GC(489) Concurrent Cleanup for Next Mark 0.206ms
[505.806s][info][gc          ] GC(489) Concurrent Cycle 55.160ms
[506.329s][info][gc,start    ] GC(490) Pause Young (Normal) (G1 Evacuation Pause)
[506.329s][info][gc,task     ] GC(490) Using 8 workers of 8 for evacuation
[506.330s][info][gc,phases   ] GC(490)   Pre Evacuate Collection Set: 0.1ms
[506.330s][info][gc,phases   ] GC(490)   Merge Heap Roots: 0.0ms
[506.330s][info][gc,phases   ] GC(490)   Evacuate Collection Set: 0.8ms
[506.330s][info][gc,phases   ] GC(490)   Post Evacuate Collection Set: 0.3ms
[506.330s][info][gc,phases   ] GC(490)   Other: 0.2ms
[506.330s][info][gc,heap     ] GC(490) Eden regions: 29->0(29)
[506.330s][info][gc,heap     ] GC(490) Survivor regions: 1->1(4)
[506.330s][info][gc,heap     ] GC(490) Old regions: 36->36
[506.330s][info][gc,heap     ] GC(490) Archive regions: 2->2
[506.330s][info][gc,heap     ] GC(490) Humongous regions: 0->0
[506.330s][info][gc,metaspace] GC(490) Metaspace: 48449K(49744K)->48449K(49744K) NonClass: 42602K(43600K)->42602K(43600K) Class: 5847K(6144K)->5847K(6144K)
[506.330s][info][gc          ] GC(490) Pause Young (Normal) (G1 Evacuation Pause) 66M->37M(77M) 1.573ms
[506.330s][info][gc,cpu      ] GC(490) User=0.01s Sys=0.00s Real=0.00s
[506.800s][info][gc,start    ] GC(491) Pause Young (Concurrent Start) (G1 Evacuation Pause)
[506.800s][info][gc,task     ] GC(491) Using 8 workers of 8 for evacuation
[506.802s][info][gc,phases   ] GC(491)   Pre Evacuate Collection Set: 0.1ms
[506.802s][info][gc,phases   ] GC(491)   Merge Heap Roots: 0.1ms
[506.802s][info][gc,phases   ] GC(491)   Evacuate Collection Set: 1.0ms
[506.802s][info][gc,phases   ] GC(491)   Post Evacuate Collection Set: 0.3ms
[506.802s][info][gc,phases   ] GC(491)   Other: 0.2ms
[506.802s][info][gc,heap     ] GC(491) Eden regions: 29->0(29)
[506.802s][info][gc,heap     ] GC(491) Survivor regions: 1->1(4)
[506.802s][info][gc,heap     ] GC(491) Old regions: 36->36
[506.802s][info][gc,heap     ] GC(491) Archive regions: 2->2
[506.802s][info][gc,heap     ] GC(491) Humongous regions: 0->0
[506.802s][info][gc,metaspace] GC(491) Metaspace: 48449K(49744K)->48449K(49744K) NonClass: 42602K(43600K)->42602K(43600K) Class: 5847K(6144K)->5847K(6144K)
[506.802s][info][gc          ] GC(491) Pause Young (Concurrent Start) (G1 Evacuation Pause) 66M->37M(77M) 1.919ms
[506.802s][info][gc,cpu      ] GC(491) User=0.01s Sys=0.00s Real=0.00s
[506.802s][info][gc          ] GC(492) Concurrent Cycle
[506.802s][info][gc,marking  ] GC(492) Concurrent Clear Claimed Marks
[506.802s][info][gc,marking  ] GC(492) Concurrent Clear Claimed Marks 0.058ms
[506.802s][info][gc,marking  ] GC(492) Concurrent Scan Root Regions
[506.803s][info][gc,marking  ] GC(492) Concurrent Scan Root Regions 1.126ms
[506.803s][info][gc,marking  ] GC(492) Concurrent Mark (506.803s)
[506.803s][info][gc,marking  ] GC(492) Concurrent Mark From Roots
[506.803s][info][gc,task     ] GC(492) Using 2 workers of 2 for marking
[506.835s][info][gc,marking  ] GC(492) Concurrent Mark From Roots 31.666ms
[506.835s][info][gc,marking  ] GC(492) Concurrent Preclean
[506.835s][info][gc,marking  ] GC(492) Concurrent Preclean 0.253ms
[506.835s][info][gc,marking  ] GC(492) Concurrent Mark (506.803s, 506.835s) 32.049ms
[506.836s][info][gc,start    ] GC(492) Pause Remark
[506.837s][info][gc          ] GC(492) Pause Remark 38M->38M(77M) 1.046ms
[506.837s][info][gc,cpu      ] GC(492) User=0.00s Sys=0.00s Real=0.00s
[506.837s][info][gc,marking  ] GC(492) Concurrent Rebuild Remembered Sets
[506.856s][info][gc,marking  ] GC(492) Concurrent Rebuild Remembered Sets 19.274ms
[506.859s][info][gc,start    ] GC(492) Pause Cleanup
[506.859s][info][gc          ] GC(492) Pause Cleanup 40M->40M(77M) 0.184ms
[506.859s][info][gc,cpu      ] GC(492) User=0.00s Sys=0.00s Real=0.00s
[506.859s][info][gc,marking  ] GC(492) Concurrent Cleanup for Next Mark
[506.859s][info][gc,marking  ] GC(492) Concurrent Cleanup for Next Mark 0.230ms
[506.859s][info][gc          ] GC(492) Concurrent Cycle 57.394ms
[507.315s][info][gc,start    ] GC(493) Pause Young (Normal) (G1 Evacuation Pause)
[507.315s][info][gc,task     ] GC(493) Using 8 workers of 8 for evacuation
[507.316s][info][gc,phases   ] GC(493)   Pre Evacuate Collection Set: 0.0ms
[507.316s][info][gc,phases   ] GC(493)   Merge Heap Roots: 0.0ms
[507.316s][info][gc,phases   ] GC(493)   Evacuate Collection Set: 0.8ms
[507.316s][info][gc,phases   ] GC(493)   Post Evacuate Collection Set: 0.2ms
[507.316s][info][gc,phases   ] GC(493)   Other: 0.2ms
[507.316s][info][gc,heap     ] GC(493) Eden regions: 29->0(29)
[507.316s][info][gc,heap     ] GC(493) Survivor regions: 1->1(4)
[507.317s][info][gc,heap     ] GC(493) Old regions: 36->36
[507.317s][info][gc,heap     ] GC(493) Archive regions: 2->2
[507.317s][info][gc,heap     ] GC(493) Humongous regions: 0->0
[507.317s][info][gc,metaspace] GC(493) Metaspace: 48449K(49744K)->48449K(49744K) NonClass: 42602K(43600K)->42602K(43600K) Class: 5847K(6144K)->5847K(6144K)
[507.317s][info][gc          ] GC(493) Pause Young (Normal) (G1 Evacuation Pause) 66M->37M(77M) 1.394ms
[507.317s][info][gc,cpu      ] GC(493) User=0.00s Sys=0.00s Real=0.00s
[507.701s][info][gc,start    ] GC(494) Pause Young (Concurrent Start) (G1 Evacuation Pause)
[507.701s][info][gc,task     ] GC(494) Using 8 workers of 8 for evacuation
[507.702s][info][gc,phases   ] GC(494)   Pre Evacuate Collection Set: 0.1ms
[507.702s][info][gc,phases   ] GC(494)   Merge Heap Roots: 0.0ms
[507.702s][info][gc,phases   ] GC(494)   Evacuate Collection Set: 1.0ms
[507.703s][info][gc,phases   ] GC(494)   Post Evacuate Collection Set: 0.3ms
[507.703s][info][gc,phases   ] GC(494)   Other: 0.3ms
[507.703s][info][gc,heap     ] GC(494) Eden regions: 29->0(29)
[507.703s][info][gc,heap     ] GC(494) Survivor regions: 1->1(4)
[507.703s][info][gc,heap     ] GC(494) Old regions: 36->36
[507.703s][info][gc,heap     ] GC(494) Archive regions: 2->2
[507.703s][info][gc,heap     ] GC(494) Humongous regions: 0->0
[507.703s][info][gc,metaspace] GC(494) Metaspace: 48449K(49744K)->48449K(49744K) NonClass: 42602K(43600K)->42602K(43600K) Class: 5847K(6144K)->5847K(6144K)
[507.703s][info][gc          ] GC(494) Pause Young (Concurrent Start) (G1 Evacuation Pause) 66M->37M(77M) 1.793ms
[507.703s][info][gc,cpu      ] GC(494) User=0.00s Sys=0.00s Real=0.00s
[507.703s][info][gc          ] GC(495) Concurrent Cycle
[507.703s][info][gc,marking  ] GC(495) Concurrent Clear Claimed Marks
[507.703s][info][gc,marking  ] GC(495) Concurrent Clear Claimed Marks 0.048ms
[507.703s][info][gc,marking  ] GC(495) Concurrent Scan Root Regions
[507.704s][info][gc,marking  ] GC(495) Concurrent Scan Root Regions 1.526ms
[507.704s][info][gc,marking  ] GC(495) Concurrent Mark (507.704s)
[507.704s][info][gc,marking  ] GC(495) Concurrent Mark From Roots
[507.704s][info][gc,task     ] GC(495) Using 2 workers of 2 for marking
[507.738s][info][gc,marking  ] GC(495) Concurrent Mark From Roots 33.709ms
[507.738s][info][gc,marking  ] GC(495) Concurrent Preclean
[507.738s][info][gc,marking  ] GC(495) Concurrent Preclean 0.111ms
[507.738s][info][gc,marking  ] GC(495) Concurrent Mark (507.704s, 507.738s) 33.922ms
[507.739s][info][gc,start    ] GC(495) Pause Remark
[507.740s][info][gc          ] GC(495) Pause Remark 39M->39M(77M) 1.111ms
[507.740s][info][gc,cpu      ] GC(495) User=0.00s Sys=0.00s Real=0.00s
[507.740s][info][gc,marking  ] GC(495) Concurrent Rebuild Remembered Sets
[507.762s][info][gc,marking  ] GC(495) Concurrent Rebuild Remembered Sets 22.303ms
[507.764s][info][gc,start    ] GC(495) Pause Cleanup
[507.765s][info][gc          ] GC(495) Pause Cleanup 40M->40M(77M) 0.168ms
[507.765s][info][gc,cpu      ] GC(495) User=0.00s Sys=0.00s Real=0.00s
[507.765s][info][gc,marking  ] GC(495) Concurrent Cleanup for Next Mark
[507.765s][info][gc,marking  ] GC(495) Concurrent Cleanup for Next Mark 0.219ms
[507.765s][info][gc          ] GC(495) Concurrent Cycle 62.327ms
[508.141s][info][gc,start    ] GC(496) Pause Young (Normal) (G1 Evacuation Pause)
[508.141s][info][gc,task     ] GC(496) Using 8 workers of 8 for evacuation
[508.143s][info][gc,phases   ] GC(496)   Pre Evacuate Collection Set: 0.1ms
[508.143s][info][gc,phases   ] GC(496)   Merge Heap Roots: 0.1ms
[508.143s][info][gc,phases   ] GC(496)   Evacuate Collection Set: 1.5ms
[508.143s][info][gc,phases   ] GC(496)   Post Evacuate Collection Set: 0.4ms
[508.143s][info][gc,phases   ] GC(496)   Other: 0.2ms
[508.143s][info][gc,heap     ] GC(496) Eden regions: 29->0(28)
[508.143s][info][gc,heap     ] GC(496) Survivor regions: 1->1(4)
[508.143s][info][gc,heap     ] GC(496) Old regions: 36->37
[508.143s][info][gc,heap     ] GC(496) Archive regions: 2->2
[508.143s][info][gc,heap     ] GC(496) Humongous regions: 0->0
[508.143s][info][gc,metaspace] GC(496) Metaspace: 48449K(49744K)->48449K(49744K) NonClass: 42602K(43600K)->42602K(43600K) Class: 5847K(6144K)->5847K(6144K)
[508.143s][info][gc          ] GC(496) Pause Young (Normal) (G1 Evacuation Pause) 66M->37M(77M) 2.468ms
[508.143s][info][gc,cpu      ] GC(496) User=0.01s Sys=0.00s Real=0.01s
[508.548s][info][gc,start    ] GC(497) Pause Young (Concurrent Start) (G1 Evacuation Pause)
[508.548s][info][gc,task     ] GC(497) Using 8 workers of 8 for evacuation
[508.549s][info][gc,phases   ] GC(497)   Pre Evacuate Collection Set: 0.1ms
[508.549s][info][gc,phases   ] GC(497)   Merge Heap Roots: 0.0ms
[508.549s][info][gc,phases   ] GC(497)   Evacuate Collection Set: 0.7ms
[508.549s][info][gc,phases   ] GC(497)   Post Evacuate Collection Set: 0.3ms
[508.549s][info][gc,phases   ] GC(497)   Other: 0.2ms
[508.549s][info][gc,heap     ] GC(497) Eden regions: 28->0(28)
[508.549s][info][gc,heap     ] GC(497) Survivor regions: 1->1(4)
[508.549s][info][gc,heap     ] GC(497) Old regions: 37->37
[508.549s][info][gc,heap     ] GC(497) Archive regions: 2->2
[508.549s][info][gc,heap     ] GC(497) Humongous regions: 0->0
[508.549s][info][gc,metaspace] GC(497) Metaspace: 48449K(49744K)->48449K(49744K) NonClass: 42602K(43600K)->42602K(43600K) Class: 5847K(6144K)->5847K(6144K)
[508.549s][info][gc          ] GC(497) Pause Young (Concurrent Start) (G1 Evacuation Pause) 65M->37M(77M) 1.400ms
[508.549s][info][gc,cpu      ] GC(497) User=0.01s Sys=0.00s Real=0.00s
[508.549s][info][gc          ] GC(498) Concurrent Cycle
[508.549s][info][gc,marking  ] GC(498) Concurrent Clear Claimed Marks
[508.549s][info][gc,marking  ] GC(498) Concurrent Clear Claimed Marks 0.042ms
[508.549s][info][gc,marking  ] GC(498) Concurrent Scan Root Regions
[508.550s][info][gc,marking  ] GC(498) Concurrent Scan Root Regions 0.887ms
[508.550s][info][gc,marking  ] GC(498) Concurrent Mark (508.550s)
[508.550s][info][gc,marking  ] GC(498) Concurrent Mark From Roots
[508.550s][info][gc,task     ] GC(498) Using 2 workers of 2 for marking
[508.585s][info][gc,marking  ] GC(498) Concurrent Mark From Roots 34.555ms
[508.585s][info][gc,marking  ] GC(498) Concurrent Preclean
[508.585s][info][gc,marking  ] GC(498) Concurrent Preclean 0.127ms
[508.585s][info][gc,marking  ] GC(498) Concurrent Mark (508.550s, 508.585s) 34.785ms
[508.585s][info][gc,start    ] GC(498) Pause Remark
[508.586s][info][gc          ] GC(498) Pause Remark 39M->39M(77M) 1.054ms
[508.586s][info][gc,cpu      ] GC(498) User=0.00s Sys=0.01s Real=0.00s
[508.586s][info][gc,marking  ] GC(498) Concurrent Rebuild Remembered Sets
[508.607s][info][gc,marking  ] GC(498) Concurrent Rebuild Remembered Sets 21.020ms
[508.609s][info][gc,start    ] GC(498) Pause Cleanup
[508.609s][info][gc          ] GC(498) Pause Cleanup 40M->40M(77M) 0.119ms
[508.609s][info][gc,cpu      ] GC(498) User=0.00s Sys=0.00s Real=0.00s
[508.609s][info][gc,marking  ] GC(498) Concurrent Cleanup for Next Mark
[508.609s][info][gc,marking  ] GC(498) Concurrent Cleanup for Next Mark 0.210ms
[508.609s][info][gc          ] GC(498) Concurrent Cycle 60.250ms
[508.900s][info][gc,start    ] GC(499) Pause Young (Normal) (G1 Evacuation Pause)
[508.900s][info][gc,task     ] GC(499) Using 8 workers of 8 for evacuation
[508.901s][info][gc,phases   ] GC(499)   Pre Evacuate Collection Set: 0.1ms
[508.901s][info][gc,phases   ] GC(499)   Merge Heap Roots: 0.0ms
[508.901s][info][gc,phases   ] GC(499)   Evacuate Collection Set: 0.5ms
[508.901s][info][gc,phases   ] GC(499)   Post Evacuate Collection Set: 0.2ms
[508.901s][info][gc,phases   ] GC(499)   Other: 0.2ms
[508.901s][info][gc,heap     ] GC(499) Eden regions: 28->0(28)
[508.901s][info][gc,heap     ] GC(499) Survivor regions: 1->1(4)
[508.901s][info][gc,heap     ] GC(499) Old regions: 37->37
[508.901s][info][gc,heap     ] GC(499) Archive regions: 2->2
[508.901s][info][gc,heap     ] GC(499) Humongous regions: 0->0
[508.901s][info][gc,metaspace] GC(499) Metaspace: 48449K(49744K)->48449K(49744K) NonClass: 42602K(43600K)->42602K(43600K) Class: 5847K(6144K)->5847K(6144K)
[508.901s][info][gc          ] GC(499) Pause Young (Normal) (G1 Evacuation Pause) 65M->37M(77M) 1.094ms
[508.901s][info][gc,cpu      ] GC(499) User=0.00s Sys=0.00s Real=0.00s
[509.295s][info][gc,start    ] GC(500) Pause Young (Concurrent Start) (G1 Evacuation Pause)
[509.295s][info][gc,task     ] GC(500) Using 8 workers of 8 for evacuation
[509.296s][info][gc,phases   ] GC(500)   Pre Evacuate Collection Set: 0.1ms
[509.296s][info][gc,phases   ] GC(500)   Merge Heap Roots: 0.0ms
[509.296s][info][gc,phases   ] GC(500)   Evacuate Collection Set: 0.6ms
[509.296s][info][gc,phases   ] GC(500)   Post Evacuate Collection Set: 0.2ms
[509.296s][info][gc,phases   ] GC(500)   Other: 0.2ms
[509.296s][info][gc,heap     ] GC(500) Eden regions: 28->0(28)
[509.296s][info][gc,heap     ] GC(500) Survivor regions: 1->1(4)
[509.296s][info][gc,heap     ] GC(500) Old regions: 37->37
[509.296s][info][gc,heap     ] GC(500) Archive regions: 2->2
[509.296s][info][gc,heap     ] GC(500) Humongous regions: 0->0
[509.296s][info][gc,metaspace] GC(500) Metaspace: 48449K(49744K)->48449K(49744K) NonClass: 42602K(43600K)->42602K(43600K) Class: 5847K(6144K)->5847K(6144K)
[509.296s][info][gc          ] GC(500) Pause Young (Concurrent Start) (G1 Evacuation Pause) 65M->37M(77M) 1.203ms
[509.296s][info][gc,cpu      ] GC(500) User=0.01s Sys=0.00s Real=0.00s
[509.296s][info][gc          ] GC(501) Concurrent Cycle
[509.296s][info][gc,marking  ] GC(501) Concurrent Clear Claimed Marks
[509.296s][info][gc,marking  ] GC(501) Concurrent Clear Claimed Marks 0.028ms
[509.296s][info][gc,marking  ] GC(501) Concurrent Scan Root Regions
[509.297s][info][gc,marking  ] GC(501) Concurrent Scan Root Regions 0.704ms
[509.297s][info][gc,marking  ] GC(501) Concurrent Mark (509.297s)
[509.297s][info][gc,marking  ] GC(501) Concurrent Mark From Roots
[509.297s][info][gc,task     ] GC(501) Using 2 workers of 2 for marking
[509.332s][info][gc,marking  ] GC(501) Concurrent Mark From Roots 34.917ms
[509.332s][info][gc,marking  ] GC(501) Concurrent Preclean
[509.332s][info][gc,marking  ] GC(501) Concurrent Preclean 0.175ms
[509.332s][info][gc,marking  ] GC(501) Concurrent Mark (509.297s, 509.332s) 35.214ms
[509.332s][info][gc,start    ] GC(501) Pause Remark
[509.333s][info][gc          ] GC(501) Pause Remark 39M->39M(77M) 1.241ms
[509.334s][info][gc,cpu      ] GC(501) User=0.01s Sys=0.00s Real=0.01s
[509.334s][info][gc,marking  ] GC(501) Concurrent Rebuild Remembered Sets
[509.355s][info][gc,marking  ] GC(501) Concurrent Rebuild Remembered Sets 21.065ms
[509.357s][info][gc,start    ] GC(501) Pause Cleanup
[509.357s][info][gc          ] GC(501) Pause Cleanup 40M->40M(77M) 0.152ms
[509.357s][info][gc,cpu      ] GC(501) User=0.00s Sys=0.00s Real=0.00s
[509.357s][info][gc,marking  ] GC(501) Concurrent Cleanup for Next Mark
[509.357s][info][gc,marking  ] GC(501) Concurrent Cleanup for Next Mark 0.169ms
[509.357s][info][gc          ] GC(501) Concurrent Cycle 61.353ms
[509.703s][info][gc,start    ] GC(502) Pause Young (Normal) (G1 Evacuation Pause)
[509.703s][info][gc,task     ] GC(502) Using 8 workers of 8 for evacuation
[509.704s][info][gc,phases   ] GC(502)   Pre Evacuate Collection Set: 0.1ms
[509.704s][info][gc,phases   ] GC(502)   Merge Heap Roots: 0.0ms
[509.704s][info][gc,phases   ] GC(502)   Evacuate Collection Set: 0.7ms
[509.704s][info][gc,phases   ] GC(502)   Post Evacuate Collection Set: 0.2ms
[509.704s][info][gc,phases   ] GC(502)   Other: 0.2ms
[509.704s][info][gc,heap     ] GC(502) Eden regions: 28->0(28)
[509.704s][info][gc,heap     ] GC(502) Survivor regions: 1->1(4)
[509.704s][info][gc,heap     ] GC(502) Old regions: 37->37
[509.704s][info][gc,heap     ] GC(502) Archive regions: 2->2
[509.704s][info][gc,heap     ] GC(502) Humongous regions: 0->0
[509.704s][info][gc,metaspace] GC(502) Metaspace: 48449K(49744K)->48449K(49744K) NonClass: 42602K(43600K)->42602K(43600K) Class: 5847K(6144K)->5847K(6144K)
[509.704s][info][gc          ] GC(502) Pause Young (Normal) (G1 Evacuation Pause) 65M->37M(77M) 1.323ms
[509.704s][info][gc,cpu      ] GC(502) User=0.00s Sys=0.00s Real=0.01s
[510.034s][info][gc,start    ] GC(503) Pause Young (Concurrent Start) (G1 Evacuation Pause)
[510.034s][info][gc,task     ] GC(503) Using 8 workers of 8 for evacuation
[510.035s][info][gc,phases   ] GC(503)   Pre Evacuate Collection Set: 0.1ms
[510.035s][info][gc,phases   ] GC(503)   Merge Heap Roots: 0.0ms
[510.036s][info][gc,phases   ] GC(503)   Evacuate Collection Set: 0.8ms
[510.036s][info][gc,phases   ] GC(503)   Post Evacuate Collection Set: 0.4ms
[510.036s][info][gc,phases   ] GC(503)   Other: 0.3ms
[510.036s][info][gc,heap     ] GC(503) Eden regions: 28->0(28)
[510.036s][info][gc,heap     ] GC(503) Survivor regions: 1->1(4)
[510.036s][info][gc,heap     ] GC(503) Old regions: 37->37
[510.036s][info][gc,heap     ] GC(503) Archive regions: 2->2
[510.036s][info][gc,heap     ] GC(503) Humongous regions: 0->0
[510.036s][info][gc,metaspace] GC(503) Metaspace: 48449K(49744K)->48449K(49744K) NonClass: 42602K(43600K)->42602K(43600K) Class: 5847K(6144K)->5847K(6144K)
[510.036s][info][gc          ] GC(503) Pause Young (Concurrent Start) (G1 Evacuation Pause) 65M->37M(77M) 1.820ms
[510.036s][info][gc,cpu      ] GC(503) User=0.01s Sys=0.00s Real=0.00s
[510.036s][info][gc          ] GC(504) Concurrent Cycle
[510.036s][info][gc,marking  ] GC(504) Concurrent Clear Claimed Marks
[510.036s][info][gc,marking  ] GC(504) Concurrent Clear Claimed Marks 0.074ms
[510.036s][info][gc,marking  ] GC(504) Concurrent Scan Root Regions
[510.037s][info][gc,marking  ] GC(504) Concurrent Scan Root Regions 0.714ms
[510.037s][info][gc,marking  ] GC(504) Concurrent Mark (510.037s)
[510.037s][info][gc,marking  ] GC(504) Concurrent Mark From Roots
[510.037s][info][gc,task     ] GC(504) Using 2 workers of 2 for marking
[510.072s][info][gc,marking  ] GC(504) Concurrent Mark From Roots 35.402ms
[510.072s][info][gc,marking  ] GC(504) Concurrent Preclean
[510.072s][info][gc,marking  ] GC(504) Concurrent Preclean 0.113ms
[510.072s][info][gc,marking  ] GC(504) Concurrent Mark (510.037s, 510.072s) 35.605ms
[510.072s][info][gc,start    ] GC(504) Pause Remark
[510.073s][info][gc          ] GC(504) Pause Remark 39M->39M(77M) 1.068ms
[510.074s][info][gc,cpu      ] GC(504) User=0.01s Sys=0.00s Real=0.01s
[510.074s][info][gc,marking  ] GC(504) Concurrent Rebuild Remembered Sets
[510.095s][info][gc,marking  ] GC(504) Concurrent Rebuild Remembered Sets 21.092ms
[510.096s][info][gc,start    ] GC(504) Pause Cleanup
[510.097s][info][gc          ] GC(504) Pause Cleanup 40M->40M(77M) 0.127ms
[510.097s][info][gc,cpu      ] GC(504) User=0.00s Sys=0.00s Real=0.00s
[510.097s][info][gc,marking  ] GC(504) Concurrent Cleanup for Next Mark
[510.097s][info][gc,marking  ] GC(504) Concurrent Cleanup for Next Mark 0.180ms
[510.097s][info][gc          ] GC(504) Concurrent Cycle 61.338ms
[510.383s][info][gc,start    ] GC(505) Pause Young (Normal) (G1 Evacuation Pause)
[510.383s][info][gc,task     ] GC(505) Using 8 workers of 8 for evacuation
[510.384s][info][gc,phases   ] GC(505)   Pre Evacuate Collection Set: 0.1ms
[510.384s][info][gc,phases   ] GC(505)   Merge Heap Roots: 0.0ms
[510.384s][info][gc,phases   ] GC(505)   Evacuate Collection Set: 0.6ms
[510.384s][info][gc,phases   ] GC(505)   Post Evacuate Collection Set: 0.2ms
[510.384s][info][gc,phases   ] GC(505)   Other: 0.2ms
[510.384s][info][gc,heap     ] GC(505) Eden regions: 28->0(28)
[510.384s][info][gc,heap     ] GC(505) Survivor regions: 1->1(4)
[510.384s][info][gc,heap     ] GC(505) Old regions: 37->37
[510.384s][info][gc,heap     ] GC(505) Archive regions: 2->2
[510.384s][info][gc,heap     ] GC(505) Humongous regions: 0->0
[510.385s][info][gc,metaspace] GC(505) Metaspace: 48449K(49744K)->48449K(49744K) NonClass: 42602K(43600K)->42602K(43600K) Class: 5847K(6144K)->5847K(6144K)
[510.385s][info][gc          ] GC(505) Pause Young (Normal) (G1 Evacuation Pause) 65M->37M(77M) 1.301ms
[510.385s][info][gc,cpu      ] GC(505) User=0.01s Sys=0.00s Real=0.00s
[510.648s][info][gc,start    ] GC(506) Pause Young (Concurrent Start) (G1 Evacuation Pause)
[510.648s][info][gc,task     ] GC(506) Using 8 workers of 8 for evacuation
[510.650s][info][gc,phases   ] GC(506)   Pre Evacuate Collection Set: 0.2ms
[510.650s][info][gc,phases   ] GC(506)   Merge Heap Roots: 0.0ms
[510.650s][info][gc,phases   ] GC(506)   Evacuate Collection Set: 1.0ms
[510.650s][info][gc,phases   ] GC(506)   Post Evacuate Collection Set: 0.3ms
[510.650s][info][gc,phases   ] GC(506)   Other: 0.3ms
[510.650s][info][gc,heap     ] GC(506) Eden regions: 28->0(28)
[510.650s][info][gc,heap     ] GC(506) Survivor regions: 1->1(4)
[510.650s][info][gc,heap     ] GC(506) Old regions: 37->37
[510.650s][info][gc,heap     ] GC(506) Archive regions: 2->2
[510.650s][info][gc,heap     ] GC(506) Humongous regions: 0->0
[510.650s][info][gc,metaspace] GC(506) Metaspace: 48449K(49744K)->48449K(49744K) NonClass: 42602K(43600K)->42602K(43600K) Class: 5847K(6144K)->5847K(6144K)
[510.650s][info][gc          ] GC(506) Pause Young (Concurrent Start) (G1 Evacuation Pause) 65M->37M(77M) 2.037ms
[510.650s][info][gc,cpu      ] GC(506) User=0.01s Sys=0.00s Real=0.00s
[510.650s][info][gc          ] GC(507) Concurrent Cycle
[510.650s][info][gc,marking  ] GC(507) Concurrent Clear Claimed Marks
[510.650s][info][gc,marking  ] GC(507) Concurrent Clear Claimed Marks 0.052ms
[510.650s][info][gc,marking  ] GC(507) Concurrent Scan Root Regions
[510.651s][info][gc,marking  ] GC(507) Concurrent Scan Root Regions 0.644ms
[510.651s][info][gc,marking  ] GC(507) Concurrent Mark (510.651s)
[510.651s][info][gc,marking  ] GC(507) Concurrent Mark From Roots
[510.651s][info][gc,task     ] GC(507) Using 2 workers of 2 for marking
[510.686s][info][gc,marking  ] GC(507) Concurrent Mark From Roots 35.105ms
[510.686s][info][gc,marking  ] GC(507) Concurrent Preclean
[510.686s][info][gc,marking  ] GC(507) Concurrent Preclean 0.084ms
[510.686s][info][gc,marking  ] GC(507) Concurrent Mark (510.651s, 510.686s) 35.265ms
[510.686s][info][gc,start    ] GC(507) Pause Remark
[510.688s][info][gc          ] GC(507) Pause Remark 40M->40M(77M) 1.183ms
[510.688s][info][gc,cpu      ] GC(507) User=0.00s Sys=0.00s Real=0.00s
[510.688s][info][gc,marking  ] GC(507) Concurrent Rebuild Remembered Sets
[510.712s][info][gc,marking  ] GC(507) Concurrent Rebuild Remembered Sets 23.778ms
[510.714s][info][gc,start    ] GC(507) Pause Cleanup
[510.714s][info][gc          ] GC(507) Pause Cleanup 41M->41M(77M) 0.145ms
[510.714s][info][gc,cpu      ] GC(507) User=0.00s Sys=0.00s Real=0.00s
[510.714s][info][gc,marking  ] GC(507) Concurrent Cleanup for Next Mark
[510.714s][info][gc,marking  ] GC(507) Concurrent Cleanup for Next Mark 0.217ms
[510.714s][info][gc          ] GC(507) Concurrent Cycle 63.995ms
[510.921s][info][gc,start    ] GC(508) Pause Young (Normal) (G1 Evacuation Pause)
[510.921s][info][gc,task     ] GC(508) Using 8 workers of 8 for evacuation
[510.922s][info][gc,phases   ] GC(508)   Pre Evacuate Collection Set: 0.1ms
[510.922s][info][gc,phases   ] GC(508)   Merge Heap Roots: 0.0ms
[510.922s][info][gc,phases   ] GC(508)   Evacuate Collection Set: 0.5ms
[510.922s][info][gc,phases   ] GC(508)   Post Evacuate Collection Set: 0.2ms
[510.922s][info][gc,phases   ] GC(508)   Other: 0.2ms
[510.922s][info][gc,heap     ] GC(508) Eden regions: 28->0(28)
[510.922s][info][gc,heap     ] GC(508) Survivor regions: 1->1(4)
[510.922s][info][gc,heap     ] GC(508) Old regions: 37->37
[510.923s][info][gc,heap     ] GC(508) Archive regions: 2->2
[510.923s][info][gc,heap     ] GC(508) Humongous regions: 0->0
[510.923s][info][gc,metaspace] GC(508) Metaspace: 48449K(49744K)->48449K(49744K) NonClass: 42602K(43600K)->42602K(43600K) Class: 5847K(6144K)->5847K(6144K)
[510.923s][info][gc          ] GC(508) Pause Young (Normal) (G1 Evacuation Pause) 65M->37M(77M) 1.230ms
[510.923s][info][gc,cpu      ] GC(508) User=0.00s Sys=0.00s Real=0.00s
[511.225s][info][gc,start    ] GC(509) Pause Young (Concurrent Start) (G1 Evacuation Pause)
[511.225s][info][gc,task     ] GC(509) Using 8 workers of 8 for evacuation
[511.226s][info][gc,phases   ] GC(509)   Pre Evacuate Collection Set: 0.1ms
[511.226s][info][gc,phases   ] GC(509)   Merge Heap Roots: 0.1ms
[511.226s][info][gc,phases   ] GC(509)   Evacuate Collection Set: 0.7ms
[511.226s][info][gc,phases   ] GC(509)   Post Evacuate Collection Set: 0.2ms
[511.226s][info][gc,phases   ] GC(509)   Other: 0.2ms
[511.226s][info][gc,heap     ] GC(509) Eden regions: 28->0(28)
[511.226s][info][gc,heap     ] GC(509) Survivor regions: 1->1(4)
[511.226s][info][gc,heap     ] GC(509) Old regions: 37->37
[511.226s][info][gc,heap     ] GC(509) Archive regions: 2->2
[511.226s][info][gc,heap     ] GC(509) Humongous regions: 0->0
[511.226s][info][gc,metaspace] GC(509) Metaspace: 48449K(49744K)->48449K(49744K) NonClass: 42602K(43600K)->42602K(43600K) Class: 5847K(6144K)->5847K(6144K)
[511.226s][info][gc          ] GC(509) Pause Young (Concurrent Start) (G1 Evacuation Pause) 65M->37M(77M) 1.344ms
[511.227s][info][gc,cpu      ] GC(509) User=0.01s Sys=0.00s Real=0.00s
[511.227s][info][gc          ] GC(510) Concurrent Cycle
[511.227s][info][gc,marking  ] GC(510) Concurrent Clear Claimed Marks
[511.227s][info][gc,marking  ] GC(510) Concurrent Clear Claimed Marks 0.042ms
[511.227s][info][gc,marking  ] GC(510) Concurrent Scan Root Regions
[511.227s][info][gc,marking  ] GC(510) Concurrent Scan Root Regions 0.602ms
[511.227s][info][gc,marking  ] GC(510) Concurrent Mark (511.227s)
[511.227s][info][gc,marking  ] GC(510) Concurrent Mark From Roots
[511.227s][info][gc,task     ] GC(510) Using 2 workers of 2 for marking
[511.268s][info][gc,marking  ] GC(510) Concurrent Mark From Roots 41.101ms
[511.268s][info][gc,marking  ] GC(510) Concurrent Preclean
[511.269s][info][gc,marking  ] GC(510) Concurrent Preclean 0.143ms
[511.269s][info][gc,marking  ] GC(510) Concurrent Mark (511.227s, 511.269s) 41.346ms
[511.269s][info][gc,start    ] GC(510) Pause Remark
[511.270s][info][gc          ] GC(510) Pause Remark 39M->39M(77M) 0.978ms
[511.270s][info][gc,cpu      ] GC(510) User=0.01s Sys=0.00s Real=0.00s
[511.270s][info][gc,marking  ] GC(510) Concurrent Rebuild Remembered Sets
[511.292s][info][gc,marking  ] GC(510) Concurrent Rebuild Remembered Sets 21.712ms
[511.293s][info][gc,start    ] GC(510) Pause Cleanup
[511.293s][info][gc          ] GC(510) Pause Cleanup 41M->41M(77M) 0.107ms
[511.293s][info][gc,cpu      ] GC(510) User=0.00s Sys=0.00s Real=0.00s
[511.294s][info][gc,marking  ] GC(510) Concurrent Cleanup for Next Mark
[511.294s][info][gc,marking  ] GC(510) Concurrent Cleanup for Next Mark 0.172ms
[511.294s][info][gc          ] GC(510) Concurrent Cycle 67.572ms
[511.491s][info][gc,start    ] GC(511) Pause Young (Normal) (G1 Evacuation Pause)
[511.491s][info][gc,task     ] GC(511) Using 8 workers of 8 for evacuation
[511.492s][info][gc,phases   ] GC(511)   Pre Evacuate Collection Set: 0.1ms
[511.492s][info][gc,phases   ] GC(511)   Merge Heap Roots: 0.0ms
[511.492s][info][gc,phases   ] GC(511)   Evacuate Collection Set: 0.7ms
[511.492s][info][gc,phases   ] GC(511)   Post Evacuate Collection Set: 0.4ms
[511.492s][info][gc,phases   ] GC(511)   Other: 0.3ms
[511.492s][info][gc,heap     ] GC(511) Eden regions: 28->0(28)
[511.492s][info][gc,heap     ] GC(511) Survivor regions: 1->1(4)
[511.492s][info][gc,heap     ] GC(511) Old regions: 37->37
[511.492s][info][gc,heap     ] GC(511) Archive regions: 2->2
[511.492s][info][gc,heap     ] GC(511) Humongous regions: 0->0
[511.492s][info][gc,metaspace] GC(511) Metaspace: 48449K(49744K)->48449K(49744K) NonClass: 42602K(43600K)->42602K(43600K) Class: 5847K(6144K)->5847K(6144K)
[511.493s][info][gc          ] GC(511) Pause Young (Normal) (G1 Evacuation Pause) 65M->37M(77M) 1.608ms
[511.493s][info][gc,cpu      ] GC(511) User=0.00s Sys=0.00s Real=0.00s
[511.748s][info][gc,start    ] GC(512) Pause Young (Concurrent Start) (G1 Evacuation Pause)
[511.748s][info][gc,task     ] GC(512) Using 8 workers of 8 for evacuation
[511.749s][info][gc,phases   ] GC(512)   Pre Evacuate Collection Set: 0.1ms
[511.749s][info][gc,phases   ] GC(512)   Merge Heap Roots: 0.0ms
[511.749s][info][gc,phases   ] GC(512)   Evacuate Collection Set: 0.7ms
[511.749s][info][gc,phases   ] GC(512)   Post Evacuate Collection Set: 0.2ms
[511.749s][info][gc,phases   ] GC(512)   Other: 0.2ms
[511.749s][info][gc,heap     ] GC(512) Eden regions: 28->0(28)
[511.749s][info][gc,heap     ] GC(512) Survivor regions: 1->1(4)
[511.749s][info][gc,heap     ] GC(512) Old regions: 37->37
[511.749s][info][gc,heap     ] GC(512) Archive regions: 2->2
[511.749s][info][gc,heap     ] GC(512) Humongous regions: 0->0
[511.749s][info][gc,metaspace] GC(512) Metaspace: 48449K(49744K)->48449K(49744K) NonClass: 42602K(43600K)->42602K(43600K) Class: 5847K(6144K)->5847K(6144K)
[511.749s][info][gc          ] GC(512) Pause Young (Concurrent Start) (G1 Evacuation Pause) 65M->37M(77M) 1.269ms
[511.749s][info][gc,cpu      ] GC(512) User=0.01s Sys=0.00s Real=0.00s
[511.749s][info][gc          ] GC(513) Concurrent Cycle
[511.749s][info][gc,marking  ] GC(513) Concurrent Clear Claimed Marks
[511.749s][info][gc,marking  ] GC(513) Concurrent Clear Claimed Marks 0.045ms
[511.749s][info][gc,marking  ] GC(513) Concurrent Scan Root Regions
[511.751s][info][gc,marking  ] GC(513) Concurrent Scan Root Regions 1.256ms
[511.751s][info][gc,marking  ] GC(513) Concurrent Mark (511.751s)
[511.751s][info][gc,marking  ] GC(513) Concurrent Mark From Roots
[511.751s][info][gc,task     ] GC(513) Using 2 workers of 2 for marking
[511.788s][info][gc,marking  ] GC(513) Concurrent Mark From Roots 37.207ms
[511.788s][info][gc,marking  ] GC(513) Concurrent Preclean
[511.788s][info][gc,marking  ] GC(513) Concurrent Preclean 0.114ms
[511.788s][info][gc,marking  ] GC(513) Concurrent Mark (511.751s, 511.788s) 37.422ms
[511.788s][info][gc,start    ] GC(513) Pause Remark
[511.789s][info][gc          ] GC(513) Pause Remark 41M->41M(77M) 0.983ms
[511.789s][info][gc,cpu      ] GC(513) User=0.01s Sys=0.00s Real=0.00s
[511.789s][info][gc,marking  ] GC(513) Concurrent Rebuild Remembered Sets
[511.810s][info][gc,marking  ] GC(513) Concurrent Rebuild Remembered Sets 20.489ms
[511.811s][info][gc,start    ] GC(513) Pause Cleanup
[511.811s][info][gc          ] GC(513) Pause Cleanup 43M->43M(77M) 0.101ms
[511.811s][info][gc,cpu      ] GC(513) User=0.00s Sys=0.00s Real=0.00s
[511.811s][info][gc,marking  ] GC(513) Concurrent Cleanup for Next Mark
[511.811s][info][gc,marking  ] GC(513) Concurrent Cleanup for Next Mark 0.151ms
[511.811s][info][gc          ] GC(513) Concurrent Cycle 62.222ms
[512.014s][info][gc,start    ] GC(514) Pause Young (Normal) (G1 Evacuation Pause)
[512.014s][info][gc,task     ] GC(514) Using 8 workers of 8 for evacuation
[512.015s][info][gc,phases   ] GC(514)   Pre Evacuate Collection Set: 0.1ms
[512.015s][info][gc,phases   ] GC(514)   Merge Heap Roots: 0.1ms
[512.015s][info][gc,phases   ] GC(514)   Evacuate Collection Set: 0.6ms
[512.015s][info][gc,phases   ] GC(514)   Post Evacuate Collection Set: 0.3ms
[512.015s][info][gc,phases   ] GC(514)   Other: 0.3ms
[512.015s][info][gc,heap     ] GC(514) Eden regions: 28->0(28)
[512.015s][info][gc,heap     ] GC(514) Survivor regions: 1->1(4)
[512.016s][info][gc,heap     ] GC(514) Old regions: 37->37
[512.016s][info][gc,heap     ] GC(514) Archive regions: 2->2
[512.016s][info][gc,heap     ] GC(514) Humongous regions: 0->0
[512.016s][info][gc,metaspace] GC(514) Metaspace: 48449K(49744K)->48449K(49744K) NonClass: 42602K(43600K)->42602K(43600K) Class: 5847K(6144K)->5847K(6144K)
[512.016s][info][gc          ] GC(514) Pause Young (Normal) (G1 Evacuation Pause) 65M->37M(77M) 1.500ms
[512.016s][info][gc,cpu      ] GC(514) User=0.00s Sys=0.00s Real=0.00s
[512.315s][info][gc,start    ] GC(515) Pause Young (Concurrent Start) (G1 Evacuation Pause)
[512.315s][info][gc,task     ] GC(515) Using 8 workers of 8 for evacuation
[512.316s][info][gc,phases   ] GC(515)   Pre Evacuate Collection Set: 0.1ms
[512.316s][info][gc,phases   ] GC(515)   Merge Heap Roots: 0.0ms
[512.316s][info][gc,phases   ] GC(515)   Evacuate Collection Set: 0.6ms
[512.316s][info][gc,phases   ] GC(515)   Post Evacuate Collection Set: 0.2ms
[512.316s][info][gc,phases   ] GC(515)   Other: 0.2ms
[512.316s][info][gc,heap     ] GC(515) Eden regions: 28->0(28)
[512.316s][info][gc,heap     ] GC(515) Survivor regions: 1->1(4)
[512.316s][info][gc,heap     ] GC(515) Old regions: 37->37
[512.316s][info][gc,heap     ] GC(515) Archive regions: 2->2
[512.316s][info][gc,heap     ] GC(515) Humongous regions: 0->0
[512.316s][info][gc,metaspace] GC(515) Metaspace: 48449K(49744K)->48449K(49744K) NonClass: 42602K(43600K)->42602K(43600K) Class: 5847K(6144K)->5847K(6144K)
[512.316s][info][gc          ] GC(515) Pause Young (Concurrent Start) (G1 Evacuation Pause) 65M->37M(77M) 1.260ms
[512.316s][info][gc,cpu      ] GC(515) User=0.00s Sys=0.00s Real=0.00s
[512.316s][info][gc          ] GC(516) Concurrent Cycle
[512.316s][info][gc,marking  ] GC(516) Concurrent Clear Claimed Marks
[512.316s][info][gc,marking  ] GC(516) Concurrent Clear Claimed Marks 0.035ms
[512.316s][info][gc,marking  ] GC(516) Concurrent Scan Root Regions
[512.318s][info][gc,marking  ] GC(516) Concurrent Scan Root Regions 1.284ms
[512.318s][info][gc,marking  ] GC(516) Concurrent Mark (512.318s)
[512.318s][info][gc,marking  ] GC(516) Concurrent Mark From Roots
[512.318s][info][gc,task     ] GC(516) Using 2 workers of 2 for marking
[512.353s][info][gc,marking  ] GC(516) Concurrent Mark From Roots 35.194ms
[512.353s][info][gc,marking  ] GC(516) Concurrent Preclean
[512.353s][info][gc,marking  ] GC(516) Concurrent Preclean 0.124ms
[512.353s][info][gc,marking  ] GC(516) Concurrent Mark (512.318s, 512.353s) 35.430ms
[512.353s][info][gc,start    ] GC(516) Pause Remark
[512.354s][info][gc          ] GC(516) Pause Remark 40M->40M(77M) 1.137ms
[512.354s][info][gc,cpu      ] GC(516) User=0.00s Sys=0.00s Real=0.00s
[512.354s][info][gc,marking  ] GC(516) Concurrent Rebuild Remembered Sets
[512.375s][info][gc,marking  ] GC(516) Concurrent Rebuild Remembered Sets 20.447ms
[512.378s][info][gc,start    ] GC(516) Pause Cleanup
[512.378s][info][gc          ] GC(516) Pause Cleanup 42M->42M(77M) 0.153ms
[512.378s][info][gc,cpu      ] GC(516) User=0.00s Sys=0.00s Real=0.00s
[512.378s][info][gc,marking  ] GC(516) Concurrent Cleanup for Next Mark
[512.378s][info][gc,marking  ] GC(516) Concurrent Cleanup for Next Mark 0.253ms
[512.378s][info][gc          ] GC(516) Concurrent Cycle 61.993ms
[512.573s][info][gc,start    ] GC(517) Pause Young (Normal) (G1 Evacuation Pause)
[512.573s][info][gc,task     ] GC(517) Using 8 workers of 8 for evacuation
[512.574s][info][gc,phases   ] GC(517)   Pre Evacuate Collection Set: 0.1ms
[512.574s][info][gc,phases   ] GC(517)   Merge Heap Roots: 0.0ms
[512.574s][info][gc,phases   ] GC(517)   Evacuate Collection Set: 0.7ms
[512.574s][info][gc,phases   ] GC(517)   Post Evacuate Collection Set: 0.2ms
[512.574s][info][gc,phases   ] GC(517)   Other: 0.3ms
[512.574s][info][gc,heap     ] GC(517) Eden regions: 28->0(28)
[512.574s][info][gc,heap     ] GC(517) Survivor regions: 1->1(4)
[512.575s][info][gc,heap     ] GC(517) Old regions: 37->37
[512.575s][info][gc,heap     ] GC(517) Archive regions: 2->2
[512.575s][info][gc,heap     ] GC(517) Humongous regions: 0->0
[512.575s][info][gc,metaspace] GC(517) Metaspace: 48449K(49744K)->48449K(49744K) NonClass: 42602K(43600K)->42602K(43600K) Class: 5847K(6144K)->5847K(6144K)
[512.575s][info][gc          ] GC(517) Pause Young (Normal) (G1 Evacuation Pause) 65M->37M(77M) 1.442ms
[512.575s][info][gc,cpu      ] GC(517) User=0.01s Sys=0.00s Real=0.00s
[512.794s][info][gc,start    ] GC(518) Pause Young (Concurrent Start) (G1 Evacuation Pause)
[512.794s][info][gc,task     ] GC(518) Using 8 workers of 8 for evacuation
[512.795s][info][gc,phases   ] GC(518)   Pre Evacuate Collection Set: 0.1ms
[512.795s][info][gc,phases   ] GC(518)   Merge Heap Roots: 0.0ms
[512.795s][info][gc,phases   ] GC(518)   Evacuate Collection Set: 0.6ms
[512.795s][info][gc,phases   ] GC(518)   Post Evacuate Collection Set: 0.2ms
[512.795s][info][gc,phases   ] GC(518)   Other: 0.2ms
[512.795s][info][gc,heap     ] GC(518) Eden regions: 28->0(28)
[512.795s][info][gc,heap     ] GC(518) Survivor regions: 1->1(4)
[512.795s][info][gc,heap     ] GC(518) Old regions: 37->37
[512.795s][info][gc,heap     ] GC(518) Archive regions: 2->2
[512.795s][info][gc,heap     ] GC(518) Humongous regions: 0->0
[512.795s][info][gc,metaspace] GC(518) Metaspace: 48451K(49744K)->48451K(49744K) NonClass: 42603K(43600K)->42603K(43600K) Class: 5848K(6144K)->5848K(6144K)
[512.796s][info][gc          ] GC(518) Pause Young (Concurrent Start) (G1 Evacuation Pause) 65M->37M(77M) 1.195ms
[512.796s][info][gc,cpu      ] GC(518) User=0.00s Sys=0.00s Real=0.00s
[512.796s][info][gc          ] GC(519) Concurrent Cycle
[512.796s][info][gc,marking  ] GC(519) Concurrent Clear Claimed Marks
[512.796s][info][gc,marking  ] GC(519) Concurrent Clear Claimed Marks 0.034ms
[512.796s][info][gc,marking  ] GC(519) Concurrent Scan Root Regions
[512.796s][info][gc,marking  ] GC(519) Concurrent Scan Root Regions 0.806ms
[512.796s][info][gc,marking  ] GC(519) Concurrent Mark (512.796s)
[512.796s][info][gc,marking  ] GC(519) Concurrent Mark From Roots
[512.796s][info][gc,task     ] GC(519) Using 2 workers of 2 for marking
[512.834s][info][gc,marking  ] GC(519) Concurrent Mark From Roots 37.697ms
[512.834s][info][gc,marking  ] GC(519) Concurrent Preclean
[512.834s][info][gc,marking  ] GC(519) Concurrent Preclean 0.107ms
[512.834s][info][gc,marking  ] GC(519) Concurrent Mark (512.796s, 512.834s) 37.875ms
[512.835s][info][gc,start    ] GC(519) Pause Remark
[512.836s][info][gc          ] GC(519) Pause Remark 40M->40M(77M) 1.256ms
[512.836s][info][gc,cpu      ] GC(519) User=0.00s Sys=0.00s Real=0.00s
[512.836s][info][gc,marking  ] GC(519) Concurrent Rebuild Remembered Sets
[512.857s][info][gc,marking  ] GC(519) Concurrent Rebuild Remembered Sets 20.887ms
[512.859s][info][gc,start    ] GC(519) Pause Cleanup
[512.859s][info][gc          ] GC(519) Pause Cleanup 42M->42M(77M) 0.128ms
[512.859s][info][gc,cpu      ] GC(519) User=0.00s Sys=0.00s Real=0.00s
[512.859s][info][gc,marking  ] GC(519) Concurrent Cleanup for Next Mark
[512.859s][info][gc,marking  ] GC(519) Concurrent Cleanup for Next Mark 0.275ms
[512.859s][info][gc          ] GC(519) Concurrent Cycle 63.558ms
[513.065s][info][gc,start    ] GC(520) Pause Young (Normal) (G1 Evacuation Pause)
[513.065s][info][gc,task     ] GC(520) Using 8 workers of 8 for evacuation
[513.066s][info][gc,phases   ] GC(520)   Pre Evacuate Collection Set: 0.0ms
[513.066s][info][gc,phases   ] GC(520)   Merge Heap Roots: 0.0ms
[513.066s][info][gc,phases   ] GC(520)   Evacuate Collection Set: 0.6ms
[513.066s][info][gc,phases   ] GC(520)   Post Evacuate Collection Set: 0.2ms
[513.066s][info][gc,phases   ] GC(520)   Other: 0.1ms
[513.066s][info][gc,heap     ] GC(520) Eden regions: 28->0(28)
[513.066s][info][gc,heap     ] GC(520) Survivor regions: 1->1(4)
[513.066s][info][gc,heap     ] GC(520) Old regions: 37->37
[513.066s][info][gc,heap     ] GC(520) Archive regions: 2->2
[513.066s][info][gc,heap     ] GC(520) Humongous regions: 0->0
[513.066s][info][gc,metaspace] GC(520) Metaspace: 48451K(49744K)->48451K(49744K) NonClass: 42603K(43600K)->42603K(43600K) Class: 5848K(6144K)->5848K(6144K)
[513.066s][info][gc          ] GC(520) Pause Young (Normal) (G1 Evacuation Pause) 65M->37M(77M) 1.048ms
[513.066s][info][gc,cpu      ] GC(520) User=0.00s Sys=0.00s Real=0.00s
[513.375s][info][gc,start    ] GC(521) Pause Young (Concurrent Start) (G1 Evacuation Pause)
[513.375s][info][gc,task     ] GC(521) Using 8 workers of 8 for evacuation
[513.376s][info][gc,phases   ] GC(521)   Pre Evacuate Collection Set: 0.1ms
[513.376s][info][gc,phases   ] GC(521)   Merge Heap Roots: 0.0ms
[513.376s][info][gc,phases   ] GC(521)   Evacuate Collection Set: 0.9ms
[513.376s][info][gc,phases   ] GC(521)   Post Evacuate Collection Set: 0.2ms
[513.376s][info][gc,phases   ] GC(521)   Other: 0.2ms
[513.376s][info][gc,heap     ] GC(521) Eden regions: 28->0(28)
[513.376s][info][gc,heap     ] GC(521) Survivor regions: 1->1(4)
[513.376s][info][gc,heap     ] GC(521) Old regions: 37->37
[513.376s][info][gc,heap     ] GC(521) Archive regions: 2->2
[513.376s][info][gc,heap     ] GC(521) Humongous regions: 0->0
[513.376s][info][gc,metaspace] GC(521) Metaspace: 48451K(49744K)->48451K(49744K) NonClass: 42603K(43600K)->42603K(43600K) Class: 5848K(6144K)->5848K(6144K)
[513.376s][info][gc          ] GC(521) Pause Young (Concurrent Start) (G1 Evacuation Pause) 65M->37M(77M) 1.682ms
[513.376s][info][gc,cpu      ] GC(521) User=0.00s Sys=0.00s Real=0.00s
[513.377s][info][gc          ] GC(522) Concurrent Cycle
[513.377s][info][gc,marking  ] GC(522) Concurrent Clear Claimed Marks
[513.377s][info][gc,marking  ] GC(522) Concurrent Clear Claimed Marks 0.083ms
[513.377s][info][gc,marking  ] GC(522) Concurrent Scan Root Regions
[513.377s][info][gc,marking  ] GC(522) Concurrent Scan Root Regions 0.661ms
[513.377s][info][gc,marking  ] GC(522) Concurrent Mark (513.377s)
[513.377s][info][gc,marking  ] GC(522) Concurrent Mark From Roots
[513.377s][info][gc,task     ] GC(522) Using 2 workers of 2 for marking
[513.417s][info][gc,marking  ] GC(522) Concurrent Mark From Roots 39.970ms
[513.417s][info][gc,marking  ] GC(522) Concurrent Preclean
[513.417s][info][gc,marking  ] GC(522) Concurrent Preclean 0.112ms
[513.417s][info][gc,marking  ] GC(522) Concurrent Mark (513.377s, 513.417s) 40.155ms
[513.418s][info][gc,start    ] GC(522) Pause Remark
[513.419s][info][gc          ] GC(522) Pause Remark 41M->41M(77M) 1.168ms
[513.419s][info][gc,cpu      ] GC(522) User=0.00s Sys=0.00s Real=0.00s
[513.419s][info][gc,marking  ] GC(522) Concurrent Rebuild Remembered Sets
[513.441s][info][gc,marking  ] GC(522) Concurrent Rebuild Remembered Sets 22.017ms
[513.444s][info][gc,start    ] GC(522) Pause Cleanup
[513.444s][info][gc          ] GC(522) Pause Cleanup 44M->44M(77M) 0.177ms
[513.444s][info][gc,cpu      ] GC(522) User=0.00s Sys=0.00s Real=0.00s
[513.444s][info][gc,marking  ] GC(522) Concurrent Cleanup for Next Mark
[513.444s][info][gc,marking  ] GC(522) Concurrent Cleanup for Next Mark 0.225ms
[513.444s][info][gc          ] GC(522) Concurrent Cycle 67.624ms
[513.657s][info][gc,start    ] GC(523) Pause Young (Normal) (G1 Evacuation Pause)
[513.657s][info][gc,task     ] GC(523) Using 8 workers of 8 for evacuation
[513.658s][info][gc,phases   ] GC(523)   Pre Evacuate Collection Set: 0.1ms
[513.658s][info][gc,phases   ] GC(523)   Merge Heap Roots: 0.0ms
[513.658s][info][gc,phases   ] GC(523)   Evacuate Collection Set: 0.5ms
[513.658s][info][gc,phases   ] GC(523)   Post Evacuate Collection Set: 0.2ms
[513.658s][info][gc,phases   ] GC(523)   Other: 0.2ms
[513.658s][info][gc,heap     ] GC(523) Eden regions: 28->0(28)
[513.658s][info][gc,heap     ] GC(523) Survivor regions: 1->1(4)
[513.659s][info][gc,heap     ] GC(523) Old regions: 37->37
[513.659s][info][gc,heap     ] GC(523) Archive regions: 2->2
[513.659s][info][gc,heap     ] GC(523) Humongous regions: 0->0
[513.659s][info][gc,metaspace] GC(523) Metaspace: 48451K(49744K)->48451K(49744K) NonClass: 42603K(43600K)->42603K(43600K) Class: 5848K(6144K)->5848K(6144K)
[513.659s][info][gc          ] GC(523) Pause Young (Normal) (G1 Evacuation Pause) 65M->37M(77M) 1.202ms
[513.659s][info][gc,cpu      ] GC(523) User=0.00s Sys=0.01s Real=0.00s
[513.897s][info][gc,start    ] GC(524) Pause Young (Concurrent Start) (G1 Evacuation Pause)
[513.897s][info][gc,task     ] GC(524) Using 8 workers of 8 for evacuation
[513.898s][info][gc,phases   ] GC(524)   Pre Evacuate Collection Set: 0.1ms
[513.898s][info][gc,phases   ] GC(524)   Merge Heap Roots: 0.0ms
[513.898s][info][gc,phases   ] GC(524)   Evacuate Collection Set: 0.8ms
[513.898s][info][gc,phases   ] GC(524)   Post Evacuate Collection Set: 0.2ms
[513.898s][info][gc,phases   ] GC(524)   Other: 0.2ms
[513.898s][info][gc,heap     ] GC(524) Eden regions: 28->0(28)
[513.898s][info][gc,heap     ] GC(524) Survivor regions: 1->1(4)
[513.898s][info][gc,heap     ] GC(524) Old regions: 37->37
[513.898s][info][gc,heap     ] GC(524) Archive regions: 2->2
[513.898s][info][gc,heap     ] GC(524) Humongous regions: 0->0
[513.898s][info][gc,metaspace] GC(524) Metaspace: 48501K(49744K)->48501K(49744K) NonClass: 42646K(43600K)->42646K(43600K) Class: 5855K(6144K)->5855K(6144K)
[513.898s][info][gc          ] GC(524) Pause Young (Concurrent Start) (G1 Evacuation Pause) 65M->37M(77M) 1.484ms
[513.898s][info][gc,cpu      ] GC(524) User=0.00s Sys=0.00s Real=0.00s
[513.898s][info][gc          ] GC(525) Concurrent Cycle
[513.898s][info][gc,marking  ] GC(525) Concurrent Clear Claimed Marks
[513.898s][info][gc,marking  ] GC(525) Concurrent Clear Claimed Marks 0.043ms
[513.898s][info][gc,marking  ] GC(525) Concurrent Scan Root Regions
[513.899s][info][gc,marking  ] GC(525) Concurrent Scan Root Regions 0.655ms
[513.899s][info][gc,marking  ] GC(525) Concurrent Mark (513.899s)
[513.899s][info][gc,marking  ] GC(525) Concurrent Mark From Roots
[513.899s][info][gc,task     ] GC(525) Using 2 workers of 2 for marking
[513.933s][info][gc,marking  ] GC(525) Concurrent Mark From Roots 34.040ms
[513.933s][info][gc,marking  ] GC(525) Concurrent Preclean
[513.933s][info][gc,marking  ] GC(525) Concurrent Preclean 0.117ms
[513.933s][info][gc,marking  ] GC(525) Concurrent Mark (513.899s, 513.933s) 34.237ms
[513.933s][info][gc,start    ] GC(525) Pause Remark
[513.934s][info][gc          ] GC(525) Pause Remark 40M->40M(77M) 1.041ms
[513.934s][info][gc,cpu      ] GC(525) User=0.01s Sys=0.00s Real=0.00s
[513.935s][info][gc,marking  ] GC(525) Concurrent Rebuild Remembered Sets
[513.954s][info][gc,marking  ] GC(525) Concurrent Rebuild Remembered Sets 19.469ms
[513.955s][info][gc,start    ] GC(525) Pause Cleanup
[513.956s][info][gc          ] GC(525) Pause Cleanup 43M->43M(77M) 0.094ms
[513.956s][info][gc,cpu      ] GC(525) User=0.00s Sys=0.00s Real=0.00s
[513.956s][info][gc,marking  ] GC(525) Concurrent Cleanup for Next Mark
[513.956s][info][gc,marking  ] GC(525) Concurrent Cleanup for Next Mark 0.139ms
[513.956s][info][gc          ] GC(525) Concurrent Cycle 57.764ms
[514.176s][info][gc,start    ] GC(526) Pause Young (Normal) (G1 Evacuation Pause)
[514.176s][info][gc,task     ] GC(526) Using 8 workers of 8 for evacuation
[514.177s][info][gc,phases   ] GC(526)   Pre Evacuate Collection Set: 0.1ms
[514.177s][info][gc,phases   ] GC(526)   Merge Heap Roots: 0.0ms
[514.177s][info][gc,phases   ] GC(526)   Evacuate Collection Set: 0.7ms
[514.177s][info][gc,phases   ] GC(526)   Post Evacuate Collection Set: 0.2ms
[514.177s][info][gc,phases   ] GC(526)   Other: 0.3ms
[514.177s][info][gc,heap     ] GC(526) Eden regions: 28->0(28)
[514.177s][info][gc,heap     ] GC(526) Survivor regions: 1->1(4)
[514.177s][info][gc,heap     ] GC(526) Old regions: 37->37
[514.177s][info][gc,heap     ] GC(526) Archive regions: 2->2
[514.177s][info][gc,heap     ] GC(526) Humongous regions: 0->0
[514.177s][info][gc,metaspace] GC(526) Metaspace: 48501K(49744K)->48501K(49744K) NonClass: 42646K(43600K)->42646K(43600K) Class: 5855K(6144K)->5855K(6144K)
[514.177s][info][gc          ] GC(526) Pause Young (Normal) (G1 Evacuation Pause) 65M->37M(77M) 1.528ms
[514.177s][info][gc,cpu      ] GC(526) User=0.00s Sys=0.00s Real=0.00s
[514.390s][info][gc,start    ] GC(527) Pause Young (Concurrent Start) (G1 Evacuation Pause)
[514.390s][info][gc,task     ] GC(527) Using 8 workers of 8 for evacuation
[514.391s][info][gc,phases   ] GC(527)   Pre Evacuate Collection Set: 0.1ms
[514.391s][info][gc,phases   ] GC(527)   Merge Heap Roots: 0.0ms
[514.391s][info][gc,phases   ] GC(527)   Evacuate Collection Set: 0.6ms
[514.391s][info][gc,phases   ] GC(527)   Post Evacuate Collection Set: 0.2ms
[514.391s][info][gc,phases   ] GC(527)   Other: 0.2ms
[514.391s][info][gc,heap     ] GC(527) Eden regions: 28->0(28)
[514.391s][info][gc,heap     ] GC(527) Survivor regions: 1->1(4)
[514.391s][info][gc,heap     ] GC(527) Old regions: 37->37
[514.391s][info][gc,heap     ] GC(527) Archive regions: 2->2
[514.391s][info][gc,heap     ] GC(527) Humongous regions: 0->0
[514.391s][info][gc,metaspace] GC(527) Metaspace: 48501K(49744K)->48501K(49744K) NonClass: 42646K(43600K)->42646K(43600K) Class: 5855K(6144K)->5855K(6144K)
[514.391s][info][gc          ] GC(527) Pause Young (Concurrent Start) (G1 Evacuation Pause) 65M->37M(77M) 1.257ms
[514.391s][info][gc,cpu      ] GC(527) User=0.00s Sys=0.00s Real=0.00s
[514.391s][info][gc          ] GC(528) Concurrent Cycle
[514.391s][info][gc,marking  ] GC(528) Concurrent Clear Claimed Marks
[514.391s][info][gc,marking  ] GC(528) Concurrent Clear Claimed Marks 0.045ms
[514.391s][info][gc,marking  ] GC(528) Concurrent Scan Root Regions
[514.392s][info][gc,marking  ] GC(528) Concurrent Scan Root Regions 0.924ms
[514.392s][info][gc,marking  ] GC(528) Concurrent Mark (514.392s)
[514.392s][info][gc,marking  ] GC(528) Concurrent Mark From Roots
[514.392s][info][gc,task     ] GC(528) Using 2 workers of 2 for marking
[514.426s][info][gc,marking  ] GC(528) Concurrent Mark From Roots 33.632ms
[514.426s][info][gc,marking  ] GC(528) Concurrent Preclean
[514.426s][info][gc,marking  ] GC(528) Concurrent Preclean 0.145ms
[514.426s][info][gc,marking  ] GC(528) Concurrent Mark (514.392s, 514.426s) 33.856ms
[514.427s][info][gc,start    ] GC(528) Pause Remark
[514.428s][info][gc          ] GC(528) Pause Remark 41M->41M(77M) 1.166ms
[514.428s][info][gc,cpu      ] GC(528) User=0.00s Sys=0.00s Real=0.00s
[514.429s][info][gc,marking  ] GC(528) Concurrent Rebuild Remembered Sets
[514.449s][info][gc,marking  ] GC(528) Concurrent Rebuild Remembered Sets 20.389ms
[514.450s][info][gc,start    ] GC(528) Pause Cleanup
[514.450s][info][gc          ] GC(528) Pause Cleanup 43M->43M(77M) 0.111ms
[514.450s][info][gc,cpu      ] GC(528) User=0.00s Sys=0.00s Real=0.00s
[514.451s][info][gc,marking  ] GC(528) Concurrent Cleanup for Next Mark
[514.451s][info][gc,marking  ] GC(528) Concurrent Cleanup for Next Mark 0.143ms
[514.451s][info][gc          ] GC(528) Concurrent Cycle 59.680ms
[514.639s][info][gc,start    ] GC(529) Pause Young (Normal) (G1 Evacuation Pause)
[514.639s][info][gc,task     ] GC(529) Using 8 workers of 8 for evacuation
[514.640s][info][gc,phases   ] GC(529)   Pre Evacuate Collection Set: 0.0ms
[514.640s][info][gc,phases   ] GC(529)   Merge Heap Roots: 0.0ms
[514.640s][info][gc,phases   ] GC(529)   Evacuate Collection Set: 0.5ms
[514.640s][info][gc,phases   ] GC(529)   Post Evacuate Collection Set: 0.2ms
[514.640s][info][gc,phases   ] GC(529)   Other: 0.1ms
[514.640s][info][gc,heap     ] GC(529) Eden regions: 28->0(28)
[514.640s][info][gc,heap     ] GC(529) Survivor regions: 1->1(4)
[514.640s][info][gc,heap     ] GC(529) Old regions: 37->37
[514.640s][info][gc,heap     ] GC(529) Archive regions: 2->2
[514.640s][info][gc,heap     ] GC(529) Humongous regions: 0->0
[514.640s][info][gc,metaspace] GC(529) Metaspace: 48501K(49744K)->48501K(49744K) NonClass: 42646K(43600K)->42646K(43600K) Class: 5855K(6144K)->5855K(6144K)
[514.640s][info][gc          ] GC(529) Pause Young (Normal) (G1 Evacuation Pause) 65M->37M(77M) 1.046ms
[514.640s][info][gc,cpu      ] GC(529) User=0.00s Sys=0.00s Real=0.00s
[514.862s][info][gc,start    ] GC(530) Pause Young (Concurrent Start) (G1 Evacuation Pause)
[514.862s][info][gc,task     ] GC(530) Using 8 workers of 8 for evacuation
[514.863s][info][gc,phases   ] GC(530)   Pre Evacuate Collection Set: 0.1ms
[514.863s][info][gc,phases   ] GC(530)   Merge Heap Roots: 0.0ms
[514.863s][info][gc,phases   ] GC(530)   Evacuate Collection Set: 0.7ms
[514.863s][info][gc,phases   ] GC(530)   Post Evacuate Collection Set: 0.2ms
[514.863s][info][gc,phases   ] GC(530)   Other: 0.2ms
[514.863s][info][gc,heap     ] GC(530) Eden regions: 28->0(28)
[514.863s][info][gc,heap     ] GC(530) Survivor regions: 1->1(4)
[514.863s][info][gc,heap     ] GC(530) Old regions: 37->37
[514.863s][info][gc,heap     ] GC(530) Archive regions: 2->2
[514.863s][info][gc,heap     ] GC(530) Humongous regions: 0->0
[514.863s][info][gc,metaspace] GC(530) Metaspace: 48503K(49744K)->48503K(49744K) NonClass: 42648K(43600K)->42648K(43600K) Class: 5855K(6144K)->5855K(6144K)
[514.863s][info][gc          ] GC(530) Pause Young (Concurrent Start) (G1 Evacuation Pause) 65M->37M(77M) 1.334ms
[514.863s][info][gc,cpu      ] GC(530) User=0.01s Sys=0.00s Real=0.01s
[514.863s][info][gc          ] GC(531) Concurrent Cycle
[514.863s][info][gc,marking  ] GC(531) Concurrent Clear Claimed Marks
[514.863s][info][gc,marking  ] GC(531) Concurrent Clear Claimed Marks 0.037ms
[514.863s][info][gc,marking  ] GC(531) Concurrent Scan Root Regions
[514.864s][info][gc,marking  ] GC(531) Concurrent Scan Root Regions 0.635ms
[514.864s][info][gc,marking  ] GC(531) Concurrent Mark (514.864s)
[514.864s][info][gc,marking  ] GC(531) Concurrent Mark From Roots
[514.864s][info][gc,task     ] GC(531) Using 2 workers of 2 for marking
[514.899s][info][gc,marking  ] GC(531) Concurrent Mark From Roots 35.187ms
[514.899s][info][gc,marking  ] GC(531) Concurrent Preclean
[514.899s][info][gc,marking  ] GC(531) Concurrent Preclean 0.084ms
[514.899s][info][gc,marking  ] GC(531) Concurrent Mark (514.864s, 514.899s) 35.333ms
[514.899s][info][gc,start    ] GC(531) Pause Remark
[514.901s][info][gc          ] GC(531) Pause Remark 41M->41M(77M) 1.197ms
[514.901s][info][gc,cpu      ] GC(531) User=0.00s Sys=0.01s Real=0.00s
[514.901s][info][gc,marking  ] GC(531) Concurrent Rebuild Remembered Sets
[514.923s][info][gc,marking  ] GC(531) Concurrent Rebuild Remembered Sets 21.937ms
[514.925s][info][gc,start    ] GC(531) Pause Cleanup
[514.925s][info][gc          ] GC(531) Pause Cleanup 43M->43M(77M) 0.111ms
[514.925s][info][gc,cpu      ] GC(531) User=0.00s Sys=0.00s Real=0.00s
[514.925s][info][gc,marking  ] GC(531) Concurrent Cleanup for Next Mark
[514.925s][info][gc,marking  ] GC(531) Concurrent Cleanup for Next Mark 0.141ms
[514.925s][info][gc          ] GC(531) Concurrent Cycle 61.579ms
[515.103s][info][gc,start    ] GC(532) Pause Young (Normal) (G1 Evacuation Pause)
[515.103s][info][gc,task     ] GC(532) Using 8 workers of 8 for evacuation
[515.104s][info][gc,phases   ] GC(532)   Pre Evacuate Collection Set: 0.1ms
[515.104s][info][gc,phases   ] GC(532)   Merge Heap Roots: 0.0ms
[515.104s][info][gc,phases   ] GC(532)   Evacuate Collection Set: 0.6ms
[515.104s][info][gc,phases   ] GC(532)   Post Evacuate Collection Set: 0.2ms
[515.104s][info][gc,phases   ] GC(532)   Other: 0.2ms
[515.104s][info][gc,heap     ] GC(532) Eden regions: 28->0(28)
[515.104s][info][gc,heap     ] GC(532) Survivor regions: 1->1(4)
[515.104s][info][gc,heap     ] GC(532) Old regions: 37->37
[515.104s][info][gc,heap     ] GC(532) Archive regions: 2->2
[515.104s][info][gc,heap     ] GC(532) Humongous regions: 0->0
[515.104s][info][gc,metaspace] GC(532) Metaspace: 48503K(49744K)->48503K(49744K) NonClass: 42648K(43600K)->42648K(43600K) Class: 5855K(6144K)->5855K(6144K)
[515.104s][info][gc          ] GC(532) Pause Young (Normal) (G1 Evacuation Pause) 65M->37M(77M) 1.249ms
[515.104s][info][gc,cpu      ] GC(532) User=0.01s Sys=0.00s Real=0.00s
[515.292s][info][gc,start    ] GC(533) Pause Young (Concurrent Start) (G1 Evacuation Pause)
[515.292s][info][gc,task     ] GC(533) Using 8 workers of 8 for evacuation
[515.293s][info][gc,phases   ] GC(533)   Pre Evacuate Collection Set: 0.1ms
[515.293s][info][gc,phases   ] GC(533)   Merge Heap Roots: 0.0ms
[515.293s][info][gc,phases   ] GC(533)   Evacuate Collection Set: 0.7ms
[515.293s][info][gc,phases   ] GC(533)   Post Evacuate Collection Set: 0.3ms
[515.293s][info][gc,phases   ] GC(533)   Other: 0.2ms
[515.293s][info][gc,heap     ] GC(533) Eden regions: 28->0(28)
[515.293s][info][gc,heap     ] GC(533) Survivor regions: 1->1(4)
[515.293s][info][gc,heap     ] GC(533) Old regions: 37->37
[515.293s][info][gc,heap     ] GC(533) Archive regions: 2->2
[515.293s][info][gc,heap     ] GC(533) Humongous regions: 0->0
[515.293s][info][gc,metaspace] GC(533) Metaspace: 48503K(49744K)->48503K(49744K) NonClass: 42648K(43600K)->42648K(43600K) Class: 5855K(6144K)->5855K(6144K)
[515.293s][info][gc          ] GC(533) Pause Young (Concurrent Start) (G1 Evacuation Pause) 65M->37M(77M) 1.370ms
[515.293s][info][gc,cpu      ] GC(533) User=0.00s Sys=0.00s Real=0.01s
[515.293s][info][gc          ] GC(534) Concurrent Cycle
[515.293s][info][gc,marking  ] GC(534) Concurrent Clear Claimed Marks
[515.293s][info][gc,marking  ] GC(534) Concurrent Clear Claimed Marks 0.035ms
[515.293s][info][gc,marking  ] GC(534) Concurrent Scan Root Regions
[515.295s][info][gc,marking  ] GC(534) Concurrent Scan Root Regions 1.189ms
[515.295s][info][gc,marking  ] GC(534) Concurrent Mark (515.295s)
[515.295s][info][gc,marking  ] GC(534) Concurrent Mark From Roots
[515.295s][info][gc,task     ] GC(534) Using 2 workers of 2 for marking
[515.329s][info][gc,marking  ] GC(534) Concurrent Mark From Roots 34.606ms
[515.329s][info][gc,marking  ] GC(534) Concurrent Preclean
[515.329s][info][gc,marking  ] GC(534) Concurrent Preclean 0.112ms
[515.329s][info][gc,marking  ] GC(534) Concurrent Mark (515.295s, 515.329s) 34.792ms
[515.330s][info][gc,start    ] GC(534) Pause Remark
[515.331s][info][gc          ] GC(534) Pause Remark 41M->41M(77M) 1.649ms
[515.331s][info][gc,cpu      ] GC(534) User=0.01s Sys=0.00s Real=0.00s
[515.331s][info][gc,marking  ] GC(534) Concurrent Rebuild Remembered Sets
[515.351s][info][gc,marking  ] GC(534) Concurrent Rebuild Remembered Sets 19.862ms
[515.352s][info][gc,start    ] GC(534) Pause Cleanup
[515.352s][info][gc          ] GC(534) Pause Cleanup 43M->43M(77M) 0.123ms
[515.352s][info][gc,cpu      ] GC(534) User=0.00s Sys=0.01s Real=0.00s
[515.352s][info][gc,marking  ] GC(534) Concurrent Cleanup for Next Mark
[515.353s][info][gc,marking  ] GC(534) Concurrent Cleanup for Next Mark 0.143ms
[515.353s][info][gc          ] GC(534) Concurrent Cycle 59.317ms
[515.518s][info][gc,start    ] GC(535) Pause Young (Normal) (G1 Evacuation Pause)
[515.518s][info][gc,task     ] GC(535) Using 8 workers of 8 for evacuation
[515.519s][info][gc,phases   ] GC(535)   Pre Evacuate Collection Set: 0.1ms
[515.519s][info][gc,phases   ] GC(535)   Merge Heap Roots: 0.0ms
[515.519s][info][gc,phases   ] GC(535)   Evacuate Collection Set: 0.5ms
[515.519s][info][gc,phases   ] GC(535)   Post Evacuate Collection Set: 0.2ms
[515.519s][info][gc,phases   ] GC(535)   Other: 0.2ms
[515.519s][info][gc,heap     ] GC(535) Eden regions: 28->0(28)
[515.519s][info][gc,heap     ] GC(535) Survivor regions: 1->1(4)
[515.519s][info][gc,heap     ] GC(535) Old regions: 37->37
[515.519s][info][gc,heap     ] GC(535) Archive regions: 2->2
[515.519s][info][gc,heap     ] GC(535) Humongous regions: 0->0
[515.519s][info][gc,metaspace] GC(535) Metaspace: 48503K(49744K)->48503K(49744K) NonClass: 42648K(43600K)->42648K(43600K) Class: 5855K(6144K)->5855K(6144K)
[515.519s][info][gc          ] GC(535) Pause Young (Normal) (G1 Evacuation Pause) 65M->37M(77M) 1.095ms
[515.519s][info][gc,cpu      ] GC(535) User=0.00s Sys=0.00s Real=0.00s
[515.700s][info][gc,start    ] GC(536) Pause Young (Concurrent Start) (G1 Evacuation Pause)
[515.701s][info][gc,task     ] GC(536) Using 8 workers of 8 for evacuation
[515.702s][info][gc,phases   ] GC(536)   Pre Evacuate Collection Set: 0.1ms
[515.702s][info][gc,phases   ] GC(536)   Merge Heap Roots: 0.0ms
[515.702s][info][gc,phases   ] GC(536)   Evacuate Collection Set: 0.7ms
[515.702s][info][gc,phases   ] GC(536)   Post Evacuate Collection Set: 0.2ms
[515.702s][info][gc,phases   ] GC(536)   Other: 0.2ms
[515.702s][info][gc,heap     ] GC(536) Eden regions: 28->0(28)
[515.702s][info][gc,heap     ] GC(536) Survivor regions: 1->1(4)
[515.702s][info][gc,heap     ] GC(536) Old regions: 37->37
[515.702s][info][gc,heap     ] GC(536) Archive regions: 2->2
[515.702s][info][gc,heap     ] GC(536) Humongous regions: 0->0
[515.702s][info][gc,metaspace] GC(536) Metaspace: 48503K(49744K)->48503K(49744K) NonClass: 42648K(43600K)->42648K(43600K) Class: 5855K(6144K)->5855K(6144K)
[515.702s][info][gc          ] GC(536) Pause Young (Concurrent Start) (G1 Evacuation Pause) 65M->37M(77M) 1.315ms
[515.702s][info][gc,cpu      ] GC(536) User=0.01s Sys=0.00s Real=0.00s
[515.702s][info][gc          ] GC(537) Concurrent Cycle
[515.702s][info][gc,marking  ] GC(537) Concurrent Clear Claimed Marks
[515.702s][info][gc,marking  ] GC(537) Concurrent Clear Claimed Marks 0.027ms
[515.702s][info][gc,marking  ] GC(537) Concurrent Scan Root Regions
[515.702s][info][gc,marking  ] GC(537) Concurrent Scan Root Regions 0.595ms
[515.703s][info][gc,marking  ] GC(537) Concurrent Mark (515.703s)
[515.703s][info][gc,marking  ] GC(537) Concurrent Mark From Roots
[515.703s][info][gc,task     ] GC(537) Using 2 workers of 2 for marking
[515.736s][info][gc,marking  ] GC(537) Concurrent Mark From Roots 33.179ms
[515.736s][info][gc,marking  ] GC(537) Concurrent Preclean
[515.736s][info][gc,marking  ] GC(537) Concurrent Preclean 0.094ms
[515.736s][info][gc,marking  ] GC(537) Concurrent Mark (515.703s, 515.736s) 33.335ms
[515.736s][info][gc,start    ] GC(537) Pause Remark
[515.737s][info][gc          ] GC(537) Pause Remark 41M->41M(77M) 1.475ms
[515.738s][info][gc,cpu      ] GC(537) User=0.00s Sys=0.00s Real=0.00s
[515.738s][info][gc,marking  ] GC(537) Concurrent Rebuild Remembered Sets
[515.758s][info][gc,marking  ] GC(537) Concurrent Rebuild Remembered Sets 19.926ms
[515.759s][info][gc,start    ] GC(537) Pause Cleanup
[515.759s][info][gc          ] GC(537) Pause Cleanup 43M->43M(77M) 0.095ms
[515.759s][info][gc,cpu      ] GC(537) User=0.00s Sys=0.00s Real=0.00s
[515.759s][info][gc,marking  ] GC(537) Concurrent Cleanup for Next Mark
[515.759s][info][gc,marking  ] GC(537) Concurrent Cleanup for Next Mark 0.126ms
[515.759s][info][gc          ] GC(537) Concurrent Cycle 57.104ms
[515.915s][info][gc,start    ] GC(538) Pause Young (Normal) (G1 Evacuation Pause)
[515.915s][info][gc,task     ] GC(538) Using 8 workers of 8 for evacuation
[515.916s][info][gc,phases   ] GC(538)   Pre Evacuate Collection Set: 0.1ms
[515.916s][info][gc,phases   ] GC(538)   Merge Heap Roots: 0.1ms
[515.916s][info][gc,phases   ] GC(538)   Evacuate Collection Set: 0.5ms
[515.916s][info][gc,phases   ] GC(538)   Post Evacuate Collection Set: 0.3ms
[515.916s][info][gc,phases   ] GC(538)   Other: 0.2ms
[515.916s][info][gc,heap     ] GC(538) Eden regions: 28->0(28)
[515.916s][info][gc,heap     ] GC(538) Survivor regions: 1->1(4)
[515.916s][info][gc,heap     ] GC(538) Old regions: 37->37
[515.916s][info][gc,heap     ] GC(538) Archive regions: 2->2
[515.916s][info][gc,heap     ] GC(538) Humongous regions: 0->0
[515.916s][info][gc,metaspace] GC(538) Metaspace: 48503K(49744K)->48503K(49744K) NonClass: 42648K(43600K)->42648K(43600K) Class: 5855K(6144K)->5855K(6144K)
[515.916s][info][gc          ] GC(538) Pause Young (Normal) (G1 Evacuation Pause) 65M->37M(77M) 1.374ms
[515.916s][info][gc,cpu      ] GC(538) User=0.00s Sys=0.00s Real=0.00s
[516.141s][info][gc,start    ] GC(539) Pause Young (Concurrent Start) (G1 Evacuation Pause)
[516.142s][info][gc,task     ] GC(539) Using 8 workers of 8 for evacuation
[516.143s][info][gc,phases   ] GC(539)   Pre Evacuate Collection Set: 0.1ms
[516.143s][info][gc,phases   ] GC(539)   Merge Heap Roots: 0.0ms
[516.143s][info][gc,phases   ] GC(539)   Evacuate Collection Set: 0.8ms
[516.143s][info][gc,phases   ] GC(539)   Post Evacuate Collection Set: 0.2ms
[516.143s][info][gc,phases   ] GC(539)   Other: 0.2ms
[516.143s][info][gc,heap     ] GC(539) Eden regions: 28->0(28)
[516.143s][info][gc,heap     ] GC(539) Survivor regions: 1->1(4)
[516.143s][info][gc,heap     ] GC(539) Old regions: 37->37
[516.143s][info][gc,heap     ] GC(539) Archive regions: 2->2
[516.143s][info][gc,heap     ] GC(539) Humongous regions: 0->0
[516.143s][info][gc,metaspace] GC(539) Metaspace: 48503K(49744K)->48503K(49744K) NonClass: 42648K(43600K)->42648K(43600K) Class: 5855K(6144K)->5855K(6144K)
[516.143s][info][gc          ] GC(539) Pause Young (Concurrent Start) (G1 Evacuation Pause) 65M->37M(77M) 1.408ms
[516.143s][info][gc,cpu      ] GC(539) User=0.00s Sys=0.00s Real=0.00s
[516.143s][info][gc          ] GC(540) Concurrent Cycle
[516.143s][info][gc,marking  ] GC(540) Concurrent Clear Claimed Marks
[516.143s][info][gc,marking  ] GC(540) Concurrent Clear Claimed Marks 0.034ms
[516.143s][info][gc,marking  ] GC(540) Concurrent Scan Root Regions
[516.144s][info][gc,marking  ] GC(540) Concurrent Scan Root Regions 0.657ms
[516.144s][info][gc,marking  ] GC(540) Concurrent Mark (516.144s)
[516.144s][info][gc,marking  ] GC(540) Concurrent Mark From Roots
[516.144s][info][gc,task     ] GC(540) Using 2 workers of 2 for marking
[516.176s][info][gc,marking  ] GC(540) Concurrent Mark From Roots 32.527ms
[516.176s][info][gc,marking  ] GC(540) Concurrent Preclean
[516.176s][info][gc,marking  ] GC(540) Concurrent Preclean 0.120ms
[516.176s][info][gc,marking  ] GC(540) Concurrent Mark (516.144s, 516.176s) 32.718ms
[516.177s][info][gc,start    ] GC(540) Pause Remark
[516.178s][info][gc          ] GC(540) Pause Remark 41M->41M(77M) 1.216ms
[516.178s][info][gc,cpu      ] GC(540) User=0.01s Sys=0.00s Real=0.00s
[516.178s][info][gc,marking  ] GC(540) Concurrent Rebuild Remembered Sets
[516.196s][info][gc,marking  ] GC(540) Concurrent Rebuild Remembered Sets 18.491ms
[516.197s][info][gc,start    ] GC(540) Pause Cleanup
[516.198s][info][gc          ] GC(540) Pause Cleanup 43M->43M(77M) 0.108ms
[516.198s][info][gc,cpu      ] GC(540) User=0.00s Sys=0.00s Real=0.00s
[516.198s][info][gc,marking  ] GC(540) Concurrent Cleanup for Next Mark
[516.198s][info][gc,marking  ] GC(540) Concurrent Cleanup for Next Mark 0.125ms
[516.198s][info][gc          ] GC(540) Concurrent Cycle 54.922ms
[516.330s][info][gc,start    ] GC(541) Pause Young (Normal) (G1 Evacuation Pause)
[516.330s][info][gc,task     ] GC(541) Using 8 workers of 8 for evacuation
[516.331s][info][gc,phases   ] GC(541)   Pre Evacuate Collection Set: 0.1ms
[516.331s][info][gc,phases   ] GC(541)   Merge Heap Roots: 0.0ms
[516.331s][info][gc,phases   ] GC(541)   Evacuate Collection Set: 0.6ms
[516.331s][info][gc,phases   ] GC(541)   Post Evacuate Collection Set: 0.2ms
[516.331s][info][gc,phases   ] GC(541)   Other: 0.1ms
[516.331s][info][gc,heap     ] GC(541) Eden regions: 28->0(28)
[516.331s][info][gc,heap     ] GC(541) Survivor regions: 1->1(4)
[516.331s][info][gc,heap     ] GC(541) Old regions: 37->37
[516.331s][info][gc,heap     ] GC(541) Archive regions: 2->2
[516.331s][info][gc,heap     ] GC(541) Humongous regions: 0->0
[516.331s][info][gc,metaspace] GC(541) Metaspace: 48503K(49744K)->48503K(49744K) NonClass: 42648K(43600K)->42648K(43600K) Class: 5855K(6144K)->5855K(6144K)
[516.331s][info][gc          ] GC(541) Pause Young (Normal) (G1 Evacuation Pause) 65M->37M(77M) 1.190ms
[516.331s][info][gc,cpu      ] GC(541) User=0.00s Sys=0.00s Real=0.00s
[516.510s][info][gc,start    ] GC(542) Pause Young (Concurrent Start) (G1 Evacuation Pause)
[516.510s][info][gc,task     ] GC(542) Using 8 workers of 8 for evacuation
[516.512s][info][gc,phases   ] GC(542)   Pre Evacuate Collection Set: 0.1ms
[516.512s][info][gc,phases   ] GC(542)   Merge Heap Roots: 0.0ms
[516.512s][info][gc,phases   ] GC(542)   Evacuate Collection Set: 0.9ms
[516.512s][info][gc,phases   ] GC(542)   Post Evacuate Collection Set: 0.3ms
[516.512s][info][gc,phases   ] GC(542)   Other: 0.2ms
[516.512s][info][gc,heap     ] GC(542) Eden regions: 28->0(28)
[516.512s][info][gc,heap     ] GC(542) Survivor regions: 1->1(4)
[516.512s][info][gc,heap     ] GC(542) Old regions: 37->37
[516.512s][info][gc,heap     ] GC(542) Archive regions: 2->2
[516.512s][info][gc,heap     ] GC(542) Humongous regions: 0->0
[516.512s][info][gc,metaspace] GC(542) Metaspace: 48503K(49744K)->48503K(49744K) NonClass: 42648K(43600K)->42648K(43600K) Class: 5855K(6144K)->5855K(6144K)
[516.512s][info][gc          ] GC(542) Pause Young (Concurrent Start) (G1 Evacuation Pause) 65M->37M(77M) 1.545ms
[516.512s][info][gc,cpu      ] GC(542) User=0.01s Sys=0.00s Real=0.00s
[516.512s][info][gc          ] GC(543) Concurrent Cycle
[516.512s][info][gc,marking  ] GC(543) Concurrent Clear Claimed Marks
[516.512s][info][gc,marking  ] GC(543) Concurrent Clear Claimed Marks 0.031ms
[516.512s][info][gc,marking  ] GC(543) Concurrent Scan Root Regions
[516.513s][info][gc,marking  ] GC(543) Concurrent Scan Root Regions 0.723ms
[516.513s][info][gc,marking  ] GC(543) Concurrent Mark (516.513s)
[516.513s][info][gc,marking  ] GC(543) Concurrent Mark From Roots
[516.513s][info][gc,task     ] GC(543) Using 2 workers of 2 for marking
[516.545s][info][gc,marking  ] GC(543) Concurrent Mark From Roots 32.880ms
[516.546s][info][gc,marking  ] GC(543) Concurrent Preclean
[516.546s][info][gc,marking  ] GC(543) Concurrent Preclean 0.136ms
[516.546s][info][gc,marking  ] GC(543) Concurrent Mark (516.513s, 516.546s) 33.088ms
[516.546s][info][gc,start    ] GC(543) Pause Remark
[516.547s][info][gc          ] GC(543) Pause Remark 42M->42M(77M) 1.258ms
[516.547s][info][gc,cpu      ] GC(543) User=0.01s Sys=0.00s Real=0.00s
[516.547s][info][gc,marking  ] GC(543) Concurrent Rebuild Remembered Sets
[516.584s][info][gc,marking  ] GC(543) Concurrent Rebuild Remembered Sets 37.014ms
[516.585s][info][gc,start    ] GC(543) Pause Cleanup
[516.585s][info][gc          ] GC(543) Pause Cleanup 44M->44M(77M) 0.120ms
[516.585s][info][gc,cpu      ] GC(543) User=0.00s Sys=0.00s Real=0.00s
[516.585s][info][gc,marking  ] GC(543) Concurrent Cleanup for Next Mark
[516.586s][info][gc,marking  ] GC(543) Concurrent Cleanup for Next Mark 0.145ms
[516.586s][info][gc          ] GC(543) Concurrent Cycle 73.825ms
[516.703s][info][gc,start    ] GC(544) Pause Young (Normal) (G1 Evacuation Pause)
[516.703s][info][gc,task     ] GC(544) Using 8 workers of 8 for evacuation
[516.704s][info][gc,phases   ] GC(544)   Pre Evacuate Collection Set: 0.1ms
[516.704s][info][gc,phases   ] GC(544)   Merge Heap Roots: 0.0ms
[516.704s][info][gc,phases   ] GC(544)   Evacuate Collection Set: 0.5ms
[516.704s][info][gc,phases   ] GC(544)   Post Evacuate Collection Set: 0.2ms
[516.704s][info][gc,phases   ] GC(544)   Other: 0.2ms
[516.704s][info][gc,heap     ] GC(544) Eden regions: 28->0(28)
[516.704s][info][gc,heap     ] GC(544) Survivor regions: 1->1(4)
[516.704s][info][gc,heap     ] GC(544) Old regions: 37->37
[516.704s][info][gc,heap     ] GC(544) Archive regions: 2->2
[516.704s][info][gc,heap     ] GC(544) Humongous regions: 0->0
[516.704s][info][gc,metaspace] GC(544) Metaspace: 48503K(49744K)->48503K(49744K) NonClass: 42648K(43600K)->42648K(43600K) Class: 5855K(6144K)->5855K(6144K)
[516.704s][info][gc          ] GC(544) Pause Young (Normal) (G1 Evacuation Pause) 65M->37M(77M) 1.003ms
[516.704s][info][gc,cpu      ] GC(544) User=0.01s Sys=0.00s Real=0.00s
[516.883s][info][gc,start    ] GC(545) Pause Young (Concurrent Start) (G1 Evacuation Pause)
[516.883s][info][gc,task     ] GC(545) Using 8 workers of 8 for evacuation
[516.884s][info][gc,phases   ] GC(545)   Pre Evacuate Collection Set: 0.1ms
[516.884s][info][gc,phases   ] GC(545)   Merge Heap Roots: 0.0ms
[516.884s][info][gc,phases   ] GC(545)   Evacuate Collection Set: 0.9ms
[516.884s][info][gc,phases   ] GC(545)   Post Evacuate Collection Set: 0.3ms
[516.884s][info][gc,phases   ] GC(545)   Other: 0.2ms
[516.884s][info][gc,heap     ] GC(545) Eden regions: 28->0(28)
[516.884s][info][gc,heap     ] GC(545) Survivor regions: 1->1(4)
[516.884s][info][gc,heap     ] GC(545) Old regions: 37->37
[516.884s][info][gc,heap     ] GC(545) Archive regions: 2->2
[516.884s][info][gc,heap     ] GC(545) Humongous regions: 0->0
[516.884s][info][gc,metaspace] GC(545) Metaspace: 48503K(49744K)->48503K(49744K) NonClass: 42648K(43600K)->42648K(43600K) Class: 5855K(6144K)->5855K(6144K)
[516.884s][info][gc          ] GC(545) Pause Young (Concurrent Start) (G1 Evacuation Pause) 65M->37M(77M) 1.720ms
[516.884s][info][gc,cpu      ] GC(545) User=0.00s Sys=0.00s Real=0.01s
[516.884s][info][gc          ] GC(546) Concurrent Cycle
[516.884s][info][gc,marking  ] GC(546) Concurrent Clear Claimed Marks
[516.884s][info][gc,marking  ] GC(546) Concurrent Clear Claimed Marks 0.068ms
[516.884s][info][gc,marking  ] GC(546) Concurrent Scan Root Regions
[516.885s][info][gc,marking  ] GC(546) Concurrent Scan Root Regions 0.728ms
[516.885s][info][gc,marking  ] GC(546) Concurrent Mark (516.885s)
[516.885s][info][gc,marking  ] GC(546) Concurrent Mark From Roots
[516.885s][info][gc,task     ] GC(546) Using 2 workers of 2 for marking
[516.917s][info][gc,marking  ] GC(546) Concurrent Mark From Roots 31.958ms
[516.917s][info][gc,marking  ] GC(546) Concurrent Preclean
[516.917s][info][gc,marking  ] GC(546) Concurrent Preclean 0.142ms
[516.917s][info][gc,marking  ] GC(546) Concurrent Mark (516.885s, 516.917s) 32.177ms
[516.918s][info][gc,start    ] GC(546) Pause Remark
[516.919s][info][gc          ] GC(546) Pause Remark 42M->42M(77M) 1.309ms
[516.919s][info][gc,cpu      ] GC(546) User=0.00s Sys=0.00s Real=0.00s
[516.919s][info][gc,marking  ] GC(546) Concurrent Rebuild Remembered Sets
[516.941s][info][gc,marking  ] GC(546) Concurrent Rebuild Remembered Sets 22.416ms
[516.943s][info][gc,start    ] GC(546) Pause Cleanup
[516.944s][info][gc          ] GC(546) Pause Cleanup 43M->43M(77M) 0.108ms
[516.944s][info][gc,cpu      ] GC(546) User=0.00s Sys=0.00s Real=0.00s
[516.944s][info][gc,marking  ] GC(546) Concurrent Cleanup for Next Mark
[516.944s][info][gc,marking  ] GC(546) Concurrent Cleanup for Next Mark 0.206ms
[516.944s][info][gc          ] GC(546) Concurrent Cycle 59.444ms
[517.121s][info][gc,start    ] GC(547) Pause Young (Normal) (G1 Evacuation Pause)
[517.121s][info][gc,task     ] GC(547) Using 8 workers of 8 for evacuation
[517.123s][info][gc,phases   ] GC(547)   Pre Evacuate Collection Set: 0.1ms
[517.123s][info][gc,phases   ] GC(547)   Merge Heap Roots: 0.0ms
[517.123s][info][gc,phases   ] GC(547)   Evacuate Collection Set: 0.6ms
[517.123s][info][gc,phases   ] GC(547)   Post Evacuate Collection Set: 0.3ms
[517.123s][info][gc,phases   ] GC(547)   Other: 0.2ms
[517.123s][info][gc,heap     ] GC(547) Eden regions: 28->0(28)
[517.123s][info][gc,heap     ] GC(547) Survivor regions: 1->1(4)
[517.123s][info][gc,heap     ] GC(547) Old regions: 37->37
[517.123s][info][gc,heap     ] GC(547) Archive regions: 2->2
[517.123s][info][gc,heap     ] GC(547) Humongous regions: 0->0
[517.123s][info][gc,metaspace] GC(547) Metaspace: 48503K(49744K)->48503K(49744K) NonClass: 42648K(43600K)->42648K(43600K) Class: 5855K(6144K)->5855K(6144K)
[517.123s][info][gc          ] GC(547) Pause Young (Normal) (G1 Evacuation Pause) 65M->37M(77M) 1.266ms
[517.123s][info][gc,cpu      ] GC(547) User=0.00s Sys=0.00s Real=0.00s
[517.295s][info][gc,start    ] GC(548) Pause Young (Concurrent Start) (G1 Evacuation Pause)
[517.295s][info][gc,task     ] GC(548) Using 8 workers of 8 for evacuation
[517.296s][info][gc,phases   ] GC(548)   Pre Evacuate Collection Set: 0.1ms
[517.296s][info][gc,phases   ] GC(548)   Merge Heap Roots: 0.0ms
[517.296s][info][gc,phases   ] GC(548)   Evacuate Collection Set: 0.7ms
[517.296s][info][gc,phases   ] GC(548)   Post Evacuate Collection Set: 0.3ms
[517.296s][info][gc,phases   ] GC(548)   Other: 0.2ms
[517.296s][info][gc,heap     ] GC(548) Eden regions: 28->0(28)
[517.296s][info][gc,heap     ] GC(548) Survivor regions: 1->1(4)
[517.296s][info][gc,heap     ] GC(548) Old regions: 37->37
[517.296s][info][gc,heap     ] GC(548) Archive regions: 2->2
[517.296s][info][gc,heap     ] GC(548) Humongous regions: 0->0
[517.296s][info][gc,metaspace] GC(548) Metaspace: 48504K(49744K)->48504K(49744K) NonClass: 42649K(43600K)->42649K(43600K) Class: 5855K(6144K)->5855K(6144K)
[517.296s][info][gc          ] GC(548) Pause Young (Concurrent Start) (G1 Evacuation Pause) 65M->37M(77M) 1.528ms
[517.297s][info][gc,cpu      ] GC(548) User=0.01s Sys=0.01s Real=0.00s
[517.297s][info][gc          ] GC(549) Concurrent Cycle
[517.297s][info][gc,marking  ] GC(549) Concurrent Clear Claimed Marks
[517.297s][info][gc,marking  ] GC(549) Concurrent Clear Claimed Marks 0.119ms
[517.297s][info][gc,marking  ] GC(549) Concurrent Scan Root Regions
[517.298s][info][gc,marking  ] GC(549) Concurrent Scan Root Regions 1.425ms
[517.298s][info][gc,marking  ] GC(549) Concurrent Mark (517.298s)
[517.298s][info][gc,marking  ] GC(549) Concurrent Mark From Roots
[517.298s][info][gc,task     ] GC(549) Using 2 workers of 2 for marking
[517.330s][info][gc,marking  ] GC(549) Concurrent Mark From Roots 32.217ms
[517.331s][info][gc,marking  ] GC(549) Concurrent Preclean
[517.331s][info][gc,marking  ] GC(549) Concurrent Preclean 0.121ms
[517.331s][info][gc,marking  ] GC(549) Concurrent Mark (517.298s, 517.331s) 32.419ms
[517.331s][info][gc,start    ] GC(549) Pause Remark
[517.332s][info][gc          ] GC(549) Pause Remark 41M->41M(77M) 1.258ms
[517.332s][info][gc,cpu      ] GC(549) User=0.00s Sys=0.00s Real=0.00s
[517.332s][info][gc,marking  ] GC(549) Concurrent Rebuild Remembered Sets
[517.352s][info][gc,marking  ] GC(549) Concurrent Rebuild Remembered Sets 19.301ms
[517.353s][info][gc,start    ] GC(549) Pause Cleanup
[517.353s][info][gc          ] GC(549) Pause Cleanup 44M->44M(77M) 0.092ms
[517.353s][info][gc,cpu      ] GC(549) User=0.00s Sys=0.00s Real=0.00s
[517.353s][info][gc,marking  ] GC(549) Concurrent Cleanup for Next Mark
[517.353s][info][gc,marking  ] GC(549) Concurrent Cleanup for Next Mark 0.151ms
[517.353s][info][gc          ] GC(549) Concurrent Cycle 56.480ms
[517.486s][info][gc,start    ] GC(550) Pause Young (Normal) (G1 Evacuation Pause)
[517.486s][info][gc,task     ] GC(550) Using 8 workers of 8 for evacuation
[517.487s][info][gc,phases   ] GC(550)   Pre Evacuate Collection Set: 0.0ms
[517.487s][info][gc,phases   ] GC(550)   Merge Heap Roots: 0.0ms
[517.487s][info][gc,phases   ] GC(550)   Evacuate Collection Set: 0.4ms
[517.487s][info][gc,phases   ] GC(550)   Post Evacuate Collection Set: 0.2ms
[517.487s][info][gc,phases   ] GC(550)   Other: 0.1ms
[517.487s][info][gc,heap     ] GC(550) Eden regions: 28->0(28)
[517.487s][info][gc,heap     ] GC(550) Survivor regions: 1->1(4)
[517.487s][info][gc,heap     ] GC(550) Old regions: 37->37
[517.487s][info][gc,heap     ] GC(550) Archive regions: 2->2
[517.487s][info][gc,heap     ] GC(550) Humongous regions: 0->0
[517.487s][info][gc,metaspace] GC(550) Metaspace: 48505K(49744K)->48505K(49744K) NonClass: 42650K(43600K)->42650K(43600K) Class: 5855K(6144K)->5855K(6144K)
[517.487s][info][gc          ] GC(550) Pause Young (Normal) (G1 Evacuation Pause) 65M->37M(77M) 0.922ms
[517.487s][info][gc,cpu      ] GC(550) User=0.00s Sys=0.00s Real=0.00s
[517.677s][info][gc,start    ] GC(551) Pause Young (Concurrent Start) (G1 Evacuation Pause)
[517.677s][info][gc,task     ] GC(551) Using 8 workers of 8 for evacuation
[517.678s][info][gc,phases   ] GC(551)   Pre Evacuate Collection Set: 0.1ms
[517.678s][info][gc,phases   ] GC(551)   Merge Heap Roots: 0.0ms
[517.678s][info][gc,phases   ] GC(551)   Evacuate Collection Set: 0.7ms
[517.678s][info][gc,phases   ] GC(551)   Post Evacuate Collection Set: 0.2ms
[517.678s][info][gc,phases   ] GC(551)   Other: 0.2ms
[517.678s][info][gc,heap     ] GC(551) Eden regions: 28->0(28)
[517.678s][info][gc,heap     ] GC(551) Survivor regions: 1->1(4)
[517.678s][info][gc,heap     ] GC(551) Old regions: 37->37
[517.678s][info][gc,heap     ] GC(551) Archive regions: 2->2
[517.678s][info][gc,heap     ] GC(551) Humongous regions: 0->0
[517.678s][info][gc,metaspace] GC(551) Metaspace: 48505K(49744K)->48505K(49744K) NonClass: 42650K(43600K)->42650K(43600K) Class: 5855K(6144K)->5855K(6144K)
[517.678s][info][gc          ] GC(551) Pause Young (Concurrent Start) (G1 Evacuation Pause) 65M->37M(77M) 1.328ms
[517.678s][info][gc,cpu      ] GC(551) User=0.00s Sys=0.00s Real=0.00s
[517.678s][info][gc          ] GC(552) Concurrent Cycle
[517.678s][info][gc,marking  ] GC(552) Concurrent Clear Claimed Marks
[517.678s][info][gc,marking  ] GC(552) Concurrent Clear Claimed Marks 0.034ms
[517.678s][info][gc,marking  ] GC(552) Concurrent Scan Root Regions
[517.679s][info][gc,marking  ] GC(552) Concurrent Scan Root Regions 1.099ms
[517.680s][info][gc,marking  ] GC(552) Concurrent Mark (517.680s)
[517.680s][info][gc,marking  ] GC(552) Concurrent Mark From Roots
[517.680s][info][gc,task     ] GC(552) Using 2 workers of 2 for marking
[517.713s][info][gc,marking  ] GC(552) Concurrent Mark From Roots 33.138ms
[517.713s][info][gc,marking  ] GC(552) Concurrent Preclean
[517.713s][info][gc,marking  ] GC(552) Concurrent Preclean 0.084ms
[517.713s][info][gc,marking  ] GC(552) Concurrent Mark (517.680s, 517.713s) 33.277ms
[517.713s][info][gc,start    ] GC(552) Pause Remark
[517.714s][info][gc          ] GC(552) Pause Remark 41M->41M(77M) 1.282ms
[517.714s][info][gc,cpu      ] GC(552) User=0.01s Sys=0.00s Real=0.01s
[517.714s][info][gc,marking  ] GC(552) Concurrent Rebuild Remembered Sets
[517.734s][info][gc,marking  ] GC(552) Concurrent Rebuild Remembered Sets 19.902ms
[517.735s][info][gc,start    ] GC(552) Pause Cleanup
[517.735s][info][gc          ] GC(552) Pause Cleanup 45M->45M(77M) 0.111ms
[517.735s][info][gc,cpu      ] GC(552) User=0.00s Sys=0.00s Real=0.00s
[517.735s][info][gc,marking  ] GC(552) Concurrent Cleanup for Next Mark
[517.736s][info][gc,marking  ] GC(552) Concurrent Cleanup for Next Mark 0.352ms
[517.736s][info][gc          ] GC(552) Concurrent Cycle 57.600ms
[517.858s][info][gc,start    ] GC(553) Pause Young (Normal) (G1 Evacuation Pause)
[517.858s][info][gc,task     ] GC(553) Using 8 workers of 8 for evacuation
[517.858s][info][gc,phases   ] GC(553)   Pre Evacuate Collection Set: 0.0ms
[517.859s][info][gc,phases   ] GC(553)   Merge Heap Roots: 0.0ms
[517.859s][info][gc,phases   ] GC(553)   Evacuate Collection Set: 0.5ms
[517.859s][info][gc,phases   ] GC(553)   Post Evacuate Collection Set: 0.2ms
[517.859s][info][gc,phases   ] GC(553)   Other: 0.1ms
[517.859s][info][gc,heap     ] GC(553) Eden regions: 28->0(28)
[517.859s][info][gc,heap     ] GC(553) Survivor regions: 1->1(4)
[517.859s][info][gc,heap     ] GC(553) Old regions: 37->37
[517.859s][info][gc,heap     ] GC(553) Archive regions: 2->2
[517.859s][info][gc,heap     ] GC(553) Humongous regions: 0->0
[517.859s][info][gc,metaspace] GC(553) Metaspace: 48505K(49744K)->48505K(49744K) NonClass: 42650K(43600K)->42650K(43600K) Class: 5855K(6144K)->5855K(6144K)
[517.859s][info][gc          ] GC(553) Pause Young (Normal) (G1 Evacuation Pause) 65M->37M(77M) 0.943ms
[517.859s][info][gc,cpu      ] GC(553) User=0.01s Sys=0.00s Real=0.00s
[518.044s][info][gc,start    ] GC(554) Pause Young (Concurrent Start) (G1 Evacuation Pause)
[518.044s][info][gc,task     ] GC(554) Using 8 workers of 8 for evacuation
[518.046s][info][gc,phases   ] GC(554)   Pre Evacuate Collection Set: 0.1ms
[518.046s][info][gc,phases   ] GC(554)   Merge Heap Roots: 0.0ms
[518.046s][info][gc,phases   ] GC(554)   Evacuate Collection Set: 0.9ms
[518.046s][info][gc,phases   ] GC(554)   Post Evacuate Collection Set: 0.3ms
[518.046s][info][gc,phases   ] GC(554)   Other: 0.2ms
[518.046s][info][gc,heap     ] GC(554) Eden regions: 28->0(28)
[518.046s][info][gc,heap     ] GC(554) Survivor regions: 1->1(4)
[518.046s][info][gc,heap     ] GC(554) Old regions: 37->37
[518.046s][info][gc,heap     ] GC(554) Archive regions: 2->2
[518.046s][info][gc,heap     ] GC(554) Humongous regions: 0->0
[518.046s][info][gc,metaspace] GC(554) Metaspace: 48506K(49744K)->48506K(49744K) NonClass: 42651K(43600K)->42651K(43600K) Class: 5855K(6144K)->5855K(6144K)
[518.046s][info][gc          ] GC(554) Pause Young (Concurrent Start) (G1 Evacuation Pause) 65M->37M(77M) 1.647ms
[518.046s][info][gc,cpu      ] GC(554) User=0.00s Sys=0.00s Real=0.00s
[518.046s][info][gc          ] GC(555) Concurrent Cycle
[518.046s][info][gc,marking  ] GC(555) Concurrent Clear Claimed Marks
[518.046s][info][gc,marking  ] GC(555) Concurrent Clear Claimed Marks 0.053ms
[518.046s][info][gc,marking  ] GC(555) Concurrent Scan Root Regions
[518.047s][info][gc,marking  ] GC(555) Concurrent Scan Root Regions 0.656ms
[518.047s][info][gc,marking  ] GC(555) Concurrent Mark (518.047s)
[518.047s][info][gc,marking  ] GC(555) Concurrent Mark From Roots
[518.047s][info][gc,task     ] GC(555) Using 2 workers of 2 for marking
[518.085s][info][gc,marking  ] GC(555) Concurrent Mark From Roots 37.876ms
[518.085s][info][gc,marking  ] GC(555) Concurrent Preclean
[518.085s][info][gc,marking  ] GC(555) Concurrent Preclean 0.110ms
[518.085s][info][gc,marking  ] GC(555) Concurrent Mark (518.047s, 518.085s) 38.059ms
[518.085s][info][gc,start    ] GC(555) Pause Remark
[518.087s][info][gc          ] GC(555) Pause Remark 40M->40M(77M) 1.633ms
[518.087s][info][gc,cpu      ] GC(555) User=0.01s Sys=0.00s Real=0.00s
[518.087s][info][gc,marking  ] GC(555) Concurrent Rebuild Remembered Sets
[518.114s][info][gc,marking  ] GC(555) Concurrent Rebuild Remembered Sets 27.662ms
[518.116s][info][gc,start    ] GC(555) Pause Cleanup
[518.116s][info][gc          ] GC(555) Pause Cleanup 40M->40M(77M) 0.116ms
[518.116s][info][gc,cpu      ] GC(555) User=0.00s Sys=0.00s Real=0.00s
[518.116s][info][gc,marking  ] GC(555) Concurrent Cleanup for Next Mark
[518.116s][info][gc,marking  ] GC(555) Concurrent Cleanup for Next Mark 0.140ms
[518.116s][info][gc          ] GC(555) Concurrent Cycle 70.147ms
[518.331s][info][gc,start    ] GC(556) Pause Young (Normal) (G1 Evacuation Pause)
[518.331s][info][gc,task     ] GC(556) Using 8 workers of 8 for evacuation
[518.332s][info][gc,phases   ] GC(556)   Pre Evacuate Collection Set: 0.0ms
[518.332s][info][gc,phases   ] GC(556)   Merge Heap Roots: 0.0ms
[518.332s][info][gc,phases   ] GC(556)   Evacuate Collection Set: 0.4ms
[518.332s][info][gc,phases   ] GC(556)   Post Evacuate Collection Set: 0.2ms
[518.332s][info][gc,phases   ] GC(556)   Other: 0.1ms
[518.332s][info][gc,heap     ] GC(556) Eden regions: 28->0(28)
[518.332s][info][gc,heap     ] GC(556) Survivor regions: 1->1(4)
[518.332s][info][gc,heap     ] GC(556) Old regions: 37->37
[518.332s][info][gc,heap     ] GC(556) Archive regions: 2->2
[518.332s][info][gc,heap     ] GC(556) Humongous regions: 0->0
[518.332s][info][gc,metaspace] GC(556) Metaspace: 48506K(49744K)->48506K(49744K) NonClass: 42651K(43600K)->42651K(43600K) Class: 5855K(6144K)->5855K(6144K)
[518.332s][info][gc          ] GC(556) Pause Young (Normal) (G1 Evacuation Pause) 65M->37M(77M) 0.948ms
[518.332s][info][gc,cpu      ] GC(556) User=0.00s Sys=0.00s Real=0.00s
[518.528s][info][gc,start    ] GC(557) Pause Young (Concurrent Start) (G1 Evacuation Pause)
[518.528s][info][gc,task     ] GC(557) Using 8 workers of 8 for evacuation
[518.529s][info][gc,phases   ] GC(557)   Pre Evacuate Collection Set: 0.1ms
[518.529s][info][gc,phases   ] GC(557)   Merge Heap Roots: 0.0ms
[518.529s][info][gc,phases   ] GC(557)   Evacuate Collection Set: 0.7ms
[518.529s][info][gc,phases   ] GC(557)   Post Evacuate Collection Set: 0.2ms
[518.529s][info][gc,phases   ] GC(557)   Other: 0.2ms
[518.529s][info][gc,heap     ] GC(557) Eden regions: 28->0(28)
[518.529s][info][gc,heap     ] GC(557) Survivor regions: 1->1(4)
[518.529s][info][gc,heap     ] GC(557) Old regions: 37->37
[518.529s][info][gc,heap     ] GC(557) Archive regions: 2->2
[518.529s][info][gc,heap     ] GC(557) Humongous regions: 0->0
[518.529s][info][gc,metaspace] GC(557) Metaspace: 48506K(49744K)->48506K(49744K) NonClass: 42651K(43600K)->42651K(43600K) Class: 5855K(6144K)->5855K(6144K)
[518.529s][info][gc          ] GC(557) Pause Young (Concurrent Start) (G1 Evacuation Pause) 65M->37M(77M) 1.298ms
[518.529s][info][gc,cpu      ] GC(557) User=0.01s Sys=0.00s Real=0.00s
[518.529s][info][gc          ] GC(558) Concurrent Cycle
[518.529s][info][gc,marking  ] GC(558) Concurrent Clear Claimed Marks
[518.529s][info][gc,marking  ] GC(558) Concurrent Clear Claimed Marks 0.037ms
[518.529s][info][gc,marking  ] GC(558) Concurrent Scan Root Regions
[518.530s][info][gc,marking  ] GC(558) Concurrent Scan Root Regions 0.982ms
[518.530s][info][gc,marking  ] GC(558) Concurrent Mark (518.530s)
[518.530s][info][gc,marking  ] GC(558) Concurrent Mark From Roots
[518.530s][info][gc,task     ] GC(558) Using 2 workers of 2 for marking
[518.562s][info][gc,marking  ] GC(558) Concurrent Mark From Roots 31.938ms
[518.562s][info][gc,marking  ] GC(558) Concurrent Preclean
[518.562s][info][gc,marking  ] GC(558) Concurrent Preclean 0.115ms
[518.562s][info][gc,marking  ] GC(558) Concurrent Mark (518.530s, 518.562s) 32.125ms
[518.563s][info][gc,start    ] GC(558) Pause Remark
[518.564s][info][gc          ] GC(558) Pause Remark 42M->42M(77M) 1.224ms
[518.564s][info][gc,cpu      ] GC(558) User=0.00s Sys=0.00s Real=0.01s
[518.564s][info][gc,marking  ] GC(558) Concurrent Rebuild Remembered Sets
[518.585s][info][gc,marking  ] GC(558) Concurrent Rebuild Remembered Sets 20.956ms
[518.586s][info][gc,start    ] GC(558) Pause Cleanup
[518.586s][info][gc          ] GC(558) Pause Cleanup 45M->45M(77M) 0.093ms
[518.586s][info][gc,cpu      ] GC(558) User=0.00s Sys=0.00s Real=0.00s
[518.586s][info][gc,marking  ] GC(558) Concurrent Cleanup for Next Mark
[518.586s][info][gc,marking  ] GC(558) Concurrent Cleanup for Next Mark 0.152ms
[518.586s][info][gc          ] GC(558) Concurrent Cycle 57.114ms
[518.728s][info][gc,start    ] GC(559) Pause Young (Normal) (G1 Evacuation Pause)
[518.728s][info][gc,task     ] GC(559) Using 8 workers of 8 for evacuation
[518.729s][info][gc,phases   ] GC(559)   Pre Evacuate Collection Set: 0.1ms
[518.729s][info][gc,phases   ] GC(559)   Merge Heap Roots: 0.0ms
[518.729s][info][gc,phases   ] GC(559)   Evacuate Collection Set: 0.5ms
[518.729s][info][gc,phases   ] GC(559)   Post Evacuate Collection Set: 0.2ms
[518.729s][info][gc,phases   ] GC(559)   Other: 0.1ms
[518.729s][info][gc,heap     ] GC(559) Eden regions: 28->0(28)
[518.729s][info][gc,heap     ] GC(559) Survivor regions: 1->1(4)
[518.729s][info][gc,heap     ] GC(559) Old regions: 37->37
[518.729s][info][gc,heap     ] GC(559) Archive regions: 2->2
[518.729s][info][gc,heap     ] GC(559) Humongous regions: 0->0
[518.729s][info][gc,metaspace] GC(559) Metaspace: 48506K(49744K)->48506K(49744K) NonClass: 42651K(43600K)->42651K(43600K) Class: 5855K(6144K)->5855K(6144K)
[518.729s][info][gc          ] GC(559) Pause Young (Normal) (G1 Evacuation Pause) 65M->38M(77M) 0.942ms
[518.729s][info][gc,cpu      ] GC(559) User=0.01s Sys=0.00s Real=0.00s
[518.903s][info][gc,start    ] GC(560) Pause Young (Concurrent Start) (G1 Evacuation Pause)
[518.903s][info][gc,task     ] GC(560) Using 8 workers of 8 for evacuation
[518.904s][info][gc,phases   ] GC(560)   Pre Evacuate Collection Set: 0.1ms
[518.904s][info][gc,phases   ] GC(560)   Merge Heap Roots: 0.0ms
[518.904s][info][gc,phases   ] GC(560)   Evacuate Collection Set: 0.7ms
[518.904s][info][gc,phases   ] GC(560)   Post Evacuate Collection Set: 0.2ms
[518.904s][info][gc,phases   ] GC(560)   Other: 0.2ms
[518.904s][info][gc,heap     ] GC(560) Eden regions: 28->0(28)
[518.904s][info][gc,heap     ] GC(560) Survivor regions: 1->1(4)
[518.904s][info][gc,heap     ] GC(560) Old regions: 37->37
[518.904s][info][gc,heap     ] GC(560) Archive regions: 2->2
[518.904s][info][gc,heap     ] GC(560) Humongous regions: 0->0
[518.904s][info][gc,metaspace] GC(560) Metaspace: 48512K(49744K)->48512K(49744K) NonClass: 42657K(43600K)->42657K(43600K) Class: 5855K(6144K)->5855K(6144K)
[518.904s][info][gc          ] GC(560) Pause Young (Concurrent Start) (G1 Evacuation Pause) 66M->37M(77M) 1.287ms
[518.904s][info][gc,cpu      ] GC(560) User=0.00s Sys=0.00s Real=0.01s
[518.904s][info][gc          ] GC(561) Concurrent Cycle
[518.904s][info][gc,marking  ] GC(561) Concurrent Clear Claimed Marks
[518.904s][info][gc,marking  ] GC(561) Concurrent Clear Claimed Marks 0.040ms
[518.904s][info][gc,marking  ] GC(561) Concurrent Scan Root Regions
[518.905s][info][gc,marking  ] GC(561) Concurrent Scan Root Regions 0.914ms
[518.905s][info][gc,marking  ] GC(561) Concurrent Mark (518.905s)
[518.905s][info][gc,marking  ] GC(561) Concurrent Mark From Roots
[518.905s][info][gc,task     ] GC(561) Using 2 workers of 2 for marking
[518.936s][info][gc,marking  ] GC(561) Concurrent Mark From Roots 30.913ms
[518.936s][info][gc,marking  ] GC(561) Concurrent Preclean
[518.936s][info][gc,marking  ] GC(561) Concurrent Preclean 0.081ms
[518.936s][info][gc,marking  ] GC(561) Concurrent Mark (518.905s, 518.936s) 31.054ms
[518.936s][info][gc,start    ] GC(561) Pause Remark
[518.937s][info][gc          ] GC(561) Pause Remark 42M->42M(77M) 1.052ms
[518.937s][info][gc,cpu      ] GC(561) User=0.01s Sys=0.00s Real=0.00s
[518.937s][info][gc,marking  ] GC(561) Concurrent Rebuild Remembered Sets
[518.956s][info][gc,marking  ] GC(561) Concurrent Rebuild Remembered Sets 18.698ms
[518.957s][info][gc,start    ] GC(561) Pause Cleanup
[518.957s][info][gc          ] GC(561) Pause Cleanup 44M->44M(77M) 0.079ms
[518.957s][info][gc,cpu      ] GC(561) User=0.00s Sys=0.00s Real=0.00s
[518.957s][info][gc,marking  ] GC(561) Concurrent Cleanup for Next Mark
[518.957s][info][gc,marking  ] GC(561) Concurrent Cleanup for Next Mark 0.110ms
[518.957s][info][gc          ] GC(561) Concurrent Cycle 53.237ms
[519.137s][info][gc,start    ] GC(562) Pause Young (Normal) (G1 Evacuation Pause)
[519.137s][info][gc,task     ] GC(562) Using 8 workers of 8 for evacuation
[519.138s][info][gc,phases   ] GC(562)   Pre Evacuate Collection Set: 0.0ms
[519.138s][info][gc,phases   ] GC(562)   Merge Heap Roots: 0.0ms
[519.138s][info][gc,phases   ] GC(562)   Evacuate Collection Set: 0.4ms
[519.138s][info][gc,phases   ] GC(562)   Post Evacuate Collection Set: 0.2ms
[519.138s][info][gc,phases   ] GC(562)   Other: 0.1ms
[519.138s][info][gc,heap     ] GC(562) Eden regions: 28->0(28)
[519.138s][info][gc,heap     ] GC(562) Survivor regions: 1->1(4)
[519.138s][info][gc,heap     ] GC(562) Old regions: 37->37
[519.138s][info][gc,heap     ] GC(562) Archive regions: 2->2
[519.138s][info][gc,heap     ] GC(562) Humongous regions: 0->0
[519.138s][info][gc,metaspace] GC(562) Metaspace: 48512K(49744K)->48512K(49744K) NonClass: 42657K(43600K)->42657K(43600K) Class: 5855K(6144K)->5855K(6144K)
[519.138s][info][gc          ] GC(562) Pause Young (Normal) (G1 Evacuation Pause) 65M->37M(77M) 0.904ms
[519.138s][info][gc,cpu      ] GC(562) User=0.01s Sys=0.00s Real=0.00s
[519.328s][info][gc,start    ] GC(563) Pause Young (Concurrent Start) (G1 Evacuation Pause)
[519.328s][info][gc,task     ] GC(563) Using 8 workers of 8 for evacuation
[519.329s][info][gc,phases   ] GC(563)   Pre Evacuate Collection Set: 0.1ms
[519.329s][info][gc,phases   ] GC(563)   Merge Heap Roots: 0.0ms
[519.329s][info][gc,phases   ] GC(563)   Evacuate Collection Set: 0.8ms
[519.329s][info][gc,phases   ] GC(563)   Post Evacuate Collection Set: 0.2ms
[519.329s][info][gc,phases   ] GC(563)   Other: 0.2ms
[519.329s][info][gc,heap     ] GC(563) Eden regions: 28->0(28)
[519.329s][info][gc,heap     ] GC(563) Survivor regions: 1->1(4)
[519.329s][info][gc,heap     ] GC(563) Old regions: 37->37
[519.329s][info][gc,heap     ] GC(563) Archive regions: 2->2
[519.329s][info][gc,heap     ] GC(563) Humongous regions: 0->0
[519.329s][info][gc,metaspace] GC(563) Metaspace: 48512K(49744K)->48512K(49744K) NonClass: 42657K(43600K)->42657K(43600K) Class: 5855K(6144K)->5855K(6144K)
[519.329s][info][gc          ] GC(563) Pause Young (Concurrent Start) (G1 Evacuation Pause) 65M->37M(77M) 1.486ms
[519.329s][info][gc,cpu      ] GC(563) User=0.01s Sys=0.00s Real=0.00s
[519.329s][info][gc          ] GC(564) Concurrent Cycle
[519.329s][info][gc,marking  ] GC(564) Concurrent Clear Claimed Marks
[519.329s][info][gc,marking  ] GC(564) Concurrent Clear Claimed Marks 0.041ms
[519.329s][info][gc,marking  ] GC(564) Concurrent Scan Root Regions
[519.330s][info][gc,marking  ] GC(564) Concurrent Scan Root Regions 1.026ms
[519.330s][info][gc,marking  ] GC(564) Concurrent Mark (519.330s)
[519.330s][info][gc,marking  ] GC(564) Concurrent Mark From Roots
[519.330s][info][gc,task     ] GC(564) Using 2 workers of 2 for marking
[519.362s][info][gc,marking  ] GC(564) Concurrent Mark From Roots 32.064ms
[519.362s][info][gc,marking  ] GC(564) Concurrent Preclean
[519.362s][info][gc,marking  ] GC(564) Concurrent Preclean 0.116ms
[519.362s][info][gc,marking  ] GC(564) Concurrent Mark (519.330s, 519.362s) 32.250ms
[519.363s][info][gc,start    ] GC(564) Pause Remark
[519.364s][info][gc          ] GC(564) Pause Remark 41M->41M(77M) 1.229ms
[519.364s][info][gc,cpu      ] GC(564) User=0.00s Sys=0.00s Real=0.01s
[519.365s][info][gc,marking  ] GC(564) Concurrent Rebuild Remembered Sets
[519.386s][info][gc,marking  ] GC(564) Concurrent Rebuild Remembered Sets 21.355ms
[519.391s][info][gc,start    ] GC(564) Pause Cleanup
[519.391s][info][gc          ] GC(564) Pause Cleanup 44M->44M(77M) 0.125ms
[519.391s][info][gc,cpu      ] GC(564) User=0.00s Sys=0.00s Real=0.00s
[519.391s][info][gc,marking  ] GC(564) Concurrent Cleanup for Next Mark
[519.392s][info][gc,marking  ] GC(564) Concurrent Cleanup for Next Mark 0.162ms
[519.392s][info][gc          ] GC(564) Concurrent Cycle 62.494ms
[519.543s][info][gc,start    ] GC(565) Pause Young (Normal) (G1 Evacuation Pause)
[519.543s][info][gc,task     ] GC(565) Using 8 workers of 8 for evacuation
[519.544s][info][gc,phases   ] GC(565)   Pre Evacuate Collection Set: 0.1ms
[519.544s][info][gc,phases   ] GC(565)   Merge Heap Roots: 0.0ms
[519.544s][info][gc,phases   ] GC(565)   Evacuate Collection Set: 0.5ms
[519.544s][info][gc,phases   ] GC(565)   Post Evacuate Collection Set: 0.3ms
[519.544s][info][gc,phases   ] GC(565)   Other: 0.2ms
[519.544s][info][gc,heap     ] GC(565) Eden regions: 28->0(28)
[519.544s][info][gc,heap     ] GC(565) Survivor regions: 1->1(4)
[519.544s][info][gc,heap     ] GC(565) Old regions: 37->37
[519.544s][info][gc,heap     ] GC(565) Archive regions: 2->2
[519.544s][info][gc,heap     ] GC(565) Humongous regions: 0->0
[519.544s][info][gc,metaspace] GC(565) Metaspace: 48512K(49744K)->48512K(49744K) NonClass: 42657K(43600K)->42657K(43600K) Class: 5855K(6144K)->5855K(6144K)
[519.544s][info][gc          ] GC(565) Pause Young (Normal) (G1 Evacuation Pause) 65M->37M(77M) 1.093ms
[519.544s][info][gc,cpu      ] GC(565) User=0.00s Sys=0.00s Real=0.01s
[519.724s][info][gc,start    ] GC(566) Pause Young (Concurrent Start) (G1 Evacuation Pause)
[519.724s][info][gc,task     ] GC(566) Using 8 workers of 8 for evacuation
[519.725s][info][gc,phases   ] GC(566)   Pre Evacuate Collection Set: 0.1ms
[519.725s][info][gc,phases   ] GC(566)   Merge Heap Roots: 0.0ms
[519.725s][info][gc,phases   ] GC(566)   Evacuate Collection Set: 0.6ms
[519.725s][info][gc,phases   ] GC(566)   Post Evacuate Collection Set: 0.2ms
[519.725s][info][gc,phases   ] GC(566)   Other: 0.1ms
[519.725s][info][gc,heap     ] GC(566) Eden regions: 28->0(28)
[519.725s][info][gc,heap     ] GC(566) Survivor regions: 1->1(4)
[519.725s][info][gc,heap     ] GC(566) Old regions: 37->37
[519.725s][info][gc,heap     ] GC(566) Archive regions: 2->2
[519.725s][info][gc,heap     ] GC(566) Humongous regions: 0->0
[519.725s][info][gc,metaspace] GC(566) Metaspace: 48512K(49744K)->48512K(49744K) NonClass: 42657K(43600K)->42657K(43600K) Class: 5855K(6144K)->5855K(6144K)
[519.725s][info][gc          ] GC(566) Pause Young (Concurrent Start) (G1 Evacuation Pause) 65M->38M(77M) 1.188ms
[519.725s][info][gc,cpu      ] GC(566) User=0.00s Sys=0.00s Real=0.00s
[519.725s][info][gc          ] GC(567) Concurrent Cycle
[519.725s][info][gc,marking  ] GC(567) Concurrent Clear Claimed Marks
[519.725s][info][gc,marking  ] GC(567) Concurrent Clear Claimed Marks 0.036ms
[519.725s][info][gc,marking  ] GC(567) Concurrent Scan Root Regions
[519.726s][info][gc,marking  ] GC(567) Concurrent Scan Root Regions 0.566ms
[519.726s][info][gc,marking  ] GC(567) Concurrent Mark (519.726s)
[519.726s][info][gc,marking  ] GC(567) Concurrent Mark From Roots
[519.726s][info][gc,task     ] GC(567) Using 2 workers of 2 for marking
[519.755s][info][gc,marking  ] GC(567) Concurrent Mark From Roots 29.781ms
[519.756s][info][gc,marking  ] GC(567) Concurrent Preclean
[519.756s][info][gc,marking  ] GC(567) Concurrent Preclean 0.115ms
[519.756s][info][gc,marking  ] GC(567) Concurrent Mark (519.726s, 519.756s) 29.963ms
[519.756s][info][gc,start    ] GC(567) Pause Remark
[519.757s][info][gc          ] GC(567) Pause Remark 42M->42M(77M) 1.108ms
[519.757s][info][gc,cpu      ] GC(567) User=0.01s Sys=0.00s Real=0.00s
[519.757s][info][gc,marking  ] GC(567) Concurrent Rebuild Remembered Sets
[519.775s][info][gc,marking  ] GC(567) Concurrent Rebuild Remembered Sets 17.841ms
[519.776s][info][gc,start    ] GC(567) Pause Cleanup
[519.776s][info][gc          ] GC(567) Pause Cleanup 44M->44M(77M) 0.138ms
[519.776s][info][gc,cpu      ] GC(567) User=0.00s Sys=0.00s Real=0.00s
[519.776s][info][gc,marking  ] GC(567) Concurrent Cleanup for Next Mark
[519.777s][info][gc,marking  ] GC(567) Concurrent Cleanup for Next Mark 0.230ms
[519.777s][info][gc          ] GC(567) Concurrent Cycle 51.537ms
[519.915s][info][gc,start    ] GC(568) Pause Young (Normal) (G1 Evacuation Pause)
[519.915s][info][gc,task     ] GC(568) Using 8 workers of 8 for evacuation
[519.916s][info][gc,phases   ] GC(568)   Pre Evacuate Collection Set: 0.1ms
[519.916s][info][gc,phases   ] GC(568)   Merge Heap Roots: 0.1ms
[519.916s][info][gc,phases   ] GC(568)   Evacuate Collection Set: 0.5ms
[519.916s][info][gc,phases   ] GC(568)   Post Evacuate Collection Set: 0.2ms
[519.916s][info][gc,phases   ] GC(568)   Other: 0.2ms
[519.916s][info][gc,heap     ] GC(568) Eden regions: 28->0(28)
[519.916s][info][gc,heap     ] GC(568) Survivor regions: 1->1(4)
[519.916s][info][gc,heap     ] GC(568) Old regions: 37->37
[519.916s][info][gc,heap     ] GC(568) Archive regions: 2->2
[519.916s][info][gc,heap     ] GC(568) Humongous regions: 0->0
[519.916s][info][gc,metaspace] GC(568) Metaspace: 48512K(49744K)->48512K(49744K) NonClass: 42657K(43600K)->42657K(43600K) Class: 5855K(6144K)->5855K(6144K)
[519.916s][info][gc          ] GC(568) Pause Young (Normal) (G1 Evacuation Pause) 66M->38M(77M) 1.151ms
[519.916s][info][gc,cpu      ] GC(568) User=0.00s Sys=0.00s Real=0.00s
[520.126s][info][gc,start    ] GC(569) Pause Young (Concurrent Start) (G1 Evacuation Pause)
[520.126s][info][gc,task     ] GC(569) Using 8 workers of 8 for evacuation
[520.127s][info][gc,phases   ] GC(569)   Pre Evacuate Collection Set: 0.1ms
[520.127s][info][gc,phases   ] GC(569)   Merge Heap Roots: 0.0ms
[520.127s][info][gc,phases   ] GC(569)   Evacuate Collection Set: 0.8ms
[520.127s][info][gc,phases   ] GC(569)   Post Evacuate Collection Set: 0.2ms
[520.127s][info][gc,phases   ] GC(569)   Other: 0.2ms
[520.127s][info][gc,heap     ] GC(569) Eden regions: 28->0(28)
[520.127s][info][gc,heap     ] GC(569) Survivor regions: 1->1(4)
[520.127s][info][gc,heap     ] GC(569) Old regions: 37->37
[520.127s][info][gc,heap     ] GC(569) Archive regions: 2->2
[520.127s][info][gc,heap     ] GC(569) Humongous regions: 0->0
[520.127s][info][gc,metaspace] GC(569) Metaspace: 48512K(49744K)->48512K(49744K) NonClass: 42657K(43600K)->42657K(43600K) Class: 5855K(6144K)->5855K(6144K)
[520.127s][info][gc          ] GC(569) Pause Young (Concurrent Start) (G1 Evacuation Pause) 66M->38M(77M) 1.489ms
[520.128s][info][gc,cpu      ] GC(569) User=0.00s Sys=0.00s Real=0.00s
[520.128s][info][gc          ] GC(570) Concurrent Cycle
[520.128s][info][gc,marking  ] GC(570) Concurrent Clear Claimed Marks
[520.128s][info][gc,marking  ] GC(570) Concurrent Clear Claimed Marks 0.043ms
[520.128s][info][gc,marking  ] GC(570) Concurrent Scan Root Regions
[520.128s][info][gc,marking  ] GC(570) Concurrent Scan Root Regions 0.532ms
[520.128s][info][gc,marking  ] GC(570) Concurrent Mark (520.128s)
[520.128s][info][gc,marking  ] GC(570) Concurrent Mark From Roots
[520.128s][info][gc,task     ] GC(570) Using 2 workers of 2 for marking
[520.160s][info][gc,marking  ] GC(570) Concurrent Mark From Roots 31.451ms
[520.160s][info][gc,marking  ] GC(570) Concurrent Preclean
[520.160s][info][gc,marking  ] GC(570) Concurrent Preclean 0.143ms
[520.160s][info][gc,marking  ] GC(570) Concurrent Mark (520.128s, 520.160s) 31.660ms
[520.160s][info][gc,start    ] GC(570) Pause Remark
[520.161s][info][gc          ] GC(570) Pause Remark 42M->42M(77M) 1.383ms
[520.161s][info][gc,cpu      ] GC(570) User=0.01s Sys=0.00s Real=0.00s
[520.162s][info][gc,marking  ] GC(570) Concurrent Rebuild Remembered Sets
[520.180s][info][gc,marking  ] GC(570) Concurrent Rebuild Remembered Sets 18.893ms
[520.182s][info][gc,start    ] GC(570) Pause Cleanup
[520.182s][info][gc          ] GC(570) Pause Cleanup 44M->44M(77M) 0.142ms
[520.182s][info][gc,cpu      ] GC(570) User=0.00s Sys=0.00s Real=0.00s
[520.182s][info][gc,marking  ] GC(570) Concurrent Cleanup for Next Mark
[520.182s][info][gc,marking  ] GC(570) Concurrent Cleanup for Next Mark 0.148ms
[520.183s][info][gc          ] GC(570) Concurrent Cycle 54.963ms
[520.346s][info][gc,start    ] GC(571) Pause Young (Normal) (G1 Evacuation Pause)
[520.346s][info][gc,task     ] GC(571) Using 8 workers of 8 for evacuation
[520.347s][info][gc,phases   ] GC(571)   Pre Evacuate Collection Set: 0.1ms
[520.347s][info][gc,phases   ] GC(571)   Merge Heap Roots: 0.0ms
[520.347s][info][gc,phases   ] GC(571)   Evacuate Collection Set: 0.6ms
[520.347s][info][gc,phases   ] GC(571)   Post Evacuate Collection Set: 0.4ms
[520.347s][info][gc,phases   ] GC(571)   Other: 0.2ms
[520.347s][info][gc,heap     ] GC(571) Eden regions: 28->0(28)
[520.347s][info][gc,heap     ] GC(571) Survivor regions: 1->1(4)
[520.347s][info][gc,heap     ] GC(571) Old regions: 37->37
[520.347s][info][gc,heap     ] GC(571) Archive regions: 2->2
[520.347s][info][gc,heap     ] GC(571) Humongous regions: 0->0
[520.347s][info][gc,metaspace] GC(571) Metaspace: 48512K(49744K)->48512K(49744K) NonClass: 42657K(43600K)->42657K(43600K) Class: 5855K(6144K)->5855K(6144K)
[520.347s][info][gc          ] GC(571) Pause Young (Normal) (G1 Evacuation Pause) 66M->38M(77M) 1.357ms
[520.348s][info][gc,cpu      ] GC(571) User=0.00s Sys=0.01s Real=0.00s
[520.496s][info][gc,start    ] GC(572) Pause Young (Concurrent Start) (G1 Evacuation Pause)
[520.496s][info][gc,task     ] GC(572) Using 8 workers of 8 for evacuation
[520.498s][info][gc,phases   ] GC(572)   Pre Evacuate Collection Set: 0.3ms
[520.498s][info][gc,phases   ] GC(572)   Merge Heap Roots: 0.1ms
[520.498s][info][gc,phases   ] GC(572)   Evacuate Collection Set: 0.9ms
[520.498s][info][gc,phases   ] GC(572)   Post Evacuate Collection Set: 0.4ms
[520.498s][info][gc,phases   ] GC(572)   Other: 0.4ms
[520.498s][info][gc,heap     ] GC(572) Eden regions: 28->0(28)
[520.498s][info][gc,heap     ] GC(572) Survivor regions: 1->1(4)
[520.498s][info][gc,heap     ] GC(572) Old regions: 37->37
[520.498s][info][gc,heap     ] GC(572) Archive regions: 2->2
[520.498s][info][gc,heap     ] GC(572) Humongous regions: 0->0
[520.498s][info][gc,metaspace] GC(572) Metaspace: 48512K(49744K)->48512K(49744K) NonClass: 42657K(43600K)->42657K(43600K) Class: 5855K(6144K)->5855K(6144K)
[520.498s][info][gc          ] GC(572) Pause Young (Concurrent Start) (G1 Evacuation Pause) 66M->38M(77M) 2.215ms
[520.498s][info][gc,cpu      ] GC(572) User=0.00s Sys=0.00s Real=0.00s
[520.498s][info][gc          ] GC(573) Concurrent Cycle
[520.498s][info][gc,marking  ] GC(573) Concurrent Clear Claimed Marks
[520.499s][info][gc,marking  ] GC(573) Concurrent Clear Claimed Marks 0.107ms
[520.499s][info][gc,marking  ] GC(573) Concurrent Scan Root Regions
[520.500s][info][gc,marking  ] GC(573) Concurrent Scan Root Regions 1.203ms
[520.500s][info][gc,marking  ] GC(573) Concurrent Mark (520.500s)
[520.500s][info][gc,marking  ] GC(573) Concurrent Mark From Roots
[520.500s][info][gc,task     ] GC(573) Using 2 workers of 2 for marking
[520.564s][info][gc,marking  ] GC(573) Concurrent Mark From Roots 64.148ms
[520.564s][info][gc,marking  ] GC(573) Concurrent Preclean
[520.564s][info][gc,marking  ] GC(573) Concurrent Preclean 0.138ms
[520.564s][info][gc,marking  ] GC(573) Concurrent Mark (520.500s, 520.564s) 64.382ms
[520.565s][info][gc,start    ] GC(573) Pause Remark
[520.566s][info][gc          ] GC(573) Pause Remark 47M->47M(84M) 1.720ms
[520.566s][info][gc,cpu      ] GC(573) User=0.01s Sys=0.00s Real=0.00s
[520.567s][info][gc,marking  ] GC(573) Concurrent Rebuild Remembered Sets
[520.596s][info][gc,marking  ] GC(573) Concurrent Rebuild Remembered Sets 29.631ms
[520.597s][info][gc,start    ] GC(573) Pause Cleanup
[520.597s][info][gc          ] GC(573) Pause Cleanup 51M->51M(84M) 0.094ms
[520.597s][info][gc,cpu      ] GC(573) User=0.00s Sys=0.00s Real=0.00s
[520.597s][info][gc,marking  ] GC(573) Concurrent Cleanup for Next Mark
[520.597s][info][gc,marking  ] GC(573) Concurrent Cleanup for Next Mark 0.179ms
[520.597s][info][gc          ] GC(573) Concurrent Cycle 99.061ms
[520.681s][info][gc,start    ] GC(574) Pause Young (Normal) (G1 Evacuation Pause)
[520.681s][info][gc,task     ] GC(574) Using 8 workers of 8 for evacuation
[520.682s][info][gc,phases   ] GC(574)   Pre Evacuate Collection Set: 0.1ms
[520.682s][info][gc,phases   ] GC(574)   Merge Heap Roots: 0.0ms
[520.682s][info][gc,phases   ] GC(574)   Evacuate Collection Set: 0.5ms
[520.682s][info][gc,phases   ] GC(574)   Post Evacuate Collection Set: 0.3ms
[520.682s][info][gc,phases   ] GC(574)   Other: 0.2ms
[520.682s][info][gc,heap     ] GC(574) Eden regions: 27->0(34)
[520.682s][info][gc,heap     ] GC(574) Survivor regions: 1->1(4)
[520.682s][info][gc,heap     ] GC(574) Old regions: 37->37
[520.682s][info][gc,heap     ] GC(574) Archive regions: 2->2
[520.682s][info][gc,heap     ] GC(574) Humongous regions: 0->0
[520.682s][info][gc,metaspace] GC(574) Metaspace: 48512K(49744K)->48512K(49744K) NonClass: 42657K(43600K)->42657K(43600K) Class: 5855K(6144K)->5855K(6144K)
[520.682s][info][gc          ] GC(574) Pause Young (Normal) (G1 Evacuation Pause) 65M->38M(84M) 1.260ms
[520.682s][info][gc,cpu      ] GC(574) User=0.00s Sys=0.01s Real=0.00s
[520.902s][info][gc,start    ] GC(575) Pause Young (Concurrent Start) (G1 Evacuation Pause)
[520.902s][info][gc,task     ] GC(575) Using 8 workers of 8 for evacuation
[520.903s][info][gc,phases   ] GC(575)   Pre Evacuate Collection Set: 0.1ms
[520.903s][info][gc,phases   ] GC(575)   Merge Heap Roots: 0.0ms
[520.903s][info][gc,phases   ] GC(575)   Evacuate Collection Set: 0.6ms
[520.903s][info][gc,phases   ] GC(575)   Post Evacuate Collection Set: 0.2ms
[520.903s][info][gc,phases   ] GC(575)   Other: 0.2ms
[520.903s][info][gc,heap     ] GC(575) Eden regions: 34->0(34)
[520.903s][info][gc,heap     ] GC(575) Survivor regions: 1->1(5)
[520.903s][info][gc,heap     ] GC(575) Old regions: 37->37
[520.903s][info][gc,heap     ] GC(575) Archive regions: 2->2
[520.903s][info][gc,heap     ] GC(575) Humongous regions: 0->0
[520.903s][info][gc,metaspace] GC(575) Metaspace: 48512K(49744K)->48512K(49744K) NonClass: 42657K(43600K)->42657K(43600K) Class: 5855K(6144K)->5855K(6144K)
[520.903s][info][gc          ] GC(575) Pause Young (Concurrent Start) (G1 Evacuation Pause) 72M->38M(84M) 1.209ms
[520.903s][info][gc,cpu      ] GC(575) User=0.00s Sys=0.00s Real=0.01s
[520.903s][info][gc          ] GC(576) Concurrent Cycle
[520.903s][info][gc,marking  ] GC(576) Concurrent Clear Claimed Marks
[520.903s][info][gc,marking  ] GC(576) Concurrent Clear Claimed Marks 0.038ms
[520.903s][info][gc,marking  ] GC(576) Concurrent Scan Root Regions
[520.904s][info][gc,marking  ] GC(576) Concurrent Scan Root Regions 1.302ms
[520.905s][info][gc,marking  ] GC(576) Concurrent Mark (520.904s)
[520.905s][info][gc,marking  ] GC(576) Concurrent Mark From Roots
[520.905s][info][gc,task     ] GC(576) Using 2 workers of 2 for marking
[520.936s][info][gc,marking  ] GC(576) Concurrent Mark From Roots 31.840ms
[520.936s][info][gc,marking  ] GC(576) Concurrent Preclean
[520.937s][info][gc,marking  ] GC(576) Concurrent Preclean 0.158ms
[520.937s][info][gc,marking  ] GC(576) Concurrent Mark (520.904s, 520.937s) 32.106ms
[520.937s][info][gc,start    ] GC(576) Pause Remark
[520.938s][info][gc          ] GC(576) Pause Remark 42M->42M(84M) 1.295ms
[520.938s][info][gc,cpu      ] GC(576) User=0.01s Sys=0.00s Real=0.00s
[520.939s][info][gc,marking  ] GC(576) Concurrent Rebuild Remembered Sets
[520.962s][info][gc,marking  ] GC(576) Concurrent Rebuild Remembered Sets 23.335ms
[520.963s][info][gc,start    ] GC(576) Pause Cleanup
[520.963s][info][gc          ] GC(576) Pause Cleanup 45M->45M(84M) 0.086ms
[520.963s][info][gc,cpu      ] GC(576) User=0.00s Sys=0.00s Real=0.00s
[520.963s][info][gc,marking  ] GC(576) Concurrent Cleanup for Next Mark
[520.963s][info][gc,marking  ] GC(576) Concurrent Cleanup for Next Mark 0.265ms
[520.963s][info][gc          ] GC(576) Concurrent Cycle 60.164ms
[521.153s][info][gc,start    ] GC(577) Pause Young (Normal) (G1 Evacuation Pause)
[521.153s][info][gc,task     ] GC(577) Using 8 workers of 8 for evacuation
[521.154s][info][gc,phases   ] GC(577)   Pre Evacuate Collection Set: 0.0ms
[521.154s][info][gc,phases   ] GC(577)   Merge Heap Roots: 0.0ms
[521.154s][info][gc,phases   ] GC(577)   Evacuate Collection Set: 0.5ms
[521.154s][info][gc,phases   ] GC(577)   Post Evacuate Collection Set: 0.2ms
[521.154s][info][gc,phases   ] GC(577)   Other: 0.1ms
[521.154s][info][gc,heap     ] GC(577) Eden regions: 34->0(34)
[521.154s][info][gc,heap     ] GC(577) Survivor regions: 1->1(5)
[521.154s][info][gc,heap     ] GC(577) Old regions: 37->37
[521.154s][info][gc,heap     ] GC(577) Archive regions: 2->2
[521.154s][info][gc,heap     ] GC(577) Humongous regions: 0->0
[521.154s][info][gc,metaspace] GC(577) Metaspace: 48512K(49744K)->48512K(49744K) NonClass: 42657K(43600K)->42657K(43600K) Class: 5855K(6144K)->5855K(6144K)
[521.154s][info][gc          ] GC(577) Pause Young (Normal) (G1 Evacuation Pause) 72M->38M(84M) 0.982ms
[521.154s][info][gc,cpu      ] GC(577) User=0.00s Sys=0.00s Real=0.00s
[521.385s][info][gc,start    ] GC(578) Pause Young (Concurrent Start) (G1 Evacuation Pause)
[521.385s][info][gc,task     ] GC(578) Using 8 workers of 8 for evacuation
[521.386s][info][gc,phases   ] GC(578)   Pre Evacuate Collection Set: 0.1ms
[521.386s][info][gc,phases   ] GC(578)   Merge Heap Roots: 0.0ms
[521.386s][info][gc,phases   ] GC(578)   Evacuate Collection Set: 0.7ms
[521.386s][info][gc,phases   ] GC(578)   Post Evacuate Collection Set: 0.2ms
[521.387s][info][gc,phases   ] GC(578)   Other: 0.2ms
[521.387s][info][gc,heap     ] GC(578) Eden regions: 34->0(34)
[521.387s][info][gc,heap     ] GC(578) Survivor regions: 1->1(5)
[521.387s][info][gc,heap     ] GC(578) Old regions: 37->37
[521.387s][info][gc,heap     ] GC(578) Archive regions: 2->2
[521.387s][info][gc,heap     ] GC(578) Humongous regions: 0->0
[521.387s][info][gc,metaspace] GC(578) Metaspace: 48512K(49744K)->48512K(49744K) NonClass: 42657K(43600K)->42657K(43600K) Class: 5855K(6144K)->5855K(6144K)
[521.387s][info][gc          ] GC(578) Pause Young (Concurrent Start) (G1 Evacuation Pause) 72M->38M(84M) 1.300ms
[521.387s][info][gc,cpu      ] GC(578) User=0.01s Sys=0.00s Real=0.00s
[521.387s][info][gc          ] GC(579) Concurrent Cycle
[521.387s][info][gc,marking  ] GC(579) Concurrent Clear Claimed Marks
[521.387s][info][gc,marking  ] GC(579) Concurrent Clear Claimed Marks 0.031ms
[521.387s][info][gc,marking  ] GC(579) Concurrent Scan Root Regions
[521.388s][info][gc,marking  ] GC(579) Concurrent Scan Root Regions 1.573ms
[521.388s][info][gc,marking  ] GC(579) Concurrent Mark (521.388s)
[521.388s][info][gc,marking  ] GC(579) Concurrent Mark From Roots
[521.388s][info][gc,task     ] GC(579) Using 2 workers of 2 for marking
[521.422s][info][gc,marking  ] GC(579) Concurrent Mark From Roots 34.043ms
[521.422s][info][gc,marking  ] GC(579) Concurrent Preclean
[521.423s][info][gc,marking  ] GC(579) Concurrent Preclean 0.122ms
[521.423s][info][gc,marking  ] GC(579) Concurrent Mark (521.388s, 521.423s) 34.250ms
[521.423s][info][gc,start    ] GC(579) Pause Remark
[521.424s][info][gc          ] GC(579) Pause Remark 42M->42M(84M) 1.144ms
[521.424s][info][gc,cpu      ] GC(579) User=0.01s Sys=0.00s Real=0.01s
[521.424s][info][gc,marking  ] GC(579) Concurrent Rebuild Remembered Sets
[521.446s][info][gc,marking  ] GC(579) Concurrent Rebuild Remembered Sets 21.650ms
[521.447s][info][gc,start    ] GC(579) Pause Cleanup
[521.447s][info][gc          ] GC(579) Pause Cleanup 45M->45M(84M) 0.100ms
[521.447s][info][gc,cpu      ] GC(579) User=0.00s Sys=0.00s Real=0.00s
[521.447s][info][gc,marking  ] GC(579) Concurrent Cleanup for Next Mark
[521.447s][info][gc,marking  ] GC(579) Concurrent Cleanup for Next Mark 0.152ms
[521.447s][info][gc          ] GC(579) Concurrent Cycle 60.412ms
[521.620s][info][gc,start    ] GC(580) Pause Young (Normal) (G1 Evacuation Pause)
[521.620s][info][gc,task     ] GC(580) Using 8 workers of 8 for evacuation
[521.621s][info][gc,phases   ] GC(580)   Pre Evacuate Collection Set: 0.0ms
[521.621s][info][gc,phases   ] GC(580)   Merge Heap Roots: 0.0ms
[521.621s][info][gc,phases   ] GC(580)   Evacuate Collection Set: 0.6ms
[521.621s][info][gc,phases   ] GC(580)   Post Evacuate Collection Set: 0.2ms
[521.621s][info][gc,phases   ] GC(580)   Other: 0.2ms
[521.621s][info][gc,heap     ] GC(580) Eden regions: 34->0(33)
[521.621s][info][gc,heap     ] GC(580) Survivor regions: 1->1(5)
[521.621s][info][gc,heap     ] GC(580) Old regions: 37->38
[521.621s][info][gc,heap     ] GC(580) Archive regions: 2->2
[521.621s][info][gc,heap     ] GC(580) Humongous regions: 0->0
[521.621s][info][gc,metaspace] GC(580) Metaspace: 48512K(49744K)->48512K(49744K) NonClass: 42657K(43600K)->42657K(43600K) Class: 5855K(6144K)->5855K(6144K)
[521.621s][info][gc          ] GC(580) Pause Young (Normal) (G1 Evacuation Pause) 72M->38M(84M) 1.155ms
[521.621s][info][gc,cpu      ] GC(580) User=0.00s Sys=0.00s Real=0.00s
[521.848s][info][gc,start    ] GC(581) Pause Young (Concurrent Start) (G1 Evacuation Pause)
[521.848s][info][gc,task     ] GC(581) Using 8 workers of 8 for evacuation
[521.849s][info][gc,phases   ] GC(581)   Pre Evacuate Collection Set: 0.1ms
[521.849s][info][gc,phases   ] GC(581)   Merge Heap Roots: 0.0ms
[521.849s][info][gc,phases   ] GC(581)   Evacuate Collection Set: 0.9ms
[521.849s][info][gc,phases   ] GC(581)   Post Evacuate Collection Set: 0.2ms
[521.849s][info][gc,phases   ] GC(581)   Other: 0.2ms
[521.849s][info][gc,heap     ] GC(581) Eden regions: 33->0(33)
[521.849s][info][gc,heap     ] GC(581) Survivor regions: 1->1(5)
[521.849s][info][gc,heap     ] GC(581) Old regions: 38->38
[521.849s][info][gc,heap     ] GC(581) Archive regions: 2->2
[521.849s][info][gc,heap     ] GC(581) Humongous regions: 0->0
[521.849s][info][gc,metaspace] GC(581) Metaspace: 48512K(49744K)->48512K(49744K) NonClass: 42657K(43600K)->42657K(43600K) Class: 5855K(6144K)->5855K(6144K)
[521.849s][info][gc          ] GC(581) Pause Young (Concurrent Start) (G1 Evacuation Pause) 71M->38M(84M) 1.571ms
[521.849s][info][gc,cpu      ] GC(581) User=0.00s Sys=0.00s Real=0.00s
[521.849s][info][gc          ] GC(582) Concurrent Cycle
[521.849s][info][gc,marking  ] GC(582) Concurrent Clear Claimed Marks
[521.849s][info][gc,marking  ] GC(582) Concurrent Clear Claimed Marks 0.058ms
[521.849s][info][gc,marking  ] GC(582) Concurrent Scan Root Regions
[521.851s][info][gc,marking  ] GC(582) Concurrent Scan Root Regions 1.249ms
[521.851s][info][gc,marking  ] GC(582) Concurrent Mark (521.851s)
[521.851s][info][gc,marking  ] GC(582) Concurrent Mark From Roots
[521.851s][info][gc,task     ] GC(582) Using 2 workers of 2 for marking
[521.899s][info][gc,marking  ] GC(582) Concurrent Mark From Roots 48.574ms
[521.899s][info][gc,marking  ] GC(582) Concurrent Preclean
[521.899s][info][gc,marking  ] GC(582) Concurrent Preclean 0.098ms
[521.899s][info][gc,marking  ] GC(582) Concurrent Mark (521.851s, 521.899s) 48.733ms
[521.900s][info][gc,start    ] GC(582) Pause Remark
[521.901s][info][gc          ] GC(582) Pause Remark 42M->42M(84M) 1.310ms
[521.901s][info][gc,cpu      ] GC(582) User=0.00s Sys=0.00s Real=0.00s
[521.901s][info][gc,marking  ] GC(582) Concurrent Rebuild Remembered Sets
[521.925s][info][gc,marking  ] GC(582) Concurrent Rebuild Remembered Sets 24.326ms
[521.926s][info][gc,start    ] GC(582) Pause Cleanup
[521.926s][info][gc          ] GC(582) Pause Cleanup 46M->46M(84M) 0.157ms
[521.926s][info][gc,cpu      ] GC(582) User=0.00s Sys=0.00s Real=0.00s
[521.926s][info][gc,marking  ] GC(582) Concurrent Cleanup for Next Mark
[521.927s][info][gc,marking  ] GC(582) Concurrent Cleanup for Next Mark 0.158ms
[521.927s][info][gc          ] GC(582) Concurrent Cycle 77.398ms
[522.129s][info][gc,start    ] GC(583) Pause Young (Normal) (G1 Evacuation Pause)
[522.129s][info][gc,task     ] GC(583) Using 8 workers of 8 for evacuation
[522.130s][info][gc,phases   ] GC(583)   Pre Evacuate Collection Set: 0.1ms
[522.130s][info][gc,phases   ] GC(583)   Merge Heap Roots: 0.1ms
[522.130s][info][gc,phases   ] GC(583)   Evacuate Collection Set: 0.7ms
[522.130s][info][gc,phases   ] GC(583)   Post Evacuate Collection Set: 0.4ms
[522.130s][info][gc,phases   ] GC(583)   Other: 0.3ms
[522.130s][info][gc,heap     ] GC(583) Eden regions: 33->0(33)
[522.130s][info][gc,heap     ] GC(583) Survivor regions: 1->1(5)
[522.130s][info][gc,heap     ] GC(583) Old regions: 38->38
[522.130s][info][gc,heap     ] GC(583) Archive regions: 2->2
[522.130s][info][gc,heap     ] GC(583) Humongous regions: 0->0
[522.130s][info][gc,metaspace] GC(583) Metaspace: 48512K(49744K)->48512K(49744K) NonClass: 42657K(43600K)->42657K(43600K) Class: 5855K(6144K)->5855K(6144K)
[522.130s][info][gc          ] GC(583) Pause Young (Normal) (G1 Evacuation Pause) 71M->38M(84M) 1.668ms
[522.130s][info][gc,cpu      ] GC(583) User=0.01s Sys=0.00s Real=0.00s
[522.298s][info][gc,start    ] GC(584) Pause Young (Concurrent Start) (G1 Evacuation Pause)
[522.298s][info][gc,task     ] GC(584) Using 8 workers of 8 for evacuation
[522.300s][info][gc,phases   ] GC(584)   Pre Evacuate Collection Set: 0.1ms
[522.300s][info][gc,phases   ] GC(584)   Merge Heap Roots: 0.0ms
[522.300s][info][gc,phases   ] GC(584)   Evacuate Collection Set: 0.8ms
[522.300s][info][gc,phases   ] GC(584)   Post Evacuate Collection Set: 0.3ms
[522.300s][info][gc,phases   ] GC(584)   Other: 0.2ms
[522.300s][info][gc,heap     ] GC(584) Eden regions: 33->0(33)
[522.300s][info][gc,heap     ] GC(584) Survivor regions: 1->1(5)
[522.300s][info][gc,heap     ] GC(584) Old regions: 38->38
[522.300s][info][gc,heap     ] GC(584) Archive regions: 2->2
[522.300s][info][gc,heap     ] GC(584) Humongous regions: 0->0
[522.300s][info][gc,metaspace] GC(584) Metaspace: 48512K(49744K)->48512K(49744K) NonClass: 42657K(43600K)->42657K(43600K) Class: 5855K(6144K)->5855K(6144K)
[522.300s][info][gc          ] GC(584) Pause Young (Concurrent Start) (G1 Evacuation Pause) 71M->38M(84M) 1.518ms
[522.300s][info][gc,cpu      ] GC(584) User=0.00s Sys=0.00s Real=0.00s
[522.300s][info][gc          ] GC(585) Concurrent Cycle
[522.300s][info][gc,marking  ] GC(585) Concurrent Clear Claimed Marks
[522.300s][info][gc,marking  ] GC(585) Concurrent Clear Claimed Marks 0.062ms
[522.300s][info][gc,marking  ] GC(585) Concurrent Scan Root Regions
[522.301s][info][gc,marking  ] GC(585) Concurrent Scan Root Regions 1.537ms
[522.302s][info][gc,marking  ] GC(585) Concurrent Mark (522.302s)
[522.302s][info][gc,marking  ] GC(585) Concurrent Mark From Roots
[522.302s][info][gc,task     ] GC(585) Using 2 workers of 2 for marking
[522.339s][info][gc,marking  ] GC(585) Concurrent Mark From Roots 37.392ms
[522.339s][info][gc,marking  ] GC(585) Concurrent Preclean
[522.339s][info][gc,marking  ] GC(585) Concurrent Preclean 0.108ms
[522.339s][info][gc,marking  ] GC(585) Concurrent Mark (522.302s, 522.339s) 37.570ms
[522.339s][info][gc,start    ] GC(585) Pause Remark
[522.340s][info][gc          ] GC(585) Pause Remark 44M->44M(84M) 1.136ms
[522.340s][info][gc,cpu      ] GC(585) User=0.00s Sys=0.00s Real=0.00s
[522.341s][info][gc,marking  ] GC(585) Concurrent Rebuild Remembered Sets
[522.360s][info][gc,marking  ] GC(585) Concurrent Rebuild Remembered Sets 19.280ms
[522.361s][info][gc,start    ] GC(585) Pause Cleanup
[522.361s][info][gc          ] GC(585) Pause Cleanup 47M->47M(84M) 0.106ms
[522.361s][info][gc,cpu      ] GC(585) User=0.00s Sys=0.00s Real=0.00s
[522.361s][info][gc,marking  ] GC(585) Concurrent Cleanup for Next Mark
[522.361s][info][gc,marking  ] GC(585) Concurrent Cleanup for Next Mark 0.133ms
[522.361s][info][gc          ] GC(585) Concurrent Cycle 61.599ms
[522.502s][info][gc,start    ] GC(586) Pause Young (Normal) (G1 Evacuation Pause)
[522.502s][info][gc,task     ] GC(586) Using 8 workers of 8 for evacuation
[522.503s][info][gc,phases   ] GC(586)   Pre Evacuate Collection Set: 0.1ms
[522.503s][info][gc,phases   ] GC(586)   Merge Heap Roots: 0.0ms
[522.503s][info][gc,phases   ] GC(586)   Evacuate Collection Set: 0.5ms
[522.503s][info][gc,phases   ] GC(586)   Post Evacuate Collection Set: 0.2ms
[522.503s][info][gc,phases   ] GC(586)   Other: 0.2ms
[522.503s][info][gc,heap     ] GC(586) Eden regions: 33->0(33)
[522.503s][info][gc,heap     ] GC(586) Survivor regions: 1->1(5)
[522.503s][info][gc,heap     ] GC(586) Old regions: 38->38
[522.503s][info][gc,heap     ] GC(586) Archive regions: 2->2
[522.503s][info][gc,heap     ] GC(586) Humongous regions: 0->0
[522.503s][info][gc,metaspace] GC(586) Metaspace: 48512K(49744K)->48512K(49744K) NonClass: 42657K(43600K)->42657K(43600K) Class: 5855K(6144K)->5855K(6144K)
[522.503s][info][gc          ] GC(586) Pause Young (Normal) (G1 Evacuation Pause) 71M->38M(84M) 1.042ms
[522.503s][info][gc,cpu      ] GC(586) User=0.00s Sys=0.00s Real=0.01s
[522.718s][info][gc,start    ] GC(587) Pause Young (Concurrent Start) (G1 Evacuation Pause)
[522.718s][info][gc,task     ] GC(587) Using 8 workers of 8 for evacuation
[522.719s][info][gc,phases   ] GC(587)   Pre Evacuate Collection Set: 0.1ms
[522.719s][info][gc,phases   ] GC(587)   Merge Heap Roots: 0.1ms
[522.719s][info][gc,phases   ] GC(587)   Evacuate Collection Set: 0.8ms
[522.719s][info][gc,phases   ] GC(587)   Post Evacuate Collection Set: 0.2ms
[522.719s][info][gc,phases   ] GC(587)   Other: 0.2ms
[522.719s][info][gc,heap     ] GC(587) Eden regions: 33->0(33)
[522.719s][info][gc,heap     ] GC(587) Survivor regions: 1->1(5)
[522.719s][info][gc,heap     ] GC(587) Old regions: 38->38
[522.719s][info][gc,heap     ] GC(587) Archive regions: 2->2
[522.719s][info][gc,heap     ] GC(587) Humongous regions: 0->0
[522.719s][info][gc,metaspace] GC(587) Metaspace: 48512K(49744K)->48512K(49744K) NonClass: 42657K(43600K)->42657K(43600K) Class: 5855K(6144K)->5855K(6144K)
[522.719s][info][gc          ] GC(587) Pause Young (Concurrent Start) (G1 Evacuation Pause) 71M->38M(84M) 1.384ms
[522.719s][info][gc,cpu      ] GC(587) User=0.01s Sys=0.00s Real=0.00s
[522.719s][info][gc          ] GC(588) Concurrent Cycle
[522.719s][info][gc,marking  ] GC(588) Concurrent Clear Claimed Marks
[522.719s][info][gc,marking  ] GC(588) Concurrent Clear Claimed Marks 0.030ms
[522.719s][info][gc,marking  ] GC(588) Concurrent Scan Root Regions
[522.720s][info][gc,marking  ] GC(588) Concurrent Scan Root Regions 1.016ms
[522.720s][info][gc,marking  ] GC(588) Concurrent Mark (522.720s)
[522.720s][info][gc,marking  ] GC(588) Concurrent Mark From Roots
[522.720s][info][gc,task     ] GC(588) Using 2 workers of 2 for marking
[522.752s][info][gc,marking  ] GC(588) Concurrent Mark From Roots 31.716ms
[522.752s][info][gc,marking  ] GC(588) Concurrent Preclean
[522.752s][info][gc,marking  ] GC(588) Concurrent Preclean 0.111ms
[522.752s][info][gc,marking  ] GC(588) Concurrent Mark (522.720s, 522.752s) 31.902ms
[522.753s][info][gc,start    ] GC(588) Pause Remark
[522.754s][info][gc          ] GC(588) Pause Remark 42M->42M(84M) 1.162ms
[522.754s][info][gc,cpu      ] GC(588) User=0.00s Sys=0.00s Real=0.01s
[522.754s][info][gc,marking  ] GC(588) Concurrent Rebuild Remembered Sets
[522.773s][info][gc,marking  ] GC(588) Concurrent Rebuild Remembered Sets 19.100ms
[522.774s][info][gc,start    ] GC(588) Pause Cleanup
[522.775s][info][gc          ] GC(588) Pause Cleanup 44M->44M(84M) 0.184ms
[522.775s][info][gc,cpu      ] GC(588) User=0.00s Sys=0.00s Real=0.00s
[522.775s][info][gc,marking  ] GC(588) Concurrent Cleanup for Next Mark
[522.775s][info][gc,marking  ] GC(588) Concurrent Cleanup for Next Mark 0.141ms
[522.775s][info][gc          ] GC(588) Concurrent Cycle 55.611ms
[522.945s][info][gc,start    ] GC(589) Pause Young (Normal) (G1 Evacuation Pause)
[522.945s][info][gc,task     ] GC(589) Using 8 workers of 8 for evacuation
[522.946s][info][gc,phases   ] GC(589)   Pre Evacuate Collection Set: 0.1ms
[522.946s][info][gc,phases   ] GC(589)   Merge Heap Roots: 0.0ms
[522.946s][info][gc,phases   ] GC(589)   Evacuate Collection Set: 0.5ms
[522.946s][info][gc,phases   ] GC(589)   Post Evacuate Collection Set: 0.3ms
[522.946s][info][gc,phases   ] GC(589)   Other: 0.2ms
[522.946s][info][gc,heap     ] GC(589) Eden regions: 33->0(33)
[522.946s][info][gc,heap     ] GC(589) Survivor regions: 1->1(5)
[522.946s][info][gc,heap     ] GC(589) Old regions: 38->38
[522.946s][info][gc,heap     ] GC(589) Archive regions: 2->2
[522.946s][info][gc,heap     ] GC(589) Humongous regions: 0->0
[522.946s][info][gc,metaspace] GC(589) Metaspace: 48512K(49744K)->48512K(49744K) NonClass: 42657K(43600K)->42657K(43600K) Class: 5855K(6144K)->5855K(6144K)
[522.946s][info][gc          ] GC(589) Pause Young (Normal) (G1 Evacuation Pause) 71M->38M(84M) 1.111ms
[522.946s][info][gc,cpu      ] GC(589) User=0.01s Sys=0.00s Real=0.00s
[523.220s][info][gc,start    ] GC(590) Pause Young (Concurrent Start) (G1 Evacuation Pause)
[523.220s][info][gc,task     ] GC(590) Using 8 workers of 8 for evacuation
[523.221s][info][gc,phases   ] GC(590)   Pre Evacuate Collection Set: 0.1ms
[523.221s][info][gc,phases   ] GC(590)   Merge Heap Roots: 0.0ms
[523.221s][info][gc,phases   ] GC(590)   Evacuate Collection Set: 0.7ms
[523.221s][info][gc,phases   ] GC(590)   Post Evacuate Collection Set: 0.2ms
[523.221s][info][gc,phases   ] GC(590)   Other: 0.2ms
[523.221s][info][gc,heap     ] GC(590) Eden regions: 33->0(33)
[523.221s][info][gc,heap     ] GC(590) Survivor regions: 1->1(5)
[523.221s][info][gc,heap     ] GC(590) Old regions: 38->38
[523.221s][info][gc,heap     ] GC(590) Archive regions: 2->2
[523.221s][info][gc,heap     ] GC(590) Humongous regions: 0->0
[523.221s][info][gc,metaspace] GC(590) Metaspace: 48512K(49744K)->48512K(49744K) NonClass: 42657K(43600K)->42657K(43600K) Class: 5855K(6144K)->5855K(6144K)
[523.221s][info][gc          ] GC(590) Pause Young (Concurrent Start) (G1 Evacuation Pause) 71M->38M(84M) 1.245ms
[523.221s][info][gc,cpu      ] GC(590) User=0.00s Sys=0.00s Real=0.00s
[523.221s][info][gc          ] GC(591) Concurrent Cycle
[523.221s][info][gc,marking  ] GC(591) Concurrent Clear Claimed Marks
[523.221s][info][gc,marking  ] GC(591) Concurrent Clear Claimed Marks 0.038ms
[523.221s][info][gc,marking  ] GC(591) Concurrent Scan Root Regions
[523.222s][info][gc,marking  ] GC(591) Concurrent Scan Root Regions 0.628ms
[523.222s][info][gc,marking  ] GC(591) Concurrent Mark (523.222s)
[523.222s][info][gc,marking  ] GC(591) Concurrent Mark From Roots
[523.222s][info][gc,task     ] GC(591) Using 2 workers of 2 for marking
[523.254s][info][gc,marking  ] GC(591) Concurrent Mark From Roots 32.267ms
[523.254s][info][gc,marking  ] GC(591) Concurrent Preclean
[523.254s][info][gc,marking  ] GC(591) Concurrent Preclean 0.190ms
[523.254s][info][gc,marking  ] GC(591) Concurrent Mark (523.222s, 523.254s) 32.559ms
[523.255s][info][gc,start    ] GC(591) Pause Remark
[523.257s][info][gc          ] GC(591) Pause Remark 41M->41M(84M) 1.611ms
[523.257s][info][gc,cpu      ] GC(591) User=0.01s Sys=0.00s Real=0.00s
[523.257s][info][gc,marking  ] GC(591) Concurrent Rebuild Remembered Sets
[523.275s][info][gc,marking  ] GC(591) Concurrent Rebuild Remembered Sets 18.318ms
[523.276s][info][gc,start    ] GC(591) Pause Cleanup
[523.277s][info][gc          ] GC(591) Pause Cleanup 43M->43M(84M) 0.111ms
[523.277s][info][gc,cpu      ] GC(591) User=0.00s Sys=0.00s Real=0.00s
[523.277s][info][gc,marking  ] GC(591) Concurrent Cleanup for Next Mark
[523.277s][info][gc,marking  ] GC(591) Concurrent Cleanup for Next Mark 0.138ms
[523.277s][info][gc          ] GC(591) Concurrent Cycle 55.606ms
[523.502s][info][gc,start    ] GC(592) Pause Young (Normal) (G1 Evacuation Pause)
[523.502s][info][gc,task     ] GC(592) Using 8 workers of 8 for evacuation
[523.503s][info][gc,phases   ] GC(592)   Pre Evacuate Collection Set: 0.1ms
[523.503s][info][gc,phases   ] GC(592)   Merge Heap Roots: 0.0ms
[523.503s][info][gc,phases   ] GC(592)   Evacuate Collection Set: 0.5ms
[523.503s][info][gc,phases   ] GC(592)   Post Evacuate Collection Set: 0.2ms
[523.503s][info][gc,phases   ] GC(592)   Other: 0.2ms
[523.503s][info][gc,heap     ] GC(592) Eden regions: 33->0(33)
[523.503s][info][gc,heap     ] GC(592) Survivor regions: 1->1(5)
[523.503s][info][gc,heap     ] GC(592) Old regions: 38->38
[523.503s][info][gc,heap     ] GC(592) Archive regions: 2->2
[523.503s][info][gc,heap     ] GC(592) Humongous regions: 0->0
[523.503s][info][gc,metaspace] GC(592) Metaspace: 48512K(49744K)->48512K(49744K) NonClass: 42657K(43600K)->42657K(43600K) Class: 5855K(6144K)->5855K(6144K)
[523.503s][info][gc          ] GC(592) Pause Young (Normal) (G1 Evacuation Pause) 71M->38M(84M) 1.153ms
[523.503s][info][gc,cpu      ] GC(592) User=0.00s Sys=0.00s Real=0.01s
[523.735s][info][gc,start    ] GC(593) Pause Young (Concurrent Start) (G1 Evacuation Pause)
[523.735s][info][gc,task     ] GC(593) Using 8 workers of 8 for evacuation
[523.736s][info][gc,phases   ] GC(593)   Pre Evacuate Collection Set: 0.1ms
[523.736s][info][gc,phases   ] GC(593)   Merge Heap Roots: 0.0ms
[523.736s][info][gc,phases   ] GC(593)   Evacuate Collection Set: 0.6ms
[523.736s][info][gc,phases   ] GC(593)   Post Evacuate Collection Set: 0.2ms
[523.736s][info][gc,phases   ] GC(593)   Other: 0.2ms
[523.736s][info][gc,heap     ] GC(593) Eden regions: 33->0(33)
[523.736s][info][gc,heap     ] GC(593) Survivor regions: 1->1(5)
[523.736s][info][gc,heap     ] GC(593) Old regions: 38->38
[523.736s][info][gc,heap     ] GC(593) Archive regions: 2->2
[523.736s][info][gc,heap     ] GC(593) Humongous regions: 0->0
[523.736s][info][gc,metaspace] GC(593) Metaspace: 48512K(49744K)->48512K(49744K) NonClass: 42657K(43600K)->42657K(43600K) Class: 5855K(6144K)->5855K(6144K)
[523.737s][info][gc          ] GC(593) Pause Young (Concurrent Start) (G1 Evacuation Pause) 71M->38M(84M) 1.294ms
[523.737s][info][gc,cpu      ] GC(593) User=0.00s Sys=0.00s Real=0.00s
[523.737s][info][gc          ] GC(594) Concurrent Cycle
[523.737s][info][gc,marking  ] GC(594) Concurrent Clear Claimed Marks
[523.737s][info][gc,marking  ] GC(594) Concurrent Clear Claimed Marks 0.037ms
[523.737s][info][gc,marking  ] GC(594) Concurrent Scan Root Regions
[523.737s][info][gc,marking  ] GC(594) Concurrent Scan Root Regions 0.860ms
[523.738s][info][gc,marking  ] GC(594) Concurrent Mark (523.738s)
[523.738s][info][gc,marking  ] GC(594) Concurrent Mark From Roots
[523.738s][info][gc,task     ] GC(594) Using 2 workers of 2 for marking
[523.771s][info][gc,marking  ] GC(594) Concurrent Mark From Roots 33.616ms
[523.771s][info][gc,marking  ] GC(594) Concurrent Preclean
[523.771s][info][gc,marking  ] GC(594) Concurrent Preclean 0.092ms
[523.771s][info][gc,marking  ] GC(594) Concurrent Mark (523.738s, 523.771s) 33.787ms
[523.771s][info][gc,start    ] GC(594) Pause Remark
[523.773s][info][gc          ] GC(594) Pause Remark 42M->42M(84M) 1.559ms
[523.773s][info][gc,cpu      ] GC(594) User=0.01s Sys=0.00s Real=0.01s
[523.773s][info][gc,marking  ] GC(594) Concurrent Rebuild Remembered Sets
[523.800s][info][gc,marking  ] GC(594) Concurrent Rebuild Remembered Sets 26.396ms
[523.801s][info][gc,start    ] GC(594) Pause Cleanup
[523.801s][info][gc          ] GC(594) Pause Cleanup 45M->45M(84M) 0.101ms
[523.801s][info][gc,cpu      ] GC(594) User=0.00s Sys=0.00s Real=0.00s
[523.801s][info][gc,marking  ] GC(594) Concurrent Cleanup for Next Mark
[523.801s][info][gc,marking  ] GC(594) Concurrent Cleanup for Next Mark 0.199ms
[523.801s][info][gc          ] GC(594) Concurrent Cycle 64.685ms
[523.935s][info][gc,start    ] GC(595) Pause Young (Normal) (G1 Evacuation Pause)
[523.935s][info][gc,task     ] GC(595) Using 8 workers of 8 for evacuation
[523.936s][info][gc,phases   ] GC(595)   Pre Evacuate Collection Set: 0.0ms
[523.936s][info][gc,phases   ] GC(595)   Merge Heap Roots: 0.0ms
[523.936s][info][gc,phases   ] GC(595)   Evacuate Collection Set: 0.6ms
[523.936s][info][gc,phases   ] GC(595)   Post Evacuate Collection Set: 0.2ms
[523.936s][info][gc,phases   ] GC(595)   Other: 0.2ms
[523.936s][info][gc,heap     ] GC(595) Eden regions: 33->0(33)
[523.936s][info][gc,heap     ] GC(595) Survivor regions: 1->1(5)
[523.936s][info][gc,heap     ] GC(595) Old regions: 38->38
[523.936s][info][gc,heap     ] GC(595) Archive regions: 2->2
[523.936s][info][gc,heap     ] GC(595) Humongous regions: 0->0
[523.936s][info][gc,metaspace] GC(595) Metaspace: 48512K(49744K)->48512K(49744K) NonClass: 42657K(43600K)->42657K(43600K) Class: 5855K(6144K)->5855K(6144K)
[523.936s][info][gc          ] GC(595) Pause Young (Normal) (G1 Evacuation Pause) 71M->38M(84M) 1.115ms
[523.936s][info][gc,cpu      ] GC(595) User=0.01s Sys=0.00s Real=0.00s
[524.167s][info][gc,start    ] GC(596) Pause Young (Concurrent Start) (G1 Evacuation Pause)
[524.167s][info][gc,task     ] GC(596) Using 8 workers of 8 for evacuation
[524.168s][info][gc,phases   ] GC(596)   Pre Evacuate Collection Set: 0.1ms
[524.168s][info][gc,phases   ] GC(596)   Merge Heap Roots: 0.0ms
[524.168s][info][gc,phases   ] GC(596)   Evacuate Collection Set: 0.6ms
[524.168s][info][gc,phases   ] GC(596)   Post Evacuate Collection Set: 0.2ms
[524.168s][info][gc,phases   ] GC(596)   Other: 0.2ms
[524.168s][info][gc,heap     ] GC(596) Eden regions: 33->0(33)
[524.168s][info][gc,heap     ] GC(596) Survivor regions: 1->1(5)
[524.168s][info][gc,heap     ] GC(596) Old regions: 38->38
[524.168s][info][gc,heap     ] GC(596) Archive regions: 2->2
[524.168s][info][gc,heap     ] GC(596) Humongous regions: 0->0
[524.168s][info][gc,metaspace] GC(596) Metaspace: 48512K(49744K)->48512K(49744K) NonClass: 42657K(43600K)->42657K(43600K) Class: 5855K(6144K)->5855K(6144K)
[524.168s][info][gc          ] GC(596) Pause Young (Concurrent Start) (G1 Evacuation Pause) 71M->38M(84M) 1.172ms
[524.168s][info][gc,cpu      ] GC(596) User=0.00s Sys=0.00s Real=0.00s
[524.168s][info][gc          ] GC(597) Concurrent Cycle
[524.168s][info][gc,marking  ] GC(597) Concurrent Clear Claimed Marks
[524.169s][info][gc,marking  ] GC(597) Concurrent Clear Claimed Marks 0.038ms
[524.169s][info][gc,marking  ] GC(597) Concurrent Scan Root Regions
[524.169s][info][gc,marking  ] GC(597) Concurrent Scan Root Regions 0.679ms
[524.169s][info][gc,marking  ] GC(597) Concurrent Mark (524.169s)
[524.169s][info][gc,marking  ] GC(597) Concurrent Mark From Roots
[524.169s][info][gc,task     ] GC(597) Using 2 workers of 2 for marking
[524.202s][info][gc,marking  ] GC(597) Concurrent Mark From Roots 33.197ms
[524.202s][info][gc,marking  ] GC(597) Concurrent Preclean
[524.203s][info][gc,marking  ] GC(597) Concurrent Preclean 0.122ms
[524.203s][info][gc,marking  ] GC(597) Concurrent Mark (524.169s, 524.203s) 33.387ms
[524.203s][info][gc,start    ] GC(597) Pause Remark
[524.204s][info][gc          ] GC(597) Pause Remark 42M->42M(84M) 1.288ms
[524.204s][info][gc,cpu      ] GC(597) User=0.01s Sys=0.00s Real=0.01s
[524.204s][info][gc,marking  ] GC(597) Concurrent Rebuild Remembered Sets
[524.223s][info][gc,marking  ] GC(597) Concurrent Rebuild Remembered Sets 18.637ms
[524.224s][info][gc,start    ] GC(597) Pause Cleanup
[524.224s][info][gc          ] GC(597) Pause Cleanup 44M->44M(84M) 0.086ms
[524.224s][info][gc,cpu      ] GC(597) User=0.00s Sys=0.00s Real=0.00s
[524.224s][info][gc,marking  ] GC(597) Concurrent Cleanup for Next Mark
[524.224s][info][gc,marking  ] GC(597) Concurrent Cleanup for Next Mark 0.149ms
[524.224s][info][gc          ] GC(597) Concurrent Cycle 55.512ms
[524.396s][info][gc,start    ] GC(598) Pause Young (Normal) (G1 Evacuation Pause)
[524.396s][info][gc,task     ] GC(598) Using 8 workers of 8 for evacuation
[524.397s][info][gc,phases   ] GC(598)   Pre Evacuate Collection Set: 0.1ms
[524.397s][info][gc,phases   ] GC(598)   Merge Heap Roots: 0.0ms
[524.397s][info][gc,phases   ] GC(598)   Evacuate Collection Set: 0.7ms
[524.397s][info][gc,phases   ] GC(598)   Post Evacuate Collection Set: 0.2ms
[524.397s][info][gc,phases   ] GC(598)   Other: 0.2ms
[524.397s][info][gc,heap     ] GC(598) Eden regions: 33->0(33)
[524.398s][info][gc,heap     ] GC(598) Survivor regions: 1->1(5)
[524.398s][info][gc,heap     ] GC(598) Old regions: 38->38
[524.398s][info][gc,heap     ] GC(598) Archive regions: 2->2
[524.398s][info][gc,heap     ] GC(598) Humongous regions: 0->0
[524.398s][info][gc,metaspace] GC(598) Metaspace: 48513K(49744K)->48513K(49744K) NonClass: 42658K(43600K)->42658K(43600K) Class: 5855K(6144K)->5855K(6144K)
[524.398s][info][gc          ] GC(598) Pause Young (Normal) (G1 Evacuation Pause) 71M->38M(84M) 1.295ms
[524.398s][info][gc,cpu      ] GC(598) User=0.01s Sys=0.00s Real=0.00s
[524.628s][info][gc,start    ] GC(599) Pause Young (Concurrent Start) (G1 Evacuation Pause)
[524.628s][info][gc,task     ] GC(599) Using 8 workers of 8 for evacuation
[524.629s][info][gc,phases   ] GC(599)   Pre Evacuate Collection Set: 0.2ms
[524.630s][info][gc,phases   ] GC(599)   Merge Heap Roots: 0.1ms
[524.630s][info][gc,phases   ] GC(599)   Evacuate Collection Set: 0.8ms
[524.630s][info][gc,phases   ] GC(599)   Post Evacuate Collection Set: 0.2ms
[524.630s][info][gc,phases   ] GC(599)   Other: 0.2ms
[524.630s][info][gc,heap     ] GC(599) Eden regions: 33->0(33)
[524.630s][info][gc,heap     ] GC(599) Survivor regions: 1->1(5)
[524.630s][info][gc,heap     ] GC(599) Old regions: 38->38
[524.630s][info][gc,heap     ] GC(599) Archive regions: 2->2
[524.630s][info][gc,heap     ] GC(599) Humongous regions: 0->0
[524.630s][info][gc,metaspace] GC(599) Metaspace: 48513K(49744K)->48513K(49744K) NonClass: 42658K(43600K)->42658K(43600K) Class: 5855K(6144K)->5855K(6144K)
[524.630s][info][gc          ] GC(599) Pause Young (Concurrent Start) (G1 Evacuation Pause) 71M->38M(84M) 1.582ms
[524.630s][info][gc,cpu      ] GC(599) User=0.01s Sys=0.01s Real=0.00s
[524.630s][info][gc          ] GC(600) Concurrent Cycle
[524.630s][info][gc,marking  ] GC(600) Concurrent Clear Claimed Marks
[524.630s][info][gc,marking  ] GC(600) Concurrent Clear Claimed Marks 0.047ms
[524.630s][info][gc,marking  ] GC(600) Concurrent Scan Root Regions
[524.631s][info][gc,marking  ] GC(600) Concurrent Scan Root Regions 1.386ms
[524.631s][info][gc,marking  ] GC(600) Concurrent Mark (524.631s)
[524.631s][info][gc,marking  ] GC(600) Concurrent Mark From Roots
[524.631s][info][gc,task     ] GC(600) Using 2 workers of 2 for marking
[524.663s][info][gc,marking  ] GC(600) Concurrent Mark From Roots 32.051ms
[524.663s][info][gc,marking  ] GC(600) Concurrent Preclean
[524.663s][info][gc,marking  ] GC(600) Concurrent Preclean 0.152ms
[524.664s][info][gc,marking  ] GC(600) Concurrent Mark (524.631s, 524.663s) 32.287ms
[524.664s][info][gc,start    ] GC(600) Pause Remark
[524.666s][info][gc          ] GC(600) Pause Remark 42M->42M(84M) 1.172ms
[524.666s][info][gc,cpu      ] GC(600) User=0.00s Sys=0.00s Real=0.00s
[524.666s][info][gc,marking  ] GC(600) Concurrent Rebuild Remembered Sets
[524.687s][info][gc,marking  ] GC(600) Concurrent Rebuild Remembered Sets 21.034ms
[524.688s][info][gc,start    ] GC(600) Pause Cleanup
[524.688s][info][gc          ] GC(600) Pause Cleanup 45M->45M(84M) 0.113ms
[524.688s][info][gc,cpu      ] GC(600) User=0.00s Sys=0.00s Real=0.00s
[524.688s][info][gc,marking  ] GC(600) Concurrent Cleanup for Next Mark
[524.688s][info][gc,marking  ] GC(600) Concurrent Cleanup for Next Mark 0.139ms
[524.688s][info][gc          ] GC(600) Concurrent Cycle 58.652ms
[524.863s][info][gc,start    ] GC(601) Pause Young (Normal) (G1 Evacuation Pause)
[524.863s][info][gc,task     ] GC(601) Using 8 workers of 8 for evacuation
[524.865s][info][gc,phases   ] GC(601)   Pre Evacuate Collection Set: 0.1ms
[524.865s][info][gc,phases   ] GC(601)   Merge Heap Roots: 0.0ms
[524.865s][info][gc,phases   ] GC(601)   Evacuate Collection Set: 1.0ms
[524.865s][info][gc,phases   ] GC(601)   Post Evacuate Collection Set: 0.3ms
[524.865s][info][gc,phases   ] GC(601)   Other: 0.2ms
[524.865s][info][gc,heap     ] GC(601) Eden regions: 33->0(33)
[524.865s][info][gc,heap     ] GC(601) Survivor regions: 1->1(5)
[524.865s][info][gc,heap     ] GC(601) Old regions: 38->38
[524.865s][info][gc,heap     ] GC(601) Archive regions: 2->2
[524.865s][info][gc,heap     ] GC(601) Humongous regions: 0->0
[524.865s][info][gc,metaspace] GC(601) Metaspace: 48518K(49744K)->48518K(49744K) NonClass: 42663K(43600K)->42663K(43600K) Class: 5855K(6144K)->5855K(6144K)
[524.865s][info][gc          ] GC(601) Pause Young (Normal) (G1 Evacuation Pause) 71M->38M(84M) 1.665ms
[524.865s][info][gc,cpu      ] GC(601) User=0.00s Sys=0.00s Real=0.00s
[525.120s][info][gc,start    ] GC(602) Pause Young (Concurrent Start) (G1 Evacuation Pause)
[525.120s][info][gc,task     ] GC(602) Using 8 workers of 8 for evacuation
[525.121s][info][gc,phases   ] GC(602)   Pre Evacuate Collection Set: 0.1ms
[525.121s][info][gc,phases   ] GC(602)   Merge Heap Roots: 0.0ms
[525.121s][info][gc,phases   ] GC(602)   Evacuate Collection Set: 1.0ms
[525.121s][info][gc,phases   ] GC(602)   Post Evacuate Collection Set: 0.3ms
[525.121s][info][gc,phases   ] GC(602)   Other: 0.2ms
[525.121s][info][gc,heap     ] GC(602) Eden regions: 33->0(33)
[525.121s][info][gc,heap     ] GC(602) Survivor regions: 1->1(5)
[525.121s][info][gc,heap     ] GC(602) Old regions: 38->38
[525.121s][info][gc,heap     ] GC(602) Archive regions: 2->2
[525.121s][info][gc,heap     ] GC(602) Humongous regions: 0->0
[525.121s][info][gc,metaspace] GC(602) Metaspace: 48518K(49744K)->48518K(49744K) NonClass: 42663K(43600K)->42663K(43600K) Class: 5855K(6144K)->5855K(6144K)
[525.122s][info][gc          ] GC(602) Pause Young (Concurrent Start) (G1 Evacuation Pause) 71M->38M(84M) 1.601ms
[525.122s][info][gc,cpu      ] GC(602) User=0.00s Sys=0.00s Real=0.00s
[525.122s][info][gc          ] GC(603) Concurrent Cycle
[525.122s][info][gc,marking  ] GC(603) Concurrent Clear Claimed Marks
[525.122s][info][gc,marking  ] GC(603) Concurrent Clear Claimed Marks 0.036ms
[525.122s][info][gc,marking  ] GC(603) Concurrent Scan Root Regions
[525.123s][info][gc,marking  ] GC(603) Concurrent Scan Root Regions 0.969ms
[525.123s][info][gc,marking  ] GC(603) Concurrent Mark (525.123s)
[525.123s][info][gc,marking  ] GC(603) Concurrent Mark From Roots
[525.123s][info][gc,task     ] GC(603) Using 2 workers of 2 for marking
[525.155s][info][gc,marking  ] GC(603) Concurrent Mark From Roots 32.498ms
[525.155s][info][gc,marking  ] GC(603) Concurrent Preclean
[525.155s][info][gc,marking  ] GC(603) Concurrent Preclean 0.155ms
[525.155s][info][gc,marking  ] GC(603) Concurrent Mark (525.123s, 525.155s) 32.734ms
[525.156s][info][gc,start    ] GC(603) Pause Remark
[525.157s][info][gc          ] GC(603) Pause Remark 42M->42M(84M) 1.289ms
[525.157s][info][gc,cpu      ] GC(603) User=0.01s Sys=0.00s Real=0.00s
[525.157s][info][gc,marking  ] GC(603) Concurrent Rebuild Remembered Sets
[525.177s][info][gc,marking  ] GC(603) Concurrent Rebuild Remembered Sets 19.764ms
[525.178s][info][gc,start    ] GC(603) Pause Cleanup
[525.178s][info][gc          ] GC(603) Pause Cleanup 44M->44M(84M) 0.080ms
[525.178s][info][gc,cpu      ] GC(603) User=0.00s Sys=0.00s Real=0.00s
[525.178s][info][gc,marking  ] GC(603) Concurrent Cleanup for Next Mark
[525.178s][info][gc,marking  ] GC(603) Concurrent Cleanup for Next Mark 0.129ms
[525.178s][info][gc          ] GC(603) Concurrent Cycle 56.351ms
[525.370s][info][gc,start    ] GC(604) Pause Young (Normal) (G1 Evacuation Pause)
[525.370s][info][gc,task     ] GC(604) Using 8 workers of 8 for evacuation
[525.371s][info][gc,phases   ] GC(604)   Pre Evacuate Collection Set: 0.1ms
[525.371s][info][gc,phases   ] GC(604)   Merge Heap Roots: 0.1ms
[525.371s][info][gc,phases   ] GC(604)   Evacuate Collection Set: 0.6ms
[525.371s][info][gc,phases   ] GC(604)   Post Evacuate Collection Set: 0.2ms
[525.371s][info][gc,phases   ] GC(604)   Other: 0.2ms
[525.371s][info][gc,heap     ] GC(604) Eden regions: 33->0(33)
[525.371s][info][gc,heap     ] GC(604) Survivor regions: 1->1(5)
[525.371s][info][gc,heap     ] GC(604) Old regions: 38->38
[525.371s][info][gc,heap     ] GC(604) Archive regions: 2->2
[525.371s][info][gc,heap     ] GC(604) Humongous regions: 0->0
[525.371s][info][gc,metaspace] GC(604) Metaspace: 48518K(49744K)->48518K(49744K) NonClass: 42663K(43600K)->42663K(43600K) Class: 5855K(6144K)->5855K(6144K)
[525.371s][info][gc          ] GC(604) Pause Young (Normal) (G1 Evacuation Pause) 71M->38M(84M) 1.194ms
[525.371s][info][gc,cpu      ] GC(604) User=0.01s Sys=0.00s Real=0.00s
[525.533s][info][gc,start    ] GC(605) Pause Young (Concurrent Start) (G1 Evacuation Pause)
[525.533s][info][gc,task     ] GC(605) Using 8 workers of 8 for evacuation
[525.534s][info][gc,phases   ] GC(605)   Pre Evacuate Collection Set: 0.1ms
[525.535s][info][gc,phases   ] GC(605)   Merge Heap Roots: 0.0ms
[525.535s][info][gc,phases   ] GC(605)   Evacuate Collection Set: 0.6ms
[525.535s][info][gc,phases   ] GC(605)   Post Evacuate Collection Set: 0.2ms
[525.535s][info][gc,phases   ] GC(605)   Other: 0.2ms
[525.535s][info][gc,heap     ] GC(605) Eden regions: 33->0(33)
[525.535s][info][gc,heap     ] GC(605) Survivor regions: 1->1(5)
[525.535s][info][gc,heap     ] GC(605) Old regions: 38->38
[525.535s][info][gc,heap     ] GC(605) Archive regions: 2->2
[525.535s][info][gc,heap     ] GC(605) Humongous regions: 0->0
[525.535s][info][gc,metaspace] GC(605) Metaspace: 48518K(49744K)->48518K(49744K) NonClass: 42663K(43600K)->42663K(43600K) Class: 5855K(6144K)->5855K(6144K)
[525.535s][info][gc          ] GC(605) Pause Young (Concurrent Start) (G1 Evacuation Pause) 71M->38M(84M) 1.196ms
[525.535s][info][gc,cpu      ] GC(605) User=0.00s Sys=0.00s Real=0.00s
[525.535s][info][gc          ] GC(606) Concurrent Cycle
[525.535s][info][gc,marking  ] GC(606) Concurrent Clear Claimed Marks
[525.535s][info][gc,marking  ] GC(606) Concurrent Clear Claimed Marks 0.031ms
[525.535s][info][gc,marking  ] GC(606) Concurrent Scan Root Regions
[525.535s][info][gc,marking  ] GC(606) Concurrent Scan Root Regions 0.575ms
[525.535s][info][gc,marking  ] GC(606) Concurrent Mark (525.535s)
[525.535s][info][gc,marking  ] GC(606) Concurrent Mark From Roots
[525.535s][info][gc,task     ] GC(606) Using 2 workers of 2 for marking
[525.597s][info][gc,marking  ] GC(606) Concurrent Mark From Roots 61.825ms
[525.597s][info][gc,marking  ] GC(606) Concurrent Preclean
[525.597s][info][gc,marking  ] GC(606) Concurrent Preclean 0.120ms
[525.597s][info][gc,marking  ] GC(606) Concurrent Mark (525.535s, 525.597s) 62.014ms
[525.597s][info][gc,start    ] GC(606) Pause Remark
[525.599s][info][gc          ] GC(606) Pause Remark 48M->48M(87M) 1.373ms
[525.599s][info][gc,cpu      ] GC(606) User=0.00s Sys=0.00s Real=0.00s
[525.599s][info][gc,marking  ] GC(606) Concurrent Rebuild Remembered Sets
[525.621s][info][gc,marking  ] GC(606) Concurrent Rebuild Remembered Sets 21.838ms
[525.623s][info][gc,start    ] GC(606) Pause Cleanup
[525.623s][info][gc          ] GC(606) Pause Cleanup 50M->50M(87M) 0.149ms
[525.623s][info][gc,cpu      ] GC(606) User=0.00s Sys=0.00s Real=0.00s
[525.623s][info][gc,marking  ] GC(606) Concurrent Cleanup for Next Mark
[525.623s][info][gc,marking  ] GC(606) Concurrent Cleanup for Next Mark 0.339ms
[525.623s][info][gc          ] GC(606) Concurrent Cycle 88.664ms
[525.766s][info][gc,start    ] GC(607) Pause Young (Normal) (G1 Evacuation Pause)
[525.766s][info][gc,task     ] GC(607) Using 8 workers of 8 for evacuation
[525.767s][info][gc,phases   ] GC(607)   Pre Evacuate Collection Set: 0.0ms
[525.767s][info][gc,phases   ] GC(607)   Merge Heap Roots: 0.0ms
[525.767s][info][gc,phases   ] GC(607)   Evacuate Collection Set: 0.5ms
[525.767s][info][gc,phases   ] GC(607)   Post Evacuate Collection Set: 0.2ms
[525.767s][info][gc,phases   ] GC(607)   Other: 0.1ms
[525.767s][info][gc,heap     ] GC(607) Eden regions: 33->0(36)
[525.767s][info][gc,heap     ] GC(607) Survivor regions: 1->1(5)
[525.767s][info][gc,heap     ] GC(607) Old regions: 38->38
[525.767s][info][gc,heap     ] GC(607) Archive regions: 2->2
[525.767s][info][gc,heap     ] GC(607) Humongous regions: 0->0
[525.767s][info][gc,metaspace] GC(607) Metaspace: 48518K(49744K)->48518K(49744K) NonClass: 42663K(43600K)->42663K(43600K) Class: 5855K(6144K)->5855K(6144K)
[525.767s][info][gc          ] GC(607) Pause Young (Normal) (G1 Evacuation Pause) 71M->38M(87M) 1.002ms
[525.767s][info][gc,cpu      ] GC(607) User=0.00s Sys=0.00s Real=0.00s
[525.999s][info][gc,start    ] GC(608) Pause Young (Concurrent Start) (G1 Evacuation Pause)
[525.999s][info][gc,task     ] GC(608) Using 8 workers of 8 for evacuation
[526.001s][info][gc,phases   ] GC(608)   Pre Evacuate Collection Set: 0.1ms
[526.001s][info][gc,phases   ] GC(608)   Merge Heap Roots: 0.0ms
[526.001s][info][gc,phases   ] GC(608)   Evacuate Collection Set: 0.7ms
[526.001s][info][gc,phases   ] GC(608)   Post Evacuate Collection Set: 0.3ms
[526.001s][info][gc,phases   ] GC(608)   Other: 0.2ms
[526.001s][info][gc,heap     ] GC(608) Eden regions: 36->0(36)
[526.001s][info][gc,heap     ] GC(608) Survivor regions: 1->1(5)
[526.001s][info][gc,heap     ] GC(608) Old regions: 38->38
[526.001s][info][gc,heap     ] GC(608) Archive regions: 2->2
[526.001s][info][gc,heap     ] GC(608) Humongous regions: 0->0
[526.001s][info][gc,metaspace] GC(608) Metaspace: 48518K(49744K)->48518K(49744K) NonClass: 42663K(43600K)->42663K(43600K) Class: 5855K(6144K)->5855K(6144K)
[526.001s][info][gc          ] GC(608) Pause Young (Concurrent Start) (G1 Evacuation Pause) 74M->38M(87M) 1.386ms
[526.001s][info][gc,cpu      ] GC(608) User=0.01s Sys=0.00s Real=0.00s
[526.001s][info][gc          ] GC(609) Concurrent Cycle
[526.001s][info][gc,marking  ] GC(609) Concurrent Clear Claimed Marks
[526.001s][info][gc,marking  ] GC(609) Concurrent Clear Claimed Marks 0.050ms
[526.001s][info][gc,marking  ] GC(609) Concurrent Scan Root Regions
[526.002s][info][gc,marking  ] GC(609) Concurrent Scan Root Regions 1.398ms
[526.002s][info][gc,marking  ] GC(609) Concurrent Mark (526.002s)
[526.002s][info][gc,marking  ] GC(609) Concurrent Mark From Roots
[526.002s][info][gc,task     ] GC(609) Using 2 workers of 2 for marking
[526.036s][info][gc,marking  ] GC(609) Concurrent Mark From Roots 34.018ms
[526.036s][info][gc,marking  ] GC(609) Concurrent Preclean
[526.037s][info][gc,marking  ] GC(609) Concurrent Preclean 0.157ms
[526.037s][info][gc,marking  ] GC(609) Concurrent Mark (526.002s, 526.037s) 34.260ms
[526.037s][info][gc,start    ] GC(609) Pause Remark
[526.038s][info][gc          ] GC(609) Pause Remark 41M->41M(87M) 1.158ms
[526.039s][info][gc,cpu      ] GC(609) User=0.01s Sys=0.00s Real=0.00s
[526.039s][info][gc,marking  ] GC(609) Concurrent Rebuild Remembered Sets
[526.060s][info][gc,marking  ] GC(609) Concurrent Rebuild Remembered Sets 21.512ms
[526.062s][info][gc,start    ] GC(609) Pause Cleanup
[526.062s][info][gc          ] GC(609) Pause Cleanup 42M->42M(87M) 0.141ms
[526.062s][info][gc,cpu      ] GC(609) User=0.00s Sys=0.00s Real=0.00s
[526.062s][info][gc,marking  ] GC(609) Concurrent Cleanup for Next Mark
[526.062s][info][gc,marking  ] GC(609) Concurrent Cleanup for Next Mark 0.193ms
[526.062s][info][gc          ] GC(609) Concurrent Cycle 61.518ms
[526.300s][info][gc,start    ] GC(610) Pause Young (Normal) (G1 Evacuation Pause)
[526.300s][info][gc,task     ] GC(610) Using 8 workers of 8 for evacuation
[526.301s][info][gc,phases   ] GC(610)   Pre Evacuate Collection Set: 0.1ms
[526.301s][info][gc,phases   ] GC(610)   Merge Heap Roots: 0.1ms
[526.301s][info][gc,phases   ] GC(610)   Evacuate Collection Set: 0.5ms
[526.301s][info][gc,phases   ] GC(610)   Post Evacuate Collection Set: 0.2ms
[526.301s][info][gc,phases   ] GC(610)   Other: 0.2ms
[526.301s][info][gc,heap     ] GC(610) Eden regions: 36->0(36)
[526.301s][info][gc,heap     ] GC(610) Survivor regions: 1->1(5)
[526.301s][info][gc,heap     ] GC(610) Old regions: 38->38
[526.301s][info][gc,heap     ] GC(610) Archive regions: 2->2
[526.301s][info][gc,heap     ] GC(610) Humongous regions: 0->0
[526.301s][info][gc,metaspace] GC(610) Metaspace: 48518K(49744K)->48518K(49744K) NonClass: 42663K(43600K)->42663K(43600K) Class: 5855K(6144K)->5855K(6144K)
[526.301s][info][gc          ] GC(610) Pause Young (Normal) (G1 Evacuation Pause) 74M->38M(87M) 1.139ms
[526.302s][info][gc,cpu      ] GC(610) User=0.01s Sys=0.00s Real=0.00s
[526.555s][info][gc,start    ] GC(611) Pause Young (Concurrent Start) (G1 Evacuation Pause)
[526.555s][info][gc,task     ] GC(611) Using 8 workers of 8 for evacuation
[526.556s][info][gc,phases   ] GC(611)   Pre Evacuate Collection Set: 0.1ms
[526.556s][info][gc,phases   ] GC(611)   Merge Heap Roots: 0.0ms
[526.556s][info][gc,phases   ] GC(611)   Evacuate Collection Set: 0.6ms
[526.556s][info][gc,phases   ] GC(611)   Post Evacuate Collection Set: 0.2ms
[526.556s][info][gc,phases   ] GC(611)   Other: 0.2ms
[526.556s][info][gc,heap     ] GC(611) Eden regions: 36->0(36)
[526.556s][info][gc,heap     ] GC(611) Survivor regions: 1->1(5)
[526.556s][info][gc,heap     ] GC(611) Old regions: 38->38
[526.556s][info][gc,heap     ] GC(611) Archive regions: 2->2
[526.556s][info][gc,heap     ] GC(611) Humongous regions: 0->0
[526.556s][info][gc,metaspace] GC(611) Metaspace: 48518K(49744K)->48518K(49744K) NonClass: 42663K(43600K)->42663K(43600K) Class: 5855K(6144K)->5855K(6144K)
[526.556s][info][gc          ] GC(611) Pause Young (Concurrent Start) (G1 Evacuation Pause) 74M->38M(87M) 1.173ms
[526.556s][info][gc,cpu      ] GC(611) User=0.00s Sys=0.00s Real=0.00s
[526.557s][info][gc          ] GC(612) Concurrent Cycle
[526.557s][info][gc,marking  ] GC(612) Concurrent Clear Claimed Marks
[526.557s][info][gc,marking  ] GC(612) Concurrent Clear Claimed Marks 0.029ms
[526.557s][info][gc,marking  ] GC(612) Concurrent Scan Root Regions
[526.558s][info][gc,marking  ] GC(612) Concurrent Scan Root Regions 0.995ms
[526.558s][info][gc,marking  ] GC(612) Concurrent Mark (526.558s)
[526.558s][info][gc,marking  ] GC(612) Concurrent Mark From Roots
[526.558s][info][gc,task     ] GC(612) Using 2 workers of 2 for marking
[526.596s][info][gc,marking  ] GC(612) Concurrent Mark From Roots 38.352ms
[526.596s][info][gc,marking  ] GC(612) Concurrent Preclean
[526.596s][info][gc,marking  ] GC(612) Concurrent Preclean 0.119ms
[526.596s][info][gc,marking  ] GC(612) Concurrent Mark (526.558s, 526.596s) 38.553ms
[526.596s][info][gc,start    ] GC(612) Pause Remark
[526.598s][info][gc          ] GC(612) Pause Remark 44M->44M(87M) 1.480ms
[526.598s][info][gc,cpu      ] GC(612) User=0.01s Sys=0.00s Real=0.00s
[526.598s][info][gc,marking  ] GC(612) Concurrent Rebuild Remembered Sets
[526.622s][info][gc,marking  ] GC(612) Concurrent Rebuild Remembered Sets 23.767ms
[526.623s][info][gc,start    ] GC(612) Pause Cleanup
[526.623s][info][gc          ] GC(612) Pause Cleanup 48M->48M(87M) 0.138ms
[526.623s][info][gc,cpu      ] GC(612) User=0.00s Sys=0.00s Real=0.01s
[526.623s][info][gc,marking  ] GC(612) Concurrent Cleanup for Next Mark
[526.623s][info][gc,marking  ] GC(612) Concurrent Cleanup for Next Mark 0.166ms
[526.623s][info][gc          ] GC(612) Concurrent Cycle 66.830ms
[526.777s][info][gc,start    ] GC(613) Pause Young (Normal) (G1 Evacuation Pause)
[526.777s][info][gc,task     ] GC(613) Using 8 workers of 8 for evacuation
[526.778s][info][gc,phases   ] GC(613)   Pre Evacuate Collection Set: 0.1ms
[526.778s][info][gc,phases   ] GC(613)   Merge Heap Roots: 0.1ms
[526.778s][info][gc,phases   ] GC(613)   Evacuate Collection Set: 0.6ms
[526.778s][info][gc,phases   ] GC(613)   Post Evacuate Collection Set: 0.2ms
[526.778s][info][gc,phases   ] GC(613)   Other: 0.2ms
[526.778s][info][gc,heap     ] GC(613) Eden regions: 36->0(36)
[526.778s][info][gc,heap     ] GC(613) Survivor regions: 1->1(5)
[526.778s][info][gc,heap     ] GC(613) Old regions: 38->38
[526.778s][info][gc,heap     ] GC(613) Archive regions: 2->2
[526.778s][info][gc,heap     ] GC(613) Humongous regions: 0->0
[526.778s][info][gc,metaspace] GC(613) Metaspace: 48519K(49744K)->48519K(49744K) NonClass: 42664K(43600K)->42664K(43600K) Class: 5855K(6144K)->5855K(6144K)
[526.778s][info][gc          ] GC(613) Pause Young (Normal) (G1 Evacuation Pause) 74M->38M(87M) 1.216ms
[526.778s][info][gc,cpu      ] GC(613) User=0.01s Sys=0.00s Real=0.00s
[526.993s][info][gc,start    ] GC(614) Pause Young (Concurrent Start) (G1 Evacuation Pause)
[526.993s][info][gc,task     ] GC(614) Using 8 workers of 8 for evacuation
[526.994s][info][gc,phases   ] GC(614)   Pre Evacuate Collection Set: 0.1ms
[526.994s][info][gc,phases   ] GC(614)   Merge Heap Roots: 0.0ms
[526.994s][info][gc,phases   ] GC(614)   Evacuate Collection Set: 0.6ms
[526.994s][info][gc,phases   ] GC(614)   Post Evacuate Collection Set: 0.4ms
[526.994s][info][gc,phases   ] GC(614)   Other: 0.2ms
[526.994s][info][gc,heap     ] GC(614) Eden regions: 36->0(36)
[526.994s][info][gc,heap     ] GC(614) Survivor regions: 1->1(5)
[526.994s][info][gc,heap     ] GC(614) Old regions: 38->38
[526.994s][info][gc,heap     ] GC(614) Archive regions: 2->2
[526.994s][info][gc,heap     ] GC(614) Humongous regions: 0->0
[526.994s][info][gc,metaspace] GC(614) Metaspace: 48519K(49744K)->48519K(49744K) NonClass: 42664K(43600K)->42664K(43600K) Class: 5855K(6144K)->5855K(6144K)
[526.994s][info][gc          ] GC(614) Pause Young (Concurrent Start) (G1 Evacuation Pause) 74M->38M(87M) 1.423ms
[526.994s][info][gc,cpu      ] GC(614) User=0.01s Sys=0.00s Real=0.01s
[526.994s][info][gc          ] GC(615) Concurrent Cycle
[526.994s][info][gc,marking  ] GC(615) Concurrent Clear Claimed Marks
[526.994s][info][gc,marking  ] GC(615) Concurrent Clear Claimed Marks 0.039ms
[526.994s][info][gc,marking  ] GC(615) Concurrent Scan Root Regions
[526.995s][info][gc,marking  ] GC(615) Concurrent Scan Root Regions 0.799ms
[526.995s][info][gc,marking  ] GC(615) Concurrent Mark (526.995s)
[526.995s][info][gc,marking  ] GC(615) Concurrent Mark From Roots
[526.995s][info][gc,task     ] GC(615) Using 2 workers of 2 for marking
[527.027s][info][gc,marking  ] GC(615) Concurrent Mark From Roots 31.748ms
[527.027s][info][gc,marking  ] GC(615) Concurrent Preclean
[527.027s][info][gc,marking  ] GC(615) Concurrent Preclean 0.121ms
[527.027s][info][gc,marking  ] GC(615) Concurrent Mark (526.995s, 527.027s) 31.985ms
[527.027s][info][gc,start    ] GC(615) Pause Remark
[527.029s][info][gc          ] GC(615) Pause Remark 42M->42M(87M) 1.441ms
[527.029s][info][gc,cpu      ] GC(615) User=0.01s Sys=0.00s Real=0.00s
[527.029s][info][gc,marking  ] GC(615) Concurrent Rebuild Remembered Sets
[527.048s][info][gc,marking  ] GC(615) Concurrent Rebuild Remembered Sets 19.101ms
[527.049s][info][gc,start    ] GC(615) Pause Cleanup
[527.049s][info][gc          ] GC(615) Pause Cleanup 44M->44M(87M) 0.108ms
[527.049s][info][gc,cpu      ] GC(615) User=0.00s Sys=0.00s Real=0.00s
[527.049s][info][gc,marking  ] GC(615) Concurrent Cleanup for Next Mark
[527.049s][info][gc,marking  ] GC(615) Concurrent Cleanup for Next Mark 0.161ms
[527.049s][info][gc          ] GC(615) Concurrent Cycle 55.398ms
[527.257s][info][gc,start    ] GC(616) Pause Young (Normal) (G1 Evacuation Pause)
[527.257s][info][gc,task     ] GC(616) Using 8 workers of 8 for evacuation
[527.257s][info][gc,phases   ] GC(616)   Pre Evacuate Collection Set: 0.0ms
[527.258s][info][gc,phases   ] GC(616)   Merge Heap Roots: 0.0ms
[527.258s][info][gc,phases   ] GC(616)   Evacuate Collection Set: 0.5ms
[527.258s][info][gc,phases   ] GC(616)   Post Evacuate Collection Set: 0.2ms
[527.258s][info][gc,phases   ] GC(616)   Other: 0.2ms
[527.258s][info][gc,heap     ] GC(616) Eden regions: 36->0(36)
[527.258s][info][gc,heap     ] GC(616) Survivor regions: 1->1(5)
[527.258s][info][gc,heap     ] GC(616) Old regions: 38->38
[527.258s][info][gc,heap     ] GC(616) Archive regions: 2->2
[527.258s][info][gc,heap     ] GC(616) Humongous regions: 0->0
[527.258s][info][gc,metaspace] GC(616) Metaspace: 48519K(49744K)->48519K(49744K) NonClass: 42664K(43600K)->42664K(43600K) Class: 5855K(6144K)->5855K(6144K)
[527.258s][info][gc          ] GC(616) Pause Young (Normal) (G1 Evacuation Pause) 74M->38M(87M) 1.014ms
[527.258s][info][gc,cpu      ] GC(616) User=0.00s Sys=0.00s Real=0.00s
[527.487s][info][gc,start    ] GC(617) Pause Young (Concurrent Start) (G1 Evacuation Pause)
[527.487s][info][gc,task     ] GC(617) Using 8 workers of 8 for evacuation
[527.488s][info][gc,phases   ] GC(617)   Pre Evacuate Collection Set: 0.1ms
[527.489s][info][gc,phases   ] GC(617)   Merge Heap Roots: 0.0ms
[527.489s][info][gc,phases   ] GC(617)   Evacuate Collection Set: 0.6ms
[527.489s][info][gc,phases   ] GC(617)   Post Evacuate Collection Set: 0.3ms
[527.489s][info][gc,phases   ] GC(617)   Other: 0.2ms
[527.489s][info][gc,heap     ] GC(617) Eden regions: 36->0(36)
[527.489s][info][gc,heap     ] GC(617) Survivor regions: 1->1(5)
[527.489s][info][gc,heap     ] GC(617) Old regions: 38->38
[527.489s][info][gc,heap     ] GC(617) Archive regions: 2->2
[527.489s][info][gc,heap     ] GC(617) Humongous regions: 0->0
[527.489s][info][gc,metaspace] GC(617) Metaspace: 48519K(49744K)->48519K(49744K) NonClass: 42664K(43600K)->42664K(43600K) Class: 5855K(6144K)->5855K(6144K)
[527.489s][info][gc          ] GC(617) Pause Young (Concurrent Start) (G1 Evacuation Pause) 74M->38M(87M) 1.328ms
[527.489s][info][gc,cpu      ] GC(617) User=0.01s Sys=0.00s Real=0.00s
[527.489s][info][gc          ] GC(618) Concurrent Cycle
[527.489s][info][gc,marking  ] GC(618) Concurrent Clear Claimed Marks
[527.489s][info][gc,marking  ] GC(618) Concurrent Clear Claimed Marks 0.040ms
[527.489s][info][gc,marking  ] GC(618) Concurrent Scan Root Regions
[527.490s][info][gc,marking  ] GC(618) Concurrent Scan Root Regions 0.938ms
[527.490s][info][gc,marking  ] GC(618) Concurrent Mark (527.490s)
[527.490s][info][gc,marking  ] GC(618) Concurrent Mark From Roots
[527.490s][info][gc,task     ] GC(618) Using 2 workers of 2 for marking
[527.521s][info][gc,marking  ] GC(618) Concurrent Mark From Roots 30.866ms
[527.521s][info][gc,marking  ] GC(618) Concurrent Preclean
[527.521s][info][gc,marking  ] GC(618) Concurrent Preclean 0.107ms
[527.521s][info][gc,marking  ] GC(618) Concurrent Mark (527.490s, 527.521s) 31.043ms
[527.521s][info][gc,start    ] GC(618) Pause Remark
[527.522s][info][gc          ] GC(618) Pause Remark 42M->42M(87M) 1.423ms
[527.522s][info][gc,cpu      ] GC(618) User=0.00s Sys=0.00s Real=0.00s
[527.522s][info][gc,marking  ] GC(618) Concurrent Rebuild Remembered Sets
[527.543s][info][gc,marking  ] GC(618) Concurrent Rebuild Remembered Sets 20.751ms
[527.544s][info][gc,start    ] GC(618) Pause Cleanup
[527.545s][info][gc          ] GC(618) Pause Cleanup 43M->43M(87M) 0.105ms
[527.545s][info][gc,cpu      ] GC(618) User=0.00s Sys=0.00s Real=0.00s
[527.545s][info][gc,marking  ] GC(618) Concurrent Cleanup for Next Mark
[527.545s][info][gc,marking  ] GC(618) Concurrent Cleanup for Next Mark 0.195ms
[527.545s][info][gc          ] GC(618) Concurrent Cycle 56.272ms
[527.745s][info][gc,start    ] GC(619) Pause Young (Normal) (G1 Evacuation Pause)
[527.745s][info][gc,task     ] GC(619) Using 8 workers of 8 for evacuation
[527.746s][info][gc,phases   ] GC(619)   Pre Evacuate Collection Set: 0.0ms
[527.746s][info][gc,phases   ] GC(619)   Merge Heap Roots: 0.0ms
[527.746s][info][gc,phases   ] GC(619)   Evacuate Collection Set: 0.5ms
[527.746s][info][gc,phases   ] GC(619)   Post Evacuate Collection Set: 0.2ms
[527.746s][info][gc,phases   ] GC(619)   Other: 0.1ms
[527.746s][info][gc,heap     ] GC(619) Eden regions: 36->0(36)
[527.746s][info][gc,heap     ] GC(619) Survivor regions: 1->1(5)
[527.746s][info][gc,heap     ] GC(619) Old regions: 38->38
[527.746s][info][gc,heap     ] GC(619) Archive regions: 2->2
[527.746s][info][gc,heap     ] GC(619) Humongous regions: 0->0
[527.746s][info][gc,metaspace] GC(619) Metaspace: 48519K(49744K)->48519K(49744K) NonClass: 42664K(43600K)->42664K(43600K) Class: 5855K(6144K)->5855K(6144K)
[527.746s][info][gc          ] GC(619) Pause Young (Normal) (G1 Evacuation Pause) 74M->38M(87M) 0.961ms
[527.746s][info][gc,cpu      ] GC(619) User=0.01s Sys=0.00s Real=0.00s
[527.988s][info][gc,start    ] GC(620) Pause Young (Concurrent Start) (G1 Evacuation Pause)
[527.988s][info][gc,task     ] GC(620) Using 8 workers of 8 for evacuation
[527.989s][info][gc,phases   ] GC(620)   Pre Evacuate Collection Set: 0.1ms
[527.989s][info][gc,phases   ] GC(620)   Merge Heap Roots: 0.0ms
[527.989s][info][gc,phases   ] GC(620)   Evacuate Collection Set: 0.6ms
[527.989s][info][gc,phases   ] GC(620)   Post Evacuate Collection Set: 0.2ms
[527.989s][info][gc,phases   ] GC(620)   Other: 0.2ms
[527.989s][info][gc,heap     ] GC(620) Eden regions: 36->0(36)
[527.989s][info][gc,heap     ] GC(620) Survivor regions: 1->1(5)
[527.989s][info][gc,heap     ] GC(620) Old regions: 38->38
[527.989s][info][gc,heap     ] GC(620) Archive regions: 2->2
[527.989s][info][gc,heap     ] GC(620) Humongous regions: 0->0
[527.989s][info][gc,metaspace] GC(620) Metaspace: 48519K(49744K)->48519K(49744K) NonClass: 42664K(43600K)->42664K(43600K) Class: 5855K(6144K)->5855K(6144K)
[527.990s][info][gc          ] GC(620) Pause Young (Concurrent Start) (G1 Evacuation Pause) 74M->38M(87M) 1.217ms
[527.990s][info][gc,cpu      ] GC(620) User=0.00s Sys=0.00s Real=0.00s
[527.990s][info][gc          ] GC(621) Concurrent Cycle
[527.990s][info][gc,marking  ] GC(621) Concurrent Clear Claimed Marks
[527.990s][info][gc,marking  ] GC(621) Concurrent Clear Claimed Marks 0.024ms
[527.990s][info][gc,marking  ] GC(621) Concurrent Scan Root Regions
[527.991s][info][gc,marking  ] GC(621) Concurrent Scan Root Regions 0.932ms
[527.991s][info][gc,marking  ] GC(621) Concurrent Mark (527.991s)
[527.991s][info][gc,marking  ] GC(621) Concurrent Mark From Roots
[527.991s][info][gc,task     ] GC(621) Using 2 workers of 2 for marking
[528.031s][info][gc,marking  ] GC(621) Concurrent Mark From Roots 40.636ms
[528.031s][info][gc,marking  ] GC(621) Concurrent Preclean
[528.031s][info][gc,marking  ] GC(621) Concurrent Preclean 0.097ms
[528.031s][info][gc,marking  ] GC(621) Concurrent Mark (527.991s, 528.031s) 40.837ms
[528.032s][info][gc,start    ] GC(621) Pause Remark
[528.033s][info][gc          ] GC(621) Pause Remark 42M->42M(87M) 1.547ms
[528.033s][info][gc,cpu      ] GC(621) User=0.00s Sys=0.00s Real=0.01s
[528.033s][info][gc,marking  ] GC(621) Concurrent Rebuild Remembered Sets
[528.066s][info][gc,marking  ] GC(621) Concurrent Rebuild Remembered Sets 33.081ms
[528.068s][info][gc,start    ] GC(621) Pause Cleanup
[528.068s][info][gc          ] GC(621) Pause Cleanup 45M->45M(87M) 0.110ms
[528.068s][info][gc,cpu      ] GC(621) User=0.00s Sys=0.00s Real=0.00s
[528.068s][info][gc,marking  ] GC(621) Concurrent Cleanup for Next Mark
[528.068s][info][gc,marking  ] GC(621) Concurrent Cleanup for Next Mark 0.206ms
[528.068s][info][gc          ] GC(621) Concurrent Cycle 78.423ms
[528.330s][info][gc,start    ] GC(622) Pause Young (Normal) (G1 Evacuation Pause)
[528.330s][info][gc,task     ] GC(622) Using 8 workers of 8 for evacuation
[528.331s][info][gc,phases   ] GC(622)   Pre Evacuate Collection Set: 0.0ms
[528.331s][info][gc,phases   ] GC(622)   Merge Heap Roots: 0.0ms
[528.331s][info][gc,phases   ] GC(622)   Evacuate Collection Set: 0.7ms
[528.331s][info][gc,phases   ] GC(622)   Post Evacuate Collection Set: 0.4ms
[528.332s][info][gc,phases   ] GC(622)   Other: 0.2ms
[528.332s][info][gc,heap     ] GC(622) Eden regions: 36->0(36)
[528.332s][info][gc,heap     ] GC(622) Survivor regions: 1->1(5)
[528.332s][info][gc,heap     ] GC(622) Old regions: 38->38
[528.332s][info][gc,heap     ] GC(622) Archive regions: 2->2
[528.332s][info][gc,heap     ] GC(622) Humongous regions: 0->0
[528.332s][info][gc,metaspace] GC(622) Metaspace: 48519K(49744K)->48519K(49744K) NonClass: 42664K(43600K)->42664K(43600K) Class: 5855K(6144K)->5855K(6144K)
[528.332s][info][gc          ] GC(622) Pause Young (Normal) (G1 Evacuation Pause) 74M->38M(87M) 1.655ms
[528.332s][info][gc,cpu      ] GC(622) User=0.01s Sys=0.00s Real=0.00s
[528.556s][info][gc,start    ] GC(623) Pause Young (Concurrent Start) (G1 Evacuation Pause)
[528.556s][info][gc,task     ] GC(623) Using 8 workers of 8 for evacuation
[528.557s][info][gc,phases   ] GC(623)   Pre Evacuate Collection Set: 0.1ms
[528.557s][info][gc,phases   ] GC(623)   Merge Heap Roots: 0.0ms
[528.557s][info][gc,phases   ] GC(623)   Evacuate Collection Set: 0.6ms
[528.557s][info][gc,phases   ] GC(623)   Post Evacuate Collection Set: 0.2ms
[528.557s][info][gc,phases   ] GC(623)   Other: 0.2ms
[528.557s][info][gc,heap     ] GC(623) Eden regions: 36->0(36)
[528.557s][info][gc,heap     ] GC(623) Survivor regions: 1->1(5)
[528.557s][info][gc,heap     ] GC(623) Old regions: 38->38
[528.558s][info][gc,heap     ] GC(623) Archive regions: 2->2
[528.558s][info][gc,heap     ] GC(623) Humongous regions: 0->0
[528.558s][info][gc,metaspace] GC(623) Metaspace: 48519K(49744K)->48519K(49744K) NonClass: 42664K(43600K)->42664K(43600K) Class: 5855K(6144K)->5855K(6144K)
[528.558s][info][gc          ] GC(623) Pause Young (Concurrent Start) (G1 Evacuation Pause) 74M->38M(87M) 1.211ms
[528.558s][info][gc,cpu      ] GC(623) User=0.00s Sys=0.00s Real=0.00s
[528.558s][info][gc          ] GC(624) Concurrent Cycle
[528.558s][info][gc,marking  ] GC(624) Concurrent Clear Claimed Marks
[528.558s][info][gc,marking  ] GC(624) Concurrent Clear Claimed Marks 0.051ms
[528.558s][info][gc,marking  ] GC(624) Concurrent Scan Root Regions
[528.559s][info][gc,marking  ] GC(624) Concurrent Scan Root Regions 1.259ms
[528.559s][info][gc,marking  ] GC(624) Concurrent Mark (528.559s)
[528.559s][info][gc,marking  ] GC(624) Concurrent Mark From Roots
[528.559s][info][gc,task     ] GC(624) Using 2 workers of 2 for marking
[528.597s][info][gc,marking  ] GC(624) Concurrent Mark From Roots 37.952ms
[528.597s][info][gc,marking  ] GC(624) Concurrent Preclean
[528.597s][info][gc,marking  ] GC(624) Concurrent Preclean 0.153ms
[528.597s][info][gc,marking  ] GC(624) Concurrent Mark (528.559s, 528.597s) 38.181ms
[528.597s][info][gc,start    ] GC(624) Pause Remark
[528.599s][info][gc          ] GC(624) Pause Remark 43M->43M(87M) 1.388ms
[528.599s][info][gc,cpu      ] GC(624) User=0.01s Sys=0.00s Real=0.00s
[528.599s][info][gc,marking  ] GC(624) Concurrent Rebuild Remembered Sets
[528.618s][info][gc,marking  ] GC(624) Concurrent Rebuild Remembered Sets 19.270ms
[528.620s][info][gc,start    ] GC(624) Pause Cleanup
[528.620s][info][gc          ] GC(624) Pause Cleanup 46M->46M(87M) 0.124ms
[528.620s][info][gc,cpu      ] GC(624) User=0.00s Sys=0.00s Real=0.00s
[528.620s][info][gc,marking  ] GC(624) Concurrent Cleanup for Next Mark
[528.620s][info][gc,marking  ] GC(624) Concurrent Cleanup for Next Mark 0.167ms
[528.620s][info][gc          ] GC(624) Concurrent Cycle 62.473ms
[528.824s][info][gc,start    ] GC(625) Pause Young (Normal) (G1 Evacuation Pause)
[528.824s][info][gc,task     ] GC(625) Using 8 workers of 8 for evacuation
[528.825s][info][gc,phases   ] GC(625)   Pre Evacuate Collection Set: 0.1ms
[528.825s][info][gc,phases   ] GC(625)   Merge Heap Roots: 0.0ms
[528.825s][info][gc,phases   ] GC(625)   Evacuate Collection Set: 0.6ms
[528.825s][info][gc,phases   ] GC(625)   Post Evacuate Collection Set: 0.2ms
[528.825s][info][gc,phases   ] GC(625)   Other: 0.2ms
[528.825s][info][gc,heap     ] GC(625) Eden regions: 36->0(36)
[528.825s][info][gc,heap     ] GC(625) Survivor regions: 1->1(5)
[528.825s][info][gc,heap     ] GC(625) Old regions: 38->38
[528.825s][info][gc,heap     ] GC(625) Archive regions: 2->2
[528.825s][info][gc,heap     ] GC(625) Humongous regions: 0->0
[528.825s][info][gc,metaspace] GC(625) Metaspace: 48519K(49744K)->48519K(49744K) NonClass: 42664K(43600K)->42664K(43600K) Class: 5855K(6144K)->5855K(6144K)
[528.825s][info][gc          ] GC(625) Pause Young (Normal) (G1 Evacuation Pause) 74M->38M(87M) 1.229ms
[528.825s][info][gc,cpu      ] GC(625) User=0.01s Sys=0.00s Real=0.00s
[529.105s][info][gc,start    ] GC(626) Pause Young (Concurrent Start) (G1 Evacuation Pause)
[529.105s][info][gc,task     ] GC(626) Using 8 workers of 8 for evacuation
[529.107s][info][gc,phases   ] GC(626)   Pre Evacuate Collection Set: 0.2ms
[529.107s][info][gc,phases   ] GC(626)   Merge Heap Roots: 0.1ms
[529.107s][info][gc,phases   ] GC(626)   Evacuate Collection Set: 0.7ms
[529.107s][info][gc,phases   ] GC(626)   Post Evacuate Collection Set: 0.2ms
[529.107s][info][gc,phases   ] GC(626)   Other: 0.2ms
[529.107s][info][gc,heap     ] GC(626) Eden regions: 36->0(36)
[529.107s][info][gc,heap     ] GC(626) Survivor regions: 1->1(5)
[529.107s][info][gc,heap     ] GC(626) Old regions: 38->38
[529.107s][info][gc,heap     ] GC(626) Archive regions: 2->2
[529.107s][info][gc,heap     ] GC(626) Humongous regions: 0->0
[529.107s][info][gc,metaspace] GC(626) Metaspace: 48519K(49744K)->48519K(49744K) NonClass: 42664K(43600K)->42664K(43600K) Class: 5855K(6144K)->5855K(6144K)
[529.107s][info][gc          ] GC(626) Pause Young (Concurrent Start) (G1 Evacuation Pause) 74M->38M(87M) 1.529ms
[529.107s][info][gc,cpu      ] GC(626) User=0.00s Sys=0.00s Real=0.00s
[529.107s][info][gc          ] GC(627) Concurrent Cycle
[529.107s][info][gc,marking  ] GC(627) Concurrent Clear Claimed Marks
[529.107s][info][gc,marking  ] GC(627) Concurrent Clear Claimed Marks 0.096ms
[529.107s][info][gc,marking  ] GC(627) Concurrent Scan Root Regions
[529.108s][info][gc,marking  ] GC(627) Concurrent Scan Root Regions 0.684ms
[529.108s][info][gc,marking  ] GC(627) Concurrent Mark (529.108s)
[529.108s][info][gc,marking  ] GC(627) Concurrent Mark From Roots
[529.108s][info][gc,task     ] GC(627) Using 2 workers of 2 for marking
[529.141s][info][gc,marking  ] GC(627) Concurrent Mark From Roots 33.630ms
[529.141s][info][gc,marking  ] GC(627) Concurrent Preclean
[529.142s][info][gc,marking  ] GC(627) Concurrent Preclean 0.074ms
[529.142s][info][gc,marking  ] GC(627) Concurrent Mark (529.108s, 529.142s) 33.762ms
[529.142s][info][gc,start    ] GC(627) Pause Remark
[529.143s][info][gc          ] GC(627) Pause Remark 42M->42M(87M) 1.442ms
[529.143s][info][gc,cpu      ] GC(627) User=0.01s Sys=0.00s Real=0.01s
[529.143s][info][gc,marking  ] GC(627) Concurrent Rebuild Remembered Sets
[529.163s][info][gc,marking  ] GC(627) Concurrent Rebuild Remembered Sets 20.131ms
[529.165s][info][gc,start    ] GC(627) Pause Cleanup
[529.165s][info][gc          ] GC(627) Pause Cleanup 44M->44M(87M) 0.097ms
[529.165s][info][gc,cpu      ] GC(627) User=0.00s Sys=0.00s Real=0.00s
[529.165s][info][gc,marking  ] GC(627) Concurrent Cleanup for Next Mark
[529.165s][info][gc,marking  ] GC(627) Concurrent Cleanup for Next Mark 0.162ms
[529.165s][info][gc          ] GC(627) Concurrent Cycle 58.197ms
[529.373s][info][gc,start    ] GC(628) Pause Young (Normal) (G1 Evacuation Pause)
[529.373s][info][gc,task     ] GC(628) Using 8 workers of 8 for evacuation
[529.375s][info][gc,phases   ] GC(628)   Pre Evacuate Collection Set: 0.1ms
[529.375s][info][gc,phases   ] GC(628)   Merge Heap Roots: 0.1ms
[529.375s][info][gc,phases   ] GC(628)   Evacuate Collection Set: 0.7ms
[529.375s][info][gc,phases   ] GC(628)   Post Evacuate Collection Set: 0.2ms
[529.375s][info][gc,phases   ] GC(628)   Other: 0.2ms
[529.375s][info][gc,heap     ] GC(628) Eden regions: 36->0(36)
[529.375s][info][gc,heap     ] GC(628) Survivor regions: 1->1(5)
[529.375s][info][gc,heap     ] GC(628) Old regions: 38->38
[529.375s][info][gc,heap     ] GC(628) Archive regions: 2->2
[529.375s][info][gc,heap     ] GC(628) Humongous regions: 0->0
[529.375s][info][gc,metaspace] GC(628) Metaspace: 48519K(49744K)->48519K(49744K) NonClass: 42664K(43600K)->42664K(43600K) Class: 5855K(6144K)->5855K(6144K)
[529.375s][info][gc          ] GC(628) Pause Young (Normal) (G1 Evacuation Pause) 74M->38M(87M) 1.517ms
[529.375s][info][gc,cpu      ] GC(628) User=0.00s Sys=0.00s Real=0.00s
[529.618s][info][gc,start    ] GC(629) Pause Young (Concurrent Start) (G1 Evacuation Pause)
[529.618s][info][gc,task     ] GC(629) Using 8 workers of 8 for evacuation
[529.619s][info][gc,phases   ] GC(629)   Pre Evacuate Collection Set: 0.1ms
[529.619s][info][gc,phases   ] GC(629)   Merge Heap Roots: 0.1ms
[529.619s][info][gc,phases   ] GC(629)   Evacuate Collection Set: 0.8ms
[529.619s][info][gc,phases   ] GC(629)   Post Evacuate Collection Set: 0.3ms
[529.619s][info][gc,phases   ] GC(629)   Other: 0.2ms
[529.619s][info][gc,heap     ] GC(629) Eden regions: 36->0(36)
[529.619s][info][gc,heap     ] GC(629) Survivor regions: 1->1(5)
[529.619s][info][gc,heap     ] GC(629) Old regions: 38->38
[529.619s][info][gc,heap     ] GC(629) Archive regions: 2->2
[529.619s][info][gc,heap     ] GC(629) Humongous regions: 0->0
[529.619s][info][gc,metaspace] GC(629) Metaspace: 48519K(49744K)->48519K(49744K) NonClass: 42664K(43600K)->42664K(43600K) Class: 5855K(6144K)->5855K(6144K)
[529.619s][info][gc          ] GC(629) Pause Young (Concurrent Start) (G1 Evacuation Pause) 74M->38M(87M) 1.537ms
[529.619s][info][gc,cpu      ] GC(629) User=0.01s Sys=0.00s Real=0.00s
[529.619s][info][gc          ] GC(630) Concurrent Cycle
[529.619s][info][gc,marking  ] GC(630) Concurrent Clear Claimed Marks
[529.620s][info][gc,marking  ] GC(630) Concurrent Clear Claimed Marks 0.069ms
[529.620s][info][gc,marking  ] GC(630) Concurrent Scan Root Regions
[529.620s][info][gc,marking  ] GC(630) Concurrent Scan Root Regions 0.824ms
[529.620s][info][gc,marking  ] GC(630) Concurrent Mark (529.620s)
[529.620s][info][gc,marking  ] GC(630) Concurrent Mark From Roots
[529.620s][info][gc,task     ] GC(630) Using 2 workers of 2 for marking
[529.651s][info][gc,marking  ] GC(630) Concurrent Mark From Roots 30.463ms
[529.651s][info][gc,marking  ] GC(630) Concurrent Preclean
[529.651s][info][gc,marking  ] GC(630) Concurrent Preclean 0.150ms
[529.651s][info][gc,marking  ] GC(630) Concurrent Mark (529.620s, 529.651s) 30.722ms
[529.651s][info][gc,start    ] GC(630) Pause Remark
[529.653s][info][gc          ] GC(630) Pause Remark 43M->43M(87M) 1.319ms
[529.653s][info][gc,cpu      ] GC(630) User=0.00s Sys=0.00s Real=0.00s
[529.653s][info][gc,marking  ] GC(630) Concurrent Rebuild Remembered Sets
[529.672s][info][gc,marking  ] GC(630) Concurrent Rebuild Remembered Sets 19.423ms
[529.673s][info][gc,start    ] GC(630) Pause Cleanup
[529.673s][info][gc          ] GC(630) Pause Cleanup 45M->45M(87M) 0.105ms
[529.673s][info][gc,cpu      ] GC(630) User=0.00s Sys=0.00s Real=0.00s
[529.674s][info][gc,marking  ] GC(630) Concurrent Cleanup for Next Mark
[529.674s][info][gc,marking  ] GC(630) Concurrent Cleanup for Next Mark 0.128ms
[529.674s][info][gc          ] GC(630) Concurrent Cycle 54.209ms
[529.840s][info][gc,start    ] GC(631) Pause Young (Normal) (G1 Evacuation Pause)
[529.840s][info][gc,task     ] GC(631) Using 8 workers of 8 for evacuation
[529.841s][info][gc,phases   ] GC(631)   Pre Evacuate Collection Set: 0.1ms
[529.841s][info][gc,phases   ] GC(631)   Merge Heap Roots: 0.0ms
[529.841s][info][gc,phases   ] GC(631)   Evacuate Collection Set: 0.6ms
[529.841s][info][gc,phases   ] GC(631)   Post Evacuate Collection Set: 0.2ms
[529.841s][info][gc,phases   ] GC(631)   Other: 0.2ms
[529.841s][info][gc,heap     ] GC(631) Eden regions: 36->0(36)
[529.841s][info][gc,heap     ] GC(631) Survivor regions: 1->1(5)
[529.841s][info][gc,heap     ] GC(631) Old regions: 38->38
[529.841s][info][gc,heap     ] GC(631) Archive regions: 2->2
[529.841s][info][gc,heap     ] GC(631) Humongous regions: 0->0
[529.841s][info][gc,metaspace] GC(631) Metaspace: 48519K(49744K)->48519K(49744K) NonClass: 42664K(43600K)->42664K(43600K) Class: 5855K(6144K)->5855K(6144K)
[529.841s][info][gc          ] GC(631) Pause Young (Normal) (G1 Evacuation Pause) 74M->38M(87M) 1.231ms
[529.841s][info][gc,cpu      ] GC(631) User=0.00s Sys=0.00s Real=0.00s
[530.081s][info][gc,start    ] GC(632) Pause Young (Concurrent Start) (G1 Evacuation Pause)
[530.081s][info][gc,task     ] GC(632) Using 8 workers of 8 for evacuation
[530.082s][info][gc,phases   ] GC(632)   Pre Evacuate Collection Set: 0.1ms
[530.082s][info][gc,phases   ] GC(632)   Merge Heap Roots: 0.0ms
[530.082s][info][gc,phases   ] GC(632)   Evacuate Collection Set: 0.7ms
[530.082s][info][gc,phases   ] GC(632)   Post Evacuate Collection Set: 0.2ms
[530.082s][info][gc,phases   ] GC(632)   Other: 0.2ms
[530.082s][info][gc,heap     ] GC(632) Eden regions: 36->0(36)
[530.082s][info][gc,heap     ] GC(632) Survivor regions: 1->1(5)
[530.082s][info][gc,heap     ] GC(632) Old regions: 38->38
[530.082s][info][gc,heap     ] GC(632) Archive regions: 2->2
[530.082s][info][gc,heap     ] GC(632) Humongous regions: 0->0
[530.082s][info][gc,metaspace] GC(632) Metaspace: 48519K(49744K)->48519K(49744K) NonClass: 42664K(43600K)->42664K(43600K) Class: 5855K(6144K)->5855K(6144K)
[530.082s][info][gc          ] GC(632) Pause Young (Concurrent Start) (G1 Evacuation Pause) 74M->38M(87M) 1.500ms
[530.082s][info][gc,cpu      ] GC(632) User=0.01s Sys=0.00s Real=0.00s
[530.082s][info][gc          ] GC(633) Concurrent Cycle
[530.082s][info][gc,marking  ] GC(633) Concurrent Clear Claimed Marks
[530.082s][info][gc,marking  ] GC(633) Concurrent Clear Claimed Marks 0.044ms
[530.082s][info][gc,marking  ] GC(633) Concurrent Scan Root Regions
[530.083s][info][gc,marking  ] GC(633) Concurrent Scan Root Regions 1.140ms
[530.083s][info][gc,marking  ] GC(633) Concurrent Mark (530.083s)
[530.083s][info][gc,marking  ] GC(633) Concurrent Mark From Roots
[530.083s][info][gc,task     ] GC(633) Using 2 workers of 2 for marking
[530.120s][info][gc,marking  ] GC(633) Concurrent Mark From Roots 36.276ms
[530.120s][info][gc,marking  ] GC(633) Concurrent Preclean
[530.120s][info][gc,marking  ] GC(633) Concurrent Preclean 0.147ms
[530.120s][info][gc,marking  ] GC(633) Concurrent Mark (530.083s, 530.120s) 36.548ms
[530.120s][info][gc,start    ] GC(633) Pause Remark
[530.122s][info][gc          ] GC(633) Pause Remark 42M->42M(87M) 1.597ms
[530.122s][info][gc,cpu      ] GC(633) User=0.01s Sys=0.00s Real=0.00s
[530.122s][info][gc,marking  ] GC(633) Concurrent Rebuild Remembered Sets
[530.142s][info][gc,marking  ] GC(633) Concurrent Rebuild Remembered Sets 20.520ms
[530.144s][info][gc,start    ] GC(633) Pause Cleanup
[530.144s][info][gc          ] GC(633) Pause Cleanup 44M->44M(87M) 0.134ms
[530.144s][info][gc,cpu      ] GC(633) User=0.00s Sys=0.00s Real=0.00s
[530.144s][info][gc,marking  ] GC(633) Concurrent Cleanup for Next Mark
[530.144s][info][gc,marking  ] GC(633) Concurrent Cleanup for Next Mark 0.184ms
[530.144s][info][gc          ] GC(633) Concurrent Cycle 62.119ms
[530.350s][info][gc,start    ] GC(634) Pause Young (Normal) (G1 Evacuation Pause)
[530.350s][info][gc,task     ] GC(634) Using 8 workers of 8 for evacuation
[530.351s][info][gc,phases   ] GC(634)   Pre Evacuate Collection Set: 0.1ms
[530.351s][info][gc,phases   ] GC(634)   Merge Heap Roots: 0.0ms
[530.351s][info][gc,phases   ] GC(634)   Evacuate Collection Set: 0.7ms
[530.351s][info][gc,phases   ] GC(634)   Post Evacuate Collection Set: 0.3ms
[530.351s][info][gc,phases   ] GC(634)   Other: 0.3ms
[530.351s][info][gc,heap     ] GC(634) Eden regions: 36->0(36)
[530.351s][info][gc,heap     ] GC(634) Survivor regions: 1->1(5)
[530.351s][info][gc,heap     ] GC(634) Old regions: 38->38
[530.351s][info][gc,heap     ] GC(634) Archive regions: 2->2
[530.351s][info][gc,heap     ] GC(634) Humongous regions: 0->0
[530.351s][info][gc,metaspace] GC(634) Metaspace: 48519K(49744K)->48519K(49744K) NonClass: 42664K(43600K)->42664K(43600K) Class: 5855K(6144K)->5855K(6144K)
[530.351s][info][gc          ] GC(634) Pause Young (Normal) (G1 Evacuation Pause) 74M->38M(87M) 1.466ms
[530.351s][info][gc,cpu      ] GC(634) User=0.01s Sys=0.00s Real=0.00s
[530.549s][info][gc,start    ] GC(635) Pause Young (Concurrent Start) (G1 Evacuation Pause)
[530.549s][info][gc,task     ] GC(635) Using 8 workers of 8 for evacuation
[530.550s][info][gc,phases   ] GC(635)   Pre Evacuate Collection Set: 0.1ms
[530.550s][info][gc,phases   ] GC(635)   Merge Heap Roots: 0.0ms
[530.550s][info][gc,phases   ] GC(635)   Evacuate Collection Set: 0.6ms
[530.550s][info][gc,phases   ] GC(635)   Post Evacuate Collection Set: 0.2ms
[530.550s][info][gc,phases   ] GC(635)   Other: 0.2ms
[530.550s][info][gc,heap     ] GC(635) Eden regions: 36->0(36)
[530.550s][info][gc,heap     ] GC(635) Survivor regions: 1->1(5)
[530.550s][info][gc,heap     ] GC(635) Old regions: 38->38
[530.550s][info][gc,heap     ] GC(635) Archive regions: 2->2
[530.550s][info][gc,heap     ] GC(635) Humongous regions: 0->0
[530.550s][info][gc,metaspace] GC(635) Metaspace: 48519K(49744K)->48519K(49744K) NonClass: 42664K(43600K)->42664K(43600K) Class: 5855K(6144K)->5855K(6144K)
[530.550s][info][gc          ] GC(635) Pause Young (Concurrent Start) (G1 Evacuation Pause) 74M->38M(87M) 1.171ms
[530.550s][info][gc,cpu      ] GC(635) User=0.00s Sys=0.00s Real=0.00s
[530.550s][info][gc          ] GC(636) Concurrent Cycle
[530.550s][info][gc,marking  ] GC(636) Concurrent Clear Claimed Marks
[530.550s][info][gc,marking  ] GC(636) Concurrent Clear Claimed Marks 0.036ms
[530.550s][info][gc,marking  ] GC(636) Concurrent Scan Root Regions
[530.552s][info][gc,marking  ] GC(636) Concurrent Scan Root Regions 1.039ms
[530.552s][info][gc,marking  ] GC(636) Concurrent Mark (530.552s)
[530.552s][info][gc,marking  ] GC(636) Concurrent Mark From Roots
[530.552s][info][gc,task     ] GC(636) Using 2 workers of 2 for marking
[530.586s][info][gc,marking  ] GC(636) Concurrent Mark From Roots 34.620ms
[530.586s][info][gc,marking  ] GC(636) Concurrent Preclean
[530.586s][info][gc,marking  ] GC(636) Concurrent Preclean 0.111ms
[530.586s][info][gc,marking  ] GC(636) Concurrent Mark (530.552s, 530.586s) 34.819ms
[530.587s][info][gc,start    ] GC(636) Pause Remark
[530.588s][info][gc          ] GC(636) Pause Remark 45M->45M(87M) 1.121ms
[530.588s][info][gc,cpu      ] GC(636) User=0.01s Sys=0.00s Real=0.00s
[530.588s][info][gc,marking  ] GC(636) Concurrent Rebuild Remembered Sets
[530.608s][info][gc,marking  ] GC(636) Concurrent Rebuild Remembered Sets 20.112ms
[530.609s][info][gc,start    ] GC(636) Pause Cleanup
[530.609s][info][gc          ] GC(636) Pause Cleanup 48M->48M(87M) 0.125ms
[530.609s][info][gc,cpu      ] GC(636) User=0.00s Sys=0.00s Real=0.00s
[530.609s][info][gc,marking  ] GC(636) Concurrent Cleanup for Next Mark
[530.609s][info][gc,marking  ] GC(636) Concurrent Cleanup for Next Mark 0.161ms
[530.609s][info][gc          ] GC(636) Concurrent Cycle 59.031ms
[530.772s][info][gc,start    ] GC(637) Pause Young (Normal) (G1 Evacuation Pause)
[530.772s][info][gc,task     ] GC(637) Using 8 workers of 8 for evacuation
[530.773s][info][gc,phases   ] GC(637)   Pre Evacuate Collection Set: 0.0ms
[530.773s][info][gc,phases   ] GC(637)   Merge Heap Roots: 0.0ms
[530.773s][info][gc,phases   ] GC(637)   Evacuate Collection Set: 0.5ms
[530.773s][info][gc,phases   ] GC(637)   Post Evacuate Collection Set: 0.2ms
[530.773s][info][gc,phases   ] GC(637)   Other: 0.1ms
[530.773s][info][gc,heap     ] GC(637) Eden regions: 36->0(36)
[530.773s][info][gc,heap     ] GC(637) Survivor regions: 1->1(5)
[530.773s][info][gc,heap     ] GC(637) Old regions: 38->38
[530.773s][info][gc,heap     ] GC(637) Archive regions: 2->2
[530.773s][info][gc,heap     ] GC(637) Humongous regions: 0->0
[530.773s][info][gc,metaspace] GC(637) Metaspace: 48519K(49744K)->48519K(49744K) NonClass: 42664K(43600K)->42664K(43600K) Class: 5855K(6144K)->5855K(6144K)
[530.773s][info][gc          ] GC(637) Pause Young (Normal) (G1 Evacuation Pause) 74M->38M(87M) 0.984ms
[530.773s][info][gc,cpu      ] GC(637) User=0.00s Sys=0.00s Real=0.01s
[530.996s][info][gc,start    ] GC(638) Pause Young (Concurrent Start) (G1 Evacuation Pause)
[530.996s][info][gc,task     ] GC(638) Using 8 workers of 8 for evacuation
[530.998s][info][gc,phases   ] GC(638)   Pre Evacuate Collection Set: 0.1ms
[530.998s][info][gc,phases   ] GC(638)   Merge Heap Roots: 0.0ms
[530.998s][info][gc,phases   ] GC(638)   Evacuate Collection Set: 0.8ms
[530.998s][info][gc,phases   ] GC(638)   Post Evacuate Collection Set: 0.5ms
[530.998s][info][gc,phases   ] GC(638)   Other: 0.2ms
[530.998s][info][gc,heap     ] GC(638) Eden regions: 36->0(36)
[530.998s][info][gc,heap     ] GC(638) Survivor regions: 1->1(5)
[530.998s][info][gc,heap     ] GC(638) Old regions: 38->38
[530.998s][info][gc,heap     ] GC(638) Archive regions: 2->2
[530.998s][info][gc,heap     ] GC(638) Humongous regions: 0->0
[530.998s][info][gc,metaspace] GC(638) Metaspace: 48519K(49744K)->48519K(49744K) NonClass: 42664K(43600K)->42664K(43600K) Class: 5855K(6144K)->5855K(6144K)
[530.998s][info][gc          ] GC(638) Pause Young (Concurrent Start) (G1 Evacuation Pause) 74M->38M(87M) 1.810ms
[530.998s][info][gc,cpu      ] GC(638) User=0.00s Sys=0.01s Real=0.00s
[530.998s][info][gc          ] GC(639) Concurrent Cycle
[530.998s][info][gc,marking  ] GC(639) Concurrent Clear Claimed Marks
[530.998s][info][gc,marking  ] GC(639) Concurrent Clear Claimed Marks 0.051ms
[530.998s][info][gc,marking  ] GC(639) Concurrent Scan Root Regions
[530.999s][info][gc,marking  ] GC(639) Concurrent Scan Root Regions 1.006ms
[530.999s][info][gc,marking  ] GC(639) Concurrent Mark (530.999s)
[530.999s][info][gc,marking  ] GC(639) Concurrent Mark From Roots
[530.999s][info][gc,task     ] GC(639) Using 2 workers of 2 for marking
[531.036s][info][gc,marking  ] GC(639) Concurrent Mark From Roots 36.516ms
[531.036s][info][gc,marking  ] GC(639) Concurrent Preclean
[531.036s][info][gc,marking  ] GC(639) Concurrent Preclean 0.143ms
[531.036s][info][gc,marking  ] GC(639) Concurrent Mark (530.999s, 531.036s) 36.748ms
[531.036s][info][gc,start    ] GC(639) Pause Remark
[531.037s][info][gc          ] GC(639) Pause Remark 41M->41M(87M) 1.516ms
[531.038s][info][gc,cpu      ] GC(639) User=0.00s Sys=0.00s Real=0.00s
[531.038s][info][gc,marking  ] GC(639) Concurrent Rebuild Remembered Sets
[531.064s][info][gc,marking  ] GC(639) Concurrent Rebuild Remembered Sets 26.113ms
[531.066s][info][gc,start    ] GC(639) Pause Cleanup
[531.066s][info][gc          ] GC(639) Pause Cleanup 43M->43M(87M) 0.124ms
[531.066s][info][gc,cpu      ] GC(639) User=0.00s Sys=0.00s Real=0.00s
[531.066s][info][gc,marking  ] GC(639) Concurrent Cleanup for Next Mark
[531.066s][info][gc,marking  ] GC(639) Concurrent Cleanup for Next Mark 0.197ms
[531.066s][info][gc          ] GC(639) Concurrent Cycle 68.244ms
[531.272s][info][gc,start    ] GC(640) Pause Young (Normal) (G1 Evacuation Pause)
[531.272s][info][gc,task     ] GC(640) Using 8 workers of 8 for evacuation
[531.273s][info][gc,phases   ] GC(640)   Pre Evacuate Collection Set: 0.1ms
[531.273s][info][gc,phases   ] GC(640)   Merge Heap Roots: 0.0ms
[531.274s][info][gc,phases   ] GC(640)   Evacuate Collection Set: 0.7ms
[531.274s][info][gc,phases   ] GC(640)   Post Evacuate Collection Set: 0.2ms
[531.274s][info][gc,phases   ] GC(640)   Other: 0.2ms
[531.274s][info][gc,heap     ] GC(640) Eden regions: 36->0(36)
[531.274s][info][gc,heap     ] GC(640) Survivor regions: 1->1(5)
[531.274s][info][gc,heap     ] GC(640) Old regions: 38->38
[531.274s][info][gc,heap     ] GC(640) Archive regions: 2->2
[531.274s][info][gc,heap     ] GC(640) Humongous regions: 0->0
[531.274s][info][gc,metaspace] GC(640) Metaspace: 48519K(49744K)->48519K(49744K) NonClass: 42664K(43600K)->42664K(43600K) Class: 5855K(6144K)->5855K(6144K)
[531.274s][info][gc          ] GC(640) Pause Young (Normal) (G1 Evacuation Pause) 74M->38M(87M) 1.372ms
[531.274s][info][gc,cpu      ] GC(640) User=0.00s Sys=0.00s Real=0.01s
[531.510s][info][gc,start    ] GC(641) Pause Young (Concurrent Start) (G1 Evacuation Pause)
[531.510s][info][gc,task     ] GC(641) Using 8 workers of 8 for evacuation
[531.511s][info][gc,phases   ] GC(641)   Pre Evacuate Collection Set: 0.1ms
[531.511s][info][gc,phases   ] GC(641)   Merge Heap Roots: 0.0ms
[531.511s][info][gc,phases   ] GC(641)   Evacuate Collection Set: 0.7ms
[531.511s][info][gc,phases   ] GC(641)   Post Evacuate Collection Set: 0.2ms
[531.511s][info][gc,phases   ] GC(641)   Other: 0.2ms
[531.511s][info][gc,heap     ] GC(641) Eden regions: 36->0(36)
[531.511s][info][gc,heap     ] GC(641) Survivor regions: 1->1(5)
[531.511s][info][gc,heap     ] GC(641) Old regions: 38->38
[531.511s][info][gc,heap     ] GC(641) Archive regions: 2->2
[531.511s][info][gc,heap     ] GC(641) Humongous regions: 0->0
[531.512s][info][gc,metaspace] GC(641) Metaspace: 48519K(49744K)->48519K(49744K) NonClass: 42664K(43600K)->42664K(43600K) Class: 5855K(6144K)->5855K(6144K)
[531.512s][info][gc          ] GC(641) Pause Young (Concurrent Start) (G1 Evacuation Pause) 74M->38M(87M) 1.431ms
[531.512s][info][gc,cpu      ] GC(641) User=0.01s Sys=0.00s Real=0.00s
[531.512s][info][gc          ] GC(642) Concurrent Cycle
[531.512s][info][gc,marking  ] GC(642) Concurrent Clear Claimed Marks
[531.512s][info][gc,marking  ] GC(642) Concurrent Clear Claimed Marks 0.048ms
[531.512s][info][gc,marking  ] GC(642) Concurrent Scan Root Regions
[531.513s][info][gc,marking  ] GC(642) Concurrent Scan Root Regions 1.090ms
[531.513s][info][gc,marking  ] GC(642) Concurrent Mark (531.513s)
[531.513s][info][gc,marking  ] GC(642) Concurrent Mark From Roots
[531.513s][info][gc,task     ] GC(642) Using 2 workers of 2 for marking
[531.547s][info][gc,marking  ] GC(642) Concurrent Mark From Roots 34.131ms
[531.547s][info][gc,marking  ] GC(642) Concurrent Preclean
[531.547s][info][gc,marking  ] GC(642) Concurrent Preclean 0.138ms
[531.547s][info][gc,marking  ] GC(642) Concurrent Mark (531.513s, 531.547s) 34.361ms
[531.547s][info][gc,start    ] GC(642) Pause Remark
[531.549s][info][gc          ] GC(642) Pause Remark 43M->43M(87M) 1.268ms
[531.549s][info][gc,cpu      ] GC(642) User=0.00s Sys=0.00s Real=0.00s
[531.549s][info][gc,marking  ] GC(642) Concurrent Rebuild Remembered Sets
[531.570s][info][gc,marking  ] GC(642) Concurrent Rebuild Remembered Sets 20.670ms
[531.571s][info][gc,start    ] GC(642) Pause Cleanup
[531.571s][info][gc          ] GC(642) Pause Cleanup 46M->46M(87M) 0.095ms
[531.571s][info][gc,cpu      ] GC(642) User=0.00s Sys=0.00s Real=0.00s
[531.571s][info][gc,marking  ] GC(642) Concurrent Cleanup for Next Mark
[531.571s][info][gc,marking  ] GC(642) Concurrent Cleanup for Next Mark 0.127ms
[531.571s][info][gc          ] GC(642) Concurrent Cycle 59.236ms
[531.751s][info][gc,start    ] GC(643) Pause Young (Normal) (G1 Evacuation Pause)
[531.751s][info][gc,task     ] GC(643) Using 8 workers of 8 for evacuation
[531.752s][info][gc,phases   ] GC(643)   Pre Evacuate Collection Set: 0.1ms
[531.752s][info][gc,phases   ] GC(643)   Merge Heap Roots: 0.0ms
[531.752s][info][gc,phases   ] GC(643)   Evacuate Collection Set: 0.6ms
[531.752s][info][gc,phases   ] GC(643)   Post Evacuate Collection Set: 0.2ms
[531.752s][info][gc,phases   ] GC(643)   Other: 0.2ms
[531.752s][info][gc,heap     ] GC(643) Eden regions: 36->0(36)
[531.752s][info][gc,heap     ] GC(643) Survivor regions: 1->1(5)
[531.752s][info][gc,heap     ] GC(643) Old regions: 38->38
[531.752s][info][gc,heap     ] GC(643) Archive regions: 2->2
[531.752s][info][gc,heap     ] GC(643) Humongous regions: 0->0
[531.752s][info][gc,metaspace] GC(643) Metaspace: 48519K(49744K)->48519K(49744K) NonClass: 42664K(43600K)->42664K(43600K) Class: 5855K(6144K)->5855K(6144K)
[531.752s][info][gc          ] GC(643) Pause Young (Normal) (G1 Evacuation Pause) 74M->38M(87M) 1.150ms
[531.752s][info][gc,cpu      ] GC(643) User=0.00s Sys=0.00s Real=0.00s
[531.969s][info][gc,start    ] GC(644) Pause Young (Concurrent Start) (G1 Evacuation Pause)
[531.969s][info][gc,task     ] GC(644) Using 8 workers of 8 for evacuation
[531.971s][info][gc,phases   ] GC(644)   Pre Evacuate Collection Set: 0.2ms
[531.971s][info][gc,phases   ] GC(644)   Merge Heap Roots: 0.1ms
[531.971s][info][gc,phases   ] GC(644)   Evacuate Collection Set: 1.0ms
[531.971s][info][gc,phases   ] GC(644)   Post Evacuate Collection Set: 0.3ms
[531.971s][info][gc,phases   ] GC(644)   Other: 0.4ms
[531.971s][info][gc,heap     ] GC(644) Eden regions: 36->0(36)
[531.971s][info][gc,heap     ] GC(644) Survivor regions: 1->1(5)
[531.971s][info][gc,heap     ] GC(644) Old regions: 38->38
[531.971s][info][gc,heap     ] GC(644) Archive regions: 2->2
[531.971s][info][gc,heap     ] GC(644) Humongous regions: 0->0
[531.971s][info][gc,metaspace] GC(644) Metaspace: 48519K(49744K)->48519K(49744K) NonClass: 42664K(43600K)->42664K(43600K) Class: 5855K(6144K)->5855K(6144K)
[531.971s][info][gc          ] GC(644) Pause Young (Concurrent Start) (G1 Evacuation Pause) 74M->38M(87M) 2.247ms
[531.971s][info][gc,cpu      ] GC(644) User=0.01s Sys=0.00s Real=0.00s
[531.971s][info][gc          ] GC(645) Concurrent Cycle
[531.971s][info][gc,marking  ] GC(645) Concurrent Clear Claimed Marks
[531.971s][info][gc,marking  ] GC(645) Concurrent Clear Claimed Marks 0.072ms
[531.971s][info][gc,marking  ] GC(645) Concurrent Scan Root Regions
[531.974s][info][gc,marking  ] GC(645) Concurrent Scan Root Regions 2.124ms
[531.974s][info][gc,marking  ] GC(645) Concurrent Mark (531.974s)
[531.974s][info][gc,marking  ] GC(645) Concurrent Mark From Roots
[531.974s][info][gc,task     ] GC(645) Using 2 workers of 2 for marking
[532.009s][info][gc,marking  ] GC(645) Concurrent Mark From Roots 34.933ms
[532.009s][info][gc,marking  ] GC(645) Concurrent Preclean
[532.009s][info][gc,marking  ] GC(645) Concurrent Preclean 0.118ms
[532.009s][info][gc,marking  ] GC(645) Concurrent Mark (531.974s, 532.009s) 35.264ms
[532.009s][info][gc,start    ] GC(645) Pause Remark
[532.011s][info][gc          ] GC(645) Pause Remark 43M->43M(87M) 1.722ms
[532.011s][info][gc,cpu      ] GC(645) User=0.01s Sys=0.01s Real=0.00s
[532.011s][info][gc,marking  ] GC(645) Concurrent Rebuild Remembered Sets
[532.033s][info][gc,marking  ] GC(645) Concurrent Rebuild Remembered Sets 21.521ms
[532.034s][info][gc,start    ] GC(645) Pause Cleanup
[532.034s][info][gc          ] GC(645) Pause Cleanup 45M->45M(87M) 0.108ms
[532.034s][info][gc,cpu      ] GC(645) User=0.00s Sys=0.00s Real=0.00s
[532.034s][info][gc,marking  ] GC(645) Concurrent Cleanup for Next Mark
[532.034s][info][gc,marking  ] GC(645) Concurrent Cleanup for Next Mark 0.172ms
[532.034s][info][gc          ] GC(645) Concurrent Cycle 63.072ms
[532.226s][info][gc,start    ] GC(646) Pause Young (Normal) (G1 Evacuation Pause)
[532.226s][info][gc,task     ] GC(646) Using 8 workers of 8 for evacuation
[532.227s][info][gc,phases   ] GC(646)   Pre Evacuate Collection Set: 0.0ms
[532.227s][info][gc,phases   ] GC(646)   Merge Heap Roots: 0.0ms
[532.227s][info][gc,phases   ] GC(646)   Evacuate Collection Set: 0.6ms
[532.227s][info][gc,phases   ] GC(646)   Post Evacuate Collection Set: 0.3ms
[532.227s][info][gc,phases   ] GC(646)   Other: 0.2ms
[532.227s][info][gc,heap     ] GC(646) Eden regions: 36->0(36)
[532.227s][info][gc,heap     ] GC(646) Survivor regions: 1->1(5)
[532.227s][info][gc,heap     ] GC(646) Old regions: 38->38
[532.227s][info][gc,heap     ] GC(646) Archive regions: 2->2
[532.227s][info][gc,heap     ] GC(646) Humongous regions: 0->0
[532.227s][info][gc,metaspace] GC(646) Metaspace: 48519K(49744K)->48519K(49744K) NonClass: 42664K(43600K)->42664K(43600K) Class: 5855K(6144K)->5855K(6144K)
[532.227s][info][gc          ] GC(646) Pause Young (Normal) (G1 Evacuation Pause) 74M->38M(87M) 1.211ms
[532.227s][info][gc,cpu      ] GC(646) User=0.01s Sys=0.00s Real=0.00s
[532.464s][info][gc,start    ] GC(647) Pause Young (Concurrent Start) (G1 Evacuation Pause)
[532.464s][info][gc,task     ] GC(647) Using 8 workers of 8 for evacuation
[532.465s][info][gc,phases   ] GC(647)   Pre Evacuate Collection Set: 0.1ms
[532.465s][info][gc,phases   ] GC(647)   Merge Heap Roots: 0.0ms
[532.465s][info][gc,phases   ] GC(647)   Evacuate Collection Set: 0.8ms
[532.465s][info][gc,phases   ] GC(647)   Post Evacuate Collection Set: 0.2ms
[532.465s][info][gc,phases   ] GC(647)   Other: 0.2ms
[532.465s][info][gc,heap     ] GC(647) Eden regions: 36->0(36)
[532.465s][info][gc,heap     ] GC(647) Survivor regions: 1->1(5)
[532.465s][info][gc,heap     ] GC(647) Old regions: 38->38
[532.465s][info][gc,heap     ] GC(647) Archive regions: 2->2
[532.465s][info][gc,heap     ] GC(647) Humongous regions: 0->0
[532.465s][info][gc,metaspace] GC(647) Metaspace: 48519K(49744K)->48519K(49744K) NonClass: 42664K(43600K)->42664K(43600K) Class: 5855K(6144K)->5855K(6144K)
[532.465s][info][gc          ] GC(647) Pause Young (Concurrent Start) (G1 Evacuation Pause) 74M->38M(87M) 1.367ms
[532.465s][info][gc,cpu      ] GC(647) User=0.01s Sys=0.00s Real=0.00s
[532.465s][info][gc          ] GC(648) Concurrent Cycle
[532.465s][info][gc,marking  ] GC(648) Concurrent Clear Claimed Marks
[532.465s][info][gc,marking  ] GC(648) Concurrent Clear Claimed Marks 0.039ms
[532.465s][info][gc,marking  ] GC(648) Concurrent Scan Root Regions
[532.466s][info][gc,marking  ] GC(648) Concurrent Scan Root Regions 0.451ms
[532.466s][info][gc,marking  ] GC(648) Concurrent Mark (532.466s)
[532.466s][info][gc,marking  ] GC(648) Concurrent Mark From Roots
[532.466s][info][gc,task     ] GC(648) Using 2 workers of 2 for marking
[532.501s][info][gc,marking  ] GC(648) Concurrent Mark From Roots 35.699ms
[532.502s][info][gc,marking  ] GC(648) Concurrent Preclean
[532.502s][info][gc,marking  ] GC(648) Concurrent Preclean 0.178ms
[532.502s][info][gc,marking  ] GC(648) Concurrent Mark (532.466s, 532.502s) 36.013ms
[532.502s][info][gc,start    ] GC(648) Pause Remark
[532.504s][info][gc          ] GC(648) Pause Remark 42M->42M(87M) 1.865ms
[532.504s][info][gc,cpu      ] GC(648) User=0.01s Sys=0.00s Real=0.01s
[532.504s][info][gc,marking  ] GC(648) Concurrent Rebuild Remembered Sets
[532.524s][info][gc,marking  ] GC(648) Concurrent Rebuild Remembered Sets 20.440ms
[532.525s][info][gc,start    ] GC(648) Pause Cleanup
[532.526s][info][gc          ] GC(648) Pause Cleanup 45M->45M(87M) 0.091ms
[532.526s][info][gc,cpu      ] GC(648) User=0.00s Sys=0.00s Real=0.00s
[532.526s][info][gc,marking  ] GC(648) Concurrent Cleanup for Next Mark
[532.526s][info][gc,marking  ] GC(648) Concurrent Cleanup for Next Mark 0.157ms
[532.526s][info][gc          ] GC(648) Concurrent Cycle 60.643ms
[532.692s][info][gc,start    ] GC(649) Pause Young (Normal) (G1 Evacuation Pause)
[532.692s][info][gc,task     ] GC(649) Using 8 workers of 8 for evacuation
[532.693s][info][gc,phases   ] GC(649)   Pre Evacuate Collection Set: 0.0ms
[532.693s][info][gc,phases   ] GC(649)   Merge Heap Roots: 0.0ms
[532.693s][info][gc,phases   ] GC(649)   Evacuate Collection Set: 0.6ms
[532.693s][info][gc,phases   ] GC(649)   Post Evacuate Collection Set: 0.3ms
[532.693s][info][gc,phases   ] GC(649)   Other: 0.2ms
[532.693s][info][gc,heap     ] GC(649) Eden regions: 36->0(36)
[532.693s][info][gc,heap     ] GC(649) Survivor regions: 1->1(5)
[532.693s][info][gc,heap     ] GC(649) Old regions: 38->38
[532.693s][info][gc,heap     ] GC(649) Archive regions: 2->2
[532.693s][info][gc,heap     ] GC(649) Humongous regions: 0->0
[532.693s][info][gc,metaspace] GC(649) Metaspace: 48519K(49744K)->48519K(49744K) NonClass: 42664K(43600K)->42664K(43600K) Class: 5855K(6144K)->5855K(6144K)
[532.693s][info][gc          ] GC(649) Pause Young (Normal) (G1 Evacuation Pause) 74M->38M(87M) 1.250ms
[532.693s][info][gc,cpu      ] GC(649) User=0.00s Sys=0.00s Real=0.01s
[532.917s][info][gc,start    ] GC(650) Pause Young (Concurrent Start) (G1 Evacuation Pause)
[532.917s][info][gc,task     ] GC(650) Using 8 workers of 8 for evacuation
[532.918s][info][gc,phases   ] GC(650)   Pre Evacuate Collection Set: 0.1ms
[532.918s][info][gc,phases   ] GC(650)   Merge Heap Roots: 0.0ms
[532.918s][info][gc,phases   ] GC(650)   Evacuate Collection Set: 0.8ms
[532.918s][info][gc,phases   ] GC(650)   Post Evacuate Collection Set: 0.2ms
[532.918s][info][gc,phases   ] GC(650)   Other: 0.2ms
[532.918s][info][gc,heap     ] GC(650) Eden regions: 36->0(36)
[532.918s][info][gc,heap     ] GC(650) Survivor regions: 1->1(5)
[532.918s][info][gc,heap     ] GC(650) Old regions: 38->38
[532.918s][info][gc,heap     ] GC(650) Archive regions: 2->2
[532.918s][info][gc,heap     ] GC(650) Humongous regions: 0->0
[532.918s][info][gc,metaspace] GC(650) Metaspace: 48519K(49744K)->48519K(49744K) NonClass: 42664K(43600K)->42664K(43600K) Class: 5855K(6144K)->5855K(6144K)
[532.918s][info][gc          ] GC(650) Pause Young (Concurrent Start) (G1 Evacuation Pause) 74M->39M(87M) 1.445ms
[532.918s][info][gc,cpu      ] GC(650) User=0.01s Sys=0.00s Real=0.00s
[532.918s][info][gc          ] GC(651) Concurrent Cycle
[532.918s][info][gc,marking  ] GC(651) Concurrent Clear Claimed Marks
[532.918s][info][gc,marking  ] GC(651) Concurrent Clear Claimed Marks 0.030ms
[532.918s][info][gc,marking  ] GC(651) Concurrent Scan Root Regions
[532.919s][info][gc,marking  ] GC(651) Concurrent Scan Root Regions 0.952ms
[532.919s][info][gc,marking  ] GC(651) Concurrent Mark (532.919s)
[532.919s][info][gc,marking  ] GC(651) Concurrent Mark From Roots
[532.920s][info][gc,task     ] GC(651) Using 2 workers of 2 for marking
[532.952s][info][gc,marking  ] GC(651) Concurrent Mark From Roots 32.090ms
[532.952s][info][gc,marking  ] GC(651) Concurrent Preclean
[532.952s][info][gc,marking  ] GC(651) Concurrent Preclean 0.095ms
[532.952s][info][gc,marking  ] GC(651) Concurrent Mark (532.919s, 532.952s) 32.270ms
[532.952s][info][gc,start    ] GC(651) Pause Remark
[532.953s][info][gc          ] GC(651) Pause Remark 43M->43M(87M) 1.237ms
[532.953s][info][gc,cpu      ] GC(651) User=0.01s Sys=0.00s Real=0.01s
[532.953s][info][gc,marking  ] GC(651) Concurrent Rebuild Remembered Sets
[532.971s][info][gc,marking  ] GC(651) Concurrent Rebuild Remembered Sets 18.005ms
[532.972s][info][gc,start    ] GC(651) Pause Cleanup
[532.972s][info][gc          ] GC(651) Pause Cleanup 46M->46M(87M) 0.101ms
[532.972s][info][gc,cpu      ] GC(651) User=0.00s Sys=0.00s Real=0.00s
[532.972s][info][gc,marking  ] GC(651) Concurrent Cleanup for Next Mark
[532.973s][info][gc,marking  ] GC(651) Concurrent Cleanup for Next Mark 0.150ms
[532.973s][info][gc          ] GC(651) Concurrent Cycle 54.214ms
[533.200s][info][gc,start    ] GC(652) Pause Young (Normal) (G1 Evacuation Pause)
[533.200s][info][gc,task     ] GC(652) Using 8 workers of 8 for evacuation
[533.201s][info][gc,phases   ] GC(652)   Pre Evacuate Collection Set: 0.1ms
[533.201s][info][gc,phases   ] GC(652)   Merge Heap Roots: 0.0ms
[533.201s][info][gc,phases   ] GC(652)   Evacuate Collection Set: 0.4ms
[533.201s][info][gc,phases   ] GC(652)   Post Evacuate Collection Set: 0.3ms
[533.201s][info][gc,phases   ] GC(652)   Other: 0.2ms
[533.201s][info][gc,heap     ] GC(652) Eden regions: 36->0(36)
[533.201s][info][gc,heap     ] GC(652) Survivor regions: 1->1(5)
[533.201s][info][gc,heap     ] GC(652) Old regions: 38->38
[533.201s][info][gc,heap     ] GC(652) Archive regions: 2->2
[533.201s][info][gc,heap     ] GC(652) Humongous regions: 0->0
[533.201s][info][gc,metaspace] GC(652) Metaspace: 48519K(49744K)->48519K(49744K) NonClass: 42664K(43600K)->42664K(43600K) Class: 5855K(6144K)->5855K(6144K)
[533.201s][info][gc          ] GC(652) Pause Young (Normal) (G1 Evacuation Pause) 75M->38M(87M) 1.196ms
[533.201s][info][gc,cpu      ] GC(652) User=0.00s Sys=0.00s Real=0.00s
[533.446s][info][gc,start    ] GC(653) Pause Young (Concurrent Start) (G1 Evacuation Pause)
[533.446s][info][gc,task     ] GC(653) Using 8 workers of 8 for evacuation
[533.447s][info][gc,phases   ] GC(653)   Pre Evacuate Collection Set: 0.2ms
[533.447s][info][gc,phases   ] GC(653)   Merge Heap Roots: 0.0ms
[533.447s][info][gc,phases   ] GC(653)   Evacuate Collection Set: 0.7ms
[533.447s][info][gc,phases   ] GC(653)   Post Evacuate Collection Set: 0.2ms
[533.447s][info][gc,phases   ] GC(653)   Other: 0.2ms
[533.447s][info][gc,heap     ] GC(653) Eden regions: 36->0(36)
[533.447s][info][gc,heap     ] GC(653) Survivor regions: 1->1(5)
[533.447s][info][gc,heap     ] GC(653) Old regions: 38->38
[533.447s][info][gc,heap     ] GC(653) Archive regions: 2->2
[533.447s][info][gc,heap     ] GC(653) Humongous regions: 0->0
[533.447s][info][gc,metaspace] GC(653) Metaspace: 48519K(49744K)->48519K(49744K) NonClass: 42664K(43600K)->42664K(43600K) Class: 5855K(6144K)->5855K(6144K)
[533.447s][info][gc          ] GC(653) Pause Young (Concurrent Start) (G1 Evacuation Pause) 74M->38M(87M) 1.546ms
[533.447s][info][gc,cpu      ] GC(653) User=0.00s Sys=0.00s Real=0.00s
[533.447s][info][gc          ] GC(654) Concurrent Cycle
[533.447s][info][gc,marking  ] GC(654) Concurrent Clear Claimed Marks
[533.447s][info][gc,marking  ] GC(654) Concurrent Clear Claimed Marks 0.047ms
[533.447s][info][gc,marking  ] GC(654) Concurrent Scan Root Regions
[533.448s][info][gc,marking  ] GC(654) Concurrent Scan Root Regions 0.848ms
[533.448s][info][gc,marking  ] GC(654) Concurrent Mark (533.448s)
[533.448s][info][gc,marking  ] GC(654) Concurrent Mark From Roots
[533.448s][info][gc,task     ] GC(654) Using 2 workers of 2 for marking
[533.480s][info][gc,marking  ] GC(654) Concurrent Mark From Roots 32.004ms
[533.480s][info][gc,marking  ] GC(654) Concurrent Preclean
[533.481s][info][gc,marking  ] GC(654) Concurrent Preclean 0.183ms
[533.481s][info][gc,marking  ] GC(654) Concurrent Mark (533.448s, 533.481s) 32.383ms
[533.481s][info][gc,start    ] GC(654) Pause Remark
[533.483s][info][gc          ] GC(654) Pause Remark 43M->43M(87M) 1.646ms
[533.483s][info][gc,cpu      ] GC(654) User=0.00s Sys=0.00s Real=0.00s
[533.483s][info][gc,marking  ] GC(654) Concurrent Rebuild Remembered Sets
[533.503s][info][gc,marking  ] GC(654) Concurrent Rebuild Remembered Sets 19.372ms
[533.504s][info][gc,start    ] GC(654) Pause Cleanup
[533.504s][info][gc          ] GC(654) Pause Cleanup 46M->46M(87M) 0.104ms
[533.504s][info][gc,cpu      ] GC(654) User=0.00s Sys=0.00s Real=0.00s
[533.504s][info][gc,marking  ] GC(654) Concurrent Cleanup for Next Mark
[533.504s][info][gc,marking  ] GC(654) Concurrent Cleanup for Next Mark 0.138ms
[533.504s][info][gc          ] GC(654) Concurrent Cycle 56.870ms
[533.671s][info][gc,start    ] GC(655) Pause Young (Normal) (G1 Evacuation Pause)
[533.671s][info][gc,task     ] GC(655) Using 8 workers of 8 for evacuation
[533.672s][info][gc,phases   ] GC(655)   Pre Evacuate Collection Set: 0.1ms
[533.672s][info][gc,phases   ] GC(655)   Merge Heap Roots: 0.0ms
[533.672s][info][gc,phases   ] GC(655)   Evacuate Collection Set: 0.4ms
[533.672s][info][gc,phases   ] GC(655)   Post Evacuate Collection Set: 0.2ms
[533.672s][info][gc,phases   ] GC(655)   Other: 0.2ms
[533.672s][info][gc,heap     ] GC(655) Eden regions: 36->0(36)
[533.672s][info][gc,heap     ] GC(655) Survivor regions: 1->1(5)
[533.672s][info][gc,heap     ] GC(655) Old regions: 38->38
[533.672s][info][gc,heap     ] GC(655) Archive regions: 2->2
[533.672s][info][gc,heap     ] GC(655) Humongous regions: 0->0
[533.672s][info][gc,metaspace] GC(655) Metaspace: 48519K(49744K)->48519K(49744K) NonClass: 42664K(43600K)->42664K(43600K) Class: 5855K(6144K)->5855K(6144K)
[533.672s][info][gc          ] GC(655) Pause Young (Normal) (G1 Evacuation Pause) 74M->38M(87M) 1.085ms
[533.672s][info][gc,cpu      ] GC(655) User=0.01s Sys=0.00s Real=0.00s
[533.889s][info][gc,start    ] GC(656) Pause Young (Concurrent Start) (G1 Evacuation Pause)
[533.889s][info][gc,task     ] GC(656) Using 8 workers of 8 for evacuation
[533.891s][info][gc,phases   ] GC(656)   Pre Evacuate Collection Set: 0.1ms
[533.891s][info][gc,phases   ] GC(656)   Merge Heap Roots: 0.0ms
[533.891s][info][gc,phases   ] GC(656)   Evacuate Collection Set: 0.8ms
[533.891s][info][gc,phases   ] GC(656)   Post Evacuate Collection Set: 0.3ms
[533.891s][info][gc,phases   ] GC(656)   Other: 0.2ms
[533.891s][info][gc,heap     ] GC(656) Eden regions: 36->0(36)
[533.891s][info][gc,heap     ] GC(656) Survivor regions: 1->1(5)
[533.891s][info][gc,heap     ] GC(656) Old regions: 38->38
[533.891s][info][gc,heap     ] GC(656) Archive regions: 2->2
[533.891s][info][gc,heap     ] GC(656) Humongous regions: 0->0
[533.891s][info][gc,metaspace] GC(656) Metaspace: 48519K(49744K)->48519K(49744K) NonClass: 42664K(43600K)->42664K(43600K) Class: 5855K(6144K)->5855K(6144K)
[533.891s][info][gc          ] GC(656) Pause Young (Concurrent Start) (G1 Evacuation Pause) 74M->39M(87M) 1.587ms
[533.891s][info][gc,cpu      ] GC(656) User=0.00s Sys=0.00s Real=0.00s
[533.891s][info][gc          ] GC(657) Concurrent Cycle
[533.891s][info][gc,marking  ] GC(657) Concurrent Clear Claimed Marks
[533.891s][info][gc,marking  ] GC(657) Concurrent Clear Claimed Marks 0.082ms
[533.891s][info][gc,marking  ] GC(657) Concurrent Scan Root Regions
[533.892s][info][gc,marking  ] GC(657) Concurrent Scan Root Regions 0.822ms
[533.892s][info][gc,marking  ] GC(657) Concurrent Mark (533.892s)
[533.892s][info][gc,marking  ] GC(657) Concurrent Mark From Roots
[533.892s][info][gc,task     ] GC(657) Using 2 workers of 2 for marking
[533.924s][info][gc,marking  ] GC(657) Concurrent Mark From Roots 31.696ms
[533.924s][info][gc,marking  ] GC(657) Concurrent Preclean
[533.924s][info][gc,marking  ] GC(657) Concurrent Preclean 0.114ms
[533.924s][info][gc,marking  ] GC(657) Concurrent Mark (533.892s, 533.924s) 31.898ms
[533.924s][info][gc,start    ] GC(657) Pause Remark
[533.925s][info][gc          ] GC(657) Pause Remark 43M->43M(87M) 1.156ms
[533.925s][info][gc,cpu      ] GC(657) User=0.01s Sys=0.00s Real=0.00s
[533.926s][info][gc,marking  ] GC(657) Concurrent Rebuild Remembered Sets
[533.945s][info][gc,marking  ] GC(657) Concurrent Rebuild Remembered Sets 19.257ms
[533.946s][info][gc,start    ] GC(657) Pause Cleanup
[533.946s][info][gc          ] GC(657) Pause Cleanup 46M->46M(87M) 0.097ms
[533.946s][info][gc,cpu      ] GC(657) User=0.00s Sys=0.00s Real=0.00s
[533.946s][info][gc,marking  ] GC(657) Concurrent Cleanup for Next Mark
[533.946s][info][gc,marking  ] GC(657) Concurrent Cleanup for Next Mark 0.167ms
[533.946s][info][gc          ] GC(657) Concurrent Cycle 55.402ms
[534.165s][info][gc,start    ] GC(658) Pause Young (Normal) (G1 Evacuation Pause)
[534.165s][info][gc,task     ] GC(658) Using 8 workers of 8 for evacuation
[534.166s][info][gc,phases   ] GC(658)   Pre Evacuate Collection Set: 0.1ms
[534.166s][info][gc,phases   ] GC(658)   Merge Heap Roots: 0.0ms
[534.166s][info][gc,phases   ] GC(658)   Evacuate Collection Set: 0.4ms
[534.166s][info][gc,phases   ] GC(658)   Post Evacuate Collection Set: 0.2ms
[534.166s][info][gc,phases   ] GC(658)   Other: 0.2ms
[534.166s][info][gc,heap     ] GC(658) Eden regions: 36->0(36)
[534.166s][info][gc,heap     ] GC(658) Survivor regions: 1->1(5)
[534.166s][info][gc,heap     ] GC(658) Old regions: 38->38
[534.166s][info][gc,heap     ] GC(658) Archive regions: 2->2
[534.166s][info][gc,heap     ] GC(658) Humongous regions: 0->0
[534.166s][info][gc,metaspace] GC(658) Metaspace: 48519K(49744K)->48519K(49744K) NonClass: 42664K(43600K)->42664K(43600K) Class: 5855K(6144K)->5855K(6144K)
[534.166s][info][gc          ] GC(658) Pause Young (Normal) (G1 Evacuation Pause) 75M->39M(87M) 1.038ms
[534.166s][info][gc,cpu      ] GC(658) User=0.00s Sys=0.00s Real=0.00s
[534.420s][info][gc,start    ] GC(659) Pause Young (Concurrent Start) (G1 Evacuation Pause)
[534.420s][info][gc,task     ] GC(659) Using 8 workers of 8 for evacuation
[534.421s][info][gc,phases   ] GC(659)   Pre Evacuate Collection Set: 0.1ms
[534.421s][info][gc,phases   ] GC(659)   Merge Heap Roots: 0.0ms
[534.421s][info][gc,phases   ] GC(659)   Evacuate Collection Set: 0.6ms
[534.421s][info][gc,phases   ] GC(659)   Post Evacuate Collection Set: 0.2ms
[534.421s][info][gc,phases   ] GC(659)   Other: 0.2ms
[534.421s][info][gc,heap     ] GC(659) Eden regions: 36->0(36)
[534.421s][info][gc,heap     ] GC(659) Survivor regions: 1->1(5)
[534.421s][info][gc,heap     ] GC(659) Old regions: 38->38
[534.421s][info][gc,heap     ] GC(659) Archive regions: 2->2
[534.421s][info][gc,heap     ] GC(659) Humongous regions: 0->0
[534.421s][info][gc,metaspace] GC(659) Metaspace: 48519K(49744K)->48519K(49744K) NonClass: 42664K(43600K)->42664K(43600K) Class: 5855K(6144K)->5855K(6144K)
[534.421s][info][gc          ] GC(659) Pause Young (Concurrent Start) (G1 Evacuation Pause) 75M->39M(87M) 1.186ms
[534.421s][info][gc,cpu      ] GC(659) User=0.01s Sys=0.00s Real=0.00s
[534.421s][info][gc          ] GC(660) Concurrent Cycle
[534.421s][info][gc,marking  ] GC(660) Concurrent Clear Claimed Marks
[534.421s][info][gc,marking  ] GC(660) Concurrent Clear Claimed Marks 0.054ms
[534.421s][info][gc,marking  ] GC(660) Concurrent Scan Root Regions
[534.422s][info][gc,marking  ] GC(660) Concurrent Scan Root Regions 1.381ms
[534.422s][info][gc,marking  ] GC(660) Concurrent Mark (534.422s)
[534.422s][info][gc,marking  ] GC(660) Concurrent Mark From Roots
[534.422s][info][gc,task     ] GC(660) Using 2 workers of 2 for marking
[534.452s][info][gc,marking  ] GC(660) Concurrent Mark From Roots 29.919ms
[534.452s][info][gc,marking  ] GC(660) Concurrent Preclean
[534.453s][info][gc,marking  ] GC(660) Concurrent Preclean 0.139ms
[534.453s][info][gc,marking  ] GC(660) Concurrent Mark (534.422s, 534.453s) 30.170ms
[534.453s][info][gc,start    ] GC(660) Pause Remark
[534.454s][info][gc          ] GC(660) Pause Remark 42M->42M(87M) 1.237ms
[534.454s][info][gc,cpu      ] GC(660) User=0.01s Sys=0.00s Real=0.01s
[534.454s][info][gc,marking  ] GC(660) Concurrent Rebuild Remembered Sets
[534.472s][info][gc,marking  ] GC(660) Concurrent Rebuild Remembered Sets 17.434ms
[534.473s][info][gc,start    ] GC(660) Pause Cleanup
[534.473s][info][gc          ] GC(660) Pause Cleanup 45M->45M(87M) 0.109ms
[534.473s][info][gc,cpu      ] GC(660) User=0.00s Sys=0.00s Real=0.00s
[534.473s][info][gc,marking  ] GC(660) Concurrent Cleanup for Next Mark
[534.473s][info][gc,marking  ] GC(660) Concurrent Cleanup for Next Mark 0.145ms
[534.473s][info][gc          ] GC(660) Concurrent Cycle 52.047ms
[534.672s][info][gc,start    ] GC(661) Pause Young (Normal) (G1 Evacuation Pause)
[534.672s][info][gc,task     ] GC(661) Using 8 workers of 8 for evacuation
[534.673s][info][gc,phases   ] GC(661)   Pre Evacuate Collection Set: 0.1ms
[534.673s][info][gc,phases   ] GC(661)   Merge Heap Roots: 0.0ms
[534.673s][info][gc,phases   ] GC(661)   Evacuate Collection Set: 0.5ms
[534.673s][info][gc,phases   ] GC(661)   Post Evacuate Collection Set: 0.2ms
[534.673s][info][gc,phases   ] GC(661)   Other: 0.2ms
[534.673s][info][gc,heap     ] GC(661) Eden regions: 36->0(36)
[534.673s][info][gc,heap     ] GC(661) Survivor regions: 1->1(5)
[534.673s][info][gc,heap     ] GC(661) Old regions: 38->38
[534.673s][info][gc,heap     ] GC(661) Archive regions: 2->2
[534.673s][info][gc,heap     ] GC(661) Humongous regions: 0->0
[534.673s][info][gc,metaspace] GC(661) Metaspace: 48519K(49744K)->48519K(49744K) NonClass: 42664K(43600K)->42664K(43600K) Class: 5855K(6144K)->5855K(6144K)
[534.673s][info][gc          ] GC(661) Pause Young (Normal) (G1 Evacuation Pause) 75M->39M(87M) 1.153ms
[534.673s][info][gc,cpu      ] GC(661) User=0.00s Sys=0.00s Real=0.00s
[534.916s][info][gc,start    ] GC(662) Pause Young (Concurrent Start) (G1 Evacuation Pause)
[534.916s][info][gc,task     ] GC(662) Using 8 workers of 8 for evacuation
[534.917s][info][gc,phases   ] GC(662)   Pre Evacuate Collection Set: 0.1ms
[534.917s][info][gc,phases   ] GC(662)   Merge Heap Roots: 0.1ms
[534.917s][info][gc,phases   ] GC(662)   Evacuate Collection Set: 0.7ms
[534.917s][info][gc,phases   ] GC(662)   Post Evacuate Collection Set: 0.2ms
[534.917s][info][gc,phases   ] GC(662)   Other: 0.2ms
[534.917s][info][gc,heap     ] GC(662) Eden regions: 36->0(36)
[534.917s][info][gc,heap     ] GC(662) Survivor regions: 1->1(5)
[534.917s][info][gc,heap     ] GC(662) Old regions: 38->38
[534.917s][info][gc,heap     ] GC(662) Archive regions: 2->2
[534.917s][info][gc,heap     ] GC(662) Humongous regions: 0->0
[534.917s][info][gc,metaspace] GC(662) Metaspace: 48519K(49744K)->48519K(49744K) NonClass: 42664K(43600K)->42664K(43600K) Class: 5855K(6144K)->5855K(6144K)
[534.917s][info][gc          ] GC(662) Pause Young (Concurrent Start) (G1 Evacuation Pause) 75M->39M(87M) 1.431ms
[534.917s][info][gc,cpu      ] GC(662) User=0.01s Sys=0.00s Real=0.00s
[534.917s][info][gc          ] GC(663) Concurrent Cycle
[534.917s][info][gc,marking  ] GC(663) Concurrent Clear Claimed Marks
[534.918s][info][gc,marking  ] GC(663) Concurrent Clear Claimed Marks 0.031ms
[534.918s][info][gc,marking  ] GC(663) Concurrent Scan Root Regions
[534.919s][info][gc,marking  ] GC(663) Concurrent Scan Root Regions 1.025ms
[534.919s][info][gc,marking  ] GC(663) Concurrent Mark (534.919s)
[534.919s][info][gc,marking  ] GC(663) Concurrent Mark From Roots
[534.919s][info][gc,task     ] GC(663) Using 2 workers of 2 for marking
[534.953s][info][gc,marking  ] GC(663) Concurrent Mark From Roots 33.991ms
[534.953s][info][gc,marking  ] GC(663) Concurrent Preclean
[534.953s][info][gc,marking  ] GC(663) Concurrent Preclean 0.085ms
[534.953s][info][gc,marking  ] GC(663) Concurrent Mark (534.919s, 534.953s) 34.145ms
[534.953s][info][gc,start    ] GC(663) Pause Remark
[534.954s][info][gc          ] GC(663) Pause Remark 43M->43M(87M) 1.193ms
[534.954s][info][gc,cpu      ] GC(663) User=0.01s Sys=0.00s Real=0.01s
[534.955s][info][gc,marking  ] GC(663) Concurrent Rebuild Remembered Sets
[534.974s][info][gc,marking  ] GC(663) Concurrent Rebuild Remembered Sets 19.228ms
[534.975s][info][gc,start    ] GC(663) Pause Cleanup
[534.975s][info][gc          ] GC(663) Pause Cleanup 44M->44M(87M) 0.100ms
[534.975s][info][gc,cpu      ] GC(663) User=0.00s Sys=0.00s Real=0.00s
[534.975s][info][gc,marking  ] GC(663) Concurrent Cleanup for Next Mark
[534.975s][info][gc,marking  ] GC(663) Concurrent Cleanup for Next Mark 0.146ms
[534.975s][info][gc          ] GC(663) Concurrent Cycle 57.708ms
[535.236s][info][gc,start    ] GC(664) Pause Young (Normal) (G1 Evacuation Pause)
[535.236s][info][gc,task     ] GC(664) Using 8 workers of 8 for evacuation
[535.237s][info][gc,phases   ] GC(664)   Pre Evacuate Collection Set: 0.1ms
[535.237s][info][gc,phases   ] GC(664)   Merge Heap Roots: 0.0ms
[535.237s][info][gc,phases   ] GC(664)   Evacuate Collection Set: 0.5ms
[535.237s][info][gc,phases   ] GC(664)   Post Evacuate Collection Set: 0.2ms
[535.237s][info][gc,phases   ] GC(664)   Other: 0.2ms
[535.237s][info][gc,heap     ] GC(664) Eden regions: 36->0(36)
[535.237s][info][gc,heap     ] GC(664) Survivor regions: 1->1(5)
[535.237s][info][gc,heap     ] GC(664) Old regions: 38->38
[535.237s][info][gc,heap     ] GC(664) Archive regions: 2->2
[535.237s][info][gc,heap     ] GC(664) Humongous regions: 0->0
[535.237s][info][gc,metaspace] GC(664) Metaspace: 48519K(49744K)->48519K(49744K) NonClass: 42664K(43600K)->42664K(43600K) Class: 5855K(6144K)->5855K(6144K)
[535.237s][info][gc          ] GC(664) Pause Young (Normal) (G1 Evacuation Pause) 75M->39M(87M) 1.091ms
[535.237s][info][gc,cpu      ] GC(664) User=0.00s Sys=0.00s Real=0.00s
[535.490s][info][gc,start    ] GC(665) Pause Young (Concurrent Start) (G1 Evacuation Pause)
[535.490s][info][gc,task     ] GC(665) Using 8 workers of 8 for evacuation
[535.491s][info][gc,phases   ] GC(665)   Pre Evacuate Collection Set: 0.1ms
[535.491s][info][gc,phases   ] GC(665)   Merge Heap Roots: 0.0ms
[535.491s][info][gc,phases   ] GC(665)   Evacuate Collection Set: 0.6ms
[535.491s][info][gc,phases   ] GC(665)   Post Evacuate Collection Set: 0.2ms
[535.491s][info][gc,phases   ] GC(665)   Other: 0.2ms
[535.491s][info][gc,heap     ] GC(665) Eden regions: 36->0(36)
[535.491s][info][gc,heap     ] GC(665) Survivor regions: 1->1(5)
[535.491s][info][gc,heap     ] GC(665) Old regions: 38->38
[535.491s][info][gc,heap     ] GC(665) Archive regions: 2->2
[535.491s][info][gc,heap     ] GC(665) Humongous regions: 0->0
[535.491s][info][gc,metaspace] GC(665) Metaspace: 48519K(49744K)->48519K(49744K) NonClass: 42664K(43600K)->42664K(43600K) Class: 5855K(6144K)->5855K(6144K)
[535.491s][info][gc          ] GC(665) Pause Young (Concurrent Start) (G1 Evacuation Pause) 75M->39M(87M) 1.165ms
[535.491s][info][gc,cpu      ] GC(665) User=0.00s Sys=0.00s Real=0.00s
[535.491s][info][gc          ] GC(666) Concurrent Cycle
[535.491s][info][gc,marking  ] GC(666) Concurrent Clear Claimed Marks
[535.491s][info][gc,marking  ] GC(666) Concurrent Clear Claimed Marks 0.040ms
[535.491s][info][gc,marking  ] GC(666) Concurrent Scan Root Regions
[535.492s][info][gc,marking  ] GC(666) Concurrent Scan Root Regions 0.959ms
[535.492s][info][gc,marking  ] GC(666) Concurrent Mark (535.492s)
[535.492s][info][gc,marking  ] GC(666) Concurrent Mark From Roots
[535.492s][info][gc,task     ] GC(666) Using 2 workers of 2 for marking
[535.525s][info][gc,marking  ] GC(666) Concurrent Mark From Roots 33.365ms
[535.526s][info][gc,marking  ] GC(666) Concurrent Preclean
[535.526s][info][gc,marking  ] GC(666) Concurrent Preclean 0.090ms
[535.526s][info][gc,marking  ] GC(666) Concurrent Mark (535.492s, 535.526s) 33.520ms
[535.526s][info][gc,start    ] GC(666) Pause Remark
[535.527s][info][gc          ] GC(666) Pause Remark 42M->42M(87M) 1.447ms
[535.527s][info][gc,cpu      ] GC(666) User=0.01s Sys=0.00s Real=0.00s
[535.527s][info][gc,marking  ] GC(666) Concurrent Rebuild Remembered Sets
[535.548s][info][gc,marking  ] GC(666) Concurrent Rebuild Remembered Sets 20.969ms
[535.550s][info][gc,start    ] GC(666) Pause Cleanup
[535.550s][info][gc          ] GC(666) Pause Cleanup 44M->44M(87M) 0.124ms
[535.550s][info][gc,cpu      ] GC(666) User=0.00s Sys=0.00s Real=0.00s
[535.550s][info][gc,marking  ] GC(666) Concurrent Cleanup for Next Mark
[535.550s][info][gc,marking  ] GC(666) Concurrent Cleanup for Next Mark 0.154ms
[535.550s][info][gc          ] GC(666) Concurrent Cycle 59.102ms
[535.741s][info][gc,start    ] GC(667) Pause Young (Normal) (G1 Evacuation Pause)
[535.741s][info][gc,task     ] GC(667) Using 8 workers of 8 for evacuation
[535.742s][info][gc,phases   ] GC(667)   Pre Evacuate Collection Set: 0.1ms
[535.742s][info][gc,phases   ] GC(667)   Merge Heap Roots: 0.0ms
[535.742s][info][gc,phases   ] GC(667)   Evacuate Collection Set: 0.5ms
[535.742s][info][gc,phases   ] GC(667)   Post Evacuate Collection Set: 0.3ms
[535.742s][info][gc,phases   ] GC(667)   Other: 0.2ms
[535.742s][info][gc,heap     ] GC(667) Eden regions: 36->0(36)
[535.742s][info][gc,heap     ] GC(667) Survivor regions: 1->1(5)
[535.742s][info][gc,heap     ] GC(667) Old regions: 38->38
[535.742s][info][gc,heap     ] GC(667) Archive regions: 2->2
[535.742s][info][gc,heap     ] GC(667) Humongous regions: 0->0
[535.742s][info][gc,metaspace] GC(667) Metaspace: 48519K(49744K)->48519K(49744K) NonClass: 42664K(43600K)->42664K(43600K) Class: 5855K(6144K)->5855K(6144K)
[535.742s][info][gc          ] GC(667) Pause Young (Normal) (G1 Evacuation Pause) 75M->39M(87M) 1.209ms
[535.742s][info][gc,cpu      ] GC(667) User=0.01s Sys=0.01s Real=0.00s
[535.986s][info][gc,start    ] GC(668) Pause Young (Concurrent Start) (G1 Evacuation Pause)
[535.986s][info][gc,task     ] GC(668) Using 8 workers of 8 for evacuation
[535.988s][info][gc,phases   ] GC(668)   Pre Evacuate Collection Set: 0.1ms
[535.988s][info][gc,phases   ] GC(668)   Merge Heap Roots: 0.0ms
[535.988s][info][gc,phases   ] GC(668)   Evacuate Collection Set: 0.7ms
[535.988s][info][gc,phases   ] GC(668)   Post Evacuate Collection Set: 0.3ms
[535.988s][info][gc,phases   ] GC(668)   Other: 0.3ms
[535.988s][info][gc,heap     ] GC(668) Eden regions: 36->0(36)
[535.988s][info][gc,heap     ] GC(668) Survivor regions: 1->1(5)
[535.988s][info][gc,heap     ] GC(668) Old regions: 38->38
[535.988s][info][gc,heap     ] GC(668) Archive regions: 2->2
[535.988s][info][gc,heap     ] GC(668) Humongous regions: 0->0
[535.988s][info][gc,metaspace] GC(668) Metaspace: 48519K(49744K)->48519K(49744K) NonClass: 42664K(43600K)->42664K(43600K) Class: 5855K(6144K)->5855K(6144K)
[535.988s][info][gc          ] GC(668) Pause Young (Concurrent Start) (G1 Evacuation Pause) 75M->39M(87M) 1.647ms
[535.988s][info][gc,cpu      ] GC(668) User=0.00s Sys=0.00s Real=0.00s
[535.988s][info][gc          ] GC(669) Concurrent Cycle
[535.988s][info][gc,marking  ] GC(669) Concurrent Clear Claimed Marks
[535.988s][info][gc,marking  ] GC(669) Concurrent Clear Claimed Marks 0.080ms
[535.988s][info][gc,marking  ] GC(669) Concurrent Scan Root Regions
[535.990s][info][gc,marking  ] GC(669) Concurrent Scan Root Regions 1.570ms
[535.990s][info][gc,marking  ] GC(669) Concurrent Mark (535.990s)
[535.990s][info][gc,marking  ] GC(669) Concurrent Mark From Roots
[535.990s][info][gc,task     ] GC(669) Using 2 workers of 2 for marking
[536.026s][info][gc,marking  ] GC(669) Concurrent Mark From Roots 35.771ms
[536.026s][info][gc,marking  ] GC(669) Concurrent Preclean
[536.026s][info][gc,marking  ] GC(669) Concurrent Preclean 0.110ms
[536.026s][info][gc,marking  ] GC(669) Concurrent Mark (535.990s, 536.026s) 35.957ms
[536.026s][info][gc,start    ] GC(669) Pause Remark
[536.028s][info][gc          ] GC(669) Pause Remark 42M->42M(87M) 1.798ms
[536.028s][info][gc,cpu      ] GC(669) User=0.00s Sys=0.00s Real=0.00s
[536.029s][info][gc,marking  ] GC(669) Concurrent Rebuild Remembered Sets
[536.051s][info][gc,marking  ] GC(669) Concurrent Rebuild Remembered Sets 22.267ms
[536.053s][info][gc,start    ] GC(669) Pause Cleanup
[536.053s][info][gc          ] GC(669) Pause Cleanup 44M->44M(87M) 0.136ms
[536.053s][info][gc,cpu      ] GC(669) User=0.00s Sys=0.00s Real=0.01s
[536.054s][info][gc,marking  ] GC(669) Concurrent Cleanup for Next Mark
[536.055s][info][gc,marking  ] GC(669) Concurrent Cleanup for Next Mark 0.259ms
[536.055s][info][gc          ] GC(669) Concurrent Cycle 66.532ms
[536.289s][info][gc,start    ] GC(670) Pause Young (Normal) (G1 Evacuation Pause)
[536.289s][info][gc,task     ] GC(670) Using 8 workers of 8 for evacuation
[536.290s][info][gc,phases   ] GC(670)   Pre Evacuate Collection Set: 0.1ms
[536.290s][info][gc,phases   ] GC(670)   Merge Heap Roots: 0.0ms
[536.290s][info][gc,phases   ] GC(670)   Evacuate Collection Set: 0.5ms
[536.290s][info][gc,phases   ] GC(670)   Post Evacuate Collection Set: 0.2ms
[536.290s][info][gc,phases   ] GC(670)   Other: 0.2ms
[536.290s][info][gc,heap     ] GC(670) Eden regions: 36->0(35)
[536.290s][info][gc,heap     ] GC(670) Survivor regions: 1->1(5)
[536.290s][info][gc,heap     ] GC(670) Old regions: 38->39
[536.290s][info][gc,heap     ] GC(670) Archive regions: 2->2
[536.290s][info][gc,heap     ] GC(670) Humongous regions: 0->0
[536.290s][info][gc,metaspace] GC(670) Metaspace: 48519K(49744K)->48519K(49744K) NonClass: 42664K(43600K)->42664K(43600K) Class: 5855K(6144K)->5855K(6144K)
[536.290s][info][gc          ] GC(670) Pause Young (Normal) (G1 Evacuation Pause) 75M->39M(87M) 1.113ms
[536.290s][info][gc,cpu      ] GC(670) User=0.01s Sys=0.00s Real=0.00s
[536.533s][info][gc,start    ] GC(671) Pause Young (Concurrent Start) (G1 Evacuation Pause)
[536.533s][info][gc,task     ] GC(671) Using 8 workers of 8 for evacuation
[536.534s][info][gc,phases   ] GC(671)   Pre Evacuate Collection Set: 0.1ms
[536.534s][info][gc,phases   ] GC(671)   Merge Heap Roots: 0.0ms
[536.534s][info][gc,phases   ] GC(671)   Evacuate Collection Set: 0.6ms
[536.534s][info][gc,phases   ] GC(671)   Post Evacuate Collection Set: 0.2ms
[536.534s][info][gc,phases   ] GC(671)   Other: 0.2ms
[536.534s][info][gc,heap     ] GC(671) Eden regions: 35->0(35)
[536.534s][info][gc,heap     ] GC(671) Survivor regions: 1->1(5)
[536.534s][info][gc,heap     ] GC(671) Old regions: 39->39
[536.534s][info][gc,heap     ] GC(671) Archive regions: 2->2
[536.534s][info][gc,heap     ] GC(671) Humongous regions: 0->0
[536.534s][info][gc,metaspace] GC(671) Metaspace: 48519K(49744K)->48519K(49744K) NonClass: 42664K(43600K)->42664K(43600K) Class: 5855K(6144K)->5855K(6144K)
[536.534s][info][gc          ] GC(671) Pause Young (Concurrent Start) (G1 Evacuation Pause) 74M->39M(87M) 1.168ms
[536.534s][info][gc,cpu      ] GC(671) User=0.01s Sys=0.00s Real=0.00s
[536.534s][info][gc          ] GC(672) Concurrent Cycle
[536.534s][info][gc,marking  ] GC(672) Concurrent Clear Claimed Marks
[536.534s][info][gc,marking  ] GC(672) Concurrent Clear Claimed Marks 0.028ms
[536.534s][info][gc,marking  ] GC(672) Concurrent Scan Root Regions
[536.535s][info][gc,marking  ] GC(672) Concurrent Scan Root Regions 1.131ms
[536.535s][info][gc,marking  ] GC(672) Concurrent Mark (536.535s)
[536.535s][info][gc,marking  ] GC(672) Concurrent Mark From Roots
[536.536s][info][gc,task     ] GC(672) Using 2 workers of 2 for marking
[536.571s][info][gc,marking  ] GC(672) Concurrent Mark From Roots 35.111ms
[536.571s][info][gc,marking  ] GC(672) Concurrent Preclean
[536.571s][info][gc,marking  ] GC(672) Concurrent Preclean 0.099ms
[536.571s][info][gc,marking  ] GC(672) Concurrent Mark (536.535s, 536.571s) 35.268ms
[536.571s][info][gc,start    ] GC(672) Pause Remark
[536.572s][info][gc          ] GC(672) Pause Remark 44M->44M(87M) 1.233ms
[536.572s][info][gc,cpu      ] GC(672) User=0.01s Sys=0.00s Real=0.00s
[536.572s][info][gc,marking  ] GC(672) Concurrent Rebuild Remembered Sets
[536.597s][info][gc,marking  ] GC(672) Concurrent Rebuild Remembered Sets 25.228ms
[536.599s][info][gc,start    ] GC(672) Pause Cleanup
[536.599s][info][gc          ] GC(672) Pause Cleanup 47M->47M(87M) 0.098ms
[536.599s][info][gc,cpu      ] GC(672) User=0.00s Sys=0.00s Real=0.00s
[536.599s][info][gc,marking  ] GC(672) Concurrent Cleanup for Next Mark
[536.599s][info][gc,marking  ] GC(672) Concurrent Cleanup for Next Mark 0.114ms
[536.599s][info][gc          ] GC(672) Concurrent Cycle 64.581ms
[536.778s][info][gc,start    ] GC(673) Pause Young (Normal) (G1 Evacuation Pause)
[536.778s][info][gc,task     ] GC(673) Using 8 workers of 8 for evacuation
[536.780s][info][gc,phases   ] GC(673)   Pre Evacuate Collection Set: 0.1ms
[536.780s][info][gc,phases   ] GC(673)   Merge Heap Roots: 0.0ms
[536.780s][info][gc,phases   ] GC(673)   Evacuate Collection Set: 0.7ms
[536.780s][info][gc,phases   ] GC(673)   Post Evacuate Collection Set: 0.3ms
[536.780s][info][gc,phases   ] GC(673)   Other: 0.2ms
[536.780s][info][gc,heap     ] GC(673) Eden regions: 35->0(35)
[536.780s][info][gc,heap     ] GC(673) Survivor regions: 1->1(5)
[536.780s][info][gc,heap     ] GC(673) Old regions: 39->39
[536.780s][info][gc,heap     ] GC(673) Archive regions: 2->2
[536.780s][info][gc,heap     ] GC(673) Humongous regions: 0->0
[536.780s][info][gc,metaspace] GC(673) Metaspace: 48519K(49744K)->48519K(49744K) NonClass: 42664K(43600K)->42664K(43600K) Class: 5855K(6144K)->5855K(6144K)
[536.780s][info][gc          ] GC(673) Pause Young (Normal) (G1 Evacuation Pause) 74M->39M(87M) 1.421ms
[536.780s][info][gc,cpu      ] GC(673) User=0.01s Sys=0.00s Real=0.00s
[537.007s][info][gc,start    ] GC(674) Pause Young (Concurrent Start) (G1 Evacuation Pause)
[537.007s][info][gc,task     ] GC(674) Using 8 workers of 8 for evacuation
[537.008s][info][gc,phases   ] GC(674)   Pre Evacuate Collection Set: 0.1ms
[537.008s][info][gc,phases   ] GC(674)   Merge Heap Roots: 0.0ms
[537.008s][info][gc,phases   ] GC(674)   Evacuate Collection Set: 0.7ms
[537.008s][info][gc,phases   ] GC(674)   Post Evacuate Collection Set: 0.2ms
[537.008s][info][gc,phases   ] GC(674)   Other: 0.2ms
[537.008s][info][gc,heap     ] GC(674) Eden regions: 35->0(35)
[537.008s][info][gc,heap     ] GC(674) Survivor regions: 1->1(5)
[537.008s][info][gc,heap     ] GC(674) Old regions: 39->39
[537.008s][info][gc,heap     ] GC(674) Archive regions: 2->2
[537.008s][info][gc,heap     ] GC(674) Humongous regions: 0->0
[537.008s][info][gc,metaspace] GC(674) Metaspace: 48519K(49744K)->48519K(49744K) NonClass: 42664K(43600K)->42664K(43600K) Class: 5855K(6144K)->5855K(6144K)
[537.008s][info][gc          ] GC(674) Pause Young (Concurrent Start) (G1 Evacuation Pause) 74M->39M(87M) 1.308ms
[537.008s][info][gc,cpu      ] GC(674) User=0.00s Sys=0.01s Real=0.00s
[537.008s][info][gc          ] GC(675) Concurrent Cycle
[537.008s][info][gc,marking  ] GC(675) Concurrent Clear Claimed Marks
[537.008s][info][gc,marking  ] GC(675) Concurrent Clear Claimed Marks 0.060ms
[537.008s][info][gc,marking  ] GC(675) Concurrent Scan Root Regions
[537.009s][info][gc,marking  ] GC(675) Concurrent Scan Root Regions 1.341ms
[537.009s][info][gc,marking  ] GC(675) Concurrent Mark (537.009s)
[537.009s][info][gc,marking  ] GC(675) Concurrent Mark From Roots
[537.009s][info][gc,task     ] GC(675) Using 2 workers of 2 for marking
[537.046s][info][gc,marking  ] GC(675) Concurrent Mark From Roots 36.413ms
[537.046s][info][gc,marking  ] GC(675) Concurrent Preclean
[537.046s][info][gc,marking  ] GC(675) Concurrent Preclean 0.132ms
[537.046s][info][gc,marking  ] GC(675) Concurrent Mark (537.009s, 537.046s) 36.621ms
[537.046s][info][gc,start    ] GC(675) Pause Remark
[537.048s][info][gc          ] GC(675) Pause Remark 41M->41M(87M) 1.368ms
[537.048s][info][gc,cpu      ] GC(675) User=0.01s Sys=0.00s Real=0.00s
[537.048s][info][gc,marking  ] GC(675) Concurrent Rebuild Remembered Sets
[537.071s][info][gc,marking  ] GC(675) Concurrent Rebuild Remembered Sets 22.983ms
[537.072s][info][gc,start    ] GC(675) Pause Cleanup
[537.072s][info][gc          ] GC(675) Pause Cleanup 43M->43M(87M) 0.088ms
[537.072s][info][gc,cpu      ] GC(675) User=0.01s Sys=0.00s Real=0.00s
[537.072s][info][gc,marking  ] GC(675) Concurrent Cleanup for Next Mark
[537.072s][info][gc,marking  ] GC(675) Concurrent Cleanup for Next Mark 0.151ms
[537.072s][info][gc          ] GC(675) Concurrent Cycle 63.992ms
[537.295s][info][gc,start    ] GC(676) Pause Young (Normal) (G1 Evacuation Pause)
[537.295s][info][gc,task     ] GC(676) Using 8 workers of 8 for evacuation
[537.296s][info][gc,phases   ] GC(676)   Pre Evacuate Collection Set: 0.1ms
[537.296s][info][gc,phases   ] GC(676)   Merge Heap Roots: 0.0ms
[537.296s][info][gc,phases   ] GC(676)   Evacuate Collection Set: 0.5ms
[537.296s][info][gc,phases   ] GC(676)   Post Evacuate Collection Set: 0.2ms
[537.296s][info][gc,phases   ] GC(676)   Other: 0.2ms
[537.296s][info][gc,heap     ] GC(676) Eden regions: 35->0(35)
[537.296s][info][gc,heap     ] GC(676) Survivor regions: 1->1(5)
[537.296s][info][gc,heap     ] GC(676) Old regions: 39->39
[537.296s][info][gc,heap     ] GC(676) Archive regions: 2->2
[537.296s][info][gc,heap     ] GC(676) Humongous regions: 0->0
[537.296s][info][gc,metaspace] GC(676) Metaspace: 48519K(49744K)->48519K(49744K) NonClass: 42664K(43600K)->42664K(43600K) Class: 5855K(6144K)->5855K(6144K)
[537.296s][info][gc          ] GC(676) Pause Young (Normal) (G1 Evacuation Pause) 74M->39M(87M) 1.203ms
[537.296s][info][gc,cpu      ] GC(676) User=0.01s Sys=0.01s Real=0.00s
[537.491s][info][gc,start    ] GC(677) Pause Young (Concurrent Start) (G1 Evacuation Pause)
[537.491s][info][gc,task     ] GC(677) Using 8 workers of 8 for evacuation
[537.492s][info][gc,phases   ] GC(677)   Pre Evacuate Collection Set: 0.1ms
[537.492s][info][gc,phases   ] GC(677)   Merge Heap Roots: 0.0ms
[537.492s][info][gc,phases   ] GC(677)   Evacuate Collection Set: 0.9ms
[537.492s][info][gc,phases   ] GC(677)   Post Evacuate Collection Set: 0.2ms
[537.492s][info][gc,phases   ] GC(677)   Other: 0.3ms
[537.492s][info][gc,heap     ] GC(677) Eden regions: 35->0(35)
[537.492s][info][gc,heap     ] GC(677) Survivor regions: 1->1(5)
[537.492s][info][gc,heap     ] GC(677) Old regions: 39->39
[537.492s][info][gc,heap     ] GC(677) Archive regions: 2->2
[537.492s][info][gc,heap     ] GC(677) Humongous regions: 0->0
[537.492s][info][gc,metaspace] GC(677) Metaspace: 48519K(49744K)->48519K(49744K) NonClass: 42664K(43600K)->42664K(43600K) Class: 5855K(6144K)->5855K(6144K)
[537.492s][info][gc          ] GC(677) Pause Young (Concurrent Start) (G1 Evacuation Pause) 74M->39M(87M) 1.626ms
[537.492s][info][gc,cpu      ] GC(677) User=0.00s Sys=0.00s Real=0.00s
[537.492s][info][gc          ] GC(678) Concurrent Cycle
[537.492s][info][gc,marking  ] GC(678) Concurrent Clear Claimed Marks
[537.492s][info][gc,marking  ] GC(678) Concurrent Clear Claimed Marks 0.047ms
[537.492s][info][gc,marking  ] GC(678) Concurrent Scan Root Regions
[537.494s][info][gc,marking  ] GC(678) Concurrent Scan Root Regions 1.209ms
[537.494s][info][gc,marking  ] GC(678) Concurrent Mark (537.494s)
[537.494s][info][gc,marking  ] GC(678) Concurrent Mark From Roots
[537.494s][info][gc,task     ] GC(678) Using 2 workers of 2 for marking
[537.529s][info][gc,marking  ] GC(678) Concurrent Mark From Roots 35.495ms
[537.529s][info][gc,marking  ] GC(678) Concurrent Preclean
[537.529s][info][gc,marking  ] GC(678) Concurrent Preclean 0.083ms
[537.529s][info][gc,marking  ] GC(678) Concurrent Mark (537.494s, 537.529s) 35.633ms
[537.529s][info][gc,start    ] GC(678) Pause Remark
[537.531s][info][gc          ] GC(678) Pause Remark 43M->43M(87M) 1.830ms
[537.531s][info][gc,cpu      ] GC(678) User=0.00s Sys=0.00s Real=0.00s
[537.532s][info][gc,marking  ] GC(678) Concurrent Rebuild Remembered Sets
[537.551s][info][gc,marking  ] GC(678) Concurrent Rebuild Remembered Sets 19.035ms
[537.552s][info][gc,start    ] GC(678) Pause Cleanup
[537.552s][info][gc          ] GC(678) Pause Cleanup 46M->46M(87M) 0.095ms
[537.552s][info][gc,cpu      ] GC(678) User=0.01s Sys=0.00s Real=0.00s
[537.552s][info][gc,marking  ] GC(678) Concurrent Cleanup for Next Mark
[537.552s][info][gc,marking  ] GC(678) Concurrent Cleanup for Next Mark 0.136ms
[537.552s][info][gc          ] GC(678) Concurrent Cycle 59.778ms
[537.714s][info][gc,start    ] GC(679) Pause Young (Normal) (G1 Evacuation Pause)
[537.714s][info][gc,task     ] GC(679) Using 8 workers of 8 for evacuation
[537.715s][info][gc,phases   ] GC(679)   Pre Evacuate Collection Set: 0.1ms
[537.715s][info][gc,phases   ] GC(679)   Merge Heap Roots: 0.1ms
[537.715s][info][gc,phases   ] GC(679)   Evacuate Collection Set: 0.6ms
[537.715s][info][gc,phases   ] GC(679)   Post Evacuate Collection Set: 0.2ms
[537.715s][info][gc,phases   ] GC(679)   Other: 0.2ms
[537.715s][info][gc,heap     ] GC(679) Eden regions: 35->0(35)
[537.715s][info][gc,heap     ] GC(679) Survivor regions: 1->1(5)
[537.715s][info][gc,heap     ] GC(679) Old regions: 39->39
[537.715s][info][gc,heap     ] GC(679) Archive regions: 2->2
[537.715s][info][gc,heap     ] GC(679) Humongous regions: 0->0
[537.715s][info][gc,metaspace] GC(679) Metaspace: 48519K(49744K)->48519K(49744K) NonClass: 42664K(43600K)->42664K(43600K) Class: 5855K(6144K)->5855K(6144K)
[537.715s][info][gc          ] GC(679) Pause Young (Normal) (G1 Evacuation Pause) 74M->39M(87M) 1.122ms
[537.715s][info][gc,cpu      ] GC(679) User=0.00s Sys=0.00s Real=0.00s
[537.916s][info][gc,start    ] GC(680) Pause Young (Concurrent Start) (G1 Evacuation Pause)
[537.916s][info][gc,task     ] GC(680) Using 8 workers of 8 for evacuation
[537.917s][info][gc,phases   ] GC(680)   Pre Evacuate Collection Set: 0.1ms
[537.917s][info][gc,phases   ] GC(680)   Merge Heap Roots: 0.0ms
[537.917s][info][gc,phases   ] GC(680)   Evacuate Collection Set: 1.0ms
[537.917s][info][gc,phases   ] GC(680)   Post Evacuate Collection Set: 0.2ms
[537.917s][info][gc,phases   ] GC(680)   Other: 0.2ms
[537.917s][info][gc,heap     ] GC(680) Eden regions: 35->0(35)
[537.917s][info][gc,heap     ] GC(680) Survivor regions: 1->1(5)
[537.917s][info][gc,heap     ] GC(680) Old regions: 39->39
[537.917s][info][gc,heap     ] GC(680) Archive regions: 2->2
[537.917s][info][gc,heap     ] GC(680) Humongous regions: 0->0
[537.917s][info][gc,metaspace] GC(680) Metaspace: 48519K(49744K)->48519K(49744K) NonClass: 42664K(43600K)->42664K(43600K) Class: 5855K(6144K)->5855K(6144K)
[537.917s][info][gc          ] GC(680) Pause Young (Concurrent Start) (G1 Evacuation Pause) 74M->39M(87M) 1.702ms
[537.917s][info][gc,cpu      ] GC(680) User=0.00s Sys=0.00s Real=0.00s
[537.917s][info][gc          ] GC(681) Concurrent Cycle
[537.917s][info][gc,marking  ] GC(681) Concurrent Clear Claimed Marks
[537.917s][info][gc,marking  ] GC(681) Concurrent Clear Claimed Marks 0.055ms
[537.917s][info][gc,marking  ] GC(681) Concurrent Scan Root Regions
[537.918s][info][gc,marking  ] GC(681) Concurrent Scan Root Regions 0.690ms
[537.918s][info][gc,marking  ] GC(681) Concurrent Mark (537.918s)
[537.918s][info][gc,marking  ] GC(681) Concurrent Mark From Roots
[537.918s][info][gc,task     ] GC(681) Using 2 workers of 2 for marking
[537.950s][info][gc,marking  ] GC(681) Concurrent Mark From Roots 31.910ms
[537.950s][info][gc,marking  ] GC(681) Concurrent Preclean
[537.950s][info][gc,marking  ] GC(681) Concurrent Preclean 0.116ms
[537.950s][info][gc,marking  ] GC(681) Concurrent Mark (537.918s, 537.950s) 32.106ms
[537.950s][info][gc,start    ] GC(681) Pause Remark
[537.951s][info][gc          ] GC(681) Pause Remark 42M->42M(87M) 1.086ms
[537.952s][info][gc,cpu      ] GC(681) User=0.00s Sys=0.00s Real=0.00s
[537.952s][info][gc,marking  ] GC(681) Concurrent Rebuild Remembered Sets
[537.972s][info][gc,marking  ] GC(681) Concurrent Rebuild Remembered Sets 20.026ms
[537.972s][info][gc,start    ] GC(681) Pause Cleanup
[537.973s][info][gc          ] GC(681) Pause Cleanup 45M->45M(87M) 0.078ms
[537.973s][info][gc,cpu      ] GC(681) User=0.00s Sys=0.00s Real=0.00s
[537.973s][info][gc,marking  ] GC(681) Concurrent Cleanup for Next Mark
[537.973s][info][gc,marking  ] GC(681) Concurrent Cleanup for Next Mark 0.113ms
[537.973s][info][gc          ] GC(681) Concurrent Cycle 55.443ms
[538.293s][info][gc,start    ] GC(682) Pause Young (Normal) (G1 Evacuation Pause)
[538.293s][info][gc,task     ] GC(682) Using 8 workers of 8 for evacuation
[538.295s][info][gc,phases   ] GC(682)   Pre Evacuate Collection Set: 0.0ms
[538.295s][info][gc,phases   ] GC(682)   Merge Heap Roots: 0.0ms
[538.295s][info][gc,phases   ] GC(682)   Evacuate Collection Set: 0.8ms
[538.295s][info][gc,phases   ] GC(682)   Post Evacuate Collection Set: 0.3ms
[538.295s][info][gc,phases   ] GC(682)   Other: 0.2ms
[538.295s][info][gc,heap     ] GC(682) Eden regions: 35->0(35)
[538.295s][info][gc,heap     ] GC(682) Survivor regions: 1->1(5)
[538.295s][info][gc,heap     ] GC(682) Old regions: 39->39
[538.295s][info][gc,heap     ] GC(682) Archive regions: 2->2
[538.295s][info][gc,heap     ] GC(682) Humongous regions: 0->0
[538.295s][info][gc,metaspace] GC(682) Metaspace: 48519K(49744K)->48519K(49744K) NonClass: 42664K(43600K)->42664K(43600K) Class: 5855K(6144K)->5855K(6144K)
[538.295s][info][gc          ] GC(682) Pause Young (Normal) (G1 Evacuation Pause) 74M->39M(87M) 1.518ms
[538.295s][info][gc,cpu      ] GC(682) User=0.00s Sys=0.00s Real=0.00s
[538.512s][info][gc,start    ] GC(683) Pause Young (Concurrent Start) (G1 Evacuation Pause)
[538.512s][info][gc,task     ] GC(683) Using 8 workers of 8 for evacuation
[538.513s][info][gc,phases   ] GC(683)   Pre Evacuate Collection Set: 0.1ms
[538.513s][info][gc,phases   ] GC(683)   Merge Heap Roots: 0.0ms
[538.513s][info][gc,phases   ] GC(683)   Evacuate Collection Set: 0.7ms
[538.513s][info][gc,phases   ] GC(683)   Post Evacuate Collection Set: 0.2ms
[538.513s][info][gc,phases   ] GC(683)   Other: 0.2ms
[538.513s][info][gc,heap     ] GC(683) Eden regions: 35->0(35)
[538.513s][info][gc,heap     ] GC(683) Survivor regions: 1->1(5)
[538.513s][info][gc,heap     ] GC(683) Old regions: 39->39
[538.513s][info][gc,heap     ] GC(683) Archive regions: 2->2
[538.513s][info][gc,heap     ] GC(683) Humongous regions: 0->0
[538.513s][info][gc,metaspace] GC(683) Metaspace: 48530K(49744K)->48530K(49744K) NonClass: 42675K(43600K)->42675K(43600K) Class: 5855K(6144K)->5855K(6144K)
[538.513s][info][gc          ] GC(683) Pause Young (Concurrent Start) (G1 Evacuation Pause) 74M->39M(87M) 1.433ms
[538.513s][info][gc,cpu      ] GC(683) User=0.00s Sys=0.00s Real=0.01s
[538.513s][info][gc          ] GC(684) Concurrent Cycle
[538.513s][info][gc,marking  ] GC(684) Concurrent Clear Claimed Marks
[538.513s][info][gc,marking  ] GC(684) Concurrent Clear Claimed Marks 0.039ms
[538.513s][info][gc,marking  ] GC(684) Concurrent Scan Root Regions
[538.514s][info][gc,marking  ] GC(684) Concurrent Scan Root Regions 0.551ms
[538.514s][info][gc,marking  ] GC(684) Concurrent Mark (538.514s)
[538.514s][info][gc,marking  ] GC(684) Concurrent Mark From Roots
[538.514s][info][gc,task     ] GC(684) Using 2 workers of 2 for marking
[538.544s][info][gc,marking  ] GC(684) Concurrent Mark From Roots 30.118ms
[538.544s][info][gc,marking  ] GC(684) Concurrent Preclean
[538.544s][info][gc,marking  ] GC(684) Concurrent Preclean 0.135ms
[538.544s][info][gc,marking  ] GC(684) Concurrent Mark (538.514s, 538.544s) 30.328ms
[538.545s][info][gc,start    ] GC(684) Pause Remark
[538.546s][info][gc          ] GC(684) Pause Remark 44M->44M(87M) 1.191ms
[538.546s][info][gc,cpu      ] GC(684) User=0.00s Sys=0.00s Real=0.00s
[538.546s][info][gc,marking  ] GC(684) Concurrent Rebuild Remembered Sets
[538.565s][info][gc,marking  ] GC(684) Concurrent Rebuild Remembered Sets 19.606ms
[538.566s][info][gc,start    ] GC(684) Pause Cleanup
[538.567s][info][gc          ] GC(684) Pause Cleanup 44M->44M(87M) 0.145ms
[538.567s][info][gc,cpu      ] GC(684) User=0.00s Sys=0.00s Real=0.00s
[538.567s][info][gc,marking  ] GC(684) Concurrent Cleanup for Next Mark
[538.567s][info][gc,marking  ] GC(684) Concurrent Cleanup for Next Mark 0.166ms
[538.567s][info][gc          ] GC(684) Concurrent Cycle 53.476ms
[538.758s][info][gc,start    ] GC(685) Pause Young (Normal) (G1 Evacuation Pause)
[538.758s][info][gc,task     ] GC(685) Using 8 workers of 8 for evacuation
[538.759s][info][gc,phases   ] GC(685)   Pre Evacuate Collection Set: 0.1ms
[538.759s][info][gc,phases   ] GC(685)   Merge Heap Roots: 0.1ms
[538.759s][info][gc,phases   ] GC(685)   Evacuate Collection Set: 0.8ms
[538.759s][info][gc,phases   ] GC(685)   Post Evacuate Collection Set: 0.3ms
[538.759s][info][gc,phases   ] GC(685)   Other: 0.2ms
[538.759s][info][gc,heap     ] GC(685) Eden regions: 35->0(35)
[538.759s][info][gc,heap     ] GC(685) Survivor regions: 1->1(5)
[538.759s][info][gc,heap     ] GC(685) Old regions: 39->39
[538.759s][info][gc,heap     ] GC(685) Archive regions: 2->2
[538.759s][info][gc,heap     ] GC(685) Humongous regions: 0->0
[538.759s][info][gc,metaspace] GC(685) Metaspace: 48530K(49744K)->48530K(49744K) NonClass: 42675K(43600K)->42675K(43600K) Class: 5855K(6144K)->5855K(6144K)
[538.759s][info][gc          ] GC(685) Pause Young (Normal) (G1 Evacuation Pause) 74M->39M(87M) 1.467ms
[538.759s][info][gc,cpu      ] GC(685) User=0.00s Sys=0.00s Real=0.00s
[538.974s][info][gc,start    ] GC(686) Pause Young (Concurrent Start) (G1 Evacuation Pause)
[538.974s][info][gc,task     ] GC(686) Using 8 workers of 8 for evacuation
[538.975s][info][gc,phases   ] GC(686)   Pre Evacuate Collection Set: 0.1ms
[538.975s][info][gc,phases   ] GC(686)   Merge Heap Roots: 0.0ms
[538.975s][info][gc,phases   ] GC(686)   Evacuate Collection Set: 0.7ms
[538.975s][info][gc,phases   ] GC(686)   Post Evacuate Collection Set: 0.2ms
[538.975s][info][gc,phases   ] GC(686)   Other: 0.2ms
[538.975s][info][gc,heap     ] GC(686) Eden regions: 35->0(35)
[538.975s][info][gc,heap     ] GC(686) Survivor regions: 1->1(5)
[538.975s][info][gc,heap     ] GC(686) Old regions: 39->39
[538.975s][info][gc,heap     ] GC(686) Archive regions: 2->2
[538.975s][info][gc,heap     ] GC(686) Humongous regions: 0->0
[538.975s][info][gc,metaspace] GC(686) Metaspace: 48530K(49744K)->48530K(49744K) NonClass: 42675K(43600K)->42675K(43600K) Class: 5855K(6144K)->5855K(6144K)
[538.975s][info][gc          ] GC(686) Pause Young (Concurrent Start) (G1 Evacuation Pause) 74M->39M(87M) 1.331ms
[538.976s][info][gc,cpu      ] GC(686) User=0.00s Sys=0.00s Real=0.00s
[538.976s][info][gc          ] GC(687) Concurrent Cycle
[538.976s][info][gc,marking  ] GC(687) Concurrent Clear Claimed Marks
[538.976s][info][gc,marking  ] GC(687) Concurrent Clear Claimed Marks 0.034ms
[538.976s][info][gc,marking  ] GC(687) Concurrent Scan Root Regions
[538.976s][info][gc,marking  ] GC(687) Concurrent Scan Root Regions 0.630ms
[538.976s][info][gc,marking  ] GC(687) Concurrent Mark (538.976s)
[538.976s][info][gc,marking  ] GC(687) Concurrent Mark From Roots
[538.976s][info][gc,task     ] GC(687) Using 2 workers of 2 for marking
[539.008s][info][gc,marking  ] GC(687) Concurrent Mark From Roots 31.907ms
[539.008s][info][gc,marking  ] GC(687) Concurrent Preclean
[539.008s][info][gc,marking  ] GC(687) Concurrent Preclean 0.094ms
[539.008s][info][gc,marking  ] GC(687) Concurrent Mark (538.976s, 539.008s) 32.069ms
[539.009s][info][gc,start    ] GC(687) Pause Remark
[539.010s][info][gc          ] GC(687) Pause Remark 44M->44M(87M) 1.326ms
[539.010s][info][gc,cpu      ] GC(687) User=0.01s Sys=0.00s Real=0.00s
[539.010s][info][gc,marking  ] GC(687) Concurrent Rebuild Remembered Sets
[539.033s][info][gc,marking  ] GC(687) Concurrent Rebuild Remembered Sets 23.391ms
[539.035s][info][gc,start    ] GC(687) Pause Cleanup
[539.035s][info][gc          ] GC(687) Pause Cleanup 45M->45M(87M) 0.118ms
[539.035s][info][gc,cpu      ] GC(687) User=0.00s Sys=0.00s Real=0.00s
[539.035s][info][gc,marking  ] GC(687) Concurrent Cleanup for Next Mark
[539.035s][info][gc,marking  ] GC(687) Concurrent Cleanup for Next Mark 0.149ms
[539.035s][info][gc          ] GC(687) Concurrent Cycle 59.885ms
[539.245s][info][gc,start    ] GC(688) Pause Young (Normal) (G1 Evacuation Pause)
[539.245s][info][gc,task     ] GC(688) Using 8 workers of 8 for evacuation
[539.246s][info][gc,phases   ] GC(688)   Pre Evacuate Collection Set: 0.0ms
[539.246s][info][gc,phases   ] GC(688)   Merge Heap Roots: 0.0ms
[539.246s][info][gc,phases   ] GC(688)   Evacuate Collection Set: 0.7ms
[539.246s][info][gc,phases   ] GC(688)   Post Evacuate Collection Set: 0.2ms
[539.246s][info][gc,phases   ] GC(688)   Other: 0.1ms
[539.246s][info][gc,heap     ] GC(688) Eden regions: 35->0(35)
[539.246s][info][gc,heap     ] GC(688) Survivor regions: 1->1(5)
[539.246s][info][gc,heap     ] GC(688) Old regions: 39->39
[539.246s][info][gc,heap     ] GC(688) Archive regions: 2->2
[539.246s][info][gc,heap     ] GC(688) Humongous regions: 0->0
[539.246s][info][gc,metaspace] GC(688) Metaspace: 48531K(49744K)->48531K(49744K) NonClass: 42675K(43600K)->42675K(43600K) Class: 5855K(6144K)->5855K(6144K)
[539.246s][info][gc          ] GC(688) Pause Young (Normal) (G1 Evacuation Pause) 74M->39M(87M) 1.266ms
[539.246s][info][gc,cpu      ] GC(688) User=0.00s Sys=0.00s Real=0.00s
[539.470s][info][gc,start    ] GC(689) Pause Young (Concurrent Start) (G1 Evacuation Pause)
[539.470s][info][gc,task     ] GC(689) Using 8 workers of 8 for evacuation
[539.471s][info][gc,phases   ] GC(689)   Pre Evacuate Collection Set: 0.1ms
[539.471s][info][gc,phases   ] GC(689)   Merge Heap Roots: 0.0ms
[539.471s][info][gc,phases   ] GC(689)   Evacuate Collection Set: 0.6ms
[539.471s][info][gc,phases   ] GC(689)   Post Evacuate Collection Set: 0.2ms
[539.471s][info][gc,phases   ] GC(689)   Other: 0.2ms
[539.471s][info][gc,heap     ] GC(689) Eden regions: 35->0(35)
[539.471s][info][gc,heap     ] GC(689) Survivor regions: 1->1(5)
[539.471s][info][gc,heap     ] GC(689) Old regions: 39->39
[539.471s][info][gc,heap     ] GC(689) Archive regions: 2->2
[539.471s][info][gc,heap     ] GC(689) Humongous regions: 0->0
[539.471s][info][gc,metaspace] GC(689) Metaspace: 48531K(49744K)->48531K(49744K) NonClass: 42675K(43600K)->42675K(43600K) Class: 5855K(6144K)->5855K(6144K)
[539.471s][info][gc          ] GC(689) Pause Young (Concurrent Start) (G1 Evacuation Pause) 74M->39M(87M) 1.127ms
[539.471s][info][gc,cpu      ] GC(689) User=0.01s Sys=0.00s Real=0.00s
[539.471s][info][gc          ] GC(690) Concurrent Cycle
[539.471s][info][gc,marking  ] GC(690) Concurrent Clear Claimed Marks
[539.471s][info][gc,marking  ] GC(690) Concurrent Clear Claimed Marks 0.036ms
[539.471s][info][gc,marking  ] GC(690) Concurrent Scan Root Regions
[539.472s][info][gc,marking  ] GC(690) Concurrent Scan Root Regions 0.621ms
[539.472s][info][gc,marking  ] GC(690) Concurrent Mark (539.472s)
[539.472s][info][gc,marking  ] GC(690) Concurrent Mark From Roots
[539.472s][info][gc,task     ] GC(690) Using 2 workers of 2 for marking
[539.508s][info][gc,marking  ] GC(690) Concurrent Mark From Roots 35.915ms
[539.508s][info][gc,marking  ] GC(690) Concurrent Preclean
[539.508s][info][gc,marking  ] GC(690) Concurrent Preclean 0.119ms
[539.508s][info][gc,marking  ] GC(690) Concurrent Mark (539.472s, 539.508s) 36.106ms
[539.508s][info][gc,start    ] GC(690) Pause Remark
[539.509s][info][gc          ] GC(690) Pause Remark 43M->43M(87M) 1.434ms
[539.509s][info][gc,cpu      ] GC(690) User=0.00s Sys=0.00s Real=0.00s
[539.509s][info][gc,marking  ] GC(690) Concurrent Rebuild Remembered Sets
[539.534s][info][gc,marking  ] GC(690) Concurrent Rebuild Remembered Sets 24.035ms
[539.535s][info][gc,start    ] GC(690) Pause Cleanup
[539.535s][info][gc          ] GC(690) Pause Cleanup 46M->46M(87M) 0.128ms
[539.535s][info][gc,cpu      ] GC(690) User=0.00s Sys=0.00s Real=0.00s
[539.535s][info][gc,marking  ] GC(690) Concurrent Cleanup for Next Mark
[539.536s][info][gc,marking  ] GC(690) Concurrent Cleanup for Next Mark 0.226ms
[539.536s][info][gc          ] GC(690) Concurrent Cycle 64.685ms
[539.727s][info][gc,start    ] GC(691) Pause Young (Normal) (G1 Evacuation Pause)
[539.727s][info][gc,task     ] GC(691) Using 8 workers of 8 for evacuation
[539.729s][info][gc,phases   ] GC(691)   Pre Evacuate Collection Set: 0.0ms
[539.729s][info][gc,phases   ] GC(691)   Merge Heap Roots: 0.1ms
[539.729s][info][gc,phases   ] GC(691)   Evacuate Collection Set: 0.7ms
[539.729s][info][gc,phases   ] GC(691)   Post Evacuate Collection Set: 0.3ms
[539.729s][info][gc,phases   ] GC(691)   Other: 0.2ms
[539.729s][info][gc,heap     ] GC(691) Eden regions: 35->0(35)
[539.729s][info][gc,heap     ] GC(691) Survivor regions: 1->1(5)
[539.729s][info][gc,heap     ] GC(691) Old regions: 39->39
[539.729s][info][gc,heap     ] GC(691) Archive regions: 2->2
[539.729s][info][gc,heap     ] GC(691) Humongous regions: 0->0
[539.729s][info][gc,metaspace] GC(691) Metaspace: 48531K(49744K)->48531K(49744K) NonClass: 42675K(43600K)->42675K(43600K) Class: 5855K(6144K)->5855K(6144K)
[539.729s][info][gc          ] GC(691) Pause Young (Normal) (G1 Evacuation Pause) 74M->39M(87M) 1.285ms
[539.729s][info][gc,cpu      ] GC(691) User=0.00s Sys=0.00s Real=0.00s
[539.959s][info][gc,start    ] GC(692) Pause Young (Concurrent Start) (G1 Evacuation Pause)
[539.960s][info][gc,task     ] GC(692) Using 8 workers of 8 for evacuation
[539.961s][info][gc,phases   ] GC(692)   Pre Evacuate Collection Set: 0.1ms
[539.961s][info][gc,phases   ] GC(692)   Merge Heap Roots: 0.0ms
[539.961s][info][gc,phases   ] GC(692)   Evacuate Collection Set: 0.9ms
[539.961s][info][gc,phases   ] GC(692)   Post Evacuate Collection Set: 0.4ms
[539.961s][info][gc,phases   ] GC(692)   Other: 0.3ms
[539.961s][info][gc,heap     ] GC(692) Eden regions: 35->0(35)
[539.961s][info][gc,heap     ] GC(692) Survivor regions: 1->1(5)
[539.961s][info][gc,heap     ] GC(692) Old regions: 39->39
[539.961s][info][gc,heap     ] GC(692) Archive regions: 2->2
[539.961s][info][gc,heap     ] GC(692) Humongous regions: 0->0
[539.961s][info][gc,metaspace] GC(692) Metaspace: 48531K(49744K)->48531K(49744K) NonClass: 42675K(43600K)->42675K(43600K) Class: 5855K(6144K)->5855K(6144K)
[539.961s][info][gc          ] GC(692) Pause Young (Concurrent Start) (G1 Evacuation Pause) 74M->39M(87M) 1.869ms
[539.961s][info][gc,cpu      ] GC(692) User=0.00s Sys=0.00s Real=0.00s
[539.961s][info][gc          ] GC(693) Concurrent Cycle
[539.961s][info][gc,marking  ] GC(693) Concurrent Clear Claimed Marks
[539.962s][info][gc,marking  ] GC(693) Concurrent Clear Claimed Marks 0.106ms
[539.962s][info][gc,marking  ] GC(693) Concurrent Scan Root Regions
[539.963s][info][gc,marking  ] GC(693) Concurrent Scan Root Regions 1.281ms
[539.963s][info][gc,marking  ] GC(693) Concurrent Mark (539.963s)
[539.963s][info][gc,marking  ] GC(693) Concurrent Mark From Roots
[539.963s][info][gc,task     ] GC(693) Using 2 workers of 2 for marking
[539.996s][info][gc,marking  ] GC(693) Concurrent Mark From Roots 32.576ms
[539.996s][info][gc,marking  ] GC(693) Concurrent Preclean
[539.996s][info][gc,marking  ] GC(693) Concurrent Preclean 0.132ms
[539.996s][info][gc,marking  ] GC(693) Concurrent Mark (539.963s, 539.996s) 32.798ms
[539.996s][info][gc,start    ] GC(693) Pause Remark
[539.997s][info][gc          ] GC(693) Pause Remark 43M->43M(87M) 1.233ms
[539.997s][info][gc,cpu      ] GC(693) User=0.01s Sys=0.00s Real=0.00s
[539.997s][info][gc,marking  ] GC(693) Concurrent Rebuild Remembered Sets
[540.021s][info][gc,marking  ] GC(693) Concurrent Rebuild Remembered Sets 23.556ms
[540.022s][info][gc,start    ] GC(693) Pause Cleanup
[540.022s][info][gc          ] GC(693) Pause Cleanup 46M->46M(87M) 0.100ms
[540.022s][info][gc,cpu      ] GC(693) User=0.00s Sys=0.00s Real=0.00s
[540.022s][info][gc,marking  ] GC(693) Concurrent Cleanup for Next Mark
[540.022s][info][gc,marking  ] GC(693) Concurrent Cleanup for Next Mark 0.138ms
[540.022s][info][gc          ] GC(693) Concurrent Cycle 60.852ms
[540.241s][info][gc,start    ] GC(694) Pause Young (Normal) (G1 Evacuation Pause)
[540.241s][info][gc,task     ] GC(694) Using 8 workers of 8 for evacuation
[540.242s][info][gc,phases   ] GC(694)   Pre Evacuate Collection Set: 0.1ms
[540.242s][info][gc,phases   ] GC(694)   Merge Heap Roots: 0.1ms
[540.242s][info][gc,phases   ] GC(694)   Evacuate Collection Set: 0.7ms
[540.242s][info][gc,phases   ] GC(694)   Post Evacuate Collection Set: 0.2ms
[540.242s][info][gc,phases   ] GC(694)   Other: 0.2ms
[540.242s][info][gc,heap     ] GC(694) Eden regions: 35->0(35)
[540.242s][info][gc,heap     ] GC(694) Survivor regions: 1->1(5)
[540.242s][info][gc,heap     ] GC(694) Old regions: 39->39
[540.242s][info][gc,heap     ] GC(694) Archive regions: 2->2
[540.242s][info][gc,heap     ] GC(694) Humongous regions: 0->0
[540.242s][info][gc,metaspace] GC(694) Metaspace: 48531K(49744K)->48531K(49744K) NonClass: 42675K(43600K)->42675K(43600K) Class: 5855K(6144K)->5855K(6144K)
[540.242s][info][gc          ] GC(694) Pause Young (Normal) (G1 Evacuation Pause) 74M->39M(87M) 1.363ms
[540.242s][info][gc,cpu      ] GC(694) User=0.01s Sys=0.00s Real=0.00s
[540.460s][info][gc,start    ] GC(695) Pause Young (Concurrent Start) (G1 Evacuation Pause)
[540.460s][info][gc,task     ] GC(695) Using 8 workers of 8 for evacuation
[540.462s][info][gc,phases   ] GC(695)   Pre Evacuate Collection Set: 0.1ms
[540.462s][info][gc,phases   ] GC(695)   Merge Heap Roots: 0.0ms
[540.462s][info][gc,phases   ] GC(695)   Evacuate Collection Set: 1.0ms
[540.462s][info][gc,phases   ] GC(695)   Post Evacuate Collection Set: 0.2ms
[540.462s][info][gc,phases   ] GC(695)   Other: 0.3ms
[540.462s][info][gc,heap     ] GC(695) Eden regions: 35->0(35)
[540.462s][info][gc,heap     ] GC(695) Survivor regions: 1->1(5)
[540.462s][info][gc,heap     ] GC(695) Old regions: 39->39
[540.462s][info][gc,heap     ] GC(695) Archive regions: 2->2
[540.462s][info][gc,heap     ] GC(695) Humongous regions: 0->0
[540.462s][info][gc,metaspace] GC(695) Metaspace: 48531K(49744K)->48531K(49744K) NonClass: 42675K(43600K)->42675K(43600K) Class: 5855K(6144K)->5855K(6144K)
[540.462s][info][gc          ] GC(695) Pause Young (Concurrent Start) (G1 Evacuation Pause) 74M->39M(87M) 1.842ms
[540.462s][info][gc,cpu      ] GC(695) User=0.01s Sys=0.00s Real=0.00s
[540.462s][info][gc          ] GC(696) Concurrent Cycle
[540.462s][info][gc,marking  ] GC(696) Concurrent Clear Claimed Marks
[540.462s][info][gc,marking  ] GC(696) Concurrent Clear Claimed Marks 0.040ms
[540.462s][info][gc,marking  ] GC(696) Concurrent Scan Root Regions
[540.464s][info][gc,marking  ] GC(696) Concurrent Scan Root Regions 1.983ms
[540.464s][info][gc,marking  ] GC(696) Concurrent Mark (540.464s)
[540.464s][info][gc,marking  ] GC(696) Concurrent Mark From Roots
[540.464s][info][gc,task     ] GC(696) Using 2 workers of 2 for marking
[540.499s][info][gc,marking  ] GC(696) Concurrent Mark From Roots 34.590ms
[540.499s][info][gc,marking  ] GC(696) Concurrent Preclean
[540.499s][info][gc,marking  ] GC(696) Concurrent Preclean 0.101ms
[540.499s][info][gc,marking  ] GC(696) Concurrent Mark (540.464s, 540.499s) 34.771ms
[540.499s][info][gc,start    ] GC(696) Pause Remark
[540.500s][info][gc          ] GC(696) Pause Remark 44M->44M(87M) 1.155ms
[540.500s][info][gc,cpu      ] GC(696) User=0.00s Sys=0.00s Real=0.00s
[540.500s][info][gc,marking  ] GC(696) Concurrent Rebuild Remembered Sets
[540.520s][info][gc,marking  ] GC(696) Concurrent Rebuild Remembered Sets 20.188ms
[540.521s][info][gc,start    ] GC(696) Pause Cleanup
[540.522s][info][gc          ] GC(696) Pause Cleanup 46M->46M(87M) 0.100ms
[540.522s][info][gc,cpu      ] GC(696) User=0.00s Sys=0.00s Real=0.00s
[540.522s][info][gc,marking  ] GC(696) Concurrent Cleanup for Next Mark
[540.522s][info][gc,marking  ] GC(696) Concurrent Cleanup for Next Mark 0.151ms
[540.522s][info][gc          ] GC(696) Concurrent Cycle 59.904ms
[540.686s][info][gc,start    ] GC(697) Pause Young (Normal) (G1 Evacuation Pause)
[540.686s][info][gc,task     ] GC(697) Using 8 workers of 8 for evacuation
[540.687s][info][gc,phases   ] GC(697)   Pre Evacuate Collection Set: 0.0ms
[540.687s][info][gc,phases   ] GC(697)   Merge Heap Roots: 0.0ms
[540.687s][info][gc,phases   ] GC(697)   Evacuate Collection Set: 0.5ms
[540.687s][info][gc,phases   ] GC(697)   Post Evacuate Collection Set: 0.2ms
[540.687s][info][gc,phases   ] GC(697)   Other: 0.1ms
[540.687s][info][gc,heap     ] GC(697) Eden regions: 35->0(35)
[540.687s][info][gc,heap     ] GC(697) Survivor regions: 1->1(5)
[540.687s][info][gc,heap     ] GC(697) Old regions: 39->39
[540.687s][info][gc,heap     ] GC(697) Archive regions: 2->2
[540.687s][info][gc,heap     ] GC(697) Humongous regions: 0->0
[540.687s][info][gc,metaspace] GC(697) Metaspace: 48531K(49744K)->48531K(49744K) NonClass: 42675K(43600K)->42675K(43600K) Class: 5855K(6144K)->5855K(6144K)
[540.687s][info][gc          ] GC(697) Pause Young (Normal) (G1 Evacuation Pause) 74M->39M(87M) 0.969ms
[540.687s][info][gc,cpu      ] GC(697) User=0.00s Sys=0.00s Real=0.00s
[540.906s][info][gc,start    ] GC(698) Pause Young (Concurrent Start) (G1 Evacuation Pause)
[540.906s][info][gc,task     ] GC(698) Using 8 workers of 8 for evacuation
[540.908s][info][gc,phases   ] GC(698)   Pre Evacuate Collection Set: 0.1ms
[540.908s][info][gc,phases   ] GC(698)   Merge Heap Roots: 0.0ms
[540.908s][info][gc,phases   ] GC(698)   Evacuate Collection Set: 0.7ms
[540.908s][info][gc,phases   ] GC(698)   Post Evacuate Collection Set: 0.2ms
[540.908s][info][gc,phases   ] GC(698)   Other: 0.2ms
[540.908s][info][gc,heap     ] GC(698) Eden regions: 35->0(35)
[540.908s][info][gc,heap     ] GC(698) Survivor regions: 1->1(5)
[540.908s][info][gc,heap     ] GC(698) Old regions: 39->39
[540.908s][info][gc,heap     ] GC(698) Archive regions: 2->2
[540.908s][info][gc,heap     ] GC(698) Humongous regions: 0->0
[540.908s][info][gc,metaspace] GC(698) Metaspace: 48531K(49744K)->48531K(49744K) NonClass: 42675K(43600K)->42675K(43600K) Class: 5855K(6144K)->5855K(6144K)
[540.908s][info][gc          ] GC(698) Pause Young (Concurrent Start) (G1 Evacuation Pause) 74M->39M(87M) 1.326ms
[540.908s][info][gc,cpu      ] GC(698) User=0.00s Sys=0.00s Real=0.00s
[540.908s][info][gc          ] GC(699) Concurrent Cycle
[540.908s][info][gc,marking  ] GC(699) Concurrent Clear Claimed Marks
[540.908s][info][gc,marking  ] GC(699) Concurrent Clear Claimed Marks 0.059ms
[540.908s][info][gc,marking  ] GC(699) Concurrent Scan Root Regions
[540.909s][info][gc,marking  ] GC(699) Concurrent Scan Root Regions 0.912ms
[540.909s][info][gc,marking  ] GC(699) Concurrent Mark (540.909s)
[540.909s][info][gc,marking  ] GC(699) Concurrent Mark From Roots
[540.909s][info][gc,task     ] GC(699) Using 2 workers of 2 for marking
[540.940s][info][gc,marking  ] GC(699) Concurrent Mark From Roots 31.070ms
[540.940s][info][gc,marking  ] GC(699) Concurrent Preclean
[540.940s][info][gc,marking  ] GC(699) Concurrent Preclean 0.129ms
[540.940s][info][gc,marking  ] GC(699) Concurrent Mark (540.909s, 540.940s) 31.301ms
[540.940s][info][gc,start    ] GC(699) Pause Remark
[540.942s][info][gc          ] GC(699) Pause Remark 43M->43M(87M) 1.576ms
[540.942s][info][gc,cpu      ] GC(699) User=0.01s Sys=0.00s Real=0.00s
[540.942s][info][gc,marking  ] GC(699) Concurrent Rebuild Remembered Sets
[540.963s][info][gc,marking  ] GC(699) Concurrent Rebuild Remembered Sets 21.096ms
[540.965s][info][gc,start    ] GC(699) Pause Cleanup
[540.965s][info][gc          ] GC(699) Pause Cleanup 47M->47M(87M) 0.168ms
[540.965s][info][gc,cpu      ] GC(699) User=0.00s Sys=0.00s Real=0.00s
[540.965s][info][gc,marking  ] GC(699) Concurrent Cleanup for Next Mark
[540.965s][info][gc,marking  ] GC(699) Concurrent Cleanup for Next Mark 0.259ms
[540.965s][info][gc          ] GC(699) Concurrent Cycle 57.509ms
[541.152s][info][gc,start    ] GC(700) Pause Young (Normal) (G1 Evacuation Pause)
[541.152s][info][gc,task     ] GC(700) Using 8 workers of 8 for evacuation
[541.152s][info][gc,phases   ] GC(700)   Pre Evacuate Collection Set: 0.1ms
[541.152s][info][gc,phases   ] GC(700)   Merge Heap Roots: 0.0ms
[541.152s][info][gc,phases   ] GC(700)   Evacuate Collection Set: 0.5ms
[541.153s][info][gc,phases   ] GC(700)   Post Evacuate Collection Set: 0.2ms
[541.153s][info][gc,phases   ] GC(700)   Other: 0.1ms
[541.153s][info][gc,heap     ] GC(700) Eden regions: 35->0(35)
[541.153s][info][gc,heap     ] GC(700) Survivor regions: 1->1(5)
[541.153s][info][gc,heap     ] GC(700) Old regions: 39->39
[541.153s][info][gc,heap     ] GC(700) Archive regions: 2->2
[541.153s][info][gc,heap     ] GC(700) Humongous regions: 0->0
[541.153s][info][gc,metaspace] GC(700) Metaspace: 48531K(49744K)->48531K(49744K) NonClass: 42675K(43600K)->42675K(43600K) Class: 5855K(6144K)->5855K(6144K)
[541.153s][info][gc          ] GC(700) Pause Young (Normal) (G1 Evacuation Pause) 74M->39M(87M) 1.025ms
[541.153s][info][gc,cpu      ] GC(700) User=0.01s Sys=0.00s Real=0.00s
[541.386s][info][gc,start    ] GC(701) Pause Young (Concurrent Start) (G1 Evacuation Pause)
[541.386s][info][gc,task     ] GC(701) Using 8 workers of 8 for evacuation
[541.387s][info][gc,phases   ] GC(701)   Pre Evacuate Collection Set: 0.1ms
[541.387s][info][gc,phases   ] GC(701)   Merge Heap Roots: 0.0ms
[541.387s][info][gc,phases   ] GC(701)   Evacuate Collection Set: 0.6ms
[541.387s][info][gc,phases   ] GC(701)   Post Evacuate Collection Set: 0.2ms
[541.387s][info][gc,phases   ] GC(701)   Other: 0.2ms
[541.387s][info][gc,heap     ] GC(701) Eden regions: 35->0(35)
[541.387s][info][gc,heap     ] GC(701) Survivor regions: 1->1(5)
[541.387s][info][gc,heap     ] GC(701) Old regions: 39->39
[541.387s][info][gc,heap     ] GC(701) Archive regions: 2->2
[541.387s][info][gc,heap     ] GC(701) Humongous regions: 0->0
[541.387s][info][gc,metaspace] GC(701) Metaspace: 48531K(49744K)->48531K(49744K) NonClass: 42675K(43600K)->42675K(43600K) Class: 5855K(6144K)->5855K(6144K)
[541.387s][info][gc          ] GC(701) Pause Young (Concurrent Start) (G1 Evacuation Pause) 74M->39M(87M) 1.185ms
[541.387s][info][gc,cpu      ] GC(701) User=0.01s Sys=0.00s Real=0.00s
[541.387s][info][gc          ] GC(702) Concurrent Cycle
[541.387s][info][gc,marking  ] GC(702) Concurrent Clear Claimed Marks
[541.387s][info][gc,marking  ] GC(702) Concurrent Clear Claimed Marks 0.033ms
[541.387s][info][gc,marking  ] GC(702) Concurrent Scan Root Regions
[541.388s][info][gc,marking  ] GC(702) Concurrent Scan Root Regions 0.592ms
[541.388s][info][gc,marking  ] GC(702) Concurrent Mark (541.388s)
[541.388s][info][gc,marking  ] GC(702) Concurrent Mark From Roots
[541.388s][info][gc,task     ] GC(702) Using 2 workers of 2 for marking
[541.424s][info][gc,marking  ] GC(702) Concurrent Mark From Roots 36.309ms
[541.424s][info][gc,marking  ] GC(702) Concurrent Preclean
[541.424s][info][gc,marking  ] GC(702) Concurrent Preclean 0.076ms
[541.424s][info][gc,marking  ] GC(702) Concurrent Mark (541.388s, 541.424s) 36.440ms
[541.424s][info][gc,start    ] GC(702) Pause Remark
[541.425s][info][gc          ] GC(702) Pause Remark 44M->44M(87M) 1.143ms
[541.425s][info][gc,cpu      ] GC(702) User=0.00s Sys=0.00s Real=0.00s
[541.425s][info][gc,marking  ] GC(702) Concurrent Rebuild Remembered Sets
[541.452s][info][gc,marking  ] GC(702) Concurrent Rebuild Remembered Sets 26.376ms
[541.453s][info][gc,start    ] GC(702) Pause Cleanup
[541.454s][info][gc          ] GC(702) Pause Cleanup 48M->48M(87M) 0.096ms
[541.454s][info][gc,cpu      ] GC(702) User=0.00s Sys=0.00s Real=0.00s
[541.454s][info][gc,marking  ] GC(702) Concurrent Cleanup for Next Mark
[541.454s][info][gc,marking  ] GC(702) Concurrent Cleanup for Next Mark 0.163ms
[541.454s][info][gc          ] GC(702) Concurrent Cycle 66.936ms
[541.613s][info][gc,start    ] GC(703) Pause Young (Normal) (G1 Evacuation Pause)
[541.613s][info][gc,task     ] GC(703) Using 8 workers of 8 for evacuation
[541.615s][info][gc,phases   ] GC(703)   Pre Evacuate Collection Set: 0.1ms
[541.615s][info][gc,phases   ] GC(703)   Merge Heap Roots: 0.0ms
[541.615s][info][gc,phases   ] GC(703)   Evacuate Collection Set: 0.6ms
[541.615s][info][gc,phases   ] GC(703)   Post Evacuate Collection Set: 0.3ms
[541.615s][info][gc,phases   ] GC(703)   Other: 0.2ms
[541.615s][info][gc,heap     ] GC(703) Eden regions: 35->0(35)
[541.615s][info][gc,heap     ] GC(703) Survivor regions: 1->1(5)
[541.615s][info][gc,heap     ] GC(703) Old regions: 39->39
[541.615s][info][gc,heap     ] GC(703) Archive regions: 2->2
[541.615s][info][gc,heap     ] GC(703) Humongous regions: 0->0
[541.615s][info][gc,metaspace] GC(703) Metaspace: 48531K(49744K)->48531K(49744K) NonClass: 42675K(43600K)->42675K(43600K) Class: 5855K(6144K)->5855K(6144K)
[541.615s][info][gc          ] GC(703) Pause Young (Normal) (G1 Evacuation Pause) 74M->39M(87M) 1.231ms
[541.615s][info][gc,cpu      ] GC(703) User=0.00s Sys=0.01s Real=0.00s
[541.828s][info][gc,start    ] GC(704) Pause Young (Concurrent Start) (G1 Evacuation Pause)
[541.828s][info][gc,task     ] GC(704) Using 8 workers of 8 for evacuation
[541.830s][info][gc,phases   ] GC(704)   Pre Evacuate Collection Set: 0.1ms
[541.830s][info][gc,phases   ] GC(704)   Merge Heap Roots: 0.0ms
[541.830s][info][gc,phases   ] GC(704)   Evacuate Collection Set: 0.6ms
[541.830s][info][gc,phases   ] GC(704)   Post Evacuate Collection Set: 0.2ms
[541.830s][info][gc,phases   ] GC(704)   Other: 0.2ms
[541.830s][info][gc,heap     ] GC(704) Eden regions: 35->0(35)
[541.830s][info][gc,heap     ] GC(704) Survivor regions: 1->1(5)
[541.830s][info][gc,heap     ] GC(704) Old regions: 39->39
[541.830s][info][gc,heap     ] GC(704) Archive regions: 2->2
[541.830s][info][gc,heap     ] GC(704) Humongous regions: 0->0
[541.830s][info][gc,metaspace] GC(704) Metaspace: 48531K(49744K)->48531K(49744K) NonClass: 42675K(43600K)->42675K(43600K) Class: 5855K(6144K)->5855K(6144K)
[541.830s][info][gc          ] GC(704) Pause Young (Concurrent Start) (G1 Evacuation Pause) 74M->39M(87M) 1.351ms
[541.830s][info][gc,cpu      ] GC(704) User=0.01s Sys=0.00s Real=0.00s
[541.830s][info][gc          ] GC(705) Concurrent Cycle
[541.830s][info][gc,marking  ] GC(705) Concurrent Clear Claimed Marks
[541.830s][info][gc,marking  ] GC(705) Concurrent Clear Claimed Marks 0.047ms
[541.830s][info][gc,marking  ] GC(705) Concurrent Scan Root Regions
[541.832s][info][gc,marking  ] GC(705) Concurrent Scan Root Regions 2.136ms
[541.832s][info][gc,marking  ] GC(705) Concurrent Mark (541.832s)
[541.832s][info][gc,marking  ] GC(705) Concurrent Mark From Roots
[541.832s][info][gc,task     ] GC(705) Using 2 workers of 2 for marking
[541.884s][info][gc,marking  ] GC(705) Concurrent Mark From Roots 51.695ms
[541.884s][info][gc,marking  ] GC(705) Concurrent Preclean
[541.884s][info][gc,marking  ] GC(705) Concurrent Preclean 0.115ms
[541.884s][info][gc,marking  ] GC(705) Concurrent Mark (541.832s, 541.884s) 51.882ms
[541.884s][info][gc,start    ] GC(705) Pause Remark
[541.886s][info][gc          ] GC(705) Pause Remark 46M->46M(87M) 1.491ms
[541.886s][info][gc,cpu      ] GC(705) User=0.01s Sys=0.00s Real=0.00s
[541.886s][info][gc,marking  ] GC(705) Concurrent Rebuild Remembered Sets
[541.918s][info][gc,marking  ] GC(705) Concurrent Rebuild Remembered Sets 32.149ms
[541.919s][info][gc,start    ] GC(705) Pause Cleanup
[541.919s][info][gc          ] GC(705) Pause Cleanup 51M->51M(87M) 0.108ms
[541.919s][info][gc,cpu      ] GC(705) User=0.00s Sys=0.00s Real=0.00s
[541.919s][info][gc,marking  ] GC(705) Concurrent Cleanup for Next Mark
[541.919s][info][gc,marking  ] GC(705) Concurrent Cleanup for Next Mark 0.197ms
[541.919s][info][gc          ] GC(705) Concurrent Cycle 89.582ms
[542.100s][info][gc,start    ] GC(706) Pause Young (Normal) (G1 Evacuation Pause)
[542.100s][info][gc,task     ] GC(706) Using 8 workers of 8 for evacuation
[542.101s][info][gc,phases   ] GC(706)   Pre Evacuate Collection Set: 0.0ms
[542.101s][info][gc,phases   ] GC(706)   Merge Heap Roots: 0.0ms
[542.101s][info][gc,phases   ] GC(706)   Evacuate Collection Set: 0.5ms
[542.101s][info][gc,phases   ] GC(706)   Post Evacuate Collection Set: 0.2ms
[542.101s][info][gc,phases   ] GC(706)   Other: 0.1ms
[542.101s][info][gc,heap     ] GC(706) Eden regions: 35->0(35)
[542.101s][info][gc,heap     ] GC(706) Survivor regions: 1->1(5)
[542.101s][info][gc,heap     ] GC(706) Old regions: 39->39
[542.101s][info][gc,heap     ] GC(706) Archive regions: 2->2
[542.101s][info][gc,heap     ] GC(706) Humongous regions: 0->0
[542.101s][info][gc,metaspace] GC(706) Metaspace: 48531K(49744K)->48531K(49744K) NonClass: 42675K(43600K)->42675K(43600K) Class: 5855K(6144K)->5855K(6144K)
[542.101s][info][gc          ] GC(706) Pause Young (Normal) (G1 Evacuation Pause) 74M->39M(87M) 0.993ms
[542.101s][info][gc,cpu      ] GC(706) User=0.00s Sys=0.00s Real=0.00s
[542.348s][info][gc,start    ] GC(707) Pause Young (Concurrent Start) (G1 Evacuation Pause)
[542.348s][info][gc,task     ] GC(707) Using 8 workers of 8 for evacuation
[542.350s][info][gc,phases   ] GC(707)   Pre Evacuate Collection Set: 0.1ms
[542.350s][info][gc,phases   ] GC(707)   Merge Heap Roots: 0.0ms
[542.350s][info][gc,phases   ] GC(707)   Evacuate Collection Set: 0.7ms
[542.350s][info][gc,phases   ] GC(707)   Post Evacuate Collection Set: 0.2ms
[542.350s][info][gc,phases   ] GC(707)   Other: 0.2ms
[542.350s][info][gc,heap     ] GC(707) Eden regions: 35->0(35)
[542.350s][info][gc,heap     ] GC(707) Survivor regions: 1->1(5)
[542.350s][info][gc,heap     ] GC(707) Old regions: 39->39
[542.350s][info][gc,heap     ] GC(707) Archive regions: 2->2
[542.350s][info][gc,heap     ] GC(707) Humongous regions: 0->0
[542.350s][info][gc,metaspace] GC(707) Metaspace: 48531K(49744K)->48531K(49744K) NonClass: 42675K(43600K)->42675K(43600K) Class: 5855K(6144K)->5855K(6144K)
[542.350s][info][gc          ] GC(707) Pause Young (Concurrent Start) (G1 Evacuation Pause) 74M->39M(87M) 1.256ms
[542.350s][info][gc,cpu      ] GC(707) User=0.01s Sys=0.00s Real=0.00s
[542.350s][info][gc          ] GC(708) Concurrent Cycle
[542.350s][info][gc,marking  ] GC(708) Concurrent Clear Claimed Marks
[542.350s][info][gc,marking  ] GC(708) Concurrent Clear Claimed Marks 0.059ms
[542.350s][info][gc,marking  ] GC(708) Concurrent Scan Root Regions
[542.351s][info][gc,marking  ] GC(708) Concurrent Scan Root Regions 1.090ms
[542.351s][info][gc,marking  ] GC(708) Concurrent Mark (542.351s)
[542.351s][info][gc,marking  ] GC(708) Concurrent Mark From Roots
[542.351s][info][gc,task     ] GC(708) Using 2 workers of 2 for marking
[542.382s][info][gc,marking  ] GC(708) Concurrent Mark From Roots 31.342ms
[542.382s][info][gc,marking  ] GC(708) Concurrent Preclean
[542.382s][info][gc,marking  ] GC(708) Concurrent Preclean 0.095ms
[542.382s][info][gc,marking  ] GC(708) Concurrent Mark (542.351s, 542.382s) 31.508ms
[542.383s][info][gc,start    ] GC(708) Pause Remark
[542.384s][info][gc          ] GC(708) Pause Remark 44M->44M(87M) 1.109ms
[542.384s][info][gc,cpu      ] GC(708) User=0.01s Sys=0.00s Real=0.01s
[542.384s][info][gc,marking  ] GC(708) Concurrent Rebuild Remembered Sets
[542.402s][info][gc,marking  ] GC(708) Concurrent Rebuild Remembered Sets 18.362ms
[542.404s][info][gc,start    ] GC(708) Pause Cleanup
[542.404s][info][gc          ] GC(708) Pause Cleanup 46M->46M(87M) 0.114ms
[542.404s][info][gc,cpu      ] GC(708) User=0.00s Sys=0.00s Real=0.00s
[542.404s][info][gc,marking  ] GC(708) Concurrent Cleanup for Next Mark
[542.404s][info][gc,marking  ] GC(708) Concurrent Cleanup for Next Mark 0.112ms
[542.404s][info][gc          ] GC(708) Concurrent Cycle 54.222ms
[542.584s][info][gc,start    ] GC(709) Pause Young (Normal) (G1 Evacuation Pause)
[542.584s][info][gc,task     ] GC(709) Using 8 workers of 8 for evacuation
[542.585s][info][gc,phases   ] GC(709)   Pre Evacuate Collection Set: 0.0ms
[542.585s][info][gc,phases   ] GC(709)   Merge Heap Roots: 0.1ms
[542.585s][info][gc,phases   ] GC(709)   Evacuate Collection Set: 0.5ms
[542.585s][info][gc,phases   ] GC(709)   Post Evacuate Collection Set: 0.2ms
[542.585s][info][gc,phases   ] GC(709)   Other: 0.1ms
[542.585s][info][gc,heap     ] GC(709) Eden regions: 35->0(35)
[542.585s][info][gc,heap     ] GC(709) Survivor regions: 1->1(5)
[542.585s][info][gc,heap     ] GC(709) Old regions: 39->39
[542.585s][info][gc,heap     ] GC(709) Archive regions: 2->2
[542.585s][info][gc,heap     ] GC(709) Humongous regions: 0->0
[542.585s][info][gc,metaspace] GC(709) Metaspace: 48531K(49744K)->48531K(49744K) NonClass: 42675K(43600K)->42675K(43600K) Class: 5855K(6144K)->5855K(6144K)
[542.585s][info][gc          ] GC(709) Pause Young (Normal) (G1 Evacuation Pause) 74M->39M(87M) 1.067ms
[542.585s][info][gc,cpu      ] GC(709) User=0.01s Sys=0.00s Real=0.00s
[542.832s][info][gc,start    ] GC(710) Pause Young (Concurrent Start) (G1 Evacuation Pause)
[542.832s][info][gc,task     ] GC(710) Using 8 workers of 8 for evacuation
[542.833s][info][gc,phases   ] GC(710)   Pre Evacuate Collection Set: 0.1ms
[542.833s][info][gc,phases   ] GC(710)   Merge Heap Roots: 0.0ms
[542.833s][info][gc,phases   ] GC(710)   Evacuate Collection Set: 0.6ms
[542.833s][info][gc,phases   ] GC(710)   Post Evacuate Collection Set: 0.2ms
[542.833s][info][gc,phases   ] GC(710)   Other: 0.1ms
[542.833s][info][gc,heap     ] GC(710) Eden regions: 35->0(35)
[542.833s][info][gc,heap     ] GC(710) Survivor regions: 1->1(5)
[542.833s][info][gc,heap     ] GC(710) Old regions: 39->39
[542.833s][info][gc,heap     ] GC(710) Archive regions: 2->2
[542.833s][info][gc,heap     ] GC(710) Humongous regions: 0->0
[542.833s][info][gc,metaspace] GC(710) Metaspace: 48531K(49744K)->48531K(49744K) NonClass: 42675K(43600K)->42675K(43600K) Class: 5855K(6144K)->5855K(6144K)
[542.833s][info][gc          ] GC(710) Pause Young (Concurrent Start) (G1 Evacuation Pause) 74M->39M(87M) 1.137ms
[542.833s][info][gc,cpu      ] GC(710) User=0.00s Sys=0.00s Real=0.01s
[542.833s][info][gc          ] GC(711) Concurrent Cycle
[542.833s][info][gc,marking  ] GC(711) Concurrent Clear Claimed Marks
[542.833s][info][gc,marking  ] GC(711) Concurrent Clear Claimed Marks 0.041ms
[542.833s][info][gc,marking  ] GC(711) Concurrent Scan Root Regions
[542.834s][info][gc,marking  ] GC(711) Concurrent Scan Root Regions 0.946ms
[542.834s][info][gc,marking  ] GC(711) Concurrent Mark (542.834s)
[542.834s][info][gc,marking  ] GC(711) Concurrent Mark From Roots
[542.834s][info][gc,task     ] GC(711) Using 2 workers of 2 for marking
[542.871s][info][gc,marking  ] GC(711) Concurrent Mark From Roots 36.154ms
[542.871s][info][gc,marking  ] GC(711) Concurrent Preclean
[542.871s][info][gc,marking  ] GC(711) Concurrent Preclean 0.080ms
[542.871s][info][gc,marking  ] GC(711) Concurrent Mark (542.834s, 542.871s) 36.296ms
[542.871s][info][gc,start    ] GC(711) Pause Remark
[542.872s][info][gc          ] GC(711) Pause Remark 44M->44M(87M) 1.192ms
[542.872s][info][gc,cpu      ] GC(711) User=0.00s Sys=0.00s Real=0.00s
[542.872s][info][gc,marking  ] GC(711) Concurrent Rebuild Remembered Sets
[542.909s][info][gc,marking  ] GC(711) Concurrent Rebuild Remembered Sets 36.654ms
[542.910s][info][gc,start    ] GC(711) Pause Cleanup
[542.910s][info][gc          ] GC(711) Pause Cleanup 50M->50M(87M) 0.087ms
[542.910s][info][gc,cpu      ] GC(711) User=0.00s Sys=0.00s Real=0.00s
[542.910s][info][gc,marking  ] GC(711) Concurrent Cleanup for Next Mark
[542.910s][info][gc,marking  ] GC(711) Concurrent Cleanup for Next Mark 0.149ms
[542.910s][info][gc          ] GC(711) Concurrent Cycle 76.639ms
[543.087s][info][gc,start    ] GC(712) Pause Young (Normal) (G1 Evacuation Pause)
[543.087s][info][gc,task     ] GC(712) Using 8 workers of 8 for evacuation
[543.088s][info][gc,phases   ] GC(712)   Pre Evacuate Collection Set: 0.0ms
[543.088s][info][gc,phases   ] GC(712)   Merge Heap Roots: 0.0ms
[543.088s][info][gc,phases   ] GC(712)   Evacuate Collection Set: 0.6ms
[543.088s][info][gc,phases   ] GC(712)   Post Evacuate Collection Set: 0.2ms
[543.088s][info][gc,phases   ] GC(712)   Other: 0.2ms
[543.088s][info][gc,heap     ] GC(712) Eden regions: 35->0(35)
[543.088s][info][gc,heap     ] GC(712) Survivor regions: 1->1(5)
[543.088s][info][gc,heap     ] GC(712) Old regions: 39->39
[543.088s][info][gc,heap     ] GC(712) Archive regions: 2->2
[543.089s][info][gc,heap     ] GC(712) Humongous regions: 0->0
[543.089s][info][gc,metaspace] GC(712) Metaspace: 48531K(49744K)->48531K(49744K) NonClass: 42675K(43600K)->42675K(43600K) Class: 5855K(6144K)->5855K(6144K)
[543.089s][info][gc          ] GC(712) Pause Young (Normal) (G1 Evacuation Pause) 74M->39M(87M) 1.218ms
[543.089s][info][gc,cpu      ] GC(712) User=0.00s Sys=0.00s Real=0.00s
[543.366s][info][gc,start    ] GC(713) Pause Young (Concurrent Start) (G1 Evacuation Pause)
[543.366s][info][gc,task     ] GC(713) Using 8 workers of 8 for evacuation
[543.367s][info][gc,phases   ] GC(713)   Pre Evacuate Collection Set: 0.1ms
[543.367s][info][gc,phases   ] GC(713)   Merge Heap Roots: 0.0ms
[543.367s][info][gc,phases   ] GC(713)   Evacuate Collection Set: 0.6ms
[543.367s][info][gc,phases   ] GC(713)   Post Evacuate Collection Set: 0.2ms
[543.367s][info][gc,phases   ] GC(713)   Other: 0.2ms
[543.367s][info][gc,heap     ] GC(713) Eden regions: 35->0(35)
[543.367s][info][gc,heap     ] GC(713) Survivor regions: 1->1(5)
[543.367s][info][gc,heap     ] GC(713) Old regions: 39->39
[543.367s][info][gc,heap     ] GC(713) Archive regions: 2->2
[543.367s][info][gc,heap     ] GC(713) Humongous regions: 0->0
[543.367s][info][gc,metaspace] GC(713) Metaspace: 48531K(49744K)->48531K(49744K) NonClass: 42675K(43600K)->42675K(43600K) Class: 5855K(6144K)->5855K(6144K)
[543.367s][info][gc          ] GC(713) Pause Young (Concurrent Start) (G1 Evacuation Pause) 74M->39M(87M) 1.172ms
[543.367s][info][gc,cpu      ] GC(713) User=0.01s Sys=0.00s Real=0.00s
[543.367s][info][gc          ] GC(714) Concurrent Cycle
[543.367s][info][gc,marking  ] GC(714) Concurrent Clear Claimed Marks
[543.367s][info][gc,marking  ] GC(714) Concurrent Clear Claimed Marks 0.033ms
[543.367s][info][gc,marking  ] GC(714) Concurrent Scan Root Regions
[543.368s][info][gc,marking  ] GC(714) Concurrent Scan Root Regions 0.936ms
[543.368s][info][gc,marking  ] GC(714) Concurrent Mark (543.368s)
[543.368s][info][gc,marking  ] GC(714) Concurrent Mark From Roots
[543.368s][info][gc,task     ] GC(714) Using 2 workers of 2 for marking
[543.399s][info][gc,marking  ] GC(714) Concurrent Mark From Roots 30.663ms
[543.399s][info][gc,marking  ] GC(714) Concurrent Preclean
[543.399s][info][gc,marking  ] GC(714) Concurrent Preclean 0.192ms
[543.399s][info][gc,marking  ] GC(714) Concurrent Mark (543.368s, 543.399s) 30.951ms
[543.400s][info][gc,start    ] GC(714) Pause Remark
[543.401s][info][gc          ] GC(714) Pause Remark 44M->44M(87M) 1.190ms
[543.401s][info][gc,cpu      ] GC(714) User=0.01s Sys=0.00s Real=0.00s
[543.401s][info][gc,marking  ] GC(714) Concurrent Rebuild Remembered Sets
[543.419s][info][gc,marking  ] GC(714) Concurrent Rebuild Remembered Sets 18.254ms
[543.421s][info][gc,start    ] GC(714) Pause Cleanup
[543.421s][info][gc          ] GC(714) Pause Cleanup 46M->46M(87M) 0.148ms
[543.421s][info][gc,cpu      ] GC(714) User=0.00s Sys=0.00s Real=0.00s
[543.421s][info][gc,marking  ] GC(714) Concurrent Cleanup for Next Mark
[543.422s][info][gc,marking  ] GC(714) Concurrent Cleanup for Next Mark 0.272ms
[543.422s][info][gc          ] GC(714) Concurrent Cycle 54.256ms
[543.588s][info][gc,start    ] GC(715) Pause Young (Normal) (G1 Evacuation Pause)
[543.588s][info][gc,task     ] GC(715) Using 8 workers of 8 for evacuation
[543.589s][info][gc,phases   ] GC(715)   Pre Evacuate Collection Set: 0.0ms
[543.589s][info][gc,phases   ] GC(715)   Merge Heap Roots: 0.0ms
[543.589s][info][gc,phases   ] GC(715)   Evacuate Collection Set: 0.5ms
[543.589s][info][gc,phases   ] GC(715)   Post Evacuate Collection Set: 0.2ms
[543.589s][info][gc,phases   ] GC(715)   Other: 0.1ms
[543.589s][info][gc,heap     ] GC(715) Eden regions: 35->0(35)
[543.589s][info][gc,heap     ] GC(715) Survivor regions: 1->1(5)
[543.589s][info][gc,heap     ] GC(715) Old regions: 39->39
[543.589s][info][gc,heap     ] GC(715) Archive regions: 2->2
[543.589s][info][gc,heap     ] GC(715) Humongous regions: 0->0
[543.589s][info][gc,metaspace] GC(715) Metaspace: 48531K(49744K)->48531K(49744K) NonClass: 42675K(43600K)->42675K(43600K) Class: 5855K(6144K)->5855K(6144K)
[543.589s][info][gc          ] GC(715) Pause Young (Normal) (G1 Evacuation Pause) 74M->39M(87M) 0.976ms
[543.589s][info][gc,cpu      ] GC(715) User=0.00s Sys=0.00s Real=0.00s
[543.812s][info][gc,start    ] GC(716) Pause Young (Concurrent Start) (G1 Evacuation Pause)
[543.812s][info][gc,task     ] GC(716) Using 8 workers of 8 for evacuation
[543.813s][info][gc,phases   ] GC(716)   Pre Evacuate Collection Set: 0.1ms
[543.813s][info][gc,phases   ] GC(716)   Merge Heap Roots: 0.0ms
[543.813s][info][gc,phases   ] GC(716)   Evacuate Collection Set: 0.8ms
[543.813s][info][gc,phases   ] GC(716)   Post Evacuate Collection Set: 0.3ms
[543.813s][info][gc,phases   ] GC(716)   Other: 0.2ms
[543.813s][info][gc,heap     ] GC(716) Eden regions: 35->0(35)
[543.813s][info][gc,heap     ] GC(716) Survivor regions: 1->1(5)
[543.813s][info][gc,heap     ] GC(716) Old regions: 39->39
[543.813s][info][gc,heap     ] GC(716) Archive regions: 2->2
[543.813s][info][gc,heap     ] GC(716) Humongous regions: 0->0
[543.813s][info][gc,metaspace] GC(716) Metaspace: 48531K(49744K)->48531K(49744K) NonClass: 42675K(43600K)->42675K(43600K) Class: 5855K(6144K)->5855K(6144K)
[543.813s][info][gc          ] GC(716) Pause Young (Concurrent Start) (G1 Evacuation Pause) 74M->39M(87M) 1.507ms
[543.814s][info][gc,cpu      ] GC(716) User=0.00s Sys=0.00s Real=0.01s
[543.814s][info][gc          ] GC(717) Concurrent Cycle
[543.814s][info][gc,marking  ] GC(717) Concurrent Clear Claimed Marks
[543.814s][info][gc,marking  ] GC(717) Concurrent Clear Claimed Marks 0.043ms
[543.814s][info][gc,marking  ] GC(717) Concurrent Scan Root Regions
[543.815s][info][gc,marking  ] GC(717) Concurrent Scan Root Regions 0.920ms
[543.815s][info][gc,marking  ] GC(717) Concurrent Mark (543.815s)
[543.815s][info][gc,marking  ] GC(717) Concurrent Mark From Roots
[543.815s][info][gc,task     ] GC(717) Using 2 workers of 2 for marking
[543.849s][info][gc,marking  ] GC(717) Concurrent Mark From Roots 34.542ms
[543.849s][info][gc,marking  ] GC(717) Concurrent Preclean
[543.849s][info][gc,marking  ] GC(717) Concurrent Preclean 0.166ms
[543.849s][info][gc,marking  ] GC(717) Concurrent Mark (543.815s, 543.849s) 34.806ms
[543.850s][info][gc,start    ] GC(717) Pause Remark
[543.853s][info][gc          ] GC(717) Pause Remark 42M->42M(87M) 2.288ms
[543.853s][info][gc,cpu      ] GC(717) User=0.01s Sys=0.00s Real=0.00s
[543.853s][info][gc,marking  ] GC(717) Concurrent Rebuild Remembered Sets
[543.873s][info][gc,marking  ] GC(717) Concurrent Rebuild Remembered Sets 19.714ms
[543.874s][info][gc,start    ] GC(717) Pause Cleanup
[543.874s][info][gc          ] GC(717) Pause Cleanup 44M->44M(87M) 0.113ms
[543.874s][info][gc,cpu      ] GC(717) User=0.00s Sys=0.00s Real=0.00s
[543.874s][info][gc,marking  ] GC(717) Concurrent Cleanup for Next Mark
[543.874s][info][gc,marking  ] GC(717) Concurrent Cleanup for Next Mark 0.169ms
[543.874s][info][gc          ] GC(717) Concurrent Cycle 60.947ms
[544.057s][info][gc,start    ] GC(718) Pause Young (Normal) (G1 Evacuation Pause)
[544.057s][info][gc,task     ] GC(718) Using 8 workers of 8 for evacuation
[544.058s][info][gc,phases   ] GC(718)   Pre Evacuate Collection Set: 0.0ms
[544.058s][info][gc,phases   ] GC(718)   Merge Heap Roots: 0.0ms
[544.058s][info][gc,phases   ] GC(718)   Evacuate Collection Set: 0.6ms
[544.058s][info][gc,phases   ] GC(718)   Post Evacuate Collection Set: 0.3ms
[544.058s][info][gc,phases   ] GC(718)   Other: 0.1ms
[544.058s][info][gc,heap     ] GC(718) Eden regions: 35->0(35)
[544.058s][info][gc,heap     ] GC(718) Survivor regions: 1->1(5)
[544.058s][info][gc,heap     ] GC(718) Old regions: 39->39
[544.058s][info][gc,heap     ] GC(718) Archive regions: 2->2
[544.058s][info][gc,heap     ] GC(718) Humongous regions: 0->0
[544.058s][info][gc,metaspace] GC(718) Metaspace: 48531K(49744K)->48531K(49744K) NonClass: 42675K(43600K)->42675K(43600K) Class: 5855K(6144K)->5855K(6144K)
[544.058s][info][gc          ] GC(718) Pause Young (Normal) (G1 Evacuation Pause) 74M->39M(87M) 1.239ms
[544.058s][info][gc,cpu      ] GC(718) User=0.00s Sys=0.00s Real=0.00s
[544.246s][info][gc,start    ] GC(719) Pause Young (Concurrent Start) (G1 Evacuation Pause)
[544.246s][info][gc,task     ] GC(719) Using 8 workers of 8 for evacuation
[544.247s][info][gc,phases   ] GC(719)   Pre Evacuate Collection Set: 0.1ms
[544.247s][info][gc,phases   ] GC(719)   Merge Heap Roots: 0.0ms
[544.247s][info][gc,phases   ] GC(719)   Evacuate Collection Set: 0.6ms
[544.247s][info][gc,phases   ] GC(719)   Post Evacuate Collection Set: 0.2ms
[544.247s][info][gc,phases   ] GC(719)   Other: 0.2ms
[544.247s][info][gc,heap     ] GC(719) Eden regions: 35->0(35)
[544.247s][info][gc,heap     ] GC(719) Survivor regions: 1->1(5)
[544.247s][info][gc,heap     ] GC(719) Old regions: 39->39
[544.247s][info][gc,heap     ] GC(719) Archive regions: 2->2
[544.247s][info][gc,heap     ] GC(719) Humongous regions: 0->0
[544.247s][info][gc,metaspace] GC(719) Metaspace: 48531K(49744K)->48531K(49744K) NonClass: 42675K(43600K)->42675K(43600K) Class: 5855K(6144K)->5855K(6144K)
[544.247s][info][gc          ] GC(719) Pause Young (Concurrent Start) (G1 Evacuation Pause) 74M->39M(87M) 1.206ms
[544.247s][info][gc,cpu      ] GC(719) User=0.00s Sys=0.00s Real=0.00s
[544.247s][info][gc          ] GC(720) Concurrent Cycle
[544.247s][info][gc,marking  ] GC(720) Concurrent Clear Claimed Marks
[544.247s][info][gc,marking  ] GC(720) Concurrent Clear Claimed Marks 0.037ms
[544.247s][info][gc,marking  ] GC(720) Concurrent Scan Root Regions
[544.248s][info][gc,marking  ] GC(720) Concurrent Scan Root Regions 0.672ms
[544.248s][info][gc,marking  ] GC(720) Concurrent Mark (544.248s)
[544.248s][info][gc,marking  ] GC(720) Concurrent Mark From Roots
[544.248s][info][gc,task     ] GC(720) Using 2 workers of 2 for marking
[544.282s][info][gc,marking  ] GC(720) Concurrent Mark From Roots 34.237ms
[544.282s][info][gc,marking  ] GC(720) Concurrent Preclean
[544.282s][info][gc,marking  ] GC(720) Concurrent Preclean 0.133ms
[544.282s][info][gc,marking  ] GC(720) Concurrent Mark (544.248s, 544.282s) 34.450ms
[544.282s][info][gc,start    ] GC(720) Pause Remark
[544.284s][info][gc          ] GC(720) Pause Remark 44M->44M(87M) 1.140ms
[544.284s][info][gc,cpu      ] GC(720) User=0.01s Sys=0.00s Real=0.01s
[544.284s][info][gc,marking  ] GC(720) Concurrent Rebuild Remembered Sets
[544.309s][info][gc,marking  ] GC(720) Concurrent Rebuild Remembered Sets 24.858ms
[544.310s][info][gc,start    ] GC(720) Pause Cleanup
[544.310s][info][gc          ] GC(720) Pause Cleanup 46M->46M(87M) 0.127ms
[544.310s][info][gc,cpu      ] GC(720) User=0.00s Sys=0.00s Real=0.00s
[544.310s][info][gc,marking  ] GC(720) Concurrent Cleanup for Next Mark
[544.310s][info][gc,marking  ] GC(720) Concurrent Cleanup for Next Mark 0.162ms
[544.310s][info][gc          ] GC(720) Concurrent Cycle 62.934ms
[544.497s][info][gc,start    ] GC(721) Pause Young (Normal) (G1 Evacuation Pause)
[544.497s][info][gc,task     ] GC(721) Using 8 workers of 8 for evacuation
[544.498s][info][gc,phases   ] GC(721)   Pre Evacuate Collection Set: 0.1ms
[544.498s][info][gc,phases   ] GC(721)   Merge Heap Roots: 0.0ms
[544.498s][info][gc,phases   ] GC(721)   Evacuate Collection Set: 0.8ms
[544.498s][info][gc,phases   ] GC(721)   Post Evacuate Collection Set: 0.3ms
[544.498s][info][gc,phases   ] GC(721)   Other: 0.2ms
[544.498s][info][gc,heap     ] GC(721) Eden regions: 35->0(35)
[544.498s][info][gc,heap     ] GC(721) Survivor regions: 1->1(5)
[544.498s][info][gc,heap     ] GC(721) Old regions: 39->39
[544.498s][info][gc,heap     ] GC(721) Archive regions: 2->2
[544.498s][info][gc,heap     ] GC(721) Humongous regions: 0->0
[544.498s][info][gc,metaspace] GC(721) Metaspace: 48531K(49744K)->48531K(49744K) NonClass: 42675K(43600K)->42675K(43600K) Class: 5855K(6144K)->5855K(6144K)
[544.498s][info][gc          ] GC(721) Pause Young (Normal) (G1 Evacuation Pause) 74M->39M(87M) 1.394ms
[544.498s][info][gc,cpu      ] GC(721) User=0.00s Sys=0.00s Real=0.00s
[544.704s][info][gc,start    ] GC(722) Pause Young (Concurrent Start) (G1 Evacuation Pause)
[544.704s][info][gc,task     ] GC(722) Using 8 workers of 8 for evacuation
[544.705s][info][gc,phases   ] GC(722)   Pre Evacuate Collection Set: 0.1ms
[544.705s][info][gc,phases   ] GC(722)   Merge Heap Roots: 0.0ms
[544.705s][info][gc,phases   ] GC(722)   Evacuate Collection Set: 0.6ms
[544.705s][info][gc,phases   ] GC(722)   Post Evacuate Collection Set: 0.2ms
[544.705s][info][gc,phases   ] GC(722)   Other: 0.2ms
[544.705s][info][gc,heap     ] GC(722) Eden regions: 35->0(35)
[544.705s][info][gc,heap     ] GC(722) Survivor regions: 1->1(5)
[544.705s][info][gc,heap     ] GC(722) Old regions: 39->39
[544.705s][info][gc,heap     ] GC(722) Archive regions: 2->2
[544.705s][info][gc,heap     ] GC(722) Humongous regions: 0->0
[544.705s][info][gc,metaspace] GC(722) Metaspace: 48531K(49744K)->48531K(49744K) NonClass: 42675K(43600K)->42675K(43600K) Class: 5855K(6144K)->5855K(6144K)
[544.705s][info][gc          ] GC(722) Pause Young (Concurrent Start) (G1 Evacuation Pause) 74M->39M(87M) 1.189ms
[544.705s][info][gc,cpu      ] GC(722) User=0.01s Sys=0.00s Real=0.00s
[544.706s][info][gc          ] GC(723) Concurrent Cycle
[544.706s][info][gc,marking  ] GC(723) Concurrent Clear Claimed Marks
[544.706s][info][gc,marking  ] GC(723) Concurrent Clear Claimed Marks 0.032ms
[544.706s][info][gc,marking  ] GC(723) Concurrent Scan Root Regions
[544.706s][info][gc,marking  ] GC(723) Concurrent Scan Root Regions 0.568ms
[544.706s][info][gc,marking  ] GC(723) Concurrent Mark (544.706s)
[544.706s][info][gc,marking  ] GC(723) Concurrent Mark From Roots
[544.706s][info][gc,task     ] GC(723) Using 2 workers of 2 for marking
[544.749s][info][gc,marking  ] GC(723) Concurrent Mark From Roots 42.388ms
[544.749s][info][gc,marking  ] GC(723) Concurrent Preclean
[544.749s][info][gc,marking  ] GC(723) Concurrent Preclean 0.076ms
[544.749s][info][gc,marking  ] GC(723) Concurrent Mark (544.706s, 544.749s) 42.519ms
[544.749s][info][gc,start    ] GC(723) Pause Remark
[544.750s][info][gc          ] GC(723) Pause Remark 44M->44M(87M) 1.220ms
[544.750s][info][gc,cpu      ] GC(723) User=0.00s Sys=0.00s Real=0.00s
[544.751s][info][gc,marking  ] GC(723) Concurrent Rebuild Remembered Sets
[544.771s][info][gc,marking  ] GC(723) Concurrent Rebuild Remembered Sets 20.915ms
[544.773s][info][gc,start    ] GC(723) Pause Cleanup
[544.773s][info][gc          ] GC(723) Pause Cleanup 46M->46M(87M) 0.142ms
[544.773s][info][gc,cpu      ] GC(723) User=0.00s Sys=0.00s Real=0.00s
[544.773s][info][gc,marking  ] GC(723) Concurrent Cleanup for Next Mark
[544.773s][info][gc,marking  ] GC(723) Concurrent Cleanup for Next Mark 0.279ms
[544.773s][info][gc          ] GC(723) Concurrent Cycle 67.710ms
[544.958s][info][gc,start    ] GC(724) Pause Young (Normal) (G1 Evacuation Pause)
[544.958s][info][gc,task     ] GC(724) Using 8 workers of 8 for evacuation
[544.959s][info][gc,phases   ] GC(724)   Pre Evacuate Collection Set: 0.0ms
[544.959s][info][gc,phases   ] GC(724)   Merge Heap Roots: 0.0ms
[544.959s][info][gc,phases   ] GC(724)   Evacuate Collection Set: 0.6ms
[544.959s][info][gc,phases   ] GC(724)   Post Evacuate Collection Set: 0.2ms
[544.959s][info][gc,phases   ] GC(724)   Other: 0.1ms
[544.959s][info][gc,heap     ] GC(724) Eden regions: 35->0(35)
[544.959s][info][gc,heap     ] GC(724) Survivor regions: 1->1(5)
[544.959s][info][gc,heap     ] GC(724) Old regions: 39->39
[544.959s][info][gc,heap     ] GC(724) Archive regions: 2->2
[544.959s][info][gc,heap     ] GC(724) Humongous regions: 0->0
[544.959s][info][gc,metaspace] GC(724) Metaspace: 48531K(49744K)->48531K(49744K) NonClass: 42675K(43600K)->42675K(43600K) Class: 5855K(6144K)->5855K(6144K)
[544.959s][info][gc          ] GC(724) Pause Young (Normal) (G1 Evacuation Pause) 74M->39M(87M) 1.024ms
[544.959s][info][gc,cpu      ] GC(724) User=0.01s Sys=0.00s Real=0.00s
[545.226s][info][gc,start    ] GC(725) Pause Young (Concurrent Start) (G1 Evacuation Pause)
[545.226s][info][gc,task     ] GC(725) Using 8 workers of 8 for evacuation
[545.227s][info][gc,phases   ] GC(725)   Pre Evacuate Collection Set: 0.1ms
[545.227s][info][gc,phases   ] GC(725)   Merge Heap Roots: 0.0ms
[545.227s][info][gc,phases   ] GC(725)   Evacuate Collection Set: 0.8ms
[545.227s][info][gc,phases   ] GC(725)   Post Evacuate Collection Set: 0.3ms
[545.227s][info][gc,phases   ] GC(725)   Other: 0.2ms
[545.227s][info][gc,heap     ] GC(725) Eden regions: 35->0(35)
[545.227s][info][gc,heap     ] GC(725) Survivor regions: 1->1(5)
[545.227s][info][gc,heap     ] GC(725) Old regions: 39->39
[545.227s][info][gc,heap     ] GC(725) Archive regions: 2->2
[545.227s][info][gc,heap     ] GC(725) Humongous regions: 0->0
[545.227s][info][gc,metaspace] GC(725) Metaspace: 48531K(49744K)->48531K(49744K) NonClass: 42675K(43600K)->42675K(43600K) Class: 5855K(6144K)->5855K(6144K)
[545.227s][info][gc          ] GC(725) Pause Young (Concurrent Start) (G1 Evacuation Pause) 74M->39M(87M) 1.407ms
[545.227s][info][gc,cpu      ] GC(725) User=0.00s Sys=0.00s Real=0.00s
[545.227s][info][gc          ] GC(726) Concurrent Cycle
[545.228s][info][gc,marking  ] GC(726) Concurrent Clear Claimed Marks
[545.228s][info][gc,marking  ] GC(726) Concurrent Clear Claimed Marks 0.037ms
[545.228s][info][gc,marking  ] GC(726) Concurrent Scan Root Regions
[545.229s][info][gc,marking  ] GC(726) Concurrent Scan Root Regions 1.042ms
[545.229s][info][gc,marking  ] GC(726) Concurrent Mark (545.229s)
[545.229s][info][gc,marking  ] GC(726) Concurrent Mark From Roots
[545.229s][info][gc,task     ] GC(726) Using 2 workers of 2 for marking
[545.262s][info][gc,marking  ] GC(726) Concurrent Mark From Roots 33.460ms
[545.262s][info][gc,marking  ] GC(726) Concurrent Preclean
[545.262s][info][gc,marking  ] GC(726) Concurrent Preclean 0.136ms
[545.262s][info][gc,marking  ] GC(726) Concurrent Mark (545.229s, 545.262s) 33.673ms
[545.263s][info][gc,start    ] GC(726) Pause Remark
[545.265s][info][gc          ] GC(726) Pause Remark 43M->43M(87M) 2.282ms
[545.265s][info][gc,cpu      ] GC(726) User=0.01s Sys=0.00s Real=0.01s
[545.265s][info][gc,marking  ] GC(726) Concurrent Rebuild Remembered Sets
[545.285s][info][gc,marking  ] GC(726) Concurrent Rebuild Remembered Sets 19.465ms
[545.286s][info][gc,start    ] GC(726) Pause Cleanup
[545.287s][info][gc          ] GC(726) Pause Cleanup 45M->45M(87M) 0.166ms
[545.287s][info][gc,cpu      ] GC(726) User=0.00s Sys=0.00s Real=0.00s
[545.287s][info][gc,marking  ] GC(726) Concurrent Cleanup for Next Mark
[545.287s][info][gc,marking  ] GC(726) Concurrent Cleanup for Next Mark 0.193ms
[545.287s][info][gc          ] GC(726) Concurrent Cycle 59.472ms
[545.488s][info][gc,start    ] GC(727) Pause Young (Normal) (G1 Evacuation Pause)
[545.488s][info][gc,task     ] GC(727) Using 8 workers of 8 for evacuation
[545.489s][info][gc,phases   ] GC(727)   Pre Evacuate Collection Set: 0.1ms
[545.489s][info][gc,phases   ] GC(727)   Merge Heap Roots: 0.0ms
[545.489s][info][gc,phases   ] GC(727)   Evacuate Collection Set: 0.5ms
[545.489s][info][gc,phases   ] GC(727)   Post Evacuate Collection Set: 0.2ms
[545.489s][info][gc,phases   ] GC(727)   Other: 0.2ms
[545.489s][info][gc,heap     ] GC(727) Eden regions: 35->0(35)
[545.489s][info][gc,heap     ] GC(727) Survivor regions: 1->1(5)
[545.489s][info][gc,heap     ] GC(727) Old regions: 39->39
[545.489s][info][gc,heap     ] GC(727) Archive regions: 2->2
[545.489s][info][gc,heap     ] GC(727) Humongous regions: 0->0
[545.489s][info][gc,metaspace] GC(727) Metaspace: 48531K(49744K)->48531K(49744K) NonClass: 42675K(43600K)->42675K(43600K) Class: 5855K(6144K)->5855K(6144K)
[545.489s][info][gc          ] GC(727) Pause Young (Normal) (G1 Evacuation Pause) 74M->39M(87M) 1.125ms
[545.489s][info][gc,cpu      ] GC(727) User=0.01s Sys=0.00s Real=0.00s
[545.701s][info][gc,start    ] GC(728) Pause Young (Concurrent Start) (G1 Evacuation Pause)
[545.701s][info][gc,task     ] GC(728) Using 8 workers of 8 for evacuation
[545.702s][info][gc,phases   ] GC(728)   Pre Evacuate Collection Set: 0.1ms
[545.702s][info][gc,phases   ] GC(728)   Merge Heap Roots: 0.0ms
[545.702s][info][gc,phases   ] GC(728)   Evacuate Collection Set: 0.7ms
[545.702s][info][gc,phases   ] GC(728)   Post Evacuate Collection Set: 0.2ms
[545.702s][info][gc,phases   ] GC(728)   Other: 0.2ms
[545.702s][info][gc,heap     ] GC(728) Eden regions: 35->0(35)
[545.702s][info][gc,heap     ] GC(728) Survivor regions: 1->1(5)
[545.702s][info][gc,heap     ] GC(728) Old regions: 39->39
[545.702s][info][gc,heap     ] GC(728) Archive regions: 2->2
[545.702s][info][gc,heap     ] GC(728) Humongous regions: 0->0
[545.702s][info][gc,metaspace] GC(728) Metaspace: 48531K(49744K)->48531K(49744K) NonClass: 42675K(43600K)->42675K(43600K) Class: 5855K(6144K)->5855K(6144K)
[545.703s][info][gc          ] GC(728) Pause Young (Concurrent Start) (G1 Evacuation Pause) 74M->39M(87M) 1.284ms
[545.703s][info][gc,cpu      ] GC(728) User=0.01s Sys=0.00s Real=0.00s
[545.703s][info][gc          ] GC(729) Concurrent Cycle
[545.703s][info][gc,marking  ] GC(729) Concurrent Clear Claimed Marks
[545.703s][info][gc,marking  ] GC(729) Concurrent Clear Claimed Marks 0.043ms
[545.703s][info][gc,marking  ] GC(729) Concurrent Scan Root Regions
[545.703s][info][gc,marking  ] GC(729) Concurrent Scan Root Regions 0.692ms
[545.703s][info][gc,marking  ] GC(729) Concurrent Mark (545.703s)
[545.703s][info][gc,marking  ] GC(729) Concurrent Mark From Roots
[545.703s][info][gc,task     ] GC(729) Using 2 workers of 2 for marking
[545.735s][info][gc,marking  ] GC(729) Concurrent Mark From Roots 31.821ms
[545.735s][info][gc,marking  ] GC(729) Concurrent Preclean
[545.735s][info][gc,marking  ] GC(729) Concurrent Preclean 0.189ms
[545.735s][info][gc,marking  ] GC(729) Concurrent Mark (545.703s, 545.735s) 32.092ms
[545.736s][info][gc,start    ] GC(729) Pause Remark
[545.737s][info][gc          ] GC(729) Pause Remark 43M->43M(87M) 1.179ms
[545.737s][info][gc,cpu      ] GC(729) User=0.01s Sys=0.00s Real=0.00s
[545.737s][info][gc,marking  ] GC(729) Concurrent Rebuild Remembered Sets
[545.759s][info][gc,marking  ] GC(729) Concurrent Rebuild Remembered Sets 21.684ms
[545.760s][info][gc,start    ] GC(729) Pause Cleanup
[545.760s][info][gc          ] GC(729) Pause Cleanup 46M->46M(87M) 0.087ms
[545.760s][info][gc,cpu      ] GC(729) User=0.00s Sys=0.00s Real=0.00s
[545.760s][info][gc,marking  ] GC(729) Concurrent Cleanup for Next Mark
[545.760s][info][gc,marking  ] GC(729) Concurrent Cleanup for Next Mark 0.164ms
[545.760s][info][gc          ] GC(729) Concurrent Cycle 57.720ms
[545.979s][info][gc,start    ] GC(730) Pause Young (Normal) (G1 Evacuation Pause)
[545.979s][info][gc,task     ] GC(730) Using 8 workers of 8 for evacuation
[545.980s][info][gc,phases   ] GC(730)   Pre Evacuate Collection Set: 0.1ms
[545.980s][info][gc,phases   ] GC(730)   Merge Heap Roots: 0.0ms
[545.980s][info][gc,phases   ] GC(730)   Evacuate Collection Set: 0.5ms
[545.980s][info][gc,phases   ] GC(730)   Post Evacuate Collection Set: 0.2ms
[545.980s][info][gc,phases   ] GC(730)   Other: 0.1ms
[545.980s][info][gc,heap     ] GC(730) Eden regions: 35->0(35)
[545.980s][info][gc,heap     ] GC(730) Survivor regions: 1->1(5)
[545.980s][info][gc,heap     ] GC(730) Old regions: 39->39
[545.980s][info][gc,heap     ] GC(730) Archive regions: 2->2
[545.980s][info][gc,heap     ] GC(730) Humongous regions: 0->0
[545.980s][info][gc,metaspace] GC(730) Metaspace: 48531K(49744K)->48531K(49744K) NonClass: 42675K(43600K)->42675K(43600K) Class: 5855K(6144K)->5855K(6144K)
[545.980s][info][gc          ] GC(730) Pause Young (Normal) (G1 Evacuation Pause) 74M->39M(87M) 1.037ms
[545.980s][info][gc,cpu      ] GC(730) User=0.00s Sys=0.00s Real=0.00s
[546.218s][info][gc,start    ] GC(731) Pause Young (Concurrent Start) (G1 Evacuation Pause)
[546.218s][info][gc,task     ] GC(731) Using 8 workers of 8 for evacuation
[546.220s][info][gc,phases   ] GC(731)   Pre Evacuate Collection Set: 0.1ms
[546.220s][info][gc,phases   ] GC(731)   Merge Heap Roots: 0.0ms
[546.220s][info][gc,phases   ] GC(731)   Evacuate Collection Set: 0.8ms
[546.220s][info][gc,phases   ] GC(731)   Post Evacuate Collection Set: 0.3ms
[546.220s][info][gc,phases   ] GC(731)   Other: 0.2ms
[546.220s][info][gc,heap     ] GC(731) Eden regions: 35->0(35)
[546.220s][info][gc,heap     ] GC(731) Survivor regions: 1->1(5)
[546.220s][info][gc,heap     ] GC(731) Old regions: 39->39
[546.220s][info][gc,heap     ] GC(731) Archive regions: 2->2
[546.220s][info][gc,heap     ] GC(731) Humongous regions: 0->0
[546.220s][info][gc,metaspace] GC(731) Metaspace: 48531K(49744K)->48531K(49744K) NonClass: 42675K(43600K)->42675K(43600K) Class: 5855K(6144K)->5855K(6144K)
[546.220s][info][gc          ] GC(731) Pause Young (Concurrent Start) (G1 Evacuation Pause) 74M->39M(87M) 1.546ms
[546.220s][info][gc,cpu      ] GC(731) User=0.01s Sys=0.00s Real=0.00s
[546.220s][info][gc          ] GC(732) Concurrent Cycle
[546.220s][info][gc,marking  ] GC(732) Concurrent Clear Claimed Marks
[546.220s][info][gc,marking  ] GC(732) Concurrent Clear Claimed Marks 0.051ms
[546.220s][info][gc,marking  ] GC(732) Concurrent Scan Root Regions
[546.221s][info][gc,marking  ] GC(732) Concurrent Scan Root Regions 1.123ms
[546.221s][info][gc,marking  ] GC(732) Concurrent Mark (546.221s)
[546.221s][info][gc,marking  ] GC(732) Concurrent Mark From Roots
[546.221s][info][gc,task     ] GC(732) Using 2 workers of 2 for marking
[546.258s][info][gc,marking  ] GC(732) Concurrent Mark From Roots 36.666ms
[546.258s][info][gc,marking  ] GC(732) Concurrent Preclean
[546.258s][info][gc,marking  ] GC(732) Concurrent Preclean 0.119ms
[546.258s][info][gc,marking  ] GC(732) Concurrent Mark (546.221s, 546.258s) 36.871ms
[546.258s][info][gc,start    ] GC(732) Pause Remark
[546.259s][info][gc          ] GC(732) Pause Remark 43M->43M(87M) 1.143ms
[546.259s][info][gc,cpu      ] GC(732) User=0.01s Sys=0.00s Real=0.00s
[546.259s][info][gc,marking  ] GC(732) Concurrent Rebuild Remembered Sets
[546.281s][info][gc,marking  ] GC(732) Concurrent Rebuild Remembered Sets 21.798ms
[546.282s][info][gc,start    ] GC(732) Pause Cleanup
[546.283s][info][gc          ] GC(732) Pause Cleanup 47M->47M(87M) 0.139ms
[546.283s][info][gc,cpu      ] GC(732) User=0.00s Sys=0.00s Real=0.00s
[546.283s][info][gc,marking  ] GC(732) Concurrent Cleanup for Next Mark
[546.283s][info][gc,marking  ] GC(732) Concurrent Cleanup for Next Mark 0.166ms
[546.283s][info][gc          ] GC(732) Concurrent Cycle 63.044ms
[546.457s][info][gc,start    ] GC(733) Pause Young (Normal) (G1 Evacuation Pause)
[546.457s][info][gc,task     ] GC(733) Using 8 workers of 8 for evacuation
[546.458s][info][gc,phases   ] GC(733)   Pre Evacuate Collection Set: 0.1ms
[546.458s][info][gc,phases   ] GC(733)   Merge Heap Roots: 0.0ms
[546.458s][info][gc,phases   ] GC(733)   Evacuate Collection Set: 0.7ms
[546.458s][info][gc,phases   ] GC(733)   Post Evacuate Collection Set: 0.2ms
[546.458s][info][gc,phases   ] GC(733)   Other: 0.2ms
[546.458s][info][gc,heap     ] GC(733) Eden regions: 35->0(35)
[546.458s][info][gc,heap     ] GC(733) Survivor regions: 1->1(5)
[546.458s][info][gc,heap     ] GC(733) Old regions: 39->39
[546.458s][info][gc,heap     ] GC(733) Archive regions: 2->2
[546.458s][info][gc,heap     ] GC(733) Humongous regions: 0->0
[546.458s][info][gc,metaspace] GC(733) Metaspace: 48531K(49744K)->48531K(49744K) NonClass: 42675K(43600K)->42675K(43600K) Class: 5855K(6144K)->5855K(6144K)
[546.458s][info][gc          ] GC(733) Pause Young (Normal) (G1 Evacuation Pause) 74M->39M(87M) 1.241ms
[546.458s][info][gc,cpu      ] GC(733) User=0.00s Sys=0.00s Real=0.00s
[546.672s][info][gc,start    ] GC(734) Pause Young (Concurrent Start) (G1 Evacuation Pause)
[546.672s][info][gc,task     ] GC(734) Using 8 workers of 8 for evacuation
[546.674s][info][gc,phases   ] GC(734)   Pre Evacuate Collection Set: 0.1ms
[546.674s][info][gc,phases   ] GC(734)   Merge Heap Roots: 0.0ms
[546.674s][info][gc,phases   ] GC(734)   Evacuate Collection Set: 0.8ms
[546.674s][info][gc,phases   ] GC(734)   Post Evacuate Collection Set: 0.3ms
[546.674s][info][gc,phases   ] GC(734)   Other: 0.2ms
[546.674s][info][gc,heap     ] GC(734) Eden regions: 35->0(35)
[546.674s][info][gc,heap     ] GC(734) Survivor regions: 1->1(5)
[546.674s][info][gc,heap     ] GC(734) Old regions: 39->39
[546.674s][info][gc,heap     ] GC(734) Archive regions: 2->2
[546.674s][info][gc,heap     ] GC(734) Humongous regions: 0->0
[546.674s][info][gc,metaspace] GC(734) Metaspace: 48531K(49744K)->48531K(49744K) NonClass: 42675K(43600K)->42675K(43600K) Class: 5855K(6144K)->5855K(6144K)
[546.674s][info][gc          ] GC(734) Pause Young (Concurrent Start) (G1 Evacuation Pause) 74M->39M(87M) 1.667ms
[546.674s][info][gc,cpu      ] GC(734) User=0.00s Sys=0.00s Real=0.01s
[546.674s][info][gc          ] GC(735) Concurrent Cycle
[546.674s][info][gc,marking  ] GC(735) Concurrent Clear Claimed Marks
[546.674s][info][gc,marking  ] GC(735) Concurrent Clear Claimed Marks 0.057ms
[546.674s][info][gc,marking  ] GC(735) Concurrent Scan Root Regions
[546.675s][info][gc,marking  ] GC(735) Concurrent Scan Root Regions 0.850ms
[546.675s][info][gc,marking  ] GC(735) Concurrent Mark (546.675s)
[546.675s][info][gc,marking  ] GC(735) Concurrent Mark From Roots
[546.675s][info][gc,task     ] GC(735) Using 2 workers of 2 for marking
[546.714s][info][gc,marking  ] GC(735) Concurrent Mark From Roots 39.256ms
[546.714s][info][gc,marking  ] GC(735) Concurrent Preclean
[546.714s][info][gc,marking  ] GC(735) Concurrent Preclean 0.104ms
[546.715s][info][gc,marking  ] GC(735) Concurrent Mark (546.675s, 546.714s) 39.430ms
[546.715s][info][gc,start    ] GC(735) Pause Remark
[546.716s][info][gc          ] GC(735) Pause Remark 42M->42M(87M) 1.279ms
[546.716s][info][gc,cpu      ] GC(735) User=0.01s Sys=0.00s Real=0.00s
[546.716s][info][gc,marking  ] GC(735) Concurrent Rebuild Remembered Sets
[546.736s][info][gc,marking  ] GC(735) Concurrent Rebuild Remembered Sets 20.110ms
[546.738s][info][gc,start    ] GC(735) Pause Cleanup
[546.738s][info][gc          ] GC(735) Pause Cleanup 45M->45M(87M) 0.096ms
[546.738s][info][gc,cpu      ] GC(735) User=0.00s Sys=0.00s Real=0.00s
[546.738s][info][gc,marking  ] GC(735) Concurrent Cleanup for Next Mark
[546.738s][info][gc,marking  ] GC(735) Concurrent Cleanup for Next Mark 0.149ms
[546.738s][info][gc          ] GC(735) Concurrent Cycle 63.918ms
[546.911s][info][gc,start    ] GC(736) Pause Young (Normal) (G1 Evacuation Pause)
[546.911s][info][gc,task     ] GC(736) Using 8 workers of 8 for evacuation
[546.912s][info][gc,phases   ] GC(736)   Pre Evacuate Collection Set: 0.0ms
[546.912s][info][gc,phases   ] GC(736)   Merge Heap Roots: 0.0ms
[546.912s][info][gc,phases   ] GC(736)   Evacuate Collection Set: 0.4ms
[546.912s][info][gc,phases   ] GC(736)   Post Evacuate Collection Set: 0.2ms
[546.912s][info][gc,phases   ] GC(736)   Other: 0.1ms
[546.912s][info][gc,heap     ] GC(736) Eden regions: 35->0(35)
[546.912s][info][gc,heap     ] GC(736) Survivor regions: 1->1(5)
[546.912s][info][gc,heap     ] GC(736) Old regions: 39->39
[546.912s][info][gc,heap     ] GC(736) Archive regions: 2->2
[546.912s][info][gc,heap     ] GC(736) Humongous regions: 0->0
[546.912s][info][gc,metaspace] GC(736) Metaspace: 48531K(49744K)->48531K(49744K) NonClass: 42675K(43600K)->42675K(43600K) Class: 5855K(6144K)->5855K(6144K)
[546.912s][info][gc          ] GC(736) Pause Young (Normal) (G1 Evacuation Pause) 74M->39M(87M) 0.946ms
[546.912s][info][gc,cpu      ] GC(736) User=0.01s Sys=0.00s Real=0.00s
[547.155s][info][gc,start    ] GC(737) Pause Young (Concurrent Start) (G1 Evacuation Pause)
[547.155s][info][gc,task     ] GC(737) Using 8 workers of 8 for evacuation
[547.156s][info][gc,phases   ] GC(737)   Pre Evacuate Collection Set: 0.1ms
[547.156s][info][gc,phases   ] GC(737)   Merge Heap Roots: 0.0ms
[547.156s][info][gc,phases   ] GC(737)   Evacuate Collection Set: 0.6ms
[547.156s][info][gc,phases   ] GC(737)   Post Evacuate Collection Set: 0.2ms
[547.156s][info][gc,phases   ] GC(737)   Other: 0.2ms
[547.156s][info][gc,heap     ] GC(737) Eden regions: 35->0(35)
[547.156s][info][gc,heap     ] GC(737) Survivor regions: 1->1(5)
[547.156s][info][gc,heap     ] GC(737) Old regions: 39->39
[547.156s][info][gc,heap     ] GC(737) Archive regions: 2->2
[547.156s][info][gc,heap     ] GC(737) Humongous regions: 0->0
[547.156s][info][gc,metaspace] GC(737) Metaspace: 48531K(49744K)->48531K(49744K) NonClass: 42675K(43600K)->42675K(43600K) Class: 5855K(6144K)->5855K(6144K)
[547.156s][info][gc          ] GC(737) Pause Young (Concurrent Start) (G1 Evacuation Pause) 74M->39M(87M) 1.155ms
[547.156s][info][gc,cpu      ] GC(737) User=0.00s Sys=0.00s Real=0.00s
[547.156s][info][gc          ] GC(738) Concurrent Cycle
[547.156s][info][gc,marking  ] GC(738) Concurrent Clear Claimed Marks
[547.156s][info][gc,marking  ] GC(738) Concurrent Clear Claimed Marks 0.025ms
[547.156s][info][gc,marking  ] GC(738) Concurrent Scan Root Regions
[547.157s][info][gc,marking  ] GC(738) Concurrent Scan Root Regions 0.975ms
[547.157s][info][gc,marking  ] GC(738) Concurrent Mark (547.157s)
[547.157s][info][gc,marking  ] GC(738) Concurrent Mark From Roots
[547.157s][info][gc,task     ] GC(738) Using 2 workers of 2 for marking
[547.190s][info][gc,marking  ] GC(738) Concurrent Mark From Roots 32.796ms
[547.190s][info][gc,marking  ] GC(738) Concurrent Preclean
[547.190s][info][gc,marking  ] GC(738) Concurrent Preclean 0.098ms
[547.190s][info][gc,marking  ] GC(738) Concurrent Mark (547.157s, 547.190s) 32.975ms
[547.190s][info][gc,start    ] GC(738) Pause Remark
[547.192s][info][gc          ] GC(738) Pause Remark 44M->44M(87M) 1.128ms
[547.192s][info][gc,cpu      ] GC(738) User=0.01s Sys=0.00s Real=0.00s
[547.192s][info][gc,marking  ] GC(738) Concurrent Rebuild Remembered Sets
[547.211s][info][gc,marking  ] GC(738) Concurrent Rebuild Remembered Sets 19.865ms
[547.213s][info][gc,start    ] GC(738) Pause Cleanup
[547.213s][info][gc          ] GC(738) Pause Cleanup 47M->47M(87M) 0.107ms
[547.213s][info][gc,cpu      ] GC(738) User=0.00s Sys=0.00s Real=0.00s
[547.213s][info][gc,marking  ] GC(738) Concurrent Cleanup for Next Mark
[547.213s][info][gc,marking  ] GC(738) Concurrent Cleanup for Next Mark 0.125ms
[547.213s][info][gc          ] GC(738) Concurrent Cycle 56.671ms
[547.403s][info][gc,start    ] GC(739) Pause Young (Normal) (G1 Evacuation Pause)
[547.403s][info][gc,task     ] GC(739) Using 8 workers of 8 for evacuation
[547.404s][info][gc,phases   ] GC(739)   Pre Evacuate Collection Set: 0.0ms
[547.404s][info][gc,phases   ] GC(739)   Merge Heap Roots: 0.0ms
[547.404s][info][gc,phases   ] GC(739)   Evacuate Collection Set: 0.5ms
[547.404s][info][gc,phases   ] GC(739)   Post Evacuate Collection Set: 0.2ms
[547.404s][info][gc,phases   ] GC(739)   Other: 0.1ms
[547.404s][info][gc,heap     ] GC(739) Eden regions: 35->0(35)
[547.404s][info][gc,heap     ] GC(739) Survivor regions: 1->1(5)
[547.404s][info][gc,heap     ] GC(739) Old regions: 39->39
[547.404s][info][gc,heap     ] GC(739) Archive regions: 2->2
[547.404s][info][gc,heap     ] GC(739) Humongous regions: 0->0
[547.404s][info][gc,metaspace] GC(739) Metaspace: 48531K(49744K)->48531K(49744K) NonClass: 42675K(43600K)->42675K(43600K) Class: 5855K(6144K)->5855K(6144K)
[547.404s][info][gc          ] GC(739) Pause Young (Normal) (G1 Evacuation Pause) 74M->39M(87M) 1.006ms
[547.404s][info][gc,cpu      ] GC(739) User=0.01s Sys=0.00s Real=0.00s
[547.637s][info][gc,start    ] GC(740) Pause Young (Concurrent Start) (G1 Evacuation Pause)
[547.637s][info][gc,task     ] GC(740) Using 8 workers of 8 for evacuation
[547.638s][info][gc,phases   ] GC(740)   Pre Evacuate Collection Set: 0.1ms
[547.638s][info][gc,phases   ] GC(740)   Merge Heap Roots: 0.0ms
[547.638s][info][gc,phases   ] GC(740)   Evacuate Collection Set: 0.8ms
[547.638s][info][gc,phases   ] GC(740)   Post Evacuate Collection Set: 0.2ms
[547.638s][info][gc,phases   ] GC(740)   Other: 0.2ms
[547.638s][info][gc,heap     ] GC(740) Eden regions: 35->0(35)
[547.638s][info][gc,heap     ] GC(740) Survivor regions: 1->1(5)
[547.638s][info][gc,heap     ] GC(740) Old regions: 39->39
[547.638s][info][gc,heap     ] GC(740) Archive regions: 2->2
[547.638s][info][gc,heap     ] GC(740) Humongous regions: 0->0
[547.638s][info][gc,metaspace] GC(740) Metaspace: 48533K(49744K)->48533K(49744K) NonClass: 42678K(43600K)->42678K(43600K) Class: 5855K(6144K)->5855K(6144K)
[547.638s][info][gc          ] GC(740) Pause Young (Concurrent Start) (G1 Evacuation Pause) 74M->39M(87M) 1.457ms
[547.638s][info][gc,cpu      ] GC(740) User=0.00s Sys=0.00s Real=0.00s
[547.638s][info][gc          ] GC(741) Concurrent Cycle
[547.638s][info][gc,marking  ] GC(741) Concurrent Clear Claimed Marks
[547.638s][info][gc,marking  ] GC(741) Concurrent Clear Claimed Marks 0.040ms
[547.638s][info][gc,marking  ] GC(741) Concurrent Scan Root Regions
[547.639s][info][gc,marking  ] GC(741) Concurrent Scan Root Regions 0.902ms
[547.639s][info][gc,marking  ] GC(741) Concurrent Mark (547.639s)
[547.639s][info][gc,marking  ] GC(741) Concurrent Mark From Roots
[547.639s][info][gc,task     ] GC(741) Using 2 workers of 2 for marking
[547.672s][info][gc,marking  ] GC(741) Concurrent Mark From Roots 32.652ms
[547.672s][info][gc,marking  ] GC(741) Concurrent Preclean
[547.672s][info][gc,marking  ] GC(741) Concurrent Preclean 0.179ms
[547.672s][info][gc,marking  ] GC(741) Concurrent Mark (547.639s, 547.672s) 32.923ms
[547.673s][info][gc,start    ] GC(741) Pause Remark
[547.675s][info][gc          ] GC(741) Pause Remark 44M->44M(87M) 1.507ms
[547.675s][info][gc,cpu      ] GC(741) User=0.01s Sys=0.00s Real=0.00s
[547.675s][info][gc,marking  ] GC(741) Concurrent Rebuild Remembered Sets
[547.695s][info][gc,marking  ] GC(741) Concurrent Rebuild Remembered Sets 19.916ms
[547.696s][info][gc,start    ] GC(741) Pause Cleanup
[547.696s][info][gc          ] GC(741) Pause Cleanup 47M->47M(87M) 0.095ms
[547.696s][info][gc,cpu      ] GC(741) User=0.00s Sys=0.00s Real=0.00s
[547.696s][info][gc,marking  ] GC(741) Concurrent Cleanup for Next Mark
[547.696s][info][gc,marking  ] GC(741) Concurrent Cleanup for Next Mark 0.135ms
[547.696s][info][gc          ] GC(741) Concurrent Cycle 57.741ms
[547.870s][info][gc,start    ] GC(742) Pause Young (Normal) (G1 Evacuation Pause)
[547.870s][info][gc,task     ] GC(742) Using 8 workers of 8 for evacuation
[547.871s][info][gc,phases   ] GC(742)   Pre Evacuate Collection Set: 0.0ms
[547.871s][info][gc,phases   ] GC(742)   Merge Heap Roots: 0.0ms
[547.871s][info][gc,phases   ] GC(742)   Evacuate Collection Set: 0.5ms
[547.871s][info][gc,phases   ] GC(742)   Post Evacuate Collection Set: 0.2ms
[547.871s][info][gc,phases   ] GC(742)   Other: 0.1ms
[547.871s][info][gc,heap     ] GC(742) Eden regions: 35->0(35)
[547.871s][info][gc,heap     ] GC(742) Survivor regions: 1->1(5)
[547.871s][info][gc,heap     ] GC(742) Old regions: 39->39
[547.871s][info][gc,heap     ] GC(742) Archive regions: 2->2
[547.871s][info][gc,heap     ] GC(742) Humongous regions: 0->0
[547.871s][info][gc,metaspace] GC(742) Metaspace: 48547K(49744K)->48547K(49744K) NonClass: 42692K(43600K)->42692K(43600K) Class: 5855K(6144K)->5855K(6144K)
[547.871s][info][gc          ] GC(742) Pause Young (Normal) (G1 Evacuation Pause) 74M->39M(87M) 0.999ms
[547.871s][info][gc,cpu      ] GC(742) User=0.00s Sys=0.00s Real=0.00s
[548.126s][info][gc,start    ] GC(743) Pause Young (Concurrent Start) (G1 Evacuation Pause)
[548.126s][info][gc,task     ] GC(743) Using 8 workers of 8 for evacuation
[548.127s][info][gc,phases   ] GC(743)   Pre Evacuate Collection Set: 0.1ms
[548.127s][info][gc,phases   ] GC(743)   Merge Heap Roots: 0.0ms
[548.127s][info][gc,phases   ] GC(743)   Evacuate Collection Set: 0.8ms
[548.127s][info][gc,phases   ] GC(743)   Post Evacuate Collection Set: 0.2ms
[548.127s][info][gc,phases   ] GC(743)   Other: 0.2ms
[548.127s][info][gc,heap     ] GC(743) Eden regions: 35->0(35)
[548.127s][info][gc,heap     ] GC(743) Survivor regions: 1->1(5)
[548.127s][info][gc,heap     ] GC(743) Old regions: 39->39
[548.127s][info][gc,heap     ] GC(743) Archive regions: 2->2
[548.127s][info][gc,heap     ] GC(743) Humongous regions: 0->0
[548.127s][info][gc,metaspace] GC(743) Metaspace: 48547K(49744K)->48547K(49744K) NonClass: 42692K(43600K)->42692K(43600K) Class: 5855K(6144K)->5855K(6144K)
[548.127s][info][gc          ] GC(743) Pause Young (Concurrent Start) (G1 Evacuation Pause) 74M->39M(87M) 1.545ms
[548.127s][info][gc,cpu      ] GC(743) User=0.00s Sys=0.00s Real=0.00s
[548.127s][info][gc          ] GC(744) Concurrent Cycle
[548.127s][info][gc,marking  ] GC(744) Concurrent Clear Claimed Marks
[548.127s][info][gc,marking  ] GC(744) Concurrent Clear Claimed Marks 0.043ms
[548.127s][info][gc,marking  ] GC(744) Concurrent Scan Root Regions
[548.129s][info][gc,marking  ] GC(744) Concurrent Scan Root Regions 1.105ms
[548.129s][info][gc,marking  ] GC(744) Concurrent Mark (548.129s)
[548.129s][info][gc,marking  ] GC(744) Concurrent Mark From Roots
[548.129s][info][gc,task     ] GC(744) Using 2 workers of 2 for marking
[548.164s][info][gc,marking  ] GC(744) Concurrent Mark From Roots 35.469ms
[548.164s][info][gc,marking  ] GC(744) Concurrent Preclean
[548.164s][info][gc,marking  ] GC(744) Concurrent Preclean 0.171ms
[548.164s][info][gc,marking  ] GC(744) Concurrent Mark (548.129s, 548.164s) 35.748ms
[548.165s][info][gc,start    ] GC(744) Pause Remark
[548.166s][info][gc          ] GC(744) Pause Remark 43M->43M(87M) 1.401ms
[548.166s][info][gc,cpu      ] GC(744) User=0.01s Sys=0.00s Real=0.00s
[548.166s][info][gc,marking  ] GC(744) Concurrent Rebuild Remembered Sets
[548.189s][info][gc,marking  ] GC(744) Concurrent Rebuild Remembered Sets 23.395ms
[548.190s][info][gc,start    ] GC(744) Pause Cleanup
[548.190s][info][gc          ] GC(744) Pause Cleanup 45M->45M(87M) 0.101ms
[548.191s][info][gc,cpu      ] GC(744) User=0.00s Sys=0.00s Real=0.00s
[548.191s][info][gc,marking  ] GC(744) Concurrent Cleanup for Next Mark
[548.191s][info][gc,marking  ] GC(744) Concurrent Cleanup for Next Mark 0.130ms
[548.191s][info][gc          ] GC(744) Concurrent Cycle 63.349ms
[548.424s][info][gc,start    ] GC(745) Pause Young (Normal) (G1 Evacuation Pause)
[548.424s][info][gc,task     ] GC(745) Using 8 workers of 8 for evacuation
[548.425s][info][gc,phases   ] GC(745)   Pre Evacuate Collection Set: 0.1ms
[548.425s][info][gc,phases   ] GC(745)   Merge Heap Roots: 0.0ms
[548.425s][info][gc,phases   ] GC(745)   Evacuate Collection Set: 0.5ms
[548.425s][info][gc,phases   ] GC(745)   Post Evacuate Collection Set: 0.2ms
[548.425s][info][gc,phases   ] GC(745)   Other: 0.2ms
[548.425s][info][gc,heap     ] GC(745) Eden regions: 35->0(35)
[548.425s][info][gc,heap     ] GC(745) Survivor regions: 1->1(5)
[548.425s][info][gc,heap     ] GC(745) Old regions: 39->39
[548.425s][info][gc,heap     ] GC(745) Archive regions: 2->2
[548.425s][info][gc,heap     ] GC(745) Humongous regions: 0->0
[548.425s][info][gc,metaspace] GC(745) Metaspace: 48547K(49744K)->48547K(49744K) NonClass: 42692K(43600K)->42692K(43600K) Class: 5855K(6144K)->5855K(6144K)
[548.425s][info][gc          ] GC(745) Pause Young (Normal) (G1 Evacuation Pause) 74M->39M(87M) 1.103ms
[548.425s][info][gc,cpu      ] GC(745) User=0.00s Sys=0.00s Real=0.00s
[548.640s][info][gc,start    ] GC(746) Pause Young (Concurrent Start) (G1 Evacuation Pause)
[548.640s][info][gc,task     ] GC(746) Using 8 workers of 8 for evacuation
[548.641s][info][gc,phases   ] GC(746)   Pre Evacuate Collection Set: 0.2ms
[548.641s][info][gc,phases   ] GC(746)   Merge Heap Roots: 0.0ms
[548.641s][info][gc,phases   ] GC(746)   Evacuate Collection Set: 0.8ms
[548.641s][info][gc,phases   ] GC(746)   Post Evacuate Collection Set: 0.2ms
[548.641s][info][gc,phases   ] GC(746)   Other: 0.2ms
[548.641s][info][gc,heap     ] GC(746) Eden regions: 35->0(35)
[548.641s][info][gc,heap     ] GC(746) Survivor regions: 1->1(5)
[548.642s][info][gc,heap     ] GC(746) Old regions: 39->39
[548.642s][info][gc,heap     ] GC(746) Archive regions: 2->2
[548.642s][info][gc,heap     ] GC(746) Humongous regions: 0->0
[548.642s][info][gc,metaspace] GC(746) Metaspace: 48547K(49744K)->48547K(49744K) NonClass: 42692K(43600K)->42692K(43600K) Class: 5855K(6144K)->5855K(6144K)
[548.642s][info][gc          ] GC(746) Pause Young (Concurrent Start) (G1 Evacuation Pause) 74M->40M(87M) 1.633ms
[548.642s][info][gc,cpu      ] GC(746) User=0.00s Sys=0.00s Real=0.00s
[548.642s][info][gc          ] GC(747) Concurrent Cycle
[548.642s][info][gc,marking  ] GC(747) Concurrent Clear Claimed Marks
[548.642s][info][gc,marking  ] GC(747) Concurrent Clear Claimed Marks 0.156ms
[548.642s][info][gc,marking  ] GC(747) Concurrent Scan Root Regions
[548.643s][info][gc,marking  ] GC(747) Concurrent Scan Root Regions 0.704ms
[548.643s][info][gc,marking  ] GC(747) Concurrent Mark (548.643s)
[548.643s][info][gc,marking  ] GC(747) Concurrent Mark From Roots
[548.643s][info][gc,task     ] GC(747) Using 2 workers of 2 for marking
[548.680s][info][gc,marking  ] GC(747) Concurrent Mark From Roots 37.461ms
[548.680s][info][gc,marking  ] GC(747) Concurrent Preclean
[548.680s][info][gc,marking  ] GC(747) Concurrent Preclean 0.112ms
[548.680s][info][gc,marking  ] GC(747) Concurrent Mark (548.643s, 548.680s) 37.643ms
[548.680s][info][gc,start    ] GC(747) Pause Remark
[548.682s][info][gc          ] GC(747) Pause Remark 43M->43M(87M) 1.247ms
[548.682s][info][gc,cpu      ] GC(747) User=0.00s Sys=0.00s Real=0.00s
[548.682s][info][gc,marking  ] GC(747) Concurrent Rebuild Remembered Sets
[548.706s][info][gc,marking  ] GC(747) Concurrent Rebuild Remembered Sets 24.060ms
[548.707s][info][gc,start    ] GC(747) Pause Cleanup
[548.707s][info][gc          ] GC(747) Pause Cleanup 47M->47M(87M) 0.102ms
[548.707s][info][gc,cpu      ] GC(747) User=0.00s Sys=0.00s Real=0.00s
[548.707s][info][gc,marking  ] GC(747) Concurrent Cleanup for Next Mark
[548.707s][info][gc,marking  ] GC(747) Concurrent Cleanup for Next Mark 0.137ms
[548.707s][info][gc          ] GC(747) Concurrent Cycle 65.466ms
[548.873s][info][gc,start    ] GC(748) Pause Young (Normal) (G1 Evacuation Pause)
[548.873s][info][gc,task     ] GC(748) Using 8 workers of 8 for evacuation
[548.874s][info][gc,phases   ] GC(748)   Pre Evacuate Collection Set: 0.1ms
[548.874s][info][gc,phases   ] GC(748)   Merge Heap Roots: 0.0ms
[548.874s][info][gc,phases   ] GC(748)   Evacuate Collection Set: 0.6ms
[548.874s][info][gc,phases   ] GC(748)   Post Evacuate Collection Set: 0.3ms
[548.874s][info][gc,phases   ] GC(748)   Other: 0.1ms
[548.874s][info][gc,heap     ] GC(748) Eden regions: 35->0(35)
[548.874s][info][gc,heap     ] GC(748) Survivor regions: 1->1(5)
[548.874s][info][gc,heap     ] GC(748) Old regions: 39->39
[548.874s][info][gc,heap     ] GC(748) Archive regions: 2->2
[548.874s][info][gc,heap     ] GC(748) Humongous regions: 0->0
[548.874s][info][gc,metaspace] GC(748) Metaspace: 48547K(49744K)->48547K(49744K) NonClass: 42692K(43600K)->42692K(43600K) Class: 5855K(6144K)->5855K(6144K)
[548.874s][info][gc          ] GC(748) Pause Young (Normal) (G1 Evacuation Pause) 75M->40M(87M) 1.220ms
[548.874s][info][gc,cpu      ] GC(748) User=0.00s Sys=0.01s Real=0.01s
[549.105s][info][gc,start    ] GC(749) Pause Young (Concurrent Start) (G1 Evacuation Pause)
[549.105s][info][gc,task     ] GC(749) Using 8 workers of 8 for evacuation
[549.106s][info][gc,phases   ] GC(749)   Pre Evacuate Collection Set: 0.1ms
[549.106s][info][gc,phases   ] GC(749)   Merge Heap Roots: 0.1ms
[549.106s][info][gc,phases   ] GC(749)   Evacuate Collection Set: 0.6ms
[549.106s][info][gc,phases   ] GC(749)   Post Evacuate Collection Set: 0.2ms
[549.106s][info][gc,phases   ] GC(749)   Other: 0.1ms
[549.106s][info][gc,heap     ] GC(749) Eden regions: 35->0(35)
[549.106s][info][gc,heap     ] GC(749) Survivor regions: 1->1(5)
[549.106s][info][gc,heap     ] GC(749) Old regions: 39->39
[549.106s][info][gc,heap     ] GC(749) Archive regions: 2->2
[549.106s][info][gc,heap     ] GC(749) Humongous regions: 0->0
[549.106s][info][gc,metaspace] GC(749) Metaspace: 48547K(49744K)->48547K(49744K) NonClass: 42692K(43600K)->42692K(43600K) Class: 5855K(6144K)->5855K(6144K)
[549.106s][info][gc          ] GC(749) Pause Young (Concurrent Start) (G1 Evacuation Pause) 75M->40M(87M) 1.137ms
[549.106s][info][gc,cpu      ] GC(749) User=0.00s Sys=0.00s Real=0.00s
[549.106s][info][gc          ] GC(750) Concurrent Cycle
[549.106s][info][gc,marking  ] GC(750) Concurrent Clear Claimed Marks
[549.106s][info][gc,marking  ] GC(750) Concurrent Clear Claimed Marks 0.041ms
[549.106s][info][gc,marking  ] GC(750) Concurrent Scan Root Regions
[549.107s][info][gc,marking  ] GC(750) Concurrent Scan Root Regions 0.556ms
[549.107s][info][gc,marking  ] GC(750) Concurrent Mark (549.107s)
[549.107s][info][gc,marking  ] GC(750) Concurrent Mark From Roots
[549.107s][info][gc,task     ] GC(750) Using 2 workers of 2 for marking
[549.139s][info][gc,marking  ] GC(750) Concurrent Mark From Roots 31.988ms
[549.139s][info][gc,marking  ] GC(750) Concurrent Preclean
[549.139s][info][gc,marking  ] GC(750) Concurrent Preclean 0.111ms
[549.139s][info][gc,marking  ] GC(750) Concurrent Mark (549.107s, 549.139s) 32.165ms
[549.139s][info][gc,start    ] GC(750) Pause Remark
[549.141s][info][gc          ] GC(750) Pause Remark 44M->44M(87M) 1.255ms
[549.141s][info][gc,cpu      ] GC(750) User=0.00s Sys=0.00s Real=0.00s
[549.141s][info][gc,marking  ] GC(750) Concurrent Rebuild Remembered Sets
[549.162s][info][gc,marking  ] GC(750) Concurrent Rebuild Remembered Sets 20.946ms
[549.163s][info][gc,start    ] GC(750) Pause Cleanup
[549.163s][info][gc          ] GC(750) Pause Cleanup 46M->46M(87M) 0.104ms
[549.163s][info][gc,cpu      ] GC(750) User=0.00s Sys=0.00s Real=0.00s
[549.163s][info][gc,marking  ] GC(750) Concurrent Cleanup for Next Mark
[549.163s][info][gc,marking  ] GC(750) Concurrent Cleanup for Next Mark 0.133ms
[549.163s][info][gc          ] GC(750) Concurrent Cycle 57.053ms
[549.361s][info][gc,start    ] GC(751) Pause Young (Normal) (G1 Evacuation Pause)
[549.361s][info][gc,task     ] GC(751) Using 8 workers of 8 for evacuation
[549.362s][info][gc,phases   ] GC(751)   Pre Evacuate Collection Set: 0.0ms
[549.362s][info][gc,phases   ] GC(751)   Merge Heap Roots: 0.0ms
[549.362s][info][gc,phases   ] GC(751)   Evacuate Collection Set: 0.6ms
[549.362s][info][gc,phases   ] GC(751)   Post Evacuate Collection Set: 0.2ms
[549.362s][info][gc,phases   ] GC(751)   Other: 0.1ms
[549.362s][info][gc,heap     ] GC(751) Eden regions: 35->0(35)
[549.362s][info][gc,heap     ] GC(751) Survivor regions: 1->1(5)
[549.362s][info][gc,heap     ] GC(751) Old regions: 39->39
[549.362s][info][gc,heap     ] GC(751) Archive regions: 2->2
[549.362s][info][gc,heap     ] GC(751) Humongous regions: 0->0
[549.362s][info][gc,metaspace] GC(751) Metaspace: 48547K(49744K)->48547K(49744K) NonClass: 42692K(43600K)->42692K(43600K) Class: 5855K(6144K)->5855K(6144K)
[549.362s][info][gc          ] GC(751) Pause Young (Normal) (G1 Evacuation Pause) 75M->40M(87M) 1.152ms
[549.362s][info][gc,cpu      ] GC(751) User=0.01s Sys=0.00s Real=0.00s
[549.601s][info][gc,start    ] GC(752) Pause Young (Concurrent Start) (G1 Evacuation Pause)
[549.601s][info][gc,task     ] GC(752) Using 8 workers of 8 for evacuation
[549.602s][info][gc,phases   ] GC(752)   Pre Evacuate Collection Set: 0.1ms
[549.602s][info][gc,phases   ] GC(752)   Merge Heap Roots: 0.0ms
[549.602s][info][gc,phases   ] GC(752)   Evacuate Collection Set: 0.6ms
[549.602s][info][gc,phases   ] GC(752)   Post Evacuate Collection Set: 0.3ms
[549.602s][info][gc,phases   ] GC(752)   Other: 0.2ms
[549.602s][info][gc,heap     ] GC(752) Eden regions: 35->0(35)
[549.602s][info][gc,heap     ] GC(752) Survivor regions: 1->1(5)
[549.602s][info][gc,heap     ] GC(752) Old regions: 39->39
[549.602s][info][gc,heap     ] GC(752) Archive regions: 2->2
[549.602s][info][gc,heap     ] GC(752) Humongous regions: 0->0
[549.602s][info][gc,metaspace] GC(752) Metaspace: 48549K(49744K)->48549K(49744K) NonClass: 42694K(43600K)->42694K(43600K) Class: 5855K(6144K)->5855K(6144K)
[549.602s][info][gc          ] GC(752) Pause Young (Concurrent Start) (G1 Evacuation Pause) 75M->40M(87M) 1.267ms
[549.602s][info][gc,cpu      ] GC(752) User=0.00s Sys=0.00s Real=0.00s
[549.602s][info][gc          ] GC(753) Concurrent Cycle
[549.602s][info][gc,marking  ] GC(753) Concurrent Clear Claimed Marks
[549.602s][info][gc,marking  ] GC(753) Concurrent Clear Claimed Marks 0.042ms
[549.602s][info][gc,marking  ] GC(753) Concurrent Scan Root Regions
[549.603s][info][gc,marking  ] GC(753) Concurrent Scan Root Regions 1.411ms
[549.603s][info][gc,marking  ] GC(753) Concurrent Mark (549.603s)
[549.603s][info][gc,marking  ] GC(753) Concurrent Mark From Roots
[549.603s][info][gc,task     ] GC(753) Using 2 workers of 2 for marking
[549.639s][info][gc,marking  ] GC(753) Concurrent Mark From Roots 35.547ms
[549.639s][info][gc,marking  ] GC(753) Concurrent Preclean
[549.639s][info][gc,marking  ] GC(753) Concurrent Preclean 0.112ms
[549.639s][info][gc,marking  ] GC(753) Concurrent Mark (549.603s, 549.639s) 35.733ms
[549.639s][info][gc,start    ] GC(753) Pause Remark
[549.641s][info][gc          ] GC(753) Pause Remark 45M->45M(87M) 1.292ms
[549.641s][info][gc,cpu      ] GC(753) User=0.01s Sys=0.00s Real=0.00s
[549.641s][info][gc,marking  ] GC(753) Concurrent Rebuild Remembered Sets
[549.673s][info][gc,marking  ] GC(753) Concurrent Rebuild Remembered Sets 32.521ms
[549.674s][info][gc,start    ] GC(753) Pause Cleanup
[549.674s][info][gc          ] GC(753) Pause Cleanup 49M->49M(87M) 0.078ms
[549.674s][info][gc,cpu      ] GC(753) User=0.00s Sys=0.00s Real=0.00s
[549.674s][info][gc,marking  ] GC(753) Concurrent Cleanup for Next Mark
[549.675s][info][gc,marking  ] GC(753) Concurrent Cleanup for Next Mark 0.170ms
[549.675s][info][gc          ] GC(753) Concurrent Cycle 72.700ms
[549.851s][info][gc,start    ] GC(754) Pause Young (Normal) (G1 Evacuation Pause)
[549.851s][info][gc,task     ] GC(754) Using 8 workers of 8 for evacuation
[549.852s][info][gc,phases   ] GC(754)   Pre Evacuate Collection Set: 0.0ms
[549.852s][info][gc,phases   ] GC(754)   Merge Heap Roots: 0.0ms
[549.852s][info][gc,phases   ] GC(754)   Evacuate Collection Set: 0.5ms
[549.852s][info][gc,phases   ] GC(754)   Post Evacuate Collection Set: 0.2ms
[549.852s][info][gc,phases   ] GC(754)   Other: 0.1ms
[549.852s][info][gc,heap     ] GC(754) Eden regions: 35->0(35)
[549.852s][info][gc,heap     ] GC(754) Survivor regions: 1->1(5)
[549.852s][info][gc,heap     ] GC(754) Old regions: 39->39
[549.852s][info][gc,heap     ] GC(754) Archive regions: 2->2
[549.852s][info][gc,heap     ] GC(754) Humongous regions: 0->0
[549.852s][info][gc,metaspace] GC(754) Metaspace: 48549K(49744K)->48549K(49744K) NonClass: 42694K(43600K)->42694K(43600K) Class: 5855K(6144K)->5855K(6144K)
[549.852s][info][gc          ] GC(754) Pause Young (Normal) (G1 Evacuation Pause) 75M->40M(87M) 0.995ms
[549.852s][info][gc,cpu      ] GC(754) User=0.00s Sys=0.00s Real=0.00s
[550.078s][info][gc,start    ] GC(755) Pause Young (Concurrent Start) (G1 Evacuation Pause)
[550.078s][info][gc,task     ] GC(755) Using 8 workers of 8 for evacuation
[550.079s][info][gc,phases   ] GC(755)   Pre Evacuate Collection Set: 0.1ms
[550.079s][info][gc,phases   ] GC(755)   Merge Heap Roots: 0.1ms
[550.079s][info][gc,phases   ] GC(755)   Evacuate Collection Set: 0.7ms
[550.079s][info][gc,phases   ] GC(755)   Post Evacuate Collection Set: 0.2ms
[550.079s][info][gc,phases   ] GC(755)   Other: 0.2ms
[550.079s][info][gc,heap     ] GC(755) Eden regions: 35->0(35)
[550.079s][info][gc,heap     ] GC(755) Survivor regions: 1->1(5)
[550.079s][info][gc,heap     ] GC(755) Old regions: 39->39
[550.079s][info][gc,heap     ] GC(755) Archive regions: 2->2
[550.079s][info][gc,heap     ] GC(755) Humongous regions: 0->0
[550.079s][info][gc,metaspace] GC(755) Metaspace: 48549K(49744K)->48549K(49744K) NonClass: 42694K(43600K)->42694K(43600K) Class: 5855K(6144K)->5855K(6144K)
[550.079s][info][gc          ] GC(755) Pause Young (Concurrent Start) (G1 Evacuation Pause) 75M->40M(87M) 1.452ms
[550.079s][info][gc,cpu      ] GC(755) User=0.00s Sys=0.00s Real=0.00s
[550.079s][info][gc          ] GC(756) Concurrent Cycle
[550.079s][info][gc,marking  ] GC(756) Concurrent Clear Claimed Marks
[550.079s][info][gc,marking  ] GC(756) Concurrent Clear Claimed Marks 0.064ms
[550.079s][info][gc,marking  ] GC(756) Concurrent Scan Root Regions
[550.081s][info][gc,marking  ] GC(756) Concurrent Scan Root Regions 1.189ms
[550.081s][info][gc,marking  ] GC(756) Concurrent Mark (550.081s)
[550.081s][info][gc,marking  ] GC(756) Concurrent Mark From Roots
[550.081s][info][gc,task     ] GC(756) Using 2 workers of 2 for marking
[550.118s][info][gc,marking  ] GC(756) Concurrent Mark From Roots 37.136ms
[550.118s][info][gc,marking  ] GC(756) Concurrent Preclean
[550.118s][info][gc,marking  ] GC(756) Concurrent Preclean 0.124ms
[550.118s][info][gc,marking  ] GC(756) Concurrent Mark (550.081s, 550.118s) 37.327ms
[550.118s][info][gc,start    ] GC(756) Pause Remark
[550.120s][info][gc          ] GC(756) Pause Remark 43M->43M(87M) 1.428ms
[550.120s][info][gc,cpu      ] GC(756) User=0.01s Sys=0.00s Real=0.00s
[550.120s][info][gc,marking  ] GC(756) Concurrent Rebuild Remembered Sets
[550.140s][info][gc,marking  ] GC(756) Concurrent Rebuild Remembered Sets 19.730ms
[550.141s][info][gc,start    ] GC(756) Pause Cleanup
[550.141s][info][gc          ] GC(756) Pause Cleanup 46M->46M(87M) 0.096ms
[550.141s][info][gc,cpu      ] GC(756) User=0.00s Sys=0.00s Real=0.00s
[550.141s][info][gc,marking  ] GC(756) Concurrent Cleanup for Next Mark
[550.141s][info][gc,marking  ] GC(756) Concurrent Cleanup for Next Mark 0.168ms
[550.141s][info][gc          ] GC(756) Concurrent Cycle 61.593ms
[550.331s][info][gc,start    ] GC(757) Pause Young (Normal) (G1 Evacuation Pause)
[550.331s][info][gc,task     ] GC(757) Using 8 workers of 8 for evacuation
[550.333s][info][gc,phases   ] GC(757)   Pre Evacuate Collection Set: 0.1ms
[550.333s][info][gc,phases   ] GC(757)   Merge Heap Roots: 0.1ms
[550.333s][info][gc,phases   ] GC(757)   Evacuate Collection Set: 1.5ms
[550.333s][info][gc,phases   ] GC(757)   Post Evacuate Collection Set: 0.4ms
[550.333s][info][gc,phases   ] GC(757)   Other: 0.3ms
[550.333s][info][gc,heap     ] GC(757) Eden regions: 35->0(35)
[550.333s][info][gc,heap     ] GC(757) Survivor regions: 1->1(5)
[550.333s][info][gc,heap     ] GC(757) Old regions: 39->39
[550.333s][info][gc,heap     ] GC(757) Archive regions: 2->2
[550.333s][info][gc,heap     ] GC(757) Humongous regions: 0->0
[550.333s][info][gc,metaspace] GC(757) Metaspace: 48549K(49744K)->48549K(49744K) NonClass: 42694K(43600K)->42694K(43600K) Class: 5855K(6144K)->5855K(6144K)
[550.333s][info][gc          ] GC(757) Pause Young (Normal) (G1 Evacuation Pause) 75M->40M(87M) 2.496ms
[550.334s][info][gc,cpu      ] GC(757) User=0.00s Sys=0.00s Real=0.01s
[550.538s][info][gc,start    ] GC(758) Pause Young (Concurrent Start) (G1 Evacuation Pause)
[550.538s][info][gc,task     ] GC(758) Using 8 workers of 8 for evacuation
[550.540s][info][gc,phases   ] GC(758)   Pre Evacuate Collection Set: 0.1ms
[550.540s][info][gc,phases   ] GC(758)   Merge Heap Roots: 0.1ms
[550.540s][info][gc,phases   ] GC(758)   Evacuate Collection Set: 0.7ms
[550.540s][info][gc,phases   ] GC(758)   Post Evacuate Collection Set: 0.2ms
[550.540s][info][gc,phases   ] GC(758)   Other: 0.2ms
[550.540s][info][gc,heap     ] GC(758) Eden regions: 35->0(35)
[550.540s][info][gc,heap     ] GC(758) Survivor regions: 1->1(5)
[550.540s][info][gc,heap     ] GC(758) Old regions: 39->39
[550.540s][info][gc,heap     ] GC(758) Archive regions: 2->2
[550.540s][info][gc,heap     ] GC(758) Humongous regions: 0->0
[550.540s][info][gc,metaspace] GC(758) Metaspace: 48549K(49744K)->48549K(49744K) NonClass: 42694K(43600K)->42694K(43600K) Class: 5855K(6144K)->5855K(6144K)
[550.540s][info][gc          ] GC(758) Pause Young (Concurrent Start) (G1 Evacuation Pause) 75M->40M(87M) 1.279ms
[550.540s][info][gc,cpu      ] GC(758) User=0.00s Sys=0.00s Real=0.00s
[550.540s][info][gc          ] GC(759) Concurrent Cycle
[550.540s][info][gc,marking  ] GC(759) Concurrent Clear Claimed Marks
[550.540s][info][gc,marking  ] GC(759) Concurrent Clear Claimed Marks 0.034ms
[550.540s][info][gc,marking  ] GC(759) Concurrent Scan Root Regions
[550.540s][info][gc,marking  ] GC(759) Concurrent Scan Root Regions 0.629ms
[550.540s][info][gc,marking  ] GC(759) Concurrent Mark (550.540s)
[550.540s][info][gc,marking  ] GC(759) Concurrent Mark From Roots
[550.540s][info][gc,task     ] GC(759) Using 2 workers of 2 for marking
[550.576s][info][gc,marking  ] GC(759) Concurrent Mark From Roots 35.407ms
[550.576s][info][gc,marking  ] GC(759) Concurrent Preclean
[550.576s][info][gc,marking  ] GC(759) Concurrent Preclean 0.095ms
[550.576s][info][gc,marking  ] GC(759) Concurrent Mark (550.540s, 550.576s) 35.565ms
[550.576s][info][gc,start    ] GC(759) Pause Remark
[550.577s][info][gc          ] GC(759) Pause Remark 44M->44M(87M) 1.284ms
[550.577s][info][gc,cpu      ] GC(759) User=0.01s Sys=0.00s Real=0.00s
[550.577s][info][gc,marking  ] GC(759) Concurrent Rebuild Remembered Sets
[550.598s][info][gc,marking  ] GC(759) Concurrent Rebuild Remembered Sets 20.708ms
[550.599s][info][gc,start    ] GC(759) Pause Cleanup
[550.599s][info][gc          ] GC(759) Pause Cleanup 47M->47M(87M) 0.114ms
[550.599s][info][gc,cpu      ] GC(759) User=0.00s Sys=0.00s Real=0.00s
[550.600s][info][gc,marking  ] GC(759) Concurrent Cleanup for Next Mark
[550.600s][info][gc,marking  ] GC(759) Concurrent Cleanup for Next Mark 0.165ms
[550.600s][info][gc          ] GC(759) Concurrent Cycle 60.049ms
[550.774s][info][gc,start    ] GC(760) Pause Young (Normal) (G1 Evacuation Pause)
[550.774s][info][gc,task     ] GC(760) Using 8 workers of 8 for evacuation
[550.775s][info][gc,phases   ] GC(760)   Pre Evacuate Collection Set: 0.1ms
[550.775s][info][gc,phases   ] GC(760)   Merge Heap Roots: 0.1ms
[550.775s][info][gc,phases   ] GC(760)   Evacuate Collection Set: 0.8ms
[550.775s][info][gc,phases   ] GC(760)   Post Evacuate Collection Set: 0.2ms
[550.775s][info][gc,phases   ] GC(760)   Other: 0.2ms
[550.775s][info][gc,heap     ] GC(760) Eden regions: 35->0(35)
[550.775s][info][gc,heap     ] GC(760) Survivor regions: 1->1(5)
[550.775s][info][gc,heap     ] GC(760) Old regions: 39->39
[550.775s][info][gc,heap     ] GC(760) Archive regions: 2->2
[550.775s][info][gc,heap     ] GC(760) Humongous regions: 0->0
[550.775s][info][gc,metaspace] GC(760) Metaspace: 48549K(49744K)->48549K(49744K) NonClass: 42694K(43600K)->42694K(43600K) Class: 5855K(6144K)->5855K(6144K)
[550.775s][info][gc          ] GC(760) Pause Young (Normal) (G1 Evacuation Pause) 75M->40M(87M) 1.423ms
[550.775s][info][gc,cpu      ] GC(760) User=0.00s Sys=0.00s Real=0.00s
[551.002s][info][gc,start    ] GC(761) Pause Young (Concurrent Start) (G1 Evacuation Pause)
[551.002s][info][gc,task     ] GC(761) Using 8 workers of 8 for evacuation
[551.003s][info][gc,phases   ] GC(761)   Pre Evacuate Collection Set: 0.2ms
[551.003s][info][gc,phases   ] GC(761)   Merge Heap Roots: 0.1ms
[551.003s][info][gc,phases   ] GC(761)   Evacuate Collection Set: 0.9ms
[551.003s][info][gc,phases   ] GC(761)   Post Evacuate Collection Set: 0.3ms
[551.003s][info][gc,phases   ] GC(761)   Other: 0.3ms
[551.003s][info][gc,heap     ] GC(761) Eden regions: 35->0(34)
[551.003s][info][gc,heap     ] GC(761) Survivor regions: 1->1(5)
[551.003s][info][gc,heap     ] GC(761) Old regions: 39->40
[551.003s][info][gc,heap     ] GC(761) Archive regions: 2->2
[551.003s][info][gc,heap     ] GC(761) Humongous regions: 0->0
[551.003s][info][gc,metaspace] GC(761) Metaspace: 48549K(49744K)->48549K(49744K) NonClass: 42694K(43600K)->42694K(43600K) Class: 5855K(6144K)->5855K(6144K)
[551.003s][info][gc          ] GC(761) Pause Young (Concurrent Start) (G1 Evacuation Pause) 75M->40M(87M) 1.802ms
[551.004s][info][gc,cpu      ] GC(761) User=0.00s Sys=0.00s Real=0.01s
[551.004s][info][gc          ] GC(762) Concurrent Cycle
[551.004s][info][gc,marking  ] GC(762) Concurrent Clear Claimed Marks
[551.004s][info][gc,marking  ] GC(762) Concurrent Clear Claimed Marks 0.047ms
[551.004s][info][gc,marking  ] GC(762) Concurrent Scan Root Regions
[551.005s][info][gc,marking  ] GC(762) Concurrent Scan Root Regions 1.287ms
[551.005s][info][gc,marking  ] GC(762) Concurrent Mark (551.005s)
[551.005s][info][gc,marking  ] GC(762) Concurrent Mark From Roots
[551.005s][info][gc,task     ] GC(762) Using 2 workers of 2 for marking
[551.048s][info][gc,marking  ] GC(762) Concurrent Mark From Roots 43.502ms
[551.049s][info][gc,marking  ] GC(762) Concurrent Preclean
[551.049s][info][gc,marking  ] GC(762) Concurrent Preclean 0.104ms
[551.049s][info][gc,marking  ] GC(762) Concurrent Mark (551.005s, 551.049s) 43.677ms
[551.049s][info][gc,start    ] GC(762) Pause Remark
[551.050s][info][gc          ] GC(762) Pause Remark 42M->42M(87M) 1.569ms
[551.050s][info][gc,cpu      ] GC(762) User=0.01s Sys=0.00s Real=0.00s
[551.051s][info][gc,marking  ] GC(762) Concurrent Rebuild Remembered Sets
[551.073s][info][gc,marking  ] GC(762) Concurrent Rebuild Remembered Sets 22.186ms
[551.074s][info][gc,start    ] GC(762) Pause Cleanup
[551.074s][info][gc          ] GC(762) Pause Cleanup 44M->44M(87M) 0.124ms
[551.074s][info][gc,cpu      ] GC(762) User=0.00s Sys=0.00s Real=0.00s
[551.075s][info][gc,marking  ] GC(762) Concurrent Cleanup for Next Mark
[551.075s][info][gc,marking  ] GC(762) Concurrent Cleanup for Next Mark 0.173ms
[551.075s][info][gc          ] GC(762) Concurrent Cycle 71.209ms
[551.270s][info][gc,start    ] GC(763) Pause Young (Normal) (G1 Evacuation Pause)
[551.270s][info][gc,task     ] GC(763) Using 8 workers of 8 for evacuation
[551.271s][info][gc,phases   ] GC(763)   Pre Evacuate Collection Set: 0.0ms
[551.271s][info][gc,phases   ] GC(763)   Merge Heap Roots: 0.0ms
[551.271s][info][gc,phases   ] GC(763)   Evacuate Collection Set: 0.5ms
[551.271s][info][gc,phases   ] GC(763)   Post Evacuate Collection Set: 0.2ms
[551.271s][info][gc,phases   ] GC(763)   Other: 0.1ms
[551.271s][info][gc,heap     ] GC(763) Eden regions: 34->0(34)
[551.271s][info][gc,heap     ] GC(763) Survivor regions: 1->1(5)
[551.271s][info][gc,heap     ] GC(763) Old regions: 40->40
[551.271s][info][gc,heap     ] GC(763) Archive regions: 2->2
[551.271s][info][gc,heap     ] GC(763) Humongous regions: 0->0
[551.271s][info][gc,metaspace] GC(763) Metaspace: 48549K(49744K)->48549K(49744K) NonClass: 42694K(43600K)->42694K(43600K) Class: 5855K(6144K)->5855K(6144K)
[551.271s][info][gc          ] GC(763) Pause Young (Normal) (G1 Evacuation Pause) 74M->40M(87M) 1.038ms
[551.271s][info][gc,cpu      ] GC(763) User=0.01s Sys=0.00s Real=0.00s
[551.507s][info][gc,start    ] GC(764) Pause Young (Concurrent Start) (G1 Evacuation Pause)
[551.507s][info][gc,task     ] GC(764) Using 8 workers of 8 for evacuation
[551.509s][info][gc,phases   ] GC(764)   Pre Evacuate Collection Set: 0.1ms
[551.509s][info][gc,phases   ] GC(764)   Merge Heap Roots: 0.0ms
[551.509s][info][gc,phases   ] GC(764)   Evacuate Collection Set: 0.6ms
[551.509s][info][gc,phases   ] GC(764)   Post Evacuate Collection Set: 0.3ms
[551.509s][info][gc,phases   ] GC(764)   Other: 0.2ms
[551.509s][info][gc,heap     ] GC(764) Eden regions: 34->0(34)
[551.509s][info][gc,heap     ] GC(764) Survivor regions: 1->1(5)
[551.509s][info][gc,heap     ] GC(764) Old regions: 40->40
[551.509s][info][gc,heap     ] GC(764) Archive regions: 2->2
[551.509s][info][gc,heap     ] GC(764) Humongous regions: 0->0
[551.509s][info][gc,metaspace] GC(764) Metaspace: 48549K(49744K)->48549K(49744K) NonClass: 42694K(43600K)->42694K(43600K) Class: 5855K(6144K)->5855K(6144K)
[551.509s][info][gc          ] GC(764) Pause Young (Concurrent Start) (G1 Evacuation Pause) 74M->40M(87M) 1.309ms
[551.509s][info][gc,cpu      ] GC(764) User=0.00s Sys=0.00s Real=0.00s
[551.509s][info][gc          ] GC(765) Concurrent Cycle
[551.509s][info][gc,marking  ] GC(765) Concurrent Clear Claimed Marks
[551.509s][info][gc,marking  ] GC(765) Concurrent Clear Claimed Marks 0.030ms
[551.509s][info][gc,marking  ] GC(765) Concurrent Scan Root Regions
[551.510s][info][gc,marking  ] GC(765) Concurrent Scan Root Regions 0.998ms
[551.510s][info][gc,marking  ] GC(765) Concurrent Mark (551.510s)
[551.510s][info][gc,marking  ] GC(765) Concurrent Mark From Roots
[551.510s][info][gc,task     ] GC(765) Using 2 workers of 2 for marking
[551.552s][info][gc,marking  ] GC(765) Concurrent Mark From Roots 41.731ms
[551.552s][info][gc,marking  ] GC(765) Concurrent Preclean
[551.552s][info][gc,marking  ] GC(765) Concurrent Preclean 0.093ms
[551.552s][info][gc,marking  ] GC(765) Concurrent Mark (551.510s, 551.552s) 41.889ms
[551.552s][info][gc,start    ] GC(765) Pause Remark
[551.554s][info][gc          ] GC(765) Pause Remark 47M->47M(87M) 1.804ms
[551.554s][info][gc,cpu      ] GC(765) User=0.01s Sys=0.00s Real=0.01s
[551.554s][info][gc,marking  ] GC(765) Concurrent Rebuild Remembered Sets
[551.594s][info][gc,marking  ] GC(765) Concurrent Rebuild Remembered Sets 40.101ms
[551.595s][info][gc,start    ] GC(765) Pause Cleanup
[551.595s][info][gc          ] GC(765) Pause Cleanup 55M->55M(87M) 0.124ms
[551.595s][info][gc,cpu      ] GC(765) User=0.00s Sys=0.00s Real=0.00s
[551.603s][info][gc,marking  ] GC(765) Concurrent Cleanup for Next Mark
[551.603s][info][gc,marking  ] GC(765) Concurrent Cleanup for Next Mark 0.198ms
[551.603s][info][gc          ] GC(765) Concurrent Cycle 94.573ms
[551.718s][info][gc,start    ] GC(766) Pause Young (Normal) (G1 Evacuation Pause)
[551.718s][info][gc,task     ] GC(766) Using 8 workers of 8 for evacuation
[551.719s][info][gc,phases   ] GC(766)   Pre Evacuate Collection Set: 0.1ms
[551.719s][info][gc,phases   ] GC(766)   Merge Heap Roots: 0.0ms
[551.719s][info][gc,phases   ] GC(766)   Evacuate Collection Set: 0.5ms
[551.719s][info][gc,phases   ] GC(766)   Post Evacuate Collection Set: 0.2ms
[551.719s][info][gc,phases   ] GC(766)   Other: 0.2ms
[551.719s][info][gc,heap     ] GC(766) Eden regions: 34->0(34)
[551.719s][info][gc,heap     ] GC(766) Survivor regions: 1->1(5)
[551.719s][info][gc,heap     ] GC(766) Old regions: 40->40
[551.719s][info][gc,heap     ] GC(766) Archive regions: 2->2
[551.719s][info][gc,heap     ] GC(766) Humongous regions: 0->0
[551.719s][info][gc,metaspace] GC(766) Metaspace: 48549K(49744K)->48549K(49744K) NonClass: 42694K(43600K)->42694K(43600K) Class: 5855K(6144K)->5855K(6144K)
[551.719s][info][gc          ] GC(766) Pause Young (Normal) (G1 Evacuation Pause) 74M->40M(87M) 1.005ms
[551.719s][info][gc,cpu      ] GC(766) User=0.00s Sys=0.00s Real=0.00s
[551.967s][info][gc,start    ] GC(767) Pause Young (Concurrent Start) (G1 Evacuation Pause)
[551.967s][info][gc,task     ] GC(767) Using 8 workers of 8 for evacuation
[551.968s][info][gc,phases   ] GC(767)   Pre Evacuate Collection Set: 0.1ms
[551.968s][info][gc,phases   ] GC(767)   Merge Heap Roots: 0.1ms
[551.968s][info][gc,phases   ] GC(767)   Evacuate Collection Set: 0.7ms
[551.968s][info][gc,phases   ] GC(767)   Post Evacuate Collection Set: 0.2ms
[551.968s][info][gc,phases   ] GC(767)   Other: 0.3ms
[551.968s][info][gc,heap     ] GC(767) Eden regions: 34->0(34)
[551.968s][info][gc,heap     ] GC(767) Survivor regions: 1->1(5)
[551.968s][info][gc,heap     ] GC(767) Old regions: 40->40
[551.968s][info][gc,heap     ] GC(767) Archive regions: 2->2
[551.968s][info][gc,heap     ] GC(767) Humongous regions: 0->0
[551.968s][info][gc,metaspace] GC(767) Metaspace: 48549K(49744K)->48549K(49744K) NonClass: 42694K(43600K)->42694K(43600K) Class: 5855K(6144K)->5855K(6144K)
[551.969s][info][gc          ] GC(767) Pause Young (Concurrent Start) (G1 Evacuation Pause) 74M->40M(87M) 1.505ms
[551.969s][info][gc,cpu      ] GC(767) User=0.00s Sys=0.00s Real=0.00s
[551.969s][info][gc          ] GC(768) Concurrent Cycle
[551.969s][info][gc,marking  ] GC(768) Concurrent Clear Claimed Marks
[551.969s][info][gc,marking  ] GC(768) Concurrent Clear Claimed Marks 0.038ms
[551.969s][info][gc,marking  ] GC(768) Concurrent Scan Root Regions
[551.970s][info][gc,marking  ] GC(768) Concurrent Scan Root Regions 1.176ms
[551.970s][info][gc,marking  ] GC(768) Concurrent Mark (551.970s)
[551.970s][info][gc,marking  ] GC(768) Concurrent Mark From Roots
[551.970s][info][gc,task     ] GC(768) Using 2 workers of 2 for marking
[552.005s][info][gc,marking  ] GC(768) Concurrent Mark From Roots 34.783ms
[552.005s][info][gc,marking  ] GC(768) Concurrent Preclean
[552.005s][info][gc,marking  ] GC(768) Concurrent Preclean 0.151ms
[552.005s][info][gc,marking  ] GC(768) Concurrent Mark (551.970s, 552.005s) 35.068ms
[552.005s][info][gc,start    ] GC(768) Pause Remark
[552.007s][info][gc          ] GC(768) Pause Remark 43M->43M(87M) 1.534ms
[552.007s][info][gc,cpu      ] GC(768) User=0.01s Sys=0.00s Real=0.00s
[552.007s][info][gc,marking  ] GC(768) Concurrent Rebuild Remembered Sets
[552.030s][info][gc,marking  ] GC(768) Concurrent Rebuild Remembered Sets 22.917ms
[552.032s][info][gc,start    ] GC(768) Pause Cleanup
[552.032s][info][gc          ] GC(768) Pause Cleanup 45M->45M(87M) 0.120ms
[552.032s][info][gc,cpu      ] GC(768) User=0.00s Sys=0.00s Real=0.00s
[552.032s][info][gc,marking  ] GC(768) Concurrent Cleanup for Next Mark
[552.033s][info][gc,marking  ] GC(768) Concurrent Cleanup for Next Mark 0.187ms
[552.033s][info][gc          ] GC(768) Concurrent Cycle 64.118ms
[552.268s][info][gc,start    ] GC(769) Pause Young (Normal) (G1 Evacuation Pause)
[552.268s][info][gc,task     ] GC(769) Using 8 workers of 8 for evacuation
[552.269s][info][gc,phases   ] GC(769)   Pre Evacuate Collection Set: 0.1ms
[552.269s][info][gc,phases   ] GC(769)   Merge Heap Roots: 0.0ms
[552.269s][info][gc,phases   ] GC(769)   Evacuate Collection Set: 0.6ms
[552.269s][info][gc,phases   ] GC(769)   Post Evacuate Collection Set: 0.3ms
[552.269s][info][gc,phases   ] GC(769)   Other: 0.1ms
[552.269s][info][gc,heap     ] GC(769) Eden regions: 34->0(34)
[552.269s][info][gc,heap     ] GC(769) Survivor regions: 1->1(5)
[552.269s][info][gc,heap     ] GC(769) Old regions: 40->40
[552.269s][info][gc,heap     ] GC(769) Archive regions: 2->2
[552.269s][info][gc,heap     ] GC(769) Humongous regions: 0->0
[552.269s][info][gc,metaspace] GC(769) Metaspace: 48549K(49744K)->48549K(49744K) NonClass: 42694K(43600K)->42694K(43600K) Class: 5855K(6144K)->5855K(6144K)
[552.270s][info][gc          ] GC(769) Pause Young (Normal) (G1 Evacuation Pause) 74M->40M(87M) 1.117ms
[552.270s][info][gc,cpu      ] GC(769) User=0.01s Sys=0.00s Real=0.00s
[552.479s][info][gc,start    ] GC(770) Pause Young (Concurrent Start) (G1 Evacuation Pause)
[552.479s][info][gc,task     ] GC(770) Using 8 workers of 8 for evacuation
[552.482s][info][gc,phases   ] GC(770)   Pre Evacuate Collection Set: 0.3ms
[552.482s][info][gc,phases   ] GC(770)   Merge Heap Roots: 0.1ms
[552.482s][info][gc,phases   ] GC(770)   Evacuate Collection Set: 1.2ms
[552.482s][info][gc,phases   ] GC(770)   Post Evacuate Collection Set: 0.5ms
[552.482s][info][gc,phases   ] GC(770)   Other: 0.3ms
[552.482s][info][gc,heap     ] GC(770) Eden regions: 34->0(34)
[552.482s][info][gc,heap     ] GC(770) Survivor regions: 1->1(5)
[552.482s][info][gc,heap     ] GC(770) Old regions: 40->40
[552.482s][info][gc,heap     ] GC(770) Archive regions: 2->2
[552.482s][info][gc,heap     ] GC(770) Humongous regions: 0->0
[552.482s][info][gc,metaspace] GC(770) Metaspace: 48549K(49744K)->48549K(49744K) NonClass: 42694K(43600K)->42694K(43600K) Class: 5855K(6144K)->5855K(6144K)
[552.482s][info][gc          ] GC(770) Pause Young (Concurrent Start) (G1 Evacuation Pause) 74M->40M(87M) 2.499ms
[552.482s][info][gc,cpu      ] GC(770) User=0.01s Sys=0.00s Real=0.00s
[552.482s][info][gc          ] GC(771) Concurrent Cycle
[552.482s][info][gc,marking  ] GC(771) Concurrent Clear Claimed Marks
[552.482s][info][gc,marking  ] GC(771) Concurrent Clear Claimed Marks 0.093ms
[552.482s][info][gc,marking  ] GC(771) Concurrent Scan Root Regions
[552.484s][info][gc,marking  ] GC(771) Concurrent Scan Root Regions 1.965ms
[552.484s][info][gc,marking  ] GC(771) Concurrent Mark (552.484s)
[552.484s][info][gc,marking  ] GC(771) Concurrent Mark From Roots
[552.484s][info][gc,task     ] GC(771) Using 2 workers of 2 for marking
[552.571s][info][gc,marking  ] GC(771) Concurrent Mark From Roots 86.573ms
[552.571s][info][gc,marking  ] GC(771) Concurrent Preclean
[552.571s][info][gc,marking  ] GC(771) Concurrent Preclean 0.202ms
[552.571s][info][gc,marking  ] GC(771) Concurrent Mark (552.484s, 552.571s) 86.863ms
[552.571s][info][gc,start    ] GC(771) Pause Remark
[552.573s][info][gc          ] GC(771) Pause Remark 52M->52M(92M) 1.839ms
[552.573s][info][gc,cpu      ] GC(771) User=0.01s Sys=0.00s Real=0.01s
[552.573s][info][gc,marking  ] GC(771) Concurrent Rebuild Remembered Sets
[552.605s][info][gc,marking  ] GC(771) Concurrent Rebuild Remembered Sets 31.679ms
[552.606s][info][gc,start    ] GC(771) Pause Cleanup
[552.606s][info][gc          ] GC(771) Pause Cleanup 55M->55M(92M) 0.101ms
[552.606s][info][gc,cpu      ] GC(771) User=0.00s Sys=0.00s Real=0.00s
[552.606s][info][gc,marking  ] GC(771) Concurrent Cleanup for Next Mark
[552.607s][info][gc,marking  ] GC(771) Concurrent Cleanup for Next Mark 0.189ms
[552.607s][info][gc          ] GC(771) Concurrent Cycle 124.655ms
[592.002s][info][gc,start    ] GC(772) Pause Young (Normal) (G1 Evacuation Pause)
[592.002s][info][gc,task     ] GC(772) Using 8 workers of 8 for evacuation
[592.003s][info][gc,phases   ] GC(772)   Pre Evacuate Collection Set: 0.1ms
[592.003s][info][gc,phases   ] GC(772)   Merge Heap Roots: 0.0ms
[592.003s][info][gc,phases   ] GC(772)   Evacuate Collection Set: 0.5ms
[592.003s][info][gc,phases   ] GC(772)   Post Evacuate Collection Set: 0.3ms
[592.003s][info][gc,phases   ] GC(772)   Other: 0.2ms
[592.003s][info][gc,heap     ] GC(772) Eden regions: 33->0(38)
[592.003s][info][gc,heap     ] GC(772) Survivor regions: 1->1(5)
[592.003s][info][gc,heap     ] GC(772) Old regions: 40->40
[592.004s][info][gc,heap     ] GC(772) Archive regions: 2->2
[592.004s][info][gc,heap     ] GC(772) Humongous regions: 0->0
[592.004s][info][gc,metaspace] GC(772) Metaspace: 48611K(49744K)->48611K(49744K) NonClass: 42753K(43600K)->42753K(43600K) Class: 5858K(6144K)->5858K(6144K)
[592.004s][info][gc          ] GC(772) Pause Young (Normal) (G1 Evacuation Pause) 73M->40M(92M) 1.140ms
[592.004s][info][gc,cpu      ] GC(772) User=0.01s Sys=0.00s Real=0.01s
[839.004s][info][gc,start    ] GC(773) Pause Young (Concurrent Start) (G1 Evacuation Pause)
[839.004s][info][gc,task     ] GC(773) Using 8 workers of 8 for evacuation
[839.005s][info][gc,phases   ] GC(773)   Pre Evacuate Collection Set: 0.1ms
[839.005s][info][gc,phases   ] GC(773)   Merge Heap Roots: 0.0ms
[839.005s][info][gc,phases   ] GC(773)   Evacuate Collection Set: 0.5ms
[839.005s][info][gc,phases   ] GC(773)   Post Evacuate Collection Set: 0.2ms
[839.005s][info][gc,phases   ] GC(773)   Other: 0.1ms
[839.005s][info][gc,heap     ] GC(773) Eden regions: 38->0(38)
[839.005s][info][gc,heap     ] GC(773) Survivor regions: 1->1(5)
[839.005s][info][gc,heap     ] GC(773) Old regions: 40->40
[839.005s][info][gc,heap     ] GC(773) Archive regions: 2->2
[839.005s][info][gc,heap     ] GC(773) Humongous regions: 0->0
[839.005s][info][gc,metaspace] GC(773) Metaspace: 48625K(49744K)->48625K(49744K) NonClass: 42766K(43600K)->42766K(43600K) Class: 5858K(6144K)->5858K(6144K)
[839.005s][info][gc          ] GC(773) Pause Young (Concurrent Start) (G1 Evacuation Pause) 78M->40M(92M) 1.068ms
[839.005s][info][gc,cpu      ] GC(773) User=0.00s Sys=0.00s Real=0.00s
[839.005s][info][gc          ] GC(774) Concurrent Cycle
[839.005s][info][gc,marking  ] GC(774) Concurrent Clear Claimed Marks
[839.005s][info][gc,marking  ] GC(774) Concurrent Clear Claimed Marks 0.031ms
[839.005s][info][gc,marking  ] GC(774) Concurrent Scan Root Regions
[839.006s][info][gc,marking  ] GC(774) Concurrent Scan Root Regions 0.711ms
[839.006s][info][gc,marking  ] GC(774) Concurrent Mark (839.006s)
[839.006s][info][gc,marking  ] GC(774) Concurrent Mark From Roots
[839.006s][info][gc,task     ] GC(774) Using 2 workers of 2 for marking
[839.029s][info][gc,marking  ] GC(774) Concurrent Mark From Roots 22.955ms
[839.029s][info][gc,marking  ] GC(774) Concurrent Preclean
[839.029s][info][gc,marking  ] GC(774) Concurrent Preclean 0.083ms
[839.029s][info][gc,marking  ] GC(774) Concurrent Mark (839.006s, 839.029s) 23.093ms
[839.029s][info][gc,start    ] GC(774) Pause Remark
[839.034s][info][gc          ] GC(774) Pause Remark 40M->40M(92M) 4.749ms
[839.034s][info][gc,cpu      ] GC(774) User=0.02s Sys=0.00s Real=0.01s
[839.034s][info][gc,marking  ] GC(774) Concurrent Rebuild Remembered Sets
[839.050s][info][gc,marking  ] GC(774) Concurrent Rebuild Remembered Sets 16.443ms
[839.053s][info][gc,start    ] GC(774) Pause Cleanup
[839.053s][info][gc          ] GC(774) Pause Cleanup 41M->41M(92M) 0.337ms
[839.053s][info][gc,cpu      ] GC(774) User=0.00s Sys=0.00s Real=0.01s
[839.053s][info][gc,marking  ] GC(774) Concurrent Cleanup for Next Mark
[839.054s][info][gc,marking  ] GC(774) Concurrent Cleanup for Next Mark 0.266ms
[839.054s][info][gc          ] GC(774) Concurrent Cycle 48.780ms
[1085.053s][info][gc,start    ] GC(775) Pause Young (Normal) (G1 Evacuation Pause)
[1085.053s][info][gc,task     ] GC(775) Using 8 workers of 8 for evacuation
[1085.053s][info][gc,phases   ] GC(775)   Pre Evacuate Collection Set: 0.1ms
[1085.054s][info][gc,phases   ] GC(775)   Merge Heap Roots: 0.0ms
[1085.054s][info][gc,phases   ] GC(775)   Evacuate Collection Set: 0.5ms
[1085.054s][info][gc,phases   ] GC(775)   Post Evacuate Collection Set: 0.2ms
[1085.054s][info][gc,phases   ] GC(775)   Other: 0.1ms
[1085.054s][info][gc,heap     ] GC(775) Eden regions: 38->0(38)
[1085.054s][info][gc,heap     ] GC(775) Survivor regions: 1->1(5)
[1085.054s][info][gc,heap     ] GC(775) Old regions: 40->40
[1085.054s][info][gc,heap     ] GC(775) Archive regions: 2->2
[1085.054s][info][gc,heap     ] GC(775) Humongous regions: 0->0
[1085.054s][info][gc,metaspace] GC(775) Metaspace: 48622K(49744K)->48622K(49744K) NonClass: 42764K(43600K)->42764K(43600K) Class: 5858K(6144K)->5858K(6144K)
[1085.054s][info][gc          ] GC(775) Pause Young (Normal) (G1 Evacuation Pause) 78M->40M(92M) 1.083ms
[1085.054s][info][gc,cpu      ] GC(775) User=0.01s Sys=0.00s Real=0.01s
[1114.441s][info][gc,heap,exit] Heap
[1114.441s][info][gc,heap,exit]  garbage-first heap   total 94208K, used 49439K [0x00000007e0000000, 0x0000000800000000)
[1114.441s][info][gc,heap,exit]   region size 1024K, 10 young (10240K), 1 survivors (1024K)
[1114.441s][info][gc,heap,exit]  Metaspace       used 48866K, capacity 49554K, committed 50128K, reserved 1093632K
[1114.441s][info][gc,heap,exit]   class space    used 5895K, capacity 6139K, committed 6272K, reserved 1048576K
